[2023-10-07T09:53:23.793+0000][0.036s][info][gc,heap] Heap region size: 1M
[2023-10-07T09:53:23.798+0000][0.041s][info][gc     ] Using G1
[2023-10-07T09:53:23.799+0000][0.042s][info][gc,heap,coops] Heap address: 0x0000000085a00000, size: 1958 MB, Compressed Oops mode: 32-bit
[2023-10-07T09:53:23.801+0000][0.044s][info][gc,cds       ] Mark closed archive regions in map: [0x00000000ffc00000, 0x00000000ffc6aff8]
[2023-10-07T09:53:23.801+0000][0.044s][info][gc,cds       ] Mark open archive regions in map: [0x00000000ff800000, 0x00000000ff847ff8]
[2023-10-07T09:53:23.915+0000][0.158s][debug][safepoint    ] Safepoint synchronization initiated. (9 threads)
[2023-10-07T09:53:23.916+0000][0.159s][info ][safepoint    ] Application time: 0.0497814 seconds
[2023-10-07T09:53:23.916+0000][0.160s][info ][safepoint    ] Entering safepoint region: Deoptimize
[2023-10-07T09:53:23.917+0000][0.160s][info ][safepoint    ] Leaving safepoint region
[2023-10-07T09:53:23.918+0000][0.161s][info ][safepoint    ] Total time for which application threads were stopped: 0.0011770 seconds, Stopping threads took: 0.0005659 seconds
[2023-10-07T09:53:24.568+0000][0.812s][debug][safepoint    ] Safepoint synchronization initiated. (11 threads)
[2023-10-07T09:53:24.569+0000][0.812s][info ][safepoint    ] Application time: 0.6510482 seconds
[2023-10-07T09:53:24.570+0000][0.813s][info ][safepoint    ] Entering safepoint region: G1CollectForAllocation
[2023-10-07T09:53:24.571+0000][0.814s][info ][gc,start     ] GC(0) Pause Young (Normal) (G1 Evacuation Pause)
[2023-10-07T09:53:24.571+0000][0.815s][info ][gc,task      ] GC(0) Using 3 workers of 8 for evacuation
[2023-10-07T09:53:24.585+0000][0.828s][info ][gc,phases    ] GC(0)   Pre Evacuate Collection Set: 0.0ms
[2023-10-07T09:53:24.585+0000][0.828s][info ][gc,phases    ] GC(0)   Evacuate Collection Set: 11.3ms
[2023-10-07T09:53:24.586+0000][0.829s][info ][gc,phases    ] GC(0)   Post Evacuate Collection Set: 1.1ms
[2023-10-07T09:53:24.586+0000][0.829s][info ][gc,phases    ] GC(0)   Other: 1.8ms
[2023-10-07T09:53:24.587+0000][0.830s][info ][gc,heap      ] GC(0) Eden regions: 59->0(66)
[2023-10-07T09:53:24.587+0000][0.830s][info ][gc,heap      ] GC(0) Survivor regions: 0->8(8)
[2023-10-07T09:53:24.588+0000][0.831s][info ][gc,heap      ] GC(0) Old regions: 2->2
[2023-10-07T09:53:24.588+0000][0.831s][info ][gc,heap      ] GC(0) Humongous regions: 2->0
[2023-10-07T09:53:24.589+0000][0.832s][info ][gc,metaspace ] GC(0) Metaspace: 2424K(5760K)->2424K(5760K) NonClass: 2219K(5120K)->2219K(5120K) Class: 204K(640K)->204K(640K)
[2023-10-07T09:53:24.589+0000][0.832s][info ][gc           ] GC(0) Pause Young (Normal) (G1 Evacuation Pause) 61M->8M(126M) 18.534ms
[2023-10-07T09:53:24.589+0000][0.833s][info ][gc,cpu       ] GC(0) User=0.07s Sys=0.00s Real=0.02s
[2023-10-07T09:53:24.590+0000][0.833s][info ][safepoint    ] Leaving safepoint region
[2023-10-07T09:53:24.590+0000][0.833s][info ][safepoint    ] Total time for which application threads were stopped: 0.0206479 seconds, Stopping threads took: 0.0005037 seconds
[2023-10-07T09:53:24.695+0000][0.938s][debug][safepoint    ] Safepoint synchronization initiated. (11 threads)
[2023-10-07T09:53:24.695+0000][0.938s][info ][safepoint    ] Application time: 0.1044258 seconds
[2023-10-07T09:53:24.696+0000][0.939s][info ][safepoint    ] Entering safepoint region: Deoptimize
[2023-10-07T09:53:24.696+0000][0.940s][info ][safepoint    ] Leaving safepoint region
[2023-10-07T09:53:24.697+0000][0.940s][info ][safepoint    ] Total time for which application threads were stopped: 0.0012077 seconds, Stopping threads took: 0.0004714 seconds
[2023-10-07T09:53:24.704+0000][0.947s][debug][safepoint    ] Safepoint synchronization initiated. (11 threads)
[2023-10-07T09:53:24.705+0000][0.948s][info ][safepoint    ] Application time: 0.0071429 seconds
[2023-10-07T09:53:24.705+0000][0.948s][info ][safepoint    ] Entering safepoint region: Deoptimize
[2023-10-07T09:53:24.706+0000][0.949s][info ][safepoint    ] Leaving safepoint region
[2023-10-07T09:53:24.706+0000][0.949s][info ][safepoint    ] Total time for which application threads were stopped: 0.0009621 seconds, Stopping threads took: 0.0003879 seconds
[2023-10-07T09:53:24.792+0000][1.035s][debug][safepoint    ] Safepoint synchronization initiated. (11 threads)
[2023-10-07T09:53:24.793+0000][1.036s][info ][safepoint    ] Application time: 0.0861167 seconds
[2023-10-07T09:53:24.793+0000][1.036s][info ][safepoint    ] Entering safepoint region: Deoptimize
[2023-10-07T09:53:24.794+0000][1.037s][info ][safepoint    ] Leaving safepoint region
[2023-10-07T09:53:24.795+0000][1.038s][info ][safepoint    ] Total time for which application threads were stopped: 0.0013310 seconds, Stopping threads took: 0.0004980 seconds
[2023-10-07T09:53:24.810+0000][1.053s][debug][safepoint    ] Safepoint synchronization initiated. (11 threads)
[2023-10-07T09:53:24.811+0000][1.054s][info ][safepoint    ] Application time: 0.0155610 seconds
[2023-10-07T09:53:24.811+0000][1.054s][info ][safepoint    ] Entering safepoint region: Deoptimize
[2023-10-07T09:53:24.812+0000][1.055s][info ][safepoint    ] Leaving safepoint region
[2023-10-07T09:53:24.812+0000][1.056s][info ][safepoint    ] Total time for which application threads were stopped: 0.0013347 seconds, Stopping threads took: 0.0005539 seconds
[2023-10-07T09:53:25.084+0000][1.327s][debug][safepoint    ] Safepoint synchronization initiated. (12 threads)
[2023-10-07T09:53:25.084+0000][1.327s][info ][safepoint    ] Application time: 0.2710470 seconds
[2023-10-07T09:53:25.085+0000][1.328s][info ][safepoint    ] Entering safepoint region: G1CollectForAllocation
[2023-10-07T09:53:25.085+0000][1.328s][info ][gc,start     ] GC(1) Pause Young (Normal) (G1 Evacuation Pause)
[2023-10-07T09:53:25.086+0000][1.329s][info ][gc,task      ] GC(1) Using 3 workers of 8 for evacuation
[2023-10-07T09:53:25.099+0000][1.342s][info ][gc,phases    ] GC(1)   Pre Evacuate Collection Set: 0.0ms
[2023-10-07T09:53:25.100+0000][1.343s][info ][gc,phases    ] GC(1)   Evacuate Collection Set: 12.0ms
[2023-10-07T09:53:25.100+0000][1.343s][info ][gc,phases    ] GC(1)   Post Evacuate Collection Set: 1.1ms
[2023-10-07T09:53:25.101+0000][1.344s][info ][gc,phases    ] GC(1)   Other: 0.9ms
[2023-10-07T09:53:25.101+0000][1.344s][info ][gc,heap      ] GC(1) Eden regions: 66->0(69)
[2023-10-07T09:53:25.102+0000][1.345s][info ][gc,heap      ] GC(1) Survivor regions: 8->2(10)
[2023-10-07T09:53:25.102+0000][1.345s][info ][gc,heap      ] GC(1) Old regions: 2->10
[2023-10-07T09:53:25.102+0000][1.346s][info ][gc,heap      ] GC(1) Humongous regions: 0->0
[2023-10-07T09:53:25.103+0000][1.346s][info ][gc,metaspace ] GC(1) Metaspace: 5251K(7552K)->5251K(7552K) NonClass: 4686K(6656K)->4686K(6656K) Class: 565K(896K)->565K(896K)
[2023-10-07T09:53:25.103+0000][1.347s][info ][gc           ] GC(1) Pause Young (Normal) (G1 Evacuation Pause) 74M->9M(126M) 18.282ms
[2023-10-07T09:53:25.104+0000][1.347s][info ][gc,cpu       ] GC(1) User=0.07s Sys=0.02s Real=0.02s
[2023-10-07T09:53:25.104+0000][1.347s][info ][safepoint    ] Leaving safepoint region
[2023-10-07T09:53:25.104+0000][1.348s][info ][safepoint    ] Total time for which application threads were stopped: 0.0199953 seconds, Stopping threads took: 0.0003923 seconds
[2023-10-07T09:53:25.105+0000][1.348s][info ][gc,stringdedup] Concurrent String Deduplication (1.348s)
[2023-10-07T09:53:25.121+0000][1.364s][info ][gc,stringdedup] Concurrent String Deduplication 2182.8K->2008.3K(174.5K) avg 7.1% (1.348s, 1.364s) 16.236ms
[2023-10-07T09:53:25.546+0000][1.789s][debug][safepoint     ] Safepoint synchronization initiated. (12 threads)
[2023-10-07T09:53:25.547+0000][1.790s][info ][safepoint     ] Application time: 0.4417147 seconds
[2023-10-07T09:53:25.547+0000][1.790s][info ][safepoint     ] Entering safepoint region: G1CollectForAllocation
[2023-10-07T09:53:25.548+0000][1.791s][info ][gc,start      ] GC(2) Pause Young (Normal) (G1 Evacuation Pause)
[2023-10-07T09:53:25.548+0000][1.791s][info ][gc,task       ] GC(2) Using 3 workers of 8 for evacuation
[2023-10-07T09:53:25.554+0000][1.797s][info ][gc,phases     ] GC(2)   Pre Evacuate Collection Set: 0.0ms
[2023-10-07T09:53:25.555+0000][1.798s][info ][gc,phases     ] GC(2)   Evacuate Collection Set: 4.1ms
[2023-10-07T09:53:25.555+0000][1.798s][info ][gc,phases     ] GC(2)   Post Evacuate Collection Set: 1.5ms
[2023-10-07T09:53:25.556+0000][1.799s][info ][gc,phases     ] GC(2)   Other: 1.0ms
[2023-10-07T09:53:25.556+0000][1.799s][info ][gc,heap       ] GC(2) Eden regions: 69->0(72)
[2023-10-07T09:53:25.557+0000][1.800s][info ][gc,heap       ] GC(2) Survivor regions: 2->2(9)
[2023-10-07T09:53:25.557+0000][1.800s][info ][gc,heap       ] GC(2) Old regions: 10->10
[2023-10-07T09:53:25.557+0000][1.801s][info ][gc,heap       ] GC(2) Humongous regions: 0->0
[2023-10-07T09:53:25.558+0000][1.801s][info ][gc,metaspace  ] GC(2) Metaspace: 7311K(9088K)->7311K(9088K) NonClass: 6475K(7936K)->6475K(7936K) Class: 836K(1152K)->836K(1152K)
[2023-10-07T09:53:25.558+0000][1.802s][info ][gc            ] GC(2) Pause Young (Normal) (G1 Evacuation Pause) 78M->10M(126M) 10.555ms
[2023-10-07T09:53:25.559+0000][1.802s][info ][gc,cpu        ] GC(2) User=0.03s Sys=0.01s Real=0.01s
[2023-10-07T09:53:25.559+0000][1.802s][info ][safepoint     ] Leaving safepoint region
[2023-10-07T09:53:25.560+0000][1.803s][info ][safepoint     ] Total time for which application threads were stopped: 0.0126401 seconds, Stopping threads took: 0.0004286 seconds
[2023-10-07T09:53:25.932+0000][2.175s][debug][safepoint     ] Safepoint synchronization initiated. (11 threads)
[2023-10-07T09:53:25.932+0000][2.175s][info ][safepoint     ] Application time: 0.3721865 seconds
[2023-10-07T09:53:25.933+0000][2.176s][info ][safepoint     ] Entering safepoint region: G1CollectForAllocation
[2023-10-07T09:53:25.934+0000][2.177s][info ][gc,start      ] GC(3) Pause Young (Normal) (G1 Evacuation Pause)
[2023-10-07T09:53:25.934+0000][2.178s][info ][gc,task       ] GC(3) Using 3 workers of 8 for evacuation
[2023-10-07T09:53:25.941+0000][2.184s][info ][gc,phases     ] GC(3)   Pre Evacuate Collection Set: 0.0ms
[2023-10-07T09:53:25.941+0000][2.184s][info ][gc,phases     ] GC(3)   Evacuate Collection Set: 4.0ms
[2023-10-07T09:53:25.942+0000][2.185s][info ][gc,phases     ] GC(3)   Post Evacuate Collection Set: 1.5ms
[2023-10-07T09:53:25.942+0000][2.185s][info ][gc,phases     ] GC(3)   Other: 1.3ms
[2023-10-07T09:53:25.943+0000][2.186s][info ][gc,heap       ] GC(3) Eden regions: 72->0(71)
[2023-10-07T09:53:25.943+0000][2.187s][info ][gc,heap       ] GC(3) Survivor regions: 2->3(10)
[2023-10-07T09:53:25.944+0000][2.187s][info ][gc,heap       ] GC(3) Old regions: 10->10
[2023-10-07T09:53:25.945+0000][2.188s][info ][gc,heap       ] GC(3) Humongous regions: 0->0
[2023-10-07T09:53:25.945+0000][2.189s][info ][gc,metaspace  ] GC(3) Metaspace: 10460K(11776K)->10460K(11776K) NonClass: 9175K(10240K)->9175K(10240K) Class: 1284K(1536K)->1284K(1536K)
[2023-10-07T09:53:25.946+0000][2.189s][info ][gc            ] GC(3) Pause Young (Normal) (G1 Evacuation Pause) 82M->11M(126M) 12.074ms
[2023-10-07T09:53:25.946+0000][2.189s][info ][gc,cpu        ] GC(3) User=0.02s Sys=0.00s Real=0.01s
[2023-10-07T09:53:25.947+0000][2.190s][info ][safepoint     ] Leaving safepoint region
[2023-10-07T09:53:25.947+0000][2.190s][info ][safepoint     ] Total time for which application threads were stopped: 0.0141361 seconds, Stopping threads took: 0.0005174 seconds
[2023-10-07T09:53:25.948+0000][2.191s][info ][gc,stringdedup] Concurrent String Deduplication (2.191s)
[2023-10-07T09:53:25.948+0000][2.192s][info ][gc,stringdedup] Concurrent String Deduplication 55872.0B->22008.0B(33864.0B) avg 8.3% (2.191s, 2.192s) 0.869ms
[2023-10-07T09:53:26.112+0000][2.356s][debug][safepoint     ] Safepoint synchronization initiated. (12 threads)
[2023-10-07T09:53:26.113+0000][2.356s][info ][safepoint     ] Application time: 0.1654736 seconds
[2023-10-07T09:53:26.114+0000][2.357s][info ][safepoint     ] Entering safepoint region: Deoptimize
[2023-10-07T09:53:26.114+0000][2.358s][info ][safepoint     ] Leaving safepoint region
[2023-10-07T09:53:26.115+0000][2.358s][info ][safepoint     ] Total time for which application threads were stopped: 0.0014425 seconds, Stopping threads took: 0.0004458 seconds
[2023-10-07T09:53:26.195+0000][2.438s][debug][safepoint     ] Safepoint synchronization initiated. (12 threads)
[2023-10-07T09:53:26.195+0000][2.438s][info ][safepoint     ] Application time: 0.0795253 seconds
[2023-10-07T09:53:26.196+0000][2.439s][info ][safepoint     ] Entering safepoint region: ICBufferFull
[2023-10-07T09:53:26.196+0000][2.439s][info ][safepoint     ] Leaving safepoint region
[2023-10-07T09:53:26.197+0000][2.440s][info ][safepoint     ] Total time for which application threads were stopped: 0.0009855 seconds, Stopping threads took: 0.0003902 seconds
[2023-10-07T09:53:26.299+0000][2.542s][debug][safepoint     ] Safepoint synchronization initiated. (13 threads)
[2023-10-07T09:53:26.299+0000][2.542s][info ][safepoint     ] Application time: 0.1022400 seconds
[2023-10-07T09:53:26.300+0000][2.543s][debug][safepoint     ] Waiting for 3 thread(s) to block
[2023-10-07T09:53:26.300+0000][2.544s][info ][safepoint     ] Entering safepoint region: G1CollectForAllocation
[2023-10-07T09:53:26.301+0000][2.544s][info ][gc,start      ] GC(4) Pause Young (Normal) (G1 Evacuation Pause)
[2023-10-07T09:53:26.302+0000][2.545s][info ][gc,task       ] GC(4) Using 4 workers of 8 for evacuation
[2023-10-07T09:53:26.309+0000][2.553s][info ][gc,phases     ] GC(4)   Pre Evacuate Collection Set: 0.0ms
[2023-10-07T09:53:26.310+0000][2.553s][info ][gc,phases     ] GC(4)   Evacuate Collection Set: 5.3ms
[2023-10-07T09:53:26.310+0000][2.554s][info ][gc,phases     ] GC(4)   Post Evacuate Collection Set: 1.7ms
[2023-10-07T09:53:26.311+0000][2.554s][info ][gc,phases     ] GC(4)   Other: 1.4ms
[2023-10-07T09:53:26.311+0000][2.554s][info ][gc,heap       ] GC(4) Eden regions: 71->0(82)
[2023-10-07T09:53:26.312+0000][2.555s][info ][gc,heap       ] GC(4) Survivor regions: 3->5(10)
[2023-10-07T09:53:26.312+0000][2.555s][info ][gc,heap       ] GC(4) Old regions: 10->10
[2023-10-07T09:53:26.312+0000][2.556s][info ][gc,heap       ] GC(4) Humongous regions: 0->0
[2023-10-07T09:53:26.313+0000][2.556s][info ][gc,metaspace  ] GC(4) Metaspace: 12254K(13056K)->12254K(13056K) NonClass: 10743K(11264K)->10743K(11264K) Class: 1511K(1792K)->1511K(1792K)
[2023-10-07T09:53:26.313+0000][2.556s][info ][gc            ] GC(4) Pause Young (Normal) (G1 Evacuation Pause) 82M->13M(152M) 12.187ms
[2023-10-07T09:53:26.314+0000][2.557s][info ][gc,cpu        ] GC(4) User=0.04s Sys=0.00s Real=0.02s
[2023-10-07T09:53:26.314+0000][2.557s][info ][safepoint     ] Leaving safepoint region
[2023-10-07T09:53:26.314+0000][2.558s][info ][safepoint     ] Total time for which application threads were stopped: 0.0147322 seconds, Stopping threads took: 0.0011624 seconds
[2023-10-07T09:53:26.315+0000][2.558s][info ][gc,stringdedup] Concurrent String Deduplication (2.558s)
[2023-10-07T09:53:26.317+0000][2.560s][info ][gc,stringdedup] Concurrent String Deduplication 114.4K->35848.0B(81280.0B) avg 10.9% (2.558s, 2.560s) 2.456ms
[2023-10-07T09:53:26.525+0000][2.768s][debug][safepoint     ] Safepoint synchronization initiated. (14 threads)
[2023-10-07T09:53:26.526+0000][2.769s][info ][safepoint     ] Application time: 0.2108950 seconds
[2023-10-07T09:53:26.526+0000][2.769s][info ][safepoint     ] Entering safepoint region: G1CollectForAllocation
[2023-10-07T09:53:26.527+0000][2.770s][info ][gc,start      ] GC(5) Pause Young (Normal) (G1 Evacuation Pause)
[2023-10-07T09:53:26.527+0000][2.770s][info ][gc,task       ] GC(5) Using 4 workers of 8 for evacuation
[2023-10-07T09:53:26.533+0000][2.776s][info ][gc,phases     ] GC(5)   Pre Evacuate Collection Set: 0.0ms
[2023-10-07T09:53:26.534+0000][2.777s][info ][gc,phases     ] GC(5)   Evacuate Collection Set: 4.4ms
[2023-10-07T09:53:26.534+0000][2.777s][info ][gc,phases     ] GC(5)   Post Evacuate Collection Set: 1.0ms
[2023-10-07T09:53:26.534+0000][2.778s][info ][gc,phases     ] GC(5)   Other: 0.9ms
[2023-10-07T09:53:26.535+0000][2.778s][info ][gc,heap       ] GC(5) Eden regions: 82->0(85)
[2023-10-07T09:53:26.535+0000][2.778s][info ][gc,heap       ] GC(5) Survivor regions: 5->6(11)
[2023-10-07T09:53:26.536+0000][2.779s][info ][gc,heap       ] GC(5) Old regions: 10->10
[2023-10-07T09:53:26.536+0000][2.779s][info ][gc,heap       ] GC(5) Humongous regions: 0->0
[2023-10-07T09:53:26.537+0000][2.780s][info ][gc,metaspace  ] GC(5) Metaspace: 15129K(16000K)->15129K(16000K) NonClass: 13251K(13824K)->13251K(13824K) Class: 1878K(2176K)->1878K(2176K)
[2023-10-07T09:53:26.537+0000][2.780s][info ][gc            ] GC(5) Pause Young (Normal) (G1 Evacuation Pause) 95M->14M(152M) 10.155ms
[2023-10-07T09:53:26.537+0000][2.781s][info ][gc,cpu        ] GC(5) User=0.02s Sys=0.00s Real=0.01s
[2023-10-07T09:53:26.538+0000][2.781s][info ][safepoint     ] Leaving safepoint region
[2023-10-07T09:53:26.538+0000][2.781s][info ][safepoint     ] Total time for which application threads were stopped: 0.0120735 seconds, Stopping threads took: 0.0004587 seconds
[2023-10-07T09:53:26.539+0000][2.782s][info ][gc,stringdedup] Concurrent String Deduplication (2.782s)
[2023-10-07T09:53:26.540+0000][2.784s][info ][gc,stringdedup] Concurrent String Deduplication 96440.0B->33112.0B(63328.0B) avg 12.8% (2.782s, 2.784s) 1.695ms
[2023-10-07T09:53:26.738+0000][2.981s][debug][safepoint     ] Safepoint synchronization initiated. (14 threads)
[2023-10-07T09:53:26.739+0000][2.982s][info ][safepoint     ] Application time: 0.1999608 seconds
[2023-10-07T09:53:26.739+0000][2.982s][debug][safepoint     ] ... found polling page return exception at pc = 0x00007f205030970d, stub =0x00007f2048840600
[2023-10-07T09:53:26.740+0000][2.983s][debug][safepoint     ] Waiting for 1 thread(s) to block
[2023-10-07T09:53:26.740+0000][2.983s][info ][safepoint     ] Entering safepoint region: G1CollectForAllocation
[2023-10-07T09:53:26.741+0000][2.984s][info ][gc,start      ] GC(6) Pause Young (Normal) (G1 Evacuation Pause)
[2023-10-07T09:53:26.741+0000][2.984s][info ][gc,task       ] GC(6) Using 4 workers of 8 for evacuation
[2023-10-07T09:53:26.748+0000][2.991s][info ][gc,phases     ] GC(6)   Pre Evacuate Collection Set: 0.0ms
[2023-10-07T09:53:26.748+0000][2.991s][info ][gc,phases     ] GC(6)   Evacuate Collection Set: 5.0ms
[2023-10-07T09:53:26.749+0000][2.992s][info ][gc,phases     ] GC(6)   Post Evacuate Collection Set: 1.1ms
[2023-10-07T09:53:26.749+0000][2.992s][info ][gc,phases     ] GC(6)   Other: 0.9ms
[2023-10-07T09:53:26.749+0000][2.993s][info ][gc,heap       ] GC(6) Eden regions: 85->0(85)
[2023-10-07T09:53:26.750+0000][2.993s][info ][gc,heap       ] GC(6) Survivor regions: 6->6(12)
[2023-10-07T09:53:26.750+0000][2.993s][info ][gc,heap       ] GC(6) Old regions: 10->10
[2023-10-07T09:53:26.751+0000][2.994s][info ][gc,heap       ] GC(6) Humongous regions: 0->0
[2023-10-07T09:53:26.751+0000][2.994s][info ][gc,metaspace  ] GC(6) Metaspace: 17070K(17920K)->17070K(17920K) NonClass: 14852K(15360K)->14852K(15360K) Class: 2217K(2560K)->2217K(2560K)
[2023-10-07T09:53:26.752+0000][2.995s][info ][gc            ] GC(6) Pause Young (Normal) (G1 Evacuation Pause) 99M->14M(152M) 10.921ms
[2023-10-07T09:53:26.752+0000][2.995s][info ][gc,cpu        ] GC(6) User=0.02s Sys=0.00s Real=0.01s
[2023-10-07T09:53:26.752+0000][2.996s][info ][safepoint     ] Leaving safepoint region
[2023-10-07T09:53:26.753+0000][2.996s][info ][safepoint     ] Total time for which application threads were stopped: 0.0136156 seconds, Stopping threads took: 0.0012657 seconds
[2023-10-07T09:53:26.753+0000][2.997s][info ][gc,stringdedup] Concurrent String Deduplication (2.997s)
[2023-10-07T09:53:26.756+0000][2.999s][info ][gc,stringdedup] Concurrent String Deduplication 126.9K->100320.0B(29600.0B) avg 13.3% (2.997s, 2.999s) 2.224ms
[2023-10-07T09:53:26.764+0000][3.007s][debug][safepoint     ] Safepoint synchronization initiated. (14 threads)
[2023-10-07T09:53:26.765+0000][3.008s][info ][safepoint     ] Application time: 0.0112110 seconds
[2023-10-07T09:53:26.765+0000][3.008s][info ][safepoint     ] Entering safepoint region: Deoptimize
[2023-10-07T09:53:26.766+0000][3.009s][info ][safepoint     ] Leaving safepoint region
[2023-10-07T09:53:26.766+0000][3.010s][info ][safepoint     ] Total time for which application threads were stopped: 0.0012035 seconds, Stopping threads took: 0.0004147 seconds
[2023-10-07T09:53:26.777+0000][3.020s][debug][safepoint     ] Safepoint synchronization initiated. (14 threads)
[2023-10-07T09:53:26.778+0000][3.021s][info ][safepoint     ] Application time: 0.0110381 seconds
[2023-10-07T09:53:26.778+0000][3.021s][info ][safepoint     ] Entering safepoint region: Deoptimize
[2023-10-07T09:53:26.779+0000][3.022s][info ][safepoint     ] Leaving safepoint region
[2023-10-07T09:53:26.780+0000][3.023s][info ][safepoint     ] Total time for which application threads were stopped: 0.0012772 seconds, Stopping threads took: 0.0004289 seconds
[2023-10-07T09:53:26.953+0000][3.196s][debug][safepoint     ] Safepoint synchronization initiated. (14 threads)
[2023-10-07T09:53:26.954+0000][3.197s][info ][safepoint     ] Application time: 0.1739905 seconds
[2023-10-07T09:53:26.955+0000][3.198s][info ][safepoint     ] Entering safepoint region: Deoptimize
[2023-10-07T09:53:26.956+0000][3.199s][info ][safepoint     ] Leaving safepoint region
[2023-10-07T09:53:26.956+0000][3.199s][info ][safepoint     ] Total time for which application threads were stopped: 0.0017756 seconds, Stopping threads took: 0.0005279 seconds
[2023-10-07T09:53:27.064+0000][3.308s][debug][safepoint     ] Safepoint synchronization initiated. (14 threads)
[2023-10-07T09:53:27.065+0000][3.308s][info ][safepoint     ] Application time: 0.1081585 seconds
[2023-10-07T09:53:27.066+0000][3.309s][info ][safepoint     ] Entering safepoint region: G1CollectForAllocation
[2023-10-07T09:53:27.066+0000][3.309s][info ][gc,start      ] GC(7) Pause Young (Normal) (G1 Evacuation Pause)
[2023-10-07T09:53:27.067+0000][3.310s][info ][gc,task       ] GC(7) Using 4 workers of 8 for evacuation
[2023-10-07T09:53:27.077+0000][3.320s][info ][gc,phases     ] GC(7)   Pre Evacuate Collection Set: 0.0ms
[2023-10-07T09:53:27.077+0000][3.320s][info ][gc,phases     ] GC(7)   Evacuate Collection Set: 8.2ms
[2023-10-07T09:53:27.078+0000][3.321s][info ][gc,phases     ] GC(7)   Post Evacuate Collection Set: 1.4ms
[2023-10-07T09:53:27.078+0000][3.321s][info ][gc,phases     ] GC(7)   Other: 1.0ms
[2023-10-07T09:53:27.078+0000][3.322s][info ][gc,heap       ] GC(7) Eden regions: 85->0(83)
[2023-10-07T09:53:27.079+0000][3.322s][info ][gc,heap       ] GC(7) Survivor regions: 6->8(12)
[2023-10-07T09:53:27.079+0000][3.322s][info ][gc,heap       ] GC(7) Old regions: 10->10
[2023-10-07T09:53:27.080+0000][3.323s][info ][gc,heap       ] GC(7) Humongous regions: 0->0
[2023-10-07T09:53:27.080+0000][3.323s][info ][gc,metaspace  ] GC(7) Metaspace: 19521K(20480K)->19521K(20480K) NonClass: 17028K(17664K)->17028K(17664K) Class: 2492K(2816K)->2492K(2816K)
[2023-10-07T09:53:27.081+0000][3.324s][info ][gc            ] GC(7) Pause Young (Normal) (G1 Evacuation Pause) 99M->15M(152M) 14.314ms
[2023-10-07T09:53:27.081+0000][3.324s][info ][gc,cpu        ] GC(7) User=0.05s Sys=0.00s Real=0.01s
[2023-10-07T09:53:27.081+0000][3.325s][info ][safepoint     ] Leaving safepoint region
[2023-10-07T09:53:27.082+0000][3.325s][info ][safepoint     ] Total time for which application threads were stopped: 0.0163487 seconds, Stopping threads took: 0.0004622 seconds
[2023-10-07T09:53:27.082+0000][3.326s][info ][gc,stringdedup] Concurrent String Deduplication (3.326s)
[2023-10-07T09:53:27.084+0000][3.327s][info ][gc,stringdedup] Concurrent String Deduplication 64256.0B->21608.0B(42648.0B) avg 14.4% (3.326s, 3.327s) 1.324ms
[2023-10-07T09:53:27.157+0000][3.400s][debug][safepoint     ] Safepoint synchronization initiated. (14 threads)
[2023-10-07T09:53:27.157+0000][3.400s][info ][safepoint     ] Application time: 0.0749660 seconds
[2023-10-07T09:53:27.158+0000][3.401s][info ][safepoint     ] Entering safepoint region: CollectForMetadataAllocation
[2023-10-07T09:53:27.159+0000][3.402s][info ][gc,start      ] GC(8) Pause Young (Concurrent Start) (Metadata GC Threshold)
[2023-10-07T09:53:27.159+0000][3.402s][info ][gc,task       ] GC(8) Using 4 workers of 8 for evacuation
[2023-10-07T09:53:27.172+0000][3.415s][info ][gc,phases     ] GC(8)   Pre Evacuate Collection Set: 0.1ms
[2023-10-07T09:53:27.173+0000][3.416s][info ][gc,phases     ] GC(8)   Evacuate Collection Set: 10.6ms
[2023-10-07T09:53:27.173+0000][3.416s][info ][gc,phases     ] GC(8)   Post Evacuate Collection Set: 1.6ms
[2023-10-07T09:53:27.173+0000][3.417s][info ][gc,phases     ] GC(8)   Other: 1.1ms
[2023-10-07T09:53:27.174+0000][3.417s][info ][gc,heap       ] GC(8) Eden regions: 18->0(96)
[2023-10-07T09:53:27.174+0000][3.417s][info ][gc,heap       ] GC(8) Survivor regions: 8->7(12)
[2023-10-07T09:53:27.175+0000][3.418s][info ][gc,heap       ] GC(8) Old regions: 10->12
[2023-10-07T09:53:27.175+0000][3.418s][info ][gc,heap       ] GC(8) Humongous regions: 0->0
[2023-10-07T09:53:27.175+0000][3.419s][info ][gc,metaspace  ] GC(8) Metaspace: 20563K(21248K)->20563K(21248K) NonClass: 17987K(18432K)->17987K(18432K) Class: 2576K(2816K)->2576K(2816K)
[2023-10-07T09:53:27.176+0000][3.419s][info ][gc            ] GC(8) Pause Young (Concurrent Start) (Metadata GC Threshold) 33M->16M(183M) 17.349ms
[2023-10-07T09:53:27.176+0000][3.419s][info ][gc,cpu        ] GC(8) User=0.09s Sys=0.00s Real=0.02s
[2023-10-07T09:53:27.177+0000][3.420s][info ][gc            ] GC(9) Concurrent Cycle
[2023-10-07T09:53:27.177+0000][3.420s][info ][gc,marking    ] GC(9) Concurrent Clear Claimed Marks
[2023-10-07T09:53:27.177+0000][3.420s][info ][safepoint     ] Leaving safepoint region
[2023-10-07T09:53:27.178+0000][3.421s][info ][safepoint     ] Total time for which application threads were stopped: 0.0202124 seconds, Stopping threads took: 0.0004761 seconds
[2023-10-07T09:53:27.178+0000][3.421s][info ][gc,marking    ] GC(9) Concurrent Clear Claimed Marks 0.549ms
[2023-10-07T09:53:27.179+0000][3.422s][info ][gc,marking    ] GC(9) Concurrent Scan Root Regions
[2023-10-07T09:53:27.179+0000][3.422s][info ][gc,stringdedup] Concurrent String Deduplication (3.422s)
[2023-10-07T09:53:27.180+0000][3.423s][debug][safepoint     ] Safepoint synchronization initiated. (14 threads)
[2023-10-07T09:53:27.181+0000][3.424s][info ][safepoint     ] Application time: 0.0020862 seconds
[2023-10-07T09:53:27.181+0000][3.424s][info ][safepoint     ] Entering safepoint region: CollectForMetadataAllocation
[2023-10-07T09:53:27.182+0000][3.425s][info ][safepoint     ] Leaving safepoint region
[2023-10-07T09:53:27.182+0000][3.425s][info ][safepoint     ] Total time for which application threads were stopped: 0.0011303 seconds, Stopping threads took: 0.0004861 seconds
[2023-10-07T09:53:27.183+0000][3.426s][info ][gc,marking    ] GC(9) Concurrent Scan Root Regions 4.089ms
[2023-10-07T09:53:27.184+0000][3.427s][info ][gc,marking    ] GC(9) Concurrent Mark (3.427s)
[2023-10-07T09:53:27.184+0000][3.427s][info ][gc,stringdedup] Concurrent String Deduplication 103.2K->13728.0B(92000.0B) avg 16.9% (3.422s, 3.427s) 2.555ms
[2023-10-07T09:53:27.184+0000][3.427s][info ][gc,marking    ] GC(9) Concurrent Mark From Roots
[2023-10-07T09:53:27.185+0000][3.428s][info ][gc,task       ] GC(9) Using 2 workers of 2 for marking
[2023-10-07T09:53:27.200+0000][3.443s][info ][gc,marking    ] GC(9) Concurrent Mark From Roots 15.745ms
[2023-10-07T09:53:27.201+0000][3.444s][info ][gc,marking    ] GC(9) Concurrent Preclean
[2023-10-07T09:53:27.201+0000][3.444s][info ][gc,marking    ] GC(9) Concurrent Preclean 0.580ms
[2023-10-07T09:53:27.202+0000][3.445s][info ][gc,marking    ] GC(9) Concurrent Mark (3.427s, 3.445s) 18.247ms
[2023-10-07T09:53:27.204+0000][3.447s][debug][safepoint     ] Safepoint synchronization initiated. (14 threads)
[2023-10-07T09:53:27.204+0000][3.448s][info ][safepoint     ] Application time: 0.0217451 seconds
[2023-10-07T09:53:27.205+0000][3.448s][debug][safepoint     ] ... found polling page return exception at pc = 0x00007f20504578db, stub =0x00007f2048840600
[2023-10-07T09:53:27.205+0000][3.449s][debug][safepoint     ] Waiting for 1 thread(s) to block
[2023-10-07T09:53:27.206+0000][3.449s][info ][safepoint     ] Entering safepoint region: CGC_Operation
[2023-10-07T09:53:27.207+0000][3.450s][info ][gc,start      ] GC(9) Pause Remark
[2023-10-07T09:53:27.211+0000][3.454s][info ][gc,stringtable] GC(9) Cleaned string and symbol table, strings: 8297 processed, 6 removed, symbols: 55247 processed, 115 removed
[2023-10-07T09:53:27.211+0000][3.455s][info ][gc            ] GC(9) Pause Remark 20M->20M(183M) 4.826ms
[2023-10-07T09:53:27.212+0000][3.455s][info ][gc,cpu        ] GC(9) User=0.02s Sys=0.00s Real=0.00s
[2023-10-07T09:53:27.212+0000][3.456s][info ][safepoint     ] Leaving safepoint region
[2023-10-07T09:53:27.213+0000][3.456s][info ][safepoint     ] Total time for which application threads were stopped: 0.0079141 seconds, Stopping threads took: 0.0015385 seconds
[2023-10-07T09:53:27.213+0000][3.457s][info ][gc,marking    ] GC(9) Concurrent Rebuild Remembered Sets
[2023-10-07T09:53:27.221+0000][3.464s][info ][gc,marking    ] GC(9) Concurrent Rebuild Remembered Sets 7.287ms
[2023-10-07T09:53:27.221+0000][3.465s][debug][safepoint     ] Safepoint synchronization initiated. (14 threads)
[2023-10-07T09:53:27.222+0000][3.465s][info ][safepoint     ] Application time: 0.0087047 seconds
[2023-10-07T09:53:27.223+0000][3.466s][debug][safepoint     ] ... found polling page return exception at pc = 0x00007f205046379b, stub =0x00007f2048840600
[2023-10-07T09:53:27.223+0000][3.466s][debug][safepoint     ] Waiting for 2 thread(s) to block
[2023-10-07T09:53:27.224+0000][3.467s][info ][safepoint     ] Entering safepoint region: CGC_Operation
[2023-10-07T09:53:27.224+0000][3.467s][info ][gc,start      ] GC(9) Pause Cleanup
[2023-10-07T09:53:27.225+0000][3.468s][info ][gc            ] GC(9) Pause Cleanup 23M->23M(183M) 0.519ms
[2023-10-07T09:53:27.225+0000][3.468s][info ][gc,cpu        ] GC(9) User=0.00s Sys=0.00s Real=0.00s
[2023-10-07T09:53:27.226+0000][3.469s][info ][safepoint     ] Leaving safepoint region
[2023-10-07T09:53:27.226+0000][3.469s][info ][safepoint     ] Total time for which application threads were stopped: 0.0035412 seconds, Stopping threads took: 0.0015743 seconds
[2023-10-07T09:53:27.227+0000][3.470s][info ][gc,marking    ] GC(9) Concurrent Cleanup for Next Mark
[2023-10-07T09:53:27.229+0000][3.472s][info ][gc,marking    ] GC(9) Concurrent Cleanup for Next Mark 2.692ms
[2023-10-07T09:53:27.230+0000][3.473s][info ][gc            ] GC(9) Concurrent Cycle 53.189ms
[2023-10-07T09:53:27.465+0000][3.708s][debug][safepoint     ] Safepoint synchronization initiated. (14 threads)
[2023-10-07T09:53:27.466+0000][3.709s][info ][safepoint     ] Application time: 0.2393648 seconds
[2023-10-07T09:53:27.466+0000][3.710s][debug][safepoint     ] Waiting for 1 thread(s) to block
[2023-10-07T09:53:27.467+0000][3.710s][info ][safepoint     ] Entering safepoint region: Deoptimize
[2023-10-07T09:53:27.468+0000][3.711s][info ][safepoint     ] Leaving safepoint region
[2023-10-07T09:53:27.469+0000][3.712s][info ][safepoint     ] Total time for which application threads were stopped: 0.0022440 seconds, Stopping threads took: 0.0010004 seconds
[2023-10-07T09:53:27.541+0000][3.784s][debug][safepoint     ] Safepoint synchronization initiated. (13 threads)
[2023-10-07T09:53:27.541+0000][3.784s][info ][safepoint     ] Application time: 0.0720415 seconds
[2023-10-07T09:53:27.542+0000][3.785s][info ][safepoint     ] Entering safepoint region: G1CollectForAllocation
[2023-10-07T09:53:27.542+0000][3.786s][info ][gc,start      ] GC(10) Pause Young (Normal) (G1 Evacuation Pause)
[2023-10-07T09:53:27.543+0000][3.786s][info ][gc,task       ] GC(10) Using 4 workers of 8 for evacuation
[2023-10-07T09:53:27.556+0000][3.799s][info ][gc,phases     ] GC(10)   Pre Evacuate Collection Set: 0.0ms
[2023-10-07T09:53:27.557+0000][3.800s][info ][gc,phases     ] GC(10)   Evacuate Collection Set: 11.3ms
[2023-10-07T09:53:27.557+0000][3.800s][info ][gc,phases     ] GC(10)   Post Evacuate Collection Set: 1.4ms
[2023-10-07T09:53:27.558+0000][3.801s][info ][gc,phases     ] GC(10)   Other: 1.1ms
[2023-10-07T09:53:27.558+0000][3.801s][info ][gc,heap       ] GC(10) Eden regions: 96->0(100)
[2023-10-07T09:53:27.559+0000][3.802s][info ][gc,heap       ] GC(10) Survivor regions: 7->9(13)
[2023-10-07T09:53:27.559+0000][3.802s][info ][gc,heap       ] GC(10) Old regions: 12->12
[2023-10-07T09:53:27.559+0000][3.802s][info ][gc,heap       ] GC(10) Humongous regions: 0->0
[2023-10-07T09:53:27.560+0000][3.803s][info ][gc,metaspace  ] GC(10) Metaspace: 24026K(25084K)->24026K(25084K) NonClass: 21013K(21760K)->21013K(21760K) Class: 3013K(3324K)->3013K(3324K)
[2023-10-07T09:53:27.560+0000][3.803s][info ][gc            ] GC(10) Pause Young (Normal) (G1 Evacuation Pause) 112M->18M(183M) 17.593ms
[2023-10-07T09:53:27.560+0000][3.804s][info ][gc,cpu        ] GC(10) User=0.12s Sys=0.00s Real=0.02s
[2023-10-07T09:53:27.561+0000][3.804s][info ][safepoint     ] Leaving safepoint region
[2023-10-07T09:53:27.561+0000][3.804s][info ][safepoint     ] Total time for which application threads were stopped: 0.0194598 seconds, Stopping threads took: 0.0004956 seconds
[2023-10-07T09:53:27.562+0000][3.805s][info ][gc,stringdedup] Concurrent String Deduplication (3.805s)
[2023-10-07T09:53:27.566+0000][3.809s][info ][gc,stringdedup] Concurrent String Deduplication 774.1K->739.3K(35720.0B) avg 14.4% (3.805s, 3.809s) 4.476ms
[2023-10-07T09:53:27.918+0000][4.161s][debug][safepoint     ] Safepoint synchronization initiated. (13 threads)
[2023-10-07T09:53:27.919+0000][4.162s][info ][safepoint     ] Application time: 0.3573630 seconds
[2023-10-07T09:53:27.920+0000][4.163s][info ][safepoint     ] Entering safepoint region: G1CollectForAllocation
[2023-10-07T09:53:27.920+0000][4.164s][info ][gc,start      ] GC(11) Pause Young (Normal) (G1 Evacuation Pause)
[2023-10-07T09:53:27.921+0000][4.164s][info ][gc,task       ] GC(11) Using 4 workers of 8 for evacuation
[2023-10-07T09:53:27.935+0000][4.178s][info ][gc,phases     ] GC(11)   Pre Evacuate Collection Set: 0.0ms
[2023-10-07T09:53:27.935+0000][4.179s][info ][gc,phases     ] GC(11)   Evacuate Collection Set: 11.7ms
[2023-10-07T09:53:27.936+0000][4.179s][info ][gc,phases     ] GC(11)   Post Evacuate Collection Set: 1.5ms
[2023-10-07T09:53:27.937+0000][4.180s][info ][gc,phases     ] GC(11)   Other: 1.2ms
[2023-10-07T09:53:27.937+0000][4.180s][info ][gc,heap       ] GC(11) Eden regions: 100->0(100)
[2023-10-07T09:53:27.938+0000][4.181s][info ][gc,heap       ] GC(11) Survivor regions: 9->9(14)
[2023-10-07T09:53:27.938+0000][4.181s][info ][gc,heap       ] GC(11) Old regions: 12->15
[2023-10-07T09:53:27.939+0000][4.182s][info ][gc,heap       ] GC(11) Humongous regions: 0->0
[2023-10-07T09:53:27.939+0000][4.182s][info ][gc,metaspace  ] GC(11) Metaspace: 24317K(25468K)->24317K(25468K) NonClass: 21255K(22016K)->21255K(22016K) Class: 3062K(3452K)->3062K(3452K)
[2023-10-07T09:53:27.940+0000][4.183s][info ][gc            ] GC(11) Pause Young (Normal) (G1 Evacuation Pause) 118M->21M(183M) 19.471ms
[2023-10-07T09:53:27.940+0000][4.184s][info ][gc,cpu        ] GC(11) User=0.10s Sys=0.01s Real=0.02s
[2023-10-07T09:53:27.941+0000][4.184s][info ][safepoint     ] Leaving safepoint region
[2023-10-07T09:53:27.941+0000][4.185s][info ][safepoint     ] Total time for which application threads were stopped: 0.0216461 seconds, Stopping threads took: 0.0005047 seconds
[2023-10-07T09:53:27.942+0000][4.185s][info ][gc,stringdedup] Concurrent String Deduplication (4.185s)
[2023-10-07T09:53:27.943+0000][4.186s][info ][gc,stringdedup] Concurrent String Deduplication 50464.0B->28896.0B(21568.0B) avg 14.7% (4.185s, 4.186s) 1.225ms
[2023-10-07T09:53:28.375+0000][4.618s][debug][safepoint     ] Safepoint synchronization initiated. (13 threads)
[2023-10-07T09:53:28.376+0000][4.619s][info ][safepoint     ] Application time: 0.4338876 seconds
[2023-10-07T09:53:28.376+0000][4.619s][info ][safepoint     ] Entering safepoint region: G1CollectForAllocation
[2023-10-07T09:53:28.377+0000][4.620s][info ][gc,start      ] GC(12) Pause Young (Normal) (G1 Evacuation Pause)
[2023-10-07T09:53:28.377+0000][4.620s][info ][gc,task       ] GC(12) Using 4 workers of 8 for evacuation
[2023-10-07T09:53:28.387+0000][4.630s][info ][gc,phases     ] GC(12)   Pre Evacuate Collection Set: 0.0ms
[2023-10-07T09:53:28.387+0000][4.630s][info ][gc,phases     ] GC(12)   Evacuate Collection Set: 7.7ms
[2023-10-07T09:53:28.388+0000][4.631s][info ][gc,phases     ] GC(12)   Post Evacuate Collection Set: 1.3ms
[2023-10-07T09:53:28.388+0000][4.631s][info ][gc,phases     ] GC(12)   Other: 0.9ms
[2023-10-07T09:53:28.389+0000][4.632s][info ][gc,heap       ] GC(12) Eden regions: 100->0(99)
[2023-10-07T09:53:28.389+0000][4.632s][info ][gc,heap       ] GC(12) Survivor regions: 9->10(14)
[2023-10-07T09:53:28.389+0000][4.633s][info ][gc,heap       ] GC(12) Old regions: 15->16
[2023-10-07T09:53:28.390+0000][4.633s][info ][gc,heap       ] GC(12) Humongous regions: 0->0
[2023-10-07T09:53:28.390+0000][4.633s][info ][gc,metaspace  ] GC(12) Metaspace: 24717K(25724K)->24717K(25724K) NonClass: 21631K(22272K)->21631K(22272K) Class: 3086K(3452K)->3086K(3452K)
[2023-10-07T09:53:28.391+0000][4.634s][info ][gc            ] GC(12) Pause Young (Normal) (G1 Evacuation Pause) 121M->23M(183M) 13.827ms
[2023-10-07T09:53:28.391+0000][4.634s][info ][gc,cpu        ] GC(12) User=0.05s Sys=0.00s Real=0.01s
[2023-10-07T09:53:28.391+0000][4.635s][info ][safepoint     ] Leaving safepoint region
[2023-10-07T09:53:28.392+0000][4.635s][info ][safepoint     ] Total time for which application threads were stopped: 0.0155449 seconds, Stopping threads took: 0.0003749 seconds
[2023-10-07T09:53:28.392+0000][4.635s][info ][gc,stringdedup] Concurrent String Deduplication (4.635s)
[2023-10-07T09:53:28.396+0000][4.639s][info ][gc,stringdedup] Concurrent String Deduplication 655.6K->427.4K(228.2K) avg 17.7% (4.635s, 4.639s) 3.385ms
[2023-10-07T09:53:28.774+0000][5.017s][debug][safepoint     ] Safepoint synchronization initiated. (13 threads)
[2023-10-07T09:53:28.775+0000][5.018s][info ][safepoint     ] Application time: 0.3825654 seconds
[2023-10-07T09:53:28.776+0000][5.019s][info ][safepoint     ] Entering safepoint region: G1CollectForAllocation
[2023-10-07T09:53:28.777+0000][5.019s][info ][gc,start      ] GC(13) Pause Young (Normal) (G1 Evacuation Pause)
[2023-10-07T09:53:28.777+0000][5.020s][info ][gc,task       ] GC(13) Using 4 workers of 8 for evacuation
[2023-10-07T09:53:28.793+0000][5.035s][info ][gc,phases     ] GC(13)   Pre Evacuate Collection Set: 0.0ms
[2023-10-07T09:53:28.793+0000][5.036s][info ][gc,phases     ] GC(13)   Evacuate Collection Set: 11.1ms
[2023-10-07T09:53:28.794+0000][5.037s][info ][gc,phases     ] GC(13)   Post Evacuate Collection Set: 3.7ms
[2023-10-07T09:53:28.795+0000][5.037s][info ][gc,phases     ] GC(13)   Other: 1.2ms
[2023-10-07T09:53:28.795+0000][5.038s][info ][gc,heap       ] GC(13) Eden regions: 99->0(124)
[2023-10-07T09:53:28.796+0000][5.038s][info ][gc,heap       ] GC(13) Survivor regions: 10->8(14)
[2023-10-07T09:53:28.796+0000][5.039s][info ][gc,heap       ] GC(13) Old regions: 16->20
[2023-10-07T09:53:28.797+0000][5.040s][info ][gc,heap       ] GC(13) Humongous regions: 0->0
[2023-10-07T09:53:28.798+0000][5.040s][info ][gc,metaspace  ] GC(13) Metaspace: 24852K(25980K)->24852K(25980K) NonClass: 21750K(22528K)->21750K(22528K) Class: 3102K(3452K)->3102K(3452K)
[2023-10-07T09:53:28.798+0000][5.041s][info ][gc            ] GC(13) Pause Young (Normal) (G1 Evacuation Pause) 122M->25M(231M) 21.536ms
[2023-10-07T09:53:28.799+0000][5.041s][info ][gc,cpu        ] GC(13) User=0.11s Sys=0.00s Real=0.02s
[2023-10-07T09:53:28.800+0000][5.042s][info ][safepoint     ] Leaving safepoint region
[2023-10-07T09:53:28.800+0000][5.043s][info ][safepoint     ] Total time for which application threads were stopped: 0.0242722 seconds, Stopping threads took: 0.0005259 seconds
[2023-10-07T09:53:28.801+0000][5.044s][info ][gc,stringdedup] Concurrent String Deduplication (5.044s)
[2023-10-07T09:53:28.810+0000][5.053s][info ][gc,stringdedup] Concurrent String Deduplication 868.2K->375.9K(492.2K) avg 24.0% (5.044s, 5.053s) 8.791ms
[2023-10-07T09:53:29.086+0000][5.329s][debug][safepoint     ] Safepoint synchronization initiated. (14 threads)
[2023-10-07T09:53:29.087+0000][5.329s][info ][safepoint     ] Application time: 0.2858300 seconds
[2023-10-07T09:53:29.087+0000][5.330s][info ][safepoint     ] Entering safepoint region: G1CollectForAllocation
[2023-10-07T09:53:29.088+0000][5.331s][info ][gc,start      ] GC(14) Pause Young (Normal) (G1 Evacuation Pause)
[2023-10-07T09:53:29.089+0000][5.332s][info ][gc,task       ] GC(14) Using 5 workers of 8 for evacuation
[2023-10-07T09:53:29.097+0000][5.339s][info ][gc,phases     ] GC(14)   Pre Evacuate Collection Set: 0.0ms
[2023-10-07T09:53:29.097+0000][5.340s][info ][gc,phases     ] GC(14)   Evacuate Collection Set: 5.6ms
[2023-10-07T09:53:29.098+0000][5.340s][info ][gc,phases     ] GC(14)   Post Evacuate Collection Set: 1.6ms
[2023-10-07T09:53:29.098+0000][5.341s][info ][gc,phases     ] GC(14)   Other: 1.4ms
[2023-10-07T09:53:29.099+0000][5.341s][info ][gc,heap       ] GC(14) Eden regions: 124->0(129)
[2023-10-07T09:53:29.099+0000][5.342s][info ][gc,heap       ] GC(14) Survivor regions: 8->9(17)
[2023-10-07T09:53:29.099+0000][5.342s][info ][gc,heap       ] GC(14) Old regions: 20->20
[2023-10-07T09:53:29.100+0000][5.343s][info ][gc,heap       ] GC(14) Humongous regions: 0->0
[2023-10-07T09:53:29.100+0000][5.343s][info ][gc,metaspace  ] GC(14) Metaspace: 25958K(27132K)->25958K(27132K) NonClass: 22774K(23552K)->22774K(23552K) Class: 3184K(3580K)->3184K(3580K)
[2023-10-07T09:53:29.101+0000][5.343s][info ][gc            ] GC(14) Pause Young (Normal) (G1 Evacuation Pause) 149M->26M(231M) 12.719ms
[2023-10-07T09:53:29.101+0000][5.344s][info ][gc,cpu        ] GC(14) User=0.06s Sys=0.00s Real=0.01s
[2023-10-07T09:53:29.102+0000][5.344s][info ][safepoint     ] Leaving safepoint region
[2023-10-07T09:53:29.102+0000][5.345s][info ][safepoint     ] Total time for which application threads were stopped: 0.0148445 seconds, Stopping threads took: 0.0004975 seconds
[2023-10-07T09:53:29.103+0000][5.345s][info ][gc,stringdedup] Concurrent String Deduplication (5.345s)
[2023-10-07T09:53:29.107+0000][5.350s][info ][gc,stringdedup] Concurrent String Deduplication 830.0K->207.6K(622.4K) avg 30.8% (5.345s, 5.350s) 4.509ms
[2023-10-07T09:53:29.282+0000][5.525s][debug][safepoint     ] Safepoint synchronization initiated. (14 threads)
[2023-10-07T09:53:29.283+0000][5.525s][info ][safepoint     ] Application time: 0.1800066 seconds
[2023-10-07T09:53:29.283+0000][5.526s][info ][safepoint     ] Entering safepoint region: G1CollectForAllocation
[2023-10-07T09:53:29.284+0000][5.527s][info ][gc,start      ] GC(15) Pause Young (Normal) (G1 Evacuation Pause)
[2023-10-07T09:53:29.285+0000][5.527s][info ][gc,task       ] GC(15) Using 5 workers of 8 for evacuation
[2023-10-07T09:53:29.290+0000][5.533s][info ][gc,phases     ] GC(15)   Pre Evacuate Collection Set: 0.0ms
[2023-10-07T09:53:29.291+0000][5.534s][info ][gc,phases     ] GC(15)   Evacuate Collection Set: 3.7ms
[2023-10-07T09:53:29.292+0000][5.534s][info ][gc,phases     ] GC(15)   Post Evacuate Collection Set: 1.4ms
[2023-10-07T09:53:29.292+0000][5.535s][info ][gc,phases     ] GC(15)   Other: 1.3ms
[2023-10-07T09:53:29.293+0000][5.536s][info ][gc,heap       ] GC(15) Eden regions: 129->0(130)
[2023-10-07T09:53:29.293+0000][5.536s][info ][gc,heap       ] GC(15) Survivor regions: 9->8(18)
[2023-10-07T09:53:29.294+0000][5.536s][info ][gc,heap       ] GC(15) Old regions: 20->20
[2023-10-07T09:53:29.294+0000][5.537s][info ][gc,heap       ] GC(15) Humongous regions: 0->0
[2023-10-07T09:53:29.295+0000][5.538s][info ][gc,metaspace  ] GC(15) Metaspace: 26372K(27388K)->26372K(27388K) NonClass: 23151K(23808K)->23151K(23808K) Class: 3220K(3580K)->3220K(3580K)
[2023-10-07T09:53:29.296+0000][5.538s][info ][gc            ] GC(15) Pause Young (Normal) (G1 Evacuation Pause) 155M->25M(231M) 11.547ms
[2023-10-07T09:53:29.296+0000][5.539s][info ][gc,cpu        ] GC(15) User=0.02s Sys=0.02s Real=0.01s
[2023-10-07T09:53:29.297+0000][5.539s][info ][safepoint     ] Leaving safepoint region
[2023-10-07T09:53:29.297+0000][5.540s][info ][safepoint     ] Total time for which application threads were stopped: 0.0138313 seconds, Stopping threads took: 0.0005308 seconds
[2023-10-07T09:53:29.298+0000][5.540s][info ][gc,stringdedup] Concurrent String Deduplication (5.540s)
[2023-10-07T09:53:29.300+0000][5.543s][info ][gc,stringdedup] Concurrent String Deduplication 1180.9K->242.5K(938.4K) avg 38.6% (5.540s, 5.543s) 2.823ms
[2023-10-07T09:53:29.496+0000][5.739s][debug][safepoint     ] Safepoint synchronization initiated. (13 threads)
[2023-10-07T09:53:29.497+0000][5.740s][info ][safepoint     ] Application time: 0.1994960 seconds
[2023-10-07T09:53:29.498+0000][5.740s][info ][safepoint     ] Entering safepoint region: G1CollectForAllocation
[2023-10-07T09:53:29.498+0000][5.741s][info ][gc,start      ] GC(16) Pause Young (Normal) (G1 Evacuation Pause)
[2023-10-07T09:53:29.499+0000][5.741s][info ][gc,task       ] GC(16) Using 5 workers of 8 for evacuation
[2023-10-07T09:53:29.505+0000][5.747s][info ][gc,phases     ] GC(16)   Pre Evacuate Collection Set: 0.0ms
[2023-10-07T09:53:29.505+0000][5.748s][info ][gc,phases     ] GC(16)   Evacuate Collection Set: 4.4ms
[2023-10-07T09:53:29.506+0000][5.748s][info ][gc,phases     ] GC(16)   Post Evacuate Collection Set: 1.3ms
[2023-10-07T09:53:29.506+0000][5.749s][info ][gc,phases     ] GC(16)   Other: 0.9ms
[2023-10-07T09:53:29.506+0000][5.749s][info ][gc,heap       ] GC(16) Eden regions: 130->0(131)
[2023-10-07T09:53:29.507+0000][5.749s][info ][gc,heap       ] GC(16) Survivor regions: 8->7(18)
[2023-10-07T09:53:29.507+0000][5.750s][info ][gc,heap       ] GC(16) Old regions: 20->20
[2023-10-07T09:53:29.507+0000][5.750s][info ][gc,heap       ] GC(16) Humongous regions: 0->0
[2023-10-07T09:53:29.508+0000][5.751s][info ][gc,metaspace  ] GC(16) Metaspace: 26542K(27644K)->26542K(27644K) NonClass: 23300K(24064K)->23300K(24064K) Class: 3241K(3580K)->3241K(3580K)
[2023-10-07T09:53:29.508+0000][5.751s][info ][gc            ] GC(16) Pause Young (Normal) (G1 Evacuation Pause) 155M->24M(231M) 10.092ms
[2023-10-07T09:53:29.509+0000][5.751s][info ][gc,cpu        ] GC(16) User=0.05s Sys=0.00s Real=0.01s
[2023-10-07T09:53:29.509+0000][5.752s][info ][safepoint     ] Leaving safepoint region
[2023-10-07T09:53:29.509+0000][5.752s][info ][safepoint     ] Total time for which application threads were stopped: 0.0119568 seconds, Stopping threads took: 0.0004316 seconds
[2023-10-07T09:53:29.510+0000][5.753s][info ][gc,stringdedup] Concurrent String Deduplication (5.753s)
[2023-10-07T09:53:29.511+0000][5.754s][info ][gc,stringdedup] Concurrent String Deduplication 142.0K->38432.0B(104.4K) avg 39.3% (5.753s, 5.754s) 1.363ms
[2023-10-07T09:53:29.985+0000][6.228s][debug][safepoint     ] Safepoint synchronization initiated. (13 threads)
[2023-10-07T09:53:29.986+0000][6.228s][info ][safepoint     ] Application time: 0.4757694 seconds
[2023-10-07T09:53:29.986+0000][6.229s][info ][safepoint     ] Entering safepoint region: G1CollectForAllocation
[2023-10-07T09:53:29.987+0000][6.230s][info ][gc,start      ] GC(17) Pause Young (Normal) (G1 Evacuation Pause)
[2023-10-07T09:53:29.988+0000][6.230s][info ][gc,task       ] GC(17) Using 5 workers of 8 for evacuation
[2023-10-07T09:53:29.994+0000][6.237s][info ][gc,phases     ] GC(17)   Pre Evacuate Collection Set: 0.0ms
[2023-10-07T09:53:29.995+0000][6.238s][info ][gc,phases     ] GC(17)   Evacuate Collection Set: 4.2ms
[2023-10-07T09:53:29.996+0000][6.239s][info ][gc,phases     ] GC(17)   Post Evacuate Collection Set: 1.5ms
[2023-10-07T09:53:29.997+0000][6.239s][info ][gc,phases     ] GC(17)   Other: 1.4ms
[2023-10-07T09:53:29.997+0000][6.240s][info ][gc,heap       ] GC(17) Eden regions: 131->0(130)
[2023-10-07T09:53:29.998+0000][6.241s][info ][gc,heap       ] GC(17) Survivor regions: 7->8(18)
[2023-10-07T09:53:29.998+0000][6.241s][info ][gc,heap       ] GC(17) Old regions: 20->20
[2023-10-07T09:53:29.999+0000][6.242s][info ][gc,heap       ] GC(17) Humongous regions: 0->0
[2023-10-07T09:53:29.999+0000][6.242s][info ][gc,metaspace  ] GC(17) Metaspace: 32073K(33404K)->32073K(33404K) NonClass: 28234K(29184K)->28234K(29184K) Class: 3838K(4220K)->3838K(4220K)
[2023-10-07T09:53:30.000+0000][6.243s][info ][gc            ] GC(17) Pause Young (Normal) (G1 Evacuation Pause) 155M->25M(231M) 12.979ms
[2023-10-07T09:53:30.000+0000][6.243s][info ][gc,cpu        ] GC(17) User=0.03s Sys=0.00s Real=0.01s
[2023-10-07T09:53:30.001+0000][6.244s][info ][safepoint     ] Leaving safepoint region
[2023-10-07T09:53:30.001+0000][6.244s][info ][safepoint     ] Total time for which application threads were stopped: 0.0148698 seconds, Stopping threads took: 0.0005745 seconds
[2023-10-07T09:53:30.001+0000][6.244s][info ][gc,stringdedup] Concurrent String Deduplication (6.244s)
[2023-10-07T09:53:30.002+0000][6.245s][info ][gc,stringdedup] Concurrent String Deduplication 37528.0B->6912.0B(30616.0B) avg 39.5% (6.244s, 6.245s) 0.586ms
[2023-10-07T09:53:30.267+0000][6.510s][debug][safepoint     ] Safepoint synchronization initiated. (13 threads)
[2023-10-07T09:53:30.268+0000][6.511s][info ][safepoint     ] Application time: 0.2663478 seconds
[2023-10-07T09:53:30.268+0000][6.511s][info ][safepoint     ] Entering safepoint region: Deoptimize
[2023-10-07T09:53:30.270+0000][6.512s][info ][safepoint     ] Leaving safepoint region
[2023-10-07T09:53:30.270+0000][6.513s][info ][safepoint     ] Total time for which application threads were stopped: 0.0016553 seconds, Stopping threads took: 0.0004662 seconds
[2023-10-07T09:53:30.406+0000][6.649s][debug][safepoint     ] Safepoint synchronization initiated. (13 threads)
[2023-10-07T09:53:30.407+0000][6.649s][info ][safepoint     ] Application time: 0.1360617 seconds
[2023-10-07T09:53:30.407+0000][6.650s][info ][safepoint     ] Entering safepoint region: G1CollectForAllocation
[2023-10-07T09:53:30.408+0000][6.651s][info ][gc,start      ] GC(18) Pause Young (Normal) (G1 Evacuation Pause)
[2023-10-07T09:53:30.408+0000][6.651s][info ][gc,task       ] GC(18) Using 5 workers of 8 for evacuation
[2023-10-07T09:53:30.419+0000][6.662s][info ][gc,phases     ] GC(18)   Pre Evacuate Collection Set: 0.0ms
[2023-10-07T09:53:30.420+0000][6.663s][info ][gc,phases     ] GC(18)   Evacuate Collection Set: 8.5ms
[2023-10-07T09:53:30.420+0000][6.663s][info ][gc,phases     ] GC(18)   Post Evacuate Collection Set: 1.9ms
[2023-10-07T09:53:30.421+0000][6.664s][info ][gc,phases     ] GC(18)   Other: 1.1ms
[2023-10-07T09:53:30.421+0000][6.664s][info ][gc,heap       ] GC(18) Eden regions: 130->0(128)
[2023-10-07T09:53:30.422+0000][6.665s][info ][gc,heap       ] GC(18) Survivor regions: 8->10(18)
[2023-10-07T09:53:30.422+0000][6.665s][info ][gc,heap       ] GC(18) Old regions: 20->20
[2023-10-07T09:53:30.423+0000][6.666s][info ][gc,heap       ] GC(18) Humongous regions: 0->0
[2023-10-07T09:53:30.424+0000][6.666s][info ][gc,metaspace  ] GC(18) Metaspace: 32862K(34044K)->32862K(34044K) NonClass: 28913K(29696K)->28913K(29696K) Class: 3949K(4348K)->3949K(4348K)
[2023-10-07T09:53:30.424+0000][6.667s][info ][gc            ] GC(18) Pause Young (Normal) (G1 Evacuation Pause) 155M->27M(231M) 16.211ms
[2023-10-07T09:53:30.425+0000][6.667s][info ][gc,cpu        ] GC(18) User=0.09s Sys=0.00s Real=0.02s
[2023-10-07T09:53:30.425+0000][6.668s][info ][safepoint     ] Leaving safepoint region
[2023-10-07T09:53:30.425+0000][6.668s][info ][safepoint     ] Total time for which application threads were stopped: 0.0183498 seconds, Stopping threads took: 0.0005023 seconds
[2023-10-07T09:53:30.426+0000][6.669s][info ][gc,stringdedup] Concurrent String Deduplication (6.669s)
[2023-10-07T09:53:30.427+0000][6.670s][info ][gc,stringdedup] Concurrent String Deduplication 288.5K->14104.0B(274.7K) avg 41.6% (6.669s, 6.670s) 1.440ms
[2023-10-07T09:53:30.691+0000][6.934s][debug][safepoint     ] Safepoint synchronization initiated. (13 threads)
[2023-10-07T09:53:30.691+0000][6.934s][info ][safepoint     ] Application time: 0.2655906 seconds
[2023-10-07T09:53:30.692+0000][6.935s][info ][safepoint     ] Entering safepoint region: Deoptimize
[2023-10-07T09:53:30.693+0000][6.936s][info ][safepoint     ] Leaving safepoint region
[2023-10-07T09:53:30.693+0000][6.936s][info ][safepoint     ] Total time for which application threads were stopped: 0.0014699 seconds, Stopping threads took: 0.0004526 seconds
[2023-10-07T09:53:30.746+0000][6.988s][debug][safepoint     ] Safepoint synchronization initiated. (13 threads)
[2023-10-07T09:53:30.746+0000][6.989s][info ][safepoint     ] Application time: 0.0522122 seconds
[2023-10-07T09:53:30.747+0000][6.989s][info ][safepoint     ] Entering safepoint region: G1CollectForAllocation
[2023-10-07T09:53:30.747+0000][6.990s][info ][gc,start      ] GC(19) Pause Young (Normal) (G1 Evacuation Pause)
[2023-10-07T09:53:30.748+0000][6.990s][info ][gc,task       ] GC(19) Using 5 workers of 8 for evacuation
[2023-10-07T09:53:30.757+0000][7.000s][info ][gc,phases     ] GC(19)   Pre Evacuate Collection Set: 0.0ms
[2023-10-07T09:53:30.758+0000][7.000s][info ][gc,phases     ] GC(19)   Evacuate Collection Set: 6.7ms
[2023-10-07T09:53:30.758+0000][7.001s][info ][gc,phases     ] GC(19)   Post Evacuate Collection Set: 2.2ms
[2023-10-07T09:53:30.759+0000][7.001s][info ][gc,phases     ] GC(19)   Other: 1.0ms
[2023-10-07T09:53:30.759+0000][7.002s][info ][gc,heap       ] GC(19) Eden regions: 128->0(156)
[2023-10-07T09:53:30.759+0000][7.002s][info ][gc,heap       ] GC(19) Survivor regions: 10->10(18)
[2023-10-07T09:53:30.760+0000][7.002s][info ][gc,heap       ] GC(19) Old regions: 20->20
[2023-10-07T09:53:30.760+0000][7.003s][info ][gc,heap       ] GC(19) Humongous regions: 0->0
[2023-10-07T09:53:30.760+0000][7.003s][info ][gc,metaspace  ] GC(19) Metaspace: 33286K(34684K)->33286K(34684K) NonClass: 29286K(30208K)->29286K(30208K) Class: 4000K(4476K)->4000K(4476K)
[2023-10-07T09:53:30.761+0000][7.004s][info ][gc            ] GC(19) Pause Young (Normal) (G1 Evacuation Pause) 155M->27M(278M) 13.706ms
[2023-10-07T09:53:30.761+0000][7.004s][info ][gc,cpu        ] GC(19) User=0.05s Sys=0.00s Real=0.01s
[2023-10-07T09:53:30.762+0000][7.005s][info ][safepoint     ] Leaving safepoint region
[2023-10-07T09:53:30.762+0000][7.005s][info ][safepoint     ] Total time for which application threads were stopped: 0.0158741 seconds, Stopping threads took: 0.0004872 seconds
[2023-10-07T09:53:30.763+0000][7.006s][info ][gc,stringdedup] Concurrent String Deduplication (7.006s)
[2023-10-07T09:53:30.765+0000][7.008s][info ][gc,stringdedup] Concurrent String Deduplication 158.9K->31992.0B(127.7K) avg 42.3% (7.006s, 7.008s) 1.797ms
[2023-10-07T09:53:31.018+0000][7.261s][debug][safepoint     ] Safepoint synchronization initiated. (13 threads)
[2023-10-07T09:53:31.018+0000][7.261s][info ][safepoint     ] Application time: 0.2554745 seconds
[2023-10-07T09:53:31.019+0000][7.262s][info ][safepoint     ] Entering safepoint region: Deoptimize
[2023-10-07T09:53:31.020+0000][7.263s][info ][safepoint     ] Leaving safepoint region
[2023-10-07T09:53:31.020+0000][7.263s][info ][safepoint     ] Total time for which application threads were stopped: 0.0014798 seconds, Stopping threads took: 0.0003743 seconds
[2023-10-07T09:53:31.027+0000][7.270s][debug][safepoint     ] Safepoint synchronization initiated. (13 threads)
[2023-10-07T09:53:31.028+0000][7.271s][info ][safepoint     ] Application time: 0.0071498 seconds
[2023-10-07T09:53:31.028+0000][7.271s][info ][safepoint     ] Entering safepoint region: Deoptimize
[2023-10-07T09:53:31.030+0000][7.272s][info ][safepoint     ] Leaving safepoint region
[2023-10-07T09:53:31.030+0000][7.273s][info ][safepoint     ] Total time for which application threads were stopped: 0.0016699 seconds, Stopping threads took: 0.0005517 seconds
[2023-10-07T09:53:31.052+0000][7.295s][debug][safepoint     ] Safepoint synchronization initiated. (13 threads)
[2023-10-07T09:53:31.053+0000][7.295s][info ][safepoint     ] Application time: 0.0222618 seconds
[2023-10-07T09:53:31.053+0000][7.296s][info ][safepoint     ] Entering safepoint region: Deoptimize
[2023-10-07T09:53:31.054+0000][7.297s][info ][safepoint     ] Leaving safepoint region
[2023-10-07T09:53:31.055+0000][7.297s][info ][safepoint     ] Total time for which application threads were stopped: 0.0014500 seconds, Stopping threads took: 0.0004185 seconds
[2023-10-07T09:53:31.092+0000][7.335s][debug][safepoint     ] Safepoint synchronization initiated. (13 threads)
[2023-10-07T09:53:31.093+0000][7.335s][info ][safepoint     ] Application time: 0.0377513 seconds
[2023-10-07T09:53:31.093+0000][7.336s][info ][safepoint     ] Entering safepoint region: Deoptimize
[2023-10-07T09:53:31.094+0000][7.337s][info ][safepoint     ] Leaving safepoint region
[2023-10-07T09:53:31.095+0000][7.337s][info ][safepoint     ] Total time for which application threads were stopped: 0.0015883 seconds, Stopping threads took: 0.0004535 seconds
[2023-10-07T09:53:31.110+0000][7.353s][debug][safepoint     ] Safepoint synchronization initiated. (13 threads)
[2023-10-07T09:53:31.110+0000][7.353s][info ][safepoint     ] Application time: 0.0150462 seconds
[2023-10-07T09:53:31.111+0000][7.353s][info ][safepoint     ] Entering safepoint region: CollectForMetadataAllocation
[2023-10-07T09:53:31.111+0000][7.354s][info ][gc,start      ] GC(20) Pause Young (Concurrent Start) (Metadata GC Threshold)
[2023-10-07T09:53:31.112+0000][7.355s][info ][gc,task       ] GC(20) Using 6 workers of 8 for evacuation
[2023-10-07T09:53:31.123+0000][7.366s][info ][gc,phases     ] GC(20)   Pre Evacuate Collection Set: 0.1ms
[2023-10-07T09:53:31.124+0000][7.366s][info ][gc,phases     ] GC(20)   Evacuate Collection Set: 8.7ms
[2023-10-07T09:53:31.124+0000][7.367s][info ][gc,phases     ] GC(20)   Post Evacuate Collection Set: 1.6ms
[2023-10-07T09:53:31.124+0000][7.367s][info ][gc,phases     ] GC(20)   Other: 1.4ms
[2023-10-07T09:53:31.125+0000][7.368s][info ][gc,heap       ] GC(20) Eden regions: 92->0(155)
[2023-10-07T09:53:31.125+0000][7.368s][info ][gc,heap       ] GC(20) Survivor regions: 10->11(21)
[2023-10-07T09:53:31.126+0000][7.368s][info ][gc,heap       ] GC(20) Old regions: 20->20
[2023-10-07T09:53:31.126+0000][7.369s][info ][gc,heap       ] GC(20) Humongous regions: 0->0
[2023-10-07T09:53:31.126+0000][7.369s][info ][gc,metaspace  ] GC(20) Metaspace: 34970K(36048K)->34970K(36048K) NonClass: 30760K(31444K)->30760K(31444K) Class: 4210K(4604K)->4210K(4604K)
[2023-10-07T09:53:31.127+0000][7.369s][info ][gc            ] GC(20) Pause Young (Concurrent Start) (Metadata GC Threshold) 119M->28M(278M) 15.308ms
[2023-10-07T09:53:31.127+0000][7.370s][info ][gc,cpu        ] GC(20) User=0.09s Sys=0.01s Real=0.02s
[2023-10-07T09:53:31.127+0000][7.370s][info ][gc            ] GC(21) Concurrent Cycle
[2023-10-07T09:53:31.127+0000][7.370s][info ][safepoint     ] Leaving safepoint region
[2023-10-07T09:53:31.128+0000][7.371s][info ][safepoint     ] Total time for which application threads were stopped: 0.0174602 seconds, Stopping threads took: 0.0004235 seconds
[2023-10-07T09:53:31.128+0000][7.371s][info ][gc,marking    ] GC(21) Concurrent Clear Claimed Marks
[2023-10-07T09:53:31.129+0000][7.372s][info ][gc,stringdedup] Concurrent String Deduplication (7.372s)
[2023-10-07T09:53:31.129+0000][7.372s][info ][gc,marking    ] GC(21) Concurrent Clear Claimed Marks 1.621ms
[2023-10-07T09:53:31.130+0000][7.373s][info ][gc,marking    ] GC(21) Concurrent Scan Root Regions
[2023-10-07T09:53:31.132+0000][7.375s][info ][gc,stringdedup] Concurrent String Deduplication 291.4K->131.1K(160.3K) avg 42.8% (7.372s, 7.375s) 2.931ms
[2023-10-07T09:53:31.135+0000][7.378s][info ][gc,marking    ] GC(21) Concurrent Scan Root Regions 4.573ms
[2023-10-07T09:53:31.136+0000][7.378s][info ][gc,marking    ] GC(21) Concurrent Mark (7.378s)
[2023-10-07T09:53:31.136+0000][7.379s][info ][gc,marking    ] GC(21) Concurrent Mark From Roots
[2023-10-07T09:53:31.137+0000][7.379s][info ][gc,task       ] GC(21) Using 2 workers of 2 for marking
[2023-10-07T09:53:31.153+0000][7.395s][info ][gc,marking    ] GC(21) Concurrent Mark From Roots 16.574ms
[2023-10-07T09:53:31.153+0000][7.396s][info ][gc,marking    ] GC(21) Concurrent Preclean
[2023-10-07T09:53:31.154+0000][7.396s][info ][gc,marking    ] GC(21) Concurrent Preclean 0.512ms
[2023-10-07T09:53:31.154+0000][7.397s][info ][gc,marking    ] GC(21) Concurrent Mark (7.378s, 7.397s) 18.481ms
[2023-10-07T09:53:31.155+0000][7.397s][debug][safepoint     ] Safepoint synchronization initiated. (13 threads)
[2023-10-07T09:53:31.155+0000][7.398s][info ][safepoint     ] Application time: 0.0261610 seconds
[2023-10-07T09:53:31.155+0000][7.398s][debug][safepoint     ] ... found polling page return exception at pc = 0x00007f205035c236, stub =0x00007f2048840600
[2023-10-07T09:53:31.156+0000][7.398s][debug][safepoint     ] Waiting for 1 thread(s) to block
[2023-10-07T09:53:31.156+0000][7.399s][info ][safepoint     ] Entering safepoint region: CGC_Operation
[2023-10-07T09:53:31.157+0000][7.399s][info ][gc,start      ] GC(21) Pause Remark
[2023-10-07T09:53:31.161+0000][7.404s][info ][gc,stringtable] GC(21) Cleaned string and symbol table, strings: 12663 processed, 29 removed, symbols: 122172 processed, 336 removed
[2023-10-07T09:53:31.162+0000][7.404s][info ][gc            ] GC(21) Pause Remark 34M->34M(278M) 4.954ms
[2023-10-07T09:53:31.162+0000][7.405s][info ][gc,cpu        ] GC(21) User=0.02s Sys=0.00s Real=0.00s
[2023-10-07T09:53:31.163+0000][7.405s][info ][safepoint     ] Leaving safepoint region
[2023-10-07T09:53:31.163+0000][7.406s][info ][safepoint     ] Total time for which application threads were stopped: 0.0076807 seconds, Stopping threads took: 0.0012668 seconds
[2023-10-07T09:53:31.163+0000][7.406s][info ][gc,marking    ] GC(21) Concurrent Rebuild Remembered Sets
[2023-10-07T09:53:31.173+0000][7.416s][info ][gc,marking    ] GC(21) Concurrent Rebuild Remembered Sets 9.577ms
[2023-10-07T09:53:31.174+0000][7.416s][debug][safepoint     ] Safepoint synchronization initiated. (13 threads)
[2023-10-07T09:53:31.174+0000][7.417s][info ][safepoint     ] Application time: 0.0105994 seconds
[2023-10-07T09:53:31.174+0000][7.417s][debug][safepoint     ] Waiting for 1 thread(s) to block
[2023-10-07T09:53:31.175+0000][7.418s][info ][safepoint     ] Entering safepoint region: CGC_Operation
[2023-10-07T09:53:31.175+0000][7.418s][info ][gc,start      ] GC(21) Pause Cleanup
[2023-10-07T09:53:31.176+0000][7.419s][info ][gc            ] GC(21) Pause Cleanup 40M->40M(278M) 0.515ms
[2023-10-07T09:53:31.176+0000][7.419s][info ][gc,cpu        ] GC(21) User=0.00s Sys=0.00s Real=0.00s
[2023-10-07T09:53:31.177+0000][7.419s][info ][safepoint     ] Leaving safepoint region
[2023-10-07T09:53:31.177+0000][7.420s][info ][safepoint     ] Total time for which application threads were stopped: 0.0026275 seconds, Stopping threads took: 0.0008508 seconds
[2023-10-07T09:53:31.177+0000][7.420s][info ][gc,marking    ] GC(21) Concurrent Cleanup for Next Mark
[2023-10-07T09:53:31.180+0000][7.423s][info ][gc,marking    ] GC(21) Concurrent Cleanup for Next Mark 2.940ms
[2023-10-07T09:53:31.181+0000][7.424s][info ][gc            ] GC(21) Concurrent Cycle 53.524ms
[2023-10-07T09:53:31.369+0000][7.611s][debug][safepoint     ] Safepoint synchronization initiated. (13 threads)
[2023-10-07T09:53:31.369+0000][7.612s][info ][safepoint     ] Application time: 0.1920299 seconds
[2023-10-07T09:53:31.370+0000][7.613s][info ][safepoint     ] Entering safepoint region: Deoptimize
[2023-10-07T09:53:31.371+0000][7.614s][info ][safepoint     ] Leaving safepoint region
[2023-10-07T09:53:31.372+0000][7.615s][info ][safepoint     ] Total time for which application threads were stopped: 0.0017971 seconds, Stopping threads took: 0.0006051 seconds
[2023-10-07T09:53:31.542+0000][7.785s][debug][safepoint     ] Safepoint synchronization initiated. (13 threads)
[2023-10-07T09:53:31.543+0000][7.785s][info ][safepoint     ] Application time: 0.1702878 seconds
[2023-10-07T09:53:31.543+0000][7.786s][info ][safepoint     ] Entering safepoint region: G1CollectForAllocation
[2023-10-07T09:53:31.544+0000][7.787s][info ][gc,start      ] GC(22) Pause Young (Normal) (G1 Evacuation Pause)
[2023-10-07T09:53:31.545+0000][7.787s][info ][gc,task       ] GC(22) Using 6 workers of 8 for evacuation
[2023-10-07T09:53:31.554+0000][7.797s][info ][gc,phases     ] GC(22)   Pre Evacuate Collection Set: 0.0ms
[2023-10-07T09:53:31.555+0000][7.797s][info ][gc,phases     ] GC(22)   Evacuate Collection Set: 6.9ms
[2023-10-07T09:53:31.555+0000][7.798s][info ][gc,phases     ] GC(22)   Post Evacuate Collection Set: 1.5ms
[2023-10-07T09:53:31.556+0000][7.799s][info ][gc,phases     ] GC(22)   Other: 1.4ms
[2023-10-07T09:53:31.556+0000][7.799s][info ][gc,heap       ] GC(22) Eden regions: 155->0(157)
[2023-10-07T09:53:31.557+0000][7.799s][info ][gc,heap       ] GC(22) Survivor regions: 11->9(21)
[2023-10-07T09:53:31.557+0000][7.800s][info ][gc,heap       ] GC(22) Old regions: 20->22
[2023-10-07T09:53:31.558+0000][7.800s][info ][gc,heap       ] GC(22) Humongous regions: 0->0
[2023-10-07T09:53:31.558+0000][7.801s][info ][gc,metaspace  ] GC(22) Metaspace: 37248K(38480K)->37248K(38480K) NonClass: 32680K(33492K)->32680K(33492K) Class: 4568K(4988K)->4568K(4988K)
[2023-10-07T09:53:31.559+0000][7.801s][info ][gc            ] GC(22) Pause Young (Normal) (G1 Evacuation Pause) 183M->28M(278M) 14.618ms
[2023-10-07T09:53:31.559+0000][7.802s][info ][gc,cpu        ] GC(22) User=0.05s Sys=0.00s Real=0.01s
[2023-10-07T09:53:31.560+0000][7.802s][info ][safepoint     ] Leaving safepoint region
[2023-10-07T09:53:31.560+0000][7.803s][info ][safepoint     ] Total time for which application threads were stopped: 0.0166427 seconds, Stopping threads took: 0.0005009 seconds
[2023-10-07T09:53:31.560+0000][7.803s][info ][gc,stringdedup] Concurrent String Deduplication (7.803s)
[2023-10-07T09:53:31.562+0000][7.805s][info ][gc,stringdedup] Concurrent String Deduplication 237.6K->116.6K(121.0K) avg 43.0% (7.803s, 7.805s) 1.365ms
[2023-10-07T09:53:31.673+0000][7.915s][debug][safepoint     ] Safepoint synchronization initiated. (13 threads)
[2023-10-07T09:53:31.673+0000][7.916s][info ][safepoint     ] Application time: 0.1129386 seconds
[2023-10-07T09:53:31.674+0000][7.916s][info ][safepoint     ] Entering safepoint region: Deoptimize
[2023-10-07T09:53:31.675+0000][7.918s][info ][safepoint     ] Leaving safepoint region
[2023-10-07T09:53:31.675+0000][7.918s][info ][safepoint     ] Total time for which application threads were stopped: 0.0016472 seconds, Stopping threads took: 0.0004620 seconds
[2023-10-07T09:53:32.194+0000][8.436s][debug][safepoint     ] Safepoint synchronization initiated. (13 threads)
[2023-10-07T09:53:32.194+0000][8.437s][info ][safepoint     ] Application time: 0.5182300 seconds
[2023-10-07T09:53:32.195+0000][8.437s][info ][safepoint     ] Entering safepoint region: G1CollectForAllocation
[2023-10-07T09:53:32.196+0000][8.438s][info ][gc,start      ] GC(23) Pause Young (Normal) (G1 Evacuation Pause)
[2023-10-07T09:53:32.196+0000][8.439s][info ][gc,task       ] GC(23) Using 6 workers of 8 for evacuation
[2023-10-07T09:53:32.206+0000][8.449s][info ][gc,phases     ] GC(23)   Pre Evacuate Collection Set: 0.0ms
[2023-10-07T09:53:32.207+0000][8.450s][info ][gc,phases     ] GC(23)   Evacuate Collection Set: 8.3ms
[2023-10-07T09:53:32.207+0000][8.450s][info ][gc,phases     ] GC(23)   Post Evacuate Collection Set: 1.5ms
[2023-10-07T09:53:32.208+0000][8.450s][info ][gc,phases     ] GC(23)   Other: 1.0ms
[2023-10-07T09:53:32.208+0000][8.451s][info ][gc,heap       ] GC(23) Eden regions: 157->0(157)
[2023-10-07T09:53:32.208+0000][8.451s][info ][gc,heap       ] GC(23) Survivor regions: 9->9(21)
[2023-10-07T09:53:32.209+0000][8.452s][info ][gc,heap       ] GC(23) Old regions: 22->24
[2023-10-07T09:53:32.209+0000][8.452s][info ][gc,heap       ] GC(23) Humongous regions: 0->0
[2023-10-07T09:53:32.210+0000][8.452s][info ][gc,metaspace  ] GC(23) Metaspace: 39495K(40784K)->39495K(40784K) NonClass: 34653K(35540K)->34653K(35540K) Class: 4841K(5244K)->4841K(5244K)
[2023-10-07T09:53:32.210+0000][8.453s][info ][gc            ] GC(23) Pause Young (Normal) (G1 Evacuation Pause) 185M->30M(278M) 14.628ms
[2023-10-07T09:53:32.211+0000][8.453s][info ][gc,cpu        ] GC(23) User=0.09s Sys=0.00s Real=0.01s
[2023-10-07T09:53:32.211+0000][8.454s][info ][safepoint     ] Leaving safepoint region
[2023-10-07T09:53:32.212+0000][8.454s][info ][safepoint     ] Total time for which application threads were stopped: 0.0169591 seconds, Stopping threads took: 0.0006131 seconds
[2023-10-07T09:53:32.212+0000][8.455s][info ][gc,stringdedup] Concurrent String Deduplication (8.455s)
[2023-10-07T09:53:32.214+0000][8.457s][info ][gc,stringdedup] Concurrent String Deduplication 86600.0B->25016.0B(61584.0B) avg 43.3% (8.455s, 8.457s) 1.596ms
[2023-10-07T09:53:32.880+0000][9.122s][debug][safepoint     ] Safepoint synchronization initiated. (13 threads)
[2023-10-07T09:53:32.880+0000][9.123s][info ][safepoint     ] Application time: 0.6681045 seconds
[2023-10-07T09:53:32.881+0000][9.123s][info ][safepoint     ] Entering safepoint region: Deoptimize
[2023-10-07T09:53:32.882+0000][9.125s][info ][safepoint     ] Leaving safepoint region
[2023-10-07T09:53:32.882+0000][9.125s][info ][safepoint     ] Total time for which application threads were stopped: 0.0015250 seconds, Stopping threads took: 0.0004017 seconds
[2023-10-07T09:53:32.896+0000][9.138s][debug][safepoint     ] Safepoint synchronization initiated. (13 threads)
[2023-10-07T09:53:32.896+0000][9.139s][info ][safepoint     ] Application time: 0.0135843 seconds
[2023-10-07T09:53:32.897+0000][9.139s][info ][safepoint     ] Entering safepoint region: Deoptimize
[2023-10-07T09:53:32.898+0000][9.140s][info ][safepoint     ] Leaving safepoint region
[2023-10-07T09:53:32.898+0000][9.141s][info ][safepoint     ] Total time for which application threads were stopped: 0.0015836 seconds, Stopping threads took: 0.0004139 seconds
[2023-10-07T09:53:32.920+0000][9.163s][debug][safepoint     ] Safepoint synchronization initiated. (13 threads)
[2023-10-07T09:53:32.921+0000][9.163s][info ][safepoint     ] Application time: 0.0218168 seconds
[2023-10-07T09:53:32.921+0000][9.164s][info ][safepoint     ] Entering safepoint region: Deoptimize
[2023-10-07T09:53:32.922+0000][9.165s][info ][safepoint     ] Leaving safepoint region
[2023-10-07T09:53:32.923+0000][9.165s][info ][safepoint     ] Total time for which application threads were stopped: 0.0016710 seconds, Stopping threads took: 0.0004574 seconds
[2023-10-07T09:53:32.993+0000][9.236s][debug][safepoint     ] Safepoint synchronization initiated. (13 threads)
[2023-10-07T09:53:32.993+0000][9.236s][info ][safepoint     ] Application time: 0.0702665 seconds
[2023-10-07T09:53:32.994+0000][9.237s][info ][safepoint     ] Entering safepoint region: G1CollectForAllocation
[2023-10-07T09:53:32.995+0000][9.237s][info ][gc,start      ] GC(24) Pause Young (Normal) (G1 Evacuation Pause)
[2023-10-07T09:53:32.995+0000][9.238s][info ][gc,task       ] GC(24) Using 6 workers of 8 for evacuation
[2023-10-07T09:53:33.008+0000][9.251s][info ][gc,phases     ] GC(24)   Pre Evacuate Collection Set: 0.0ms
[2023-10-07T09:53:33.009+0000][9.252s][info ][gc,phases     ] GC(24)   Evacuate Collection Set: 9.7ms
[2023-10-07T09:53:33.010+0000][9.252s][info ][gc,phases     ] GC(24)   Post Evacuate Collection Set: 2.5ms
[2023-10-07T09:53:33.010+0000][9.253s][info ][gc,phases     ] GC(24)   Other: 1.6ms
[2023-10-07T09:53:33.011+0000][9.253s][info ][gc,heap       ] GC(24) Eden regions: 157->0(190)
[2023-10-07T09:53:33.011+0000][9.254s][info ][gc,heap       ] GC(24) Survivor regions: 9->10(21)
[2023-10-07T09:53:33.012+0000][9.254s][info ][gc,heap       ] GC(24) Old regions: 24->25
[2023-10-07T09:53:33.012+0000][9.255s][info ][gc,heap       ] GC(24) Humongous regions: 0->0
[2023-10-07T09:53:33.013+0000][9.256s][info ][gc,metaspace  ] GC(24) Metaspace: 42538K(43856K)->42538K(43856K) NonClass: 37275K(38100K)->37275K(38100K) Class: 5262K(5756K)->5262K(5756K)
[2023-10-07T09:53:33.014+0000][9.256s][info ][gc            ] GC(24) Pause Young (Normal) (G1 Evacuation Pause) 187M->32M(334M) 19.088ms
[2023-10-07T09:53:33.014+0000][9.257s][info ][gc,cpu        ] GC(24) User=0.08s Sys=0.01s Real=0.02s
[2023-10-07T09:53:33.015+0000][9.257s][info ][safepoint     ] Leaving safepoint region
[2023-10-07T09:53:33.015+0000][9.258s][info ][safepoint     ] Total time for which application threads were stopped: 0.0211571 seconds, Stopping threads took: 0.0004430 seconds
[2023-10-07T09:53:33.016+0000][9.258s][info ][gc,stringdedup] Concurrent String Deduplication (9.258s)
[2023-10-07T09:53:33.018+0000][9.260s][info ][gc,stringdedup] Concurrent String Deduplication 88008.0B->27656.0B(60352.0B) avg 43.5% (9.258s, 9.260s) 1.894ms
[2023-10-07T09:53:33.216+0000][9.458s][debug][safepoint     ] Safepoint synchronization initiated. (13 threads)
[2023-10-07T09:53:33.216+0000][9.459s][info ][safepoint     ] Application time: 0.2008557 seconds
[2023-10-07T09:53:33.217+0000][9.460s][info ][safepoint     ] Entering safepoint region: Deoptimize
[2023-10-07T09:53:33.219+0000][9.461s][info ][safepoint     ] Leaving safepoint region
[2023-10-07T09:53:33.219+0000][9.462s][info ][safepoint     ] Total time for which application threads were stopped: 0.0018822 seconds, Stopping threads took: 0.0005059 seconds
[2023-10-07T09:53:33.222+0000][9.465s][debug][safepoint     ] Safepoint synchronization initiated. (13 threads)
[2023-10-07T09:53:33.222+0000][9.465s][info ][safepoint     ] Application time: 0.0030960 seconds
[2023-10-07T09:53:33.223+0000][9.466s][debug][safepoint     ] Waiting for 1 thread(s) to block
[2023-10-07T09:53:33.223+0000][9.466s][info ][safepoint     ] Entering safepoint region: Deoptimize
[2023-10-07T09:53:33.225+0000][9.467s][info ][safepoint     ] Leaving safepoint region
[2023-10-07T09:53:33.225+0000][9.468s][info ][safepoint     ] Total time for which application threads were stopped: 0.0020040 seconds, Stopping threads took: 0.0008921 seconds
[2023-10-07T09:53:33.315+0000][9.558s][debug][safepoint     ] Safepoint synchronization initiated. (13 threads)
[2023-10-07T09:53:33.316+0000][9.559s][info ][safepoint     ] Application time: 0.0905172 seconds
[2023-10-07T09:53:33.316+0000][9.559s][info ][safepoint     ] Entering safepoint region: Deoptimize
[2023-10-07T09:53:33.318+0000][9.561s][info ][safepoint     ] Leaving safepoint region
[2023-10-07T09:53:33.318+0000][9.561s][info ][safepoint     ] Total time for which application threads were stopped: 0.0020989 seconds, Stopping threads took: 0.0004723 seconds
[2023-10-07T09:53:33.617+0000][9.859s][debug][safepoint     ] Safepoint synchronization initiated. (13 threads)
[2023-10-07T09:53:33.617+0000][9.860s][info ][safepoint     ] Application time: 0.2983279 seconds
[2023-10-07T09:53:33.618+0000][9.861s][info ][safepoint     ] Entering safepoint region: Deoptimize
[2023-10-07T09:53:33.619+0000][9.862s][info ][safepoint     ] Leaving safepoint region
[2023-10-07T09:53:33.620+0000][9.863s][info ][safepoint     ] Total time for which application threads were stopped: 0.0019257 seconds, Stopping threads took: 0.0004713 seconds
[2023-10-07T09:53:33.621+0000][9.864s][debug][safepoint     ] Safepoint synchronization initiated. (13 threads)
[2023-10-07T09:53:33.622+0000][9.865s][info ][safepoint     ] Application time: 0.0016669 seconds
[2023-10-07T09:53:33.622+0000][9.865s][info ][safepoint     ] Entering safepoint region: Deoptimize
[2023-10-07T09:53:33.624+0000][9.867s][info ][safepoint     ] Leaving safepoint region
[2023-10-07T09:53:33.625+0000][9.867s][info ][safepoint     ] Total time for which application threads were stopped: 0.0022378 seconds, Stopping threads took: 0.0005589 seconds
[2023-10-07T09:53:33.821+0000][10.063s][debug][safepoint     ] Safepoint synchronization initiated. (13 threads)
[2023-10-07T09:53:33.821+0000][10.064s][info ][safepoint     ] Application time: 0.1962151 seconds
[2023-10-07T09:53:33.822+0000][10.065s][info ][safepoint     ] Entering safepoint region: Deoptimize
[2023-10-07T09:53:33.824+0000][10.067s][info ][safepoint     ] Leaving safepoint region
[2023-10-07T09:53:33.824+0000][10.067s][info ][safepoint     ] Total time for which application threads were stopped: 0.0024142 seconds, Stopping threads took: 0.0008796 seconds
[2023-10-07T09:53:33.978+0000][10.221s][debug][safepoint     ] Safepoint synchronization initiated. (13 threads)
[2023-10-07T09:53:33.979+0000][10.221s][info ][safepoint     ] Application time: 0.1535969 seconds
[2023-10-07T09:53:33.979+0000][10.222s][info ][safepoint     ] Entering safepoint region: Deoptimize
[2023-10-07T09:53:33.980+0000][10.223s][info ][safepoint     ] Leaving safepoint region
[2023-10-07T09:53:33.981+0000][10.224s][info ][safepoint     ] Total time for which application threads were stopped: 0.0017791 seconds, Stopping threads took: 0.0004700 seconds
[2023-10-07T09:53:34.024+0000][10.267s][debug][safepoint     ] Safepoint synchronization initiated. (13 threads)
[2023-10-07T09:53:34.025+0000][10.267s][info ][safepoint     ] Application time: 0.0432306 seconds
[2023-10-07T09:53:34.025+0000][10.268s][info ][safepoint     ] Entering safepoint region: G1CollectForAllocation
[2023-10-07T09:53:34.026+0000][10.268s][info ][gc,start      ] GC(25) Pause Young (Normal) (G1 Evacuation Pause)
[2023-10-07T09:53:34.027+0000][10.269s][info ][gc,task       ] GC(25) Using 8 workers of 8 for evacuation
[2023-10-07T09:53:34.039+0000][10.282s][info ][gc,phases     ] GC(25)   Pre Evacuate Collection Set: 0.0ms
[2023-10-07T09:53:34.040+0000][10.283s][info ][gc,phases     ] GC(25)   Evacuate Collection Set: 9.7ms
[2023-10-07T09:53:34.041+0000][10.283s][info ][gc,phases     ] GC(25)   Post Evacuate Collection Set: 2.5ms
[2023-10-07T09:53:34.041+0000][10.284s][info ][gc,phases     ] GC(25)   Other: 1.4ms
[2023-10-07T09:53:34.042+0000][10.285s][info ][gc,heap       ] GC(25) Eden regions: 190->0(188)
[2023-10-07T09:53:34.043+0000][10.285s][info ][gc,heap       ] GC(25) Survivor regions: 10->12(25)
[2023-10-07T09:53:34.043+0000][10.286s][info ][gc,heap       ] GC(25) Old regions: 25->25
[2023-10-07T09:53:34.044+0000][10.286s][info ][gc,heap       ] GC(25) Humongous regions: 0->0
[2023-10-07T09:53:34.044+0000][10.287s][info ][gc,metaspace  ] GC(25) Metaspace: 47656K(48848K)->47656K(48848K) NonClass: 41713K(42452K)->41713K(42452K) Class: 5942K(6396K)->5942K(6396K)
[2023-10-07T09:53:34.045+0000][10.287s][info ][gc            ] GC(25) Pause Young (Normal) (G1 Evacuation Pause) 222M->35M(334M) 18.789ms
[2023-10-07T09:53:34.045+0000][10.288s][info ][gc,cpu        ] GC(25) User=0.09s Sys=0.00s Real=0.02s
[2023-10-07T09:53:34.045+0000][10.288s][info ][safepoint     ] Leaving safepoint region
[2023-10-07T09:53:34.046+0000][10.289s][info ][safepoint     ] Total time for which application threads were stopped: 0.0207590 seconds, Stopping threads took: 0.0004958 seconds
[2023-10-07T09:53:34.046+0000][10.289s][info ][gc,stringdedup] Concurrent String Deduplication (10.289s)
[2023-10-07T09:53:34.048+0000][10.291s][info ][gc,stringdedup] Concurrent String Deduplication 267.0K->72088.0B(196.6K) avg 44.4% (10.289s, 10.291s) 2.045ms
[2023-10-07T09:53:34.372+0000][10.615s][debug][safepoint     ] Safepoint synchronization initiated. (13 threads)
[2023-10-07T09:53:34.372+0000][10.615s][info ][safepoint     ] Application time: 0.3262733 seconds
[2023-10-07T09:53:34.373+0000][10.616s][info ][safepoint     ] Entering safepoint region: Deoptimize
[2023-10-07T09:53:34.375+0000][10.617s][info ][safepoint     ] Leaving safepoint region
[2023-10-07T09:53:34.375+0000][10.618s][info ][safepoint     ] Total time for which application threads were stopped: 0.0021677 seconds, Stopping threads took: 0.0005678 seconds
[2023-10-07T09:53:35.376+0000][11.619s][debug][safepoint     ] Safepoint synchronization initiated. (15 threads)
[2023-10-07T09:53:35.377+0000][11.619s][info ][safepoint     ] Application time: 1.0007792 seconds
[2023-10-07T09:53:35.377+0000][11.620s][info ][safepoint     ] Entering safepoint region: Cleanup
[2023-10-07T09:53:35.378+0000][11.621s][info ][safepoint     ] Leaving safepoint region
[2023-10-07T09:53:35.378+0000][11.621s][info ][safepoint     ] Total time for which application threads were stopped: 0.0011983 seconds, Stopping threads took: 0.0005147 seconds
[2023-10-07T09:53:35.459+0000][11.702s][debug][safepoint     ] Safepoint synchronization initiated. (13 threads)
[2023-10-07T09:53:35.460+0000][11.703s][info ][safepoint     ] Application time: 0.0813059 seconds
[2023-10-07T09:53:35.461+0000][11.703s][info ][safepoint     ] Entering safepoint region: Deoptimize
[2023-10-07T09:53:35.462+0000][11.705s][info ][safepoint     ] Leaving safepoint region
[2023-10-07T09:53:35.462+0000][11.705s][info ][safepoint     ] Total time for which application threads were stopped: 0.0016580 seconds, Stopping threads took: 0.0004400 seconds
[2023-10-07T09:53:35.539+0000][11.781s][debug][safepoint     ] Safepoint synchronization initiated. (15 threads)
[2023-10-07T09:53:35.539+0000][11.782s][info ][safepoint     ] Application time: 0.0764224 seconds
[2023-10-07T09:53:35.540+0000][11.783s][info ][safepoint     ] Entering safepoint region: Deoptimize
[2023-10-07T09:53:35.541+0000][11.784s][info ][safepoint     ] Leaving safepoint region
[2023-10-07T09:53:35.542+0000][11.784s][info ][safepoint     ] Total time for which application threads were stopped: 0.0018549 seconds, Stopping threads took: 0.0005280 seconds
[2023-10-07T09:53:35.885+0000][12.128s][debug][safepoint     ] Safepoint synchronization initiated. (15 threads)
[2023-10-07T09:53:35.885+0000][12.128s][info ][safepoint     ] Application time: 0.3433510 seconds
[2023-10-07T09:53:35.886+0000][12.129s][info ][safepoint     ] Entering safepoint region: ICBufferFull
[2023-10-07T09:53:35.887+0000][12.130s][info ][safepoint     ] Leaving safepoint region
[2023-10-07T09:53:35.887+0000][12.130s][info ][safepoint     ] Total time for which application threads were stopped: 0.0013020 seconds, Stopping threads took: 0.0005147 seconds
[2023-10-07T09:53:36.267+0000][12.510s][debug][safepoint     ] Safepoint synchronization initiated. (15 threads)
[2023-10-07T09:53:36.268+0000][12.511s][info ][safepoint     ] Application time: 0.3804289 seconds
[2023-10-07T09:53:36.269+0000][12.512s][info ][safepoint     ] Entering safepoint region: G1CollectForAllocation
[2023-10-07T09:53:36.270+0000][12.512s][info ][gc,start      ] GC(26) Pause Young (Normal) (G1 Evacuation Pause)
[2023-10-07T09:53:36.270+0000][12.513s][info ][gc,task       ] GC(26) Using 8 workers of 8 for evacuation
[2023-10-07T09:53:36.285+0000][12.528s][info ][gc,phases     ] GC(26)   Pre Evacuate Collection Set: 0.0ms
[2023-10-07T09:53:36.286+0000][12.529s][info ][gc,phases     ] GC(26)   Evacuate Collection Set: 12.8ms
[2023-10-07T09:53:36.287+0000][12.529s][info ][gc,phases     ] GC(26)   Post Evacuate Collection Set: 1.9ms
[2023-10-07T09:53:36.287+0000][12.530s][info ][gc,phases     ] GC(26)   Other: 1.2ms
[2023-10-07T09:53:36.288+0000][12.530s][info ][gc,heap       ] GC(26) Eden regions: 188->0(185)
[2023-10-07T09:53:36.288+0000][12.531s][info ][gc,heap       ] GC(26) Survivor regions: 12->15(25)
[2023-10-07T09:53:36.289+0000][12.531s][info ][gc,heap       ] GC(26) Old regions: 25->25
[2023-10-07T09:53:36.289+0000][12.532s][info ][gc,heap       ] GC(26) Humongous regions: 0->0
[2023-10-07T09:53:36.289+0000][12.532s][info ][gc,metaspace  ] GC(26) Metaspace: 54167K(55632K)->54167K(55632K) NonClass: 47504K(48340K)->47504K(48340K) Class: 6663K(7292K)->6663K(7292K)
[2023-10-07T09:53:36.290+0000][12.533s][info ][gc            ] GC(26) Pause Young (Normal) (G1 Evacuation Pause) 223M->38M(334M) 20.422ms
[2023-10-07T09:53:36.290+0000][12.533s][info ][gc,cpu        ] GC(26) User=0.12s Sys=0.00s Real=0.02s
[2023-10-07T09:53:36.291+0000][12.534s][info ][safepoint     ] Leaving safepoint region
[2023-10-07T09:53:36.291+0000][12.534s][info ][safepoint     ] Total time for which application threads were stopped: 0.0225424 seconds, Stopping threads took: 0.0005499 seconds
[2023-10-07T09:53:36.292+0000][12.535s][info ][gc,stringdedup] Concurrent String Deduplication (12.535s)
[2023-10-07T09:53:36.295+0000][12.537s][info ][gc,stringdedup] Concurrent String Deduplication 171.9K->74944.0B(101072.0B) avg 44.7% (12.535s, 12.537s) 2.849ms
[2023-10-07T09:53:36.881+0000][13.123s][debug][safepoint     ] Safepoint synchronization initiated. (14 threads)
[2023-10-07T09:53:36.881+0000][13.124s][info ][safepoint     ] Application time: 0.5895543 seconds
[2023-10-07T09:53:36.882+0000][13.125s][info ][safepoint     ] Entering safepoint region: G1CollectForAllocation
[2023-10-07T09:53:36.883+0000][13.125s][info ][gc,start      ] GC(27) Pause Young (Normal) (G1 Evacuation Pause)
[2023-10-07T09:53:36.883+0000][13.126s][info ][gc,task       ] GC(27) Using 8 workers of 8 for evacuation
[2023-10-07T09:53:36.895+0000][13.137s][info ][gc,phases     ] GC(27)   Pre Evacuate Collection Set: 0.0ms
[2023-10-07T09:53:36.895+0000][13.138s][info ][gc,phases     ] GC(27)   Evacuate Collection Set: 9.0ms
[2023-10-07T09:53:36.896+0000][13.139s][info ][gc,phases     ] GC(27)   Post Evacuate Collection Set: 2.0ms
[2023-10-07T09:53:36.897+0000][13.139s][info ][gc,phases     ] GC(27)   Other: 1.2ms
[2023-10-07T09:53:36.897+0000][13.140s][info ][gc,heap       ] GC(27) Eden regions: 185->0(186)
[2023-10-07T09:53:36.898+0000][13.141s][info ][gc,heap       ] GC(27) Survivor regions: 15->14(25)
[2023-10-07T09:53:36.899+0000][13.142s][info ][gc,heap       ] GC(27) Old regions: 25->27
[2023-10-07T09:53:36.900+0000][13.142s][info ][gc,heap       ] GC(27) Humongous regions: 0->0
[2023-10-07T09:53:36.900+0000][13.143s][info ][gc,metaspace  ] GC(27) Metaspace: 57288K(58704K)->57288K(58704K) NonClass: 50061K(50900K)->50061K(50900K) Class: 7227K(7804K)->7227K(7804K)
[2023-10-07T09:53:36.901+0000][13.144s][info ][gc            ] GC(27) Pause Young (Normal) (G1 Evacuation Pause) 223M->39M(334M) 18.348ms
[2023-10-07T09:53:36.902+0000][13.144s][info ][gc,cpu        ] GC(27) User=0.07s Sys=0.00s Real=0.02s
[2023-10-07T09:53:36.902+0000][13.145s][info ][safepoint     ] Leaving safepoint region
[2023-10-07T09:53:36.903+0000][13.146s][info ][safepoint     ] Total time for which application threads were stopped: 0.0211958 seconds, Stopping threads took: 0.0005044 seconds
[2023-10-07T09:53:36.904+0000][13.147s][info ][gc,stringdedup] Concurrent String Deduplication (13.147s)
[2023-10-07T09:53:36.906+0000][13.149s][info ][gc,stringdedup] Concurrent String Deduplication 198.0K->78632.0B(121.2K) avg 45.0% (13.147s, 13.149s) 2.212ms
[2023-10-07T09:53:37.005+0000][13.248s][debug][safepoint     ] Safepoint synchronization initiated. (14 threads)
[2023-10-07T09:53:37.006+0000][13.248s][info ][safepoint     ] Application time: 0.1017745 seconds
[2023-10-07T09:53:37.006+0000][13.249s][info ][safepoint     ] Entering safepoint region: Deoptimize
[2023-10-07T09:53:37.007+0000][13.250s][info ][safepoint     ] Leaving safepoint region
[2023-10-07T09:53:37.008+0000][13.251s][info ][safepoint     ] Total time for which application threads were stopped: 0.0017791 seconds, Stopping threads took: 0.0005324 seconds
[2023-10-07T09:53:37.265+0000][13.508s][debug][safepoint     ] Safepoint synchronization initiated. (14 threads)
[2023-10-07T09:53:37.265+0000][13.508s][info ][safepoint     ] Application time: 0.2571358 seconds
[2023-10-07T09:53:37.266+0000][13.509s][info ][safepoint     ] Entering safepoint region: CollectForMetadataAllocation
[2023-10-07T09:53:37.266+0000][13.509s][info ][gc,start      ] GC(28) Pause Young (Concurrent Start) (Metadata GC Threshold)
[2023-10-07T09:53:37.267+0000][13.510s][info ][gc,task       ] GC(28) Using 8 workers of 8 for evacuation
[2023-10-07T09:53:37.277+0000][13.520s][info ][gc,phases     ] GC(28)   Pre Evacuate Collection Set: 0.1ms
[2023-10-07T09:53:37.278+0000][13.521s][info ][gc,phases     ] GC(28)   Evacuate Collection Set: 7.8ms
[2023-10-07T09:53:37.279+0000][13.521s][info ][gc,phases     ] GC(28)   Post Evacuate Collection Set: 1.7ms
[2023-10-07T09:53:37.279+0000][13.522s][info ][gc,phases     ] GC(28)   Other: 1.3ms
[2023-10-07T09:53:37.280+0000][13.523s][info ][gc,heap       ] GC(28) Eden regions: 53->0(187)
[2023-10-07T09:53:37.281+0000][13.523s][info ][gc,heap       ] GC(28) Survivor regions: 14->13(25)
[2023-10-07T09:53:37.281+0000][13.524s][info ][gc,heap       ] GC(28) Old regions: 27->28
[2023-10-07T09:53:37.282+0000][13.525s][info ][gc,heap       ] GC(28) Humongous regions: 0->0
[2023-10-07T09:53:37.282+0000][13.525s][info ][gc,metaspace  ] GC(28) Metaspace: 59077K(60496K)->59077K(60496K) NonClass: 51600K(52436K)->51600K(52436K) Class: 7476K(8060K)->7476K(8060K)
[2023-10-07T09:53:37.283+0000][13.526s][info ][gc            ] GC(28) Pause Young (Concurrent Start) (Metadata GC Threshold) 92M->39M(334M) 16.526ms
[2023-10-07T09:53:37.283+0000][13.526s][info ][gc,cpu        ] GC(28) User=0.05s Sys=0.00s Real=0.02s
[2023-10-07T09:53:37.284+0000][13.526s][info ][gc            ] GC(29) Concurrent Cycle
[2023-10-07T09:53:37.284+0000][13.526s][info ][safepoint     ] Leaving safepoint region
[2023-10-07T09:53:37.284+0000][13.527s][info ][gc,marking    ] GC(29) Concurrent Clear Claimed Marks
[2023-10-07T09:53:37.285+0000][13.527s][info ][safepoint     ] Total time for which application threads were stopped: 0.0187083 seconds, Stopping threads took: 0.0004362 seconds
[2023-10-07T09:53:37.285+0000][13.528s][info ][gc,marking    ] GC(29) Concurrent Clear Claimed Marks 1.052ms
[2023-10-07T09:53:37.286+0000][13.528s][info ][gc,marking    ] GC(29) Concurrent Scan Root Regions
[2023-10-07T09:53:37.285+0000][13.528s][info ][gc,stringdedup] Concurrent String Deduplication (13.528s)
[2023-10-07T09:53:37.290+0000][13.532s][info ][gc,stringdedup] Concurrent String Deduplication 340.4K->151.6K(188.8K) avg 45.4% (13.528s, 13.532s) 4.233ms
[2023-10-07T09:53:37.292+0000][13.534s][info ][gc,marking    ] GC(29) Concurrent Scan Root Regions 5.981ms
[2023-10-07T09:53:37.292+0000][13.535s][info ][gc,marking    ] GC(29) Concurrent Mark (13.535s)
[2023-10-07T09:53:37.293+0000][13.535s][info ][gc,marking    ] GC(29) Concurrent Mark From Roots
[2023-10-07T09:53:37.293+0000][13.536s][info ][gc,task       ] GC(29) Using 2 workers of 2 for marking
[2023-10-07T09:53:37.313+0000][13.556s][info ][gc,marking    ] GC(29) Concurrent Mark From Roots 20.537ms
[2023-10-07T09:53:37.314+0000][13.556s][info ][gc,marking    ] GC(29) Concurrent Preclean
[2023-10-07T09:53:37.314+0000][13.557s][info ][gc,marking    ] GC(29) Concurrent Preclean 0.552ms
[2023-10-07T09:53:37.315+0000][13.557s][info ][gc,marking    ] GC(29) Concurrent Mark (13.535s, 13.557s) 22.607ms
[2023-10-07T09:53:37.315+0000][13.558s][debug][safepoint     ] Safepoint synchronization initiated. (14 threads)
[2023-10-07T09:53:37.316+0000][13.559s][info ][safepoint     ] Application time: 0.0305719 seconds
[2023-10-07T09:53:37.316+0000][13.559s][info ][safepoint     ] Entering safepoint region: CGC_Operation
[2023-10-07T09:53:37.317+0000][13.560s][info ][gc,start      ] GC(29) Pause Remark
[2023-10-07T09:53:37.330+0000][13.573s][info ][gc,stringtable] GC(29) Cleaned string and symbol table, strings: 23426 processed, 1 removed, symbols: 192262 processed, 196 removed
[2023-10-07T09:53:37.331+0000][13.574s][info ][gc            ] GC(29) Pause Remark 44M->44M(334M) 13.602ms
[2023-10-07T09:53:37.331+0000][13.574s][info ][gc,cpu        ] GC(29) User=0.08s Sys=0.01s Real=0.01s
[2023-10-07T09:53:37.332+0000][13.574s][info ][safepoint     ] Leaving safepoint region
[2023-10-07T09:53:37.332+0000][13.575s][info ][safepoint     ] Total time for which application threads were stopped: 0.0157213 seconds, Stopping threads took: 0.0005600 seconds
[2023-10-07T09:53:37.333+0000][13.575s][info ][gc,marking    ] GC(29) Concurrent Rebuild Remembered Sets
[2023-10-07T09:53:37.347+0000][13.589s][info ][gc,marking    ] GC(29) Concurrent Rebuild Remembered Sets 13.875ms
[2023-10-07T09:53:37.347+0000][13.590s][debug][safepoint     ] Safepoint synchronization initiated. (14 threads)
[2023-10-07T09:53:37.348+0000][13.591s][info ][safepoint     ] Application time: 0.0153096 seconds
[2023-10-07T09:53:37.348+0000][13.591s][debug][safepoint     ] ... found polling page return exception at pc = 0x00007f2050514d54, stub =0x00007f2048840600
[2023-10-07T09:53:37.349+0000][13.592s][debug][safepoint     ] Waiting for 1 thread(s) to block
[2023-10-07T09:53:37.350+0000][13.592s][info ][safepoint     ] Entering safepoint region: CGC_Operation
[2023-10-07T09:53:37.350+0000][13.593s][info ][gc,start      ] GC(29) Pause Cleanup
[2023-10-07T09:53:37.351+0000][13.594s][info ][gc            ] GC(29) Pause Cleanup 47M->47M(334M) 0.801ms
[2023-10-07T09:53:37.352+0000][13.595s][info ][gc,cpu        ] GC(29) User=0.00s Sys=0.00s Real=0.00s
[2023-10-07T09:53:37.352+0000][13.595s][info ][safepoint     ] Leaving safepoint region
[2023-10-07T09:53:37.353+0000][13.596s][info ][safepoint     ] Total time for which application threads were stopped: 0.0044604 seconds, Stopping threads took: 0.0018036 seconds
[2023-10-07T09:53:37.353+0000][13.596s][info ][gc,marking    ] GC(29) Concurrent Cleanup for Next Mark
[2023-10-07T09:53:37.355+0000][13.598s][info ][gc,marking    ] GC(29) Concurrent Cleanup for Next Mark 1.597ms
[2023-10-07T09:53:37.355+0000][13.598s][info ][gc            ] GC(29) Concurrent Cycle 71.714ms
[2023-10-07T09:53:37.984+0000][14.227s][debug][safepoint     ] Safepoint synchronization initiated. (18 threads)
[2023-10-07T09:53:37.985+0000][14.228s][info ][safepoint     ] Application time: 0.6313746 seconds
[2023-10-07T09:53:37.985+0000][14.228s][info ][safepoint     ] Entering safepoint region: ICBufferFull
[2023-10-07T09:53:37.987+0000][14.229s][info ][safepoint     ] Leaving safepoint region
[2023-10-07T09:53:37.987+0000][14.230s][info ][safepoint     ] Total time for which application threads were stopped: 0.0017011 seconds, Stopping threads took: 0.0006609 seconds
[2023-10-07T09:53:38.190+0000][14.433s][debug][safepoint     ] Safepoint synchronization initiated. (18 threads)
[2023-10-07T09:53:38.191+0000][14.433s][info ][safepoint     ] Application time: 0.2029514 seconds
[2023-10-07T09:53:38.191+0000][14.434s][info ][safepoint     ] Entering safepoint region: Deoptimize
[2023-10-07T09:53:38.196+0000][14.438s][info ][safepoint     ] Leaving safepoint region
[2023-10-07T09:53:38.196+0000][14.439s][info ][safepoint     ] Total time for which application threads were stopped: 0.0049210 seconds, Stopping threads took: 0.0004706 seconds
[2023-10-07T09:53:38.259+0000][14.501s][debug][safepoint     ] Safepoint synchronization initiated. (18 threads)
[2023-10-07T09:53:38.259+0000][14.502s][info ][safepoint     ] Application time: 0.0624704 seconds
[2023-10-07T09:53:38.260+0000][14.502s][info ][safepoint     ] Entering safepoint region: Deoptimize
[2023-10-07T09:53:38.262+0000][14.505s][info ][safepoint     ] Leaving safepoint region
[2023-10-07T09:53:38.263+0000][14.505s][info ][safepoint     ] Total time for which application threads were stopped: 0.0030093 seconds, Stopping threads took: 0.0007226 seconds
[2023-10-07T09:53:38.412+0000][14.655s][debug][safepoint     ] Safepoint synchronization initiated. (16 threads)
[2023-10-07T09:53:38.412+0000][14.655s][info ][safepoint     ] Application time: 0.1492818 seconds
[2023-10-07T09:53:38.413+0000][14.656s][debug][safepoint     ] Waiting for 1 thread(s) to block
[2023-10-07T09:53:38.414+0000][14.657s][info ][safepoint     ] Entering safepoint region: G1CollectForAllocation
[2023-10-07T09:53:38.415+0000][14.657s][info ][gc,start      ] GC(30) Pause Young (Normal) (G1 Evacuation Pause)
[2023-10-07T09:53:38.415+0000][14.658s][info ][gc,task       ] GC(30) Using 8 workers of 8 for evacuation
[2023-10-07T09:53:38.430+0000][14.673s][info ][gc,phases     ] GC(30)   Pre Evacuate Collection Set: 0.0ms
[2023-10-07T09:53:38.431+0000][14.673s][info ][gc,phases     ] GC(30)   Evacuate Collection Set: 11.6ms
[2023-10-07T09:53:38.431+0000][14.674s][info ][gc,phases     ] GC(30)   Post Evacuate Collection Set: 2.9ms
[2023-10-07T09:53:38.432+0000][14.675s][info ][gc,phases     ] GC(30)   Other: 1.0ms
[2023-10-07T09:53:38.433+0000][14.675s][info ][gc,heap       ] GC(30) Eden regions: 187->0(183)
[2023-10-07T09:53:38.433+0000][14.676s][info ][gc,heap       ] GC(30) Survivor regions: 13->17(25)
[2023-10-07T09:53:38.434+0000][14.676s][info ][gc,heap       ] GC(30) Old regions: 28->28
[2023-10-07T09:53:38.434+0000][14.677s][info ][gc,heap       ] GC(30) Humongous regions: 0->0
[2023-10-07T09:53:38.435+0000][14.678s][info ][gc,metaspace  ] GC(30) Metaspace: 64917K(66640K)->64917K(66640K) NonClass: 56672K(57812K)->56672K(57812K) Class: 8245K(8828K)->8245K(8828K)
[2023-10-07T09:53:38.436+0000][14.678s][info ][gc            ] GC(30) Pause Young (Normal) (G1 Evacuation Pause) 226M->42M(334M) 20.888ms
[2023-10-07T09:53:38.436+0000][14.679s][info ][gc,cpu        ] GC(30) User=0.09s Sys=0.00s Real=0.02s
[2023-10-07T09:53:38.437+0000][14.679s][info ][safepoint     ] Leaving safepoint region
[2023-10-07T09:53:38.437+0000][14.680s][info ][safepoint     ] Total time for which application threads were stopped: 0.0242021 seconds, Stopping threads took: 0.0013401 seconds
[2023-10-07T09:53:38.438+0000][14.681s][info ][gc,stringdedup] Concurrent String Deduplication (14.681s)
[2023-10-07T09:53:38.439+0000][14.682s][info ][gc,stringdedup] Concurrent String Deduplication 64784.0B->6544.0B(58240.0B) avg 45.7% (14.681s, 14.682s) 1.436ms
[2023-10-07T09:53:38.675+0000][14.918s][debug][safepoint     ] Safepoint synchronization initiated. (18 threads)
[2023-10-07T09:53:38.676+0000][14.918s][info ][safepoint     ] Application time: 0.2378915 seconds
[2023-10-07T09:53:38.676+0000][14.919s][info ][safepoint     ] Entering safepoint region: ICBufferFull
[2023-10-07T09:53:38.677+0000][14.920s][info ][safepoint     ] Leaving safepoint region
[2023-10-07T09:53:38.677+0000][14.920s][info ][safepoint     ] Total time for which application threads were stopped: 0.0013098 seconds, Stopping threads took: 0.0005395 seconds
[2023-10-07T09:53:39.315+0000][15.558s][debug][safepoint     ] Safepoint synchronization initiated. (18 threads)
[2023-10-07T09:53:39.316+0000][15.558s][info ][safepoint     ] Application time: 0.6376144 seconds
[2023-10-07T09:53:39.316+0000][15.559s][info ][safepoint     ] Entering safepoint region: G1CollectForAllocation
[2023-10-07T09:53:39.317+0000][15.560s][info ][gc,start      ] GC(31) Pause Young (Normal) (G1 Evacuation Pause)
[2023-10-07T09:53:39.318+0000][15.561s][info ][gc,task       ] GC(31) Using 8 workers of 8 for evacuation
[2023-10-07T09:53:39.336+0000][15.579s][info ][gc,phases     ] GC(31)   Pre Evacuate Collection Set: 0.0ms
[2023-10-07T09:53:39.337+0000][15.580s][info ][gc,phases     ] GC(31)   Evacuate Collection Set: 14.8ms
[2023-10-07T09:53:39.338+0000][15.580s][info ][gc,phases     ] GC(31)   Post Evacuate Collection Set: 3.0ms
[2023-10-07T09:53:39.338+0000][15.581s][info ][gc,phases     ] GC(31)   Other: 1.1ms
[2023-10-07T09:53:39.339+0000][15.581s][info ][gc,heap       ] GC(31) Eden regions: 183->0(186)
[2023-10-07T09:53:39.339+0000][15.582s][info ][gc,heap       ] GC(31) Survivor regions: 17->14(25)
[2023-10-07T09:53:39.339+0000][15.582s][info ][gc,heap       ] GC(31) Old regions: 28->32
[2023-10-07T09:53:39.340+0000][15.583s][info ][gc,heap       ] GC(31) Humongous regions: 0->0
[2023-10-07T09:53:39.340+0000][15.583s][info ][gc,metaspace  ] GC(31) Metaspace: 68263K(69712K)->68263K(69712K) NonClass: 59501K(60372K)->59501K(60372K) Class: 8762K(9340K)->8762K(9340K)
[2023-10-07T09:53:39.341+0000][15.584s][info ][gc            ] GC(31) Pause Young (Normal) (G1 Evacuation Pause) 225M->44M(334M) 23.551ms
[2023-10-07T09:53:39.341+0000][15.584s][info ][gc,cpu        ] GC(31) User=0.14s Sys=0.00s Real=0.02s
[2023-10-07T09:53:39.342+0000][15.585s][info ][safepoint     ] Leaving safepoint region
[2023-10-07T09:53:39.343+0000][15.585s][info ][safepoint     ] Total time for which application threads were stopped: 0.0264029 seconds, Stopping threads took: 0.0006211 seconds
[2023-10-07T09:53:39.343+0000][15.586s][info ][gc,stringdedup] Concurrent String Deduplication (15.586s)
[2023-10-07T09:53:39.344+0000][15.587s][info ][gc,stringdedup] Concurrent String Deduplication 37448.0B->15216.0B(22232.0B) avg 45.7% (15.586s, 15.587s) 1.054ms
[2023-10-07T09:53:39.520+0000][15.763s][debug][safepoint     ] Safepoint synchronization initiated. (18 threads)
[2023-10-07T09:53:39.521+0000][15.764s][info ][safepoint     ] Application time: 0.1777125 seconds
[2023-10-07T09:53:39.521+0000][15.764s][debug][safepoint     ] Waiting for 1 thread(s) to block
[2023-10-07T09:53:39.522+0000][15.765s][info ][safepoint     ] Entering safepoint region: ICBufferFull
[2023-10-07T09:53:39.523+0000][15.766s][info ][safepoint     ] Leaving safepoint region
[2023-10-07T09:53:39.523+0000][15.766s][info ][safepoint     ] Total time for which application threads were stopped: 0.0019905 seconds, Stopping threads took: 0.0011644 seconds
[2023-10-07T09:53:39.630+0000][15.872s][debug][safepoint     ] Safepoint synchronization initiated. (18 threads)
[2023-10-07T09:53:39.630+0000][15.873s][info ][safepoint     ] Application time: 0.1062892 seconds
[2023-10-07T09:53:39.631+0000][15.873s][info ][safepoint     ] Entering safepoint region: ICBufferFull
[2023-10-07T09:53:39.632+0000][15.874s][info ][safepoint     ] Leaving safepoint region
[2023-10-07T09:53:39.632+0000][15.875s][info ][safepoint     ] Total time for which application threads were stopped: 0.0014879 seconds, Stopping threads took: 0.0004440 seconds
[2023-10-07T09:53:39.696+0000][15.939s][debug][safepoint     ] Safepoint synchronization initiated. (18 threads)
[2023-10-07T09:53:39.697+0000][15.940s][info ][safepoint     ] Application time: 0.0643219 seconds
[2023-10-07T09:53:39.698+0000][15.940s][info ][safepoint     ] Entering safepoint region: ICBufferFull
[2023-10-07T09:53:39.698+0000][15.941s][info ][safepoint     ] Leaving safepoint region
[2023-10-07T09:53:39.699+0000][15.942s][info ][safepoint     ] Total time for which application threads were stopped: 0.0013927 seconds, Stopping threads took: 0.0005545 seconds
[2023-10-07T09:53:39.785+0000][16.028s][debug][safepoint     ] Safepoint synchronization initiated. (18 threads)
[2023-10-07T09:53:39.786+0000][16.028s][info ][safepoint     ] Application time: 0.0862178 seconds
[2023-10-07T09:53:39.786+0000][16.029s][info ][safepoint     ] Entering safepoint region: ICBufferFull
[2023-10-07T09:53:39.787+0000][16.030s][info ][safepoint     ] Leaving safepoint region
[2023-10-07T09:53:39.788+0000][16.031s][info ][safepoint     ] Total time for which application threads were stopped: 0.0015282 seconds, Stopping threads took: 0.0005062 seconds
[2023-10-07T09:53:39.954+0000][16.197s][debug][safepoint     ] Safepoint synchronization initiated. (18 threads)
[2023-10-07T09:53:39.954+0000][16.197s][info ][safepoint     ] Application time: 0.1660972 seconds
[2023-10-07T09:53:39.955+0000][16.198s][info ][safepoint     ] Entering safepoint region: ICBufferFull
[2023-10-07T09:53:39.956+0000][16.198s][info ][safepoint     ] Leaving safepoint region
[2023-10-07T09:53:39.956+0000][16.199s][info ][safepoint     ] Total time for which application threads were stopped: 0.0010241 seconds, Stopping threads took: 0.0004064 seconds
[2023-10-07T09:53:40.340+0000][16.583s][debug][safepoint     ] Safepoint synchronization initiated. (17 threads)
[2023-10-07T09:53:40.340+0000][16.583s][info ][safepoint     ] Application time: 0.3841779 seconds
[2023-10-07T09:53:40.341+0000][16.584s][info ][safepoint     ] Entering safepoint region: G1CollectForAllocation
[2023-10-07T09:53:40.342+0000][16.585s][info ][gc,start      ] GC(32) Pause Young (Normal) (G1 Evacuation Pause)
[2023-10-07T09:53:40.343+0000][16.585s][info ][gc,task       ] GC(32) Using 8 workers of 8 for evacuation
[2023-10-07T09:53:40.356+0000][16.598s][info ][gc,phases     ] GC(32)   Pre Evacuate Collection Set: 0.0ms
[2023-10-07T09:53:40.356+0000][16.599s][info ][gc,phases     ] GC(32)   Evacuate Collection Set: 10.4ms
[2023-10-07T09:53:40.357+0000][16.600s][info ][gc,phases     ] GC(32)   Post Evacuate Collection Set: 2.0ms
[2023-10-07T09:53:40.358+0000][16.600s][info ][gc,phases     ] GC(32)   Other: 1.2ms
[2023-10-07T09:53:40.358+0000][16.601s][info ][gc,heap       ] GC(32) Eden regions: 186->0(187)
[2023-10-07T09:53:40.359+0000][16.602s][info ][gc,heap       ] GC(32) Survivor regions: 14->13(25)
[2023-10-07T09:53:40.360+0000][16.602s][info ][gc,heap       ] GC(32) Old regions: 32->36
[2023-10-07T09:53:40.360+0000][16.603s][info ][gc,heap       ] GC(32) Humongous regions: 0->0
[2023-10-07T09:53:40.361+0000][16.603s][info ][gc,metaspace  ] GC(32) Metaspace: 70921K(72656K)->70921K(72656K) NonClass: 61868K(62932K)->61868K(62932K) Class: 9053K(9724K)->9053K(9724K)
[2023-10-07T09:53:40.361+0000][16.604s][info ][gc            ] GC(32) Pause Young (Normal) (G1 Evacuation Pause) 230M->46M(334M) 19.073ms
[2023-10-07T09:53:40.362+0000][16.604s][info ][gc,cpu        ] GC(32) User=0.08s Sys=0.01s Real=0.02s
[2023-10-07T09:53:40.362+0000][16.605s][info ][safepoint     ] Leaving safepoint region
[2023-10-07T09:53:40.362+0000][16.605s][info ][safepoint     ] Total time for which application threads were stopped: 0.0214153 seconds, Stopping threads took: 0.0007823 seconds
[2023-10-07T09:53:40.363+0000][16.606s][info ][gc,stringdedup] Concurrent String Deduplication (16.606s)
[2023-10-07T09:53:40.366+0000][16.609s][info ][gc,stringdedup] Concurrent String Deduplication 206.4K->56512.0B(151.2K) avg 46.3% (16.606s, 16.609s) 3.150ms
[2023-10-07T09:53:40.559+0000][16.802s][debug][safepoint     ] Safepoint synchronization initiated. (18 threads)
[2023-10-07T09:53:40.560+0000][16.803s][info ][safepoint     ] Application time: 0.1968952 seconds
[2023-10-07T09:53:40.560+0000][16.803s][info ][safepoint     ] Entering safepoint region: Deoptimize
[2023-10-07T09:53:40.562+0000][16.805s][info ][safepoint     ] Leaving safepoint region
[2023-10-07T09:53:40.562+0000][16.805s][info ][safepoint     ] Total time for which application threads were stopped: 0.0021118 seconds, Stopping threads took: 0.0004214 seconds
[2023-10-07T09:53:40.564+0000][16.807s][debug][safepoint     ] Safepoint synchronization initiated. (18 threads)
[2023-10-07T09:53:40.564+0000][16.807s][info ][safepoint     ] Application time: 0.0015729 seconds
[2023-10-07T09:53:40.565+0000][16.808s][info ][safepoint     ] Entering safepoint region: Deoptimize
[2023-10-07T09:53:40.566+0000][16.809s][info ][safepoint     ] Leaving safepoint region
[2023-10-07T09:53:40.567+0000][16.810s][info ][safepoint     ] Total time for which application threads were stopped: 0.0021053 seconds, Stopping threads took: 0.0004340 seconds
[2023-10-07T09:53:40.879+0000][17.121s][debug][safepoint     ] Safepoint synchronization initiated. (18 threads)
[2023-10-07T09:53:40.879+0000][17.122s][info ][safepoint     ] Application time: 0.3116141 seconds
[2023-10-07T09:53:40.880+0000][17.122s][info ][safepoint     ] Entering safepoint region: Deoptimize
[2023-10-07T09:53:40.882+0000][17.124s][info ][safepoint     ] Leaving safepoint region
[2023-10-07T09:53:40.882+0000][17.125s][info ][safepoint     ] Total time for which application threads were stopped: 0.0025392 seconds, Stopping threads took: 0.0005134 seconds
[2023-10-07T09:53:41.160+0000][17.402s][debug][safepoint     ] Safepoint synchronization initiated. (18 threads)
[2023-10-07T09:53:41.160+0000][17.403s][info ][safepoint     ] Application time: 0.2775046 seconds
[2023-10-07T09:53:41.161+0000][17.404s][info ][safepoint     ] Entering safepoint region: Deoptimize
[2023-10-07T09:53:41.163+0000][17.406s][info ][safepoint     ] Leaving safepoint region
[2023-10-07T09:53:41.164+0000][17.406s][info ][safepoint     ] Total time for which application threads were stopped: 0.0027157 seconds, Stopping threads took: 0.0004798 seconds
[2023-10-07T09:53:41.181+0000][17.424s][debug][safepoint     ] Safepoint synchronization initiated. (18 threads)
[2023-10-07T09:53:41.182+0000][17.424s][info ][safepoint     ] Application time: 0.0175674 seconds
[2023-10-07T09:53:41.182+0000][17.425s][debug][safepoint     ] Waiting for 1 thread(s) to block
[2023-10-07T09:53:41.184+0000][17.427s][info ][safepoint     ] Entering safepoint region: ICBufferFull
[2023-10-07T09:53:41.185+0000][17.428s][info ][safepoint     ] Leaving safepoint region
[2023-10-07T09:53:41.186+0000][17.428s][info ][safepoint     ] Total time for which application threads were stopped: 0.0035023 seconds, Stopping threads took: 0.0024957 seconds
[2023-10-07T09:53:41.317+0000][17.559s][debug][safepoint     ] Safepoint synchronization initiated. (18 threads)
[2023-10-07T09:53:41.317+0000][17.560s][info ][safepoint     ] Application time: 0.1310598 seconds
[2023-10-07T09:53:41.318+0000][17.560s][info ][safepoint     ] Entering safepoint region: Deoptimize
[2023-10-07T09:53:41.320+0000][17.563s][info ][safepoint     ] Leaving safepoint region
[2023-10-07T09:53:41.321+0000][17.563s][info ][safepoint     ] Total time for which application threads were stopped: 0.0029614 seconds, Stopping threads took: 0.0004935 seconds
[2023-10-07T09:53:41.626+0000][17.868s][debug][safepoint     ] Safepoint synchronization initiated. (18 threads)
[2023-10-07T09:53:41.626+0000][17.869s][info ][safepoint     ] Application time: 0.3053620 seconds
[2023-10-07T09:53:41.627+0000][17.870s][info ][safepoint     ] Entering safepoint region: G1CollectForAllocation
[2023-10-07T09:53:41.628+0000][17.870s][info ][gc,start      ] GC(33) Pause Young (Normal) (G1 Evacuation Pause)
[2023-10-07T09:53:41.628+0000][17.871s][info ][gc,task       ] GC(33) Using 8 workers of 8 for evacuation
[2023-10-07T09:53:41.645+0000][17.887s][info ][gc,phases     ] GC(33)   Pre Evacuate Collection Set: 0.0ms
[2023-10-07T09:53:41.645+0000][17.888s][info ][gc,phases     ] GC(33)   Evacuate Collection Set: 13.7ms
[2023-10-07T09:53:41.646+0000][17.888s][info ][gc,phases     ] GC(33)   Post Evacuate Collection Set: 2.4ms
[2023-10-07T09:53:41.646+0000][17.889s][info ][gc,phases     ] GC(33)   Other: 0.9ms
[2023-10-07T09:53:41.647+0000][17.889s][info ][gc,heap       ] GC(33) Eden regions: 187->0(187)
[2023-10-07T09:53:41.647+0000][17.890s][info ][gc,heap       ] GC(33) Survivor regions: 13->13(25)
[2023-10-07T09:53:41.648+0000][17.890s][info ][gc,heap       ] GC(33) Old regions: 36->36
[2023-10-07T09:53:41.648+0000][17.891s][info ][gc,heap       ] GC(33) Humongous regions: 0->0
[2023-10-07T09:53:41.649+0000][17.891s][info ][gc,metaspace  ] GC(33) Metaspace: 76870K(78800K)->76870K(78800K) NonClass: 67091K(68308K)->67091K(68308K) Class: 9779K(10492K)->9779K(10492K)
[2023-10-07T09:53:41.649+0000][17.892s][info ][gc            ] GC(33) Pause Young (Normal) (G1 Evacuation Pause) 233M->47M(334M) 21.347ms
[2023-10-07T09:53:41.650+0000][17.892s][info ][gc,cpu        ] GC(33) User=0.12s Sys=0.00s Real=0.02s
[2023-10-07T09:53:41.650+0000][17.893s][info ][safepoint     ] Leaving safepoint region
[2023-10-07T09:53:41.651+0000][17.893s][info ][safepoint     ] Total time for which application threads were stopped: 0.0236723 seconds, Stopping threads took: 0.0004453 seconds
[2023-10-07T09:53:41.651+0000][17.894s][info ][gc,stringdedup] Concurrent String Deduplication (17.894s)
[2023-10-07T09:53:41.654+0000][17.896s][info ][gc,stringdedup] Concurrent String Deduplication 189.9K->44960.0B(146.0K) avg 46.9% (17.894s, 17.896s) 2.648ms
[2023-10-07T09:53:42.383+0000][18.626s][debug][safepoint     ] Safepoint synchronization initiated. (18 threads)
[2023-10-07T09:53:42.384+0000][18.627s][info ][safepoint     ] Application time: 0.7330721 seconds
[2023-10-07T09:53:42.384+0000][18.627s][info ][safepoint     ] Entering safepoint region: ICBufferFull
[2023-10-07T09:53:42.385+0000][18.628s][info ][safepoint     ] Leaving safepoint region
[2023-10-07T09:53:42.385+0000][18.628s][info ][safepoint     ] Total time for which application threads were stopped: 0.0010247 seconds, Stopping threads took: 0.0003749 seconds
[2023-10-07T09:53:42.516+0000][18.759s][debug][safepoint     ] Safepoint synchronization initiated. (18 threads)
[2023-10-07T09:53:42.517+0000][18.759s][info ][safepoint     ] Application time: 0.1307506 seconds
[2023-10-07T09:53:42.517+0000][18.760s][info ][safepoint     ] Entering safepoint region: ICBufferFull
[2023-10-07T09:53:42.518+0000][18.760s][info ][safepoint     ] Leaving safepoint region
[2023-10-07T09:53:42.518+0000][18.761s][info ][safepoint     ] Total time for which application threads were stopped: 0.0009293 seconds, Stopping threads took: 0.0003629 seconds
[2023-10-07T09:53:42.870+0000][19.112s][debug][safepoint     ] Safepoint synchronization initiated. (18 threads)
[2023-10-07T09:53:42.870+0000][19.113s][info ][safepoint     ] Application time: 0.3519684 seconds
[2023-10-07T09:53:42.871+0000][19.113s][info ][safepoint     ] Entering safepoint region: G1CollectForAllocation
[2023-10-07T09:53:42.871+0000][19.114s][info ][gc,start      ] GC(34) Pause Young (Normal) (G1 Evacuation Pause)
[2023-10-07T09:53:42.872+0000][19.114s][info ][gc,task       ] GC(34) Using 8 workers of 8 for evacuation
[2023-10-07T09:53:42.886+0000][19.129s][info ][gc,phases     ] GC(34)   Pre Evacuate Collection Set: 0.1ms
[2023-10-07T09:53:42.887+0000][19.130s][info ][gc,phases     ] GC(34)   Evacuate Collection Set: 12.1ms
[2023-10-07T09:53:42.888+0000][19.130s][info ][gc,phases     ] GC(34)   Post Evacuate Collection Set: 2.0ms
[2023-10-07T09:53:42.888+0000][19.131s][info ][gc,phases     ] GC(34)   Other: 1.0ms
[2023-10-07T09:53:42.888+0000][19.131s][info ][gc,heap       ] GC(34) Eden regions: 187->0(182)
[2023-10-07T09:53:42.889+0000][19.132s][info ][gc,heap       ] GC(34) Survivor regions: 13->18(25)
[2023-10-07T09:53:42.889+0000][19.132s][info ][gc,heap       ] GC(34) Old regions: 36->36
[2023-10-07T09:53:42.890+0000][19.132s][info ][gc,heap       ] GC(34) Humongous regions: 0->0
[2023-10-07T09:53:42.890+0000][19.133s][info ][gc,metaspace  ] GC(34) Metaspace: 78776K(80720K)->78776K(80720K) NonClass: 68903K(70100K)->68903K(70100K) Class: 9872K(10620K)->9872K(10620K)
[2023-10-07T09:53:42.890+0000][19.133s][info ][gc            ] GC(34) Pause Young (Normal) (G1 Evacuation Pause) 234M->52M(334M) 19.132ms
[2023-10-07T09:53:42.891+0000][19.134s][info ][gc,cpu        ] GC(34) User=0.12s Sys=0.00s Real=0.02s
[2023-10-07T09:53:42.891+0000][19.134s][info ][safepoint     ] Leaving safepoint region
[2023-10-07T09:53:42.892+0000][19.134s][info ][safepoint     ] Total time for which application threads were stopped: 0.0209353 seconds, Stopping threads took: 0.0003857 seconds
[2023-10-07T09:53:42.892+0000][19.135s][info ][gc,stringdedup] Concurrent String Deduplication (19.135s)
[2023-10-07T09:53:42.895+0000][19.138s][info ][gc,stringdedup] Concurrent String Deduplication 228.1K->163.4K(66264.0B) avg 46.5% (19.135s, 19.138s) 2.852ms
[2023-10-07T09:53:43.421+0000][19.664s][debug][safepoint     ] Safepoint synchronization initiated. (18 threads)
[2023-10-07T09:53:43.422+0000][19.665s][info ][safepoint     ] Application time: 0.5299496 seconds
[2023-10-07T09:53:43.423+0000][19.665s][info ][safepoint     ] Entering safepoint region: ICBufferFull
[2023-10-07T09:53:43.423+0000][19.666s][info ][safepoint     ] Leaving safepoint region
[2023-10-07T09:53:43.424+0000][19.667s][info ][safepoint     ] Total time for which application threads were stopped: 0.0012605 seconds, Stopping threads took: 0.0004206 seconds
[2023-10-07T09:53:43.813+0000][20.055s][debug][safepoint     ] Safepoint synchronization initiated. (18 threads)
[2023-10-07T09:53:43.813+0000][20.056s][info ][safepoint     ] Application time: 0.3888783 seconds
[2023-10-07T09:53:43.814+0000][20.056s][info ][safepoint     ] Entering safepoint region: Deoptimize
[2023-10-07T09:53:43.817+0000][20.060s][info ][safepoint     ] Leaving safepoint region
[2023-10-07T09:53:43.817+0000][20.060s][info ][safepoint     ] Total time for which application threads were stopped: 0.0038348 seconds, Stopping threads took: 0.0003860 seconds
[2023-10-07T09:53:43.905+0000][20.147s][debug][safepoint     ] Safepoint synchronization initiated. (18 threads)
[2023-10-07T09:53:43.905+0000][20.148s][info ][safepoint     ] Application time: 0.0872131 seconds
[2023-10-07T09:53:43.906+0000][20.148s][info ][safepoint     ] Entering safepoint region: G1CollectForAllocation
[2023-10-07T09:53:43.906+0000][20.149s][info ][gc,start      ] GC(35) Pause Young (Normal) (G1 Evacuation Pause)
[2023-10-07T09:53:43.906+0000][20.149s][info ][gc,task       ] GC(35) Using 8 workers of 8 for evacuation
[2023-10-07T09:53:43.930+0000][20.173s][info ][gc,phases     ] GC(35)   Pre Evacuate Collection Set: 0.0ms
[2023-10-07T09:53:43.930+0000][20.173s][info ][gc,phases     ] GC(35)   Evacuate Collection Set: 20.6ms
[2023-10-07T09:53:43.931+0000][20.174s][info ][gc,phases     ] GC(35)   Post Evacuate Collection Set: 2.4ms
[2023-10-07T09:53:43.931+0000][20.174s][info ][gc,phases     ] GC(35)   Other: 0.8ms
[2023-10-07T09:53:43.932+0000][20.174s][info ][gc,heap       ] GC(35) Eden regions: 182->0(182)
[2023-10-07T09:53:43.932+0000][20.175s][info ][gc,heap       ] GC(35) Survivor regions: 18->18(25)
[2023-10-07T09:53:43.932+0000][20.175s][info ][gc,heap       ] GC(35) Old regions: 36->42
[2023-10-07T09:53:43.933+0000][20.176s][info ][gc,heap       ] GC(35) Humongous regions: 0->0
[2023-10-07T09:53:43.933+0000][20.176s][info ][gc,metaspace  ] GC(35) Metaspace: 80544K(82640K)->80544K(82640K) NonClass: 70561K(71892K)->70561K(71892K) Class: 9983K(10748K)->9983K(10748K)
[2023-10-07T09:53:43.934+0000][20.176s][info ][gc            ] GC(35) Pause Young (Normal) (G1 Evacuation Pause) 234M->57M(334M) 27.532ms
[2023-10-07T09:53:43.934+0000][20.177s][info ][gc,cpu        ] GC(35) User=0.19s Sys=0.01s Real=0.03s
[2023-10-07T09:53:43.934+0000][20.177s][info ][safepoint     ] Leaving safepoint region
[2023-10-07T09:53:43.935+0000][20.177s][info ][safepoint     ] Total time for which application threads were stopped: 0.0292110 seconds, Stopping threads took: 0.0003717 seconds
[2023-10-07T09:53:43.935+0000][20.178s][info ][gc,stringdedup] Concurrent String Deduplication (20.178s)
[2023-10-07T09:53:43.937+0000][20.180s][info ][gc,stringdedup] Concurrent String Deduplication 208.7K->71944.0B(138.5K) avg 46.9% (20.178s, 20.180s) 2.147ms
[2023-10-07T09:53:44.080+0000][20.323s][debug][safepoint     ] Safepoint synchronization initiated. (18 threads)
[2023-10-07T09:53:44.081+0000][20.323s][info ][safepoint     ] Application time: 0.1454475 seconds
[2023-10-07T09:53:44.081+0000][20.324s][info ][safepoint     ] Entering safepoint region: ICBufferFull
[2023-10-07T09:53:44.082+0000][20.324s][info ][safepoint     ] Leaving safepoint region
[2023-10-07T09:53:44.082+0000][20.325s][info ][safepoint     ] Total time for which application threads were stopped: 0.0009299 seconds, Stopping threads took: 0.0003813 seconds
[2023-10-07T09:53:44.512+0000][20.755s][debug][safepoint     ] Safepoint synchronization initiated. (18 threads)
[2023-10-07T09:53:44.513+0000][20.756s][info ][safepoint     ] Application time: 0.4305918 seconds
[2023-10-07T09:53:44.513+0000][20.756s][info ][safepoint     ] Entering safepoint region: Deoptimize
[2023-10-07T09:53:44.515+0000][20.758s][info ][safepoint     ] Leaving safepoint region
[2023-10-07T09:53:44.516+0000][20.758s][info ][safepoint     ] Total time for which application threads were stopped: 0.0023060 seconds, Stopping threads took: 0.0004702 seconds
[2023-10-07T09:53:44.657+0000][20.900s][debug][safepoint     ] Safepoint synchronization initiated. (22 threads)
[2023-10-07T09:53:44.658+0000][20.901s][info ][safepoint     ] Application time: 0.1419072 seconds
[2023-10-07T09:53:44.658+0000][20.901s][info ][safepoint     ] Entering safepoint region: ICBufferFull
[2023-10-07T09:53:44.659+0000][20.902s][info ][safepoint     ] Leaving safepoint region
[2023-10-07T09:53:44.660+0000][20.903s][info ][safepoint     ] Total time for which application threads were stopped: 0.0013035 seconds, Stopping threads took: 0.0005386 seconds
[2023-10-07T09:53:44.964+0000][21.207s][debug][safepoint     ] Safepoint synchronization initiated. (22 threads)
[2023-10-07T09:53:44.964+0000][21.207s][info ][safepoint     ] Application time: 0.3041055 seconds
[2023-10-07T09:53:44.965+0000][21.208s][info ][safepoint     ] Entering safepoint region: G1CollectForAllocation
[2023-10-07T09:53:44.966+0000][21.208s][info ][gc,start      ] GC(36) Pause Young (Normal) (G1 Evacuation Pause)
[2023-10-07T09:53:44.966+0000][21.209s][info ][gc,task       ] GC(36) Using 8 workers of 8 for evacuation
[2023-10-07T09:53:44.983+0000][21.226s][info ][gc,phases     ] GC(36)   Pre Evacuate Collection Set: 0.0ms
[2023-10-07T09:53:44.983+0000][21.226s][info ][gc,phases     ] GC(36)   Evacuate Collection Set: 14.3ms
[2023-10-07T09:53:44.984+0000][21.227s][info ][gc,phases     ] GC(36)   Post Evacuate Collection Set: 2.2ms
[2023-10-07T09:53:44.984+0000][21.227s][info ][gc,phases     ] GC(36)   Other: 0.9ms
[2023-10-07T09:53:44.985+0000][21.227s][info ][gc,heap       ] GC(36) Eden regions: 182->0(184)
[2023-10-07T09:53:44.985+0000][21.228s][info ][gc,heap       ] GC(36) Survivor regions: 18->16(25)
[2023-10-07T09:53:44.986+0000][21.228s][info ][gc,heap       ] GC(36) Old regions: 42->48
[2023-10-07T09:53:44.986+0000][21.229s][info ][gc,heap       ] GC(36) Humongous regions: 0->0
[2023-10-07T09:53:44.986+0000][21.229s][info ][gc,metaspace  ] GC(36) Metaspace: 82958K(85328K)->82958K(85328K) NonClass: 72665K(74196K)->72665K(74196K) Class: 10292K(11132K)->10292K(11132K)
[2023-10-07T09:53:44.987+0000][21.229s][info ][gc            ] GC(36) Pause Young (Normal) (G1 Evacuation Pause) 239M->61M(334M) 21.217ms
[2023-10-07T09:53:44.987+0000][21.230s][info ][gc,cpu        ] GC(36) User=0.12s Sys=0.00s Real=0.02s
[2023-10-07T09:53:44.988+0000][21.230s][info ][safepoint     ] Leaving safepoint region
[2023-10-07T09:53:44.988+0000][21.231s][info ][safepoint     ] Total time for which application threads were stopped: 0.0230988 seconds, Stopping threads took: 0.0004090 seconds
[2023-10-07T09:53:44.988+0000][21.231s][info ][gc,stringdedup] Concurrent String Deduplication (21.231s)
[2023-10-07T09:53:44.992+0000][21.235s][info ][gc,stringdedup] Concurrent String Deduplication 444.4K->108.9K(335.5K) avg 48.0% (21.231s, 21.235s) 3.436ms
[2023-10-07T09:53:45.446+0000][21.688s][debug][safepoint     ] Safepoint synchronization initiated. (21 threads)
[2023-10-07T09:53:45.446+0000][21.689s][info ][safepoint     ] Application time: 0.4577687 seconds
[2023-10-07T09:53:45.447+0000][21.689s][info ][safepoint     ] Entering safepoint region: ICBufferFull
[2023-10-07T09:53:45.447+0000][21.690s][info ][safepoint     ] Leaving safepoint region
[2023-10-07T09:53:45.448+0000][21.690s][info ][safepoint     ] Total time for which application threads were stopped: 0.0011667 seconds, Stopping threads took: 0.0003985 seconds
[2023-10-07T09:53:45.522+0000][21.765s][debug][safepoint     ] Safepoint synchronization initiated. (21 threads)
[2023-10-07T09:53:45.523+0000][21.766s][info ][safepoint     ] Application time: 0.0747458 seconds
[2023-10-07T09:53:45.523+0000][21.766s][info ][safepoint     ] Entering safepoint region: Deoptimize
[2023-10-07T09:53:45.525+0000][21.768s][info ][safepoint     ] Leaving safepoint region
[2023-10-07T09:53:45.526+0000][21.769s][info ][safepoint     ] Total time for which application threads were stopped: 0.0023832 seconds, Stopping threads took: 0.0004659 seconds
[2023-10-07T09:53:45.844+0000][22.087s][debug][safepoint     ] Safepoint synchronization initiated. (21 threads)
[2023-10-07T09:53:45.845+0000][22.087s][info ][safepoint     ] Application time: 0.3184897 seconds
[2023-10-07T09:53:45.845+0000][22.088s][debug][safepoint     ] Waiting for 1 thread(s) to block
[2023-10-07T09:53:45.846+0000][22.089s][info ][safepoint     ] Entering safepoint region: G1CollectForAllocation
[2023-10-07T09:53:45.847+0000][22.090s][info ][gc,start      ] GC(37) Pause Young (Normal) (G1 Evacuation Pause)
[2023-10-07T09:53:45.847+0000][22.090s][info ][gc,task       ] GC(37) Using 8 workers of 8 for evacuation
[2023-10-07T09:53:45.881+0000][22.124s][info ][gc,phases     ] GC(37)   Pre Evacuate Collection Set: 0.0ms
[2023-10-07T09:53:45.884+0000][22.126s][info ][gc,phases     ] GC(37)   Evacuate Collection Set: 24.4ms
[2023-10-07T09:53:45.885+0000][22.127s][info ][gc,phases     ] GC(37)   Post Evacuate Collection Set: 8.3ms
[2023-10-07T09:53:45.885+0000][22.128s][info ][gc,phases     ] GC(37)   Other: 1.6ms
[2023-10-07T09:53:45.886+0000][22.129s][info ][gc,heap       ] GC(37) Eden regions: 184->0(185)
[2023-10-07T09:53:45.887+0000][22.130s][info ][gc,heap       ] GC(37) Survivor regions: 16->15(25)
[2023-10-07T09:53:45.887+0000][22.130s][info ][gc,heap       ] GC(37) Old regions: 48->52
[2023-10-07T09:53:45.888+0000][22.131s][info ][gc,heap       ] GC(37) Humongous regions: 0->0
[2023-10-07T09:53:45.889+0000][22.131s][info ][gc,metaspace  ] GC(37) Metaspace: 84591K(87120K)->84591K(87120K) NonClass: 74147K(75732K)->74147K(75732K) Class: 10444K(11388K)->10444K(11388K)
[2023-10-07T09:53:45.889+0000][22.132s][info ][gc            ] GC(37) Pause Young (Normal) (G1 Evacuation Pause) 245M->65M(334M) 42.245ms
[2023-10-07T09:53:45.890+0000][22.132s][info ][gc,cpu        ] GC(37) User=0.18s Sys=0.00s Real=0.04s
[2023-10-07T09:53:45.890+0000][22.133s][info ][safepoint     ] Leaving safepoint region
[2023-10-07T09:53:45.891+0000][22.134s][info ][safepoint     ] Total time for which application threads were stopped: 0.0461569 seconds, Stopping threads took: 0.0012631 seconds
[2023-10-07T09:53:45.892+0000][22.135s][info ][gc,stringdedup] Concurrent String Deduplication (22.135s)
[2023-10-07T09:53:45.906+0000][22.149s][info ][gc,stringdedup] Concurrent String Deduplication 512.5K->126.1K(386.4K) avg 49.2% (22.135s, 22.149s) 13.628ms
[2023-10-07T09:53:46.022+0000][22.264s][debug][safepoint     ] Safepoint synchronization initiated. (21 threads)
[2023-10-07T09:53:46.033+0000][22.275s][info ][safepoint     ] Application time: 0.1402042 seconds
[2023-10-07T09:53:46.033+0000][22.276s][info ][safepoint     ] Entering safepoint region: Deoptimize
[2023-10-07T09:53:46.035+0000][22.278s][info ][safepoint     ] Leaving safepoint region
[2023-10-07T09:53:46.036+0000][22.279s][info ][safepoint     ] Total time for which application threads were stopped: 0.0028634 seconds, Stopping threads took: 0.0005587 seconds
[2023-10-07T09:53:46.205+0000][22.447s][debug][safepoint     ] Safepoint synchronization initiated. (22 threads)
[2023-10-07T09:53:46.205+0000][22.448s][info ][safepoint     ] Application time: 0.1685446 seconds
[2023-10-07T09:53:46.206+0000][22.448s][info ][safepoint     ] Entering safepoint region: Deoptimize
[2023-10-07T09:53:46.208+0000][22.450s][info ][safepoint     ] Leaving safepoint region
[2023-10-07T09:53:46.208+0000][22.451s][info ][safepoint     ] Total time for which application threads were stopped: 0.0024167 seconds, Stopping threads took: 0.0004214 seconds
[2023-10-07T09:53:46.437+0000][22.680s][debug][safepoint     ] Safepoint synchronization initiated. (23 threads)
[2023-10-07T09:53:46.438+0000][22.681s][info ][safepoint     ] Application time: 0.2294058 seconds
[2023-10-07T09:53:46.438+0000][22.681s][info ][safepoint     ] Entering safepoint region: Deoptimize
[2023-10-07T09:53:46.440+0000][22.683s][info ][safepoint     ] Leaving safepoint region
[2023-10-07T09:53:46.440+0000][22.683s][info ][safepoint     ] Total time for which application threads were stopped: 0.0021383 seconds, Stopping threads took: 0.0003758 seconds
[2023-10-07T09:53:47.078+0000][23.321s][debug][safepoint     ] Safepoint synchronization initiated. (25 threads)
[2023-10-07T09:53:47.078+0000][23.321s][info ][safepoint     ] Application time: 0.6375035 seconds
[2023-10-07T09:53:47.079+0000][23.322s][info ][safepoint     ] Entering safepoint region: Deoptimize
[2023-10-07T09:53:47.081+0000][23.323s][info ][safepoint     ] Leaving safepoint region
[2023-10-07T09:53:47.081+0000][23.324s][info ][safepoint     ] Total time for which application threads were stopped: 0.0023559 seconds, Stopping threads took: 0.0004098 seconds
[2023-10-07T09:53:47.088+0000][23.331s][debug][safepoint     ] Safepoint synchronization initiated. (25 threads)
[2023-10-07T09:53:47.089+0000][23.332s][info ][safepoint     ] Application time: 0.0073034 seconds
[2023-10-07T09:53:47.089+0000][23.332s][info ][safepoint     ] Entering safepoint region: G1CollectForAllocation
[2023-10-07T09:53:47.090+0000][23.333s][info ][gc,start      ] GC(38) Pause Young (Normal) (G1 Evacuation Pause)
[2023-10-07T09:53:47.090+0000][23.333s][info ][gc,task       ] GC(38) Using 8 workers of 8 for evacuation
[2023-10-07T09:53:47.106+0000][23.349s][info ][gc,phases     ] GC(38)   Pre Evacuate Collection Set: 0.0ms
[2023-10-07T09:53:47.107+0000][23.349s][info ][gc,phases     ] GC(38)   Evacuate Collection Set: 12.9ms
[2023-10-07T09:53:47.107+0000][23.350s][info ][gc,phases     ] GC(38)   Post Evacuate Collection Set: 2.2ms
[2023-10-07T09:53:47.107+0000][23.350s][info ][gc,phases     ] GC(38)   Other: 0.9ms
[2023-10-07T09:53:47.108+0000][23.351s][info ][gc,heap       ] GC(38) Eden regions: 185->0(187)
[2023-10-07T09:53:47.108+0000][23.351s][info ][gc,heap       ] GC(38) Survivor regions: 15->13(25)
[2023-10-07T09:53:47.109+0000][23.351s][info ][gc,heap       ] GC(38) Old regions: 52->58
[2023-10-07T09:53:47.109+0000][23.352s][info ][gc,heap       ] GC(38) Humongous regions: 0->0
[2023-10-07T09:53:47.109+0000][23.352s][info ][gc,metaspace  ] GC(38) Metaspace: 91018K(93904K)->91018K(93904K) NonClass: 79738K(81620K)->79738K(81620K) Class: 11279K(12284K)->11279K(12284K)
[2023-10-07T09:53:47.110+0000][23.353s][info ][gc            ] GC(38) Pause Young (Normal) (G1 Evacuation Pause) 250M->69M(334M) 20.003ms
[2023-10-07T09:53:47.110+0000][23.353s][info ][gc,cpu        ] GC(38) User=0.13s Sys=0.00s Real=0.02s
[2023-10-07T09:53:47.111+0000][23.354s][info ][safepoint     ] Leaving safepoint region
[2023-10-07T09:53:47.111+0000][23.354s][info ][safepoint     ] Total time for which application threads were stopped: 0.0219107 seconds, Stopping threads took: 0.0003890 seconds
[2023-10-07T09:53:47.112+0000][23.355s][info ][gc,stringdedup] Concurrent String Deduplication (23.355s)
[2023-10-07T09:53:47.115+0000][23.357s][info ][gc,stringdedup] Concurrent String Deduplication 336.4K->99840.0B(238.9K) avg 49.8% (23.355s, 23.357s) 2.701ms
[2023-10-07T09:53:47.178+0000][23.421s][debug][safepoint     ] Safepoint synchronization initiated. (25 threads)
[2023-10-07T09:53:47.179+0000][23.422s][info ][safepoint     ] Application time: 0.0671465 seconds
[2023-10-07T09:53:47.180+0000][23.422s][info ][safepoint     ] Entering safepoint region: Deoptimize
[2023-10-07T09:53:47.182+0000][23.425s][info ][safepoint     ] Leaving safepoint region
[2023-10-07T09:53:47.183+0000][23.426s][info ][safepoint     ] Total time for which application threads were stopped: 0.0034204 seconds, Stopping threads took: 0.0005720 seconds
[2023-10-07T09:53:47.259+0000][23.501s][debug][safepoint     ] Safepoint synchronization initiated. (25 threads)
[2023-10-07T09:53:47.259+0000][23.502s][info ][safepoint     ] Application time: 0.0751496 seconds
[2023-10-07T09:53:47.260+0000][23.503s][info ][safepoint     ] Entering safepoint region: Deoptimize
[2023-10-07T09:53:47.262+0000][23.505s][info ][safepoint     ] Leaving safepoint region
[2023-10-07T09:53:47.263+0000][23.506s][info ][safepoint     ] Total time for which application threads were stopped: 0.0029018 seconds, Stopping threads took: 0.0006212 seconds
[2023-10-07T09:53:47.274+0000][23.516s][debug][safepoint     ] Safepoint synchronization initiated. (25 threads)
[2023-10-07T09:53:47.274+0000][23.517s][info ][safepoint     ] Application time: 0.0106132 seconds
[2023-10-07T09:53:47.275+0000][23.517s][info ][safepoint     ] Entering safepoint region: Deoptimize
[2023-10-07T09:53:47.277+0000][23.519s][info ][safepoint     ] Leaving safepoint region
[2023-10-07T09:53:47.277+0000][23.520s][info ][safepoint     ] Total time for which application threads were stopped: 0.0025483 seconds, Stopping threads took: 0.0005929 seconds
[2023-10-07T09:53:47.341+0000][23.584s][debug][safepoint     ] Safepoint synchronization initiated. (25 threads)
[2023-10-07T09:53:47.342+0000][23.584s][info ][safepoint     ] Application time: 0.0639001 seconds
[2023-10-07T09:53:47.342+0000][23.585s][info ][safepoint     ] Entering safepoint region: Deoptimize
[2023-10-07T09:53:47.344+0000][23.587s][info ][safepoint     ] Leaving safepoint region
[2023-10-07T09:53:47.345+0000][23.588s][info ][safepoint     ] Total time for which application threads were stopped: 0.0027370 seconds, Stopping threads took: 0.0004780 seconds
[2023-10-07T09:53:47.825+0000][24.067s][debug][safepoint     ] Safepoint synchronization initiated. (28 threads)
[2023-10-07T09:53:47.825+0000][24.068s][info ][safepoint     ] Application time: 0.4800689 seconds
[2023-10-07T09:53:47.827+0000][24.069s][info ][safepoint     ] Entering safepoint region: ICBufferFull
[2023-10-07T09:53:47.828+0000][24.071s][info ][safepoint     ] Leaving safepoint region
[2023-10-07T09:53:47.828+0000][24.071s][info ][safepoint     ] Total time for which application threads were stopped: 0.0018247 seconds, Stopping threads took: 0.0010655 seconds
[2023-10-07T09:53:48.126+0000][24.369s][debug][safepoint     ] Safepoint synchronization initiated. (34 threads)
[2023-10-07T09:53:48.127+0000][24.369s][info ][safepoint     ] Application time: 0.2978010 seconds
[2023-10-07T09:53:48.127+0000][24.370s][info ][safepoint     ] Entering safepoint region: ICBufferFull
[2023-10-07T09:53:48.128+0000][24.371s][info ][safepoint     ] Leaving safepoint region
[2023-10-07T09:53:48.128+0000][24.371s][info ][safepoint     ] Total time for which application threads were stopped: 0.0011227 seconds, Stopping threads took: 0.0004341 seconds
[2023-10-07T09:53:48.295+0000][24.538s][debug][safepoint     ] Safepoint synchronization initiated. (35 threads)
[2023-10-07T09:53:48.296+0000][24.539s][info ][safepoint     ] Application time: 0.1674258 seconds
[2023-10-07T09:53:48.296+0000][24.539s][info ][safepoint     ] Entering safepoint region: Deoptimize
[2023-10-07T09:53:48.298+0000][24.541s][info ][safepoint     ] Leaving safepoint region
[2023-10-07T09:53:48.299+0000][24.542s][info ][safepoint     ] Total time for which application threads were stopped: 0.0024192 seconds, Stopping threads took: 0.0003765 seconds
[2023-10-07T09:53:48.395+0000][24.637s][debug][safepoint     ] Safepoint synchronization initiated. (35 threads)
[2023-10-07T09:53:48.395+0000][24.638s][info ][safepoint     ] Application time: 0.0961399 seconds
[2023-10-07T09:53:48.396+0000][24.639s][info ][safepoint     ] Entering safepoint region: G1CollectForAllocation
[2023-10-07T09:53:48.397+0000][24.639s][info ][gc,start      ] GC(39) Pause Young (Normal) (G1 Evacuation Pause)
[2023-10-07T09:53:48.397+0000][24.640s][info ][gc,task       ] GC(39) Using 8 workers of 8 for evacuation
[2023-10-07T09:53:48.429+0000][24.671s][info ][gc,phases     ] GC(39)   Pre Evacuate Collection Set: 0.0ms
[2023-10-07T09:53:48.429+0000][24.672s][info ][gc,phases     ] GC(39)   Evacuate Collection Set: 26.8ms
[2023-10-07T09:53:48.430+0000][24.673s][info ][gc,phases     ] GC(39)   Post Evacuate Collection Set: 3.9ms
[2023-10-07T09:53:48.430+0000][24.673s][info ][gc,phases     ] GC(39)   Other: 1.2ms
[2023-10-07T09:53:48.431+0000][24.673s][info ][gc,heap       ] GC(39) Eden regions: 187->0(182)
[2023-10-07T09:53:48.431+0000][24.674s][info ][gc,heap       ] GC(39) Survivor regions: 13->18(25)
[2023-10-07T09:53:48.432+0000][24.674s][info ][gc,heap       ] GC(39) Old regions: 58->58
[2023-10-07T09:53:48.432+0000][24.675s][info ][gc,heap       ] GC(39) Humongous regions: 0->0
[2023-10-07T09:53:48.432+0000][24.675s][info ][gc,metaspace  ] GC(39) Metaspace: 94006K(96848K)->94006K(96848K) NonClass: 82421K(84180K)->82421K(84180K) Class: 11584K(12668K)->11584K(12668K)
[2023-10-07T09:53:48.433+0000][24.676s][info ][gc            ] GC(39) Pause Young (Normal) (G1 Evacuation Pause) 256M->74M(334M) 36.173ms
[2023-10-07T09:53:48.433+0000][24.676s][info ][gc,cpu        ] GC(39) User=0.22s Sys=0.00s Real=0.04s
[2023-10-07T09:53:48.434+0000][24.677s][info ][safepoint     ] Leaving safepoint region
[2023-10-07T09:53:48.434+0000][24.677s][info ][safepoint     ] Total time for which application threads were stopped: 0.0383220 seconds, Stopping threads took: 0.0005310 seconds
[2023-10-07T09:53:48.435+0000][24.678s][info ][gc,stringdedup] Concurrent String Deduplication (24.678s)
[2023-10-07T09:53:48.440+0000][24.683s][info ][gc,stringdedup] Concurrent String Deduplication 253.1K->69024.0B(185.7K) avg 50.3% (24.678s, 24.683s) 5.377ms
[2023-10-07T09:53:48.474+0000][24.717s][debug][safepoint     ] Safepoint synchronization initiated. (35 threads)
[2023-10-07T09:53:48.475+0000][24.718s][info ][safepoint     ] Application time: 0.0401055 seconds
[2023-10-07T09:53:48.475+0000][24.718s][info ][safepoint     ] Entering safepoint region: Deoptimize
[2023-10-07T09:53:48.477+0000][24.720s][info ][safepoint     ] Leaving safepoint region
[2023-10-07T09:53:48.478+0000][24.721s][info ][safepoint     ] Total time for which application threads were stopped: 0.0025346 seconds, Stopping threads took: 0.0004879 seconds
[2023-10-07T09:53:48.972+0000][25.215s][debug][safepoint     ] Safepoint synchronization initiated. (35 threads)
[2023-10-07T09:53:48.973+0000][25.215s][info ][safepoint     ] Application time: 0.4943797 seconds
[2023-10-07T09:53:48.973+0000][25.216s][info ][safepoint     ] Entering safepoint region: ICBufferFull
[2023-10-07T09:53:48.974+0000][25.217s][info ][safepoint     ] Leaving safepoint region
[2023-10-07T09:53:48.976+0000][25.218s][info ][safepoint     ] Total time for which application threads were stopped: 0.0023055 seconds, Stopping threads took: 0.0005778 seconds
[2023-10-07T09:53:49.230+0000][25.473s][debug][safepoint     ] Safepoint synchronization initiated. (35 threads)
[2023-10-07T09:53:49.230+0000][25.473s][info ][safepoint     ] Application time: 0.2543276 seconds
[2023-10-07T09:53:49.231+0000][25.474s][info ][safepoint     ] Entering safepoint region: Deoptimize
[2023-10-07T09:53:49.233+0000][25.475s][info ][safepoint     ] Leaving safepoint region
[2023-10-07T09:53:49.233+0000][25.476s][info ][safepoint     ] Total time for which application threads were stopped: 0.0024314 seconds, Stopping threads took: 0.0004894 seconds
[2023-10-07T09:53:49.235+0000][25.478s][debug][safepoint     ] Safepoint synchronization initiated. (35 threads)
[2023-10-07T09:53:49.236+0000][25.478s][info ][safepoint     ] Application time: 0.0018456 seconds
[2023-10-07T09:53:49.236+0000][25.479s][info ][safepoint     ] Entering safepoint region: Deoptimize
[2023-10-07T09:53:49.238+0000][25.481s][info ][safepoint     ] Leaving safepoint region
[2023-10-07T09:53:49.239+0000][25.482s][info ][safepoint     ] Total time for which application threads were stopped: 0.0029465 seconds, Stopping threads took: 0.0005414 seconds
[2023-10-07T09:53:49.270+0000][25.512s][debug][safepoint     ] Safepoint synchronization initiated. (35 threads)
[2023-10-07T09:53:49.270+0000][25.513s][info ][safepoint     ] Application time: 0.0302969 seconds
[2023-10-07T09:53:49.271+0000][25.513s][info ][safepoint     ] Entering safepoint region: Deoptimize
[2023-10-07T09:53:49.274+0000][25.517s][info ][safepoint     ] Leaving safepoint region
[2023-10-07T09:53:49.275+0000][25.517s][info ][safepoint     ] Total time for which application threads were stopped: 0.0040068 seconds, Stopping threads took: 0.0004557 seconds
[2023-10-07T09:53:49.579+0000][25.822s][debug][safepoint     ] Safepoint synchronization initiated. (35 threads)
[2023-10-07T09:53:49.580+0000][25.823s][info ][safepoint     ] Application time: 0.3045439 seconds
[2023-10-07T09:53:49.580+0000][25.823s][info ][safepoint     ] Entering safepoint region: G1CollectForAllocation
[2023-10-07T09:53:49.581+0000][25.824s][info ][gc,start      ] GC(40) Pause Young (Normal) (G1 Evacuation Pause)
[2023-10-07T09:53:49.581+0000][25.824s][info ][gc,task       ] GC(40) Using 8 workers of 8 for evacuation
[2023-10-07T09:53:49.608+0000][25.850s][info ][gc,phases     ] GC(40)   Pre Evacuate Collection Set: 0.0ms
[2023-10-07T09:53:49.608+0000][25.851s][info ][gc,phases     ] GC(40)   Evacuate Collection Set: 21.3ms
[2023-10-07T09:53:49.609+0000][25.851s][info ][gc,phases     ] GC(40)   Post Evacuate Collection Set: 4.1ms
[2023-10-07T09:53:49.609+0000][25.852s][info ][gc,phases     ] GC(40)   Other: 1.1ms
[2023-10-07T09:53:49.609+0000][25.852s][info ][gc,heap       ] GC(40) Eden regions: 182->0(186)
[2023-10-07T09:53:49.610+0000][25.853s][info ][gc,heap       ] GC(40) Survivor regions: 18->14(25)
[2023-10-07T09:53:49.610+0000][25.853s][info ][gc,heap       ] GC(40) Old regions: 58->65
[2023-10-07T09:53:49.611+0000][25.853s][info ][gc,heap       ] GC(40) Humongous regions: 0->0
[2023-10-07T09:53:49.611+0000][25.854s][info ][gc,metaspace  ] GC(40) Metaspace: 98364K(101200K)->98364K(101200K) NonClass: 86310K(88020K)->86310K(88020K) Class: 12054K(13180K)->12054K(13180K)
[2023-10-07T09:53:49.612+0000][25.854s][info ][gc            ] GC(40) Pause Young (Normal) (G1 Evacuation Pause) 256M->77M(334M) 30.657ms
[2023-10-07T09:53:49.612+0000][25.855s][info ][gc,cpu        ] GC(40) User=0.18s Sys=0.01s Real=0.03s
[2023-10-07T09:53:49.613+0000][25.855s][info ][safepoint     ] Leaving safepoint region
[2023-10-07T09:53:49.613+0000][25.856s][info ][safepoint     ] Total time for which application threads were stopped: 0.0326874 seconds, Stopping threads took: 0.0004589 seconds
[2023-10-07T09:53:49.613+0000][25.856s][info ][gc,stringdedup] Concurrent String Deduplication (25.856s)
[2023-10-07T09:53:49.618+0000][25.861s][info ][gc,stringdedup] Concurrent String Deduplication 420.5K->243.1K(177.3K) avg 50.1% (25.856s, 25.861s) 4.731ms
[2023-10-07T09:53:49.650+0000][25.893s][debug][safepoint     ] Safepoint synchronization initiated. (37 threads)
[2023-10-07T09:53:49.651+0000][25.893s][info ][safepoint     ] Application time: 0.0372464 seconds
[2023-10-07T09:53:49.651+0000][25.894s][info ][safepoint     ] Entering safepoint region: CollectForMetadataAllocation
[2023-10-07T09:53:49.652+0000][25.894s][info ][gc,start      ] GC(41) Pause Young (Concurrent Start) (Metadata GC Threshold)
[2023-10-07T09:53:49.652+0000][25.895s][info ][gc,task       ] GC(41) Using 8 workers of 8 for evacuation
[2023-10-07T09:53:49.665+0000][25.908s][info ][gc,phases     ] GC(41)   Pre Evacuate Collection Set: 0.4ms
[2023-10-07T09:53:49.666+0000][25.908s][info ][gc,phases     ] GC(41)   Evacuate Collection Set: 10.1ms
[2023-10-07T09:53:49.666+0000][25.909s][info ][gc,phases     ] GC(41)   Post Evacuate Collection Set: 1.9ms
[2023-10-07T09:53:49.667+0000][25.909s][info ][gc,phases     ] GC(41)   Other: 1.2ms
[2023-10-07T09:53:49.667+0000][25.910s][info ][gc,heap       ] GC(41) Eden regions: 11->0(160)
[2023-10-07T09:53:49.667+0000][25.910s][info ][gc,heap       ] GC(41) Survivor regions: 14->10(25)
[2023-10-07T09:53:49.668+0000][25.910s][info ][gc,heap       ] GC(41) Old regions: 65->69
[2023-10-07T09:53:49.668+0000][25.911s][info ][gc,heap       ] GC(41) Humongous regions: 0->0
[2023-10-07T09:53:49.669+0000][25.911s][info ][gc,metaspace  ] GC(41) Metaspace: 98461K(101200K)->98461K(101200K) NonClass: 86391K(88020K)->86391K(88020K) Class: 12070K(13180K)->12070K(13180K)
[2023-10-07T09:53:49.669+0000][25.912s][info ][gc            ] GC(41) Pause Young (Concurrent Start) (Metadata GC Threshold) 88M->77M(334M) 17.271ms
[2023-10-07T09:53:49.669+0000][25.912s][info ][gc,cpu        ] GC(41) User=0.04s Sys=0.02s Real=0.02s
[2023-10-07T09:53:49.670+0000][25.913s][info ][gc            ] GC(42) Concurrent Cycle
[2023-10-07T09:53:49.670+0000][25.913s][info ][gc,marking    ] GC(42) Concurrent Clear Claimed Marks
[2023-10-07T09:53:49.670+0000][25.913s][info ][safepoint     ] Leaving safepoint region
[2023-10-07T09:53:49.671+0000][25.914s][info ][safepoint     ] Total time for which application threads were stopped: 0.0202005 seconds, Stopping threads took: 0.0004106 seconds
[2023-10-07T09:53:49.671+0000][25.914s][info ][gc,marking    ] GC(42) Concurrent Clear Claimed Marks 0.977ms
[2023-10-07T09:53:49.672+0000][25.915s][info ][gc,marking    ] GC(42) Concurrent Scan Root Regions
[2023-10-07T09:53:49.672+0000][25.914s][info ][gc,stringdedup] Concurrent String Deduplication (25.914s)
[2023-10-07T09:53:49.677+0000][25.920s][info ][gc,stringdedup] Concurrent String Deduplication 486.4K->182.7K(303.7K) avg 50.5% (25.914s, 25.920s) 5.108ms
[2023-10-07T09:53:49.678+0000][25.921s][info ][gc,marking    ] GC(42) Concurrent Scan Root Regions 5.662ms
[2023-10-07T09:53:49.678+0000][25.921s][info ][gc,marking    ] GC(42) Concurrent Mark (25.921s)
[2023-10-07T09:53:49.679+0000][25.922s][info ][gc,marking    ] GC(42) Concurrent Mark From Roots
[2023-10-07T09:53:49.679+0000][25.922s][info ][gc,task       ] GC(42) Using 2 workers of 2 for marking
[2023-10-07T09:53:49.696+0000][25.938s][debug][safepoint     ] Safepoint synchronization initiated. (38 threads)
[2023-10-07T09:53:49.696+0000][25.939s][info ][safepoint     ] Application time: 0.0246633 seconds
[2023-10-07T09:53:49.697+0000][25.940s][info ][safepoint     ] Entering safepoint region: Deoptimize
[2023-10-07T09:53:49.699+0000][25.941s][info ][safepoint     ] Leaving safepoint region
[2023-10-07T09:53:49.699+0000][25.942s][info ][safepoint     ] Total time for which application threads were stopped: 0.0023156 seconds, Stopping threads took: 0.0003608 seconds
[2023-10-07T09:53:49.722+0000][25.965s][debug][safepoint     ] Safepoint synchronization initiated. (38 threads)
[2023-10-07T09:53:49.723+0000][25.966s][info ][safepoint     ] Application time: 0.0232555 seconds
[2023-10-07T09:53:49.723+0000][25.966s][info ][safepoint     ] Entering safepoint region: CollectForMetadataAllocation
[2023-10-07T09:53:49.724+0000][25.967s][info ][safepoint     ] Leaving safepoint region
[2023-10-07T09:53:49.724+0000][25.967s][info ][safepoint     ] Total time for which application threads were stopped: 0.0010226 seconds, Stopping threads took: 0.0003796 seconds
[2023-10-07T09:53:49.750+0000][25.992s][info ][gc,marking    ] GC(42) Concurrent Mark From Roots 70.673ms
[2023-10-07T09:53:49.750+0000][25.993s][info ][gc,marking    ] GC(42) Concurrent Preclean
[2023-10-07T09:53:49.751+0000][25.994s][info ][gc,marking    ] GC(42) Concurrent Preclean 0.681ms
[2023-10-07T09:53:49.751+0000][25.994s][info ][gc,marking    ] GC(42) Concurrent Mark (25.921s, 25.994s) 73.051ms
[2023-10-07T09:53:49.752+0000][25.995s][debug][safepoint     ] Safepoint synchronization initiated. (38 threads)
[2023-10-07T09:53:49.752+0000][25.995s][info ][safepoint     ] Application time: 0.0275164 seconds
[2023-10-07T09:53:49.753+0000][25.995s][info ][safepoint     ] Entering safepoint region: CGC_Operation
[2023-10-07T09:53:49.753+0000][25.996s][info ][gc,start      ] GC(42) Pause Remark
[2023-10-07T09:53:49.764+0000][26.006s][info ][gc,stringtable] GC(42) Cleaned string and symbol table, strings: 46128 processed, 83 removed, symbols: 280217 processed, 320 removed
[2023-10-07T09:53:49.764+0000][26.007s][info ][gc            ] GC(42) Pause Remark 99M->99M(334M) 10.977ms
[2023-10-07T09:53:49.765+0000][26.007s][info ][gc,cpu        ] GC(42) User=0.07s Sys=0.00s Real=0.01s
[2023-10-07T09:53:49.765+0000][26.008s][info ][safepoint     ] Leaving safepoint region
[2023-10-07T09:53:49.766+0000][26.008s][info ][safepoint     ] Total time for which application threads were stopped: 0.0129199 seconds, Stopping threads took: 0.0004201 seconds
[2023-10-07T09:53:49.766+0000][26.009s][info ][gc,marking    ] GC(42) Concurrent Rebuild Remembered Sets
[2023-10-07T09:53:49.819+0000][26.061s][info ][gc,marking    ] GC(42) Concurrent Rebuild Remembered Sets 52.535ms
[2023-10-07T09:53:49.819+0000][26.062s][debug][safepoint     ] Safepoint synchronization initiated. (38 threads)
[2023-10-07T09:53:49.820+0000][26.062s][info ][safepoint     ] Application time: 0.0536574 seconds
[2023-10-07T09:53:49.820+0000][26.063s][debug][safepoint     ] Waiting for 1 thread(s) to block
[2023-10-07T09:53:49.827+0000][26.070s][info ][safepoint     ] Entering safepoint region: CGC_Operation
[2023-10-07T09:53:49.828+0000][26.071s][info ][gc,start      ] GC(42) Pause Cleanup
[2023-10-07T09:53:49.829+0000][26.071s][info ][gc            ] GC(42) Pause Cleanup 109M->109M(334M) 0.653ms
[2023-10-07T09:53:49.829+0000][26.072s][info ][gc,cpu        ] GC(42) User=0.00s Sys=0.00s Real=0.00s
[2023-10-07T09:53:49.829+0000][26.072s][info ][safepoint     ] Leaving safepoint region
[2023-10-07T09:53:49.830+0000][26.072s][info ][safepoint     ] Total time for which application threads were stopped: 0.0097072 seconds, Stopping threads took: 0.0076857 seconds
[2023-10-07T09:53:49.830+0000][26.073s][info ][gc,marking    ] GC(42) Concurrent Cleanup for Next Mark
[2023-10-07T09:53:49.832+0000][26.074s][info ][gc,marking    ] GC(42) Concurrent Cleanup for Next Mark 1.449ms
[2023-10-07T09:53:49.832+0000][26.075s][info ][gc            ] GC(42) Concurrent Cycle 162.267ms
[2023-10-07T09:53:50.448+0000][26.691s][debug][safepoint     ] Safepoint synchronization initiated. (39 threads)
[2023-10-07T09:53:50.449+0000][26.692s][info ][safepoint     ] Application time: 0.6190437 seconds
[2023-10-07T09:53:50.450+0000][26.692s][debug][safepoint     ] Waiting for 1 thread(s) to block
[2023-10-07T09:53:50.450+0000][26.693s][info ][safepoint     ] Entering safepoint region: G1CollectForAllocation
[2023-10-07T09:53:50.451+0000][26.694s][info ][gc,start      ] GC(43) Pause Young (Concurrent Start) (G1 Evacuation Pause)
[2023-10-07T09:53:50.451+0000][26.694s][info ][gc,task       ] GC(43) Using 8 workers of 8 for evacuation
[2023-10-07T09:53:50.469+0000][26.711s][info ][gc,phases     ] GC(43)   Pre Evacuate Collection Set: 0.4ms
[2023-10-07T09:53:50.469+0000][26.712s][info ][gc,phases     ] GC(43)   Evacuate Collection Set: 14.1ms
[2023-10-07T09:53:50.470+0000][26.713s][info ][gc,phases     ] GC(43)   Post Evacuate Collection Set: 2.4ms
[2023-10-07T09:53:50.470+0000][26.713s][info ][gc,phases     ] GC(43)   Other: 0.9ms
[2023-10-07T09:53:50.471+0000][26.713s][info ][gc,heap       ] GC(43) Eden regions: 160->0(166)
[2023-10-07T09:53:50.471+0000][26.714s][info ][gc,heap       ] GC(43) Survivor regions: 10->13(22)
[2023-10-07T09:53:50.471+0000][26.714s][info ][gc,heap       ] GC(43) Old regions: 69->69
[2023-10-07T09:53:50.472+0000][26.714s][info ][gc,heap       ] GC(43) Humongous regions: 1->0
[2023-10-07T09:53:50.472+0000][26.715s][info ][gc,metaspace  ] GC(43) Metaspace: 101171K(104020K)->101171K(104020K) NonClass: 88935K(90712K)->88935K(90712K) Class: 12235K(13308K)->12235K(13308K)
[2023-10-07T09:53:50.473+0000][26.716s][info ][gc            ] GC(43) Pause Young (Concurrent Start) (G1 Evacuation Pause) 238M->80M(334M) 22.083ms
[2023-10-07T09:53:50.474+0000][26.717s][info ][gc,cpu        ] GC(43) User=0.10s Sys=0.00s Real=0.03s
[2023-10-07T09:53:50.475+0000][26.717s][info ][safepoint     ] Leaving safepoint region
[2023-10-07T09:53:50.475+0000][26.718s][info ][safepoint     ] Total time for which application threads were stopped: 0.0253290 seconds, Stopping threads took: 0.0009238 seconds
[2023-10-07T09:53:50.475+0000][26.717s][info ][gc            ] GC(44) Concurrent Cycle
[2023-10-07T09:53:50.476+0000][26.719s][info ][gc,marking    ] GC(44) Concurrent Clear Claimed Marks
[2023-10-07T09:53:50.475+0000][26.718s][info ][gc,stringdedup] Concurrent String Deduplication (26.718s)
[2023-10-07T09:53:50.477+0000][26.720s][info ][gc,marking    ] GC(44) Concurrent Clear Claimed Marks 1.014ms
[2023-10-07T09:53:50.478+0000][26.720s][info ][gc,marking    ] GC(44) Concurrent Scan Root Regions
[2023-10-07T09:53:50.486+0000][26.729s][info ][gc,stringdedup] Concurrent String Deduplication 483.9K->348.6K(135.3K) avg 49.7% (26.718s, 26.729s) 10.578ms
[2023-10-07T09:53:50.487+0000][26.730s][info ][gc,marking    ] GC(44) Concurrent Scan Root Regions 9.417ms
[2023-10-07T09:53:50.488+0000][26.730s][info ][gc,marking    ] GC(44) Concurrent Mark (26.730s)
[2023-10-07T09:53:50.488+0000][26.731s][info ][gc,marking    ] GC(44) Concurrent Mark From Roots
[2023-10-07T09:53:50.489+0000][26.731s][info ][gc,task       ] GC(44) Using 2 workers of 2 for marking
[2023-10-07T09:53:50.598+0000][26.841s][info ][gc,marking    ] GC(44) Concurrent Mark From Roots 109.831ms
[2023-10-07T09:53:50.599+0000][26.841s][info ][gc,marking    ] GC(44) Concurrent Preclean
[2023-10-07T09:53:50.599+0000][26.842s][info ][gc,marking    ] GC(44) Concurrent Preclean 0.771ms
[2023-10-07T09:53:50.600+0000][26.843s][info ][gc,marking    ] GC(44) Concurrent Mark (26.730s, 26.843s) 112.235ms
[2023-10-07T09:53:50.600+0000][26.843s][debug][safepoint     ] Safepoint synchronization initiated. (39 threads)
[2023-10-07T09:53:50.601+0000][26.844s][info ][safepoint     ] Application time: 0.1255576 seconds
[2023-10-07T09:53:50.601+0000][26.844s][info ][safepoint     ] Entering safepoint region: CGC_Operation
[2023-10-07T09:53:50.602+0000][26.845s][info ][gc,start      ] GC(44) Pause Remark
[2023-10-07T09:53:50.621+0000][26.864s][info ][gc,stringtable] GC(44) Cleaned string and symbol table, strings: 47371 processed, 0 removed, symbols: 285942 processed, 21 removed
[2023-10-07T09:53:50.622+0000][26.865s][info ][gc            ] GC(44) Pause Remark 96M->96M(334M) 19.867ms
[2023-10-07T09:53:50.623+0000][26.865s][info ][gc,cpu        ] GC(44) User=0.15s Sys=0.00s Real=0.02s
[2023-10-07T09:53:50.623+0000][26.866s][info ][safepoint     ] Leaving safepoint region
[2023-10-07T09:53:50.624+0000][26.866s][info ][safepoint     ] Total time for which application threads were stopped: 0.0222768 seconds, Stopping threads took: 0.0005302 seconds
[2023-10-07T09:53:50.624+0000][26.867s][info ][gc,marking    ] GC(44) Concurrent Rebuild Remembered Sets
[2023-10-07T09:53:50.709+0000][26.951s][info ][gc,marking    ] GC(44) Concurrent Rebuild Remembered Sets 84.300ms
[2023-10-07T09:53:50.709+0000][26.952s][debug][safepoint     ] Safepoint synchronization initiated. (39 threads)
[2023-10-07T09:53:50.710+0000][26.953s][info ][safepoint     ] Application time: 0.0858235 seconds
[2023-10-07T09:53:50.711+0000][26.953s][debug][safepoint     ] ... found polling page return exception at pc = 0x00007f20507d38fa, stub =0x00007f2048840600
[2023-10-07T09:53:50.711+0000][26.954s][debug][safepoint     ] Waiting for 1 thread(s) to block
[2023-10-07T09:53:50.712+0000][26.955s][info ][safepoint     ] Entering safepoint region: CGC_Operation
[2023-10-07T09:53:50.713+0000][26.956s][info ][gc,start      ] GC(44) Pause Cleanup
[2023-10-07T09:53:50.715+0000][26.957s][info ][gc            ] GC(44) Pause Cleanup 107M->107M(334M) 1.511ms
[2023-10-07T09:53:50.715+0000][26.958s][info ][gc,cpu        ] GC(44) User=0.01s Sys=0.01s Real=0.01s
[2023-10-07T09:53:50.716+0000][26.958s][info ][safepoint     ] Leaving safepoint region
[2023-10-07T09:53:50.716+0000][26.959s][info ][safepoint     ] Total time for which application threads were stopped: 0.0055686 seconds, Stopping threads took: 0.0022155 seconds
[2023-10-07T09:53:50.717+0000][26.959s][info ][gc,marking    ] GC(44) Concurrent Cleanup for Next Mark
[2023-10-07T09:53:50.718+0000][26.961s][info ][gc,marking    ] GC(44) Concurrent Cleanup for Next Mark 1.315ms
[2023-10-07T09:53:50.718+0000][26.961s][info ][gc            ] GC(44) Concurrent Cycle 243.836ms
[2023-10-07T09:53:51.490+0000][27.733s][debug][safepoint     ] Safepoint synchronization initiated. (39 threads)
[2023-10-07T09:53:51.491+0000][27.733s][info ][safepoint     ] Application time: 0.7740422 seconds
[2023-10-07T09:53:51.491+0000][27.734s][info ][safepoint     ] Entering safepoint region: Deoptimize
[2023-10-07T09:53:51.494+0000][27.736s][info ][safepoint     ] Leaving safepoint region
[2023-10-07T09:53:51.494+0000][27.737s][info ][safepoint     ] Total time for which application threads were stopped: 0.0031994 seconds, Stopping threads took: 0.0004841 seconds
[2023-10-07T09:53:51.578+0000][27.821s][debug][safepoint     ] Safepoint synchronization initiated. (39 threads)
[2023-10-07T09:53:51.579+0000][27.822s][info ][safepoint     ] Application time: 0.0841544 seconds
[2023-10-07T09:53:51.579+0000][27.822s][info ][safepoint     ] Entering safepoint region: Deoptimize
[2023-10-07T09:53:51.582+0000][27.824s][info ][safepoint     ] Leaving safepoint region
[2023-10-07T09:53:51.582+0000][27.825s][info ][safepoint     ] Total time for which application threads were stopped: 0.0030935 seconds, Stopping threads took: 0.0004603 seconds
[2023-10-07T09:53:51.643+0000][27.886s][debug][safepoint     ] Safepoint synchronization initiated. (42 threads)
[2023-10-07T09:53:51.644+0000][27.887s][info ][safepoint     ] Application time: 0.0602237 seconds
[2023-10-07T09:53:51.644+0000][27.887s][info ][safepoint     ] Entering safepoint region: G1CollectForAllocation
[2023-10-07T09:53:51.645+0000][27.888s][info ][gc,start      ] GC(45) Pause Young (Normal) (G1 Evacuation Pause)
[2023-10-07T09:53:51.645+0000][27.888s][info ][gc,task       ] GC(45) Using 8 workers of 8 for evacuation
[2023-10-07T09:53:51.665+0000][27.908s][info ][gc,phases     ] GC(45)   Pre Evacuate Collection Set: 0.0ms
[2023-10-07T09:53:51.666+0000][27.908s][info ][gc,phases     ] GC(45)   Evacuate Collection Set: 15.8ms
[2023-10-07T09:53:51.666+0000][27.909s][info ][gc,phases     ] GC(45)   Post Evacuate Collection Set: 3.2ms
[2023-10-07T09:53:51.666+0000][27.909s][info ][gc,phases     ] GC(45)   Other: 1.0ms
[2023-10-07T09:53:51.667+0000][27.910s][info ][gc,heap       ] GC(45) Eden regions: 166->0(170)
[2023-10-07T09:53:51.667+0000][27.910s][info ][gc,heap       ] GC(45) Survivor regions: 13->12(23)
[2023-10-07T09:53:51.668+0000][27.910s][info ][gc,heap       ] GC(45) Old regions: 69->74
[2023-10-07T09:53:51.668+0000][27.911s][info ][gc,heap       ] GC(45) Humongous regions: 0->0
[2023-10-07T09:53:51.668+0000][27.911s][info ][gc,metaspace  ] GC(45) Metaspace: 102905K(106068K)->102905K(106068K) NonClass: 90476K(92504K)->90476K(92504K) Class: 12429K(13564K)->12429K(13564K)
[2023-10-07T09:53:51.669+0000][27.912s][info ][gc            ] GC(45) Pause Young (Normal) (G1 Evacuation Pause) 246M->84M(334M) 23.941ms
[2023-10-07T09:53:51.669+0000][27.912s][info ][gc,cpu        ] GC(45) User=0.14s Sys=0.00s Real=0.02s
[2023-10-07T09:53:51.670+0000][27.913s][info ][safepoint     ] Leaving safepoint region
[2023-10-07T09:53:51.670+0000][27.913s][info ][safepoint     ] Total time for which application threads were stopped: 0.0259172 seconds, Stopping threads took: 0.0004540 seconds
[2023-10-07T09:53:51.671+0000][27.913s][info ][gc,stringdedup] Concurrent String Deduplication (27.913s)
[2023-10-07T09:53:51.672+0000][27.915s][info ][gc,stringdedup] Concurrent String Deduplication 5064.0B->2712.0B(2352.0B) avg 49.7% (27.913s, 27.915s) 1.238ms
[2023-10-07T09:53:52.415+0000][28.657s][debug][safepoint     ] Safepoint synchronization initiated. (42 threads)
[2023-10-07T09:53:52.415+0000][28.658s][info ][safepoint     ] Application time: 0.7445771 seconds
[2023-10-07T09:53:52.416+0000][28.659s][info ][safepoint     ] Entering safepoint region: ICBufferFull
[2023-10-07T09:53:52.417+0000][28.659s][info ][safepoint     ] Leaving safepoint region
[2023-10-07T09:53:52.417+0000][28.660s][info ][safepoint     ] Total time for which application threads were stopped: 0.0013914 seconds, Stopping threads took: 0.0005158 seconds
[2023-10-07T09:53:52.452+0000][28.694s][debug][safepoint     ] Safepoint synchronization initiated. (42 threads)
[2023-10-07T09:53:52.452+0000][28.695s][info ][safepoint     ] Application time: 0.0345630 seconds
[2023-10-07T09:53:52.453+0000][28.696s][info ][safepoint     ] Entering safepoint region: Deoptimize
[2023-10-07T09:53:52.455+0000][28.698s][info ][safepoint     ] Leaving safepoint region
[2023-10-07T09:53:52.456+0000][28.698s][info ][safepoint     ] Total time for which application threads were stopped: 0.0029820 seconds, Stopping threads took: 0.0005536 seconds
[2023-10-07T09:53:52.922+0000][29.164s][debug][safepoint     ] Safepoint synchronization initiated. (42 threads)
[2023-10-07T09:53:52.922+0000][29.165s][info ][safepoint     ] Application time: 0.4660602 seconds
[2023-10-07T09:53:52.923+0000][29.166s][info ][safepoint     ] Entering safepoint region: ICBufferFull
[2023-10-07T09:53:52.924+0000][29.166s][info ][safepoint     ] Leaving safepoint region
[2023-10-07T09:53:52.924+0000][29.167s][info ][safepoint     ] Total time for which application threads were stopped: 0.0013257 seconds, Stopping threads took: 0.0005402 seconds
[2023-10-07T09:53:53.307+0000][29.549s][debug][safepoint     ] Safepoint synchronization initiated. (42 threads)
[2023-10-07T09:53:53.308+0000][29.550s][info ][safepoint     ] Application time: 0.3828144 seconds
[2023-10-07T09:53:53.308+0000][29.551s][info ][safepoint     ] Entering safepoint region: G1CollectForAllocation
[2023-10-07T09:53:53.309+0000][29.552s][info ][gc,start      ] GC(46) Pause Young (Normal) (G1 Evacuation Pause)
[2023-10-07T09:53:53.309+0000][29.552s][info ][gc,task       ] GC(46) Using 8 workers of 8 for evacuation
[2023-10-07T09:53:53.337+0000][29.580s][info ][gc,phases     ] GC(46)   Pre Evacuate Collection Set: 0.0ms
[2023-10-07T09:53:53.338+0000][29.581s][info ][gc,phases     ] GC(46)   Evacuate Collection Set: 22.5ms
[2023-10-07T09:53:53.338+0000][29.581s][info ][gc,phases     ] GC(46)   Post Evacuate Collection Set: 4.2ms
[2023-10-07T09:53:53.339+0000][29.582s][info ][gc,phases     ] GC(46)   Other: 1.2ms
[2023-10-07T09:53:53.339+0000][29.582s][info ][gc,heap       ] GC(46) Eden regions: 170->0(172)
[2023-10-07T09:53:53.340+0000][29.583s][info ][gc,heap       ] GC(46) Survivor regions: 12->16(23)
[2023-10-07T09:53:53.341+0000][29.583s][info ][gc,heap       ] GC(46) Old regions: 74->74
[2023-10-07T09:53:53.341+0000][29.584s][info ][gc,heap       ] GC(46) Humongous regions: 0->0
[2023-10-07T09:53:53.341+0000][29.584s][info ][gc,metaspace  ] GC(46) Metaspace: 107680K(110932K)->107680K(110932K) NonClass: 94789K(96856K)->94789K(96856K) Class: 12890K(14076K)->12890K(14076K)
[2023-10-07T09:53:53.342+0000][29.585s][info ][gc            ] GC(46) Pause Young (Normal) (G1 Evacuation Pause) 254M->88M(334M) 33.049ms
[2023-10-07T09:53:53.342+0000][29.585s][info ][gc,cpu        ] GC(46) User=0.21s Sys=0.01s Real=0.03s
[2023-10-07T09:53:53.343+0000][29.586s][info ][safepoint     ] Leaving safepoint region
[2023-10-07T09:53:53.343+0000][29.586s][info ][safepoint     ] Total time for which application threads were stopped: 0.0351616 seconds, Stopping threads took: 0.0004683 seconds
[2023-10-07T09:53:53.344+0000][29.586s][info ][gc,stringdedup] Concurrent String Deduplication (29.586s)
[2023-10-07T09:53:53.348+0000][29.591s][info ][gc,stringdedup] Concurrent String Deduplication 361.8K->125.8K(236.0K) avg 50.1% (29.586s, 29.591s) 4.346ms
[2023-10-07T09:53:54.150+0000][30.393s][debug][safepoint     ] Safepoint synchronization initiated. (43 threads)
[2023-10-07T09:53:54.152+0000][30.395s][info ][safepoint     ] Application time: 0.8082099 seconds
[2023-10-07T09:53:54.153+0000][30.395s][info ][safepoint     ] Entering safepoint region: Deoptimize
[2023-10-07T09:53:54.157+0000][30.400s][info ][safepoint     ] Leaving safepoint region
[2023-10-07T09:53:54.158+0000][30.400s][info ][safepoint     ] Total time for which application threads were stopped: 0.0049540 seconds, Stopping threads took: 0.0008467 seconds
[2023-10-07T09:53:54.247+0000][30.490s][debug][safepoint     ] Safepoint synchronization initiated. (43 threads)
[2023-10-07T09:53:54.248+0000][30.491s][info ][safepoint     ] Application time: 0.0899238 seconds
[2023-10-07T09:53:54.248+0000][30.491s][info ][safepoint     ] Entering safepoint region: Deoptimize
[2023-10-07T09:53:54.251+0000][30.493s][info ][safepoint     ] Leaving safepoint region
[2023-10-07T09:53:54.251+0000][30.494s][info ][safepoint     ] Total time for which application threads were stopped: 0.0025905 seconds, Stopping threads took: 0.0004453 seconds
[2023-10-07T09:53:54.307+0000][30.550s][debug][safepoint     ] Safepoint synchronization initiated. (43 threads)
[2023-10-07T09:53:54.307+0000][30.550s][info ][safepoint     ] Application time: 0.0558307 seconds
[2023-10-07T09:53:54.308+0000][30.551s][info ][safepoint     ] Entering safepoint region: Deoptimize
[2023-10-07T09:53:54.310+0000][30.553s][info ][safepoint     ] Leaving safepoint region
[2023-10-07T09:53:54.310+0000][30.553s][info ][safepoint     ] Total time for which application threads were stopped: 0.0026609 seconds, Stopping threads took: 0.0003988 seconds
[2023-10-07T09:53:54.352+0000][30.595s][debug][safepoint     ] Safepoint synchronization initiated. (43 threads)
[2023-10-07T09:53:54.353+0000][30.595s][info ][safepoint     ] Application time: 0.0416593 seconds
[2023-10-07T09:53:54.353+0000][30.596s][info ][safepoint     ] Entering safepoint region: Deoptimize
[2023-10-07T09:53:54.356+0000][30.598s][info ][safepoint     ] Leaving safepoint region
[2023-10-07T09:53:54.356+0000][30.599s][info ][safepoint     ] Total time for which application threads were stopped: 0.0030856 seconds, Stopping threads took: 0.0004548 seconds
[2023-10-07T09:53:54.508+0000][30.751s][debug][safepoint     ] Safepoint synchronization initiated. (43 threads)
[2023-10-07T09:53:54.509+0000][30.751s][info ][safepoint     ] Application time: 0.1522186 seconds
[2023-10-07T09:53:54.509+0000][30.752s][info ][safepoint     ] Entering safepoint region: Deoptimize
[2023-10-07T09:53:54.511+0000][30.754s][info ][safepoint     ] Leaving safepoint region
[2023-10-07T09:53:54.512+0000][30.755s][info ][safepoint     ] Total time for which application threads were stopped: 0.0027107 seconds, Stopping threads took: 0.0004347 seconds
[2023-10-07T09:53:54.514+0000][30.757s][debug][safepoint     ] Safepoint synchronization initiated. (43 threads)
[2023-10-07T09:53:54.515+0000][30.758s][info ][safepoint     ] Application time: 0.0024092 seconds
[2023-10-07T09:53:54.515+0000][30.758s][info ][safepoint     ] Entering safepoint region: Deoptimize
[2023-10-07T09:53:54.518+0000][30.760s][info ][safepoint     ] Leaving safepoint region
[2023-10-07T09:53:54.519+0000][30.762s][info ][safepoint     ] Total time for which application threads were stopped: 0.0033788 seconds, Stopping threads took: 0.0005043 seconds
[2023-10-07T09:53:54.545+0000][30.788s][debug][safepoint     ] Safepoint synchronization initiated. (43 threads)
[2023-10-07T09:53:54.546+0000][30.789s][info ][safepoint     ] Application time: 0.0264920 seconds
[2023-10-07T09:53:54.546+0000][30.789s][info ][safepoint     ] Entering safepoint region: G1CollectForAllocation
[2023-10-07T09:53:54.547+0000][30.790s][info ][gc,start      ] GC(47) Pause Young (Normal) (G1 Evacuation Pause)
[2023-10-07T09:53:54.547+0000][30.790s][info ][gc,task       ] GC(47) Using 8 workers of 8 for evacuation
[2023-10-07T09:53:54.564+0000][30.806s][info ][gc,phases     ] GC(47)   Pre Evacuate Collection Set: 0.0ms
[2023-10-07T09:53:54.564+0000][30.807s][info ][gc,phases     ] GC(47)   Evacuate Collection Set: 13.3ms
[2023-10-07T09:53:54.565+0000][30.807s][info ][gc,phases     ] GC(47)   Post Evacuate Collection Set: 2.6ms
[2023-10-07T09:53:54.565+0000][30.808s][info ][gc,phases     ] GC(47)   Other: 1.0ms
[2023-10-07T09:53:54.566+0000][30.808s][info ][gc,heap       ] GC(47) Eden regions: 172->0(172)
[2023-10-07T09:53:54.566+0000][30.809s][info ][gc,heap       ] GC(47) Survivor regions: 16->17(24)
[2023-10-07T09:53:54.566+0000][30.809s][info ][gc,heap       ] GC(47) Old regions: 74->78
[2023-10-07T09:53:54.567+0000][30.809s][info ][gc,heap       ] GC(47) Humongous regions: 0->0
[2023-10-07T09:53:54.567+0000][30.810s][info ][gc,metaspace  ] GC(47) Metaspace: 114542K(117844K)->114542K(117844K) NonClass: 100947K(103000K)->100947K(103000K) Class: 13595K(14844K)->13595K(14844K)
[2023-10-07T09:53:54.567+0000][30.810s][info ][gc            ] GC(47) Pause Young (Normal) (G1 Evacuation Pause) 260M->92M(334M) 20.601ms
[2023-10-07T09:53:54.568+0000][30.811s][info ][gc,cpu        ] GC(47) User=0.13s Sys=0.00s Real=0.02s
[2023-10-07T09:53:54.568+0000][30.811s][info ][safepoint     ] Leaving safepoint region
[2023-10-07T09:53:54.569+0000][30.811s][info ][safepoint     ] Total time for which application threads were stopped: 0.0223660 seconds, Stopping threads took: 0.0004190 seconds
[2023-10-07T09:53:54.569+0000][30.812s][info ][gc,stringdedup] Concurrent String Deduplication (30.812s)
[2023-10-07T09:53:54.572+0000][30.815s][info ][gc,stringdedup] Concurrent String Deduplication 278.8K->110.0K(168.9K) avg 50.3% (30.812s, 30.815s) 3.087ms
[2023-10-07T09:53:55.569+0000][31.812s][debug][safepoint     ] Safepoint synchronization initiated. (43 threads)
[2023-10-07T09:53:55.570+0000][31.813s][info ][safepoint     ] Application time: 1.0009792 seconds
[2023-10-07T09:53:55.570+0000][31.813s][debug][safepoint     ] ... found polling page return exception at pc = 0x00007f2050e9373a, stub =0x00007f2048840600
[2023-10-07T09:53:55.571+0000][31.814s][debug][safepoint     ] Waiting for 1 thread(s) to block
[2023-10-07T09:53:55.572+0000][31.815s][info ][safepoint     ] Entering safepoint region: Cleanup
[2023-10-07T09:53:55.573+0000][31.815s][info ][safepoint     ] Leaving safepoint region
[2023-10-07T09:53:55.573+0000][31.816s][info ][safepoint     ] Total time for which application threads were stopped: 0.0026216 seconds, Stopping threads took: 0.0018531 seconds
[2023-10-07T09:53:55.598+0000][31.841s][debug][safepoint     ] Safepoint synchronization initiated. (43 threads)
[2023-10-07T09:53:55.599+0000][31.842s][info ][safepoint     ] Application time: 0.0254399 seconds
[2023-10-07T09:53:55.600+0000][31.843s][info ][safepoint     ] Entering safepoint region: Deoptimize
[2023-10-07T09:53:55.604+0000][31.846s][info ][safepoint     ] Leaving safepoint region
[2023-10-07T09:53:55.606+0000][31.848s][info ][safepoint     ] Total time for which application threads were stopped: 0.0057215 seconds, Stopping threads took: 0.0004921 seconds
[2023-10-07T09:53:55.780+0000][32.022s][debug][safepoint     ] Safepoint synchronization initiated. (43 threads)
[2023-10-07T09:53:55.780+0000][32.023s][info ][safepoint     ] Application time: 0.1740818 seconds
[2023-10-07T09:53:55.781+0000][32.023s][info ][safepoint     ] Entering safepoint region: G1CollectForAllocation
[2023-10-07T09:53:55.781+0000][32.024s][info ][gc,start      ] GC(48) Pause Young (Normal) (G1 Evacuation Pause)
[2023-10-07T09:53:55.782+0000][32.025s][info ][gc,task       ] GC(48) Using 8 workers of 8 for evacuation
[2023-10-07T09:53:55.827+0000][32.070s][info ][gc,phases     ] GC(48)   Pre Evacuate Collection Set: 0.0ms
[2023-10-07T09:53:55.828+0000][32.070s][info ][gc,phases     ] GC(48)   Evacuate Collection Set: 39.8ms
[2023-10-07T09:53:55.828+0000][32.071s][info ][gc,phases     ] GC(48)   Post Evacuate Collection Set: 4.8ms
[2023-10-07T09:53:55.828+0000][32.071s][info ][gc,phases     ] GC(48)   Other: 1.1ms
[2023-10-07T09:53:55.829+0000][32.072s][info ][gc,heap       ] GC(48) Eden regions: 172->0(175)
[2023-10-07T09:53:55.829+0000][32.072s][info ][gc,heap       ] GC(48) Survivor regions: 17->16(24)
[2023-10-07T09:53:55.830+0000][32.072s][info ][gc,heap       ] GC(48) Old regions: 78->81
[2023-10-07T09:53:55.830+0000][32.073s][info ][gc,heap       ] GC(48) Humongous regions: 0->0
[2023-10-07T09:53:55.831+0000][32.073s][info ][gc,metaspace  ] GC(48) Metaspace: 119355K(122836K)->119355K(122836K) NonClass: 105191K(107352K)->105191K(107352K) Class: 14164K(15484K)->14164K(15484K)
[2023-10-07T09:53:55.831+0000][32.074s][info ][gc            ] GC(48) Pause Young (Normal) (G1 Evacuation Pause) 264M->95M(334M) 49.628ms
[2023-10-07T09:53:55.831+0000][32.074s][info ][gc,cpu        ] GC(48) User=0.33s Sys=0.01s Real=0.05s
[2023-10-07T09:53:55.832+0000][32.075s][info ][safepoint     ] Leaving safepoint region
[2023-10-07T09:53:55.832+0000][32.075s][info ][safepoint     ] Total time for which application threads were stopped: 0.0516783 seconds, Stopping threads took: 0.0004443 seconds
[2023-10-07T09:53:55.833+0000][32.076s][info ][gc,stringdedup] Concurrent String Deduplication (32.076s)
[2023-10-07T09:53:55.841+0000][32.084s][info ][gc,stringdedup] Concurrent String Deduplication 481.4K->143.2K(338.2K) avg 51.0% (32.076s, 32.084s) 8.049ms
[2023-10-07T09:53:55.956+0000][32.199s][debug][safepoint     ] Safepoint synchronization initiated. (43 threads)
[2023-10-07T09:53:55.957+0000][32.200s][info ][safepoint     ] Application time: 0.1242107 seconds
[2023-10-07T09:53:55.958+0000][32.200s][info ][safepoint     ] Entering safepoint region: Deoptimize
[2023-10-07T09:53:55.961+0000][32.203s][info ][safepoint     ] Leaving safepoint region
[2023-10-07T09:53:55.961+0000][32.204s][info ][safepoint     ] Total time for which application threads were stopped: 0.0034799 seconds, Stopping threads took: 0.0005659 seconds
[2023-10-07T09:53:56.733+0000][32.976s][debug][safepoint     ] Safepoint synchronization initiated. (45 threads)
[2023-10-07T09:53:56.734+0000][32.976s][info ][safepoint     ] Application time: 0.7722110 seconds
[2023-10-07T09:53:56.734+0000][32.977s][debug][safepoint     ] Waiting for 1 thread(s) to block
[2023-10-07T09:53:56.735+0000][32.978s][info ][safepoint     ] Entering safepoint region: ICBufferFull
[2023-10-07T09:53:56.736+0000][32.978s][info ][safepoint     ] Leaving safepoint region
[2023-10-07T09:53:56.736+0000][32.979s][info ][safepoint     ] Total time for which application threads were stopped: 0.0019053 seconds, Stopping threads took: 0.0010725 seconds
[2023-10-07T09:53:56.894+0000][33.137s][debug][safepoint     ] Safepoint synchronization initiated. (45 threads)
[2023-10-07T09:53:56.894+0000][33.137s][info ][safepoint     ] Application time: 0.1578607 seconds
[2023-10-07T09:53:56.895+0000][33.138s][info ][safepoint     ] Entering safepoint region: G1CollectForAllocation
[2023-10-07T09:53:56.896+0000][33.139s][info ][gc,start      ] GC(49) Pause Young (Normal) (G1 Evacuation Pause)
[2023-10-07T09:53:56.896+0000][33.139s][info ][gc,task       ] GC(49) Using 8 workers of 8 for evacuation
[2023-10-07T09:53:56.920+0000][33.163s][info ][gc,phases     ] GC(49)   Pre Evacuate Collection Set: 0.0ms
[2023-10-07T09:53:56.921+0000][33.164s][info ][gc,phases     ] GC(49)   Evacuate Collection Set: 20.9ms
[2023-10-07T09:53:56.921+0000][33.164s][info ][gc,phases     ] GC(49)   Post Evacuate Collection Set: 2.7ms
[2023-10-07T09:53:56.922+0000][33.165s][info ][gc,phases     ] GC(49)   Other: 1.0ms
[2023-10-07T09:53:56.923+0000][33.165s][info ][gc,heap       ] GC(49) Eden regions: 175->0(171)
[2023-10-07T09:53:56.923+0000][33.166s][info ][gc,heap       ] GC(49) Survivor regions: 16->19(24)
[2023-10-07T09:53:56.924+0000][33.166s][info ][gc,heap       ] GC(49) Old regions: 81->85
[2023-10-07T09:53:56.924+0000][33.167s][info ][gc,heap       ] GC(49) Humongous regions: 0->0
[2023-10-07T09:53:56.925+0000][33.167s][info ][gc,metaspace  ] GC(49) Metaspace: 123893K(127572K)->123893K(127572K) NonClass: 109395K(111704K)->109395K(111704K) Class: 14498K(15868K)->14498K(15868K)
[2023-10-07T09:53:56.925+0000][33.168s][info ][gc            ] GC(49) Pause Young (Normal) (G1 Evacuation Pause) 270M->101M(334M) 29.547ms
[2023-10-07T09:53:56.926+0000][33.169s][info ][gc,cpu        ] GC(49) User=0.18s Sys=0.01s Real=0.03s
[2023-10-07T09:53:56.926+0000][33.169s][info ][safepoint     ] Leaving safepoint region
[2023-10-07T09:53:56.927+0000][33.169s][info ][safepoint     ] Total time for which application threads were stopped: 0.0317270 seconds, Stopping threads took: 0.0004440 seconds
[2023-10-07T09:53:56.927+0000][33.170s][info ][gc,stringdedup] Concurrent String Deduplication (33.170s)
[2023-10-07T09:53:56.932+0000][33.174s][info ][gc,stringdedup] Concurrent String Deduplication 316.8K->133.8K(183.0K) avg 51.1% (33.170s, 33.174s) 4.272ms
[2023-10-07T09:53:57.562+0000][33.805s][debug][safepoint     ] Safepoint synchronization initiated. (49 threads)
[2023-10-07T09:53:57.562+0000][33.805s][info ][safepoint     ] Application time: 0.6352395 seconds
[2023-10-07T09:53:57.563+0000][33.806s][info ][safepoint     ] Entering safepoint region: Deoptimize
[2023-10-07T09:53:57.565+0000][33.808s][info ][safepoint     ] Leaving safepoint region
[2023-10-07T09:53:57.566+0000][33.808s][info ][safepoint     ] Total time for which application threads were stopped: 0.0026906 seconds, Stopping threads took: 0.0005575 seconds
[2023-10-07T09:53:58.410+0000][34.652s][debug][safepoint     ] Safepoint synchronization initiated. (55 threads)
[2023-10-07T09:53:58.410+0000][34.653s][info ][safepoint     ] Application time: 0.8441745 seconds
[2023-10-07T09:53:58.411+0000][34.653s][info ][safepoint     ] Entering safepoint region: ICBufferFull
[2023-10-07T09:53:58.411+0000][34.654s][info ][safepoint     ] Leaving safepoint region
[2023-10-07T09:53:58.412+0000][34.655s][info ][safepoint     ] Total time for which application threads were stopped: 0.0012131 seconds, Stopping threads took: 0.0004868 seconds
[2023-10-07T09:53:58.600+0000][34.843s][debug][safepoint     ] Safepoint synchronization initiated. (55 threads)
[2023-10-07T09:53:58.601+0000][34.844s][info ][safepoint     ] Application time: 0.1884930 seconds
[2023-10-07T09:53:58.601+0000][34.844s][info ][safepoint     ] Entering safepoint region: G1CollectForAllocation
[2023-10-07T09:53:58.602+0000][34.845s][info ][gc,start      ] GC(50) Pause Young (Normal) (G1 Evacuation Pause)
[2023-10-07T09:53:58.602+0000][34.845s][info ][gc,task       ] GC(50) Using 8 workers of 8 for evacuation
[2023-10-07T09:53:58.623+0000][34.866s][info ][gc,phases     ] GC(50)   Pre Evacuate Collection Set: 0.0ms
[2023-10-07T09:53:58.624+0000][34.867s][info ][gc,phases     ] GC(50)   Evacuate Collection Set: 17.4ms
[2023-10-07T09:53:58.624+0000][34.867s][info ][gc,phases     ] GC(50)   Post Evacuate Collection Set: 2.8ms
[2023-10-07T09:53:58.625+0000][34.867s][info ][gc,phases     ] GC(50)   Other: 1.0ms
[2023-10-07T09:53:58.625+0000][34.868s][info ][gc,heap       ] GC(50) Eden regions: 171->0(168)
[2023-10-07T09:53:58.625+0000][34.868s][info ][gc,heap       ] GC(50) Survivor regions: 19->16(24)
[2023-10-07T09:53:58.626+0000][34.869s][info ][gc,heap       ] GC(50) Old regions: 85->93
[2023-10-07T09:53:58.626+0000][34.869s][info ][gc,heap       ] GC(50) Humongous regions: 0->0
[2023-10-07T09:53:58.627+0000][34.870s][info ][gc,metaspace  ] GC(50) Metaspace: 131382K(135252K)->131382K(135252K) NonClass: 116163K(118616K)->116163K(118616K) Class: 15219K(16636K)->15219K(16636K)
[2023-10-07T09:53:58.627+0000][34.870s][info ][gc            ] GC(50) Pause Young (Normal) (G1 Evacuation Pause) 272M->107M(334M) 25.348ms
[2023-10-07T09:53:58.628+0000][34.870s][info ][gc,cpu        ] GC(50) User=0.14s Sys=0.00s Real=0.03s
[2023-10-07T09:53:58.628+0000][34.871s][info ][safepoint     ] Leaving safepoint region
[2023-10-07T09:53:58.629+0000][34.872s][info ][safepoint     ] Total time for which application threads were stopped: 0.0275431 seconds, Stopping threads took: 0.0004632 seconds
[2023-10-07T09:53:58.629+0000][34.872s][info ][gc,stringdedup] Concurrent String Deduplication (34.872s)
[2023-10-07T09:53:58.632+0000][34.875s][info ][gc,stringdedup] Concurrent String Deduplication 154.0K->49544.0B(105.6K) avg 51.3% (34.872s, 34.875s) 2.677ms
[2023-10-07T09:53:58.720+0000][34.963s][debug][safepoint     ] Safepoint synchronization initiated. (55 threads)
[2023-10-07T09:53:58.720+0000][34.963s][info ][safepoint     ] Application time: 0.0911471 seconds
[2023-10-07T09:53:58.721+0000][34.964s][info ][safepoint     ] Entering safepoint region: Deoptimize
[2023-10-07T09:53:58.723+0000][34.966s][info ][safepoint     ] Leaving safepoint region
[2023-10-07T09:53:58.723+0000][34.966s][info ][safepoint     ] Total time for which application threads were stopped: 0.0025004 seconds, Stopping threads took: 0.0004503 seconds
[2023-10-07T09:53:59.519+0000][35.762s][debug][safepoint     ] Safepoint synchronization initiated. (67 threads)
[2023-10-07T09:53:59.520+0000][35.763s][info ][safepoint     ] Application time: 0.7963137 seconds
[2023-10-07T09:53:59.521+0000][35.763s][info ][safepoint     ] Entering safepoint region: G1CollectForAllocation
[2023-10-07T09:53:59.522+0000][35.765s][info ][gc,start      ] GC(51) Pause Young (Normal) (G1 Evacuation Pause)
[2023-10-07T09:53:59.522+0000][35.765s][info ][gc,task       ] GC(51) Using 8 workers of 8 for evacuation
[2023-10-07T09:53:59.552+0000][35.795s][info ][gc,phases     ] GC(51)   Pre Evacuate Collection Set: 0.0ms
[2023-10-07T09:53:59.553+0000][35.795s][info ][gc,phases     ] GC(51)   Evacuate Collection Set: 26.1ms
[2023-10-07T09:53:59.553+0000][35.796s][info ][gc,phases     ] GC(51)   Post Evacuate Collection Set: 3.0ms
[2023-10-07T09:53:59.553+0000][35.796s][info ][gc,phases     ] GC(51)   Other: 1.2ms
[2023-10-07T09:53:59.554+0000][35.797s][info ][gc,heap       ] GC(51) Eden regions: 168->0(168)
[2023-10-07T09:53:59.554+0000][35.797s][info ][gc,heap       ] GC(51) Survivor regions: 16->10(23)
[2023-10-07T09:53:59.555+0000][35.797s][info ][gc,heap       ] GC(51) Old regions: 93->103
[2023-10-07T09:53:59.555+0000][35.798s][info ][gc,heap       ] GC(51) Humongous regions: 0->0
[2023-10-07T09:53:59.555+0000][35.798s][info ][gc,metaspace  ] GC(51) Metaspace: 133991K(137812K)->133991K(137812K) NonClass: 118478K(120920K)->118478K(120920K) Class: 15512K(16892K)->15512K(16892K)
[2023-10-07T09:53:59.556+0000][35.799s][info ][gc            ] GC(51) Pause Young (Normal) (G1 Evacuation Pause) 275M->110M(334M) 33.830ms
[2023-10-07T09:53:59.556+0000][35.799s][info ][gc,cpu        ] GC(51) User=0.24s Sys=0.00s Real=0.04s
[2023-10-07T09:53:59.556+0000][35.799s][info ][safepoint     ] Leaving safepoint region
[2023-10-07T09:53:59.557+0000][35.800s][info ][safepoint     ] Total time for which application threads were stopped: 0.0363272 seconds, Stopping threads took: 0.0009524 seconds
[2023-10-07T09:53:59.557+0000][35.800s][info ][gc,stringdedup] Concurrent String Deduplication (35.800s)
[2023-10-07T09:53:59.564+0000][35.806s][info ][gc,stringdedup] Concurrent String Deduplication 399.8K->57224.0B(343.9K) avg 52.2% (35.800s, 35.806s) 6.234ms
[2023-10-07T09:53:59.627+0000][35.869s][debug][safepoint     ] Safepoint synchronization initiated. (67 threads)
[2023-10-07T09:53:59.628+0000][35.870s][info ][safepoint     ] Application time: 0.0703389 seconds
[2023-10-07T09:53:59.629+0000][35.872s][info ][safepoint     ] Entering safepoint region: Deoptimize
[2023-10-07T09:53:59.632+0000][35.875s][info ][safepoint     ] Leaving safepoint region
[2023-10-07T09:53:59.633+0000][35.875s][info ][safepoint     ] Total time for which application threads were stopped: 0.0037216 seconds, Stopping threads took: 0.0005113 seconds
[2023-10-07T09:53:59.633+0000][35.876s][debug][safepoint     ] Safepoint synchronization initiated. (67 threads)
[2023-10-07T09:53:59.634+0000][35.876s][info ][safepoint     ] Application time: 0.0006825 seconds
[2023-10-07T09:53:59.634+0000][35.877s][info ][safepoint     ] Entering safepoint region: Deoptimize
[2023-10-07T09:53:59.636+0000][35.879s][info ][safepoint     ] Leaving safepoint region
[2023-10-07T09:53:59.636+0000][35.879s][info ][safepoint     ] Total time for which application threads were stopped: 0.0023964 seconds, Stopping threads took: 0.0003753 seconds
[2023-10-07T09:53:59.638+0000][35.881s][debug][safepoint     ] Safepoint synchronization initiated. (67 threads)
[2023-10-07T09:53:59.639+0000][35.881s][info ][safepoint     ] Application time: 0.0017284 seconds
[2023-10-07T09:53:59.639+0000][35.882s][info ][safepoint     ] Entering safepoint region: Deoptimize
[2023-10-07T09:53:59.641+0000][35.884s][info ][safepoint     ] Leaving safepoint region
[2023-10-07T09:53:59.641+0000][35.884s][info ][safepoint     ] Total time for which application threads were stopped: 0.0023363 seconds, Stopping threads took: 0.0003829 seconds
[2023-10-07T09:53:59.674+0000][35.917s][debug][safepoint     ] Safepoint synchronization initiated. (67 threads)
[2023-10-07T09:53:59.675+0000][35.918s][info ][safepoint     ] Application time: 0.0330939 seconds
[2023-10-07T09:53:59.675+0000][35.918s][info ][safepoint     ] Entering safepoint region: Deoptimize
[2023-10-07T09:53:59.678+0000][35.921s][info ][safepoint     ] Leaving safepoint region
[2023-10-07T09:53:59.679+0000][35.922s][info ][safepoint     ] Total time for which application threads were stopped: 0.0041213 seconds, Stopping threads took: 0.0004042 seconds
[2023-10-07T09:53:59.958+0000][36.201s][debug][safepoint     ] Safepoint synchronization initiated. (67 threads)
[2023-10-07T09:53:59.959+0000][36.202s][info ][safepoint     ] Application time: 0.2791166 seconds
[2023-10-07T09:53:59.960+0000][36.203s][info ][safepoint     ] Entering safepoint region: Deoptimize
[2023-10-07T09:53:59.963+0000][36.206s][info ][safepoint     ] Leaving safepoint region
[2023-10-07T09:53:59.964+0000][36.207s][info ][safepoint     ] Total time for which application threads were stopped: 0.0043672 seconds, Stopping threads took: 0.0006973 seconds
[2023-10-07T09:54:00.589+0000][36.832s][debug][safepoint     ] Safepoint synchronization initiated. (66 threads)
[2023-10-07T09:54:00.589+0000][36.832s][info ][safepoint     ] Application time: 0.6248564 seconds
[2023-10-07T09:54:00.590+0000][36.833s][info ][safepoint     ] Entering safepoint region: G1CollectForAllocation
[2023-10-07T09:54:00.591+0000][36.834s][info ][gc,start      ] GC(52) Pause Young (Normal) (G1 Evacuation Pause)
[2023-10-07T09:54:00.592+0000][36.834s][info ][gc,task       ] GC(52) Using 8 workers of 8 for evacuation
[2023-10-07T09:54:00.614+0000][36.857s][info ][gc,phases     ] GC(52)   Pre Evacuate Collection Set: 0.0ms
[2023-10-07T09:54:00.614+0000][36.857s][info ][gc,phases     ] GC(52)   Evacuate Collection Set: 17.7ms
[2023-10-07T09:54:00.615+0000][36.858s][info ][gc,phases     ] GC(52)   Post Evacuate Collection Set: 3.8ms
[2023-10-07T09:54:00.615+0000][36.858s][info ][gc,phases     ] GC(52)   Other: 1.6ms
[2023-10-07T09:54:00.616+0000][36.859s][info ][gc,heap       ] GC(52) Eden regions: 168->0(168)
[2023-10-07T09:54:00.616+0000][36.859s][info ][gc,heap       ] GC(52) Survivor regions: 10->12(23)
[2023-10-07T09:54:00.617+0000][36.859s][info ][gc,heap       ] GC(52) Old regions: 103->103
[2023-10-07T09:54:00.617+0000][36.860s][info ][gc,heap       ] GC(52) Humongous regions: 0->0
[2023-10-07T09:54:00.617+0000][36.860s][info ][gc,metaspace  ] GC(52) Metaspace: 136179K(139988K)->136179K(139988K) NonClass: 120374K(122712K)->120374K(122712K) Class: 15805K(17276K)->15805K(17276K)
[2023-10-07T09:54:00.618+0000][36.861s][info ][gc            ] GC(52) Pause Young (Normal) (G1 Evacuation Pause) 278M->113M(334M) 26.882ms
[2023-10-07T09:54:00.618+0000][36.861s][info ][gc,cpu        ] GC(52) User=0.18s Sys=0.00s Real=0.03s
[2023-10-07T09:54:00.619+0000][36.862s][info ][safepoint     ] Leaving safepoint region
[2023-10-07T09:54:00.619+0000][36.862s][info ][safepoint     ] Total time for which application threads were stopped: 0.0291831 seconds, Stopping threads took: 0.0005115 seconds
[2023-10-07T09:54:00.620+0000][36.862s][info ][gc,stringdedup] Concurrent String Deduplication (36.862s)
[2023-10-07T09:54:00.623+0000][36.866s][info ][gc,stringdedup] Concurrent String Deduplication 439.3K->149.6K(289.8K) avg 52.6% (36.862s, 36.866s) 3.458ms
[2023-10-07T09:54:01.062+0000][37.305s][debug][safepoint     ] Safepoint synchronization initiated. (66 threads)
[2023-10-07T09:54:01.063+0000][37.306s][info ][safepoint     ] Application time: 0.4435752 seconds
[2023-10-07T09:54:01.064+0000][37.307s][info ][safepoint     ] Entering safepoint region: Deoptimize
[2023-10-07T09:54:01.069+0000][37.312s][info ][safepoint     ] Leaving safepoint region
[2023-10-07T09:54:01.070+0000][37.313s][info ][safepoint     ] Total time for which application threads were stopped: 0.0063035 seconds, Stopping threads took: 0.0014533 seconds
[2023-10-07T09:54:01.481+0000][37.724s][debug][safepoint     ] Safepoint synchronization initiated. (67 threads)
[2023-10-07T09:54:01.483+0000][37.726s][info ][safepoint     ] Application time: 0.4124458 seconds
[2023-10-07T09:54:01.484+0000][37.727s][info ][safepoint     ] Entering safepoint region: Deoptimize
[2023-10-07T09:54:01.487+0000][37.730s][info ][safepoint     ] Leaving safepoint region
[2023-10-07T09:54:01.487+0000][37.730s][info ][safepoint     ] Total time for which application threads were stopped: 0.0036905 seconds, Stopping threads took: 0.0007406 seconds
[2023-10-07T09:54:01.506+0000][37.748s][debug][safepoint     ] Safepoint synchronization initiated. (67 threads)
[2023-10-07T09:54:01.506+0000][37.749s][info ][safepoint     ] Application time: 0.0181551 seconds
[2023-10-07T09:54:01.507+0000][37.750s][info ][safepoint     ] Entering safepoint region: G1CollectForAllocation
[2023-10-07T09:54:01.508+0000][37.750s][info ][gc,start      ] GC(53) Pause Young (Normal) (G1 Evacuation Pause)
[2023-10-07T09:54:01.508+0000][37.751s][info ][gc,task       ] GC(53) Using 8 workers of 8 for evacuation
[2023-10-07T09:54:01.528+0000][37.771s][info ][gc,phases     ] GC(53)   Pre Evacuate Collection Set: 0.0ms
[2023-10-07T09:54:01.529+0000][37.772s][info ][gc,phases     ] GC(53)   Evacuate Collection Set: 16.2ms
[2023-10-07T09:54:01.529+0000][37.772s][info ][gc,phases     ] GC(53)   Post Evacuate Collection Set: 3.0ms
[2023-10-07T09:54:01.530+0000][37.772s][info ][gc,phases     ] GC(53)   Other: 1.3ms
[2023-10-07T09:54:01.530+0000][37.773s][info ][gc,heap       ] GC(53) Eden regions: 168->0(168)
[2023-10-07T09:54:01.531+0000][37.773s][info ][gc,heap       ] GC(53) Survivor regions: 12->14(23)
[2023-10-07T09:54:01.531+0000][37.774s][info ][gc,heap       ] GC(53) Old regions: 103->103
[2023-10-07T09:54:01.532+0000][37.774s][info ][gc,heap       ] GC(53) Humongous regions: 0->0
[2023-10-07T09:54:01.533+0000][37.776s][info ][gc,metaspace  ] GC(53) Metaspace: 137796K(141524K)->137796K(141524K) NonClass: 121750K(123992K)->121750K(123992K) Class: 16046K(17532K)->16046K(17532K)
[2023-10-07T09:54:01.534+0000][37.777s][info ][gc            ] GC(53) Pause Young (Normal) (G1 Evacuation Pause) 281M->114M(334M) 26.328ms
[2023-10-07T09:54:01.534+0000][37.777s][info ][gc,cpu        ] GC(53) User=0.14s Sys=0.01s Real=0.03s
[2023-10-07T09:54:01.535+0000][37.778s][info ][safepoint     ] Leaving safepoint region
[2023-10-07T09:54:01.536+0000][37.778s][info ][safepoint     ] Total time for which application threads were stopped: 0.0288159 seconds, Stopping threads took: 0.0005716 seconds
[2023-10-07T09:54:01.536+0000][37.779s][info ][gc,stringdedup] Concurrent String Deduplication (37.779s)
[2023-10-07T09:54:01.538+0000][37.781s][info ][gc,stringdedup] Concurrent String Deduplication 179.4K->79888.0B(101.4K) avg 52.6% (37.779s, 37.781s) 2.178ms
[2023-10-07T09:54:01.586+0000][37.829s][debug][safepoint     ] Safepoint synchronization initiated. (67 threads)
[2023-10-07T09:54:01.587+0000][37.830s][info ][safepoint     ] Application time: 0.0506036 seconds
[2023-10-07T09:54:01.587+0000][37.830s][info ][safepoint     ] Entering safepoint region: Deoptimize
[2023-10-07T09:54:01.589+0000][37.832s][info ][safepoint     ] Leaving safepoint region
[2023-10-07T09:54:01.590+0000][37.833s][info ][safepoint     ] Total time for which application threads were stopped: 0.0026522 seconds, Stopping threads took: 0.0004560 seconds
