[2023-10-01T16:41:04.003+0000][0.034s][info][gc,heap] Heap region size: 1M
[2023-10-01T16:41:04.008+0000][0.039s][info][gc     ] Using G1
[2023-10-01T16:41:04.010+0000][0.041s][info][gc,heap,coops] Heap address: 0x0000000085a00000, size: 1958 MB, Compressed Oops mode: 32-bit
[2023-10-01T16:41:04.011+0000][0.042s][info][gc,cds       ] Mark closed archive regions in map: [0x00000000ffc00000, 0x00000000ffc6aff8]
[2023-10-01T16:41:04.012+0000][0.043s][info][gc,cds       ] Mark open archive regions in map: [0x00000000ff800000, 0x00000000ff847ff8]
[2023-10-01T16:41:04.153+0000][0.184s][debug][safepoint    ] Safepoint synchronization initiated. (9 threads)
[2023-10-01T16:41:04.154+0000][0.185s][info ][safepoint    ] Application time: 0.0395736 seconds
[2023-10-01T16:41:04.155+0000][0.186s][info ][safepoint    ] Entering safepoint region: Deoptimize
[2023-10-01T16:41:04.155+0000][0.186s][info ][safepoint    ] Leaving safepoint region
[2023-10-01T16:41:04.156+0000][0.187s][info ][safepoint    ] Total time for which application threads were stopped: 0.0011268 seconds, Stopping threads took: 0.0004857 seconds
[2023-10-01T16:41:04.800+0000][0.831s][debug][safepoint    ] Safepoint synchronization initiated. (11 threads)
[2023-10-01T16:41:04.801+0000][0.832s][info ][safepoint    ] Application time: 0.6440738 seconds
[2023-10-01T16:41:04.801+0000][0.832s][info ][safepoint    ] Entering safepoint region: G1CollectForAllocation
[2023-10-01T16:41:04.802+0000][0.833s][info ][gc,start     ] GC(0) Pause Young (Normal) (G1 Evacuation Pause)
[2023-10-01T16:41:04.803+0000][0.834s][info ][gc,task      ] GC(0) Using 3 workers of 8 for evacuation
[2023-10-01T16:41:04.816+0000][0.847s][info ][gc,phases    ] GC(0)   Pre Evacuate Collection Set: 0.0ms
[2023-10-01T16:41:04.817+0000][0.848s][info ][gc,phases    ] GC(0)   Evacuate Collection Set: 11.4ms
[2023-10-01T16:41:04.817+0000][0.848s][info ][gc,phases    ] GC(0)   Post Evacuate Collection Set: 1.4ms
[2023-10-01T16:41:04.818+0000][0.849s][info ][gc,phases    ] GC(0)   Other: 1.4ms
[2023-10-01T16:41:04.818+0000][0.849s][info ][gc,heap      ] GC(0) Eden regions: 59->0(66)
[2023-10-01T16:41:04.819+0000][0.850s][info ][gc,heap      ] GC(0) Survivor regions: 0->8(8)
[2023-10-01T16:41:04.819+0000][0.850s][info ][gc,heap      ] GC(0) Old regions: 2->2
[2023-10-01T16:41:04.820+0000][0.851s][info ][gc,heap      ] GC(0) Humongous regions: 2->0
[2023-10-01T16:41:04.820+0000][0.851s][info ][gc,metaspace ] GC(0) Metaspace: 2379K(5760K)->2379K(5760K) NonClass: 2180K(5120K)->2180K(5120K) Class: 199K(640K)->199K(640K)
[2023-10-01T16:41:04.821+0000][0.852s][info ][gc           ] GC(0) Pause Young (Normal) (G1 Evacuation Pause) 61M->8M(126M) 18.739ms
[2023-10-01T16:41:04.821+0000][0.852s][info ][gc,cpu       ] GC(0) User=0.08s Sys=0.01s Real=0.02s
[2023-10-01T16:41:04.822+0000][0.853s][info ][safepoint    ] Leaving safepoint region
[2023-10-01T16:41:04.822+0000][0.853s][info ][safepoint    ] Total time for which application threads were stopped: 0.0209182 seconds, Stopping threads took: 0.0004853 seconds
[2023-10-01T16:41:04.947+0000][0.978s][debug][safepoint    ] Safepoint synchronization initiated. (11 threads)
[2023-10-01T16:41:04.948+0000][0.979s][info ][safepoint    ] Application time: 0.1256643 seconds
[2023-10-01T16:41:04.949+0000][0.980s][info ][safepoint    ] Entering safepoint region: Deoptimize
[2023-10-01T16:41:04.950+0000][0.981s][info ][safepoint    ] Leaving safepoint region
[2023-10-01T16:41:04.950+0000][0.981s][info ][safepoint    ] Total time for which application threads were stopped: 0.0015086 seconds, Stopping threads took: 0.0006312 seconds
[2023-10-01T16:41:04.961+0000][0.992s][debug][safepoint    ] Safepoint synchronization initiated. (11 threads)
[2023-10-01T16:41:04.962+0000][0.993s][info ][safepoint    ] Application time: 0.0113986 seconds
[2023-10-01T16:41:04.963+0000][0.994s][info ][safepoint    ] Entering safepoint region: Deoptimize
[2023-10-01T16:41:04.963+0000][0.994s][info ][safepoint    ] Leaving safepoint region
[2023-10-01T16:41:04.964+0000][0.995s][info ][safepoint    ] Total time for which application threads were stopped: 0.0012401 seconds, Stopping threads took: 0.0005003 seconds
[2023-10-01T16:41:05.079+0000][1.110s][debug][safepoint    ] Safepoint synchronization initiated. (11 threads)
[2023-10-01T16:41:05.079+0000][1.111s][info ][safepoint    ] Application time: 0.1149504 seconds
[2023-10-01T16:41:05.080+0000][1.111s][info ][safepoint    ] Entering safepoint region: Deoptimize
[2023-10-01T16:41:05.081+0000][1.112s][info ][safepoint    ] Leaving safepoint region
[2023-10-01T16:41:05.082+0000][1.113s][info ][safepoint    ] Total time for which application threads were stopped: 0.0014671 seconds, Stopping threads took: 0.0005454 seconds
[2023-10-01T16:41:05.096+0000][1.127s][debug][safepoint    ] Safepoint synchronization initiated. (11 threads)
[2023-10-01T16:41:05.097+0000][1.128s][info ][safepoint    ] Application time: 0.0151270 seconds
[2023-10-01T16:41:05.098+0000][1.129s][info ][safepoint    ] Entering safepoint region: Deoptimize
[2023-10-01T16:41:05.099+0000][1.130s][info ][safepoint    ] Leaving safepoint region
[2023-10-01T16:41:05.099+0000][1.130s][info ][safepoint    ] Total time for which application threads were stopped: 0.0015507 seconds, Stopping threads took: 0.0006932 seconds
[2023-10-01T16:41:05.467+0000][1.498s][debug][safepoint    ] Safepoint synchronization initiated. (12 threads)
[2023-10-01T16:41:05.468+0000][1.499s][info ][safepoint    ] Application time: 0.3677751 seconds
[2023-10-01T16:41:05.468+0000][1.499s][info ][safepoint    ] Entering safepoint region: G1CollectForAllocation
[2023-10-01T16:41:05.469+0000][1.500s][info ][gc,start     ] GC(1) Pause Young (Normal) (G1 Evacuation Pause)
[2023-10-01T16:41:05.470+0000][1.501s][info ][gc,task      ] GC(1) Using 3 workers of 8 for evacuation
[2023-10-01T16:41:05.486+0000][1.517s][info ][gc,phases    ] GC(1)   Pre Evacuate Collection Set: 0.0ms
[2023-10-01T16:41:05.487+0000][1.518s][info ][gc,phases    ] GC(1)   Evacuate Collection Set: 14.3ms
[2023-10-01T16:41:05.487+0000][1.518s][info ][gc,phases    ] GC(1)   Post Evacuate Collection Set: 1.2ms
[2023-10-01T16:41:05.488+0000][1.519s][info ][gc,phases    ] GC(1)   Other: 1.6ms
[2023-10-01T16:41:05.489+0000][1.520s][info ][gc,heap      ] GC(1) Eden regions: 66->0(69)
[2023-10-01T16:41:05.489+0000][1.520s][info ][gc,heap      ] GC(1) Survivor regions: 8->1(10)
[2023-10-01T16:41:05.490+0000][1.521s][info ][gc,heap      ] GC(1) Old regions: 2->10
[2023-10-01T16:41:05.491+0000][1.522s][info ][gc,heap      ] GC(1) Humongous regions: 0->0
[2023-10-01T16:41:05.491+0000][1.522s][info ][gc,metaspace ] GC(1) Metaspace: 5133K(7424K)->5133K(7424K) NonClass: 4588K(6656K)->4588K(6656K) Class: 545K(768K)->545K(768K)
[2023-10-01T16:41:05.492+0000][1.523s][info ][gc           ] GC(1) Pause Young (Normal) (G1 Evacuation Pause) 74M->9M(126M) 22.612ms
[2023-10-01T16:41:05.492+0000][1.523s][info ][gc,cpu       ] GC(1) User=0.08s Sys=0.01s Real=0.02s
[2023-10-01T16:41:05.493+0000][1.524s][info ][safepoint    ] Leaving safepoint region
[2023-10-01T16:41:05.493+0000][1.524s][info ][safepoint    ] Total time for which application threads were stopped: 0.0250616 seconds, Stopping threads took: 0.0005536 seconds
[2023-10-01T16:41:05.494+0000][1.525s][info ][gc,stringdedup] Concurrent String Deduplication (1.525s)
[2023-10-01T16:41:05.524+0000][1.555s][info ][gc,stringdedup] Concurrent String Deduplication 2182.1K->2008.3K(173.8K) avg 7.1% (1.525s, 1.555s) 29.683ms
[2023-10-01T16:41:06.130+0000][2.161s][debug][safepoint     ] Safepoint synchronization initiated. (12 threads)
[2023-10-01T16:41:06.132+0000][2.163s][info ][safepoint     ] Application time: 0.6382219 seconds
[2023-10-01T16:41:06.133+0000][2.164s][info ][safepoint     ] Entering safepoint region: G1CollectForAllocation
[2023-10-01T16:41:06.134+0000][2.165s][info ][gc,start      ] GC(2) Pause Young (Normal) (G1 Evacuation Pause)
[2023-10-01T16:41:06.134+0000][2.165s][info ][gc,task       ] GC(2) Using 3 workers of 8 for evacuation
[2023-10-01T16:41:06.141+0000][2.172s][info ][gc,phases     ] GC(2)   Pre Evacuate Collection Set: 0.0ms
[2023-10-01T16:41:06.142+0000][2.173s][info ][gc,phases     ] GC(2)   Evacuate Collection Set: 4.3ms
[2023-10-01T16:41:06.142+0000][2.173s][info ][gc,phases     ] GC(2)   Post Evacuate Collection Set: 1.8ms
[2023-10-01T16:41:06.142+0000][2.174s][info ][gc,phases     ] GC(2)   Other: 1.2ms
[2023-10-01T16:41:06.143+0000][2.174s][info ][gc,heap       ] GC(2) Eden regions: 69->0(72)
[2023-10-01T16:41:06.143+0000][2.174s][info ][gc,heap       ] GC(2) Survivor regions: 1->2(9)
[2023-10-01T16:41:06.144+0000][2.175s][info ][gc,heap       ] GC(2) Old regions: 10->10
[2023-10-01T16:41:06.144+0000][2.175s][info ][gc,heap       ] GC(2) Humongous regions: 0->0
[2023-10-01T16:41:06.145+0000][2.176s][info ][gc,metaspace  ] GC(2) Metaspace: 7207K(9088K)->7207K(9088K) NonClass: 6380K(7936K)->6380K(7936K) Class: 826K(1152K)->826K(1152K)
[2023-10-01T16:41:06.145+0000][2.176s][info ][gc            ] GC(2) Pause Young (Normal) (G1 Evacuation Pause) 78M->10M(126M) 11.433ms
[2023-10-01T16:41:06.146+0000][2.177s][info ][gc,cpu        ] GC(2) User=0.04s Sys=0.00s Real=0.01s
[2023-10-01T16:41:06.146+0000][2.177s][info ][safepoint     ] Leaving safepoint region
[2023-10-01T16:41:06.146+0000][2.178s][info ][safepoint     ] Total time for which application threads were stopped: 0.0138393 seconds, Stopping threads took: 0.0005346 seconds
[2023-10-01T16:41:06.837+0000][2.868s][debug][safepoint     ] Safepoint synchronization initiated. (12 threads)
[2023-10-01T16:41:06.838+0000][2.869s][info ][safepoint     ] Application time: 0.6906383 seconds
[2023-10-01T16:41:06.839+0000][2.870s][info ][safepoint     ] Entering safepoint region: G1CollectForAllocation
[2023-10-01T16:41:06.840+0000][2.871s][info ][gc,start      ] GC(3) Pause Young (Normal) (G1 Evacuation Pause)
[2023-10-01T16:41:06.840+0000][2.871s][info ][gc,task       ] GC(3) Using 3 workers of 8 for evacuation
[2023-10-01T16:41:06.851+0000][2.882s][info ][gc,phases     ] GC(3)   Pre Evacuate Collection Set: 0.0ms
[2023-10-01T16:41:06.851+0000][2.882s][info ][gc,phases     ] GC(3)   Evacuate Collection Set: 6.5ms
[2023-10-01T16:41:06.852+0000][2.883s][info ][gc,phases     ] GC(3)   Post Evacuate Collection Set: 3.5ms
[2023-10-01T16:41:06.853+0000][2.884s][info ][gc,phases     ] GC(3)   Other: 1.3ms
[2023-10-01T16:41:06.853+0000][2.884s][info ][gc,heap       ] GC(3) Eden regions: 72->0(71)
[2023-10-01T16:41:06.854+0000][2.885s][info ][gc,heap       ] GC(3) Survivor regions: 2->3(10)
[2023-10-01T16:41:06.854+0000][2.885s][info ][gc,heap       ] GC(3) Old regions: 10->10
[2023-10-01T16:41:06.854+0000][2.886s][info ][gc,heap       ] GC(3) Humongous regions: 0->0
[2023-10-01T16:41:06.855+0000][2.886s][info ][gc,metaspace  ] GC(3) Metaspace: 10306K(11520K)->10306K(11520K) NonClass: 9040K(9984K)->9040K(9984K) Class: 1265K(1536K)->1265K(1536K)
[2023-10-01T16:41:06.856+0000][2.887s][info ][gc            ] GC(3) Pause Young (Normal) (G1 Evacuation Pause) 82M->11M(126M) 15.960ms
[2023-10-01T16:41:06.856+0000][2.887s][info ][gc,cpu        ] GC(3) User=0.04s Sys=0.00s Real=0.01s
[2023-10-01T16:41:06.857+0000][2.888s][info ][safepoint     ] Leaving safepoint region
[2023-10-01T16:41:06.857+0000][2.888s][info ][safepoint     ] Total time for which application threads were stopped: 0.0184062 seconds, Stopping threads took: 0.0005843 seconds
[2023-10-01T16:41:06.858+0000][2.889s][info ][gc,stringdedup] Concurrent String Deduplication (2.889s)
[2023-10-01T16:41:06.859+0000][2.890s][info ][gc,stringdedup] Concurrent String Deduplication 53488.0B->21240.0B(32248.0B) avg 8.2% (2.889s, 2.890s) 1.550ms
[2023-10-01T16:41:07.257+0000][3.288s][debug][safepoint     ] Safepoint synchronization initiated. (12 threads)
[2023-10-01T16:41:07.258+0000][3.290s][info ][safepoint     ] Application time: 0.4009440 seconds
[2023-10-01T16:41:07.260+0000][3.291s][info ][safepoint     ] Entering safepoint region: Deoptimize
[2023-10-01T16:41:07.261+0000][3.292s][info ][safepoint     ] Leaving safepoint region
[2023-10-01T16:41:07.262+0000][3.293s][info ][safepoint     ] Total time for which application threads were stopped: 0.0022078 seconds, Stopping threads took: 0.0010943 seconds
[2023-10-01T16:41:07.451+0000][3.482s][debug][safepoint     ] Safepoint synchronization initiated. (12 threads)
[2023-10-01T16:41:07.452+0000][3.483s][info ][safepoint     ] Application time: 0.1894544 seconds
[2023-10-01T16:41:07.453+0000][3.484s][info ][safepoint     ] Entering safepoint region: ICBufferFull
[2023-10-01T16:41:07.454+0000][3.485s][info ][safepoint     ] Leaving safepoint region
[2023-10-01T16:41:07.454+0000][3.485s][info ][safepoint     ] Total time for which application threads were stopped: 0.0014969 seconds, Stopping threads took: 0.0006054 seconds
[2023-10-01T16:41:07.470+0000][3.501s][debug][safepoint     ] Safepoint synchronization initiated. (12 threads)
[2023-10-01T16:41:07.471+0000][3.502s][info ][safepoint     ] Application time: 0.0158148 seconds
[2023-10-01T16:41:07.471+0000][3.502s][info ][safepoint     ] Entering safepoint region: G1CollectForAllocation
[2023-10-01T16:41:07.472+0000][3.503s][info ][gc,start      ] GC(4) Pause Young (Normal) (G1 Evacuation Pause)
[2023-10-01T16:41:07.472+0000][3.503s][info ][gc,task       ] GC(4) Using 3 workers of 8 for evacuation
[2023-10-01T16:41:07.483+0000][3.514s][info ][gc,phases     ] GC(4)   Pre Evacuate Collection Set: 0.0ms
[2023-10-01T16:41:07.484+0000][3.515s][info ][gc,phases     ] GC(4)   Evacuate Collection Set: 7.8ms
[2023-10-01T16:41:07.484+0000][3.515s][info ][gc,phases     ] GC(4)   Post Evacuate Collection Set: 2.0ms
[2023-10-01T16:41:07.485+0000][3.516s][info ][gc,phases     ] GC(4)   Other: 1.1ms
[2023-10-01T16:41:07.485+0000][3.516s][info ][gc,heap       ] GC(4) Eden regions: 71->0(82)
[2023-10-01T16:41:07.486+0000][3.517s][info ][gc,heap       ] GC(4) Survivor regions: 3->5(10)
[2023-10-01T16:41:07.486+0000][3.517s][info ][gc,heap       ] GC(4) Old regions: 10->10
[2023-10-01T16:41:07.487+0000][3.518s][info ][gc,heap       ] GC(4) Humongous regions: 0->0
[2023-10-01T16:41:07.487+0000][3.518s][info ][gc,metaspace  ] GC(4) Metaspace: 11632K(12672K)->11632K(12672K) NonClass: 10211K(11008K)->10211K(11008K) Class: 1420K(1664K)->1420K(1664K)
[2023-10-01T16:41:07.488+0000][3.519s][info ][gc            ] GC(4) Pause Young (Normal) (G1 Evacuation Pause) 82M->13M(152M) 15.679ms
[2023-10-01T16:41:07.488+0000][3.519s][info ][gc,cpu        ] GC(4) User=0.03s Sys=0.01s Real=0.02s
[2023-10-01T16:41:07.488+0000][3.519s][info ][safepoint     ] Leaving safepoint region
[2023-10-01T16:41:07.489+0000][3.520s][info ][safepoint     ] Total time for which application threads were stopped: 0.0177341 seconds, Stopping threads took: 0.0004989 seconds
[2023-10-01T16:41:07.489+0000][3.520s][info ][gc,stringdedup] Concurrent String Deduplication (3.520s)
[2023-10-01T16:41:07.492+0000][3.523s][info ][gc,stringdedup] Concurrent String Deduplication 115.8K->36736.0B(81848.0B) avg 10.9% (3.520s, 3.523s) 2.658ms
[2023-10-01T16:41:07.923+0000][3.954s][debug][safepoint     ] Safepoint synchronization initiated. (13 threads)
[2023-10-01T16:41:07.923+0000][3.954s][info ][safepoint     ] Application time: 0.4337915 seconds
[2023-10-01T16:41:07.924+0000][3.955s][info ][safepoint     ] Entering safepoint region: G1CollectForAllocation
[2023-10-01T16:41:07.926+0000][3.957s][info ][gc,start      ] GC(5) Pause Young (Normal) (G1 Evacuation Pause)
[2023-10-01T16:41:07.928+0000][3.959s][info ][gc,task       ] GC(5) Using 4 workers of 8 for evacuation
[2023-10-01T16:41:07.937+0000][3.968s][info ][gc,phases     ] GC(5)   Pre Evacuate Collection Set: 0.0ms
[2023-10-01T16:41:07.938+0000][3.969s][info ][gc,phases     ] GC(5)   Evacuate Collection Set: 6.7ms
[2023-10-01T16:41:07.939+0000][3.970s][info ][gc,phases     ] GC(5)   Post Evacuate Collection Set: 1.5ms
[2023-10-01T16:41:07.939+0000][3.970s][info ][gc,phases     ] GC(5)   Other: 3.3ms
[2023-10-01T16:41:07.940+0000][3.971s][info ][gc,heap       ] GC(5) Eden regions: 82->0(85)
[2023-10-01T16:41:07.940+0000][3.971s][info ][gc,heap       ] GC(5) Survivor regions: 5->6(11)
[2023-10-01T16:41:07.941+0000][3.972s][info ][gc,heap       ] GC(5) Old regions: 10->10
[2023-10-01T16:41:07.941+0000][3.972s][info ][gc,heap       ] GC(5) Humongous regions: 0->0
[2023-10-01T16:41:07.942+0000][3.973s][info ][gc,metaspace  ] GC(5) Metaspace: 14942K(15744K)->14942K(15744K) NonClass: 13081K(13568K)->13081K(13568K) Class: 1860K(2176K)->1860K(2176K)
[2023-10-01T16:41:07.942+0000][3.973s][info ][gc            ] GC(5) Pause Young (Normal) (G1 Evacuation Pause) 95M->13M(152M) 16.743ms
[2023-10-01T16:41:07.943+0000][3.974s][info ][gc,cpu        ] GC(5) User=0.03s Sys=0.00s Real=0.02s
[2023-10-01T16:41:07.943+0000][3.974s][info ][safepoint     ] Leaving safepoint region
[2023-10-01T16:41:07.944+0000][3.975s][info ][safepoint     ] Total time for which application threads were stopped: 0.0199663 seconds, Stopping threads took: 0.0009161 seconds
[2023-10-01T16:41:07.944+0000][3.975s][info ][gc,stringdedup] Concurrent String Deduplication (3.975s)
[2023-10-01T16:41:07.946+0000][3.977s][info ][gc,stringdedup] Concurrent String Deduplication 95448.0B->32728.0B(62720.0B) avg 12.8% (3.975s, 3.977s) 1.426ms
[2023-10-01T16:41:08.256+0000][4.287s][debug][safepoint     ] Safepoint synchronization initiated. (13 threads)
[2023-10-01T16:41:08.256+0000][4.287s][info ][safepoint     ] Application time: 0.3121519 seconds
[2023-10-01T16:41:08.257+0000][4.288s][info ][safepoint     ] Entering safepoint region: G1CollectForAllocation
[2023-10-01T16:41:08.258+0000][4.289s][info ][gc,start      ] GC(6) Pause Young (Normal) (G1 Evacuation Pause)
[2023-10-01T16:41:08.258+0000][4.289s][info ][gc,task       ] GC(6) Using 4 workers of 8 for evacuation
[2023-10-01T16:41:08.267+0000][4.298s][info ][gc,phases     ] GC(6)   Pre Evacuate Collection Set: 0.0ms
[2023-10-01T16:41:08.268+0000][4.299s][info ][gc,phases     ] GC(6)   Evacuate Collection Set: 7.0ms
[2023-10-01T16:41:08.269+0000][4.300s][info ][gc,phases     ] GC(6)   Post Evacuate Collection Set: 1.5ms
[2023-10-01T16:41:08.269+0000][4.300s][info ][gc,phases     ] GC(6)   Other: 1.2ms
[2023-10-01T16:41:08.270+0000][4.301s][info ][gc,heap       ] GC(6) Eden regions: 85->0(85)
[2023-10-01T16:41:08.271+0000][4.302s][info ][gc,heap       ] GC(6) Survivor regions: 6->6(12)
[2023-10-01T16:41:08.272+0000][4.303s][info ][gc,heap       ] GC(6) Old regions: 10->10
[2023-10-01T16:41:08.272+0000][4.303s][info ][gc,heap       ] GC(6) Humongous regions: 0->0
[2023-10-01T16:41:08.273+0000][4.304s][info ][gc,metaspace  ] GC(6) Metaspace: 16899K(17920K)->16899K(17920K) NonClass: 14684K(15360K)->14684K(15360K) Class: 2215K(2560K)->2215K(2560K)
[2023-10-01T16:41:08.273+0000][4.304s][info ][gc            ] GC(6) Pause Young (Normal) (G1 Evacuation Pause) 98M->14M(152M) 15.835ms
[2023-10-01T16:41:08.274+0000][4.305s][info ][gc,cpu        ] GC(6) User=0.04s Sys=0.00s Real=0.01s
[2023-10-01T16:41:08.274+0000][4.305s][info ][safepoint     ] Leaving safepoint region
[2023-10-01T16:41:08.275+0000][4.306s][info ][safepoint     ] Total time for which application threads were stopped: 0.0180158 seconds, Stopping threads took: 0.0005060 seconds
[2023-10-01T16:41:08.275+0000][4.306s][info ][gc,stringdedup] Concurrent String Deduplication (4.306s)
[2023-10-01T16:41:08.280+0000][4.311s][info ][gc,stringdedup] Concurrent String Deduplication 108.3K->93280.0B(17576.0B) avg 12.9% (4.306s, 4.311s) 4.339ms
[2023-10-01T16:41:08.301+0000][4.332s][debug][safepoint     ] Safepoint synchronization initiated. (13 threads)
[2023-10-01T16:41:08.301+0000][4.332s][info ][safepoint     ] Application time: 0.0260115 seconds
[2023-10-01T16:41:08.302+0000][4.333s][info ][safepoint     ] Entering safepoint region: Deoptimize
[2023-10-01T16:41:08.303+0000][4.334s][info ][safepoint     ] Leaving safepoint region
[2023-10-01T16:41:08.304+0000][4.335s][info ][safepoint     ] Total time for which application threads were stopped: 0.0017284 seconds, Stopping threads took: 0.0005976 seconds
[2023-10-01T16:41:08.536+0000][4.567s][debug][safepoint     ] Safepoint synchronization initiated. (13 threads)
[2023-10-01T16:41:08.537+0000][4.568s][info ][safepoint     ] Application time: 0.2326952 seconds
[2023-10-01T16:41:08.538+0000][4.569s][info ][safepoint     ] Entering safepoint region: Deoptimize
[2023-10-01T16:41:08.539+0000][4.570s][info ][safepoint     ] Leaving safepoint region
[2023-10-01T16:41:08.540+0000][4.571s][info ][safepoint     ] Total time for which application threads were stopped: 0.0020063 seconds, Stopping threads took: 0.0007481 seconds
[2023-10-01T16:41:08.643+0000][4.674s][debug][safepoint     ] Safepoint synchronization initiated. (13 threads)
[2023-10-01T16:41:08.644+0000][4.675s][info ][safepoint     ] Application time: 0.1035281 seconds
[2023-10-01T16:41:08.645+0000][4.676s][debug][safepoint     ] ... found polling page return exception at pc = 0x00007f518122bb8a, stub =0x00007f5180840600
[2023-10-01T16:41:08.645+0000][4.676s][debug][safepoint     ] Waiting for 1 thread(s) to block
[2023-10-01T16:41:08.646+0000][4.677s][info ][safepoint     ] Entering safepoint region: G1CollectForAllocation
[2023-10-01T16:41:08.647+0000][4.678s][info ][gc,start      ] GC(7) Pause Young (Normal) (G1 Evacuation Pause)
[2023-10-01T16:41:08.647+0000][4.678s][info ][gc,task       ] GC(7) Using 4 workers of 8 for evacuation
[2023-10-01T16:41:08.658+0000][4.689s][info ][gc,phases     ] GC(7)   Pre Evacuate Collection Set: 0.0ms
[2023-10-01T16:41:08.659+0000][4.690s][info ][gc,phases     ] GC(7)   Evacuate Collection Set: 8.6ms
[2023-10-01T16:41:08.659+0000][4.690s][info ][gc,phases     ] GC(7)   Post Evacuate Collection Set: 1.6ms
[2023-10-01T16:41:08.660+0000][4.691s][info ][gc,phases     ] GC(7)   Other: 1.3ms
[2023-10-01T16:41:08.660+0000][4.691s][info ][gc,heap       ] GC(7) Eden regions: 85->0(83)
[2023-10-01T16:41:08.661+0000][4.692s][info ][gc,heap       ] GC(7) Survivor regions: 6->8(12)
[2023-10-01T16:41:08.661+0000][4.692s][info ][gc,heap       ] GC(7) Old regions: 10->10
[2023-10-01T16:41:08.662+0000][4.693s][info ][gc,heap       ] GC(7) Humongous regions: 0->0
[2023-10-01T16:41:08.662+0000][4.693s][info ][gc,metaspace  ] GC(7) Metaspace: 19253K(20224K)->19253K(20224K) NonClass: 16772K(17408K)->16772K(17408K) Class: 2481K(2816K)->2481K(2816K)
[2023-10-01T16:41:08.663+0000][4.694s][info ][gc            ] GC(7) Pause Young (Normal) (G1 Evacuation Pause) 99M->16M(152M) 16.297ms
[2023-10-01T16:41:08.663+0000][4.694s][info ][gc,cpu        ] GC(7) User=0.06s Sys=0.00s Real=0.01s
[2023-10-01T16:41:08.664+0000][4.695s][info ][safepoint     ] Leaving safepoint region
[2023-10-01T16:41:08.664+0000][4.695s][info ][safepoint     ] Total time for which application threads were stopped: 0.0197636 seconds, Stopping threads took: 0.0018021 seconds
[2023-10-01T16:41:08.665+0000][4.696s][info ][gc,stringdedup] Concurrent String Deduplication (4.696s)
[2023-10-01T16:41:08.667+0000][4.698s][info ][gc,stringdedup] Concurrent String Deduplication 83104.0B->28616.0B(54488.0B) avg 14.4% (4.696s, 4.698s) 1.886ms
[2023-10-01T16:41:08.767+0000][4.799s][debug][safepoint     ] Safepoint synchronization initiated. (13 threads)
[2023-10-01T16:41:08.768+0000][4.799s][info ][safepoint     ] Application time: 0.1035174 seconds
[2023-10-01T16:41:08.769+0000][4.800s][debug][safepoint     ] Waiting for 1 thread(s) to block
[2023-10-01T16:41:08.770+0000][4.801s][info ][safepoint     ] Entering safepoint region: CollectForMetadataAllocation
[2023-10-01T16:41:08.771+0000][4.802s][info ][gc,start      ] GC(8) Pause Young (Concurrent Start) (Metadata GC Threshold)
[2023-10-01T16:41:08.771+0000][4.802s][info ][gc,task       ] GC(8) Using 4 workers of 8 for evacuation
[2023-10-01T16:41:08.787+0000][4.818s][info ][gc,phases     ] GC(8)   Pre Evacuate Collection Set: 0.1ms
[2023-10-01T16:41:08.787+0000][4.818s][info ][gc,phases     ] GC(8)   Evacuate Collection Set: 12.1ms
[2023-10-01T16:41:08.788+0000][4.819s][info ][gc,phases     ] GC(8)   Post Evacuate Collection Set: 2.2ms
[2023-10-01T16:41:08.788+0000][4.820s][info ][gc,phases     ] GC(8)   Other: 1.4ms
[2023-10-01T16:41:08.789+0000][4.820s][info ][gc,heap       ] GC(8) Eden regions: 23->0(102)
[2023-10-01T16:41:08.790+0000][4.821s][info ][gc,heap       ] GC(8) Survivor regions: 8->7(12)
[2023-10-01T16:41:08.790+0000][4.821s][info ][gc,heap       ] GC(8) Old regions: 10->12
[2023-10-01T16:41:08.791+0000][4.822s][info ][gc,heap       ] GC(8) Humongous regions: 0->0
[2023-10-01T16:41:08.791+0000][4.822s][info ][gc,metaspace  ] GC(8) Metaspace: 20470K(21248K)->20470K(21248K) NonClass: 17889K(18432K)->17889K(18432K) Class: 2581K(2816K)->2581K(2816K)
[2023-10-01T16:41:08.792+0000][4.823s][info ][gc            ] GC(8) Pause Young (Concurrent Start) (Metadata GC Threshold) 38M->16M(183M) 21.045ms
[2023-10-01T16:41:08.792+0000][4.824s][info ][gc,cpu        ] GC(8) User=0.10s Sys=0.01s Real=0.02s
[2023-10-01T16:41:08.793+0000][4.824s][info ][gc            ] GC(9) Concurrent Cycle
[2023-10-01T16:41:08.794+0000][4.825s][info ][gc,marking    ] GC(9) Concurrent Clear Claimed Marks
[2023-10-01T16:41:08.793+0000][4.824s][info ][safepoint     ] Leaving safepoint region
[2023-10-01T16:41:08.795+0000][4.826s][info ][gc,marking    ] GC(9) Concurrent Clear Claimed Marks 0.751ms
[2023-10-01T16:41:08.796+0000][4.827s][info ][gc,marking    ] GC(9) Concurrent Scan Root Regions
[2023-10-01T16:41:08.795+0000][4.826s][info ][safepoint     ] Total time for which application threads were stopped: 0.0261079 seconds, Stopping threads took: 0.0016940 seconds
[2023-10-01T16:41:08.797+0000][4.828s][info ][gc,stringdedup] Concurrent String Deduplication (4.828s)
[2023-10-01T16:41:08.801+0000][4.832s][info ][gc,marking    ] GC(9) Concurrent Scan Root Regions 5.170ms
[2023-10-01T16:41:08.805+0000][4.836s][info ][gc,marking    ] GC(9) Concurrent Mark (4.836s)
[2023-10-01T16:41:08.806+0000][4.837s][info ][gc,marking    ] GC(9) Concurrent Mark From Roots
[2023-10-01T16:41:08.806+0000][4.837s][info ][gc,task       ] GC(9) Using 2 workers of 2 for marking
[2023-10-01T16:41:08.806+0000][4.837s][info ][gc,stringdedup] Concurrent String Deduplication 103.9K->13272.0B(93160.0B) avg 16.9% (4.828s, 4.837s) 8.879ms
[2023-10-01T16:41:08.824+0000][4.855s][info ][gc,marking    ] GC(9) Concurrent Mark From Roots 17.915ms
[2023-10-01T16:41:08.825+0000][4.856s][info ][gc,marking    ] GC(9) Concurrent Preclean
[2023-10-01T16:41:08.826+0000][4.857s][info ][gc,marking    ] GC(9) Concurrent Preclean 1.189ms
[2023-10-01T16:41:08.826+0000][4.858s][info ][gc,marking    ] GC(9) Concurrent Mark (4.836s, 4.858s) 21.341ms
[2023-10-01T16:41:08.827+0000][4.858s][debug][safepoint     ] Safepoint synchronization initiated. (13 threads)
[2023-10-01T16:41:08.828+0000][4.859s][info ][safepoint     ] Application time: 0.0313737 seconds
[2023-10-01T16:41:08.829+0000][4.860s][debug][safepoint     ] Waiting for 1 thread(s) to block
[2023-10-01T16:41:08.830+0000][4.861s][info ][safepoint     ] Entering safepoint region: CGC_Operation
[2023-10-01T16:41:08.830+0000][4.861s][info ][gc,start      ] GC(9) Pause Remark
[2023-10-01T16:41:08.835+0000][4.866s][info ][gc,stringtable] GC(9) Cleaned string and symbol table, strings: 8302 processed, 7 removed, symbols: 55353 processed, 115 removed
[2023-10-01T16:41:08.836+0000][4.867s][info ][gc            ] GC(9) Pause Remark 21M->21M(183M) 5.270ms
[2023-10-01T16:41:08.836+0000][4.867s][info ][gc,cpu        ] GC(9) User=0.02s Sys=0.00s Real=0.00s
[2023-10-01T16:41:08.837+0000][4.868s][info ][safepoint     ] Leaving safepoint region
[2023-10-01T16:41:08.837+0000][4.868s][info ][safepoint     ] Total time for which application threads were stopped: 0.0084605 seconds, Stopping threads took: 0.0012416 seconds
[2023-10-01T16:41:08.838+0000][4.869s][info ][gc,marking    ] GC(9) Concurrent Rebuild Remembered Sets
[2023-10-01T16:41:08.846+0000][4.877s][info ][gc,marking    ] GC(9) Concurrent Rebuild Remembered Sets 8.346ms
[2023-10-01T16:41:08.847+0000][4.878s][debug][safepoint     ] Safepoint synchronization initiated. (13 threads)
[2023-10-01T16:41:08.848+0000][4.879s][info ][safepoint     ] Application time: 0.0101640 seconds
[2023-10-01T16:41:08.849+0000][4.880s][debug][safepoint     ] ... found polling page return exception at pc = 0x00007f518843254c, stub =0x00007f5180840600
[2023-10-01T16:41:08.849+0000][4.881s][debug][safepoint     ] Waiting for 1 thread(s) to block
[2023-10-01T16:41:08.851+0000][4.882s][info ][safepoint     ] Entering safepoint region: CGC_Operation
[2023-10-01T16:41:08.852+0000][4.883s][info ][gc,start      ] GC(9) Pause Cleanup
[2023-10-01T16:41:08.853+0000][4.884s][info ][gc            ] GC(9) Pause Cleanup 23M->23M(183M) 0.989ms
[2023-10-01T16:41:08.854+0000][4.885s][info ][gc,cpu        ] GC(9) User=0.00s Sys=0.00s Real=0.00s
[2023-10-01T16:41:08.854+0000][4.885s][info ][safepoint     ] Leaving safepoint region
[2023-10-01T16:41:08.855+0000][4.886s][info ][safepoint     ] Total time for which application threads were stopped: 0.0057554 seconds, Stopping threads took: 0.0027322 seconds
[2023-10-01T16:41:08.855+0000][4.886s][info ][gc,marking    ] GC(9) Concurrent Cleanup for Next Mark
[2023-10-01T16:41:08.858+0000][4.889s][info ][gc,marking    ] GC(9) Concurrent Cleanup for Next Mark 3.127ms
[2023-10-01T16:41:08.859+0000][4.890s][info ][gc            ] GC(9) Concurrent Cycle 65.995ms
[2023-10-01T16:41:09.139+0000][5.170s][debug][safepoint     ] Safepoint synchronization initiated. (13 threads)
[2023-10-01T16:41:09.140+0000][5.171s][info ][safepoint     ] Application time: 0.2845235 seconds
[2023-10-01T16:41:09.140+0000][5.171s][debug][safepoint     ] ... found polling page return exception at pc = 0x00007f51882c9a14, stub =0x00007f5180840600
[2023-10-01T16:41:09.141+0000][5.172s][debug][safepoint     ] Waiting for 1 thread(s) to block
[2023-10-01T16:41:09.141+0000][5.172s][info ][safepoint     ] Entering safepoint region: Deoptimize
[2023-10-01T16:41:09.143+0000][5.174s][info ][safepoint     ] Leaving safepoint region
[2023-10-01T16:41:09.143+0000][5.174s][info ][safepoint     ] Total time for which application threads were stopped: 0.0029196 seconds, Stopping threads took: 0.0016958 seconds
[2023-10-01T16:41:09.276+0000][5.307s][debug][safepoint     ] Safepoint synchronization initiated. (12 threads)
[2023-10-01T16:41:09.277+0000][5.308s][info ][safepoint     ] Application time: 0.1333319 seconds
[2023-10-01T16:41:09.278+0000][5.309s][info ][safepoint     ] Entering safepoint region: G1CollectForAllocation
[2023-10-01T16:41:09.279+0000][5.310s][info ][gc,start      ] GC(10) Pause Young (Normal) (G1 Evacuation Pause)
[2023-10-01T16:41:09.279+0000][5.310s][info ][gc,task       ] GC(10) Using 4 workers of 8 for evacuation
[2023-10-01T16:41:09.294+0000][5.325s][info ][gc,phases     ] GC(10)   Pre Evacuate Collection Set: 0.0ms
[2023-10-01T16:41:09.294+0000][5.325s][info ][gc,phases     ] GC(10)   Evacuate Collection Set: 11.7ms
[2023-10-01T16:41:09.295+0000][5.326s][info ][gc,phases     ] GC(10)   Post Evacuate Collection Set: 1.9ms
[2023-10-01T16:41:09.296+0000][5.327s][info ][gc,phases     ] GC(10)   Other: 1.4ms
[2023-10-01T16:41:09.296+0000][5.327s][info ][gc,heap       ] GC(10) Eden regions: 102->0(99)
[2023-10-01T16:41:09.297+0000][5.328s][info ][gc,heap       ] GC(10) Survivor regions: 7->10(14)
[2023-10-01T16:41:09.297+0000][5.328s][info ][gc,heap       ] GC(10) Old regions: 12->12
[2023-10-01T16:41:09.298+0000][5.329s][info ][gc,heap       ] GC(10) Humongous regions: 0->0
[2023-10-01T16:41:09.298+0000][5.329s][info ][gc,metaspace  ] GC(10) Metaspace: 23929K(24828K)->23929K(24828K) NonClass: 20909K(21500K)->20909K(21500K) Class: 3019K(3328K)->3019K(3328K)
[2023-10-01T16:41:09.299+0000][5.330s][info ][gc            ] GC(10) Pause Young (Normal) (G1 Evacuation Pause) 118M->19M(183M) 20.095ms
[2023-10-01T16:41:09.299+0000][5.330s][info ][gc,cpu        ] GC(10) User=0.07s Sys=0.00s Real=0.02s
[2023-10-01T16:41:09.300+0000][5.331s][info ][safepoint     ] Leaving safepoint region
[2023-10-01T16:41:09.300+0000][5.331s][info ][safepoint     ] Total time for which application threads were stopped: 0.0226367 seconds, Stopping threads took: 0.0007214 seconds
[2023-10-01T16:41:09.301+0000][5.332s][info ][gc,stringdedup] Concurrent String Deduplication (5.332s)
[2023-10-01T16:41:09.307+0000][5.338s][info ][gc,stringdedup] Concurrent String Deduplication 772.7K->738.6K(34904.0B) avg 14.3% (5.332s, 5.338s) 5.824ms
[2023-10-01T16:41:09.750+0000][5.781s][debug][safepoint     ] Safepoint synchronization initiated. (12 threads)
[2023-10-01T16:41:09.751+0000][5.782s][info ][safepoint     ] Application time: 0.4504439 seconds
[2023-10-01T16:41:09.752+0000][5.783s][debug][safepoint     ] Waiting for 1 thread(s) to block
[2023-10-01T16:41:09.753+0000][5.784s][info ][safepoint     ] Entering safepoint region: G1CollectForAllocation
[2023-10-01T16:41:09.753+0000][5.784s][info ][gc,start      ] GC(11) Pause Young (Normal) (G1 Evacuation Pause)
[2023-10-01T16:41:09.754+0000][5.785s][info ][gc,task       ] GC(11) Using 4 workers of 8 for evacuation
[2023-10-01T16:41:09.767+0000][5.798s][info ][gc,phases     ] GC(11)   Pre Evacuate Collection Set: 0.0ms
[2023-10-01T16:41:09.768+0000][5.799s][info ][gc,phases     ] GC(11)   Evacuate Collection Set: 11.2ms
[2023-10-01T16:41:09.768+0000][5.799s][info ][gc,phases     ] GC(11)   Post Evacuate Collection Set: 1.6ms
[2023-10-01T16:41:09.769+0000][5.800s][info ][gc,phases     ] GC(11)   Other: 1.1ms
[2023-10-01T16:41:09.770+0000][5.801s][info ][gc,heap       ] GC(11) Eden regions: 99->0(99)
[2023-10-01T16:41:09.770+0000][5.801s][info ][gc,heap       ] GC(11) Survivor regions: 10->10(14)
[2023-10-01T16:41:09.771+0000][5.802s][info ][gc,heap       ] GC(11) Old regions: 12->14
[2023-10-01T16:41:09.771+0000][5.802s][info ][gc,heap       ] GC(11) Humongous regions: 0->0
[2023-10-01T16:41:09.771+0000][5.802s][info ][gc,metaspace  ] GC(11) Metaspace: 24218K(25212K)->24218K(25212K) NonClass: 21153K(21756K)->21153K(21756K) Class: 3064K(3456K)->3064K(3456K)
[2023-10-01T16:41:09.773+0000][5.804s][info ][gc            ] GC(11) Pause Young (Normal) (G1 Evacuation Pause) 118M->21M(183M) 19.182ms
[2023-10-01T16:41:09.773+0000][5.804s][info ][gc,cpu        ] GC(11) User=0.06s Sys=0.01s Real=0.02s
[2023-10-01T16:41:09.774+0000][5.805s][info ][safepoint     ] Leaving safepoint region
[2023-10-01T16:41:09.774+0000][5.805s][info ][safepoint     ] Total time for which application threads were stopped: 0.0221554 seconds, Stopping threads took: 0.0012113 seconds
[2023-10-01T16:41:09.775+0000][5.806s][info ][gc,stringdedup] Concurrent String Deduplication (5.806s)
[2023-10-01T16:41:09.776+0000][5.807s][info ][gc,stringdedup] Concurrent String Deduplication 61200.0B->34288.0B(26912.0B) avg 14.8% (5.806s, 5.807s) 1.230ms
[2023-10-01T16:41:10.489+0000][6.520s][debug][safepoint     ] Safepoint synchronization initiated. (12 threads)
[2023-10-01T16:41:10.490+0000][6.521s][info ][safepoint     ] Application time: 0.7153684 seconds
[2023-10-01T16:41:10.492+0000][6.523s][info ][safepoint     ] Entering safepoint region: G1CollectForAllocation
[2023-10-01T16:41:10.495+0000][6.526s][info ][gc,start      ] GC(12) Pause Young (Normal) (G1 Evacuation Pause)
[2023-10-01T16:41:10.496+0000][6.527s][info ][gc,task       ] GC(12) Using 4 workers of 8 for evacuation
[2023-10-01T16:41:10.516+0000][6.547s][info ][gc,phases     ] GC(12)   Pre Evacuate Collection Set: 0.0ms
[2023-10-01T16:41:10.516+0000][6.547s][info ][gc,phases     ] GC(12)   Evacuate Collection Set: 16.2ms
[2023-10-01T16:41:10.517+0000][6.548s][info ][gc,phases     ] GC(12)   Post Evacuate Collection Set: 3.0ms
[2023-10-01T16:41:10.517+0000][6.548s][info ][gc,phases     ] GC(12)   Other: 1.5ms
[2023-10-01T16:41:10.518+0000][6.549s][info ][gc,heap       ] GC(12) Eden regions: 99->0(100)
[2023-10-01T16:41:10.519+0000][6.550s][info ][gc,heap       ] GC(12) Survivor regions: 10->9(14)
[2023-10-01T16:41:10.519+0000][6.550s][info ][gc,heap       ] GC(12) Old regions: 14->17
[2023-10-01T16:41:10.520+0000][6.551s][info ][gc,heap       ] GC(12) Humongous regions: 0->0
[2023-10-01T16:41:10.520+0000][6.551s][info ][gc,metaspace  ] GC(12) Metaspace: 24605K(25724K)->24605K(25724K) NonClass: 21518K(22268K)->21518K(22268K) Class: 3086K(3456K)->3086K(3456K)
[2023-10-01T16:41:10.521+0000][6.552s][info ][gc            ] GC(12) Pause Young (Normal) (G1 Evacuation Pause) 120M->24M(183M) 25.426ms
[2023-10-01T16:41:10.521+0000][6.552s][info ][gc,cpu        ] GC(12) User=0.17s Sys=0.00s Real=0.03s
[2023-10-01T16:41:10.522+0000][6.553s][info ][safepoint     ] Leaving safepoint region
[2023-10-01T16:41:10.522+0000][6.553s][info ][safepoint     ] Total time for which application threads were stopped: 0.0300018 seconds, Stopping threads took: 0.0025942 seconds
[2023-10-01T16:41:10.523+0000][6.554s][info ][gc,stringdedup] Concurrent String Deduplication (6.554s)
[2023-10-01T16:41:10.532+0000][6.563s][info ][gc,stringdedup] Concurrent String Deduplication 752.1K->477.4K(274.7K) avg 18.4% (6.554s, 6.563s) 9.049ms
[2023-10-01T16:41:11.072+0000][7.103s][debug][safepoint     ] Safepoint synchronization initiated. (12 threads)
[2023-10-01T16:41:11.073+0000][7.104s][info ][safepoint     ] Application time: 0.5504901 seconds
[2023-10-01T16:41:11.074+0000][7.105s][debug][safepoint     ] Waiting for 1 thread(s) to block
[2023-10-01T16:41:11.074+0000][7.105s][info ][safepoint     ] Entering safepoint region: G1CollectForAllocation
[2023-10-01T16:41:11.076+0000][7.107s][info ][gc,start      ] GC(13) Pause Young (Normal) (G1 Evacuation Pause)
[2023-10-01T16:41:11.076+0000][7.107s][info ][gc,task       ] GC(13) Using 4 workers of 8 for evacuation
[2023-10-01T16:41:11.089+0000][7.120s][info ][gc,phases     ] GC(13)   Pre Evacuate Collection Set: 0.0ms
[2023-10-01T16:41:11.090+0000][7.121s][info ][gc,phases     ] GC(13)   Evacuate Collection Set: 10.0ms
[2023-10-01T16:41:11.090+0000][7.121s][info ][gc,phases     ] GC(13)   Post Evacuate Collection Set: 2.0ms
[2023-10-01T16:41:11.091+0000][7.122s][info ][gc,phases     ] GC(13)   Other: 1.3ms
[2023-10-01T16:41:11.091+0000][7.122s][info ][gc,heap       ] GC(13) Eden regions: 100->0(124)
[2023-10-01T16:41:11.092+0000][7.123s][info ][gc,heap       ] GC(13) Survivor regions: 9->8(14)
[2023-10-01T16:41:11.093+0000][7.124s][info ][gc,heap       ] GC(13) Old regions: 17->20
[2023-10-01T16:41:11.094+0000][7.125s][info ][gc,heap       ] GC(13) Humongous regions: 0->0
[2023-10-01T16:41:11.094+0000][7.125s][info ][gc,metaspace  ] GC(13) Metaspace: 24743K(25724K)->24743K(25724K) NonClass: 21640K(22268K)->21640K(22268K) Class: 3102K(3456K)->3102K(3456K)
[2023-10-01T16:41:11.095+0000][7.126s][info ][gc            ] GC(13) Pause Young (Normal) (G1 Evacuation Pause) 124M->26M(221M) 19.047ms
[2023-10-01T16:41:11.095+0000][7.126s][info ][gc,cpu        ] GC(13) User=0.08s Sys=0.00s Real=0.02s
[2023-10-01T16:41:11.096+0000][7.127s][info ][safepoint     ] Leaving safepoint region
[2023-10-01T16:41:11.096+0000][7.127s][info ][safepoint     ] Total time for which application threads were stopped: 0.0226496 seconds, Stopping threads took: 0.0016727 seconds
[2023-10-01T16:41:11.097+0000][7.128s][info ][gc,stringdedup] Concurrent String Deduplication (7.128s)
[2023-10-01T16:41:11.105+0000][7.136s][info ][gc,stringdedup] Concurrent String Deduplication 848.9K->365.2K(483.7K) avg 24.4% (7.128s, 7.136s) 8.101ms
[2023-10-01T16:41:11.514+0000][7.545s][debug][safepoint     ] Safepoint synchronization initiated. (13 threads)
[2023-10-01T16:41:11.515+0000][7.546s][info ][safepoint     ] Application time: 0.4181785 seconds
[2023-10-01T16:41:11.516+0000][7.547s][info ][safepoint     ] Entering safepoint region: G1CollectForAllocation
[2023-10-01T16:41:11.517+0000][7.548s][info ][gc,start      ] GC(14) Pause Young (Normal) (G1 Evacuation Pause)
[2023-10-01T16:41:11.517+0000][7.548s][info ][gc,task       ] GC(14) Using 5 workers of 8 for evacuation
[2023-10-01T16:41:11.526+0000][7.557s][info ][gc,phases     ] GC(14)   Pre Evacuate Collection Set: 0.0ms
[2023-10-01T16:41:11.527+0000][7.558s][info ][gc,phases     ] GC(14)   Evacuate Collection Set: 6.2ms
[2023-10-01T16:41:11.527+0000][7.558s][info ][gc,phases     ] GC(14)   Post Evacuate Collection Set: 1.8ms
[2023-10-01T16:41:11.528+0000][7.559s][info ][gc,phases     ] GC(14)   Other: 1.7ms
[2023-10-01T16:41:11.529+0000][7.560s][info ][gc,heap       ] GC(14) Eden regions: 124->0(124)
[2023-10-01T16:41:11.529+0000][7.560s][info ][gc,heap       ] GC(14) Survivor regions: 8->8(17)
[2023-10-01T16:41:11.530+0000][7.561s][info ][gc,heap       ] GC(14) Old regions: 20->20
[2023-10-01T16:41:11.530+0000][7.561s][info ][gc,heap       ] GC(14) Humongous regions: 0->0
[2023-10-01T16:41:11.531+0000][7.562s][info ][gc,metaspace  ] GC(14) Metaspace: 26067K(27132K)->26067K(27132K) NonClass: 22872K(23548K)->22872K(23548K) Class: 3195K(3584K)->3195K(3584K)
[2023-10-01T16:41:11.531+0000][7.562s][info ][gc            ] GC(14) Pause Young (Normal) (G1 Evacuation Pause) 150M->26M(221M) 14.707ms
[2023-10-01T16:41:11.532+0000][7.563s][info ][gc,cpu        ] GC(14) User=0.05s Sys=0.01s Real=0.01s
[2023-10-01T16:41:11.532+0000][7.563s][info ][safepoint     ] Leaving safepoint region
[2023-10-01T16:41:11.533+0000][7.564s][info ][safepoint     ] Total time for which application threads were stopped: 0.0176505 seconds, Stopping threads took: 0.0005522 seconds
[2023-10-01T16:41:11.534+0000][7.565s][info ][gc,stringdedup] Concurrent String Deduplication (7.565s)
[2023-10-01T16:41:11.541+0000][7.572s][info ][gc,stringdedup] Concurrent String Deduplication 747.4K->164.8K(582.6K) avg 30.9% (7.565s, 7.572s) 7.081ms
[2023-10-01T16:41:11.755+0000][7.786s][debug][safepoint     ] Safepoint synchronization initiated. (13 threads)
[2023-10-01T16:41:11.756+0000][7.787s][info ][safepoint     ] Application time: 0.2221537 seconds
[2023-10-01T16:41:11.757+0000][7.788s][debug][safepoint     ] Waiting for 1 thread(s) to block
[2023-10-01T16:41:11.757+0000][7.788s][info ][safepoint     ] Entering safepoint region: G1CollectForAllocation
[2023-10-01T16:41:11.758+0000][7.789s][info ][gc,start      ] GC(15) Pause Young (Normal) (G1 Evacuation Pause)
[2023-10-01T16:41:11.759+0000][7.790s][info ][gc,task       ] GC(15) Using 5 workers of 8 for evacuation
[2023-10-01T16:41:11.769+0000][7.800s][info ][gc,phases     ] GC(15)   Pre Evacuate Collection Set: 0.0ms
[2023-10-01T16:41:11.770+0000][7.801s][info ][gc,phases     ] GC(15)   Evacuate Collection Set: 7.3ms
[2023-10-01T16:41:11.771+0000][7.802s][info ][gc,phases     ] GC(15)   Post Evacuate Collection Set: 2.7ms
[2023-10-01T16:41:11.771+0000][7.802s][info ][gc,phases     ] GC(15)   Other: 1.2ms
[2023-10-01T16:41:11.772+0000][7.803s][info ][gc,heap       ] GC(15) Eden regions: 124->0(124)
[2023-10-01T16:41:11.773+0000][7.804s][info ][gc,heap       ] GC(15) Survivor regions: 8->8(17)
[2023-10-01T16:41:11.773+0000][7.804s][info ][gc,heap       ] GC(15) Old regions: 20->20
[2023-10-01T16:41:11.774+0000][7.805s][info ][gc,heap       ] GC(15) Humongous regions: 0->0
[2023-10-01T16:41:11.774+0000][7.805s][info ][gc,metaspace  ] GC(15) Metaspace: 26278K(27388K)->26278K(27388K) NonClass: 23058K(23804K)->23058K(23804K) Class: 3220K(3584K)->3220K(3584K)
[2023-10-01T16:41:11.775+0000][7.806s][info ][gc            ] GC(15) Pause Young (Normal) (G1 Evacuation Pause) 150M->26M(221M) 16.479ms
[2023-10-01T16:41:11.775+0000][7.806s][info ][gc,cpu        ] GC(15) User=0.07s Sys=0.00s Real=0.01s
[2023-10-01T16:41:11.776+0000][7.807s][info ][safepoint     ] Leaving safepoint region
[2023-10-01T16:41:11.777+0000][7.808s][info ][safepoint     ] Total time for which application threads were stopped: 0.0203332 seconds, Stopping threads took: 0.0012009 seconds
[2023-10-01T16:41:11.778+0000][7.809s][info ][gc,stringdedup] Concurrent String Deduplication (7.809s)
[2023-10-01T16:41:11.783+0000][7.814s][info ][gc,stringdedup] Concurrent String Deduplication 1190.7K->244.9K(945.8K) avg 38.7% (7.809s, 7.814s) 5.369ms
[2023-10-01T16:41:12.068+0000][8.099s][debug][safepoint     ] Safepoint synchronization initiated. (12 threads)
[2023-10-01T16:41:12.069+0000][8.100s][info ][safepoint     ] Application time: 0.2908694 seconds
[2023-10-01T16:41:12.069+0000][8.100s][info ][safepoint     ] Entering safepoint region: G1CollectForAllocation
[2023-10-01T16:41:12.070+0000][8.101s][info ][gc,start      ] GC(16) Pause Young (Normal) (G1 Evacuation Pause)
[2023-10-01T16:41:12.071+0000][8.102s][info ][gc,task       ] GC(16) Using 5 workers of 8 for evacuation
[2023-10-01T16:41:12.079+0000][8.110s][info ][gc,phases     ] GC(16)   Pre Evacuate Collection Set: 0.0ms
[2023-10-01T16:41:12.080+0000][8.111s][info ][gc,phases     ] GC(16)   Evacuate Collection Set: 5.4ms
[2023-10-01T16:41:12.080+0000][8.111s][info ][gc,phases     ] GC(16)   Post Evacuate Collection Set: 2.2ms
[2023-10-01T16:41:12.081+0000][8.112s][info ][gc,phases     ] GC(16)   Other: 1.2ms
[2023-10-01T16:41:12.081+0000][8.112s][info ][gc,heap       ] GC(16) Eden regions: 124->0(125)
[2023-10-01T16:41:12.081+0000][8.113s][info ][gc,heap       ] GC(16) Survivor regions: 8->7(17)
[2023-10-01T16:41:12.082+0000][8.113s][info ][gc,heap       ] GC(16) Old regions: 20->20
[2023-10-01T16:41:12.082+0000][8.113s][info ][gc,heap       ] GC(16) Humongous regions: 0->0
[2023-10-01T16:41:12.083+0000][8.114s][info ][gc,metaspace  ] GC(16) Metaspace: 26432K(27388K)->26432K(27388K) NonClass: 23195K(23804K)->23195K(23804K) Class: 3236K(3584K)->3236K(3584K)
[2023-10-01T16:41:12.084+0000][8.115s][info ][gc            ] GC(16) Pause Young (Normal) (G1 Evacuation Pause) 150M->25M(221M) 13.429ms
[2023-10-01T16:41:12.084+0000][8.115s][info ][gc,cpu        ] GC(16) User=0.06s Sys=0.00s Real=0.01s
[2023-10-01T16:41:12.085+0000][8.116s][info ][safepoint     ] Leaving safepoint region
[2023-10-01T16:41:12.085+0000][8.116s][info ][safepoint     ] Total time for which application threads were stopped: 0.0158625 seconds, Stopping threads took: 0.0005815 seconds
[2023-10-01T16:41:12.086+0000][8.117s][info ][gc,stringdedup] Concurrent String Deduplication (8.117s)
[2023-10-01T16:41:12.087+0000][8.118s][info ][gc,stringdedup] Concurrent String Deduplication 134.1K->37616.0B(99688.0B) avg 39.3% (8.117s, 8.118s) 1.357ms
[2023-10-01T16:41:12.811+0000][8.842s][debug][safepoint     ] Safepoint synchronization initiated. (11 threads)
[2023-10-01T16:41:12.813+0000][8.844s][info ][safepoint     ] Application time: 0.7269796 seconds
[2023-10-01T16:41:12.813+0000][8.844s][info ][safepoint     ] Entering safepoint region: G1CollectForAllocation
[2023-10-01T16:41:12.814+0000][8.845s][info ][gc,start      ] GC(17) Pause Young (Normal) (G1 Evacuation Pause)
[2023-10-01T16:41:12.814+0000][8.845s][info ][gc,task       ] GC(17) Using 5 workers of 8 for evacuation
[2023-10-01T16:41:12.824+0000][8.855s][info ][gc,phases     ] GC(17)   Pre Evacuate Collection Set: 0.0ms
[2023-10-01T16:41:12.824+0000][8.855s][info ][gc,phases     ] GC(17)   Evacuate Collection Set: 6.6ms
[2023-10-01T16:41:12.825+0000][8.856s][info ][gc,phases     ] GC(17)   Post Evacuate Collection Set: 2.2ms
[2023-10-01T16:41:12.825+0000][8.856s][info ][gc,phases     ] GC(17)   Other: 1.1ms
[2023-10-01T16:41:12.826+0000][8.857s][info ][gc,heap       ] GC(17) Eden regions: 125->0(124)
[2023-10-01T16:41:12.826+0000][8.857s][info ][gc,heap       ] GC(17) Survivor regions: 7->8(17)
[2023-10-01T16:41:12.827+0000][8.858s][info ][gc,heap       ] GC(17) Old regions: 20->20
[2023-10-01T16:41:12.827+0000][8.858s][info ][gc,heap       ] GC(17) Humongous regions: 0->0
[2023-10-01T16:41:12.827+0000][8.858s][info ][gc,metaspace  ] GC(17) Metaspace: 31830K(32892K)->31830K(32892K) NonClass: 28008K(28668K)->28008K(28668K) Class: 3821K(4224K)->3821K(4224K)
[2023-10-01T16:41:12.828+0000][8.859s][info ][gc            ] GC(17) Pause Young (Normal) (G1 Evacuation Pause) 150M->26M(221M) 13.992ms
[2023-10-01T16:41:12.828+0000][8.859s][info ][gc,cpu        ] GC(17) User=0.08s Sys=0.00s Real=0.02s
[2023-10-01T16:41:12.829+0000][8.860s][info ][safepoint     ] Leaving safepoint region
[2023-10-01T16:41:12.830+0000][8.861s][info ][safepoint     ] Total time for which application threads were stopped: 0.0166594 seconds, Stopping threads took: 0.0005359 seconds
[2023-10-01T16:41:12.830+0000][8.861s][info ][gc,stringdedup] Concurrent String Deduplication (8.861s)
[2023-10-01T16:41:12.831+0000][8.862s][info ][gc,stringdedup] Concurrent String Deduplication 33568.0B->4800.0B(28768.0B) avg 39.5% (8.861s, 8.862s) 0.767ms
[2023-10-01T16:41:13.288+0000][9.319s][debug][safepoint     ] Safepoint synchronization initiated. (12 threads)
[2023-10-01T16:41:13.289+0000][9.320s][info ][safepoint     ] Application time: 0.4583722 seconds
[2023-10-01T16:41:13.289+0000][9.320s][info ][safepoint     ] Entering safepoint region: Deoptimize
[2023-10-01T16:41:13.291+0000][9.322s][info ][safepoint     ] Leaving safepoint region
[2023-10-01T16:41:13.291+0000][9.322s][info ][safepoint     ] Total time for which application threads were stopped: 0.0021106 seconds, Stopping threads took: 0.0006501 seconds
[2023-10-01T16:41:13.392+0000][9.423s][debug][safepoint     ] Safepoint synchronization initiated. (12 threads)
[2023-10-01T16:41:13.392+0000][9.423s][info ][safepoint     ] Application time: 0.1005196 seconds
[2023-10-01T16:41:13.393+0000][9.424s][info ][safepoint     ] Entering safepoint region: G1CollectForAllocation
[2023-10-01T16:41:13.394+0000][9.425s][info ][gc,start      ] GC(18) Pause Young (Normal) (G1 Evacuation Pause)
[2023-10-01T16:41:13.394+0000][9.425s][info ][gc,task       ] GC(18) Using 5 workers of 8 for evacuation
[2023-10-01T16:41:13.407+0000][9.438s][info ][gc,phases     ] GC(18)   Pre Evacuate Collection Set: 0.0ms
[2023-10-01T16:41:13.407+0000][9.438s][info ][gc,phases     ] GC(18)   Evacuate Collection Set: 9.2ms
[2023-10-01T16:41:13.408+0000][9.439s][info ][gc,phases     ] GC(18)   Post Evacuate Collection Set: 2.8ms
[2023-10-01T16:41:13.408+0000][9.439s][info ][gc,phases     ] GC(18)   Other: 1.1ms
[2023-10-01T16:41:13.409+0000][9.440s][info ][gc,heap       ] GC(18) Eden regions: 124->0(150)
[2023-10-01T16:41:13.409+0000][9.440s][info ][gc,heap       ] GC(18) Survivor regions: 8->9(17)
[2023-10-01T16:41:13.410+0000][9.441s][info ][gc,heap       ] GC(18) Old regions: 20->20
[2023-10-01T16:41:13.410+0000][9.441s][info ][gc,heap       ] GC(18) Humongous regions: 0->0
[2023-10-01T16:41:13.410+0000][9.441s][info ][gc,metaspace  ] GC(18) Metaspace: 32722K(33788K)->32722K(33788K) NonClass: 28781K(29436K)->28781K(29436K) Class: 3941K(4352K)->3941K(4352K)
[2023-10-01T16:41:13.411+0000][9.442s][info ][gc            ] GC(18) Pause Young (Normal) (G1 Evacuation Pause) 150M->27M(266M) 17.127ms
[2023-10-01T16:41:13.411+0000][9.442s][info ][gc,cpu        ] GC(18) User=0.10s Sys=0.01s Real=0.02s
[2023-10-01T16:41:13.412+0000][9.443s][info ][safepoint     ] Leaving safepoint region
[2023-10-01T16:41:13.412+0000][9.443s][info ][safepoint     ] Total time for which application threads were stopped: 0.0190145 seconds, Stopping threads took: 0.0004459 seconds
[2023-10-01T16:41:13.413+0000][9.444s][info ][gc,stringdedup] Concurrent String Deduplication (9.444s)
[2023-10-01T16:41:13.414+0000][9.445s][info ][gc,stringdedup] Concurrent String Deduplication 278.8K->9488.0B(269.5K) avg 41.5% (9.444s, 9.445s) 1.825ms
[2023-10-01T16:41:13.846+0000][9.877s][debug][safepoint     ] Safepoint synchronization initiated. (12 threads)
[2023-10-01T16:41:13.847+0000][9.878s][info ][safepoint     ] Application time: 0.4346805 seconds
[2023-10-01T16:41:13.849+0000][9.880s][info ][safepoint     ] Entering safepoint region: Deoptimize
[2023-10-01T16:41:13.850+0000][9.881s][info ][safepoint     ] Leaving safepoint region
[2023-10-01T16:41:13.850+0000][9.881s][info ][safepoint     ] Total time for which application threads were stopped: 0.0018310 seconds, Stopping threads took: 0.0005392 seconds
[2023-10-01T16:41:13.954+0000][9.985s][debug][safepoint     ] Safepoint synchronization initiated. (12 threads)
[2023-10-01T16:41:13.954+0000][9.985s][info ][safepoint     ] Application time: 0.1035131 seconds
[2023-10-01T16:41:13.955+0000][9.986s][info ][safepoint     ] Entering safepoint region: G1CollectForAllocation
[2023-10-01T16:41:13.956+0000][9.987s][info ][gc,start      ] GC(19) Pause Young (Normal) (G1 Evacuation Pause)
[2023-10-01T16:41:13.956+0000][9.987s][info ][gc,task       ] GC(19) Using 6 workers of 8 for evacuation
[2023-10-01T16:41:13.971+0000][10.002s][info ][gc,phases     ] GC(19)   Pre Evacuate Collection Set: 0.0ms
[2023-10-01T16:41:13.972+0000][10.003s][info ][gc,phases     ] GC(19)   Evacuate Collection Set: 11.1ms
[2023-10-01T16:41:13.972+0000][10.003s][info ][gc,phases     ] GC(19)   Post Evacuate Collection Set: 2.9ms
[2023-10-01T16:41:13.973+0000][10.004s][info ][gc,phases     ] GC(19)   Other: 1.4ms
[2023-10-01T16:41:13.974+0000][10.005s][info ][gc,heap       ] GC(19) Eden regions: 150->0(149)
[2023-10-01T16:41:13.974+0000][10.005s][info ][gc,heap       ] GC(19) Survivor regions: 9->10(20)
[2023-10-01T16:41:13.975+0000][10.006s][info ][gc,heap       ] GC(19) Old regions: 20->20
[2023-10-01T16:41:13.975+0000][10.006s][info ][gc,heap       ] GC(19) Humongous regions: 0->0
[2023-10-01T16:41:13.976+0000][10.007s][info ][gc,metaspace  ] GC(19) Metaspace: 33272K(34300K)->33272K(34300K) NonClass: 29265K(29948K)->29265K(29948K) Class: 4006K(4352K)->4006K(4352K)
[2023-10-01T16:41:13.976+0000][10.007s][info ][gc            ] GC(19) Pause Young (Normal) (G1 Evacuation Pause) 177M->28M(266M) 20.812ms
[2023-10-01T16:41:13.977+0000][10.008s][info ][gc,cpu        ] GC(19) User=0.15s Sys=0.00s Real=0.03s
[2023-10-01T16:41:13.978+0000][10.009s][info ][safepoint     ] Leaving safepoint region
[2023-10-01T16:41:13.979+0000][10.010s][info ][safepoint     ] Total time for which application threads were stopped: 0.0238382 seconds, Stopping threads took: 0.0004936 seconds
[2023-10-01T16:41:13.979+0000][10.010s][info ][gc,stringdedup] Concurrent String Deduplication (10.010s)
[2023-10-01T16:41:13.981+0000][10.012s][info ][gc,stringdedup] Concurrent String Deduplication 144.1K->25280.0B(119.4K) avg 42.3% (10.010s, 10.012s) 1.965ms
[2023-10-01T16:41:14.268+0000][10.299s][debug][safepoint     ] Safepoint synchronization initiated. (12 threads)
[2023-10-01T16:41:14.269+0000][10.300s][info ][safepoint     ] Application time: 0.2896093 seconds
[2023-10-01T16:41:14.269+0000][10.300s][info ][safepoint     ] Entering safepoint region: Deoptimize
[2023-10-01T16:41:14.271+0000][10.302s][info ][safepoint     ] Leaving safepoint region
[2023-10-01T16:41:14.271+0000][10.302s][info ][safepoint     ] Total time for which application threads were stopped: 0.0019038 seconds, Stopping threads took: 0.0004859 seconds
[2023-10-01T16:41:14.284+0000][10.315s][debug][safepoint     ] Safepoint synchronization initiated. (12 threads)
[2023-10-01T16:41:14.285+0000][10.316s][info ][safepoint     ] Application time: 0.0127919 seconds
[2023-10-01T16:41:14.285+0000][10.316s][info ][safepoint     ] Entering safepoint region: Deoptimize
[2023-10-01T16:41:14.286+0000][10.317s][info ][safepoint     ] Leaving safepoint region
[2023-10-01T16:41:14.287+0000][10.318s][info ][safepoint     ] Total time for which application threads were stopped: 0.0017357 seconds, Stopping threads took: 0.0004747 seconds
[2023-10-01T16:41:14.315+0000][10.346s][debug][safepoint     ] Safepoint synchronization initiated. (12 threads)
[2023-10-01T16:41:14.315+0000][10.346s][info ][safepoint     ] Application time: 0.0279041 seconds
[2023-10-01T16:41:14.316+0000][10.347s][info ][safepoint     ] Entering safepoint region: Deoptimize
[2023-10-01T16:41:14.318+0000][10.349s][info ][safepoint     ] Leaving safepoint region
[2023-10-01T16:41:14.318+0000][10.350s][info ][safepoint     ] Total time for which application threads were stopped: 0.0022449 seconds, Stopping threads took: 0.0006004 seconds
[2023-10-01T16:41:14.408+0000][10.440s][debug][safepoint     ] Safepoint synchronization initiated. (12 threads)
[2023-10-01T16:41:14.409+0000][10.440s][info ][safepoint     ] Application time: 0.0900571 seconds
[2023-10-01T16:41:14.410+0000][10.441s][info ][safepoint     ] Entering safepoint region: Deoptimize
[2023-10-01T16:41:14.411+0000][10.442s][info ][safepoint     ] Leaving safepoint region
[2023-10-01T16:41:14.412+0000][10.443s][info ][safepoint     ] Total time for which application threads were stopped: 0.0017842 seconds, Stopping threads took: 0.0005334 seconds
[2023-10-01T16:41:14.494+0000][10.525s][debug][safepoint     ] Safepoint synchronization initiated. (12 threads)
[2023-10-01T16:41:14.494+0000][10.525s][info ][safepoint     ] Application time: 0.0822561 seconds
[2023-10-01T16:41:14.495+0000][10.526s][info ][safepoint     ] Entering safepoint region: CollectForMetadataAllocation
[2023-10-01T16:41:14.495+0000][10.526s][info ][gc,start      ] GC(20) Pause Young (Concurrent Start) (Metadata GC Threshold)
[2023-10-01T16:41:14.496+0000][10.527s][info ][gc,task       ] GC(20) Using 6 workers of 8 for evacuation
[2023-10-01T16:41:14.506+0000][10.537s][info ][gc,phases     ] GC(20)   Pre Evacuate Collection Set: 0.1ms
[2023-10-01T16:41:14.507+0000][10.538s][info ][gc,phases     ] GC(20)   Evacuate Collection Set: 8.2ms
[2023-10-01T16:41:14.508+0000][10.539s][info ][gc,phases     ] GC(20)   Post Evacuate Collection Set: 1.6ms
[2023-10-01T16:41:14.508+0000][10.539s][info ][gc,phases     ] GC(20)   Other: 1.0ms
[2023-10-01T16:41:14.509+0000][10.540s][info ][gc,heap       ] GC(20) Eden regions: 105->0(149)
[2023-10-01T16:41:14.509+0000][10.540s][info ][gc,heap       ] GC(20) Survivor regions: 10->10(20)
[2023-10-01T16:41:14.510+0000][10.541s][info ][gc,heap       ] GC(20) Old regions: 20->20
[2023-10-01T16:41:14.510+0000][10.541s][info ][gc,heap       ] GC(20) Humongous regions: 0->0
[2023-10-01T16:41:14.511+0000][10.542s][info ][gc,metaspace  ] GC(20) Metaspace: 35129K(36048K)->35129K(36048K) NonClass: 30880K(31440K)->30880K(31440K) Class: 4249K(4608K)->4249K(4608K)
[2023-10-01T16:41:14.512+0000][10.543s][info ][gc            ] GC(20) Pause Young (Concurrent Start) (Metadata GC Threshold) 132M->28M(266M) 16.344ms
[2023-10-01T16:41:14.512+0000][10.543s][info ][gc,cpu        ] GC(20) User=0.06s Sys=0.01s Real=0.02s
[2023-10-01T16:41:14.513+0000][10.544s][info ][gc            ] GC(21) Concurrent Cycle
[2023-10-01T16:41:14.513+0000][10.544s][info ][gc,marking    ] GC(21) Concurrent Clear Claimed Marks
[2023-10-01T16:41:14.513+0000][10.544s][info ][safepoint     ] Leaving safepoint region
[2023-10-01T16:41:14.514+0000][10.545s][info ][safepoint     ] Total time for which application threads were stopped: 0.0194722 seconds, Stopping threads took: 0.0004608 seconds
[2023-10-01T16:41:14.514+0000][10.545s][info ][gc,marking    ] GC(21) Concurrent Clear Claimed Marks 0.662ms
[2023-10-01T16:41:14.515+0000][10.546s][info ][gc,marking    ] GC(21) Concurrent Scan Root Regions
[2023-10-01T16:41:14.515+0000][10.546s][info ][gc,stringdedup] Concurrent String Deduplication (10.546s)
[2023-10-01T16:41:14.519+0000][10.551s][info ][gc,stringdedup] Concurrent String Deduplication 272.5K->120.2K(152.3K) avg 42.7% (10.546s, 10.551s) 4.745ms
[2023-10-01T16:41:14.522+0000][10.553s][info ][gc,marking    ] GC(21) Concurrent Scan Root Regions 6.668ms
[2023-10-01T16:41:14.522+0000][10.553s][info ][gc,marking    ] GC(21) Concurrent Mark (10.553s)
[2023-10-01T16:41:14.523+0000][10.554s][info ][gc,marking    ] GC(21) Concurrent Mark From Roots
[2023-10-01T16:41:14.524+0000][10.555s][info ][gc,task       ] GC(21) Using 2 workers of 2 for marking
[2023-10-01T16:41:14.545+0000][10.576s][info ][gc,marking    ] GC(21) Concurrent Mark From Roots 22.209ms
[2023-10-01T16:41:14.546+0000][10.577s][info ][gc,marking    ] GC(21) Concurrent Preclean
[2023-10-01T16:41:14.547+0000][10.578s][info ][gc,marking    ] GC(21) Concurrent Preclean 0.583ms
[2023-10-01T16:41:14.547+0000][10.578s][info ][gc,marking    ] GC(21) Concurrent Mark (10.553s, 10.578s) 24.653ms
[2023-10-01T16:41:14.548+0000][10.579s][debug][safepoint     ] Safepoint synchronization initiated. (12 threads)
[2023-10-01T16:41:14.548+0000][10.579s][info ][safepoint     ] Application time: 0.0335343 seconds
[2023-10-01T16:41:14.549+0000][10.580s][debug][safepoint     ] ... found polling page return exception at pc = 0x00007f5188484601, stub =0x00007f5180840600
[2023-10-01T16:41:14.550+0000][10.581s][debug][safepoint     ] Waiting for 1 thread(s) to block
[2023-10-01T16:41:14.550+0000][10.581s][info ][safepoint     ] Entering safepoint region: CGC_Operation
[2023-10-01T16:41:14.551+0000][10.582s][info ][gc,start      ] GC(21) Pause Remark
[2023-10-01T16:41:14.556+0000][10.587s][info ][gc,stringtable] GC(21) Cleaned string and symbol table, strings: 12784 processed, 31 removed, symbols: 123069 processed, 336 removed
[2023-10-01T16:41:14.557+0000][10.588s][info ][gc            ] GC(21) Pause Remark 35M->35M(266M) 6.147ms
[2023-10-01T16:41:14.558+0000][10.589s][info ][gc,cpu        ] GC(21) User=0.03s Sys=0.00s Real=0.01s
[2023-10-01T16:41:14.558+0000][10.589s][info ][safepoint     ] Leaving safepoint region
[2023-10-01T16:41:14.559+0000][10.590s][info ][safepoint     ] Total time for which application threads were stopped: 0.0100601 seconds, Stopping threads took: 0.0022239 seconds
[2023-10-01T16:41:14.559+0000][10.590s][info ][gc,marking    ] GC(21) Concurrent Rebuild Remembered Sets
[2023-10-01T16:41:14.572+0000][10.604s][info ][gc,marking    ] GC(21) Concurrent Rebuild Remembered Sets 13.166ms
[2023-10-01T16:41:14.573+0000][10.604s][debug][safepoint     ] Safepoint synchronization initiated. (12 threads)
[2023-10-01T16:41:14.574+0000][10.605s][info ][safepoint     ] Application time: 0.0142763 seconds
[2023-10-01T16:41:14.574+0000][10.605s][debug][safepoint     ] Waiting for 1 thread(s) to block
[2023-10-01T16:41:14.575+0000][10.606s][info ][safepoint     ] Entering safepoint region: CGC_Operation
[2023-10-01T16:41:14.575+0000][10.606s][info ][gc,start      ] GC(21) Pause Cleanup
[2023-10-01T16:41:14.576+0000][10.607s][info ][gc            ] GC(21) Pause Cleanup 39M->39M(266M) 0.576ms
[2023-10-01T16:41:14.576+0000][10.607s][info ][gc,cpu        ] GC(21) User=0.00s Sys=0.00s Real=0.01s
[2023-10-01T16:41:14.577+0000][10.608s][info ][safepoint     ] Leaving safepoint region
[2023-10-01T16:41:14.577+0000][10.608s][info ][safepoint     ] Total time for which application threads were stopped: 0.0031476 seconds, Stopping threads took: 0.0010004 seconds
[2023-10-01T16:41:14.578+0000][10.609s][info ][gc,marking    ] GC(21) Concurrent Cleanup for Next Mark
[2023-10-01T16:41:14.580+0000][10.611s][info ][gc,marking    ] GC(21) Concurrent Cleanup for Next Mark 2.665ms
[2023-10-01T16:41:14.581+0000][10.612s][info ][gc            ] GC(21) Concurrent Cycle 68.006ms
[2023-10-01T16:41:14.726+0000][10.757s][debug][safepoint     ] Safepoint synchronization initiated. (12 threads)
[2023-10-01T16:41:14.726+0000][10.757s][info ][safepoint     ] Application time: 0.1488918 seconds
[2023-10-01T16:41:14.727+0000][10.758s][info ][safepoint     ] Entering safepoint region: Deoptimize
[2023-10-01T16:41:14.728+0000][10.759s][info ][safepoint     ] Leaving safepoint region
[2023-10-01T16:41:14.729+0000][10.760s][info ][safepoint     ] Total time for which application threads were stopped: 0.0019587 seconds, Stopping threads took: 0.0005285 seconds
[2023-10-01T16:41:15.027+0000][11.058s][debug][safepoint     ] Safepoint synchronization initiated. (12 threads)
[2023-10-01T16:41:15.028+0000][11.059s][info ][safepoint     ] Application time: 0.2983680 seconds
[2023-10-01T16:41:15.028+0000][11.059s][info ][safepoint     ] Entering safepoint region: G1CollectForAllocation
[2023-10-01T16:41:15.029+0000][11.060s][info ][gc,start      ] GC(22) Pause Young (Normal) (G1 Evacuation Pause)
[2023-10-01T16:41:15.030+0000][11.061s][info ][gc,task       ] GC(22) Using 6 workers of 8 for evacuation
[2023-10-01T16:41:15.040+0000][11.072s][info ][gc,phases     ] GC(22)   Pre Evacuate Collection Set: 0.0ms
[2023-10-01T16:41:15.041+0000][11.072s][info ][gc,phases     ] GC(22)   Evacuate Collection Set: 8.3ms
[2023-10-01T16:41:15.042+0000][11.073s][info ][gc,phases     ] GC(22)   Post Evacuate Collection Set: 2.0ms
[2023-10-01T16:41:15.042+0000][11.073s][info ][gc,phases     ] GC(22)   Other: 1.2ms
[2023-10-01T16:41:15.043+0000][11.074s][info ][gc,heap       ] GC(22) Eden regions: 149->0(150)
[2023-10-01T16:41:15.043+0000][11.074s][info ][gc,heap       ] GC(22) Survivor regions: 10->9(20)
[2023-10-01T16:41:15.043+0000][11.074s][info ][gc,heap       ] GC(22) Old regions: 20->22
[2023-10-01T16:41:15.044+0000][11.075s][info ][gc,heap       ] GC(22) Humongous regions: 0->0
[2023-10-01T16:41:15.044+0000][11.075s][info ][gc,metaspace  ] GC(22) Metaspace: 37297K(38480K)->37297K(38480K) NonClass: 32719K(33488K)->32719K(33488K) Class: 4578K(4992K)->4578K(4992K)
[2023-10-01T16:41:15.045+0000][11.076s][info ][gc            ] GC(22) Pause Young (Normal) (G1 Evacuation Pause) 177M->29M(266M) 15.894ms
[2023-10-01T16:41:15.046+0000][11.077s][info ][gc,cpu        ] GC(22) User=0.06s Sys=0.00s Real=0.01s
[2023-10-01T16:41:15.046+0000][11.077s][info ][safepoint     ] Leaving safepoint region
[2023-10-01T16:41:15.046+0000][11.077s][info ][safepoint     ] Total time for which application threads were stopped: 0.0181591 seconds, Stopping threads took: 0.0004592 seconds
[2023-10-01T16:41:15.047+0000][11.078s][info ][gc,stringdedup] Concurrent String Deduplication (11.078s)
[2023-10-01T16:41:15.050+0000][11.081s][info ][gc,stringdedup] Concurrent String Deduplication 282.9K->140.7K(142.2K) avg 43.0% (11.078s, 11.081s) 2.319ms
[2023-10-01T16:41:15.209+0000][11.240s][debug][safepoint     ] Safepoint synchronization initiated. (12 threads)
[2023-10-01T16:41:15.210+0000][11.241s][info ][safepoint     ] Application time: 0.1628682 seconds
[2023-10-01T16:41:15.211+0000][11.242s][info ][safepoint     ] Entering safepoint region: Deoptimize
[2023-10-01T16:41:15.213+0000][11.244s][info ][safepoint     ] Leaving safepoint region
[2023-10-01T16:41:15.214+0000][11.245s][info ][safepoint     ] Total time for which application threads were stopped: 0.0035589 seconds, Stopping threads took: 0.0017203 seconds
[2023-10-01T16:41:16.060+0000][12.091s][debug][safepoint     ] Safepoint synchronization initiated. (12 threads)
[2023-10-01T16:41:16.061+0000][12.092s][info ][safepoint     ] Application time: 0.8458065 seconds
[2023-10-01T16:41:16.061+0000][12.092s][info ][safepoint     ] Entering safepoint region: G1CollectForAllocation
[2023-10-01T16:41:16.062+0000][12.093s][info ][gc,start      ] GC(23) Pause Young (Normal) (G1 Evacuation Pause)
[2023-10-01T16:41:16.062+0000][12.093s][info ][gc,task       ] GC(23) Using 6 workers of 8 for evacuation
[2023-10-01T16:41:16.077+0000][12.108s][info ][gc,phases     ] GC(23)   Pre Evacuate Collection Set: 0.0ms
[2023-10-01T16:41:16.078+0000][12.109s][info ][gc,phases     ] GC(23)   Evacuate Collection Set: 11.6ms
[2023-10-01T16:41:16.078+0000][12.109s][info ][gc,phases     ] GC(23)   Post Evacuate Collection Set: 2.3ms
[2023-10-01T16:41:16.079+0000][12.110s][info ][gc,phases     ] GC(23)   Other: 1.1ms
[2023-10-01T16:41:16.079+0000][12.110s][info ][gc,heap       ] GC(23) Eden regions: 150->0(150)
[2023-10-01T16:41:16.080+0000][12.111s][info ][gc,heap       ] GC(23) Survivor regions: 9->9(20)
[2023-10-01T16:41:16.080+0000][12.111s][info ][gc,heap       ] GC(23) Old regions: 22->24
[2023-10-01T16:41:16.081+0000][12.112s][info ][gc,heap       ] GC(23) Humongous regions: 0->0
[2023-10-01T16:41:16.082+0000][12.113s][info ][gc,metaspace  ] GC(23) Metaspace: 39478K(40784K)->39478K(40784K) NonClass: 34629K(35536K)->34629K(35536K) Class: 4849K(5248K)->4849K(5248K)
[2023-10-01T16:41:16.082+0000][12.113s][info ][gc            ] GC(23) Pause Young (Normal) (G1 Evacuation Pause) 179M->31M(266M) 20.324ms
[2023-10-01T16:41:16.083+0000][12.114s][info ][gc,cpu        ] GC(23) User=0.10s Sys=0.00s Real=0.02s
[2023-10-01T16:41:16.083+0000][12.114s][info ][safepoint     ] Leaving safepoint region
[2023-10-01T16:41:16.084+0000][12.115s][info ][safepoint     ] Total time for which application threads were stopped: 0.0228400 seconds, Stopping threads took: 0.0004767 seconds
[2023-10-01T16:41:16.085+0000][12.116s][info ][gc,stringdedup] Concurrent String Deduplication (12.116s)
[2023-10-01T16:41:16.087+0000][12.118s][info ][gc,stringdedup] Concurrent String Deduplication 92376.0B->29424.0B(62952.0B) avg 43.2% (12.116s, 12.118s) 2.637ms
[2023-10-01T16:41:17.085+0000][13.116s][debug][safepoint     ] Safepoint synchronization initiated. (12 threads)
[2023-10-01T16:41:17.086+0000][13.117s][info ][safepoint     ] Application time: 1.0012121 seconds
[2023-10-01T16:41:17.086+0000][13.118s][debug][safepoint     ] Waiting for 1 thread(s) to block
[2023-10-01T16:41:17.088+0000][13.119s][info ][safepoint     ] Entering safepoint region: Cleanup
[2023-10-01T16:41:17.090+0000][13.121s][info ][safepoint     ] Leaving safepoint region
[2023-10-01T16:41:17.091+0000][13.122s][info ][safepoint     ] Total time for which application threads were stopped: 0.0040392 seconds, Stopping threads took: 0.0032493 seconds
[2023-10-01T16:41:17.747+0000][13.778s][debug][safepoint     ] Safepoint synchronization initiated. (11 threads)
[2023-10-01T16:41:17.747+0000][13.778s][info ][safepoint     ] Application time: 0.6560061 seconds
[2023-10-01T16:41:17.748+0000][13.779s][info ][safepoint     ] Entering safepoint region: Deoptimize
[2023-10-01T16:41:17.750+0000][13.781s][info ][safepoint     ] Leaving safepoint region
[2023-10-01T16:41:17.750+0000][13.781s][info ][safepoint     ] Total time for which application threads were stopped: 0.0022035 seconds, Stopping threads took: 0.0006137 seconds
[2023-10-01T16:41:17.781+0000][13.812s][debug][safepoint     ] Safepoint synchronization initiated. (11 threads)
[2023-10-01T16:41:17.782+0000][13.813s][info ][safepoint     ] Application time: 0.0316244 seconds
[2023-10-01T16:41:17.784+0000][13.815s][info ][safepoint     ] Entering safepoint region: Deoptimize
[2023-10-01T16:41:17.786+0000][13.817s][info ][safepoint     ] Leaving safepoint region
[2023-10-01T16:41:17.786+0000][13.817s][info ][safepoint     ] Total time for which application threads were stopped: 0.0027262 seconds, Stopping threads took: 0.0012187 seconds
[2023-10-01T16:41:17.823+0000][13.854s][debug][safepoint     ] Safepoint synchronization initiated. (11 threads)
[2023-10-01T16:41:17.824+0000][13.855s][info ][safepoint     ] Application time: 0.0373298 seconds
[2023-10-01T16:41:17.825+0000][13.856s][info ][safepoint     ] Entering safepoint region: Deoptimize
[2023-10-01T16:41:17.826+0000][13.857s][info ][safepoint     ] Leaving safepoint region
[2023-10-01T16:41:17.827+0000][13.858s][info ][safepoint     ] Total time for which application threads were stopped: 0.0020805 seconds, Stopping threads took: 0.0005584 seconds
[2023-10-01T16:41:17.834+0000][13.865s][debug][safepoint     ] Safepoint synchronization initiated. (11 threads)
[2023-10-01T16:41:17.834+0000][13.865s][info ][safepoint     ] Application time: 0.0067091 seconds
[2023-10-01T16:41:17.836+0000][13.867s][info ][safepoint     ] Entering safepoint region: G1CollectForAllocation
[2023-10-01T16:41:17.837+0000][13.868s][info ][gc,start      ] GC(24) Pause Young (Normal) (G1 Evacuation Pause)
[2023-10-01T16:41:17.837+0000][13.868s][info ][gc,task       ] GC(24) Using 6 workers of 8 for evacuation
[2023-10-01T16:41:17.854+0000][13.885s][info ][gc,phases     ] GC(24)   Pre Evacuate Collection Set: 0.0ms
[2023-10-01T16:41:17.854+0000][13.885s][info ][gc,phases     ] GC(24)   Evacuate Collection Set: 13.4ms
[2023-10-01T16:41:17.855+0000][13.886s][info ][gc,phases     ] GC(24)   Post Evacuate Collection Set: 2.4ms
[2023-10-01T16:41:17.856+0000][13.887s][info ][gc,phases     ] GC(24)   Other: 1.2ms
[2023-10-01T16:41:17.856+0000][13.887s][info ][gc,heap       ] GC(24) Eden regions: 150->0(149)
[2023-10-01T16:41:17.857+0000][13.888s][info ][gc,heap       ] GC(24) Survivor regions: 9->10(20)
[2023-10-01T16:41:17.858+0000][13.889s][info ][gc,heap       ] GC(24) Old regions: 24->25
[2023-10-01T16:41:17.858+0000][13.889s][info ][gc,heap       ] GC(24) Humongous regions: 0->0
[2023-10-01T16:41:17.859+0000][13.890s][info ][gc,metaspace  ] GC(24) Metaspace: 41816K(42960K)->41816K(42960K) NonClass: 36619K(37328K)->36619K(37328K) Class: 5197K(5632K)->5197K(5632K)
[2023-10-01T16:41:17.860+0000][13.891s][info ][gc            ] GC(24) Pause Young (Normal) (G1 Evacuation Pause) 181M->32M(266M) 23.507ms
[2023-10-01T16:41:17.861+0000][13.892s][info ][gc,cpu        ] GC(24) User=0.11s Sys=0.00s Real=0.02s
[2023-10-01T16:41:17.861+0000][13.892s][info ][safepoint     ] Leaving safepoint region
[2023-10-01T16:41:17.862+0000][13.893s][info ][safepoint     ] Total time for which application threads were stopped: 0.0261522 seconds, Stopping threads took: 0.0005767 seconds
[2023-10-01T16:41:17.863+0000][13.894s][info ][gc,stringdedup] Concurrent String Deduplication (13.894s)
[2023-10-01T16:41:17.864+0000][13.895s][info ][gc,stringdedup] Concurrent String Deduplication 86952.0B->26400.0B(60552.0B) avg 43.5% (13.894s, 13.895s) 1.543ms
[2023-10-01T16:41:18.363+0000][14.394s][debug][safepoint     ] Safepoint synchronization initiated. (13 threads)
[2023-10-01T16:41:18.364+0000][14.395s][info ][safepoint     ] Application time: 0.5012518 seconds
[2023-10-01T16:41:18.365+0000][14.396s][info ][safepoint     ] Entering safepoint region: Deoptimize
[2023-10-01T16:41:18.367+0000][14.398s][info ][safepoint     ] Leaving safepoint region
[2023-10-01T16:41:18.367+0000][14.398s][info ][safepoint     ] Total time for which application threads were stopped: 0.0024614 seconds, Stopping threads took: 0.0006413 seconds
[2023-10-01T16:41:18.370+0000][14.401s][debug][safepoint     ] Safepoint synchronization initiated. (13 threads)
[2023-10-01T16:41:18.370+0000][14.401s][info ][safepoint     ] Application time: 0.0025605 seconds
[2023-10-01T16:41:18.371+0000][14.402s][info ][safepoint     ] Entering safepoint region: Deoptimize
[2023-10-01T16:41:18.373+0000][14.404s][info ][safepoint     ] Leaving safepoint region
[2023-10-01T16:41:18.373+0000][14.404s][info ][safepoint     ] Total time for which application threads were stopped: 0.0023139 seconds, Stopping threads took: 0.0006772 seconds
[2023-10-01T16:41:18.488+0000][14.519s][debug][safepoint     ] Safepoint synchronization initiated. (13 threads)
[2023-10-01T16:41:18.489+0000][14.520s][info ][safepoint     ] Application time: 0.1151494 seconds
[2023-10-01T16:41:18.490+0000][14.521s][info ][safepoint     ] Entering safepoint region: Deoptimize
[2023-10-01T16:41:18.491+0000][14.522s][info ][safepoint     ] Leaving safepoint region
[2023-10-01T16:41:18.492+0000][14.523s][info ][safepoint     ] Total time for which application threads were stopped: 0.0026716 seconds, Stopping threads took: 0.0005728 seconds
[2023-10-01T16:41:19.007+0000][15.038s][debug][safepoint     ] Safepoint synchronization initiated. (13 threads)
[2023-10-01T16:41:19.008+0000][15.039s][info ][safepoint     ] Application time: 0.5149402 seconds
[2023-10-01T16:41:19.008+0000][15.039s][info ][safepoint     ] Entering safepoint region: Deoptimize
[2023-10-01T16:41:19.010+0000][15.041s][info ][safepoint     ] Leaving safepoint region
[2023-10-01T16:41:19.011+0000][15.042s][info ][safepoint     ] Total time for which application threads were stopped: 0.0025779 seconds, Stopping threads took: 0.0005332 seconds
[2023-10-01T16:41:19.013+0000][15.044s][debug][safepoint     ] Safepoint synchronization initiated. (13 threads)
[2023-10-01T16:41:19.013+0000][15.044s][info ][safepoint     ] Application time: 0.0017304 seconds
[2023-10-01T16:41:19.014+0000][15.045s][info ][safepoint     ] Entering safepoint region: Deoptimize
[2023-10-01T16:41:19.015+0000][15.046s][info ][safepoint     ] Leaving safepoint region
[2023-10-01T16:41:19.016+0000][15.047s][info ][safepoint     ] Total time for which application threads were stopped: 0.0019474 seconds, Stopping threads took: 0.0004730 seconds
[2023-10-01T16:41:19.192+0000][15.223s][debug][safepoint     ] Safepoint synchronization initiated. (13 threads)
[2023-10-01T16:41:19.193+0000][15.224s][info ][safepoint     ] Application time: 0.1769557 seconds
[2023-10-01T16:41:19.194+0000][15.225s][info ][safepoint     ] Entering safepoint region: G1CollectForAllocation
[2023-10-01T16:41:19.195+0000][15.226s][info ][gc,start      ] GC(25) Pause Young (Normal) (G1 Evacuation Pause)
[2023-10-01T16:41:19.196+0000][15.227s][info ][gc,task       ] GC(25) Using 6 workers of 8 for evacuation
[2023-10-01T16:41:19.227+0000][15.258s][info ][gc,phases     ] GC(25)   Pre Evacuate Collection Set: 0.0ms
[2023-10-01T16:41:19.228+0000][15.259s][info ][gc,phases     ] GC(25)   Evacuate Collection Set: 22.7ms
[2023-10-01T16:41:19.229+0000][15.260s][info ][gc,phases     ] GC(25)   Post Evacuate Collection Set: 7.8ms
[2023-10-01T16:41:19.229+0000][15.260s][info ][gc,phases     ] GC(25)   Other: 1.2ms
[2023-10-01T16:41:19.230+0000][15.261s][info ][gc,heap       ] GC(25) Eden regions: 149->0(181)
[2023-10-01T16:41:19.230+0000][15.261s][info ][gc,heap       ] GC(25) Survivor regions: 10->11(20)
[2023-10-01T16:41:19.231+0000][15.262s][info ][gc,heap       ] GC(25) Old regions: 25->25
[2023-10-01T16:41:19.231+0000][15.262s][info ][gc,heap       ] GC(25) Humongous regions: 0->0
[2023-10-01T16:41:19.232+0000][15.263s][info ][gc,metaspace  ] GC(25) Metaspace: 46685K(48208K)->46685K(48208K) NonClass: 40893K(41936K)->40893K(41936K) Class: 5791K(6272K)->5791K(6272K)
[2023-10-01T16:41:19.232+0000][15.263s][info ][gc            ] GC(25) Pause Young (Normal) (G1 Evacuation Pause) 181M->34M(320M) 37.028ms
[2023-10-01T16:41:19.233+0000][15.264s][info ][gc,cpu        ] GC(25) User=0.23s Sys=0.01s Real=0.04s
[2023-10-01T16:41:19.233+0000][15.264s][info ][safepoint     ] Leaving safepoint region
[2023-10-01T16:41:19.233+0000][15.264s][info ][safepoint     ] Total time for which application threads were stopped: 0.0391211 seconds, Stopping threads took: 0.0005458 seconds
[2023-10-01T16:41:19.234+0000][15.265s][info ][gc,stringdedup] Concurrent String Deduplication (15.265s)
[2023-10-01T16:41:19.237+0000][15.268s][info ][gc,stringdedup] Concurrent String Deduplication 270.1K->74664.0B(197.2K) avg 44.4% (15.265s, 15.268s) 3.188ms
[2023-10-01T16:41:19.301+0000][15.332s][debug][safepoint     ] Safepoint synchronization initiated. (13 threads)
[2023-10-01T16:41:19.301+0000][15.333s][info ][safepoint     ] Application time: 0.0676557 seconds
[2023-10-01T16:41:19.302+0000][15.333s][info ][safepoint     ] Entering safepoint region: Deoptimize
[2023-10-01T16:41:19.304+0000][15.335s][info ][safepoint     ] Leaving safepoint region
[2023-10-01T16:41:19.304+0000][15.335s][info ][safepoint     ] Total time for which application threads were stopped: 0.0019291 seconds, Stopping threads took: 0.0005562 seconds
[2023-10-01T16:41:19.514+0000][15.545s][debug][safepoint     ] Safepoint synchronization initiated. (13 threads)
[2023-10-01T16:41:19.515+0000][15.546s][info ][safepoint     ] Application time: 0.2104709 seconds
[2023-10-01T16:41:19.515+0000][15.547s][info ][safepoint     ] Entering safepoint region: Deoptimize
[2023-10-01T16:41:19.517+0000][15.548s][info ][safepoint     ] Leaving safepoint region
[2023-10-01T16:41:19.517+0000][15.548s][info ][safepoint     ] Total time for which application threads were stopped: 0.0018839 seconds, Stopping threads took: 0.0004789 seconds
[2023-10-01T16:41:20.046+0000][16.077s][debug][safepoint     ] Safepoint synchronization initiated. (13 threads)
[2023-10-01T16:41:20.047+0000][16.078s][info ][safepoint     ] Application time: 0.5291095 seconds
[2023-10-01T16:41:20.048+0000][16.079s][info ][safepoint     ] Entering safepoint region: Deoptimize
[2023-10-01T16:41:20.049+0000][16.080s][info ][safepoint     ] Leaving safepoint region
[2023-10-01T16:41:20.050+0000][16.081s][info ][safepoint     ] Total time for which application threads were stopped: 0.0020475 seconds, Stopping threads took: 0.0005169 seconds
[2023-10-01T16:41:21.050+0000][17.081s][debug][safepoint     ] Safepoint synchronization initiated. (15 threads)
[2023-10-01T16:41:21.051+0000][17.082s][info ][safepoint     ] Application time: 1.0011111 seconds
[2023-10-01T16:41:21.052+0000][17.083s][info ][safepoint     ] Entering safepoint region: Cleanup
[2023-10-01T16:41:21.053+0000][17.084s][info ][safepoint     ] Leaving safepoint region
[2023-10-01T16:41:21.053+0000][17.084s][info ][safepoint     ] Total time for which application threads were stopped: 0.0013371 seconds, Stopping threads took: 0.0005643 seconds
[2023-10-01T16:41:21.169+0000][17.200s][debug][safepoint     ] Safepoint synchronization initiated. (15 threads)
[2023-10-01T16:41:21.169+0000][17.200s][info ][safepoint     ] Application time: 0.1156361 seconds
[2023-10-01T16:41:21.170+0000][17.201s][info ][safepoint     ] Entering safepoint region: Deoptimize
[2023-10-01T16:41:21.171+0000][17.202s][info ][safepoint     ] Leaving safepoint region
[2023-10-01T16:41:21.172+0000][17.203s][info ][safepoint     ] Total time for which application threads were stopped: 0.0016603 seconds, Stopping threads took: 0.0004382 seconds
[2023-10-01T16:41:21.293+0000][17.324s][debug][safepoint     ] Safepoint synchronization initiated. (15 threads)
[2023-10-01T16:41:21.294+0000][17.325s][info ][safepoint     ] Application time: 0.1218531 seconds
[2023-10-01T16:41:21.294+0000][17.325s][info ][safepoint     ] Entering safepoint region: Deoptimize
[2023-10-01T16:41:21.296+0000][17.327s][info ][safepoint     ] Leaving safepoint region
[2023-10-01T16:41:21.297+0000][17.328s][info ][safepoint     ] Total time for which application threads were stopped: 0.0025270 seconds, Stopping threads took: 0.0004874 seconds
[2023-10-01T16:41:21.608+0000][17.639s][debug][safepoint     ] Safepoint synchronization initiated. (15 threads)
[2023-10-01T16:41:21.608+0000][17.639s][info ][safepoint     ] Application time: 0.3109881 seconds
[2023-10-01T16:41:21.609+0000][17.640s][info ][safepoint     ] Entering safepoint region: ICBufferFull
[2023-10-01T16:41:21.610+0000][17.641s][info ][safepoint     ] Leaving safepoint region
[2023-10-01T16:41:21.610+0000][17.641s][info ][safepoint     ] Total time for which application threads were stopped: 0.0013531 seconds, Stopping threads took: 0.0005608 seconds
[2023-10-01T16:41:21.795+0000][17.826s][debug][safepoint     ] Safepoint synchronization initiated. (15 threads)
[2023-10-01T16:41:21.796+0000][17.827s][info ][safepoint     ] Application time: 0.1854725 seconds
[2023-10-01T16:41:21.797+0000][17.828s][info ][safepoint     ] Entering safepoint region: G1CollectForAllocation
[2023-10-01T16:41:21.799+0000][17.830s][info ][gc,start      ] GC(26) Pause Young (Normal) (G1 Evacuation Pause)
[2023-10-01T16:41:21.800+0000][17.831s][info ][gc,task       ] GC(26) Using 7 workers of 8 for evacuation
[2023-10-01T16:41:21.825+0000][17.856s][info ][gc,phases     ] GC(26)   Pre Evacuate Collection Set: 0.0ms
[2023-10-01T16:41:21.826+0000][17.857s][info ][gc,phases     ] GC(26)   Evacuate Collection Set: 20.9ms
[2023-10-01T16:41:21.827+0000][17.858s][info ][gc,phases     ] GC(26)   Post Evacuate Collection Set: 3.2ms
[2023-10-01T16:41:21.827+0000][17.858s][info ][gc,phases     ] GC(26)   Other: 2.1ms
[2023-10-01T16:41:21.828+0000][17.859s][info ][gc,heap       ] GC(26) Eden regions: 181->0(177)
[2023-10-01T16:41:21.829+0000][17.860s][info ][gc,heap       ] GC(26) Survivor regions: 11->15(24)
[2023-10-01T16:41:21.830+0000][17.861s][info ][gc,heap       ] GC(26) Old regions: 25->26
[2023-10-01T16:41:21.830+0000][17.861s][info ][gc,heap       ] GC(26) Humongous regions: 0->0
[2023-10-01T16:41:21.831+0000][17.862s][info ][gc,metaspace  ] GC(26) Metaspace: 52802K(54096K)->52802K(54096K) NonClass: 46301K(47056K)->46301K(47056K) Class: 6500K(7040K)->6500K(7040K)
[2023-10-01T16:41:21.831+0000][17.862s][info ][gc            ] GC(26) Pause Young (Normal) (G1 Evacuation Pause) 215M->38M(320M) 32.327ms
[2023-10-01T16:41:21.832+0000][17.863s][info ][gc,cpu        ] GC(26) User=0.20s Sys=0.01s Real=0.03s
[2023-10-01T16:41:21.833+0000][17.864s][info ][safepoint     ] Leaving safepoint region
[2023-10-01T16:41:21.834+0000][17.865s][info ][safepoint     ] Total time for which application threads were stopped: 0.0371811 seconds, Stopping threads took: 0.0019180 seconds
[2023-10-01T16:41:21.835+0000][17.866s][info ][gc,stringdedup] Concurrent String Deduplication (17.866s)
[2023-10-01T16:41:21.837+0000][17.868s][info ][gc,stringdedup] Concurrent String Deduplication 144.4K->64080.0B(83744.0B) avg 44.6% (17.866s, 17.868s) 2.434ms
[2023-10-01T16:41:22.836+0000][18.868s][debug][safepoint     ] Safepoint synchronization initiated. (15 threads)
[2023-10-01T16:41:22.837+0000][18.868s][info ][safepoint     ] Application time: 1.0026278 seconds
[2023-10-01T16:41:22.838+0000][18.869s][debug][safepoint     ] ... found polling page loop exception at pc = 0x00007f51885c995d, stub =0x00007f5180843680
[2023-10-01T16:41:22.838+0000][18.870s][debug][safepoint     ] Waiting for 1 thread(s) to block
[2023-10-01T16:41:22.839+0000][18.870s][info ][safepoint     ] Entering safepoint region: Cleanup
[2023-10-01T16:41:22.840+0000][18.871s][info ][safepoint     ] Leaving safepoint region
[2023-10-01T16:41:22.841+0000][18.872s][info ][safepoint     ] Total time for which application threads were stopped: 0.0027337 seconds, Stopping threads took: 0.0019799 seconds
[2023-10-01T16:41:22.902+0000][18.933s][debug][safepoint     ] Safepoint synchronization initiated. (15 threads)
[2023-10-01T16:41:22.903+0000][18.934s][info ][safepoint     ] Application time: 0.0616782 seconds
[2023-10-01T16:41:22.903+0000][18.934s][debug][safepoint     ] Waiting for 1 thread(s) to block
[2023-10-01T16:41:22.904+0000][18.935s][info ][safepoint     ] Entering safepoint region: G1CollectForAllocation
[2023-10-01T16:41:22.905+0000][18.936s][info ][gc,start      ] GC(27) Pause Young (Normal) (G1 Evacuation Pause)
[2023-10-01T16:41:22.905+0000][18.936s][info ][gc,task       ] GC(27) Using 7 workers of 8 for evacuation
[2023-10-01T16:41:22.926+0000][18.957s][info ][gc,phases     ] GC(27)   Pre Evacuate Collection Set: 0.0ms
[2023-10-01T16:41:22.927+0000][18.958s][info ][gc,phases     ] GC(27)   Evacuate Collection Set: 17.6ms
[2023-10-01T16:41:22.927+0000][18.958s][info ][gc,phases     ] GC(27)   Post Evacuate Collection Set: 2.4ms
[2023-10-01T16:41:22.928+0000][18.959s][info ][gc,phases     ] GC(27)   Other: 1.3ms
[2023-10-01T16:41:22.928+0000][18.960s][info ][gc,heap       ] GC(27) Eden regions: 177->0(179)
[2023-10-01T16:41:22.929+0000][18.960s][info ][gc,heap       ] GC(27) Survivor regions: 15->13(24)
[2023-10-01T16:41:22.929+0000][18.960s][info ][gc,heap       ] GC(27) Old regions: 26->28
[2023-10-01T16:41:22.930+0000][18.961s][info ][gc,heap       ] GC(27) Humongous regions: 0->0
[2023-10-01T16:41:22.930+0000][18.961s][info ][gc,metaspace  ] GC(27) Metaspace: 55793K(57424K)->55793K(57424K) NonClass: 48852K(49872K)->48852K(49872K) Class: 6940K(7552K)->6940K(7552K)
[2023-10-01T16:41:22.931+0000][18.962s][info ][gc            ] GC(27) Pause Young (Normal) (G1 Evacuation Pause) 215M->38M(320M) 25.895ms
[2023-10-01T16:41:22.931+0000][18.962s][info ][gc,cpu        ] GC(27) User=0.15s Sys=0.02s Real=0.03s
[2023-10-01T16:41:22.932+0000][18.963s][info ][safepoint     ] Leaving safepoint region
[2023-10-01T16:41:22.932+0000][18.963s][info ][safepoint     ] Total time for which application threads were stopped: 0.0286623 seconds, Stopping threads took: 0.0012142 seconds
[2023-10-01T16:41:22.936+0000][18.967s][info ][gc,stringdedup] Concurrent String Deduplication (18.967s)
[2023-10-01T16:41:22.940+0000][18.971s][info ][gc,stringdedup] Concurrent String Deduplication 157.2K->61952.0B(98976.0B) avg 44.9% (18.967s, 18.971s) 3.754ms
[2023-10-01T16:41:23.392+0000][19.423s][debug][safepoint     ] Safepoint synchronization initiated. (13 threads)
[2023-10-01T16:41:23.392+0000][19.423s][info ][safepoint     ] Application time: 0.4596653 seconds
[2023-10-01T16:41:23.393+0000][19.424s][info ][safepoint     ] Entering safepoint region: Deoptimize
[2023-10-01T16:41:23.394+0000][19.425s][info ][safepoint     ] Leaving safepoint region
[2023-10-01T16:41:23.395+0000][19.426s][info ][safepoint     ] Total time for which application threads were stopped: 0.0022268 seconds, Stopping threads took: 0.0004853 seconds
[2023-10-01T16:41:23.767+0000][19.798s][debug][safepoint     ] Safepoint synchronization initiated. (13 threads)
[2023-10-01T16:41:23.768+0000][19.799s][info ][safepoint     ] Application time: 0.3724485 seconds
[2023-10-01T16:41:23.769+0000][19.800s][info ][safepoint     ] Entering safepoint region: CollectForMetadataAllocation
[2023-10-01T16:41:23.769+0000][19.800s][info ][gc,start      ] GC(28) Pause Young (Concurrent Start) (Metadata GC Threshold)
[2023-10-01T16:41:23.770+0000][19.801s][info ][gc,task       ] GC(28) Using 7 workers of 8 for evacuation
[2023-10-01T16:41:23.784+0000][19.815s][info ][gc,phases     ] GC(28)   Pre Evacuate Collection Set: 0.3ms
[2023-10-01T16:41:23.785+0000][19.816s][info ][gc,phases     ] GC(28)   Evacuate Collection Set: 11.3ms
[2023-10-01T16:41:23.786+0000][19.817s][info ][gc,phases     ] GC(28)   Post Evacuate Collection Set: 2.1ms
[2023-10-01T16:41:23.786+0000][19.817s][info ][gc,phases     ] GC(28)   Other: 1.3ms
[2023-10-01T16:41:23.787+0000][19.818s][info ][gc,heap       ] GC(28) Eden regions: 117->0(179)
[2023-10-01T16:41:23.788+0000][19.819s][info ][gc,heap       ] GC(28) Survivor regions: 13->13(24)
[2023-10-01T16:41:23.788+0000][19.819s][info ][gc,heap       ] GC(28) Old regions: 28->28
[2023-10-01T16:41:23.789+0000][19.820s][info ][gc,heap       ] GC(28) Humongous regions: 0->0
[2023-10-01T16:41:23.789+0000][19.820s][info ][gc,metaspace  ] GC(28) Metaspace: 59095K(60496K)->59095K(60496K) NonClass: 51609K(52432K)->51609K(52432K) Class: 7486K(8064K)->7486K(8064K)
[2023-10-01T16:41:23.790+0000][19.821s][info ][gc            ] GC(28) Pause Young (Concurrent Start) (Metadata GC Threshold) 155M->39M(320M) 20.759ms
[2023-10-01T16:41:23.791+0000][19.822s][info ][gc,cpu        ] GC(28) User=0.07s Sys=0.00s Real=0.02s
[2023-10-01T16:41:23.791+0000][19.822s][info ][safepoint     ] Leaving safepoint region
[2023-10-01T16:41:23.792+0000][19.823s][info ][safepoint     ] Total time for which application threads were stopped: 0.0231377 seconds, Stopping threads took: 0.0004959 seconds
[2023-10-01T16:41:23.791+0000][19.822s][info ][gc            ] GC(29) Concurrent Cycle
[2023-10-01T16:41:23.793+0000][19.824s][info ][gc,marking    ] GC(29) Concurrent Clear Claimed Marks
[2023-10-01T16:41:23.792+0000][19.823s][info ][gc,stringdedup] Concurrent String Deduplication (19.823s)
[2023-10-01T16:41:23.794+0000][19.825s][info ][gc,marking    ] GC(29) Concurrent Clear Claimed Marks 0.812ms
[2023-10-01T16:41:23.795+0000][19.826s][info ][gc,marking    ] GC(29) Concurrent Scan Root Regions
[2023-10-01T16:41:23.798+0000][19.829s][info ][gc,stringdedup] Concurrent String Deduplication 366.7K->166.3K(200.4K) avg 45.2% (19.823s, 19.829s) 5.748ms
[2023-10-01T16:41:23.803+0000][19.834s][info ][gc,marking    ] GC(29) Concurrent Scan Root Regions 8.672ms
[2023-10-01T16:41:23.804+0000][19.835s][info ][gc,marking    ] GC(29) Concurrent Mark (19.835s)
[2023-10-01T16:41:23.805+0000][19.836s][info ][gc,marking    ] GC(29) Concurrent Mark From Roots
[2023-10-01T16:41:23.805+0000][19.836s][info ][gc,task       ] GC(29) Using 2 workers of 2 for marking
[2023-10-01T16:41:23.831+0000][19.862s][debug][safepoint     ] Safepoint synchronization initiated. (13 threads)
[2023-10-01T16:41:23.831+0000][19.862s][info ][safepoint     ] Application time: 0.0390154 seconds
[2023-10-01T16:41:23.832+0000][19.863s][info ][safepoint     ] Entering safepoint region: CollectForMetadataAllocation
[2023-10-01T16:41:23.832+0000][19.864s][info ][safepoint     ] Leaving safepoint region
[2023-10-01T16:41:23.833+0000][19.864s][info ][safepoint     ] Total time for which application threads were stopped: 0.0011692 seconds, Stopping threads took: 0.0004865 seconds
[2023-10-01T16:41:23.837+0000][19.868s][info ][gc,marking    ] GC(29) Concurrent Mark From Roots 31.654ms
[2023-10-01T16:41:23.837+0000][19.868s][info ][gc,marking    ] GC(29) Concurrent Preclean
[2023-10-01T16:41:23.838+0000][19.869s][info ][gc,marking    ] GC(29) Concurrent Preclean 0.953ms
[2023-10-01T16:41:23.839+0000][19.870s][info ][gc,marking    ] GC(29) Concurrent Mark (19.835s, 19.870s) 34.353ms
[2023-10-01T16:41:23.839+0000][19.870s][debug][safepoint     ] Safepoint synchronization initiated. (13 threads)
[2023-10-01T16:41:23.840+0000][19.871s][info ][safepoint     ] Application time: 0.0060077 seconds
[2023-10-01T16:41:23.840+0000][19.871s][debug][safepoint     ] Waiting for 1 thread(s) to block
[2023-10-01T16:41:23.841+0000][19.872s][info ][safepoint     ] Entering safepoint region: CGC_Operation
[2023-10-01T16:41:23.841+0000][19.872s][info ][gc,start      ] GC(29) Pause Remark
[2023-10-01T16:41:23.850+0000][19.881s][info ][gc,stringtable] GC(29) Cleaned string and symbol table, strings: 23494 processed, 0 removed, symbols: 192725 processed, 179 removed
[2023-10-01T16:41:23.851+0000][19.882s][info ][gc            ] GC(29) Pause Remark 45M->45M(320M) 9.563ms
[2023-10-01T16:41:23.852+0000][19.883s][info ][gc,cpu        ] GC(29) User=0.04s Sys=0.00s Real=0.01s
[2023-10-01T16:41:23.852+0000][19.883s][info ][safepoint     ] Leaving safepoint region
[2023-10-01T16:41:23.853+0000][19.884s][info ][safepoint     ] Total time for which application threads were stopped: 0.0125026 seconds, Stopping threads took: 0.0012523 seconds
[2023-10-01T16:41:23.853+0000][19.884s][info ][gc,marking    ] GC(29) Concurrent Rebuild Remembered Sets
[2023-10-01T16:41:23.871+0000][19.902s][info ][gc,marking    ] GC(29) Concurrent Rebuild Remembered Sets 18.195ms
[2023-10-01T16:41:23.872+0000][19.903s][debug][safepoint     ] Safepoint synchronization initiated. (13 threads)
[2023-10-01T16:41:23.873+0000][19.904s][info ][safepoint     ] Application time: 0.0196495 seconds
[2023-10-01T16:41:23.873+0000][19.904s][info ][safepoint     ] Entering safepoint region: CGC_Operation
[2023-10-01T16:41:23.874+0000][19.905s][info ][gc,start      ] GC(29) Pause Cleanup
[2023-10-01T16:41:23.875+0000][19.906s][info ][gc            ] GC(29) Pause Cleanup 47M->47M(320M) 0.665ms
[2023-10-01T16:41:23.875+0000][19.906s][info ][gc,cpu        ] GC(29) User=0.00s Sys=0.00s Real=0.00s
[2023-10-01T16:41:23.875+0000][19.906s][info ][safepoint     ] Leaving safepoint region
[2023-10-01T16:41:23.876+0000][19.907s][info ][safepoint     ] Total time for which application threads were stopped: 0.0027671 seconds, Stopping threads took: 0.0005005 seconds
[2023-10-01T16:41:23.877+0000][19.908s][info ][gc,marking    ] GC(29) Concurrent Cleanup for Next Mark
[2023-10-01T16:41:23.878+0000][19.909s][info ][gc,marking    ] GC(29) Concurrent Cleanup for Next Mark 1.765ms
[2023-10-01T16:41:23.879+0000][19.910s][info ][gc            ] GC(29) Concurrent Cycle 87.731ms
[2023-10-01T16:41:24.589+0000][20.620s][debug][safepoint     ] Safepoint synchronization initiated. (17 threads)
[2023-10-01T16:41:24.590+0000][20.621s][info ][safepoint     ] Application time: 0.7136966 seconds
[2023-10-01T16:41:24.591+0000][20.622s][debug][safepoint     ] Waiting for 1 thread(s) to block
[2023-10-01T16:41:24.592+0000][20.623s][info ][safepoint     ] Entering safepoint region: ICBufferFull
[2023-10-01T16:41:24.593+0000][20.624s][info ][safepoint     ] Leaving safepoint region
[2023-10-01T16:41:24.593+0000][20.624s][info ][safepoint     ] Total time for which application threads were stopped: 0.0024241 seconds, Stopping threads took: 0.0013202 seconds
[2023-10-01T16:41:25.020+0000][21.051s][debug][safepoint     ] Safepoint synchronization initiated. (17 threads)
[2023-10-01T16:41:25.020+0000][21.052s][info ][safepoint     ] Application time: 0.4266887 seconds
[2023-10-01T16:41:25.021+0000][21.052s][info ][safepoint     ] Entering safepoint region: Deoptimize
[2023-10-01T16:41:25.028+0000][21.059s][info ][safepoint     ] Leaving safepoint region
[2023-10-01T16:41:25.028+0000][21.059s][info ][safepoint     ] Total time for which application threads were stopped: 0.0071393 seconds, Stopping threads took: 0.0006926 seconds
[2023-10-01T16:41:25.318+0000][21.349s][debug][safepoint     ] Safepoint synchronization initiated. (17 threads)
[2023-10-01T16:41:25.319+0000][21.350s][info ][safepoint     ] Application time: 0.2894336 seconds
[2023-10-01T16:41:25.319+0000][21.350s][info ][safepoint     ] Entering safepoint region: G1CollectForAllocation
[2023-10-01T16:41:25.320+0000][21.351s][info ][gc,start      ] GC(30) Pause Young (Concurrent Start) (G1 Evacuation Pause)
[2023-10-01T16:41:25.321+0000][21.352s][info ][gc,task       ] GC(30) Using 7 workers of 8 for evacuation
[2023-10-01T16:41:25.362+0000][21.394s][info ][gc,phases     ] GC(30)   Pre Evacuate Collection Set: 0.4ms
[2023-10-01T16:41:25.363+0000][21.394s][info ][gc,phases     ] GC(30)   Evacuate Collection Set: 36.8ms
[2023-10-01T16:41:25.364+0000][21.395s][info ][gc,phases     ] GC(30)   Post Evacuate Collection Set: 3.3ms
[2023-10-01T16:41:25.365+0000][21.396s][info ][gc,phases     ] GC(30)   Other: 1.8ms
[2023-10-01T16:41:25.365+0000][21.396s][info ][gc,heap       ] GC(30) Eden regions: 179->0(175)
[2023-10-01T16:41:25.366+0000][21.397s][info ][gc,heap       ] GC(30) Survivor regions: 13->17(24)
[2023-10-01T16:41:25.366+0000][21.397s][info ][gc,heap       ] GC(30) Old regions: 28->28
[2023-10-01T16:41:25.367+0000][21.398s][info ][gc,heap       ] GC(30) Humongous regions: 0->0
[2023-10-01T16:41:25.368+0000][21.399s][info ][gc,metaspace  ] GC(30) Metaspace: 64751K(66384K)->64751K(66384K) NonClass: 56513K(57552K)->56513K(57552K) Class: 8237K(8832K)->8237K(8832K)
[2023-10-01T16:41:25.368+0000][21.399s][info ][gc            ] GC(30) Pause Young (Concurrent Start) (G1 Evacuation Pause) 218M->43M(320M) 48.099ms
[2023-10-01T16:41:25.369+0000][21.400s][info ][gc,cpu        ] GC(30) User=0.28s Sys=0.00s Real=0.05s
[2023-10-01T16:41:25.370+0000][21.401s][info ][safepoint     ] Leaving safepoint region
[2023-10-01T16:41:25.370+0000][21.401s][info ][gc            ] GC(31) Concurrent Cycle
[2023-10-01T16:41:25.370+0000][21.401s][info ][safepoint     ] Total time for which application threads were stopped: 0.0510364 seconds, Stopping threads took: 0.0006971 seconds
[2023-10-01T16:41:25.371+0000][21.402s][info ][gc,marking    ] GC(31) Concurrent Clear Claimed Marks
[2023-10-01T16:41:25.372+0000][21.403s][info ][gc,stringdedup] Concurrent String Deduplication (21.403s)
[2023-10-01T16:41:25.373+0000][21.404s][info ][gc,marking    ] GC(31) Concurrent Clear Claimed Marks 1.956ms
[2023-10-01T16:41:25.374+0000][21.405s][info ][gc,marking    ] GC(31) Concurrent Scan Root Regions
[2023-10-01T16:41:25.375+0000][21.406s][info ][gc,stringdedup] Concurrent String Deduplication 68648.0B->9216.0B(59432.0B) avg 45.5% (21.403s, 21.406s) 3.055ms
[2023-10-01T16:41:25.388+0000][21.419s][info ][gc,marking    ] GC(31) Concurrent Scan Root Regions 14.588ms
[2023-10-01T16:41:25.389+0000][21.420s][info ][gc,marking    ] GC(31) Concurrent Mark (21.420s)
[2023-10-01T16:41:25.390+0000][21.421s][info ][gc,marking    ] GC(31) Concurrent Mark From Roots
[2023-10-01T16:41:25.390+0000][21.421s][info ][gc,task       ] GC(31) Using 2 workers of 2 for marking
[2023-10-01T16:41:25.443+0000][21.474s][info ][gc,marking    ] GC(31) Concurrent Mark From Roots 53.695ms
[2023-10-01T16:41:25.444+0000][21.475s][info ][gc,marking    ] GC(31) Concurrent Preclean
[2023-10-01T16:41:25.445+0000][21.476s][info ][gc,marking    ] GC(31) Concurrent Preclean 0.797ms
[2023-10-01T16:41:25.446+0000][21.477s][info ][gc,marking    ] GC(31) Concurrent Mark (21.420s, 21.477s) 56.503ms
[2023-10-01T16:41:25.446+0000][21.477s][debug][safepoint     ] Safepoint synchronization initiated. (17 threads)
[2023-10-01T16:41:25.447+0000][21.478s][info ][safepoint     ] Application time: 0.0754813 seconds
[2023-10-01T16:41:25.448+0000][21.479s][debug][safepoint     ] ... found polling page loop exception at pc = 0x00007f5188485e95, stub =0x00007f5180843680
[2023-10-01T16:41:25.449+0000][21.480s][debug][safepoint     ] Waiting for 1 thread(s) to block
[2023-10-01T16:41:25.449+0000][21.480s][info ][safepoint     ] Entering safepoint region: CGC_Operation
[2023-10-01T16:41:25.450+0000][21.481s][info ][gc,start      ] GC(31) Pause Remark
[2023-10-01T16:41:25.465+0000][21.496s][info ][gc,stringtable] GC(31) Cleaned string and symbol table, strings: 26097 processed, 0 removed, symbols: 206856 processed, 18 removed
[2023-10-01T16:41:25.466+0000][21.497s][info ][gc            ] GC(31) Pause Remark 50M->50M(320M) 15.511ms
[2023-10-01T16:41:25.466+0000][21.498s][info ][gc,cpu        ] GC(31) User=0.11s Sys=0.00s Real=0.02s
[2023-10-01T16:41:25.467+0000][21.498s][info ][safepoint     ] Leaving safepoint region
[2023-10-01T16:41:25.468+0000][21.499s][info ][safepoint     ] Total time for which application threads were stopped: 0.0203579 seconds, Stopping threads took: 0.0024463 seconds
[2023-10-01T16:41:25.469+0000][21.500s][info ][gc,marking    ] GC(31) Concurrent Rebuild Remembered Sets
[2023-10-01T16:41:25.501+0000][21.532s][info ][gc,marking    ] GC(31) Concurrent Rebuild Remembered Sets 32.416ms
[2023-10-01T16:41:25.502+0000][21.533s][debug][safepoint     ] Safepoint synchronization initiated. (17 threads)
[2023-10-01T16:41:25.503+0000][21.534s][info ][safepoint     ] Application time: 0.0341314 seconds
[2023-10-01T16:41:25.504+0000][21.535s][debug][safepoint     ] ... found polling page return exception at pc = 0x00007f518832f19b, stub =0x00007f5180840600
[2023-10-01T16:41:25.504+0000][21.535s][debug][safepoint     ] Waiting for 1 thread(s) to block
[2023-10-01T16:41:25.505+0000][21.536s][info ][safepoint     ] Entering safepoint region: CGC_Operation
[2023-10-01T16:41:25.506+0000][21.537s][info ][gc,start      ] GC(31) Pause Cleanup
[2023-10-01T16:41:25.507+0000][21.538s][info ][gc            ] GC(31) Pause Cleanup 53M->53M(320M) 0.927ms
[2023-10-01T16:41:25.508+0000][21.539s][info ][gc,cpu        ] GC(31) User=0.02s Sys=0.00s Real=0.01s
[2023-10-01T16:41:25.509+0000][21.540s][info ][safepoint     ] Leaving safepoint region
[2023-10-01T16:41:25.510+0000][21.541s][info ][safepoint     ] Total time for which application threads were stopped: 0.0060306 seconds, Stopping threads took: 0.0019313 seconds
[2023-10-01T16:41:25.510+0000][21.541s][info ][gc,marking    ] GC(31) Concurrent Cleanup for Next Mark
[2023-10-01T16:41:25.512+0000][21.543s][info ][gc,marking    ] GC(31) Concurrent Cleanup for Next Mark 1.699ms
[2023-10-01T16:41:25.513+0000][21.544s][info ][gc            ] GC(31) Concurrent Cycle 143.032ms
[2023-10-01T16:41:25.893+0000][21.924s][debug][safepoint     ] Safepoint synchronization initiated. (17 threads)
[2023-10-01T16:41:25.894+0000][21.925s][info ][safepoint     ] Application time: 0.3838782 seconds
[2023-10-01T16:41:25.895+0000][21.926s][info ][safepoint     ] Entering safepoint region: ICBufferFull
[2023-10-01T16:41:25.896+0000][21.927s][info ][safepoint     ] Leaving safepoint region
[2023-10-01T16:41:25.897+0000][21.928s][info ][safepoint     ] Total time for which application threads were stopped: 0.0019096 seconds, Stopping threads took: 0.0006221 seconds
[2023-10-01T16:41:26.689+0000][22.720s][debug][safepoint     ] Safepoint synchronization initiated. (16 threads)
[2023-10-01T16:41:26.690+0000][22.721s][info ][safepoint     ] Application time: 0.7926351 seconds
[2023-10-01T16:41:26.691+0000][22.722s][info ][safepoint     ] Entering safepoint region: G1CollectForAllocation
[2023-10-01T16:41:26.691+0000][22.722s][info ][gc,start      ] GC(32) Pause Young (Normal) (G1 Evacuation Pause)
[2023-10-01T16:41:26.692+0000][22.723s][info ][gc,task       ] GC(32) Using 7 workers of 8 for evacuation
[2023-10-01T16:41:26.714+0000][22.745s][info ][gc,phases     ] GC(32)   Pre Evacuate Collection Set: 0.0ms
[2023-10-01T16:41:26.715+0000][22.746s][info ][gc,phases     ] GC(32)   Evacuate Collection Set: 19.3ms
[2023-10-01T16:41:26.715+0000][22.746s][info ][gc,phases     ] GC(32)   Post Evacuate Collection Set: 2.1ms
[2023-10-01T16:41:26.716+0000][22.747s][info ][gc,phases     ] GC(32)   Other: 1.4ms
[2023-10-01T16:41:26.716+0000][22.748s][info ][gc,heap       ] GC(32) Eden regions: 175->0(178)
[2023-10-01T16:41:26.717+0000][22.748s][info ][gc,heap       ] GC(32) Survivor regions: 17->14(24)
[2023-10-01T16:41:26.717+0000][22.748s][info ][gc,heap       ] GC(32) Old regions: 28->32
[2023-10-01T16:41:26.718+0000][22.749s][info ][gc,heap       ] GC(32) Humongous regions: 0->0
[2023-10-01T16:41:26.718+0000][22.749s][info ][gc,metaspace  ] GC(32) Metaspace: 68000K(69712K)->68000K(69712K) NonClass: 59275K(60368K)->59275K(60368K) Class: 8724K(9344K)->8724K(9344K)
[2023-10-01T16:41:26.719+0000][22.750s][info ][gc            ] GC(32) Pause Young (Normal) (G1 Evacuation Pause) 218M->44M(320M) 27.382ms
[2023-10-01T16:41:26.719+0000][22.750s][info ][gc,cpu        ] GC(32) User=0.13s Sys=0.02s Real=0.03s
[2023-10-01T16:41:26.720+0000][22.751s][info ][safepoint     ] Leaving safepoint region
[2023-10-01T16:41:26.720+0000][22.751s][info ][safepoint     ] Total time for which application threads were stopped: 0.0297592 seconds, Stopping threads took: 0.0005175 seconds
[2023-10-01T16:41:26.721+0000][22.752s][info ][gc,stringdedup] Concurrent String Deduplication (22.752s)
[2023-10-01T16:41:26.722+0000][22.754s][info ][gc,stringdedup] Concurrent String Deduplication 66952.0B->18816.0B(48136.0B) avg 45.7% (22.752s, 22.753s) 1.596ms
[2023-10-01T16:41:27.112+0000][23.143s][debug][safepoint     ] Safepoint synchronization initiated. (17 threads)
[2023-10-01T16:41:27.132+0000][23.163s][info ][safepoint     ] Application time: 0.4113631 seconds
[2023-10-01T16:41:27.133+0000][23.164s][info ][safepoint     ] Entering safepoint region: ICBufferFull
[2023-10-01T16:41:27.134+0000][23.165s][info ][safepoint     ] Leaving safepoint region
[2023-10-01T16:41:27.135+0000][23.166s][info ][safepoint     ] Total time for which application threads were stopped: 0.0018136 seconds, Stopping threads took: 0.0006376 seconds
[2023-10-01T16:41:27.370+0000][23.401s][debug][safepoint     ] Safepoint synchronization initiated. (17 threads)
[2023-10-01T16:41:27.371+0000][23.402s][info ][safepoint     ] Application time: 0.2282948 seconds
[2023-10-01T16:41:27.374+0000][23.405s][info ][safepoint     ] Entering safepoint region: ICBufferFull
[2023-10-01T16:41:27.375+0000][23.406s][info ][safepoint     ] Leaving safepoint region
[2023-10-01T16:41:27.376+0000][23.407s][info ][safepoint     ] Total time for which application threads were stopped: 0.0025138 seconds, Stopping threads took: 0.0011567 seconds
[2023-10-01T16:41:27.562+0000][23.593s][debug][safepoint     ] Safepoint synchronization initiated. (17 threads)
[2023-10-01T16:41:27.565+0000][23.596s][info ][safepoint     ] Application time: 0.1876605 seconds
[2023-10-01T16:41:27.565+0000][23.596s][info ][safepoint     ] Entering safepoint region: ICBufferFull
[2023-10-01T16:41:27.567+0000][23.599s][info ][safepoint     ] Leaving safepoint region
[2023-10-01T16:41:27.569+0000][23.600s][info ][safepoint     ] Total time for which application threads were stopped: 0.0036391 seconds, Stopping threads took: 0.0005794 seconds
[2023-10-01T16:41:27.791+0000][23.822s][debug][safepoint     ] Safepoint synchronization initiated. (18 threads)
[2023-10-01T16:41:27.799+0000][23.830s][info ][safepoint     ] Application time: 0.2264455 seconds
[2023-10-01T16:41:27.800+0000][23.831s][info ][safepoint     ] Entering safepoint region: ICBufferFull
[2023-10-01T16:41:27.801+0000][23.832s][info ][safepoint     ] Leaving safepoint region
[2023-10-01T16:41:27.802+0000][23.833s][info ][safepoint     ] Total time for which application threads were stopped: 0.0019967 seconds, Stopping threads took: 0.0006588 seconds
[2023-10-01T16:41:28.047+0000][24.078s][debug][safepoint     ] Safepoint synchronization initiated. (18 threads)
[2023-10-01T16:41:28.050+0000][24.081s][info ][safepoint     ] Application time: 0.2467087 seconds
[2023-10-01T16:41:28.051+0000][24.082s][info ][safepoint     ] Entering safepoint region: ICBufferFull
[2023-10-01T16:41:28.052+0000][24.083s][info ][safepoint     ] Leaving safepoint region
[2023-10-01T16:41:28.053+0000][24.084s][info ][safepoint     ] Total time for which application threads were stopped: 0.0020012 seconds, Stopping threads took: 0.0007530 seconds
[2023-10-01T16:41:28.660+0000][24.692s][debug][safepoint     ] Safepoint synchronization initiated. (17 threads)
[2023-10-01T16:41:28.661+0000][24.692s][info ][safepoint     ] Application time: 0.6077941 seconds
[2023-10-01T16:41:28.662+0000][24.693s][info ][safepoint     ] Entering safepoint region: G1CollectForAllocation
[2023-10-01T16:41:28.662+0000][24.693s][info ][gc,start      ] GC(33) Pause Young (Normal) (G1 Evacuation Pause)
[2023-10-01T16:41:28.663+0000][24.694s][info ][gc,task       ] GC(33) Using 7 workers of 8 for evacuation
[2023-10-01T16:41:28.679+0000][24.710s][info ][gc,phases     ] GC(33)   Pre Evacuate Collection Set: 0.0ms
[2023-10-01T16:41:28.680+0000][24.711s][info ][gc,phases     ] GC(33)   Evacuate Collection Set: 13.1ms
[2023-10-01T16:41:28.680+0000][24.711s][info ][gc,phases     ] GC(33)   Post Evacuate Collection Set: 2.5ms
[2023-10-01T16:41:28.681+0000][24.712s][info ][gc,phases     ] GC(33)   Other: 1.1ms
[2023-10-01T16:41:28.681+0000][24.712s][info ][gc,heap       ] GC(33) Eden regions: 178->0(179)
[2023-10-01T16:41:28.682+0000][24.713s][info ][gc,heap       ] GC(33) Survivor regions: 14->13(24)
[2023-10-01T16:41:28.682+0000][24.713s][info ][gc,heap       ] GC(33) Old regions: 32->36
[2023-10-01T16:41:28.683+0000][24.714s][info ][gc,heap       ] GC(33) Humongous regions: 0->0
[2023-10-01T16:41:28.683+0000][24.714s][info ][gc,metaspace  ] GC(33) Metaspace: 70822K(72656K)->70822K(72656K) NonClass: 61771K(62928K)->61771K(62928K) Class: 9050K(9728K)->9050K(9728K)
[2023-10-01T16:41:28.684+0000][24.715s][info ][gc            ] GC(33) Pause Young (Normal) (G1 Evacuation Pause) 222M->46M(320M) 21.636ms
[2023-10-01T16:41:28.684+0000][24.715s][info ][gc,cpu        ] GC(33) User=0.10s Sys=0.02s Real=0.02s
[2023-10-01T16:41:28.685+0000][24.716s][info ][safepoint     ] Leaving safepoint region
[2023-10-01T16:41:28.685+0000][24.716s][info ][safepoint     ] Total time for which application threads were stopped: 0.0237261 seconds, Stopping threads took: 0.0004790 seconds
[2023-10-01T16:41:28.686+0000][24.717s][info ][gc,stringdedup] Concurrent String Deduplication (24.717s)
[2023-10-01T16:41:28.688+0000][24.719s][info ][gc,stringdedup] Concurrent String Deduplication 206.3K->56016.0B(151.6K) avg 46.3% (24.717s, 24.719s) 2.395ms
[2023-10-01T16:41:29.087+0000][25.118s][debug][safepoint     ] Safepoint synchronization initiated. (18 threads)
[2023-10-01T16:41:29.089+0000][25.120s][info ][safepoint     ] Application time: 0.4032985 seconds
[2023-10-01T16:41:29.090+0000][25.121s][info ][safepoint     ] Entering safepoint region: Deoptimize
[2023-10-01T16:41:29.092+0000][25.123s][info ][safepoint     ] Leaving safepoint region
[2023-10-01T16:41:29.093+0000][25.124s][info ][safepoint     ] Total time for which application threads were stopped: 0.0028408 seconds, Stopping threads took: 0.0005830 seconds
[2023-10-01T16:41:29.095+0000][25.126s][debug][safepoint     ] Safepoint synchronization initiated. (18 threads)
[2023-10-01T16:41:29.096+0000][25.127s][info ][safepoint     ] Application time: 0.0025830 seconds
[2023-10-01T16:41:29.096+0000][25.127s][info ][safepoint     ] Entering safepoint region: Deoptimize
[2023-10-01T16:41:29.098+0000][25.129s][info ][safepoint     ] Leaving safepoint region
[2023-10-01T16:41:29.099+0000][25.130s][info ][safepoint     ] Total time for which application threads were stopped: 0.0024477 seconds, Stopping threads took: 0.0005257 seconds
[2023-10-01T16:41:29.552+0000][25.583s][debug][safepoint     ] Safepoint synchronization initiated. (18 threads)
[2023-10-01T16:41:29.552+0000][25.583s][info ][safepoint     ] Application time: 0.4525801 seconds
[2023-10-01T16:41:29.553+0000][25.584s][info ][safepoint     ] Entering safepoint region: Deoptimize
[2023-10-01T16:41:29.555+0000][25.586s][info ][safepoint     ] Leaving safepoint region
[2023-10-01T16:41:29.555+0000][25.587s][info ][safepoint     ] Total time for which application threads were stopped: 0.0024731 seconds, Stopping threads took: 0.0004871 seconds
[2023-10-01T16:41:29.851+0000][25.882s][debug][safepoint     ] Safepoint synchronization initiated. (18 threads)
[2023-10-01T16:41:29.852+0000][25.883s][info ][safepoint     ] Application time: 0.2961303 seconds
[2023-10-01T16:41:29.853+0000][25.884s][info ][safepoint     ] Entering safepoint region: Deoptimize
[2023-10-01T16:41:29.855+0000][25.886s][info ][safepoint     ] Leaving safepoint region
[2023-10-01T16:41:29.855+0000][25.886s][info ][safepoint     ] Total time for which application threads were stopped: 0.0025426 seconds, Stopping threads took: 0.0004817 seconds
[2023-10-01T16:41:29.875+0000][25.906s][debug][safepoint     ] Safepoint synchronization initiated. (18 threads)
[2023-10-01T16:41:29.875+0000][25.906s][info ][safepoint     ] Application time: 0.0195982 seconds
[2023-10-01T16:41:29.876+0000][25.907s][debug][safepoint     ] Waiting for 1 thread(s) to block
[2023-10-01T16:41:29.877+0000][25.908s][info ][safepoint     ] Entering safepoint region: ICBufferFull
[2023-10-01T16:41:29.878+0000][25.909s][info ][safepoint     ] Leaving safepoint region
[2023-10-01T16:41:29.878+0000][25.909s][info ][safepoint     ] Total time for which application threads were stopped: 0.0025329 seconds, Stopping threads took: 0.0016063 seconds
[2023-10-01T16:41:30.011+0000][26.042s][debug][safepoint     ] Safepoint synchronization initiated. (18 threads)
[2023-10-01T16:41:30.012+0000][26.043s][info ][safepoint     ] Application time: 0.1331940 seconds
[2023-10-01T16:41:30.013+0000][26.044s][info ][safepoint     ] Entering safepoint region: G1CollectForAllocation
[2023-10-01T16:41:30.013+0000][26.044s][info ][gc,start      ] GC(34) Pause Young (Normal) (G1 Evacuation Pause)
[2023-10-01T16:41:30.014+0000][26.045s][info ][gc,task       ] GC(34) Using 7 workers of 8 for evacuation
[2023-10-01T16:41:30.043+0000][26.074s][info ][gc,phases     ] GC(34)   Pre Evacuate Collection Set: 0.0ms
[2023-10-01T16:41:30.044+0000][26.075s][info ][gc,phases     ] GC(34)   Evacuate Collection Set: 25.3ms
[2023-10-01T16:41:30.045+0000][26.076s][info ][gc,phases     ] GC(34)   Post Evacuate Collection Set: 3.4ms
[2023-10-01T16:41:30.045+0000][26.076s][info ][gc,phases     ] GC(34)   Other: 1.3ms
[2023-10-01T16:41:30.046+0000][26.077s][info ][gc,heap       ] GC(34) Eden regions: 179->0(179)
[2023-10-01T16:41:30.046+0000][26.077s][info ][gc,heap       ] GC(34) Survivor regions: 13->13(24)
[2023-10-01T16:41:30.047+0000][26.078s][info ][gc,heap       ] GC(34) Old regions: 36->36
[2023-10-01T16:41:30.047+0000][26.078s][info ][gc,heap       ] GC(34) Humongous regions: 0->0
[2023-10-01T16:41:30.048+0000][26.079s][info ][gc,metaspace  ] GC(34) Metaspace: 76075K(78032K)->76075K(78032K) NonClass: 66375K(67536K)->66375K(67536K) Class: 9700K(10496K)->9700K(10496K)
[2023-10-01T16:41:30.048+0000][26.079s][info ][gc            ] GC(34) Pause Young (Normal) (G1 Evacuation Pause) 225M->46M(320M) 34.926ms
[2023-10-01T16:41:30.049+0000][26.080s][info ][gc,cpu        ] GC(34) User=0.25s Sys=0.01s Real=0.04s
[2023-10-01T16:41:30.049+0000][26.081s][info ][safepoint     ] Leaving safepoint region
[2023-10-01T16:41:30.050+0000][26.081s][info ][safepoint     ] Total time for which application threads were stopped: 0.0374571 seconds, Stopping threads took: 0.0005324 seconds
[2023-10-01T16:41:30.051+0000][26.082s][info ][gc,stringdedup] Concurrent String Deduplication (26.082s)
[2023-10-01T16:41:30.053+0000][26.084s][info ][gc,stringdedup] Concurrent String Deduplication 187.1K->45376.0B(142.8K) avg 46.8% (26.082s, 26.084s) 2.433ms
[2023-10-01T16:41:30.060+0000][26.091s][debug][safepoint     ] Safepoint synchronization initiated. (18 threads)
[2023-10-01T16:41:30.061+0000][26.092s][info ][safepoint     ] Application time: 0.0104945 seconds
[2023-10-01T16:41:30.062+0000][26.093s][info ][safepoint     ] Entering safepoint region: Deoptimize
[2023-10-01T16:41:30.064+0000][26.095s][info ][safepoint     ] Leaving safepoint region
[2023-10-01T16:41:30.065+0000][26.096s][info ][safepoint     ] Total time for which application threads were stopped: 0.0030164 seconds, Stopping threads took: 0.0008069 seconds
[2023-10-01T16:41:30.633+0000][26.664s][debug][safepoint     ] Safepoint synchronization initiated. (18 threads)
[2023-10-01T16:41:30.634+0000][26.665s][info ][safepoint     ] Application time: 0.5685583 seconds
[2023-10-01T16:41:30.635+0000][26.666s][info ][safepoint     ] Entering safepoint region: ICBufferFull
[2023-10-01T16:41:30.636+0000][26.667s][info ][safepoint     ] Leaving safepoint region
[2023-10-01T16:41:30.637+0000][26.668s][info ][safepoint     ] Total time for which application threads were stopped: 0.0019827 seconds, Stopping threads took: 0.0006837 seconds
[2023-10-01T16:41:31.114+0000][27.145s][debug][safepoint     ] Safepoint synchronization initiated. (18 threads)
[2023-10-01T16:41:31.114+0000][27.145s][info ][safepoint     ] Application time: 0.4773808 seconds
[2023-10-01T16:41:31.115+0000][27.146s][info ][safepoint     ] Entering safepoint region: ICBufferFull
[2023-10-01T16:41:31.116+0000][27.147s][info ][safepoint     ] Leaving safepoint region
[2023-10-01T16:41:31.116+0000][27.147s][info ][safepoint     ] Total time for which application threads were stopped: 0.0013328 seconds, Stopping threads took: 0.0005261 seconds
[2023-10-01T16:41:31.635+0000][27.666s][debug][safepoint     ] Safepoint synchronization initiated. (18 threads)
[2023-10-01T16:41:31.636+0000][27.667s][info ][safepoint     ] Application time: 0.5187878 seconds
[2023-10-01T16:41:31.636+0000][27.667s][info ][safepoint     ] Entering safepoint region: G1CollectForAllocation
[2023-10-01T16:41:31.637+0000][27.668s][info ][gc,start      ] GC(35) Pause Young (Normal) (G1 Evacuation Pause)
[2023-10-01T16:41:31.637+0000][27.668s][info ][gc,task       ] GC(35) Using 7 workers of 8 for evacuation
[2023-10-01T16:41:31.658+0000][27.689s][info ][gc,phases     ] GC(35)   Pre Evacuate Collection Set: 0.0ms
[2023-10-01T16:41:31.658+0000][27.690s][info ][gc,phases     ] GC(35)   Evacuate Collection Set: 17.0ms
[2023-10-01T16:41:31.659+0000][27.690s][info ][gc,phases     ] GC(35)   Post Evacuate Collection Set: 2.9ms
[2023-10-01T16:41:31.659+0000][27.691s][info ][gc,phases     ] GC(35)   Other: 1.0ms
[2023-10-01T16:41:31.660+0000][27.691s][info ][gc,heap       ] GC(35) Eden regions: 179->0(174)
[2023-10-01T16:41:31.660+0000][27.691s][info ][gc,heap       ] GC(35) Survivor regions: 13->18(24)
[2023-10-01T16:41:31.661+0000][27.692s][info ][gc,heap       ] GC(35) Old regions: 36->36
[2023-10-01T16:41:31.661+0000][27.692s][info ][gc,heap       ] GC(35) Humongous regions: 0->0
[2023-10-01T16:41:31.662+0000][27.693s][info ][gc,metaspace  ] GC(35) Metaspace: 78260K(80208K)->78260K(80208K) NonClass: 68403K(69584K)->68403K(69584K) Class: 9856K(10624K)->9856K(10624K)
[2023-10-01T16:41:31.662+0000][27.693s][info ][gc            ] GC(35) Pause Young (Normal) (G1 Evacuation Pause) 225M->51M(320M) 25.386ms
[2023-10-01T16:41:31.663+0000][27.694s][info ][gc,cpu        ] GC(35) User=0.13s Sys=0.01s Real=0.02s
[2023-10-01T16:41:31.663+0000][27.694s][info ][safepoint     ] Leaving safepoint region
[2023-10-01T16:41:31.664+0000][27.695s][info ][safepoint     ] Total time for which application threads were stopped: 0.0276180 seconds, Stopping threads took: 0.0004730 seconds
[2023-10-01T16:41:31.664+0000][27.695s][info ][gc,stringdedup] Concurrent String Deduplication (27.695s)
[2023-10-01T16:41:31.667+0000][27.698s][info ][gc,stringdedup] Concurrent String Deduplication 227.8K->160.9K(68520.0B) avg 46.5% (27.695s, 27.698s) 2.906ms
[2023-10-01T16:41:32.614+0000][28.645s][debug][safepoint     ] Safepoint synchronization initiated. (18 threads)
[2023-10-01T16:41:32.619+0000][28.650s][info ][safepoint     ] Application time: 0.9552439 seconds
[2023-10-01T16:41:32.620+0000][28.651s][info ][safepoint     ] Entering safepoint region: ICBufferFull
[2023-10-01T16:41:32.621+0000][28.652s][info ][safepoint     ] Leaving safepoint region
[2023-10-01T16:41:32.622+0000][28.653s][info ][safepoint     ] Total time for which application threads were stopped: 0.0017755 seconds, Stopping threads took: 0.0007295 seconds
[2023-10-01T16:41:33.189+0000][29.220s][debug][safepoint     ] Safepoint synchronization initiated. (18 threads)
[2023-10-01T16:41:33.190+0000][29.221s][info ][safepoint     ] Application time: 0.5666771 seconds
[2023-10-01T16:41:33.190+0000][29.221s][info ][safepoint     ] Entering safepoint region: G1CollectForAllocation
[2023-10-01T16:41:33.191+0000][29.222s][info ][gc,start      ] GC(36) Pause Young (Normal) (G1 Evacuation Pause)
[2023-10-01T16:41:33.193+0000][29.224s][info ][gc,task       ] GC(36) Using 7 workers of 8 for evacuation
[2023-10-01T16:41:33.241+0000][29.272s][info ][gc,phases     ] GC(36)   Pre Evacuate Collection Set: 0.0ms
[2023-10-01T16:41:33.241+0000][29.272s][info ][gc,phases     ] GC(36)   Evacuate Collection Set: 42.7ms
[2023-10-01T16:41:33.243+0000][29.274s][info ][gc,phases     ] GC(36)   Post Evacuate Collection Set: 3.9ms
[2023-10-01T16:41:33.244+0000][29.275s][info ][gc,phases     ] GC(36)   Other: 2.7ms
[2023-10-01T16:41:33.244+0000][29.275s][info ][gc,heap       ] GC(36) Eden regions: 174->0(173)
[2023-10-01T16:41:33.245+0000][29.276s][info ][gc,heap       ] GC(36) Survivor regions: 18->19(24)
[2023-10-01T16:41:33.246+0000][29.277s][info ][gc,heap       ] GC(36) Old regions: 36->40
[2023-10-01T16:41:33.246+0000][29.277s][info ][gc,heap       ] GC(36) Humongous regions: 0->0
[2023-10-01T16:41:33.247+0000][29.278s][info ][gc,metaspace  ] GC(36) Metaspace: 79889K(82128K)->79889K(82128K) NonClass: 69949K(71376K)->69949K(71376K) Class: 9939K(10752K)->9939K(10752K)
[2023-10-01T16:41:33.247+0000][29.278s][info ][gc            ] GC(36) Pause Young (Normal) (G1 Evacuation Pause) 225M->57M(320M) 56.095ms
[2023-10-01T16:41:33.248+0000][29.279s][info ][gc,cpu        ] GC(36) User=0.35s Sys=0.02s Real=0.06s
[2023-10-01T16:41:33.249+0000][29.280s][info ][safepoint     ] Leaving safepoint region
[2023-10-01T16:41:33.249+0000][29.281s][info ][safepoint     ] Total time for which application threads were stopped: 0.0591864 seconds, Stopping threads took: 0.0006211 seconds
[2023-10-01T16:41:33.250+0000][29.281s][info ][gc,stringdedup] Concurrent String Deduplication (29.281s)
[2023-10-01T16:41:33.264+0000][29.295s][info ][gc,stringdedup] Concurrent String Deduplication 154.7K->58736.0B(99704.0B) avg 46.7% (29.281s, 29.295s) 13.873ms
[2023-10-01T16:41:33.590+0000][29.621s][debug][safepoint     ] Safepoint synchronization initiated. (17 threads)
[2023-10-01T16:41:33.591+0000][29.622s][info ][safepoint     ] Application time: 0.3409919 seconds
[2023-10-01T16:41:33.592+0000][29.623s][info ][safepoint     ] Entering safepoint region: Deoptimize
[2023-10-01T16:41:33.594+0000][29.625s][info ][safepoint     ] Leaving safepoint region
[2023-10-01T16:41:33.594+0000][29.625s][info ][safepoint     ] Total time for which application threads were stopped: 0.0028849 seconds, Stopping threads took: 0.0005504 seconds
[2023-10-01T16:41:34.470+0000][30.501s][debug][safepoint     ] Safepoint synchronization initiated. (17 threads)
[2023-10-01T16:41:34.471+0000][30.502s][info ][safepoint     ] Application time: 0.8761873 seconds
[2023-10-01T16:41:34.472+0000][30.503s][info ][safepoint     ] Entering safepoint region: Deoptimize
[2023-10-01T16:41:34.474+0000][30.505s][info ][safepoint     ] Leaving safepoint region
[2023-10-01T16:41:34.475+0000][30.506s][info ][safepoint     ] Total time for which application threads were stopped: 0.0028897 seconds, Stopping threads took: 0.0005699 seconds
[2023-10-01T16:41:34.633+0000][30.664s][debug][safepoint     ] Safepoint synchronization initiated. (21 threads)
[2023-10-01T16:41:34.633+0000][30.664s][info ][safepoint     ] Application time: 0.1581645 seconds
[2023-10-01T16:41:34.634+0000][30.665s][info ][safepoint     ] Entering safepoint region: G1CollectForAllocation
[2023-10-01T16:41:34.635+0000][30.666s][info ][gc,start      ] GC(37) Pause Young (Normal) (G1 Evacuation Pause)
[2023-10-01T16:41:34.635+0000][30.666s][info ][gc,task       ] GC(37) Using 8 workers of 8 for evacuation
[2023-10-01T16:41:34.659+0000][30.690s][info ][gc,phases     ] GC(37)   Pre Evacuate Collection Set: 0.0ms
[2023-10-01T16:41:34.659+0000][30.690s][info ][gc,phases     ] GC(37)   Evacuate Collection Set: 19.7ms
[2023-10-01T16:41:34.660+0000][30.691s][info ][gc,phases     ] GC(37)   Post Evacuate Collection Set: 3.0ms
[2023-10-01T16:41:34.660+0000][30.691s][info ][gc,phases     ] GC(37)   Other: 1.3ms
[2023-10-01T16:41:34.661+0000][30.692s][info ][gc,heap       ] GC(37) Eden regions: 173->0(175)
[2023-10-01T16:41:34.661+0000][30.692s][info ][gc,heap       ] GC(37) Survivor regions: 19->17(24)
[2023-10-01T16:41:34.662+0000][30.693s][info ][gc,heap       ] GC(37) Old regions: 40->45
[2023-10-01T16:41:34.662+0000][30.693s][info ][gc,heap       ] GC(37) Humongous regions: 0->0
[2023-10-01T16:41:34.663+0000][30.694s][info ][gc,metaspace  ] GC(37) Metaspace: 82587K(84816K)->82587K(84816K) NonClass: 72312K(73680K)->72312K(73680K) Class: 10275K(11136K)->10275K(11136K)
[2023-10-01T16:41:34.663+0000][30.694s][info ][gc            ] GC(37) Pause Young (Normal) (G1 Evacuation Pause) 230M->60M(320M) 28.837ms
[2023-10-01T16:41:34.664+0000][30.695s][info ][gc,cpu        ] GC(37) User=0.17s Sys=0.00s Real=0.03s
[2023-10-01T16:41:34.664+0000][30.695s][info ][safepoint     ] Leaving safepoint region
[2023-10-01T16:41:34.665+0000][30.696s][info ][safepoint     ] Total time for which application threads were stopped: 0.0310654 seconds, Stopping threads took: 0.0005467 seconds
[2023-10-01T16:41:34.665+0000][30.696s][info ][gc,stringdedup] Concurrent String Deduplication (30.696s)
[2023-10-01T16:41:34.671+0000][30.702s][info ][gc,stringdedup] Concurrent String Deduplication 415.6K->102.8K(312.9K) avg 47.8% (30.696s, 30.702s) 5.445ms
[2023-10-01T16:41:34.867+0000][30.898s][debug][safepoint     ] Safepoint synchronization initiated. (21 threads)
[2023-10-01T16:41:34.868+0000][30.899s][info ][safepoint     ] Application time: 0.2023156 seconds
[2023-10-01T16:41:34.868+0000][30.899s][info ][safepoint     ] Entering safepoint region: ICBufferFull
[2023-10-01T16:41:34.869+0000][30.900s][info ][safepoint     ] Leaving safepoint region
[2023-10-01T16:41:34.870+0000][30.901s][info ][safepoint     ] Total time for which application threads were stopped: 0.0013198 seconds, Stopping threads took: 0.0005132 seconds
[2023-10-01T16:41:35.462+0000][31.493s][debug][safepoint     ] Safepoint synchronization initiated. (21 threads)
[2023-10-01T16:41:35.463+0000][31.494s][info ][safepoint     ] Application time: 0.5926234 seconds
[2023-10-01T16:41:35.463+0000][31.494s][info ][safepoint     ] Entering safepoint region: ICBufferFull
[2023-10-01T16:41:35.465+0000][31.496s][info ][safepoint     ] Leaving safepoint region
[2023-10-01T16:41:35.465+0000][31.496s][info ][safepoint     ] Total time for which application threads were stopped: 0.0021610 seconds, Stopping threads took: 0.0011625 seconds
[2023-10-01T16:41:35.747+0000][31.778s][debug][safepoint     ] Safepoint synchronization initiated. (21 threads)
[2023-10-01T16:41:35.749+0000][31.780s][info ][safepoint     ] Application time: 0.2826802 seconds
[2023-10-01T16:41:35.749+0000][31.780s][info ][safepoint     ] Entering safepoint region: G1CollectForAllocation
[2023-10-01T16:41:35.750+0000][31.781s][info ][gc,start      ] GC(38) Pause Young (Normal) (G1 Evacuation Pause)
[2023-10-01T16:41:35.751+0000][31.782s][info ][gc,task       ] GC(38) Using 8 workers of 8 for evacuation
[2023-10-01T16:41:35.786+0000][31.817s][info ][gc,phases     ] GC(38)   Pre Evacuate Collection Set: 0.0ms
[2023-10-01T16:41:35.787+0000][31.818s][info ][gc,phases     ] GC(38)   Evacuate Collection Set: 31.4ms
[2023-10-01T16:41:35.787+0000][31.818s][info ][gc,phases     ] GC(38)   Post Evacuate Collection Set: 3.0ms
[2023-10-01T16:41:35.788+0000][31.819s][info ][gc,phases     ] GC(38)   Other: 1.2ms
[2023-10-01T16:41:35.788+0000][31.819s][info ][gc,heap       ] GC(38) Eden regions: 175->0(178)
[2023-10-01T16:41:35.789+0000][31.820s][info ][gc,heap       ] GC(38) Survivor regions: 17->14(24)
[2023-10-01T16:41:35.790+0000][31.821s][info ][gc,heap       ] GC(38) Old regions: 45->52
[2023-10-01T16:41:35.790+0000][31.821s][info ][gc,heap       ] GC(38) Humongous regions: 0->0
[2023-10-01T16:41:35.790+0000][31.821s][info ][gc,metaspace  ] GC(38) Metaspace: 83846K(86224K)->83846K(86224K) NonClass: 73469K(74960K)->73469K(74960K) Class: 10377K(11264K)->10377K(11264K)
[2023-10-01T16:41:35.791+0000][31.822s][info ][gc            ] GC(38) Pause Young (Normal) (G1 Evacuation Pause) 235M->64M(320M) 40.745ms
[2023-10-01T16:41:35.791+0000][31.822s][info ][gc,cpu        ] GC(38) User=0.26s Sys=0.00s Real=0.04s
[2023-10-01T16:41:35.792+0000][31.823s][info ][safepoint     ] Leaving safepoint region
[2023-10-01T16:41:35.792+0000][31.823s][info ][safepoint     ] Total time for which application threads were stopped: 0.0430887 seconds, Stopping threads took: 0.0005896 seconds
[2023-10-01T16:41:35.793+0000][31.824s][info ][gc,stringdedup] Concurrent String Deduplication (31.824s)
[2023-10-01T16:41:35.798+0000][31.829s][info ][gc,stringdedup] Concurrent String Deduplication 516.7K->120.6K(396.0K) avg 49.1% (31.824s, 31.829s) 4.562ms
[2023-10-01T16:41:35.942+0000][31.973s][debug][safepoint     ] Safepoint synchronization initiated. (21 threads)
[2023-10-01T16:41:35.943+0000][31.974s][info ][safepoint     ] Application time: 0.1497323 seconds
[2023-10-01T16:41:35.943+0000][31.974s][info ][safepoint     ] Entering safepoint region: Deoptimize
[2023-10-01T16:41:35.945+0000][31.976s][info ][safepoint     ] Leaving safepoint region
[2023-10-01T16:41:35.946+0000][31.977s][info ][safepoint     ] Total time for which application threads were stopped: 0.0026581 seconds, Stopping threads took: 0.0005239 seconds
[2023-10-01T16:41:36.548+0000][32.579s][debug][safepoint     ] Safepoint synchronization initiated. (21 threads)
[2023-10-01T16:41:36.549+0000][32.580s][info ][safepoint     ] Application time: 0.6021102 seconds
[2023-10-01T16:41:36.550+0000][32.581s][info ][safepoint     ] Entering safepoint region: Deoptimize
[2023-10-01T16:41:36.555+0000][32.586s][info ][safepoint     ] Leaving safepoint region
[2023-10-01T16:41:36.556+0000][32.587s][info ][safepoint     ] Total time for which application threads were stopped: 0.0060945 seconds, Stopping threads took: 0.0009768 seconds
[2023-10-01T16:41:36.806+0000][32.837s][debug][safepoint     ] Safepoint synchronization initiated. (22 threads)
[2023-10-01T16:41:36.806+0000][32.837s][info ][safepoint     ] Application time: 0.2499231 seconds
[2023-10-01T16:41:36.807+0000][32.838s][info ][safepoint     ] Entering safepoint region: Deoptimize
[2023-10-01T16:41:36.813+0000][32.844s][info ][safepoint     ] Leaving safepoint region
[2023-10-01T16:41:36.813+0000][32.844s][info ][safepoint     ] Total time for which application threads were stopped: 0.0064939 seconds, Stopping threads took: 0.0007144 seconds
[2023-10-01T16:41:37.150+0000][33.181s][debug][safepoint     ] Safepoint synchronization initiated. (21 threads)
[2023-10-01T16:41:37.151+0000][33.183s][info ][safepoint     ] Application time: 0.3375390 seconds
[2023-10-01T16:41:37.152+0000][33.183s][info ][safepoint     ] Entering safepoint region: Deoptimize
[2023-10-01T16:41:37.159+0000][33.190s][info ][safepoint     ] Leaving safepoint region
[2023-10-01T16:41:37.160+0000][33.191s][info ][safepoint     ] Total time for which application threads were stopped: 0.0078061 seconds, Stopping threads took: 0.0008824 seconds
[2023-10-01T16:41:37.501+0000][33.532s][debug][safepoint     ] Safepoint synchronization initiated. (21 threads)
[2023-10-01T16:41:37.501+0000][33.533s][info ][safepoint     ] Application time: 0.3408482 seconds
[2023-10-01T16:41:37.502+0000][33.534s][debug][safepoint     ] ... found polling page loop exception at pc = 0x00007f5188b85c81, stub =0x00007f5180843680
[2023-10-01T16:41:37.503+0000][33.534s][debug][safepoint     ] Waiting for 1 thread(s) to block
[2023-10-01T16:41:37.504+0000][33.535s][info ][safepoint     ] Entering safepoint region: ICBufferFull
[2023-10-01T16:41:37.505+0000][33.536s][info ][safepoint     ] Leaving safepoint region
[2023-10-01T16:41:37.505+0000][33.537s][info ][safepoint     ] Total time for which application threads were stopped: 0.0030466 seconds, Stopping threads took: 0.0020822 seconds
[2023-10-01T16:41:37.640+0000][33.671s][debug][safepoint     ] Safepoint synchronization initiated. (24 threads)
[2023-10-01T16:41:37.641+0000][33.672s][info ][safepoint     ] Application time: 0.1346086 seconds
[2023-10-01T16:41:37.641+0000][33.672s][info ][safepoint     ] Entering safepoint region: G1CollectForAllocation
[2023-10-01T16:41:37.642+0000][33.673s][info ][gc,start      ] GC(39) Pause Young (Normal) (G1 Evacuation Pause)
[2023-10-01T16:41:37.643+0000][33.674s][info ][gc,task       ] GC(39) Using 8 workers of 8 for evacuation
[2023-10-01T16:41:37.669+0000][33.700s][info ][gc,phases     ] GC(39)   Pre Evacuate Collection Set: 0.1ms
[2023-10-01T16:41:37.670+0000][33.701s][info ][gc,phases     ] GC(39)   Evacuate Collection Set: 21.9ms
[2023-10-01T16:41:37.670+0000][33.701s][info ][gc,phases     ] GC(39)   Post Evacuate Collection Set: 3.2ms
[2023-10-01T16:41:37.671+0000][33.702s][info ][gc,phases     ] GC(39)   Other: 1.4ms
[2023-10-01T16:41:37.671+0000][33.702s][info ][gc,heap       ] GC(39) Eden regions: 178->0(179)
[2023-10-01T16:41:37.671+0000][33.703s][info ][gc,heap       ] GC(39) Survivor regions: 14->13(24)
[2023-10-01T16:41:37.672+0000][33.703s][info ][gc,heap       ] GC(39) Old regions: 52->57
[2023-10-01T16:41:37.673+0000][33.704s][info ][gc,heap       ] GC(39) Humongous regions: 0->0
[2023-10-01T16:41:37.673+0000][33.704s][info ][gc,metaspace  ] GC(39) Metaspace: 88735K(91600K)->88735K(91600K) NonClass: 77743K(79568K)->77743K(79568K) Class: 10992K(12032K)->10992K(12032K)
[2023-10-01T16:41:37.674+0000][33.705s][info ][gc            ] GC(39) Pause Young (Normal) (G1 Evacuation Pause) 242M->68M(320M) 31.521ms
[2023-10-01T16:41:37.674+0000][33.705s][info ][gc,cpu        ] GC(39) User=0.20s Sys=0.00s Real=0.03s
[2023-10-01T16:41:37.675+0000][33.706s][info ][safepoint     ] Leaving safepoint region
[2023-10-01T16:41:37.675+0000][33.706s][info ][safepoint     ] Total time for which application threads were stopped: 0.0337824 seconds, Stopping threads took: 0.0005038 seconds
[2023-10-01T16:41:37.675+0000][33.707s][info ][gc,stringdedup] Concurrent String Deduplication (33.707s)
[2023-10-01T16:41:37.679+0000][33.710s][info ][gc,stringdedup] Concurrent String Deduplication 294.5K->97576.0B(199.2K) avg 49.5% (33.707s, 33.710s) 3.913ms
[2023-10-01T16:41:38.315+0000][34.346s][debug][safepoint     ] Safepoint synchronization initiated. (25 threads)
[2023-10-01T16:41:38.316+0000][34.347s][info ][safepoint     ] Application time: 0.6402676 seconds
[2023-10-01T16:41:38.316+0000][34.347s][info ][safepoint     ] Entering safepoint region: Deoptimize
[2023-10-01T16:41:38.319+0000][34.350s][info ][safepoint     ] Leaving safepoint region
[2023-10-01T16:41:38.319+0000][34.350s][info ][safepoint     ] Total time for which application threads were stopped: 0.0029327 seconds, Stopping threads took: 0.0004925 seconds
[2023-10-01T16:41:38.464+0000][34.496s][debug][safepoint     ] Safepoint synchronization initiated. (25 threads)
[2023-10-01T16:41:38.465+0000][34.496s][info ][safepoint     ] Application time: 0.1455193 seconds
[2023-10-01T16:41:38.466+0000][34.497s][info ][safepoint     ] Entering safepoint region: Deoptimize
[2023-10-01T16:41:38.468+0000][34.499s][info ][safepoint     ] Leaving safepoint region
[2023-10-01T16:41:38.469+0000][34.500s][info ][safepoint     ] Total time for which application threads were stopped: 0.0028764 seconds, Stopping threads took: 0.0005510 seconds
[2023-10-01T16:41:38.564+0000][34.595s][debug][safepoint     ] Safepoint synchronization initiated. (25 threads)
[2023-10-01T16:41:38.564+0000][34.595s][info ][safepoint     ] Application time: 0.0952518 seconds
[2023-10-01T16:41:38.565+0000][34.596s][info ][safepoint     ] Entering safepoint region: Deoptimize
[2023-10-01T16:41:38.567+0000][34.598s][info ][safepoint     ] Leaving safepoint region
[2023-10-01T16:41:38.568+0000][34.599s][info ][safepoint     ] Total time for which application threads were stopped: 0.0027947 seconds, Stopping threads took: 0.0004976 seconds
[2023-10-01T16:41:38.580+0000][34.611s][debug][safepoint     ] Safepoint synchronization initiated. (25 threads)
[2023-10-01T16:41:38.581+0000][34.612s][info ][safepoint     ] Application time: 0.0127505 seconds
[2023-10-01T16:41:38.582+0000][34.613s][info ][safepoint     ] Entering safepoint region: Deoptimize
[2023-10-01T16:41:38.584+0000][34.615s][info ][safepoint     ] Leaving safepoint region
[2023-10-01T16:41:38.584+0000][34.615s][info ][safepoint     ] Total time for which application threads were stopped: 0.0026073 seconds, Stopping threads took: 0.0004292 seconds
[2023-10-01T16:41:38.647+0000][34.678s][debug][safepoint     ] Safepoint synchronization initiated. (25 threads)
[2023-10-01T16:41:38.648+0000][34.679s][info ][safepoint     ] Application time: 0.0631381 seconds
[2023-10-01T16:41:38.648+0000][34.679s][info ][safepoint     ] Entering safepoint region: Deoptimize
[2023-10-01T16:41:38.650+0000][34.682s][info ][safepoint     ] Leaving safepoint region
[2023-10-01T16:41:38.651+0000][34.682s][info ][safepoint     ] Total time for which application threads were stopped: 0.0027257 seconds, Stopping threads took: 0.0004709 seconds
[2023-10-01T16:41:38.905+0000][34.936s][debug][safepoint     ] Safepoint synchronization initiated. (25 threads)
[2023-10-01T16:41:38.906+0000][34.937s][info ][safepoint     ] Application time: 0.2546509 seconds
[2023-10-01T16:41:38.907+0000][34.938s][debug][safepoint     ] Waiting for 1 thread(s) to block
[2023-10-01T16:41:38.907+0000][34.938s][info ][safepoint     ] Entering safepoint region: ICBufferFull
[2023-10-01T16:41:38.908+0000][34.939s][info ][safepoint     ] Leaving safepoint region
[2023-10-01T16:41:38.909+0000][34.940s][info ][safepoint     ] Total time for which application threads were stopped: 0.0020338 seconds, Stopping threads took: 0.0012395 seconds
[2023-10-01T16:41:39.290+0000][35.321s][debug][safepoint     ] Safepoint synchronization initiated. (28 threads)
[2023-10-01T16:41:39.291+0000][35.322s][info ][safepoint     ] Application time: 0.3818580 seconds
[2023-10-01T16:41:39.292+0000][35.323s][info ][safepoint     ] Entering safepoint region: G1CollectForAllocation
[2023-10-01T16:41:39.293+0000][35.324s][info ][gc,start      ] GC(40) Pause Young (Normal) (G1 Evacuation Pause)
[2023-10-01T16:41:39.294+0000][35.325s][info ][gc,task       ] GC(40) Using 8 workers of 8 for evacuation
[2023-10-01T16:41:39.325+0000][35.356s][info ][gc,phases     ] GC(40)   Pre Evacuate Collection Set: 0.0ms
[2023-10-01T16:41:39.326+0000][35.357s][info ][gc,phases     ] GC(40)   Evacuate Collection Set: 25.3ms
[2023-10-01T16:41:39.326+0000][35.357s][info ][gc,phases     ] GC(40)   Post Evacuate Collection Set: 4.8ms
[2023-10-01T16:41:39.327+0000][35.358s][info ][gc,phases     ] GC(40)   Other: 1.3ms
[2023-10-01T16:41:39.327+0000][35.358s][info ][gc,heap       ] GC(40) Eden regions: 179->0(176)
[2023-10-01T16:41:39.328+0000][35.359s][info ][gc,heap       ] GC(40) Survivor regions: 13->16(24)
[2023-10-01T16:41:39.329+0000][35.360s][info ][gc,heap       ] GC(40) Old regions: 57->57
[2023-10-01T16:41:39.329+0000][35.360s][info ][gc,heap       ] GC(40) Humongous regions: 0->0
[2023-10-01T16:41:39.330+0000][35.361s][info ][gc,metaspace  ] GC(40) Metaspace: 92935K(95696K)->92935K(95696K) NonClass: 81443K(83152K)->81443K(83152K) Class: 11491K(12544K)->11491K(12544K)
[2023-10-01T16:41:39.330+0000][35.361s][info ][gc            ] GC(40) Pause Young (Normal) (G1 Evacuation Pause) 247M->71M(320M) 37.038ms
[2023-10-01T16:41:39.331+0000][35.362s][info ][gc,cpu        ] GC(40) User=0.24s Sys=0.02s Real=0.04s
[2023-10-01T16:41:39.331+0000][35.362s][info ][safepoint     ] Leaving safepoint region
[2023-10-01T16:41:39.332+0000][35.363s][info ][safepoint     ] Total time for which application threads were stopped: 0.0402193 seconds, Stopping threads took: 0.0005834 seconds
[2023-10-01T16:41:39.333+0000][35.364s][info ][gc,stringdedup] Concurrent String Deduplication (35.364s)
[2023-10-01T16:41:39.337+0000][35.368s][info ][gc,stringdedup] Concurrent String Deduplication 260.3K->68944.0B(193.0K) avg 50.1% (35.364s, 35.368s) 4.248ms
[2023-10-01T16:41:39.422+0000][35.453s][debug][safepoint     ] Safepoint synchronization initiated. (28 threads)
[2023-10-01T16:41:39.423+0000][35.454s][info ][safepoint     ] Application time: 0.0906135 seconds
[2023-10-01T16:41:39.424+0000][35.455s][info ][safepoint     ] Entering safepoint region: ICBufferFull
[2023-10-01T16:41:39.424+0000][35.456s][info ][safepoint     ] Leaving safepoint region
[2023-10-01T16:41:39.425+0000][35.456s][info ][safepoint     ] Total time for which application threads were stopped: 0.0012615 seconds, Stopping threads took: 0.0005120 seconds
[2023-10-01T16:41:39.683+0000][35.714s][debug][safepoint     ] Safepoint synchronization initiated. (34 threads)
[2023-10-01T16:41:39.684+0000][35.715s][info ][safepoint     ] Application time: 0.2586627 seconds
[2023-10-01T16:41:39.685+0000][35.716s][debug][safepoint     ] Waiting for 1 thread(s) to block
[2023-10-01T16:41:39.685+0000][35.716s][info ][safepoint     ] Entering safepoint region: ICBufferFull
[2023-10-01T16:41:39.686+0000][35.717s][info ][safepoint     ] Leaving safepoint region
[2023-10-01T16:41:39.686+0000][35.717s][info ][safepoint     ] Total time for which application threads were stopped: 0.0017204 seconds, Stopping threads took: 0.0010065 seconds
[2023-10-01T16:41:39.737+0000][35.768s][debug][safepoint     ] Safepoint synchronization initiated. (34 threads)
[2023-10-01T16:41:39.738+0000][35.769s][info ][safepoint     ] Application time: 0.0510598 seconds
[2023-10-01T16:41:39.738+0000][35.769s][info ][safepoint     ] Entering safepoint region: ICBufferFull
[2023-10-01T16:41:39.739+0000][35.770s][info ][safepoint     ] Leaving safepoint region
[2023-10-01T16:41:39.740+0000][35.771s][info ][safepoint     ] Total time for which application threads were stopped: 0.0013034 seconds, Stopping threads took: 0.0005480 seconds
[2023-10-01T16:41:39.977+0000][36.008s][debug][safepoint     ] Safepoint synchronization initiated. (35 threads)
[2023-10-01T16:41:39.977+0000][36.008s][info ][safepoint     ] Application time: 0.2372586 seconds
[2023-10-01T16:41:39.978+0000][36.009s][info ][safepoint     ] Entering safepoint region: Deoptimize
[2023-10-01T16:41:39.980+0000][36.011s][info ][safepoint     ] Leaving safepoint region
[2023-10-01T16:41:39.981+0000][36.012s][info ][safepoint     ] Total time for which application threads were stopped: 0.0027079 seconds, Stopping threads took: 0.0003989 seconds
[2023-10-01T16:41:40.116+0000][36.147s][debug][safepoint     ] Safepoint synchronization initiated. (35 threads)
[2023-10-01T16:41:40.117+0000][36.148s][info ][safepoint     ] Application time: 0.1354365 seconds
[2023-10-01T16:41:40.117+0000][36.148s][info ][safepoint     ] Entering safepoint region: Deoptimize
[2023-10-01T16:41:40.121+0000][36.152s][info ][safepoint     ] Leaving safepoint region
[2023-10-01T16:41:40.122+0000][36.153s][info ][safepoint     ] Total time for which application threads were stopped: 0.0045859 seconds, Stopping threads took: 0.0004827 seconds
[2023-10-01T16:41:40.722+0000][36.753s][debug][safepoint     ] Safepoint synchronization initiated. (35 threads)
[2023-10-01T16:41:40.723+0000][36.754s][info ][safepoint     ] Application time: 0.6004984 seconds
[2023-10-01T16:41:40.723+0000][36.754s][debug][safepoint     ] Waiting for 1 thread(s) to block
[2023-10-01T16:41:40.724+0000][36.755s][info ][safepoint     ] Entering safepoint region: G1CollectForAllocation
[2023-10-01T16:41:40.725+0000][36.756s][info ][gc,start      ] GC(41) Pause Young (Normal) (G1 Evacuation Pause)
[2023-10-01T16:41:40.725+0000][36.756s][info ][gc,task       ] GC(41) Using 8 workers of 8 for evacuation
[2023-10-01T16:41:40.756+0000][36.787s][info ][gc,phases     ] GC(41)   Pre Evacuate Collection Set: 0.0ms
[2023-10-01T16:41:40.756+0000][36.787s][info ][gc,phases     ] GC(41)   Evacuate Collection Set: 26.7ms
[2023-10-01T16:41:40.757+0000][36.788s][info ][gc,phases     ] GC(41)   Post Evacuate Collection Set: 2.8ms
[2023-10-01T16:41:40.757+0000][36.788s][info ][gc,phases     ] GC(41)   Other: 1.5ms
[2023-10-01T16:41:40.758+0000][36.789s][info ][gc,heap       ] GC(41) Eden regions: 176->0(176)
[2023-10-01T16:41:40.758+0000][36.789s][info ][gc,heap       ] GC(41) Survivor regions: 16->16(24)
[2023-10-01T16:41:40.759+0000][36.790s][info ][gc,heap       ] GC(41) Old regions: 57->61
[2023-10-01T16:41:40.760+0000][36.791s][info ][gc,heap       ] GC(41) Humongous regions: 0->0
[2023-10-01T16:41:40.760+0000][36.791s][info ][gc,metaspace  ] GC(41) Metaspace: 95293K(98256K)->95293K(98256K) NonClass: 83554K(85456K)->83554K(85456K) Class: 11738K(12800K)->11738K(12800K)
[2023-10-01T16:41:40.761+0000][36.792s][info ][gc            ] GC(41) Pause Young (Normal) (G1 Evacuation Pause) 247M->75M(320M) 35.801ms
[2023-10-01T16:41:40.761+0000][36.792s][info ][gc,cpu        ] GC(41) User=0.22s Sys=0.00s Real=0.04s
[2023-10-01T16:41:40.762+0000][36.793s][info ][safepoint     ] Leaving safepoint region
[2023-10-01T16:41:40.762+0000][36.793s][info ][safepoint     ] Total time for which application threads were stopped: 0.0386920 seconds, Stopping threads took: 0.0011806 seconds
[2023-10-01T16:41:40.763+0000][36.794s][info ][gc,stringdedup] Concurrent String Deduplication (36.794s)
[2023-10-01T16:41:40.767+0000][36.798s][info ][gc,stringdedup] Concurrent String Deduplication 332.8K->112.6K(220.2K) avg 50.5% (36.794s, 36.798s) 4.473ms
[2023-10-01T16:41:41.004+0000][37.035s][debug][safepoint     ] Safepoint synchronization initiated. (35 threads)
[2023-10-01T16:41:41.004+0000][37.035s][info ][safepoint     ] Application time: 0.2416124 seconds
[2023-10-01T16:41:41.004+0000][37.035s][info ][safepoint     ] Entering safepoint region: Deoptimize
[2023-10-01T16:41:41.007+0000][37.038s][info ][safepoint     ] Leaving safepoint region
[2023-10-01T16:41:41.007+0000][37.038s][info ][safepoint     ] Total time for which application threads were stopped: 0.0025707 seconds, Stopping threads took: 0.0003806 seconds
[2023-10-01T16:41:41.024+0000][37.055s][debug][safepoint     ] Safepoint synchronization initiated. (35 threads)
[2023-10-01T16:41:41.025+0000][37.056s][info ][safepoint     ] Application time: 0.0171380 seconds
[2023-10-01T16:41:41.025+0000][37.056s][info ][safepoint     ] Entering safepoint region: Deoptimize
[2023-10-01T16:41:41.027+0000][37.059s][info ][safepoint     ] Leaving safepoint region
[2023-10-01T16:41:41.028+0000][37.059s][info ][safepoint     ] Total time for which application threads were stopped: 0.0029063 seconds, Stopping threads took: 0.0004759 seconds
[2023-10-01T16:41:41.054+0000][37.085s][debug][safepoint     ] Safepoint synchronization initiated. (35 threads)
[2023-10-01T16:41:41.055+0000][37.086s][info ][safepoint     ] Application time: 0.0268646 seconds
[2023-10-01T16:41:41.056+0000][37.087s][info ][safepoint     ] Entering safepoint region: Deoptimize
[2023-10-01T16:41:41.058+0000][37.089s][info ][safepoint     ] Leaving safepoint region
[2023-10-01T16:41:41.059+0000][37.090s][info ][safepoint     ] Total time for which application threads were stopped: 0.0027280 seconds, Stopping threads took: 0.0004104 seconds
[2023-10-01T16:41:41.418+0000][37.449s][debug][safepoint     ] Safepoint synchronization initiated. (38 threads)
[2023-10-01T16:41:41.418+0000][37.450s][info ][safepoint     ] Application time: 0.3594431 seconds
[2023-10-01T16:41:41.419+0000][37.450s][info ][safepoint     ] Entering safepoint region: Deoptimize
[2023-10-01T16:41:41.421+0000][37.452s][info ][safepoint     ] Leaving safepoint region
[2023-10-01T16:41:41.422+0000][37.453s][info ][safepoint     ] Total time for which application threads were stopped: 0.0026747 seconds, Stopping threads took: 0.0004341 seconds
[2023-10-01T16:41:41.735+0000][37.766s][debug][safepoint     ] Safepoint synchronization initiated. (37 threads)
[2023-10-01T16:41:41.736+0000][37.767s][info ][safepoint     ] Application time: 0.3139726 seconds
[2023-10-01T16:41:41.737+0000][37.768s][info ][safepoint     ] Entering safepoint region: G1CollectForAllocation
[2023-10-01T16:41:41.737+0000][37.769s][info ][gc,start      ] GC(42) Pause Young (Normal) (G1 Evacuation Pause)
[2023-10-01T16:41:41.738+0000][37.769s][info ][gc,task       ] GC(42) Using 8 workers of 8 for evacuation
[2023-10-01T16:41:41.762+0000][37.791s][info ][gc,phases     ] GC(42)   Pre Evacuate Collection Set: 0.0ms
[2023-10-01T16:41:41.763+0000][37.791s][info ][gc,phases     ] GC(42)   Evacuate Collection Set: 18.2ms
[2023-10-01T16:41:41.763+0000][37.792s][info ][gc,phases     ] GC(42)   Post Evacuate Collection Set: 2.9ms
[2023-10-01T16:41:41.764+0000][37.792s][info ][gc,phases     ] GC(42)   Other: 1.1ms
[2023-10-01T16:41:41.764+0000][37.793s][info ][gc,heap       ] GC(42) Eden regions: 176->0(176)
[2023-10-01T16:41:41.765+0000][37.794s][info ][gc,heap       ] GC(42) Survivor regions: 16->16(24)
[2023-10-01T16:41:41.766+0000][37.794s][info ][gc,heap       ] GC(42) Old regions: 61->65
[2023-10-01T16:41:41.766+0000][37.795s][info ][gc,heap       ] GC(42) Humongous regions: 1->0
[2023-10-01T16:41:41.767+0000][37.796s][info ][gc,metaspace  ] GC(42) Metaspace: 100758K(103888K)->100758K(103888K) NonClass: 88557K(90576K)->88557K(90576K) Class: 12201K(13312K)->12201K(13312K)
[2023-10-01T16:41:41.768+0000][37.796s][info ][gc            ] GC(42) Pause Young (Normal) (G1 Evacuation Pause) 252M->78M(320M) 27.675ms
[2023-10-01T16:41:41.768+0000][37.797s][info ][gc,cpu        ] GC(42) User=0.16s Sys=0.00s Real=0.02s
[2023-10-01T16:41:41.769+0000][37.798s][info ][safepoint     ] Leaving safepoint region
[2023-10-01T16:41:41.770+0000][37.798s][info ][safepoint     ] Total time for which application threads were stopped: 0.0306185 seconds, Stopping threads took: 0.0006727 seconds
[2023-10-01T16:41:41.770+0000][37.799s][info ][gc,stringdedup] Concurrent String Deduplication (37.799s)
[2023-10-01T16:41:41.774+0000][37.803s][info ][gc,stringdedup] Concurrent String Deduplication 432.3K->280.4K(152.0K) avg 50.0% (37.799s, 37.803s) 4.335ms
[2023-10-01T16:41:42.138+0000][38.167s][debug][safepoint     ] Safepoint synchronization initiated. (39 threads)
[2023-10-01T16:41:42.139+0000][38.168s][info ][safepoint     ] Application time: 0.3689043 seconds
[2023-10-01T16:41:42.140+0000][38.168s][info ][safepoint     ] Entering safepoint region: ICBufferFull
[2023-10-01T16:41:42.140+0000][38.169s][info ][safepoint     ] Leaving safepoint region
[2023-10-01T16:41:42.141+0000][38.169s][info ][safepoint     ] Total time for which application threads were stopped: 0.0013362 seconds, Stopping threads took: 0.0004641 seconds
[2023-10-01T16:41:42.422+0000][38.450s][debug][safepoint     ] Safepoint synchronization initiated. (39 threads)
[2023-10-01T16:41:42.422+0000][38.451s][info ][safepoint     ] Application time: 0.2809149 seconds
[2023-10-01T16:41:42.423+0000][38.451s][info ][safepoint     ] Entering safepoint region: ICBufferFull
[2023-10-01T16:41:42.424+0000][38.452s][info ][safepoint     ] Leaving safepoint region
[2023-10-01T16:41:42.424+0000][38.453s][info ][safepoint     ] Total time for which application threads were stopped: 0.0013451 seconds, Stopping threads took: 0.0004811 seconds
[2023-10-01T16:41:42.496+0000][38.524s][debug][safepoint     ] Safepoint synchronization initiated. (39 threads)
[2023-10-01T16:41:42.496+0000][38.525s][info ][safepoint     ] Application time: 0.0716684 seconds
[2023-10-01T16:41:42.497+0000][38.525s][info ][safepoint     ] Entering safepoint region: ICBufferFull
[2023-10-01T16:41:42.498+0000][38.526s][info ][safepoint     ] Leaving safepoint region
[2023-10-01T16:41:42.498+0000][38.527s][info ][safepoint     ] Total time for which application threads were stopped: 0.0014887 seconds, Stopping threads took: 0.0005865 seconds
[2023-10-01T16:41:43.077+0000][39.106s][debug][safepoint     ] Safepoint synchronization initiated. (39 threads)
[2023-10-01T16:41:43.078+0000][39.107s][info ][safepoint     ] Application time: 0.5784112 seconds
[2023-10-01T16:41:43.079+0000][39.107s][info ][safepoint     ] Entering safepoint region: G1CollectForAllocation
[2023-10-01T16:41:43.080+0000][39.108s][info ][gc,start      ] GC(43) Pause Young (Normal) (G1 Evacuation Pause)
[2023-10-01T16:41:43.080+0000][39.109s][info ][gc,task       ] GC(43) Using 8 workers of 8 for evacuation
[2023-10-01T16:41:43.112+0000][39.141s][info ][gc,phases     ] GC(43)   Pre Evacuate Collection Set: 0.0ms
[2023-10-01T16:41:43.113+0000][39.141s][info ][gc,phases     ] GC(43)   Evacuate Collection Set: 27.3ms
[2023-10-01T16:41:43.113+0000][39.142s][info ][gc,phases     ] GC(43)   Post Evacuate Collection Set: 4.1ms
[2023-10-01T16:41:43.114+0000][39.142s][info ][gc,phases     ] GC(43)   Other: 1.3ms
[2023-10-01T16:41:43.114+0000][39.143s][info ][gc,heap       ] GC(43) Eden regions: 176->0(175)
[2023-10-01T16:41:43.115+0000][39.144s][info ][gc,heap       ] GC(43) Survivor regions: 16->17(24)
[2023-10-01T16:41:43.115+0000][39.144s][info ][gc,heap       ] GC(43) Old regions: 65->69
[2023-10-01T16:41:43.116+0000][39.144s][info ][gc,heap       ] GC(43) Humongous regions: 0->0
[2023-10-01T16:41:43.116+0000][39.145s][info ][gc,metaspace  ] GC(43) Metaspace: 102035K(104912K)->102035K(104912K) NonClass: 89759K(91600K)->89759K(91600K) Class: 12276K(13312K)->12276K(13312K)
[2023-10-01T16:41:43.117+0000][39.145s][info ][gc            ] GC(43) Pause Young (Normal) (G1 Evacuation Pause) 254M->83M(320M) 37.048ms
[2023-10-01T16:41:43.117+0000][39.146s][info ][gc,cpu        ] GC(43) User=0.23s Sys=0.01s Real=0.03s
[2023-10-01T16:41:43.118+0000][39.147s][info ][safepoint     ] Leaving safepoint region
[2023-10-01T16:41:43.118+0000][39.147s][info ][safepoint     ] Total time for which application threads were stopped: 0.0397925 seconds, Stopping threads took: 0.0005048 seconds
[2023-10-01T16:41:43.119+0000][39.148s][info ][gc,stringdedup] Concurrent String Deduplication (39.148s)
[2023-10-01T16:41:43.124+0000][39.152s][info ][gc,stringdedup] Concurrent String Deduplication 366.7K->106.1K(260.7K) avg 50.6% (39.148s, 39.152s) 4.854ms
[2023-10-01T16:41:43.524+0000][39.552s][debug][safepoint     ] Safepoint synchronization initiated. (39 threads)
[2023-10-01T16:41:43.524+0000][39.553s][info ][safepoint     ] Application time: 0.4055248 seconds
[2023-10-01T16:41:43.525+0000][39.554s][info ][safepoint     ] Entering safepoint region: Deoptimize
[2023-10-01T16:41:43.527+0000][39.556s][info ][safepoint     ] Leaving safepoint region
[2023-10-01T16:41:43.528+0000][39.556s][info ][safepoint     ] Total time for which application threads were stopped: 0.0029305 seconds, Stopping threads took: 0.0004411 seconds
[2023-10-01T16:41:43.610+0000][39.639s][debug][safepoint     ] Safepoint synchronization initiated. (39 threads)
[2023-10-01T16:41:43.611+0000][39.639s][info ][safepoint     ] Application time: 0.0823075 seconds
[2023-10-01T16:41:43.611+0000][39.640s][info ][safepoint     ] Entering safepoint region: Deoptimize
[2023-10-01T16:41:43.613+0000][39.642s][info ][safepoint     ] Leaving safepoint region
[2023-10-01T16:41:43.614+0000][39.642s][info ][safepoint     ] Total time for which application threads were stopped: 0.0026290 seconds, Stopping threads took: 0.0005644 seconds
[2023-10-01T16:41:44.413+0000][40.441s][debug][safepoint     ] Safepoint synchronization initiated. (41 threads)
[2023-10-01T16:41:44.413+0000][40.442s][info ][safepoint     ] Application time: 0.7991303 seconds
[2023-10-01T16:41:44.414+0000][40.443s][info ][safepoint     ] Entering safepoint region: G1CollectForAllocation
[2023-10-01T16:41:44.415+0000][40.444s][info ][gc,start      ] GC(44) Pause Young (Normal) (G1 Evacuation Pause)
[2023-10-01T16:41:44.416+0000][40.444s][info ][gc,task       ] GC(44) Using 8 workers of 8 for evacuation
[2023-10-01T16:41:44.463+0000][40.491s][info ][gc,phases     ] GC(44)   Pre Evacuate Collection Set: 0.1ms
[2023-10-01T16:41:44.463+0000][40.492s][info ][gc,phases     ] GC(44)   Evacuate Collection Set: 41.3ms
[2023-10-01T16:41:44.464+0000][40.493s][info ][gc,phases     ] GC(44)   Post Evacuate Collection Set: 4.5ms
[2023-10-01T16:41:44.465+0000][40.493s][info ][gc,phases     ] GC(44)   Other: 1.4ms
[2023-10-01T16:41:44.465+0000][40.494s][info ][gc,heap       ] GC(44) Eden regions: 175->0(179)
[2023-10-01T16:41:44.466+0000][40.494s][info ][gc,heap       ] GC(44) Survivor regions: 17->13(24)
[2023-10-01T16:41:44.466+0000][40.495s][info ][gc,heap       ] GC(44) Old regions: 69->76
[2023-10-01T16:41:44.467+0000][40.495s][info ][gc,heap       ] GC(44) Humongous regions: 0->0
[2023-10-01T16:41:44.467+0000][40.496s][info ][gc,metaspace  ] GC(44) Metaspace: 105738K(109008K)->105738K(109008K) NonClass: 93050K(95184K)->93050K(95184K) Class: 12687K(13824K)->12687K(13824K)
[2023-10-01T16:41:44.468+0000][40.496s][info ][gc            ] GC(44) Pause Young (Normal) (G1 Evacuation Pause) 258M->87M(320M) 52.566ms
[2023-10-01T16:41:44.469+0000][40.497s][info ][gc,cpu        ] GC(44) User=0.34s Sys=0.01s Real=0.06s
[2023-10-01T16:41:44.469+0000][40.498s][info ][safepoint     ] Leaving safepoint region
[2023-10-01T16:41:44.470+0000][40.498s][info ][safepoint     ] Total time for which application threads were stopped: 0.0557378 seconds, Stopping threads took: 0.0006070 seconds
[2023-10-01T16:41:44.471+0000][40.499s][info ][gc,stringdedup] Concurrent String Deduplication (40.499s)
[2023-10-01T16:41:44.482+0000][40.511s][info ][gc,stringdedup] Concurrent String Deduplication 480.5K->367.6K(113.0K) avg 49.6% (40.499s, 40.511s) 11.552ms
[2023-10-01T16:41:44.538+0000][40.567s][debug][safepoint     ] Safepoint synchronization initiated. (41 threads)
[2023-10-01T16:41:44.539+0000][40.568s][info ][safepoint     ] Application time: 0.0686720 seconds
[2023-10-01T16:41:44.540+0000][40.568s][info ][safepoint     ] Entering safepoint region: Deoptimize
[2023-10-01T16:41:44.544+0000][40.573s][info ][safepoint     ] Leaving safepoint region
[2023-10-01T16:41:44.545+0000][40.574s][info ][safepoint     ] Total time for which application threads were stopped: 0.0055229 seconds, Stopping threads took: 0.0005131 seconds
[2023-10-01T16:41:45.013+0000][41.041s][debug][safepoint     ] Safepoint synchronization initiated. (42 threads)
[2023-10-01T16:41:45.013+0000][41.042s][info ][safepoint     ] Application time: 0.4674971 seconds
[2023-10-01T16:41:45.014+0000][41.043s][info ][safepoint     ] Entering safepoint region: ICBufferFull
[2023-10-01T16:41:45.015+0000][41.044s][info ][safepoint     ] Leaving safepoint region
[2023-10-01T16:41:45.016+0000][41.044s][info ][safepoint     ] Total time for which application threads were stopped: 0.0017110 seconds, Stopping threads took: 0.0005641 seconds
[2023-10-01T16:41:45.858+0000][41.886s][debug][safepoint     ] Safepoint synchronization initiated. (42 threads)
[2023-10-01T16:41:45.859+0000][41.888s][info ][safepoint     ] Application time: 0.8426451 seconds
[2023-10-01T16:41:45.860+0000][41.888s][info ][safepoint     ] Entering safepoint region: CollectForMetadataAllocation
[2023-10-01T16:41:45.863+0000][41.892s][info ][gc,start      ] GC(45) Pause Young (Concurrent Start) (Metadata GC Threshold)
[2023-10-01T16:41:45.865+0000][41.893s][info ][gc,task       ] GC(45) Using 8 workers of 8 for evacuation
[2023-10-01T16:41:45.894+0000][41.923s][info ][gc,phases     ] GC(45)   Pre Evacuate Collection Set: 0.7ms
[2023-10-01T16:41:45.895+0000][41.923s][info ][gc,phases     ] GC(45)   Evacuate Collection Set: 23.9ms
[2023-10-01T16:41:45.895+0000][41.924s][info ][gc,phases     ] GC(45)   Post Evacuate Collection Set: 3.8ms
[2023-10-01T16:41:45.896+0000][41.924s][info ][gc,phases     ] GC(45)   Other: 3.1ms
[2023-10-01T16:41:45.896+0000][41.925s][info ][gc,heap       ] GC(45) Eden regions: 99->0(176)
[2023-10-01T16:41:45.897+0000][41.925s][info ][gc,heap       ] GC(45) Survivor regions: 13->16(24)
[2023-10-01T16:41:45.897+0000][41.926s][info ][gc,heap       ] GC(45) Old regions: 76->76
[2023-10-01T16:41:45.897+0000][41.926s][info ][gc,heap       ] GC(45) Humongous regions: 0->0
[2023-10-01T16:41:45.898+0000][41.926s][info ][gc,metaspace  ] GC(45) Metaspace: 107972K(111056K)->107972K(111056K) NonClass: 95074K(96976K)->95074K(96976K) Class: 12897K(14080K)->12897K(14080K)
[2023-10-01T16:41:45.898+0000][41.927s][info ][gc            ] GC(45) Pause Young (Concurrent Start) (Metadata GC Threshold) 185M->90M(320M) 35.239ms
[2023-10-01T16:41:45.899+0000][41.927s][info ][gc,cpu        ] GC(45) User=0.17s Sys=0.01s Real=0.04s
[2023-10-01T16:41:45.899+0000][41.928s][info ][gc            ] GC(46) Concurrent Cycle
[2023-10-01T16:41:45.900+0000][41.929s][info ][gc,marking    ] GC(46) Concurrent Clear Claimed Marks
[2023-10-01T16:41:45.899+0000][41.928s][info ][safepoint     ] Leaving safepoint region
[2023-10-01T16:41:45.901+0000][41.930s][info ][gc,marking    ] GC(46) Concurrent Clear Claimed Marks 1.030ms
[2023-10-01T16:41:45.901+0000][41.930s][info ][gc,marking    ] GC(46) Concurrent Scan Root Regions
[2023-10-01T16:41:45.901+0000][41.930s][info ][safepoint     ] Total time for which application threads were stopped: 0.0412349 seconds, Stopping threads took: 0.0014547 seconds
[2023-10-01T16:41:45.903+0000][41.931s][info ][gc,stringdedup] Concurrent String Deduplication (41.931s)
[2023-10-01T16:41:45.908+0000][41.936s][info ][gc,stringdedup] Concurrent String Deduplication 404.4K->105.1K(299.3K) avg 50.3% (41.931s, 41.936s) 5.054ms
[2023-10-01T16:41:45.914+0000][41.943s][info ][gc,marking    ] GC(46) Concurrent Scan Root Regions 12.816ms
[2023-10-01T16:41:45.915+0000][41.944s][info ][gc,marking    ] GC(46) Concurrent Mark (41.944s)
[2023-10-01T16:41:45.916+0000][41.944s][info ][gc,marking    ] GC(46) Concurrent Mark From Roots
[2023-10-01T16:41:45.916+0000][41.945s][info ][gc,task       ] GC(46) Using 2 workers of 2 for marking
[2023-10-01T16:41:46.036+0000][42.065s][info ][gc,marking    ] GC(46) Concurrent Mark From Roots 120.814ms
[2023-10-01T16:41:46.037+0000][42.066s][info ][gc,marking    ] GC(46) Concurrent Preclean
[2023-10-01T16:41:46.038+0000][42.066s][info ][gc,marking    ] GC(46) Concurrent Preclean 0.694ms
[2023-10-01T16:41:46.038+0000][42.067s][info ][gc,marking    ] GC(46) Concurrent Mark (41.944s, 42.067s) 123.372ms
[2023-10-01T16:41:46.039+0000][42.067s][debug][safepoint     ] Safepoint synchronization initiated. (43 threads)
[2023-10-01T16:41:46.039+0000][42.068s][info ][safepoint     ] Application time: 0.1369280 seconds
[2023-10-01T16:41:46.040+0000][42.069s][debug][safepoint     ] ... found polling page return exception at pc = 0x00007f5188654e22, stub =0x00007f5180840600
[2023-10-01T16:41:46.041+0000][42.070s][debug][safepoint     ] Waiting for 1 thread(s) to block
[2023-10-01T16:41:46.042+0000][42.071s][info ][safepoint     ] Entering safepoint region: CGC_Operation
[2023-10-01T16:41:46.043+0000][42.071s][info ][gc,start      ] GC(46) Pause Remark
[2023-10-01T16:41:46.060+0000][42.089s][info ][gc,stringtable] GC(46) Cleaned string and symbol table, strings: 51354 processed, 89 removed, symbols: 300130 processed, 368 removed
[2023-10-01T16:41:46.061+0000][42.090s][info ][gc            ] GC(46) Pause Remark 113M->113M(320M) 18.304ms
[2023-10-01T16:41:46.062+0000][42.090s][info ][gc,cpu        ] GC(46) User=0.12s Sys=0.00s Real=0.02s
[2023-10-01T16:41:46.062+0000][42.091s][info ][safepoint     ] Leaving safepoint region
[2023-10-01T16:41:46.063+0000][42.091s][info ][safepoint     ] Total time for which application threads were stopped: 0.0226575 seconds, Stopping threads took: 0.0026457 seconds
[2023-10-01T16:41:46.063+0000][42.092s][info ][gc,marking    ] GC(46) Concurrent Rebuild Remembered Sets
[2023-10-01T16:41:46.155+0000][42.183s][info ][gc,marking    ] GC(46) Concurrent Rebuild Remembered Sets 91.405ms
[2023-10-01T16:41:46.155+0000][42.184s][debug][safepoint     ] Safepoint synchronization initiated. (43 threads)
[2023-10-01T16:41:46.156+0000][42.185s][info ][safepoint     ] Application time: 0.0930763 seconds
[2023-10-01T16:41:46.157+0000][42.186s][debug][safepoint     ] ... found polling page return exception at pc = 0x00007f51882cda83, stub =0x00007f5180840600
[2023-10-01T16:41:46.158+0000][42.187s][debug][safepoint     ] Waiting for 1 thread(s) to block
[2023-10-01T16:41:46.159+0000][42.188s][info ][safepoint     ] Entering safepoint region: CGC_Operation
[2023-10-01T16:41:46.160+0000][42.188s][info ][gc,start      ] GC(46) Pause Cleanup
[2023-10-01T16:41:46.161+0000][42.189s][info ][gc            ] GC(46) Pause Cleanup 128M->128M(320M) 0.845ms
[2023-10-01T16:41:46.161+0000][42.190s][info ][gc,cpu        ] GC(46) User=0.00s Sys=0.00s Real=0.00s
[2023-10-01T16:41:46.162+0000][42.190s][info ][safepoint     ] Leaving safepoint region
[2023-10-01T16:41:46.162+0000][42.191s][info ][safepoint     ] Total time for which application threads were stopped: 0.0053770 seconds, Stopping threads took: 0.0026586 seconds
[2023-10-01T16:41:46.163+0000][42.192s][info ][gc,marking    ] GC(46) Concurrent Cleanup for Next Mark
[2023-10-01T16:41:46.165+0000][42.193s][info ][gc,marking    ] GC(46) Concurrent Cleanup for Next Mark 1.740ms
[2023-10-01T16:41:46.165+0000][42.194s][info ][gc            ] GC(46) Concurrent Cycle 265.923ms
[2023-10-01T16:41:46.970+0000][42.999s][debug][safepoint     ] Safepoint synchronization initiated. (43 threads)
[2023-10-01T16:41:46.971+0000][43.000s][info ][safepoint     ] Application time: 0.8081449 seconds
[2023-10-01T16:41:46.972+0000][43.000s][info ][safepoint     ] Entering safepoint region: Deoptimize
[2023-10-01T16:41:46.974+0000][43.003s][info ][safepoint     ] Leaving safepoint region
[2023-10-01T16:41:46.975+0000][43.003s][info ][safepoint     ] Total time for which application threads were stopped: 0.0029846 seconds, Stopping threads took: 0.0005384 seconds
[2023-10-01T16:41:47.124+0000][43.153s][debug][safepoint     ] Safepoint synchronization initiated. (43 threads)
[2023-10-01T16:41:47.125+0000][43.153s][info ][safepoint     ] Application time: 0.1497185 seconds
[2023-10-01T16:41:47.126+0000][43.154s][info ][safepoint     ] Entering safepoint region: Deoptimize
[2023-10-01T16:41:47.129+0000][43.158s][info ][safepoint     ] Leaving safepoint region
[2023-10-01T16:41:47.130+0000][43.159s][info ][safepoint     ] Total time for which application threads were stopped: 0.0044226 seconds, Stopping threads took: 0.0012344 seconds
[2023-10-01T16:41:47.211+0000][43.240s][debug][safepoint     ] Safepoint synchronization initiated. (43 threads)
[2023-10-01T16:41:47.215+0000][43.243s][info ][safepoint     ] Application time: 0.0838565 seconds
[2023-10-01T16:41:47.219+0000][43.248s][info ][safepoint     ] Entering safepoint region: Deoptimize
[2023-10-01T16:41:47.225+0000][43.254s][info ][safepoint     ] Leaving safepoint region
[2023-10-01T16:41:47.230+0000][43.259s][info ][safepoint     ] Total time for which application threads were stopped: 0.0111639 seconds, Stopping threads took: 0.0037157 seconds
[2023-10-01T16:41:47.326+0000][43.355s][debug][safepoint     ] Safepoint synchronization initiated. (43 threads)
[2023-10-01T16:41:47.328+0000][43.357s][info ][safepoint     ] Application time: 0.0958713 seconds
[2023-10-01T16:41:47.329+0000][43.357s][info ][safepoint     ] Entering safepoint region: Deoptimize
[2023-10-01T16:41:47.332+0000][43.361s][info ][safepoint     ] Leaving safepoint region
[2023-10-01T16:41:47.333+0000][43.362s][info ][safepoint     ] Total time for which application threads were stopped: 0.0043789 seconds, Stopping threads took: 0.0007358 seconds
[2023-10-01T16:41:47.668+0000][43.696s][debug][safepoint     ] Safepoint synchronization initiated. (44 threads)
[2023-10-01T16:41:47.668+0000][43.697s][info ][safepoint     ] Application time: 0.3348575 seconds
[2023-10-01T16:41:47.669+0000][43.698s][info ][safepoint     ] Entering safepoint region: Deoptimize
[2023-10-01T16:41:47.672+0000][43.700s][info ][safepoint     ] Leaving safepoint region
[2023-10-01T16:41:47.672+0000][43.701s][info ][safepoint     ] Total time for which application threads were stopped: 0.0030927 seconds, Stopping threads took: 0.0004927 seconds
[2023-10-01T16:41:47.674+0000][43.703s][debug][safepoint     ] Safepoint synchronization initiated. (44 threads)
[2023-10-01T16:41:47.675+0000][43.704s][info ][safepoint     ] Application time: 0.0023408 seconds
[2023-10-01T16:41:47.676+0000][43.704s][debug][safepoint     ] Waiting for 1 thread(s) to block
[2023-10-01T16:41:47.676+0000][43.705s][info ][safepoint     ] Entering safepoint region: Deoptimize
[2023-10-01T16:41:47.679+0000][43.707s][info ][safepoint     ] Leaving safepoint region
[2023-10-01T16:41:47.679+0000][43.708s][info ][safepoint     ] Total time for which application threads were stopped: 0.0038370 seconds, Stopping threads took: 0.0010638 seconds
[2023-10-01T16:41:48.066+0000][44.095s][debug][safepoint     ] Safepoint synchronization initiated. (44 threads)
[2023-10-01T16:41:48.067+0000][44.096s][info ][safepoint     ] Application time: 0.3873124 seconds
[2023-10-01T16:41:48.068+0000][44.096s][info ][safepoint     ] Entering safepoint region: G1CollectForAllocation
[2023-10-01T16:41:48.069+0000][44.097s][info ][gc,start      ] GC(47) Pause Young (Normal) (G1 Evacuation Pause)
[2023-10-01T16:41:48.069+0000][44.098s][info ][gc,task       ] GC(47) Using 8 workers of 8 for evacuation
[2023-10-01T16:41:48.104+0000][44.133s][info ][gc,phases     ] GC(47)   Pre Evacuate Collection Set: 0.0ms
[2023-10-01T16:41:48.105+0000][44.134s][info ][gc,phases     ] GC(47)   Evacuate Collection Set: 29.0ms
[2023-10-01T16:41:48.106+0000][44.135s][info ][gc,phases     ] GC(47)   Post Evacuate Collection Set: 5.1ms
[2023-10-01T16:41:48.107+0000][44.135s][info ][gc,phases     ] GC(47)   Other: 1.3ms
[2023-10-01T16:41:48.107+0000][44.136s][info ][gc,heap       ] GC(47) Eden regions: 176->0(174)
[2023-10-01T16:41:48.108+0000][44.137s][info ][gc,heap       ] GC(47) Survivor regions: 16->17(24)
[2023-10-01T16:41:48.108+0000][44.137s][info ][gc,heap       ] GC(47) Old regions: 76->80
[2023-10-01T16:41:48.109+0000][44.138s][info ][gc,heap       ] GC(47) Humongous regions: 0->0
[2023-10-01T16:41:48.110+0000][44.138s][info ][gc,metaspace  ] GC(47) Metaspace: 116038K(119504K)->116038K(119504K) NonClass: 102250K(104400K)->102250K(104400K) Class: 13787K(15104K)->13787K(15104K)
[2023-10-01T16:41:48.110+0000][44.139s][info ][gc            ] GC(47) Pause Young (Normal) (G1 Evacuation Pause) 266M->94M(320M) 41.487ms
[2023-10-01T16:41:48.111+0000][44.140s][info ][gc,cpu        ] GC(47) User=0.25s Sys=0.01s Real=0.04s
[2023-10-01T16:41:48.112+0000][44.140s][info ][safepoint     ] Leaving safepoint region
[2023-10-01T16:41:48.112+0000][44.141s][info ][safepoint     ] Total time for which application threads were stopped: 0.0446405 seconds, Stopping threads took: 0.0005556 seconds
[2023-10-01T16:41:48.113+0000][44.142s][info ][gc,stringdedup] Concurrent String Deduplication (44.142s)
[2023-10-01T16:41:48.119+0000][44.148s][info ][gc,stringdedup] Concurrent String Deduplication 334.9K->149.6K(185.3K) avg 50.4% (44.142s, 44.148s) 5.679ms
[2023-10-01T16:41:49.039+0000][45.068s][debug][safepoint     ] Safepoint synchronization initiated. (43 threads)
[2023-10-01T16:41:49.040+0000][45.068s][info ][safepoint     ] Application time: 0.9267680 seconds
[2023-10-01T16:41:49.040+0000][45.069s][info ][safepoint     ] Entering safepoint region: Deoptimize
[2023-10-01T16:41:49.043+0000][45.072s][info ][safepoint     ] Leaving safepoint region
[2023-10-01T16:41:49.043+0000][45.072s][info ][safepoint     ] Total time for which application threads were stopped: 0.0031059 seconds, Stopping threads took: 0.0006294 seconds
[2023-10-01T16:41:49.442+0000][45.471s][debug][safepoint     ] Safepoint synchronization initiated. (43 threads)
[2023-10-01T16:41:49.443+0000][45.471s][info ][safepoint     ] Application time: 0.3987813 seconds
[2023-10-01T16:41:49.443+0000][45.472s][info ][safepoint     ] Entering safepoint region: G1CollectForAllocation
[2023-10-01T16:41:49.444+0000][45.473s][info ][gc,start      ] GC(48) Pause Young (Normal) (G1 Evacuation Pause)
[2023-10-01T16:41:49.445+0000][45.473s][info ][gc,task       ] GC(48) Using 8 workers of 8 for evacuation
[2023-10-01T16:41:49.502+0000][45.531s][info ][gc,phases     ] GC(48)   Pre Evacuate Collection Set: 0.0ms
[2023-10-01T16:41:49.503+0000][45.532s][info ][gc,phases     ] GC(48)   Evacuate Collection Set: 50.9ms
[2023-10-01T16:41:49.504+0000][45.532s][info ][gc,phases     ] GC(48)   Post Evacuate Collection Set: 5.9ms
[2023-10-01T16:41:49.504+0000][45.533s][info ][gc,phases     ] GC(48)   Other: 1.4ms
[2023-10-01T16:41:49.505+0000][45.534s][info ][gc,heap       ] GC(48) Eden regions: 174->0(174)
[2023-10-01T16:41:49.505+0000][45.534s][info ][gc,heap       ] GC(48) Survivor regions: 17->15(24)
[2023-10-01T16:41:49.506+0000][45.535s][info ][gc,heap       ] GC(48) Old regions: 80->84
[2023-10-01T16:41:49.506+0000][45.535s][info ][gc,heap       ] GC(48) Humongous regions: 0->0
[2023-10-01T16:41:49.507+0000][45.536s][info ][gc,metaspace  ] GC(48) Metaspace: 119891K(123472K)->119891K(123472K) NonClass: 105651K(107984K)->105651K(107984K) Class: 14239K(15488K)->14239K(15488K)
[2023-10-01T16:41:49.508+0000][45.536s][info ][gc            ] GC(48) Pause Young (Normal) (G1 Evacuation Pause) 268M->97M(320M) 63.526ms
[2023-10-01T16:41:49.508+0000][45.537s][info ][gc,cpu        ] GC(48) User=0.42s Sys=0.00s Real=0.06s
[2023-10-01T16:41:49.509+0000][45.537s][info ][safepoint     ] Leaving safepoint region
[2023-10-01T16:41:49.509+0000][45.538s][info ][safepoint     ] Total time for which application threads were stopped: 0.0660062 seconds, Stopping threads took: 0.0005725 seconds
[2023-10-01T16:41:49.510+0000][45.539s][info ][gc,stringdedup] Concurrent String Deduplication (45.539s)
[2023-10-01T16:41:49.518+0000][45.547s][info ][gc,stringdedup] Concurrent String Deduplication 382.1K->97896.0B(286.5K) avg 51.1% (45.539s, 45.547s) 8.242ms
[2023-10-01T16:41:49.568+0000][45.597s][debug][safepoint     ] Safepoint synchronization initiated. (42 threads)
[2023-10-01T16:41:49.569+0000][45.597s][info ][safepoint     ] Application time: 0.0590629 seconds
[2023-10-01T16:41:49.570+0000][45.598s][info ][safepoint     ] Entering safepoint region: Deoptimize
[2023-10-01T16:41:49.572+0000][45.601s][info ][safepoint     ] Leaving safepoint region
[2023-10-01T16:41:49.573+0000][45.601s][info ][safepoint     ] Total time for which application threads were stopped: 0.0031621 seconds, Stopping threads took: 0.0006351 seconds
[2023-10-01T16:41:50.589+0000][46.617s][debug][safepoint     ] Safepoint synchronization initiated. (45 threads)
[2023-10-01T16:41:50.591+0000][46.619s][info ][safepoint     ] Application time: 1.0172511 seconds
[2023-10-01T16:41:50.597+0000][46.626s][debug][safepoint     ] ... found polling page loop exception at pc = 0x00007f5188b47c5e, stub =0x00007f5180843680
[2023-10-01T16:41:50.603+0000][46.632s][debug][safepoint     ] Waiting for 1 thread(s) to block
[2023-10-01T16:41:50.604+0000][46.633s][info ][safepoint     ] Entering safepoint region: Cleanup
[2023-10-01T16:41:50.606+0000][46.635s][info ][safepoint     ] Leaving safepoint region
[2023-10-01T16:41:50.610+0000][46.638s][info ][safepoint     ] Total time for which application threads were stopped: 0.0185607 seconds, Stopping threads took: 0.0143728 seconds
[2023-10-01T16:41:51.613+0000][47.641s][debug][safepoint     ] Safepoint synchronization initiated. (45 threads)
[2023-10-01T16:41:51.614+0000][47.642s][info ][safepoint     ] Application time: 1.0012909 seconds
[2023-10-01T16:41:51.614+0000][47.643s][debug][safepoint     ] ... found polling page return exception at pc = 0x00007f51887244ac, stub =0x00007f5180840600
[2023-10-01T16:41:51.615+0000][47.644s][debug][safepoint     ] Waiting for 1 thread(s) to block
[2023-10-01T16:41:51.616+0000][47.644s][info ][safepoint     ] Entering safepoint region: Cleanup
[2023-10-01T16:41:51.616+0000][47.645s][info ][safepoint     ] Leaving safepoint region
[2023-10-01T16:41:51.617+0000][47.646s][info ][safepoint     ] Total time for which application threads were stopped: 0.0026763 seconds, Stopping threads took: 0.0018847 seconds
[2023-10-01T16:41:51.976+0000][48.004s][debug][safepoint     ] Safepoint synchronization initiated. (48 threads)
[2023-10-01T16:41:51.976+0000][48.005s][info ][safepoint     ] Application time: 0.3587818 seconds
[2023-10-01T16:41:51.977+0000][48.006s][info ][safepoint     ] Entering safepoint region: G1CollectForAllocation
[2023-10-01T16:41:51.978+0000][48.006s][info ][gc,start      ] GC(49) Pause Young (Normal) (G1 Evacuation Pause)
[2023-10-01T16:41:51.978+0000][48.007s][info ][gc,task       ] GC(49) Using 8 workers of 8 for evacuation
[2023-10-01T16:41:52.057+0000][48.085s][info ][gc,phases     ] GC(49)   Pre Evacuate Collection Set: 0.0ms
[2023-10-01T16:41:52.062+0000][48.091s][info ][gc,phases     ] GC(49)   Evacuate Collection Set: 71.0ms
[2023-10-01T16:41:52.063+0000][48.092s][info ][gc,phases     ] GC(49)   Post Evacuate Collection Set: 6.4ms
[2023-10-01T16:41:52.064+0000][48.092s][info ][gc,phases     ] GC(49)   Other: 1.4ms
[2023-10-01T16:41:52.065+0000][48.093s][info ][gc,heap       ] GC(49) Eden regions: 174->0(162)
[2023-10-01T16:41:52.065+0000][48.094s][info ][gc,heap       ] GC(49) Survivor regions: 15->19(24)
[2023-10-01T16:41:52.066+0000][48.095s][info ][gc,heap       ] GC(49) Old regions: 84->88
[2023-10-01T16:41:52.067+0000][48.095s][info ][gc,heap       ] GC(49) Humongous regions: 0->0
[2023-10-01T16:41:52.067+0000][48.096s][info ][gc,metaspace  ] GC(49) Metaspace: 124537K(127952K)->124537K(127952K) NonClass: 109995K(112080K)->109995K(112080K) Class: 14542K(15872K)->14542K(15872K)
[2023-10-01T16:41:52.068+0000][48.097s][info ][gc            ] GC(49) Pause Young (Normal) (G1 Evacuation Pause) 271M->104M(320M) 90.061ms
[2023-10-01T16:41:52.068+0000][48.097s][info ][gc,cpu        ] GC(49) User=0.56s Sys=0.00s Real=0.09s
[2023-10-01T16:41:52.069+0000][48.098s][info ][safepoint     ] Leaving safepoint region
[2023-10-01T16:41:52.069+0000][48.098s][info ][safepoint     ] Total time for which application threads were stopped: 0.0924925 seconds, Stopping threads took: 0.0005492 seconds
[2023-10-01T16:41:52.070+0000][48.099s][info ][gc,stringdedup] Concurrent String Deduplication (48.099s)
[2023-10-01T16:41:52.083+0000][48.111s][info ][gc,stringdedup] Concurrent String Deduplication 271.6K->120.7K(150.9K) avg 51.2% (48.099s, 48.111s) 12.564ms
[2023-10-01T16:41:53.014+0000][49.043s][debug][safepoint     ] Safepoint synchronization initiated. (49 threads)
[2023-10-01T16:41:53.015+0000][49.044s][info ][safepoint     ] Application time: 0.9452668 seconds
[2023-10-01T16:41:53.016+0000][49.044s][info ][safepoint     ] Entering safepoint region: Deoptimize
[2023-10-01T16:41:53.019+0000][49.048s][info ][safepoint     ] Leaving safepoint region
[2023-10-01T16:41:53.020+0000][49.049s][info ][safepoint     ] Total time for which application threads were stopped: 0.0045331 seconds, Stopping threads took: 0.0012841 seconds
[2023-10-01T16:41:54.021+0000][50.050s][debug][safepoint     ] Safepoint synchronization initiated. (55 threads)
[2023-10-01T16:41:54.022+0000][50.051s][info ][safepoint     ] Application time: 1.0009614 seconds
[2023-10-01T16:41:54.023+0000][50.051s][debug][safepoint     ] ... found polling page return exception at pc = 0x00007f51813b6993, stub =0x00007f5180840600
[2023-10-01T16:41:54.023+0000][50.052s][debug][safepoint     ] Waiting for 1 thread(s) to block
[2023-10-01T16:41:54.024+0000][50.053s][info ][safepoint     ] Entering safepoint region: Cleanup
[2023-10-01T16:41:54.025+0000][50.054s][info ][safepoint     ] Leaving safepoint region
[2023-10-01T16:41:54.027+0000][50.055s][info ][safepoint     ] Total time for which application threads were stopped: 0.0043032 seconds, Stopping threads took: 0.0020281 seconds
[2023-10-01T16:41:55.028+0000][51.056s][debug][safepoint     ] Safepoint synchronization initiated. (55 threads)
[2023-10-01T16:41:55.030+0000][51.058s][info ][safepoint     ] Application time: 1.0021847 seconds
[2023-10-01T16:41:55.031+0000][51.060s][debug][safepoint     ] Waiting for 1 thread(s) to block
[2023-10-01T16:41:55.032+0000][51.060s][info ][safepoint     ] Entering safepoint region: Cleanup
[2023-10-01T16:41:55.033+0000][51.062s][info ][safepoint     ] Leaving safepoint region
[2023-10-01T16:41:55.034+0000][51.063s][info ][safepoint     ] Total time for which application threads were stopped: 0.0030397 seconds, Stopping threads took: 0.0018952 seconds
[2023-10-01T16:41:55.332+0000][51.361s][debug][safepoint     ] Safepoint synchronization initiated. (55 threads)
[2023-10-01T16:41:55.333+0000][51.361s][info ][safepoint     ] Application time: 0.2979295 seconds
[2023-10-01T16:41:55.333+0000][51.362s][info ][safepoint     ] Entering safepoint region: G1CollectForAllocation
[2023-10-01T16:41:55.334+0000][51.363s][info ][gc,start      ] GC(50) Pause Young (Normal) (G1 Evacuation Pause)
[2023-10-01T16:41:55.335+0000][51.363s][info ][gc,task       ] GC(50) Using 8 workers of 8 for evacuation
[2023-10-01T16:41:55.373+0000][51.401s][info ][gc,phases     ] GC(50)   Pre Evacuate Collection Set: 0.0ms
[2023-10-01T16:41:55.373+0000][51.402s][info ][gc,phases     ] GC(50)   Evacuate Collection Set: 30.6ms
[2023-10-01T16:41:55.374+0000][51.402s][info ][gc,phases     ] GC(50)   Post Evacuate Collection Set: 7.0ms
[2023-10-01T16:41:55.374+0000][51.403s][info ][gc,phases     ] GC(50)   Other: 1.1ms
[2023-10-01T16:41:55.375+0000][51.403s][info ][gc,heap       ] GC(50) Eden regions: 162->0(162)
[2023-10-01T16:41:55.375+0000][51.404s][info ][gc,heap       ] GC(50) Survivor regions: 19->15(23)
[2023-10-01T16:41:55.375+0000][51.404s][info ][gc,heap       ] GC(50) Old regions: 88->95
[2023-10-01T16:41:55.376+0000][51.405s][info ][gc,heap       ] GC(50) Humongous regions: 0->0
[2023-10-01T16:41:55.377+0000][51.405s][info ][gc,metaspace  ] GC(50) Metaspace: 131904K(135632K)->131904K(135632K) NonClass: 116632K(118992K)->116632K(118992K) Class: 15271K(16640K)->15271K(16640K)
[2023-10-01T16:41:55.377+0000][51.406s][info ][gc            ] GC(50) Pause Young (Normal) (G1 Evacuation Pause) 266M->108M(320M) 43.185ms
[2023-10-01T16:41:55.378+0000][51.406s][info ][gc,cpu        ] GC(50) User=0.27s Sys=0.00s Real=0.04s
[2023-10-01T16:41:55.378+0000][51.407s][info ][safepoint     ] Leaving safepoint region
[2023-10-01T16:41:55.379+0000][51.408s][info ][safepoint     ] Total time for which application threads were stopped: 0.0458460 seconds, Stopping threads took: 0.0004837 seconds
[2023-10-01T16:41:55.380+0000][51.408s][info ][gc,stringdedup] Concurrent String Deduplication (51.408s)
[2023-10-01T16:41:55.383+0000][51.412s][info ][gc,stringdedup] Concurrent String Deduplication 103.9K->28960.0B(77400.0B) avg 51.3% (51.408s, 51.412s) 3.650ms
[2023-10-01T16:41:55.416+0000][51.445s][debug][safepoint     ] Safepoint synchronization initiated. (55 threads)
[2023-10-01T16:41:55.417+0000][51.446s][info ][safepoint     ] Application time: 0.0377552 seconds
[2023-10-01T16:41:55.418+0000][51.447s][info ][safepoint     ] Entering safepoint region: Deoptimize
[2023-10-01T16:41:55.421+0000][51.450s][info ][safepoint     ] Leaving safepoint region
[2023-10-01T16:41:55.422+0000][51.451s][info ][safepoint     ] Total time for which application threads were stopped: 0.0042273 seconds, Stopping threads took: 0.0012385 seconds
[2023-10-01T16:41:56.423+0000][52.452s][debug][safepoint     ] Safepoint synchronization initiated. (67 threads)
[2023-10-01T16:41:56.424+0000][52.452s][info ][safepoint     ] Application time: 1.0009919 seconds
[2023-10-01T16:41:56.425+0000][52.453s][debug][safepoint     ] ... found polling page return exception at pc = 0x00007f518866a5e8, stub =0x00007f5180840600
[2023-10-01T16:41:56.425+0000][52.454s][debug][safepoint     ] Waiting for 1 thread(s) to block
[2023-10-01T16:41:56.426+0000][52.455s][info ][safepoint     ] Entering safepoint region: Cleanup
[2023-10-01T16:41:56.427+0000][52.456s][info ][safepoint     ] Leaving safepoint region
[2023-10-01T16:41:56.427+0000][52.456s][info ][safepoint     ] Total time for which application threads were stopped: 0.0028846 seconds, Stopping threads took: 0.0020670 seconds
[2023-10-01T16:41:56.437+0000][52.466s][debug][safepoint     ] Safepoint synchronization initiated. (67 threads)
[2023-10-01T16:41:56.438+0000][52.466s][info ][safepoint     ] Application time: 0.0097357 seconds
[2023-10-01T16:41:56.438+0000][52.467s][info ][safepoint     ] Entering safepoint region: G1CollectForAllocation
[2023-10-01T16:41:56.439+0000][52.468s][info ][gc,start      ] GC(51) Pause Young (Normal) (G1 Evacuation Pause)
[2023-10-01T16:41:56.440+0000][52.469s][info ][gc,task       ] GC(51) Using 8 workers of 8 for evacuation
[2023-10-01T16:41:56.481+0000][52.510s][info ][gc,phases     ] GC(51)   Pre Evacuate Collection Set: 0.0ms
[2023-10-01T16:41:56.482+0000][52.511s][info ][gc,phases     ] GC(51)   Evacuate Collection Set: 35.7ms
[2023-10-01T16:41:56.483+0000][52.511s][info ][gc,phases     ] GC(51)   Post Evacuate Collection Set: 4.6ms
[2023-10-01T16:41:56.483+0000][52.512s][info ][gc,phases     ] GC(51)   Other: 1.4ms
[2023-10-01T16:41:56.484+0000][52.513s][info ][gc,heap       ] GC(51) Eden regions: 162->0(158)
[2023-10-01T16:41:56.485+0000][52.513s][info ][gc,heap       ] GC(51) Survivor regions: 15->16(23)
[2023-10-01T16:41:56.485+0000][52.514s][info ][gc,heap       ] GC(51) Old regions: 95->98
[2023-10-01T16:41:56.486+0000][52.514s][info ][gc,heap       ] GC(51) Humongous regions: 0->0
[2023-10-01T16:41:56.486+0000][52.515s][info ][gc,metaspace  ] GC(51) Metaspace: 134128K(137936K)->134128K(137936K) NonClass: 118590K(121040K)->118590K(121040K) Class: 15538K(16896K)->15538K(16896K)
[2023-10-01T16:41:56.487+0000][52.516s][info ][gc            ] GC(51) Pause Young (Normal) (G1 Evacuation Pause) 270M->112M(320M) 47.665ms
[2023-10-01T16:41:56.487+0000][52.516s][info ][gc,cpu        ] GC(51) User=0.30s Sys=0.01s Real=0.04s
[2023-10-01T16:41:56.488+0000][52.517s][info ][safepoint     ] Leaving safepoint region
[2023-10-01T16:41:56.489+0000][52.517s][info ][safepoint     ] Total time for which application threads were stopped: 0.0501685 seconds, Stopping threads took: 0.0006887 seconds
[2023-10-01T16:41:56.489+0000][52.518s][info ][gc,stringdedup] Concurrent String Deduplication (52.518s)
[2023-10-01T16:41:56.496+0000][52.525s][info ][gc,stringdedup] Concurrent String Deduplication 446.3K->63136.0B(384.6K) avg 52.3% (52.518s, 52.525s) 6.814ms
[2023-10-01T16:41:56.503+0000][52.531s][debug][safepoint     ] Safepoint synchronization initiated. (67 threads)
[2023-10-01T16:41:56.504+0000][52.532s][info ][safepoint     ] Application time: 0.0144258 seconds
[2023-10-01T16:41:56.504+0000][52.533s][info ][safepoint     ] Entering safepoint region: Deoptimize
[2023-10-01T16:41:56.507+0000][52.536s][info ][safepoint     ] Leaving safepoint region
[2023-10-01T16:41:56.508+0000][52.536s][info ][safepoint     ] Total time for which application threads were stopped: 0.0036373 seconds, Stopping threads took: 0.0006343 seconds
[2023-10-01T16:41:56.509+0000][52.537s][debug][safepoint     ] Safepoint synchronization initiated. (67 threads)
[2023-10-01T16:41:56.509+0000][52.538s][info ][safepoint     ] Application time: 0.0009333 seconds
[2023-10-01T16:41:56.510+0000][52.539s][info ][safepoint     ] Entering safepoint region: Deoptimize
[2023-10-01T16:41:56.513+0000][52.541s][info ][safepoint     ] Leaving safepoint region
[2023-10-01T16:41:56.514+0000][52.542s][info ][safepoint     ] Total time for which application threads were stopped: 0.0035892 seconds, Stopping threads took: 0.0006367 seconds
[2023-10-01T16:41:56.517+0000][52.545s][debug][safepoint     ] Safepoint synchronization initiated. (67 threads)
[2023-10-01T16:41:56.517+0000][52.546s][info ][safepoint     ] Application time: 0.0025935 seconds
[2023-10-01T16:41:56.518+0000][52.546s][info ][safepoint     ] Entering safepoint region: Deoptimize
[2023-10-01T16:41:56.521+0000][52.549s][info ][safepoint     ] Leaving safepoint region
[2023-10-01T16:41:56.521+0000][52.550s][info ][safepoint     ] Total time for which application threads were stopped: 0.0036898 seconds, Stopping threads took: 0.0006220 seconds
[2023-10-01T16:41:56.558+0000][52.587s][debug][safepoint     ] Safepoint synchronization initiated. (67 threads)
[2023-10-01T16:41:56.559+0000][52.587s][info ][safepoint     ] Application time: 0.0365476 seconds
[2023-10-01T16:41:56.559+0000][52.588s][info ][safepoint     ] Entering safepoint region: Deoptimize
[2023-10-01T16:41:56.563+0000][52.592s][info ][safepoint     ] Leaving safepoint region
[2023-10-01T16:41:56.564+0000][52.592s][info ][safepoint     ] Total time for which application threads were stopped: 0.0044223 seconds, Stopping threads took: 0.0008304 seconds
[2023-10-01T16:41:56.885+0000][52.913s][debug][safepoint     ] Safepoint synchronization initiated. (67 threads)
[2023-10-01T16:41:56.885+0000][52.914s][info ][safepoint     ] Application time: 0.3204250 seconds
[2023-10-01T16:41:56.886+0000][52.915s][info ][safepoint     ] Entering safepoint region: Deoptimize
[2023-10-01T16:41:56.889+0000][52.917s][info ][safepoint     ] Leaving safepoint region
[2023-10-01T16:41:56.889+0000][52.918s][info ][safepoint     ] Total time for which application threads were stopped: 0.0032996 seconds, Stopping threads took: 0.0005435 seconds
[2023-10-01T16:41:57.797+0000][53.826s][debug][safepoint     ] Safepoint synchronization initiated. (68 threads)
[2023-10-01T16:41:57.798+0000][53.827s][info ][safepoint     ] Application time: 0.9080264 seconds
[2023-10-01T16:41:57.799+0000][53.828s][info ][safepoint     ] Entering safepoint region: G1CollectForAllocation
[2023-10-01T16:41:57.800+0000][53.829s][info ][gc,start      ] GC(52) Pause Young (Normal) (G1 Evacuation Pause)
[2023-10-01T16:41:57.802+0000][53.831s][info ][gc,task       ] GC(52) Using 8 workers of 8 for evacuation
[2023-10-01T16:41:57.863+0000][53.891s][info ][gc,phases     ] GC(52)   Pre Evacuate Collection Set: 0.0ms
[2023-10-01T16:41:57.863+0000][53.892s][info ][gc,phases     ] GC(52)   Evacuate Collection Set: 52.5ms
[2023-10-01T16:41:57.864+0000][53.893s][info ][gc,phases     ] GC(52)   Post Evacuate Collection Set: 6.9ms
[2023-10-01T16:41:57.865+0000][53.893s][info ][gc,phases     ] GC(52)   Other: 3.4ms
[2023-10-01T16:41:57.866+0000][53.894s][info ][gc,heap       ] GC(52) Eden regions: 158->0(159)
[2023-10-01T16:41:57.866+0000][53.895s][info ][gc,heap       ] GC(52) Survivor regions: 16->12(22)
[2023-10-01T16:41:57.867+0000][53.895s][info ][gc,heap       ] GC(52) Old regions: 98->105
[2023-10-01T16:41:57.868+0000][53.896s][info ][gc,heap       ] GC(52) Humongous regions: 0->0
[2023-10-01T16:41:57.869+0000][53.897s][info ][gc,metaspace  ] GC(52) Metaspace: 136136K(139728K)->136136K(139728K) NonClass: 120335K(122576K)->120335K(122576K) Class: 15801K(17152K)->15801K(17152K)
[2023-10-01T16:41:57.870+0000][53.898s][info ][gc            ] GC(52) Pause Young (Normal) (G1 Evacuation Pause) 270M->114M(320M) 69.592ms
[2023-10-01T16:41:57.870+0000][53.899s][info ][gc,cpu        ] GC(52) User=0.47s Sys=0.02s Real=0.07s
[2023-10-01T16:41:57.871+0000][53.900s][info ][safepoint     ] Leaving safepoint region
[2023-10-01T16:41:57.872+0000][53.900s][info ][safepoint     ] Total time for which application threads were stopped: 0.0728096 seconds, Stopping threads took: 0.0006767 seconds
[2023-10-01T16:41:57.873+0000][53.901s][info ][gc,stringdedup] Concurrent String Deduplication (53.901s)
[2023-10-01T16:41:57.881+0000][53.909s][info ][gc,stringdedup] Concurrent String Deduplication 397.5K->145.1K(252.4K) avg 52.6% (53.901s, 53.909s) 8.127ms
[2023-10-01T16:41:58.684+0000][54.712s][debug][safepoint     ] Safepoint synchronization initiated. (66 threads)
[2023-10-01T16:41:58.685+0000][54.713s][info ][safepoint     ] Application time: 0.8121447 seconds
[2023-10-01T16:41:58.685+0000][54.714s][info ][safepoint     ] Entering safepoint region: Deoptimize
[2023-10-01T16:41:58.688+0000][54.717s][info ][safepoint     ] Leaving safepoint region
[2023-10-01T16:41:58.689+0000][54.718s][info ][safepoint     ] Total time for which application threads were stopped: 0.0038419 seconds, Stopping threads took: 0.0005919 seconds
[2023-10-01T16:41:59.205+0000][55.234s][debug][safepoint     ] Safepoint synchronization initiated. (68 threads)
[2023-10-01T16:41:59.206+0000][55.235s][info ][safepoint     ] Application time: 0.5162116 seconds
[2023-10-01T16:41:59.209+0000][55.237s][info ][safepoint     ] Entering safepoint region: G1CollectForAllocation
[2023-10-01T16:41:59.210+0000][55.239s][info ][gc,start      ] GC(53) Pause Young (Normal) (G1 Evacuation Pause)
[2023-10-01T16:41:59.211+0000][55.239s][info ][gc,task       ] GC(53) Using 8 workers of 8 for evacuation
[2023-10-01T16:41:59.256+0000][55.285s][info ][gc,phases     ] GC(53)   Pre Evacuate Collection Set: 0.0ms
[2023-10-01T16:41:59.257+0000][55.286s][info ][gc,phases     ] GC(53)   Evacuate Collection Set: 37.5ms
[2023-10-01T16:41:59.258+0000][55.286s][info ][gc,phases     ] GC(53)   Post Evacuate Collection Set: 6.9ms
[2023-10-01T16:41:59.258+0000][55.287s][info ][gc,phases     ] GC(53)   Other: 1.8ms
[2023-10-01T16:41:59.259+0000][55.288s][info ][gc,heap       ] GC(53) Eden regions: 159->0(205)
[2023-10-01T16:41:59.259+0000][55.288s][info ][gc,heap       ] GC(53) Survivor regions: 12->13(22)
[2023-10-01T16:41:59.260+0000][55.289s][info ][gc,heap       ] GC(53) Old regions: 105->105
[2023-10-01T16:41:59.261+0000][55.289s][info ][gc,heap       ] GC(53) Humongous regions: 0->0
[2023-10-01T16:41:59.261+0000][55.290s][info ][gc,metaspace  ] GC(53) Metaspace: 137523K(141264K)->137523K(141264K) NonClass: 121507K(123856K)->121507K(123856K) Class: 16015K(17408K)->16015K(17408K)
[2023-10-01T16:41:59.262+0000][55.291s][info ][gc            ] GC(53) Pause Young (Normal) (G1 Evacuation Pause) 273M->116M(384M) 52.012ms
[2023-10-01T16:41:59.263+0000][55.291s][info ][gc,cpu        ] GC(53) User=0.29s Sys=0.01s Real=0.05s
[2023-10-01T16:41:59.263+0000][55.292s][info ][safepoint     ] Leaving safepoint region
[2023-10-01T16:41:59.264+0000][55.292s][info ][safepoint     ] Total time for which application threads were stopped: 0.0547550 seconds, Stopping threads took: 0.0006858 seconds
[2023-10-01T16:41:59.264+0000][55.293s][info ][gc,stringdedup] Concurrent String Deduplication (55.293s)
[2023-10-01T16:41:59.271+0000][55.300s][info ][gc,stringdedup] Concurrent String Deduplication 182.3K->84120.0B(100.2K) avg 52.6% (55.293s, 55.300s) 6.888ms
[2023-10-01T16:41:59.348+0000][55.377s][debug][safepoint     ] Safepoint synchronization initiated. (68 threads)
[2023-10-01T16:41:59.349+0000][55.377s][info ][safepoint     ] Application time: 0.0846991 seconds
[2023-10-01T16:41:59.349+0000][55.378s][info ][safepoint     ] Entering safepoint region: Deoptimize
[2023-10-01T16:41:59.352+0000][55.381s][info ][safepoint     ] Leaving safepoint region
[2023-10-01T16:41:59.353+0000][55.381s][info ][safepoint     ] Total time for which application threads were stopped: 0.0035376 seconds, Stopping threads took: 0.0005423 seconds
[2023-10-01T16:41:59.468+0000][55.497s][debug][safepoint     ] Safepoint synchronization initiated. (68 threads)
[2023-10-01T16:41:59.469+0000][55.497s][info ][safepoint     ] Application time: 0.1151660 seconds
[2023-10-01T16:41:59.469+0000][55.498s][info ][safepoint     ] Entering safepoint region: Deoptimize
[2023-10-01T16:41:59.473+0000][55.501s][info ][safepoint     ] Leaving safepoint region
[2023-10-01T16:41:59.474+0000][55.502s][info ][safepoint     ] Total time for which application threads were stopped: 0.0040906 seconds, Stopping threads took: 0.0006732 seconds
[2023-10-01T16:42:00.474+0000][56.503s][debug][safepoint     ] Safepoint synchronization initiated. (77 threads)
[2023-10-01T16:42:00.475+0000][56.504s][info ][safepoint     ] Application time: 1.0010121 seconds
[2023-10-01T16:42:00.476+0000][56.504s][debug][safepoint     ] ... found polling page return exception at pc = 0x00007f518899f6ef, stub =0x00007f5180840600
[2023-10-01T16:42:00.476+0000][56.505s][debug][safepoint     ] Waiting for 1 thread(s) to block
[2023-10-01T16:42:00.477+0000][56.505s][info ][safepoint     ] Entering safepoint region: Cleanup
[2023-10-01T16:42:00.478+0000][56.507s][info ][safepoint     ] Leaving safepoint region
[2023-10-01T16:42:00.479+0000][56.508s][info ][safepoint     ] Total time for which application threads were stopped: 0.0034397 seconds, Stopping threads took: 0.0016934 seconds
[2023-10-01T16:42:00.525+0000][56.554s][debug][safepoint     ] Safepoint synchronization initiated. (77 threads)
[2023-10-01T16:42:00.526+0000][56.554s][info ][safepoint     ] Application time: 0.0459235 seconds
[2023-10-01T16:42:00.526+0000][56.555s][info ][safepoint     ] Entering safepoint region: G1CollectForAllocation
[2023-10-01T16:42:00.527+0000][56.556s][info ][gc,start      ] GC(54) Pause Young (Normal) (G1 Evacuation Pause)
[2023-10-01T16:42:00.528+0000][56.556s][info ][gc,task       ] GC(54) Using 8 workers of 8 for evacuation
[2023-10-01T16:42:00.554+0000][56.582s][info ][gc,phases     ] GC(54)   Pre Evacuate Collection Set: 0.0ms
[2023-10-01T16:42:00.554+0000][56.583s][info ][gc,phases     ] GC(54)   Evacuate Collection Set: 22.2ms
[2023-10-01T16:42:00.555+0000][56.583s][info ][gc,phases     ] GC(54)   Post Evacuate Collection Set: 3.2ms
[2023-10-01T16:42:00.555+0000][56.584s][info ][gc,phases     ] GC(54)   Other: 1.3ms
[2023-10-01T16:42:00.556+0000][56.584s][info ][gc,heap       ] GC(54) Eden regions: 205->0(207)
[2023-10-01T16:42:00.556+0000][56.585s][info ][gc,heap       ] GC(54) Survivor regions: 13->16(28)
[2023-10-01T16:42:00.557+0000][56.585s][info ][gc,heap       ] GC(54) Old regions: 105->105
[2023-10-01T16:42:00.557+0000][56.586s][info ][gc,heap       ] GC(54) Humongous regions: 0->0
[2023-10-01T16:42:00.558+0000][56.586s][info ][gc,metaspace  ] GC(54) Metaspace: 139620K(143568K)->139620K(143568K) NonClass: 123284K(125648K)->123284K(125648K) Class: 16335K(17920K)->16335K(17920K)
[2023-10-01T16:42:00.558+0000][56.587s][info ][gc            ] GC(54) Pause Young (Normal) (G1 Evacuation Pause) 321M->118M(384M) 31.156ms
[2023-10-01T16:42:00.559+0000][56.587s][info ][gc,cpu        ] GC(54) User=0.19s Sys=0.00s Real=0.04s
[2023-10-01T16:42:00.559+0000][56.588s][info ][safepoint     ] Leaving safepoint region
[2023-10-01T16:42:00.560+0000][56.588s][info ][safepoint     ] Total time for which application threads were stopped: 0.0332248 seconds, Stopping threads took: 0.0004917 seconds
[2023-10-01T16:42:00.560+0000][56.589s][info ][gc,stringdedup] Concurrent String Deduplication (56.589s)
[2023-10-01T16:42:00.563+0000][56.592s][info ][gc,stringdedup] Concurrent String Deduplication 293.0K->163.5K(129.6K) avg 52.5% (56.589s, 56.592s) 3.245ms
[2023-10-01T16:42:00.681+0000][56.710s][debug][safepoint     ] Safepoint synchronization initiated. (76 threads)
[2023-10-01T16:42:00.682+0000][56.711s][info ][safepoint     ] Application time: 0.1221660 seconds
[2023-10-01T16:42:00.683+0000][56.711s][info ][safepoint     ] Entering safepoint region: ICBufferFull
[2023-10-01T16:42:00.684+0000][56.712s][info ][safepoint     ] Leaving safepoint region
[2023-10-01T16:42:00.684+0000][56.713s][info ][safepoint     ] Total time for which application threads were stopped: 0.0013454 seconds, Stopping threads took: 0.0004843 seconds
[2023-10-01T16:42:00.710+0000][56.739s][debug][safepoint     ] Safepoint synchronization initiated. (76 threads)
[2023-10-01T16:42:00.711+0000][56.740s][info ][safepoint     ] Application time: 0.0264726 seconds
[2023-10-01T16:42:00.711+0000][56.740s][debug][safepoint     ] ... found polling page return exception at pc = 0x00007f5181b21844, stub =0x00007f5180840600
[2023-10-01T16:42:00.712+0000][56.741s][debug][safepoint     ] Waiting for 1 thread(s) to block
[2023-10-01T16:42:00.713+0000][56.741s][info ][safepoint     ] Entering safepoint region: Deoptimize
[2023-10-01T16:42:00.715+0000][56.744s][info ][safepoint     ] Leaving safepoint region
[2023-10-01T16:42:00.716+0000][56.744s][info ][safepoint     ] Total time for which application threads were stopped: 0.0041896 seconds, Stopping threads took: 0.0016720 seconds
[2023-10-01T16:42:01.625+0000][57.653s][debug][safepoint     ] Safepoint synchronization initiated. (89 threads)
[2023-10-01T16:42:01.626+0000][57.654s][info ][safepoint     ] Application time: 0.9094898 seconds
[2023-10-01T16:42:01.627+0000][57.655s][info ][safepoint     ] Entering safepoint region: ICBufferFull
[2023-10-01T16:42:01.628+0000][57.657s][info ][safepoint     ] Leaving safepoint region
[2023-10-01T16:42:01.629+0000][57.657s][info ][safepoint     ] Total time for which application threads were stopped: 0.0018535 seconds, Stopping threads took: 0.0006887 seconds
[2023-10-01T16:42:02.123+0000][58.152s][debug][safepoint     ] Safepoint synchronization initiated. (89 threads)
[2023-10-01T16:42:02.124+0000][58.153s][info ][safepoint     ] Application time: 0.4950315 seconds
[2023-10-01T16:42:02.125+0000][58.154s][info ][safepoint     ] Entering safepoint region: ICBufferFull
[2023-10-01T16:42:02.126+0000][58.155s][info ][safepoint     ] Leaving safepoint region
[2023-10-01T16:42:02.127+0000][58.155s][info ][safepoint     ] Total time for which application threads were stopped: 0.0017581 seconds, Stopping threads took: 0.0007260 seconds
[2023-10-01T16:42:02.439+0000][58.468s][debug][safepoint     ] Safepoint synchronization initiated. (89 threads)
[2023-10-01T16:42:02.440+0000][58.469s][info ][safepoint     ] Application time: 0.3118219 seconds
[2023-10-01T16:42:02.441+0000][58.469s][info ][safepoint     ] Entering safepoint region: G1CollectForAllocation
[2023-10-01T16:42:02.442+0000][58.471s][info ][gc,start      ] GC(55) Pause Young (Normal) (G1 Evacuation Pause)
[2023-10-01T16:42:02.443+0000][58.471s][info ][gc,task       ] GC(55) Using 8 workers of 8 for evacuation
[2023-10-01T16:42:02.509+0000][58.538s][info ][gc,phases     ] GC(55)   Pre Evacuate Collection Set: 0.0ms
[2023-10-01T16:42:02.510+0000][58.538s][info ][gc,phases     ] GC(55)   Evacuate Collection Set: 61.0ms
[2023-10-01T16:42:02.510+0000][58.539s][info ][gc,phases     ] GC(55)   Post Evacuate Collection Set: 4.7ms
[2023-10-01T16:42:02.511+0000][58.539s][info ][gc,phases     ] GC(55)   Other: 1.5ms
[2023-10-01T16:42:02.512+0000][58.541s][info ][gc,heap       ] GC(55) Eden regions: 207->0(198)
[2023-10-01T16:42:02.513+0000][58.541s][info ][gc,heap       ] GC(55) Survivor regions: 16->19(28)
[2023-10-01T16:42:02.513+0000][58.542s][info ][gc,heap       ] GC(55) Old regions: 105->109
[2023-10-01T16:42:02.514+0000][58.542s][info ][gc,heap       ] GC(55) Humongous regions: 0->0
[2023-10-01T16:42:02.514+0000][58.543s][info ][gc,metaspace  ] GC(55) Metaspace: 142415K(146896K)->142415K(146896K) NonClass: 125707K(128464K)->125707K(128464K) Class: 16708K(18432K)->16708K(18432K)
[2023-10-01T16:42:02.515+0000][58.543s][info ][gc            ] GC(55) Pause Young (Normal) (G1 Evacuation Pause) 325M->126M(384M) 72.958ms
[2023-10-01T16:42:02.515+0000][58.544s][info ][gc,cpu        ] GC(55) User=0.51s Sys=0.01s Real=0.07s
[2023-10-01T16:42:02.516+0000][58.545s][info ][safepoint     ] Leaving safepoint region
[2023-10-01T16:42:02.517+0000][58.545s][info ][safepoint     ] Total time for which application threads were stopped: 0.0757567 seconds, Stopping threads took: 0.0007528 seconds
[2023-10-01T16:42:02.517+0000][58.546s][info ][gc,stringdedup] Concurrent String Deduplication (58.546s)
[2023-10-01T16:42:02.521+0000][58.550s][info ][gc,stringdedup] Concurrent String Deduplication 151.2K->68968.0B(85888.0B) avg 52.5% (58.546s, 58.550s) 3.991ms
[2023-10-01T16:42:03.095+0000][59.123s][debug][safepoint     ] Safepoint synchronization initiated. (89 threads)
[2023-10-01T16:42:03.095+0000][59.124s][info ][safepoint     ] Application time: 0.5781426 seconds
[2023-10-01T16:42:03.097+0000][59.125s][debug][safepoint     ] Waiting for 1 thread(s) to block
[2023-10-01T16:42:03.097+0000][59.126s][info ][safepoint     ] Entering safepoint region: ICBufferFull
[2023-10-01T16:42:03.098+0000][59.127s][info ][safepoint     ] Leaving safepoint region
[2023-10-01T16:42:03.099+0000][59.127s][info ][safepoint     ] Total time for which application threads were stopped: 0.0022649 seconds, Stopping threads took: 0.0013431 seconds
[2023-10-01T16:42:03.772+0000][59.800s][debug][safepoint     ] Safepoint synchronization initiated. (89 threads)
[2023-10-01T16:42:03.772+0000][59.801s][info ][safepoint     ] Application time: 0.6729124 seconds
[2023-10-01T16:42:03.773+0000][59.801s][info ][safepoint     ] Entering safepoint region: ICBufferFull
[2023-10-01T16:42:03.774+0000][59.802s][info ][safepoint     ] Leaving safepoint region
[2023-10-01T16:42:03.774+0000][59.803s][info ][safepoint     ] Total time for which application threads were stopped: 0.0016488 seconds, Stopping threads took: 0.0005509 seconds
[2023-10-01T16:42:03.875+0000][59.903s][debug][safepoint     ] Safepoint synchronization initiated. (89 threads)
[2023-10-01T16:42:03.876+0000][59.904s][info ][safepoint     ] Application time: 0.1005691 seconds
[2023-10-01T16:42:03.876+0000][59.905s][info ][safepoint     ] Entering safepoint region: G1CollectForAllocation
[2023-10-01T16:42:03.877+0000][59.906s][info ][gc,start      ] GC(56) Pause Young (Normal) (G1 Evacuation Pause)
[2023-10-01T16:42:03.878+0000][59.906s][info ][gc,task       ] GC(56) Using 8 workers of 8 for evacuation
[2023-10-01T16:42:03.924+0000][59.953s][info ][gc,phases     ] GC(56)   Pre Evacuate Collection Set: 0.0ms
[2023-10-01T16:42:03.925+0000][59.954s][info ][gc,phases     ] GC(56)   Evacuate Collection Set: 41.2ms
[2023-10-01T16:42:03.925+0000][59.954s][info ][gc,phases     ] GC(56)   Post Evacuate Collection Set: 4.5ms
[2023-10-01T16:42:03.926+0000][59.955s][info ][gc,phases     ] GC(56)   Other: 1.7ms
[2023-10-01T16:42:03.926+0000][59.955s][info ][gc,heap       ] GC(56) Eden regions: 198->0(194)
[2023-10-01T16:42:03.927+0000][59.956s][info ][gc,heap       ] GC(56) Survivor regions: 19->18(28)
[2023-10-01T16:42:03.927+0000][59.956s][info ][gc,heap       ] GC(56) Old regions: 109->115
[2023-10-01T16:42:03.928+0000][59.957s][info ][gc,heap       ] GC(56) Humongous regions: 0->0
[2023-10-01T16:42:03.928+0000][59.957s][info ][gc,metaspace  ] GC(56) Metaspace: 143005K(147408K)->143005K(147408K) NonClass: 126276K(128976K)->126276K(128976K) Class: 16728K(18432K)->16728K(18432K)
[2023-10-01T16:42:03.929+0000][59.958s][info ][gc            ] GC(56) Pause Young (Normal) (G1 Evacuation Pause) 324M->130M(384M) 51.984ms
[2023-10-01T16:42:03.929+0000][59.958s][info ][gc,cpu        ] GC(56) User=0.33s Sys=0.01s Real=0.06s
[2023-10-01T16:42:03.930+0000][59.959s][info ][safepoint     ] Leaving safepoint region
[2023-10-01T16:42:03.930+0000][59.959s][info ][safepoint     ] Total time for which application threads were stopped: 0.0542884 seconds, Stopping threads took: 0.0005202 seconds
[2023-10-01T16:42:03.932+0000][59.960s][info ][gc,stringdedup] Concurrent String Deduplication (59.960s)
[2023-10-01T16:42:03.937+0000][59.965s][info ][gc,stringdedup] Concurrent String Deduplication 194.5K->83280.0B(113.2K) avg 52.6% (59.960s, 59.965s) 4.828ms
[2023-10-01T16:42:04.932+0000][60.960s][debug][safepoint     ] Safepoint synchronization initiated. (89 threads)
[2023-10-01T16:42:04.938+0000][60.966s][info ][safepoint     ] Application time: 1.0062475 seconds
[2023-10-01T16:42:04.939+0000][60.967s][debug][safepoint     ] ... found polling page return exception at pc = 0x00007f51888ed12a, stub =0x00007f5180840600
[2023-10-01T16:42:04.939+0000][60.968s][debug][safepoint     ] Waiting for 1 thread(s) to block
[2023-10-01T16:42:04.940+0000][60.969s][info ][safepoint     ] Entering safepoint region: Cleanup
[2023-10-01T16:42:04.941+0000][60.970s][info ][safepoint     ] Leaving safepoint region
[2023-10-01T16:42:04.942+0000][60.970s][info ][safepoint     ] Total time for which application threads were stopped: 0.0031181 seconds, Stopping threads took: 0.0021785 seconds
[2023-10-01T16:42:05.064+0000][61.093s][debug][safepoint     ] Safepoint synchronization initiated. (89 threads)
[2023-10-01T16:42:05.065+0000][61.094s][info ][safepoint     ] Application time: 0.1229656 seconds
[2023-10-01T16:42:05.066+0000][61.095s][info ][safepoint     ] Entering safepoint region: G1CollectForAllocation
[2023-10-01T16:42:05.067+0000][61.095s][info ][gc,start      ] GC(57) Pause Young (Normal) (G1 Evacuation Pause)
[2023-10-01T16:42:05.068+0000][61.097s][info ][gc,task       ] GC(57) Using 8 workers of 8 for evacuation
[2023-10-01T16:42:05.109+0000][61.137s][info ][gc,phases     ] GC(57)   Pre Evacuate Collection Set: 0.0ms
[2023-10-01T16:42:05.109+0000][61.138s][info ][gc,phases     ] GC(57)   Evacuate Collection Set: 34.7ms
[2023-10-01T16:42:05.110+0000][61.139s][info ][gc,phases     ] GC(57)   Post Evacuate Collection Set: 4.9ms
[2023-10-01T16:42:05.111+0000][61.139s][info ][gc,phases     ] GC(57)   Other: 2.4ms
[2023-10-01T16:42:05.111+0000][61.140s][info ][gc,heap       ] GC(57) Eden regions: 194->0(193)
[2023-10-01T16:42:05.112+0000][61.141s][info ][gc,heap       ] GC(57) Survivor regions: 18->16(27)
[2023-10-01T16:42:05.112+0000][61.141s][info ][gc,heap       ] GC(57) Old regions: 115->120
[2023-10-01T16:42:05.113+0000][61.142s][info ][gc,heap       ] GC(57) Humongous regions: 0->0
[2023-10-01T16:42:05.113+0000][61.142s][info ][gc,metaspace  ] GC(57) Metaspace: 143341K(147792K)->143341K(147792K) NonClass: 126570K(129232K)->126570K(129232K) Class: 16771K(18560K)->16771K(18560K)
[2023-10-01T16:42:05.114+0000][61.143s][info ][gc            ] GC(57) Pause Young (Normal) (G1 Evacuation Pause) 324M->134M(384M) 47.274ms
[2023-10-01T16:42:05.115+0000][61.143s][info ][gc,cpu        ] GC(57) User=0.33s Sys=0.01s Real=0.05s
[2023-10-01T16:42:05.115+0000][61.144s][info ][safepoint     ] Leaving safepoint region
[2023-10-01T16:42:05.116+0000][61.144s][info ][safepoint     ] Total time for which application threads were stopped: 0.0499827 seconds, Stopping threads took: 0.0006606 seconds
[2023-10-01T16:42:05.116+0000][61.145s][info ][gc,stringdedup] Concurrent String Deduplication (61.145s)
[2023-10-01T16:42:05.125+0000][61.153s][info ][gc,stringdedup] Concurrent String Deduplication 656.3K->161.1K(495.1K) avg 53.4% (61.145s, 61.153s) 8.135ms
[2023-10-01T16:42:05.950+0000][61.979s][debug][safepoint     ] Safepoint synchronization initiated. (89 threads)
[2023-10-01T16:42:05.951+0000][61.980s][info ][safepoint     ] Application time: 0.8346712 seconds
[2023-10-01T16:42:05.952+0000][61.980s][info ][safepoint     ] Entering safepoint region: G1CollectForAllocation
[2023-10-01T16:42:05.953+0000][61.981s][info ][gc,start      ] GC(58) Pause Young (Normal) (G1 Evacuation Pause)
[2023-10-01T16:42:05.953+0000][61.982s][info ][gc,task       ] GC(58) Using 8 workers of 8 for evacuation
[2023-10-01T16:42:05.987+0000][62.015s][info ][gc,phases     ] GC(58)   Pre Evacuate Collection Set: 0.0ms
[2023-10-01T16:42:05.988+0000][62.016s][info ][gc,phases     ] GC(58)   Evacuate Collection Set: 27.0ms
[2023-10-01T16:42:05.988+0000][62.017s][info ][gc,phases     ] GC(58)   Post Evacuate Collection Set: 5.6ms
[2023-10-01T16:42:05.989+0000][62.017s][info ][gc,phases     ] GC(58)   Other: 1.7ms
[2023-10-01T16:42:05.989+0000][62.018s][info ][gc,heap       ] GC(58) Eden regions: 193->0(193)
[2023-10-01T16:42:05.990+0000][62.018s][info ][gc,heap       ] GC(58) Survivor regions: 16->11(27)
[2023-10-01T16:42:05.990+0000][62.019s][info ][gc,heap       ] GC(58) Old regions: 120->127
[2023-10-01T16:42:05.991+0000][62.019s][info ][gc,heap       ] GC(58) Humongous regions: 0->0
[2023-10-01T16:42:05.991+0000][62.020s][info ][gc,metaspace  ] GC(58) Metaspace: 143546K(148048K)->143546K(148048K) NonClass: 126754K(129488K)->126754K(129488K) Class: 16791K(18560K)->16791K(18560K)
[2023-10-01T16:42:05.992+0000][62.021s][info ][gc            ] GC(58) Pause Young (Normal) (G1 Evacuation Pause) 327M->136M(384M) 39.300ms
[2023-10-01T16:42:05.992+0000][62.021s][info ][gc,cpu        ] GC(58) User=0.25s Sys=0.02s Real=0.04s
[2023-10-01T16:42:05.993+0000][62.022s][info ][safepoint     ] Leaving safepoint region
[2023-10-01T16:42:05.993+0000][62.022s][info ][safepoint     ] Total time for which application threads were stopped: 0.0419228 seconds, Stopping threads took: 0.0005888 seconds
[2023-10-01T16:42:05.994+0000][62.023s][info ][gc,stringdedup] Concurrent String Deduplication (62.023s)
[2023-10-01T16:42:05.999+0000][62.028s][info ][gc,stringdedup] Concurrent String Deduplication 416.7K->158.2K(258.5K) avg 53.6% (62.023s, 62.028s) 5.435ms
[2023-10-01T16:42:06.834+0000][62.863s][debug][safepoint     ] Safepoint synchronization initiated. (89 threads)
[2023-10-01T16:42:06.835+0000][62.863s][info ][safepoint     ] Application time: 0.8409039 seconds
[2023-10-01T16:42:06.835+0000][62.864s][info ][safepoint     ] Entering safepoint region: G1CollectForAllocation
[2023-10-01T16:42:06.836+0000][62.865s][info ][gc,start      ] GC(59) Pause Young (Normal) (G1 Evacuation Pause)
[2023-10-01T16:42:06.837+0000][62.866s][info ][gc,task       ] GC(59) Using 8 workers of 8 for evacuation
[2023-10-01T16:42:06.864+0000][62.893s][info ][gc,phases     ] GC(59)   Pre Evacuate Collection Set: 0.0ms
[2023-10-01T16:42:06.865+0000][62.894s][info ][gc,phases     ] GC(59)   Evacuate Collection Set: 21.0ms
[2023-10-01T16:42:06.866+0000][62.894s][info ][gc,phases     ] GC(59)   Post Evacuate Collection Set: 5.3ms
[2023-10-01T16:42:06.866+0000][62.895s][info ][gc,phases     ] GC(59)   Other: 1.7ms
[2023-10-01T16:42:06.867+0000][62.895s][info ][gc,heap       ] GC(59) Eden regions: 193->0(192)
[2023-10-01T16:42:06.867+0000][62.896s][info ][gc,heap       ] GC(59) Survivor regions: 11->13(26)
[2023-10-01T16:42:06.868+0000][62.896s][info ][gc,heap       ] GC(59) Old regions: 127->127
[2023-10-01T16:42:06.868+0000][62.897s][info ][gc,heap       ] GC(59) Humongous regions: 0->0
[2023-10-01T16:42:06.869+0000][62.897s][info ][gc,metaspace  ] GC(59) Metaspace: 143748K(148304K)->143748K(148304K) NonClass: 126945K(129744K)->126945K(129744K) Class: 16803K(18560K)->16803K(18560K)
[2023-10-01T16:42:06.869+0000][62.898s][info ][gc            ] GC(59) Pause Young (Normal) (G1 Evacuation Pause) 329M->138M(384M) 32.926ms
[2023-10-01T16:42:06.870+0000][62.899s][info ][gc,cpu        ] GC(59) User=0.21s Sys=0.01s Real=0.04s
[2023-10-01T16:42:06.871+0000][62.899s][info ][safepoint     ] Leaving safepoint region
[2023-10-01T16:42:06.872+0000][62.900s][info ][safepoint     ] Total time for which application threads were stopped: 0.0363023 seconds, Stopping threads took: 0.0005684 seconds
[2023-10-01T16:42:06.872+0000][62.901s][info ][gc,stringdedup] Concurrent String Deduplication (62.901s)
[2023-10-01T16:42:06.876+0000][62.905s][info ][gc,stringdedup] Concurrent String Deduplication 367.6K->117.7K(249.9K) avg 53.9% (62.901s, 62.905s) 3.895ms
[2023-10-01T16:42:07.873+0000][63.901s][debug][safepoint     ] Safepoint synchronization initiated. (90 threads)
[2023-10-01T16:42:07.873+0000][63.902s][info ][safepoint     ] Application time: 1.0010166 seconds
[2023-10-01T16:42:07.874+0000][63.903s][debug][safepoint     ] Waiting for 1 thread(s) to block
[2023-10-01T16:42:07.875+0000][63.904s][info ][safepoint     ] Entering safepoint region: Cleanup
[2023-10-01T16:42:07.876+0000][63.905s][info ][safepoint     ] Leaving safepoint region
[2023-10-01T16:42:07.877+0000][63.905s][info ][safepoint     ] Total time for which application threads were stopped: 0.0021589 seconds, Stopping threads took: 0.0012528 seconds
[2023-10-01T16:42:07.991+0000][64.020s][debug][safepoint     ] Safepoint synchronization initiated. (90 threads)
[2023-10-01T16:42:07.993+0000][64.021s][info ][safepoint     ] Application time: 0.1155916 seconds
[2023-10-01T16:42:07.994+0000][64.022s][info ][safepoint     ] Entering safepoint region: G1CollectForAllocation
[2023-10-01T16:42:07.995+0000][64.023s][info ][gc,start      ] GC(60) Pause Young (Normal) (G1 Evacuation Pause)
[2023-10-01T16:42:07.995+0000][64.024s][info ][gc,task       ] GC(60) Using 8 workers of 8 for evacuation
[2023-10-01T16:42:08.032+0000][64.061s][info ][gc,phases     ] GC(60)   Pre Evacuate Collection Set: 0.0ms
[2023-10-01T16:42:08.033+0000][64.062s][info ][gc,phases     ] GC(60)   Evacuate Collection Set: 30.9ms
[2023-10-01T16:42:08.034+0000][64.063s][info ][gc,phases     ] GC(60)   Post Evacuate Collection Set: 5.4ms
[2023-10-01T16:42:08.035+0000][64.063s][info ][gc,phases     ] GC(60)   Other: 1.4ms
[2023-10-01T16:42:08.035+0000][64.064s][info ][gc,heap       ] GC(60) Eden regions: 192->0(188)
[2023-10-01T16:42:08.036+0000][64.064s][info ][gc,heap       ] GC(60) Survivor regions: 13->15(26)
[2023-10-01T16:42:08.036+0000][64.065s][info ][gc,heap       ] GC(60) Old regions: 127->127
[2023-10-01T16:42:08.037+0000][64.065s][info ][gc,heap       ] GC(60) Humongous regions: 0->0
[2023-10-01T16:42:08.037+0000][64.066s][info ][gc,metaspace  ] GC(60) Metaspace: 143949K(148304K)->143949K(148304K) NonClass: 127114K(129744K)->127114K(129744K) Class: 16835K(18560K)->16835K(18560K)
[2023-10-01T16:42:08.038+0000][64.067s][info ][gc            ] GC(60) Pause Young (Normal) (G1 Evacuation Pause) 330M->140M(384M) 43.140ms
[2023-10-01T16:42:08.039+0000][64.067s][info ][gc,cpu        ] GC(60) User=0.28s Sys=0.02s Real=0.05s
[2023-10-01T16:42:08.039+0000][64.068s][info ][safepoint     ] Leaving safepoint region
[2023-10-01T16:42:08.040+0000][64.068s][info ][safepoint     ] Total time for which application threads were stopped: 0.0462736 seconds, Stopping threads took: 0.0011686 seconds
[2023-10-01T16:42:08.040+0000][64.069s][info ][gc,stringdedup] Concurrent String Deduplication (64.069s)
[2023-10-01T16:42:08.048+0000][64.076s][info ][gc,stringdedup] Concurrent String Deduplication 291.6K->95456.0B(198.4K) avg 54.1% (64.069s, 64.076s) 7.388ms
[2023-10-01T16:42:08.738+0000][64.766s][debug][safepoint     ] Safepoint synchronization initiated. (90 threads)
[2023-10-01T16:42:08.738+0000][64.767s][info ][safepoint     ] Application time: 0.6981974 seconds
[2023-10-01T16:42:08.739+0000][64.767s][info ][safepoint     ] Entering safepoint region: G1CollectForAllocation
[2023-10-01T16:42:08.740+0000][64.768s][info ][gc,start      ] GC(61) Pause Young (Normal) (G1 Evacuation Pause)
[2023-10-01T16:42:08.740+0000][64.769s][info ][gc,task       ] GC(61) Using 8 workers of 8 for evacuation
[2023-10-01T16:42:08.761+0000][64.789s][info ][gc,phases     ] GC(61)   Pre Evacuate Collection Set: 0.0ms
[2023-10-01T16:42:08.761+0000][64.790s][info ][gc,phases     ] GC(61)   Evacuate Collection Set: 14.5ms
[2023-10-01T16:42:08.762+0000][64.790s][info ][gc,phases     ] GC(61)   Post Evacuate Collection Set: 4.8ms
[2023-10-01T16:42:08.762+0000][64.791s][info ][gc,phases     ] GC(61)   Other: 1.5ms
[2023-10-01T16:42:08.763+0000][64.791s][info ][gc,heap       ] GC(61) Eden regions: 188->0(188)
[2023-10-01T16:42:08.763+0000][64.792s][info ][gc,heap       ] GC(61) Survivor regions: 15->13(26)
[2023-10-01T16:42:08.764+0000][64.792s][info ][gc,heap       ] GC(61) Old regions: 127->131
[2023-10-01T16:42:08.764+0000][64.793s][info ][gc,heap       ] GC(61) Humongous regions: 0->0
[2023-10-01T16:42:08.764+0000][64.793s][info ][gc,metaspace  ] GC(61) Metaspace: 143987K(148304K)->143987K(148304K) NonClass: 127149K(129744K)->127149K(129744K) Class: 16838K(18560K)->16838K(18560K)
[2023-10-01T16:42:08.765+0000][64.793s][info ][gc            ] GC(61) Pause Young (Normal) (G1 Evacuation Pause) 328M->142M(384M) 25.153ms
[2023-10-01T16:42:08.765+0000][64.794s][info ][gc,cpu        ] GC(61) User=0.14s Sys=0.00s Real=0.02s
[2023-10-01T16:42:08.766+0000][64.794s][info ][safepoint     ] Leaving safepoint region
[2023-10-01T16:42:08.766+0000][64.795s][info ][safepoint     ] Total time for which application threads were stopped: 0.0273581 seconds, Stopping threads took: 0.0004712 seconds
[2023-10-01T16:42:08.767+0000][64.795s][info ][gc,stringdedup] Concurrent String Deduplication (64.795s)
[2023-10-01T16:42:08.770+0000][64.799s][info ][gc,stringdedup] Concurrent String Deduplication 280.6K->93544.0B(189.2K) avg 54.3% (64.795s, 64.799s) 3.764ms
[2023-10-01T16:42:09.301+0000][65.329s][debug][safepoint     ] Safepoint synchronization initiated. (90 threads)
[2023-10-01T16:42:09.301+0000][65.330s][info ][safepoint     ] Application time: 0.5346901 seconds
[2023-10-01T16:42:09.302+0000][65.330s][debug][safepoint     ] ... found polling page loop exception at pc = 0x00007f51890bd488, stub =0x00007f5180843680
[2023-10-01T16:42:09.302+0000][65.331s][debug][safepoint     ] Waiting for 1 thread(s) to block
[2023-10-01T16:42:09.303+0000][65.332s][info ][safepoint     ] Entering safepoint region: ICBufferFull
[2023-10-01T16:42:09.304+0000][65.333s][info ][safepoint     ] Leaving safepoint region
[2023-10-01T16:42:09.304+0000][65.333s][info ][safepoint     ] Total time for which application threads were stopped: 0.0026411 seconds, Stopping threads took: 0.0016850 seconds
[2023-10-01T16:42:09.468+0000][65.496s][debug][safepoint     ] Safepoint synchronization initiated. (90 threads)
[2023-10-01T16:42:09.468+0000][65.497s][info ][safepoint     ] Application time: 0.1635120 seconds
[2023-10-01T16:42:09.469+0000][65.497s][info ][safepoint     ] Entering safepoint region: G1CollectForAllocation
[2023-10-01T16:42:09.470+0000][65.498s][info ][gc,start      ] GC(62) Pause Young (Normal) (G1 Evacuation Pause)
[2023-10-01T16:42:09.470+0000][65.499s][info ][gc,task       ] GC(62) Using 8 workers of 8 for evacuation
[2023-10-01T16:42:09.486+0000][65.514s][info ][gc,phases     ] GC(62)   Pre Evacuate Collection Set: 0.0ms
[2023-10-01T16:42:09.486+0000][65.515s][info ][gc,phases     ] GC(62)   Evacuate Collection Set: 11.9ms
[2023-10-01T16:42:09.487+0000][65.515s][info ][gc,phases     ] GC(62)   Post Evacuate Collection Set: 3.0ms
[2023-10-01T16:42:09.487+0000][65.516s][info ][gc,phases     ] GC(62)   Other: 1.1ms
[2023-10-01T16:42:09.488+0000][65.516s][info ][gc,heap       ] GC(62) Eden regions: 188->0(186)
[2023-10-01T16:42:09.488+0000][65.517s][info ][gc,heap       ] GC(62) Survivor regions: 13->14(26)
[2023-10-01T16:42:09.488+0000][65.517s][info ][gc,heap       ] GC(62) Old regions: 131->131
[2023-10-01T16:42:09.489+0000][65.518s][info ][gc,heap       ] GC(62) Humongous regions: 0->0
[2023-10-01T16:42:09.489+0000][65.518s][info ][gc,metaspace  ] GC(62) Metaspace: 144066K(148560K)->144066K(148560K) NonClass: 127219K(130000K)->127219K(130000K) Class: 16847K(18560K)->16847K(18560K)
[2023-10-01T16:42:09.490+0000][65.519s][info ][gc            ] GC(62) Pause Young (Normal) (G1 Evacuation Pause) 330M->143M(384M) 20.330ms
[2023-10-01T16:42:09.491+0000][65.519s][info ][gc,cpu        ] GC(62) User=0.10s Sys=0.01s Real=0.02s
[2023-10-01T16:42:09.491+0000][65.520s][info ][safepoint     ] Leaving safepoint region
[2023-10-01T16:42:09.492+0000][65.520s][info ][safepoint     ] Total time for which application threads were stopped: 0.0227641 seconds, Stopping threads took: 0.0005027 seconds
[2023-10-01T16:42:09.492+0000][65.521s][info ][gc,stringdedup] Concurrent String Deduplication (65.521s)
[2023-10-01T16:42:09.496+0000][65.525s][info ][gc,stringdedup] Concurrent String Deduplication 259.6K->88944.0B(172.7K) avg 54.5% (65.521s, 65.525s) 4.407ms
[2023-10-01T16:42:10.036+0000][66.065s][debug][safepoint     ] Safepoint synchronization initiated. (90 threads)
[2023-10-01T16:42:10.037+0000][66.066s][info ][safepoint     ] Application time: 0.5449288 seconds
[2023-10-01T16:42:10.037+0000][66.066s][info ][safepoint     ] Entering safepoint region: G1CollectForAllocation
[2023-10-01T16:42:10.038+0000][66.067s][info ][gc,start      ] GC(63) Pause Young (Normal) (G1 Evacuation Pause)
[2023-10-01T16:42:10.039+0000][66.067s][info ][gc,task       ] GC(63) Using 8 workers of 8 for evacuation
[2023-10-01T16:42:10.056+0000][66.085s][info ][gc,phases     ] GC(63)   Pre Evacuate Collection Set: 0.0ms
[2023-10-01T16:42:10.057+0000][66.086s][info ][gc,phases     ] GC(63)   Evacuate Collection Set: 13.0ms
[2023-10-01T16:42:10.057+0000][66.086s][info ][gc,phases     ] GC(63)   Post Evacuate Collection Set: 4.0ms
[2023-10-01T16:42:10.058+0000][66.087s][info ][gc,phases     ] GC(63)   Other: 1.3ms
[2023-10-01T16:42:10.058+0000][66.087s][info ][gc,heap       ] GC(63) Eden regions: 186->0(185)
[2023-10-01T16:42:10.059+0000][66.087s][info ][gc,heap       ] GC(63) Survivor regions: 14->13(25)
[2023-10-01T16:42:10.059+0000][66.088s][info ][gc,heap       ] GC(63) Old regions: 131->134
[2023-10-01T16:42:10.060+0000][66.088s][info ][gc,heap       ] GC(63) Humongous regions: 0->0
[2023-10-01T16:42:10.060+0000][66.089s][info ][gc,metaspace  ] GC(63) Metaspace: 144110K(148560K)->144110K(148560K) NonClass: 127263K(130000K)->127263K(130000K) Class: 16847K(18560K)->16847K(18560K)
[2023-10-01T16:42:10.061+0000][66.089s][info ][gc            ] GC(63) Pause Young (Normal) (G1 Evacuation Pause) 329M->144M(384M) 22.498ms
[2023-10-01T16:42:10.061+0000][66.090s][info ][gc,cpu        ] GC(63) User=0.14s Sys=0.00s Real=0.03s
[2023-10-01T16:42:10.062+0000][66.090s][info ][safepoint     ] Leaving safepoint region
[2023-10-01T16:42:10.062+0000][66.091s][info ][safepoint     ] Total time for which application threads were stopped: 0.0249744 seconds, Stopping threads took: 0.0005428 seconds
[2023-10-01T16:42:10.063+0000][66.092s][info ][gc,stringdedup] Concurrent String Deduplication (66.092s)
[2023-10-01T16:42:10.065+0000][66.094s][info ][gc,stringdedup] Concurrent String Deduplication 166.0K->68104.0B(101864.0B) avg 54.5% (66.092s, 66.094s) 2.282ms
[2023-10-01T16:42:10.486+0000][66.515s][debug][safepoint     ] Safepoint synchronization initiated. (98 threads)
[2023-10-01T16:42:10.487+0000][66.515s][info ][safepoint     ] Application time: 0.4239335 seconds
[2023-10-01T16:42:10.487+0000][66.516s][info ][safepoint     ] Entering safepoint region: Deoptimize
[2023-10-01T16:42:10.490+0000][66.519s][info ][safepoint     ] Leaving safepoint region
[2023-10-01T16:42:10.491+0000][66.519s][info ][safepoint     ] Total time for which application threads were stopped: 0.0035462 seconds, Stopping threads took: 0.0004869 seconds
[2023-10-01T16:42:10.817+0000][66.846s][debug][safepoint     ] Safepoint synchronization initiated. (109 threads)
[2023-10-01T16:42:10.819+0000][66.847s][info ][safepoint     ] Application time: 0.3273215 seconds
[2023-10-01T16:42:10.822+0000][66.850s][debug][safepoint     ] ... found polling page loop exception at pc = 0x00007f5188a111d9, stub =0x00007f5180843680
[2023-10-01T16:42:10.822+0000][66.850s][debug][safepoint     ] ... found polling page return exception at pc = 0x00007f5188d4ffe9, stub =0x00007f5180840600
[2023-10-01T16:42:10.824+0000][66.852s][debug][safepoint     ] Waiting for 2 thread(s) to block
[2023-10-01T16:42:10.825+0000][66.853s][info ][safepoint     ] Entering safepoint region: Deoptimize
[2023-10-01T16:42:10.831+0000][66.860s][info ][safepoint     ] Leaving safepoint region
[2023-10-01T16:42:10.832+0000][66.861s][info ][safepoint     ] Total time for which application threads were stopped: 0.0128002 seconds, Stopping threads took: 0.0058796 seconds
[2023-10-01T16:42:11.727+0000][67.755s][debug][safepoint     ] Safepoint synchronization initiated. (141 threads)
[2023-10-01T16:42:11.731+0000][67.759s][info ][safepoint     ] Application time: 0.8979448 seconds
[2023-10-01T16:42:11.734+0000][67.763s][debug][safepoint     ] Waiting for 2 thread(s) to block
[2023-10-01T16:42:11.743+0000][67.772s][info ][safepoint     ] Entering safepoint region: ICBufferFull
[2023-10-01T16:42:11.744+0000][67.773s][info ][safepoint     ] Leaving safepoint region
[2023-10-01T16:42:11.745+0000][67.773s][info ][safepoint     ] Total time for which application threads were stopped: 0.0108147 seconds, Stopping threads took: 0.0097508 seconds
[2023-10-01T16:42:12.035+0000][68.066s][debug][safepoint     ] Safepoint synchronization initiated. (167 threads)
[2023-10-01T16:42:12.036+0000][68.067s][info ][safepoint     ] Application time: 0.2924961 seconds
[2023-10-01T16:42:12.037+0000][68.067s][debug][safepoint     ] Waiting for 1 thread(s) to block
[2023-10-01T16:42:12.038+0000][68.068s][info ][safepoint     ] Entering safepoint region: Deoptimize
[2023-10-01T16:42:12.050+0000][68.080s][debug][safepoint     ] ... found polling page return exception at pc = 0x00007f51820bcd44, stub =0x00007f5180840600
[2023-10-01T16:42:12.050+0000][68.080s][info ][safepoint     ] Leaving safepoint region
[2023-10-01T16:42:12.052+0000][68.082s][info ][safepoint     ] Total time for which application threads were stopped: 0.0148384 seconds, Stopping threads took: 0.0024452 seconds
[2023-10-01T16:42:12.057+0000][68.087s][debug][safepoint     ] Safepoint synchronization initiated. (167 threads)
[2023-10-01T16:42:12.073+0000][68.104s][info ][safepoint     ] Application time: 0.0211448 seconds
[2023-10-01T16:42:12.087+0000][68.117s][debug][safepoint     ] ... found polling page return exception at pc = 0x00007f518268d0bf, stub =0x00007f5180840600
[2023-10-01T16:42:12.092+0000][68.122s][debug][safepoint     ] Waiting for 1 thread(s) to block
[2023-10-01T16:42:12.094+0000][68.124s][info ][safepoint     ] Entering safepoint region: G1CollectForAllocation
[2023-10-01T16:42:12.096+0000][68.126s][info ][gc,start      ] GC(64) Pause Young (Normal) (G1 Evacuation Pause)
[2023-10-01T16:42:12.096+0000][68.127s][info ][gc,task       ] GC(64) Using 8 workers of 8 for evacuation
[2023-10-01T16:42:12.194+0000][68.224s][info ][gc,phases     ] GC(64)   Pre Evacuate Collection Set: 0.0ms
[2023-10-01T16:42:12.194+0000][68.225s][info ][gc,phases     ] GC(64)   Evacuate Collection Set: 80.3ms
[2023-10-01T16:42:12.195+0000][68.225s][info ][gc,phases     ] GC(64)   Post Evacuate Collection Set: 6.9ms
[2023-10-01T16:42:12.196+0000][68.226s][info ][gc,phases     ] GC(64)   Other: 10.9ms
[2023-10-01T16:42:12.196+0000][68.227s][info ][gc,heap       ] GC(64) Eden regions: 185->0(179)
[2023-10-01T16:42:12.197+0000][68.227s][info ][gc,heap       ] GC(64) Survivor regions: 13->16(25)
[2023-10-01T16:42:12.197+0000][68.228s][info ][gc,heap       ] GC(64) Old regions: 134->134
[2023-10-01T16:42:12.199+0000][68.229s][info ][gc,heap       ] GC(64) Humongous regions: 0->0
[2023-10-01T16:42:12.199+0000][68.230s][info ][gc,metaspace  ] GC(64) Metaspace: 149282K(154320K)->149282K(154320K) NonClass: 131784K(134864K)->131784K(134864K) Class: 17497K(19456K)->17497K(19456K)
[2023-10-01T16:42:12.200+0000][68.230s][info ][gc            ] GC(64) Pause Young (Normal) (G1 Evacuation Pause) 329M->147M(384M) 104.109ms
[2023-10-01T16:42:12.200+0000][68.231s][info ][gc,cpu        ] GC(64) User=0.67s Sys=0.04s Real=0.11s
[2023-10-01T16:42:12.201+0000][68.232s][info ][safepoint     ] Leaving safepoint region
[2023-10-01T16:42:12.202+0000][68.232s][info ][safepoint     ] Total time for which application threads were stopped: 0.1150610 seconds, Stopping threads took: 0.0080943 seconds
[2023-10-01T16:42:12.203+0000][68.233s][info ][gc,stringdedup] Concurrent String Deduplication (68.233s)
[2023-10-01T16:42:12.206+0000][68.236s][info ][gc,stringdedup] Concurrent String Deduplication 176.0K->58816.0B(118.6K) avg 54.7% (68.233s, 68.236s) 2.726ms
[2023-10-01T16:42:12.273+0000][68.303s][debug][safepoint     ] Safepoint synchronization initiated. (177 threads)
[2023-10-01T16:42:12.273+0000][68.304s][info ][safepoint     ] Application time: 0.0712779 seconds
[2023-10-01T16:42:12.274+0000][68.305s][debug][safepoint     ] Waiting for 3 thread(s) to block
[2023-10-01T16:42:12.275+0000][68.306s][info ][safepoint     ] Entering safepoint region: Deoptimize
[2023-10-01T16:42:12.281+0000][68.312s][info ][safepoint     ] Leaving safepoint region
[2023-10-01T16:42:12.287+0000][68.317s][info ][safepoint     ] Total time for which application threads were stopped: 0.0125591 seconds, Stopping threads took: 0.0042102 seconds
[2023-10-01T16:42:12.321+0000][68.351s][debug][safepoint     ] Safepoint synchronization initiated. (177 threads)
[2023-10-01T16:42:12.325+0000][68.355s][info ][safepoint     ] Application time: 0.0373289 seconds
[2023-10-01T16:42:12.335+0000][68.366s][info ][safepoint     ] Entering safepoint region: Deoptimize
[2023-10-01T16:42:12.344+0000][68.374s][info ][safepoint     ] Leaving safepoint region
[2023-10-01T16:42:12.345+0000][68.375s][info ][safepoint     ] Total time for which application threads were stopped: 0.0094105 seconds, Stopping threads took: 0.0009312 seconds
[2023-10-01T16:42:13.346+0000][69.376s][debug][safepoint     ] Safepoint synchronization initiated. (176 threads)
[2023-10-01T16:42:13.346+0000][69.377s][info ][safepoint     ] Application time: 1.0008866 seconds
[2023-10-01T16:42:13.347+0000][69.377s][info ][safepoint     ] Entering safepoint region: Cleanup
[2023-10-01T16:42:13.348+0000][69.378s][info ][safepoint     ] Leaving safepoint region
[2023-10-01T16:42:13.348+0000][69.379s][info ][safepoint     ] Total time for which application threads were stopped: 0.0012612 seconds, Stopping threads took: 0.0005826 seconds
[2023-10-01T16:42:15.349+0000][71.379s][debug][safepoint     ] Safepoint synchronization initiated. (176 threads)
[2023-10-01T16:42:15.349+0000][71.380s][info ][safepoint     ] Application time: 2.0008522 seconds
[2023-10-01T16:42:15.350+0000][71.380s][info ][safepoint     ] Entering safepoint region: Cleanup
[2023-10-01T16:42:15.351+0000][71.381s][info ][safepoint     ] Leaving safepoint region
[2023-10-01T16:42:15.351+0000][71.381s][info ][safepoint     ] Total time for which application threads were stopped: 0.0011510 seconds, Stopping threads took: 0.0005014 seconds
[2023-10-01T16:42:20.352+0000][76.383s][debug][safepoint     ] Safepoint synchronization initiated. (175 threads)
[2023-10-01T16:42:20.353+0000][76.384s][info ][safepoint     ] Application time: 5.0018131 seconds
[2023-10-01T16:42:20.354+0000][76.384s][info ][safepoint     ] Entering safepoint region: Cleanup
[2023-10-01T16:42:20.354+0000][76.385s][info ][safepoint     ] Leaving safepoint region
[2023-10-01T16:42:20.355+0000][76.385s][info ][safepoint     ] Total time for which application threads were stopped: 0.0010011 seconds, Stopping threads took: 0.0004150 seconds
[2023-10-01T16:42:22.355+0000][78.386s][debug][safepoint     ] Safepoint synchronization initiated. (175 threads)
[2023-10-01T16:42:22.356+0000][78.386s][info ][safepoint     ] Application time: 2.0009226 seconds
[2023-10-01T16:42:22.356+0000][78.387s][info ][safepoint     ] Entering safepoint region: Cleanup
[2023-10-01T16:42:22.357+0000][78.387s][info ][safepoint     ] Leaving safepoint region
[2023-10-01T16:42:22.357+0000][78.388s][info ][safepoint     ] Total time for which application threads were stopped: 0.0011322 seconds, Stopping threads took: 0.0003816 seconds
[2023-10-01T16:42:23.358+0000][79.388s][debug][safepoint     ] Safepoint synchronization initiated. (175 threads)
[2023-10-01T16:42:23.358+0000][79.389s][info ][safepoint     ] Application time: 1.0008096 seconds
[2023-10-01T16:42:23.359+0000][79.389s][info ][safepoint     ] Entering safepoint region: Cleanup
[2023-10-01T16:42:23.360+0000][79.390s][info ][safepoint     ] Leaving safepoint region
[2023-10-01T16:42:23.360+0000][79.391s][info ][safepoint     ] Total time for which application threads were stopped: 0.0011727 seconds, Stopping threads took: 0.0005118 seconds
[2023-10-01T16:42:32.362+0000][88.393s][debug][safepoint     ] Safepoint synchronization initiated. (175 threads)
[2023-10-01T16:42:32.365+0000][88.395s][info ][safepoint     ] Application time: 9.0041090 seconds
[2023-10-01T16:42:32.366+0000][88.396s][info ][safepoint     ] Entering safepoint region: Cleanup
[2023-10-01T16:42:32.367+0000][88.397s][info ][safepoint     ] Leaving safepoint region
[2023-10-01T16:42:32.367+0000][88.398s][info ][safepoint     ] Total time for which application threads were stopped: 0.0017542 seconds, Stopping threads took: 0.0008788 seconds
[2023-10-01T16:42:34.369+0000][90.400s][debug][safepoint     ] Safepoint synchronization initiated. (175 threads)
[2023-10-01T16:42:34.370+0000][90.400s][info ][safepoint     ] Application time: 2.0009306 seconds
[2023-10-01T16:42:34.370+0000][90.401s][info ][safepoint     ] Entering safepoint region: Cleanup
[2023-10-01T16:42:34.371+0000][90.402s][info ][safepoint     ] Leaving safepoint region
[2023-10-01T16:42:34.372+0000][90.402s][info ][safepoint     ] Total time for which application threads were stopped: 0.0015219 seconds, Stopping threads took: 0.0007209 seconds
[2023-10-01T16:42:44.374+0000][100.404s][debug][safepoint     ] Safepoint synchronization initiated. (175 threads)
[2023-10-01T16:42:44.374+0000][100.405s][info ][safepoint     ] Application time: 10.0019830 seconds
[2023-10-01T16:42:44.375+0000][100.406s][info ][safepoint     ] Entering safepoint region: Cleanup
[2023-10-01T16:42:44.376+0000][100.406s][info ][safepoint     ] Leaving safepoint region
[2023-10-01T16:42:44.376+0000][100.407s][info ][safepoint     ] Total time for which application threads were stopped: 0.0013281 seconds, Stopping threads took: 0.0005471 seconds
[2023-10-01T16:42:50.377+0000][106.408s][debug][safepoint     ] Safepoint synchronization initiated. (175 threads)
[2023-10-01T16:42:50.378+0000][106.409s][info ][safepoint     ] Application time: 6.0013104 seconds
[2023-10-01T16:42:50.378+0000][106.409s][info ][safepoint     ] Entering safepoint region: Cleanup
[2023-10-01T16:42:50.379+0000][106.410s][info ][safepoint     ] Leaving safepoint region
[2023-10-01T16:42:50.379+0000][106.410s][info ][safepoint     ] Total time for which application threads were stopped: 0.0009235 seconds, Stopping threads took: 0.0003771 seconds
[2023-10-01T16:43:02.381+0000][118.412s][debug][safepoint     ] Safepoint synchronization initiated. (175 threads)
[2023-10-01T16:43:02.383+0000][118.413s][info ][safepoint     ] Application time: 12.0031168 seconds
[2023-10-01T16:43:02.383+0000][118.414s][info ][safepoint     ] Entering safepoint region: Cleanup
[2023-10-01T16:43:02.384+0000][118.415s][info ][safepoint     ] Leaving safepoint region
[2023-10-01T16:43:02.385+0000][118.416s][info ][safepoint     ] Total time for which application threads were stopped: 0.0015230 seconds, Stopping threads took: 0.0006188 seconds
[2023-10-01T16:43:03.385+0000][119.416s][debug][safepoint     ] Safepoint synchronization initiated. (175 threads)
[2023-10-01T16:43:03.386+0000][119.417s][info ][safepoint     ] Application time: 1.0011326 seconds
[2023-10-01T16:43:03.387+0000][119.418s][info ][safepoint     ] Entering safepoint region: Cleanup
[2023-10-01T16:43:03.388+0000][119.419s][info ][safepoint     ] Leaving safepoint region
[2023-10-01T16:43:03.390+0000][119.420s][info ][safepoint     ] Total time for which application threads were stopped: 0.0025516 seconds, Stopping threads took: 0.0007387 seconds
[2023-10-01T16:43:04.390+0000][120.421s][debug][safepoint     ] Safepoint synchronization initiated. (175 threads)
[2023-10-01T16:43:04.391+0000][120.422s][info ][safepoint     ] Application time: 1.0009084 seconds
[2023-10-01T16:43:04.392+0000][120.423s][info ][safepoint     ] Entering safepoint region: Cleanup
[2023-10-01T16:43:04.393+0000][120.423s][info ][safepoint     ] Leaving safepoint region
[2023-10-01T16:43:04.393+0000][120.424s][info ][safepoint     ] Total time for which application threads were stopped: 0.0014211 seconds, Stopping threads took: 0.0005851 seconds
[2023-10-01T16:43:10.394+0000][126.425s][debug][safepoint     ] Safepoint synchronization initiated. (175 threads)
[2023-10-01T16:43:10.395+0000][126.426s][info ][safepoint     ] Application time: 6.0018456 seconds
[2023-10-01T16:43:10.396+0000][126.427s][info ][safepoint     ] Entering safepoint region: Cleanup
[2023-10-01T16:43:10.397+0000][126.428s][info ][safepoint     ] Leaving safepoint region
[2023-10-01T16:43:10.407+0000][126.438s][info ][safepoint     ] Total time for which application threads were stopped: 0.0109642 seconds, Stopping threads took: 0.0007966 seconds
[2023-10-01T16:43:12.410+0000][128.441s][debug][safepoint     ] Safepoint synchronization initiated. (173 threads)
[2023-10-01T16:43:12.429+0000][128.460s][info ][safepoint     ] Application time: 2.0194277 seconds
[2023-10-01T16:43:12.433+0000][128.464s][info ][safepoint     ] Entering safepoint region: Cleanup
[2023-10-01T16:43:12.434+0000][128.466s][info ][safepoint     ] Leaving safepoint region
[2023-10-01T16:43:12.442+0000][128.473s][info ][safepoint     ] Total time for which application threads were stopped: 0.0096217 seconds, Stopping threads took: 0.0014297 seconds
[2023-10-01T16:43:14.457+0000][130.488s][debug][safepoint     ] Safepoint synchronization initiated. (173 threads)
[2023-10-01T16:43:14.457+0000][130.488s][info ][safepoint     ] Application time: 2.0010036 seconds
[2023-10-01T16:43:14.458+0000][130.489s][info ][safepoint     ] Entering safepoint region: Cleanup
[2023-10-01T16:43:14.459+0000][130.490s][info ][safepoint     ] Leaving safepoint region
[2023-10-01T16:43:14.460+0000][130.491s][info ][safepoint     ] Total time for which application threads were stopped: 0.0016956 seconds, Stopping threads took: 0.0007724 seconds
[2023-10-01T16:43:44.468+0000][160.496s][debug][safepoint     ] Safepoint synchronization initiated. (173 threads)
[2023-10-01T16:43:44.469+0000][160.497s][info ][safepoint     ] Application time: 30.0055641 seconds
[2023-10-01T16:43:44.469+0000][160.497s][info ][safepoint     ] Entering safepoint region: Cleanup
[2023-10-01T16:43:44.470+0000][160.498s][info ][safepoint     ] Leaving safepoint region
[2023-10-01T16:43:44.471+0000][160.499s][info ][safepoint     ] Total time for which application threads were stopped: 0.0014962 seconds, Stopping threads took: 0.0006630 seconds
[2023-10-01T16:43:57.473+0000][173.501s][debug][safepoint     ] Safepoint synchronization initiated. (173 threads)
[2023-10-01T16:43:57.474+0000][173.503s][info ][safepoint     ] Application time: 13.0032676 seconds
[2023-10-01T16:43:57.475+0000][173.503s][info ][safepoint     ] Entering safepoint region: Cleanup
[2023-10-01T16:43:57.476+0000][173.504s][info ][safepoint     ] Leaving safepoint region
[2023-10-01T16:43:57.476+0000][173.505s][info ][safepoint     ] Total time for which application threads were stopped: 0.0013381 seconds, Stopping threads took: 0.0005658 seconds
[2023-10-01T16:44:00.477+0000][176.505s][debug][safepoint     ] Safepoint synchronization initiated. (173 threads)
[2023-10-01T16:44:00.478+0000][176.506s][info ][safepoint     ] Application time: 3.0007848 seconds
[2023-10-01T16:44:00.478+0000][176.506s][info ][safepoint     ] Entering safepoint region: Cleanup
[2023-10-01T16:44:00.479+0000][176.507s][info ][safepoint     ] Leaving safepoint region
[2023-10-01T16:44:00.479+0000][176.507s][info ][safepoint     ] Total time for which application threads were stopped: 0.0010723 seconds, Stopping threads took: 0.0004056 seconds
[2023-10-01T16:44:12.480+0000][188.510s][debug][safepoint     ] Safepoint synchronization initiated. (170 threads)
[2023-10-01T16:44:12.482+0000][188.512s][info ][safepoint     ] Application time: 12.0043279 seconds
[2023-10-01T16:44:12.483+0000][188.513s][info ][safepoint     ] Entering safepoint region: Cleanup
[2023-10-01T16:44:12.484+0000][188.514s][info ][safepoint     ] Leaving safepoint region
[2023-10-01T16:44:12.484+0000][188.515s][info ][safepoint     ] Total time for which application threads were stopped: 0.0014162 seconds, Stopping threads took: 0.0006566 seconds
[2023-10-01T16:44:14.485+0000][190.515s][debug][safepoint     ] Safepoint synchronization initiated. (170 threads)
[2023-10-01T16:44:14.486+0000][190.516s][info ][safepoint     ] Application time: 2.0010304 seconds
[2023-10-01T16:44:14.486+0000][190.517s][info ][safepoint     ] Entering safepoint region: Cleanup
[2023-10-01T16:44:14.487+0000][190.518s][info ][safepoint     ] Leaving safepoint region
[2023-10-01T16:44:14.488+0000][190.518s][info ][safepoint     ] Total time for which application threads were stopped: 0.0014806 seconds, Stopping threads took: 0.0006759 seconds
[2023-10-01T16:44:52.390+0000][228.421s][debug][safepoint     ] Safepoint synchronization initiated. (170 threads)
[2023-10-01T16:44:52.391+0000][228.422s][info ][safepoint     ] Application time: 37.9028560 seconds
[2023-10-01T16:44:52.391+0000][228.422s][info ][safepoint     ] Entering safepoint region: G1CollectForAllocation
[2023-10-01T16:44:52.392+0000][228.423s][info ][gc,start      ] GC(65) Pause Young (Normal) (G1 Evacuation Pause)
[2023-10-01T16:44:52.393+0000][228.424s][info ][gc,task       ] GC(65) Using 8 workers of 8 for evacuation
[2023-10-01T16:44:52.414+0000][228.445s][info ][gc,phases     ] GC(65)   Pre Evacuate Collection Set: 0.1ms
[2023-10-01T16:44:52.415+0000][228.446s][info ][gc,phases     ] GC(65)   Evacuate Collection Set: 15.6ms
[2023-10-01T16:44:52.415+0000][228.446s][info ][gc,phases     ] GC(65)   Post Evacuate Collection Set: 4.9ms
[2023-10-01T16:44:52.416+0000][228.447s][info ][gc,phases     ] GC(65)   Other: 1.3ms
[2023-10-01T16:44:52.416+0000][228.447s][info ][gc,heap       ] GC(65) Eden regions: 179->0(180)
[2023-10-01T16:44:52.417+0000][228.448s][info ][gc,heap       ] GC(65) Survivor regions: 16->14(25)
[2023-10-01T16:44:52.417+0000][228.448s][info ][gc,heap       ] GC(65) Old regions: 134->137
[2023-10-01T16:44:52.418+0000][228.449s][info ][gc,heap       ] GC(65) Humongous regions: 0->0
[2023-10-01T16:44:52.418+0000][228.449s][info ][gc,metaspace  ] GC(65) Metaspace: 150473K(155472K)->150473K(155472K) NonClass: 132851K(135888K)->132851K(135888K) Class: 17622K(19584K)->17622K(19584K)
[2023-10-01T16:44:52.419+0000][228.450s][info ][gc            ] GC(65) Pause Young (Normal) (G1 Evacuation Pause) 326M->148M(384M) 26.328ms
[2023-10-01T16:44:52.419+0000][228.450s][info ][gc,cpu        ] GC(65) User=0.15s Sys=0.00s Real=0.03s
[2023-10-01T16:44:52.420+0000][228.451s][info ][safepoint     ] Leaving safepoint region
[2023-10-01T16:44:52.420+0000][228.451s][info ][safepoint     ] Total time for which application threads were stopped: 0.0289101 seconds, Stopping threads took: 0.0006862 seconds
[2023-10-01T16:44:52.421+0000][228.452s][info ][gc,stringdedup] Concurrent String Deduplication (228.452s)
[2023-10-01T16:44:52.423+0000][228.454s][info ][gc,stringdedup] Concurrent String Deduplication 145.4K->53552.0B(95320.0B) avg 54.7% (228.452s, 228.454s) 2.144ms
[2023-10-01T16:45:00.422+0000][236.453s][debug][safepoint     ] Safepoint synchronization initiated. (170 threads)
[2023-10-01T16:45:00.423+0000][236.454s][info ][safepoint     ] Application time: 8.0025066 seconds
[2023-10-01T16:45:00.424+0000][236.455s][info ][safepoint     ] Entering safepoint region: Cleanup
[2023-10-01T16:45:00.425+0000][236.456s][info ][safepoint     ] Leaving safepoint region
[2023-10-01T16:45:00.425+0000][236.456s][info ][safepoint     ] Total time for which application threads were stopped: 0.0016315 seconds, Stopping threads took: 0.0007757 seconds
[2023-10-01T16:45:04.427+0000][240.458s][debug][safepoint     ] Safepoint synchronization initiated. (170 threads)
[2023-10-01T16:45:04.427+0000][240.459s][info ][safepoint     ] Application time: 4.0014517 seconds
[2023-10-01T16:45:04.428+0000][240.459s][info ][safepoint     ] Entering safepoint region: Cleanup
[2023-10-01T16:45:04.429+0000][240.460s][info ][safepoint     ] Leaving safepoint region
[2023-10-01T16:45:04.432+0000][240.463s][info ][safepoint     ] Total time for which application threads were stopped: 0.0034708 seconds, Stopping threads took: 0.0005684 seconds
[2023-10-01T16:45:12.434+0000][248.466s][debug][safepoint     ] Safepoint synchronization initiated. (169 threads)
[2023-10-01T16:45:12.436+0000][248.468s][info ][safepoint     ] Application time: 8.0032353 seconds
[2023-10-01T16:45:12.436+0000][248.468s][info ][safepoint     ] Entering safepoint region: Cleanup
[2023-10-01T16:45:12.437+0000][248.469s][info ][safepoint     ] Leaving safepoint region
[2023-10-01T16:45:12.438+0000][248.470s][info ][safepoint     ] Total time for which application threads were stopped: 0.0014895 seconds, Stopping threads took: 0.0006666 seconds
[2023-10-01T16:45:14.439+0000][250.471s][debug][safepoint     ] Safepoint synchronization initiated. (169 threads)
[2023-10-01T16:45:14.439+0000][250.471s][info ][safepoint     ] Application time: 2.0011461 seconds
[2023-10-01T16:45:14.440+0000][250.472s][info ][safepoint     ] Entering safepoint region: Cleanup
[2023-10-01T16:45:14.441+0000][250.473s][info ][safepoint     ] Leaving safepoint region
[2023-10-01T16:45:14.441+0000][250.473s][info ][safepoint     ] Total time for which application threads were stopped: 0.0014378 seconds, Stopping threads took: 0.0006463 seconds
[2023-10-01T16:45:16.442+0000][252.474s][debug][safepoint     ] Safepoint synchronization initiated. (169 threads)
[2023-10-01T16:45:16.443+0000][252.475s][info ][safepoint     ] Application time: 2.0009528 seconds
[2023-10-01T16:45:16.443+0000][252.475s][info ][safepoint     ] Entering safepoint region: Cleanup
[2023-10-01T16:45:16.444+0000][252.476s][info ][safepoint     ] Leaving safepoint region
[2023-10-01T16:45:16.444+0000][252.476s][info ][safepoint     ] Total time for which application threads were stopped: 0.0010843 seconds, Stopping threads took: 0.0004797 seconds
[2023-10-01T16:45:20.445+0000][256.477s][debug][safepoint     ] Safepoint synchronization initiated. (169 threads)
[2023-10-01T16:45:20.446+0000][256.478s][info ][safepoint     ] Application time: 4.0014375 seconds
[2023-10-01T16:45:20.447+0000][256.479s][info ][safepoint     ] Entering safepoint region: Cleanup
[2023-10-01T16:45:20.448+0000][256.479s][info ][safepoint     ] Leaving safepoint region
[2023-10-01T16:45:20.448+0000][256.480s][info ][safepoint     ] Total time for which application threads were stopped: 0.0013634 seconds, Stopping threads took: 0.0005433 seconds
[2023-10-01T16:45:22.449+0000][258.481s][debug][safepoint     ] Safepoint synchronization initiated. (169 threads)
[2023-10-01T16:45:22.450+0000][258.481s][info ][safepoint     ] Application time: 2.0008543 seconds
[2023-10-01T16:45:22.450+0000][258.482s][info ][safepoint     ] Entering safepoint region: Cleanup
[2023-10-01T16:45:22.451+0000][258.483s][info ][safepoint     ] Leaving safepoint region
[2023-10-01T16:45:22.451+0000][258.483s][info ][safepoint     ] Total time for which application threads were stopped: 0.0012593 seconds, Stopping threads took: 0.0005054 seconds
[2023-10-01T16:45:24.452+0000][260.484s][debug][safepoint     ] Safepoint synchronization initiated. (169 threads)
[2023-10-01T16:45:24.453+0000][260.484s][info ][safepoint     ] Application time: 2.0008375 seconds
[2023-10-01T16:45:24.453+0000][260.485s][info ][safepoint     ] Entering safepoint region: Cleanup
[2023-10-01T16:45:24.454+0000][260.486s][info ][safepoint     ] Leaving safepoint region
[2023-10-01T16:45:24.454+0000][260.486s][info ][safepoint     ] Total time for which application threads were stopped: 0.0012376 seconds, Stopping threads took: 0.0005262 seconds
[2023-10-01T16:45:44.457+0000][280.490s][debug][safepoint     ] Safepoint synchronization initiated. (169 threads)
[2023-10-01T16:45:44.458+0000][280.490s][info ][safepoint     ] Application time: 20.0035429 seconds
[2023-10-01T16:45:44.459+0000][280.491s][info ][safepoint     ] Entering safepoint region: Cleanup
[2023-10-01T16:45:44.460+0000][280.492s][info ][safepoint     ] Leaving safepoint region
[2023-10-01T16:45:44.460+0000][280.492s][info ][safepoint     ] Total time for which application threads were stopped: 0.0015626 seconds, Stopping threads took: 0.0007001 seconds
[2023-10-01T16:45:44.669+0000][280.702s][debug][safepoint     ] Safepoint synchronization initiated. (169 threads)
[2023-10-01T16:45:44.670+0000][280.702s][info ][safepoint     ] Application time: 0.2091738 seconds
[2023-10-01T16:45:44.670+0000][280.703s][info ][safepoint     ] Entering safepoint region: Deoptimize
[2023-10-01T16:45:44.682+0000][280.714s][info ][safepoint     ] Leaving safepoint region
[2023-10-01T16:45:44.683+0000][280.715s][info ][safepoint     ] Total time for which application threads were stopped: 0.0123805 seconds, Stopping threads took: 0.0005638 seconds
[2023-10-01T16:45:44.700+0000][280.732s][debug][safepoint     ] Safepoint synchronization initiated. (169 threads)
[2023-10-01T16:45:44.700+0000][280.733s][info ][safepoint     ] Application time: 0.0171060 seconds
[2023-10-01T16:45:44.701+0000][280.733s][info ][safepoint     ] Entering safepoint region: Deoptimize
[2023-10-01T16:45:44.703+0000][280.736s][info ][safepoint     ] Leaving safepoint region
[2023-10-01T16:45:44.704+0000][280.736s][info ][safepoint     ] Total time for which application threads were stopped: 0.0031910 seconds, Stopping threads took: 0.0004455 seconds
[2023-10-01T16:45:44.791+0000][280.824s][debug][safepoint     ] Safepoint synchronization initiated. (169 threads)
[2023-10-01T16:45:44.792+0000][280.824s][info ][safepoint     ] Application time: 0.0876447 seconds
[2023-10-01T16:45:44.792+0000][280.825s][info ][safepoint     ] Entering safepoint region: Deoptimize
[2023-10-01T16:45:44.795+0000][280.827s][info ][safepoint     ] Leaving safepoint region
[2023-10-01T16:45:44.796+0000][280.828s][info ][safepoint     ] Total time for which application threads were stopped: 0.0032844 seconds, Stopping threads took: 0.0005057 seconds
[2023-10-01T16:45:45.796+0000][281.829s][debug][safepoint     ] Safepoint synchronization initiated. (171 threads)
[2023-10-01T16:45:45.797+0000][281.829s][info ][safepoint     ] Application time: 1.0007936 seconds
[2023-10-01T16:45:45.797+0000][281.830s][info ][safepoint     ] Entering safepoint region: Cleanup
[2023-10-01T16:45:45.798+0000][281.831s][info ][safepoint     ] Leaving safepoint region
[2023-10-01T16:45:45.799+0000][281.831s][info ][safepoint     ] Total time for which application threads were stopped: 0.0015800 seconds, Stopping threads took: 0.0005928 seconds
[2023-10-01T16:45:46.800+0000][282.832s][debug][safepoint     ] Safepoint synchronization initiated. (169 threads)
[2023-10-01T16:45:46.802+0000][282.834s][info ][safepoint     ] Application time: 1.0022122 seconds
[2023-10-01T16:45:46.807+0000][282.839s][debug][safepoint     ] Waiting for 1 thread(s) to block
[2023-10-01T16:45:46.809+0000][282.842s][info ][safepoint     ] Entering safepoint region: Cleanup
[2023-10-01T16:45:46.811+0000][282.844s][info ][safepoint     ] Leaving safepoint region
[2023-10-01T16:45:46.812+0000][282.844s][info ][safepoint     ] Total time for which application threads were stopped: 0.0055648 seconds, Stopping threads took: 0.0044892 seconds
[2023-10-01T16:45:47.813+0000][283.845s][debug][safepoint     ] Safepoint synchronization initiated. (169 threads)
[2023-10-01T16:45:47.814+0000][283.847s][info ][safepoint     ] Application time: 1.0013663 seconds
[2023-10-01T16:45:47.815+0000][283.847s][info ][safepoint     ] Entering safepoint region: Cleanup
[2023-10-01T16:45:47.816+0000][283.848s][info ][safepoint     ] Leaving safepoint region
[2023-10-01T16:45:47.817+0000][283.849s][info ][safepoint     ] Total time for which application threads were stopped: 0.0016677 seconds, Stopping threads took: 0.0006213 seconds
[2023-10-01T16:45:48.218+0000][284.250s][debug][safepoint     ] Safepoint synchronization initiated. (169 threads)
[2023-10-01T16:45:48.219+0000][284.251s][info ][safepoint     ] Application time: 0.4013974 seconds
[2023-10-01T16:45:48.219+0000][284.252s][info ][safepoint     ] Entering safepoint region: Deoptimize
[2023-10-01T16:45:48.223+0000][284.255s][info ][safepoint     ] Leaving safepoint region
[2023-10-01T16:45:48.224+0000][284.256s][info ][safepoint     ] Total time for which application threads were stopped: 0.0042735 seconds, Stopping threads took: 0.0005711 seconds
[2023-10-01T16:45:48.223+0000][284.255s][debug][safepoint     ] ... found polling page return exception at pc = 0x00007f518923a9c4, stub =0x00007f5180840600
[2023-10-01T16:45:49.225+0000][285.258s][debug][safepoint     ] Safepoint synchronization initiated. (170 threads)
[2023-10-01T16:45:49.229+0000][285.261s][info ][safepoint     ] Application time: 1.0034181 seconds
[2023-10-01T16:45:49.231+0000][285.263s][info ][safepoint     ] Entering safepoint region: Cleanup
[2023-10-01T16:45:49.234+0000][285.267s][info ][safepoint     ] Leaving safepoint region
[2023-10-01T16:45:49.235+0000][285.267s][info ][safepoint     ] Total time for which application threads were stopped: 0.0043690 seconds, Stopping threads took: 0.0032471 seconds
[2023-10-01T16:45:50.236+0000][286.268s][debug][safepoint     ] Safepoint synchronization initiated. (170 threads)
[2023-10-01T16:45:50.237+0000][286.269s][info ][safepoint     ] Application time: 1.0008982 seconds
[2023-10-01T16:45:50.237+0000][286.270s][info ][safepoint     ] Entering safepoint region: Cleanup
[2023-10-01T16:45:50.238+0000][286.271s][info ][safepoint     ] Leaving safepoint region
[2023-10-01T16:45:50.239+0000][286.271s][info ][safepoint     ] Total time for which application threads were stopped: 0.0014716 seconds, Stopping threads took: 0.0006586 seconds
[2023-10-01T16:45:51.240+0000][287.272s][debug][safepoint     ] Safepoint synchronization initiated. (169 threads)
[2023-10-01T16:45:51.241+0000][287.273s][info ][safepoint     ] Application time: 1.0015537 seconds
[2023-10-01T16:45:51.242+0000][287.274s][info ][safepoint     ] Entering safepoint region: Cleanup
[2023-10-01T16:45:51.243+0000][287.275s][info ][safepoint     ] Leaving safepoint region
[2023-10-01T16:45:51.243+0000][287.276s][info ][safepoint     ] Total time for which application threads were stopped: 0.0017983 seconds, Stopping threads took: 0.0008050 seconds
[2023-10-01T16:45:52.244+0000][288.276s][debug][safepoint     ] Safepoint synchronization initiated. (169 threads)
[2023-10-01T16:45:52.245+0000][288.277s][info ][safepoint     ] Application time: 1.0007055 seconds
[2023-10-01T16:45:52.245+0000][288.277s][info ][safepoint     ] Entering safepoint region: Cleanup
[2023-10-01T16:45:52.246+0000][288.278s][info ][safepoint     ] Leaving safepoint region
[2023-10-01T16:45:52.246+0000][288.279s][info ][safepoint     ] Total time for which application threads were stopped: 0.0012850 seconds, Stopping threads took: 0.0005848 seconds
[2023-10-01T16:45:53.247+0000][289.279s][debug][safepoint     ] Safepoint synchronization initiated. (169 threads)
[2023-10-01T16:45:53.248+0000][289.280s][info ][safepoint     ] Application time: 1.0007526 seconds
[2023-10-01T16:45:53.248+0000][289.280s][info ][safepoint     ] Entering safepoint region: Cleanup
[2023-10-01T16:45:53.249+0000][289.281s][info ][safepoint     ] Leaving safepoint region
[2023-10-01T16:45:53.249+0000][289.282s][info ][safepoint     ] Total time for which application threads were stopped: 0.0012303 seconds, Stopping threads took: 0.0005932 seconds
[2023-10-01T16:45:54.250+0000][290.282s][debug][safepoint     ] Safepoint synchronization initiated. (169 threads)
[2023-10-01T16:45:54.251+0000][290.283s][info ][safepoint     ] Application time: 1.0007571 seconds
[2023-10-01T16:45:54.251+0000][290.283s][info ][safepoint     ] Entering safepoint region: Cleanup
[2023-10-01T16:45:54.252+0000][290.284s][info ][safepoint     ] Leaving safepoint region
[2023-10-01T16:45:54.252+0000][290.284s][info ][safepoint     ] Total time for which application threads were stopped: 0.0011593 seconds, Stopping threads took: 0.0004836 seconds
[2023-10-01T16:45:55.253+0000][291.285s][debug][safepoint     ] Safepoint synchronization initiated. (169 threads)
[2023-10-01T16:45:55.253+0000][291.286s][info ][safepoint     ] Application time: 1.0007156 seconds
[2023-10-01T16:45:55.254+0000][291.286s][info ][safepoint     ] Entering safepoint region: Cleanup
[2023-10-01T16:45:55.255+0000][291.287s][info ][safepoint     ] Leaving safepoint region
[2023-10-01T16:45:55.255+0000][291.287s][info ][safepoint     ] Total time for which application threads were stopped: 0.0011180 seconds, Stopping threads took: 0.0005159 seconds
[2023-10-01T16:45:56.256+0000][292.288s][debug][safepoint     ] Safepoint synchronization initiated. (169 threads)
[2023-10-01T16:45:56.256+0000][292.289s][info ][safepoint     ] Application time: 1.0008376 seconds
[2023-10-01T16:45:56.257+0000][292.289s][info ][safepoint     ] Entering safepoint region: Cleanup
[2023-10-01T16:45:56.257+0000][292.290s][info ][safepoint     ] Leaving safepoint region
[2023-10-01T16:45:56.258+0000][292.290s][info ][safepoint     ] Total time for which application threads were stopped: 0.0010994 seconds, Stopping threads took: 0.0004593 seconds
[2023-10-01T16:45:57.259+0000][293.291s][debug][safepoint     ] Safepoint synchronization initiated. (169 threads)
[2023-10-01T16:45:57.259+0000][293.291s][info ][safepoint     ] Application time: 1.0006950 seconds
[2023-10-01T16:45:57.260+0000][293.292s][info ][safepoint     ] Entering safepoint region: Cleanup
[2023-10-01T16:45:57.260+0000][293.293s][info ][safepoint     ] Leaving safepoint region
[2023-10-01T16:45:57.261+0000][293.293s][info ][safepoint     ] Total time for which application threads were stopped: 0.0011032 seconds, Stopping threads took: 0.0004273 seconds
[2023-10-01T16:45:58.262+0000][294.294s][debug][safepoint     ] Safepoint synchronization initiated. (169 threads)
[2023-10-01T16:45:58.263+0000][294.295s][info ][safepoint     ] Application time: 1.0011692 seconds
[2023-10-01T16:45:58.266+0000][294.298s][info ][safepoint     ] Entering safepoint region: Cleanup
[2023-10-01T16:45:58.268+0000][294.301s][info ][safepoint     ] Leaving safepoint region
[2023-10-01T16:45:58.271+0000][294.303s][info ][safepoint     ] Total time for which application threads were stopped: 0.0055191 seconds, Stopping threads took: 0.0026680 seconds
[2023-10-01T16:45:59.277+0000][295.309s][debug][safepoint     ] Safepoint synchronization initiated. (169 threads)
[2023-10-01T16:45:59.278+0000][295.310s][info ][safepoint     ] Application time: 1.0008985 seconds
[2023-10-01T16:45:59.278+0000][295.311s][info ][safepoint     ] Entering safepoint region: Cleanup
[2023-10-01T16:45:59.279+0000][295.311s][info ][safepoint     ] Leaving safepoint region
[2023-10-01T16:45:59.280+0000][295.312s][info ][safepoint     ] Total time for which application threads were stopped: 0.0012807 seconds, Stopping threads took: 0.0005219 seconds
[2023-10-01T16:46:00.280+0000][296.312s][debug][safepoint     ] Safepoint synchronization initiated. (169 threads)
[2023-10-01T16:46:00.282+0000][296.314s][info ][safepoint     ] Application time: 1.0017569 seconds
[2023-10-01T16:46:00.283+0000][296.315s][info ][safepoint     ] Entering safepoint region: Cleanup
[2023-10-01T16:46:00.284+0000][296.316s][info ][safepoint     ] Leaving safepoint region
[2023-10-01T16:46:00.284+0000][296.316s][info ][safepoint     ] Total time for which application threads were stopped: 0.0013654 seconds, Stopping threads took: 0.0005824 seconds
[2023-10-01T16:46:01.259+0000][297.292s][debug][safepoint     ] Safepoint synchronization initiated. (169 threads)
[2023-10-01T16:46:01.261+0000][297.293s][info ][safepoint     ] Application time: 0.9758661 seconds
[2023-10-01T16:46:01.262+0000][297.295s][info ][safepoint     ] Entering safepoint region: G1CollectForAllocation
[2023-10-01T16:46:01.264+0000][297.297s][info ][gc,start      ] GC(66) Pause Young (Normal) (G1 Evacuation Pause)
[2023-10-01T16:46:01.265+0000][297.297s][info ][gc,task       ] GC(66) Using 8 workers of 8 for evacuation
[2023-10-01T16:46:01.319+0000][297.351s][info ][gc,phases     ] GC(66)   Pre Evacuate Collection Set: 0.0ms
[2023-10-01T16:46:01.320+0000][297.352s][info ][gc,phases     ] GC(66)   Evacuate Collection Set: 43.2ms
[2023-10-01T16:46:01.331+0000][297.363s][info ][gc,phases     ] GC(66)   Post Evacuate Collection Set: 9.7ms
[2023-10-01T16:46:01.369+0000][297.402s][info ][gc,phases     ] GC(66)   Other: 1.7ms
[2023-10-01T16:46:01.381+0000][297.413s][info ][gc,heap       ] GC(66) Eden regions: 180->0(178)
[2023-10-01T16:46:01.382+0000][297.415s][info ][gc,heap       ] GC(66) Survivor regions: 14->14(25)
[2023-10-01T16:46:01.385+0000][297.417s][info ][gc,heap       ] GC(66) Old regions: 137->139
[2023-10-01T16:46:01.391+0000][297.423s][info ][gc,heap       ] GC(66) Humongous regions: 14->0
[2023-10-01T16:46:01.393+0000][297.425s][info ][gc,metaspace  ] GC(66) Metaspace: 152756K(157776K)->152756K(157776K) NonClass: 134902K(137936K)->134902K(137936K) Class: 17853K(19840K)->17853K(19840K)
[2023-10-01T16:46:01.394+0000][297.426s][info ][gc            ] GC(66) Pause Young (Normal) (G1 Evacuation Pause) 342M->150M(384M) 129.337ms
[2023-10-01T16:46:01.395+0000][297.428s][info ][gc,cpu        ] GC(66) User=0.37s Sys=0.00s Real=0.14s
[2023-10-01T16:46:01.397+0000][297.429s][info ][safepoint     ] Leaving safepoint region
[2023-10-01T16:46:01.398+0000][297.430s][info ][safepoint     ] Total time for which application threads were stopped: 0.1353956 seconds, Stopping threads took: 0.0014836 seconds
[2023-10-01T16:46:01.398+0000][297.431s][info ][gc,stringdedup] Concurrent String Deduplication (297.431s)
[2023-10-01T16:46:01.404+0000][297.436s][info ][gc,stringdedup] Concurrent String Deduplication 317.6K->173.8K(143.7K) avg 54.6% (297.431s, 297.436s) 5.756ms
[2023-10-01T16:46:02.398+0000][298.431s][debug][safepoint     ] Safepoint synchronization initiated. (169 threads)
[2023-10-01T16:46:02.399+0000][298.432s][info ][safepoint     ] Application time: 1.0011313 seconds
[2023-10-01T16:46:02.400+0000][298.432s][info ][safepoint     ] Entering safepoint region: Cleanup
[2023-10-01T16:46:02.401+0000][298.433s][info ][safepoint     ] Leaving safepoint region
[2023-10-01T16:46:02.401+0000][298.433s][info ][safepoint     ] Total time for which application threads were stopped: 0.0013888 seconds, Stopping threads took: 0.0007172 seconds
[2023-10-01T16:46:03.402+0000][299.434s][debug][safepoint     ] Safepoint synchronization initiated. (169 threads)
[2023-10-01T16:46:03.402+0000][299.435s][info ][safepoint     ] Application time: 1.0007998 seconds
[2023-10-01T16:46:03.403+0000][299.435s][info ][safepoint     ] Entering safepoint region: Cleanup
[2023-10-01T16:46:03.404+0000][299.436s][info ][safepoint     ] Leaving safepoint region
[2023-10-01T16:46:03.404+0000][299.436s][info ][safepoint     ] Total time for which application threads were stopped: 0.0012546 seconds, Stopping threads took: 0.0005108 seconds
[2023-10-01T16:46:04.405+0000][300.437s][debug][safepoint     ] Safepoint synchronization initiated. (169 threads)
[2023-10-01T16:46:04.406+0000][300.438s][info ][safepoint     ] Application time: 1.0007805 seconds
[2023-10-01T16:46:04.406+0000][300.438s][info ][safepoint     ] Entering safepoint region: Cleanup
[2023-10-01T16:46:04.407+0000][300.439s][info ][safepoint     ] Leaving safepoint region
[2023-10-01T16:46:04.407+0000][300.440s][info ][safepoint     ] Total time for which application threads were stopped: 0.0013486 seconds, Stopping threads took: 0.0006127 seconds
[2023-10-01T16:46:05.408+0000][301.440s][debug][safepoint     ] Safepoint synchronization initiated. (169 threads)
[2023-10-01T16:46:05.409+0000][301.441s][info ][safepoint     ] Application time: 1.0008955 seconds
[2023-10-01T16:46:05.409+0000][301.442s][info ][safepoint     ] Entering safepoint region: Cleanup
[2023-10-01T16:46:05.410+0000][301.442s][info ][safepoint     ] Leaving safepoint region
[2023-10-01T16:46:05.410+0000][301.443s][info ][safepoint     ] Total time for which application threads were stopped: 0.0011748 seconds, Stopping threads took: 0.0005044 seconds
[2023-10-01T16:46:06.411+0000][302.443s][debug][safepoint     ] Safepoint synchronization initiated. (169 threads)
[2023-10-01T16:46:06.412+0000][302.444s][info ][safepoint     ] Application time: 1.0007772 seconds
[2023-10-01T16:46:06.412+0000][302.444s][info ][safepoint     ] Entering safepoint region: Cleanup
[2023-10-01T16:46:06.413+0000][302.445s][info ][safepoint     ] Leaving safepoint region
[2023-10-01T16:46:06.413+0000][302.446s][info ][safepoint     ] Total time for which application threads were stopped: 0.0012342 seconds, Stopping threads took: 0.0005595 seconds
[2023-10-01T16:46:07.414+0000][303.446s][debug][safepoint     ] Safepoint synchronization initiated. (169 threads)
[2023-10-01T16:46:07.415+0000][303.447s][info ][safepoint     ] Application time: 1.0008945 seconds
[2023-10-01T16:46:07.415+0000][303.448s][info ][safepoint     ] Entering safepoint region: Cleanup
[2023-10-01T16:46:07.416+0000][303.448s][info ][safepoint     ] Leaving safepoint region
[2023-10-01T16:46:07.417+0000][303.449s][info ][safepoint     ] Total time for which application threads were stopped: 0.0013886 seconds, Stopping threads took: 0.0006515 seconds
[2023-10-01T16:46:08.417+0000][304.450s][debug][safepoint     ] Safepoint synchronization initiated. (169 threads)
[2023-10-01T16:46:08.418+0000][304.450s][info ][safepoint     ] Application time: 1.0008598 seconds
[2023-10-01T16:46:08.419+0000][304.451s][info ][safepoint     ] Entering safepoint region: Cleanup
[2023-10-01T16:46:08.419+0000][304.452s][info ][safepoint     ] Leaving safepoint region
[2023-10-01T16:46:08.420+0000][304.452s][info ][safepoint     ] Total time for which application threads were stopped: 0.0013541 seconds, Stopping threads took: 0.0006407 seconds
[2023-10-01T16:46:09.421+0000][305.453s][debug][safepoint     ] Safepoint synchronization initiated. (169 threads)
[2023-10-01T16:46:09.421+0000][305.454s][info ][safepoint     ] Application time: 1.0008643 seconds
[2023-10-01T16:46:09.422+0000][305.454s][debug][safepoint     ] ... found polling page return exception at pc = 0x00007f5188c32de2, stub =0x00007f5180840600
[2023-10-01T16:46:09.423+0000][305.455s][debug][safepoint     ] Waiting for 2 thread(s) to block
[2023-10-01T16:46:09.423+0000][305.456s][info ][safepoint     ] Entering safepoint region: Cleanup
[2023-10-01T16:46:09.424+0000][305.457s][info ][safepoint     ] Leaving safepoint region
[2023-10-01T16:46:09.425+0000][305.457s][info ][safepoint     ] Total time for which application threads were stopped: 0.0028608 seconds, Stopping threads took: 0.0020450 seconds
[2023-10-01T16:46:10.425+0000][306.458s][debug][safepoint     ] Safepoint synchronization initiated. (169 threads)
[2023-10-01T16:46:10.426+0000][306.458s][info ][safepoint     ] Application time: 1.0007881 seconds
[2023-10-01T16:46:10.427+0000][306.459s][info ][safepoint     ] Entering safepoint region: Cleanup
[2023-10-01T16:46:10.428+0000][306.460s][info ][safepoint     ] Leaving safepoint region
[2023-10-01T16:46:10.428+0000][306.461s][info ][safepoint     ] Total time for which application threads were stopped: 0.0014177 seconds, Stopping threads took: 0.0007200 seconds
[2023-10-01T16:46:11.429+0000][307.461s][debug][safepoint     ] Safepoint synchronization initiated. (169 threads)
[2023-10-01T16:46:11.430+0000][307.462s][info ][safepoint     ] Application time: 1.0008060 seconds
[2023-10-01T16:46:11.430+0000][307.463s][info ][safepoint     ] Entering safepoint region: Cleanup
[2023-10-01T16:46:11.431+0000][307.464s][info ][safepoint     ] Leaving safepoint region
[2023-10-01T16:46:11.432+0000][307.464s][info ][safepoint     ] Total time for which application threads were stopped: 0.0018329 seconds, Stopping threads took: 0.0010273 seconds
[2023-10-01T16:46:12.432+0000][308.465s][debug][safepoint     ] Safepoint synchronization initiated. (168 threads)
[2023-10-01T16:46:12.489+0000][308.522s][info ][safepoint     ] Application time: 1.0567303 seconds
[2023-10-01T16:46:12.528+0000][308.560s][info ][safepoint     ] Entering safepoint region: Cleanup
[2023-10-01T16:46:12.532+0000][308.565s][info ][safepoint     ] Leaving safepoint region
[2023-10-01T16:46:12.537+0000][308.570s][info ][safepoint     ] Total time for which application threads were stopped: 0.0093438 seconds, Stopping threads took: 0.0042711 seconds
[2023-10-01T16:46:13.538+0000][309.571s][debug][safepoint     ] Safepoint synchronization initiated. (168 threads)
[2023-10-01T16:46:13.539+0000][309.572s][info ][safepoint     ] Application time: 1.0012277 seconds
[2023-10-01T16:46:13.540+0000][309.573s][info ][safepoint     ] Entering safepoint region: Cleanup
[2023-10-01T16:46:13.541+0000][309.574s][info ][safepoint     ] Leaving safepoint region
[2023-10-01T16:46:13.541+0000][309.574s][info ][safepoint     ] Total time for which application threads were stopped: 0.0015977 seconds, Stopping threads took: 0.0007723 seconds
[2023-10-01T16:46:14.543+0000][310.575s][debug][safepoint     ] Safepoint synchronization initiated. (168 threads)
[2023-10-01T16:46:14.545+0000][310.578s][info ][safepoint     ] Application time: 1.0030040 seconds
[2023-10-01T16:46:14.547+0000][310.580s][info ][safepoint     ] Entering safepoint region: Cleanup
[2023-10-01T16:46:14.548+0000][310.581s][info ][safepoint     ] Leaving safepoint region
[2023-10-01T16:46:14.548+0000][310.581s][info ][safepoint     ] Total time for which application threads were stopped: 0.0016398 seconds, Stopping threads took: 0.0007225 seconds
[2023-10-01T16:46:15.549+0000][311.582s][debug][safepoint     ] Safepoint synchronization initiated. (168 threads)
[2023-10-01T16:46:15.550+0000][311.582s][info ][safepoint     ] Application time: 1.0007051 seconds
[2023-10-01T16:46:15.550+0000][311.583s][info ][safepoint     ] Entering safepoint region: Cleanup
[2023-10-01T16:46:15.551+0000][311.584s][info ][safepoint     ] Leaving safepoint region
[2023-10-01T16:46:15.551+0000][311.584s][info ][safepoint     ] Total time for which application threads were stopped: 0.0011822 seconds, Stopping threads took: 0.0005046 seconds
[2023-10-01T16:46:16.552+0000][312.585s][debug][safepoint     ] Safepoint synchronization initiated. (168 threads)
[2023-10-01T16:46:16.553+0000][312.585s][info ][safepoint     ] Application time: 1.0007764 seconds
[2023-10-01T16:46:16.553+0000][312.586s][info ][safepoint     ] Entering safepoint region: Cleanup
[2023-10-01T16:46:16.554+0000][312.587s][info ][safepoint     ] Leaving safepoint region
[2023-10-01T16:46:16.555+0000][312.588s][info ][safepoint     ] Total time for which application threads were stopped: 0.0015188 seconds, Stopping threads took: 0.0006179 seconds
[2023-10-01T16:46:17.556+0000][313.588s][debug][safepoint     ] Safepoint synchronization initiated. (168 threads)
[2023-10-01T16:46:17.557+0000][313.589s][info ][safepoint     ] Application time: 1.0011200 seconds
[2023-10-01T16:46:17.558+0000][313.591s][info ][safepoint     ] Entering safepoint region: Cleanup
[2023-10-01T16:46:17.559+0000][313.592s][info ][safepoint     ] Leaving safepoint region
[2023-10-01T16:46:17.559+0000][313.592s][info ][safepoint     ] Total time for which application threads were stopped: 0.0016392 seconds, Stopping threads took: 0.0007815 seconds
[2023-10-01T16:46:18.560+0000][314.593s][debug][safepoint     ] Safepoint synchronization initiated. (168 threads)
[2023-10-01T16:46:18.561+0000][314.594s][info ][safepoint     ] Application time: 1.0009377 seconds
[2023-10-01T16:46:18.562+0000][314.594s][info ][safepoint     ] Entering safepoint region: Cleanup
[2023-10-01T16:46:18.562+0000][314.595s][info ][safepoint     ] Leaving safepoint region
[2023-10-01T16:46:18.563+0000][314.596s][info ][safepoint     ] Total time for which application threads were stopped: 0.0013419 seconds, Stopping threads took: 0.0005810 seconds
[2023-10-01T16:46:19.564+0000][315.596s][debug][safepoint     ] Safepoint synchronization initiated. (168 threads)
[2023-10-01T16:46:19.566+0000][315.599s][info ][safepoint     ] Application time: 1.0026629 seconds
[2023-10-01T16:46:19.567+0000][315.599s][info ][safepoint     ] Entering safepoint region: Cleanup
[2023-10-01T16:46:19.567+0000][315.600s][info ][safepoint     ] Leaving safepoint region
[2023-10-01T16:46:19.568+0000][315.601s][info ][safepoint     ] Total time for which application threads were stopped: 0.0014201 seconds, Stopping threads took: 0.0006457 seconds
[2023-10-01T16:46:20.569+0000][316.602s][debug][safepoint     ] Safepoint synchronization initiated. (168 threads)
[2023-10-01T16:46:20.569+0000][316.602s][info ][safepoint     ] Application time: 1.0008685 seconds
[2023-10-01T16:46:20.570+0000][316.603s][info ][safepoint     ] Entering safepoint region: Cleanup
[2023-10-01T16:46:20.571+0000][316.604s][info ][safepoint     ] Leaving safepoint region
[2023-10-01T16:46:20.572+0000][316.604s][info ][safepoint     ] Total time for which application threads were stopped: 0.0015419 seconds, Stopping threads took: 0.0007077 seconds
[2023-10-01T16:46:21.572+0000][317.605s][debug][safepoint     ] Safepoint synchronization initiated. (168 threads)
[2023-10-01T16:46:21.573+0000][317.606s][info ][safepoint     ] Application time: 1.0007643 seconds
[2023-10-01T16:46:21.573+0000][317.606s][info ][safepoint     ] Entering safepoint region: Cleanup
[2023-10-01T16:46:21.574+0000][317.607s][info ][safepoint     ] Leaving safepoint region
[2023-10-01T16:46:21.574+0000][317.607s][info ][safepoint     ] Total time for which application threads were stopped: 0.0010913 seconds, Stopping threads took: 0.0004650 seconds
[2023-10-01T16:46:22.575+0000][318.608s][debug][safepoint     ] Safepoint synchronization initiated. (168 threads)
[2023-10-01T16:46:22.576+0000][318.608s][info ][safepoint     ] Application time: 1.0007630 seconds
[2023-10-01T16:46:22.576+0000][318.609s][info ][safepoint     ] Entering safepoint region: Cleanup
[2023-10-01T16:46:22.577+0000][318.610s][info ][safepoint     ] Leaving safepoint region
[2023-10-01T16:46:22.577+0000][318.610s][info ][safepoint     ] Total time for which application threads were stopped: 0.0012670 seconds, Stopping threads took: 0.0005794 seconds
[2023-10-01T16:46:23.578+0000][319.611s][debug][safepoint     ] Safepoint synchronization initiated. (168 threads)
[2023-10-01T16:46:23.579+0000][319.611s][info ][safepoint     ] Application time: 1.0007937 seconds
[2023-10-01T16:46:23.579+0000][319.612s][info ][safepoint     ] Entering safepoint region: Cleanup
[2023-10-01T16:46:23.580+0000][319.613s][info ][safepoint     ] Leaving safepoint region
[2023-10-01T16:46:23.581+0000][319.613s][info ][safepoint     ] Total time for which application threads were stopped: 0.0014912 seconds, Stopping threads took: 0.0006558 seconds
[2023-10-01T16:46:24.581+0000][320.614s][debug][safepoint     ] Safepoint synchronization initiated. (168 threads)
[2023-10-01T16:46:24.582+0000][320.615s][info ][safepoint     ] Application time: 1.0008022 seconds
[2023-10-01T16:46:24.583+0000][320.615s][debug][safepoint     ] ... found polling page loop exception at pc = 0x00007f518924100f, stub =0x00007f5180843680
[2023-10-01T16:46:24.583+0000][320.616s][debug][safepoint     ] Waiting for 1 thread(s) to block
[2023-10-01T16:46:24.584+0000][320.617s][info ][safepoint     ] Entering safepoint region: Cleanup
[2023-10-01T16:46:24.585+0000][320.618s][info ][safepoint     ] Leaving safepoint region
[2023-10-01T16:46:24.585+0000][320.618s][info ][safepoint     ] Total time for which application threads were stopped: 0.0027629 seconds, Stopping threads took: 0.0018617 seconds
[2023-10-01T16:46:25.586+0000][321.619s][debug][safepoint     ] Safepoint synchronization initiated. (168 threads)
[2023-10-01T16:46:25.587+0000][321.620s][info ][safepoint     ] Application time: 1.0012486 seconds
[2023-10-01T16:46:25.588+0000][321.621s][info ][safepoint     ] Entering safepoint region: Cleanup
[2023-10-01T16:46:25.589+0000][321.622s][info ][safepoint     ] Leaving safepoint region
[2023-10-01T16:46:25.590+0000][321.623s][info ][safepoint     ] Total time for which application threads were stopped: 0.0019585 seconds, Stopping threads took: 0.0009278 seconds
[2023-10-01T16:46:26.591+0000][322.624s][debug][safepoint     ] Safepoint synchronization initiated. (168 threads)
[2023-10-01T16:46:26.592+0000][322.624s][info ][safepoint     ] Application time: 1.0009851 seconds
[2023-10-01T16:46:26.592+0000][322.625s][info ][safepoint     ] Entering safepoint region: Cleanup
[2023-10-01T16:46:26.593+0000][322.626s][info ][safepoint     ] Leaving safepoint region
[2023-10-01T16:46:26.593+0000][322.626s][info ][safepoint     ] Total time for which application threads were stopped: 0.0011208 seconds, Stopping threads took: 0.0005355 seconds
[2023-10-01T16:46:27.594+0000][323.626s][debug][safepoint     ] Safepoint synchronization initiated. (168 threads)
[2023-10-01T16:46:27.594+0000][323.627s][info ][safepoint     ] Application time: 1.0007347 seconds
[2023-10-01T16:46:27.595+0000][323.628s][info ][safepoint     ] Entering safepoint region: Cleanup
[2023-10-01T16:46:27.596+0000][323.628s][info ][safepoint     ] Leaving safepoint region
[2023-10-01T16:46:27.596+0000][323.629s][info ][safepoint     ] Total time for which application threads were stopped: 0.0014161 seconds, Stopping threads took: 0.0005627 seconds
[2023-10-01T16:46:28.597+0000][324.630s][debug][safepoint     ] Safepoint synchronization initiated. (168 threads)
[2023-10-01T16:46:28.598+0000][324.630s][info ][safepoint     ] Application time: 1.0008390 seconds
[2023-10-01T16:46:28.598+0000][324.631s][info ][safepoint     ] Entering safepoint region: Cleanup
[2023-10-01T16:46:28.599+0000][324.632s][info ][safepoint     ] Leaving safepoint region
[2023-10-01T16:46:28.600+0000][324.632s][info ][safepoint     ] Total time for which application threads were stopped: 0.0013926 seconds, Stopping threads took: 0.0005676 seconds
[2023-10-01T16:46:29.600+0000][325.633s][debug][safepoint     ] Safepoint synchronization initiated. (168 threads)
[2023-10-01T16:46:29.601+0000][325.634s][info ][safepoint     ] Application time: 1.0010423 seconds
[2023-10-01T16:46:29.602+0000][325.635s][info ][safepoint     ] Entering safepoint region: Cleanup
[2023-10-01T16:46:29.603+0000][325.635s][info ][safepoint     ] Leaving safepoint region
[2023-10-01T16:46:29.605+0000][325.638s][info ][safepoint     ] Total time for which application threads were stopped: 0.0029858 seconds, Stopping threads took: 0.0005699 seconds
[2023-10-01T16:46:30.606+0000][326.638s][debug][safepoint     ] Safepoint synchronization initiated. (168 threads)
[2023-10-01T16:46:30.606+0000][326.639s][info ][safepoint     ] Application time: 1.0006813 seconds
[2023-10-01T16:46:30.607+0000][326.639s][debug][safepoint     ] ... found polling page return exception at pc = 0x00007f5188c01276, stub =0x00007f5180840600
[2023-10-01T16:46:30.607+0000][326.640s][debug][safepoint     ] Waiting for 1 thread(s) to block
[2023-10-01T16:46:30.608+0000][326.640s][info ][safepoint     ] Entering safepoint region: Cleanup
[2023-10-01T16:46:30.608+0000][326.641s][info ][safepoint     ] Leaving safepoint region
[2023-10-01T16:46:30.609+0000][326.641s][info ][safepoint     ] Total time for which application threads were stopped: 0.0019701 seconds, Stopping threads took: 0.0013494 seconds
[2023-10-01T16:46:31.609+0000][327.642s][debug][safepoint     ] Safepoint synchronization initiated. (168 threads)
[2023-10-01T16:46:31.610+0000][327.643s][info ][safepoint     ] Application time: 1.0010410 seconds
[2023-10-01T16:46:31.611+0000][327.643s][info ][safepoint     ] Entering safepoint region: Cleanup
[2023-10-01T16:46:31.612+0000][327.644s][info ][safepoint     ] Leaving safepoint region
[2023-10-01T16:46:31.612+0000][327.645s][info ][safepoint     ] Total time for which application threads were stopped: 0.0016019 seconds, Stopping threads took: 0.0006468 seconds
[2023-10-01T16:46:32.613+0000][328.646s][debug][safepoint     ] Safepoint synchronization initiated. (168 threads)
[2023-10-01T16:46:32.614+0000][328.646s][info ][safepoint     ] Application time: 1.0008223 seconds
[2023-10-01T16:46:32.614+0000][328.647s][info ][safepoint     ] Entering safepoint region: Cleanup
[2023-10-01T16:46:32.615+0000][328.647s][info ][safepoint     ] Leaving safepoint region
[2023-10-01T16:46:32.615+0000][328.648s][info ][safepoint     ] Total time for which application threads were stopped: 0.0012142 seconds, Stopping threads took: 0.0004640 seconds
[2023-10-01T16:46:33.616+0000][329.649s][debug][safepoint     ] Safepoint synchronization initiated. (168 threads)
[2023-10-01T16:46:33.617+0000][329.650s][info ][safepoint     ] Application time: 1.0010749 seconds
[2023-10-01T16:46:33.618+0000][329.650s][info ][safepoint     ] Entering safepoint region: Cleanup
[2023-10-01T16:46:33.618+0000][329.651s][info ][safepoint     ] Leaving safepoint region
[2023-10-01T16:46:33.619+0000][329.652s][info ][safepoint     ] Total time for which application threads were stopped: 0.0012612 seconds, Stopping threads took: 0.0005150 seconds
[2023-10-01T16:46:34.619+0000][330.652s][debug][safepoint     ] Safepoint synchronization initiated. (168 threads)
[2023-10-01T16:46:34.620+0000][330.653s][info ][safepoint     ] Application time: 1.0009290 seconds
[2023-10-01T16:46:34.621+0000][330.653s][info ][safepoint     ] Entering safepoint region: Cleanup
[2023-10-01T16:46:34.621+0000][330.654s][info ][safepoint     ] Leaving safepoint region
[2023-10-01T16:46:34.622+0000][330.655s][info ][safepoint     ] Total time for which application threads were stopped: 0.0012419 seconds, Stopping threads took: 0.0004767 seconds
[2023-10-01T16:46:35.623+0000][331.655s][debug][safepoint     ] Safepoint synchronization initiated. (168 threads)
[2023-10-01T16:46:35.623+0000][331.656s][info ][safepoint     ] Application time: 1.0010120 seconds
[2023-10-01T16:46:35.624+0000][331.657s][info ][safepoint     ] Entering safepoint region: Cleanup
[2023-10-01T16:46:35.625+0000][331.658s][info ][safepoint     ] Leaving safepoint region
[2023-10-01T16:46:35.625+0000][331.658s][info ][safepoint     ] Total time for which application threads were stopped: 0.0014720 seconds, Stopping threads took: 0.0006097 seconds
[2023-10-01T16:46:36.626+0000][332.659s][debug][safepoint     ] Safepoint synchronization initiated. (168 threads)
[2023-10-01T16:46:36.627+0000][332.660s][info ][safepoint     ] Application time: 1.0009133 seconds
[2023-10-01T16:46:36.627+0000][332.660s][info ][safepoint     ] Entering safepoint region: Cleanup
[2023-10-01T16:46:36.628+0000][332.661s][info ][safepoint     ] Leaving safepoint region
[2023-10-01T16:46:36.629+0000][332.661s][info ][safepoint     ] Total time for which application threads were stopped: 0.0012919 seconds, Stopping threads took: 0.0005325 seconds
[2023-10-01T16:46:37.629+0000][333.662s][debug][safepoint     ] Safepoint synchronization initiated. (168 threads)
[2023-10-01T16:46:37.630+0000][333.663s][info ][safepoint     ] Application time: 1.0007605 seconds
[2023-10-01T16:46:37.630+0000][333.663s][info ][safepoint     ] Entering safepoint region: Cleanup
[2023-10-01T16:46:37.631+0000][333.664s][info ][safepoint     ] Leaving safepoint region
[2023-10-01T16:46:37.632+0000][333.664s][info ][safepoint     ] Total time for which application threads were stopped: 0.0013815 seconds, Stopping threads took: 0.0005492 seconds
[2023-10-01T16:46:38.632+0000][334.665s][debug][safepoint     ] Safepoint synchronization initiated. (168 threads)
[2023-10-01T16:46:38.633+0000][334.666s][info ][safepoint     ] Application time: 1.0010663 seconds
[2023-10-01T16:46:38.634+0000][334.667s][info ][safepoint     ] Entering safepoint region: Cleanup
[2023-10-01T16:46:38.635+0000][334.668s][info ][safepoint     ] Leaving safepoint region
[2023-10-01T16:46:38.635+0000][334.668s][info ][safepoint     ] Total time for which application threads were stopped: 0.0015017 seconds, Stopping threads took: 0.0006249 seconds
[2023-10-01T16:46:39.636+0000][335.669s][debug][safepoint     ] Safepoint synchronization initiated. (168 threads)
[2023-10-01T16:46:39.637+0000][335.670s][info ][safepoint     ] Application time: 1.0006373 seconds
[2023-10-01T16:46:39.637+0000][335.670s][info ][safepoint     ] Entering safepoint region: Cleanup
[2023-10-01T16:46:39.638+0000][335.671s][info ][safepoint     ] Leaving safepoint region
[2023-10-01T16:46:39.638+0000][335.671s][info ][safepoint     ] Total time for which application threads were stopped: 0.0011050 seconds, Stopping threads took: 0.0004635 seconds
[2023-10-01T16:46:40.639+0000][336.672s][debug][safepoint     ] Safepoint synchronization initiated. (168 threads)
[2023-10-01T16:46:40.640+0000][336.672s][info ][safepoint     ] Application time: 1.0008058 seconds
[2023-10-01T16:46:40.640+0000][336.673s][info ][safepoint     ] Entering safepoint region: Cleanup
[2023-10-01T16:46:40.641+0000][336.674s][info ][safepoint     ] Leaving safepoint region
[2023-10-01T16:46:40.641+0000][336.674s][info ][safepoint     ] Total time for which application threads were stopped: 0.0013621 seconds, Stopping threads took: 0.0005101 seconds
[2023-10-01T16:46:41.642+0000][337.675s][debug][safepoint     ] Safepoint synchronization initiated. (168 threads)
[2023-10-01T16:46:41.643+0000][337.676s][info ][safepoint     ] Application time: 1.0009200 seconds
[2023-10-01T16:46:41.643+0000][337.676s][info ][safepoint     ] Entering safepoint region: Cleanup
[2023-10-01T16:46:41.644+0000][337.677s][info ][safepoint     ] Leaving safepoint region
[2023-10-01T16:46:41.645+0000][337.678s][info ][safepoint     ] Total time for which application threads were stopped: 0.0013898 seconds, Stopping threads took: 0.0005955 seconds
[2023-10-01T16:46:42.645+0000][338.678s][debug][safepoint     ] Safepoint synchronization initiated. (168 threads)
[2023-10-01T16:46:42.646+0000][338.679s][info ][safepoint     ] Application time: 1.0008084 seconds
[2023-10-01T16:46:42.647+0000][338.680s][info ][safepoint     ] Entering safepoint region: Cleanup
[2023-10-01T16:46:42.647+0000][338.680s][info ][safepoint     ] Leaving safepoint region
[2023-10-01T16:46:42.648+0000][338.681s][info ][safepoint     ] Total time for which application threads were stopped: 0.0018029 seconds, Stopping threads took: 0.0005759 seconds
[2023-10-01T16:46:43.649+0000][339.682s][debug][safepoint     ] Safepoint synchronization initiated. (168 threads)
[2023-10-01T16:46:43.650+0000][339.683s][info ][safepoint     ] Application time: 1.0008146 seconds
[2023-10-01T16:46:43.650+0000][339.683s][info ][safepoint     ] Entering safepoint region: Cleanup
[2023-10-01T16:46:43.651+0000][339.684s][info ][safepoint     ] Leaving safepoint region
[2023-10-01T16:46:43.652+0000][339.685s][info ][safepoint     ] Total time for which application threads were stopped: 0.0013909 seconds, Stopping threads took: 0.0006606 seconds
[2023-10-01T16:46:44.652+0000][340.685s][debug][safepoint     ] Safepoint synchronization initiated. (168 threads)
[2023-10-01T16:46:44.653+0000][340.686s][info ][safepoint     ] Application time: 1.0009883 seconds
[2023-10-01T16:46:44.654+0000][340.687s][info ][safepoint     ] Entering safepoint region: Cleanup
[2023-10-01T16:46:44.654+0000][340.687s][info ][safepoint     ] Leaving safepoint region
[2023-10-01T16:46:44.655+0000][340.688s][info ][safepoint     ] Total time for which application threads were stopped: 0.0012317 seconds, Stopping threads took: 0.0005867 seconds
[2023-10-01T16:46:45.655+0000][341.688s][debug][safepoint     ] Safepoint synchronization initiated. (168 threads)
[2023-10-01T16:46:45.656+0000][341.689s][info ][safepoint     ] Application time: 1.0008566 seconds
[2023-10-01T16:46:45.657+0000][341.689s][info ][safepoint     ] Entering safepoint region: Cleanup
[2023-10-01T16:46:45.657+0000][341.690s][info ][safepoint     ] Leaving safepoint region
[2023-10-01T16:46:45.658+0000][341.691s][info ][safepoint     ] Total time for which application threads were stopped: 0.0011385 seconds, Stopping threads took: 0.0004524 seconds
[2023-10-01T16:46:46.658+0000][342.691s][debug][safepoint     ] Safepoint synchronization initiated. (168 threads)
[2023-10-01T16:46:46.659+0000][342.692s][info ][safepoint     ] Application time: 1.0008744 seconds
[2023-10-01T16:46:46.659+0000][342.692s][info ][safepoint     ] Entering safepoint region: Cleanup
[2023-10-01T16:46:46.660+0000][342.693s][info ][safepoint     ] Leaving safepoint region
[2023-10-01T16:46:46.661+0000][342.694s][info ][safepoint     ] Total time for which application threads were stopped: 0.0014041 seconds, Stopping threads took: 0.0006315 seconds
[2023-10-01T16:46:46.660+0000][342.693s][debug][safepoint     ] ... found polling page return exception at pc = 0x00007f518923a9c4, stub =0x00007f5180840600
[2023-10-01T16:46:46.660+0000][342.693s][debug][safepoint     ] ... found polling page return exception at pc = 0x00007f518923a9c4, stub =0x00007f5180840600
[2023-10-01T16:46:46.660+0000][342.693s][debug][safepoint     ] ... found polling page return exception at pc = 0x00007f518923a9c4, stub =0x00007f5180840600
[2023-10-01T16:46:46.660+0000][342.693s][debug][safepoint     ] ... found polling page return exception at pc = 0x00007f518923a9c4, stub =0x00007f5180840600
[2023-10-01T16:46:46.660+0000][342.693s][debug][safepoint     ] ... found polling page return exception at pc = 0x00007f518923a9c4, stub =0x00007f5180840600
[2023-10-01T16:46:46.660+0000][342.693s][debug][safepoint     ] ... found polling page return exception at pc = 0x00007f518923a9c4, stub =0x00007f5180840600
[2023-10-01T16:46:47.662+0000][343.695s][debug][safepoint     ] Safepoint synchronization initiated. (168 threads)
[2023-10-01T16:46:47.662+0000][343.695s][info ][safepoint     ] Application time: 1.0008404 seconds
[2023-10-01T16:46:47.663+0000][343.696s][info ][safepoint     ] Entering safepoint region: Cleanup
[2023-10-01T16:46:47.664+0000][343.697s][info ][safepoint     ] Leaving safepoint region
[2023-10-01T16:46:47.664+0000][343.697s][info ][safepoint     ] Total time for which application threads were stopped: 0.0014380 seconds, Stopping threads took: 0.0005342 seconds
[2023-10-01T16:46:48.665+0000][344.698s][debug][safepoint     ] Safepoint synchronization initiated. (168 threads)
[2023-10-01T16:46:48.666+0000][344.698s][info ][safepoint     ] Application time: 1.0007233 seconds
[2023-10-01T16:46:48.666+0000][344.699s][info ][safepoint     ] Entering safepoint region: Cleanup
[2023-10-01T16:46:48.667+0000][344.700s][info ][safepoint     ] Leaving safepoint region
[2023-10-01T16:46:48.667+0000][344.700s][info ][safepoint     ] Total time for which application threads were stopped: 0.0011819 seconds, Stopping threads took: 0.0004487 seconds
[2023-10-01T16:46:49.668+0000][345.701s][debug][safepoint     ] Safepoint synchronization initiated. (168 threads)
[2023-10-01T16:46:49.669+0000][345.702s][info ][safepoint     ] Application time: 1.0007426 seconds
[2023-10-01T16:46:49.669+0000][345.702s][info ][safepoint     ] Entering safepoint region: Cleanup
[2023-10-01T16:46:49.670+0000][345.703s][info ][safepoint     ] Leaving safepoint region
[2023-10-01T16:46:49.670+0000][345.703s][info ][safepoint     ] Total time for which application threads were stopped: 0.0009196 seconds, Stopping threads took: 0.0003605 seconds
[2023-10-01T16:46:50.670+0000][346.703s][debug][safepoint     ] Safepoint synchronization initiated. (168 threads)
[2023-10-01T16:46:50.671+0000][346.704s][info ][safepoint     ] Application time: 1.0008356 seconds
[2023-10-01T16:46:50.672+0000][346.705s][info ][safepoint     ] Entering safepoint region: Cleanup
[2023-10-01T16:46:50.672+0000][346.705s][info ][safepoint     ] Leaving safepoint region
[2023-10-01T16:46:50.672+0000][346.705s][info ][safepoint     ] Total time for which application threads were stopped: 0.0009776 seconds, Stopping threads took: 0.0004407 seconds
[2023-10-01T16:46:51.673+0000][347.706s][debug][safepoint     ] Safepoint synchronization initiated. (168 threads)
[2023-10-01T16:46:51.674+0000][347.707s][info ][safepoint     ] Application time: 1.0009409 seconds
[2023-10-01T16:46:51.674+0000][347.707s][info ][safepoint     ] Entering safepoint region: Cleanup
[2023-10-01T16:46:51.675+0000][347.708s][info ][safepoint     ] Leaving safepoint region
[2023-10-01T16:46:51.676+0000][347.709s][info ][safepoint     ] Total time for which application threads were stopped: 0.0012845 seconds, Stopping threads took: 0.0005820 seconds
[2023-10-01T16:46:52.676+0000][348.709s][debug][safepoint     ] Safepoint synchronization initiated. (168 threads)
[2023-10-01T16:46:52.677+0000][348.710s][info ][safepoint     ] Application time: 1.0006456 seconds
[2023-10-01T16:46:52.677+0000][348.710s][info ][safepoint     ] Entering safepoint region: Cleanup
[2023-10-01T16:46:52.678+0000][348.711s][info ][safepoint     ] Leaving safepoint region
[2023-10-01T16:46:52.679+0000][348.712s][info ][safepoint     ] Total time for which application threads were stopped: 0.0013745 seconds, Stopping threads took: 0.0004613 seconds
[2023-10-01T16:46:53.679+0000][349.712s][debug][safepoint     ] Safepoint synchronization initiated. (168 threads)
[2023-10-01T16:46:53.680+0000][349.713s][info ][safepoint     ] Application time: 1.0008849 seconds
[2023-10-01T16:46:53.681+0000][349.714s][info ][safepoint     ] Entering safepoint region: Cleanup
[2023-10-01T16:46:53.681+0000][349.714s][info ][safepoint     ] Leaving safepoint region
[2023-10-01T16:46:53.682+0000][349.715s][info ][safepoint     ] Total time for which application threads were stopped: 0.0011434 seconds, Stopping threads took: 0.0004561 seconds
[2023-10-01T16:46:54.683+0000][350.716s][debug][safepoint     ] Safepoint synchronization initiated. (168 threads)
[2023-10-01T16:46:54.683+0000][350.716s][info ][safepoint     ] Application time: 1.0010976 seconds
[2023-10-01T16:46:54.684+0000][350.717s][info ][safepoint     ] Entering safepoint region: Cleanup
[2023-10-01T16:46:54.685+0000][350.718s][info ][safepoint     ] Leaving safepoint region
[2023-10-01T16:46:54.685+0000][350.718s][info ][safepoint     ] Total time for which application threads were stopped: 0.0014688 seconds, Stopping threads took: 0.0006297 seconds
[2023-10-01T16:46:55.686+0000][351.719s][debug][safepoint     ] Safepoint synchronization initiated. (168 threads)
[2023-10-01T16:46:55.687+0000][351.720s][info ][safepoint     ] Application time: 1.0008878 seconds
[2023-10-01T16:46:55.687+0000][351.720s][info ][safepoint     ] Entering safepoint region: Cleanup
[2023-10-01T16:46:55.688+0000][351.721s][info ][safepoint     ] Leaving safepoint region
[2023-10-01T16:46:55.688+0000][351.721s][info ][safepoint     ] Total time for which application threads were stopped: 0.0011676 seconds, Stopping threads took: 0.0005180 seconds
[2023-10-01T16:46:56.689+0000][352.722s][debug][safepoint     ] Safepoint synchronization initiated. (168 threads)
[2023-10-01T16:46:56.690+0000][352.722s][info ][safepoint     ] Application time: 1.0006670 seconds
[2023-10-01T16:46:56.690+0000][352.723s][info ][safepoint     ] Entering safepoint region: Cleanup
[2023-10-01T16:46:56.691+0000][352.724s][info ][safepoint     ] Leaving safepoint region
[2023-10-01T16:46:56.691+0000][352.724s][info ][safepoint     ] Total time for which application threads were stopped: 0.0012551 seconds, Stopping threads took: 0.0006059 seconds
[2023-10-01T16:46:57.692+0000][353.725s][debug][safepoint     ] Safepoint synchronization initiated. (168 threads)
[2023-10-01T16:46:57.693+0000][353.726s][info ][safepoint     ] Application time: 1.0007246 seconds
[2023-10-01T16:46:57.693+0000][353.726s][info ][safepoint     ] Entering safepoint region: Cleanup
[2023-10-01T16:46:57.694+0000][353.727s][info ][safepoint     ] Leaving safepoint region
[2023-10-01T16:46:57.694+0000][353.727s][info ][safepoint     ] Total time for which application threads were stopped: 0.0013326 seconds, Stopping threads took: 0.0005838 seconds
[2023-10-01T16:46:58.695+0000][354.728s][debug][safepoint     ] Safepoint synchronization initiated. (168 threads)
[2023-10-01T16:46:58.696+0000][354.729s][info ][safepoint     ] Application time: 1.0007225 seconds
[2023-10-01T16:46:58.696+0000][354.729s][info ][safepoint     ] Entering safepoint region: Cleanup
[2023-10-01T16:46:58.697+0000][354.730s][info ][safepoint     ] Leaving safepoint region
[2023-10-01T16:46:58.697+0000][354.730s][info ][safepoint     ] Total time for which application threads were stopped: 0.0012726 seconds, Stopping threads took: 0.0005669 seconds
[2023-10-01T16:46:59.698+0000][355.731s][debug][safepoint     ] Safepoint synchronization initiated. (168 threads)
[2023-10-01T16:46:59.698+0000][355.731s][info ][safepoint     ] Application time: 1.0006766 seconds
[2023-10-01T16:46:59.699+0000][355.732s][info ][safepoint     ] Entering safepoint region: Cleanup
[2023-10-01T16:46:59.699+0000][355.732s][info ][safepoint     ] Leaving safepoint region
[2023-10-01T16:46:59.700+0000][355.733s][info ][safepoint     ] Total time for which application threads were stopped: 0.0009359 seconds, Stopping threads took: 0.0003792 seconds
[2023-10-01T16:47:00.700+0000][356.733s][debug][safepoint     ] Safepoint synchronization initiated. (168 threads)
[2023-10-01T16:47:00.701+0000][356.734s][info ][safepoint     ] Application time: 1.0007717 seconds
[2023-10-01T16:47:00.701+0000][356.734s][info ][safepoint     ] Entering safepoint region: Cleanup
[2023-10-01T16:47:00.702+0000][356.735s][info ][safepoint     ] Leaving safepoint region
[2023-10-01T16:47:00.703+0000][356.736s][info ][safepoint     ] Total time for which application threads were stopped: 0.0012950 seconds, Stopping threads took: 0.0006088 seconds
[2023-10-01T16:47:01.703+0000][357.736s][debug][safepoint     ] Safepoint synchronization initiated. (168 threads)
[2023-10-01T16:47:01.704+0000][357.737s][info ][safepoint     ] Application time: 1.0008679 seconds
[2023-10-01T16:47:01.705+0000][357.738s][info ][safepoint     ] Entering safepoint region: Cleanup
[2023-10-01T16:47:01.705+0000][357.738s][info ][safepoint     ] Leaving safepoint region
[2023-10-01T16:47:01.706+0000][357.739s][info ][safepoint     ] Total time for which application threads were stopped: 0.0011912 seconds, Stopping threads took: 0.0005672 seconds
[2023-10-01T16:47:02.706+0000][358.739s][debug][safepoint     ] Safepoint synchronization initiated. (168 threads)
[2023-10-01T16:47:02.707+0000][358.740s][info ][safepoint     ] Application time: 1.0006624 seconds
[2023-10-01T16:47:02.707+0000][358.740s][info ][safepoint     ] Entering safepoint region: Cleanup
[2023-10-01T16:47:02.708+0000][358.741s][info ][safepoint     ] Leaving safepoint region
[2023-10-01T16:47:02.709+0000][358.742s][info ][safepoint     ] Total time for which application threads were stopped: 0.0011686 seconds, Stopping threads took: 0.0004869 seconds
[2023-10-01T16:47:03.709+0000][359.742s][debug][safepoint     ] Safepoint synchronization initiated. (168 threads)
[2023-10-01T16:47:03.710+0000][359.743s][info ][safepoint     ] Application time: 1.0009055 seconds
[2023-10-01T16:47:03.710+0000][359.743s][info ][safepoint     ] Entering safepoint region: Cleanup
[2023-10-01T16:47:03.711+0000][359.744s][info ][safepoint     ] Leaving safepoint region
[2023-10-01T16:47:03.712+0000][359.745s][info ][safepoint     ] Total time for which application threads were stopped: 0.0014418 seconds, Stopping threads took: 0.0005543 seconds
[2023-10-01T16:47:04.712+0000][360.745s][debug][safepoint     ] Safepoint synchronization initiated. (168 threads)
[2023-10-01T16:47:04.713+0000][360.746s][info ][safepoint     ] Application time: 1.0006641 seconds
[2023-10-01T16:47:04.713+0000][360.746s][info ][safepoint     ] Entering safepoint region: Cleanup
[2023-10-01T16:47:04.714+0000][360.747s][info ][safepoint     ] Leaving safepoint region
[2023-10-01T16:47:04.714+0000][360.747s][info ][safepoint     ] Total time for which application threads were stopped: 0.0010062 seconds, Stopping threads took: 0.0004695 seconds
[2023-10-01T16:47:05.715+0000][361.748s][debug][safepoint     ] Safepoint synchronization initiated. (168 threads)
[2023-10-01T16:47:05.716+0000][361.749s][info ][safepoint     ] Application time: 1.0008699 seconds
[2023-10-01T16:47:05.716+0000][361.749s][info ][safepoint     ] Entering safepoint region: Cleanup
[2023-10-01T16:47:05.717+0000][361.750s][info ][safepoint     ] Leaving safepoint region
[2023-10-01T16:47:05.717+0000][361.750s][info ][safepoint     ] Total time for which application threads were stopped: 0.0012029 seconds, Stopping threads took: 0.0004054 seconds
[2023-10-01T16:47:06.718+0000][362.751s][debug][safepoint     ] Safepoint synchronization initiated. (168 threads)
[2023-10-01T16:47:06.718+0000][362.751s][info ][safepoint     ] Application time: 1.0005906 seconds
[2023-10-01T16:47:06.719+0000][362.752s][info ][safepoint     ] Entering safepoint region: Cleanup
[2023-10-01T16:47:06.719+0000][362.752s][info ][safepoint     ] Leaving safepoint region
[2023-10-01T16:47:06.720+0000][362.753s][info ][safepoint     ] Total time for which application threads were stopped: 0.0011800 seconds, Stopping threads took: 0.0003894 seconds
[2023-10-01T16:47:07.720+0000][363.753s][debug][safepoint     ] Safepoint synchronization initiated. (168 threads)
[2023-10-01T16:47:07.721+0000][363.754s][info ][safepoint     ] Application time: 1.0007621 seconds
[2023-10-01T16:47:07.722+0000][363.755s][info ][safepoint     ] Entering safepoint region: Cleanup
[2023-10-01T16:47:07.723+0000][363.756s][info ][safepoint     ] Leaving safepoint region
[2023-10-01T16:47:07.723+0000][363.756s][info ][safepoint     ] Total time for which application threads were stopped: 0.0016605 seconds, Stopping threads took: 0.0007937 seconds
[2023-10-01T16:47:08.724+0000][364.757s][debug][safepoint     ] Safepoint synchronization initiated. (168 threads)
[2023-10-01T16:47:08.725+0000][364.758s][info ][safepoint     ] Application time: 1.0010425 seconds
[2023-10-01T16:47:08.725+0000][364.758s][info ][safepoint     ] Entering safepoint region: Cleanup
[2023-10-01T16:47:08.726+0000][364.759s][info ][safepoint     ] Leaving safepoint region
[2023-10-01T16:47:08.727+0000][364.759s][info ][safepoint     ] Total time for which application threads were stopped: 0.0013341 seconds, Stopping threads took: 0.0005649 seconds
[2023-10-01T16:47:09.727+0000][365.760s][debug][safepoint     ] Safepoint synchronization initiated. (168 threads)
[2023-10-01T16:47:09.728+0000][365.761s][info ][safepoint     ] Application time: 1.0008848 seconds
[2023-10-01T16:47:09.729+0000][365.762s][info ][safepoint     ] Entering safepoint region: Cleanup
[2023-10-01T16:47:09.730+0000][365.763s][info ][safepoint     ] Leaving safepoint region
[2023-10-01T16:47:09.730+0000][365.763s][info ][safepoint     ] Total time for which application threads were stopped: 0.0016421 seconds, Stopping threads took: 0.0008156 seconds
[2023-10-01T16:47:10.731+0000][366.764s][debug][safepoint     ] Safepoint synchronization initiated. (168 threads)
[2023-10-01T16:47:10.733+0000][366.766s][info ][safepoint     ] Application time: 1.0018065 seconds
[2023-10-01T16:47:10.733+0000][366.766s][info ][safepoint     ] Entering safepoint region: Cleanup
[2023-10-01T16:47:10.735+0000][366.768s][info ][safepoint     ] Leaving safepoint region
[2023-10-01T16:47:10.736+0000][366.769s][info ][safepoint     ] Total time for which application threads were stopped: 0.0031083 seconds, Stopping threads took: 0.0007805 seconds
[2023-10-01T16:47:11.738+0000][367.771s][debug][safepoint     ] Safepoint synchronization initiated. (168 threads)
[2023-10-01T16:47:11.738+0000][367.771s][info ][safepoint     ] Application time: 1.0008907 seconds
[2023-10-01T16:47:11.739+0000][367.772s][info ][safepoint     ] Entering safepoint region: Cleanup
[2023-10-01T16:47:11.740+0000][367.773s][info ][safepoint     ] Leaving safepoint region
[2023-10-01T16:47:11.740+0000][367.773s][info ][safepoint     ] Total time for which application threads were stopped: 0.0014355 seconds, Stopping threads took: 0.0006056 seconds
[2023-10-01T16:47:12.740+0000][368.774s][debug][safepoint     ] Safepoint synchronization initiated. (167 threads)
[2023-10-01T16:47:12.741+0000][368.775s][info ][safepoint     ] Application time: 1.0008317 seconds
[2023-10-01T16:47:12.741+0000][368.775s][info ][safepoint     ] Entering safepoint region: Cleanup
[2023-10-01T16:47:12.742+0000][368.776s][info ][safepoint     ] Leaving safepoint region
[2023-10-01T16:47:12.743+0000][368.777s][info ][safepoint     ] Total time for which application threads were stopped: 0.0013814 seconds, Stopping threads took: 0.0005245 seconds
[2023-10-01T16:47:12.742+0000][368.776s][debug][safepoint     ] ... found polling page return exception at pc = 0x00007f518923a9c4, stub =0x00007f5180840600
[2023-10-01T16:47:12.742+0000][368.776s][debug][safepoint     ] ... found polling page return exception at pc = 0x00007f518923a9c4, stub =0x00007f5180840600
[2023-10-01T16:47:12.742+0000][368.776s][debug][safepoint     ] ... found polling page return exception at pc = 0x00007f518923a9c4, stub =0x00007f5180840600
[2023-10-01T16:47:12.742+0000][368.776s][debug][safepoint     ] ... found polling page return exception at pc = 0x00007f518923a9c4, stub =0x00007f5180840600
[2023-10-01T16:47:12.742+0000][368.776s][debug][safepoint     ] ... found polling page return exception at pc = 0x00007f518923a9c4, stub =0x00007f5180840600
[2023-10-01T16:47:13.743+0000][369.777s][debug][safepoint     ] Safepoint synchronization initiated. (167 threads)
[2023-10-01T16:47:13.744+0000][369.778s][info ][safepoint     ] Application time: 1.0007779 seconds
[2023-10-01T16:47:13.745+0000][369.778s][info ][safepoint     ] Entering safepoint region: Cleanup
[2023-10-01T16:47:13.745+0000][369.779s][info ][safepoint     ] Leaving safepoint region
[2023-10-01T16:47:13.746+0000][369.780s][info ][safepoint     ] Total time for which application threads were stopped: 0.0013147 seconds, Stopping threads took: 0.0006197 seconds
[2023-10-01T16:47:14.747+0000][370.780s][debug][safepoint     ] Safepoint synchronization initiated. (167 threads)
[2023-10-01T16:47:14.748+0000][370.781s][info ][safepoint     ] Application time: 1.0013594 seconds
[2023-10-01T16:47:14.748+0000][370.782s][info ][safepoint     ] Entering safepoint region: Cleanup
[2023-10-01T16:47:14.749+0000][370.783s][info ][safepoint     ] Leaving safepoint region
[2023-10-01T16:47:14.751+0000][370.785s][info ][safepoint     ] Total time for which application threads were stopped: 0.0031376 seconds, Stopping threads took: 0.0006467 seconds
[2023-10-01T16:47:15.753+0000][371.786s][debug][safepoint     ] Safepoint synchronization initiated. (167 threads)
[2023-10-01T16:47:15.753+0000][371.787s][info ][safepoint     ] Application time: 1.0008512 seconds
[2023-10-01T16:47:15.754+0000][371.788s][info ][safepoint     ] Entering safepoint region: Cleanup
[2023-10-01T16:47:15.755+0000][371.788s][info ][safepoint     ] Leaving safepoint region
[2023-10-01T16:47:15.755+0000][371.789s][info ][safepoint     ] Total time for which application threads were stopped: 0.0012889 seconds, Stopping threads took: 0.0005563 seconds
[2023-10-01T16:47:16.756+0000][372.790s][debug][safepoint     ] Safepoint synchronization initiated. (167 threads)
[2023-10-01T16:47:16.756+0000][372.790s][info ][safepoint     ] Application time: 1.0006272 seconds
[2023-10-01T16:47:16.757+0000][372.791s][info ][safepoint     ] Entering safepoint region: Cleanup
[2023-10-01T16:47:16.757+0000][372.791s][info ][safepoint     ] Leaving safepoint region
[2023-10-01T16:47:16.758+0000][372.792s][info ][safepoint     ] Total time for which application threads were stopped: 0.0010748 seconds, Stopping threads took: 0.0003952 seconds
[2023-10-01T16:47:17.758+0000][373.792s][debug][safepoint     ] Safepoint synchronization initiated. (167 threads)
[2023-10-01T16:47:17.759+0000][373.793s][info ][safepoint     ] Application time: 1.0008550 seconds
[2023-10-01T16:47:17.760+0000][373.793s][info ][safepoint     ] Entering safepoint region: Cleanup
[2023-10-01T16:47:17.761+0000][373.794s][info ][safepoint     ] Leaving safepoint region
[2023-10-01T16:47:17.761+0000][373.795s][info ][safepoint     ] Total time for which application threads were stopped: 0.0017327 seconds, Stopping threads took: 0.0006134 seconds
[2023-10-01T16:47:18.762+0000][374.796s][debug][safepoint     ] Safepoint synchronization initiated. (167 threads)
[2023-10-01T16:47:18.763+0000][374.797s][info ][safepoint     ] Application time: 1.0011923 seconds
[2023-10-01T16:47:18.764+0000][374.797s][info ][safepoint     ] Entering safepoint region: Cleanup
[2023-10-01T16:47:18.765+0000][374.798s][info ][safepoint     ] Leaving safepoint region
[2023-10-01T16:47:18.765+0000][374.799s][info ][safepoint     ] Total time for which application threads were stopped: 0.0014447 seconds, Stopping threads took: 0.0006786 seconds
[2023-10-01T16:47:19.766+0000][375.799s][debug][safepoint     ] Safepoint synchronization initiated. (167 threads)
[2023-10-01T16:47:19.766+0000][375.800s][info ][safepoint     ] Application time: 1.0007475 seconds
[2023-10-01T16:47:19.767+0000][375.801s][info ][safepoint     ] Entering safepoint region: Cleanup
[2023-10-01T16:47:19.768+0000][375.801s][info ][safepoint     ] Leaving safepoint region
[2023-10-01T16:47:19.768+0000][375.802s][info ][safepoint     ] Total time for which application threads were stopped: 0.0012123 seconds, Stopping threads took: 0.0005136 seconds
[2023-10-01T16:47:20.769+0000][376.802s][debug][safepoint     ] Safepoint synchronization initiated. (167 threads)
[2023-10-01T16:47:20.769+0000][376.803s][info ][safepoint     ] Application time: 1.0009905 seconds
[2023-10-01T16:47:20.770+0000][376.804s][info ][safepoint     ] Entering safepoint region: Cleanup
[2023-10-01T16:47:20.771+0000][376.805s][info ][safepoint     ] Leaving safepoint region
[2023-10-01T16:47:20.772+0000][376.805s][info ][safepoint     ] Total time for which application threads were stopped: 0.0014383 seconds, Stopping threads took: 0.0006664 seconds
[2023-10-01T16:47:21.772+0000][377.806s][debug][safepoint     ] Safepoint synchronization initiated. (167 threads)
[2023-10-01T16:47:21.773+0000][377.807s][info ][safepoint     ] Application time: 1.0008508 seconds
[2023-10-01T16:47:21.773+0000][377.807s][info ][safepoint     ] Entering safepoint region: Cleanup
[2023-10-01T16:47:21.774+0000][377.808s][info ][safepoint     ] Leaving safepoint region
[2023-10-01T16:47:21.775+0000][377.808s][info ][safepoint     ] Total time for which application threads were stopped: 0.0012953 seconds, Stopping threads took: 0.0004969 seconds
[2023-10-01T16:47:22.775+0000][378.809s][debug][safepoint     ] Safepoint synchronization initiated. (167 threads)
[2023-10-01T16:47:22.776+0000][378.810s][info ][safepoint     ] Application time: 1.0008232 seconds
[2023-10-01T16:47:22.777+0000][378.810s][info ][safepoint     ] Entering safepoint region: Cleanup
[2023-10-01T16:47:22.777+0000][378.811s][info ][safepoint     ] Leaving safepoint region
[2023-10-01T16:47:22.778+0000][378.812s][info ][safepoint     ] Total time for which application threads were stopped: 0.0014531 seconds, Stopping threads took: 0.0007505 seconds
[2023-10-01T16:47:23.762+0000][379.795s][debug][safepoint     ] Safepoint synchronization initiated. (169 threads)
[2023-10-01T16:47:23.763+0000][379.796s][info ][safepoint     ] Application time: 0.9840791 seconds
[2023-10-01T16:47:23.764+0000][379.797s][info ][safepoint     ] Entering safepoint region: Deoptimize
[2023-10-01T16:47:23.767+0000][379.801s][info ][safepoint     ] Leaving safepoint region
[2023-10-01T16:47:23.768+0000][379.802s][info ][safepoint     ] Total time for which application threads were stopped: 0.0042530 seconds, Stopping threads took: 0.0006382 seconds
[2023-10-01T16:47:23.819+0000][379.852s][debug][safepoint     ] Safepoint synchronization initiated. (168 threads)
[2023-10-01T16:47:23.819+0000][379.853s][info ][safepoint     ] Application time: 0.0511065 seconds
[2023-10-01T16:47:23.820+0000][379.854s][info ][safepoint     ] Entering safepoint region: Deoptimize
[2023-10-01T16:47:23.824+0000][379.857s][info ][safepoint     ] Leaving safepoint region
[2023-10-01T16:47:23.824+0000][379.858s][info ][safepoint     ] Total time for which application threads were stopped: 0.0041671 seconds, Stopping threads took: 0.0005274 seconds
[2023-10-01T16:47:23.827+0000][379.861s][debug][safepoint     ] Safepoint synchronization initiated. (168 threads)
[2023-10-01T16:47:23.828+0000][379.862s][info ][safepoint     ] Application time: 0.0021477 seconds
[2023-10-01T16:47:23.829+0000][379.863s][info ][safepoint     ] Entering safepoint region: Deoptimize
[2023-10-01T16:47:23.833+0000][379.866s][info ][safepoint     ] Leaving safepoint region
[2023-10-01T16:47:23.834+0000][379.867s][info ][safepoint     ] Total time for which application threads were stopped: 0.0043101 seconds, Stopping threads took: 0.0007422 seconds
[2023-10-01T16:47:23.839+0000][379.872s][debug][safepoint     ] Safepoint synchronization initiated. (168 threads)
[2023-10-01T16:47:23.839+0000][379.873s][info ][safepoint     ] Application time: 0.0050423 seconds
[2023-10-01T16:47:23.840+0000][379.874s][info ][safepoint     ] Entering safepoint region: Deoptimize
[2023-10-01T16:47:23.844+0000][379.878s][info ][safepoint     ] Leaving safepoint region
[2023-10-01T16:47:23.845+0000][379.879s][info ][safepoint     ] Total time for which application threads were stopped: 0.0050381 seconds, Stopping threads took: 0.0006402 seconds
[2023-10-01T16:47:23.968+0000][380.002s][debug][safepoint     ] Safepoint synchronization initiated. (169 threads)
[2023-10-01T16:47:23.969+0000][380.003s][info ][safepoint     ] Application time: 0.1224238 seconds
[2023-10-01T16:47:23.970+0000][380.003s][info ][safepoint     ] Entering safepoint region: Deoptimize
[2023-10-01T16:47:23.973+0000][380.007s][info ][safepoint     ] Leaving safepoint region
[2023-10-01T16:47:23.974+0000][380.007s][info ][safepoint     ] Total time for which application threads were stopped: 0.0040955 seconds, Stopping threads took: 0.0006391 seconds
[2023-10-01T16:47:23.999+0000][380.032s][debug][safepoint     ] Safepoint synchronization initiated. (169 threads)
[2023-10-01T16:47:24.001+0000][380.034s][info ][safepoint     ] Application time: 0.0264848 seconds
[2023-10-01T16:47:24.001+0000][380.035s][info ][safepoint     ] Entering safepoint region: Deoptimize
[2023-10-01T16:47:24.005+0000][380.038s][info ][safepoint     ] Leaving safepoint region
[2023-10-01T16:47:24.005+0000][380.039s][info ][safepoint     ] Total time for which application threads were stopped: 0.0038961 seconds, Stopping threads took: 0.0006159 seconds
[2023-10-01T16:47:24.384+0000][380.418s][debug][safepoint     ] Safepoint synchronization initiated. (170 threads)
[2023-10-01T16:47:24.386+0000][380.420s][info ][safepoint     ] Application time: 0.3806174 seconds
[2023-10-01T16:47:24.387+0000][380.421s][debug][safepoint     ] Waiting for 1 thread(s) to block
[2023-10-01T16:47:24.388+0000][380.421s][info ][safepoint     ] Entering safepoint region: ICBufferFull
[2023-10-01T16:47:24.389+0000][380.423s][info ][safepoint     ] Leaving safepoint region
[2023-10-01T16:47:24.389+0000][380.423s][info ][safepoint     ] Total time for which application threads were stopped: 0.0025564 seconds, Stopping threads took: 0.0013975 seconds
[2023-10-01T16:47:24.697+0000][380.730s][debug][safepoint     ] Safepoint synchronization initiated. (170 threads)
[2023-10-01T16:47:24.698+0000][380.731s][info ][safepoint     ] Application time: 0.3076106 seconds
[2023-10-01T16:47:24.698+0000][380.732s][info ][safepoint     ] Entering safepoint region: G1CollectForAllocation
[2023-10-01T16:47:24.699+0000][380.733s][info ][gc,start      ] GC(67) Pause Young (Normal) (G1 Evacuation Pause)
[2023-10-01T16:47:24.700+0000][380.733s][info ][gc,task       ] GC(67) Using 8 workers of 8 for evacuation
[2023-10-01T16:47:24.728+0000][380.762s][info ][gc,phases     ] GC(67)   Pre Evacuate Collection Set: 0.0ms
[2023-10-01T16:47:24.729+0000][380.762s][info ][gc,phases     ] GC(67)   Evacuate Collection Set: 22.3ms
[2023-10-01T16:47:24.729+0000][380.763s][info ][gc,phases     ] GC(67)   Post Evacuate Collection Set: 5.0ms
[2023-10-01T16:47:24.730+0000][380.764s][info ][gc,phases     ] GC(67)   Other: 1.5ms
[2023-10-01T16:47:24.731+0000][380.764s][info ][gc,heap       ] GC(67) Eden regions: 178->0(178)
[2023-10-01T16:47:24.731+0000][380.765s][info ][gc,heap       ] GC(67) Survivor regions: 14->13(24)
[2023-10-01T16:47:24.732+0000][380.765s][info ][gc,heap       ] GC(67) Old regions: 139->141
[2023-10-01T16:47:24.732+0000][380.766s][info ][gc,heap       ] GC(67) Humongous regions: 0->0
[2023-10-01T16:47:24.733+0000][380.766s][info ][gc,metaspace  ] GC(67) Metaspace: 156409K(161616K)->156409K(161616K) NonClass: 138104K(141264K)->138104K(141264K) Class: 18304K(20352K)->18304K(20352K)
[2023-10-01T16:47:24.733+0000][380.767s][info ][gc            ] GC(67) Pause Young (Normal) (G1 Evacuation Pause) 328M->152M(384M) 34.128ms
[2023-10-01T16:47:24.734+0000][380.767s][info ][gc,cpu        ] GC(67) User=0.20s Sys=0.01s Real=0.04s
[2023-10-01T16:47:24.734+0000][380.768s][info ][safepoint     ] Leaving safepoint region
[2023-10-01T16:47:24.735+0000][380.769s][info ][safepoint     ] Total time for which application threads were stopped: 0.0366749 seconds, Stopping threads took: 0.0005532 seconds
[2023-10-01T16:47:24.735+0000][380.769s][info ][gc,stringdedup] Concurrent String Deduplication (380.769s)
[2023-10-01T16:47:24.737+0000][380.771s][info ][gc,stringdedup] Concurrent String Deduplication 55896.0B->21904.0B(33992.0B) avg 54.6% (380.769s, 380.771s) 1.465ms
[2023-10-01T16:47:25.736+0000][381.769s][debug][safepoint     ] Safepoint synchronization initiated. (171 threads)
[2023-10-01T16:47:25.736+0000][381.770s][info ][safepoint     ] Application time: 1.0009864 seconds
[2023-10-01T16:47:25.737+0000][381.771s][info ][safepoint     ] Entering safepoint region: Cleanup
[2023-10-01T16:47:25.738+0000][381.772s][info ][safepoint     ] Leaving safepoint region
[2023-10-01T16:47:25.739+0000][381.773s][info ][safepoint     ] Total time for which application threads were stopped: 0.0020014 seconds, Stopping threads took: 0.0007739 seconds
[2023-10-01T16:47:25.884+0000][381.918s][debug][safepoint     ] Safepoint synchronization initiated. (172 threads)
[2023-10-01T16:47:25.886+0000][381.920s][info ][safepoint     ] Application time: 0.1464384 seconds
[2023-10-01T16:47:25.889+0000][381.923s][info ][safepoint     ] Entering safepoint region: Deoptimize
[2023-10-01T16:47:25.893+0000][381.927s][info ][safepoint     ] Leaving safepoint region
[2023-10-01T16:47:25.894+0000][381.928s][info ][safepoint     ] Total time for which application threads were stopped: 0.0060004 seconds, Stopping threads took: 0.0017882 seconds
[2023-10-01T16:47:26.895+0000][382.929s][debug][safepoint     ] Safepoint synchronization initiated. (172 threads)
[2023-10-01T16:47:26.902+0000][382.935s][info ][safepoint     ] Application time: 1.0070099 seconds
[2023-10-01T16:47:26.903+0000][382.936s][info ][safepoint     ] Entering safepoint region: Cleanup
[2023-10-01T16:47:26.906+0000][382.940s][info ][safepoint     ] Leaving safepoint region
[2023-10-01T16:47:26.907+0000][382.941s][info ][safepoint     ] Total time for which application threads were stopped: 0.0047228 seconds, Stopping threads took: 0.0033311 seconds
[2023-10-01T16:47:27.680+0000][383.714s][debug][safepoint     ] Safepoint synchronization initiated. (171 threads)
[2023-10-01T16:47:27.681+0000][383.714s][info ][safepoint     ] Application time: 0.7720982 seconds
[2023-10-01T16:47:27.681+0000][383.715s][info ][safepoint     ] Entering safepoint region: Deoptimize
[2023-10-01T16:47:27.685+0000][383.719s][info ][safepoint     ] Leaving safepoint region
[2023-10-01T16:47:27.686+0000][383.720s][info ][safepoint     ] Total time for which application threads were stopped: 0.0047276 seconds, Stopping threads took: 0.0005913 seconds
[2023-10-01T16:47:28.687+0000][384.720s][debug][safepoint     ] Safepoint synchronization initiated. (175 threads)
[2023-10-01T16:47:28.688+0000][384.721s][info ][safepoint     ] Application time: 1.0011705 seconds
[2023-10-01T16:47:28.689+0000][384.722s][info ][safepoint     ] Entering safepoint region: Cleanup
[2023-10-01T16:47:28.690+0000][384.723s][info ][safepoint     ] Leaving safepoint region
[2023-10-01T16:47:28.692+0000][384.726s][info ][safepoint     ] Total time for which application threads were stopped: 0.0034714 seconds, Stopping threads took: 0.0007652 seconds
[2023-10-01T16:47:29.696+0000][385.730s][debug][safepoint     ] Safepoint synchronization initiated. (192 threads)
[2023-10-01T16:47:29.697+0000][385.731s][info ][safepoint     ] Application time: 1.0014002 seconds
[2023-10-01T16:47:29.698+0000][385.732s][debug][safepoint     ] ... found polling page return exception at pc = 0x00007f5182120bac, stub =0x00007f5180840600
[2023-10-01T16:47:29.698+0000][385.732s][debug][safepoint     ] ... found polling page return exception at pc = 0x00007f5188d4ffe9, stub =0x00007f5180840600
[2023-10-01T16:47:29.698+0000][385.732s][debug][safepoint     ] ... found polling page return exception at pc = 0x00007f5188da131b, stub =0x00007f5180840600
[2023-10-01T16:47:29.703+0000][385.736s][debug][safepoint     ] Waiting for 7 thread(s) to block
[2023-10-01T16:47:29.704+0000][385.738s][info ][safepoint     ] Entering safepoint region: Cleanup
[2023-10-01T16:47:29.706+0000][385.739s][info ][safepoint     ] Leaving safepoint region
[2023-10-01T16:47:29.707+0000][385.741s][info ][safepoint     ] Total time for which application threads were stopped: 0.0095046 seconds, Stopping threads took: 0.0072434 seconds
[2023-10-01T16:47:30.709+0000][386.743s][debug][safepoint     ] Safepoint synchronization initiated. (192 threads)
[2023-10-01T16:47:30.710+0000][386.743s][info ][safepoint     ] Application time: 1.0009167 seconds
[2023-10-01T16:47:30.710+0000][386.744s][info ][safepoint     ] Entering safepoint region: Cleanup
[2023-10-01T16:47:30.711+0000][386.745s][info ][safepoint     ] Leaving safepoint region
[2023-10-01T16:47:30.712+0000][386.745s][info ][safepoint     ] Total time for which application threads were stopped: 0.0013365 seconds, Stopping threads took: 0.0005143 seconds
[2023-10-01T16:47:31.712+0000][387.746s][debug][safepoint     ] Safepoint synchronization initiated. (192 threads)
[2023-10-01T16:47:31.713+0000][387.747s][info ][safepoint     ] Application time: 1.0008310 seconds
[2023-10-01T16:47:31.714+0000][387.747s][info ][safepoint     ] Entering safepoint region: Cleanup
[2023-10-01T16:47:31.714+0000][387.748s][info ][safepoint     ] Leaving safepoint region
[2023-10-01T16:47:31.715+0000][387.749s][info ][safepoint     ] Total time for which application threads were stopped: 0.0011994 seconds, Stopping threads took: 0.0005283 seconds
[2023-10-01T16:47:32.715+0000][388.749s][debug][safepoint     ] Safepoint synchronization initiated. (193 threads)
[2023-10-01T16:47:32.717+0000][388.750s][info ][safepoint     ] Application time: 1.0011910 seconds
[2023-10-01T16:47:32.717+0000][388.751s][info ][safepoint     ] Entering safepoint region: Cleanup
[2023-10-01T16:47:32.718+0000][388.752s][info ][safepoint     ] Leaving safepoint region
[2023-10-01T16:47:32.718+0000][388.752s][info ][safepoint     ] Total time for which application threads were stopped: 0.0012692 seconds, Stopping threads took: 0.0005548 seconds
[2023-10-01T16:47:33.719+0000][389.753s][debug][safepoint     ] Safepoint synchronization initiated. (192 threads)
[2023-10-01T16:47:33.720+0000][389.753s][info ][safepoint     ] Application time: 1.0009629 seconds
[2023-10-01T16:47:33.720+0000][389.754s][info ][safepoint     ] Entering safepoint region: Cleanup
[2023-10-01T16:47:33.721+0000][389.755s][info ][safepoint     ] Leaving safepoint region
[2023-10-01T16:47:33.722+0000][389.755s][info ][safepoint     ] Total time for which application threads were stopped: 0.0013496 seconds, Stopping threads took: 0.0006169 seconds
[2023-10-01T16:47:33.721+0000][389.755s][debug][safepoint     ] ... found polling page return exception at pc = 0x00007f518923a9c4, stub =0x00007f5180840600
[2023-10-01T16:47:34.722+0000][390.756s][debug][safepoint     ] Safepoint synchronization initiated. (191 threads)
[2023-10-01T16:47:34.723+0000][390.757s][info ][safepoint     ] Application time: 1.0011127 seconds
[2023-10-01T16:47:34.724+0000][390.758s][info ][safepoint     ] Entering safepoint region: Cleanup
[2023-10-01T16:47:34.725+0000][390.759s][info ][safepoint     ] Leaving safepoint region
[2023-10-01T16:47:34.726+0000][390.759s][info ][safepoint     ] Total time for which application threads were stopped: 0.0018585 seconds, Stopping threads took: 0.0007967 seconds
[2023-10-01T16:47:35.727+0000][391.761s][debug][safepoint     ] Safepoint synchronization initiated. (191 threads)
[2023-10-01T16:47:35.728+0000][391.762s][info ][safepoint     ] Application time: 1.0008554 seconds
[2023-10-01T16:47:35.729+0000][391.762s][info ][safepoint     ] Entering safepoint region: Cleanup
[2023-10-01T16:47:35.729+0000][391.763s][info ][safepoint     ] Leaving safepoint region
[2023-10-01T16:47:35.730+0000][391.764s][info ][safepoint     ] Total time for which application threads were stopped: 0.0013287 seconds, Stopping threads took: 0.0006547 seconds
[2023-10-01T16:47:36.731+0000][392.764s][debug][safepoint     ] Safepoint synchronization initiated. (191 threads)
[2023-10-01T16:47:36.731+0000][392.765s][info ][safepoint     ] Application time: 1.0006452 seconds
[2023-10-01T16:47:36.732+0000][392.765s][info ][safepoint     ] Entering safepoint region: Cleanup
[2023-10-01T16:47:36.732+0000][392.766s][info ][safepoint     ] Leaving safepoint region
[2023-10-01T16:47:36.733+0000][392.766s][info ][safepoint     ] Total time for which application threads were stopped: 0.0010921 seconds, Stopping threads took: 0.0004205 seconds
[2023-10-01T16:47:37.733+0000][393.767s][debug][safepoint     ] Safepoint synchronization initiated. (191 threads)
[2023-10-01T16:47:37.734+0000][393.768s][info ][safepoint     ] Application time: 1.0008597 seconds
[2023-10-01T16:47:37.735+0000][393.768s][info ][safepoint     ] Entering safepoint region: Cleanup
[2023-10-01T16:47:37.735+0000][393.769s][info ][safepoint     ] Leaving safepoint region
[2023-10-01T16:47:37.736+0000][393.770s][info ][safepoint     ] Total time for which application threads were stopped: 0.0012608 seconds, Stopping threads took: 0.0005493 seconds
[2023-10-01T16:47:38.736+0000][394.770s][debug][safepoint     ] Safepoint synchronization initiated. (191 threads)
[2023-10-01T16:47:38.737+0000][394.771s][info ][safepoint     ] Application time: 1.0007374 seconds
[2023-10-01T16:47:38.738+0000][394.771s][info ][safepoint     ] Entering safepoint region: Cleanup
[2023-10-01T16:47:38.738+0000][394.772s][info ][safepoint     ] Leaving safepoint region
[2023-10-01T16:47:38.739+0000][394.772s][info ][safepoint     ] Total time for which application threads were stopped: 0.0011749 seconds, Stopping threads took: 0.0004944 seconds
[2023-10-01T16:47:39.739+0000][395.773s][debug][safepoint     ] Safepoint synchronization initiated. (191 threads)
[2023-10-01T16:47:39.740+0000][395.774s][info ][safepoint     ] Application time: 1.0007424 seconds
[2023-10-01T16:47:39.740+0000][395.774s][info ][safepoint     ] Entering safepoint region: Cleanup
[2023-10-01T16:47:39.741+0000][395.775s][info ][safepoint     ] Leaving safepoint region
[2023-10-01T16:47:39.742+0000][395.775s][info ][safepoint     ] Total time for which application threads were stopped: 0.0011801 seconds, Stopping threads took: 0.0004704 seconds
[2023-10-01T16:47:40.742+0000][396.776s][debug][safepoint     ] Safepoint synchronization initiated. (191 threads)
[2023-10-01T16:47:40.743+0000][396.777s][info ][safepoint     ] Application time: 1.0010078 seconds
[2023-10-01T16:47:40.744+0000][396.777s][info ][safepoint     ] Entering safepoint region: Cleanup
[2023-10-01T16:47:40.744+0000][396.778s][info ][safepoint     ] Leaving safepoint region
[2023-10-01T16:47:40.745+0000][396.779s][info ][safepoint     ] Total time for which application threads were stopped: 0.0014508 seconds, Stopping threads took: 0.0005361 seconds
[2023-10-01T16:47:41.746+0000][397.780s][debug][safepoint     ] Safepoint synchronization initiated. (191 threads)
[2023-10-01T16:47:41.746+0000][397.780s][info ][safepoint     ] Application time: 1.0009181 seconds
[2023-10-01T16:47:41.747+0000][397.781s][info ][safepoint     ] Entering safepoint region: Cleanup
[2023-10-01T16:47:41.748+0000][397.782s][info ][safepoint     ] Leaving safepoint region
[2023-10-01T16:47:41.748+0000][397.782s][info ][safepoint     ] Total time for which application threads were stopped: 0.0014158 seconds, Stopping threads took: 0.0006720 seconds
[2023-10-01T16:47:42.749+0000][398.783s][debug][safepoint     ] Safepoint synchronization initiated. (191 threads)
[2023-10-01T16:47:42.750+0000][398.784s][info ][safepoint     ] Application time: 1.0007980 seconds
[2023-10-01T16:47:42.751+0000][398.784s][info ][safepoint     ] Entering safepoint region: Cleanup
[2023-10-01T16:47:42.752+0000][398.785s][info ][safepoint     ] Leaving safepoint region
[2023-10-01T16:47:42.752+0000][398.786s][info ][safepoint     ] Total time for which application threads were stopped: 0.0015451 seconds, Stopping threads took: 0.0005571 seconds
[2023-10-01T16:47:43.753+0000][399.786s][debug][safepoint     ] Safepoint synchronization initiated. (192 threads)
[2023-10-01T16:47:43.754+0000][399.787s][info ][safepoint     ] Application time: 1.0009608 seconds
[2023-10-01T16:47:43.755+0000][399.788s][info ][safepoint     ] Entering safepoint region: Cleanup
[2023-10-01T16:47:43.756+0000][399.789s][info ][safepoint     ] Leaving safepoint region
[2023-10-01T16:47:43.756+0000][399.790s][info ][safepoint     ] Total time for which application threads were stopped: 0.0014479 seconds, Stopping threads took: 0.0006321 seconds
[2023-10-01T16:47:44.757+0000][400.790s][debug][safepoint     ] Safepoint synchronization initiated. (192 threads)
[2023-10-01T16:47:44.757+0000][400.791s][info ][safepoint     ] Application time: 1.0007804 seconds
[2023-10-01T16:47:44.758+0000][400.792s][info ][safepoint     ] Entering safepoint region: Cleanup
[2023-10-01T16:47:44.759+0000][400.793s][info ][safepoint     ] Leaving safepoint region
[2023-10-01T16:47:44.760+0000][400.793s][info ][safepoint     ] Total time for which application threads were stopped: 0.0016718 seconds, Stopping threads took: 0.0006895 seconds
[2023-10-01T16:47:45.761+0000][401.794s][debug][safepoint     ] Safepoint synchronization initiated. (192 threads)
[2023-10-01T16:47:45.761+0000][401.795s][info ][safepoint     ] Application time: 1.0010251 seconds
[2023-10-01T16:47:45.762+0000][401.796s][info ][safepoint     ] Entering safepoint region: Cleanup
[2023-10-01T16:47:45.763+0000][401.797s][info ][safepoint     ] Leaving safepoint region
[2023-10-01T16:47:45.764+0000][401.797s][info ][safepoint     ] Total time for which application threads were stopped: 0.0014804 seconds, Stopping threads took: 0.0006637 seconds
[2023-10-01T16:47:46.764+0000][402.798s][debug][safepoint     ] Safepoint synchronization initiated. (192 threads)
[2023-10-01T16:47:46.765+0000][402.798s][info ][safepoint     ] Application time: 1.0008936 seconds
[2023-10-01T16:47:46.765+0000][402.799s][info ][safepoint     ] Entering safepoint region: Cleanup
[2023-10-01T16:47:46.766+0000][402.800s][info ][safepoint     ] Leaving safepoint region
[2023-10-01T16:47:46.767+0000][402.800s][info ][safepoint     ] Total time for which application threads were stopped: 0.0014741 seconds, Stopping threads took: 0.0006347 seconds
[2023-10-01T16:47:47.768+0000][403.801s][debug][safepoint     ] Safepoint synchronization initiated. (192 threads)
[2023-10-01T16:47:47.768+0000][403.802s][info ][safepoint     ] Application time: 1.0010135 seconds
[2023-10-01T16:47:47.769+0000][403.803s][info ][safepoint     ] Entering safepoint region: Cleanup
[2023-10-01T16:47:47.770+0000][403.803s][info ][safepoint     ] Leaving safepoint region
[2023-10-01T16:47:47.770+0000][403.804s][info ][safepoint     ] Total time for which application threads were stopped: 0.0013841 seconds, Stopping threads took: 0.0006086 seconds
[2023-10-01T16:47:48.771+0000][404.805s][debug][safepoint     ] Safepoint synchronization initiated. (192 threads)
[2023-10-01T16:47:48.772+0000][404.806s][info ][safepoint     ] Application time: 1.0013009 seconds
[2023-10-01T16:47:48.773+0000][404.806s][info ][safepoint     ] Entering safepoint region: Cleanup
[2023-10-01T16:47:48.774+0000][404.807s][info ][safepoint     ] Leaving safepoint region
[2023-10-01T16:47:48.775+0000][404.808s][info ][safepoint     ] Total time for which application threads were stopped: 0.0016435 seconds, Stopping threads took: 0.0006882 seconds
[2023-10-01T16:47:49.775+0000][405.809s][debug][safepoint     ] Safepoint synchronization initiated. (192 threads)
[2023-10-01T16:47:49.776+0000][405.809s][info ][safepoint     ] Application time: 1.0006666 seconds
[2023-10-01T16:47:49.776+0000][405.810s][info ][safepoint     ] Entering safepoint region: Cleanup
[2023-10-01T16:47:49.777+0000][405.811s][info ][safepoint     ] Leaving safepoint region
[2023-10-01T16:47:49.777+0000][405.811s][info ][safepoint     ] Total time for which application threads were stopped: 0.0010593 seconds, Stopping threads took: 0.0004147 seconds
[2023-10-01T16:47:50.778+0000][406.811s][debug][safepoint     ] Safepoint synchronization initiated. (192 threads)
[2023-10-01T16:47:50.778+0000][406.812s][info ][safepoint     ] Application time: 1.0007310 seconds
[2023-10-01T16:47:50.779+0000][406.812s][info ][safepoint     ] Entering safepoint region: Cleanup
[2023-10-01T16:47:50.780+0000][406.813s][info ][safepoint     ] Leaving safepoint region
[2023-10-01T16:47:50.780+0000][406.814s][info ][safepoint     ] Total time for which application threads were stopped: 0.0011331 seconds, Stopping threads took: 0.0004362 seconds
[2023-10-01T16:47:51.781+0000][407.814s][debug][safepoint     ] Safepoint synchronization initiated. (192 threads)
[2023-10-01T16:47:51.782+0000][407.815s][info ][safepoint     ] Application time: 1.0013029 seconds
[2023-10-01T16:47:51.782+0000][407.816s][info ][safepoint     ] Entering safepoint region: Cleanup
[2023-10-01T16:47:51.784+0000][407.817s][info ][safepoint     ] Leaving safepoint region
[2023-10-01T16:47:51.784+0000][407.818s][info ][safepoint     ] Total time for which application threads were stopped: 0.0018249 seconds, Stopping threads took: 0.0009735 seconds
[2023-10-01T16:47:52.785+0000][408.818s][debug][safepoint     ] Safepoint synchronization initiated. (192 threads)
[2023-10-01T16:47:52.785+0000][408.819s][info ][safepoint     ] Application time: 1.0007797 seconds
[2023-10-01T16:47:52.786+0000][408.820s][info ][safepoint     ] Entering safepoint region: Cleanup
[2023-10-01T16:47:52.787+0000][408.820s][info ][safepoint     ] Leaving safepoint region
[2023-10-01T16:47:52.787+0000][408.821s][info ][safepoint     ] Total time for which application threads were stopped: 0.0013635 seconds, Stopping threads took: 0.0005760 seconds
[2023-10-01T16:47:53.084+0000][409.117s][debug][safepoint     ] Safepoint synchronization initiated. (192 threads)
[2023-10-01T16:47:53.084+0000][409.118s][info ][safepoint     ] Application time: 0.2965828 seconds
[2023-10-01T16:47:53.085+0000][409.119s][info ][safepoint     ] Entering safepoint region: G1CollectForAllocation
[2023-10-01T16:47:53.086+0000][409.119s][info ][gc,start      ] GC(68) Pause Young (Normal) (G1 Evacuation Pause)
[2023-10-01T16:47:53.086+0000][409.120s][info ][gc,task       ] GC(68) Using 8 workers of 8 for evacuation
[2023-10-01T16:47:53.120+0000][409.153s][info ][gc,phases     ] GC(68)   Pre Evacuate Collection Set: 0.0ms
[2023-10-01T16:47:53.121+0000][409.154s][info ][gc,phases     ] GC(68)   Evacuate Collection Set: 23.1ms
[2023-10-01T16:47:53.121+0000][409.155s][info ][gc,phases     ] GC(68)   Post Evacuate Collection Set: 9.9ms
[2023-10-01T16:47:53.122+0000][409.155s][info ][gc,phases     ] GC(68)   Other: 1.2ms
[2023-10-01T16:47:53.122+0000][409.156s][info ][gc,heap       ] GC(68) Eden regions: 178->0(172)
[2023-10-01T16:47:53.123+0000][409.156s][info ][gc,heap       ] GC(68) Survivor regions: 13->16(24)
[2023-10-01T16:47:53.123+0000][409.156s][info ][gc,heap       ] GC(68) Old regions: 141->141
[2023-10-01T16:47:53.123+0000][409.157s][info ][gc,heap       ] GC(68) Humongous regions: 1->0
[2023-10-01T16:47:53.124+0000][409.157s][info ][gc,metaspace  ] GC(68) Metaspace: 159481K(164816K)->159481K(164816K) NonClass: 140903K(144080K)->140903K(144080K) Class: 18577K(20736K)->18577K(20736K)
[2023-10-01T16:47:53.124+0000][409.158s][info ][gc            ] GC(68) Pause Young (Normal) (G1 Evacuation Pause) 331M->155M(384M) 38.487ms
[2023-10-01T16:47:53.125+0000][409.158s][info ][gc,cpu        ] GC(68) User=0.24s Sys=0.00s Real=0.04s
[2023-10-01T16:47:53.125+0000][409.159s][info ][safepoint     ] Leaving safepoint region
[2023-10-01T16:47:53.126+0000][409.159s][info ][safepoint     ] Total time for which application threads were stopped: 0.0410088 seconds, Stopping threads took: 0.0005891 seconds
[2023-10-01T16:47:53.127+0000][409.160s][info ][gc,stringdedup] Concurrent String Deduplication (409.160s)
[2023-10-01T16:47:53.129+0000][409.163s][info ][gc,stringdedup] Concurrent String Deduplication 228.0K->101640.0B(128.8K) avg 54.6% (409.160s, 409.163s) 2.821ms
[2023-10-01T16:47:54.127+0000][410.160s][debug][safepoint     ] Safepoint synchronization initiated. (191 threads)
[2023-10-01T16:47:54.127+0000][410.161s][info ][safepoint     ] Application time: 1.0008234 seconds
[2023-10-01T16:47:54.128+0000][410.161s][info ][safepoint     ] Entering safepoint region: Cleanup
[2023-10-01T16:47:54.128+0000][410.162s][info ][safepoint     ] Leaving safepoint region
[2023-10-01T16:47:54.129+0000][410.162s][info ][safepoint     ] Total time for which application threads were stopped: 0.0011408 seconds, Stopping threads took: 0.0005175 seconds
[2023-10-01T16:47:55.129+0000][411.163s][debug][safepoint     ] Safepoint synchronization initiated. (191 threads)
[2023-10-01T16:47:55.131+0000][411.165s][info ][safepoint     ] Application time: 1.0019781 seconds
[2023-10-01T16:47:55.132+0000][411.165s][info ][safepoint     ] Entering safepoint region: Cleanup
[2023-10-01T16:47:55.133+0000][411.167s][info ][safepoint     ] Leaving safepoint region
[2023-10-01T16:47:55.134+0000][411.167s][info ][safepoint     ] Total time for which application threads were stopped: 0.0017022 seconds, Stopping threads took: 0.0007996 seconds
[2023-10-01T16:47:56.134+0000][412.168s][debug][safepoint     ] Safepoint synchronization initiated. (191 threads)
[2023-10-01T16:47:56.135+0000][412.169s][info ][safepoint     ] Application time: 1.0010316 seconds
[2023-10-01T16:47:56.136+0000][412.169s][info ][safepoint     ] Entering safepoint region: Cleanup
[2023-10-01T16:47:56.137+0000][412.170s][info ][safepoint     ] Leaving safepoint region
[2023-10-01T16:47:56.137+0000][412.171s][info ][safepoint     ] Total time for which application threads were stopped: 0.0016109 seconds, Stopping threads took: 0.0006781 seconds
[2023-10-01T16:47:57.138+0000][413.172s][debug][safepoint     ] Safepoint synchronization initiated. (191 threads)
[2023-10-01T16:47:57.141+0000][413.175s][info ][safepoint     ] Application time: 1.0035470 seconds
[2023-10-01T16:47:57.142+0000][413.176s][info ][safepoint     ] Entering safepoint region: Cleanup
[2023-10-01T16:47:57.143+0000][413.176s][info ][safepoint     ] Leaving safepoint region
[2023-10-01T16:47:57.143+0000][413.177s][info ][safepoint     ] Total time for which application threads were stopped: 0.0014101 seconds, Stopping threads took: 0.0006222 seconds
[2023-10-01T16:47:58.144+0000][414.178s][debug][safepoint     ] Safepoint synchronization initiated. (191 threads)
[2023-10-01T16:47:58.153+0000][414.186s][info ][safepoint     ] Application time: 1.0087267 seconds
[2023-10-01T16:47:58.159+0000][414.192s][info ][safepoint     ] Entering safepoint region: Cleanup
[2023-10-01T16:47:58.169+0000][414.202s][info ][safepoint     ] Leaving safepoint region
[2023-10-01T16:47:58.176+0000][414.210s][info ][safepoint     ] Total time for which application threads were stopped: 0.0174823 seconds, Stopping threads took: 0.0097369 seconds
[2023-10-01T16:47:59.177+0000][415.211s][debug][safepoint     ] Safepoint synchronization initiated. (191 threads)
[2023-10-01T16:47:59.189+0000][415.223s][info ][safepoint     ] Application time: 1.0121179 seconds
[2023-10-01T16:47:59.236+0000][415.270s][info ][safepoint     ] Entering safepoint region: Cleanup
[2023-10-01T16:47:59.297+0000][415.331s][info ][safepoint     ] Leaving safepoint region
[2023-10-01T16:47:59.380+0000][415.413s][info ][safepoint     ] Total time for which application threads were stopped: 0.1439168 seconds, Stopping threads took: 0.0609478 seconds
[2023-10-01T16:48:00.394+0000][416.428s][debug][safepoint     ] Safepoint synchronization initiated. (191 threads)
[2023-10-01T16:48:00.416+0000][416.449s][info ][safepoint     ] Application time: 1.0218999 seconds
[2023-10-01T16:48:00.418+0000][416.451s][info ][safepoint     ] Entering safepoint region: Cleanup
[2023-10-01T16:48:00.419+0000][416.453s][info ][safepoint     ] Leaving safepoint region
[2023-10-01T16:48:00.421+0000][416.454s][info ][safepoint     ] Total time for which application threads were stopped: 0.0030272 seconds, Stopping threads took: 0.0012736 seconds
[2023-10-01T16:48:01.422+0000][417.456s][debug][safepoint     ] Safepoint synchronization initiated. (191 threads)
[2023-10-01T16:48:01.467+0000][417.501s][info ][safepoint     ] Application time: 1.0452344 seconds
[2023-10-01T16:48:01.485+0000][417.518s][info ][safepoint     ] Entering safepoint region: Cleanup
[2023-10-01T16:48:01.487+0000][417.520s][info ][safepoint     ] Leaving safepoint region
[2023-10-01T16:48:01.487+0000][417.520s][debug][safepoint     ] ... found polling page return exception at pc = 0x00007f518923a9c4, stub =0x00007f5180840600
[2023-10-01T16:48:01.487+0000][417.520s][debug][safepoint     ] ... found polling page return exception at pc = 0x00007f518923a9c4, stub =0x00007f5180840600
[2023-10-01T16:48:01.487+0000][417.520s][debug][safepoint     ] ... found polling page return exception at pc = 0x00007f518923a9c4, stub =0x00007f5180840600
[2023-10-01T16:48:01.487+0000][417.520s][debug][safepoint     ] ... found polling page return exception at pc = 0x00007f518923a9c4, stub =0x00007f5180840600
[2023-10-01T16:48:01.508+0000][417.542s][debug][safepoint     ] ... found polling page return exception at pc = 0x00007f518923a9c4, stub =0x00007f5180840600
[2023-10-01T16:48:01.510+0000][417.544s][info ][safepoint     ] Total time for which application threads were stopped: 0.0254214 seconds, Stopping threads took: 0.0016253 seconds
[2023-10-01T16:48:02.557+0000][418.591s][debug][safepoint     ] Safepoint synchronization initiated. (191 threads)
[2023-10-01T16:48:02.559+0000][418.593s][info ][safepoint     ] Application time: 1.0019722 seconds
[2023-10-01T16:48:02.560+0000][418.593s][info ][safepoint     ] Entering safepoint region: Cleanup
[2023-10-01T16:48:02.561+0000][418.594s][info ][safepoint     ] Leaving safepoint region
[2023-10-01T16:48:02.562+0000][418.595s][info ][safepoint     ] Total time for which application threads were stopped: 0.0018757 seconds, Stopping threads took: 0.0007501 seconds
[2023-10-01T16:48:03.562+0000][419.596s][debug][safepoint     ] Safepoint synchronization initiated. (191 threads)
[2023-10-01T16:48:03.563+0000][419.597s][info ][safepoint     ] Application time: 1.0009861 seconds
[2023-10-01T16:48:03.564+0000][419.598s][info ][safepoint     ] Entering safepoint region: Cleanup
[2023-10-01T16:48:03.566+0000][419.599s][info ][safepoint     ] Leaving safepoint region
[2023-10-01T16:48:03.567+0000][419.601s][info ][safepoint     ] Total time for which application threads were stopped: 0.0031362 seconds, Stopping threads took: 0.0010729 seconds
[2023-10-01T16:48:04.569+0000][420.603s][debug][safepoint     ] Safepoint synchronization initiated. (191 threads)
[2023-10-01T16:48:04.570+0000][420.604s][info ][safepoint     ] Application time: 1.0012354 seconds
[2023-10-01T16:48:04.571+0000][420.604s][info ][safepoint     ] Entering safepoint region: Cleanup
[2023-10-01T16:48:04.572+0000][420.606s][info ][safepoint     ] Leaving safepoint region
[2023-10-01T16:48:04.573+0000][420.607s][info ][safepoint     ] Total time for which application threads were stopped: 0.0021105 seconds, Stopping threads took: 0.0011118 seconds
[2023-10-01T16:48:05.574+0000][421.607s][debug][safepoint     ] Safepoint synchronization initiated. (191 threads)
[2023-10-01T16:48:05.575+0000][421.608s][info ][safepoint     ] Application time: 1.0009055 seconds
[2023-10-01T16:48:05.576+0000][421.610s][info ][safepoint     ] Entering safepoint region: Cleanup
[2023-10-01T16:48:05.577+0000][421.611s][info ][safepoint     ] Leaving safepoint region
[2023-10-01T16:48:05.578+0000][421.612s][info ][safepoint     ] Total time for which application threads were stopped: 0.0020121 seconds, Stopping threads took: 0.0011118 seconds
[2023-10-01T16:48:06.579+0000][422.612s][debug][safepoint     ] Safepoint synchronization initiated. (191 threads)
[2023-10-01T16:48:06.580+0000][422.613s][info ][safepoint     ] Application time: 1.0012337 seconds
[2023-10-01T16:48:06.581+0000][422.614s][info ][safepoint     ] Entering safepoint region: Cleanup
[2023-10-01T16:48:06.582+0000][422.615s][info ][safepoint     ] Leaving safepoint region
[2023-10-01T16:48:06.583+0000][422.616s][info ][safepoint     ] Total time for which application threads were stopped: 0.0018460 seconds, Stopping threads took: 0.0007672 seconds
[2023-10-01T16:48:07.583+0000][423.617s][debug][safepoint     ] Safepoint synchronization initiated. (191 threads)
[2023-10-01T16:48:07.584+0000][423.618s][info ][safepoint     ] Application time: 1.0012417 seconds
[2023-10-01T16:48:07.586+0000][423.620s][info ][safepoint     ] Entering safepoint region: Cleanup
[2023-10-01T16:48:07.588+0000][423.621s][info ][safepoint     ] Leaving safepoint region
[2023-10-01T16:48:07.590+0000][423.624s][info ][safepoint     ] Total time for which application threads were stopped: 0.0040612 seconds, Stopping threads took: 0.0013007 seconds
[2023-10-01T16:48:08.592+0000][424.625s][debug][safepoint     ] Safepoint synchronization initiated. (191 threads)
[2023-10-01T16:48:08.592+0000][424.626s][info ][safepoint     ] Application time: 1.0009720 seconds
[2023-10-01T16:48:08.594+0000][424.627s][info ][safepoint     ] Entering safepoint region: Cleanup
[2023-10-01T16:48:08.597+0000][424.630s][info ][safepoint     ] Leaving safepoint region
[2023-10-01T16:48:08.597+0000][424.631s][info ][safepoint     ] Total time for which application threads were stopped: 0.0035824 seconds, Stopping threads took: 0.0024616 seconds
[2023-10-01T16:48:09.599+0000][425.633s][debug][safepoint     ] Safepoint synchronization initiated. (191 threads)
[2023-10-01T16:48:09.600+0000][425.633s][info ][safepoint     ] Application time: 1.0010947 seconds
[2023-10-01T16:48:09.601+0000][425.634s][info ][safepoint     ] Entering safepoint region: Cleanup
[2023-10-01T16:48:09.602+0000][425.635s][info ][safepoint     ] Leaving safepoint region
[2023-10-01T16:48:09.602+0000][425.636s][info ][safepoint     ] Total time for which application threads were stopped: 0.0015005 seconds, Stopping threads took: 0.0006740 seconds
[2023-10-01T16:48:10.603+0000][426.636s][debug][safepoint     ] Safepoint synchronization initiated. (191 threads)
[2023-10-01T16:48:10.604+0000][426.637s][info ][safepoint     ] Application time: 1.0009984 seconds
[2023-10-01T16:48:10.605+0000][426.638s][info ][safepoint     ] Entering safepoint region: Cleanup
[2023-10-01T16:48:10.606+0000][426.639s][info ][safepoint     ] Leaving safepoint region
[2023-10-01T16:48:10.606+0000][426.640s][info ][safepoint     ] Total time for which application threads were stopped: 0.0018205 seconds, Stopping threads took: 0.0007413 seconds
[2023-10-01T16:48:11.608+0000][427.641s][debug][safepoint     ] Safepoint synchronization initiated. (191 threads)
[2023-10-01T16:48:11.609+0000][427.642s][info ][safepoint     ] Application time: 1.0017485 seconds
[2023-10-01T16:48:11.609+0000][427.643s][info ][safepoint     ] Entering safepoint region: Cleanup
[2023-10-01T16:48:11.610+0000][427.644s][info ][safepoint     ] Leaving safepoint region
[2023-10-01T16:48:11.611+0000][427.645s][info ][safepoint     ] Total time for which application threads were stopped: 0.0018184 seconds, Stopping threads took: 0.0007826 seconds
[2023-10-01T16:48:12.612+0000][428.645s][debug][safepoint     ] Safepoint synchronization initiated. (190 threads)
[2023-10-01T16:48:12.648+0000][428.682s][info ][safepoint     ] Application time: 1.0369884 seconds
[2023-10-01T16:48:12.661+0000][428.695s][info ][safepoint     ] Entering safepoint region: Cleanup
[2023-10-01T16:48:12.663+0000][428.697s][info ][safepoint     ] Leaving safepoint region
[2023-10-01T16:48:12.664+0000][428.698s][info ][safepoint     ] Total time for which application threads were stopped: 0.0030328 seconds, Stopping threads took: 0.0017510 seconds
[2023-10-01T16:48:13.666+0000][429.700s][debug][safepoint     ] Safepoint synchronization initiated. (190 threads)
[2023-10-01T16:48:13.667+0000][429.700s][info ][safepoint     ] Application time: 1.0009216 seconds
[2023-10-01T16:48:13.667+0000][429.701s][info ][safepoint     ] Entering safepoint region: Cleanup
[2023-10-01T16:48:13.668+0000][429.702s][info ][safepoint     ] Leaving safepoint region
[2023-10-01T16:48:13.668+0000][429.702s][info ][safepoint     ] Total time for which application threads were stopped: 0.0013556 seconds, Stopping threads took: 0.0005313 seconds
[2023-10-01T16:48:14.669+0000][430.703s][debug][safepoint     ] Safepoint synchronization initiated. (190 threads)
[2023-10-01T16:48:14.670+0000][430.704s][info ][safepoint     ] Application time: 1.0009973 seconds
[2023-10-01T16:48:14.671+0000][430.704s][info ][safepoint     ] Entering safepoint region: Cleanup
[2023-10-01T16:48:14.672+0000][430.706s][info ][safepoint     ] Leaving safepoint region
[2023-10-01T16:48:14.673+0000][430.707s][info ][safepoint     ] Total time for which application threads were stopped: 0.0025054 seconds, Stopping threads took: 0.0013657 seconds
[2023-10-01T16:48:15.674+0000][431.708s][debug][safepoint     ] Safepoint synchronization initiated. (190 threads)
[2023-10-01T16:48:15.674+0000][431.708s][info ][safepoint     ] Application time: 1.0006756 seconds
[2023-10-01T16:48:15.675+0000][431.709s][info ][safepoint     ] Entering safepoint region: Cleanup
[2023-10-01T16:48:15.676+0000][431.710s][info ][safepoint     ] Leaving safepoint region
[2023-10-01T16:48:15.676+0000][431.710s][info ][safepoint     ] Total time for which application threads were stopped: 0.0016379 seconds, Stopping threads took: 0.0006624 seconds
[2023-10-01T16:48:16.677+0000][432.711s][debug][safepoint     ] Safepoint synchronization initiated. (190 threads)
[2023-10-01T16:48:16.678+0000][432.712s][info ][safepoint     ] Application time: 1.0008225 seconds
[2023-10-01T16:48:16.679+0000][432.712s][info ][safepoint     ] Entering safepoint region: Cleanup
[2023-10-01T16:48:16.680+0000][432.714s][info ][safepoint     ] Leaving safepoint region
[2023-10-01T16:48:16.681+0000][432.715s][info ][safepoint     ] Total time for which application threads were stopped: 0.0022012 seconds, Stopping threads took: 0.0012858 seconds
[2023-10-01T16:48:17.681+0000][433.715s][debug][safepoint     ] Safepoint synchronization initiated. (190 threads)
[2023-10-01T16:48:17.682+0000][433.716s][info ][safepoint     ] Application time: 1.0010219 seconds
[2023-10-01T16:48:17.683+0000][433.717s][info ][safepoint     ] Entering safepoint region: Cleanup
[2023-10-01T16:48:17.684+0000][433.718s][info ][safepoint     ] Leaving safepoint region
[2023-10-01T16:48:17.685+0000][433.718s][info ][safepoint     ] Total time for which application threads were stopped: 0.0016647 seconds, Stopping threads took: 0.0007621 seconds
[2023-10-01T16:48:18.685+0000][434.719s][debug][safepoint     ] Safepoint synchronization initiated. (190 threads)
[2023-10-01T16:48:18.687+0000][434.720s][info ][safepoint     ] Application time: 1.0015540 seconds
[2023-10-01T16:48:18.689+0000][434.723s][info ][safepoint     ] Entering safepoint region: Cleanup
[2023-10-01T16:48:18.690+0000][434.723s][info ][safepoint     ] Leaving safepoint region
[2023-10-01T16:48:18.690+0000][434.724s][info ][safepoint     ] Total time for which application threads were stopped: 0.0016331 seconds, Stopping threads took: 0.0006671 seconds
[2023-10-01T16:48:19.691+0000][435.725s][debug][safepoint     ] Safepoint synchronization initiated. (190 threads)
[2023-10-01T16:48:19.692+0000][435.726s][info ][safepoint     ] Application time: 1.0009058 seconds
[2023-10-01T16:48:19.692+0000][435.726s][info ][safepoint     ] Entering safepoint region: Cleanup
[2023-10-01T16:48:19.694+0000][435.727s][info ][safepoint     ] Leaving safepoint region
[2023-10-01T16:48:19.694+0000][435.728s][info ][safepoint     ] Total time for which application threads were stopped: 0.0019369 seconds, Stopping threads took: 0.0008001 seconds
[2023-10-01T16:48:20.695+0000][436.729s][debug][safepoint     ] Safepoint synchronization initiated. (190 threads)
[2023-10-01T16:48:20.696+0000][436.730s][info ][safepoint     ] Application time: 1.0009480 seconds
[2023-10-01T16:48:20.697+0000][436.731s][info ][safepoint     ] Entering safepoint region: Cleanup
[2023-10-01T16:48:20.698+0000][436.732s][info ][safepoint     ] Leaving safepoint region
[2023-10-01T16:48:20.698+0000][436.732s][info ][safepoint     ] Total time for which application threads were stopped: 0.0016419 seconds, Stopping threads took: 0.0008291 seconds
[2023-10-01T16:48:21.700+0000][437.733s][debug][safepoint     ] Safepoint synchronization initiated. (190 threads)
[2023-10-01T16:48:21.732+0000][437.766s][info ][safepoint     ] Application time: 1.0336592 seconds
[2023-10-01T16:48:21.738+0000][437.772s][info ][safepoint     ] Entering safepoint region: Cleanup
[2023-10-01T16:48:21.753+0000][437.787s][info ][safepoint     ] Leaving safepoint region
[2023-10-01T16:48:21.757+0000][437.791s][info ][safepoint     ] Total time for which application threads were stopped: 0.0192480 seconds, Stopping threads took: 0.0147482 seconds
[2023-10-01T16:48:22.770+0000][438.804s][debug][safepoint     ] Safepoint synchronization initiated. (190 threads)
[2023-10-01T16:48:22.771+0000][438.805s][info ][safepoint     ] Application time: 1.0012042 seconds
[2023-10-01T16:48:22.772+0000][438.806s][info ][safepoint     ] Entering safepoint region: Cleanup
[2023-10-01T16:48:22.773+0000][438.807s][info ][safepoint     ] Leaving safepoint region
[2023-10-01T16:48:22.774+0000][438.807s][info ][safepoint     ] Total time for which application threads were stopped: 0.0019985 seconds, Stopping threads took: 0.0008383 seconds
[2023-10-01T16:48:23.775+0000][439.808s][debug][safepoint     ] Safepoint synchronization initiated. (190 threads)
[2023-10-01T16:48:23.776+0000][439.810s][info ][safepoint     ] Application time: 1.0014704 seconds
[2023-10-01T16:48:23.780+0000][439.814s][info ][safepoint     ] Entering safepoint region: Cleanup
[2023-10-01T16:48:23.781+0000][439.815s][info ][safepoint     ] Leaving safepoint region
[2023-10-01T16:48:23.782+0000][439.816s][info ][safepoint     ] Total time for which application threads were stopped: 0.0026714 seconds, Stopping threads took: 0.0010779 seconds
[2023-10-01T16:48:24.784+0000][440.818s][debug][safepoint     ] Safepoint synchronization initiated. (190 threads)
[2023-10-01T16:48:24.785+0000][440.819s][info ][safepoint     ] Application time: 1.0013743 seconds
[2023-10-01T16:48:24.786+0000][440.820s][info ][safepoint     ] Entering safepoint region: Cleanup
[2023-10-01T16:48:24.787+0000][440.821s][info ][safepoint     ] Leaving safepoint region
[2023-10-01T16:48:24.788+0000][440.822s][info ][safepoint     ] Total time for which application threads were stopped: 0.0020986 seconds, Stopping threads took: 0.0009125 seconds
[2023-10-01T16:48:25.789+0000][441.823s][debug][safepoint     ] Safepoint synchronization initiated. (190 threads)
[2023-10-01T16:48:25.790+0000][441.824s][info ][safepoint     ] Application time: 1.0012408 seconds
[2023-10-01T16:48:25.792+0000][441.826s][info ][safepoint     ] Entering safepoint region: Cleanup
[2023-10-01T16:48:25.794+0000][441.828s][info ][safepoint     ] Leaving safepoint region
[2023-10-01T16:48:25.795+0000][441.829s][info ][safepoint     ] Total time for which application threads were stopped: 0.0038881 seconds, Stopping threads took: 0.0019698 seconds
[2023-10-01T16:48:26.796+0000][442.830s][debug][safepoint     ] Safepoint synchronization initiated. (190 threads)
[2023-10-01T16:48:26.797+0000][442.831s][info ][safepoint     ] Application time: 1.0009281 seconds
[2023-10-01T16:48:26.798+0000][442.832s][info ][safepoint     ] Entering safepoint region: Cleanup
[2023-10-01T16:48:26.799+0000][442.832s][info ][safepoint     ] Leaving safepoint region
[2023-10-01T16:48:26.799+0000][442.833s][info ][safepoint     ] Total time for which application threads were stopped: 0.0013588 seconds, Stopping threads took: 0.0005840 seconds
[2023-10-01T16:48:27.800+0000][443.833s][debug][safepoint     ] Safepoint synchronization initiated. (190 threads)
[2023-10-01T16:48:27.800+0000][443.834s][info ][safepoint     ] Application time: 1.0008588 seconds
[2023-10-01T16:48:27.801+0000][443.835s][info ][safepoint     ] Entering safepoint region: Cleanup
[2023-10-01T16:48:27.802+0000][443.835s][info ][safepoint     ] Leaving safepoint region
[2023-10-01T16:48:27.802+0000][443.836s][info ][safepoint     ] Total time for which application threads were stopped: 0.0012053 seconds, Stopping threads took: 0.0005320 seconds
[2023-10-01T16:48:28.803+0000][444.837s][debug][safepoint     ] Safepoint synchronization initiated. (190 threads)
[2023-10-01T16:48:28.803+0000][444.837s][info ][safepoint     ] Application time: 1.0007609 seconds
[2023-10-01T16:48:28.804+0000][444.838s][info ][safepoint     ] Entering safepoint region: Cleanup
[2023-10-01T16:48:28.805+0000][444.839s][info ][safepoint     ] Leaving safepoint region
[2023-10-01T16:48:28.805+0000][444.839s][info ][safepoint     ] Total time for which application threads were stopped: 0.0013512 seconds, Stopping threads took: 0.0005462 seconds
[2023-10-01T16:48:29.806+0000][445.840s][debug][safepoint     ] Safepoint synchronization initiated. (191 threads)
[2023-10-01T16:48:29.806+0000][445.840s][info ][safepoint     ] Application time: 1.0008799 seconds
[2023-10-01T16:48:29.807+0000][445.841s][debug][safepoint     ] Waiting for 2 thread(s) to block
[2023-10-01T16:48:29.808+0000][445.842s][info ][safepoint     ] Entering safepoint region: Cleanup
[2023-10-01T16:48:29.809+0000][445.843s][info ][safepoint     ] Leaving safepoint region
[2023-10-01T16:48:29.810+0000][445.844s][info ][safepoint     ] Total time for which application threads were stopped: 0.0027409 seconds, Stopping threads took: 0.0013516 seconds
[2023-10-01T16:48:30.811+0000][446.844s][debug][safepoint     ] Safepoint synchronization initiated. (190 threads)
[2023-10-01T16:48:30.812+0000][446.846s][info ][safepoint     ] Application time: 1.0013146 seconds
[2023-10-01T16:48:30.812+0000][446.846s][info ][safepoint     ] Entering safepoint region: Cleanup
[2023-10-01T16:48:30.813+0000][446.847s][info ][safepoint     ] Leaving safepoint region
[2023-10-01T16:48:30.814+0000][446.848s][info ][safepoint     ] Total time for which application threads were stopped: 0.0015211 seconds, Stopping threads took: 0.0006676 seconds
[2023-10-01T16:48:31.815+0000][447.849s][debug][safepoint     ] Safepoint synchronization initiated. (190 threads)
[2023-10-01T16:48:31.815+0000][447.849s][info ][safepoint     ] Application time: 1.0009387 seconds
[2023-10-01T16:48:31.816+0000][447.850s][info ][safepoint     ] Entering safepoint region: Cleanup
[2023-10-01T16:48:31.817+0000][447.850s][info ][safepoint     ] Leaving safepoint region
[2023-10-01T16:48:31.817+0000][447.851s][info ][safepoint     ] Total time for which application threads were stopped: 0.0012555 seconds, Stopping threads took: 0.0005015 seconds
[2023-10-01T16:48:32.818+0000][448.852s][debug][safepoint     ] Safepoint synchronization initiated. (190 threads)
[2023-10-01T16:48:32.819+0000][448.853s][info ][safepoint     ] Application time: 1.0015581 seconds
[2023-10-01T16:48:32.821+0000][448.855s][info ][safepoint     ] Entering safepoint region: Cleanup
[2023-10-01T16:48:32.822+0000][448.856s][info ][safepoint     ] Leaving safepoint region
[2023-10-01T16:48:32.822+0000][448.856s][info ][safepoint     ] Total time for which application threads were stopped: 0.0016242 seconds, Stopping threads took: 0.0007218 seconds
[2023-10-01T16:48:33.823+0000][449.857s][debug][safepoint     ] Safepoint synchronization initiated. (190 threads)
[2023-10-01T16:48:33.824+0000][449.858s][info ][safepoint     ] Application time: 1.0009915 seconds
[2023-10-01T16:48:33.825+0000][449.858s][info ][safepoint     ] Entering safepoint region: Cleanup
[2023-10-01T16:48:33.825+0000][449.859s][info ][safepoint     ] Leaving safepoint region
[2023-10-01T16:48:33.826+0000][449.860s][info ][safepoint     ] Total time for which application threads were stopped: 0.0016040 seconds, Stopping threads took: 0.0006634 seconds
[2023-10-01T16:48:34.827+0000][450.861s][debug][safepoint     ] Safepoint synchronization initiated. (189 threads)
[2023-10-01T16:48:34.827+0000][450.861s][info ][safepoint     ] Application time: 1.0006728 seconds
[2023-10-01T16:48:34.828+0000][450.862s][info ][safepoint     ] Entering safepoint region: Cleanup
[2023-10-01T16:48:34.829+0000][450.862s][info ][safepoint     ] Leaving safepoint region
[2023-10-01T16:48:34.829+0000][450.863s][info ][safepoint     ] Total time for which application threads were stopped: 0.0012342 seconds, Stopping threads took: 0.0005131 seconds
[2023-10-01T16:48:35.830+0000][451.864s][debug][safepoint     ] Safepoint synchronization initiated. (189 threads)
[2023-10-01T16:48:35.831+0000][451.864s][info ][safepoint     ] Application time: 1.0010264 seconds
[2023-10-01T16:48:35.831+0000][451.865s][info ][safepoint     ] Entering safepoint region: Cleanup
[2023-10-01T16:48:35.832+0000][451.866s][info ][safepoint     ] Leaving safepoint region
[2023-10-01T16:48:35.832+0000][451.866s][info ][safepoint     ] Total time for which application threads were stopped: 0.0011951 seconds, Stopping threads took: 0.0005271 seconds
[2023-10-01T16:48:36.833+0000][452.867s][debug][safepoint     ] Safepoint synchronization initiated. (189 threads)
[2023-10-01T16:48:36.852+0000][452.886s][info ][safepoint     ] Application time: 1.0196331 seconds
[2023-10-01T16:48:36.855+0000][452.888s][info ][safepoint     ] Entering safepoint region: Cleanup
[2023-10-01T16:48:36.856+0000][452.889s][info ][safepoint     ] Leaving safepoint region
[2023-10-01T16:48:36.857+0000][452.891s][info ][safepoint     ] Total time for which application threads were stopped: 0.0024968 seconds, Stopping threads took: 0.0007043 seconds
[2023-10-01T16:48:37.858+0000][453.892s][debug][safepoint     ] Safepoint synchronization initiated. (188 threads)
[2023-10-01T16:48:37.859+0000][453.893s][info ][safepoint     ] Application time: 1.0009646 seconds
[2023-10-01T16:48:37.860+0000][453.893s][info ][safepoint     ] Entering safepoint region: Cleanup
[2023-10-01T16:48:37.861+0000][453.895s][info ][safepoint     ] Leaving safepoint region
[2023-10-01T16:48:37.867+0000][453.900s][info ][safepoint     ] Total time for which application threads were stopped: 0.0071058 seconds, Stopping threads took: 0.0008856 seconds
[2023-10-01T16:48:38.867+0000][454.901s][debug][safepoint     ] Safepoint synchronization initiated. (189 threads)
[2023-10-01T16:48:38.869+0000][454.903s][info ][safepoint     ] Application time: 1.0018534 seconds
[2023-10-01T16:48:38.873+0000][454.907s][debug][safepoint     ] Waiting for 1 thread(s) to block
[2023-10-01T16:48:38.874+0000][454.908s][info ][safepoint     ] Entering safepoint region: Cleanup
[2023-10-01T16:48:38.876+0000][454.909s][info ][safepoint     ] Leaving safepoint region
[2023-10-01T16:48:38.876+0000][454.910s][info ][safepoint     ] Total time for which application threads were stopped: 0.0032549 seconds, Stopping threads took: 0.0021649 seconds
[2023-10-01T16:48:39.878+0000][455.912s][debug][safepoint     ] Safepoint synchronization initiated. (189 threads)
[2023-10-01T16:48:39.882+0000][455.916s][info ][safepoint     ] Application time: 1.0025734 seconds
[2023-10-01T16:48:39.884+0000][455.918s][info ][safepoint     ] Entering safepoint region: Cleanup
[2023-10-01T16:48:39.885+0000][455.919s][info ][safepoint     ] Leaving safepoint region
[2023-10-01T16:48:39.886+0000][455.919s][info ][safepoint     ] Total time for which application threads were stopped: 0.0019349 seconds, Stopping threads took: 0.0008102 seconds
[2023-10-01T16:48:40.886+0000][456.920s][debug][safepoint     ] Safepoint synchronization initiated. (189 threads)
[2023-10-01T16:48:40.887+0000][456.921s][info ][safepoint     ] Application time: 1.0009032 seconds
[2023-10-01T16:48:40.888+0000][456.922s][info ][safepoint     ] Entering safepoint region: Cleanup
[2023-10-01T16:48:40.889+0000][456.922s][info ][safepoint     ] Leaving safepoint region
[2023-10-01T16:48:40.889+0000][456.923s][info ][safepoint     ] Total time for which application threads were stopped: 0.0014023 seconds, Stopping threads took: 0.0005474 seconds
[2023-10-01T16:48:41.892+0000][457.924s][debug][safepoint     ] Safepoint synchronization initiated. (193 threads)
[2023-10-01T16:48:41.895+0000][457.926s][info ][safepoint     ] Application time: 1.0027051 seconds
[2023-10-01T16:48:41.896+0000][457.927s][info ][safepoint     ] Entering safepoint region: Cleanup
[2023-10-01T16:48:41.897+0000][457.928s][info ][safepoint     ] Leaving safepoint region
[2023-10-01T16:48:41.897+0000][457.929s][info ][safepoint     ] Total time for which application threads were stopped: 0.0017876 seconds, Stopping threads took: 0.0006966 seconds
[2023-10-01T16:48:42.898+0000][458.929s][debug][safepoint     ] Safepoint synchronization initiated. (192 threads)
[2023-10-01T16:48:42.899+0000][458.930s][info ][safepoint     ] Application time: 1.0009825 seconds
[2023-10-01T16:48:42.900+0000][458.931s][info ][safepoint     ] Entering safepoint region: Cleanup
[2023-10-01T16:48:42.900+0000][458.932s][info ][safepoint     ] Leaving safepoint region
[2023-10-01T16:48:42.901+0000][458.932s][info ][safepoint     ] Total time for which application threads were stopped: 0.0014770 seconds, Stopping threads took: 0.0006009 seconds
[2023-10-01T16:48:49.771+0000][465.802s][debug][safepoint     ] Safepoint synchronization initiated. (189 threads)
[2023-10-01T16:48:49.772+0000][465.803s][info ][safepoint     ] Application time: 6.8703173 seconds
[2023-10-01T16:48:49.773+0000][465.804s][info ][safepoint     ] Entering safepoint region: G1CollectForAllocation
[2023-10-01T16:48:49.775+0000][465.806s][info ][gc,start      ] GC(69) Pause Young (Normal) (G1 Evacuation Pause)
[2023-10-01T16:48:49.775+0000][465.807s][info ][gc,task       ] GC(69) Using 8 workers of 8 for evacuation
[2023-10-01T16:48:49.854+0000][465.885s][info ][gc,phases     ] GC(69)   Pre Evacuate Collection Set: 0.4ms
[2023-10-01T16:48:49.855+0000][465.886s][info ][gc,phases     ] GC(69)   Evacuate Collection Set: 60.4ms
[2023-10-01T16:48:49.856+0000][465.887s][info ][gc,phases     ] GC(69)   Post Evacuate Collection Set: 16.6ms
[2023-10-01T16:48:49.856+0000][465.887s][info ][gc,phases     ] GC(69)   Other: 2.2ms
[2023-10-01T16:48:49.857+0000][465.888s][info ][gc,heap       ] GC(69) Eden regions: 172->0(169)
[2023-10-01T16:48:49.858+0000][465.890s][info ][gc,heap       ] GC(69) Survivor regions: 16->15(24)
[2023-10-01T16:48:49.859+0000][465.890s][info ][gc,heap       ] GC(69) Old regions: 141->146
[2023-10-01T16:48:49.860+0000][465.891s][info ][gc,heap       ] GC(69) Humongous regions: 0->0
[2023-10-01T16:48:49.860+0000][465.892s][info ][gc,metaspace  ] GC(69) Metaspace: 160074K(165584K)->160074K(165584K) NonClass: 141473K(144848K)->141473K(144848K) Class: 18601K(20736K)->18601K(20736K)
[2023-10-01T16:48:49.861+0000][465.892s][info ][gc            ] GC(69) Pause Young (Normal) (G1 Evacuation Pause) 327M->158M(384M) 86.496ms
[2023-10-01T16:48:49.862+0000][465.893s][info ][gc,cpu        ] GC(69) User=0.54s Sys=0.00s Real=0.09s
[2023-10-01T16:48:49.863+0000][465.894s][info ][safepoint     ] Leaving safepoint region
[2023-10-01T16:48:49.864+0000][465.895s][info ][safepoint     ] Total time for which application threads were stopped: 0.0914607 seconds, Stopping threads took: 0.0008901 seconds
[2023-10-01T16:48:49.865+0000][465.896s][info ][gc,stringdedup] Concurrent String Deduplication (465.896s)
[2023-10-01T16:48:49.873+0000][465.905s][info ][gc,stringdedup] Concurrent String Deduplication 323.8K->207.3K(116.5K) avg 54.3% (465.896s, 465.905s) 8.717ms
[2023-10-01T16:48:50.865+0000][466.896s][debug][safepoint     ] Safepoint synchronization initiated. (193 threads)
[2023-10-01T16:48:50.866+0000][466.897s][info ][safepoint     ] Application time: 1.0010344 seconds
[2023-10-01T16:48:50.866+0000][466.898s][info ][safepoint     ] Entering safepoint region: Cleanup
[2023-10-01T16:48:50.867+0000][466.899s][info ][safepoint     ] Leaving safepoint region
[2023-10-01T16:48:50.868+0000][466.899s][info ][safepoint     ] Total time for which application threads were stopped: 0.0019540 seconds, Stopping threads took: 0.0007503 seconds
[2023-10-01T16:48:51.869+0000][467.900s][debug][safepoint     ] Safepoint synchronization initiated. (192 threads)
[2023-10-01T16:48:51.870+0000][467.901s][info ][safepoint     ] Application time: 1.0013190 seconds
[2023-10-01T16:48:51.871+0000][467.902s][info ][safepoint     ] Entering safepoint region: Cleanup
[2023-10-01T16:48:51.875+0000][467.906s][info ][safepoint     ] Leaving safepoint region
[2023-10-01T16:48:51.876+0000][467.907s][info ][safepoint     ] Total time for which application threads were stopped: 0.0046314 seconds, Stopping threads took: 0.0035535 seconds
[2023-10-01T16:48:52.877+0000][468.908s][debug][safepoint     ] Safepoint synchronization initiated. (192 threads)
[2023-10-01T16:48:52.878+0000][468.909s][info ][safepoint     ] Application time: 1.0008942 seconds
[2023-10-01T16:48:52.878+0000][468.910s][info ][safepoint     ] Entering safepoint region: Cleanup
[2023-10-01T16:48:52.879+0000][468.911s][info ][safepoint     ] Leaving safepoint region
[2023-10-01T16:48:52.881+0000][468.912s][info ][safepoint     ] Total time for which application threads were stopped: 0.0024730 seconds, Stopping threads took: 0.0006204 seconds
[2023-10-01T16:48:55.882+0000][471.914s][debug][safepoint     ] Safepoint synchronization initiated. (193 threads)
[2023-10-01T16:48:55.889+0000][471.920s][info ][safepoint     ] Application time: 3.0069519 seconds
[2023-10-01T16:48:55.895+0000][471.926s][debug][safepoint     ] ... found polling page return exception at pc = 0x00007f5188853636, stub =0x00007f5180840600
[2023-10-01T16:48:55.900+0000][471.932s][debug][safepoint     ] Waiting for 1 thread(s) to block
[2023-10-01T16:48:55.902+0000][471.933s][info ][safepoint     ] Entering safepoint region: Cleanup
[2023-10-01T16:48:55.904+0000][471.935s][info ][safepoint     ] Leaving safepoint region
[2023-10-01T16:48:55.905+0000][471.936s][info ][safepoint     ] Total time for which application threads were stopped: 0.0099862 seconds, Stopping threads took: 0.0083681 seconds
[2023-10-01T16:48:56.906+0000][472.937s][debug][safepoint     ] Safepoint synchronization initiated. (196 threads)
[2023-10-01T16:48:56.906+0000][472.937s][info ][safepoint     ] Application time: 1.0008042 seconds
[2023-10-01T16:48:56.907+0000][472.938s][info ][safepoint     ] Entering safepoint region: Cleanup
[2023-10-01T16:48:56.908+0000][472.939s][info ][safepoint     ] Leaving safepoint region
[2023-10-01T16:48:56.908+0000][472.939s][info ][safepoint     ] Total time for which application threads were stopped: 0.0015234 seconds, Stopping threads took: 0.0006608 seconds
[2023-10-01T16:48:57.909+0000][473.940s][debug][safepoint     ] Safepoint synchronization initiated. (196 threads)
[2023-10-01T16:48:57.910+0000][473.941s][info ][safepoint     ] Application time: 1.0009055 seconds
[2023-10-01T16:48:57.910+0000][473.942s][info ][safepoint     ] Entering safepoint region: Cleanup
[2023-10-01T16:48:57.911+0000][473.942s][info ][safepoint     ] Leaving safepoint region
[2023-10-01T16:48:57.912+0000][473.943s][info ][safepoint     ] Total time for which application threads were stopped: 0.0015604 seconds, Stopping threads took: 0.0006637 seconds
[2023-10-01T16:48:58.913+0000][474.944s][debug][safepoint     ] Safepoint synchronization initiated. (196 threads)
[2023-10-01T16:48:58.913+0000][474.944s][info ][safepoint     ] Application time: 1.0008520 seconds
[2023-10-01T16:48:58.914+0000][474.945s][info ][safepoint     ] Entering safepoint region: Cleanup
[2023-10-01T16:48:58.915+0000][474.946s][info ][safepoint     ] Leaving safepoint region
[2023-10-01T16:48:58.915+0000][474.947s][info ][safepoint     ] Total time for which application threads were stopped: 0.0014417 seconds, Stopping threads took: 0.0007246 seconds
[2023-10-01T16:48:59.916+0000][475.947s][debug][safepoint     ] Safepoint synchronization initiated. (196 threads)
[2023-10-01T16:48:59.917+0000][475.948s][info ][safepoint     ] Application time: 1.0008242 seconds
[2023-10-01T16:48:59.917+0000][475.948s][info ][safepoint     ] Entering safepoint region: Cleanup
[2023-10-01T16:48:59.918+0000][475.949s][info ][safepoint     ] Leaving safepoint region
[2023-10-01T16:48:59.919+0000][475.950s][info ][safepoint     ] Total time for which application threads were stopped: 0.0016376 seconds, Stopping threads took: 0.0005605 seconds
[2023-10-01T16:49:00.920+0000][476.951s][debug][safepoint     ] Safepoint synchronization initiated. (196 threads)
[2023-10-01T16:49:00.920+0000][476.952s][info ][safepoint     ] Application time: 1.0010177 seconds
[2023-10-01T16:49:00.921+0000][476.952s][info ][safepoint     ] Entering safepoint region: Cleanup
[2023-10-01T16:49:00.922+0000][476.953s][info ][safepoint     ] Leaving safepoint region
[2023-10-01T16:49:00.923+0000][476.954s][info ][safepoint     ] Total time for which application threads were stopped: 0.0016060 seconds, Stopping threads took: 0.0006852 seconds
[2023-10-01T16:49:01.923+0000][477.954s][debug][safepoint     ] Safepoint synchronization initiated. (196 threads)
[2023-10-01T16:49:01.924+0000][477.955s][info ][safepoint     ] Application time: 1.0009833 seconds
[2023-10-01T16:49:01.925+0000][477.956s][info ][safepoint     ] Entering safepoint region: Cleanup
[2023-10-01T16:49:01.926+0000][477.957s][info ][safepoint     ] Leaving safepoint region
[2023-10-01T16:49:01.926+0000][477.957s][info ][safepoint     ] Total time for which application threads were stopped: 0.0017539 seconds, Stopping threads took: 0.0008450 seconds
[2023-10-01T16:49:02.928+0000][478.959s][debug][safepoint     ] Safepoint synchronization initiated. (196 threads)
[2023-10-01T16:49:02.928+0000][478.959s][info ][safepoint     ] Application time: 1.0007233 seconds
[2023-10-01T16:49:02.929+0000][478.960s][info ][safepoint     ] Entering safepoint region: Cleanup
[2023-10-01T16:49:02.930+0000][478.961s][info ][safepoint     ] Leaving safepoint region
[2023-10-01T16:49:02.930+0000][478.961s][info ][safepoint     ] Total time for which application threads were stopped: 0.0013460 seconds, Stopping threads took: 0.0006273 seconds
[2023-10-01T16:49:03.931+0000][479.962s][debug][safepoint     ] Safepoint synchronization initiated. (196 threads)
[2023-10-01T16:49:03.931+0000][479.962s][info ][safepoint     ] Application time: 1.0007650 seconds
[2023-10-01T16:49:03.932+0000][479.963s][info ][safepoint     ] Entering safepoint region: Cleanup
[2023-10-01T16:49:03.932+0000][479.964s][info ][safepoint     ] Leaving safepoint region
[2023-10-01T16:49:03.933+0000][479.964s][info ][safepoint     ] Total time for which application threads were stopped: 0.0011407 seconds, Stopping threads took: 0.0004423 seconds
[2023-10-01T16:49:04.933+0000][480.965s][debug][safepoint     ] Safepoint synchronization initiated. (196 threads)
[2023-10-01T16:49:04.934+0000][480.965s][info ][safepoint     ] Application time: 1.0006525 seconds
[2023-10-01T16:49:04.934+0000][480.966s][info ][safepoint     ] Entering safepoint region: Cleanup
[2023-10-01T16:49:04.935+0000][480.966s][info ][safepoint     ] Leaving safepoint region
[2023-10-01T16:49:04.936+0000][480.967s][info ][safepoint     ] Total time for which application threads were stopped: 0.0015905 seconds, Stopping threads took: 0.0005342 seconds
[2023-10-01T16:49:05.937+0000][481.968s][debug][safepoint     ] Safepoint synchronization initiated. (196 threads)
[2023-10-01T16:49:05.937+0000][481.968s][info ][safepoint     ] Application time: 1.0007111 seconds
[2023-10-01T16:49:05.938+0000][481.969s][info ][safepoint     ] Entering safepoint region: Cleanup
[2023-10-01T16:49:05.939+0000][481.970s][info ][safepoint     ] Leaving safepoint region
[2023-10-01T16:49:05.939+0000][481.970s][info ][safepoint     ] Total time for which application threads were stopped: 0.0013955 seconds, Stopping threads took: 0.0006620 seconds
[2023-10-01T16:49:06.940+0000][482.971s][debug][safepoint     ] Safepoint synchronization initiated. (196 threads)
[2023-10-01T16:49:06.940+0000][482.972s][info ][safepoint     ] Application time: 1.0007053 seconds
[2023-10-01T16:49:06.941+0000][482.972s][info ][safepoint     ] Entering safepoint region: Cleanup
[2023-10-01T16:49:06.941+0000][482.973s][info ][safepoint     ] Leaving safepoint region
[2023-10-01T16:49:06.942+0000][482.973s][info ][safepoint     ] Total time for which application threads were stopped: 0.0010891 seconds, Stopping threads took: 0.0003854 seconds
[2023-10-01T16:49:07.187+0000][483.218s][debug][safepoint     ] Safepoint synchronization initiated. (196 threads)
[2023-10-01T16:49:07.188+0000][483.219s][info ][safepoint     ] Application time: 0.2455234 seconds
[2023-10-01T16:49:07.188+0000][483.220s][info ][safepoint     ] Entering safepoint region: Deoptimize
[2023-10-01T16:49:07.199+0000][483.230s][info ][safepoint     ] Leaving safepoint region
[2023-10-01T16:49:07.200+0000][483.231s][info ][safepoint     ] Total time for which application threads were stopped: 0.0114362 seconds, Stopping threads took: 0.0006853 seconds
[2023-10-01T16:49:07.201+0000][483.232s][debug][safepoint     ] Safepoint synchronization initiated. (196 threads)
[2023-10-01T16:49:07.202+0000][483.233s][info ][safepoint     ] Application time: 0.0012466 seconds
[2023-10-01T16:49:07.202+0000][483.233s][info ][safepoint     ] Entering safepoint region: Deoptimize
[2023-10-01T16:49:07.205+0000][483.236s][info ][safepoint     ] Leaving safepoint region
[2023-10-01T16:49:07.206+0000][483.237s][info ][safepoint     ] Total time for which application threads were stopped: 0.0037245 seconds, Stopping threads took: 0.0005196 seconds
[2023-10-01T16:49:07.207+0000][483.238s][debug][safepoint     ] Safepoint synchronization initiated. (196 threads)
[2023-10-01T16:49:07.208+0000][483.239s][info ][safepoint     ] Application time: 0.0013276 seconds
[2023-10-01T16:49:07.208+0000][483.240s][info ][safepoint     ] Entering safepoint region: Deoptimize
[2023-10-01T16:49:07.212+0000][483.243s][info ][safepoint     ] Leaving safepoint region
[2023-10-01T16:49:07.213+0000][483.244s][info ][safepoint     ] Total time for which application threads were stopped: 0.0041755 seconds, Stopping threads took: 0.0005631 seconds
[2023-10-01T16:49:08.213+0000][484.244s][debug][safepoint     ] Safepoint synchronization initiated. (196 threads)
[2023-10-01T16:49:08.214+0000][484.245s][info ][safepoint     ] Application time: 1.0009322 seconds
[2023-10-01T16:49:08.215+0000][484.246s][info ][safepoint     ] Entering safepoint region: Cleanup
[2023-10-01T16:49:08.215+0000][484.247s][info ][safepoint     ] Leaving safepoint region
[2023-10-01T16:49:08.216+0000][484.247s][info ][safepoint     ] Total time for which application threads were stopped: 0.0013490 seconds, Stopping threads took: 0.0005235 seconds
[2023-10-01T16:49:09.217+0000][485.248s][debug][safepoint     ] Safepoint synchronization initiated. (196 threads)
[2023-10-01T16:49:09.217+0000][485.249s][info ][safepoint     ] Application time: 1.0009676 seconds
[2023-10-01T16:49:09.218+0000][485.249s][info ][safepoint     ] Entering safepoint region: Cleanup
[2023-10-01T16:49:09.219+0000][485.250s][info ][safepoint     ] Leaving safepoint region
[2023-10-01T16:49:09.219+0000][485.251s][info ][safepoint     ] Total time for which application threads were stopped: 0.0014026 seconds, Stopping threads took: 0.0006647 seconds
[2023-10-01T16:49:10.220+0000][486.251s][debug][safepoint     ] Safepoint synchronization initiated. (196 threads)
[2023-10-01T16:49:10.221+0000][486.252s][info ][safepoint     ] Application time: 1.0009944 seconds
[2023-10-01T16:49:10.221+0000][486.252s][info ][safepoint     ] Entering safepoint region: Cleanup
[2023-10-01T16:49:10.222+0000][486.253s][info ][safepoint     ] Leaving safepoint region
[2023-10-01T16:49:10.223+0000][486.254s][info ][safepoint     ] Total time for which application threads were stopped: 0.0013829 seconds, Stopping threads took: 0.0005711 seconds
[2023-10-01T16:49:11.223+0000][487.255s][debug][safepoint     ] Safepoint synchronization initiated. (196 threads)
[2023-10-01T16:49:11.224+0000][487.255s][info ][safepoint     ] Application time: 1.0009616 seconds
[2023-10-01T16:49:11.225+0000][487.256s][info ][safepoint     ] Entering safepoint region: Cleanup
[2023-10-01T16:49:11.226+0000][487.257s][info ][safepoint     ] Leaving safepoint region
[2023-10-01T16:49:11.226+0000][487.257s][info ][safepoint     ] Total time for which application threads were stopped: 0.0015142 seconds, Stopping threads took: 0.0007012 seconds
[2023-10-01T16:49:12.227+0000][488.258s][debug][safepoint     ] Safepoint synchronization initiated. (196 threads)
[2023-10-01T16:49:12.228+0000][488.259s][info ][safepoint     ] Application time: 1.0010745 seconds
[2023-10-01T16:49:12.229+0000][488.260s][info ][safepoint     ] Entering safepoint region: Cleanup
[2023-10-01T16:49:12.230+0000][488.261s][info ][safepoint     ] Leaving safepoint region
[2023-10-01T16:49:12.230+0000][488.261s][info ][safepoint     ] Total time for which application threads were stopped: 0.0015184 seconds, Stopping threads took: 0.0007840 seconds
[2023-10-01T16:49:13.231+0000][489.262s][debug][safepoint     ] Safepoint synchronization initiated. (195 threads)
[2023-10-01T16:49:13.232+0000][489.263s][info ][safepoint     ] Application time: 1.0009601 seconds
[2023-10-01T16:49:13.232+0000][489.263s][info ][safepoint     ] Entering safepoint region: Cleanup
[2023-10-01T16:49:13.233+0000][489.264s][info ][safepoint     ] Leaving safepoint region
[2023-10-01T16:49:13.233+0000][489.264s][info ][safepoint     ] Total time for which application threads were stopped: 0.0011439 seconds, Stopping threads took: 0.0004937 seconds
[2023-10-01T16:49:14.234+0000][490.265s][debug][safepoint     ] Safepoint synchronization initiated. (196 threads)
[2023-10-01T16:49:14.235+0000][490.265s][info ][safepoint     ] Application time: 1.0006226 seconds
[2023-10-01T16:49:14.235+0000][490.266s][info ][safepoint     ] Entering safepoint region: Cleanup
[2023-10-01T16:49:14.236+0000][490.266s][info ][safepoint     ] Leaving safepoint region
[2023-10-01T16:49:14.236+0000][490.267s][info ][safepoint     ] Total time for which application threads were stopped: 0.0009841 seconds, Stopping threads took: 0.0003924 seconds
[2023-10-01T16:49:15.236+0000][491.267s][debug][safepoint     ] Safepoint synchronization initiated. (196 threads)
[2023-10-01T16:49:15.237+0000][491.268s][info ][safepoint     ] Application time: 1.0011879 seconds
[2023-10-01T16:49:15.239+0000][491.270s][info ][safepoint     ] Entering safepoint region: Cleanup
[2023-10-01T16:49:15.240+0000][491.271s][info ][safepoint     ] Leaving safepoint region
[2023-10-01T16:49:15.240+0000][491.271s][info ][safepoint     ] Total time for which application threads were stopped: 0.0013215 seconds, Stopping threads took: 0.0005407 seconds
[2023-10-01T16:49:16.241+0000][492.272s][debug][safepoint     ] Safepoint synchronization initiated. (196 threads)
[2023-10-01T16:49:16.242+0000][492.272s][info ][safepoint     ] Application time: 1.0007822 seconds
[2023-10-01T16:49:16.242+0000][492.273s][info ][safepoint     ] Entering safepoint region: Cleanup
[2023-10-01T16:49:16.243+0000][492.274s][info ][safepoint     ] Leaving safepoint region
[2023-10-01T16:49:16.243+0000][492.274s][info ][safepoint     ] Total time for which application threads were stopped: 0.0010644 seconds, Stopping threads took: 0.0004656 seconds
[2023-10-01T16:49:17.244+0000][493.275s][debug][safepoint     ] Safepoint synchronization initiated. (196 threads)
[2023-10-01T16:49:17.245+0000][493.276s][info ][safepoint     ] Application time: 1.0014580 seconds
[2023-10-01T16:49:17.246+0000][493.276s][info ][safepoint     ] Entering safepoint region: Cleanup
[2023-10-01T16:49:17.246+0000][493.277s][info ][safepoint     ] Leaving safepoint region
[2023-10-01T16:49:17.247+0000][493.278s][info ][safepoint     ] Total time for which application threads were stopped: 0.0013509 seconds, Stopping threads took: 0.0006010 seconds
[2023-10-01T16:49:18.247+0000][494.278s][debug][safepoint     ] Safepoint synchronization initiated. (196 threads)
[2023-10-01T16:49:18.248+0000][494.279s][info ][safepoint     ] Application time: 1.0007437 seconds
[2023-10-01T16:49:18.249+0000][494.280s][info ][safepoint     ] Entering safepoint region: Cleanup
[2023-10-01T16:49:18.249+0000][494.280s][info ][safepoint     ] Leaving safepoint region
[2023-10-01T16:49:18.250+0000][494.281s][info ][safepoint     ] Total time for which application threads were stopped: 0.0014327 seconds, Stopping threads took: 0.0005959 seconds
[2023-10-01T16:49:19.251+0000][495.282s][debug][safepoint     ] Safepoint synchronization initiated. (195 threads)
[2023-10-01T16:49:19.253+0000][495.283s][info ][safepoint     ] Application time: 1.0020052 seconds
[2023-10-01T16:49:19.253+0000][495.284s][info ][safepoint     ] Entering safepoint region: Cleanup
[2023-10-01T16:49:19.254+0000][495.285s][info ][safepoint     ] Leaving safepoint region
[2023-10-01T16:49:19.254+0000][495.285s][info ][safepoint     ] Total time for which application threads were stopped: 0.0012498 seconds, Stopping threads took: 0.0005891 seconds
[2023-10-01T16:49:20.255+0000][496.286s][debug][safepoint     ] Safepoint synchronization initiated. (195 threads)
[2023-10-01T16:49:20.256+0000][496.287s][info ][safepoint     ] Application time: 1.0006430 seconds
[2023-10-01T16:49:20.256+0000][496.287s][info ][safepoint     ] Entering safepoint region: Cleanup
[2023-10-01T16:49:20.257+0000][496.288s][info ][safepoint     ] Leaving safepoint region
[2023-10-01T16:49:20.258+0000][496.289s][info ][safepoint     ] Total time for which application threads were stopped: 0.0015605 seconds, Stopping threads took: 0.0008163 seconds
[2023-10-01T16:49:21.258+0000][497.289s][debug][safepoint     ] Safepoint synchronization initiated. (195 threads)
[2023-10-01T16:49:21.259+0000][497.290s][info ][safepoint     ] Application time: 1.0011748 seconds
[2023-10-01T16:49:21.260+0000][497.291s][info ][safepoint     ] Entering safepoint region: Cleanup
[2023-10-01T16:49:21.261+0000][497.292s][info ][safepoint     ] Leaving safepoint region
[2023-10-01T16:49:21.261+0000][497.292s][info ][safepoint     ] Total time for which application threads were stopped: 0.0012180 seconds, Stopping threads took: 0.0005608 seconds
[2023-10-01T16:49:22.262+0000][498.293s][debug][safepoint     ] Safepoint synchronization initiated. (195 threads)
[2023-10-01T16:49:22.262+0000][498.293s][info ][safepoint     ] Application time: 1.0007512 seconds
[2023-10-01T16:49:22.263+0000][498.294s][info ][safepoint     ] Entering safepoint region: Cleanup
[2023-10-01T16:49:22.264+0000][498.295s][info ][safepoint     ] Leaving safepoint region
[2023-10-01T16:49:22.264+0000][498.295s][info ][safepoint     ] Total time for which application threads were stopped: 0.0013687 seconds, Stopping threads took: 0.0005202 seconds
[2023-10-01T16:49:23.265+0000][499.296s][debug][safepoint     ] Safepoint synchronization initiated. (195 threads)
[2023-10-01T16:49:23.265+0000][499.296s][info ][safepoint     ] Application time: 1.0007290 seconds
[2023-10-01T16:49:23.266+0000][499.297s][info ][safepoint     ] Entering safepoint region: Cleanup
[2023-10-01T16:49:23.267+0000][499.298s][info ][safepoint     ] Leaving safepoint region
[2023-10-01T16:49:23.267+0000][499.298s][info ][safepoint     ] Total time for which application threads were stopped: 0.0015854 seconds, Stopping threads took: 0.0005281 seconds
[2023-10-01T16:49:24.268+0000][500.299s][debug][safepoint     ] Safepoint synchronization initiated. (195 threads)
[2023-10-01T16:49:24.269+0000][500.300s][info ][safepoint     ] Application time: 1.0010777 seconds
[2023-10-01T16:49:24.270+0000][500.301s][info ][safepoint     ] Entering safepoint region: Cleanup
[2023-10-01T16:49:24.272+0000][500.303s][info ][safepoint     ] Leaving safepoint region
[2023-10-01T16:49:24.272+0000][500.303s][info ][safepoint     ] Total time for which application threads were stopped: 0.0023777 seconds, Stopping threads took: 0.0015223 seconds
[2023-10-01T16:49:25.273+0000][501.304s][debug][safepoint     ] Safepoint synchronization initiated. (195 threads)
[2023-10-01T16:49:25.273+0000][501.304s][info ][safepoint     ] Application time: 1.0006209 seconds
[2023-10-01T16:49:25.274+0000][501.305s][info ][safepoint     ] Entering safepoint region: Cleanup
[2023-10-01T16:49:25.275+0000][501.306s][info ][safepoint     ] Leaving safepoint region
[2023-10-01T16:49:25.275+0000][501.306s][info ][safepoint     ] Total time for which application threads were stopped: 0.0013285 seconds, Stopping threads took: 0.0006349 seconds
[2023-10-01T16:49:26.276+0000][502.307s][debug][safepoint     ] Safepoint synchronization initiated. (195 threads)
[2023-10-01T16:49:26.277+0000][502.308s][info ][safepoint     ] Application time: 1.0016150 seconds
[2023-10-01T16:49:26.278+0000][502.309s][info ][safepoint     ] Entering safepoint region: Cleanup
[2023-10-01T16:49:26.279+0000][502.309s][info ][safepoint     ] Leaving safepoint region
[2023-10-01T16:49:26.279+0000][502.310s][info ][safepoint     ] Total time for which application threads were stopped: 0.0012926 seconds, Stopping threads took: 0.0005562 seconds
[2023-10-01T16:49:27.280+0000][503.311s][debug][safepoint     ] Safepoint synchronization initiated. (195 threads)
[2023-10-01T16:49:27.281+0000][503.311s][info ][safepoint     ] Application time: 1.0011288 seconds
[2023-10-01T16:49:27.281+0000][503.312s][info ][safepoint     ] Entering safepoint region: Cleanup
[2023-10-01T16:49:27.282+0000][503.313s][info ][safepoint     ] Leaving safepoint region
[2023-10-01T16:49:27.283+0000][503.314s][info ][safepoint     ] Total time for which application threads were stopped: 0.0018318 seconds, Stopping threads took: 0.0005753 seconds
[2023-10-01T16:49:28.284+0000][504.315s][debug][safepoint     ] Safepoint synchronization initiated. (195 threads)
[2023-10-01T16:49:28.285+0000][504.315s][info ][safepoint     ] Application time: 1.0007399 seconds
[2023-10-01T16:49:28.285+0000][504.316s][info ][safepoint     ] Entering safepoint region: Cleanup
[2023-10-01T16:49:28.286+0000][504.317s][info ][safepoint     ] Leaving safepoint region
[2023-10-01T16:49:28.286+0000][504.317s][info ][safepoint     ] Total time for which application threads were stopped: 0.0013886 seconds, Stopping threads took: 0.0005143 seconds
[2023-10-01T16:49:29.287+0000][505.318s][debug][safepoint     ] Safepoint synchronization initiated. (195 threads)
[2023-10-01T16:49:29.288+0000][505.319s][info ][safepoint     ] Application time: 1.0010191 seconds
[2023-10-01T16:49:29.289+0000][505.320s][info ][safepoint     ] Entering safepoint region: Cleanup
[2023-10-01T16:49:29.290+0000][505.321s][info ][safepoint     ] Leaving safepoint region
[2023-10-01T16:49:29.291+0000][505.322s][info ][safepoint     ] Total time for which application threads were stopped: 0.0025174 seconds, Stopping threads took: 0.0010760 seconds
[2023-10-01T16:49:30.292+0000][506.323s][debug][safepoint     ] Safepoint synchronization initiated. (195 threads)
[2023-10-01T16:49:30.293+0000][506.324s][info ][safepoint     ] Application time: 1.0012084 seconds
[2023-10-01T16:49:30.294+0000][506.325s][info ][safepoint     ] Entering safepoint region: Cleanup
[2023-10-01T16:49:30.295+0000][506.326s][info ][safepoint     ] Leaving safepoint region
[2023-10-01T16:49:30.297+0000][506.328s][info ][safepoint     ] Total time for which application threads were stopped: 0.0028972 seconds, Stopping threads took: 0.0005949 seconds
[2023-10-01T16:49:31.298+0000][507.329s][debug][safepoint     ] Safepoint synchronization initiated. (195 threads)
[2023-10-01T16:49:31.299+0000][507.330s][info ][safepoint     ] Application time: 1.0009316 seconds
[2023-10-01T16:49:31.300+0000][507.331s][info ][safepoint     ] Entering safepoint region: Cleanup
[2023-10-01T16:49:31.301+0000][507.332s][info ][safepoint     ] Leaving safepoint region
[2023-10-01T16:49:31.301+0000][507.332s][info ][safepoint     ] Total time for which application threads were stopped: 0.0016336 seconds, Stopping threads took: 0.0006975 seconds
[2023-10-01T16:49:32.302+0000][508.333s][debug][safepoint     ] Safepoint synchronization initiated. (195 threads)
[2023-10-01T16:49:32.303+0000][508.334s][info ][safepoint     ] Application time: 1.0007634 seconds
[2023-10-01T16:49:32.303+0000][508.334s][info ][safepoint     ] Entering safepoint region: Cleanup
[2023-10-01T16:49:32.305+0000][508.336s][info ][safepoint     ] Leaving safepoint region
[2023-10-01T16:49:32.306+0000][508.337s][info ][safepoint     ] Total time for which application threads were stopped: 0.0025087 seconds, Stopping threads took: 0.0014073 seconds
[2023-10-01T16:49:33.307+0000][509.338s][debug][safepoint     ] Safepoint synchronization initiated. (195 threads)
[2023-10-01T16:49:33.307+0000][509.338s][info ][safepoint     ] Application time: 1.0006628 seconds
[2023-10-01T16:49:33.308+0000][509.339s][info ][safepoint     ] Entering safepoint region: Cleanup
[2023-10-01T16:49:33.308+0000][509.339s][info ][safepoint     ] Leaving safepoint region
[2023-10-01T16:49:33.309+0000][509.340s][info ][safepoint     ] Total time for which application threads were stopped: 0.0012139 seconds, Stopping threads took: 0.0004950 seconds
[2023-10-01T16:49:34.309+0000][510.340s][debug][safepoint     ] Safepoint synchronization initiated. (195 threads)
[2023-10-01T16:49:34.310+0000][510.341s][info ][safepoint     ] Application time: 1.0008177 seconds
[2023-10-01T16:49:34.311+0000][510.342s][info ][safepoint     ] Entering safepoint region: Cleanup
[2023-10-01T16:49:34.311+0000][510.342s][info ][safepoint     ] Leaving safepoint region
[2023-10-01T16:49:34.312+0000][510.343s][info ][safepoint     ] Total time for which application threads were stopped: 0.0013526 seconds, Stopping threads took: 0.0005870 seconds
[2023-10-01T16:49:35.313+0000][511.344s][debug][safepoint     ] Safepoint synchronization initiated. (195 threads)
[2023-10-01T16:49:35.313+0000][511.344s][info ][safepoint     ] Application time: 1.0009114 seconds
[2023-10-01T16:49:35.314+0000][511.345s][info ][safepoint     ] Entering safepoint region: Cleanup
[2023-10-01T16:49:35.315+0000][511.346s][info ][safepoint     ] Leaving safepoint region
[2023-10-01T16:49:35.315+0000][511.346s][info ][safepoint     ] Total time for which application threads were stopped: 0.0013659 seconds, Stopping threads took: 0.0006389 seconds
[2023-10-01T16:49:36.316+0000][512.347s][debug][safepoint     ] Safepoint synchronization initiated. (195 threads)
[2023-10-01T16:49:36.317+0000][512.348s][info ][safepoint     ] Application time: 1.0014154 seconds
[2023-10-01T16:49:36.318+0000][512.349s][info ][safepoint     ] Entering safepoint region: Cleanup
[2023-10-01T16:49:36.319+0000][512.350s][info ][safepoint     ] Leaving safepoint region
[2023-10-01T16:49:36.320+0000][512.350s][info ][safepoint     ] Total time for which application threads were stopped: 0.0013261 seconds, Stopping threads took: 0.0005239 seconds
[2023-10-01T16:49:37.320+0000][513.351s][debug][safepoint     ] Safepoint synchronization initiated. (195 threads)
[2023-10-01T16:49:37.321+0000][513.352s][info ][safepoint     ] Application time: 1.0008666 seconds
[2023-10-01T16:49:37.321+0000][513.352s][info ][safepoint     ] Entering safepoint region: Cleanup
[2023-10-01T16:49:37.322+0000][513.353s][info ][safepoint     ] Leaving safepoint region
[2023-10-01T16:49:37.322+0000][513.353s][info ][safepoint     ] Total time for which application threads were stopped: 0.0010482 seconds, Stopping threads took: 0.0004312 seconds
[2023-10-01T16:49:37.811+0000][513.841s][debug][safepoint     ] Safepoint synchronization initiated. (195 threads)
[2023-10-01T16:49:37.811+0000][513.842s][info ][safepoint     ] Application time: 0.4881652 seconds
[2023-10-01T16:49:37.812+0000][513.842s][info ][safepoint     ] Entering safepoint region: Deoptimize
[2023-10-01T16:49:37.818+0000][513.849s][info ][safepoint     ] Leaving safepoint region
[2023-10-01T16:49:37.819+0000][513.850s][info ][safepoint     ] Total time for which application threads were stopped: 0.0074945 seconds, Stopping threads took: 0.0004454 seconds
[2023-10-01T16:49:38.820+0000][514.851s][debug][safepoint     ] Safepoint synchronization initiated. (195 threads)
[2023-10-01T16:49:38.820+0000][514.851s][info ][safepoint     ] Application time: 1.0008636 seconds
[2023-10-01T16:49:38.821+0000][514.852s][info ][safepoint     ] Entering safepoint region: Cleanup
[2023-10-01T16:49:38.822+0000][514.853s][info ][safepoint     ] Leaving safepoint region
[2023-10-01T16:49:38.822+0000][514.853s][info ][safepoint     ] Total time for which application threads were stopped: 0.0012778 seconds, Stopping threads took: 0.0005297 seconds
[2023-10-01T16:49:39.823+0000][515.854s][debug][safepoint     ] Safepoint synchronization initiated. (195 threads)
[2023-10-01T16:49:39.823+0000][515.854s][info ][safepoint     ] Application time: 1.0008639 seconds
[2023-10-01T16:49:39.824+0000][515.855s][info ][safepoint     ] Entering safepoint region: Cleanup
[2023-10-01T16:49:39.825+0000][515.856s][info ][safepoint     ] Leaving safepoint region
[2023-10-01T16:49:39.825+0000][515.856s][info ][safepoint     ] Total time for which application threads were stopped: 0.0012022 seconds, Stopping threads took: 0.0005149 seconds
[2023-10-01T16:49:40.826+0000][516.857s][debug][safepoint     ] Safepoint synchronization initiated. (195 threads)
[2023-10-01T16:49:40.826+0000][516.857s][info ][safepoint     ] Application time: 1.0007835 seconds
[2023-10-01T16:49:40.827+0000][516.858s][info ][safepoint     ] Entering safepoint region: Cleanup
[2023-10-01T16:49:40.828+0000][516.859s][info ][safepoint     ] Leaving safepoint region
[2023-10-01T16:49:40.828+0000][516.859s][info ][safepoint     ] Total time for which application threads were stopped: 0.0013128 seconds, Stopping threads took: 0.0005461 seconds
[2023-10-01T16:49:41.828+0000][517.860s][debug][safepoint     ] Safepoint synchronization initiated. (195 threads)
[2023-10-01T16:49:41.829+0000][517.860s][info ][safepoint     ] Application time: 1.0008154 seconds
[2023-10-01T16:49:41.829+0000][517.861s][info ][safepoint     ] Entering safepoint region: Cleanup
[2023-10-01T16:49:41.830+0000][517.862s][info ][safepoint     ] Leaving safepoint region
[2023-10-01T16:49:41.831+0000][517.863s][info ][safepoint     ] Total time for which application threads were stopped: 0.0015919 seconds, Stopping threads took: 0.0005869 seconds
[2023-10-01T16:49:42.832+0000][518.863s][debug][safepoint     ] Safepoint synchronization initiated. (195 threads)
[2023-10-01T16:49:42.832+0000][518.864s][info ][safepoint     ] Application time: 1.0006757 seconds
[2023-10-01T16:49:42.833+0000][518.864s][info ][safepoint     ] Entering safepoint region: Cleanup
[2023-10-01T16:49:42.834+0000][518.865s][info ][safepoint     ] Leaving safepoint region
[2023-10-01T16:49:42.834+0000][518.866s][info ][safepoint     ] Total time for which application threads were stopped: 0.0012671 seconds, Stopping threads took: 0.0005435 seconds
[2023-10-01T16:49:43.835+0000][519.866s][debug][safepoint     ] Safepoint synchronization initiated. (195 threads)
[2023-10-01T16:49:43.835+0000][519.867s][info ][safepoint     ] Application time: 1.0007564 seconds
[2023-10-01T16:49:43.836+0000][519.867s][info ][safepoint     ] Entering safepoint region: Cleanup
[2023-10-01T16:49:43.836+0000][519.868s][info ][safepoint     ] Leaving safepoint region
[2023-10-01T16:49:43.837+0000][519.868s][info ][safepoint     ] Total time for which application threads were stopped: 0.0010444 seconds, Stopping threads took: 0.0004632 seconds
[2023-10-01T16:49:44.837+0000][520.869s][debug][safepoint     ] Safepoint synchronization initiated. (195 threads)
[2023-10-01T16:49:44.838+0000][520.869s][info ][safepoint     ] Application time: 1.0008204 seconds
[2023-10-01T16:49:44.839+0000][520.870s][info ][safepoint     ] Entering safepoint region: Cleanup
[2023-10-01T16:49:44.839+0000][520.871s][info ][safepoint     ] Leaving safepoint region
[2023-10-01T16:49:44.840+0000][520.871s][info ][safepoint     ] Total time for which application threads were stopped: 0.0013716 seconds, Stopping threads took: 0.0005952 seconds
[2023-10-01T16:49:45.841+0000][521.872s][debug][safepoint     ] Safepoint synchronization initiated. (195 threads)
[2023-10-01T16:49:45.841+0000][521.873s][info ][safepoint     ] Application time: 1.0007885 seconds
[2023-10-01T16:49:45.842+0000][521.873s][info ][safepoint     ] Entering safepoint region: Cleanup
[2023-10-01T16:49:45.842+0000][521.874s][info ][safepoint     ] Leaving safepoint region
[2023-10-01T16:49:45.843+0000][521.874s][info ][safepoint     ] Total time for which application threads were stopped: 0.0012730 seconds, Stopping threads took: 0.0004710 seconds
[2023-10-01T16:49:46.844+0000][522.875s][debug][safepoint     ] Safepoint synchronization initiated. (195 threads)
[2023-10-01T16:49:46.844+0000][522.876s][info ][safepoint     ] Application time: 1.0009647 seconds
[2023-10-01T16:49:46.845+0000][522.877s][info ][safepoint     ] Entering safepoint region: Cleanup
[2023-10-01T16:49:46.846+0000][522.878s][info ][safepoint     ] Leaving safepoint region
[2023-10-01T16:49:46.847+0000][522.878s][info ][safepoint     ] Total time for which application threads were stopped: 0.0016361 seconds, Stopping threads took: 0.0006925 seconds
[2023-10-01T16:49:47.847+0000][523.879s][debug][safepoint     ] Safepoint synchronization initiated. (195 threads)
[2023-10-01T16:49:47.848+0000][523.880s][info ][safepoint     ] Application time: 1.0006246 seconds
[2023-10-01T16:49:47.849+0000][523.880s][info ][safepoint     ] Entering safepoint region: Cleanup
[2023-10-01T16:49:47.849+0000][523.881s][info ][safepoint     ] Leaving safepoint region
[2023-10-01T16:49:47.850+0000][523.881s][info ][safepoint     ] Total time for which application threads were stopped: 0.0013604 seconds, Stopping threads took: 0.0006414 seconds
[2023-10-01T16:49:48.850+0000][524.882s][debug][safepoint     ] Safepoint synchronization initiated. (195 threads)
[2023-10-01T16:49:48.853+0000][524.884s][info ][safepoint     ] Application time: 1.0022747 seconds
[2023-10-01T16:49:48.854+0000][524.885s][debug][safepoint     ] ... found polling page loop exception at pc = 0x00007f5189322600, stub =0x00007f5180843680
[2023-10-01T16:49:48.854+0000][524.886s][debug][safepoint     ] Waiting for 1 thread(s) to block
[2023-10-01T16:49:48.855+0000][524.887s][info ][safepoint     ] Entering safepoint region: Cleanup
[2023-10-01T16:49:48.857+0000][524.888s][info ][safepoint     ] Leaving safepoint region
[2023-10-01T16:49:48.857+0000][524.889s][info ][safepoint     ] Total time for which application threads were stopped: 0.0039873 seconds, Stopping threads took: 0.0028286 seconds
[2023-10-01T16:49:49.029+0000][525.060s][debug][safepoint     ] Safepoint synchronization initiated. (198 threads)
[2023-10-01T16:49:49.030+0000][525.061s][info ][safepoint     ] Application time: 0.1720096 seconds
[2023-10-01T16:49:49.031+0000][525.062s][debug][safepoint     ] ... found polling page return exception at pc = 0x00007f51887bdaba, stub =0x00007f5180840600
[2023-10-01T16:49:49.031+0000][525.063s][debug][safepoint     ] Waiting for 1 thread(s) to block
[2023-10-01T16:49:49.032+0000][525.063s][info ][safepoint     ] Entering safepoint region: Deoptimize
[2023-10-01T16:49:49.040+0000][525.072s][info ][safepoint     ] Leaving safepoint region
[2023-10-01T16:49:49.041+0000][525.072s][info ][safepoint     ] Total time for which application threads were stopped: 0.0102844 seconds, Stopping threads took: 0.0026942 seconds
[2023-10-01T16:49:49.270+0000][525.301s][debug][safepoint     ] Safepoint synchronization initiated. (198 threads)
[2023-10-01T16:49:49.276+0000][525.307s][info ][safepoint     ] Application time: 0.2343868 seconds
[2023-10-01T16:49:49.280+0000][525.312s][debug][safepoint     ] Waiting for 1 thread(s) to block
[2023-10-01T16:49:49.281+0000][525.313s][info ][safepoint     ] Entering safepoint region: G1CollectForAllocation
[2023-10-01T16:49:49.283+0000][525.314s][info ][gc,start      ] GC(70) Pause Young (Normal) (G1 Evacuation Pause)
[2023-10-01T16:49:49.284+0000][525.315s][info ][gc,task       ] GC(70) Using 8 workers of 8 for evacuation
[2023-10-01T16:49:49.364+0000][525.395s][info ][gc,phases     ] GC(70)   Pre Evacuate Collection Set: 0.3ms
[2023-10-01T16:49:49.364+0000][525.396s][info ][gc,phases     ] GC(70)   Evacuate Collection Set: 68.8ms
[2023-10-01T16:49:49.365+0000][525.397s][info ][gc,phases     ] GC(70)   Post Evacuate Collection Set: 9.8ms
[2023-10-01T16:49:49.367+0000][525.398s][info ][gc,phases     ] GC(70)   Other: 1.9ms
[2023-10-01T16:49:49.367+0000][525.399s][info ][gc,heap       ] GC(70) Eden regions: 169->0(172)
[2023-10-01T16:49:49.368+0000][525.399s][info ][gc,heap       ] GC(70) Survivor regions: 15->12(23)
[2023-10-01T16:49:49.368+0000][525.400s][info ][gc,heap       ] GC(70) Old regions: 146->149
[2023-10-01T16:49:49.369+0000][525.401s][info ][gc,heap       ] GC(70) Humongous regions: 1->0
[2023-10-01T16:49:49.370+0000][525.401s][info ][gc,metaspace  ] GC(70) Metaspace: 161638K(167248K)->161638K(167248K) NonClass: 142918K(146384K)->142918K(146384K) Class: 18720K(20864K)->18720K(20864K)
[2023-10-01T16:49:49.370+0000][525.402s][info ][gc            ] GC(70) Pause Young (Normal) (G1 Evacuation Pause) 328M->158M(384M) 87.313ms
[2023-10-01T16:49:49.371+0000][525.402s][info ][gc,cpu        ] GC(70) User=0.52s Sys=0.00s Real=0.09s
[2023-10-01T16:49:49.371+0000][525.403s][info ][safepoint     ] Leaving safepoint region
[2023-10-01T16:49:49.372+0000][525.404s][info ][safepoint     ] Total time for which application threads were stopped: 0.0919140 seconds, Stopping threads took: 0.0019904 seconds
[2023-10-01T16:49:49.373+0000][525.404s][info ][gc,stringdedup] Concurrent String Deduplication (525.404s)
[2023-10-01T16:49:49.379+0000][525.411s][info ][gc,stringdedup] Concurrent String Deduplication 155.5K->76872.0B(82328.0B) avg 54.3% (525.404s, 525.411s) 6.836ms
[2023-10-01T16:49:49.466+0000][525.497s][debug][safepoint     ] Safepoint synchronization initiated. (198 threads)
[2023-10-01T16:49:49.467+0000][525.498s][info ][safepoint     ] Application time: 0.0942756 seconds
[2023-10-01T16:49:49.467+0000][525.499s][debug][safepoint     ] ... found polling page return exception at pc = 0x00007f51887bdaba, stub =0x00007f5180840600
[2023-10-01T16:49:49.468+0000][525.500s][debug][safepoint     ] Waiting for 2 thread(s) to block
[2023-10-01T16:49:49.469+0000][525.501s][info ][safepoint     ] Entering safepoint region: ICBufferFull
[2023-10-01T16:49:49.470+0000][525.502s][info ][safepoint     ] Leaving safepoint region
[2023-10-01T16:49:49.471+0000][525.503s][info ][safepoint     ] Total time for which application threads were stopped: 0.0036096 seconds, Stopping threads took: 0.0023982 seconds
[2023-10-01T16:49:50.472+0000][526.503s][debug][safepoint     ] Safepoint synchronization initiated. (207 threads)
[2023-10-01T16:49:50.472+0000][526.504s][info ][safepoint     ] Application time: 1.0008163 seconds
[2023-10-01T16:49:50.473+0000][526.505s][info ][safepoint     ] Entering safepoint region: Cleanup
[2023-10-01T16:49:50.475+0000][526.506s][info ][safepoint     ] Leaving safepoint region
[2023-10-01T16:49:50.475+0000][526.507s][info ][safepoint     ] Total time for which application threads were stopped: 0.0022684 seconds, Stopping threads took: 0.0008275 seconds
[2023-10-01T16:49:51.477+0000][527.508s][debug][safepoint     ] Safepoint synchronization initiated. (207 threads)
[2023-10-01T16:49:51.477+0000][527.509s][info ][safepoint     ] Application time: 1.0009112 seconds
[2023-10-01T16:49:51.479+0000][527.510s][info ][safepoint     ] Entering safepoint region: Cleanup
[2023-10-01T16:49:51.480+0000][527.511s][info ][safepoint     ] Leaving safepoint region
[2023-10-01T16:49:51.480+0000][527.512s][info ][safepoint     ] Total time for which application threads were stopped: 0.0016075 seconds, Stopping threads took: 0.0007601 seconds
[2023-10-01T16:49:52.481+0000][528.512s][debug][safepoint     ] Safepoint synchronization initiated. (205 threads)
[2023-10-01T16:49:52.481+0000][528.513s][info ][safepoint     ] Application time: 1.0008581 seconds
[2023-10-01T16:49:52.482+0000][528.514s][info ][safepoint     ] Entering safepoint region: Cleanup
[2023-10-01T16:49:52.483+0000][528.514s][info ][safepoint     ] Leaving safepoint region
[2023-10-01T16:49:52.483+0000][528.515s][info ][safepoint     ] Total time for which application threads were stopped: 0.0013011 seconds, Stopping threads took: 0.0005097 seconds
[2023-10-01T16:49:53.484+0000][529.515s][debug][safepoint     ] Safepoint synchronization initiated. (205 threads)
[2023-10-01T16:49:53.485+0000][529.516s][info ][safepoint     ] Application time: 1.0008576 seconds
[2023-10-01T16:49:53.485+0000][529.517s][info ][safepoint     ] Entering safepoint region: Cleanup
[2023-10-01T16:49:53.486+0000][529.518s][info ][safepoint     ] Leaving safepoint region
[2023-10-01T16:49:53.487+0000][529.518s][info ][safepoint     ] Total time for which application threads were stopped: 0.0017675 seconds, Stopping threads took: 0.0008431 seconds
[2023-10-01T16:49:54.488+0000][530.519s][debug][safepoint     ] Safepoint synchronization initiated. (205 threads)
[2023-10-01T16:49:54.488+0000][530.520s][info ][safepoint     ] Application time: 1.0007939 seconds
[2023-10-01T16:49:54.489+0000][530.520s][info ][safepoint     ] Entering safepoint region: Cleanup
[2023-10-01T16:49:54.490+0000][530.521s][info ][safepoint     ] Leaving safepoint region
[2023-10-01T16:49:54.490+0000][530.522s][info ][safepoint     ] Total time for which application threads were stopped: 0.0014575 seconds, Stopping threads took: 0.0006293 seconds
[2023-10-01T16:49:55.491+0000][531.523s][debug][safepoint     ] Safepoint synchronization initiated. (205 threads)
[2023-10-01T16:49:55.492+0000][531.524s][info ][safepoint     ] Application time: 1.0015603 seconds
[2023-10-01T16:49:55.493+0000][531.525s][info ][safepoint     ] Entering safepoint region: Cleanup
[2023-10-01T16:49:55.494+0000][531.525s][info ][safepoint     ] Leaving safepoint region
[2023-10-01T16:49:55.494+0000][531.526s][info ][safepoint     ] Total time for which application threads were stopped: 0.0012602 seconds, Stopping threads took: 0.0005853 seconds
[2023-10-01T16:49:56.495+0000][532.526s][debug][safepoint     ] Safepoint synchronization initiated. (205 threads)
[2023-10-01T16:49:56.496+0000][532.528s][info ][safepoint     ] Application time: 1.0013046 seconds
[2023-10-01T16:49:56.497+0000][532.528s][info ][safepoint     ] Entering safepoint region: Cleanup
[2023-10-01T16:49:56.497+0000][532.529s][info ][safepoint     ] Leaving safepoint region
[2023-10-01T16:49:56.498+0000][532.529s][info ][safepoint     ] Total time for which application threads were stopped: 0.0013205 seconds, Stopping threads took: 0.0005751 seconds
[2023-10-01T16:49:57.498+0000][533.530s][debug][safepoint     ] Safepoint synchronization initiated. (204 threads)
[2023-10-01T16:49:57.499+0000][533.531s][info ][safepoint     ] Application time: 1.0008369 seconds
[2023-10-01T16:49:57.500+0000][533.531s][info ][safepoint     ] Entering safepoint region: Cleanup
[2023-10-01T16:49:57.500+0000][533.532s][info ][safepoint     ] Leaving safepoint region
[2023-10-01T16:49:57.501+0000][533.533s][info ][safepoint     ] Total time for which application threads were stopped: 0.0016389 seconds, Stopping threads took: 0.0005111 seconds
[2023-10-01T16:49:58.502+0000][534.534s][debug][safepoint     ] Safepoint synchronization initiated. (204 threads)
[2023-10-01T16:49:58.503+0000][534.535s][info ][safepoint     ] Application time: 1.0009115 seconds
[2023-10-01T16:49:58.504+0000][534.536s][info ][safepoint     ] Entering safepoint region: Cleanup
[2023-10-01T16:49:58.505+0000][534.537s][info ][safepoint     ] Leaving safepoint region
[2023-10-01T16:49:58.505+0000][534.537s][info ][safepoint     ] Total time for which application threads were stopped: 0.0016334 seconds, Stopping threads took: 0.0007804 seconds
[2023-10-01T16:49:59.506+0000][535.538s][debug][safepoint     ] Safepoint synchronization initiated. (204 threads)
[2023-10-01T16:49:59.507+0000][535.539s][info ][safepoint     ] Application time: 1.0012846 seconds
[2023-10-01T16:49:59.510+0000][535.541s][info ][safepoint     ] Entering safepoint region: Cleanup
[2023-10-01T16:49:59.513+0000][535.544s][info ][safepoint     ] Leaving safepoint region
[2023-10-01T16:49:59.513+0000][535.545s][info ][safepoint     ] Total time for which application threads were stopped: 0.0040952 seconds, Stopping threads took: 0.0022535 seconds
[2023-10-01T16:50:00.515+0000][536.546s][debug][safepoint     ] Safepoint synchronization initiated. (204 threads)
[2023-10-01T16:50:00.516+0000][536.547s][info ][safepoint     ] Application time: 1.0010209 seconds
[2023-10-01T16:50:00.516+0000][536.548s][info ][safepoint     ] Entering safepoint region: Cleanup
[2023-10-01T16:50:00.517+0000][536.548s][info ][safepoint     ] Leaving safepoint region
[2023-10-01T16:50:00.517+0000][536.549s][info ][safepoint     ] Total time for which application threads were stopped: 0.0013966 seconds, Stopping threads took: 0.0006163 seconds
[2023-10-01T16:50:01.518+0000][537.550s][debug][safepoint     ] Safepoint synchronization initiated. (204 threads)
[2023-10-01T16:50:01.519+0000][537.551s][info ][safepoint     ] Application time: 1.0012763 seconds
[2023-10-01T16:50:01.522+0000][537.553s][info ][safepoint     ] Entering safepoint region: Cleanup
[2023-10-01T16:50:01.522+0000][537.554s][info ][safepoint     ] Leaving safepoint region
[2023-10-01T16:50:01.523+0000][537.555s][info ][safepoint     ] Total time for which application threads were stopped: 0.0017485 seconds, Stopping threads took: 0.0007952 seconds
[2023-10-01T16:50:02.524+0000][538.555s][debug][safepoint     ] Safepoint synchronization initiated. (204 threads)
[2023-10-01T16:50:02.524+0000][538.556s][info ][safepoint     ] Application time: 1.0008196 seconds
[2023-10-01T16:50:02.525+0000][538.557s][info ][safepoint     ] Entering safepoint region: Cleanup
[2023-10-01T16:50:02.526+0000][538.557s][info ][safepoint     ] Leaving safepoint region
[2023-10-01T16:50:02.526+0000][538.558s][info ][safepoint     ] Total time for which application threads were stopped: 0.0013815 seconds, Stopping threads took: 0.0005901 seconds
[2023-10-01T16:50:03.527+0000][539.559s][debug][safepoint     ] Safepoint synchronization initiated. (204 threads)
[2023-10-01T16:50:03.528+0000][539.560s][info ][safepoint     ] Application time: 1.0011903 seconds
[2023-10-01T16:50:03.529+0000][539.560s][info ][safepoint     ] Entering safepoint region: Cleanup
[2023-10-01T16:50:03.531+0000][539.562s][info ][safepoint     ] Leaving safepoint region
[2023-10-01T16:50:03.532+0000][539.563s][info ][safepoint     ] Total time for which application threads were stopped: 0.0031795 seconds, Stopping threads took: 0.0007632 seconds
[2023-10-01T16:50:04.533+0000][540.565s][debug][safepoint     ] Safepoint synchronization initiated. (204 threads)
[2023-10-01T16:50:04.534+0000][540.566s][info ][safepoint     ] Application time: 1.0010113 seconds
[2023-10-01T16:50:04.535+0000][540.566s][info ][safepoint     ] Entering safepoint region: Cleanup
[2023-10-01T16:50:04.536+0000][540.567s][info ][safepoint     ] Leaving safepoint region
[2023-10-01T16:50:04.536+0000][540.568s][info ][safepoint     ] Total time for which application threads were stopped: 0.0017008 seconds, Stopping threads took: 0.0006924 seconds
[2023-10-01T16:50:05.537+0000][541.569s][debug][safepoint     ] Safepoint synchronization initiated. (204 threads)
[2023-10-01T16:50:05.538+0000][541.569s][info ][safepoint     ] Application time: 1.0009452 seconds
[2023-10-01T16:50:05.539+0000][541.570s][info ][safepoint     ] Entering safepoint region: Cleanup
[2023-10-01T16:50:05.539+0000][541.571s][info ][safepoint     ] Leaving safepoint region
[2023-10-01T16:50:05.540+0000][541.572s][info ][safepoint     ] Total time for which application threads were stopped: 0.0014932 seconds, Stopping threads took: 0.0006899 seconds
[2023-10-01T16:50:06.541+0000][542.572s][debug][safepoint     ] Safepoint synchronization initiated. (204 threads)
[2023-10-01T16:50:06.541+0000][542.573s][info ][safepoint     ] Application time: 1.0008768 seconds
[2023-10-01T16:50:06.542+0000][542.574s][info ][safepoint     ] Entering safepoint region: Cleanup
[2023-10-01T16:50:06.543+0000][542.574s][info ][safepoint     ] Leaving safepoint region
[2023-10-01T16:50:06.543+0000][542.575s][info ][safepoint     ] Total time for which application threads were stopped: 0.0013937 seconds, Stopping threads took: 0.0007160 seconds
[2023-10-01T16:50:07.544+0000][543.575s][debug][safepoint     ] Safepoint synchronization initiated. (204 threads)
[2023-10-01T16:50:07.545+0000][543.576s][info ][safepoint     ] Application time: 1.0009398 seconds
[2023-10-01T16:50:07.545+0000][543.577s][info ][safepoint     ] Entering safepoint region: Cleanup
[2023-10-01T16:50:07.546+0000][543.578s][info ][safepoint     ] Leaving safepoint region
[2023-10-01T16:50:07.547+0000][543.578s][info ][safepoint     ] Total time for which application threads were stopped: 0.0014660 seconds, Stopping threads took: 0.0006528 seconds
[2023-10-01T16:50:08.547+0000][544.579s][debug][safepoint     ] Safepoint synchronization initiated. (204 threads)
[2023-10-01T16:50:08.548+0000][544.579s][info ][safepoint     ] Application time: 1.0006757 seconds
[2023-10-01T16:50:08.548+0000][544.580s][info ][safepoint     ] Entering safepoint region: Cleanup
[2023-10-01T16:50:08.549+0000][544.581s][info ][safepoint     ] Leaving safepoint region
[2023-10-01T16:50:08.550+0000][544.581s][info ][safepoint     ] Total time for which application threads were stopped: 0.0014505 seconds, Stopping threads took: 0.0006646 seconds
[2023-10-01T16:50:09.551+0000][545.582s][debug][safepoint     ] Safepoint synchronization initiated. (204 threads)
[2023-10-01T16:50:09.552+0000][545.583s][info ][safepoint     ] Application time: 1.0009938 seconds
[2023-10-01T16:50:09.552+0000][545.584s][info ][safepoint     ] Entering safepoint region: Cleanup
[2023-10-01T16:50:09.554+0000][545.585s][info ][safepoint     ] Leaving safepoint region
[2023-10-01T16:50:09.554+0000][545.586s][info ][safepoint     ] Total time for which application threads were stopped: 0.0020191 seconds, Stopping threads took: 0.0011369 seconds
[2023-10-01T16:50:10.555+0000][546.586s][debug][safepoint     ] Safepoint synchronization initiated. (205 threads)
[2023-10-01T16:50:10.556+0000][546.587s][info ][safepoint     ] Application time: 1.0011168 seconds
[2023-10-01T16:50:10.557+0000][546.588s][debug][safepoint     ] Waiting for 1 thread(s) to block
[2023-10-01T16:50:10.557+0000][546.589s][info ][safepoint     ] Entering safepoint region: Cleanup
[2023-10-01T16:50:10.558+0000][546.590s][info ][safepoint     ] Leaving safepoint region
[2023-10-01T16:50:10.558+0000][546.590s][info ][safepoint     ] Total time for which application threads were stopped: 0.0016941 seconds, Stopping threads took: 0.0010355 seconds
[2023-10-01T16:50:11.559+0000][547.591s][debug][safepoint     ] Safepoint synchronization initiated. (205 threads)
[2023-10-01T16:50:11.560+0000][547.591s][info ][safepoint     ] Application time: 1.0008453 seconds
[2023-10-01T16:50:11.560+0000][547.592s][info ][safepoint     ] Entering safepoint region: Cleanup
[2023-10-01T16:50:11.561+0000][547.593s][info ][safepoint     ] Leaving safepoint region
[2023-10-01T16:50:11.561+0000][547.593s][info ][safepoint     ] Total time for which application threads were stopped: 0.0013234 seconds, Stopping threads took: 0.0005402 seconds
[2023-10-01T16:50:12.563+0000][548.594s][debug][safepoint     ] Safepoint synchronization initiated. (204 threads)
[2023-10-01T16:50:12.563+0000][548.594s][info ][safepoint     ] Application time: 1.0008846 seconds
[2023-10-01T16:50:12.564+0000][548.595s][info ][safepoint     ] Entering safepoint region: Cleanup
[2023-10-01T16:50:12.564+0000][548.596s][info ][safepoint     ] Leaving safepoint region
[2023-10-01T16:50:12.565+0000][548.596s][info ][safepoint     ] Total time for which application threads were stopped: 0.0012571 seconds, Stopping threads took: 0.0005398 seconds
[2023-10-01T16:50:13.566+0000][549.597s][debug][safepoint     ] Safepoint synchronization initiated. (204 threads)
[2023-10-01T16:50:13.566+0000][549.597s][info ][safepoint     ] Application time: 1.0010224 seconds
[2023-10-01T16:50:13.567+0000][549.598s][info ][safepoint     ] Entering safepoint region: Cleanup
[2023-10-01T16:50:13.568+0000][549.599s][info ][safepoint     ] Leaving safepoint region
[2023-10-01T16:50:13.568+0000][549.600s][info ][safepoint     ] Total time for which application threads were stopped: 0.0014441 seconds, Stopping threads took: 0.0006634 seconds
[2023-10-01T16:50:14.569+0000][550.601s][debug][safepoint     ] Safepoint synchronization initiated. (204 threads)
[2023-10-01T16:50:14.571+0000][550.602s][info ][safepoint     ] Application time: 1.0020096 seconds
[2023-10-01T16:50:14.572+0000][550.603s][info ][safepoint     ] Entering safepoint region: Cleanup
[2023-10-01T16:50:14.573+0000][550.604s][info ][safepoint     ] Leaving safepoint region
[2023-10-01T16:50:14.573+0000][550.605s][info ][safepoint     ] Total time for which application threads were stopped: 0.0015979 seconds, Stopping threads took: 0.0007016 seconds
[2023-10-01T16:50:15.574+0000][551.605s][debug][safepoint     ] Safepoint synchronization initiated. (204 threads)
[2023-10-01T16:50:15.575+0000][551.606s][info ][safepoint     ] Application time: 1.0006941 seconds
[2023-10-01T16:50:15.575+0000][551.607s][info ][safepoint     ] Entering safepoint region: Cleanup
[2023-10-01T16:50:15.576+0000][551.607s][info ][safepoint     ] Leaving safepoint region
[2023-10-01T16:50:15.577+0000][551.608s][info ][safepoint     ] Total time for which application threads were stopped: 0.0013225 seconds, Stopping threads took: 0.0005610 seconds
[2023-10-01T16:50:16.577+0000][552.608s][debug][safepoint     ] Safepoint synchronization initiated. (204 threads)
[2023-10-01T16:50:16.578+0000][552.609s][info ][safepoint     ] Application time: 1.0008429 seconds
[2023-10-01T16:50:16.579+0000][552.610s][info ][safepoint     ] Entering safepoint region: Cleanup
[2023-10-01T16:50:16.580+0000][552.611s][info ][safepoint     ] Leaving safepoint region
[2023-10-01T16:50:16.580+0000][552.611s][info ][safepoint     ] Total time for which application threads were stopped: 0.0014868 seconds, Stopping threads took: 0.0007322 seconds
[2023-10-01T16:50:17.581+0000][553.612s][debug][safepoint     ] Safepoint synchronization initiated. (204 threads)
[2023-10-01T16:50:17.582+0000][553.613s][info ][safepoint     ] Application time: 1.0010329 seconds
[2023-10-01T16:50:17.582+0000][553.613s][info ][safepoint     ] Entering safepoint region: Cleanup
[2023-10-01T16:50:17.583+0000][553.614s][info ][safepoint     ] Leaving safepoint region
[2023-10-01T16:50:17.584+0000][553.615s][info ][safepoint     ] Total time for which application threads were stopped: 0.0016207 seconds, Stopping threads took: 0.0006540 seconds
[2023-10-01T16:50:18.584+0000][554.616s][debug][safepoint     ] Safepoint synchronization initiated. (204 threads)
[2023-10-01T16:50:18.585+0000][554.616s][info ][safepoint     ] Application time: 1.0008199 seconds
[2023-10-01T16:50:18.586+0000][554.617s][info ][safepoint     ] Entering safepoint region: Cleanup
[2023-10-01T16:50:18.587+0000][554.618s][info ][safepoint     ] Leaving safepoint region
[2023-10-01T16:50:18.587+0000][554.618s][info ][safepoint     ] Total time for which application threads were stopped: 0.0016031 seconds, Stopping threads took: 0.0006549 seconds
[2023-10-01T16:50:19.588+0000][555.619s][debug][safepoint     ] Safepoint synchronization initiated. (204 threads)
[2023-10-01T16:50:19.591+0000][555.622s][info ][safepoint     ] Application time: 1.0028656 seconds
[2023-10-01T16:50:19.593+0000][555.624s][info ][safepoint     ] Entering safepoint region: Cleanup
[2023-10-01T16:50:19.595+0000][555.626s][info ][safepoint     ] Leaving safepoint region
[2023-10-01T16:50:19.596+0000][555.628s][info ][safepoint     ] Total time for which application threads were stopped: 0.0037262 seconds, Stopping threads took: 0.0024175 seconds
[2023-10-01T16:50:20.597+0000][556.629s][debug][safepoint     ] Safepoint synchronization initiated. (204 threads)
[2023-10-01T16:50:20.598+0000][556.629s][info ][safepoint     ] Application time: 1.0009181 seconds
[2023-10-01T16:50:20.599+0000][556.630s][info ][safepoint     ] Entering safepoint region: Cleanup
[2023-10-01T16:50:20.600+0000][556.631s][info ][safepoint     ] Leaving safepoint region
[2023-10-01T16:50:20.600+0000][556.632s][info ][safepoint     ] Total time for which application threads were stopped: 0.0017602 seconds, Stopping threads took: 0.0007765 seconds
[2023-10-01T16:50:21.601+0000][557.632s][debug][safepoint     ] Safepoint synchronization initiated. (204 threads)
[2023-10-01T16:50:21.602+0000][557.633s][info ][safepoint     ] Application time: 1.0007272 seconds
[2023-10-01T16:50:21.602+0000][557.634s][info ][safepoint     ] Entering safepoint region: Cleanup
[2023-10-01T16:50:21.603+0000][557.634s][info ][safepoint     ] Leaving safepoint region
[2023-10-01T16:50:21.604+0000][557.635s][info ][safepoint     ] Total time for which application threads were stopped: 0.0014150 seconds, Stopping threads took: 0.0005375 seconds
[2023-10-01T16:50:22.604+0000][558.636s][debug][safepoint     ] Safepoint synchronization initiated. (204 threads)
[2023-10-01T16:50:22.605+0000][558.636s][info ][safepoint     ] Application time: 1.0009352 seconds
[2023-10-01T16:50:22.606+0000][558.637s][info ][safepoint     ] Entering safepoint region: Cleanup
[2023-10-01T16:50:22.606+0000][558.638s][info ][safepoint     ] Leaving safepoint region
[2023-10-01T16:50:22.607+0000][558.638s][info ][safepoint     ] Total time for which application threads were stopped: 0.0011464 seconds, Stopping threads took: 0.0004819 seconds
[2023-10-01T16:50:23.607+0000][559.638s][debug][safepoint     ] Safepoint synchronization initiated. (204 threads)
[2023-10-01T16:50:23.608+0000][559.639s][info ][safepoint     ] Application time: 1.0008237 seconds
[2023-10-01T16:50:23.609+0000][559.640s][info ][safepoint     ] Entering safepoint region: Cleanup
[2023-10-01T16:50:23.609+0000][559.641s][info ][safepoint     ] Leaving safepoint region
[2023-10-01T16:50:23.610+0000][559.641s][info ][safepoint     ] Total time for which application threads were stopped: 0.0013097 seconds, Stopping threads took: 0.0004995 seconds
[2023-10-01T16:50:24.611+0000][560.642s][debug][safepoint     ] Safepoint synchronization initiated. (204 threads)
[2023-10-01T16:50:24.611+0000][560.642s][info ][safepoint     ] Application time: 1.0006989 seconds
[2023-10-01T16:50:24.612+0000][560.643s][info ][safepoint     ] Entering safepoint region: Cleanup
[2023-10-01T16:50:24.612+0000][560.644s][info ][safepoint     ] Leaving safepoint region
[2023-10-01T16:50:24.613+0000][560.644s][info ][safepoint     ] Total time for which application threads were stopped: 0.0011725 seconds, Stopping threads took: 0.0004999 seconds
[2023-10-01T16:50:25.614+0000][561.645s][debug][safepoint     ] Safepoint synchronization initiated. (204 threads)
[2023-10-01T16:50:25.614+0000][561.645s][info ][safepoint     ] Application time: 1.0008301 seconds
[2023-10-01T16:50:25.615+0000][561.646s][info ][safepoint     ] Entering safepoint region: Cleanup
[2023-10-01T16:50:25.616+0000][561.647s][info ][safepoint     ] Leaving safepoint region
[2023-10-01T16:50:25.616+0000][561.647s][info ][safepoint     ] Total time for which application threads were stopped: 0.0013219 seconds, Stopping threads took: 0.0006210 seconds
[2023-10-01T16:50:26.617+0000][562.648s][debug][safepoint     ] Safepoint synchronization initiated. (204 threads)
[2023-10-01T16:50:26.618+0000][562.649s][info ][safepoint     ] Application time: 1.0010700 seconds
[2023-10-01T16:50:26.618+0000][562.649s][info ][safepoint     ] Entering safepoint region: Cleanup
[2023-10-01T16:50:26.619+0000][562.650s][info ][safepoint     ] Leaving safepoint region
[2023-10-01T16:50:26.619+0000][562.651s][info ][safepoint     ] Total time for which application threads were stopped: 0.0012755 seconds, Stopping threads took: 0.0006322 seconds
[2023-10-01T16:50:27.620+0000][563.651s][debug][safepoint     ] Safepoint synchronization initiated. (204 threads)
[2023-10-01T16:50:27.621+0000][563.652s][info ][safepoint     ] Application time: 1.0009089 seconds
[2023-10-01T16:50:27.621+0000][563.652s][info ][safepoint     ] Entering safepoint region: Cleanup
[2023-10-01T16:50:27.622+0000][563.653s][info ][safepoint     ] Leaving safepoint region
[2023-10-01T16:50:27.623+0000][563.654s][info ][safepoint     ] Total time for which application threads were stopped: 0.0012850 seconds, Stopping threads took: 0.0005294 seconds
[2023-10-01T16:50:28.623+0000][564.654s][debug][safepoint     ] Safepoint synchronization initiated. (204 threads)
[2023-10-01T16:50:28.624+0000][564.656s][info ][safepoint     ] Application time: 1.0013716 seconds
[2023-10-01T16:50:28.625+0000][564.656s][info ][safepoint     ] Entering safepoint region: Cleanup
[2023-10-01T16:50:28.626+0000][564.657s][info ][safepoint     ] Leaving safepoint region
[2023-10-01T16:50:28.626+0000][564.657s][info ][safepoint     ] Total time for which application threads were stopped: 0.0012348 seconds, Stopping threads took: 0.0004627 seconds
[2023-10-01T16:50:29.627+0000][565.658s][debug][safepoint     ] Safepoint synchronization initiated. (204 threads)
[2023-10-01T16:50:29.628+0000][565.659s][info ][safepoint     ] Application time: 1.0010126 seconds
[2023-10-01T16:50:29.629+0000][565.660s][debug][safepoint     ] Waiting for 1 thread(s) to block
[2023-10-01T16:50:29.630+0000][565.661s][info ][safepoint     ] Entering safepoint region: Cleanup
[2023-10-01T16:50:29.631+0000][565.662s][info ][safepoint     ] Leaving safepoint region
[2023-10-01T16:50:29.631+0000][565.662s][info ][safepoint     ] Total time for which application threads were stopped: 0.0022580 seconds, Stopping threads took: 0.0013043 seconds
[2023-10-01T16:50:30.632+0000][566.663s][debug][safepoint     ] Safepoint synchronization initiated. (205 threads)
[2023-10-01T16:50:30.632+0000][566.664s][info ][safepoint     ] Application time: 1.0007974 seconds
[2023-10-01T16:50:30.633+0000][566.664s][info ][safepoint     ] Entering safepoint region: Cleanup
[2023-10-01T16:50:30.634+0000][566.665s][info ][safepoint     ] Leaving safepoint region
[2023-10-01T16:50:30.635+0000][566.666s][info ][safepoint     ] Total time for which application threads were stopped: 0.0021726 seconds, Stopping threads took: 0.0006915 seconds
[2023-10-01T16:50:31.636+0000][567.667s][debug][safepoint     ] Safepoint synchronization initiated. (205 threads)
[2023-10-01T16:50:31.637+0000][567.668s][info ][safepoint     ] Application time: 1.0007108 seconds
[2023-10-01T16:50:31.637+0000][567.668s][info ][safepoint     ] Entering safepoint region: Cleanup
[2023-10-01T16:50:31.638+0000][567.669s][info ][safepoint     ] Leaving safepoint region
[2023-10-01T16:50:31.638+0000][567.670s][info ][safepoint     ] Total time for which application threads were stopped: 0.0012489 seconds, Stopping threads took: 0.0005827 seconds
[2023-10-01T16:50:32.639+0000][568.670s][debug][safepoint     ] Safepoint synchronization initiated. (205 threads)
[2023-10-01T16:50:32.640+0000][568.671s][info ][safepoint     ] Application time: 1.0011417 seconds
[2023-10-01T16:50:32.641+0000][568.672s][info ][safepoint     ] Entering safepoint region: Cleanup
[2023-10-01T16:50:32.641+0000][568.673s][info ][safepoint     ] Leaving safepoint region
[2023-10-01T16:50:32.642+0000][568.673s][info ][safepoint     ] Total time for which application threads were stopped: 0.0013923 seconds, Stopping threads took: 0.0006080 seconds
[2023-10-01T16:50:33.642+0000][569.674s][debug][safepoint     ] Safepoint synchronization initiated. (205 threads)
[2023-10-01T16:50:33.643+0000][569.674s][info ][safepoint     ] Application time: 1.0006857 seconds
[2023-10-01T16:50:33.643+0000][569.675s][info ][safepoint     ] Entering safepoint region: Cleanup
[2023-10-01T16:50:33.644+0000][569.675s][info ][safepoint     ] Leaving safepoint region
[2023-10-01T16:50:33.645+0000][569.676s][info ][safepoint     ] Total time for which application threads were stopped: 0.0011413 seconds, Stopping threads took: 0.0004770 seconds
[2023-10-01T16:50:34.645+0000][570.676s][debug][safepoint     ] Safepoint synchronization initiated. (205 threads)
[2023-10-01T16:50:34.646+0000][570.677s][info ][safepoint     ] Application time: 1.0008192 seconds
[2023-10-01T16:50:34.646+0000][570.677s][debug][safepoint     ] ... found polling page return exception at pc = 0x00007f518923a9c4, stub =0x00007f5180840600
[2023-10-01T16:50:34.646+0000][570.677s][debug][safepoint     ] ... found polling page return exception at pc = 0x00007f51888db999, stub =0x00007f5180840600
[2023-10-01T16:50:34.647+0000][570.678s][debug][safepoint     ] Waiting for 2 thread(s) to block
[2023-10-01T16:50:34.648+0000][570.679s][info ][safepoint     ] Entering safepoint region: Cleanup
[2023-10-01T16:50:34.648+0000][570.680s][info ][safepoint     ] Leaving safepoint region
[2023-10-01T16:50:34.649+0000][570.680s][info ][safepoint     ] Total time for which application threads were stopped: 0.0027010 seconds, Stopping threads took: 0.0019801 seconds
[2023-10-01T16:50:35.650+0000][571.681s][debug][safepoint     ] Safepoint synchronization initiated. (205 threads)
[2023-10-01T16:50:35.652+0000][571.683s][info ][safepoint     ] Application time: 1.0021974 seconds
[2023-10-01T16:50:35.652+0000][571.683s][info ][safepoint     ] Entering safepoint region: Cleanup
[2023-10-01T16:50:35.653+0000][571.684s][info ][safepoint     ] Leaving safepoint region
[2023-10-01T16:50:35.653+0000][571.684s][info ][safepoint     ] Total time for which application threads were stopped: 0.0011879 seconds, Stopping threads took: 0.0005167 seconds
[2023-10-01T16:50:35.806+0000][571.837s][debug][safepoint     ] Safepoint synchronization initiated. (205 threads)
[2023-10-01T16:50:35.807+0000][571.838s][info ][safepoint     ] Application time: 0.1531074 seconds
[2023-10-01T16:50:35.807+0000][571.839s][info ][safepoint     ] Entering safepoint region: G1CollectForAllocation
[2023-10-01T16:50:35.808+0000][571.839s][info ][gc,start      ] GC(71) Pause Young (Normal) (G1 Evacuation Pause)
[2023-10-01T16:50:35.808+0000][571.840s][info ][gc,task       ] GC(71) Using 8 workers of 8 for evacuation
[2023-10-01T16:50:35.841+0000][571.872s][info ][gc,phases     ] GC(71)   Pre Evacuate Collection Set: 0.1ms
[2023-10-01T16:50:35.842+0000][571.873s][info ][gc,phases     ] GC(71)   Evacuate Collection Set: 27.8ms
[2023-10-01T16:50:35.842+0000][571.873s][info ][gc,phases     ] GC(71)   Post Evacuate Collection Set: 4.0ms
[2023-10-01T16:50:35.843+0000][571.874s][info ][gc,phases     ] GC(71)   Other: 1.2ms
[2023-10-01T16:50:35.843+0000][571.874s][info ][gc,heap       ] GC(71) Eden regions: 172->0(166)
[2023-10-01T16:50:35.844+0000][571.875s][info ][gc,heap       ] GC(71) Survivor regions: 12->15(23)
[2023-10-01T16:50:35.844+0000][571.875s][info ][gc,heap       ] GC(71) Old regions: 149->149
[2023-10-01T16:50:35.845+0000][571.876s][info ][gc,heap       ] GC(71) Humongous regions: 0->0
[2023-10-01T16:50:35.845+0000][571.876s][info ][gc,metaspace  ] GC(71) Metaspace: 165746K(171600K)->165746K(171600K) NonClass: 146631K(150224K)->146631K(150224K) Class: 19114K(21376K)->19114K(21376K)
[2023-10-01T16:50:35.846+0000][571.877s][info ][gc            ] GC(71) Pause Young (Normal) (G1 Evacuation Pause) 330M->161M(384M) 37.832ms
[2023-10-01T16:50:35.847+0000][571.878s][info ][gc,cpu        ] GC(71) User=0.20s Sys=0.00s Real=0.04s
[2023-10-01T16:50:35.847+0000][571.878s][info ][safepoint     ] Leaving safepoint region
[2023-10-01T16:50:35.848+0000][571.879s][info ][safepoint     ] Total time for which application threads were stopped: 0.0405741 seconds, Stopping threads took: 0.0004749 seconds
[2023-10-01T16:50:35.848+0000][571.880s][info ][gc,stringdedup] Concurrent String Deduplication (571.880s)
[2023-10-01T16:50:35.850+0000][571.881s][info ][gc,stringdedup] Concurrent String Deduplication 36152.0B->8104.0B(28048.0B) avg 54.3% (571.880s, 571.881s) 1.110ms
[2023-10-01T16:50:36.849+0000][572.880s][debug][safepoint     ] Safepoint synchronization initiated. (205 threads)
[2023-10-01T16:50:36.850+0000][572.881s][info ][safepoint     ] Application time: 1.0012237 seconds
[2023-10-01T16:50:36.851+0000][572.882s][info ][safepoint     ] Entering safepoint region: Cleanup
[2023-10-01T16:50:36.852+0000][572.884s][info ][safepoint     ] Leaving safepoint region
[2023-10-01T16:50:36.853+0000][572.884s][info ][safepoint     ] Total time for which application threads were stopped: 0.0019680 seconds, Stopping threads took: 0.0010791 seconds
[2023-10-01T16:50:37.854+0000][573.885s][debug][safepoint     ] Safepoint synchronization initiated. (205 threads)
[2023-10-01T16:50:37.854+0000][573.886s][info ][safepoint     ] Application time: 1.0009096 seconds
[2023-10-01T16:50:37.855+0000][573.886s][info ][safepoint     ] Entering safepoint region: Cleanup
[2023-10-01T16:50:37.856+0000][573.887s][info ][safepoint     ] Leaving safepoint region
[2023-10-01T16:50:37.856+0000][573.887s][info ][safepoint     ] Total time for which application threads were stopped: 0.0014013 seconds, Stopping threads took: 0.0005984 seconds
[2023-10-01T16:50:38.857+0000][574.888s][debug][safepoint     ] Safepoint synchronization initiated. (205 threads)
[2023-10-01T16:50:38.858+0000][574.889s][info ][safepoint     ] Application time: 1.0010890 seconds
[2023-10-01T16:50:38.858+0000][574.890s][info ][safepoint     ] Entering safepoint region: Cleanup
[2023-10-01T16:50:38.859+0000][574.890s][info ][safepoint     ] Leaving safepoint region
[2023-10-01T16:50:38.860+0000][574.891s][info ][safepoint     ] Total time for which application threads were stopped: 0.0012284 seconds, Stopping threads took: 0.0004857 seconds
[2023-10-01T16:50:39.860+0000][575.892s][debug][safepoint     ] Safepoint synchronization initiated. (205 threads)
[2023-10-01T16:50:39.861+0000][575.892s][info ][safepoint     ] Application time: 1.0008579 seconds
[2023-10-01T16:50:39.862+0000][575.893s][info ][safepoint     ] Entering safepoint region: Cleanup
[2023-10-01T16:50:39.862+0000][575.894s][info ][safepoint     ] Leaving safepoint region
[2023-10-01T16:50:39.863+0000][575.894s][info ][safepoint     ] Total time for which application threads were stopped: 0.0013582 seconds, Stopping threads took: 0.0006037 seconds
[2023-10-01T16:50:40.864+0000][576.895s][debug][safepoint     ] Safepoint synchronization initiated. (205 threads)
[2023-10-01T16:50:40.864+0000][576.896s][info ][safepoint     ] Application time: 1.0009285 seconds
[2023-10-01T16:50:40.865+0000][576.896s][info ][safepoint     ] Entering safepoint region: Cleanup
[2023-10-01T16:50:40.866+0000][576.897s][info ][safepoint     ] Leaving safepoint region
[2023-10-01T16:50:40.866+0000][576.897s][info ][safepoint     ] Total time for which application threads were stopped: 0.0012644 seconds, Stopping threads took: 0.0004992 seconds
[2023-10-01T16:50:41.867+0000][577.898s][debug][safepoint     ] Safepoint synchronization initiated. (205 threads)
[2023-10-01T16:50:41.868+0000][577.899s][info ][safepoint     ] Application time: 1.0010061 seconds
[2023-10-01T16:50:41.868+0000][577.900s][info ][safepoint     ] Entering safepoint region: Cleanup
[2023-10-01T16:50:41.869+0000][577.901s][info ][safepoint     ] Leaving safepoint region
[2023-10-01T16:50:41.870+0000][577.901s][info ][safepoint     ] Total time for which application threads were stopped: 0.0015903 seconds, Stopping threads took: 0.0006860 seconds
[2023-10-01T16:50:42.871+0000][578.902s][debug][safepoint     ] Safepoint synchronization initiated. (205 threads)
[2023-10-01T16:50:42.871+0000][578.903s][info ][safepoint     ] Application time: 1.0008021 seconds
[2023-10-01T16:50:42.872+0000][578.903s][info ][safepoint     ] Entering safepoint region: Cleanup
[2023-10-01T16:50:42.873+0000][578.904s][info ][safepoint     ] Leaving safepoint region
[2023-10-01T16:50:42.873+0000][578.905s][info ][safepoint     ] Total time for which application threads were stopped: 0.0014130 seconds, Stopping threads took: 0.0005454 seconds
[2023-10-01T16:50:43.874+0000][579.905s][debug][safepoint     ] Safepoint synchronization initiated. (205 threads)
[2023-10-01T16:50:43.875+0000][579.906s][info ][safepoint     ] Application time: 1.0009537 seconds
[2023-10-01T16:50:43.875+0000][579.907s][info ][safepoint     ] Entering safepoint region: Cleanup
[2023-10-01T16:50:43.876+0000][579.908s][info ][safepoint     ] Leaving safepoint region
[2023-10-01T16:50:43.877+0000][579.908s][info ][safepoint     ] Total time for which application threads were stopped: 0.0014360 seconds, Stopping threads took: 0.0005955 seconds
[2023-10-01T16:50:44.878+0000][580.909s][debug][safepoint     ] Safepoint synchronization initiated. (205 threads)
[2023-10-01T16:50:44.878+0000][580.910s][info ][safepoint     ] Application time: 1.0010277 seconds
[2023-10-01T16:50:44.879+0000][580.910s][info ][safepoint     ] Entering safepoint region: Cleanup
[2023-10-01T16:50:44.880+0000][580.911s][info ][safepoint     ] Leaving safepoint region
[2023-10-01T16:50:44.880+0000][580.912s][info ][safepoint     ] Total time for which application threads were stopped: 0.0012659 seconds, Stopping threads took: 0.0005566 seconds
[2023-10-01T16:50:45.881+0000][581.912s][debug][safepoint     ] Safepoint synchronization initiated. (205 threads)
[2023-10-01T16:50:45.882+0000][581.913s][info ][safepoint     ] Application time: 1.0008305 seconds
[2023-10-01T16:50:45.882+0000][581.914s][info ][safepoint     ] Entering safepoint region: Cleanup
[2023-10-01T16:50:45.883+0000][581.914s][info ][safepoint     ] Leaving safepoint region
[2023-10-01T16:50:45.883+0000][581.915s][info ][safepoint     ] Total time for which application threads were stopped: 0.0011727 seconds, Stopping threads took: 0.0004803 seconds
[2023-10-01T16:50:46.884+0000][582.915s][debug][safepoint     ] Safepoint synchronization initiated. (205 threads)
[2023-10-01T16:50:46.885+0000][582.916s][info ][safepoint     ] Application time: 1.0008904 seconds
[2023-10-01T16:50:46.885+0000][582.916s][info ][safepoint     ] Entering safepoint region: Cleanup
[2023-10-01T16:50:46.886+0000][582.917s][info ][safepoint     ] Leaving safepoint region
[2023-10-01T16:50:46.886+0000][582.917s][info ][safepoint     ] Total time for which application threads were stopped: 0.0011253 seconds, Stopping threads took: 0.0004797 seconds
[2023-10-01T16:50:47.887+0000][583.918s][debug][safepoint     ] Safepoint synchronization initiated. (205 threads)
[2023-10-01T16:50:47.888+0000][583.920s][info ][safepoint     ] Application time: 1.0015106 seconds
[2023-10-01T16:50:47.889+0000][583.920s][info ][safepoint     ] Entering safepoint region: Cleanup
[2023-10-01T16:50:47.890+0000][583.921s][info ][safepoint     ] Leaving safepoint region
[2023-10-01T16:50:47.890+0000][583.921s][info ][safepoint     ] Total time for which application threads were stopped: 0.0012569 seconds, Stopping threads took: 0.0005299 seconds
[2023-10-01T16:50:48.891+0000][584.922s][debug][safepoint     ] Safepoint synchronization initiated. (205 threads)
[2023-10-01T16:50:48.892+0000][584.923s][info ][safepoint     ] Application time: 1.0009417 seconds
[2023-10-01T16:50:48.892+0000][584.924s][info ][safepoint     ] Entering safepoint region: Cleanup
[2023-10-01T16:50:48.894+0000][584.925s][info ][safepoint     ] Leaving safepoint region
[2023-10-01T16:50:48.894+0000][584.926s][info ][safepoint     ] Total time for which application threads were stopped: 0.0020940 seconds, Stopping threads took: 0.0010668 seconds
[2023-10-01T16:50:49.895+0000][585.926s][debug][safepoint     ] Safepoint synchronization initiated. (205 threads)
[2023-10-01T16:50:49.896+0000][585.927s][info ][safepoint     ] Application time: 1.0007850 seconds
[2023-10-01T16:50:49.896+0000][585.928s][info ][safepoint     ] Entering safepoint region: Cleanup
[2023-10-01T16:50:49.897+0000][585.928s][info ][safepoint     ] Leaving safepoint region
[2023-10-01T16:50:49.898+0000][585.929s][info ][safepoint     ] Total time for which application threads were stopped: 0.0014901 seconds, Stopping threads took: 0.0006577 seconds
[2023-10-01T16:50:50.899+0000][586.930s][debug][safepoint     ] Safepoint synchronization initiated. (205 threads)
[2023-10-01T16:50:50.899+0000][586.931s][info ][safepoint     ] Application time: 1.0008335 seconds
[2023-10-01T16:50:50.900+0000][586.931s][info ][safepoint     ] Entering safepoint region: Cleanup
[2023-10-01T16:50:50.901+0000][586.932s][info ][safepoint     ] Leaving safepoint region
[2023-10-01T16:50:50.901+0000][586.932s][info ][safepoint     ] Total time for which application threads were stopped: 0.0013540 seconds, Stopping threads took: 0.0006232 seconds
[2023-10-01T16:50:51.902+0000][587.933s][debug][safepoint     ] Safepoint synchronization initiated. (205 threads)
[2023-10-01T16:50:51.903+0000][587.934s][info ][safepoint     ] Application time: 1.0011704 seconds
[2023-10-01T16:50:51.903+0000][587.935s][info ][safepoint     ] Entering safepoint region: Cleanup
[2023-10-01T16:50:51.904+0000][587.935s][info ][safepoint     ] Leaving safepoint region
[2023-10-01T16:50:51.905+0000][587.936s][info ][safepoint     ] Total time for which application threads were stopped: 0.0013715 seconds, Stopping threads took: 0.0005283 seconds
[2023-10-01T16:50:52.905+0000][588.937s][debug][safepoint     ] Safepoint synchronization initiated. (205 threads)
[2023-10-01T16:50:52.906+0000][588.937s][info ][safepoint     ] Application time: 1.0007368 seconds
[2023-10-01T16:50:52.906+0000][588.938s][info ][safepoint     ] Entering safepoint region: Cleanup
[2023-10-01T16:50:52.907+0000][588.939s][info ][safepoint     ] Leaving safepoint region
[2023-10-01T16:50:52.908+0000][588.939s][info ][safepoint     ] Total time for which application threads were stopped: 0.0013902 seconds, Stopping threads took: 0.0006312 seconds
[2023-10-01T16:50:53.908+0000][589.940s][debug][safepoint     ] Safepoint synchronization initiated. (205 threads)
[2023-10-01T16:50:53.909+0000][589.941s][info ][safepoint     ] Application time: 1.0010359 seconds
[2023-10-01T16:50:53.910+0000][589.941s][info ][safepoint     ] Entering safepoint region: Cleanup
[2023-10-01T16:50:53.911+0000][589.942s][info ][safepoint     ] Leaving safepoint region
[2023-10-01T16:50:53.911+0000][589.943s][info ][safepoint     ] Total time for which application threads were stopped: 0.0013924 seconds, Stopping threads took: 0.0006144 seconds
[2023-10-01T16:50:54.912+0000][590.943s][debug][safepoint     ] Safepoint synchronization initiated. (205 threads)
[2023-10-01T16:50:54.913+0000][590.944s][info ][safepoint     ] Application time: 1.0007303 seconds
[2023-10-01T16:50:54.913+0000][590.944s][info ][safepoint     ] Entering safepoint region: Cleanup
[2023-10-01T16:50:54.914+0000][590.945s][info ][safepoint     ] Leaving safepoint region
[2023-10-01T16:50:54.914+0000][590.946s][info ][safepoint     ] Total time for which application threads were stopped: 0.0011354 seconds, Stopping threads took: 0.0004507 seconds
[2023-10-01T16:50:55.915+0000][591.946s][debug][safepoint     ] Safepoint synchronization initiated. (205 threads)
[2023-10-01T16:50:55.916+0000][591.947s][info ][safepoint     ] Application time: 1.0008487 seconds
[2023-10-01T16:50:55.916+0000][591.948s][info ][safepoint     ] Entering safepoint region: Cleanup
[2023-10-01T16:50:55.917+0000][591.948s][info ][safepoint     ] Leaving safepoint region
[2023-10-01T16:50:55.917+0000][591.949s][info ][safepoint     ] Total time for which application threads were stopped: 0.0013032 seconds, Stopping threads took: 0.0006524 seconds
[2023-10-01T16:50:56.918+0000][592.949s][debug][safepoint     ] Safepoint synchronization initiated. (205 threads)
[2023-10-01T16:50:56.919+0000][592.950s][info ][safepoint     ] Application time: 1.0008506 seconds
[2023-10-01T16:50:56.919+0000][592.951s][info ][safepoint     ] Entering safepoint region: Cleanup
[2023-10-01T16:50:56.920+0000][592.951s][info ][safepoint     ] Leaving safepoint region
[2023-10-01T16:50:56.920+0000][592.952s][info ][safepoint     ] Total time for which application threads were stopped: 0.0012542 seconds, Stopping threads took: 0.0005428 seconds
[2023-10-01T16:50:57.921+0000][593.953s][debug][safepoint     ] Safepoint synchronization initiated. (205 threads)
[2023-10-01T16:50:57.922+0000][593.953s][info ][safepoint     ] Application time: 1.0010273 seconds
[2023-10-01T16:50:57.923+0000][593.954s][info ][safepoint     ] Entering safepoint region: Cleanup
[2023-10-01T16:50:57.923+0000][593.955s][info ][safepoint     ] Leaving safepoint region
[2023-10-01T16:50:57.924+0000][593.955s][info ][safepoint     ] Total time for which application threads were stopped: 0.0014191 seconds, Stopping threads took: 0.0005854 seconds
[2023-10-01T16:50:58.925+0000][594.956s][debug][safepoint     ] Safepoint synchronization initiated. (205 threads)
[2023-10-01T16:50:58.925+0000][594.956s][info ][safepoint     ] Application time: 1.0006996 seconds
[2023-10-01T16:50:58.926+0000][594.957s][info ][safepoint     ] Entering safepoint region: Cleanup
[2023-10-01T16:50:58.926+0000][594.958s][info ][safepoint     ] Leaving safepoint region
[2023-10-01T16:50:58.927+0000][594.958s][info ][safepoint     ] Total time for which application threads were stopped: 0.0011959 seconds, Stopping threads took: 0.0005301 seconds
[2023-10-01T16:50:59.927+0000][595.959s][debug][safepoint     ] Safepoint synchronization initiated. (205 threads)
[2023-10-01T16:50:59.928+0000][595.959s][info ][safepoint     ] Application time: 1.0006900 seconds
[2023-10-01T16:50:59.928+0000][595.960s][info ][safepoint     ] Entering safepoint region: Cleanup
[2023-10-01T16:50:59.929+0000][595.960s][info ][safepoint     ] Leaving safepoint region
[2023-10-01T16:50:59.930+0000][595.961s][info ][safepoint     ] Total time for which application threads were stopped: 0.0012358 seconds, Stopping threads took: 0.0004978 seconds
[2023-10-01T16:51:00.930+0000][596.962s][debug][safepoint     ] Safepoint synchronization initiated. (205 threads)
[2023-10-01T16:51:00.931+0000][596.962s][info ][safepoint     ] Application time: 1.0008348 seconds
[2023-10-01T16:51:00.931+0000][596.963s][info ][safepoint     ] Entering safepoint region: Cleanup
[2023-10-01T16:51:00.932+0000][596.963s][info ][safepoint     ] Leaving safepoint region
[2023-10-01T16:51:00.932+0000][596.964s][info ][safepoint     ] Total time for which application threads were stopped: 0.0010138 seconds, Stopping threads took: 0.0004712 seconds
[2023-10-01T16:51:01.933+0000][597.964s][debug][safepoint     ] Safepoint synchronization initiated. (205 threads)
[2023-10-01T16:51:01.933+0000][597.965s][info ][safepoint     ] Application time: 1.0006983 seconds
[2023-10-01T16:51:01.934+0000][597.966s][info ][safepoint     ] Entering safepoint region: Cleanup
[2023-10-01T16:51:01.935+0000][597.966s][info ][safepoint     ] Leaving safepoint region
[2023-10-01T16:51:01.935+0000][597.967s][info ][safepoint     ] Total time for which application threads were stopped: 0.0011356 seconds, Stopping threads took: 0.0004681 seconds
[2023-10-01T16:51:02.936+0000][598.967s][debug][safepoint     ] Safepoint synchronization initiated. (205 threads)
[2023-10-01T16:51:02.936+0000][598.968s][info ][safepoint     ] Application time: 1.0007534 seconds
[2023-10-01T16:51:02.937+0000][598.968s][debug][safepoint     ] Waiting for 1 thread(s) to block
[2023-10-01T16:51:02.938+0000][598.969s][info ][safepoint     ] Entering safepoint region: Cleanup
[2023-10-01T16:51:02.938+0000][598.970s][info ][safepoint     ] Leaving safepoint region
[2023-10-01T16:51:02.939+0000][598.970s][info ][safepoint     ] Total time for which application threads were stopped: 0.0019695 seconds, Stopping threads took: 0.0012316 seconds
[2023-10-01T16:51:03.940+0000][599.971s][debug][safepoint     ] Safepoint synchronization initiated. (205 threads)
[2023-10-01T16:51:03.940+0000][599.972s][info ][safepoint     ] Application time: 1.0007034 seconds
[2023-10-01T16:51:03.941+0000][599.972s][info ][safepoint     ] Entering safepoint region: Cleanup
[2023-10-01T16:51:03.941+0000][599.973s][info ][safepoint     ] Leaving safepoint region
[2023-10-01T16:51:03.942+0000][599.973s][info ][safepoint     ] Total time for which application threads were stopped: 0.0012130 seconds, Stopping threads took: 0.0005089 seconds
[2023-10-01T16:51:04.942+0000][600.974s][debug][safepoint     ] Safepoint synchronization initiated. (205 threads)
[2023-10-01T16:51:04.943+0000][600.974s][info ][safepoint     ] Application time: 1.0006794 seconds
[2023-10-01T16:51:04.944+0000][600.975s][info ][safepoint     ] Entering safepoint region: Cleanup
[2023-10-01T16:51:04.944+0000][600.975s][info ][safepoint     ] Leaving safepoint region
[2023-10-01T16:51:04.945+0000][600.976s][info ][safepoint     ] Total time for which application threads were stopped: 0.0011773 seconds, Stopping threads took: 0.0004963 seconds
[2023-10-01T16:51:05.945+0000][601.977s][debug][safepoint     ] Safepoint synchronization initiated. (205 threads)
[2023-10-01T16:51:05.946+0000][601.977s][info ][safepoint     ] Application time: 1.0008034 seconds
[2023-10-01T16:51:05.947+0000][601.978s][info ][safepoint     ] Entering safepoint region: Cleanup
[2023-10-01T16:51:05.947+0000][601.979s][info ][safepoint     ] Leaving safepoint region
[2023-10-01T16:51:05.948+0000][601.979s][info ][safepoint     ] Total time for which application threads were stopped: 0.0013027 seconds, Stopping threads took: 0.0004991 seconds
[2023-10-01T16:51:06.948+0000][602.980s][debug][safepoint     ] Safepoint synchronization initiated. (205 threads)
[2023-10-01T16:51:06.949+0000][602.980s][info ][safepoint     ] Application time: 1.0009226 seconds
[2023-10-01T16:51:06.950+0000][602.981s][info ][safepoint     ] Entering safepoint region: Cleanup
[2023-10-01T16:51:06.950+0000][602.982s][info ][safepoint     ] Leaving safepoint region
[2023-10-01T16:51:06.951+0000][602.982s][info ][safepoint     ] Total time for which application threads were stopped: 0.0015568 seconds, Stopping threads took: 0.0005130 seconds
[2023-10-01T16:51:07.952+0000][603.983s][debug][safepoint     ] Safepoint synchronization initiated. (205 threads)
[2023-10-01T16:51:07.953+0000][603.984s][info ][safepoint     ] Application time: 1.0008019 seconds
[2023-10-01T16:51:07.954+0000][603.985s][info ][safepoint     ] Entering safepoint region: Cleanup
[2023-10-01T16:51:07.955+0000][603.986s][info ][safepoint     ] Leaving safepoint region
[2023-10-01T16:51:07.955+0000][603.986s][info ][safepoint     ] Total time for which application threads were stopped: 0.0015711 seconds, Stopping threads took: 0.0007842 seconds
[2023-10-01T16:51:08.956+0000][604.987s][debug][safepoint     ] Safepoint synchronization initiated. (205 threads)
[2023-10-01T16:51:08.956+0000][604.988s][info ][safepoint     ] Application time: 1.0007680 seconds
[2023-10-01T16:51:08.957+0000][604.988s][info ][safepoint     ] Entering safepoint region: Cleanup
[2023-10-01T16:51:08.958+0000][604.989s][info ][safepoint     ] Leaving safepoint region
[2023-10-01T16:51:08.958+0000][604.990s][info ][safepoint     ] Total time for which application threads were stopped: 0.0013104 seconds, Stopping threads took: 0.0005986 seconds
[2023-10-01T16:51:09.959+0000][605.990s][debug][safepoint     ] Safepoint synchronization initiated. (205 threads)
[2023-10-01T16:51:09.960+0000][605.991s][info ][safepoint     ] Application time: 1.0008893 seconds
[2023-10-01T16:51:09.960+0000][605.992s][info ][safepoint     ] Entering safepoint region: Cleanup
[2023-10-01T16:51:09.961+0000][605.992s][info ][safepoint     ] Leaving safepoint region
[2023-10-01T16:51:09.962+0000][605.993s][info ][safepoint     ] Total time for which application threads were stopped: 0.0013954 seconds, Stopping threads took: 0.0005754 seconds
[2023-10-01T16:51:10.962+0000][606.994s][debug][safepoint     ] Safepoint synchronization initiated. (204 threads)
[2023-10-01T16:51:10.963+0000][606.995s][info ][safepoint     ] Application time: 1.0013053 seconds
[2023-10-01T16:51:10.964+0000][606.996s][debug][safepoint     ] Waiting for 1 thread(s) to block
[2023-10-01T16:51:10.966+0000][606.997s][info ][safepoint     ] Entering safepoint region: Cleanup
[2023-10-01T16:51:10.967+0000][606.999s][info ][safepoint     ] Leaving safepoint region
[2023-10-01T16:51:10.969+0000][607.000s][info ][safepoint     ] Total time for which application threads were stopped: 0.0045525 seconds, Stopping threads took: 0.0019469 seconds
[2023-10-01T16:51:11.968+0000][608.001s][debug][safepoint     ] Safepoint synchronization initiated. (204 threads)
[2023-10-01T16:51:11.969+0000][608.001s][info ][safepoint     ] Application time: 1.0008534 seconds
[2023-10-01T16:51:11.969+0000][608.002s][info ][safepoint     ] Entering safepoint region: Cleanup
[2023-10-01T16:51:11.970+0000][608.003s][info ][safepoint     ] Leaving safepoint region
[2023-10-01T16:51:11.971+0000][608.003s][info ][safepoint     ] Total time for which application threads were stopped: 0.0013226 seconds, Stopping threads took: 0.0006147 seconds
[2023-10-01T16:51:12.971+0000][609.004s][debug][safepoint     ] Safepoint synchronization initiated. (204 threads)
[2023-10-01T16:51:12.972+0000][609.005s][info ][safepoint     ] Application time: 1.0007694 seconds
[2023-10-01T16:51:12.972+0000][609.005s][info ][safepoint     ] Entering safepoint region: Cleanup
[2023-10-01T16:51:12.973+0000][609.006s][info ][safepoint     ] Leaving safepoint region
[2023-10-01T16:51:12.974+0000][609.006s][info ][safepoint     ] Total time for which application threads were stopped: 0.0014072 seconds, Stopping threads took: 0.0005421 seconds
[2023-10-01T16:51:13.974+0000][610.007s][debug][safepoint     ] Safepoint synchronization initiated. (204 threads)
[2023-10-01T16:51:13.975+0000][610.008s][info ][safepoint     ] Application time: 1.0006374 seconds
[2023-10-01T16:51:13.975+0000][610.008s][info ][safepoint     ] Entering safepoint region: Cleanup
[2023-10-01T16:51:13.976+0000][610.009s][info ][safepoint     ] Leaving safepoint region
[2023-10-01T16:51:13.976+0000][610.009s][info ][safepoint     ] Total time for which application threads were stopped: 0.0012681 seconds, Stopping threads took: 0.0004217 seconds
[2023-10-01T16:51:14.977+0000][611.010s][debug][safepoint     ] Safepoint synchronization initiated. (204 threads)
[2023-10-01T16:51:14.978+0000][611.011s][info ][safepoint     ] Application time: 1.0007183 seconds
[2023-10-01T16:51:14.978+0000][611.011s][info ][safepoint     ] Entering safepoint region: Cleanup
[2023-10-01T16:51:14.979+0000][611.012s][info ][safepoint     ] Leaving safepoint region
[2023-10-01T16:51:14.979+0000][611.012s][info ][safepoint     ] Total time for which application threads were stopped: 0.0010819 seconds, Stopping threads took: 0.0004250 seconds
[2023-10-01T16:51:15.980+0000][612.013s][debug][safepoint     ] Safepoint synchronization initiated. (204 threads)
[2023-10-01T16:51:15.981+0000][612.013s][info ][safepoint     ] Application time: 1.0007460 seconds
[2023-10-01T16:51:15.981+0000][612.014s][info ][safepoint     ] Entering safepoint region: Cleanup
[2023-10-01T16:51:15.982+0000][612.015s][info ][safepoint     ] Leaving safepoint region
[2023-10-01T16:51:15.983+0000][612.015s][info ][safepoint     ] Total time for which application threads were stopped: 0.0013993 seconds, Stopping threads took: 0.0006099 seconds
[2023-10-01T16:51:16.983+0000][613.016s][debug][safepoint     ] Safepoint synchronization initiated. (204 threads)
[2023-10-01T16:51:16.984+0000][613.017s][info ][safepoint     ] Application time: 1.0008814 seconds
[2023-10-01T16:51:16.985+0000][613.017s][info ][safepoint     ] Entering safepoint region: Cleanup
[2023-10-01T16:51:16.985+0000][613.018s][info ][safepoint     ] Leaving safepoint region
[2023-10-01T16:51:16.986+0000][613.019s][info ][safepoint     ] Total time for which application threads were stopped: 0.0013672 seconds, Stopping threads took: 0.0006693 seconds
[2023-10-01T16:51:17.986+0000][614.019s][debug][safepoint     ] Safepoint synchronization initiated. (204 threads)
[2023-10-01T16:51:17.987+0000][614.020s][info ][safepoint     ] Application time: 1.0007330 seconds
[2023-10-01T16:51:17.988+0000][614.020s][info ][safepoint     ] Entering safepoint region: Cleanup
[2023-10-01T16:51:17.988+0000][614.021s][info ][safepoint     ] Leaving safepoint region
[2023-10-01T16:51:17.989+0000][614.022s][info ][safepoint     ] Total time for which application threads were stopped: 0.0012070 seconds, Stopping threads took: 0.0005453 seconds
[2023-10-01T16:51:18.989+0000][615.022s][debug][safepoint     ] Safepoint synchronization initiated. (204 threads)
[2023-10-01T16:51:18.990+0000][615.023s][info ][safepoint     ] Application time: 1.0006161 seconds
[2023-10-01T16:51:18.990+0000][615.023s][info ][safepoint     ] Entering safepoint region: Cleanup
[2023-10-01T16:51:18.991+0000][615.024s][info ][safepoint     ] Leaving safepoint region
[2023-10-01T16:51:18.991+0000][615.024s][info ][safepoint     ] Total time for which application threads were stopped: 0.0010744 seconds, Stopping threads took: 0.0004585 seconds
[2023-10-01T16:51:19.992+0000][616.025s][debug][safepoint     ] Safepoint synchronization initiated. (204 threads)
[2023-10-01T16:51:19.992+0000][616.025s][info ][safepoint     ] Application time: 1.0007929 seconds
[2023-10-01T16:51:19.993+0000][616.026s][info ][safepoint     ] Entering safepoint region: Cleanup
[2023-10-01T16:51:19.994+0000][616.026s][info ][safepoint     ] Leaving safepoint region
[2023-10-01T16:51:19.994+0000][616.027s][info ][safepoint     ] Total time for which application threads were stopped: 0.0011455 seconds, Stopping threads took: 0.0005084 seconds
[2023-10-01T16:51:20.995+0000][617.028s][debug][safepoint     ] Safepoint synchronization initiated. (204 threads)
[2023-10-01T16:51:20.995+0000][617.028s][info ][safepoint     ] Application time: 1.0009041 seconds
[2023-10-01T16:51:20.996+0000][617.029s][info ][safepoint     ] Entering safepoint region: Cleanup
[2023-10-01T16:51:20.997+0000][617.030s][info ][safepoint     ] Leaving safepoint region
[2023-10-01T16:51:20.997+0000][617.030s][info ][safepoint     ] Total time for which application threads were stopped: 0.0012964 seconds, Stopping threads took: 0.0006210 seconds
[2023-10-01T16:51:21.998+0000][618.031s][debug][safepoint     ] Safepoint synchronization initiated. (204 threads)
[2023-10-01T16:51:21.998+0000][618.031s][info ][safepoint     ] Application time: 1.0007890 seconds
[2023-10-01T16:51:21.999+0000][618.032s][info ][safepoint     ] Entering safepoint region: Cleanup
[2023-10-01T16:51:22.000+0000][618.032s][info ][safepoint     ] Leaving safepoint region
[2023-10-01T16:51:22.000+0000][618.033s][info ][safepoint     ] Total time for which application threads were stopped: 0.0010534 seconds, Stopping threads took: 0.0004637 seconds
[2023-10-01T16:51:23.001+0000][619.033s][debug][safepoint     ] Safepoint synchronization initiated. (204 threads)
[2023-10-01T16:51:23.001+0000][619.034s][info ][safepoint     ] Application time: 1.0007677 seconds
[2023-10-01T16:51:23.002+0000][619.034s][info ][safepoint     ] Entering safepoint region: Cleanup
[2023-10-01T16:51:23.002+0000][619.035s][info ][safepoint     ] Leaving safepoint region
[2023-10-01T16:51:23.003+0000][619.036s][info ][safepoint     ] Total time for which application threads were stopped: 0.0014787 seconds, Stopping threads took: 0.0004383 seconds
[2023-10-01T16:51:24.004+0000][620.037s][debug][safepoint     ] Safepoint synchronization initiated. (204 threads)
[2023-10-01T16:51:24.004+0000][620.037s][info ][safepoint     ] Application time: 1.0008489 seconds
[2023-10-01T16:51:24.005+0000][620.038s][info ][safepoint     ] Entering safepoint region: Cleanup
[2023-10-01T16:51:24.006+0000][620.039s][info ][safepoint     ] Leaving safepoint region
[2023-10-01T16:51:24.007+0000][620.040s][info ][safepoint     ] Total time for which application threads were stopped: 0.0021721 seconds, Stopping threads took: 0.0004945 seconds
[2023-10-01T16:51:25.008+0000][621.041s][debug][safepoint     ] Safepoint synchronization initiated. (204 threads)
[2023-10-01T16:51:25.009+0000][621.042s][info ][safepoint     ] Application time: 1.0007894 seconds
[2023-10-01T16:51:25.010+0000][621.042s][info ][safepoint     ] Entering safepoint region: Cleanup
[2023-10-01T16:51:25.010+0000][621.043s][info ][safepoint     ] Leaving safepoint region
[2023-10-01T16:51:25.011+0000][621.044s][info ][safepoint     ] Total time for which application threads were stopped: 0.0012753 seconds, Stopping threads took: 0.0005594 seconds
[2023-10-01T16:51:26.011+0000][622.044s][debug][safepoint     ] Safepoint synchronization initiated. (204 threads)
[2023-10-01T16:51:26.012+0000][622.045s][info ][safepoint     ] Application time: 1.0008166 seconds
[2023-10-01T16:51:26.013+0000][622.046s][info ][safepoint     ] Entering safepoint region: Cleanup
[2023-10-01T16:51:26.014+0000][622.046s][info ][safepoint     ] Leaving safepoint region
[2023-10-01T16:51:26.014+0000][622.047s][info ][safepoint     ] Total time for which application threads were stopped: 0.0012510 seconds, Stopping threads took: 0.0005657 seconds
[2023-10-01T16:51:27.015+0000][623.047s][debug][safepoint     ] Safepoint synchronization initiated. (204 threads)
[2023-10-01T16:51:27.015+0000][623.048s][info ][safepoint     ] Application time: 1.0009495 seconds
[2023-10-01T16:51:27.016+0000][623.049s][info ][safepoint     ] Entering safepoint region: Cleanup
[2023-10-01T16:51:27.017+0000][623.050s][info ][safepoint     ] Leaving safepoint region
[2023-10-01T16:51:27.017+0000][623.050s][info ][safepoint     ] Total time for which application threads were stopped: 0.0013592 seconds, Stopping threads took: 0.0006430 seconds
[2023-10-01T16:51:28.018+0000][624.051s][debug][safepoint     ] Safepoint synchronization initiated. (204 threads)
[2023-10-01T16:51:28.019+0000][624.052s][info ][safepoint     ] Application time: 1.0013405 seconds
[2023-10-01T16:51:28.020+0000][624.053s][info ][safepoint     ] Entering safepoint region: Cleanup
[2023-10-01T16:51:28.021+0000][624.054s][info ][safepoint     ] Leaving safepoint region
[2023-10-01T16:51:28.022+0000][624.055s][info ][safepoint     ] Total time for which application threads were stopped: 0.0021525 seconds, Stopping threads took: 0.0012250 seconds
[2023-10-01T16:51:29.022+0000][625.055s][debug][safepoint     ] Safepoint synchronization initiated. (204 threads)
[2023-10-01T16:51:29.023+0000][625.056s][info ][safepoint     ] Application time: 1.0008256 seconds
[2023-10-01T16:51:29.024+0000][625.057s][info ][safepoint     ] Entering safepoint region: Cleanup
[2023-10-01T16:51:29.024+0000][625.057s][info ][safepoint     ] Leaving safepoint region
[2023-10-01T16:51:29.025+0000][625.058s][info ][safepoint     ] Total time for which application threads were stopped: 0.0011775 seconds, Stopping threads took: 0.0004883 seconds
[2023-10-01T16:51:30.025+0000][626.058s][debug][safepoint     ] Safepoint synchronization initiated. (201 threads)
[2023-10-01T16:51:30.027+0000][626.059s][info ][safepoint     ] Application time: 1.0013056 seconds
[2023-10-01T16:51:30.027+0000][626.060s][info ][safepoint     ] Entering safepoint region: Cleanup
[2023-10-01T16:51:30.028+0000][626.061s][info ][safepoint     ] Leaving safepoint region
[2023-10-01T16:51:30.029+0000][626.061s][info ][safepoint     ] Total time for which application threads were stopped: 0.0011699 seconds, Stopping threads took: 0.0004868 seconds
[2023-10-01T16:51:31.029+0000][627.062s][debug][safepoint     ] Safepoint synchronization initiated. (199 threads)
[2023-10-01T16:51:31.030+0000][627.063s][info ][safepoint     ] Application time: 1.0009182 seconds
[2023-10-01T16:51:31.031+0000][627.063s][info ][safepoint     ] Entering safepoint region: Cleanup
[2023-10-01T16:51:31.031+0000][627.064s][info ][safepoint     ] Leaving safepoint region
[2023-10-01T16:51:31.032+0000][627.065s][info ][safepoint     ] Total time for which application threads were stopped: 0.0013463 seconds, Stopping threads took: 0.0005278 seconds
[2023-10-01T16:51:32.033+0000][628.065s][debug][safepoint     ] Safepoint synchronization initiated. (199 threads)
[2023-10-01T16:51:32.034+0000][628.066s][info ][safepoint     ] Application time: 1.0011426 seconds
[2023-10-01T16:51:32.034+0000][628.067s][info ][safepoint     ] Entering safepoint region: Cleanup
[2023-10-01T16:51:32.035+0000][628.068s][info ][safepoint     ] Leaving safepoint region
[2023-10-01T16:51:32.036+0000][628.068s][info ][safepoint     ] Total time for which application threads were stopped: 0.0013331 seconds, Stopping threads took: 0.0005638 seconds
[2023-10-01T16:51:33.036+0000][629.069s][debug][safepoint     ] Safepoint synchronization initiated. (199 threads)
[2023-10-01T16:51:33.037+0000][629.070s][info ][safepoint     ] Application time: 1.0010322 seconds
[2023-10-01T16:51:33.038+0000][629.071s][info ][safepoint     ] Entering safepoint region: Cleanup
[2023-10-01T16:51:33.039+0000][629.071s][info ][safepoint     ] Leaving safepoint region
[2023-10-01T16:51:33.039+0000][629.072s][info ][safepoint     ] Total time for which application threads were stopped: 0.0013172 seconds, Stopping threads took: 0.0005900 seconds
[2023-10-01T16:51:34.040+0000][630.073s][debug][safepoint     ] Safepoint synchronization initiated. (199 threads)
[2023-10-01T16:51:34.040+0000][630.073s][info ][safepoint     ] Application time: 1.0009367 seconds
[2023-10-01T16:51:34.041+0000][630.074s][info ][safepoint     ] Entering safepoint region: Cleanup
[2023-10-01T16:51:34.042+0000][630.075s][info ][safepoint     ] Leaving safepoint region
[2023-10-01T16:51:34.042+0000][630.075s][info ][safepoint     ] Total time for which application threads were stopped: 0.0011304 seconds, Stopping threads took: 0.0005083 seconds
[2023-10-01T16:51:35.043+0000][631.076s][debug][safepoint     ] Safepoint synchronization initiated. (199 threads)
[2023-10-01T16:51:35.043+0000][631.076s][info ][safepoint     ] Application time: 1.0006621 seconds
[2023-10-01T16:51:35.044+0000][631.077s][info ][safepoint     ] Entering safepoint region: Cleanup
[2023-10-01T16:51:35.044+0000][631.077s][info ][safepoint     ] Leaving safepoint region
[2023-10-01T16:51:35.045+0000][631.078s][info ][safepoint     ] Total time for which application threads were stopped: 0.0010539 seconds, Stopping threads took: 0.0004077 seconds
[2023-10-01T16:51:36.045+0000][632.078s][debug][safepoint     ] Safepoint synchronization initiated. (202 threads)
[2023-10-01T16:51:36.046+0000][632.079s][info ][safepoint     ] Application time: 1.0008268 seconds
[2023-10-01T16:51:36.047+0000][632.079s][info ][safepoint     ] Entering safepoint region: Cleanup
[2023-10-01T16:51:36.047+0000][632.080s][info ][safepoint     ] Leaving safepoint region
[2023-10-01T16:51:36.048+0000][632.081s][info ][safepoint     ] Total time for which application threads were stopped: 0.0016225 seconds, Stopping threads took: 0.0006979 seconds
[2023-10-01T16:51:37.049+0000][633.082s][debug][safepoint     ] Safepoint synchronization initiated. (202 threads)
[2023-10-01T16:51:37.049+0000][633.082s][info ][safepoint     ] Application time: 1.0007737 seconds
[2023-10-01T16:51:37.050+0000][633.083s][info ][safepoint     ] Entering safepoint region: Cleanup
[2023-10-01T16:51:37.051+0000][633.084s][info ][safepoint     ] Leaving safepoint region
[2023-10-01T16:51:37.051+0000][633.084s][info ][safepoint     ] Total time for which application threads were stopped: 0.0012973 seconds, Stopping threads took: 0.0005563 seconds
[2023-10-01T16:51:38.052+0000][634.085s][debug][safepoint     ] Safepoint synchronization initiated. (202 threads)
[2023-10-01T16:51:38.053+0000][634.085s][info ][safepoint     ] Application time: 1.0008711 seconds
[2023-10-01T16:51:38.053+0000][634.086s][info ][safepoint     ] Entering safepoint region: Cleanup
[2023-10-01T16:51:38.054+0000][634.087s][info ][safepoint     ] Leaving safepoint region
[2023-10-01T16:51:38.055+0000][634.088s][info ][safepoint     ] Total time for which application threads were stopped: 0.0019800 seconds, Stopping threads took: 0.0005060 seconds
[2023-10-01T16:51:39.056+0000][635.088s][debug][safepoint     ] Safepoint synchronization initiated. (202 threads)
[2023-10-01T16:51:39.056+0000][635.089s][info ][safepoint     ] Application time: 1.0006968 seconds
[2023-10-01T16:51:39.057+0000][635.090s][info ][safepoint     ] Entering safepoint region: Cleanup
[2023-10-01T16:51:39.058+0000][635.091s][info ][safepoint     ] Leaving safepoint region
[2023-10-01T16:51:39.059+0000][635.091s][info ][safepoint     ] Total time for which application threads were stopped: 0.0014341 seconds, Stopping threads took: 0.0005928 seconds
[2023-10-01T16:51:40.059+0000][636.092s][debug][safepoint     ] Safepoint synchronization initiated. (202 threads)
[2023-10-01T16:51:40.060+0000][636.093s][info ][safepoint     ] Application time: 1.0008033 seconds
[2023-10-01T16:51:40.060+0000][636.093s][info ][safepoint     ] Entering safepoint region: Cleanup
[2023-10-01T16:51:40.061+0000][636.094s][info ][safepoint     ] Leaving safepoint region
[2023-10-01T16:51:40.062+0000][636.094s][info ][safepoint     ] Total time for which application threads were stopped: 0.0012510 seconds, Stopping threads took: 0.0005508 seconds
[2023-10-01T16:51:41.062+0000][637.095s][debug][safepoint     ] Safepoint synchronization initiated. (202 threads)
[2023-10-01T16:51:41.063+0000][637.096s][info ][safepoint     ] Application time: 1.0009281 seconds
[2023-10-01T16:51:41.064+0000][637.096s][info ][safepoint     ] Entering safepoint region: Cleanup
[2023-10-01T16:51:41.065+0000][637.097s][info ][safepoint     ] Leaving safepoint region
[2023-10-01T16:51:41.065+0000][637.098s][info ][safepoint     ] Total time for which application threads were stopped: 0.0014425 seconds, Stopping threads took: 0.0005463 seconds
[2023-10-01T16:51:42.066+0000][638.098s][debug][safepoint     ] Safepoint synchronization initiated. (202 threads)
[2023-10-01T16:51:42.067+0000][638.099s][info ][safepoint     ] Application time: 1.0008895 seconds
[2023-10-01T16:51:42.068+0000][638.100s][info ][safepoint     ] Entering safepoint region: Cleanup
[2023-10-01T16:51:42.068+0000][638.101s][info ][safepoint     ] Leaving safepoint region
[2023-10-01T16:51:42.069+0000][638.102s][info ][safepoint     ] Total time for which application threads were stopped: 0.0016432 seconds, Stopping threads took: 0.0006771 seconds
[2023-10-01T16:51:43.070+0000][639.103s][debug][safepoint     ] Safepoint synchronization initiated. (202 threads)
[2023-10-01T16:51:43.071+0000][639.103s][info ][safepoint     ] Application time: 1.0008555 seconds
[2023-10-01T16:51:43.072+0000][639.104s][info ][safepoint     ] Entering safepoint region: Cleanup
[2023-10-01T16:51:43.073+0000][639.105s][info ][safepoint     ] Leaving safepoint region
[2023-10-01T16:51:43.073+0000][639.106s][info ][safepoint     ] Total time for which application threads were stopped: 0.0017409 seconds, Stopping threads took: 0.0008460 seconds
[2023-10-01T16:51:44.074+0000][640.107s][debug][safepoint     ] Safepoint synchronization initiated. (202 threads)
[2023-10-01T16:51:44.075+0000][640.107s][info ][safepoint     ] Application time: 1.0008352 seconds
[2023-10-01T16:51:44.075+0000][640.108s][info ][safepoint     ] Entering safepoint region: Cleanup
[2023-10-01T16:51:44.076+0000][640.108s][info ][safepoint     ] Leaving safepoint region
[2023-10-01T16:51:44.076+0000][640.109s][info ][safepoint     ] Total time for which application threads were stopped: 0.0012290 seconds, Stopping threads took: 0.0005482 seconds
[2023-10-01T16:51:45.077+0000][641.109s][debug][safepoint     ] Safepoint synchronization initiated. (202 threads)
[2023-10-01T16:51:45.077+0000][641.110s][info ][safepoint     ] Application time: 1.0007704 seconds
[2023-10-01T16:51:45.078+0000][641.111s][info ][safepoint     ] Entering safepoint region: Cleanup
[2023-10-01T16:51:45.079+0000][641.111s][info ][safepoint     ] Leaving safepoint region
[2023-10-01T16:51:45.079+0000][641.112s][info ][safepoint     ] Total time for which application threads were stopped: 0.0012116 seconds, Stopping threads took: 0.0004827 seconds
[2023-10-01T16:51:46.080+0000][642.112s][debug][safepoint     ] Safepoint synchronization initiated. (202 threads)
[2023-10-01T16:51:46.081+0000][642.113s][info ][safepoint     ] Application time: 1.0008978 seconds
[2023-10-01T16:51:46.081+0000][642.114s][info ][safepoint     ] Entering safepoint region: Cleanup
[2023-10-01T16:51:46.082+0000][642.115s][info ][safepoint     ] Leaving safepoint region
[2023-10-01T16:51:46.082+0000][642.115s][info ][safepoint     ] Total time for which application threads were stopped: 0.0013829 seconds, Stopping threads took: 0.0006615 seconds
[2023-10-01T16:51:47.083+0000][643.116s][debug][safepoint     ] Safepoint synchronization initiated. (202 threads)
[2023-10-01T16:51:47.084+0000][643.116s][info ][safepoint     ] Application time: 1.0007529 seconds
[2023-10-01T16:51:47.085+0000][643.117s][info ][safepoint     ] Entering safepoint region: Cleanup
[2023-10-01T16:51:47.086+0000][643.118s][info ][safepoint     ] Leaving safepoint region
[2023-10-01T16:51:47.086+0000][643.119s][info ][safepoint     ] Total time for which application threads were stopped: 0.0019901 seconds, Stopping threads took: 0.0009225 seconds
[2023-10-01T16:51:48.087+0000][644.120s][debug][safepoint     ] Safepoint synchronization initiated. (202 threads)
[2023-10-01T16:51:48.088+0000][644.120s][info ][safepoint     ] Application time: 1.0008513 seconds
[2023-10-01T16:51:48.089+0000][644.121s][info ][safepoint     ] Entering safepoint region: Cleanup
[2023-10-01T16:51:48.090+0000][644.123s][info ][safepoint     ] Leaving safepoint region
[2023-10-01T16:51:48.091+0000][644.123s][info ][safepoint     ] Total time for which application threads were stopped: 0.0020921 seconds, Stopping threads took: 0.0007010 seconds
[2023-10-01T16:51:49.091+0000][645.124s][debug][safepoint     ] Safepoint synchronization initiated. (202 threads)
[2023-10-01T16:51:49.092+0000][645.125s][info ][safepoint     ] Application time: 1.0007592 seconds
[2023-10-01T16:51:49.092+0000][645.125s][info ][safepoint     ] Entering safepoint region: Cleanup
[2023-10-01T16:51:49.093+0000][645.126s][info ][safepoint     ] Leaving safepoint region
[2023-10-01T16:51:49.094+0000][645.126s][info ][safepoint     ] Total time for which application threads were stopped: 0.0014256 seconds, Stopping threads took: 0.0005283 seconds
[2023-10-01T16:51:50.094+0000][646.127s][debug][safepoint     ] Safepoint synchronization initiated. (202 threads)
[2023-10-01T16:51:50.095+0000][646.128s][info ][safepoint     ] Application time: 1.0008529 seconds
[2023-10-01T16:51:50.096+0000][646.128s][info ][safepoint     ] Entering safepoint region: Cleanup
[2023-10-01T16:51:50.096+0000][646.129s][info ][safepoint     ] Leaving safepoint region
[2023-10-01T16:51:50.097+0000][646.129s][info ][safepoint     ] Total time for which application threads were stopped: 0.0012931 seconds, Stopping threads took: 0.0004777 seconds
[2023-10-01T16:51:51.097+0000][647.130s][debug][safepoint     ] Safepoint synchronization initiated. (202 threads)
[2023-10-01T16:51:51.098+0000][647.131s][info ][safepoint     ] Application time: 1.0008890 seconds
[2023-10-01T16:51:51.099+0000][647.131s][info ][safepoint     ] Entering safepoint region: Cleanup
[2023-10-01T16:51:51.100+0000][647.132s][info ][safepoint     ] Leaving safepoint region
[2023-10-01T16:51:51.100+0000][647.133s][info ][safepoint     ] Total time for which application threads were stopped: 0.0016748 seconds, Stopping threads took: 0.0006802 seconds
[2023-10-01T16:51:52.101+0000][648.134s][debug][safepoint     ] Safepoint synchronization initiated. (202 threads)
[2023-10-01T16:51:52.102+0000][648.134s][info ][safepoint     ] Application time: 1.0007256 seconds
[2023-10-01T16:51:52.102+0000][648.135s][info ][safepoint     ] Entering safepoint region: Cleanup
[2023-10-01T16:51:52.103+0000][648.135s][info ][safepoint     ] Leaving safepoint region
[2023-10-01T16:51:52.103+0000][648.136s][info ][safepoint     ] Total time for which application threads were stopped: 0.0013107 seconds, Stopping threads took: 0.0005595 seconds
[2023-10-01T16:51:53.104+0000][649.137s][debug][safepoint     ] Safepoint synchronization initiated. (202 threads)
[2023-10-01T16:51:53.105+0000][649.137s][info ][safepoint     ] Application time: 1.0008439 seconds
[2023-10-01T16:51:53.105+0000][649.138s][info ][safepoint     ] Entering safepoint region: Cleanup
[2023-10-01T16:51:53.106+0000][649.139s][info ][safepoint     ] Leaving safepoint region
[2023-10-01T16:51:53.107+0000][649.140s][info ][safepoint     ] Total time for which application threads were stopped: 0.0020085 seconds, Stopping threads took: 0.0009273 seconds
[2023-10-01T16:51:54.108+0000][650.141s][debug][safepoint     ] Safepoint synchronization initiated. (202 threads)
[2023-10-01T16:51:54.112+0000][650.144s][info ][safepoint     ] Application time: 1.0036269 seconds
[2023-10-01T16:51:54.113+0000][650.146s][info ][safepoint     ] Entering safepoint region: Cleanup
[2023-10-01T16:51:54.114+0000][650.147s][info ][safepoint     ] Leaving safepoint region
[2023-10-01T16:51:54.115+0000][650.148s][info ][safepoint     ] Total time for which application threads were stopped: 0.0017268 seconds, Stopping threads took: 0.0007335 seconds
[2023-10-01T16:51:55.116+0000][651.148s][debug][safepoint     ] Safepoint synchronization initiated. (202 threads)
[2023-10-01T16:51:55.117+0000][651.149s][info ][safepoint     ] Application time: 1.0009333 seconds
[2023-10-01T16:51:55.117+0000][651.150s][info ][safepoint     ] Entering safepoint region: Cleanup
[2023-10-01T16:51:55.119+0000][651.151s][info ][safepoint     ] Leaving safepoint region
[2023-10-01T16:51:55.119+0000][651.152s][info ][safepoint     ] Total time for which application threads were stopped: 0.0019005 seconds, Stopping threads took: 0.0010509 seconds
[2023-10-01T16:51:56.120+0000][652.152s][debug][safepoint     ] Safepoint synchronization initiated. (202 threads)
[2023-10-01T16:51:56.120+0000][652.153s][info ][safepoint     ] Application time: 1.0008032 seconds
[2023-10-01T16:51:56.121+0000][652.154s][info ][safepoint     ] Entering safepoint region: Cleanup
[2023-10-01T16:51:56.122+0000][652.154s][info ][safepoint     ] Leaving safepoint region
[2023-10-01T16:51:56.122+0000][652.155s][info ][safepoint     ] Total time for which application threads were stopped: 0.0012689 seconds, Stopping threads took: 0.0005991 seconds
[2023-10-01T16:51:57.123+0000][653.156s][debug][safepoint     ] Safepoint synchronization initiated. (202 threads)
[2023-10-01T16:51:57.124+0000][653.156s][info ][safepoint     ] Application time: 1.0009596 seconds
[2023-10-01T16:51:57.125+0000][653.157s][debug][safepoint     ] Waiting for 1 thread(s) to block
[2023-10-01T16:51:57.126+0000][653.158s][info ][safepoint     ] Entering safepoint region: Cleanup
[2023-10-01T16:51:57.126+0000][653.159s][info ][safepoint     ] Leaving safepoint region
[2023-10-01T16:51:57.127+0000][653.159s][info ][safepoint     ] Total time for which application threads were stopped: 0.0023502 seconds, Stopping threads took: 0.0015347 seconds
[2023-10-01T16:51:58.127+0000][654.160s][debug][safepoint     ] Safepoint synchronization initiated. (202 threads)
[2023-10-01T16:51:58.128+0000][654.161s][info ][safepoint     ] Application time: 1.0007389 seconds
[2023-10-01T16:51:58.129+0000][654.161s][info ][safepoint     ] Entering safepoint region: Cleanup
[2023-10-01T16:51:58.129+0000][654.162s][info ][safepoint     ] Leaving safepoint region
[2023-10-01T16:51:58.130+0000][654.162s][info ][safepoint     ] Total time for which application threads were stopped: 0.0013497 seconds, Stopping threads took: 0.0006416 seconds
[2023-10-01T16:51:59.131+0000][655.163s][debug][safepoint     ] Safepoint synchronization initiated. (202 threads)
[2023-10-01T16:51:59.132+0000][655.164s][info ][safepoint     ] Application time: 1.0008577 seconds
[2023-10-01T16:51:59.132+0000][655.165s][info ][safepoint     ] Entering safepoint region: Cleanup
[2023-10-01T16:51:59.133+0000][655.165s][info ][safepoint     ] Leaving safepoint region
[2023-10-01T16:51:59.133+0000][655.166s][info ][safepoint     ] Total time for which application threads were stopped: 0.0013099 seconds, Stopping threads took: 0.0005370 seconds
[2023-10-01T16:52:00.134+0000][656.167s][debug][safepoint     ] Safepoint synchronization initiated. (202 threads)
[2023-10-01T16:52:00.135+0000][656.168s][info ][safepoint     ] Application time: 1.0009958 seconds
[2023-10-01T16:52:00.136+0000][656.169s][info ][safepoint     ] Entering safepoint region: Cleanup
[2023-10-01T16:52:00.137+0000][656.170s][info ][safepoint     ] Leaving safepoint region
[2023-10-01T16:52:00.138+0000][656.170s][info ][safepoint     ] Total time for which application threads were stopped: 0.0013062 seconds, Stopping threads took: 0.0004434 seconds
[2023-10-01T16:52:01.138+0000][657.171s][debug][safepoint     ] Safepoint synchronization initiated. (202 threads)
[2023-10-01T16:52:01.139+0000][657.171s][info ][safepoint     ] Application time: 1.0007323 seconds
[2023-10-01T16:52:01.139+0000][657.172s][info ][safepoint     ] Entering safepoint region: Cleanup
[2023-10-01T16:52:01.140+0000][657.173s][info ][safepoint     ] Leaving safepoint region
[2023-10-01T16:52:01.140+0000][657.173s][info ][safepoint     ] Total time for which application threads were stopped: 0.0012043 seconds, Stopping threads took: 0.0004712 seconds
[2023-10-01T16:52:02.141+0000][658.174s][debug][safepoint     ] Safepoint synchronization initiated. (202 threads)
[2023-10-01T16:52:02.142+0000][658.175s][info ][safepoint     ] Application time: 1.0009547 seconds
[2023-10-01T16:52:02.143+0000][658.175s][info ][safepoint     ] Entering safepoint region: Cleanup
[2023-10-01T16:52:02.144+0000][658.176s][info ][safepoint     ] Leaving safepoint region
[2023-10-01T16:52:02.144+0000][658.177s][info ][safepoint     ] Total time for which application threads were stopped: 0.0016985 seconds, Stopping threads took: 0.0008716 seconds
[2023-10-01T16:52:03.145+0000][659.178s][debug][safepoint     ] Safepoint synchronization initiated. (202 threads)
[2023-10-01T16:52:03.146+0000][659.179s][info ][safepoint     ] Application time: 1.0013557 seconds
[2023-10-01T16:52:03.147+0000][659.180s][info ][safepoint     ] Entering safepoint region: Cleanup
[2023-10-01T16:52:03.148+0000][659.181s][info ][safepoint     ] Leaving safepoint region
[2023-10-01T16:52:03.149+0000][659.181s][info ][safepoint     ] Total time for which application threads were stopped: 0.0014477 seconds, Stopping threads took: 0.0006123 seconds
[2023-10-01T16:52:04.149+0000][660.182s][debug][safepoint     ] Safepoint synchronization initiated. (202 threads)
[2023-10-01T16:52:04.150+0000][660.183s][info ][safepoint     ] Application time: 1.0009143 seconds
[2023-10-01T16:52:04.151+0000][660.183s][info ][safepoint     ] Entering safepoint region: Cleanup
[2023-10-01T16:52:04.152+0000][660.184s][info ][safepoint     ] Leaving safepoint region
[2023-10-01T16:52:04.152+0000][660.185s][info ][safepoint     ] Total time for which application threads were stopped: 0.0014882 seconds, Stopping threads took: 0.0005991 seconds
[2023-10-01T16:52:05.153+0000][661.185s][debug][safepoint     ] Safepoint synchronization initiated. (202 threads)
[2023-10-01T16:52:05.153+0000][661.186s][info ][safepoint     ] Application time: 1.0008738 seconds
[2023-10-01T16:52:05.154+0000][661.187s][info ][safepoint     ] Entering safepoint region: Cleanup
[2023-10-01T16:52:05.155+0000][661.187s][info ][safepoint     ] Leaving safepoint region
[2023-10-01T16:52:05.155+0000][661.188s][info ][safepoint     ] Total time for which application threads were stopped: 0.0012612 seconds, Stopping threads took: 0.0005532 seconds
[2023-10-01T16:52:06.156+0000][662.188s][debug][safepoint     ] Safepoint synchronization initiated. (202 threads)
[2023-10-01T16:52:06.157+0000][662.189s][info ][safepoint     ] Application time: 1.0008125 seconds
[2023-10-01T16:52:06.157+0000][662.190s][info ][safepoint     ] Entering safepoint region: Cleanup
[2023-10-01T16:52:06.158+0000][662.190s][info ][safepoint     ] Leaving safepoint region
[2023-10-01T16:52:06.158+0000][662.191s][info ][safepoint     ] Total time for which application threads were stopped: 0.0012816 seconds, Stopping threads took: 0.0005170 seconds
[2023-10-01T16:52:07.159+0000][663.191s][debug][safepoint     ] Safepoint synchronization initiated. (202 threads)
[2023-10-01T16:52:07.159+0000][663.192s][info ][safepoint     ] Application time: 1.0006803 seconds
[2023-10-01T16:52:07.160+0000][663.193s][info ][safepoint     ] Entering safepoint region: Cleanup
[2023-10-01T16:52:07.161+0000][663.193s][info ][safepoint     ] Leaving safepoint region
[2023-10-01T16:52:07.161+0000][663.194s][info ][safepoint     ] Total time for which application threads were stopped: 0.0011506 seconds, Stopping threads took: 0.0005308 seconds
[2023-10-01T16:52:08.162+0000][664.194s][debug][safepoint     ] Safepoint synchronization initiated. (202 threads)
[2023-10-01T16:52:08.162+0000][664.195s][info ][safepoint     ] Application time: 1.0008310 seconds
[2023-10-01T16:52:08.163+0000][664.196s][info ][safepoint     ] Entering safepoint region: Cleanup
[2023-10-01T16:52:08.164+0000][664.196s][info ][safepoint     ] Leaving safepoint region
[2023-10-01T16:52:08.164+0000][664.197s][info ][safepoint     ] Total time for which application threads were stopped: 0.0013532 seconds, Stopping threads took: 0.0006559 seconds
[2023-10-01T16:52:09.165+0000][665.197s][debug][safepoint     ] Safepoint synchronization initiated. (202 threads)
[2023-10-01T16:52:09.166+0000][665.198s][info ][safepoint     ] Application time: 1.0008934 seconds
[2023-10-01T16:52:09.166+0000][665.199s][info ][safepoint     ] Entering safepoint region: Cleanup
[2023-10-01T16:52:09.167+0000][665.199s][info ][safepoint     ] Leaving safepoint region
[2023-10-01T16:52:09.167+0000][665.200s][info ][safepoint     ] Total time for which application threads were stopped: 0.0011645 seconds, Stopping threads took: 0.0005391 seconds
[2023-10-01T16:52:10.168+0000][666.200s][debug][safepoint     ] Safepoint synchronization initiated. (202 threads)
[2023-10-01T16:52:10.169+0000][666.201s][info ][safepoint     ] Application time: 1.0008601 seconds
[2023-10-01T16:52:10.169+0000][666.202s][info ][safepoint     ] Entering safepoint region: Cleanup
[2023-10-01T16:52:10.170+0000][666.202s][info ][safepoint     ] Leaving safepoint region
[2023-10-01T16:52:10.170+0000][666.203s][info ][safepoint     ] Total time for which application threads were stopped: 0.0012226 seconds, Stopping threads took: 0.0005588 seconds
[2023-10-01T16:52:11.171+0000][667.203s][debug][safepoint     ] Safepoint synchronization initiated. (202 threads)
[2023-10-01T16:52:11.171+0000][667.204s][info ][safepoint     ] Application time: 1.0006690 seconds
[2023-10-01T16:52:11.172+0000][667.204s][info ][safepoint     ] Entering safepoint region: Cleanup
[2023-10-01T16:52:11.173+0000][667.205s][info ][safepoint     ] Leaving safepoint region
[2023-10-01T16:52:11.173+0000][667.206s][info ][safepoint     ] Total time for which application threads were stopped: 0.0013387 seconds, Stopping threads took: 0.0006469 seconds
[2023-10-01T16:52:12.174+0000][668.206s][debug][safepoint     ] Safepoint synchronization initiated. (202 threads)
[2023-10-01T16:52:12.175+0000][668.207s][info ][safepoint     ] Application time: 1.0012074 seconds
[2023-10-01T16:52:12.175+0000][668.208s][info ][safepoint     ] Entering safepoint region: Cleanup
[2023-10-01T16:52:12.176+0000][668.209s][info ][safepoint     ] Leaving safepoint region
[2023-10-01T16:52:12.177+0000][668.209s][info ][safepoint     ] Total time for which application threads were stopped: 0.0012427 seconds, Stopping threads took: 0.0005126 seconds
[2023-10-01T16:52:13.177+0000][669.210s][debug][safepoint     ] Safepoint synchronization initiated. (202 threads)
[2023-10-01T16:52:13.178+0000][669.210s][info ][safepoint     ] Application time: 1.0006713 seconds
[2023-10-01T16:52:13.178+0000][669.211s][info ][safepoint     ] Entering safepoint region: Cleanup
[2023-10-01T16:52:13.179+0000][669.211s][info ][safepoint     ] Leaving safepoint region
[2023-10-01T16:52:13.179+0000][669.212s][info ][safepoint     ] Total time for which application threads were stopped: 0.0012726 seconds, Stopping threads took: 0.0005792 seconds
[2023-10-01T16:52:14.180+0000][670.213s][debug][safepoint     ] Safepoint synchronization initiated. (202 threads)
[2023-10-01T16:52:14.181+0000][670.213s][info ][safepoint     ] Application time: 1.0007861 seconds
[2023-10-01T16:52:14.181+0000][670.214s][info ][safepoint     ] Entering safepoint region: Cleanup
[2023-10-01T16:52:14.182+0000][670.214s][info ][safepoint     ] Leaving safepoint region
[2023-10-01T16:52:14.182+0000][670.215s][info ][safepoint     ] Total time for which application threads were stopped: 0.0013019 seconds, Stopping threads took: 0.0006115 seconds
[2023-10-01T16:52:15.183+0000][671.216s][debug][safepoint     ] Safepoint synchronization initiated. (202 threads)
[2023-10-01T16:52:15.184+0000][671.216s][info ][safepoint     ] Application time: 1.0008503 seconds
[2023-10-01T16:52:15.184+0000][671.217s][info ][safepoint     ] Entering safepoint region: Cleanup
[2023-10-01T16:52:15.185+0000][671.218s][info ][safepoint     ] Leaving safepoint region
[2023-10-01T16:52:15.186+0000][671.218s][info ][safepoint     ] Total time for which application threads were stopped: 0.0012804 seconds, Stopping threads took: 0.0006297 seconds
[2023-10-01T16:52:16.186+0000][672.219s][debug][safepoint     ] Safepoint synchronization initiated. (202 threads)
[2023-10-01T16:52:16.187+0000][672.219s][info ][safepoint     ] Application time: 1.0006656 seconds
[2023-10-01T16:52:16.187+0000][672.220s][info ][safepoint     ] Entering safepoint region: Cleanup
[2023-10-01T16:52:16.188+0000][672.220s][info ][safepoint     ] Leaving safepoint region
[2023-10-01T16:52:16.188+0000][672.221s][info ][safepoint     ] Total time for which application threads were stopped: 0.0012901 seconds, Stopping threads took: 0.0005546 seconds
[2023-10-01T16:52:17.189+0000][673.222s][debug][safepoint     ] Safepoint synchronization initiated. (202 threads)
[2023-10-01T16:52:17.190+0000][673.222s][info ][safepoint     ] Application time: 1.0007940 seconds
[2023-10-01T16:52:17.190+0000][673.223s][info ][safepoint     ] Entering safepoint region: Cleanup
[2023-10-01T16:52:17.191+0000][673.224s][info ][safepoint     ] Leaving safepoint region
[2023-10-01T16:52:17.192+0000][673.224s][info ][safepoint     ] Total time for which application threads were stopped: 0.0013494 seconds, Stopping threads took: 0.0005729 seconds
[2023-10-01T16:52:18.192+0000][674.225s][debug][safepoint     ] Safepoint synchronization initiated. (202 threads)
[2023-10-01T16:52:18.193+0000][674.225s][info ][safepoint     ] Application time: 1.0007928 seconds
[2023-10-01T16:52:18.193+0000][674.226s][info ][safepoint     ] Entering safepoint region: Cleanup
[2023-10-01T16:52:18.194+0000][674.227s][info ][safepoint     ] Leaving safepoint region
[2023-10-01T16:52:18.195+0000][674.227s][info ][safepoint     ] Total time for which application threads were stopped: 0.0012708 seconds, Stopping threads took: 0.0005100 seconds
[2023-10-01T16:52:19.195+0000][675.228s][debug][safepoint     ] Safepoint synchronization initiated. (202 threads)
[2023-10-01T16:52:19.196+0000][675.228s][info ][safepoint     ] Application time: 1.0005960 seconds
[2023-10-01T16:52:19.196+0000][675.229s][info ][safepoint     ] Entering safepoint region: Cleanup
[2023-10-01T16:52:19.197+0000][675.229s][info ][safepoint     ] Leaving safepoint region
[2023-10-01T16:52:19.197+0000][675.230s][info ][safepoint     ] Total time for which application threads were stopped: 0.0010918 seconds, Stopping threads took: 0.0004132 seconds
[2023-10-01T16:52:20.198+0000][676.230s][debug][safepoint     ] Safepoint synchronization initiated. (202 threads)
[2023-10-01T16:52:20.198+0000][676.231s][info ][safepoint     ] Application time: 1.0005712 seconds
[2023-10-01T16:52:20.199+0000][676.231s][info ][safepoint     ] Entering safepoint region: Cleanup
[2023-10-01T16:52:20.199+0000][676.232s][info ][safepoint     ] Leaving safepoint region
[2023-10-01T16:52:20.200+0000][676.232s][info ][safepoint     ] Total time for which application threads were stopped: 0.0010791 seconds, Stopping threads took: 0.0004821 seconds
[2023-10-01T16:52:21.200+0000][677.233s][debug][safepoint     ] Safepoint synchronization initiated. (202 threads)
[2023-10-01T16:52:21.201+0000][677.233s][info ][safepoint     ] Application time: 1.0009788 seconds
[2023-10-01T16:52:21.202+0000][677.234s][info ][safepoint     ] Entering safepoint region: Cleanup
[2023-10-01T16:52:21.202+0000][677.235s][info ][safepoint     ] Leaving safepoint region
[2023-10-01T16:52:21.203+0000][677.235s][info ][safepoint     ] Total time for which application threads were stopped: 0.0014769 seconds, Stopping threads took: 0.0006773 seconds
[2023-10-01T16:52:22.204+0000][678.236s][debug][safepoint     ] Safepoint synchronization initiated. (202 threads)
[2023-10-01T16:52:22.205+0000][678.237s][info ][safepoint     ] Application time: 1.0009818 seconds
[2023-10-01T16:52:22.205+0000][678.238s][info ][safepoint     ] Entering safepoint region: Cleanup
[2023-10-01T16:52:22.206+0000][678.239s][info ][safepoint     ] Leaving safepoint region
[2023-10-01T16:52:22.207+0000][678.239s][info ][safepoint     ] Total time for which application threads were stopped: 0.0017393 seconds, Stopping threads took: 0.0008448 seconds
[2023-10-01T16:52:23.208+0000][679.240s][debug][safepoint     ] Safepoint synchronization initiated. (202 threads)
[2023-10-01T16:52:23.209+0000][679.241s][info ][safepoint     ] Application time: 1.0011871 seconds
[2023-10-01T16:52:23.209+0000][679.242s][info ][safepoint     ] Entering safepoint region: Cleanup
[2023-10-01T16:52:23.210+0000][679.243s][info ][safepoint     ] Leaving safepoint region
[2023-10-01T16:52:23.211+0000][679.243s][info ][safepoint     ] Total time for which application threads were stopped: 0.0014165 seconds, Stopping threads took: 0.0006373 seconds
[2023-10-01T16:52:24.212+0000][680.244s][debug][safepoint     ] Safepoint synchronization initiated. (202 threads)
[2023-10-01T16:52:24.212+0000][680.245s][info ][safepoint     ] Application time: 1.0009354 seconds
[2023-10-01T16:52:24.213+0000][680.245s][info ][safepoint     ] Entering safepoint region: Cleanup
[2023-10-01T16:52:24.213+0000][680.246s][info ][safepoint     ] Leaving safepoint region
[2023-10-01T16:52:24.214+0000][680.246s][info ][safepoint     ] Total time for which application threads were stopped: 0.0012947 seconds, Stopping threads took: 0.0005476 seconds
[2023-10-01T16:52:25.215+0000][681.247s][debug][safepoint     ] Safepoint synchronization initiated. (202 threads)
[2023-10-01T16:52:25.215+0000][681.248s][info ][safepoint     ] Application time: 1.0009569 seconds
[2023-10-01T16:52:25.216+0000][681.249s][info ][safepoint     ] Entering safepoint region: Cleanup
[2023-10-01T16:52:25.217+0000][681.249s][info ][safepoint     ] Leaving safepoint region
[2023-10-01T16:52:25.217+0000][681.250s][info ][safepoint     ] Total time for which application threads were stopped: 0.0013467 seconds, Stopping threads took: 0.0006598 seconds
[2023-10-01T16:52:26.218+0000][682.251s][debug][safepoint     ] Safepoint synchronization initiated. (202 threads)
[2023-10-01T16:52:26.219+0000][682.251s][info ][safepoint     ] Application time: 1.0007461 seconds
[2023-10-01T16:52:26.219+0000][682.252s][info ][safepoint     ] Entering safepoint region: Cleanup
[2023-10-01T16:52:26.220+0000][682.253s][info ][safepoint     ] Leaving safepoint region
[2023-10-01T16:52:26.221+0000][682.253s][info ][safepoint     ] Total time for which application threads were stopped: 0.0015273 seconds, Stopping threads took: 0.0006931 seconds
[2023-10-01T16:52:27.222+0000][683.254s][debug][safepoint     ] Safepoint synchronization initiated. (202 threads)
[2023-10-01T16:52:27.222+0000][683.255s][info ][safepoint     ] Application time: 1.0009352 seconds
[2023-10-01T16:52:27.223+0000][683.255s][info ][safepoint     ] Entering safepoint region: Cleanup
[2023-10-01T16:52:27.224+0000][683.256s][info ][safepoint     ] Leaving safepoint region
[2023-10-01T16:52:27.224+0000][683.257s][info ][safepoint     ] Total time for which application threads were stopped: 0.0014207 seconds, Stopping threads took: 0.0006462 seconds
[2023-10-01T16:52:28.225+0000][684.257s][debug][safepoint     ] Safepoint synchronization initiated. (202 threads)
[2023-10-01T16:52:28.226+0000][684.258s][info ][safepoint     ] Application time: 1.0011252 seconds
[2023-10-01T16:52:28.227+0000][684.259s][info ][safepoint     ] Entering safepoint region: Cleanup
[2023-10-01T16:52:28.228+0000][684.260s][info ][safepoint     ] Leaving safepoint region
[2023-10-01T16:52:28.229+0000][684.261s][info ][safepoint     ] Total time for which application threads were stopped: 0.0021321 seconds, Stopping threads took: 0.0010073 seconds
[2023-10-01T16:52:29.230+0000][685.262s][debug][safepoint     ] Safepoint synchronization initiated. (202 threads)
[2023-10-01T16:52:29.230+0000][685.263s][info ][safepoint     ] Application time: 1.0009865 seconds
[2023-10-01T16:52:29.231+0000][685.263s][info ][safepoint     ] Entering safepoint region: Cleanup
[2023-10-01T16:52:29.232+0000][685.264s][info ][safepoint     ] Leaving safepoint region
[2023-10-01T16:52:29.232+0000][685.265s][info ][safepoint     ] Total time for which application threads were stopped: 0.0012038 seconds, Stopping threads took: 0.0005398 seconds
[2023-10-01T16:52:30.233+0000][686.265s][debug][safepoint     ] Safepoint synchronization initiated. (202 threads)
[2023-10-01T16:52:30.233+0000][686.266s][info ][safepoint     ] Application time: 1.0008429 seconds
[2023-10-01T16:52:30.234+0000][686.266s][info ][safepoint     ] Entering safepoint region: Cleanup
[2023-10-01T16:52:30.235+0000][686.267s][info ][safepoint     ] Leaving safepoint region
[2023-10-01T16:52:30.235+0000][686.268s][info ][safepoint     ] Total time for which application threads were stopped: 0.0013385 seconds, Stopping threads took: 0.0005729 seconds
[2023-10-01T16:52:31.236+0000][687.268s][debug][safepoint     ] Safepoint synchronization initiated. (202 threads)
[2023-10-01T16:52:31.236+0000][687.269s][info ][safepoint     ] Application time: 1.0008748 seconds
[2023-10-01T16:52:31.237+0000][687.269s][info ][safepoint     ] Entering safepoint region: Cleanup
[2023-10-01T16:52:31.238+0000][687.270s][info ][safepoint     ] Leaving safepoint region
[2023-10-01T16:52:31.238+0000][687.271s][info ][safepoint     ] Total time for which application threads were stopped: 0.0011261 seconds, Stopping threads took: 0.0004202 seconds
[2023-10-01T16:52:32.239+0000][688.271s][debug][safepoint     ] Safepoint synchronization initiated. (202 threads)
[2023-10-01T16:52:32.239+0000][688.272s][info ][safepoint     ] Application time: 1.0007663 seconds
[2023-10-01T16:52:32.240+0000][688.272s][info ][safepoint     ] Entering safepoint region: Cleanup
[2023-10-01T16:52:32.241+0000][688.273s][info ][safepoint     ] Leaving safepoint region
[2023-10-01T16:52:32.241+0000][688.274s][info ][safepoint     ] Total time for which application threads were stopped: 0.0013551 seconds, Stopping threads took: 0.0006109 seconds
[2023-10-01T16:52:33.242+0000][689.274s][debug][safepoint     ] Safepoint synchronization initiated. (202 threads)
[2023-10-01T16:52:33.243+0000][689.275s][info ][safepoint     ] Application time: 1.0009141 seconds
[2023-10-01T16:52:33.243+0000][689.276s][info ][safepoint     ] Entering safepoint region: Cleanup
[2023-10-01T16:52:33.244+0000][689.276s][info ][safepoint     ] Leaving safepoint region
[2023-10-01T16:52:33.244+0000][689.277s][info ][safepoint     ] Total time for which application threads were stopped: 0.0012196 seconds, Stopping threads took: 0.0005171 seconds
[2023-10-01T16:52:34.245+0000][690.277s][debug][safepoint     ] Safepoint synchronization initiated. (202 threads)
[2023-10-01T16:52:34.246+0000][690.278s][info ][safepoint     ] Application time: 1.0008792 seconds
[2023-10-01T16:52:34.246+0000][690.279s][info ][safepoint     ] Entering safepoint region: Cleanup
[2023-10-01T16:52:34.247+0000][690.279s][info ][safepoint     ] Leaving safepoint region
[2023-10-01T16:52:34.247+0000][690.280s][info ][safepoint     ] Total time for which application threads were stopped: 0.0013224 seconds, Stopping threads took: 0.0005969 seconds
[2023-10-01T16:52:35.248+0000][691.281s][debug][safepoint     ] Safepoint synchronization initiated. (202 threads)
[2023-10-01T16:52:35.249+0000][691.281s][info ][safepoint     ] Application time: 1.0007758 seconds
[2023-10-01T16:52:35.249+0000][691.282s][info ][safepoint     ] Entering safepoint region: Cleanup
[2023-10-01T16:52:35.250+0000][691.282s][info ][safepoint     ] Leaving safepoint region
[2023-10-01T16:52:35.250+0000][691.283s][info ][safepoint     ] Total time for which application threads were stopped: 0.0010927 seconds, Stopping threads took: 0.0004683 seconds
[2023-10-01T16:52:36.251+0000][692.284s][debug][safepoint     ] Safepoint synchronization initiated. (200 threads)
[2023-10-01T16:52:36.252+0000][692.284s][info ][safepoint     ] Application time: 1.0008943 seconds
[2023-10-01T16:52:36.252+0000][692.285s][info ][safepoint     ] Entering safepoint region: Cleanup
[2023-10-01T16:52:36.253+0000][692.286s][info ][safepoint     ] Leaving safepoint region
[2023-10-01T16:52:36.254+0000][692.286s][info ][safepoint     ] Total time for which application threads were stopped: 0.0014598 seconds, Stopping threads took: 0.0006037 seconds
[2023-10-01T16:52:37.254+0000][693.287s][debug][safepoint     ] Safepoint synchronization initiated. (200 threads)
[2023-10-01T16:52:37.255+0000][693.287s][info ][safepoint     ] Application time: 1.0008281 seconds
[2023-10-01T16:52:37.256+0000][693.288s][info ][safepoint     ] Entering safepoint region: Cleanup
[2023-10-01T16:52:37.256+0000][693.289s][info ][safepoint     ] Leaving safepoint region
[2023-10-01T16:52:37.257+0000][693.289s][info ][safepoint     ] Total time for which application threads were stopped: 0.0013900 seconds, Stopping threads took: 0.0005170 seconds
[2023-10-01T16:52:38.257+0000][694.290s][debug][safepoint     ] Safepoint synchronization initiated. (200 threads)
[2023-10-01T16:52:38.258+0000][694.291s][info ][safepoint     ] Application time: 1.0007866 seconds
[2023-10-01T16:52:38.259+0000][694.291s][info ][safepoint     ] Entering safepoint region: Cleanup
[2023-10-01T16:52:38.260+0000][694.292s][info ][safepoint     ] Leaving safepoint region
[2023-10-01T16:52:38.260+0000][694.293s][info ][safepoint     ] Total time for which application threads were stopped: 0.0017191 seconds, Stopping threads took: 0.0009529 seconds
[2023-10-01T16:52:39.261+0000][695.294s][debug][safepoint     ] Safepoint synchronization initiated. (200 threads)
[2023-10-01T16:52:39.262+0000][695.294s][info ][safepoint     ] Application time: 1.0009832 seconds
[2023-10-01T16:52:39.262+0000][695.295s][info ][safepoint     ] Entering safepoint region: Cleanup
[2023-10-01T16:52:39.263+0000][695.296s][info ][safepoint     ] Leaving safepoint region
[2023-10-01T16:52:39.264+0000][695.296s][info ][safepoint     ] Total time for which application threads were stopped: 0.0011851 seconds, Stopping threads took: 0.0004443 seconds
[2023-10-01T16:52:40.264+0000][696.297s][debug][safepoint     ] Safepoint synchronization initiated. (200 threads)
[2023-10-01T16:52:40.265+0000][696.297s][info ][safepoint     ] Application time: 1.0007411 seconds
[2023-10-01T16:52:40.265+0000][696.298s][info ][safepoint     ] Entering safepoint region: Cleanup
[2023-10-01T16:52:40.266+0000][696.299s][info ][safepoint     ] Leaving safepoint region
[2023-10-01T16:52:40.267+0000][696.299s][info ][safepoint     ] Total time for which application threads were stopped: 0.0014576 seconds, Stopping threads took: 0.0005949 seconds
[2023-10-01T16:52:41.267+0000][697.300s][debug][safepoint     ] Safepoint synchronization initiated. (200 threads)
[2023-10-01T16:52:41.268+0000][697.301s][info ][safepoint     ] Application time: 1.0008883 seconds
[2023-10-01T16:52:41.269+0000][697.301s][info ][safepoint     ] Entering safepoint region: Cleanup
[2023-10-01T16:52:41.270+0000][697.302s][info ][safepoint     ] Leaving safepoint region
[2023-10-01T16:52:41.270+0000][697.303s][info ][safepoint     ] Total time for which application threads were stopped: 0.0013673 seconds, Stopping threads took: 0.0006623 seconds
[2023-10-01T16:52:42.270+0000][698.304s][debug][safepoint     ] Safepoint synchronization initiated. (200 threads)
[2023-10-01T16:52:42.271+0000][698.304s][info ][safepoint     ] Application time: 1.0008354 seconds
[2023-10-01T16:52:42.271+0000][698.305s][info ][safepoint     ] Entering safepoint region: Cleanup
[2023-10-01T16:52:42.272+0000][698.306s][info ][safepoint     ] Leaving safepoint region
[2023-10-01T16:52:42.273+0000][698.306s][info ][safepoint     ] Total time for which application threads were stopped: 0.0015105 seconds, Stopping threads took: 0.0005610 seconds
[2023-10-01T16:52:43.273+0000][699.307s][debug][safepoint     ] Safepoint synchronization initiated. (200 threads)
[2023-10-01T16:52:43.274+0000][699.308s][info ][safepoint     ] Application time: 1.0008025 seconds
[2023-10-01T16:52:43.275+0000][699.308s][info ][safepoint     ] Entering safepoint region: Cleanup
[2023-10-01T16:52:43.275+0000][699.309s][info ][safepoint     ] Leaving safepoint region
[2023-10-01T16:52:43.276+0000][699.309s][info ][safepoint     ] Total time for which application threads were stopped: 0.0011898 seconds, Stopping threads took: 0.0004753 seconds
[2023-10-01T16:52:44.276+0000][700.310s][debug][safepoint     ] Safepoint synchronization initiated. (200 threads)
[2023-10-01T16:52:44.277+0000][700.311s][info ][safepoint     ] Application time: 1.0007304 seconds
[2023-10-01T16:52:44.277+0000][700.311s][info ][safepoint     ] Entering safepoint region: Cleanup
[2023-10-01T16:52:44.278+0000][700.312s][info ][safepoint     ] Leaving safepoint region
[2023-10-01T16:52:44.279+0000][700.312s][info ][safepoint     ] Total time for which application threads were stopped: 0.0013273 seconds, Stopping threads took: 0.0005371 seconds
[2023-10-01T16:52:44.278+0000][700.312s][debug][safepoint     ] ... found polling page loop exception at pc = 0x00007f5188a67d97, stub =0x00007f5180843680
[2023-10-01T16:52:44.278+0000][700.312s][debug][safepoint     ] ... found polling page return exception at pc = 0x00007f518923a9c4, stub =0x00007f5180840600
[2023-10-01T16:52:44.278+0000][700.312s][debug][safepoint     ] ... found polling page return exception at pc = 0x00007f518923a9c4, stub =0x00007f5180840600
[2023-10-01T16:52:45.279+0000][701.313s][debug][safepoint     ] Safepoint synchronization initiated. (200 threads)
[2023-10-01T16:52:45.280+0000][701.314s][info ][safepoint     ] Application time: 1.0012387 seconds
[2023-10-01T16:52:45.281+0000][701.315s][info ][safepoint     ] Entering safepoint region: Cleanup
[2023-10-01T16:52:45.282+0000][701.316s][info ][safepoint     ] Leaving safepoint region
[2023-10-01T16:52:45.283+0000][701.316s][info ][safepoint     ] Total time for which application threads were stopped: 0.0016453 seconds, Stopping threads took: 0.0006614 seconds
[2023-10-01T16:52:46.284+0000][702.318s][debug][safepoint     ] Safepoint synchronization initiated. (200 threads)
[2023-10-01T16:52:46.284+0000][702.318s][info ][safepoint     ] Application time: 1.0007744 seconds
[2023-10-01T16:52:46.285+0000][702.319s][info ][safepoint     ] Entering safepoint region: Cleanup
[2023-10-01T16:52:46.286+0000][702.320s][info ][safepoint     ] Leaving safepoint region
[2023-10-01T16:52:46.287+0000][702.321s][info ][safepoint     ] Total time for which application threads were stopped: 0.0021581 seconds, Stopping threads took: 0.0012188 seconds
[2023-10-01T16:52:47.288+0000][703.322s][debug][safepoint     ] Safepoint synchronization initiated. (200 threads)
[2023-10-01T16:52:47.288+0000][703.322s][info ][safepoint     ] Application time: 1.0008338 seconds
[2023-10-01T16:52:47.289+0000][703.323s][info ][safepoint     ] Entering safepoint region: Cleanup
[2023-10-01T16:52:47.290+0000][703.324s][info ][safepoint     ] Leaving safepoint region
[2023-10-01T16:52:47.290+0000][703.324s][info ][safepoint     ] Total time for which application threads were stopped: 0.0012834 seconds, Stopping threads took: 0.0005941 seconds
[2023-10-01T16:52:48.291+0000][704.325s][debug][safepoint     ] Safepoint synchronization initiated. (200 threads)
[2023-10-01T16:52:48.292+0000][704.325s][info ][safepoint     ] Application time: 1.0007647 seconds
[2023-10-01T16:52:48.292+0000][704.326s][info ][safepoint     ] Entering safepoint region: Cleanup
[2023-10-01T16:52:48.293+0000][704.327s][info ][safepoint     ] Leaving safepoint region
[2023-10-01T16:52:48.294+0000][704.327s][info ][safepoint     ] Total time for which application threads were stopped: 0.0014710 seconds, Stopping threads took: 0.0006303 seconds
[2023-10-01T16:52:49.294+0000][705.328s][debug][safepoint     ] Safepoint synchronization initiated. (200 threads)
[2023-10-01T16:52:49.295+0000][705.329s][info ][safepoint     ] Application time: 1.0007958 seconds
[2023-10-01T16:52:49.295+0000][705.329s][info ][safepoint     ] Entering safepoint region: Cleanup
[2023-10-01T16:52:49.296+0000][705.330s][info ][safepoint     ] Leaving safepoint region
[2023-10-01T16:52:49.297+0000][705.330s][info ][safepoint     ] Total time for which application threads were stopped: 0.0011840 seconds, Stopping threads took: 0.0004594 seconds
[2023-10-01T16:52:50.297+0000][706.331s][debug][safepoint     ] Safepoint synchronization initiated. (200 threads)
[2023-10-01T16:52:50.298+0000][706.331s][info ][safepoint     ] Application time: 1.0007356 seconds
[2023-10-01T16:52:50.298+0000][706.332s][info ][safepoint     ] Entering safepoint region: Cleanup
[2023-10-01T16:52:50.299+0000][706.333s][info ][safepoint     ] Leaving safepoint region
[2023-10-01T16:52:50.299+0000][706.333s][info ][safepoint     ] Total time for which application threads were stopped: 0.0011044 seconds, Stopping threads took: 0.0004759 seconds
[2023-10-01T16:52:51.300+0000][707.334s][debug][safepoint     ] Safepoint synchronization initiated. (200 threads)
[2023-10-01T16:52:51.349+0000][707.383s][info ][safepoint     ] Application time: 1.0495366 seconds
[2023-10-01T16:52:51.357+0000][707.391s][info ][safepoint     ] Entering safepoint region: Cleanup
[2023-10-01T16:52:51.359+0000][707.393s][info ][safepoint     ] Leaving safepoint region
[2023-10-01T16:52:51.361+0000][707.395s][info ][safepoint     ] Total time for which application threads were stopped: 0.0040945 seconds, Stopping threads took: 0.0022004 seconds
[2023-10-01T16:52:52.367+0000][708.400s][debug][safepoint     ] Safepoint synchronization initiated. (200 threads)
[2023-10-01T16:52:52.368+0000][708.401s][info ][safepoint     ] Application time: 1.0011965 seconds
[2023-10-01T16:52:52.368+0000][708.402s][info ][safepoint     ] Entering safepoint region: Cleanup
[2023-10-01T16:52:52.369+0000][708.403s][info ][safepoint     ] Leaving safepoint region
[2023-10-01T16:52:52.370+0000][708.404s][info ][safepoint     ] Total time for which application threads were stopped: 0.0018432 seconds, Stopping threads took: 0.0006091 seconds
[2023-10-01T16:52:53.371+0000][709.405s][debug][safepoint     ] Safepoint synchronization initiated. (200 threads)
[2023-10-01T16:52:53.372+0000][709.405s][info ][safepoint     ] Application time: 1.0008221 seconds
[2023-10-01T16:52:53.372+0000][709.406s][info ][safepoint     ] Entering safepoint region: Cleanup
[2023-10-01T16:52:53.373+0000][709.407s][info ][safepoint     ] Leaving safepoint region
[2023-10-01T16:52:53.374+0000][709.408s][info ][safepoint     ] Total time for which application threads were stopped: 0.0017334 seconds, Stopping threads took: 0.0006045 seconds
[2023-10-01T16:52:54.374+0000][710.408s][debug][safepoint     ] Safepoint synchronization initiated. (200 threads)
[2023-10-01T16:52:54.375+0000][710.409s][info ][safepoint     ] Application time: 1.0009395 seconds
[2023-10-01T16:52:54.376+0000][710.410s][info ][safepoint     ] Entering safepoint region: Cleanup
[2023-10-01T16:52:54.377+0000][710.411s][info ][safepoint     ] Leaving safepoint region
[2023-10-01T16:52:54.377+0000][710.411s][info ][safepoint     ] Total time for which application threads were stopped: 0.0013906 seconds, Stopping threads took: 0.0005955 seconds
[2023-10-01T16:52:55.378+0000][711.412s][debug][safepoint     ] Safepoint synchronization initiated. (200 threads)
[2023-10-01T16:52:55.379+0000][711.413s][info ][safepoint     ] Application time: 1.0011311 seconds
[2023-10-01T16:52:55.380+0000][711.414s][info ][safepoint     ] Entering safepoint region: Cleanup
[2023-10-01T16:52:55.381+0000][711.415s][info ][safepoint     ] Leaving safepoint region
[2023-10-01T16:52:55.381+0000][711.415s][info ][safepoint     ] Total time for which application threads were stopped: 0.0014894 seconds, Stopping threads took: 0.0006454 seconds
[2023-10-01T16:52:56.382+0000][712.416s][debug][safepoint     ] Safepoint synchronization initiated. (200 threads)
[2023-10-01T16:52:56.383+0000][712.417s][info ][safepoint     ] Application time: 1.0010565 seconds
[2023-10-01T16:52:56.384+0000][712.417s][info ][safepoint     ] Entering safepoint region: Cleanup
[2023-10-01T16:52:56.384+0000][712.418s][info ][safepoint     ] Leaving safepoint region
[2023-10-01T16:52:56.385+0000][712.418s][info ][safepoint     ] Total time for which application threads were stopped: 0.0011208 seconds, Stopping threads took: 0.0004742 seconds
[2023-10-01T16:52:57.385+0000][713.419s][debug][safepoint     ] Safepoint synchronization initiated. (200 threads)
[2023-10-01T16:52:57.389+0000][713.423s][info ][safepoint     ] Application time: 1.0041760 seconds
[2023-10-01T16:52:57.390+0000][713.424s][info ][safepoint     ] Entering safepoint region: Cleanup
[2023-10-01T16:52:57.391+0000][713.425s][info ][safepoint     ] Leaving safepoint region
[2023-10-01T16:52:57.392+0000][713.426s][info ][safepoint     ] Total time for which application threads were stopped: 0.0022722 seconds, Stopping threads took: 0.0008172 seconds
[2023-10-01T16:52:58.394+0000][714.428s][debug][safepoint     ] Safepoint synchronization initiated. (200 threads)
[2023-10-01T16:52:58.395+0000][714.429s][info ][safepoint     ] Application time: 1.0009677 seconds
[2023-10-01T16:52:58.396+0000][714.430s][info ][safepoint     ] Entering safepoint region: Cleanup
[2023-10-01T16:52:58.397+0000][714.431s][info ][safepoint     ] Leaving safepoint region
[2023-10-01T16:52:58.398+0000][714.431s][info ][safepoint     ] Total time for which application threads were stopped: 0.0018246 seconds, Stopping threads took: 0.0008962 seconds
[2023-10-01T16:52:59.398+0000][715.432s][debug][safepoint     ] Safepoint synchronization initiated. (200 threads)
[2023-10-01T16:52:59.399+0000][715.433s][info ][safepoint     ] Application time: 1.0008298 seconds
[2023-10-01T16:52:59.400+0000][715.433s][info ][safepoint     ] Entering safepoint region: Cleanup
[2023-10-01T16:52:59.400+0000][715.434s][info ][safepoint     ] Leaving safepoint region
[2023-10-01T16:52:59.401+0000][715.435s][info ][safepoint     ] Total time for which application threads were stopped: 0.0018402 seconds, Stopping threads took: 0.0006405 seconds
[2023-10-01T16:53:00.402+0000][716.436s][debug][safepoint     ] Safepoint synchronization initiated. (200 threads)
[2023-10-01T16:53:00.403+0000][716.437s][info ][safepoint     ] Application time: 1.0007631 seconds
[2023-10-01T16:53:00.404+0000][716.437s][info ][safepoint     ] Entering safepoint region: Cleanup
[2023-10-01T16:53:00.404+0000][716.438s][info ][safepoint     ] Leaving safepoint region
[2023-10-01T16:53:00.405+0000][716.439s][info ][safepoint     ] Total time for which application threads were stopped: 0.0014849 seconds, Stopping threads took: 0.0006066 seconds
[2023-10-01T16:53:01.406+0000][717.439s][debug][safepoint     ] Safepoint synchronization initiated. (200 threads)
[2023-10-01T16:53:01.406+0000][717.440s][info ][safepoint     ] Application time: 1.0010261 seconds
[2023-10-01T16:53:01.407+0000][717.441s][info ][safepoint     ] Entering safepoint region: Cleanup
[2023-10-01T16:53:01.408+0000][717.442s][info ][safepoint     ] Leaving safepoint region
[2023-10-01T16:53:01.408+0000][717.442s][info ][safepoint     ] Total time for which application threads were stopped: 0.0013182 seconds, Stopping threads took: 0.0005960 seconds
[2023-10-01T16:53:02.409+0000][718.443s][debug][safepoint     ] Safepoint synchronization initiated. (200 threads)
[2023-10-01T16:53:02.410+0000][718.443s][info ][safepoint     ] Application time: 1.0007804 seconds
[2023-10-01T16:53:02.410+0000][718.444s][info ][safepoint     ] Entering safepoint region: Cleanup
[2023-10-01T16:53:02.411+0000][718.445s][info ][safepoint     ] Leaving safepoint region
[2023-10-01T16:53:02.411+0000][718.445s][info ][safepoint     ] Total time for which application threads were stopped: 0.0011864 seconds, Stopping threads took: 0.0004457 seconds
[2023-10-01T16:53:03.412+0000][719.446s][debug][safepoint     ] Safepoint synchronization initiated. (200 threads)
[2023-10-01T16:53:03.413+0000][719.446s][info ][safepoint     ] Application time: 1.0008358 seconds
[2023-10-01T16:53:03.413+0000][719.447s][info ][safepoint     ] Entering safepoint region: Cleanup
[2023-10-01T16:53:03.414+0000][719.448s][info ][safepoint     ] Leaving safepoint region
[2023-10-01T16:53:03.415+0000][719.448s][info ][safepoint     ] Total time for which application threads were stopped: 0.0013793 seconds, Stopping threads took: 0.0006337 seconds
[2023-10-01T16:53:04.415+0000][720.449s][debug][safepoint     ] Safepoint synchronization initiated. (200 threads)
[2023-10-01T16:53:04.416+0000][720.450s][info ][safepoint     ] Application time: 1.0009078 seconds
[2023-10-01T16:53:04.417+0000][720.450s][info ][safepoint     ] Entering safepoint region: Cleanup
[2023-10-01T16:53:04.417+0000][720.451s][info ][safepoint     ] Leaving safepoint region
[2023-10-01T16:53:04.418+0000][720.452s][info ][safepoint     ] Total time for which application threads were stopped: 0.0017430 seconds, Stopping threads took: 0.0005655 seconds
[2023-10-01T16:53:05.419+0000][721.453s][debug][safepoint     ] Safepoint synchronization initiated. (200 threads)
[2023-10-01T16:53:05.420+0000][721.454s][info ][safepoint     ] Application time: 1.0009890 seconds
[2023-10-01T16:53:05.421+0000][721.455s][debug][safepoint     ] ... found polling page return exception at pc = 0x00007f518926699b, stub =0x00007f5180840600
[2023-10-01T16:53:05.422+0000][721.455s][debug][safepoint     ] Waiting for 1 thread(s) to block
[2023-10-01T16:53:05.423+0000][721.456s][info ][safepoint     ] Entering safepoint region: Cleanup
[2023-10-01T16:53:05.425+0000][721.459s][info ][safepoint     ] Leaving safepoint region
[2023-10-01T16:53:05.426+0000][721.460s][info ][safepoint     ] Total time for which application threads were stopped: 0.0054130 seconds, Stopping threads took: 0.0027727 seconds
[2023-10-01T16:53:06.427+0000][722.461s][debug][safepoint     ] Safepoint synchronization initiated. (200 threads)
[2023-10-01T16:53:06.428+0000][722.461s][info ][safepoint     ] Application time: 1.0009373 seconds
[2023-10-01T16:53:06.428+0000][722.462s][info ][safepoint     ] Entering safepoint region: Cleanup
[2023-10-01T16:53:06.429+0000][722.463s][info ][safepoint     ] Leaving safepoint region
[2023-10-01T16:53:06.430+0000][722.463s][info ][safepoint     ] Total time for which application threads were stopped: 0.0013946 seconds, Stopping threads took: 0.0006156 seconds
[2023-10-01T16:53:07.430+0000][723.464s][debug][safepoint     ] Safepoint synchronization initiated. (200 threads)
[2023-10-01T16:53:07.431+0000][723.465s][info ][safepoint     ] Application time: 1.0008655 seconds
[2023-10-01T16:53:07.432+0000][723.466s][info ][safepoint     ] Entering safepoint region: Cleanup
[2023-10-01T16:53:07.433+0000][723.466s][info ][safepoint     ] Leaving safepoint region
[2023-10-01T16:53:07.433+0000][723.467s][info ][safepoint     ] Total time for which application threads were stopped: 0.0013239 seconds, Stopping threads took: 0.0005273 seconds
[2023-10-01T16:53:08.434+0000][724.468s][debug][safepoint     ] Safepoint synchronization initiated. (200 threads)
[2023-10-01T16:53:08.435+0000][724.468s][info ][safepoint     ] Application time: 1.0010727 seconds
[2023-10-01T16:53:08.436+0000][724.469s][info ][safepoint     ] Entering safepoint region: Cleanup
[2023-10-01T16:53:08.440+0000][724.474s][info ][safepoint     ] Leaving safepoint region
[2023-10-01T16:53:08.442+0000][724.475s][info ][safepoint     ] Total time for which application threads were stopped: 0.0061279 seconds, Stopping threads took: 0.0010128 seconds
[2023-10-01T16:53:09.443+0000][725.476s][debug][safepoint     ] Safepoint synchronization initiated. (200 threads)
[2023-10-01T16:53:09.443+0000][725.477s][info ][safepoint     ] Application time: 1.0009823 seconds
[2023-10-01T16:53:09.444+0000][725.478s][info ][safepoint     ] Entering safepoint region: Cleanup
[2023-10-01T16:53:09.445+0000][725.479s][info ][safepoint     ] Leaving safepoint region
[2023-10-01T16:53:09.446+0000][725.480s][info ][safepoint     ] Total time for which application threads were stopped: 0.0020115 seconds, Stopping threads took: 0.0008714 seconds
[2023-10-01T16:53:10.448+0000][726.482s][debug][safepoint     ] Safepoint synchronization initiated. (200 threads)
[2023-10-01T16:53:10.459+0000][726.493s][info ][safepoint     ] Application time: 1.0113242 seconds
[2023-10-01T16:53:10.462+0000][726.496s][info ][safepoint     ] Entering safepoint region: Cleanup
[2023-10-01T16:53:10.464+0000][726.498s][info ][safepoint     ] Leaving safepoint region
[2023-10-01T16:53:10.465+0000][726.499s][info ][safepoint     ] Total time for which application threads were stopped: 0.0034614 seconds, Stopping threads took: 0.0012513 seconds
[2023-10-01T16:53:11.475+0000][727.508s][debug][safepoint     ] Safepoint synchronization initiated. (200 threads)
[2023-10-01T16:53:11.475+0000][727.509s][info ][safepoint     ] Application time: 1.0009210 seconds
[2023-10-01T16:53:11.476+0000][727.510s][info ][safepoint     ] Entering safepoint region: Cleanup
[2023-10-01T16:53:11.477+0000][727.510s][info ][safepoint     ] Leaving safepoint region
[2023-10-01T16:53:11.477+0000][727.511s][info ][safepoint     ] Total time for which application threads were stopped: 0.0013317 seconds, Stopping threads took: 0.0005474 seconds
[2023-10-01T16:53:12.478+0000][728.512s][debug][safepoint     ] Safepoint synchronization initiated. (200 threads)
[2023-10-01T16:53:12.479+0000][728.512s][info ][safepoint     ] Application time: 1.0008469 seconds
[2023-10-01T16:53:12.479+0000][728.513s][info ][safepoint     ] Entering safepoint region: Cleanup
[2023-10-01T16:53:12.480+0000][728.514s][info ][safepoint     ] Leaving safepoint region
[2023-10-01T16:53:12.480+0000][728.514s][info ][safepoint     ] Total time for which application threads were stopped: 0.0011980 seconds, Stopping threads took: 0.0004940 seconds
[2023-10-01T16:53:13.481+0000][729.515s][debug][safepoint     ] Safepoint synchronization initiated. (200 threads)
[2023-10-01T16:53:13.482+0000][729.515s][info ][safepoint     ] Application time: 1.0009304 seconds
[2023-10-01T16:53:13.482+0000][729.516s][info ][safepoint     ] Entering safepoint region: Cleanup
[2023-10-01T16:53:13.483+0000][729.517s][info ][safepoint     ] Leaving safepoint region
[2023-10-01T16:53:13.484+0000][729.517s][info ][safepoint     ] Total time for which application threads were stopped: 0.0014268 seconds, Stopping threads took: 0.0005683 seconds
[2023-10-01T16:53:14.484+0000][730.518s][debug][safepoint     ] Safepoint synchronization initiated. (200 threads)
[2023-10-01T16:53:14.485+0000][730.519s][info ][safepoint     ] Application time: 1.0010657 seconds
[2023-10-01T16:53:14.486+0000][730.520s][info ][safepoint     ] Entering safepoint region: Cleanup
[2023-10-01T16:53:14.487+0000][730.521s][info ][safepoint     ] Leaving safepoint region
[2023-10-01T16:53:14.488+0000][730.521s][info ][safepoint     ] Total time for which application threads were stopped: 0.0013921 seconds, Stopping threads took: 0.0006099 seconds
[2023-10-01T16:53:15.488+0000][731.522s][debug][safepoint     ] Safepoint synchronization initiated. (200 threads)
[2023-10-01T16:53:15.489+0000][731.523s][info ][safepoint     ] Application time: 1.0008426 seconds
[2023-10-01T16:53:15.489+0000][731.523s][info ][safepoint     ] Entering safepoint region: Cleanup
[2023-10-01T16:53:15.490+0000][731.524s][info ][safepoint     ] Leaving safepoint region
[2023-10-01T16:53:15.491+0000][731.524s][info ][safepoint     ] Total time for which application threads were stopped: 0.0013329 seconds, Stopping threads took: 0.0005209 seconds
[2023-10-01T16:53:16.491+0000][732.525s][debug][safepoint     ] Safepoint synchronization initiated. (200 threads)
[2023-10-01T16:53:16.492+0000][732.526s][info ][safepoint     ] Application time: 1.0008023 seconds
[2023-10-01T16:53:16.492+0000][732.526s][info ][safepoint     ] Entering safepoint region: Cleanup
[2023-10-01T16:53:16.493+0000][732.527s][info ][safepoint     ] Leaving safepoint region
[2023-10-01T16:53:16.494+0000][732.527s][info ][safepoint     ] Total time for which application threads were stopped: 0.0012321 seconds, Stopping threads took: 0.0005319 seconds
[2023-10-01T16:53:17.494+0000][733.528s][debug][safepoint     ] Safepoint synchronization initiated. (195 threads)
[2023-10-01T16:53:17.495+0000][733.529s][info ][safepoint     ] Application time: 1.0009153 seconds
[2023-10-01T16:53:17.496+0000][733.530s][info ][safepoint     ] Entering safepoint region: Cleanup
[2023-10-01T16:53:17.499+0000][733.532s][info ][safepoint     ] Leaving safepoint region
[2023-10-01T16:53:17.500+0000][733.534s][info ][safepoint     ] Total time for which application threads were stopped: 0.0039087 seconds, Stopping threads took: 0.0017313 seconds
[2023-10-01T16:53:19.501+0000][735.534s][debug][safepoint     ] Safepoint synchronization initiated. (195 threads)
[2023-10-01T16:53:19.501+0000][735.535s][info ][safepoint     ] Application time: 2.0009981 seconds
[2023-10-01T16:53:19.502+0000][735.536s][info ][safepoint     ] Entering safepoint region: Cleanup
[2023-10-01T16:53:19.503+0000][735.537s][info ][safepoint     ] Leaving safepoint region
[2023-10-01T16:53:19.504+0000][735.538s][info ][safepoint     ] Total time for which application threads were stopped: 0.0024093 seconds, Stopping threads took: 0.0006655 seconds
[2023-10-01T16:53:22.581+0000][738.615s][debug][safepoint     ] Safepoint synchronization initiated. (195 threads)
[2023-10-01T16:53:22.582+0000][738.616s][info ][safepoint     ] Application time: 3.0686683 seconds
[2023-10-01T16:53:22.583+0000][738.616s][info ][safepoint     ] Entering safepoint region: G1CollectForAllocation
[2023-10-01T16:53:22.583+0000][738.617s][info ][gc,start      ] GC(72) Pause Young (Normal) (G1 Evacuation Pause)
[2023-10-01T16:53:22.584+0000][738.617s][info ][gc,task       ] GC(72) Using 8 workers of 8 for evacuation
[2023-10-01T16:53:22.607+0000][738.641s][info ][gc,phases     ] GC(72)   Pre Evacuate Collection Set: 0.2ms
[2023-10-01T16:53:22.608+0000][738.642s][info ][gc,phases     ] GC(72)   Evacuate Collection Set: 17.7ms
[2023-10-01T16:53:22.608+0000][738.642s][info ][gc,phases     ] GC(72)   Post Evacuate Collection Set: 4.6ms
[2023-10-01T16:53:22.609+0000][738.643s][info ][gc,phases     ] GC(72)   Other: 1.4ms
[2023-10-01T16:53:22.609+0000][738.643s][info ][gc,heap       ] GC(72) Eden regions: 166->0(168)
[2023-10-01T16:53:22.610+0000][738.644s][info ][gc,heap       ] GC(72) Survivor regions: 15->13(23)
[2023-10-01T16:53:22.611+0000][738.644s][info ][gc,heap       ] GC(72) Old regions: 149->151
[2023-10-01T16:53:22.611+0000][738.645s][info ][gc,heap       ] GC(72) Humongous regions: 0->0
[2023-10-01T16:53:22.612+0000][738.645s][info ][gc,metaspace  ] GC(72) Metaspace: 166215K(172112K)->166215K(172112K) NonClass: 147081K(150736K)->147081K(150736K) Class: 19133K(21376K)->19133K(21376K)
[2023-10-01T16:53:22.612+0000][738.646s][info ][gc            ] GC(72) Pause Young (Normal) (G1 Evacuation Pause) 327M->162M(384M) 28.945ms
[2023-10-01T16:53:22.613+0000][738.647s][info ][gc,cpu        ] GC(72) User=0.16s Sys=0.00s Real=0.03s
[2023-10-01T16:53:22.614+0000][738.647s][info ][safepoint     ] Leaving safepoint region
[2023-10-01T16:53:22.614+0000][738.648s][info ][safepoint     ] Total time for which application threads were stopped: 0.0316838 seconds, Stopping threads took: 0.0004914 seconds
[2023-10-01T16:53:22.615+0000][738.649s][info ][gc,stringdedup] Concurrent String Deduplication (738.649s)
[2023-10-01T16:53:22.617+0000][738.651s][info ][gc,stringdedup] Concurrent String Deduplication 200.3K->81528.0B(120.7K) avg 54.4% (738.649s, 738.651s) 1.815ms
[2023-10-01T16:53:23.615+0000][739.649s][debug][safepoint     ] Safepoint synchronization initiated. (195 threads)
[2023-10-01T16:53:23.616+0000][739.649s][info ][safepoint     ] Application time: 1.0008936 seconds
[2023-10-01T16:53:23.616+0000][739.650s][info ][safepoint     ] Entering safepoint region: Cleanup
[2023-10-01T16:53:23.617+0000][739.651s][info ][safepoint     ] Leaving safepoint region
[2023-10-01T16:53:23.618+0000][739.652s][info ][safepoint     ] Total time for which application threads were stopped: 0.0015438 seconds, Stopping threads took: 0.0006340 seconds
[2023-10-01T16:53:42.622+0000][758.655s][debug][safepoint     ] Safepoint synchronization initiated. (193 threads)
[2023-10-01T16:53:42.622+0000][758.656s][info ][safepoint     ] Application time: 19.0039614 seconds
[2023-10-01T16:53:42.623+0000][758.657s][info ][safepoint     ] Entering safepoint region: Cleanup
[2023-10-01T16:53:42.624+0000][758.658s][info ][safepoint     ] Leaving safepoint region
[2023-10-01T16:53:42.625+0000][758.659s][info ][safepoint     ] Total time for which application threads were stopped: 0.0016174 seconds, Stopping threads took: 0.0006649 seconds
[2023-10-01T16:54:03.629+0000][779.663s][debug][safepoint     ] Safepoint synchronization initiated. (193 threads)
[2023-10-01T16:54:03.629+0000][779.663s][info ][safepoint     ] Application time: 21.0039368 seconds
[2023-10-01T16:54:03.630+0000][779.664s][info ][safepoint     ] Entering safepoint region: Cleanup
[2023-10-01T16:54:03.631+0000][779.665s][info ][safepoint     ] Leaving safepoint region
[2023-10-01T16:54:03.632+0000][779.666s][info ][safepoint     ] Total time for which application threads were stopped: 0.0017455 seconds, Stopping threads took: 0.0007919 seconds
[2023-10-01T16:54:11.634+0000][787.668s][debug][safepoint     ] Safepoint synchronization initiated. (193 threads)
[2023-10-01T16:54:11.634+0000][787.668s][info ][safepoint     ] Application time: 8.0021035 seconds
[2023-10-01T16:54:11.635+0000][787.669s][info ][safepoint     ] Entering safepoint region: Cleanup
[2023-10-01T16:54:11.636+0000][787.670s][info ][safepoint     ] Leaving safepoint region
[2023-10-01T16:54:11.636+0000][787.670s][info ][safepoint     ] Total time for which application threads were stopped: 0.0012823 seconds, Stopping threads took: 0.0005347 seconds
[2023-10-01T16:54:14.637+0000][790.671s][debug][safepoint     ] Safepoint synchronization initiated. (193 threads)
[2023-10-01T16:54:14.637+0000][790.671s][info ][safepoint     ] Application time: 3.0009964 seconds
[2023-10-01T16:54:14.638+0000][790.672s][info ][safepoint     ] Entering safepoint region: Cleanup
[2023-10-01T16:54:14.639+0000][790.673s][info ][safepoint     ] Leaving safepoint region
[2023-10-01T16:54:14.639+0000][790.673s][info ][safepoint     ] Total time for which application threads were stopped: 0.0013268 seconds, Stopping threads took: 0.0006088 seconds
[2023-10-01T16:54:26.642+0000][802.676s][debug][safepoint     ] Safepoint synchronization initiated. (190 threads)
[2023-10-01T16:54:26.642+0000][802.676s][info ][safepoint     ] Application time: 12.0027998 seconds
[2023-10-01T16:54:26.643+0000][802.677s][info ][safepoint     ] Entering safepoint region: Cleanup
[2023-10-01T16:54:26.644+0000][802.678s][info ][safepoint     ] Leaving safepoint region
[2023-10-01T16:54:26.644+0000][802.678s][info ][safepoint     ] Total time for which application threads were stopped: 0.0012091 seconds, Stopping threads took: 0.0004794 seconds
[2023-10-01T16:54:38.646+0000][814.681s][debug][safepoint     ] Safepoint synchronization initiated. (190 threads)
[2023-10-01T16:54:38.647+0000][814.681s][info ][safepoint     ] Application time: 12.0025094 seconds
[2023-10-01T16:54:38.648+0000][814.682s][info ][safepoint     ] Entering safepoint region: Cleanup
[2023-10-01T16:54:38.648+0000][814.683s][info ][safepoint     ] Leaving safepoint region
[2023-10-01T16:54:38.649+0000][814.683s][info ][safepoint     ] Total time for which application threads were stopped: 0.0012602 seconds, Stopping threads took: 0.0005366 seconds
[2023-10-01T16:54:44.650+0000][820.685s][debug][safepoint     ] Safepoint synchronization initiated. (190 threads)
[2023-10-01T16:54:44.651+0000][820.685s][info ][safepoint     ] Application time: 6.0019872 seconds
[2023-10-01T16:54:44.652+0000][820.686s][info ][safepoint     ] Entering safepoint region: Cleanup
[2023-10-01T16:54:44.653+0000][820.687s][info ][safepoint     ] Leaving safepoint region
[2023-10-01T16:54:44.653+0000][820.687s][info ][safepoint     ] Total time for which application threads were stopped: 0.0013154 seconds, Stopping threads took: 0.0005727 seconds
[2023-10-01T16:54:45.654+0000][821.688s][debug][safepoint     ] Safepoint synchronization initiated. (190 threads)
[2023-10-01T16:54:45.654+0000][821.689s][info ][safepoint     ] Application time: 1.0010441 seconds
[2023-10-01T16:54:45.655+0000][821.689s][info ][safepoint     ] Entering safepoint region: Cleanup
[2023-10-01T16:54:45.656+0000][821.690s][info ][safepoint     ] Leaving safepoint region
[2023-10-01T16:54:45.656+0000][821.690s][info ][safepoint     ] Total time for which application threads were stopped: 0.0012530 seconds, Stopping threads took: 0.0005037 seconds
[2023-10-01T16:55:11.662+0000][847.696s][debug][safepoint     ] Safepoint synchronization initiated. (190 threads)
[2023-10-01T16:55:11.663+0000][847.697s][info ][safepoint     ] Application time: 26.0060161 seconds
[2023-10-01T16:55:11.663+0000][847.698s][info ][safepoint     ] Entering safepoint region: Cleanup
[2023-10-01T16:55:11.664+0000][847.698s][info ][safepoint     ] Leaving safepoint region
[2023-10-01T16:55:11.665+0000][847.699s][info ][safepoint     ] Total time for which application threads were stopped: 0.0012067 seconds, Stopping threads took: 0.0004485 seconds
[2023-10-01T16:55:32.669+0000][868.703s][debug][safepoint     ] Safepoint synchronization initiated. (187 threads)
[2023-10-01T16:55:32.669+0000][868.704s][info ][safepoint     ] Application time: 21.0045071 seconds
[2023-10-01T16:55:32.670+0000][868.704s][info ][safepoint     ] Entering safepoint region: Cleanup
[2023-10-01T16:55:32.671+0000][868.705s][info ][safepoint     ] Leaving safepoint region
[2023-10-01T16:55:32.672+0000][868.706s][info ][safepoint     ] Total time for which application threads were stopped: 0.0017692 seconds, Stopping threads took: 0.0008366 seconds
[2023-10-01T16:55:44.675+0000][880.709s][debug][safepoint     ] Safepoint synchronization initiated. (187 threads)
[2023-10-01T16:55:44.679+0000][880.714s][info ][safepoint     ] Application time: 12.0069673 seconds
[2023-10-01T16:55:44.680+0000][880.714s][info ][safepoint     ] Entering safepoint region: Cleanup
[2023-10-01T16:55:44.680+0000][880.715s][info ][safepoint     ] Leaving safepoint region
[2023-10-01T16:55:44.681+0000][880.715s][info ][safepoint     ] Total time for which application threads were stopped: 0.0013147 seconds, Stopping threads took: 0.0004262 seconds
[2023-10-01T16:56:14.688+0000][910.721s][debug][safepoint     ] Safepoint synchronization initiated. (188 threads)
[2023-10-01T16:56:14.689+0000][910.722s][info ][safepoint     ] Application time: 30.0059022 seconds
[2023-10-01T16:56:14.689+0000][910.722s][info ][safepoint     ] Entering safepoint region: Cleanup
[2023-10-01T16:56:14.690+0000][910.723s][info ][safepoint     ] Leaving safepoint region
[2023-10-01T16:56:14.690+0000][910.724s][info ][safepoint     ] Total time for which application threads were stopped: 0.0013447 seconds, Stopping threads took: 0.0005294 seconds
[2023-10-01T16:56:28.100+0000][924.134s][debug][safepoint     ] Safepoint synchronization initiated. (186 threads)
[2023-10-01T16:56:28.101+0000][924.134s][info ][safepoint     ] Application time: 13.4101231 seconds
[2023-10-01T16:56:28.102+0000][924.135s][info ][safepoint     ] Entering safepoint region: G1CollectForAllocation
[2023-10-01T16:56:28.102+0000][924.136s][info ][gc,start      ] GC(73) Pause Young (Normal) (G1 Evacuation Pause)
[2023-10-01T16:56:28.103+0000][924.136s][info ][gc,task       ] GC(73) Using 8 workers of 8 for evacuation
[2023-10-01T16:56:28.120+0000][924.153s][info ][gc,phases     ] GC(73)   Pre Evacuate Collection Set: 0.1ms
[2023-10-01T16:56:28.121+0000][924.154s][info ][gc,phases     ] GC(73)   Evacuate Collection Set: 10.2ms
[2023-10-01T16:56:28.121+0000][924.154s][info ][gc,phases     ] GC(73)   Post Evacuate Collection Set: 6.5ms
[2023-10-01T16:56:28.122+0000][924.155s][info ][gc,phases     ] GC(73)   Other: 1.1ms
[2023-10-01T16:56:28.122+0000][924.155s][info ][gc,heap       ] GC(73) Eden regions: 168->0(170)
[2023-10-01T16:56:28.123+0000][924.156s][info ][gc,heap       ] GC(73) Survivor regions: 13->12(23)
[2023-10-01T16:56:28.123+0000][924.156s][info ][gc,heap       ] GC(73) Old regions: 151->151
[2023-10-01T16:56:28.124+0000][924.157s][info ][gc,heap       ] GC(73) Humongous regions: 0->0
[2023-10-01T16:56:28.124+0000][924.157s][info ][gc,metaspace  ] GC(73) Metaspace: 166265K(172112K)->166265K(172112K) NonClass: 147132K(150736K)->147132K(150736K) Class: 19133K(21376K)->19133K(21376K)
[2023-10-01T16:56:28.125+0000][924.158s][info ][gc            ] GC(73) Pause Young (Normal) (G1 Evacuation Pause) 330M->161M(384M) 22.268ms
[2023-10-01T16:56:28.125+0000][924.158s][info ][gc,cpu        ] GC(73) User=0.10s Sys=0.01s Real=0.03s
[2023-10-01T16:56:28.126+0000][924.159s][info ][safepoint     ] Leaving safepoint region
[2023-10-01T16:56:28.126+0000][924.160s][info ][safepoint     ] Total time for which application threads were stopped: 0.0249146 seconds, Stopping threads took: 0.0005286 seconds
[2023-10-01T16:56:28.127+0000][924.160s][info ][gc,stringdedup] Concurrent String Deduplication (924.160s)
[2023-10-01T16:56:28.133+0000][924.166s][info ][gc,stringdedup] Concurrent String Deduplication 364.1K->153.2K(210.9K) avg 54.5% (924.160s, 924.166s) 6.134ms
[2023-10-01T16:57:14.136+0000][970.169s][debug][safepoint     ] Safepoint synchronization initiated. (186 threads)
[2023-10-01T16:57:14.136+0000][970.169s][info ][safepoint     ] Application time: 46.0089656 seconds
[2023-10-01T16:57:14.137+0000][970.170s][info ][safepoint     ] Entering safepoint region: Cleanup
[2023-10-01T16:57:14.137+0000][970.170s][info ][safepoint     ] Leaving safepoint region
[2023-10-01T16:57:14.138+0000][970.171s][info ][safepoint     ] Total time for which application threads were stopped: 0.0013268 seconds, Stopping threads took: 0.0005564 seconds
[2023-10-01T16:57:36.142+0000][992.175s][debug][safepoint     ] Safepoint synchronization initiated. (185 threads)
[2023-10-01T16:57:36.144+0000][992.177s][info ][safepoint     ] Application time: 22.0053221 seconds
[2023-10-01T16:57:36.145+0000][992.178s][debug][safepoint     ] Waiting for 2 thread(s) to block
[2023-10-01T16:57:36.146+0000][992.179s][info ][safepoint     ] Entering safepoint region: Cleanup
[2023-10-01T16:57:36.147+0000][992.180s][info ][safepoint     ] Leaving safepoint region
[2023-10-01T16:57:36.147+0000][992.180s][info ][safepoint     ] Total time for which application threads were stopped: 0.0023702 seconds, Stopping threads took: 0.0015659 seconds
[2023-10-01T16:57:36.575+0000][992.608s][debug][safepoint     ] Safepoint synchronization initiated. (187 threads)
[2023-10-01T16:57:36.577+0000][992.610s][info ][safepoint     ] Application time: 0.4288763 seconds
[2023-10-01T16:57:36.578+0000][992.611s][info ][safepoint     ] Entering safepoint region: Deoptimize
[2023-10-01T16:57:36.601+0000][992.634s][info ][safepoint     ] Leaving safepoint region
[2023-10-01T16:57:36.602+0000][992.635s][info ][safepoint     ] Total time for which application threads were stopped: 0.0242379 seconds, Stopping threads took: 0.0009267 seconds
[2023-10-01T16:57:37.222+0000][993.255s][debug][safepoint     ] Safepoint synchronization initiated. (188 threads)
[2023-10-01T16:57:37.223+0000][993.256s][info ][safepoint     ] Application time: 0.6204358 seconds
[2023-10-01T16:57:37.223+0000][993.256s][info ][safepoint     ] Entering safepoint region: ICBufferFull
[2023-10-01T16:57:37.224+0000][993.257s][info ][safepoint     ] Leaving safepoint region
[2023-10-01T16:57:37.226+0000][993.259s][info ][safepoint     ] Total time for which application threads were stopped: 0.0027417 seconds, Stopping threads took: 0.0006689 seconds
[2023-10-01T16:57:37.399+0000][993.432s][debug][safepoint     ] Safepoint synchronization initiated. (188 threads)
[2023-10-01T16:57:37.400+0000][993.433s][info ][safepoint     ] Application time: 0.1724202 seconds
[2023-10-01T16:57:37.400+0000][993.433s][info ][safepoint     ] Entering safepoint region: ICBufferFull
[2023-10-01T16:57:37.401+0000][993.434s][info ][safepoint     ] Leaving safepoint region
[2023-10-01T16:57:37.402+0000][993.435s][info ][safepoint     ] Total time for which application threads were stopped: 0.0017116 seconds, Stopping threads took: 0.0006545 seconds
[2023-10-01T16:57:37.580+0000][993.613s][debug][safepoint     ] Safepoint synchronization initiated. (188 threads)
[2023-10-01T16:57:37.581+0000][993.614s][info ][safepoint     ] Application time: 0.1786367 seconds
[2023-10-01T16:57:37.582+0000][993.615s][debug][safepoint     ] Waiting for 1 thread(s) to block
[2023-10-01T16:57:37.583+0000][993.616s][info ][safepoint     ] Entering safepoint region: ICBufferFull
[2023-10-01T16:57:37.584+0000][993.617s][info ][safepoint     ] Leaving safepoint region
[2023-10-01T16:57:37.585+0000][993.618s][info ][safepoint     ] Total time for which application threads were stopped: 0.0026145 seconds, Stopping threads took: 0.0014547 seconds
[2023-10-01T16:57:38.106+0000][994.139s][debug][safepoint     ] Safepoint synchronization initiated. (188 threads)
[2023-10-01T16:57:38.108+0000][994.141s][info ][safepoint     ] Application time: 0.5226694 seconds
[2023-10-01T16:57:38.110+0000][994.143s][info ][safepoint     ] Entering safepoint region: ICBufferFull
[2023-10-01T16:57:38.111+0000][994.144s][info ][safepoint     ] Leaving safepoint region
[2023-10-01T16:57:38.112+0000][994.145s][info ][safepoint     ] Total time for which application threads were stopped: 0.0023191 seconds, Stopping threads took: 0.0010871 seconds
[2023-10-01T16:57:38.816+0000][994.849s][debug][safepoint     ] Safepoint synchronization initiated. (188 threads)
[2023-10-01T16:57:38.817+0000][994.850s][info ][safepoint     ] Application time: 0.7041121 seconds
[2023-10-01T16:57:38.817+0000][994.850s][info ][safepoint     ] Entering safepoint region: ICBufferFull
[2023-10-01T16:57:38.819+0000][994.852s][info ][safepoint     ] Leaving safepoint region
[2023-10-01T16:57:38.819+0000][994.852s][info ][safepoint     ] Total time for which application threads were stopped: 0.0018076 seconds, Stopping threads took: 0.0006885 seconds
[2023-10-01T16:57:38.972+0000][995.005s][debug][safepoint     ] Safepoint synchronization initiated. (188 threads)
[2023-10-01T16:57:38.973+0000][995.006s][info ][safepoint     ] Application time: 0.1532458 seconds
[2023-10-01T16:57:38.974+0000][995.007s][info ][safepoint     ] Entering safepoint region: Deoptimize
[2023-10-01T16:57:38.978+0000][995.011s][info ][safepoint     ] Leaving safepoint region
[2023-10-01T16:57:38.979+0000][995.012s][info ][safepoint     ] Total time for which application threads were stopped: 0.0056344 seconds, Stopping threads took: 0.0005981 seconds
[2023-10-01T16:57:39.557+0000][995.590s][debug][safepoint     ] Safepoint synchronization initiated. (188 threads)
[2023-10-01T16:57:39.558+0000][995.591s][info ][safepoint     ] Application time: 0.5779054 seconds
[2023-10-01T16:57:39.559+0000][995.592s][info ][safepoint     ] Entering safepoint region: G1CollectForAllocation
[2023-10-01T16:57:39.560+0000][995.593s][info ][gc,start      ] GC(74) Pause Young (Normal) (G1 Evacuation Pause)
[2023-10-01T16:57:39.562+0000][995.595s][info ][gc,task       ] GC(74) Using 8 workers of 8 for evacuation
[2023-10-01T16:57:39.610+0000][995.643s][info ][gc,phases     ] GC(74)   Pre Evacuate Collection Set: 0.1ms
[2023-10-01T16:57:39.611+0000][995.644s][info ][gc,phases     ] GC(74)   Evacuate Collection Set: 40.4ms
[2023-10-01T16:57:39.612+0000][995.645s][info ][gc,phases     ] GC(74)   Post Evacuate Collection Set: 7.2ms
[2023-10-01T16:57:39.612+0000][995.645s][info ][gc,phases     ] GC(74)   Other: 2.8ms
[2023-10-01T16:57:39.614+0000][995.647s][info ][gc,heap       ] GC(74) Eden regions: 170->0(158)
[2023-10-01T16:57:39.614+0000][995.647s][info ][gc,heap       ] GC(74) Survivor regions: 12->18(23)
[2023-10-01T16:57:39.615+0000][995.648s][info ][gc,heap       ] GC(74) Old regions: 151->151
[2023-10-01T16:57:39.615+0000][995.648s][info ][gc,heap       ] GC(74) Humongous regions: 0->0
[2023-10-01T16:57:39.616+0000][995.649s][info ][gc,metaspace  ] GC(74) Metaspace: 173962K(183376K)->173962K(183376K) NonClass: 154018K(160720K)->154018K(160720K) Class: 19944K(22656K)->19944K(22656K)
[2023-10-01T16:57:39.617+0000][995.650s][info ][gc            ] GC(74) Pause Young (Normal) (G1 Evacuation Pause) 331M->166M(384M) 56.954ms
[2023-10-01T16:57:39.618+0000][995.651s][info ][gc,cpu        ] GC(74) User=0.39s Sys=0.01s Real=0.06s
[2023-10-01T16:57:39.618+0000][995.651s][info ][safepoint     ] Leaving safepoint region
[2023-10-01T16:57:39.619+0000][995.652s][info ][safepoint     ] Total time for which application threads were stopped: 0.0601166 seconds, Stopping threads took: 0.0007986 seconds
[2023-10-01T16:57:39.619+0000][995.652s][info ][gc,stringdedup] Concurrent String Deduplication (995.652s)
[2023-10-01T16:57:39.621+0000][995.654s][info ][gc,stringdedup] Concurrent String Deduplication 31136.0B->10568.0B(20568.0B) avg 54.5% (995.652s, 995.654s) 1.277ms
[2023-10-01T16:57:40.096+0000][996.129s][debug][safepoint     ] Safepoint synchronization initiated. (188 threads)
[2023-10-01T16:57:40.097+0000][996.130s][info ][safepoint     ] Application time: 0.4777261 seconds
[2023-10-01T16:57:40.098+0000][996.131s][info ][safepoint     ] Entering safepoint region: CollectForMetadataAllocation
[2023-10-01T16:57:40.100+0000][996.133s][info ][gc,start      ] GC(75) Pause Young (Concurrent Start) (Metadata GC Threshold)
[2023-10-01T16:57:40.100+0000][996.133s][info ][gc,task       ] GC(75) Using 8 workers of 8 for evacuation
[2023-10-01T16:57:40.164+0000][996.197s][info ][gc,phases     ] GC(75)   Pre Evacuate Collection Set: 1.8ms
[2023-10-01T16:57:40.165+0000][996.198s][info ][gc,phases     ] GC(75)   Evacuate Collection Set: 55.2ms
[2023-10-01T16:57:40.166+0000][996.199s][info ][gc,phases     ] GC(75)   Post Evacuate Collection Set: 4.4ms
[2023-10-01T16:57:40.167+0000][996.200s][info ][gc,phases     ] GC(75)   Other: 2.8ms
[2023-10-01T16:57:40.167+0000][996.200s][info ][gc,heap       ] GC(75) Eden regions: 25->0(157)
[2023-10-01T16:57:40.168+0000][996.201s][info ][gc,heap       ] GC(75) Survivor regions: 18->13(22)
[2023-10-01T16:57:40.169+0000][996.202s][info ][gc,heap       ] GC(75) Old regions: 151->158
[2023-10-01T16:57:40.169+0000][996.202s][info ][gc,heap       ] GC(75) Humongous regions: 0->0
[2023-10-01T16:57:40.170+0000][996.203s][info ][gc,metaspace  ] GC(75) Metaspace: 175114K(185520K)->175114K(185520K) NonClass: 155025K(162736K)->155025K(162736K) Class: 20088K(22784K)->20088K(22784K)
[2023-10-01T16:57:40.171+0000][996.204s][info ][gc            ] GC(75) Pause Young (Concurrent Start) (Metadata GC Threshold) 191M->168M(384M) 71.080ms
[2023-10-01T16:57:40.171+0000][996.204s][info ][gc,cpu        ] GC(75) User=0.43s Sys=0.01s Real=0.07s
[2023-10-01T16:57:40.172+0000][996.205s][info ][safepoint     ] Leaving safepoint region
[2023-10-01T16:57:40.172+0000][996.205s][info ][safepoint     ] Total time for which application threads were stopped: 0.0742165 seconds, Stopping threads took: 0.0007363 seconds
[2023-10-01T16:57:40.172+0000][996.205s][info ][gc            ] GC(76) Concurrent Cycle
[2023-10-01T16:57:40.173+0000][996.206s][info ][gc,stringdedup] Concurrent String Deduplication (996.206s)
[2023-10-01T16:57:40.174+0000][996.207s][info ][gc,marking    ] GC(76) Concurrent Clear Claimed Marks
[2023-10-01T16:57:40.175+0000][996.208s][info ][gc,stringdedup] Concurrent String Deduplication 664.0B->376.0B(288.0B) avg 54.5% (996.206s, 996.208s) 1.825ms
[2023-10-01T16:57:40.177+0000][996.210s][info ][gc,marking    ] GC(76) Concurrent Clear Claimed Marks 3.315ms
[2023-10-01T16:57:40.178+0000][996.211s][info ][gc,marking    ] GC(76) Concurrent Scan Root Regions
[2023-10-01T16:57:40.213+0000][996.246s][info ][gc,marking    ] GC(76) Concurrent Scan Root Regions 35.044ms
[2023-10-01T16:57:40.214+0000][996.247s][info ][gc,marking    ] GC(76) Concurrent Mark (996.247s)
[2023-10-01T16:57:40.216+0000][996.249s][info ][gc,marking    ] GC(76) Concurrent Mark From Roots
[2023-10-01T16:57:40.217+0000][996.250s][info ][gc,task       ] GC(76) Using 2 workers of 2 for marking
[2023-10-01T16:57:40.377+0000][996.410s][debug][safepoint     ] Safepoint synchronization initiated. (188 threads)
[2023-10-01T16:57:40.378+0000][996.411s][info ][safepoint     ] Application time: 0.2047524 seconds
[2023-10-01T16:57:40.378+0000][996.411s][info ][safepoint     ] Entering safepoint region: CollectForMetadataAllocation
[2023-10-01T16:57:40.379+0000][996.412s][info ][safepoint     ] Leaving safepoint region
[2023-10-01T16:57:40.380+0000][996.413s][info ][safepoint     ] Total time for which application threads were stopped: 0.0016540 seconds, Stopping threads took: 0.0005911 seconds
[2023-10-01T16:57:40.578+0000][996.611s][debug][safepoint     ] Safepoint synchronization initiated. (188 threads)
[2023-10-01T16:57:40.580+0000][996.613s][info ][safepoint     ] Application time: 0.1996812 seconds
[2023-10-01T16:57:40.581+0000][996.614s][info ][safepoint     ] Entering safepoint region: CollectForMetadataAllocation
[2023-10-01T16:57:40.582+0000][996.615s][info ][safepoint     ] Leaving safepoint region
[2023-10-01T16:57:40.585+0000][996.618s][info ][safepoint     ] Total time for which application threads were stopped: 0.0036368 seconds, Stopping threads took: 0.0007032 seconds
[2023-10-01T16:57:40.653+0000][996.686s][debug][safepoint     ] Safepoint synchronization initiated. (188 threads)
[2023-10-01T16:57:40.654+0000][996.687s][info ][safepoint     ] Application time: 0.0629591 seconds
[2023-10-01T16:57:40.655+0000][996.688s][info ][safepoint     ] Entering safepoint region: CollectForMetadataAllocation
[2023-10-01T16:57:40.657+0000][996.690s][info ][safepoint     ] Leaving safepoint region
[2023-10-01T16:57:40.657+0000][996.690s][info ][safepoint     ] Total time for which application threads were stopped: 0.0026886 seconds, Stopping threads took: 0.0011735 seconds
[2023-10-01T16:57:40.875+0000][996.908s][debug][safepoint     ] Safepoint synchronization initiated. (188 threads)
[2023-10-01T16:57:40.876+0000][996.909s][info ][safepoint     ] Application time: 0.2178208 seconds
[2023-10-01T16:57:40.877+0000][996.910s][info ][safepoint     ] Entering safepoint region: CollectForMetadataAllocation
[2023-10-01T16:57:40.878+0000][996.911s][info ][safepoint     ] Leaving safepoint region
[2023-10-01T16:57:40.878+0000][996.911s][info ][safepoint     ] Total time for which application threads were stopped: 0.0018232 seconds, Stopping threads took: 0.0007312 seconds
[2023-10-01T16:57:40.940+0000][996.973s][debug][safepoint     ] Safepoint synchronization initiated. (188 threads)
[2023-10-01T16:57:40.941+0000][996.974s][info ][safepoint     ] Application time: 0.0620895 seconds
[2023-10-01T16:57:40.942+0000][996.975s][info ][safepoint     ] Entering safepoint region: CollectForMetadataAllocation
[2023-10-01T16:57:40.942+0000][996.975s][info ][safepoint     ] Leaving safepoint region
[2023-10-01T16:57:40.943+0000][996.976s][info ][safepoint     ] Total time for which application threads were stopped: 0.0014571 seconds, Stopping threads took: 0.0005431 seconds
[2023-10-01T16:57:41.032+0000][997.065s][info ][gc,marking    ] GC(76) Concurrent Mark From Roots 815.948ms
[2023-10-01T16:57:41.032+0000][997.065s][info ][gc,marking    ] GC(76) Concurrent Preclean
[2023-10-01T16:57:41.035+0000][997.068s][info ][gc,marking    ] GC(76) Concurrent Preclean 2.153ms
[2023-10-01T16:57:41.035+0000][997.068s][info ][gc,marking    ] GC(76) Concurrent Mark (996.247s, 997.068s) 821.229ms
[2023-10-01T16:57:41.036+0000][997.069s][debug][safepoint     ] Safepoint synchronization initiated. (188 threads)
[2023-10-01T16:57:41.037+0000][997.070s][info ][safepoint     ] Application time: 0.0932093 seconds
[2023-10-01T16:57:41.038+0000][997.072s][debug][safepoint     ] ... found polling page return exception at pc = 0x00007f51889a738f, stub =0x00007f5180840600
[2023-10-01T16:57:41.039+0000][997.072s][debug][safepoint     ] Waiting for 1 thread(s) to block
[2023-10-01T16:57:41.040+0000][997.073s][info ][safepoint     ] Entering safepoint region: CGC_Operation
[2023-10-01T16:57:41.040+0000][997.073s][info ][gc,start      ] GC(76) Pause Remark
[2023-10-01T16:57:41.237+0000][997.270s][info ][gc,stringtable] GC(76) Cleaned string and symbol table, strings: 83963 processed, 104 removed, symbols: 411327 processed, 246 removed
[2023-10-01T16:57:41.239+0000][997.272s][info ][gc            ] GC(76) Pause Remark 192M->192M(384M) 198.094ms
[2023-10-01T16:57:41.239+0000][997.272s][info ][gc,cpu        ] GC(76) User=1.38s Sys=0.01s Real=0.20s
[2023-10-01T16:57:41.240+0000][997.273s][info ][safepoint     ] Leaving safepoint region
[2023-10-01T16:57:41.240+0000][997.273s][info ][safepoint     ] Total time for which application threads were stopped: 0.2028155 seconds, Stopping threads took: 0.0026048 seconds
[2023-10-01T16:57:41.241+0000][997.274s][info ][gc,marking    ] GC(76) Concurrent Rebuild Remembered Sets
[2023-10-01T16:57:41.256+0000][997.289s][debug][safepoint     ] Safepoint synchronization initiated. (188 threads)
[2023-10-01T16:57:41.262+0000][997.295s][info ][safepoint     ] Application time: 0.0215765 seconds
[2023-10-01T16:57:41.263+0000][997.296s][info ][safepoint     ] Entering safepoint region: ICBufferFull
[2023-10-01T16:57:41.265+0000][997.298s][info ][safepoint     ] Leaving safepoint region
[2023-10-01T16:57:41.266+0000][997.299s][info ][safepoint     ] Total time for which application threads were stopped: 0.0024295 seconds, Stopping threads took: 0.0009542 seconds
[2023-10-01T16:57:41.546+0000][997.579s][info ][gc,marking    ] GC(76) Concurrent Rebuild Remembered Sets 305.510ms
[2023-10-01T16:57:41.547+0000][997.580s][debug][safepoint     ] Safepoint synchronization initiated. (188 threads)
[2023-10-01T16:57:41.548+0000][997.581s][info ][safepoint     ] Application time: 0.2816710 seconds
[2023-10-01T16:57:41.550+0000][997.583s][debug][safepoint     ] ... found polling page return exception at pc = 0x00007f51889f9dce, stub =0x00007f5180840600
[2023-10-01T16:57:41.550+0000][997.583s][debug][safepoint     ] Waiting for 1 thread(s) to block
[2023-10-01T16:57:41.552+0000][997.585s][info ][safepoint     ] Entering safepoint region: CGC_Operation
[2023-10-01T16:57:41.553+0000][997.586s][info ][gc,start      ] GC(76) Pause Cleanup
[2023-10-01T16:57:41.555+0000][997.588s][info ][gc            ] GC(76) Pause Cleanup 203M->203M(384M) 1.444ms
[2023-10-01T16:57:41.555+0000][997.588s][info ][gc,cpu        ] GC(76) User=0.00s Sys=0.01s Real=0.01s
[2023-10-01T16:57:41.556+0000][997.589s][info ][safepoint     ] Leaving safepoint region
[2023-10-01T16:57:41.557+0000][997.590s][info ][safepoint     ] Total time for which application threads were stopped: 0.0068607 seconds, Stopping threads took: 0.0030711 seconds
[2023-10-01T16:57:41.557+0000][997.590s][info ][gc,marking    ] GC(76) Concurrent Cleanup for Next Mark
[2023-10-01T16:57:41.569+0000][997.602s][info ][gc,marking    ] GC(76) Concurrent Cleanup for Next Mark 11.503ms
[2023-10-01T16:57:41.570+0000][997.603s][info ][gc            ] GC(76) Concurrent Cycle 1397.590ms
[2023-10-01T16:57:41.787+0000][997.820s][debug][safepoint     ] Safepoint synchronization initiated. (188 threads)
[2023-10-01T16:57:41.788+0000][997.821s][info ][safepoint     ] Application time: 0.2309351 seconds
[2023-10-01T16:57:41.789+0000][997.822s][info ][safepoint     ] Entering safepoint region: ICBufferFull
[2023-10-01T16:57:41.791+0000][997.824s][info ][safepoint     ] Leaving safepoint region
[2023-10-01T16:57:41.792+0000][997.825s][info ][safepoint     ] Total time for which application threads were stopped: 0.0028990 seconds, Stopping threads took: 0.0011205 seconds
[2023-10-01T16:57:42.084+0000][998.117s][debug][safepoint     ] Safepoint synchronization initiated. (188 threads)
[2023-10-01T16:57:42.085+0000][998.118s][info ][safepoint     ] Application time: 0.2922551 seconds
[2023-10-01T16:57:42.087+0000][998.120s][debug][safepoint     ] Waiting for 1 thread(s) to block
[2023-10-01T16:57:42.088+0000][998.121s][info ][safepoint     ] Entering safepoint region: ICBufferFull
[2023-10-01T16:57:42.090+0000][998.123s][info ][safepoint     ] Leaving safepoint region
[2023-10-01T16:57:42.091+0000][998.124s][info ][safepoint     ] Total time for which application threads were stopped: 0.0038704 seconds, Stopping threads took: 0.0020426 seconds
[2023-10-01T16:57:43.007+0000][999.040s][debug][safepoint     ] Safepoint synchronization initiated. (188 threads)
[2023-10-01T16:57:43.007+0000][999.041s][info ][safepoint     ] Application time: 0.9161219 seconds
[2023-10-01T16:57:43.008+0000][999.041s][debug][safepoint     ] Waiting for 1 thread(s) to block
[2023-10-01T16:57:43.008+0000][999.042s][info ][safepoint     ] Entering safepoint region: ICBufferFull
[2023-10-01T16:57:43.009+0000][999.043s][info ][safepoint     ] Leaving safepoint region
[2023-10-01T16:57:43.010+0000][999.043s][info ][safepoint     ] Total time for which application threads were stopped: 0.0018245 seconds, Stopping threads took: 0.0009541 seconds
[2023-10-01T16:57:44.010+0000][1000.044s][debug][safepoint     ] Safepoint synchronization initiated. (189 threads)
[2023-10-01T16:57:44.011+0000][1000.044s][info ][safepoint     ] Application time: 1.0008884 seconds
[2023-10-01T16:57:44.012+0000][1000.045s][info ][safepoint     ] Entering safepoint region: Cleanup
[2023-10-01T16:57:44.013+0000][1000.046s][info ][safepoint     ] Leaving safepoint region
[2023-10-01T16:57:44.013+0000][1000.046s][info ][safepoint     ] Total time for which application threads were stopped: 0.0016808 seconds, Stopping threads took: 0.0006383 seconds
[2023-10-01T16:57:45.014+0000][1001.047s][debug][safepoint     ] Safepoint synchronization initiated. (187 threads)
[2023-10-01T16:57:45.015+0000][1001.048s][info ][safepoint     ] Application time: 1.0011618 seconds
[2023-10-01T16:57:45.016+0000][1001.049s][info ][safepoint     ] Entering safepoint region: Cleanup
[2023-10-01T16:57:45.017+0000][1001.051s][info ][safepoint     ] Leaving safepoint region
[2023-10-01T16:57:45.018+0000][1001.051s][info ][safepoint     ] Total time for which application threads were stopped: 0.0022346 seconds, Stopping threads took: 0.0005816 seconds
[2023-10-01T16:57:51.020+0000][1007.053s][debug][safepoint     ] Safepoint synchronization initiated. (187 threads)
[2023-10-01T16:57:51.020+0000][1007.054s][info ][safepoint     ] Application time: 6.0018671 seconds
[2023-10-01T16:57:51.021+0000][1007.054s][info ][safepoint     ] Entering safepoint region: Cleanup
[2023-10-01T16:57:51.021+0000][1007.055s][info ][safepoint     ] Leaving safepoint region
[2023-10-01T16:57:51.022+0000][1007.055s][info ][safepoint     ] Total time for which application threads were stopped: 0.0011529 seconds, Stopping threads took: 0.0004638 seconds
[2023-10-01T16:58:02.748+0000][1018.782s][debug][safepoint     ] Safepoint synchronization initiated. (187 threads)
[2023-10-01T16:58:02.749+0000][1018.783s][info ][safepoint     ] Application time: 11.7270412 seconds
[2023-10-01T16:58:02.750+0000][1018.783s][info ][safepoint     ] Entering safepoint region: G1CollectForAllocation
[2023-10-01T16:58:02.751+0000][1018.784s][info ][gc,start      ] GC(77) Pause Young (Prepare Mixed) (G1 Evacuation Pause)
[2023-10-01T16:58:02.752+0000][1018.785s][info ][gc,task       ] GC(77) Using 8 workers of 8 for evacuation
[2023-10-01T16:58:02.795+0000][1018.828s][info ][gc,phases     ] GC(77)   Pre Evacuate Collection Set: 0.0ms
[2023-10-01T16:58:02.796+0000][1018.829s][info ][gc,phases     ] GC(77)   Evacuate Collection Set: 35.1ms
[2023-10-01T16:58:02.796+0000][1018.830s][info ][gc,phases     ] GC(77)   Post Evacuate Collection Set: 6.9ms
[2023-10-01T16:58:02.797+0000][1018.830s][info ][gc,phases     ] GC(77)   Other: 1.8ms
[2023-10-01T16:58:02.797+0000][1018.831s][info ][gc,heap       ] GC(77) Eden regions: 157->0(1)
[2023-10-01T16:58:02.798+0000][1018.831s][info ][gc,heap       ] GC(77) Survivor regions: 13->18(22)
[2023-10-01T16:58:02.799+0000][1018.832s][info ][gc,heap       ] GC(77) Old regions: 158->158
[2023-10-01T16:58:02.799+0000][1018.832s][info ][gc,heap       ] GC(77) Humongous regions: 0->0
[2023-10-01T16:58:02.800+0000][1018.833s][info ][gc,metaspace  ] GC(77) Metaspace: 179807K(194512K)->179807K(194512K) NonClass: 159267K(170960K)->159267K(170960K) Class: 20540K(23552K)->20540K(23552K)
[2023-10-01T16:58:02.800+0000][1018.834s][info ][gc            ] GC(77) Pause Young (Prepare Mixed) (G1 Evacuation Pause) 325M->173M(384M) 49.154ms
[2023-10-01T16:58:02.801+0000][1018.834s][info ][gc,cpu        ] GC(77) User=0.30s Sys=0.01s Real=0.05s
[2023-10-01T16:58:02.802+0000][1018.835s][info ][safepoint     ] Leaving safepoint region
[2023-10-01T16:58:02.802+0000][1018.835s][info ][safepoint     ] Total time for which application threads were stopped: 0.0520368 seconds, Stopping threads took: 0.0006069 seconds
[2023-10-01T16:58:02.803+0000][1018.836s][info ][gc,stringdedup] Concurrent String Deduplication (1018.836s)
[2023-10-01T16:58:02.807+0000][1018.840s][info ][gc,stringdedup] Concurrent String Deduplication 634.3K->508.9K(125.4K) avg 53.5% (1018.836s, 1018.840s) 3.647ms
[2023-10-01T16:58:03.559+0000][1019.593s][debug][safepoint     ] Safepoint synchronization initiated. (187 threads)
[2023-10-01T16:58:03.560+0000][1019.593s][info ][safepoint     ] Application time: 0.7572459 seconds
[2023-10-01T16:58:03.560+0000][1019.594s][info ][safepoint     ] Entering safepoint region: G1CollectForAllocation
[2023-10-01T16:58:03.561+0000][1019.594s][info ][gc,start      ] GC(78) Pause Young (Mixed) (G1 Evacuation Pause)
[2023-10-01T16:58:03.561+0000][1019.595s][info ][gc,task       ] GC(78) Using 8 workers of 8 for evacuation
[2023-10-01T16:58:03.628+0000][1019.662s][info ][gc,phases     ] GC(78)   Pre Evacuate Collection Set: 0.1ms
[2023-10-01T16:58:03.629+0000][1019.662s][info ][gc,phases     ] GC(78)   Evacuate Collection Set: 60.0ms
[2023-10-01T16:58:03.630+0000][1019.663s][info ][gc,phases     ] GC(78)   Post Evacuate Collection Set: 6.1ms
[2023-10-01T16:58:03.630+0000][1019.663s][info ][gc,phases     ] GC(78)   Other: 1.2ms
[2023-10-01T16:58:03.630+0000][1019.664s][info ][gc,heap       ] GC(78) Eden regions: 1->0(154)
[2023-10-01T16:58:03.631+0000][1019.664s][info ][gc,heap       ] GC(78) Survivor regions: 18->3(3)
[2023-10-01T16:58:03.631+0000][1019.665s][info ][gc,heap       ] GC(78) Old regions: 158->171
[2023-10-01T16:58:03.632+0000][1019.665s][info ][gc,heap       ] GC(78) Humongous regions: 0->0
[2023-10-01T16:58:03.632+0000][1019.665s][info ][gc,metaspace  ] GC(78) Metaspace: 179807K(194512K)->179807K(194512K) NonClass: 159267K(170960K)->159267K(170960K) Class: 20540K(23552K)->20540K(23552K)
[2023-10-01T16:58:03.633+0000][1019.666s][info ][gc            ] GC(78) Pause Young (Mixed) (G1 Evacuation Pause) 174M->171M(384M) 71.755ms
[2023-10-01T16:58:03.633+0000][1019.667s][info ][gc,cpu        ] GC(78) User=0.50s Sys=0.00s Real=0.07s
[2023-10-01T16:58:03.634+0000][1019.667s][info ][safepoint     ] Leaving safepoint region
[2023-10-01T16:58:03.635+0000][1019.668s][info ][safepoint     ] Total time for which application threads were stopped: 0.0747895 seconds, Stopping threads took: 0.0004243 seconds
[2023-10-01T16:58:03.636+0000][1019.669s][info ][gc,stringdedup] Concurrent String Deduplication (1019.669s)
[2023-10-01T16:58:03.641+0000][1019.674s][info ][gc,stringdedup] Concurrent String Deduplication 177.6K->59376.0B(119.6K) avg 53.6% (1019.669s, 1019.674s) 5.190ms
[2023-10-01T16:58:10.637+0000][1026.670s][debug][safepoint     ] Safepoint synchronization initiated. (187 threads)
[2023-10-01T16:58:10.638+0000][1026.671s][info ][safepoint     ] Application time: 7.0020808 seconds
[2023-10-01T16:58:10.639+0000][1026.672s][info ][safepoint     ] Entering safepoint region: Cleanup
[2023-10-01T16:58:10.639+0000][1026.673s][info ][safepoint     ] Leaving safepoint region
[2023-10-01T16:58:10.640+0000][1026.673s][info ][safepoint     ] Total time for which application threads were stopped: 0.0016406 seconds, Stopping threads took: 0.0006616 seconds
[2023-10-01T16:58:12.641+0000][1028.674s][debug][safepoint     ] Safepoint synchronization initiated. (188 threads)
[2023-10-01T16:58:12.642+0000][1028.675s][info ][safepoint     ] Application time: 2.0011225 seconds
[2023-10-01T16:58:12.642+0000][1028.676s][info ][safepoint     ] Entering safepoint region: Cleanup
[2023-10-01T16:58:12.643+0000][1028.677s][info ][safepoint     ] Leaving safepoint region
[2023-10-01T16:58:12.644+0000][1028.678s][info ][safepoint     ] Total time for which application threads were stopped: 0.0018301 seconds, Stopping threads took: 0.0006236 seconds
[2023-10-01T16:58:14.645+0000][1030.678s][debug][safepoint     ] Safepoint synchronization initiated. (187 threads)
[2023-10-01T16:58:14.646+0000][1030.679s][info ][safepoint     ] Application time: 2.0010041 seconds
[2023-10-01T16:58:14.646+0000][1030.680s][info ][safepoint     ] Entering safepoint region: Cleanup
[2023-10-01T16:58:14.647+0000][1030.681s][info ][safepoint     ] Leaving safepoint region
[2023-10-01T16:58:14.648+0000][1030.682s][info ][safepoint     ] Total time for which application threads were stopped: 0.0019269 seconds, Stopping threads took: 0.0007735 seconds
[2023-10-01T16:58:22.651+0000][1038.684s][debug][safepoint     ] Safepoint synchronization initiated. (187 threads)
[2023-10-01T16:58:22.651+0000][1038.685s][info ][safepoint     ] Application time: 8.0024571 seconds
[2023-10-01T16:58:22.652+0000][1038.685s][info ][safepoint     ] Entering safepoint region: Cleanup
[2023-10-01T16:58:22.653+0000][1038.686s][info ][safepoint     ] Leaving safepoint region
[2023-10-01T16:58:22.653+0000][1038.687s][info ][safepoint     ] Total time for which application threads were stopped: 0.0013693 seconds, Stopping threads took: 0.0005805 seconds
[2023-10-01T16:58:24.654+0000][1040.688s][debug][safepoint     ] Safepoint synchronization initiated. (187 threads)
[2023-10-01T16:58:24.655+0000][1040.688s][info ][safepoint     ] Application time: 2.0010392 seconds
[2023-10-01T16:58:24.655+0000][1040.689s][info ][safepoint     ] Entering safepoint region: Cleanup
[2023-10-01T16:58:24.656+0000][1040.690s][info ][safepoint     ] Leaving safepoint region
[2023-10-01T16:58:24.657+0000][1040.690s][info ][safepoint     ] Total time for which application threads were stopped: 0.0012425 seconds, Stopping threads took: 0.0004968 seconds
[2023-10-01T16:58:29.658+0000][1045.691s][debug][safepoint     ] Safepoint synchronization initiated. (187 threads)
[2023-10-01T16:58:29.659+0000][1045.692s][info ][safepoint     ] Application time: 5.0018029 seconds
[2023-10-01T16:58:29.660+0000][1045.693s][info ][safepoint     ] Entering safepoint region: Cleanup
[2023-10-01T16:58:29.660+0000][1045.694s][info ][safepoint     ] Leaving safepoint region
[2023-10-01T16:58:29.661+0000][1045.695s][info ][safepoint     ] Total time for which application threads were stopped: 0.0017492 seconds, Stopping threads took: 0.0007011 seconds
[2023-10-01T16:58:31.662+0000][1047.696s][debug][safepoint     ] Safepoint synchronization initiated. (187 threads)
[2023-10-01T16:58:31.663+0000][1047.696s][info ][safepoint     ] Application time: 2.0010352 seconds
[2023-10-01T16:58:31.664+0000][1047.697s][info ][safepoint     ] Entering safepoint region: Cleanup
[2023-10-01T16:58:31.664+0000][1047.698s][info ][safepoint     ] Leaving safepoint region
[2023-10-01T16:58:31.665+0000][1047.698s][info ][safepoint     ] Total time for which application threads were stopped: 0.0014690 seconds, Stopping threads took: 0.0005444 seconds
[2023-10-01T16:58:37.667+0000][1053.700s][debug][safepoint     ] Safepoint synchronization initiated. (186 threads)
[2023-10-01T16:58:37.667+0000][1053.701s][info ][safepoint     ] Application time: 6.0018976 seconds
[2023-10-01T16:58:37.668+0000][1053.701s][info ][safepoint     ] Entering safepoint region: Cleanup
[2023-10-01T16:58:37.669+0000][1053.702s][info ][safepoint     ] Leaving safepoint region
[2023-10-01T16:58:37.669+0000][1053.703s][info ][safepoint     ] Total time for which application threads were stopped: 0.0015134 seconds, Stopping threads took: 0.0006826 seconds
[2023-10-01T16:58:42.671+0000][1058.704s][debug][safepoint     ] Safepoint synchronization initiated. (186 threads)
[2023-10-01T16:58:42.672+0000][1058.705s][info ][safepoint     ] Application time: 5.0016664 seconds
[2023-10-01T16:58:42.672+0000][1058.706s][info ][safepoint     ] Entering safepoint region: Cleanup
[2023-10-01T16:58:42.673+0000][1058.706s][info ][safepoint     ] Leaving safepoint region
[2023-10-01T16:58:42.673+0000][1058.707s][info ][safepoint     ] Total time for which application threads were stopped: 0.0011868 seconds, Stopping threads took: 0.0004737 seconds
[2023-10-01T16:59:10.680+0000][1086.713s][debug][safepoint     ] Safepoint synchronization initiated. (185 threads)
[2023-10-01T16:59:10.680+0000][1086.714s][info ][safepoint     ] Application time: 28.0064949 seconds
[2023-10-01T16:59:10.681+0000][1086.715s][info ][safepoint     ] Entering safepoint region: Cleanup
[2023-10-01T16:59:10.682+0000][1086.716s][info ][safepoint     ] Leaving safepoint region
[2023-10-01T16:59:10.683+0000][1086.716s][info ][safepoint     ] Total time for which application threads were stopped: 0.0016539 seconds, Stopping threads took: 0.0007705 seconds
[2023-10-01T16:59:11.683+0000][1087.717s][debug][safepoint     ] Safepoint synchronization initiated. (185 threads)
[2023-10-01T16:59:11.684+0000][1087.718s][info ][safepoint     ] Application time: 1.0007652 seconds
[2023-10-01T16:59:11.685+0000][1087.718s][info ][safepoint     ] Entering safepoint region: Cleanup
[2023-10-01T16:59:11.685+0000][1087.719s][info ][safepoint     ] Leaving safepoint region
[2023-10-01T16:59:11.686+0000][1087.719s][info ][safepoint     ] Total time for which application threads were stopped: 0.0013419 seconds, Stopping threads took: 0.0005297 seconds
[2023-10-01T16:59:14.687+0000][1090.721s][debug][safepoint     ] Safepoint synchronization initiated. (184 threads)
[2023-10-01T16:59:14.688+0000][1090.721s][info ][safepoint     ] Application time: 3.0013641 seconds
[2023-10-01T16:59:14.689+0000][1090.722s][info ][safepoint     ] Entering safepoint region: Cleanup
[2023-10-01T16:59:14.690+0000][1090.723s][info ][safepoint     ] Leaving safepoint region
[2023-10-01T16:59:14.691+0000][1090.724s][info ][safepoint     ] Total time for which application threads were stopped: 0.0019521 seconds, Stopping threads took: 0.0007605 seconds
[2023-10-01T16:59:20.457+0000][1096.490s][debug][safepoint     ] Safepoint synchronization initiated. (185 threads)
[2023-10-01T16:59:20.457+0000][1096.491s][info ][safepoint     ] Application time: 5.7660879 seconds
[2023-10-01T16:59:20.458+0000][1096.492s][info ][safepoint     ] Entering safepoint region: ICBufferFull
[2023-10-01T16:59:20.459+0000][1096.493s][info ][safepoint     ] Leaving safepoint region
[2023-10-01T16:59:20.460+0000][1096.493s][info ][safepoint     ] Total time for which application threads were stopped: 0.0018419 seconds, Stopping threads took: 0.0004956 seconds
[2023-10-01T16:59:21.461+0000][1097.495s][debug][safepoint     ] Safepoint synchronization initiated. (194 threads)
[2023-10-01T16:59:21.462+0000][1097.496s][info ][safepoint     ] Application time: 1.0009399 seconds
[2023-10-01T16:59:21.463+0000][1097.496s][info ][safepoint     ] Entering safepoint region: Cleanup
[2023-10-01T16:59:21.464+0000][1097.497s][info ][safepoint     ] Leaving safepoint region
[2023-10-01T16:59:21.464+0000][1097.498s][info ][safepoint     ] Total time for which application threads were stopped: 0.0014177 seconds, Stopping threads took: 0.0005437 seconds
[2023-10-01T16:59:23.465+0000][1099.499s][debug][safepoint     ] Safepoint synchronization initiated. (193 threads)
[2023-10-01T16:59:23.466+0000][1099.499s][info ][safepoint     ] Application time: 2.0010596 seconds
[2023-10-01T16:59:23.466+0000][1099.500s][info ][safepoint     ] Entering safepoint region: Cleanup
[2023-10-01T16:59:23.467+0000][1099.501s][info ][safepoint     ] Leaving safepoint region
[2023-10-01T16:59:23.468+0000][1099.501s][info ][safepoint     ] Total time for which application threads were stopped: 0.0016357 seconds, Stopping threads took: 0.0008826 seconds
[2023-10-01T16:59:24.469+0000][1100.502s][debug][safepoint     ] Safepoint synchronization initiated. (193 threads)
[2023-10-01T16:59:24.470+0000][1100.504s][info ][safepoint     ] Application time: 1.0016586 seconds
[2023-10-01T16:59:24.471+0000][1100.504s][info ][safepoint     ] Entering safepoint region: Cleanup
[2023-10-01T16:59:24.472+0000][1100.505s][info ][safepoint     ] Leaving safepoint region
[2023-10-01T16:59:24.472+0000][1100.506s][info ][safepoint     ] Total time for which application threads were stopped: 0.0015886 seconds, Stopping threads took: 0.0007145 seconds
[2023-10-01T17:00:11.480+0000][1147.515s][debug][safepoint     ] Safepoint synchronization initiated. (193 threads)
[2023-10-01T17:00:11.481+0000][1147.516s][info ][safepoint     ] Application time: 47.0092561 seconds
[2023-10-01T17:00:11.482+0000][1147.516s][info ][safepoint     ] Entering safepoint region: Cleanup
[2023-10-01T17:00:11.483+0000][1147.517s][info ][safepoint     ] Leaving safepoint region
[2023-10-01T17:00:11.483+0000][1147.518s][info ][safepoint     ] Total time for which application threads were stopped: 0.0016911 seconds, Stopping threads took: 0.0007992 seconds
[2023-10-01T17:00:12.484+0000][1148.519s][debug][safepoint     ] Safepoint synchronization initiated. (193 threads)
[2023-10-01T17:00:12.485+0000][1148.520s][info ][safepoint     ] Application time: 1.0010885 seconds
[2023-10-01T17:00:12.486+0000][1148.520s][info ][safepoint     ] Entering safepoint region: Cleanup
[2023-10-01T17:00:12.487+0000][1148.522s][info ][safepoint     ] Leaving safepoint region
[2023-10-01T17:00:12.487+0000][1148.522s][info ][safepoint     ] Total time for which application threads were stopped: 0.0017199 seconds, Stopping threads took: 0.0007887 seconds
[2023-10-01T17:00:31.491+0000][1167.526s][debug][safepoint     ] Safepoint synchronization initiated. (190 threads)
[2023-10-01T17:00:31.492+0000][1167.527s][info ][safepoint     ] Application time: 19.0044231 seconds
[2023-10-01T17:00:31.493+0000][1167.528s][info ][safepoint     ] Entering safepoint region: Cleanup
[2023-10-01T17:00:31.494+0000][1167.529s][info ][safepoint     ] Leaving safepoint region
[2023-10-01T17:00:31.495+0000][1167.530s][info ][safepoint     ] Total time for which application threads were stopped: 0.0021381 seconds, Stopping threads took: 0.0011562 seconds
[2023-10-01T17:00:33.248+0000][1169.283s][debug][safepoint     ] Safepoint synchronization initiated. (190 threads)
[2023-10-01T17:00:33.249+0000][1169.283s][info ][safepoint     ] Application time: 1.7531543 seconds
[2023-10-01T17:00:33.250+0000][1169.285s][info ][safepoint     ] Entering safepoint region: G1CollectForAllocation
[2023-10-01T17:00:33.251+0000][1169.286s][info ][gc,start      ] GC(79) Pause Young (Concurrent Start) (G1 Evacuation Pause)
[2023-10-01T17:00:33.252+0000][1169.286s][info ][gc,task       ] GC(79) Using 8 workers of 8 for evacuation
[2023-10-01T17:00:33.286+0000][1169.321s][info ][gc,phases     ] GC(79)   Pre Evacuate Collection Set: 3.7ms
[2023-10-01T17:00:33.287+0000][1169.321s][info ][gc,phases     ] GC(79)   Evacuate Collection Set: 20.2ms
[2023-10-01T17:00:33.287+0000][1169.322s][info ][gc,phases     ] GC(79)   Post Evacuate Collection Set: 9.1ms
[2023-10-01T17:00:33.288+0000][1169.323s][info ][gc,phases     ] GC(79)   Other: 1.7ms
[2023-10-01T17:00:33.289+0000][1169.323s][info ][gc,heap       ] GC(79) Eden regions: 154->0(157)
[2023-10-01T17:00:33.289+0000][1169.324s][info ][gc,heap       ] GC(79) Survivor regions: 3->2(20)
[2023-10-01T17:00:33.289+0000][1169.324s][info ][gc,heap       ] GC(79) Old regions: 171->171
[2023-10-01T17:00:33.290+0000][1169.325s][info ][gc,heap       ] GC(79) Humongous regions: 0->0
[2023-10-01T17:00:33.290+0000][1169.325s][info ][gc,metaspace  ] GC(79) Metaspace: 180662K(195536K)->180662K(195536K) NonClass: 159976K(171728K)->159976K(171728K) Class: 20686K(23808K)->20686K(23808K)
[2023-10-01T17:00:33.291+0000][1169.325s][info ][gc            ] GC(79) Pause Young (Concurrent Start) (G1 Evacuation Pause) 325M->171M(384M) 39.535ms
[2023-10-01T17:00:33.291+0000][1169.326s][info ][gc,cpu        ] GC(79) User=0.21s Sys=0.00s Real=0.04s
[2023-10-01T17:00:33.292+0000][1169.326s][info ][gc            ] GC(80) Concurrent Cycle
[2023-10-01T17:00:33.292+0000][1169.326s][info ][safepoint     ] Leaving safepoint region
[2023-10-01T17:00:33.292+0000][1169.327s][info ][gc,marking    ] GC(80) Concurrent Clear Claimed Marks
[2023-10-01T17:00:33.293+0000][1169.327s][info ][safepoint     ] Total time for which application threads were stopped: 0.0424586 seconds, Stopping threads took: 0.0007086 seconds
[2023-10-01T17:00:33.295+0000][1169.330s][info ][gc,marking    ] GC(80) Concurrent Clear Claimed Marks 3.143ms
[2023-10-01T17:00:33.297+0000][1169.331s][info ][gc,marking    ] GC(80) Concurrent Scan Root Regions
[2023-10-01T17:00:33.302+0000][1169.337s][info ][gc,marking    ] GC(80) Concurrent Scan Root Regions 5.502ms
[2023-10-01T17:00:33.303+0000][1169.337s][info ][gc,marking    ] GC(80) Concurrent Mark (1169.337s)
[2023-10-01T17:00:33.303+0000][1169.338s][info ][gc,marking    ] GC(80) Concurrent Mark From Roots
[2023-10-01T17:00:33.303+0000][1169.338s][info ][gc,task       ] GC(80) Using 2 workers of 2 for marking
[2023-10-01T17:00:33.521+0000][1169.556s][info ][gc,marking    ] GC(80) Concurrent Mark From Roots 218.317ms
[2023-10-01T17:00:33.522+0000][1169.557s][info ][gc,marking    ] GC(80) Concurrent Preclean
[2023-10-01T17:00:33.524+0000][1169.559s][info ][gc,marking    ] GC(80) Concurrent Preclean 2.159ms
[2023-10-01T17:00:33.525+0000][1169.559s][info ][gc,marking    ] GC(80) Concurrent Mark (1169.337s, 1169.559s) 221.939ms
[2023-10-01T17:00:33.525+0000][1169.560s][debug][safepoint     ] Safepoint synchronization initiated. (190 threads)
[2023-10-01T17:00:33.525+0000][1169.560s][info ][safepoint     ] Application time: 0.2301315 seconds
[2023-10-01T17:00:33.526+0000][1169.560s][info ][safepoint     ] Entering safepoint region: CGC_Operation
[2023-10-01T17:00:33.526+0000][1169.561s][info ][gc,start      ] GC(80) Pause Remark
[2023-10-01T17:00:33.589+0000][1169.624s][info ][gc,stringtable] GC(80) Cleaned string and symbol table, strings: 85059 processed, 1031 removed, symbols: 413371 processed, 28 removed
[2023-10-01T17:00:33.595+0000][1169.629s][info ][gc            ] GC(80) Pause Remark 173M->173M(384M) 68.192ms
[2023-10-01T17:00:33.595+0000][1169.630s][info ][gc,cpu        ] GC(80) User=0.39s Sys=0.02s Real=0.07s
[2023-10-01T17:00:33.596+0000][1169.631s][debug][safepoint     ] ... found polling page loop exception at pc = 0x00007f51888c9c5d, stub =0x00007f5180843680
[2023-10-01T17:00:33.596+0000][1169.631s][info ][safepoint     ] Leaving safepoint region
[2023-10-01T17:00:33.597+0000][1169.632s][info ][safepoint     ] Total time for which application threads were stopped: 0.0712610 seconds, Stopping threads took: 0.0004506 seconds
[2023-10-01T17:00:33.598+0000][1169.632s][info ][gc,marking    ] GC(80) Concurrent Rebuild Remembered Sets
[2023-10-01T17:00:33.753+0000][1169.788s][info ][gc,marking    ] GC(80) Concurrent Rebuild Remembered Sets 155.015ms
[2023-10-01T17:00:33.754+0000][1169.788s][debug][safepoint     ] Safepoint synchronization initiated. (190 threads)
[2023-10-01T17:00:33.754+0000][1169.789s][info ][safepoint     ] Application time: 0.1563826 seconds
[2023-10-01T17:00:33.755+0000][1169.789s][info ][safepoint     ] Entering safepoint region: CGC_Operation
[2023-10-01T17:00:33.755+0000][1169.790s][info ][gc,start      ] GC(80) Pause Cleanup
[2023-10-01T17:00:33.756+0000][1169.791s][info ][gc            ] GC(80) Pause Cleanup 173M->173M(384M) 0.881ms
[2023-10-01T17:00:33.757+0000][1169.791s][info ][gc,cpu        ] GC(80) User=0.01s Sys=0.00s Real=0.00s
[2023-10-01T17:00:33.757+0000][1169.792s][info ][safepoint     ] Leaving safepoint region
[2023-10-01T17:00:33.757+0000][1169.792s][info ][safepoint     ] Total time for which application threads were stopped: 0.0029731 seconds, Stopping threads took: 0.0004769 seconds
[2023-10-01T17:00:33.758+0000][1169.793s][info ][gc,marking    ] GC(80) Concurrent Cleanup for Next Mark
[2023-10-01T17:00:33.764+0000][1169.799s][info ][gc,marking    ] GC(80) Concurrent Cleanup for Next Mark 5.934ms
[2023-10-01T17:00:33.765+0000][1169.799s][info ][gc            ] GC(80) Concurrent Cycle 473.066ms
[2023-10-01T17:00:34.758+0000][1170.793s][debug][safepoint     ] Safepoint synchronization initiated. (190 threads)
[2023-10-01T17:00:34.759+0000][1170.794s][info ][safepoint     ] Application time: 1.0009855 seconds
[2023-10-01T17:00:34.760+0000][1170.794s][info ][safepoint     ] Entering safepoint region: Cleanup
[2023-10-01T17:00:34.760+0000][1170.795s][info ][safepoint     ] Leaving safepoint region
[2023-10-01T17:00:34.761+0000][1170.796s][info ][safepoint     ] Total time for which application threads were stopped: 0.0013283 seconds, Stopping threads took: 0.0006150 seconds
[2023-10-01T17:00:37.762+0000][1173.797s][debug][safepoint     ] Safepoint synchronization initiated. (190 threads)
[2023-10-01T17:00:37.763+0000][1173.797s][info ][safepoint     ] Application time: 3.0013149 seconds
[2023-10-01T17:00:37.763+0000][1173.798s][info ][safepoint     ] Entering safepoint region: Cleanup
[2023-10-01T17:00:37.764+0000][1173.799s][info ][safepoint     ] Leaving safepoint region
[2023-10-01T17:00:37.764+0000][1173.799s][info ][safepoint     ] Total time for which application threads were stopped: 0.0012926 seconds, Stopping threads took: 0.0005448 seconds
[2023-10-01T17:00:40.766+0000][1176.800s][debug][safepoint     ] Safepoint synchronization initiated. (190 threads)
[2023-10-01T17:00:40.767+0000][1176.801s][info ][safepoint     ] Application time: 3.0016228 seconds
[2023-10-01T17:00:40.767+0000][1176.802s][info ][safepoint     ] Entering safepoint region: Cleanup
[2023-10-01T17:00:40.768+0000][1176.803s][info ][safepoint     ] Leaving safepoint region
[2023-10-01T17:00:40.769+0000][1176.804s][info ][safepoint     ] Total time for which application threads were stopped: 0.0015912 seconds, Stopping threads took: 0.0006839 seconds
[2023-10-01T17:00:42.770+0000][1178.805s][debug][safepoint     ] Safepoint synchronization initiated. (190 threads)
[2023-10-01T17:00:42.771+0000][1178.806s][info ][safepoint     ] Application time: 2.0011237 seconds
[2023-10-01T17:00:42.771+0000][1178.806s][info ][safepoint     ] Entering safepoint region: Cleanup
[2023-10-01T17:00:42.772+0000][1178.807s][info ][safepoint     ] Leaving safepoint region
[2023-10-01T17:00:42.772+0000][1178.807s][info ][safepoint     ] Total time for which application threads were stopped: 0.0010600 seconds, Stopping threads took: 0.0004413 seconds
[2023-10-01T17:00:44.773+0000][1180.808s][debug][safepoint     ] Safepoint synchronization initiated. (190 threads)
[2023-10-01T17:00:44.774+0000][1180.809s][info ][safepoint     ] Application time: 2.0010721 seconds
[2023-10-01T17:00:44.774+0000][1180.809s][info ][safepoint     ] Entering safepoint region: Cleanup
[2023-10-01T17:00:44.775+0000][1180.810s][info ][safepoint     ] Leaving safepoint region
[2023-10-01T17:00:44.776+0000][1180.811s][info ][safepoint     ] Total time for which application threads were stopped: 0.0013542 seconds, Stopping threads took: 0.0005637 seconds
[2023-10-01T17:00:49.777+0000][1185.812s][debug][safepoint     ] Safepoint synchronization initiated. (190 threads)
[2023-10-01T17:00:49.778+0000][1185.813s][info ][safepoint     ] Application time: 5.0016301 seconds
[2023-10-01T17:00:49.778+0000][1185.813s][info ][safepoint     ] Entering safepoint region: Cleanup
[2023-10-01T17:00:49.779+0000][1185.814s][info ][safepoint     ] Leaving safepoint region
[2023-10-01T17:00:49.780+0000][1185.815s][info ][safepoint     ] Total time for which application threads were stopped: 0.0014760 seconds, Stopping threads took: 0.0006518 seconds
[2023-10-01T17:00:50.781+0000][1186.816s][debug][safepoint     ] Safepoint synchronization initiated. (190 threads)
[2023-10-01T17:00:50.781+0000][1186.816s][info ][safepoint     ] Application time: 1.0008480 seconds
[2023-10-01T17:00:50.782+0000][1186.817s][info ][safepoint     ] Entering safepoint region: Cleanup
[2023-10-01T17:00:50.783+0000][1186.818s][info ][safepoint     ] Leaving safepoint region
[2023-10-01T17:00:50.783+0000][1186.818s][info ][safepoint     ] Total time for which application threads were stopped: 0.0014164 seconds, Stopping threads took: 0.0007788 seconds
[2023-10-01T17:01:09.787+0000][1205.822s][debug][safepoint     ] Safepoint synchronization initiated. (190 threads)
[2023-10-01T17:01:09.788+0000][1205.823s][info ][safepoint     ] Application time: 19.0037290 seconds
[2023-10-01T17:01:09.788+0000][1205.823s][info ][safepoint     ] Entering safepoint region: Cleanup
[2023-10-01T17:01:09.789+0000][1205.824s][info ][safepoint     ] Leaving safepoint region
[2023-10-01T17:01:09.790+0000][1205.825s][info ][safepoint     ] Total time for which application threads were stopped: 0.0017013 seconds, Stopping threads took: 0.0007634 seconds
[2023-10-01T17:01:10.791+0000][1206.826s][debug][safepoint     ] Safepoint synchronization initiated. (190 threads)
[2023-10-01T17:01:10.791+0000][1206.826s][info ][safepoint     ] Application time: 1.0008883 seconds
[2023-10-01T17:01:10.792+0000][1206.827s][info ][safepoint     ] Entering safepoint region: Cleanup
[2023-10-01T17:01:10.793+0000][1206.828s][info ][safepoint     ] Leaving safepoint region
[2023-10-01T17:01:10.793+0000][1206.828s][info ][safepoint     ] Total time for which application threads were stopped: 0.0013787 seconds, Stopping threads took: 0.0004926 seconds
[2023-10-01T17:01:14.794+0000][1210.829s][debug][safepoint     ] Safepoint synchronization initiated. (190 threads)
[2023-10-01T17:01:14.795+0000][1210.830s][info ][safepoint     ] Application time: 4.0011438 seconds
[2023-10-01T17:01:14.795+0000][1210.830s][info ][safepoint     ] Entering safepoint region: Cleanup
[2023-10-01T17:01:14.796+0000][1210.831s][info ][safepoint     ] Leaving safepoint region
[2023-10-01T17:01:14.797+0000][1210.832s][info ][safepoint     ] Total time for which application threads were stopped: 0.0014938 seconds, Stopping threads took: 0.0006739 seconds
[2023-10-01T17:01:17.798+0000][1213.833s][debug][safepoint     ] Safepoint synchronization initiated. (190 threads)
[2023-10-01T17:01:17.798+0000][1213.834s][info ][safepoint     ] Application time: 3.0012040 seconds
[2023-10-01T17:01:17.799+0000][1213.834s][info ][safepoint     ] Entering safepoint region: Cleanup
[2023-10-01T17:01:17.800+0000][1213.835s][info ][safepoint     ] Leaving safepoint region
[2023-10-01T17:01:17.800+0000][1213.835s][info ][safepoint     ] Total time for which application threads were stopped: 0.0012139 seconds, Stopping threads took: 0.0004964 seconds
[2023-10-01T17:01:31.803+0000][1227.838s][debug][safepoint     ] Safepoint synchronization initiated. (188 threads)
[2023-10-01T17:01:31.804+0000][1227.839s][info ][safepoint     ] Application time: 14.0036901 seconds
[2023-10-01T17:01:31.805+0000][1227.840s][info ][safepoint     ] Entering safepoint region: Cleanup
[2023-10-01T17:01:31.806+0000][1227.841s][info ][safepoint     ] Leaving safepoint region
[2023-10-01T17:01:31.806+0000][1227.841s][info ][safepoint     ] Total time for which application threads were stopped: 0.0013796 seconds, Stopping threads took: 0.0005559 seconds
[2023-10-01T17:01:42.809+0000][1238.844s][debug][safepoint     ] Safepoint synchronization initiated. (188 threads)
[2023-10-01T17:01:42.809+0000][1238.845s][info ][safepoint     ] Application time: 11.0029264 seconds
[2023-10-01T17:01:42.810+0000][1238.845s][info ][safepoint     ] Entering safepoint region: Cleanup
[2023-10-01T17:01:42.811+0000][1238.846s][info ][safepoint     ] Leaving safepoint region
[2023-10-01T17:01:42.812+0000][1238.847s][info ][safepoint     ] Total time for which application threads were stopped: 0.0016299 seconds, Stopping threads took: 0.0007435 seconds
[2023-10-01T17:01:44.812+0000][1240.848s][debug][safepoint     ] Safepoint synchronization initiated. (189 threads)
[2023-10-01T17:01:44.813+0000][1240.848s][info ][safepoint     ] Application time: 2.0008615 seconds
[2023-10-01T17:01:44.814+0000][1240.849s][info ][safepoint     ] Entering safepoint region: Cleanup
[2023-10-01T17:01:44.814+0000][1240.850s][info ][safepoint     ] Leaving safepoint region
[2023-10-01T17:01:44.815+0000][1240.850s][info ][safepoint     ] Total time for which application threads were stopped: 0.0014593 seconds, Stopping threads took: 0.0005113 seconds
[2023-10-01T17:01:50.816+0000][1246.852s][debug][safepoint     ] Safepoint synchronization initiated. (189 threads)
[2023-10-01T17:01:50.817+0000][1246.852s][info ][safepoint     ] Application time: 6.0016237 seconds
[2023-10-01T17:01:50.818+0000][1246.853s][info ][safepoint     ] Entering safepoint region: Cleanup
[2023-10-01T17:01:50.818+0000][1246.854s][info ][safepoint     ] Leaving safepoint region
[2023-10-01T17:01:50.819+0000][1246.854s][info ][safepoint     ] Total time for which application threads were stopped: 0.0012080 seconds, Stopping threads took: 0.0005670 seconds
[2023-10-01T17:01:54.820+0000][1250.855s][debug][safepoint     ] Safepoint synchronization initiated. (189 threads)
[2023-10-01T17:01:54.821+0000][1250.856s][info ][safepoint     ] Application time: 4.0016914 seconds
[2023-10-01T17:01:54.822+0000][1250.857s][info ][safepoint     ] Entering safepoint region: Cleanup
[2023-10-01T17:01:54.823+0000][1250.858s][info ][safepoint     ] Leaving safepoint region
[2023-10-01T17:01:54.823+0000][1250.858s][info ][safepoint     ] Total time for which application threads were stopped: 0.0012327 seconds, Stopping threads took: 0.0006182 seconds
[2023-10-01T17:02:02.825+0000][1258.860s][debug][safepoint     ] Safepoint synchronization initiated. (189 threads)
[2023-10-01T17:02:02.827+0000][1258.862s][info ][safepoint     ] Application time: 8.0029801 seconds
[2023-10-01T17:02:02.827+0000][1258.863s][info ][safepoint     ] Entering safepoint region: Cleanup
[2023-10-01T17:02:02.828+0000][1258.863s][info ][safepoint     ] Leaving safepoint region
[2023-10-01T17:02:02.828+0000][1258.864s][info ][safepoint     ] Total time for which application threads were stopped: 0.0011905 seconds, Stopping threads took: 0.0005661 seconds
[2023-10-01T17:02:44.836+0000][1300.872s][debug][safepoint     ] Safepoint synchronization initiated. (186 threads)
[2023-10-01T17:02:44.837+0000][1300.872s][info ][safepoint     ] Application time: 42.0083355 seconds
[2023-10-01T17:02:44.838+0000][1300.873s][info ][safepoint     ] Entering safepoint region: Cleanup
[2023-10-01T17:02:44.839+0000][1300.874s][info ][safepoint     ] Leaving safepoint region
[2023-10-01T17:02:44.839+0000][1300.875s][info ][safepoint     ] Total time for which application threads were stopped: 0.0015597 seconds, Stopping threads took: 0.0007947 seconds
[2023-10-01T17:03:11.844+0000][1327.879s][debug][safepoint     ] Safepoint synchronization initiated. (186 threads)
[2023-10-01T17:03:11.845+0000][1327.880s][info ][safepoint     ] Application time: 27.0050461 seconds
[2023-10-01T17:03:11.845+0000][1327.881s][info ][safepoint     ] Entering safepoint region: Cleanup
[2023-10-01T17:03:11.846+0000][1327.881s][info ][safepoint     ] Leaving safepoint region
[2023-10-01T17:03:11.847+0000][1327.882s][info ][safepoint     ] Total time for which application threads were stopped: 0.0013046 seconds, Stopping threads took: 0.0004685 seconds
[2023-10-01T17:03:14.847+0000][1330.883s][debug][safepoint     ] Safepoint synchronization initiated. (185 threads)
[2023-10-01T17:03:14.847+0000][1330.884s][info ][safepoint     ] Application time: 3.0013225 seconds
[2023-10-01T17:03:14.848+0000][1330.884s][info ][safepoint     ] Entering safepoint region: Cleanup
[2023-10-01T17:03:14.849+0000][1330.885s][info ][safepoint     ] Leaving safepoint region
[2023-10-01T17:03:14.849+0000][1330.886s][info ][safepoint     ] Total time for which application threads were stopped: 0.0014489 seconds, Stopping threads took: 0.0005829 seconds
[2023-10-01T17:03:28.128+0000][1344.164s][debug][safepoint     ] Safepoint synchronization initiated. (183 threads)
[2023-10-01T17:03:28.128+0000][1344.165s][info ][safepoint     ] Application time: 13.2783815 seconds
[2023-10-01T17:03:28.129+0000][1344.165s][info ][safepoint     ] Entering safepoint region: G1CollectForAllocation
[2023-10-01T17:03:28.130+0000][1344.166s][info ][gc,start      ] GC(81) Pause Young (Prepare Mixed) (G1 Evacuation Pause)
[2023-10-01T17:03:28.130+0000][1344.167s][info ][gc,task       ] GC(81) Using 8 workers of 8 for evacuation
[2023-10-01T17:03:28.143+0000][1344.179s][info ][gc,phases     ] GC(81)   Pre Evacuate Collection Set: 0.0ms
[2023-10-01T17:03:28.143+0000][1344.180s][info ][gc,phases     ] GC(81)   Evacuate Collection Set: 7.1ms
[2023-10-01T17:03:28.144+0000][1344.180s][info ][gc,phases     ] GC(81)   Post Evacuate Collection Set: 4.2ms
[2023-10-01T17:03:28.144+0000][1344.181s][info ][gc,phases     ] GC(81)   Other: 1.5ms
[2023-10-01T17:03:28.145+0000][1344.181s][info ][gc,heap       ] GC(81) Eden regions: 157->0(17)
[2023-10-01T17:03:28.145+0000][1344.182s][info ][gc,heap       ] GC(81) Survivor regions: 2->2(20)
[2023-10-01T17:03:28.146+0000][1344.182s][info ][gc,heap       ] GC(81) Old regions: 171->171
[2023-10-01T17:03:28.146+0000][1344.183s][info ][gc,heap       ] GC(81) Humongous regions: 0->0
[2023-10-01T17:03:28.147+0000][1344.183s][info ][gc,metaspace  ] GC(81) Metaspace: 177329K(195536K)->177329K(195536K) NonClass: 156916K(171728K)->156916K(171728K) Class: 20413K(23808K)->20413K(23808K)
[2023-10-01T17:03:28.148+0000][1344.184s][info ][gc            ] GC(81) Pause Young (Prepare Mixed) (G1 Evacuation Pause) 328M->170M(384M) 17.699ms
[2023-10-01T17:03:28.148+0000][1344.184s][info ][gc,cpu        ] GC(81) User=0.08s Sys=0.00s Real=0.02s
[2023-10-01T17:03:28.149+0000][1344.185s][info ][safepoint     ] Leaving safepoint region
[2023-10-01T17:03:28.149+0000][1344.185s][info ][safepoint     ] Total time for which application threads were stopped: 0.0202244 seconds, Stopping threads took: 0.0005754 seconds
[2023-10-01T17:03:29.150+0000][1345.186s][debug][safepoint     ] Safepoint synchronization initiated. (183 threads)
[2023-10-01T17:03:29.151+0000][1345.187s][info ][safepoint     ] Application time: 1.0007299 seconds
[2023-10-01T17:03:29.151+0000][1345.187s][info ][safepoint     ] Entering safepoint region: Cleanup
[2023-10-01T17:03:29.152+0000][1345.188s][info ][safepoint     ] Leaving safepoint region
[2023-10-01T17:03:29.152+0000][1345.188s][info ][safepoint     ] Total time for which application threads were stopped: 0.0010966 seconds, Stopping threads took: 0.0003969 seconds
[2023-10-01T17:03:31.153+0000][1347.189s][debug][safepoint     ] Safepoint synchronization initiated. (183 threads)
[2023-10-01T17:03:31.153+0000][1347.189s][info ][safepoint     ] Application time: 2.0007876 seconds
[2023-10-01T17:03:31.154+0000][1347.190s][info ][safepoint     ] Entering safepoint region: Cleanup
[2023-10-01T17:03:31.154+0000][1347.191s][info ][safepoint     ] Leaving safepoint region
[2023-10-01T17:03:31.155+0000][1347.191s][info ][safepoint     ] Total time for which application threads were stopped: 0.0014353 seconds, Stopping threads took: 0.0005510 seconds
[2023-10-01T17:03:45.917+0000][1361.952s][debug][safepoint     ] Safepoint synchronization initiated. (183 threads)
[2023-10-01T17:03:45.918+0000][1361.953s][info ][safepoint     ] Application time: 14.7612178 seconds
[2023-10-01T17:03:45.918+0000][1361.954s][info ][safepoint     ] Entering safepoint region: G1CollectForAllocation
[2023-10-01T17:03:45.919+0000][1361.954s][info ][gc,start      ] GC(82) Pause Young (Mixed) (G1 Evacuation Pause)
[2023-10-01T17:03:45.920+0000][1361.955s][info ][gc,task       ] GC(82) Using 8 workers of 8 for evacuation
[2023-10-01T17:03:45.941+0000][1361.976s][info ][gc,phases     ] GC(82)   Pre Evacuate Collection Set: 0.3ms
[2023-10-01T17:03:45.942+0000][1361.977s][info ][gc,phases     ] GC(82)   Evacuate Collection Set: 15.5ms
[2023-10-01T17:03:45.942+0000][1361.978s][info ][gc,phases     ] GC(82)   Post Evacuate Collection Set: 4.7ms
[2023-10-01T17:03:45.943+0000][1361.978s][info ][gc,phases     ] GC(82)   Other: 1.4ms
[2023-10-01T17:03:45.943+0000][1361.979s][info ][gc,heap       ] GC(82) Eden regions: 17->0(161)
[2023-10-01T17:03:45.944+0000][1361.979s][info ][gc,heap       ] GC(82) Survivor regions: 2->2(3)
[2023-10-01T17:03:45.944+0000][1361.980s][info ][gc,heap       ] GC(82) Old regions: 171->169
[2023-10-01T17:03:45.945+0000][1361.980s][info ][gc,heap       ] GC(82) Humongous regions: 0->0
[2023-10-01T17:03:45.945+0000][1361.980s][info ][gc,metaspace  ] GC(82) Metaspace: 177329K(195536K)->177329K(195536K) NonClass: 156916K(171728K)->156916K(171728K) Class: 20413K(23808K)->20413K(23808K)
[2023-10-01T17:03:45.946+0000][1361.981s][info ][gc            ] GC(82) Pause Young (Mixed) (G1 Evacuation Pause) 187M->168M(384M) 26.581ms
[2023-10-01T17:03:45.946+0000][1361.982s][info ][gc,cpu        ] GC(82) User=0.15s Sys=0.00s Real=0.03s
[2023-10-01T17:03:45.947+0000][1361.982s][info ][safepoint     ] Leaving safepoint region
[2023-10-01T17:03:45.947+0000][1361.983s][info ][safepoint     ] Total time for which application threads were stopped: 0.0289353 seconds, Stopping threads took: 0.0006005 seconds
[2023-10-01T17:03:45.948+0000][1361.983s][info ][gc,stringdedup] Concurrent String Deduplication (1361.983s)
[2023-10-01T17:03:45.949+0000][1361.984s][info ][gc,stringdedup] Concurrent String Deduplication 45360.0B->24128.0B(21232.0B) avg 53.6% (1361.983s, 1361.984s) 1.012ms
[2023-10-01T17:03:58.439+0000][1374.475s][debug][safepoint     ] Safepoint synchronization initiated. (183 threads)
[2023-10-01T17:03:58.440+0000][1374.475s][info ][safepoint     ] Application time: 12.4921508 seconds
[2023-10-01T17:03:58.440+0000][1374.476s][info ][safepoint     ] Entering safepoint region: Deoptimize
[2023-10-01T17:03:58.460+0000][1374.495s][info ][safepoint     ] Leaving safepoint region
[2023-10-01T17:03:58.461+0000][1374.496s][info ][safepoint     ] Total time for which application threads were stopped: 0.0203810 seconds, Stopping threads took: 0.0005264 seconds
[2023-10-01T17:04:10.463+0000][1386.498s][debug][safepoint     ] Safepoint synchronization initiated. (183 threads)
[2023-10-01T17:04:10.464+0000][1386.499s][info ][safepoint     ] Application time: 12.0024276 seconds
[2023-10-01T17:04:10.464+0000][1386.499s][info ][safepoint     ] Entering safepoint region: Cleanup
[2023-10-01T17:04:10.465+0000][1386.500s][info ][safepoint     ] Leaving safepoint region
[2023-10-01T17:04:10.465+0000][1386.501s][info ][safepoint     ] Total time for which application threads were stopped: 0.0011809 seconds, Stopping threads took: 0.0005317 seconds
[2023-10-01T17:04:11.466+0000][1387.501s][debug][safepoint     ] Safepoint synchronization initiated. (183 threads)
[2023-10-01T17:04:11.467+0000][1387.502s][info ][safepoint     ] Application time: 1.0009328 seconds
[2023-10-01T17:04:11.467+0000][1387.503s][info ][safepoint     ] Entering safepoint region: Cleanup
[2023-10-01T17:04:11.468+0000][1387.503s][info ][safepoint     ] Leaving safepoint region
[2023-10-01T17:04:11.469+0000][1387.504s][info ][safepoint     ] Total time for which application threads were stopped: 0.0013457 seconds, Stopping threads took: 0.0005891 seconds
[2023-10-01T17:04:14.470+0000][1390.505s][debug][safepoint     ] Safepoint synchronization initiated. (182 threads)
[2023-10-01T17:04:14.471+0000][1390.506s][info ][safepoint     ] Application time: 3.0012980 seconds
[2023-10-01T17:04:14.471+0000][1390.506s][info ][safepoint     ] Entering safepoint region: Cleanup
[2023-10-01T17:04:14.472+0000][1390.508s][info ][safepoint     ] Leaving safepoint region
[2023-10-01T17:04:14.473+0000][1390.508s][info ][safepoint     ] Total time for which application threads were stopped: 0.0018020 seconds, Stopping threads took: 0.0008667 seconds
[2023-10-01T17:04:35.234+0000][1411.269s][debug][safepoint     ] Safepoint synchronization initiated. (180 threads)
[2023-10-01T17:04:35.234+0000][1411.269s][info ][safepoint     ] Application time: 20.7609142 seconds
[2023-10-01T17:04:35.235+0000][1411.270s][info ][safepoint     ] Entering safepoint region: ICBufferFull
[2023-10-01T17:04:35.236+0000][1411.271s][info ][safepoint     ] Leaving safepoint region
[2023-10-01T17:04:35.236+0000][1411.271s][info ][safepoint     ] Total time for which application threads were stopped: 0.0015786 seconds, Stopping threads took: 0.0005401 seconds
[2023-10-01T17:04:35.349+0000][1411.384s][debug][safepoint     ] Safepoint synchronization initiated. (182 threads)
[2023-10-01T17:04:35.350+0000][1411.385s][info ][safepoint     ] Application time: 0.1128886 seconds
[2023-10-01T17:04:35.350+0000][1411.385s][debug][safepoint     ] ... found polling page return exception at pc = 0x00007f5188fb57b4, stub =0x00007f5180840600
[2023-10-01T17:04:35.353+0000][1411.388s][debug][safepoint     ] Waiting for 1 thread(s) to block
[2023-10-01T17:04:35.354+0000][1411.389s][info ][safepoint     ] Entering safepoint region: Deoptimize
[2023-10-01T17:04:35.367+0000][1411.402s][info ][safepoint     ] Leaving safepoint region
[2023-10-01T17:04:35.368+0000][1411.404s][info ][safepoint     ] Total time for which application threads were stopped: 0.0182464 seconds, Stopping threads took: 0.0039486 seconds
[2023-10-01T17:04:36.369+0000][1412.404s][debug][safepoint     ] Safepoint synchronization initiated. (183 threads)
[2023-10-01T17:04:36.370+0000][1412.405s][info ][safepoint     ] Application time: 1.0009639 seconds
[2023-10-01T17:04:36.371+0000][1412.406s][info ][safepoint     ] Entering safepoint region: Cleanup
[2023-10-01T17:04:36.371+0000][1412.407s][info ][safepoint     ] Leaving safepoint region
[2023-10-01T17:04:36.372+0000][1412.407s][info ][safepoint     ] Total time for which application threads were stopped: 0.0010987 seconds, Stopping threads took: 0.0005155 seconds
[2023-10-01T17:04:39.373+0000][1415.408s][debug][safepoint     ] Safepoint synchronization initiated. (182 threads)
[2023-10-01T17:04:39.373+0000][1415.408s][info ][safepoint     ] Application time: 3.0011894 seconds
[2023-10-01T17:04:39.374+0000][1415.409s][info ][safepoint     ] Entering safepoint region: Cleanup
[2023-10-01T17:04:39.375+0000][1415.410s][info ][safepoint     ] Leaving safepoint region
[2023-10-01T17:04:39.375+0000][1415.411s][info ][safepoint     ] Total time for which application threads were stopped: 0.0015082 seconds, Stopping threads took: 0.0006263 seconds
[2023-10-01T17:04:43.377+0000][1419.412s][debug][safepoint     ] Safepoint synchronization initiated. (182 threads)
[2023-10-01T17:04:43.377+0000][1419.413s][info ][safepoint     ] Application time: 4.0013298 seconds
[2023-10-01T17:04:43.378+0000][1419.413s][info ][safepoint     ] Entering safepoint region: Cleanup
[2023-10-01T17:04:43.379+0000][1419.414s][info ][safepoint     ] Leaving safepoint region
[2023-10-01T17:04:43.379+0000][1419.414s][info ][safepoint     ] Total time for which application threads were stopped: 0.0011190 seconds, Stopping threads took: 0.0004695 seconds
[2023-10-01T17:05:04.383+0000][1440.418s][debug][safepoint     ] Safepoint synchronization initiated. (185 threads)
[2023-10-01T17:05:04.386+0000][1440.421s][info ][safepoint     ] Application time: 21.0062160 seconds
[2023-10-01T17:05:04.387+0000][1440.423s][info ][safepoint     ] Entering safepoint region: Cleanup
[2023-10-01T17:05:04.389+0000][1440.424s][info ][safepoint     ] Leaving safepoint region
[2023-10-01T17:05:04.389+0000][1440.424s][debug][safepoint     ] ... found polling page return exception at pc = 0x00007f518923a9c4, stub =0x00007f5180840600
[2023-10-01T17:05:04.391+0000][1440.426s][info ][safepoint     ] Total time for which application threads were stopped: 0.0038131 seconds, Stopping threads took: 0.0017081 seconds
[2023-10-01T17:05:06.393+0000][1442.428s][debug][safepoint     ] Safepoint synchronization initiated. (184 threads)
[2023-10-01T17:05:06.393+0000][1442.428s][info ][safepoint     ] Application time: 2.0010940 seconds
[2023-10-01T17:05:06.394+0000][1442.429s][info ][safepoint     ] Entering safepoint region: Cleanup
[2023-10-01T17:05:06.395+0000][1442.430s][info ][safepoint     ] Leaving safepoint region
[2023-10-01T17:05:06.395+0000][1442.430s][info ][safepoint     ] Total time for which application threads were stopped: 0.0014456 seconds, Stopping threads took: 0.0006043 seconds
[2023-10-01T17:05:07.396+0000][1443.431s][debug][safepoint     ] Safepoint synchronization initiated. (183 threads)
[2023-10-01T17:05:07.397+0000][1443.432s][info ][safepoint     ] Application time: 1.0007768 seconds
[2023-10-01T17:05:07.397+0000][1443.432s][debug][safepoint     ] ... found polling page loop exception at pc = 0x00007f5188380e2a, stub =0x00007f5180843680
[2023-10-01T17:05:07.398+0000][1443.433s][debug][safepoint     ] Waiting for 1 thread(s) to block
[2023-10-01T17:05:07.398+0000][1443.433s][info ][safepoint     ] Entering safepoint region: Cleanup
[2023-10-01T17:05:07.399+0000][1443.434s][info ][safepoint     ] Leaving safepoint region
[2023-10-01T17:05:07.399+0000][1443.434s][info ][safepoint     ] Total time for which application threads were stopped: 0.0022411 seconds, Stopping threads took: 0.0014282 seconds
[2023-10-01T17:05:08.400+0000][1444.435s][debug][safepoint     ] Safepoint synchronization initiated. (183 threads)
[2023-10-01T17:05:08.401+0000][1444.436s][info ][safepoint     ] Application time: 1.0008087 seconds
[2023-10-01T17:05:08.401+0000][1444.436s][info ][safepoint     ] Entering safepoint region: Cleanup
[2023-10-01T17:05:08.402+0000][1444.437s][info ][safepoint     ] Leaving safepoint region
[2023-10-01T17:05:08.402+0000][1444.437s][info ][safepoint     ] Total time for which application threads were stopped: 0.0011863 seconds, Stopping threads took: 0.0004260 seconds
[2023-10-01T17:05:11.403+0000][1447.438s][debug][safepoint     ] Safepoint synchronization initiated. (183 threads)
[2023-10-01T17:05:11.404+0000][1447.439s][info ][safepoint     ] Application time: 3.0012686 seconds
[2023-10-01T17:05:11.404+0000][1447.440s][info ][safepoint     ] Entering safepoint region: Cleanup
[2023-10-01T17:05:11.405+0000][1447.440s][info ][safepoint     ] Leaving safepoint region
[2023-10-01T17:05:11.405+0000][1447.441s][info ][safepoint     ] Total time for which application threads were stopped: 0.0011016 seconds, Stopping threads took: 0.0004821 seconds
[2023-10-01T17:05:12.406+0000][1448.441s][debug][safepoint     ] Safepoint synchronization initiated. (183 threads)
[2023-10-01T17:05:12.407+0000][1448.442s][info ][safepoint     ] Application time: 1.0007000 seconds
[2023-10-01T17:05:12.407+0000][1448.442s][info ][safepoint     ] Entering safepoint region: Cleanup
[2023-10-01T17:05:12.408+0000][1448.443s][info ][safepoint     ] Leaving safepoint region
[2023-10-01T17:05:12.408+0000][1448.443s][info ][safepoint     ] Total time for which application threads were stopped: 0.0011950 seconds, Stopping threads took: 0.0004593 seconds
[2023-10-01T17:05:16.409+0000][1452.444s][debug][safepoint     ] Safepoint synchronization initiated. (183 threads)
[2023-10-01T17:05:16.410+0000][1452.445s][info ][safepoint     ] Application time: 4.0014013 seconds
[2023-10-01T17:05:16.411+0000][1452.446s][info ][safepoint     ] Entering safepoint region: Cleanup
[2023-10-01T17:05:16.411+0000][1452.447s][info ][safepoint     ] Leaving safepoint region
[2023-10-01T17:05:16.412+0000][1452.447s][info ][safepoint     ] Total time for which application threads were stopped: 0.0015370 seconds, Stopping threads took: 0.0006541 seconds
[2023-10-01T17:05:20.413+0000][1456.448s][debug][safepoint     ] Safepoint synchronization initiated. (183 threads)
[2023-10-01T17:05:20.414+0000][1456.449s][info ][safepoint     ] Application time: 4.0012235 seconds
[2023-10-01T17:05:20.415+0000][1456.450s][info ][safepoint     ] Entering safepoint region: Cleanup
[2023-10-01T17:05:20.416+0000][1456.451s][info ][safepoint     ] Leaving safepoint region
[2023-10-01T17:05:20.416+0000][1456.451s][info ][safepoint     ] Total time for which application threads were stopped: 0.0014161 seconds, Stopping threads took: 0.0006137 seconds
[2023-10-01T17:05:30.418+0000][1466.453s][debug][safepoint     ] Safepoint synchronization initiated. (183 threads)
[2023-10-01T17:05:30.419+0000][1466.454s][info ][safepoint     ] Application time: 10.0019640 seconds
[2023-10-01T17:05:30.419+0000][1466.454s][info ][safepoint     ] Entering safepoint region: Cleanup
[2023-10-01T17:05:30.420+0000][1466.455s][info ][safepoint     ] Leaving safepoint region
[2023-10-01T17:05:30.421+0000][1466.456s][info ][safepoint     ] Total time for which application threads were stopped: 0.0015706 seconds, Stopping threads took: 0.0006057 seconds
[2023-10-01T17:05:31.422+0000][1467.457s][debug][safepoint     ] Safepoint synchronization initiated. (183 threads)
[2023-10-01T17:05:31.422+0000][1467.457s][info ][safepoint     ] Application time: 1.0007244 seconds
[2023-10-01T17:05:31.423+0000][1467.458s][info ][safepoint     ] Entering safepoint region: Cleanup
[2023-10-01T17:05:31.424+0000][1467.459s][info ][safepoint     ] Leaving safepoint region
[2023-10-01T17:05:31.424+0000][1467.459s][info ][safepoint     ] Total time for which application threads were stopped: 0.0014788 seconds, Stopping threads took: 0.0006002 seconds
[2023-10-01T17:05:35.992+0000][1472.027s][debug][safepoint     ] Safepoint synchronization initiated. (183 threads)
[2023-10-01T17:05:35.993+0000][1472.028s][info ][safepoint     ] Application time: 4.5678183 seconds
[2023-10-01T17:05:35.993+0000][1472.028s][info ][safepoint     ] Entering safepoint region: G1CollectForAllocation
[2023-10-01T17:05:35.994+0000][1472.029s][info ][gc,start      ] GC(83) Pause Young (Normal) (G1 Evacuation Pause)
[2023-10-01T17:05:35.995+0000][1472.030s][info ][gc,task       ] GC(83) Using 8 workers of 8 for evacuation
[2023-10-01T17:05:36.016+0000][1472.051s][info ][gc,phases     ] GC(83)   Pre Evacuate Collection Set: 0.2ms
[2023-10-01T17:05:36.017+0000][1472.052s][info ][gc,phases     ] GC(83)   Evacuate Collection Set: 16.1ms
[2023-10-01T17:05:36.018+0000][1472.053s][info ][gc,phases     ] GC(83)   Post Evacuate Collection Set: 4.3ms
[2023-10-01T17:05:36.018+0000][1472.053s][info ][gc,phases     ] GC(83)   Other: 1.2ms
[2023-10-01T17:05:36.019+0000][1472.054s][info ][gc,heap       ] GC(83) Eden regions: 161->0(161)
[2023-10-01T17:05:36.019+0000][1472.054s][info ][gc,heap       ] GC(83) Survivor regions: 2->3(21)
[2023-10-01T17:05:36.020+0000][1472.055s][info ][gc,heap       ] GC(83) Old regions: 169->169
[2023-10-01T17:05:36.020+0000][1472.055s][info ][gc,heap       ] GC(83) Humongous regions: 0->0
[2023-10-01T17:05:36.020+0000][1472.056s][info ][gc,metaspace  ] GC(83) Metaspace: 177988K(195536K)->177988K(195536K) NonClass: 157557K(171728K)->157557K(171728K) Class: 20430K(23808K)->20430K(23808K)
[2023-10-01T17:05:36.021+0000][1472.056s][info ][gc            ] GC(83) Pause Young (Normal) (G1 Evacuation Pause) 329M->169M(384M) 26.781ms
[2023-10-01T17:05:36.021+0000][1472.057s][info ][gc,cpu        ] GC(83) User=0.14s Sys=0.00s Real=0.02s
[2023-10-01T17:05:36.022+0000][1472.057s][info ][safepoint     ] Leaving safepoint region
[2023-10-01T17:05:36.022+0000][1472.058s][info ][safepoint     ] Total time for which application threads were stopped: 0.0291676 seconds, Stopping threads took: 0.0005805 seconds
[2023-10-01T17:05:36.023+0000][1472.058s][info ][gc,stringdedup] Concurrent String Deduplication (1472.058s)
[2023-10-01T17:05:36.024+0000][1472.059s][info ][gc,stringdedup] Concurrent String Deduplication 2480.0B->720.0B(1760.0B) avg 53.6% (1472.058s, 1472.059s) 0.624ms
[2023-10-01T17:05:37.023+0000][1473.058s][debug][safepoint     ] Safepoint synchronization initiated. (183 threads)
[2023-10-01T17:05:37.024+0000][1473.059s][info ][safepoint     ] Application time: 1.0008075 seconds
[2023-10-01T17:05:37.024+0000][1473.059s][info ][safepoint     ] Entering safepoint region: Cleanup
[2023-10-01T17:05:37.025+0000][1473.060s][info ][safepoint     ] Leaving safepoint region
[2023-10-01T17:05:37.025+0000][1473.061s][info ][safepoint     ] Total time for which application threads were stopped: 0.0011713 seconds, Stopping threads took: 0.0005736 seconds
[2023-10-01T17:06:12.032+0000][1508.067s][debug][safepoint     ] Safepoint synchronization initiated. (181 threads)
[2023-10-01T17:06:12.033+0000][1508.068s][info ][safepoint     ] Application time: 35.0067137 seconds
[2023-10-01T17:06:12.033+0000][1508.068s][info ][safepoint     ] Entering safepoint region: Cleanup
[2023-10-01T17:06:12.034+0000][1508.069s][info ][safepoint     ] Leaving safepoint region
[2023-10-01T17:06:12.034+0000][1508.069s][info ][safepoint     ] Total time for which application threads were stopped: 0.0012287 seconds, Stopping threads took: 0.0005358 seconds
[2023-10-01T17:06:14.035+0000][1510.070s][debug][safepoint     ] Safepoint synchronization initiated. (180 threads)
[2023-10-01T17:06:14.036+0000][1510.071s][info ][safepoint     ] Application time: 2.0009096 seconds
[2023-10-01T17:06:14.036+0000][1510.071s][info ][safepoint     ] Entering safepoint region: Cleanup
[2023-10-01T17:06:14.037+0000][1510.072s][info ][safepoint     ] Leaving safepoint region
[2023-10-01T17:06:14.038+0000][1510.073s][info ][safepoint     ] Total time for which application threads were stopped: 0.0018048 seconds, Stopping threads took: 0.0006609 seconds
[2023-10-01T17:06:15.039+0000][1511.074s][debug][safepoint     ] Safepoint synchronization initiated. (180 threads)
[2023-10-01T17:06:15.040+0000][1511.075s][info ][safepoint     ] Application time: 1.0010091 seconds
[2023-10-01T17:06:15.040+0000][1511.075s][info ][safepoint     ] Entering safepoint region: Cleanup
[2023-10-01T17:06:15.041+0000][1511.076s][info ][safepoint     ] Leaving safepoint region
[2023-10-01T17:06:15.042+0000][1511.077s][info ][safepoint     ] Total time for which application threads were stopped: 0.0015423 seconds, Stopping threads took: 0.0005604 seconds
[2023-10-01T17:06:30.045+0000][1526.080s][debug][safepoint     ] Safepoint synchronization initiated. (179 threads)
[2023-10-01T17:06:30.046+0000][1526.081s][info ][safepoint     ] Application time: 15.0034705 seconds
[2023-10-01T17:06:30.046+0000][1526.081s][info ][safepoint     ] Entering safepoint region: Cleanup
[2023-10-01T17:06:30.047+0000][1526.082s][info ][safepoint     ] Leaving safepoint region
[2023-10-01T17:06:30.048+0000][1526.083s][info ][safepoint     ] Total time for which application threads were stopped: 0.0015239 seconds, Stopping threads took: 0.0006651 seconds
[2023-10-01T17:06:33.049+0000][1529.084s][debug][safepoint     ] Safepoint synchronization initiated. (179 threads)
[2023-10-01T17:06:33.049+0000][1529.085s][info ][safepoint     ] Application time: 3.0014236 seconds
[2023-10-01T17:06:33.050+0000][1529.085s][info ][safepoint     ] Entering safepoint region: Cleanup
[2023-10-01T17:06:33.051+0000][1529.086s][info ][safepoint     ] Leaving safepoint region
[2023-10-01T17:06:33.052+0000][1529.087s][info ][safepoint     ] Total time for which application threads were stopped: 0.0016461 seconds, Stopping threads took: 0.0007062 seconds
[2023-10-01T17:06:37.053+0000][1533.088s][debug][safepoint     ] Safepoint synchronization initiated. (184 threads)
[2023-10-01T17:06:37.054+0000][1533.089s][info ][safepoint     ] Application time: 4.0012630 seconds
[2023-10-01T17:06:37.054+0000][1533.089s][info ][safepoint     ] Entering safepoint region: Cleanup
[2023-10-01T17:06:37.055+0000][1533.090s][info ][safepoint     ] Leaving safepoint region
[2023-10-01T17:06:37.055+0000][1533.090s][info ][safepoint     ] Total time for which application threads were stopped: 0.0010851 seconds, Stopping threads took: 0.0004184 seconds
[2023-10-01T17:06:43.057+0000][1539.092s][debug][safepoint     ] Safepoint synchronization initiated. (182 threads)
[2023-10-01T17:06:43.058+0000][1539.093s][info ][safepoint     ] Application time: 6.0020769 seconds
[2023-10-01T17:06:43.059+0000][1539.094s][info ][safepoint     ] Entering safepoint region: Cleanup
[2023-10-01T17:06:43.060+0000][1539.095s][info ][safepoint     ] Leaving safepoint region
[2023-10-01T17:06:43.060+0000][1539.095s][info ][safepoint     ] Total time for which application threads were stopped: 0.0014291 seconds, Stopping threads took: 0.0006254 seconds
[2023-10-01T17:06:44.061+0000][1540.096s][debug][safepoint     ] Safepoint synchronization initiated. (182 threads)
[2023-10-01T17:06:44.062+0000][1540.097s][info ][safepoint     ] Application time: 1.0009147 seconds
[2023-10-01T17:06:44.062+0000][1540.097s][info ][safepoint     ] Entering safepoint region: Cleanup
[2023-10-01T17:06:44.063+0000][1540.098s][info ][safepoint     ] Leaving safepoint region
[2023-10-01T17:06:44.063+0000][1540.098s][info ][safepoint     ] Total time for which application threads were stopped: 0.0012986 seconds, Stopping threads took: 0.0005977 seconds
[2023-10-01T17:06:46.064+0000][1542.099s][debug][safepoint     ] Safepoint synchronization initiated. (182 threads)
[2023-10-01T17:06:46.065+0000][1542.100s][info ][safepoint     ] Application time: 2.0010019 seconds
[2023-10-01T17:06:46.066+0000][1542.101s][info ][safepoint     ] Entering safepoint region: Cleanup
[2023-10-01T17:06:46.067+0000][1542.102s][info ][safepoint     ] Leaving safepoint region
[2023-10-01T17:06:46.067+0000][1542.102s][info ][safepoint     ] Total time for which application threads were stopped: 0.0015406 seconds, Stopping threads took: 0.0005778 seconds
[2023-10-01T17:06:49.068+0000][1545.103s][debug][safepoint     ] Safepoint synchronization initiated. (182 threads)
[2023-10-01T17:06:49.069+0000][1545.104s][info ][safepoint     ] Application time: 3.0014035 seconds
[2023-10-01T17:06:49.069+0000][1545.104s][info ][safepoint     ] Entering safepoint region: Cleanup
[2023-10-01T17:06:49.070+0000][1545.105s][info ][safepoint     ] Leaving safepoint region
[2023-10-01T17:06:49.071+0000][1545.106s][info ][safepoint     ] Total time for which application threads were stopped: 0.0013588 seconds, Stopping threads took: 0.0005749 seconds
[2023-10-01T17:06:52.072+0000][1548.107s][debug][safepoint     ] Safepoint synchronization initiated. (182 threads)
[2023-10-01T17:06:52.072+0000][1548.107s][info ][safepoint     ] Application time: 3.0009829 seconds
[2023-10-01T17:06:52.073+0000][1548.108s][info ][safepoint     ] Entering safepoint region: Cleanup
[2023-10-01T17:06:52.073+0000][1548.109s][info ][safepoint     ] Leaving safepoint region
[2023-10-01T17:06:52.074+0000][1548.109s][info ][safepoint     ] Total time for which application threads were stopped: 0.0015263 seconds, Stopping threads took: 0.0005882 seconds
[2023-10-01T17:06:54.075+0000][1550.110s][debug][safepoint     ] Safepoint synchronization initiated. (182 threads)
[2023-10-01T17:06:54.075+0000][1550.110s][info ][safepoint     ] Application time: 2.0008691 seconds
[2023-10-01T17:06:54.076+0000][1550.111s][info ][safepoint     ] Entering safepoint region: Cleanup
[2023-10-01T17:06:54.077+0000][1550.112s][info ][safepoint     ] Leaving safepoint region
[2023-10-01T17:06:54.077+0000][1550.112s][info ][safepoint     ] Total time for which application threads were stopped: 0.0012781 seconds, Stopping threads took: 0.0005466 seconds
[2023-10-01T17:06:57.079+0000][1553.114s][debug][safepoint     ] Safepoint synchronization initiated. (182 threads)
[2023-10-01T17:06:57.079+0000][1553.114s][info ][safepoint     ] Application time: 3.0008871 seconds
[2023-10-01T17:06:57.080+0000][1553.115s][info ][safepoint     ] Entering safepoint region: Cleanup
[2023-10-01T17:06:57.080+0000][1553.115s][info ][safepoint     ] Leaving safepoint region
[2023-10-01T17:06:57.081+0000][1553.116s][info ][safepoint     ] Total time for which application threads were stopped: 0.0010300 seconds, Stopping threads took: 0.0004250 seconds
[2023-10-01T17:07:03.082+0000][1559.117s][debug][safepoint     ] Safepoint synchronization initiated. (182 threads)
[2023-10-01T17:07:03.082+0000][1559.117s][info ][safepoint     ] Application time: 6.0015504 seconds
[2023-10-01T17:07:03.083+0000][1559.118s][info ][safepoint     ] Entering safepoint region: Cleanup
[2023-10-01T17:07:03.083+0000][1559.119s][info ][safepoint     ] Leaving safepoint region
[2023-10-01T17:07:03.084+0000][1559.120s][info ][safepoint     ] Total time for which application threads were stopped: 0.0016938 seconds, Stopping threads took: 0.0004216 seconds
[2023-10-01T17:07:04.085+0000][1560.120s][debug][safepoint     ] Safepoint synchronization initiated. (182 threads)
[2023-10-01T17:07:04.086+0000][1560.121s][info ][safepoint     ] Application time: 1.0008312 seconds
[2023-10-01T17:07:04.087+0000][1560.122s][info ][safepoint     ] Entering safepoint region: Cleanup
[2023-10-01T17:07:04.088+0000][1560.123s][info ][safepoint     ] Leaving safepoint region
[2023-10-01T17:07:04.088+0000][1560.123s][info ][safepoint     ] Total time for which application threads were stopped: 0.0015813 seconds, Stopping threads took: 0.0006533 seconds
[2023-10-01T17:07:11.090+0000][1567.125s][debug][safepoint     ] Safepoint synchronization initiated. (182 threads)
[2023-10-01T17:07:11.091+0000][1567.126s][info ][safepoint     ] Application time: 7.0019074 seconds
[2023-10-01T17:07:11.091+0000][1567.126s][info ][safepoint     ] Entering safepoint region: Cleanup
[2023-10-01T17:07:11.092+0000][1567.127s][info ][safepoint     ] Leaving safepoint region
[2023-10-01T17:07:11.092+0000][1567.127s][info ][safepoint     ] Total time for which application threads were stopped: 0.0012543 seconds, Stopping threads took: 0.0004498 seconds
[2023-10-01T17:07:12.093+0000][1568.128s][debug][safepoint     ] Safepoint synchronization initiated. (182 threads)
[2023-10-01T17:07:12.094+0000][1568.129s][info ][safepoint     ] Application time: 1.0008507 seconds
[2023-10-01T17:07:12.094+0000][1568.129s][info ][safepoint     ] Entering safepoint region: Cleanup
[2023-10-01T17:07:12.095+0000][1568.130s][info ][safepoint     ] Leaving safepoint region
[2023-10-01T17:07:12.095+0000][1568.130s][info ][safepoint     ] Total time for which application threads were stopped: 0.0010581 seconds, Stopping threads took: 0.0004552 seconds
[2023-10-01T17:07:20.097+0000][1576.132s][debug][safepoint     ] Safepoint synchronization initiated. (182 threads)
[2023-10-01T17:07:20.098+0000][1576.133s][info ][safepoint     ] Application time: 8.0021403 seconds
[2023-10-01T17:07:20.099+0000][1576.133s][info ][safepoint     ] Entering safepoint region: Cleanup
[2023-10-01T17:07:20.099+0000][1576.134s][info ][safepoint     ] Leaving safepoint region
[2023-10-01T17:07:20.100+0000][1576.135s][info ][safepoint     ] Total time for which application threads were stopped: 0.0012924 seconds, Stopping threads took: 0.0005136 seconds
[2023-10-01T17:07:37.032+0000][1593.067s][debug][safepoint     ] Safepoint synchronization initiated. (179 threads)
[2023-10-01T17:07:37.033+0000][1593.068s][info ][safepoint     ] Application time: 16.9327479 seconds
[2023-10-01T17:07:37.034+0000][1593.069s][info ][safepoint     ] Entering safepoint region: Deoptimize
[2023-10-01T17:07:37.049+0000][1593.084s][info ][safepoint     ] Leaving safepoint region
[2023-10-01T17:07:37.050+0000][1593.085s][info ][safepoint     ] Total time for which application threads were stopped: 0.0163934 seconds, Stopping threads took: 0.0006517 seconds
[2023-10-01T17:07:38.051+0000][1594.086s][debug][safepoint     ] Safepoint synchronization initiated. (182 threads)
[2023-10-01T17:07:38.052+0000][1594.087s][info ][safepoint     ] Application time: 1.0011556 seconds
[2023-10-01T17:07:38.052+0000][1594.087s][info ][safepoint     ] Entering safepoint region: Cleanup
[2023-10-01T17:07:38.053+0000][1594.088s][info ][safepoint     ] Leaving safepoint region
[2023-10-01T17:07:38.054+0000][1594.089s][info ][safepoint     ] Total time for which application threads were stopped: 0.0015789 seconds, Stopping threads took: 0.0006936 seconds
[2023-10-01T17:07:52.057+0000][1608.092s][debug][safepoint     ] Safepoint synchronization initiated. (180 threads)
[2023-10-01T17:07:52.057+0000][1608.092s][info ][safepoint     ] Application time: 14.0029469 seconds
[2023-10-01T17:07:52.058+0000][1608.093s][info ][safepoint     ] Entering safepoint region: Cleanup
[2023-10-01T17:07:52.059+0000][1608.094s][info ][safepoint     ] Leaving safepoint region
[2023-10-01T17:07:52.059+0000][1608.094s][info ][safepoint     ] Total time for which application threads were stopped: 0.0014149 seconds, Stopping threads took: 0.0006371 seconds
[2023-10-01T17:07:53.060+0000][1609.095s][debug][safepoint     ] Safepoint synchronization initiated. (180 threads)
[2023-10-01T17:07:53.061+0000][1609.096s][info ][safepoint     ] Application time: 1.0009931 seconds
[2023-10-01T17:07:53.061+0000][1609.096s][info ][safepoint     ] Entering safepoint region: Cleanup
[2023-10-01T17:07:53.062+0000][1609.097s][info ][safepoint     ] Leaving safepoint region
[2023-10-01T17:07:53.063+0000][1609.098s][info ][safepoint     ] Total time for which application threads were stopped: 0.0014850 seconds, Stopping threads took: 0.0004302 seconds
[2023-10-01T17:08:00.553+0000][1616.588s][debug][safepoint     ] Safepoint synchronization initiated. (180 threads)
[2023-10-01T17:08:00.554+0000][1616.589s][info ][safepoint     ] Application time: 7.4905907 seconds
[2023-10-01T17:08:00.554+0000][1616.589s][info ][safepoint     ] Entering safepoint region: G1CollectForAllocation
[2023-10-01T17:08:00.555+0000][1616.590s][info ][gc,start      ] GC(84) Pause Young (Normal) (G1 Evacuation Pause)
[2023-10-01T17:08:00.555+0000][1616.590s][info ][gc,task       ] GC(84) Using 8 workers of 8 for evacuation
[2023-10-01T17:08:00.572+0000][1616.607s][info ][gc,phases     ] GC(84)   Pre Evacuate Collection Set: 0.2ms
[2023-10-01T17:08:00.572+0000][1616.607s][info ][gc,phases     ] GC(84)   Evacuate Collection Set: 10.5ms
[2023-10-01T17:08:00.573+0000][1616.608s][info ][gc,phases     ] GC(84)   Post Evacuate Collection Set: 5.0ms
[2023-10-01T17:08:00.573+0000][1616.608s][info ][gc,phases     ] GC(84)   Other: 1.0ms
[2023-10-01T17:08:00.574+0000][1616.609s][info ][gc,heap       ] GC(84) Eden regions: 161->0(161)
[2023-10-01T17:08:00.574+0000][1616.609s][info ][gc,heap       ] GC(84) Survivor regions: 3->4(21)
[2023-10-01T17:08:00.575+0000][1616.610s][info ][gc,heap       ] GC(84) Old regions: 169->169
[2023-10-01T17:08:00.575+0000][1616.610s][info ][gc,heap       ] GC(84) Humongous regions: 0->0
[2023-10-01T17:08:00.576+0000][1616.611s][info ][gc,metaspace  ] GC(84) Metaspace: 178417K(195536K)->178417K(195536K) NonClass: 157952K(171728K)->157952K(171728K) Class: 20465K(23808K)->20465K(23808K)
[2023-10-01T17:08:00.576+0000][1616.611s][info ][gc            ] GC(84) Pause Young (Normal) (G1 Evacuation Pause) 330M->170M(384M) 21.538ms
[2023-10-01T17:08:00.577+0000][1616.612s][info ][gc,cpu        ] GC(84) User=0.11s Sys=0.01s Real=0.02s
[2023-10-01T17:08:00.578+0000][1616.613s][info ][safepoint     ] Leaving safepoint region
[2023-10-01T17:08:00.578+0000][1616.613s][info ][safepoint     ] Total time for which application threads were stopped: 0.0238530 seconds, Stopping threads took: 0.0004737 seconds
[2023-10-01T17:08:14.581+0000][1630.616s][debug][safepoint     ] Safepoint synchronization initiated. (180 threads)
[2023-10-01T17:08:14.582+0000][1630.617s][info ][safepoint     ] Application time: 14.0029750 seconds
[2023-10-01T17:08:14.582+0000][1630.617s][info ][safepoint     ] Entering safepoint region: Cleanup
[2023-10-01T17:08:14.583+0000][1630.618s][info ][safepoint     ] Leaving safepoint region
[2023-10-01T17:08:14.583+0000][1630.618s][info ][safepoint     ] Total time for which application threads were stopped: 0.0010803 seconds, Stopping threads took: 0.0004674 seconds
[2023-10-01T17:08:20.584+0000][1636.619s][debug][safepoint     ] Safepoint synchronization initiated. (180 threads)
[2023-10-01T17:08:20.585+0000][1636.620s][info ][safepoint     ] Application time: 6.0014258 seconds
[2023-10-01T17:08:20.586+0000][1636.620s][info ][safepoint     ] Entering safepoint region: Cleanup
[2023-10-01T17:08:20.587+0000][1636.621s][info ][safepoint     ] Leaving safepoint region
[2023-10-01T17:08:20.587+0000][1636.622s][info ][safepoint     ] Total time for which application threads were stopped: 0.0014506 seconds, Stopping threads took: 0.0005864 seconds
[2023-10-01T17:08:31.589+0000][1647.624s][debug][safepoint     ] Safepoint synchronization initiated. (180 threads)
[2023-10-01T17:08:31.590+0000][1647.624s][info ][safepoint     ] Application time: 11.0022349 seconds
[2023-10-01T17:08:31.591+0000][1647.626s][debug][safepoint     ] Waiting for 1 thread(s) to block
[2023-10-01T17:08:31.591+0000][1647.626s][info ][safepoint     ] Entering safepoint region: Cleanup
[2023-10-01T17:08:31.592+0000][1647.627s][info ][safepoint     ] Leaving safepoint region
[2023-10-01T17:08:31.592+0000][1647.627s][info ][safepoint     ] Total time for which application threads were stopped: 0.0018238 seconds, Stopping threads took: 0.0011306 seconds
[2023-10-01T17:08:44.595+0000][1660.629s][debug][safepoint     ] Safepoint synchronization initiated. (177 threads)
[2023-10-01T17:08:44.595+0000][1660.630s][info ][safepoint     ] Application time: 13.0023387 seconds
[2023-10-01T17:08:44.595+0000][1660.630s][info ][safepoint     ] Entering safepoint region: Cleanup
[2023-10-01T17:08:44.596+0000][1660.631s][info ][safepoint     ] Leaving safepoint region
[2023-10-01T17:08:44.596+0000][1660.631s][info ][safepoint     ] Total time for which application threads were stopped: 0.0009873 seconds, Stopping threads took: 0.0003600 seconds
[2023-10-01T17:08:50.598+0000][1666.633s][debug][safepoint     ] Safepoint synchronization initiated. (177 threads)
[2023-10-01T17:08:50.599+0000][1666.634s][info ][safepoint     ] Application time: 6.0016551 seconds
[2023-10-01T17:08:50.599+0000][1666.634s][info ][safepoint     ] Entering safepoint region: Cleanup
[2023-10-01T17:08:50.600+0000][1666.635s][info ][safepoint     ] Leaving safepoint region
[2023-10-01T17:08:50.601+0000][1666.635s][info ][safepoint     ] Total time for which application threads were stopped: 0.0013308 seconds, Stopping threads took: 0.0005402 seconds
[2023-10-01T17:09:00.603+0000][1676.637s][debug][safepoint     ] Safepoint synchronization initiated. (177 threads)
[2023-10-01T17:09:00.603+0000][1676.638s][info ][safepoint     ] Application time: 10.0021029 seconds
[2023-10-01T17:09:00.604+0000][1676.639s][info ][safepoint     ] Entering safepoint region: Cleanup
[2023-10-01T17:09:00.605+0000][1676.639s][info ][safepoint     ] Leaving safepoint region
[2023-10-01T17:09:00.605+0000][1676.640s][info ][safepoint     ] Total time for which application threads were stopped: 0.0012579 seconds, Stopping threads took: 0.0005005 seconds
[2023-10-01T17:09:08.607+0000][1684.642s][debug][safepoint     ] Safepoint synchronization initiated. (177 threads)
[2023-10-01T17:09:08.608+0000][1684.643s][info ][safepoint     ] Application time: 8.0027954 seconds
[2023-10-01T17:09:08.609+0000][1684.644s][info ][safepoint     ] Entering safepoint region: Cleanup
[2023-10-01T17:09:08.610+0000][1684.645s][info ][safepoint     ] Leaving safepoint region
[2023-10-01T17:09:08.611+0000][1684.645s][info ][safepoint     ] Total time for which application threads were stopped: 0.0014941 seconds, Stopping threads took: 0.0005747 seconds
[2023-10-01T17:09:09.611+0000][1685.646s][debug][safepoint     ] Safepoint synchronization initiated. (177 threads)
[2023-10-01T17:09:09.612+0000][1685.647s][info ][safepoint     ] Application time: 1.0006444 seconds
[2023-10-01T17:09:09.612+0000][1685.647s][info ][safepoint     ] Entering safepoint region: Cleanup
[2023-10-01T17:09:09.613+0000][1685.648s][info ][safepoint     ] Leaving safepoint region
[2023-10-01T17:09:09.613+0000][1685.648s][info ][safepoint     ] Total time for which application threads were stopped: 0.0011164 seconds, Stopping threads took: 0.0004744 seconds
[2023-10-01T17:09:10.614+0000][1686.649s][debug][safepoint     ] Safepoint synchronization initiated. (177 threads)
[2023-10-01T17:09:10.614+0000][1686.649s][info ][safepoint     ] Application time: 1.0007217 seconds
[2023-10-01T17:09:10.615+0000][1686.650s][info ][safepoint     ] Entering safepoint region: Cleanup
[2023-10-01T17:09:10.616+0000][1686.650s][info ][safepoint     ] Leaving safepoint region
[2023-10-01T17:09:10.616+0000][1686.651s][info ][safepoint     ] Total time for which application threads were stopped: 0.0010389 seconds, Stopping threads took: 0.0004429 seconds
[2023-10-01T17:09:11.616+0000][1687.651s][debug][safepoint     ] Safepoint synchronization initiated. (177 threads)
[2023-10-01T17:09:11.617+0000][1687.652s][info ][safepoint     ] Application time: 1.0008400 seconds
[2023-10-01T17:09:11.618+0000][1687.652s][info ][safepoint     ] Entering safepoint region: Cleanup
[2023-10-01T17:09:11.618+0000][1687.653s][info ][safepoint     ] Leaving safepoint region
[2023-10-01T17:09:11.619+0000][1687.654s][info ][safepoint     ] Total time for which application threads were stopped: 0.0014115 seconds, Stopping threads took: 0.0006619 seconds
[2023-10-01T17:09:12.620+0000][1688.654s][debug][safepoint     ] Safepoint synchronization initiated. (180 threads)
[2023-10-01T17:09:12.620+0000][1688.655s][info ][safepoint     ] Application time: 1.0006207 seconds
[2023-10-01T17:09:12.621+0000][1688.655s][info ][safepoint     ] Entering safepoint region: Cleanup
[2023-10-01T17:09:12.622+0000][1688.656s][info ][safepoint     ] Leaving safepoint region
[2023-10-01T17:09:12.622+0000][1688.656s][info ][safepoint     ] Total time for which application threads were stopped: 0.0011039 seconds, Stopping threads took: 0.0004307 seconds
[2023-10-01T17:09:14.623+0000][1690.658s][debug][safepoint     ] Safepoint synchronization initiated. (178 threads)
[2023-10-01T17:09:14.624+0000][1690.658s][info ][safepoint     ] Application time: 2.0014352 seconds
[2023-10-01T17:09:14.624+0000][1690.659s][info ][safepoint     ] Entering safepoint region: Cleanup
[2023-10-01T17:09:14.625+0000][1690.660s][info ][safepoint     ] Leaving safepoint region
[2023-10-01T17:09:14.626+0000][1690.660s][info ][safepoint     ] Total time for which application threads were stopped: 0.0012734 seconds, Stopping threads took: 0.0004780 seconds
[2023-10-01T17:09:29.629+0000][1705.663s][debug][safepoint     ] Safepoint synchronization initiated. (180 threads)
[2023-10-01T17:09:29.629+0000][1705.664s][info ][safepoint     ] Application time: 15.0031672 seconds
[2023-10-01T17:09:29.630+0000][1705.664s][info ][safepoint     ] Entering safepoint region: Cleanup
[2023-10-01T17:09:29.631+0000][1705.665s][info ][safepoint     ] Leaving safepoint region
[2023-10-01T17:09:29.631+0000][1705.666s][info ][safepoint     ] Total time for which application threads were stopped: 0.0014987 seconds, Stopping threads took: 0.0006905 seconds
[2023-10-01T17:09:34.633+0000][1710.667s][debug][safepoint     ] Safepoint synchronization initiated. (180 threads)
[2023-10-01T17:09:34.634+0000][1710.668s][info ][safepoint     ] Application time: 5.0017729 seconds
[2023-10-01T17:09:34.634+0000][1710.669s][debug][safepoint     ] ... found polling page return exception at pc = 0x00007f5188518c31, stub =0x00007f5180840600
[2023-10-01T17:09:34.635+0000][1710.670s][debug][safepoint     ] Waiting for 1 thread(s) to block
[2023-10-01T17:09:34.636+0000][1710.670s][info ][safepoint     ] Entering safepoint region: Cleanup
[2023-10-01T17:09:34.637+0000][1710.672s][info ][safepoint     ] Leaving safepoint region
[2023-10-01T17:09:34.638+0000][1710.673s][info ][safepoint     ] Total time for which application threads were stopped: 0.0040146 seconds, Stopping threads took: 0.0024855 seconds
[2023-10-01T17:09:34.637+0000][1710.672s][debug][safepoint     ] ... found polling page return exception at pc = 0x00007f518923a9c4, stub =0x00007f5180840600
[2023-10-01T17:09:35.640+0000][1711.674s][debug][safepoint     ] Safepoint synchronization initiated. (180 threads)
[2023-10-01T17:09:35.641+0000][1711.675s][info ][safepoint     ] Application time: 1.0012064 seconds
[2023-10-01T17:09:35.641+0000][1711.676s][info ][safepoint     ] Entering safepoint region: Cleanup
[2023-10-01T17:09:35.642+0000][1711.677s][info ][safepoint     ] Leaving safepoint region
[2023-10-01T17:09:35.643+0000][1711.677s][info ][safepoint     ] Total time for which application threads were stopped: 0.0012100 seconds, Stopping threads took: 0.0005088 seconds
[2023-10-01T17:09:39.643+0000][1715.678s][debug][safepoint     ] Safepoint synchronization initiated. (179 threads)
[2023-10-01T17:09:39.644+0000][1715.679s][info ][safepoint     ] Application time: 4.0012170 seconds
[2023-10-01T17:09:39.645+0000][1715.679s][info ][safepoint     ] Entering safepoint region: Cleanup
[2023-10-01T17:09:39.646+0000][1715.680s][info ][safepoint     ] Leaving safepoint region
[2023-10-01T17:09:39.646+0000][1715.681s][info ][safepoint     ] Total time for which application threads were stopped: 0.0015712 seconds, Stopping threads took: 0.0007275 seconds
[2023-10-01T17:09:42.647+0000][1718.682s][debug][safepoint     ] Safepoint synchronization initiated. (178 threads)
[2023-10-01T17:09:42.648+0000][1718.683s][info ][safepoint     ] Application time: 3.0013926 seconds
[2023-10-01T17:09:42.648+0000][1718.683s][info ][safepoint     ] Entering safepoint region: Cleanup
[2023-10-01T17:09:42.649+0000][1718.684s][info ][safepoint     ] Leaving safepoint region
[2023-10-01T17:09:42.650+0000][1718.684s][info ][safepoint     ] Total time for which application threads were stopped: 0.0012144 seconds, Stopping threads took: 0.0005346 seconds
[2023-10-01T17:09:46.651+0000][1722.686s][debug][safepoint     ] Safepoint synchronization initiated. (178 threads)
[2023-10-01T17:09:46.651+0000][1722.686s][info ][safepoint     ] Application time: 4.0011293 seconds
[2023-10-01T17:09:46.652+0000][1722.687s][debug][safepoint     ] ... found polling page return exception at pc = 0x00007f51889b5c1c, stub =0x00007f5180840600
[2023-10-01T17:09:46.652+0000][1722.687s][debug][safepoint     ] ... found polling page return exception at pc = 0x00007f51889b5c1c, stub =0x00007f5180840600
[2023-10-01T17:09:46.652+0000][1722.687s][debug][safepoint     ] ... found polling page return exception at pc = 0x00007f5188a77544, stub =0x00007f5180840600
[2023-10-01T17:09:46.652+0000][1722.687s][debug][safepoint     ] ... found polling page loop exception at pc = 0x00007f518883ebf7, stub =0x00007f5180843680
[2023-10-01T17:09:46.652+0000][1722.687s][debug][safepoint     ] ... found polling page return exception at pc = 0x00007f51889b5c1c, stub =0x00007f5180840600
[2023-10-01T17:09:46.652+0000][1722.687s][debug][safepoint     ] ... found polling page return exception at pc = 0x00007f51889b5c1c, stub =0x00007f5180840600
[2023-10-01T17:09:46.655+0000][1722.689s][debug][safepoint     ] Waiting for 6 thread(s) to block
[2023-10-01T17:09:46.656+0000][1722.691s][info ][safepoint     ] Entering safepoint region: Cleanup
[2023-10-01T17:09:46.657+0000][1722.691s][info ][safepoint     ] Leaving safepoint region
[2023-10-01T17:09:46.657+0000][1722.692s][info ][safepoint     ] Total time for which application threads were stopped: 0.0053863 seconds, Stopping threads took: 0.0046451 seconds
[2023-10-01T17:09:48.658+0000][1724.693s][debug][safepoint     ] Safepoint synchronization initiated. (178 threads)
[2023-10-01T17:09:48.658+0000][1724.693s][info ][safepoint     ] Application time: 2.0010192 seconds
[2023-10-01T17:09:48.659+0000][1724.694s][info ][safepoint     ] Entering safepoint region: Cleanup
[2023-10-01T17:09:48.660+0000][1724.695s][info ][safepoint     ] Leaving safepoint region
[2023-10-01T17:09:48.661+0000][1724.696s][info ][safepoint     ] Total time for which application threads were stopped: 0.0015870 seconds, Stopping threads took: 0.0006819 seconds
[2023-10-01T17:09:49.661+0000][1725.696s][debug][safepoint     ] Safepoint synchronization initiated. (178 threads)
[2023-10-01T17:09:49.662+0000][1725.697s][info ][safepoint     ] Application time: 1.0010734 seconds
[2023-10-01T17:09:49.663+0000][1725.698s][info ][safepoint     ] Entering safepoint region: Cleanup
[2023-10-01T17:09:49.664+0000][1725.699s][info ][safepoint     ] Leaving safepoint region
[2023-10-01T17:09:49.664+0000][1725.699s][info ][safepoint     ] Total time for which application threads were stopped: 0.0015043 seconds, Stopping threads took: 0.0006929 seconds
[2023-10-01T17:09:53.665+0000][1729.700s][debug][safepoint     ] Safepoint synchronization initiated. (178 threads)
[2023-10-01T17:09:53.666+0000][1729.701s][info ][safepoint     ] Application time: 4.0010743 seconds
[2023-10-01T17:09:53.667+0000][1729.701s][info ][safepoint     ] Entering safepoint region: Cleanup
[2023-10-01T17:09:53.667+0000][1729.702s][info ][safepoint     ] Leaving safepoint region
[2023-10-01T17:09:53.668+0000][1729.703s][info ][safepoint     ] Total time for which application threads were stopped: 0.0012049 seconds, Stopping threads took: 0.0004770 seconds
[2023-10-01T17:09:54.668+0000][1730.703s][debug][safepoint     ] Safepoint synchronization initiated. (178 threads)
[2023-10-01T17:09:54.669+0000][1730.704s][info ][safepoint     ] Application time: 1.0008173 seconds
[2023-10-01T17:09:54.669+0000][1730.704s][info ][safepoint     ] Entering safepoint region: Cleanup
[2023-10-01T17:09:54.670+0000][1730.705s][info ][safepoint     ] Leaving safepoint region
[2023-10-01T17:09:54.670+0000][1730.705s][info ][safepoint     ] Total time for which application threads were stopped: 0.0011591 seconds, Stopping threads took: 0.0004684 seconds
[2023-10-01T17:09:55.671+0000][1731.706s][debug][safepoint     ] Safepoint synchronization initiated. (178 threads)
[2023-10-01T17:09:55.672+0000][1731.706s][info ][safepoint     ] Application time: 1.0006913 seconds
[2023-10-01T17:09:55.672+0000][1731.707s][info ][safepoint     ] Entering safepoint region: Cleanup
[2023-10-01T17:09:55.673+0000][1731.708s][info ][safepoint     ] Leaving safepoint region
[2023-10-01T17:09:55.673+0000][1731.708s][info ][safepoint     ] Total time for which application threads were stopped: 0.0013071 seconds, Stopping threads took: 0.0005405 seconds
[2023-10-01T17:10:01.640+0000][1737.675s][debug][safepoint     ] Safepoint synchronization initiated. (178 threads)
[2023-10-01T17:10:01.641+0000][1737.676s][info ][safepoint     ] Application time: 5.9671391 seconds
[2023-10-01T17:10:01.642+0000][1737.676s][info ][safepoint     ] Entering safepoint region: G1CollectForAllocation
[2023-10-01T17:10:01.643+0000][1737.677s][info ][gc,start      ] GC(85) Pause Young (Normal) (G1 Evacuation Pause)
[2023-10-01T17:10:01.643+0000][1737.678s][info ][gc,task       ] GC(85) Using 8 workers of 8 for evacuation
[2023-10-01T17:10:01.662+0000][1737.696s][info ][gc,phases     ] GC(85)   Pre Evacuate Collection Set: 0.1ms
[2023-10-01T17:10:01.663+0000][1737.697s][info ][gc,phases     ] GC(85)   Evacuate Collection Set: 12.9ms
[2023-10-01T17:10:01.663+0000][1737.698s][info ][gc,phases     ] GC(85)   Post Evacuate Collection Set: 4.7ms
[2023-10-01T17:10:01.663+0000][1737.698s][info ][gc,phases     ] GC(85)   Other: 1.4ms
[2023-10-01T17:10:01.664+0000][1737.699s][info ][gc,heap       ] GC(85) Eden regions: 161->0(159)
[2023-10-01T17:10:01.664+0000][1737.699s][info ][gc,heap       ] GC(85) Survivor regions: 4->7(21)
[2023-10-01T17:10:01.665+0000][1737.700s][info ][gc,heap       ] GC(85) Old regions: 169->169
[2023-10-01T17:10:01.665+0000][1737.700s][info ][gc,heap       ] GC(85) Humongous regions: 0->0
[2023-10-01T17:10:01.666+0000][1737.701s][info ][gc,metaspace  ] GC(85) Metaspace: 178679K(195536K)->178679K(195536K) NonClass: 158205K(171728K)->158205K(171728K) Class: 20473K(23808K)->20473K(23808K)
[2023-10-01T17:10:01.667+0000][1737.701s][info ][gc            ] GC(85) Pause Young (Normal) (G1 Evacuation Pause) 331M->173M(384M) 24.013ms
[2023-10-01T17:10:01.667+0000][1737.702s][info ][gc,cpu        ] GC(85) User=0.12s Sys=0.01s Real=0.02s
[2023-10-01T17:10:01.668+0000][1737.703s][info ][safepoint     ] Leaving safepoint region
[2023-10-01T17:10:01.668+0000][1737.703s][info ][safepoint     ] Total time for which application threads were stopped: 0.0268228 seconds, Stopping threads took: 0.0005597 seconds
[2023-10-01T17:10:01.669+0000][1737.704s][info ][gc,stringdedup] Concurrent String Deduplication (1737.704s)
[2023-10-01T17:10:01.670+0000][1737.705s][info ][gc,stringdedup] Concurrent String Deduplication 59288.0B->19344.0B(39944.0B) avg 53.6% (1737.704s, 1737.705s) 1.284ms
[2023-10-01T17:10:02.669+0000][1738.704s][debug][safepoint     ] Safepoint synchronization initiated. (179 threads)
[2023-10-01T17:10:02.670+0000][1738.704s][info ][safepoint     ] Application time: 1.0008269 seconds
[2023-10-01T17:10:02.670+0000][1738.705s][info ][safepoint     ] Entering safepoint region: Cleanup
[2023-10-01T17:10:02.671+0000][1738.706s][info ][safepoint     ] Leaving safepoint region
[2023-10-01T17:10:02.672+0000][1738.707s][info ][safepoint     ] Total time for which application threads were stopped: 0.0016128 seconds, Stopping threads took: 0.0006703 seconds
[2023-10-01T17:10:05.673+0000][1741.708s][debug][safepoint     ] Safepoint synchronization initiated. (178 threads)
[2023-10-01T17:10:05.674+0000][1741.708s][info ][safepoint     ] Application time: 3.0011140 seconds
[2023-10-01T17:10:05.674+0000][1741.709s][debug][safepoint     ] ... found polling page return exception at pc = 0x00007f518863faf4, stub =0x00007f5180840600
[2023-10-01T17:10:05.675+0000][1741.710s][debug][safepoint     ] Waiting for 1 thread(s) to block
[2023-10-01T17:10:05.675+0000][1741.710s][info ][safepoint     ] Entering safepoint region: Cleanup
[2023-10-01T17:10:05.676+0000][1741.711s][info ][safepoint     ] Leaving safepoint region
[2023-10-01T17:10:05.677+0000][1741.711s][info ][safepoint     ] Total time for which application threads were stopped: 0.0023569 seconds, Stopping threads took: 0.0016061 seconds
[2023-10-01T17:10:06.677+0000][1742.712s][debug][safepoint     ] Safepoint synchronization initiated. (178 threads)
[2023-10-01T17:10:06.678+0000][1742.713s][info ][safepoint     ] Application time: 1.0010473 seconds
[2023-10-01T17:10:06.679+0000][1742.714s][info ][safepoint     ] Entering safepoint region: Cleanup
[2023-10-01T17:10:06.680+0000][1742.715s][info ][safepoint     ] Leaving safepoint region
[2023-10-01T17:10:06.680+0000][1742.715s][info ][safepoint     ] Total time for which application threads were stopped: 0.0014925 seconds, Stopping threads took: 0.0006475 seconds
[2023-10-01T17:10:07.681+0000][1743.716s][debug][safepoint     ] Safepoint synchronization initiated. (178 threads)
[2023-10-01T17:10:07.682+0000][1743.717s][info ][safepoint     ] Application time: 1.0010156 seconds
[2023-10-01T17:10:07.682+0000][1743.717s][info ][safepoint     ] Entering safepoint region: Cleanup
[2023-10-01T17:10:07.683+0000][1743.718s][info ][safepoint     ] Leaving safepoint region
[2023-10-01T17:10:07.684+0000][1743.719s][info ][safepoint     ] Total time for which application threads were stopped: 0.0014426 seconds, Stopping threads took: 0.0005682 seconds
[2023-10-01T17:10:10.685+0000][1746.720s][debug][safepoint     ] Safepoint synchronization initiated. (178 threads)
[2023-10-01T17:10:10.686+0000][1746.721s][info ][safepoint     ] Application time: 3.0011928 seconds
[2023-10-01T17:10:10.686+0000][1746.721s][info ][safepoint     ] Entering safepoint region: Cleanup
[2023-10-01T17:10:10.687+0000][1746.722s][info ][safepoint     ] Leaving safepoint region
[2023-10-01T17:10:10.688+0000][1746.722s][info ][safepoint     ] Total time for which application threads were stopped: 0.0014406 seconds, Stopping threads took: 0.0007042 seconds
[2023-10-01T17:10:11.688+0000][1747.723s][debug][safepoint     ] Safepoint synchronization initiated. (178 threads)
[2023-10-01T17:10:11.689+0000][1747.724s][info ][safepoint     ] Application time: 1.0007788 seconds
[2023-10-01T17:10:11.689+0000][1747.724s][info ][safepoint     ] Entering safepoint region: Cleanup
[2023-10-01T17:10:11.690+0000][1747.725s][info ][safepoint     ] Leaving safepoint region
[2023-10-01T17:10:11.691+0000][1747.726s][info ][safepoint     ] Total time for which application threads were stopped: 0.0015293 seconds, Stopping threads took: 0.0006156 seconds
[2023-10-01T17:10:13.692+0000][1749.727s][debug][safepoint     ] Safepoint synchronization initiated. (177 threads)
[2023-10-01T17:10:13.692+0000][1749.727s][info ][safepoint     ] Application time: 2.0009750 seconds
[2023-10-01T17:10:13.693+0000][1749.728s][info ][safepoint     ] Entering safepoint region: Cleanup
[2023-10-01T17:10:13.694+0000][1749.728s][info ][safepoint     ] Leaving safepoint region
[2023-10-01T17:10:13.694+0000][1749.729s][info ][safepoint     ] Total time for which application threads were stopped: 0.0010983 seconds, Stopping threads took: 0.0005157 seconds
[2023-10-01T17:10:14.694+0000][1750.729s][debug][safepoint     ] Safepoint synchronization initiated. (177 threads)
[2023-10-01T17:10:14.695+0000][1750.730s][info ][safepoint     ] Application time: 1.0007032 seconds
[2023-10-01T17:10:14.695+0000][1750.730s][info ][safepoint     ] Entering safepoint region: Cleanup
[2023-10-01T17:10:14.696+0000][1750.731s][info ][safepoint     ] Leaving safepoint region
[2023-10-01T17:10:14.696+0000][1750.731s][info ][safepoint     ] Total time for which application threads were stopped: 0.0011146 seconds, Stopping threads took: 0.0004544 seconds
[2023-10-01T17:10:18.698+0000][1754.733s][debug][safepoint     ] Safepoint synchronization initiated. (177 threads)
[2023-10-01T17:10:18.698+0000][1754.733s][info ][safepoint     ] Application time: 4.0014205 seconds
[2023-10-01T17:10:18.699+0000][1754.734s][info ][safepoint     ] Entering safepoint region: Cleanup
[2023-10-01T17:10:18.700+0000][1754.735s][info ][safepoint     ] Leaving safepoint region
[2023-10-01T17:10:18.700+0000][1754.735s][info ][safepoint     ] Total time for which application threads were stopped: 0.0013714 seconds, Stopping threads took: 0.0005259 seconds
[2023-10-01T17:10:19.701+0000][1755.736s][debug][safepoint     ] Safepoint synchronization initiated. (177 threads)
[2023-10-01T17:10:19.701+0000][1755.736s][info ][safepoint     ] Application time: 1.0007525 seconds
[2023-10-01T17:10:19.702+0000][1755.737s][info ][safepoint     ] Entering safepoint region: Cleanup
[2023-10-01T17:10:19.703+0000][1755.738s][info ][safepoint     ] Leaving safepoint region
[2023-10-01T17:10:19.703+0000][1755.738s][info ][safepoint     ] Total time for which application threads were stopped: 0.0012857 seconds, Stopping threads took: 0.0004951 seconds
[2023-10-01T17:10:23.704+0000][1759.739s][debug][safepoint     ] Safepoint synchronization initiated. (177 threads)
[2023-10-01T17:10:23.705+0000][1759.740s][info ][safepoint     ] Application time: 4.0013955 seconds
[2023-10-01T17:10:23.706+0000][1759.741s][info ][safepoint     ] Entering safepoint region: Cleanup
[2023-10-01T17:10:23.707+0000][1759.742s][info ][safepoint     ] Leaving safepoint region
[2023-10-01T17:10:23.708+0000][1759.743s][info ][safepoint     ] Total time for which application threads were stopped: 0.0018464 seconds, Stopping threads took: 0.0009537 seconds
[2023-10-01T17:10:42.711+0000][1778.746s][debug][safepoint     ] Safepoint synchronization initiated. (179 threads)
[2023-10-01T17:10:42.712+0000][1778.747s][info ][safepoint     ] Application time: 19.0035851 seconds
[2023-10-01T17:10:42.713+0000][1778.748s][info ][safepoint     ] Entering safepoint region: Cleanup
[2023-10-01T17:10:42.713+0000][1778.748s][info ][safepoint     ] Leaving safepoint region
[2023-10-01T17:10:42.714+0000][1778.749s][info ][safepoint     ] Total time for which application threads were stopped: 0.0011598 seconds, Stopping threads took: 0.0004339 seconds
[2023-10-01T17:10:54.716+0000][1790.751s][debug][safepoint     ] Safepoint synchronization initiated. (177 threads)
[2023-10-01T17:10:54.717+0000][1790.752s][info ][safepoint     ] Application time: 12.0028120 seconds
[2023-10-01T17:10:54.718+0000][1790.753s][info ][safepoint     ] Entering safepoint region: Cleanup
[2023-10-01T17:10:54.718+0000][1790.753s][info ][safepoint     ] Leaving safepoint region
[2023-10-01T17:10:54.719+0000][1790.754s][info ][safepoint     ] Total time for which application threads were stopped: 0.0015800 seconds, Stopping threads took: 0.0006072 seconds
[2023-10-01T17:10:56.720+0000][1792.755s][debug][safepoint     ] Safepoint synchronization initiated. (177 threads)
[2023-10-01T17:10:56.721+0000][1792.756s][info ][safepoint     ] Application time: 2.0009831 seconds
[2023-10-01T17:10:56.721+0000][1792.756s][info ][safepoint     ] Entering safepoint region: Cleanup
[2023-10-01T17:10:56.722+0000][1792.757s][info ][safepoint     ] Leaving safepoint region
[2023-10-01T17:10:56.722+0000][1792.757s][debug][safepoint     ] ... found polling page loop exception at pc = 0x00007f51884b94a9, stub =0x00007f5180843680
[2023-10-01T17:10:56.722+0000][1792.757s][info ][safepoint     ] Total time for which application threads were stopped: 0.0013055 seconds, Stopping threads took: 0.0005276 seconds
[2023-10-01T17:11:19.727+0000][1815.762s][debug][safepoint     ] Safepoint synchronization initiated. (177 threads)
[2023-10-01T17:11:19.727+0000][1815.763s][info ][safepoint     ] Application time: 23.0047091 seconds
[2023-10-01T17:11:19.728+0000][1815.764s][info ][safepoint     ] Entering safepoint region: Cleanup
[2023-10-01T17:11:19.729+0000][1815.764s][info ][safepoint     ] Leaving safepoint region
[2023-10-01T17:11:19.729+0000][1815.765s][info ][safepoint     ] Total time for which application threads were stopped: 0.0012583 seconds, Stopping threads took: 0.0005641 seconds
[2023-10-01T17:11:23.730+0000][1819.766s][debug][safepoint     ] Safepoint synchronization initiated. (177 threads)
[2023-10-01T17:11:23.731+0000][1819.767s][info ][safepoint     ] Application time: 4.0014279 seconds
[2023-10-01T17:11:23.732+0000][1819.767s][info ][safepoint     ] Entering safepoint region: Cleanup
[2023-10-01T17:11:23.732+0000][1819.768s][info ][safepoint     ] Leaving safepoint region
[2023-10-01T17:11:23.733+0000][1819.768s][info ][safepoint     ] Total time for which application threads were stopped: 0.0012665 seconds, Stopping threads took: 0.0005472 seconds
[2023-10-01T17:11:26.734+0000][1822.770s][debug][safepoint     ] Safepoint synchronization initiated. (177 threads)
[2023-10-01T17:11:26.736+0000][1822.771s][info ][safepoint     ] Application time: 3.0023746 seconds
[2023-10-01T17:11:26.736+0000][1822.772s][info ][safepoint     ] Entering safepoint region: Cleanup
[2023-10-01T17:11:26.737+0000][1822.773s][info ][safepoint     ] Leaving safepoint region
[2023-10-01T17:11:26.738+0000][1822.773s][info ][safepoint     ] Total time for which application threads were stopped: 0.0013411 seconds, Stopping threads took: 0.0005621 seconds
[2023-10-01T17:11:29.739+0000][1825.774s][debug][safepoint     ] Safepoint synchronization initiated. (175 threads)
[2023-10-01T17:11:29.739+0000][1825.775s][info ][safepoint     ] Application time: 3.0012130 seconds
[2023-10-01T17:11:29.740+0000][1825.776s][info ][safepoint     ] Entering safepoint region: Cleanup
[2023-10-01T17:11:29.741+0000][1825.776s][info ][safepoint     ] Leaving safepoint region
[2023-10-01T17:11:29.741+0000][1825.777s][info ][safepoint     ] Total time for which application threads were stopped: 0.0012282 seconds, Stopping threads took: 0.0004963 seconds
[2023-10-01T17:11:30.742+0000][1826.777s][debug][safepoint     ] Safepoint synchronization initiated. (175 threads)
[2023-10-01T17:11:30.742+0000][1826.778s][info ][safepoint     ] Application time: 1.0007906 seconds
[2023-10-01T17:11:30.743+0000][1826.779s][info ][safepoint     ] Entering safepoint region: Cleanup
[2023-10-01T17:11:30.744+0000][1826.780s][info ][safepoint     ] Leaving safepoint region
[2023-10-01T17:11:30.745+0000][1826.780s][info ][safepoint     ] Total time for which application threads were stopped: 0.0016143 seconds, Stopping threads took: 0.0006990 seconds
[2023-10-01T17:11:32.746+0000][1828.781s][debug][safepoint     ] Safepoint synchronization initiated. (175 threads)
[2023-10-01T17:11:32.747+0000][1828.782s][info ][safepoint     ] Application time: 2.0012101 seconds
[2023-10-01T17:11:32.747+0000][1828.783s][info ][safepoint     ] Entering safepoint region: Cleanup
[2023-10-01T17:11:32.748+0000][1828.784s][info ][safepoint     ] Leaving safepoint region
[2023-10-01T17:11:32.749+0000][1828.784s][info ][safepoint     ] Total time for which application threads were stopped: 0.0014057 seconds, Stopping threads took: 0.0005986 seconds
[2023-10-01T17:11:34.750+0000][1830.785s][debug][safepoint     ] Safepoint synchronization initiated. (181 threads)
[2023-10-01T17:11:34.750+0000][1830.786s][info ][safepoint     ] Application time: 2.0009975 seconds
[2023-10-01T17:11:34.751+0000][1830.787s][info ][safepoint     ] Entering safepoint region: Cleanup
[2023-10-01T17:11:34.752+0000][1830.787s][info ][safepoint     ] Leaving safepoint region
[2023-10-01T17:11:34.752+0000][1830.788s][info ][safepoint     ] Total time for which application threads were stopped: 0.0015569 seconds, Stopping threads took: 0.0006102 seconds
[2023-10-01T17:11:37.754+0000][1833.789s][debug][safepoint     ] Safepoint synchronization initiated. (180 threads)
[2023-10-01T17:11:37.754+0000][1833.790s][info ][safepoint     ] Application time: 3.0010769 seconds
[2023-10-01T17:11:37.754+0000][1833.790s][info ][safepoint     ] Entering safepoint region: Cleanup
[2023-10-01T17:11:37.755+0000][1833.791s][info ][safepoint     ] Leaving safepoint region
[2023-10-01T17:11:37.755+0000][1833.791s][info ][safepoint     ] Total time for which application threads were stopped: 0.0009478 seconds, Stopping threads took: 0.0003657 seconds
[2023-10-01T17:11:38.756+0000][1834.791s][debug][safepoint     ] Safepoint synchronization initiated. (180 threads)
[2023-10-01T17:11:38.756+0000][1834.792s][info ][safepoint     ] Application time: 1.0007288 seconds
[2023-10-01T17:11:38.757+0000][1834.792s][info ][safepoint     ] Entering safepoint region: Cleanup
[2023-10-01T17:11:38.757+0000][1834.793s][info ][safepoint     ] Leaving safepoint region
[2023-10-01T17:11:38.758+0000][1834.793s][info ][safepoint     ] Total time for which application threads were stopped: 0.0010206 seconds, Stopping threads took: 0.0003919 seconds
[2023-10-01T17:11:43.759+0000][1839.795s][debug][safepoint     ] Safepoint synchronization initiated. (180 threads)
[2023-10-01T17:11:43.760+0000][1839.796s][info ][safepoint     ] Application time: 5.0018277 seconds
[2023-10-01T17:11:43.761+0000][1839.797s][info ][safepoint     ] Entering safepoint region: Cleanup
[2023-10-01T17:11:43.763+0000][1839.798s][info ][safepoint     ] Leaving safepoint region
[2023-10-01T17:11:43.765+0000][1839.800s][info ][safepoint     ] Total time for which application threads were stopped: 0.0036791 seconds, Stopping threads took: 0.0007526 seconds
[2023-10-01T17:11:44.766+0000][1840.802s][debug][safepoint     ] Safepoint synchronization initiated. (181 threads)
[2023-10-01T17:11:44.767+0000][1840.802s][info ][safepoint     ] Application time: 1.0007274 seconds
[2023-10-01T17:11:44.767+0000][1840.803s][info ][safepoint     ] Entering safepoint region: Cleanup
[2023-10-01T17:11:44.768+0000][1840.803s][info ][safepoint     ] Leaving safepoint region
[2023-10-01T17:11:44.768+0000][1840.804s][info ][safepoint     ] Total time for which application threads were stopped: 0.0011632 seconds, Stopping threads took: 0.0004902 seconds
[2023-10-01T17:11:46.769+0000][1842.805s][debug][safepoint     ] Safepoint synchronization initiated. (181 threads)
[2023-10-01T17:11:46.770+0000][1842.806s][info ][safepoint     ] Application time: 2.0012372 seconds
[2023-10-01T17:11:46.771+0000][1842.806s][info ][safepoint     ] Entering safepoint region: Cleanup
[2023-10-01T17:11:46.772+0000][1842.807s][info ][safepoint     ] Leaving safepoint region
[2023-10-01T17:11:46.773+0000][1842.809s][info ][safepoint     ] Total time for which application threads were stopped: 0.0025736 seconds, Stopping threads took: 0.0007827 seconds
[2023-10-01T17:11:51.775+0000][1847.810s][debug][safepoint     ] Safepoint synchronization initiated. (180 threads)
[2023-10-01T17:11:51.775+0000][1847.811s][info ][safepoint     ] Application time: 5.0011897 seconds
[2023-10-01T17:11:51.776+0000][1847.811s][info ][safepoint     ] Entering safepoint region: Cleanup
[2023-10-01T17:11:51.777+0000][1847.812s][info ][safepoint     ] Leaving safepoint region
[2023-10-01T17:11:51.777+0000][1847.812s][info ][safepoint     ] Total time for which application threads were stopped: 0.0011835 seconds, Stopping threads took: 0.0005317 seconds
[2023-10-01T17:11:54.778+0000][1850.813s][debug][safepoint     ] Safepoint synchronization initiated. (182 threads)
[2023-10-01T17:11:54.778+0000][1850.814s][info ][safepoint     ] Application time: 3.0011018 seconds
[2023-10-01T17:11:54.779+0000][1850.814s][info ][safepoint     ] Entering safepoint region: Cleanup
[2023-10-01T17:11:54.780+0000][1850.815s][info ][safepoint     ] Leaving safepoint region
[2023-10-01T17:11:54.780+0000][1850.815s][info ][safepoint     ] Total time for which application threads were stopped: 0.0011406 seconds, Stopping threads took: 0.0004474 seconds
[2023-10-01T17:11:57.781+0000][1853.816s][debug][safepoint     ] Safepoint synchronization initiated. (182 threads)
[2023-10-01T17:11:57.782+0000][1853.817s][info ][safepoint     ] Application time: 3.0012400 seconds
[2023-10-01T17:11:57.782+0000][1853.818s][info ][safepoint     ] Entering safepoint region: Cleanup
[2023-10-01T17:11:57.783+0000][1853.818s][info ][safepoint     ] Leaving safepoint region
[2023-10-01T17:11:57.783+0000][1853.819s][info ][safepoint     ] Total time for which application threads were stopped: 0.0013269 seconds, Stopping threads took: 0.0005898 seconds
[2023-10-01T17:12:00.416+0000][1856.452s][debug][safepoint     ] Safepoint synchronization initiated. (182 threads)
[2023-10-01T17:12:00.417+0000][1856.452s][info ][safepoint     ] Application time: 2.6327983 seconds
[2023-10-01T17:12:00.417+0000][1856.453s][info ][safepoint     ] Entering safepoint region: G1CollectForAllocation
[2023-10-01T17:12:00.418+0000][1856.453s][info ][gc,start      ] GC(86) Pause Young (Normal) (G1 Evacuation Pause)
[2023-10-01T17:12:00.418+0000][1856.454s][info ][gc,task       ] GC(86) Using 8 workers of 8 for evacuation
[2023-10-01T17:12:00.434+0000][1856.470s][info ][gc,phases     ] GC(86)   Pre Evacuate Collection Set: 0.0ms
[2023-10-01T17:12:00.435+0000][1856.470s][info ][gc,phases     ] GC(86)   Evacuate Collection Set: 9.4ms
[2023-10-01T17:12:00.435+0000][1856.471s][info ][gc,phases     ] GC(86)   Post Evacuate Collection Set: 5.7ms
[2023-10-01T17:12:00.436+0000][1856.471s][info ][gc,phases     ] GC(86)   Other: 1.2ms
[2023-10-01T17:12:00.437+0000][1856.472s][info ][gc,heap       ] GC(86) Eden regions: 159->0(160)
[2023-10-01T17:12:00.437+0000][1856.472s][info ][gc,heap       ] GC(86) Survivor regions: 7->7(21)
[2023-10-01T17:12:00.438+0000][1856.473s][info ][gc,heap       ] GC(86) Old regions: 169->169
[2023-10-01T17:12:00.438+0000][1856.473s][info ][gc,heap       ] GC(86) Humongous regions: 0->0
[2023-10-01T17:12:00.438+0000][1856.474s][info ][gc,metaspace  ] GC(86) Metaspace: 179383K(195536K)->179383K(195536K) NonClass: 158863K(171728K)->158863K(171728K) Class: 20520K(23808K)->20520K(23808K)
[2023-10-01T17:12:00.439+0000][1856.474s][info ][gc            ] GC(86) Pause Young (Normal) (G1 Evacuation Pause) 332M->173M(384M) 21.072ms
[2023-10-01T17:12:00.440+0000][1856.475s][info ][gc,cpu        ] GC(86) User=0.10s Sys=0.00s Real=0.02s
[2023-10-01T17:12:00.440+0000][1856.476s][info ][safepoint     ] Leaving safepoint region
[2023-10-01T17:12:00.441+0000][1856.476s][info ][safepoint     ] Total time for which application threads were stopped: 0.0234134 seconds, Stopping threads took: 0.0004879 seconds
[2023-10-01T17:12:00.441+0000][1856.477s][info ][gc,stringdedup] Concurrent String Deduplication (1856.477s)
[2023-10-01T17:12:00.443+0000][1856.478s][info ][gc,stringdedup] Concurrent String Deduplication 87240.0B->31816.0B(55424.0B) avg 53.6% (1856.477s, 1856.478s) 1.871ms
[2023-10-01T17:12:01.441+0000][1857.477s][debug][safepoint     ] Safepoint synchronization initiated. (182 threads)
[2023-10-01T17:12:01.442+0000][1857.478s][info ][safepoint     ] Application time: 1.0011025 seconds
[2023-10-01T17:12:01.443+0000][1857.478s][info ][safepoint     ] Entering safepoint region: Cleanup
[2023-10-01T17:12:01.444+0000][1857.479s][info ][safepoint     ] Leaving safepoint region
[2023-10-01T17:12:01.444+0000][1857.480s][info ][safepoint     ] Total time for which application threads were stopped: 0.0014391 seconds, Stopping threads took: 0.0006606 seconds
[2023-10-01T17:12:06.446+0000][1862.481s][debug][safepoint     ] Safepoint synchronization initiated. (182 threads)
[2023-10-01T17:12:06.446+0000][1862.482s][info ][safepoint     ] Application time: 5.0015902 seconds
[2023-10-01T17:12:06.447+0000][1862.482s][info ][safepoint     ] Entering safepoint region: Cleanup
[2023-10-01T17:12:06.448+0000][1862.483s][info ][safepoint     ] Leaving safepoint region
[2023-10-01T17:12:06.449+0000][1862.484s][info ][safepoint     ] Total time for which application threads were stopped: 0.0015886 seconds, Stopping threads took: 0.0007831 seconds
[2023-10-01T17:12:49.457+0000][1905.493s][debug][safepoint     ] Safepoint synchronization initiated. (182 threads)
[2023-10-01T17:12:49.458+0000][1905.494s][info ][safepoint     ] Application time: 43.0089647 seconds
[2023-10-01T17:12:49.459+0000][1905.494s][debug][safepoint     ] Waiting for 3 thread(s) to block
[2023-10-01T17:12:49.460+0000][1905.495s][info ][safepoint     ] Entering safepoint region: Cleanup
[2023-10-01T17:12:49.461+0000][1905.496s][info ][safepoint     ] Leaving safepoint region
[2023-10-01T17:12:49.461+0000][1905.497s][info ][safepoint     ] Total time for which application threads were stopped: 0.0027134 seconds, Stopping threads took: 0.0017393 seconds
[2023-10-01T17:12:55.463+0000][1911.498s][debug][safepoint     ] Safepoint synchronization initiated. (180 threads)
[2023-10-01T17:12:55.464+0000][1911.499s][info ][safepoint     ] Application time: 6.0017208 seconds
[2023-10-01T17:12:55.464+0000][1911.500s][info ][safepoint     ] Entering safepoint region: Cleanup
[2023-10-01T17:12:55.465+0000][1911.501s][info ][safepoint     ] Leaving safepoint region
[2023-10-01T17:12:55.466+0000][1911.501s][info ][safepoint     ] Total time for which application threads were stopped: 0.0014328 seconds, Stopping threads took: 0.0006698 seconds
[2023-10-01T17:13:02.467+0000][1918.503s][debug][safepoint     ] Safepoint synchronization initiated. (180 threads)
[2023-10-01T17:13:02.468+0000][1918.503s][info ][safepoint     ] Application time: 7.0016534 seconds
[2023-10-01T17:13:02.469+0000][1918.504s][info ][safepoint     ] Entering safepoint region: Cleanup
[2023-10-01T17:13:02.470+0000][1918.505s][info ][safepoint     ] Leaving safepoint region
[2023-10-01T17:13:02.471+0000][1918.506s][info ][safepoint     ] Total time for which application threads were stopped: 0.0017231 seconds, Stopping threads took: 0.0006263 seconds
[2023-10-01T17:13:03.472+0000][1919.507s][debug][safepoint     ] Safepoint synchronization initiated. (180 threads)
[2023-10-01T17:13:03.472+0000][1919.508s][info ][safepoint     ] Application time: 1.0010022 seconds
[2023-10-01T17:13:03.473+0000][1919.508s][info ][safepoint     ] Entering safepoint region: Cleanup
[2023-10-01T17:13:03.474+0000][1919.510s][info ][safepoint     ] Leaving safepoint region
[2023-10-01T17:13:03.475+0000][1919.510s][info ][safepoint     ] Total time for which application threads were stopped: 0.0018254 seconds, Stopping threads took: 0.0008305 seconds
[2023-10-01T17:13:14.478+0000][1930.514s][debug][safepoint     ] Safepoint synchronization initiated. (179 threads)
[2023-10-01T17:13:14.479+0000][1930.515s][info ][safepoint     ] Application time: 11.0038510 seconds
[2023-10-01T17:13:14.480+0000][1930.515s][info ][safepoint     ] Entering safepoint region: Cleanup
[2023-10-01T17:13:14.481+0000][1930.516s][info ][safepoint     ] Leaving safepoint region
[2023-10-01T17:13:14.481+0000][1930.517s][info ][safepoint     ] Total time for which application threads were stopped: 0.0013597 seconds, Stopping threads took: 0.0005809 seconds
[2023-10-01T17:13:17.482+0000][1933.518s][debug][safepoint     ] Safepoint synchronization initiated. (180 threads)
[2023-10-01T17:13:17.483+0000][1933.518s][info ][safepoint     ] Application time: 3.0010152 seconds
[2023-10-01T17:13:17.483+0000][1933.518s][info ][safepoint     ] Entering safepoint region: Cleanup
[2023-10-01T17:13:17.484+0000][1933.519s][info ][safepoint     ] Leaving safepoint region
[2023-10-01T17:13:17.484+0000][1933.519s][info ][safepoint     ] Total time for which application threads were stopped: 0.0010348 seconds, Stopping threads took: 0.0005236 seconds
[2023-10-01T17:13:20.485+0000][1936.520s][debug][safepoint     ] Safepoint synchronization initiated. (180 threads)
[2023-10-01T17:13:20.485+0000][1936.521s][info ][safepoint     ] Application time: 3.0010598 seconds
[2023-10-01T17:13:20.486+0000][1936.521s][info ][safepoint     ] Entering safepoint region: Cleanup
[2023-10-01T17:13:20.486+0000][1936.522s][info ][safepoint     ] Leaving safepoint region
[2023-10-01T17:13:20.487+0000][1936.522s][info ][safepoint     ] Total time for which application threads were stopped: 0.0010635 seconds, Stopping threads took: 0.0004307 seconds
[2023-10-01T17:13:22.488+0000][1938.523s][debug][safepoint     ] Safepoint synchronization initiated. (180 threads)
[2023-10-01T17:13:22.488+0000][1938.524s][info ][safepoint     ] Application time: 2.0012598 seconds
[2023-10-01T17:13:22.489+0000][1938.525s][info ][safepoint     ] Entering safepoint region: Cleanup
[2023-10-01T17:13:22.490+0000][1938.526s][info ][safepoint     ] Leaving safepoint region
[2023-10-01T17:13:22.491+0000][1938.526s][info ][safepoint     ] Total time for which application threads were stopped: 0.0017583 seconds, Stopping threads took: 0.0008115 seconds
[2023-10-01T17:13:24.492+0000][1940.527s][debug][safepoint     ] Safepoint synchronization initiated. (180 threads)
[2023-10-01T17:13:24.492+0000][1940.528s][info ][safepoint     ] Application time: 2.0009930 seconds
[2023-10-01T17:13:24.493+0000][1940.528s][info ][safepoint     ] Entering safepoint region: Cleanup
[2023-10-01T17:13:24.494+0000][1940.529s][info ][safepoint     ] Leaving safepoint region
[2023-10-01T17:13:24.494+0000][1940.530s][info ][safepoint     ] Total time for which application threads were stopped: 0.0013294 seconds, Stopping threads took: 0.0006078 seconds
[2023-10-01T17:13:27.495+0000][1943.530s][debug][safepoint     ] Safepoint synchronization initiated. (180 threads)
[2023-10-01T17:13:27.496+0000][1943.531s][info ][safepoint     ] Application time: 3.0012325 seconds
[2023-10-01T17:13:27.496+0000][1943.532s][info ][safepoint     ] Entering safepoint region: Cleanup
[2023-10-01T17:13:27.497+0000][1943.533s][info ][safepoint     ] Leaving safepoint region
[2023-10-01T17:13:27.498+0000][1943.533s][info ][safepoint     ] Total time for which application threads were stopped: 0.0013659 seconds, Stopping threads took: 0.0005563 seconds
[2023-10-01T17:13:30.499+0000][1946.534s][debug][safepoint     ] Safepoint synchronization initiated. (180 threads)
[2023-10-01T17:13:30.501+0000][1946.536s][info ][safepoint     ] Application time: 3.0022296 seconds
[2023-10-01T17:13:30.504+0000][1946.540s][debug][safepoint     ] ... found polling page return exception at pc = 0x00007f51889a738f, stub =0x00007f5180840600
[2023-10-01T17:13:30.505+0000][1946.541s][debug][safepoint     ] Waiting for 1 thread(s) to block
[2023-10-01T17:13:30.506+0000][1946.541s][info ][safepoint     ] Entering safepoint region: Cleanup
[2023-10-01T17:13:30.507+0000][1946.542s][info ][safepoint     ] Leaving safepoint region
[2023-10-01T17:13:30.508+0000][1946.543s][info ][safepoint     ] Total time for which application threads were stopped: 0.0063421 seconds, Stopping threads took: 0.0051639 seconds
[2023-10-01T17:13:31.509+0000][1947.544s][debug][safepoint     ] Safepoint synchronization initiated. (187 threads)
[2023-10-01T17:13:31.509+0000][1947.545s][info ][safepoint     ] Application time: 1.0008703 seconds
[2023-10-01T17:13:31.510+0000][1947.545s][info ][safepoint     ] Entering safepoint region: Cleanup
[2023-10-01T17:13:31.510+0000][1947.546s][info ][safepoint     ] Leaving safepoint region
[2023-10-01T17:13:31.511+0000][1947.546s][info ][safepoint     ] Total time for which application threads were stopped: 0.0013234 seconds, Stopping threads took: 0.0004706 seconds
[2023-10-01T17:13:34.512+0000][1950.547s][debug][safepoint     ] Safepoint synchronization initiated. (186 threads)
[2023-10-01T17:13:34.513+0000][1950.548s][info ][safepoint     ] Application time: 3.0012010 seconds
[2023-10-01T17:13:34.513+0000][1950.549s][info ][safepoint     ] Entering safepoint region: Cleanup
[2023-10-01T17:13:34.514+0000][1950.549s][info ][safepoint     ] Leaving safepoint region
[2023-10-01T17:13:34.514+0000][1950.550s][info ][safepoint     ] Total time for which application threads were stopped: 0.0013603 seconds, Stopping threads took: 0.0006759 seconds
[2023-10-01T17:13:37.515+0000][1953.551s][debug][safepoint     ] Safepoint synchronization initiated. (186 threads)
[2023-10-01T17:13:37.516+0000][1953.551s][info ][safepoint     ] Application time: 3.0011544 seconds
[2023-10-01T17:13:37.516+0000][1953.552s][info ][safepoint     ] Entering safepoint region: Cleanup
[2023-10-01T17:13:37.517+0000][1953.553s][info ][safepoint     ] Leaving safepoint region
[2023-10-01T17:13:37.518+0000][1953.553s][info ][safepoint     ] Total time for which application threads were stopped: 0.0013301 seconds, Stopping threads took: 0.0005602 seconds
[2023-10-01T17:13:48.520+0000][1964.555s][debug][safepoint     ] Safepoint synchronization initiated. (186 threads)
[2023-10-01T17:13:48.521+0000][1964.556s][info ][safepoint     ] Application time: 11.0026461 seconds
[2023-10-01T17:13:48.522+0000][1964.557s][debug][safepoint     ] Waiting for 1 thread(s) to block
[2023-10-01T17:13:48.522+0000][1964.558s][info ][safepoint     ] Entering safepoint region: Cleanup
[2023-10-01T17:13:48.524+0000][1964.559s][info ][safepoint     ] Leaving safepoint region
[2023-10-01T17:13:48.524+0000][1964.560s][info ][safepoint     ] Total time for which application threads were stopped: 0.0028623 seconds, Stopping threads took: 0.0021725 seconds
[2023-10-01T17:13:51.525+0000][1967.561s][debug][safepoint     ] Safepoint synchronization initiated. (186 threads)
[2023-10-01T17:13:51.526+0000][1967.561s][info ][safepoint     ] Application time: 3.0008840 seconds
[2023-10-01T17:13:51.526+0000][1967.562s][info ][safepoint     ] Entering safepoint region: Cleanup
[2023-10-01T17:13:51.527+0000][1967.562s][info ][safepoint     ] Leaving safepoint region
[2023-10-01T17:13:51.527+0000][1967.563s][info ][safepoint     ] Total time for which application threads were stopped: 0.0012021 seconds, Stopping threads took: 0.0004853 seconds
[2023-10-01T17:14:11.531+0000][1987.567s][debug][safepoint     ] Safepoint synchronization initiated. (186 threads)
[2023-10-01T17:14:11.532+0000][1987.568s][info ][safepoint     ] Application time: 20.0043382 seconds
[2023-10-01T17:14:11.533+0000][1987.568s][info ][safepoint     ] Entering safepoint region: Cleanup
[2023-10-01T17:14:11.533+0000][1987.569s][info ][safepoint     ] Leaving safepoint region
[2023-10-01T17:14:11.534+0000][1987.569s][info ][safepoint     ] Total time for which application threads were stopped: 0.0011417 seconds, Stopping threads took: 0.0004157 seconds
[2023-10-01T17:14:12.534+0000][1988.570s][debug][safepoint     ] Safepoint synchronization initiated. (186 threads)
[2023-10-01T17:14:12.535+0000][1988.570s][info ][safepoint     ] Application time: 1.0008699 seconds
[2023-10-01T17:14:12.536+0000][1988.571s][info ][safepoint     ] Entering safepoint region: Cleanup
[2023-10-01T17:14:12.536+0000][1988.572s][info ][safepoint     ] Leaving safepoint region
[2023-10-01T17:14:12.537+0000][1988.572s][info ][safepoint     ] Total time for which application threads were stopped: 0.0012770 seconds, Stopping threads took: 0.0005038 seconds
[2023-10-01T17:14:43.389+0000][2019.425s][debug][safepoint     ] Safepoint synchronization initiated. (183 threads)
[2023-10-01T17:14:43.390+0000][2019.426s][info ][safepoint     ] Application time: 30.8530224 seconds
[2023-10-01T17:14:43.391+0000][2019.426s][info ][safepoint     ] Entering safepoint region: G1CollectForAllocation
[2023-10-01T17:14:43.392+0000][2019.427s][info ][gc,start      ] GC(87) Pause Young (Normal) (G1 Evacuation Pause)
[2023-10-01T17:14:43.392+0000][2019.428s][info ][gc,task       ] GC(87) Using 8 workers of 8 for evacuation
[2023-10-01T17:14:43.414+0000][2019.449s][info ][gc,phases     ] GC(87)   Pre Evacuate Collection Set: 0.1ms
[2023-10-01T17:14:43.414+0000][2019.450s][info ][gc,phases     ] GC(87)   Evacuate Collection Set: 16.2ms
[2023-10-01T17:14:43.415+0000][2019.450s][info ][gc,phases     ] GC(87)   Post Evacuate Collection Set: 4.4ms
[2023-10-01T17:14:43.417+0000][2019.452s][info ][gc,phases     ] GC(87)   Other: 1.2ms
[2023-10-01T17:14:43.418+0000][2019.453s][info ][gc,heap       ] GC(87) Eden regions: 160->0(159)
[2023-10-01T17:14:43.418+0000][2019.454s][info ][gc,heap       ] GC(87) Survivor regions: 7->8(21)
[2023-10-01T17:14:43.419+0000][2019.454s][info ][gc,heap       ] GC(87) Old regions: 169->169
[2023-10-01T17:14:43.419+0000][2019.455s][info ][gc,heap       ] GC(87) Humongous regions: 0->0
[2023-10-01T17:14:43.420+0000][2019.455s][info ][gc,metaspace  ] GC(87) Metaspace: 179969K(195536K)->179969K(195536K) NonClass: 159408K(171728K)->159408K(171728K) Class: 20560K(23808K)->20560K(23808K)
[2023-10-01T17:14:43.421+0000][2019.456s][info ][gc            ] GC(87) Pause Young (Normal) (G1 Evacuation Pause) 333M->174M(384M) 28.597ms
[2023-10-01T17:14:43.421+0000][2019.456s][info ][gc,cpu        ] GC(87) User=0.15s Sys=0.00s Real=0.02s
[2023-10-01T17:14:43.422+0000][2019.457s][info ][safepoint     ] Leaving safepoint region
[2023-10-01T17:14:43.422+0000][2019.458s][info ][safepoint     ] Total time for which application threads were stopped: 0.0312266 seconds, Stopping threads took: 0.0006315 seconds
[2023-10-01T17:14:43.423+0000][2019.458s][info ][gc,stringdedup] Concurrent String Deduplication (2019.458s)
[2023-10-01T17:14:43.424+0000][2019.459s][info ][gc,stringdedup] Concurrent String Deduplication 74904.0B->23216.0B(51688.0B) avg 53.7% (2019.458s, 2019.459s) 0.910ms
[2023-10-01T17:14:51.424+0000][2027.460s][debug][safepoint     ] Safepoint synchronization initiated. (183 threads)
[2023-10-01T17:14:51.435+0000][2027.470s][info ][safepoint     ] Application time: 8.0123398 seconds
[2023-10-01T17:14:51.446+0000][2027.481s][info ][safepoint     ] Entering safepoint region: Cleanup
[2023-10-01T17:14:51.463+0000][2027.499s][info ][safepoint     ] Leaving safepoint region
[2023-10-01T17:14:51.479+0000][2027.514s][info ][safepoint     ] Total time for which application threads were stopped: 0.0329647 seconds, Stopping threads took: 0.0172976 seconds
[2023-10-01T17:16:03.512+0000][2099.548s][debug][safepoint     ] Safepoint synchronization initiated. (181 threads)
[2023-10-01T17:16:03.513+0000][2099.548s][info ][safepoint     ] Application time: 72.0135022 seconds
[2023-10-01T17:16:03.513+0000][2099.549s][info ][safepoint     ] Entering safepoint region: Cleanup
[2023-10-01T17:16:03.514+0000][2099.550s][info ][safepoint     ] Leaving safepoint region
[2023-10-01T17:16:03.515+0000][2099.550s][info ][safepoint     ] Total time for which application threads were stopped: 0.0015608 seconds, Stopping threads took: 0.0004502 seconds
[2023-10-01T17:16:23.518+0000][2119.554s][debug][safepoint     ] Safepoint synchronization initiated. (181 threads)
[2023-10-01T17:16:23.519+0000][2119.555s][info ][safepoint     ] Application time: 20.0042327 seconds
[2023-10-01T17:16:23.520+0000][2119.556s][info ][safepoint     ] Entering safepoint region: Cleanup
[2023-10-01T17:16:23.521+0000][2119.557s][info ][safepoint     ] Leaving safepoint region
[2023-10-01T17:16:23.522+0000][2119.558s][info ][safepoint     ] Total time for which application threads were stopped: 0.0019350 seconds, Stopping threads took: 0.0009580 seconds
[2023-10-01T17:17:03.529+0000][2159.564s][debug][safepoint     ] Safepoint synchronization initiated. (179 threads)
[2023-10-01T17:17:03.529+0000][2159.565s][info ][safepoint     ] Application time: 40.0067552 seconds
[2023-10-01T17:17:03.530+0000][2159.566s][info ][safepoint     ] Entering safepoint region: Cleanup
[2023-10-01T17:17:03.531+0000][2159.566s][info ][safepoint     ] Leaving safepoint region
[2023-10-01T17:17:03.531+0000][2159.567s][info ][safepoint     ] Total time for which application threads were stopped: 0.0013496 seconds, Stopping threads took: 0.0005371 seconds
[2023-10-01T17:17:42.098+0000][2198.134s][debug][safepoint     ] Safepoint synchronization initiated. (178 threads)
[2023-10-01T17:17:42.099+0000][2198.134s][info ][safepoint     ] Application time: 38.5670282 seconds
[2023-10-01T17:17:42.099+0000][2198.135s][info ][safepoint     ] Entering safepoint region: G1CollectForAllocation
[2023-10-01T17:17:42.100+0000][2198.136s][info ][gc,start      ] GC(88) Pause Young (Normal) (G1 Evacuation Pause)
[2023-10-01T17:17:42.101+0000][2198.136s][info ][gc,task       ] GC(88) Using 8 workers of 8 for evacuation
[2023-10-01T17:17:42.121+0000][2198.157s][info ][gc,phases     ] GC(88)   Pre Evacuate Collection Set: 0.0ms
[2023-10-01T17:17:42.121+0000][2198.157s][info ][gc,phases     ] GC(88)   Evacuate Collection Set: 15.2ms
[2023-10-01T17:17:42.122+0000][2198.158s][info ][gc,phases     ] GC(88)   Post Evacuate Collection Set: 4.1ms
[2023-10-01T17:17:42.123+0000][2198.158s][info ][gc,phases     ] GC(88)   Other: 1.2ms
[2023-10-01T17:17:42.123+0000][2198.159s][info ][gc,heap       ] GC(88) Eden regions: 159->0(160)
[2023-10-01T17:17:42.124+0000][2198.159s][info ][gc,heap       ] GC(88) Survivor regions: 8->8(21)
[2023-10-01T17:17:42.124+0000][2198.160s][info ][gc,heap       ] GC(88) Old regions: 169->169
[2023-10-01T17:17:42.125+0000][2198.160s][info ][gc,heap       ] GC(88) Humongous regions: 0->0
[2023-10-01T17:17:42.125+0000][2198.161s][info ][gc,metaspace  ] GC(88) Metaspace: 179992K(195536K)->179992K(195536K) NonClass: 159428K(171728K)->159428K(171728K) Class: 20563K(23808K)->20563K(23808K)
[2023-10-01T17:17:42.126+0000][2198.161s][info ][gc            ] GC(88) Pause Young (Normal) (G1 Evacuation Pause) 333M->174M(384M) 25.167ms
[2023-10-01T17:17:42.126+0000][2198.162s][info ][gc,cpu        ] GC(88) User=0.14s Sys=0.01s Real=0.03s
[2023-10-01T17:17:42.127+0000][2198.162s][info ][safepoint     ] Leaving safepoint region
[2023-10-01T17:17:42.127+0000][2198.163s][info ][safepoint     ] Total time for which application threads were stopped: 0.0276329 seconds, Stopping threads took: 0.0005596 seconds
[2023-10-01T17:17:42.128+0000][2198.163s][info ][gc,stringdedup] Concurrent String Deduplication (2198.163s)
[2023-10-01T17:17:42.129+0000][2198.165s][info ][gc,stringdedup] Concurrent String Deduplication 153.5K->35496.0B(118.9K) avg 53.9% (2198.163s, 2198.165s) 1.784ms
[2023-10-01T17:19:55.150+0000][2331.186s][debug][safepoint     ] Safepoint synchronization initiated. (176 threads)
[2023-10-01T17:19:55.151+0000][2331.186s][info ][safepoint     ] Application time: 133.0233967 seconds
[2023-10-01T17:19:55.151+0000][2331.187s][info ][safepoint     ] Entering safepoint region: Cleanup
[2023-10-01T17:19:55.152+0000][2331.188s][info ][safepoint     ] Leaving safepoint region
[2023-10-01T17:19:55.153+0000][2331.188s][info ][safepoint     ] Total time for which application threads were stopped: 0.0013649 seconds, Stopping threads took: 0.0006746 seconds
[2023-10-01T17:20:42.140+0000][2378.176s][debug][safepoint     ] Safepoint synchronization initiated. (176 threads)
[2023-10-01T17:20:42.141+0000][2378.176s][info ][safepoint     ] Application time: 46.9874992 seconds
[2023-10-01T17:20:42.142+0000][2378.177s][info ][safepoint     ] Entering safepoint region: G1CollectForAllocation
[2023-10-01T17:20:42.143+0000][2378.178s][info ][gc,start      ] GC(89) Pause Young (Normal) (G1 Evacuation Pause)
[2023-10-01T17:20:42.143+0000][2378.179s][info ][gc,task       ] GC(89) Using 8 workers of 8 for evacuation
[2023-10-01T17:20:42.176+0000][2378.211s][info ][gc,phases     ] GC(89)   Pre Evacuate Collection Set: 0.1ms
[2023-10-01T17:20:42.176+0000][2378.212s][info ][gc,phases     ] GC(89)   Evacuate Collection Set: 25.0ms
[2023-10-01T17:20:42.177+0000][2378.213s][info ][gc,phases     ] GC(89)   Post Evacuate Collection Set: 6.5ms
[2023-10-01T17:20:42.180+0000][2378.215s][info ][gc,phases     ] GC(89)   Other: 1.5ms
[2023-10-01T17:20:42.180+0000][2378.216s][info ][gc,heap       ] GC(89) Eden regions: 160->0(160)
[2023-10-01T17:20:42.181+0000][2378.216s][info ][gc,heap       ] GC(89) Survivor regions: 8->8(21)
[2023-10-01T17:20:42.181+0000][2378.217s][info ][gc,heap       ] GC(89) Old regions: 169->169
[2023-10-01T17:20:42.182+0000][2378.217s][info ][gc,heap       ] GC(89) Humongous regions: 0->0
[2023-10-01T17:20:42.183+0000][2378.218s][info ][gc,metaspace  ] GC(89) Metaspace: 180003K(195536K)->180003K(195536K) NonClass: 159440K(171728K)->159440K(171728K) Class: 20563K(23808K)->20563K(23808K)
[2023-10-01T17:20:42.184+0000][2378.220s][info ][gc            ] GC(89) Pause Young (Normal) (G1 Evacuation Pause) 334M->174M(384M) 41.370ms
[2023-10-01T17:20:42.185+0000][2378.220s][info ][gc,cpu        ] GC(89) User=0.21s Sys=0.01s Real=0.04s
[2023-10-01T17:20:42.186+0000][2378.221s][info ][safepoint     ] Leaving safepoint region
[2023-10-01T17:20:42.186+0000][2378.222s][info ][safepoint     ] Total time for which application threads were stopped: 0.0445304 seconds, Stopping threads took: 0.0007551 seconds
[2023-10-01T17:20:42.187+0000][2378.222s][info ][gc,stringdedup] Concurrent String Deduplication (2378.222s)
[2023-10-01T17:20:42.188+0000][2378.223s][info ][gc,stringdedup] Concurrent String Deduplication 47600.0B->14864.0B(32736.0B) avg 53.9% (2378.222s, 2378.223s) 1.226ms
[2023-10-01T17:21:03.190+0000][2399.225s][debug][safepoint     ] Safepoint synchronization initiated. (176 threads)
[2023-10-01T17:21:03.191+0000][2399.226s][info ][safepoint     ] Application time: 21.0040247 seconds
[2023-10-01T17:21:03.191+0000][2399.227s][info ][safepoint     ] Entering safepoint region: Cleanup
[2023-10-01T17:21:03.192+0000][2399.228s][info ][safepoint     ] Leaving safepoint region
[2023-10-01T17:21:03.193+0000][2399.228s][info ][safepoint     ] Total time for which application threads were stopped: 0.0014841 seconds, Stopping threads took: 0.0006442 seconds
[2023-10-01T17:21:23.197+0000][2419.232s][debug][safepoint     ] Safepoint synchronization initiated. (176 threads)
[2023-10-01T17:21:23.197+0000][2419.233s][info ][safepoint     ] Application time: 20.0039434 seconds
[2023-10-01T17:21:23.198+0000][2419.233s][info ][safepoint     ] Entering safepoint region: Cleanup
[2023-10-01T17:21:23.199+0000][2419.234s][info ][safepoint     ] Leaving safepoint region
[2023-10-01T17:21:23.199+0000][2419.235s][info ][safepoint     ] Total time for which application threads were stopped: 0.0014787 seconds, Stopping threads took: 0.0006029 seconds
[2023-10-01T17:21:40.203+0000][2436.238s][debug][safepoint     ] Safepoint synchronization initiated. (176 threads)
[2023-10-01T17:21:40.204+0000][2436.239s][info ][safepoint     ] Application time: 17.0036978 seconds
[2023-10-01T17:21:40.204+0000][2436.239s][info ][safepoint     ] Entering safepoint region: Cleanup
[2023-10-01T17:21:40.205+0000][2436.240s][info ][safepoint     ] Leaving safepoint region
[2023-10-01T17:21:40.206+0000][2436.241s][info ][safepoint     ] Total time for which application threads were stopped: 0.0013708 seconds, Stopping threads took: 0.0005435 seconds
[2023-10-01T17:21:43.207+0000][2439.242s][debug][safepoint     ] Safepoint synchronization initiated. (176 threads)
[2023-10-01T17:21:43.207+0000][2439.242s][info ][safepoint     ] Application time: 3.0010681 seconds
[2023-10-01T17:21:43.208+0000][2439.243s][info ][safepoint     ] Entering safepoint region: Cleanup
[2023-10-01T17:21:43.209+0000][2439.244s][info ][safepoint     ] Leaving safepoint region
[2023-10-01T17:21:43.209+0000][2439.244s][info ][safepoint     ] Total time for which application threads were stopped: 0.0014570 seconds, Stopping threads took: 0.0005680 seconds
[2023-10-01T17:21:44.210+0000][2440.245s][debug][safepoint     ] Safepoint synchronization initiated. (176 threads)
[2023-10-01T17:21:44.211+0000][2440.246s][info ][safepoint     ] Application time: 1.0008019 seconds
[2023-10-01T17:21:44.211+0000][2440.246s][info ][safepoint     ] Entering safepoint region: Cleanup
[2023-10-01T17:21:44.212+0000][2440.247s][info ][safepoint     ] Leaving safepoint region
[2023-10-01T17:21:44.215+0000][2440.250s][info ][safepoint     ] Total time for which application threads were stopped: 0.0036970 seconds, Stopping threads took: 0.0006138 seconds
[2023-10-01T17:22:23.223+0000][2479.258s][debug][safepoint     ] Safepoint synchronization initiated. (176 threads)
[2023-10-01T17:22:23.223+0000][2479.258s][info ][safepoint     ] Application time: 39.0079057 seconds
[2023-10-01T17:22:23.224+0000][2479.259s][info ][safepoint     ] Entering safepoint region: Cleanup
[2023-10-01T17:22:23.225+0000][2479.260s][info ][safepoint     ] Leaving safepoint region
[2023-10-01T17:22:23.225+0000][2479.260s][info ][safepoint     ] Total time for which application threads were stopped: 0.0013540 seconds, Stopping threads took: 0.0006126 seconds
[2023-10-01T17:22:51.232+0000][2507.267s][debug][safepoint     ] Safepoint synchronization initiated. (176 threads)
[2023-10-01T17:22:51.233+0000][2507.267s][info ][safepoint     ] Application time: 28.0066324 seconds
[2023-10-01T17:22:51.233+0000][2507.268s][info ][safepoint     ] Entering safepoint region: Cleanup
[2023-10-01T17:22:51.235+0000][2507.270s][info ][safepoint     ] Leaving safepoint region
[2023-10-01T17:22:51.237+0000][2507.272s][info ][safepoint     ] Total time for which application threads were stopped: 0.0035933 seconds, Stopping threads took: 0.0008988 seconds
[2023-10-01T17:22:53.238+0000][2509.273s][debug][safepoint     ] Safepoint synchronization initiated. (176 threads)
[2023-10-01T17:22:53.238+0000][2509.273s][info ][safepoint     ] Application time: 2.0010054 seconds
[2023-10-01T17:22:53.239+0000][2509.274s][info ][safepoint     ] Entering safepoint region: Cleanup
[2023-10-01T17:22:53.240+0000][2509.275s][info ][safepoint     ] Leaving safepoint region
[2023-10-01T17:22:53.240+0000][2509.275s][info ][safepoint     ] Total time for which application threads were stopped: 0.0013890 seconds, Stopping threads took: 0.0005363 seconds
[2023-10-01T17:23:03.242+0000][2519.277s][debug][safepoint     ] Safepoint synchronization initiated. (176 threads)
[2023-10-01T17:23:03.243+0000][2519.278s][info ][safepoint     ] Application time: 10.0022370 seconds
[2023-10-01T17:23:03.244+0000][2519.278s][info ][safepoint     ] Entering safepoint region: Cleanup
[2023-10-01T17:23:03.244+0000][2519.279s][info ][safepoint     ] Leaving safepoint region
[2023-10-01T17:23:03.245+0000][2519.280s][info ][safepoint     ] Total time for which application threads were stopped: 0.0014023 seconds, Stopping threads took: 0.0004976 seconds
[2023-10-01T17:23:12.248+0000][2528.283s][debug][safepoint     ] Safepoint synchronization initiated. (176 threads)
[2023-10-01T17:23:12.248+0000][2528.283s][info ][safepoint     ] Application time: 9.0020959 seconds
[2023-10-01T17:23:12.249+0000][2528.284s][info ][safepoint     ] Entering safepoint region: Cleanup
[2023-10-01T17:23:12.250+0000][2528.285s][info ][safepoint     ] Leaving safepoint region
[2023-10-01T17:23:12.250+0000][2528.285s][info ][safepoint     ] Total time for which application threads were stopped: 0.0014481 seconds, Stopping threads took: 0.0005880 seconds
[2023-10-01T17:23:42.574+0000][2558.609s][debug][safepoint     ] Safepoint synchronization initiated. (176 threads)
[2023-10-01T17:23:42.574+0000][2558.609s][info ][safepoint     ] Application time: 30.3234565 seconds
[2023-10-01T17:23:42.575+0000][2558.610s][info ][safepoint     ] Entering safepoint region: G1CollectForAllocation
[2023-10-01T17:23:42.576+0000][2558.611s][info ][gc,start      ] GC(90) Pause Young (Normal) (G1 Evacuation Pause)
[2023-10-01T17:23:42.576+0000][2558.611s][info ][gc,task       ] GC(90) Using 8 workers of 8 for evacuation
[2023-10-01T17:23:42.601+0000][2558.636s][info ][gc,phases     ] GC(90)   Pre Evacuate Collection Set: 0.0ms
[2023-10-01T17:23:42.602+0000][2558.637s][info ][gc,phases     ] GC(90)   Evacuate Collection Set: 17.4ms
[2023-10-01T17:23:42.602+0000][2558.637s][info ][gc,phases     ] GC(90)   Post Evacuate Collection Set: 6.6ms
[2023-10-01T17:23:42.603+0000][2558.638s][info ][gc,phases     ] GC(90)   Other: 1.5ms
[2023-10-01T17:23:42.603+0000][2558.638s][info ][gc,heap       ] GC(90) Eden regions: 160->0(161)
[2023-10-01T17:23:42.604+0000][2558.639s][info ][gc,heap       ] GC(90) Survivor regions: 8->7(21)
[2023-10-01T17:23:42.604+0000][2558.639s][info ][gc,heap       ] GC(90) Old regions: 169->170
[2023-10-01T17:23:42.605+0000][2558.640s][info ][gc,heap       ] GC(90) Humongous regions: 0->0
[2023-10-01T17:23:42.605+0000][2558.640s][info ][gc,metaspace  ] GC(90) Metaspace: 180061K(195536K)->180061K(195536K) NonClass: 159498K(171728K)->159498K(171728K) Class: 20563K(23808K)->20563K(23808K)
[2023-10-01T17:23:42.606+0000][2558.641s][info ][gc            ] GC(90) Pause Young (Normal) (G1 Evacuation Pause) 334M->174M(384M) 30.153ms
[2023-10-01T17:23:42.606+0000][2558.641s][info ][gc,cpu        ] GC(90) User=0.17s Sys=0.00s Real=0.03s
[2023-10-01T17:23:42.607+0000][2558.642s][info ][safepoint     ] Leaving safepoint region
[2023-10-01T17:23:42.607+0000][2558.642s][info ][safepoint     ] Total time for which application threads were stopped: 0.0324851 seconds, Stopping threads took: 0.0005259 seconds
[2023-10-01T17:23:42.608+0000][2558.643s][info ][gc,stringdedup] Concurrent String Deduplication (2558.643s)
[2023-10-01T17:23:42.608+0000][2558.643s][info ][gc,stringdedup] Concurrent String Deduplication 352.0B->256.0B(96.0B) avg 53.9% (2558.643s, 2558.643s) 0.432ms
[2023-10-01T17:24:11.613+0000][2587.648s][debug][safepoint     ] Safepoint synchronization initiated. (176 threads)
[2023-10-01T17:24:11.614+0000][2587.649s][info ][safepoint     ] Application time: 29.0061042 seconds
[2023-10-01T17:24:11.614+0000][2587.649s][info ][safepoint     ] Entering safepoint region: Cleanup
[2023-10-01T17:24:11.615+0000][2587.650s][info ][safepoint     ] Leaving safepoint region
[2023-10-01T17:24:11.616+0000][2587.651s][info ][safepoint     ] Total time for which application threads were stopped: 0.0013654 seconds, Stopping threads took: 0.0005864 seconds
[2023-10-01T17:24:22.618+0000][2598.653s][debug][safepoint     ] Safepoint synchronization initiated. (176 threads)
[2023-10-01T17:24:22.619+0000][2598.654s][info ][safepoint     ] Application time: 11.0021935 seconds
[2023-10-01T17:24:22.619+0000][2598.654s][info ][safepoint     ] Entering safepoint region: Cleanup
[2023-10-01T17:24:22.620+0000][2598.655s][info ][safepoint     ] Leaving safepoint region
[2023-10-01T17:24:22.620+0000][2598.655s][info ][safepoint     ] Total time for which application threads were stopped: 0.0013798 seconds, Stopping threads took: 0.0004240 seconds
[2023-10-01T17:24:24.621+0000][2600.656s][debug][safepoint     ] Safepoint synchronization initiated. (176 threads)
[2023-10-01T17:24:24.622+0000][2600.657s][info ][safepoint     ] Application time: 2.0012769 seconds
[2023-10-01T17:24:24.623+0000][2600.658s][info ][safepoint     ] Entering safepoint region: Cleanup
[2023-10-01T17:24:24.623+0000][2600.659s][info ][safepoint     ] Leaving safepoint region
[2023-10-01T17:24:24.624+0000][2600.659s][info ][safepoint     ] Total time for which application threads were stopped: 0.0013969 seconds, Stopping threads took: 0.0006091 seconds
[2023-10-01T17:24:34.626+0000][2610.661s][debug][safepoint     ] Safepoint synchronization initiated. (176 threads)
[2023-10-01T17:24:34.627+0000][2610.662s][info ][safepoint     ] Application time: 10.0023046 seconds
[2023-10-01T17:24:34.627+0000][2610.663s][info ][safepoint     ] Entering safepoint region: Cleanup
[2023-10-01T17:24:34.628+0000][2610.663s][info ][safepoint     ] Leaving safepoint region
[2023-10-01T17:24:34.629+0000][2610.664s][info ][safepoint     ] Total time for which application threads were stopped: 0.0011729 seconds, Stopping threads took: 0.0005106 seconds
[2023-10-01T17:24:51.640+0000][2627.676s][debug][safepoint     ] Safepoint synchronization initiated. (176 threads)
[2023-10-01T17:24:51.640+0000][2627.677s][info ][safepoint     ] Application time: 17.0123410 seconds
[2023-10-01T17:24:51.641+0000][2627.677s][info ][safepoint     ] Entering safepoint region: Cleanup
[2023-10-01T17:24:51.642+0000][2627.678s][info ][safepoint     ] Leaving safepoint region
[2023-10-01T17:24:51.642+0000][2627.678s][info ][safepoint     ] Total time for which application threads were stopped: 0.0010945 seconds, Stopping threads took: 0.0004360 seconds
[2023-10-01T17:26:02.656+0000][2698.691s][debug][safepoint     ] Safepoint synchronization initiated. (176 threads)
[2023-10-01T17:26:02.657+0000][2698.692s][info ][safepoint     ] Application time: 71.0135440 seconds
[2023-10-01T17:26:02.657+0000][2698.693s][info ][safepoint     ] Entering safepoint region: Cleanup
[2023-10-01T17:26:02.658+0000][2698.694s][info ][safepoint     ] Leaving safepoint region
[2023-10-01T17:26:02.658+0000][2698.694s][info ][safepoint     ] Total time for which application threads were stopped: 0.0013574 seconds, Stopping threads took: 0.0006469 seconds
[2023-10-01T17:26:22.663+0000][2718.698s][debug][safepoint     ] Safepoint synchronization initiated. (176 threads)
[2023-10-01T17:26:22.663+0000][2718.699s][info ][safepoint     ] Application time: 20.0044050 seconds
[2023-10-01T17:26:22.664+0000][2718.699s][info ][safepoint     ] Entering safepoint region: Cleanup
[2023-10-01T17:26:22.665+0000][2718.700s][info ][safepoint     ] Leaving safepoint region
[2023-10-01T17:26:22.665+0000][2718.701s][info ][safepoint     ] Total time for which application threads were stopped: 0.0013748 seconds, Stopping threads took: 0.0005992 seconds
[2023-10-01T17:26:44.146+0000][2740.182s][debug][safepoint     ] Safepoint synchronization initiated. (176 threads)
[2023-10-01T17:26:44.147+0000][2740.182s][info ][safepoint     ] Application time: 21.4810518 seconds
[2023-10-01T17:26:44.147+0000][2740.183s][info ][safepoint     ] Entering safepoint region: G1CollectForAllocation
[2023-10-01T17:26:44.148+0000][2740.183s][info ][gc,start      ] GC(91) Pause Young (Normal) (G1 Evacuation Pause)
[2023-10-01T17:26:44.149+0000][2740.184s][info ][gc,task       ] GC(91) Using 8 workers of 8 for evacuation
[2023-10-01T17:26:44.163+0000][2740.199s][info ][gc,phases     ] GC(91)   Pre Evacuate Collection Set: 0.0ms
[2023-10-01T17:26:44.164+0000][2740.199s][info ][gc,phases     ] GC(91)   Evacuate Collection Set: 11.2ms
[2023-10-01T17:26:44.164+0000][2740.200s][info ][gc,phases     ] GC(91)   Post Evacuate Collection Set: 3.1ms
[2023-10-01T17:26:44.165+0000][2740.200s][info ][gc,phases     ] GC(91)   Other: 1.1ms
[2023-10-01T17:26:44.165+0000][2740.201s][info ][gc,heap       ] GC(91) Eden regions: 161->0(163)
[2023-10-01T17:26:44.166+0000][2740.201s][info ][gc,heap       ] GC(91) Survivor regions: 7->6(21)
[2023-10-01T17:26:44.166+0000][2740.202s][info ][gc,heap       ] GC(91) Old regions: 170->170
[2023-10-01T17:26:44.167+0000][2740.202s][info ][gc,heap       ] GC(91) Humongous regions: 0->0
[2023-10-01T17:26:44.167+0000][2740.202s][info ][gc,metaspace  ] GC(91) Metaspace: 180116K(195536K)->180116K(195536K) NonClass: 159553K(171728K)->159553K(171728K) Class: 20563K(23808K)->20563K(23808K)
[2023-10-01T17:26:44.168+0000][2740.203s][info ][gc            ] GC(91) Pause Young (Normal) (G1 Evacuation Pause) 335M->173M(384M) 19.718ms
[2023-10-01T17:26:44.168+0000][2740.204s][info ][gc,cpu        ] GC(91) User=0.11s Sys=0.00s Real=0.02s
[2023-10-01T17:26:44.169+0000][2740.204s][info ][safepoint     ] Leaving safepoint region
[2023-10-01T17:26:44.169+0000][2740.205s][info ][safepoint     ] Total time for which application threads were stopped: 0.0218901 seconds, Stopping threads took: 0.0003987 seconds
[2023-10-01T17:26:44.170+0000][2740.205s][info ][gc,stringdedup] Concurrent String Deduplication (2740.205s)
[2023-10-01T17:26:44.170+0000][2740.206s][info ][gc,stringdedup] Concurrent String Deduplication 72.0B->0.0B(72.0B) avg 53.9% (2740.205s, 2740.206s) 0.503ms
[2023-10-01T17:27:34.178+0000][2790.213s][debug][safepoint     ] Safepoint synchronization initiated. (176 threads)
[2023-10-01T17:27:34.179+0000][2790.214s][info ][safepoint     ] Application time: 50.0090469 seconds
[2023-10-01T17:27:34.180+0000][2790.215s][info ][safepoint     ] Entering safepoint region: Cleanup
[2023-10-01T17:27:34.181+0000][2790.216s][info ][safepoint     ] Leaving safepoint region
[2023-10-01T17:27:34.181+0000][2790.216s][info ][safepoint     ] Total time for which application threads were stopped: 0.0015039 seconds, Stopping threads took: 0.0006660 seconds
[2023-10-01T17:28:39.193+0000][2855.228s][debug][safepoint     ] Safepoint synchronization initiated. (176 threads)
[2023-10-01T17:28:39.194+0000][2855.229s][info ][safepoint     ] Application time: 65.0119534 seconds
[2023-10-01T17:28:39.194+0000][2855.229s][info ][safepoint     ] Entering safepoint region: Cleanup
[2023-10-01T17:28:39.195+0000][2855.230s][info ][safepoint     ] Leaving safepoint region
[2023-10-01T17:28:39.196+0000][2855.231s][info ][safepoint     ] Total time for which application threads were stopped: 0.0014093 seconds, Stopping threads took: 0.0006741 seconds
[2023-10-01T17:29:12.202+0000][2888.237s][debug][safepoint     ] Safepoint synchronization initiated. (176 threads)
[2023-10-01T17:29:12.203+0000][2888.238s][info ][safepoint     ] Application time: 33.0064974 seconds
[2023-10-01T17:29:12.203+0000][2888.238s][info ][safepoint     ] Entering safepoint region: Cleanup
[2023-10-01T17:29:12.204+0000][2888.239s][info ][safepoint     ] Leaving safepoint region
[2023-10-01T17:29:12.204+0000][2888.239s][info ][safepoint     ] Total time for which application threads were stopped: 0.0012732 seconds, Stopping threads took: 0.0005836 seconds
[2023-10-01T17:29:47.503+0000][2923.537s][debug][safepoint     ] Safepoint synchronization initiated. (176 threads)
[2023-10-01T17:29:47.503+0000][2923.538s][info ][safepoint     ] Application time: 35.2983211 seconds
[2023-10-01T17:29:47.504+0000][2923.539s][info ][safepoint     ] Entering safepoint region: G1CollectForAllocation
[2023-10-01T17:29:47.505+0000][2923.539s][info ][gc,start      ] GC(92) Pause Young (Normal) (G1 Evacuation Pause)
[2023-10-01T17:29:47.505+0000][2923.540s][info ][gc,task       ] GC(92) Using 8 workers of 8 for evacuation
[2023-10-01T17:29:47.523+0000][2923.558s][info ][gc,phases     ] GC(92)   Pre Evacuate Collection Set: 0.0ms
[2023-10-01T17:29:47.524+0000][2923.559s][info ][gc,phases     ] GC(92)   Evacuate Collection Set: 12.9ms
[2023-10-01T17:29:47.524+0000][2923.559s][info ][gc,phases     ] GC(92)   Post Evacuate Collection Set: 4.1ms
[2023-10-01T17:29:47.525+0000][2923.560s][info ][gc,phases     ] GC(92)   Other: 1.4ms
[2023-10-01T17:29:47.526+0000][2923.560s][info ][gc,heap       ] GC(92) Eden regions: 163->0(163)
[2023-10-01T17:29:47.526+0000][2923.561s][info ][gc,heap       ] GC(92) Survivor regions: 6->6(22)
[2023-10-01T17:29:47.527+0000][2923.561s][info ][gc,heap       ] GC(92) Old regions: 170->170
[2023-10-01T17:29:47.527+0000][2923.562s][info ][gc,heap       ] GC(92) Humongous regions: 0->0
[2023-10-01T17:29:47.528+0000][2923.563s][info ][gc,metaspace  ] GC(92) Metaspace: 180119K(195536K)->180119K(195536K) NonClass: 159556K(171728K)->159556K(171728K) Class: 20563K(23808K)->20563K(23808K)
[2023-10-01T17:29:47.529+0000][2923.563s][info ][gc            ] GC(92) Pause Young (Normal) (G1 Evacuation Pause) 336M->173M(384M) 23.934ms
[2023-10-01T17:29:47.529+0000][2923.564s][info ][gc,cpu        ] GC(92) User=0.13s Sys=0.00s Real=0.02s
[2023-10-01T17:29:47.530+0000][2923.564s][info ][safepoint     ] Leaving safepoint region
[2023-10-01T17:29:47.530+0000][2923.565s][info ][safepoint     ] Total time for which application threads were stopped: 0.0260520 seconds, Stopping threads took: 0.0005427 seconds
[2023-10-01T17:29:47.530+0000][2923.565s][info ][gc,stringdedup] Concurrent String Deduplication (2923.565s)
[2023-10-01T17:29:47.531+0000][2923.566s][info ][gc,stringdedup] Concurrent String Deduplication 0.0B->0.0B(0.0B) avg 53.9% (2923.565s, 2923.566s) 0.417ms
[2023-10-01T17:30:43.539+0000][2979.575s][debug][safepoint     ] Safepoint synchronization initiated. (176 threads)
[2023-10-01T17:30:43.540+0000][2979.576s][info ][safepoint     ] Application time: 56.0108249 seconds
[2023-10-01T17:30:43.540+0000][2979.577s][info ][safepoint     ] Entering safepoint region: Cleanup
[2023-10-01T17:30:43.541+0000][2979.577s][info ][safepoint     ] Leaving safepoint region
[2023-10-01T17:30:43.542+0000][2979.578s][info ][safepoint     ] Total time for which application threads were stopped: 0.0013531 seconds, Stopping threads took: 0.0004981 seconds
[2023-10-01T17:30:51.544+0000][2987.580s][debug][safepoint     ] Safepoint synchronization initiated. (176 threads)
[2023-10-01T17:30:51.545+0000][2987.581s][info ][safepoint     ] Application time: 8.0024224 seconds
[2023-10-01T17:30:51.545+0000][2987.581s][info ][safepoint     ] Entering safepoint region: Cleanup
[2023-10-01T17:30:51.546+0000][2987.582s][info ][safepoint     ] Leaving safepoint region
[2023-10-01T17:30:51.546+0000][2987.583s][info ][safepoint     ] Total time for which application threads were stopped: 0.0011553 seconds, Stopping threads took: 0.0005098 seconds
[2023-10-01T17:32:19.564+0000][3075.598s][debug][safepoint     ] Safepoint synchronization initiated. (176 threads)
[2023-10-01T17:32:19.565+0000][3075.599s][info ][safepoint     ] Application time: 88.0159578 seconds
[2023-10-01T17:32:19.565+0000][3075.600s][info ][safepoint     ] Entering safepoint region: Cleanup
[2023-10-01T17:32:19.567+0000][3075.601s][info ][safepoint     ] Leaving safepoint region
[2023-10-01T17:32:19.568+0000][3075.602s][info ][safepoint     ] Total time for which application threads were stopped: 0.0026958 seconds, Stopping threads took: 0.0012532 seconds
[2023-10-01T17:32:51.066+0000][3107.104s][debug][safepoint     ] Safepoint synchronization initiated. (176 threads)
[2023-10-01T17:32:51.067+0000][3107.105s][info ][safepoint     ] Application time: 31.5024894 seconds
[2023-10-01T17:32:51.068+0000][3107.106s][info ][safepoint     ] Entering safepoint region: G1CollectForAllocation
[2023-10-01T17:32:51.069+0000][3107.107s][info ][gc,start      ] GC(93) Pause Young (Normal) (G1 Evacuation Pause)
[2023-10-01T17:32:51.069+0000][3107.107s][info ][gc,task       ] GC(93) Using 8 workers of 8 for evacuation
[2023-10-01T17:32:51.091+0000][3107.130s][info ][gc,phases     ] GC(93)   Pre Evacuate Collection Set: 0.0ms
[2023-10-01T17:32:51.092+0000][3107.130s][info ][gc,phases     ] GC(93)   Evacuate Collection Set: 17.3ms
[2023-10-01T17:32:51.093+0000][3107.131s][info ][gc,phases     ] GC(93)   Post Evacuate Collection Set: 4.2ms
[2023-10-01T17:32:51.093+0000][3107.132s][info ][gc,phases     ] GC(93)   Other: 1.3ms
[2023-10-01T17:32:51.094+0000][3107.132s][info ][gc,heap       ] GC(93) Eden regions: 163->0(163)
[2023-10-01T17:32:51.094+0000][3107.133s][info ][gc,heap       ] GC(93) Survivor regions: 6->5(22)
[2023-10-01T17:32:51.095+0000][3107.133s][info ][gc,heap       ] GC(93) Old regions: 170->171
[2023-10-01T17:32:51.095+0000][3107.134s][info ][gc,heap       ] GC(93) Humongous regions: 0->0
[2023-10-01T17:32:51.096+0000][3107.134s][info ][gc,metaspace  ] GC(93) Metaspace: 180123K(195536K)->180123K(195536K) NonClass: 159560K(171728K)->159560K(171728K) Class: 20563K(23808K)->20563K(23808K)
[2023-10-01T17:32:51.096+0000][3107.135s][info ][gc            ] GC(93) Pause Young (Normal) (G1 Evacuation Pause) 336M->174M(384M) 27.910ms
[2023-10-01T17:32:51.097+0000][3107.135s][info ][gc,cpu        ] GC(93) User=0.15s Sys=0.00s Real=0.03s
[2023-10-01T17:32:51.098+0000][3107.136s][info ][safepoint     ] Leaving safepoint region
[2023-10-01T17:32:51.098+0000][3107.136s][info ][safepoint     ] Total time for which application threads were stopped: 0.0304400 seconds, Stopping threads took: 0.0005574 seconds
[2023-10-01T17:32:51.099+0000][3107.137s][info ][gc,stringdedup] Concurrent String Deduplication (3107.137s)
[2023-10-01T17:32:51.099+0000][3107.137s][info ][gc,stringdedup] Concurrent String Deduplication 0.0B->0.0B(0.0B) avg 53.9% (3107.137s, 3107.137s) 0.512ms
[2023-10-01T17:34:43.124+0000][3219.156s][debug][safepoint     ] Safepoint synchronization initiated. (176 threads)
[2023-10-01T17:34:43.124+0000][3219.156s][info ][safepoint     ] Application time: 112.0193893 seconds
[2023-10-01T17:34:43.125+0000][3219.157s][info ][safepoint     ] Entering safepoint region: Cleanup
[2023-10-01T17:34:43.126+0000][3219.158s][info ][safepoint     ] Leaving safepoint region
[2023-10-01T17:34:43.126+0000][3219.158s][info ][safepoint     ] Total time for which application threads were stopped: 0.0013298 seconds, Stopping threads took: 0.0005547 seconds
[2023-10-01T17:34:44.127+0000][3220.159s][debug][safepoint     ] Safepoint synchronization initiated. (176 threads)
[2023-10-01T17:34:44.128+0000][3220.159s][info ][safepoint     ] Application time: 1.0009113 seconds
[2023-10-01T17:34:44.128+0000][3220.160s][info ][safepoint     ] Entering safepoint region: Cleanup
[2023-10-01T17:34:44.129+0000][3220.161s][info ][safepoint     ] Leaving safepoint region
[2023-10-01T17:34:44.129+0000][3220.161s][info ][safepoint     ] Total time for which application threads were stopped: 0.0011769 seconds, Stopping threads took: 0.0004405 seconds
[2023-10-01T17:35:51.141+0000][3287.173s][debug][safepoint     ] Safepoint synchronization initiated. (176 threads)
[2023-10-01T17:35:51.142+0000][3287.173s][info ][safepoint     ] Application time: 67.0117736 seconds
[2023-10-01T17:35:51.142+0000][3287.174s][info ][safepoint     ] Entering safepoint region: Cleanup
[2023-10-01T17:35:51.143+0000][3287.175s][info ][safepoint     ] Leaving safepoint region
[2023-10-01T17:35:51.143+0000][3287.175s][info ][safepoint     ] Total time for which application threads were stopped: 0.0012026 seconds, Stopping threads took: 0.0005641 seconds
[2023-10-01T17:35:54.581+0000][3290.613s][debug][safepoint     ] Safepoint synchronization initiated. (176 threads)
[2023-10-01T17:35:54.582+0000][3290.614s][info ][safepoint     ] Application time: 3.4382949 seconds
[2023-10-01T17:35:54.583+0000][3290.614s][info ][safepoint     ] Entering safepoint region: G1CollectForAllocation
[2023-10-01T17:35:54.583+0000][3290.615s][info ][gc,start      ] GC(94) Pause Young (Normal) (G1 Evacuation Pause)
[2023-10-01T17:35:54.584+0000][3290.616s][info ][gc,task       ] GC(94) Using 8 workers of 8 for evacuation
[2023-10-01T17:35:54.601+0000][3290.633s][info ][gc,phases     ] GC(94)   Pre Evacuate Collection Set: 0.0ms
[2023-10-01T17:35:54.602+0000][3290.634s][info ][gc,phases     ] GC(94)   Evacuate Collection Set: 12.6ms
[2023-10-01T17:35:54.602+0000][3290.634s][info ][gc,phases     ] GC(94)   Post Evacuate Collection Set: 4.0ms
[2023-10-01T17:35:54.603+0000][3290.635s][info ][gc,phases     ] GC(94)   Other: 1.2ms
[2023-10-01T17:35:54.603+0000][3290.635s][info ][gc,heap       ] GC(94) Eden regions: 163->0(164)
[2023-10-01T17:35:54.604+0000][3290.635s][info ][gc,heap       ] GC(94) Survivor regions: 5->4(21)
[2023-10-01T17:35:54.604+0000][3290.636s][info ][gc,heap       ] GC(94) Old regions: 171->172
[2023-10-01T17:35:54.605+0000][3290.636s][info ][gc,heap       ] GC(94) Humongous regions: 0->0
[2023-10-01T17:35:54.605+0000][3290.637s][info ][gc,metaspace  ] GC(94) Metaspace: 180134K(195536K)->180134K(195536K) NonClass: 159570K(171728K)->159570K(171728K) Class: 20563K(23808K)->20563K(23808K)
[2023-10-01T17:35:54.606+0000][3290.638s][info ][gc            ] GC(94) Pause Young (Normal) (G1 Evacuation Pause) 337M->174M(384M) 22.410ms
[2023-10-01T17:35:54.606+0000][3290.638s][info ][gc,cpu        ] GC(94) User=0.12s Sys=0.00s Real=0.03s
[2023-10-01T17:35:54.607+0000][3290.639s][info ][safepoint     ] Leaving safepoint region
[2023-10-01T17:35:54.607+0000][3290.639s][info ][safepoint     ] Total time for which application threads were stopped: 0.0248550 seconds, Stopping threads took: 0.0005842 seconds
[2023-10-01T17:35:54.608+0000][3290.640s][info ][gc,stringdedup] Concurrent String Deduplication (3290.640s)
[2023-10-01T17:35:54.608+0000][3290.640s][info ][gc,stringdedup] Concurrent String Deduplication 0.0B->0.0B(0.0B) avg 53.9% (3290.640s, 3290.640s) 0.497ms
[2023-10-01T17:36:14.611+0000][3310.643s][debug][safepoint     ] Safepoint synchronization initiated. (176 threads)
[2023-10-01T17:36:14.612+0000][3310.644s][info ][safepoint     ] Application time: 20.0041295 seconds
[2023-10-01T17:36:14.612+0000][3310.644s][info ][safepoint     ] Entering safepoint region: Cleanup
[2023-10-01T17:36:14.613+0000][3310.645s][info ][safepoint     ] Leaving safepoint region
[2023-10-01T17:36:14.614+0000][3310.646s][info ][safepoint     ] Total time for which application threads were stopped: 0.0014158 seconds, Stopping threads took: 0.0007554 seconds
[2023-10-01T17:36:19.615+0000][3315.647s][debug][safepoint     ] Safepoint synchronization initiated. (176 threads)
[2023-10-01T17:36:19.616+0000][3315.648s][info ][safepoint     ] Application time: 5.0015916 seconds
[2023-10-01T17:36:19.617+0000][3315.648s][info ][safepoint     ] Entering safepoint region: Cleanup
[2023-10-01T17:36:19.617+0000][3315.649s][info ][safepoint     ] Leaving safepoint region
[2023-10-01T17:36:19.618+0000][3315.650s][info ][safepoint     ] Total time for which application threads were stopped: 0.0012931 seconds, Stopping threads took: 0.0005656 seconds
[2023-10-01T17:36:43.622+0000][3339.654s][debug][safepoint     ] Safepoint synchronization initiated. (176 threads)
[2023-10-01T17:36:43.624+0000][3339.656s][info ][safepoint     ] Application time: 24.0062050 seconds
[2023-10-01T17:36:43.635+0000][3339.667s][info ][safepoint     ] Entering safepoint region: Cleanup
[2023-10-01T17:36:43.639+0000][3339.671s][info ][safepoint     ] Leaving safepoint region
[2023-10-01T17:36:43.641+0000][3339.673s][info ][safepoint     ] Total time for which application threads were stopped: 0.0064046 seconds, Stopping threads took: 0.0040475 seconds
[2023-10-01T17:37:19.649+0000][3375.681s][debug][safepoint     ] Safepoint synchronization initiated. (176 threads)
[2023-10-01T17:37:19.650+0000][3375.682s][info ][safepoint     ] Application time: 36.0067639 seconds
[2023-10-01T17:37:19.650+0000][3375.682s][info ][safepoint     ] Entering safepoint region: Cleanup
[2023-10-01T17:37:19.651+0000][3375.683s][info ][safepoint     ] Leaving safepoint region
[2023-10-01T17:37:19.652+0000][3375.684s][info ][safepoint     ] Total time for which application threads were stopped: 0.0015044 seconds, Stopping threads took: 0.0005683 seconds
[2023-10-01T17:37:33.655+0000][3389.687s][debug][safepoint     ] Safepoint synchronization initiated. (176 threads)
[2023-10-01T17:37:33.657+0000][3389.689s][info ][safepoint     ] Application time: 14.0044654 seconds
[2023-10-01T17:37:33.658+0000][3389.690s][info ][safepoint     ] Entering safepoint region: Cleanup
[2023-10-01T17:37:33.659+0000][3389.691s][info ][safepoint     ] Leaving safepoint region
[2023-10-01T17:37:33.659+0000][3389.691s][info ][safepoint     ] Total time for which application threads were stopped: 0.0018597 seconds, Stopping threads took: 0.0009502 seconds
[2023-10-01T17:38:10.667+0000][3426.699s][debug][safepoint     ] Safepoint synchronization initiated. (176 threads)
[2023-10-01T17:38:10.667+0000][3426.699s][info ][safepoint     ] Application time: 37.0074202 seconds
[2023-10-01T17:38:10.668+0000][3426.700s][info ][safepoint     ] Entering safepoint region: Cleanup
[2023-10-01T17:38:10.669+0000][3426.701s][info ][safepoint     ] Leaving safepoint region
[2023-10-01T17:38:10.669+0000][3426.701s][info ][safepoint     ] Total time for which application threads were stopped: 0.0013102 seconds, Stopping threads took: 0.0005170 seconds
[2023-10-01T17:38:57.200+0000][3473.232s][debug][safepoint     ] Safepoint synchronization initiated. (176 threads)
[2023-10-01T17:38:57.200+0000][3473.232s][info ][safepoint     ] Application time: 46.5309463 seconds
[2023-10-01T17:38:57.201+0000][3473.233s][info ][safepoint     ] Entering safepoint region: G1CollectForAllocation
[2023-10-01T17:38:57.202+0000][3473.234s][info ][gc,start      ] GC(95) Pause Young (Normal) (G1 Evacuation Pause)
[2023-10-01T17:38:57.202+0000][3473.234s][info ][gc,task       ] GC(95) Using 8 workers of 8 for evacuation
[2023-10-01T17:38:57.216+0000][3473.248s][info ][gc,phases     ] GC(95)   Pre Evacuate Collection Set: 0.0ms
[2023-10-01T17:38:57.216+0000][3473.248s][info ][gc,phases     ] GC(95)   Evacuate Collection Set: 7.7ms
[2023-10-01T17:38:57.217+0000][3473.249s][info ][gc,phases     ] GC(95)   Post Evacuate Collection Set: 4.6ms
[2023-10-01T17:38:57.217+0000][3473.249s][info ][gc,phases     ] GC(95)   Other: 1.5ms
[2023-10-01T17:38:57.218+0000][3473.250s][info ][gc,heap       ] GC(95) Eden regions: 164->0(164)
[2023-10-01T17:38:57.218+0000][3473.250s][info ][gc,heap       ] GC(95) Survivor regions: 4->3(21)
[2023-10-01T17:38:57.219+0000][3473.251s][info ][gc,heap       ] GC(95) Old regions: 172->173
[2023-10-01T17:38:57.219+0000][3473.251s][info ][gc,heap       ] GC(95) Humongous regions: 0->0
[2023-10-01T17:38:57.220+0000][3473.252s][info ][gc,metaspace  ] GC(95) Metaspace: 180149K(195536K)->180149K(195536K) NonClass: 159586K(171728K)->159586K(171728K) Class: 20563K(23808K)->20563K(23808K)
[2023-10-01T17:38:57.220+0000][3473.252s][info ][gc            ] GC(95) Pause Young (Normal) (G1 Evacuation Pause) 338M->173M(384M) 18.077ms
[2023-10-01T17:38:57.221+0000][3473.253s][info ][gc,cpu        ] GC(95) User=0.09s Sys=0.00s Real=0.02s
[2023-10-01T17:38:57.221+0000][3473.253s][info ][safepoint     ] Leaving safepoint region
[2023-10-01T17:38:57.221+0000][3473.253s][info ][safepoint     ] Total time for which application threads were stopped: 0.0202836 seconds, Stopping threads took: 0.0005822 seconds
[2023-10-01T17:38:57.222+0000][3473.254s][info ][gc,stringdedup] Concurrent String Deduplication (3473.254s)
[2023-10-01T17:38:57.222+0000][3473.254s][info ][gc,stringdedup] Concurrent String Deduplication 0.0B->0.0B(0.0B) avg 53.9% (3473.254s, 3473.254s) 0.398ms
[2023-10-01T17:40:05.232+0000][3541.265s][debug][safepoint     ] Safepoint synchronization initiated. (178 threads)
[2023-10-01T17:40:05.233+0000][3541.265s][info ][safepoint     ] Application time: 68.0116792 seconds
[2023-10-01T17:40:05.233+0000][3541.266s][info ][safepoint     ] Entering safepoint region: Cleanup
[2023-10-01T17:40:05.234+0000][3541.267s][info ][safepoint     ] Leaving safepoint region
[2023-10-01T17:40:05.235+0000][3541.267s][info ][safepoint     ] Total time for which application threads were stopped: 0.0011711 seconds, Stopping threads took: 0.0005353 seconds
[2023-10-01T17:40:07.235+0000][3543.268s][debug][safepoint     ] Safepoint synchronization initiated. (178 threads)
[2023-10-01T17:40:07.236+0000][3543.269s][info ][safepoint     ] Application time: 2.0011903 seconds
[2023-10-01T17:40:07.237+0000][3543.269s][info ][safepoint     ] Entering safepoint region: Cleanup
[2023-10-01T17:40:07.238+0000][3543.270s][info ][safepoint     ] Leaving safepoint region
[2023-10-01T17:40:07.238+0000][3543.271s][info ][safepoint     ] Total time for which application threads were stopped: 0.0013330 seconds, Stopping threads took: 0.0006356 seconds
[2023-10-01T17:40:18.241+0000][3554.273s][debug][safepoint     ] Safepoint synchronization initiated. (176 threads)
[2023-10-01T17:40:18.244+0000][3554.276s][info ][safepoint     ] Application time: 11.0044202 seconds
[2023-10-01T17:40:18.245+0000][3554.277s][info ][safepoint     ] Entering safepoint region: Cleanup
[2023-10-01T17:40:18.246+0000][3554.278s][info ][safepoint     ] Leaving safepoint region
[2023-10-01T17:40:18.247+0000][3554.279s][info ][safepoint     ] Total time for which application threads were stopped: 0.0018765 seconds, Stopping threads took: 0.0007743 seconds
[2023-10-01T17:40:19.247+0000][3555.279s][debug][safepoint     ] Safepoint synchronization initiated. (178 threads)
[2023-10-01T17:40:19.248+0000][3555.280s][info ][safepoint     ] Application time: 1.0007712 seconds
[2023-10-01T17:40:19.249+0000][3555.281s][info ][safepoint     ] Entering safepoint region: Cleanup
[2023-10-01T17:40:19.249+0000][3555.281s][info ][safepoint     ] Leaving safepoint region
[2023-10-01T17:40:19.250+0000][3555.282s][info ][safepoint     ] Total time for which application threads were stopped: 0.0013873 seconds, Stopping threads took: 0.0005201 seconds
[2023-10-01T17:40:23.251+0000][3559.284s][debug][safepoint     ] Safepoint synchronization initiated. (178 threads)
[2023-10-01T17:40:23.252+0000][3559.284s][info ][safepoint     ] Application time: 4.0018727 seconds
[2023-10-01T17:40:23.253+0000][3559.285s][info ][safepoint     ] Entering safepoint region: Cleanup
[2023-10-01T17:40:23.253+0000][3559.285s][info ][safepoint     ] Leaving safepoint region
[2023-10-01T17:40:23.254+0000][3559.286s][info ][safepoint     ] Total time for which application threads were stopped: 0.0013563 seconds, Stopping threads took: 0.0004618 seconds
[2023-10-01T17:40:24.680+0000][3560.712s][debug][safepoint     ] Safepoint synchronization initiated. (180 threads)
[2023-10-01T17:40:24.680+0000][3560.712s][info ][safepoint     ] Application time: 1.4256822 seconds
[2023-10-01T17:40:24.681+0000][3560.713s][info ][safepoint     ] Entering safepoint region: Deoptimize
[2023-10-01T17:40:24.873+0000][3560.905s][info ][safepoint     ] Leaving safepoint region
[2023-10-01T17:40:24.873+0000][3560.905s][info ][safepoint     ] Total time for which application threads were stopped: 0.1923648 seconds, Stopping threads took: 0.0007648 seconds
[2023-10-01T17:40:25.874+0000][3561.906s][debug][safepoint     ] Safepoint synchronization initiated. (180 threads)
[2023-10-01T17:40:25.874+0000][3561.907s][info ][safepoint     ] Application time: 1.0009053 seconds
[2023-10-01T17:40:25.875+0000][3561.907s][info ][safepoint     ] Entering safepoint region: Cleanup
[2023-10-01T17:40:25.876+0000][3561.908s][info ][safepoint     ] Leaving safepoint region
[2023-10-01T17:40:25.876+0000][3561.908s][info ][safepoint     ] Total time for which application threads were stopped: 0.0012870 seconds, Stopping threads took: 0.0005014 seconds
[2023-10-01T17:40:28.877+0000][3564.909s][debug][safepoint     ] Safepoint synchronization initiated. (180 threads)
[2023-10-01T17:40:28.878+0000][3564.910s][info ][safepoint     ] Application time: 3.0010105 seconds
[2023-10-01T17:40:28.878+0000][3564.910s][info ][safepoint     ] Entering safepoint region: Cleanup
[2023-10-01T17:40:28.879+0000][3564.911s][info ][safepoint     ] Leaving safepoint region
[2023-10-01T17:40:28.880+0000][3564.912s][info ][safepoint     ] Total time for which application threads were stopped: 0.0012150 seconds, Stopping threads took: 0.0004627 seconds
[2023-10-01T17:40:31.881+0000][3567.913s][debug][safepoint     ] Safepoint synchronization initiated. (180 threads)
[2023-10-01T17:40:31.882+0000][3567.914s][info ][safepoint     ] Application time: 3.0017184 seconds
[2023-10-01T17:40:31.882+0000][3567.914s][info ][safepoint     ] Entering safepoint region: Cleanup
[2023-10-01T17:40:31.883+0000][3567.915s][info ][safepoint     ] Leaving safepoint region
[2023-10-01T17:40:31.883+0000][3567.916s][info ][safepoint     ] Total time for which application threads were stopped: 0.0013105 seconds, Stopping threads took: 0.0005345 seconds
[2023-10-01T17:40:32.884+0000][3568.916s][debug][safepoint     ] Safepoint synchronization initiated. (180 threads)
[2023-10-01T17:40:32.885+0000][3568.917s][info ][safepoint     ] Application time: 1.0011286 seconds
[2023-10-01T17:40:32.888+0000][3568.920s][debug][safepoint     ] ... found polling page return exception at pc = 0x00007f51888db999, stub =0x00007f5180840600
[2023-10-01T17:40:32.890+0000][3568.922s][debug][safepoint     ] Waiting for 1 thread(s) to block
[2023-10-01T17:40:32.891+0000][3568.923s][info ][safepoint     ] Entering safepoint region: Cleanup
[2023-10-01T17:40:32.892+0000][3568.924s][info ][safepoint     ] Leaving safepoint region
[2023-10-01T17:40:32.892+0000][3568.925s][info ][safepoint     ] Total time for which application threads were stopped: 0.0066214 seconds, Stopping threads took: 0.0057740 seconds
[2023-10-01T17:40:33.893+0000][3569.925s][debug][safepoint     ] Safepoint synchronization initiated. (180 threads)
[2023-10-01T17:40:33.894+0000][3569.926s][info ][safepoint     ] Application time: 1.0008921 seconds
[2023-10-01T17:40:33.894+0000][3569.927s][info ][safepoint     ] Entering safepoint region: Cleanup
[2023-10-01T17:40:33.895+0000][3569.927s][info ][safepoint     ] Leaving safepoint region
[2023-10-01T17:40:33.896+0000][3569.928s][info ][safepoint     ] Total time for which application threads were stopped: 0.0013569 seconds, Stopping threads took: 0.0006316 seconds
[2023-10-01T17:40:35.896+0000][3571.929s][debug][safepoint     ] Safepoint synchronization initiated. (179 threads)
[2023-10-01T17:40:35.897+0000][3571.929s][info ][safepoint     ] Application time: 2.0011003 seconds
[2023-10-01T17:40:35.898+0000][3571.930s][info ][safepoint     ] Entering safepoint region: Cleanup
[2023-10-01T17:40:35.899+0000][3571.931s][info ][safepoint     ] Leaving safepoint region
[2023-10-01T17:40:35.899+0000][3571.931s][info ][safepoint     ] Total time for which application threads were stopped: 0.0013819 seconds, Stopping threads took: 0.0006652 seconds
[2023-10-01T17:40:40.901+0000][3576.933s][debug][safepoint     ] Safepoint synchronization initiated. (179 threads)
[2023-10-01T17:40:40.901+0000][3576.933s][info ][safepoint     ] Application time: 5.0013948 seconds
[2023-10-01T17:40:40.902+0000][3576.934s][info ][safepoint     ] Entering safepoint region: Cleanup
[2023-10-01T17:40:40.903+0000][3576.936s][info ][safepoint     ] Leaving safepoint region
[2023-10-01T17:40:40.904+0000][3576.936s][info ][safepoint     ] Total time for which application threads were stopped: 0.0018244 seconds, Stopping threads took: 0.0008312 seconds
[2023-10-01T17:40:48.972+0000][3585.004s][debug][safepoint     ] Safepoint synchronization initiated. (179 threads)
[2023-10-01T17:40:48.973+0000][3585.005s][info ][safepoint     ] Application time: 8.0683789 seconds
[2023-10-01T17:40:48.973+0000][3585.006s][info ][safepoint     ] Entering safepoint region: G1CollectForAllocation
[2023-10-01T17:40:48.974+0000][3585.007s][info ][gc,start      ] GC(96) Pause Young (Concurrent Start) (G1 Evacuation Pause)
[2023-10-01T17:40:48.975+0000][3585.007s][info ][gc,task       ] GC(96) Using 8 workers of 8 for evacuation
[2023-10-01T17:40:49.019+0000][3585.051s][info ][gc,phases     ] GC(96)   Pre Evacuate Collection Set: 1.5ms
[2023-10-01T17:40:49.019+0000][3585.052s][info ][gc,phases     ] GC(96)   Evacuate Collection Set: 38.0ms
[2023-10-01T17:40:49.020+0000][3585.052s][info ][gc,phases     ] GC(96)   Post Evacuate Collection Set: 3.7ms
[2023-10-01T17:40:49.020+0000][3585.053s][info ][gc,phases     ] GC(96)   Other: 1.4ms
[2023-10-01T17:40:49.021+0000][3585.053s][info ][gc,heap       ] GC(96) Eden regions: 164->0(163)
[2023-10-01T17:40:49.021+0000][3585.054s][info ][gc,heap       ] GC(96) Survivor regions: 3->2(21)
[2023-10-01T17:40:49.022+0000][3585.054s][info ][gc,heap       ] GC(96) Old regions: 173->175
[2023-10-01T17:40:49.022+0000][3585.054s][info ][gc,heap       ] GC(96) Humongous regions: 0->0
[2023-10-01T17:40:49.023+0000][3585.055s][info ][gc,metaspace  ] GC(96) Metaspace: 180350K(195536K)->180350K(195536K) NonClass: 159779K(171728K)->159779K(171728K) Class: 20571K(23808K)->20571K(23808K)
[2023-10-01T17:40:49.023+0000][3585.055s][info ][gc            ] GC(96) Pause Young (Concurrent Start) (G1 Evacuation Pause) 337M->174M(384M) 48.882ms
[2023-10-01T17:40:49.024+0000][3585.056s][info ][gc,cpu        ] GC(96) User=0.20s Sys=0.01s Real=0.05s
[2023-10-01T17:40:49.024+0000][3585.057s][info ][safepoint     ] Leaving safepoint region
[2023-10-01T17:40:49.025+0000][3585.057s][info ][safepoint     ] Total time for which application threads were stopped: 0.0513789 seconds, Stopping threads took: 0.0006287 seconds
[2023-10-01T17:40:49.025+0000][3585.057s][info ][gc            ] GC(97) Concurrent Cycle
[2023-10-01T17:40:49.025+0000][3585.058s][info ][gc,stringdedup] Concurrent String Deduplication (3585.058s)
[2023-10-01T17:40:49.026+0000][3585.058s][info ][gc,stringdedup] Concurrent String Deduplication 0.0B->0.0B(0.0B) avg 53.9% (3585.058s, 3585.058s) 0.841ms
[2023-10-01T17:40:49.026+0000][3585.058s][info ][gc,marking    ] GC(97) Concurrent Clear Claimed Marks
[2023-10-01T17:40:49.028+0000][3585.060s][info ][gc,marking    ] GC(97) Concurrent Clear Claimed Marks 2.119ms
[2023-10-01T17:40:49.028+0000][3585.060s][info ][gc,marking    ] GC(97) Concurrent Scan Root Regions
[2023-10-01T17:40:49.108+0000][3585.140s][info ][gc,marking    ] GC(97) Concurrent Scan Root Regions 79.360ms
[2023-10-01T17:40:49.108+0000][3585.140s][info ][gc,marking    ] GC(97) Concurrent Mark (3585.140s)
[2023-10-01T17:40:49.109+0000][3585.141s][info ][gc,marking    ] GC(97) Concurrent Mark From Roots
[2023-10-01T17:40:49.110+0000][3585.142s][info ][gc,task       ] GC(97) Using 2 workers of 2 for marking
[2023-10-01T17:40:49.664+0000][3585.697s][info ][gc,marking    ] GC(97) Concurrent Mark From Roots 555.786ms
[2023-10-01T17:40:49.665+0000][3585.697s][info ][gc,marking    ] GC(97) Concurrent Preclean
[2023-10-01T17:40:49.669+0000][3585.701s][info ][gc,marking    ] GC(97) Concurrent Preclean 4.082ms
[2023-10-01T17:40:49.670+0000][3585.702s][info ][gc,marking    ] GC(97) Concurrent Mark (3585.140s, 3585.702s) 561.639ms
[2023-10-01T17:40:49.670+0000][3585.703s][debug][safepoint     ] Safepoint synchronization initiated. (179 threads)
[2023-10-01T17:40:49.672+0000][3585.704s][info ][safepoint     ] Application time: 0.6466950 seconds
[2023-10-01T17:40:49.673+0000][3585.705s][info ][safepoint     ] Entering safepoint region: CGC_Operation
[2023-10-01T17:40:49.674+0000][3585.707s][info ][gc,start      ] GC(97) Pause Remark
[2023-10-01T17:40:50.014+0000][3586.046s][info ][gc,stringtable] GC(97) Cleaned string and symbol table, strings: 85574 processed, 12017 removed, symbols: 414836 processed, 1029 removed
[2023-10-01T17:40:50.041+0000][3586.073s][info ][gc            ] GC(97) Pause Remark 177M->177M(384M) 366.838ms
[2023-10-01T17:40:50.042+0000][3586.074s][info ][gc,cpu        ] GC(97) User=2.28s Sys=0.03s Real=0.37s
[2023-10-01T17:40:50.042+0000][3586.075s][info ][safepoint     ] Leaving safepoint region
[2023-10-01T17:40:50.043+0000][3586.075s][info ][safepoint     ] Total time for which application threads were stopped: 0.3698372 seconds, Stopping threads took: 0.0009195 seconds
[2023-10-01T17:40:50.043+0000][3586.076s][info ][gc,marking    ] GC(97) Concurrent Rebuild Remembered Sets
[2023-10-01T17:40:50.303+0000][3586.335s][info ][gc,marking    ] GC(97) Concurrent Rebuild Remembered Sets 259.434ms
[2023-10-01T17:40:50.304+0000][3586.336s][debug][safepoint     ] Safepoint synchronization initiated. (179 threads)
[2023-10-01T17:40:50.304+0000][3586.337s][info ][safepoint     ] Application time: 0.2609598 seconds
[2023-10-01T17:40:50.305+0000][3586.337s][info ][safepoint     ] Entering safepoint region: CGC_Operation
[2023-10-01T17:40:50.306+0000][3586.339s][info ][gc,start      ] GC(97) Pause Cleanup
[2023-10-01T17:40:50.308+0000][3586.340s][info ][gc            ] GC(97) Pause Cleanup 177M->177M(384M) 1.376ms
[2023-10-01T17:40:50.308+0000][3586.341s][info ][gc,cpu        ] GC(97) User=0.00s Sys=0.00s Real=0.00s
[2023-10-01T17:40:50.309+0000][3586.341s][info ][safepoint     ] Leaving safepoint region
[2023-10-01T17:40:50.309+0000][3586.342s][info ][safepoint     ] Total time for which application threads were stopped: 0.0045420 seconds, Stopping threads took: 0.0006146 seconds
[2023-10-01T17:40:50.310+0000][3586.342s][info ][gc,marking    ] GC(97) Concurrent Cleanup for Next Mark
[2023-10-01T17:40:50.325+0000][3586.358s][info ][gc,marking    ] GC(97) Concurrent Cleanup for Next Mark 15.361ms
[2023-10-01T17:40:50.326+0000][3586.358s][info ][gc            ] GC(97) Concurrent Cycle 1301.461ms
[2023-10-01T17:40:51.310+0000][3587.342s][debug][safepoint     ] Safepoint synchronization initiated. (179 threads)
[2023-10-01T17:40:51.311+0000][3587.343s][info ][safepoint     ] Application time: 1.0009550 seconds
[2023-10-01T17:40:51.311+0000][3587.344s][info ][safepoint     ] Entering safepoint region: Cleanup
[2023-10-01T17:40:51.312+0000][3587.344s][info ][safepoint     ] Leaving safepoint region
[2023-10-01T17:40:51.313+0000][3587.345s][info ][safepoint     ] Total time for which application threads were stopped: 0.0014570 seconds, Stopping threads took: 0.0005054 seconds
[2023-10-01T17:40:52.313+0000][3588.346s][debug][safepoint     ] Safepoint synchronization initiated. (179 threads)
[2023-10-01T17:40:52.314+0000][3588.346s][info ][safepoint     ] Application time: 1.0008909 seconds
[2023-10-01T17:40:52.315+0000][3588.347s][info ][safepoint     ] Entering safepoint region: Cleanup
[2023-10-01T17:40:52.316+0000][3588.348s][info ][safepoint     ] Leaving safepoint region
[2023-10-01T17:40:52.316+0000][3588.348s][info ][safepoint     ] Total time for which application threads were stopped: 0.0012260 seconds, Stopping threads took: 0.0005456 seconds
[2023-10-01T17:40:53.317+0000][3589.349s][debug][safepoint     ] Safepoint synchronization initiated. (179 threads)
[2023-10-01T17:40:53.317+0000][3589.350s][info ][safepoint     ] Application time: 1.0008864 seconds
[2023-10-01T17:40:53.318+0000][3589.350s][info ][safepoint     ] Entering safepoint region: Cleanup
[2023-10-01T17:40:53.319+0000][3589.351s][info ][safepoint     ] Leaving safepoint region
[2023-10-01T17:40:53.319+0000][3589.352s][info ][safepoint     ] Total time for which application threads were stopped: 0.0014427 seconds, Stopping threads took: 0.0005993 seconds
[2023-10-01T17:40:54.320+0000][3590.352s][debug][safepoint     ] Safepoint synchronization initiated. (179 threads)
[2023-10-01T17:40:54.321+0000][3590.353s][info ][safepoint     ] Application time: 1.0008804 seconds
[2023-10-01T17:40:54.321+0000][3590.353s][info ][safepoint     ] Entering safepoint region: Cleanup
[2023-10-01T17:40:54.322+0000][3590.354s][info ][safepoint     ] Leaving safepoint region
[2023-10-01T17:40:54.323+0000][3590.355s][info ][safepoint     ] Total time for which application threads were stopped: 0.0015596 seconds, Stopping threads took: 0.0004967 seconds
[2023-10-01T17:40:56.324+0000][3592.356s][debug][safepoint     ] Safepoint synchronization initiated. (179 threads)
[2023-10-01T17:40:56.324+0000][3592.357s][info ][safepoint     ] Application time: 2.0013063 seconds
[2023-10-01T17:40:56.325+0000][3592.357s][info ][safepoint     ] Entering safepoint region: Cleanup
[2023-10-01T17:40:56.326+0000][3592.358s][info ][safepoint     ] Leaving safepoint region
[2023-10-01T17:40:56.326+0000][3592.358s][info ][safepoint     ] Total time for which application threads were stopped: 0.0012198 seconds, Stopping threads took: 0.0004767 seconds
[2023-10-01T17:40:58.327+0000][3594.359s][debug][safepoint     ] Safepoint synchronization initiated. (179 threads)
[2023-10-01T17:40:58.328+0000][3594.360s][info ][safepoint     ] Application time: 2.0011033 seconds
[2023-10-01T17:40:58.329+0000][3594.361s][info ][safepoint     ] Entering safepoint region: Cleanup
[2023-10-01T17:40:58.330+0000][3594.362s][info ][safepoint     ] Leaving safepoint region
[2023-10-01T17:40:58.331+0000][3594.363s][info ][safepoint     ] Total time for which application threads were stopped: 0.0018901 seconds, Stopping threads took: 0.0009518 seconds
[2023-10-01T17:41:11.334+0000][3607.366s][debug][safepoint     ] Safepoint synchronization initiated. (177 threads)
[2023-10-01T17:41:11.335+0000][3607.367s][info ][safepoint     ] Application time: 13.0035310 seconds
[2023-10-01T17:41:11.335+0000][3607.368s][info ][safepoint     ] Entering safepoint region: Cleanup
[2023-10-01T17:41:11.336+0000][3607.368s][info ][safepoint     ] Leaving safepoint region
[2023-10-01T17:41:11.337+0000][3607.369s][info ][safepoint     ] Total time for which application threads were stopped: 0.0012488 seconds, Stopping threads took: 0.0005133 seconds
[2023-10-01T17:41:12.336+0000][3608.369s][debug][safepoint     ] Safepoint synchronization initiated. (177 threads)
[2023-10-01T17:41:12.337+0000][3608.370s][info ][safepoint     ] Application time: 1.0008371 seconds
[2023-10-01T17:41:12.337+0000][3608.371s][info ][safepoint     ] Entering safepoint region: Cleanup
[2023-10-01T17:41:12.338+0000][3608.372s][info ][safepoint     ] Leaving safepoint region
[2023-10-01T17:41:12.339+0000][3608.373s][info ][safepoint     ] Total time for which application threads were stopped: 0.0021964 seconds, Stopping threads took: 0.0006539 seconds
[2023-10-01T17:41:36.344+0000][3632.378s][debug][safepoint     ] Safepoint synchronization initiated. (177 threads)
[2023-10-01T17:41:36.345+0000][3632.379s][info ][safepoint     ] Application time: 24.0053155 seconds
[2023-10-01T17:41:36.346+0000][3632.379s][info ][safepoint     ] Entering safepoint region: Cleanup
[2023-10-01T17:41:36.347+0000][3632.380s][info ][safepoint     ] Leaving safepoint region
[2023-10-01T17:41:36.347+0000][3632.381s][info ][safepoint     ] Total time for which application threads were stopped: 0.0015170 seconds, Stopping threads took: 0.0005563 seconds
[2023-10-01T17:41:41.348+0000][3637.382s][debug][safepoint     ] Safepoint synchronization initiated. (177 threads)
[2023-10-01T17:41:41.349+0000][3637.383s][info ][safepoint     ] Application time: 5.0013647 seconds
[2023-10-01T17:41:41.350+0000][3637.383s][info ][safepoint     ] Entering safepoint region: Cleanup
[2023-10-01T17:41:41.351+0000][3637.384s][info ][safepoint     ] Leaving safepoint region
[2023-10-01T17:41:41.351+0000][3637.385s][info ][safepoint     ] Total time for which application threads were stopped: 0.0014659 seconds, Stopping threads took: 0.0006205 seconds
[2023-10-01T17:41:44.352+0000][3640.386s][debug][safepoint     ] Safepoint synchronization initiated. (177 threads)
[2023-10-01T17:41:44.353+0000][3640.387s][info ][safepoint     ] Application time: 3.0011603 seconds
[2023-10-01T17:41:44.353+0000][3640.387s][info ][safepoint     ] Entering safepoint region: Cleanup
[2023-10-01T17:41:44.354+0000][3640.388s][info ][safepoint     ] Leaving safepoint region
[2023-10-01T17:41:44.355+0000][3640.388s][info ][safepoint     ] Total time for which application threads were stopped: 0.0012861 seconds, Stopping threads took: 0.0004819 seconds
[2023-10-01T17:41:45.355+0000][3641.389s][debug][safepoint     ] Safepoint synchronization initiated. (177 threads)
[2023-10-01T17:41:45.356+0000][3641.390s][info ][safepoint     ] Application time: 1.0007188 seconds
[2023-10-01T17:41:45.356+0000][3641.390s][info ][safepoint     ] Entering safepoint region: Cleanup
[2023-10-01T17:41:45.357+0000][3641.391s][info ][safepoint     ] Leaving safepoint region
[2023-10-01T17:41:45.357+0000][3641.391s][info ][safepoint     ] Total time for which application threads were stopped: 0.0010971 seconds, Stopping threads took: 0.0004210 seconds
[2023-10-01T17:41:48.358+0000][3644.392s][debug][safepoint     ] Safepoint synchronization initiated. (177 threads)
[2023-10-01T17:41:48.359+0000][3644.393s][info ][safepoint     ] Application time: 3.0013328 seconds
[2023-10-01T17:41:48.360+0000][3644.394s][info ][safepoint     ] Entering safepoint region: Cleanup
[2023-10-01T17:41:48.361+0000][3644.394s][info ][safepoint     ] Leaving safepoint region
[2023-10-01T17:41:48.361+0000][3644.395s][info ][safepoint     ] Total time for which application threads were stopped: 0.0012785 seconds, Stopping threads took: 0.0005205 seconds
[2023-10-01T17:41:53.362+0000][3649.396s][debug][safepoint     ] Safepoint synchronization initiated. (177 threads)
[2023-10-01T17:41:53.363+0000][3649.397s][info ][safepoint     ] Application time: 5.0016842 seconds
[2023-10-01T17:41:53.364+0000][3649.398s][info ][safepoint     ] Entering safepoint region: Cleanup
[2023-10-01T17:41:53.365+0000][3649.398s][info ][safepoint     ] Leaving safepoint region
[2023-10-01T17:41:53.365+0000][3649.399s][info ][safepoint     ] Total time for which application threads were stopped: 0.0014273 seconds, Stopping threads took: 0.0006093 seconds
[2023-10-01T17:42:00.367+0000][3656.401s][debug][safepoint     ] Safepoint synchronization initiated. (177 threads)
[2023-10-01T17:42:00.368+0000][3656.402s][info ][safepoint     ] Application time: 7.0023534 seconds
[2023-10-01T17:42:00.369+0000][3656.403s][info ][safepoint     ] Entering safepoint region: Cleanup
[2023-10-01T17:42:00.370+0000][3656.403s][info ][safepoint     ] Leaving safepoint region
[2023-10-01T17:42:00.370+0000][3656.404s][info ][safepoint     ] Total time for which application threads were stopped: 0.0016661 seconds, Stopping threads took: 0.0006520 seconds
[2023-10-01T17:42:01.371+0000][3657.405s][debug][safepoint     ] Safepoint synchronization initiated. (177 threads)
[2023-10-01T17:42:01.372+0000][3657.406s][info ][safepoint     ] Application time: 1.0010428 seconds
[2023-10-01T17:42:01.373+0000][3657.407s][info ][safepoint     ] Entering safepoint region: Cleanup
[2023-10-01T17:42:01.374+0000][3657.408s][info ][safepoint     ] Leaving safepoint region
[2023-10-01T17:42:01.375+0000][3657.408s][info ][safepoint     ] Total time for which application threads were stopped: 0.0016561 seconds, Stopping threads took: 0.0007259 seconds
[2023-10-01T17:42:03.375+0000][3659.409s][debug][safepoint     ] Safepoint synchronization initiated. (177 threads)
[2023-10-01T17:42:03.376+0000][3659.410s][info ][safepoint     ] Application time: 2.0011019 seconds
[2023-10-01T17:42:03.377+0000][3659.410s][info ][safepoint     ] Entering safepoint region: Cleanup
[2023-10-01T17:42:03.378+0000][3659.411s][info ][safepoint     ] Leaving safepoint region
[2023-10-01T17:42:03.378+0000][3659.412s][info ][safepoint     ] Total time for which application threads were stopped: 0.0014651 seconds, Stopping threads took: 0.0005721 seconds
[2023-10-01T17:42:04.379+0000][3660.412s][debug][safepoint     ] Safepoint synchronization initiated. (177 threads)
[2023-10-01T17:42:04.379+0000][3660.413s][info ][safepoint     ] Application time: 1.0008102 seconds
[2023-10-01T17:42:04.380+0000][3660.414s][info ][safepoint     ] Entering safepoint region: Cleanup
[2023-10-01T17:42:04.381+0000][3660.414s][info ][safepoint     ] Leaving safepoint region
[2023-10-01T17:42:04.381+0000][3660.415s][info ][safepoint     ] Total time for which application threads were stopped: 0.0011464 seconds, Stopping threads took: 0.0004494 seconds
[2023-10-01T17:42:06.382+0000][3662.416s][debug][safepoint     ] Safepoint synchronization initiated. (177 threads)
[2023-10-01T17:42:06.383+0000][3662.416s][info ][safepoint     ] Application time: 2.0011080 seconds
[2023-10-01T17:42:06.383+0000][3662.417s][info ][safepoint     ] Entering safepoint region: Cleanup
[2023-10-01T17:42:06.384+0000][3662.418s][info ][safepoint     ] Leaving safepoint region
[2023-10-01T17:42:06.384+0000][3662.418s][info ][safepoint     ] Total time for which application threads were stopped: 0.0012627 seconds, Stopping threads took: 0.0005047 seconds
[2023-10-01T17:42:12.386+0000][3668.420s][debug][safepoint     ] Safepoint synchronization initiated. (178 threads)
[2023-10-01T17:42:12.387+0000][3668.421s][info ][safepoint     ] Application time: 6.0019315 seconds
[2023-10-01T17:42:12.387+0000][3668.421s][info ][safepoint     ] Entering safepoint region: Cleanup
[2023-10-01T17:42:12.388+0000][3668.422s][info ][safepoint     ] Leaving safepoint region
[2023-10-01T17:42:12.388+0000][3668.422s][info ][safepoint     ] Total time for which application threads were stopped: 0.0011070 seconds, Stopping threads took: 0.0004030 seconds
[2023-10-01T17:42:13.389+0000][3669.423s][debug][safepoint     ] Safepoint synchronization initiated. (178 threads)
[2023-10-01T17:42:13.389+0000][3669.423s][info ][safepoint     ] Application time: 1.0007134 seconds
[2023-10-01T17:42:13.390+0000][3669.424s][info ][safepoint     ] Entering safepoint region: Cleanup
[2023-10-01T17:42:13.391+0000][3669.425s][info ][safepoint     ] Leaving safepoint region
[2023-10-01T17:42:13.392+0000][3669.425s][info ][safepoint     ] Total time for which application threads were stopped: 0.0014960 seconds, Stopping threads took: 0.0004561 seconds
[2023-10-01T17:42:14.392+0000][3670.426s][debug][safepoint     ] Safepoint synchronization initiated. (178 threads)
[2023-10-01T17:42:14.393+0000][3670.427s][info ][safepoint     ] Application time: 1.0009615 seconds
[2023-10-01T17:42:14.394+0000][3670.427s][info ][safepoint     ] Entering safepoint region: Cleanup
[2023-10-01T17:42:14.394+0000][3670.428s][info ][safepoint     ] Leaving safepoint region
[2023-10-01T17:42:14.395+0000][3670.429s][info ][safepoint     ] Total time for which application threads were stopped: 0.0014856 seconds, Stopping threads took: 0.0006142 seconds
[2023-10-01T17:42:15.396+0000][3671.429s][debug][safepoint     ] Safepoint synchronization initiated. (178 threads)
[2023-10-01T17:42:15.396+0000][3671.430s][info ][safepoint     ] Application time: 1.0008577 seconds
[2023-10-01T17:42:15.397+0000][3671.431s][info ][safepoint     ] Entering safepoint region: Cleanup
[2023-10-01T17:42:15.398+0000][3671.432s][info ][safepoint     ] Leaving safepoint region
[2023-10-01T17:42:15.398+0000][3671.432s][info ][safepoint     ] Total time for which application threads were stopped: 0.0014885 seconds, Stopping threads took: 0.0006328 seconds
[2023-10-01T17:42:18.399+0000][3674.433s][debug][safepoint     ] Safepoint synchronization initiated. (195 threads)
[2023-10-01T17:42:18.400+0000][3674.434s][info ][safepoint     ] Application time: 3.0009102 seconds
[2023-10-01T17:42:18.400+0000][3674.434s][info ][safepoint     ] Entering safepoint region: Cleanup
[2023-10-01T17:42:18.401+0000][3674.435s][info ][safepoint     ] Leaving safepoint region
[2023-10-01T17:42:18.402+0000][3674.435s][info ][safepoint     ] Total time for which application threads were stopped: 0.0011973 seconds, Stopping threads took: 0.0004919 seconds
[2023-10-01T17:42:33.404+0000][3689.438s][debug][safepoint     ] Safepoint synchronization initiated. (192 threads)
[2023-10-01T17:42:33.405+0000][3689.439s][info ][safepoint     ] Application time: 15.0031177 seconds
[2023-10-01T17:42:33.406+0000][3689.439s][info ][safepoint     ] Entering safepoint region: Cleanup
[2023-10-01T17:42:33.407+0000][3689.440s][info ][safepoint     ] Leaving safepoint region
[2023-10-01T17:42:33.407+0000][3689.441s][info ][safepoint     ] Total time for which application threads were stopped: 0.0015117 seconds, Stopping threads took: 0.0006935 seconds
[2023-10-01T17:42:35.408+0000][3691.442s][debug][safepoint     ] Safepoint synchronization initiated. (192 threads)
[2023-10-01T17:42:35.409+0000][3691.442s][info ][safepoint     ] Application time: 2.0008788 seconds
[2023-10-01T17:42:35.409+0000][3691.443s][info ][safepoint     ] Entering safepoint region: Cleanup
[2023-10-01T17:42:35.410+0000][3691.443s][info ][safepoint     ] Leaving safepoint region
[2023-10-01T17:42:35.410+0000][3691.444s][info ][safepoint     ] Total time for which application threads were stopped: 0.0010995 seconds, Stopping threads took: 0.0004592 seconds
[2023-10-01T17:42:53.414+0000][3709.448s][debug][safepoint     ] Safepoint synchronization initiated. (192 threads)
[2023-10-01T17:42:53.415+0000][3709.449s][info ][safepoint     ] Application time: 18.0046720 seconds
[2023-10-01T17:42:53.417+0000][3709.450s][info ][safepoint     ] Entering safepoint region: Cleanup
[2023-10-01T17:42:53.418+0000][3709.451s][info ][safepoint     ] Leaving safepoint region
[2023-10-01T17:42:53.418+0000][3709.452s][info ][safepoint     ] Total time for which application threads were stopped: 0.0018068 seconds, Stopping threads took: 0.0009900 seconds
[2023-10-01T17:43:30.438+0000][3746.472s][debug][safepoint     ] Safepoint synchronization initiated. (190 threads)
[2023-10-01T17:43:30.439+0000][3746.472s][info ][safepoint     ] Application time: 37.0199872 seconds
[2023-10-01T17:43:30.439+0000][3746.473s][info ][safepoint     ] Entering safepoint region: G1CollectForAllocation
[2023-10-01T17:43:30.440+0000][3746.474s][info ][gc,start      ] GC(98) Pause Young (Prepare Mixed) (G1 Evacuation Pause)
[2023-10-01T17:43:30.441+0000][3746.474s][info ][gc,task       ] GC(98) Using 8 workers of 8 for evacuation
[2023-10-01T17:43:30.458+0000][3746.491s][info ][gc,phases     ] GC(98)   Pre Evacuate Collection Set: 0.0ms
[2023-10-01T17:43:30.458+0000][3746.492s][info ][gc,phases     ] GC(98)   Evacuate Collection Set: 12.6ms
[2023-10-01T17:43:30.459+0000][3746.492s][info ][gc,phases     ] GC(98)   Post Evacuate Collection Set: 3.4ms
[2023-10-01T17:43:30.459+0000][3746.493s][info ][gc,phases     ] GC(98)   Other: 1.4ms
[2023-10-01T17:43:30.460+0000][3746.494s][info ][gc,heap       ] GC(98) Eden regions: 163->0(16)
[2023-10-01T17:43:30.461+0000][3746.494s][info ][gc,heap       ] GC(98) Survivor regions: 2->3(21)
[2023-10-01T17:43:30.461+0000][3746.495s][info ][gc,heap       ] GC(98) Old regions: 175->176
[2023-10-01T17:43:30.462+0000][3746.495s][info ][gc,heap       ] GC(98) Humongous regions: 0->0
[2023-10-01T17:43:30.462+0000][3746.496s][info ][gc,metaspace  ] GC(98) Metaspace: 177537K(195536K)->177537K(195536K) NonClass: 157608K(171728K)->157608K(171728K) Class: 19928K(23808K)->19928K(23808K)
[2023-10-01T17:43:30.463+0000][3746.496s][info ][gc            ] GC(98) Pause Young (Prepare Mixed) (G1 Evacuation Pause) 337M->176M(384M) 22.543ms
[2023-10-01T17:43:30.464+0000][3746.497s][info ][gc,cpu        ] GC(98) User=0.11s Sys=0.00s Real=0.02s
[2023-10-01T17:43:30.464+0000][3746.498s][info ][safepoint     ] Leaving safepoint region
[2023-10-01T17:43:30.465+0000][3746.498s][info ][safepoint     ] Total time for which application threads were stopped: 0.0252243 seconds, Stopping threads took: 0.0005734 seconds
[2023-10-01T17:43:30.465+0000][3746.499s][info ][gc,stringdedup] Concurrent String Deduplication (3746.499s)
[2023-10-01T17:43:30.466+0000][3746.499s][info ][gc,stringdedup] Concurrent String Deduplication 608.0B->72.0B(536.0B) avg 53.9% (3746.499s, 3746.499s) 0.519ms
[2023-10-01T17:43:31.465+0000][3747.499s][debug][safepoint     ] Safepoint synchronization initiated. (190 threads)
[2023-10-01T17:43:31.466+0000][3747.500s][info ][safepoint     ] Application time: 1.0008517 seconds
[2023-10-01T17:43:31.467+0000][3747.500s][info ][safepoint     ] Entering safepoint region: Cleanup
[2023-10-01T17:43:31.467+0000][3747.501s][info ][safepoint     ] Leaving safepoint region
[2023-10-01T17:43:31.468+0000][3747.501s][info ][safepoint     ] Total time for which application threads were stopped: 0.0011886 seconds, Stopping threads took: 0.0004558 seconds
[2023-10-01T17:43:35.469+0000][3751.502s][debug][safepoint     ] Safepoint synchronization initiated. (190 threads)
[2023-10-01T17:43:35.470+0000][3751.504s][info ][safepoint     ] Application time: 4.0020822 seconds
[2023-10-01T17:43:35.471+0000][3751.504s][info ][safepoint     ] Entering safepoint region: Cleanup
[2023-10-01T17:43:35.472+0000][3751.505s][info ][safepoint     ] Leaving safepoint region
[2023-10-01T17:43:35.472+0000][3751.506s][info ][safepoint     ] Total time for which application threads were stopped: 0.0014636 seconds, Stopping threads took: 0.0006190 seconds
[2023-10-01T17:43:46.965+0000][3762.999s][debug][safepoint     ] Safepoint synchronization initiated. (190 threads)
[2023-10-01T17:43:46.966+0000][3762.999s][info ][safepoint     ] Application time: 11.4916415 seconds
[2023-10-01T17:43:46.966+0000][3763.000s][info ][safepoint     ] Entering safepoint region: G1CollectForAllocation
[2023-10-01T17:43:46.967+0000][3763.001s][info ][gc,start      ] GC(99) Pause Young (Mixed) (G1 Evacuation Pause)
[2023-10-01T17:43:46.968+0000][3763.001s][info ][gc,task       ] GC(99) Using 8 workers of 8 for evacuation
[2023-10-01T17:43:47.166+0000][3763.200s][info ][gc,phases     ] GC(99)   Pre Evacuate Collection Set: 0.5ms
[2023-10-01T17:43:47.167+0000][3763.201s][info ][gc,phases     ] GC(99)   Evacuate Collection Set: 188.4ms
[2023-10-01T17:43:47.168+0000][3763.201s][info ][gc,phases     ] GC(99)   Post Evacuate Collection Set: 8.9ms
[2023-10-01T17:43:47.168+0000][3763.202s][info ][gc,phases     ] GC(99)   Other: 1.5ms
[2023-10-01T17:43:47.169+0000][3763.202s][info ][gc,heap       ] GC(99) Eden regions: 16->0(18)
[2023-10-01T17:43:47.169+0000][3763.203s][info ][gc,heap       ] GC(99) Survivor regions: 3->1(3)
[2023-10-01T17:43:47.170+0000][3763.203s][info ][gc,heap       ] GC(99) Old regions: 176->163
[2023-10-01T17:43:47.170+0000][3763.204s][info ][gc,heap       ] GC(99) Humongous regions: 0->0
[2023-10-01T17:43:47.171+0000][3763.204s][info ][gc,metaspace  ] GC(99) Metaspace: 177537K(195536K)->177537K(195536K) NonClass: 157608K(171728K)->157608K(171728K) Class: 19928K(23808K)->19928K(23808K)
[2023-10-01T17:43:47.171+0000][3763.205s][info ][gc            ] GC(99) Pause Young (Mixed) (G1 Evacuation Pause) 192M->161M(384M) 203.908ms
[2023-10-01T17:43:47.171+0000][3763.205s][info ][gc,cpu        ] GC(99) User=1.52s Sys=0.00s Real=0.20s
[2023-10-01T17:43:47.172+0000][3763.206s][info ][safepoint     ] Leaving safepoint region
[2023-10-01T17:43:47.172+0000][3763.206s][info ][safepoint     ] Total time for which application threads were stopped: 0.2060840 seconds, Stopping threads took: 0.0004627 seconds
[2023-10-01T17:43:47.173+0000][3763.207s][info ][gc,stringdedup] Concurrent String Deduplication (3763.207s)
[2023-10-01T17:43:47.176+0000][3763.210s][info ][gc,stringdedup] Concurrent String Deduplication 198.4K->49336.0B(150.3K) avg 54.1% (3763.207s, 3763.210s) 3.419ms
[2023-10-01T17:44:06.197+0000][3782.230s][debug][safepoint     ] Safepoint synchronization initiated. (190 threads)
[2023-10-01T17:44:06.197+0000][3782.231s][info ][safepoint     ] Application time: 19.0243523 seconds
[2023-10-01T17:44:06.198+0000][3782.231s][info ][safepoint     ] Entering safepoint region: G1CollectForAllocation
[2023-10-01T17:44:06.199+0000][3782.232s][info ][gc,start      ] GC(100) Pause Young (Mixed) (G1 Evacuation Pause)
[2023-10-01T17:44:06.199+0000][3782.233s][info ][gc,task       ] GC(100) Using 8 workers of 8 for evacuation
[2023-10-01T17:44:06.242+0000][3782.276s][info ][gc,phases     ] GC(100)   Pre Evacuate Collection Set: 0.3ms
[2023-10-01T17:44:06.243+0000][3782.277s][info ][gc,phases     ] GC(100)   Evacuate Collection Set: 38.8ms
[2023-10-01T17:44:06.244+0000][3782.277s][info ][gc,phases     ] GC(100)   Post Evacuate Collection Set: 3.7ms
[2023-10-01T17:44:06.244+0000][3782.278s][info ][gc,phases     ] GC(100)   Other: 1.1ms
[2023-10-01T17:44:06.245+0000][3782.278s][info ][gc,heap       ] GC(100) Eden regions: 18->0(171)
[2023-10-01T17:44:06.245+0000][3782.279s][info ][gc,heap       ] GC(100) Survivor regions: 1->1(3)
[2023-10-01T17:44:06.246+0000][3782.279s][info ][gc,heap       ] GC(100) Old regions: 163->157
[2023-10-01T17:44:06.246+0000][3782.280s][info ][gc,heap       ] GC(100) Humongous regions: 0->0
[2023-10-01T17:44:06.247+0000][3782.281s][info ][gc,metaspace  ] GC(100) Metaspace: 177537K(195536K)->177537K(195536K) NonClass: 157608K(171728K)->157608K(171728K) Class: 19928K(23808K)->19928K(23808K)
[2023-10-01T17:44:06.248+0000][3782.281s][info ][gc            ] GC(100) Pause Young (Mixed) (G1 Evacuation Pause) 179M->155M(384M) 49.062ms
[2023-10-01T17:44:06.248+0000][3782.282s][info ][gc,cpu        ] GC(100) User=0.32s Sys=0.00s Real=0.05s
[2023-10-01T17:44:06.249+0000][3782.282s][info ][safepoint     ] Leaving safepoint region
[2023-10-01T17:44:06.249+0000][3782.283s][info ][safepoint     ] Total time for which application threads were stopped: 0.0517438 seconds, Stopping threads took: 0.0006008 seconds
[2023-10-01T17:44:18.251+0000][3794.286s][debug][safepoint     ] Safepoint synchronization initiated. (189 threads)
[2023-10-01T17:44:18.257+0000][3794.292s][info ][safepoint     ] Application time: 12.0079772 seconds
[2023-10-01T17:44:18.258+0000][3794.293s][info ][safepoint     ] Entering safepoint region: Cleanup
[2023-10-01T17:44:18.260+0000][3794.294s][info ][safepoint     ] Leaving safepoint region
[2023-10-01T17:44:18.261+0000][3794.295s][info ][safepoint     ] Total time for which application threads were stopped: 0.0025689 seconds, Stopping threads took: 0.0009741 seconds
[2023-10-01T17:44:19.262+0000][3795.297s][debug][safepoint     ] Safepoint synchronization initiated. (190 threads)
[2023-10-01T17:44:19.262+0000][3795.297s][info ][safepoint     ] Application time: 1.0007739 seconds
[2023-10-01T17:44:19.263+0000][3795.298s][info ][safepoint     ] Entering safepoint region: Cleanup
[2023-10-01T17:44:19.264+0000][3795.299s][info ][safepoint     ] Leaving safepoint region
[2023-10-01T17:44:19.267+0000][3795.302s][debug][safepoint     ] ... found polling page return exception at pc = 0x00007f5188bd7fac, stub =0x00007f5180840600
[2023-10-01T17:44:19.267+0000][3795.302s][info ][safepoint     ] Total time for which application threads were stopped: 0.0043136 seconds, Stopping threads took: 0.0011843 seconds
[2023-10-01T17:44:31.271+0000][3807.306s][debug][safepoint     ] Safepoint synchronization initiated. (190 threads)
[2023-10-01T17:44:31.271+0000][3807.306s][info ][safepoint     ] Application time: 12.0029724 seconds
[2023-10-01T17:44:31.272+0000][3807.307s][info ][safepoint     ] Entering safepoint region: Cleanup
[2023-10-01T17:44:31.273+0000][3807.308s][info ][safepoint     ] Leaving safepoint region
[2023-10-01T17:44:31.273+0000][3807.308s][info ][safepoint     ] Total time for which application threads were stopped: 0.0012042 seconds, Stopping threads took: 0.0005105 seconds
[2023-10-01T17:44:36.274+0000][3812.309s][debug][safepoint     ] Safepoint synchronization initiated. (190 threads)
[2023-10-01T17:44:36.275+0000][3812.310s][info ][safepoint     ] Application time: 5.0015162 seconds
[2023-10-01T17:44:36.276+0000][3812.311s][info ][safepoint     ] Entering safepoint region: Cleanup
[2023-10-01T17:44:36.276+0000][3812.311s][info ][safepoint     ] Leaving safepoint region
[2023-10-01T17:44:36.277+0000][3812.312s][info ][safepoint     ] Total time for which application threads were stopped: 0.0011607 seconds, Stopping threads took: 0.0004531 seconds
[2023-10-01T17:44:45.280+0000][3821.314s][debug][safepoint     ] Safepoint synchronization initiated. (191 threads)
[2023-10-01T17:44:45.281+0000][3821.314s][info ][safepoint     ] Application time: 9.0021079 seconds
[2023-10-01T17:44:45.281+0000][3821.315s][info ][safepoint     ] Entering safepoint region: Cleanup
[2023-10-01T17:44:45.282+0000][3821.316s][info ][safepoint     ] Leaving safepoint region
[2023-10-01T17:44:45.282+0000][3821.316s][info ][safepoint     ] Total time for which application threads were stopped: 0.0014708 seconds, Stopping threads took: 0.0004991 seconds
[2023-10-01T17:45:01.286+0000][3837.319s][debug][safepoint     ] Safepoint synchronization initiated. (191 threads)
[2023-10-01T17:45:01.286+0000][3837.320s][info ][safepoint     ] Application time: 16.0032689 seconds
[2023-10-01T17:45:01.287+0000][3837.320s][info ][safepoint     ] Entering safepoint region: Cleanup
[2023-10-01T17:45:01.288+0000][3837.321s][info ][safepoint     ] Leaving safepoint region
[2023-10-01T17:45:01.288+0000][3837.322s][info ][safepoint     ] Total time for which application threads were stopped: 0.0012464 seconds, Stopping threads took: 0.0005407 seconds
[2023-10-01T17:45:11.290+0000][3847.324s][debug][safepoint     ] Safepoint synchronization initiated. (191 threads)
[2023-10-01T17:45:11.291+0000][3847.325s][info ][safepoint     ] Application time: 10.0024090 seconds
[2023-10-01T17:45:11.291+0000][3847.325s][info ][safepoint     ] Entering safepoint region: Cleanup
[2023-10-01T17:45:11.292+0000][3847.326s][info ][safepoint     ] Leaving safepoint region
[2023-10-01T17:45:11.293+0000][3847.326s][info ][safepoint     ] Total time for which application threads were stopped: 0.0012747 seconds, Stopping threads took: 0.0005557 seconds
[2023-10-01T17:45:44.298+0000][3880.331s][debug][safepoint     ] Safepoint synchronization initiated. (190 threads)
[2023-10-01T17:45:44.298+0000][3880.332s][info ][safepoint     ] Application time: 33.0050685 seconds
[2023-10-01T17:45:44.299+0000][3880.332s][info ][safepoint     ] Entering safepoint region: Cleanup
[2023-10-01T17:45:44.300+0000][3880.334s][info ][safepoint     ] Leaving safepoint region
[2023-10-01T17:45:44.301+0000][3880.334s][info ][safepoint     ] Total time for which application threads were stopped: 0.0018268 seconds, Stopping threads took: 0.0010179 seconds
[2023-10-01T17:46:11.305+0000][3907.339s][debug][safepoint     ] Safepoint synchronization initiated. (188 threads)
[2023-10-01T17:46:11.306+0000][3907.339s][info ][safepoint     ] Application time: 27.0048083 seconds
[2023-10-01T17:46:11.306+0000][3907.340s][info ][safepoint     ] Entering safepoint region: Cleanup
[2023-10-01T17:46:11.308+0000][3907.341s][info ][safepoint     ] Leaving safepoint region
[2023-10-01T17:46:11.308+0000][3907.342s][info ][safepoint     ] Total time for which application threads were stopped: 0.0021206 seconds, Stopping threads took: 0.0010859 seconds
[2023-10-01T17:46:12.308+0000][3908.343s][debug][safepoint     ] Safepoint synchronization initiated. (188 threads)
[2023-10-01T17:46:12.309+0000][3908.343s][info ][safepoint     ] Application time: 1.0007516 seconds
[2023-10-01T17:46:12.309+0000][3908.344s][info ][safepoint     ] Entering safepoint region: Cleanup
[2023-10-01T17:46:12.310+0000][3908.345s][info ][safepoint     ] Leaving safepoint region
[2023-10-01T17:46:12.311+0000][3908.346s][info ][safepoint     ] Total time for which application threads were stopped: 0.0016906 seconds, Stopping threads took: 0.0007007 seconds
[2023-10-01T17:47:00.321+0000][3956.355s][debug][safepoint     ] Safepoint synchronization initiated. (187 threads)
[2023-10-01T17:47:00.348+0000][3956.382s][info ][safepoint     ] Application time: 48.0355825 seconds
[2023-10-01T17:47:00.424+0000][3956.458s][info ][safepoint     ] Entering safepoint region: Cleanup
[2023-10-01T17:47:00.476+0000][3956.510s][info ][safepoint     ] Leaving safepoint region
[2023-10-01T17:47:00.479+0000][3956.513s][info ][safepoint     ] Total time for which application threads were stopped: 0.0549183 seconds, Stopping threads took: 0.0515762 seconds
[2023-10-01T17:47:12.850+0000][3968.875s][debug][safepoint     ] Safepoint synchronization initiated. (187 threads)
[2023-10-01T17:47:12.902+0000][3968.927s][info ][safepoint     ] Application time: 12.4137757 seconds
[2023-10-01T17:47:12.951+0000][3968.976s][info ][safepoint     ] Entering safepoint region: G1CollectForAllocation
[2023-10-01T17:47:13.002+0000][3969.027s][info ][gc,start      ] GC(101) Pause Young (Normal) (G1 Evacuation Pause)
[2023-10-01T17:47:13.034+0000][3969.059s][info ][gc,task       ] GC(101) Using 8 workers of 8 for evacuation
[2023-10-01T17:47:13.198+0000][3969.223s][info ][gc,phases     ] GC(101)   Pre Evacuate Collection Set: 0.1ms
[2023-10-01T17:47:13.237+0000][3969.262s][info ][gc,phases     ] GC(101)   Evacuate Collection Set: 100.2ms
[2023-10-01T17:47:13.250+0000][3969.275s][info ][gc,phases     ] GC(101)   Post Evacuate Collection Set: 13.4ms
[2023-10-01T17:47:13.281+0000][3969.306s][info ][gc,phases     ] GC(101)   Other: 82.3ms
[2023-10-01T17:47:13.298+0000][3969.323s][info ][gc,heap       ] GC(101) Eden regions: 171->0(172)
[2023-10-01T17:47:13.370+0000][3969.395s][info ][gc,heap       ] GC(101) Survivor regions: 1->1(22)
[2023-10-01T17:47:13.419+0000][3969.444s][info ][gc,heap       ] GC(101) Old regions: 157->157
[2023-10-01T17:47:13.488+0000][3969.513s][info ][gc,heap       ] GC(101) Humongous regions: 0->0
[2023-10-01T17:47:13.499+0000][3969.524s][info ][gc,metaspace  ] GC(101) Metaspace: 177676K(195536K)->177676K(195536K) NonClass: 157739K(171728K)->157739K(171728K) Class: 19936K(23808K)->19936K(23808K)
[2023-10-01T17:47:13.520+0000][3969.545s][info ][gc            ] GC(101) Pause Young (Normal) (G1 Evacuation Pause) 326M->155M(384M) 517.327ms
[2023-10-01T17:47:13.577+0000][3969.602s][info ][gc,cpu        ] GC(101) User=0.81s Sys=0.04s Real=0.57s
[2023-10-01T17:47:13.617+0000][3969.642s][info ][safepoint     ] Leaving safepoint region
[2023-10-01T17:47:13.670+0000][3969.695s][info ][safepoint     ] Total time for which application threads were stopped: 0.7195070 seconds, Stopping threads took: 0.0513167 seconds
[2023-10-01T17:47:19.694+0000][3975.719s][debug][safepoint     ] Safepoint synchronization initiated. (187 threads)
[2023-10-01T17:47:19.710+0000][3975.736s][info ][safepoint     ] Application time: 6.0177151 seconds
[2023-10-01T17:47:19.715+0000][3975.740s][info ][safepoint     ] Entering safepoint region: Cleanup
[2023-10-01T17:47:19.725+0000][3975.750s][info ][safepoint     ] Leaving safepoint region
[2023-10-01T17:47:19.731+0000][3975.757s][info ][safepoint     ] Total time for which application threads were stopped: 0.0161971 seconds, Stopping threads took: 0.0092930 seconds
[2023-10-01T17:50:11.885+0000][4147.797s][debug][safepoint     ] Safepoint synchronization initiated. (184 threads)
[2023-10-01T17:50:11.914+0000][4147.826s][info ][safepoint     ] Application time: 172.0565263 seconds
[2023-10-01T17:50:11.948+0000][4147.861s][info ][safepoint     ] Entering safepoint region: Cleanup
[2023-10-01T17:50:11.977+0000][4147.889s][info ][safepoint     ] Leaving safepoint region
[2023-10-01T17:50:12.085+0000][4147.997s][info ][safepoint     ] Total time for which application threads were stopped: 0.1368352 seconds, Stopping threads took: 0.0281377 seconds
[2023-10-01T17:50:28.365+0000][4164.226s][debug][safepoint     ] Safepoint synchronization initiated. (184 threads)
[2023-10-01T17:50:28.477+0000][4164.338s][info ][safepoint     ] Application time: 16.2455660 seconds
[2023-10-01T17:50:28.536+0000][4164.397s][info ][safepoint     ] Entering safepoint region: G1CollectForAllocation
[2023-10-01T17:50:28.617+0000][4164.478s][info ][gc,start      ] GC(102) Pause Young (Normal) (G1 Evacuation Pause)
[2023-10-01T17:50:28.666+0000][4164.527s][info ][gc,task       ] GC(102) Using 8 workers of 8 for evacuation
[2023-10-01T17:50:28.806+0000][4164.667s][info ][gc,phases     ] GC(102)   Pre Evacuate Collection Set: 0.0ms
[2023-10-01T17:50:28.836+0000][4164.696s][info ][gc,phases     ] GC(102)   Evacuate Collection Set: 76.2ms
[2023-10-01T17:50:28.856+0000][4164.717s][info ][gc,phases     ] GC(102)   Post Evacuate Collection Set: 22.3ms
[2023-10-01T17:50:28.944+0000][4164.804s][info ][gc,phases     ] GC(102)   Other: 90.4ms
[2023-10-01T17:50:29.004+0000][4164.865s][info ][gc,heap       ] GC(102) Eden regions: 172->0(174)
[2023-10-01T17:50:29.033+0000][4164.893s][info ][gc,heap       ] GC(102) Survivor regions: 1->1(22)
[2023-10-01T17:50:29.090+0000][4164.951s][info ][gc,heap       ] GC(102) Old regions: 157->157
[2023-10-01T17:50:29.127+0000][4164.988s][info ][gc,heap       ] GC(102) Humongous regions: 0->0
[2023-10-01T17:50:29.184+0000][4165.045s][info ][gc,metaspace  ] GC(102) Metaspace: 177682K(195536K)->177682K(195536K) NonClass: 157745K(171728K)->157745K(171728K) Class: 19937K(23808K)->19937K(23808K)
[2023-10-01T17:50:29.205+0000][4165.066s][info ][gc            ] GC(102) Pause Young (Normal) (G1 Evacuation Pause) 327M->155M(384M) 588.075ms
[2023-10-01T17:50:29.269+0000][4165.130s][info ][gc,cpu        ] GC(102) User=0.62s Sys=0.03s Real=0.65s
[2023-10-01T17:50:29.285+0000][4165.146s][info ][safepoint     ] Leaving safepoint region
[2023-10-01T17:50:29.336+0000][4165.197s][info ][safepoint     ] Total time for which application threads were stopped: 0.8313539 seconds, Stopping threads took: 0.0675377 seconds
[2023-10-01T17:52:42.636+0000][4298.371s][debug][safepoint     ] Safepoint synchronization initiated. (182 threads)
[2023-10-01T17:52:42.637+0000][4298.372s][info ][safepoint     ] Application time: 133.0473174 seconds
[2023-10-01T17:52:42.638+0000][4298.373s][info ][safepoint     ] Entering safepoint region: Cleanup
[2023-10-01T17:52:42.638+0000][4298.374s][info ][safepoint     ] Leaving safepoint region
[2023-10-01T17:52:42.639+0000][4298.374s][info ][safepoint     ] Total time for which application threads were stopped: 0.0014469 seconds, Stopping threads took: 0.0005801 seconds
[2023-10-01T17:52:43.660+0000][4299.375s][debug][safepoint     ] Safepoint synchronization initiated. (182 threads)
[2023-10-01T17:52:43.661+0000][4299.376s][info ][safepoint     ] Application time: 1.0009695 seconds
[2023-10-01T17:52:43.661+0000][4299.376s][info ][safepoint     ] Entering safepoint region: Cleanup
[2023-10-01T17:52:43.662+0000][4299.377s][info ][safepoint     ] Leaving safepoint region
[2023-10-01T17:52:43.663+0000][4299.377s][info ][safepoint     ] Total time for which application threads were stopped: 0.0012557 seconds, Stopping threads took: 0.0005661 seconds
[2023-10-01T17:52:44.663+0000][4300.378s][debug][safepoint     ] Safepoint synchronization initiated. (181 threads)
[2023-10-01T17:52:44.664+0000][4300.379s][info ][safepoint     ] Application time: 1.0005212 seconds
[2023-10-01T17:52:44.664+0000][4300.379s][info ][safepoint     ] Entering safepoint region: Cleanup
[2023-10-01T17:52:44.665+0000][4300.380s][info ][safepoint     ] Leaving safepoint region
[2023-10-01T17:52:44.665+0000][4300.380s][info ][safepoint     ] Total time for which application threads were stopped: 0.0009488 seconds, Stopping threads took: 0.0004030 seconds
[2023-10-01T17:52:51.667+0000][4307.382s][debug][safepoint     ] Safepoint synchronization initiated. (181 threads)
[2023-10-01T17:52:51.667+0000][4307.382s][info ][safepoint     ] Application time: 7.0017963 seconds
[2023-10-01T17:52:51.668+0000][4307.383s][info ][safepoint     ] Entering safepoint region: Cleanup
[2023-10-01T17:52:51.668+0000][4307.383s][info ][safepoint     ] Leaving safepoint region
[2023-10-01T17:52:51.669+0000][4307.383s][info ][safepoint     ] Total time for which application threads were stopped: 0.0008518 seconds, Stopping threads took: 0.0003607 seconds
[2023-10-01T17:53:46.289+0000][4361.964s][debug][safepoint     ] Safepoint synchronization initiated. (180 threads)
[2023-10-01T17:53:46.313+0000][4361.988s][info ][safepoint     ] Application time: 54.6042890 seconds
[2023-10-01T17:53:46.359+0000][4362.034s][debug][safepoint     ] ... found polling page return exception at pc = 0x00007f5188c01276, stub =0x00007f5180840600
[2023-10-01T17:53:46.397+0000][4362.072s][debug][safepoint     ] Waiting for 1 thread(s) to block
[2023-10-01T17:53:46.433+0000][4362.108s][info ][safepoint     ] Entering safepoint region: G1CollectForAllocation
[2023-10-01T17:53:46.467+0000][4362.142s][info ][gc,start      ] GC(103) Pause Young (Concurrent Start) (G1 Evacuation Pause)
[2023-10-01T17:53:46.480+0000][4362.155s][info ][gc,task       ] GC(103) Using 8 workers of 8 for evacuation
[2023-10-01T17:53:46.721+0000][4362.396s][info ][gc,phases     ] GC(103)   Pre Evacuate Collection Set: 9.0ms
[2023-10-01T17:53:46.745+0000][4362.420s][info ][gc,phases     ] GC(103)   Evacuate Collection Set: 154.8ms
[2023-10-01T17:53:46.779+0000][4362.454s][info ][gc,phases     ] GC(103)   Post Evacuate Collection Set: 66.3ms
[2023-10-01T17:53:46.789+0000][4362.464s][info ][gc,phases     ] GC(103)   Other: 23.9ms
[2023-10-01T17:53:46.821+0000][4362.496s][info ][gc,heap       ] GC(103) Eden regions: 174->0(166)
[2023-10-01T17:53:46.856+0000][4362.531s][info ][gc,heap       ] GC(103) Survivor regions: 1->1(22)
[2023-10-01T17:53:46.869+0000][4362.544s][info ][gc,heap       ] GC(103) Old regions: 157->157
[2023-10-01T17:53:46.883+0000][4362.558s][info ][gc,heap       ] GC(103) Humongous regions: 0->0
[2023-10-01T17:53:46.890+0000][4362.565s][info ][gc,metaspace  ] GC(103) Metaspace: 177686K(195536K)->177686K(195536K) NonClass: 157748K(171728K)->157748K(171728K) Class: 19937K(23808K)->19937K(23808K)
[2023-10-01T17:53:46.903+0000][4362.578s][info ][gc            ] GC(103) Pause Young (Concurrent Start) (G1 Evacuation Pause) 329M->155M(384M) 435.876ms
[2023-10-01T17:53:46.904+0000][4362.579s][info ][gc,cpu        ] GC(103) User=1.37s Sys=0.13s Real=0.44s
[2023-10-01T17:53:46.914+0000][4362.589s][info ][safepoint     ] Leaving safepoint region
[2023-10-01T17:53:46.914+0000][4362.589s][info ][gc            ] GC(104) Concurrent Cycle
[2023-10-01T17:53:46.932+0000][4362.607s][info ][safepoint     ] Total time for which application threads were stopped: 0.5775751 seconds, Stopping threads took: 0.1116975 seconds
[2023-10-01T17:53:46.938+0000][4362.612s][info ][gc,marking    ] GC(104) Concurrent Clear Claimed Marks
[2023-10-01T17:53:46.950+0000][4362.625s][info ][gc,stringdedup] Concurrent String Deduplication (4362.625s)
[2023-10-01T17:53:46.964+0000][4362.639s][info ][gc,marking    ] GC(104) Concurrent Clear Claimed Marks 26.717ms
[2023-10-01T17:53:46.998+0000][4362.673s][info ][gc,marking    ] GC(104) Concurrent Scan Root Regions
[2023-10-01T17:53:47.013+0000][4362.688s][info ][gc,stringdedup] Concurrent String Deduplication 33584.0B->2736.0B(30848.0B) avg 54.1% (4362.625s, 4362.688s) 62.483ms
[2023-10-01T17:53:47.037+0000][4362.712s][info ][gc,marking    ] GC(104) Concurrent Scan Root Regions 38.515ms
[2023-10-01T17:53:47.101+0000][4362.776s][info ][gc,marking    ] GC(104) Concurrent Mark (4362.776s)
[2023-10-01T17:53:47.155+0000][4362.830s][info ][gc,marking    ] GC(104) Concurrent Mark From Roots
[2023-10-01T17:53:47.181+0000][4362.855s][info ][gc,task       ] GC(104) Using 2 workers of 2 for marking
[2023-10-01T17:53:48.179+0000][4363.854s][info ][gc,marking    ] GC(104) Concurrent Mark From Roots 1024.566ms
[2023-10-01T17:53:48.200+0000][4363.875s][info ][gc,marking    ] GC(104) Concurrent Preclean
[2023-10-01T17:53:48.212+0000][4363.887s][info ][gc,marking    ] GC(104) Concurrent Preclean 11.809ms
[2023-10-01T17:53:48.235+0000][4363.910s][info ][gc,marking    ] GC(104) Concurrent Mark (4362.776s, 4363.910s) 1133.903ms
[2023-10-01T17:53:48.251+0000][4363.926s][debug][safepoint     ] Safepoint synchronization initiated. (180 threads)
[2023-10-01T17:53:48.269+0000][4363.943s][info ][safepoint     ] Application time: 1.3185760 seconds
[2023-10-01T17:53:48.292+0000][4363.967s][info ][safepoint     ] Entering safepoint region: CGC_Operation
[2023-10-01T17:53:48.310+0000][4363.985s][info ][gc,start      ] GC(104) Pause Remark
[2023-10-01T17:53:49.342+0000][4365.017s][info ][gc,stringtable] GC(104) Cleaned string and symbol table, strings: 73710 processed, 458 removed, symbols: 414002 processed, 639 removed
[2023-10-01T17:53:49.407+0000][4365.082s][info ][gc,mmu        ] GC(104) MMU target violated: 501.0ms (500.0ms/501.0ms)
[2023-10-01T17:53:49.420+0000][4365.094s][info ][gc            ] GC(104) Pause Remark 158M->158M(384M) 1109.621ms
[2023-10-01T17:53:49.421+0000][4365.096s][info ][gc,cpu        ] GC(104) User=6.98s Sys=0.45s Real=1.11s
[2023-10-01T17:53:49.438+0000][4365.113s][info ][safepoint     ] Leaving safepoint region
[2023-10-01T17:53:49.448+0000][4365.123s][info ][safepoint     ] Total time for which application threads were stopped: 1.1562691 seconds, Stopping threads took: 0.0175744 seconds
[2023-10-01T17:53:49.454+0000][4365.129s][info ][gc,marking    ] GC(104) Concurrent Rebuild Remembered Sets
[2023-10-01T17:53:50.007+0000][4365.682s][info ][gc,marking    ] GC(104) Concurrent Rebuild Remembered Sets 552.425ms
[2023-10-01T17:53:50.042+0000][4365.717s][debug][safepoint     ] Safepoint synchronization initiated. (180 threads)
[2023-10-01T17:53:50.077+0000][4365.752s][info ][safepoint     ] Application time: 0.6226269 seconds
[2023-10-01T17:53:50.089+0000][4365.763s][info ][safepoint     ] Entering safepoint region: CGC_Operation
[2023-10-01T17:53:50.101+0000][4365.776s][info ][gc,start      ] GC(104) Pause Cleanup
[2023-10-01T17:53:50.120+0000][4365.795s][info ][gc            ] GC(104) Pause Cleanup 158M->158M(384M) 19.212ms
[2023-10-01T17:53:50.135+0000][4365.809s][info ][gc,cpu        ] GC(104) User=0.01s Sys=0.00s Real=0.04s
[2023-10-01T17:53:50.138+0000][4365.813s][info ][safepoint     ] Leaving safepoint region
[2023-10-01T17:53:50.141+0000][4365.816s][info ][safepoint     ] Total time for which application threads were stopped: 0.0523446 seconds, Stopping threads took: 0.0121243 seconds
[2023-10-01T17:53:50.155+0000][4365.829s][info ][gc,marking    ] GC(104) Concurrent Cleanup for Next Mark
[2023-10-01T17:53:50.190+0000][4365.865s][info ][gc,marking    ] GC(104) Concurrent Cleanup for Next Mark 35.041ms
[2023-10-01T17:53:50.191+0000][4365.866s][info ][gc            ] GC(104) Concurrent Cycle 3277.643ms
[2023-10-01T17:53:51.155+0000][4366.830s][debug][safepoint     ] Safepoint synchronization initiated. (180 threads)
[2023-10-01T17:53:51.170+0000][4366.845s][info ][safepoint     ] Application time: 1.0153988 seconds
[2023-10-01T17:53:51.185+0000][4366.860s][info ][safepoint     ] Entering safepoint region: Cleanup
[2023-10-01T17:53:51.195+0000][4366.870s][info ][safepoint     ] Leaving safepoint region
[2023-10-01T17:53:51.209+0000][4366.884s][info ][safepoint     ] Total time for which application threads were stopped: 0.0243228 seconds, Stopping threads took: 0.0100216 seconds
[2023-10-01T17:53:52.229+0000][4367.904s][debug][safepoint     ] Safepoint synchronization initiated. (180 threads)
[2023-10-01T17:53:52.237+0000][4367.912s][info ][safepoint     ] Application time: 1.0081565 seconds
[2023-10-01T17:53:52.256+0000][4367.931s][info ][safepoint     ] Entering safepoint region: Cleanup
[2023-10-01T17:53:52.281+0000][4367.956s][info ][safepoint     ] Leaving safepoint region
[2023-10-01T17:53:52.293+0000][4367.968s][info ][safepoint     ] Total time for which application threads were stopped: 0.0371161 seconds, Stopping threads took: 0.0244384 seconds
[2023-10-01T17:53:53.322+0000][4368.997s][debug][safepoint     ] Safepoint synchronization initiated. (180 threads)
[2023-10-01T17:53:53.323+0000][4368.998s][info ][safepoint     ] Application time: 1.0015789 seconds
[2023-10-01T17:53:53.324+0000][4368.999s][info ][safepoint     ] Entering safepoint region: Cleanup
[2023-10-01T17:53:53.325+0000][4369.000s][info ][safepoint     ] Leaving safepoint region
[2023-10-01T17:53:53.326+0000][4369.001s][info ][safepoint     ] Total time for which application threads were stopped: 0.0018505 seconds, Stopping threads took: 0.0006834 seconds
[2023-10-01T17:54:03.329+0000][4379.003s][debug][safepoint     ] Safepoint synchronization initiated. (180 threads)
[2023-10-01T17:54:03.329+0000][4379.004s][info ][safepoint     ] Application time: 10.0024527 seconds
[2023-10-01T17:54:03.330+0000][4379.005s][info ][safepoint     ] Entering safepoint region: Cleanup
[2023-10-01T17:54:03.331+0000][4379.005s][info ][safepoint     ] Leaving safepoint region
[2023-10-01T17:54:03.331+0000][4379.006s][info ][safepoint     ] Total time for which application threads were stopped: 0.0013572 seconds, Stopping threads took: 0.0005812 seconds
[2023-10-01T17:54:11.333+0000][4387.008s][debug][safepoint     ] Safepoint synchronization initiated. (180 threads)
[2023-10-01T17:54:11.333+0000][4387.008s][info ][safepoint     ] Application time: 8.0016645 seconds
[2023-10-01T17:54:11.334+0000][4387.008s][info ][safepoint     ] Entering safepoint region: Cleanup
[2023-10-01T17:54:11.334+0000][4387.009s][info ][safepoint     ] Leaving safepoint region
[2023-10-01T17:54:11.335+0000][4387.009s][info ][safepoint     ] Total time for which application threads were stopped: 0.0010514 seconds, Stopping threads took: 0.0003591 seconds
[2023-10-01T17:54:12.335+0000][4388.010s][debug][safepoint     ] Safepoint synchronization initiated. (180 threads)
[2023-10-01T17:54:12.336+0000][4388.011s][info ][safepoint     ] Application time: 1.0007896 seconds
[2023-10-01T17:54:12.336+0000][4388.011s][info ][safepoint     ] Entering safepoint region: Cleanup
[2023-10-01T17:54:12.337+0000][4388.012s][info ][safepoint     ] Leaving safepoint region
[2023-10-01T17:54:12.337+0000][4388.012s][info ][safepoint     ] Total time for which application threads were stopped: 0.0011250 seconds, Stopping threads took: 0.0004262 seconds
[2023-10-01T17:54:20.353+0000][4396.014s][debug][safepoint     ] Safepoint synchronization initiated. (180 threads)
[2023-10-01T17:54:20.354+0000][4396.015s][info ][safepoint     ] Application time: 8.0020514 seconds
[2023-10-01T17:54:20.355+0000][4396.015s][info ][safepoint     ] Entering safepoint region: Cleanup
[2023-10-01T17:54:20.355+0000][4396.016s][info ][safepoint     ] Leaving safepoint region
[2023-10-01T17:54:20.356+0000][4396.017s][info ][safepoint     ] Total time for which application threads were stopped: 0.0016317 seconds, Stopping threads took: 0.0007205 seconds
[2023-10-01T17:54:35.359+0000][4411.020s][debug][safepoint     ] Safepoint synchronization initiated. (180 threads)
[2023-10-01T17:54:35.360+0000][4411.020s][info ][safepoint     ] Application time: 15.0031122 seconds
[2023-10-01T17:54:35.360+0000][4411.021s][info ][safepoint     ] Entering safepoint region: Cleanup
[2023-10-01T17:54:35.361+0000][4411.022s][info ][safepoint     ] Leaving safepoint region
[2023-10-01T17:54:35.362+0000][4411.023s][info ][safepoint     ] Total time for which application threads were stopped: 0.0016181 seconds, Stopping threads took: 0.0007745 seconds
[2023-10-01T17:54:45.373+0000][4421.025s][debug][safepoint     ] Safepoint synchronization initiated. (179 threads)
[2023-10-01T17:54:45.375+0000][4421.026s][info ][safepoint     ] Application time: 10.0032978 seconds
[2023-10-01T17:54:45.376+0000][4421.027s][info ][safepoint     ] Entering safepoint region: Cleanup
[2023-10-01T17:54:45.377+0000][4421.028s][info ][safepoint     ] Leaving safepoint region
[2023-10-01T17:54:45.377+0000][4421.029s][info ][safepoint     ] Total time for which application threads were stopped: 0.0012421 seconds, Stopping threads took: 0.0004755 seconds
[2023-10-01T17:55:45.400+0000][4481.040s][debug][safepoint     ] Safepoint synchronization initiated. (178 threads)
[2023-10-01T17:55:45.400+0000][4481.041s][info ][safepoint     ] Application time: 60.0115464 seconds
[2023-10-01T17:55:45.401+0000][4481.041s][info ][safepoint     ] Entering safepoint region: Cleanup
[2023-10-01T17:55:45.402+0000][4481.042s][info ][safepoint     ] Leaving safepoint region
[2023-10-01T17:55:45.402+0000][4481.043s][info ][safepoint     ] Total time for which application threads were stopped: 0.0014594 seconds, Stopping threads took: 0.0005718 seconds
[2023-10-01T17:56:12.408+0000][4508.048s][debug][safepoint     ] Safepoint synchronization initiated. (178 threads)
[2023-10-01T17:56:12.408+0000][4508.048s][info ][safepoint     ] Application time: 27.0054212 seconds
[2023-10-01T17:56:12.409+0000][4508.049s][info ][safepoint     ] Entering safepoint region: Cleanup
[2023-10-01T17:56:12.410+0000][4508.050s][info ][safepoint     ] Leaving safepoint region
[2023-10-01T17:56:12.410+0000][4508.050s][info ][safepoint     ] Total time for which application threads were stopped: 0.0014376 seconds, Stopping threads took: 0.0006049 seconds
[2023-10-01T17:56:56.878+0000][4552.516s][debug][safepoint     ] Safepoint synchronization initiated. (177 threads)
[2023-10-01T17:56:56.879+0000][4552.517s][info ][safepoint     ] Application time: 44.4657807 seconds
[2023-10-01T17:56:56.880+0000][4552.517s][info ][safepoint     ] Entering safepoint region: G1CollectForAllocation
[2023-10-01T17:56:56.880+0000][4552.518s][info ][gc,start      ] GC(105) Pause Young (Prepare Mixed) (G1 Evacuation Pause)
[2023-10-01T17:56:56.881+0000][4552.519s][info ][gc,task       ] GC(105) Using 8 workers of 8 for evacuation
[2023-10-01T17:56:56.893+0000][4552.531s][info ][gc,phases     ] GC(105)   Pre Evacuate Collection Set: 0.0ms
[2023-10-01T17:56:56.894+0000][4552.531s][info ][gc,phases     ] GC(105)   Evacuate Collection Set: 8.5ms
[2023-10-01T17:56:56.894+0000][4552.532s][info ][gc,phases     ] GC(105)   Post Evacuate Collection Set: 2.7ms
[2023-10-01T17:56:56.895+0000][4552.533s][info ][gc,phases     ] GC(105)   Other: 1.4ms
[2023-10-01T17:56:56.896+0000][4552.533s][info ][gc,heap       ] GC(105) Eden regions: 167->0(18)
[2023-10-01T17:56:56.896+0000][4552.534s][info ][gc,heap       ] GC(105) Survivor regions: 1->1(21)
[2023-10-01T17:56:56.897+0000][4552.535s][info ][gc,heap       ] GC(105) Old regions: 157->157
[2023-10-01T17:56:56.897+0000][4552.535s][info ][gc,heap       ] GC(105) Humongous regions: 0->0
[2023-10-01T17:56:56.898+0000][4552.536s][info ][gc,metaspace  ] GC(105) Metaspace: 177689K(195536K)->177689K(195536K) NonClass: 157752K(171728K)->157752K(171728K) Class: 19936K(23808K)->19936K(23808K)
[2023-10-01T17:56:56.899+0000][4552.537s][info ][gc            ] GC(105) Pause Young (Prepare Mixed) (G1 Evacuation Pause) 322M->155M(384M) 18.399ms
[2023-10-01T17:56:56.899+0000][4552.537s][info ][gc,cpu        ] GC(105) User=0.08s Sys=0.00s Real=0.01s
[2023-10-01T17:56:56.900+0000][4552.538s][info ][safepoint     ] Leaving safepoint region
[2023-10-01T17:56:56.901+0000][4552.538s][info ][safepoint     ] Total time for which application threads were stopped: 0.0210067 seconds, Stopping threads took: 0.0005844 seconds
[2023-10-01T17:56:56.901+0000][4552.539s][info ][gc,stringdedup] Concurrent String Deduplication (4552.539s)
[2023-10-01T17:56:56.902+0000][4552.539s][info ][gc,stringdedup] Concurrent String Deduplication 376.0B->312.0B(64.0B) avg 54.1% (4552.539s, 4552.539s) 0.468ms
[2023-10-01T17:56:57.901+0000][4553.539s][debug][safepoint     ] Safepoint synchronization initiated. (177 threads)
[2023-10-01T17:56:57.902+0000][4553.540s][info ][safepoint     ] Application time: 1.0010747 seconds
[2023-10-01T17:56:57.903+0000][4553.541s][info ][safepoint     ] Entering safepoint region: Cleanup
[2023-10-01T17:56:57.904+0000][4553.541s][info ][safepoint     ] Leaving safepoint region
[2023-10-01T17:56:57.904+0000][4553.542s][info ][safepoint     ] Total time for which application threads were stopped: 0.0014164 seconds, Stopping threads took: 0.0006549 seconds
[2023-10-01T17:57:15.850+0000][4571.488s][debug][safepoint     ] Safepoint synchronization initiated. (177 threads)
[2023-10-01T17:57:15.851+0000][4571.488s][info ][safepoint     ] Application time: 17.9460682 seconds
[2023-10-01T17:57:15.852+0000][4571.489s][info ][safepoint     ] Entering safepoint region: G1CollectForAllocation
[2023-10-01T17:57:15.852+0000][4571.490s][info ][gc,start      ] GC(106) Pause Young (Mixed) (G1 Evacuation Pause)
[2023-10-01T17:57:15.853+0000][4571.490s][info ][gc,task       ] GC(106) Using 8 workers of 8 for evacuation
[2023-10-01T17:57:15.884+0000][4571.521s][info ][gc,phases     ] GC(106)   Pre Evacuate Collection Set: 0.1ms
[2023-10-01T17:57:15.884+0000][4571.522s][info ][gc,phases     ] GC(106)   Evacuate Collection Set: 25.2ms
[2023-10-01T17:57:15.885+0000][4571.522s][info ][gc,phases     ] GC(106)   Post Evacuate Collection Set: 4.5ms
[2023-10-01T17:57:15.886+0000][4571.523s][info ][gc,phases     ] GC(106)   Other: 1.3ms
[2023-10-01T17:57:15.886+0000][4571.524s][info ][gc,heap       ] GC(106) Eden regions: 18->0(175)
[2023-10-01T17:57:15.887+0000][4571.524s][info ][gc,heap       ] GC(106) Survivor regions: 1->1(3)
[2023-10-01T17:57:15.887+0000][4571.525s][info ][gc,heap       ] GC(106) Old regions: 157->152
[2023-10-01T17:57:15.888+0000][4571.525s][info ][gc,heap       ] GC(106) Humongous regions: 0->0
[2023-10-01T17:57:15.888+0000][4571.526s][info ][gc,metaspace  ] GC(106) Metaspace: 177693K(195536K)->177693K(195536K) NonClass: 157756K(171728K)->157756K(171728K) Class: 19936K(23808K)->19936K(23808K)
[2023-10-01T17:57:15.889+0000][4571.527s][info ][gc            ] GC(106) Pause Young (Mixed) (G1 Evacuation Pause) 173M->150M(384M) 36.685ms
[2023-10-01T17:57:15.890+0000][4571.527s][info ][gc,cpu        ] GC(106) User=0.21s Sys=0.00s Real=0.04s
[2023-10-01T17:57:15.890+0000][4571.528s][info ][safepoint     ] Leaving safepoint region
[2023-10-01T17:57:15.891+0000][4571.528s][info ][safepoint     ] Total time for which application threads were stopped: 0.0393771 seconds, Stopping threads took: 0.0006387 seconds
[2023-10-01T17:57:15.892+0000][4571.529s][info ][gc,stringdedup] Concurrent String Deduplication (4571.529s)
[2023-10-01T17:57:15.892+0000][4571.530s][info ][gc,stringdedup] Concurrent String Deduplication 0.0B->0.0B(0.0B) avg 54.1% (4571.529s, 4571.530s) 0.517ms
[2023-10-01T17:57:36.895+0000][4592.533s][debug][safepoint     ] Safepoint synchronization initiated. (178 threads)
[2023-10-01T17:57:36.896+0000][4592.534s][info ][safepoint     ] Application time: 21.0046706 seconds
[2023-10-01T17:57:36.897+0000][4592.534s][info ][safepoint     ] Entering safepoint region: Cleanup
[2023-10-01T17:57:36.898+0000][4592.535s][info ][safepoint     ] Leaving safepoint region
[2023-10-01T17:57:36.898+0000][4592.536s][info ][safepoint     ] Total time for which application threads were stopped: 0.0014183 seconds, Stopping threads took: 0.0005915 seconds
[2023-10-01T17:58:12.904+0000][4628.542s][debug][safepoint     ] Safepoint synchronization initiated. (177 threads)
[2023-10-01T17:58:12.905+0000][4628.542s][info ][safepoint     ] Application time: 36.0061399 seconds
[2023-10-01T17:58:12.906+0000][4628.543s][info ][safepoint     ] Entering safepoint region: Cleanup
[2023-10-01T17:58:12.906+0000][4628.544s][info ][safepoint     ] Leaving safepoint region
[2023-10-01T17:58:12.907+0000][4628.544s][info ][safepoint     ] Total time for which application threads were stopped: 0.0013829 seconds, Stopping threads took: 0.0005514 seconds
[2023-10-01T18:00:33.068+0000][4768.706s][debug][safepoint     ] Safepoint synchronization initiated. (176 threads)
[2023-10-01T18:00:33.069+0000][4768.707s][info ][safepoint     ] Application time: 140.1615996 seconds
[2023-10-01T18:00:33.070+0000][4768.707s][info ][safepoint     ] Entering safepoint region: G1CollectForAllocation
[2023-10-01T18:00:33.071+0000][4768.708s][info ][gc,start      ] GC(107) Pause Young (Normal) (G1 Evacuation Pause)
[2023-10-01T18:00:33.071+0000][4768.709s][info ][gc,task       ] GC(107) Using 8 workers of 8 for evacuation
[2023-10-01T18:00:33.085+0000][4768.722s][info ][gc,phases     ] GC(107)   Pre Evacuate Collection Set: 0.0ms
[2023-10-01T18:00:33.086+0000][4768.723s][info ][gc,phases     ] GC(107)   Evacuate Collection Set: 9.0ms
[2023-10-01T18:00:33.086+0000][4768.724s][info ][gc,phases     ] GC(107)   Post Evacuate Collection Set: 3.3ms
[2023-10-01T18:00:33.087+0000][4768.724s][info ][gc,phases     ] GC(107)   Other: 1.8ms
[2023-10-01T18:00:33.088+0000][4768.725s][info ][gc,heap       ] GC(107) Eden regions: 175->0(180)
[2023-10-01T18:00:33.088+0000][4768.725s][info ][gc,heap       ] GC(107) Survivor regions: 1->1(22)
[2023-10-01T18:00:33.088+0000][4768.726s][info ][gc,heap       ] GC(107) Old regions: 152->152
[2023-10-01T18:00:33.089+0000][4768.726s][info ][gc,heap       ] GC(107) Humongous regions: 0->0
[2023-10-01T18:00:33.089+0000][4768.727s][info ][gc,metaspace  ] GC(107) Metaspace: 177722K(195536K)->177722K(195536K) NonClass: 157784K(171728K)->157784K(171728K) Class: 19938K(23808K)->19938K(23808K)
[2023-10-01T18:00:33.090+0000][4768.727s][info ][gc            ] GC(107) Pause Young (Normal) (G1 Evacuation Pause) 325M->150M(384M) 19.063ms
[2023-10-01T18:00:33.090+0000][4768.728s][info ][gc,cpu        ] GC(107) User=0.08s Sys=0.00s Real=0.02s
[2023-10-01T18:00:33.091+0000][4768.728s][info ][safepoint     ] Leaving safepoint region
[2023-10-01T18:00:33.091+0000][4768.729s][info ][safepoint     ] Total time for which application threads were stopped: 0.0217552 seconds, Stopping threads took: 0.0006523 seconds
[2023-10-01T18:00:33.092+0000][4768.729s][info ][gc,stringdedup] Concurrent String Deduplication (4768.729s)
[2023-10-01T18:00:33.092+0000][4768.730s][info ][gc,stringdedup] Concurrent String Deduplication 0.0B->0.0B(0.0B) avg 54.1% (4768.729s, 4768.730s) 0.411ms
[2023-10-01T18:00:45.094+0000][4780.732s][debug][safepoint     ] Safepoint synchronization initiated. (176 threads)
[2023-10-01T18:00:45.095+0000][4780.732s][info ][safepoint     ] Application time: 12.0030628 seconds
[2023-10-01T18:00:45.095+0000][4780.733s][info ][safepoint     ] Entering safepoint region: Cleanup
[2023-10-01T18:00:45.096+0000][4780.734s][info ][safepoint     ] Leaving safepoint region
[2023-10-01T18:00:45.097+0000][4780.734s][info ][safepoint     ] Total time for which application threads were stopped: 0.0014461 seconds, Stopping threads took: 0.0006033 seconds
[2023-10-01T18:03:56.743+0000][4972.380s][debug][safepoint     ] Safepoint synchronization initiated. (176 threads)
[2023-10-01T18:03:56.744+0000][4972.381s][info ][safepoint     ] Application time: 191.6462424 seconds
[2023-10-01T18:03:56.746+0000][4972.383s][debug][safepoint     ] ... found polling page return exception at pc = 0x00007f51888db999, stub =0x00007f5180840600
[2023-10-01T18:03:56.747+0000][4972.384s][debug][safepoint     ] Waiting for 1 thread(s) to block
[2023-10-01T18:03:56.748+0000][4972.385s][info ][safepoint     ] Entering safepoint region: G1CollectForAllocation
[2023-10-01T18:03:56.749+0000][4972.386s][info ][gc,start      ] GC(108) Pause Young (Normal) (G1 Evacuation Pause)
[2023-10-01T18:03:56.749+0000][4972.386s][info ][gc,task       ] GC(108) Using 8 workers of 8 for evacuation
[2023-10-01T18:03:56.765+0000][4972.402s][info ][gc,phases     ] GC(108)   Pre Evacuate Collection Set: 0.1ms
[2023-10-01T18:03:56.766+0000][4972.403s][info ][gc,phases     ] GC(108)   Evacuate Collection Set: 12.2ms
[2023-10-01T18:03:56.766+0000][4972.404s][info ][gc,phases     ] GC(108)   Post Evacuate Collection Set: 2.9ms
[2023-10-01T18:03:56.767+0000][4972.404s][info ][gc,phases     ] GC(108)   Other: 1.5ms
[2023-10-01T18:03:56.767+0000][4972.405s][info ][gc,heap       ] GC(108) Eden regions: 180->0(182)
[2023-10-01T18:03:56.768+0000][4972.405s][info ][gc,heap       ] GC(108) Survivor regions: 1->1(23)
[2023-10-01T18:03:56.769+0000][4972.406s][info ][gc,heap       ] GC(108) Old regions: 152->152
[2023-10-01T18:03:56.769+0000][4972.406s][info ][gc,heap       ] GC(108) Humongous regions: 0->0
[2023-10-01T18:03:56.769+0000][4972.407s][info ][gc,metaspace  ] GC(108) Metaspace: 177740K(195536K)->177740K(195536K) NonClass: 157802K(171728K)->157802K(171728K) Class: 19938K(23808K)->19938K(23808K)
[2023-10-01T18:03:56.770+0000][4972.407s][info ][gc            ] GC(108) Pause Young (Normal) (G1 Evacuation Pause) 330M->150M(384M) 21.358ms
[2023-10-01T18:03:56.770+0000][4972.408s][info ][gc,cpu        ] GC(108) User=0.11s Sys=0.00s Real=0.03s
[2023-10-01T18:03:56.771+0000][4972.408s][info ][safepoint     ] Leaving safepoint region
[2023-10-01T18:03:56.772+0000][4972.409s][info ][safepoint     ] Total time for which application threads were stopped: 0.0273259 seconds, Stopping threads took: 0.0038639 seconds
[2023-10-01T18:03:59.773+0000][4975.410s][debug][safepoint     ] Safepoint synchronization initiated. (176 threads)
[2023-10-01T18:03:59.794+0000][4975.432s][info ][safepoint     ] Application time: 3.0221960 seconds
[2023-10-01T18:03:59.795+0000][4975.432s][info ][safepoint     ] Entering safepoint region: Cleanup
[2023-10-01T18:03:59.796+0000][4975.433s][info ][safepoint     ] Leaving safepoint region
[2023-10-01T18:03:59.796+0000][4975.434s][info ][safepoint     ] Total time for which application threads were stopped: 0.0014684 seconds, Stopping threads took: 0.0007075 seconds
[2023-10-01T18:06:12.820+0000][5108.457s][debug][safepoint     ] Safepoint synchronization initiated. (178 threads)
[2023-10-01T18:06:12.821+0000][5108.457s][info ][safepoint     ] Application time: 133.0229747 seconds
[2023-10-01T18:06:12.821+0000][5108.458s][info ][safepoint     ] Entering safepoint region: Cleanup
[2023-10-01T18:06:12.822+0000][5108.458s][info ][safepoint     ] Leaving safepoint region
[2023-10-01T18:06:12.822+0000][5108.459s][info ][safepoint     ] Total time for which application threads were stopped: 0.0012135 seconds, Stopping threads took: 0.0004652 seconds
[2023-10-01T18:07:22.300+0000][5177.937s][debug][safepoint     ] Safepoint synchronization initiated. (177 threads)
[2023-10-01T18:07:22.300+0000][5177.937s][info ][safepoint     ] Application time: 69.4780510 seconds
[2023-10-01T18:07:22.301+0000][5177.938s][info ][safepoint     ] Entering safepoint region: G1CollectForAllocation
[2023-10-01T18:07:22.302+0000][5177.939s][info ][gc,start      ] GC(109) Pause Young (Concurrent Start) (G1 Evacuation Pause)
[2023-10-01T18:07:22.303+0000][5177.939s][info ][gc,task       ] GC(109) Using 8 workers of 8 for evacuation
[2023-10-01T18:07:22.320+0000][5177.956s][info ][gc,phases     ] GC(109)   Pre Evacuate Collection Set: 1.7ms
[2023-10-01T18:07:22.320+0000][5177.957s][info ][gc,phases     ] GC(109)   Evacuate Collection Set: 11.7ms
[2023-10-01T18:07:22.321+0000][5177.957s][info ][gc,phases     ] GC(109)   Post Evacuate Collection Set: 2.7ms
[2023-10-01T18:07:22.321+0000][5177.958s][info ][gc,phases     ] GC(109)   Other: 1.6ms
[2023-10-01T18:07:22.322+0000][5177.959s][info ][gc,heap       ] GC(109) Eden regions: 182->0(183)
[2023-10-01T18:07:22.322+0000][5177.959s][info ][gc,heap       ] GC(109) Survivor regions: 1->1(23)
[2023-10-01T18:07:22.323+0000][5177.960s][info ][gc,heap       ] GC(109) Old regions: 152->152
[2023-10-01T18:07:22.323+0000][5177.960s][info ][gc,heap       ] GC(109) Humongous regions: 0->0
[2023-10-01T18:07:22.324+0000][5177.961s][info ][gc,metaspace  ] GC(109) Metaspace: 177751K(195536K)->177751K(195536K) NonClass: 157813K(171728K)->157813K(171728K) Class: 19938K(23808K)->19938K(23808K)
[2023-10-01T18:07:22.324+0000][5177.961s][info ][gc            ] GC(109) Pause Young (Concurrent Start) (G1 Evacuation Pause) 332M->150M(384M) 22.362ms
[2023-10-01T18:07:22.325+0000][5177.962s][info ][gc,cpu        ] GC(109) User=0.10s Sys=0.00s Real=0.02s
[2023-10-01T18:07:22.325+0000][5177.962s][info ][gc            ] GC(110) Concurrent Cycle
[2023-10-01T18:07:22.326+0000][5177.963s][info ][gc,marking    ] GC(110) Concurrent Clear Claimed Marks
[2023-10-01T18:07:22.325+0000][5177.962s][info ][safepoint     ] Leaving safepoint region
[2023-10-01T18:07:22.327+0000][5177.964s][info ][safepoint     ] Total time for which application threads were stopped: 0.0259388 seconds, Stopping threads took: 0.0006276 seconds
[2023-10-01T18:07:22.327+0000][5177.964s][info ][gc,marking    ] GC(110) Concurrent Clear Claimed Marks 1.326ms
[2023-10-01T18:07:22.328+0000][5177.965s][info ][gc,marking    ] GC(110) Concurrent Scan Root Regions
[2023-10-01T18:07:22.327+0000][5177.964s][info ][gc,stringdedup] Concurrent String Deduplication (5177.964s)
[2023-10-01T18:07:22.329+0000][5177.966s][info ][gc,stringdedup] Concurrent String Deduplication 2720.0B->1120.0B(1600.0B) avg 54.1% (5177.964s, 5177.966s) 1.301ms
[2023-10-01T18:07:22.332+0000][5177.969s][info ][gc,marking    ] GC(110) Concurrent Scan Root Regions 4.230ms
[2023-10-01T18:07:22.333+0000][5177.970s][info ][gc,marking    ] GC(110) Concurrent Mark (5177.970s)
[2023-10-01T18:07:22.333+0000][5177.970s][info ][gc,marking    ] GC(110) Concurrent Mark From Roots
[2023-10-01T18:07:22.334+0000][5177.970s][info ][gc,task       ] GC(110) Using 2 workers of 2 for marking
[2023-10-01T18:07:22.463+0000][5178.100s][info ][gc,marking    ] GC(110) Concurrent Mark From Roots 129.781ms
[2023-10-01T18:07:22.463+0000][5178.100s][info ][gc,marking    ] GC(110) Concurrent Preclean
[2023-10-01T18:07:22.464+0000][5178.101s][info ][gc,marking    ] GC(110) Concurrent Preclean 0.845ms
[2023-10-01T18:07:22.465+0000][5178.102s][info ][gc,marking    ] GC(110) Concurrent Mark (5177.970s, 5178.102s) 132.381ms
[2023-10-01T18:07:22.466+0000][5178.102s][debug][safepoint     ] Safepoint synchronization initiated. (177 threads)
[2023-10-01T18:07:22.466+0000][5178.103s][info ][safepoint     ] Application time: 0.1386725 seconds
[2023-10-01T18:07:22.467+0000][5178.104s][info ][safepoint     ] Entering safepoint region: CGC_Operation
[2023-10-01T18:07:22.467+0000][5178.104s][info ][gc,start      ] GC(110) Pause Remark
[2023-10-01T18:07:22.494+0000][5178.131s][info ][gc,stringtable] GC(110) Cleaned string and symbol table, strings: 73263 processed, 12 removed, symbols: 413367 processed, 2 removed
[2023-10-01T18:07:22.495+0000][5178.132s][info ][gc            ] GC(110) Pause Remark 154M->154M(384M) 27.622ms
[2023-10-01T18:07:22.496+0000][5178.132s][info ][gc,cpu        ] GC(110) User=0.19s Sys=0.01s Real=0.03s
[2023-10-01T18:07:22.496+0000][5178.133s][info ][safepoint     ] Leaving safepoint region
[2023-10-01T18:07:22.496+0000][5178.133s][info ][safepoint     ] Total time for which application threads were stopped: 0.0298571 seconds, Stopping threads took: 0.0006041 seconds
[2023-10-01T18:07:22.497+0000][5178.134s][info ][gc,marking    ] GC(110) Concurrent Rebuild Remembered Sets
[2023-10-01T18:07:22.605+0000][5178.242s][info ][gc,marking    ] GC(110) Concurrent Rebuild Remembered Sets 107.769ms
[2023-10-01T18:07:22.606+0000][5178.243s][debug][safepoint     ] Safepoint synchronization initiated. (177 threads)
[2023-10-01T18:07:22.606+0000][5178.243s][info ][safepoint     ] Application time: 0.1095729 seconds
[2023-10-01T18:07:22.607+0000][5178.244s][info ][safepoint     ] Entering safepoint region: CGC_Operation
[2023-10-01T18:07:22.608+0000][5178.245s][info ][gc,start      ] GC(110) Pause Cleanup
[2023-10-01T18:07:22.609+0000][5178.246s][info ][gc            ] GC(110) Pause Cleanup 154M->154M(384M) 1.186ms
[2023-10-01T18:07:22.610+0000][5178.247s][info ][gc,cpu        ] GC(110) User=0.00s Sys=0.00s Real=0.00s
[2023-10-01T18:07:22.610+0000][5178.247s][info ][safepoint     ] Leaving safepoint region
[2023-10-01T18:07:22.611+0000][5178.248s][info ][safepoint     ] Total time for which application threads were stopped: 0.0037410 seconds, Stopping threads took: 0.0006613 seconds
[2023-10-01T18:07:22.611+0000][5178.248s][info ][gc,marking    ] GC(110) Concurrent Cleanup for Next Mark
[2023-10-01T18:07:22.613+0000][5178.250s][info ][gc,marking    ] GC(110) Concurrent Cleanup for Next Mark 1.839ms
[2023-10-01T18:07:22.614+0000][5178.251s][info ][gc            ] GC(110) Concurrent Cycle 288.720ms
[2023-10-01T18:07:40.615+0000][5196.252s][debug][safepoint     ] Safepoint synchronization initiated. (176 threads)
[2023-10-01T18:07:40.616+0000][5196.253s][info ][safepoint     ] Application time: 18.0046268 seconds
[2023-10-01T18:07:40.617+0000][5196.254s][info ][safepoint     ] Entering safepoint region: Cleanup
[2023-10-01T18:07:40.618+0000][5196.255s][info ][safepoint     ] Leaving safepoint region
[2023-10-01T18:07:40.619+0000][5196.256s][info ][safepoint     ] Total time for which application threads were stopped: 0.0024827 seconds, Stopping threads took: 0.0005558 seconds
[2023-10-01T18:07:42.620+0000][5198.257s][debug][safepoint     ] Safepoint synchronization initiated. (176 threads)
[2023-10-01T18:07:42.621+0000][5198.258s][info ][safepoint     ] Application time: 2.0011190 seconds
[2023-10-01T18:07:42.621+0000][5198.258s][info ][safepoint     ] Entering safepoint region: Cleanup
[2023-10-01T18:07:42.622+0000][5198.259s][info ][safepoint     ] Leaving safepoint region
[2023-10-01T18:07:42.623+0000][5198.260s][info ][safepoint     ] Total time for which application threads were stopped: 0.0014328 seconds, Stopping threads took: 0.0006572 seconds
[2023-10-01T18:07:57.626+0000][5213.264s][debug][safepoint     ] Safepoint synchronization initiated. (176 threads)
[2023-10-01T18:07:57.627+0000][5213.264s][info ][safepoint     ] Application time: 15.0038302 seconds
[2023-10-01T18:07:57.628+0000][5213.265s][info ][safepoint     ] Entering safepoint region: Cleanup
[2023-10-01T18:07:57.628+0000][5213.265s][info ][safepoint     ] Leaving safepoint region
[2023-10-01T18:07:57.629+0000][5213.266s][info ][safepoint     ] Total time for which application threads were stopped: 0.0010801 seconds, Stopping threads took: 0.0004386 seconds
[2023-10-01T18:09:33.645+0000][5309.283s][debug][safepoint     ] Safepoint synchronization initiated. (178 threads)
[2023-10-01T18:09:33.646+0000][5309.283s][info ][safepoint     ] Application time: 96.0173676 seconds
[2023-10-01T18:09:33.647+0000][5309.284s][info ][safepoint     ] Entering safepoint region: Cleanup
[2023-10-01T18:09:33.648+0000][5309.285s][info ][safepoint     ] Leaving safepoint region
[2023-10-01T18:09:33.648+0000][5309.286s][info ][safepoint     ] Total time for which application threads were stopped: 0.0014602 seconds, Stopping threads took: 0.0005223 seconds
[2023-10-01T18:10:01.654+0000][5337.291s][debug][safepoint     ] Safepoint synchronization initiated. (178 threads)
[2023-10-01T18:10:01.655+0000][5337.292s][info ][safepoint     ] Application time: 28.0058582 seconds
[2023-10-01T18:10:01.655+0000][5337.293s][info ][safepoint     ] Entering safepoint region: Cleanup
[2023-10-01T18:10:01.656+0000][5337.293s][info ][safepoint     ] Leaving safepoint region
[2023-10-01T18:10:01.656+0000][5337.294s][info ][safepoint     ] Total time for which application threads were stopped: 0.0012695 seconds, Stopping threads took: 0.0005494 seconds
[2023-10-01T18:10:12.659+0000][5348.296s][debug][safepoint     ] Safepoint synchronization initiated. (177 threads)
[2023-10-01T18:10:12.664+0000][5348.301s][info ][safepoint     ] Application time: 11.0064986 seconds
[2023-10-01T18:10:12.664+0000][5348.302s][info ][safepoint     ] Entering safepoint region: Cleanup
[2023-10-01T18:10:12.665+0000][5348.303s][info ][safepoint     ] Leaving safepoint region
[2023-10-01T18:10:12.666+0000][5348.303s][info ][safepoint     ] Total time for which application threads were stopped: 0.0016915 seconds, Stopping threads took: 0.0007285 seconds
[2023-10-01T18:10:29.669+0000][5365.307s][debug][safepoint     ] Safepoint synchronization initiated. (178 threads)
[2023-10-01T18:10:29.670+0000][5365.307s][info ][safepoint     ] Application time: 17.0034630 seconds
[2023-10-01T18:10:29.671+0000][5365.308s][info ][safepoint     ] Entering safepoint region: Cleanup
[2023-10-01T18:10:29.672+0000][5365.309s][info ][safepoint     ] Leaving safepoint region
[2023-10-01T18:10:29.673+0000][5365.310s][info ][safepoint     ] Total time for which application threads were stopped: 0.0016725 seconds, Stopping threads took: 0.0007210 seconds
[2023-10-01T18:10:47.508+0000][5383.145s][debug][safepoint     ] Safepoint synchronization initiated. (178 threads)
[2023-10-01T18:10:47.508+0000][5383.146s][info ][safepoint     ] Application time: 17.8355066 seconds
[2023-10-01T18:10:47.509+0000][5383.146s][info ][safepoint     ] Entering safepoint region: G1CollectForAllocation
[2023-10-01T18:10:47.510+0000][5383.147s][info ][gc,start      ] GC(111) Pause Young (Prepare Mixed) (G1 Evacuation Pause)
[2023-10-01T18:10:47.510+0000][5383.148s][info ][gc,task       ] GC(111) Using 8 workers of 8 for evacuation
[2023-10-01T18:10:47.523+0000][5383.161s][info ][gc,phases     ] GC(111)   Pre Evacuate Collection Set: 0.0ms
[2023-10-01T18:10:47.524+0000][5383.161s][info ][gc,phases     ] GC(111)   Evacuate Collection Set: 8.9ms
[2023-10-01T18:10:47.524+0000][5383.162s][info ][gc,phases     ] GC(111)   Post Evacuate Collection Set: 3.2ms
[2023-10-01T18:10:47.525+0000][5383.162s][info ][gc,phases     ] GC(111)   Other: 1.3ms
[2023-10-01T18:10:47.525+0000][5383.163s][info ][gc,heap       ] GC(111) Eden regions: 183->0(18)
[2023-10-01T18:10:47.526+0000][5383.163s][info ][gc,heap       ] GC(111) Survivor regions: 1->1(23)
[2023-10-01T18:10:47.526+0000][5383.164s][info ][gc,heap       ] GC(111) Old regions: 152->152
[2023-10-01T18:10:47.527+0000][5383.164s][info ][gc,heap       ] GC(111) Humongous regions: 0->0
[2023-10-01T18:10:47.528+0000][5383.165s][info ][gc,metaspace  ] GC(111) Metaspace: 177758K(195536K)->177758K(195536K) NonClass: 157820K(171728K)->157820K(171728K) Class: 19938K(23808K)->19938K(23808K)
[2023-10-01T18:10:47.528+0000][5383.166s][info ][gc            ] GC(111) Pause Young (Prepare Mixed) (G1 Evacuation Pause) 333M->151M(384M) 18.303ms
[2023-10-01T18:10:47.529+0000][5383.166s][info ][gc,cpu        ] GC(111) User=0.08s Sys=0.00s Real=0.01s
[2023-10-01T18:10:47.529+0000][5383.167s][info ][safepoint     ] Leaving safepoint region
[2023-10-01T18:10:47.530+0000][5383.167s][info ][safepoint     ] Total time for which application threads were stopped: 0.0208073 seconds, Stopping threads took: 0.0005315 seconds
[2023-10-01T18:10:47.530+0000][5383.168s][info ][gc,stringdedup] Concurrent String Deduplication (5383.168s)
[2023-10-01T18:10:47.531+0000][5383.168s][info ][gc,stringdedup] Concurrent String Deduplication 832.0B->24.0B(808.0B) avg 54.1% (5383.168s, 5383.168s) 0.427ms
[2023-10-01T18:11:06.482+0000][5402.119s][debug][safepoint     ] Safepoint synchronization initiated. (175 threads)
[2023-10-01T18:11:06.483+0000][5402.120s][info ][safepoint     ] Application time: 18.9524442 seconds
[2023-10-01T18:11:06.483+0000][5402.121s][info ][safepoint     ] Entering safepoint region: G1CollectForAllocation
[2023-10-01T18:11:06.484+0000][5402.121s][info ][gc,start      ] GC(112) Pause Young (Mixed) (G1 Evacuation Pause)
[2023-10-01T18:11:06.484+0000][5402.122s][info ][gc,task       ] GC(112) Using 8 workers of 8 for evacuation
[2023-10-01T18:11:06.501+0000][5402.138s][info ][gc,phases     ] GC(112)   Pre Evacuate Collection Set: 0.0ms
[2023-10-01T18:11:06.501+0000][5402.139s][info ][gc,phases     ] GC(112)   Evacuate Collection Set: 11.8ms
[2023-10-01T18:11:06.502+0000][5402.139s][info ][gc,phases     ] GC(112)   Post Evacuate Collection Set: 3.0ms
[2023-10-01T18:11:06.502+0000][5402.140s][info ][gc,phases     ] GC(112)   Other: 1.9ms
[2023-10-01T18:11:06.503+0000][5402.140s][info ][gc,heap       ] GC(112) Eden regions: 18->0(182)
[2023-10-01T18:11:06.503+0000][5402.141s][info ][gc,heap       ] GC(112) Survivor regions: 1->2(3)
[2023-10-01T18:11:06.504+0000][5402.141s][info ][gc,heap       ] GC(112) Old regions: 152->152
[2023-10-01T18:11:06.504+0000][5402.142s][info ][gc,heap       ] GC(112) Humongous regions: 0->0
[2023-10-01T18:11:06.505+0000][5402.142s][info ][gc,metaspace  ] GC(112) Metaspace: 177759K(195536K)->177759K(195536K) NonClass: 157821K(171728K)->157821K(171728K) Class: 19938K(23808K)->19938K(23808K)
[2023-10-01T18:11:06.506+0000][5402.143s][info ][gc            ] GC(112) Pause Young (Mixed) (G1 Evacuation Pause) 169M->151M(384M) 21.572ms
[2023-10-01T18:11:06.506+0000][5402.143s][info ][gc,cpu        ] GC(112) User=0.10s Sys=0.00s Real=0.02s
[2023-10-01T18:11:06.507+0000][5402.144s][info ][safepoint     ] Leaving safepoint region
[2023-10-01T18:11:06.507+0000][5402.144s][info ][safepoint     ] Total time for which application threads were stopped: 0.0238604 seconds, Stopping threads took: 0.0005317 seconds
[2023-10-01T18:11:06.508+0000][5402.145s][info ][gc,stringdedup] Concurrent String Deduplication (5402.145s)
[2023-10-01T18:11:06.508+0000][5402.145s][info ][gc,stringdedup] Concurrent String Deduplication 184.0B->184.0B(0.0B) avg 54.1% (5402.145s, 5402.145s) 0.480ms
[2023-10-01T18:14:32.497+0000][5608.134s][debug][safepoint     ] Safepoint synchronization initiated. (176 threads)
[2023-10-01T18:14:32.497+0000][5608.135s][info ][safepoint     ] Application time: 205.9902020 seconds
[2023-10-01T18:14:32.498+0000][5608.136s][info ][safepoint     ] Entering safepoint region: G1CollectForAllocation
[2023-10-01T18:14:32.499+0000][5608.137s][info ][gc,start      ] GC(113) Pause Young (Normal) (G1 Evacuation Pause)
[2023-10-01T18:14:32.499+0000][5608.137s][info ][gc,task       ] GC(113) Using 8 workers of 8 for evacuation
[2023-10-01T18:14:32.517+0000][5608.154s][info ][gc,phases     ] GC(113)   Pre Evacuate Collection Set: 0.1ms
[2023-10-01T18:14:32.517+0000][5608.155s][info ][gc,phases     ] GC(113)   Evacuate Collection Set: 12.9ms
[2023-10-01T18:14:32.518+0000][5608.156s][info ][gc,phases     ] GC(113)   Post Evacuate Collection Set: 3.5ms
[2023-10-01T18:14:32.518+0000][5608.156s][info ][gc,phases     ] GC(113)   Other: 1.4ms
[2023-10-01T18:14:32.519+0000][5608.156s][info ][gc,heap       ] GC(113) Eden regions: 182->0(183)
[2023-10-01T18:14:32.519+0000][5608.157s][info ][gc,heap       ] GC(113) Survivor regions: 2->2(23)
[2023-10-01T18:14:32.520+0000][5608.158s][info ][gc,heap       ] GC(113) Old regions: 152->152
[2023-10-01T18:14:32.520+0000][5608.158s][info ][gc,heap       ] GC(113) Humongous regions: 0->0
[2023-10-01T18:14:32.521+0000][5608.159s][info ][gc,metaspace  ] GC(113) Metaspace: 177760K(195536K)->177760K(195536K) NonClass: 157821K(171728K)->157821K(171728K) Class: 19938K(23808K)->19938K(23808K)
[2023-10-01T18:14:32.521+0000][5608.159s][info ][gc            ] GC(113) Pause Young (Normal) (G1 Evacuation Pause) 333M->151M(384M) 22.538ms
[2023-10-01T18:14:32.522+0000][5608.160s][info ][gc,cpu        ] GC(113) User=0.10s Sys=0.02s Real=0.03s
[2023-10-01T18:14:32.522+0000][5608.160s][info ][safepoint     ] Leaving safepoint region
[2023-10-01T18:14:32.523+0000][5608.161s][info ][safepoint     ] Total time for which application threads were stopped: 0.0249957 seconds, Stopping threads took: 0.0006378 seconds
[2023-10-01T18:14:32.523+0000][5608.161s][info ][gc,stringdedup] Concurrent String Deduplication (5608.161s)
[2023-10-01T18:14:32.524+0000][5608.162s][info ][gc,stringdedup] Concurrent String Deduplication 26984.0B->0.0B(26984.0B) avg 54.2% (5608.161s, 5608.162s) 0.586ms
[2023-10-01T18:16:45.547+0000][5741.185s][debug][safepoint     ] Safepoint synchronization initiated. (176 threads)
[2023-10-01T18:16:45.548+0000][5741.185s][info ][safepoint     ] Application time: 133.0241690 seconds
[2023-10-01T18:16:45.548+0000][5741.186s][info ][safepoint     ] Entering safepoint region: Cleanup
[2023-10-01T18:16:45.549+0000][5741.187s][info ][safepoint     ] Leaving safepoint region
[2023-10-01T18:16:45.549+0000][5741.187s][info ][safepoint     ] Total time for which application threads were stopped: 0.0013675 seconds, Stopping threads took: 0.0005497 seconds
[2023-10-01T18:17:08.555+0000][5764.193s][debug][safepoint     ] Safepoint synchronization initiated. (176 threads)
[2023-10-01T18:17:08.556+0000][5764.194s][info ][safepoint     ] Application time: 23.0059060 seconds
[2023-10-01T18:17:08.557+0000][5764.194s][info ][safepoint     ] Entering safepoint region: Cleanup
[2023-10-01T18:17:08.558+0000][5764.195s][info ][safepoint     ] Leaving safepoint region
[2023-10-01T18:17:08.559+0000][5764.196s][info ][safepoint     ] Total time for which application threads were stopped: 0.0022098 seconds, Stopping threads took: 0.0006719 seconds
[2023-10-01T18:17:37.565+0000][5793.203s][debug][safepoint     ] Safepoint synchronization initiated. (176 threads)
[2023-10-01T18:17:37.566+0000][5793.204s][info ][safepoint     ] Application time: 29.0062376 seconds
[2023-10-01T18:17:37.566+0000][5793.204s][info ][safepoint     ] Entering safepoint region: Cleanup
[2023-10-01T18:17:37.567+0000][5793.205s][info ][safepoint     ] Leaving safepoint region
[2023-10-01T18:17:37.568+0000][5793.205s][info ][safepoint     ] Total time for which application threads were stopped: 0.0013086 seconds, Stopping threads took: 0.0005718 seconds
[2023-10-01T18:17:59.978+0000][5815.616s][debug][safepoint     ] Safepoint synchronization initiated. (176 threads)
[2023-10-01T18:17:59.979+0000][5815.616s][info ][safepoint     ] Application time: 22.4101779 seconds
[2023-10-01T18:17:59.979+0000][5815.617s][info ][safepoint     ] Entering safepoint region: G1CollectForAllocation
[2023-10-01T18:17:59.980+0000][5815.617s][info ][gc,start      ] GC(114) Pause Young (Normal) (G1 Evacuation Pause)
[2023-10-01T18:17:59.980+0000][5815.618s][info ][gc,task       ] GC(114) Using 8 workers of 8 for evacuation
[2023-10-01T18:17:59.996+0000][5815.634s][info ][gc,phases     ] GC(114)   Pre Evacuate Collection Set: 0.0ms
[2023-10-01T18:17:59.997+0000][5815.634s][info ][gc,phases     ] GC(114)   Evacuate Collection Set: 10.1ms
[2023-10-01T18:17:59.997+0000][5815.635s][info ][gc,phases     ] GC(114)   Post Evacuate Collection Set: 4.7ms
[2023-10-01T18:17:59.998+0000][5815.635s][info ][gc,phases     ] GC(114)   Other: 1.5ms
[2023-10-01T18:17:59.998+0000][5815.636s][info ][gc,heap       ] GC(114) Eden regions: 183->0(185)
[2023-10-01T18:17:59.999+0000][5815.637s][info ][gc,heap       ] GC(114) Survivor regions: 2->1(24)
[2023-10-01T18:18:00.000+0000][5815.637s][info ][gc,heap       ] GC(114) Old regions: 152->152
[2023-10-01T18:18:00.000+0000][5815.638s][info ][gc,heap       ] GC(114) Humongous regions: 0->0
[2023-10-01T18:18:00.001+0000][5815.638s][info ][gc,metaspace  ] GC(114) Metaspace: 177760K(195536K)->177760K(195536K) NonClass: 157822K(171728K)->157822K(171728K) Class: 19938K(23808K)->19938K(23808K)
[2023-10-01T18:18:00.001+0000][5815.639s][info ][gc            ] GC(114) Pause Young (Normal) (G1 Evacuation Pause) 334M->151M(384M) 21.365ms
[2023-10-01T18:18:00.002+0000][5815.639s][info ][gc,cpu        ] GC(114) User=0.09s Sys=0.01s Real=0.02s
[2023-10-01T18:18:00.002+0000][5815.640s][info ][safepoint     ] Leaving safepoint region
[2023-10-01T18:18:00.003+0000][5815.640s][info ][safepoint     ] Total time for which application threads were stopped: 0.0237940 seconds, Stopping threads took: 0.0006189 seconds
[2023-10-01T18:18:00.003+0000][5815.641s][info ][gc,stringdedup] Concurrent String Deduplication (5815.641s)
[2023-10-01T18:18:00.004+0000][5815.641s][info ][gc,stringdedup] Concurrent String Deduplication 4400.0B->0.0B(4400.0B) avg 54.2% (5815.641s, 5815.641s) 0.530ms
[2023-10-01T18:18:11.006+0000][5826.643s][debug][safepoint     ] Safepoint synchronization initiated. (176 threads)
[2023-10-01T18:18:11.006+0000][5826.644s][info ][safepoint     ] Application time: 11.0031274 seconds
[2023-10-01T18:18:11.007+0000][5826.645s][info ][safepoint     ] Entering safepoint region: Cleanup
[2023-10-01T18:18:11.008+0000][5826.646s][info ][safepoint     ] Leaving safepoint region
[2023-10-01T18:18:11.008+0000][5826.646s][info ][safepoint     ] Total time for which application threads were stopped: 0.0014457 seconds, Stopping threads took: 0.0006574 seconds
[2023-10-01T18:18:12.009+0000][5827.647s][debug][safepoint     ] Safepoint synchronization initiated. (176 threads)
[2023-10-01T18:18:12.010+0000][5827.647s][info ][safepoint     ] Application time: 1.0008121 seconds
[2023-10-01T18:18:12.010+0000][5827.648s][info ][safepoint     ] Entering safepoint region: Cleanup
[2023-10-01T18:18:12.011+0000][5827.649s][info ][safepoint     ] Leaving safepoint region
[2023-10-01T18:18:12.012+0000][5827.649s][info ][safepoint     ] Total time for which application threads were stopped: 0.0012384 seconds, Stopping threads took: 0.0005796 seconds
[2023-10-01T18:18:13.012+0000][5828.650s][debug][safepoint     ] Safepoint synchronization initiated. (176 threads)
[2023-10-01T18:18:13.013+0000][5828.651s][info ][safepoint     ] Application time: 1.0009776 seconds
[2023-10-01T18:18:13.014+0000][5828.651s][info ][safepoint     ] Entering safepoint region: Cleanup
[2023-10-01T18:18:13.014+0000][5828.652s][info ][safepoint     ] Leaving safepoint region
[2023-10-01T18:18:13.015+0000][5828.652s][info ][safepoint     ] Total time for which application threads were stopped: 0.0011454 seconds, Stopping threads took: 0.0005516 seconds
[2023-10-01T18:19:04.025+0000][5879.662s][debug][safepoint     ] Safepoint synchronization initiated. (176 threads)
[2023-10-01T18:19:04.025+0000][5879.663s][info ][safepoint     ] Application time: 51.0099128 seconds
[2023-10-01T18:19:04.026+0000][5879.663s][info ][safepoint     ] Entering safepoint region: Cleanup
[2023-10-01T18:19:04.026+0000][5879.664s][info ][safepoint     ] Leaving safepoint region
[2023-10-01T18:19:04.027+0000][5879.664s][info ][safepoint     ] Total time for which application threads were stopped: 0.0012445 seconds, Stopping threads took: 0.0004991 seconds
[2023-10-01T18:20:12.039+0000][5947.676s][debug][safepoint     ] Safepoint synchronization initiated. (176 threads)
[2023-10-01T18:20:12.040+0000][5947.677s][info ][safepoint     ] Application time: 68.0122764 seconds
[2023-10-01T18:20:12.040+0000][5947.678s][info ][safepoint     ] Entering safepoint region: Cleanup
[2023-10-01T18:20:12.041+0000][5947.679s][info ][safepoint     ] Leaving safepoint region
[2023-10-01T18:20:12.042+0000][5947.679s][info ][safepoint     ] Total time for which application threads were stopped: 0.0015103 seconds, Stopping threads took: 0.0007034 seconds
[2023-10-01T18:20:21.043+0000][5956.681s][debug][safepoint     ] Safepoint synchronization initiated. (176 threads)
[2023-10-01T18:20:21.043+0000][5956.682s][info ][safepoint     ] Application time: 9.0022524 seconds
[2023-10-01T18:20:21.044+0000][5956.682s][info ][safepoint     ] Entering safepoint region: Cleanup
[2023-10-01T18:20:21.045+0000][5956.683s][info ][safepoint     ] Leaving safepoint region
[2023-10-01T18:20:21.045+0000][5956.684s][info ][safepoint     ] Total time for which application threads were stopped: 0.0012775 seconds, Stopping threads took: 0.0004834 seconds
[2023-10-01T18:20:30.047+0000][5965.686s][debug][safepoint     ] Safepoint synchronization initiated. (176 threads)
[2023-10-01T18:20:30.048+0000][5965.686s][info ][safepoint     ] Application time: 9.0020779 seconds
[2023-10-01T18:20:30.048+0000][5965.687s][info ][safepoint     ] Entering safepoint region: Cleanup
[2023-10-01T18:20:30.049+0000][5965.688s][info ][safepoint     ] Leaving safepoint region
[2023-10-01T18:20:30.050+0000][5965.688s][info ][safepoint     ] Total time for which application threads were stopped: 0.0013551 seconds, Stopping threads took: 0.0006168 seconds
[2023-10-01T18:21:14.058+0000][6009.697s][debug][safepoint     ] Safepoint synchronization initiated. (176 threads)
[2023-10-01T18:21:14.060+0000][6009.698s][info ][safepoint     ] Application time: 44.0096893 seconds
[2023-10-01T18:21:14.060+0000][6009.699s][info ][safepoint     ] Entering safepoint region: Cleanup
[2023-10-01T18:21:14.061+0000][6009.700s][info ][safepoint     ] Leaving safepoint region
[2023-10-01T18:21:14.062+0000][6009.700s][info ][safepoint     ] Total time for which application threads were stopped: 0.0014229 seconds, Stopping threads took: 0.0005628 seconds
[2023-10-01T18:21:29.071+0000][6024.710s][debug][safepoint     ] Safepoint synchronization initiated. (176 threads)
[2023-10-01T18:21:29.072+0000][6024.710s][info ][safepoint     ] Application time: 15.0096102 seconds
[2023-10-01T18:21:29.073+0000][6024.711s][info ][safepoint     ] Entering safepoint region: G1CollectForAllocation
[2023-10-01T18:21:29.073+0000][6024.712s][info ][gc,start      ] GC(115) Pause Young (Concurrent Start) (G1 Evacuation Pause)
[2023-10-01T18:21:29.074+0000][6024.713s][info ][gc,task       ] GC(115) Using 8 workers of 8 for evacuation
[2023-10-01T18:21:29.090+0000][6024.729s][info ][gc,phases     ] GC(115)   Pre Evacuate Collection Set: 2.3ms
[2023-10-01T18:21:29.091+0000][6024.730s][info ][gc,phases     ] GC(115)   Evacuate Collection Set: 9.5ms
[2023-10-01T18:21:29.092+0000][6024.730s][info ][gc,phases     ] GC(115)   Post Evacuate Collection Set: 3.6ms
[2023-10-01T18:21:29.092+0000][6024.731s][info ][gc,phases     ] GC(115)   Other: 1.7ms
[2023-10-01T18:21:29.093+0000][6024.731s][info ][gc,heap       ] GC(115) Eden regions: 185->0(185)
[2023-10-01T18:21:29.094+0000][6024.732s][info ][gc,heap       ] GC(115) Survivor regions: 1->1(24)
[2023-10-01T18:21:29.094+0000][6024.733s][info ][gc,heap       ] GC(115) Old regions: 152->152
[2023-10-01T18:21:29.095+0000][6024.733s][info ][gc,heap       ] GC(115) Humongous regions: 0->0
[2023-10-01T18:21:29.095+0000][6024.734s][info ][gc,metaspace  ] GC(115) Metaspace: 177763K(195536K)->177763K(195536K) NonClass: 157825K(171728K)->157825K(171728K) Class: 19938K(23808K)->19938K(23808K)
[2023-10-01T18:21:29.096+0000][6024.734s][info ][gc            ] GC(115) Pause Young (Concurrent Start) (G1 Evacuation Pause) 336M->151M(384M) 22.411ms
[2023-10-01T18:21:29.096+0000][6024.735s][info ][gc,cpu        ] GC(115) User=0.09s Sys=0.00s Real=0.02s
[2023-10-01T18:21:29.097+0000][6024.735s][info ][gc            ] GC(116) Concurrent Cycle
[2023-10-01T18:21:29.097+0000][6024.736s][info ][gc,marking    ] GC(116) Concurrent Clear Claimed Marks
[2023-10-01T18:21:29.097+0000][6024.735s][info ][safepoint     ] Leaving safepoint region
[2023-10-01T18:21:29.098+0000][6024.737s][info ][safepoint     ] Total time for which application threads were stopped: 0.0256653 seconds, Stopping threads took: 0.0005680 seconds
[2023-10-01T18:21:29.099+0000][6024.737s][info ][gc,stringdedup] Concurrent String Deduplication (6024.737s)
[2023-10-01T18:21:29.099+0000][6024.738s][info ][gc,marking    ] GC(116) Concurrent Clear Claimed Marks 1.820ms
[2023-10-01T18:21:29.100+0000][6024.738s][info ][gc,marking    ] GC(116) Concurrent Scan Root Regions
[2023-10-01T18:21:29.099+0000][6024.738s][info ][gc,stringdedup] Concurrent String Deduplication 1296.0B->48.0B(1248.0B) avg 54.2% (6024.737s, 6024.738s) 0.580ms
[2023-10-01T18:21:29.105+0000][6024.744s][info ][gc,marking    ] GC(116) Concurrent Scan Root Regions 5.251ms
[2023-10-01T18:21:29.106+0000][6024.744s][info ][gc,marking    ] GC(116) Concurrent Mark (6024.744s)
[2023-10-01T18:21:29.106+0000][6024.745s][info ][gc,marking    ] GC(116) Concurrent Mark From Roots
[2023-10-01T18:21:29.107+0000][6024.745s][info ][gc,task       ] GC(116) Using 2 workers of 2 for marking
[2023-10-01T18:21:29.304+0000][6024.942s][info ][gc,marking    ] GC(116) Concurrent Mark From Roots 197.329ms
[2023-10-01T18:21:29.304+0000][6024.943s][info ][gc,marking    ] GC(116) Concurrent Preclean
[2023-10-01T18:21:29.305+0000][6024.944s][info ][gc,marking    ] GC(116) Concurrent Preclean 1.061ms
[2023-10-01T18:21:29.306+0000][6024.944s][info ][gc,marking    ] GC(116) Concurrent Mark (6024.744s, 6024.944s) 199.977ms
[2023-10-01T18:21:29.306+0000][6024.945s][debug][safepoint     ] Safepoint synchronization initiated. (176 threads)
[2023-10-01T18:21:29.307+0000][6024.945s][info ][safepoint     ] Application time: 0.2076793 seconds
[2023-10-01T18:21:29.307+0000][6024.946s][info ][safepoint     ] Entering safepoint region: CGC_Operation
[2023-10-01T18:21:29.308+0000][6024.946s][info ][gc,start      ] GC(116) Pause Remark
[2023-10-01T18:21:29.417+0000][6025.055s][info ][gc,stringtable] GC(116) Cleaned string and symbol table, strings: 73261 processed, 280 removed, symbols: 413365 processed, 0 removed
[2023-10-01T18:21:29.418+0000][6025.057s][info ][gc            ] GC(116) Pause Remark 154M->154M(384M) 110.956ms
[2023-10-01T18:21:29.419+0000][6025.058s][info ][gc,cpu        ] GC(116) User=0.80s Sys=0.00s Real=0.12s
[2023-10-01T18:21:29.419+0000][6025.058s][info ][safepoint     ] Leaving safepoint region
[2023-10-01T18:21:29.420+0000][6025.058s][info ][safepoint     ] Total time for which application threads were stopped: 0.1128788 seconds, Stopping threads took: 0.0003994 seconds
[2023-10-01T18:21:29.421+0000][6025.059s][info ][gc,marking    ] GC(116) Concurrent Rebuild Remembered Sets
[2023-10-01T18:21:29.564+0000][6025.203s][info ][gc,marking    ] GC(116) Concurrent Rebuild Remembered Sets 143.413ms
[2023-10-01T18:21:29.565+0000][6025.203s][debug][safepoint     ] Safepoint synchronization initiated. (176 threads)
[2023-10-01T18:21:29.565+0000][6025.204s][info ][safepoint     ] Application time: 0.1445324 seconds
[2023-10-01T18:21:29.566+0000][6025.204s][info ][safepoint     ] Entering safepoint region: CGC_Operation
[2023-10-01T18:21:29.566+0000][6025.205s][info ][gc,start      ] GC(116) Pause Cleanup
[2023-10-01T18:21:29.567+0000][6025.206s][info ][gc            ] GC(116) Pause Cleanup 154M->154M(384M) 0.874ms
[2023-10-01T18:21:29.567+0000][6025.206s][info ][gc,cpu        ] GC(116) User=0.00s Sys=0.00s Real=0.00s
[2023-10-01T18:21:29.568+0000][6025.206s][info ][safepoint     ] Leaving safepoint region
[2023-10-01T18:21:29.568+0000][6025.207s][info ][safepoint     ] Total time for which application threads were stopped: 0.0027149 seconds, Stopping threads took: 0.0003942 seconds
[2023-10-01T18:21:29.569+0000][6025.207s][info ][gc,marking    ] GC(116) Concurrent Cleanup for Next Mark
[2023-10-01T18:21:29.576+0000][6025.215s][info ][gc,marking    ] GC(116) Concurrent Cleanup for Next Mark 7.569ms
[2023-10-01T18:21:29.577+0000][6025.215s][info ][gc            ] GC(116) Concurrent Cycle 480.181ms
[2023-10-01T18:21:30.569+0000][6026.207s][debug][safepoint     ] Safepoint synchronization initiated. (176 threads)
[2023-10-01T18:21:30.570+0000][6026.208s][info ][safepoint     ] Application time: 1.0009698 seconds
[2023-10-01T18:21:30.570+0000][6026.209s][info ][safepoint     ] Entering safepoint region: Cleanup
[2023-10-01T18:21:30.571+0000][6026.210s][info ][safepoint     ] Leaving safepoint region
[2023-10-01T18:21:30.572+0000][6026.210s][info ][safepoint     ] Total time for which application threads were stopped: 0.0015286 seconds, Stopping threads took: 0.0006710 seconds
[2023-10-01T18:21:31.572+0000][6027.211s][debug][safepoint     ] Safepoint synchronization initiated. (176 threads)
[2023-10-01T18:21:31.573+0000][6027.211s][info ][safepoint     ] Application time: 1.0006968 seconds
[2023-10-01T18:21:31.573+0000][6027.212s][info ][safepoint     ] Entering safepoint region: Cleanup
[2023-10-01T18:21:31.574+0000][6027.213s][info ][safepoint     ] Leaving safepoint region
[2023-10-01T18:21:31.574+0000][6027.213s][info ][safepoint     ] Total time for which application threads were stopped: 0.0012041 seconds, Stopping threads took: 0.0005929 seconds
[2023-10-01T18:21:33.575+0000][6029.214s][debug][safepoint     ] Safepoint synchronization initiated. (176 threads)
[2023-10-01T18:21:33.576+0000][6029.215s][info ][safepoint     ] Application time: 2.0011302 seconds
[2023-10-01T18:21:33.576+0000][6029.215s][info ][safepoint     ] Entering safepoint region: Cleanup
[2023-10-01T18:21:33.577+0000][6029.216s][info ][safepoint     ] Leaving safepoint region
[2023-10-01T18:21:33.578+0000][6029.216s][info ][safepoint     ] Total time for which application threads were stopped: 0.0012651 seconds, Stopping threads took: 0.0005343 seconds
[2023-10-01T18:21:41.580+0000][6037.218s][debug][safepoint     ] Safepoint synchronization initiated. (176 threads)
[2023-10-01T18:21:41.580+0000][6037.219s][info ][safepoint     ] Application time: 8.0024166 seconds
[2023-10-01T18:21:41.581+0000][6037.220s][info ][safepoint     ] Entering safepoint region: Cleanup
[2023-10-01T18:21:41.582+0000][6037.221s][info ][safepoint     ] Leaving safepoint region
[2023-10-01T18:21:41.583+0000][6037.221s][info ][safepoint     ] Total time for which application threads were stopped: 0.0013963 seconds, Stopping threads took: 0.0005227 seconds
[2023-10-01T18:21:44.584+0000][6040.222s][debug][safepoint     ] Safepoint synchronization initiated. (176 threads)
[2023-10-01T18:21:44.585+0000][6040.223s][info ][safepoint     ] Application time: 3.0016174 seconds
[2023-10-01T18:21:44.585+0000][6040.224s][info ][safepoint     ] Entering safepoint region: Cleanup
[2023-10-01T18:21:44.586+0000][6040.224s][info ][safepoint     ] Leaving safepoint region
[2023-10-01T18:21:44.586+0000][6040.225s][info ][safepoint     ] Total time for which application threads were stopped: 0.0012242 seconds, Stopping threads took: 0.0004834 seconds
[2023-10-01T18:21:56.589+0000][6052.227s][debug][safepoint     ] Safepoint synchronization initiated. (176 threads)
[2023-10-01T18:21:56.589+0000][6052.228s][info ][safepoint     ] Application time: 12.0025701 seconds
[2023-10-01T18:21:56.590+0000][6052.228s][info ][safepoint     ] Entering safepoint region: Cleanup
[2023-10-01T18:21:56.590+0000][6052.229s][info ][safepoint     ] Leaving safepoint region
[2023-10-01T18:21:56.591+0000][6052.229s][info ][safepoint     ] Total time for which application threads were stopped: 0.0009927 seconds, Stopping threads took: 0.0003370 seconds
[2023-10-01T18:22:11.594+0000][6067.232s][debug][safepoint     ] Safepoint synchronization initiated. (176 threads)
[2023-10-01T18:22:11.594+0000][6067.233s][info ][safepoint     ] Application time: 15.0031595 seconds
[2023-10-01T18:22:11.595+0000][6067.233s][info ][safepoint     ] Entering safepoint region: Cleanup
[2023-10-01T18:22:11.595+0000][6067.234s][info ][safepoint     ] Leaving safepoint region
[2023-10-01T18:22:11.596+0000][6067.234s][info ][safepoint     ] Total time for which application threads were stopped: 0.0010033 seconds, Stopping threads took: 0.0004001 seconds
[2023-10-01T18:22:12.596+0000][6068.235s][debug][safepoint     ] Safepoint synchronization initiated. (176 threads)
[2023-10-01T18:22:12.597+0000][6068.236s][info ][safepoint     ] Application time: 1.0009020 seconds
[2023-10-01T18:22:12.597+0000][6068.236s][info ][safepoint     ] Entering safepoint region: Cleanup
[2023-10-01T18:22:12.598+0000][6068.237s][info ][safepoint     ] Leaving safepoint region
[2023-10-01T18:22:12.599+0000][6068.237s][info ][safepoint     ] Total time for which application threads were stopped: 0.0013919 seconds, Stopping threads took: 0.0005258 seconds
[2023-10-01T18:22:20.601+0000][6076.239s][debug][safepoint     ] Safepoint synchronization initiated. (176 threads)
[2023-10-01T18:22:20.602+0000][6076.240s][info ][safepoint     ] Application time: 8.0022710 seconds
[2023-10-01T18:22:20.602+0000][6076.241s][info ][safepoint     ] Entering safepoint region: Cleanup
[2023-10-01T18:22:20.603+0000][6076.241s][info ][safepoint     ] Leaving safepoint region
[2023-10-01T18:22:20.604+0000][6076.242s][info ][safepoint     ] Total time for which application threads were stopped: 0.0016025 seconds, Stopping threads took: 0.0007222 seconds
[2023-10-01T18:24:49.632+0000][6225.271s][debug][safepoint     ] Safepoint synchronization initiated. (176 threads)
[2023-10-01T18:24:49.633+0000][6225.272s][info ][safepoint     ] Application time: 149.0291030 seconds
[2023-10-01T18:24:49.633+0000][6225.272s][info ][safepoint     ] Entering safepoint region: Cleanup
[2023-10-01T18:24:49.634+0000][6225.273s][info ][safepoint     ] Leaving safepoint region
[2023-10-01T18:24:49.635+0000][6225.274s][info ][safepoint     ] Total time for which application threads were stopped: 0.0017228 seconds, Stopping threads took: 0.0005839 seconds
[2023-10-01T18:24:58.477+0000][6234.116s][debug][safepoint     ] Safepoint synchronization initiated. (176 threads)
[2023-10-01T18:24:58.477+0000][6234.116s][info ][safepoint     ] Application time: 8.8417294 seconds
[2023-10-01T18:24:58.478+0000][6234.117s][info ][safepoint     ] Entering safepoint region: G1CollectForAllocation
[2023-10-01T18:24:58.479+0000][6234.118s][info ][gc,start      ] GC(117) Pause Young (Prepare Mixed) (G1 Evacuation Pause)
[2023-10-01T18:24:58.480+0000][6234.118s][info ][gc,task       ] GC(117) Using 8 workers of 8 for evacuation
[2023-10-01T18:24:58.493+0000][6234.132s][info ][gc,phases     ] GC(117)   Pre Evacuate Collection Set: 0.0ms
[2023-10-01T18:24:58.493+0000][6234.132s][info ][gc,phases     ] GC(117)   Evacuate Collection Set: 9.0ms
[2023-10-01T18:24:58.494+0000][6234.133s][info ][gc,phases     ] GC(117)   Post Evacuate Collection Set: 3.1ms
[2023-10-01T18:24:58.494+0000][6234.133s][info ][gc,phases     ] GC(117)   Other: 1.7ms
[2023-10-01T18:24:58.495+0000][6234.134s][info ][gc,heap       ] GC(117) Eden regions: 185->0(18)
[2023-10-01T18:24:58.495+0000][6234.134s][info ][gc,heap       ] GC(117) Survivor regions: 1->1(24)
[2023-10-01T18:24:58.496+0000][6234.135s][info ][gc,heap       ] GC(117) Old regions: 152->152
[2023-10-01T18:24:58.496+0000][6234.135s][info ][gc,heap       ] GC(117) Humongous regions: 0->0
[2023-10-01T18:24:58.497+0000][6234.136s][info ][gc,metaspace  ] GC(117) Metaspace: 177718K(195536K)->177718K(195536K) NonClass: 157790K(171728K)->157790K(171728K) Class: 19928K(23808K)->19928K(23808K)
[2023-10-01T18:24:58.498+0000][6234.137s][info ][gc            ] GC(117) Pause Young (Prepare Mixed) (G1 Evacuation Pause) 336M->151M(384M) 18.971ms
[2023-10-01T18:24:58.499+0000][6234.138s][info ][gc,cpu        ] GC(117) User=0.09s Sys=0.00s Real=0.02s
[2023-10-01T18:24:58.499+0000][6234.138s][info ][safepoint     ] Leaving safepoint region
[2023-10-01T18:24:58.500+0000][6234.139s][info ][safepoint     ] Total time for which application threads were stopped: 0.0216131 seconds, Stopping threads took: 0.0006806 seconds
[2023-10-01T18:24:58.500+0000][6234.139s][info ][gc,stringdedup] Concurrent String Deduplication (6234.139s)
[2023-10-01T18:24:58.501+0000][6234.140s][info ][gc,stringdedup] Concurrent String Deduplication 48.0B->0.0B(48.0B) avg 54.2% (6234.139s, 6234.140s) 0.470ms
[2023-10-01T18:24:59.500+0000][6235.139s][debug][safepoint     ] Safepoint synchronization initiated. (176 threads)
[2023-10-01T18:24:59.501+0000][6235.140s][info ][safepoint     ] Application time: 1.0008213 seconds
[2023-10-01T18:24:59.502+0000][6235.140s][info ][safepoint     ] Entering safepoint region: Cleanup
[2023-10-01T18:24:59.502+0000][6235.141s][info ][safepoint     ] Leaving safepoint region
[2023-10-01T18:24:59.503+0000][6235.142s][info ][safepoint     ] Total time for which application threads were stopped: 0.0012209 seconds, Stopping threads took: 0.0004393 seconds
[2023-10-01T18:25:12.505+0000][6248.144s][debug][safepoint     ] Safepoint synchronization initiated. (176 threads)
[2023-10-01T18:25:12.521+0000][6248.160s][info ][safepoint     ] Application time: 13.0177405 seconds
[2023-10-01T18:25:12.522+0000][6248.160s][info ][safepoint     ] Entering safepoint region: Cleanup
[2023-10-01T18:25:12.522+0000][6248.161s][info ][safepoint     ] Leaving safepoint region
[2023-10-01T18:25:12.523+0000][6248.162s][info ][safepoint     ] Total time for which application threads were stopped: 0.0018145 seconds, Stopping threads took: 0.0007708 seconds
[2023-10-01T18:25:17.477+0000][6253.116s][debug][safepoint     ] Safepoint synchronization initiated. (176 threads)
[2023-10-01T18:25:17.478+0000][6253.117s][info ][safepoint     ] Application time: 4.9539982 seconds
[2023-10-01T18:25:17.479+0000][6253.117s][info ][safepoint     ] Entering safepoint region: G1CollectForAllocation
[2023-10-01T18:25:17.479+0000][6253.118s][info ][gc,start      ] GC(118) Pause Young (Mixed) (G1 Evacuation Pause)
[2023-10-01T18:25:17.480+0000][6253.119s][info ][gc,task       ] GC(118) Using 8 workers of 8 for evacuation
[2023-10-01T18:25:17.506+0000][6253.145s][info ][gc,phases     ] GC(118)   Pre Evacuate Collection Set: 0.1ms
[2023-10-01T18:25:17.507+0000][6253.146s][info ][gc,phases     ] GC(118)   Evacuate Collection Set: 20.4ms
[2023-10-01T18:25:17.508+0000][6253.147s][info ][gc,phases     ] GC(118)   Post Evacuate Collection Set: 4.5ms
[2023-10-01T18:25:17.509+0000][6253.148s][info ][gc,phases     ] GC(118)   Other: 1.5ms
[2023-10-01T18:25:17.509+0000][6253.148s][info ][gc,heap       ] GC(118) Eden regions: 18->0(186)
[2023-10-01T18:25:17.510+0000][6253.149s][info ][gc,heap       ] GC(118) Survivor regions: 1->1(3)
[2023-10-01T18:25:17.511+0000][6253.149s][info ][gc,heap       ] GC(118) Old regions: 152->150
[2023-10-01T18:25:17.511+0000][6253.150s][info ][gc,heap       ] GC(118) Humongous regions: 0->0
[2023-10-01T18:25:17.512+0000][6253.151s][info ][gc,metaspace  ] GC(118) Metaspace: 177718K(195536K)->177718K(195536K) NonClass: 157790K(171728K)->157790K(171728K) Class: 19928K(23808K)->19928K(23808K)
[2023-10-01T18:25:17.513+0000][6253.152s][info ][gc            ] GC(118) Pause Young (Mixed) (G1 Evacuation Pause) 169M->148M(384M) 33.423ms
[2023-10-01T18:25:17.513+0000][6253.152s][info ][gc,cpu        ] GC(118) User=0.18s Sys=0.00s Real=0.03s
[2023-10-01T18:25:17.514+0000][6253.153s][info ][safepoint     ] Leaving safepoint region
[2023-10-01T18:25:17.515+0000][6253.153s][info ][safepoint     ] Total time for which application threads were stopped: 0.0359992 seconds, Stopping threads took: 0.0005834 seconds
[2023-10-01T18:25:17.515+0000][6253.154s][info ][gc,stringdedup] Concurrent String Deduplication (6253.154s)
[2023-10-01T18:25:17.516+0000][6253.154s][info ][gc,stringdedup] Concurrent String Deduplication 0.0B->0.0B(0.0B) avg 54.2% (6253.154s, 6253.154s) 0.482ms
[2023-10-01T18:28:48.226+0000][6463.864s][debug][safepoint     ] Safepoint synchronization initiated. (176 threads)
[2023-10-01T18:28:48.227+0000][6463.865s][info ][safepoint     ] Application time: 210.7111723 seconds
[2023-10-01T18:28:48.227+0000][6463.866s][info ][safepoint     ] Entering safepoint region: G1CollectForAllocation
[2023-10-01T18:28:48.228+0000][6463.866s][info ][gc,start      ] GC(119) Pause Young (Normal) (G1 Evacuation Pause)
[2023-10-01T18:28:48.228+0000][6463.867s][info ][gc,task       ] GC(119) Using 8 workers of 8 for evacuation
[2023-10-01T18:28:48.241+0000][6463.880s][info ][gc,phases     ] GC(119)   Pre Evacuate Collection Set: 0.0ms
[2023-10-01T18:28:48.242+0000][6463.880s][info ][gc,phases     ] GC(119)   Evacuate Collection Set: 8.3ms
[2023-10-01T18:28:48.242+0000][6463.881s][info ][gc,phases     ] GC(119)   Post Evacuate Collection Set: 3.8ms
[2023-10-01T18:28:48.243+0000][6463.881s][info ][gc,phases     ] GC(119)   Other: 1.3ms
[2023-10-01T18:28:48.243+0000][6463.882s][info ][gc,heap       ] GC(119) Eden regions: 186->0(186)
[2023-10-01T18:28:48.244+0000][6463.882s][info ][gc,heap       ] GC(119) Survivor regions: 1->1(24)
[2023-10-01T18:28:48.244+0000][6463.883s][info ][gc,heap       ] GC(119) Old regions: 150->150
[2023-10-01T18:28:48.244+0000][6463.883s][info ][gc,heap       ] GC(119) Humongous regions: 0->0
[2023-10-01T18:28:48.245+0000][6463.883s][info ][gc,metaspace  ] GC(119) Metaspace: 177719K(195536K)->177719K(195536K) NonClass: 157791K(171728K)->157791K(171728K) Class: 19928K(23808K)->19928K(23808K)
[2023-10-01T18:28:48.245+0000][6463.884s][info ][gc            ] GC(119) Pause Young (Normal) (G1 Evacuation Pause) 334M->148M(384M) 17.558ms
[2023-10-01T18:28:48.246+0000][6463.884s][info ][gc,cpu        ] GC(119) User=0.07s Sys=0.01s Real=0.02s
[2023-10-01T18:28:48.247+0000][6463.885s][info ][safepoint     ] Leaving safepoint region
[2023-10-01T18:28:48.247+0000][6463.885s][info ][safepoint     ] Total time for which application threads were stopped: 0.0198242 seconds, Stopping threads took: 0.0005310 seconds
[2023-10-01T18:29:12.252+0000][6487.891s][debug][safepoint     ] Safepoint synchronization initiated. (176 threads)
[2023-10-01T18:29:12.253+0000][6487.892s][info ][safepoint     ] Application time: 24.0058331 seconds
[2023-10-01T18:29:12.254+0000][6487.892s][info ][safepoint     ] Entering safepoint region: Cleanup
[2023-10-01T18:29:12.255+0000][6487.893s][info ][safepoint     ] Leaving safepoint region
[2023-10-01T18:29:12.255+0000][6487.894s][info ][safepoint     ] Total time for which application threads were stopped: 0.0013656 seconds, Stopping threads took: 0.0004403 seconds
[2023-10-01T18:30:12.267+0000][6547.906s][debug][safepoint     ] Safepoint synchronization initiated. (176 threads)
[2023-10-01T18:30:12.268+0000][6547.906s][info ][safepoint     ] Application time: 60.0120106 seconds
[2023-10-01T18:30:12.269+0000][6547.907s][info ][safepoint     ] Entering safepoint region: Cleanup
[2023-10-01T18:30:12.269+0000][6547.908s][info ][safepoint     ] Leaving safepoint region
[2023-10-01T18:30:12.270+0000][6547.908s][info ][safepoint     ] Total time for which application threads were stopped: 0.0014313 seconds, Stopping threads took: 0.0005258 seconds
[2023-10-01T18:31:53.288+0000][6648.926s][debug][safepoint     ] Safepoint synchronization initiated. (176 threads)
[2023-10-01T18:31:53.288+0000][6648.927s][info ][safepoint     ] Application time: 101.0180185 seconds
[2023-10-01T18:31:53.289+0000][6648.928s][info ][safepoint     ] Entering safepoint region: Cleanup
[2023-10-01T18:31:53.290+0000][6648.928s][info ][safepoint     ] Leaving safepoint region
[2023-10-01T18:31:53.290+0000][6648.929s][info ][safepoint     ] Total time for which application threads were stopped: 0.0014204 seconds, Stopping threads took: 0.0005062 seconds
[2023-10-01T18:32:18.460+0000][6674.098s][debug][safepoint     ] Safepoint synchronization initiated. (176 threads)
[2023-10-01T18:32:18.460+0000][6674.099s][info ][safepoint     ] Application time: 25.1690745 seconds
[2023-10-01T18:32:18.461+0000][6674.099s][info ][safepoint     ] Entering safepoint region: G1CollectForAllocation
[2023-10-01T18:32:18.462+0000][6674.100s][info ][gc,start      ] GC(120) Pause Young (Normal) (G1 Evacuation Pause)
[2023-10-01T18:32:18.462+0000][6674.100s][info ][gc,task       ] GC(120) Using 8 workers of 8 for evacuation
[2023-10-01T18:32:18.476+0000][6674.114s][info ][gc,phases     ] GC(120)   Pre Evacuate Collection Set: 0.0ms
[2023-10-01T18:32:18.476+0000][6674.115s][info ][gc,phases     ] GC(120)   Evacuate Collection Set: 10.1ms
[2023-10-01T18:32:18.477+0000][6674.115s][info ][gc,phases     ] GC(120)   Post Evacuate Collection Set: 2.6ms
[2023-10-01T18:32:18.477+0000][6674.116s][info ][gc,phases     ] GC(120)   Other: 1.4ms
[2023-10-01T18:32:18.478+0000][6674.116s][info ][gc,heap       ] GC(120) Eden regions: 186->0(186)
[2023-10-01T18:32:18.478+0000][6674.117s][info ][gc,heap       ] GC(120) Survivor regions: 1->1(24)
[2023-10-01T18:32:18.479+0000][6674.117s][info ][gc,heap       ] GC(120) Old regions: 150->150
[2023-10-01T18:32:18.479+0000][6674.118s][info ][gc,heap       ] GC(120) Humongous regions: 0->0
[2023-10-01T18:32:18.480+0000][6674.118s][info ][gc,metaspace  ] GC(120) Metaspace: 177720K(195536K)->177720K(195536K) NonClass: 157791K(171728K)->157791K(171728K) Class: 19928K(23808K)->19928K(23808K)
[2023-10-01T18:32:18.480+0000][6674.119s][info ][gc            ] GC(120) Pause Young (Normal) (G1 Evacuation Pause) 334M->149M(384M) 18.918ms
[2023-10-01T18:32:18.481+0000][6674.119s][info ][gc,cpu        ] GC(120) User=0.09s Sys=0.00s Real=0.02s
[2023-10-01T18:32:18.482+0000][6674.120s][info ][safepoint     ] Leaving safepoint region
[2023-10-01T18:32:18.482+0000][6674.120s][info ][safepoint     ] Total time for which application threads were stopped: 0.0214620 seconds, Stopping threads took: 0.0005877 seconds
[2023-10-01T18:33:12.492+0000][6728.131s][debug][safepoint     ] Safepoint synchronization initiated. (176 threads)
[2023-10-01T18:33:12.493+0000][6728.131s][info ][safepoint     ] Application time: 54.0102988 seconds
[2023-10-01T18:33:12.494+0000][6728.132s][info ][safepoint     ] Entering safepoint region: Cleanup
[2023-10-01T18:33:12.494+0000][6728.132s][info ][safepoint     ] Leaving safepoint region
[2023-10-01T18:33:12.495+0000][6728.133s][info ][safepoint     ] Total time for which application threads were stopped: 0.0010879 seconds, Stopping threads took: 0.0004180 seconds
[2023-10-01T18:35:49.169+0000][6884.807s][debug][safepoint     ] Safepoint synchronization initiated. (176 threads)
[2023-10-01T18:35:49.170+0000][6884.808s][info ][safepoint     ] Application time: 156.6744490 seconds
[2023-10-01T18:35:49.170+0000][6884.808s][info ][safepoint     ] Entering safepoint region: G1CollectForAllocation
[2023-10-01T18:35:49.171+0000][6884.809s][info ][gc,start      ] GC(121) Pause Young (Concurrent Start) (G1 Evacuation Pause)
[2023-10-01T18:35:49.172+0000][6884.810s][info ][gc,task       ] GC(121) Using 8 workers of 8 for evacuation
[2023-10-01T18:35:49.188+0000][6884.826s][info ][gc,phases     ] GC(121)   Pre Evacuate Collection Set: 1.0ms
[2023-10-01T18:35:49.188+0000][6884.826s][info ][gc,phases     ] GC(121)   Evacuate Collection Set: 11.9ms
[2023-10-01T18:35:49.189+0000][6884.827s][info ][gc,phases     ] GC(121)   Post Evacuate Collection Set: 2.4ms
[2023-10-01T18:35:49.190+0000][6884.828s][info ][gc,phases     ] GC(121)   Other: 1.3ms
[2023-10-01T18:35:49.190+0000][6884.828s][info ][gc,heap       ] GC(121) Eden regions: 186->0(187)
[2023-10-01T18:35:49.190+0000][6884.828s][info ][gc,heap       ] GC(121) Survivor regions: 1->1(24)
[2023-10-01T18:35:49.191+0000][6884.829s][info ][gc,heap       ] GC(121) Old regions: 150->150
[2023-10-01T18:35:49.191+0000][6884.829s][info ][gc,heap       ] GC(121) Humongous regions: 0->0
[2023-10-01T18:35:49.192+0000][6884.830s][info ][gc,metaspace  ] GC(121) Metaspace: 177722K(195536K)->177722K(195536K) NonClass: 157793K(171728K)->157793K(171728K) Class: 19928K(23808K)->19928K(23808K)
[2023-10-01T18:35:49.193+0000][6884.830s][info ][gc            ] GC(121) Pause Young (Concurrent Start) (G1 Evacuation Pause) 335M->149M(384M) 21.247ms
[2023-10-01T18:35:49.193+0000][6884.831s][info ][gc,cpu        ] GC(121) User=0.08s Sys=0.01s Real=0.02s
[2023-10-01T18:35:49.194+0000][6884.832s][info ][safepoint     ] Leaving safepoint region
[2023-10-01T18:35:49.194+0000][6884.832s][info ][safepoint     ] Total time for which application threads were stopped: 0.0236073 seconds, Stopping threads took: 0.0005681 seconds
[2023-10-01T18:35:49.194+0000][6884.832s][info ][gc            ] GC(122) Concurrent Cycle
[2023-10-01T18:35:49.195+0000][6884.833s][info ][gc,marking    ] GC(122) Concurrent Clear Claimed Marks
[2023-10-01T18:35:49.196+0000][6884.834s][info ][gc,marking    ] GC(122) Concurrent Clear Claimed Marks 1.166ms
[2023-10-01T18:35:49.197+0000][6884.835s][info ][gc,marking    ] GC(122) Concurrent Scan Root Regions
[2023-10-01T18:35:49.201+0000][6884.839s][info ][gc,marking    ] GC(122) Concurrent Scan Root Regions 3.911ms
[2023-10-01T18:35:49.201+0000][6884.839s][info ][gc,marking    ] GC(122) Concurrent Mark (6884.839s)
[2023-10-01T18:35:49.202+0000][6884.840s][info ][gc,marking    ] GC(122) Concurrent Mark From Roots
[2023-10-01T18:35:49.202+0000][6884.840s][info ][gc,task       ] GC(122) Using 2 workers of 2 for marking
[2023-10-01T18:35:49.348+0000][6884.986s][info ][gc,marking    ] GC(122) Concurrent Mark From Roots 146.210ms
[2023-10-01T18:35:49.349+0000][6884.987s][info ][gc,marking    ] GC(122) Concurrent Preclean
[2023-10-01T18:35:49.350+0000][6884.988s][info ][gc,marking    ] GC(122) Concurrent Preclean 0.797ms
[2023-10-01T18:35:49.350+0000][6884.988s][info ][gc,marking    ] GC(122) Concurrent Mark (6884.839s, 6884.988s) 148.861ms
[2023-10-01T18:35:49.351+0000][6884.988s][debug][safepoint     ] Safepoint synchronization initiated. (176 threads)
[2023-10-01T18:35:49.351+0000][6884.989s][info ][safepoint     ] Application time: 0.1563403 seconds
[2023-10-01T18:35:49.351+0000][6884.989s][info ][safepoint     ] Entering safepoint region: CGC_Operation
[2023-10-01T18:35:49.352+0000][6884.990s][info ][gc,start      ] GC(122) Pause Remark
[2023-10-01T18:35:49.382+0000][6885.020s][info ][gc,stringtable] GC(122) Cleaned string and symbol table, strings: 72986 processed, 2 removed, symbols: 413365 processed, 17 removed
[2023-10-01T18:35:49.383+0000][6885.021s][info ][gc            ] GC(122) Pause Remark 152M->152M(384M) 31.153ms
[2023-10-01T18:35:49.384+0000][6885.022s][info ][gc,cpu        ] GC(122) User=0.22s Sys=0.00s Real=0.03s
[2023-10-01T18:35:49.384+0000][6885.022s][info ][safepoint     ] Leaving safepoint region
[2023-10-01T18:35:49.385+0000][6885.022s][info ][safepoint     ] Total time for which application threads were stopped: 0.0331781 seconds, Stopping threads took: 0.0004030 seconds
[2023-10-01T18:35:49.385+0000][6885.023s][info ][gc,marking    ] GC(122) Concurrent Rebuild Remembered Sets
[2023-10-01T18:35:49.507+0000][6885.145s][info ][gc,marking    ] GC(122) Concurrent Rebuild Remembered Sets 121.748ms
[2023-10-01T18:35:49.507+0000][6885.145s][debug][safepoint     ] Safepoint synchronization initiated. (176 threads)
[2023-10-01T18:35:49.508+0000][6885.146s][info ][safepoint     ] Application time: 0.1228460 seconds
[2023-10-01T18:35:49.508+0000][6885.146s][info ][safepoint     ] Entering safepoint region: CGC_Operation
[2023-10-01T18:35:49.509+0000][6885.147s][info ][gc,start      ] GC(122) Pause Cleanup
[2023-10-01T18:35:49.510+0000][6885.148s][info ][gc            ] GC(122) Pause Cleanup 152M->152M(384M) 0.863ms
[2023-10-01T18:35:49.510+0000][6885.148s][info ][gc,cpu        ] GC(122) User=0.00s Sys=0.00s Real=0.01s
[2023-10-01T18:35:49.511+0000][6885.149s][info ][safepoint     ] Leaving safepoint region
[2023-10-01T18:35:49.511+0000][6885.149s][info ][safepoint     ] Total time for which application threads were stopped: 0.0028104 seconds, Stopping threads took: 0.0004176 seconds
[2023-10-01T18:35:49.512+0000][6885.149s][info ][gc,marking    ] GC(122) Concurrent Cleanup for Next Mark
[2023-10-01T18:35:49.513+0000][6885.151s][info ][gc,marking    ] GC(122) Concurrent Cleanup for Next Mark 1.419ms
[2023-10-01T18:35:49.513+0000][6885.151s][info ][gc            ] GC(122) Concurrent Cycle 319.697ms
[2023-10-01T18:37:47.532+0000][7003.170s][debug][safepoint     ] Safepoint synchronization initiated. (176 threads)
[2023-10-01T18:37:47.533+0000][7003.171s][info ][safepoint     ] Application time: 118.0215955 seconds
[2023-10-01T18:37:47.533+0000][7003.172s][info ][safepoint     ] Entering safepoint region: Cleanup
[2023-10-01T18:37:47.534+0000][7003.172s][info ][safepoint     ] Leaving safepoint region
[2023-10-01T18:37:47.535+0000][7003.173s][info ][safepoint     ] Total time for which application threads were stopped: 0.0013555 seconds, Stopping threads took: 0.0004919 seconds
[2023-10-01T18:38:12.539+0000][7028.178s][debug][safepoint     ] Safepoint synchronization initiated. (176 threads)
[2023-10-01T18:38:12.540+0000][7028.178s][info ][safepoint     ] Application time: 25.0049249 seconds
[2023-10-01T18:38:12.541+0000][7028.179s][info ][safepoint     ] Entering safepoint region: Cleanup
[2023-10-01T18:38:12.541+0000][7028.180s][info ][safepoint     ] Leaving safepoint region
[2023-10-01T18:38:12.542+0000][7028.180s][info ][safepoint     ] Total time for which application threads were stopped: 0.0014221 seconds, Stopping threads took: 0.0005067 seconds
[2023-10-01T18:39:08.552+0000][7084.191s][debug][safepoint     ] Safepoint synchronization initiated. (178 threads)
[2023-10-01T18:39:08.553+0000][7084.191s][info ][safepoint     ] Application time: 56.0107433 seconds
[2023-10-01T18:39:08.554+0000][7084.192s][info ][safepoint     ] Entering safepoint region: Cleanup
[2023-10-01T18:39:08.555+0000][7084.193s][info ][safepoint     ] Leaving safepoint region
[2023-10-01T18:39:08.555+0000][7084.193s][info ][safepoint     ] Total time for which application threads were stopped: 0.0013557 seconds, Stopping threads took: 0.0006392 seconds
[2023-10-01T18:39:13.557+0000][7089.195s][debug][safepoint     ] Safepoint synchronization initiated. (176 threads)
[2023-10-01T18:39:13.557+0000][7089.195s][info ][safepoint     ] Application time: 5.0016716 seconds
[2023-10-01T18:39:13.558+0000][7089.196s][info ][safepoint     ] Entering safepoint region: Cleanup
[2023-10-01T18:39:13.559+0000][7089.197s][info ][safepoint     ] Leaving safepoint region
[2023-10-01T18:39:13.559+0000][7089.197s][info ][safepoint     ] Total time for which application threads were stopped: 0.0013041 seconds, Stopping threads took: 0.0005761 seconds
[2023-10-01T18:39:20.237+0000][7095.875s][debug][safepoint     ] Safepoint synchronization initiated. (176 threads)
[2023-10-01T18:39:20.237+0000][7095.875s][info ][safepoint     ] Application time: 6.6776723 seconds
[2023-10-01T18:39:20.238+0000][7095.876s][info ][safepoint     ] Entering safepoint region: G1CollectForAllocation
[2023-10-01T18:39:20.239+0000][7095.877s][info ][gc,start      ] GC(123) Pause Young (Prepare Mixed) (G1 Evacuation Pause)
[2023-10-01T18:39:20.239+0000][7095.877s][info ][gc,task       ] GC(123) Using 8 workers of 8 for evacuation
[2023-10-01T18:39:20.247+0000][7095.885s][info ][gc,phases     ] GC(123)   Pre Evacuate Collection Set: 0.0ms
[2023-10-01T18:39:20.247+0000][7095.885s][info ][gc,phases     ] GC(123)   Evacuate Collection Set: 4.6ms
[2023-10-01T18:39:20.248+0000][7095.886s][info ][gc,phases     ] GC(123)   Post Evacuate Collection Set: 2.1ms
[2023-10-01T18:39:20.248+0000][7095.886s][info ][gc,phases     ] GC(123)   Other: 1.2ms
[2023-10-01T18:39:20.249+0000][7095.887s][info ][gc,heap       ] GC(123) Eden regions: 187->0(18)
[2023-10-01T18:39:20.249+0000][7095.887s][info ][gc,heap       ] GC(123) Survivor regions: 1->1(24)
[2023-10-01T18:39:20.249+0000][7095.888s][info ][gc,heap       ] GC(123) Old regions: 150->151
[2023-10-01T18:39:20.250+0000][7095.888s][info ][gc,heap       ] GC(123) Humongous regions: 0->0
[2023-10-01T18:39:20.250+0000][7095.888s][info ][gc,metaspace  ] GC(123) Metaspace: 177730K(195536K)->177730K(195536K) NonClass: 157801K(171728K)->157801K(171728K) Class: 19928K(23808K)->19928K(23808K)
[2023-10-01T18:39:20.251+0000][7095.889s][info ][gc            ] GC(123) Pause Young (Prepare Mixed) (G1 Evacuation Pause) 336M->149M(384M) 12.069ms
[2023-10-01T18:39:20.251+0000][7095.889s][info ][gc,cpu        ] GC(123) User=0.03s Sys=0.01s Real=0.02s
[2023-10-01T18:39:20.252+0000][7095.890s][info ][safepoint     ] Leaving safepoint region
[2023-10-01T18:39:20.252+0000][7095.890s][info ][safepoint     ] Total time for which application threads were stopped: 0.0142795 seconds, Stopping threads took: 0.0006099 seconds
[2023-10-01T18:39:20.253+0000][7095.891s][info ][gc,stringdedup] Concurrent String Deduplication (7095.891s)
[2023-10-01T18:39:20.253+0000][7095.891s][info ][gc,stringdedup] Concurrent String Deduplication 0.0B->0.0B(0.0B) avg 54.2% (7095.891s, 7095.891s) 0.466ms
[2023-10-01T18:39:21.253+0000][7096.891s][debug][safepoint     ] Safepoint synchronization initiated. (176 threads)
[2023-10-01T18:39:21.254+0000][7096.892s][info ][safepoint     ] Application time: 1.0009441 seconds
[2023-10-01T18:39:21.254+0000][7096.892s][info ][safepoint     ] Entering safepoint region: Cleanup
[2023-10-01T18:39:21.255+0000][7096.893s][info ][safepoint     ] Leaving safepoint region
[2023-10-01T18:39:21.255+0000][7096.893s][info ][safepoint     ] Total time for which application threads were stopped: 0.0011253 seconds, Stopping threads took: 0.0004626 seconds
[2023-10-01T18:39:39.241+0000][7114.879s][debug][safepoint     ] Safepoint synchronization initiated. (175 threads)
[2023-10-01T18:39:39.242+0000][7114.880s][info ][safepoint     ] Application time: 17.9859974 seconds
[2023-10-01T18:39:39.242+0000][7114.880s][info ][safepoint     ] Entering safepoint region: G1CollectForAllocation
[2023-10-01T18:39:39.243+0000][7114.881s][info ][gc,start      ] GC(124) Pause Young (Mixed) (G1 Evacuation Pause)
[2023-10-01T18:39:39.243+0000][7114.881s][info ][gc,task       ] GC(124) Using 8 workers of 8 for evacuation
[2023-10-01T18:39:39.262+0000][7114.900s][info ][gc,phases     ] GC(124)   Pre Evacuate Collection Set: 0.0ms
[2023-10-01T18:39:39.262+0000][7114.900s][info ][gc,phases     ] GC(124)   Evacuate Collection Set: 10.8ms
[2023-10-01T18:39:39.263+0000][7114.901s][info ][gc,phases     ] GC(124)   Post Evacuate Collection Set: 6.8ms
[2023-10-01T18:39:39.263+0000][7114.901s][info ][gc,phases     ] GC(124)   Other: 1.2ms
[2023-10-01T18:39:39.264+0000][7114.902s][info ][gc,heap       ] GC(124) Eden regions: 18->0(187)
[2023-10-01T18:39:39.264+0000][7114.902s][info ][gc,heap       ] GC(124) Survivor regions: 1->1(3)
[2023-10-01T18:39:39.265+0000][7114.903s][info ][gc,heap       ] GC(124) Old regions: 151->150
[2023-10-01T18:39:39.265+0000][7114.903s][info ][gc,heap       ] GC(124) Humongous regions: 0->0
[2023-10-01T18:39:39.266+0000][7114.904s][info ][gc,metaspace  ] GC(124) Metaspace: 177730K(195536K)->177730K(195536K) NonClass: 157801K(171728K)->157801K(171728K) Class: 19928K(23808K)->19928K(23808K)
[2023-10-01T18:39:39.266+0000][7114.904s][info ][gc            ] GC(124) Pause Young (Mixed) (G1 Evacuation Pause) 167M->148M(384M) 23.297ms
[2023-10-01T18:39:39.267+0000][7114.905s][info ][gc,cpu        ] GC(124) User=0.09s Sys=0.00s Real=0.02s
[2023-10-01T18:39:39.267+0000][7114.905s][info ][safepoint     ] Leaving safepoint region
[2023-10-01T18:39:39.268+0000][7114.906s][info ][safepoint     ] Total time for which application threads were stopped: 0.0256774 seconds, Stopping threads took: 0.0005351 seconds
[2023-10-01T18:43:09.834+0000][7325.472s][debug][safepoint     ] Safepoint synchronization initiated. (177 threads)
[2023-10-01T18:43:09.835+0000][7325.473s][info ][safepoint     ] Application time: 210.5661250 seconds
[2023-10-01T18:43:09.836+0000][7325.473s][info ][safepoint     ] Entering safepoint region: G1CollectForAllocation
[2023-10-01T18:43:09.837+0000][7325.474s][info ][gc,start      ] GC(125) Pause Young (Normal) (G1 Evacuation Pause)
[2023-10-01T18:43:09.837+0000][7325.475s][info ][gc,task       ] GC(125) Using 8 workers of 8 for evacuation
[2023-10-01T18:43:09.852+0000][7325.489s][info ][gc,phases     ] GC(125)   Pre Evacuate Collection Set: 0.0ms
[2023-10-01T18:43:09.853+0000][7325.490s][info ][gc,phases     ] GC(125)   Evacuate Collection Set: 11.5ms
[2023-10-01T18:43:09.853+0000][7325.491s][info ][gc,phases     ] GC(125)   Post Evacuate Collection Set: 2.5ms
[2023-10-01T18:43:09.854+0000][7325.491s][info ][gc,phases     ] GC(125)   Other: 1.2ms
[2023-10-01T18:43:09.854+0000][7325.491s][info ][gc,heap       ] GC(125) Eden regions: 187->0(187)
[2023-10-01T18:43:09.854+0000][7325.492s][info ][gc,heap       ] GC(125) Survivor regions: 1->1(24)
[2023-10-01T18:43:09.855+0000][7325.492s][info ][gc,heap       ] GC(125) Old regions: 150->150
[2023-10-01T18:43:09.855+0000][7325.493s][info ][gc,heap       ] GC(125) Humongous regions: 0->0
[2023-10-01T18:43:09.856+0000][7325.493s][info ][gc,metaspace  ] GC(125) Metaspace: 177731K(195536K)->177731K(195536K) NonClass: 157803K(171728K)->157803K(171728K) Class: 19928K(23808K)->19928K(23808K)
[2023-10-01T18:43:09.856+0000][7325.493s][info ][gc            ] GC(125) Pause Young (Normal) (G1 Evacuation Pause) 335M->149M(384M) 19.404ms
[2023-10-01T18:43:09.856+0000][7325.494s][info ][gc,cpu        ] GC(125) User=0.09s Sys=0.01s Real=0.02s
[2023-10-01T18:43:09.857+0000][7325.494s][info ][safepoint     ] Leaving safepoint region
[2023-10-01T18:43:09.857+0000][7325.495s][info ][safepoint     ] Total time for which application threads were stopped: 0.0215831 seconds, Stopping threads took: 0.0007298 seconds
[2023-10-01T18:43:09.858+0000][7325.495s][info ][gc,stringdedup] Concurrent String Deduplication (7325.495s)
[2023-10-01T18:43:09.858+0000][7325.496s][info ][gc,stringdedup] Concurrent String Deduplication 3776.0B->0.0B(3776.0B) avg 54.2% (7325.495s, 7325.496s) 0.465ms
[2023-10-01T18:46:41.371+0000][7537.009s][debug][safepoint     ] Safepoint synchronization initiated. (176 threads)
[2023-10-01T18:46:41.372+0000][7537.010s][info ][safepoint     ] Application time: 211.5145217 seconds
[2023-10-01T18:46:41.373+0000][7537.010s][info ][safepoint     ] Entering safepoint region: G1CollectForAllocation
[2023-10-01T18:46:41.373+0000][7537.011s][info ][gc,start      ] GC(126) Pause Young (Normal) (G1 Evacuation Pause)
[2023-10-01T18:46:41.374+0000][7537.011s][info ][gc,task       ] GC(126) Using 8 workers of 8 for evacuation
[2023-10-01T18:46:41.387+0000][7537.024s][info ][gc,phases     ] GC(126)   Pre Evacuate Collection Set: 0.0ms
[2023-10-01T18:46:41.388+0000][7537.025s][info ][gc,phases     ] GC(126)   Evacuate Collection Set: 10.0ms
[2023-10-01T18:46:41.388+0000][7537.026s][info ][gc,phases     ] GC(126)   Post Evacuate Collection Set: 2.4ms
[2023-10-01T18:46:41.389+0000][7537.026s][info ][gc,phases     ] GC(126)   Other: 1.3ms
[2023-10-01T18:46:41.389+0000][7537.027s][info ][gc,heap       ] GC(126) Eden regions: 187->0(187)
[2023-10-01T18:46:41.390+0000][7537.027s][info ][gc,heap       ] GC(126) Survivor regions: 1->1(24)
[2023-10-01T18:46:41.390+0000][7537.028s][info ][gc,heap       ] GC(126) Old regions: 150->150
[2023-10-01T18:46:41.391+0000][7537.028s][info ][gc,heap       ] GC(126) Humongous regions: 0->0
[2023-10-01T18:46:41.391+0000][7537.029s][info ][gc,metaspace  ] GC(126) Metaspace: 177736K(195536K)->177736K(195536K) NonClass: 157807K(171728K)->157807K(171728K) Class: 19928K(23808K)->19928K(23808K)
[2023-10-01T18:46:41.392+0000][7537.029s][info ][gc            ] GC(126) Pause Young (Normal) (G1 Evacuation Pause) 336M->149M(384M) 18.459ms
[2023-10-01T18:46:41.392+0000][7537.030s][info ][gc,cpu        ] GC(126) User=0.09s Sys=0.00s Real=0.02s
[2023-10-01T18:46:41.393+0000][7537.030s][info ][safepoint     ] Leaving safepoint region
[2023-10-01T18:46:41.393+0000][7537.031s][info ][safepoint     ] Total time for which application threads were stopped: 0.0208183 seconds, Stopping threads took: 0.0005003 seconds
[2023-10-01T18:46:41.394+0000][7537.031s][info ][gc,stringdedup] Concurrent String Deduplication (7537.031s)
[2023-10-01T18:46:41.394+0000][7537.032s][info ][gc,stringdedup] Concurrent String Deduplication 3776.0B->0.0B(3776.0B) avg 54.2% (7537.031s, 7537.032s) 0.431ms
[2023-10-01T18:47:52.408+0000][7608.045s][debug][safepoint     ] Safepoint synchronization initiated. (176 threads)
[2023-10-01T18:47:52.408+0000][7608.046s][info ][safepoint     ] Application time: 71.0143103 seconds
[2023-10-01T18:47:52.409+0000][7608.046s][info ][safepoint     ] Entering safepoint region: Cleanup
[2023-10-01T18:47:52.410+0000][7608.047s][info ][safepoint     ] Leaving safepoint region
[2023-10-01T18:47:52.410+0000][7608.048s][info ][safepoint     ] Total time for which application threads were stopped: 0.0011881 seconds, Stopping threads took: 0.0005197 seconds
[2023-10-01T18:49:11.429+0000][7687.062s][debug][safepoint     ] Safepoint synchronization initiated. (176 threads)
[2023-10-01T18:49:11.430+0000][7687.063s][info ][safepoint     ] Application time: 79.0148815 seconds
[2023-10-01T18:49:11.430+0000][7687.064s][info ][safepoint     ] Entering safepoint region: Cleanup
[2023-10-01T18:49:11.431+0000][7687.065s][info ][safepoint     ] Leaving safepoint region
[2023-10-01T18:49:11.432+0000][7687.065s][info ][safepoint     ] Total time for which application threads were stopped: 0.0015287 seconds, Stopping threads took: 0.0006561 seconds
[2023-10-01T18:50:12.441+0000][7748.077s][debug][safepoint     ] Safepoint synchronization initiated. (176 threads)
[2023-10-01T18:50:12.441+0000][7748.078s][info ][safepoint     ] Application time: 61.0123518 seconds
[2023-10-01T18:50:12.442+0000][7748.079s][info ][safepoint     ] Entering safepoint region: Cleanup
[2023-10-01T18:50:12.442+0000][7748.079s][info ][safepoint     ] Leaving safepoint region
[2023-10-01T18:50:12.443+0000][7748.080s][info ][safepoint     ] Total time for which application threads were stopped: 0.0013324 seconds, Stopping threads took: 0.0005050 seconds
[2023-10-01T18:50:13.118+0000][7748.755s][debug][safepoint     ] Safepoint synchronization initiated. (176 threads)
[2023-10-01T18:50:13.119+0000][7748.756s][info ][safepoint     ] Application time: 0.6751708 seconds
[2023-10-01T18:50:13.119+0000][7748.756s][info ][safepoint     ] Entering safepoint region: G1CollectForAllocation
[2023-10-01T18:50:13.120+0000][7748.757s][info ][gc,start      ] GC(127) Pause Young (Concurrent Start) (G1 Evacuation Pause)
[2023-10-01T18:50:13.121+0000][7748.758s][info ][gc,task       ] GC(127) Using 8 workers of 8 for evacuation
[2023-10-01T18:50:13.133+0000][7748.770s][info ][gc,phases     ] GC(127)   Pre Evacuate Collection Set: 0.7ms
[2023-10-01T18:50:13.134+0000][7748.771s][info ][gc,phases     ] GC(127)   Evacuate Collection Set: 8.5ms
[2023-10-01T18:50:13.135+0000][7748.771s][info ][gc,phases     ] GC(127)   Post Evacuate Collection Set: 2.5ms
[2023-10-01T18:50:13.136+0000][7748.772s][info ][gc,phases     ] GC(127)   Other: 1.4ms
[2023-10-01T18:50:13.136+0000][7748.773s][info ][gc,heap       ] GC(127) Eden regions: 187->0(187)
[2023-10-01T18:50:13.137+0000][7748.773s][info ][gc,heap       ] GC(127) Survivor regions: 1->1(24)
[2023-10-01T18:50:13.137+0000][7748.774s][info ][gc,heap       ] GC(127) Old regions: 150->150
[2023-10-01T18:50:13.138+0000][7748.774s][info ][gc,heap       ] GC(127) Humongous regions: 0->0
[2023-10-01T18:50:13.138+0000][7748.774s][info ][gc,metaspace  ] GC(127) Metaspace: 177773K(195536K)->177773K(195536K) NonClass: 157844K(171728K)->157844K(171728K) Class: 19928K(23808K)->19928K(23808K)
[2023-10-01T18:50:13.139+0000][7748.775s][info ][gc            ] GC(127) Pause Young (Concurrent Start) (G1 Evacuation Pause) 336M->149M(384M) 17.678ms
[2023-10-01T18:50:13.139+0000][7748.775s][info ][gc,cpu        ] GC(127) User=0.06s Sys=0.01s Real=0.02s
[2023-10-01T18:50:13.139+0000][7748.776s][info ][gc            ] GC(128) Concurrent Cycle
[2023-10-01T18:50:13.139+0000][7748.776s][info ][safepoint     ] Leaving safepoint region
[2023-10-01T18:50:13.140+0000][7748.777s][info ][safepoint     ] Total time for which application threads were stopped: 0.0204123 seconds, Stopping threads took: 0.0005935 seconds
[2023-10-01T18:50:13.140+0000][7748.776s][info ][gc,marking    ] GC(128) Concurrent Clear Claimed Marks
[2023-10-01T18:50:13.141+0000][7748.777s][info ][gc,stringdedup] Concurrent String Deduplication (7748.777s)
[2023-10-01T18:50:13.143+0000][7748.779s][info ][gc,marking    ] GC(128) Concurrent Clear Claimed Marks 2.788ms
[2023-10-01T18:50:13.143+0000][7748.779s][info ][gc,stringdedup] Concurrent String Deduplication 24856.0B->48.0B(24808.0B) avg 54.3% (7748.777s, 7748.779s) 2.264ms
[2023-10-01T18:50:13.143+0000][7748.780s][info ][gc,marking    ] GC(128) Concurrent Scan Root Regions
[2023-10-01T18:50:13.147+0000][7748.783s][info ][gc,marking    ] GC(128) Concurrent Scan Root Regions 3.483ms
[2023-10-01T18:50:13.147+0000][7748.784s][info ][gc,marking    ] GC(128) Concurrent Mark (7748.784s)
[2023-10-01T18:50:13.148+0000][7748.784s][info ][gc,marking    ] GC(128) Concurrent Mark From Roots
[2023-10-01T18:50:13.148+0000][7748.785s][info ][gc,task       ] GC(128) Using 2 workers of 2 for marking
[2023-10-01T18:50:13.273+0000][7748.909s][info ][gc,marking    ] GC(128) Concurrent Mark From Roots 125.095ms
[2023-10-01T18:50:13.273+0000][7748.910s][info ][gc,marking    ] GC(128) Concurrent Preclean
[2023-10-01T18:50:13.274+0000][7748.910s][info ][gc,marking    ] GC(128) Concurrent Preclean 0.667ms
[2023-10-01T18:50:13.275+0000][7748.911s][info ][gc,marking    ] GC(128) Concurrent Mark (7748.784s, 7748.911s) 127.236ms
[2023-10-01T18:50:13.275+0000][7748.911s][debug][safepoint     ] Safepoint synchronization initiated. (176 threads)
[2023-10-01T18:50:13.276+0000][7748.912s][info ][safepoint     ] Application time: 0.1347290 seconds
[2023-10-01T18:50:13.276+0000][7748.912s][info ][safepoint     ] Entering safepoint region: CGC_Operation
[2023-10-01T18:50:13.277+0000][7748.913s][info ][gc,start      ] GC(128) Pause Remark
[2023-10-01T18:50:13.305+0000][7748.941s][info ][gc,stringtable] GC(128) Cleaned string and symbol table, strings: 72996 processed, 0 removed, symbols: 413348 processed, 0 removed
[2023-10-01T18:50:13.306+0000][7748.942s][info ][gc            ] GC(128) Pause Remark 152M->152M(384M) 29.193ms
[2023-10-01T18:50:13.306+0000][7748.942s][info ][gc,cpu        ] GC(128) User=0.19s Sys=0.00s Real=0.03s
[2023-10-01T18:50:13.306+0000][7748.943s][info ][safepoint     ] Leaving safepoint region
[2023-10-01T18:50:13.307+0000][7748.943s][info ][safepoint     ] Total time for which application threads were stopped: 0.0308987 seconds, Stopping threads took: 0.0003964 seconds
[2023-10-01T18:50:13.307+0000][7748.944s][info ][gc,marking    ] GC(128) Concurrent Rebuild Remembered Sets
[2023-10-01T18:50:13.416+0000][7749.053s][info ][gc,marking    ] GC(128) Concurrent Rebuild Remembered Sets 109.120ms
[2023-10-01T18:50:13.430+0000][7749.066s][debug][safepoint     ] Safepoint synchronization initiated. (176 threads)
[2023-10-01T18:50:13.431+0000][7749.067s][info ][safepoint     ] Application time: 0.1234355 seconds
[2023-10-01T18:50:13.431+0000][7749.067s][info ][safepoint     ] Entering safepoint region: CGC_Operation
[2023-10-01T18:50:13.432+0000][7749.068s][info ][gc,start      ] GC(128) Pause Cleanup
[2023-10-01T18:50:13.432+0000][7749.069s][info ][gc            ] GC(128) Pause Cleanup 152M->152M(384M) 0.799ms
[2023-10-01T18:50:13.433+0000][7749.069s][info ][gc,cpu        ] GC(128) User=0.00s Sys=0.00s Real=0.00s
[2023-10-01T18:50:13.433+0000][7749.070s][info ][safepoint     ] Leaving safepoint region
[2023-10-01T18:50:13.434+0000][7749.070s][info ][safepoint     ] Total time for which application threads were stopped: 0.0026889 seconds, Stopping threads took: 0.0004036 seconds
[2023-10-01T18:50:13.434+0000][7749.070s][info ][gc,marking    ] GC(128) Concurrent Cleanup for Next Mark
[2023-10-01T18:50:13.435+0000][7749.072s][info ][gc,marking    ] GC(128) Concurrent Cleanup for Next Mark 1.268ms
[2023-10-01T18:50:13.436+0000][7749.072s][info ][gc            ] GC(128) Concurrent Cycle 296.677ms
[2023-10-01T18:50:59.444+0000][7795.079s][debug][safepoint     ] Safepoint synchronization initiated. (176 threads)
[2023-10-01T18:50:59.444+0000][7795.080s][info ][safepoint     ] Application time: 46.0098732 seconds
[2023-10-01T18:50:59.445+0000][7795.081s][info ][safepoint     ] Entering safepoint region: Cleanup
[2023-10-01T18:50:59.446+0000][7795.082s][info ][safepoint     ] Leaving safepoint region
[2023-10-01T18:50:59.446+0000][7795.082s][info ][safepoint     ] Total time for which application threads were stopped: 0.0013432 seconds, Stopping threads took: 0.0005284 seconds
[2023-10-01T18:53:45.011+0000][7960.648s][debug][safepoint     ] Safepoint synchronization initiated. (176 threads)
[2023-10-01T18:53:45.011+0000][7960.648s][info ][safepoint     ] Application time: 165.5656988 seconds
[2023-10-01T18:53:45.012+0000][7960.649s][info ][safepoint     ] Entering safepoint region: G1CollectForAllocation
[2023-10-01T18:53:45.013+0000][7960.650s][info ][gc,start      ] GC(129) Pause Young (Prepare Mixed) (G1 Evacuation Pause)
[2023-10-01T18:53:45.013+0000][7960.651s][info ][gc,task       ] GC(129) Using 8 workers of 8 for evacuation
[2023-10-01T18:53:45.028+0000][7960.665s][info ][gc,phases     ] GC(129)   Pre Evacuate Collection Set: 0.0ms
[2023-10-01T18:53:45.029+0000][7960.666s][info ][gc,phases     ] GC(129)   Evacuate Collection Set: 11.7ms
[2023-10-01T18:53:45.029+0000][7960.667s][info ][gc,phases     ] GC(129)   Post Evacuate Collection Set: 2.4ms
[2023-10-01T18:53:45.030+0000][7960.667s][info ][gc,phases     ] GC(129)   Other: 1.3ms
[2023-10-01T18:53:45.030+0000][7960.668s][info ][gc,heap       ] GC(129) Eden regions: 187->0(18)
[2023-10-01T18:53:45.031+0000][7960.668s][info ][gc,heap       ] GC(129) Survivor regions: 1->1(24)
[2023-10-01T18:53:45.031+0000][7960.669s][info ][gc,heap       ] GC(129) Old regions: 150->150
[2023-10-01T18:53:45.032+0000][7960.669s][info ][gc,heap       ] GC(129) Humongous regions: 0->0
[2023-10-01T18:53:45.032+0000][7960.670s][info ][gc,metaspace  ] GC(129) Metaspace: 177773K(195536K)->177773K(195536K) NonClass: 157844K(171728K)->157844K(171728K) Class: 19928K(23808K)->19928K(23808K)
[2023-10-01T18:53:45.033+0000][7960.670s][info ][gc            ] GC(129) Pause Young (Prepare Mixed) (G1 Evacuation Pause) 336M->149M(384M) 20.158ms
[2023-10-01T18:53:45.033+0000][7960.671s][info ][gc,cpu        ] GC(129) User=0.10s Sys=0.00s Real=0.02s
[2023-10-01T18:53:45.034+0000][7960.671s][info ][safepoint     ] Leaving safepoint region
[2023-10-01T18:53:45.034+0000][7960.672s][info ][safepoint     ] Total time for which application threads were stopped: 0.0226003 seconds, Stopping threads took: 0.0006071 seconds
[2023-10-01T18:53:45.035+0000][7960.673s][info ][gc,stringdedup] Concurrent String Deduplication (7960.673s)
[2023-10-01T18:53:45.036+0000][7960.673s][info ][gc,stringdedup] Concurrent String Deduplication 72.0B->0.0B(72.0B) avg 54.3% (7960.673s, 7960.673s) 0.559ms
[2023-10-01T18:54:04.170+0000][7979.807s][debug][safepoint     ] Safepoint synchronization initiated. (176 threads)
[2023-10-01T18:54:04.170+0000][7979.808s][info ][safepoint     ] Application time: 19.1350288 seconds
[2023-10-01T18:54:04.171+0000][7979.808s][debug][safepoint     ] Waiting for 1 thread(s) to block
[2023-10-01T18:54:04.172+0000][7979.809s][info ][safepoint     ] Entering safepoint region: G1CollectForAllocation
[2023-10-01T18:54:04.172+0000][7979.810s][info ][gc,start      ] GC(130) Pause Young (Mixed) (G1 Evacuation Pause)
[2023-10-01T18:54:04.173+0000][7979.810s][info ][gc,task       ] GC(130) Using 8 workers of 8 for evacuation
[2023-10-01T18:54:04.189+0000][7979.827s][info ][gc,phases     ] GC(130)   Pre Evacuate Collection Set: 0.0ms
[2023-10-01T18:54:04.190+0000][7979.827s][info ][gc,phases     ] GC(130)   Evacuate Collection Set: 12.3ms
[2023-10-01T18:54:04.190+0000][7979.828s][info ][gc,phases     ] GC(130)   Post Evacuate Collection Set: 3.3ms
[2023-10-01T18:54:04.191+0000][7979.828s][info ][gc,phases     ] GC(130)   Other: 1.3ms
[2023-10-01T18:54:04.191+0000][7979.828s][info ][gc,heap       ] GC(130) Eden regions: 18->0(187)
[2023-10-01T18:54:04.192+0000][7979.829s][info ][gc,heap       ] GC(130) Survivor regions: 1->1(3)
[2023-10-01T18:54:04.192+0000][7979.829s][info ][gc,heap       ] GC(130) Old regions: 150->150
[2023-10-01T18:54:04.193+0000][7979.830s][info ][gc,heap       ] GC(130) Humongous regions: 0->0
[2023-10-01T18:54:04.193+0000][7979.830s][info ][gc,metaspace  ] GC(130) Metaspace: 177773K(195536K)->177773K(195536K) NonClass: 157844K(171728K)->157844K(171728K) Class: 19928K(23808K)->19928K(23808K)
[2023-10-01T18:54:04.194+0000][7979.831s][info ][gc            ] GC(130) Pause Young (Mixed) (G1 Evacuation Pause) 167M->148M(384M) 21.216ms
[2023-10-01T18:54:04.194+0000][7979.831s][info ][gc,cpu        ] GC(130) User=0.10s Sys=0.02s Real=0.02s
[2023-10-01T18:54:04.194+0000][7979.832s][info ][safepoint     ] Leaving safepoint region
[2023-10-01T18:54:04.195+0000][7979.832s][info ][safepoint     ] Total time for which application threads were stopped: 0.0239126 seconds, Stopping threads took: 0.0011614 seconds
[2023-10-01T18:54:04.195+0000][7979.833s][info ][gc,stringdedup] Concurrent String Deduplication (7979.833s)
[2023-10-01T18:54:04.197+0000][7979.834s][info ][gc,stringdedup] Concurrent String Deduplication 0.0B->0.0B(0.0B) avg 54.3% (7979.833s, 7979.834s) 1.095ms
[2023-10-01T18:56:12.218+0000][8107.857s][debug][safepoint     ] Safepoint synchronization initiated. (176 threads)
[2023-10-01T18:56:12.219+0000][8107.858s][info ][safepoint     ] Application time: 128.0251375 seconds
[2023-10-01T18:56:12.220+0000][8107.858s][info ][safepoint     ] Entering safepoint region: Cleanup
[2023-10-01T18:56:12.220+0000][8107.859s][info ][safepoint     ] Leaving safepoint region
[2023-10-01T18:56:12.221+0000][8107.860s][info ][safepoint     ] Total time for which application threads were stopped: 0.0012880 seconds, Stopping threads took: 0.0004844 seconds
[2023-10-01T18:56:30.225+0000][8125.864s][debug][safepoint     ] Safepoint synchronization initiated. (176 threads)
[2023-10-01T18:56:30.225+0000][8125.864s][info ][safepoint     ] Application time: 18.0042259 seconds
[2023-10-01T18:56:30.226+0000][8125.865s][info ][safepoint     ] Entering safepoint region: Cleanup
[2023-10-01T18:56:30.227+0000][8125.866s][info ][safepoint     ] Leaving safepoint region
[2023-10-01T18:56:30.227+0000][8125.866s][info ][safepoint     ] Total time for which application threads were stopped: 0.0011979 seconds, Stopping threads took: 0.0004575 seconds
[2023-10-01T18:57:36.069+0000][8191.710s][debug][safepoint     ] Safepoint synchronization initiated. (176 threads)
[2023-10-01T18:57:36.070+0000][8191.710s][info ][safepoint     ] Application time: 65.8434792 seconds
[2023-10-01T18:57:36.070+0000][8191.711s][info ][safepoint     ] Entering safepoint region: G1CollectForAllocation
[2023-10-01T18:57:36.071+0000][8191.712s][info ][gc,start      ] GC(131) Pause Young (Normal) (G1 Evacuation Pause)
[2023-10-01T18:57:36.071+0000][8191.712s][info ][gc,task       ] GC(131) Using 8 workers of 8 for evacuation
[2023-10-01T18:57:36.087+0000][8191.728s][info ][gc,phases     ] GC(131)   Pre Evacuate Collection Set: 0.0ms
[2023-10-01T18:57:36.088+0000][8191.728s][info ][gc,phases     ] GC(131)   Evacuate Collection Set: 12.4ms
[2023-10-01T18:57:36.088+0000][8191.729s][info ][gc,phases     ] GC(131)   Post Evacuate Collection Set: 2.7ms
[2023-10-01T18:57:36.089+0000][8191.729s][info ][gc,phases     ] GC(131)   Other: 1.2ms
[2023-10-01T18:57:36.089+0000][8191.730s][info ][gc,heap       ] GC(131) Eden regions: 187->0(187)
[2023-10-01T18:57:36.090+0000][8191.730s][info ][gc,heap       ] GC(131) Survivor regions: 1->1(24)
[2023-10-01T18:57:36.090+0000][8191.731s][info ][gc,heap       ] GC(131) Old regions: 150->150
[2023-10-01T18:57:36.090+0000][8191.731s][info ][gc,heap       ] GC(131) Humongous regions: 0->0
[2023-10-01T18:57:36.091+0000][8191.732s][info ][gc,metaspace  ] GC(131) Metaspace: 177774K(195536K)->177774K(195536K) NonClass: 157845K(171728K)->157845K(171728K) Class: 19928K(23808K)->19928K(23808K)
[2023-10-01T18:57:36.091+0000][8191.732s][info ][gc            ] GC(131) Pause Young (Normal) (G1 Evacuation Pause) 335M->148M(384M) 20.490ms
[2023-10-01T18:57:36.092+0000][8191.732s][info ][gc,cpu        ] GC(131) User=0.11s Sys=0.00s Real=0.02s
[2023-10-01T18:57:36.092+0000][8191.733s][info ][safepoint     ] Leaving safepoint region
[2023-10-01T18:57:36.093+0000][8191.733s][info ][safepoint     ] Total time for which application threads were stopped: 0.0225621 seconds, Stopping threads took: 0.0005493 seconds
[2023-10-01T18:57:36.093+0000][8191.734s][info ][gc,stringdedup] Concurrent String Deduplication (8191.734s)
[2023-10-01T18:57:36.094+0000][8191.734s][info ][gc,stringdedup] Concurrent String Deduplication 344.0B->288.0B(56.0B) avg 54.3% (8191.734s, 8191.734s) 0.364ms
[2023-10-01T18:59:23.114+0000][8298.755s][debug][safepoint     ] Safepoint synchronization initiated. (177 threads)
[2023-10-01T18:59:23.114+0000][8298.756s][info ][safepoint     ] Application time: 107.0224111 seconds
[2023-10-01T18:59:23.115+0000][8298.757s][info ][safepoint     ] Entering safepoint region: Cleanup
[2023-10-01T18:59:23.116+0000][8298.758s][info ][safepoint     ] Leaving safepoint region
[2023-10-01T18:59:23.116+0000][8298.758s][info ][safepoint     ] Total time for which application threads were stopped: 0.0013150 seconds, Stopping threads took: 0.0005949 seconds
[2023-10-01T19:01:07.507+0000][8403.150s][debug][safepoint     ] Safepoint synchronization initiated. (176 threads)
[2023-10-01T19:01:07.508+0000][8403.151s][info ][safepoint     ] Application time: 104.3923335 seconds
[2023-10-01T19:01:07.509+0000][8403.151s][info ][safepoint     ] Entering safepoint region: G1CollectForAllocation
[2023-10-01T19:01:07.509+0000][8403.152s][info ][gc,start      ] GC(132) Pause Young (Normal) (G1 Evacuation Pause)
[2023-10-01T19:01:07.510+0000][8403.153s][info ][gc,task       ] GC(132) Using 8 workers of 8 for evacuation
[2023-10-01T19:01:07.516+0000][8403.159s][info ][gc,phases     ] GC(132)   Pre Evacuate Collection Set: 0.0ms
[2023-10-01T19:01:07.517+0000][8403.160s][info ][gc,phases     ] GC(132)   Evacuate Collection Set: 1.5ms
[2023-10-01T19:01:07.517+0000][8403.160s][info ][gc,phases     ] GC(132)   Post Evacuate Collection Set: 2.7ms
[2023-10-01T19:01:07.518+0000][8403.161s][info ][gc,phases     ] GC(132)   Other: 2.6ms
[2023-10-01T19:01:07.518+0000][8403.161s][info ][gc,heap       ] GC(132) Eden regions: 187->0(188)
[2023-10-01T19:01:07.519+0000][8403.162s][info ][gc,heap       ] GC(132) Survivor regions: 1->1(24)
[2023-10-01T19:01:07.519+0000][8403.162s][info ][gc,heap       ] GC(132) Old regions: 150->150
[2023-10-01T19:01:07.520+0000][8403.163s][info ][gc,heap       ] GC(132) Humongous regions: 0->0
[2023-10-01T19:01:07.520+0000][8403.163s][info ][gc,metaspace  ] GC(132) Metaspace: 177780K(195536K)->177780K(195536K) NonClass: 157851K(171728K)->157851K(171728K) Class: 19928K(23808K)->19928K(23808K)
[2023-10-01T19:01:07.521+0000][8403.164s][info ][gc            ] GC(132) Pause Young (Normal) (G1 Evacuation Pause) 335M->148M(384M) 11.504ms
[2023-10-01T19:01:07.521+0000][8403.164s][info ][gc,cpu        ] GC(132) User=0.03s Sys=0.00s Real=0.01s
[2023-10-01T19:01:07.522+0000][8403.165s][info ][safepoint     ] Leaving safepoint region
[2023-10-01T19:01:07.523+0000][8403.165s][info ][safepoint     ] Total time for which application threads were stopped: 0.0139484 seconds, Stopping threads took: 0.0005175 seconds
[2023-10-01T19:01:12.524+0000][8408.167s][debug][safepoint     ] Safepoint synchronization initiated. (176 threads)
[2023-10-01T19:01:12.525+0000][8408.168s][info ][safepoint     ] Application time: 5.0017777 seconds
[2023-10-01T19:01:12.525+0000][8408.168s][info ][safepoint     ] Entering safepoint region: Cleanup
[2023-10-01T19:01:12.526+0000][8408.169s][info ][safepoint     ] Leaving safepoint region
[2023-10-01T19:01:12.527+0000][8408.170s][info ][safepoint     ] Total time for which application threads were stopped: 0.0013789 seconds, Stopping threads took: 0.0006255 seconds
[2023-10-01T19:02:11.539+0000][8467.182s][debug][safepoint     ] Safepoint synchronization initiated. (176 threads)
[2023-10-01T19:02:11.540+0000][8467.182s][info ][safepoint     ] Application time: 59.0120736 seconds
[2023-10-01T19:02:11.540+0000][8467.183s][info ][safepoint     ] Entering safepoint region: Cleanup
[2023-10-01T19:02:11.541+0000][8467.184s][info ][safepoint     ] Leaving safepoint region
[2023-10-01T19:02:11.542+0000][8467.184s][info ][safepoint     ] Total time for which application threads were stopped: 0.0013280 seconds, Stopping threads took: 0.0006908 seconds
[2023-10-01T19:02:12.542+0000][8468.185s][debug][safepoint     ] Safepoint synchronization initiated. (176 threads)
[2023-10-01T19:02:12.543+0000][8468.185s][info ][safepoint     ] Application time: 1.0008035 seconds
[2023-10-01T19:02:12.543+0000][8468.186s][info ][safepoint     ] Entering safepoint region: Cleanup
[2023-10-01T19:02:12.544+0000][8468.187s][info ][safepoint     ] Leaving safepoint region
[2023-10-01T19:02:12.545+0000][8468.187s][info ][safepoint     ] Total time for which application threads were stopped: 0.0013367 seconds, Stopping threads took: 0.0005689 seconds
[2023-10-01T19:02:45.551+0000][8501.194s][debug][safepoint     ] Safepoint synchronization initiated. (176 threads)
[2023-10-01T19:02:45.552+0000][8501.195s][info ][safepoint     ] Application time: 33.0068426 seconds
[2023-10-01T19:02:45.552+0000][8501.195s][info ][safepoint     ] Entering safepoint region: Cleanup
[2023-10-01T19:02:45.553+0000][8501.196s][info ][safepoint     ] Leaving safepoint region
[2023-10-01T19:02:45.553+0000][8501.197s][info ][safepoint     ] Total time for which application threads were stopped: 0.0013207 seconds, Stopping threads took: 0.0005517 seconds
[2023-10-01T19:03:42.566+0000][8558.209s][debug][safepoint     ] Safepoint synchronization initiated. (176 threads)
[2023-10-01T19:03:42.567+0000][8558.209s][info ][safepoint     ] Application time: 57.0124297 seconds
[2023-10-01T19:03:42.568+0000][8558.210s][info ][safepoint     ] Entering safepoint region: Cleanup
[2023-10-01T19:03:42.568+0000][8558.211s][info ][safepoint     ] Leaving safepoint region
[2023-10-01T19:03:42.569+0000][8558.211s][info ][safepoint     ] Total time for which application threads were stopped: 0.0012680 seconds, Stopping threads took: 0.0005610 seconds
[2023-10-01T19:04:40.034+0000][8615.677s][debug][safepoint     ] Safepoint synchronization initiated. (177 threads)
[2023-10-01T19:04:40.035+0000][8615.677s][info ][safepoint     ] Application time: 57.4653974 seconds
[2023-10-01T19:04:40.035+0000][8615.678s][info ][safepoint     ] Entering safepoint region: G1CollectForAllocation
[2023-10-01T19:04:40.036+0000][8615.678s][info ][gc,start      ] GC(133) Pause Young (Concurrent Start) (G1 Evacuation Pause)
[2023-10-01T19:04:40.036+0000][8615.679s][info ][gc,task       ] GC(133) Using 8 workers of 8 for evacuation
[2023-10-01T19:04:40.053+0000][8615.695s][info ][gc,phases     ] GC(133)   Pre Evacuate Collection Set: 0.8ms
[2023-10-01T19:04:40.054+0000][8615.696s][info ][gc,phases     ] GC(133)   Evacuate Collection Set: 12.4ms
[2023-10-01T19:04:40.054+0000][8615.697s][info ][gc,phases     ] GC(133)   Post Evacuate Collection Set: 2.8ms
[2023-10-01T19:04:40.055+0000][8615.697s][info ][gc,phases     ] GC(133)   Other: 1.1ms
[2023-10-01T19:04:40.055+0000][8615.698s][info ][gc,heap       ] GC(133) Eden regions: 188->0(187)
[2023-10-01T19:04:40.056+0000][8615.698s][info ][gc,heap       ] GC(133) Survivor regions: 1->2(24)
[2023-10-01T19:04:40.056+0000][8615.699s][info ][gc,heap       ] GC(133) Old regions: 150->150
[2023-10-01T19:04:40.057+0000][8615.699s][info ][gc,heap       ] GC(133) Humongous regions: 0->0
[2023-10-01T19:04:40.057+0000][8615.700s][info ][gc,metaspace  ] GC(133) Metaspace: 177785K(195536K)->177785K(195536K) NonClass: 157857K(171728K)->157857K(171728K) Class: 19928K(23808K)->19928K(23808K)
[2023-10-01T19:04:40.058+0000][8615.700s][info ][gc            ] GC(133) Pause Young (Concurrent Start) (G1 Evacuation Pause) 336M->149M(384M) 21.726ms
[2023-10-01T19:04:40.058+0000][8615.701s][info ][gc,cpu        ] GC(133) User=0.11s Sys=0.00s Real=0.02s
[2023-10-01T19:04:40.059+0000][8615.701s][info ][safepoint     ] Leaving safepoint region
[2023-10-01T19:04:40.059+0000][8615.701s][info ][gc            ] GC(134) Concurrent Cycle
[2023-10-01T19:04:40.060+0000][8615.702s][info ][gc,marking    ] GC(134) Concurrent Clear Claimed Marks
[2023-10-01T19:04:40.059+0000][8615.702s][info ][safepoint     ] Total time for which application threads were stopped: 0.0240348 seconds, Stopping threads took: 0.0004965 seconds
[2023-10-01T19:04:40.061+0000][8615.703s][info ][gc,stringdedup] Concurrent String Deduplication (8615.703s)
[2023-10-01T19:04:40.061+0000][8615.704s][info ][gc,marking    ] GC(134) Concurrent Clear Claimed Marks 1.499ms
[2023-10-01T19:04:40.062+0000][8615.704s][info ][gc,marking    ] GC(134) Concurrent Scan Root Regions
[2023-10-01T19:04:40.061+0000][8615.704s][info ][gc,stringdedup] Concurrent String Deduplication 0.0B->0.0B(0.0B) avg 54.3% (8615.703s, 8615.704s) 0.453ms
[2023-10-01T19:04:40.065+0000][8615.707s][info ][gc,marking    ] GC(134) Concurrent Scan Root Regions 3.095ms
[2023-10-01T19:04:40.065+0000][8615.708s][info ][gc,marking    ] GC(134) Concurrent Mark (8615.708s)
[2023-10-01T19:04:40.066+0000][8615.708s][info ][gc,marking    ] GC(134) Concurrent Mark From Roots
[2023-10-01T19:04:40.066+0000][8615.709s][info ][gc,task       ] GC(134) Using 2 workers of 2 for marking
[2023-10-01T19:04:40.189+0000][8615.831s][info ][gc,marking    ] GC(134) Concurrent Mark From Roots 122.765ms
[2023-10-01T19:04:40.189+0000][8615.832s][info ][gc,marking    ] GC(134) Concurrent Preclean
[2023-10-01T19:04:40.190+0000][8615.833s][info ][gc,marking    ] GC(134) Concurrent Preclean 0.792ms
[2023-10-01T19:04:40.191+0000][8615.833s][info ][gc,marking    ] GC(134) Concurrent Mark (8615.708s, 8615.833s) 125.143ms
[2023-10-01T19:04:40.191+0000][8615.834s][debug][safepoint     ] Safepoint synchronization initiated. (177 threads)
[2023-10-01T19:04:40.192+0000][8615.834s][info ][safepoint     ] Application time: 0.1309496 seconds
[2023-10-01T19:04:40.192+0000][8615.835s][info ][safepoint     ] Entering safepoint region: CGC_Operation
[2023-10-01T19:04:40.193+0000][8615.835s][info ][gc,start      ] GC(134) Pause Remark
[2023-10-01T19:04:40.216+0000][8615.859s][info ][gc,stringtable] GC(134) Cleaned string and symbol table, strings: 73042 processed, 0 removed, symbols: 413348 processed, 0 removed
[2023-10-01T19:04:40.217+0000][8615.860s][info ][gc            ] GC(134) Pause Remark 152M->152M(384M) 24.638ms
[2023-10-01T19:04:40.218+0000][8615.860s][info ][gc,cpu        ] GC(134) User=0.17s Sys=0.00s Real=0.03s
[2023-10-01T19:04:40.218+0000][8615.861s][info ][safepoint     ] Leaving safepoint region
[2023-10-01T19:04:40.219+0000][8615.861s][info ][safepoint     ] Total time for which application threads were stopped: 0.0266833 seconds, Stopping threads took: 0.0005049 seconds
[2023-10-01T19:04:40.219+0000][8615.862s][info ][gc,marking    ] GC(134) Concurrent Rebuild Remembered Sets
[2023-10-01T19:04:40.320+0000][8615.963s][info ][gc,marking    ] GC(134) Concurrent Rebuild Remembered Sets 100.699ms
[2023-10-01T19:04:40.321+0000][8615.963s][debug][safepoint     ] Safepoint synchronization initiated. (177 threads)
[2023-10-01T19:04:40.321+0000][8615.964s][info ][safepoint     ] Application time: 0.1018671 seconds
[2023-10-01T19:04:40.321+0000][8615.964s][info ][safepoint     ] Entering safepoint region: CGC_Operation
[2023-10-01T19:04:40.322+0000][8615.965s][info ][gc,start      ] GC(134) Pause Cleanup
[2023-10-01T19:04:40.323+0000][8615.965s][info ][gc            ] GC(134) Pause Cleanup 152M->152M(384M) 0.870ms
[2023-10-01T19:04:40.323+0000][8615.966s][info ][gc,cpu        ] GC(134) User=0.01s Sys=0.00s Real=0.00s
[2023-10-01T19:04:40.324+0000][8615.966s][info ][safepoint     ] Leaving safepoint region
[2023-10-01T19:04:40.324+0000][8615.967s][info ][safepoint     ] Total time for which application threads were stopped: 0.0028172 seconds, Stopping threads took: 0.0004087 seconds
[2023-10-01T19:04:40.325+0000][8615.967s][info ][gc,marking    ] GC(134) Concurrent Cleanup for Next Mark
[2023-10-01T19:04:40.326+0000][8615.968s][info ][gc,marking    ] GC(134) Concurrent Cleanup for Next Mark 1.033ms
[2023-10-01T19:04:40.326+0000][8615.969s][info ][gc            ] GC(134) Concurrent Cycle 267.549ms
[2023-10-01T19:06:12.340+0000][8707.983s][debug][safepoint     ] Safepoint synchronization initiated. (176 threads)
[2023-10-01T19:06:12.341+0000][8707.983s][info ][safepoint     ] Application time: 92.0159215 seconds
[2023-10-01T19:06:12.341+0000][8707.984s][info ][safepoint     ] Entering safepoint region: Cleanup
[2023-10-01T19:06:12.342+0000][8707.984s][info ][safepoint     ] Leaving safepoint region
[2023-10-01T19:06:12.342+0000][8707.985s][info ][safepoint     ] Total time for which application threads were stopped: 0.0011767 seconds, Stopping threads took: 0.0004936 seconds
[2023-10-01T19:08:11.622+0000][8827.264s][debug][safepoint     ] Safepoint synchronization initiated. (176 threads)
[2023-10-01T19:08:11.622+0000][8827.264s][info ][safepoint     ] Application time: 119.2792399 seconds
[2023-10-01T19:08:11.623+0000][8827.265s][info ][safepoint     ] Entering safepoint region: G1CollectForAllocation
[2023-10-01T19:08:11.624+0000][8827.266s][info ][gc,start      ] GC(135) Pause Young (Prepare Mixed) (G1 Evacuation Pause)
[2023-10-01T19:08:11.624+0000][8827.266s][info ][gc,task       ] GC(135) Using 8 workers of 8 for evacuation
[2023-10-01T19:08:11.629+0000][8827.271s][info ][gc,phases     ] GC(135)   Pre Evacuate Collection Set: 0.0ms
[2023-10-01T19:08:11.630+0000][8827.272s][info ][gc,phases     ] GC(135)   Evacuate Collection Set: 1.6ms
[2023-10-01T19:08:11.630+0000][8827.272s][info ][gc,phases     ] GC(135)   Post Evacuate Collection Set: 2.4ms
[2023-10-01T19:08:11.631+0000][8827.273s][info ][gc,phases     ] GC(135)   Other: 1.4ms
[2023-10-01T19:08:11.631+0000][8827.273s][info ][gc,heap       ] GC(135) Eden regions: 187->0(18)
[2023-10-01T19:08:11.632+0000][8827.274s][info ][gc,heap       ] GC(135) Survivor regions: 2->1(24)
[2023-10-01T19:08:11.632+0000][8827.274s][info ][gc,heap       ] GC(135) Old regions: 150->150
[2023-10-01T19:08:11.633+0000][8827.275s][info ][gc,heap       ] GC(135) Humongous regions: 0->0
[2023-10-01T19:08:11.633+0000][8827.275s][info ][gc,metaspace  ] GC(135) Metaspace: 177794K(195536K)->177794K(195536K) NonClass: 157865K(171728K)->157865K(171728K) Class: 19928K(23808K)->19928K(23808K)
[2023-10-01T19:08:11.634+0000][8827.276s][info ][gc            ] GC(135) Pause Young (Prepare Mixed) (G1 Evacuation Pause) 336M->149M(384M) 10.000ms
[2023-10-01T19:08:11.634+0000][8827.276s][info ][gc,cpu        ] GC(135) User=0.01s Sys=0.01s Real=0.01s
[2023-10-01T19:08:11.635+0000][8827.277s][info ][safepoint     ] Leaving safepoint region
[2023-10-01T19:08:11.635+0000][8827.277s][info ][safepoint     ] Total time for which application threads were stopped: 0.0125419 seconds, Stopping threads took: 0.0006310 seconds
[2023-10-01T19:08:11.636+0000][8827.278s][info ][gc,stringdedup] Concurrent String Deduplication (8827.278s)
[2023-10-01T19:08:11.636+0000][8827.278s][info ][gc,stringdedup] Concurrent String Deduplication 832.0B->24.0B(808.0B) avg 54.3% (8827.278s, 8827.278s) 0.409ms
[2023-10-01T19:08:30.678+0000][8846.320s][debug][safepoint     ] Safepoint synchronization initiated. (176 threads)
[2023-10-01T19:08:30.679+0000][8846.321s][info ][safepoint     ] Application time: 19.0427513 seconds
[2023-10-01T19:08:30.679+0000][8846.321s][info ][safepoint     ] Entering safepoint region: G1CollectForAllocation
[2023-10-01T19:08:30.680+0000][8846.322s][info ][gc,start      ] GC(136) Pause Young (Mixed) (G1 Evacuation Pause)
[2023-10-01T19:08:30.681+0000][8846.323s][info ][gc,task       ] GC(136) Using 8 workers of 8 for evacuation
[2023-10-01T19:08:30.692+0000][8846.334s][info ][gc,phases     ] GC(136)   Pre Evacuate Collection Set: 0.0ms
[2023-10-01T19:08:30.693+0000][8846.335s][info ][gc,phases     ] GC(136)   Evacuate Collection Set: 7.6ms
[2023-10-01T19:08:30.693+0000][8846.335s][info ][gc,phases     ] GC(136)   Post Evacuate Collection Set: 2.8ms
[2023-10-01T19:08:30.694+0000][8846.336s][info ][gc,phases     ] GC(136)   Other: 1.3ms
[2023-10-01T19:08:30.694+0000][8846.336s][info ][gc,heap       ] GC(136) Eden regions: 18->0(188)
[2023-10-01T19:08:30.695+0000][8846.337s][info ][gc,heap       ] GC(136) Survivor regions: 1->1(3)
[2023-10-01T19:08:30.695+0000][8846.337s][info ][gc,heap       ] GC(136) Old regions: 150->149
[2023-10-01T19:08:30.696+0000][8846.338s][info ][gc,heap       ] GC(136) Humongous regions: 0->0
[2023-10-01T19:08:30.696+0000][8846.338s][info ][gc,metaspace  ] GC(136) Metaspace: 177794K(195536K)->177794K(195536K) NonClass: 157865K(171728K)->157865K(171728K) Class: 19928K(23808K)->19928K(23808K)
[2023-10-01T19:08:30.697+0000][8846.339s][info ][gc            ] GC(136) Pause Young (Mixed) (G1 Evacuation Pause) 167M->148M(384M) 16.582ms
[2023-10-01T19:08:30.697+0000][8846.339s][info ][gc,cpu        ] GC(136) User=0.07s Sys=0.00s Real=0.02s
[2023-10-01T19:08:30.698+0000][8846.340s][info ][safepoint     ] Leaving safepoint region
[2023-10-01T19:08:30.698+0000][8846.340s][info ][safepoint     ] Total time for which application threads were stopped: 0.0191593 seconds, Stopping threads took: 0.0005668 seconds
[2023-10-01T19:08:30.699+0000][8846.341s][info ][gc,stringdedup] Concurrent String Deduplication (8846.341s)
[2023-10-01T19:08:30.700+0000][8846.341s][info ][gc,stringdedup] Concurrent String Deduplication 216.0B->216.0B(0.0B) avg 54.3% (8846.341s, 8846.341s) 0.438ms
[2023-10-01T19:09:12.707+0000][8888.349s][debug][safepoint     ] Safepoint synchronization initiated. (177 threads)
[2023-10-01T19:09:12.708+0000][8888.350s][info ][safepoint     ] Application time: 42.0088113 seconds
[2023-10-01T19:09:12.708+0000][8888.350s][info ][safepoint     ] Entering safepoint region: Cleanup
[2023-10-01T19:09:12.709+0000][8888.351s][info ][safepoint     ] Leaving safepoint region
[2023-10-01T19:09:12.710+0000][8888.352s][info ][safepoint     ] Total time for which application threads were stopped: 0.0015985 seconds, Stopping threads took: 0.0007442 seconds
[2023-10-01T19:09:22.713+0000][8898.355s][debug][safepoint     ] Safepoint synchronization initiated. (177 threads)
[2023-10-01T19:09:22.713+0000][8898.355s][info ][safepoint     ] Application time: 10.0027975 seconds
[2023-10-01T19:09:22.714+0000][8898.356s][info ][safepoint     ] Entering safepoint region: Cleanup
[2023-10-01T19:09:22.715+0000][8898.357s][info ][safepoint     ] Leaving safepoint region
[2023-10-01T19:09:22.715+0000][8898.357s][info ][safepoint     ] Total time for which application threads were stopped: 0.0015060 seconds, Stopping threads took: 0.0005482 seconds
[2023-10-01T19:11:23.738+0000][9019.380s][debug][safepoint     ] Safepoint synchronization initiated. (176 threads)
[2023-10-01T19:11:23.739+0000][9019.381s][info ][safepoint     ] Application time: 121.0227918 seconds
[2023-10-01T19:11:23.740+0000][9019.381s][info ][safepoint     ] Entering safepoint region: Cleanup
[2023-10-01T19:11:23.740+0000][9019.382s][info ][safepoint     ] Leaving safepoint region
[2023-10-01T19:11:23.741+0000][9019.383s][info ][safepoint     ] Total time for which application threads were stopped: 0.0015269 seconds, Stopping threads took: 0.0006333 seconds
[2023-10-01T19:11:43.745+0000][9039.387s][debug][safepoint     ] Safepoint synchronization initiated. (176 threads)
[2023-10-01T19:11:43.746+0000][9039.388s][info ][safepoint     ] Application time: 20.0047484 seconds
[2023-10-01T19:11:43.747+0000][9039.389s][info ][safepoint     ] Entering safepoint region: Cleanup
[2023-10-01T19:11:43.748+0000][9039.390s][info ][safepoint     ] Leaving safepoint region
[2023-10-01T19:11:43.748+0000][9039.390s][info ][safepoint     ] Total time for which application threads were stopped: 0.0015059 seconds, Stopping threads took: 0.0006541 seconds
[2023-10-01T19:12:01.683+0000][9057.325s][debug][safepoint     ] Safepoint synchronization initiated. (176 threads)
[2023-10-01T19:12:01.684+0000][9057.326s][info ][safepoint     ] Application time: 17.9352113 seconds
[2023-10-01T19:12:01.685+0000][9057.326s][info ][safepoint     ] Entering safepoint region: G1CollectForAllocation
[2023-10-01T19:12:01.685+0000][9057.327s][info ][gc,start      ] GC(137) Pause Young (Normal) (G1 Evacuation Pause)
[2023-10-01T19:12:01.686+0000][9057.328s][info ][gc,task       ] GC(137) Using 8 workers of 8 for evacuation
[2023-10-01T19:12:01.701+0000][9057.342s][info ][gc,phases     ] GC(137)   Pre Evacuate Collection Set: 0.0ms
[2023-10-01T19:12:01.701+0000][9057.343s][info ][gc,phases     ] GC(137)   Evacuate Collection Set: 10.2ms
[2023-10-01T19:12:01.702+0000][9057.343s][info ][gc,phases     ] GC(137)   Post Evacuate Collection Set: 3.6ms
[2023-10-01T19:12:01.702+0000][9057.344s][info ][gc,phases     ] GC(137)   Other: 1.4ms
[2023-10-01T19:12:01.703+0000][9057.344s][info ][gc,heap       ] GC(137) Eden regions: 188->0(188)
[2023-10-01T19:12:01.703+0000][9057.345s][info ][gc,heap       ] GC(137) Survivor regions: 1->1(24)
[2023-10-01T19:12:01.704+0000][9057.345s][info ][gc,heap       ] GC(137) Old regions: 149->150
[2023-10-01T19:12:01.704+0000][9057.346s][info ][gc,heap       ] GC(137) Humongous regions: 0->0
[2023-10-01T19:12:01.705+0000][9057.346s][info ][gc,metaspace  ] GC(137) Metaspace: 177800K(195536K)->177800K(195536K) NonClass: 157871K(171728K)->157871K(171728K) Class: 19928K(23808K)->19928K(23808K)
[2023-10-01T19:12:01.705+0000][9057.347s][info ][gc            ] GC(137) Pause Young (Normal) (G1 Evacuation Pause) 336M->149M(384M) 19.880ms
[2023-10-01T19:12:01.706+0000][9057.348s][info ][gc,cpu        ] GC(137) User=0.09s Sys=0.01s Real=0.03s
[2023-10-01T19:12:01.706+0000][9057.348s][info ][safepoint     ] Leaving safepoint region
[2023-10-01T19:12:01.707+0000][9057.349s][info ][safepoint     ] Total time for which application threads were stopped: 0.0223521 seconds, Stopping threads took: 0.0006434 seconds
[2023-10-01T19:12:12.709+0000][9068.351s][debug][safepoint     ] Safepoint synchronization initiated. (176 threads)
[2023-10-01T19:12:12.710+0000][9068.352s][info ][safepoint     ] Application time: 11.0026758 seconds
[2023-10-01T19:12:12.711+0000][9068.352s][info ][safepoint     ] Entering safepoint region: Cleanup
[2023-10-01T19:12:12.711+0000][9068.353s][info ][safepoint     ] Leaving safepoint region
[2023-10-01T19:12:12.712+0000][9068.353s][info ][safepoint     ] Total time for which application threads were stopped: 0.0011413 seconds, Stopping threads took: 0.0004578 seconds
[2023-10-01T19:12:31.716+0000][9087.358s][debug][safepoint     ] Safepoint synchronization initiated. (176 threads)
[2023-10-01T19:12:31.717+0000][9087.358s][info ][safepoint     ] Application time: 19.0043156 seconds
[2023-10-01T19:12:31.717+0000][9087.359s][info ][safepoint     ] Entering safepoint region: Cleanup
[2023-10-01T19:12:31.718+0000][9087.360s][info ][safepoint     ] Leaving safepoint region
[2023-10-01T19:12:31.719+0000][9087.360s][info ][safepoint     ] Total time for which application threads were stopped: 0.0013689 seconds, Stopping threads took: 0.0005868 seconds
[2023-10-01T19:12:41.721+0000][9097.363s][debug][safepoint     ] Safepoint synchronization initiated. (176 threads)
[2023-10-01T19:12:41.722+0000][9097.364s][info ][safepoint     ] Application time: 10.0028602 seconds
[2023-10-01T19:12:41.723+0000][9097.364s][info ][safepoint     ] Entering safepoint region: Cleanup
[2023-10-01T19:12:41.723+0000][9097.365s][info ][safepoint     ] Leaving safepoint region
[2023-10-01T19:12:41.724+0000][9097.366s][info ][safepoint     ] Total time for which application threads were stopped: 0.0013032 seconds, Stopping threads took: 0.0005925 seconds
[2023-10-01T19:15:34.430+0000][9270.071s][debug][safepoint     ] Safepoint synchronization initiated. (176 threads)
[2023-10-01T19:15:34.431+0000][9270.072s][info ][safepoint     ] Application time: 172.7055827 seconds
[2023-10-01T19:15:34.431+0000][9270.072s][info ][safepoint     ] Entering safepoint region: G1CollectForAllocation
[2023-10-01T19:15:34.432+0000][9270.073s][info ][gc,start      ] GC(138) Pause Young (Normal) (G1 Evacuation Pause)
[2023-10-01T19:15:34.432+0000][9270.073s][info ][gc,task       ] GC(138) Using 8 workers of 8 for evacuation
[2023-10-01T19:15:34.437+0000][9270.078s][info ][gc,phases     ] GC(138)   Pre Evacuate Collection Set: 0.0ms
[2023-10-01T19:15:34.437+0000][9270.078s][info ][gc,phases     ] GC(138)   Evacuate Collection Set: 1.4ms
[2023-10-01T19:15:34.438+0000][9270.079s][info ][gc,phases     ] GC(138)   Post Evacuate Collection Set: 2.5ms
[2023-10-01T19:15:34.438+0000][9270.079s][info ][gc,phases     ] GC(138)   Other: 1.0ms
[2023-10-01T19:15:34.439+0000][9270.080s][info ][gc,heap       ] GC(138) Eden regions: 188->0(188)
[2023-10-01T19:15:34.439+0000][9270.080s][info ][gc,heap       ] GC(138) Survivor regions: 1->1(24)
[2023-10-01T19:15:34.439+0000][9270.080s][info ][gc,heap       ] GC(138) Old regions: 150->150
[2023-10-01T19:15:34.440+0000][9270.081s][info ][gc,heap       ] GC(138) Humongous regions: 0->0
[2023-10-01T19:15:34.440+0000][9270.081s][info ][gc,metaspace  ] GC(138) Metaspace: 177800K(195536K)->177800K(195536K) NonClass: 157871K(171728K)->157871K(171728K) Class: 19928K(23808K)->19928K(23808K)
[2023-10-01T19:15:34.441+0000][9270.082s][info ][gc            ] GC(138) Pause Young (Normal) (G1 Evacuation Pause) 337M->149M(384M) 8.866ms
[2023-10-01T19:15:34.441+0000][9270.082s][info ][gc,cpu        ] GC(138) User=0.02s Sys=0.00s Real=0.01s
[2023-10-01T19:15:34.442+0000][9270.083s][info ][safepoint     ] Leaving safepoint region
[2023-10-01T19:15:34.442+0000][9270.083s][info ][safepoint     ] Total time for which application threads were stopped: 0.0109184 seconds, Stopping threads took: 0.0004714 seconds
[2023-10-01T19:16:11.450+0000][9307.090s][debug][safepoint     ] Safepoint synchronization initiated. (176 threads)
[2023-10-01T19:16:11.450+0000][9307.091s][info ][safepoint     ] Application time: 37.0077242 seconds
[2023-10-01T19:16:11.451+0000][9307.092s][info ][safepoint     ] Entering safepoint region: Cleanup
[2023-10-01T19:16:11.452+0000][9307.093s][info ][safepoint     ] Leaving safepoint region
[2023-10-01T19:16:11.452+0000][9307.093s][info ][safepoint     ] Total time for which application threads were stopped: 0.0013627 seconds, Stopping threads took: 0.0005492 seconds
[2023-10-01T19:18:12.475+0000][9428.116s][debug][safepoint     ] Safepoint synchronization initiated. (176 threads)
[2023-10-01T19:18:12.476+0000][9428.116s][info ][safepoint     ] Application time: 121.0226313 seconds
[2023-10-01T19:18:12.477+0000][9428.117s][info ][safepoint     ] Entering safepoint region: Cleanup
[2023-10-01T19:18:12.477+0000][9428.118s][info ][safepoint     ] Leaving safepoint region
[2023-10-01T19:18:12.478+0000][9428.118s][info ][safepoint     ] Total time for which application threads were stopped: 0.0013102 seconds, Stopping threads took: 0.0005397 seconds
[2023-10-01T19:19:07.415+0000][9483.055s][debug][safepoint     ] Safepoint synchronization initiated. (176 threads)
[2023-10-01T19:19:07.416+0000][9483.056s][info ][safepoint     ] Application time: 54.9372643 seconds
[2023-10-01T19:19:07.416+0000][9483.056s][info ][safepoint     ] Entering safepoint region: G1CollectForAllocation
[2023-10-01T19:19:07.417+0000][9483.057s][info ][gc,start      ] GC(139) Pause Young (Concurrent Start) (G1 Evacuation Pause)
[2023-10-01T19:19:07.418+0000][9483.058s][info ][gc,task       ] GC(139) Using 8 workers of 8 for evacuation
[2023-10-01T19:19:07.439+0000][9483.078s][info ][gc,phases     ] GC(139)   Pre Evacuate Collection Set: 0.7ms
[2023-10-01T19:19:07.439+0000][9483.079s][info ][gc,phases     ] GC(139)   Evacuate Collection Set: 11.6ms
[2023-10-01T19:19:07.440+0000][9483.080s][info ][gc,phases     ] GC(139)   Post Evacuate Collection Set: 7.6ms
[2023-10-01T19:19:07.440+0000][9483.080s][info ][gc,phases     ] GC(139)   Other: 1.4ms
[2023-10-01T19:19:07.441+0000][9483.081s][info ][gc,heap       ] GC(139) Eden regions: 188->0(188)
[2023-10-01T19:19:07.442+0000][9483.082s][info ][gc,heap       ] GC(139) Survivor regions: 1->1(24)
[2023-10-01T19:19:07.442+0000][9483.082s][info ][gc,heap       ] GC(139) Old regions: 150->150
[2023-10-01T19:19:07.443+0000][9483.083s][info ][gc,heap       ] GC(139) Humongous regions: 0->0
[2023-10-01T19:19:07.443+0000][9483.083s][info ][gc,metaspace  ] GC(139) Metaspace: 177803K(195536K)->177803K(195536K) NonClass: 157874K(171728K)->157874K(171728K) Class: 19928K(23808K)->19928K(23808K)
[2023-10-01T19:19:07.444+0000][9483.084s][info ][gc            ] GC(139) Pause Young (Concurrent Start) (G1 Evacuation Pause) 337M->149M(384M) 26.547ms
[2023-10-01T19:19:07.444+0000][9483.084s][info ][gc,cpu        ] GC(139) User=0.11s Sys=0.01s Real=0.02s
[2023-10-01T19:19:07.445+0000][9483.085s][info ][safepoint     ] Leaving safepoint region
[2023-10-01T19:19:07.445+0000][9483.085s][info ][safepoint     ] Total time for which application threads were stopped: 0.0290968 seconds, Stopping threads took: 0.0005680 seconds
[2023-10-01T19:19:07.445+0000][9483.085s][info ][gc            ] GC(140) Concurrent Cycle
[2023-10-01T19:19:07.446+0000][9483.086s][info ][gc,marking    ] GC(140) Concurrent Clear Claimed Marks
[2023-10-01T19:19:07.446+0000][9483.086s][info ][gc,stringdedup] Concurrent String Deduplication (9483.086s)
[2023-10-01T19:19:07.448+0000][9483.088s][info ][gc,marking    ] GC(140) Concurrent Clear Claimed Marks 1.194ms
[2023-10-01T19:19:07.448+0000][9483.088s][info ][gc,marking    ] GC(140) Concurrent Scan Root Regions
[2023-10-01T19:19:07.448+0000][9483.088s][info ][gc,stringdedup] Concurrent String Deduplication 32704.0B->48.0B(32656.0B) avg 54.3% (9483.086s, 9483.088s) 1.707ms
[2023-10-01T19:19:07.451+0000][9483.091s][info ][gc,marking    ] GC(140) Concurrent Scan Root Regions 2.861ms
[2023-10-01T19:19:07.451+0000][9483.091s][info ][gc,marking    ] GC(140) Concurrent Mark (9483.091s)
[2023-10-01T19:19:07.452+0000][9483.092s][info ][gc,marking    ] GC(140) Concurrent Mark From Roots
[2023-10-01T19:19:07.452+0000][9483.092s][info ][gc,task       ] GC(140) Using 2 workers of 2 for marking
[2023-10-01T19:19:07.580+0000][9483.220s][info ][gc,marking    ] GC(140) Concurrent Mark From Roots 128.015ms
[2023-10-01T19:19:07.581+0000][9483.220s][info ][gc,marking    ] GC(140) Concurrent Preclean
[2023-10-01T19:19:07.581+0000][9483.221s][info ][gc,marking    ] GC(140) Concurrent Preclean 0.664ms
[2023-10-01T19:19:07.582+0000][9483.222s][info ][gc,marking    ] GC(140) Concurrent Mark (9483.091s, 9483.222s) 130.405ms
[2023-10-01T19:19:07.582+0000][9483.222s][debug][safepoint     ] Safepoint synchronization initiated. (176 threads)
[2023-10-01T19:19:07.583+0000][9483.223s][info ][safepoint     ] Application time: 0.1367908 seconds
[2023-10-01T19:19:07.583+0000][9483.223s][info ][safepoint     ] Entering safepoint region: CGC_Operation
[2023-10-01T19:19:07.584+0000][9483.224s][info ][gc,start      ] GC(140) Pause Remark
[2023-10-01T19:19:07.604+0000][9483.244s][info ][gc,stringtable] GC(140) Cleaned string and symbol table, strings: 73044 processed, 0 removed, symbols: 413349 processed, 1 removed
[2023-10-01T19:19:07.605+0000][9483.245s][info ][gc            ] GC(140) Pause Remark 152M->152M(384M) 20.962ms
[2023-10-01T19:19:07.605+0000][9483.245s][info ][gc,cpu        ] GC(140) User=0.13s Sys=0.01s Real=0.02s
[2023-10-01T19:19:07.606+0000][9483.246s][info ][safepoint     ] Leaving safepoint region
[2023-10-01T19:19:07.606+0000][9483.246s][info ][safepoint     ] Total time for which application threads were stopped: 0.0231238 seconds, Stopping threads took: 0.0004789 seconds
[2023-10-01T19:19:07.607+0000][9483.247s][info ][gc,marking    ] GC(140) Concurrent Rebuild Remembered Sets
[2023-10-01T19:19:07.711+0000][9483.351s][info ][gc,marking    ] GC(140) Concurrent Rebuild Remembered Sets 103.859ms
[2023-10-01T19:19:07.711+0000][9483.351s][debug][safepoint     ] Safepoint synchronization initiated. (176 threads)
[2023-10-01T19:19:07.712+0000][9483.352s][info ][safepoint     ] Application time: 0.1052311 seconds
[2023-10-01T19:19:07.712+0000][9483.352s][info ][safepoint     ] Entering safepoint region: CGC_Operation
[2023-10-01T19:19:07.713+0000][9483.353s][info ][gc,start      ] GC(140) Pause Cleanup
[2023-10-01T19:19:07.714+0000][9483.354s][info ][gc            ] GC(140) Pause Cleanup 152M->152M(384M) 0.969ms
[2023-10-01T19:19:07.715+0000][9483.355s][info ][gc,cpu        ] GC(140) User=0.00s Sys=0.00s Real=0.00s
[2023-10-01T19:19:07.715+0000][9483.355s][info ][safepoint     ] Leaving safepoint region
[2023-10-01T19:19:07.716+0000][9483.356s][info ][safepoint     ] Total time for which application threads were stopped: 0.0034237 seconds, Stopping threads took: 0.0005284 seconds
[2023-10-01T19:19:07.716+0000][9483.356s][info ][gc,marking    ] GC(140) Concurrent Cleanup for Next Mark
[2023-10-01T19:19:07.718+0000][9483.358s][info ][gc,marking    ] GC(140) Concurrent Cleanup for Next Mark 1.189ms
[2023-10-01T19:19:07.718+0000][9483.358s][info ][gc            ] GC(140) Concurrent Cycle 273.163ms
[2023-10-01T19:20:12.729+0000][9548.369s][debug][safepoint     ] Safepoint synchronization initiated. (176 threads)
[2023-10-01T19:20:12.730+0000][9548.370s][info ][safepoint     ] Application time: 65.0133064 seconds
[2023-10-01T19:20:12.731+0000][9548.370s][info ][safepoint     ] Entering safepoint region: Cleanup
[2023-10-01T19:20:12.731+0000][9548.371s][info ][safepoint     ] Leaving safepoint region
[2023-10-01T19:20:12.732+0000][9548.372s][info ][safepoint     ] Total time for which application threads were stopped: 0.0013763 seconds, Stopping threads took: 0.0006264 seconds
[2023-10-01T19:21:04.742+0000][9600.382s][debug][safepoint     ] Safepoint synchronization initiated. (176 threads)
[2023-10-01T19:21:04.743+0000][9600.383s][info ][safepoint     ] Application time: 52.0108586 seconds
[2023-10-01T19:21:04.744+0000][9600.384s][info ][safepoint     ] Entering safepoint region: Cleanup
[2023-10-01T19:21:04.744+0000][9600.384s][info ][safepoint     ] Leaving safepoint region
[2023-10-01T19:21:04.745+0000][9600.385s][info ][safepoint     ] Total time for which application threads were stopped: 0.0013202 seconds, Stopping threads took: 0.0005855 seconds
[2023-10-01T19:21:44.753+0000][9640.393s][debug][safepoint     ] Safepoint synchronization initiated. (176 threads)
[2023-10-01T19:21:44.753+0000][9640.393s][info ][safepoint     ] Application time: 40.0077581 seconds
[2023-10-01T19:21:44.754+0000][9640.394s][info ][safepoint     ] Entering safepoint region: Cleanup
[2023-10-01T19:21:44.755+0000][9640.394s][info ][safepoint     ] Leaving safepoint region
[2023-10-01T19:21:44.755+0000][9640.395s][info ][safepoint     ] Total time for which application threads were stopped: 0.0012109 seconds, Stopping threads took: 0.0004745 seconds
[2023-10-01T19:22:40.080+0000][9695.720s][debug][safepoint     ] Safepoint synchronization initiated. (176 threads)
[2023-10-01T19:22:40.080+0000][9695.720s][info ][safepoint     ] Application time: 55.3250178 seconds
[2023-10-01T19:22:40.081+0000][9695.721s][info ][safepoint     ] Entering safepoint region: G1CollectForAllocation
[2023-10-01T19:22:40.082+0000][9695.722s][info ][gc,start      ] GC(141) Pause Young (Normal) (G1 Evacuation Pause)
[2023-10-01T19:22:40.082+0000][9695.722s][info ][gc,task       ] GC(141) Using 8 workers of 8 for evacuation
[2023-10-01T19:22:40.087+0000][9695.726s][info ][gc,phases     ] GC(141)   Pre Evacuate Collection Set: 0.0ms
[2023-10-01T19:22:40.087+0000][9695.727s][info ][gc,phases     ] GC(141)   Evacuate Collection Set: 1.3ms
[2023-10-01T19:22:40.088+0000][9695.728s][info ][gc,phases     ] GC(141)   Post Evacuate Collection Set: 2.5ms
[2023-10-01T19:22:40.088+0000][9695.728s][info ][gc,phases     ] GC(141)   Other: 1.2ms
[2023-10-01T19:22:40.089+0000][9695.729s][info ][gc,heap       ] GC(141) Eden regions: 188->0(188)
[2023-10-01T19:22:40.089+0000][9695.729s][info ][gc,heap       ] GC(141) Survivor regions: 1->1(24)
[2023-10-01T19:22:40.090+0000][9695.730s][info ][gc,heap       ] GC(141) Old regions: 150->150
[2023-10-01T19:22:40.090+0000][9695.730s][info ][gc,heap       ] GC(141) Humongous regions: 0->0
[2023-10-01T19:22:40.091+0000][9695.731s][info ][gc,metaspace  ] GC(141) Metaspace: 177803K(195536K)->177803K(195536K) NonClass: 157875K(171728K)->157875K(171728K) Class: 19928K(23808K)->19928K(23808K)
[2023-10-01T19:22:40.091+0000][9695.731s][info ][gc            ] GC(141) Pause Young (Normal) (G1 Evacuation Pause) 337M->149M(384M) 9.529ms
[2023-10-01T19:22:40.092+0000][9695.732s][info ][gc,cpu        ] GC(141) User=0.02s Sys=0.01s Real=0.01s
[2023-10-01T19:22:40.092+0000][9695.732s][info ][safepoint     ] Leaving safepoint region
[2023-10-01T19:22:40.093+0000][9695.733s][info ][safepoint     ] Total time for which application threads were stopped: 0.0119029 seconds, Stopping threads took: 0.0005452 seconds
[2023-10-01T19:22:40.094+0000][9695.733s][info ][gc,stringdedup] Concurrent String Deduplication (9695.733s)
[2023-10-01T19:22:40.094+0000][9695.734s][info ][gc,stringdedup] Concurrent String Deduplication 48.0B->0.0B(48.0B) avg 54.3% (9695.733s, 9695.734s) 0.459ms
[2023-10-01T19:22:41.094+0000][9696.733s][debug][safepoint     ] Safepoint synchronization initiated. (176 threads)
[2023-10-01T19:22:41.094+0000][9696.734s][info ][safepoint     ] Application time: 1.0009217 seconds
[2023-10-01T19:22:41.095+0000][9696.735s][info ][safepoint     ] Entering safepoint region: Cleanup
[2023-10-01T19:22:41.096+0000][9696.736s][info ][safepoint     ] Leaving safepoint region
[2023-10-01T19:22:41.096+0000][9696.736s][info ][safepoint     ] Total time for which application threads were stopped: 0.0015196 seconds, Stopping threads took: 0.0006914 seconds
[2023-10-01T19:23:12.102+0000][9727.742s][debug][safepoint     ] Safepoint synchronization initiated. (176 threads)
[2023-10-01T19:23:12.103+0000][9727.743s][info ][safepoint     ] Application time: 31.0059254 seconds
[2023-10-01T19:23:12.103+0000][9727.743s][info ][safepoint     ] Entering safepoint region: Cleanup
[2023-10-01T19:23:12.104+0000][9727.744s][info ][safepoint     ] Leaving safepoint region
[2023-10-01T19:23:12.104+0000][9727.744s][info ][safepoint     ] Total time for which application threads were stopped: 0.0012073 seconds, Stopping threads took: 0.0004684 seconds
[2023-10-01T19:26:12.627+0000][9908.266s][debug][safepoint     ] Safepoint synchronization initiated. (176 threads)
[2023-10-01T19:26:12.628+0000][9908.267s][info ][safepoint     ] Application time: 180.5222278 seconds
[2023-10-01T19:26:12.629+0000][9908.268s][debug][safepoint     ] ... found polling page loop exception at pc = 0x00007f51888c9c5d, stub =0x00007f5180843680
[2023-10-01T19:26:12.631+0000][9908.269s][debug][safepoint     ] ... found polling page loop exception at pc = 0x00007f51888c9c5d, stub =0x00007f5180843680
[2023-10-01T19:26:12.632+0000][9908.271s][debug][safepoint     ] Waiting for 2 thread(s) to block
[2023-10-01T19:26:12.633+0000][9908.272s][info ][safepoint     ] Entering safepoint region: G1CollectForAllocation
[2023-10-01T19:26:12.634+0000][9908.272s][info ][gc,start      ] GC(142) Pause Young (Concurrent Start) (G1 Evacuation Pause)
[2023-10-01T19:26:12.634+0000][9908.273s][info ][gc,task       ] GC(142) Using 8 workers of 8 for evacuation
[2023-10-01T19:26:12.650+0000][9908.289s][info ][gc,phases     ] GC(142)   Pre Evacuate Collection Set: 0.7ms
[2023-10-01T19:26:12.651+0000][9908.290s][info ][gc,phases     ] GC(142)   Evacuate Collection Set: 11.2ms
[2023-10-01T19:26:12.651+0000][9908.290s][info ][gc,phases     ] GC(142)   Post Evacuate Collection Set: 3.3ms
[2023-10-01T19:26:12.652+0000][9908.291s][info ][gc,phases     ] GC(142)   Other: 1.4ms
[2023-10-01T19:26:12.652+0000][9908.291s][info ][gc,heap       ] GC(142) Eden regions: 188->0(188)
[2023-10-01T19:26:12.653+0000][9908.292s][info ][gc,heap       ] GC(142) Survivor regions: 1->1(24)
[2023-10-01T19:26:12.653+0000][9908.292s][info ][gc,heap       ] GC(142) Old regions: 150->150
[2023-10-01T19:26:12.654+0000][9908.293s][info ][gc,heap       ] GC(142) Humongous regions: 0->0
[2023-10-01T19:26:12.654+0000][9908.293s][info ][gc,metaspace  ] GC(142) Metaspace: 177804K(195536K)->177804K(195536K) NonClass: 157875K(171728K)->157875K(171728K) Class: 19929K(23808K)->19929K(23808K)
[2023-10-01T19:26:12.655+0000][9908.294s][info ][gc            ] GC(142) Pause Young (Concurrent Start) (G1 Evacuation Pause) 337M->149M(384M) 21.534ms
[2023-10-01T19:26:12.656+0000][9908.294s][info ][gc,cpu        ] GC(142) User=0.10s Sys=0.00s Real=0.02s
[2023-10-01T19:26:12.656+0000][9908.295s][info ][safepoint     ] Leaving safepoint region
[2023-10-01T19:26:12.656+0000][9908.295s][info ][gc            ] GC(143) Concurrent Cycle
[2023-10-01T19:26:12.657+0000][9908.296s][info ][gc,marking    ] GC(143) Concurrent Clear Claimed Marks
[2023-10-01T19:26:12.657+0000][9908.295s][info ][safepoint     ] Total time for which application threads were stopped: 0.0280124 seconds, Stopping threads took: 0.0047636 seconds
[2023-10-01T19:26:12.658+0000][9908.297s][info ][gc,stringdedup] Concurrent String Deduplication (9908.297s)
[2023-10-01T19:26:12.659+0000][9908.298s][info ][gc,stringdedup] Concurrent String Deduplication 24.0B->0.0B(24.0B) avg 54.3% (9908.297s, 9908.298s) 0.605ms
[2023-10-01T19:26:12.659+0000][9908.298s][info ][gc,marking    ] GC(143) Concurrent Clear Claimed Marks 2.443ms
[2023-10-01T19:26:12.660+0000][9908.299s][info ][gc,marking    ] GC(143) Concurrent Scan Root Regions
[2023-10-01T19:26:12.664+0000][9908.302s][info ][gc,marking    ] GC(143) Concurrent Scan Root Regions 3.385ms
[2023-10-01T19:26:12.664+0000][9908.303s][info ][gc,marking    ] GC(143) Concurrent Mark (9908.303s)
[2023-10-01T19:26:12.665+0000][9908.303s][info ][gc,marking    ] GC(143) Concurrent Mark From Roots
[2023-10-01T19:26:12.665+0000][9908.304s][info ][gc,task       ] GC(143) Using 2 workers of 2 for marking
[2023-10-01T19:26:12.816+0000][9908.455s][info ][gc,marking    ] GC(143) Concurrent Mark From Roots 151.781ms
[2023-10-01T19:26:12.817+0000][9908.456s][info ][gc,marking    ] GC(143) Concurrent Preclean
[2023-10-01T19:26:12.818+0000][9908.456s][info ][gc,marking    ] GC(143) Concurrent Preclean 0.723ms
[2023-10-01T19:26:12.818+0000][9908.457s][info ][gc,marking    ] GC(143) Concurrent Mark (9908.303s, 9908.457s) 153.942ms
[2023-10-01T19:26:12.818+0000][9908.457s][debug][safepoint     ] Safepoint synchronization initiated. (176 threads)
[2023-10-01T19:26:12.819+0000][9908.458s][info ][safepoint     ] Application time: 0.1607563 seconds
[2023-10-01T19:26:12.819+0000][9908.458s][info ][safepoint     ] Entering safepoint region: CGC_Operation
[2023-10-01T19:26:12.820+0000][9908.459s][info ][gc,start      ] GC(143) Pause Remark
[2023-10-01T19:26:12.839+0000][9908.478s][info ][gc,stringtable] GC(143) Cleaned string and symbol table, strings: 73046 processed, 0 removed, symbols: 413348 processed, 0 removed
[2023-10-01T19:26:12.840+0000][9908.479s][info ][gc            ] GC(143) Pause Remark 152M->152M(384M) 20.487ms
[2023-10-01T19:26:12.841+0000][9908.479s][info ][gc,cpu        ] GC(143) User=0.13s Sys=0.00s Real=0.02s
[2023-10-01T19:26:12.841+0000][9908.480s][info ][safepoint     ] Leaving safepoint region
[2023-10-01T19:26:12.841+0000][9908.480s][info ][safepoint     ] Total time for which application threads were stopped: 0.0223621 seconds, Stopping threads took: 0.0003795 seconds
[2023-10-01T19:26:12.842+0000][9908.481s][info ][gc,marking    ] GC(143) Concurrent Rebuild Remembered Sets
[2023-10-01T19:26:12.948+0000][9908.587s][info ][gc,marking    ] GC(143) Concurrent Rebuild Remembered Sets 105.973ms
[2023-10-01T19:26:12.948+0000][9908.587s][debug][safepoint     ] Safepoint synchronization initiated. (176 threads)
[2023-10-01T19:26:12.949+0000][9908.588s][info ][safepoint     ] Application time: 0.1071568 seconds
[2023-10-01T19:26:12.949+0000][9908.588s][info ][safepoint     ] Entering safepoint region: CGC_Operation
[2023-10-01T19:26:12.950+0000][9908.589s][info ][gc,start      ] GC(143) Pause Cleanup
[2023-10-01T19:26:12.951+0000][9908.590s][info ][gc            ] GC(143) Pause Cleanup 152M->152M(384M) 0.866ms
[2023-10-01T19:26:12.952+0000][9908.590s][info ][gc,cpu        ] GC(143) User=0.00s Sys=0.00s Real=0.00s
[2023-10-01T19:26:12.952+0000][9908.591s][info ][safepoint     ] Leaving safepoint region
[2023-10-01T19:26:12.952+0000][9908.591s][info ][safepoint     ] Total time for which application threads were stopped: 0.0030293 seconds, Stopping threads took: 0.0005376 seconds
[2023-10-01T19:26:12.953+0000][9908.592s][info ][gc,marking    ] GC(143) Concurrent Cleanup for Next Mark
[2023-10-01T19:26:12.954+0000][9908.593s][info ][gc,marking    ] GC(143) Concurrent Cleanup for Next Mark 1.077ms
[2023-10-01T19:26:12.954+0000][9908.593s][info ][gc            ] GC(143) Concurrent Cycle 298.109ms
[2023-10-01T19:29:45.617+0000][10121.256s][debug][safepoint     ] Safepoint synchronization initiated. (176 threads)
[2023-10-01T19:29:45.618+0000][10121.256s][info ][safepoint     ] Application time: 212.6647108 seconds
[2023-10-01T19:29:45.618+0000][10121.257s][info ][safepoint     ] Entering safepoint region: G1CollectForAllocation
[2023-10-01T19:29:45.619+0000][10121.258s][info ][gc,start      ] GC(144) Pause Young (Prepare Mixed) (G1 Evacuation Pause)
[2023-10-01T19:29:45.620+0000][10121.258s][info ][gc,task       ] GC(144) Using 8 workers of 8 for evacuation
[2023-10-01T19:29:45.633+0000][10121.271s][info ][gc,phases     ] GC(144)   Pre Evacuate Collection Set: 0.0ms
[2023-10-01T19:29:45.633+0000][10121.272s][info ][gc,phases     ] GC(144)   Evacuate Collection Set: 9.0ms
[2023-10-01T19:29:45.634+0000][10121.272s][info ][gc,phases     ] GC(144)   Post Evacuate Collection Set: 3.3ms
[2023-10-01T19:29:45.634+0000][10121.273s][info ][gc,phases     ] GC(144)   Other: 1.2ms
[2023-10-01T19:29:45.635+0000][10121.273s][info ][gc,heap       ] GC(144) Eden regions: 188->0(18)
[2023-10-01T19:29:45.635+0000][10121.274s][info ][gc,heap       ] GC(144) Survivor regions: 1->1(24)
[2023-10-01T19:29:45.636+0000][10121.274s][info ][gc,heap       ] GC(144) Old regions: 150->150
[2023-10-01T19:29:45.636+0000][10121.275s][info ][gc,heap       ] GC(144) Humongous regions: 0->0
[2023-10-01T19:29:45.637+0000][10121.275s][info ][gc,metaspace  ] GC(144) Metaspace: 177814K(195536K)->177814K(195536K) NonClass: 157885K(171728K)->157885K(171728K) Class: 19929K(23808K)->19929K(23808K)
[2023-10-01T19:29:45.637+0000][10121.276s][info ][gc            ] GC(144) Pause Young (Prepare Mixed) (G1 Evacuation Pause) 337M->149M(384M) 18.211ms
[2023-10-01T19:29:45.638+0000][10121.276s][info ][gc,cpu        ] GC(144) User=0.08s Sys=0.00s Real=0.01s
[2023-10-01T19:29:45.638+0000][10121.277s][info ][safepoint     ] Leaving safepoint region
[2023-10-01T19:29:45.639+0000][10121.277s][info ][safepoint     ] Total time for which application threads were stopped: 0.0204295 seconds, Stopping threads took: 0.0004936 seconds
[2023-10-01T19:30:04.771+0000][10140.410s][debug][safepoint     ] Safepoint synchronization initiated. (176 threads)
[2023-10-01T19:30:04.772+0000][10140.410s][info ][safepoint     ] Application time: 19.1324504 seconds
[2023-10-01T19:30:04.772+0000][10140.411s][info ][safepoint     ] Entering safepoint region: G1CollectForAllocation
[2023-10-01T19:30:04.773+0000][10140.412s][info ][gc,start      ] GC(145) Pause Young (Mixed) (G1 Evacuation Pause)
[2023-10-01T19:30:04.774+0000][10140.412s][info ][gc,task       ] GC(145) Using 8 workers of 8 for evacuation
[2023-10-01T19:30:04.787+0000][10140.426s][info ][gc,phases     ] GC(145)   Pre Evacuate Collection Set: 0.0ms
[2023-10-01T19:30:04.788+0000][10140.427s][info ][gc,phases     ] GC(145)   Evacuate Collection Set: 10.4ms
[2023-10-01T19:30:04.789+0000][10140.427s][info ][gc,phases     ] GC(145)   Post Evacuate Collection Set: 2.5ms
[2023-10-01T19:30:04.789+0000][10140.428s][info ][gc,phases     ] GC(145)   Other: 1.4ms
[2023-10-01T19:30:04.790+0000][10140.428s][info ][gc,heap       ] GC(145) Eden regions: 18->0(189)
[2023-10-01T19:30:04.790+0000][10140.429s][info ][gc,heap       ] GC(145) Survivor regions: 1->1(3)
[2023-10-01T19:30:04.791+0000][10140.430s][info ][gc,heap       ] GC(145) Old regions: 150->149
[2023-10-01T19:30:04.792+0000][10140.430s][info ][gc,heap       ] GC(145) Humongous regions: 0->0
[2023-10-01T19:30:04.792+0000][10140.431s][info ][gc,metaspace  ] GC(145) Metaspace: 177816K(195536K)->177816K(195536K) NonClass: 157887K(171728K)->157887K(171728K) Class: 19929K(23808K)->19929K(23808K)
[2023-10-01T19:30:04.793+0000][10140.431s][info ][gc            ] GC(145) Pause Young (Mixed) (G1 Evacuation Pause) 167M->148M(384M) 19.621ms
[2023-10-01T19:30:04.793+0000][10140.432s][info ][gc,cpu        ] GC(145) User=0.10s Sys=0.00s Real=0.02s
[2023-10-01T19:30:04.794+0000][10140.432s][info ][safepoint     ] Leaving safepoint region
[2023-10-01T19:30:04.794+0000][10140.433s][info ][safepoint     ] Total time for which application threads were stopped: 0.0221752 seconds, Stopping threads took: 0.0005862 seconds
[2023-10-01T19:30:04.795+0000][10140.434s][info ][gc,stringdedup] Concurrent String Deduplication (10140.434s)
[2023-10-01T19:30:04.795+0000][10140.434s][info ][gc,stringdedup] Concurrent String Deduplication 120.0B->64.0B(56.0B) avg 54.3% (10140.434s, 10140.434s) 0.440ms
[2023-10-01T19:31:44.815+0000][10240.452s][debug][safepoint     ] Safepoint synchronization initiated. (176 threads)
[2023-10-01T19:31:44.815+0000][10240.453s][info ][safepoint     ] Application time: 100.0195237 seconds
[2023-10-01T19:31:44.816+0000][10240.454s][info ][safepoint     ] Entering safepoint region: Cleanup
[2023-10-01T19:31:44.817+0000][10240.454s][info ][safepoint     ] Leaving safepoint region
[2023-10-01T19:31:44.817+0000][10240.455s][info ][safepoint     ] Total time for which application threads were stopped: 0.0012396 seconds, Stopping threads took: 0.0005361 seconds
[2023-10-01T19:32:12.823+0000][10268.460s][debug][safepoint     ] Safepoint synchronization initiated. (176 threads)
[2023-10-01T19:32:12.823+0000][10268.461s][info ][safepoint     ] Application time: 28.0057744 seconds
[2023-10-01T19:32:12.824+0000][10268.462s][info ][safepoint     ] Entering safepoint region: Cleanup
[2023-10-01T19:32:12.825+0000][10268.462s][info ][safepoint     ] Leaving safepoint region
[2023-10-01T19:32:12.825+0000][10268.463s][info ][safepoint     ] Total time for which application threads were stopped: 0.0011920 seconds, Stopping threads took: 0.0005138 seconds
[2023-10-01T19:33:38.794+0000][10354.432s][debug][safepoint     ] Safepoint synchronization initiated. (176 threads)
[2023-10-01T19:33:38.795+0000][10354.433s][info ][safepoint     ] Application time: 85.9692179 seconds
[2023-10-01T19:33:38.796+0000][10354.433s][info ][safepoint     ] Entering safepoint region: G1CollectForAllocation
[2023-10-01T19:33:38.796+0000][10354.434s][info ][gc,start      ] GC(146) Pause Young (Normal) (G1 Evacuation Pause)
[2023-10-01T19:33:38.797+0000][10354.434s][info ][gc,task       ] GC(146) Using 8 workers of 8 for evacuation
[2023-10-01T19:33:38.811+0000][10354.449s][info ][gc,phases     ] GC(146)   Pre Evacuate Collection Set: 0.0ms
[2023-10-01T19:33:38.812+0000][10354.449s][info ][gc,phases     ] GC(146)   Evacuate Collection Set: 11.2ms
[2023-10-01T19:33:38.812+0000][10354.450s][info ][gc,phases     ] GC(146)   Post Evacuate Collection Set: 2.5ms
[2023-10-01T19:33:38.813+0000][10354.451s][info ][gc,phases     ] GC(146)   Other: 1.3ms
[2023-10-01T19:33:38.814+0000][10354.451s][info ][gc,heap       ] GC(146) Eden regions: 189->0(189)
[2023-10-01T19:33:38.814+0000][10354.452s][info ][gc,heap       ] GC(146) Survivor regions: 1->1(24)
[2023-10-01T19:33:38.815+0000][10354.452s][info ][gc,heap       ] GC(146) Old regions: 149->149
[2023-10-01T19:33:38.815+0000][10354.453s][info ][gc,heap       ] GC(146) Humongous regions: 0->0
[2023-10-01T19:33:38.816+0000][10354.454s][info ][gc,metaspace  ] GC(146) Metaspace: 177823K(195536K)->177823K(195536K) NonClass: 157894K(171728K)->157894K(171728K) Class: 19929K(23808K)->19929K(23808K)
[2023-10-01T19:33:38.817+0000][10354.454s][info ][gc            ] GC(146) Pause Young (Normal) (G1 Evacuation Pause) 337M->148M(384M) 20.289ms
[2023-10-01T19:33:38.817+0000][10354.455s][info ][gc,cpu        ] GC(146) User=0.10s Sys=0.00s Real=0.02s
[2023-10-01T19:33:38.818+0000][10354.455s][info ][safepoint     ] Leaving safepoint region
[2023-10-01T19:33:38.818+0000][10354.456s][info ][safepoint     ] Total time for which application threads were stopped: 0.0226432 seconds, Stopping threads took: 0.0005799 seconds
[2023-10-01T19:33:38.819+0000][10354.457s][info ][gc,stringdedup] Concurrent String Deduplication (10354.456s)
[2023-10-01T19:33:38.819+0000][10354.457s][info ][gc,stringdedup] Concurrent String Deduplication 0.0B->0.0B(0.0B) avg 54.3% (10354.456s, 10354.457s) 0.389ms
[2023-10-01T19:36:24.849+0000][10520.486s][debug][safepoint     ] Safepoint synchronization initiated. (176 threads)
[2023-10-01T19:36:24.850+0000][10520.487s][info ][safepoint     ] Application time: 166.0306134 seconds
[2023-10-01T19:36:24.850+0000][10520.488s][info ][safepoint     ] Entering safepoint region: Cleanup
[2023-10-01T19:36:24.851+0000][10520.488s][info ][safepoint     ] Leaving safepoint region
[2023-10-01T19:36:24.851+0000][10520.489s][info ][safepoint     ] Total time for which application threads were stopped: 0.0011430 seconds, Stopping threads took: 0.0004719 seconds
[2023-10-01T19:37:06.859+0000][10562.497s][debug][safepoint     ] Safepoint synchronization initiated. (176 threads)
[2023-10-01T19:37:06.860+0000][10562.498s][info ][safepoint     ] Application time: 42.0084543 seconds
[2023-10-01T19:37:06.860+0000][10562.498s][info ][safepoint     ] Entering safepoint region: Cleanup
[2023-10-01T19:37:06.861+0000][10562.499s][info ][safepoint     ] Leaving safepoint region
[2023-10-01T19:37:06.862+0000][10562.499s][info ][safepoint     ] Total time for which application threads were stopped: 0.0013393 seconds, Stopping threads took: 0.0005930 seconds
[2023-10-01T19:37:12.790+0000][10568.428s][debug][safepoint     ] Safepoint synchronization initiated. (176 threads)
[2023-10-01T19:37:12.791+0000][10568.429s][info ][safepoint     ] Application time: 5.9286700 seconds
[2023-10-01T19:37:12.792+0000][10568.429s][info ][safepoint     ] Entering safepoint region: G1CollectForAllocation
[2023-10-01T19:37:12.792+0000][10568.430s][info ][gc,start      ] GC(147) Pause Young (Normal) (G1 Evacuation Pause)
[2023-10-01T19:37:12.793+0000][10568.431s][info ][gc,task       ] GC(147) Using 8 workers of 8 for evacuation
[2023-10-01T19:37:12.809+0000][10568.446s][info ][gc,phases     ] GC(147)   Pre Evacuate Collection Set: 0.0ms
[2023-10-01T19:37:12.809+0000][10568.447s][info ][gc,phases     ] GC(147)   Evacuate Collection Set: 12.4ms
[2023-10-01T19:37:12.810+0000][10568.448s][info ][gc,phases     ] GC(147)   Post Evacuate Collection Set: 2.8ms
[2023-10-01T19:37:12.810+0000][10568.448s][info ][gc,phases     ] GC(147)   Other: 1.3ms
[2023-10-01T19:37:12.811+0000][10568.449s][info ][gc,heap       ] GC(147) Eden regions: 189->0(189)
[2023-10-01T19:37:12.811+0000][10568.449s][info ][gc,heap       ] GC(147) Survivor regions: 1->1(24)
[2023-10-01T19:37:12.812+0000][10568.450s][info ][gc,heap       ] GC(147) Old regions: 149->149
[2023-10-01T19:37:12.812+0000][10568.450s][info ][gc,heap       ] GC(147) Humongous regions: 0->0
[2023-10-01T19:37:12.813+0000][10568.451s][info ][gc,metaspace  ] GC(147) Metaspace: 177823K(195536K)->177823K(195536K) NonClass: 157894K(171728K)->157894K(171728K) Class: 19929K(23808K)->19929K(23808K)
[2023-10-01T19:37:12.814+0000][10568.451s][info ][gc            ] GC(147) Pause Young (Normal) (G1 Evacuation Pause) 337M->148M(384M) 21.075ms
[2023-10-01T19:37:12.814+0000][10568.452s][info ][gc,cpu        ] GC(147) User=0.11s Sys=0.01s Real=0.02s
[2023-10-01T19:37:12.815+0000][10568.452s][info ][safepoint     ] Leaving safepoint region
[2023-10-01T19:37:12.815+0000][10568.453s][info ][safepoint     ] Total time for which application threads were stopped: 0.0235219 seconds, Stopping threads took: 0.0005770 seconds
[2023-10-01T19:38:39.830+0000][10655.469s][debug][safepoint     ] Safepoint synchronization initiated. (178 threads)
[2023-10-01T19:38:39.831+0000][10655.470s][info ][safepoint     ] Application time: 87.0162793 seconds
[2023-10-01T19:38:39.831+0000][10655.470s][debug][safepoint     ] ... found polling page return exception at pc = 0x00007f5188527168, stub =0x00007f5180840600
[2023-10-01T19:38:39.831+0000][10655.470s][debug][safepoint     ] ... found polling page return exception at pc = 0x00007f5188527168, stub =0x00007f5180840600
[2023-10-01T19:38:39.831+0000][10655.470s][debug][safepoint     ] ... found polling page return exception at pc = 0x00007f51888db45b, stub =0x00007f5180840600
[2023-10-01T19:38:39.831+0000][10655.470s][debug][safepoint     ] ... found polling page return exception at pc = 0x00007f5188ad1cda, stub =0x00007f5180840600
[2023-10-01T19:38:39.831+0000][10655.470s][debug][safepoint     ] ... found polling page return exception at pc = 0x00007f5188527168, stub =0x00007f5180840600
[2023-10-01T19:38:39.831+0000][10655.470s][debug][safepoint     ] ... found polling page return exception at pc = 0x00007f5188527168, stub =0x00007f5180840600
[2023-10-01T19:38:39.833+0000][10655.472s][debug][safepoint     ] ... found polling page return exception at pc = 0x00007f5188527168, stub =0x00007f5180840600
[2023-10-01T19:38:39.837+0000][10655.476s][debug][safepoint     ] Waiting for 7 thread(s) to block
[2023-10-01T19:38:39.838+0000][10655.477s][info ][safepoint     ] Entering safepoint region: Cleanup
[2023-10-01T19:38:39.839+0000][10655.478s][info ][safepoint     ] Leaving safepoint region
[2023-10-01T19:38:39.839+0000][10655.478s][info ][safepoint     ] Total time for which application threads were stopped: 0.0079797 seconds, Stopping threads took: 0.0072453 seconds
[2023-10-01T19:38:57.843+0000][10673.482s][debug][safepoint     ] Safepoint synchronization initiated. (178 threads)
[2023-10-01T19:38:57.844+0000][10673.483s][info ][safepoint     ] Application time: 18.0042055 seconds
[2023-10-01T19:38:57.845+0000][10673.484s][info ][safepoint     ] Entering safepoint region: Cleanup
[2023-10-01T19:38:57.845+0000][10673.484s][info ][safepoint     ] Leaving safepoint region
[2023-10-01T19:38:57.846+0000][10673.485s][info ][safepoint     ] Total time for which application threads were stopped: 0.0014868 seconds, Stopping threads took: 0.0006199 seconds
[2023-10-01T19:39:07.848+0000][10683.487s][debug][safepoint     ] Safepoint synchronization initiated. (177 threads)
[2023-10-01T19:39:07.849+0000][10683.488s][info ][safepoint     ] Application time: 10.0026187 seconds
[2023-10-01T19:39:07.850+0000][10683.489s][info ][safepoint     ] Entering safepoint region: Cleanup
[2023-10-01T19:39:07.850+0000][10683.489s][info ][safepoint     ] Leaving safepoint region
[2023-10-01T19:39:07.851+0000][10683.490s][info ][safepoint     ] Total time for which application threads were stopped: 0.0013844 seconds, Stopping threads took: 0.0005579 seconds
[2023-10-01T19:40:44.621+0000][10780.260s][debug][safepoint     ] Safepoint synchronization initiated. (175 threads)
[2023-10-01T19:40:44.622+0000][10780.261s][info ][safepoint     ] Application time: 96.7700651 seconds
[2023-10-01T19:40:44.622+0000][10780.261s][info ][safepoint     ] Entering safepoint region: G1CollectForAllocation
[2023-10-01T19:40:44.623+0000][10780.262s][info ][gc,start      ] GC(148) Pause Young (Concurrent Start) (G1 Evacuation Pause)
[2023-10-01T19:40:44.624+0000][10780.263s][info ][gc,task       ] GC(148) Using 8 workers of 8 for evacuation
[2023-10-01T19:40:44.643+0000][10780.282s][info ][gc,phases     ] GC(148)   Pre Evacuate Collection Set: 0.7ms
[2023-10-01T19:40:44.644+0000][10780.283s][info ][gc,phases     ] GC(148)   Evacuate Collection Set: 14.0ms
[2023-10-01T19:40:44.644+0000][10780.283s][info ][gc,phases     ] GC(148)   Post Evacuate Collection Set: 4.1ms
[2023-10-01T19:40:44.645+0000][10780.284s][info ][gc,phases     ] GC(148)   Other: 1.4ms
[2023-10-01T19:40:44.646+0000][10780.285s][info ][gc,heap       ] GC(148) Eden regions: 189->0(189)
[2023-10-01T19:40:44.646+0000][10780.285s][info ][gc,heap       ] GC(148) Survivor regions: 1->2(24)
[2023-10-01T19:40:44.647+0000][10780.286s][info ][gc,heap       ] GC(148) Old regions: 149->149
[2023-10-01T19:40:44.647+0000][10780.286s][info ][gc,heap       ] GC(148) Humongous regions: 0->0
[2023-10-01T19:40:44.648+0000][10780.287s][info ][gc,metaspace  ] GC(148) Metaspace: 177854K(195536K)->177854K(195536K) NonClass: 157925K(171728K)->157925K(171728K) Class: 19929K(23808K)->19929K(23808K)
[2023-10-01T19:40:44.648+0000][10780.287s][info ][gc            ] GC(148) Pause Young (Concurrent Start) (G1 Evacuation Pause) 337M->149M(384M) 25.274ms
[2023-10-01T19:40:44.649+0000][10780.288s][info ][gc,cpu        ] GC(148) User=0.13s Sys=0.00s Real=0.03s
[2023-10-01T19:40:44.649+0000][10780.288s][info ][safepoint     ] Leaving safepoint region
[2023-10-01T19:40:44.650+0000][10780.289s][info ][safepoint     ] Total time for which application threads were stopped: 0.0278132 seconds, Stopping threads took: 0.0005662 seconds
[2023-10-01T19:40:44.649+0000][10780.288s][info ][gc            ] GC(149) Concurrent Cycle
[2023-10-01T19:40:44.651+0000][10780.290s][info ][gc,marking    ] GC(149) Concurrent Clear Claimed Marks
[2023-10-01T19:40:44.652+0000][10780.291s][info ][gc,marking    ] GC(149) Concurrent Clear Claimed Marks 1.136ms
[2023-10-01T19:40:44.653+0000][10780.292s][info ][gc,marking    ] GC(149) Concurrent Scan Root Regions
[2023-10-01T19:40:44.655+0000][10780.294s][info ][gc,marking    ] GC(149) Concurrent Scan Root Regions 2.115ms
[2023-10-01T19:40:44.655+0000][10780.294s][info ][gc,marking    ] GC(149) Concurrent Mark (10780.294s)
[2023-10-01T19:40:44.656+0000][10780.295s][info ][gc,marking    ] GC(149) Concurrent Mark From Roots
[2023-10-01T19:40:44.656+0000][10780.295s][info ][gc,task       ] GC(149) Using 2 workers of 2 for marking
[2023-10-01T19:40:44.772+0000][10780.411s][info ][gc,marking    ] GC(149) Concurrent Mark From Roots 115.959ms
[2023-10-01T19:40:44.772+0000][10780.411s][info ][gc,marking    ] GC(149) Concurrent Preclean
[2023-10-01T19:40:44.773+0000][10780.412s][info ][gc,marking    ] GC(149) Concurrent Preclean 0.723ms
[2023-10-01T19:40:44.774+0000][10780.413s][info ][gc,marking    ] GC(149) Concurrent Mark (10780.294s, 10780.413s) 118.389ms
[2023-10-01T19:40:44.774+0000][10780.413s][debug][safepoint     ] Safepoint synchronization initiated. (175 threads)
[2023-10-01T19:40:44.775+0000][10780.414s][info ][safepoint     ] Application time: 0.1242824 seconds
[2023-10-01T19:40:44.776+0000][10780.415s][info ][safepoint     ] Entering safepoint region: CGC_Operation
[2023-10-01T19:40:44.776+0000][10780.415s][info ][gc,start      ] GC(149) Pause Remark
[2023-10-01T19:40:44.795+0000][10780.434s][info ][gc,stringtable] GC(149) Cleaned string and symbol table, strings: 73060 processed, 0 removed, symbols: 413348 processed, 0 removed
[2023-10-01T19:40:44.796+0000][10780.435s][info ][gc            ] GC(149) Pause Remark 153M->153M(384M) 19.825ms
[2023-10-01T19:40:44.797+0000][10780.436s][info ][gc,cpu        ] GC(149) User=0.13s Sys=0.00s Real=0.02s
[2023-10-01T19:40:44.797+0000][10780.436s][info ][safepoint     ] Leaving safepoint region
[2023-10-01T19:40:44.798+0000][10780.437s][info ][safepoint     ] Total time for which application threads were stopped: 0.0221748 seconds, Stopping threads took: 0.0006535 seconds
[2023-10-01T19:40:44.798+0000][10780.437s][info ][gc,marking    ] GC(149) Concurrent Rebuild Remembered Sets
[2023-10-01T19:40:44.895+0000][10780.534s][info ][gc,marking    ] GC(149) Concurrent Rebuild Remembered Sets 96.491ms
[2023-10-01T19:40:44.895+0000][10780.534s][debug][safepoint     ] Safepoint synchronization initiated. (175 threads)
[2023-10-01T19:40:44.896+0000][10780.535s][info ][safepoint     ] Application time: 0.0976273 seconds
[2023-10-01T19:40:44.896+0000][10780.535s][info ][safepoint     ] Entering safepoint region: CGC_Operation
[2023-10-01T19:40:44.897+0000][10780.536s][info ][gc,start      ] GC(149) Pause Cleanup
[2023-10-01T19:40:44.898+0000][10780.537s][info ][gc            ] GC(149) Pause Cleanup 153M->153M(384M) 0.877ms
[2023-10-01T19:40:44.898+0000][10780.537s][info ][gc,cpu        ] GC(149) User=0.00s Sys=0.00s Real=0.01s
[2023-10-01T19:40:44.899+0000][10780.538s][info ][safepoint     ] Leaving safepoint region
[2023-10-01T19:40:44.899+0000][10780.538s][info ][safepoint     ] Total time for which application threads were stopped: 0.0029362 seconds, Stopping threads took: 0.0005052 seconds
[2023-10-01T19:40:44.900+0000][10780.539s][info ][gc,marking    ] GC(149) Concurrent Cleanup for Next Mark
[2023-10-01T19:40:44.901+0000][10780.540s][info ][gc,marking    ] GC(149) Concurrent Cleanup for Next Mark 1.339ms
[2023-10-01T19:40:44.901+0000][10780.541s][info ][gc            ] GC(149) Concurrent Cycle 252.089ms
[2023-10-01T19:43:19.930+0000][10935.570s][debug][safepoint     ] Safepoint synchronization initiated. (176 threads)
[2023-10-01T19:43:19.931+0000][10935.570s][info ][safepoint     ] Application time: 155.0318236 seconds
[2023-10-01T19:43:19.932+0000][10935.571s][info ][safepoint     ] Entering safepoint region: Cleanup
[2023-10-01T19:43:19.932+0000][10935.572s][info ][safepoint     ] Leaving safepoint region
[2023-10-01T19:43:19.933+0000][10935.572s][info ][safepoint     ] Total time for which application threads were stopped: 0.0012505 seconds, Stopping threads took: 0.0005309 seconds
[2023-10-01T19:44:18.860+0000][10994.499s][debug][safepoint     ] Safepoint synchronization initiated. (176 threads)
[2023-10-01T19:44:18.861+0000][10994.500s][info ][safepoint     ] Application time: 58.9272275 seconds
[2023-10-01T19:44:18.861+0000][10994.501s][info ][safepoint     ] Entering safepoint region: G1CollectForAllocation
[2023-10-01T19:44:18.862+0000][10994.502s][info ][gc,start      ] GC(150) Pause Young (Prepare Mixed) (G1 Evacuation Pause)
[2023-10-01T19:44:18.863+0000][10994.502s][info ][gc,task       ] GC(150) Using 8 workers of 8 for evacuation
[2023-10-01T19:44:18.881+0000][10994.520s][info ][gc,phases     ] GC(150)   Pre Evacuate Collection Set: 0.0ms
[2023-10-01T19:44:18.881+0000][10994.521s][info ][gc,phases     ] GC(150)   Evacuate Collection Set: 12.1ms
[2023-10-01T19:44:18.882+0000][10994.521s][info ][gc,phases     ] GC(150)   Post Evacuate Collection Set: 3.3ms
[2023-10-01T19:44:18.882+0000][10994.522s][info ][gc,phases     ] GC(150)   Other: 3.1ms
[2023-10-01T19:44:18.883+0000][10994.522s][info ][gc,heap       ] GC(150) Eden regions: 189->0(18)
[2023-10-01T19:44:18.883+0000][10994.523s][info ][gc,heap       ] GC(150) Survivor regions: 2->1(24)
[2023-10-01T19:44:18.884+0000][10994.523s][info ][gc,heap       ] GC(150) Old regions: 149->149
[2023-10-01T19:44:18.884+0000][10994.524s][info ][gc,heap       ] GC(150) Humongous regions: 0->0
[2023-10-01T19:44:18.885+0000][10994.524s][info ][gc,metaspace  ] GC(150) Metaspace: 177855K(195536K)->177855K(195536K) NonClass: 157925K(171728K)->157925K(171728K) Class: 19929K(23808K)->19929K(23808K)
[2023-10-01T19:44:18.886+0000][10994.525s][info ][gc            ] GC(150) Pause Young (Prepare Mixed) (G1 Evacuation Pause) 338M->148M(384M) 23.349ms
[2023-10-01T19:44:18.886+0000][10994.525s][info ][gc,cpu        ] GC(150) User=0.11s Sys=0.00s Real=0.02s
[2023-10-01T19:44:18.886+0000][10994.526s][info ][safepoint     ] Leaving safepoint region
[2023-10-01T19:44:18.887+0000][10994.526s][info ][safepoint     ] Total time for which application threads were stopped: 0.0256829 seconds, Stopping threads took: 0.0005354 seconds
[2023-10-01T19:44:18.887+0000][10994.527s][info ][gc,stringdedup] Concurrent String Deduplication (10994.527s)
[2023-10-01T19:44:18.888+0000][10994.527s][info ][gc,stringdedup] Concurrent String Deduplication 0.0B->0.0B(0.0B) avg 54.3% (10994.527s, 10994.527s) 0.440ms
[2023-10-01T19:44:37.991+0000][11013.630s][debug][safepoint     ] Safepoint synchronization initiated. (176 threads)
[2023-10-01T19:44:37.992+0000][11013.631s][info ][safepoint     ] Application time: 19.1042867 seconds
[2023-10-01T19:44:37.992+0000][11013.632s][info ][safepoint     ] Entering safepoint region: G1CollectForAllocation
[2023-10-01T19:44:37.993+0000][11013.633s][info ][gc,start      ] GC(151) Pause Young (Mixed) (G1 Evacuation Pause)
[2023-10-01T19:44:37.994+0000][11013.633s][info ][gc,task       ] GC(151) Using 8 workers of 8 for evacuation
[2023-10-01T19:44:38.011+0000][11013.650s][info ][gc,phases     ] GC(151)   Pre Evacuate Collection Set: 0.0ms
[2023-10-01T19:44:38.011+0000][11013.651s][info ][gc,phases     ] GC(151)   Evacuate Collection Set: 13.7ms
[2023-10-01T19:44:38.012+0000][11013.651s][info ][gc,phases     ] GC(151)   Post Evacuate Collection Set: 2.5ms
[2023-10-01T19:44:38.012+0000][11013.652s][info ][gc,phases     ] GC(151)   Other: 1.4ms
[2023-10-01T19:44:38.013+0000][11013.653s][info ][gc,heap       ] GC(151) Eden regions: 18->0(189)
[2023-10-01T19:44:38.014+0000][11013.653s][info ][gc,heap       ] GC(151) Survivor regions: 1->1(3)
[2023-10-01T19:44:38.014+0000][11013.654s][info ][gc,heap       ] GC(151) Old regions: 149->149
[2023-10-01T19:44:38.015+0000][11013.654s][info ][gc,heap       ] GC(151) Humongous regions: 0->0
[2023-10-01T19:44:38.015+0000][11013.655s][info ][gc,metaspace  ] GC(151) Metaspace: 177855K(195536K)->177855K(195536K) NonClass: 157925K(171728K)->157925K(171728K) Class: 19929K(23808K)->19929K(23808K)
[2023-10-01T19:44:38.016+0000][11013.656s][info ][gc            ] GC(151) Pause Young (Mixed) (G1 Evacuation Pause) 166M->148M(384M) 23.083ms
[2023-10-01T19:44:38.017+0000][11013.656s][info ][gc,cpu        ] GC(151) User=0.12s Sys=0.00s Real=0.02s
[2023-10-01T19:44:38.017+0000][11013.657s][info ][safepoint     ] Leaving safepoint region
[2023-10-01T19:44:38.018+0000][11013.657s][info ][safepoint     ] Total time for which application threads were stopped: 0.0253775 seconds, Stopping threads took: 0.0005727 seconds
[2023-10-01T19:44:38.018+0000][11013.658s][info ][gc,stringdedup] Concurrent String Deduplication (11013.658s)
[2023-10-01T19:44:38.019+0000][11013.658s][info ][gc,stringdedup] Concurrent String Deduplication 31136.0B->0.0B(31136.0B) avg 54.4% (11013.658s, 11013.658s) 0.555ms
[2023-10-01T19:44:45.020+0000][11020.659s][debug][safepoint     ] Safepoint synchronization initiated. (176 threads)
[2023-10-01T19:44:45.020+0000][11020.660s][info ][safepoint     ] Application time: 7.0021440 seconds
[2023-10-01T19:44:45.021+0000][11020.660s][info ][safepoint     ] Entering safepoint region: Cleanup
[2023-10-01T19:44:45.022+0000][11020.661s][info ][safepoint     ] Leaving safepoint region
[2023-10-01T19:44:45.022+0000][11020.662s][info ][safepoint     ] Total time for which application threads were stopped: 0.0014990 seconds, Stopping threads took: 0.0006441 seconds
[2023-10-01T19:48:12.101+0000][11227.739s][debug][safepoint     ] Safepoint synchronization initiated. (176 threads)
[2023-10-01T19:48:12.101+0000][11227.740s][info ][safepoint     ] Application time: 207.0777693 seconds
[2023-10-01T19:48:12.102+0000][11227.741s][info ][safepoint     ] Entering safepoint region: G1CollectForAllocation
[2023-10-01T19:48:12.103+0000][11227.741s][info ][gc,start      ] GC(152) Pause Young (Normal) (G1 Evacuation Pause)
[2023-10-01T19:48:12.103+0000][11227.742s][info ][gc,task       ] GC(152) Using 8 workers of 8 for evacuation
[2023-10-01T19:48:12.114+0000][11227.753s][info ][gc,phases     ] GC(152)   Pre Evacuate Collection Set: 0.0ms
[2023-10-01T19:48:12.115+0000][11227.754s][info ][gc,phases     ] GC(152)   Evacuate Collection Set: 8.4ms
[2023-10-01T19:48:12.116+0000][11227.754s][info ][gc,phases     ] GC(152)   Post Evacuate Collection Set: 2.4ms
[2023-10-01T19:48:12.116+0000][11227.755s][info ][gc,phases     ] GC(152)   Other: 1.1ms
[2023-10-01T19:48:12.117+0000][11227.756s][info ][gc,heap       ] GC(152) Eden regions: 189->0(189)
[2023-10-01T19:48:12.117+0000][11227.756s][info ][gc,heap       ] GC(152) Survivor regions: 1->1(24)
[2023-10-01T19:48:12.118+0000][11227.757s][info ][gc,heap       ] GC(152) Old regions: 149->149
[2023-10-01T19:48:12.118+0000][11227.757s][info ][gc,heap       ] GC(152) Humongous regions: 0->0
[2023-10-01T19:48:12.119+0000][11227.757s][info ][gc,metaspace  ] GC(152) Metaspace: 177855K(195536K)->177855K(195536K) NonClass: 157925K(171728K)->157925K(171728K) Class: 19929K(23808K)->19929K(23808K)
[2023-10-01T19:48:12.119+0000][11227.758s][info ][gc            ] GC(152) Pause Young (Normal) (G1 Evacuation Pause) 337M->148M(384M) 16.654ms
[2023-10-01T19:48:12.120+0000][11227.759s][info ][gc,cpu        ] GC(152) User=0.08s Sys=0.00s Real=0.02s
[2023-10-01T19:48:12.120+0000][11227.759s][info ][safepoint     ] Leaving safepoint region
[2023-10-01T19:48:12.121+0000][11227.760s][info ][safepoint     ] Total time for which application threads were stopped: 0.0190539 seconds, Stopping threads took: 0.0005551 seconds
[2023-10-01T19:48:12.122+0000][11227.761s][info ][gc,stringdedup] Concurrent String Deduplication (11227.760s)
[2023-10-01T19:48:12.122+0000][11227.761s][info ][gc,stringdedup] Concurrent String Deduplication 392.0B->48.0B(344.0B) avg 54.4% (11227.760s, 11227.761s) 0.474ms
[2023-10-01T19:51:46.065+0000][11441.704s][debug][safepoint     ] Safepoint synchronization initiated. (176 threads)
[2023-10-01T19:51:46.066+0000][11441.705s][info ][safepoint     ] Application time: 213.9449752 seconds
[2023-10-01T19:51:46.067+0000][11441.706s][info ][safepoint     ] Entering safepoint region: G1CollectForAllocation
[2023-10-01T19:51:46.068+0000][11441.707s][info ][gc,start      ] GC(153) Pause Young (Normal) (G1 Evacuation Pause)
[2023-10-01T19:51:46.068+0000][11441.707s][info ][gc,task       ] GC(153) Using 8 workers of 8 for evacuation
[2023-10-01T19:51:46.085+0000][11441.724s][info ][gc,phases     ] GC(153)   Pre Evacuate Collection Set: 0.0ms
[2023-10-01T19:51:46.085+0000][11441.724s][info ][gc,phases     ] GC(153)   Evacuate Collection Set: 13.0ms
[2023-10-01T19:51:46.086+0000][11441.725s][info ][gc,phases     ] GC(153)   Post Evacuate Collection Set: 2.5ms
[2023-10-01T19:51:46.086+0000][11441.725s][info ][gc,phases     ] GC(153)   Other: 1.2ms
[2023-10-01T19:51:46.087+0000][11441.726s][info ][gc,heap       ] GC(153) Eden regions: 189->0(189)
[2023-10-01T19:51:46.087+0000][11441.726s][info ][gc,heap       ] GC(153) Survivor regions: 1->1(24)
[2023-10-01T19:51:46.088+0000][11441.727s][info ][gc,heap       ] GC(153) Old regions: 149->149
[2023-10-01T19:51:46.088+0000][11441.727s][info ][gc,heap       ] GC(153) Humongous regions: 0->0
[2023-10-01T19:51:46.089+0000][11441.728s][info ][gc,metaspace  ] GC(153) Metaspace: 177857K(195536K)->177857K(195536K) NonClass: 157928K(171728K)->157928K(171728K) Class: 19929K(23808K)->19929K(23808K)
[2023-10-01T19:51:46.089+0000][11441.728s][info ][gc            ] GC(153) Pause Young (Normal) (G1 Evacuation Pause) 337M->148M(384M) 21.525ms
[2023-10-01T19:51:46.090+0000][11441.729s][info ][gc,cpu        ] GC(153) User=0.11s Sys=0.00s Real=0.03s
[2023-10-01T19:51:46.090+0000][11441.729s][info ][safepoint     ] Leaving safepoint region
[2023-10-01T19:51:46.091+0000][11441.730s][info ][safepoint     ] Total time for which application threads were stopped: 0.0239445 seconds, Stopping threads took: 0.0006008 seconds
[2023-10-01T19:53:11.108+0000][11526.747s][debug][safepoint     ] Safepoint synchronization initiated. (176 threads)
[2023-10-01T19:53:11.109+0000][11526.748s][info ][safepoint     ] Application time: 85.0175800 seconds
[2023-10-01T19:53:11.110+0000][11526.749s][info ][safepoint     ] Entering safepoint region: Cleanup
[2023-10-01T19:53:11.111+0000][11526.750s][info ][safepoint     ] Leaving safepoint region
[2023-10-01T19:53:11.111+0000][11526.750s][info ][safepoint     ] Total time for which application threads were stopped: 0.0014990 seconds, Stopping threads took: 0.0006275 seconds
[2023-10-01T19:53:12.112+0000][11527.751s][debug][safepoint     ] Safepoint synchronization initiated. (176 threads)
[2023-10-01T19:53:12.113+0000][11527.752s][info ][safepoint     ] Application time: 1.0008949 seconds
[2023-10-01T19:53:12.113+0000][11527.752s][info ][safepoint     ] Entering safepoint region: Cleanup
[2023-10-01T19:53:12.114+0000][11527.753s][info ][safepoint     ] Leaving safepoint region
[2023-10-01T19:53:12.115+0000][11527.754s][info ][safepoint     ] Total time for which application threads were stopped: 0.0013604 seconds, Stopping threads took: 0.0006516 seconds
[2023-10-01T19:55:19.877+0000][11655.516s][debug][safepoint     ] Safepoint synchronization initiated. (176 threads)
[2023-10-01T19:55:19.878+0000][11655.516s][info ][safepoint     ] Application time: 127.7624052 seconds
[2023-10-01T19:55:19.878+0000][11655.517s][info ][safepoint     ] Entering safepoint region: G1CollectForAllocation
[2023-10-01T19:55:19.879+0000][11655.518s][info ][gc,start      ] GC(154) Pause Young (Concurrent Start) (G1 Evacuation Pause)
[2023-10-01T19:55:19.880+0000][11655.518s][info ][gc,task       ] GC(154) Using 8 workers of 8 for evacuation
[2023-10-01T19:55:19.886+0000][11655.525s][info ][gc,phases     ] GC(154)   Pre Evacuate Collection Set: 0.8ms
[2023-10-01T19:55:19.886+0000][11655.525s][info ][gc,phases     ] GC(154)   Evacuate Collection Set: 2.3ms
[2023-10-01T19:55:19.887+0000][11655.526s][info ][gc,phases     ] GC(154)   Post Evacuate Collection Set: 2.4ms
[2023-10-01T19:55:19.887+0000][11655.526s][info ][gc,phases     ] GC(154)   Other: 1.4ms
[2023-10-01T19:55:19.888+0000][11655.527s][info ][gc,heap       ] GC(154) Eden regions: 189->0(189)
[2023-10-01T19:55:19.888+0000][11655.527s][info ][gc,heap       ] GC(154) Survivor regions: 1->1(24)
[2023-10-01T19:55:19.889+0000][11655.528s][info ][gc,heap       ] GC(154) Old regions: 149->149
[2023-10-01T19:55:19.889+0000][11655.528s][info ][gc,heap       ] GC(154) Humongous regions: 0->0
[2023-10-01T19:55:19.890+0000][11655.528s][info ][gc,metaspace  ] GC(154) Metaspace: 177861K(195536K)->177861K(195536K) NonClass: 157932K(171728K)->157932K(171728K) Class: 19929K(23808K)->19929K(23808K)
[2023-10-01T19:55:19.890+0000][11655.529s][info ][gc            ] GC(154) Pause Young (Concurrent Start) (G1 Evacuation Pause) 337M->148M(384M) 11.328ms
[2023-10-01T19:55:19.891+0000][11655.530s][info ][gc,cpu        ] GC(154) User=0.02s Sys=0.00s Real=0.01s
[2023-10-01T19:55:19.891+0000][11655.530s][info ][safepoint     ] Leaving safepoint region
[2023-10-01T19:55:19.892+0000][11655.531s][info ][safepoint     ] Total time for which application threads were stopped: 0.0136606 seconds, Stopping threads took: 0.0004863 seconds
[2023-10-01T19:55:19.892+0000][11655.530s][info ][gc            ] GC(155) Concurrent Cycle
[2023-10-01T19:55:19.893+0000][11655.532s][info ][gc,marking    ] GC(155) Concurrent Clear Claimed Marks
[2023-10-01T19:55:19.892+0000][11655.531s][info ][gc,stringdedup] Concurrent String Deduplication (11655.531s)
[2023-10-01T19:55:19.894+0000][11655.532s][info ][gc,stringdedup] Concurrent String Deduplication 24.0B->0.0B(24.0B) avg 54.4% (11655.531s, 11655.532s) 1.312ms
[2023-10-01T19:55:19.894+0000][11655.533s][info ][gc,marking    ] GC(155) Concurrent Clear Claimed Marks 1.369ms
[2023-10-01T19:55:19.895+0000][11655.533s][info ][gc,marking    ] GC(155) Concurrent Scan Root Regions
[2023-10-01T19:55:19.897+0000][11655.536s][info ][gc,marking    ] GC(155) Concurrent Scan Root Regions 2.566ms
[2023-10-01T19:55:19.898+0000][11655.536s][info ][gc,marking    ] GC(155) Concurrent Mark (11655.536s)
[2023-10-01T19:55:19.898+0000][11655.537s][info ][gc,marking    ] GC(155) Concurrent Mark From Roots
[2023-10-01T19:55:19.899+0000][11655.537s][info ][gc,task       ] GC(155) Using 2 workers of 2 for marking
[2023-10-01T19:55:20.020+0000][11655.659s][info ][gc,marking    ] GC(155) Concurrent Mark From Roots 122.051ms
[2023-10-01T19:55:20.021+0000][11655.659s][info ][gc,marking    ] GC(155) Concurrent Preclean
[2023-10-01T19:55:20.022+0000][11655.660s][info ][gc,marking    ] GC(155) Concurrent Preclean 0.823ms
[2023-10-01T19:55:20.022+0000][11655.661s][info ][gc,marking    ] GC(155) Concurrent Mark (11655.536s, 11655.661s) 124.463ms
[2023-10-01T19:55:20.023+0000][11655.662s][debug][safepoint     ] Safepoint synchronization initiated. (176 threads)
[2023-10-01T19:55:20.023+0000][11655.662s][info ][safepoint     ] Application time: 0.1309231 seconds
[2023-10-01T19:55:20.024+0000][11655.662s][info ][safepoint     ] Entering safepoint region: CGC_Operation
[2023-10-01T19:55:20.024+0000][11655.663s][info ][gc,start      ] GC(155) Pause Remark
[2023-10-01T19:55:20.055+0000][11655.693s][info ][gc,stringtable] GC(155) Cleaned string and symbol table, strings: 73227 processed, 0 removed, symbols: 413348 processed, 0 removed
[2023-10-01T19:55:20.056+0000][11655.695s][info ][gc            ] GC(155) Pause Remark 152M->152M(384M) 31.400ms
[2023-10-01T19:55:20.056+0000][11655.695s][info ][gc,cpu        ] GC(155) User=0.21s Sys=0.00s Real=0.03s
[2023-10-01T19:55:20.057+0000][11655.695s][info ][safepoint     ] Leaving safepoint region
[2023-10-01T19:55:20.057+0000][11655.696s][info ][safepoint     ] Total time for which application threads were stopped: 0.0335418 seconds, Stopping threads took: 0.0004914 seconds
[2023-10-01T19:55:20.058+0000][11655.696s][info ][gc,marking    ] GC(155) Concurrent Rebuild Remembered Sets
[2023-10-01T19:55:20.159+0000][11655.798s][info ][gc,marking    ] GC(155) Concurrent Rebuild Remembered Sets 101.728ms
[2023-10-01T19:55:20.160+0000][11655.799s][debug][safepoint     ] Safepoint synchronization initiated. (176 threads)
[2023-10-01T19:55:20.161+0000][11655.799s][info ][safepoint     ] Application time: 0.1030579 seconds
[2023-10-01T19:55:20.161+0000][11655.800s][info ][safepoint     ] Entering safepoint region: CGC_Operation
[2023-10-01T19:55:20.162+0000][11655.801s][info ][gc,start      ] GC(155) Pause Cleanup
[2023-10-01T19:55:20.163+0000][11655.801s][info ][gc            ] GC(155) Pause Cleanup 152M->152M(384M) 0.855ms
[2023-10-01T19:55:20.163+0000][11655.802s][info ][gc,cpu        ] GC(155) User=0.00s Sys=0.00s Real=0.00s
[2023-10-01T19:55:20.164+0000][11655.802s][info ][safepoint     ] Leaving safepoint region
[2023-10-01T19:55:20.164+0000][11655.803s][info ][safepoint     ] Total time for which application threads were stopped: 0.0032674 seconds, Stopping threads took: 0.0004939 seconds
[2023-10-01T19:55:20.165+0000][11655.804s][info ][gc,marking    ] GC(155) Concurrent Cleanup for Next Mark
[2023-10-01T19:55:20.166+0000][11655.805s][info ][gc,marking    ] GC(155) Concurrent Cleanup for Next Mark 1.110ms
[2023-10-01T19:55:20.167+0000][11655.805s][info ][gc            ] GC(155) Concurrent Cycle 275.090ms
[2023-10-01T19:58:54.104+0000][11869.742s][debug][safepoint     ] Safepoint synchronization initiated. (176 threads)
[2023-10-01T19:58:54.105+0000][11869.743s][info ][safepoint     ] Application time: 213.9394222 seconds
[2023-10-01T19:58:54.105+0000][11869.743s][info ][safepoint     ] Entering safepoint region: G1CollectForAllocation
[2023-10-01T19:58:54.106+0000][11869.744s][info ][gc,start      ] GC(156) Pause Young (Prepare Mixed) (G1 Evacuation Pause)
[2023-10-01T19:58:54.106+0000][11869.745s][info ][gc,task       ] GC(156) Using 8 workers of 8 for evacuation
[2023-10-01T19:58:54.120+0000][11869.759s][info ][gc,phases     ] GC(156)   Pre Evacuate Collection Set: 0.0ms
[2023-10-01T19:58:54.121+0000][11869.759s][info ][gc,phases     ] GC(156)   Evacuate Collection Set: 10.1ms
[2023-10-01T19:58:54.121+0000][11869.760s][info ][gc,phases     ] GC(156)   Post Evacuate Collection Set: 3.0ms
[2023-10-01T19:58:54.122+0000][11869.760s][info ][gc,phases     ] GC(156)   Other: 1.3ms
[2023-10-01T19:58:54.122+0000][11869.761s][info ][gc,heap       ] GC(156) Eden regions: 189->0(18)
[2023-10-01T19:58:54.123+0000][11869.761s][info ][gc,heap       ] GC(156) Survivor regions: 1->1(24)
[2023-10-01T19:58:54.124+0000][11869.762s][info ][gc,heap       ] GC(156) Old regions: 149->149
[2023-10-01T19:58:54.124+0000][11869.763s][info ][gc,heap       ] GC(156) Humongous regions: 0->0
[2023-10-01T19:58:54.125+0000][11869.763s][info ][gc,metaspace  ] GC(156) Metaspace: 177861K(195536K)->177861K(195536K) NonClass: 157932K(171728K)->157932K(171728K) Class: 19929K(23808K)->19929K(23808K)
[2023-10-01T19:58:54.125+0000][11869.764s][info ][gc            ] GC(156) Pause Young (Prepare Mixed) (G1 Evacuation Pause) 337M->148M(384M) 19.410ms
[2023-10-01T19:58:54.126+0000][11869.764s][info ][gc,cpu        ] GC(156) User=0.10s Sys=0.00s Real=0.02s
[2023-10-01T19:58:54.126+0000][11869.765s][info ][safepoint     ] Leaving safepoint region
[2023-10-01T19:58:54.127+0000][11869.765s][info ][safepoint     ] Total time for which application threads were stopped: 0.0218827 seconds, Stopping threads took: 0.0005561 seconds
[2023-10-01T19:58:54.128+0000][11869.766s][info ][gc,stringdedup] Concurrent String Deduplication (11869.766s)
[2023-10-01T19:58:54.128+0000][11869.766s][info ][gc,stringdedup] Concurrent String Deduplication 344.0B->288.0B(56.0B) avg 54.4% (11869.766s, 11869.766s) 0.450ms
[2023-10-01T19:59:13.084+0000][11888.723s][debug][safepoint     ] Safepoint synchronization initiated. (176 threads)
[2023-10-01T19:59:13.085+0000][11888.723s][info ][safepoint     ] Application time: 18.9574559 seconds
[2023-10-01T19:59:13.085+0000][11888.724s][info ][safepoint     ] Entering safepoint region: G1CollectForAllocation
[2023-10-01T19:59:13.087+0000][11888.725s][info ][gc,start      ] GC(157) Pause Young (Mixed) (G1 Evacuation Pause)
[2023-10-01T19:59:13.087+0000][11888.726s][info ][gc,task       ] GC(157) Using 8 workers of 8 for evacuation
[2023-10-01T19:59:13.100+0000][11888.739s][info ][gc,phases     ] GC(157)   Pre Evacuate Collection Set: 0.0ms
[2023-10-01T19:59:13.101+0000][11888.739s][info ][gc,phases     ] GC(157)   Evacuate Collection Set: 9.5ms
[2023-10-01T19:59:13.101+0000][11888.740s][info ][gc,phases     ] GC(157)   Post Evacuate Collection Set: 2.6ms
[2023-10-01T19:59:13.102+0000][11888.740s][info ][gc,phases     ] GC(157)   Other: 1.4ms
[2023-10-01T19:59:13.102+0000][11888.741s][info ][gc,heap       ] GC(157) Eden regions: 18->0(189)
[2023-10-01T19:59:13.103+0000][11888.741s][info ][gc,heap       ] GC(157) Survivor regions: 1->1(3)
[2023-10-01T19:59:13.103+0000][11888.742s][info ][gc,heap       ] GC(157) Old regions: 149->149
[2023-10-01T19:59:13.104+0000][11888.742s][info ][gc,heap       ] GC(157) Humongous regions: 0->0
[2023-10-01T19:59:13.104+0000][11888.743s][info ][gc,metaspace  ] GC(157) Metaspace: 177862K(195536K)->177862K(195536K) NonClass: 157933K(171728K)->157933K(171728K) Class: 19929K(23808K)->19929K(23808K)
[2023-10-01T19:59:13.105+0000][11888.743s][info ][gc            ] GC(157) Pause Young (Mixed) (G1 Evacuation Pause) 166M->148M(384M) 18.497ms
[2023-10-01T19:59:13.105+0000][11888.744s][info ][gc,cpu        ] GC(157) User=0.08s Sys=0.00s Real=0.02s
[2023-10-01T19:59:13.106+0000][11888.744s][info ][safepoint     ] Leaving safepoint region
[2023-10-01T19:59:13.107+0000][11888.745s][info ][safepoint     ] Total time for which application threads were stopped: 0.0211377 seconds, Stopping threads took: 0.0008431 seconds
[2023-10-01T19:59:13.107+0000][11888.746s][info ][gc,stringdedup] Concurrent String Deduplication (11888.746s)
[2023-10-01T19:59:13.108+0000][11888.746s][info ][gc,stringdedup] Concurrent String Deduplication 0.0B->0.0B(0.0B) avg 54.4% (11888.746s, 11888.746s) 0.403ms
[2023-10-01T19:59:24.110+0000][11899.748s][debug][safepoint     ] Safepoint synchronization initiated. (177 threads)
[2023-10-01T19:59:24.110+0000][11899.749s][info ][safepoint     ] Application time: 11.0030380 seconds
[2023-10-01T19:59:24.111+0000][11899.749s][info ][safepoint     ] Entering safepoint region: Cleanup
[2023-10-01T19:59:24.112+0000][11899.750s][info ][safepoint     ] Leaving safepoint region
[2023-10-01T19:59:24.112+0000][11899.750s][info ][safepoint     ] Total time for which application threads were stopped: 0.0013466 seconds, Stopping threads took: 0.0006119 seconds
[2023-10-01T19:59:25.113+0000][11900.751s][debug][safepoint     ] Safepoint synchronization initiated. (177 threads)
[2023-10-01T19:59:25.114+0000][11900.752s][info ][safepoint     ] Application time: 1.0008671 seconds
[2023-10-01T19:59:25.114+0000][11900.752s][info ][safepoint     ] Entering safepoint region: Cleanup
[2023-10-01T19:59:25.115+0000][11900.753s][info ][safepoint     ] Leaving safepoint region
[2023-10-01T19:59:25.115+0000][11900.754s][info ][safepoint     ] Total time for which application threads were stopped: 0.0013372 seconds, Stopping threads took: 0.0005331 seconds
[2023-10-01T19:59:43.119+0000][11918.757s][debug][safepoint     ] Safepoint synchronization initiated. (177 threads)
[2023-10-01T19:59:43.120+0000][11918.758s][info ][safepoint     ] Application time: 18.0038081 seconds
[2023-10-01T19:59:43.120+0000][11918.759s][info ][safepoint     ] Entering safepoint region: Cleanup
[2023-10-01T19:59:43.121+0000][11918.759s][info ][safepoint     ] Leaving safepoint region
[2023-10-01T19:59:43.122+0000][11918.760s][info ][safepoint     ] Total time for which application threads were stopped: 0.0013267 seconds, Stopping threads took: 0.0005720 seconds
[2023-10-01T20:01:14.137+0000][12009.777s][debug][safepoint     ] Safepoint synchronization initiated. (176 threads)
[2023-10-01T20:01:14.138+0000][12009.778s][info ][safepoint     ] Application time: 91.0172014 seconds
[2023-10-01T20:01:14.139+0000][12009.778s][info ][safepoint     ] Entering safepoint region: Cleanup
[2023-10-01T20:01:14.139+0000][12009.779s][info ][safepoint     ] Leaving safepoint region
[2023-10-01T20:01:14.140+0000][12009.779s][info ][safepoint     ] Total time for which application threads were stopped: 0.0011571 seconds, Stopping threads took: 0.0004720 seconds
[2023-10-01T20:02:47.001+0000][12102.640s][debug][safepoint     ] Safepoint synchronization initiated. (176 threads)
[2023-10-01T20:02:47.001+0000][12102.641s][info ][safepoint     ] Application time: 92.8609526 seconds
[2023-10-01T20:02:47.002+0000][12102.641s][info ][safepoint     ] Entering safepoint region: G1CollectForAllocation
[2023-10-01T20:02:47.003+0000][12102.643s][info ][gc,start      ] GC(158) Pause Young (Normal) (G1 Evacuation Pause)
[2023-10-01T20:02:47.004+0000][12102.643s][info ][gc,task       ] GC(158) Using 8 workers of 8 for evacuation
[2023-10-01T20:02:47.018+0000][12102.657s][info ][gc,phases     ] GC(158)   Pre Evacuate Collection Set: 0.0ms
[2023-10-01T20:02:47.019+0000][12102.658s][info ][gc,phases     ] GC(158)   Evacuate Collection Set: 10.2ms
[2023-10-01T20:02:47.019+0000][12102.658s][info ][gc,phases     ] GC(158)   Post Evacuate Collection Set: 3.4ms
[2023-10-01T20:02:47.020+0000][12102.659s][info ][gc,phases     ] GC(158)   Other: 1.3ms
[2023-10-01T20:02:47.020+0000][12102.660s][info ][gc,heap       ] GC(158) Eden regions: 189->0(189)
[2023-10-01T20:02:47.021+0000][12102.660s][info ][gc,heap       ] GC(158) Survivor regions: 1->1(24)
[2023-10-01T20:02:47.021+0000][12102.661s][info ][gc,heap       ] GC(158) Old regions: 149->149
[2023-10-01T20:02:47.022+0000][12102.661s][info ][gc,heap       ] GC(158) Humongous regions: 0->0
[2023-10-01T20:02:47.022+0000][12102.662s][info ][gc,metaspace  ] GC(158) Metaspace: 177862K(195536K)->177862K(195536K) NonClass: 157933K(171728K)->157933K(171728K) Class: 19929K(23808K)->19929K(23808K)
[2023-10-01T20:02:47.023+0000][12102.662s][info ][gc            ] GC(158) Pause Young (Normal) (G1 Evacuation Pause) 337M->148M(384M) 19.701ms
[2023-10-01T20:02:47.024+0000][12102.663s][info ][gc,cpu        ] GC(158) User=0.10s Sys=0.00s Real=0.02s
[2023-10-01T20:02:47.024+0000][12102.663s][info ][safepoint     ] Leaving safepoint region
[2023-10-01T20:02:47.025+0000][12102.664s][info ][safepoint     ] Total time for which application threads were stopped: 0.0226538 seconds, Stopping threads took: 0.0007082 seconds
[2023-10-01T20:02:47.025+0000][12102.665s][info ][gc,stringdedup] Concurrent String Deduplication (12102.665s)
[2023-10-01T20:02:47.026+0000][12102.665s][info ][gc,stringdedup] Concurrent String Deduplication 40.0B->40.0B(0.0B) avg 54.4% (12102.665s, 12102.665s) 0.468ms
[2023-10-01T20:04:11.040+0000][12186.680s][debug][safepoint     ] Safepoint synchronization initiated. (176 threads)
[2023-10-01T20:04:11.041+0000][12186.680s][info ][safepoint     ] Application time: 84.0158943 seconds
[2023-10-01T20:04:11.042+0000][12186.681s][info ][safepoint     ] Entering safepoint region: Cleanup
[2023-10-01T20:04:11.043+0000][12186.682s][info ][safepoint     ] Leaving safepoint region
[2023-10-01T20:04:11.043+0000][12186.683s][info ][safepoint     ] Total time for which application threads were stopped: 0.0012800 seconds, Stopping threads took: 0.0005924 seconds
[2023-10-01T20:06:12.066+0000][12307.706s][debug][safepoint     ] Safepoint synchronization initiated. (176 threads)
[2023-10-01T20:06:12.067+0000][12307.706s][info ][safepoint     ] Application time: 121.0232765 seconds
[2023-10-01T20:06:12.067+0000][12307.707s][info ][safepoint     ] Entering safepoint region: Cleanup
[2023-10-01T20:06:12.068+0000][12307.708s][info ][safepoint     ] Leaving safepoint region
[2023-10-01T20:06:12.069+0000][12307.708s][info ][safepoint     ] Total time for which application threads were stopped: 0.0016630 seconds, Stopping threads took: 0.0009423 seconds
[2023-10-01T20:06:20.849+0000][12316.489s][debug][safepoint     ] Safepoint synchronization initiated. (176 threads)
[2023-10-01T20:06:20.850+0000][12316.489s][info ][safepoint     ] Application time: 8.7802597 seconds
[2023-10-01T20:06:20.850+0000][12316.490s][info ][safepoint     ] Entering safepoint region: G1CollectForAllocation
[2023-10-01T20:06:20.851+0000][12316.491s][info ][gc,start      ] GC(159) Pause Young (Normal) (G1 Evacuation Pause)
[2023-10-01T20:06:20.852+0000][12316.491s][info ][gc,task       ] GC(159) Using 8 workers of 8 for evacuation
[2023-10-01T20:06:20.857+0000][12316.496s][info ][gc,phases     ] GC(159)   Pre Evacuate Collection Set: 0.0ms
[2023-10-01T20:06:20.857+0000][12316.497s][info ][gc,phases     ] GC(159)   Evacuate Collection Set: 2.0ms
[2023-10-01T20:06:20.858+0000][12316.497s][info ][gc,phases     ] GC(159)   Post Evacuate Collection Set: 2.4ms
[2023-10-01T20:06:20.858+0000][12316.498s][info ][gc,phases     ] GC(159)   Other: 1.2ms
[2023-10-01T20:06:20.859+0000][12316.498s][info ][gc,heap       ] GC(159) Eden regions: 189->0(189)
[2023-10-01T20:06:20.859+0000][12316.499s][info ][gc,heap       ] GC(159) Survivor regions: 1->1(24)
[2023-10-01T20:06:20.860+0000][12316.499s][info ][gc,heap       ] GC(159) Old regions: 149->149
[2023-10-01T20:06:20.860+0000][12316.500s][info ][gc,heap       ] GC(159) Humongous regions: 0->0
[2023-10-01T20:06:20.861+0000][12316.500s][info ][gc,metaspace  ] GC(159) Metaspace: 177866K(195536K)->177866K(195536K) NonClass: 157937K(171728K)->157937K(171728K) Class: 19929K(23808K)->19929K(23808K)
[2023-10-01T20:06:20.861+0000][12316.501s][info ][gc            ] GC(159) Pause Young (Normal) (G1 Evacuation Pause) 337M->148M(384M) 10.367ms
[2023-10-01T20:06:20.862+0000][12316.502s][info ][gc,cpu        ] GC(159) User=0.02s Sys=0.00s Real=0.01s
[2023-10-01T20:06:20.862+0000][12316.502s][info ][safepoint     ] Leaving safepoint region
[2023-10-01T20:06:20.863+0000][12316.502s][info ][safepoint     ] Total time for which application threads were stopped: 0.0126916 seconds, Stopping threads took: 0.0005350 seconds
[2023-10-01T20:08:12.884+0000][12428.523s][debug][safepoint     ] Safepoint synchronization initiated. (177 threads)
[2023-10-01T20:08:12.884+0000][12428.524s][info ][safepoint     ] Application time: 112.0209168 seconds
[2023-10-01T20:08:12.885+0000][12428.524s][info ][safepoint     ] Entering safepoint region: Cleanup
[2023-10-01T20:08:12.886+0000][12428.525s][info ][safepoint     ] Leaving safepoint region
[2023-10-01T20:08:12.886+0000][12428.526s][info ][safepoint     ] Total time for which application threads were stopped: 0.0012057 seconds, Stopping threads took: 0.0005033 seconds
[2023-10-01T20:09:53.263+0000][12528.903s][debug][safepoint     ] Safepoint synchronization initiated. (175 threads)
[2023-10-01T20:09:53.264+0000][12528.904s][info ][safepoint     ] Application time: 100.3776924 seconds
[2023-10-01T20:09:53.265+0000][12528.904s][info ][safepoint     ] Entering safepoint region: G1CollectForAllocation
[2023-10-01T20:09:53.265+0000][12528.905s][info ][gc,start      ] GC(160) Pause Young (Concurrent Start) (G1 Evacuation Pause)
[2023-10-01T20:09:53.266+0000][12528.906s][info ][gc,task       ] GC(160) Using 8 workers of 8 for evacuation
[2023-10-01T20:09:53.283+0000][12528.922s][info ][gc,phases     ] GC(160)   Pre Evacuate Collection Set: 0.7ms
[2023-10-01T20:09:53.283+0000][12528.923s][info ][gc,phases     ] GC(160)   Evacuate Collection Set: 10.8ms
[2023-10-01T20:09:53.284+0000][12528.924s][info ][gc,phases     ] GC(160)   Post Evacuate Collection Set: 4.7ms
[2023-10-01T20:09:53.285+0000][12528.924s][info ][gc,phases     ] GC(160)   Other: 1.2ms
[2023-10-01T20:09:53.285+0000][12528.925s][info ][gc,heap       ] GC(160) Eden regions: 189->0(189)
[2023-10-01T20:09:53.286+0000][12528.926s][info ][gc,heap       ] GC(160) Survivor regions: 1->1(24)
[2023-10-01T20:09:53.286+0000][12528.926s][info ][gc,heap       ] GC(160) Old regions: 149->150
[2023-10-01T20:09:53.287+0000][12528.927s][info ][gc,heap       ] GC(160) Humongous regions: 0->0
[2023-10-01T20:09:53.288+0000][12528.927s][info ][gc,metaspace  ] GC(160) Metaspace: 177877K(195536K)->177877K(195536K) NonClass: 157947K(171728K)->157947K(171728K) Class: 19929K(23808K)->19929K(23808K)
[2023-10-01T20:09:53.288+0000][12528.928s][info ][gc            ] GC(160) Pause Young (Concurrent Start) (G1 Evacuation Pause) 337M->148M(384M) 22.896ms
[2023-10-01T20:09:53.289+0000][12528.929s][info ][gc,cpu        ] GC(160) User=0.10s Sys=0.00s Real=0.03s
[2023-10-01T20:09:53.289+0000][12528.929s][info ][safepoint     ] Leaving safepoint region
[2023-10-01T20:09:53.290+0000][12528.930s][info ][safepoint     ] Total time for which application threads were stopped: 0.0255680 seconds, Stopping threads took: 0.0005469 seconds
[2023-10-01T20:09:53.289+0000][12528.929s][info ][gc            ] GC(161) Concurrent Cycle
[2023-10-01T20:09:53.291+0000][12528.931s][info ][gc,marking    ] GC(161) Concurrent Clear Claimed Marks
[2023-10-01T20:09:53.291+0000][12528.930s][info ][gc,stringdedup] Concurrent String Deduplication (12528.930s)
[2023-10-01T20:09:53.292+0000][12528.932s][info ][gc,stringdedup] Concurrent String Deduplication 832.0B->24.0B(808.0B) avg 54.4% (12528.930s, 12528.932s) 1.460ms
[2023-10-01T20:09:53.292+0000][12528.932s][info ][gc,marking    ] GC(161) Concurrent Clear Claimed Marks 1.340ms
[2023-10-01T20:09:53.293+0000][12528.933s][info ][gc,marking    ] GC(161) Concurrent Scan Root Regions
[2023-10-01T20:09:53.295+0000][12528.935s][info ][gc,marking    ] GC(161) Concurrent Scan Root Regions 2.168ms
[2023-10-01T20:09:53.296+0000][12528.935s][info ][gc,marking    ] GC(161) Concurrent Mark (12528.935s)
[2023-10-01T20:09:53.296+0000][12528.936s][info ][gc,marking    ] GC(161) Concurrent Mark From Roots
[2023-10-01T20:09:53.296+0000][12528.936s][info ][gc,task       ] GC(161) Using 2 workers of 2 for marking
[2023-10-01T20:09:53.430+0000][12529.069s][info ][gc,marking    ] GC(161) Concurrent Mark From Roots 133.550ms
[2023-10-01T20:09:53.430+0000][12529.070s][info ][gc,marking    ] GC(161) Concurrent Preclean
[2023-10-01T20:09:53.431+0000][12529.071s][info ][gc,marking    ] GC(161) Concurrent Preclean 0.795ms
[2023-10-01T20:09:53.432+0000][12529.071s][info ][gc,marking    ] GC(161) Concurrent Mark (12528.935s, 12529.071s) 136.031ms
[2023-10-01T20:09:53.432+0000][12529.072s][debug][safepoint     ] Safepoint synchronization initiated. (175 threads)
[2023-10-01T20:09:53.433+0000][12529.073s][info ][safepoint     ] Application time: 0.1423287 seconds
[2023-10-01T20:09:53.434+0000][12529.073s][info ][safepoint     ] Entering safepoint region: CGC_Operation
[2023-10-01T20:09:53.434+0000][12529.074s][info ][gc,start      ] GC(161) Pause Remark
[2023-10-01T20:09:53.456+0000][12529.096s][info ][gc,stringtable] GC(161) Cleaned string and symbol table, strings: 73255 processed, 0 removed, symbols: 413348 processed, 0 removed
[2023-10-01T20:09:53.457+0000][12529.097s][info ][gc            ] GC(161) Pause Remark 152M->152M(384M) 23.122ms
[2023-10-01T20:09:53.458+0000][12529.098s][info ][gc,cpu        ] GC(161) User=0.15s Sys=0.00s Real=0.03s
[2023-10-01T20:09:53.459+0000][12529.098s][info ][safepoint     ] Leaving safepoint region
[2023-10-01T20:09:53.459+0000][12529.099s][info ][safepoint     ] Total time for which application threads were stopped: 0.0257377 seconds, Stopping threads took: 0.0005530 seconds
[2023-10-01T20:09:53.460+0000][12529.100s][info ][gc,marking    ] GC(161) Concurrent Rebuild Remembered Sets
[2023-10-01T20:09:53.569+0000][12529.209s][info ][gc,marking    ] GC(161) Concurrent Rebuild Remembered Sets 109.187ms
[2023-10-01T20:09:53.570+0000][12529.209s][debug][safepoint     ] Safepoint synchronization initiated. (175 threads)
[2023-10-01T20:09:53.570+0000][12529.210s][info ][safepoint     ] Application time: 0.1103342 seconds
[2023-10-01T20:09:53.571+0000][12529.210s][info ][safepoint     ] Entering safepoint region: CGC_Operation
[2023-10-01T20:09:53.571+0000][12529.211s][info ][gc,start      ] GC(161) Pause Cleanup
[2023-10-01T20:09:53.572+0000][12529.212s][info ][gc            ] GC(161) Pause Cleanup 152M->152M(384M) 0.865ms
[2023-10-01T20:09:53.573+0000][12529.212s][info ][gc,cpu        ] GC(161) User=0.00s Sys=0.00s Real=0.00s
[2023-10-01T20:09:53.573+0000][12529.213s][info ][safepoint     ] Leaving safepoint region
[2023-10-01T20:09:53.574+0000][12529.213s][info ][safepoint     ] Total time for which application threads were stopped: 0.0032224 seconds, Stopping threads took: 0.0004299 seconds
[2023-10-01T20:09:53.574+0000][12529.214s][info ][gc,marking    ] GC(161) Concurrent Cleanup for Next Mark
[2023-10-01T20:09:53.575+0000][12529.215s][info ][gc,marking    ] GC(161) Concurrent Cleanup for Next Mark 0.886ms
[2023-10-01T20:09:53.575+0000][12529.215s][info ][gc            ] GC(161) Concurrent Cycle 285.911ms
[2023-10-01T20:10:12.577+0000][12548.217s][debug][safepoint     ] Safepoint synchronization initiated. (177 threads)
[2023-10-01T20:10:12.578+0000][12548.218s][info ][safepoint     ] Application time: 19.0040076 seconds
[2023-10-01T20:10:12.579+0000][12548.218s][info ][safepoint     ] Entering safepoint region: Cleanup
[2023-10-01T20:10:12.579+0000][12548.219s][info ][safepoint     ] Leaving safepoint region
[2023-10-01T20:10:12.580+0000][12548.220s][info ][safepoint     ] Total time for which application threads were stopped: 0.0012680 seconds, Stopping threads took: 0.0005491 seconds
[2023-10-01T20:12:12.603+0000][12668.242s][debug][safepoint     ] Safepoint synchronization initiated. (176 threads)
[2023-10-01T20:12:12.604+0000][12668.243s][info ][safepoint     ] Application time: 120.0231300 seconds
[2023-10-01T20:12:12.604+0000][12668.244s][info ][safepoint     ] Entering safepoint region: Cleanup
[2023-10-01T20:12:12.605+0000][12668.245s][info ][safepoint     ] Leaving safepoint region
[2023-10-01T20:12:12.605+0000][12668.245s][info ][safepoint     ] Total time for which application threads were stopped: 0.0013442 seconds, Stopping threads took: 0.0006620 seconds
[2023-10-01T20:12:33.610+0000][12689.250s][debug][safepoint     ] Safepoint synchronization initiated. (176 threads)
[2023-10-01T20:12:33.611+0000][12689.251s][info ][safepoint     ] Application time: 21.0048436 seconds
[2023-10-01T20:12:33.611+0000][12689.251s][info ][safepoint     ] Entering safepoint region: Cleanup
[2023-10-01T20:12:33.612+0000][12689.252s][info ][safepoint     ] Leaving safepoint region
[2023-10-01T20:12:33.612+0000][12689.252s][info ][safepoint     ] Total time for which application threads were stopped: 0.0013119 seconds, Stopping threads took: 0.0005587 seconds
[2023-10-01T20:13:04.618+0000][12720.258s][debug][safepoint     ] Safepoint synchronization initiated. (176 threads)
[2023-10-01T20:13:04.619+0000][12720.259s][info ][safepoint     ] Application time: 31.0062089 seconds
[2023-10-01T20:13:04.620+0000][12720.259s][info ][safepoint     ] Entering safepoint region: Cleanup
[2023-10-01T20:13:04.620+0000][12720.260s][info ][safepoint     ] Leaving safepoint region
[2023-10-01T20:13:04.621+0000][12720.261s][info ][safepoint     ] Total time for which application threads were stopped: 0.0011306 seconds, Stopping threads took: 0.0005018 seconds
[2023-10-01T20:13:27.053+0000][12742.693s][debug][safepoint     ] Safepoint synchronization initiated. (176 threads)
[2023-10-01T20:13:27.054+0000][12742.694s][info ][safepoint     ] Application time: 22.4329174 seconds
[2023-10-01T20:13:27.055+0000][12742.694s][info ][safepoint     ] Entering safepoint region: G1CollectForAllocation
[2023-10-01T20:13:27.055+0000][12742.695s][info ][gc,start      ] GC(162) Pause Young (Normal) (G1 Evacuation Pause)
[2023-10-01T20:13:27.056+0000][12742.696s][info ][gc,task       ] GC(162) Using 8 workers of 8 for evacuation
[2023-10-01T20:13:27.069+0000][12742.709s][info ][gc,phases     ] GC(162)   Pre Evacuate Collection Set: 0.0ms
[2023-10-01T20:13:27.069+0000][12742.709s][info ][gc,phases     ] GC(162)   Evacuate Collection Set: 9.5ms
[2023-10-01T20:13:27.070+0000][12742.710s][info ][gc,phases     ] GC(162)   Post Evacuate Collection Set: 2.8ms
[2023-10-01T20:13:27.071+0000][12742.710s][info ][gc,phases     ] GC(162)   Other: 1.1ms
[2023-10-01T20:13:27.071+0000][12742.711s][info ][gc,heap       ] GC(162) Eden regions: 189->0(189)
[2023-10-01T20:13:27.072+0000][12742.712s][info ][gc,heap       ] GC(162) Survivor regions: 1->2(24)
[2023-10-01T20:13:27.072+0000][12742.712s][info ][gc,heap       ] GC(162) Old regions: 150->150
[2023-10-01T20:13:27.073+0000][12742.713s][info ][gc,heap       ] GC(162) Humongous regions: 0->0
[2023-10-01T20:13:27.073+0000][12742.713s][info ][gc,metaspace  ] GC(162) Metaspace: 177881K(195536K)->177881K(195536K) NonClass: 157952K(171728K)->157952K(171728K) Class: 19929K(23808K)->19929K(23808K)
[2023-10-01T20:13:27.074+0000][12742.714s][info ][gc            ] GC(162) Pause Young (Normal) (G1 Evacuation Pause) 337M->149M(384M) 18.701ms
[2023-10-01T20:13:27.075+0000][12742.714s][info ][gc,cpu        ] GC(162) User=0.08s Sys=0.00s Real=0.02s
[2023-10-01T20:13:27.075+0000][12742.715s][info ][safepoint     ] Leaving safepoint region
[2023-10-01T20:13:27.076+0000][12742.715s][info ][safepoint     ] Total time for which application threads were stopped: 0.0210428 seconds, Stopping threads took: 0.0004651 seconds
[2023-10-01T20:13:27.076+0000][12742.716s][info ][gc,stringdedup] Concurrent String Deduplication (12742.716s)
[2023-10-01T20:13:27.077+0000][12742.717s][info ][gc,stringdedup] Concurrent String Deduplication 216.0B->216.0B(0.0B) avg 54.4% (12742.716s, 12742.717s) 0.916ms
[2023-10-01T20:15:15.097+0000][12850.737s][debug][safepoint     ] Safepoint synchronization initiated. (176 threads)
[2023-10-01T20:15:15.098+0000][12850.737s][info ][safepoint     ] Application time: 108.0213728 seconds
[2023-10-01T20:15:15.098+0000][12850.738s][info ][safepoint     ] Entering safepoint region: Cleanup
[2023-10-01T20:15:15.099+0000][12850.739s][info ][safepoint     ] Leaving safepoint region
[2023-10-01T20:15:15.100+0000][12850.739s][info ][safepoint     ] Total time for which application threads were stopped: 0.0014013 seconds, Stopping threads took: 0.0005611 seconds
[2023-10-01T20:17:01.351+0000][12956.991s][debug][safepoint     ] Safepoint synchronization initiated. (176 threads)
[2023-10-01T20:17:01.351+0000][12956.991s][info ][safepoint     ] Application time: 106.2516469 seconds
[2023-10-01T20:17:01.352+0000][12956.992s][info ][safepoint     ] Entering safepoint region: G1CollectForAllocation
[2023-10-01T20:17:01.353+0000][12956.993s][info ][gc,start      ] GC(163) Pause Young (Concurrent Start) (G1 Evacuation Pause)
[2023-10-01T20:17:01.353+0000][12956.993s][info ][gc,task       ] GC(163) Using 8 workers of 8 for evacuation
[2023-10-01T20:17:01.365+0000][12957.005s][info ][gc,phases     ] GC(163)   Pre Evacuate Collection Set: 0.7ms
[2023-10-01T20:17:01.366+0000][12957.006s][info ][gc,phases     ] GC(163)   Evacuate Collection Set: 8.0ms
[2023-10-01T20:17:01.367+0000][12957.007s][info ][gc,phases     ] GC(163)   Post Evacuate Collection Set: 2.6ms
[2023-10-01T20:17:01.367+0000][12957.007s][info ][gc,phases     ] GC(163)   Other: 1.2ms
[2023-10-01T20:17:01.368+0000][12957.008s][info ][gc,heap       ] GC(163) Eden regions: 189->0(189)
[2023-10-01T20:17:01.368+0000][12957.008s][info ][gc,heap       ] GC(163) Survivor regions: 2->2(24)
[2023-10-01T20:17:01.369+0000][12957.009s][info ][gc,heap       ] GC(163) Old regions: 150->150
[2023-10-01T20:17:01.369+0000][12957.009s][info ][gc,heap       ] GC(163) Humongous regions: 0->0
[2023-10-01T20:17:01.370+0000][12957.010s][info ][gc,metaspace  ] GC(163) Metaspace: 177883K(195536K)->177883K(195536K) NonClass: 157954K(171728K)->157954K(171728K) Class: 19929K(23808K)->19929K(23808K)
[2023-10-01T20:17:01.370+0000][12957.011s][info ][gc            ] GC(163) Pause Young (Concurrent Start) (G1 Evacuation Pause) 338M->149M(384M) 17.735ms
[2023-10-01T20:17:01.371+0000][12957.011s][info ][gc,cpu        ] GC(163) User=0.07s Sys=0.00s Real=0.02s
[2023-10-01T20:17:01.372+0000][12957.012s][info ][safepoint     ] Leaving safepoint region
[2023-10-01T20:17:01.372+0000][12957.012s][info ][safepoint     ] Total time for which application threads were stopped: 0.0201898 seconds, Stopping threads took: 0.0005534 seconds
[2023-10-01T20:17:01.372+0000][12957.012s][info ][gc            ] GC(164) Concurrent Cycle
[2023-10-01T20:17:01.373+0000][12957.013s][info ][gc,marking    ] GC(164) Concurrent Clear Claimed Marks
[2023-10-01T20:17:01.373+0000][12957.013s][info ][gc,stringdedup] Concurrent String Deduplication (12957.013s)
[2023-10-01T20:17:01.374+0000][12957.014s][info ][gc,marking    ] GC(164) Concurrent Clear Claimed Marks 1.279ms
[2023-10-01T20:17:01.375+0000][12957.015s][info ][gc,marking    ] GC(164) Concurrent Scan Root Regions
[2023-10-01T20:17:01.374+0000][12957.014s][info ][gc,stringdedup] Concurrent String Deduplication 29896.0B->0.0B(29896.0B) avg 54.4% (12957.013s, 12957.014s) 1.699ms
[2023-10-01T20:17:01.378+0000][12957.018s][info ][gc,marking    ] GC(164) Concurrent Scan Root Regions 2.610ms
[2023-10-01T20:17:01.378+0000][12957.018s][info ][gc,marking    ] GC(164) Concurrent Mark (12957.018s)
[2023-10-01T20:17:01.379+0000][12957.019s][info ][gc,marking    ] GC(164) Concurrent Mark From Roots
[2023-10-01T20:17:01.379+0000][12957.019s][info ][gc,task       ] GC(164) Using 2 workers of 2 for marking
[2023-10-01T20:17:01.503+0000][12957.143s][info ][gc,marking    ] GC(164) Concurrent Mark From Roots 124.211ms
[2023-10-01T20:17:01.504+0000][12957.144s][info ][gc,marking    ] GC(164) Concurrent Preclean
[2023-10-01T20:17:01.504+0000][12957.144s][info ][gc,marking    ] GC(164) Concurrent Preclean 0.685ms
[2023-10-01T20:17:01.505+0000][12957.145s][info ][gc,marking    ] GC(164) Concurrent Mark (12957.018s, 12957.145s) 126.419ms
[2023-10-01T20:17:01.505+0000][12957.145s][debug][safepoint     ] Safepoint synchronization initiated. (176 threads)
[2023-10-01T20:17:01.506+0000][12957.146s][info ][safepoint     ] Application time: 0.1329879 seconds
[2023-10-01T20:17:01.506+0000][12957.146s][info ][safepoint     ] Entering safepoint region: CGC_Operation
[2023-10-01T20:17:01.507+0000][12957.147s][info ][gc,start      ] GC(164) Pause Remark
[2023-10-01T20:17:01.535+0000][12957.175s][info ][gc,stringtable] GC(164) Cleaned string and symbol table, strings: 73306 processed, 0 removed, symbols: 413348 processed, 0 removed
[2023-10-01T20:17:01.536+0000][12957.176s][info ][gc            ] GC(164) Pause Remark 152M->152M(384M) 29.423ms
[2023-10-01T20:17:01.537+0000][12957.177s][info ][gc,cpu        ] GC(164) User=0.20s Sys=0.01s Real=0.03s
[2023-10-01T20:17:01.537+0000][12957.177s][info ][safepoint     ] Leaving safepoint region
[2023-10-01T20:17:01.537+0000][12957.177s][info ][safepoint     ] Total time for which application threads were stopped: 0.0313642 seconds, Stopping threads took: 0.0005035 seconds
[2023-10-01T20:17:01.538+0000][12957.178s][info ][gc,marking    ] GC(164) Concurrent Rebuild Remembered Sets
[2023-10-01T20:17:01.637+0000][12957.277s][info ][gc,marking    ] GC(164) Concurrent Rebuild Remembered Sets 98.695ms
[2023-10-01T20:17:01.637+0000][12957.277s][debug][safepoint     ] Safepoint synchronization initiated. (176 threads)
[2023-10-01T20:17:01.638+0000][12957.278s][info ][safepoint     ] Application time: 0.0998738 seconds
[2023-10-01T20:17:01.638+0000][12957.278s][info ][safepoint     ] Entering safepoint region: CGC_Operation
[2023-10-01T20:17:01.639+0000][12957.279s][info ][gc,start      ] GC(164) Pause Cleanup
[2023-10-01T20:17:01.640+0000][12957.280s][info ][gc            ] GC(164) Pause Cleanup 152M->152M(384M) 0.745ms
[2023-10-01T20:17:01.640+0000][12957.280s][info ][gc,cpu        ] GC(164) User=0.00s Sys=0.00s Real=0.00s
[2023-10-01T20:17:01.640+0000][12957.281s][info ][safepoint     ] Leaving safepoint region
[2023-10-01T20:17:01.641+0000][12957.281s][info ][safepoint     ] Total time for which application threads were stopped: 0.0028056 seconds, Stopping threads took: 0.0004985 seconds
[2023-10-01T20:17:01.641+0000][12957.281s][info ][gc,marking    ] GC(164) Concurrent Cleanup for Next Mark
[2023-10-01T20:17:01.642+0000][12957.282s][info ][gc,marking    ] GC(164) Concurrent Cleanup for Next Mark 0.947ms
[2023-10-01T20:17:01.643+0000][12957.283s][info ][gc            ] GC(164) Concurrent Cycle 271.162ms
[2023-10-01T20:20:35.432+0000][13171.073s][debug][safepoint     ] Safepoint synchronization initiated. (176 threads)
[2023-10-01T20:20:35.432+0000][13171.074s][info ][safepoint     ] Application time: 213.7924965 seconds
[2023-10-01T20:20:35.433+0000][13171.074s][info ][safepoint     ] Entering safepoint region: G1CollectForAllocation
[2023-10-01T20:20:35.434+0000][13171.075s][info ][gc,start      ] GC(165) Pause Young (Prepare Mixed) (G1 Evacuation Pause)
[2023-10-01T20:20:35.434+0000][13171.076s][info ][gc,task       ] GC(165) Using 8 workers of 8 for evacuation
[2023-10-01T20:20:35.449+0000][13171.090s][info ][gc,phases     ] GC(165)   Pre Evacuate Collection Set: 0.0ms
[2023-10-01T20:20:35.449+0000][13171.091s][info ][gc,phases     ] GC(165)   Evacuate Collection Set: 11.2ms
[2023-10-01T20:20:35.450+0000][13171.091s][info ][gc,phases     ] GC(165)   Post Evacuate Collection Set: 2.5ms
[2023-10-01T20:20:35.450+0000][13171.092s][info ][gc,phases     ] GC(165)   Other: 1.3ms
[2023-10-01T20:20:35.451+0000][13171.092s][info ][gc,heap       ] GC(165) Eden regions: 189->0(17)
[2023-10-01T20:20:35.451+0000][13171.093s][info ][gc,heap       ] GC(165) Survivor regions: 2->2(24)
[2023-10-01T20:20:35.452+0000][13171.094s][info ][gc,heap       ] GC(165) Old regions: 150->150
[2023-10-01T20:20:35.452+0000][13171.094s][info ][gc,heap       ] GC(165) Humongous regions: 0->0
[2023-10-01T20:20:35.453+0000][13171.095s][info ][gc,metaspace  ] GC(165) Metaspace: 177883K(195536K)->177883K(195536K) NonClass: 157954K(171728K)->157954K(171728K) Class: 19929K(23808K)->19929K(23808K)
[2023-10-01T20:20:35.454+0000][13171.095s][info ][gc            ] GC(165) Pause Young (Prepare Mixed) (G1 Evacuation Pause) 338M->149M(384M) 20.209ms
[2023-10-01T20:20:35.454+0000][13171.096s][info ][gc,cpu        ] GC(165) User=0.10s Sys=0.00s Real=0.02s
[2023-10-01T20:20:35.455+0000][13171.097s][info ][safepoint     ] Leaving safepoint region
[2023-10-01T20:20:35.456+0000][13171.097s][info ][safepoint     ] Total time for which application threads were stopped: 0.0228648 seconds, Stopping threads took: 0.0006077 seconds
[2023-10-01T20:20:35.456+0000][13171.098s][info ][gc,stringdedup] Concurrent String Deduplication (13171.098s)
[2023-10-01T20:20:35.457+0000][13171.098s][info ][gc,stringdedup] Concurrent String Deduplication 3184.0B->48.0B(3136.0B) avg 54.4% (13171.098s, 13171.098s) 0.434ms
[2023-10-01T20:20:53.479+0000][13189.119s][debug][safepoint     ] Safepoint synchronization initiated. (176 threads)
[2023-10-01T20:20:53.479+0000][13189.120s][info ][safepoint     ] Application time: 18.0223865 seconds
[2023-10-01T20:20:53.480+0000][13189.121s][info ][safepoint     ] Entering safepoint region: G1CollectForAllocation
[2023-10-01T20:20:53.481+0000][13189.122s][info ][gc,start      ] GC(166) Pause Young (Mixed) (G1 Evacuation Pause)
[2023-10-01T20:20:53.481+0000][13189.122s][info ][gc,task       ] GC(166) Using 8 workers of 8 for evacuation
[2023-10-01T20:20:53.494+0000][13189.135s][info ][gc,phases     ] GC(166)   Pre Evacuate Collection Set: 0.0ms
[2023-10-01T20:20:53.495+0000][13189.136s][info ][gc,phases     ] GC(166)   Evacuate Collection Set: 9.5ms
[2023-10-01T20:20:53.495+0000][13189.136s][info ][gc,phases     ] GC(166)   Post Evacuate Collection Set: 2.9ms
[2023-10-01T20:20:53.496+0000][13189.137s][info ][gc,phases     ] GC(166)   Other: 1.3ms
[2023-10-01T20:20:53.497+0000][13189.138s][info ][gc,heap       ] GC(166) Eden regions: 17->0(190)
[2023-10-01T20:20:53.497+0000][13189.138s][info ][gc,heap       ] GC(166) Survivor regions: 2->1(3)
[2023-10-01T20:20:53.498+0000][13189.138s][info ][gc,heap       ] GC(166) Old regions: 150->149
[2023-10-01T20:20:53.498+0000][13189.139s][info ][gc,heap       ] GC(166) Humongous regions: 0->0
[2023-10-01T20:20:53.498+0000][13189.139s][info ][gc,metaspace  ] GC(166) Metaspace: 177883K(195536K)->177883K(195536K) NonClass: 157954K(171728K)->157954K(171728K) Class: 19929K(23808K)->19929K(23808K)
[2023-10-01T20:20:53.499+0000][13189.140s][info ][gc            ] GC(166) Pause Young (Mixed) (G1 Evacuation Pause) 166M->148M(384M) 18.041ms
[2023-10-01T20:20:53.499+0000][13189.140s][info ][gc,cpu        ] GC(166) User=0.09s Sys=0.00s Real=0.02s
[2023-10-01T20:20:53.500+0000][13189.141s][info ][safepoint     ] Leaving safepoint region
[2023-10-01T20:20:53.500+0000][13189.141s][info ][safepoint     ] Total time for which application threads were stopped: 0.0200187 seconds, Stopping threads took: 0.0004255 seconds
[2023-10-01T20:20:53.501+0000][13189.141s][info ][gc,stringdedup] Concurrent String Deduplication (13189.141s)
[2023-10-01T20:20:53.501+0000][13189.142s][info ][gc,stringdedup] Concurrent String Deduplication 48.0B->0.0B(48.0B) avg 54.4% (13189.141s, 13189.142s) 0.414ms
[2023-10-01T20:24:28.567+0000][13404.207s][debug][safepoint     ] Safepoint synchronization initiated. (176 threads)
[2023-10-01T20:24:28.568+0000][13404.208s][info ][safepoint     ] Application time: 215.0667203 seconds
[2023-10-01T20:24:28.568+0000][13404.209s][info ][safepoint     ] Entering safepoint region: G1CollectForAllocation
[2023-10-01T20:24:28.570+0000][13404.210s][info ][gc,start      ] GC(167) Pause Young (Normal) (G1 Evacuation Pause)
[2023-10-01T20:24:28.570+0000][13404.210s][info ][gc,task       ] GC(167) Using 8 workers of 8 for evacuation
[2023-10-01T20:24:28.586+0000][13404.226s][info ][gc,phases     ] GC(167)   Pre Evacuate Collection Set: 0.0ms
[2023-10-01T20:24:28.586+0000][13404.226s][info ][gc,phases     ] GC(167)   Evacuate Collection Set: 11.8ms
[2023-10-01T20:24:28.587+0000][13404.227s][info ][gc,phases     ] GC(167)   Post Evacuate Collection Set: 2.8ms
[2023-10-01T20:24:28.587+0000][13404.228s][info ][gc,phases     ] GC(167)   Other: 1.3ms
[2023-10-01T20:24:28.588+0000][13404.228s][info ][gc,heap       ] GC(167) Eden regions: 190->0(190)
[2023-10-01T20:24:28.589+0000][13404.229s][info ][gc,heap       ] GC(167) Survivor regions: 1->1(24)
[2023-10-01T20:24:28.589+0000][13404.229s][info ][gc,heap       ] GC(167) Old regions: 149->149
[2023-10-01T20:24:28.590+0000][13404.230s][info ][gc,heap       ] GC(167) Humongous regions: 0->0
[2023-10-01T20:24:28.590+0000][13404.230s][info ][gc,metaspace  ] GC(167) Metaspace: 177883K(195536K)->177883K(195536K) NonClass: 157954K(171728K)->157954K(171728K) Class: 19929K(23808K)->19929K(23808K)
[2023-10-01T20:24:28.591+0000][13404.231s][info ][gc            ] GC(167) Pause Young (Normal) (G1 Evacuation Pause) 338M->148M(384M) 21.303ms
[2023-10-01T20:24:28.592+0000][13404.232s][info ][gc,cpu        ] GC(167) User=0.08s Sys=0.02s Real=0.02s
[2023-10-01T20:24:28.592+0000][13404.232s][info ][safepoint     ] Leaving safepoint region
[2023-10-01T20:24:28.593+0000][13404.233s][info ][safepoint     ] Total time for which application threads were stopped: 0.0243403 seconds, Stopping threads took: 0.0010362 seconds
[2023-10-01T20:25:45.608+0000][13481.249s][debug][safepoint     ] Safepoint synchronization initiated. (176 threads)
[2023-10-01T20:25:45.609+0000][13481.249s][info ][safepoint     ] Application time: 77.0159709 seconds
[2023-10-01T20:25:45.610+0000][13481.250s][info ][safepoint     ] Entering safepoint region: Cleanup
[2023-10-01T20:25:45.611+0000][13481.251s][info ][safepoint     ] Leaving safepoint region
[2023-10-01T20:25:45.612+0000][13481.252s][info ][safepoint     ] Total time for which application threads were stopped: 0.0024220 seconds, Stopping threads took: 0.0008740 seconds
[2023-10-01T20:25:54.614+0000][13490.254s][debug][safepoint     ] Safepoint synchronization initiated. (176 threads)
[2023-10-01T20:25:54.615+0000][13490.255s][info ][safepoint     ] Application time: 9.0021870 seconds
[2023-10-01T20:25:54.616+0000][13490.256s][info ][safepoint     ] Entering safepoint region: Cleanup
[2023-10-01T20:25:54.617+0000][13490.257s][info ][safepoint     ] Leaving safepoint region
[2023-10-01T20:25:54.617+0000][13490.257s][info ][safepoint     ] Total time for which application threads were stopped: 0.0013574 seconds, Stopping threads took: 0.0005557 seconds
[2023-10-01T20:28:03.341+0000][13618.981s][debug][safepoint     ] Safepoint synchronization initiated. (176 threads)
[2023-10-01T20:28:03.342+0000][13618.982s][info ][safepoint     ] Application time: 128.7238597 seconds
[2023-10-01T20:28:03.343+0000][13618.983s][info ][safepoint     ] Entering safepoint region: G1CollectForAllocation
[2023-10-01T20:28:03.344+0000][13618.984s][info ][gc,start      ] GC(168) Pause Young (Normal) (G1 Evacuation Pause)
[2023-10-01T20:28:03.344+0000][13618.984s][info ][gc,task       ] GC(168) Using 8 workers of 8 for evacuation
[2023-10-01T20:28:03.349+0000][13618.989s][info ][gc,phases     ] GC(168)   Pre Evacuate Collection Set: 0.0ms
[2023-10-01T20:28:03.349+0000][13618.989s][info ][gc,phases     ] GC(168)   Evacuate Collection Set: 1.5ms
[2023-10-01T20:28:03.350+0000][13618.990s][info ][gc,phases     ] GC(168)   Post Evacuate Collection Set: 2.4ms
[2023-10-01T20:28:03.350+0000][13618.990s][info ][gc,phases     ] GC(168)   Other: 1.0ms
[2023-10-01T20:28:03.351+0000][13618.991s][info ][gc,heap       ] GC(168) Eden regions: 190->0(190)
[2023-10-01T20:28:03.351+0000][13618.991s][info ][gc,heap       ] GC(168) Survivor regions: 1->1(24)
[2023-10-01T20:28:03.352+0000][13618.992s][info ][gc,heap       ] GC(168) Old regions: 149->149
[2023-10-01T20:28:03.352+0000][13618.992s][info ][gc,heap       ] GC(168) Humongous regions: 0->0
[2023-10-01T20:28:03.353+0000][13618.993s][info ][gc,metaspace  ] GC(168) Metaspace: 177885K(195536K)->177885K(195536K) NonClass: 157955K(171728K)->157955K(171728K) Class: 19929K(23808K)->19929K(23808K)
[2023-10-01T20:28:03.353+0000][13618.993s][info ][gc            ] GC(168) Pause Young (Normal) (G1 Evacuation Pause) 338M->148M(384M) 9.721ms
[2023-10-01T20:28:03.354+0000][13618.994s][info ][gc,cpu        ] GC(168) User=0.02s Sys=0.00s Real=0.01s
[2023-10-01T20:28:03.354+0000][13618.994s][info ][safepoint     ] Leaving safepoint region
[2023-10-01T20:28:03.355+0000][13618.995s][info ][safepoint     ] Total time for which application threads were stopped: 0.0119285 seconds, Stopping threads took: 0.0005695 seconds
[2023-10-01T20:31:38.739+0000][13834.378s][debug][safepoint     ] Safepoint synchronization initiated. (176 threads)
[2023-10-01T20:31:38.739+0000][13834.379s][info ][safepoint     ] Application time: 215.3837291 seconds
[2023-10-01T20:31:38.740+0000][13834.379s][info ][safepoint     ] Entering safepoint region: G1CollectForAllocation
[2023-10-01T20:31:38.741+0000][13834.380s][info ][gc,start      ] GC(169) Pause Young (Concurrent Start) (G1 Evacuation Pause)
[2023-10-01T20:31:38.741+0000][13834.381s][info ][gc,task       ] GC(169) Using 8 workers of 8 for evacuation
[2023-10-01T20:31:38.747+0000][13834.387s][info ][gc,phases     ] GC(169)   Pre Evacuate Collection Set: 0.7ms
[2023-10-01T20:31:38.748+0000][13834.387s][info ][gc,phases     ] GC(169)   Evacuate Collection Set: 2.3ms
[2023-10-01T20:31:38.748+0000][13834.388s][info ][gc,phases     ] GC(169)   Post Evacuate Collection Set: 2.1ms
[2023-10-01T20:31:38.749+0000][13834.388s][info ][gc,phases     ] GC(169)   Other: 1.3ms
[2023-10-01T20:31:38.749+0000][13834.389s][info ][gc,heap       ] GC(169) Eden regions: 190->0(190)
[2023-10-01T20:31:38.750+0000][13834.389s][info ][gc,heap       ] GC(169) Survivor regions: 1->1(24)
[2023-10-01T20:31:38.750+0000][13834.389s][info ][gc,heap       ] GC(169) Old regions: 149->149
[2023-10-01T20:31:38.750+0000][13834.390s][info ][gc,heap       ] GC(169) Humongous regions: 0->0
[2023-10-01T20:31:38.751+0000][13834.390s][info ][gc,metaspace  ] GC(169) Metaspace: 177885K(195536K)->177885K(195536K) NonClass: 157955K(171728K)->157955K(171728K) Class: 19929K(23808K)->19929K(23808K)
[2023-10-01T20:31:38.751+0000][13834.391s][info ][gc            ] GC(169) Pause Young (Concurrent Start) (G1 Evacuation Pause) 338M->148M(384M) 10.708ms
[2023-10-01T20:31:38.752+0000][13834.391s][info ][gc,cpu        ] GC(169) User=0.02s Sys=0.01s Real=0.01s
[2023-10-01T20:31:38.753+0000][13834.392s][info ][safepoint     ] Leaving safepoint region
[2023-10-01T20:31:38.753+0000][13834.393s][info ][safepoint     ] Total time for which application threads were stopped: 0.0131558 seconds, Stopping threads took: 0.0006398 seconds
[2023-10-01T20:31:38.753+0000][13834.392s][info ][gc            ] GC(170) Concurrent Cycle
[2023-10-01T20:31:38.754+0000][13834.394s][info ][gc,marking    ] GC(170) Concurrent Clear Claimed Marks
[2023-10-01T20:31:38.755+0000][13834.395s][info ][gc,marking    ] GC(170) Concurrent Clear Claimed Marks 1.170ms
[2023-10-01T20:31:38.756+0000][13834.396s][info ][gc,marking    ] GC(170) Concurrent Scan Root Regions
[2023-10-01T20:31:38.758+0000][13834.398s][info ][gc,marking    ] GC(170) Concurrent Scan Root Regions 2.478ms
[2023-10-01T20:31:38.759+0000][13834.399s][info ][gc,marking    ] GC(170) Concurrent Mark (13834.399s)
[2023-10-01T20:31:38.759+0000][13834.399s][info ][gc,marking    ] GC(170) Concurrent Mark From Roots
[2023-10-01T20:31:38.760+0000][13834.399s][info ][gc,task       ] GC(170) Using 2 workers of 2 for marking
[2023-10-01T20:31:38.877+0000][13834.517s][info ][gc,marking    ] GC(170) Concurrent Mark From Roots 117.527ms
[2023-10-01T20:31:38.878+0000][13834.517s][info ][gc,marking    ] GC(170) Concurrent Preclean
[2023-10-01T20:31:38.878+0000][13834.518s][info ][gc,marking    ] GC(170) Concurrent Preclean 0.809ms
[2023-10-01T20:31:38.879+0000][13834.519s][info ][gc,marking    ] GC(170) Concurrent Mark (13834.399s, 13834.519s) 120.115ms
[2023-10-01T20:31:38.880+0000][13834.519s][debug][safepoint     ] Safepoint synchronization initiated. (176 threads)
[2023-10-01T20:31:38.880+0000][13834.520s][info ][safepoint     ] Application time: 0.1267118 seconds
[2023-10-01T20:31:38.881+0000][13834.520s][info ][safepoint     ] Entering safepoint region: CGC_Operation
[2023-10-01T20:31:38.882+0000][13834.521s][info ][gc,start      ] GC(170) Pause Remark
[2023-10-01T20:31:38.901+0000][13834.541s][info ][gc,stringtable] GC(170) Cleaned string and symbol table, strings: 73332 processed, 0 removed, symbols: 413351 processed, 0 removed
[2023-10-01T20:31:38.902+0000][13834.542s][info ][gc            ] GC(170) Pause Remark 152M->152M(384M) 20.535ms
[2023-10-01T20:31:38.903+0000][13834.542s][info ][gc,cpu        ] GC(170) User=0.14s Sys=0.00s Real=0.02s
[2023-10-01T20:31:38.904+0000][13834.543s][info ][safepoint     ] Leaving safepoint region
[2023-10-01T20:31:38.904+0000][13834.544s][info ][safepoint     ] Total time for which application threads were stopped: 0.0233577 seconds, Stopping threads took: 0.0005744 seconds
[2023-10-01T20:31:38.905+0000][13834.544s][info ][gc,marking    ] GC(170) Concurrent Rebuild Remembered Sets
[2023-10-01T20:31:39.009+0000][13834.649s][info ][gc,marking    ] GC(170) Concurrent Rebuild Remembered Sets 104.004ms
[2023-10-01T20:31:39.010+0000][13834.649s][debug][safepoint     ] Safepoint synchronization initiated. (176 threads)
[2023-10-01T20:31:39.010+0000][13834.650s][info ][safepoint     ] Application time: 0.1054353 seconds
[2023-10-01T20:31:39.011+0000][13834.650s][info ][safepoint     ] Entering safepoint region: CGC_Operation
[2023-10-01T20:31:39.012+0000][13834.651s][info ][gc,start      ] GC(170) Pause Cleanup
[2023-10-01T20:31:39.013+0000][13834.652s][info ][gc            ] GC(170) Pause Cleanup 152M->152M(384M) 0.974ms
[2023-10-01T20:31:39.013+0000][13834.653s][info ][gc,cpu        ] GC(170) User=0.00s Sys=0.00s Real=0.00s
[2023-10-01T20:31:39.014+0000][13834.653s][info ][safepoint     ] Leaving safepoint region
[2023-10-01T20:31:39.014+0000][13834.654s][info ][safepoint     ] Total time for which application threads were stopped: 0.0033599 seconds, Stopping threads took: 0.0005708 seconds
[2023-10-01T20:31:39.015+0000][13834.654s][info ][gc,marking    ] GC(170) Concurrent Cleanup for Next Mark
[2023-10-01T20:31:39.016+0000][13834.655s][info ][gc,marking    ] GC(170) Concurrent Cleanup for Next Mark 1.075ms
[2023-10-01T20:31:39.016+0000][13834.656s][info ][gc            ] GC(170) Concurrent Cycle 263.812ms
[2023-10-01T20:35:13.645+0000][14049.281s][debug][safepoint     ] Safepoint synchronization initiated. (176 threads)
[2023-10-01T20:35:13.645+0000][14049.282s][info ][safepoint     ] Application time: 214.6280427 seconds
[2023-10-01T20:35:13.646+0000][14049.283s][info ][safepoint     ] Entering safepoint region: G1CollectForAllocation
[2023-10-01T20:35:13.647+0000][14049.284s][info ][gc,start      ] GC(171) Pause Young (Normal) (G1 Evacuation Pause)
[2023-10-01T20:35:13.647+0000][14049.284s][info ][gc,task       ] GC(171) Using 8 workers of 8 for evacuation
[2023-10-01T20:35:13.661+0000][14049.298s][info ][gc,phases     ] GC(171)   Pre Evacuate Collection Set: 0.0ms
[2023-10-01T20:35:13.662+0000][14049.299s][info ][gc,phases     ] GC(171)   Evacuate Collection Set: 10.5ms
[2023-10-01T20:35:13.663+0000][14049.299s][info ][gc,phases     ] GC(171)   Post Evacuate Collection Set: 2.8ms
[2023-10-01T20:35:13.663+0000][14049.300s][info ][gc,phases     ] GC(171)   Other: 1.4ms
[2023-10-01T20:35:13.664+0000][14049.301s][info ][gc,heap       ] GC(171) Eden regions: 190->0(190)
[2023-10-01T20:35:13.664+0000][14049.301s][info ][gc,heap       ] GC(171) Survivor regions: 1->1(24)
[2023-10-01T20:35:13.665+0000][14049.301s][info ][gc,heap       ] GC(171) Old regions: 149->149
[2023-10-01T20:35:13.665+0000][14049.302s][info ][gc,heap       ] GC(171) Humongous regions: 0->0
[2023-10-01T20:35:13.666+0000][14049.302s][info ][gc,metaspace  ] GC(171) Metaspace: 177885K(195536K)->177885K(195536K) NonClass: 157955K(171728K)->157955K(171728K) Class: 19929K(23808K)->19929K(23808K)
[2023-10-01T20:35:13.666+0000][14049.303s][info ][gc            ] GC(171) Pause Young (Normal) (G1 Evacuation Pause) 338M->148M(384M) 19.442ms
[2023-10-01T20:35:13.667+0000][14049.303s][info ][gc,cpu        ] GC(171) User=0.10s Sys=0.00s Real=0.02s
[2023-10-01T20:35:13.667+0000][14049.304s][info ][safepoint     ] Leaving safepoint region
[2023-10-01T20:35:13.668+0000][14049.305s][info ][safepoint     ] Total time for which application threads were stopped: 0.0219466 seconds, Stopping threads took: 0.0005761 seconds
[2023-10-01T20:35:13.668+0000][14049.305s][info ][gc,stringdedup] Concurrent String Deduplication (14049.305s)
[2023-10-01T20:35:13.669+0000][14049.306s][info ][gc,stringdedup] Concurrent String Deduplication 104.0B->56.0B(48.0B) avg 54.4% (14049.305s, 14049.306s) 0.449ms
[2023-10-01T20:36:45.686+0000][14141.323s][debug][safepoint     ] Safepoint synchronization initiated. (176 threads)
[2023-10-01T20:36:45.687+0000][14141.323s][info ][safepoint     ] Application time: 92.0182857 seconds
[2023-10-01T20:36:45.687+0000][14141.324s][info ][safepoint     ] Entering safepoint region: Cleanup
[2023-10-01T20:36:45.688+0000][14141.325s][info ][safepoint     ] Leaving safepoint region
[2023-10-01T20:36:45.688+0000][14141.325s][info ][safepoint     ] Total time for which application threads were stopped: 0.0011429 seconds, Stopping threads took: 0.0004423 seconds
[2023-10-01T20:36:53.690+0000][14149.327s][debug][safepoint     ] Safepoint synchronization initiated. (176 threads)
[2023-10-01T20:36:53.691+0000][14149.328s][info ][safepoint     ] Application time: 8.0022300 seconds
[2023-10-01T20:36:53.692+0000][14149.328s][info ][safepoint     ] Entering safepoint region: Cleanup
[2023-10-01T20:36:53.692+0000][14149.329s][info ][safepoint     ] Leaving safepoint region
[2023-10-01T20:36:53.693+0000][14149.330s][info ][safepoint     ] Total time for which application threads were stopped: 0.0013368 seconds, Stopping threads took: 0.0006096 seconds
[2023-10-01T20:37:12.697+0000][14168.334s][debug][safepoint     ] Safepoint synchronization initiated. (176 threads)
[2023-10-01T20:37:12.698+0000][14168.335s][info ][safepoint     ] Application time: 19.0044301 seconds
[2023-10-01T20:37:12.699+0000][14168.335s][info ][safepoint     ] Entering safepoint region: Cleanup
[2023-10-01T20:37:12.699+0000][14168.336s][info ][safepoint     ] Leaving safepoint region
[2023-10-01T20:37:12.700+0000][14168.336s][info ][safepoint     ] Total time for which application threads were stopped: 0.0013119 seconds, Stopping threads took: 0.0005524 seconds
[2023-10-01T20:37:55.708+0000][14211.344s][debug][safepoint     ] Safepoint synchronization initiated. (178 threads)
[2023-10-01T20:37:55.708+0000][14211.345s][info ][safepoint     ] Application time: 43.0079404 seconds
[2023-10-01T20:37:55.709+0000][14211.345s][info ][safepoint     ] Entering safepoint region: Cleanup
[2023-10-01T20:37:55.710+0000][14211.346s][info ][safepoint     ] Leaving safepoint region
[2023-10-01T20:37:55.710+0000][14211.347s][info ][safepoint     ] Total time for which application threads were stopped: 0.0015969 seconds, Stopping threads took: 0.0006762 seconds
[2023-10-01T20:38:17.715+0000][14233.352s][debug][safepoint     ] Safepoint synchronization initiated. (177 threads)
[2023-10-01T20:38:17.716+0000][14233.353s][info ][safepoint     ] Application time: 22.0050494 seconds
[2023-10-01T20:38:17.716+0000][14233.353s][info ][safepoint     ] Entering safepoint region: Cleanup
[2023-10-01T20:38:17.717+0000][14233.354s][info ][safepoint     ] Leaving safepoint region
[2023-10-01T20:38:17.717+0000][14233.354s][info ][safepoint     ] Total time for which application threads were stopped: 0.0011554 seconds, Stopping threads took: 0.0004665 seconds
[2023-10-01T20:38:47.782+0000][14263.419s][debug][safepoint     ] Safepoint synchronization initiated. (176 threads)
[2023-10-01T20:38:47.783+0000][14263.420s][info ][safepoint     ] Application time: 30.0652163 seconds
[2023-10-01T20:38:47.783+0000][14263.420s][info ][safepoint     ] Entering safepoint region: G1CollectForAllocation
[2023-10-01T20:38:47.784+0000][14263.421s][info ][gc,start      ] GC(172) Pause Young (Concurrent Start) (G1 Evacuation Pause)
[2023-10-01T20:38:47.784+0000][14263.422s][info ][gc,task       ] GC(172) Using 8 workers of 8 for evacuation
[2023-10-01T20:38:47.802+0000][14263.439s][info ][gc,phases     ] GC(172)   Pre Evacuate Collection Set: 0.7ms
[2023-10-01T20:38:47.802+0000][14263.440s][info ][gc,phases     ] GC(172)   Evacuate Collection Set: 9.8ms
[2023-10-01T20:38:47.803+0000][14263.440s][info ][gc,phases     ] GC(172)   Post Evacuate Collection Set: 6.1ms
[2023-10-01T20:38:47.804+0000][14263.441s][info ][gc,phases     ] GC(172)   Other: 1.3ms
[2023-10-01T20:38:47.804+0000][14263.441s][info ][gc,heap       ] GC(172) Eden regions: 190->0(190)
[2023-10-01T20:38:47.805+0000][14263.442s][info ][gc,heap       ] GC(172) Survivor regions: 1->2(24)
[2023-10-01T20:38:47.805+0000][14263.442s][info ][gc,heap       ] GC(172) Old regions: 149->149
[2023-10-01T20:38:47.806+0000][14263.443s][info ][gc,heap       ] GC(172) Humongous regions: 0->0
[2023-10-01T20:38:47.806+0000][14263.443s][info ][gc,metaspace  ] GC(172) Metaspace: 177892K(195536K)->177892K(195536K) NonClass: 157962K(171728K)->157962K(171728K) Class: 19929K(23808K)->19929K(23808K)
[2023-10-01T20:38:47.807+0000][14263.444s][info ][gc            ] GC(172) Pause Young (Concurrent Start) (G1 Evacuation Pause) 338M->149M(384M) 22.915ms
[2023-10-01T20:38:47.807+0000][14263.445s][info ][gc,cpu        ] GC(172) User=0.11s Sys=0.00s Real=0.02s
[2023-10-01T20:38:47.808+0000][14263.445s][info ][safepoint     ] Leaving safepoint region
[2023-10-01T20:38:47.809+0000][14263.446s][info ][safepoint     ] Total time for which application threads were stopped: 0.0253491 seconds, Stopping threads took: 0.0005120 seconds
[2023-10-01T20:38:47.808+0000][14263.445s][info ][gc            ] GC(173) Concurrent Cycle
[2023-10-01T20:38:47.810+0000][14263.447s][info ][gc,marking    ] GC(173) Concurrent Clear Claimed Marks
[2023-10-01T20:38:47.809+0000][14263.446s][info ][gc,stringdedup] Concurrent String Deduplication (14263.446s)
[2023-10-01T20:38:47.811+0000][14263.448s][info ][gc,stringdedup] Concurrent String Deduplication 0.0B->0.0B(0.0B) avg 54.4% (14263.446s, 14263.448s) 1.452ms
[2023-10-01T20:38:47.811+0000][14263.448s][info ][gc,marking    ] GC(173) Concurrent Clear Claimed Marks 1.449ms
[2023-10-01T20:38:47.812+0000][14263.449s][info ][gc,marking    ] GC(173) Concurrent Scan Root Regions
[2023-10-01T20:38:47.814+0000][14263.451s][info ][gc,marking    ] GC(173) Concurrent Scan Root Regions 2.557ms
[2023-10-01T20:38:47.815+0000][14263.452s][info ][gc,marking    ] GC(173) Concurrent Mark (14263.452s)
[2023-10-01T20:38:47.815+0000][14263.452s][info ][gc,marking    ] GC(173) Concurrent Mark From Roots
[2023-10-01T20:38:47.816+0000][14263.453s][info ][gc,task       ] GC(173) Using 2 workers of 2 for marking
[2023-10-01T20:38:47.930+0000][14263.567s][info ][gc,marking    ] GC(173) Concurrent Mark From Roots 114.399ms
[2023-10-01T20:38:47.930+0000][14263.568s][info ][gc,marking    ] GC(173) Concurrent Preclean
[2023-10-01T20:38:47.931+0000][14263.569s][info ][gc,marking    ] GC(173) Concurrent Preclean 0.978ms
[2023-10-01T20:38:47.932+0000][14263.569s][info ][gc,marking    ] GC(173) Concurrent Mark (14263.452s, 14263.569s) 117.017ms
[2023-10-01T20:38:47.932+0000][14263.570s][debug][safepoint     ] Safepoint synchronization initiated. (176 threads)
[2023-10-01T20:38:47.933+0000][14263.570s][info ][safepoint     ] Application time: 0.1239252 seconds
[2023-10-01T20:38:47.933+0000][14263.571s][info ][safepoint     ] Entering safepoint region: CGC_Operation
[2023-10-01T20:38:47.934+0000][14263.571s][info ][gc,start      ] GC(173) Pause Remark
[2023-10-01T20:38:47.961+0000][14263.599s][info ][gc,stringtable] GC(173) Cleaned string and symbol table, strings: 73336 processed, 0 removed, symbols: 413351 processed, 0 removed
[2023-10-01T20:38:47.963+0000][14263.600s][info ][gc            ] GC(173) Pause Remark 152M->152M(384M) 28.459ms
[2023-10-01T20:38:47.963+0000][14263.600s][info ][gc,cpu        ] GC(173) User=0.19s Sys=0.00s Real=0.03s
[2023-10-01T20:38:47.964+0000][14263.601s][info ][safepoint     ] Leaving safepoint region
[2023-10-01T20:38:47.964+0000][14263.602s][info ][safepoint     ] Total time for which application threads were stopped: 0.0309720 seconds, Stopping threads took: 0.0005555 seconds
[2023-10-01T20:38:47.965+0000][14263.602s][info ][gc,marking    ] GC(173) Concurrent Rebuild Remembered Sets
[2023-10-01T20:38:48.077+0000][14263.715s][info ][gc,marking    ] GC(173) Concurrent Rebuild Remembered Sets 112.171ms
[2023-10-01T20:38:48.078+0000][14263.715s][debug][safepoint     ] Safepoint synchronization initiated. (178 threads)
[2023-10-01T20:38:48.078+0000][14263.716s][info ][safepoint     ] Application time: 0.1134184 seconds
[2023-10-01T20:38:48.079+0000][14263.716s][info ][safepoint     ] Entering safepoint region: CGC_Operation
[2023-10-01T20:38:48.080+0000][14263.718s][info ][gc,start      ] GC(173) Pause Cleanup
[2023-10-01T20:38:48.081+0000][14263.719s][info ][gc            ] GC(173) Pause Cleanup 152M->152M(384M) 1.052ms
[2023-10-01T20:38:48.082+0000][14263.719s][info ][gc,cpu        ] GC(173) User=0.00s Sys=0.00s Real=0.00s
[2023-10-01T20:38:48.082+0000][14263.719s][info ][safepoint     ] Leaving safepoint region
[2023-10-01T20:38:48.083+0000][14263.720s][info ][safepoint     ] Total time for which application threads were stopped: 0.0037191 seconds, Stopping threads took: 0.0010689 seconds
[2023-10-01T20:38:48.083+0000][14263.720s][info ][gc,marking    ] GC(173) Concurrent Cleanup for Next Mark
[2023-10-01T20:38:48.084+0000][14263.721s][info ][gc,marking    ] GC(173) Concurrent Cleanup for Next Mark 1.136ms
[2023-10-01T20:38:48.085+0000][14263.722s][info ][gc            ] GC(173) Concurrent Cycle 276.706ms
[2023-10-01T20:40:15.099+0000][14350.737s][debug][safepoint     ] Safepoint synchronization initiated. (177 threads)
[2023-10-01T20:40:15.100+0000][14350.737s][info ][safepoint     ] Application time: 87.0170200 seconds
[2023-10-01T20:40:15.101+0000][14350.738s][info ][safepoint     ] Entering safepoint region: Cleanup
[2023-10-01T20:40:15.101+0000][14350.739s][info ][safepoint     ] Leaving safepoint region
[2023-10-01T20:40:15.102+0000][14350.739s][info ][safepoint     ] Total time for which application threads were stopped: 0.0012110 seconds, Stopping threads took: 0.0004892 seconds
[2023-10-01T20:41:45.119+0000][14440.756s][debug][safepoint     ] Safepoint synchronization initiated. (176 threads)
[2023-10-01T20:41:45.119+0000][14440.757s][info ][safepoint     ] Application time: 90.0172156 seconds
[2023-10-01T20:41:45.120+0000][14440.757s][info ][safepoint     ] Entering safepoint region: Cleanup
[2023-10-01T20:41:45.121+0000][14440.758s][info ][safepoint     ] Leaving safepoint region
[2023-10-01T20:41:45.121+0000][14440.758s][info ][safepoint     ] Total time for which application threads were stopped: 0.0013299 seconds, Stopping threads took: 0.0006004 seconds
[2023-10-01T20:42:11.126+0000][14466.764s][debug][safepoint     ] Safepoint synchronization initiated. (176 threads)
[2023-10-01T20:42:11.127+0000][14466.764s][info ][safepoint     ] Application time: 26.0052970 seconds
[2023-10-01T20:42:11.128+0000][14466.765s][info ][safepoint     ] Entering safepoint region: Cleanup
[2023-10-01T20:42:11.128+0000][14466.766s][info ][safepoint     ] Leaving safepoint region
[2023-10-01T20:42:11.129+0000][14466.766s][info ][safepoint     ] Total time for which application threads were stopped: 0.0014034 seconds, Stopping threads took: 0.0007260 seconds
[2023-10-01T20:42:21.825+0000][14477.462s][debug][safepoint     ] Safepoint synchronization initiated. (177 threads)
[2023-10-01T20:42:21.825+0000][14477.463s][info ][safepoint     ] Application time: 10.6957887 seconds
[2023-10-01T20:42:21.826+0000][14477.463s][info ][safepoint     ] Entering safepoint region: G1CollectForAllocation
[2023-10-01T20:42:21.827+0000][14477.464s][info ][gc,start      ] GC(174) Pause Young (Normal) (G1 Evacuation Pause)
[2023-10-01T20:42:21.827+0000][14477.465s][info ][gc,task       ] GC(174) Using 8 workers of 8 for evacuation
[2023-10-01T20:42:21.847+0000][14477.484s][info ][gc,phases     ] GC(174)   Pre Evacuate Collection Set: 0.0ms
[2023-10-01T20:42:21.848+0000][14477.485s][info ][gc,phases     ] GC(174)   Evacuate Collection Set: 9.8ms
[2023-10-01T20:42:21.848+0000][14477.485s][info ][gc,phases     ] GC(174)   Post Evacuate Collection Set: 9.1ms
[2023-10-01T20:42:21.849+0000][14477.486s][info ][gc,phases     ] GC(174)   Other: 1.4ms
[2023-10-01T20:42:21.849+0000][14477.487s][info ][gc,heap       ] GC(174) Eden regions: 190->0(189)
[2023-10-01T20:42:21.850+0000][14477.487s][info ][gc,heap       ] GC(174) Survivor regions: 2->2(24)
[2023-10-01T20:42:21.850+0000][14477.488s][info ][gc,heap       ] GC(174) Old regions: 149->150
[2023-10-01T20:42:21.851+0000][14477.488s][info ][gc,heap       ] GC(174) Humongous regions: 0->0
[2023-10-01T20:42:21.851+0000][14477.489s][info ][gc,metaspace  ] GC(174) Metaspace: 177897K(195536K)->177897K(195536K) NonClass: 157967K(171728K)->157967K(171728K) Class: 19929K(23808K)->19929K(23808K)
[2023-10-01T20:42:21.852+0000][14477.489s][info ][gc            ] GC(174) Pause Young (Normal) (G1 Evacuation Pause) 339M->148M(384M) 25.194ms
[2023-10-01T20:42:21.853+0000][14477.490s][info ][gc,cpu        ] GC(174) User=0.13s Sys=0.01s Real=0.03s
[2023-10-01T20:42:21.853+0000][14477.490s][info ][safepoint     ] Leaving safepoint region
[2023-10-01T20:42:21.854+0000][14477.491s][info ][safepoint     ] Total time for which application threads were stopped: 0.0278015 seconds, Stopping threads took: 0.0006764 seconds
[2023-10-01T20:45:56.156+0000][14691.793s][debug][safepoint     ] Safepoint synchronization initiated. (176 threads)
[2023-10-01T20:45:56.157+0000][14691.794s][info ][safepoint     ] Application time: 214.3023215 seconds
[2023-10-01T20:45:56.158+0000][14691.794s][info ][safepoint     ] Entering safepoint region: G1CollectForAllocation
[2023-10-01T20:45:56.158+0000][14691.795s][info ][gc,start      ] GC(175) Pause Young (Concurrent Start) (G1 Evacuation Pause)
[2023-10-01T20:45:56.159+0000][14691.796s][info ][gc,task       ] GC(175) Using 8 workers of 8 for evacuation
[2023-10-01T20:45:56.175+0000][14691.812s][info ][gc,phases     ] GC(175)   Pre Evacuate Collection Set: 0.8ms
[2023-10-01T20:45:56.176+0000][14691.813s][info ][gc,phases     ] GC(175)   Evacuate Collection Set: 12.2ms
[2023-10-01T20:45:56.177+0000][14691.813s][info ][gc,phases     ] GC(175)   Post Evacuate Collection Set: 2.8ms
[2023-10-01T20:45:56.177+0000][14691.814s][info ][gc,phases     ] GC(175)   Other: 1.3ms
[2023-10-01T20:45:56.178+0000][14691.814s][info ][gc,heap       ] GC(175) Eden regions: 189->0(190)
[2023-10-01T20:45:56.178+0000][14691.815s][info ][gc,heap       ] GC(175) Survivor regions: 2->1(24)
[2023-10-01T20:45:56.179+0000][14691.815s][info ][gc,heap       ] GC(175) Old regions: 150->150
[2023-10-01T20:45:56.179+0000][14691.816s][info ][gc,heap       ] GC(175) Humongous regions: 0->0
[2023-10-01T20:45:56.180+0000][14691.816s][info ][gc,metaspace  ] GC(175) Metaspace: 177897K(195536K)->177897K(195536K) NonClass: 157967K(171728K)->157967K(171728K) Class: 19929K(23808K)->19929K(23808K)
[2023-10-01T20:45:56.180+0000][14691.817s][info ][gc            ] GC(175) Pause Young (Concurrent Start) (G1 Evacuation Pause) 337M->148M(384M) 21.842ms
[2023-10-01T20:45:56.181+0000][14691.817s][info ][gc,cpu        ] GC(175) User=0.08s Sys=0.02s Real=0.03s
[2023-10-01T20:45:56.181+0000][14691.818s][info ][gc            ] GC(176) Concurrent Cycle
[2023-10-01T20:45:56.182+0000][14691.819s][info ][gc,marking    ] GC(176) Concurrent Clear Claimed Marks
[2023-10-01T20:45:56.181+0000][14691.818s][info ][safepoint     ] Leaving safepoint region
[2023-10-01T20:45:56.183+0000][14691.820s][info ][safepoint     ] Total time for which application threads were stopped: 0.0253136 seconds, Stopping threads took: 0.0005156 seconds
[2023-10-01T20:45:56.183+0000][14691.820s][info ][gc,marking    ] GC(176) Concurrent Clear Claimed Marks 1.352ms
[2023-10-01T20:45:56.184+0000][14691.821s][info ][gc,marking    ] GC(176) Concurrent Scan Root Regions
[2023-10-01T20:45:56.183+0000][14691.820s][info ][gc,stringdedup] Concurrent String Deduplication (14691.820s)
[2023-10-01T20:45:56.185+0000][14691.822s][info ][gc,stringdedup] Concurrent String Deduplication 19176.0B->0.0B(19176.0B) avg 54.5% (14691.820s, 14691.822s) 1.544ms
[2023-10-01T20:45:56.187+0000][14691.823s][info ][gc,marking    ] GC(176) Concurrent Scan Root Regions 2.691ms
[2023-10-01T20:45:56.187+0000][14691.824s][info ][gc,marking    ] GC(176) Concurrent Mark (14691.824s)
[2023-10-01T20:45:56.188+0000][14691.824s][info ][gc,marking    ] GC(176) Concurrent Mark From Roots
[2023-10-01T20:45:56.188+0000][14691.825s][info ][gc,task       ] GC(176) Using 2 workers of 2 for marking
[2023-10-01T20:45:56.322+0000][14691.959s][info ][gc,marking    ] GC(176) Concurrent Mark From Roots 134.839ms
[2023-10-01T20:45:56.324+0000][14691.960s][info ][gc,marking    ] GC(176) Concurrent Preclean
[2023-10-01T20:45:56.324+0000][14691.961s][info ][gc,marking    ] GC(176) Concurrent Preclean 0.836ms
[2023-10-01T20:45:56.325+0000][14691.962s][info ][gc,marking    ] GC(176) Concurrent Mark (14691.824s, 14691.962s) 137.548ms
[2023-10-01T20:45:56.325+0000][14691.962s][debug][safepoint     ] Safepoint synchronization initiated. (176 threads)
[2023-10-01T20:45:56.326+0000][14691.962s][info ][safepoint     ] Application time: 0.1422758 seconds
[2023-10-01T20:45:56.326+0000][14691.963s][info ][safepoint     ] Entering safepoint region: CGC_Operation
[2023-10-01T20:45:56.327+0000][14691.964s][info ][gc,start      ] GC(176) Pause Remark
[2023-10-01T20:45:56.357+0000][14691.994s][info ][gc,stringtable] GC(176) Cleaned string and symbol table, strings: 73336 processed, 0 removed, symbols: 413351 processed, 0 removed
[2023-10-01T20:45:56.358+0000][14691.995s][info ][gc            ] GC(176) Pause Remark 152M->152M(384M) 31.116ms
[2023-10-01T20:45:56.358+0000][14691.995s][info ][gc,cpu        ] GC(176) User=0.20s Sys=0.00s Real=0.03s
[2023-10-01T20:45:56.359+0000][14691.996s][info ][safepoint     ] Leaving safepoint region
[2023-10-01T20:45:56.359+0000][14691.996s][info ][safepoint     ] Total time for which application threads were stopped: 0.0330880 seconds, Stopping threads took: 0.0004694 seconds
[2023-10-01T20:45:56.360+0000][14691.997s][info ][gc,marking    ] GC(176) Concurrent Rebuild Remembered Sets
[2023-10-01T20:45:56.471+0000][14692.108s][info ][gc,marking    ] GC(176) Concurrent Rebuild Remembered Sets 111.479ms
[2023-10-01T20:45:56.472+0000][14692.109s][debug][safepoint     ] Safepoint synchronization initiated. (176 threads)
[2023-10-01T20:45:56.473+0000][14692.109s][info ][safepoint     ] Application time: 0.1129599 seconds
[2023-10-01T20:45:56.473+0000][14692.110s][info ][safepoint     ] Entering safepoint region: CGC_Operation
[2023-10-01T20:45:56.474+0000][14692.111s][info ][gc,start      ] GC(176) Pause Cleanup
[2023-10-01T20:45:56.475+0000][14692.112s][info ][gc            ] GC(176) Pause Cleanup 152M->152M(384M) 1.025ms
[2023-10-01T20:45:56.477+0000][14692.114s][info ][gc,cpu        ] GC(176) User=0.00s Sys=0.00s Real=0.00s
[2023-10-01T20:45:56.478+0000][14692.114s][info ][safepoint     ] Leaving safepoint region
[2023-10-01T20:45:56.478+0000][14692.115s][info ][safepoint     ] Total time for which application threads were stopped: 0.0049851 seconds, Stopping threads took: 0.0009835 seconds
[2023-10-01T20:45:56.479+0000][14692.115s][info ][gc,marking    ] GC(176) Concurrent Cleanup for Next Mark
[2023-10-01T20:45:56.480+0000][14692.117s][info ][gc,marking    ] GC(176) Concurrent Cleanup for Next Mark 1.101ms
[2023-10-01T20:45:56.480+0000][14692.117s][info ][gc            ] GC(176) Concurrent Cycle 298.758ms
[2023-10-01T20:48:49.511+0000][14865.148s][debug][safepoint     ] Safepoint synchronization initiated. (176 threads)
[2023-10-01T20:48:49.512+0000][14865.149s][info ][safepoint     ] Application time: 173.0335203 seconds
[2023-10-01T20:48:49.512+0000][14865.149s][info ][safepoint     ] Entering safepoint region: Cleanup
[2023-10-01T20:48:49.513+0000][14865.150s][info ][safepoint     ] Leaving safepoint region
[2023-10-01T20:48:49.514+0000][14865.151s][info ][safepoint     ] Total time for which application threads were stopped: 0.0014036 seconds, Stopping threads took: 0.0006236 seconds
[2023-10-01T20:49:31.402+0000][14907.039s][debug][safepoint     ] Safepoint synchronization initiated. (176 threads)
[2023-10-01T20:49:31.403+0000][14907.040s][info ][safepoint     ] Application time: 41.8884904 seconds
[2023-10-01T20:49:31.403+0000][14907.040s][info ][safepoint     ] Entering safepoint region: G1CollectForAllocation
[2023-10-01T20:49:31.404+0000][14907.041s][info ][gc,start      ] GC(177) Pause Young (Prepare Mixed) (G1 Evacuation Pause)
[2023-10-01T20:49:31.405+0000][14907.042s][info ][gc,task       ] GC(177) Using 8 workers of 8 for evacuation
[2023-10-01T20:49:31.420+0000][14907.057s][info ][gc,phases     ] GC(177)   Pre Evacuate Collection Set: 0.0ms
[2023-10-01T20:49:31.421+0000][14907.058s][info ][gc,phases     ] GC(177)   Evacuate Collection Set: 12.2ms
[2023-10-01T20:49:31.421+0000][14907.058s][info ][gc,phases     ] GC(177)   Post Evacuate Collection Set: 2.6ms
[2023-10-01T20:49:31.422+0000][14907.059s][info ][gc,phases     ] GC(177)   Other: 1.5ms
[2023-10-01T20:49:31.422+0000][14907.060s][info ][gc,heap       ] GC(177) Eden regions: 190->0(18)
[2023-10-01T20:49:31.423+0000][14907.060s][info ][gc,heap       ] GC(177) Survivor regions: 1->1(24)
[2023-10-01T20:49:31.423+0000][14907.061s][info ][gc,heap       ] GC(177) Old regions: 150->150
[2023-10-01T20:49:31.424+0000][14907.061s][info ][gc,heap       ] GC(177) Humongous regions: 0->0
[2023-10-01T20:49:31.425+0000][14907.062s][info ][gc,metaspace  ] GC(177) Metaspace: 177899K(195536K)->177899K(195536K) NonClass: 157970K(171728K)->157970K(171728K) Class: 19929K(23808K)->19929K(23808K)
[2023-10-01T20:49:31.425+0000][14907.062s][info ][gc            ] GC(177) Pause Young (Prepare Mixed) (G1 Evacuation Pause) 338M->148M(384M) 21.154ms
[2023-10-01T20:49:31.426+0000][14907.063s][info ][gc,cpu        ] GC(177) User=0.09s Sys=0.02s Real=0.02s
[2023-10-01T20:49:31.426+0000][14907.063s][info ][safepoint     ] Leaving safepoint region
[2023-10-01T20:49:31.427+0000][14907.064s][info ][safepoint     ] Total time for which application threads were stopped: 0.0235265 seconds, Stopping threads took: 0.0005622 seconds
[2023-10-01T20:49:31.427+0000][14907.064s][info ][gc,stringdedup] Concurrent String Deduplication (14907.064s)
[2023-10-01T20:49:31.428+0000][14907.065s][info ][gc,stringdedup] Concurrent String Deduplication 13200.0B->72.0B(13128.0B) avg 54.5% (14907.064s, 14907.065s) 0.578ms
[2023-10-01T20:49:50.541+0000][14926.174s][debug][safepoint     ] Safepoint synchronization initiated. (176 threads)
[2023-10-01T20:49:50.541+0000][14926.175s][info ][safepoint     ] Application time: 19.1105458 seconds
[2023-10-01T20:49:50.542+0000][14926.176s][debug][safepoint     ] Waiting for 1 thread(s) to block
[2023-10-01T20:49:50.543+0000][14926.176s][info ][safepoint     ] Entering safepoint region: G1CollectForAllocation
[2023-10-01T20:49:50.543+0000][14926.177s][info ][gc,start      ] GC(178) Pause Young (Mixed) (G1 Evacuation Pause)
[2023-10-01T20:49:50.544+0000][14926.178s][info ][gc,task       ] GC(178) Using 8 workers of 8 for evacuation
[2023-10-01T20:49:50.560+0000][14926.194s][info ][gc,phases     ] GC(178)   Pre Evacuate Collection Set: 0.0ms
[2023-10-01T20:49:50.561+0000][14926.195s][info ][gc,phases     ] GC(178)   Evacuate Collection Set: 12.2ms
[2023-10-01T20:49:50.561+0000][14926.195s][info ][gc,phases     ] GC(178)   Post Evacuate Collection Set: 3.0ms
[2023-10-01T20:49:50.562+0000][14926.196s][info ][gc,phases     ] GC(178)   Other: 1.4ms
[2023-10-01T20:49:50.562+0000][14926.196s][info ][gc,heap       ] GC(178) Eden regions: 18->0(190)
[2023-10-01T20:49:50.563+0000][14926.197s][info ][gc,heap       ] GC(178) Survivor regions: 1->1(3)
[2023-10-01T20:49:50.564+0000][14926.197s][info ][gc,heap       ] GC(178) Old regions: 150->149
[2023-10-01T20:49:50.565+0000][14926.198s][info ][gc,heap       ] GC(178) Humongous regions: 0->0
[2023-10-01T20:49:50.566+0000][14926.199s][info ][gc,metaspace  ] GC(178) Metaspace: 177899K(195536K)->177899K(195536K) NonClass: 157970K(171728K)->157970K(171728K) Class: 19929K(23808K)->19929K(23808K)
[2023-10-01T20:49:50.567+0000][14926.201s][info ][gc            ] GC(178) Pause Young (Mixed) (G1 Evacuation Pause) 166M->148M(384M) 23.709ms
[2023-10-01T20:49:50.568+0000][14926.201s][info ][gc,cpu        ] GC(178) User=0.11s Sys=0.00s Real=0.03s
[2023-10-01T20:49:50.568+0000][14926.202s][info ][safepoint     ] Leaving safepoint region
[2023-10-01T20:49:50.569+0000][14926.203s][info ][safepoint     ] Total time for which application threads were stopped: 0.0270959 seconds, Stopping threads took: 0.0013085 seconds
[2023-10-01T20:49:50.569+0000][14926.203s][info ][gc,stringdedup] Concurrent String Deduplication (14926.203s)
[2023-10-01T20:49:50.570+0000][14926.204s][info ][gc,stringdedup] Concurrent String Deduplication 24.0B->0.0B(24.0B) avg 54.5% (14926.203s, 14926.204s) 0.488ms
[2023-10-01T20:53:25.487+0000][15141.125s][debug][safepoint     ] Safepoint synchronization initiated. (176 threads)
[2023-10-01T20:53:25.487+0000][15141.125s][info ][safepoint     ] Application time: 214.9223278 seconds
[2023-10-01T20:53:25.488+0000][15141.126s][info ][safepoint     ] Entering safepoint region: G1CollectForAllocation
[2023-10-01T20:53:25.489+0000][15141.127s][info ][gc,start      ] GC(179) Pause Young (Normal) (G1 Evacuation Pause)
[2023-10-01T20:53:25.489+0000][15141.127s][info ][gc,task       ] GC(179) Using 8 workers of 8 for evacuation
[2023-10-01T20:53:25.502+0000][15141.140s][info ][gc,phases     ] GC(179)   Pre Evacuate Collection Set: 0.0ms
[2023-10-01T20:53:25.502+0000][15141.141s][info ][gc,phases     ] GC(179)   Evacuate Collection Set: 9.8ms
[2023-10-01T20:53:25.503+0000][15141.141s][info ][gc,phases     ] GC(179)   Post Evacuate Collection Set: 2.5ms
[2023-10-01T20:53:25.503+0000][15141.141s][info ][gc,phases     ] GC(179)   Other: 1.1ms
[2023-10-01T20:53:25.504+0000][15141.142s][info ][gc,heap       ] GC(179) Eden regions: 190->0(190)
[2023-10-01T20:53:25.504+0000][15141.142s][info ][gc,heap       ] GC(179) Survivor regions: 1->1(24)
[2023-10-01T20:53:25.505+0000][15141.143s][info ][gc,heap       ] GC(179) Old regions: 149->149
[2023-10-01T20:53:25.505+0000][15141.143s][info ][gc,heap       ] GC(179) Humongous regions: 0->0
[2023-10-01T20:53:25.506+0000][15141.144s][info ][gc,metaspace  ] GC(179) Metaspace: 177901K(195536K)->177901K(195536K) NonClass: 157971K(171728K)->157971K(171728K) Class: 19929K(23808K)->19929K(23808K)
[2023-10-01T20:53:25.506+0000][15141.144s][info ][gc            ] GC(179) Pause Young (Normal) (G1 Evacuation Pause) 338M->148M(384M) 17.626ms
[2023-10-01T20:53:25.507+0000][15141.145s][info ][gc,cpu        ] GC(179) User=0.09s Sys=0.00s Real=0.02s
[2023-10-01T20:53:25.507+0000][15141.145s][info ][safepoint     ] Leaving safepoint region
[2023-10-01T20:53:25.508+0000][15141.146s][info ][safepoint     ] Total time for which application threads were stopped: 0.0198572 seconds, Stopping threads took: 0.0005464 seconds
[2023-10-01T20:53:25.508+0000][15141.146s][info ][gc,stringdedup] Concurrent String Deduplication (15141.146s)
[2023-10-01T20:53:25.509+0000][15141.147s][info ][gc,stringdedup] Concurrent String Deduplication 24.0B->24.0B(0.0B) avg 54.5% (15141.146s, 15141.147s) 0.579ms
[2023-10-01T20:56:12.540+0000][15308.178s][debug][safepoint     ] Safepoint synchronization initiated. (176 threads)
[2023-10-01T20:56:12.541+0000][15308.179s][info ][safepoint     ] Application time: 167.0325287 seconds
[2023-10-01T20:56:12.541+0000][15308.179s][info ][safepoint     ] Entering safepoint region: Cleanup
[2023-10-01T20:56:12.542+0000][15308.180s][info ][safepoint     ] Leaving safepoint region
[2023-10-01T20:56:12.542+0000][15308.181s][info ][safepoint     ] Total time for which application threads were stopped: 0.0013344 seconds, Stopping threads took: 0.0005065 seconds
[2023-10-01T20:57:00.757+0000][15356.395s][debug][safepoint     ] Safepoint synchronization initiated. (176 threads)
[2023-10-01T20:57:00.758+0000][15356.396s][info ][safepoint     ] Application time: 48.2149914 seconds
[2023-10-01T20:57:00.758+0000][15356.397s][info ][safepoint     ] Entering safepoint region: G1CollectForAllocation
[2023-10-01T20:57:00.759+0000][15356.397s][info ][gc,start      ] GC(180) Pause Young (Normal) (G1 Evacuation Pause)
[2023-10-01T20:57:00.760+0000][15356.398s][info ][gc,task       ] GC(180) Using 8 workers of 8 for evacuation
[2023-10-01T20:57:00.765+0000][15356.403s][info ][gc,phases     ] GC(180)   Pre Evacuate Collection Set: 0.0ms
[2023-10-01T20:57:00.766+0000][15356.404s][info ][gc,phases     ] GC(180)   Evacuate Collection Set: 2.4ms
[2023-10-01T20:57:00.766+0000][15356.405s][info ][gc,phases     ] GC(180)   Post Evacuate Collection Set: 2.4ms
[2023-10-01T20:57:00.767+0000][15356.405s][info ][gc,phases     ] GC(180)   Other: 1.3ms
[2023-10-01T20:57:00.768+0000][15356.406s][info ][gc,heap       ] GC(180) Eden regions: 190->0(190)
[2023-10-01T20:57:00.768+0000][15356.406s][info ][gc,heap       ] GC(180) Survivor regions: 1->1(24)
[2023-10-01T20:57:00.769+0000][15356.407s][info ][gc,heap       ] GC(180) Old regions: 149->149
[2023-10-01T20:57:00.769+0000][15356.407s][info ][gc,heap       ] GC(180) Humongous regions: 0->0
[2023-10-01T20:57:00.770+0000][15356.408s][info ][gc,metaspace  ] GC(180) Metaspace: 177930K(195536K)->177930K(195536K) NonClass: 158001K(171728K)->158001K(171728K) Class: 19929K(23808K)->19929K(23808K)
[2023-10-01T20:57:00.770+0000][15356.408s][info ][gc            ] GC(180) Pause Young (Normal) (G1 Evacuation Pause) 338M->148M(384M) 10.939ms
[2023-10-01T20:57:00.771+0000][15356.409s][info ][gc,cpu        ] GC(180) User=0.01s Sys=0.00s Real=0.01s
[2023-10-01T20:57:00.771+0000][15356.409s][info ][safepoint     ] Leaving safepoint region
[2023-10-01T20:57:00.772+0000][15356.410s][info ][safepoint     ] Total time for which application threads were stopped: 0.0133311 seconds, Stopping threads took: 0.0005999 seconds
[2023-10-01T20:58:12.786+0000][15428.424s][debug][safepoint     ] Safepoint synchronization initiated. (177 threads)
[2023-10-01T20:58:12.787+0000][15428.425s][info ][safepoint     ] Application time: 72.0145576 seconds
[2023-10-01T20:58:12.787+0000][15428.425s][info ][safepoint     ] Entering safepoint region: Cleanup
[2023-10-01T20:58:12.788+0000][15428.426s][info ][safepoint     ] Leaving safepoint region
[2023-10-01T20:58:12.788+0000][15428.426s][info ][safepoint     ] Total time for which application threads were stopped: 0.0010187 seconds, Stopping threads took: 0.0004387 seconds
[2023-10-01T21:00:35.666+0000][15571.304s][debug][safepoint     ] Safepoint synchronization initiated. (176 threads)
[2023-10-01T21:00:35.666+0000][15571.305s][info ][safepoint     ] Application time: 142.8778877 seconds
[2023-10-01T21:00:35.667+0000][15571.305s][info ][safepoint     ] Entering safepoint region: G1CollectForAllocation
[2023-10-01T21:00:35.668+0000][15571.306s][info ][gc,start      ] GC(181) Pause Young (Concurrent Start) (G1 Evacuation Pause)
[2023-10-01T21:00:35.668+0000][15571.307s][info ][gc,task       ] GC(181) Using 8 workers of 8 for evacuation
[2023-10-01T21:00:35.676+0000][15571.314s][info ][gc,phases     ] GC(181)   Pre Evacuate Collection Set: 0.7ms
[2023-10-01T21:00:35.677+0000][15571.315s][info ][gc,phases     ] GC(181)   Evacuate Collection Set: 3.9ms
[2023-10-01T21:00:35.677+0000][15571.315s][info ][gc,phases     ] GC(181)   Post Evacuate Collection Set: 2.3ms
[2023-10-01T21:00:35.678+0000][15571.316s][info ][gc,phases     ] GC(181)   Other: 1.2ms
[2023-10-01T21:00:35.678+0000][15571.316s][info ][gc,heap       ] GC(181) Eden regions: 190->0(190)
[2023-10-01T21:00:35.679+0000][15571.317s][info ][gc,heap       ] GC(181) Survivor regions: 1->1(24)
[2023-10-01T21:00:35.679+0000][15571.318s][info ][gc,heap       ] GC(181) Old regions: 149->149
[2023-10-01T21:00:35.680+0000][15571.318s][info ][gc,heap       ] GC(181) Humongous regions: 0->0
[2023-10-01T21:00:35.680+0000][15571.319s][info ][gc,metaspace  ] GC(181) Metaspace: 177953K(195536K)->177953K(195536K) NonClass: 158023K(171728K)->158023K(171728K) Class: 19929K(23808K)->19929K(23808K)
[2023-10-01T21:00:35.681+0000][15571.319s][info ][gc            ] GC(181) Pause Young (Concurrent Start) (G1 Evacuation Pause) 338M->148M(384M) 12.955ms
[2023-10-01T21:00:35.681+0000][15571.320s][info ][gc,cpu        ] GC(181) User=0.03s Sys=0.01s Real=0.02s
[2023-10-01T21:00:35.682+0000][15571.320s][info ][safepoint     ] Leaving safepoint region
[2023-10-01T21:00:35.682+0000][15571.321s][info ][safepoint     ] Total time for which application threads were stopped: 0.0153945 seconds, Stopping threads took: 0.0005899 seconds
[2023-10-01T21:00:35.682+0000][15571.320s][info ][gc            ] GC(182) Concurrent Cycle
[2023-10-01T21:00:35.683+0000][15571.322s][info ][gc,marking    ] GC(182) Concurrent Clear Claimed Marks
[2023-10-01T21:00:35.683+0000][15571.321s][info ][gc,stringdedup] Concurrent String Deduplication (15571.321s)
[2023-10-01T21:00:35.684+0000][15571.323s][info ][gc,stringdedup] Concurrent String Deduplication 344.0B->288.0B(56.0B) avg 54.5% (15571.321s, 15571.323s) 1.296ms
[2023-10-01T21:00:35.685+0000][15571.323s][info ][gc,marking    ] GC(182) Concurrent Clear Claimed Marks 1.249ms
[2023-10-01T21:00:35.685+0000][15571.323s][info ][gc,marking    ] GC(182) Concurrent Scan Root Regions
[2023-10-01T21:00:35.687+0000][15571.326s][info ][gc,marking    ] GC(182) Concurrent Scan Root Regions 2.234ms
[2023-10-01T21:00:35.688+0000][15571.326s][info ][gc,marking    ] GC(182) Concurrent Mark (15571.326s)
[2023-10-01T21:00:35.688+0000][15571.327s][info ][gc,marking    ] GC(182) Concurrent Mark From Roots
[2023-10-01T21:00:35.689+0000][15571.327s][info ][gc,task       ] GC(182) Using 2 workers of 2 for marking
[2023-10-01T21:00:35.835+0000][15571.473s][info ][gc,marking    ] GC(182) Concurrent Mark From Roots 146.221ms
[2023-10-01T21:00:35.835+0000][15571.474s][info ][gc,marking    ] GC(182) Concurrent Preclean
[2023-10-01T21:00:35.836+0000][15571.474s][info ][gc,marking    ] GC(182) Concurrent Preclean 0.769ms
[2023-10-01T21:00:35.836+0000][15571.475s][info ][gc,marking    ] GC(182) Concurrent Mark (15571.326s, 15571.475s) 148.557ms
[2023-10-01T21:00:35.837+0000][15571.475s][debug][safepoint     ] Safepoint synchronization initiated. (176 threads)
[2023-10-01T21:00:35.837+0000][15571.476s][info ][safepoint     ] Application time: 0.1543494 seconds
[2023-10-01T21:00:35.838+0000][15571.476s][info ][safepoint     ] Entering safepoint region: CGC_Operation
[2023-10-01T21:00:35.838+0000][15571.477s][info ][gc,start      ] GC(182) Pause Remark
[2023-10-01T21:00:35.859+0000][15571.497s][info ][gc,stringtable] GC(182) Cleaned string and symbol table, strings: 73344 processed, 0 removed, symbols: 413351 processed, 0 removed
[2023-10-01T21:00:35.860+0000][15571.498s][info ][gc            ] GC(182) Pause Remark 152M->152M(384M) 21.743ms
[2023-10-01T21:00:35.860+0000][15571.499s][info ][gc,cpu        ] GC(182) User=0.14s Sys=0.00s Real=0.03s
[2023-10-01T21:00:35.861+0000][15571.499s][info ][safepoint     ] Leaving safepoint region
[2023-10-01T21:00:35.861+0000][15571.500s][info ][safepoint     ] Total time for which application threads were stopped: 0.0236023 seconds, Stopping threads took: 0.0003230 seconds
[2023-10-01T21:00:35.862+0000][15571.500s][info ][gc,marking    ] GC(182) Concurrent Rebuild Remembered Sets
[2023-10-01T21:00:35.975+0000][15571.613s][info ][gc,marking    ] GC(182) Concurrent Rebuild Remembered Sets 113.360ms
[2023-10-01T21:00:35.976+0000][15571.614s][debug][safepoint     ] Safepoint synchronization initiated. (176 threads)
[2023-10-01T21:00:35.976+0000][15571.614s][info ][safepoint     ] Application time: 0.1144231 seconds
[2023-10-01T21:00:35.976+0000][15571.615s][info ][safepoint     ] Entering safepoint region: CGC_Operation
[2023-10-01T21:00:35.977+0000][15571.615s][info ][gc,start      ] GC(182) Pause Cleanup
[2023-10-01T21:00:35.978+0000][15571.616s][info ][gc            ] GC(182) Pause Cleanup 152M->152M(384M) 0.851ms
[2023-10-01T21:00:35.978+0000][15571.617s][info ][gc,cpu        ] GC(182) User=0.00s Sys=0.00s Real=0.00s
[2023-10-01T21:00:35.979+0000][15571.617s][info ][safepoint     ] Leaving safepoint region
[2023-10-01T21:00:35.979+0000][15571.617s][info ][safepoint     ] Total time for which application threads were stopped: 0.0026945 seconds, Stopping threads took: 0.0003934 seconds
[2023-10-01T21:00:35.980+0000][15571.618s][info ][gc,marking    ] GC(182) Concurrent Cleanup for Next Mark
[2023-10-01T21:00:35.981+0000][15571.620s][info ][gc,marking    ] GC(182) Concurrent Cleanup for Next Mark 1.455ms
[2023-10-01T21:00:35.982+0000][15571.620s][info ][gc            ] GC(182) Concurrent Cycle 300.034ms
[2023-10-01T21:02:45.004+0000][15700.642s][debug][safepoint     ] Safepoint synchronization initiated. (176 threads)
[2023-10-01T21:02:45.005+0000][15700.643s][info ][safepoint     ] Application time: 129.0243979 seconds
[2023-10-01T21:02:45.006+0000][15700.643s][info ][safepoint     ] Entering safepoint region: Cleanup
[2023-10-01T21:02:45.006+0000][15700.644s][info ][safepoint     ] Leaving safepoint region
[2023-10-01T21:02:45.007+0000][15700.644s][info ][safepoint     ] Total time for which application threads were stopped: 0.0013039 seconds, Stopping threads took: 0.0005632 seconds
[2023-10-01T21:04:10.913+0000][15786.550s][debug][safepoint     ] Safepoint synchronization initiated. (176 threads)
[2023-10-01T21:04:10.914+0000][15786.551s][info ][safepoint     ] Application time: 85.9058982 seconds
[2023-10-01T21:04:10.914+0000][15786.552s][info ][safepoint     ] Entering safepoint region: G1CollectForAllocation
[2023-10-01T21:04:10.915+0000][15786.552s][info ][gc,start      ] GC(183) Pause Young (Normal) (G1 Evacuation Pause)
[2023-10-01T21:04:10.916+0000][15786.553s][info ][gc,task       ] GC(183) Using 8 workers of 8 for evacuation
[2023-10-01T21:04:10.920+0000][15786.557s][info ][gc,phases     ] GC(183)   Pre Evacuate Collection Set: 0.0ms
[2023-10-01T21:04:10.921+0000][15786.558s][info ][gc,phases     ] GC(183)   Evacuate Collection Set: 1.2ms
[2023-10-01T21:04:10.921+0000][15786.559s][info ][gc,phases     ] GC(183)   Post Evacuate Collection Set: 2.4ms
[2023-10-01T21:04:10.922+0000][15786.559s][info ][gc,phases     ] GC(183)   Other: 1.3ms
[2023-10-01T21:04:10.922+0000][15786.560s][info ][gc,heap       ] GC(183) Eden regions: 190->0(190)
[2023-10-01T21:04:10.923+0000][15786.560s][info ][gc,heap       ] GC(183) Survivor regions: 1->1(24)
[2023-10-01T21:04:10.923+0000][15786.561s][info ][gc,heap       ] GC(183) Old regions: 149->149
[2023-10-01T21:04:10.924+0000][15786.561s][info ][gc,heap       ] GC(183) Humongous regions: 0->0
[2023-10-01T21:04:10.925+0000][15786.562s][info ][gc,metaspace  ] GC(183) Metaspace: 177953K(195536K)->177953K(195536K) NonClass: 158024K(171728K)->158024K(171728K) Class: 19929K(23808K)->19929K(23808K)
[2023-10-01T21:04:10.925+0000][15786.562s][info ][gc            ] GC(183) Pause Young (Normal) (G1 Evacuation Pause) 338M->148M(384M) 9.896ms
[2023-10-01T21:04:10.926+0000][15786.563s][info ][gc,cpu        ] GC(183) User=0.01s Sys=0.01s Real=0.01s
[2023-10-01T21:04:10.926+0000][15786.564s][info ][safepoint     ] Leaving safepoint region
[2023-10-01T21:04:10.927+0000][15786.564s][info ][safepoint     ] Total time for which application threads were stopped: 0.0125332 seconds, Stopping threads took: 0.0005924 seconds
[2023-10-01T21:04:10.927+0000][15786.565s][info ][gc,stringdedup] Concurrent String Deduplication (15786.565s)
[2023-10-01T21:04:10.928+0000][15786.565s][info ][gc,stringdedup] Concurrent String Deduplication 0.0B->0.0B(0.0B) avg 54.5% (15786.565s, 15786.565s) 0.424ms
