[2023-10-17T15:05:37.052+0000][0.056s][info][gc,heap] Heap region size: 1M
[2023-10-17T15:05:37.056+0000][0.060s][info][gc     ] Using G1
[2023-10-17T15:05:37.057+0000][0.060s][info][gc,heap,coops] Heap address: 0x0000000085a00000, size: 1958 MB, Compressed Oops mode: 32-bit
[2023-10-17T15:05:37.058+0000][0.062s][info][gc,cds       ] Mark closed archive regions in map: [0x00000000ffc00000, 0x00000000ffc6aff8]
[2023-10-17T15:05:37.058+0000][0.062s][info][gc,cds       ] Mark open archive regions in map: [0x00000000ff800000, 0x00000000ff847ff8]
[2023-10-17T15:05:37.160+0000][0.164s][debug][safepoint    ] Safepoint synchronization initiated. (9 threads)
[2023-10-17T15:05:37.161+0000][0.165s][info ][safepoint    ] Application time: 0.0517670 seconds
[2023-10-17T15:05:37.162+0000][0.166s][info ][safepoint    ] Entering safepoint region: Deoptimize
[2023-10-17T15:05:37.163+0000][0.166s][info ][safepoint    ] Leaving safepoint region
[2023-10-17T15:05:37.163+0000][0.167s][info ][safepoint    ] Total time for which application threads were stopped: 0.0015079 seconds, Stopping threads took: 0.0006844 seconds
[2023-10-17T15:05:37.935+0000][0.938s][debug][safepoint    ] Safepoint synchronization initiated. (11 threads)
[2023-10-17T15:05:37.936+0000][0.939s][info ][safepoint    ] Application time: 0.7715593 seconds
[2023-10-17T15:05:37.936+0000][0.940s][info ][safepoint    ] Entering safepoint region: G1CollectForAllocation
[2023-10-17T15:05:37.937+0000][0.941s][info ][gc,start     ] GC(0) Pause Young (Normal) (G1 Evacuation Pause)
[2023-10-17T15:05:37.939+0000][0.943s][info ][gc,task      ] GC(0) Using 3 workers of 8 for evacuation
[2023-10-17T15:05:37.959+0000][0.962s][info ][gc,phases    ] GC(0)   Pre Evacuate Collection Set: 0.0ms
[2023-10-17T15:05:37.959+0000][0.963s][info ][gc,phases    ] GC(0)   Evacuate Collection Set: 17.2ms
[2023-10-17T15:05:37.960+0000][0.964s][info ][gc,phases    ] GC(0)   Post Evacuate Collection Set: 1.4ms
[2023-10-17T15:05:37.961+0000][0.965s][info ][gc,phases    ] GC(0)   Other: 3.0ms
[2023-10-17T15:05:37.961+0000][0.965s][info ][gc,heap      ] GC(0) Eden regions: 59->0(66)
[2023-10-17T15:05:37.962+0000][0.966s][info ][gc,heap      ] GC(0) Survivor regions: 0->8(8)
[2023-10-17T15:05:37.962+0000][0.966s][info ][gc,heap      ] GC(0) Old regions: 2->2
[2023-10-17T15:05:37.963+0000][0.966s][info ][gc,heap      ] GC(0) Humongous regions: 2->0
[2023-10-17T15:05:37.963+0000][0.967s][info ][gc,metaspace ] GC(0) Metaspace: 2399K(5760K)->2399K(5760K) NonClass: 2196K(5120K)->2196K(5120K) Class: 202K(640K)->202K(640K)
[2023-10-17T15:05:37.964+0000][0.967s][info ][gc           ] GC(0) Pause Young (Normal) (G1 Evacuation Pause) 61M->8M(126M) 26.626ms
[2023-10-17T15:05:37.964+0000][0.968s][info ][gc,cpu       ] GC(0) User=0.06s Sys=0.02s Real=0.03s
[2023-10-17T15:05:37.964+0000][0.968s][info ][safepoint    ] Leaving safepoint region
[2023-10-17T15:05:37.965+0000][0.968s][info ][safepoint    ] Total time for which application threads were stopped: 0.0288650 seconds, Stopping threads took: 0.0006124 seconds
[2023-10-17T15:05:38.083+0000][1.087s][debug][safepoint    ] Safepoint synchronization initiated. (11 threads)
[2023-10-17T15:05:38.084+0000][1.088s][info ][safepoint    ] Application time: 0.1188095 seconds
[2023-10-17T15:05:38.085+0000][1.088s][info ][safepoint    ] Entering safepoint region: Deoptimize
[2023-10-17T15:05:38.086+0000][1.089s][info ][safepoint    ] Leaving safepoint region
[2023-10-17T15:05:38.087+0000][1.090s][info ][safepoint    ] Total time for which application threads were stopped: 0.0021272 seconds, Stopping threads took: 0.0006232 seconds
[2023-10-17T15:05:38.097+0000][1.101s][debug][safepoint    ] Safepoint synchronization initiated. (11 threads)
[2023-10-17T15:05:38.098+0000][1.101s][info ][safepoint    ] Application time: 0.0101411 seconds
[2023-10-17T15:05:38.098+0000][1.102s][info ][safepoint    ] Entering safepoint region: Deoptimize
[2023-10-17T15:05:38.099+0000][1.103s][info ][safepoint    ] Leaving safepoint region
[2023-10-17T15:05:38.099+0000][1.103s][info ][safepoint    ] Total time for which application threads were stopped: 0.0011651 seconds, Stopping threads took: 0.0004467 seconds
[2023-10-17T15:05:38.196+0000][1.199s][debug][safepoint    ] Safepoint synchronization initiated. (11 threads)
[2023-10-17T15:05:38.196+0000][1.200s][info ][safepoint    ] Application time: 0.0962031 seconds
[2023-10-17T15:05:38.197+0000][1.200s][info ][safepoint    ] Entering safepoint region: Deoptimize
[2023-10-17T15:05:38.197+0000][1.201s][info ][safepoint    ] Leaving safepoint region
[2023-10-17T15:05:38.198+0000][1.201s][info ][safepoint    ] Total time for which application threads were stopped: 0.0011481 seconds, Stopping threads took: 0.0004471 seconds
[2023-10-17T15:05:38.214+0000][1.217s][debug][safepoint    ] Safepoint synchronization initiated. (11 threads)
[2023-10-17T15:05:38.214+0000][1.218s][info ][safepoint    ] Application time: 0.0163693 seconds
[2023-10-17T15:05:38.218+0000][1.221s][info ][safepoint    ] Entering safepoint region: Deoptimize
[2023-10-17T15:05:38.219+0000][1.222s][info ][safepoint    ] Leaving safepoint region
[2023-10-17T15:05:38.219+0000][1.223s][info ][safepoint    ] Total time for which application threads were stopped: 0.0014861 seconds, Stopping threads took: 0.0006661 seconds
[2023-10-17T15:05:38.529+0000][1.533s][debug][safepoint    ] Safepoint synchronization initiated. (12 threads)
[2023-10-17T15:05:38.530+0000][1.534s][info ][safepoint    ] Application time: 0.3102328 seconds
[2023-10-17T15:05:38.531+0000][1.534s][info ][safepoint    ] Entering safepoint region: G1CollectForAllocation
[2023-10-17T15:05:38.533+0000][1.536s][info ][gc,start     ] GC(1) Pause Young (Normal) (G1 Evacuation Pause)
[2023-10-17T15:05:38.533+0000][1.537s][info ][gc,task      ] GC(1) Using 3 workers of 8 for evacuation
[2023-10-17T15:05:38.560+0000][1.564s][info ][gc,phases    ] GC(1)   Pre Evacuate Collection Set: 0.1ms
[2023-10-17T15:05:38.561+0000][1.565s][info ][gc,phases    ] GC(1)   Evacuate Collection Set: 25.3ms
[2023-10-17T15:05:38.561+0000][1.565s][info ][gc,phases    ] GC(1)   Post Evacuate Collection Set: 1.0ms
[2023-10-17T15:05:38.562+0000][1.565s][info ][gc,phases    ] GC(1)   Other: 1.7ms
[2023-10-17T15:05:38.562+0000][1.566s][info ][gc,heap      ] GC(1) Eden regions: 66->0(69)
[2023-10-17T15:05:38.563+0000][1.566s][info ][gc,heap      ] GC(1) Survivor regions: 8->2(10)
[2023-10-17T15:05:38.563+0000][1.567s][info ][gc,heap      ] GC(1) Old regions: 2->10
[2023-10-17T15:05:38.563+0000][1.567s][info ][gc,heap      ] GC(1) Humongous regions: 0->0
[2023-10-17T15:05:38.564+0000][1.567s][info ][gc,metaspace ] GC(1) Metaspace: 5173K(7424K)->5173K(7424K) NonClass: 4619K(6656K)->4619K(6656K) Class: 553K(768K)->553K(768K)
[2023-10-17T15:05:38.564+0000][1.568s][info ][gc           ] GC(1) Pause Young (Normal) (G1 Evacuation Pause) 74M->9M(126M) 31.500ms
[2023-10-17T15:05:38.564+0000][1.568s][info ][gc,cpu       ] GC(1) User=0.09s Sys=0.06s Real=0.03s
[2023-10-17T15:05:38.565+0000][1.568s][info ][safepoint    ] Leaving safepoint region
[2023-10-17T15:05:38.565+0000][1.569s][info ][safepoint    ] Total time for which application threads were stopped: 0.0344725 seconds, Stopping threads took: 0.0008898 seconds
[2023-10-17T15:05:38.566+0000][1.570s][info ][gc,stringdedup] Concurrent String Deduplication (1.570s)
[2023-10-17T15:05:38.590+0000][1.594s][info ][gc,stringdedup] Concurrent String Deduplication 2182.6K->2008.3K(174.4K) avg 7.1% (1.570s, 1.593s) 23.470ms
[2023-10-17T15:05:38.979+0000][1.982s][debug][safepoint     ] Safepoint synchronization initiated. (12 threads)
[2023-10-17T15:05:38.979+0000][1.983s][info ][safepoint     ] Application time: 0.4131884 seconds
[2023-10-17T15:05:38.980+0000][1.983s][info ][safepoint     ] Entering safepoint region: G1CollectForAllocation
[2023-10-17T15:05:38.981+0000][1.984s][info ][gc,start      ] GC(2) Pause Young (Normal) (G1 Evacuation Pause)
[2023-10-17T15:05:38.981+0000][1.985s][info ][gc,task       ] GC(2) Using 3 workers of 8 for evacuation
[2023-10-17T15:05:38.987+0000][1.991s][info ][gc,phases     ] GC(2)   Pre Evacuate Collection Set: 0.0ms
[2023-10-17T15:05:38.988+0000][1.992s][info ][gc,phases     ] GC(2)   Evacuate Collection Set: 4.1ms
[2023-10-17T15:05:38.989+0000][1.992s][info ][gc,phases     ] GC(2)   Post Evacuate Collection Set: 1.7ms
[2023-10-17T15:05:38.989+0000][1.993s][info ][gc,phases     ] GC(2)   Other: 0.9ms
[2023-10-17T15:05:38.989+0000][1.993s][info ][gc,heap       ] GC(2) Eden regions: 69->0(72)
[2023-10-17T15:05:38.990+0000][1.993s][info ][gc,heap       ] GC(2) Survivor regions: 2->2(9)
[2023-10-17T15:05:38.990+0000][1.994s][info ][gc,heap       ] GC(2) Old regions: 10->10
[2023-10-17T15:05:38.991+0000][1.994s][info ][gc,heap       ] GC(2) Humongous regions: 0->0
[2023-10-17T15:05:38.991+0000][1.995s][info ][gc,metaspace  ] GC(2) Metaspace: 7243K(9088K)->7243K(9088K) NonClass: 6413K(7936K)->6413K(7936K) Class: 830K(1152K)->830K(1152K)
[2023-10-17T15:05:38.991+0000][1.995s][info ][gc            ] GC(2) Pause Young (Normal) (G1 Evacuation Pause) 78M->10M(126M) 10.730ms
[2023-10-17T15:05:38.992+0000][1.995s][info ][gc,cpu        ] GC(2) User=0.03s Sys=0.00s Real=0.01s
[2023-10-17T15:05:38.992+0000][1.996s][info ][safepoint     ] Leaving safepoint region
[2023-10-17T15:05:38.993+0000][1.996s][info ][safepoint     ] Total time for which application threads were stopped: 0.0128075 seconds, Stopping threads took: 0.0005116 seconds
[2023-10-17T15:05:39.360+0000][2.364s][debug][safepoint     ] Safepoint synchronization initiated. (12 threads)
[2023-10-17T15:05:39.361+0000][2.364s][info ][safepoint     ] Application time: 0.3677568 seconds
[2023-10-17T15:05:39.361+0000][2.365s][info ][safepoint     ] Entering safepoint region: G1CollectForAllocation
[2023-10-17T15:05:39.362+0000][2.366s][info ][gc,start      ] GC(3) Pause Young (Normal) (G1 Evacuation Pause)
[2023-10-17T15:05:39.363+0000][2.366s][info ][gc,task       ] GC(3) Using 3 workers of 8 for evacuation
[2023-10-17T15:05:39.371+0000][2.374s][info ][gc,phases     ] GC(3)   Pre Evacuate Collection Set: 0.0ms
[2023-10-17T15:05:39.372+0000][2.375s][info ][gc,phases     ] GC(3)   Evacuate Collection Set: 5.5ms
[2023-10-17T15:05:39.373+0000][2.376s][info ][gc,phases     ] GC(3)   Post Evacuate Collection Set: 1.8ms
[2023-10-17T15:05:39.374+0000][2.377s][info ][gc,phases     ] GC(3)   Other: 1.2ms
[2023-10-17T15:05:39.375+0000][2.378s][info ][gc,heap       ] GC(3) Eden regions: 72->0(71)
[2023-10-17T15:05:39.376+0000][2.379s][info ][gc,heap       ] GC(3) Survivor regions: 2->3(10)
[2023-10-17T15:05:39.376+0000][2.380s][info ][gc,heap       ] GC(3) Old regions: 10->10
[2023-10-17T15:05:39.377+0000][2.381s][info ][gc,heap       ] GC(3) Humongous regions: 0->0
[2023-10-17T15:05:39.378+0000][2.381s][info ][gc,metaspace  ] GC(3) Metaspace: 10366K(11520K)->10366K(11520K) NonClass: 9094K(9984K)->9094K(9984K) Class: 1271K(1536K)->1271K(1536K)
[2023-10-17T15:05:39.379+0000][2.382s][info ][gc            ] GC(3) Pause Young (Normal) (G1 Evacuation Pause) 82M->11M(126M) 16.484ms
[2023-10-17T15:05:39.379+0000][2.383s][info ][gc,cpu        ] GC(3) User=0.04s Sys=0.00s Real=0.01s
[2023-10-17T15:05:39.380+0000][2.384s][info ][safepoint     ] Leaving safepoint region
[2023-10-17T15:05:39.381+0000][2.385s][info ][safepoint     ] Total time for which application threads were stopped: 0.0200745 seconds, Stopping threads took: 0.0005116 seconds
[2023-10-17T15:05:39.382+0000][2.386s][info ][gc,stringdedup] Concurrent String Deduplication (2.386s)
[2023-10-17T15:05:39.384+0000][2.388s][info ][gc,stringdedup] Concurrent String Deduplication 54736.0B->21904.0B(32832.0B) avg 8.2% (2.386s, 2.388s) 2.141ms
[2023-10-17T15:05:39.588+0000][2.592s][debug][safepoint     ] Safepoint synchronization initiated. (12 threads)
[2023-10-17T15:05:39.589+0000][2.593s][info ][safepoint     ] Application time: 0.2072329 seconds
[2023-10-17T15:05:39.590+0000][2.594s][info ][safepoint     ] Entering safepoint region: Deoptimize
[2023-10-17T15:05:39.592+0000][2.596s][info ][safepoint     ] Leaving safepoint region
[2023-10-17T15:05:39.593+0000][2.596s][info ][safepoint     ] Total time for which application threads were stopped: 0.0025130 seconds, Stopping threads took: 0.0011198 seconds
[2023-10-17T15:05:39.702+0000][2.705s][debug][safepoint     ] Safepoint synchronization initiated. (12 threads)
[2023-10-17T15:05:39.702+0000][2.706s][info ][safepoint     ] Application time: 0.1092683 seconds
[2023-10-17T15:05:39.703+0000][2.706s][info ][safepoint     ] Entering safepoint region: ICBufferFull
[2023-10-17T15:05:39.704+0000][2.707s][info ][safepoint     ] Leaving safepoint region
[2023-10-17T15:05:39.704+0000][2.708s][info ][safepoint     ] Total time for which application threads were stopped: 0.0012754 seconds, Stopping threads took: 0.0004564 seconds
[2023-10-17T15:05:39.775+0000][2.779s][debug][safepoint     ] Safepoint synchronization initiated. (11 threads)
[2023-10-17T15:05:39.776+0000][2.779s][info ][safepoint     ] Application time: 0.0705978 seconds
[2023-10-17T15:05:39.776+0000][2.780s][info ][safepoint     ] Entering safepoint region: G1CollectForAllocation
[2023-10-17T15:05:39.777+0000][2.780s][info ][gc,start      ] GC(4) Pause Young (Normal) (G1 Evacuation Pause)
[2023-10-17T15:05:39.777+0000][2.781s][info ][gc,task       ] GC(4) Using 3 workers of 8 for evacuation
[2023-10-17T15:05:39.788+0000][2.791s][info ][gc,phases     ] GC(4)   Pre Evacuate Collection Set: 0.0ms
[2023-10-17T15:05:39.788+0000][2.792s][info ][gc,phases     ] GC(4)   Evacuate Collection Set: 8.6ms
[2023-10-17T15:05:39.789+0000][2.792s][info ][gc,phases     ] GC(4)   Post Evacuate Collection Set: 1.6ms
[2023-10-17T15:05:39.789+0000][2.793s][info ][gc,phases     ] GC(4)   Other: 0.9ms
[2023-10-17T15:05:39.789+0000][2.793s][info ][gc,heap       ] GC(4) Eden regions: 71->0(85)
[2023-10-17T15:05:39.790+0000][2.794s][info ][gc,heap       ] GC(4) Survivor regions: 3->5(10)
[2023-10-17T15:05:39.791+0000][2.794s][info ][gc,heap       ] GC(4) Old regions: 10->10
[2023-10-17T15:05:39.791+0000][2.795s][info ][gc,heap       ] GC(4) Humongous regions: 0->0
[2023-10-17T15:05:39.792+0000][2.795s][info ][gc,metaspace  ] GC(4) Metaspace: 12103K(12800K)->12103K(12800K) NonClass: 10608K(11008K)->10608K(11008K) Class: 1494K(1792K)->1494K(1792K)
[2023-10-17T15:05:39.792+0000][2.796s][info ][gc            ] GC(4) Pause Young (Normal) (G1 Evacuation Pause) 82M->13M(160M) 15.362ms
[2023-10-17T15:05:39.793+0000][2.796s][info ][gc,cpu        ] GC(4) User=0.06s Sys=0.00s Real=0.02s
[2023-10-17T15:05:39.794+0000][2.797s][info ][safepoint     ] Leaving safepoint region
[2023-10-17T15:05:39.794+0000][2.798s][info ][safepoint     ] Total time for which application threads were stopped: 0.0179428 seconds, Stopping threads took: 0.0004541 seconds
[2023-10-17T15:05:39.795+0000][2.798s][info ][gc,stringdedup] Concurrent String Deduplication (2.798s)
[2023-10-17T15:05:39.798+0000][2.801s][info ][gc,stringdedup] Concurrent String Deduplication 114.4K->35848.0B(81328.0B) avg 10.9% (2.798s, 2.801s) 3.265ms
[2023-10-17T15:05:40.132+0000][3.135s][debug][safepoint     ] Safepoint synchronization initiated. (13 threads)
[2023-10-17T15:05:40.133+0000][3.136s][info ][safepoint     ] Application time: 0.3382533 seconds
[2023-10-17T15:05:40.133+0000][3.137s][debug][safepoint     ] Waiting for 1 thread(s) to block
[2023-10-17T15:05:40.134+0000][3.137s][info ][safepoint     ] Entering safepoint region: G1CollectForAllocation
[2023-10-17T15:05:40.135+0000][3.138s][info ][gc,start      ] GC(5) Pause Young (Normal) (G1 Evacuation Pause)
[2023-10-17T15:05:40.135+0000][3.139s][info ][gc,task       ] GC(5) Using 4 workers of 8 for evacuation
[2023-10-17T15:05:40.142+0000][3.146s][info ][gc,phases     ] GC(5)   Pre Evacuate Collection Set: 0.0ms
[2023-10-17T15:05:40.143+0000][3.146s][info ][gc,phases     ] GC(5)   Evacuate Collection Set: 5.2ms
[2023-10-17T15:05:40.143+0000][3.147s][info ][gc,phases     ] GC(5)   Post Evacuate Collection Set: 1.1ms
[2023-10-17T15:05:40.144+0000][3.147s][info ][gc,phases     ] GC(5)   Other: 1.0ms
[2023-10-17T15:05:40.144+0000][3.148s][info ][gc,heap       ] GC(5) Eden regions: 85->0(90)
[2023-10-17T15:05:40.145+0000][3.148s][info ][gc,heap       ] GC(5) Survivor regions: 5->6(12)
[2023-10-17T15:05:40.145+0000][3.149s][info ][gc,heap       ] GC(5) Old regions: 10->10
[2023-10-17T15:05:40.146+0000][3.150s][info ][gc,heap       ] GC(5) Humongous regions: 0->0
[2023-10-17T15:05:40.147+0000][3.150s][info ][gc,metaspace  ] GC(5) Metaspace: 15128K(16000K)->15128K(16000K) NonClass: 13232K(13824K)->13232K(13824K) Class: 1895K(2176K)->1895K(2176K)
[2023-10-17T15:05:40.147+0000][3.151s][info ][gc            ] GC(5) Pause Young (Normal) (G1 Evacuation Pause) 98M->14M(160M) 12.486ms
[2023-10-17T15:05:40.148+0000][3.151s][info ][gc,cpu        ] GC(5) User=0.03s Sys=0.00s Real=0.01s
[2023-10-17T15:05:40.148+0000][3.152s][info ][safepoint     ] Leaving safepoint region
[2023-10-17T15:05:40.149+0000][3.152s][info ][safepoint     ] Total time for which application threads were stopped: 0.0153291 seconds, Stopping threads took: 0.0010273 seconds
[2023-10-17T15:05:40.149+0000][3.153s][info ][gc,stringdedup] Concurrent String Deduplication (3.153s)
[2023-10-17T15:05:40.151+0000][3.154s][info ][gc,stringdedup] Concurrent String Deduplication 95792.0B->32744.0B(63048.0B) avg 12.8% (3.153s, 3.154s) 1.711ms
[2023-10-17T15:05:40.361+0000][3.364s][debug][safepoint     ] Safepoint synchronization initiated. (13 threads)
[2023-10-17T15:05:40.361+0000][3.365s][info ][safepoint     ] Application time: 0.2123914 seconds
[2023-10-17T15:05:40.362+0000][3.366s][debug][safepoint     ] Waiting for 1 thread(s) to block
[2023-10-17T15:05:40.363+0000][3.366s][info ][safepoint     ] Entering safepoint region: G1CollectForAllocation
[2023-10-17T15:05:40.363+0000][3.367s][info ][gc,start      ] GC(6) Pause Young (Normal) (G1 Evacuation Pause)
[2023-10-17T15:05:40.364+0000][3.367s][info ][gc,task       ] GC(6) Using 4 workers of 8 for evacuation
[2023-10-17T15:05:40.379+0000][3.382s][info ][gc,phases     ] GC(6)   Pre Evacuate Collection Set: 0.0ms
[2023-10-17T15:05:40.379+0000][3.383s][info ][gc,phases     ] GC(6)   Evacuate Collection Set: 12.6ms
[2023-10-17T15:05:40.380+0000][3.383s][info ][gc,phases     ] GC(6)   Post Evacuate Collection Set: 1.7ms
[2023-10-17T15:05:40.380+0000][3.384s][info ][gc,phases     ] GC(6)   Other: 0.9ms
[2023-10-17T15:05:40.381+0000][3.385s][info ][gc,heap       ] GC(6) Eden regions: 90->0(89)
[2023-10-17T15:05:40.382+0000][3.386s][info ][gc,heap       ] GC(6) Survivor regions: 6->7(12)
[2023-10-17T15:05:40.383+0000][3.386s][info ][gc,heap       ] GC(6) Old regions: 10->10
[2023-10-17T15:05:40.383+0000][3.387s][info ][gc,heap       ] GC(6) Humongous regions: 0->0
[2023-10-17T15:05:40.383+0000][3.387s][info ][gc,metaspace  ] GC(6) Metaspace: 17114K(18176K)->17114K(18176K) NonClass: 14869K(15616K)->14869K(15616K) Class: 2244K(2560K)->2244K(2560K)
[2023-10-17T15:05:40.384+0000][3.387s][info ][gc            ] GC(6) Pause Young (Normal) (G1 Evacuation Pause) 104M->14M(160M) 20.470ms
[2023-10-17T15:05:40.384+0000][3.388s][info ][gc,cpu        ] GC(6) User=0.05s Sys=0.01s Real=0.02s
[2023-10-17T15:05:40.385+0000][3.388s][info ][safepoint     ] Leaving safepoint region
[2023-10-17T15:05:40.385+0000][3.389s][info ][safepoint     ] Total time for which application threads were stopped: 0.0227217 seconds, Stopping threads took: 0.0009025 seconds
[2023-10-17T15:05:40.386+0000][3.389s][info ][gc,stringdedup] Concurrent String Deduplication (3.389s)
[2023-10-17T15:05:40.389+0000][3.393s][info ][gc,stringdedup] Concurrent String Deduplication 113.9K->97088.0B(19536.0B) avg 13.0% (3.389s, 3.393s) 3.551ms
[2023-10-17T15:05:40.390+0000][3.393s][debug][safepoint     ] Safepoint synchronization initiated. (13 threads)
[2023-10-17T15:05:40.390+0000][3.394s][info ][safepoint     ] Application time: 0.0049593 seconds
[2023-10-17T15:05:40.391+0000][3.394s][info ][safepoint     ] Entering safepoint region: Deoptimize
[2023-10-17T15:05:40.392+0000][3.395s][info ][safepoint     ] Leaving safepoint region
[2023-10-17T15:05:40.392+0000][3.396s][info ][safepoint     ] Total time for which application threads were stopped: 0.0012931 seconds, Stopping threads took: 0.0004731 seconds
[2023-10-17T15:05:40.704+0000][3.707s][debug][safepoint     ] Safepoint synchronization initiated. (13 threads)
[2023-10-17T15:05:40.705+0000][3.709s][info ][safepoint     ] Application time: 0.3125481 seconds
[2023-10-17T15:05:40.707+0000][3.710s][info ][safepoint     ] Entering safepoint region: Deoptimize
[2023-10-17T15:05:40.717+0000][3.721s][info ][safepoint     ] Leaving safepoint region
[2023-10-17T15:05:40.718+0000][3.721s][info ][safepoint     ] Total time for which application threads were stopped: 0.0113491 seconds, Stopping threads took: 0.0085274 seconds
[2023-10-17T15:05:40.906+0000][3.910s][debug][safepoint     ] Safepoint synchronization initiated. (13 threads)
[2023-10-17T15:05:40.907+0000][3.911s][info ][safepoint     ] Application time: 0.1876573 seconds
[2023-10-17T15:05:40.907+0000][3.911s][info ][safepoint     ] Entering safepoint region: G1CollectForAllocation
[2023-10-17T15:05:40.908+0000][3.912s][info ][gc,start      ] GC(7) Pause Young (Normal) (G1 Evacuation Pause)
[2023-10-17T15:05:40.908+0000][3.912s][info ][gc,task       ] GC(7) Using 4 workers of 8 for evacuation
[2023-10-17T15:05:40.922+0000][3.926s][info ][gc,phases     ] GC(7)   Pre Evacuate Collection Set: 0.0ms
[2023-10-17T15:05:40.923+0000][3.927s][info ][gc,phases     ] GC(7)   Evacuate Collection Set: 9.8ms
[2023-10-17T15:05:40.924+0000][3.928s][info ][gc,phases     ] GC(7)   Post Evacuate Collection Set: 3.7ms
[2023-10-17T15:05:40.924+0000][3.928s][info ][gc,phases     ] GC(7)   Other: 0.8ms
[2023-10-17T15:05:40.925+0000][3.928s][info ][gc,heap       ] GC(7) Eden regions: 89->0(87)
[2023-10-17T15:05:40.925+0000][3.929s][info ][gc,heap       ] GC(7) Survivor regions: 7->9(12)
[2023-10-17T15:05:40.926+0000][3.929s][info ][gc,heap       ] GC(7) Old regions: 10->10
[2023-10-17T15:05:40.926+0000][3.930s][info ][gc,heap       ] GC(7) Humongous regions: 0->0
[2023-10-17T15:05:40.927+0000][3.931s][info ][gc,metaspace  ] GC(7) Metaspace: 20279K(21248K)->20279K(21248K) NonClass: 17708K(18432K)->17708K(18432K) Class: 2571K(2816K)->2571K(2816K)
[2023-10-17T15:05:40.928+0000][3.931s][info ][gc            ] GC(7) Pause Young (Normal) (G1 Evacuation Pause) 103M->16M(160M) 19.535ms
[2023-10-17T15:05:40.928+0000][3.932s][info ][gc,cpu        ] GC(7) User=0.08s Sys=0.00s Real=0.02s
[2023-10-17T15:05:40.928+0000][3.932s][info ][safepoint     ] Leaving safepoint region
[2023-10-17T15:05:40.929+0000][3.932s][info ][safepoint     ] Total time for which application threads were stopped: 0.0213938 seconds, Stopping threads took: 0.0004485 seconds
[2023-10-17T15:05:40.929+0000][3.933s][info ][gc,stringdedup] Concurrent String Deduplication (3.933s)
[2023-10-17T15:05:40.931+0000][3.934s][info ][gc,stringdedup] Concurrent String Deduplication 81624.0B->25072.0B(56552.0B) avg 14.5% (3.933s, 3.934s) 1.653ms
[2023-10-17T15:05:40.942+0000][3.945s][debug][safepoint     ] Safepoint synchronization initiated. (13 threads)
[2023-10-17T15:05:40.942+0000][3.946s][info ][safepoint     ] Application time: 0.0131305 seconds
[2023-10-17T15:05:40.943+0000][3.946s][info ][safepoint     ] Entering safepoint region: CollectForMetadataAllocation
[2023-10-17T15:05:40.943+0000][3.947s][info ][gc,start      ] GC(8) Pause Young (Concurrent Start) (Metadata GC Threshold)
[2023-10-17T15:05:40.944+0000][3.947s][info ][gc,task       ] GC(8) Using 4 workers of 8 for evacuation
[2023-10-17T15:05:40.956+0000][3.959s][info ][gc,phases     ] GC(8)   Pre Evacuate Collection Set: 0.1ms
[2023-10-17T15:05:40.956+0000][3.960s][info ][gc,phases     ] GC(8)   Evacuate Collection Set: 10.2ms
[2023-10-17T15:05:40.957+0000][3.960s][info ][gc,phases     ] GC(8)   Post Evacuate Collection Set: 1.3ms
[2023-10-17T15:05:40.957+0000][3.961s][info ][gc,phases     ] GC(8)   Other: 0.9ms
[2023-10-17T15:05:40.958+0000][3.961s][info ][gc,heap       ] GC(8) Eden regions: 5->0(108)
[2023-10-17T15:05:40.959+0000][3.962s][info ][gc,heap       ] GC(8) Survivor regions: 9->7(12)
[2023-10-17T15:05:40.960+0000][3.963s][info ][gc,heap       ] GC(8) Old regions: 10->13
[2023-10-17T15:05:40.961+0000][3.964s][info ][gc,heap       ] GC(8) Humongous regions: 0->0
[2023-10-17T15:05:40.961+0000][3.965s][info ][gc,metaspace  ] GC(8) Metaspace: 20405K(21248K)->20405K(21248K) NonClass: 17824K(18432K)->17824K(18432K) Class: 2580K(2816K)->2580K(2816K)
[2023-10-17T15:05:40.962+0000][3.965s][info ][gc            ] GC(8) Pause Young (Concurrent Start) (Metadata GC Threshold) 21M->17M(192M) 18.602ms
[2023-10-17T15:05:40.962+0000][3.966s][info ][gc,cpu        ] GC(8) User=0.06s Sys=0.01s Real=0.02s
[2023-10-17T15:05:40.963+0000][3.967s][info ][gc            ] GC(9) Concurrent Cycle
[2023-10-17T15:05:40.964+0000][3.967s][info ][safepoint     ] Leaving safepoint region
[2023-10-17T15:05:40.964+0000][3.968s][info ][safepoint     ] Total time for which application threads were stopped: 0.0217245 seconds, Stopping threads took: 0.0003580 seconds
[2023-10-17T15:05:40.964+0000][3.967s][info ][gc,marking    ] GC(9) Concurrent Clear Claimed Marks
[2023-10-17T15:05:40.966+0000][3.969s][info ][gc,stringdedup] Concurrent String Deduplication (3.969s)
[2023-10-17T15:05:40.967+0000][3.970s][info ][gc,marking    ] GC(9) Concurrent Clear Claimed Marks 3.328ms
[2023-10-17T15:05:40.968+0000][3.972s][info ][gc,marking    ] GC(9) Concurrent Scan Root Regions
[2023-10-17T15:05:40.968+0000][3.971s][debug][safepoint     ] Safepoint synchronization initiated. (13 threads)
[2023-10-17T15:05:40.970+0000][3.973s][info ][safepoint     ] Application time: 0.0043798 seconds
[2023-10-17T15:05:40.970+0000][3.974s][info ][safepoint     ] Entering safepoint region: CollectForMetadataAllocation
[2023-10-17T15:05:40.971+0000][3.975s][info ][safepoint     ] Leaving safepoint region
[2023-10-17T15:05:40.971+0000][3.975s][info ][safepoint     ] Total time for which application threads were stopped: 0.0010758 seconds, Stopping threads took: 0.0005051 seconds
[2023-10-17T15:05:40.972+0000][3.976s][info ][gc,stringdedup] Concurrent String Deduplication 104.7K->15584.0B(91592.0B) avg 17.0% (3.969s, 3.976s) 2.500ms
[2023-10-17T15:05:40.973+0000][3.976s][info ][gc,marking    ] GC(9) Concurrent Scan Root Regions 4.699ms
[2023-10-17T15:05:40.974+0000][3.977s][info ][gc,marking    ] GC(9) Concurrent Mark (3.977s)
[2023-10-17T15:05:40.974+0000][3.978s][info ][gc,marking    ] GC(9) Concurrent Mark From Roots
[2023-10-17T15:05:40.975+0000][3.978s][info ][gc,task       ] GC(9) Using 2 workers of 2 for marking
[2023-10-17T15:05:40.986+0000][3.990s][info ][gc,marking    ] GC(9) Concurrent Mark From Roots 12.123ms
[2023-10-17T15:05:40.987+0000][3.991s][info ][gc,marking    ] GC(9) Concurrent Preclean
[2023-10-17T15:05:40.988+0000][3.991s][info ][gc,marking    ] GC(9) Concurrent Preclean 0.639ms
[2023-10-17T15:05:40.988+0000][3.992s][info ][gc,marking    ] GC(9) Concurrent Mark (3.977s, 3.992s) 14.476ms
[2023-10-17T15:05:40.989+0000][3.992s][debug][safepoint     ] Safepoint synchronization initiated. (13 threads)
[2023-10-17T15:05:40.989+0000][3.993s][info ][safepoint     ] Application time: 0.0174995 seconds
[2023-10-17T15:05:40.990+0000][3.993s][debug][safepoint     ] ... found polling page return exception at pc = 0x00007f22683c89f9, stub =0x00007f2260840600
[2023-10-17T15:05:40.990+0000][3.993s][debug][safepoint     ] ... found polling page loop exception at pc = 0x00007f22684223df, stub =0x00007f2260843680
[2023-10-17T15:05:40.991+0000][3.994s][debug][safepoint     ] Waiting for 2 thread(s) to block
[2023-10-17T15:05:40.991+0000][3.995s][info ][safepoint     ] Entering safepoint region: CGC_Operation
[2023-10-17T15:05:40.992+0000][3.995s][info ][gc,start      ] GC(9) Pause Remark
[2023-10-17T15:05:40.995+0000][3.998s][info ][gc,stringtable] GC(9) Cleaned string and symbol table, strings: 8270 processed, 7 removed, symbols: 55201 processed, 115 removed
[2023-10-17T15:05:40.996+0000][3.999s][info ][gc            ] GC(9) Pause Remark 21M->21M(192M) 4.258ms
[2023-10-17T15:05:40.996+0000][4.000s][info ][gc,cpu        ] GC(9) User=0.01s Sys=0.00s Real=0.00s
[2023-10-17T15:05:40.997+0000][4.000s][info ][safepoint     ] Leaving safepoint region
[2023-10-17T15:05:40.997+0000][4.000s][info ][safepoint     ] Total time for which application threads were stopped: 0.0072031 seconds, Stopping threads took: 0.0017194 seconds
[2023-10-17T15:05:40.997+0000][4.001s][info ][gc,marking    ] GC(9) Concurrent Rebuild Remembered Sets
[2023-10-17T15:05:41.006+0000][4.009s][info ][gc,marking    ] GC(9) Concurrent Rebuild Remembered Sets 8.566ms
[2023-10-17T15:05:41.007+0000][4.011s][debug][safepoint     ] Safepoint synchronization initiated. (13 threads)
[2023-10-17T15:05:41.008+0000][4.012s][info ][safepoint     ] Application time: 0.0107300 seconds
[2023-10-17T15:05:41.009+0000][4.012s][debug][safepoint     ] ... found polling page loop exception at pc = 0x00007f226831461b, stub =0x00007f2260843680
[2023-10-17T15:05:41.009+0000][4.013s][debug][safepoint     ] Waiting for 2 thread(s) to block
[2023-10-17T15:05:41.010+0000][4.013s][info ][safepoint     ] Entering safepoint region: CGC_Operation
[2023-10-17T15:05:41.011+0000][4.014s][info ][gc,start      ] GC(9) Pause Cleanup
[2023-10-17T15:05:41.012+0000][4.015s][info ][gc            ] GC(9) Pause Cleanup 23M->23M(192M) 1.266ms
[2023-10-17T15:05:41.013+0000][4.016s][info ][gc,cpu        ] GC(9) User=0.00s Sys=0.00s Real=0.00s
[2023-10-17T15:05:41.013+0000][4.017s][info ][safepoint     ] Leaving safepoint region
[2023-10-17T15:05:41.014+0000][4.017s][info ][safepoint     ] Total time for which application threads were stopped: 0.0050792 seconds, Stopping threads took: 0.0018972 seconds
[2023-10-17T15:05:41.014+0000][4.018s][info ][gc,marking    ] GC(9) Concurrent Cleanup for Next Mark
[2023-10-17T15:05:41.018+0000][4.021s][info ][gc,marking    ] GC(9) Concurrent Cleanup for Next Mark 3.340ms
[2023-10-17T15:05:41.018+0000][4.022s][info ][gc            ] GC(9) Concurrent Cycle 55.472ms
[2023-10-17T15:05:41.286+0000][4.289s][debug][safepoint     ] Safepoint synchronization initiated. (13 threads)
[2023-10-17T15:05:41.287+0000][4.290s][info ][safepoint     ] Application time: 0.2723015 seconds
[2023-10-17T15:05:41.287+0000][4.291s][info ][safepoint     ] Entering safepoint region: Deoptimize
[2023-10-17T15:05:41.288+0000][4.292s][info ][safepoint     ] Leaving safepoint region
[2023-10-17T15:05:41.289+0000][4.292s][info ][safepoint     ] Total time for which application threads were stopped: 0.0014477 seconds, Stopping threads took: 0.0004277 seconds
[2023-10-17T15:05:41.430+0000][4.434s][debug][safepoint     ] Safepoint synchronization initiated. (12 threads)
[2023-10-17T15:05:41.432+0000][4.436s][info ][safepoint     ] Application time: 0.1430998 seconds
[2023-10-17T15:05:41.433+0000][4.436s][info ][safepoint     ] Entering safepoint region: G1CollectForAllocation
[2023-10-17T15:05:41.434+0000][4.437s][info ][gc,start      ] GC(10) Pause Young (Normal) (G1 Evacuation Pause)
[2023-10-17T15:05:41.434+0000][4.437s][info ][gc,task       ] GC(10) Using 4 workers of 8 for evacuation
[2023-10-17T15:05:41.444+0000][4.447s][info ][gc,phases     ] GC(10)   Pre Evacuate Collection Set: 0.0ms
[2023-10-17T15:05:41.444+0000][4.448s][info ][gc,phases     ] GC(10)   Evacuate Collection Set: 6.7ms
[2023-10-17T15:05:41.445+0000][4.448s][info ][gc,phases     ] GC(10)   Post Evacuate Collection Set: 2.6ms
[2023-10-17T15:05:41.445+0000][4.449s][info ][gc,phases     ] GC(10)   Other: 0.9ms
[2023-10-17T15:05:41.445+0000][4.449s][info ][gc,heap       ] GC(10) Eden regions: 108->0(106)
[2023-10-17T15:05:41.446+0000][4.449s][info ][gc,heap       ] GC(10) Survivor regions: 7->9(15)
[2023-10-17T15:05:41.446+0000][4.450s][info ][gc,heap       ] GC(10) Old regions: 13->13
[2023-10-17T15:05:41.447+0000][4.450s][info ][gc,heap       ] GC(10) Humongous regions: 0->0
[2023-10-17T15:05:41.447+0000][4.451s][info ][gc,metaspace  ] GC(10) Metaspace: 23940K(24960K)->23940K(24960K) NonClass: 20914K(21504K)->20914K(21504K) Class: 3025K(3456K)->3025K(3456K)
[2023-10-17T15:05:41.447+0000][4.451s][info ][gc            ] GC(10) Pause Young (Normal) (G1 Evacuation Pause) 125M->19M(192M) 13.965ms
[2023-10-17T15:05:41.448+0000][4.451s][info ][gc,cpu        ] GC(10) User=0.06s Sys=0.00s Real=0.01s
[2023-10-17T15:05:41.449+0000][4.452s][info ][safepoint     ] Leaving safepoint region
[2023-10-17T15:05:41.449+0000][4.453s][info ][safepoint     ] Total time for which application threads were stopped: 0.0161660 seconds, Stopping threads took: 0.0005412 seconds
[2023-10-17T15:05:41.449+0000][4.453s][info ][gc,stringdedup] Concurrent String Deduplication (4.453s)
[2023-10-17T15:05:41.453+0000][4.457s][info ][gc,stringdedup] Concurrent String Deduplication 803.5K->755.9K(48768.0B) avg 14.6% (4.453s, 4.457s) 3.636ms
[2023-10-17T15:05:41.873+0000][4.876s][debug][safepoint     ] Safepoint synchronization initiated. (12 threads)
[2023-10-17T15:05:41.873+0000][4.877s][info ][safepoint     ] Application time: 0.4237340 seconds
[2023-10-17T15:05:41.874+0000][4.877s][info ][safepoint     ] Entering safepoint region: G1CollectForAllocation
[2023-10-17T15:05:41.874+0000][4.878s][info ][gc,start      ] GC(11) Pause Young (Normal) (G1 Evacuation Pause)
[2023-10-17T15:05:41.875+0000][4.879s][info ][gc,task       ] GC(11) Using 4 workers of 8 for evacuation
[2023-10-17T15:05:41.889+0000][4.893s][info ][gc,phases     ] GC(11)   Pre Evacuate Collection Set: 0.0ms
[2023-10-17T15:05:41.890+0000][4.893s][info ][gc,phases     ] GC(11)   Evacuate Collection Set: 11.5ms
[2023-10-17T15:05:41.890+0000][4.894s][info ][gc,phases     ] GC(11)   Post Evacuate Collection Set: 1.7ms
[2023-10-17T15:05:41.891+0000][4.894s][info ][gc,phases     ] GC(11)   Other: 1.5ms
[2023-10-17T15:05:41.891+0000][4.895s][info ][gc,heap       ] GC(11) Eden regions: 106->0(106)
[2023-10-17T15:05:41.892+0000][4.895s][info ][gc,heap       ] GC(11) Survivor regions: 9->9(15)
[2023-10-17T15:05:41.892+0000][4.896s][info ][gc,heap       ] GC(11) Old regions: 13->14
[2023-10-17T15:05:41.892+0000][4.896s][info ][gc,heap       ] GC(11) Humongous regions: 0->0
[2023-10-17T15:05:41.893+0000][4.896s][info ][gc,metaspace  ] GC(11) Metaspace: 24243K(25216K)->24243K(25216K) NonClass: 21173K(21760K)->21173K(21760K) Class: 3069K(3456K)->3069K(3456K)
[2023-10-17T15:05:41.893+0000][4.897s][info ][gc            ] GC(11) Pause Young (Normal) (G1 Evacuation Pause) 125M->21M(192M) 18.984ms
[2023-10-17T15:05:41.894+0000][4.897s][info ][gc,cpu        ] GC(11) User=0.11s Sys=0.00s Real=0.02s
[2023-10-17T15:05:41.894+0000][4.898s][info ][safepoint     ] Leaving safepoint region
[2023-10-17T15:05:41.895+0000][4.898s][info ][safepoint     ] Total time for which application threads were stopped: 0.0208446 seconds, Stopping threads took: 0.0004677 seconds
[2023-10-17T15:05:41.895+0000][4.898s][info ][gc,stringdedup] Concurrent String Deduplication (4.898s)
[2023-10-17T15:05:41.896+0000][4.899s][info ][gc,stringdedup] Concurrent String Deduplication 9032.0B->5552.0B(3480.0B) avg 14.7% (4.898s, 4.899s) 0.598ms
[2023-10-17T15:05:42.376+0000][5.380s][debug][safepoint     ] Safepoint synchronization initiated. (12 threads)
[2023-10-17T15:05:42.377+0000][5.380s][info ][safepoint     ] Application time: 0.4820211 seconds
[2023-10-17T15:05:42.377+0000][5.381s][info ][safepoint     ] Entering safepoint region: G1CollectForAllocation
[2023-10-17T15:05:42.378+0000][5.382s][info ][gc,start      ] GC(12) Pause Young (Normal) (G1 Evacuation Pause)
[2023-10-17T15:05:42.379+0000][5.383s][info ][gc,task       ] GC(12) Using 4 workers of 8 for evacuation
[2023-10-17T15:05:42.396+0000][5.399s][info ][gc,phases     ] GC(12)   Pre Evacuate Collection Set: 0.0ms
[2023-10-17T15:05:42.396+0000][5.400s][info ][gc,phases     ] GC(12)   Evacuate Collection Set: 13.0ms
[2023-10-17T15:05:42.397+0000][5.400s][info ][gc,phases     ] GC(12)   Post Evacuate Collection Set: 2.6ms
[2023-10-17T15:05:42.397+0000][5.400s][info ][gc,phases     ] GC(12)   Other: 1.5ms
[2023-10-17T15:05:42.397+0000][5.401s][info ][gc,heap       ] GC(12) Eden regions: 106->0(104)
[2023-10-17T15:05:42.398+0000][5.401s][info ][gc,heap       ] GC(12) Survivor regions: 9->11(15)
[2023-10-17T15:05:42.398+0000][5.402s][info ][gc,heap       ] GC(12) Old regions: 14->16
[2023-10-17T15:05:42.398+0000][5.402s][info ][gc,heap       ] GC(12) Humongous regions: 0->0
[2023-10-17T15:05:42.399+0000][5.402s][info ][gc,metaspace  ] GC(12) Metaspace: 24621K(25728K)->24621K(25728K) NonClass: 21530K(22272K)->21530K(22272K) Class: 3091K(3456K)->3091K(3456K)
[2023-10-17T15:05:42.399+0000][5.403s][info ][gc            ] GC(12) Pause Young (Normal) (G1 Evacuation Pause) 127M->24M(192M) 20.890ms
[2023-10-17T15:05:42.400+0000][5.403s][info ][gc,cpu        ] GC(12) User=0.10s Sys=0.01s Real=0.02s
[2023-10-17T15:05:42.400+0000][5.404s][info ][safepoint     ] Leaving safepoint region
[2023-10-17T15:05:42.400+0000][5.404s][info ][safepoint     ] Total time for which application threads were stopped: 0.0230176 seconds, Stopping threads took: 0.0005872 seconds
[2023-10-17T15:05:42.401+0000][5.404s][info ][gc,stringdedup] Concurrent String Deduplication (5.404s)
[2023-10-17T15:05:42.407+0000][5.410s][info ][gc,stringdedup] Concurrent String Deduplication 808.5K->504.0K(304.6K) avg 18.7% (5.404s, 5.410s) 5.731ms
[2023-10-17T15:05:42.795+0000][5.799s][debug][safepoint     ] Safepoint synchronization initiated. (12 threads)
[2023-10-17T15:05:42.796+0000][5.799s][info ][safepoint     ] Application time: 0.3950080 seconds
[2023-10-17T15:05:42.796+0000][5.800s][info ][safepoint     ] Entering safepoint region: G1CollectForAllocation
[2023-10-17T15:05:42.797+0000][5.801s][info ][gc,start      ] GC(13) Pause Young (Normal) (G1 Evacuation Pause)
[2023-10-17T15:05:42.798+0000][5.801s][info ][gc,task       ] GC(13) Using 4 workers of 8 for evacuation
[2023-10-17T15:05:42.816+0000][5.820s][info ][gc,phases     ] GC(13)   Pre Evacuate Collection Set: 0.0ms
[2023-10-17T15:05:42.817+0000][5.820s][info ][gc,phases     ] GC(13)   Evacuate Collection Set: 12.8ms
[2023-10-17T15:05:42.817+0000][5.820s][info ][gc,phases     ] GC(13)   Post Evacuate Collection Set: 4.5ms
[2023-10-17T15:05:42.817+0000][5.821s][info ][gc,phases     ] GC(13)   Other: 1.4ms
[2023-10-17T15:05:42.818+0000][5.821s][info ][gc,heap       ] GC(13) Eden regions: 104->0(132)
[2023-10-17T15:05:42.818+0000][5.822s][info ][gc,heap       ] GC(13) Survivor regions: 11->8(15)
[2023-10-17T15:05:42.818+0000][5.822s][info ][gc,heap       ] GC(13) Old regions: 16->20
[2023-10-17T15:05:42.819+0000][5.822s][info ][gc,heap       ] GC(13) Humongous regions: 0->0
[2023-10-17T15:05:42.819+0000][5.823s][info ][gc,metaspace  ] GC(13) Metaspace: 24738K(25728K)->24738K(25728K) NonClass: 21631K(22272K)->21631K(22272K) Class: 3107K(3456K)->3107K(3456K)
[2023-10-17T15:05:42.820+0000][5.823s][info ][gc            ] GC(13) Pause Young (Normal) (G1 Evacuation Pause) 128M->26M(234M) 22.350ms
[2023-10-17T15:05:42.820+0000][5.823s][info ][gc,cpu        ] GC(13) User=0.09s Sys=0.02s Real=0.03s
[2023-10-17T15:05:42.820+0000][5.824s][info ][safepoint     ] Leaving safepoint region
[2023-10-17T15:05:42.821+0000][5.824s][info ][safepoint     ] Total time for which application threads were stopped: 0.0242383 seconds, Stopping threads took: 0.0004938 seconds
[2023-10-17T15:05:42.821+0000][5.825s][info ][gc,stringdedup] Concurrent String Deduplication (5.825s)
[2023-10-17T15:05:42.825+0000][5.829s][info ][gc,stringdedup] Concurrent String Deduplication 919.1K->400.5K(518.6K) avg 24.9% (5.825s, 5.829s) 4.101ms
[2023-10-17T15:05:43.082+0000][6.086s][debug][safepoint     ] Safepoint synchronization initiated. (13 threads)
[2023-10-17T15:05:43.083+0000][6.087s][info ][safepoint     ] Application time: 0.2622628 seconds
[2023-10-17T15:05:43.084+0000][6.087s][info ][safepoint     ] Entering safepoint region: G1CollectForAllocation
[2023-10-17T15:05:43.085+0000][6.088s][info ][gc,start      ] GC(14) Pause Young (Normal) (G1 Evacuation Pause)
[2023-10-17T15:05:43.085+0000][6.089s][info ][gc,task       ] GC(14) Using 5 workers of 8 for evacuation
[2023-10-17T15:05:43.094+0000][6.097s][info ][gc,phases     ] GC(14)   Pre Evacuate Collection Set: 0.0ms
[2023-10-17T15:05:43.094+0000][6.098s][info ][gc,phases     ] GC(14)   Evacuate Collection Set: 6.2ms
[2023-10-17T15:05:43.095+0000][6.098s][info ][gc,phases     ] GC(14)   Post Evacuate Collection Set: 1.5ms
[2023-10-17T15:05:43.095+0000][6.099s][info ][gc,phases     ] GC(14)   Other: 1.3ms
[2023-10-17T15:05:43.096+0000][6.099s][info ][gc,heap       ] GC(14) Eden regions: 132->0(132)
[2023-10-17T15:05:43.096+0000][6.100s][info ][gc,heap       ] GC(14) Survivor regions: 8->8(18)
[2023-10-17T15:05:43.097+0000][6.100s][info ][gc,heap       ] GC(14) Old regions: 20->20
[2023-10-17T15:05:43.097+0000][6.101s][info ][gc,heap       ] GC(14) Humongous regions: 0->0
[2023-10-17T15:05:43.097+0000][6.101s][info ][gc,metaspace  ] GC(14) Metaspace: 26259K(27392K)->26259K(27392K) NonClass: 23036K(23808K)->23036K(23808K) Class: 3223K(3584K)->3223K(3584K)
[2023-10-17T15:05:43.098+0000][6.102s][info ][gc            ] GC(14) Pause Young (Normal) (G1 Evacuation Pause) 158M->26M(234M) 13.293ms
[2023-10-17T15:05:43.098+0000][6.102s][info ][gc,cpu        ] GC(14) User=0.06s Sys=0.00s Real=0.01s
[2023-10-17T15:05:43.099+0000][6.102s][info ][safepoint     ] Leaving safepoint region
[2023-10-17T15:05:43.099+0000][6.103s][info ][safepoint     ] Total time for which application threads were stopped: 0.0153452 seconds, Stopping threads took: 0.0005273 seconds
[2023-10-17T15:05:43.100+0000][6.103s][info ][gc,stringdedup] Concurrent String Deduplication (6.103s)
[2023-10-17T15:05:43.105+0000][6.109s][info ][gc,stringdedup] Concurrent String Deduplication 688.4K->117.3K(571.1K) avg 31.3% (6.103s, 6.109s) 5.344ms
[2023-10-17T15:05:43.262+0000][6.266s][debug][safepoint     ] Safepoint synchronization initiated. (12 threads)
[2023-10-17T15:05:43.263+0000][6.266s][info ][safepoint     ] Application time: 0.1631821 seconds
[2023-10-17T15:05:43.263+0000][6.267s][info ][safepoint     ] Entering safepoint region: G1CollectForAllocation
[2023-10-17T15:05:43.264+0000][6.267s][info ][gc,start      ] GC(15) Pause Young (Normal) (G1 Evacuation Pause)
[2023-10-17T15:05:43.264+0000][6.268s][info ][gc,task       ] GC(15) Using 5 workers of 8 for evacuation
[2023-10-17T15:05:43.271+0000][6.275s][info ][gc,phases     ] GC(15)   Pre Evacuate Collection Set: 0.0ms
[2023-10-17T15:05:43.272+0000][6.275s][info ][gc,phases     ] GC(15)   Evacuate Collection Set: 4.9ms
[2023-10-17T15:05:43.272+0000][6.275s][info ][gc,phases     ] GC(15)   Post Evacuate Collection Set: 1.1ms
[2023-10-17T15:05:43.272+0000][6.276s][info ][gc,phases     ] GC(15)   Other: 1.1ms
[2023-10-17T15:05:43.273+0000][6.276s][info ][gc,heap       ] GC(15) Eden regions: 132->0(132)
[2023-10-17T15:05:43.273+0000][6.277s][info ][gc,heap       ] GC(15) Survivor regions: 8->8(18)
[2023-10-17T15:05:43.274+0000][6.277s][info ][gc,heap       ] GC(15) Old regions: 20->20
[2023-10-17T15:05:43.274+0000][6.277s][info ][gc,heap       ] GC(15) Humongous regions: 0->0
[2023-10-17T15:05:43.274+0000][6.278s][info ][gc,metaspace  ] GC(15) Metaspace: 26267K(27392K)->26267K(27392K) NonClass: 23044K(23808K)->23044K(23808K) Class: 3223K(3584K)->3223K(3584K)
[2023-10-17T15:05:43.275+0000][6.278s][info ][gc            ] GC(15) Pause Young (Normal) (G1 Evacuation Pause) 158M->25M(234M) 11.022ms
[2023-10-17T15:05:43.275+0000][6.279s][info ][gc,cpu        ] GC(15) User=0.03s Sys=0.00s Real=0.01s
[2023-10-17T15:05:43.276+0000][6.279s][info ][safepoint     ] Leaving safepoint region
[2023-10-17T15:05:43.276+0000][6.280s][info ][safepoint     ] Total time for which application threads were stopped: 0.0128362 seconds, Stopping threads took: 0.0003755 seconds
[2023-10-17T15:05:43.277+0000][6.280s][info ][gc,stringdedup] Concurrent String Deduplication (6.280s)
[2023-10-17T15:05:43.281+0000][6.284s][info ][gc,stringdedup] Concurrent String Deduplication 1186.5K->249.2K(937.3K) avg 39.0% (6.280s, 6.284s) 3.980ms
[2023-10-17T15:05:43.744+0000][6.748s][debug][safepoint     ] Safepoint synchronization initiated. (12 threads)
[2023-10-17T15:05:43.745+0000][6.748s][info ][safepoint     ] Application time: 0.4683759 seconds
[2023-10-17T15:05:43.745+0000][6.749s][info ][safepoint     ] Entering safepoint region: G1CollectForAllocation
[2023-10-17T15:05:43.746+0000][6.749s][info ][gc,start      ] GC(16) Pause Young (Normal) (G1 Evacuation Pause)
[2023-10-17T15:05:43.746+0000][6.750s][info ][gc,task       ] GC(16) Using 5 workers of 8 for evacuation
[2023-10-17T15:05:43.754+0000][6.757s][info ][gc,phases     ] GC(16)   Pre Evacuate Collection Set: 0.0ms
[2023-10-17T15:05:43.755+0000][6.758s][info ][gc,phases     ] GC(16)   Evacuate Collection Set: 5.0ms
[2023-10-17T15:05:43.755+0000][6.759s][info ][gc,phases     ] GC(16)   Post Evacuate Collection Set: 1.7ms
[2023-10-17T15:05:43.756+0000][6.760s][info ][gc,phases     ] GC(16)   Other: 1.0ms
[2023-10-17T15:05:43.757+0000][6.760s][info ][gc,heap       ] GC(16) Eden regions: 132->0(132)
[2023-10-17T15:05:43.757+0000][6.761s][info ][gc,heap       ] GC(16) Survivor regions: 8->8(18)
[2023-10-17T15:05:43.758+0000][6.761s][info ][gc,heap       ] GC(16) Old regions: 20->20
[2023-10-17T15:05:43.758+0000][6.762s][info ][gc,heap       ] GC(16) Humongous regions: 0->0
[2023-10-17T15:05:43.759+0000][6.762s][info ][gc,metaspace  ] GC(16) Metaspace: 29727K(30848K)->29727K(30848K) NonClass: 26158K(26880K)->26158K(26880K) Class: 3568K(3968K)->3568K(3968K)
[2023-10-17T15:05:43.760+0000][6.763s][info ][gc            ] GC(16) Pause Young (Normal) (G1 Evacuation Pause) 157M->26M(234M) 13.843ms
[2023-10-17T15:05:43.761+0000][6.764s][info ][gc,cpu        ] GC(16) User=0.05s Sys=0.00s Real=0.02s
[2023-10-17T15:05:43.761+0000][6.765s][info ][safepoint     ] Leaving safepoint region
[2023-10-17T15:05:43.762+0000][6.766s][info ][safepoint     ] Total time for which application threads were stopped: 0.0167703 seconds, Stopping threads took: 0.0004064 seconds
[2023-10-17T15:05:43.763+0000][6.766s][info ][gc,stringdedup] Concurrent String Deduplication (6.766s)
[2023-10-17T15:05:43.765+0000][6.769s][info ][gc,stringdedup] Concurrent String Deduplication 106.7K->32056.0B(77216.0B) avg 39.4% (6.766s, 6.769s) 2.564ms
[2023-10-17T15:05:44.191+0000][7.195s][debug][safepoint     ] Safepoint synchronization initiated. (12 threads)
[2023-10-17T15:05:44.192+0000][7.195s][info ][safepoint     ] Application time: 0.4288966 seconds
[2023-10-17T15:05:44.192+0000][7.196s][info ][safepoint     ] Entering safepoint region: G1CollectForAllocation
[2023-10-17T15:05:44.193+0000][7.196s][info ][gc,start      ] GC(17) Pause Young (Normal) (G1 Evacuation Pause)
[2023-10-17T15:05:44.193+0000][7.197s][info ][gc,task       ] GC(17) Using 5 workers of 8 for evacuation
[2023-10-17T15:05:44.200+0000][7.204s][info ][gc,phases     ] GC(17)   Pre Evacuate Collection Set: 0.0ms
[2023-10-17T15:05:44.201+0000][7.204s][info ][gc,phases     ] GC(17)   Evacuate Collection Set: 5.2ms
[2023-10-17T15:05:44.201+0000][7.205s][info ][gc,phases     ] GC(17)   Post Evacuate Collection Set: 1.4ms
[2023-10-17T15:05:44.202+0000][7.205s][info ][gc,phases     ] GC(17)   Other: 1.0ms
[2023-10-17T15:05:44.202+0000][7.206s][info ][gc,heap       ] GC(17) Eden regions: 132->0(131)
[2023-10-17T15:05:44.202+0000][7.206s][info ][gc,heap       ] GC(17) Survivor regions: 8->9(18)
[2023-10-17T15:05:44.203+0000][7.206s][info ][gc,heap       ] GC(17) Old regions: 20->20
[2023-10-17T15:05:44.203+0000][7.207s][info ][gc,heap       ] GC(17) Humongous regions: 0->0
[2023-10-17T15:05:44.203+0000][7.207s][info ][gc,metaspace  ] GC(17) Metaspace: 32365K(33664K)->32365K(33664K) NonClass: 28478K(29440K)->28478K(29440K) Class: 3886K(4224K)->3886K(4224K)
[2023-10-17T15:05:44.204+0000][7.207s][info ][gc            ] GC(17) Pause Young (Normal) (G1 Evacuation Pause) 158M->26M(234M) 11.028ms
[2023-10-17T15:05:44.204+0000][7.208s][info ][gc,cpu        ] GC(17) User=0.06s Sys=0.00s Real=0.01s
[2023-10-17T15:05:44.204+0000][7.208s][info ][safepoint     ] Leaving safepoint region
[2023-10-17T15:05:44.205+0000][7.208s][info ][safepoint     ] Total time for which application threads were stopped: 0.0127377 seconds, Stopping threads took: 0.0004856 seconds
[2023-10-17T15:05:44.205+0000][7.209s][info ][gc,stringdedup] Concurrent String Deduplication (7.209s)
[2023-10-17T15:05:44.206+0000][7.209s][info ][gc,stringdedup] Concurrent String Deduplication 11552.0B->0.0B(11552.0B) avg 39.5% (7.209s, 7.209s) 0.548ms
[2023-10-17T15:05:44.367+0000][7.371s][debug][safepoint     ] Safepoint synchronization initiated. (12 threads)
[2023-10-17T15:05:44.368+0000][7.371s][info ][safepoint     ] Application time: 0.1625485 seconds
[2023-10-17T15:05:44.368+0000][7.372s][info ][safepoint     ] Entering safepoint region: Deoptimize
[2023-10-17T15:05:44.370+0000][7.374s][info ][safepoint     ] Leaving safepoint region
[2023-10-17T15:05:44.371+0000][7.374s][info ][safepoint     ] Total time for which application threads were stopped: 0.0023342 seconds, Stopping threads took: 0.0008734 seconds
[2023-10-17T15:05:44.634+0000][7.638s][debug][safepoint     ] Safepoint synchronization initiated. (12 threads)
[2023-10-17T15:05:44.635+0000][7.638s][info ][safepoint     ] Application time: 0.2634118 seconds
[2023-10-17T15:05:44.635+0000][7.639s][info ][safepoint     ] Entering safepoint region: G1CollectForAllocation
[2023-10-17T15:05:44.636+0000][7.639s][info ][gc,start      ] GC(18) Pause Young (Normal) (G1 Evacuation Pause)
[2023-10-17T15:05:44.636+0000][7.639s][info ][gc,task       ] GC(18) Using 5 workers of 8 for evacuation
[2023-10-17T15:05:44.655+0000][7.658s][info ][gc,phases     ] GC(18)   Pre Evacuate Collection Set: 0.0ms
[2023-10-17T15:05:44.655+0000][7.659s][info ][gc,phases     ] GC(18)   Evacuate Collection Set: 15.1ms
[2023-10-17T15:05:44.656+0000][7.659s][info ][gc,phases     ] GC(18)   Post Evacuate Collection Set: 2.7ms
[2023-10-17T15:05:44.656+0000][7.660s][info ][gc,phases     ] GC(18)   Other: 1.2ms
[2023-10-17T15:05:44.656+0000][7.660s][info ][gc,heap       ] GC(18) Eden regions: 131->0(130)
[2023-10-17T15:05:44.657+0000][7.660s][info ][gc,heap       ] GC(18) Survivor regions: 9->10(18)
[2023-10-17T15:05:44.657+0000][7.661s][info ][gc,heap       ] GC(18) Old regions: 20->20
[2023-10-17T15:05:44.658+0000][7.661s][info ][gc,heap       ] GC(18) Humongous regions: 0->0
[2023-10-17T15:05:44.659+0000][7.662s][info ][gc,metaspace  ] GC(18) Metaspace: 32788K(34048K)->32788K(34048K) NonClass: 28837K(29696K)->28837K(29696K) Class: 3951K(4352K)->3951K(4352K)
[2023-10-17T15:05:44.660+0000][7.663s][info ][gc            ] GC(18) Pause Young (Normal) (G1 Evacuation Pause) 157M->28M(234M) 24.209ms
[2023-10-17T15:05:44.660+0000][7.664s][info ][gc,cpu        ] GC(18) User=0.15s Sys=0.02s Real=0.03s
[2023-10-17T15:05:44.661+0000][7.664s][info ][safepoint     ] Leaving safepoint region
[2023-10-17T15:05:44.661+0000][7.665s][info ][safepoint     ] Total time for which application threads were stopped: 0.0263691 seconds, Stopping threads took: 0.0003758 seconds
[2023-10-17T15:05:44.662+0000][7.665s][info ][gc,stringdedup] Concurrent String Deduplication (7.665s)
[2023-10-17T15:05:44.668+0000][7.671s][info ][gc,stringdedup] Concurrent String Deduplication 349.6K->16824.0B(333.2K) avg 42.0% (7.665s, 7.671s) 5.899ms
[2023-10-17T15:05:44.874+0000][7.877s][debug][safepoint     ] Safepoint synchronization initiated. (12 threads)
[2023-10-17T15:05:44.874+0000][7.878s][info ][safepoint     ] Application time: 0.2126357 seconds
[2023-10-17T15:05:44.875+0000][7.879s][info ][safepoint     ] Entering safepoint region: Deoptimize
[2023-10-17T15:05:44.877+0000][7.881s][info ][safepoint     ] Leaving safepoint region
[2023-10-17T15:05:44.878+0000][7.882s][info ][safepoint     ] Total time for which application threads were stopped: 0.0031431 seconds, Stopping threads took: 0.0007309 seconds
[2023-10-17T15:05:45.085+0000][8.088s][debug][safepoint     ] Safepoint synchronization initiated. (12 threads)
[2023-10-17T15:05:45.085+0000][8.089s][info ][safepoint     ] Application time: 0.2062098 seconds
[2023-10-17T15:05:45.086+0000][8.090s][info ][safepoint     ] Entering safepoint region: G1CollectForAllocation
[2023-10-17T15:05:45.087+0000][8.090s][info ][gc,start      ] GC(19) Pause Young (Normal) (G1 Evacuation Pause)
[2023-10-17T15:05:45.087+0000][8.091s][info ][gc,task       ] GC(19) Using 5 workers of 8 for evacuation
[2023-10-17T15:05:45.099+0000][8.102s][info ][gc,phases     ] GC(19)   Pre Evacuate Collection Set: 0.0ms
[2023-10-17T15:05:45.099+0000][8.103s][info ][gc,phases     ] GC(19)   Evacuate Collection Set: 7.2ms
[2023-10-17T15:05:45.100+0000][8.103s][info ][gc,phases     ] GC(19)   Post Evacuate Collection Set: 3.9ms
[2023-10-17T15:05:45.100+0000][8.104s][info ][gc,phases     ] GC(19)   Other: 1.0ms
[2023-10-17T15:05:45.101+0000][8.104s][info ][gc,heap       ] GC(19) Eden regions: 130->0(158)
[2023-10-17T15:05:45.101+0000][8.105s][info ][gc,heap       ] GC(19) Survivor regions: 10->10(18)
[2023-10-17T15:05:45.102+0000][8.105s][info ][gc,heap       ] GC(19) Old regions: 20->20
[2023-10-17T15:05:45.102+0000][8.106s][info ][gc,heap       ] GC(19) Humongous regions: 0->0
[2023-10-17T15:05:45.103+0000][8.106s][info ][gc,metaspace  ] GC(19) Metaspace: 33870K(35200K)->33870K(35200K) NonClass: 29789K(30720K)->29789K(30720K) Class: 4080K(4480K)->4080K(4480K)
[2023-10-17T15:05:45.103+0000][8.107s][info ][gc            ] GC(19) Pause Young (Normal) (G1 Evacuation Pause) 158M->28M(281M) 16.843ms
[2023-10-17T15:05:45.104+0000][8.107s][info ][gc,cpu        ] GC(19) User=0.06s Sys=0.00s Real=0.02s
[2023-10-17T15:05:45.105+0000][8.108s][info ][safepoint     ] Leaving safepoint region
[2023-10-17T15:05:45.105+0000][8.109s][info ][safepoint     ] Total time for which application threads were stopped: 0.0190162 seconds, Stopping threads took: 0.0004270 seconds
[2023-10-17T15:05:45.106+0000][8.109s][info ][gc,stringdedup] Concurrent String Deduplication (8.109s)
[2023-10-17T15:05:45.108+0000][8.112s][info ][gc,stringdedup] Concurrent String Deduplication 189.1K->72640.0B(118.2K) avg 42.4% (8.109s, 8.112s) 2.882ms
[2023-10-17T15:05:45.232+0000][8.236s][debug][safepoint     ] Safepoint synchronization initiated. (12 threads)
[2023-10-17T15:05:45.233+0000][8.236s][info ][safepoint     ] Application time: 0.1272789 seconds
[2023-10-17T15:05:45.233+0000][8.237s][info ][safepoint     ] Entering safepoint region: Deoptimize
[2023-10-17T15:05:45.234+0000][8.238s][info ][safepoint     ] Leaving safepoint region
[2023-10-17T15:05:45.235+0000][8.238s][info ][safepoint     ] Total time for which application threads were stopped: 0.0015772 seconds, Stopping threads took: 0.0004595 seconds
[2023-10-17T15:05:45.244+0000][8.247s][debug][safepoint     ] Safepoint synchronization initiated. (12 threads)
[2023-10-17T15:05:45.244+0000][8.248s][info ][safepoint     ] Application time: 0.0089847 seconds
[2023-10-17T15:05:45.245+0000][8.248s][info ][safepoint     ] Entering safepoint region: Deoptimize
[2023-10-17T15:05:45.246+0000][8.250s][info ][safepoint     ] Leaving safepoint region
[2023-10-17T15:05:45.247+0000][8.251s][info ][safepoint     ] Total time for which application threads were stopped: 0.0023678 seconds, Stopping threads took: 0.0005459 seconds
[2023-10-17T15:05:45.252+0000][8.255s][debug][safepoint     ] Safepoint synchronization initiated. (12 threads)
[2023-10-17T15:05:45.252+0000][8.256s][info ][safepoint     ] Application time: 0.0040251 seconds
[2023-10-17T15:05:45.253+0000][8.256s][info ][safepoint     ] Entering safepoint region: CollectForMetadataAllocation
[2023-10-17T15:05:45.253+0000][8.257s][info ][gc,start      ] GC(20) Pause Young (Concurrent Start) (Metadata GC Threshold)
[2023-10-17T15:05:45.254+0000][8.257s][info ][gc,task       ] GC(20) Using 6 workers of 8 for evacuation
[2023-10-17T15:05:45.266+0000][8.270s][info ][gc,phases     ] GC(20)   Pre Evacuate Collection Set: 0.1ms
[2023-10-17T15:05:45.267+0000][8.270s][info ][gc,phases     ] GC(20)   Evacuate Collection Set: 10.0ms
[2023-10-17T15:05:45.267+0000][8.271s][info ][gc,phases     ] GC(20)   Post Evacuate Collection Set: 1.7ms
[2023-10-17T15:05:45.267+0000][8.271s][info ][gc,phases     ] GC(20)   Other: 1.1ms
[2023-10-17T15:05:45.268+0000][8.271s][info ][gc,heap       ] GC(20) Eden regions: 27->0(158)
[2023-10-17T15:05:45.268+0000][8.272s][info ][gc,heap       ] GC(20) Survivor regions: 10->10(21)
[2023-10-17T15:05:45.269+0000][8.272s][info ][gc,heap       ] GC(20) Old regions: 20->20
[2023-10-17T15:05:45.269+0000][8.273s][info ][gc,heap       ] GC(20) Humongous regions: 0->0
[2023-10-17T15:05:45.270+0000][8.273s][info ][gc,metaspace  ] GC(20) Metaspace: 34403K(35628K)->34403K(35628K) NonClass: 30248K(31148K)->30248K(31148K) Class: 4155K(4480K)->4155K(4480K)
[2023-10-17T15:05:45.270+0000][8.274s][info ][gc            ] GC(20) Pause Young (Concurrent Start) (Metadata GC Threshold) 54M->28M(281M) 16.830ms
[2023-10-17T15:05:45.271+0000][8.274s][info ][gc,cpu        ] GC(20) User=0.08s Sys=0.01s Real=0.02s
[2023-10-17T15:05:45.271+0000][8.275s][info ][gc            ] GC(21) Concurrent Cycle
[2023-10-17T15:05:45.271+0000][8.275s][info ][gc,marking    ] GC(21) Concurrent Clear Claimed Marks
[2023-10-17T15:05:45.271+0000][8.275s][info ][safepoint     ] Leaving safepoint region
[2023-10-17T15:05:45.272+0000][8.276s][info ][gc,marking    ] GC(21) Concurrent Clear Claimed Marks 0.586ms
[2023-10-17T15:05:45.273+0000][8.276s][info ][gc,marking    ] GC(21) Concurrent Scan Root Regions
[2023-10-17T15:05:45.272+0000][8.276s][info ][safepoint     ] Total time for which application threads were stopped: 0.0195591 seconds, Stopping threads took: 0.0004073 seconds
[2023-10-17T15:05:45.274+0000][8.277s][info ][gc,stringdedup] Concurrent String Deduplication (8.277s)
[2023-10-17T15:05:45.277+0000][8.280s][info ][gc,stringdedup] Concurrent String Deduplication 296.7K->141.0K(155.7K) avg 42.8% (8.277s, 8.280s) 2.929ms
[2023-10-17T15:05:45.277+0000][8.281s][info ][gc,marking    ] GC(21) Concurrent Scan Root Regions 4.559ms
[2023-10-17T15:05:45.278+0000][8.281s][info ][gc,marking    ] GC(21) Concurrent Mark (8.281s)
[2023-10-17T15:05:45.278+0000][8.282s][info ][gc,marking    ] GC(21) Concurrent Mark From Roots
[2023-10-17T15:05:45.279+0000][8.282s][info ][gc,task       ] GC(21) Using 2 workers of 2 for marking
[2023-10-17T15:05:45.300+0000][8.303s][info ][gc,marking    ] GC(21) Concurrent Mark From Roots 21.427ms
[2023-10-17T15:05:45.300+0000][8.304s][info ][gc,marking    ] GC(21) Concurrent Preclean
[2023-10-17T15:05:45.301+0000][8.304s][info ][gc,marking    ] GC(21) Concurrent Preclean 0.480ms
[2023-10-17T15:05:45.301+0000][8.305s][info ][gc,marking    ] GC(21) Concurrent Mark (8.281s, 8.305s) 23.379ms
[2023-10-17T15:05:45.301+0000][8.305s][debug][safepoint     ] Safepoint synchronization initiated. (12 threads)
[2023-10-17T15:05:45.302+0000][8.305s][info ][safepoint     ] Application time: 0.0282580 seconds
[2023-10-17T15:05:45.302+0000][8.306s][info ][safepoint     ] Entering safepoint region: Deoptimize
[2023-10-17T15:05:45.303+0000][8.307s][info ][gc,start      ] GC(21) Pause Remark
[2023-10-17T15:05:45.309+0000][8.313s][info ][gc,stringtable] GC(21) Cleaned string and symbol table, strings: 12562 processed, 30 removed, symbols: 120410 processed, 312 removed
[2023-10-17T15:05:45.310+0000][8.314s][info ][gc            ] GC(21) Pause Remark 31M->31M(281M) 6.921ms
[2023-10-17T15:05:45.311+0000][8.314s][info ][gc,cpu        ] GC(21) User=0.04s Sys=0.00s Real=0.01s
[2023-10-17T15:05:45.311+0000][8.315s][info ][safepoint     ] Leaving safepoint region
[2023-10-17T15:05:45.311+0000][8.315s][info ][safepoint     ] Total time for which application threads were stopped: 0.0091735 seconds, Stopping threads took: 0.0003315 seconds
[2023-10-17T15:05:45.312+0000][8.315s][info ][gc,marking    ] GC(21) Concurrent Rebuild Remembered Sets
[2023-10-17T15:05:45.323+0000][8.326s][info ][gc,marking    ] GC(21) Concurrent Rebuild Remembered Sets 10.835ms
[2023-10-17T15:05:45.323+0000][8.327s][debug][safepoint     ] Safepoint synchronization initiated. (12 threads)
[2023-10-17T15:05:45.324+0000][8.327s][info ][safepoint     ] Application time: 0.0119702 seconds
[2023-10-17T15:05:45.324+0000][8.328s][debug][safepoint     ] Waiting for 1 thread(s) to block
[2023-10-17T15:05:45.325+0000][8.328s][info ][safepoint     ] Entering safepoint region: CGC_Operation
[2023-10-17T15:05:45.325+0000][8.329s][info ][gc,start      ] GC(21) Pause Cleanup
[2023-10-17T15:05:45.326+0000][8.329s][info ][gc            ] GC(21) Pause Cleanup 33M->33M(281M) 0.525ms
[2023-10-17T15:05:45.326+0000][8.330s][info ][gc,cpu        ] GC(21) User=0.00s Sys=0.00s Real=0.00s
[2023-10-17T15:05:45.327+0000][8.330s][info ][safepoint     ] Leaving safepoint region
[2023-10-17T15:05:45.327+0000][8.330s][info ][safepoint     ] Total time for which application threads were stopped: 0.0027296 seconds, Stopping threads took: 0.0010284 seconds
[2023-10-17T15:05:45.327+0000][8.331s][info ][gc,marking    ] GC(21) Concurrent Cleanup for Next Mark
[2023-10-17T15:05:45.332+0000][8.335s][info ][gc,marking    ] GC(21) Concurrent Cleanup for Next Mark 4.597ms
[2023-10-17T15:05:45.332+0000][8.336s][info ][gc            ] GC(21) Concurrent Cycle 61.463ms
[2023-10-17T15:05:45.370+0000][8.373s][debug][safepoint     ] Safepoint synchronization initiated. (12 threads)
[2023-10-17T15:05:45.371+0000][8.375s][info ][safepoint     ] Application time: 0.0439437 seconds
[2023-10-17T15:05:45.372+0000][8.375s][info ][safepoint     ] Entering safepoint region: Deoptimize
[2023-10-17T15:05:45.373+0000][8.376s][info ][safepoint     ] Leaving safepoint region
[2023-10-17T15:05:45.374+0000][8.377s][info ][safepoint     ] Total time for which application threads were stopped: 0.0020013 seconds, Stopping threads took: 0.0003729 seconds
[2023-10-17T15:05:45.691+0000][8.694s][debug][safepoint     ] Safepoint synchronization initiated. (12 threads)
[2023-10-17T15:05:45.691+0000][8.695s][info ][safepoint     ] Application time: 0.3171459 seconds
[2023-10-17T15:05:45.692+0000][8.696s][info ][safepoint     ] Entering safepoint region: Deoptimize
[2023-10-17T15:05:45.693+0000][8.697s][info ][safepoint     ] Leaving safepoint region
[2023-10-17T15:05:45.694+0000][8.697s][info ][safepoint     ] Total time for which application threads were stopped: 0.0018973 seconds, Stopping threads took: 0.0005912 seconds
[2023-10-17T15:05:45.914+0000][8.918s][debug][safepoint     ] Safepoint synchronization initiated. (12 threads)
[2023-10-17T15:05:45.915+0000][8.919s][info ][safepoint     ] Application time: 0.2209427 seconds
[2023-10-17T15:05:45.916+0000][8.920s][info ][safepoint     ] Entering safepoint region: G1CollectForAllocation
[2023-10-17T15:05:45.917+0000][8.920s][info ][gc,start      ] GC(22) Pause Young (Normal) (G1 Evacuation Pause)
[2023-10-17T15:05:45.917+0000][8.921s][info ][gc,task       ] GC(22) Using 6 workers of 8 for evacuation
[2023-10-17T15:05:45.959+0000][8.962s][info ][gc,phases     ] GC(22)   Pre Evacuate Collection Set: 0.0ms
[2023-10-17T15:05:45.960+0000][8.963s][info ][gc,phases     ] GC(22)   Evacuate Collection Set: 37.2ms
[2023-10-17T15:05:45.961+0000][8.964s][info ][gc,phases     ] GC(22)   Post Evacuate Collection Set: 3.4ms
[2023-10-17T15:05:45.961+0000][8.965s][info ][gc,phases     ] GC(22)   Other: 1.4ms
[2023-10-17T15:05:45.962+0000][8.965s][info ][gc,heap       ] GC(22) Eden regions: 158->0(160)
[2023-10-17T15:05:45.962+0000][8.966s][info ][gc,heap       ] GC(22) Survivor regions: 10->8(21)
[2023-10-17T15:05:45.962+0000][8.966s][info ][gc,heap       ] GC(22) Old regions: 20->22
[2023-10-17T15:05:45.963+0000][8.966s][info ][gc,heap       ] GC(22) Humongous regions: 0->0
[2023-10-17T15:05:45.963+0000][8.967s][info ][gc,metaspace  ] GC(22) Metaspace: 36982K(38188K)->36982K(38188K) NonClass: 32432K(33196K)->32432K(33196K) Class: 4550K(4992K)->4550K(4992K)
[2023-10-17T15:05:45.964+0000][8.967s][info ][gc            ] GC(22) Pause Young (Normal) (G1 Evacuation Pause) 186M->28M(281M) 46.987ms
[2023-10-17T15:05:45.964+0000][8.968s][info ][gc,cpu        ] GC(22) User=0.22s Sys=0.02s Real=0.05s
[2023-10-17T15:05:45.965+0000][8.968s][info ][safepoint     ] Leaving safepoint region
[2023-10-17T15:05:45.965+0000][8.969s][info ][safepoint     ] Total time for which application threads were stopped: 0.0491967 seconds, Stopping threads took: 0.0005450 seconds
[2023-10-17T15:05:45.966+0000][8.969s][info ][gc,stringdedup] Concurrent String Deduplication (8.969s)
[2023-10-17T15:05:45.970+0000][8.974s][info ][gc,stringdedup] Concurrent String Deduplication 170.9K->72456.0B(100.2K) avg 43.1% (8.969s, 8.974s) 4.716ms
[2023-10-17T15:05:46.155+0000][9.159s][debug][safepoint     ] Safepoint synchronization initiated. (11 threads)
[2023-10-17T15:05:46.156+0000][9.159s][info ][safepoint     ] Application time: 0.1902317 seconds
[2023-10-17T15:05:46.156+0000][9.160s][info ][safepoint     ] Entering safepoint region: Deoptimize
[2023-10-17T15:05:46.157+0000][9.161s][info ][safepoint     ] Leaving safepoint region
[2023-10-17T15:05:46.158+0000][9.161s][info ][safepoint     ] Total time for which application threads were stopped: 0.0014909 seconds, Stopping threads took: 0.0003652 seconds
[2023-10-17T15:05:46.614+0000][9.618s][debug][safepoint     ] Safepoint synchronization initiated. (12 threads)
[2023-10-17T15:05:46.615+0000][9.618s][info ][safepoint     ] Application time: 0.4567943 seconds
[2023-10-17T15:05:46.615+0000][9.619s][info ][safepoint     ] Entering safepoint region: ICBufferFull
[2023-10-17T15:05:46.616+0000][9.620s][info ][safepoint     ] Leaving safepoint region
[2023-10-17T15:05:46.617+0000][9.620s][info ][safepoint     ] Total time for which application threads were stopped: 0.0011637 seconds, Stopping threads took: 0.0004420 seconds
[2023-10-17T15:05:46.726+0000][9.729s][debug][safepoint     ] Safepoint synchronization initiated. (12 threads)
[2023-10-17T15:05:46.726+0000][9.730s][info ][safepoint     ] Application time: 0.1094932 seconds
[2023-10-17T15:05:46.727+0000][9.730s][info ][safepoint     ] Entering safepoint region: G1CollectForAllocation
[2023-10-17T15:05:46.727+0000][9.731s][info ][gc,start      ] GC(23) Pause Young (Normal) (G1 Evacuation Pause)
[2023-10-17T15:05:46.728+0000][9.731s][info ][gc,task       ] GC(23) Using 6 workers of 8 for evacuation
[2023-10-17T15:05:46.742+0000][9.745s][info ][gc,phases     ] GC(23)   Pre Evacuate Collection Set: 0.0ms
[2023-10-17T15:05:46.742+0000][9.746s][info ][gc,phases     ] GC(23)   Evacuate Collection Set: 11.3ms
[2023-10-17T15:05:46.743+0000][9.746s][info ][gc,phases     ] GC(23)   Post Evacuate Collection Set: 2.3ms
[2023-10-17T15:05:46.743+0000][9.747s][info ][gc,phases     ] GC(23)   Other: 0.9ms
[2023-10-17T15:05:46.744+0000][9.747s][info ][gc,heap       ] GC(23) Eden regions: 160->0(159)
[2023-10-17T15:05:46.744+0000][9.748s][info ][gc,heap       ] GC(23) Survivor regions: 8->9(21)
[2023-10-17T15:05:46.745+0000][9.748s][info ][gc,heap       ] GC(23) Old regions: 22->24
[2023-10-17T15:05:46.745+0000][9.749s][info ][gc,heap       ] GC(23) Humongous regions: 0->0
[2023-10-17T15:05:46.746+0000][9.749s][info ][gc,metaspace  ] GC(23) Metaspace: 39240K(40492K)->39240K(40492K) NonClass: 34428K(35244K)->34428K(35244K) Class: 4811K(5248K)->4811K(5248K)
[2023-10-17T15:05:46.746+0000][9.750s][info ][gc            ] GC(23) Pause Young (Normal) (G1 Evacuation Pause) 188M->30M(281M) 18.611ms
[2023-10-17T15:05:46.749+0000][9.753s][info ][gc,cpu        ] GC(23) User=0.10s Sys=0.01s Real=0.02s
[2023-10-17T15:05:46.750+0000][9.754s][info ][safepoint     ] Leaving safepoint region
[2023-10-17T15:05:46.751+0000][9.755s][info ][safepoint     ] Total time for which application threads were stopped: 0.0241714 seconds, Stopping threads took: 0.0003950 seconds
[2023-10-17T15:05:46.752+0000][9.755s][info ][gc,stringdedup] Concurrent String Deduplication (9.755s)
[2023-10-17T15:05:46.758+0000][9.762s][info ][gc,stringdedup] Concurrent String Deduplication 28144.0B->12600.0B(15544.0B) avg 43.2% (9.755s, 9.762s) 6.756ms
[2023-10-17T15:05:47.594+0000][10.598s][debug][safepoint     ] Safepoint synchronization initiated. (12 threads)
[2023-10-17T15:05:47.595+0000][10.598s][info ][safepoint     ] Application time: 0.8432212 seconds
[2023-10-17T15:05:47.595+0000][10.599s][info ][safepoint     ] Entering safepoint region: G1CollectForAllocation
[2023-10-17T15:05:47.596+0000][10.600s][info ][gc,start      ] GC(24) Pause Young (Normal) (G1 Evacuation Pause)
[2023-10-17T15:05:47.596+0000][10.600s][info ][gc,task       ] GC(24) Using 6 workers of 8 for evacuation
[2023-10-17T15:05:47.609+0000][10.613s][info ][gc,phases     ] GC(24)   Pre Evacuate Collection Set: 0.0ms
[2023-10-17T15:05:47.610+0000][10.613s][info ][gc,phases     ] GC(24)   Evacuate Collection Set: 6.0ms
[2023-10-17T15:05:47.610+0000][10.614s][info ][gc,phases     ] GC(24)   Post Evacuate Collection Set: 6.4ms
[2023-10-17T15:05:47.611+0000][10.614s][info ][gc,phases     ] GC(24)   Other: 1.0ms
[2023-10-17T15:05:47.611+0000][10.615s][info ][gc,heap       ] GC(24) Eden regions: 159->0(210)
[2023-10-17T15:05:47.611+0000][10.615s][info ][gc,heap       ] GC(24) Survivor regions: 9->9(21)
[2023-10-17T15:05:47.612+0000][10.615s][info ][gc,heap       ] GC(24) Old regions: 24->25
[2023-10-17T15:05:47.612+0000][10.616s][info ][gc,heap       ] GC(24) Humongous regions: 0->0
[2023-10-17T15:05:47.612+0000][10.616s][info ][gc,metaspace  ] GC(24) Metaspace: 41352K(42540K)->41352K(42540K) NonClass: 36216K(37036K)->36216K(37036K) Class: 5136K(5504K)->5136K(5504K)
[2023-10-17T15:05:47.613+0000][10.616s][info ][gc            ] GC(24) Pause Young (Normal) (G1 Evacuation Pause) 189M->32M(374M) 16.805ms
[2023-10-17T15:05:47.613+0000][10.617s][info ][gc,cpu        ] GC(24) User=0.04s Sys=0.00s Real=0.02s
[2023-10-17T15:05:47.614+0000][10.617s][info ][safepoint     ] Leaving safepoint region
[2023-10-17T15:05:47.614+0000][10.618s][info ][safepoint     ] Total time for which application threads were stopped: 0.0186159 seconds, Stopping threads took: 0.0004803 seconds
[2023-10-17T15:05:47.614+0000][10.618s][info ][gc,stringdedup] Concurrent String Deduplication (10.618s)
[2023-10-17T15:05:47.615+0000][10.619s][info ][gc,stringdedup] Concurrent String Deduplication 103.8K->29936.0B(76328.0B) avg 43.5% (10.618s, 10.619s) 1.089ms
[2023-10-17T15:05:47.623+0000][10.626s][debug][safepoint     ] Safepoint synchronization initiated. (12 threads)
[2023-10-17T15:05:47.623+0000][10.627s][info ][safepoint     ] Application time: 0.0089423 seconds
[2023-10-17T15:05:47.624+0000][10.627s][info ][safepoint     ] Entering safepoint region: Deoptimize
[2023-10-17T15:05:47.625+0000][10.629s][info ][safepoint     ] Leaving safepoint region
[2023-10-17T15:05:47.626+0000][10.629s][info ][safepoint     ] Total time for which application threads were stopped: 0.0022342 seconds, Stopping threads took: 0.0004810 seconds
[2023-10-17T15:05:47.647+0000][10.650s][debug][safepoint     ] Safepoint synchronization initiated. (12 threads)
[2023-10-17T15:05:47.647+0000][10.651s][info ][safepoint     ] Application time: 0.0208968 seconds
[2023-10-17T15:05:47.648+0000][10.651s][info ][safepoint     ] Entering safepoint region: Deoptimize
[2023-10-17T15:05:47.649+0000][10.652s][info ][safepoint     ] Leaving safepoint region
[2023-10-17T15:05:47.650+0000][10.653s][info ][safepoint     ] Total time for which application threads were stopped: 0.0017526 seconds, Stopping threads took: 0.0003623 seconds
[2023-10-17T15:05:47.670+0000][10.674s][debug][safepoint     ] Safepoint synchronization initiated. (12 threads)
[2023-10-17T15:05:47.671+0000][10.674s][info ][safepoint     ] Application time: 0.0208892 seconds
[2023-10-17T15:05:47.671+0000][10.675s][info ][safepoint     ] Entering safepoint region: Deoptimize
[2023-10-17T15:05:47.673+0000][10.676s][info ][safepoint     ] Leaving safepoint region
[2023-10-17T15:05:47.673+0000][10.677s][info ][safepoint     ] Total time for which application threads were stopped: 0.0021923 seconds, Stopping threads took: 0.0004592 seconds
[2023-10-17T15:05:48.010+0000][11.013s][debug][safepoint     ] Safepoint synchronization initiated. (12 threads)
[2023-10-17T15:05:48.010+0000][11.014s][info ][safepoint     ] Application time: 0.3362571 seconds
[2023-10-17T15:05:48.011+0000][11.014s][info ][safepoint     ] Entering safepoint region: ICBufferFull
[2023-10-17T15:05:48.011+0000][11.015s][info ][safepoint     ] Leaving safepoint region
[2023-10-17T15:05:48.012+0000][11.015s][info ][safepoint     ] Total time for which application threads were stopped: 0.0010125 seconds, Stopping threads took: 0.0003773 seconds
[2023-10-17T15:05:48.033+0000][11.037s][debug][safepoint     ] Safepoint synchronization initiated. (12 threads)
[2023-10-17T15:05:48.034+0000][11.037s][info ][safepoint     ] Application time: 0.0218115 seconds
[2023-10-17T15:05:48.035+0000][11.038s][info ][safepoint     ] Entering safepoint region: Deoptimize
[2023-10-17T15:05:48.036+0000][11.040s][info ][safepoint     ] Leaving safepoint region
[2023-10-17T15:05:48.037+0000][11.040s][info ][safepoint     ] Total time for which application threads were stopped: 0.0022446 seconds, Stopping threads took: 0.0009348 seconds
[2023-10-17T15:05:48.039+0000][11.043s][debug][safepoint     ] Safepoint synchronization initiated. (12 threads)
[2023-10-17T15:05:48.040+0000][11.043s][info ][safepoint     ] Application time: 0.0026153 seconds
[2023-10-17T15:05:48.040+0000][11.044s][info ][safepoint     ] Entering safepoint region: Deoptimize
[2023-10-17T15:05:48.042+0000][11.045s][info ][safepoint     ] Leaving safepoint region
[2023-10-17T15:05:48.042+0000][11.046s][info ][safepoint     ] Total time for which application threads were stopped: 0.0018401 seconds, Stopping threads took: 0.0003964 seconds
[2023-10-17T15:05:48.156+0000][11.159s][debug][safepoint     ] Safepoint synchronization initiated. (12 threads)
[2023-10-17T15:05:48.156+0000][11.160s][info ][safepoint     ] Application time: 0.1138737 seconds
[2023-10-17T15:05:48.157+0000][11.160s][info ][safepoint     ] Entering safepoint region: Deoptimize
[2023-10-17T15:05:48.158+0000][11.162s][info ][safepoint     ] Leaving safepoint region
[2023-10-17T15:05:48.159+0000][11.162s][info ][safepoint     ] Total time for which application threads were stopped: 0.0017178 seconds, Stopping threads took: 0.0004007 seconds
[2023-10-17T15:05:48.628+0000][11.632s][debug][safepoint     ] Safepoint synchronization initiated. (12 threads)
[2023-10-17T15:05:48.630+0000][11.633s][info ][safepoint     ] Application time: 0.4705503 seconds
[2023-10-17T15:05:48.630+0000][11.634s][info ][safepoint     ] Entering safepoint region: Deoptimize
[2023-10-17T15:05:48.633+0000][11.636s][info ][safepoint     ] Leaving safepoint region
[2023-10-17T15:05:48.634+0000][11.638s][info ][safepoint     ] Total time for which application threads were stopped: 0.0042724 seconds, Stopping threads took: 0.0008974 seconds
[2023-10-17T15:05:48.639+0000][11.642s][debug][safepoint     ] Safepoint synchronization initiated. (12 threads)
[2023-10-17T15:05:48.639+0000][11.643s][info ][safepoint     ] Application time: 0.0040800 seconds
[2023-10-17T15:05:48.640+0000][11.643s][info ][safepoint     ] Entering safepoint region: Deoptimize
[2023-10-17T15:05:48.641+0000][11.645s][info ][safepoint     ] Leaving safepoint region
[2023-10-17T15:05:48.641+0000][11.645s][info ][safepoint     ] Total time for which application threads were stopped: 0.0016547 seconds, Stopping threads took: 0.0004790 seconds
[2023-10-17T15:05:48.942+0000][11.945s][debug][safepoint     ] Safepoint synchronization initiated. (12 threads)
[2023-10-17T15:05:48.942+0000][11.946s][info ][safepoint     ] Application time: 0.3001513 seconds
[2023-10-17T15:05:48.943+0000][11.946s][info ][safepoint     ] Entering safepoint region: Deoptimize
[2023-10-17T15:05:48.944+0000][11.947s][info ][safepoint     ] Leaving safepoint region
[2023-10-17T15:05:48.944+0000][11.948s][info ][safepoint     ] Total time for which application threads were stopped: 0.0016703 seconds, Stopping threads took: 0.0004108 seconds
[2023-10-17T15:05:49.153+0000][12.156s][debug][safepoint     ] Safepoint synchronization initiated. (12 threads)
[2023-10-17T15:05:49.153+0000][12.157s][info ][safepoint     ] Application time: 0.2085980 seconds
[2023-10-17T15:05:49.154+0000][12.157s][info ][safepoint     ] Entering safepoint region: Deoptimize
[2023-10-17T15:05:49.155+0000][12.158s][info ][safepoint     ] Leaving safepoint region
[2023-10-17T15:05:49.155+0000][12.159s][info ][safepoint     ] Total time for which application threads were stopped: 0.0015440 seconds, Stopping threads took: 0.0003755 seconds
[2023-10-17T15:05:49.310+0000][12.314s][debug][safepoint     ] Safepoint synchronization initiated. (12 threads)
[2023-10-17T15:05:49.311+0000][12.314s][info ][safepoint     ] Application time: 0.1553580 seconds
[2023-10-17T15:05:49.312+0000][12.315s][info ][safepoint     ] Entering safepoint region: G1CollectForAllocation
[2023-10-17T15:05:49.312+0000][12.316s][info ][gc,start      ] GC(25) Pause Young (Normal) (G1 Evacuation Pause)
[2023-10-17T15:05:49.313+0000][12.317s][info ][gc,task       ] GC(25) Using 8 workers of 8 for evacuation
[2023-10-17T15:05:49.338+0000][12.342s][info ][gc,phases     ] GC(25)   Pre Evacuate Collection Set: 0.0ms
[2023-10-17T15:05:49.340+0000][12.343s][info ][gc,phases     ] GC(25)   Evacuate Collection Set: 14.7ms
[2023-10-17T15:05:49.341+0000][12.344s][info ][gc,phases     ] GC(25)   Post Evacuate Collection Set: 9.4ms
[2023-10-17T15:05:49.341+0000][12.345s][info ][gc,phases     ] GC(25)   Other: 1.8ms
[2023-10-17T15:05:49.342+0000][12.345s][info ][gc,heap       ] GC(25) Eden regions: 210->0(212)
[2023-10-17T15:05:49.343+0000][12.346s][info ][gc,heap       ] GC(25) Survivor regions: 9->12(28)
[2023-10-17T15:05:49.343+0000][12.346s][info ][gc,heap       ] GC(25) Old regions: 25->25
[2023-10-17T15:05:49.343+0000][12.347s][info ][gc,heap       ] GC(25) Humongous regions: 0->0
[2023-10-17T15:05:49.344+0000][12.347s][info ][gc,metaspace  ] GC(25) Metaspace: 47840K(49068K)->47840K(49068K) NonClass: 41869K(42668K)->41869K(42668K) Class: 5970K(6400K)->5970K(6400K)
[2023-10-17T15:05:49.345+0000][12.348s][info ][gc            ] GC(25) Pause Young (Normal) (G1 Evacuation Pause) 242M->35M(374M) 32.216ms
[2023-10-17T15:05:49.345+0000][12.348s][info ][gc,cpu        ] GC(25) User=0.16s Sys=0.00s Real=0.03s
[2023-10-17T15:05:49.345+0000][12.349s][info ][safepoint     ] Leaving safepoint region
[2023-10-17T15:05:49.346+0000][12.349s][info ][safepoint     ] Total time for which application threads were stopped: 0.0343098 seconds, Stopping threads took: 0.0004749 seconds
[2023-10-17T15:05:49.346+0000][12.350s][info ][gc,stringdedup] Concurrent String Deduplication (12.350s)
[2023-10-17T15:05:49.350+0000][12.353s][info ][gc,stringdedup] Concurrent String Deduplication 264.6K->70816.0B(195.5K) avg 44.4% (12.350s, 12.353s) 3.590ms
[2023-10-17T15:05:49.692+0000][12.696s][debug][safepoint     ] Safepoint synchronization initiated. (12 threads)
[2023-10-17T15:05:49.693+0000][12.696s][info ][safepoint     ] Application time: 0.3466813 seconds
[2023-10-17T15:05:49.694+0000][12.697s][info ][safepoint     ] Entering safepoint region: Deoptimize
[2023-10-17T15:05:49.695+0000][12.698s][info ][safepoint     ] Leaving safepoint region
[2023-10-17T15:05:49.695+0000][12.699s][info ][safepoint     ] Total time for which application threads were stopped: 0.0017906 seconds, Stopping threads took: 0.0003774 seconds
[2023-10-17T15:05:50.696+0000][13.699s][debug][safepoint     ] Safepoint synchronization initiated. (15 threads)
[2023-10-17T15:05:50.697+0000][13.700s][info ][safepoint     ] Application time: 1.0014270 seconds
[2023-10-17T15:05:50.698+0000][13.701s][info ][safepoint     ] Entering safepoint region: Cleanup
[2023-10-17T15:05:50.699+0000][13.702s][info ][safepoint     ] Leaving safepoint region
[2023-10-17T15:05:50.700+0000][13.703s][info ][safepoint     ] Total time for which application threads were stopped: 0.0020582 seconds, Stopping threads took: 0.0009040 seconds
[2023-10-17T15:05:50.808+0000][13.811s][debug][safepoint     ] Safepoint synchronization initiated. (14 threads)
[2023-10-17T15:05:50.809+0000][13.812s][info ][safepoint     ] Application time: 0.1075190 seconds
[2023-10-17T15:05:50.809+0000][13.812s][info ][safepoint     ] Entering safepoint region: Deoptimize
[2023-10-17T15:05:50.812+0000][13.815s][info ][safepoint     ] Leaving safepoint region
[2023-10-17T15:05:50.812+0000][13.816s][info ][safepoint     ] Total time for which application threads were stopped: 0.0033095 seconds, Stopping threads took: 0.0006327 seconds
[2023-10-17T15:05:51.014+0000][14.017s][debug][safepoint     ] Safepoint synchronization initiated. (15 threads)
[2023-10-17T15:05:51.015+0000][14.018s][info ][safepoint     ] Application time: 0.2017216 seconds
[2023-10-17T15:05:51.015+0000][14.019s][info ][safepoint     ] Entering safepoint region: Deoptimize
[2023-10-17T15:05:51.018+0000][14.021s][info ][safepoint     ] Leaving safepoint region
[2023-10-17T15:05:51.018+0000][14.022s][info ][safepoint     ] Total time for which application threads were stopped: 0.0032274 seconds, Stopping threads took: 0.0004481 seconds
[2023-10-17T15:05:51.702+0000][14.705s][debug][safepoint     ] Safepoint synchronization initiated. (15 threads)
[2023-10-17T15:05:51.703+0000][14.706s][info ][safepoint     ] Application time: 0.6826430 seconds
[2023-10-17T15:05:51.703+0000][14.707s][info ][safepoint     ] Entering safepoint region: ICBufferFull
[2023-10-17T15:05:51.705+0000][14.708s][info ][safepoint     ] Leaving safepoint region
[2023-10-17T15:05:51.706+0000][14.710s][info ][safepoint     ] Total time for which application threads were stopped: 0.0032459 seconds, Stopping threads took: 0.0013204 seconds
[2023-10-17T15:05:52.314+0000][15.318s][debug][safepoint     ] Safepoint synchronization initiated. (15 threads)
[2023-10-17T15:05:52.315+0000][15.318s][info ][safepoint     ] Application time: 0.6077101 seconds
[2023-10-17T15:05:52.315+0000][15.319s][info ][safepoint     ] Entering safepoint region: G1CollectForAllocation
[2023-10-17T15:05:52.316+0000][15.320s][info ][gc,start      ] GC(26) Pause Young (Normal) (G1 Evacuation Pause)
[2023-10-17T15:05:52.317+0000][15.320s][info ][gc,task       ] GC(26) Using 8 workers of 8 for evacuation
[2023-10-17T15:05:52.390+0000][15.393s][info ][gc,phases     ] GC(26)   Pre Evacuate Collection Set: 0.0ms
[2023-10-17T15:05:52.391+0000][15.394s][info ][gc,phases     ] GC(26)   Evacuate Collection Set: 66.3ms
[2023-10-17T15:05:52.391+0000][15.394s][info ][gc,phases     ] GC(26)   Post Evacuate Collection Set: 6.2ms
[2023-10-17T15:05:52.392+0000][15.395s][info ][gc,phases     ] GC(26)   Other: 1.2ms
[2023-10-17T15:05:52.392+0000][15.395s][info ][gc,heap       ] GC(26) Eden regions: 212->0(209)
[2023-10-17T15:05:52.393+0000][15.396s][info ][gc,heap       ] GC(26) Survivor regions: 12->15(28)
[2023-10-17T15:05:52.393+0000][15.396s][info ][gc,heap       ] GC(26) Old regions: 25->25
[2023-10-17T15:05:52.393+0000][15.397s][info ][gc,heap       ] GC(26) Humongous regions: 0->0
[2023-10-17T15:05:52.394+0000][15.397s][info ][gc,metaspace  ] GC(26) Metaspace: 54491K(56108K)->54491K(56108K) NonClass: 47771K(48812K)->47771K(48812K) Class: 6719K(7296K)->6719K(7296K)
[2023-10-17T15:05:52.394+0000][15.397s][info ][gc            ] GC(26) Pause Young (Normal) (G1 Evacuation Pause) 247M->38M(374M) 77.926ms
[2023-10-17T15:05:52.395+0000][15.398s][info ][gc,cpu        ] GC(26) User=0.54s Sys=0.02s Real=0.08s
[2023-10-17T15:05:52.395+0000][15.398s][info ][safepoint     ] Leaving safepoint region
[2023-10-17T15:05:52.396+0000][15.399s][info ][safepoint     ] Total time for which application threads were stopped: 0.0804544 seconds, Stopping threads took: 0.0004673 seconds
[2023-10-17T15:05:52.397+0000][15.400s][info ][gc,stringdedup] Concurrent String Deduplication (15.400s)
[2023-10-17T15:05:52.399+0000][15.402s][info ][gc,stringdedup] Concurrent String Deduplication 154.7K->72560.0B(85824.0B) avg 44.6% (15.400s, 15.402s) 2.135ms
[2023-10-17T15:05:53.103+0000][16.106s][debug][safepoint     ] Safepoint synchronization initiated. (14 threads)
[2023-10-17T15:05:53.103+0000][16.107s][info ][safepoint     ] Application time: 0.7066061 seconds
[2023-10-17T15:05:53.104+0000][16.107s][info ][safepoint     ] Entering safepoint region: CollectForMetadataAllocation
[2023-10-17T15:05:53.105+0000][16.108s][info ][gc,start      ] GC(27) Pause Young (Concurrent Start) (Metadata GC Threshold)
[2023-10-17T15:05:53.105+0000][16.108s][info ][gc,task       ] GC(27) Using 8 workers of 8 for evacuation
[2023-10-17T15:05:53.132+0000][16.135s][info ][gc,phases     ] GC(27)   Pre Evacuate Collection Set: 0.2ms
[2023-10-17T15:05:53.133+0000][16.136s][info ][gc,phases     ] GC(27)   Evacuate Collection Set: 23.0ms
[2023-10-17T15:05:53.133+0000][16.136s][info ][gc,phases     ] GC(27)   Post Evacuate Collection Set: 3.1ms
[2023-10-17T15:05:53.134+0000][16.137s][info ][gc,phases     ] GC(27)   Other: 1.1ms
[2023-10-17T15:05:53.135+0000][16.138s][info ][gc,heap       ] GC(27) Eden regions: 195->0(208)
[2023-10-17T15:05:53.136+0000][16.139s][info ][gc,heap       ] GC(27) Survivor regions: 15->16(28)
[2023-10-17T15:05:53.136+0000][16.139s][info ][gc,heap       ] GC(27) Old regions: 25->26
[2023-10-17T15:05:53.137+0000][16.140s][info ][gc,heap       ] GC(27) Humongous regions: 0->0
[2023-10-17T15:05:53.137+0000][16.140s][info ][gc,metaspace  ] GC(27) Metaspace: 58089K(59564K)->58089K(59564K) NonClass: 50724K(51628K)->50724K(51628K) Class: 7365K(7936K)->7365K(7936K)
[2023-10-17T15:05:53.137+0000][16.141s][info ][gc            ] GC(27) Pause Young (Concurrent Start) (Metadata GC Threshold) 232M->39M(374M) 32.867ms
[2023-10-17T15:05:53.138+0000][16.141s][info ][gc,cpu        ] GC(27) User=0.16s Sys=0.01s Real=0.03s
[2023-10-17T15:05:53.138+0000][16.141s][info ][gc            ] GC(28) Concurrent Cycle
[2023-10-17T15:05:53.139+0000][16.142s][info ][gc,marking    ] GC(28) Concurrent Clear Claimed Marks
[2023-10-17T15:05:53.138+0000][16.141s][info ][safepoint     ] Leaving safepoint region
[2023-10-17T15:05:53.139+0000][16.143s][info ][safepoint     ] Total time for which application threads were stopped: 0.0353011 seconds, Stopping threads took: 0.0003865 seconds
[2023-10-17T15:05:53.139+0000][16.142s][info ][gc,marking    ] GC(28) Concurrent Clear Claimed Marks 0.627ms
[2023-10-17T15:05:53.140+0000][16.143s][info ][gc,marking    ] GC(28) Concurrent Scan Root Regions
[2023-10-17T15:05:53.140+0000][16.143s][info ][gc,stringdedup] Concurrent String Deduplication (16.143s)
[2023-10-17T15:05:53.144+0000][16.147s][debug][safepoint     ] Safepoint synchronization initiated. (14 threads)
[2023-10-17T15:05:53.145+0000][16.148s][info ][safepoint     ] Application time: 0.0048676 seconds
[2023-10-17T15:05:53.145+0000][16.148s][info ][safepoint     ] Entering safepoint region: Deoptimize
[2023-10-17T15:05:53.146+0000][16.150s][info ][safepoint     ] Leaving safepoint region
[2023-10-17T15:05:53.147+0000][16.150s][info ][safepoint     ] Total time for which application threads were stopped: 0.0019037 seconds, Stopping threads took: 0.0004721 seconds
[2023-10-17T15:05:53.149+0000][16.152s][info ][gc,marking    ] GC(28) Concurrent Scan Root Regions 8.886ms
[2023-10-17T15:05:53.150+0000][16.153s][info ][gc,marking    ] GC(28) Concurrent Mark (16.153s)
[2023-10-17T15:05:53.150+0000][16.153s][info ][gc,marking    ] GC(28) Concurrent Mark From Roots
[2023-10-17T15:05:53.150+0000][16.154s][info ][gc,task       ] GC(28) Using 2 workers of 2 for marking
[2023-10-17T15:05:53.150+0000][16.153s][info ][gc,stringdedup] Concurrent String Deduplication 239.3K->92360.0B(149.1K) avg 45.0% (16.143s, 16.153s) 6.344ms
[2023-10-17T15:05:53.174+0000][16.177s][info ][gc,marking    ] GC(28) Concurrent Mark From Roots 23.870ms
[2023-10-17T15:05:53.175+0000][16.178s][info ][gc,marking    ] GC(28) Concurrent Preclean
[2023-10-17T15:05:53.175+0000][16.178s][info ][gc,marking    ] GC(28) Concurrent Preclean 0.539ms
[2023-10-17T15:05:53.176+0000][16.179s][info ][gc,marking    ] GC(28) Concurrent Mark (16.153s, 16.179s) 26.085ms
[2023-10-17T15:05:53.176+0000][16.179s][debug][safepoint     ] Safepoint synchronization initiated. (14 threads)
[2023-10-17T15:05:53.176+0000][16.180s][info ][safepoint     ] Application time: 0.0290229 seconds
[2023-10-17T15:05:53.177+0000][16.180s][info ][safepoint     ] Entering safepoint region: CGC_Operation
[2023-10-17T15:05:53.177+0000][16.181s][info ][gc,start      ] GC(28) Pause Remark
[2023-10-17T15:05:53.183+0000][16.187s][info ][gc,stringtable] GC(28) Cleaned string and symbol table, strings: 23097 processed, 0 removed, symbols: 189202 processed, 194 removed
[2023-10-17T15:05:53.185+0000][16.188s][info ][gc            ] GC(28) Pause Remark 43M->43M(374M) 7.177ms
[2023-10-17T15:05:53.185+0000][16.188s][info ][gc,cpu        ] GC(28) User=0.04s Sys=0.00s Real=0.01s
[2023-10-17T15:05:53.186+0000][16.189s][info ][safepoint     ] Leaving safepoint region
[2023-10-17T15:05:53.186+0000][16.189s][info ][safepoint     ] Total time for which application threads were stopped: 0.0090081 seconds, Stopping threads took: 0.0003823 seconds
[2023-10-17T15:05:53.186+0000][16.190s][info ][gc,marking    ] GC(28) Concurrent Rebuild Remembered Sets
[2023-10-17T15:05:53.201+0000][16.205s][info ][gc,marking    ] GC(28) Concurrent Rebuild Remembered Sets 15.066ms
[2023-10-17T15:05:53.202+0000][16.205s][debug][safepoint     ] Safepoint synchronization initiated. (14 threads)
[2023-10-17T15:05:53.202+0000][16.206s][info ][safepoint     ] Application time: 0.0161294 seconds
[2023-10-17T15:05:53.203+0000][16.206s][debug][safepoint     ] Waiting for 1 thread(s) to block
[2023-10-17T15:05:53.203+0000][16.207s][info ][safepoint     ] Entering safepoint region: CGC_Operation
[2023-10-17T15:05:53.204+0000][16.207s][info ][gc,start      ] GC(28) Pause Cleanup
[2023-10-17T15:05:53.204+0000][16.208s][info ][gc            ] GC(28) Pause Cleanup 45M->45M(374M) 0.632ms
[2023-10-17T15:05:53.205+0000][16.208s][info ][gc,cpu        ] GC(28) User=0.00s Sys=0.00s Real=0.00s
[2023-10-17T15:05:53.205+0000][16.209s][info ][safepoint     ] Leaving safepoint region
[2023-10-17T15:05:53.206+0000][16.209s][info ][safepoint     ] Total time for which application threads were stopped: 0.0028078 seconds, Stopping threads took: 0.0009005 seconds
[2023-10-17T15:05:53.206+0000][16.209s][info ][gc,marking    ] GC(28) Concurrent Cleanup for Next Mark
[2023-10-17T15:05:53.211+0000][16.214s][info ][gc,marking    ] GC(28) Concurrent Cleanup for Next Mark 5.133ms
[2023-10-17T15:05:53.212+0000][16.215s][info ][gc            ] GC(28) Concurrent Cycle 73.562ms
[2023-10-17T15:05:54.206+0000][17.209s][debug][safepoint     ] Safepoint synchronization initiated. (16 threads)
[2023-10-17T15:05:54.207+0000][17.210s][info ][safepoint     ] Application time: 1.0009900 seconds
[2023-10-17T15:05:54.208+0000][17.211s][debug][safepoint     ] Waiting for 1 thread(s) to block
[2023-10-17T15:05:54.209+0000][17.212s][info ][safepoint     ] Entering safepoint region: Cleanup
[2023-10-17T15:05:54.210+0000][17.214s][info ][safepoint     ] Leaving safepoint region
[2023-10-17T15:05:54.212+0000][17.215s][info ][safepoint     ] Total time for which application threads were stopped: 0.0040114 seconds, Stopping threads took: 0.0020322 seconds
[2023-10-17T15:05:54.778+0000][17.781s][debug][safepoint     ] Safepoint synchronization initiated. (17 threads)
[2023-10-17T15:05:54.778+0000][17.782s][info ][safepoint     ] Application time: 0.5654681 seconds
[2023-10-17T15:05:54.779+0000][17.782s][info ][safepoint     ] Entering safepoint region: Deoptimize
[2023-10-17T15:05:54.784+0000][17.788s][info ][safepoint     ] Leaving safepoint region
[2023-10-17T15:05:54.785+0000][17.788s][info ][safepoint     ] Total time for which application threads were stopped: 0.0058786 seconds, Stopping threads took: 0.0004914 seconds
[2023-10-17T15:05:54.888+0000][17.891s][debug][safepoint     ] Safepoint synchronization initiated. (17 threads)
[2023-10-17T15:05:54.889+0000][17.892s][info ][safepoint     ] Application time: 0.1033583 seconds
[2023-10-17T15:05:54.890+0000][17.893s][info ][safepoint     ] Entering safepoint region: Deoptimize
[2023-10-17T15:05:54.892+0000][17.895s][info ][safepoint     ] Leaving safepoint region
[2023-10-17T15:05:54.893+0000][17.896s][info ][safepoint     ] Total time for which application threads were stopped: 0.0028865 seconds, Stopping threads took: 0.0005490 seconds
[2023-10-17T15:05:55.288+0000][18.291s][debug][safepoint     ] Safepoint synchronization initiated. (17 threads)
[2023-10-17T15:05:55.288+0000][18.292s][info ][safepoint     ] Application time: 0.3947573 seconds
[2023-10-17T15:05:55.289+0000][18.292s][info ][safepoint     ] Entering safepoint region: G1CollectForAllocation
[2023-10-17T15:05:55.290+0000][18.293s][info ][gc,start      ] GC(29) Pause Young (Normal) (G1 Evacuation Pause)
[2023-10-17T15:05:55.290+0000][18.293s][info ][gc,task       ] GC(29) Using 8 workers of 8 for evacuation
[2023-10-17T15:05:55.327+0000][18.331s][info ][gc,phases     ] GC(29)   Pre Evacuate Collection Set: 0.0ms
[2023-10-17T15:05:55.328+0000][18.331s][info ][gc,phases     ] GC(29)   Evacuate Collection Set: 32.1ms
[2023-10-17T15:05:55.329+0000][18.332s][info ][gc,phases     ] GC(29)   Post Evacuate Collection Set: 4.2ms
[2023-10-17T15:05:55.329+0000][18.332s][info ][gc,phases     ] GC(29)   Other: 1.2ms
[2023-10-17T15:05:55.330+0000][18.333s][info ][gc,heap       ] GC(29) Eden regions: 208->0(205)
[2023-10-17T15:05:55.330+0000][18.334s][info ][gc,heap       ] GC(29) Survivor regions: 16->19(28)
[2023-10-17T15:05:55.331+0000][18.334s][info ][gc,heap       ] GC(29) Old regions: 26->27
[2023-10-17T15:05:55.331+0000][18.335s][info ][gc,heap       ] GC(29) Humongous regions: 0->0
[2023-10-17T15:05:55.332+0000][18.335s][info ][gc,metaspace  ] GC(29) Metaspace: 65057K(66604K)->65057K(66604K) NonClass: 56782K(57772K)->56782K(57772K) Class: 8274K(8832K)->8274K(8832K)
[2023-10-17T15:05:55.333+0000][18.336s][info ][gc            ] GC(29) Pause Young (Normal) (G1 Evacuation Pause) 247M->43M(374M) 43.078ms
[2023-10-17T15:05:55.333+0000][18.337s][info ][gc,cpu        ] GC(29) User=0.24s Sys=0.04s Real=0.05s
[2023-10-17T15:05:55.334+0000][18.337s][info ][safepoint     ] Leaving safepoint region
[2023-10-17T15:05:55.334+0000][18.338s][info ][safepoint     ] Total time for which application threads were stopped: 0.0453646 seconds, Stopping threads took: 0.0004759 seconds
[2023-10-17T15:05:55.335+0000][18.339s][info ][gc,stringdedup] Concurrent String Deduplication (18.339s)
[2023-10-17T15:05:55.344+0000][18.348s][info ][gc,stringdedup] Concurrent String Deduplication 336.2K->144.5K(191.7K) avg 45.4% (18.339s, 18.348s) 9.142ms
[2023-10-17T15:05:55.812+0000][18.815s][debug][safepoint     ] Safepoint synchronization initiated. (17 threads)
[2023-10-17T15:05:55.812+0000][18.816s][info ][safepoint     ] Application time: 0.4771356 seconds
[2023-10-17T15:05:55.813+0000][18.816s][info ][safepoint     ] Entering safepoint region: ICBufferFull
[2023-10-17T15:05:55.814+0000][18.818s][info ][safepoint     ] Leaving safepoint region
[2023-10-17T15:05:55.817+0000][18.820s][info ][safepoint     ] Total time for which application threads were stopped: 0.0040130 seconds, Stopping threads took: 0.0009188 seconds
[2023-10-17T15:05:56.818+0000][19.821s][debug][safepoint     ] Safepoint synchronization initiated. (17 threads)
[2023-10-17T15:05:56.818+0000][19.822s][info ][safepoint     ] Application time: 1.0006965 seconds
[2023-10-17T15:05:56.819+0000][19.822s][debug][safepoint     ] Waiting for 1 thread(s) to block
[2023-10-17T15:05:56.819+0000][19.823s][info ][safepoint     ] Entering safepoint region: Cleanup
[2023-10-17T15:05:56.820+0000][19.823s][info ][safepoint     ] Leaving safepoint region
[2023-10-17T15:05:56.821+0000][19.824s][info ][safepoint     ] Total time for which application threads were stopped: 0.0019067 seconds, Stopping threads took: 0.0011941 seconds
[2023-10-17T15:05:56.921+0000][19.924s][debug][safepoint     ] Safepoint synchronization initiated. (17 threads)
[2023-10-17T15:05:56.922+0000][19.925s][info ][safepoint     ] Application time: 0.1002654 seconds
[2023-10-17T15:05:56.922+0000][19.925s][info ][safepoint     ] Entering safepoint region: G1CollectForAllocation
[2023-10-17T15:05:56.923+0000][19.927s][info ][gc,start      ] GC(30) Pause Young (Normal) (G1 Evacuation Pause)
[2023-10-17T15:05:56.924+0000][19.927s][info ][gc,task       ] GC(30) Using 8 workers of 8 for evacuation
[2023-10-17T15:05:56.973+0000][19.976s][info ][gc,phases     ] GC(30)   Pre Evacuate Collection Set: 0.0ms
[2023-10-17T15:05:56.974+0000][19.977s][info ][gc,phases     ] GC(30)   Evacuate Collection Set: 44.1ms
[2023-10-17T15:05:56.975+0000][19.978s][info ][gc,phases     ] GC(30)   Post Evacuate Collection Set: 3.7ms
[2023-10-17T15:05:56.975+0000][19.979s][info ][gc,phases     ] GC(30)   Other: 1.9ms
[2023-10-17T15:05:56.976+0000][19.979s][info ][gc,heap       ] GC(30) Eden regions: 205->0(208)
[2023-10-17T15:05:56.977+0000][19.980s][info ][gc,heap       ] GC(30) Survivor regions: 19->16(28)
[2023-10-17T15:05:56.978+0000][19.981s][info ][gc,heap       ] GC(30) Old regions: 27->31
[2023-10-17T15:05:56.978+0000][19.981s][info ][gc,heap       ] GC(30) Humongous regions: 0->0
[2023-10-17T15:05:56.979+0000][19.982s][info ][gc,metaspace  ] GC(30) Metaspace: 68744K(70572K)->68744K(70572K) NonClass: 59898K(61100K)->59898K(61100K) Class: 8845K(9472K)->8845K(9472K)
[2023-10-17T15:05:56.979+0000][19.982s][info ][gc            ] GC(30) Pause Young (Normal) (G1 Evacuation Pause) 248M->44M(374M) 55.620ms
[2023-10-17T15:05:56.980+0000][19.983s][info ][gc,cpu        ] GC(30) User=0.31s Sys=0.00s Real=0.05s
[2023-10-17T15:05:56.980+0000][19.984s][info ][safepoint     ] Leaving safepoint region
[2023-10-17T15:05:56.981+0000][19.984s][info ][safepoint     ] Total time for which application threads were stopped: 0.0587703 seconds, Stopping threads took: 0.0007057 seconds
[2023-10-17T15:05:56.981+0000][19.985s][info ][gc,stringdedup] Concurrent String Deduplication (19.985s)
[2023-10-17T15:05:56.984+0000][19.987s][info ][gc,stringdedup] Concurrent String Deduplication 78920.0B->14776.0B(64144.0B) avg 45.7% (19.985s, 19.987s) 2.241ms
[2023-10-17T15:05:57.189+0000][20.192s][debug][safepoint     ] Safepoint synchronization initiated. (17 threads)
[2023-10-17T15:05:57.189+0000][20.192s][info ][safepoint     ] Application time: 0.2077767 seconds
[2023-10-17T15:05:57.190+0000][20.193s][debug][safepoint     ] Waiting for 1 thread(s) to block
[2023-10-17T15:05:57.190+0000][20.194s][info ][safepoint     ] Entering safepoint region: ICBufferFull
[2023-10-17T15:05:57.191+0000][20.194s][info ][safepoint     ] Leaving safepoint region
[2023-10-17T15:05:57.192+0000][20.195s][info ][safepoint     ] Total time for which application threads were stopped: 0.0018224 seconds, Stopping threads took: 0.0010444 seconds
[2023-10-17T15:05:57.256+0000][20.259s][debug][safepoint     ] Safepoint synchronization initiated. (17 threads)
[2023-10-17T15:05:57.257+0000][20.260s][info ][safepoint     ] Application time: 0.0644587 seconds
[2023-10-17T15:05:57.257+0000][20.261s][info ][safepoint     ] Entering safepoint region: ICBufferFull
[2023-10-17T15:05:57.259+0000][20.263s][info ][safepoint     ] Leaving safepoint region
[2023-10-17T15:05:57.261+0000][20.265s][info ][safepoint     ] Total time for which application threads were stopped: 0.0040178 seconds, Stopping threads took: 0.0015662 seconds
[2023-10-17T15:05:57.399+0000][20.402s][debug][safepoint     ] Safepoint synchronization initiated. (17 threads)
[2023-10-17T15:05:57.400+0000][20.403s][info ][safepoint     ] Application time: 0.1367531 seconds
[2023-10-17T15:05:57.401+0000][20.404s][info ][safepoint     ] Entering safepoint region: ICBufferFull
[2023-10-17T15:05:57.402+0000][20.406s][info ][safepoint     ] Leaving safepoint region
[2023-10-17T15:05:57.404+0000][20.407s][info ][safepoint     ] Total time for which application threads were stopped: 0.0030497 seconds, Stopping threads took: 0.0010181 seconds
[2023-10-17T15:05:57.584+0000][20.588s][debug][safepoint     ] Safepoint synchronization initiated. (17 threads)
[2023-10-17T15:05:57.585+0000][20.588s][info ][safepoint     ] Application time: 0.1809391 seconds
[2023-10-17T15:05:57.586+0000][20.589s][info ][safepoint     ] Entering safepoint region: ICBufferFull
[2023-10-17T15:05:57.587+0000][20.590s][info ][safepoint     ] Leaving safepoint region
[2023-10-17T15:05:57.588+0000][20.591s][info ][safepoint     ] Total time for which application threads were stopped: 0.0016164 seconds, Stopping threads took: 0.0004815 seconds
[2023-10-17T15:05:57.724+0000][20.727s][debug][safepoint     ] Safepoint synchronization initiated. (17 threads)
[2023-10-17T15:05:57.725+0000][20.728s][info ][safepoint     ] Application time: 0.1367837 seconds
[2023-10-17T15:05:57.725+0000][20.729s][info ][safepoint     ] Entering safepoint region: ICBufferFull
[2023-10-17T15:05:57.726+0000][20.729s][info ][safepoint     ] Leaving safepoint region
[2023-10-17T15:05:57.727+0000][20.730s][info ][safepoint     ] Total time for which application threads were stopped: 0.0012110 seconds, Stopping threads took: 0.0004815 seconds
[2023-10-17T15:05:58.133+0000][21.136s][debug][safepoint     ] Safepoint synchronization initiated. (17 threads)
[2023-10-17T15:05:58.135+0000][21.138s][info ][safepoint     ] Application time: 0.4077920 seconds
[2023-10-17T15:05:58.136+0000][21.139s][info ][safepoint     ] Entering safepoint region: ICBufferFull
[2023-10-17T15:05:58.136+0000][21.140s][info ][safepoint     ] Leaving safepoint region
[2023-10-17T15:05:58.137+0000][21.140s][info ][safepoint     ] Total time for which application threads were stopped: 0.0012196 seconds, Stopping threads took: 0.0004846 seconds
[2023-10-17T15:05:58.195+0000][21.198s][debug][safepoint     ] Safepoint synchronization initiated. (17 threads)
[2023-10-17T15:05:58.195+0000][21.199s][info ][safepoint     ] Application time: 0.0581300 seconds
[2023-10-17T15:05:58.196+0000][21.199s][info ][safepoint     ] Entering safepoint region: Deoptimize
[2023-10-17T15:05:58.198+0000][21.201s][info ][safepoint     ] Leaving safepoint region
[2023-10-17T15:05:58.198+0000][21.202s][info ][safepoint     ] Total time for which application threads were stopped: 0.0025671 seconds, Stopping threads took: 0.0005919 seconds
[2023-10-17T15:05:58.200+0000][21.203s][debug][safepoint     ] Safepoint synchronization initiated. (17 threads)
[2023-10-17T15:05:58.200+0000][21.204s][info ][safepoint     ] Application time: 0.0015464 seconds
[2023-10-17T15:05:58.201+0000][21.204s][info ][safepoint     ] Entering safepoint region: Deoptimize
[2023-10-17T15:05:58.202+0000][21.206s][info ][safepoint     ] Leaving safepoint region
[2023-10-17T15:05:58.203+0000][21.206s][info ][safepoint     ] Total time for which application threads were stopped: 0.0020042 seconds, Stopping threads took: 0.0003296 seconds
[2023-10-17T15:05:58.247+0000][21.250s][debug][safepoint     ] Safepoint synchronization initiated. (17 threads)
[2023-10-17T15:05:58.248+0000][21.251s][info ][safepoint     ] Application time: 0.0443834 seconds
[2023-10-17T15:05:58.248+0000][21.251s][info ][safepoint     ] Entering safepoint region: G1CollectForAllocation
[2023-10-17T15:05:58.249+0000][21.252s][info ][gc,start      ] GC(31) Pause Young (Normal) (G1 Evacuation Pause)
[2023-10-17T15:05:58.249+0000][21.253s][info ][gc,task       ] GC(31) Using 8 workers of 8 for evacuation
[2023-10-17T15:05:58.276+0000][21.279s][info ][gc,phases     ] GC(31)   Pre Evacuate Collection Set: 0.0ms
[2023-10-17T15:05:58.277+0000][21.280s][info ][gc,phases     ] GC(31)   Evacuate Collection Set: 21.6ms
[2023-10-17T15:05:58.277+0000][21.280s][info ][gc,phases     ] GC(31)   Post Evacuate Collection Set: 4.8ms
[2023-10-17T15:05:58.277+0000][21.281s][info ][gc,phases     ] GC(31)   Other: 0.9ms
[2023-10-17T15:05:58.278+0000][21.281s][info ][gc,heap       ] GC(31) Eden regions: 208->0(255)
[2023-10-17T15:05:58.278+0000][21.282s][info ][gc,heap       ] GC(31) Survivor regions: 16->15(28)
[2023-10-17T15:05:58.279+0000][21.282s][info ][gc,heap       ] GC(31) Old regions: 31->32
[2023-10-17T15:05:58.280+0000][21.283s][info ][gc,heap       ] GC(31) Humongous regions: 0->0
[2023-10-17T15:05:58.280+0000][21.284s][info ][gc,metaspace  ] GC(31) Metaspace: 72082K(73772K)->72082K(73772K) NonClass: 62879K(63916K)->62879K(63916K) Class: 9202K(9856K)->9202K(9856K)
[2023-10-17T15:05:58.281+0000][21.285s][info ][gc            ] GC(31) Pause Young (Normal) (G1 Evacuation Pause) 252M->45M(450M) 32.376ms
[2023-10-17T15:05:58.282+0000][21.285s][info ][gc,cpu        ] GC(31) User=0.17s Sys=0.03s Real=0.04s
[2023-10-17T15:05:58.283+0000][21.286s][info ][safepoint     ] Leaving safepoint region
[2023-10-17T15:05:58.285+0000][21.289s][info ][safepoint     ] Total time for which application threads were stopped: 0.0371330 seconds, Stopping threads took: 0.0004931 seconds
[2023-10-17T15:05:58.286+0000][21.289s][info ][gc,stringdedup] Concurrent String Deduplication (21.289s)
[2023-10-17T15:05:58.292+0000][21.296s][info ][gc,stringdedup] Concurrent String Deduplication 179.0K->63040.0B(117.4K) avg 46.1% (21.289s, 21.296s) 6.280ms
[2023-10-17T15:05:58.618+0000][21.621s][debug][safepoint     ] Safepoint synchronization initiated. (17 threads)
[2023-10-17T15:05:58.618+0000][21.622s][info ][safepoint     ] Application time: 0.3324134 seconds
[2023-10-17T15:05:58.619+0000][21.622s][debug][safepoint     ] Waiting for 1 thread(s) to block
[2023-10-17T15:05:58.619+0000][21.623s][info ][safepoint     ] Entering safepoint region: ICBufferFull
[2023-10-17T15:05:58.620+0000][21.623s][info ][safepoint     ] Leaving safepoint region
[2023-10-17T15:05:58.620+0000][21.624s][info ][safepoint     ] Total time for which application threads were stopped: 0.0014782 seconds, Stopping threads took: 0.0008506 seconds
[2023-10-17T15:05:58.650+0000][21.653s][debug][safepoint     ] Safepoint synchronization initiated. (17 threads)
[2023-10-17T15:05:58.650+0000][21.654s][info ][safepoint     ] Application time: 0.0296029 seconds
[2023-10-17T15:05:58.651+0000][21.654s][info ][safepoint     ] Entering safepoint region: Deoptimize
[2023-10-17T15:05:58.653+0000][21.656s][info ][safepoint     ] Leaving safepoint region
[2023-10-17T15:05:58.653+0000][21.656s][info ][safepoint     ] Total time for which application threads were stopped: 0.0023794 seconds, Stopping threads took: 0.0004181 seconds
[2023-10-17T15:05:58.887+0000][21.890s][debug][safepoint     ] Safepoint synchronization initiated. (17 threads)
[2023-10-17T15:05:58.887+0000][21.891s][info ][safepoint     ] Application time: 0.2339089 seconds
[2023-10-17T15:05:58.888+0000][21.891s][info ][safepoint     ] Entering safepoint region: Deoptimize
[2023-10-17T15:05:58.890+0000][21.893s][info ][safepoint     ] Leaving safepoint region
[2023-10-17T15:05:58.890+0000][21.894s][info ][safepoint     ] Total time for which application threads were stopped: 0.0025814 seconds, Stopping threads took: 0.0006298 seconds
[2023-10-17T15:05:59.013+0000][22.016s][debug][safepoint     ] Safepoint synchronization initiated. (17 threads)
[2023-10-17T15:05:59.013+0000][22.017s][info ][safepoint     ] Application time: 0.1223897 seconds
[2023-10-17T15:05:59.014+0000][22.017s][info ][safepoint     ] Entering safepoint region: Deoptimize
[2023-10-17T15:05:59.015+0000][22.019s][info ][safepoint     ] Leaving safepoint region
[2023-10-17T15:05:59.016+0000][22.019s][info ][safepoint     ] Total time for which application threads were stopped: 0.0021299 seconds, Stopping threads took: 0.0003928 seconds
[2023-10-17T15:05:59.240+0000][22.243s][debug][safepoint     ] Safepoint synchronization initiated. (17 threads)
[2023-10-17T15:05:59.241+0000][22.244s][info ][safepoint     ] Application time: 0.2243491 seconds
[2023-10-17T15:05:59.241+0000][22.244s][info ][safepoint     ] Entering safepoint region: ICBufferFull
[2023-10-17T15:05:59.242+0000][22.245s][info ][safepoint     ] Leaving safepoint region
[2023-10-17T15:05:59.242+0000][22.246s][info ][safepoint     ] Total time for which application threads were stopped: 0.0012540 seconds, Stopping threads took: 0.0004960 seconds
[2023-10-17T15:05:59.979+0000][22.982s][debug][safepoint     ] Safepoint synchronization initiated. (18 threads)
[2023-10-17T15:05:59.980+0000][22.983s][info ][safepoint     ] Application time: 0.7367033 seconds
[2023-10-17T15:05:59.980+0000][22.983s][info ][safepoint     ] Entering safepoint region: ICBufferFull
[2023-10-17T15:05:59.981+0000][22.984s][info ][safepoint     ] Leaving safepoint region
[2023-10-17T15:05:59.982+0000][22.985s][info ][safepoint     ] Total time for which application threads were stopped: 0.0014628 seconds, Stopping threads took: 0.0006949 seconds
[2023-10-17T15:06:00.044+0000][23.048s][debug][safepoint     ] Safepoint synchronization initiated. (18 threads)
[2023-10-17T15:06:00.046+0000][23.049s][info ][safepoint     ] Application time: 0.0635895 seconds
[2023-10-17T15:06:00.046+0000][23.050s][debug][safepoint     ] ... found polling page return exception at pc = 0x00007f226212f621, stub =0x00007f2260840600
[2023-10-17T15:06:00.047+0000][23.050s][debug][safepoint     ] Waiting for 1 thread(s) to block
[2023-10-17T15:06:00.047+0000][23.051s][info ][safepoint     ] Entering safepoint region: G1CollectForAllocation
[2023-10-17T15:06:00.048+0000][23.051s][info ][gc,start      ] GC(32) Pause Young (Normal) (G1 Evacuation Pause)
[2023-10-17T15:06:00.049+0000][23.052s][info ][gc,task       ] GC(32) Using 8 workers of 8 for evacuation
[2023-10-17T15:06:00.069+0000][23.073s][info ][gc,phases     ] GC(32)   Pre Evacuate Collection Set: 0.0ms
[2023-10-17T15:06:00.070+0000][23.073s][info ][gc,phases     ] GC(32)   Evacuate Collection Set: 17.8ms
[2023-10-17T15:06:00.070+0000][23.074s][info ][gc,phases     ] GC(32)   Post Evacuate Collection Set: 2.1ms
[2023-10-17T15:06:00.071+0000][23.074s][info ][gc,phases     ] GC(32)   Other: 1.4ms
[2023-10-17T15:06:00.071+0000][23.075s][info ][gc,heap       ] GC(32) Eden regions: 255->0(251)
[2023-10-17T15:06:00.072+0000][23.075s][info ][gc,heap       ] GC(32) Survivor regions: 15->19(34)
[2023-10-17T15:06:00.072+0000][23.075s][info ][gc,heap       ] GC(32) Old regions: 32->32
[2023-10-17T15:06:00.073+0000][23.076s][info ][gc,heap       ] GC(32) Humongous regions: 0->0
[2023-10-17T15:06:00.073+0000][23.076s][info ][gc,metaspace  ] GC(32) Metaspace: 77809K(79916K)->77809K(79916K) NonClass: 67965K(69292K)->67965K(69292K) Class: 9844K(10624K)->9844K(10624K)
[2023-10-17T15:06:00.073+0000][23.077s][info ][gc            ] GC(32) Pause Young (Normal) (G1 Evacuation Pause) 300M->49M(450M) 25.343ms
[2023-10-17T15:06:00.074+0000][23.077s][info ][gc,cpu        ] GC(32) User=0.16s Sys=0.00s Real=0.03s
[2023-10-17T15:06:00.074+0000][23.078s][info ][safepoint     ] Leaving safepoint region
[2023-10-17T15:06:00.075+0000][23.078s][info ][safepoint     ] Total time for which application threads were stopped: 0.0283712 seconds, Stopping threads took: 0.0015320 seconds
[2023-10-17T15:06:00.075+0000][23.079s][info ][gc,stringdedup] Concurrent String Deduplication (23.079s)
[2023-10-17T15:06:00.079+0000][23.082s][info ][gc,stringdedup] Concurrent String Deduplication 199.9K->45448.0B(155.5K) avg 46.7% (23.079s, 23.082s) 3.185ms
[2023-10-17T15:06:00.423+0000][23.427s][debug][safepoint     ] Safepoint synchronization initiated. (18 threads)
[2023-10-17T15:06:00.424+0000][23.427s][info ][safepoint     ] Application time: 0.3489051 seconds
[2023-10-17T15:06:00.424+0000][23.428s][info ][safepoint     ] Entering safepoint region: ICBufferFull
[2023-10-17T15:06:00.425+0000][23.428s][info ][safepoint     ] Leaving safepoint region
[2023-10-17T15:06:00.426+0000][23.429s][info ][safepoint     ] Total time for which application threads were stopped: 0.0011555 seconds, Stopping threads took: 0.0004350 seconds
[2023-10-17T15:06:01.118+0000][24.121s][debug][safepoint     ] Safepoint synchronization initiated. (18 threads)
[2023-10-17T15:06:01.118+0000][24.122s][info ][safepoint     ] Application time: 0.6924219 seconds
[2023-10-17T15:06:01.119+0000][24.122s][debug][safepoint     ] Waiting for 1 thread(s) to block
[2023-10-17T15:06:01.119+0000][24.123s][info ][safepoint     ] Entering safepoint region: ICBufferFull
[2023-10-17T15:06:01.120+0000][24.123s][info ][safepoint     ] Leaving safepoint region
[2023-10-17T15:06:01.120+0000][24.124s][info ][safepoint     ] Total time for which application threads were stopped: 0.0015336 seconds, Stopping threads took: 0.0009101 seconds
[2023-10-17T15:06:01.522+0000][24.526s][debug][safepoint     ] Safepoint synchronization initiated. (18 threads)
[2023-10-17T15:06:01.523+0000][24.526s][info ][safepoint     ] Application time: 0.4021381 seconds
[2023-10-17T15:06:01.523+0000][24.527s][info ][safepoint     ] Entering safepoint region: ICBufferFull
[2023-10-17T15:06:01.524+0000][24.527s][info ][safepoint     ] Leaving safepoint region
[2023-10-17T15:06:01.525+0000][24.528s][info ][safepoint     ] Total time for which application threads were stopped: 0.0011540 seconds, Stopping threads took: 0.0004056 seconds
[2023-10-17T15:06:01.872+0000][24.875s][debug][safepoint     ] Safepoint synchronization initiated. (18 threads)
[2023-10-17T15:06:01.874+0000][24.877s][info ][safepoint     ] Application time: 0.3490984 seconds
[2023-10-17T15:06:01.875+0000][24.878s][info ][safepoint     ] Entering safepoint region: Deoptimize
[2023-10-17T15:06:01.878+0000][24.881s][info ][safepoint     ] Leaving safepoint region
[2023-10-17T15:06:01.882+0000][24.885s][info ][safepoint     ] Total time for which application threads were stopped: 0.0069192 seconds, Stopping threads took: 0.0005443 seconds
[2023-10-17T15:06:02.090+0000][25.093s][debug][safepoint     ] Safepoint synchronization initiated. (18 threads)
[2023-10-17T15:06:02.091+0000][25.094s][info ][safepoint     ] Application time: 0.2050162 seconds
[2023-10-17T15:06:02.091+0000][25.094s][info ][safepoint     ] Entering safepoint region: G1CollectForAllocation
[2023-10-17T15:06:02.092+0000][25.095s][info ][gc,start      ] GC(33) Pause Young (Normal) (G1 Evacuation Pause)
[2023-10-17T15:06:02.093+0000][25.096s][info ][gc,task       ] GC(33) Using 8 workers of 8 for evacuation
[2023-10-17T15:06:02.127+0000][25.130s][info ][gc,phases     ] GC(33)   Pre Evacuate Collection Set: 0.0ms
[2023-10-17T15:06:02.127+0000][25.130s][info ][gc,phases     ] GC(33)   Evacuate Collection Set: 28.8ms
[2023-10-17T15:06:02.128+0000][25.131s][info ][gc,phases     ] GC(33)   Post Evacuate Collection Set: 4.2ms
[2023-10-17T15:06:02.128+0000][25.131s][info ][gc,phases     ] GC(33)   Other: 1.7ms
[2023-10-17T15:06:02.129+0000][25.132s][info ][gc,heap       ] GC(33) Eden regions: 251->0(246)
[2023-10-17T15:06:02.129+0000][25.132s][info ][gc,heap       ] GC(33) Survivor regions: 19->24(34)
[2023-10-17T15:06:02.130+0000][25.133s][info ][gc,heap       ] GC(33) Old regions: 32->36
[2023-10-17T15:06:02.131+0000][25.134s][info ][gc,heap       ] GC(33) Humongous regions: 0->0
[2023-10-17T15:06:02.131+0000][25.135s][info ][gc,metaspace  ] GC(33) Metaspace: 80448K(82604K)->80448K(82604K) NonClass: 70466K(71852K)->70466K(71852K) Class: 9982K(10752K)->9982K(10752K)
[2023-10-17T15:06:02.132+0000][25.135s][info ][gc            ] GC(33) Pause Young (Normal) (G1 Evacuation Pause) 300M->57M(450M) 40.278ms
[2023-10-17T15:06:02.133+0000][25.136s][info ][gc,cpu        ] GC(33) User=0.23s Sys=0.03s Real=0.04s
[2023-10-17T15:06:02.133+0000][25.136s][info ][safepoint     ] Leaving safepoint region
[2023-10-17T15:06:02.134+0000][25.137s][info ][safepoint     ] Total time for which application threads were stopped: 0.0425594 seconds, Stopping threads took: 0.0005478 seconds
[2023-10-17T15:06:02.134+0000][25.137s][info ][gc,stringdedup] Concurrent String Deduplication (25.137s)
[2023-10-17T15:06:02.137+0000][25.141s][info ][gc,stringdedup] Concurrent String Deduplication 257.7K->171.6K(88192.0B) avg 46.4% (25.137s, 25.141s) 3.094ms
[2023-10-17T15:06:02.815+0000][25.819s][debug][safepoint     ] Safepoint synchronization initiated. (17 threads)
[2023-10-17T15:06:02.816+0000][25.819s][info ][safepoint     ] Application time: 0.6819469 seconds
[2023-10-17T15:06:02.816+0000][25.820s][info ][safepoint     ] Entering safepoint region: Deoptimize
[2023-10-17T15:06:02.818+0000][25.822s][info ][safepoint     ] Leaving safepoint region
[2023-10-17T15:06:02.819+0000][25.822s][info ][safepoint     ] Total time for which application threads were stopped: 0.0023464 seconds, Stopping threads took: 0.0003814 seconds
[2023-10-17T15:06:02.991+0000][25.994s][debug][safepoint     ] Safepoint synchronization initiated. (21 threads)
[2023-10-17T15:06:02.992+0000][25.995s][info ][safepoint     ] Application time: 0.1726135 seconds
[2023-10-17T15:06:02.992+0000][25.995s][info ][safepoint     ] Entering safepoint region: ICBufferFull
[2023-10-17T15:06:02.993+0000][25.996s][info ][safepoint     ] Leaving safepoint region
[2023-10-17T15:06:02.993+0000][25.996s][info ][safepoint     ] Total time for which application threads were stopped: 0.0010302 seconds, Stopping threads took: 0.0003879 seconds
[2023-10-17T15:06:03.435+0000][26.438s][debug][safepoint     ] Safepoint synchronization initiated. (21 threads)
[2023-10-17T15:06:03.435+0000][26.438s][info ][safepoint     ] Application time: 0.4416081 seconds
[2023-10-17T15:06:03.436+0000][26.439s][info ][safepoint     ] Entering safepoint region: ICBufferFull
[2023-10-17T15:06:03.436+0000][26.440s][info ][safepoint     ] Leaving safepoint region
[2023-10-17T15:06:03.437+0000][26.440s][info ][safepoint     ] Total time for which application threads were stopped: 0.0011113 seconds, Stopping threads took: 0.0003826 seconds
[2023-10-17T15:06:03.655+0000][26.659s][debug][safepoint     ] Safepoint synchronization initiated. (21 threads)
[2023-10-17T15:06:03.656+0000][26.659s][info ][safepoint     ] Application time: 0.2188488 seconds
[2023-10-17T15:06:03.656+0000][26.660s][info ][safepoint     ] Entering safepoint region: G1CollectForAllocation
[2023-10-17T15:06:03.657+0000][26.660s][info ][gc,start      ] GC(34) Pause Young (Normal) (G1 Evacuation Pause)
[2023-10-17T15:06:03.657+0000][26.661s][info ][gc,task       ] GC(34) Using 8 workers of 8 for evacuation
[2023-10-17T15:06:03.688+0000][26.691s][info ][gc,phases     ] GC(34)   Pre Evacuate Collection Set: 0.0ms
[2023-10-17T15:06:03.688+0000][26.691s][info ][gc,phases     ] GC(34)   Evacuate Collection Set: 26.6ms
[2023-10-17T15:06:03.688+0000][26.692s][info ][gc,phases     ] GC(34)   Post Evacuate Collection Set: 2.8ms
[2023-10-17T15:06:03.689+0000][26.692s][info ][gc,phases     ] GC(34)   Other: 1.1ms
[2023-10-17T15:06:03.689+0000][26.693s][info ][gc,heap       ] GC(34) Eden regions: 246->0(246)
[2023-10-17T15:06:03.690+0000][26.693s][info ][gc,heap       ] GC(34) Survivor regions: 24->24(34)
[2023-10-17T15:06:03.690+0000][26.693s][info ][gc,heap       ] GC(34) Old regions: 36->42
[2023-10-17T15:06:03.690+0000][26.694s][info ][gc,heap       ] GC(34) Humongous regions: 0->0
[2023-10-17T15:06:03.691+0000][26.694s][info ][gc,metaspace  ] GC(34) Metaspace: 83271K(85676K)->83271K(85676K) NonClass: 72963K(74412K)->72963K(74412K) Class: 10307K(11264K)->10307K(11264K)
[2023-10-17T15:06:03.691+0000][26.695s][info ][gc            ] GC(34) Pause Young (Normal) (G1 Evacuation Pause) 303M->63M(450M) 34.254ms
[2023-10-17T15:06:03.692+0000][26.695s][info ][gc,cpu        ] GC(34) User=0.23s Sys=0.02s Real=0.04s
[2023-10-17T15:06:03.692+0000][26.695s][info ][safepoint     ] Leaving safepoint region
[2023-10-17T15:06:03.692+0000][26.696s][info ][safepoint     ] Total time for which application threads were stopped: 0.0359268 seconds, Stopping threads took: 0.0003890 seconds
[2023-10-17T15:06:03.693+0000][26.696s][info ][gc,stringdedup] Concurrent String Deduplication (26.696s)
[2023-10-17T15:06:03.697+0000][26.700s][info ][gc,stringdedup] Concurrent String Deduplication 342.3K->107.5K(234.8K) avg 47.1% (26.696s, 26.700s) 3.988ms
[2023-10-17T15:06:04.072+0000][27.076s][debug][safepoint     ] Safepoint synchronization initiated. (21 threads)
[2023-10-17T15:06:04.073+0000][27.076s][info ][safepoint     ] Application time: 0.3802934 seconds
[2023-10-17T15:06:04.074+0000][27.077s][info ][safepoint     ] Entering safepoint region: Deoptimize
[2023-10-17T15:06:04.076+0000][27.080s][info ][safepoint     ] Leaving safepoint region
[2023-10-17T15:06:04.077+0000][27.080s][info ][safepoint     ] Total time for which application threads were stopped: 0.0034600 seconds, Stopping threads took: 0.0012040 seconds
[2023-10-17T15:06:04.298+0000][27.301s][debug][safepoint     ] Safepoint synchronization initiated. (21 threads)
[2023-10-17T15:06:04.300+0000][27.303s][info ][safepoint     ] Application time: 0.2222318 seconds
[2023-10-17T15:06:04.300+0000][27.304s][debug][safepoint     ] Waiting for 1 thread(s) to block
[2023-10-17T15:06:04.301+0000][27.304s][info ][safepoint     ] Entering safepoint region: ICBufferFull
[2023-10-17T15:06:04.301+0000][27.305s][info ][safepoint     ] Leaving safepoint region
[2023-10-17T15:06:04.302+0000][27.305s][info ][safepoint     ] Total time for which application threads were stopped: 0.0014039 seconds, Stopping threads took: 0.0008237 seconds
[2023-10-17T15:06:04.491+0000][27.494s][debug][safepoint     ] Safepoint synchronization initiated. (21 threads)
[2023-10-17T15:06:04.492+0000][27.495s][info ][safepoint     ] Application time: 0.1894978 seconds
[2023-10-17T15:06:04.492+0000][27.495s][info ][safepoint     ] Entering safepoint region: Deoptimize
[2023-10-17T15:06:04.494+0000][27.497s][info ][safepoint     ] Leaving safepoint region
[2023-10-17T15:06:04.494+0000][27.498s][info ][safepoint     ] Total time for which application threads were stopped: 0.0024054 seconds, Stopping threads took: 0.0004013 seconds
[2023-10-17T15:06:04.726+0000][27.729s][debug][safepoint     ] Safepoint synchronization initiated. (22 threads)
[2023-10-17T15:06:04.726+0000][27.729s][info ][safepoint     ] Application time: 0.2313389 seconds
[2023-10-17T15:06:04.727+0000][27.730s][info ][safepoint     ] Entering safepoint region: Deoptimize
[2023-10-17T15:06:04.730+0000][27.733s][info ][safepoint     ] Leaving safepoint region
[2023-10-17T15:06:04.730+0000][27.734s][info ][safepoint     ] Total time for which application threads were stopped: 0.0037501 seconds, Stopping threads took: 0.0003947 seconds
[2023-10-17T15:06:04.752+0000][27.755s][debug][safepoint     ] Safepoint synchronization initiated. (20 threads)
[2023-10-17T15:06:04.752+0000][27.756s][info ][safepoint     ] Application time: 0.0217627 seconds
[2023-10-17T15:06:04.753+0000][27.756s][info ][safepoint     ] Entering safepoint region: ICBufferFull
[2023-10-17T15:06:04.754+0000][27.757s][info ][safepoint     ] Leaving safepoint region
[2023-10-17T15:06:04.754+0000][27.757s][info ][safepoint     ] Total time for which application threads were stopped: 0.0010516 seconds, Stopping threads took: 0.0003857 seconds
[2023-10-17T15:06:04.975+0000][27.978s][debug][safepoint     ] Safepoint synchronization initiated. (21 threads)
[2023-10-17T15:06:04.976+0000][27.979s][info ][safepoint     ] Application time: 0.2218102 seconds
[2023-10-17T15:06:04.977+0000][27.980s][info ][safepoint     ] Entering safepoint region: Deoptimize
[2023-10-17T15:06:04.980+0000][27.983s][info ][safepoint     ] Leaving safepoint region
[2023-10-17T15:06:04.981+0000][27.984s][info ][safepoint     ] Total time for which application threads were stopped: 0.0038713 seconds, Stopping threads took: 0.0006525 seconds
[2023-10-17T15:06:05.613+0000][28.616s][debug][safepoint     ] Safepoint synchronization initiated. (24 threads)
[2023-10-17T15:06:05.613+0000][28.617s][info ][safepoint     ] Application time: 0.6319989 seconds
[2023-10-17T15:06:05.614+0000][28.617s][info ][safepoint     ] Entering safepoint region: G1CollectForAllocation
[2023-10-17T15:06:05.614+0000][28.618s][info ][gc,start      ] GC(35) Pause Young (Normal) (G1 Evacuation Pause)
[2023-10-17T15:06:05.615+0000][28.618s][info ][gc,task       ] GC(35) Using 8 workers of 8 for evacuation
[2023-10-17T15:06:05.664+0000][28.668s][info ][gc,phases     ] GC(35)   Pre Evacuate Collection Set: 0.0ms
[2023-10-17T15:06:05.665+0000][28.668s][info ][gc,phases     ] GC(35)   Evacuate Collection Set: 44.5ms
[2023-10-17T15:06:05.665+0000][28.669s][info ][gc,phases     ] GC(35)   Post Evacuate Collection Set: 4.5ms
[2023-10-17T15:06:05.666+0000][28.669s][info ][gc,phases     ] GC(35)   Other: 1.0ms
[2023-10-17T15:06:05.667+0000][28.670s][info ][gc,heap       ] GC(35) Eden regions: 246->0(249)
[2023-10-17T15:06:05.668+0000][28.671s][info ][gc,heap       ] GC(35) Survivor regions: 24->21(34)
[2023-10-17T15:06:05.670+0000][28.673s][info ][gc,heap       ] GC(35) Old regions: 42->50
[2023-10-17T15:06:05.671+0000][28.674s][info ][gc,heap       ] GC(35) Humongous regions: 0->0
[2023-10-17T15:06:05.671+0000][28.675s][info ][gc,metaspace  ] GC(35) Metaspace: 89556K(92460K)->89556K(92460K) NonClass: 78426K(80300K)->78426K(80300K) Class: 11129K(12160K)->11129K(12160K)
[2023-10-17T15:06:05.672+0000][28.676s][info ][gc            ] GC(35) Pause Young (Normal) (G1 Evacuation Pause) 309M->69M(450M) 58.012ms
[2023-10-17T15:06:05.674+0000][28.677s][info ][gc,cpu        ] GC(35) User=0.38s Sys=0.02s Real=0.06s
[2023-10-17T15:06:05.675+0000][28.679s][info ][safepoint     ] Leaving safepoint region
[2023-10-17T15:06:05.676+0000][28.680s][info ][safepoint     ] Total time for which application threads were stopped: 0.0625677 seconds, Stopping threads took: 0.0003431 seconds
[2023-10-17T15:06:05.677+0000][28.680s][info ][gc,stringdedup] Concurrent String Deduplication (28.680s)
[2023-10-17T15:06:05.686+0000][28.689s][info ][gc,stringdedup] Concurrent String Deduplication 775.8K->183.9K(591.9K) avg 49.1% (28.680s, 28.689s) 9.284ms
[2023-10-17T15:06:06.059+0000][29.063s][debug][safepoint     ] Safepoint synchronization initiated. (24 threads)
[2023-10-17T15:06:06.060+0000][29.063s][info ][safepoint     ] Application time: 0.3832110 seconds
[2023-10-17T15:06:06.061+0000][29.064s][info ][safepoint     ] Entering safepoint region: Deoptimize
[2023-10-17T15:06:06.064+0000][29.067s][info ][safepoint     ] Leaving safepoint region
[2023-10-17T15:06:06.065+0000][29.068s][info ][safepoint     ] Total time for which application threads were stopped: 0.0041739 seconds, Stopping threads took: 0.0006806 seconds
[2023-10-17T15:06:06.181+0000][29.184s][debug][safepoint     ] Safepoint synchronization initiated. (22 threads)
[2023-10-17T15:06:06.184+0000][29.187s][info ][safepoint     ] Application time: 0.1186181 seconds
[2023-10-17T15:06:06.185+0000][29.189s][info ][safepoint     ] Entering safepoint region: Deoptimize
[2023-10-17T15:06:06.189+0000][29.192s][info ][safepoint     ] Leaving safepoint region
[2023-10-17T15:06:06.189+0000][29.193s][info ][safepoint     ] Total time for which application threads were stopped: 0.0041676 seconds, Stopping threads took: 0.0012506 seconds
[2023-10-17T15:06:06.260+0000][29.263s][debug][safepoint     ] Safepoint synchronization initiated. (22 threads)
[2023-10-17T15:06:06.261+0000][29.264s][info ][safepoint     ] Application time: 0.0709990 seconds
[2023-10-17T15:06:06.261+0000][29.265s][info ][safepoint     ] Entering safepoint region: Deoptimize
[2023-10-17T15:06:06.264+0000][29.267s][info ][safepoint     ] Leaving safepoint region
[2023-10-17T15:06:06.264+0000][29.268s][info ][safepoint     ] Total time for which application threads were stopped: 0.0032113 seconds, Stopping threads took: 0.0004549 seconds
[2023-10-17T15:06:06.276+0000][29.279s][debug][safepoint     ] Safepoint synchronization initiated. (23 threads)
[2023-10-17T15:06:06.277+0000][29.280s][info ][safepoint     ] Application time: 0.0118020 seconds
[2023-10-17T15:06:06.277+0000][29.280s][info ][safepoint     ] Entering safepoint region: Deoptimize
[2023-10-17T15:06:06.279+0000][29.282s][info ][safepoint     ] Leaving safepoint region
[2023-10-17T15:06:06.280+0000][29.283s][info ][safepoint     ] Total time for which application threads were stopped: 0.0024986 seconds, Stopping threads took: 0.0003804 seconds
[2023-10-17T15:06:06.383+0000][29.386s][debug][safepoint     ] Safepoint synchronization initiated. (23 threads)
[2023-10-17T15:06:06.384+0000][29.388s][info ][safepoint     ] Application time: 0.1038661 seconds
[2023-10-17T15:06:06.385+0000][29.389s][info ][safepoint     ] Entering safepoint region: Deoptimize
[2023-10-17T15:06:06.389+0000][29.392s][info ][safepoint     ] Leaving safepoint region
[2023-10-17T15:06:06.390+0000][29.394s][info ][safepoint     ] Total time for which application threads were stopped: 0.0049977 seconds, Stopping threads took: 0.0007553 seconds
[2023-10-17T15:06:06.599+0000][29.602s][debug][safepoint     ] Safepoint synchronization initiated. (23 threads)
[2023-10-17T15:06:06.600+0000][29.603s][info ][safepoint     ] Application time: 0.2088496 seconds
[2023-10-17T15:06:06.600+0000][29.603s][info ][safepoint     ] Entering safepoint region: ICBufferFull
[2023-10-17T15:06:06.601+0000][29.604s][info ][safepoint     ] Leaving safepoint region
[2023-10-17T15:06:06.602+0000][29.605s][info ][safepoint     ] Total time for which application threads were stopped: 0.0013170 seconds, Stopping threads took: 0.0004773 seconds
[2023-10-17T15:06:07.129+0000][30.132s][debug][safepoint     ] Safepoint synchronization initiated. (27 threads)
[2023-10-17T15:06:07.130+0000][30.133s][info ][safepoint     ] Application time: 0.5276659 seconds
[2023-10-17T15:06:07.131+0000][30.135s][info ][safepoint     ] Entering safepoint region: ICBufferFull
[2023-10-17T15:06:07.133+0000][30.136s][info ][safepoint     ] Leaving safepoint region
[2023-10-17T15:06:07.134+0000][30.137s][info ][safepoint     ] Total time for which application threads were stopped: 0.0022194 seconds, Stopping threads took: 0.0011377 seconds
[2023-10-17T15:06:07.606+0000][30.609s][debug][safepoint     ] Safepoint synchronization initiated. (33 threads)
[2023-10-17T15:06:07.607+0000][30.610s][info ][safepoint     ] Application time: 0.4721870 seconds
[2023-10-17T15:06:07.609+0000][30.612s][info ][safepoint     ] Entering safepoint region: ICBufferFull
[2023-10-17T15:06:07.611+0000][30.614s][info ][safepoint     ] Leaving safepoint region
[2023-10-17T15:06:07.612+0000][30.616s][info ][safepoint     ] Total time for which application threads were stopped: 0.0031722 seconds, Stopping threads took: 0.0008799 seconds
[2023-10-17T15:06:07.965+0000][30.968s][debug][safepoint     ] Safepoint synchronization initiated. (34 threads)
[2023-10-17T15:06:07.967+0000][30.970s][info ][safepoint     ] Application time: 0.3533297 seconds
[2023-10-17T15:06:07.968+0000][30.972s][debug][safepoint     ] Waiting for 1 thread(s) to block
[2023-10-17T15:06:07.970+0000][30.973s][info ][safepoint     ] Entering safepoint region: Deoptimize
[2023-10-17T15:06:07.973+0000][30.976s][info ][safepoint     ] Leaving safepoint region
[2023-10-17T15:06:07.974+0000][30.977s][info ][safepoint     ] Total time for which application threads were stopped: 0.0056173 seconds, Stopping threads took: 0.0024492 seconds
[2023-10-17T15:06:08.225+0000][31.228s][debug][safepoint     ] Safepoint synchronization initiated. (34 threads)
[2023-10-17T15:06:08.235+0000][31.238s][info ][safepoint     ] Application time: 0.2594623 seconds
[2023-10-17T15:06:08.236+0000][31.239s][info ][safepoint     ] Entering safepoint region: G1CollectForAllocation
[2023-10-17T15:06:08.236+0000][31.240s][info ][gc,start      ] GC(36) Pause Young (Normal) (G1 Evacuation Pause)
[2023-10-17T15:06:08.237+0000][31.240s][info ][gc,task       ] GC(36) Using 8 workers of 8 for evacuation
[2023-10-17T15:06:08.272+0000][31.275s][info ][gc,phases     ] GC(36)   Pre Evacuate Collection Set: 0.0ms
[2023-10-17T15:06:08.273+0000][31.276s][info ][gc,phases     ] GC(36)   Evacuate Collection Set: 24.2ms
[2023-10-17T15:06:08.273+0000][31.277s][info ][gc,phases     ] GC(36)   Post Evacuate Collection Set: 9.7ms
[2023-10-17T15:06:08.274+0000][31.277s][info ][gc,phases     ] GC(36)   Other: 1.5ms
[2023-10-17T15:06:08.274+0000][31.277s][info ][gc,heap       ] GC(36) Eden regions: 249->0(251)
[2023-10-17T15:06:08.275+0000][31.278s][info ][gc,heap       ] GC(36) Survivor regions: 21->19(34)
[2023-10-17T15:06:08.275+0000][31.278s][info ][gc,heap       ] GC(36) Old regions: 50->58
[2023-10-17T15:06:08.276+0000][31.279s][info ][gc,heap       ] GC(36) Humongous regions: 0->0
[2023-10-17T15:06:08.277+0000][31.280s][info ][gc,metaspace  ] GC(36) Metaspace: 94109K(97068K)->94109K(97068K) NonClass: 82510K(84396K)->82510K(84396K) Class: 11598K(12672K)->11598K(12672K)
[2023-10-17T15:06:08.278+0000][31.282s][info ][gc            ] GC(36) Pause Young (Normal) (G1 Evacuation Pause) 318M->75M(450M) 41.985ms
[2023-10-17T15:06:08.280+0000][31.283s][info ][gc,cpu        ] GC(36) User=0.19s Sys=0.04s Real=0.04s
[2023-10-17T15:06:08.281+0000][31.284s][info ][safepoint     ] Leaving safepoint region
[2023-10-17T15:06:08.282+0000][31.285s][info ][safepoint     ] Total time for which application threads were stopped: 0.0460719 seconds, Stopping threads took: 0.0004762 seconds
[2023-10-17T15:06:08.283+0000][31.286s][info ][gc,stringdedup] Concurrent String Deduplication (31.286s)
[2023-10-17T15:06:08.288+0000][31.291s][info ][gc,stringdedup] Concurrent String Deduplication 411.7K->116.9K(294.8K) avg 49.8% (31.286s, 31.291s) 4.826ms
[2023-10-17T15:06:08.304+0000][31.307s][debug][safepoint     ] Safepoint synchronization initiated. (34 threads)
[2023-10-17T15:06:08.304+0000][31.308s][info ][safepoint     ] Application time: 0.0216940 seconds
[2023-10-17T15:06:08.305+0000][31.308s][info ][safepoint     ] Entering safepoint region: Deoptimize
[2023-10-17T15:06:08.307+0000][31.310s][info ][safepoint     ] Leaving safepoint region
[2023-10-17T15:06:08.307+0000][31.311s][info ][safepoint     ] Total time for which application threads were stopped: 0.0024758 seconds, Stopping threads took: 0.0005200 seconds
[2023-10-17T15:06:09.207+0000][32.210s][debug][safepoint     ] Safepoint synchronization initiated. (34 threads)
[2023-10-17T15:06:09.208+0000][32.211s][info ][safepoint     ] Application time: 0.8998279 seconds
[2023-10-17T15:06:09.209+0000][32.213s][info ][safepoint     ] Entering safepoint region: Deoptimize
[2023-10-17T15:06:09.214+0000][32.217s][info ][safepoint     ] Leaving safepoint region
[2023-10-17T15:06:09.216+0000][32.219s][info ][safepoint     ] Total time for which application threads were stopped: 0.0061203 seconds, Stopping threads took: 0.0012583 seconds
[2023-10-17T15:06:09.219+0000][32.222s][debug][safepoint     ] Safepoint synchronization initiated. (34 threads)
[2023-10-17T15:06:09.219+0000][32.222s][info ][safepoint     ] Application time: 0.0030262 seconds
[2023-10-17T15:06:09.220+0000][32.223s][info ][safepoint     ] Entering safepoint region: Deoptimize
[2023-10-17T15:06:09.222+0000][32.226s][info ][safepoint     ] Leaving safepoint region
[2023-10-17T15:06:09.224+0000][32.227s][info ][safepoint     ] Total time for which application threads were stopped: 0.0039548 seconds, Stopping threads took: 0.0004645 seconds
[2023-10-17T15:06:09.287+0000][32.291s][debug][safepoint     ] Safepoint synchronization initiated. (34 threads)
[2023-10-17T15:06:09.289+0000][32.292s][info ][safepoint     ] Application time: 0.0639165 seconds
[2023-10-17T15:06:09.290+0000][32.294s][info ][safepoint     ] Entering safepoint region: Deoptimize
[2023-10-17T15:06:09.293+0000][32.296s][info ][safepoint     ] Leaving safepoint region
[2023-10-17T15:06:09.294+0000][32.298s][info ][safepoint     ] Total time for which application threads were stopped: 0.0041088 seconds, Stopping threads took: 0.0008326 seconds
[2023-10-17T15:06:09.305+0000][32.308s][debug][safepoint     ] Safepoint synchronization initiated. (34 threads)
[2023-10-17T15:06:09.306+0000][32.309s][info ][safepoint     ] Application time: 0.0091008 seconds
[2023-10-17T15:06:09.306+0000][32.310s][info ][safepoint     ] Entering safepoint region: CollectForMetadataAllocation
[2023-10-17T15:06:09.307+0000][32.310s][info ][gc,start      ] GC(37) Pause Young (Concurrent Start) (Metadata GC Threshold)
[2023-10-17T15:06:09.308+0000][32.312s][info ][gc,task       ] GC(37) Using 8 workers of 8 for evacuation
[2023-10-17T15:06:09.356+0000][32.359s][info ][gc,phases     ] GC(37)   Pre Evacuate Collection Set: 0.9ms
[2023-10-17T15:06:09.357+0000][32.360s][info ][gc,phases     ] GC(37)   Evacuate Collection Set: 37.3ms
[2023-10-17T15:06:09.358+0000][32.361s][info ][gc,phases     ] GC(37)   Post Evacuate Collection Set: 8.1ms
[2023-10-17T15:06:09.359+0000][32.362s][info ][gc,phases     ] GC(37)   Other: 2.4ms
[2023-10-17T15:06:09.359+0000][32.362s][info ][gc,heap       ] GC(37) Eden regions: 122->0(249)
[2023-10-17T15:06:09.360+0000][32.363s][info ][gc,heap       ] GC(37) Survivor regions: 19->21(34)
[2023-10-17T15:06:09.360+0000][32.364s][info ][gc,heap       ] GC(37) Old regions: 58->58
[2023-10-17T15:06:09.361+0000][32.364s][info ][gc,heap       ] GC(37) Humongous regions: 0->0
[2023-10-17T15:06:09.362+0000][32.365s][info ][gc,metaspace  ] GC(37) Metaspace: 96840K(99628K)->96840K(99628K) NonClass: 84944K(86700K)->84944K(86700K) Class: 11895K(12928K)->11895K(12928K)
[2023-10-17T15:06:09.363+0000][32.366s][info ][gc            ] GC(37) Pause Young (Concurrent Start) (Metadata GC Threshold) 197M->76M(450M) 56.155ms
[2023-10-17T15:06:09.368+0000][32.371s][info ][gc,cpu        ] GC(37) User=0.22s Sys=0.02s Real=0.06s
[2023-10-17T15:06:09.369+0000][32.372s][info ][gc            ] GC(38) Concurrent Cycle
[2023-10-17T15:06:09.369+0000][32.372s][info ][safepoint     ] Leaving safepoint region
[2023-10-17T15:06:09.370+0000][32.373s][info ][safepoint     ] Total time for which application threads were stopped: 0.0637028 seconds, Stopping threads took: 0.0004261 seconds
[2023-10-17T15:06:09.369+0000][32.373s][info ][gc,marking    ] GC(38) Concurrent Clear Claimed Marks
[2023-10-17T15:06:09.371+0000][32.374s][info ][gc,stringdedup] Concurrent String Deduplication (32.374s)
[2023-10-17T15:06:09.372+0000][32.376s][info ][gc,marking    ] GC(38) Concurrent Clear Claimed Marks 2.896ms
[2023-10-17T15:06:09.374+0000][32.377s][info ][gc,marking    ] GC(38) Concurrent Scan Root Regions
[2023-10-17T15:06:09.387+0000][32.391s][info ][gc,stringdedup] Concurrent String Deduplication 427.9K->148.2K(279.7K) avg 50.4% (32.374s, 32.391s) 16.839ms
[2023-10-17T15:06:09.397+0000][32.401s][info ][gc,marking    ] GC(38) Concurrent Scan Root Regions 23.410ms
[2023-10-17T15:06:09.399+0000][32.402s][info ][gc,marking    ] GC(38) Concurrent Mark (32.402s)
[2023-10-17T15:06:09.399+0000][32.402s][info ][gc,marking    ] GC(38) Concurrent Mark From Roots
[2023-10-17T15:06:09.400+0000][32.404s][info ][gc,task       ] GC(38) Using 2 workers of 2 for marking
[2023-10-17T15:06:09.411+0000][32.414s][debug][safepoint     ] Safepoint synchronization initiated. (32 threads)
[2023-10-17T15:06:09.411+0000][32.415s][info ][safepoint     ] Application time: 0.0408890 seconds
[2023-10-17T15:06:09.413+0000][32.416s][info ][safepoint     ] Entering safepoint region: CollectForMetadataAllocation
[2023-10-17T15:06:09.415+0000][32.419s][info ][safepoint     ] Leaving safepoint region
[2023-10-17T15:06:09.416+0000][32.419s][info ][safepoint     ] Total time for which application threads were stopped: 0.0029569 seconds, Stopping threads took: 0.0016808 seconds
[2023-10-17T15:06:09.520+0000][32.524s][info ][gc,marking    ] GC(38) Concurrent Mark From Roots 121.267ms
[2023-10-17T15:06:09.521+0000][32.525s][info ][gc,marking    ] GC(38) Concurrent Preclean
[2023-10-17T15:06:09.522+0000][32.525s][info ][gc,marking    ] GC(38) Concurrent Preclean 0.598ms
[2023-10-17T15:06:09.522+0000][32.526s][info ][gc,marking    ] GC(38) Concurrent Mark (32.402s, 32.526s) 123.839ms
[2023-10-17T15:06:09.523+0000][32.526s][debug][safepoint     ] Safepoint synchronization initiated. (34 threads)
[2023-10-17T15:06:09.523+0000][32.527s][info ][safepoint     ] Application time: 0.1061801 seconds
[2023-10-17T15:06:09.524+0000][32.527s][debug][safepoint     ] Waiting for 1 thread(s) to block
[2023-10-17T15:06:09.524+0000][32.528s][info ][safepoint     ] Entering safepoint region: CGC_Operation
[2023-10-17T15:06:09.525+0000][32.528s][info ][gc,start      ] GC(38) Pause Remark
[2023-10-17T15:06:09.544+0000][32.547s][info ][gc,stringtable] GC(38) Cleaned string and symbol table, strings: 45588 processed, 68 removed, symbols: 272058 processed, 311 removed
[2023-10-17T15:06:09.547+0000][32.550s][info ][gc            ] GC(38) Pause Remark 87M->87M(450M) 21.631ms
[2023-10-17T15:06:09.548+0000][32.552s][info ][gc,cpu        ] GC(38) User=0.12s Sys=0.00s Real=0.02s
[2023-10-17T15:06:09.549+0000][32.553s][info ][safepoint     ] Leaving safepoint region
[2023-10-17T15:06:09.550+0000][32.553s][info ][safepoint     ] Total time for which application threads were stopped: 0.0263022 seconds, Stopping threads took: 0.0011725 seconds
[2023-10-17T15:06:09.551+0000][32.555s][info ][gc,marking    ] GC(38) Concurrent Rebuild Remembered Sets
[2023-10-17T15:06:09.655+0000][32.658s][info ][gc,marking    ] GC(38) Concurrent Rebuild Remembered Sets 103.550ms
[2023-10-17T15:06:09.656+0000][32.659s][debug][safepoint     ] Safepoint synchronization initiated. (34 threads)
[2023-10-17T15:06:09.657+0000][32.660s][info ][safepoint     ] Application time: 0.1054945 seconds
[2023-10-17T15:06:09.657+0000][32.661s][info ][safepoint     ] Entering safepoint region: CGC_Operation
[2023-10-17T15:06:09.658+0000][32.662s][info ][gc,start      ] GC(38) Pause Cleanup
[2023-10-17T15:06:09.664+0000][32.667s][info ][gc            ] GC(38) Pause Cleanup 96M->96M(450M) 5.755ms
[2023-10-17T15:06:09.667+0000][32.670s][info ][gc,cpu        ] GC(38) User=0.01s Sys=0.01s Real=0.01s
[2023-10-17T15:06:09.668+0000][32.671s][info ][safepoint     ] Leaving safepoint region
[2023-10-17T15:06:09.669+0000][32.672s][info ][safepoint     ] Total time for which application threads were stopped: 0.0116009 seconds, Stopping threads took: 0.0008450 seconds
[2023-10-17T15:06:09.670+0000][32.674s][info ][gc,marking    ] GC(38) Concurrent Cleanup for Next Mark
[2023-10-17T15:06:09.674+0000][32.677s][info ][gc,marking    ] GC(38) Concurrent Cleanup for Next Mark 3.708ms
[2023-10-17T15:06:09.675+0000][32.678s][info ][gc            ] GC(38) Concurrent Cycle 306.322ms
[2023-10-17T15:06:09.942+0000][32.945s][debug][safepoint     ] Safepoint synchronization initiated. (38 threads)
[2023-10-17T15:06:09.942+0000][32.946s][info ][safepoint     ] Application time: 0.2723752 seconds
[2023-10-17T15:06:09.943+0000][32.946s][info ][safepoint     ] Entering safepoint region: Deoptimize
[2023-10-17T15:06:09.945+0000][32.948s][info ][safepoint     ] Leaving safepoint region
[2023-10-17T15:06:09.948+0000][32.951s][info ][safepoint     ] Total time for which application threads were stopped: 0.0047796 seconds, Stopping threads took: 0.0003091 seconds
[2023-10-17T15:06:10.870+0000][33.874s][debug][safepoint     ] Safepoint synchronization initiated. (39 threads)
[2023-10-17T15:06:10.871+0000][33.874s][info ][safepoint     ] Application time: 0.9231439 seconds
[2023-10-17T15:06:10.872+0000][33.875s][info ][safepoint     ] Entering safepoint region: G1CollectForAllocation
[2023-10-17T15:06:10.873+0000][33.876s][info ][gc,start      ] GC(39) Pause Young (Concurrent Start) (G1 Evacuation Pause)
[2023-10-17T15:06:10.874+0000][33.877s][info ][gc,task       ] GC(39) Using 8 workers of 8 for evacuation
[2023-10-17T15:06:10.915+0000][33.918s][info ][gc,phases     ] GC(39)   Pre Evacuate Collection Set: 0.8ms
[2023-10-17T15:06:10.916+0000][33.919s][info ][gc,phases     ] GC(39)   Evacuate Collection Set: 35.3ms
[2023-10-17T15:06:10.916+0000][33.919s][info ][gc,phases     ] GC(39)   Post Evacuate Collection Set: 4.2ms
[2023-10-17T15:06:10.917+0000][33.920s][info ][gc,phases     ] GC(39)   Other: 1.9ms
[2023-10-17T15:06:10.917+0000][33.920s][info ][gc,heap       ] GC(39) Eden regions: 249->0(248)
[2023-10-17T15:06:10.918+0000][33.921s][info ][gc,heap       ] GC(39) Survivor regions: 21->22(34)
[2023-10-17T15:06:10.918+0000][33.921s][info ][gc,heap       ] GC(39) Old regions: 58->64
[2023-10-17T15:06:10.919+0000][33.922s][info ][gc,heap       ] GC(39) Humongous regions: 1->0
[2023-10-17T15:06:10.919+0000][33.923s][info ][gc,metaspace  ] GC(39) Metaspace: 101267K(104364K)->101267K(104364K) NonClass: 89023K(91052K)->89023K(91052K) Class: 12243K(13312K)->12243K(13312K)
[2023-10-17T15:06:10.920+0000][33.923s][info ][gc            ] GC(39) Pause Young (Concurrent Start) (G1 Evacuation Pause) 326M->83M(450M) 46.941ms
[2023-10-17T15:06:10.920+0000][33.924s][info ][gc,cpu        ] GC(39) User=0.29s Sys=0.01s Real=0.05s
[2023-10-17T15:06:10.921+0000][33.924s][info ][gc            ] GC(40) Concurrent Cycle
[2023-10-17T15:06:10.921+0000][33.924s][info ][safepoint     ] Leaving safepoint region
[2023-10-17T15:06:10.921+0000][33.925s][info ][gc,marking    ] GC(40) Concurrent Clear Claimed Marks
[2023-10-17T15:06:10.922+0000][33.925s][info ][safepoint     ] Total time for which application threads were stopped: 0.0499883 seconds, Stopping threads took: 0.0005139 seconds
[2023-10-17T15:06:10.923+0000][33.926s][info ][gc,stringdedup] Concurrent String Deduplication (33.926s)
[2023-10-17T15:06:10.923+0000][33.926s][info ][gc,marking    ] GC(40) Concurrent Clear Claimed Marks 1.522ms
[2023-10-17T15:06:10.935+0000][33.938s][info ][gc,marking    ] GC(40) Concurrent Scan Root Regions
[2023-10-17T15:06:10.935+0000][33.938s][info ][gc,stringdedup] Concurrent String Deduplication 650.4K->322.4K(328.0K) avg 50.4% (33.926s, 33.938s) 12.030ms
[2023-10-17T15:06:10.948+0000][33.951s][info ][gc,marking    ] GC(40) Concurrent Scan Root Regions 13.323ms
[2023-10-17T15:06:10.949+0000][33.953s][info ][gc,marking    ] GC(40) Concurrent Mark (33.953s)
[2023-10-17T15:06:10.951+0000][33.954s][info ][gc,marking    ] GC(40) Concurrent Mark From Roots
[2023-10-17T15:06:10.951+0000][33.955s][info ][gc,task       ] GC(40) Using 2 workers of 2 for marking
[2023-10-17T15:06:11.050+0000][34.053s][info ][gc,marking    ] GC(40) Concurrent Mark From Roots 98.965ms
[2023-10-17T15:06:11.051+0000][34.054s][info ][gc,marking    ] GC(40) Concurrent Preclean
[2023-10-17T15:06:11.052+0000][34.055s][info ][gc,marking    ] GC(40) Concurrent Preclean 0.587ms
[2023-10-17T15:06:11.052+0000][34.056s][info ][gc,marking    ] GC(40) Concurrent Mark (33.953s, 34.056s) 102.924ms
[2023-10-17T15:06:11.053+0000][34.056s][debug][safepoint     ] Safepoint synchronization initiated. (39 threads)
[2023-10-17T15:06:11.053+0000][34.056s][info ][safepoint     ] Application time: 0.1306127 seconds
[2023-10-17T15:06:11.054+0000][34.057s][debug][safepoint     ] ... found polling page return exception at pc = 0x00007f22687ddc9b, stub =0x00007f2260840600
[2023-10-17T15:06:11.054+0000][34.057s][debug][safepoint     ] Waiting for 1 thread(s) to block
[2023-10-17T15:06:11.055+0000][34.058s][info ][safepoint     ] Entering safepoint region: CGC_Operation
[2023-10-17T15:06:11.055+0000][34.058s][info ][gc,start      ] GC(40) Pause Remark
[2023-10-17T15:06:11.070+0000][34.074s][info ][gc,stringtable] GC(40) Cleaned string and symbol table, strings: 47575 processed, 1 removed, symbols: 286248 processed, 29 removed
[2023-10-17T15:06:11.071+0000][34.075s][info ][gc            ] GC(40) Pause Remark 94M->94M(450M) 16.160ms
[2023-10-17T15:06:11.072+0000][34.075s][info ][gc,cpu        ] GC(40) User=0.11s Sys=0.00s Real=0.02s
[2023-10-17T15:06:11.072+0000][34.075s][info ][safepoint     ] Leaving safepoint region
[2023-10-17T15:06:11.072+0000][34.076s][info ][safepoint     ] Total time for which application threads were stopped: 0.0187472 seconds, Stopping threads took: 0.0012716 seconds
[2023-10-17T15:06:11.073+0000][34.076s][info ][gc,marking    ] GC(40) Concurrent Rebuild Remembered Sets
[2023-10-17T15:06:11.141+0000][34.145s][info ][gc,marking    ] GC(40) Concurrent Rebuild Remembered Sets 68.395ms
[2023-10-17T15:06:11.142+0000][34.145s][debug][safepoint     ] Safepoint synchronization initiated. (39 threads)
[2023-10-17T15:06:11.142+0000][34.146s][info ][safepoint     ] Application time: 0.0696458 seconds
[2023-10-17T15:06:11.143+0000][34.146s][debug][safepoint     ] ... found polling page return exception at pc = 0x00007f2268703775, stub =0x00007f2260840600
[2023-10-17T15:06:11.143+0000][34.147s][debug][safepoint     ] Waiting for 1 thread(s) to block
[2023-10-17T15:06:11.144+0000][34.147s][info ][safepoint     ] Entering safepoint region: CGC_Operation
[2023-10-17T15:06:11.145+0000][34.148s][info ][gc,start      ] GC(40) Pause Cleanup
[2023-10-17T15:06:11.146+0000][34.149s][info ][gc            ] GC(40) Pause Cleanup 106M->106M(450M) 0.916ms
[2023-10-17T15:06:11.146+0000][34.150s][info ][gc,cpu        ] GC(40) User=0.00s Sys=0.00s Real=0.00s
[2023-10-17T15:06:11.147+0000][34.150s][info ][safepoint     ] Leaving safepoint region
[2023-10-17T15:06:11.147+0000][34.151s][info ][safepoint     ] Total time for which application threads were stopped: 0.0043711 seconds, Stopping threads took: 0.0017742 seconds
[2023-10-17T15:06:11.148+0000][34.151s][info ][gc,marking    ] GC(40) Concurrent Cleanup for Next Mark
[2023-10-17T15:06:11.149+0000][34.152s][info ][gc,marking    ] GC(40) Concurrent Cleanup for Next Mark 1.398ms
[2023-10-17T15:06:11.149+0000][34.153s][info ][gc            ] GC(40) Concurrent Cycle 228.765ms
[2023-10-17T15:06:11.835+0000][34.839s][debug][safepoint     ] Safepoint synchronization initiated. (39 threads)
[2023-10-17T15:06:11.836+0000][34.839s][info ][safepoint     ] Application time: 0.6883875 seconds
[2023-10-17T15:06:11.837+0000][34.840s][info ][safepoint     ] Entering safepoint region: Deoptimize
[2023-10-17T15:06:11.841+0000][34.844s][info ][safepoint     ] Leaving safepoint region
[2023-10-17T15:06:11.841+0000][34.845s][info ][safepoint     ] Total time for which application threads were stopped: 0.0048258 seconds, Stopping threads took: 0.0006455 seconds
[2023-10-17T15:06:11.934+0000][34.937s][debug][safepoint     ] Safepoint synchronization initiated. (39 threads)
[2023-10-17T15:06:11.935+0000][34.938s][info ][safepoint     ] Application time: 0.0925321 seconds
[2023-10-17T15:06:11.935+0000][34.938s][info ][safepoint     ] Entering safepoint region: Deoptimize
[2023-10-17T15:06:11.937+0000][34.940s][info ][safepoint     ] Leaving safepoint region
[2023-10-17T15:06:11.937+0000][34.941s][info ][safepoint     ] Total time for which application threads were stopped: 0.0023694 seconds, Stopping threads took: 0.0003632 seconds
[2023-10-17T15:06:12.826+0000][35.829s][debug][safepoint     ] Safepoint synchronization initiated. (41 threads)
[2023-10-17T15:06:12.826+0000][35.830s][info ][safepoint     ] Application time: 0.8888047 seconds
[2023-10-17T15:06:12.827+0000][35.830s][info ][safepoint     ] Entering safepoint region: Deoptimize
[2023-10-17T15:06:12.831+0000][35.835s][info ][safepoint     ] Leaving safepoint region
[2023-10-17T15:06:12.832+0000][35.835s][info ][safepoint     ] Total time for which application threads were stopped: 0.0050856 seconds, Stopping threads took: 0.0003616 seconds
[2023-10-17T15:06:12.851+0000][35.854s][debug][safepoint     ] Safepoint synchronization initiated. (41 threads)
[2023-10-17T15:06:12.852+0000][35.855s][info ][safepoint     ] Application time: 0.0190896 seconds
[2023-10-17T15:06:12.852+0000][35.855s][info ][safepoint     ] Entering safepoint region: G1CollectForAllocation
[2023-10-17T15:06:12.853+0000][35.856s][info ][gc,start      ] GC(41) Pause Young (Normal) (G1 Evacuation Pause)
[2023-10-17T15:06:12.853+0000][35.856s][info ][gc,task       ] GC(41) Using 8 workers of 8 for evacuation
[2023-10-17T15:06:12.874+0000][35.877s][info ][gc,phases     ] GC(41)   Pre Evacuate Collection Set: 0.0ms
[2023-10-17T15:06:12.874+0000][35.877s][info ][gc,phases     ] GC(41)   Evacuate Collection Set: 17.3ms
[2023-10-17T15:06:12.874+0000][35.878s][info ][gc,phases     ] GC(41)   Post Evacuate Collection Set: 2.6ms
[2023-10-17T15:06:12.875+0000][35.878s][info ][gc,phases     ] GC(41)   Other: 0.9ms
[2023-10-17T15:06:12.875+0000][35.879s][info ][gc,heap       ] GC(41) Eden regions: 248->0(250)
[2023-10-17T15:06:12.876+0000][35.879s][info ][gc,heap       ] GC(41) Survivor regions: 22->20(34)
[2023-10-17T15:06:12.876+0000][35.880s][info ][gc,heap       ] GC(41) Old regions: 64->69
[2023-10-17T15:06:12.877+0000][35.880s][info ][gc,heap       ] GC(41) Humongous regions: 0->0
[2023-10-17T15:06:12.877+0000][35.881s][info ][gc,metaspace  ] GC(41) Metaspace: 105822K(108972K)->105822K(108972K) NonClass: 93093K(95148K)->93093K(95148K) Class: 12729K(13824K)->12729K(13824K)
[2023-10-17T15:06:12.878+0000][35.881s][info ][gc            ] GC(41) Pause Young (Normal) (G1 Evacuation Pause) 331M->86M(450M) 25.068ms
[2023-10-17T15:06:12.878+0000][35.881s][info ][gc,cpu        ] GC(41) User=0.15s Sys=0.00s Real=0.02s
[2023-10-17T15:06:12.879+0000][35.882s][info ][safepoint     ] Leaving safepoint region
[2023-10-17T15:06:12.879+0000][35.882s][info ][safepoint     ] Total time for which application threads were stopped: 0.0268190 seconds, Stopping threads took: 0.0003611 seconds
[2023-10-17T15:06:12.879+0000][35.883s][info ][gc,stringdedup] Concurrent String Deduplication (35.883s)
[2023-10-17T15:06:12.888+0000][35.891s][info ][gc,stringdedup] Concurrent String Deduplication 453.0K->335.9K(117.1K) avg 49.5% (35.883s, 35.891s) 8.425ms
[2023-10-17T15:06:13.285+0000][36.288s][debug][safepoint     ] Safepoint synchronization initiated. (41 threads)
[2023-10-17T15:06:13.285+0000][36.288s][info ][safepoint     ] Application time: 0.4057646 seconds
[2023-10-17T15:06:13.285+0000][36.289s][info ][safepoint     ] Entering safepoint region: ICBufferFull
[2023-10-17T15:06:13.286+0000][36.289s][info ][safepoint     ] Leaving safepoint region
[2023-10-17T15:06:13.287+0000][36.290s][info ][safepoint     ] Total time for which application threads were stopped: 0.0010996 seconds, Stopping threads took: 0.0004080 seconds
[2023-10-17T15:06:13.558+0000][36.561s][debug][safepoint     ] Safepoint synchronization initiated. (41 threads)
[2023-10-17T15:06:13.559+0000][36.562s][info ][safepoint     ] Application time: 0.2716992 seconds
[2023-10-17T15:06:13.559+0000][36.562s][info ][safepoint     ] Entering safepoint region: ICBufferFull
[2023-10-17T15:06:13.560+0000][36.563s][info ][safepoint     ] Leaving safepoint region
[2023-10-17T15:06:13.560+0000][36.563s][info ][safepoint     ] Total time for which application threads were stopped: 0.0011325 seconds, Stopping threads took: 0.0004533 seconds
[2023-10-17T15:06:14.361+0000][37.364s][debug][safepoint     ] Safepoint synchronization initiated. (43 threads)
[2023-10-17T15:06:14.362+0000][37.365s][info ][safepoint     ] Application time: 0.8012113 seconds
[2023-10-17T15:06:14.362+0000][37.366s][info ][safepoint     ] Entering safepoint region: ICBufferFull
[2023-10-17T15:06:14.363+0000][37.367s][info ][safepoint     ] Leaving safepoint region
[2023-10-17T15:06:14.364+0000][37.367s][info ][safepoint     ] Total time for which application threads were stopped: 0.0013397 seconds, Stopping threads took: 0.0006330 seconds
[2023-10-17T15:06:14.829+0000][37.832s][debug][safepoint     ] Safepoint synchronization initiated. (43 threads)
[2023-10-17T15:06:14.830+0000][37.833s][info ][safepoint     ] Application time: 0.4660023 seconds
[2023-10-17T15:06:14.831+0000][37.834s][info ][safepoint     ] Entering safepoint region: Deoptimize
[2023-10-17T15:06:14.839+0000][37.842s][info ][safepoint     ] Leaving safepoint region
[2023-10-17T15:06:14.840+0000][37.843s][info ][safepoint     ] Total time for which application threads were stopped: 0.0090213 seconds, Stopping threads took: 0.0005384 seconds
[2023-10-17T15:06:14.968+0000][37.972s][debug][safepoint     ] Safepoint synchronization initiated. (43 threads)
[2023-10-17T15:06:14.969+0000][37.973s][info ][safepoint     ] Application time: 0.1292552 seconds
[2023-10-17T15:06:14.970+0000][37.974s][info ][safepoint     ] Entering safepoint region: Deoptimize
[2023-10-17T15:06:14.975+0000][37.979s][info ][safepoint     ] Leaving safepoint region
[2023-10-17T15:06:14.976+0000][37.979s][info ][safepoint     ] Total time for which application threads were stopped: 0.0058452 seconds, Stopping threads took: 0.0011764 seconds
[2023-10-17T15:06:15.039+0000][38.042s][debug][safepoint     ] Safepoint synchronization initiated. (43 threads)
[2023-10-17T15:06:15.039+0000][38.043s][info ][safepoint     ] Application time: 0.0627083 seconds
[2023-10-17T15:06:15.040+0000][38.043s][info ][safepoint     ] Entering safepoint region: Deoptimize
[2023-10-17T15:06:15.046+0000][38.049s][info ][safepoint     ] Leaving safepoint region
[2023-10-17T15:06:15.046+0000][38.050s][info ][safepoint     ] Total time for which application threads were stopped: 0.0065001 seconds, Stopping threads took: 0.0005774 seconds
[2023-10-17T15:06:15.132+0000][38.135s][debug][safepoint     ] Safepoint synchronization initiated. (43 threads)
[2023-10-17T15:06:15.133+0000][38.137s][info ][safepoint     ] Application time: 0.0865162 seconds
[2023-10-17T15:06:15.134+0000][38.137s][info ][safepoint     ] Entering safepoint region: Deoptimize
[2023-10-17T15:06:15.140+0000][38.143s][info ][safepoint     ] Leaving safepoint region
[2023-10-17T15:06:15.140+0000][38.144s][info ][safepoint     ] Total time for which application threads were stopped: 0.0062019 seconds, Stopping threads took: 0.0007306 seconds
[2023-10-17T15:06:15.529+0000][38.533s][debug][safepoint     ] Safepoint synchronization initiated. (43 threads)
[2023-10-17T15:06:15.530+0000][38.533s][info ][safepoint     ] Application time: 0.3892397 seconds
[2023-10-17T15:06:15.531+0000][38.534s][info ][safepoint     ] Entering safepoint region: Deoptimize
[2023-10-17T15:06:15.538+0000][38.541s][info ][safepoint     ] Leaving safepoint region
[2023-10-17T15:06:15.540+0000][38.543s][info ][safepoint     ] Total time for which application threads were stopped: 0.0089063 seconds, Stopping threads took: 0.0004612 seconds
[2023-10-17T15:06:15.545+0000][38.548s][debug][safepoint     ] Safepoint synchronization initiated. (43 threads)
[2023-10-17T15:06:15.546+0000][38.549s][info ][safepoint     ] Application time: 0.0057873 seconds
[2023-10-17T15:06:15.547+0000][38.551s][info ][safepoint     ] Entering safepoint region: Deoptimize
[2023-10-17T15:06:15.552+0000][38.555s][info ][safepoint     ] Leaving safepoint region
[2023-10-17T15:06:15.554+0000][38.557s][info ][safepoint     ] Total time for which application threads were stopped: 0.0064466 seconds, Stopping threads took: 0.0006731 seconds
[2023-10-17T15:06:15.819+0000][38.822s][debug][safepoint     ] Safepoint synchronization initiated. (43 threads)
[2023-10-17T15:06:15.820+0000][38.823s][info ][safepoint     ] Application time: 0.2652647 seconds
[2023-10-17T15:06:15.820+0000][38.824s][info ][safepoint     ] Entering safepoint region: ICBufferFull
[2023-10-17T15:06:15.821+0000][38.825s][info ][safepoint     ] Leaving safepoint region
[2023-10-17T15:06:15.822+0000][38.825s][info ][safepoint     ] Total time for which application threads were stopped: 0.0015176 seconds, Stopping threads took: 0.0005043 seconds
[2023-10-17T15:06:15.851+0000][38.854s][debug][safepoint     ] Safepoint synchronization initiated. (43 threads)
[2023-10-17T15:06:15.852+0000][38.855s][info ][safepoint     ] Application time: 0.0293106 seconds
[2023-10-17T15:06:15.853+0000][38.856s][debug][safepoint     ] ... found polling page return exception at pc = 0x00007f226865c9c8, stub =0x00007f2260840600
[2023-10-17T15:06:15.855+0000][38.858s][debug][safepoint     ] Waiting for 1 thread(s) to block
[2023-10-17T15:06:15.855+0000][38.859s][info ][safepoint     ] Entering safepoint region: G1CollectForAllocation
[2023-10-17T15:06:15.856+0000][38.860s][info ][gc,start      ] GC(42) Pause Young (Normal) (G1 Evacuation Pause)
[2023-10-17T15:06:15.857+0000][38.860s][info ][gc,task       ] GC(42) Using 8 workers of 8 for evacuation
[2023-10-17T15:06:15.915+0000][38.918s][info ][gc,phases     ] GC(42)   Pre Evacuate Collection Set: 0.1ms
[2023-10-17T15:06:15.916+0000][38.919s][info ][gc,phases     ] GC(42)   Evacuate Collection Set: 50.0ms
[2023-10-17T15:06:15.917+0000][38.920s][info ][gc,phases     ] GC(42)   Post Evacuate Collection Set: 7.1ms
[2023-10-17T15:06:15.918+0000][38.921s][info ][gc,phases     ] GC(42)   Other: 1.2ms
[2023-10-17T15:06:15.918+0000][38.921s][info ][gc,heap       ] GC(42) Eden regions: 250->0(248)
[2023-10-17T15:06:15.919+0000][38.922s][info ][gc,heap       ] GC(42) Survivor regions: 20->22(34)
[2023-10-17T15:06:15.920+0000][38.923s][info ][gc,heap       ] GC(42) Old regions: 69->75
[2023-10-17T15:06:15.921+0000][38.924s][info ][gc,heap       ] GC(42) Humongous regions: 0->0
[2023-10-17T15:06:15.921+0000][38.925s][info ][gc,metaspace  ] GC(42) Metaspace: 115777K(119212K)->115777K(119212K) NonClass: 102003K(104108K)->102003K(104108K) Class: 13774K(15104K)->13774K(15104K)
[2023-10-17T15:06:15.922+0000][38.925s][info ][gc            ] GC(42) Pause Young (Normal) (G1 Evacuation Pause) 336M->94M(450M) 65.506ms
[2023-10-17T15:06:15.922+0000][38.926s][info ][gc,cpu        ] GC(42) User=0.40s Sys=0.02s Real=0.07s
[2023-10-17T15:06:15.923+0000][38.926s][info ][safepoint     ] Leaving safepoint region
[2023-10-17T15:06:15.924+0000][38.927s][info ][safepoint     ] Total time for which application threads were stopped: 0.0714203 seconds, Stopping threads took: 0.0038881 seconds
[2023-10-17T15:06:15.925+0000][38.928s][info ][gc,stringdedup] Concurrent String Deduplication (38.928s)
[2023-10-17T15:06:15.931+0000][38.935s][info ][gc,stringdedup] Concurrent String Deduplication 465.2K->152.8K(312.5K) avg 50.1% (38.928s, 38.935s) 6.630ms
[2023-10-17T15:06:16.805+0000][39.808s][debug][safepoint     ] Safepoint synchronization initiated. (43 threads)
[2023-10-17T15:06:16.805+0000][39.809s][info ][safepoint     ] Application time: 0.8811733 seconds
[2023-10-17T15:06:16.806+0000][39.809s][info ][safepoint     ] Entering safepoint region: Deoptimize
[2023-10-17T15:06:16.808+0000][39.812s][info ][safepoint     ] Leaving safepoint region
[2023-10-17T15:06:16.809+0000][39.812s][info ][safepoint     ] Total time for which application threads were stopped: 0.0032381 seconds, Stopping threads took: 0.0004186 seconds
[2023-10-17T15:06:17.127+0000][40.130s][debug][safepoint     ] Safepoint synchronization initiated. (43 threads)
[2023-10-17T15:06:17.128+0000][40.132s][info ][safepoint     ] Application time: 0.3189468 seconds
[2023-10-17T15:06:17.129+0000][40.132s][info ][safepoint     ] Entering safepoint region: Deoptimize
[2023-10-17T15:06:17.133+0000][40.136s][info ][safepoint     ] Leaving safepoint region
[2023-10-17T15:06:17.134+0000][40.137s][info ][safepoint     ] Total time for which application threads were stopped: 0.0047349 seconds, Stopping threads took: 0.0005751 seconds
[2023-10-17T15:06:17.483+0000][40.486s][debug][safepoint     ] Safepoint synchronization initiated. (44 threads)
[2023-10-17T15:06:17.484+0000][40.488s][info ][safepoint     ] Application time: 0.3500653 seconds
[2023-10-17T15:06:17.485+0000][40.489s][info ][safepoint     ] Entering safepoint region: G1CollectForAllocation
[2023-10-17T15:06:17.486+0000][40.489s][info ][gc,start      ] GC(43) Pause Young (Normal) (G1 Evacuation Pause)
[2023-10-17T15:06:17.486+0000][40.490s][info ][gc,task       ] GC(43) Using 8 workers of 8 for evacuation
[2023-10-17T15:06:17.524+0000][40.527s][info ][gc,phases     ] GC(43)   Pre Evacuate Collection Set: 0.0ms
[2023-10-17T15:06:17.524+0000][40.528s][info ][gc,phases     ] GC(43)   Evacuate Collection Set: 32.0ms
[2023-10-17T15:06:17.525+0000][40.528s][info ][gc,phases     ] GC(43)   Post Evacuate Collection Set: 4.9ms
[2023-10-17T15:06:17.525+0000][40.529s][info ][gc,phases     ] GC(43)   Other: 1.0ms
[2023-10-17T15:06:17.526+0000][40.529s][info ][gc,heap       ] GC(43) Eden regions: 248->0(247)
[2023-10-17T15:06:17.526+0000][40.529s][info ][gc,heap       ] GC(43) Survivor regions: 22->23(34)
[2023-10-17T15:06:17.527+0000][40.530s][info ][gc,heap       ] GC(43) Old regions: 75->78
[2023-10-17T15:06:17.527+0000][40.530s][info ][gc,heap       ] GC(43) Humongous regions: 0->0
[2023-10-17T15:06:17.527+0000][40.531s][info ][gc,metaspace  ] GC(43) Metaspace: 121412K(124844K)->121412K(124844K) NonClass: 107022K(109228K)->107022K(109228K) Class: 14389K(15616K)->14389K(15616K)
[2023-10-17T15:06:17.528+0000][40.531s][info ][gc            ] GC(43) Pause Young (Normal) (G1 Evacuation Pause) 342M->99M(450M) 41.755ms
[2023-10-17T15:06:17.528+0000][40.531s][info ][gc,cpu        ] GC(43) User=0.27s Sys=0.02s Real=0.04s
[2023-10-17T15:06:17.528+0000][40.532s][info ][safepoint     ] Leaving safepoint region
[2023-10-17T15:06:17.529+0000][40.532s][info ][safepoint     ] Total time for which application threads were stopped: 0.0435377 seconds, Stopping threads took: 0.0005129 seconds
[2023-10-17T15:06:17.529+0000][40.533s][info ][gc,stringdedup] Concurrent String Deduplication (40.533s)
[2023-10-17T15:06:17.535+0000][40.538s][info ][gc,stringdedup] Concurrent String Deduplication 421.1K->182.5K(238.6K) avg 50.3% (40.533s, 40.538s) 5.581ms
[2023-10-17T15:06:18.529+0000][41.533s][debug][safepoint     ] Safepoint synchronization initiated. (46 threads)
[2023-10-17T15:06:18.530+0000][41.533s][info ][safepoint     ] Application time: 1.0010149 seconds
[2023-10-17T15:06:18.531+0000][41.534s][debug][safepoint     ] Waiting for 1 thread(s) to block
[2023-10-17T15:06:18.531+0000][41.534s][info ][safepoint     ] Entering safepoint region: Cleanup
[2023-10-17T15:06:18.532+0000][41.535s][info ][safepoint     ] Leaving safepoint region
[2023-10-17T15:06:18.534+0000][41.537s][info ][safepoint     ] Total time for which application threads were stopped: 0.0028248 seconds, Stopping threads took: 0.0009949 seconds
[2023-10-17T15:06:19.534+0000][42.538s][debug][safepoint     ] Safepoint synchronization initiated. (54 threads)
[2023-10-17T15:06:19.535+0000][42.538s][info ][safepoint     ] Application time: 1.0008231 seconds
[2023-10-17T15:06:19.535+0000][42.539s][debug][safepoint     ] ... found polling page loop exception at pc = 0x00007f2268c0eab5, stub =0x00007f2260843680
[2023-10-17T15:06:19.536+0000][42.539s][debug][safepoint     ] Waiting for 2 thread(s) to block
[2023-10-17T15:06:19.536+0000][42.540s][info ][safepoint     ] Entering safepoint region: Cleanup
[2023-10-17T15:06:19.537+0000][42.540s][info ][safepoint     ] Leaving safepoint region
[2023-10-17T15:06:19.537+0000][42.541s][info ][safepoint     ] Total time for which application threads were stopped: 0.0019842 seconds, Stopping threads took: 0.0013809 seconds
[2023-10-17T15:06:20.003+0000][43.007s][debug][safepoint     ] Safepoint synchronization initiated. (55 threads)
[2023-10-17T15:06:20.005+0000][43.008s][info ][safepoint     ] Application time: 0.4667948 seconds
[2023-10-17T15:06:20.006+0000][43.009s][info ][safepoint     ] Entering safepoint region: G1CollectForAllocation
[2023-10-17T15:06:20.007+0000][43.011s][info ][gc,start      ] GC(44) Pause Young (Normal) (G1 Evacuation Pause)
[2023-10-17T15:06:20.008+0000][43.012s][info ][gc,task       ] GC(44) Using 8 workers of 8 for evacuation
[2023-10-17T15:06:20.065+0000][43.069s][info ][gc,phases     ] GC(44)   Pre Evacuate Collection Set: 0.0ms
[2023-10-17T15:06:20.066+0000][43.069s][info ][gc,phases     ] GC(44)   Evacuate Collection Set: 50.9ms
[2023-10-17T15:06:20.066+0000][43.070s][info ][gc,phases     ] GC(44)   Post Evacuate Collection Set: 4.3ms
[2023-10-17T15:06:20.067+0000][43.070s][info ][gc,phases     ] GC(44)   Other: 2.9ms
[2023-10-17T15:06:20.067+0000][43.070s][info ][gc,heap       ] GC(44) Eden regions: 247->0(243)
[2023-10-17T15:06:20.067+0000][43.071s][info ][gc,heap       ] GC(44) Survivor regions: 23->27(34)
[2023-10-17T15:06:20.068+0000][43.071s][info ][gc,heap       ] GC(44) Old regions: 78->83
[2023-10-17T15:06:20.068+0000][43.072s][info ][gc,heap       ] GC(44) Humongous regions: 0->0
[2023-10-17T15:06:20.068+0000][43.072s][info ][gc,metaspace  ] GC(44) Metaspace: 130803K(134444K)->130803K(134444K) NonClass: 115646K(117932K)->115646K(117932K) Class: 15157K(16512K)->15157K(16512K)
[2023-10-17T15:06:20.069+0000][43.072s][info ][gc            ] GC(44) Pause Young (Normal) (G1 Evacuation Pause) 346M->108M(450M) 61.701ms
[2023-10-17T15:06:20.069+0000][43.073s][info ][gc,cpu        ] GC(44) User=0.42s Sys=0.01s Real=0.06s
[2023-10-17T15:06:20.070+0000][43.073s][info ][safepoint     ] Leaving safepoint region
[2023-10-17T15:06:20.070+0000][43.074s][info ][safepoint     ] Total time for which application threads were stopped: 0.0643598 seconds, Stopping threads took: 0.0010392 seconds
[2023-10-17T15:06:20.071+0000][43.075s][info ][gc,stringdedup] Concurrent String Deduplication (43.075s)
[2023-10-17T15:06:20.080+0000][43.083s][info ][gc,stringdedup] Concurrent String Deduplication 606.1K->194.2K(411.8K) avg 51.0% (43.075s, 43.083s) 8.435ms
[2023-10-17T15:06:20.352+0000][43.355s][debug][safepoint     ] Safepoint synchronization initiated. (55 threads)
[2023-10-17T15:06:20.352+0000][43.356s][info ][safepoint     ] Application time: 0.2814504 seconds
[2023-10-17T15:06:20.353+0000][43.356s][info ][safepoint     ] Entering safepoint region: Deoptimize
[2023-10-17T15:06:20.355+0000][43.358s][info ][safepoint     ] Leaving safepoint region
[2023-10-17T15:06:20.355+0000][43.359s][info ][safepoint     ] Total time for which application threads were stopped: 0.0028812 seconds, Stopping threads took: 0.0004365 seconds
[2023-10-17T15:06:21.206+0000][44.209s][debug][safepoint     ] Safepoint synchronization initiated. (67 threads)
[2023-10-17T15:06:21.207+0000][44.210s][info ][safepoint     ] Application time: 0.8510503 seconds
[2023-10-17T15:06:21.208+0000][44.211s][info ][safepoint     ] Entering safepoint region: Deoptimize
[2023-10-17T15:06:21.212+0000][44.216s][info ][safepoint     ] Leaving safepoint region
[2023-10-17T15:06:21.213+0000][44.217s][info ][safepoint     ] Total time for which application threads were stopped: 0.0058443 seconds, Stopping threads took: 0.0012124 seconds
[2023-10-17T15:06:21.215+0000][44.219s][debug][safepoint     ] Safepoint synchronization initiated. (67 threads)
[2023-10-17T15:06:21.216+0000][44.220s][info ][safepoint     ] Application time: 0.0019451 seconds
[2023-10-17T15:06:21.217+0000][44.220s][info ][safepoint     ] Entering safepoint region: Deoptimize
[2023-10-17T15:06:21.221+0000][44.224s][info ][safepoint     ] Leaving safepoint region
[2023-10-17T15:06:21.221+0000][44.225s][info ][safepoint     ] Total time for which application threads were stopped: 0.0049691 seconds, Stopping threads took: 0.0005763 seconds
[2023-10-17T15:06:21.224+0000][44.227s][debug][safepoint     ] Safepoint synchronization initiated. (67 threads)
[2023-10-17T15:06:21.224+0000][44.228s][info ][safepoint     ] Application time: 0.0021037 seconds
[2023-10-17T15:06:21.224+0000][44.228s][info ][safepoint     ] Entering safepoint region: Deoptimize
[2023-10-17T15:06:21.227+0000][44.230s][info ][safepoint     ] Leaving safepoint region
[2023-10-17T15:06:21.227+0000][44.231s][info ][safepoint     ] Total time for which application threads were stopped: 0.0029493 seconds, Stopping threads took: 0.0004328 seconds
[2023-10-17T15:06:21.268+0000][44.272s][debug][safepoint     ] Safepoint synchronization initiated. (67 threads)
[2023-10-17T15:06:21.269+0000][44.273s][info ][safepoint     ] Application time: 0.0411407 seconds
[2023-10-17T15:06:21.269+0000][44.273s][info ][safepoint     ] Entering safepoint region: Deoptimize
[2023-10-17T15:06:21.271+0000][44.275s][info ][safepoint     ] Leaving safepoint region
[2023-10-17T15:06:21.272+0000][44.275s][info ][safepoint     ] Total time for which application threads were stopped: 0.0025067 seconds, Stopping threads took: 0.0004471 seconds
[2023-10-17T15:06:21.573+0000][44.576s][debug][safepoint     ] Safepoint synchronization initiated. (67 threads)
[2023-10-17T15:06:21.574+0000][44.577s][info ][safepoint     ] Application time: 0.3011685 seconds
[2023-10-17T15:06:21.574+0000][44.578s][info ][safepoint     ] Entering safepoint region: Deoptimize
[2023-10-17T15:06:21.576+0000][44.580s][info ][safepoint     ] Leaving safepoint region
[2023-10-17T15:06:21.577+0000][44.580s][info ][safepoint     ] Total time for which application threads were stopped: 0.0028430 seconds, Stopping threads took: 0.0004829 seconds
[2023-10-17T15:06:21.660+0000][44.663s][debug][safepoint     ] Safepoint synchronization initiated. (67 threads)
[2023-10-17T15:06:21.661+0000][44.664s][info ][safepoint     ] Application time: 0.0835850 seconds
[2023-10-17T15:06:21.662+0000][44.665s][debug][safepoint     ] ... found polling page return exception at pc = 0x00007f22686a7d33, stub =0x00007f2260840600
[2023-10-17T15:06:21.662+0000][44.666s][debug][safepoint     ] Waiting for 1 thread(s) to block
[2023-10-17T15:06:21.662+0000][44.666s][info ][safepoint     ] Entering safepoint region: G1CollectForAllocation
[2023-10-17T15:06:21.663+0000][44.667s][info ][gc,start      ] GC(45) Pause Young (Normal) (G1 Evacuation Pause)
[2023-10-17T15:06:21.664+0000][44.667s][info ][gc,task       ] GC(45) Using 8 workers of 8 for evacuation
[2023-10-17T15:06:21.704+0000][44.708s][info ][gc,phases     ] GC(45)   Pre Evacuate Collection Set: 0.0ms
[2023-10-17T15:06:21.705+0000][44.708s][info ][gc,phases     ] GC(45)   Evacuate Collection Set: 36.3ms
[2023-10-17T15:06:21.706+0000][44.709s][info ][gc,phases     ] GC(45)   Post Evacuate Collection Set: 3.6ms
[2023-10-17T15:06:21.706+0000][44.710s][info ][gc,phases     ] GC(45)   Other: 1.1ms
[2023-10-17T15:06:21.707+0000][44.710s][info ][gc,heap       ] GC(45) Eden regions: 243->0(250)
[2023-10-17T15:06:21.707+0000][44.711s][info ][gc,heap       ] GC(45) Survivor regions: 27->20(34)
[2023-10-17T15:06:21.708+0000][44.711s][info ][gc,heap       ] GC(45) Old regions: 83->95
[2023-10-17T15:06:21.708+0000][44.712s][info ][gc,heap       ] GC(45) Humongous regions: 0->0
[2023-10-17T15:06:21.708+0000][44.712s][info ][gc,metaspace  ] GC(45) Metaspace: 134841K(138540K)->134841K(138540K) NonClass: 119211K(121516K)->119211K(121516K) Class: 15630K(17024K)->15630K(17024K)
[2023-10-17T15:06:21.709+0000][44.712s][info ][gc            ] GC(45) Pause Young (Normal) (G1 Evacuation Pause) 351M->112M(450M) 45.820ms
[2023-10-17T15:06:21.709+0000][44.713s][info ][gc,cpu        ] GC(45) User=0.28s Sys=0.02s Real=0.04s
[2023-10-17T15:06:21.710+0000][44.714s][info ][safepoint     ] Leaving safepoint region
[2023-10-17T15:06:21.712+0000][44.715s][info ][safepoint     ] Total time for which application threads were stopped: 0.0504565 seconds, Stopping threads took: 0.0013985 seconds
[2023-10-17T15:06:21.713+0000][44.716s][info ][gc,stringdedup] Concurrent String Deduplication (44.716s)
[2023-10-17T15:06:21.718+0000][44.722s][info ][gc,stringdedup] Concurrent String Deduplication 241.3K->60856.0B(181.9K) avg 51.4% (44.716s, 44.722s) 5.447ms
[2023-10-17T15:06:22.714+0000][45.717s][debug][safepoint     ] Safepoint synchronization initiated. (67 threads)
[2023-10-17T15:06:22.716+0000][45.719s][info ][safepoint     ] Application time: 1.0029752 seconds
[2023-10-17T15:06:22.717+0000][45.720s][debug][safepoint     ] Waiting for 1 thread(s) to block
[2023-10-17T15:06:22.717+0000][45.721s][info ][safepoint     ] Entering safepoint region: Cleanup
[2023-10-17T15:06:22.718+0000][45.721s][info ][safepoint     ] Leaving safepoint region
[2023-10-17T15:06:22.718+0000][45.722s][info ][safepoint     ] Total time for which application threads were stopped: 0.0018140 seconds, Stopping threads took: 0.0011306 seconds
[2023-10-17T15:06:22.782+0000][45.785s][debug][safepoint     ] Safepoint synchronization initiated. (67 threads)
[2023-10-17T15:06:22.782+0000][45.786s][info ][safepoint     ] Application time: 0.0633506 seconds
[2023-10-17T15:06:22.783+0000][45.786s][info ][safepoint     ] Entering safepoint region: Deoptimize
[2023-10-17T15:06:22.785+0000][45.788s][info ][safepoint     ] Leaving safepoint region
[2023-10-17T15:06:22.785+0000][45.789s][info ][safepoint     ] Total time for which application threads were stopped: 0.0028168 seconds, Stopping threads took: 0.0003817 seconds
[2023-10-17T15:06:23.047+0000][46.051s][debug][safepoint     ] Safepoint synchronization initiated. (67 threads)
[2023-10-17T15:06:23.048+0000][46.052s][info ][safepoint     ] Application time: 0.2625474 seconds
[2023-10-17T15:06:23.049+0000][46.052s][info ][safepoint     ] Entering safepoint region: G1CollectForAllocation
[2023-10-17T15:06:23.050+0000][46.053s][info ][gc,start      ] GC(46) Pause Young (Normal) (G1 Evacuation Pause)
[2023-10-17T15:06:23.050+0000][46.054s][info ][gc,task       ] GC(46) Using 8 workers of 8 for evacuation
[2023-10-17T15:06:23.073+0000][46.077s][info ][gc,phases     ] GC(46)   Pre Evacuate Collection Set: 0.0ms
[2023-10-17T15:06:23.074+0000][46.078s][info ][gc,phases     ] GC(46)   Evacuate Collection Set: 19.4ms
[2023-10-17T15:06:23.075+0000][46.079s][info ][gc,phases     ] GC(46)   Post Evacuate Collection Set: 3.3ms
[2023-10-17T15:06:23.076+0000][46.080s][info ][gc,phases     ] GC(46)   Other: 1.1ms
[2023-10-17T15:06:23.077+0000][46.081s][info ][gc,heap       ] GC(46) Eden regions: 250->0(251)
[2023-10-17T15:06:23.078+0000][46.081s][info ][gc,heap       ] GC(46) Survivor regions: 20->19(34)
[2023-10-17T15:06:23.078+0000][46.082s][info ][gc,heap       ] GC(46) Old regions: 95->100
[2023-10-17T15:06:23.079+0000][46.082s][info ][gc,heap       ] GC(46) Humongous regions: 0->0
[2023-10-17T15:06:23.079+0000][46.083s][info ][gc,metaspace  ] GC(46) Metaspace: 137340K(141228K)->137340K(141228K) NonClass: 121341K(123820K)->121341K(123820K) Class: 15998K(17408K)->15998K(17408K)
[2023-10-17T15:06:23.080+0000][46.083s][info ][gc            ] GC(46) Pause Young (Normal) (G1 Evacuation Pause) 362M->116M(450M) 29.915ms
[2023-10-17T15:06:23.080+0000][46.084s][info ][gc,cpu        ] GC(46) User=0.22s Sys=0.00s Real=0.04s
[2023-10-17T15:06:23.081+0000][46.084s][info ][safepoint     ] Leaving safepoint region
[2023-10-17T15:06:23.081+0000][46.085s][info ][safepoint     ] Total time for which application threads were stopped: 0.0326807 seconds, Stopping threads took: 0.0005594 seconds
[2023-10-17T15:06:23.082+0000][46.086s][info ][gc,stringdedup] Concurrent String Deduplication (46.086s)
[2023-10-17T15:06:23.094+0000][46.097s][info ][gc,stringdedup] Concurrent String Deduplication 649.9K->131.8K(518.1K) avg 52.6% (46.086s, 46.097s) 11.454ms
[2023-10-17T15:06:23.231+0000][46.234s][debug][safepoint     ] Safepoint synchronization initiated. (67 threads)
[2023-10-17T15:06:23.231+0000][46.235s][info ][safepoint     ] Application time: 0.1494331 seconds
[2023-10-17T15:06:23.232+0000][46.235s][info ][safepoint     ] Entering safepoint region: Deoptimize
[2023-10-17T15:06:23.234+0000][46.237s][info ][safepoint     ] Leaving safepoint region
[2023-10-17T15:06:23.235+0000][46.238s][info ][safepoint     ] Total time for which application threads were stopped: 0.0026926 seconds, Stopping threads took: 0.0003983 seconds
[2023-10-17T15:06:23.319+0000][46.323s][debug][safepoint     ] Safepoint synchronization initiated. (67 threads)
[2023-10-17T15:06:23.320+0000][46.323s][info ][safepoint     ] Application time: 0.0848522 seconds
[2023-10-17T15:06:23.320+0000][46.324s][info ][safepoint     ] Entering safepoint region: Deoptimize
[2023-10-17T15:06:23.322+0000][46.326s][info ][safepoint     ] Leaving safepoint region
[2023-10-17T15:06:23.323+0000][46.326s][info ][safepoint     ] Total time for which application threads were stopped: 0.0025728 seconds, Stopping threads took: 0.0003540 seconds
[2023-10-17T15:06:24.323+0000][47.327s][debug][safepoint     ] Safepoint synchronization initiated. (76 threads)
[2023-10-17T15:06:24.324+0000][47.327s][info ][safepoint     ] Application time: 1.0007874 seconds
[2023-10-17T15:06:24.324+0000][47.328s][debug][safepoint     ] ... found polling page loop exception at pc = 0x00007f2268fed716, stub =0x00007f2260843680
[2023-10-17T15:06:24.325+0000][47.328s][debug][safepoint     ] Waiting for 1 thread(s) to block
[2023-10-17T15:06:24.326+0000][47.329s][info ][safepoint     ] Entering safepoint region: Cleanup
[2023-10-17T15:06:24.326+0000][47.330s][info ][safepoint     ] Leaving safepoint region
[2023-10-17T15:06:24.327+0000][47.330s][info ][safepoint     ] Total time for which application threads were stopped: 0.0023528 seconds, Stopping threads took: 0.0015679 seconds
[2023-10-17T15:06:24.361+0000][47.365s][debug][safepoint     ] Safepoint synchronization initiated. (76 threads)
[2023-10-17T15:06:24.362+0000][47.365s][info ][safepoint     ] Application time: 0.0343108 seconds
[2023-10-17T15:06:24.362+0000][47.365s][info ][safepoint     ] Entering safepoint region: Deoptimize
[2023-10-17T15:06:24.364+0000][47.368s][info ][safepoint     ] Leaving safepoint region
[2023-10-17T15:06:24.364+0000][47.368s][info ][safepoint     ] Total time for which application threads were stopped: 0.0025713 seconds, Stopping threads took: 0.0004332 seconds
[2023-10-17T15:06:24.401+0000][47.404s][debug][safepoint     ] Safepoint synchronization initiated. (88 threads)
[2023-10-17T15:06:24.401+0000][47.405s][info ][safepoint     ] Application time: 0.0361948 seconds
[2023-10-17T15:06:24.402+0000][47.405s][debug][safepoint     ] Waiting for 1 thread(s) to block
[2023-10-17T15:06:24.402+0000][47.406s][info ][safepoint     ] Entering safepoint region: G1CollectForAllocation
[2023-10-17T15:06:24.403+0000][47.406s][info ][gc,start      ] GC(47) Pause Young (Normal) (G1 Evacuation Pause)
[2023-10-17T15:06:24.403+0000][47.407s][info ][gc,task       ] GC(47) Using 8 workers of 8 for evacuation
[2023-10-17T15:06:24.420+0000][47.423s][info ][gc,phases     ] GC(47)   Pre Evacuate Collection Set: 0.0ms
[2023-10-17T15:06:24.421+0000][47.424s][info ][gc,phases     ] GC(47)   Evacuate Collection Set: 13.3ms
[2023-10-17T15:06:24.421+0000][47.425s][info ][gc,phases     ] GC(47)   Post Evacuate Collection Set: 2.6ms
[2023-10-17T15:06:24.422+0000][47.425s][info ][gc,phases     ] GC(47)   Other: 1.1ms
[2023-10-17T15:06:24.422+0000][47.426s][info ][gc,heap       ] GC(47) Eden regions: 251->0(248)
[2023-10-17T15:06:24.423+0000][47.427s][info ][gc,heap       ] GC(47) Survivor regions: 19->22(34)
[2023-10-17T15:06:24.424+0000][47.427s][info ][gc,heap       ] GC(47) Old regions: 100->100
[2023-10-17T15:06:24.424+0000][47.428s][info ][gc,heap       ] GC(47) Humongous regions: 0->0
[2023-10-17T15:06:24.425+0000][47.428s][info ][gc,metaspace  ] GC(47) Metaspace: 139972K(144044K)->139972K(144044K) NonClass: 123579K(126124K)->123579K(126124K) Class: 16392K(17920K)->16392K(17920K)
[2023-10-17T15:06:24.425+0000][47.429s][info ][gc            ] GC(47) Pause Young (Normal) (G1 Evacuation Pause) 367M->119M(450M) 22.560ms
[2023-10-17T15:06:24.426+0000][47.429s][info ][gc,cpu        ] GC(47) User=0.11s Sys=0.00s Real=0.02s
[2023-10-17T15:06:24.426+0000][47.430s][info ][safepoint     ] Leaving safepoint region
[2023-10-17T15:06:24.427+0000][47.430s][info ][safepoint     ] Total time for which application threads were stopped: 0.0251616 seconds, Stopping threads took: 0.0008626 seconds
[2023-10-17T15:06:24.427+0000][47.431s][info ][gc,stringdedup] Concurrent String Deduplication (47.431s)
[2023-10-17T15:06:24.435+0000][47.438s][info ][gc,stringdedup] Concurrent String Deduplication 418.7K->246.0K(172.8K) avg 52.3% (47.431s, 47.438s) 7.502ms
[2023-10-17T15:06:25.132+0000][48.135s][debug][safepoint     ] Safepoint synchronization initiated. (88 threads)
[2023-10-17T15:06:25.133+0000][48.136s][info ][safepoint     ] Application time: 0.7055548 seconds
[2023-10-17T15:06:25.134+0000][48.137s][info ][safepoint     ] Entering safepoint region: ICBufferFull
[2023-10-17T15:06:25.134+0000][48.138s][info ][safepoint     ] Leaving safepoint region
[2023-10-17T15:06:25.135+0000][48.138s][info ][safepoint     ] Total time for which application threads were stopped: 0.0013999 seconds, Stopping threads took: 0.0005790 seconds
[2023-10-17T15:06:25.718+0000][48.722s][debug][safepoint     ] Safepoint synchronization initiated. (88 threads)
[2023-10-17T15:06:25.719+0000][48.723s][info ][safepoint     ] Application time: 0.5837504 seconds
[2023-10-17T15:06:25.720+0000][48.723s][info ][safepoint     ] Entering safepoint region: ICBufferFull
[2023-10-17T15:06:25.720+0000][48.724s][info ][safepoint     ] Leaving safepoint region
[2023-10-17T15:06:25.721+0000][48.724s][info ][safepoint     ] Total time for which application threads were stopped: 0.0012215 seconds, Stopping threads took: 0.0004817 seconds
[2023-10-17T15:06:25.833+0000][48.836s][debug][safepoint     ] Safepoint synchronization initiated. (88 threads)
[2023-10-17T15:06:25.833+0000][48.837s][info ][safepoint     ] Application time: 0.1121198 seconds
[2023-10-17T15:06:25.834+0000][48.837s][info ][safepoint     ] Entering safepoint region: ICBufferFull
[2023-10-17T15:06:25.835+0000][48.839s][info ][safepoint     ] Leaving safepoint region
[2023-10-17T15:06:25.836+0000][48.839s][info ][safepoint     ] Total time for which application threads were stopped: 0.0017736 seconds, Stopping threads took: 0.0006716 seconds
[2023-10-17T15:06:26.196+0000][49.200s][debug][safepoint     ] Safepoint synchronization initiated. (88 threads)
[2023-10-17T15:06:26.197+0000][49.201s][info ][safepoint     ] Application time: 0.3612329 seconds
[2023-10-17T15:06:26.198+0000][49.202s][debug][safepoint     ] Waiting for 1 thread(s) to block
[2023-10-17T15:06:26.199+0000][49.202s][info ][safepoint     ] Entering safepoint region: ICBufferFull
[2023-10-17T15:06:26.199+0000][49.203s][info ][safepoint     ] Leaving safepoint region
[2023-10-17T15:06:26.200+0000][49.203s][info ][safepoint     ] Total time for which application threads were stopped: 0.0018482 seconds, Stopping threads took: 0.0010346 seconds
[2023-10-17T15:06:26.607+0000][49.611s][debug][safepoint     ] Safepoint synchronization initiated. (88 threads)
[2023-10-17T15:06:26.608+0000][49.612s][info ][safepoint     ] Application time: 0.4081301 seconds
[2023-10-17T15:06:26.610+0000][49.613s][debug][safepoint     ] ... found polling page return exception at pc = 0x00007f226886f1ad, stub =0x00007f2260840600
[2023-10-17T15:06:26.610+0000][49.614s][debug][safepoint     ] Waiting for 1 thread(s) to block
[2023-10-17T15:06:26.611+0000][49.614s][info ][safepoint     ] Entering safepoint region: G1CollectForAllocation
[2023-10-17T15:06:26.612+0000][49.615s][info ][gc,start      ] GC(48) Pause Young (Normal) (G1 Evacuation Pause)
[2023-10-17T15:06:26.612+0000][49.615s][info ][gc,task       ] GC(48) Using 8 workers of 8 for evacuation
[2023-10-17T15:06:26.656+0000][49.659s][info ][gc,phases     ] GC(48)   Pre Evacuate Collection Set: 0.0ms
[2023-10-17T15:06:26.657+0000][49.660s][info ][gc,phases     ] GC(48)   Evacuate Collection Set: 38.4ms
[2023-10-17T15:06:26.657+0000][49.661s][info ][gc,phases     ] GC(48)   Post Evacuate Collection Set: 4.8ms
[2023-10-17T15:06:26.658+0000][49.661s][info ][gc,phases     ] GC(48)   Other: 1.1ms
[2023-10-17T15:06:26.658+0000][49.661s][info ][gc,heap       ] GC(48) Eden regions: 248->0(248)
[2023-10-17T15:06:26.658+0000][49.662s][info ][gc,heap       ] GC(48) Survivor regions: 22->22(34)
[2023-10-17T15:06:26.659+0000][49.662s][info ][gc,heap       ] GC(48) Old regions: 100->109
[2023-10-17T15:06:26.659+0000][49.663s][info ][gc,heap       ] GC(48) Humongous regions: 0->0
[2023-10-17T15:06:26.660+0000][49.663s][info ][gc,metaspace  ] GC(48) Metaspace: 142616K(147116K)->142616K(147116K) NonClass: 125905K(128684K)->125905K(128684K) Class: 16710K(18432K)->16710K(18432K)
[2023-10-17T15:06:26.660+0000][49.664s][info ][gc            ] GC(48) Pause Young (Normal) (G1 Evacuation Pause) 367M->128M(450M) 48.782ms
[2023-10-17T15:06:26.661+0000][49.664s][info ][gc,cpu        ] GC(48) User=0.27s Sys=0.00s Real=0.05s
[2023-10-17T15:06:26.661+0000][49.665s][info ][safepoint     ] Leaving safepoint region
[2023-10-17T15:06:26.662+0000][49.665s][info ][safepoint     ] Total time for which application threads were stopped: 0.0520793 seconds, Stopping threads took: 0.0016761 seconds
[2023-10-17T15:06:26.662+0000][49.666s][info ][gc,stringdedup] Concurrent String Deduplication (49.666s)
[2023-10-17T15:06:26.666+0000][49.669s][info ][gc,stringdedup] Concurrent String Deduplication 280.2K->112.9K(167.3K) avg 52.4% (49.666s, 49.669s) 3.357ms
[2023-10-17T15:06:27.353+0000][50.356s][debug][safepoint     ] Safepoint synchronization initiated. (88 threads)
[2023-10-17T15:06:27.353+0000][50.357s][info ][safepoint     ] Application time: 0.6912750 seconds
[2023-10-17T15:06:27.354+0000][50.357s][info ][safepoint     ] Entering safepoint region: ICBufferFull
[2023-10-17T15:06:27.355+0000][50.358s][info ][safepoint     ] Leaving safepoint region
[2023-10-17T15:06:27.355+0000][50.359s][info ][safepoint     ] Total time for which application threads were stopped: 0.0013131 seconds, Stopping threads took: 0.0005566 seconds
[2023-10-17T15:06:28.205+0000][51.208s][debug][safepoint     ] Safepoint synchronization initiated. (88 threads)
[2023-10-17T15:06:28.205+0000][51.209s][info ][safepoint     ] Application time: 0.8495864 seconds
[2023-10-17T15:06:28.206+0000][51.209s][info ][safepoint     ] Entering safepoint region: G1CollectForAllocation
[2023-10-17T15:06:28.207+0000][51.210s][info ][gc,start      ] GC(49) Pause Young (Normal) (G1 Evacuation Pause)
[2023-10-17T15:06:28.207+0000][51.211s][info ][gc,task       ] GC(49) Using 8 workers of 8 for evacuation
[2023-10-17T15:06:28.244+0000][51.247s][info ][gc,phases     ] GC(49)   Pre Evacuate Collection Set: 0.0ms
[2023-10-17T15:06:28.245+0000][51.249s][info ][gc,phases     ] GC(49)   Evacuate Collection Set: 29.9ms
[2023-10-17T15:06:28.246+0000][51.250s][info ][gc,phases     ] GC(49)   Post Evacuate Collection Set: 5.1ms
[2023-10-17T15:06:28.247+0000][51.251s][info ][gc,phases     ] GC(49)   Other: 2.2ms
[2023-10-17T15:06:28.248+0000][51.251s][info ][gc,heap       ] GC(49) Eden regions: 248->0(249)
[2023-10-17T15:06:28.249+0000][51.252s][info ][gc,heap       ] GC(49) Survivor regions: 22->21(34)
[2023-10-17T15:06:28.249+0000][51.253s][info ][gc,heap       ] GC(49) Old regions: 109->114
[2023-10-17T15:06:28.251+0000][51.254s][info ][gc,heap       ] GC(49) Humongous regions: 0->0
[2023-10-17T15:06:28.251+0000][51.255s][info ][gc,metaspace  ] GC(49) Metaspace: 143235K(147756K)->143235K(147756K) NonClass: 126467K(129196K)->126467K(129196K) Class: 16767K(18560K)->16767K(18560K)
[2023-10-17T15:06:28.252+0000][51.255s][info ][gc            ] GC(49) Pause Young (Normal) (G1 Evacuation Pause) 376M->132M(450M) 45.110ms
[2023-10-17T15:06:28.253+0000][51.256s][info ][gc,cpu        ] GC(49) User=0.22s Sys=0.02s Real=0.05s
[2023-10-17T15:06:28.254+0000][51.257s][info ][safepoint     ] Leaving safepoint region
[2023-10-17T15:06:28.255+0000][51.258s][info ][safepoint     ] Total time for which application threads were stopped: 0.0489312 seconds, Stopping threads took: 0.0004900 seconds
[2023-10-17T15:06:28.255+0000][51.259s][info ][gc,stringdedup] Concurrent String Deduplication (51.259s)
[2023-10-17T15:06:28.259+0000][51.262s][info ][gc,stringdedup] Concurrent String Deduplication 235.6K->102.6K(133.1K) avg 52.5% (51.259s, 51.262s) 3.376ms
[2023-10-17T15:06:29.255+0000][52.259s][debug][safepoint     ] Safepoint synchronization initiated. (88 threads)
[2023-10-17T15:06:29.256+0000][52.260s][info ][safepoint     ] Application time: 1.0010770 seconds
[2023-10-17T15:06:29.257+0000][52.261s][debug][safepoint     ] ... found polling page return exception at pc = 0x00007f226292e62f, stub =0x00007f2260840600
[2023-10-17T15:06:29.258+0000][52.261s][debug][safepoint     ] Waiting for 1 thread(s) to block
[2023-10-17T15:06:29.258+0000][52.262s][info ][safepoint     ] Entering safepoint region: Cleanup
[2023-10-17T15:06:29.260+0000][52.264s][info ][safepoint     ] Leaving safepoint region
[2023-10-17T15:06:29.261+0000][52.264s][info ][safepoint     ] Total time for which application threads were stopped: 0.0036098 seconds, Stopping threads took: 0.0025940 seconds
[2023-10-17T15:06:29.727+0000][52.730s][debug][safepoint     ] Safepoint synchronization initiated. (88 threads)
[2023-10-17T15:06:29.727+0000][52.731s][info ][safepoint     ] Application time: 0.4662279 seconds
[2023-10-17T15:06:29.728+0000][52.731s][info ][safepoint     ] Entering safepoint region: G1CollectForAllocation
[2023-10-17T15:06:29.729+0000][52.732s][info ][gc,start      ] GC(50) Pause Young (Normal) (G1 Evacuation Pause)
[2023-10-17T15:06:29.729+0000][52.733s][info ][gc,task       ] GC(50) Using 8 workers of 8 for evacuation
[2023-10-17T15:06:29.804+0000][52.808s][info ][gc,phases     ] GC(50)   Pre Evacuate Collection Set: 0.1ms
[2023-10-17T15:06:29.805+0000][52.808s][info ][gc,phases     ] GC(50)   Evacuate Collection Set: 66.0ms
[2023-10-17T15:06:29.805+0000][52.809s][info ][gc,phases     ] GC(50)   Post Evacuate Collection Set: 4.3ms
[2023-10-17T15:06:29.806+0000][52.810s][info ][gc,phases     ] GC(50)   Other: 5.3ms
[2023-10-17T15:06:29.807+0000][52.810s][info ][gc,heap       ] GC(50) Eden regions: 249->0(247)
[2023-10-17T15:06:29.807+0000][52.810s][info ][gc,heap       ] GC(50) Survivor regions: 21->19(34)
[2023-10-17T15:06:29.807+0000][52.811s][info ][gc,heap       ] GC(50) Old regions: 114->120
[2023-10-17T15:06:29.808+0000][52.811s][info ][gc,heap       ] GC(50) Humongous regions: 0->0
[2023-10-17T15:06:29.808+0000][52.812s][info ][gc,metaspace  ] GC(50) Metaspace: 143484K(148012K)->143484K(148012K) NonClass: 126694K(129452K)->126694K(129452K) Class: 16789K(18560K)->16789K(18560K)
[2023-10-17T15:06:29.809+0000][52.813s][info ][gc            ] GC(50) Pause Young (Normal) (G1 Evacuation Pause) 381M->137M(450M) 80.303ms
[2023-10-17T15:06:29.810+0000][52.813s][info ][gc,cpu        ] GC(50) User=0.45s Sys=0.01s Real=0.09s
[2023-10-17T15:06:29.810+0000][52.814s][info ][safepoint     ] Leaving safepoint region
[2023-10-17T15:06:29.811+0000][52.815s][info ][safepoint     ] Total time for which application threads were stopped: 0.0830610 seconds, Stopping threads took: 0.0005599 seconds
[2023-10-17T15:06:29.812+0000][52.815s][info ][gc,stringdedup] Concurrent String Deduplication (52.815s)
[2023-10-17T15:06:29.819+0000][52.822s][info ][gc,stringdedup] Concurrent String Deduplication 783.1K->201.3K(581.8K) avg 53.5% (52.815s, 52.822s) 7.139ms
[2023-10-17T15:06:30.812+0000][53.815s][debug][safepoint     ] Safepoint synchronization initiated. (89 threads)
[2023-10-17T15:06:30.812+0000][53.816s][info ][safepoint     ] Application time: 1.0008016 seconds
[2023-10-17T15:06:30.813+0000][53.816s][debug][safepoint     ] ... found polling page return exception at pc = 0x00007f2268b1f29d, stub =0x00007f2260840600
[2023-10-17T15:06:30.813+0000][53.817s][debug][safepoint     ] Waiting for 1 thread(s) to block
[2023-10-17T15:06:30.814+0000][53.818s][info ][safepoint     ] Entering safepoint region: Cleanup
[2023-10-17T15:06:30.815+0000][53.818s][info ][safepoint     ] Leaving safepoint region
[2023-10-17T15:06:30.815+0000][53.819s][info ][safepoint     ] Total time for which application threads were stopped: 0.0024496 seconds, Stopping threads took: 0.0017751 seconds
[2023-10-17T15:06:31.016+0000][54.020s][debug][safepoint     ] Safepoint synchronization initiated. (89 threads)
[2023-10-17T15:06:31.017+0000][54.020s][info ][safepoint     ] Application time: 0.2009288 seconds
[2023-10-17T15:06:31.018+0000][54.021s][info ][safepoint     ] Entering safepoint region: G1CollectForAllocation
[2023-10-17T15:06:31.018+0000][54.022s][info ][gc,start      ] GC(51) Pause Young (Normal) (G1 Evacuation Pause)
[2023-10-17T15:06:31.019+0000][54.022s][info ][gc,task       ] GC(51) Using 8 workers of 8 for evacuation
[2023-10-17T15:06:31.043+0000][54.046s][info ][gc,phases     ] GC(51)   Pre Evacuate Collection Set: 0.0ms
[2023-10-17T15:06:31.043+0000][54.047s][info ][gc,phases     ] GC(51)   Evacuate Collection Set: 18.4ms
[2023-10-17T15:06:31.044+0000][54.048s][info ][gc,phases     ] GC(51)   Post Evacuate Collection Set: 5.0ms
[2023-10-17T15:06:31.045+0000][54.049s][info ][gc,phases     ] GC(51)   Other: 1.1ms
[2023-10-17T15:06:31.046+0000][54.049s][info ][gc,heap       ] GC(51) Eden regions: 247->0(243)
[2023-10-17T15:06:31.046+0000][54.050s][info ][gc,heap       ] GC(51) Survivor regions: 19->21(34)
[2023-10-17T15:06:31.047+0000][54.050s][info ][gc,heap       ] GC(51) Old regions: 120->120
[2023-10-17T15:06:31.047+0000][54.051s][info ][gc,heap       ] GC(51) Humongous regions: 0->0
[2023-10-17T15:06:31.048+0000][54.051s][info ][gc,metaspace  ] GC(51) Metaspace: 143704K(148268K)->143704K(148268K) NonClass: 126896K(129708K)->126896K(129708K) Class: 16807K(18560K)->16807K(18560K)
[2023-10-17T15:06:31.048+0000][54.052s][info ][gc            ] GC(51) Pause Young (Normal) (G1 Evacuation Pause) 384M->139M(450M) 29.726ms
[2023-10-17T15:06:31.048+0000][54.052s][info ][gc,cpu        ] GC(51) User=0.12s Sys=0.00s Real=0.03s
[2023-10-17T15:06:31.049+0000][54.053s][info ][safepoint     ] Leaving safepoint region
[2023-10-17T15:06:31.050+0000][54.053s][info ][safepoint     ] Total time for which application threads were stopped: 0.0323968 seconds, Stopping threads took: 0.0006137 seconds
[2023-10-17T15:06:31.051+0000][54.054s][info ][gc,stringdedup] Concurrent String Deduplication (54.054s)
[2023-10-17T15:06:31.057+0000][54.061s][info ][gc,stringdedup] Concurrent String Deduplication 518.3K->182.6K(335.7K) avg 53.8% (54.054s, 54.061s) 6.166ms
[2023-10-17T15:06:32.051+0000][55.055s][debug][safepoint     ] Safepoint synchronization initiated. (89 threads)
[2023-10-17T15:06:32.052+0000][55.056s][info ][safepoint     ] Application time: 1.0012395 seconds
[2023-10-17T15:06:32.053+0000][55.057s][debug][safepoint     ] ... found polling page return exception at pc = 0x00007f22682ca294, stub =0x00007f2260840600
[2023-10-17T15:06:32.054+0000][55.058s][debug][safepoint     ] Waiting for 2 thread(s) to block
[2023-10-17T15:06:32.055+0000][55.059s][info ][safepoint     ] Entering safepoint region: Cleanup
[2023-10-17T15:06:32.056+0000][55.059s][info ][safepoint     ] Leaving safepoint region
[2023-10-17T15:06:32.056+0000][55.060s][info ][safepoint     ] Total time for which application threads were stopped: 0.0030698 seconds, Stopping threads took: 0.0023002 seconds
[2023-10-17T15:06:32.105+0000][55.109s][debug][safepoint     ] Safepoint synchronization initiated. (89 threads)
[2023-10-17T15:06:32.106+0000][55.109s][info ][safepoint     ] Application time: 0.0490391 seconds
[2023-10-17T15:06:32.106+0000][55.110s][info ][safepoint     ] Entering safepoint region: G1CollectForAllocation
[2023-10-17T15:06:32.107+0000][55.111s][info ][gc,start      ] GC(52) Pause Young (Normal) (G1 Evacuation Pause)
[2023-10-17T15:06:32.108+0000][55.111s][info ][gc,task       ] GC(52) Using 8 workers of 8 for evacuation
[2023-10-17T15:06:32.155+0000][55.159s][info ][gc,phases     ] GC(52)   Pre Evacuate Collection Set: 0.0ms
[2023-10-17T15:06:32.156+0000][55.159s][info ][gc,phases     ] GC(52)   Evacuate Collection Set: 37.1ms
[2023-10-17T15:06:32.156+0000][55.160s][info ][gc,phases     ] GC(52)   Post Evacuate Collection Set: 9.9ms
[2023-10-17T15:06:32.157+0000][55.160s][info ][gc,phases     ] GC(52)   Other: 1.1ms
[2023-10-17T15:06:32.157+0000][55.161s][info ][gc,heap       ] GC(52) Eden regions: 243->0(244)
[2023-10-17T15:06:32.158+0000][55.162s][info ][gc,heap       ] GC(52) Survivor regions: 21->16(33)
[2023-10-17T15:06:32.159+0000][55.163s][info ][gc,heap       ] GC(52) Old regions: 120->129
[2023-10-17T15:06:32.160+0000][55.163s][info ][gc,heap       ] GC(52) Humongous regions: 0->0
[2023-10-17T15:06:32.161+0000][55.164s][info ][gc,metaspace  ] GC(52) Metaspace: 143896K(148268K)->143896K(148268K) NonClass: 127064K(129708K)->127064K(129708K) Class: 16831K(18560K)->16831K(18560K)
[2023-10-17T15:06:32.162+0000][55.165s][info ][gc            ] GC(52) Pause Young (Normal) (G1 Evacuation Pause) 382M->142M(450M) 54.562ms
[2023-10-17T15:06:32.162+0000][55.166s][info ][gc,cpu        ] GC(52) User=0.30s Sys=0.02s Real=0.06s
[2023-10-17T15:06:32.163+0000][55.167s][info ][safepoint     ] Leaving safepoint region
[2023-10-17T15:06:32.163+0000][55.167s][info ][safepoint     ] Total time for which application threads were stopped: 0.0570666 seconds, Stopping threads took: 0.0005041 seconds
[2023-10-17T15:06:32.164+0000][55.168s][info ][gc,stringdedup] Concurrent String Deduplication (55.168s)
[2023-10-17T15:06:32.169+0000][55.173s][info ][gc,stringdedup] Concurrent String Deduplication 380.7K->123.6K(257.1K) avg 54.1% (55.168s, 55.173s) 5.331ms
[2023-10-17T15:06:33.164+0000][56.168s][debug][safepoint     ] Safepoint synchronization initiated. (89 threads)
[2023-10-17T15:06:33.165+0000][56.169s][info ][safepoint     ] Application time: 1.0015147 seconds
[2023-10-17T15:06:33.166+0000][56.170s][debug][safepoint     ] ... found polling page loop exception at pc = 0x00007f22691ae89a, stub =0x00007f2260843680
[2023-10-17T15:06:33.167+0000][56.170s][debug][safepoint     ] Waiting for 1 thread(s) to block
[2023-10-17T15:06:33.167+0000][56.171s][info ][safepoint     ] Entering safepoint region: Cleanup
[2023-10-17T15:06:33.168+0000][56.171s][info ][safepoint     ] Leaving safepoint region
[2023-10-17T15:06:33.169+0000][56.172s][info ][safepoint     ] Total time for which application threads were stopped: 0.0026815 seconds, Stopping threads took: 0.0017037 seconds
[2023-10-17T15:06:33.204+0000][56.208s][debug][safepoint     ] Safepoint synchronization initiated. (89 threads)
[2023-10-17T15:06:33.205+0000][56.209s][info ][safepoint     ] Application time: 0.0361596 seconds
[2023-10-17T15:06:33.206+0000][56.210s][info ][safepoint     ] Entering safepoint region: G1CollectForAllocation
[2023-10-17T15:06:33.207+0000][56.210s][info ][gc,start      ] GC(53) Pause Young (Normal) (G1 Evacuation Pause)
[2023-10-17T15:06:33.207+0000][56.211s][info ][gc,task       ] GC(53) Using 8 workers of 8 for evacuation
[2023-10-17T15:06:33.241+0000][56.244s][info ][gc,phases     ] GC(53)   Pre Evacuate Collection Set: 0.0ms
[2023-10-17T15:06:33.242+0000][56.245s][info ][gc,phases     ] GC(53)   Evacuate Collection Set: 28.9ms
[2023-10-17T15:06:33.242+0000][56.246s][info ][gc,phases     ] GC(53)   Post Evacuate Collection Set: 4.0ms
[2023-10-17T15:06:33.243+0000][56.246s][info ][gc,phases     ] GC(53)   Other: 1.2ms
[2023-10-17T15:06:33.243+0000][56.247s][info ][gc,heap       ] GC(53) Eden regions: 244->0(244)
[2023-10-17T15:06:33.244+0000][56.247s][info ][gc,heap       ] GC(53) Survivor regions: 16->16(33)
[2023-10-17T15:06:33.244+0000][56.248s][info ][gc,heap       ] GC(53) Old regions: 129->129
[2023-10-17T15:06:33.245+0000][56.248s][info ][gc,heap       ] GC(53) Humongous regions: 0->0
[2023-10-17T15:06:33.245+0000][56.249s][info ][gc,metaspace  ] GC(53) Metaspace: 143962K(148524K)->143962K(148524K) NonClass: 127125K(129964K)->127125K(129964K) Class: 16837K(18560K)->16837K(18560K)
[2023-10-17T15:06:33.246+0000][56.249s][info ][gc            ] GC(53) Pause Young (Normal) (G1 Evacuation Pause) 386M->142M(450M) 38.947ms
[2023-10-17T15:06:33.246+0000][56.250s][info ][gc,cpu        ] GC(53) User=0.15s Sys=0.00s Real=0.04s
[2023-10-17T15:06:33.247+0000][56.250s][info ][safepoint     ] Leaving safepoint region
[2023-10-17T15:06:33.247+0000][56.251s][info ][safepoint     ] Total time for which application threads were stopped: 0.0412085 seconds, Stopping threads took: 0.0005932 seconds
[2023-10-17T15:06:33.248+0000][56.251s][info ][gc,stringdedup] Concurrent String Deduplication (56.251s)
[2023-10-17T15:06:33.254+0000][56.258s][info ][gc,stringdedup] Concurrent String Deduplication 354.7K->113.4K(241.3K) avg 54.3% (56.251s, 56.258s) 6.605ms
[2023-10-17T15:06:34.141+0000][57.144s][debug][safepoint     ] Safepoint synchronization initiated. (89 threads)
[2023-10-17T15:06:34.141+0000][57.145s][info ][safepoint     ] Application time: 0.8937289 seconds
[2023-10-17T15:06:34.142+0000][57.145s][info ][safepoint     ] Entering safepoint region: G1CollectForAllocation
[2023-10-17T15:06:34.143+0000][57.146s][info ][gc,start      ] GC(54) Pause Young (Normal) (G1 Evacuation Pause)
[2023-10-17T15:06:34.143+0000][57.147s][info ][gc,task       ] GC(54) Using 8 workers of 8 for evacuation
[2023-10-17T15:06:34.164+0000][57.167s][info ][gc,phases     ] GC(54)   Pre Evacuate Collection Set: 0.0ms
[2023-10-17T15:06:34.164+0000][57.168s][info ][gc,phases     ] GC(54)   Evacuate Collection Set: 16.1ms
[2023-10-17T15:06:34.165+0000][57.169s][info ][gc,phases     ] GC(54)   Post Evacuate Collection Set: 4.0ms
[2023-10-17T15:06:34.166+0000][57.169s][info ][gc,phases     ] GC(54)   Other: 1.1ms
[2023-10-17T15:06:34.167+0000][57.170s][info ][gc,heap       ] GC(54) Eden regions: 244->0(238)
[2023-10-17T15:06:34.167+0000][57.171s][info ][gc,heap       ] GC(54) Survivor regions: 16->19(33)
[2023-10-17T15:06:34.167+0000][57.171s][info ][gc,heap       ] GC(54) Old regions: 129->129
[2023-10-17T15:06:34.168+0000][57.171s][info ][gc,heap       ] GC(54) Humongous regions: 0->0
[2023-10-17T15:06:34.168+0000][57.172s][info ][gc,metaspace  ] GC(54) Metaspace: 144050K(148524K)->144050K(148524K) NonClass: 127206K(129964K)->127206K(129964K) Class: 16844K(18560K)->16844K(18560K)
[2023-10-17T15:06:34.169+0000][57.172s][info ][gc            ] GC(54) Pause Young (Normal) (G1 Evacuation Pause) 386M->145M(450M) 26.275ms
[2023-10-17T15:06:34.169+0000][57.173s][info ][gc,cpu        ] GC(54) User=0.12s Sys=0.00s Real=0.02s
[2023-10-17T15:06:34.170+0000][57.173s][info ][safepoint     ] Leaving safepoint region
[2023-10-17T15:06:34.171+0000][57.174s][info ][safepoint     ] Total time for which application threads were stopped: 0.0289575 seconds, Stopping threads took: 0.0005373 seconds
[2023-10-17T15:06:34.172+0000][57.175s][info ][gc,stringdedup] Concurrent String Deduplication (57.175s)
[2023-10-17T15:06:34.176+0000][57.179s][info ][gc,stringdedup] Concurrent String Deduplication 279.8K->99184.0B(183.0K) avg 54.5% (57.175s, 57.179s) 4.080ms
[2023-10-17T15:06:34.658+0000][57.661s][debug][safepoint     ] Safepoint synchronization initiated. (97 threads)
[2023-10-17T15:06:34.660+0000][57.663s][info ][safepoint     ] Application time: 0.4878766 seconds
[2023-10-17T15:06:34.661+0000][57.664s][info ][safepoint     ] Entering safepoint region: Deoptimize
[2023-10-17T15:06:34.665+0000][57.669s][info ][safepoint     ] Leaving safepoint region
[2023-10-17T15:06:34.666+0000][57.669s][info ][safepoint     ] Total time for which application threads were stopped: 0.0046996 seconds, Stopping threads took: 0.0006733 seconds
[2023-10-17T15:06:34.873+0000][57.877s][debug][safepoint     ] Safepoint synchronization initiated. (108 threads)
[2023-10-17T15:06:34.874+0000][57.877s][info ][safepoint     ] Application time: 0.2077799 seconds
[2023-10-17T15:06:34.875+0000][57.878s][debug][safepoint     ] ... found polling page loop exception at pc = 0x00007f2268a07733, stub =0x00007f2260843680
[2023-10-17T15:06:34.877+0000][57.880s][debug][safepoint     ] Waiting for 1 thread(s) to block
[2023-10-17T15:06:34.878+0000][57.881s][info ][safepoint     ] Entering safepoint region: Deoptimize
[2023-10-17T15:06:34.882+0000][57.885s][info ][safepoint     ] Leaving safepoint region
[2023-10-17T15:06:34.882+0000][57.886s][info ][safepoint     ] Total time for which application threads were stopped: 0.0079497 seconds, Stopping threads took: 0.0036351 seconds
[2023-10-17T15:06:35.164+0000][58.168s][debug][safepoint     ] Safepoint synchronization initiated. (127 threads)
[2023-10-17T15:06:35.165+0000][58.168s][info ][safepoint     ] Application time: 0.2816957 seconds
[2023-10-17T15:06:35.166+0000][58.169s][info ][safepoint     ] Entering safepoint region: ICBufferFull
[2023-10-17T15:06:35.167+0000][58.170s][info ][safepoint     ] Leaving safepoint region
[2023-10-17T15:06:35.168+0000][58.171s][info ][safepoint     ] Total time for which application threads were stopped: 0.0017990 seconds, Stopping threads took: 0.0006258 seconds
[2023-10-17T15:06:35.499+0000][58.502s][debug][safepoint     ] Safepoint synchronization initiated. (134 threads)
[2023-10-17T15:06:35.500+0000][58.503s][info ][safepoint     ] Application time: 0.3313904 seconds
[2023-10-17T15:06:35.501+0000][58.504s][info ][safepoint     ] Entering safepoint region: Deoptimize
[2023-10-17T15:06:35.511+0000][58.514s][info ][safepoint     ] Leaving safepoint region
[2023-10-17T15:06:35.512+0000][58.515s][info ][safepoint     ] Total time for which application threads were stopped: 0.0108356 seconds, Stopping threads took: 0.0015975 seconds
[2023-10-17T15:06:35.569+0000][58.573s][debug][safepoint     ] Safepoint synchronization initiated. (134 threads)
[2023-10-17T15:06:35.570+0000][58.573s][info ][safepoint     ] Application time: 0.0574977 seconds
[2023-10-17T15:06:35.570+0000][58.574s][info ][safepoint     ] Entering safepoint region: Deoptimize
[2023-10-17T15:06:35.574+0000][58.577s][info ][safepoint     ] Leaving safepoint region
[2023-10-17T15:06:35.574+0000][58.578s][info ][safepoint     ] Total time for which application threads were stopped: 0.0042174 seconds, Stopping threads took: 0.0004074 seconds
[2023-10-17T15:06:35.812+0000][58.815s][debug][safepoint     ] Safepoint synchronization initiated. (161 threads)
[2023-10-17T15:06:35.814+0000][58.818s][info ][safepoint     ] Application time: 0.2393548 seconds
[2023-10-17T15:06:35.815+0000][58.819s][debug][safepoint     ] ... found polling page return exception at pc = 0x00007f2262b2aeca, stub =0x00007f2260840600
[2023-10-17T15:06:35.816+0000][58.819s][debug][safepoint     ] Waiting for 1 thread(s) to block
[2023-10-17T15:06:35.816+0000][58.820s][info ][safepoint     ] Entering safepoint region: Deoptimize
[2023-10-17T15:06:35.819+0000][58.822s][info ][safepoint     ] Leaving safepoint region
[2023-10-17T15:06:35.819+0000][58.823s][info ][safepoint     ] Total time for which application threads were stopped: 0.0042985 seconds, Stopping threads took: 0.0015698 seconds
[2023-10-17T15:06:35.907+0000][58.910s][debug][safepoint     ] Safepoint synchronization initiated. (169 threads)
[2023-10-17T15:06:35.907+0000][58.911s][info ][safepoint     ] Application time: 0.0874121 seconds
[2023-10-17T15:06:35.908+0000][58.911s][info ][safepoint     ] Entering safepoint region: Deoptimize
[2023-10-17T15:06:35.910+0000][58.914s][info ][safepoint     ] Leaving safepoint region
[2023-10-17T15:06:35.911+0000][58.914s][info ][safepoint     ] Total time for which application threads were stopped: 0.0031436 seconds, Stopping threads took: 0.0005081 seconds
[2023-10-17T15:06:36.320+0000][59.323s][debug][safepoint     ] Safepoint synchronization initiated. (169 threads)
[2023-10-17T15:06:36.320+0000][59.324s][info ][safepoint     ] Application time: 0.4092721 seconds
[2023-10-17T15:06:36.321+0000][59.324s][info ][safepoint     ] Entering safepoint region: ICBufferFull
[2023-10-17T15:06:36.322+0000][59.325s][info ][safepoint     ] Leaving safepoint region
[2023-10-17T15:06:36.322+0000][59.326s][info ][safepoint     ] Total time for which application threads were stopped: 0.0013736 seconds, Stopping threads took: 0.0005596 seconds
[2023-10-17T15:06:36.375+0000][59.378s][debug][safepoint     ] Safepoint synchronization initiated. (169 threads)
[2023-10-17T15:06:36.376+0000][59.379s][info ][safepoint     ] Application time: 0.0528790 seconds
[2023-10-17T15:06:36.376+0000][59.380s][info ][safepoint     ] Entering safepoint region: ICBufferFull
[2023-10-17T15:06:36.377+0000][59.380s][info ][safepoint     ] Leaving safepoint region
[2023-10-17T15:06:36.377+0000][59.381s][info ][safepoint     ] Total time for which application threads were stopped: 0.0013001 seconds, Stopping threads took: 0.0005129 seconds
[2023-10-17T15:06:36.510+0000][59.514s][debug][safepoint     ] Safepoint synchronization initiated. (169 threads)
[2023-10-17T15:06:36.511+0000][59.514s][info ][safepoint     ] Application time: 0.1330283 seconds
[2023-10-17T15:06:36.512+0000][59.515s][info ][safepoint     ] Entering safepoint region: ICBufferFull
[2023-10-17T15:06:36.513+0000][59.516s][info ][safepoint     ] Leaving safepoint region
[2023-10-17T15:06:36.513+0000][59.517s][info ][safepoint     ] Total time for which application threads were stopped: 0.0016499 seconds, Stopping threads took: 0.0006985 seconds
[2023-10-17T15:06:36.771+0000][59.774s][debug][safepoint     ] Safepoint synchronization initiated. (170 threads)
[2023-10-17T15:06:36.772+0000][59.775s][info ][safepoint     ] Application time: 0.2579008 seconds
[2023-10-17T15:06:36.773+0000][59.776s][info ][safepoint     ] Entering safepoint region: ICBufferFull
[2023-10-17T15:06:36.774+0000][59.777s][info ][safepoint     ] Leaving safepoint region
[2023-10-17T15:06:36.774+0000][59.778s][info ][safepoint     ] Total time for which application threads were stopped: 0.0018803 seconds, Stopping threads took: 0.0008668 seconds
[2023-10-17T15:06:36.992+0000][59.996s][debug][safepoint     ] Safepoint synchronization initiated. (170 threads)
[2023-10-17T15:06:36.993+0000][59.996s][info ][safepoint     ] Application time: 0.2175726 seconds
[2023-10-17T15:06:36.994+0000][59.997s][info ][safepoint     ] Entering safepoint region: G1CollectForAllocation
[2023-10-17T15:06:36.995+0000][59.999s][info ][gc,start      ] GC(55) Pause Young (Normal) (G1 Evacuation Pause)
[2023-10-17T15:06:36.996+0000][59.999s][info ][gc,task       ] GC(55) Using 8 workers of 8 for evacuation
[2023-10-17T15:06:37.027+0000][60.031s][info ][gc,phases     ] GC(55)   Pre Evacuate Collection Set: 0.0ms
[2023-10-17T15:06:37.028+0000][60.031s][info ][gc,phases     ] GC(55)   Evacuate Collection Set: 26.4ms
[2023-10-17T15:06:37.028+0000][60.032s][info ][gc,phases     ] GC(55)   Post Evacuate Collection Set: 4.1ms
[2023-10-17T15:06:37.029+0000][60.032s][info ][gc,phases     ] GC(55)   Other: 1.5ms
[2023-10-17T15:06:37.029+0000][60.033s][info ][gc,heap       ] GC(55) Eden regions: 238->0(232)
[2023-10-17T15:06:37.030+0000][60.033s][info ][gc,heap       ] GC(55) Survivor regions: 19->20(33)
[2023-10-17T15:06:37.030+0000][60.034s][info ][gc,heap       ] GC(55) Old regions: 129->133
[2023-10-17T15:06:37.030+0000][60.034s][info ][gc,heap       ] GC(55) Humongous regions: 0->0
[2023-10-17T15:06:37.031+0000][60.034s][info ][gc,metaspace  ] GC(55) Metaspace: 154523K(160300K)->154523K(160300K) NonClass: 136426K(139948K)->136426K(139948K) Class: 18097K(20352K)->18097K(20352K)
[2023-10-17T15:06:37.031+0000][60.035s][info ][gc            ] GC(55) Pause Young (Normal) (G1 Evacuation Pause) 383M->151M(450M) 36.208ms
[2023-10-17T15:06:37.032+0000][60.035s][info ][gc,cpu        ] GC(55) User=0.19s Sys=0.01s Real=0.04s
[2023-10-17T15:06:37.032+0000][60.036s][info ][safepoint     ] Leaving safepoint region
[2023-10-17T15:06:37.032+0000][60.036s][info ][safepoint     ] Total time for which application threads were stopped: 0.0386145 seconds, Stopping threads took: 0.0007503 seconds
[2023-10-17T15:06:37.033+0000][60.036s][info ][gc,stringdedup] Concurrent String Deduplication (60.036s)
[2023-10-17T15:06:37.035+0000][60.039s][info ][gc,stringdedup] Concurrent String Deduplication 207.4K->82200.0B(127.1K) avg 54.6% (60.036s, 60.039s) 2.378ms
[2023-10-17T15:06:37.586+0000][60.590s][debug][safepoint     ] Safepoint synchronization initiated. (170 threads)
[2023-10-17T15:06:37.587+0000][60.590s][info ][safepoint     ] Application time: 0.5540297 seconds
[2023-10-17T15:06:37.588+0000][60.591s][info ][safepoint     ] Entering safepoint region: Deoptimize
[2023-10-17T15:06:37.591+0000][60.594s][info ][safepoint     ] Leaving safepoint region
[2023-10-17T15:06:37.591+0000][60.595s][info ][safepoint     ] Total time for which application threads were stopped: 0.0035414 seconds, Stopping threads took: 0.0004961 seconds
[2023-10-17T15:06:37.970+0000][60.974s][debug][safepoint     ] Safepoint synchronization initiated. (170 threads)
[2023-10-17T15:06:37.971+0000][60.974s][info ][safepoint     ] Application time: 0.3791849 seconds
[2023-10-17T15:06:37.971+0000][60.975s][info ][safepoint     ] Entering safepoint region: ICBufferFull
[2023-10-17T15:06:37.972+0000][60.976s][info ][safepoint     ] Leaving safepoint region
[2023-10-17T15:06:37.973+0000][60.976s][info ][safepoint     ] Total time for which application threads were stopped: 0.0011993 seconds, Stopping threads took: 0.0004612 seconds
[2023-10-17T15:06:38.357+0000][61.360s][debug][safepoint     ] Safepoint synchronization initiated. (170 threads)
[2023-10-17T15:06:38.358+0000][61.361s][info ][safepoint     ] Application time: 0.3846124 seconds
[2023-10-17T15:06:38.358+0000][61.362s][info ][safepoint     ] Entering safepoint region: ICBufferFull
[2023-10-17T15:06:38.359+0000][61.362s][info ][safepoint     ] Leaving safepoint region
[2023-10-17T15:06:38.359+0000][61.363s][info ][safepoint     ] Total time for which application threads were stopped: 0.0012569 seconds, Stopping threads took: 0.0004946 seconds
[2023-10-17T15:06:39.200+0000][62.203s][debug][safepoint     ] Safepoint synchronization initiated. (170 threads)
[2023-10-17T15:06:39.200+0000][62.204s][info ][safepoint     ] Application time: 0.8403375 seconds
[2023-10-17T15:06:39.201+0000][62.204s][debug][safepoint     ] Waiting for 1 thread(s) to block
[2023-10-17T15:06:39.201+0000][62.205s][info ][safepoint     ] Entering safepoint region: ICBufferFull
[2023-10-17T15:06:39.202+0000][62.205s][info ][safepoint     ] Leaving safepoint region
[2023-10-17T15:06:39.202+0000][62.206s][info ][safepoint     ] Total time for which application threads were stopped: 0.0016463 seconds, Stopping threads took: 0.0008889 seconds
[2023-10-17T15:06:39.330+0000][62.333s][debug][safepoint     ] Safepoint synchronization initiated. (170 threads)
[2023-10-17T15:06:39.330+0000][62.334s][info ][safepoint     ] Application time: 0.1278173 seconds
[2023-10-17T15:06:39.331+0000][62.334s][info ][safepoint     ] Entering safepoint region: CollectForMetadataAllocation
[2023-10-17T15:06:39.332+0000][62.335s][info ][gc,start      ] GC(56) Pause Young (Concurrent Start) (Metadata GC Threshold)
[2023-10-17T15:06:39.332+0000][62.335s][info ][gc,task       ] GC(56) Using 8 workers of 8 for evacuation
[2023-10-17T15:06:39.363+0000][62.367s][info ][gc,phases     ] GC(56)   Pre Evacuate Collection Set: 0.9ms
[2023-10-17T15:06:39.364+0000][62.367s][info ][gc,phases     ] GC(56)   Evacuate Collection Set: 25.3ms
[2023-10-17T15:06:39.364+0000][62.368s][info ][gc,phases     ] GC(56)   Post Evacuate Collection Set: 4.5ms
[2023-10-17T15:06:39.365+0000][62.368s][info ][gc,phases     ] GC(56)   Other: 1.1ms
[2023-10-17T15:06:39.365+0000][62.369s][info ][gc,heap       ] GC(56) Eden regions: 156->0(221)
[2023-10-17T15:06:39.366+0000][62.369s][info ][gc,heap       ] GC(56) Survivor regions: 20->24(32)
[2023-10-17T15:06:39.366+0000][62.370s][info ][gc,heap       ] GC(56) Old regions: 133->136
[2023-10-17T15:06:39.367+0000][62.370s][info ][gc,heap       ] GC(56) Humongous regions: 0->0
[2023-10-17T15:06:39.367+0000][62.371s][info ][gc,metaspace  ] GC(56) Metaspace: 161565K(173940K)->161565K(173940K) NonClass: 142729K(152436K)->142729K(152436K) Class: 18835K(21504K)->18835K(21504K)
[2023-10-17T15:06:39.367+0000][62.371s][info ][gc            ] GC(56) Pause Young (Concurrent Start) (Metadata GC Threshold) 307M->158M(450M) 35.873ms
[2023-10-17T15:06:39.368+0000][62.371s][info ][gc,cpu        ] GC(56) User=0.19s Sys=0.00s Real=0.03s
[2023-10-17T15:06:39.369+0000][62.372s][info ][gc            ] GC(57) Concurrent Cycle
[2023-10-17T15:06:39.369+0000][62.372s][info ][safepoint     ] Leaving safepoint region
[2023-10-17T15:06:39.369+0000][62.373s][info ][gc,marking    ] GC(57) Concurrent Clear Claimed Marks
[2023-10-17T15:06:39.370+0000][62.373s][info ][safepoint     ] Total time for which application threads were stopped: 0.0388219 seconds, Stopping threads took: 0.0004427 seconds
[2023-10-17T15:06:39.371+0000][62.374s][info ][gc,stringdedup] Concurrent String Deduplication (62.374s)
[2023-10-17T15:06:39.371+0000][62.375s][info ][gc,marking    ] GC(57) Concurrent Clear Claimed Marks 2.185ms
[2023-10-17T15:06:39.372+0000][62.375s][info ][gc,marking    ] GC(57) Concurrent Scan Root Regions
[2023-10-17T15:06:39.376+0000][62.380s][info ][gc,stringdedup] Concurrent String Deduplication 207.6K->75304.0B(134.1K) avg 54.7% (62.374s, 62.380s) 5.817ms
[2023-10-17T15:06:39.387+0000][62.391s][info ][gc,marking    ] GC(57) Concurrent Scan Root Regions 15.236ms
[2023-10-17T15:06:39.388+0000][62.391s][info ][gc,marking    ] GC(57) Concurrent Mark (62.391s)
[2023-10-17T15:06:39.388+0000][62.392s][info ][gc,marking    ] GC(57) Concurrent Mark From Roots
[2023-10-17T15:06:39.389+0000][62.392s][info ][gc,task       ] GC(57) Using 2 workers of 2 for marking
[2023-10-17T15:06:39.412+0000][62.416s][debug][safepoint     ] Safepoint synchronization initiated. (170 threads)
[2023-10-17T15:06:39.413+0000][62.416s][info ][safepoint     ] Application time: 0.0423036 seconds
[2023-10-17T15:06:39.413+0000][62.417s][info ][safepoint     ] Entering safepoint region: CollectForMetadataAllocation
[2023-10-17T15:06:39.414+0000][62.418s][info ][safepoint     ] Leaving safepoint region
[2023-10-17T15:06:39.415+0000][62.418s][info ][safepoint     ] Total time for which application threads were stopped: 0.0012687 seconds, Stopping threads took: 0.0005500 seconds
[2023-10-17T15:06:39.527+0000][62.531s][debug][safepoint     ] Safepoint synchronization initiated. (170 threads)
[2023-10-17T15:06:39.528+0000][62.531s][info ][safepoint     ] Application time: 0.1128027 seconds
[2023-10-17T15:06:39.528+0000][62.532s][debug][safepoint     ] Waiting for 1 thread(s) to block
[2023-10-17T15:06:39.529+0000][62.532s][info ][safepoint     ] Entering safepoint region: CollectForMetadataAllocation
[2023-10-17T15:06:39.529+0000][62.533s][info ][safepoint     ] Leaving safepoint region
[2023-10-17T15:06:39.530+0000][62.533s][info ][safepoint     ] Total time for which application threads were stopped: 0.0015567 seconds, Stopping threads took: 0.0008716 seconds
[2023-10-17T15:06:39.584+0000][62.588s][info ][gc,marking    ] GC(57) Concurrent Mark From Roots 195.980ms
[2023-10-17T15:06:39.585+0000][62.588s][info ][gc,marking    ] GC(57) Concurrent Preclean
[2023-10-17T15:06:39.585+0000][62.589s][info ][gc,marking    ] GC(57) Concurrent Preclean 0.548ms
[2023-10-17T15:06:39.586+0000][62.590s][info ][gc,marking    ] GC(57) Concurrent Mark (62.391s, 62.590s) 198.370ms
[2023-10-17T15:06:39.587+0000][62.590s][debug][safepoint     ] Safepoint synchronization initiated. (170 threads)
[2023-10-17T15:06:39.587+0000][62.591s][info ][safepoint     ] Application time: 0.0572032 seconds
[2023-10-17T15:06:39.588+0000][62.592s][debug][safepoint     ] Waiting for 1 thread(s) to block
[2023-10-17T15:06:39.589+0000][62.592s][info ][safepoint     ] Entering safepoint region: CGC_Operation
[2023-10-17T15:06:39.590+0000][62.593s][info ][gc,start      ] GC(57) Pause Remark
[2023-10-17T15:06:39.616+0000][62.620s][info ][gc,stringtable] GC(57) Cleaned string and symbol table, strings: 76233 processed, 94 removed, symbols: 386537 processed, 235 removed
[2023-10-17T15:06:39.617+0000][62.621s][info ][gc            ] GC(57) Pause Remark 178M->178M(450M) 27.260ms
[2023-10-17T15:06:39.618+0000][62.621s][info ][gc,cpu        ] GC(57) User=0.18s Sys=0.00s Real=0.02s
[2023-10-17T15:06:39.618+0000][62.622s][info ][safepoint     ] Leaving safepoint region
[2023-10-17T15:06:39.619+0000][62.622s][info ][safepoint     ] Total time for which application threads were stopped: 0.0304400 seconds, Stopping threads took: 0.0012145 seconds
[2023-10-17T15:06:39.619+0000][62.623s][info ][gc,marking    ] GC(57) Concurrent Rebuild Remembered Sets
[2023-10-17T15:06:39.762+0000][62.765s][info ][gc,marking    ] GC(57) Concurrent Rebuild Remembered Sets 142.794ms
[2023-10-17T15:06:39.763+0000][62.767s][debug][safepoint     ] Safepoint synchronization initiated. (170 threads)
[2023-10-17T15:06:39.764+0000][62.767s][info ][safepoint     ] Application time: 0.1445822 seconds
[2023-10-17T15:06:39.764+0000][62.768s][debug][safepoint     ] Waiting for 1 thread(s) to block
[2023-10-17T15:06:39.765+0000][62.768s][info ][safepoint     ] Entering safepoint region: CGC_Operation
[2023-10-17T15:06:39.765+0000][62.769s][info ][gc,start      ] GC(57) Pause Cleanup
[2023-10-17T15:06:39.766+0000][62.770s][info ][gc            ] GC(57) Pause Cleanup 188M->188M(450M) 0.963ms
[2023-10-17T15:06:39.768+0000][62.771s][info ][gc,cpu        ] GC(57) User=0.00s Sys=0.00s Real=0.00s
[2023-10-17T15:06:39.768+0000][62.772s][info ][safepoint     ] Leaving safepoint region
[2023-10-17T15:06:39.769+0000][62.772s][info ][safepoint     ] Total time for which application threads were stopped: 0.0047397 seconds, Stopping threads took: 0.0010011 seconds
[2023-10-17T15:06:39.769+0000][62.773s][info ][gc,marking    ] GC(57) Concurrent Cleanup for Next Mark
[2023-10-17T15:06:39.771+0000][62.775s][info ][gc,marking    ] GC(57) Concurrent Cleanup for Next Mark 1.838ms
[2023-10-17T15:06:39.772+0000][62.775s][info ][gc            ] GC(57) Concurrent Cycle 403.331ms
[2023-10-17T15:06:40.770+0000][63.773s][debug][safepoint     ] Safepoint synchronization initiated. (171 threads)
[2023-10-17T15:06:40.770+0000][63.774s][info ][safepoint     ] Application time: 1.0007457 seconds
[2023-10-17T15:06:40.771+0000][63.774s][info ][safepoint     ] Entering safepoint region: Cleanup
[2023-10-17T15:06:40.771+0000][63.775s][info ][safepoint     ] Leaving safepoint region
[2023-10-17T15:06:40.772+0000][63.775s][info ][safepoint     ] Total time for which application threads were stopped: 0.0012151 seconds, Stopping threads took: 0.0004969 seconds
[2023-10-17T15:06:41.772+0000][64.776s][debug][safepoint     ] Safepoint synchronization initiated. (169 threads)
[2023-10-17T15:06:41.774+0000][64.777s][info ][safepoint     ] Application time: 1.0013936 seconds
[2023-10-17T15:06:41.775+0000][64.778s][info ][safepoint     ] Entering safepoint region: Cleanup
[2023-10-17T15:06:41.776+0000][64.780s][info ][safepoint     ] Leaving safepoint region
[2023-10-17T15:06:41.777+0000][64.781s][info ][safepoint     ] Total time for which application threads were stopped: 0.0027527 seconds, Stopping threads took: 0.0010457 seconds
[2023-10-17T15:06:42.779+0000][65.783s][debug][safepoint     ] Safepoint synchronization initiated. (169 threads)
[2023-10-17T15:06:42.780+0000][65.784s][info ][safepoint     ] Application time: 1.0013955 seconds
[2023-10-17T15:06:42.781+0000][65.785s][info ][safepoint     ] Entering safepoint region: Cleanup
[2023-10-17T15:06:42.783+0000][65.786s][info ][safepoint     ] Leaving safepoint region
[2023-10-17T15:06:42.783+0000][65.787s][info ][safepoint     ] Total time for which application threads were stopped: 0.0020299 seconds, Stopping threads took: 0.0008897 seconds
[2023-10-17T15:06:43.510+0000][66.514s][debug][safepoint     ] Safepoint synchronization initiated. (169 threads)
[2023-10-17T15:06:43.511+0000][66.515s][info ][safepoint     ] Application time: 0.7270827 seconds
[2023-10-17T15:06:43.513+0000][66.516s][info ][safepoint     ] Entering safepoint region: Deoptimize
[2023-10-17T15:06:43.519+0000][66.523s][info ][safepoint     ] Leaving safepoint region
[2023-10-17T15:06:43.521+0000][66.524s][info ][safepoint     ] Total time for which application threads were stopped: 0.0081753 seconds, Stopping threads took: 0.0020156 seconds
[2023-10-17T15:06:43.630+0000][66.633s][debug][safepoint     ] Safepoint synchronization initiated. (169 threads)
[2023-10-17T15:06:43.631+0000][66.634s][info ][safepoint     ] Application time: 0.1089202 seconds
[2023-10-17T15:06:43.631+0000][66.635s][info ][safepoint     ] Entering safepoint region: Deoptimize
[2023-10-17T15:06:43.635+0000][66.639s][info ][safepoint     ] Leaving safepoint region
[2023-10-17T15:06:43.636+0000][66.639s][info ][safepoint     ] Total time for which application threads were stopped: 0.0044347 seconds, Stopping threads took: 0.0006432 seconds
[2023-10-17T15:06:43.656+0000][66.659s][debug][safepoint     ] Safepoint synchronization initiated. (169 threads)
[2023-10-17T15:06:43.657+0000][66.660s][info ][safepoint     ] Application time: 0.0200038 seconds
[2023-10-17T15:06:43.657+0000][66.661s][debug][safepoint     ] Waiting for 1 thread(s) to block
[2023-10-17T15:06:43.658+0000][66.661s][info ][safepoint     ] Entering safepoint region: Deoptimize
[2023-10-17T15:06:43.662+0000][66.665s][info ][safepoint     ] Leaving safepoint region
[2023-10-17T15:06:43.663+0000][66.666s][info ][safepoint     ] Total time for which application threads were stopped: 0.0053500 seconds, Stopping threads took: 0.0011029 seconds
[2023-10-17T15:06:44.664+0000][67.667s][debug][safepoint     ] Safepoint synchronization initiated. (173 threads)
[2023-10-17T15:06:44.664+0000][67.668s][info ][safepoint     ] Application time: 1.0008271 seconds
[2023-10-17T15:06:44.665+0000][67.668s][info ][safepoint     ] Entering safepoint region: Cleanup
[2023-10-17T15:06:44.665+0000][67.669s][info ][safepoint     ] Leaving safepoint region
[2023-10-17T15:06:44.666+0000][67.669s][info ][safepoint     ] Total time for which application threads were stopped: 0.0012181 seconds, Stopping threads took: 0.0004138 seconds
[2023-10-17T15:06:45.667+0000][68.670s][debug][safepoint     ] Safepoint synchronization initiated. (171 threads)
[2023-10-17T15:06:45.668+0000][68.672s][info ][safepoint     ] Application time: 1.0017190 seconds
[2023-10-17T15:06:45.671+0000][68.674s][info ][safepoint     ] Entering safepoint region: Cleanup
[2023-10-17T15:06:45.673+0000][68.676s][info ][safepoint     ] Leaving safepoint region
[2023-10-17T15:06:45.674+0000][68.677s][info ][safepoint     ] Total time for which application threads were stopped: 0.0033057 seconds, Stopping threads took: 0.0018976 seconds
[2023-10-17T15:06:46.675+0000][69.679s][debug][safepoint     ] Safepoint synchronization initiated. (171 threads)
[2023-10-17T15:06:46.676+0000][69.680s][info ][safepoint     ] Application time: 1.0014305 seconds
[2023-10-17T15:06:46.677+0000][69.681s][info ][safepoint     ] Entering safepoint region: Cleanup
[2023-10-17T15:06:46.678+0000][69.682s][info ][safepoint     ] Leaving safepoint region
[2023-10-17T15:06:46.679+0000][69.683s][info ][safepoint     ] Total time for which application threads were stopped: 0.0021938 seconds, Stopping threads took: 0.0010209 seconds
[2023-10-17T15:06:47.681+0000][70.684s][debug][safepoint     ] Safepoint synchronization initiated. (171 threads)
[2023-10-17T15:06:47.682+0000][70.686s][info ][safepoint     ] Application time: 1.0014606 seconds
[2023-10-17T15:06:47.683+0000][70.686s][info ][safepoint     ] Entering safepoint region: Cleanup
[2023-10-17T15:06:47.684+0000][70.687s][info ][safepoint     ] Leaving safepoint region
[2023-10-17T15:06:47.685+0000][70.688s][info ][safepoint     ] Total time for which application threads were stopped: 0.0018992 seconds, Stopping threads took: 0.0008497 seconds
[2023-10-17T15:06:48.686+0000][71.689s][debug][safepoint     ] Safepoint synchronization initiated. (171 threads)
[2023-10-17T15:06:48.686+0000][71.690s][info ][safepoint     ] Application time: 1.0009912 seconds
[2023-10-17T15:06:48.687+0000][71.691s][info ][safepoint     ] Entering safepoint region: Cleanup
[2023-10-17T15:06:48.688+0000][71.692s][info ][safepoint     ] Leaving safepoint region
[2023-10-17T15:06:48.689+0000][71.693s][info ][safepoint     ] Total time for which application threads were stopped: 0.0018436 seconds, Stopping threads took: 0.0008350 seconds
[2023-10-17T15:06:49.690+0000][72.693s][debug][safepoint     ] Safepoint synchronization initiated. (171 threads)
[2023-10-17T15:06:49.691+0000][72.694s][info ][safepoint     ] Application time: 1.0009310 seconds
[2023-10-17T15:06:49.691+0000][72.695s][info ][safepoint     ] Entering safepoint region: Cleanup
[2023-10-17T15:06:49.692+0000][72.696s][info ][safepoint     ] Leaving safepoint region
[2023-10-17T15:06:49.693+0000][72.697s][info ][safepoint     ] Total time for which application threads were stopped: 0.0016360 seconds, Stopping threads took: 0.0008062 seconds
[2023-10-17T15:06:50.694+0000][73.698s][debug][safepoint     ] Safepoint synchronization initiated. (171 threads)
[2023-10-17T15:06:50.695+0000][73.699s][info ][safepoint     ] Application time: 1.0017128 seconds
[2023-10-17T15:06:50.696+0000][73.700s][info ][safepoint     ] Entering safepoint region: Cleanup
[2023-10-17T15:06:50.697+0000][73.701s][info ][safepoint     ] Leaving safepoint region
[2023-10-17T15:06:50.698+0000][73.702s][info ][safepoint     ] Total time for which application threads were stopped: 0.0019824 seconds, Stopping threads took: 0.0008505 seconds
[2023-10-17T15:06:51.699+0000][74.703s][debug][safepoint     ] Safepoint synchronization initiated. (171 threads)
[2023-10-17T15:06:51.709+0000][74.712s][info ][safepoint     ] Application time: 1.0098236 seconds
[2023-10-17T15:06:51.709+0000][74.713s][info ][safepoint     ] Entering safepoint region: Cleanup
[2023-10-17T15:06:51.710+0000][74.714s][info ][safepoint     ] Leaving safepoint region
[2023-10-17T15:06:51.711+0000][74.714s][info ][safepoint     ] Total time for which application threads were stopped: 0.0013909 seconds, Stopping threads took: 0.0006597 seconds
[2023-10-17T15:06:52.712+0000][75.716s][debug][safepoint     ] Safepoint synchronization initiated. (171 threads)
[2023-10-17T15:06:52.713+0000][75.717s][info ][safepoint     ] Application time: 1.0017416 seconds
[2023-10-17T15:06:52.715+0000][75.719s][info ][safepoint     ] Entering safepoint region: Cleanup
[2023-10-17T15:06:52.717+0000][75.720s][info ][safepoint     ] Leaving safepoint region
[2023-10-17T15:06:52.718+0000][75.721s][info ][safepoint     ] Total time for which application threads were stopped: 0.0031247 seconds, Stopping threads took: 0.0015674 seconds
[2023-10-17T15:06:53.719+0000][76.723s][debug][safepoint     ] Safepoint synchronization initiated. (171 threads)
[2023-10-17T15:06:53.720+0000][76.724s][info ][safepoint     ] Application time: 1.0012247 seconds
[2023-10-17T15:06:53.722+0000][76.725s][debug][safepoint     ] ... found polling page loop exception at pc = 0x00007f22694f2c49, stub =0x00007f2260843680
[2023-10-17T15:06:53.723+0000][76.726s][debug][safepoint     ] Waiting for 1 thread(s) to block
[2023-10-17T15:06:53.724+0000][76.727s][info ][safepoint     ] Entering safepoint region: Cleanup
[2023-10-17T15:06:53.725+0000][76.729s][info ][safepoint     ] Leaving safepoint region
[2023-10-17T15:06:53.726+0000][76.729s][info ][safepoint     ] Total time for which application threads were stopped: 0.0043286 seconds, Stopping threads took: 0.0031575 seconds
[2023-10-17T15:06:54.727+0000][77.731s][debug][safepoint     ] Safepoint synchronization initiated. (171 threads)
[2023-10-17T15:06:54.729+0000][77.732s][info ][safepoint     ] Application time: 1.0022210 seconds
[2023-10-17T15:06:54.730+0000][77.733s][info ][safepoint     ] Entering safepoint region: Cleanup
[2023-10-17T15:06:54.731+0000][77.735s][info ][safepoint     ] Leaving safepoint region
[2023-10-17T15:06:54.732+0000][77.736s][info ][safepoint     ] Total time for which application threads were stopped: 0.0021640 seconds, Stopping threads took: 0.0007819 seconds
[2023-10-17T15:06:55.733+0000][78.736s][debug][safepoint     ] Safepoint synchronization initiated. (171 threads)
[2023-10-17T15:06:55.734+0000][78.737s][info ][safepoint     ] Application time: 1.0011881 seconds
[2023-10-17T15:06:55.735+0000][78.738s][info ][safepoint     ] Entering safepoint region: Cleanup
[2023-10-17T15:06:55.736+0000][78.739s][info ][safepoint     ] Leaving safepoint region
[2023-10-17T15:06:55.737+0000][78.740s][info ][safepoint     ] Total time for which application threads were stopped: 0.0019459 seconds, Stopping threads took: 0.0008253 seconds
[2023-10-17T15:06:56.738+0000][79.741s][debug][safepoint     ] Safepoint synchronization initiated. (171 threads)
[2023-10-17T15:06:56.739+0000][79.742s][info ][safepoint     ] Application time: 1.0013727 seconds
[2023-10-17T15:06:56.739+0000][79.743s][info ][safepoint     ] Entering safepoint region: Cleanup
[2023-10-17T15:06:56.740+0000][79.744s][info ][safepoint     ] Leaving safepoint region
[2023-10-17T15:06:56.741+0000][79.745s][info ][safepoint     ] Total time for which application threads were stopped: 0.0016951 seconds, Stopping threads took: 0.0007061 seconds
[2023-10-17T15:06:57.742+0000][80.746s][debug][safepoint     ] Safepoint synchronization initiated. (171 threads)
[2023-10-17T15:06:57.743+0000][80.747s][info ][safepoint     ] Application time: 1.0013333 seconds
[2023-10-17T15:06:57.744+0000][80.748s][info ][safepoint     ] Entering safepoint region: Cleanup
[2023-10-17T15:06:57.745+0000][80.749s][info ][safepoint     ] Leaving safepoint region
[2023-10-17T15:06:57.745+0000][80.749s][info ][safepoint     ] Total time for which application threads were stopped: 0.0015800 seconds, Stopping threads took: 0.0006640 seconds
[2023-10-17T15:06:58.746+0000][81.750s][debug][safepoint     ] Safepoint synchronization initiated. (171 threads)
[2023-10-17T15:06:58.747+0000][81.751s][info ][safepoint     ] Application time: 1.0010932 seconds
[2023-10-17T15:06:58.748+0000][81.752s][info ][safepoint     ] Entering safepoint region: Cleanup
[2023-10-17T15:06:58.749+0000][81.753s][info ][safepoint     ] Leaving safepoint region
[2023-10-17T15:06:58.749+0000][81.753s][info ][safepoint     ] Total time for which application threads were stopped: 0.0016332 seconds, Stopping threads took: 0.0007539 seconds
[2023-10-17T15:06:59.750+0000][82.754s][debug][safepoint     ] Safepoint synchronization initiated. (171 threads)
[2023-10-17T15:06:59.751+0000][82.755s][info ][safepoint     ] Application time: 1.0012566 seconds
[2023-10-17T15:06:59.752+0000][82.756s][info ][safepoint     ] Entering safepoint region: Cleanup
[2023-10-17T15:06:59.753+0000][82.757s][info ][safepoint     ] Leaving safepoint region
[2023-10-17T15:06:59.754+0000][82.758s][info ][safepoint     ] Total time for which application threads were stopped: 0.0020558 seconds, Stopping threads took: 0.0008619 seconds
[2023-10-17T15:07:00.755+0000][83.759s][debug][safepoint     ] Safepoint synchronization initiated. (171 threads)
[2023-10-17T15:07:00.757+0000][83.760s][info ][safepoint     ] Application time: 1.0013990 seconds
[2023-10-17T15:07:00.758+0000][83.761s][info ][safepoint     ] Entering safepoint region: Cleanup
[2023-10-17T15:07:00.759+0000][83.763s][info ][safepoint     ] Leaving safepoint region
[2023-10-17T15:07:00.760+0000][83.763s][info ][safepoint     ] Total time for which application threads were stopped: 0.0020478 seconds, Stopping threads took: 0.0010756 seconds
[2023-10-17T15:07:01.760+0000][84.764s][debug][safepoint     ] Safepoint synchronization initiated. (171 threads)
[2023-10-17T15:07:01.761+0000][84.765s][info ][safepoint     ] Application time: 1.0012155 seconds
[2023-10-17T15:07:01.762+0000][84.766s][info ][safepoint     ] Entering safepoint region: Cleanup
[2023-10-17T15:07:01.763+0000][84.767s][info ][safepoint     ] Leaving safepoint region
[2023-10-17T15:07:01.764+0000][84.767s][info ][safepoint     ] Total time for which application threads were stopped: 0.0016049 seconds, Stopping threads took: 0.0007567 seconds
[2023-10-17T15:07:02.765+0000][85.768s][debug][safepoint     ] Safepoint synchronization initiated. (171 threads)
[2023-10-17T15:07:02.765+0000][85.769s][info ][safepoint     ] Application time: 1.0010442 seconds
[2023-10-17T15:07:02.766+0000][85.770s][info ][safepoint     ] Entering safepoint region: Cleanup
[2023-10-17T15:07:02.767+0000][85.771s][info ][safepoint     ] Leaving safepoint region
[2023-10-17T15:07:02.768+0000][85.771s][info ][safepoint     ] Total time for which application threads were stopped: 0.0017093 seconds, Stopping threads took: 0.0007596 seconds
[2023-10-17T15:07:03.769+0000][86.772s][debug][safepoint     ] Safepoint synchronization initiated. (171 threads)
[2023-10-17T15:07:03.770+0000][86.774s][info ][safepoint     ] Application time: 1.0015404 seconds
[2023-10-17T15:07:03.771+0000][86.775s][info ][safepoint     ] Entering safepoint region: Cleanup
[2023-10-17T15:07:03.773+0000][86.776s][info ][safepoint     ] Leaving safepoint region
[2023-10-17T15:07:03.774+0000][86.777s][info ][safepoint     ] Total time for which application threads were stopped: 0.0025730 seconds, Stopping threads took: 0.0012121 seconds
[2023-10-17T15:07:04.775+0000][87.779s][debug][safepoint     ] Safepoint synchronization initiated. (171 threads)
[2023-10-17T15:07:04.776+0000][87.780s][info ][safepoint     ] Application time: 1.0014872 seconds
[2023-10-17T15:07:04.777+0000][87.781s][info ][safepoint     ] Entering safepoint region: Cleanup
[2023-10-17T15:07:04.778+0000][87.782s][info ][safepoint     ] Leaving safepoint region
[2023-10-17T15:07:04.779+0000][87.783s][info ][safepoint     ] Total time for which application threads were stopped: 0.0016078 seconds, Stopping threads took: 0.0006578 seconds
[2023-10-17T15:07:05.780+0000][88.783s][debug][safepoint     ] Safepoint synchronization initiated. (171 threads)
[2023-10-17T15:07:05.781+0000][88.785s][info ][safepoint     ] Application time: 1.0014029 seconds
[2023-10-17T15:07:05.782+0000][88.785s][info ][safepoint     ] Entering safepoint region: Cleanup
[2023-10-17T15:07:05.783+0000][88.786s][info ][safepoint     ] Leaving safepoint region
[2023-10-17T15:07:05.783+0000][88.787s][info ][safepoint     ] Total time for which application threads were stopped: 0.0015668 seconds, Stopping threads took: 0.0006842 seconds
[2023-10-17T15:07:06.784+0000][89.788s][debug][safepoint     ] Safepoint synchronization initiated. (171 threads)
[2023-10-17T15:07:06.785+0000][89.789s][info ][safepoint     ] Application time: 1.0013316 seconds
[2023-10-17T15:07:06.788+0000][89.791s][info ][safepoint     ] Entering safepoint region: Cleanup
[2023-10-17T15:07:06.789+0000][89.793s][info ][safepoint     ] Leaving safepoint region
[2023-10-17T15:07:06.790+0000][89.794s][info ][safepoint     ] Total time for which application threads were stopped: 0.0023554 seconds, Stopping threads took: 0.0007772 seconds
[2023-10-17T15:07:07.791+0000][90.794s][debug][safepoint     ] Safepoint synchronization initiated. (171 threads)
[2023-10-17T15:07:07.792+0000][90.796s][info ][safepoint     ] Application time: 1.0014103 seconds
[2023-10-17T15:07:07.793+0000][90.797s][info ][safepoint     ] Entering safepoint region: Cleanup
[2023-10-17T15:07:07.795+0000][90.799s][info ][safepoint     ] Leaving safepoint region
[2023-10-17T15:07:07.796+0000][90.799s][info ][safepoint     ] Total time for which application threads were stopped: 0.0023000 seconds, Stopping threads took: 0.0010994 seconds
[2023-10-17T15:07:08.797+0000][91.801s][debug][safepoint     ] Safepoint synchronization initiated. (171 threads)
[2023-10-17T15:07:08.798+0000][91.802s][info ][safepoint     ] Application time: 1.0016002 seconds
[2023-10-17T15:07:08.799+0000][91.803s][info ][safepoint     ] Entering safepoint region: Cleanup
[2023-10-17T15:07:08.800+0000][91.804s][info ][safepoint     ] Leaving safepoint region
[2023-10-17T15:07:08.801+0000][91.805s][info ][safepoint     ] Total time for which application threads were stopped: 0.0019630 seconds, Stopping threads took: 0.0008680 seconds
[2023-10-17T15:07:09.802+0000][92.806s][debug][safepoint     ] Safepoint synchronization initiated. (171 threads)
[2023-10-17T15:07:09.803+0000][92.807s][info ][safepoint     ] Application time: 1.0015155 seconds
[2023-10-17T15:07:09.804+0000][92.808s][info ][safepoint     ] Entering safepoint region: Cleanup
[2023-10-17T15:07:09.806+0000][92.809s][info ][safepoint     ] Leaving safepoint region
[2023-10-17T15:07:09.806+0000][92.810s][info ][safepoint     ] Total time for which application threads were stopped: 0.0021378 seconds, Stopping threads took: 0.0009826 seconds
[2023-10-17T15:07:10.807+0000][93.811s][debug][safepoint     ] Safepoint synchronization initiated. (171 threads)
[2023-10-17T15:07:10.808+0000][93.812s][info ][safepoint     ] Application time: 1.0011414 seconds
[2023-10-17T15:07:10.809+0000][93.813s][info ][safepoint     ] Entering safepoint region: Cleanup
[2023-10-17T15:07:10.810+0000][93.814s][info ][safepoint     ] Leaving safepoint region
[2023-10-17T15:07:10.811+0000][93.815s][info ][safepoint     ] Total time for which application threads were stopped: 0.0018013 seconds, Stopping threads took: 0.0009630 seconds
[2023-10-17T15:07:11.812+0000][94.815s][debug][safepoint     ] Safepoint synchronization initiated. (171 threads)
[2023-10-17T15:07:11.813+0000][94.816s][info ][safepoint     ] Application time: 1.0013077 seconds
[2023-10-17T15:07:11.814+0000][94.817s][info ][safepoint     ] Entering safepoint region: Cleanup
[2023-10-17T15:07:11.815+0000][94.819s][info ][safepoint     ] Leaving safepoint region
[2023-10-17T15:07:11.816+0000][94.819s][info ][safepoint     ] Total time for which application threads were stopped: 0.0022309 seconds, Stopping threads took: 0.0010762 seconds
[2023-10-17T15:07:12.817+0000][95.821s][debug][safepoint     ] Safepoint synchronization initiated. (171 threads)
[2023-10-17T15:07:12.818+0000][95.821s][info ][safepoint     ] Application time: 1.0010957 seconds
[2023-10-17T15:07:12.819+0000][95.822s][info ][safepoint     ] Entering safepoint region: Cleanup
[2023-10-17T15:07:12.820+0000][95.823s][info ][safepoint     ] Leaving safepoint region
[2023-10-17T15:07:12.820+0000][95.824s][info ][safepoint     ] Total time for which application threads were stopped: 0.0017945 seconds, Stopping threads took: 0.0007449 seconds
[2023-10-17T15:07:13.821+0000][96.825s][debug][safepoint     ] Safepoint synchronization initiated. (171 threads)
[2023-10-17T15:07:13.822+0000][96.826s][info ][safepoint     ] Application time: 1.0013112 seconds
[2023-10-17T15:07:13.823+0000][96.827s][info ][safepoint     ] Entering safepoint region: Cleanup
[2023-10-17T15:07:13.824+0000][96.828s][info ][safepoint     ] Leaving safepoint region
[2023-10-17T15:07:13.825+0000][96.828s][info ][safepoint     ] Total time for which application threads were stopped: 0.0015615 seconds, Stopping threads took: 0.0005477 seconds
[2023-10-17T15:07:14.826+0000][97.829s][debug][safepoint     ] Safepoint synchronization initiated. (171 threads)
[2023-10-17T15:07:14.826+0000][97.830s][info ][safepoint     ] Application time: 1.0008714 seconds
[2023-10-17T15:07:14.827+0000][97.831s][info ][safepoint     ] Entering safepoint region: Cleanup
[2023-10-17T15:07:14.828+0000][97.832s][info ][safepoint     ] Leaving safepoint region
[2023-10-17T15:07:14.829+0000][97.833s][info ][safepoint     ] Total time for which application threads were stopped: 0.0015104 seconds, Stopping threads took: 0.0006941 seconds
[2023-10-17T15:07:15.830+0000][98.833s][debug][safepoint     ] Safepoint synchronization initiated. (171 threads)
[2023-10-17T15:07:15.831+0000][98.834s][info ][safepoint     ] Application time: 1.0013422 seconds
[2023-10-17T15:07:15.832+0000][98.835s][info ][safepoint     ] Entering safepoint region: Cleanup
[2023-10-17T15:07:15.833+0000][98.836s][info ][safepoint     ] Leaving safepoint region
[2023-10-17T15:07:15.833+0000][98.837s][info ][safepoint     ] Total time for which application threads were stopped: 0.0018098 seconds, Stopping threads took: 0.0009012 seconds
[2023-10-17T15:07:16.834+0000][99.838s][debug][safepoint     ] Safepoint synchronization initiated. (171 threads)
[2023-10-17T15:07:16.835+0000][99.839s][info ][safepoint     ] Application time: 1.0009818 seconds
[2023-10-17T15:07:16.836+0000][99.840s][info ][safepoint     ] Entering safepoint region: Cleanup
[2023-10-17T15:07:16.838+0000][99.841s][info ][safepoint     ] Leaving safepoint region
[2023-10-17T15:07:16.839+0000][99.843s][info ][safepoint     ] Total time for which application threads were stopped: 0.0028628 seconds, Stopping threads took: 0.0010511 seconds
[2023-10-17T15:07:17.840+0000][100.844s][debug][safepoint     ] Safepoint synchronization initiated. (171 threads)
[2023-10-17T15:07:17.841+0000][100.844s][info ][safepoint     ] Application time: 1.0007877 seconds
[2023-10-17T15:07:17.841+0000][100.845s][info ][safepoint     ] Entering safepoint region: Cleanup
[2023-10-17T15:07:17.843+0000][100.847s][info ][safepoint     ] Leaving safepoint region
[2023-10-17T15:07:17.844+0000][100.847s][info ][safepoint     ] Total time for which application threads were stopped: 0.0023791 seconds, Stopping threads took: 0.0010375 seconds
[2023-10-17T15:07:18.844+0000][101.848s][debug][safepoint     ] Safepoint synchronization initiated. (171 threads)
[2023-10-17T15:07:18.845+0000][101.849s][info ][safepoint     ] Application time: 1.0007104 seconds
[2023-10-17T15:07:18.846+0000][101.849s][info ][safepoint     ] Entering safepoint region: Cleanup
[2023-10-17T15:07:18.847+0000][101.850s][info ][safepoint     ] Leaving safepoint region
[2023-10-17T15:07:18.847+0000][101.851s][info ][safepoint     ] Total time for which application threads were stopped: 0.0017696 seconds, Stopping threads took: 0.0009232 seconds
[2023-10-17T15:07:19.848+0000][102.852s][debug][safepoint     ] Safepoint synchronization initiated. (171 threads)
[2023-10-17T15:07:19.848+0000][102.852s][info ][safepoint     ] Application time: 1.0007025 seconds
[2023-10-17T15:07:19.849+0000][102.853s][info ][safepoint     ] Entering safepoint region: Cleanup
[2023-10-17T15:07:19.850+0000][102.853s][info ][safepoint     ] Leaving safepoint region
[2023-10-17T15:07:19.850+0000][102.854s][info ][safepoint     ] Total time for which application threads were stopped: 0.0012479 seconds, Stopping threads took: 0.0005443 seconds
[2023-10-17T15:07:20.851+0000][103.855s][debug][safepoint     ] Safepoint synchronization initiated. (171 threads)
[2023-10-17T15:07:20.851+0000][103.855s][info ][safepoint     ] Application time: 1.0006612 seconds
[2023-10-17T15:07:20.852+0000][103.856s][info ][safepoint     ] Entering safepoint region: Cleanup
[2023-10-17T15:07:20.853+0000][103.856s][info ][safepoint     ] Leaving safepoint region
[2023-10-17T15:07:20.853+0000][103.857s][info ][safepoint     ] Total time for which application threads were stopped: 0.0012643 seconds, Stopping threads took: 0.0005938 seconds
[2023-10-17T15:07:21.133+0000][104.137s][debug][safepoint     ] Safepoint synchronization initiated. (171 threads)
[2023-10-17T15:07:21.134+0000][104.137s][info ][safepoint     ] Application time: 0.2799169 seconds
[2023-10-17T15:07:21.134+0000][104.138s][info ][safepoint     ] Entering safepoint region: G1CollectForAllocation
[2023-10-17T15:07:21.135+0000][104.139s][info ][gc,start      ] GC(58) Pause Young (Concurrent Start) (G1 Evacuation Pause)
[2023-10-17T15:07:21.135+0000][104.139s][info ][gc,task       ] GC(58) Using 8 workers of 8 for evacuation
[2023-10-17T15:07:21.163+0000][104.167s][info ][gc,phases     ] GC(58)   Pre Evacuate Collection Set: 0.9ms
[2023-10-17T15:07:21.164+0000][104.168s][info ][gc,phases     ] GC(58)   Evacuate Collection Set: 20.2ms
[2023-10-17T15:07:21.164+0000][104.168s][info ][gc,phases     ] GC(58)   Post Evacuate Collection Set: 6.1ms
[2023-10-17T15:07:21.165+0000][104.169s][info ][gc,phases     ] GC(58)   Other: 1.3ms
[2023-10-17T15:07:21.166+0000][104.169s][info ][gc,heap       ] GC(58) Eden regions: 221->0(218)
[2023-10-17T15:07:21.166+0000][104.170s][info ][gc,heap       ] GC(58) Survivor regions: 24->22(31)
[2023-10-17T15:07:21.167+0000][104.170s][info ][gc,heap       ] GC(58) Old regions: 136->143
[2023-10-17T15:07:21.167+0000][104.171s][info ][gc,heap       ] GC(58) Humongous regions: 0->0
[2023-10-17T15:07:21.168+0000][104.171s][info ][gc,metaspace  ] GC(58) Metaspace: 166558K(180652K)->166558K(180652K) NonClass: 147090K(158380K)->147090K(158380K) Class: 19468K(22272K)->19468K(22272K)
[2023-10-17T15:07:21.168+0000][104.172s][info ][gc            ] GC(58) Pause Young (Concurrent Start) (G1 Evacuation Pause) 379M->162M(450M) 33.254ms
[2023-10-17T15:07:21.169+0000][104.172s][info ][gc,cpu        ] GC(58) User=0.17s Sys=0.00s Real=0.03s
[2023-10-17T15:07:21.170+0000][104.173s][info ][safepoint     ] Leaving safepoint region
[2023-10-17T15:07:21.170+0000][104.173s][info ][gc            ] GC(59) Concurrent Cycle
[2023-10-17T15:07:21.171+0000][104.174s][info ][safepoint     ] Total time for which application threads were stopped: 0.0367202 seconds, Stopping threads took: 0.0005337 seconds
[2023-10-17T15:07:21.172+0000][104.175s][info ][gc,marking    ] GC(59) Concurrent Clear Claimed Marks
[2023-10-17T15:07:21.172+0000][104.176s][info ][gc,stringdedup] Concurrent String Deduplication (104.176s)
[2023-10-17T15:07:21.174+0000][104.178s][info ][gc,marking    ] GC(59) Concurrent Clear Claimed Marks 2.443ms
[2023-10-17T15:07:21.174+0000][104.178s][info ][gc,marking    ] GC(59) Concurrent Scan Root Regions
[2023-10-17T15:07:21.179+0000][104.183s][info ][gc,stringdedup] Concurrent String Deduplication 831.5K->631.8K(199.7K) avg 53.4% (104.176s, 104.183s) 6.808ms
[2023-10-17T15:07:21.186+0000][104.190s][info ][gc,marking    ] GC(59) Concurrent Scan Root Regions 11.594ms
[2023-10-17T15:07:21.187+0000][104.190s][info ][gc,marking    ] GC(59) Concurrent Mark (104.190s)
[2023-10-17T15:07:21.187+0000][104.191s][info ][gc,marking    ] GC(59) Concurrent Mark From Roots
[2023-10-17T15:07:21.187+0000][104.191s][info ][gc,task       ] GC(59) Using 2 workers of 2 for marking
[2023-10-17T15:07:21.359+0000][104.362s][info ][gc,marking    ] GC(59) Concurrent Mark From Roots 171.581ms
[2023-10-17T15:07:21.359+0000][104.363s][info ][gc,marking    ] GC(59) Concurrent Preclean
[2023-10-17T15:07:21.360+0000][104.363s][info ][gc,marking    ] GC(59) Concurrent Preclean 0.587ms
[2023-10-17T15:07:21.360+0000][104.364s][info ][gc,marking    ] GC(59) Concurrent Mark (104.190s, 104.364s) 173.579ms
[2023-10-17T15:07:21.361+0000][104.364s][debug][safepoint     ] Safepoint synchronization initiated. (171 threads)
[2023-10-17T15:07:21.361+0000][104.365s][info ][safepoint     ] Application time: 0.1894290 seconds
[2023-10-17T15:07:21.362+0000][104.366s][info ][safepoint     ] Entering safepoint region: CGC_Operation
[2023-10-17T15:07:21.363+0000][104.367s][info ][gc,start      ] GC(59) Pause Remark
[2023-10-17T15:07:21.386+0000][104.390s][info ][gc,stringtable] GC(59) Cleaned string and symbol table, strings: 79693 processed, 6 removed, symbols: 395413 processed, 19 removed
[2023-10-17T15:07:21.387+0000][104.391s][info ][gc            ] GC(59) Pause Remark 164M->164M(450M) 24.122ms
[2023-10-17T15:07:21.388+0000][104.392s][info ][gc,cpu        ] GC(59) User=0.12s Sys=0.00s Real=0.02s
[2023-10-17T15:07:21.389+0000][104.393s][info ][safepoint     ] Leaving safepoint region
[2023-10-17T15:07:21.390+0000][104.393s][info ][safepoint     ] Total time for which application threads were stopped: 0.0275945 seconds, Stopping threads took: 0.0006318 seconds
[2023-10-17T15:07:21.390+0000][104.394s][info ][gc,marking    ] GC(59) Concurrent Rebuild Remembered Sets
[2023-10-17T15:07:21.519+0000][104.523s][info ][gc,marking    ] GC(59) Concurrent Rebuild Remembered Sets 129.099ms
[2023-10-17T15:07:21.520+0000][104.524s][debug][safepoint     ] Safepoint synchronization initiated. (171 threads)
[2023-10-17T15:07:21.521+0000][104.525s][info ][safepoint     ] Application time: 0.1305717 seconds
[2023-10-17T15:07:21.521+0000][104.525s][info ][safepoint     ] Entering safepoint region: CGC_Operation
[2023-10-17T15:07:21.522+0000][104.526s][info ][gc,start      ] GC(59) Pause Cleanup
[2023-10-17T15:07:21.523+0000][104.527s][info ][gc            ] GC(59) Pause Cleanup 164M->164M(450M) 0.847ms
[2023-10-17T15:07:21.523+0000][104.527s][info ][gc,cpu        ] GC(59) User=0.00s Sys=0.00s Real=0.00s
[2023-10-17T15:07:21.524+0000][104.528s][info ][safepoint     ] Leaving safepoint region
[2023-10-17T15:07:21.524+0000][104.528s][info ][safepoint     ] Total time for which application threads were stopped: 0.0029835 seconds, Stopping threads took: 0.0005153 seconds
[2023-10-17T15:07:21.525+0000][104.528s][info ][gc,marking    ] GC(59) Concurrent Cleanup for Next Mark
[2023-10-17T15:07:21.526+0000][104.530s][info ][gc,marking    ] GC(59) Concurrent Cleanup for Next Mark 1.615ms
[2023-10-17T15:07:21.527+0000][104.531s][info ][gc            ] GC(59) Concurrent Cycle 357.337ms
[2023-10-17T15:07:22.525+0000][105.529s][debug][safepoint     ] Safepoint synchronization initiated. (171 threads)
[2023-10-17T15:07:22.525+0000][105.529s][info ][safepoint     ] Application time: 1.0006267 seconds
[2023-10-17T15:07:22.526+0000][105.530s][info ][safepoint     ] Entering safepoint region: Cleanup
[2023-10-17T15:07:22.527+0000][105.531s][info ][safepoint     ] Leaving safepoint region
[2023-10-17T15:07:22.528+0000][105.531s][info ][safepoint     ] Total time for which application threads were stopped: 0.0017865 seconds, Stopping threads took: 0.0007520 seconds
[2023-10-17T15:07:23.528+0000][106.532s][debug][safepoint     ] Safepoint synchronization initiated. (171 threads)
[2023-10-17T15:07:23.529+0000][106.532s][info ][safepoint     ] Application time: 1.0006905 seconds
[2023-10-17T15:07:23.529+0000][106.533s][info ][safepoint     ] Entering safepoint region: Cleanup
[2023-10-17T15:07:23.530+0000][106.534s][info ][safepoint     ] Leaving safepoint region
[2023-10-17T15:07:23.530+0000][106.534s][info ][safepoint     ] Total time for which application threads were stopped: 0.0011756 seconds, Stopping threads took: 0.0005142 seconds
[2023-10-17T15:07:24.531+0000][107.535s][debug][safepoint     ] Safepoint synchronization initiated. (171 threads)
[2023-10-17T15:07:24.531+0000][107.535s][info ][safepoint     ] Application time: 1.0005970 seconds
[2023-10-17T15:07:24.532+0000][107.536s][info ][safepoint     ] Entering safepoint region: Cleanup
[2023-10-17T15:07:24.533+0000][107.536s][info ][safepoint     ] Leaving safepoint region
[2023-10-17T15:07:24.533+0000][107.537s][info ][safepoint     ] Total time for which application threads were stopped: 0.0010394 seconds, Stopping threads took: 0.0004415 seconds
[2023-10-17T15:07:25.534+0000][108.537s][debug][safepoint     ] Safepoint synchronization initiated. (171 threads)
[2023-10-17T15:07:25.534+0000][108.538s][info ][safepoint     ] Application time: 1.0006054 seconds
[2023-10-17T15:07:25.535+0000][108.538s][info ][safepoint     ] Entering safepoint region: Cleanup
[2023-10-17T15:07:25.535+0000][108.539s][info ][safepoint     ] Leaving safepoint region
[2023-10-17T15:07:25.536+0000][108.540s][info ][safepoint     ] Total time for which application threads were stopped: 0.0014246 seconds, Stopping threads took: 0.0004591 seconds
[2023-10-17T15:07:26.537+0000][109.540s][debug][safepoint     ] Safepoint synchronization initiated. (171 threads)
[2023-10-17T15:07:26.537+0000][109.541s][info ][safepoint     ] Application time: 1.0009468 seconds
[2023-10-17T15:07:26.538+0000][109.542s][info ][safepoint     ] Entering safepoint region: Cleanup
[2023-10-17T15:07:26.539+0000][109.543s][info ][safepoint     ] Leaving safepoint region
[2023-10-17T15:07:26.540+0000][109.543s][info ][safepoint     ] Total time for which application threads were stopped: 0.0016529 seconds, Stopping threads took: 0.0006391 seconds
[2023-10-17T15:07:27.540+0000][110.544s][debug][safepoint     ] Safepoint synchronization initiated. (171 threads)
[2023-10-17T15:07:27.541+0000][110.545s][info ][safepoint     ] Application time: 1.0007619 seconds
[2023-10-17T15:07:27.542+0000][110.545s][info ][safepoint     ] Entering safepoint region: Cleanup
[2023-10-17T15:07:27.542+0000][110.546s][info ][safepoint     ] Leaving safepoint region
[2023-10-17T15:07:27.543+0000][110.547s][info ][safepoint     ] Total time for which application threads were stopped: 0.0014921 seconds, Stopping threads took: 0.0006209 seconds
[2023-10-17T15:07:28.544+0000][111.547s][debug][safepoint     ] Safepoint synchronization initiated. (171 threads)
[2023-10-17T15:07:28.544+0000][111.548s][info ][safepoint     ] Application time: 1.0009972 seconds
[2023-10-17T15:07:28.545+0000][111.549s][info ][safepoint     ] Entering safepoint region: Cleanup
[2023-10-17T15:07:28.546+0000][111.550s][info ][safepoint     ] Leaving safepoint region
[2023-10-17T15:07:28.547+0000][111.551s][info ][safepoint     ] Total time for which application threads were stopped: 0.0017532 seconds, Stopping threads took: 0.0007213 seconds
[2023-10-17T15:07:29.548+0000][112.551s][debug][safepoint     ] Safepoint synchronization initiated. (171 threads)
[2023-10-17T15:07:29.548+0000][112.552s][info ][safepoint     ] Application time: 1.0010447 seconds
[2023-10-17T15:07:29.549+0000][112.553s][info ][safepoint     ] Entering safepoint region: Cleanup
[2023-10-17T15:07:29.550+0000][112.554s][info ][safepoint     ] Leaving safepoint region
[2023-10-17T15:07:29.551+0000][112.554s][info ][safepoint     ] Total time for which application threads were stopped: 0.0015536 seconds, Stopping threads took: 0.0006502 seconds
[2023-10-17T15:07:30.551+0000][113.555s][debug][safepoint     ] Safepoint synchronization initiated. (171 threads)
[2023-10-17T15:07:30.552+0000][113.556s][info ][safepoint     ] Application time: 1.0011574 seconds
[2023-10-17T15:07:30.553+0000][113.557s][info ][safepoint     ] Entering safepoint region: Cleanup
[2023-10-17T15:07:30.554+0000][113.558s][info ][safepoint     ] Leaving safepoint region
[2023-10-17T15:07:30.555+0000][113.558s][info ][safepoint     ] Total time for which application threads were stopped: 0.0014289 seconds, Stopping threads took: 0.0006698 seconds
[2023-10-17T15:07:31.555+0000][114.559s][debug][safepoint     ] Safepoint synchronization initiated. (171 threads)
[2023-10-17T15:07:31.556+0000][114.560s][info ][safepoint     ] Application time: 1.0011110 seconds
[2023-10-17T15:07:31.557+0000][114.561s][info ][safepoint     ] Entering safepoint region: Cleanup
[2023-10-17T15:07:31.558+0000][114.562s][info ][safepoint     ] Leaving safepoint region
[2023-10-17T15:07:31.559+0000][114.563s][info ][safepoint     ] Total time for which application threads were stopped: 0.0020472 seconds, Stopping threads took: 0.0008664 seconds
[2023-10-17T15:07:32.560+0000][115.564s][debug][safepoint     ] Safepoint synchronization initiated. (171 threads)
[2023-10-17T15:07:32.561+0000][115.565s][info ][safepoint     ] Application time: 1.0011317 seconds
[2023-10-17T15:07:32.562+0000][115.566s][info ][safepoint     ] Entering safepoint region: Cleanup
[2023-10-17T15:07:32.563+0000][115.567s][info ][safepoint     ] Leaving safepoint region
[2023-10-17T15:07:32.564+0000][115.568s][info ][safepoint     ] Total time for which application threads were stopped: 0.0022321 seconds, Stopping threads took: 0.0010565 seconds
[2023-10-17T15:07:33.565+0000][116.569s][debug][safepoint     ] Safepoint synchronization initiated. (171 threads)
[2023-10-17T15:07:33.566+0000][116.570s][info ][safepoint     ] Application time: 1.0014323 seconds
[2023-10-17T15:07:33.567+0000][116.571s][info ][safepoint     ] Entering safepoint region: Cleanup
[2023-10-17T15:07:33.568+0000][116.572s][info ][safepoint     ] Leaving safepoint region
[2023-10-17T15:07:33.569+0000][116.572s][info ][safepoint     ] Total time for which application threads were stopped: 0.0017675 seconds, Stopping threads took: 0.0009028 seconds
[2023-10-17T15:07:34.570+0000][117.573s][debug][safepoint     ] Safepoint synchronization initiated. (171 threads)
[2023-10-17T15:07:34.570+0000][117.574s][info ][safepoint     ] Application time: 1.0007409 seconds
[2023-10-17T15:07:34.571+0000][117.574s][info ][safepoint     ] Entering safepoint region: Cleanup
[2023-10-17T15:07:34.571+0000][117.575s][info ][safepoint     ] Leaving safepoint region
[2023-10-17T15:07:34.572+0000][117.576s][info ][safepoint     ] Total time for which application threads were stopped: 0.0013034 seconds, Stopping threads took: 0.0005820 seconds
[2023-10-17T15:07:35.572+0000][118.576s][debug][safepoint     ] Safepoint synchronization initiated. (170 threads)
[2023-10-17T15:07:35.573+0000][118.577s][info ][safepoint     ] Application time: 1.0008732 seconds
[2023-10-17T15:07:35.574+0000][118.578s][info ][safepoint     ] Entering safepoint region: Cleanup
[2023-10-17T15:07:35.574+0000][118.578s][info ][safepoint     ] Leaving safepoint region
[2023-10-17T15:07:35.575+0000][118.579s][info ][safepoint     ] Total time for which application threads were stopped: 0.0011849 seconds, Stopping threads took: 0.0005162 seconds
[2023-10-17T15:07:36.576+0000][119.579s][debug][safepoint     ] Safepoint synchronization initiated. (170 threads)
[2023-10-17T15:07:36.576+0000][119.580s][info ][safepoint     ] Application time: 1.0010944 seconds
[2023-10-17T15:07:36.577+0000][119.581s][info ][safepoint     ] Entering safepoint region: Cleanup
[2023-10-17T15:07:36.579+0000][119.582s][info ][safepoint     ] Leaving safepoint region
[2023-10-17T15:07:36.580+0000][119.583s][info ][safepoint     ] Total time for which application threads were stopped: 0.0024065 seconds, Stopping threads took: 0.0010163 seconds
[2023-10-17T15:07:37.581+0000][120.584s][debug][safepoint     ] Safepoint synchronization initiated. (170 threads)
[2023-10-17T15:07:37.581+0000][120.585s][info ][safepoint     ] Application time: 1.0006891 seconds
[2023-10-17T15:07:37.582+0000][120.585s][info ][safepoint     ] Entering safepoint region: Cleanup
[2023-10-17T15:07:37.582+0000][120.586s][info ][safepoint     ] Leaving safepoint region
[2023-10-17T15:07:37.583+0000][120.586s][info ][safepoint     ] Total time for which application threads were stopped: 0.0011675 seconds, Stopping threads took: 0.0005340 seconds
[2023-10-17T15:07:38.583+0000][121.587s][debug][safepoint     ] Safepoint synchronization initiated. (170 threads)
[2023-10-17T15:07:38.584+0000][121.588s][info ][safepoint     ] Application time: 1.0010085 seconds
[2023-10-17T15:07:38.585+0000][121.588s][info ][safepoint     ] Entering safepoint region: Cleanup
[2023-10-17T15:07:38.586+0000][121.589s][info ][safepoint     ] Leaving safepoint region
[2023-10-17T15:07:38.586+0000][121.590s][info ][safepoint     ] Total time for which application threads were stopped: 0.0016761 seconds, Stopping threads took: 0.0007495 seconds
[2023-10-17T15:07:39.587+0000][122.591s][debug][safepoint     ] Safepoint synchronization initiated. (170 threads)
[2023-10-17T15:07:39.610+0000][122.614s][info ][safepoint     ] Application time: 1.0227748 seconds
[2023-10-17T15:07:39.611+0000][122.615s][debug][safepoint     ] ... found polling page return exception at pc = 0x00007f2268b27cf4, stub =0x00007f2260840600
[2023-10-17T15:07:39.611+0000][122.615s][debug][safepoint     ] ... found polling page return exception at pc = 0x00007f2269436185, stub =0x00007f2260840600
[2023-10-17T15:07:39.614+0000][122.618s][debug][safepoint     ] Waiting for 2 thread(s) to block
[2023-10-17T15:07:39.615+0000][122.619s][info ][safepoint     ] Entering safepoint region: Cleanup
[2023-10-17T15:07:39.616+0000][122.620s][info ][safepoint     ] Leaving safepoint region
[2023-10-17T15:07:39.617+0000][122.620s][info ][safepoint     ] Total time for which application threads were stopped: 0.0056774 seconds, Stopping threads took: 0.0048224 seconds
[2023-10-17T15:07:40.618+0000][123.622s][debug][safepoint     ] Safepoint synchronization initiated. (168 threads)
[2023-10-17T15:07:40.619+0000][123.623s][info ][safepoint     ] Application time: 1.0014480 seconds
[2023-10-17T15:07:40.620+0000][123.624s][info ][safepoint     ] Entering safepoint region: Cleanup
[2023-10-17T15:07:40.621+0000][123.624s][info ][safepoint     ] Leaving safepoint region
[2023-10-17T15:07:40.621+0000][123.625s][info ][safepoint     ] Total time for which application threads were stopped: 0.0013564 seconds, Stopping threads took: 0.0006411 seconds
[2023-10-17T15:07:41.622+0000][124.626s][debug][safepoint     ] Safepoint synchronization initiated. (168 threads)
[2023-10-17T15:07:41.623+0000][124.627s][info ][safepoint     ] Application time: 1.0010824 seconds
[2023-10-17T15:07:41.624+0000][124.628s][info ][safepoint     ] Entering safepoint region: Cleanup
[2023-10-17T15:07:41.625+0000][124.629s][info ][safepoint     ] Leaving safepoint region
[2023-10-17T15:07:41.625+0000][124.629s][info ][safepoint     ] Total time for which application threads were stopped: 0.0015457 seconds, Stopping threads took: 0.0007368 seconds
[2023-10-17T15:07:42.626+0000][125.630s][debug][safepoint     ] Safepoint synchronization initiated. (168 threads)
[2023-10-17T15:07:42.628+0000][125.632s][info ][safepoint     ] Application time: 1.0019089 seconds
[2023-10-17T15:07:42.629+0000][125.633s][info ][safepoint     ] Entering safepoint region: Cleanup
[2023-10-17T15:07:42.630+0000][125.634s][info ][safepoint     ] Leaving safepoint region
[2023-10-17T15:07:42.631+0000][125.634s][info ][safepoint     ] Total time for which application threads were stopped: 0.0016501 seconds, Stopping threads took: 0.0008441 seconds
[2023-10-17T15:07:43.631+0000][126.635s][debug][safepoint     ] Safepoint synchronization initiated. (168 threads)
[2023-10-17T15:07:43.632+0000][126.636s][info ][safepoint     ] Application time: 1.0008501 seconds
[2023-10-17T15:07:43.659+0000][126.663s][info ][safepoint     ] Entering safepoint region: Cleanup
[2023-10-17T15:07:43.661+0000][126.665s][info ][safepoint     ] Leaving safepoint region
[2023-10-17T15:07:43.662+0000][126.666s][info ][safepoint     ] Total time for which application threads were stopped: 0.0027653 seconds, Stopping threads took: 0.0014817 seconds
[2023-10-17T15:07:44.664+0000][127.667s][debug][safepoint     ] Safepoint synchronization initiated. (168 threads)
[2023-10-17T15:07:44.664+0000][127.668s][info ][safepoint     ] Application time: 1.0008280 seconds
[2023-10-17T15:07:44.665+0000][127.669s][info ][safepoint     ] Entering safepoint region: Cleanup
[2023-10-17T15:07:44.666+0000][127.670s][info ][safepoint     ] Leaving safepoint region
[2023-10-17T15:07:44.667+0000][127.670s][info ][safepoint     ] Total time for which application threads were stopped: 0.0017695 seconds, Stopping threads took: 0.0008635 seconds
[2023-10-17T15:07:45.667+0000][128.671s][debug][safepoint     ] Safepoint synchronization initiated. (168 threads)
[2023-10-17T15:07:45.668+0000][128.672s][info ][safepoint     ] Application time: 1.0009989 seconds
[2023-10-17T15:07:45.669+0000][128.673s][info ][safepoint     ] Entering safepoint region: Cleanup
[2023-10-17T15:07:45.670+0000][128.674s][info ][safepoint     ] Leaving safepoint region
[2023-10-17T15:07:45.671+0000][128.674s][info ][safepoint     ] Total time for which application threads were stopped: 0.0016868 seconds, Stopping threads took: 0.0008895 seconds
[2023-10-17T15:07:46.671+0000][129.675s][debug][safepoint     ] Safepoint synchronization initiated. (167 threads)
[2023-10-17T15:07:46.673+0000][129.676s][info ][safepoint     ] Application time: 1.0013621 seconds
[2023-10-17T15:07:46.674+0000][129.677s][debug][safepoint     ] ... found polling page return exception at pc = 0x00007f2268dbe318, stub =0x00007f2260840600
[2023-10-17T15:07:46.674+0000][129.678s][debug][safepoint     ] Waiting for 1 thread(s) to block
[2023-10-17T15:07:46.675+0000][129.679s][info ][safepoint     ] Entering safepoint region: Cleanup
[2023-10-17T15:07:46.676+0000][129.680s][info ][safepoint     ] Leaving safepoint region
[2023-10-17T15:07:46.676+0000][129.680s][info ][safepoint     ] Total time for which application threads were stopped: 0.0027405 seconds, Stopping threads took: 0.0020099 seconds
[2023-10-17T15:07:47.677+0000][130.681s][debug][safepoint     ] Safepoint synchronization initiated. (167 threads)
[2023-10-17T15:07:47.678+0000][130.682s][info ][safepoint     ] Application time: 1.0013587 seconds
[2023-10-17T15:07:47.679+0000][130.683s][info ][safepoint     ] Entering safepoint region: Cleanup
[2023-10-17T15:07:47.680+0000][130.684s][info ][safepoint     ] Leaving safepoint region
[2023-10-17T15:07:47.680+0000][130.684s][info ][safepoint     ] Total time for which application threads were stopped: 0.0013900 seconds, Stopping threads took: 0.0006137 seconds
[2023-10-17T15:07:48.681+0000][131.685s][debug][safepoint     ] Safepoint synchronization initiated. (167 threads)
[2023-10-17T15:07:48.682+0000][131.686s][info ][safepoint     ] Application time: 1.0010994 seconds
[2023-10-17T15:07:48.683+0000][131.687s][info ][safepoint     ] Entering safepoint region: Cleanup
[2023-10-17T15:07:48.684+0000][131.688s][info ][safepoint     ] Leaving safepoint region
[2023-10-17T15:07:48.685+0000][131.689s][info ][safepoint     ] Total time for which application threads were stopped: 0.0023809 seconds, Stopping threads took: 0.0011162 seconds
[2023-10-17T15:07:49.687+0000][132.690s][debug][safepoint     ] Safepoint synchronization initiated. (167 threads)
[2023-10-17T15:07:49.689+0000][132.692s][info ][safepoint     ] Application time: 1.0023383 seconds
[2023-10-17T15:07:49.690+0000][132.693s][info ][safepoint     ] Entering safepoint region: Cleanup
[2023-10-17T15:07:49.691+0000][132.694s][info ][safepoint     ] Leaving safepoint region
[2023-10-17T15:07:49.691+0000][132.695s][info ][safepoint     ] Total time for which application threads were stopped: 0.0018456 seconds, Stopping threads took: 0.0007632 seconds
[2023-10-17T15:07:50.692+0000][133.696s][debug][safepoint     ] Safepoint synchronization initiated. (167 threads)
[2023-10-17T15:07:50.694+0000][133.697s][info ][safepoint     ] Application time: 1.0014309 seconds
[2023-10-17T15:07:50.694+0000][133.698s][info ][safepoint     ] Entering safepoint region: Cleanup
[2023-10-17T15:07:50.696+0000][133.699s][info ][safepoint     ] Leaving safepoint region
[2023-10-17T15:07:50.696+0000][133.700s][info ][safepoint     ] Total time for which application threads were stopped: 0.0020688 seconds, Stopping threads took: 0.0009306 seconds
[2023-10-17T15:07:51.698+0000][134.702s][debug][safepoint     ] Safepoint synchronization initiated. (167 threads)
[2023-10-17T15:07:51.699+0000][134.703s][info ][safepoint     ] Application time: 1.0021315 seconds
[2023-10-17T15:07:51.700+0000][134.704s][info ][safepoint     ] Entering safepoint region: Cleanup
[2023-10-17T15:07:51.701+0000][134.705s][info ][safepoint     ] Leaving safepoint region
[2023-10-17T15:07:51.702+0000][134.706s][info ][safepoint     ] Total time for which application threads were stopped: 0.0020084 seconds, Stopping threads took: 0.0008008 seconds
[2023-10-17T15:07:52.703+0000][135.707s][debug][safepoint     ] Safepoint synchronization initiated. (167 threads)
[2023-10-17T15:07:52.705+0000][135.708s][info ][safepoint     ] Application time: 1.0017118 seconds
[2023-10-17T15:07:52.706+0000][135.709s][info ][safepoint     ] Entering safepoint region: Cleanup
[2023-10-17T15:07:52.707+0000][135.710s][info ][safepoint     ] Leaving safepoint region
[2023-10-17T15:07:52.707+0000][135.711s][info ][safepoint     ] Total time for which application threads were stopped: 0.0017066 seconds, Stopping threads took: 0.0006353 seconds
[2023-10-17T15:07:53.708+0000][136.711s][debug][safepoint     ] Safepoint synchronization initiated. (167 threads)
[2023-10-17T15:07:53.710+0000][136.713s][info ][safepoint     ] Application time: 1.0018699 seconds
[2023-10-17T15:07:53.711+0000][136.714s][info ][safepoint     ] Entering safepoint region: Cleanup
[2023-10-17T15:07:53.711+0000][136.715s][info ][safepoint     ] Leaving safepoint region
[2023-10-17T15:07:53.712+0000][136.715s][info ][safepoint     ] Total time for which application threads were stopped: 0.0013072 seconds, Stopping threads took: 0.0006549 seconds
[2023-10-17T15:07:54.712+0000][137.716s][debug][safepoint     ] Safepoint synchronization initiated. (167 threads)
[2023-10-17T15:07:54.713+0000][137.716s][info ][safepoint     ] Application time: 1.0007024 seconds
[2023-10-17T15:07:54.714+0000][137.717s][info ][safepoint     ] Entering safepoint region: Cleanup
[2023-10-17T15:07:54.715+0000][137.718s][info ][safepoint     ] Leaving safepoint region
[2023-10-17T15:07:54.715+0000][137.719s][info ][safepoint     ] Total time for which application threads were stopped: 0.0018061 seconds, Stopping threads took: 0.0006414 seconds
[2023-10-17T15:07:55.716+0000][138.720s][debug][safepoint     ] Safepoint synchronization initiated. (167 threads)
[2023-10-17T15:07:55.717+0000][138.721s][info ][safepoint     ] Application time: 1.0011157 seconds
[2023-10-17T15:07:55.718+0000][138.722s][info ][safepoint     ] Entering safepoint region: Cleanup
[2023-10-17T15:07:55.720+0000][138.723s][info ][safepoint     ] Leaving safepoint region
[2023-10-17T15:07:55.720+0000][138.724s][info ][safepoint     ] Total time for which application threads were stopped: 0.0022541 seconds, Stopping threads took: 0.0014190 seconds
[2023-10-17T15:07:56.721+0000][139.724s][debug][safepoint     ] Safepoint synchronization initiated. (167 threads)
[2023-10-17T15:07:56.722+0000][139.726s][info ][safepoint     ] Application time: 1.0013414 seconds
[2023-10-17T15:07:56.723+0000][139.726s][info ][safepoint     ] Entering safepoint region: Cleanup
[2023-10-17T15:07:56.723+0000][139.727s][info ][safepoint     ] Leaving safepoint region
[2023-10-17T15:07:56.724+0000][139.727s][info ][safepoint     ] Total time for which application threads were stopped: 0.0011147 seconds, Stopping threads took: 0.0005117 seconds
[2023-10-17T15:07:57.725+0000][140.728s][debug][safepoint     ] Safepoint synchronization initiated. (167 threads)
[2023-10-17T15:07:57.726+0000][140.729s][info ][safepoint     ] Application time: 1.0013086 seconds
[2023-10-17T15:07:57.727+0000][140.730s][info ][safepoint     ] Entering safepoint region: Cleanup
[2023-10-17T15:07:57.728+0000][140.731s][info ][safepoint     ] Leaving safepoint region
[2023-10-17T15:07:57.728+0000][140.732s][info ][safepoint     ] Total time for which application threads were stopped: 0.0018438 seconds, Stopping threads took: 0.0008448 seconds
[2023-10-17T15:07:58.729+0000][141.733s][debug][safepoint     ] Safepoint synchronization initiated. (167 threads)
[2023-10-17T15:07:58.730+0000][141.734s][info ][safepoint     ] Application time: 1.0013455 seconds
[2023-10-17T15:07:58.731+0000][141.735s][info ][safepoint     ] Entering safepoint region: Cleanup
[2023-10-17T15:07:58.732+0000][141.736s][info ][safepoint     ] Leaving safepoint region
[2023-10-17T15:07:58.733+0000][141.737s][info ][safepoint     ] Total time for which application threads were stopped: 0.0021232 seconds, Stopping threads took: 0.0008562 seconds
[2023-10-17T15:07:59.735+0000][142.738s][debug][safepoint     ] Safepoint synchronization initiated. (167 threads)
[2023-10-17T15:07:59.736+0000][142.739s][info ][safepoint     ] Application time: 1.0015234 seconds
[2023-10-17T15:07:59.736+0000][142.740s][info ][safepoint     ] Entering safepoint region: Cleanup
[2023-10-17T15:07:59.737+0000][142.740s][info ][safepoint     ] Leaving safepoint region
[2023-10-17T15:07:59.737+0000][142.741s][info ][safepoint     ] Total time for which application threads were stopped: 0.0012675 seconds, Stopping threads took: 0.0005252 seconds
[2023-10-17T15:08:00.738+0000][143.742s][debug][safepoint     ] Safepoint synchronization initiated. (167 threads)
[2023-10-17T15:08:00.739+0000][143.743s][info ][safepoint     ] Application time: 1.0013603 seconds
[2023-10-17T15:08:00.740+0000][143.743s][info ][safepoint     ] Entering safepoint region: Cleanup
[2023-10-17T15:08:00.741+0000][143.744s][info ][safepoint     ] Leaving safepoint region
[2023-10-17T15:08:00.741+0000][143.745s][info ][safepoint     ] Total time for which application threads were stopped: 0.0014594 seconds, Stopping threads took: 0.0005671 seconds
[2023-10-17T15:08:01.742+0000][144.746s][debug][safepoint     ] Safepoint synchronization initiated. (167 threads)
[2023-10-17T15:08:01.743+0000][144.746s][info ][safepoint     ] Application time: 1.0009459 seconds
[2023-10-17T15:08:01.745+0000][144.748s][info ][safepoint     ] Entering safepoint region: Cleanup
[2023-10-17T15:08:01.746+0000][144.749s][info ][safepoint     ] Leaving safepoint region
[2023-10-17T15:08:01.746+0000][144.749s][info ][safepoint     ] Total time for which application threads were stopped: 0.0014928 seconds, Stopping threads took: 0.0007760 seconds
[2023-10-17T15:08:02.747+0000][145.750s][debug][safepoint     ] Safepoint synchronization initiated. (167 threads)
[2023-10-17T15:08:02.748+0000][145.751s][info ][safepoint     ] Application time: 1.0013846 seconds
[2023-10-17T15:08:02.749+0000][145.753s][info ][safepoint     ] Entering safepoint region: Cleanup
[2023-10-17T15:08:02.750+0000][145.754s][info ][safepoint     ] Leaving safepoint region
[2023-10-17T15:08:02.751+0000][145.754s][info ][safepoint     ] Total time for which application threads were stopped: 0.0017920 seconds, Stopping threads took: 0.0009499 seconds
[2023-10-17T15:08:03.752+0000][146.756s][debug][safepoint     ] Safepoint synchronization initiated. (167 threads)
[2023-10-17T15:08:03.753+0000][146.757s][info ][safepoint     ] Application time: 1.0012679 seconds
[2023-10-17T15:08:03.754+0000][146.758s][info ][safepoint     ] Entering safepoint region: Cleanup
[2023-10-17T15:08:03.756+0000][146.759s][info ][safepoint     ] Leaving safepoint region
[2023-10-17T15:08:03.756+0000][146.760s][info ][safepoint     ] Total time for which application threads were stopped: 0.0021271 seconds, Stopping threads took: 0.0011668 seconds
[2023-10-17T15:08:04.758+0000][147.761s][debug][safepoint     ] Safepoint synchronization initiated. (167 threads)
[2023-10-17T15:08:04.760+0000][147.763s][info ][safepoint     ] Application time: 1.0025914 seconds
[2023-10-17T15:08:04.760+0000][147.764s][info ][safepoint     ] Entering safepoint region: Cleanup
[2023-10-17T15:08:04.761+0000][147.765s][info ][safepoint     ] Leaving safepoint region
[2023-10-17T15:08:04.762+0000][147.765s][info ][safepoint     ] Total time for which application threads were stopped: 0.0015083 seconds, Stopping threads took: 0.0006737 seconds
[2023-10-17T15:08:05.763+0000][148.766s][debug][safepoint     ] Safepoint synchronization initiated. (167 threads)
[2023-10-17T15:08:05.763+0000][148.767s][info ][safepoint     ] Application time: 1.0007759 seconds
[2023-10-17T15:08:05.764+0000][148.768s][info ][safepoint     ] Entering safepoint region: Cleanup
[2023-10-17T15:08:05.765+0000][148.768s][info ][safepoint     ] Leaving safepoint region
[2023-10-17T15:08:05.766+0000][148.769s][info ][safepoint     ] Total time for which application threads were stopped: 0.0015397 seconds, Stopping threads took: 0.0005650 seconds
[2023-10-17T15:08:06.766+0000][149.770s][debug][safepoint     ] Safepoint synchronization initiated. (167 threads)
[2023-10-17T15:08:06.768+0000][149.771s][info ][safepoint     ] Application time: 1.0013945 seconds
[2023-10-17T15:08:06.769+0000][149.772s][info ][safepoint     ] Entering safepoint region: Cleanup
[2023-10-17T15:08:06.770+0000][149.773s][info ][safepoint     ] Leaving safepoint region
[2023-10-17T15:08:06.771+0000][149.774s][info ][safepoint     ] Total time for which application threads were stopped: 0.0020477 seconds, Stopping threads took: 0.0009189 seconds
[2023-10-17T15:08:07.772+0000][150.775s][debug][safepoint     ] Safepoint synchronization initiated. (167 threads)
[2023-10-17T15:08:07.773+0000][150.776s][info ][safepoint     ] Application time: 1.0008593 seconds
[2023-10-17T15:08:07.773+0000][150.777s][info ][safepoint     ] Entering safepoint region: Cleanup
[2023-10-17T15:08:07.774+0000][150.778s][info ][safepoint     ] Leaving safepoint region
[2023-10-17T15:08:07.775+0000][150.778s][info ][safepoint     ] Total time for which application threads were stopped: 0.0016050 seconds, Stopping threads took: 0.0006616 seconds
[2023-10-17T15:08:08.776+0000][151.779s][debug][safepoint     ] Safepoint synchronization initiated. (167 threads)
[2023-10-17T15:08:08.776+0000][151.780s][info ][safepoint     ] Application time: 1.0006349 seconds
[2023-10-17T15:08:08.777+0000][151.780s][info ][safepoint     ] Entering safepoint region: Cleanup
[2023-10-17T15:08:08.778+0000][151.781s][info ][safepoint     ] Leaving safepoint region
[2023-10-17T15:08:08.778+0000][151.782s][info ][safepoint     ] Total time for which application threads were stopped: 0.0013956 seconds, Stopping threads took: 0.0006001 seconds
[2023-10-17T15:08:09.779+0000][152.782s][debug][safepoint     ] Safepoint synchronization initiated. (167 threads)
[2023-10-17T15:08:09.779+0000][152.783s][info ][safepoint     ] Application time: 1.0008020 seconds
[2023-10-17T15:08:09.780+0000][152.784s][info ][safepoint     ] Entering safepoint region: Cleanup
[2023-10-17T15:08:09.781+0000][152.784s][info ][safepoint     ] Leaving safepoint region
[2023-10-17T15:08:09.781+0000][152.785s][info ][safepoint     ] Total time for which application threads were stopped: 0.0014098 seconds, Stopping threads took: 0.0007330 seconds
[2023-10-17T15:08:10.782+0000][153.786s][debug][safepoint     ] Safepoint synchronization initiated. (167 threads)
[2023-10-17T15:08:10.783+0000][153.787s][info ][safepoint     ] Application time: 1.0010571 seconds
[2023-10-17T15:08:10.784+0000][153.788s][info ][safepoint     ] Entering safepoint region: Cleanup
[2023-10-17T15:08:10.785+0000][153.789s][info ][safepoint     ] Leaving safepoint region
[2023-10-17T15:08:10.786+0000][153.789s][info ][safepoint     ] Total time for which application threads were stopped: 0.0018304 seconds, Stopping threads took: 0.0008880 seconds
[2023-10-17T15:08:11.787+0000][154.790s][debug][safepoint     ] Safepoint synchronization initiated. (167 threads)
[2023-10-17T15:08:11.787+0000][154.791s][info ][safepoint     ] Application time: 1.0009921 seconds
[2023-10-17T15:08:11.788+0000][154.792s][info ][safepoint     ] Entering safepoint region: Cleanup
[2023-10-17T15:08:11.789+0000][154.792s][info ][safepoint     ] Leaving safepoint region
[2023-10-17T15:08:11.789+0000][154.793s][info ][safepoint     ] Total time for which application threads were stopped: 0.0013239 seconds, Stopping threads took: 0.0006680 seconds
[2023-10-17T15:08:12.790+0000][155.793s][debug][safepoint     ] Safepoint synchronization initiated. (167 threads)
[2023-10-17T15:08:12.792+0000][155.796s][info ][safepoint     ] Application time: 1.0022194 seconds
[2023-10-17T15:08:12.793+0000][155.796s][info ][safepoint     ] Entering safepoint region: Cleanup
[2023-10-17T15:08:12.794+0000][155.797s][info ][safepoint     ] Leaving safepoint region
[2023-10-17T15:08:12.794+0000][155.798s][info ][safepoint     ] Total time for which application threads were stopped: 0.0015229 seconds, Stopping threads took: 0.0006276 seconds
[2023-10-17T15:08:13.795+0000][156.799s][debug][safepoint     ] Safepoint synchronization initiated. (167 threads)
[2023-10-17T15:08:13.796+0000][156.799s][info ][safepoint     ] Application time: 1.0011093 seconds
[2023-10-17T15:08:13.797+0000][156.800s][info ][safepoint     ] Entering safepoint region: Cleanup
[2023-10-17T15:08:13.799+0000][156.802s][info ][safepoint     ] Leaving safepoint region
[2023-10-17T15:08:13.799+0000][156.802s][debug][safepoint     ] ... found polling page return exception at pc = 0x00007f2268ba4744, stub =0x00007f2260840600
[2023-10-17T15:08:13.799+0000][156.802s][debug][safepoint     ] ... found polling page return exception at pc = 0x00007f2268ba4744, stub =0x00007f2260840600
[2023-10-17T15:08:13.799+0000][156.802s][debug][safepoint     ] ... found polling page return exception at pc = 0x00007f2268ba4744, stub =0x00007f2260840600
[2023-10-17T15:08:13.800+0000][156.803s][info ][safepoint     ] Total time for which application threads were stopped: 0.0028809 seconds, Stopping threads took: 0.0008081 seconds
[2023-10-17T15:08:14.803+0000][157.806s][debug][safepoint     ] Safepoint synchronization initiated. (167 threads)
[2023-10-17T15:08:14.804+0000][157.808s][info ][safepoint     ] Application time: 1.0013817 seconds
[2023-10-17T15:08:14.805+0000][157.808s][info ][safepoint     ] Entering safepoint region: Cleanup
[2023-10-17T15:08:14.806+0000][157.809s][info ][safepoint     ] Leaving safepoint region
[2023-10-17T15:08:14.807+0000][157.810s][info ][safepoint     ] Total time for which application threads were stopped: 0.0018419 seconds, Stopping threads took: 0.0007551 seconds
[2023-10-17T15:08:15.808+0000][158.811s][debug][safepoint     ] Safepoint synchronization initiated. (167 threads)
[2023-10-17T15:08:15.808+0000][158.812s][info ][safepoint     ] Application time: 1.0009982 seconds
[2023-10-17T15:08:15.809+0000][158.813s][info ][safepoint     ] Entering safepoint region: Cleanup
[2023-10-17T15:08:15.810+0000][158.814s][info ][safepoint     ] Leaving safepoint region
[2023-10-17T15:08:15.811+0000][158.815s][info ][safepoint     ] Total time for which application threads were stopped: 0.0020736 seconds, Stopping threads took: 0.0008321 seconds
[2023-10-17T15:08:16.812+0000][159.816s][debug][safepoint     ] Safepoint synchronization initiated. (167 threads)
[2023-10-17T15:08:16.813+0000][159.816s][info ][safepoint     ] Application time: 1.0007174 seconds
[2023-10-17T15:08:16.813+0000][159.817s][info ][safepoint     ] Entering safepoint region: Cleanup
[2023-10-17T15:08:16.814+0000][159.818s][info ][safepoint     ] Leaving safepoint region
[2023-10-17T15:08:16.815+0000][159.818s][info ][safepoint     ] Total time for which application threads were stopped: 0.0014470 seconds, Stopping threads took: 0.0006840 seconds
[2023-10-17T15:08:17.815+0000][160.819s][debug][safepoint     ] Safepoint synchronization initiated. (167 threads)
[2023-10-17T15:08:17.817+0000][160.821s][info ][safepoint     ] Application time: 1.0020385 seconds
[2023-10-17T15:08:17.818+0000][160.822s][info ][safepoint     ] Entering safepoint region: Cleanup
[2023-10-17T15:08:17.819+0000][160.823s][info ][safepoint     ] Leaving safepoint region
[2023-10-17T15:08:17.820+0000][160.823s][info ][safepoint     ] Total time for which application threads were stopped: 0.0019606 seconds, Stopping threads took: 0.0008413 seconds
[2023-10-17T15:08:18.821+0000][161.825s][debug][safepoint     ] Safepoint synchronization initiated. (167 threads)
[2023-10-17T15:08:18.824+0000][161.828s][info ][safepoint     ] Application time: 1.0030824 seconds
[2023-10-17T15:08:18.825+0000][161.829s][info ][safepoint     ] Entering safepoint region: Cleanup
[2023-10-17T15:08:18.827+0000][161.830s][info ][safepoint     ] Leaving safepoint region
[2023-10-17T15:08:18.828+0000][161.831s][info ][safepoint     ] Total time for which application threads were stopped: 0.0022601 seconds, Stopping threads took: 0.0012557 seconds
[2023-10-17T15:08:19.829+0000][162.832s][debug][safepoint     ] Safepoint synchronization initiated. (167 threads)
[2023-10-17T15:08:19.830+0000][162.833s][info ][safepoint     ] Application time: 1.0013977 seconds
[2023-10-17T15:08:19.831+0000][162.834s][info ][safepoint     ] Entering safepoint region: Cleanup
[2023-10-17T15:08:19.832+0000][162.835s][info ][safepoint     ] Leaving safepoint region
[2023-10-17T15:08:19.832+0000][162.835s][info ][safepoint     ] Total time for which application threads were stopped: 0.0013848 seconds, Stopping threads took: 0.0006642 seconds
[2023-10-17T15:08:20.833+0000][163.836s][debug][safepoint     ] Safepoint synchronization initiated. (167 threads)
[2023-10-17T15:08:20.834+0000][163.837s][info ][safepoint     ] Application time: 1.0010218 seconds
[2023-10-17T15:08:20.835+0000][163.838s][info ][safepoint     ] Entering safepoint region: Cleanup
[2023-10-17T15:08:20.837+0000][163.840s][info ][safepoint     ] Leaving safepoint region
[2023-10-17T15:08:20.838+0000][163.841s][info ][safepoint     ] Total time for which application threads were stopped: 0.0035447 seconds, Stopping threads took: 0.0017217 seconds
[2023-10-17T15:08:21.839+0000][164.842s][debug][safepoint     ] Safepoint synchronization initiated. (167 threads)
[2023-10-17T15:08:21.841+0000][164.844s][info ][safepoint     ] Application time: 1.0017455 seconds
[2023-10-17T15:08:21.842+0000][164.845s][info ][safepoint     ] Entering safepoint region: Cleanup
[2023-10-17T15:08:21.844+0000][164.847s][info ][safepoint     ] Leaving safepoint region
[2023-10-17T15:08:21.845+0000][164.848s][info ][safepoint     ] Total time for which application threads were stopped: 0.0032010 seconds, Stopping threads took: 0.0015184 seconds
[2023-10-17T15:08:22.847+0000][165.850s][debug][safepoint     ] Safepoint synchronization initiated. (167 threads)
[2023-10-17T15:08:22.848+0000][165.851s][info ][safepoint     ] Application time: 1.0019178 seconds
[2023-10-17T15:08:22.849+0000][165.852s][info ][safepoint     ] Entering safepoint region: Cleanup
[2023-10-17T15:08:22.850+0000][165.854s][info ][safepoint     ] Leaving safepoint region
[2023-10-17T15:08:22.851+0000][165.855s][info ][safepoint     ] Total time for which application threads were stopped: 0.0022692 seconds, Stopping threads took: 0.0010661 seconds
[2023-10-17T15:08:23.853+0000][166.856s][debug][safepoint     ] Safepoint synchronization initiated. (167 threads)
[2023-10-17T15:08:23.853+0000][166.857s][info ][safepoint     ] Application time: 1.0013909 seconds
[2023-10-17T15:08:23.854+0000][166.857s][info ][safepoint     ] Entering safepoint region: Cleanup
[2023-10-17T15:08:23.855+0000][166.858s][info ][safepoint     ] Leaving safepoint region
[2023-10-17T15:08:23.856+0000][166.859s][info ][safepoint     ] Total time for which application threads were stopped: 0.0017222 seconds, Stopping threads took: 0.0007474 seconds
[2023-10-17T15:08:24.857+0000][167.860s][debug][safepoint     ] Safepoint synchronization initiated. (167 threads)
[2023-10-17T15:08:24.858+0000][167.862s][info ][safepoint     ] Application time: 1.0016440 seconds
[2023-10-17T15:08:24.859+0000][167.862s][info ][safepoint     ] Entering safepoint region: Cleanup
[2023-10-17T15:08:24.860+0000][167.863s][info ][safepoint     ] Leaving safepoint region
[2023-10-17T15:08:24.860+0000][167.864s][info ][safepoint     ] Total time for which application threads were stopped: 0.0018143 seconds, Stopping threads took: 0.0006876 seconds
[2023-10-17T15:08:25.861+0000][168.865s][debug][safepoint     ] Safepoint synchronization initiated. (167 threads)
[2023-10-17T15:08:25.862+0000][168.866s][info ][safepoint     ] Application time: 1.0014526 seconds
[2023-10-17T15:08:25.864+0000][168.867s][info ][safepoint     ] Entering safepoint region: Cleanup
[2023-10-17T15:08:25.865+0000][168.868s][info ][safepoint     ] Leaving safepoint region
[2023-10-17T15:08:25.866+0000][168.870s][info ][safepoint     ] Total time for which application threads were stopped: 0.0028000 seconds, Stopping threads took: 0.0012141 seconds
[2023-10-17T15:08:25.865+0000][168.868s][debug][safepoint     ] ... found polling page return exception at pc = 0x00007f2268ba4744, stub =0x00007f2260840600
[2023-10-17T15:08:25.865+0000][168.868s][debug][safepoint     ] ... found polling page loop exception at pc = 0x00007f2268370e17, stub =0x00007f2260843680
[2023-10-17T15:08:25.865+0000][168.868s][debug][safepoint     ] ... found polling page return exception at pc = 0x00007f2268ba4744, stub =0x00007f2260840600
[2023-10-17T15:08:25.865+0000][168.869s][debug][safepoint     ] ... found polling page return exception at pc = 0x00007f2268ba4744, stub =0x00007f2260840600
[2023-10-17T15:08:25.865+0000][168.869s][debug][safepoint     ] ... found polling page return exception at pc = 0x00007f2268ba4744, stub =0x00007f2260840600
[2023-10-17T15:08:25.865+0000][168.869s][debug][safepoint     ] ... found polling page return exception at pc = 0x00007f2268ba4744, stub =0x00007f2260840600
[2023-10-17T15:08:25.865+0000][168.868s][debug][safepoint     ] ... found polling page return exception at pc = 0x00007f2268ba4744, stub =0x00007f2260840600
[2023-10-17T15:08:26.868+0000][169.871s][debug][safepoint     ] Safepoint synchronization initiated. (167 threads)
[2023-10-17T15:08:26.868+0000][169.872s][info ][safepoint     ] Application time: 1.0009801 seconds
[2023-10-17T15:08:26.869+0000][169.872s][info ][safepoint     ] Entering safepoint region: Cleanup
[2023-10-17T15:08:26.870+0000][169.873s][info ][safepoint     ] Leaving safepoint region
[2023-10-17T15:08:26.871+0000][169.874s][info ][safepoint     ] Total time for which application threads were stopped: 0.0017305 seconds, Stopping threads took: 0.0006399 seconds
[2023-10-17T15:08:27.872+0000][170.875s][debug][safepoint     ] Safepoint synchronization initiated. (167 threads)
[2023-10-17T15:08:27.873+0000][170.876s][info ][safepoint     ] Application time: 1.0014016 seconds
[2023-10-17T15:08:27.874+0000][170.877s][info ][safepoint     ] Entering safepoint region: Cleanup
[2023-10-17T15:08:27.875+0000][170.879s][info ][safepoint     ] Leaving safepoint region
[2023-10-17T15:08:27.876+0000][170.879s][info ][safepoint     ] Total time for which application threads were stopped: 0.0020379 seconds, Stopping threads took: 0.0009449 seconds
[2023-10-17T15:08:28.877+0000][171.880s][debug][safepoint     ] Safepoint synchronization initiated. (167 threads)
[2023-10-17T15:08:28.878+0000][171.881s][info ][safepoint     ] Application time: 1.0009900 seconds
[2023-10-17T15:08:28.879+0000][171.882s][info ][safepoint     ] Entering safepoint region: Cleanup
[2023-10-17T15:08:28.880+0000][171.883s][info ][safepoint     ] Leaving safepoint region
[2023-10-17T15:08:28.880+0000][171.884s][info ][safepoint     ] Total time for which application threads were stopped: 0.0018007 seconds, Stopping threads took: 0.0007347 seconds
[2023-10-17T15:08:29.881+0000][172.884s][debug][safepoint     ] Safepoint synchronization initiated. (167 threads)
[2023-10-17T15:08:29.882+0000][172.886s][info ][safepoint     ] Application time: 1.0014430 seconds
[2023-10-17T15:08:29.883+0000][172.886s][info ][safepoint     ] Entering safepoint region: Cleanup
[2023-10-17T15:08:29.885+0000][172.888s][info ][safepoint     ] Leaving safepoint region
[2023-10-17T15:08:29.886+0000][172.889s][info ][safepoint     ] Total time for which application threads were stopped: 0.0025540 seconds, Stopping threads took: 0.0009197 seconds
[2023-10-17T15:08:30.887+0000][173.890s][debug][safepoint     ] Safepoint synchronization initiated. (167 threads)
[2023-10-17T15:08:30.888+0000][173.891s][info ][safepoint     ] Application time: 1.0012370 seconds
[2023-10-17T15:08:30.889+0000][173.892s][info ][safepoint     ] Entering safepoint region: Cleanup
[2023-10-17T15:08:30.890+0000][173.893s][info ][safepoint     ] Leaving safepoint region
[2023-10-17T15:08:30.890+0000][173.894s][info ][safepoint     ] Total time for which application threads were stopped: 0.0018701 seconds, Stopping threads took: 0.0008517 seconds
[2023-10-17T15:08:31.892+0000][174.895s][debug][safepoint     ] Safepoint synchronization initiated. (167 threads)
[2023-10-17T15:08:31.893+0000][174.896s][info ][safepoint     ] Application time: 1.0009750 seconds
[2023-10-17T15:08:31.894+0000][174.897s][info ][safepoint     ] Entering safepoint region: Cleanup
[2023-10-17T15:08:31.895+0000][174.898s][info ][safepoint     ] Leaving safepoint region
[2023-10-17T15:08:31.895+0000][174.899s][info ][safepoint     ] Total time for which application threads were stopped: 0.0017731 seconds, Stopping threads took: 0.0007086 seconds
[2023-10-17T15:08:32.897+0000][175.901s][debug][safepoint     ] Safepoint synchronization initiated. (167 threads)
[2023-10-17T15:08:32.898+0000][175.901s][info ][safepoint     ] Application time: 1.0012665 seconds
[2023-10-17T15:08:32.899+0000][175.902s][info ][safepoint     ] Entering safepoint region: Cleanup
[2023-10-17T15:08:32.900+0000][175.903s][info ][safepoint     ] Leaving safepoint region
[2023-10-17T15:08:32.901+0000][175.904s][info ][safepoint     ] Total time for which application threads were stopped: 0.0018894 seconds, Stopping threads took: 0.0007553 seconds
[2023-10-17T15:08:33.902+0000][176.905s][debug][safepoint     ] Safepoint synchronization initiated. (167 threads)
[2023-10-17T15:08:33.903+0000][176.906s][info ][safepoint     ] Application time: 1.0014459 seconds
[2023-10-17T15:08:33.904+0000][176.907s][info ][safepoint     ] Entering safepoint region: Cleanup
[2023-10-17T15:08:33.906+0000][176.909s][info ][safepoint     ] Leaving safepoint region
[2023-10-17T15:08:33.906+0000][176.910s][info ][safepoint     ] Total time for which application threads were stopped: 0.0024273 seconds, Stopping threads took: 0.0010243 seconds
[2023-10-17T15:08:34.908+0000][177.911s][debug][safepoint     ] Safepoint synchronization initiated. (167 threads)
[2023-10-17T15:08:34.909+0000][177.912s][info ][safepoint     ] Application time: 1.0012299 seconds
[2023-10-17T15:08:34.910+0000][177.913s][info ][safepoint     ] Entering safepoint region: Cleanup
[2023-10-17T15:08:34.912+0000][177.915s][info ][safepoint     ] Leaving safepoint region
[2023-10-17T15:08:34.913+0000][177.916s][info ][safepoint     ] Total time for which application threads were stopped: 0.0031858 seconds, Stopping threads took: 0.0016301 seconds
[2023-10-17T15:08:35.915+0000][178.918s][debug][safepoint     ] Safepoint synchronization initiated. (167 threads)
[2023-10-17T15:08:35.916+0000][178.920s][info ][safepoint     ] Application time: 1.0018823 seconds
[2023-10-17T15:08:35.917+0000][178.921s][debug][safepoint     ] Waiting for 1 thread(s) to block
[2023-10-17T15:08:35.919+0000][178.922s][info ][safepoint     ] Entering safepoint region: Cleanup
[2023-10-17T15:08:35.921+0000][178.924s][info ][safepoint     ] Leaving safepoint region
[2023-10-17T15:08:35.922+0000][178.925s][info ][safepoint     ] Total time for which application threads were stopped: 0.0043461 seconds, Stopping threads took: 0.0028635 seconds
[2023-10-17T15:08:36.923+0000][179.926s][debug][safepoint     ] Safepoint synchronization initiated. (167 threads)
[2023-10-17T15:08:36.924+0000][179.927s][info ][safepoint     ] Application time: 1.0012126 seconds
[2023-10-17T15:08:36.924+0000][179.928s][info ][safepoint     ] Entering safepoint region: Cleanup
[2023-10-17T15:08:36.925+0000][179.929s][info ][safepoint     ] Leaving safepoint region
[2023-10-17T15:08:36.926+0000][179.929s][info ][safepoint     ] Total time for which application threads were stopped: 0.0014785 seconds, Stopping threads took: 0.0006195 seconds
[2023-10-17T15:08:37.927+0000][180.930s][debug][safepoint     ] Safepoint synchronization initiated. (167 threads)
[2023-10-17T15:08:37.928+0000][180.931s][info ][safepoint     ] Application time: 1.0017256 seconds
[2023-10-17T15:08:37.929+0000][180.932s][info ][safepoint     ] Entering safepoint region: Cleanup
[2023-10-17T15:08:37.930+0000][180.933s][info ][safepoint     ] Leaving safepoint region
[2023-10-17T15:08:37.931+0000][180.934s][info ][safepoint     ] Total time for which application threads were stopped: 0.0022020 seconds, Stopping threads took: 0.0009878 seconds
[2023-10-17T15:08:38.932+0000][181.935s][debug][safepoint     ] Safepoint synchronization initiated. (167 threads)
[2023-10-17T15:08:38.933+0000][181.937s][info ][safepoint     ] Application time: 1.0015270 seconds
[2023-10-17T15:08:38.934+0000][181.937s][info ][safepoint     ] Entering safepoint region: Cleanup
[2023-10-17T15:08:38.935+0000][181.938s][info ][safepoint     ] Leaving safepoint region
[2023-10-17T15:08:38.936+0000][181.939s][info ][safepoint     ] Total time for which application threads were stopped: 0.0015829 seconds, Stopping threads took: 0.0006961 seconds
[2023-10-17T15:08:39.936+0000][182.940s][debug][safepoint     ] Safepoint synchronization initiated. (167 threads)
[2023-10-17T15:08:39.937+0000][182.941s][info ][safepoint     ] Application time: 1.0010627 seconds
[2023-10-17T15:08:39.938+0000][182.941s][info ][safepoint     ] Entering safepoint region: Cleanup
[2023-10-17T15:08:39.939+0000][182.942s][info ][safepoint     ] Leaving safepoint region
[2023-10-17T15:08:39.940+0000][182.943s][info ][safepoint     ] Total time for which application threads were stopped: 0.0020240 seconds, Stopping threads took: 0.0008219 seconds
[2023-10-17T15:09:27.956+0000][230.959s][debug][safepoint     ] Safepoint synchronization initiated. (165 threads)
[2023-10-17T15:09:27.958+0000][230.961s][info ][safepoint     ] Application time: 48.0169527 seconds
[2023-10-17T15:09:27.959+0000][230.962s][info ][safepoint     ] Entering safepoint region: Cleanup
[2023-10-17T15:09:27.960+0000][230.963s][info ][safepoint     ] Leaving safepoint region
[2023-10-17T15:09:27.961+0000][230.965s][info ][safepoint     ] Total time for which application threads were stopped: 0.0028709 seconds, Stopping threads took: 0.0009711 seconds
[2023-10-17T15:09:35.964+0000][238.968s][debug][safepoint     ] Safepoint synchronization initiated. (165 threads)
[2023-10-17T15:09:35.966+0000][238.969s][info ][safepoint     ] Application time: 8.0034309 seconds
[2023-10-17T15:09:35.966+0000][238.970s][info ][safepoint     ] Entering safepoint region: Cleanup
[2023-10-17T15:09:35.967+0000][238.971s][info ][safepoint     ] Leaving safepoint region
[2023-10-17T15:09:35.968+0000][238.971s][info ][safepoint     ] Total time for which application threads were stopped: 0.0017103 seconds, Stopping threads took: 0.0007374 seconds
[2023-10-17T15:09:37.970+0000][240.973s][debug][safepoint     ] Safepoint synchronization initiated. (165 threads)
[2023-10-17T15:09:37.971+0000][240.974s][info ][safepoint     ] Application time: 2.0010700 seconds
[2023-10-17T15:09:37.972+0000][240.975s][info ][safepoint     ] Entering safepoint region: Cleanup
[2023-10-17T15:09:37.974+0000][240.977s][info ][safepoint     ] Leaving safepoint region
[2023-10-17T15:09:37.975+0000][240.978s][info ][safepoint     ] Total time for which application threads were stopped: 0.0033682 seconds, Stopping threads took: 0.0016795 seconds
[2023-10-17T15:10:03.982+0000][266.986s][debug][safepoint     ] Safepoint synchronization initiated. (163 threads)
[2023-10-17T15:10:03.983+0000][266.987s][info ][safepoint     ] Application time: 26.0076446 seconds
[2023-10-17T15:10:03.984+0000][266.987s][info ][safepoint     ] Entering safepoint region: Cleanup
[2023-10-17T15:10:03.985+0000][266.988s][info ][safepoint     ] Leaving safepoint region
[2023-10-17T15:10:03.986+0000][266.989s][info ][safepoint     ] Total time for which application threads were stopped: 0.0016570 seconds, Stopping threads took: 0.0007497 seconds
[2023-10-17T15:10:11.989+0000][274.992s][debug][safepoint     ] Safepoint synchronization initiated. (163 threads)
[2023-10-17T15:10:11.990+0000][274.993s][info ][safepoint     ] Application time: 8.0030410 seconds
[2023-10-17T15:10:11.990+0000][274.994s][info ][safepoint     ] Entering safepoint region: Cleanup
[2023-10-17T15:10:11.991+0000][274.994s][info ][safepoint     ] Leaving safepoint region
[2023-10-17T15:10:11.992+0000][274.995s][info ][safepoint     ] Total time for which application threads were stopped: 0.0016075 seconds, Stopping threads took: 0.0007311 seconds
[2023-10-17T15:10:15.993+0000][278.996s][debug][safepoint     ] Safepoint synchronization initiated. (163 threads)
[2023-10-17T15:10:15.994+0000][278.997s][info ][safepoint     ] Application time: 4.0014102 seconds
[2023-10-17T15:10:15.995+0000][278.998s][info ][safepoint     ] Entering safepoint region: Cleanup
[2023-10-17T15:10:15.996+0000][278.999s][info ][safepoint     ] Leaving safepoint region
[2023-10-17T15:10:15.997+0000][279.000s][info ][safepoint     ] Total time for which application threads were stopped: 0.0019727 seconds, Stopping threads took: 0.0006732 seconds
[2023-10-17T15:10:55.009+0000][318.012s][debug][safepoint     ] Safepoint synchronization initiated. (163 threads)
[2023-10-17T15:10:55.010+0000][318.013s][info ][safepoint     ] Application time: 39.0127408 seconds
[2023-10-17T15:10:55.011+0000][318.014s][info ][safepoint     ] Entering safepoint region: Cleanup
[2023-10-17T15:10:55.012+0000][318.015s][info ][safepoint     ] Leaving safepoint region
[2023-10-17T15:10:55.013+0000][318.016s][info ][safepoint     ] Total time for which application threads were stopped: 0.0016042 seconds, Stopping threads took: 0.0006436 seconds
[2023-10-17T15:11:02.015+0000][325.018s][debug][safepoint     ] Safepoint synchronization initiated. (163 threads)
[2023-10-17T15:11:02.016+0000][325.019s][info ][safepoint     ] Application time: 7.0026892 seconds
[2023-10-17T15:11:02.017+0000][325.020s][info ][safepoint     ] Entering safepoint region: Cleanup
[2023-10-17T15:11:02.018+0000][325.021s][info ][safepoint     ] Leaving safepoint region
[2023-10-17T15:11:02.018+0000][325.021s][info ][safepoint     ] Total time for which application threads were stopped: 0.0015291 seconds, Stopping threads took: 0.0006786 seconds
[2023-10-17T15:11:08.020+0000][331.023s][debug][safepoint     ] Safepoint synchronization initiated. (163 threads)
[2023-10-17T15:11:08.021+0000][331.024s][info ][safepoint     ] Application time: 6.0021360 seconds
[2023-10-17T15:11:08.022+0000][331.025s][info ][safepoint     ] Entering safepoint region: Cleanup
[2023-10-17T15:11:08.023+0000][331.026s][info ][safepoint     ] Leaving safepoint region
[2023-10-17T15:11:08.024+0000][331.027s][info ][safepoint     ] Total time for which application threads were stopped: 0.0025838 seconds, Stopping threads took: 0.0010081 seconds
[2023-10-17T15:11:16.027+0000][339.030s][debug][safepoint     ] Safepoint synchronization initiated. (163 threads)
[2023-10-17T15:11:16.028+0000][339.031s][info ][safepoint     ] Application time: 8.0032784 seconds
[2023-10-17T15:11:16.029+0000][339.032s][info ][safepoint     ] Entering safepoint region: Cleanup
[2023-10-17T15:11:16.031+0000][339.034s][info ][safepoint     ] Leaving safepoint region
[2023-10-17T15:11:16.031+0000][339.035s][info ][safepoint     ] Total time for which application threads were stopped: 0.0022494 seconds, Stopping threads took: 0.0009312 seconds
[2023-10-17T15:11:17.033+0000][340.036s][debug][safepoint     ] Safepoint synchronization initiated. (163 threads)
[2023-10-17T15:11:17.034+0000][340.037s][info ][safepoint     ] Application time: 1.0015656 seconds
[2023-10-17T15:11:17.035+0000][340.038s][info ][safepoint     ] Entering safepoint region: Cleanup
[2023-10-17T15:11:17.037+0000][340.040s][info ][safepoint     ] Leaving safepoint region
[2023-10-17T15:11:17.038+0000][340.041s][info ][safepoint     ] Total time for which application threads were stopped: 0.0029922 seconds, Stopping threads took: 0.0012840 seconds
[2023-10-17T15:11:24.838+0000][347.841s][debug][safepoint     ] Safepoint synchronization initiated. (163 threads)
[2023-10-17T15:11:24.839+0000][347.842s][info ][safepoint     ] Application time: 7.7997307 seconds
[2023-10-17T15:11:24.840+0000][347.843s][info ][safepoint     ] Entering safepoint region: G1CollectForAllocation
[2023-10-17T15:11:24.841+0000][347.845s][info ][gc,start      ] GC(60) Pause Young (Normal) (G1 Evacuation Pause)
[2023-10-17T15:11:24.842+0000][347.845s][info ][gc,task       ] GC(60) Using 8 workers of 8 for evacuation
[2023-10-17T15:11:24.877+0000][347.880s][info ][gc,phases     ] GC(60)   Pre Evacuate Collection Set: 0.1ms
[2023-10-17T15:11:24.878+0000][347.881s][info ][gc,phases     ] GC(60)   Evacuate Collection Set: 24.3ms
[2023-10-17T15:11:24.879+0000][347.882s][info ][gc,phases     ] GC(60)   Post Evacuate Collection Set: 8.9ms
[2023-10-17T15:11:24.880+0000][347.883s][info ][gc,phases     ] GC(60)   Other: 2.2ms
[2023-10-17T15:11:24.880+0000][347.884s][info ][gc,heap       ] GC(60) Eden regions: 218->0(225)
[2023-10-17T15:11:24.881+0000][347.884s][info ][gc,heap       ] GC(60) Survivor regions: 22->13(30)
[2023-10-17T15:11:24.882+0000][347.885s][info ][gc,heap       ] GC(60) Old regions: 143->151
[2023-10-17T15:11:24.883+0000][347.886s][info ][gc,heap       ] GC(60) Humongous regions: 0->0
[2023-10-17T15:11:24.884+0000][347.887s][info ][gc,metaspace  ] GC(60) Metaspace: 166739K(180652K)->166739K(180652K) NonClass: 147259K(158380K)->147259K(158380K) Class: 19479K(22272K)->19479K(22272K)
[2023-10-17T15:11:24.884+0000][347.888s][info ][gc            ] GC(60) Pause Young (Normal) (G1 Evacuation Pause) 380M->162M(450M) 42.987ms
[2023-10-17T15:11:24.885+0000][347.888s][info ][gc,cpu        ] GC(60) User=0.23s Sys=0.00s Real=0.04s
[2023-10-17T15:11:24.886+0000][347.889s][info ][safepoint     ] Leaving safepoint region
[2023-10-17T15:11:24.887+0000][347.890s][info ][safepoint     ] Total time for which application threads were stopped: 0.0470322 seconds, Stopping threads took: 0.0009565 seconds
[2023-10-17T15:11:24.888+0000][347.891s][info ][gc,stringdedup] Concurrent String Deduplication (347.891s)
[2023-10-17T15:11:24.891+0000][347.894s][info ][gc,stringdedup] Concurrent String Deduplication 172.7K->62936.0B(111.2K) avg 53.5% (347.891s, 347.894s) 2.828ms
[2023-10-17T15:11:35.890+0000][358.893s][debug][safepoint     ] Safepoint synchronization initiated. (163 threads)
[2023-10-17T15:11:35.891+0000][358.894s][info ][safepoint     ] Application time: 11.0035235 seconds
[2023-10-17T15:11:35.893+0000][358.896s][info ][safepoint     ] Entering safepoint region: Cleanup
[2023-10-17T15:11:35.894+0000][358.897s][info ][safepoint     ] Leaving safepoint region
[2023-10-17T15:11:35.895+0000][358.898s][info ][safepoint     ] Total time for which application threads were stopped: 0.0022105 seconds, Stopping threads took: 0.0010420 seconds
[2023-10-17T15:11:37.896+0000][360.899s][debug][safepoint     ] Safepoint synchronization initiated. (163 threads)
[2023-10-17T15:11:37.898+0000][360.901s][info ][safepoint     ] Application time: 2.0016881 seconds
[2023-10-17T15:11:37.899+0000][360.902s][info ][safepoint     ] Entering safepoint region: Cleanup
[2023-10-17T15:11:37.900+0000][360.903s][info ][safepoint     ] Leaving safepoint region
[2023-10-17T15:11:37.900+0000][360.903s][info ][safepoint     ] Total time for which application threads were stopped: 0.0017642 seconds, Stopping threads took: 0.0008460 seconds
[2023-10-17T15:11:48.904+0000][371.907s][debug][safepoint     ] Safepoint synchronization initiated. (163 threads)
[2023-10-17T15:11:48.905+0000][371.908s][info ][safepoint     ] Application time: 11.0040676 seconds
[2023-10-17T15:11:48.906+0000][371.909s][info ][safepoint     ] Entering safepoint region: Cleanup
[2023-10-17T15:11:48.908+0000][371.911s][info ][safepoint     ] Leaving safepoint region
[2023-10-17T15:11:48.908+0000][371.912s][info ][safepoint     ] Total time for which application threads were stopped: 0.0022660 seconds, Stopping threads took: 0.0010927 seconds
[2023-10-17T15:11:56.912+0000][379.915s][debug][safepoint     ] Safepoint synchronization initiated. (163 threads)
[2023-10-17T15:11:56.913+0000][379.916s][info ][safepoint     ] Application time: 8.0039111 seconds
[2023-10-17T15:11:56.914+0000][379.917s][info ][safepoint     ] Entering safepoint region: Cleanup
[2023-10-17T15:11:56.915+0000][379.919s][info ][safepoint     ] Leaving safepoint region
[2023-10-17T15:11:56.917+0000][379.920s][info ][safepoint     ] Total time for which application threads were stopped: 0.0030514 seconds, Stopping threads took: 0.0009058 seconds
[2023-10-17T15:11:57.918+0000][380.921s][debug][safepoint     ] Safepoint synchronization initiated. (163 threads)
[2023-10-17T15:11:57.919+0000][380.922s][info ][safepoint     ] Application time: 1.0015432 seconds
[2023-10-17T15:11:57.920+0000][380.924s][info ][safepoint     ] Entering safepoint region: Cleanup
[2023-10-17T15:11:57.922+0000][380.925s][info ][safepoint     ] Leaving safepoint region
[2023-10-17T15:11:57.922+0000][380.926s][info ][safepoint     ] Total time for which application threads were stopped: 0.0020674 seconds, Stopping threads took: 0.0008341 seconds
[2023-10-17T15:12:24.931+0000][407.934s][debug][safepoint     ] Safepoint synchronization initiated. (163 threads)
[2023-10-17T15:12:24.932+0000][407.935s][info ][safepoint     ] Application time: 27.0080888 seconds
[2023-10-17T15:12:24.933+0000][407.937s][info ][safepoint     ] Entering safepoint region: Cleanup
[2023-10-17T15:12:24.934+0000][407.938s][info ][safepoint     ] Leaving safepoint region
[2023-10-17T15:12:24.935+0000][407.938s][info ][safepoint     ] Total time for which application threads were stopped: 0.0016635 seconds, Stopping threads took: 0.0007632 seconds
[2023-10-17T15:12:35.939+0000][418.942s][debug][safepoint     ] Safepoint synchronization initiated. (163 threads)
[2023-10-17T15:12:35.940+0000][418.943s][info ][safepoint     ] Application time: 11.0043212 seconds
[2023-10-17T15:12:35.941+0000][418.944s][info ][safepoint     ] Entering safepoint region: Cleanup
[2023-10-17T15:12:35.943+0000][418.946s][info ][safepoint     ] Leaving safepoint region
[2023-10-17T15:12:35.944+0000][418.947s][info ][safepoint     ] Total time for which application threads were stopped: 0.0030394 seconds, Stopping threads took: 0.0018671 seconds
[2023-10-17T15:13:00.952+0000][443.955s][debug][safepoint     ] Safepoint synchronization initiated. (163 threads)
[2023-10-17T15:13:00.953+0000][443.956s][info ][safepoint     ] Application time: 25.0080362 seconds
[2023-10-17T15:13:00.954+0000][443.957s][info ][safepoint     ] Entering safepoint region: Cleanup
[2023-10-17T15:13:00.955+0000][443.958s][info ][safepoint     ] Leaving safepoint region
[2023-10-17T15:13:00.956+0000][443.960s][info ][safepoint     ] Total time for which application threads were stopped: 0.0026041 seconds, Stopping threads took: 0.0008618 seconds
[2023-10-17T15:13:16.961+0000][459.964s][debug][safepoint     ] Safepoint synchronization initiated. (163 threads)
[2023-10-17T15:13:16.962+0000][459.965s][info ][safepoint     ] Application time: 16.0045353 seconds
[2023-10-17T15:13:16.963+0000][459.966s][info ][safepoint     ] Entering safepoint region: Cleanup
[2023-10-17T15:13:16.965+0000][459.968s][info ][safepoint     ] Leaving safepoint region
[2023-10-17T15:13:16.966+0000][459.970s][info ][safepoint     ] Total time for which application threads were stopped: 0.0031181 seconds, Stopping threads took: 0.0010389 seconds
[2023-10-17T15:14:15.982+0000][518.985s][debug][safepoint     ] Safepoint synchronization initiated. (163 threads)
[2023-10-17T15:14:15.983+0000][518.986s][info ][safepoint     ] Application time: 59.0161966 seconds
[2023-10-17T15:14:15.984+0000][518.987s][info ][safepoint     ] Entering safepoint region: Cleanup
[2023-10-17T15:14:15.985+0000][518.988s][info ][safepoint     ] Leaving safepoint region
[2023-10-17T15:14:15.986+0000][518.989s][info ][safepoint     ] Total time for which application threads were stopped: 0.0019133 seconds, Stopping threads took: 0.0008305 seconds
[2023-10-17T15:14:34.992+0000][537.995s][debug][safepoint     ] Safepoint synchronization initiated. (163 threads)
[2023-10-17T15:14:34.993+0000][537.997s][info ][safepoint     ] Application time: 19.0069347 seconds
[2023-10-17T15:14:34.994+0000][537.997s][info ][safepoint     ] Entering safepoint region: Cleanup
[2023-10-17T15:14:34.995+0000][537.998s][info ][safepoint     ] Leaving safepoint region
[2023-10-17T15:14:34.996+0000][537.999s][info ][safepoint     ] Total time for which application threads were stopped: 0.0017327 seconds, Stopping threads took: 0.0008036 seconds
[2023-10-17T15:14:35.997+0000][539.000s][debug][safepoint     ] Safepoint synchronization initiated. (163 threads)
[2023-10-17T15:14:35.998+0000][539.001s][info ][safepoint     ] Application time: 1.0012756 seconds
[2023-10-17T15:14:35.998+0000][539.002s][info ][safepoint     ] Entering safepoint region: Cleanup
[2023-10-17T15:14:35.999+0000][539.003s][info ][safepoint     ] Leaving safepoint region
[2023-10-17T15:14:36.000+0000][539.003s][info ][safepoint     ] Total time for which application threads were stopped: 0.0016424 seconds, Stopping threads took: 0.0006727 seconds
[2023-10-17T15:15:35.017+0000][598.020s][debug][safepoint     ] Safepoint synchronization initiated. (163 threads)
[2023-10-17T15:15:35.017+0000][598.021s][info ][safepoint     ] Application time: 59.0168364 seconds
[2023-10-17T15:15:35.018+0000][598.022s][info ][safepoint     ] Entering safepoint region: Cleanup
[2023-10-17T15:15:35.019+0000][598.022s][info ][safepoint     ] Leaving safepoint region
[2023-10-17T15:15:35.020+0000][598.023s][info ][safepoint     ] Total time for which application threads were stopped: 0.0015902 seconds, Stopping threads took: 0.0007372 seconds
[2023-10-17T15:15:36.021+0000][599.024s][debug][safepoint     ] Safepoint synchronization initiated. (163 threads)
[2023-10-17T15:15:36.021+0000][599.025s][info ][safepoint     ] Application time: 1.0009305 seconds
[2023-10-17T15:15:36.022+0000][599.025s][info ][safepoint     ] Entering safepoint region: Cleanup
[2023-10-17T15:15:36.023+0000][599.026s][info ][safepoint     ] Leaving safepoint region
[2023-10-17T15:15:36.023+0000][599.027s][info ][safepoint     ] Total time for which application threads were stopped: 0.0013866 seconds, Stopping threads took: 0.0005919 seconds
[2023-10-17T15:15:38.024+0000][601.027s][debug][safepoint     ] Safepoint synchronization initiated. (163 threads)
[2023-10-17T15:15:38.025+0000][601.028s][info ][safepoint     ] Application time: 2.0011389 seconds
[2023-10-17T15:15:38.025+0000][601.029s][info ][safepoint     ] Entering safepoint region: Cleanup
[2023-10-17T15:15:38.027+0000][601.030s][info ][safepoint     ] Leaving safepoint region
[2023-10-17T15:15:38.027+0000][601.031s][info ][safepoint     ] Total time for which application threads were stopped: 0.0018142 seconds, Stopping threads took: 0.0008597 seconds
[2023-10-17T15:15:38.890+0000][601.894s][debug][safepoint     ] Safepoint synchronization initiated. (163 threads)
[2023-10-17T15:15:38.891+0000][601.894s][info ][safepoint     ] Application time: 0.8630095 seconds
[2023-10-17T15:15:38.892+0000][601.895s][info ][safepoint     ] Entering safepoint region: G1CollectForAllocation
[2023-10-17T15:15:38.892+0000][601.896s][info ][gc,start      ] GC(61) Pause Young (Normal) (G1 Evacuation Pause)
[2023-10-17T15:15:38.893+0000][601.896s][info ][gc,task       ] GC(61) Using 8 workers of 8 for evacuation
[2023-10-17T15:15:38.924+0000][601.928s][info ][gc,phases     ] GC(61)   Pre Evacuate Collection Set: 0.0ms
[2023-10-17T15:15:38.925+0000][601.928s][info ][gc,phases     ] GC(61)   Evacuate Collection Set: 25.1ms
[2023-10-17T15:15:38.925+0000][601.929s][info ][gc,phases     ] GC(61)   Post Evacuate Collection Set: 5.0ms
[2023-10-17T15:15:38.926+0000][601.929s][info ][gc,phases     ] GC(61)   Other: 1.6ms
[2023-10-17T15:15:38.926+0000][601.930s][info ][gc,heap       ] GC(61) Eden regions: 225->0(227)
[2023-10-17T15:15:38.927+0000][601.930s][info ][gc,heap       ] GC(61) Survivor regions: 13->13(30)
[2023-10-17T15:15:38.928+0000][601.931s][info ][gc,heap       ] GC(61) Old regions: 151->151
[2023-10-17T15:15:38.928+0000][601.932s][info ][gc,heap       ] GC(61) Humongous regions: 0->0
[2023-10-17T15:15:38.929+0000][601.932s][info ][gc,metaspace  ] GC(61) Metaspace: 166855K(180908K)->166855K(180908K) NonClass: 147373K(158636K)->147373K(158636K) Class: 19481K(22272K)->19481K(22272K)
[2023-10-17T15:15:38.929+0000][601.933s][info ][gc            ] GC(61) Pause Young (Normal) (G1 Evacuation Pause) 387M->162M(450M) 36.947ms
[2023-10-17T15:15:38.930+0000][601.933s][info ][gc,cpu        ] GC(61) User=0.19s Sys=0.03s Real=0.04s
[2023-10-17T15:15:38.931+0000][601.934s][info ][safepoint     ] Leaving safepoint region
[2023-10-17T15:15:38.932+0000][601.935s][info ][safepoint     ] Total time for which application threads were stopped: 0.0399374 seconds, Stopping threads took: 0.0005393 seconds
[2023-10-17T15:15:38.932+0000][601.936s][info ][gc,stringdedup] Concurrent String Deduplication (601.936s)
[2023-10-17T15:15:38.937+0000][601.941s][info ][gc,stringdedup] Concurrent String Deduplication 445.1K->246.1K(199.0K) avg 53.3% (601.936s, 601.941s) 4.993ms
[2023-10-17T15:15:49.935+0000][612.938s][debug][safepoint     ] Safepoint synchronization initiated. (163 threads)
[2023-10-17T15:15:49.936+0000][612.939s][info ][safepoint     ] Application time: 11.0037340 seconds
[2023-10-17T15:15:49.937+0000][612.940s][info ][safepoint     ] Entering safepoint region: Cleanup
[2023-10-17T15:15:49.938+0000][612.941s][info ][safepoint     ] Leaving safepoint region
[2023-10-17T15:15:49.938+0000][612.942s][info ][safepoint     ] Total time for which application threads were stopped: 0.0019362 seconds, Stopping threads took: 0.0008994 seconds
[2023-10-17T15:15:50.940+0000][613.943s][debug][safepoint     ] Safepoint synchronization initiated. (163 threads)
[2023-10-17T15:15:50.940+0000][613.944s][info ][safepoint     ] Application time: 1.0010692 seconds
[2023-10-17T15:15:50.941+0000][613.944s][info ][safepoint     ] Entering safepoint region: Cleanup
[2023-10-17T15:15:50.942+0000][613.945s][info ][safepoint     ] Leaving safepoint region
[2023-10-17T15:15:50.942+0000][613.946s][info ][safepoint     ] Total time for which application threads were stopped: 0.0015052 seconds, Stopping threads took: 0.0006578 seconds
[2023-10-17T15:16:00.946+0000][623.949s][debug][safepoint     ] Safepoint synchronization initiated. (163 threads)
[2023-10-17T15:16:00.947+0000][623.950s][info ][safepoint     ] Application time: 10.0038268 seconds
[2023-10-17T15:16:00.948+0000][623.952s][info ][safepoint     ] Entering safepoint region: Cleanup
[2023-10-17T15:16:00.950+0000][623.953s][info ][safepoint     ] Leaving safepoint region
[2023-10-17T15:16:00.951+0000][623.954s][info ][safepoint     ] Total time for which application threads were stopped: 0.0026273 seconds, Stopping threads took: 0.0010740 seconds
[2023-10-17T15:16:03.953+0000][626.956s][debug][safepoint     ] Safepoint synchronization initiated. (163 threads)
[2023-10-17T15:16:03.954+0000][626.957s][info ][safepoint     ] Application time: 3.0021575 seconds
[2023-10-17T15:16:03.954+0000][626.958s][debug][safepoint     ] ... found polling page return exception at pc = 0x00007f226869831d, stub =0x00007f2260840600
[2023-10-17T15:16:03.955+0000][626.959s][debug][safepoint     ] Waiting for 1 thread(s) to block
[2023-10-17T15:16:03.956+0000][626.959s][info ][safepoint     ] Entering safepoint region: Cleanup
[2023-10-17T15:16:03.957+0000][626.961s][info ][safepoint     ] Leaving safepoint region
[2023-10-17T15:16:03.958+0000][626.961s][info ][safepoint     ] Total time for which application threads were stopped: 0.0032944 seconds, Stopping threads took: 0.0022793 seconds
[2023-10-17T15:16:10.960+0000][633.964s][debug][safepoint     ] Safepoint synchronization initiated. (163 threads)
[2023-10-17T15:16:10.961+0000][633.965s][info ][safepoint     ] Application time: 7.0027294 seconds
[2023-10-17T15:16:10.962+0000][633.966s][info ][safepoint     ] Entering safepoint region: Cleanup
[2023-10-17T15:16:10.963+0000][633.967s][info ][safepoint     ] Leaving safepoint region
[2023-10-17T15:16:10.964+0000][633.968s][info ][safepoint     ] Total time for which application threads were stopped: 0.0021183 seconds, Stopping threads took: 0.0009501 seconds
[2023-10-17T15:16:34.971+0000][657.975s][debug][safepoint     ] Safepoint synchronization initiated. (163 threads)
[2023-10-17T15:16:34.972+0000][657.975s][info ][safepoint     ] Application time: 24.0068390 seconds
[2023-10-17T15:16:34.973+0000][657.976s][info ][safepoint     ] Entering safepoint region: Cleanup
[2023-10-17T15:16:34.973+0000][657.977s][info ][safepoint     ] Leaving safepoint region
[2023-10-17T15:16:34.974+0000][657.978s][info ][safepoint     ] Total time for which application threads were stopped: 0.0015817 seconds, Stopping threads took: 0.0006836 seconds
[2023-10-17T15:16:35.975+0000][658.978s][debug][safepoint     ] Safepoint synchronization initiated. (163 threads)
[2023-10-17T15:16:35.976+0000][658.979s][info ][safepoint     ] Application time: 1.0011625 seconds
[2023-10-17T15:16:35.977+0000][658.980s][info ][safepoint     ] Entering safepoint region: Cleanup
[2023-10-17T15:16:35.978+0000][658.982s][info ][safepoint     ] Leaving safepoint region
[2023-10-17T15:16:35.979+0000][658.983s][info ][safepoint     ] Total time for which application threads were stopped: 0.0024785 seconds, Stopping threads took: 0.0008450 seconds
[2023-10-17T15:16:37.981+0000][660.984s][debug][safepoint     ] Safepoint synchronization initiated. (163 threads)
[2023-10-17T15:16:37.982+0000][660.985s][info ][safepoint     ] Application time: 2.0016039 seconds
[2023-10-17T15:16:37.983+0000][660.986s][info ][safepoint     ] Entering safepoint region: Cleanup
[2023-10-17T15:16:37.985+0000][660.988s][info ][safepoint     ] Leaving safepoint region
[2023-10-17T15:16:37.986+0000][660.989s][info ][safepoint     ] Total time for which application threads were stopped: 0.0028243 seconds, Stopping threads took: 0.0012278 seconds
[2023-10-17T15:16:47.989+0000][670.993s][debug][safepoint     ] Safepoint synchronization initiated. (163 threads)
[2023-10-17T15:16:47.991+0000][670.994s][info ][safepoint     ] Application time: 10.0042761 seconds
[2023-10-17T15:16:47.992+0000][670.995s][info ][safepoint     ] Entering safepoint region: Cleanup
[2023-10-17T15:16:47.993+0000][670.996s][info ][safepoint     ] Leaving safepoint region
[2023-10-17T15:16:47.994+0000][670.997s][info ][safepoint     ] Total time for which application threads were stopped: 0.0020175 seconds, Stopping threads took: 0.0008934 seconds
[2023-10-17T15:17:01.998+0000][685.001s][debug][safepoint     ] Safepoint synchronization initiated. (163 threads)
[2023-10-17T15:17:01.999+0000][685.003s][info ][safepoint     ] Application time: 14.0048296 seconds
[2023-10-17T15:17:02.000+0000][685.004s][info ][safepoint     ] Entering safepoint region: Cleanup
[2023-10-17T15:17:02.001+0000][685.005s][info ][safepoint     ] Leaving safepoint region
[2023-10-17T15:17:02.002+0000][685.005s][info ][safepoint     ] Total time for which application threads were stopped: 0.0017916 seconds, Stopping threads took: 0.0006324 seconds
[2023-10-17T15:17:36.011+0000][719.015s][debug][safepoint     ] Safepoint synchronization initiated. (163 threads)
[2023-10-17T15:17:36.012+0000][719.016s][info ][safepoint     ] Application time: 34.0097032 seconds
[2023-10-17T15:17:36.013+0000][719.017s][info ][safepoint     ] Entering safepoint region: Cleanup
[2023-10-17T15:17:36.014+0000][719.017s][info ][safepoint     ] Leaving safepoint region
[2023-10-17T15:17:36.014+0000][719.018s][info ][safepoint     ] Total time for which application threads were stopped: 0.0011859 seconds, Stopping threads took: 0.0004982 seconds
[2023-10-17T15:18:14.023+0000][757.027s][debug][safepoint     ] Safepoint synchronization initiated. (163 threads)
[2023-10-17T15:18:14.024+0000][757.027s][info ][safepoint     ] Application time: 38.0092238 seconds
[2023-10-17T15:18:14.025+0000][757.028s][info ][safepoint     ] Entering safepoint region: Cleanup
[2023-10-17T15:18:14.027+0000][757.030s][info ][safepoint     ] Leaving safepoint region
[2023-10-17T15:18:14.027+0000][757.030s][debug][safepoint     ] ... found polling page return exception at pc = 0x00007f2268ba4744, stub =0x00007f2260840600
[2023-10-17T15:18:14.027+0000][757.030s][debug][safepoint     ] ... found polling page return exception at pc = 0x00007f2268ba4744, stub =0x00007f2260840600
[2023-10-17T15:18:14.027+0000][757.030s][debug][safepoint     ] ... found polling page return exception at pc = 0x00007f2268ba4744, stub =0x00007f2260840600
[2023-10-17T15:18:14.027+0000][757.030s][debug][safepoint     ] ... found polling page return exception at pc = 0x00007f2268ba4744, stub =0x00007f2260840600
[2023-10-17T15:18:14.027+0000][757.030s][debug][safepoint     ] ... found polling page loop exception at pc = 0x00007f2268370e17, stub =0x00007f2260843680
[2023-10-17T15:18:14.027+0000][757.031s][info ][safepoint     ] Total time for which application threads were stopped: 0.0024917 seconds, Stopping threads took: 0.0017244 seconds
[2023-10-17T15:18:36.037+0000][779.040s][debug][safepoint     ] Safepoint synchronization initiated. (163 threads)
[2023-10-17T15:18:36.038+0000][779.041s][info ][safepoint     ] Application time: 22.0063069 seconds
[2023-10-17T15:18:36.038+0000][779.042s][info ][safepoint     ] Entering safepoint region: Cleanup
[2023-10-17T15:18:36.039+0000][779.043s][info ][safepoint     ] Leaving safepoint region
[2023-10-17T15:18:36.040+0000][779.043s][info ][safepoint     ] Total time for which application threads were stopped: 0.0014130 seconds, Stopping threads took: 0.0005559 seconds
[2023-10-17T15:18:56.044+0000][799.048s][debug][safepoint     ] Safepoint synchronization initiated. (163 threads)
[2023-10-17T15:18:56.045+0000][799.048s][info ][safepoint     ] Application time: 20.0046890 seconds
[2023-10-17T15:18:56.046+0000][799.049s][info ][safepoint     ] Entering safepoint region: Cleanup
[2023-10-17T15:18:56.046+0000][799.050s][info ][safepoint     ] Leaving safepoint region
[2023-10-17T15:18:56.047+0000][799.050s][info ][safepoint     ] Total time for which application threads were stopped: 0.0012986 seconds, Stopping threads took: 0.0005962 seconds
[2023-10-17T15:19:09.050+0000][812.054s][debug][safepoint     ] Safepoint synchronization initiated. (163 threads)
[2023-10-17T15:19:09.051+0000][812.055s][info ][safepoint     ] Application time: 13.0041188 seconds
[2023-10-17T15:19:09.052+0000][812.056s][info ][safepoint     ] Entering safepoint region: Cleanup
[2023-10-17T15:19:09.053+0000][812.057s][info ][safepoint     ] Leaving safepoint region
[2023-10-17T15:19:09.054+0000][812.057s][info ][safepoint     ] Total time for which application threads were stopped: 0.0016148 seconds, Stopping threads took: 0.0007542 seconds
[2023-10-17T15:19:36.060+0000][839.063s][debug][safepoint     ] Safepoint synchronization initiated. (163 threads)
[2023-10-17T15:19:36.061+0000][839.064s][info ][safepoint     ] Application time: 27.0065963 seconds
[2023-10-17T15:19:36.061+0000][839.065s][info ][safepoint     ] Entering safepoint region: Cleanup
[2023-10-17T15:19:36.062+0000][839.066s][info ][safepoint     ] Leaving safepoint region
[2023-10-17T15:19:36.063+0000][839.066s][info ][safepoint     ] Total time for which application threads were stopped: 0.0012418 seconds, Stopping threads took: 0.0005545 seconds
