[2023-10-17T14:01:07.010+0000][0.070s][info][gc,heap] Heap region size: 1M
[2023-10-17T14:01:07.017+0000][0.077s][info][gc     ] Using G1
[2023-10-17T14:01:07.018+0000][0.078s][info][gc,heap,coops] Heap address: 0x0000000085a00000, size: 1958 MB, Compressed Oops mode: 32-bit
[2023-10-17T14:01:07.019+0000][0.079s][info][gc,cds       ] Mark closed archive regions in map: [0x00000000ffc00000, 0x00000000ffc6aff8]
[2023-10-17T14:01:07.020+0000][0.080s][info][gc,cds       ] Mark open archive regions in map: [0x00000000ff800000, 0x00000000ff847ff8]
[2023-10-17T14:01:07.084+0000][0.144s][debug][safepoint    ] Safepoint synchronization initiated. (9 threads)
[2023-10-17T14:01:07.088+0000][0.148s][info ][safepoint    ] Application time: 0.0346737 seconds
[2023-10-17T14:01:07.089+0000][0.149s][info ][safepoint    ] Entering safepoint region: Deoptimize
[2023-10-17T14:01:07.090+0000][0.150s][info ][safepoint    ] Leaving safepoint region
[2023-10-17T14:01:07.091+0000][0.151s][info ][safepoint    ] Total time for which application threads were stopped: 0.0017662 seconds, Stopping threads took: 0.0007780 seconds
[2023-10-17T14:01:07.533+0000][0.593s][debug][safepoint    ] Safepoint synchronization initiated. (11 threads)
[2023-10-17T14:01:07.534+0000][0.594s][info ][safepoint    ] Application time: 0.4428864 seconds
[2023-10-17T14:01:07.535+0000][0.595s][info ][safepoint    ] Entering safepoint region: G1CollectForAllocation
[2023-10-17T14:01:07.535+0000][0.595s][info ][gc,start     ] GC(0) Pause Young (Normal) (G1 Evacuation Pause)
[2023-10-17T14:01:07.536+0000][0.596s][info ][gc,task      ] GC(0) Using 3 workers of 8 for evacuation
[2023-10-17T14:01:07.544+0000][0.604s][info ][gc,phases    ] GC(0)   Pre Evacuate Collection Set: 0.0ms
[2023-10-17T14:01:07.545+0000][0.605s][info ][gc,phases    ] GC(0)   Evacuate Collection Set: 6.6ms
[2023-10-17T14:01:07.545+0000][0.605s][info ][gc,phases    ] GC(0)   Post Evacuate Collection Set: 0.9ms
[2023-10-17T14:01:07.546+0000][0.605s][info ][gc,phases    ] GC(0)   Other: 1.3ms
[2023-10-17T14:01:07.546+0000][0.606s][info ][gc,heap      ] GC(0) Eden regions: 59->0(66)
[2023-10-17T14:01:07.546+0000][0.606s][info ][gc,heap      ] GC(0) Survivor regions: 0->8(8)
[2023-10-17T14:01:07.547+0000][0.606s][info ][gc,heap      ] GC(0) Old regions: 2->2
[2023-10-17T14:01:07.547+0000][0.607s][info ][gc,heap      ] GC(0) Humongous regions: 2->0
[2023-10-17T14:01:07.547+0000][0.607s][info ][gc,metaspace ] GC(0) Metaspace: 2374K(5760K)->2374K(5760K) NonClass: 2173K(5120K)->2173K(5120K) Class: 201K(640K)->201K(640K)
[2023-10-17T14:01:07.548+0000][0.608s][info ][gc           ] GC(0) Pause Young (Normal) (G1 Evacuation Pause) 61M->8M(126M) 12.256ms
[2023-10-17T14:01:07.548+0000][0.608s][info ][gc,cpu       ] GC(0) User=0.05s Sys=0.00s Real=0.01s
[2023-10-17T14:01:07.548+0000][0.608s][info ][safepoint    ] Leaving safepoint region
[2023-10-17T14:01:07.549+0000][0.609s][info ][safepoint    ] Total time for which application threads were stopped: 0.0140365 seconds, Stopping threads took: 0.0003743 seconds
[2023-10-17T14:01:07.634+0000][0.694s][debug][safepoint    ] Safepoint synchronization initiated. (11 threads)
[2023-10-17T14:01:07.634+0000][0.694s][info ][safepoint    ] Application time: 0.0849793 seconds
[2023-10-17T14:01:07.635+0000][0.695s][info ][safepoint    ] Entering safepoint region: Deoptimize
[2023-10-17T14:01:07.635+0000][0.695s][info ][safepoint    ] Leaving safepoint region
[2023-10-17T14:01:07.636+0000][0.696s][info ][safepoint    ] Total time for which application threads were stopped: 0.0010216 seconds, Stopping threads took: 0.0003969 seconds
[2023-10-17T14:01:07.643+0000][0.702s][debug][safepoint    ] Safepoint synchronization initiated. (11 threads)
[2023-10-17T14:01:07.643+0000][0.703s][info ][safepoint    ] Application time: 0.0070816 seconds
[2023-10-17T14:01:07.644+0000][0.703s][info ][safepoint    ] Entering safepoint region: Deoptimize
[2023-10-17T14:01:07.644+0000][0.704s][info ][safepoint    ] Leaving safepoint region
[2023-10-17T14:01:07.645+0000][0.705s][info ][safepoint    ] Total time for which application threads were stopped: 0.0011938 seconds, Stopping threads took: 0.0004753 seconds
[2023-10-17T14:01:07.717+0000][0.777s][debug][safepoint    ] Safepoint synchronization initiated. (11 threads)
[2023-10-17T14:01:07.717+0000][0.777s][info ][safepoint    ] Application time: 0.0719969 seconds
[2023-10-17T14:01:07.718+0000][0.778s][info ][safepoint    ] Entering safepoint region: Deoptimize
[2023-10-17T14:01:07.719+0000][0.779s][info ][safepoint    ] Leaving safepoint region
[2023-10-17T14:01:07.720+0000][0.780s][info ][safepoint    ] Total time for which application threads were stopped: 0.0022106 seconds, Stopping threads took: 0.0008464 seconds
[2023-10-17T14:01:07.733+0000][0.792s][debug][safepoint    ] Safepoint synchronization initiated. (11 threads)
[2023-10-17T14:01:07.733+0000][0.793s][info ][safepoint    ] Application time: 0.0129257 seconds
[2023-10-17T14:01:07.734+0000][0.794s][info ][safepoint    ] Entering safepoint region: Deoptimize
[2023-10-17T14:01:07.735+0000][0.795s][info ][safepoint    ] Leaving safepoint region
[2023-10-17T14:01:07.735+0000][0.795s][info ][safepoint    ] Total time for which application threads were stopped: 0.0012922 seconds, Stopping threads took: 0.0005075 seconds
[2023-10-17T14:01:07.920+0000][0.980s][debug][safepoint    ] Safepoint synchronization initiated. (12 threads)
[2023-10-17T14:01:07.921+0000][0.981s][info ][safepoint    ] Application time: 0.1851820 seconds
[2023-10-17T14:01:07.921+0000][0.981s][info ][safepoint    ] Entering safepoint region: G1CollectForAllocation
[2023-10-17T14:01:07.922+0000][0.982s][info ][gc,start     ] GC(1) Pause Young (Normal) (G1 Evacuation Pause)
[2023-10-17T14:01:07.922+0000][0.982s][info ][gc,task      ] GC(1) Using 3 workers of 8 for evacuation
[2023-10-17T14:01:07.934+0000][0.994s][info ][gc,phases    ] GC(1)   Pre Evacuate Collection Set: 0.0ms
[2023-10-17T14:01:07.935+0000][0.995s][info ][gc,phases    ] GC(1)   Evacuate Collection Set: 9.7ms
[2023-10-17T14:01:07.935+0000][0.995s][info ][gc,phases    ] GC(1)   Post Evacuate Collection Set: 1.7ms
[2023-10-17T14:01:07.936+0000][0.996s][info ][gc,phases    ] GC(1)   Other: 1.0ms
[2023-10-17T14:01:07.936+0000][0.996s][info ][gc,heap      ] GC(1) Eden regions: 66->0(69)
[2023-10-17T14:01:07.936+0000][0.996s][info ][gc,heap      ] GC(1) Survivor regions: 8->2(10)
[2023-10-17T14:01:07.937+0000][0.997s][info ][gc,heap      ] GC(1) Old regions: 2->10
[2023-10-17T14:01:07.937+0000][0.997s][info ][gc,heap      ] GC(1) Humongous regions: 0->0
[2023-10-17T14:01:07.938+0000][0.997s][info ][gc,metaspace ] GC(1) Metaspace: 5156K(7424K)->5156K(7424K) NonClass: 4602K(6656K)->4602K(6656K) Class: 553K(768K)->553K(768K)
[2023-10-17T14:01:07.938+0000][0.998s][info ][gc           ] GC(1) Pause Young (Normal) (G1 Evacuation Pause) 74M->9M(126M) 16.092ms
[2023-10-17T14:01:07.938+0000][0.998s][info ][gc,cpu       ] GC(1) User=0.07s Sys=0.00s Real=0.01s
[2023-10-17T14:01:07.939+0000][0.999s][info ][safepoint    ] Leaving safepoint region
[2023-10-17T14:01:07.939+0000][0.999s][info ][safepoint    ] Total time for which application threads were stopped: 0.0180800 seconds, Stopping threads took: 0.0004534 seconds
[2023-10-17T14:01:07.940+0000][1.000s][info ][gc,stringdedup] Concurrent String Deduplication (1.000s)
[2023-10-17T14:01:07.960+0000][1.019s][info ][gc,stringdedup] Concurrent String Deduplication 2182.4K->2008.3K(174.1K) avg 7.1% (1.000s, 1.019s) 19.708ms
[2023-10-17T14:01:08.342+0000][1.402s][debug][safepoint     ] Safepoint synchronization initiated. (12 threads)
[2023-10-17T14:01:08.342+0000][1.402s][info ][safepoint     ] Application time: 0.4024800 seconds
[2023-10-17T14:01:08.343+0000][1.403s][info ][safepoint     ] Entering safepoint region: G1CollectForAllocation
[2023-10-17T14:01:08.343+0000][1.403s][info ][gc,start      ] GC(2) Pause Young (Normal) (G1 Evacuation Pause)
[2023-10-17T14:01:08.344+0000][1.404s][info ][gc,task       ] GC(2) Using 3 workers of 8 for evacuation
[2023-10-17T14:01:08.350+0000][1.410s][info ][gc,phases     ] GC(2)   Pre Evacuate Collection Set: 0.0ms
[2023-10-17T14:01:08.351+0000][1.410s][info ][gc,phases     ] GC(2)   Evacuate Collection Set: 4.0ms
[2023-10-17T14:01:08.351+0000][1.411s][info ][gc,phases     ] GC(2)   Post Evacuate Collection Set: 1.6ms
[2023-10-17T14:01:08.352+0000][1.412s][info ][gc,phases     ] GC(2)   Other: 1.0ms
[2023-10-17T14:01:08.352+0000][1.412s][info ][gc,heap       ] GC(2) Eden regions: 69->0(72)
[2023-10-17T14:01:08.353+0000][1.413s][info ][gc,heap       ] GC(2) Survivor regions: 2->2(9)
[2023-10-17T14:01:08.353+0000][1.413s][info ][gc,heap       ] GC(2) Old regions: 10->10
[2023-10-17T14:01:08.354+0000][1.414s][info ][gc,heap       ] GC(2) Humongous regions: 0->0
[2023-10-17T14:01:08.355+0000][1.415s][info ][gc,metaspace  ] GC(2) Metaspace: 7233K(9088K)->7233K(9088K) NonClass: 6402K(7936K)->6402K(7936K) Class: 830K(1152K)->830K(1152K)
[2023-10-17T14:01:08.356+0000][1.416s][info ][gc            ] GC(2) Pause Young (Normal) (G1 Evacuation Pause) 78M->10M(126M) 12.529ms
[2023-10-17T14:01:08.356+0000][1.416s][info ][gc,cpu        ] GC(2) User=0.04s Sys=0.00s Real=0.01s
[2023-10-17T14:01:08.357+0000][1.417s][info ][safepoint     ] Leaving safepoint region
[2023-10-17T14:01:08.357+0000][1.417s][info ][safepoint     ] Total time for which application threads were stopped: 0.0146734 seconds, Stopping threads took: 0.0004232 seconds
[2023-10-17T14:01:08.718+0000][1.778s][debug][safepoint     ] Safepoint synchronization initiated. (12 threads)
[2023-10-17T14:01:08.718+0000][1.778s][info ][safepoint     ] Application time: 0.3605129 seconds
[2023-10-17T14:01:08.719+0000][1.779s][info ][safepoint     ] Entering safepoint region: G1CollectForAllocation
[2023-10-17T14:01:08.720+0000][1.779s][info ][gc,start      ] GC(3) Pause Young (Normal) (G1 Evacuation Pause)
[2023-10-17T14:01:08.720+0000][1.780s][info ][gc,task       ] GC(3) Using 3 workers of 8 for evacuation
[2023-10-17T14:01:08.726+0000][1.786s][info ][gc,phases     ] GC(3)   Pre Evacuate Collection Set: 0.0ms
[2023-10-17T14:01:08.726+0000][1.786s][info ][gc,phases     ] GC(3)   Evacuate Collection Set: 3.5ms
[2023-10-17T14:01:08.727+0000][1.787s][info ][gc,phases     ] GC(3)   Post Evacuate Collection Set: 1.4ms
[2023-10-17T14:01:08.727+0000][1.787s][info ][gc,phases     ] GC(3)   Other: 1.2ms
[2023-10-17T14:01:08.728+0000][1.788s][info ][gc,heap       ] GC(3) Eden regions: 72->0(71)
[2023-10-17T14:01:08.728+0000][1.788s][info ][gc,heap       ] GC(3) Survivor regions: 2->3(10)
[2023-10-17T14:01:08.729+0000][1.788s][info ][gc,heap       ] GC(3) Old regions: 10->10
[2023-10-17T14:01:08.729+0000][1.789s][info ][gc,heap       ] GC(3) Humongous regions: 0->0
[2023-10-17T14:01:08.730+0000][1.790s][info ][gc,metaspace  ] GC(3) Metaspace: 10375K(11776K)->10375K(11776K) NonClass: 9100K(10240K)->9100K(10240K) Class: 1274K(1536K)->1274K(1536K)
[2023-10-17T14:01:08.731+0000][1.791s][info ][gc            ] GC(3) Pause Young (Normal) (G1 Evacuation Pause) 82M->11M(126M) 11.761ms
[2023-10-17T14:01:08.732+0000][1.792s][info ][gc,cpu        ] GC(3) User=0.02s Sys=0.01s Real=0.02s
[2023-10-17T14:01:08.733+0000][1.792s][info ][safepoint     ] Leaving safepoint region
[2023-10-17T14:01:08.733+0000][1.793s][info ][safepoint     ] Total time for which application threads were stopped: 0.0144761 seconds, Stopping threads took: 0.0005633 seconds
[2023-10-17T14:01:08.734+0000][1.794s][info ][gc,stringdedup] Concurrent String Deduplication (1.794s)
[2023-10-17T14:01:08.737+0000][1.797s][info ][gc,stringdedup] Concurrent String Deduplication 55072.0B->21904.0B(33168.0B) avg 8.2% (1.794s, 1.797s) 2.461ms
[2023-10-17T14:01:08.908+0000][1.968s][debug][safepoint     ] Safepoint synchronization initiated. (12 threads)
[2023-10-17T14:01:08.909+0000][1.969s][info ][safepoint     ] Application time: 0.1746593 seconds
[2023-10-17T14:01:08.909+0000][1.969s][info ][safepoint     ] Entering safepoint region: Deoptimize
[2023-10-17T14:01:08.910+0000][1.970s][info ][safepoint     ] Leaving safepoint region
[2023-10-17T14:01:08.911+0000][1.970s][info ][safepoint     ] Total time for which application threads were stopped: 0.0013836 seconds, Stopping threads took: 0.0003986 seconds
[2023-10-17T14:01:09.017+0000][2.077s][debug][safepoint     ] Safepoint synchronization initiated. (12 threads)
[2023-10-17T14:01:09.017+0000][2.077s][info ][safepoint     ] Application time: 0.1062604 seconds
[2023-10-17T14:01:09.018+0000][2.078s][info ][safepoint     ] Entering safepoint region: ICBufferFull
[2023-10-17T14:01:09.018+0000][2.078s][info ][safepoint     ] Leaving safepoint region
[2023-10-17T14:01:09.019+0000][2.079s][info ][safepoint     ] Total time for which application threads were stopped: 0.0009935 seconds, Stopping threads took: 0.0004038 seconds
[2023-10-17T14:01:09.054+0000][2.114s][debug][safepoint     ] Safepoint synchronization initiated. (11 threads)
[2023-10-17T14:01:09.054+0000][2.114s][info ][safepoint     ] Application time: 0.0354001 seconds
[2023-10-17T14:01:09.055+0000][2.115s][info ][safepoint     ] Entering safepoint region: G1CollectForAllocation
[2023-10-17T14:01:09.056+0000][2.115s][info ][gc,start      ] GC(4) Pause Young (Normal) (G1 Evacuation Pause)
[2023-10-17T14:01:09.056+0000][2.116s][info ][gc,task       ] GC(4) Using 3 workers of 8 for evacuation
[2023-10-17T14:01:09.066+0000][2.126s][info ][gc,phases     ] GC(4)   Pre Evacuate Collection Set: 0.0ms
[2023-10-17T14:01:09.066+0000][2.126s][info ][gc,phases     ] GC(4)   Evacuate Collection Set: 7.5ms
[2023-10-17T14:01:09.067+0000][2.127s][info ][gc,phases     ] GC(4)   Post Evacuate Collection Set: 1.9ms
[2023-10-17T14:01:09.067+0000][2.127s][info ][gc,phases     ] GC(4)   Other: 0.8ms
[2023-10-17T14:01:09.067+0000][2.127s][info ][gc,heap       ] GC(4) Eden regions: 71->0(82)
[2023-10-17T14:01:09.068+0000][2.127s][info ][gc,heap       ] GC(4) Survivor regions: 3->5(10)
[2023-10-17T14:01:09.068+0000][2.128s][info ][gc,heap       ] GC(4) Old regions: 10->10
[2023-10-17T14:01:09.068+0000][2.128s][info ][gc,heap       ] GC(4) Humongous regions: 0->0
[2023-10-17T14:01:09.068+0000][2.128s][info ][gc,metaspace  ] GC(4) Metaspace: 12111K(13056K)->12111K(13056K) NonClass: 10616K(11264K)->10616K(11264K) Class: 1495K(1792K)->1495K(1792K)
[2023-10-17T14:01:09.069+0000][2.129s][info ][gc            ] GC(4) Pause Young (Normal) (G1 Evacuation Pause) 82M->13M(152M) 13.267ms
[2023-10-17T14:01:09.069+0000][2.129s][info ][gc,cpu        ] GC(4) User=0.03s Sys=0.00s Real=0.01s
[2023-10-17T14:01:09.069+0000][2.129s][info ][safepoint     ] Leaving safepoint region
[2023-10-17T14:01:09.070+0000][2.130s][info ][safepoint     ] Total time for which application threads were stopped: 0.0147296 seconds, Stopping threads took: 0.0003952 seconds
[2023-10-17T14:01:09.070+0000][2.130s][info ][gc,stringdedup] Concurrent String Deduplication (2.130s)
[2023-10-17T14:01:09.072+0000][2.132s][info ][gc,stringdedup] Concurrent String Deduplication 114.4K->35848.0B(81312.0B) avg 10.9% (2.130s, 2.132s) 2.277ms
[2023-10-17T14:01:09.377+0000][2.437s][debug][safepoint     ] Safepoint synchronization initiated. (14 threads)
[2023-10-17T14:01:09.378+0000][2.438s][info ][safepoint     ] Application time: 0.3080578 seconds
[2023-10-17T14:01:09.379+0000][2.439s][debug][safepoint     ] ... found polling page loop exception at pc = 0x00007fc1a437e50d, stub =0x00007fc19c843680
[2023-10-17T14:01:09.381+0000][2.441s][debug][safepoint     ] Waiting for 1 thread(s) to block
[2023-10-17T14:01:09.381+0000][2.441s][info ][safepoint     ] Entering safepoint region: G1CollectForAllocation
[2023-10-17T14:01:09.382+0000][2.442s][info ][gc,start      ] GC(5) Pause Young (Normal) (G1 Evacuation Pause)
[2023-10-17T14:01:09.384+0000][2.443s][info ][gc,task       ] GC(5) Using 4 workers of 8 for evacuation
[2023-10-17T14:01:09.393+0000][2.453s][info ][gc,phases     ] GC(5)   Pre Evacuate Collection Set: 0.0ms
[2023-10-17T14:01:09.420+0000][2.480s][info ][gc,phases     ] GC(5)   Evacuate Collection Set: 7.0ms
[2023-10-17T14:01:09.421+0000][2.481s][info ][gc,phases     ] GC(5)   Post Evacuate Collection Set: 1.6ms
[2023-10-17T14:01:09.422+0000][2.481s][info ][gc,phases     ] GC(5)   Other: 1.8ms
[2023-10-17T14:01:09.422+0000][2.482s][info ][gc,heap       ] GC(5) Eden regions: 82->0(85)
[2023-10-17T14:01:09.422+0000][2.482s][info ][gc,heap       ] GC(5) Survivor regions: 5->6(11)
[2023-10-17T14:01:09.423+0000][2.483s][info ][gc,heap       ] GC(5) Old regions: 10->10
[2023-10-17T14:01:09.423+0000][2.483s][info ][gc,heap       ] GC(5) Humongous regions: 0->0
[2023-10-17T14:01:09.424+0000][2.484s][info ][gc,metaspace  ] GC(5) Metaspace: 15070K(16000K)->15070K(16000K) NonClass: 13192K(13824K)->13192K(13824K) Class: 1877K(2176K)->1877K(2176K)
[2023-10-17T14:01:09.425+0000][2.485s][info ][gc            ] GC(5) Pause Young (Normal) (G1 Evacuation Pause) 95M->13M(152M) 42.127ms
[2023-10-17T14:01:09.425+0000][2.485s][info ][gc,cpu        ] GC(5) User=0.04s Sys=0.00s Real=0.04s
[2023-10-17T14:01:09.426+0000][2.486s][info ][safepoint     ] Leaving safepoint region
[2023-10-17T14:01:09.426+0000][2.486s][info ][safepoint     ] Total time for which application threads were stopped: 0.0472723 seconds, Stopping threads took: 0.0028266 seconds
[2023-10-17T14:01:09.427+0000][2.487s][info ][gc,stringdedup] Concurrent String Deduplication (2.487s)
[2023-10-17T14:01:09.429+0000][2.488s][info ][gc,stringdedup] Concurrent String Deduplication 95872.0B->32744.0B(63128.0B) avg 12.8% (2.487s, 2.488s) 1.664ms
[2023-10-17T14:01:09.669+0000][2.729s][debug][safepoint     ] Safepoint synchronization initiated. (14 threads)
[2023-10-17T14:01:09.669+0000][2.729s][info ][safepoint     ] Application time: 0.2424238 seconds
[2023-10-17T14:01:09.670+0000][2.730s][info ][safepoint     ] Entering safepoint region: G1CollectForAllocation
[2023-10-17T14:01:09.670+0000][2.730s][info ][gc,start      ] GC(6) Pause Young (Normal) (G1 Evacuation Pause)
[2023-10-17T14:01:09.671+0000][2.731s][info ][gc,task       ] GC(6) Using 4 workers of 8 for evacuation
[2023-10-17T14:01:09.678+0000][2.738s][info ][gc,phases     ] GC(6)   Pre Evacuate Collection Set: 0.0ms
[2023-10-17T14:01:09.678+0000][2.738s][info ][gc,phases     ] GC(6)   Evacuate Collection Set: 5.5ms
[2023-10-17T14:01:09.679+0000][2.739s][info ][gc,phases     ] GC(6)   Post Evacuate Collection Set: 1.3ms
[2023-10-17T14:01:09.679+0000][2.739s][info ][gc,phases     ] GC(6)   Other: 0.8ms
[2023-10-17T14:01:09.680+0000][2.739s][info ][gc,heap       ] GC(6) Eden regions: 85->0(84)
[2023-10-17T14:01:09.680+0000][2.740s][info ][gc,heap       ] GC(6) Survivor regions: 6->7(12)
[2023-10-17T14:01:09.680+0000][2.740s][info ][gc,heap       ] GC(6) Old regions: 10->10
[2023-10-17T14:01:09.681+0000][2.741s][info ][gc,heap       ] GC(6) Humongous regions: 0->0
[2023-10-17T14:01:09.681+0000][2.741s][info ][gc,metaspace  ] GC(6) Metaspace: 17012K(17920K)->17012K(17920K) NonClass: 14790K(15360K)->14790K(15360K) Class: 2221K(2560K)->2221K(2560K)
[2023-10-17T14:01:09.682+0000][2.742s][info ][gc            ] GC(6) Pause Young (Normal) (G1 Evacuation Pause) 98M->14M(152M) 11.307ms
[2023-10-17T14:01:09.682+0000][2.742s][info ][gc,cpu        ] GC(6) User=0.03s Sys=0.01s Real=0.02s
[2023-10-17T14:01:09.683+0000][2.743s][info ][safepoint     ] Leaving safepoint region
[2023-10-17T14:01:09.683+0000][2.743s][info ][safepoint     ] Total time for which application threads were stopped: 0.0135856 seconds, Stopping threads took: 0.0004217 seconds
[2023-10-17T14:01:09.684+0000][2.744s][info ][gc,stringdedup] Concurrent String Deduplication (2.744s)
[2023-10-17T14:01:09.686+0000][2.746s][info ][gc,stringdedup] Concurrent String Deduplication 113.9K->97088.0B(19520.0B) avg 13.0% (2.744s, 2.746s) 2.469ms
[2023-10-17T14:01:09.698+0000][2.758s][debug][safepoint     ] Safepoint synchronization initiated. (14 threads)
[2023-10-17T14:01:09.699+0000][2.759s][info ][safepoint     ] Application time: 0.0150863 seconds
[2023-10-17T14:01:09.699+0000][2.759s][info ][safepoint     ] Entering safepoint region: Deoptimize
[2023-10-17T14:01:09.700+0000][2.760s][info ][safepoint     ] Leaving safepoint region
[2023-10-17T14:01:09.700+0000][2.760s][info ][safepoint     ] Total time for which application threads were stopped: 0.0011948 seconds, Stopping threads took: 0.0003619 seconds
[2023-10-17T14:01:09.714+0000][2.773s][debug][safepoint     ] Safepoint synchronization initiated. (14 threads)
[2023-10-17T14:01:09.714+0000][2.774s][info ][safepoint     ] Application time: 0.0134494 seconds
[2023-10-17T14:01:09.715+0000][2.775s][info ][safepoint     ] Entering safepoint region: Deoptimize
[2023-10-17T14:01:09.716+0000][2.776s][info ][safepoint     ] Leaving safepoint region
[2023-10-17T14:01:09.716+0000][2.776s][info ][safepoint     ] Total time for which application threads were stopped: 0.0016145 seconds, Stopping threads took: 0.0006438 seconds
[2023-10-17T14:01:09.925+0000][2.985s][debug][safepoint     ] Safepoint synchronization initiated. (14 threads)
[2023-10-17T14:01:09.925+0000][2.985s][info ][safepoint     ] Application time: 0.2088587 seconds
[2023-10-17T14:01:09.926+0000][2.986s][info ][safepoint     ] Entering safepoint region: Deoptimize
[2023-10-17T14:01:09.927+0000][2.987s][info ][safepoint     ] Leaving safepoint region
[2023-10-17T14:01:09.927+0000][2.987s][info ][safepoint     ] Total time for which application threads were stopped: 0.0014913 seconds, Stopping threads took: 0.0004671 seconds
[2023-10-17T14:01:10.018+0000][3.078s][debug][safepoint     ] Safepoint synchronization initiated. (14 threads)
[2023-10-17T14:01:10.019+0000][3.079s][info ][safepoint     ] Application time: 0.0910969 seconds
[2023-10-17T14:01:10.019+0000][3.079s][info ][safepoint     ] Entering safepoint region: G1CollectForAllocation
[2023-10-17T14:01:10.020+0000][3.080s][info ][gc,start      ] GC(7) Pause Young (Normal) (G1 Evacuation Pause)
[2023-10-17T14:01:10.021+0000][3.080s][info ][gc,task       ] GC(7) Using 4 workers of 8 for evacuation
[2023-10-17T14:01:10.034+0000][3.094s][info ][gc,phases     ] GC(7)   Pre Evacuate Collection Set: 0.0ms
[2023-10-17T14:01:10.035+0000][3.095s][info ][gc,phases     ] GC(7)   Evacuate Collection Set: 9.4ms
[2023-10-17T14:01:10.035+0000][3.095s][info ][gc,phases     ] GC(7)   Post Evacuate Collection Set: 3.4ms
[2023-10-17T14:01:10.037+0000][3.096s][info ][gc,phases     ] GC(7)   Other: 1.0ms
[2023-10-17T14:01:10.037+0000][3.097s][info ][gc,heap       ] GC(7) Eden regions: 84->0(83)
[2023-10-17T14:01:10.038+0000][3.098s][info ][gc,heap       ] GC(7) Survivor regions: 7->8(12)
[2023-10-17T14:01:10.038+0000][3.098s][info ][gc,heap       ] GC(7) Old regions: 10->10
[2023-10-17T14:01:10.038+0000][3.098s][info ][gc,heap       ] GC(7) Humongous regions: 0->0
[2023-10-17T14:01:10.039+0000][3.099s][info ][gc,metaspace  ] GC(7) Metaspace: 19349K(20224K)->19349K(20224K) NonClass: 16861K(17408K)->16861K(17408K) Class: 2487K(2816K)->2487K(2816K)
[2023-10-17T14:01:10.039+0000][3.099s][info ][gc            ] GC(7) Pause Young (Normal) (G1 Evacuation Pause) 98M->16M(152M) 19.212ms
[2023-10-17T14:01:10.040+0000][3.100s][info ][gc,cpu        ] GC(7) User=0.09s Sys=0.01s Real=0.02s
[2023-10-17T14:01:10.041+0000][3.101s][info ][safepoint     ] Leaving safepoint region
[2023-10-17T14:01:10.041+0000][3.101s][info ][safepoint     ] Total time for which application threads were stopped: 0.0216600 seconds, Stopping threads took: 0.0004490 seconds
[2023-10-17T14:01:10.042+0000][3.102s][info ][gc,stringdedup] Concurrent String Deduplication (3.102s)
[2023-10-17T14:01:10.044+0000][3.104s][info ][gc,stringdedup] Concurrent String Deduplication 78536.0B->25352.0B(53184.0B) avg 14.4% (3.102s, 3.104s) 2.093ms
[2023-10-17T14:01:10.135+0000][3.195s][debug][safepoint     ] Safepoint synchronization initiated. (14 threads)
[2023-10-17T14:01:10.136+0000][3.196s][info ][safepoint     ] Application time: 0.0944964 seconds
[2023-10-17T14:01:10.137+0000][3.197s][debug][safepoint     ] ... found polling page return exception at pc = 0x00007fc19ce66275, stub =0x00007fc19c840600
[2023-10-17T14:01:10.137+0000][3.197s][debug][safepoint     ] Waiting for 1 thread(s) to block
[2023-10-17T14:01:10.138+0000][3.198s][info ][safepoint     ] Entering safepoint region: CollectForMetadataAllocation
[2023-10-17T14:01:10.139+0000][3.198s][info ][gc,start      ] GC(8) Pause Young (Concurrent Start) (Metadata GC Threshold)
[2023-10-17T14:01:10.139+0000][3.199s][info ][gc,task       ] GC(8) Using 4 workers of 8 for evacuation
[2023-10-17T14:01:10.154+0000][3.213s][info ][gc,phases     ] GC(8)   Pre Evacuate Collection Set: 0.1ms
[2023-10-17T14:01:10.155+0000][3.215s][info ][gc,phases     ] GC(8)   Evacuate Collection Set: 11.5ms
[2023-10-17T14:01:10.155+0000][3.215s][info ][gc,phases     ] GC(8)   Post Evacuate Collection Set: 2.2ms
[2023-10-17T14:01:10.156+0000][3.216s][info ][gc,phases     ] GC(8)   Other: 1.4ms
[2023-10-17T14:01:10.156+0000][3.216s][info ][gc,heap       ] GC(8) Eden regions: 21->0(99)
[2023-10-17T14:01:10.157+0000][3.217s][info ][gc,heap       ] GC(8) Survivor regions: 8->7(12)
[2023-10-17T14:01:10.157+0000][3.217s][info ][gc,heap       ] GC(8) Old regions: 10->12
[2023-10-17T14:01:10.158+0000][3.218s][info ][gc,heap       ] GC(8) Humongous regions: 0->0
[2023-10-17T14:01:10.158+0000][3.218s][info ][gc,metaspace  ] GC(8) Metaspace: 20476K(21248K)->20476K(21248K) NonClass: 17894K(18432K)->17894K(18432K) Class: 2581K(2816K)->2581K(2816K)
[2023-10-17T14:01:10.159+0000][3.218s][info ][gc            ] GC(8) Pause Young (Concurrent Start) (Metadata GC Threshold) 36M->16M(184M) 20.048ms
[2023-10-17T14:01:10.159+0000][3.219s][info ][gc,cpu        ] GC(8) User=0.08s Sys=0.01s Real=0.02s
[2023-10-17T14:01:10.160+0000][3.220s][info ][gc            ] GC(9) Concurrent Cycle
[2023-10-17T14:01:10.160+0000][3.220s][info ][safepoint     ] Leaving safepoint region
[2023-10-17T14:01:10.162+0000][3.222s][info ][safepoint     ] Total time for which application threads were stopped: 0.0253555 seconds, Stopping threads took: 0.0016113 seconds
[2023-10-17T14:01:10.161+0000][3.221s][info ][gc,marking    ] GC(9) Concurrent Clear Claimed Marks
[2023-10-17T14:01:10.163+0000][3.223s][info ][gc,marking    ] GC(9) Concurrent Clear Claimed Marks 1.789ms
[2023-10-17T14:01:10.164+0000][3.224s][info ][gc,marking    ] GC(9) Concurrent Scan Root Regions
[2023-10-17T14:01:10.163+0000][3.223s][info ][gc,stringdedup] Concurrent String Deduplication (3.223s)
[2023-10-17T14:01:10.166+0000][3.226s][info ][gc,stringdedup] Concurrent String Deduplication 103.3K->13664.0B(92136.0B) avg 16.9% (3.223s, 3.226s) 3.309ms
[2023-10-17T14:01:10.168+0000][3.228s][info ][gc,marking    ] GC(9) Concurrent Scan Root Regions 4.354ms
[2023-10-17T14:01:10.170+0000][3.229s][info ][gc,marking    ] GC(9) Concurrent Mark (3.229s)
[2023-10-17T14:01:10.170+0000][3.230s][info ][gc,marking    ] GC(9) Concurrent Mark From Roots
[2023-10-17T14:01:10.171+0000][3.231s][info ][gc,task       ] GC(9) Using 2 workers of 2 for marking
[2023-10-17T14:01:10.187+0000][3.246s][info ][gc,marking    ] GC(9) Concurrent Mark From Roots 16.417ms
[2023-10-17T14:01:10.187+0000][3.247s][info ][gc,marking    ] GC(9) Concurrent Preclean
[2023-10-17T14:01:10.188+0000][3.248s][info ][gc,marking    ] GC(9) Concurrent Preclean 0.889ms
[2023-10-17T14:01:10.189+0000][3.249s][info ][gc,marking    ] GC(9) Concurrent Mark (3.229s, 3.249s) 19.355ms
[2023-10-17T14:01:10.190+0000][3.250s][debug][safepoint     ] Safepoint synchronization initiated. (14 threads)
[2023-10-17T14:01:10.191+0000][3.251s][info ][safepoint     ] Application time: 0.0284972 seconds
[2023-10-17T14:01:10.192+0000][3.252s][debug][safepoint     ] ... found polling page loop exception at pc = 0x00007fc19cfb194b, stub =0x00007fc19c843680
[2023-10-17T14:01:10.193+0000][3.253s][debug][safepoint     ] Waiting for 2 thread(s) to block
[2023-10-17T14:01:10.193+0000][3.253s][info ][safepoint     ] Entering safepoint region: CGC_Operation
[2023-10-17T14:01:10.195+0000][3.254s][info ][gc,start      ] GC(9) Pause Remark
[2023-10-17T14:01:10.202+0000][3.262s][info ][gc,stringtable] GC(9) Cleaned string and symbol table, strings: 8289 processed, 7 removed, symbols: 55119 processed, 114 removed
[2023-10-17T14:01:10.203+0000][3.263s][info ][gc            ] GC(9) Pause Remark 19M->19M(184M) 8.128ms
[2023-10-17T14:01:10.203+0000][3.263s][info ][gc,cpu        ] GC(9) User=0.04s Sys=0.00s Real=0.01s
[2023-10-17T14:01:10.204+0000][3.264s][info ][safepoint     ] Leaving safepoint region
[2023-10-17T14:01:10.204+0000][3.264s][info ][safepoint     ] Total time for which application threads were stopped: 0.0121281 seconds, Stopping threads took: 0.0022770 seconds
[2023-10-17T14:01:10.205+0000][3.264s][info ][gc,marking    ] GC(9) Concurrent Rebuild Remembered Sets
[2023-10-17T14:01:10.212+0000][3.272s][info ][gc,marking    ] GC(9) Concurrent Rebuild Remembered Sets 7.649ms
[2023-10-17T14:01:10.213+0000][3.273s][debug][safepoint     ] Safepoint synchronization initiated. (14 threads)
[2023-10-17T14:01:10.214+0000][3.274s][info ][safepoint     ] Application time: 0.0094682 seconds
[2023-10-17T14:01:10.215+0000][3.275s][debug][safepoint     ] ... found polling page loop exception at pc = 0x00007fc1a43cc9cb, stub =0x00007fc19c843680
[2023-10-17T14:01:10.215+0000][3.275s][debug][safepoint     ] Waiting for 1 thread(s) to block
[2023-10-17T14:01:10.216+0000][3.276s][info ][safepoint     ] Entering safepoint region: CGC_Operation
[2023-10-17T14:01:10.216+0000][3.276s][info ][gc,start      ] GC(9) Pause Cleanup
[2023-10-17T14:01:10.217+0000][3.277s][info ][gc            ] GC(9) Pause Cleanup 21M->21M(184M) 0.566ms
[2023-10-17T14:01:10.217+0000][3.277s][info ][gc,cpu        ] GC(9) User=0.00s Sys=0.00s Real=0.00s
[2023-10-17T14:01:10.218+0000][3.278s][info ][safepoint     ] Leaving safepoint region
[2023-10-17T14:01:10.218+0000][3.278s][info ][safepoint     ] Total time for which application threads were stopped: 0.0038780 seconds, Stopping threads took: 0.0017154 seconds
[2023-10-17T14:01:10.219+0000][3.279s][info ][gc,marking    ] GC(9) Concurrent Cleanup for Next Mark
[2023-10-17T14:01:10.221+0000][3.281s][info ][gc,marking    ] GC(9) Concurrent Cleanup for Next Mark 2.447ms
[2023-10-17T14:01:10.222+0000][3.282s][info ][gc            ] GC(9) Concurrent Cycle 61.808ms
[2023-10-17T14:01:10.549+0000][3.609s][debug][safepoint     ] Safepoint synchronization initiated. (14 threads)
[2023-10-17T14:01:10.549+0000][3.609s][info ][safepoint     ] Application time: 0.3303665 seconds
[2023-10-17T14:01:10.550+0000][3.610s][info ][safepoint     ] Entering safepoint region: Deoptimize
[2023-10-17T14:01:10.551+0000][3.611s][info ][safepoint     ] Leaving safepoint region
[2023-10-17T14:01:10.551+0000][3.611s][info ][safepoint     ] Total time for which application threads were stopped: 0.0016067 seconds, Stopping threads took: 0.0004351 seconds
[2023-10-17T14:01:10.669+0000][3.729s][debug][safepoint     ] Safepoint synchronization initiated. (13 threads)
[2023-10-17T14:01:10.670+0000][3.729s][info ][safepoint     ] Application time: 0.1177742 seconds
[2023-10-17T14:01:10.670+0000][3.730s][info ][safepoint     ] Entering safepoint region: G1CollectForAllocation
[2023-10-17T14:01:10.671+0000][3.731s][info ][gc,start      ] GC(10) Pause Young (Normal) (G1 Evacuation Pause)
[2023-10-17T14:01:10.671+0000][3.731s][info ][gc,task       ] GC(10) Using 4 workers of 8 for evacuation
[2023-10-17T14:01:10.684+0000][3.744s][info ][gc,phases     ] GC(10)   Pre Evacuate Collection Set: 0.0ms
[2023-10-17T14:01:10.684+0000][3.744s][info ][gc,phases     ] GC(10)   Evacuate Collection Set: 9.7ms
[2023-10-17T14:01:10.685+0000][3.745s][info ][gc,phases     ] GC(10)   Post Evacuate Collection Set: 2.3ms
[2023-10-17T14:01:10.685+0000][3.745s][info ][gc,phases     ] GC(10)   Other: 1.0ms
[2023-10-17T14:01:10.686+0000][3.746s][info ][gc,heap       ] GC(10) Eden regions: 99->0(101)
[2023-10-17T14:01:10.687+0000][3.746s][info ][gc,heap       ] GC(10) Survivor regions: 7->9(14)
[2023-10-17T14:01:10.687+0000][3.747s][info ][gc,heap       ] GC(10) Old regions: 12->12
[2023-10-17T14:01:10.688+0000][3.748s][info ][gc,heap       ] GC(10) Humongous regions: 0->0
[2023-10-17T14:01:10.688+0000][3.748s][info ][gc,metaspace  ] GC(10) Metaspace: 24001K(24956K)->24001K(24956K) NonClass: 20975K(21500K)->20975K(21500K) Class: 3025K(3456K)->3025K(3456K)
[2023-10-17T14:01:10.689+0000][3.748s][info ][gc            ] GC(10) Pause Young (Normal) (G1 Evacuation Pause) 115M->18M(184M) 17.734ms
[2023-10-17T14:01:10.689+0000][3.749s][info ][gc,cpu        ] GC(10) User=0.07s Sys=0.00s Real=0.01s
[2023-10-17T14:01:10.689+0000][3.749s][info ][safepoint     ] Leaving safepoint region
[2023-10-17T14:01:10.690+0000][3.750s][info ][safepoint     ] Total time for which application threads were stopped: 0.0196938 seconds, Stopping threads took: 0.0004581 seconds
[2023-10-17T14:01:10.690+0000][3.750s][info ][gc,stringdedup] Concurrent String Deduplication (3.750s)
[2023-10-17T14:01:10.696+0000][3.756s][info ][gc,stringdedup] Concurrent String Deduplication 778.4K->743.1K(36200.0B) avg 14.4% (3.750s, 3.756s) 5.666ms
[2023-10-17T14:01:11.093+0000][4.153s][debug][safepoint     ] Safepoint synchronization initiated. (13 threads)
[2023-10-17T14:01:11.094+0000][4.154s][info ][safepoint     ] Application time: 0.4040305 seconds
[2023-10-17T14:01:11.095+0000][4.155s][info ][safepoint     ] Entering safepoint region: G1CollectForAllocation
[2023-10-17T14:01:11.096+0000][4.156s][info ][gc,start      ] GC(11) Pause Young (Normal) (G1 Evacuation Pause)
[2023-10-17T14:01:11.096+0000][4.156s][info ][gc,task       ] GC(11) Using 4 workers of 8 for evacuation
[2023-10-17T14:01:11.111+0000][4.171s][info ][gc,phases     ] GC(11)   Pre Evacuate Collection Set: 0.0ms
[2023-10-17T14:01:11.112+0000][4.172s][info ][gc,phases     ] GC(11)   Evacuate Collection Set: 12.1ms
[2023-10-17T14:01:11.113+0000][4.173s][info ][gc,phases     ] GC(11)   Post Evacuate Collection Set: 2.5ms
[2023-10-17T14:01:11.114+0000][4.174s][info ][gc,phases     ] GC(11)   Other: 1.2ms
[2023-10-17T14:01:11.115+0000][4.175s][info ][gc,heap       ] GC(11) Eden regions: 101->0(101)
[2023-10-17T14:01:11.115+0000][4.175s][info ][gc,heap       ] GC(11) Survivor regions: 9->9(14)
[2023-10-17T14:01:11.116+0000][4.176s][info ][gc,heap       ] GC(11) Old regions: 12->14
[2023-10-17T14:01:11.116+0000][4.176s][info ][gc,heap       ] GC(11) Humongous regions: 0->0
[2023-10-17T14:01:11.117+0000][4.177s][info ][gc,metaspace  ] GC(11) Metaspace: 24275K(25212K)->24275K(25212K) NonClass: 21206K(21756K)->21206K(21756K) Class: 3069K(3456K)->3069K(3456K)
[2023-10-17T14:01:11.117+0000][4.177s][info ][gc            ] GC(11) Pause Young (Normal) (G1 Evacuation Pause) 119M->21M(184M) 21.365ms
[2023-10-17T14:01:11.117+0000][4.177s][info ][gc,cpu        ] GC(11) User=0.08s Sys=0.00s Real=0.02s
[2023-10-17T14:01:11.118+0000][4.178s][info ][safepoint     ] Leaving safepoint region
[2023-10-17T14:01:11.118+0000][4.178s][info ][safepoint     ] Total time for which application threads were stopped: 0.0234935 seconds, Stopping threads took: 0.0007630 seconds
[2023-10-17T14:01:11.119+0000][4.179s][info ][gc,stringdedup] Concurrent String Deduplication (4.179s)
[2023-10-17T14:01:11.120+0000][4.180s][info ][gc,stringdedup] Concurrent String Deduplication 52696.0B->28800.0B(23896.0B) avg 14.8% (4.179s, 4.180s) 1.571ms
[2023-10-17T14:01:11.521+0000][4.581s][debug][safepoint     ] Safepoint synchronization initiated. (13 threads)
[2023-10-17T14:01:11.522+0000][4.581s][info ][safepoint     ] Application time: 0.4029581 seconds
[2023-10-17T14:01:11.522+0000][4.582s][info ][safepoint     ] Entering safepoint region: G1CollectForAllocation
[2023-10-17T14:01:11.523+0000][4.583s][info ][gc,start      ] GC(12) Pause Young (Normal) (G1 Evacuation Pause)
[2023-10-17T14:01:11.523+0000][4.583s][info ][gc,task       ] GC(12) Using 4 workers of 8 for evacuation
[2023-10-17T14:01:11.537+0000][4.597s][info ][gc,phases     ] GC(12)   Pre Evacuate Collection Set: 0.0ms
[2023-10-17T14:01:11.538+0000][4.597s][info ][gc,phases     ] GC(12)   Evacuate Collection Set: 11.8ms
[2023-10-17T14:01:11.538+0000][4.598s][info ][gc,phases     ] GC(12)   Post Evacuate Collection Set: 1.1ms
[2023-10-17T14:01:11.538+0000][4.598s][info ][gc,phases     ] GC(12)   Other: 1.4ms
[2023-10-17T14:01:11.539+0000][4.599s][info ][gc,heap       ] GC(12) Eden regions: 101->0(101)
[2023-10-17T14:01:11.539+0000][4.599s][info ][gc,heap       ] GC(12) Survivor regions: 9->9(14)
[2023-10-17T14:01:11.539+0000][4.599s][info ][gc,heap       ] GC(12) Old regions: 14->17
[2023-10-17T14:01:11.540+0000][4.600s][info ][gc,heap       ] GC(12) Humongous regions: 0->0
[2023-10-17T14:01:11.540+0000][4.600s][info ][gc,metaspace  ] GC(12) Metaspace: 24670K(25724K)->24670K(25724K) NonClass: 21578K(22268K)->21578K(22268K) Class: 3092K(3456K)->3092K(3456K)
[2023-10-17T14:01:11.540+0000][4.600s][info ][gc            ] GC(12) Pause Young (Normal) (G1 Evacuation Pause) 122M->24M(184M) 17.756ms
[2023-10-17T14:01:11.541+0000][4.601s][info ][gc,cpu        ] GC(12) User=0.10s Sys=0.00s Real=0.02s
[2023-10-17T14:01:11.541+0000][4.601s][info ][safepoint     ] Leaving safepoint region
[2023-10-17T14:01:11.542+0000][4.601s][info ][safepoint     ] Total time for which application threads were stopped: 0.0195267 seconds, Stopping threads took: 0.0003947 seconds
[2023-10-17T14:01:11.542+0000][4.602s][info ][gc,stringdedup] Concurrent String Deduplication (4.602s)
[2023-10-17T14:01:11.547+0000][4.607s][info ][gc,stringdedup] Concurrent String Deduplication 692.7K->446.3K(246.4K) avg 18.0% (4.602s, 4.607s) 5.411ms
[2023-10-17T14:01:11.878+0000][4.938s][debug][safepoint     ] Safepoint synchronization initiated. (13 threads)
[2023-10-17T14:01:11.878+0000][4.938s][info ][safepoint     ] Application time: 0.3364783 seconds
[2023-10-17T14:01:11.879+0000][4.939s][info ][safepoint     ] Entering safepoint region: G1CollectForAllocation
[2023-10-17T14:01:11.880+0000][4.940s][info ][gc,start      ] GC(13) Pause Young (Normal) (G1 Evacuation Pause)
[2023-10-17T14:01:11.880+0000][4.940s][info ][gc,task       ] GC(13) Using 4 workers of 8 for evacuation
[2023-10-17T14:01:11.890+0000][4.950s][info ][gc,phases     ] GC(13)   Pre Evacuate Collection Set: 0.0ms
[2023-10-17T14:01:11.891+0000][4.951s][info ][gc,phases     ] GC(13)   Evacuate Collection Set: 7.5ms
[2023-10-17T14:01:11.891+0000][4.951s][info ][gc,phases     ] GC(13)   Post Evacuate Collection Set: 2.3ms
[2023-10-17T14:01:11.892+0000][4.952s][info ][gc,phases     ] GC(13)   Other: 1.0ms
[2023-10-17T14:01:11.892+0000][4.952s][info ][gc,heap       ] GC(13) Eden regions: 101->0(136)
[2023-10-17T14:01:11.893+0000][4.953s][info ][gc,heap       ] GC(13) Survivor regions: 9->8(14)
[2023-10-17T14:01:11.893+0000][4.953s][info ][gc,heap       ] GC(13) Old regions: 17->20
[2023-10-17T14:01:11.893+0000][4.953s][info ][gc,heap       ] GC(13) Humongous regions: 0->0
[2023-10-17T14:01:11.894+0000][4.954s][info ][gc,metaspace  ] GC(13) Metaspace: 24808K(25724K)->24808K(25724K) NonClass: 21701K(22268K)->21701K(22268K) Class: 3107K(3456K)->3107K(3456K)
[2023-10-17T14:01:11.894+0000][4.954s][info ][gc            ] GC(13) Pause Young (Normal) (G1 Evacuation Pause) 125M->26M(242M) 14.674ms
[2023-10-17T14:01:11.895+0000][4.955s][info ][gc,cpu        ] GC(13) User=0.10s Sys=0.00s Real=0.02s
[2023-10-17T14:01:11.895+0000][4.955s][info ][safepoint     ] Leaving safepoint region
[2023-10-17T14:01:11.896+0000][4.956s][info ][safepoint     ] Total time for which application threads were stopped: 0.0168701 seconds, Stopping threads took: 0.0004762 seconds
[2023-10-17T14:01:11.896+0000][4.956s][info ][gc,stringdedup] Concurrent String Deduplication (4.956s)
[2023-10-17T14:01:11.906+0000][4.966s][info ][gc,stringdedup] Concurrent String Deduplication 893.4K->390.0K(503.5K) avg 24.3% (4.956s, 4.966s) 9.696ms
[2023-10-17T14:01:12.161+0000][5.221s][debug][safepoint     ] Safepoint synchronization initiated. (13 threads)
[2023-10-17T14:01:12.161+0000][5.221s][info ][safepoint     ] Application time: 0.2648854 seconds
[2023-10-17T14:01:12.162+0000][5.222s][info ][safepoint     ] Entering safepoint region: G1CollectForAllocation
[2023-10-17T14:01:12.162+0000][5.222s][info ][gc,start      ] GC(14) Pause Young (Normal) (G1 Evacuation Pause)
[2023-10-17T14:01:12.163+0000][5.223s][info ][gc,task       ] GC(14) Using 5 workers of 8 for evacuation
[2023-10-17T14:01:12.170+0000][5.230s][info ][gc,phases     ] GC(14)   Pre Evacuate Collection Set: 0.0ms
[2023-10-17T14:01:12.170+0000][5.230s][info ][gc,phases     ] GC(14)   Evacuate Collection Set: 5.0ms
[2023-10-17T14:01:12.171+0000][5.231s][info ][gc,phases     ] GC(14)   Post Evacuate Collection Set: 1.3ms
[2023-10-17T14:01:12.171+0000][5.231s][info ][gc,phases     ] GC(14)   Other: 1.1ms
[2023-10-17T14:01:12.172+0000][5.232s][info ][gc,heap       ] GC(14) Eden regions: 136->0(137)
[2023-10-17T14:01:12.172+0000][5.232s][info ][gc,heap       ] GC(14) Survivor regions: 8->8(18)
[2023-10-17T14:01:12.172+0000][5.232s][info ][gc,heap       ] GC(14) Old regions: 20->20
[2023-10-17T14:01:12.173+0000][5.233s][info ][gc,heap       ] GC(14) Humongous regions: 0->0
[2023-10-17T14:01:12.173+0000][5.233s][info ][gc,metaspace  ] GC(14) Metaspace: 26298K(27132K)->26298K(27132K) NonClass: 23080K(23548K)->23080K(23548K) Class: 3217K(3584K)->3217K(3584K)
[2023-10-17T14:01:12.173+0000][5.233s][info ][gc            ] GC(14) Pause Young (Normal) (G1 Evacuation Pause) 162M->26M(242M) 11.115ms
[2023-10-17T14:01:12.174+0000][5.234s][info ][gc,cpu        ] GC(14) User=0.03s Sys=0.01s Real=0.01s
[2023-10-17T14:01:12.174+0000][5.234s][info ][safepoint     ] Leaving safepoint region
[2023-10-17T14:01:12.174+0000][5.234s][info ][safepoint     ] Total time for which application threads were stopped: 0.0128422 seconds, Stopping threads took: 0.0004643 seconds
[2023-10-17T14:01:12.175+0000][5.235s][info ][gc,stringdedup] Concurrent String Deduplication (5.235s)
[2023-10-17T14:01:12.179+0000][5.239s][info ][gc,stringdedup] Concurrent String Deduplication 764.1K->171.7K(592.3K) avg 30.9% (5.235s, 5.239s) 4.470ms
[2023-10-17T14:01:12.321+0000][5.381s][debug][safepoint     ] Safepoint synchronization initiated. (14 threads)
[2023-10-17T14:01:12.322+0000][5.382s][info ][safepoint     ] Application time: 0.1471923 seconds
[2023-10-17T14:01:12.322+0000][5.382s][info ][safepoint     ] Entering safepoint region: G1CollectForAllocation
[2023-10-17T14:01:12.323+0000][5.383s][info ][gc,start      ] GC(15) Pause Young (Normal) (G1 Evacuation Pause)
[2023-10-17T14:01:12.323+0000][5.383s][info ][gc,task       ] GC(15) Using 5 workers of 8 for evacuation
[2023-10-17T14:01:12.330+0000][5.390s][info ][gc,phases     ] GC(15)   Pre Evacuate Collection Set: 0.0ms
[2023-10-17T14:01:12.330+0000][5.390s][info ][gc,phases     ] GC(15)   Evacuate Collection Set: 4.8ms
[2023-10-17T14:01:12.331+0000][5.391s][info ][gc,phases     ] GC(15)   Post Evacuate Collection Set: 1.1ms
[2023-10-17T14:01:12.331+0000][5.391s][info ][gc,phases     ] GC(15)   Other: 0.8ms
[2023-10-17T14:01:12.331+0000][5.391s][info ][gc,heap       ] GC(15) Eden regions: 137->0(137)
[2023-10-17T14:01:12.332+0000][5.392s][info ][gc,heap       ] GC(15) Survivor regions: 8->8(19)
[2023-10-17T14:01:12.332+0000][5.392s][info ][gc,heap       ] GC(15) Old regions: 20->20
[2023-10-17T14:01:12.332+0000][5.392s][info ][gc,heap       ] GC(15) Humongous regions: 0->0
[2023-10-17T14:01:12.333+0000][5.393s][info ][gc,metaspace  ] GC(15) Metaspace: 26346K(27388K)->26346K(27388K) NonClass: 23122K(23804K)->23122K(23804K) Class: 3224K(3584K)->3224K(3584K)
[2023-10-17T14:01:12.333+0000][5.393s][info ][gc            ] GC(15) Pause Young (Normal) (G1 Evacuation Pause) 163M->26M(242M) 10.060ms
[2023-10-17T14:01:12.333+0000][5.393s][info ][gc,cpu        ] GC(15) User=0.04s Sys=0.00s Real=0.01s
[2023-10-17T14:01:12.334+0000][5.394s][info ][safepoint     ] Leaving safepoint region
[2023-10-17T14:01:12.334+0000][5.394s][info ][safepoint     ] Total time for which application threads were stopped: 0.0116223 seconds, Stopping threads took: 0.0003821 seconds
[2023-10-17T14:01:12.334+0000][5.394s][info ][gc,stringdedup] Concurrent String Deduplication (5.394s)
[2023-10-17T14:01:12.338+0000][5.398s][info ][gc,stringdedup] Concurrent String Deduplication 1194.7K->245.8K(948.9K) avg 38.7% (5.394s, 5.398s) 3.882ms
[2023-10-17T14:01:12.728+0000][5.788s][debug][safepoint     ] Safepoint synchronization initiated. (13 threads)
[2023-10-17T14:01:12.728+0000][5.788s][info ][safepoint     ] Application time: 0.3937860 seconds
[2023-10-17T14:01:12.729+0000][5.789s][info ][safepoint     ] Entering safepoint region: G1CollectForAllocation
[2023-10-17T14:01:12.729+0000][5.789s][info ][gc,start      ] GC(16) Pause Young (Normal) (G1 Evacuation Pause)
[2023-10-17T14:01:12.730+0000][5.790s][info ][gc,task       ] GC(16) Using 5 workers of 8 for evacuation
[2023-10-17T14:01:12.737+0000][5.797s][info ][gc,phases     ] GC(16)   Pre Evacuate Collection Set: 0.0ms
[2023-10-17T14:01:12.737+0000][5.797s][info ][gc,phases     ] GC(16)   Evacuate Collection Set: 5.1ms
[2023-10-17T14:01:12.738+0000][5.798s][info ][gc,phases     ] GC(16)   Post Evacuate Collection Set: 1.5ms
[2023-10-17T14:01:12.739+0000][5.799s][info ][gc,phases     ] GC(16)   Other: 0.9ms
[2023-10-17T14:01:12.739+0000][5.799s][info ][gc,heap       ] GC(16) Eden regions: 137->0(137)
[2023-10-17T14:01:12.740+0000][5.800s][info ][gc,heap       ] GC(16) Survivor regions: 8->8(19)
[2023-10-17T14:01:12.740+0000][5.800s][info ][gc,heap       ] GC(16) Old regions: 20->20
[2023-10-17T14:01:12.740+0000][5.800s][info ][gc,heap       ] GC(16) Humongous regions: 0->0
[2023-10-17T14:01:12.741+0000][5.801s][info ][gc,metaspace  ] GC(16) Metaspace: 29560K(30460K)->29560K(30460K) NonClass: 26010K(26620K)->26010K(26620K) Class: 3550K(3840K)->3550K(3840K)
[2023-10-17T14:01:12.741+0000][5.801s][info ][gc            ] GC(16) Pause Young (Normal) (G1 Evacuation Pause) 163M->26M(242M) 11.959ms
[2023-10-17T14:01:12.742+0000][5.802s][info ][gc,cpu        ] GC(16) User=0.07s Sys=0.00s Real=0.02s
[2023-10-17T14:01:12.742+0000][5.802s][info ][safepoint     ] Leaving safepoint region
[2023-10-17T14:01:12.743+0000][5.803s][info ][safepoint     ] Total time for which application threads were stopped: 0.0145102 seconds, Stopping threads took: 0.0004360 seconds
[2023-10-17T14:01:12.744+0000][5.804s][info ][gc,stringdedup] Concurrent String Deduplication (5.804s)
[2023-10-17T14:01:12.747+0000][5.807s][info ][gc,stringdedup] Concurrent String Deduplication 137.2K->40360.0B(100120.0B) avg 39.3% (5.804s, 5.807s) 2.619ms
[2023-10-17T14:01:13.199+0000][6.259s][debug][safepoint     ] Safepoint synchronization initiated. (13 threads)
[2023-10-17T14:01:13.200+0000][6.260s][info ][safepoint     ] Application time: 0.4557527 seconds
[2023-10-17T14:01:13.200+0000][6.260s][info ][safepoint     ] Entering safepoint region: G1CollectForAllocation
[2023-10-17T14:01:13.201+0000][6.261s][info ][gc,start      ] GC(17) Pause Young (Normal) (G1 Evacuation Pause)
[2023-10-17T14:01:13.201+0000][6.261s][info ][gc,task       ] GC(17) Using 5 workers of 8 for evacuation
[2023-10-17T14:01:13.209+0000][6.269s][info ][gc,phases     ] GC(17)   Pre Evacuate Collection Set: 0.0ms
[2023-10-17T14:01:13.210+0000][6.270s][info ][gc,phases     ] GC(17)   Evacuate Collection Set: 6.1ms
[2023-10-17T14:01:13.210+0000][6.270s][info ][gc,phases     ] GC(17)   Post Evacuate Collection Set: 1.3ms
[2023-10-17T14:01:13.211+0000][6.270s][info ][gc,phases     ] GC(17)   Other: 0.9ms
[2023-10-17T14:01:13.211+0000][6.271s][info ][gc,heap       ] GC(17) Eden regions: 137->0(136)
[2023-10-17T14:01:13.211+0000][6.271s][info ][gc,heap       ] GC(17) Survivor regions: 8->9(19)
[2023-10-17T14:01:13.212+0000][6.272s][info ][gc,heap       ] GC(17) Old regions: 20->20
[2023-10-17T14:01:13.212+0000][6.272s][info ][gc,heap       ] GC(17) Humongous regions: 0->0
[2023-10-17T14:01:13.212+0000][6.272s][info ][gc,metaspace  ] GC(17) Metaspace: 32434K(33404K)->32434K(33404K) NonClass: 28547K(29180K)->28547K(29180K) Class: 3887K(4224K)->3887K(4224K)
[2023-10-17T14:01:13.213+0000][6.273s][info ][gc            ] GC(17) Pause Young (Normal) (G1 Evacuation Pause) 163M->27M(242M) 11.700ms
[2023-10-17T14:01:13.213+0000][6.273s][info ][gc,cpu        ] GC(17) User=0.05s Sys=0.00s Real=0.01s
[2023-10-17T14:01:13.213+0000][6.273s][info ][safepoint     ] Leaving safepoint region
[2023-10-17T14:01:13.214+0000][6.274s][info ][safepoint     ] Total time for which application threads were stopped: 0.0132953 seconds, Stopping threads took: 0.0003757 seconds
[2023-10-17T14:01:13.214+0000][6.274s][info ][gc,stringdedup] Concurrent String Deduplication (6.274s)
[2023-10-17T14:01:13.215+0000][6.275s][info ][gc,stringdedup] Concurrent String Deduplication 25408.0B->768.0B(24640.0B) avg 39.5% (6.274s, 6.275s) 0.562ms
[2023-10-17T14:01:13.360+0000][6.420s][debug][safepoint     ] Safepoint synchronization initiated. (13 threads)
[2023-10-17T14:01:13.361+0000][6.421s][info ][safepoint     ] Application time: 0.1472187 seconds
[2023-10-17T14:01:13.362+0000][6.422s][info ][safepoint     ] Entering safepoint region: Deoptimize
[2023-10-17T14:01:13.364+0000][6.424s][info ][safepoint     ] Leaving safepoint region
[2023-10-17T14:01:13.364+0000][6.424s][info ][safepoint     ] Total time for which application threads were stopped: 0.0020102 seconds, Stopping threads took: 0.0007665 seconds
[2023-10-17T14:01:13.579+0000][6.639s][debug][safepoint     ] Safepoint synchronization initiated. (13 threads)
[2023-10-17T14:01:13.580+0000][6.640s][info ][safepoint     ] Application time: 0.2149779 seconds
[2023-10-17T14:01:13.580+0000][6.640s][info ][safepoint     ] Entering safepoint region: G1CollectForAllocation
[2023-10-17T14:01:13.581+0000][6.641s][info ][gc,start      ] GC(18) Pause Young (Normal) (G1 Evacuation Pause)
[2023-10-17T14:01:13.582+0000][6.642s][info ][gc,task       ] GC(18) Using 5 workers of 8 for evacuation
[2023-10-17T14:01:13.590+0000][6.650s][info ][gc,phases     ] GC(18)   Pre Evacuate Collection Set: 0.0ms
[2023-10-17T14:01:13.590+0000][6.650s][info ][gc,phases     ] GC(18)   Evacuate Collection Set: 5.9ms
[2023-10-17T14:01:13.591+0000][6.651s][info ][gc,phases     ] GC(18)   Post Evacuate Collection Set: 1.4ms
[2023-10-17T14:01:13.592+0000][6.652s][info ][gc,phases     ] GC(18)   Other: 1.2ms
[2023-10-17T14:01:13.592+0000][6.652s][info ][gc,heap       ] GC(18) Eden regions: 136->0(135)
[2023-10-17T14:01:13.593+0000][6.653s][info ][gc,heap       ] GC(18) Survivor regions: 9->10(19)
[2023-10-17T14:01:13.593+0000][6.653s][info ][gc,heap       ] GC(18) Old regions: 20->20
[2023-10-17T14:01:13.594+0000][6.654s][info ][gc,heap       ] GC(18) Humongous regions: 0->0
[2023-10-17T14:01:13.594+0000][6.654s][info ][gc,metaspace  ] GC(18) Metaspace: 32874K(34044K)->32874K(34044K) NonClass: 28920K(29692K)->28920K(29692K) Class: 3954K(4352K)->3954K(4352K)
[2023-10-17T14:01:13.595+0000][6.654s][info ][gc            ] GC(18) Pause Young (Normal) (G1 Evacuation Pause) 163M->28M(242M) 13.144ms
[2023-10-17T14:01:13.595+0000][6.655s][info ][gc,cpu        ] GC(18) User=0.05s Sys=0.00s Real=0.01s
[2023-10-17T14:01:13.595+0000][6.655s][info ][safepoint     ] Leaving safepoint region
[2023-10-17T14:01:13.596+0000][6.656s][info ][safepoint     ] Total time for which application threads were stopped: 0.0153594 seconds, Stopping threads took: 0.0007047 seconds
[2023-10-17T14:01:13.596+0000][6.656s][info ][gc,stringdedup] Concurrent String Deduplication (6.656s)
[2023-10-17T14:01:13.598+0000][6.658s][info ][gc,stringdedup] Concurrent String Deduplication 344.4K->16424.0B(328.4K) avg 41.9% (6.656s, 6.658s) 2.180ms
[2023-10-17T14:01:13.805+0000][6.865s][debug][safepoint     ] Safepoint synchronization initiated. (13 threads)
[2023-10-17T14:01:13.805+0000][6.865s][info ][safepoint     ] Application time: 0.2090915 seconds
[2023-10-17T14:01:13.806+0000][6.866s][info ][safepoint     ] Entering safepoint region: Deoptimize
[2023-10-17T14:01:13.807+0000][6.867s][info ][safepoint     ] Leaving safepoint region
[2023-10-17T14:01:13.808+0000][6.867s][info ][safepoint     ] Total time for which application threads were stopped: 0.0018978 seconds, Stopping threads took: 0.0006534 seconds
[2023-10-17T14:01:14.032+0000][7.092s][debug][safepoint     ] Safepoint synchronization initiated. (13 threads)
[2023-10-17T14:01:14.033+0000][7.093s][info ][safepoint     ] Application time: 0.2250102 seconds
[2023-10-17T14:01:14.033+0000][7.093s][info ][safepoint     ] Entering safepoint region: G1CollectForAllocation
[2023-10-17T14:01:14.034+0000][7.094s][info ][gc,start      ] GC(19) Pause Young (Normal) (G1 Evacuation Pause)
[2023-10-17T14:01:14.035+0000][7.094s][info ][gc,task       ] GC(19) Using 5 workers of 8 for evacuation
[2023-10-17T14:01:14.049+0000][7.109s][info ][gc,phases     ] GC(19)   Pre Evacuate Collection Set: 0.0ms
[2023-10-17T14:01:14.049+0000][7.109s][info ][gc,phases     ] GC(19)   Evacuate Collection Set: 11.0ms
[2023-10-17T14:01:14.050+0000][7.110s][info ][gc,phases     ] GC(19)   Post Evacuate Collection Set: 2.7ms
[2023-10-17T14:01:14.050+0000][7.110s][info ][gc,phases     ] GC(19)   Other: 1.0ms
[2023-10-17T14:01:14.051+0000][7.111s][info ][gc,heap       ] GC(19) Eden regions: 135->0(163)
[2023-10-17T14:01:14.051+0000][7.111s][info ][gc,heap       ] GC(19) Survivor regions: 10->11(19)
[2023-10-17T14:01:14.052+0000][7.112s][info ][gc,heap       ] GC(19) Old regions: 20->20
[2023-10-17T14:01:14.052+0000][7.112s][info ][gc,heap       ] GC(19) Humongous regions: 0->0
[2023-10-17T14:01:14.053+0000][7.113s][info ][gc,metaspace  ] GC(19) Metaspace: 34034K(35196K)->34034K(35196K) NonClass: 29939K(30716K)->29939K(30716K) Class: 4094K(4480K)->4094K(4480K)
[2023-10-17T14:01:14.053+0000][7.113s][info ][gc            ] GC(19) Pause Young (Normal) (G1 Evacuation Pause) 163M->28M(291M) 19.020ms
[2023-10-17T14:01:14.053+0000][7.113s][info ][gc,cpu        ] GC(19) User=0.12s Sys=0.00s Real=0.02s
[2023-10-17T14:01:14.054+0000][7.114s][info ][safepoint     ] Leaving safepoint region
[2023-10-17T14:01:14.054+0000][7.114s][info ][safepoint     ] Total time for which application threads were stopped: 0.0206858 seconds, Stopping threads took: 0.0004283 seconds
[2023-10-17T14:01:14.055+0000][7.115s][info ][gc,stringdedup] Concurrent String Deduplication (7.115s)
[2023-10-17T14:01:14.057+0000][7.117s][info ][gc,stringdedup] Concurrent String Deduplication 188.5K->70064.0B(120.0K) avg 42.4% (7.115s, 7.117s) 2.373ms
[2023-10-17T14:01:14.138+0000][7.198s][debug][safepoint     ] Safepoint synchronization initiated. (13 threads)
[2023-10-17T14:01:14.139+0000][7.199s][info ][safepoint     ] Application time: 0.0841135 seconds
[2023-10-17T14:01:14.139+0000][7.199s][info ][safepoint     ] Entering safepoint region: Deoptimize
[2023-10-17T14:01:14.140+0000][7.200s][info ][safepoint     ] Leaving safepoint region
[2023-10-17T14:01:14.141+0000][7.201s][info ][safepoint     ] Total time for which application threads were stopped: 0.0016501 seconds, Stopping threads took: 0.0003877 seconds
[2023-10-17T14:01:14.153+0000][7.213s][debug][safepoint     ] Safepoint synchronization initiated. (13 threads)
[2023-10-17T14:01:14.154+0000][7.214s][info ][safepoint     ] Application time: 0.0125549 seconds
[2023-10-17T14:01:14.154+0000][7.214s][info ][safepoint     ] Entering safepoint region: Deoptimize
[2023-10-17T14:01:14.155+0000][7.215s][info ][safepoint     ] Leaving safepoint region
[2023-10-17T14:01:14.156+0000][7.215s][info ][safepoint     ] Total time for which application threads were stopped: 0.0013799 seconds, Stopping threads took: 0.0003549 seconds
[2023-10-17T14:01:14.178+0000][7.237s][debug][safepoint     ] Safepoint synchronization initiated. (13 threads)
[2023-10-17T14:01:14.178+0000][7.238s][info ][safepoint     ] Application time: 0.0222529 seconds
[2023-10-17T14:01:14.179+0000][7.239s][info ][safepoint     ] Entering safepoint region: Deoptimize
[2023-10-17T14:01:14.180+0000][7.240s][info ][safepoint     ] Leaving safepoint region
[2023-10-17T14:01:14.181+0000][7.241s][info ][safepoint     ] Total time for which application threads were stopped: 0.0022920 seconds, Stopping threads took: 0.0004547 seconds
[2023-10-17T14:01:14.256+0000][7.316s][debug][safepoint     ] Safepoint synchronization initiated. (13 threads)
[2023-10-17T14:01:14.256+0000][7.316s][info ][safepoint     ] Application time: 0.0746002 seconds
[2023-10-17T14:01:14.257+0000][7.317s][info ][safepoint     ] Entering safepoint region: Deoptimize
[2023-10-17T14:01:14.258+0000][7.318s][info ][safepoint     ] Leaving safepoint region
[2023-10-17T14:01:14.258+0000][7.318s][info ][safepoint     ] Total time for which application threads were stopped: 0.0015635 seconds, Stopping threads took: 0.0004363 seconds
[2023-10-17T14:01:14.313+0000][7.372s][debug][safepoint     ] Safepoint synchronization initiated. (13 threads)
[2023-10-17T14:01:14.313+0000][7.373s][info ][safepoint     ] Application time: 0.0545694 seconds
[2023-10-17T14:01:14.314+0000][7.374s][info ][safepoint     ] Entering safepoint region: CollectForMetadataAllocation
[2023-10-17T14:01:14.314+0000][7.374s][info ][gc,start      ] GC(20) Pause Young (Concurrent Start) (Metadata GC Threshold)
[2023-10-17T14:01:14.315+0000][7.375s][info ][gc,task       ] GC(20) Using 6 workers of 8 for evacuation
[2023-10-17T14:01:14.325+0000][7.385s][info ][gc,phases     ] GC(20)   Pre Evacuate Collection Set: 0.1ms
[2023-10-17T14:01:14.325+0000][7.385s][info ][gc,phases     ] GC(20)   Evacuate Collection Set: 6.9ms
[2023-10-17T14:01:14.326+0000][7.385s][info ][gc,phases     ] GC(20)   Post Evacuate Collection Set: 2.2ms
[2023-10-17T14:01:14.326+0000][7.386s][info ][gc,phases     ] GC(20)   Other: 1.1ms
[2023-10-17T14:01:14.326+0000][7.386s][info ][gc,heap       ] GC(20) Eden regions: 51->0(163)
[2023-10-17T14:01:14.327+0000][7.387s][info ][gc,heap       ] GC(20) Survivor regions: 11->11(22)
[2023-10-17T14:01:14.327+0000][7.387s][info ][gc,heap       ] GC(20) Old regions: 20->20
[2023-10-17T14:01:14.328+0000][7.388s][info ][gc,heap       ] GC(20) Humongous regions: 0->0
[2023-10-17T14:01:14.328+0000][7.388s][info ][gc,metaspace  ] GC(20) Metaspace: 35124K(36048K)->35124K(36048K) NonClass: 30897K(31440K)->30897K(31440K) Class: 4226K(4608K)->4226K(4608K)
[2023-10-17T14:01:14.329+0000][7.389s][info ][gc            ] GC(20) Pause Young (Concurrent Start) (Metadata GC Threshold) 79M->29M(291M) 14.885ms
[2023-10-17T14:01:14.330+0000][7.390s][info ][gc,cpu        ] GC(20) User=0.06s Sys=0.00s Real=0.01s
[2023-10-17T14:01:14.330+0000][7.390s][info ][gc            ] GC(21) Concurrent Cycle
[2023-10-17T14:01:14.331+0000][7.391s][info ][gc,marking    ] GC(21) Concurrent Clear Claimed Marks
[2023-10-17T14:01:14.330+0000][7.390s][info ][safepoint     ] Leaving safepoint region
[2023-10-17T14:01:14.331+0000][7.391s][info ][gc,marking    ] GC(21) Concurrent Clear Claimed Marks 0.544ms
[2023-10-17T14:01:14.332+0000][7.392s][info ][gc,marking    ] GC(21) Concurrent Scan Root Regions
[2023-10-17T14:01:14.332+0000][7.392s][info ][safepoint     ] Total time for which application threads were stopped: 0.0179325 seconds, Stopping threads took: 0.0004319 seconds
[2023-10-17T14:01:14.333+0000][7.393s][info ][gc,stringdedup] Concurrent String Deduplication (7.393s)
[2023-10-17T14:01:14.335+0000][7.395s][info ][gc,stringdedup] Concurrent String Deduplication 310.2K->148.6K(161.6K) avg 42.8% (7.393s, 7.395s) 2.496ms
[2023-10-17T14:01:14.338+0000][7.398s][info ][gc,marking    ] GC(21) Concurrent Scan Root Regions 5.764ms
[2023-10-17T14:01:14.338+0000][7.398s][info ][gc,marking    ] GC(21) Concurrent Mark (7.398s)
[2023-10-17T14:01:14.339+0000][7.399s][info ][gc,marking    ] GC(21) Concurrent Mark From Roots
[2023-10-17T14:01:14.339+0000][7.399s][info ][gc,task       ] GC(21) Using 2 workers of 2 for marking
[2023-10-17T14:01:14.362+0000][7.422s][info ][gc,marking    ] GC(21) Concurrent Mark From Roots 23.047ms
[2023-10-17T14:01:14.363+0000][7.423s][info ][gc,marking    ] GC(21) Concurrent Preclean
[2023-10-17T14:01:14.363+0000][7.423s][info ][gc,marking    ] GC(21) Concurrent Preclean 0.558ms
[2023-10-17T14:01:14.364+0000][7.424s][info ][gc,marking    ] GC(21) Concurrent Mark (7.398s, 7.424s) 25.473ms
[2023-10-17T14:01:14.364+0000][7.424s][debug][safepoint     ] Safepoint synchronization initiated. (13 threads)
[2023-10-17T14:01:14.365+0000][7.425s][info ][safepoint     ] Application time: 0.0318228 seconds
[2023-10-17T14:01:14.365+0000][7.425s][info ][safepoint     ] Entering safepoint region: CGC_Operation
[2023-10-17T14:01:14.366+0000][7.426s][info ][gc,start      ] GC(21) Pause Remark
[2023-10-17T14:01:14.374+0000][7.434s][info ][gc,stringtable] GC(21) Cleaned string and symbol table, strings: 12706 processed, 31 removed, symbols: 122579 processed, 338 removed
[2023-10-17T14:01:14.375+0000][7.435s][info ][gc            ] GC(21) Pause Remark 34M->34M(291M) 9.342ms
[2023-10-17T14:01:14.375+0000][7.435s][info ][gc,cpu        ] GC(21) User=0.07s Sys=0.00s Real=0.01s
[2023-10-17T14:01:14.376+0000][7.436s][info ][safepoint     ] Leaving safepoint region
[2023-10-17T14:01:14.376+0000][7.436s][info ][safepoint     ] Total time for which application threads were stopped: 0.0110283 seconds, Stopping threads took: 0.0004039 seconds
[2023-10-17T14:01:14.377+0000][7.436s][info ][gc,marking    ] GC(21) Concurrent Rebuild Remembered Sets
[2023-10-17T14:01:14.387+0000][7.447s][info ][gc,marking    ] GC(21) Concurrent Rebuild Remembered Sets 10.208ms
[2023-10-17T14:01:14.387+0000][7.447s][debug][safepoint     ] Safepoint synchronization initiated. (13 threads)
[2023-10-17T14:01:14.388+0000][7.448s][info ][safepoint     ] Application time: 0.0111963 seconds
[2023-10-17T14:01:14.388+0000][7.448s][info ][safepoint     ] Entering safepoint region: CGC_Operation
[2023-10-17T14:01:14.389+0000][7.448s][info ][gc,start      ] GC(21) Pause Cleanup
[2023-10-17T14:01:14.389+0000][7.449s][info ][gc            ] GC(21) Pause Cleanup 37M->37M(291M) 0.515ms
[2023-10-17T14:01:14.389+0000][7.449s][info ][gc,cpu        ] GC(21) User=0.00s Sys=0.00s Real=0.00s
[2023-10-17T14:01:14.390+0000][7.450s][info ][safepoint     ] Leaving safepoint region
[2023-10-17T14:01:14.390+0000][7.450s][info ][safepoint     ] Total time for which application threads were stopped: 0.0020894 seconds, Stopping threads took: 0.0003808 seconds
[2023-10-17T14:01:14.391+0000][7.450s][info ][gc,marking    ] GC(21) Concurrent Cleanup for Next Mark
[2023-10-17T14:01:14.394+0000][7.454s][info ][gc,marking    ] GC(21) Concurrent Cleanup for Next Mark 3.502ms
[2023-10-17T14:01:14.395+0000][7.455s][info ][gc            ] GC(21) Concurrent Cycle 64.216ms
[2023-10-17T14:01:14.528+0000][7.588s][debug][safepoint     ] Safepoint synchronization initiated. (13 threads)
[2023-10-17T14:01:14.529+0000][7.589s][info ][safepoint     ] Application time: 0.1381151 seconds
[2023-10-17T14:01:14.529+0000][7.589s][info ][safepoint     ] Entering safepoint region: Deoptimize
[2023-10-17T14:01:14.530+0000][7.590s][info ][safepoint     ] Leaving safepoint region
[2023-10-17T14:01:14.531+0000][7.591s][info ][safepoint     ] Total time for which application threads were stopped: 0.0017257 seconds, Stopping threads took: 0.0003690 seconds
[2023-10-17T14:01:14.757+0000][7.817s][debug][safepoint     ] Safepoint synchronization initiated. (13 threads)
[2023-10-17T14:01:14.758+0000][7.818s][info ][safepoint     ] Application time: 0.2266990 seconds
[2023-10-17T14:01:14.759+0000][7.819s][debug][safepoint     ] Waiting for 1 thread(s) to block
[2023-10-17T14:01:14.760+0000][7.820s][info ][safepoint     ] Entering safepoint region: G1CollectForAllocation
[2023-10-17T14:01:14.761+0000][7.821s][info ][gc,start      ] GC(22) Pause Young (Normal) (G1 Evacuation Pause)
[2023-10-17T14:01:14.762+0000][7.822s][info ][gc,task       ] GC(22) Using 6 workers of 8 for evacuation
[2023-10-17T14:01:14.772+0000][7.832s][info ][gc,phases     ] GC(22)   Pre Evacuate Collection Set: 0.0ms
[2023-10-17T14:01:14.773+0000][7.833s][info ][gc,phases     ] GC(22)   Evacuate Collection Set: 6.9ms
[2023-10-17T14:01:14.774+0000][7.834s][info ][gc,phases     ] GC(22)   Post Evacuate Collection Set: 1.6ms
[2023-10-17T14:01:14.775+0000][7.835s][info ][gc,phases     ] GC(22)   Other: 2.3ms
[2023-10-17T14:01:14.776+0000][7.835s][info ][gc,heap       ] GC(22) Eden regions: 163->0(165)
[2023-10-17T14:01:14.776+0000][7.836s][info ][gc,heap       ] GC(22) Survivor regions: 11->9(22)
[2023-10-17T14:01:14.777+0000][7.837s][info ][gc,heap       ] GC(22) Old regions: 20->22
[2023-10-17T14:01:14.777+0000][7.837s][info ][gc,heap       ] GC(22) Humongous regions: 0->0
[2023-10-17T14:01:14.778+0000][7.838s][info ][gc,metaspace  ] GC(22) Metaspace: 37477K(38736K)->37477K(38736K) NonClass: 32888K(33744K)->32888K(33744K) Class: 4589K(4992K)->4589K(4992K)
[2023-10-17T14:01:14.778+0000][7.838s][info ][gc            ] GC(22) Pause Young (Normal) (G1 Evacuation Pause) 192M->29M(291M) 17.194ms
[2023-10-17T14:01:14.779+0000][7.839s][info ][gc,cpu        ] GC(22) User=0.04s Sys=0.00s Real=0.01s
[2023-10-17T14:01:14.780+0000][7.840s][info ][safepoint     ] Leaving safepoint region
[2023-10-17T14:01:14.781+0000][7.841s][info ][safepoint     ] Total time for which application threads were stopped: 0.0219815 seconds, Stopping threads took: 0.0019729 seconds
[2023-10-17T14:01:14.782+0000][7.842s][info ][gc,stringdedup] Concurrent String Deduplication (7.842s)
[2023-10-17T14:01:14.784+0000][7.844s][info ][gc,stringdedup] Concurrent String Deduplication 167.9K->70064.0B(101880.0B) avg 43.1% (7.842s, 7.843s) 1.828ms
[2023-10-17T14:01:14.877+0000][7.937s][debug][safepoint     ] Safepoint synchronization initiated. (13 threads)
[2023-10-17T14:01:14.878+0000][7.938s][info ][safepoint     ] Application time: 0.0966260 seconds
[2023-10-17T14:01:14.879+0000][7.939s][info ][safepoint     ] Entering safepoint region: Deoptimize
[2023-10-17T14:01:14.880+0000][7.940s][info ][safepoint     ] Leaving safepoint region
[2023-10-17T14:01:14.881+0000][7.941s][info ][safepoint     ] Total time for which application threads were stopped: 0.0018992 seconds, Stopping threads took: 0.0005460 seconds
[2023-10-17T14:01:15.621+0000][8.681s][debug][safepoint     ] Safepoint synchronization initiated. (13 threads)
[2023-10-17T14:01:15.622+0000][8.682s][info ][safepoint     ] Application time: 0.7407620 seconds
[2023-10-17T14:01:15.622+0000][8.682s][debug][safepoint     ] Waiting for 1 thread(s) to block
[2023-10-17T14:01:15.623+0000][8.683s][info ][safepoint     ] Entering safepoint region: G1CollectForAllocation
[2023-10-17T14:01:15.624+0000][8.684s][info ][gc,start      ] GC(23) Pause Young (Normal) (G1 Evacuation Pause)
[2023-10-17T14:01:15.624+0000][8.684s][info ][gc,task       ] GC(23) Using 6 workers of 8 for evacuation
[2023-10-17T14:01:15.635+0000][8.695s][info ][gc,phases     ] GC(23)   Pre Evacuate Collection Set: 0.0ms
[2023-10-17T14:01:15.636+0000][8.696s][info ][gc,phases     ] GC(23)   Evacuate Collection Set: 9.2ms
[2023-10-17T14:01:15.636+0000][8.696s][info ][gc,phases     ] GC(23)   Post Evacuate Collection Set: 1.6ms
[2023-10-17T14:01:15.637+0000][8.697s][info ][gc,phases     ] GC(23)   Other: 0.9ms
[2023-10-17T14:01:15.637+0000][8.697s][info ][gc,heap       ] GC(23) Eden regions: 165->0(165)
[2023-10-17T14:01:15.638+0000][8.698s][info ][gc,heap       ] GC(23) Survivor regions: 9->9(22)
[2023-10-17T14:01:15.638+0000][8.698s][info ][gc,heap       ] GC(23) Old regions: 22->24
[2023-10-17T14:01:15.638+0000][8.698s][info ][gc,heap       ] GC(23) Humongous regions: 0->0
[2023-10-17T14:01:15.639+0000][8.699s][info ][gc,metaspace  ] GC(23) Metaspace: 39821K(41040K)->39821K(41040K) NonClass: 34935K(35792K)->34935K(35792K) Class: 4885K(5248K)->4885K(5248K)
[2023-10-17T14:01:15.639+0000][8.699s][info ][gc            ] GC(23) Pause Young (Normal) (G1 Evacuation Pause) 194M->31M(291M) 15.450ms
[2023-10-17T14:01:15.640+0000][8.699s][info ][gc,cpu        ] GC(23) User=0.08s Sys=0.00s Real=0.01s
[2023-10-17T14:01:15.640+0000][8.700s][info ][safepoint     ] Leaving safepoint region
[2023-10-17T14:01:15.640+0000][8.700s][info ][safepoint     ] Total time for which application threads were stopped: 0.0177461 seconds, Stopping threads took: 0.0009483 seconds
[2023-10-17T14:01:15.641+0000][8.701s][info ][gc,stringdedup] Concurrent String Deduplication (8.701s)
[2023-10-17T14:01:15.642+0000][8.701s][info ][gc,stringdedup] Concurrent String Deduplication 58360.0B->21536.0B(36824.0B) avg 43.3% (8.701s, 8.701s) 0.921ms
[2023-10-17T14:01:16.283+0000][9.343s][debug][safepoint     ] Safepoint synchronization initiated. (13 threads)
[2023-10-17T14:01:16.283+0000][9.343s][info ][safepoint     ] Application time: 0.6428512 seconds
[2023-10-17T14:01:16.284+0000][9.344s][info ][safepoint     ] Entering safepoint region: Deoptimize
[2023-10-17T14:01:16.286+0000][9.345s][info ][safepoint     ] Leaving safepoint region
[2023-10-17T14:01:16.286+0000][9.346s][info ][safepoint     ] Total time for which application threads were stopped: 0.0021273 seconds, Stopping threads took: 0.0005524 seconds
[2023-10-17T14:01:16.322+0000][9.382s][debug][safepoint     ] Safepoint synchronization initiated. (13 threads)
[2023-10-17T14:01:16.323+0000][9.383s][info ][safepoint     ] Application time: 0.0359342 seconds
[2023-10-17T14:01:16.323+0000][9.383s][info ][safepoint     ] Entering safepoint region: Deoptimize
[2023-10-17T14:01:16.324+0000][9.384s][info ][safepoint     ] Leaving safepoint region
[2023-10-17T14:01:16.325+0000][9.385s][info ][safepoint     ] Total time for which application threads were stopped: 0.0015730 seconds, Stopping threads took: 0.0004483 seconds
[2023-10-17T14:01:16.361+0000][9.421s][debug][safepoint     ] Safepoint synchronization initiated. (13 threads)
[2023-10-17T14:01:16.361+0000][9.421s][info ][safepoint     ] Application time: 0.0362997 seconds
[2023-10-17T14:01:16.362+0000][9.422s][info ][safepoint     ] Entering safepoint region: Deoptimize
[2023-10-17T14:01:16.363+0000][9.423s][info ][safepoint     ] Leaving safepoint region
[2023-10-17T14:01:16.363+0000][9.423s][info ][safepoint     ] Total time for which application threads were stopped: 0.0015193 seconds, Stopping threads took: 0.0004278 seconds
[2023-10-17T14:01:16.671+0000][9.731s][debug][safepoint     ] Safepoint synchronization initiated. (13 threads)
[2023-10-17T14:01:16.672+0000][9.732s][info ][safepoint     ] Application time: 0.3082372 seconds
[2023-10-17T14:01:16.673+0000][9.732s][info ][safepoint     ] Entering safepoint region: Deoptimize
[2023-10-17T14:01:16.674+0000][9.734s][info ][safepoint     ] Leaving safepoint region
[2023-10-17T14:01:16.674+0000][9.734s][info ][safepoint     ] Total time for which application threads were stopped: 0.0017332 seconds, Stopping threads took: 0.0003911 seconds
[2023-10-17T14:01:16.676+0000][9.736s][debug][safepoint     ] Safepoint synchronization initiated. (13 threads)
[2023-10-17T14:01:16.677+0000][9.737s][info ][safepoint     ] Application time: 0.0020854 seconds
[2023-10-17T14:01:16.677+0000][9.737s][info ][safepoint     ] Entering safepoint region: Deoptimize
[2023-10-17T14:01:16.678+0000][9.738s][info ][safepoint     ] Leaving safepoint region
[2023-10-17T14:01:16.679+0000][9.739s][info ][safepoint     ] Total time for which application threads were stopped: 0.0015045 seconds, Stopping threads took: 0.0004174 seconds
[2023-10-17T14:01:16.726+0000][9.786s][debug][safepoint     ] Safepoint synchronization initiated. (13 threads)
[2023-10-17T14:01:16.727+0000][9.786s][info ][safepoint     ] Application time: 0.0474981 seconds
[2023-10-17T14:01:16.727+0000][9.787s][info ][safepoint     ] Entering safepoint region: G1CollectForAllocation
[2023-10-17T14:01:16.728+0000][9.788s][info ][gc,start      ] GC(24) Pause Young (Normal) (G1 Evacuation Pause)
[2023-10-17T14:01:16.728+0000][9.788s][info ][gc,task       ] GC(24) Using 6 workers of 8 for evacuation
[2023-10-17T14:01:16.744+0000][9.804s][info ][gc,phases     ] GC(24)   Pre Evacuate Collection Set: 0.0ms
[2023-10-17T14:01:16.745+0000][9.805s][info ][gc,phases     ] GC(24)   Evacuate Collection Set: 10.2ms
[2023-10-17T14:01:16.745+0000][9.805s][info ][gc,phases     ] GC(24)   Post Evacuate Collection Set: 5.4ms
[2023-10-17T14:01:16.746+0000][9.806s][info ][gc,phases     ] GC(24)   Other: 1.0ms
[2023-10-17T14:01:16.746+0000][9.806s][info ][gc,heap       ] GC(24) Eden regions: 165->0(199)
[2023-10-17T14:01:16.746+0000][9.806s][info ][gc,heap       ] GC(24) Survivor regions: 9->11(22)
[2023-10-17T14:01:16.747+0000][9.807s][info ][gc,heap       ] GC(24) Old regions: 24->25
[2023-10-17T14:01:16.747+0000][9.807s][info ][gc,heap       ] GC(24) Humongous regions: 0->0
[2023-10-17T14:01:16.747+0000][9.807s][info ][gc,metaspace  ] GC(24) Metaspace: 43678K(45008K)->43678K(45008K) NonClass: 38275K(39120K)->38275K(39120K) Class: 5402K(5888K)->5402K(5888K)
[2023-10-17T14:01:16.748+0000][9.808s][info ][gc            ] GC(24) Pause Young (Normal) (G1 Evacuation Pause) 196M->33M(350M) 20.077ms
[2023-10-17T14:01:16.748+0000][9.808s][info ][gc,cpu        ] GC(24) User=0.12s Sys=0.00s Real=0.02s
[2023-10-17T14:01:16.748+0000][9.808s][info ][safepoint     ] Leaving safepoint region
[2023-10-17T14:01:16.749+0000][9.809s][info ][safepoint     ] Total time for which application threads were stopped: 0.0216768 seconds, Stopping threads took: 0.0004876 seconds
[2023-10-17T14:01:16.749+0000][9.809s][info ][gc,stringdedup] Concurrent String Deduplication (9.809s)
[2023-10-17T14:01:16.752+0000][9.812s][info ][gc,stringdedup] Concurrent String Deduplication 93800.0B->28120.0B(65680.0B) avg 43.5% (9.809s, 9.812s) 3.018ms
[2023-10-17T14:01:16.788+0000][9.848s][debug][safepoint     ] Safepoint synchronization initiated. (13 threads)
[2023-10-17T14:01:16.789+0000][9.849s][info ][safepoint     ] Application time: 0.0399320 seconds
[2023-10-17T14:01:16.789+0000][9.849s][info ][safepoint     ] Entering safepoint region: Deoptimize
[2023-10-17T14:01:16.790+0000][9.850s][info ][safepoint     ] Leaving safepoint region
[2023-10-17T14:01:16.791+0000][9.851s][info ][safepoint     ] Total time for which application threads were stopped: 0.0015705 seconds, Stopping threads took: 0.0003955 seconds
[2023-10-17T14:01:17.146+0000][10.206s][debug][safepoint     ] Safepoint synchronization initiated. (13 threads)
[2023-10-17T14:01:17.147+0000][10.207s][info ][safepoint     ] Application time: 0.3553269 seconds
[2023-10-17T14:01:17.147+0000][10.207s][info ][safepoint     ] Entering safepoint region: Deoptimize
[2023-10-17T14:01:17.148+0000][10.208s][info ][safepoint     ] Leaving safepoint region
[2023-10-17T14:01:17.149+0000][10.209s][info ][safepoint     ] Total time for which application threads were stopped: 0.0018130 seconds, Stopping threads took: 0.0004187 seconds
[2023-10-17T14:01:17.151+0000][10.211s][debug][safepoint     ] Safepoint synchronization initiated. (13 threads)
[2023-10-17T14:01:17.151+0000][10.211s][info ][safepoint     ] Application time: 0.0015337 seconds
[2023-10-17T14:01:17.152+0000][10.212s][info ][safepoint     ] Entering safepoint region: Deoptimize
[2023-10-17T14:01:17.153+0000][10.213s][info ][safepoint     ] Leaving safepoint region
[2023-10-17T14:01:17.154+0000][10.214s][info ][safepoint     ] Total time for which application threads were stopped: 0.0022246 seconds, Stopping threads took: 0.0005184 seconds
[2023-10-17T14:01:17.346+0000][10.405s][debug][safepoint     ] Safepoint synchronization initiated. (13 threads)
[2023-10-17T14:01:17.346+0000][10.406s][info ][safepoint     ] Application time: 0.1916504 seconds
[2023-10-17T14:01:17.347+0000][10.407s][info ][safepoint     ] Entering safepoint region: Deoptimize
[2023-10-17T14:01:17.348+0000][10.408s][info ][safepoint     ] Leaving safepoint region
[2023-10-17T14:01:17.349+0000][10.409s][info ][safepoint     ] Total time for which application threads were stopped: 0.0019491 seconds, Stopping threads took: 0.0005827 seconds
[2023-10-17T14:01:17.504+0000][10.564s][debug][safepoint     ] Safepoint synchronization initiated. (13 threads)
[2023-10-17T14:01:17.505+0000][10.565s][info ][safepoint     ] Application time: 0.1555886 seconds
[2023-10-17T14:01:17.505+0000][10.565s][info ][safepoint     ] Entering safepoint region: Deoptimize
[2023-10-17T14:01:17.507+0000][10.566s][info ][safepoint     ] Leaving safepoint region
[2023-10-17T14:01:17.507+0000][10.567s][info ][safepoint     ] Total time for which application threads were stopped: 0.0017626 seconds, Stopping threads took: 0.0004300 seconds
[2023-10-17T14:01:17.791+0000][10.850s][debug][safepoint     ] Safepoint synchronization initiated. (13 threads)
[2023-10-17T14:01:17.791+0000][10.851s][info ][safepoint     ] Application time: 0.2835225 seconds
[2023-10-17T14:01:17.792+0000][10.852s][info ][safepoint     ] Entering safepoint region: G1CollectForAllocation
[2023-10-17T14:01:17.792+0000][10.852s][info ][gc,start      ] GC(25) Pause Young (Normal) (G1 Evacuation Pause)
[2023-10-17T14:01:17.793+0000][10.853s][info ][gc,task       ] GC(25) Using 8 workers of 8 for evacuation
[2023-10-17T14:01:17.836+0000][10.895s][info ][gc,phases     ] GC(25)   Pre Evacuate Collection Set: 0.0ms
[2023-10-17T14:01:17.836+0000][10.896s][info ][gc,phases     ] GC(25)   Evacuate Collection Set: 38.0ms
[2023-10-17T14:01:17.837+0000][10.897s][info ][gc,phases     ] GC(25)   Post Evacuate Collection Set: 3.3ms
[2023-10-17T14:01:17.837+0000][10.897s][info ][gc,phases     ] GC(25)   Other: 1.9ms
[2023-10-17T14:01:17.838+0000][10.898s][info ][gc,heap       ] GC(25) Eden regions: 199->0(197)
[2023-10-17T14:01:17.838+0000][10.898s][info ][gc,heap       ] GC(25) Survivor regions: 11->13(27)
[2023-10-17T14:01:17.838+0000][10.898s][info ][gc,heap       ] GC(25) Old regions: 25->26
[2023-10-17T14:01:17.839+0000][10.899s][info ][gc,heap       ] GC(25) Humongous regions: 0->0
[2023-10-17T14:01:17.839+0000][10.899s][info ][gc,metaspace  ] GC(25) Metaspace: 49699K(51152K)->49699K(51152K) NonClass: 43551K(44496K)->43551K(44496K) Class: 6147K(6656K)->6147K(6656K)
[2023-10-17T14:01:17.840+0000][10.899s][info ][gc            ] GC(25) Pause Young (Normal) (G1 Evacuation Pause) 232M->36M(350M) 47.163ms
[2023-10-17T14:01:17.840+0000][10.900s][info ][gc,cpu        ] GC(25) User=0.30s Sys=0.01s Real=0.04s
[2023-10-17T14:01:17.840+0000][10.900s][info ][safepoint     ] Leaving safepoint region
[2023-10-17T14:01:17.841+0000][10.900s][info ][safepoint     ] Total time for which application threads were stopped: 0.0489416 seconds, Stopping threads took: 0.0004323 seconds
[2023-10-17T14:01:17.841+0000][10.901s][info ][gc,stringdedup] Concurrent String Deduplication (10.901s)
[2023-10-17T14:01:17.844+0000][10.903s][info ][gc,stringdedup] Concurrent String Deduplication 281.5K->79632.0B(203.8K) avg 44.4% (10.901s, 10.903s) 2.604ms
[2023-10-17T14:01:17.910+0000][10.970s][debug][safepoint     ] Safepoint synchronization initiated. (13 threads)
[2023-10-17T14:01:17.910+0000][10.970s][info ][safepoint     ] Application time: 0.0695643 seconds
[2023-10-17T14:01:17.911+0000][10.971s][info ][safepoint     ] Entering safepoint region: Deoptimize
[2023-10-17T14:01:17.912+0000][10.972s][info ][safepoint     ] Leaving safepoint region
[2023-10-17T14:01:17.913+0000][10.972s][info ][safepoint     ] Total time for which application threads were stopped: 0.0016219 seconds, Stopping threads took: 0.0003928 seconds
[2023-10-17T14:01:18.913+0000][11.973s][debug][safepoint     ] Safepoint synchronization initiated. (15 threads)
[2023-10-17T14:01:18.914+0000][11.974s][info ][safepoint     ] Application time: 1.0012219 seconds
[2023-10-17T14:01:18.915+0000][11.975s][info ][safepoint     ] Entering safepoint region: Cleanup
[2023-10-17T14:01:18.916+0000][11.976s][info ][safepoint     ] Leaving safepoint region
[2023-10-17T14:01:18.917+0000][11.977s][info ][safepoint     ] Total time for which application threads were stopped: 0.0020341 seconds, Stopping threads took: 0.0008980 seconds
[2023-10-17T14:01:19.010+0000][12.070s][debug][safepoint     ] Safepoint synchronization initiated. (15 threads)
[2023-10-17T14:01:19.011+0000][12.070s][info ][safepoint     ] Application time: 0.0928147 seconds
[2023-10-17T14:01:19.011+0000][12.071s][info ][safepoint     ] Entering safepoint region: Deoptimize
[2023-10-17T14:01:19.012+0000][12.072s][info ][safepoint     ] Leaving safepoint region
[2023-10-17T14:01:19.013+0000][12.073s][info ][safepoint     ] Total time for which application threads were stopped: 0.0019066 seconds, Stopping threads took: 0.0005224 seconds
[2023-10-17T14:01:19.124+0000][12.184s][debug][safepoint     ] Safepoint synchronization initiated. (16 threads)
[2023-10-17T14:01:19.125+0000][12.185s][info ][safepoint     ] Application time: 0.1115070 seconds
[2023-10-17T14:01:19.125+0000][12.185s][info ][safepoint     ] Entering safepoint region: Deoptimize
[2023-10-17T14:01:19.127+0000][12.187s][info ][safepoint     ] Leaving safepoint region
[2023-10-17T14:01:19.127+0000][12.187s][info ][safepoint     ] Total time for which application threads were stopped: 0.0017301 seconds, Stopping threads took: 0.0004456 seconds
[2023-10-17T14:01:19.412+0000][12.472s][debug][safepoint     ] Safepoint synchronization initiated. (16 threads)
[2023-10-17T14:01:19.413+0000][12.473s][info ][safepoint     ] Application time: 0.2853291 seconds
[2023-10-17T14:01:19.413+0000][12.473s][info ][safepoint     ] Entering safepoint region: ICBufferFull
[2023-10-17T14:01:19.414+0000][12.474s][info ][safepoint     ] Leaving safepoint region
[2023-10-17T14:01:19.414+0000][12.474s][info ][safepoint     ] Total time for which application threads were stopped: 0.0010332 seconds, Stopping threads took: 0.0004222 seconds
[2023-10-17T14:01:19.947+0000][13.007s][debug][safepoint     ] Safepoint synchronization initiated. (16 threads)
[2023-10-17T14:01:19.948+0000][13.008s][info ][safepoint     ] Application time: 0.5332734 seconds
[2023-10-17T14:01:19.949+0000][13.008s][info ][safepoint     ] Entering safepoint region: G1CollectForAllocation
[2023-10-17T14:01:19.949+0000][13.009s][info ][gc,start      ] GC(26) Pause Young (Normal) (G1 Evacuation Pause)
[2023-10-17T14:01:19.950+0000][13.010s][info ][gc,task       ] GC(26) Using 8 workers of 8 for evacuation
[2023-10-17T14:01:19.969+0000][13.029s][info ][gc,phases     ] GC(26)   Pre Evacuate Collection Set: 0.0ms
[2023-10-17T14:01:19.970+0000][13.030s][info ][gc,phases     ] GC(26)   Evacuate Collection Set: 16.9ms
[2023-10-17T14:01:19.970+0000][13.030s][info ][gc,phases     ] GC(26)   Post Evacuate Collection Set: 1.9ms
[2023-10-17T14:01:19.971+0000][13.031s][info ][gc,phases     ] GC(26)   Other: 1.1ms
[2023-10-17T14:01:19.971+0000][13.031s][info ][gc,heap       ] GC(26) Eden regions: 197->0(195)
[2023-10-17T14:01:19.971+0000][13.031s][info ][gc,heap       ] GC(26) Survivor regions: 13->15(27)
[2023-10-17T14:01:19.972+0000][13.032s][info ][gc,heap       ] GC(26) Old regions: 26->26
[2023-10-17T14:01:19.972+0000][13.032s][info ][gc,heap       ] GC(26) Humongous regions: 0->0
[2023-10-17T14:01:19.973+0000][13.033s][info ][gc,metaspace  ] GC(26) Metaspace: 54972K(56400K)->54972K(56400K) NonClass: 48208K(49104K)->48208K(49104K) Class: 6763K(7296K)->6763K(7296K)
[2023-10-17T14:01:19.973+0000][13.033s][info ][gc            ] GC(26) Pause Young (Normal) (G1 Evacuation Pause) 233M->38M(350M) 24.042ms
[2023-10-17T14:01:19.974+0000][13.034s][info ][gc,cpu        ] GC(26) User=0.17s Sys=0.00s Real=0.03s
[2023-10-17T14:01:19.974+0000][13.034s][info ][safepoint     ] Leaving safepoint region
[2023-10-17T14:01:19.975+0000][13.035s][info ][safepoint     ] Total time for which application threads were stopped: 0.0262232 seconds, Stopping threads took: 0.0006347 seconds
[2023-10-17T14:01:19.975+0000][13.035s][info ][gc,stringdedup] Concurrent String Deduplication (13.035s)
[2023-10-17T14:01:19.979+0000][13.039s][info ][gc,stringdedup] Concurrent String Deduplication 195.4K->83504.0B(113.8K) avg 44.7% (13.035s, 13.039s) 3.369ms
[2023-10-17T14:01:20.898+0000][13.958s][debug][safepoint     ] Safepoint synchronization initiated. (14 threads)
[2023-10-17T14:01:20.899+0000][13.959s][info ][safepoint     ] Application time: 0.9237976 seconds
[2023-10-17T14:01:20.900+0000][13.960s][info ][safepoint     ] Entering safepoint region: CollectForMetadataAllocation
[2023-10-17T14:01:20.901+0000][13.961s][info ][gc,start      ] GC(27) Pause Young (Concurrent Start) (Metadata GC Threshold)
[2023-10-17T14:01:20.902+0000][13.962s][info ][gc,task       ] GC(27) Using 8 workers of 8 for evacuation
[2023-10-17T14:01:20.917+0000][13.977s][info ][gc,phases     ] GC(27)   Pre Evacuate Collection Set: 0.2ms
[2023-10-17T14:01:20.918+0000][13.978s][info ][gc,phases     ] GC(27)   Evacuate Collection Set: 11.5ms
[2023-10-17T14:01:20.919+0000][13.979s][info ][gc,phases     ] GC(27)   Post Evacuate Collection Set: 2.1ms
[2023-10-17T14:01:20.919+0000][13.979s][info ][gc,phases     ] GC(27)   Other: 2.1ms
[2023-10-17T14:01:20.920+0000][13.980s][info ][gc,heap       ] GC(27) Eden regions: 186->0(195)
[2023-10-17T14:01:20.921+0000][13.981s][info ][gc,heap       ] GC(27) Survivor regions: 15->15(27)
[2023-10-17T14:01:20.922+0000][13.982s][info ][gc,heap       ] GC(27) Old regions: 26->27
[2023-10-17T14:01:20.922+0000][13.982s][info ][gc,heap       ] GC(27) Humongous regions: 0->0
[2023-10-17T14:01:20.923+0000][13.983s][info ][gc,metaspace  ] GC(27) Metaspace: 58982K(60496K)->58982K(60496K) NonClass: 51518K(52432K)->51518K(52432K) Class: 7463K(8064K)->7463K(8064K)
[2023-10-17T14:01:20.924+0000][13.984s][info ][gc            ] GC(27) Pause Young (Concurrent Start) (Metadata GC Threshold) 224M->40M(350M) 22.442ms
[2023-10-17T14:01:20.924+0000][13.984s][info ][gc,cpu        ] GC(27) User=0.02s Sys=0.05s Real=0.02s
[2023-10-17T14:01:20.925+0000][13.985s][info ][safepoint     ] Leaving safepoint region
[2023-10-17T14:01:20.926+0000][13.986s][info ][safepoint     ] Total time for which application threads were stopped: 0.0259002 seconds, Stopping threads took: 0.0008355 seconds
[2023-10-17T14:01:20.925+0000][13.985s][info ][gc            ] GC(28) Concurrent Cycle
[2023-10-17T14:01:20.927+0000][13.987s][info ][gc,marking    ] GC(28) Concurrent Clear Claimed Marks
[2023-10-17T14:01:20.927+0000][13.987s][info ][gc,stringdedup] Concurrent String Deduplication (13.987s)
[2023-10-17T14:01:20.928+0000][13.988s][info ][gc,marking    ] GC(28) Concurrent Clear Claimed Marks 0.757ms
[2023-10-17T14:01:20.929+0000][13.989s][info ][gc,marking    ] GC(28) Concurrent Scan Root Regions
[2023-10-17T14:01:20.930+0000][13.990s][info ][gc,stringdedup] Concurrent String Deduplication 241.5K->115.8K(125.7K) avg 44.9% (13.987s, 13.990s) 3.741ms
[2023-10-17T14:01:20.936+0000][13.996s][info ][gc,marking    ] GC(28) Concurrent Scan Root Regions 7.554ms
[2023-10-17T14:01:20.937+0000][13.997s][info ][gc,marking    ] GC(28) Concurrent Mark (13.997s)
[2023-10-17T14:01:20.938+0000][13.998s][info ][gc,marking    ] GC(28) Concurrent Mark From Roots
[2023-10-17T14:01:20.939+0000][13.999s][info ][gc,task       ] GC(28) Using 2 workers of 2 for marking
[2023-10-17T14:01:20.956+0000][14.016s][debug][safepoint     ] Safepoint synchronization initiated. (14 threads)
[2023-10-17T14:01:20.958+0000][14.018s][info ][safepoint     ] Application time: 0.0310879 seconds
[2023-10-17T14:01:20.958+0000][14.018s][info ][safepoint     ] Entering safepoint region: CollectForMetadataAllocation
[2023-10-17T14:01:20.960+0000][14.020s][info ][safepoint     ] Leaving safepoint region
[2023-10-17T14:01:20.961+0000][14.021s][info ][safepoint     ] Total time for which application threads were stopped: 0.0021479 seconds, Stopping threads took: 0.0011246 seconds
[2023-10-17T14:01:20.968+0000][14.028s][info ][gc,marking    ] GC(28) Concurrent Mark From Roots 29.885ms
[2023-10-17T14:01:20.968+0000][14.028s][info ][gc,marking    ] GC(28) Concurrent Preclean
[2023-10-17T14:01:20.969+0000][14.029s][info ][gc,marking    ] GC(28) Concurrent Preclean 0.750ms
[2023-10-17T14:01:20.970+0000][14.030s][info ][gc,marking    ] GC(28) Concurrent Mark (13.997s, 14.030s) 32.759ms
[2023-10-17T14:01:20.971+0000][14.031s][debug][safepoint     ] Safepoint synchronization initiated. (14 threads)
[2023-10-17T14:01:20.972+0000][14.032s][info ][safepoint     ] Application time: 0.0101945 seconds
[2023-10-17T14:01:20.972+0000][14.032s][info ][safepoint     ] Entering safepoint region: CGC_Operation
[2023-10-17T14:01:20.973+0000][14.033s][info ][gc,start      ] GC(28) Pause Remark
[2023-10-17T14:01:20.980+0000][14.040s][info ][gc,stringtable] GC(28) Cleaned string and symbol table, strings: 23453 processed, 0 removed, symbols: 192244 processed, 178 removed
[2023-10-17T14:01:20.981+0000][14.041s][info ][gc            ] GC(28) Pause Remark 48M->48M(350M) 7.832ms
[2023-10-17T14:01:20.982+0000][14.042s][info ][gc,cpu        ] GC(28) User=0.03s Sys=0.00s Real=0.01s
[2023-10-17T14:01:20.982+0000][14.042s][info ][safepoint     ] Leaving safepoint region
[2023-10-17T14:01:20.983+0000][14.043s][info ][safepoint     ] Total time for which application threads were stopped: 0.0106153 seconds, Stopping threads took: 0.0006549 seconds
[2023-10-17T14:01:20.984+0000][14.044s][info ][gc,marking    ] GC(28) Concurrent Rebuild Remembered Sets
[2023-10-17T14:01:20.999+0000][14.059s][info ][gc,marking    ] GC(28) Concurrent Rebuild Remembered Sets 15.155ms
[2023-10-17T14:01:21.000+0000][14.060s][debug][safepoint     ] Safepoint synchronization initiated. (14 threads)
[2023-10-17T14:01:21.000+0000][14.060s][info ][safepoint     ] Application time: 0.0166385 seconds
[2023-10-17T14:01:21.001+0000][14.061s][debug][safepoint     ] ... found polling page loop exception at pc = 0x00007fc1a44535e8, stub =0x00007fc19c843680
[2023-10-17T14:01:21.003+0000][14.063s][debug][safepoint     ] Waiting for 1 thread(s) to block
[2023-10-17T14:01:21.004+0000][14.064s][info ][safepoint     ] Entering safepoint region: CGC_Operation
[2023-10-17T14:01:21.005+0000][14.064s][info ][gc,start      ] GC(28) Pause Cleanup
[2023-10-17T14:01:21.005+0000][14.065s][info ][gc            ] GC(28) Pause Cleanup 50M->50M(350M) 0.990ms
[2023-10-17T14:01:21.006+0000][14.066s][info ][gc,cpu        ] GC(28) User=0.01s Sys=0.00s Real=0.00s
[2023-10-17T14:01:21.007+0000][14.067s][info ][safepoint     ] Leaving safepoint region
[2023-10-17T14:01:21.008+0000][14.067s][info ][safepoint     ] Total time for which application threads were stopped: 0.0066232 seconds, Stopping threads took: 0.0034403 seconds
[2023-10-17T14:01:21.008+0000][14.068s][info ][gc,marking    ] GC(28) Concurrent Cleanup for Next Mark
[2023-10-17T14:01:21.010+0000][14.070s][info ][gc,marking    ] GC(28) Concurrent Cleanup for Next Mark 1.976ms
[2023-10-17T14:01:21.011+0000][14.071s][info ][gc            ] GC(28) Concurrent Cycle 85.611ms
[2023-10-17T14:01:21.586+0000][14.646s][debug][safepoint     ] Safepoint synchronization initiated. (18 threads)
[2023-10-17T14:01:21.586+0000][14.646s][info ][safepoint     ] Application time: 0.5782146 seconds
[2023-10-17T14:01:21.587+0000][14.647s][debug][safepoint     ] Waiting for 1 thread(s) to block
[2023-10-17T14:01:21.587+0000][14.647s][info ][safepoint     ] Entering safepoint region: ICBufferFull
[2023-10-17T14:01:21.588+0000][14.648s][info ][safepoint     ] Leaving safepoint region
[2023-10-17T14:01:21.589+0000][14.649s][info ][safepoint     ] Total time for which application threads were stopped: 0.0017489 seconds, Stopping threads took: 0.0010957 seconds
[2023-10-17T14:01:21.886+0000][14.946s][debug][safepoint     ] Safepoint synchronization initiated. (18 threads)
[2023-10-17T14:01:21.887+0000][14.947s][info ][safepoint     ] Application time: 0.2974904 seconds
[2023-10-17T14:01:21.887+0000][14.947s][info ][safepoint     ] Entering safepoint region: Deoptimize
[2023-10-17T14:01:21.893+0000][14.952s][info ][safepoint     ] Leaving safepoint region
[2023-10-17T14:01:21.894+0000][14.954s][info ][safepoint     ] Total time for which application threads were stopped: 0.0065857 seconds, Stopping threads took: 0.0004959 seconds
[2023-10-17T14:01:21.969+0000][15.029s][debug][safepoint     ] Safepoint synchronization initiated. (18 threads)
[2023-10-17T14:01:21.969+0000][15.029s][info ][safepoint     ] Application time: 0.0746617 seconds
[2023-10-17T14:01:21.970+0000][15.030s][info ][safepoint     ] Entering safepoint region: Deoptimize
[2023-10-17T14:01:21.972+0000][15.032s][info ][safepoint     ] Leaving safepoint region
[2023-10-17T14:01:21.973+0000][15.033s][info ][safepoint     ] Total time for which application threads were stopped: 0.0028423 seconds, Stopping threads took: 0.0006029 seconds
[2023-10-17T14:01:22.242+0000][15.302s][debug][safepoint     ] Safepoint synchronization initiated. (18 threads)
[2023-10-17T14:01:22.243+0000][15.303s][info ][safepoint     ] Application time: 0.2698296 seconds
[2023-10-17T14:01:22.243+0000][15.303s][info ][safepoint     ] Entering safepoint region: G1CollectForAllocation
[2023-10-17T14:01:22.244+0000][15.304s][info ][gc,start      ] GC(29) Pause Young (Concurrent Start) (G1 Evacuation Pause)
[2023-10-17T14:01:22.245+0000][15.305s][info ][gc,task       ] GC(29) Using 8 workers of 8 for evacuation
[2023-10-17T14:01:22.281+0000][15.341s][info ][gc,phases     ] GC(29)   Pre Evacuate Collection Set: 0.3ms
[2023-10-17T14:01:22.282+0000][15.342s][info ][gc,phases     ] GC(29)   Evacuate Collection Set: 30.0ms
[2023-10-17T14:01:22.283+0000][15.343s][info ][gc,phases     ] GC(29)   Post Evacuate Collection Set: 5.6ms
[2023-10-17T14:01:22.283+0000][15.343s][info ][gc,phases     ] GC(29)   Other: 1.2ms
[2023-10-17T14:01:22.284+0000][15.344s][info ][gc,heap       ] GC(29) Eden regions: 195->0(192)
[2023-10-17T14:01:22.284+0000][15.344s][info ][gc,heap       ] GC(29) Survivor regions: 15->18(27)
[2023-10-17T14:01:22.285+0000][15.345s][info ][gc,heap       ] GC(29) Old regions: 27->28
[2023-10-17T14:01:22.285+0000][15.345s][info ][gc,heap       ] GC(29) Humongous regions: 0->0
[2023-10-17T14:01:22.286+0000][15.346s][info ][gc,metaspace  ] GC(29) Metaspace: 65041K(66896K)->65041K(66896K) NonClass: 56773K(58064K)->56773K(58064K) Class: 8267K(8832K)->8267K(8832K)
[2023-10-17T14:01:22.287+0000][15.347s][info ][gc            ] GC(29) Pause Young (Concurrent Start) (G1 Evacuation Pause) 235M->43M(350M) 42.622ms
[2023-10-17T14:01:22.287+0000][15.347s][info ][gc,cpu        ] GC(29) User=0.22s Sys=0.00s Real=0.04s
[2023-10-17T14:01:22.288+0000][15.348s][info ][gc            ] GC(30) Concurrent Cycle
[2023-10-17T14:01:22.288+0000][15.348s][info ][safepoint     ] Leaving safepoint region
[2023-10-17T14:01:22.289+0000][15.349s][info ][gc,marking    ] GC(30) Concurrent Clear Claimed Marks
[2023-10-17T14:01:22.289+0000][15.349s][info ][safepoint     ] Total time for which application threads were stopped: 0.0458774 seconds, Stopping threads took: 0.0005119 seconds
[2023-10-17T14:01:22.290+0000][15.350s][info ][gc,marking    ] GC(30) Concurrent Clear Claimed Marks 1.387ms
[2023-10-17T14:01:22.291+0000][15.351s][info ][gc,marking    ] GC(30) Concurrent Scan Root Regions
[2023-10-17T14:01:22.290+0000][15.350s][info ][gc,stringdedup] Concurrent String Deduplication (15.350s)
[2023-10-17T14:01:22.296+0000][15.356s][info ][gc,stringdedup] Concurrent String Deduplication 257.2K->92104.0B(167.3K) avg 45.5% (15.350s, 15.355s) 5.174ms
[2023-10-17T14:01:22.302+0000][15.362s][info ][gc,marking    ] GC(30) Concurrent Scan Root Regions 11.050ms
[2023-10-17T14:01:22.303+0000][15.362s][info ][gc,marking    ] GC(30) Concurrent Mark (15.362s)
[2023-10-17T14:01:22.303+0000][15.363s][info ][gc,marking    ] GC(30) Concurrent Mark From Roots
[2023-10-17T14:01:22.304+0000][15.363s][info ][gc,task       ] GC(30) Using 2 workers of 2 for marking
[2023-10-17T14:01:22.344+0000][15.404s][info ][gc,marking    ] GC(30) Concurrent Mark From Roots 40.796ms
[2023-10-17T14:01:22.344+0000][15.404s][info ][gc,marking    ] GC(30) Concurrent Preclean
[2023-10-17T14:01:22.345+0000][15.405s][info ][gc,marking    ] GC(30) Concurrent Preclean 0.654ms
[2023-10-17T14:01:22.346+0000][15.406s][info ][gc,marking    ] GC(30) Concurrent Mark (15.362s, 15.406s) 43.115ms
[2023-10-17T14:01:22.346+0000][15.406s][debug][safepoint     ] Safepoint synchronization initiated. (18 threads)
[2023-10-17T14:01:22.347+0000][15.407s][info ][safepoint     ] Application time: 0.0563577 seconds
[2023-10-17T14:01:22.347+0000][15.407s][info ][safepoint     ] Entering safepoint region: CGC_Operation
[2023-10-17T14:01:22.348+0000][15.408s][info ][gc,start      ] GC(30) Pause Remark
[2023-10-17T14:01:22.372+0000][15.432s][info ][gc,stringtable] GC(30) Cleaned string and symbol table, strings: 26189 processed, 0 removed, symbols: 207529 processed, 18 removed
[2023-10-17T14:01:22.373+0000][15.433s][info ][gc            ] GC(30) Pause Remark 52M->52M(350M) 24.987ms
[2023-10-17T14:01:22.373+0000][15.433s][info ][gc,cpu        ] GC(30) User=0.18s Sys=0.01s Real=0.03s
[2023-10-17T14:01:22.374+0000][15.434s][info ][safepoint     ] Leaving safepoint region
[2023-10-17T14:01:22.374+0000][15.434s][info ][safepoint     ] Total time for which application threads were stopped: 0.0269500 seconds, Stopping threads took: 0.0005197 seconds
[2023-10-17T14:01:22.375+0000][15.435s][info ][gc,marking    ] GC(30) Concurrent Rebuild Remembered Sets
[2023-10-17T14:01:22.396+0000][15.456s][info ][gc,marking    ] GC(30) Concurrent Rebuild Remembered Sets 21.802ms
[2023-10-17T14:01:22.397+0000][15.457s][debug][safepoint     ] Safepoint synchronization initiated. (18 threads)
[2023-10-17T14:01:22.398+0000][15.458s][info ][safepoint     ] Application time: 0.0234333 seconds
[2023-10-17T14:01:22.400+0000][15.459s][debug][safepoint     ] ... found polling page return exception at pc = 0x00007fc1a48d341b, stub =0x00007fc19c840600
[2023-10-17T14:01:22.401+0000][15.461s][debug][safepoint     ] Waiting for 1 thread(s) to block
[2023-10-17T14:01:22.401+0000][15.461s][info ][safepoint     ] Entering safepoint region: CGC_Operation
[2023-10-17T14:01:22.402+0000][15.462s][info ][gc,start      ] GC(30) Pause Cleanup
[2023-10-17T14:01:22.403+0000][15.463s][info ][gc            ] GC(30) Pause Cleanup 53M->53M(350M) 0.970ms
[2023-10-17T14:01:22.404+0000][15.464s][info ][gc,cpu        ] GC(30) User=0.00s Sys=0.00s Real=0.00s
[2023-10-17T14:01:22.405+0000][15.465s][info ][safepoint     ] Leaving safepoint region
[2023-10-17T14:01:22.406+0000][15.466s][info ][safepoint     ] Total time for which application threads were stopped: 0.0072435 seconds, Stopping threads took: 0.0034088 seconds
[2023-10-17T14:01:22.407+0000][15.467s][info ][gc,marking    ] GC(30) Concurrent Cleanup for Next Mark
[2023-10-17T14:01:22.412+0000][15.472s][info ][gc,marking    ] GC(30) Concurrent Cleanup for Next Mark 4.418ms
[2023-10-17T14:01:22.413+0000][15.473s][info ][gc            ] GC(30) Concurrent Cycle 124.502ms
[2023-10-17T14:01:23.146+0000][16.206s][debug][safepoint     ] Safepoint synchronization initiated. (18 threads)
[2023-10-17T14:01:23.147+0000][16.207s][info ][safepoint     ] Application time: 0.7396061 seconds
[2023-10-17T14:01:23.148+0000][16.208s][debug][safepoint     ] Waiting for 2 thread(s) to block
[2023-10-17T14:01:23.149+0000][16.209s][info ][safepoint     ] Entering safepoint region: ICBufferFull
[2023-10-17T14:01:23.151+0000][16.211s][info ][safepoint     ] Leaving safepoint region
[2023-10-17T14:01:23.151+0000][16.211s][info ][safepoint     ] Total time for which application threads were stopped: 0.0034491 seconds, Stopping threads took: 0.0023948 seconds
[2023-10-17T14:01:23.346+0000][16.406s][debug][safepoint     ] Safepoint synchronization initiated. (17 threads)
[2023-10-17T14:01:23.347+0000][16.407s][info ][safepoint     ] Application time: 0.1948498 seconds
[2023-10-17T14:01:23.347+0000][16.407s][info ][safepoint     ] Entering safepoint region: G1CollectForAllocation
[2023-10-17T14:01:23.348+0000][16.408s][info ][gc,start      ] GC(31) Pause Young (Normal) (G1 Evacuation Pause)
[2023-10-17T14:01:23.349+0000][16.409s][info ][gc,task       ] GC(31) Using 8 workers of 8 for evacuation
[2023-10-17T14:01:23.368+0000][16.428s][info ][gc,phases     ] GC(31)   Pre Evacuate Collection Set: 0.0ms
[2023-10-17T14:01:23.369+0000][16.429s][info ][gc,phases     ] GC(31)   Evacuate Collection Set: 15.1ms
[2023-10-17T14:01:23.370+0000][16.430s][info ][gc,phases     ] GC(31)   Post Evacuate Collection Set: 3.8ms
[2023-10-17T14:01:23.370+0000][16.430s][info ][gc,phases     ] GC(31)   Other: 1.2ms
[2023-10-17T14:01:23.371+0000][16.431s][info ][gc,heap       ] GC(31) Eden regions: 192->0(195)
[2023-10-17T14:01:23.372+0000][16.432s][info ][gc,heap       ] GC(31) Survivor regions: 18->15(27)
[2023-10-17T14:01:23.373+0000][16.433s][info ][gc,heap       ] GC(31) Old regions: 28->31
[2023-10-17T14:01:23.373+0000][16.433s][info ][gc,heap       ] GC(31) Humongous regions: 0->0
[2023-10-17T14:01:23.374+0000][16.433s][info ][gc,metaspace  ] GC(31) Metaspace: 68442K(70352K)->68442K(70352K) NonClass: 59644K(60880K)->59644K(60880K) Class: 8797K(9472K)->8797K(9472K)
[2023-10-17T14:01:23.374+0000][16.434s][info ][gc            ] GC(31) Pause Young (Normal) (G1 Evacuation Pause) 235M->44M(350M) 25.771ms
[2023-10-17T14:01:23.375+0000][16.435s][info ][gc,cpu        ] GC(31) User=0.13s Sys=0.01s Real=0.03s
[2023-10-17T14:01:23.375+0000][16.435s][info ][safepoint     ] Leaving safepoint region
[2023-10-17T14:01:23.376+0000][16.436s][info ][safepoint     ] Total time for which application threads were stopped: 0.0285939 seconds, Stopping threads took: 0.0007633 seconds
[2023-10-17T14:01:23.377+0000][16.437s][info ][gc,stringdedup] Concurrent String Deduplication (16.437s)
[2023-10-17T14:01:23.378+0000][16.438s][info ][gc,stringdedup] Concurrent String Deduplication 86216.0B->19256.0B(66960.0B) avg 45.7% (16.437s, 16.438s) 1.532ms
[2023-10-17T14:01:23.540+0000][16.600s][debug][safepoint     ] Safepoint synchronization initiated. (18 threads)
[2023-10-17T14:01:23.541+0000][16.601s][info ][safepoint     ] Application time: 0.1643675 seconds
[2023-10-17T14:01:23.541+0000][16.601s][info ][safepoint     ] Entering safepoint region: ICBufferFull
[2023-10-17T14:01:23.542+0000][16.602s][info ][safepoint     ] Leaving safepoint region
[2023-10-17T14:01:23.543+0000][16.603s][info ][safepoint     ] Total time for which application threads were stopped: 0.0012854 seconds, Stopping threads took: 0.0005491 seconds
[2023-10-17T14:01:23.619+0000][16.679s][debug][safepoint     ] Safepoint synchronization initiated. (18 threads)
[2023-10-17T14:01:23.620+0000][16.680s][info ][safepoint     ] Application time: 0.0767498 seconds
[2023-10-17T14:01:23.621+0000][16.681s][debug][safepoint     ] Waiting for 2 thread(s) to block
[2023-10-17T14:01:23.622+0000][16.682s][info ][safepoint     ] Entering safepoint region: ICBufferFull
[2023-10-17T14:01:23.623+0000][16.683s][info ][safepoint     ] Leaving safepoint region
[2023-10-17T14:01:23.623+0000][16.683s][info ][safepoint     ] Total time for which application threads were stopped: 0.0024388 seconds, Stopping threads took: 0.0015481 seconds
[2023-10-17T14:01:23.709+0000][16.769s][debug][safepoint     ] Safepoint synchronization initiated. (18 threads)
[2023-10-17T14:01:23.710+0000][16.770s][info ][safepoint     ] Application time: 0.0861474 seconds
[2023-10-17T14:01:23.710+0000][16.770s][debug][safepoint     ] Waiting for 1 thread(s) to block
[2023-10-17T14:01:23.711+0000][16.771s][info ][safepoint     ] Entering safepoint region: ICBufferFull
[2023-10-17T14:01:23.711+0000][16.771s][info ][safepoint     ] Leaving safepoint region
[2023-10-17T14:01:23.712+0000][16.772s][info ][safepoint     ] Total time for which application threads were stopped: 0.0014167 seconds, Stopping threads took: 0.0008262 seconds
[2023-10-17T14:01:23.791+0000][16.851s][debug][safepoint     ] Safepoint synchronization initiated. (18 threads)
[2023-10-17T14:01:23.792+0000][16.852s][info ][safepoint     ] Application time: 0.0796193 seconds
[2023-10-17T14:01:23.793+0000][16.853s][info ][safepoint     ] Entering safepoint region: ICBufferFull
[2023-10-17T14:01:23.794+0000][16.854s][info ][safepoint     ] Leaving safepoint region
[2023-10-17T14:01:23.794+0000][16.854s][info ][safepoint     ] Total time for which application threads were stopped: 0.0015961 seconds, Stopping threads took: 0.0005403 seconds
[2023-10-17T14:01:23.972+0000][17.032s][debug][safepoint     ] Safepoint synchronization initiated. (18 threads)
[2023-10-17T14:01:23.973+0000][17.033s][info ][safepoint     ] Application time: 0.1777226 seconds
[2023-10-17T14:01:23.973+0000][17.033s][info ][safepoint     ] Entering safepoint region: ICBufferFull
[2023-10-17T14:01:23.974+0000][17.034s][info ][safepoint     ] Leaving safepoint region
[2023-10-17T14:01:23.975+0000][17.034s][info ][safepoint     ] Total time for which application threads were stopped: 0.0013537 seconds, Stopping threads took: 0.0004835 seconds
[2023-10-17T14:01:24.268+0000][17.328s][debug][safepoint     ] Safepoint synchronization initiated. (18 threads)
[2023-10-17T14:01:24.269+0000][17.329s][info ][safepoint     ] Application time: 0.2938553 seconds
[2023-10-17T14:01:24.270+0000][17.330s][info ][safepoint     ] Entering safepoint region: ICBufferFull
[2023-10-17T14:01:24.271+0000][17.331s][info ][safepoint     ] Leaving safepoint region
[2023-10-17T14:01:24.272+0000][17.332s][info ][safepoint     ] Total time for which application threads were stopped: 0.0018069 seconds, Stopping threads took: 0.0009116 seconds
[2023-10-17T14:01:24.506+0000][17.566s][debug][safepoint     ] Safepoint synchronization initiated. (18 threads)
[2023-10-17T14:01:24.506+0000][17.566s][info ][safepoint     ] Application time: 0.2340497 seconds
[2023-10-17T14:01:24.507+0000][17.567s][info ][safepoint     ] Entering safepoint region: G1CollectForAllocation
[2023-10-17T14:01:24.507+0000][17.567s][info ][gc,start      ] GC(32) Pause Young (Normal) (G1 Evacuation Pause)
[2023-10-17T14:01:24.508+0000][17.568s][info ][gc,task       ] GC(32) Using 8 workers of 8 for evacuation
[2023-10-17T14:01:24.534+0000][17.594s][info ][gc,phases     ] GC(32)   Pre Evacuate Collection Set: 0.0ms
[2023-10-17T14:01:24.535+0000][17.595s][info ][gc,phases     ] GC(32)   Evacuate Collection Set: 20.0ms
[2023-10-17T14:01:24.536+0000][17.596s][info ][gc,phases     ] GC(32)   Post Evacuate Collection Set: 6.2ms
[2023-10-17T14:01:24.536+0000][17.596s][info ][gc,phases     ] GC(32)   Other: 0.9ms
[2023-10-17T14:01:24.537+0000][17.597s][info ][gc,heap       ] GC(32) Eden regions: 195->0(197)
[2023-10-17T14:01:24.537+0000][17.597s][info ][gc,heap       ] GC(32) Survivor regions: 15->13(27)
[2023-10-17T14:01:24.537+0000][17.597s][info ][gc,heap       ] GC(32) Old regions: 31->35
[2023-10-17T14:01:24.538+0000][17.598s][info ][gc,heap       ] GC(32) Humongous regions: 0->0
[2023-10-17T14:01:24.538+0000][17.598s][info ][gc,metaspace  ] GC(32) Metaspace: 71330K(73168K)->71330K(73168K) NonClass: 62211K(63440K)->62211K(63440K) Class: 9118K(9728K)->9118K(9728K)
[2023-10-17T14:01:24.538+0000][17.598s][info ][gc            ] GC(32) Pause Young (Normal) (G1 Evacuation Pause) 239M->45M(350M) 31.111ms
[2023-10-17T14:01:24.539+0000][17.599s][info ][gc,cpu        ] GC(32) User=0.18s Sys=0.00s Real=0.03s
[2023-10-17T14:01:24.539+0000][17.599s][info ][safepoint     ] Leaving safepoint region
[2023-10-17T14:01:24.540+0000][17.600s][info ][safepoint     ] Total time for which application threads were stopped: 0.0330679 seconds, Stopping threads took: 0.0005134 seconds
[2023-10-17T14:01:24.540+0000][17.600s][info ][gc,stringdedup] Concurrent String Deduplication (17.600s)
[2023-10-17T14:01:24.547+0000][17.607s][info ][gc,stringdedup] Concurrent String Deduplication 164.2K->57568.0B(108.0K) avg 46.1% (17.600s, 17.607s) 6.717ms
[2023-10-17T14:01:24.692+0000][17.752s][debug][safepoint     ] Safepoint synchronization initiated. (18 threads)
[2023-10-17T14:01:24.692+0000][17.752s][info ][safepoint     ] Application time: 0.1523812 seconds
[2023-10-17T14:01:24.693+0000][17.753s][info ][safepoint     ] Entering safepoint region: Deoptimize
[2023-10-17T14:01:24.695+0000][17.755s][info ][safepoint     ] Leaving safepoint region
[2023-10-17T14:01:24.696+0000][17.756s][info ][safepoint     ] Total time for which application threads were stopped: 0.0035614 seconds, Stopping threads took: 0.0003812 seconds
[2023-10-17T14:01:24.698+0000][17.758s][debug][safepoint     ] Safepoint synchronization initiated. (18 threads)
[2023-10-17T14:01:24.699+0000][17.759s][info ][safepoint     ] Application time: 0.0017436 seconds
[2023-10-17T14:01:24.699+0000][17.759s][info ][safepoint     ] Entering safepoint region: Deoptimize
[2023-10-17T14:01:24.701+0000][17.761s][info ][safepoint     ] Leaving safepoint region
[2023-10-17T14:01:24.701+0000][17.761s][info ][safepoint     ] Total time for which application threads were stopped: 0.0019347 seconds, Stopping threads took: 0.0003624 seconds
[2023-10-17T14:01:24.998+0000][18.058s][debug][safepoint     ] Safepoint synchronization initiated. (18 threads)
[2023-10-17T14:01:24.999+0000][18.059s][info ][safepoint     ] Application time: 0.2970680 seconds
[2023-10-17T14:01:24.999+0000][18.059s][info ][safepoint     ] Entering safepoint region: Deoptimize
[2023-10-17T14:01:25.001+0000][18.061s][info ][safepoint     ] Leaving safepoint region
[2023-10-17T14:01:25.002+0000][18.062s][info ][safepoint     ] Total time for which application threads were stopped: 0.0028070 seconds, Stopping threads took: 0.0005707 seconds
[2023-10-17T14:01:25.147+0000][18.207s][debug][safepoint     ] Safepoint synchronization initiated. (18 threads)
[2023-10-17T14:01:25.148+0000][18.208s][info ][safepoint     ] Application time: 0.1456134 seconds
[2023-10-17T14:01:25.148+0000][18.208s][debug][safepoint     ] Waiting for 1 thread(s) to block
[2023-10-17T14:01:25.149+0000][18.209s][info ][safepoint     ] Entering safepoint region: ICBufferFull
[2023-10-17T14:01:25.149+0000][18.209s][info ][safepoint     ] Leaving safepoint region
[2023-10-17T14:01:25.150+0000][18.210s][info ][safepoint     ] Total time for which application threads were stopped: 0.0015798 seconds, Stopping threads took: 0.0009018 seconds
[2023-10-17T14:01:25.175+0000][18.235s][debug][safepoint     ] Safepoint synchronization initiated. (18 threads)
[2023-10-17T14:01:25.176+0000][18.236s][info ][safepoint     ] Application time: 0.0252597 seconds
[2023-10-17T14:01:25.176+0000][18.236s][info ][safepoint     ] Entering safepoint region: Deoptimize
[2023-10-17T14:01:25.179+0000][18.239s][info ][safepoint     ] Leaving safepoint region
[2023-10-17T14:01:25.179+0000][18.239s][info ][safepoint     ] Total time for which application threads were stopped: 0.0032459 seconds, Stopping threads took: 0.0009904 seconds
[2023-10-17T14:01:25.298+0000][18.358s][debug][safepoint     ] Safepoint synchronization initiated. (18 threads)
[2023-10-17T14:01:25.299+0000][18.359s][info ][safepoint     ] Application time: 0.1190635 seconds
[2023-10-17T14:01:25.299+0000][18.359s][info ][safepoint     ] Entering safepoint region: Deoptimize
[2023-10-17T14:01:25.301+0000][18.361s][info ][safepoint     ] Leaving safepoint region
[2023-10-17T14:01:25.301+0000][18.361s][info ][safepoint     ] Total time for which application threads were stopped: 0.0020636 seconds, Stopping threads took: 0.0004706 seconds
[2023-10-17T14:01:25.512+0000][18.572s][debug][safepoint     ] Safepoint synchronization initiated. (18 threads)
[2023-10-17T14:01:25.513+0000][18.573s][info ][safepoint     ] Application time: 0.2111816 seconds
[2023-10-17T14:01:25.513+0000][18.573s][info ][safepoint     ] Entering safepoint region: ICBufferFull
[2023-10-17T14:01:25.514+0000][18.574s][info ][safepoint     ] Leaving safepoint region
[2023-10-17T14:01:25.515+0000][18.574s][info ][safepoint     ] Total time for which application threads were stopped: 0.0010587 seconds, Stopping threads took: 0.0004211 seconds
[2023-10-17T14:01:25.705+0000][18.765s][debug][safepoint     ] Safepoint synchronization initiated. (18 threads)
[2023-10-17T14:01:25.705+0000][18.765s][info ][safepoint     ] Application time: 0.1904942 seconds
[2023-10-17T14:01:25.706+0000][18.766s][debug][safepoint     ] Waiting for 1 thread(s) to block
[2023-10-17T14:01:25.706+0000][18.766s][info ][safepoint     ] Entering safepoint region: G1CollectForAllocation
[2023-10-17T14:01:25.707+0000][18.767s][info ][gc,start      ] GC(33) Pause Young (Normal) (G1 Evacuation Pause)
[2023-10-17T14:01:25.708+0000][18.768s][info ][gc,task       ] GC(33) Using 8 workers of 8 for evacuation
[2023-10-17T14:01:25.730+0000][18.790s][info ][gc,phases     ] GC(33)   Pre Evacuate Collection Set: 0.0ms
[2023-10-17T14:01:25.731+0000][18.791s][info ][gc,phases     ] GC(33)   Evacuate Collection Set: 17.5ms
[2023-10-17T14:01:25.732+0000][18.792s][info ][gc,phases     ] GC(33)   Post Evacuate Collection Set: 4.0ms
[2023-10-17T14:01:25.732+0000][18.792s][info ][gc,phases     ] GC(33)   Other: 1.3ms
[2023-10-17T14:01:25.733+0000][18.793s][info ][gc,heap       ] GC(33) Eden regions: 197->0(194)
[2023-10-17T14:01:25.734+0000][18.794s][info ][gc,heap       ] GC(33) Survivor regions: 13->16(27)
[2023-10-17T14:01:25.734+0000][18.794s][info ][gc,heap       ] GC(33) Old regions: 35->35
[2023-10-17T14:01:25.735+0000][18.795s][info ][gc,heap       ] GC(33) Humongous regions: 0->0
[2023-10-17T14:01:25.735+0000][18.795s][info ][gc,metaspace  ] GC(33) Metaspace: 77244K(79184K)->77244K(79184K) NonClass: 67428K(68560K)->67428K(68560K) Class: 9816K(10624K)->9816K(10624K)
[2023-10-17T14:01:25.736+0000][18.795s][info ][gc            ] GC(33) Pause Young (Normal) (G1 Evacuation Pause) 242M->48M(350M) 28.350ms
[2023-10-17T14:01:25.736+0000][18.796s][info ][gc,cpu        ] GC(33) User=0.18s Sys=0.00s Real=0.03s
[2023-10-17T14:01:25.736+0000][18.796s][info ][safepoint     ] Leaving safepoint region
[2023-10-17T14:01:25.737+0000][18.796s][info ][safepoint     ] Total time for which application threads were stopped: 0.0307333 seconds, Stopping threads took: 0.0010235 seconds
[2023-10-17T14:01:25.737+0000][18.797s][info ][gc,stringdedup] Concurrent String Deduplication (18.797s)
[2023-10-17T14:01:25.740+0000][18.800s][info ][gc,stringdedup] Concurrent String Deduplication 189.8K->42088.0B(148.7K) avg 46.7% (18.797s, 18.800s) 2.844ms
[2023-10-17T14:01:26.233+0000][19.293s][debug][safepoint     ] Safepoint synchronization initiated. (18 threads)
[2023-10-17T14:01:26.235+0000][19.295s][info ][safepoint     ] Application time: 0.4978992 seconds
[2023-10-17T14:01:26.236+0000][19.296s][info ][safepoint     ] Entering safepoint region: ICBufferFull
[2023-10-17T14:01:26.236+0000][19.296s][info ][safepoint     ] Leaving safepoint region
[2023-10-17T14:01:26.237+0000][19.297s][info ][safepoint     ] Total time for which application threads were stopped: 0.0011797 seconds, Stopping threads took: 0.0004944 seconds
[2023-10-17T14:01:26.620+0000][19.680s][debug][safepoint     ] Safepoint synchronization initiated. (18 threads)
[2023-10-17T14:01:26.621+0000][19.681s][info ][safepoint     ] Application time: 0.3837316 seconds
[2023-10-17T14:01:26.621+0000][19.681s][debug][safepoint     ] Waiting for 1 thread(s) to block
[2023-10-17T14:01:26.622+0000][19.682s][info ][safepoint     ] Entering safepoint region: ICBufferFull
[2023-10-17T14:01:26.622+0000][19.682s][info ][safepoint     ] Leaving safepoint region
[2023-10-17T14:01:26.623+0000][19.682s][info ][safepoint     ] Total time for which application threads were stopped: 0.0012944 seconds, Stopping threads took: 0.0007470 seconds
[2023-10-17T14:01:26.819+0000][19.879s][debug][safepoint     ] Safepoint synchronization initiated. (18 threads)
[2023-10-17T14:01:26.819+0000][19.879s][info ][safepoint     ] Application time: 0.1963738 seconds
[2023-10-17T14:01:26.820+0000][19.880s][info ][safepoint     ] Entering safepoint region: ICBufferFull
[2023-10-17T14:01:26.820+0000][19.880s][info ][safepoint     ] Leaving safepoint region
[2023-10-17T14:01:26.821+0000][19.880s][info ][safepoint     ] Total time for which application threads were stopped: 0.0009422 seconds, Stopping threads took: 0.0003341 seconds
[2023-10-17T14:01:26.823+0000][19.883s][debug][safepoint     ] Safepoint synchronization initiated. (18 threads)
[2023-10-17T14:01:26.823+0000][19.883s][info ][safepoint     ] Application time: 0.0024223 seconds
[2023-10-17T14:01:26.824+0000][19.884s][info ][safepoint     ] Entering safepoint region: G1CollectForAllocation
[2023-10-17T14:01:26.824+0000][19.884s][info ][gc,start      ] GC(34) Pause Young (Normal) (G1 Evacuation Pause)
[2023-10-17T14:01:26.825+0000][19.885s][info ][gc,task       ] GC(34) Using 8 workers of 8 for evacuation
[2023-10-17T14:01:26.842+0000][19.902s][info ][gc,phases     ] GC(34)   Pre Evacuate Collection Set: 0.0ms
[2023-10-17T14:01:26.843+0000][19.903s][info ][gc,phases     ] GC(34)   Evacuate Collection Set: 14.7ms
[2023-10-17T14:01:26.843+0000][19.903s][info ][gc,phases     ] GC(34)   Post Evacuate Collection Set: 2.3ms
[2023-10-17T14:01:26.843+0000][19.903s][info ][gc,phases     ] GC(34)   Other: 0.9ms
[2023-10-17T14:01:26.844+0000][19.904s][info ][gc,heap       ] GC(34) Eden regions: 194->0(191)
[2023-10-17T14:01:26.844+0000][19.904s][info ][gc,heap       ] GC(34) Survivor regions: 16->19(27)
[2023-10-17T14:01:26.844+0000][19.904s][info ][gc,heap       ] GC(34) Old regions: 35->37
[2023-10-17T14:01:26.845+0000][19.905s][info ][gc,heap       ] GC(34) Humongous regions: 0->0
[2023-10-17T14:01:26.845+0000][19.905s][info ][gc,metaspace  ] GC(34) Metaspace: 79008K(80976K)->79008K(80976K) NonClass: 69118K(70352K)->69118K(70352K) Class: 9889K(10624K)->9889K(10624K)
[2023-10-17T14:01:26.845+0000][19.905s][info ][gc            ] GC(34) Pause Young (Normal) (G1 Evacuation Pause) 242M->53M(350M) 20.894ms
[2023-10-17T14:01:26.846+0000][19.906s][info ][gc,cpu        ] GC(34) User=0.13s Sys=0.00s Real=0.02s
[2023-10-17T14:01:26.846+0000][19.906s][info ][safepoint     ] Leaving safepoint region
[2023-10-17T14:01:26.846+0000][19.906s][info ][safepoint     ] Total time for which application threads were stopped: 0.0224192 seconds, Stopping threads took: 0.0003928 seconds
[2023-10-17T14:01:26.847+0000][19.907s][info ][gc,stringdedup] Concurrent String Deduplication (19.907s)
[2023-10-17T14:01:26.849+0000][19.909s][info ][gc,stringdedup] Concurrent String Deduplication 231.9K->165.4K(68168.0B) avg 46.3% (19.907s, 19.909s) 2.372ms
[2023-10-17T14:01:27.014+0000][20.074s][debug][safepoint     ] Safepoint synchronization initiated. (18 threads)
[2023-10-17T14:01:27.015+0000][20.075s][info ][safepoint     ] Application time: 0.1682461 seconds
[2023-10-17T14:01:27.015+0000][20.075s][info ][safepoint     ] Entering safepoint region: ICBufferFull
[2023-10-17T14:01:27.016+0000][20.076s][info ][safepoint     ] Leaving safepoint region
[2023-10-17T14:01:27.016+0000][20.076s][info ][safepoint     ] Total time for which application threads were stopped: 0.0010995 seconds, Stopping threads took: 0.0004096 seconds
[2023-10-17T14:01:27.313+0000][20.373s][debug][safepoint     ] Safepoint synchronization initiated. (18 threads)
[2023-10-17T14:01:27.314+0000][20.374s][info ][safepoint     ] Application time: 0.2972728 seconds
[2023-10-17T14:01:27.315+0000][20.374s][info ][safepoint     ] Entering safepoint region: ICBufferFull
[2023-10-17T14:01:27.315+0000][20.375s][info ][safepoint     ] Leaving safepoint region
[2023-10-17T14:01:27.316+0000][20.376s][info ][safepoint     ] Total time for which application threads were stopped: 0.0011677 seconds, Stopping threads took: 0.0004507 seconds
[2023-10-17T14:01:27.541+0000][20.601s][debug][safepoint     ] Safepoint synchronization initiated. (18 threads)
[2023-10-17T14:01:27.541+0000][20.601s][info ][safepoint     ] Application time: 0.2251646 seconds
[2023-10-17T14:01:27.542+0000][20.602s][info ][safepoint     ] Entering safepoint region: Deoptimize
[2023-10-17T14:01:27.544+0000][20.604s][info ][safepoint     ] Leaving safepoint region
[2023-10-17T14:01:27.544+0000][20.604s][info ][safepoint     ] Total time for which application threads were stopped: 0.0024100 seconds, Stopping threads took: 0.0004591 seconds
[2023-10-17T14:01:27.867+0000][20.927s][debug][safepoint     ] Safepoint synchronization initiated. (18 threads)
[2023-10-17T14:01:27.867+0000][20.927s][info ][safepoint     ] Application time: 0.3226846 seconds
[2023-10-17T14:01:27.868+0000][20.928s][debug][safepoint     ] Waiting for 1 thread(s) to block
[2023-10-17T14:01:27.868+0000][20.928s][info ][safepoint     ] Entering safepoint region: G1CollectForAllocation
[2023-10-17T14:01:27.869+0000][20.929s][info ][gc,start      ] GC(35) Pause Young (Normal) (G1 Evacuation Pause)
[2023-10-17T14:01:27.869+0000][20.929s][info ][gc,task       ] GC(35) Using 8 workers of 8 for evacuation
[2023-10-17T14:01:27.887+0000][20.947s][info ][gc,phases     ] GC(35)   Pre Evacuate Collection Set: 0.0ms
[2023-10-17T14:01:27.888+0000][20.948s][info ][gc,phases     ] GC(35)   Evacuate Collection Set: 15.1ms
[2023-10-17T14:01:27.888+0000][20.948s][info ][gc,phases     ] GC(35)   Post Evacuate Collection Set: 2.6ms
[2023-10-17T14:01:27.889+0000][20.949s][info ][gc,phases     ] GC(35)   Other: 0.8ms
[2023-10-17T14:01:27.890+0000][20.950s][info ][gc,heap       ] GC(35) Eden regions: 191->0(191)
[2023-10-17T14:01:27.890+0000][20.950s][info ][gc,heap       ] GC(35) Survivor regions: 19->19(27)
[2023-10-17T14:01:27.890+0000][20.950s][info ][gc,heap       ] GC(35) Old regions: 37->42
[2023-10-17T14:01:27.891+0000][20.951s][info ][gc,heap       ] GC(35) Humongous regions: 0->0
[2023-10-17T14:01:27.891+0000][20.951s][info ][gc,metaspace  ] GC(35) Metaspace: 80780K(82896K)->80780K(82896K) NonClass: 70774K(72144K)->70774K(72144K) Class: 10006K(10752K)->10006K(10752K)
[2023-10-17T14:01:27.892+0000][20.952s][info ][gc            ] GC(35) Pause Young (Normal) (G1 Evacuation Pause) 244M->58M(350M) 23.042ms
[2023-10-17T14:01:27.892+0000][20.952s][info ][gc,cpu        ] GC(35) User=0.15s Sys=0.00s Real=0.03s
[2023-10-17T14:01:27.893+0000][20.952s][info ][safepoint     ] Leaving safepoint region
[2023-10-17T14:01:27.893+0000][20.953s][info ][safepoint     ] Total time for which application threads were stopped: 0.0251718 seconds, Stopping threads took: 0.0008057 seconds
[2023-10-17T14:01:27.894+0000][20.954s][info ][gc,stringdedup] Concurrent String Deduplication (20.954s)
[2023-10-17T14:01:27.898+0000][20.958s][info ][gc,stringdedup] Concurrent String Deduplication 262.3K->89200.0B(175.2K) avg 46.8% (20.954s, 20.958s) 4.828ms
[2023-10-17T14:01:28.253+0000][21.313s][debug][safepoint     ] Safepoint synchronization initiated. (18 threads)
[2023-10-17T14:01:28.254+0000][21.314s][info ][safepoint     ] Application time: 0.3603641 seconds
[2023-10-17T14:01:28.254+0000][21.314s][info ][safepoint     ] Entering safepoint region: Deoptimize
[2023-10-17T14:01:28.256+0000][21.316s][info ][safepoint     ] Leaving safepoint region
[2023-10-17T14:01:28.257+0000][21.317s][info ][safepoint     ] Total time for which application threads were stopped: 0.0024432 seconds, Stopping threads took: 0.0003720 seconds
[2023-10-17T14:01:28.392+0000][21.452s][debug][safepoint     ] Safepoint synchronization initiated. (22 threads)
[2023-10-17T14:01:28.393+0000][21.453s][info ][safepoint     ] Application time: 0.1358705 seconds
[2023-10-17T14:01:28.393+0000][21.453s][info ][safepoint     ] Entering safepoint region: ICBufferFull
[2023-10-17T14:01:28.394+0000][21.454s][info ][safepoint     ] Leaving safepoint region
[2023-10-17T14:01:28.395+0000][21.454s][info ][safepoint     ] Total time for which application threads were stopped: 0.0011053 seconds, Stopping threads took: 0.0004064 seconds
[2023-10-17T14:01:28.662+0000][21.722s][debug][safepoint     ] Safepoint synchronization initiated. (22 threads)
[2023-10-17T14:01:28.664+0000][21.724s][info ][safepoint     ] Application time: 0.2686552 seconds
[2023-10-17T14:01:28.664+0000][21.724s][debug][safepoint     ] Waiting for 1 thread(s) to block
[2023-10-17T14:01:28.665+0000][21.725s][info ][safepoint     ] Entering safepoint region: ICBufferFull
[2023-10-17T14:01:28.666+0000][21.725s][info ][safepoint     ] Leaving safepoint region
[2023-10-17T14:01:28.666+0000][21.726s][info ][safepoint     ] Total time for which application threads were stopped: 0.0017025 seconds, Stopping threads took: 0.0010278 seconds
[2023-10-17T14:01:28.912+0000][21.972s][debug][safepoint     ] Safepoint synchronization initiated. (22 threads)
[2023-10-17T14:01:28.913+0000][21.973s][info ][safepoint     ] Application time: 0.2465000 seconds
[2023-10-17T14:01:28.913+0000][21.973s][debug][safepoint     ] Waiting for 1 thread(s) to block
[2023-10-17T14:01:28.914+0000][21.974s][info ][safepoint     ] Entering safepoint region: G1CollectForAllocation
[2023-10-17T14:01:28.915+0000][21.975s][info ][gc,start      ] GC(36) Pause Young (Normal) (G1 Evacuation Pause)
[2023-10-17T14:01:28.915+0000][21.975s][info ][gc,task       ] GC(36) Using 8 workers of 8 for evacuation
[2023-10-17T14:01:28.939+0000][21.999s][info ][gc,phases     ] GC(36)   Pre Evacuate Collection Set: 0.0ms
[2023-10-17T14:01:28.940+0000][22.000s][info ][gc,phases     ] GC(36)   Evacuate Collection Set: 20.0ms
[2023-10-17T14:01:28.941+0000][22.001s][info ][gc,phases     ] GC(36)   Post Evacuate Collection Set: 3.3ms
[2023-10-17T14:01:28.942+0000][22.002s][info ][gc,phases     ] GC(36)   Other: 1.2ms
[2023-10-17T14:01:28.943+0000][22.003s][info ][gc,heap       ] GC(36) Eden regions: 191->0(194)
[2023-10-17T14:01:28.944+0000][22.004s][info ][gc,heap       ] GC(36) Survivor regions: 19->16(27)
[2023-10-17T14:01:28.944+0000][22.004s][info ][gc,heap       ] GC(36) Old regions: 42->49
[2023-10-17T14:01:28.945+0000][22.005s][info ][gc,heap       ] GC(36) Humongous regions: 0->0
[2023-10-17T14:01:28.945+0000][22.005s][info ][gc,metaspace  ] GC(36) Metaspace: 83192K(85712K)->83192K(85712K) NonClass: 72883K(74448K)->72883K(74448K) Class: 10309K(11264K)->10309K(11264K)
[2023-10-17T14:01:28.946+0000][22.006s][info ][gc            ] GC(36) Pause Young (Normal) (G1 Evacuation Pause) 249M->63M(350M) 31.168ms
[2023-10-17T14:01:28.946+0000][22.006s][info ][gc,cpu        ] GC(36) User=0.18s Sys=0.01s Real=0.03s
[2023-10-17T14:01:28.947+0000][22.007s][info ][safepoint     ] Leaving safepoint region
[2023-10-17T14:01:28.947+0000][22.007s][info ][safepoint     ] Total time for which application threads were stopped: 0.0342193 seconds, Stopping threads took: 0.0012468 seconds
[2023-10-17T14:01:28.948+0000][22.008s][info ][gc,stringdedup] Concurrent String Deduplication (22.008s)
[2023-10-17T14:01:28.953+0000][22.013s][info ][gc,stringdedup] Concurrent String Deduplication 472.4K->110.1K(362.3K) avg 48.1% (22.008s, 22.012s) 4.283ms
[2023-10-17T14:01:29.223+0000][22.282s][debug][safepoint     ] Safepoint synchronization initiated. (22 threads)
[2023-10-17T14:01:29.223+0000][22.283s][info ][safepoint     ] Application time: 0.2748913 seconds
[2023-10-17T14:01:29.223+0000][22.283s][info ][safepoint     ] Entering safepoint region: ICBufferFull
[2023-10-17T14:01:29.224+0000][22.284s][info ][safepoint     ] Leaving safepoint region
[2023-10-17T14:01:29.225+0000][22.285s][info ][safepoint     ] Total time for which application threads were stopped: 0.0011733 seconds, Stopping threads took: 0.0004374 seconds
[2023-10-17T14:01:29.307+0000][22.367s][debug][safepoint     ] Safepoint synchronization initiated. (22 threads)
[2023-10-17T14:01:29.308+0000][22.368s][info ][safepoint     ] Application time: 0.0828757 seconds
[2023-10-17T14:01:29.309+0000][22.369s][info ][safepoint     ] Entering safepoint region: ICBufferFull
[2023-10-17T14:01:29.309+0000][22.369s][info ][safepoint     ] Leaving safepoint region
[2023-10-17T14:01:29.310+0000][22.370s][info ][safepoint     ] Total time for which application threads were stopped: 0.0012342 seconds, Stopping threads took: 0.0004386 seconds
[2023-10-17T14:01:29.565+0000][22.625s][debug][safepoint     ] Safepoint synchronization initiated. (22 threads)
[2023-10-17T14:01:29.566+0000][22.626s][info ][safepoint     ] Application time: 0.2553594 seconds
[2023-10-17T14:01:29.566+0000][22.626s][info ][safepoint     ] Entering safepoint region: Deoptimize
[2023-10-17T14:01:29.569+0000][22.629s][info ][safepoint     ] Leaving safepoint region
[2023-10-17T14:01:29.569+0000][22.629s][info ][safepoint     ] Total time for which application threads were stopped: 0.0033396 seconds, Stopping threads took: 0.0004582 seconds
[2023-10-17T14:01:29.734+0000][22.794s][debug][safepoint     ] Safepoint synchronization initiated. (23 threads)
[2023-10-17T14:01:29.735+0000][22.794s][info ][safepoint     ] Application time: 0.1646303 seconds
[2023-10-17T14:01:29.735+0000][22.795s][info ][safepoint     ] Entering safepoint region: Deoptimize
[2023-10-17T14:01:29.738+0000][22.798s][info ][safepoint     ] Leaving safepoint region
[2023-10-17T14:01:29.739+0000][22.799s][info ][safepoint     ] Total time for which application threads were stopped: 0.0036859 seconds, Stopping threads took: 0.0004597 seconds
[2023-10-17T14:01:30.018+0000][23.078s][debug][safepoint     ] Safepoint synchronization initiated. (23 threads)
[2023-10-17T14:01:30.019+0000][23.079s][info ][safepoint     ] Application time: 0.2791473 seconds
[2023-10-17T14:01:30.019+0000][23.079s][info ][safepoint     ] Entering safepoint region: Deoptimize
[2023-10-17T14:01:30.022+0000][23.082s][info ][safepoint     ] Leaving safepoint region
[2023-10-17T14:01:30.023+0000][23.083s][info ][safepoint     ] Total time for which application threads were stopped: 0.0034439 seconds, Stopping threads took: 0.0003576 seconds
[2023-10-17T14:01:30.078+0000][23.138s][debug][safepoint     ] Safepoint synchronization initiated. (23 threads)
[2023-10-17T14:01:30.079+0000][23.139s][info ][safepoint     ] Application time: 0.0555254 seconds
[2023-10-17T14:01:30.079+0000][23.139s][info ][safepoint     ] Entering safepoint region: G1CollectForAllocation
[2023-10-17T14:01:30.080+0000][23.140s][info ][gc,start      ] GC(37) Pause Young (Normal) (G1 Evacuation Pause)
[2023-10-17T14:01:30.080+0000][23.140s][info ][gc,task       ] GC(37) Using 8 workers of 8 for evacuation
[2023-10-17T14:01:30.097+0000][23.157s][info ][gc,phases     ] GC(37)   Pre Evacuate Collection Set: 0.0ms
[2023-10-17T14:01:30.098+0000][23.158s][info ][gc,phases     ] GC(37)   Evacuate Collection Set: 15.0ms
[2023-10-17T14:01:30.098+0000][23.158s][info ][gc,phases     ] GC(37)   Post Evacuate Collection Set: 1.8ms
[2023-10-17T14:01:30.099+0000][23.159s][info ][gc,phases     ] GC(37)   Other: 0.9ms
[2023-10-17T14:01:30.099+0000][23.159s][info ][gc,heap       ] GC(37) Eden regions: 194->0(194)
[2023-10-17T14:01:30.099+0000][23.159s][info ][gc,heap       ] GC(37) Survivor regions: 16->16(27)
[2023-10-17T14:01:30.100+0000][23.160s][info ][gc,heap       ] GC(37) Old regions: 49->54
[2023-10-17T14:01:30.100+0000][23.160s][info ][gc,heap       ] GC(37) Humongous regions: 0->0
[2023-10-17T14:01:30.101+0000][23.161s][info ][gc,metaspace  ] GC(37) Metaspace: 87647K(90320K)->87647K(90320K) NonClass: 76801K(78544K)->76801K(78544K) Class: 10845K(11776K)->10845K(11776K)
[2023-10-17T14:01:30.101+0000][23.161s][info ][gc            ] GC(37) Pause Young (Normal) (G1 Evacuation Pause) 257M->68M(350M) 21.500ms
[2023-10-17T14:01:30.101+0000][23.161s][info ][gc,cpu        ] GC(37) User=0.14s Sys=0.01s Real=0.03s
[2023-10-17T14:01:30.102+0000][23.162s][info ][safepoint     ] Leaving safepoint region
[2023-10-17T14:01:30.102+0000][23.162s][info ][safepoint     ] Total time for which application threads were stopped: 0.0231760 seconds, Stopping threads took: 0.0003905 seconds
[2023-10-17T14:01:30.103+0000][23.163s][info ][gc,stringdedup] Concurrent String Deduplication (23.163s)
[2023-10-17T14:01:30.107+0000][23.167s][info ][gc,stringdedup] Concurrent String Deduplication 520.2K->124.0K(396.2K) avg 49.3% (23.163s, 23.167s) 4.467ms
[2023-10-17T14:01:30.741+0000][23.800s][debug][safepoint     ] Safepoint synchronization initiated. (25 threads)
[2023-10-17T14:01:30.741+0000][23.801s][info ][safepoint     ] Application time: 0.6385712 seconds
[2023-10-17T14:01:30.742+0000][23.802s][info ][safepoint     ] Entering safepoint region: Deoptimize
[2023-10-17T14:01:30.743+0000][23.803s][info ][safepoint     ] Leaving safepoint region
[2023-10-17T14:01:30.744+0000][23.804s][info ][safepoint     ] Total time for which application threads were stopped: 0.0022099 seconds, Stopping threads took: 0.0005123 seconds
[2023-10-17T14:01:30.806+0000][23.866s][debug][safepoint     ] Safepoint synchronization initiated. (25 threads)
[2023-10-17T14:01:30.807+0000][23.867s][info ][safepoint     ] Application time: 0.0629691 seconds
[2023-10-17T14:01:30.808+0000][23.868s][info ][safepoint     ] Entering safepoint region: Deoptimize
[2023-10-17T14:01:30.812+0000][23.872s][info ][safepoint     ] Leaving safepoint region
[2023-10-17T14:01:30.812+0000][23.872s][info ][safepoint     ] Total time for which application threads were stopped: 0.0043816 seconds, Stopping threads took: 0.0008627 seconds
[2023-10-17T14:01:30.871+0000][23.931s][debug][safepoint     ] Safepoint synchronization initiated. (25 threads)
[2023-10-17T14:01:30.871+0000][23.931s][info ][safepoint     ] Application time: 0.0586448 seconds
[2023-10-17T14:01:30.872+0000][23.932s][info ][safepoint     ] Entering safepoint region: Deoptimize
[2023-10-17T14:01:30.873+0000][23.933s][info ][safepoint     ] Leaving safepoint region
[2023-10-17T14:01:30.874+0000][23.934s][info ][safepoint     ] Total time for which application threads were stopped: 0.0020408 seconds, Stopping threads took: 0.0003196 seconds
[2023-10-17T14:01:30.885+0000][23.945s][debug][safepoint     ] Safepoint synchronization initiated. (25 threads)
[2023-10-17T14:01:30.886+0000][23.946s][info ][safepoint     ] Application time: 0.0115820 seconds
[2023-10-17T14:01:30.886+0000][23.946s][info ][safepoint     ] Entering safepoint region: Deoptimize
[2023-10-17T14:01:30.888+0000][23.948s][info ][safepoint     ] Leaving safepoint region
[2023-10-17T14:01:30.888+0000][23.948s][info ][safepoint     ] Total time for which application threads were stopped: 0.0021395 seconds, Stopping threads took: 0.0004132 seconds
[2023-10-17T14:01:30.940+0000][23.999s][debug][safepoint     ] Safepoint synchronization initiated. (25 threads)
[2023-10-17T14:01:30.940+0000][24.000s][info ][safepoint     ] Application time: 0.0512739 seconds
[2023-10-17T14:01:30.941+0000][24.001s][info ][safepoint     ] Entering safepoint region: Deoptimize
[2023-10-17T14:01:30.943+0000][24.003s][info ][safepoint     ] Leaving safepoint region
[2023-10-17T14:01:30.944+0000][24.004s][info ][safepoint     ] Total time for which application threads were stopped: 0.0033100 seconds, Stopping threads took: 0.0009012 seconds
[2023-10-17T14:01:31.199+0000][24.259s][debug][safepoint     ] Safepoint synchronization initiated. (25 threads)
[2023-10-17T14:01:31.199+0000][24.259s][info ][safepoint     ] Application time: 0.2547817 seconds
[2023-10-17T14:01:31.200+0000][24.260s][debug][safepoint     ] Waiting for 1 thread(s) to block
[2023-10-17T14:01:31.200+0000][24.260s][info ][safepoint     ] Entering safepoint region: G1CollectForAllocation
[2023-10-17T14:01:31.201+0000][24.261s][info ][gc,start      ] GC(38) Pause Young (Normal) (G1 Evacuation Pause)
[2023-10-17T14:01:31.201+0000][24.261s][info ][gc,task       ] GC(38) Using 8 workers of 8 for evacuation
[2023-10-17T14:01:31.218+0000][24.278s][info ][gc,phases     ] GC(38)   Pre Evacuate Collection Set: 0.0ms
[2023-10-17T14:01:31.218+0000][24.278s][info ][gc,phases     ] GC(38)   Evacuate Collection Set: 13.7ms
[2023-10-17T14:01:31.218+0000][24.278s][info ][gc,phases     ] GC(38)   Post Evacuate Collection Set: 2.2ms
[2023-10-17T14:01:31.219+0000][24.279s][info ][gc,phases     ] GC(38)   Other: 0.8ms
[2023-10-17T14:01:31.219+0000][24.279s][info ][gc,heap       ] GC(38) Eden regions: 194->0(196)
[2023-10-17T14:01:31.220+0000][24.279s][info ][gc,heap       ] GC(38) Survivor regions: 16->14(27)
[2023-10-17T14:01:31.220+0000][24.280s][info ][gc,heap       ] GC(38) Old regions: 54->60
[2023-10-17T14:01:31.220+0000][24.280s][info ][gc,heap       ] GC(38) Humongous regions: 0->0
[2023-10-17T14:01:31.221+0000][24.281s][info ][gc,metaspace  ] GC(38) Metaspace: 92782K(95696K)->92782K(95696K) NonClass: 81301K(83152K)->81301K(83152K) Class: 11480K(12544K)->11480K(12544K)
[2023-10-17T14:01:31.221+0000][24.281s][info ][gc            ] GC(38) Pause Young (Normal) (G1 Evacuation Pause) 262M->72M(350M) 20.171ms
[2023-10-17T14:01:31.222+0000][24.281s][info ][gc,cpu        ] GC(38) User=0.12s Sys=0.01s Real=0.02s
[2023-10-17T14:01:31.222+0000][24.282s][info ][safepoint     ] Leaving safepoint region
[2023-10-17T14:01:31.224+0000][24.284s][info ][safepoint     ] Total time for which application threads were stopped: 0.0238543 seconds, Stopping threads took: 0.0008491 seconds
[2023-10-17T14:01:31.225+0000][24.285s][info ][gc,stringdedup] Concurrent String Deduplication (24.285s)
[2023-10-17T14:01:31.236+0000][24.296s][info ][gc,stringdedup] Concurrent String Deduplication 313.9K->99984.0B(216.3K) avg 49.8% (24.285s, 24.296s) 10.792ms
[2023-10-17T14:01:31.425+0000][24.485s][debug][safepoint     ] Safepoint synchronization initiated. (28 threads)
[2023-10-17T14:01:31.425+0000][24.485s][info ][safepoint     ] Application time: 0.2006603 seconds
[2023-10-17T14:01:31.426+0000][24.486s][debug][safepoint     ] Waiting for 1 thread(s) to block
[2023-10-17T14:01:31.426+0000][24.486s][info ][safepoint     ] Entering safepoint region: ICBufferFull
[2023-10-17T14:01:31.427+0000][24.487s][info ][safepoint     ] Leaving safepoint region
[2023-10-17T14:01:31.428+0000][24.487s][info ][safepoint     ] Total time for which application threads were stopped: 0.0016322 seconds, Stopping threads took: 0.0010053 seconds
[2023-10-17T14:01:31.761+0000][24.821s][debug][safepoint     ] Safepoint synchronization initiated. (34 threads)
[2023-10-17T14:01:31.762+0000][24.822s][info ][safepoint     ] Application time: 0.3341456 seconds
[2023-10-17T14:01:31.763+0000][24.822s][info ][safepoint     ] Entering safepoint region: ICBufferFull
[2023-10-17T14:01:31.763+0000][24.823s][info ][safepoint     ] Leaving safepoint region
[2023-10-17T14:01:31.764+0000][24.824s][info ][safepoint     ] Total time for which application threads were stopped: 0.0016871 seconds, Stopping threads took: 0.0004264 seconds
[2023-10-17T14:01:31.799+0000][24.859s][debug][safepoint     ] Safepoint synchronization initiated. (35 threads)
[2023-10-17T14:01:31.799+0000][24.859s][info ][safepoint     ] Application time: 0.0345653 seconds
[2023-10-17T14:01:31.800+0000][24.860s][info ][safepoint     ] Entering safepoint region: Deoptimize
[2023-10-17T14:01:31.802+0000][24.862s][info ][safepoint     ] Leaving safepoint region
[2023-10-17T14:01:31.802+0000][24.862s][info ][safepoint     ] Total time for which application threads were stopped: 0.0026415 seconds, Stopping threads took: 0.0003767 seconds
[2023-10-17T14:01:31.895+0000][24.955s][debug][safepoint     ] Safepoint synchronization initiated. (35 threads)
[2023-10-17T14:01:31.895+0000][24.955s][info ][safepoint     ] Application time: 0.0923388 seconds
[2023-10-17T14:01:31.896+0000][24.956s][info ][safepoint     ] Entering safepoint region: Deoptimize
[2023-10-17T14:01:31.898+0000][24.958s][info ][safepoint     ] Leaving safepoint region
[2023-10-17T14:01:31.899+0000][24.959s][info ][safepoint     ] Total time for which application threads were stopped: 0.0033514 seconds, Stopping threads took: 0.0004859 seconds
[2023-10-17T14:01:32.260+0000][25.320s][debug][safepoint     ] Safepoint synchronization initiated. (35 threads)
[2023-10-17T14:01:32.260+0000][25.320s][info ][safepoint     ] Application time: 0.3603768 seconds
[2023-10-17T14:01:32.260+0000][25.320s][info ][safepoint     ] Entering safepoint region: G1CollectForAllocation
[2023-10-17T14:01:32.261+0000][25.321s][info ][gc,start      ] GC(39) Pause Young (Normal) (G1 Evacuation Pause)
[2023-10-17T14:01:32.261+0000][25.321s][info ][gc,task       ] GC(39) Using 8 workers of 8 for evacuation
[2023-10-17T14:01:32.279+0000][25.339s][info ][gc,phases     ] GC(39)   Pre Evacuate Collection Set: 0.0ms
[2023-10-17T14:01:32.280+0000][25.340s][info ][gc,phases     ] GC(39)   Evacuate Collection Set: 13.1ms
[2023-10-17T14:01:32.281+0000][25.341s][info ][gc,phases     ] GC(39)   Post Evacuate Collection Set: 3.7ms
[2023-10-17T14:01:32.282+0000][25.342s][info ][gc,phases     ] GC(39)   Other: 0.9ms
[2023-10-17T14:01:32.282+0000][25.342s][info ][gc,heap       ] GC(39) Eden regions: 196->0(192)
[2023-10-17T14:01:32.283+0000][25.343s][info ][gc,heap       ] GC(39) Survivor regions: 14->18(27)
[2023-10-17T14:01:32.283+0000][25.343s][info ][gc,heap       ] GC(39) Old regions: 60->60
[2023-10-17T14:01:32.284+0000][25.344s][info ][gc,heap       ] GC(39) Humongous regions: 0->0
[2023-10-17T14:01:32.284+0000][25.344s][info ][gc,metaspace  ] GC(39) Metaspace: 95291K(98256K)->95291K(98256K) NonClass: 83549K(85456K)->83549K(85456K) Class: 11741K(12800K)->11741K(12800K)
[2023-10-17T14:01:32.285+0000][25.345s][info ][gc            ] GC(39) Pause Young (Normal) (G1 Evacuation Pause) 268M->75M(350M) 23.760ms
[2023-10-17T14:01:32.285+0000][25.345s][info ][gc,cpu        ] GC(39) User=0.12s Sys=0.00s Real=0.02s
[2023-10-17T14:01:32.286+0000][25.346s][info ][safepoint     ] Leaving safepoint region
[2023-10-17T14:01:32.286+0000][25.346s][info ][safepoint     ] Total time for which application threads were stopped: 0.0258832 seconds, Stopping threads took: 0.0003600 seconds
[2023-10-17T14:01:32.287+0000][25.347s][info ][gc,stringdedup] Concurrent String Deduplication (25.347s)
[2023-10-17T14:01:32.289+0000][25.349s][info ][gc,stringdedup] Concurrent String Deduplication 316.0K->104.2K(211.8K) avg 50.3% (25.347s, 25.349s) 2.592ms
[2023-10-17T14:01:32.496+0000][25.556s][debug][safepoint     ] Safepoint synchronization initiated. (35 threads)
[2023-10-17T14:01:32.497+0000][25.557s][info ][safepoint     ] Application time: 0.2098894 seconds
[2023-10-17T14:01:32.497+0000][25.557s][info ][safepoint     ] Entering safepoint region: Deoptimize
[2023-10-17T14:01:32.499+0000][25.559s][info ][safepoint     ] Leaving safepoint region
[2023-10-17T14:01:32.499+0000][25.559s][info ][safepoint     ] Total time for which application threads were stopped: 0.0022210 seconds, Stopping threads took: 0.0003590 seconds
[2023-10-17T14:01:32.501+0000][25.561s][debug][safepoint     ] Safepoint synchronization initiated. (35 threads)
[2023-10-17T14:01:32.502+0000][25.562s][info ][safepoint     ] Application time: 0.0020276 seconds
[2023-10-17T14:01:32.502+0000][25.562s][info ][safepoint     ] Entering safepoint region: Deoptimize
[2023-10-17T14:01:32.504+0000][25.564s][info ][safepoint     ] Leaving safepoint region
[2023-10-17T14:01:32.504+0000][25.564s][info ][safepoint     ] Total time for which application threads were stopped: 0.0021715 seconds, Stopping threads took: 0.0003676 seconds
[2023-10-17T14:01:32.525+0000][25.585s][debug][safepoint     ] Safepoint synchronization initiated. (35 threads)
[2023-10-17T14:01:32.526+0000][25.586s][info ][safepoint     ] Application time: 0.0214610 seconds
[2023-10-17T14:01:32.527+0000][25.587s][info ][safepoint     ] Entering safepoint region: Deoptimize
[2023-10-17T14:01:32.529+0000][25.589s][info ][safepoint     ] Leaving safepoint region
[2023-10-17T14:01:32.530+0000][25.590s][info ][safepoint     ] Total time for which application threads were stopped: 0.0035455 seconds, Stopping threads took: 0.0004881 seconds
[2023-10-17T14:01:32.791+0000][25.851s][debug][safepoint     ] Safepoint synchronization initiated. (38 threads)
[2023-10-17T14:01:32.792+0000][25.852s][info ][safepoint     ] Application time: 0.2609414 seconds
[2023-10-17T14:01:32.792+0000][25.852s][info ][safepoint     ] Entering safepoint region: Deoptimize
[2023-10-17T14:01:32.795+0000][25.855s][info ][safepoint     ] Leaving safepoint region
[2023-10-17T14:01:32.796+0000][25.856s][info ][safepoint     ] Total time for which application threads were stopped: 0.0034766 seconds, Stopping threads took: 0.0005743 seconds
[2023-10-17T14:01:33.083+0000][26.143s][debug][safepoint     ] Safepoint synchronization initiated. (39 threads)
[2023-10-17T14:01:33.084+0000][26.144s][info ][safepoint     ] Application time: 0.2873821 seconds
[2023-10-17T14:01:33.084+0000][26.144s][info ][safepoint     ] Entering safepoint region: G1CollectForAllocation
[2023-10-17T14:01:33.085+0000][26.145s][info ][gc,start      ] GC(40) Pause Young (Normal) (G1 Evacuation Pause)
[2023-10-17T14:01:33.086+0000][26.145s][info ][gc,task       ] GC(40) Using 8 workers of 8 for evacuation
[2023-10-17T14:01:33.113+0000][26.173s][info ][gc,phases     ] GC(40)   Pre Evacuate Collection Set: 0.0ms
[2023-10-17T14:01:33.114+0000][26.174s][info ][gc,phases     ] GC(40)   Evacuate Collection Set: 21.8ms
[2023-10-17T14:01:33.115+0000][26.175s][info ][gc,phases     ] GC(40)   Post Evacuate Collection Set: 5.0ms
[2023-10-17T14:01:33.116+0000][26.176s][info ][gc,phases     ] GC(40)   Other: 1.0ms
[2023-10-17T14:01:33.117+0000][26.176s][info ][gc,heap       ] GC(40) Eden regions: 192->0(192)
[2023-10-17T14:01:33.117+0000][26.177s][info ][gc,heap       ] GC(40) Survivor regions: 18->18(27)
[2023-10-17T14:01:33.118+0000][26.178s][info ][gc,heap       ] GC(40) Old regions: 60->64
[2023-10-17T14:01:33.118+0000][26.178s][info ][gc,heap       ] GC(40) Humongous regions: 1->0
[2023-10-17T14:01:33.119+0000][26.179s][info ][gc,metaspace  ] GC(40) Metaspace: 100936K(103888K)->100936K(103888K) NonClass: 88719K(90576K)->88719K(90576K) Class: 12216K(13312K)->12216K(13312K)
[2023-10-17T14:01:33.119+0000][26.179s][info ][gc            ] GC(40) Pause Young (Normal) (G1 Evacuation Pause) 268M->79M(350M) 34.049ms
[2023-10-17T14:01:33.120+0000][26.180s][info ][gc,cpu        ] GC(40) User=0.21s Sys=0.00s Real=0.03s
[2023-10-17T14:01:33.120+0000][26.180s][info ][safepoint     ] Leaving safepoint region
[2023-10-17T14:01:33.121+0000][26.181s][info ][safepoint     ] Total time for which application threads were stopped: 0.0365949 seconds, Stopping threads took: 0.0005523 seconds
[2023-10-17T14:01:33.121+0000][26.181s][info ][gc,stringdedup] Concurrent String Deduplication (26.181s)
[2023-10-17T14:01:33.134+0000][26.194s][info ][gc,stringdedup] Concurrent String Deduplication 468.7K->294.8K(173.9K) avg 49.8% (26.181s, 26.194s) 12.999ms
[2023-10-17T14:01:33.838+0000][26.898s][debug][safepoint     ] Safepoint synchronization initiated. (39 threads)
[2023-10-17T14:01:33.839+0000][26.899s][info ][safepoint     ] Application time: 0.7178097 seconds
[2023-10-17T14:01:33.839+0000][26.899s][info ][safepoint     ] Entering safepoint region: ICBufferFull
[2023-10-17T14:01:33.840+0000][26.900s][info ][safepoint     ] Leaving safepoint region
[2023-10-17T14:01:33.841+0000][26.901s][info ][safepoint     ] Total time for which application threads were stopped: 0.0014826 seconds, Stopping threads took: 0.0005110 seconds
[2023-10-17T14:01:34.185+0000][27.245s][debug][safepoint     ] Safepoint synchronization initiated. (39 threads)
[2023-10-17T14:01:34.185+0000][27.245s][info ][safepoint     ] Application time: 0.3438392 seconds
[2023-10-17T14:01:34.186+0000][27.246s][debug][safepoint     ] Waiting for 1 thread(s) to block
[2023-10-17T14:01:34.186+0000][27.246s][info ][safepoint     ] Entering safepoint region: G1CollectForAllocation
[2023-10-17T14:01:34.187+0000][27.247s][info ][gc,start      ] GC(41) Pause Young (Normal) (G1 Evacuation Pause)
[2023-10-17T14:01:34.188+0000][27.248s][info ][gc,task       ] GC(41) Using 8 workers of 8 for evacuation
[2023-10-17T14:01:34.211+0000][27.271s][info ][gc,phases     ] GC(41)   Pre Evacuate Collection Set: 0.0ms
[2023-10-17T14:01:34.212+0000][27.272s][info ][gc,phases     ] GC(41)   Evacuate Collection Set: 20.2ms
[2023-10-17T14:01:34.213+0000][27.273s][info ][gc,phases     ] GC(41)   Post Evacuate Collection Set: 2.8ms
[2023-10-17T14:01:34.213+0000][27.273s][info ][gc,phases     ] GC(41)   Other: 1.1ms
[2023-10-17T14:01:34.214+0000][27.274s][info ][gc,heap       ] GC(41) Eden regions: 192->0(191)
[2023-10-17T14:01:34.215+0000][27.275s][info ][gc,heap       ] GC(41) Survivor regions: 18->19(27)
[2023-10-17T14:01:34.216+0000][27.276s][info ][gc,heap       ] GC(41) Old regions: 64->68
[2023-10-17T14:01:34.217+0000][27.277s][info ][gc,heap       ] GC(41) Humongous regions: 0->0
[2023-10-17T14:01:34.217+0000][27.277s][info ][gc,metaspace  ] GC(41) Metaspace: 102394K(105552K)->102394K(105552K) NonClass: 90064K(92112K)->90064K(92112K) Class: 12329K(13440K)->12329K(13440K)
[2023-10-17T14:01:34.218+0000][27.278s][info ][gc            ] GC(41) Pause Young (Normal) (G1 Evacuation Pause) 271M->85M(350M) 30.801ms
[2023-10-17T14:01:34.218+0000][27.278s][info ][gc,cpu        ] GC(41) User=0.19s Sys=0.00s Real=0.03s
[2023-10-17T14:01:34.219+0000][27.279s][info ][safepoint     ] Leaving safepoint region
[2023-10-17T14:01:34.220+0000][27.279s][info ][safepoint     ] Total time for which application threads were stopped: 0.0337889 seconds, Stopping threads took: 0.0011662 seconds
[2023-10-17T14:01:34.220+0000][27.280s][info ][gc,stringdedup] Concurrent String Deduplication (27.280s)
[2023-10-17T14:01:34.227+0000][27.287s][info ][gc,stringdedup] Concurrent String Deduplication 378.1K->111.2K(267.0K) avg 50.4% (27.280s, 27.287s) 6.552ms
[2023-10-17T14:01:34.361+0000][27.421s][debug][safepoint     ] Safepoint synchronization initiated. (39 threads)
[2023-10-17T14:01:34.362+0000][27.422s][info ][safepoint     ] Application time: 0.1417810 seconds
[2023-10-17T14:01:34.362+0000][27.422s][info ][safepoint     ] Entering safepoint region: Deoptimize
[2023-10-17T14:01:34.365+0000][27.424s][info ][safepoint     ] Leaving safepoint region
[2023-10-17T14:01:34.365+0000][27.425s][info ][safepoint     ] Total time for which application threads were stopped: 0.0026157 seconds, Stopping threads took: 0.0005238 seconds
[2023-10-17T14:01:34.424+0000][27.484s][debug][safepoint     ] Safepoint synchronization initiated. (39 threads)
[2023-10-17T14:01:34.425+0000][27.485s][info ][safepoint     ] Application time: 0.0591070 seconds
[2023-10-17T14:01:34.425+0000][27.485s][info ][safepoint     ] Entering safepoint region: Deoptimize
[2023-10-17T14:01:34.427+0000][27.487s][info ][safepoint     ] Leaving safepoint region
[2023-10-17T14:01:34.427+0000][27.487s][info ][safepoint     ] Total time for which application threads were stopped: 0.0023126 seconds, Stopping threads took: 0.0004028 seconds
[2023-10-17T14:01:35.089+0000][28.149s][debug][safepoint     ] Safepoint synchronization initiated. (42 threads)
[2023-10-17T14:01:35.090+0000][28.150s][info ][safepoint     ] Application time: 0.6622076 seconds
[2023-10-17T14:01:35.091+0000][28.151s][info ][safepoint     ] Entering safepoint region: Deoptimize
[2023-10-17T14:01:35.093+0000][28.153s][info ][safepoint     ] Leaving safepoint region
[2023-10-17T14:01:35.094+0000][28.154s][info ][safepoint     ] Total time for which application threads were stopped: 0.0031130 seconds, Stopping threads took: 0.0007282 seconds
[2023-10-17T14:01:35.385+0000][28.445s][debug][safepoint     ] Safepoint synchronization initiated. (41 threads)
[2023-10-17T14:01:35.386+0000][28.446s][info ][safepoint     ] Application time: 0.2915933 seconds
[2023-10-17T14:01:35.387+0000][28.447s][info ][safepoint     ] Entering safepoint region: ICBufferFull
[2023-10-17T14:01:35.388+0000][28.448s][info ][safepoint     ] Leaving safepoint region
[2023-10-17T14:01:35.389+0000][28.449s][info ][safepoint     ] Total time for which application threads were stopped: 0.0018467 seconds, Stopping threads took: 0.0007692 seconds
[2023-10-17T14:01:35.528+0000][28.588s][debug][safepoint     ] Safepoint synchronization initiated. (41 threads)
[2023-10-17T14:01:35.530+0000][28.590s][info ][safepoint     ] Application time: 0.1403056 seconds
[2023-10-17T14:01:35.531+0000][28.590s][info ][safepoint     ] Entering safepoint region: G1CollectForAllocation
[2023-10-17T14:01:35.532+0000][28.592s][info ][gc,start      ] GC(42) Pause Young (Normal) (G1 Evacuation Pause)
[2023-10-17T14:01:35.533+0000][28.593s][info ][gc,task       ] GC(42) Using 8 workers of 8 for evacuation
[2023-10-17T14:01:35.552+0000][28.612s][info ][gc,phases     ] GC(42)   Pre Evacuate Collection Set: 0.0ms
[2023-10-17T14:01:35.553+0000][28.613s][info ][gc,phases     ] GC(42)   Evacuate Collection Set: 15.5ms
[2023-10-17T14:01:35.554+0000][28.614s][info ][gc,phases     ] GC(42)   Post Evacuate Collection Set: 3.3ms
[2023-10-17T14:01:35.554+0000][28.614s][info ][gc,phases     ] GC(42)   Other: 1.7ms
[2023-10-17T14:01:35.555+0000][28.615s][info ][gc,heap       ] GC(42) Eden regions: 191->0(192)
[2023-10-17T14:01:35.556+0000][28.616s][info ][gc,heap       ] GC(42) Survivor regions: 19->18(27)
[2023-10-17T14:01:35.556+0000][28.616s][info ][gc,heap       ] GC(42) Old regions: 68->72
[2023-10-17T14:01:35.557+0000][28.617s][info ][gc,heap       ] GC(42) Humongous regions: 0->0
[2023-10-17T14:01:35.558+0000][28.618s][info ][gc,metaspace  ] GC(42) Metaspace: 107099K(110160K)->107099K(110160K) NonClass: 94284K(96208K)->94284K(96208K) Class: 12815K(13952K)->12815K(13952K)
[2023-10-17T14:01:35.558+0000][28.618s][info ][gc            ] GC(42) Pause Young (Normal) (G1 Evacuation Pause) 276M->88M(350M) 26.552ms
[2023-10-17T14:01:35.559+0000][28.619s][info ][gc,cpu        ] GC(42) User=0.15s Sys=0.00s Real=0.02s
[2023-10-17T14:01:35.560+0000][28.620s][info ][safepoint     ] Leaving safepoint region
[2023-10-17T14:01:35.560+0000][28.620s][info ][safepoint     ] Total time for which application threads were stopped: 0.0297274 seconds, Stopping threads took: 0.0008750 seconds
[2023-10-17T14:01:35.561+0000][28.621s][info ][gc,stringdedup] Concurrent String Deduplication (28.621s)
[2023-10-17T14:01:35.568+0000][28.628s][info ][gc,stringdedup] Concurrent String Deduplication 519.0K->378.2K(140.8K) avg 49.5% (28.621s, 28.628s) 6.658ms
[2023-10-17T14:01:36.038+0000][29.098s][debug][safepoint     ] Safepoint synchronization initiated. (43 threads)
[2023-10-17T14:01:36.038+0000][29.098s][info ][safepoint     ] Application time: 0.4775270 seconds
[2023-10-17T14:01:36.039+0000][29.099s][info ][safepoint     ] Entering safepoint region: CollectForMetadataAllocation
[2023-10-17T14:01:36.040+0000][29.100s][info ][gc,start      ] GC(43) Pause Young (Concurrent Start) (Metadata GC Threshold)
[2023-10-17T14:01:36.040+0000][29.100s][info ][gc,task       ] GC(43) Using 8 workers of 8 for evacuation
[2023-10-17T14:01:36.063+0000][29.123s][info ][gc,phases     ] GC(43)   Pre Evacuate Collection Set: 0.4ms
[2023-10-17T14:01:36.064+0000][29.124s][info ][gc,phases     ] GC(43)   Evacuate Collection Set: 19.8ms
[2023-10-17T14:01:36.064+0000][29.124s][info ][gc,phases     ] GC(43)   Post Evacuate Collection Set: 2.2ms
[2023-10-17T14:01:36.065+0000][29.124s][info ][gc,phases     ] GC(43)   Other: 1.1ms
[2023-10-17T14:01:36.065+0000][29.125s][info ][gc,heap       ] GC(43) Eden regions: 93->0(166)
[2023-10-17T14:01:36.066+0000][29.126s][info ][gc,heap       ] GC(43) Survivor regions: 18->17(27)
[2023-10-17T14:01:36.066+0000][29.126s][info ][gc,heap       ] GC(43) Old regions: 72->77
[2023-10-17T14:01:36.067+0000][29.127s][info ][gc,heap       ] GC(43) Humongous regions: 0->0
[2023-10-17T14:01:36.067+0000][29.127s][info ][gc,metaspace  ] GC(43) Metaspace: 108745K(111708K)->108745K(111708K) NonClass: 95811K(97628K)->95811K(97628K) Class: 12933K(14080K)->12933K(14080K)
[2023-10-17T14:01:36.068+0000][29.127s][info ][gc            ] GC(43) Pause Young (Concurrent Start) (Metadata GC Threshold) 180M->91M(350M) 27.900ms
[2023-10-17T14:01:36.068+0000][29.128s][info ][gc,cpu        ] GC(43) User=0.17s Sys=0.00s Real=0.03s
[2023-10-17T14:01:36.068+0000][29.128s][info ][gc            ] GC(44) Concurrent Cycle
[2023-10-17T14:01:36.069+0000][29.129s][info ][gc,marking    ] GC(44) Concurrent Clear Claimed Marks
[2023-10-17T14:01:36.068+0000][29.128s][info ][safepoint     ] Leaving safepoint region
[2023-10-17T14:01:36.070+0000][29.130s][info ][safepoint     ] Total time for which application threads were stopped: 0.0309097 seconds, Stopping threads took: 0.0004631 seconds
[2023-10-17T14:01:36.070+0000][29.130s][info ][gc,marking    ] GC(44) Concurrent Clear Claimed Marks 0.939ms
[2023-10-17T14:01:36.070+0000][29.130s][info ][gc,stringdedup] Concurrent String Deduplication (29.130s)
[2023-10-17T14:01:36.071+0000][29.131s][info ][gc,marking    ] GC(44) Concurrent Scan Root Regions
[2023-10-17T14:01:36.077+0000][29.137s][info ][gc,stringdedup] Concurrent String Deduplication 433.5K->116.3K(317.2K) avg 50.2% (29.130s, 29.137s) 6.532ms
[2023-10-17T14:01:36.084+0000][29.144s][info ][gc,marking    ] GC(44) Concurrent Scan Root Regions 13.617ms
[2023-10-17T14:01:36.085+0000][29.145s][info ][gc,marking    ] GC(44) Concurrent Mark (29.145s)
[2023-10-17T14:01:36.086+0000][29.146s][info ][gc,marking    ] GC(44) Concurrent Mark From Roots
[2023-10-17T14:01:36.087+0000][29.147s][info ][gc,task       ] GC(44) Using 2 workers of 2 for marking
[2023-10-17T14:01:36.124+0000][29.184s][debug][safepoint     ] Safepoint synchronization initiated. (43 threads)
[2023-10-17T14:01:36.124+0000][29.184s][info ][safepoint     ] Application time: 0.0540437 seconds
[2023-10-17T14:01:36.125+0000][29.185s][info ][safepoint     ] Entering safepoint region: CollectForMetadataAllocation
[2023-10-17T14:01:36.125+0000][29.185s][info ][safepoint     ] Leaving safepoint region
[2023-10-17T14:01:36.126+0000][29.186s][info ][safepoint     ] Total time for which application threads were stopped: 0.0009122 seconds, Stopping threads took: 0.0003695 seconds
[2023-10-17T14:01:36.191+0000][29.251s][debug][safepoint     ] Safepoint synchronization initiated. (43 threads)
[2023-10-17T14:01:36.192+0000][29.252s][info ][safepoint     ] Application time: 0.0658580 seconds
[2023-10-17T14:01:36.192+0000][29.252s][info ][safepoint     ] Entering safepoint region: CollectForMetadataAllocation
[2023-10-17T14:01:36.193+0000][29.253s][info ][safepoint     ] Leaving safepoint region
[2023-10-17T14:01:36.193+0000][29.253s][info ][safepoint     ] Total time for which application threads were stopped: 0.0009064 seconds, Stopping threads took: 0.0003726 seconds
[2023-10-17T14:01:36.197+0000][29.257s][info ][gc,marking    ] GC(44) Concurrent Mark From Roots 110.896ms
[2023-10-17T14:01:36.198+0000][29.258s][info ][gc,marking    ] GC(44) Concurrent Preclean
[2023-10-17T14:01:36.198+0000][29.258s][info ][gc,marking    ] GC(44) Concurrent Preclean 0.567ms
[2023-10-17T14:01:36.199+0000][29.258s][info ][gc,marking    ] GC(44) Concurrent Mark (29.145s, 29.258s) 113.242ms
[2023-10-17T14:01:36.199+0000][29.259s][debug][safepoint     ] Safepoint synchronization initiated. (43 threads)
[2023-10-17T14:01:36.199+0000][29.259s][info ][safepoint     ] Application time: 0.0059484 seconds
[2023-10-17T14:01:36.200+0000][29.260s][debug][safepoint     ] ... found polling page return exception at pc = 0x00007fc1a499b95d, stub =0x00007fc19c840600
[2023-10-17T14:01:36.200+0000][29.260s][debug][safepoint     ] Waiting for 2 thread(s) to block
[2023-10-17T14:01:36.201+0000][29.261s][info ][safepoint     ] Entering safepoint region: CGC_Operation
[2023-10-17T14:01:36.201+0000][29.261s][info ][gc,start      ] GC(44) Pause Remark
[2023-10-17T14:01:36.216+0000][29.276s][info ][gc,stringtable] GC(44) Cleaned string and symbol table, strings: 51376 processed, 90 removed, symbols: 301516 processed, 369 removed
[2023-10-17T14:01:36.217+0000][29.277s][info ][gc            ] GC(44) Pause Remark 119M->119M(350M) 15.488ms
[2023-10-17T14:01:36.217+0000][29.277s][info ][gc,cpu        ] GC(44) User=0.10s Sys=0.00s Real=0.01s
[2023-10-17T14:01:36.218+0000][29.277s][info ][safepoint     ] Leaving safepoint region
[2023-10-17T14:01:36.218+0000][29.278s][info ][safepoint     ] Total time for which application threads were stopped: 0.0179738 seconds, Stopping threads took: 0.0012650 seconds
[2023-10-17T14:01:36.218+0000][29.278s][info ][gc,marking    ] GC(44) Concurrent Rebuild Remembered Sets
[2023-10-17T14:01:36.288+0000][29.348s][info ][gc,marking    ] GC(44) Concurrent Rebuild Remembered Sets 69.946ms
[2023-10-17T14:01:36.290+0000][29.349s][debug][safepoint     ] Safepoint synchronization initiated. (43 threads)
[2023-10-17T14:01:36.290+0000][29.350s][info ][safepoint     ] Application time: 0.0722459 seconds
[2023-10-17T14:01:36.291+0000][29.351s][info ][safepoint     ] Entering safepoint region: CGC_Operation
[2023-10-17T14:01:36.292+0000][29.352s][info ][gc,start      ] GC(44) Pause Cleanup
[2023-10-17T14:01:36.293+0000][29.353s][info ][gc            ] GC(44) Pause Cleanup 133M->133M(350M) 0.826ms
[2023-10-17T14:01:36.293+0000][29.353s][info ][gc,cpu        ] GC(44) User=0.00s Sys=0.00s Real=0.00s
[2023-10-17T14:01:36.294+0000][29.354s][info ][safepoint     ] Leaving safepoint region
[2023-10-17T14:01:36.294+0000][29.354s][info ][safepoint     ] Total time for which application threads were stopped: 0.0032140 seconds, Stopping threads took: 0.0005895 seconds
[2023-10-17T14:01:36.295+0000][29.355s][info ][gc,marking    ] GC(44) Concurrent Cleanup for Next Mark
[2023-10-17T14:01:36.296+0000][29.356s][info ][gc,marking    ] GC(44) Concurrent Cleanup for Next Mark 1.149ms
[2023-10-17T14:01:36.297+0000][29.357s][info ][gc            ] GC(44) Concurrent Cycle 228.298ms
[2023-10-17T14:01:36.622+0000][29.682s][debug][safepoint     ] Safepoint synchronization initiated. (43 threads)
[2023-10-17T14:01:36.623+0000][29.683s][info ][safepoint     ] Application time: 0.3280954 seconds
[2023-10-17T14:01:36.624+0000][29.684s][info ][safepoint     ] Entering safepoint region: Deoptimize
[2023-10-17T14:01:36.630+0000][29.690s][info ][safepoint     ] Leaving safepoint region
[2023-10-17T14:01:36.631+0000][29.691s][info ][safepoint     ] Total time for which application threads were stopped: 0.0071812 seconds, Stopping threads took: 0.0011450 seconds
[2023-10-17T14:01:36.716+0000][29.775s][debug][safepoint     ] Safepoint synchronization initiated. (43 threads)
[2023-10-17T14:01:36.716+0000][29.776s][info ][safepoint     ] Application time: 0.0842770 seconds
[2023-10-17T14:01:36.717+0000][29.777s][info ][safepoint     ] Entering safepoint region: Deoptimize
[2023-10-17T14:01:36.720+0000][29.779s][info ][safepoint     ] Leaving safepoint region
[2023-10-17T14:01:36.720+0000][29.780s][info ][safepoint     ] Total time for which application threads were stopped: 0.0033365 seconds, Stopping threads took: 0.0006308 seconds
[2023-10-17T14:01:36.780+0000][29.840s][debug][safepoint     ] Safepoint synchronization initiated. (43 threads)
[2023-10-17T14:01:36.782+0000][29.841s][info ][safepoint     ] Application time: 0.0610959 seconds
[2023-10-17T14:01:36.782+0000][29.842s][info ][safepoint     ] Entering safepoint region: Deoptimize
[2023-10-17T14:01:36.785+0000][29.845s][info ][safepoint     ] Leaving safepoint region
[2023-10-17T14:01:36.786+0000][29.846s][info ][safepoint     ] Total time for which application threads were stopped: 0.0032257 seconds, Stopping threads took: 0.0005615 seconds
[2023-10-17T14:01:36.841+0000][29.901s][debug][safepoint     ] Safepoint synchronization initiated. (43 threads)
[2023-10-17T14:01:36.842+0000][29.902s][info ][safepoint     ] Application time: 0.0556650 seconds
[2023-10-17T14:01:36.842+0000][29.902s][info ][safepoint     ] Entering safepoint region: Deoptimize
[2023-10-17T14:01:36.844+0000][29.904s][info ][safepoint     ] Leaving safepoint region
[2023-10-17T14:01:36.845+0000][29.905s][info ][safepoint     ] Total time for which application threads were stopped: 0.0027524 seconds, Stopping threads took: 0.0003395 seconds
[2023-10-17T14:01:37.003+0000][30.063s][debug][safepoint     ] Safepoint synchronization initiated. (43 threads)
[2023-10-17T14:01:37.003+0000][30.063s][info ][safepoint     ] Application time: 0.1580941 seconds
[2023-10-17T14:01:37.004+0000][30.064s][info ][safepoint     ] Entering safepoint region: Deoptimize
[2023-10-17T14:01:37.006+0000][30.066s][info ][safepoint     ] Leaving safepoint region
[2023-10-17T14:01:37.006+0000][30.066s][info ][safepoint     ] Total time for which application threads were stopped: 0.0024168 seconds, Stopping threads took: 0.0003969 seconds
[2023-10-17T14:01:37.009+0000][30.069s][debug][safepoint     ] Safepoint synchronization initiated. (43 threads)
[2023-10-17T14:01:37.010+0000][30.069s][info ][safepoint     ] Application time: 0.0031685 seconds
[2023-10-17T14:01:37.010+0000][30.070s][info ][safepoint     ] Entering safepoint region: Deoptimize
[2023-10-17T14:01:37.012+0000][30.072s][info ][safepoint     ] Leaving safepoint region
[2023-10-17T14:01:37.012+0000][30.072s][info ][safepoint     ] Total time for which application threads were stopped: 0.0025743 seconds, Stopping threads took: 0.0003398 seconds
[2023-10-17T14:01:37.532+0000][30.592s][debug][safepoint     ] Safepoint synchronization initiated. (43 threads)
[2023-10-17T14:01:37.533+0000][30.593s][info ][safepoint     ] Application time: 0.5201727 seconds
[2023-10-17T14:01:37.533+0000][30.593s][info ][safepoint     ] Entering safepoint region: G1CollectForAllocation
[2023-10-17T14:01:37.534+0000][30.594s][info ][gc,start      ] GC(45) Pause Young (Concurrent Start) (G1 Evacuation Pause)
[2023-10-17T14:01:37.535+0000][30.595s][info ][gc,task       ] GC(45) Using 8 workers of 8 for evacuation
[2023-10-17T14:01:37.564+0000][30.624s][info ][gc,phases     ] GC(45)   Pre Evacuate Collection Set: 0.4ms
[2023-10-17T14:01:37.565+0000][30.625s][info ][gc,phases     ] GC(45)   Evacuate Collection Set: 23.5ms
[2023-10-17T14:01:37.565+0000][30.625s][info ][gc,phases     ] GC(45)   Post Evacuate Collection Set: 5.0ms
[2023-10-17T14:01:37.566+0000][30.626s][info ][gc,phases     ] GC(45)   Other: 1.3ms
[2023-10-17T14:01:37.566+0000][30.626s][info ][gc,heap       ] GC(45) Eden regions: 166->0(168)
[2023-10-17T14:01:37.566+0000][30.626s][info ][gc,heap       ] GC(45) Survivor regions: 17->13(23)
[2023-10-17T14:01:37.567+0000][30.627s][info ][gc,heap       ] GC(45) Old regions: 77->85
[2023-10-17T14:01:37.567+0000][30.627s][info ][gc,heap       ] GC(45) Humongous regions: 0->0
[2023-10-17T14:01:37.567+0000][30.627s][info ][gc,metaspace  ] GC(45) Metaspace: 116967K(120308K)->116967K(120308K) NonClass: 103106K(105204K)->103106K(105204K) Class: 13861K(15104K)->13861K(15104K)
[2023-10-17T14:01:37.567+0000][30.627s][info ][gc            ] GC(45) Pause Young (Concurrent Start) (G1 Evacuation Pause) 257M->96M(350M) 33.257ms
[2023-10-17T14:01:37.568+0000][30.628s][info ][gc,cpu        ] GC(45) User=0.20s Sys=0.01s Real=0.03s
[2023-10-17T14:01:37.568+0000][30.628s][info ][safepoint     ] Leaving safepoint region
[2023-10-17T14:01:37.568+0000][30.628s][info ][safepoint     ] Total time for which application threads were stopped: 0.0349300 seconds, Stopping threads took: 0.0004115 seconds
[2023-10-17T14:01:37.568+0000][30.628s][info ][gc            ] GC(46) Concurrent Cycle
[2023-10-17T14:01:37.569+0000][30.629s][info ][gc,stringdedup] Concurrent String Deduplication (30.629s)
[2023-10-17T14:01:37.570+0000][30.630s][info ][gc,marking    ] GC(46) Concurrent Clear Claimed Marks
[2023-10-17T14:01:37.573+0000][30.633s][info ][gc,marking    ] GC(46) Concurrent Clear Claimed Marks 2.262ms
[2023-10-17T14:01:37.573+0000][30.633s][info ][gc,marking    ] GC(46) Concurrent Scan Root Regions
[2023-10-17T14:01:37.577+0000][30.637s][info ][gc,stringdedup] Concurrent String Deduplication 460.0K->163.9K(296.1K) avg 50.7% (30.629s, 30.637s) 8.049ms
[2023-10-17T14:01:37.581+0000][30.641s][info ][gc,marking    ] GC(46) Concurrent Scan Root Regions 8.171ms
[2023-10-17T14:01:37.582+0000][30.642s][info ][gc,marking    ] GC(46) Concurrent Mark (30.642s)
[2023-10-17T14:01:37.582+0000][30.642s][info ][gc,marking    ] GC(46) Concurrent Mark From Roots
[2023-10-17T14:01:37.583+0000][30.643s][info ][gc,task       ] GC(46) Using 2 workers of 2 for marking
[2023-10-17T14:01:37.728+0000][30.788s][info ][gc,marking    ] GC(46) Concurrent Mark From Roots 145.853ms
[2023-10-17T14:01:37.729+0000][30.789s][info ][gc,marking    ] GC(46) Concurrent Preclean
[2023-10-17T14:01:37.731+0000][30.791s][info ][gc,marking    ] GC(46) Concurrent Preclean 1.756ms
[2023-10-17T14:01:37.732+0000][30.792s][info ][gc,marking    ] GC(46) Concurrent Mark (30.642s, 30.792s) 149.749ms
[2023-10-17T14:01:37.732+0000][30.792s][debug][safepoint     ] Safepoint synchronization initiated. (43 threads)
[2023-10-17T14:01:37.733+0000][30.793s][info ][safepoint     ] Application time: 0.1640361 seconds
[2023-10-17T14:01:37.733+0000][30.793s][debug][safepoint     ] Waiting for 1 thread(s) to block
[2023-10-17T14:01:37.734+0000][30.794s][info ][safepoint     ] Entering safepoint region: CGC_Operation
[2023-10-17T14:01:37.734+0000][30.794s][info ][gc,start      ] GC(46) Pause Remark
[2023-10-17T14:01:37.760+0000][30.819s][info ][gc,stringtable] GC(46) Cleaned string and symbol table, strings: 55503 processed, 0 removed, symbols: 320397 processed, 41 removed
[2023-10-17T14:01:37.760+0000][30.820s][info ][gc            ] GC(46) Pause Remark 132M->132M(350M) 26.378ms
[2023-10-17T14:01:37.761+0000][30.821s][info ][gc,cpu        ] GC(46) User=0.20s Sys=0.00s Real=0.03s
[2023-10-17T14:01:37.761+0000][30.821s][info ][safepoint     ] Leaving safepoint region
[2023-10-17T14:01:37.762+0000][30.822s][info ][safepoint     ] Total time for which application threads were stopped: 0.0285560 seconds, Stopping threads took: 0.0007455 seconds
[2023-10-17T14:01:37.762+0000][30.822s][info ][gc,marking    ] GC(46) Concurrent Rebuild Remembered Sets
[2023-10-17T14:01:37.844+0000][30.903s][info ][gc,marking    ] GC(46) Concurrent Rebuild Remembered Sets 81.339ms
[2023-10-17T14:01:37.844+0000][30.904s][debug][safepoint     ] Safepoint synchronization initiated. (43 threads)
[2023-10-17T14:01:37.845+0000][30.905s][info ][safepoint     ] Application time: 0.0825145 seconds
[2023-10-17T14:01:37.845+0000][30.905s][info ][safepoint     ] Entering safepoint region: CGC_Operation
[2023-10-17T14:01:37.846+0000][30.906s][info ][gc,start      ] GC(46) Pause Cleanup
[2023-10-17T14:01:37.846+0000][30.906s][info ][gc            ] GC(46) Pause Cleanup 148M->148M(350M) 0.688ms
[2023-10-17T14:01:37.847+0000][30.907s][info ][gc,cpu        ] GC(46) User=0.00s Sys=0.00s Real=0.00s
[2023-10-17T14:01:37.847+0000][30.907s][info ][safepoint     ] Leaving safepoint region
[2023-10-17T14:01:37.848+0000][30.908s][info ][safepoint     ] Total time for which application threads were stopped: 0.0025028 seconds, Stopping threads took: 0.0004081 seconds
[2023-10-17T14:01:37.848+0000][30.908s][info ][gc,marking    ] GC(46) Concurrent Cleanup for Next Mark
[2023-10-17T14:01:37.849+0000][30.909s][info ][gc,marking    ] GC(46) Concurrent Cleanup for Next Mark 1.327ms
[2023-10-17T14:01:37.850+0000][30.910s][info ][gc            ] GC(46) Concurrent Cycle 281.886ms
[2023-10-17T14:01:37.918+0000][30.978s][debug][safepoint     ] Safepoint synchronization initiated. (43 threads)
[2023-10-17T14:01:37.918+0000][30.978s][info ][safepoint     ] Application time: 0.0704479 seconds
[2023-10-17T14:01:37.919+0000][30.979s][info ][safepoint     ] Entering safepoint region: Deoptimize
[2023-10-17T14:01:37.921+0000][30.981s][info ][safepoint     ] Leaving safepoint region
[2023-10-17T14:01:37.921+0000][30.981s][info ][safepoint     ] Total time for which application threads were stopped: 0.0022821 seconds, Stopping threads took: 0.0004032 seconds
[2023-10-17T14:01:38.167+0000][31.227s][debug][safepoint     ] Safepoint synchronization initiated. (43 threads)
[2023-10-17T14:01:38.168+0000][31.228s][info ][safepoint     ] Application time: 0.2464922 seconds
[2023-10-17T14:01:38.168+0000][31.228s][info ][safepoint     ] Entering safepoint region: Deoptimize
[2023-10-17T14:01:38.170+0000][31.230s][info ][safepoint     ] Leaving safepoint region
[2023-10-17T14:01:38.171+0000][31.231s][info ][safepoint     ] Total time for which application threads were stopped: 0.0029616 seconds, Stopping threads took: 0.0003792 seconds
[2023-10-17T14:01:38.225+0000][31.285s][debug][safepoint     ] Safepoint synchronization initiated. (44 threads)
[2023-10-17T14:01:38.225+0000][31.285s][info ][safepoint     ] Application time: 0.0533223 seconds
[2023-10-17T14:01:38.226+0000][31.286s][info ][safepoint     ] Entering safepoint region: G1CollectForAllocation
[2023-10-17T14:01:38.227+0000][31.287s][info ][gc,start      ] GC(47) Pause Young (Normal) (G1 Evacuation Pause)
[2023-10-17T14:01:38.228+0000][31.288s][info ][gc,task       ] GC(47) Using 8 workers of 8 for evacuation
[2023-10-17T14:01:38.247+0000][31.307s][info ][gc,phases     ] GC(47)   Pre Evacuate Collection Set: 0.0ms
[2023-10-17T14:01:38.248+0000][31.308s][info ][gc,phases     ] GC(47)   Evacuate Collection Set: 14.9ms
[2023-10-17T14:01:38.248+0000][31.308s][info ][gc,phases     ] GC(47)   Post Evacuate Collection Set: 3.9ms
[2023-10-17T14:01:38.249+0000][31.309s][info ][gc,phases     ] GC(47)   Other: 1.1ms
[2023-10-17T14:01:38.249+0000][31.309s][info ][gc,heap       ] GC(47) Eden regions: 168->0(174)
[2023-10-17T14:01:38.250+0000][31.310s][info ][gc,heap       ] GC(47) Survivor regions: 13->14(23)
[2023-10-17T14:01:38.250+0000][31.310s][info ][gc,heap       ] GC(47) Old regions: 85->85
[2023-10-17T14:01:38.251+0000][31.311s][info ][gc,heap       ] GC(47) Humongous regions: 0->0
[2023-10-17T14:01:38.252+0000][31.312s][info ][gc,metaspace  ] GC(47) Metaspace: 120662K(124148K)->120662K(124148K) NonClass: 106325K(108532K)->106325K(108532K) Class: 14337K(15616K)->14337K(15616K)
[2023-10-17T14:01:38.252+0000][31.312s][info ][gc            ] GC(47) Pause Young (Normal) (G1 Evacuation Pause) 264M->97M(350M) 25.009ms
[2023-10-17T14:01:38.253+0000][31.313s][info ][gc,cpu        ] GC(47) User=0.14s Sys=0.00s Real=0.03s
[2023-10-17T14:01:38.253+0000][31.313s][info ][safepoint     ] Leaving safepoint region
[2023-10-17T14:01:38.254+0000][31.314s][info ][safepoint     ] Total time for which application threads were stopped: 0.0278282 seconds, Stopping threads took: 0.0008952 seconds
[2023-10-17T14:01:38.254+0000][31.314s][info ][gc,stringdedup] Concurrent String Deduplication (31.314s)
[2023-10-17T14:01:38.256+0000][31.316s][info ][gc,stringdedup] Concurrent String Deduplication 239.9K->80624.0B(161.1K) avg 50.9% (31.314s, 31.316s) 1.777ms
[2023-10-17T14:01:39.255+0000][32.314s][debug][safepoint     ] Safepoint synchronization initiated. (45 threads)
[2023-10-17T14:01:39.255+0000][32.315s][info ][safepoint     ] Application time: 1.0008501 seconds
[2023-10-17T14:01:39.256+0000][32.316s][debug][safepoint     ] Waiting for 1 thread(s) to block
[2023-10-17T14:01:39.256+0000][32.316s][info ][safepoint     ] Entering safepoint region: Cleanup
[2023-10-17T14:01:39.257+0000][32.317s][info ][safepoint     ] Leaving safepoint region
[2023-10-17T14:01:39.257+0000][32.317s][info ][safepoint     ] Total time for which application threads were stopped: 0.0016939 seconds, Stopping threads took: 0.0009938 seconds
[2023-10-17T14:01:39.742+0000][32.802s][debug][safepoint     ] Safepoint synchronization initiated. (49 threads)
[2023-10-17T14:01:39.743+0000][32.803s][info ][safepoint     ] Application time: 0.4855447 seconds
[2023-10-17T14:01:39.745+0000][32.804s][info ][safepoint     ] Entering safepoint region: G1CollectForAllocation
[2023-10-17T14:01:39.745+0000][32.805s][info ][gc,start      ] GC(48) Pause Young (Normal) (G1 Evacuation Pause)
[2023-10-17T14:01:39.746+0000][32.806s][info ][gc,task       ] GC(48) Using 8 workers of 8 for evacuation
[2023-10-17T14:01:39.783+0000][32.843s][info ][gc,phases     ] GC(48)   Pre Evacuate Collection Set: 0.0ms
[2023-10-17T14:01:39.784+0000][32.844s][info ][gc,phases     ] GC(48)   Evacuate Collection Set: 30.0ms
[2023-10-17T14:01:39.784+0000][32.844s][info ][gc,phases     ] GC(48)   Post Evacuate Collection Set: 6.6ms
[2023-10-17T14:01:39.785+0000][32.845s][info ][gc,phases     ] GC(48)   Other: 1.1ms
[2023-10-17T14:01:39.785+0000][32.845s][info ][gc,heap       ] GC(48) Eden regions: 174->0(171)
[2023-10-17T14:01:39.786+0000][32.846s][info ][gc,heap       ] GC(48) Survivor regions: 14->18(24)
[2023-10-17T14:01:39.786+0000][32.846s][info ][gc,heap       ] GC(48) Old regions: 85->89
[2023-10-17T14:01:39.787+0000][32.847s][info ][gc,heap       ] GC(48) Humongous regions: 0->0
[2023-10-17T14:01:39.787+0000][32.847s][info ][gc,metaspace  ] GC(48) Metaspace: 125351K(128884K)->125351K(128884K) NonClass: 110741K(112884K)->110741K(112884K) Class: 14610K(16000K)->14610K(16000K)
[2023-10-17T14:01:39.788+0000][32.847s][info ][gc            ] GC(48) Pause Young (Normal) (G1 Evacuation Pause) 271M->105M(350M) 42.148ms
[2023-10-17T14:01:39.788+0000][32.848s][info ][gc,cpu        ] GC(48) User=0.27s Sys=0.02s Real=0.04s
[2023-10-17T14:01:39.788+0000][32.848s][info ][safepoint     ] Leaving safepoint region
[2023-10-17T14:01:39.789+0000][32.849s][info ][safepoint     ] Total time for which application threads were stopped: 0.0449198 seconds, Stopping threads took: 0.0005103 seconds
[2023-10-17T14:01:39.790+0000][32.850s][info ][gc,stringdedup] Concurrent String Deduplication (32.850s)
[2023-10-17T14:01:39.798+0000][32.858s][info ][gc,stringdedup] Concurrent String Deduplication 294.4K->127.2K(167.3K) avg 51.1% (32.850s, 32.858s) 7.392ms
[2023-10-17T14:01:40.791+0000][33.851s][debug][safepoint     ] Safepoint synchronization initiated. (55 threads)
[2023-10-17T14:01:40.792+0000][33.852s][info ][safepoint     ] Application time: 1.0017063 seconds
[2023-10-17T14:01:40.793+0000][33.853s][info ][safepoint     ] Entering safepoint region: Cleanup
[2023-10-17T14:01:40.794+0000][33.854s][info ][safepoint     ] Leaving safepoint region
[2023-10-17T14:01:40.795+0000][33.854s][info ][safepoint     ] Total time for which application threads were stopped: 0.0013712 seconds, Stopping threads took: 0.0005680 seconds
[2023-10-17T14:01:41.089+0000][34.149s][debug][safepoint     ] Safepoint synchronization initiated. (55 threads)
[2023-10-17T14:01:41.090+0000][34.150s][info ][safepoint     ] Application time: 0.2950657 seconds
[2023-10-17T14:01:41.091+0000][34.151s][debug][safepoint     ] Waiting for 1 thread(s) to block
[2023-10-17T14:01:41.091+0000][34.151s][info ][safepoint     ] Entering safepoint region: ICBufferFull
[2023-10-17T14:01:41.092+0000][34.152s][info ][safepoint     ] Leaving safepoint region
[2023-10-17T14:01:41.092+0000][34.152s][info ][safepoint     ] Total time for which application threads were stopped: 0.0015316 seconds, Stopping threads took: 0.0009459 seconds
[2023-10-17T14:01:41.232+0000][34.292s][debug][safepoint     ] Safepoint synchronization initiated. (55 threads)
[2023-10-17T14:01:41.232+0000][34.292s][info ][safepoint     ] Application time: 0.1398306 seconds
[2023-10-17T14:01:41.233+0000][34.293s][info ][safepoint     ] Entering safepoint region: Deoptimize
[2023-10-17T14:01:41.239+0000][34.299s][info ][safepoint     ] Leaving safepoint region
[2023-10-17T14:01:41.240+0000][34.299s][info ][safepoint     ] Total time for which application threads were stopped: 0.0063165 seconds, Stopping threads took: 0.0009555 seconds
[2023-10-17T14:01:41.530+0000][34.590s][debug][safepoint     ] Safepoint synchronization initiated. (66 threads)
[2023-10-17T14:01:41.531+0000][34.591s][info ][safepoint     ] Application time: 0.2905581 seconds
[2023-10-17T14:01:41.531+0000][34.591s][info ][safepoint     ] Entering safepoint region: G1CollectForAllocation
[2023-10-17T14:01:41.532+0000][34.592s][info ][gc,start      ] GC(49) Pause Young (Normal) (G1 Evacuation Pause)
[2023-10-17T14:01:41.532+0000][34.592s][info ][gc,task       ] GC(49) Using 8 workers of 8 for evacuation
[2023-10-17T14:01:41.553+0000][34.613s][info ][gc,phases     ] GC(49)   Pre Evacuate Collection Set: 0.0ms
[2023-10-17T14:01:41.554+0000][34.613s][info ][gc,phases     ] GC(49)   Evacuate Collection Set: 17.6ms
[2023-10-17T14:01:41.554+0000][34.614s][info ][gc,phases     ] GC(49)   Post Evacuate Collection Set: 2.9ms
[2023-10-17T14:01:41.554+0000][34.614s][info ][gc,phases     ] GC(49)   Other: 1.0ms
[2023-10-17T14:01:41.555+0000][34.615s][info ][gc,heap       ] GC(49) Eden regions: 171->0(172)
[2023-10-17T14:01:41.555+0000][34.615s][info ][gc,heap       ] GC(49) Survivor regions: 18->15(24)
[2023-10-17T14:01:41.555+0000][34.615s][info ][gc,heap       ] GC(49) Old regions: 89->96
[2023-10-17T14:01:41.556+0000][34.616s][info ][gc,heap       ] GC(49) Humongous regions: 0->0
[2023-10-17T14:01:41.556+0000][34.616s][info ][gc,metaspace  ] GC(49) Metaspace: 132879K(136564K)->132879K(136564K) NonClass: 117481K(119796K)->117481K(119796K) Class: 15397K(16768K)->15397K(16768K)
[2023-10-17T14:01:41.557+0000][34.617s][info ][gc            ] GC(49) Pause Young (Normal) (G1 Evacuation Pause) 276M->108M(350M) 25.101ms
[2023-10-17T14:01:41.557+0000][34.617s][info ][gc,cpu        ] GC(49) User=0.13s Sys=0.02s Real=0.02s
[2023-10-17T14:01:41.557+0000][34.617s][info ][safepoint     ] Leaving safepoint region
[2023-10-17T14:01:41.558+0000][34.618s][info ][safepoint     ] Total time for which application threads were stopped: 0.0268735 seconds, Stopping threads took: 0.0003958 seconds
[2023-10-17T14:01:41.558+0000][34.618s][info ][gc,stringdedup] Concurrent String Deduplication (34.618s)
[2023-10-17T14:01:41.560+0000][34.620s][info ][gc,stringdedup] Concurrent String Deduplication 67768.0B->11424.0B(56344.0B) avg 51.2% (34.618s, 34.620s) 1.593ms
[2023-10-17T14:01:42.153+0000][35.213s][debug][safepoint     ] Safepoint synchronization initiated. (67 threads)
[2023-10-17T14:01:42.154+0000][35.214s][info ][safepoint     ] Application time: 0.5958814 seconds
[2023-10-17T14:01:42.155+0000][35.215s][info ][safepoint     ] Entering safepoint region: Deoptimize
[2023-10-17T14:01:42.157+0000][35.217s][info ][safepoint     ] Leaving safepoint region
[2023-10-17T14:01:42.158+0000][35.218s][info ][safepoint     ] Total time for which application threads were stopped: 0.0029087 seconds, Stopping threads took: 0.0004342 seconds
[2023-10-17T14:01:42.158+0000][35.218s][debug][safepoint     ] Safepoint synchronization initiated. (67 threads)
[2023-10-17T14:01:42.159+0000][35.219s][info ][safepoint     ] Application time: 0.0006365 seconds
[2023-10-17T14:01:42.159+0000][35.219s][info ][safepoint     ] Entering safepoint region: Deoptimize
[2023-10-17T14:01:42.161+0000][35.221s][info ][safepoint     ] Leaving safepoint region
[2023-10-17T14:01:42.161+0000][35.221s][info ][safepoint     ] Total time for which application threads were stopped: 0.0024063 seconds, Stopping threads took: 0.0004023 seconds
[2023-10-17T14:01:42.164+0000][35.224s][debug][safepoint     ] Safepoint synchronization initiated. (67 threads)
[2023-10-17T14:01:42.164+0000][35.224s][info ][safepoint     ] Application time: 0.0026066 seconds
[2023-10-17T14:01:42.165+0000][35.225s][info ][safepoint     ] Entering safepoint region: Deoptimize
[2023-10-17T14:01:42.167+0000][35.227s][info ][safepoint     ] Leaving safepoint region
[2023-10-17T14:01:42.167+0000][35.227s][info ][safepoint     ] Total time for which application threads were stopped: 0.0024989 seconds, Stopping threads took: 0.0003856 seconds
[2023-10-17T14:01:42.198+0000][35.257s][debug][safepoint     ] Safepoint synchronization initiated. (67 threads)
[2023-10-17T14:01:42.198+0000][35.258s][info ][safepoint     ] Application time: 0.0303207 seconds
[2023-10-17T14:01:42.199+0000][35.259s][info ][safepoint     ] Entering safepoint region: Deoptimize
[2023-10-17T14:01:42.201+0000][35.261s][info ][safepoint     ] Leaving safepoint region
[2023-10-17T14:01:42.202+0000][35.262s][info ][safepoint     ] Total time for which application threads were stopped: 0.0034996 seconds, Stopping threads took: 0.0004466 seconds
[2023-10-17T14:01:42.445+0000][35.505s][debug][safepoint     ] Safepoint synchronization initiated. (67 threads)
[2023-10-17T14:01:42.446+0000][35.505s][info ][safepoint     ] Application time: 0.2429641 seconds
[2023-10-17T14:01:42.446+0000][35.506s][info ][safepoint     ] Entering safepoint region: Deoptimize
[2023-10-17T14:01:42.449+0000][35.509s][info ][safepoint     ] Leaving safepoint region
[2023-10-17T14:01:42.450+0000][35.509s][info ][safepoint     ] Total time for which application threads were stopped: 0.0035750 seconds, Stopping threads took: 0.0004079 seconds
[2023-10-17T14:01:42.548+0000][35.608s][debug][safepoint     ] Safepoint synchronization initiated. (67 threads)
[2023-10-17T14:01:42.549+0000][35.609s][info ][safepoint     ] Application time: 0.0988193 seconds
[2023-10-17T14:01:42.549+0000][35.609s][info ][safepoint     ] Entering safepoint region: G1CollectForAllocation
[2023-10-17T14:01:42.550+0000][35.610s][info ][gc,start      ] GC(50) Pause Young (Normal) (G1 Evacuation Pause)
[2023-10-17T14:01:42.550+0000][35.610s][info ][gc,task       ] GC(50) Using 8 workers of 8 for evacuation
[2023-10-17T14:01:42.576+0000][35.636s][info ][gc,phases     ] GC(50)   Pre Evacuate Collection Set: 0.0ms
[2023-10-17T14:01:42.577+0000][35.637s][info ][gc,phases     ] GC(50)   Evacuate Collection Set: 21.0ms
[2023-10-17T14:01:42.578+0000][35.638s][info ][gc,phases     ] GC(50)   Post Evacuate Collection Set: 4.2ms
[2023-10-17T14:01:42.578+0000][35.638s][info ][gc,phases     ] GC(50)   Other: 1.2ms
[2023-10-17T14:01:42.579+0000][35.639s][info ][gc,heap       ] GC(50) Eden regions: 172->0(172)
[2023-10-17T14:01:42.579+0000][35.639s][info ][gc,heap       ] GC(50) Survivor regions: 15->17(24)
[2023-10-17T14:01:42.580+0000][35.640s][info ][gc,heap       ] GC(50) Old regions: 96->99
[2023-10-17T14:01:42.580+0000][35.640s][info ][gc,heap       ] GC(50) Humongous regions: 0->0
[2023-10-17T14:01:42.580+0000][35.640s][info ][gc,metaspace  ] GC(50) Metaspace: 134802K(138356K)->134802K(138356K) NonClass: 119166K(121332K)->119166K(121332K) Class: 15636K(17024K)->15636K(17024K)
[2023-10-17T14:01:42.581+0000][35.641s][info ][gc            ] GC(50) Pause Young (Normal) (G1 Evacuation Pause) 280M->113M(350M) 30.760ms
[2023-10-17T14:01:42.581+0000][35.641s][info ][gc,cpu        ] GC(50) User=0.20s Sys=0.01s Real=0.04s
[2023-10-17T14:01:42.581+0000][35.641s][info ][safepoint     ] Leaving safepoint region
[2023-10-17T14:01:42.582+0000][35.642s][info ][safepoint     ] Total time for which application threads were stopped: 0.0325507 seconds, Stopping threads took: 0.0004827 seconds
[2023-10-17T14:01:42.582+0000][35.642s][info ][gc,stringdedup] Concurrent String Deduplication (35.642s)
[2023-10-17T14:01:42.587+0000][35.647s][info ][gc,stringdedup] Concurrent String Deduplication 516.3K->90152.0B(428.3K) avg 52.3% (35.642s, 35.647s) 4.947ms
[2023-10-17T14:01:43.267+0000][36.327s][debug][safepoint     ] Safepoint synchronization initiated. (65 threads)
[2023-10-17T14:01:43.268+0000][36.328s][info ][safepoint     ] Application time: 0.6858385 seconds
[2023-10-17T14:01:43.269+0000][36.329s][info ][safepoint     ] Entering safepoint region: G1CollectForAllocation
[2023-10-17T14:01:43.270+0000][36.330s][info ][gc,start      ] GC(51) Pause Young (Normal) (G1 Evacuation Pause)
[2023-10-17T14:01:43.270+0000][36.330s][info ][gc,task       ] GC(51) Using 8 workers of 8 for evacuation
[2023-10-17T14:01:43.297+0000][36.357s][info ][gc,phases     ] GC(51)   Pre Evacuate Collection Set: 0.0ms
[2023-10-17T14:01:43.299+0000][36.359s][info ][gc,phases     ] GC(51)   Evacuate Collection Set: 17.5ms
[2023-10-17T14:01:43.300+0000][36.360s][info ][gc,phases     ] GC(51)   Post Evacuate Collection Set: 7.8ms
[2023-10-17T14:01:43.301+0000][36.361s][info ][gc,phases     ] GC(51)   Other: 1.4ms
[2023-10-17T14:01:43.302+0000][36.362s][info ][gc,heap       ] GC(51) Eden regions: 172->0(174)
[2023-10-17T14:01:43.303+0000][36.363s][info ][gc,heap       ] GC(51) Survivor regions: 17->11(24)
[2023-10-17T14:01:43.303+0000][36.363s][info ][gc,heap       ] GC(51) Old regions: 99->106
[2023-10-17T14:01:43.304+0000][36.364s][info ][gc,heap       ] GC(51) Humongous regions: 0->0
[2023-10-17T14:01:43.305+0000][36.365s][info ][gc,metaspace  ] GC(51) Metaspace: 136612K(140404K)->136612K(140404K) NonClass: 120709K(123124K)->120709K(123124K) Class: 15902K(17280K)->15902K(17280K)
[2023-10-17T14:01:43.305+0000][36.365s][info ][gc            ] GC(51) Pause Young (Normal) (G1 Evacuation Pause) 285M->114M(350M) 35.417ms
[2023-10-17T14:01:43.306+0000][36.366s][info ][gc,cpu        ] GC(51) User=0.16s Sys=0.00s Real=0.04s
[2023-10-17T14:01:43.307+0000][36.367s][info ][safepoint     ] Leaving safepoint region
[2023-10-17T14:01:43.309+0000][36.369s][info ][safepoint     ] Total time for which application threads were stopped: 0.0399483 seconds, Stopping threads took: 0.0006833 seconds
[2023-10-17T14:01:43.310+0000][36.370s][info ][gc,stringdedup] Concurrent String Deduplication (36.370s)
[2023-10-17T14:01:43.318+0000][36.378s][info ][gc,stringdedup] Concurrent String Deduplication 348.5K->129.8K(218.8K) avg 52.5% (36.370s, 36.378s) 8.154ms
[2023-10-17T14:01:43.401+0000][36.460s][debug][safepoint     ] Safepoint synchronization initiated. (65 threads)
[2023-10-17T14:01:43.401+0000][36.461s][info ][safepoint     ] Application time: 0.0917657 seconds
[2023-10-17T14:01:43.402+0000][36.462s][info ][safepoint     ] Entering safepoint region: Deoptimize
[2023-10-17T14:01:43.405+0000][36.465s][info ][safepoint     ] Leaving safepoint region
[2023-10-17T14:01:43.405+0000][36.465s][info ][safepoint     ] Total time for which application threads were stopped: 0.0034755 seconds, Stopping threads took: 0.0004070 seconds
[2023-10-17T14:01:43.425+0000][36.485s][debug][safepoint     ] Safepoint synchronization initiated. (65 threads)
[2023-10-17T14:01:43.426+0000][36.486s][info ][safepoint     ] Application time: 0.0201854 seconds
[2023-10-17T14:01:43.426+0000][36.486s][info ][safepoint     ] Entering safepoint region: Deoptimize
[2023-10-17T14:01:43.428+0000][36.488s][info ][safepoint     ] Leaving safepoint region
[2023-10-17T14:01:43.429+0000][36.489s][info ][safepoint     ] Total time for which application threads were stopped: 0.0028532 seconds, Stopping threads took: 0.0004747 seconds
[2023-10-17T14:01:43.765+0000][36.825s][debug][safepoint     ] Safepoint synchronization initiated. (67 threads)
[2023-10-17T14:01:43.765+0000][36.825s][info ][safepoint     ] Application time: 0.3356598 seconds
[2023-10-17T14:01:43.766+0000][36.826s][info ][safepoint     ] Entering safepoint region: Deoptimize
[2023-10-17T14:01:43.768+0000][36.828s][info ][safepoint     ] Leaving safepoint region
[2023-10-17T14:01:43.769+0000][36.829s][info ][safepoint     ] Total time for which application threads were stopped: 0.0030536 seconds, Stopping threads took: 0.0004805 seconds
[2023-10-17T14:01:43.840+0000][36.899s][debug][safepoint     ] Safepoint synchronization initiated. (67 threads)
[2023-10-17T14:01:43.840+0000][36.900s][info ][safepoint     ] Application time: 0.0708654 seconds
[2023-10-17T14:01:43.841+0000][36.901s][info ][safepoint     ] Entering safepoint region: Deoptimize
[2023-10-17T14:01:43.843+0000][36.903s][info ][safepoint     ] Leaving safepoint region
[2023-10-17T14:01:43.843+0000][36.903s][info ][safepoint     ] Total time for which application threads were stopped: 0.0026298 seconds, Stopping threads took: 0.0004614 seconds
[2023-10-17T14:01:44.091+0000][37.151s][debug][safepoint     ] Safepoint synchronization initiated. (67 threads)
[2023-10-17T14:01:44.092+0000][37.152s][info ][safepoint     ] Application time: 0.2482728 seconds
[2023-10-17T14:01:44.093+0000][37.153s][info ][safepoint     ] Entering safepoint region: G1CollectForAllocation
[2023-10-17T14:01:44.094+0000][37.154s][info ][gc,start      ] GC(52) Pause Young (Normal) (G1 Evacuation Pause)
[2023-10-17T14:01:44.094+0000][37.154s][info ][gc,task       ] GC(52) Using 8 workers of 8 for evacuation
[2023-10-17T14:01:44.111+0000][37.171s][info ][gc,phases     ] GC(52)   Pre Evacuate Collection Set: 0.0ms
[2023-10-17T14:01:44.112+0000][37.172s][info ][gc,phases     ] GC(52)   Evacuate Collection Set: 11.2ms
[2023-10-17T14:01:44.112+0000][37.172s][info ][gc,phases     ] GC(52)   Post Evacuate Collection Set: 5.0ms
[2023-10-17T14:01:44.113+0000][37.173s][info ][gc,phases     ] GC(52)   Other: 1.3ms
[2023-10-17T14:01:44.114+0000][37.174s][info ][gc,heap       ] GC(52) Eden regions: 174->0(176)
[2023-10-17T14:01:44.114+0000][37.174s][info ][gc,heap       ] GC(52) Survivor regions: 11->12(24)
[2023-10-17T14:01:44.115+0000][37.175s][info ][gc,heap       ] GC(52) Old regions: 106->106
[2023-10-17T14:01:44.116+0000][37.175s][info ][gc,heap       ] GC(52) Humongous regions: 0->0
[2023-10-17T14:01:44.116+0000][37.176s][info ][gc,metaspace  ] GC(52) Metaspace: 138463K(142324K)->138463K(142324K) NonClass: 122287K(124660K)->122287K(124660K) Class: 16176K(17664K)->16176K(17664K)
[2023-10-17T14:01:44.117+0000][37.177s][info ][gc            ] GC(52) Pause Young (Normal) (G1 Evacuation Pause) 288M->116M(350M) 23.196ms
[2023-10-17T14:01:44.117+0000][37.177s][info ][gc,cpu        ] GC(52) User=0.11s Sys=0.00s Real=0.02s
[2023-10-17T14:01:44.118+0000][37.178s][info ][safepoint     ] Leaving safepoint region
[2023-10-17T14:01:44.119+0000][37.179s][info ][safepoint     ] Total time for which application threads were stopped: 0.0261174 seconds, Stopping threads took: 0.0005801 seconds
[2023-10-17T14:01:44.120+0000][37.180s][info ][gc,stringdedup] Concurrent String Deduplication (37.180s)
[2023-10-17T14:01:44.123+0000][37.183s][info ][gc,stringdedup] Concurrent String Deduplication 299.8K->180.4K(119.4K) avg 52.2% (37.180s, 37.183s) 3.082ms
[2023-10-17T14:01:44.712+0000][37.772s][debug][safepoint     ] Safepoint synchronization initiated. (76 threads)
[2023-10-17T14:01:44.713+0000][37.773s][info ][safepoint     ] Application time: 0.5932513 seconds
[2023-10-17T14:01:44.713+0000][37.773s][info ][safepoint     ] Entering safepoint region: Deoptimize
[2023-10-17T14:01:44.716+0000][37.776s][info ][safepoint     ] Leaving safepoint region
[2023-10-17T14:01:44.716+0000][37.776s][info ][safepoint     ] Total time for which application threads were stopped: 0.0031136 seconds, Stopping threads took: 0.0004785 seconds
[2023-10-17T14:01:44.838+0000][37.898s][debug][safepoint     ] Safepoint synchronization initiated. (88 threads)
[2023-10-17T14:01:44.839+0000][37.899s][info ][safepoint     ] Application time: 0.1215957 seconds
[2023-10-17T14:01:44.839+0000][37.899s][debug][safepoint     ] Waiting for 1 thread(s) to block
[2023-10-17T14:01:44.840+0000][37.900s][info ][safepoint     ] Entering safepoint region: G1CollectForAllocation
[2023-10-17T14:01:44.842+0000][37.902s][info ][gc,start      ] GC(53) Pause Young (Normal) (G1 Evacuation Pause)
[2023-10-17T14:01:44.843+0000][37.903s][info ][gc,task       ] GC(53) Using 8 workers of 8 for evacuation
[2023-10-17T14:01:44.867+0000][37.927s][info ][gc,phases     ] GC(53)   Pre Evacuate Collection Set: 0.0ms
[2023-10-17T14:01:44.867+0000][37.927s][info ][gc,phases     ] GC(53)   Evacuate Collection Set: 20.8ms
[2023-10-17T14:01:44.868+0000][37.928s][info ][gc,phases     ] GC(53)   Post Evacuate Collection Set: 2.5ms
[2023-10-17T14:01:44.869+0000][37.929s][info ][gc,phases     ] GC(53)   Other: 1.3ms
[2023-10-17T14:01:44.870+0000][37.929s][info ][gc,heap       ] GC(53) Eden regions: 176->0(176)
[2023-10-17T14:01:44.870+0000][37.930s][info ][gc,heap       ] GC(53) Survivor regions: 12->15(24)
[2023-10-17T14:01:44.871+0000][37.931s][info ][gc,heap       ] GC(53) Old regions: 106->106
[2023-10-17T14:01:44.871+0000][37.931s][info ][gc,heap       ] GC(53) Humongous regions: 0->0
[2023-10-17T14:01:44.872+0000][37.932s][info ][gc,metaspace  ] GC(53) Metaspace: 139979K(143860K)->139979K(143860K) NonClass: 123579K(125940K)->123579K(125940K) Class: 16399K(17920K)->16399K(17920K)
[2023-10-17T14:01:44.872+0000][37.932s][info ][gc            ] GC(53) Pause Young (Normal) (G1 Evacuation Pause) 292M->119M(350M) 30.005ms
[2023-10-17T14:01:44.873+0000][37.933s][info ][gc,cpu        ] GC(53) User=0.18s Sys=0.00s Real=0.03s
[2023-10-17T14:01:44.873+0000][37.933s][info ][safepoint     ] Leaving safepoint region
[2023-10-17T14:01:44.874+0000][37.934s][info ][safepoint     ] Total time for which application threads were stopped: 0.0342215 seconds, Stopping threads took: 0.0016002 seconds
[2023-10-17T14:01:44.874+0000][37.934s][info ][gc,stringdedup] Concurrent String Deduplication (37.934s)
[2023-10-17T14:01:44.877+0000][37.937s][info ][gc,stringdedup] Concurrent String Deduplication 193.8K->80144.0B(115.5K) avg 52.3% (37.934s, 37.937s) 2.393ms
[2023-10-17T14:01:45.328+0000][38.388s][debug][safepoint     ] Safepoint synchronization initiated. (88 threads)
[2023-10-17T14:01:45.329+0000][38.389s][info ][safepoint     ] Application time: 0.4544882 seconds
[2023-10-17T14:01:45.329+0000][38.389s][info ][safepoint     ] Entering safepoint region: ICBufferFull
[2023-10-17T14:01:45.330+0000][38.390s][info ][safepoint     ] Leaving safepoint region
[2023-10-17T14:01:45.330+0000][38.390s][info ][safepoint     ] Total time for which application threads were stopped: 0.0013290 seconds, Stopping threads took: 0.0005307 seconds
[2023-10-17T14:01:45.625+0000][38.684s][debug][safepoint     ] Safepoint synchronization initiated. (88 threads)
[2023-10-17T14:01:45.626+0000][38.685s][info ][safepoint     ] Application time: 0.2947020 seconds
[2023-10-17T14:01:45.626+0000][38.686s][debug][safepoint     ] Waiting for 1 thread(s) to block
[2023-10-17T14:01:45.627+0000][38.687s][info ][safepoint     ] Entering safepoint region: ICBufferFull
[2023-10-17T14:01:45.627+0000][38.687s][info ][safepoint     ] Leaving safepoint region
[2023-10-17T14:01:45.628+0000][38.688s][info ][safepoint     ] Total time for which application threads were stopped: 0.0018548 seconds, Stopping threads took: 0.0010637 seconds
[2023-10-17T14:01:45.949+0000][39.009s][debug][safepoint     ] Safepoint synchronization initiated. (88 threads)
[2023-10-17T14:01:45.950+0000][39.010s][info ][safepoint     ] Application time: 0.3217919 seconds
[2023-10-17T14:01:45.951+0000][39.011s][info ][safepoint     ] Entering safepoint region: ICBufferFull
[2023-10-17T14:01:45.952+0000][39.012s][info ][safepoint     ] Leaving safepoint region
[2023-10-17T14:01:45.953+0000][39.013s][info ][safepoint     ] Total time for which application threads were stopped: 0.0024597 seconds, Stopping threads took: 0.0007914 seconds
[2023-10-17T14:01:46.100+0000][39.159s][debug][safepoint     ] Safepoint synchronization initiated. (88 threads)
[2023-10-17T14:01:46.100+0000][39.160s][info ][safepoint     ] Application time: 0.1460309 seconds
[2023-10-17T14:01:46.101+0000][39.161s][info ][safepoint     ] Entering safepoint region: G1CollectForAllocation
[2023-10-17T14:01:46.101+0000][39.161s][info ][gc,start      ] GC(54) Pause Young (Normal) (G1 Evacuation Pause)
[2023-10-17T14:01:46.102+0000][39.162s][info ][gc,task       ] GC(54) Using 8 workers of 8 for evacuation
[2023-10-17T14:01:46.140+0000][39.200s][info ][gc,phases     ] GC(54)   Pre Evacuate Collection Set: 0.0ms
[2023-10-17T14:01:46.141+0000][39.201s][info ][gc,phases     ] GC(54)   Evacuate Collection Set: 33.0ms
[2023-10-17T14:01:46.141+0000][39.201s][info ][gc,phases     ] GC(54)   Post Evacuate Collection Set: 4.6ms
[2023-10-17T14:01:46.142+0000][39.202s][info ][gc,phases     ] GC(54)   Other: 1.2ms
[2023-10-17T14:01:46.142+0000][39.202s][info ][gc,heap       ] GC(54) Eden regions: 176->0(167)
[2023-10-17T14:01:46.143+0000][39.203s][info ][gc,heap       ] GC(54) Survivor regions: 15->19(24)
[2023-10-17T14:01:46.144+0000][39.204s][info ][gc,heap       ] GC(54) Old regions: 106->110
[2023-10-17T14:01:46.145+0000][39.205s][info ][gc,heap       ] GC(54) Humongous regions: 0->0
[2023-10-17T14:01:46.146+0000][39.206s][info ][gc,metaspace  ] GC(54) Metaspace: 142398K(146932K)->142398K(146932K) NonClass: 125684K(128500K)->125684K(128500K) Class: 16714K(18432K)->16714K(18432K)
[2023-10-17T14:01:46.146+0000][39.206s][info ][gc            ] GC(54) Pause Young (Normal) (G1 Evacuation Pause) 295M->126M(350M) 44.920ms
[2023-10-17T14:01:46.147+0000][39.207s][info ][gc,cpu        ] GC(54) User=0.28s Sys=0.00s Real=0.04s
[2023-10-17T14:01:46.148+0000][39.208s][info ][safepoint     ] Leaving safepoint region
[2023-10-17T14:01:46.148+0000][39.208s][info ][safepoint     ] Total time for which application threads were stopped: 0.0474432 seconds, Stopping threads took: 0.0005127 seconds
[2023-10-17T14:01:46.149+0000][39.209s][info ][gc,stringdedup] Concurrent String Deduplication (39.209s)
[2023-10-17T14:01:46.152+0000][39.212s][info ][gc,stringdedup] Concurrent String Deduplication 167.0K->69064.0B(101968.0B) avg 52.4% (39.209s, 39.212s) 2.860ms
[2023-10-17T14:01:46.872+0000][39.932s][debug][safepoint     ] Safepoint synchronization initiated. (88 threads)
[2023-10-17T14:01:46.872+0000][39.932s][info ][safepoint     ] Application time: 0.7235277 seconds
[2023-10-17T14:01:46.873+0000][39.933s][info ][safepoint     ] Entering safepoint region: ICBufferFull
[2023-10-17T14:01:46.874+0000][39.934s][info ][safepoint     ] Leaving safepoint region
[2023-10-17T14:01:46.874+0000][39.934s][info ][safepoint     ] Total time for which application threads were stopped: 0.0015391 seconds, Stopping threads took: 0.0004714 seconds
[2023-10-17T14:01:46.956+0000][40.016s][debug][safepoint     ] Safepoint synchronization initiated. (88 threads)
[2023-10-17T14:01:46.957+0000][40.016s][info ][safepoint     ] Application time: 0.0815919 seconds
[2023-10-17T14:01:46.957+0000][40.017s][info ][safepoint     ] Entering safepoint region: G1CollectForAllocation
[2023-10-17T14:01:46.958+0000][40.018s][info ][gc,start      ] GC(55) Pause Young (Normal) (G1 Evacuation Pause)
[2023-10-17T14:01:46.958+0000][40.018s][info ][gc,task       ] GC(55) Using 8 workers of 8 for evacuation
[2023-10-17T14:01:46.989+0000][40.049s][info ][gc,phases     ] GC(55)   Pre Evacuate Collection Set: 0.0ms
[2023-10-17T14:01:46.990+0000][40.049s][info ][gc,phases     ] GC(55)   Evacuate Collection Set: 24.8ms
[2023-10-17T14:01:46.990+0000][40.050s][info ][gc,phases     ] GC(55)   Post Evacuate Collection Set: 5.5ms
[2023-10-17T14:01:46.990+0000][40.050s][info ][gc,phases     ] GC(55)   Other: 0.9ms
[2023-10-17T14:01:46.991+0000][40.051s][info ][gc,heap       ] GC(55) Eden regions: 167->0(167)
[2023-10-17T14:01:46.991+0000][40.051s][info ][gc,heap       ] GC(55) Survivor regions: 19->15(24)
[2023-10-17T14:01:46.992+0000][40.051s][info ][gc,heap       ] GC(55) Old regions: 110->117
[2023-10-17T14:01:46.992+0000][40.052s][info ][gc,heap       ] GC(55) Humongous regions: 0->0
[2023-10-17T14:01:46.992+0000][40.052s][info ][gc,metaspace  ] GC(55) Metaspace: 142871K(147188K)->142871K(147188K) NonClass: 126138K(128756K)->126138K(128756K) Class: 16732K(18432K)->16732K(18432K)
[2023-10-17T14:01:46.993+0000][40.053s][info ][gc            ] GC(55) Pause Young (Normal) (G1 Evacuation Pause) 293M->130M(350M) 34.991ms
[2023-10-17T14:01:46.993+0000][40.053s][info ][gc,cpu        ] GC(55) User=0.25s Sys=0.00s Real=0.04s
[2023-10-17T14:01:46.993+0000][40.053s][info ][safepoint     ] Leaving safepoint region
[2023-10-17T14:01:46.994+0000][40.054s][info ][safepoint     ] Total time for which application threads were stopped: 0.0367840 seconds, Stopping threads took: 0.0003836 seconds
[2023-10-17T14:01:46.994+0000][40.054s][info ][gc,stringdedup] Concurrent String Deduplication (40.054s)
[2023-10-17T14:01:46.996+0000][40.056s][info ][gc,stringdedup] Concurrent String Deduplication 167.3K->76992.0B(94296.0B) avg 52.4% (40.054s, 40.056s) 2.139ms
[2023-10-17T14:01:47.660+0000][40.719s][debug][safepoint     ] Safepoint synchronization initiated. (88 threads)
[2023-10-17T14:01:47.660+0000][40.720s][info ][safepoint     ] Application time: 0.6659186 seconds
[2023-10-17T14:01:47.661+0000][40.721s][info ][safepoint     ] Entering safepoint region: G1CollectForAllocation
[2023-10-17T14:01:47.661+0000][40.721s][info ][gc,start      ] GC(56) Pause Young (Normal) (G1 Evacuation Pause)
[2023-10-17T14:01:47.662+0000][40.722s][info ][gc,task       ] GC(56) Using 8 workers of 8 for evacuation
[2023-10-17T14:01:47.694+0000][40.754s][info ][gc,phases     ] GC(56)   Pre Evacuate Collection Set: 0.0ms
[2023-10-17T14:01:47.695+0000][40.755s][info ][gc,phases     ] GC(56)   Evacuate Collection Set: 26.6ms
[2023-10-17T14:01:47.695+0000][40.755s][info ][gc,phases     ] GC(56)   Post Evacuate Collection Set: 4.7ms
[2023-10-17T14:01:47.696+0000][40.756s][info ][gc,phases     ] GC(56)   Other: 1.2ms
[2023-10-17T14:01:47.696+0000][40.756s][info ][gc,heap       ] GC(56) Eden regions: 167->0(165)
[2023-10-17T14:01:47.697+0000][40.757s][info ][gc,heap       ] GC(56) Survivor regions: 15->15(23)
[2023-10-17T14:01:47.697+0000][40.757s][info ][gc,heap       ] GC(56) Old regions: 117->120
[2023-10-17T14:01:47.698+0000][40.758s][info ][gc,heap       ] GC(56) Humongous regions: 0->0
[2023-10-17T14:01:47.698+0000][40.758s][info ][gc,metaspace  ] GC(56) Metaspace: 143231K(147700K)->143231K(147700K) NonClass: 126455K(129268K)->126455K(129268K) Class: 16775K(18432K)->16775K(18432K)
[2023-10-17T14:01:47.698+0000][40.758s][info ][gc            ] GC(56) Pause Young (Normal) (G1 Evacuation Pause) 297M->133M(350M) 37.051ms
[2023-10-17T14:01:47.699+0000][40.759s][info ][gc,cpu        ] GC(56) User=0.22s Sys=0.02s Real=0.03s
[2023-10-17T14:01:47.699+0000][40.759s][info ][safepoint     ] Leaving safepoint region
[2023-10-17T14:01:47.700+0000][40.759s][info ][safepoint     ] Total time for which application threads were stopped: 0.0389552 seconds, Stopping threads took: 0.0004342 seconds
[2023-10-17T14:01:47.700+0000][40.760s][info ][gc,stringdedup] Concurrent String Deduplication (40.760s)
[2023-10-17T14:01:47.705+0000][40.765s][info ][gc,stringdedup] Concurrent String Deduplication 660.6K->160.0K(500.5K) avg 53.3% (40.760s, 40.765s) 5.254ms
[2023-10-17T14:01:48.222+0000][41.282s][debug][safepoint     ] Safepoint synchronization initiated. (88 threads)
[2023-10-17T14:01:48.223+0000][41.283s][info ][safepoint     ] Application time: 0.5228087 seconds
[2023-10-17T14:01:48.223+0000][41.283s][info ][safepoint     ] Entering safepoint region: G1CollectForAllocation
[2023-10-17T14:01:48.224+0000][41.284s][info ][gc,start      ] GC(57) Pause Young (Normal) (G1 Evacuation Pause)
[2023-10-17T14:01:48.224+0000][41.284s][info ][gc,task       ] GC(57) Using 8 workers of 8 for evacuation
[2023-10-17T14:01:48.246+0000][41.306s][info ][gc,phases     ] GC(57)   Pre Evacuate Collection Set: 0.0ms
[2023-10-17T14:01:48.247+0000][41.307s][info ][gc,phases     ] GC(57)   Evacuate Collection Set: 15.3ms
[2023-10-17T14:01:48.248+0000][41.308s][info ][gc,phases     ] GC(57)   Post Evacuate Collection Set: 6.2ms
[2023-10-17T14:01:48.248+0000][41.308s][info ][gc,phases     ] GC(57)   Other: 0.9ms
[2023-10-17T14:01:48.249+0000][41.308s][info ][gc,heap       ] GC(57) Eden regions: 165->0(203)
[2023-10-17T14:01:48.249+0000][41.309s][info ][gc,heap       ] GC(57) Survivor regions: 15->10(23)
[2023-10-17T14:01:48.249+0000][41.309s][info ][gc,heap       ] GC(57) Old regions: 120->127
[2023-10-17T14:01:48.250+0000][41.310s][info ][gc,heap       ] GC(57) Humongous regions: 0->0
[2023-10-17T14:01:48.250+0000][41.310s][info ][gc,metaspace  ] GC(57) Metaspace: 143432K(147828K)->143432K(147828K) NonClass: 126638K(129268K)->126638K(129268K) Class: 16794K(18560K)->16794K(18560K)
[2023-10-17T14:01:48.250+0000][41.310s][info ][gc            ] GC(57) Pause Young (Normal) (G1 Evacuation Pause) 298M->135M(415M) 26.533ms
[2023-10-17T14:01:48.251+0000][41.311s][info ][gc,cpu        ] GC(57) User=0.17s Sys=0.00s Real=0.03s
[2023-10-17T14:01:48.251+0000][41.311s][info ][safepoint     ] Leaving safepoint region
[2023-10-17T14:01:48.252+0000][41.312s][info ][safepoint     ] Total time for which application threads were stopped: 0.0284535 seconds, Stopping threads took: 0.0005031 seconds
[2023-10-17T14:01:48.252+0000][41.312s][info ][gc,stringdedup] Concurrent String Deduplication (41.312s)
[2023-10-17T14:01:48.256+0000][41.316s][info ][gc,stringdedup] Concurrent String Deduplication 359.5K->131.7K(227.9K) avg 53.5% (41.312s, 41.316s) 4.001ms
[2023-10-17T14:01:48.870+0000][41.931s][debug][safepoint     ] Safepoint synchronization initiated. (88 threads)
[2023-10-17T14:01:48.871+0000][41.931s][info ][safepoint     ] Application time: 0.6194596 seconds
[2023-10-17T14:01:48.871+0000][41.932s][info ][safepoint     ] Entering safepoint region: G1CollectForAllocation
[2023-10-17T14:01:48.872+0000][41.933s][info ][gc,start      ] GC(58) Pause Young (Normal) (G1 Evacuation Pause)
[2023-10-17T14:01:48.873+0000][41.933s][info ][gc,task       ] GC(58) Using 8 workers of 8 for evacuation
[2023-10-17T14:01:48.886+0000][41.947s][info ][gc,phases     ] GC(58)   Pre Evacuate Collection Set: 0.0ms
[2023-10-17T14:01:48.887+0000][41.947s][info ][gc,phases     ] GC(58)   Evacuate Collection Set: 10.1ms
[2023-10-17T14:01:48.887+0000][41.948s][info ][gc,phases     ] GC(58)   Post Evacuate Collection Set: 2.7ms
[2023-10-17T14:01:48.887+0000][41.948s][info ][gc,phases     ] GC(58)   Other: 1.1ms
[2023-10-17T14:01:48.888+0000][41.949s][info ][gc,heap       ] GC(58) Eden regions: 203->0(204)
[2023-10-17T14:01:48.888+0000][41.949s][info ][gc,heap       ] GC(58) Survivor regions: 10->12(27)
[2023-10-17T14:01:48.889+0000][41.949s][info ][gc,heap       ] GC(58) Old regions: 127->127
[2023-10-17T14:01:48.890+0000][41.950s][info ][gc,heap       ] GC(58) Humongous regions: 0->0
[2023-10-17T14:01:48.890+0000][41.951s][info ][gc,metaspace  ] GC(58) Metaspace: 143603K(148084K)->143603K(148084K) NonClass: 126800K(129524K)->126800K(129524K) Class: 16802K(18560K)->16802K(18560K)
[2023-10-17T14:01:48.891+0000][41.951s][info ][gc            ] GC(58) Pause Young (Normal) (G1 Evacuation Pause) 338M->137M(415M) 18.460ms
[2023-10-17T14:01:48.891+0000][41.952s][info ][gc,cpu        ] GC(58) User=0.12s Sys=0.00s Real=0.02s
[2023-10-17T14:01:48.891+0000][41.952s][info ][safepoint     ] Leaving safepoint region
[2023-10-17T14:01:48.892+0000][41.952s][info ][safepoint     ] Total time for which application threads were stopped: 0.0204462 seconds, Stopping threads took: 0.0004990 seconds
[2023-10-17T14:01:48.892+0000][41.953s][info ][gc,stringdedup] Concurrent String Deduplication (41.953s)
[2023-10-17T14:01:48.896+0000][41.957s][info ][gc,stringdedup] Concurrent String Deduplication 348.5K->114.9K(233.6K) avg 53.8% (41.953s, 41.956s) 3.602ms
[2023-10-17T14:01:49.475+0000][42.535s][debug][safepoint     ] Safepoint synchronization initiated. (89 threads)
[2023-10-17T14:01:49.475+0000][42.536s][info ][safepoint     ] Application time: 0.5831782 seconds
[2023-10-17T14:01:49.476+0000][42.536s][info ][safepoint     ] Entering safepoint region: G1CollectForAllocation
[2023-10-17T14:01:49.477+0000][42.537s][info ][gc,start      ] GC(59) Pause Young (Normal) (G1 Evacuation Pause)
[2023-10-17T14:01:49.477+0000][42.538s][info ][gc,task       ] GC(59) Using 8 workers of 8 for evacuation
[2023-10-17T14:01:49.496+0000][42.556s][info ][gc,phases     ] GC(59)   Pre Evacuate Collection Set: 0.0ms
[2023-10-17T14:01:49.496+0000][42.557s][info ][gc,phases     ] GC(59)   Evacuate Collection Set: 13.6ms
[2023-10-17T14:01:49.497+0000][42.557s][info ][gc,phases     ] GC(59)   Post Evacuate Collection Set: 4.5ms
[2023-10-17T14:01:49.497+0000][42.558s][info ][gc,phases     ] GC(59)   Other: 1.1ms
[2023-10-17T14:01:49.497+0000][42.558s][info ][gc,heap       ] GC(59) Eden regions: 204->0(205)
[2023-10-17T14:01:49.498+0000][42.558s][info ][gc,heap       ] GC(59) Survivor regions: 12->14(27)
[2023-10-17T14:01:49.498+0000][42.558s][info ][gc,heap       ] GC(59) Old regions: 127->127
[2023-10-17T14:01:49.498+0000][42.559s][info ][gc,heap       ] GC(59) Humongous regions: 0->0
[2023-10-17T14:01:49.498+0000][42.559s][info ][gc,metaspace  ] GC(59) Metaspace: 143779K(148084K)->143779K(148084K) NonClass: 126957K(129524K)->126957K(129524K) Class: 16821K(18560K)->16821K(18560K)
[2023-10-17T14:01:49.499+0000][42.559s][info ][gc            ] GC(59) Pause Young (Normal) (G1 Evacuation Pause) 341M->139M(415M) 22.220ms
[2023-10-17T14:01:49.499+0000][42.560s][info ][gc,cpu        ] GC(59) User=0.14s Sys=0.00s Real=0.02s
[2023-10-17T14:01:49.499+0000][42.560s][info ][safepoint     ] Leaving safepoint region
[2023-10-17T14:01:49.500+0000][42.560s][info ][safepoint     ] Total time for which application threads were stopped: 0.0239257 seconds, Stopping threads took: 0.0004991 seconds
[2023-10-17T14:01:49.500+0000][42.561s][info ][gc,stringdedup] Concurrent String Deduplication (42.561s)
[2023-10-17T14:01:49.502+0000][42.563s][info ][gc,stringdedup] Concurrent String Deduplication 252.9K->81080.0B(173.7K) avg 54.0% (42.561s, 42.563s) 1.997ms
[2023-10-17T14:01:50.011+0000][43.072s][debug][safepoint     ] Safepoint synchronization initiated. (89 threads)
[2023-10-17T14:01:50.012+0000][43.072s][info ][safepoint     ] Application time: 0.5114508 seconds
[2023-10-17T14:01:50.012+0000][43.073s][info ][safepoint     ] Entering safepoint region: G1CollectForAllocation
[2023-10-17T14:01:50.013+0000][43.073s][info ][gc,start      ] GC(60) Pause Young (Normal) (G1 Evacuation Pause)
[2023-10-17T14:01:50.013+0000][43.073s][info ][gc,task       ] GC(60) Using 8 workers of 8 for evacuation
[2023-10-17T14:01:50.027+0000][43.087s][info ][gc,phases     ] GC(60)   Pre Evacuate Collection Set: 0.0ms
[2023-10-17T14:01:50.027+0000][43.088s][info ][gc,phases     ] GC(60)   Evacuate Collection Set: 9.6ms
[2023-10-17T14:01:50.028+0000][43.088s][info ][gc,phases     ] GC(60)   Post Evacuate Collection Set: 3.6ms
[2023-10-17T14:01:50.028+0000][43.089s][info ][gc,phases     ] GC(60)   Other: 0.9ms
[2023-10-17T14:01:50.029+0000][43.089s][info ][gc,heap       ] GC(60) Eden regions: 205->0(206)
[2023-10-17T14:01:50.029+0000][43.090s][info ][gc,heap       ] GC(60) Survivor regions: 14->16(28)
[2023-10-17T14:01:50.030+0000][43.091s][info ][gc,heap       ] GC(60) Old regions: 127->127
[2023-10-17T14:01:50.031+0000][43.091s][info ][gc,heap       ] GC(60) Humongous regions: 0->0
[2023-10-17T14:01:50.031+0000][43.092s][info ][gc,metaspace  ] GC(60) Metaspace: 143895K(148340K)->143895K(148340K) NonClass: 127052K(129780K)->127052K(129780K) Class: 16843K(18560K)->16843K(18560K)
[2023-10-17T14:01:50.032+0000][43.092s][info ][gc            ] GC(60) Pause Young (Normal) (G1 Evacuation Pause) 344M->141M(415M) 19.237ms
[2023-10-17T14:01:50.032+0000][43.093s][info ][gc,cpu        ] GC(60) User=0.11s Sys=0.00s Real=0.02s
[2023-10-17T14:01:50.033+0000][43.093s][info ][safepoint     ] Leaving safepoint region
[2023-10-17T14:01:50.033+0000][43.094s][info ][safepoint     ] Total time for which application threads were stopped: 0.0210720 seconds, Stopping threads took: 0.0003529 seconds
[2023-10-17T14:01:50.033+0000][43.094s][info ][gc,stringdedup] Concurrent String Deduplication (43.094s)
[2023-10-17T14:01:50.036+0000][43.097s][info ][gc,stringdedup] Concurrent String Deduplication 267.0K->94608.0B(174.6K) avg 54.1% (43.094s, 43.097s) 2.731ms
[2023-10-17T14:01:50.586+0000][43.647s][debug][safepoint     ] Safepoint synchronization initiated. (89 threads)
[2023-10-17T14:01:50.587+0000][43.648s][info ][safepoint     ] Application time: 0.5537653 seconds
[2023-10-17T14:01:50.588+0000][43.648s][info ][safepoint     ] Entering safepoint region: G1CollectForAllocation
[2023-10-17T14:01:50.588+0000][43.649s][info ][gc,start      ] GC(61) Pause Young (Normal) (G1 Evacuation Pause)
[2023-10-17T14:01:50.589+0000][43.649s][info ][gc,task       ] GC(61) Using 8 workers of 8 for evacuation
[2023-10-17T14:01:50.602+0000][43.662s][info ][gc,phases     ] GC(61)   Pre Evacuate Collection Set: 0.0ms
[2023-10-17T14:01:50.602+0000][43.663s][info ][gc,phases     ] GC(61)   Evacuate Collection Set: 9.9ms
[2023-10-17T14:01:50.603+0000][43.663s][info ][gc,phases     ] GC(61)   Post Evacuate Collection Set: 2.7ms
[2023-10-17T14:01:50.603+0000][43.664s][info ][gc,phases     ] GC(61)   Other: 0.9ms
[2023-10-17T14:01:50.604+0000][43.664s][info ][gc,heap       ] GC(61) Eden regions: 206->0(207)
[2023-10-17T14:01:50.605+0000][43.665s][info ][gc,heap       ] GC(61) Survivor regions: 16->15(28)
[2023-10-17T14:01:50.605+0000][43.666s][info ][gc,heap       ] GC(61) Old regions: 127->131
[2023-10-17T14:01:50.605+0000][43.666s][info ][gc,heap       ] GC(61) Humongous regions: 0->0
[2023-10-17T14:01:50.606+0000][43.667s][info ][gc,metaspace  ] GC(61) Metaspace: 143976K(148340K)->143976K(148340K) NonClass: 127124K(129780K)->127124K(129780K) Class: 16851K(18560K)->16851K(18560K)
[2023-10-17T14:01:50.606+0000][43.667s][info ][gc            ] GC(61) Pause Young (Normal) (G1 Evacuation Pause) 347M->143M(415M) 18.124ms
[2023-10-17T14:01:50.607+0000][43.668s][info ][gc,cpu        ] GC(61) User=0.11s Sys=0.00s Real=0.02s
[2023-10-17T14:01:50.607+0000][43.668s][info ][safepoint     ] Leaving safepoint region
[2023-10-17T14:01:50.608+0000][43.668s][info ][safepoint     ] Total time for which application threads were stopped: 0.0203366 seconds, Stopping threads took: 0.0004801 seconds
[2023-10-17T14:01:50.609+0000][43.669s][info ][gc,stringdedup] Concurrent String Deduplication (43.669s)
[2023-10-17T14:01:50.613+0000][43.674s][info ][gc,stringdedup] Concurrent String Deduplication 307.9K->98728.0B(211.5K) avg 54.4% (43.669s, 43.674s) 4.929ms
[2023-10-17T14:01:51.141+0000][44.201s][debug][safepoint     ] Safepoint synchronization initiated. (89 threads)
[2023-10-17T14:01:51.142+0000][44.202s][info ][safepoint     ] Application time: 0.5332858 seconds
[2023-10-17T14:01:51.143+0000][44.204s][info ][safepoint     ] Entering safepoint region: G1CollectForAllocation
[2023-10-17T14:01:51.144+0000][44.205s][info ][gc,start      ] GC(62) Pause Young (Normal) (G1 Evacuation Pause)
[2023-10-17T14:01:51.145+0000][44.205s][info ][gc,task       ] GC(62) Using 8 workers of 8 for evacuation
[2023-10-17T14:01:51.163+0000][44.224s][info ][gc,phases     ] GC(62)   Pre Evacuate Collection Set: 0.0ms
[2023-10-17T14:01:51.164+0000][44.224s][info ][gc,phases     ] GC(62)   Evacuate Collection Set: 14.5ms
[2023-10-17T14:01:51.164+0000][44.225s][info ][gc,phases     ] GC(62)   Post Evacuate Collection Set: 3.3ms
[2023-10-17T14:01:51.165+0000][44.226s][info ][gc,phases     ] GC(62)   Other: 1.5ms
[2023-10-17T14:01:51.165+0000][44.226s][info ][gc,heap       ] GC(62) Eden regions: 207->0(212)
[2023-10-17T14:01:51.166+0000][44.227s][info ][gc,heap       ] GC(62) Survivor regions: 15->15(28)
[2023-10-17T14:01:51.167+0000][44.227s][info ][gc,heap       ] GC(62) Old regions: 131->131
[2023-10-17T14:01:51.167+0000][44.228s][info ][gc,heap       ] GC(62) Humongous regions: 0->0
[2023-10-17T14:01:51.168+0000][44.229s][info ][gc,metaspace  ] GC(62) Metaspace: 144032K(148340K)->144032K(148340K) NonClass: 127180K(129780K)->127180K(129780K) Class: 16852K(18560K)->16852K(18560K)
[2023-10-17T14:01:51.169+0000][44.229s][info ][gc            ] GC(62) Pause Young (Normal) (G1 Evacuation Pause) 350M->143M(415M) 24.906ms
[2023-10-17T14:01:51.169+0000][44.230s][info ][gc,cpu        ] GC(62) User=0.14s Sys=0.00s Real=0.02s
[2023-10-17T14:01:51.170+0000][44.230s][info ][safepoint     ] Leaving safepoint region
[2023-10-17T14:01:51.170+0000][44.231s][info ][safepoint     ] Total time for which application threads were stopped: 0.0272460 seconds, Stopping threads took: 0.0005408 seconds
[2023-10-17T14:01:51.171+0000][44.231s][info ][gc,stringdedup] Concurrent String Deduplication (44.231s)
[2023-10-17T14:01:51.174+0000][44.234s][info ][gc,stringdedup] Concurrent String Deduplication 182.4K->71880.0B(112.2K) avg 54.5% (44.231s, 44.234s) 2.837ms
[2023-10-17T14:01:51.470+0000][44.530s][debug][safepoint     ] Safepoint synchronization initiated. (97 threads)
[2023-10-17T14:01:51.470+0000][44.531s][info ][safepoint     ] Application time: 0.2994289 seconds
[2023-10-17T14:01:51.471+0000][44.531s][info ][safepoint     ] Entering safepoint region: Deoptimize
[2023-10-17T14:01:51.474+0000][44.535s][info ][safepoint     ] Leaving safepoint region
[2023-10-17T14:01:51.475+0000][44.535s][info ][safepoint     ] Total time for which application threads were stopped: 0.0039554 seconds, Stopping threads took: 0.0004922 seconds
[2023-10-17T14:01:51.754+0000][44.814s][debug][safepoint     ] Safepoint synchronization initiated. (108 threads)
[2023-10-17T14:01:51.758+0000][44.819s][info ][safepoint     ] Application time: 0.2828646 seconds
[2023-10-17T14:01:51.759+0000][44.819s][debug][safepoint     ] ... found polling page return exception at pc = 0x00007fc1a434c736, stub =0x00007fc19c840600
[2023-10-17T14:01:51.759+0000][44.820s][debug][safepoint     ] Waiting for 2 thread(s) to block
[2023-10-17T14:01:51.761+0000][44.821s][info ][safepoint     ] Entering safepoint region: ICBufferFull
[2023-10-17T14:01:51.763+0000][44.823s][info ][safepoint     ] Leaving safepoint region
[2023-10-17T14:01:51.764+0000][44.824s][info ][safepoint     ] Total time for which application threads were stopped: 0.0051501 seconds, Stopping threads took: 0.0031907 seconds
[2023-10-17T14:01:51.795+0000][44.855s][debug][safepoint     ] Safepoint synchronization initiated. (108 threads)
[2023-10-17T14:01:51.797+0000][44.858s][info ][safepoint     ] Application time: 0.0326768 seconds
[2023-10-17T14:01:51.798+0000][44.859s][debug][safepoint     ] Waiting for 1 thread(s) to block
[2023-10-17T14:01:51.799+0000][44.860s][info ][safepoint     ] Entering safepoint region: Deoptimize
[2023-10-17T14:01:51.802+0000][44.863s][info ][safepoint     ] Leaving safepoint region
[2023-10-17T14:01:51.802+0000][44.863s][info ][safepoint     ] Total time for which application threads were stopped: 0.0043427 seconds, Stopping threads took: 0.0012344 seconds
[2023-10-17T14:01:52.282+0000][45.343s][debug][safepoint     ] Safepoint synchronization initiated. (133 threads)
[2023-10-17T14:01:52.283+0000][45.344s][info ][safepoint     ] Application time: 0.4799525 seconds
[2023-10-17T14:01:52.284+0000][45.344s][info ][safepoint     ] Entering safepoint region: ICBufferFull
[2023-10-17T14:01:52.285+0000][45.345s][info ][safepoint     ] Leaving safepoint region
[2023-10-17T14:01:52.285+0000][45.346s][info ][safepoint     ] Total time for which application threads were stopped: 0.0017682 seconds, Stopping threads took: 0.0007009 seconds
[2023-10-17T14:01:52.288+0000][45.349s][debug][safepoint     ] Safepoint synchronization initiated. (133 threads)
[2023-10-17T14:01:52.289+0000][45.349s][info ][safepoint     ] Application time: 0.0028192 seconds
[2023-10-17T14:01:52.289+0000][45.350s][info ][safepoint     ] Entering safepoint region: Deoptimize
[2023-10-17T14:01:52.292+0000][45.352s][info ][safepoint     ] Leaving safepoint region
[2023-10-17T14:01:52.292+0000][45.353s][info ][safepoint     ] Total time for which application threads were stopped: 0.0028759 seconds, Stopping threads took: 0.0004500 seconds
[2023-10-17T14:01:52.522+0000][45.583s][debug][safepoint     ] Safepoint synchronization initiated. (133 threads)
[2023-10-17T14:01:52.524+0000][45.585s][info ][safepoint     ] Application time: 0.2313071 seconds
[2023-10-17T14:01:52.525+0000][45.586s][info ][safepoint     ] Entering safepoint region: Deoptimize
[2023-10-17T14:01:52.531+0000][45.592s][info ][safepoint     ] Leaving safepoint region
[2023-10-17T14:01:52.532+0000][45.593s][info ][safepoint     ] Total time for which application threads were stopped: 0.0064978 seconds, Stopping threads took: 0.0016252 seconds
[2023-10-17T14:01:52.560+0000][45.621s][debug][safepoint     ] Safepoint synchronization initiated. (134 threads)
[2023-10-17T14:01:52.561+0000][45.621s][info ][safepoint     ] Application time: 0.0284165 seconds
[2023-10-17T14:01:52.561+0000][45.622s][debug][safepoint     ] ... found polling page return exception at pc = 0x00007fc1a434c736, stub =0x00007fc19c840600
[2023-10-17T14:01:52.562+0000][45.623s][debug][safepoint     ] Waiting for 3 thread(s) to block
[2023-10-17T14:01:52.563+0000][45.623s][info ][safepoint     ] Entering safepoint region: Deoptimize
[2023-10-17T14:01:52.566+0000][45.627s][info ][safepoint     ] Leaving safepoint region
[2023-10-17T14:01:52.567+0000][45.627s][info ][safepoint     ] Total time for which application threads were stopped: 0.0053450 seconds, Stopping threads took: 0.0017174 seconds
[2023-10-17T14:01:52.833+0000][45.894s][debug][safepoint     ] Safepoint synchronization initiated. (167 threads)
[2023-10-17T14:01:52.834+0000][45.894s][info ][safepoint     ] Application time: 0.2664856 seconds
[2023-10-17T14:01:52.834+0000][45.895s][debug][safepoint     ] ... found polling page return exception at pc = 0x00007fc1a4b0dc74, stub =0x00007fc19c840600
[2023-10-17T14:01:52.834+0000][45.895s][debug][safepoint     ] Waiting for 1 thread(s) to block
[2023-10-17T14:01:52.835+0000][45.896s][info ][safepoint     ] Entering safepoint region: Deoptimize
[2023-10-17T14:01:52.839+0000][45.900s][info ][safepoint     ] Leaving safepoint region
[2023-10-17T14:01:52.840+0000][45.901s][info ][safepoint     ] Total time for which application threads were stopped: 0.0059242 seconds, Stopping threads took: 0.0012847 seconds
[2023-10-17T14:01:53.174+0000][46.235s][debug][safepoint     ] Safepoint synchronization initiated. (167 threads)
[2023-10-17T14:01:53.175+0000][46.236s][info ][safepoint     ] Application time: 0.3342777 seconds
[2023-10-17T14:01:53.175+0000][46.236s][info ][safepoint     ] Entering safepoint region: ICBufferFull
[2023-10-17T14:01:53.176+0000][46.237s][info ][safepoint     ] Leaving safepoint region
[2023-10-17T14:01:53.177+0000][46.237s][info ][safepoint     ] Total time for which application threads were stopped: 0.0011273 seconds, Stopping threads took: 0.0004290 seconds
[2023-10-17T14:01:53.207+0000][46.268s][debug][safepoint     ] Safepoint synchronization initiated. (167 threads)
[2023-10-17T14:01:53.208+0000][46.269s][info ][safepoint     ] Application time: 0.0309709 seconds
[2023-10-17T14:01:53.208+0000][46.269s][info ][safepoint     ] Entering safepoint region: ICBufferFull
[2023-10-17T14:01:53.209+0000][46.270s][info ][safepoint     ] Leaving safepoint region
[2023-10-17T14:01:53.210+0000][46.270s][info ][safepoint     ] Total time for which application threads were stopped: 0.0011717 seconds, Stopping threads took: 0.0004835 seconds
[2023-10-17T14:01:53.300+0000][46.361s][debug][safepoint     ] Safepoint synchronization initiated. (167 threads)
[2023-10-17T14:01:53.301+0000][46.362s][info ][safepoint     ] Application time: 0.0908694 seconds
[2023-10-17T14:01:53.301+0000][46.362s][info ][safepoint     ] Entering safepoint region: G1CollectForAllocation
[2023-10-17T14:01:53.302+0000][46.363s][info ][gc,start      ] GC(63) Pause Young (Normal) (G1 Evacuation Pause)
[2023-10-17T14:01:53.302+0000][46.363s][info ][gc,task       ] GC(63) Using 8 workers of 8 for evacuation
[2023-10-17T14:01:53.325+0000][46.386s][info ][gc,phases     ] GC(63)   Pre Evacuate Collection Set: 0.0ms
[2023-10-17T14:01:53.326+0000][46.386s][info ][gc,phases     ] GC(63)   Evacuate Collection Set: 18.1ms
[2023-10-17T14:01:53.326+0000][46.387s][info ][gc,phases     ] GC(63)   Post Evacuate Collection Set: 3.9ms
[2023-10-17T14:01:53.327+0000][46.387s][info ][gc,phases     ] GC(63)   Other: 1.0ms
[2023-10-17T14:01:53.327+0000][46.388s][info ][gc,heap       ] GC(63) Eden regions: 212->0(194)
[2023-10-17T14:01:53.327+0000][46.388s][info ][gc,heap       ] GC(63) Survivor regions: 15->24(29)
[2023-10-17T14:01:53.328+0000][46.388s][info ][gc,heap       ] GC(63) Old regions: 131->131
[2023-10-17T14:01:53.328+0000][46.389s][info ][gc,heap       ] GC(63) Humongous regions: 0->0
[2023-10-17T14:01:53.329+0000][46.389s][info ][gc,metaspace  ] GC(63) Metaspace: 153128K(158196K)->153128K(158196K) NonClass: 135209K(138228K)->135209K(138228K) Class: 17918K(19968K)->17918K(19968K)
[2023-10-17T14:01:53.329+0000][46.390s][info ][gc            ] GC(63) Pause Young (Normal) (G1 Evacuation Pause) 355M->152M(415M) 27.090ms
[2023-10-17T14:01:53.330+0000][46.390s][info ][gc,cpu        ] GC(63) User=0.14s Sys=0.00s Real=0.02s
[2023-10-17T14:01:53.330+0000][46.391s][info ][safepoint     ] Leaving safepoint region
[2023-10-17T14:01:53.331+0000][46.391s][info ][safepoint     ] Total time for which application threads were stopped: 0.0292019 seconds, Stopping threads took: 0.0004064 seconds
[2023-10-17T14:01:53.331+0000][46.392s][info ][gc,stringdedup] Concurrent String Deduplication (46.392s)
[2023-10-17T14:01:53.333+0000][46.393s][info ][gc,stringdedup] Concurrent String Deduplication 197.6K->71880.0B(127.4K) avg 54.6% (46.392s, 46.393s) 1.893ms
[2023-10-17T14:01:53.392+0000][46.452s][debug][safepoint     ] Safepoint synchronization initiated. (167 threads)
[2023-10-17T14:01:53.392+0000][46.453s][info ][safepoint     ] Application time: 0.0615328 seconds
[2023-10-17T14:01:53.393+0000][46.454s][info ][safepoint     ] Entering safepoint region: ICBufferFull
[2023-10-17T14:01:53.394+0000][46.454s][info ][safepoint     ] Leaving safepoint region
[2023-10-17T14:01:53.394+0000][46.455s][info ][safepoint     ] Total time for which application threads were stopped: 0.0013428 seconds, Stopping threads took: 0.0005380 seconds
[2023-10-17T14:01:53.653+0000][46.714s][debug][safepoint     ] Safepoint synchronization initiated. (167 threads)
[2023-10-17T14:01:53.654+0000][46.715s][info ][safepoint     ] Application time: 0.2592013 seconds
[2023-10-17T14:01:53.655+0000][46.715s][info ][safepoint     ] Entering safepoint region: ICBufferFull
[2023-10-17T14:01:53.656+0000][46.716s][info ][safepoint     ] Leaving safepoint region
[2023-10-17T14:01:53.656+0000][46.717s][info ][safepoint     ] Total time for which application threads were stopped: 0.0018513 seconds, Stopping threads took: 0.0006528 seconds
[2023-10-17T14:01:54.212+0000][47.272s][debug][safepoint     ] Safepoint synchronization initiated. (167 threads)
[2023-10-17T14:01:54.212+0000][47.273s][info ][safepoint     ] Application time: 0.5552772 seconds
[2023-10-17T14:01:54.213+0000][47.273s][info ][safepoint     ] Entering safepoint region: ICBufferFull
[2023-10-17T14:01:54.213+0000][47.274s][info ][safepoint     ] Leaving safepoint region
[2023-10-17T14:01:54.214+0000][47.274s][info ][safepoint     ] Total time for which application threads were stopped: 0.0011365 seconds, Stopping threads took: 0.0004379 seconds
[2023-10-17T14:01:54.225+0000][47.286s][debug][safepoint     ] Safepoint synchronization initiated. (167 threads)
[2023-10-17T14:01:54.226+0000][47.286s][info ][safepoint     ] Application time: 0.0115480 seconds
[2023-10-17T14:01:54.226+0000][47.287s][info ][safepoint     ] Entering safepoint region: Deoptimize
[2023-10-17T14:01:54.229+0000][47.290s][info ][safepoint     ] Leaving safepoint region
[2023-10-17T14:01:54.230+0000][47.290s][info ][safepoint     ] Total time for which application threads were stopped: 0.0036938 seconds, Stopping threads took: 0.0004074 seconds
[2023-10-17T14:01:54.950+0000][48.011s][debug][safepoint     ] Safepoint synchronization initiated. (168 threads)
[2023-10-17T14:01:54.951+0000][48.011s][info ][safepoint     ] Application time: 0.7203312 seconds
[2023-10-17T14:01:54.951+0000][48.012s][info ][safepoint     ] Entering safepoint region: ICBufferFull
[2023-10-17T14:01:54.952+0000][48.012s][info ][safepoint     ] Leaving safepoint region
[2023-10-17T14:01:54.952+0000][48.013s][info ][safepoint     ] Total time for which application threads were stopped: 0.0011581 seconds, Stopping threads took: 0.0004375 seconds
[2023-10-17T14:01:55.377+0000][48.437s][debug][safepoint     ] Safepoint synchronization initiated. (168 threads)
[2023-10-17T14:01:55.378+0000][48.439s][info ][safepoint     ] Application time: 0.4256153 seconds
[2023-10-17T14:01:55.379+0000][48.439s][info ][safepoint     ] Entering safepoint region: ICBufferFull
[2023-10-17T14:01:55.379+0000][48.440s][info ][safepoint     ] Leaving safepoint region
[2023-10-17T14:01:55.380+0000][48.441s][info ][safepoint     ] Total time for which application threads were stopped: 0.0014173 seconds, Stopping threads took: 0.0004840 seconds
[2023-10-17T14:01:55.980+0000][49.040s][debug][safepoint     ] Safepoint synchronization initiated. (168 threads)
[2023-10-17T14:01:55.980+0000][49.041s][info ][safepoint     ] Application time: 0.5997761 seconds
[2023-10-17T14:01:55.981+0000][49.041s][info ][safepoint     ] Entering safepoint region: G1CollectForAllocation
[2023-10-17T14:01:55.982+0000][49.042s][info ][gc,start      ] GC(64) Pause Young (Normal) (G1 Evacuation Pause)
[2023-10-17T14:01:55.982+0000][49.043s][info ][gc,task       ] GC(64) Using 8 workers of 8 for evacuation
[2023-10-17T14:01:56.011+0000][49.072s][info ][gc,phases     ] GC(64)   Pre Evacuate Collection Set: 0.0ms
[2023-10-17T14:01:56.012+0000][49.072s][info ][gc,phases     ] GC(64)   Evacuate Collection Set: 24.5ms
[2023-10-17T14:01:56.012+0000][49.073s][info ][gc,phases     ] GC(64)   Post Evacuate Collection Set: 3.5ms
[2023-10-17T14:01:56.012+0000][49.073s][info ][gc,phases     ] GC(64)   Other: 1.2ms
[2023-10-17T14:01:56.013+0000][49.073s][info ][gc,heap       ] GC(64) Eden regions: 194->0(193)
[2023-10-17T14:01:56.013+0000][49.074s][info ][gc,heap       ] GC(64) Survivor regions: 24->20(28)
[2023-10-17T14:01:56.013+0000][49.074s][info ][gc,heap       ] GC(64) Old regions: 131->140
[2023-10-17T14:01:56.014+0000][49.074s][info ][gc,heap       ] GC(64) Humongous regions: 0->0
[2023-10-17T14:01:56.014+0000][49.074s][info ][gc,metaspace  ] GC(64) Metaspace: 162099K(174836K)->162099K(174836K) NonClass: 143204K(153332K)->143204K(153332K) Class: 18895K(21504K)->18895K(21504K)
[2023-10-17T14:01:56.014+0000][49.075s][info ][gc            ] GC(64) Pause Young (Normal) (G1 Evacuation Pause) 346M->158M(415M) 32.455ms
[2023-10-17T14:01:56.015+0000][49.075s][info ][gc,cpu        ] GC(64) User=0.21s Sys=0.00s Real=0.03s
[2023-10-17T14:01:56.015+0000][49.076s][info ][safepoint     ] Leaving safepoint region
[2023-10-17T14:01:56.015+0000][49.076s][info ][safepoint     ] Total time for which application threads were stopped: 0.0344493 seconds, Stopping threads took: 0.0005007 seconds
[2023-10-17T14:01:56.016+0000][49.076s][info ][gc,stringdedup] Concurrent String Deduplication (49.076s)
[2023-10-17T14:01:56.017+0000][49.078s][info ][gc,stringdedup] Concurrent String Deduplication 160.8K->60152.0B(102.1K) avg 54.6% (49.076s, 49.078s) 1.447ms
[2023-10-17T14:01:57.016+0000][50.076s][debug][safepoint     ] Safepoint synchronization initiated. (167 threads)
[2023-10-17T14:01:57.017+0000][50.077s][info ][safepoint     ] Application time: 1.0012962 seconds
[2023-10-17T14:01:57.018+0000][50.078s][info ][safepoint     ] Entering safepoint region: Cleanup
[2023-10-17T14:01:57.020+0000][50.081s][info ][safepoint     ] Leaving safepoint region
[2023-10-17T14:01:57.021+0000][50.082s][info ][safepoint     ] Total time for which application threads were stopped: 0.0035596 seconds, Stopping threads took: 0.0009654 seconds
[2023-10-17T14:01:58.023+0000][51.084s][debug][safepoint     ] Safepoint synchronization initiated. (166 threads)
[2023-10-17T14:01:58.024+0000][51.085s][info ][safepoint     ] Application time: 1.0014314 seconds
[2023-10-17T14:01:58.025+0000][51.085s][info ][safepoint     ] Entering safepoint region: Cleanup
[2023-10-17T14:01:58.026+0000][51.087s][info ][safepoint     ] Leaving safepoint region
[2023-10-17T14:01:58.027+0000][51.088s][info ][safepoint     ] Total time for which application threads were stopped: 0.0027882 seconds, Stopping threads took: 0.0009664 seconds
[2023-10-17T14:02:02.030+0000][55.090s][debug][safepoint     ] Safepoint synchronization initiated. (167 threads)
[2023-10-17T14:02:02.030+0000][55.091s][info ][safepoint     ] Application time: 4.0019976 seconds
[2023-10-17T14:02:02.031+0000][55.092s][info ][safepoint     ] Entering safepoint region: Cleanup
[2023-10-17T14:02:02.032+0000][55.093s][info ][safepoint     ] Leaving safepoint region
[2023-10-17T14:02:02.033+0000][55.094s][info ][safepoint     ] Total time for which application threads were stopped: 0.0019396 seconds, Stopping threads took: 0.0007398 seconds
[2023-10-17T14:02:04.471+0000][57.531s][debug][safepoint     ] Safepoint synchronization initiated. (167 threads)
[2023-10-17T14:02:04.472+0000][57.533s][info ][safepoint     ] Application time: 2.4378926 seconds
[2023-10-17T14:02:04.473+0000][57.533s][info ][safepoint     ] Entering safepoint region: ICBufferFull
[2023-10-17T14:02:04.474+0000][57.535s][info ][safepoint     ] Leaving safepoint region
[2023-10-17T14:02:04.475+0000][57.536s][info ][safepoint     ] Total time for which application threads were stopped: 0.0025836 seconds, Stopping threads took: 0.0009621 seconds
[2023-10-17T14:02:05.476+0000][58.537s][debug][safepoint     ] Safepoint synchronization initiated. (167 threads)
[2023-10-17T14:02:05.478+0000][58.538s][info ][safepoint     ] Application time: 1.0014675 seconds
[2023-10-17T14:02:05.479+0000][58.539s][info ][safepoint     ] Entering safepoint region: Cleanup
[2023-10-17T14:02:05.480+0000][58.541s][info ][safepoint     ] Leaving safepoint region
[2023-10-17T14:02:05.481+0000][58.542s][info ][safepoint     ] Total time for which application threads were stopped: 0.0027642 seconds, Stopping threads took: 0.0010239 seconds
[2023-10-17T14:02:06.483+0000][59.544s][debug][safepoint     ] Safepoint synchronization initiated. (167 threads)
[2023-10-17T14:02:06.484+0000][59.544s][info ][safepoint     ] Application time: 1.0012042 seconds
[2023-10-17T14:02:06.485+0000][59.545s][info ][safepoint     ] Entering safepoint region: Cleanup
[2023-10-17T14:02:06.486+0000][59.546s][info ][safepoint     ] Leaving safepoint region
[2023-10-17T14:02:06.486+0000][59.547s][info ][safepoint     ] Total time for which application threads were stopped: 0.0018521 seconds, Stopping threads took: 0.0006884 seconds
[2023-10-17T14:02:13.489+0000][66.550s][debug][safepoint     ] Safepoint synchronization initiated. (168 threads)
[2023-10-17T14:02:13.490+0000][66.551s][info ][safepoint     ] Application time: 7.0027640 seconds
[2023-10-17T14:02:13.491+0000][66.551s][info ][safepoint     ] Entering safepoint region: Cleanup
[2023-10-17T14:02:13.492+0000][66.553s][info ][safepoint     ] Leaving safepoint region
[2023-10-17T14:02:13.493+0000][66.553s][info ][safepoint     ] Total time for which application threads were stopped: 0.0021895 seconds, Stopping threads took: 0.0009503 seconds
[2023-10-17T14:02:18.495+0000][71.556s][debug][safepoint     ] Safepoint synchronization initiated. (167 threads)
[2023-10-17T14:02:18.496+0000][71.556s][info ][safepoint     ] Application time: 5.0018564 seconds
[2023-10-17T14:02:18.496+0000][71.557s][info ][safepoint     ] Entering safepoint region: Cleanup
[2023-10-17T14:02:18.498+0000][71.558s][info ][safepoint     ] Leaving safepoint region
[2023-10-17T14:02:18.498+0000][71.559s][info ][safepoint     ] Total time for which application threads were stopped: 0.0020681 seconds, Stopping threads took: 0.0012135 seconds
[2023-10-17T14:02:21.500+0000][74.561s][debug][safepoint     ] Safepoint synchronization initiated. (167 threads)
[2023-10-17T14:02:21.502+0000][74.562s][info ][safepoint     ] Application time: 3.0027916 seconds
[2023-10-17T14:02:21.503+0000][74.563s][info ][safepoint     ] Entering safepoint region: Cleanup
[2023-10-17T14:02:21.504+0000][74.564s][info ][safepoint     ] Leaving safepoint region
[2023-10-17T14:02:21.504+0000][74.565s][info ][safepoint     ] Total time for which application threads were stopped: 0.0014823 seconds, Stopping threads took: 0.0005952 seconds
[2023-10-17T14:02:36.509+0000][89.570s][debug][safepoint     ] Safepoint synchronization initiated. (167 threads)
[2023-10-17T14:02:36.511+0000][89.571s][info ][safepoint     ] Application time: 15.0056965 seconds
[2023-10-17T14:02:36.511+0000][89.572s][info ][safepoint     ] Entering safepoint region: Cleanup
[2023-10-17T14:02:36.513+0000][89.573s][info ][safepoint     ] Leaving safepoint region
[2023-10-17T14:02:36.513+0000][89.574s][info ][safepoint     ] Total time for which application threads were stopped: 0.0021142 seconds, Stopping threads took: 0.0007892 seconds
[2023-10-17T14:02:41.515+0000][94.576s][debug][safepoint     ] Safepoint synchronization initiated. (167 threads)
[2023-10-17T14:02:41.516+0000][94.577s][info ][safepoint     ] Application time: 5.0022159 seconds
[2023-10-17T14:02:41.518+0000][94.578s][info ][safepoint     ] Entering safepoint region: Cleanup
[2023-10-17T14:02:41.519+0000][94.580s][info ][safepoint     ] Leaving safepoint region
[2023-10-17T14:02:41.520+0000][94.581s][info ][safepoint     ] Total time for which application threads were stopped: 0.0027892 seconds, Stopping threads took: 0.0017068 seconds
[2023-10-17T14:02:51.524+0000][104.585s][debug][safepoint     ] Safepoint synchronization initiated. (167 threads)
[2023-10-17T14:02:51.525+0000][104.586s][info ][safepoint     ] Application time: 10.0042208 seconds
[2023-10-17T14:02:51.526+0000][104.587s][info ][safepoint     ] Entering safepoint region: Cleanup
[2023-10-17T14:02:51.527+0000][104.588s][info ][safepoint     ] Leaving safepoint region
[2023-10-17T14:02:51.529+0000][104.590s][info ][safepoint     ] Total time for which application threads were stopped: 0.0031673 seconds, Stopping threads took: 0.0008637 seconds
[2023-10-17T14:02:52.531+0000][105.592s][debug][safepoint     ] Safepoint synchronization initiated. (167 threads)
[2023-10-17T14:02:52.532+0000][105.593s][info ][safepoint     ] Application time: 1.0016364 seconds
[2023-10-17T14:02:52.533+0000][105.594s][info ][safepoint     ] Entering safepoint region: Cleanup
[2023-10-17T14:02:52.534+0000][105.595s][info ][safepoint     ] Leaving safepoint region
[2023-10-17T14:02:52.535+0000][105.595s][info ][safepoint     ] Total time for which application threads were stopped: 0.0019075 seconds, Stopping threads took: 0.0008530 seconds
[2023-10-17T14:02:53.536+0000][106.596s][debug][safepoint     ] Safepoint synchronization initiated. (167 threads)
[2023-10-17T14:02:53.537+0000][106.597s][info ][safepoint     ] Application time: 1.0010397 seconds
[2023-10-17T14:02:53.537+0000][106.598s][info ][safepoint     ] Entering safepoint region: Cleanup
[2023-10-17T14:02:53.539+0000][106.599s][info ][safepoint     ] Leaving safepoint region
[2023-10-17T14:02:53.539+0000][106.600s][info ][safepoint     ] Total time for which application threads were stopped: 0.0019799 seconds, Stopping threads took: 0.0007239 seconds
[2023-10-17T14:02:54.541+0000][107.601s][debug][safepoint     ] Safepoint synchronization initiated. (167 threads)
[2023-10-17T14:02:54.542+0000][107.602s][info ][safepoint     ] Application time: 1.0013629 seconds
[2023-10-17T14:02:54.542+0000][107.603s][info ][safepoint     ] Entering safepoint region: Cleanup
[2023-10-17T14:02:54.543+0000][107.604s][info ][safepoint     ] Leaving safepoint region
[2023-10-17T14:02:54.544+0000][107.605s][info ][safepoint     ] Total time for which application threads were stopped: 0.0019021 seconds, Stopping threads took: 0.0008588 seconds
[2023-10-17T14:02:55.545+0000][108.606s][debug][safepoint     ] Safepoint synchronization initiated. (167 threads)
[2023-10-17T14:02:55.546+0000][108.607s][info ][safepoint     ] Application time: 1.0015109 seconds
[2023-10-17T14:02:55.548+0000][108.608s][info ][safepoint     ] Entering safepoint region: Cleanup
[2023-10-17T14:02:55.549+0000][108.610s][info ][safepoint     ] Leaving safepoint region
[2023-10-17T14:02:55.550+0000][108.611s][info ][safepoint     ] Total time for which application threads were stopped: 0.0025301 seconds, Stopping threads took: 0.0010431 seconds
[2023-10-17T14:03:02.553+0000][115.614s][debug][safepoint     ] Safepoint synchronization initiated. (165 threads)
[2023-10-17T14:03:02.555+0000][115.616s][info ][safepoint     ] Application time: 7.0039972 seconds
[2023-10-17T14:03:02.556+0000][115.616s][info ][safepoint     ] Entering safepoint region: Cleanup
[2023-10-17T14:03:02.557+0000][115.618s][info ][safepoint     ] Leaving safepoint region
[2023-10-17T14:03:02.558+0000][115.619s][info ][safepoint     ] Total time for which application threads were stopped: 0.0023203 seconds, Stopping threads took: 0.0007093 seconds
[2023-10-17T14:03:08.561+0000][121.621s][debug][safepoint     ] Safepoint synchronization initiated. (165 threads)
[2023-10-17T14:03:08.563+0000][121.623s][info ][safepoint     ] Application time: 6.0041092 seconds
[2023-10-17T14:03:08.564+0000][121.625s][info ][safepoint     ] Entering safepoint region: Cleanup
[2023-10-17T14:03:08.565+0000][121.626s][info ][safepoint     ] Leaving safepoint region
[2023-10-17T14:03:08.566+0000][121.626s][info ][safepoint     ] Total time for which application threads were stopped: 0.0017614 seconds, Stopping threads took: 0.0008119 seconds
[2023-10-17T14:03:36.573+0000][149.634s][debug][safepoint     ] Safepoint synchronization initiated. (165 threads)
[2023-10-17T14:03:36.575+0000][149.635s][info ][safepoint     ] Application time: 28.0081889 seconds
[2023-10-17T14:03:36.575+0000][149.636s][debug][safepoint     ] ... found polling page loop exception at pc = 0x00007fc1a54adb06, stub =0x00007fc19c843680
[2023-10-17T14:03:36.576+0000][149.637s][debug][safepoint     ] Waiting for 1 thread(s) to block
[2023-10-17T14:03:36.577+0000][149.637s][info ][safepoint     ] Entering safepoint region: Cleanup
[2023-10-17T14:03:36.578+0000][149.639s][info ][safepoint     ] Leaving safepoint region
[2023-10-17T14:03:36.579+0000][149.639s][info ][safepoint     ] Total time for which application threads were stopped: 0.0035588 seconds, Stopping threads took: 0.0025176 seconds
[2023-10-17T14:03:46.582+0000][159.643s][debug][safepoint     ] Safepoint synchronization initiated. (165 threads)
[2023-10-17T14:03:46.583+0000][159.644s][info ][safepoint     ] Application time: 10.0034508 seconds
[2023-10-17T14:03:46.584+0000][159.644s][info ][safepoint     ] Entering safepoint region: Cleanup
[2023-10-17T14:03:46.585+0000][159.645s][info ][safepoint     ] Leaving safepoint region
[2023-10-17T14:03:46.586+0000][159.646s][info ][safepoint     ] Total time for which application threads were stopped: 0.0017723 seconds, Stopping threads took: 0.0008256 seconds
[2023-10-17T14:03:53.588+0000][166.648s][debug][safepoint     ] Safepoint synchronization initiated. (165 threads)
[2023-10-17T14:03:53.589+0000][166.650s][info ][safepoint     ] Application time: 7.0027727 seconds
[2023-10-17T14:03:53.590+0000][166.650s][info ][safepoint     ] Entering safepoint region: Cleanup
[2023-10-17T14:03:53.591+0000][166.651s][info ][safepoint     ] Leaving safepoint region
[2023-10-17T14:03:53.591+0000][166.652s][info ][safepoint     ] Total time for which application threads were stopped: 0.0013851 seconds, Stopping threads took: 0.0005196 seconds
[2023-10-17T14:04:01.594+0000][174.655s][debug][safepoint     ] Safepoint synchronization initiated. (163 threads)
[2023-10-17T14:04:01.596+0000][174.656s][info ][safepoint     ] Application time: 8.0035844 seconds
[2023-10-17T14:04:01.597+0000][174.657s][info ][safepoint     ] Entering safepoint region: Cleanup
[2023-10-17T14:04:01.598+0000][174.659s][info ][safepoint     ] Leaving safepoint region
[2023-10-17T14:04:01.599+0000][174.659s][info ][safepoint     ] Total time for which application threads were stopped: 0.0018640 seconds, Stopping threads took: 0.0008956 seconds
[2023-10-17T14:04:35.608+0000][208.668s][debug][safepoint     ] Safepoint synchronization initiated. (163 threads)
[2023-10-17T14:04:35.609+0000][208.669s][info ][safepoint     ] Application time: 34.0093976 seconds
[2023-10-17T14:04:35.609+0000][208.670s][info ][safepoint     ] Entering safepoint region: Cleanup
[2023-10-17T14:04:35.610+0000][208.671s][info ][safepoint     ] Leaving safepoint region
[2023-10-17T14:04:35.610+0000][208.671s][info ][safepoint     ] Total time for which application threads were stopped: 0.0013555 seconds, Stopping threads took: 0.0005182 seconds
[2023-10-17T14:04:44.918+0000][217.979s][debug][safepoint     ] Safepoint synchronization initiated. (163 threads)
[2023-10-17T14:04:44.919+0000][217.980s][info ][safepoint     ] Application time: 9.3082384 seconds
[2023-10-17T14:04:44.920+0000][217.981s][info ][safepoint     ] Entering safepoint region: G1CollectForAllocation
[2023-10-17T14:04:44.922+0000][217.983s][info ][gc,start      ] GC(65) Pause Young (Normal) (G1 Evacuation Pause)
[2023-10-17T14:04:44.923+0000][217.984s][info ][gc,task       ] GC(65) Using 8 workers of 8 for evacuation
[2023-10-17T14:04:44.955+0000][218.016s][info ][gc,phases     ] GC(65)   Pre Evacuate Collection Set: 0.0ms
[2023-10-17T14:04:44.957+0000][218.017s][info ][gc,phases     ] GC(65)   Evacuate Collection Set: 25.2ms
[2023-10-17T14:04:44.957+0000][218.018s][info ][gc,phases     ] GC(65)   Post Evacuate Collection Set: 5.7ms
[2023-10-17T14:04:44.958+0000][218.019s][info ][gc,phases     ] GC(65)   Other: 2.1ms
[2023-10-17T14:04:44.959+0000][218.019s][info ][gc,heap       ] GC(65) Eden regions: 193->0(193)
[2023-10-17T14:04:44.959+0000][218.020s][info ][gc,heap       ] GC(65) Survivor regions: 20->13(27)
[2023-10-17T14:04:44.960+0000][218.021s][info ][gc,heap       ] GC(65) Old regions: 140->150
[2023-10-17T14:04:44.961+0000][218.021s][info ][gc,heap       ] GC(65) Humongous regions: 0->0
[2023-10-17T14:04:44.962+0000][218.022s][info ][gc,metaspace  ] GC(65) Metaspace: 163467K(177140K)->163467K(177140K) NonClass: 144437K(155380K)->144437K(155380K) Class: 19030K(21760K)->19030K(21760K)
[2023-10-17T14:04:44.963+0000][218.024s][info ][gc            ] GC(65) Pause Young (Normal) (G1 Evacuation Pause) 351M->160M(415M) 40.625ms
[2023-10-17T14:04:44.964+0000][218.024s][info ][gc,cpu        ] GC(65) User=0.21s Sys=0.00s Real=0.04s
[2023-10-17T14:04:44.965+0000][218.025s][info ][safepoint     ] Leaving safepoint region
[2023-10-17T14:04:44.965+0000][218.026s][info ][safepoint     ] Total time for which application threads were stopped: 0.0450994 seconds, Stopping threads took: 0.0013655 seconds
[2023-10-17T14:04:44.966+0000][218.026s][info ][gc,stringdedup] Concurrent String Deduplication (218.026s)
[2023-10-17T14:04:44.971+0000][218.031s][info ][gc,stringdedup] Concurrent String Deduplication 754.8K->595.3K(159.5K) avg 53.4% (218.026s, 218.031s) 4.686ms
[2023-10-17T14:04:48.966+0000][222.027s][debug][safepoint     ] Safepoint synchronization initiated. (163 threads)
[2023-10-17T14:04:48.967+0000][222.028s][info ][safepoint     ] Application time: 4.0016709 seconds
[2023-10-17T14:04:48.968+0000][222.029s][info ][safepoint     ] Entering safepoint region: Cleanup
[2023-10-17T14:04:48.970+0000][222.031s][info ][safepoint     ] Leaving safepoint region
[2023-10-17T14:04:48.971+0000][222.032s][info ][safepoint     ] Total time for which application threads were stopped: 0.0032461 seconds, Stopping threads took: 0.0015285 seconds
[2023-10-17T14:04:51.973+0000][225.034s][debug][safepoint     ] Safepoint synchronization initiated. (163 threads)
[2023-10-17T14:04:51.975+0000][225.035s][info ][safepoint     ] Application time: 3.0023925 seconds
[2023-10-17T14:04:51.976+0000][225.036s][info ][safepoint     ] Entering safepoint region: Cleanup
[2023-10-17T14:04:51.977+0000][225.038s][info ][safepoint     ] Leaving safepoint region
[2023-10-17T14:04:51.978+0000][225.038s][info ][safepoint     ] Total time for which application threads were stopped: 0.0018817 seconds, Stopping threads took: 0.0008440 seconds
[2023-10-17T14:04:52.978+0000][226.039s][debug][safepoint     ] Safepoint synchronization initiated. (163 threads)
[2023-10-17T14:04:52.980+0000][226.040s][info ][safepoint     ] Application time: 1.0013526 seconds
[2023-10-17T14:04:52.981+0000][226.041s][info ][safepoint     ] Entering safepoint region: Cleanup
[2023-10-17T14:04:52.982+0000][226.043s][info ][safepoint     ] Leaving safepoint region
[2023-10-17T14:04:52.983+0000][226.043s][info ][safepoint     ] Total time for which application threads were stopped: 0.0019672 seconds, Stopping threads took: 0.0008097 seconds
[2023-10-17T14:05:01.986+0000][235.046s][debug][safepoint     ] Safepoint synchronization initiated. (162 threads)
[2023-10-17T14:05:01.988+0000][235.048s][info ][safepoint     ] Application time: 9.0044071 seconds
[2023-10-17T14:05:01.989+0000][235.049s][info ][safepoint     ] Entering safepoint region: Cleanup
[2023-10-17T14:05:01.990+0000][235.050s][info ][safepoint     ] Leaving safepoint region
[2023-10-17T14:05:01.990+0000][235.051s][info ][safepoint     ] Total time for which application threads were stopped: 0.0016267 seconds, Stopping threads took: 0.0007362 seconds
[2023-10-17T14:05:16.995+0000][250.056s][debug][safepoint     ] Safepoint synchronization initiated. (162 threads)
[2023-10-17T14:05:16.996+0000][250.057s][info ][safepoint     ] Application time: 15.0056448 seconds
[2023-10-17T14:05:16.997+0000][250.058s][info ][safepoint     ] Entering safepoint region: Cleanup
[2023-10-17T14:05:16.999+0000][250.060s][info ][safepoint     ] Leaving safepoint region
[2023-10-17T14:05:16.999+0000][250.060s][info ][safepoint     ] Total time for which application threads were stopped: 0.0021201 seconds, Stopping threads took: 0.0009818 seconds
[2023-10-17T14:05:22.002+0000][255.063s][debug][safepoint     ] Safepoint synchronization initiated. (162 threads)
[2023-10-17T14:05:22.004+0000][255.064s][info ][safepoint     ] Application time: 5.0031466 seconds
[2023-10-17T14:05:22.005+0000][255.065s][info ][safepoint     ] Entering safepoint region: Cleanup
[2023-10-17T14:05:22.006+0000][255.067s][info ][safepoint     ] Leaving safepoint region
[2023-10-17T14:05:22.007+0000][255.068s][info ][safepoint     ] Total time for which application threads were stopped: 0.0023606 seconds, Stopping threads took: 0.0009175 seconds
[2023-10-17T14:05:35.011+0000][268.072s][debug][safepoint     ] Safepoint synchronization initiated. (162 threads)
[2023-10-17T14:05:35.012+0000][268.073s][info ][safepoint     ] Application time: 13.0045178 seconds
[2023-10-17T14:05:35.013+0000][268.074s][info ][safepoint     ] Entering safepoint region: Cleanup
[2023-10-17T14:05:35.015+0000][268.076s][info ][safepoint     ] Leaving safepoint region
[2023-10-17T14:05:35.016+0000][268.077s][info ][safepoint     ] Total time for which application threads were stopped: 0.0027236 seconds, Stopping threads took: 0.0011965 seconds
[2023-10-17T14:05:41.019+0000][274.079s][debug][safepoint     ] Safepoint synchronization initiated. (162 threads)
[2023-10-17T14:05:41.026+0000][274.086s][info ][safepoint     ] Application time: 6.0086380 seconds
[2023-10-17T14:05:41.030+0000][274.090s][info ][safepoint     ] Entering safepoint region: Cleanup
[2023-10-17T14:05:41.035+0000][274.095s][info ][safepoint     ] Leaving safepoint region
[2023-10-17T14:05:41.036+0000][274.096s][info ][safepoint     ] Total time for which application threads were stopped: 0.0058193 seconds, Stopping threads took: 0.0048775 seconds
[2023-10-17T14:05:53.039+0000][286.100s][debug][safepoint     ] Safepoint synchronization initiated. (162 threads)
[2023-10-17T14:05:53.040+0000][286.101s][info ][safepoint     ] Application time: 12.0039738 seconds
[2023-10-17T14:05:53.041+0000][286.102s][info ][safepoint     ] Entering safepoint region: Cleanup
[2023-10-17T14:05:53.042+0000][286.103s][info ][safepoint     ] Leaving safepoint region
[2023-10-17T14:05:53.043+0000][286.104s][info ][safepoint     ] Total time for which application threads were stopped: 0.0023000 seconds, Stopping threads took: 0.0007144 seconds
[2023-10-17T14:06:02.046+0000][295.107s][debug][safepoint     ] Safepoint synchronization initiated. (162 threads)
[2023-10-17T14:06:02.047+0000][295.108s][info ][safepoint     ] Application time: 9.0026572 seconds
[2023-10-17T14:06:02.048+0000][295.108s][info ][safepoint     ] Entering safepoint region: Cleanup
[2023-10-17T14:06:02.049+0000][295.109s][info ][safepoint     ] Leaving safepoint region
[2023-10-17T14:06:02.049+0000][295.110s][info ][safepoint     ] Total time for which application threads were stopped: 0.0018070 seconds, Stopping threads took: 0.0006886 seconds
[2023-10-17T14:06:13.054+0000][306.115s][debug][safepoint     ] Safepoint synchronization initiated. (162 threads)
[2023-10-17T14:06:13.055+0000][306.116s][info ][safepoint     ] Application time: 11.0052486 seconds
[2023-10-17T14:06:13.056+0000][306.117s][info ][safepoint     ] Entering safepoint region: Cleanup
[2023-10-17T14:06:13.058+0000][306.118s][info ][safepoint     ] Leaving safepoint region
[2023-10-17T14:06:13.059+0000][306.119s][info ][safepoint     ] Total time for which application threads were stopped: 0.0024317 seconds, Stopping threads took: 0.0011084 seconds
[2023-10-17T14:06:32.065+0000][325.125s][debug][safepoint     ] Safepoint synchronization initiated. (162 threads)
[2023-10-17T14:06:32.066+0000][325.126s][info ][safepoint     ] Application time: 19.0061448 seconds
[2023-10-17T14:06:32.067+0000][325.127s][info ][safepoint     ] Entering safepoint region: Cleanup
[2023-10-17T14:06:32.068+0000][325.129s][info ][safepoint     ] Leaving safepoint region
[2023-10-17T14:06:32.070+0000][325.130s][info ][safepoint     ] Total time for which application threads were stopped: 0.0029522 seconds, Stopping threads took: 0.0013195 seconds
[2023-10-17T14:06:37.072+0000][330.132s][debug][safepoint     ] Safepoint synchronization initiated. (162 threads)
[2023-10-17T14:06:37.072+0000][330.133s][info ][safepoint     ] Application time: 5.0019367 seconds
[2023-10-17T14:06:37.073+0000][330.134s][info ][safepoint     ] Entering safepoint region: Cleanup
[2023-10-17T14:06:37.074+0000][330.135s][info ][safepoint     ] Leaving safepoint region
[2023-10-17T14:06:37.075+0000][330.136s][info ][safepoint     ] Total time for which application threads were stopped: 0.0015556 seconds, Stopping threads took: 0.0007693 seconds
[2023-10-17T14:06:46.078+0000][339.139s][debug][safepoint     ] Safepoint synchronization initiated. (162 threads)
[2023-10-17T14:06:46.079+0000][339.140s][info ][safepoint     ] Application time: 9.0037110 seconds
[2023-10-17T14:06:46.080+0000][339.141s][info ][safepoint     ] Entering safepoint region: Cleanup
[2023-10-17T14:06:46.081+0000][339.142s][info ][safepoint     ] Leaving safepoint region
[2023-10-17T14:06:46.082+0000][339.143s][info ][safepoint     ] Total time for which application threads were stopped: 0.0018157 seconds, Stopping threads took: 0.0008316 seconds
[2023-10-17T14:07:02.076+0000][355.148s][debug][safepoint     ] Safepoint synchronization initiated. (162 threads)
[2023-10-17T14:07:02.078+0000][355.149s][info ][safepoint     ] Application time: 16.0053279 seconds
[2023-10-17T14:07:02.079+0000][355.150s][info ][safepoint     ] Entering safepoint region: Cleanup
[2023-10-17T14:07:02.080+0000][355.151s][info ][safepoint     ] Leaving safepoint region
[2023-10-17T14:07:02.081+0000][355.152s][info ][safepoint     ] Total time for which application threads were stopped: 0.0021207 seconds, Stopping threads took: 0.0009609 seconds
[2023-10-17T14:07:28.099+0000][381.160s][debug][safepoint     ] Safepoint synchronization initiated. (162 threads)
[2023-10-17T14:07:28.100+0000][381.161s][info ][safepoint     ] Application time: 26.0083530 seconds
[2023-10-17T14:07:28.101+0000][381.162s][info ][safepoint     ] Entering safepoint region: Cleanup
[2023-10-17T14:07:28.102+0000][381.163s][info ][safepoint     ] Leaving safepoint region
[2023-10-17T14:07:28.102+0000][381.163s][info ][safepoint     ] Total time for which application threads were stopped: 0.0016529 seconds, Stopping threads took: 0.0006726 seconds
[2023-10-17T14:07:41.107+0000][394.168s][debug][safepoint     ] Safepoint synchronization initiated. (162 threads)
[2023-10-17T14:07:41.108+0000][394.169s][info ][safepoint     ] Application time: 13.0046874 seconds
[2023-10-17T14:07:41.109+0000][394.170s][info ][safepoint     ] Entering safepoint region: Cleanup
[2023-10-17T14:07:41.111+0000][394.172s][info ][safepoint     ] Leaving safepoint region
[2023-10-17T14:07:41.111+0000][394.172s][info ][safepoint     ] Total time for which application threads were stopped: 0.0024808 seconds, Stopping threads took: 0.0013550 seconds
[2023-10-17T14:07:46.113+0000][399.174s][debug][safepoint     ] Safepoint synchronization initiated. (162 threads)
[2023-10-17T14:07:46.114+0000][399.176s][info ][safepoint     ] Application time: 5.0023685 seconds
[2023-10-17T14:07:46.115+0000][399.177s][info ][safepoint     ] Entering safepoint region: Cleanup
[2023-10-17T14:07:46.117+0000][399.178s][info ][safepoint     ] Leaving safepoint region
[2023-10-17T14:07:46.118+0000][399.179s][info ][safepoint     ] Total time for which application threads were stopped: 0.0023219 seconds, Stopping threads took: 0.0010751 seconds
[2023-10-17T14:07:53.121+0000][406.182s][debug][safepoint     ] Safepoint synchronization initiated. (162 threads)
[2023-10-17T14:07:53.122+0000][406.183s][info ][safepoint     ] Application time: 7.0030846 seconds
[2023-10-17T14:07:53.123+0000][406.184s][info ][safepoint     ] Entering safepoint region: Cleanup
[2023-10-17T14:07:53.125+0000][406.185s][info ][safepoint     ] Leaving safepoint region
[2023-10-17T14:07:53.126+0000][406.186s][info ][safepoint     ] Total time for which application threads were stopped: 0.0024231 seconds, Stopping threads took: 0.0011946 seconds
[2023-10-17T14:08:19.134+0000][432.194s][debug][safepoint     ] Safepoint synchronization initiated. (162 threads)
[2023-10-17T14:08:19.135+0000][432.195s][info ][safepoint     ] Application time: 26.0079487 seconds
[2023-10-17T14:08:19.136+0000][432.196s][info ][safepoint     ] Entering safepoint region: Cleanup
[2023-10-17T14:08:19.138+0000][432.198s][info ][safepoint     ] Leaving safepoint region
[2023-10-17T14:08:19.139+0000][432.199s][info ][safepoint     ] Total time for which application threads were stopped: 0.0025240 seconds, Stopping threads took: 0.0011755 seconds
[2023-10-17T14:08:22.156+0000][435.216s][debug][safepoint     ] Safepoint synchronization initiated. (162 threads)
[2023-10-17T14:08:22.157+0000][435.217s][info ][safepoint     ] Application time: 3.0169234 seconds
[2023-10-17T14:08:22.158+0000][435.218s][info ][safepoint     ] Entering safepoint region: G1CollectForAllocation
[2023-10-17T14:08:22.159+0000][435.219s][info ][gc,start      ] GC(66) Pause Young (Normal) (G1 Evacuation Pause)
[2023-10-17T14:08:22.160+0000][435.220s][info ][gc,task       ] GC(66) Using 8 workers of 8 for evacuation
[2023-10-17T14:08:22.181+0000][435.240s][info ][gc,phases     ] GC(66)   Pre Evacuate Collection Set: 0.0ms
[2023-10-17T14:08:22.181+0000][435.241s][info ][gc,phases     ] GC(66)   Evacuate Collection Set: 12.5ms
[2023-10-17T14:08:22.182+0000][435.242s][info ][gc,phases     ] GC(66)   Post Evacuate Collection Set: 7.3ms
[2023-10-17T14:08:22.183+0000][435.243s][info ][gc,phases     ] GC(66)   Other: 2.0ms
[2023-10-17T14:08:22.184+0000][435.244s][info ][gc,heap       ] GC(66) Eden regions: 193->0(197)
[2023-10-17T14:08:22.185+0000][435.245s][info ][gc,heap       ] GC(66) Survivor regions: 13->12(26)
[2023-10-17T14:08:22.186+0000][435.246s][info ][gc,heap       ] GC(66) Old regions: 150->150
[2023-10-17T14:08:22.187+0000][435.247s][info ][gc,heap       ] GC(66) Humongous regions: 0->0
[2023-10-17T14:08:22.188+0000][435.248s][info ][gc,metaspace  ] GC(66) Metaspace: 163568K(177396K)->163568K(177396K) NonClass: 144536K(155636K)->144536K(155636K) Class: 19031K(21760K)->19031K(21760K)
[2023-10-17T14:08:22.188+0000][435.248s][info ][gc            ] GC(66) Pause Young (Normal) (G1 Evacuation Pause) 353M->159M(415M) 29.697ms
[2023-10-17T14:08:22.189+0000][435.249s][info ][gc,cpu        ] GC(66) User=0.10s Sys=0.03s Real=0.03s
[2023-10-17T14:08:22.190+0000][435.250s][info ][safepoint     ] Leaving safepoint region
[2023-10-17T14:08:22.191+0000][435.251s][info ][safepoint     ] Total time for which application threads were stopped: 0.0331647 seconds, Stopping threads took: 0.0007833 seconds
[2023-10-17T14:08:22.191+0000][435.251s][info ][gc,stringdedup] Concurrent String Deduplication (435.251s)
[2023-10-17T14:08:22.195+0000][435.255s][info ][gc,stringdedup] Concurrent String Deduplication 262.2K->104.5K(157.8K) avg 53.5% (435.251s, 435.255s) 3.424ms
[2023-10-17T14:08:23.192+0000][436.252s][debug][safepoint     ] Safepoint synchronization initiated. (162 threads)
[2023-10-17T14:08:23.193+0000][436.253s][info ][safepoint     ] Application time: 1.0015916 seconds
[2023-10-17T14:08:23.194+0000][436.254s][info ][safepoint     ] Entering safepoint region: Cleanup
[2023-10-17T14:08:23.195+0000][436.255s][info ][safepoint     ] Leaving safepoint region
[2023-10-17T14:08:23.196+0000][436.256s][info ][safepoint     ] Total time for which application threads were stopped: 0.0019045 seconds, Stopping threads took: 0.0009051 seconds
[2023-10-17T14:08:53.205+0000][466.265s][debug][safepoint     ] Safepoint synchronization initiated. (162 threads)
[2023-10-17T14:08:53.206+0000][466.266s][info ][safepoint     ] Application time: 30.0095818 seconds
[2023-10-17T14:08:53.207+0000][466.267s][info ][safepoint     ] Entering safepoint region: Cleanup
[2023-10-17T14:08:53.209+0000][466.269s][info ][safepoint     ] Leaving safepoint region
[2023-10-17T14:08:53.210+0000][466.270s][info ][safepoint     ] Total time for which application threads were stopped: 0.0027429 seconds, Stopping threads took: 0.0012557 seconds
[2023-10-17T14:08:54.211+0000][467.271s][debug][safepoint     ] Safepoint synchronization initiated. (162 threads)
[2023-10-17T14:08:54.213+0000][467.272s][info ][safepoint     ] Application time: 1.0015512 seconds
[2023-10-17T14:08:54.214+0000][467.273s][info ][safepoint     ] Entering safepoint region: Cleanup
[2023-10-17T14:08:54.215+0000][467.275s][info ][safepoint     ] Leaving safepoint region
[2023-10-17T14:08:54.216+0000][467.275s][info ][safepoint     ] Total time for which application threads were stopped: 0.0021927 seconds, Stopping threads took: 0.0009854 seconds
[2023-10-17T14:09:53.233+0000][526.293s][debug][safepoint     ] Safepoint synchronization initiated. (162 threads)
[2023-10-17T14:09:53.234+0000][526.294s][info ][safepoint     ] Application time: 59.0171723 seconds
[2023-10-17T14:09:53.235+0000][526.294s][info ][safepoint     ] Entering safepoint region: Cleanup
[2023-10-17T14:09:53.236+0000][526.296s][info ][safepoint     ] Leaving safepoint region
[2023-10-17T14:09:53.236+0000][526.296s][info ][safepoint     ] Total time for which application threads were stopped: 0.0018600 seconds, Stopping threads took: 0.0008337 seconds
[2023-10-17T14:10:21.234+0000][554.305s][debug][safepoint     ] Safepoint synchronization initiated. (162 threads)
[2023-10-17T14:10:21.235+0000][554.306s][info ][safepoint     ] Application time: 28.0091125 seconds
[2023-10-17T14:10:21.235+0000][554.307s][info ][safepoint     ] Entering safepoint region: Cleanup
[2023-10-17T14:10:21.236+0000][554.308s][info ][safepoint     ] Leaving safepoint region
[2023-10-17T14:10:21.237+0000][554.309s][info ][safepoint     ] Total time for which application threads were stopped: 0.0016576 seconds, Stopping threads took: 0.0006490 seconds
[2023-10-17T14:10:53.257+0000][586.319s][debug][safepoint     ] Safepoint synchronization initiated. (162 threads)
[2023-10-17T14:10:53.259+0000][586.320s][info ][safepoint     ] Application time: 32.0110282 seconds
[2023-10-17T14:10:53.260+0000][586.321s][info ][safepoint     ] Entering safepoint region: Cleanup
[2023-10-17T14:10:53.261+0000][586.323s][info ][safepoint     ] Leaving safepoint region
[2023-10-17T14:10:53.262+0000][586.323s][info ][safepoint     ] Total time for which application threads were stopped: 0.0020858 seconds, Stopping threads took: 0.0009316 seconds
[2023-10-17T14:10:58.264+0000][591.326s][debug][safepoint     ] Safepoint synchronization initiated. (162 threads)
[2023-10-17T14:10:58.267+0000][591.328s][info ][safepoint     ] Application time: 5.0036084 seconds
[2023-10-17T14:10:58.267+0000][591.329s][info ][safepoint     ] Entering safepoint region: Cleanup
[2023-10-17T14:10:58.268+0000][591.330s][info ][safepoint     ] Leaving safepoint region
[2023-10-17T14:10:58.269+0000][591.331s][info ][safepoint     ] Total time for which application threads were stopped: 0.0016731 seconds, Stopping threads took: 0.0007484 seconds
[2023-10-17T14:11:10.272+0000][603.334s][debug][safepoint     ] Safepoint synchronization initiated. (162 threads)
[2023-10-17T14:11:10.273+0000][603.335s][info ][safepoint     ] Application time: 12.0034152 seconds
[2023-10-17T14:11:10.274+0000][603.336s][info ][safepoint     ] Entering safepoint region: Cleanup
[2023-10-17T14:11:10.275+0000][603.337s][info ][safepoint     ] Leaving safepoint region
[2023-10-17T14:11:10.276+0000][603.337s][info ][safepoint     ] Total time for which application threads were stopped: 0.0018255 seconds, Stopping threads took: 0.0007525 seconds
[2023-10-17T14:11:11.277+0000][604.338s][debug][safepoint     ] Safepoint synchronization initiated. (162 threads)
[2023-10-17T14:11:11.278+0000][604.339s][info ][safepoint     ] Application time: 1.0011639 seconds
[2023-10-17T14:11:11.279+0000][604.340s][info ][safepoint     ] Entering safepoint region: Cleanup
[2023-10-17T14:11:11.280+0000][604.341s][info ][safepoint     ] Leaving safepoint region
[2023-10-17T14:11:11.280+0000][604.342s][info ][safepoint     ] Total time for which application threads were stopped: 0.0018250 seconds, Stopping threads took: 0.0007430 seconds
[2023-10-17T14:11:19.284+0000][612.345s][debug][safepoint     ] Safepoint synchronization initiated. (162 threads)
[2023-10-17T14:11:19.285+0000][612.346s][info ][safepoint     ] Application time: 8.0037293 seconds
[2023-10-17T14:11:19.286+0000][612.347s][info ][safepoint     ] Entering safepoint region: Cleanup
[2023-10-17T14:11:19.287+0000][612.348s][info ][safepoint     ] Leaving safepoint region
[2023-10-17T14:11:19.288+0000][612.349s][info ][safepoint     ] Total time for which application threads were stopped: 0.0018777 seconds, Stopping threads took: 0.0008098 seconds
[2023-10-17T14:11:22.289+0000][615.351s][debug][safepoint     ] Safepoint synchronization initiated. (162 threads)
[2023-10-17T14:11:22.290+0000][615.352s][info ][safepoint     ] Application time: 3.0016084 seconds
[2023-10-17T14:11:22.291+0000][615.352s][info ][safepoint     ] Entering safepoint region: Cleanup
[2023-10-17T14:11:22.292+0000][615.354s][info ][safepoint     ] Leaving safepoint region
[2023-10-17T14:11:22.293+0000][615.354s][info ][safepoint     ] Total time for which application threads were stopped: 0.0017881 seconds, Stopping threads took: 0.0007152 seconds
[2023-10-17T14:11:27.418+0000][620.479s][debug][safepoint     ] Safepoint synchronization initiated. (162 threads)
[2023-10-17T14:11:27.419+0000][620.480s][info ][safepoint     ] Application time: 5.1251777 seconds
[2023-10-17T14:11:27.419+0000][620.481s][info ][safepoint     ] Entering safepoint region: Deoptimize
[2023-10-17T14:11:27.428+0000][620.490s][info ][safepoint     ] Leaving safepoint region
[2023-10-17T14:11:27.429+0000][620.491s][info ][safepoint     ] Total time for which application threads were stopped: 0.0100171 seconds, Stopping threads took: 0.0006085 seconds
[2023-10-17T14:11:27.449+0000][620.511s][debug][safepoint     ] Safepoint synchronization initiated. (162 threads)
[2023-10-17T14:11:27.451+0000][620.512s][info ][safepoint     ] Application time: 0.0203748 seconds
[2023-10-17T14:11:27.452+0000][620.513s][info ][safepoint     ] Entering safepoint region: Deoptimize
[2023-10-17T14:11:27.455+0000][620.517s][info ][safepoint     ] Leaving safepoint region
[2023-10-17T14:11:27.456+0000][620.518s][info ][safepoint     ] Total time for which application threads were stopped: 0.0044265 seconds, Stopping threads took: 0.0009837 seconds
[2023-10-17T14:11:27.538+0000][620.599s][debug][safepoint     ] Safepoint synchronization initiated. (162 threads)
[2023-10-17T14:11:27.538+0000][620.600s][info ][safepoint     ] Application time: 0.0817962 seconds
[2023-10-17T14:11:27.539+0000][620.600s][info ][safepoint     ] Entering safepoint region: Deoptimize
[2023-10-17T14:11:27.541+0000][620.603s][info ][safepoint     ] Leaving safepoint region
[2023-10-17T14:11:27.542+0000][620.603s][info ][safepoint     ] Total time for which application threads were stopped: 0.0028877 seconds, Stopping threads took: 0.0004480 seconds
[2023-10-17T14:11:27.559+0000][620.621s][debug][safepoint     ] Safepoint synchronization initiated. (162 threads)
[2023-10-17T14:11:27.560+0000][620.621s][info ][safepoint     ] Application time: 0.0175573 seconds
[2023-10-17T14:11:27.560+0000][620.622s][info ][safepoint     ] Entering safepoint region: Deoptimize
[2023-10-17T14:11:27.567+0000][620.629s][info ][safepoint     ] Leaving safepoint region
[2023-10-17T14:11:27.568+0000][620.629s][info ][safepoint     ] Total time for which application threads were stopped: 0.0076399 seconds, Stopping threads took: 0.0007041 seconds
[2023-10-17T14:11:28.569+0000][621.630s][debug][safepoint     ] Safepoint synchronization initiated. (163 threads)
[2023-10-17T14:11:28.570+0000][621.631s][info ][safepoint     ] Application time: 1.0014203 seconds
[2023-10-17T14:11:28.571+0000][621.632s][info ][safepoint     ] Entering safepoint region: Cleanup
[2023-10-17T14:11:28.572+0000][621.633s][info ][safepoint     ] Leaving safepoint region
[2023-10-17T14:11:28.572+0000][621.634s][info ][safepoint     ] Total time for which application threads were stopped: 0.0018195 seconds, Stopping threads took: 0.0007912 seconds
[2023-10-17T14:11:31.345+0000][624.407s][debug][safepoint     ] Safepoint synchronization initiated. (162 threads)
[2023-10-17T14:11:31.346+0000][624.408s][info ][safepoint     ] Application time: 2.7727701 seconds
[2023-10-17T14:11:31.347+0000][624.409s][info ][safepoint     ] Entering safepoint region: G1CollectForAllocation
[2023-10-17T14:11:31.349+0000][624.411s][info ][gc,start      ] GC(67) Pause Young (Normal) (G1 Evacuation Pause)
[2023-10-17T14:11:31.350+0000][624.412s][info ][gc,task       ] GC(67) Using 8 workers of 8 for evacuation
[2023-10-17T14:11:31.382+0000][624.443s][info ][gc,phases     ] GC(67)   Pre Evacuate Collection Set: 0.1ms
[2023-10-17T14:11:31.383+0000][624.444s][info ][gc,phases     ] GC(67)   Evacuate Collection Set: 22.7ms
[2023-10-17T14:11:31.383+0000][624.445s][info ][gc,phases     ] GC(67)   Post Evacuate Collection Set: 7.7ms
[2023-10-17T14:11:31.384+0000][624.445s][info ][gc,phases     ] GC(67)   Other: 2.4ms
[2023-10-17T14:11:31.384+0000][624.446s][info ][gc,heap       ] GC(67) Eden regions: 197->0(199)
[2023-10-17T14:11:31.385+0000][624.447s][info ][gc,heap       ] GC(67) Survivor regions: 12->12(27)
[2023-10-17T14:11:31.386+0000][624.447s][info ][gc,heap       ] GC(67) Old regions: 150->150
[2023-10-17T14:11:31.386+0000][624.448s][info ][gc,heap       ] GC(67) Humongous regions: 0->0
[2023-10-17T14:11:31.387+0000][624.449s][info ][gc,metaspace  ] GC(67) Metaspace: 164708K(178548K)->164708K(178548K) NonClass: 145566K(156660K)->145566K(156660K) Class: 19142K(21888K)->19142K(21888K)
[2023-10-17T14:11:31.388+0000][624.450s][info ][gc            ] GC(67) Pause Young (Normal) (G1 Evacuation Pause) 356M->159M(415M) 38.824ms
[2023-10-17T14:11:31.389+0000][624.450s][info ][gc,cpu        ] GC(67) User=0.19s Sys=0.02s Real=0.03s
[2023-10-17T14:11:31.390+0000][624.451s][info ][safepoint     ] Leaving safepoint region
[2023-10-17T14:11:31.391+0000][624.452s][info ][safepoint     ] Total time for which application threads were stopped: 0.0436100 seconds, Stopping threads took: 0.0011844 seconds
[2023-10-17T14:11:31.393+0000][624.454s][info ][gc,stringdedup] Concurrent String Deduplication (624.454s)
[2023-10-17T14:11:31.394+0000][624.456s][info ][gc,stringdedup] Concurrent String Deduplication 49096.0B->17656.0B(31440.0B) avg 53.5% (624.454s, 624.456s) 1.628ms
[2023-10-17T14:11:32.393+0000][625.454s][debug][safepoint     ] Safepoint synchronization initiated. (163 threads)
[2023-10-17T14:11:32.395+0000][625.456s][info ][safepoint     ] Application time: 1.0020374 seconds
[2023-10-17T14:11:32.396+0000][625.458s][debug][safepoint     ] ... found polling page return exception at pc = 0x00007fc1a4bf8d9a, stub =0x00007fc19c840600
[2023-10-17T14:11:32.398+0000][625.459s][debug][safepoint     ] Waiting for 1 thread(s) to block
[2023-10-17T14:11:32.399+0000][625.460s][info ][safepoint     ] Entering safepoint region: Cleanup
[2023-10-17T14:11:32.400+0000][625.461s][info ][safepoint     ] Leaving safepoint region
[2023-10-17T14:11:32.401+0000][625.462s][info ][safepoint     ] Total time for which application threads were stopped: 0.0044137 seconds, Stopping threads took: 0.0030951 seconds
[2023-10-17T14:11:33.048+0000][626.110s][debug][safepoint     ] Safepoint synchronization initiated. (162 threads)
[2023-10-17T14:11:33.049+0000][626.111s][info ][safepoint     ] Application time: 0.6471284 seconds
[2023-10-17T14:11:33.051+0000][626.112s][info ][safepoint     ] Entering safepoint region: Deoptimize
[2023-10-17T14:11:33.056+0000][626.117s][info ][safepoint     ] Leaving safepoint region
[2023-10-17T14:11:33.057+0000][626.119s][info ][safepoint     ] Total time for which application threads were stopped: 0.0070548 seconds, Stopping threads took: 0.0008228 seconds
[2023-10-17T14:11:34.059+0000][627.121s][debug][safepoint     ] Safepoint synchronization initiated. (163 threads)
[2023-10-17T14:11:34.060+0000][627.122s][info ][safepoint     ] Application time: 1.0016225 seconds
[2023-10-17T14:11:34.061+0000][627.123s][info ][safepoint     ] Entering safepoint region: Cleanup
[2023-10-17T14:11:34.062+0000][627.124s][info ][safepoint     ] Leaving safepoint region
[2023-10-17T14:11:34.063+0000][627.125s][info ][safepoint     ] Total time for which application threads were stopped: 0.0018463 seconds, Stopping threads took: 0.0009618 seconds
[2023-10-17T14:11:40.661+0000][633.722s][debug][safepoint     ] Safepoint synchronization initiated. (162 threads)
[2023-10-17T14:11:40.661+0000][633.723s][info ][safepoint     ] Application time: 6.5975561 seconds
[2023-10-17T14:11:40.662+0000][633.723s][info ][safepoint     ] Entering safepoint region: Deoptimize
[2023-10-17T14:11:40.665+0000][633.727s][info ][safepoint     ] Leaving safepoint region
[2023-10-17T14:11:40.666+0000][633.728s][info ][safepoint     ] Total time for which application threads were stopped: 0.0046597 seconds, Stopping threads took: 0.0004783 seconds
[2023-10-17T14:11:40.698+0000][633.759s][debug][safepoint     ] Safepoint synchronization initiated. (162 threads)
[2023-10-17T14:11:40.699+0000][633.760s][info ][safepoint     ] Application time: 0.0319648 seconds
[2023-10-17T14:11:40.699+0000][633.761s][info ][safepoint     ] Entering safepoint region: Deoptimize
[2023-10-17T14:11:40.702+0000][633.764s][info ][safepoint     ] Leaving safepoint region
[2023-10-17T14:11:40.703+0000][633.764s][info ][safepoint     ] Total time for which application threads were stopped: 0.0035372 seconds, Stopping threads took: 0.0006684 seconds
[2023-10-17T14:11:40.704+0000][633.766s][debug][safepoint     ] Safepoint synchronization initiated. (162 threads)
[2023-10-17T14:11:40.705+0000][633.766s][info ][safepoint     ] Application time: 0.0015013 seconds
[2023-10-17T14:11:40.706+0000][633.767s][info ][safepoint     ] Entering safepoint region: Deoptimize
[2023-10-17T14:11:40.709+0000][633.770s][info ][safepoint     ] Leaving safepoint region
[2023-10-17T14:11:40.709+0000][633.771s][info ][safepoint     ] Total time for which application threads were stopped: 0.0032924 seconds, Stopping threads took: 0.0005138 seconds
[2023-10-17T14:11:40.715+0000][633.776s][debug][safepoint     ] Safepoint synchronization initiated. (162 threads)
[2023-10-17T14:11:40.716+0000][633.778s][info ][safepoint     ] Application time: 0.0064791 seconds
[2023-10-17T14:11:40.718+0000][633.779s][info ][safepoint     ] Entering safepoint region: Deoptimize
[2023-10-17T14:11:40.721+0000][633.782s][info ][safepoint     ] Leaving safepoint region
[2023-10-17T14:11:40.721+0000][633.783s][info ][safepoint     ] Total time for which application threads were stopped: 0.0037313 seconds, Stopping threads took: 0.0006049 seconds
[2023-10-17T14:11:40.805+0000][633.866s][debug][safepoint     ] Safepoint synchronization initiated. (163 threads)
[2023-10-17T14:11:40.805+0000][633.867s][info ][safepoint     ] Application time: 0.0834264 seconds
[2023-10-17T14:11:40.806+0000][633.867s][info ][safepoint     ] Entering safepoint region: Deoptimize
[2023-10-17T14:11:40.811+0000][633.872s][info ][safepoint     ] Leaving safepoint region
[2023-10-17T14:11:40.812+0000][633.873s][info ][safepoint     ] Total time for which application threads were stopped: 0.0059789 seconds, Stopping threads took: 0.0006350 seconds
[2023-10-17T14:11:40.825+0000][633.887s][debug][safepoint     ] Safepoint synchronization initiated. (163 threads)
[2023-10-17T14:11:40.826+0000][633.888s][info ][safepoint     ] Application time: 0.0137785 seconds
[2023-10-17T14:11:40.827+0000][633.888s][info ][safepoint     ] Entering safepoint region: Deoptimize
[2023-10-17T14:11:40.830+0000][633.892s][info ][safepoint     ] Leaving safepoint region
[2023-10-17T14:11:40.831+0000][633.893s][info ][safepoint     ] Total time for which application threads were stopped: 0.0044650 seconds, Stopping threads took: 0.0005878 seconds
[2023-10-17T14:11:40.867+0000][633.929s][debug][safepoint     ] Safepoint synchronization initiated. (163 threads)
[2023-10-17T14:11:40.868+0000][633.929s][info ][safepoint     ] Application time: 0.0357344 seconds
[2023-10-17T14:11:40.868+0000][633.930s][info ][safepoint     ] Entering safepoint region: Deoptimize
[2023-10-17T14:11:40.871+0000][633.932s][info ][safepoint     ] Leaving safepoint region
[2023-10-17T14:11:40.871+0000][633.933s][info ][safepoint     ] Total time for which application threads were stopped: 0.0030733 seconds, Stopping threads took: 0.0003935 seconds
[2023-10-17T14:11:41.307+0000][634.368s][debug][safepoint     ] Safepoint synchronization initiated. (164 threads)
[2023-10-17T14:11:41.308+0000][634.369s][info ][safepoint     ] Application time: 0.4356696 seconds
[2023-10-17T14:11:41.308+0000][634.370s][info ][safepoint     ] Entering safepoint region: G1CollectForAllocation
[2023-10-17T14:11:41.309+0000][634.370s][info ][gc,start      ] GC(68) Pause Young (Normal) (G1 Evacuation Pause)
[2023-10-17T14:11:41.310+0000][634.371s][info ][gc,task       ] GC(68) Using 8 workers of 8 for evacuation
[2023-10-17T14:11:41.329+0000][634.391s][info ][gc,phases     ] GC(68)   Pre Evacuate Collection Set: 0.1ms
[2023-10-17T14:11:41.330+0000][634.391s][info ][gc,phases     ] GC(68)   Evacuate Collection Set: 13.8ms
[2023-10-17T14:11:41.330+0000][634.392s][info ][gc,phases     ] GC(68)   Post Evacuate Collection Set: 4.3ms
[2023-10-17T14:11:41.331+0000][634.392s][info ][gc,phases     ] GC(68)   Other: 2.0ms
[2023-10-17T14:11:41.331+0000][634.393s][info ][gc,heap       ] GC(68) Eden regions: 199->0(191)
[2023-10-17T14:11:41.332+0000][634.394s][info ][gc,heap       ] GC(68) Survivor regions: 12->16(27)
[2023-10-17T14:11:41.332+0000][634.394s][info ][gc,heap       ] GC(68) Old regions: 150->150
[2023-10-17T14:11:41.333+0000][634.394s][info ][gc,heap       ] GC(68) Humongous regions: 14->0
[2023-10-17T14:11:41.333+0000][634.395s][info ][gc,metaspace  ] GC(68) Metaspace: 169759K(183796K)->169759K(183796K) NonClass: 150005K(161268K)->150005K(161268K) Class: 19753K(22528K)->19753K(22528K)
[2023-10-17T14:11:41.334+0000][634.396s][info ][gc            ] GC(68) Pause Young (Normal) (G1 Evacuation Pause) 372M->163M(415M) 25.247ms
[2023-10-17T14:11:41.335+0000][634.396s][info ][gc,cpu        ] GC(68) User=0.13s Sys=0.00s Real=0.03s
[2023-10-17T14:11:41.335+0000][634.397s][info ][safepoint     ] Leaving safepoint region
[2023-10-17T14:11:41.335+0000][634.397s][info ][safepoint     ] Total time for which application threads were stopped: 0.0273407 seconds, Stopping threads took: 0.0004791 seconds
[2023-10-17T14:11:41.336+0000][634.397s][info ][gc,stringdedup] Concurrent String Deduplication (634.397s)
[2023-10-17T14:11:41.337+0000][634.398s][info ][gc,stringdedup] Concurrent String Deduplication 1160.0B->144.0B(1016.0B) avg 53.5% (634.397s, 634.398s) 0.754ms
[2023-10-17T14:11:42.336+0000][635.397s][debug][safepoint     ] Safepoint synchronization initiated. (167 threads)
[2023-10-17T14:11:42.338+0000][635.399s][info ][safepoint     ] Application time: 1.0019623 seconds
[2023-10-17T14:11:42.339+0000][635.401s][debug][safepoint     ] ... found polling page return exception at pc = 0x00007fc1a5465f09, stub =0x00007fc19c840600
[2023-10-17T14:11:42.340+0000][635.402s][debug][safepoint     ] Waiting for 1 thread(s) to block
[2023-10-17T14:11:42.341+0000][635.402s][info ][safepoint     ] Entering safepoint region: Cleanup
[2023-10-17T14:11:42.342+0000][635.403s][info ][safepoint     ] Leaving safepoint region
[2023-10-17T14:11:42.343+0000][635.404s][info ][safepoint     ] Total time for which application threads were stopped: 0.0033961 seconds, Stopping threads took: 0.0021037 seconds
[2023-10-17T14:11:43.344+0000][636.405s][debug][safepoint     ] Safepoint synchronization initiated. (167 threads)
[2023-10-17T14:11:43.345+0000][636.406s][info ][safepoint     ] Application time: 1.0013059 seconds
[2023-10-17T14:11:43.346+0000][636.408s][debug][safepoint     ] Waiting for 1 thread(s) to block
[2023-10-17T14:11:43.347+0000][636.409s][info ][safepoint     ] Entering safepoint region: Cleanup
[2023-10-17T14:11:43.348+0000][636.410s][info ][safepoint     ] Leaving safepoint region
[2023-10-17T14:11:43.349+0000][636.411s][info ][safepoint     ] Total time for which application threads were stopped: 0.0033361 seconds, Stopping threads took: 0.0021622 seconds
[2023-10-17T14:11:43.377+0000][636.439s][debug][safepoint     ] Safepoint synchronization initiated. (167 threads)
[2023-10-17T14:11:43.378+0000][636.439s][info ][safepoint     ] Application time: 0.0282069 seconds
[2023-10-17T14:11:43.378+0000][636.440s][info ][safepoint     ] Entering safepoint region: Deoptimize
[2023-10-17T14:11:43.382+0000][636.444s][info ][safepoint     ] Leaving safepoint region
[2023-10-17T14:11:43.383+0000][636.445s][info ][safepoint     ] Total time for which application threads were stopped: 0.0049321 seconds, Stopping threads took: 0.0004046 seconds
[2023-10-17T14:11:44.384+0000][637.445s][debug][safepoint     ] Safepoint synchronization initiated. (187 threads)
[2023-10-17T14:11:44.397+0000][637.458s][info ][safepoint     ] Application time: 1.0131027 seconds
[2023-10-17T14:11:44.398+0000][637.459s][debug][safepoint     ] ... found polling page return exception at pc = 0x00007fc1a48504ec, stub =0x00007fc19c840600
[2023-10-17T14:11:44.398+0000][637.460s][debug][safepoint     ] ... found polling page return exception at pc = 0x00007fc19fc2d9e9, stub =0x00007fc19c840600
[2023-10-17T14:11:44.399+0000][637.460s][debug][safepoint     ] ... found polling page return exception at pc = 0x00007fc19e3cdcc1, stub =0x00007fc19c840600
[2023-10-17T14:11:44.402+0000][637.464s][debug][safepoint     ] ... found polling page return exception at pc = 0x00007fc19dd628eb, stub =0x00007fc19c840600
[2023-10-17T14:11:44.403+0000][637.464s][debug][safepoint     ] ... found polling page return exception at pc = 0x00007fc1a42c9594, stub =0x00007fc19c840600
[2023-10-17T14:11:44.405+0000][637.466s][debug][safepoint     ] Waiting for 9 thread(s) to block
[2023-10-17T14:11:44.406+0000][637.467s][info ][safepoint     ] Entering safepoint region: Cleanup
[2023-10-17T14:11:44.406+0000][637.468s][info ][safepoint     ] Leaving safepoint region
[2023-10-17T14:11:44.407+0000][637.468s][info ][safepoint     ] Total time for which application threads were stopped: 0.0091633 seconds, Stopping threads took: 0.0083754 seconds
[2023-10-17T14:11:45.407+0000][638.469s][debug][safepoint     ] Safepoint synchronization initiated. (187 threads)
[2023-10-17T14:11:45.408+0000][638.470s][info ][safepoint     ] Application time: 1.0012052 seconds
[2023-10-17T14:11:45.409+0000][638.471s][info ][safepoint     ] Entering safepoint region: Cleanup
[2023-10-17T14:11:45.411+0000][638.472s][info ][safepoint     ] Leaving safepoint region
[2023-10-17T14:11:45.411+0000][638.473s][info ][safepoint     ] Total time for which application threads were stopped: 0.0023833 seconds, Stopping threads took: 0.0009822 seconds
[2023-10-17T14:11:46.413+0000][639.474s][debug][safepoint     ] Safepoint synchronization initiated. (187 threads)
[2023-10-17T14:11:46.414+0000][639.475s][info ][safepoint     ] Application time: 1.0011379 seconds
[2023-10-17T14:11:46.414+0000][639.476s][info ][safepoint     ] Entering safepoint region: Cleanup
[2023-10-17T14:11:46.417+0000][639.478s][info ][safepoint     ] Leaving safepoint region
[2023-10-17T14:11:46.418+0000][639.479s][info ][safepoint     ] Total time for which application threads were stopped: 0.0031722 seconds, Stopping threads took: 0.0006330 seconds
[2023-10-17T14:11:47.419+0000][640.480s][debug][safepoint     ] Safepoint synchronization initiated. (185 threads)
[2023-10-17T14:11:47.419+0000][640.481s][info ][safepoint     ] Application time: 1.0010611 seconds
[2023-10-17T14:11:47.421+0000][640.482s][info ][safepoint     ] Entering safepoint region: Cleanup
[2023-10-17T14:11:47.422+0000][640.483s][info ][safepoint     ] Leaving safepoint region
[2023-10-17T14:11:47.423+0000][640.484s][info ][safepoint     ] Total time for which application threads were stopped: 0.0022281 seconds, Stopping threads took: 0.0009470 seconds
[2023-10-17T14:11:48.424+0000][641.486s][debug][safepoint     ] Safepoint synchronization initiated. (185 threads)
[2023-10-17T14:11:48.425+0000][641.486s][info ][safepoint     ] Application time: 1.0014741 seconds
[2023-10-17T14:11:48.426+0000][641.487s][info ][safepoint     ] Entering safepoint region: Cleanup
[2023-10-17T14:11:48.427+0000][641.489s][info ][safepoint     ] Leaving safepoint region
[2023-10-17T14:11:48.428+0000][641.489s][info ][safepoint     ] Total time for which application threads were stopped: 0.0020217 seconds, Stopping threads took: 0.0008704 seconds
[2023-10-17T14:11:49.429+0000][642.490s][debug][safepoint     ] Safepoint synchronization initiated. (184 threads)
[2023-10-17T14:11:49.430+0000][642.491s][info ][safepoint     ] Application time: 1.0011099 seconds
[2023-10-17T14:11:49.430+0000][642.492s][info ][safepoint     ] Entering safepoint region: Cleanup
[2023-10-17T14:11:49.431+0000][642.493s][info ][safepoint     ] Leaving safepoint region
[2023-10-17T14:11:49.432+0000][642.494s][info ][safepoint     ] Total time for which application threads were stopped: 0.0018094 seconds, Stopping threads took: 0.0005620 seconds
[2023-10-17T14:11:50.433+0000][643.495s][debug][safepoint     ] Safepoint synchronization initiated. (186 threads)
[2023-10-17T14:11:50.434+0000][643.495s][info ][safepoint     ] Application time: 1.0012941 seconds
[2023-10-17T14:11:50.435+0000][643.496s][info ][safepoint     ] Entering safepoint region: Cleanup
[2023-10-17T14:11:50.436+0000][643.497s][info ][safepoint     ] Leaving safepoint region
[2023-10-17T14:11:50.436+0000][643.498s][info ][safepoint     ] Total time for which application threads were stopped: 0.0017707 seconds, Stopping threads took: 0.0007713 seconds
[2023-10-17T14:11:51.438+0000][644.499s][debug][safepoint     ] Safepoint synchronization initiated. (186 threads)
[2023-10-17T14:11:51.438+0000][644.500s][info ][safepoint     ] Application time: 1.0013004 seconds
[2023-10-17T14:11:51.440+0000][644.501s][info ][safepoint     ] Entering safepoint region: Cleanup
[2023-10-17T14:11:51.441+0000][644.503s][info ][safepoint     ] Leaving safepoint region
[2023-10-17T14:11:51.442+0000][644.504s][info ][safepoint     ] Total time for which application threads were stopped: 0.0025180 seconds, Stopping threads took: 0.0010699 seconds
[2023-10-17T14:11:52.443+0000][645.504s][debug][safepoint     ] Safepoint synchronization initiated. (186 threads)
[2023-10-17T14:11:52.444+0000][645.505s][info ][safepoint     ] Application time: 1.0011610 seconds
[2023-10-17T14:11:52.445+0000][645.506s][info ][safepoint     ] Entering safepoint region: Cleanup
[2023-10-17T14:11:52.446+0000][645.507s][info ][safepoint     ] Leaving safepoint region
[2023-10-17T14:11:52.447+0000][645.508s][info ][safepoint     ] Total time for which application threads were stopped: 0.0015503 seconds, Stopping threads took: 0.0007028 seconds
[2023-10-17T14:11:53.447+0000][646.509s][debug][safepoint     ] Safepoint synchronization initiated. (193 threads)
[2023-10-17T14:11:53.448+0000][646.510s][info ][safepoint     ] Application time: 1.0012624 seconds
[2023-10-17T14:11:53.450+0000][646.511s][info ][safepoint     ] Entering safepoint region: Cleanup
[2023-10-17T14:11:53.451+0000][646.512s][info ][safepoint     ] Leaving safepoint region
[2023-10-17T14:11:53.451+0000][646.513s][info ][safepoint     ] Total time for which application threads were stopped: 0.0017441 seconds, Stopping threads took: 0.0006839 seconds
[2023-10-17T14:11:54.452+0000][647.514s][debug][safepoint     ] Safepoint synchronization initiated. (193 threads)
[2023-10-17T14:11:54.453+0000][647.515s][info ][safepoint     ] Application time: 1.0012266 seconds
[2023-10-17T14:11:54.454+0000][647.516s][info ][safepoint     ] Entering safepoint region: Cleanup
[2023-10-17T14:11:54.455+0000][647.517s][info ][safepoint     ] Leaving safepoint region
[2023-10-17T14:11:54.456+0000][647.518s][info ][safepoint     ] Total time for which application threads were stopped: 0.0020245 seconds, Stopping threads took: 0.0008832 seconds
[2023-10-17T14:11:55.457+0000][648.519s][debug][safepoint     ] Safepoint synchronization initiated. (193 threads)
[2023-10-17T14:11:55.458+0000][648.520s][info ][safepoint     ] Application time: 1.0011004 seconds
[2023-10-17T14:11:55.460+0000][648.521s][info ][safepoint     ] Entering safepoint region: Cleanup
[2023-10-17T14:11:55.461+0000][648.522s][info ][safepoint     ] Leaving safepoint region
[2023-10-17T14:11:55.461+0000][648.523s][info ][safepoint     ] Total time for which application threads were stopped: 0.0018716 seconds, Stopping threads took: 0.0007975 seconds
[2023-10-17T14:11:56.462+0000][649.524s][debug][safepoint     ] Safepoint synchronization initiated. (193 threads)
[2023-10-17T14:11:56.463+0000][649.524s][info ][safepoint     ] Application time: 1.0009306 seconds
[2023-10-17T14:11:56.464+0000][649.525s][info ][safepoint     ] Entering safepoint region: Cleanup
[2023-10-17T14:11:56.465+0000][649.526s][info ][safepoint     ] Leaving safepoint region
[2023-10-17T14:11:56.466+0000][649.527s][info ][safepoint     ] Total time for which application threads were stopped: 0.0020048 seconds, Stopping threads took: 0.0008633 seconds
[2023-10-17T14:11:57.467+0000][650.528s][debug][safepoint     ] Safepoint synchronization initiated. (193 threads)
[2023-10-17T14:11:57.468+0000][650.529s][info ][safepoint     ] Application time: 1.0011370 seconds
[2023-10-17T14:11:57.469+0000][650.530s][info ][safepoint     ] Entering safepoint region: Cleanup
[2023-10-17T14:11:57.470+0000][650.532s][info ][safepoint     ] Leaving safepoint region
[2023-10-17T14:11:57.471+0000][650.532s][info ][safepoint     ] Total time for which application threads were stopped: 0.0025568 seconds, Stopping threads took: 0.0014537 seconds
[2023-10-17T14:11:58.472+0000][651.533s][debug][safepoint     ] Safepoint synchronization initiated. (193 threads)
[2023-10-17T14:11:58.474+0000][651.535s][info ][safepoint     ] Application time: 1.0017505 seconds
[2023-10-17T14:11:58.475+0000][651.536s][info ][safepoint     ] Entering safepoint region: Cleanup
[2023-10-17T14:11:58.476+0000][651.538s][info ][safepoint     ] Leaving safepoint region
[2023-10-17T14:11:58.477+0000][651.538s][info ][safepoint     ] Total time for which application threads were stopped: 0.0023014 seconds, Stopping threads took: 0.0010521 seconds
[2023-10-17T14:11:59.478+0000][652.539s][debug][safepoint     ] Safepoint synchronization initiated. (193 threads)
[2023-10-17T14:11:59.480+0000][652.541s][info ][safepoint     ] Application time: 1.0019284 seconds
[2023-10-17T14:11:59.482+0000][652.543s][info ][safepoint     ] Entering safepoint region: Cleanup
[2023-10-17T14:11:59.483+0000][652.544s][info ][safepoint     ] Leaving safepoint region
[2023-10-17T14:11:59.484+0000][652.545s][info ][safepoint     ] Total time for which application threads were stopped: 0.0022432 seconds, Stopping threads took: 0.0010193 seconds
[2023-10-17T14:12:00.485+0000][653.546s][debug][safepoint     ] Safepoint synchronization initiated. (193 threads)
[2023-10-17T14:12:00.486+0000][653.547s][info ][safepoint     ] Application time: 1.0009653 seconds
[2023-10-17T14:12:00.486+0000][653.548s][info ][safepoint     ] Entering safepoint region: Cleanup
[2023-10-17T14:12:00.488+0000][653.549s][info ][safepoint     ] Leaving safepoint region
[2023-10-17T14:12:00.489+0000][653.550s][info ][safepoint     ] Total time for which application threads were stopped: 0.0022405 seconds, Stopping threads took: 0.0009952 seconds
[2023-10-17T14:12:01.490+0000][654.551s][debug][safepoint     ] Safepoint synchronization initiated. (193 threads)
[2023-10-17T14:12:01.491+0000][654.552s][info ][safepoint     ] Application time: 1.0012504 seconds
[2023-10-17T14:12:01.492+0000][654.553s][info ][safepoint     ] Entering safepoint region: Cleanup
[2023-10-17T14:12:01.493+0000][654.555s][info ][safepoint     ] Leaving safepoint region
[2023-10-17T14:12:01.494+0000][654.556s][info ][safepoint     ] Total time for which application threads were stopped: 0.0026542 seconds, Stopping threads took: 0.0013975 seconds
[2023-10-17T14:12:02.495+0000][655.557s][debug][safepoint     ] Safepoint synchronization initiated. (193 threads)
[2023-10-17T14:12:02.496+0000][655.558s][info ][safepoint     ] Application time: 1.0009737 seconds
[2023-10-17T14:12:02.497+0000][655.559s][info ][safepoint     ] Entering safepoint region: Cleanup
[2023-10-17T14:12:02.498+0000][655.559s][info ][safepoint     ] Leaving safepoint region
[2023-10-17T14:12:02.498+0000][655.560s][info ][safepoint     ] Total time for which application threads were stopped: 0.0013012 seconds, Stopping threads took: 0.0006067 seconds
[2023-10-17T14:12:03.499+0000][656.561s][debug][safepoint     ] Safepoint synchronization initiated. (193 threads)
[2023-10-17T14:12:03.501+0000][656.562s][info ][safepoint     ] Application time: 1.0017583 seconds
[2023-10-17T14:12:03.502+0000][656.563s][debug][safepoint     ] ... found polling page return exception at pc = 0x00007fc1a4b0dc74, stub =0x00007fc19c840600
[2023-10-17T14:12:03.503+0000][656.564s][debug][safepoint     ] Waiting for 1 thread(s) to block
[2023-10-17T14:12:03.504+0000][656.566s][info ][safepoint     ] Entering safepoint region: Cleanup
[2023-10-17T14:12:03.506+0000][656.567s][info ][safepoint     ] Leaving safepoint region
[2023-10-17T14:12:03.507+0000][656.568s][info ][safepoint     ] Total time for which application threads were stopped: 0.0045836 seconds, Stopping threads took: 0.0034590 seconds
[2023-10-17T14:12:04.508+0000][657.569s][debug][safepoint     ] Safepoint synchronization initiated. (193 threads)
[2023-10-17T14:12:04.509+0000][657.570s][info ][safepoint     ] Application time: 1.0016205 seconds
[2023-10-17T14:12:04.510+0000][657.571s][debug][safepoint     ] Waiting for 1 thread(s) to block
[2023-10-17T14:12:04.512+0000][657.573s][info ][safepoint     ] Entering safepoint region: Cleanup
[2023-10-17T14:12:04.513+0000][657.574s][info ][safepoint     ] Leaving safepoint region
[2023-10-17T14:12:04.514+0000][657.575s][info ][safepoint     ] Total time for which application threads were stopped: 0.0038495 seconds, Stopping threads took: 0.0025891 seconds
[2023-10-17T14:12:05.515+0000][658.577s][debug][safepoint     ] Safepoint synchronization initiated. (193 threads)
[2023-10-17T14:12:05.516+0000][658.578s][info ][safepoint     ] Application time: 1.0014893 seconds
[2023-10-17T14:12:05.517+0000][658.579s][info ][safepoint     ] Entering safepoint region: Cleanup
[2023-10-17T14:12:05.518+0000][658.580s][info ][safepoint     ] Leaving safepoint region
[2023-10-17T14:12:05.519+0000][658.580s][info ][safepoint     ] Total time for which application threads were stopped: 0.0019217 seconds, Stopping threads took: 0.0007965 seconds
[2023-10-17T14:12:06.520+0000][659.581s][debug][safepoint     ] Safepoint synchronization initiated. (193 threads)
[2023-10-17T14:12:06.521+0000][659.583s][info ][safepoint     ] Application time: 1.0015225 seconds
[2023-10-17T14:12:06.522+0000][659.583s][info ][safepoint     ] Entering safepoint region: Cleanup
[2023-10-17T14:12:06.523+0000][659.584s][info ][safepoint     ] Leaving safepoint region
[2023-10-17T14:12:06.524+0000][659.585s][info ][safepoint     ] Total time for which application threads were stopped: 0.0016929 seconds, Stopping threads took: 0.0006930 seconds
[2023-10-17T14:12:07.525+0000][660.586s][debug][safepoint     ] Safepoint synchronization initiated. (193 threads)
[2023-10-17T14:12:07.526+0000][660.587s][info ][safepoint     ] Application time: 1.0013448 seconds
[2023-10-17T14:12:07.527+0000][660.588s][info ][safepoint     ] Entering safepoint region: Cleanup
[2023-10-17T14:12:07.528+0000][660.589s][info ][safepoint     ] Leaving safepoint region
[2023-10-17T14:12:07.529+0000][660.590s][info ][safepoint     ] Total time for which application threads were stopped: 0.0023410 seconds, Stopping threads took: 0.0008971 seconds
[2023-10-17T14:12:08.531+0000][661.592s][debug][safepoint     ] Safepoint synchronization initiated. (193 threads)
[2023-10-17T14:12:08.532+0000][661.593s][info ][safepoint     ] Application time: 1.0017919 seconds
[2023-10-17T14:12:08.533+0000][661.594s][info ][safepoint     ] Entering safepoint region: Cleanup
[2023-10-17T14:12:08.534+0000][661.595s][info ][safepoint     ] Leaving safepoint region
[2023-10-17T14:12:08.536+0000][661.597s][info ][safepoint     ] Total time for which application threads were stopped: 0.0030854 seconds, Stopping threads took: 0.0007703 seconds
[2023-10-17T14:12:09.537+0000][662.598s][debug][safepoint     ] Safepoint synchronization initiated. (193 threads)
[2023-10-17T14:12:09.539+0000][662.600s][info ][safepoint     ] Application time: 1.0020422 seconds
[2023-10-17T14:12:09.540+0000][662.601s][info ][safepoint     ] Entering safepoint region: Cleanup
[2023-10-17T14:12:09.541+0000][662.602s][info ][safepoint     ] Leaving safepoint region
[2023-10-17T14:12:09.542+0000][662.603s][info ][safepoint     ] Total time for which application threads were stopped: 0.0017946 seconds, Stopping threads took: 0.0008193 seconds
[2023-10-17T14:12:09.800+0000][662.862s][debug][safepoint     ] Safepoint synchronization initiated. (193 threads)
[2023-10-17T14:12:09.802+0000][662.863s][info ][safepoint     ] Application time: 0.2592343 seconds
[2023-10-17T14:12:09.803+0000][662.864s][info ][safepoint     ] Entering safepoint region: Deoptimize
[2023-10-17T14:12:09.808+0000][662.870s][info ][safepoint     ] Leaving safepoint region
[2023-10-17T14:12:09.809+0000][662.870s][info ][safepoint     ] Total time for which application threads were stopped: 0.0065989 seconds, Stopping threads took: 0.0006715 seconds
[2023-10-17T14:12:10.810+0000][663.871s][debug][safepoint     ] Safepoint synchronization initiated. (194 threads)
[2023-10-17T14:12:10.811+0000][663.873s][info ][safepoint     ] Application time: 1.0016218 seconds
[2023-10-17T14:12:10.812+0000][663.874s][info ][safepoint     ] Entering safepoint region: Cleanup
[2023-10-17T14:12:10.813+0000][663.875s][info ][safepoint     ] Leaving safepoint region
[2023-10-17T14:12:10.814+0000][663.875s][info ][safepoint     ] Total time for which application threads were stopped: 0.0016469 seconds, Stopping threads took: 0.0006448 seconds
[2023-10-17T14:12:11.815+0000][664.876s][debug][safepoint     ] Safepoint synchronization initiated. (194 threads)
[2023-10-17T14:12:11.816+0000][664.878s][info ][safepoint     ] Application time: 1.0018308 seconds
[2023-10-17T14:12:11.817+0000][664.879s][info ][safepoint     ] Entering safepoint region: Cleanup
[2023-10-17T14:12:11.818+0000][664.880s][info ][safepoint     ] Leaving safepoint region
[2023-10-17T14:12:11.819+0000][664.880s][info ][safepoint     ] Total time for which application threads were stopped: 0.0017472 seconds, Stopping threads took: 0.0008281 seconds
[2023-10-17T14:12:12.820+0000][665.881s][debug][safepoint     ] Safepoint synchronization initiated. (194 threads)
[2023-10-17T14:12:12.821+0000][665.882s][info ][safepoint     ] Application time: 1.0013091 seconds
[2023-10-17T14:12:12.821+0000][665.883s][info ][safepoint     ] Entering safepoint region: Cleanup
[2023-10-17T14:12:12.822+0000][665.884s][info ][safepoint     ] Leaving safepoint region
[2023-10-17T14:12:12.823+0000][665.885s][info ][safepoint     ] Total time for which application threads were stopped: 0.0017784 seconds, Stopping threads took: 0.0007813 seconds
[2023-10-17T14:12:13.824+0000][666.886s][debug][safepoint     ] Safepoint synchronization initiated. (193 threads)
[2023-10-17T14:12:13.825+0000][666.886s][info ][safepoint     ] Application time: 1.0010851 seconds
[2023-10-17T14:12:13.826+0000][666.887s][info ][safepoint     ] Entering safepoint region: Cleanup
[2023-10-17T14:12:13.827+0000][666.888s][info ][safepoint     ] Leaving safepoint region
[2023-10-17T14:12:13.828+0000][666.889s][info ][safepoint     ] Total time for which application threads were stopped: 0.0019450 seconds, Stopping threads took: 0.0007814 seconds
[2023-10-17T14:12:14.677+0000][667.739s][debug][safepoint     ] Safepoint synchronization initiated. (193 threads)
[2023-10-17T14:12:14.678+0000][667.740s][info ][safepoint     ] Application time: 0.8497483 seconds
[2023-10-17T14:12:14.679+0000][667.741s][info ][safepoint     ] Entering safepoint region: G1CollectForAllocation
[2023-10-17T14:12:14.680+0000][667.742s][info ][gc,start      ] GC(69) Pause Young (Normal) (G1 Evacuation Pause)
[2023-10-17T14:12:14.682+0000][667.743s][info ][gc,task       ] GC(69) Using 8 workers of 8 for evacuation
[2023-10-17T14:12:14.706+0000][667.767s][info ][gc,phases     ] GC(69)   Pre Evacuate Collection Set: 0.0ms
[2023-10-17T14:12:14.707+0000][667.768s][info ][gc,phases     ] GC(69)   Evacuate Collection Set: 16.8ms
[2023-10-17T14:12:14.708+0000][667.769s][info ][gc,phases     ] GC(69)   Post Evacuate Collection Set: 6.4ms
[2023-10-17T14:12:14.709+0000][667.770s][info ][gc,phases     ] GC(69)   Other: 2.4ms
[2023-10-17T14:12:14.709+0000][667.771s][info ][gc,heap       ] GC(69) Eden regions: 191->0(192)
[2023-10-17T14:12:14.710+0000][667.772s][info ][gc,heap       ] GC(69) Survivor regions: 16->11(26)
[2023-10-17T14:12:14.712+0000][667.773s][info ][gc,heap       ] GC(69) Old regions: 150->158
[2023-10-17T14:12:14.712+0000][667.774s][info ][gc,heap       ] GC(69) Humongous regions: 1->0
[2023-10-17T14:12:14.713+0000][667.775s][info ][gc,metaspace  ] GC(69) Metaspace: 173064K(187252K)->173064K(187252K) NonClass: 153023K(164340K)->153023K(164340K) Class: 20040K(22912K)->20040K(22912K)
[2023-10-17T14:12:14.714+0000][667.776s][info ][gc            ] GC(69) Pause Young (Normal) (G1 Evacuation Pause) 355M->167M(415M) 33.723ms
[2023-10-17T14:12:14.715+0000][667.776s][info ][gc,cpu        ] GC(69) User=0.15s Sys=0.00s Real=0.03s
[2023-10-17T14:12:14.716+0000][667.777s][info ][safepoint     ] Leaving safepoint region
[2023-10-17T14:12:14.718+0000][667.779s][info ][safepoint     ] Total time for which application threads were stopped: 0.0384312 seconds, Stopping threads took: 0.0009602 seconds
[2023-10-17T14:12:14.720+0000][667.781s][info ][gc,stringdedup] Concurrent String Deduplication (667.781s)
[2023-10-17T14:12:14.721+0000][667.782s][info ][gc,stringdedup] Concurrent String Deduplication 18000.0B->8072.0B(9928.0B) avg 53.5% (667.781s, 667.782s) 1.201ms
[2023-10-17T14:12:15.554+0000][668.616s][debug][safepoint     ] Safepoint synchronization initiated. (193 threads)
[2023-10-17T14:12:15.555+0000][668.617s][info ][safepoint     ] Application time: 0.8359467 seconds
[2023-10-17T14:12:15.556+0000][668.618s][info ][safepoint     ] Entering safepoint region: ICBufferFull
[2023-10-17T14:12:15.558+0000][668.619s][info ][safepoint     ] Leaving safepoint region
[2023-10-17T14:12:15.559+0000][668.620s][info ][safepoint     ] Total time for which application threads were stopped: 0.0028024 seconds, Stopping threads took: 0.0012652 seconds
[2023-10-17T14:12:16.560+0000][669.621s][debug][safepoint     ] Safepoint synchronization initiated. (193 threads)
[2023-10-17T14:12:16.561+0000][669.622s][info ][safepoint     ] Application time: 1.0012508 seconds
[2023-10-17T14:12:16.562+0000][669.623s][info ][safepoint     ] Entering safepoint region: Cleanup
[2023-10-17T14:12:16.564+0000][669.626s][info ][safepoint     ] Leaving safepoint region
[2023-10-17T14:12:16.565+0000][669.627s][info ][safepoint     ] Total time for which application threads were stopped: 0.0034829 seconds, Stopping threads took: 0.0020218 seconds
[2023-10-17T14:12:17.566+0000][670.627s][debug][safepoint     ] Safepoint synchronization initiated. (193 threads)
[2023-10-17T14:12:17.567+0000][670.628s][info ][safepoint     ] Application time: 1.0010341 seconds
[2023-10-17T14:12:17.567+0000][670.629s][info ][safepoint     ] Entering safepoint region: Cleanup
[2023-10-17T14:12:17.568+0000][670.630s][info ][safepoint     ] Leaving safepoint region
[2023-10-17T14:12:17.569+0000][670.630s][info ][safepoint     ] Total time for which application threads were stopped: 0.0014129 seconds, Stopping threads took: 0.0006296 seconds
[2023-10-17T14:12:18.570+0000][671.631s][debug][safepoint     ] Safepoint synchronization initiated. (193 threads)
[2023-10-17T14:12:18.571+0000][671.632s][info ][safepoint     ] Application time: 1.0012496 seconds
[2023-10-17T14:12:18.571+0000][671.633s][info ][safepoint     ] Entering safepoint region: Cleanup
[2023-10-17T14:12:18.573+0000][671.634s][info ][safepoint     ] Leaving safepoint region
[2023-10-17T14:12:18.573+0000][671.635s][info ][safepoint     ] Total time for which application threads were stopped: 0.0021132 seconds, Stopping threads took: 0.0011300 seconds
[2023-10-17T14:12:19.575+0000][672.636s][debug][safepoint     ] Safepoint synchronization initiated. (193 threads)
[2023-10-17T14:12:19.575+0000][672.637s][info ][safepoint     ] Application time: 1.0012662 seconds
[2023-10-17T14:12:19.576+0000][672.637s][info ][safepoint     ] Entering safepoint region: Cleanup
[2023-10-17T14:12:19.577+0000][672.639s][info ][safepoint     ] Leaving safepoint region
[2023-10-17T14:12:19.578+0000][672.639s][info ][safepoint     ] Total time for which application threads were stopped: 0.0021163 seconds, Stopping threads took: 0.0009951 seconds
[2023-10-17T14:12:20.579+0000][673.641s][debug][safepoint     ] Safepoint synchronization initiated. (193 threads)
[2023-10-17T14:12:20.580+0000][673.641s][info ][safepoint     ] Application time: 1.0012022 seconds
[2023-10-17T14:12:20.581+0000][673.642s][info ][safepoint     ] Entering safepoint region: Cleanup
[2023-10-17T14:12:20.582+0000][673.643s][info ][safepoint     ] Leaving safepoint region
[2023-10-17T14:12:20.583+0000][673.644s][info ][safepoint     ] Total time for which application threads were stopped: 0.0017346 seconds, Stopping threads took: 0.0007615 seconds
[2023-10-17T14:12:21.584+0000][674.645s][debug][safepoint     ] Safepoint synchronization initiated. (193 threads)
[2023-10-17T14:12:21.585+0000][674.646s][info ][safepoint     ] Application time: 1.0014224 seconds
[2023-10-17T14:12:21.586+0000][674.647s][info ][safepoint     ] Entering safepoint region: Cleanup
[2023-10-17T14:12:21.587+0000][674.649s][info ][safepoint     ] Leaving safepoint region
[2023-10-17T14:12:21.588+0000][674.649s][info ][safepoint     ] Total time for which application threads were stopped: 0.0023945 seconds, Stopping threads took: 0.0010704 seconds
[2023-10-17T14:12:22.590+0000][675.651s][debug][safepoint     ] Safepoint synchronization initiated. (193 threads)
[2023-10-17T14:12:22.590+0000][675.652s][info ][safepoint     ] Application time: 1.0011426 seconds
[2023-10-17T14:12:22.591+0000][675.652s][info ][safepoint     ] Entering safepoint region: Cleanup
[2023-10-17T14:12:22.592+0000][675.653s][info ][safepoint     ] Leaving safepoint region
[2023-10-17T14:12:22.593+0000][675.654s][info ][safepoint     ] Total time for which application threads were stopped: 0.0014693 seconds, Stopping threads took: 0.0005597 seconds
[2023-10-17T14:12:23.594+0000][676.655s][debug][safepoint     ] Safepoint synchronization initiated. (193 threads)
[2023-10-17T14:12:23.595+0000][676.656s][info ][safepoint     ] Application time: 1.0016959 seconds
[2023-10-17T14:12:23.596+0000][676.657s][info ][safepoint     ] Entering safepoint region: Cleanup
[2023-10-17T14:12:23.597+0000][676.658s][info ][safepoint     ] Leaving safepoint region
[2023-10-17T14:12:23.598+0000][676.659s][info ][safepoint     ] Total time for which application threads were stopped: 0.0018972 seconds, Stopping threads took: 0.0008140 seconds
[2023-10-17T14:12:24.599+0000][677.660s][debug][safepoint     ] Safepoint synchronization initiated. (193 threads)
[2023-10-17T14:12:24.600+0000][677.661s][info ][safepoint     ] Application time: 1.0017442 seconds
[2023-10-17T14:12:24.601+0000][677.662s][info ][safepoint     ] Entering safepoint region: Cleanup
[2023-10-17T14:12:24.602+0000][677.664s][info ][safepoint     ] Leaving safepoint region
[2023-10-17T14:12:24.603+0000][677.664s][info ][safepoint     ] Total time for which application threads were stopped: 0.0022991 seconds, Stopping threads took: 0.0009141 seconds
[2023-10-17T14:12:25.604+0000][678.665s][debug][safepoint     ] Safepoint synchronization initiated. (193 threads)
[2023-10-17T14:12:25.606+0000][678.667s][info ][safepoint     ] Application time: 1.0016099 seconds
[2023-10-17T14:12:25.607+0000][678.669s][info ][safepoint     ] Entering safepoint region: Cleanup
[2023-10-17T14:12:25.609+0000][678.670s][info ][safepoint     ] Leaving safepoint region
[2023-10-17T14:12:25.609+0000][678.671s][info ][safepoint     ] Total time for which application threads were stopped: 0.0019437 seconds, Stopping threads took: 0.0009123 seconds
[2023-10-17T14:12:26.610+0000][679.671s][debug][safepoint     ] Safepoint synchronization initiated. (193 threads)
[2023-10-17T14:12:26.611+0000][679.672s][info ][safepoint     ] Application time: 1.0012469 seconds
[2023-10-17T14:12:26.612+0000][679.673s][info ][safepoint     ] Entering safepoint region: Cleanup
[2023-10-17T14:12:26.613+0000][679.675s][info ][safepoint     ] Leaving safepoint region
[2023-10-17T14:12:26.614+0000][679.675s][info ][safepoint     ] Total time for which application threads were stopped: 0.0020053 seconds, Stopping threads took: 0.0009956 seconds
[2023-10-17T14:12:27.615+0000][680.676s][debug][safepoint     ] Safepoint synchronization initiated. (193 threads)
[2023-10-17T14:12:27.616+0000][680.677s][info ][safepoint     ] Application time: 1.0010883 seconds
[2023-10-17T14:12:27.617+0000][680.678s][info ][safepoint     ] Entering safepoint region: Cleanup
[2023-10-17T14:12:27.618+0000][680.680s][info ][safepoint     ] Leaving safepoint region
[2023-10-17T14:12:27.619+0000][680.680s][info ][safepoint     ] Total time for which application threads were stopped: 0.0021792 seconds, Stopping threads took: 0.0010562 seconds
[2023-10-17T14:12:28.620+0000][681.681s][debug][safepoint     ] Safepoint synchronization initiated. (193 threads)
[2023-10-17T14:12:28.621+0000][681.682s][info ][safepoint     ] Application time: 1.0013094 seconds
[2023-10-17T14:12:28.622+0000][681.683s][info ][safepoint     ] Entering safepoint region: Cleanup
[2023-10-17T14:12:28.623+0000][681.684s][info ][safepoint     ] Leaving safepoint region
[2023-10-17T14:12:28.624+0000][681.685s][info ][safepoint     ] Total time for which application threads were stopped: 0.0014841 seconds, Stopping threads took: 0.0006857 seconds
[2023-10-17T14:12:29.624+0000][682.686s][debug][safepoint     ] Safepoint synchronization initiated. (193 threads)
[2023-10-17T14:12:29.625+0000][682.687s][info ][safepoint     ] Application time: 1.0012138 seconds
[2023-10-17T14:12:29.626+0000][682.688s][info ][safepoint     ] Entering safepoint region: Cleanup
[2023-10-17T14:12:29.628+0000][682.689s][info ][safepoint     ] Leaving safepoint region
[2023-10-17T14:12:29.629+0000][682.690s][info ][safepoint     ] Total time for which application threads were stopped: 0.0024273 seconds, Stopping threads took: 0.0011743 seconds
[2023-10-17T14:12:30.630+0000][683.691s][debug][safepoint     ] Safepoint synchronization initiated. (193 threads)
[2023-10-17T14:12:30.631+0000][683.692s][info ][safepoint     ] Application time: 1.0011033 seconds
[2023-10-17T14:12:30.632+0000][683.693s][info ][safepoint     ] Entering safepoint region: Cleanup
[2023-10-17T14:12:30.633+0000][683.694s][info ][safepoint     ] Leaving safepoint region
[2023-10-17T14:12:30.634+0000][683.695s][info ][safepoint     ] Total time for which application threads were stopped: 0.0022109 seconds, Stopping threads took: 0.0009973 seconds
[2023-10-17T14:12:31.635+0000][684.696s][debug][safepoint     ] Safepoint synchronization initiated. (193 threads)
[2023-10-17T14:12:31.636+0000][684.698s][info ][safepoint     ] Application time: 1.0015703 seconds
[2023-10-17T14:12:31.637+0000][684.699s][info ][safepoint     ] Entering safepoint region: Cleanup
[2023-10-17T14:12:31.639+0000][684.700s][info ][safepoint     ] Leaving safepoint region
[2023-10-17T14:12:31.640+0000][684.701s][info ][safepoint     ] Total time for which application threads were stopped: 0.0023919 seconds, Stopping threads took: 0.0010229 seconds
[2023-10-17T14:12:32.641+0000][685.702s][debug][safepoint     ] Safepoint synchronization initiated. (193 threads)
[2023-10-17T14:12:32.642+0000][685.703s][info ][safepoint     ] Application time: 1.0012262 seconds
[2023-10-17T14:12:32.643+0000][685.704s][info ][safepoint     ] Entering safepoint region: Cleanup
[2023-10-17T14:12:32.644+0000][685.706s][info ][safepoint     ] Leaving safepoint region
[2023-10-17T14:12:32.645+0000][685.706s][info ][safepoint     ] Total time for which application threads were stopped: 0.0021246 seconds, Stopping threads took: 0.0008351 seconds
[2023-10-17T14:12:33.646+0000][686.707s][debug][safepoint     ] Safepoint synchronization initiated. (193 threads)
[2023-10-17T14:12:33.647+0000][686.708s][info ][safepoint     ] Application time: 1.0012811 seconds
[2023-10-17T14:12:33.648+0000][686.709s][info ][safepoint     ] Entering safepoint region: Cleanup
[2023-10-17T14:12:33.649+0000][686.711s][info ][safepoint     ] Leaving safepoint region
[2023-10-17T14:12:33.650+0000][686.711s][info ][safepoint     ] Total time for which application threads were stopped: 0.0020119 seconds, Stopping threads took: 0.0009662 seconds
[2023-10-17T14:12:34.651+0000][687.712s][debug][safepoint     ] Safepoint synchronization initiated. (193 threads)
[2023-10-17T14:12:34.652+0000][687.713s][info ][safepoint     ] Application time: 1.0014103 seconds
[2023-10-17T14:12:34.653+0000][687.714s][info ][safepoint     ] Entering safepoint region: Cleanup
[2023-10-17T14:12:34.655+0000][687.716s][info ][safepoint     ] Leaving safepoint region
[2023-10-17T14:12:34.656+0000][687.717s][info ][safepoint     ] Total time for which application threads were stopped: 0.0025607 seconds, Stopping threads took: 0.0011163 seconds
[2023-10-17T14:12:35.657+0000][688.718s][debug][safepoint     ] Safepoint synchronization initiated. (193 threads)
[2023-10-17T14:12:35.658+0000][688.719s][info ][safepoint     ] Application time: 1.0014247 seconds
[2023-10-17T14:12:35.659+0000][688.720s][info ][safepoint     ] Entering safepoint region: Cleanup
[2023-10-17T14:12:35.661+0000][688.722s][info ][safepoint     ] Leaving safepoint region
[2023-10-17T14:12:35.662+0000][688.723s][info ][safepoint     ] Total time for which application threads were stopped: 0.0026567 seconds, Stopping threads took: 0.0011256 seconds
[2023-10-17T14:12:36.663+0000][689.725s][debug][safepoint     ] Safepoint synchronization initiated. (193 threads)
[2023-10-17T14:12:36.665+0000][689.726s][info ][safepoint     ] Application time: 1.0016639 seconds
[2023-10-17T14:12:36.666+0000][689.727s][info ][safepoint     ] Entering safepoint region: Cleanup
[2023-10-17T14:12:36.667+0000][689.728s][info ][safepoint     ] Leaving safepoint region
[2023-10-17T14:12:36.667+0000][689.729s][info ][safepoint     ] Total time for which application threads were stopped: 0.0019600 seconds, Stopping threads took: 0.0008195 seconds
[2023-10-17T14:12:37.669+0000][690.730s][debug][safepoint     ] Safepoint synchronization initiated. (193 threads)
[2023-10-17T14:12:37.670+0000][690.731s][info ][safepoint     ] Application time: 1.0015978 seconds
[2023-10-17T14:12:37.671+0000][690.732s][info ][safepoint     ] Entering safepoint region: Cleanup
[2023-10-17T14:12:37.673+0000][690.734s][info ][safepoint     ] Leaving safepoint region
[2023-10-17T14:12:37.674+0000][690.735s][info ][safepoint     ] Total time for which application threads were stopped: 0.0026966 seconds, Stopping threads took: 0.0012265 seconds
[2023-10-17T14:12:38.675+0000][691.736s][debug][safepoint     ] Safepoint synchronization initiated. (193 threads)
[2023-10-17T14:12:38.676+0000][691.737s][info ][safepoint     ] Application time: 1.0014146 seconds
[2023-10-17T14:12:38.677+0000][691.738s][info ][safepoint     ] Entering safepoint region: Cleanup
[2023-10-17T14:12:38.678+0000][691.740s][info ][safepoint     ] Leaving safepoint region
[2023-10-17T14:12:38.679+0000][691.740s][info ][safepoint     ] Total time for which application threads were stopped: 0.0019855 seconds, Stopping threads took: 0.0009071 seconds
[2023-10-17T14:12:39.680+0000][692.741s][debug][safepoint     ] Safepoint synchronization initiated. (193 threads)
[2023-10-17T14:12:39.681+0000][692.742s][info ][safepoint     ] Application time: 1.0011945 seconds
[2023-10-17T14:12:39.682+0000][692.743s][info ][safepoint     ] Entering safepoint region: Cleanup
[2023-10-17T14:12:39.683+0000][692.744s][info ][safepoint     ] Leaving safepoint region
[2023-10-17T14:12:39.684+0000][692.745s][info ][safepoint     ] Total time for which application threads were stopped: 0.0020601 seconds, Stopping threads took: 0.0009336 seconds
[2023-10-17T14:12:40.685+0000][693.746s][debug][safepoint     ] Safepoint synchronization initiated. (193 threads)
[2023-10-17T14:12:40.686+0000][693.748s][info ][safepoint     ] Application time: 1.0015156 seconds
[2023-10-17T14:12:40.687+0000][693.749s][info ][safepoint     ] Entering safepoint region: Cleanup
[2023-10-17T14:12:40.688+0000][693.750s][info ][safepoint     ] Leaving safepoint region
[2023-10-17T14:12:40.689+0000][693.750s][info ][safepoint     ] Total time for which application threads were stopped: 0.0019142 seconds, Stopping threads took: 0.0008093 seconds
[2023-10-17T14:12:41.690+0000][694.752s][debug][safepoint     ] Safepoint synchronization initiated. (193 threads)
[2023-10-17T14:12:41.691+0000][694.753s][info ][safepoint     ] Application time: 1.0014032 seconds
[2023-10-17T14:12:41.692+0000][694.754s][info ][safepoint     ] Entering safepoint region: Cleanup
[2023-10-17T14:12:41.694+0000][694.755s][info ][safepoint     ] Leaving safepoint region
[2023-10-17T14:12:41.694+0000][694.756s][info ][safepoint     ] Total time for which application threads were stopped: 0.0020525 seconds, Stopping threads took: 0.0009171 seconds
[2023-10-17T14:12:42.695+0000][695.757s][debug][safepoint     ] Safepoint synchronization initiated. (193 threads)
[2023-10-17T14:12:42.696+0000][695.758s][info ][safepoint     ] Application time: 1.0011870 seconds
[2023-10-17T14:12:42.697+0000][695.758s][info ][safepoint     ] Entering safepoint region: Cleanup
[2023-10-17T14:12:42.698+0000][695.760s][info ][safepoint     ] Leaving safepoint region
[2023-10-17T14:12:42.699+0000][695.760s][info ][safepoint     ] Total time for which application threads were stopped: 0.0015724 seconds, Stopping threads took: 0.0008003 seconds
[2023-10-17T14:12:43.700+0000][696.761s][debug][safepoint     ] Safepoint synchronization initiated. (193 threads)
[2023-10-17T14:12:43.701+0000][696.762s][info ][safepoint     ] Application time: 1.0011153 seconds
[2023-10-17T14:12:43.702+0000][696.763s][info ][safepoint     ] Entering safepoint region: Cleanup
[2023-10-17T14:12:43.703+0000][696.764s][info ][safepoint     ] Leaving safepoint region
[2023-10-17T14:12:43.704+0000][696.765s][info ][safepoint     ] Total time for which application threads were stopped: 0.0025315 seconds, Stopping threads took: 0.0009999 seconds
[2023-10-17T14:12:44.705+0000][697.766s][debug][safepoint     ] Safepoint synchronization initiated. (192 threads)
[2023-10-17T14:12:44.706+0000][697.768s][info ][safepoint     ] Application time: 1.0014197 seconds
[2023-10-17T14:12:44.707+0000][697.769s][info ][safepoint     ] Entering safepoint region: Cleanup
[2023-10-17T14:12:44.709+0000][697.770s][info ][safepoint     ] Leaving safepoint region
[2023-10-17T14:12:44.710+0000][697.771s][info ][safepoint     ] Total time for which application threads were stopped: 0.0024353 seconds, Stopping threads took: 0.0010818 seconds
[2023-10-17T14:12:45.711+0000][698.772s][debug][safepoint     ] Safepoint synchronization initiated. (192 threads)
[2023-10-17T14:12:45.712+0000][698.773s][info ][safepoint     ] Application time: 1.0013254 seconds
[2023-10-17T14:12:45.713+0000][698.774s][info ][safepoint     ] Entering safepoint region: Cleanup
[2023-10-17T14:12:45.714+0000][698.776s][info ][safepoint     ] Leaving safepoint region
[2023-10-17T14:12:45.715+0000][698.777s][info ][safepoint     ] Total time for which application threads were stopped: 0.0023401 seconds, Stopping threads took: 0.0011019 seconds
[2023-10-17T14:12:46.717+0000][699.778s][debug][safepoint     ] Safepoint synchronization initiated. (192 threads)
[2023-10-17T14:12:46.718+0000][699.779s][info ][safepoint     ] Application time: 1.0015757 seconds
[2023-10-17T14:12:46.719+0000][699.780s][info ][safepoint     ] Entering safepoint region: Cleanup
[2023-10-17T14:12:46.720+0000][699.781s][info ][safepoint     ] Leaving safepoint region
[2023-10-17T14:12:46.721+0000][699.782s][info ][safepoint     ] Total time for which application threads were stopped: 0.0025204 seconds, Stopping threads took: 0.0011609 seconds
[2023-10-17T14:12:47.722+0000][700.784s][debug][safepoint     ] Safepoint synchronization initiated. (192 threads)
[2023-10-17T14:12:47.723+0000][700.785s][info ][safepoint     ] Application time: 1.0013598 seconds
[2023-10-17T14:12:47.724+0000][700.786s][info ][safepoint     ] Entering safepoint region: Cleanup
[2023-10-17T14:12:47.725+0000][700.787s][info ][safepoint     ] Leaving safepoint region
[2023-10-17T14:12:47.726+0000][700.787s][info ][safepoint     ] Total time for which application threads were stopped: 0.0017021 seconds, Stopping threads took: 0.0007404 seconds
[2023-10-17T14:12:48.727+0000][701.788s][debug][safepoint     ] Safepoint synchronization initiated. (192 threads)
[2023-10-17T14:12:48.728+0000][701.789s][info ][safepoint     ] Application time: 1.0011238 seconds
[2023-10-17T14:12:48.729+0000][701.790s][info ][safepoint     ] Entering safepoint region: Cleanup
[2023-10-17T14:12:48.730+0000][701.791s][info ][safepoint     ] Leaving safepoint region
[2023-10-17T14:12:48.730+0000][701.791s][info ][safepoint     ] Total time for which application threads were stopped: 0.0016166 seconds, Stopping threads took: 0.0006131 seconds
[2023-10-17T14:12:49.731+0000][702.792s][debug][safepoint     ] Safepoint synchronization initiated. (192 threads)
[2023-10-17T14:12:49.732+0000][702.793s][info ][safepoint     ] Application time: 1.0012415 seconds
[2023-10-17T14:12:49.733+0000][702.794s][info ][safepoint     ] Entering safepoint region: Cleanup
[2023-10-17T14:12:49.734+0000][702.795s][info ][safepoint     ] Leaving safepoint region
[2023-10-17T14:12:49.735+0000][702.796s][info ][safepoint     ] Total time for which application threads were stopped: 0.0016471 seconds, Stopping threads took: 0.0006452 seconds
[2023-10-17T14:12:50.736+0000][703.797s][debug][safepoint     ] Safepoint synchronization initiated. (192 threads)
[2023-10-17T14:12:50.737+0000][703.798s][info ][safepoint     ] Application time: 1.0014968 seconds
[2023-10-17T14:12:50.738+0000][703.799s][info ][safepoint     ] Entering safepoint region: Cleanup
[2023-10-17T14:12:50.739+0000][703.800s][info ][safepoint     ] Leaving safepoint region
[2023-10-17T14:12:50.740+0000][703.801s][info ][safepoint     ] Total time for which application threads were stopped: 0.0021186 seconds, Stopping threads took: 0.0009825 seconds
[2023-10-17T14:12:51.741+0000][704.802s][debug][safepoint     ] Safepoint synchronization initiated. (192 threads)
[2023-10-17T14:12:51.742+0000][704.804s][info ][safepoint     ] Application time: 1.0016435 seconds
[2023-10-17T14:12:51.744+0000][704.805s][info ][safepoint     ] Entering safepoint region: Cleanup
[2023-10-17T14:12:51.745+0000][704.806s][info ][safepoint     ] Leaving safepoint region
[2023-10-17T14:12:51.746+0000][704.807s][info ][safepoint     ] Total time for which application threads were stopped: 0.0025524 seconds, Stopping threads took: 0.0010227 seconds
[2023-10-17T14:12:52.747+0000][705.808s][debug][safepoint     ] Safepoint synchronization initiated. (191 threads)
[2023-10-17T14:12:52.748+0000][705.809s][info ][safepoint     ] Application time: 1.0013601 seconds
[2023-10-17T14:12:52.749+0000][705.810s][info ][safepoint     ] Entering safepoint region: Cleanup
[2023-10-17T14:12:52.750+0000][705.811s][info ][safepoint     ] Leaving safepoint region
[2023-10-17T14:12:52.751+0000][705.812s][info ][safepoint     ] Total time for which application threads were stopped: 0.0017362 seconds, Stopping threads took: 0.0007177 seconds
[2023-10-17T14:12:53.752+0000][706.813s][debug][safepoint     ] Safepoint synchronization initiated. (191 threads)
[2023-10-17T14:12:53.753+0000][706.815s][info ][safepoint     ] Application time: 1.0015975 seconds
[2023-10-17T14:12:53.754+0000][706.815s][info ][safepoint     ] Entering safepoint region: Cleanup
[2023-10-17T14:12:53.755+0000][706.817s][info ][safepoint     ] Leaving safepoint region
[2023-10-17T14:12:53.756+0000][706.817s][info ][safepoint     ] Total time for which application threads were stopped: 0.0018993 seconds, Stopping threads took: 0.0008902 seconds
[2023-10-17T14:12:54.757+0000][707.818s][debug][safepoint     ] Safepoint synchronization initiated. (191 threads)
[2023-10-17T14:12:54.758+0000][707.820s][info ][safepoint     ] Application time: 1.0016118 seconds
[2023-10-17T14:12:54.760+0000][707.821s][info ][safepoint     ] Entering safepoint region: Cleanup
[2023-10-17T14:12:54.761+0000][707.822s][info ][safepoint     ] Leaving safepoint region
[2023-10-17T14:12:54.762+0000][707.823s][info ][safepoint     ] Total time for which application threads were stopped: 0.0024871 seconds, Stopping threads took: 0.0010569 seconds
[2023-10-17T14:12:55.763+0000][708.824s][debug][safepoint     ] Safepoint synchronization initiated. (191 threads)
[2023-10-17T14:12:55.764+0000][708.825s][info ][safepoint     ] Application time: 1.0013808 seconds
[2023-10-17T14:12:55.765+0000][708.826s][info ][safepoint     ] Entering safepoint region: Cleanup
[2023-10-17T14:12:55.766+0000][708.827s][info ][safepoint     ] Leaving safepoint region
[2023-10-17T14:12:55.767+0000][708.828s][info ][safepoint     ] Total time for which application threads were stopped: 0.0018306 seconds, Stopping threads took: 0.0007744 seconds
[2023-10-17T14:12:56.768+0000][709.829s][debug][safepoint     ] Safepoint synchronization initiated. (191 threads)
[2023-10-17T14:12:56.769+0000][709.831s][info ][safepoint     ] Application time: 1.0016241 seconds
[2023-10-17T14:12:56.770+0000][709.831s][info ][safepoint     ] Entering safepoint region: Cleanup
[2023-10-17T14:12:56.771+0000][709.833s][info ][safepoint     ] Leaving safepoint region
[2023-10-17T14:12:56.772+0000][709.833s][info ][safepoint     ] Total time for which application threads were stopped: 0.0020311 seconds, Stopping threads took: 0.0009242 seconds
[2023-10-17T14:12:57.773+0000][710.835s][debug][safepoint     ] Safepoint synchronization initiated. (191 threads)
[2023-10-17T14:12:57.774+0000][710.836s][info ][safepoint     ] Application time: 1.0013058 seconds
[2023-10-17T14:12:57.775+0000][710.836s][info ][safepoint     ] Entering safepoint region: Cleanup
[2023-10-17T14:12:57.776+0000][710.838s][info ][safepoint     ] Leaving safepoint region
[2023-10-17T14:12:57.777+0000][710.838s][info ][safepoint     ] Total time for which application threads were stopped: 0.0020648 seconds, Stopping threads took: 0.0009354 seconds
[2023-10-17T14:12:58.778+0000][711.840s][debug][safepoint     ] Safepoint synchronization initiated. (191 threads)
[2023-10-17T14:12:58.779+0000][711.841s][info ][safepoint     ] Application time: 1.0012558 seconds
[2023-10-17T14:12:58.780+0000][711.842s][info ][safepoint     ] Entering safepoint region: Cleanup
[2023-10-17T14:12:58.781+0000][711.843s][info ][safepoint     ] Leaving safepoint region
[2023-10-17T14:12:58.782+0000][711.843s][info ][safepoint     ] Total time for which application threads were stopped: 0.0019361 seconds, Stopping threads took: 0.0008350 seconds
[2023-10-17T14:12:59.783+0000][712.845s][debug][safepoint     ] Safepoint synchronization initiated. (191 threads)
[2023-10-17T14:12:59.784+0000][712.845s][info ][safepoint     ] Application time: 1.0012121 seconds
[2023-10-17T14:12:59.785+0000][712.846s][info ][safepoint     ] Entering safepoint region: Cleanup
[2023-10-17T14:12:59.786+0000][712.847s][info ][safepoint     ] Leaving safepoint region
[2023-10-17T14:12:59.787+0000][712.848s][info ][safepoint     ] Total time for which application threads were stopped: 0.0016554 seconds, Stopping threads took: 0.0007114 seconds
[2023-10-17T14:13:00.788+0000][713.849s][debug][safepoint     ] Safepoint synchronization initiated. (191 threads)
[2023-10-17T14:13:00.789+0000][713.850s][info ][safepoint     ] Application time: 1.0015848 seconds
[2023-10-17T14:13:00.790+0000][713.851s][info ][safepoint     ] Entering safepoint region: Cleanup
[2023-10-17T14:13:00.791+0000][713.853s][info ][safepoint     ] Leaving safepoint region
[2023-10-17T14:13:00.792+0000][713.854s][info ][safepoint     ] Total time for which application threads were stopped: 0.0024464 seconds, Stopping threads took: 0.0010860 seconds
[2023-10-17T14:13:01.794+0000][714.855s][debug][safepoint     ] Safepoint synchronization initiated. (191 threads)
[2023-10-17T14:13:01.795+0000][714.856s][info ][safepoint     ] Application time: 1.0014086 seconds
[2023-10-17T14:13:01.796+0000][714.857s][info ][safepoint     ] Entering safepoint region: Cleanup
[2023-10-17T14:13:01.797+0000][714.858s][info ][safepoint     ] Leaving safepoint region
[2023-10-17T14:13:01.798+0000][714.859s][info ][safepoint     ] Total time for which application threads were stopped: 0.0017057 seconds, Stopping threads took: 0.0006217 seconds
[2023-10-17T14:13:02.799+0000][715.860s][debug][safepoint     ] Safepoint synchronization initiated. (191 threads)
[2023-10-17T14:13:02.800+0000][715.861s][info ][safepoint     ] Application time: 1.0011883 seconds
[2023-10-17T14:13:02.801+0000][715.862s][info ][safepoint     ] Entering safepoint region: Cleanup
[2023-10-17T14:13:02.802+0000][715.863s][info ][safepoint     ] Leaving safepoint region
[2023-10-17T14:13:02.802+0000][715.864s][info ][safepoint     ] Total time for which application threads were stopped: 0.0019570 seconds, Stopping threads took: 0.0008199 seconds
[2023-10-17T14:13:03.804+0000][716.865s][debug][safepoint     ] Safepoint synchronization initiated. (191 threads)
[2023-10-17T14:13:03.805+0000][716.866s][info ][safepoint     ] Application time: 1.0014139 seconds
[2023-10-17T14:13:03.806+0000][716.867s][info ][safepoint     ] Entering safepoint region: Cleanup
[2023-10-17T14:13:03.807+0000][716.869s][info ][safepoint     ] Leaving safepoint region
[2023-10-17T14:13:03.809+0000][716.870s][info ][safepoint     ] Total time for which application threads were stopped: 0.0027321 seconds, Stopping threads took: 0.0011002 seconds
[2023-10-17T14:13:04.810+0000][717.871s][debug][safepoint     ] Safepoint synchronization initiated. (191 threads)
[2023-10-17T14:13:04.811+0000][717.872s][info ][safepoint     ] Application time: 1.0009652 seconds
[2023-10-17T14:13:04.811+0000][717.873s][info ][safepoint     ] Entering safepoint region: Cleanup
[2023-10-17T14:13:04.812+0000][717.874s][info ][safepoint     ] Leaving safepoint region
[2023-10-17T14:13:04.813+0000][717.874s][info ][safepoint     ] Total time for which application threads were stopped: 0.0016944 seconds, Stopping threads took: 0.0008412 seconds
[2023-10-17T14:13:05.814+0000][718.875s][debug][safepoint     ] Safepoint synchronization initiated. (191 threads)
[2023-10-17T14:13:05.815+0000][718.876s][info ][safepoint     ] Application time: 1.0012783 seconds
[2023-10-17T14:13:05.816+0000][718.877s][info ][safepoint     ] Entering safepoint region: Cleanup
[2023-10-17T14:13:05.817+0000][718.878s][info ][safepoint     ] Leaving safepoint region
[2023-10-17T14:13:05.818+0000][718.879s][info ][safepoint     ] Total time for which application threads were stopped: 0.0017461 seconds, Stopping threads took: 0.0007475 seconds
[2023-10-17T14:13:06.819+0000][719.880s][debug][safepoint     ] Safepoint synchronization initiated. (191 threads)
[2023-10-17T14:13:06.820+0000][719.881s][info ][safepoint     ] Application time: 1.0013720 seconds
[2023-10-17T14:13:06.821+0000][719.882s][info ][safepoint     ] Entering safepoint region: Cleanup
[2023-10-17T14:13:06.822+0000][719.883s][info ][safepoint     ] Leaving safepoint region
[2023-10-17T14:13:06.823+0000][719.884s][info ][safepoint     ] Total time for which application threads were stopped: 0.0020717 seconds, Stopping threads took: 0.0008595 seconds
[2023-10-17T14:13:07.824+0000][720.885s][debug][safepoint     ] Safepoint synchronization initiated. (191 threads)
[2023-10-17T14:13:07.825+0000][720.886s][info ][safepoint     ] Application time: 1.0011317 seconds
[2023-10-17T14:13:07.825+0000][720.887s][info ][safepoint     ] Entering safepoint region: Cleanup
[2023-10-17T14:13:07.826+0000][720.888s][info ][safepoint     ] Leaving safepoint region
[2023-10-17T14:13:07.827+0000][720.888s][info ][safepoint     ] Total time for which application threads were stopped: 0.0018781 seconds, Stopping threads took: 0.0007384 seconds
[2023-10-17T14:13:08.829+0000][721.890s][debug][safepoint     ] Safepoint synchronization initiated. (191 threads)
[2023-10-17T14:13:08.830+0000][721.891s][info ][safepoint     ] Application time: 1.0015628 seconds
[2023-10-17T14:13:08.831+0000][721.892s][info ][safepoint     ] Entering safepoint region: Cleanup
[2023-10-17T14:13:08.832+0000][721.893s][info ][safepoint     ] Leaving safepoint region
[2023-10-17T14:13:08.833+0000][721.894s][info ][safepoint     ] Total time for which application threads were stopped: 0.0020726 seconds, Stopping threads took: 0.0009898 seconds
[2023-10-17T14:13:09.834+0000][722.895s][debug][safepoint     ] Safepoint synchronization initiated. (191 threads)
[2023-10-17T14:13:09.835+0000][722.896s][info ][safepoint     ] Application time: 1.0019023 seconds
[2023-10-17T14:13:09.836+0000][722.897s][info ][safepoint     ] Entering safepoint region: Cleanup
[2023-10-17T14:13:09.837+0000][722.898s][info ][safepoint     ] Leaving safepoint region
[2023-10-17T14:13:09.838+0000][722.899s][info ][safepoint     ] Total time for which application threads were stopped: 0.0018284 seconds, Stopping threads took: 0.0008530 seconds
[2023-10-17T14:13:10.839+0000][723.900s][debug][safepoint     ] Safepoint synchronization initiated. (191 threads)
[2023-10-17T14:13:10.841+0000][723.902s][info ][safepoint     ] Application time: 1.0017407 seconds
[2023-10-17T14:13:10.842+0000][723.903s][info ][safepoint     ] Entering safepoint region: Cleanup
[2023-10-17T14:13:10.843+0000][723.905s][info ][safepoint     ] Leaving safepoint region
[2023-10-17T14:13:10.845+0000][723.906s][info ][safepoint     ] Total time for which application threads were stopped: 0.0027916 seconds, Stopping threads took: 0.0012021 seconds
[2023-10-17T14:13:11.846+0000][724.907s][debug][safepoint     ] Safepoint synchronization initiated. (191 threads)
[2023-10-17T14:13:11.847+0000][724.909s][info ][safepoint     ] Application time: 1.0019780 seconds
[2023-10-17T14:13:11.848+0000][724.910s][info ][safepoint     ] Entering safepoint region: Cleanup
[2023-10-17T14:13:11.849+0000][724.911s][info ][safepoint     ] Leaving safepoint region
[2023-10-17T14:13:11.850+0000][724.911s][info ][safepoint     ] Total time for which application threads were stopped: 0.0019201 seconds, Stopping threads took: 0.0008493 seconds
[2023-10-17T14:13:12.851+0000][725.913s][debug][safepoint     ] Safepoint synchronization initiated. (191 threads)
[2023-10-17T14:13:12.853+0000][725.914s][info ][safepoint     ] Application time: 1.0018341 seconds
[2023-10-17T14:13:12.854+0000][725.915s][info ][safepoint     ] Entering safepoint region: Cleanup
[2023-10-17T14:13:12.855+0000][725.917s][info ][safepoint     ] Leaving safepoint region
[2023-10-17T14:13:12.856+0000][725.917s][info ][safepoint     ] Total time for which application threads were stopped: 0.0021677 seconds, Stopping threads took: 0.0010964 seconds
[2023-10-17T14:13:13.857+0000][726.919s][debug][safepoint     ] Safepoint synchronization initiated. (191 threads)
[2023-10-17T14:13:13.858+0000][726.920s][info ][safepoint     ] Application time: 1.0014841 seconds
[2023-10-17T14:13:13.859+0000][726.921s][info ][safepoint     ] Entering safepoint region: Cleanup
[2023-10-17T14:13:13.861+0000][726.922s][info ][safepoint     ] Leaving safepoint region
[2023-10-17T14:13:13.862+0000][726.923s][info ][safepoint     ] Total time for which application threads were stopped: 0.0021853 seconds, Stopping threads took: 0.0009119 seconds
[2023-10-17T14:13:14.863+0000][727.924s][debug][safepoint     ] Safepoint synchronization initiated. (191 threads)
[2023-10-17T14:13:14.864+0000][727.925s][info ][safepoint     ] Application time: 1.0014459 seconds
[2023-10-17T14:13:14.865+0000][727.926s][info ][safepoint     ] Entering safepoint region: Cleanup
[2023-10-17T14:13:14.866+0000][727.927s][info ][safepoint     ] Leaving safepoint region
[2023-10-17T14:13:14.867+0000][727.928s][info ][safepoint     ] Total time for which application threads were stopped: 0.0023101 seconds, Stopping threads took: 0.0009728 seconds
[2023-10-17T14:13:15.868+0000][728.929s][debug][safepoint     ] Safepoint synchronization initiated. (191 threads)
[2023-10-17T14:13:15.869+0000][728.930s][info ][safepoint     ] Application time: 1.0012170 seconds
[2023-10-17T14:13:15.870+0000][728.931s][info ][safepoint     ] Entering safepoint region: Cleanup
[2023-10-17T14:13:15.871+0000][728.932s][info ][safepoint     ] Leaving safepoint region
[2023-10-17T14:13:15.872+0000][728.933s][info ][safepoint     ] Total time for which application threads were stopped: 0.0019008 seconds, Stopping threads took: 0.0007742 seconds
[2023-10-17T14:13:16.873+0000][729.934s][debug][safepoint     ] Safepoint synchronization initiated. (191 threads)
[2023-10-17T14:13:16.874+0000][729.935s][info ][safepoint     ] Application time: 1.0018050 seconds
[2023-10-17T14:13:16.875+0000][729.937s][info ][safepoint     ] Entering safepoint region: Cleanup
[2023-10-17T14:13:16.877+0000][729.938s][info ][safepoint     ] Leaving safepoint region
[2023-10-17T14:13:16.878+0000][729.939s][info ][safepoint     ] Total time for which application threads were stopped: 0.0025307 seconds, Stopping threads took: 0.0010478 seconds
[2023-10-17T14:13:17.879+0000][730.940s][debug][safepoint     ] Safepoint synchronization initiated. (191 threads)
[2023-10-17T14:13:17.880+0000][730.941s][info ][safepoint     ] Application time: 1.0009895 seconds
[2023-10-17T14:13:17.881+0000][730.942s][info ][safepoint     ] Entering safepoint region: Cleanup
[2023-10-17T14:13:17.883+0000][730.944s][info ][safepoint     ] Leaving safepoint region
[2023-10-17T14:13:17.884+0000][730.945s][info ][safepoint     ] Total time for which application threads were stopped: 0.0030289 seconds, Stopping threads took: 0.0012342 seconds
[2023-10-17T14:13:18.885+0000][731.946s][debug][safepoint     ] Safepoint synchronization initiated. (191 threads)
[2023-10-17T14:13:18.886+0000][731.947s][info ][safepoint     ] Application time: 1.0013342 seconds
[2023-10-17T14:13:18.887+0000][731.948s][info ][safepoint     ] Entering safepoint region: Cleanup
[2023-10-17T14:13:18.889+0000][731.951s][info ][safepoint     ] Leaving safepoint region
[2023-10-17T14:13:18.890+0000][731.952s][info ][safepoint     ] Total time for which application threads were stopped: 0.0037121 seconds, Stopping threads took: 0.0011856 seconds
[2023-10-17T14:13:19.891+0000][732.953s][debug][safepoint     ] Safepoint synchronization initiated. (191 threads)
[2023-10-17T14:13:19.893+0000][732.954s][info ][safepoint     ] Application time: 1.0014976 seconds
[2023-10-17T14:13:19.894+0000][732.955s][info ][safepoint     ] Entering safepoint region: Cleanup
[2023-10-17T14:13:19.895+0000][732.957s][info ][safepoint     ] Leaving safepoint region
[2023-10-17T14:13:19.897+0000][732.958s][info ][safepoint     ] Total time for which application threads were stopped: 0.0027986 seconds, Stopping threads took: 0.0010582 seconds
[2023-10-17T14:13:20.898+0000][733.959s][debug][safepoint     ] Safepoint synchronization initiated. (191 threads)
[2023-10-17T14:13:20.899+0000][733.960s][info ][safepoint     ] Application time: 1.0011246 seconds
[2023-10-17T14:13:20.899+0000][733.961s][info ][safepoint     ] Entering safepoint region: Cleanup
[2023-10-17T14:13:20.900+0000][733.962s][info ][safepoint     ] Leaving safepoint region
[2023-10-17T14:13:20.901+0000][733.963s][info ][safepoint     ] Total time for which application threads were stopped: 0.0017809 seconds, Stopping threads took: 0.0007518 seconds
[2023-10-17T14:13:21.902+0000][734.964s][debug][safepoint     ] Safepoint synchronization initiated. (191 threads)
[2023-10-17T14:13:21.903+0000][734.965s][info ][safepoint     ] Application time: 1.0011501 seconds
[2023-10-17T14:13:21.904+0000][734.966s][info ][safepoint     ] Entering safepoint region: Cleanup
[2023-10-17T14:13:21.905+0000][734.967s][info ][safepoint     ] Leaving safepoint region
[2023-10-17T14:13:21.906+0000][734.968s][info ][safepoint     ] Total time for which application threads were stopped: 0.0018303 seconds, Stopping threads took: 0.0008616 seconds
[2023-10-17T14:13:22.907+0000][735.969s][debug][safepoint     ] Safepoint synchronization initiated. (191 threads)
[2023-10-17T14:13:22.908+0000][735.970s][info ][safepoint     ] Application time: 1.0013043 seconds
[2023-10-17T14:13:22.909+0000][735.971s][info ][safepoint     ] Entering safepoint region: Cleanup
[2023-10-17T14:13:22.911+0000][735.972s][info ][safepoint     ] Leaving safepoint region
[2023-10-17T14:13:22.911+0000][735.973s][info ][safepoint     ] Total time for which application threads were stopped: 0.0020722 seconds, Stopping threads took: 0.0008904 seconds
[2023-10-17T14:13:23.913+0000][736.974s][debug][safepoint     ] Safepoint synchronization initiated. (191 threads)
[2023-10-17T14:13:23.913+0000][736.975s][info ][safepoint     ] Application time: 1.0013138 seconds
[2023-10-17T14:13:23.914+0000][736.976s][info ][safepoint     ] Entering safepoint region: Cleanup
[2023-10-17T14:13:23.916+0000][736.978s][info ][safepoint     ] Leaving safepoint region
[2023-10-17T14:13:23.917+0000][736.978s][info ][safepoint     ] Total time for which application threads were stopped: 0.0023567 seconds, Stopping threads took: 0.0010832 seconds
[2023-10-17T14:13:24.918+0000][737.979s][debug][safepoint     ] Safepoint synchronization initiated. (191 threads)
[2023-10-17T14:13:24.919+0000][737.980s][info ][safepoint     ] Application time: 1.0012353 seconds
[2023-10-17T14:13:24.920+0000][737.982s][info ][safepoint     ] Entering safepoint region: Cleanup
[2023-10-17T14:13:24.921+0000][737.983s][info ][safepoint     ] Leaving safepoint region
[2023-10-17T14:13:24.922+0000][737.984s][info ][safepoint     ] Total time for which application threads were stopped: 0.0020660 seconds, Stopping threads took: 0.0009714 seconds
[2023-10-17T14:13:25.923+0000][738.985s][debug][safepoint     ] Safepoint synchronization initiated. (191 threads)
[2023-10-17T14:13:25.924+0000][738.986s][info ][safepoint     ] Application time: 1.0017420 seconds
[2023-10-17T14:13:25.925+0000][738.987s][debug][safepoint     ] ... found polling page return exception at pc = 0x00007fc1a54f0798, stub =0x00007fc19c840600
[2023-10-17T14:13:25.926+0000][738.988s][debug][safepoint     ] Waiting for 1 thread(s) to block
[2023-10-17T14:13:25.927+0000][738.989s][info ][safepoint     ] Entering safepoint region: Cleanup
[2023-10-17T14:13:25.929+0000][738.991s][info ][safepoint     ] Leaving safepoint region
[2023-10-17T14:13:25.930+0000][738.992s][info ][safepoint     ] Total time for which application threads were stopped: 0.0046268 seconds, Stopping threads took: 0.0031489 seconds
[2023-10-17T14:13:26.931+0000][739.993s][debug][safepoint     ] Safepoint synchronization initiated. (191 threads)
[2023-10-17T14:13:26.932+0000][739.993s][info ][safepoint     ] Application time: 1.0008065 seconds
[2023-10-17T14:13:26.933+0000][739.994s][info ][safepoint     ] Entering safepoint region: Cleanup
[2023-10-17T14:13:26.934+0000][739.996s][info ][safepoint     ] Leaving safepoint region
[2023-10-17T14:13:26.935+0000][739.996s][info ][safepoint     ] Total time for which application threads were stopped: 0.0023607 seconds, Stopping threads took: 0.0010205 seconds
[2023-10-17T14:13:27.936+0000][740.997s][debug][safepoint     ] Safepoint synchronization initiated. (191 threads)
[2023-10-17T14:13:27.937+0000][740.998s][info ][safepoint     ] Application time: 1.0012810 seconds
[2023-10-17T14:13:27.938+0000][740.999s][info ][safepoint     ] Entering safepoint region: Cleanup
[2023-10-17T14:13:27.939+0000][741.000s][info ][safepoint     ] Leaving safepoint region
[2023-10-17T14:13:27.939+0000][741.001s][info ][safepoint     ] Total time for which application threads were stopped: 0.0018564 seconds, Stopping threads took: 0.0007969 seconds
[2023-10-17T14:13:28.940+0000][742.002s][debug][safepoint     ] Safepoint synchronization initiated. (191 threads)
[2023-10-17T14:13:28.941+0000][742.003s][info ][safepoint     ] Application time: 1.0012641 seconds
[2023-10-17T14:13:28.942+0000][742.004s][info ][safepoint     ] Entering safepoint region: Cleanup
[2023-10-17T14:13:28.943+0000][742.005s][info ][safepoint     ] Leaving safepoint region
[2023-10-17T14:13:28.944+0000][742.006s][info ][safepoint     ] Total time for which application threads were stopped: 0.0018756 seconds, Stopping threads took: 0.0008085 seconds
[2023-10-17T14:13:29.945+0000][743.007s][debug][safepoint     ] Safepoint synchronization initiated. (191 threads)
[2023-10-17T14:13:29.946+0000][743.008s][info ][safepoint     ] Application time: 1.0014341 seconds
[2023-10-17T14:13:29.948+0000][743.009s][info ][safepoint     ] Entering safepoint region: Cleanup
[2023-10-17T14:13:29.949+0000][743.011s][info ][safepoint     ] Leaving safepoint region
[2023-10-17T14:13:29.951+0000][743.013s][info ][safepoint     ] Total time for which application threads were stopped: 0.0036002 seconds, Stopping threads took: 0.0014144 seconds
[2023-10-17T14:13:30.953+0000][744.015s][debug][safepoint     ] Safepoint synchronization initiated. (191 threads)
[2023-10-17T14:13:30.954+0000][744.016s][info ][safepoint     ] Application time: 1.0014250 seconds
[2023-10-17T14:13:30.955+0000][744.017s][info ][safepoint     ] Entering safepoint region: Cleanup
[2023-10-17T14:13:30.956+0000][744.018s][info ][safepoint     ] Leaving safepoint region
[2023-10-17T14:13:30.957+0000][744.019s][info ][safepoint     ] Total time for which application threads were stopped: 0.0018503 seconds, Stopping threads took: 0.0008997 seconds
[2023-10-17T14:13:31.959+0000][745.020s][debug][safepoint     ] Safepoint synchronization initiated. (191 threads)
[2023-10-17T14:13:31.960+0000][745.021s][info ][safepoint     ] Application time: 1.0017783 seconds
[2023-10-17T14:13:31.961+0000][745.022s][info ][safepoint     ] Entering safepoint region: Cleanup
[2023-10-17T14:13:31.962+0000][745.023s][info ][safepoint     ] Leaving safepoint region
[2023-10-17T14:13:31.962+0000][745.024s][info ][safepoint     ] Total time for which application threads were stopped: 0.0015423 seconds, Stopping threads took: 0.0006811 seconds
[2023-10-17T14:13:32.963+0000][746.025s][debug][safepoint     ] Safepoint synchronization initiated. (191 threads)
[2023-10-17T14:13:32.964+0000][746.026s][info ][safepoint     ] Application time: 1.0011986 seconds
[2023-10-17T14:13:32.965+0000][746.027s][info ][safepoint     ] Entering safepoint region: Cleanup
[2023-10-17T14:13:32.966+0000][746.028s][info ][safepoint     ] Leaving safepoint region
[2023-10-17T14:13:32.967+0000][746.028s][info ][safepoint     ] Total time for which application threads were stopped: 0.0018230 seconds, Stopping threads took: 0.0007279 seconds
[2023-10-17T14:13:33.968+0000][747.030s][debug][safepoint     ] Safepoint synchronization initiated. (191 threads)
[2023-10-17T14:13:33.970+0000][747.031s][info ][safepoint     ] Application time: 1.0016680 seconds
[2023-10-17T14:13:33.971+0000][747.032s][info ][safepoint     ] Entering safepoint region: Cleanup
[2023-10-17T14:13:33.972+0000][747.034s][info ][safepoint     ] Leaving safepoint region
[2023-10-17T14:13:33.973+0000][747.035s][info ][safepoint     ] Total time for which application threads were stopped: 0.0023053 seconds, Stopping threads took: 0.0010028 seconds
[2023-10-17T14:13:34.974+0000][748.036s][debug][safepoint     ] Safepoint synchronization initiated. (191 threads)
[2023-10-17T14:13:34.975+0000][748.037s][info ][safepoint     ] Application time: 1.0015245 seconds
[2023-10-17T14:13:34.977+0000][748.038s][info ][safepoint     ] Entering safepoint region: Cleanup
[2023-10-17T14:13:34.978+0000][748.039s][info ][safepoint     ] Leaving safepoint region
[2023-10-17T14:13:34.979+0000][748.040s][info ][safepoint     ] Total time for which application threads were stopped: 0.0021662 seconds, Stopping threads took: 0.0009790 seconds
[2023-10-17T14:13:35.980+0000][749.041s][debug][safepoint     ] Safepoint synchronization initiated. (191 threads)
[2023-10-17T14:13:35.980+0000][749.042s][info ][safepoint     ] Application time: 1.0013028 seconds
[2023-10-17T14:13:35.981+0000][749.043s][info ][safepoint     ] Entering safepoint region: Cleanup
[2023-10-17T14:13:35.982+0000][749.044s][info ][safepoint     ] Leaving safepoint region
[2023-10-17T14:13:35.983+0000][749.045s][info ][safepoint     ] Total time for which application threads were stopped: 0.0017451 seconds, Stopping threads took: 0.0007493 seconds
[2023-10-17T14:13:35.982+0000][749.044s][debug][safepoint     ] ... found polling page return exception at pc = 0x00007fc1a54a9604, stub =0x00007fc19c840600
[2023-10-17T14:13:36.984+0000][750.046s][debug][safepoint     ] Safepoint synchronization initiated. (191 threads)
[2023-10-17T14:13:36.985+0000][750.047s][info ][safepoint     ] Application time: 1.0012258 seconds
[2023-10-17T14:13:36.986+0000][750.047s][info ][safepoint     ] Entering safepoint region: Cleanup
[2023-10-17T14:13:36.987+0000][750.049s][info ][safepoint     ] Leaving safepoint region
[2023-10-17T14:13:36.988+0000][750.050s][info ][safepoint     ] Total time for which application threads were stopped: 0.0023669 seconds, Stopping threads took: 0.0011446 seconds
[2023-10-17T14:13:37.989+0000][751.051s][debug][safepoint     ] Safepoint synchronization initiated. (191 threads)
[2023-10-17T14:13:37.990+0000][751.052s][info ][safepoint     ] Application time: 1.0013541 seconds
[2023-10-17T14:13:37.991+0000][751.053s][info ][safepoint     ] Entering safepoint region: Cleanup
[2023-10-17T14:13:37.992+0000][751.054s][info ][safepoint     ] Leaving safepoint region
[2023-10-17T14:13:37.993+0000][751.055s][info ][safepoint     ] Total time for which application threads were stopped: 0.0021797 seconds, Stopping threads took: 0.0009468 seconds
[2023-10-17T14:13:38.995+0000][752.056s][debug][safepoint     ] Safepoint synchronization initiated. (191 threads)
[2023-10-17T14:13:38.996+0000][752.057s][info ][safepoint     ] Application time: 1.0013987 seconds
[2023-10-17T14:13:38.996+0000][752.058s][info ][safepoint     ] Entering safepoint region: Cleanup
[2023-10-17T14:13:38.998+0000][752.059s][info ][safepoint     ] Leaving safepoint region
[2023-10-17T14:13:38.999+0000][752.060s][info ][safepoint     ] Total time for which application threads were stopped: 0.0021774 seconds, Stopping threads took: 0.0008997 seconds
[2023-10-17T14:13:40.000+0000][753.061s][debug][safepoint     ] Safepoint synchronization initiated. (191 threads)
[2023-10-17T14:13:40.001+0000][753.062s][info ][safepoint     ] Application time: 1.0014296 seconds
[2023-10-17T14:13:40.002+0000][753.064s][info ][safepoint     ] Entering safepoint region: Cleanup
[2023-10-17T14:13:40.003+0000][753.065s][info ][safepoint     ] Leaving safepoint region
[2023-10-17T14:13:40.004+0000][753.066s][info ][safepoint     ] Total time for which application threads were stopped: 0.0023662 seconds, Stopping threads took: 0.0010742 seconds
[2023-10-17T14:13:41.005+0000][754.067s][debug][safepoint     ] Safepoint synchronization initiated. (191 threads)
[2023-10-17T14:13:41.006+0000][754.068s][info ][safepoint     ] Application time: 1.0011243 seconds
[2023-10-17T14:13:41.007+0000][754.069s][info ][safepoint     ] Entering safepoint region: Cleanup
[2023-10-17T14:13:41.008+0000][754.070s][info ][safepoint     ] Leaving safepoint region
[2023-10-17T14:13:41.009+0000][754.070s][info ][safepoint     ] Total time for which application threads were stopped: 0.0019083 seconds, Stopping threads took: 0.0007887 seconds
[2023-10-17T14:13:42.010+0000][755.072s][debug][safepoint     ] Safepoint synchronization initiated. (191 threads)
[2023-10-17T14:13:42.011+0000][755.073s][info ][safepoint     ] Application time: 1.0013925 seconds
[2023-10-17T14:13:42.012+0000][755.073s][info ][safepoint     ] Entering safepoint region: Cleanup
[2023-10-17T14:13:42.013+0000][755.074s][info ][safepoint     ] Leaving safepoint region
[2023-10-17T14:13:42.014+0000][755.075s][info ][safepoint     ] Total time for which application threads were stopped: 0.0019655 seconds, Stopping threads took: 0.0006069 seconds
[2023-10-17T14:13:43.015+0000][756.077s][debug][safepoint     ] Safepoint synchronization initiated. (191 threads)
[2023-10-17T14:13:43.016+0000][756.078s][info ][safepoint     ] Application time: 1.0013784 seconds
[2023-10-17T14:13:43.017+0000][756.079s][info ][safepoint     ] Entering safepoint region: Cleanup
[2023-10-17T14:13:43.019+0000][756.080s][info ][safepoint     ] Leaving safepoint region
[2023-10-17T14:13:43.019+0000][756.081s][info ][safepoint     ] Total time for which application threads were stopped: 0.0022779 seconds, Stopping threads took: 0.0011216 seconds
[2023-10-17T14:13:44.021+0000][757.082s][debug][safepoint     ] Safepoint synchronization initiated. (191 threads)
[2023-10-17T14:13:44.022+0000][757.083s][info ][safepoint     ] Application time: 1.0012663 seconds
[2023-10-17T14:13:44.023+0000][757.084s][info ][safepoint     ] Entering safepoint region: Cleanup
[2023-10-17T14:13:44.024+0000][757.085s][info ][safepoint     ] Leaving safepoint region
[2023-10-17T14:13:44.025+0000][757.086s][info ][safepoint     ] Total time for which application threads were stopped: 0.0019816 seconds, Stopping threads took: 0.0008697 seconds
[2023-10-17T14:13:45.026+0000][758.087s][debug][safepoint     ] Safepoint synchronization initiated. (190 threads)
[2023-10-17T14:13:45.026+0000][758.088s][info ][safepoint     ] Application time: 1.0011112 seconds
[2023-10-17T14:13:45.027+0000][758.089s][info ][safepoint     ] Entering safepoint region: Cleanup
[2023-10-17T14:13:45.028+0000][758.090s][info ][safepoint     ] Leaving safepoint region
[2023-10-17T14:13:45.029+0000][758.091s][info ][safepoint     ] Total time for which application threads were stopped: 0.0020886 seconds, Stopping threads took: 0.0008512 seconds
[2023-10-17T14:13:46.030+0000][759.092s][debug][safepoint     ] Safepoint synchronization initiated. (190 threads)
[2023-10-17T14:13:46.031+0000][759.093s][info ][safepoint     ] Application time: 1.0013448 seconds
[2023-10-17T14:13:46.032+0000][759.094s][info ][safepoint     ] Entering safepoint region: Cleanup
[2023-10-17T14:13:46.034+0000][759.095s][info ][safepoint     ] Leaving safepoint region
[2023-10-17T14:13:46.035+0000][759.096s][info ][safepoint     ] Total time for which application threads were stopped: 0.0022733 seconds, Stopping threads took: 0.0009970 seconds
[2023-10-17T14:13:47.036+0000][760.097s][debug][safepoint     ] Safepoint synchronization initiated. (190 threads)
[2023-10-17T14:13:47.037+0000][760.099s][info ][safepoint     ] Application time: 1.0014876 seconds
[2023-10-17T14:13:47.038+0000][760.100s][info ][safepoint     ] Entering safepoint region: Cleanup
[2023-10-17T14:13:47.039+0000][760.101s][info ][safepoint     ] Leaving safepoint region
[2023-10-17T14:13:47.040+0000][760.102s][info ][safepoint     ] Total time for which application threads were stopped: 0.0025392 seconds, Stopping threads took: 0.0011447 seconds
[2023-10-17T14:13:48.042+0000][761.103s][debug][safepoint     ] Safepoint synchronization initiated. (190 threads)
[2023-10-17T14:13:48.043+0000][761.105s][info ][safepoint     ] Application time: 1.0014365 seconds
[2023-10-17T14:13:48.044+0000][761.106s][info ][safepoint     ] Entering safepoint region: Cleanup
[2023-10-17T14:13:48.045+0000][761.107s][info ][safepoint     ] Leaving safepoint region
[2023-10-17T14:13:48.046+0000][761.108s][info ][safepoint     ] Total time for which application threads were stopped: 0.0023337 seconds, Stopping threads took: 0.0010332 seconds
[2023-10-17T14:13:49.047+0000][762.109s][debug][safepoint     ] Safepoint synchronization initiated. (190 threads)
[2023-10-17T14:13:49.049+0000][762.110s][info ][safepoint     ] Application time: 1.0014447 seconds
[2023-10-17T14:13:49.050+0000][762.111s][info ][safepoint     ] Entering safepoint region: Cleanup
[2023-10-17T14:13:49.051+0000][762.113s][info ][safepoint     ] Leaving safepoint region
[2023-10-17T14:13:49.052+0000][762.114s][info ][safepoint     ] Total time for which application threads were stopped: 0.0023555 seconds, Stopping threads took: 0.0010337 seconds
[2023-10-17T14:13:50.053+0000][763.115s][debug][safepoint     ] Safepoint synchronization initiated. (190 threads)
[2023-10-17T14:13:50.055+0000][763.116s][info ][safepoint     ] Application time: 1.0016474 seconds
[2023-10-17T14:13:50.056+0000][763.117s][info ][safepoint     ] Entering safepoint region: Cleanup
[2023-10-17T14:13:50.057+0000][763.119s][info ][safepoint     ] Leaving safepoint region
[2023-10-17T14:13:50.058+0000][763.120s][info ][safepoint     ] Total time for which application threads were stopped: 0.0024189 seconds, Stopping threads took: 0.0009648 seconds
[2023-10-17T14:13:51.059+0000][764.121s][debug][safepoint     ] Safepoint synchronization initiated. (190 threads)
[2023-10-17T14:13:51.060+0000][764.122s][info ][safepoint     ] Application time: 1.0013770 seconds
[2023-10-17T14:13:51.061+0000][764.123s][info ][safepoint     ] Entering safepoint region: Cleanup
[2023-10-17T14:13:51.062+0000][764.124s][info ][safepoint     ] Leaving safepoint region
[2023-10-17T14:13:51.063+0000][764.125s][info ][safepoint     ] Total time for which application threads were stopped: 0.0018481 seconds, Stopping threads took: 0.0007873 seconds
[2023-10-17T14:13:52.064+0000][765.126s][debug][safepoint     ] Safepoint synchronization initiated. (190 threads)
[2023-10-17T14:13:52.065+0000][765.127s][info ][safepoint     ] Application time: 1.0012528 seconds
[2023-10-17T14:13:52.066+0000][765.128s][info ][safepoint     ] Entering safepoint region: Cleanup
[2023-10-17T14:13:52.067+0000][765.129s][info ][safepoint     ] Leaving safepoint region
[2023-10-17T14:13:52.068+0000][765.130s][info ][safepoint     ] Total time for which application threads were stopped: 0.0019510 seconds, Stopping threads took: 0.0008337 seconds
[2023-10-17T14:13:53.070+0000][766.131s][debug][safepoint     ] Safepoint synchronization initiated. (189 threads)
[2023-10-17T14:13:53.071+0000][766.132s][info ][safepoint     ] Application time: 1.0014635 seconds
[2023-10-17T14:13:53.071+0000][766.133s][info ][safepoint     ] Entering safepoint region: Cleanup
[2023-10-17T14:13:53.073+0000][766.134s][info ][safepoint     ] Leaving safepoint region
[2023-10-17T14:13:53.073+0000][766.135s][info ][safepoint     ] Total time for which application threads were stopped: 0.0020965 seconds, Stopping threads took: 0.0009273 seconds
[2023-10-17T14:13:54.075+0000][767.137s][debug][safepoint     ] Safepoint synchronization initiated. (189 threads)
[2023-10-17T14:13:54.076+0000][767.138s][info ][safepoint     ] Application time: 1.0015625 seconds
[2023-10-17T14:13:54.077+0000][767.139s][info ][safepoint     ] Entering safepoint region: Cleanup
[2023-10-17T14:13:54.079+0000][767.140s][info ][safepoint     ] Leaving safepoint region
[2023-10-17T14:13:54.080+0000][767.141s][info ][safepoint     ] Total time for which application threads were stopped: 0.0025180 seconds, Stopping threads took: 0.0011232 seconds
[2023-10-17T14:13:55.081+0000][768.142s][debug][safepoint     ] Safepoint synchronization initiated. (189 threads)
[2023-10-17T14:13:55.082+0000][768.144s][info ][safepoint     ] Application time: 1.0014435 seconds
[2023-10-17T14:13:55.083+0000][768.145s][info ][safepoint     ] Entering safepoint region: Cleanup
[2023-10-17T14:13:55.084+0000][768.146s][info ][safepoint     ] Leaving safepoint region
[2023-10-17T14:13:55.086+0000][768.147s][info ][safepoint     ] Total time for which application threads were stopped: 0.0026064 seconds, Stopping threads took: 0.0011001 seconds
[2023-10-17T14:13:56.087+0000][769.148s][debug][safepoint     ] Safepoint synchronization initiated. (189 threads)
[2023-10-17T14:13:56.088+0000][769.150s][info ][safepoint     ] Application time: 1.0011750 seconds
[2023-10-17T14:13:56.089+0000][769.150s][info ][safepoint     ] Entering safepoint region: Cleanup
[2023-10-17T14:13:56.090+0000][769.151s][info ][safepoint     ] Leaving safepoint region
[2023-10-17T14:13:56.090+0000][769.152s][info ][safepoint     ] Total time for which application threads were stopped: 0.0017690 seconds, Stopping threads took: 0.0008594 seconds
[2023-10-17T14:13:57.091+0000][770.153s][debug][safepoint     ] Safepoint synchronization initiated. (189 threads)
[2023-10-17T14:13:57.092+0000][770.154s][info ][safepoint     ] Application time: 1.0013385 seconds
[2023-10-17T14:13:57.093+0000][770.155s][info ][safepoint     ] Entering safepoint region: Cleanup
[2023-10-17T14:13:57.095+0000][770.156s][info ][safepoint     ] Leaving safepoint region
[2023-10-17T14:13:57.095+0000][770.157s][info ][safepoint     ] Total time for which application threads were stopped: 0.0021388 seconds, Stopping threads took: 0.0009259 seconds
[2023-10-17T14:13:58.097+0000][771.158s][debug][safepoint     ] Safepoint synchronization initiated. (189 threads)
[2023-10-17T14:13:58.097+0000][771.159s][info ][safepoint     ] Application time: 1.0012373 seconds
[2023-10-17T14:13:58.098+0000][771.160s][info ][safepoint     ] Entering safepoint region: Cleanup
[2023-10-17T14:13:58.100+0000][771.162s][info ][safepoint     ] Leaving safepoint region
[2023-10-17T14:13:58.101+0000][771.163s][info ][safepoint     ] Total time for which application threads were stopped: 0.0029425 seconds, Stopping threads took: 0.0014034 seconds
[2023-10-17T14:13:59.103+0000][772.164s][debug][safepoint     ] Safepoint synchronization initiated. (189 threads)
[2023-10-17T14:13:59.103+0000][772.165s][info ][safepoint     ] Application time: 1.0009868 seconds
[2023-10-17T14:13:59.104+0000][772.166s][info ][safepoint     ] Entering safepoint region: Cleanup
[2023-10-17T14:13:59.105+0000][772.167s][info ][safepoint     ] Leaving safepoint region
[2023-10-17T14:13:59.106+0000][772.168s][info ][safepoint     ] Total time for which application threads were stopped: 0.0019337 seconds, Stopping threads took: 0.0008503 seconds
[2023-10-17T14:14:00.107+0000][773.169s][debug][safepoint     ] Safepoint synchronization initiated. (189 threads)
[2023-10-17T14:14:00.108+0000][773.170s][info ][safepoint     ] Application time: 1.0014736 seconds
[2023-10-17T14:14:00.109+0000][773.171s][info ][safepoint     ] Entering safepoint region: Cleanup
[2023-10-17T14:14:00.110+0000][773.172s][info ][safepoint     ] Leaving safepoint region
[2023-10-17T14:14:00.111+0000][773.173s][info ][safepoint     ] Total time for which application threads were stopped: 0.0020964 seconds, Stopping threads took: 0.0008713 seconds
[2023-10-17T14:14:01.112+0000][774.174s][debug][safepoint     ] Safepoint synchronization initiated. (189 threads)
[2023-10-17T14:14:01.113+0000][774.175s][info ][safepoint     ] Application time: 1.0010166 seconds
[2023-10-17T14:14:01.114+0000][774.176s][info ][safepoint     ] Entering safepoint region: Cleanup
[2023-10-17T14:14:01.115+0000][774.177s][info ][safepoint     ] Leaving safepoint region
[2023-10-17T14:14:01.116+0000][774.177s][info ][safepoint     ] Total time for which application threads were stopped: 0.0017637 seconds, Stopping threads took: 0.0007890 seconds
[2023-10-17T14:14:02.117+0000][775.179s][debug][safepoint     ] Safepoint synchronization initiated. (189 threads)
[2023-10-17T14:14:02.118+0000][775.180s][info ][safepoint     ] Application time: 1.0017489 seconds
[2023-10-17T14:14:02.119+0000][775.181s][info ][safepoint     ] Entering safepoint region: Cleanup
[2023-10-17T14:14:02.120+0000][775.182s][info ][safepoint     ] Leaving safepoint region
[2023-10-17T14:14:02.121+0000][775.182s][info ][safepoint     ] Total time for which application threads were stopped: 0.0018046 seconds, Stopping threads took: 0.0007189 seconds
[2023-10-17T14:14:03.122+0000][776.184s][debug][safepoint     ] Safepoint synchronization initiated. (189 threads)
[2023-10-17T14:14:03.123+0000][776.185s][info ][safepoint     ] Application time: 1.0017136 seconds
[2023-10-17T14:14:03.125+0000][776.186s][debug][safepoint     ] Waiting for 4 thread(s) to block
[2023-10-17T14:14:03.126+0000][776.188s][info ][safepoint     ] Entering safepoint region: Cleanup
[2023-10-17T14:14:03.128+0000][776.190s][info ][safepoint     ] Leaving safepoint region
[2023-10-17T14:14:03.129+0000][776.191s][info ][safepoint     ] Total time for which application threads were stopped: 0.0045947 seconds, Stopping threads took: 0.0028984 seconds
[2023-10-17T14:14:04.130+0000][777.192s][debug][safepoint     ] Safepoint synchronization initiated. (189 threads)
[2023-10-17T14:14:04.131+0000][777.193s][info ][safepoint     ] Application time: 1.0010547 seconds
[2023-10-17T14:14:04.132+0000][777.193s][info ][safepoint     ] Entering safepoint region: Cleanup
[2023-10-17T14:14:04.133+0000][777.195s][info ][safepoint     ] Leaving safepoint region
[2023-10-17T14:14:04.134+0000][777.196s][info ][safepoint     ] Total time for which application threads were stopped: 0.0023930 seconds, Stopping threads took: 0.0011761 seconds
[2023-10-17T14:14:05.135+0000][778.197s][debug][safepoint     ] Safepoint synchronization initiated. (189 threads)
[2023-10-17T14:14:05.136+0000][778.198s][info ][safepoint     ] Application time: 1.0013934 seconds
[2023-10-17T14:14:05.137+0000][778.199s][info ][safepoint     ] Entering safepoint region: Cleanup
[2023-10-17T14:14:05.138+0000][778.200s][info ][safepoint     ] Leaving safepoint region
[2023-10-17T14:14:05.139+0000][778.201s][info ][safepoint     ] Total time for which application threads were stopped: 0.0019709 seconds, Stopping threads took: 0.0007321 seconds
[2023-10-17T14:14:06.140+0000][779.202s][debug][safepoint     ] Safepoint synchronization initiated. (189 threads)
[2023-10-17T14:14:06.141+0000][779.203s][info ][safepoint     ] Application time: 1.0012921 seconds
[2023-10-17T14:14:06.142+0000][779.204s][info ][safepoint     ] Entering safepoint region: Cleanup
[2023-10-17T14:14:06.143+0000][779.205s][info ][safepoint     ] Leaving safepoint region
[2023-10-17T14:14:06.144+0000][779.206s][info ][safepoint     ] Total time for which application threads were stopped: 0.0021976 seconds, Stopping threads took: 0.0010632 seconds
[2023-10-17T14:14:07.145+0000][780.207s][debug][safepoint     ] Safepoint synchronization initiated. (189 threads)
[2023-10-17T14:14:07.146+0000][780.208s][info ][safepoint     ] Application time: 1.0011059 seconds
[2023-10-17T14:14:07.147+0000][780.208s][info ][safepoint     ] Entering safepoint region: Cleanup
[2023-10-17T14:14:07.148+0000][780.209s][info ][safepoint     ] Leaving safepoint region
[2023-10-17T14:14:07.149+0000][780.210s][info ][safepoint     ] Total time for which application threads were stopped: 0.0020297 seconds, Stopping threads took: 0.0008444 seconds
[2023-10-17T14:14:08.150+0000][781.211s][debug][safepoint     ] Safepoint synchronization initiated. (189 threads)
[2023-10-17T14:14:08.151+0000][781.213s][info ][safepoint     ] Application time: 1.0013338 seconds
[2023-10-17T14:14:08.152+0000][781.213s][info ][safepoint     ] Entering safepoint region: Cleanup
[2023-10-17T14:14:08.153+0000][781.215s][info ][safepoint     ] Leaving safepoint region
[2023-10-17T14:14:08.154+0000][781.215s][info ][safepoint     ] Total time for which application threads were stopped: 0.0019135 seconds, Stopping threads took: 0.0008698 seconds
[2023-10-17T14:14:09.155+0000][782.216s][debug][safepoint     ] Safepoint synchronization initiated. (189 threads)
[2023-10-17T14:14:09.156+0000][782.218s][info ][safepoint     ] Application time: 1.0015177 seconds
[2023-10-17T14:14:09.157+0000][782.218s][info ][safepoint     ] Entering safepoint region: Cleanup
[2023-10-17T14:14:09.158+0000][782.220s][info ][safepoint     ] Leaving safepoint region
[2023-10-17T14:14:09.159+0000][782.221s][info ][safepoint     ] Total time for which application threads were stopped: 0.0021890 seconds, Stopping threads took: 0.0008370 seconds
[2023-10-17T14:14:10.160+0000][783.222s][debug][safepoint     ] Safepoint synchronization initiated. (189 threads)
[2023-10-17T14:14:10.161+0000][783.223s][info ][safepoint     ] Application time: 1.0016193 seconds
[2023-10-17T14:14:10.162+0000][783.224s][info ][safepoint     ] Entering safepoint region: Cleanup
[2023-10-17T14:14:10.164+0000][783.226s][info ][safepoint     ] Leaving safepoint region
[2023-10-17T14:14:10.165+0000][783.227s][info ][safepoint     ] Total time for which application threads were stopped: 0.0026292 seconds, Stopping threads took: 0.0012478 seconds
[2023-10-17T14:14:11.166+0000][784.228s][debug][safepoint     ] Safepoint synchronization initiated. (189 threads)
[2023-10-17T14:14:11.168+0000][784.229s][info ][safepoint     ] Application time: 1.0017126 seconds
[2023-10-17T14:14:11.169+0000][784.231s][info ][safepoint     ] Entering safepoint region: Cleanup
[2023-10-17T14:14:11.170+0000][784.232s][info ][safepoint     ] Leaving safepoint region
[2023-10-17T14:14:11.171+0000][784.233s][info ][safepoint     ] Total time for which application threads were stopped: 0.0023901 seconds, Stopping threads took: 0.0011311 seconds
[2023-10-17T14:14:12.173+0000][785.234s][debug][safepoint     ] Safepoint synchronization initiated. (189 threads)
[2023-10-17T14:14:12.174+0000][785.236s][info ][safepoint     ] Application time: 1.0016616 seconds
[2023-10-17T14:14:12.175+0000][785.236s][info ][safepoint     ] Entering safepoint region: Cleanup
[2023-10-17T14:14:12.176+0000][785.238s][info ][safepoint     ] Leaving safepoint region
[2023-10-17T14:14:12.177+0000][785.239s][info ][safepoint     ] Total time for which application threads were stopped: 0.0027173 seconds, Stopping threads took: 0.0008952 seconds
[2023-10-17T14:14:13.178+0000][786.240s][debug][safepoint     ] Safepoint synchronization initiated. (189 threads)
[2023-10-17T14:14:13.179+0000][786.241s][info ][safepoint     ] Application time: 1.0012132 seconds
[2023-10-17T14:14:13.180+0000][786.242s][info ][safepoint     ] Entering safepoint region: Cleanup
[2023-10-17T14:14:13.182+0000][786.244s][info ][safepoint     ] Leaving safepoint region
[2023-10-17T14:14:13.184+0000][786.245s][info ][safepoint     ] Total time for which application threads were stopped: 0.0031785 seconds, Stopping threads took: 0.0010283 seconds
[2023-10-17T14:14:14.185+0000][787.246s][debug][safepoint     ] Safepoint synchronization initiated. (189 threads)
[2023-10-17T14:14:14.186+0000][787.248s][info ][safepoint     ] Application time: 1.0017218 seconds
[2023-10-17T14:14:14.187+0000][787.249s][info ][safepoint     ] Entering safepoint region: Cleanup
[2023-10-17T14:14:14.188+0000][787.250s][info ][safepoint     ] Leaving safepoint region
[2023-10-17T14:14:14.189+0000][787.251s][info ][safepoint     ] Total time for which application threads were stopped: 0.0025050 seconds, Stopping threads took: 0.0011070 seconds
[2023-10-17T14:14:15.191+0000][788.253s][debug][safepoint     ] Safepoint synchronization initiated. (189 threads)
[2023-10-17T14:14:15.192+0000][788.254s][info ][safepoint     ] Application time: 1.0012384 seconds
[2023-10-17T14:14:15.193+0000][788.255s][info ][safepoint     ] Entering safepoint region: Cleanup
[2023-10-17T14:14:15.194+0000][788.256s][info ][safepoint     ] Leaving safepoint region
[2023-10-17T14:14:15.195+0000][788.256s][info ][safepoint     ] Total time for which application threads were stopped: 0.0019672 seconds, Stopping threads took: 0.0008659 seconds
[2023-10-17T14:14:16.196+0000][789.258s][debug][safepoint     ] Safepoint synchronization initiated. (189 threads)
[2023-10-17T14:14:16.197+0000][789.259s][info ][safepoint     ] Application time: 1.0014629 seconds
[2023-10-17T14:14:16.198+0000][789.260s][info ][safepoint     ] Entering safepoint region: Cleanup
[2023-10-17T14:14:16.199+0000][789.261s][info ][safepoint     ] Leaving safepoint region
[2023-10-17T14:14:16.200+0000][789.262s][info ][safepoint     ] Total time for which application threads were stopped: 0.0020864 seconds, Stopping threads took: 0.0009415 seconds
[2023-10-17T14:14:17.201+0000][790.263s][debug][safepoint     ] Safepoint synchronization initiated. (189 threads)
[2023-10-17T14:14:17.202+0000][790.264s][info ][safepoint     ] Application time: 1.0014290 seconds
[2023-10-17T14:14:17.203+0000][790.265s][info ][safepoint     ] Entering safepoint region: Cleanup
[2023-10-17T14:14:17.204+0000][790.266s][info ][safepoint     ] Leaving safepoint region
[2023-10-17T14:14:17.205+0000][790.267s][info ][safepoint     ] Total time for which application threads were stopped: 0.0019956 seconds, Stopping threads took: 0.0008846 seconds
[2023-10-17T14:14:18.206+0000][791.268s][debug][safepoint     ] Safepoint synchronization initiated. (189 threads)
[2023-10-17T14:14:18.207+0000][791.269s][info ][safepoint     ] Application time: 1.0012736 seconds
[2023-10-17T14:14:18.208+0000][791.270s][debug][safepoint     ] ... found polling page return exception at pc = 0x00007fc1a5468077, stub =0x00007fc19c840600
[2023-10-17T14:14:18.209+0000][791.270s][debug][safepoint     ] Waiting for 3 thread(s) to block
[2023-10-17T14:14:18.210+0000][791.271s][info ][safepoint     ] Entering safepoint region: Cleanup
[2023-10-17T14:14:18.211+0000][791.273s][info ][safepoint     ] Leaving safepoint region
[2023-10-17T14:14:18.212+0000][791.273s][info ][safepoint     ] Total time for which application threads were stopped: 0.0035531 seconds, Stopping threads took: 0.0024207 seconds
[2023-10-17T14:14:19.213+0000][792.274s][debug][safepoint     ] Safepoint synchronization initiated. (189 threads)
[2023-10-17T14:14:19.214+0000][792.276s][info ][safepoint     ] Application time: 1.0014456 seconds
[2023-10-17T14:14:19.215+0000][792.277s][info ][safepoint     ] Entering safepoint region: Cleanup
[2023-10-17T14:14:19.216+0000][792.278s][info ][safepoint     ] Leaving safepoint region
[2023-10-17T14:14:19.217+0000][792.279s][info ][safepoint     ] Total time for which application threads were stopped: 0.0026256 seconds, Stopping threads took: 0.0011243 seconds
[2023-10-17T14:14:20.219+0000][793.280s][debug][safepoint     ] Safepoint synchronization initiated. (189 threads)
[2023-10-17T14:14:20.220+0000][793.281s][info ][safepoint     ] Application time: 1.0013243 seconds
[2023-10-17T14:14:20.220+0000][793.282s][info ][safepoint     ] Entering safepoint region: Cleanup
[2023-10-17T14:14:20.221+0000][793.283s][info ][safepoint     ] Leaving safepoint region
[2023-10-17T14:14:20.222+0000][793.284s][info ][safepoint     ] Total time for which application threads were stopped: 0.0018573 seconds, Stopping threads took: 0.0006204 seconds
[2023-10-17T14:14:21.223+0000][794.285s][debug][safepoint     ] Safepoint synchronization initiated. (189 threads)
[2023-10-17T14:14:21.224+0000][794.286s][info ][safepoint     ] Application time: 1.0011265 seconds
[2023-10-17T14:14:21.225+0000][794.287s][info ][safepoint     ] Entering safepoint region: Cleanup
[2023-10-17T14:14:21.226+0000][794.288s][info ][safepoint     ] Leaving safepoint region
[2023-10-17T14:14:21.227+0000][794.288s][info ][safepoint     ] Total time for which application threads were stopped: 0.0017385 seconds, Stopping threads took: 0.0007607 seconds
[2023-10-17T14:14:22.228+0000][795.289s][debug][safepoint     ] Safepoint synchronization initiated. (189 threads)
[2023-10-17T14:14:22.229+0000][795.291s][info ][safepoint     ] Application time: 1.0017755 seconds
[2023-10-17T14:14:22.230+0000][795.292s][info ][safepoint     ] Entering safepoint region: Cleanup
[2023-10-17T14:14:22.232+0000][795.294s][info ][safepoint     ] Leaving safepoint region
[2023-10-17T14:14:22.233+0000][795.294s][info ][safepoint     ] Total time for which application threads were stopped: 0.0024928 seconds, Stopping threads took: 0.0014049 seconds
[2023-10-17T14:14:23.234+0000][796.296s][debug][safepoint     ] Safepoint synchronization initiated. (189 threads)
[2023-10-17T14:14:23.235+0000][796.297s][info ][safepoint     ] Application time: 1.0013682 seconds
[2023-10-17T14:14:23.236+0000][796.298s][info ][safepoint     ] Entering safepoint region: Cleanup
[2023-10-17T14:14:23.237+0000][796.299s][info ][safepoint     ] Leaving safepoint region
[2023-10-17T14:14:23.238+0000][796.300s][info ][safepoint     ] Total time for which application threads were stopped: 0.0022173 seconds, Stopping threads took: 0.0010331 seconds
[2023-10-17T14:14:23.238+0000][796.299s][debug][safepoint     ] ... found polling page return exception at pc = 0x00007fc1a54a9604, stub =0x00007fc19c840600
[2023-10-17T14:14:24.240+0000][797.301s][debug][safepoint     ] Safepoint synchronization initiated. (189 threads)
[2023-10-17T14:14:24.241+0000][797.302s][info ][safepoint     ] Application time: 1.0014495 seconds
[2023-10-17T14:14:24.242+0000][797.303s][info ][safepoint     ] Entering safepoint region: Cleanup
[2023-10-17T14:14:24.243+0000][797.305s][info ][safepoint     ] Leaving safepoint region
[2023-10-17T14:14:24.244+0000][797.306s][info ][safepoint     ] Total time for which application threads were stopped: 0.0022019 seconds, Stopping threads took: 0.0010485 seconds
[2023-10-17T14:14:25.245+0000][798.307s][debug][safepoint     ] Safepoint synchronization initiated. (189 threads)
[2023-10-17T14:14:25.246+0000][798.308s][info ][safepoint     ] Application time: 1.0012837 seconds
[2023-10-17T14:14:25.247+0000][798.309s][info ][safepoint     ] Entering safepoint region: Cleanup
[2023-10-17T14:14:25.248+0000][798.310s][info ][safepoint     ] Leaving safepoint region
[2023-10-17T14:14:25.249+0000][798.311s][info ][safepoint     ] Total time for which application threads were stopped: 0.0022865 seconds, Stopping threads took: 0.0010229 seconds
[2023-10-17T14:14:26.250+0000][799.312s][debug][safepoint     ] Safepoint synchronization initiated. (189 threads)
[2023-10-17T14:14:26.251+0000][799.313s][info ][safepoint     ] Application time: 1.0011625 seconds
[2023-10-17T14:14:26.252+0000][799.314s][info ][safepoint     ] Entering safepoint region: Cleanup
[2023-10-17T14:14:26.253+0000][799.315s][info ][safepoint     ] Leaving safepoint region
[2023-10-17T14:14:26.254+0000][799.316s][info ][safepoint     ] Total time for which application threads were stopped: 0.0019227 seconds, Stopping threads took: 0.0008847 seconds
[2023-10-17T14:14:27.255+0000][800.317s][debug][safepoint     ] Safepoint synchronization initiated. (189 threads)
[2023-10-17T14:14:27.256+0000][800.318s][info ][safepoint     ] Application time: 1.0013856 seconds
[2023-10-17T14:14:27.257+0000][800.319s][info ][safepoint     ] Entering safepoint region: Cleanup
[2023-10-17T14:14:27.259+0000][800.320s][info ][safepoint     ] Leaving safepoint region
[2023-10-17T14:14:27.260+0000][800.321s][info ][safepoint     ] Total time for which application threads were stopped: 0.0026439 seconds, Stopping threads took: 0.0012016 seconds
[2023-10-17T14:14:27.259+0000][800.320s][debug][safepoint     ] ... found polling page return exception at pc = 0x00007fc1a54a9604, stub =0x00007fc19c840600
[2023-10-17T14:14:27.259+0000][800.320s][debug][safepoint     ] ... found polling page return exception at pc = 0x00007fc1a54a9604, stub =0x00007fc19c840600
[2023-10-17T14:14:27.259+0000][800.320s][debug][safepoint     ] ... found polling page return exception at pc = 0x00007fc1a54a9604, stub =0x00007fc19c840600
[2023-10-17T14:14:27.259+0000][800.320s][debug][safepoint     ] ... found polling page return exception at pc = 0x00007fc1a54a9604, stub =0x00007fc19c840600
[2023-10-17T14:14:27.259+0000][800.320s][debug][safepoint     ] ... found polling page return exception at pc = 0x00007fc1a54a9604, stub =0x00007fc19c840600
[2023-10-17T14:14:28.260+0000][801.322s][debug][safepoint     ] Safepoint synchronization initiated. (189 threads)
[2023-10-17T14:14:28.261+0000][801.323s][info ][safepoint     ] Application time: 1.0006674 seconds
[2023-10-17T14:14:28.262+0000][801.323s][info ][safepoint     ] Entering safepoint region: Cleanup
[2023-10-17T14:14:28.262+0000][801.324s][info ][safepoint     ] Leaving safepoint region
[2023-10-17T14:14:28.263+0000][801.325s][info ][safepoint     ] Total time for which application threads were stopped: 0.0017684 seconds, Stopping threads took: 0.0006331 seconds
[2023-10-17T14:14:29.264+0000][802.326s][debug][safepoint     ] Safepoint synchronization initiated. (189 threads)
[2023-10-17T14:14:29.265+0000][802.327s][info ][safepoint     ] Application time: 1.0013117 seconds
[2023-10-17T14:14:29.266+0000][802.328s][info ][safepoint     ] Entering safepoint region: Cleanup
[2023-10-17T14:14:29.267+0000][802.329s][info ][safepoint     ] Leaving safepoint region
[2023-10-17T14:14:29.268+0000][802.330s][info ][safepoint     ] Total time for which application threads were stopped: 0.0019505 seconds, Stopping threads took: 0.0008341 seconds
[2023-10-17T14:14:30.269+0000][803.331s][debug][safepoint     ] Safepoint synchronization initiated. (189 threads)
[2023-10-17T14:14:30.270+0000][803.332s][info ][safepoint     ] Application time: 1.0017683 seconds
[2023-10-17T14:14:30.271+0000][803.333s][info ][safepoint     ] Entering safepoint region: Cleanup
[2023-10-17T14:14:30.272+0000][803.334s][info ][safepoint     ] Leaving safepoint region
[2023-10-17T14:14:30.273+0000][803.335s][info ][safepoint     ] Total time for which application threads were stopped: 0.0017387 seconds, Stopping threads took: 0.0008094 seconds
[2023-10-17T14:14:31.274+0000][804.336s][debug][safepoint     ] Safepoint synchronization initiated. (189 threads)
[2023-10-17T14:14:31.275+0000][804.337s][info ][safepoint     ] Application time: 1.0011374 seconds
[2023-10-17T14:14:31.276+0000][804.338s][debug][safepoint     ] ... found polling page return exception at pc = 0x00007fc1a4b0dc74, stub =0x00007fc19c840600
[2023-10-17T14:14:31.277+0000][804.338s][debug][safepoint     ] Waiting for 1 thread(s) to block
[2023-10-17T14:14:31.278+0000][804.339s][info ][safepoint     ] Entering safepoint region: Cleanup
[2023-10-17T14:14:31.279+0000][804.341s][info ][safepoint     ] Leaving safepoint region
[2023-10-17T14:14:31.280+0000][804.341s][info ][safepoint     ] Total time for which application threads were stopped: 0.0038702 seconds, Stopping threads took: 0.0027341 seconds
[2023-10-17T14:14:32.281+0000][805.342s][debug][safepoint     ] Safepoint synchronization initiated. (189 threads)
[2023-10-17T14:14:32.282+0000][805.344s][info ][safepoint     ] Application time: 1.0013058 seconds
[2023-10-17T14:14:32.283+0000][805.345s][info ][safepoint     ] Entering safepoint region: Cleanup
[2023-10-17T14:14:32.284+0000][805.346s][info ][safepoint     ] Leaving safepoint region
[2023-10-17T14:14:32.285+0000][805.347s][info ][safepoint     ] Total time for which application threads were stopped: 0.0020032 seconds, Stopping threads took: 0.0009610 seconds
[2023-10-17T14:14:33.286+0000][806.348s][debug][safepoint     ] Safepoint synchronization initiated. (189 threads)
[2023-10-17T14:14:33.287+0000][806.349s][info ][safepoint     ] Application time: 1.0013182 seconds
[2023-10-17T14:14:33.288+0000][806.350s][info ][safepoint     ] Entering safepoint region: Cleanup
[2023-10-17T14:14:33.289+0000][806.351s][info ][safepoint     ] Leaving safepoint region
[2023-10-17T14:14:33.290+0000][806.351s][info ][safepoint     ] Total time for which application threads were stopped: 0.0018473 seconds, Stopping threads took: 0.0007910 seconds
[2023-10-17T14:14:34.291+0000][807.352s][debug][safepoint     ] Safepoint synchronization initiated. (189 threads)
[2023-10-17T14:14:34.292+0000][807.353s][info ][safepoint     ] Application time: 1.0012253 seconds
[2023-10-17T14:14:34.293+0000][807.355s][info ][safepoint     ] Entering safepoint region: Cleanup
[2023-10-17T14:14:34.294+0000][807.356s][info ][safepoint     ] Leaving safepoint region
[2023-10-17T14:14:34.295+0000][807.356s][info ][safepoint     ] Total time for which application threads were stopped: 0.0019163 seconds, Stopping threads took: 0.0009037 seconds
[2023-10-17T14:14:34.294+0000][807.356s][debug][safepoint     ] ... found polling page return exception at pc = 0x00007fc1a54a9604, stub =0x00007fc19c840600
[2023-10-17T14:14:34.294+0000][807.356s][debug][safepoint     ] ... found polling page return exception at pc = 0x00007fc1a54a9604, stub =0x00007fc19c840600
[2023-10-17T14:14:34.294+0000][807.356s][debug][safepoint     ] ... found polling page return exception at pc = 0x00007fc1a54a9604, stub =0x00007fc19c840600
[2023-10-17T14:14:34.294+0000][807.356s][debug][safepoint     ] ... found polling page return exception at pc = 0x00007fc1a54a9604, stub =0x00007fc19c840600
[2023-10-17T14:14:34.294+0000][807.356s][debug][safepoint     ] ... found polling page return exception at pc = 0x00007fc1a54a9604, stub =0x00007fc19c840600
[2023-10-17T14:14:35.296+0000][808.357s][debug][safepoint     ] Safepoint synchronization initiated. (189 threads)
[2023-10-17T14:14:35.297+0000][808.359s][info ][safepoint     ] Application time: 1.0014726 seconds
[2023-10-17T14:14:35.298+0000][808.360s][info ][safepoint     ] Entering safepoint region: Cleanup
[2023-10-17T14:14:35.299+0000][808.361s][info ][safepoint     ] Leaving safepoint region
[2023-10-17T14:14:35.300+0000][808.362s][info ][safepoint     ] Total time for which application threads were stopped: 0.0016994 seconds, Stopping threads took: 0.0008020 seconds
[2023-10-17T14:14:36.301+0000][809.363s][debug][safepoint     ] Safepoint synchronization initiated. (189 threads)
[2023-10-17T14:14:36.302+0000][809.364s][info ][safepoint     ] Application time: 1.0012755 seconds
[2023-10-17T14:14:36.303+0000][809.365s][info ][safepoint     ] Entering safepoint region: Cleanup
[2023-10-17T14:14:36.304+0000][809.366s][info ][safepoint     ] Leaving safepoint region
[2023-10-17T14:14:36.305+0000][809.367s][info ][safepoint     ] Total time for which application threads were stopped: 0.0022753 seconds, Stopping threads took: 0.0010649 seconds
[2023-10-17T14:14:37.306+0000][810.368s][debug][safepoint     ] Safepoint synchronization initiated. (189 threads)
[2023-10-17T14:14:37.308+0000][810.370s][info ][safepoint     ] Application time: 1.0022921 seconds
[2023-10-17T14:14:37.310+0000][810.371s][info ][safepoint     ] Entering safepoint region: Cleanup
[2023-10-17T14:14:37.311+0000][810.373s][info ][safepoint     ] Leaving safepoint region
[2023-10-17T14:14:37.312+0000][810.374s][info ][safepoint     ] Total time for which application threads were stopped: 0.0025223 seconds, Stopping threads took: 0.0011483 seconds
[2023-10-17T14:14:38.313+0000][811.375s][debug][safepoint     ] Safepoint synchronization initiated. (189 threads)
[2023-10-17T14:14:38.314+0000][811.376s][info ][safepoint     ] Application time: 1.0012209 seconds
[2023-10-17T14:14:38.315+0000][811.377s][info ][safepoint     ] Entering safepoint region: Cleanup
[2023-10-17T14:14:38.317+0000][811.378s][info ][safepoint     ] Leaving safepoint region
[2023-10-17T14:14:38.317+0000][811.379s][info ][safepoint     ] Total time for which application threads were stopped: 0.0022079 seconds, Stopping threads took: 0.0010698 seconds
[2023-10-17T14:14:39.318+0000][812.380s][debug][safepoint     ] Safepoint synchronization initiated. (189 threads)
[2023-10-17T14:14:39.319+0000][812.381s][info ][safepoint     ] Application time: 1.0009249 seconds
[2023-10-17T14:14:39.320+0000][812.382s][info ][safepoint     ] Entering safepoint region: Cleanup
[2023-10-17T14:14:39.321+0000][812.383s][info ][safepoint     ] Leaving safepoint region
[2023-10-17T14:14:39.322+0000][812.384s][info ][safepoint     ] Total time for which application threads were stopped: 0.0017964 seconds, Stopping threads took: 0.0007988 seconds
[2023-10-17T14:14:40.323+0000][813.385s][debug][safepoint     ] Safepoint synchronization initiated. (189 threads)
[2023-10-17T14:14:40.324+0000][813.385s][info ][safepoint     ] Application time: 1.0010095 seconds
[2023-10-17T14:14:40.325+0000][813.386s][info ][safepoint     ] Entering safepoint region: Cleanup
[2023-10-17T14:14:40.326+0000][813.388s][info ][safepoint     ] Leaving safepoint region
[2023-10-17T14:14:40.327+0000][813.388s][info ][safepoint     ] Total time for which application threads were stopped: 0.0019203 seconds, Stopping threads took: 0.0009206 seconds
[2023-10-17T14:14:41.327+0000][814.389s][debug][safepoint     ] Safepoint synchronization initiated. (189 threads)
[2023-10-17T14:14:41.329+0000][814.390s][info ][safepoint     ] Application time: 1.0015034 seconds
[2023-10-17T14:14:41.330+0000][814.392s][info ][safepoint     ] Entering safepoint region: Cleanup
[2023-10-17T14:14:41.331+0000][814.393s][info ][safepoint     ] Leaving safepoint region
[2023-10-17T14:14:41.332+0000][814.394s][info ][safepoint     ] Total time for which application threads were stopped: 0.0023924 seconds, Stopping threads took: 0.0010904 seconds
[2023-10-17T14:14:42.333+0000][815.395s][debug][safepoint     ] Safepoint synchronization initiated. (189 threads)
[2023-10-17T14:14:42.334+0000][815.396s][info ][safepoint     ] Application time: 1.0012159 seconds
[2023-10-17T14:14:42.335+0000][815.397s][info ][safepoint     ] Entering safepoint region: Cleanup
[2023-10-17T14:14:42.336+0000][815.398s][info ][safepoint     ] Leaving safepoint region
[2023-10-17T14:14:42.337+0000][815.399s][info ][safepoint     ] Total time for which application threads were stopped: 0.0021850 seconds, Stopping threads took: 0.0011051 seconds
[2023-10-17T14:14:43.338+0000][816.400s][debug][safepoint     ] Safepoint synchronization initiated. (189 threads)
[2023-10-17T14:14:43.340+0000][816.401s][info ][safepoint     ] Application time: 1.0013721 seconds
[2023-10-17T14:14:43.340+0000][816.402s][info ][safepoint     ] Entering safepoint region: Cleanup
[2023-10-17T14:14:43.342+0000][816.404s][info ][safepoint     ] Leaving safepoint region
[2023-10-17T14:14:43.343+0000][816.405s][info ][safepoint     ] Total time for which application threads were stopped: 0.0030856 seconds, Stopping threads took: 0.0010021 seconds
[2023-10-17T14:14:44.345+0000][817.406s][debug][safepoint     ] Safepoint synchronization initiated. (189 threads)
[2023-10-17T14:14:44.346+0000][817.407s][info ][safepoint     ] Application time: 1.0013296 seconds
[2023-10-17T14:14:44.347+0000][817.408s][info ][safepoint     ] Entering safepoint region: Cleanup
[2023-10-17T14:14:44.348+0000][817.410s][info ][safepoint     ] Leaving safepoint region
[2023-10-17T14:14:44.349+0000][817.411s][info ][safepoint     ] Total time for which application threads were stopped: 0.0027527 seconds, Stopping threads took: 0.0011433 seconds
[2023-10-17T14:14:45.350+0000][818.412s][debug][safepoint     ] Safepoint synchronization initiated. (188 threads)
[2023-10-17T14:14:45.351+0000][818.413s][info ][safepoint     ] Application time: 1.0014739 seconds
[2023-10-17T14:14:45.353+0000][818.415s][info ][safepoint     ] Entering safepoint region: Cleanup
[2023-10-17T14:14:45.354+0000][818.416s][info ][safepoint     ] Leaving safepoint region
[2023-10-17T14:14:45.355+0000][818.417s][info ][safepoint     ] Total time for which application threads were stopped: 0.0020850 seconds, Stopping threads took: 0.0009259 seconds
[2023-10-17T14:14:46.356+0000][819.418s][debug][safepoint     ] Safepoint synchronization initiated. (188 threads)
[2023-10-17T14:14:46.357+0000][819.419s][info ][safepoint     ] Application time: 1.0011947 seconds
[2023-10-17T14:14:46.358+0000][819.419s][info ][safepoint     ] Entering safepoint region: Cleanup
[2023-10-17T14:14:46.359+0000][819.420s][info ][safepoint     ] Leaving safepoint region
[2023-10-17T14:14:46.360+0000][819.421s][info ][safepoint     ] Total time for which application threads were stopped: 0.0020766 seconds, Stopping threads took: 0.0008349 seconds
[2023-10-17T14:14:47.360+0000][820.422s][debug][safepoint     ] Safepoint synchronization initiated. (188 threads)
[2023-10-17T14:14:47.361+0000][820.423s][info ][safepoint     ] Application time: 1.0009874 seconds
[2023-10-17T14:14:47.362+0000][820.424s][info ][safepoint     ] Entering safepoint region: Cleanup
[2023-10-17T14:14:47.363+0000][820.425s][info ][safepoint     ] Leaving safepoint region
[2023-10-17T14:14:47.364+0000][820.426s][info ][safepoint     ] Total time for which application threads were stopped: 0.0020169 seconds, Stopping threads took: 0.0009368 seconds
[2023-10-17T14:14:48.365+0000][821.427s][debug][safepoint     ] Safepoint synchronization initiated. (188 threads)
[2023-10-17T14:14:48.366+0000][821.428s][info ][safepoint     ] Application time: 1.0013170 seconds
[2023-10-17T14:14:48.367+0000][821.429s][info ][safepoint     ] Entering safepoint region: Cleanup
[2023-10-17T14:14:48.368+0000][821.430s][info ][safepoint     ] Leaving safepoint region
[2023-10-17T14:14:48.369+0000][821.431s][info ][safepoint     ] Total time for which application threads were stopped: 0.0019075 seconds, Stopping threads took: 0.0008639 seconds
[2023-10-17T14:14:49.370+0000][822.432s][debug][safepoint     ] Safepoint synchronization initiated. (188 threads)
[2023-10-17T14:14:49.371+0000][822.433s][info ][safepoint     ] Application time: 1.0013061 seconds
[2023-10-17T14:14:49.372+0000][822.434s][info ][safepoint     ] Entering safepoint region: Cleanup
[2023-10-17T14:14:49.373+0000][822.435s][info ][safepoint     ] Leaving safepoint region
[2023-10-17T14:14:49.374+0000][822.435s][info ][safepoint     ] Total time for which application threads were stopped: 0.0017388 seconds, Stopping threads took: 0.0007505 seconds
[2023-10-17T14:14:50.375+0000][823.437s][debug][safepoint     ] Safepoint synchronization initiated. (188 threads)
[2023-10-17T14:14:50.376+0000][823.438s][info ][safepoint     ] Application time: 1.0015870 seconds
[2023-10-17T14:14:50.377+0000][823.439s][info ][safepoint     ] Entering safepoint region: Cleanup
[2023-10-17T14:14:50.379+0000][823.440s][info ][safepoint     ] Leaving safepoint region
[2023-10-17T14:14:50.379+0000][823.441s][info ][safepoint     ] Total time for which application threads were stopped: 0.0024453 seconds, Stopping threads took: 0.0012749 seconds
[2023-10-17T14:14:51.381+0000][824.442s][debug][safepoint     ] Safepoint synchronization initiated. (188 threads)
[2023-10-17T14:14:51.382+0000][824.444s][info ][safepoint     ] Application time: 1.0017255 seconds
[2023-10-17T14:14:51.383+0000][824.445s][info ][safepoint     ] Entering safepoint region: Cleanup
[2023-10-17T14:14:51.385+0000][824.447s][info ][safepoint     ] Leaving safepoint region
[2023-10-17T14:14:51.386+0000][824.448s][info ][safepoint     ] Total time for which application threads were stopped: 0.0031787 seconds, Stopping threads took: 0.0014431 seconds
[2023-10-17T14:14:52.388+0000][825.449s][debug][safepoint     ] Safepoint synchronization initiated. (188 threads)
[2023-10-17T14:14:52.389+0000][825.451s][info ][safepoint     ] Application time: 1.0014311 seconds
[2023-10-17T14:14:52.390+0000][825.452s][info ][safepoint     ] Entering safepoint region: Cleanup
[2023-10-17T14:14:52.392+0000][825.454s][info ][safepoint     ] Leaving safepoint region
[2023-10-17T14:14:52.393+0000][825.455s][info ][safepoint     ] Total time for which application threads were stopped: 0.0029009 seconds, Stopping threads took: 0.0016183 seconds
[2023-10-17T14:14:53.394+0000][826.456s][debug][safepoint     ] Safepoint synchronization initiated. (187 threads)
[2023-10-17T14:14:53.395+0000][826.456s][info ][safepoint     ] Application time: 1.0009725 seconds
[2023-10-17T14:14:53.395+0000][826.457s][info ][safepoint     ] Entering safepoint region: Cleanup
[2023-10-17T14:14:53.396+0000][826.458s][info ][safepoint     ] Leaving safepoint region
[2023-10-17T14:14:53.397+0000][826.459s][info ][safepoint     ] Total time for which application threads were stopped: 0.0017220 seconds, Stopping threads took: 0.0007130 seconds
[2023-10-17T14:14:54.398+0000][827.460s][debug][safepoint     ] Safepoint synchronization initiated. (187 threads)
[2023-10-17T14:14:54.399+0000][827.461s][info ][safepoint     ] Application time: 1.0013603 seconds
[2023-10-17T14:14:54.400+0000][827.462s][info ][safepoint     ] Entering safepoint region: Cleanup
[2023-10-17T14:14:54.401+0000][827.463s][info ][safepoint     ] Leaving safepoint region
[2023-10-17T14:14:54.402+0000][827.464s][info ][safepoint     ] Total time for which application threads were stopped: 0.0020847 seconds, Stopping threads took: 0.0009151 seconds
[2023-10-17T14:14:55.403+0000][828.465s][debug][safepoint     ] Safepoint synchronization initiated. (187 threads)
[2023-10-17T14:14:55.404+0000][828.466s][info ][safepoint     ] Application time: 1.0010857 seconds
[2023-10-17T14:14:55.405+0000][828.467s][info ][safepoint     ] Entering safepoint region: Cleanup
[2023-10-17T14:14:55.406+0000][828.468s][info ][safepoint     ] Leaving safepoint region
[2023-10-17T14:14:55.406+0000][828.468s][info ][safepoint     ] Total time for which application threads were stopped: 0.0018069 seconds, Stopping threads took: 0.0007891 seconds
[2023-10-17T14:14:56.407+0000][829.469s][debug][safepoint     ] Safepoint synchronization initiated. (187 threads)
[2023-10-17T14:14:56.409+0000][829.470s][info ][safepoint     ] Application time: 1.0014015 seconds
[2023-10-17T14:14:56.409+0000][829.471s][info ][safepoint     ] Entering safepoint region: Cleanup
[2023-10-17T14:14:56.410+0000][829.472s][info ][safepoint     ] Leaving safepoint region
[2023-10-17T14:14:56.411+0000][829.473s][info ][safepoint     ] Total time for which application threads were stopped: 0.0017955 seconds, Stopping threads took: 0.0006911 seconds
[2023-10-17T14:14:57.412+0000][830.474s][debug][safepoint     ] Safepoint synchronization initiated. (187 threads)
[2023-10-17T14:14:57.413+0000][830.475s][info ][safepoint     ] Application time: 1.0014739 seconds
[2023-10-17T14:14:57.414+0000][830.476s][info ][safepoint     ] Entering safepoint region: Cleanup
[2023-10-17T14:14:57.415+0000][830.477s][info ][safepoint     ] Leaving safepoint region
[2023-10-17T14:14:57.416+0000][830.478s][info ][safepoint     ] Total time for which application threads were stopped: 0.0021699 seconds, Stopping threads took: 0.0009764 seconds
[2023-10-17T14:14:58.417+0000][831.479s][debug][safepoint     ] Safepoint synchronization initiated. (187 threads)
[2023-10-17T14:14:58.418+0000][831.480s][info ][safepoint     ] Application time: 1.0012161 seconds
[2023-10-17T14:14:58.419+0000][831.481s][info ][safepoint     ] Entering safepoint region: Cleanup
[2023-10-17T14:14:58.420+0000][831.482s][info ][safepoint     ] Leaving safepoint region
[2023-10-17T14:14:58.420+0000][831.482s][info ][safepoint     ] Total time for which application threads were stopped: 0.0014161 seconds, Stopping threads took: 0.0007051 seconds
[2023-10-17T14:14:59.421+0000][832.483s][debug][safepoint     ] Safepoint synchronization initiated. (187 threads)
[2023-10-17T14:14:59.422+0000][832.484s][info ][safepoint     ] Application time: 1.0015132 seconds
[2023-10-17T14:14:59.424+0000][832.485s][info ][safepoint     ] Entering safepoint region: Cleanup
[2023-10-17T14:14:59.425+0000][832.487s][info ][safepoint     ] Leaving safepoint region
[2023-10-17T14:14:59.426+0000][832.488s][info ][safepoint     ] Total time for which application threads were stopped: 0.0027406 seconds, Stopping threads took: 0.0013673 seconds
[2023-10-17T14:15:00.427+0000][833.489s][debug][safepoint     ] Safepoint synchronization initiated. (187 threads)
[2023-10-17T14:15:00.429+0000][833.491s][info ][safepoint     ] Application time: 1.0015477 seconds
[2023-10-17T14:15:00.430+0000][833.491s][info ][safepoint     ] Entering safepoint region: Cleanup
[2023-10-17T14:15:00.431+0000][833.493s][info ][safepoint     ] Leaving safepoint region
[2023-10-17T14:15:00.432+0000][833.494s][info ][safepoint     ] Total time for which application threads were stopped: 0.0022240 seconds, Stopping threads took: 0.0008536 seconds
[2023-10-17T14:15:01.433+0000][834.495s][debug][safepoint     ] Safepoint synchronization initiated. (187 threads)
[2023-10-17T14:15:01.434+0000][834.496s][info ][safepoint     ] Application time: 1.0013460 seconds
[2023-10-17T14:15:01.435+0000][834.497s][info ][safepoint     ] Entering safepoint region: Cleanup
[2023-10-17T14:15:01.436+0000][834.498s][info ][safepoint     ] Leaving safepoint region
[2023-10-17T14:15:01.437+0000][834.499s][info ][safepoint     ] Total time for which application threads were stopped: 0.0021195 seconds, Stopping threads took: 0.0008208 seconds
[2023-10-17T14:15:02.438+0000][835.500s][debug][safepoint     ] Safepoint synchronization initiated. (187 threads)
[2023-10-17T14:15:02.439+0000][835.501s][info ][safepoint     ] Application time: 1.0013040 seconds
[2023-10-17T14:15:02.440+0000][835.502s][info ][safepoint     ] Entering safepoint region: Cleanup
[2023-10-17T14:15:02.441+0000][835.503s][info ][safepoint     ] Leaving safepoint region
[2023-10-17T14:15:02.442+0000][835.504s][info ][safepoint     ] Total time for which application threads were stopped: 0.0019761 seconds, Stopping threads took: 0.0009444 seconds
[2023-10-17T14:15:03.443+0000][836.505s][debug][safepoint     ] Safepoint synchronization initiated. (187 threads)
[2023-10-17T14:15:03.444+0000][836.506s][info ][safepoint     ] Application time: 1.0014981 seconds
[2023-10-17T14:15:03.445+0000][836.507s][info ][safepoint     ] Entering safepoint region: Cleanup
[2023-10-17T14:15:03.446+0000][836.508s][info ][safepoint     ] Leaving safepoint region
[2023-10-17T14:15:03.447+0000][836.509s][info ][safepoint     ] Total time for which application threads were stopped: 0.0017921 seconds, Stopping threads took: 0.0007994 seconds
[2023-10-17T14:15:04.448+0000][837.510s][debug][safepoint     ] Safepoint synchronization initiated. (187 threads)
[2023-10-17T14:15:04.449+0000][837.511s][info ][safepoint     ] Application time: 1.0014179 seconds
[2023-10-17T14:15:04.450+0000][837.512s][debug][safepoint     ] ... found polling page return exception at pc = 0x00007fc1a490b71e, stub =0x00007fc19c840600
[2023-10-17T14:15:04.450+0000][837.512s][debug][safepoint     ] Waiting for 1 thread(s) to block
[2023-10-17T14:15:04.451+0000][837.513s][info ][safepoint     ] Entering safepoint region: Cleanup
[2023-10-17T14:15:04.452+0000][837.514s][info ][safepoint     ] Leaving safepoint region
[2023-10-17T14:15:04.453+0000][837.515s][info ][safepoint     ] Total time for which application threads were stopped: 0.0029782 seconds, Stopping threads took: 0.0020252 seconds
[2023-10-17T14:15:05.454+0000][838.516s][debug][safepoint     ] Safepoint synchronization initiated. (187 threads)
[2023-10-17T14:15:05.455+0000][838.516s][info ][safepoint     ] Application time: 1.0011737 seconds
[2023-10-17T14:15:05.456+0000][838.517s][info ][safepoint     ] Entering safepoint region: Cleanup
[2023-10-17T14:15:05.457+0000][838.518s][info ][safepoint     ] Leaving safepoint region
[2023-10-17T14:15:05.457+0000][838.519s][info ][safepoint     ] Total time for which application threads were stopped: 0.0019035 seconds, Stopping threads took: 0.0008969 seconds
[2023-10-17T14:15:06.458+0000][839.520s][debug][safepoint     ] Safepoint synchronization initiated. (187 threads)
[2023-10-17T14:15:06.459+0000][839.521s][info ][safepoint     ] Application time: 1.0013532 seconds
[2023-10-17T14:15:06.460+0000][839.522s][info ][safepoint     ] Entering safepoint region: Cleanup
[2023-10-17T14:15:06.461+0000][839.523s][info ][safepoint     ] Leaving safepoint region
[2023-10-17T14:15:06.462+0000][839.524s][info ][safepoint     ] Total time for which application threads were stopped: 0.0018137 seconds, Stopping threads took: 0.0008095 seconds
[2023-10-17T14:15:07.463+0000][840.525s][debug][safepoint     ] Safepoint synchronization initiated. (187 threads)
[2023-10-17T14:15:07.464+0000][840.526s][info ][safepoint     ] Application time: 1.0015333 seconds
[2023-10-17T14:15:07.465+0000][840.527s][info ][safepoint     ] Entering safepoint region: Cleanup
[2023-10-17T14:15:07.466+0000][840.528s][info ][safepoint     ] Leaving safepoint region
[2023-10-17T14:15:07.467+0000][840.529s][info ][safepoint     ] Total time for which application threads were stopped: 0.0020561 seconds, Stopping threads took: 0.0009608 seconds
[2023-10-17T14:15:08.468+0000][841.530s][debug][safepoint     ] Safepoint synchronization initiated. (187 threads)
[2023-10-17T14:15:08.469+0000][841.531s][info ][safepoint     ] Application time: 1.0013895 seconds
[2023-10-17T14:15:08.470+0000][841.532s][info ][safepoint     ] Entering safepoint region: Cleanup
[2023-10-17T14:15:08.472+0000][841.534s][info ][safepoint     ] Leaving safepoint region
[2023-10-17T14:15:08.473+0000][841.535s][info ][safepoint     ] Total time for which application threads were stopped: 0.0030179 seconds, Stopping threads took: 0.0017142 seconds
[2023-10-17T14:15:09.474+0000][842.536s][debug][safepoint     ] Safepoint synchronization initiated. (187 threads)
[2023-10-17T14:15:09.476+0000][842.538s][info ][safepoint     ] Application time: 1.0016123 seconds
[2023-10-17T14:15:09.477+0000][842.539s][info ][safepoint     ] Entering safepoint region: Cleanup
[2023-10-17T14:15:09.478+0000][842.540s][info ][safepoint     ] Leaving safepoint region
[2023-10-17T14:15:09.479+0000][842.541s][info ][safepoint     ] Total time for which application threads were stopped: 0.0018164 seconds, Stopping threads took: 0.0008807 seconds
[2023-10-17T14:15:10.480+0000][843.542s][debug][safepoint     ] Safepoint synchronization initiated. (187 threads)
[2023-10-17T14:15:10.481+0000][843.543s][info ][safepoint     ] Application time: 1.0014340 seconds
[2023-10-17T14:15:10.482+0000][843.544s][info ][safepoint     ] Entering safepoint region: Cleanup
[2023-10-17T14:15:10.483+0000][843.544s][info ][safepoint     ] Leaving safepoint region
[2023-10-17T14:15:10.483+0000][843.545s][info ][safepoint     ] Total time for which application threads were stopped: 0.0014735 seconds, Stopping threads took: 0.0005513 seconds
[2023-10-17T14:15:11.484+0000][844.546s][debug][safepoint     ] Safepoint synchronization initiated. (187 threads)
[2023-10-17T14:15:11.485+0000][844.547s][info ][safepoint     ] Application time: 1.0011410 seconds
[2023-10-17T14:15:11.486+0000][844.547s][info ][safepoint     ] Entering safepoint region: Cleanup
[2023-10-17T14:15:11.486+0000][844.548s][info ][safepoint     ] Leaving safepoint region
[2023-10-17T14:15:11.487+0000][844.549s][info ][safepoint     ] Total time for which application threads were stopped: 0.0015177 seconds, Stopping threads took: 0.0005515 seconds
[2023-10-17T14:15:12.488+0000][845.550s][debug][safepoint     ] Safepoint synchronization initiated. (187 threads)
[2023-10-17T14:15:12.489+0000][845.551s][info ][safepoint     ] Application time: 1.0010668 seconds
[2023-10-17T14:15:12.490+0000][845.552s][info ][safepoint     ] Entering safepoint region: Cleanup
[2023-10-17T14:15:12.491+0000][845.552s][info ][safepoint     ] Leaving safepoint region
[2023-10-17T14:15:12.491+0000][845.553s][info ][safepoint     ] Total time for which application threads were stopped: 0.0017119 seconds, Stopping threads took: 0.0007551 seconds
[2023-10-17T14:15:13.492+0000][846.554s][debug][safepoint     ] Safepoint synchronization initiated. (187 threads)
[2023-10-17T14:15:13.493+0000][846.555s][info ][safepoint     ] Application time: 1.0013425 seconds
[2023-10-17T14:15:13.494+0000][846.556s][info ][safepoint     ] Entering safepoint region: Cleanup
[2023-10-17T14:15:13.495+0000][846.557s][info ][safepoint     ] Leaving safepoint region
[2023-10-17T14:15:13.496+0000][846.558s][info ][safepoint     ] Total time for which application threads were stopped: 0.0018004 seconds, Stopping threads took: 0.0008149 seconds
[2023-10-17T14:15:13.495+0000][846.557s][debug][safepoint     ] ... found polling page return exception at pc = 0x00007fc1a54a9604, stub =0x00007fc19c840600
[2023-10-17T14:15:13.495+0000][846.557s][debug][safepoint     ] ... found polling page return exception at pc = 0x00007fc1a54a9604, stub =0x00007fc19c840600
[2023-10-17T14:15:14.497+0000][847.559s][debug][safepoint     ] Safepoint synchronization initiated. (187 threads)
[2023-10-17T14:15:14.498+0000][847.560s][info ][safepoint     ] Application time: 1.0009975 seconds
[2023-10-17T14:15:14.499+0000][847.561s][info ][safepoint     ] Entering safepoint region: Cleanup
[2023-10-17T14:15:14.500+0000][847.562s][info ][safepoint     ] Leaving safepoint region
[2023-10-17T14:15:14.500+0000][847.562s][info ][safepoint     ] Total time for which application threads were stopped: 0.0016382 seconds, Stopping threads took: 0.0007522 seconds
[2023-10-17T14:15:15.501+0000][848.563s][debug][safepoint     ] Safepoint synchronization initiated. (187 threads)
[2023-10-17T14:15:15.502+0000][848.564s][info ][safepoint     ] Application time: 1.0013860 seconds
[2023-10-17T14:15:15.504+0000][848.565s][info ][safepoint     ] Entering safepoint region: Cleanup
[2023-10-17T14:15:15.505+0000][848.566s][info ][safepoint     ] Leaving safepoint region
[2023-10-17T14:15:15.505+0000][848.567s][info ][safepoint     ] Total time for which application threads were stopped: 0.0020019 seconds, Stopping threads took: 0.0008151 seconds
[2023-10-17T14:15:16.506+0000][849.568s][debug][safepoint     ] Safepoint synchronization initiated. (187 threads)
[2023-10-17T14:15:16.508+0000][849.569s][info ][safepoint     ] Application time: 1.0014163 seconds
[2023-10-17T14:15:16.509+0000][849.570s][info ][safepoint     ] Entering safepoint region: Cleanup
[2023-10-17T14:15:16.510+0000][849.572s][info ][safepoint     ] Leaving safepoint region
[2023-10-17T14:15:16.511+0000][849.573s][info ][safepoint     ] Total time for which application threads were stopped: 0.0023756 seconds, Stopping threads took: 0.0010384 seconds
[2023-10-17T14:15:17.512+0000][850.574s][debug][safepoint     ] Safepoint synchronization initiated. (187 threads)
[2023-10-17T14:15:17.513+0000][850.575s][info ][safepoint     ] Application time: 1.0011349 seconds
[2023-10-17T14:15:17.514+0000][850.576s][info ][safepoint     ] Entering safepoint region: Cleanup
[2023-10-17T14:15:17.515+0000][850.577s][info ][safepoint     ] Leaving safepoint region
[2023-10-17T14:15:17.516+0000][850.577s][info ][safepoint     ] Total time for which application threads were stopped: 0.0018821 seconds, Stopping threads took: 0.0007533 seconds
[2023-10-17T14:15:18.516+0000][851.578s][debug][safepoint     ] Safepoint synchronization initiated. (187 threads)
[2023-10-17T14:15:18.517+0000][851.579s][info ][safepoint     ] Application time: 1.0012212 seconds
[2023-10-17T14:15:18.518+0000][851.580s][info ][safepoint     ] Entering safepoint region: Cleanup
[2023-10-17T14:15:18.519+0000][851.581s][info ][safepoint     ] Leaving safepoint region
[2023-10-17T14:15:18.520+0000][851.582s][info ][safepoint     ] Total time for which application threads were stopped: 0.0016818 seconds, Stopping threads took: 0.0007233 seconds
[2023-10-17T14:15:19.506+0000][852.582s][debug][safepoint     ] Safepoint synchronization initiated. (187 threads)
[2023-10-17T14:15:19.507+0000][852.583s][info ][safepoint     ] Application time: 1.0012478 seconds
[2023-10-17T14:15:19.508+0000][852.584s][info ][safepoint     ] Entering safepoint region: Cleanup
[2023-10-17T14:15:19.509+0000][852.586s][info ][safepoint     ] Leaving safepoint region
[2023-10-17T14:15:19.510+0000][852.586s][info ][safepoint     ] Total time for which application threads were stopped: 0.0022901 seconds, Stopping threads took: 0.0009840 seconds
[2023-10-17T14:15:20.511+0000][853.588s][debug][safepoint     ] Safepoint synchronization initiated. (187 threads)
[2023-10-17T14:15:20.512+0000][853.589s][info ][safepoint     ] Application time: 1.0013055 seconds
[2023-10-17T14:15:20.513+0000][853.589s][info ][safepoint     ] Entering safepoint region: Cleanup
[2023-10-17T14:15:20.514+0000][853.590s][info ][safepoint     ] Leaving safepoint region
[2023-10-17T14:15:20.515+0000][853.591s][info ][safepoint     ] Total time for which application threads were stopped: 0.0019848 seconds, Stopping threads took: 0.0007532 seconds
[2023-10-17T14:15:21.517+0000][854.593s][debug][safepoint     ] Safepoint synchronization initiated. (187 threads)
[2023-10-17T14:15:21.518+0000][854.594s][info ][safepoint     ] Application time: 1.0015507 seconds
[2023-10-17T14:15:21.519+0000][854.595s][info ][safepoint     ] Entering safepoint region: Cleanup
[2023-10-17T14:15:21.520+0000][854.596s][info ][safepoint     ] Leaving safepoint region
[2023-10-17T14:15:21.521+0000][854.598s][info ][safepoint     ] Total time for which application threads were stopped: 0.0026470 seconds, Stopping threads took: 0.0009645 seconds
[2023-10-17T14:15:22.523+0000][855.599s][debug][safepoint     ] Safepoint synchronization initiated. (187 threads)
[2023-10-17T14:15:22.524+0000][855.600s][info ][safepoint     ] Application time: 1.0016592 seconds
[2023-10-17T14:15:22.525+0000][855.601s][info ][safepoint     ] Entering safepoint region: Cleanup
[2023-10-17T14:15:22.527+0000][855.603s][info ][safepoint     ] Leaving safepoint region
[2023-10-17T14:15:22.528+0000][855.604s][info ][safepoint     ] Total time for which application threads were stopped: 0.0027172 seconds, Stopping threads took: 0.0011625 seconds
[2023-10-17T14:15:23.529+0000][856.605s][debug][safepoint     ] Safepoint synchronization initiated. (187 threads)
[2023-10-17T14:15:23.530+0000][856.607s][info ][safepoint     ] Application time: 1.0016889 seconds
[2023-10-17T14:15:23.532+0000][856.608s][info ][safepoint     ] Entering safepoint region: Cleanup
[2023-10-17T14:15:23.533+0000][856.610s][info ][safepoint     ] Leaving safepoint region
[2023-10-17T14:15:23.534+0000][856.611s][info ][safepoint     ] Total time for which application threads were stopped: 0.0026440 seconds, Stopping threads took: 0.0011012 seconds
[2023-10-17T14:15:24.536+0000][857.612s][debug][safepoint     ] Safepoint synchronization initiated. (187 threads)
[2023-10-17T14:15:24.537+0000][857.613s][info ][safepoint     ] Application time: 1.0016733 seconds
[2023-10-17T14:15:24.538+0000][857.615s][info ][safepoint     ] Entering safepoint region: Cleanup
[2023-10-17T14:15:24.540+0000][857.616s][info ][safepoint     ] Leaving safepoint region
[2023-10-17T14:15:24.541+0000][857.617s][info ][safepoint     ] Total time for which application threads were stopped: 0.0025449 seconds, Stopping threads took: 0.0012810 seconds
[2023-10-17T14:15:25.542+0000][858.618s][debug][safepoint     ] Safepoint synchronization initiated. (187 threads)
[2023-10-17T14:15:25.543+0000][858.619s][info ][safepoint     ] Application time: 1.0013674 seconds
[2023-10-17T14:15:25.544+0000][858.620s][info ][safepoint     ] Entering safepoint region: Cleanup
[2023-10-17T14:15:25.545+0000][858.621s][info ][safepoint     ] Leaving safepoint region
[2023-10-17T14:15:25.546+0000][858.622s][info ][safepoint     ] Total time for which application threads were stopped: 0.0018474 seconds, Stopping threads took: 0.0008499 seconds
[2023-10-17T14:15:26.547+0000][859.623s][debug][safepoint     ] Safepoint synchronization initiated. (187 threads)
[2023-10-17T14:15:26.548+0000][859.624s][info ][safepoint     ] Application time: 1.0011923 seconds
[2023-10-17T14:15:26.549+0000][859.625s][info ][safepoint     ] Entering safepoint region: Cleanup
[2023-10-17T14:15:26.550+0000][859.626s][info ][safepoint     ] Leaving safepoint region
[2023-10-17T14:15:26.551+0000][859.627s][info ][safepoint     ] Total time for which application threads were stopped: 0.0020021 seconds, Stopping threads took: 0.0009147 seconds
[2023-10-17T14:15:27.552+0000][860.628s][debug][safepoint     ] Safepoint synchronization initiated. (187 threads)
[2023-10-17T14:15:27.553+0000][860.629s][info ][safepoint     ] Application time: 1.0010955 seconds
[2023-10-17T14:15:27.553+0000][860.630s][info ][safepoint     ] Entering safepoint region: Cleanup
[2023-10-17T14:15:27.554+0000][860.631s][info ][safepoint     ] Leaving safepoint region
[2023-10-17T14:15:27.555+0000][860.631s][info ][safepoint     ] Total time for which application threads were stopped: 0.0019037 seconds, Stopping threads took: 0.0008163 seconds
[2023-10-17T14:15:28.556+0000][861.632s][debug][safepoint     ] Safepoint synchronization initiated. (187 threads)
[2023-10-17T14:15:28.558+0000][861.634s][info ][safepoint     ] Application time: 1.0017870 seconds
[2023-10-17T14:15:28.559+0000][861.635s][info ][safepoint     ] Entering safepoint region: Cleanup
[2023-10-17T14:15:28.561+0000][861.637s][info ][safepoint     ] Leaving safepoint region
[2023-10-17T14:15:28.561+0000][861.637s][info ][safepoint     ] Total time for which application threads were stopped: 0.0021180 seconds, Stopping threads took: 0.0010687 seconds
[2023-10-17T14:15:29.562+0000][862.639s][debug][safepoint     ] Safepoint synchronization initiated. (187 threads)
[2023-10-17T14:15:29.563+0000][862.640s][info ][safepoint     ] Application time: 1.0014852 seconds
[2023-10-17T14:15:29.564+0000][862.640s][info ][safepoint     ] Entering safepoint region: Cleanup
[2023-10-17T14:15:29.565+0000][862.641s][info ][safepoint     ] Leaving safepoint region
[2023-10-17T14:15:29.566+0000][862.642s][info ][safepoint     ] Total time for which application threads were stopped: 0.0017054 seconds, Stopping threads took: 0.0006112 seconds
[2023-10-17T14:15:30.567+0000][863.643s][debug][safepoint     ] Safepoint synchronization initiated. (187 threads)
[2023-10-17T14:15:30.568+0000][863.644s][info ][safepoint     ] Application time: 1.0014838 seconds
[2023-10-17T14:15:30.569+0000][863.646s][info ][safepoint     ] Entering safepoint region: Cleanup
[2023-10-17T14:15:30.571+0000][863.647s][info ][safepoint     ] Leaving safepoint region
[2023-10-17T14:15:30.572+0000][863.648s][info ][safepoint     ] Total time for which application threads were stopped: 0.0023609 seconds, Stopping threads took: 0.0010592 seconds
[2023-10-17T14:15:31.573+0000][864.649s][debug][safepoint     ] Safepoint synchronization initiated. (187 threads)
[2023-10-17T14:15:31.574+0000][864.650s][info ][safepoint     ] Application time: 1.0015733 seconds
[2023-10-17T14:15:31.576+0000][864.652s][debug][safepoint     ] ... found polling page return exception at pc = 0x00007fc1a4beda62, stub =0x00007fc19c840600
[2023-10-17T14:15:31.577+0000][864.653s][debug][safepoint     ] Waiting for 1 thread(s) to block
[2023-10-17T14:15:31.578+0000][864.654s][info ][safepoint     ] Entering safepoint region: Cleanup
[2023-10-17T14:15:31.579+0000][864.655s][info ][safepoint     ] Leaving safepoint region
[2023-10-17T14:15:31.580+0000][864.656s][info ][safepoint     ] Total time for which application threads were stopped: 0.0044782 seconds, Stopping threads took: 0.0031178 seconds
[2023-10-17T14:15:32.581+0000][865.657s][debug][safepoint     ] Safepoint synchronization initiated. (187 threads)
[2023-10-17T14:15:32.582+0000][865.658s][info ][safepoint     ] Application time: 1.0014292 seconds
[2023-10-17T14:15:32.583+0000][865.659s][info ][safepoint     ] Entering safepoint region: Cleanup
[2023-10-17T14:15:32.584+0000][865.661s][info ][safepoint     ] Leaving safepoint region
[2023-10-17T14:15:32.585+0000][865.661s][info ][safepoint     ] Total time for which application threads were stopped: 0.0020486 seconds, Stopping threads took: 0.0009534 seconds
[2023-10-17T14:15:33.586+0000][866.662s][debug][safepoint     ] Safepoint synchronization initiated. (187 threads)
[2023-10-17T14:15:33.587+0000][866.664s][info ][safepoint     ] Application time: 1.0014629 seconds
[2023-10-17T14:15:33.588+0000][866.665s][info ][safepoint     ] Entering safepoint region: Cleanup
[2023-10-17T14:15:33.590+0000][866.666s][info ][safepoint     ] Leaving safepoint region
[2023-10-17T14:15:33.591+0000][866.667s][info ][safepoint     ] Total time for which application threads were stopped: 0.0025403 seconds, Stopping threads took: 0.0010546 seconds
[2023-10-17T14:15:34.592+0000][867.668s][debug][safepoint     ] Safepoint synchronization initiated. (187 threads)
[2023-10-17T14:15:34.593+0000][867.669s][info ][safepoint     ] Application time: 1.0013179 seconds
[2023-10-17T14:15:34.594+0000][867.671s][info ][safepoint     ] Entering safepoint region: Cleanup
[2023-10-17T14:15:34.595+0000][867.672s][info ][safepoint     ] Leaving safepoint region
[2023-10-17T14:15:34.596+0000][867.672s][info ][safepoint     ] Total time for which application threads were stopped: 0.0018693 seconds, Stopping threads took: 0.0009184 seconds
[2023-10-17T14:15:35.597+0000][868.673s][debug][safepoint     ] Safepoint synchronization initiated. (187 threads)
[2023-10-17T14:15:35.598+0000][868.674s][info ][safepoint     ] Application time: 1.0011336 seconds
[2023-10-17T14:15:35.599+0000][868.675s][info ][safepoint     ] Entering safepoint region: Cleanup
[2023-10-17T14:15:35.600+0000][868.676s][info ][safepoint     ] Leaving safepoint region
[2023-10-17T14:15:35.600+0000][868.677s][info ][safepoint     ] Total time for which application threads were stopped: 0.0017536 seconds, Stopping threads took: 0.0008789 seconds
[2023-10-17T14:15:36.601+0000][869.678s][debug][safepoint     ] Safepoint synchronization initiated. (187 threads)
[2023-10-17T14:15:36.603+0000][869.679s][info ][safepoint     ] Application time: 1.0017408 seconds
[2023-10-17T14:15:36.604+0000][869.680s][info ][safepoint     ] Entering safepoint region: Cleanup
[2023-10-17T14:15:36.605+0000][869.681s][info ][safepoint     ] Leaving safepoint region
[2023-10-17T14:15:36.605+0000][869.682s][info ][safepoint     ] Total time for which application threads were stopped: 0.0016435 seconds, Stopping threads took: 0.0007402 seconds
[2023-10-17T14:15:37.606+0000][870.683s][debug][safepoint     ] Safepoint synchronization initiated. (187 threads)
[2023-10-17T14:15:37.607+0000][870.684s][info ][safepoint     ] Application time: 1.0012901 seconds
[2023-10-17T14:15:37.608+0000][870.685s][info ][safepoint     ] Entering safepoint region: Cleanup
[2023-10-17T14:15:37.609+0000][870.686s][info ][safepoint     ] Leaving safepoint region
[2023-10-17T14:15:37.610+0000][870.686s][info ][safepoint     ] Total time for which application threads were stopped: 0.0018673 seconds, Stopping threads took: 0.0009211 seconds
[2023-10-17T14:15:38.611+0000][871.688s][debug][safepoint     ] Safepoint synchronization initiated. (187 threads)
[2023-10-17T14:15:38.612+0000][871.689s][info ][safepoint     ] Application time: 1.0012805 seconds
[2023-10-17T14:15:38.613+0000][871.689s][info ][safepoint     ] Entering safepoint region: Cleanup
[2023-10-17T14:15:38.614+0000][871.691s][info ][safepoint     ] Leaving safepoint region
[2023-10-17T14:15:38.615+0000][871.691s][info ][safepoint     ] Total time for which application threads were stopped: 0.0018652 seconds, Stopping threads took: 0.0008947 seconds
[2023-10-17T14:15:39.616+0000][872.692s][debug][safepoint     ] Safepoint synchronization initiated. (187 threads)
[2023-10-17T14:15:39.617+0000][872.693s][info ][safepoint     ] Application time: 1.0012357 seconds
[2023-10-17T14:15:39.618+0000][872.694s][info ][safepoint     ] Entering safepoint region: Cleanup
[2023-10-17T14:15:39.619+0000][872.695s][info ][safepoint     ] Leaving safepoint region
[2023-10-17T14:15:39.620+0000][872.696s][info ][safepoint     ] Total time for which application threads were stopped: 0.0019388 seconds, Stopping threads took: 0.0007963 seconds
[2023-10-17T14:15:40.621+0000][873.697s][debug][safepoint     ] Safepoint synchronization initiated. (187 threads)
[2023-10-17T14:15:40.622+0000][873.698s][info ][safepoint     ] Application time: 1.0013518 seconds
[2023-10-17T14:15:40.623+0000][873.699s][info ][safepoint     ] Entering safepoint region: Cleanup
[2023-10-17T14:15:40.624+0000][873.701s][info ][safepoint     ] Leaving safepoint region
[2023-10-17T14:15:40.625+0000][873.702s][info ][safepoint     ] Total time for which application threads were stopped: 0.0023509 seconds, Stopping threads took: 0.0010841 seconds
[2023-10-17T14:15:41.627+0000][874.703s][debug][safepoint     ] Safepoint synchronization initiated. (187 threads)
[2023-10-17T14:15:41.628+0000][874.705s][info ][safepoint     ] Application time: 1.0019144 seconds
[2023-10-17T14:15:41.629+0000][874.706s][info ][safepoint     ] Entering safepoint region: Cleanup
[2023-10-17T14:15:41.630+0000][874.707s][info ][safepoint     ] Leaving safepoint region
[2023-10-17T14:15:41.631+0000][874.707s][info ][safepoint     ] Total time for which application threads were stopped: 0.0016334 seconds, Stopping threads took: 0.0008950 seconds
[2023-10-17T14:15:42.632+0000][875.708s][debug][safepoint     ] Safepoint synchronization initiated. (187 threads)
[2023-10-17T14:15:42.634+0000][875.710s][info ][safepoint     ] Application time: 1.0019895 seconds
[2023-10-17T14:15:42.635+0000][875.712s][info ][safepoint     ] Entering safepoint region: Cleanup
[2023-10-17T14:15:42.637+0000][875.713s][info ][safepoint     ] Leaving safepoint region
[2023-10-17T14:15:42.638+0000][875.714s][info ][safepoint     ] Total time for which application threads were stopped: 0.0021650 seconds, Stopping threads took: 0.0009833 seconds
[2023-10-17T14:15:43.639+0000][876.715s][debug][safepoint     ] Safepoint synchronization initiated. (187 threads)
[2023-10-17T14:15:43.640+0000][876.716s][info ][safepoint     ] Application time: 1.0014719 seconds
[2023-10-17T14:15:43.641+0000][876.717s][info ][safepoint     ] Entering safepoint region: Cleanup
[2023-10-17T14:15:43.642+0000][876.718s][debug][safepoint     ] ... found polling page return exception at pc = 0x00007fc1a54a9604, stub =0x00007fc19c840600
[2023-10-17T14:15:43.642+0000][876.718s][info ][safepoint     ] Leaving safepoint region
[2023-10-17T14:15:43.643+0000][876.719s][info ][safepoint     ] Total time for which application threads were stopped: 0.0022527 seconds, Stopping threads took: 0.0006361 seconds
[2023-10-17T14:15:44.644+0000][877.720s][debug][safepoint     ] Safepoint synchronization initiated. (186 threads)
[2023-10-17T14:15:44.646+0000][877.722s][info ][safepoint     ] Application time: 1.0017809 seconds
[2023-10-17T14:15:44.646+0000][877.723s][info ][safepoint     ] Entering safepoint region: Cleanup
[2023-10-17T14:15:44.647+0000][877.724s][info ][safepoint     ] Leaving safepoint region
[2023-10-17T14:15:44.648+0000][877.724s][info ][safepoint     ] Total time for which application threads were stopped: 0.0018471 seconds, Stopping threads took: 0.0008496 seconds
[2023-10-17T14:15:45.649+0000][878.726s][debug][safepoint     ] Safepoint synchronization initiated. (186 threads)
[2023-10-17T14:15:45.651+0000][878.727s][info ][safepoint     ] Application time: 1.0016109 seconds
[2023-10-17T14:15:45.652+0000][878.728s][info ][safepoint     ] Entering safepoint region: Cleanup
[2023-10-17T14:15:45.653+0000][878.729s][info ][safepoint     ] Leaving safepoint region
[2023-10-17T14:15:45.654+0000][878.730s][info ][safepoint     ] Total time for which application threads were stopped: 0.0020143 seconds, Stopping threads took: 0.0008215 seconds
[2023-10-17T14:15:46.655+0000][879.731s][debug][safepoint     ] Safepoint synchronization initiated. (186 threads)
[2023-10-17T14:15:46.656+0000][879.732s][info ][safepoint     ] Application time: 1.0013353 seconds
[2023-10-17T14:15:46.657+0000][879.733s][info ][safepoint     ] Entering safepoint region: Cleanup
[2023-10-17T14:15:46.658+0000][879.734s][info ][safepoint     ] Leaving safepoint region
[2023-10-17T14:15:46.659+0000][879.735s][info ][safepoint     ] Total time for which application threads were stopped: 0.0019016 seconds, Stopping threads took: 0.0008754 seconds
[2023-10-17T14:15:47.660+0000][880.736s][debug][safepoint     ] Safepoint synchronization initiated. (186 threads)
[2023-10-17T14:15:47.661+0000][880.737s][info ][safepoint     ] Application time: 1.0013575 seconds
[2023-10-17T14:15:47.662+0000][880.738s][info ][safepoint     ] Entering safepoint region: Cleanup
[2023-10-17T14:15:47.663+0000][880.739s][info ][safepoint     ] Leaving safepoint region
[2023-10-17T14:15:47.664+0000][880.740s][info ][safepoint     ] Total time for which application threads were stopped: 0.0020512 seconds, Stopping threads took: 0.0008985 seconds
[2023-10-17T14:15:48.394+0000][881.470s][debug][safepoint     ] Safepoint synchronization initiated. (186 threads)
[2023-10-17T14:15:48.395+0000][881.471s][info ][safepoint     ] Application time: 0.7301880 seconds
[2023-10-17T14:15:48.396+0000][881.472s][info ][safepoint     ] Entering safepoint region: G1CollectForAllocation
[2023-10-17T14:15:48.397+0000][881.473s][info ][gc,start      ] GC(70) Pause Young (Normal) (G1 Evacuation Pause)
[2023-10-17T14:15:48.397+0000][881.474s][info ][gc,task       ] GC(70) Using 8 workers of 8 for evacuation
[2023-10-17T14:15:48.409+0000][881.486s][info ][gc,phases     ] GC(70)   Pre Evacuate Collection Set: 0.0ms
[2023-10-17T14:15:48.410+0000][881.487s][info ][gc,phases     ] GC(70)   Evacuate Collection Set: 7.5ms
[2023-10-17T14:15:48.411+0000][881.487s][info ][gc,phases     ] GC(70)   Post Evacuate Collection Set: 3.6ms
[2023-10-17T14:15:48.412+0000][881.488s][info ][gc,phases     ] GC(70)   Other: 1.5ms
[2023-10-17T14:15:48.413+0000][881.489s][info ][gc,heap       ] GC(70) Eden regions: 192->0(193)
[2023-10-17T14:15:48.413+0000][881.490s][info ][gc,heap       ] GC(70) Survivor regions: 11->11(26)
[2023-10-17T14:15:48.414+0000][881.490s][info ][gc,heap       ] GC(70) Old regions: 158->158
[2023-10-17T14:15:48.415+0000][881.491s][info ][gc,heap       ] GC(70) Humongous regions: 0->0
[2023-10-17T14:15:48.415+0000][881.492s][info ][gc,metaspace  ] GC(70) Metaspace: 173186K(187508K)->173186K(187508K) NonClass: 153140K(164596K)->153140K(164596K) Class: 20045K(22912K)->20045K(22912K)
[2023-10-17T14:15:48.416+0000][881.492s][info ][gc            ] GC(70) Pause Young (Normal) (G1 Evacuation Pause) 359M->167M(415M) 19.384ms
[2023-10-17T14:15:48.417+0000][881.493s][info ][gc,cpu        ] GC(70) User=0.07s Sys=0.00s Real=0.02s
[2023-10-17T14:15:48.418+0000][881.494s][info ][safepoint     ] Leaving safepoint region
[2023-10-17T14:15:48.418+0000][881.495s][info ][safepoint     ] Total time for which application threads were stopped: 0.0226414 seconds, Stopping threads took: 0.0008987 seconds
[2023-10-17T14:15:48.419+0000][881.495s][info ][gc,stringdedup] Concurrent String Deduplication (881.495s)
[2023-10-17T14:15:48.423+0000][881.500s][info ][gc,stringdedup] Concurrent String Deduplication 542.3K->300.4K(241.9K) avg 53.3% (881.495s, 881.500s) 4.331ms
[2023-10-17T14:15:49.417+0000][882.495s][debug][safepoint     ] Safepoint synchronization initiated. (186 threads)
[2023-10-17T14:15:49.418+0000][882.497s][info ][safepoint     ] Application time: 1.0013010 seconds
[2023-10-17T14:15:49.419+0000][882.498s][info ][safepoint     ] Entering safepoint region: Cleanup
[2023-10-17T14:15:49.420+0000][882.499s][info ][safepoint     ] Leaving safepoint region
[2023-10-17T14:15:49.421+0000][882.500s][info ][safepoint     ] Total time for which application threads were stopped: 0.0022348 seconds, Stopping threads took: 0.0009709 seconds
[2023-10-17T14:15:50.422+0000][883.501s][debug][safepoint     ] Safepoint synchronization initiated. (186 threads)
[2023-10-17T14:15:50.423+0000][883.502s][info ][safepoint     ] Application time: 1.0013953 seconds
[2023-10-17T14:15:50.424+0000][883.503s][info ][safepoint     ] Entering safepoint region: Cleanup
[2023-10-17T14:15:50.425+0000][883.504s][info ][safepoint     ] Leaving safepoint region
[2023-10-17T14:15:50.426+0000][883.505s][info ][safepoint     ] Total time for which application threads were stopped: 0.0020245 seconds, Stopping threads took: 0.0010373 seconds
[2023-10-17T14:15:51.427+0000][884.506s][debug][safepoint     ] Safepoint synchronization initiated. (186 threads)
[2023-10-17T14:15:51.428+0000][884.507s][info ][safepoint     ] Application time: 1.0010776 seconds
[2023-10-17T14:15:51.429+0000][884.507s][info ][safepoint     ] Entering safepoint region: Cleanup
[2023-10-17T14:15:51.430+0000][884.508s][info ][safepoint     ] Leaving safepoint region
[2023-10-17T14:15:51.430+0000][884.509s][info ][safepoint     ] Total time for which application threads were stopped: 0.0018607 seconds, Stopping threads took: 0.0006538 seconds
[2023-10-17T14:15:52.431+0000][885.510s][debug][safepoint     ] Safepoint synchronization initiated. (186 threads)
[2023-10-17T14:15:52.433+0000][885.511s][info ][safepoint     ] Application time: 1.0016509 seconds
[2023-10-17T14:15:52.434+0000][885.513s][info ][safepoint     ] Entering safepoint region: Cleanup
[2023-10-17T14:15:52.435+0000][885.514s][info ][safepoint     ] Leaving safepoint region
[2023-10-17T14:15:52.436+0000][885.515s][info ][safepoint     ] Total time for which application threads were stopped: 0.0019307 seconds, Stopping threads took: 0.0008781 seconds
[2023-10-17T14:15:53.437+0000][886.516s][debug][safepoint     ] Safepoint synchronization initiated. (185 threads)
[2023-10-17T14:15:53.438+0000][886.517s][info ][safepoint     ] Application time: 1.0013989 seconds
[2023-10-17T14:15:53.439+0000][886.518s][info ][safepoint     ] Entering safepoint region: Cleanup
[2023-10-17T14:15:53.440+0000][886.519s][info ][safepoint     ] Leaving safepoint region
[2023-10-17T14:15:53.441+0000][886.520s][info ][safepoint     ] Total time for which application threads were stopped: 0.0018672 seconds, Stopping threads took: 0.0008102 seconds
[2023-10-17T14:15:54.442+0000][887.521s][debug][safepoint     ] Safepoint synchronization initiated. (185 threads)
[2023-10-17T14:15:54.443+0000][887.522s][info ][safepoint     ] Application time: 1.0013313 seconds
[2023-10-17T14:15:54.444+0000][887.523s][info ][safepoint     ] Entering safepoint region: Cleanup
[2023-10-17T14:15:54.445+0000][887.524s][info ][safepoint     ] Leaving safepoint region
[2023-10-17T14:15:54.446+0000][887.524s][info ][safepoint     ] Total time for which application threads were stopped: 0.0017162 seconds, Stopping threads took: 0.0008505 seconds
[2023-10-17T14:15:55.447+0000][888.525s][debug][safepoint     ] Safepoint synchronization initiated. (185 threads)
[2023-10-17T14:15:55.448+0000][888.526s][info ][safepoint     ] Application time: 1.0014051 seconds
[2023-10-17T14:15:55.449+0000][888.527s][info ][safepoint     ] Entering safepoint region: Cleanup
[2023-10-17T14:15:55.450+0000][888.528s][info ][safepoint     ] Leaving safepoint region
[2023-10-17T14:15:55.450+0000][888.529s][info ][safepoint     ] Total time for which application threads were stopped: 0.0016740 seconds, Stopping threads took: 0.0007302 seconds
[2023-10-17T14:15:56.452+0000][889.530s][debug][safepoint     ] Safepoint synchronization initiated. (185 threads)
[2023-10-17T14:15:56.453+0000][889.531s][info ][safepoint     ] Application time: 1.0015703 seconds
[2023-10-17T14:15:56.454+0000][889.532s][info ][safepoint     ] Entering safepoint region: Cleanup
[2023-10-17T14:15:56.455+0000][889.534s][info ][safepoint     ] Leaving safepoint region
[2023-10-17T14:15:56.456+0000][889.535s][info ][safepoint     ] Total time for which application threads were stopped: 0.0023907 seconds, Stopping threads took: 0.0010991 seconds
[2023-10-17T14:15:57.457+0000][890.536s][debug][safepoint     ] Safepoint synchronization initiated. (185 threads)
[2023-10-17T14:15:57.458+0000][890.537s][info ][safepoint     ] Application time: 1.0009943 seconds
[2023-10-17T14:15:57.459+0000][890.537s][info ][safepoint     ] Entering safepoint region: Cleanup
[2023-10-17T14:15:57.459+0000][890.538s][info ][safepoint     ] Leaving safepoint region
[2023-10-17T14:15:57.460+0000][890.538s][info ][safepoint     ] Total time for which application threads were stopped: 0.0012040 seconds, Stopping threads took: 0.0004988 seconds
[2023-10-17T14:15:58.461+0000][891.539s][debug][safepoint     ] Safepoint synchronization initiated. (185 threads)
[2023-10-17T14:15:58.462+0000][891.541s][info ][safepoint     ] Application time: 1.0017737 seconds
[2023-10-17T14:15:58.463+0000][891.542s][info ][safepoint     ] Entering safepoint region: Cleanup
[2023-10-17T14:15:58.465+0000][891.543s][info ][safepoint     ] Leaving safepoint region
[2023-10-17T14:15:58.466+0000][891.545s][info ][safepoint     ] Total time for which application threads were stopped: 0.0032672 seconds, Stopping threads took: 0.0012157 seconds
[2023-10-17T14:15:59.468+0000][892.546s][debug][safepoint     ] Safepoint synchronization initiated. (185 threads)
[2023-10-17T14:15:59.469+0000][892.547s][info ][safepoint     ] Application time: 1.0013799 seconds
[2023-10-17T14:15:59.470+0000][892.548s][info ][safepoint     ] Entering safepoint region: Cleanup
[2023-10-17T14:15:59.471+0000][892.549s][info ][safepoint     ] Leaving safepoint region
[2023-10-17T14:15:59.472+0000][892.550s][info ][safepoint     ] Total time for which application threads were stopped: 0.0020163 seconds, Stopping threads took: 0.0008896 seconds
[2023-10-17T14:16:00.473+0000][893.551s][debug][safepoint     ] Safepoint synchronization initiated. (185 threads)
[2023-10-17T14:16:00.474+0000][893.552s][info ][safepoint     ] Application time: 1.0015829 seconds
[2023-10-17T14:16:00.475+0000][893.553s][info ][safepoint     ] Entering safepoint region: Cleanup
[2023-10-17T14:16:00.476+0000][893.555s][info ][safepoint     ] Leaving safepoint region
[2023-10-17T14:16:00.477+0000][893.555s][info ][safepoint     ] Total time for which application threads were stopped: 0.0022146 seconds, Stopping threads took: 0.0010259 seconds
[2023-10-17T14:16:01.478+0000][894.556s][debug][safepoint     ] Safepoint synchronization initiated. (185 threads)
[2023-10-17T14:16:01.479+0000][894.557s][info ][safepoint     ] Application time: 1.0012863 seconds
[2023-10-17T14:16:01.480+0000][894.559s][info ][safepoint     ] Entering safepoint region: Cleanup
[2023-10-17T14:16:01.481+0000][894.560s][info ][safepoint     ] Leaving safepoint region
[2023-10-17T14:16:01.482+0000][894.561s][info ][safepoint     ] Total time for which application threads were stopped: 0.0021458 seconds, Stopping threads took: 0.0009086 seconds
[2023-10-17T14:16:02.483+0000][895.562s][debug][safepoint     ] Safepoint synchronization initiated. (185 threads)
[2023-10-17T14:16:02.484+0000][895.563s][info ][safepoint     ] Application time: 1.0013229 seconds
[2023-10-17T14:16:02.485+0000][895.564s][info ][safepoint     ] Entering safepoint region: Cleanup
[2023-10-17T14:16:02.486+0000][895.565s][info ][safepoint     ] Leaving safepoint region
[2023-10-17T14:16:02.487+0000][895.565s][info ][safepoint     ] Total time for which application threads were stopped: 0.0018077 seconds, Stopping threads took: 0.0009452 seconds
[2023-10-17T14:16:03.488+0000][896.567s][debug][safepoint     ] Safepoint synchronization initiated. (185 threads)
[2023-10-17T14:16:03.489+0000][896.568s][info ][safepoint     ] Application time: 1.0013388 seconds
[2023-10-17T14:16:03.490+0000][896.568s][info ][safepoint     ] Entering safepoint region: Cleanup
[2023-10-17T14:16:03.491+0000][896.570s][info ][safepoint     ] Leaving safepoint region
[2023-10-17T14:16:03.492+0000][896.571s][info ][safepoint     ] Total time for which application threads were stopped: 0.0021395 seconds, Stopping threads took: 0.0009412 seconds
[2023-10-17T14:16:04.493+0000][897.572s][debug][safepoint     ] Safepoint synchronization initiated. (185 threads)
[2023-10-17T14:16:04.494+0000][897.573s][info ][safepoint     ] Application time: 1.0013830 seconds
[2023-10-17T14:16:04.495+0000][897.574s][info ][safepoint     ] Entering safepoint region: Cleanup
[2023-10-17T14:16:04.497+0000][897.575s][info ][safepoint     ] Leaving safepoint region
[2023-10-17T14:16:04.497+0000][897.576s][info ][safepoint     ] Total time for which application threads were stopped: 0.0020922 seconds, Stopping threads took: 0.0009226 seconds
[2023-10-17T14:16:05.498+0000][898.577s][debug][safepoint     ] Safepoint synchronization initiated. (185 threads)
[2023-10-17T14:16:05.499+0000][898.578s][info ][safepoint     ] Application time: 1.0011783 seconds
[2023-10-17T14:16:05.500+0000][898.579s][info ][safepoint     ] Entering safepoint region: Cleanup
[2023-10-17T14:16:05.501+0000][898.580s][info ][safepoint     ] Leaving safepoint region
[2023-10-17T14:16:05.502+0000][898.581s][info ][safepoint     ] Total time for which application threads were stopped: 0.0019064 seconds, Stopping threads took: 0.0008342 seconds
[2023-10-17T14:16:06.503+0000][899.582s][debug][safepoint     ] Safepoint synchronization initiated. (185 threads)
[2023-10-17T14:16:06.504+0000][899.583s][info ][safepoint     ] Application time: 1.0009242 seconds
[2023-10-17T14:16:06.505+0000][899.583s][info ][safepoint     ] Entering safepoint region: Cleanup
[2023-10-17T14:16:06.506+0000][899.585s][info ][safepoint     ] Leaving safepoint region
[2023-10-17T14:16:06.507+0000][899.586s][info ][safepoint     ] Total time for which application threads were stopped: 0.0023341 seconds, Stopping threads took: 0.0010300 seconds
[2023-10-17T14:16:07.508+0000][900.587s][debug][safepoint     ] Safepoint synchronization initiated. (185 threads)
[2023-10-17T14:16:07.509+0000][900.588s][info ][safepoint     ] Application time: 1.0015238 seconds
[2023-10-17T14:16:07.510+0000][900.589s][info ][safepoint     ] Entering safepoint region: Cleanup
[2023-10-17T14:16:07.511+0000][900.590s][info ][safepoint     ] Leaving safepoint region
[2023-10-17T14:16:07.512+0000][900.591s][info ][safepoint     ] Total time for which application threads were stopped: 0.0017456 seconds, Stopping threads took: 0.0007451 seconds
[2023-10-17T14:16:08.513+0000][901.592s][debug][safepoint     ] Safepoint synchronization initiated. (185 threads)
[2023-10-17T14:16:08.514+0000][901.592s][info ][safepoint     ] Application time: 1.0012835 seconds
[2023-10-17T14:16:08.515+0000][901.594s][info ][safepoint     ] Entering safepoint region: Cleanup
[2023-10-17T14:16:08.516+0000][901.595s][info ][safepoint     ] Leaving safepoint region
[2023-10-17T14:16:08.517+0000][901.595s][info ][safepoint     ] Total time for which application threads were stopped: 0.0018966 seconds, Stopping threads took: 0.0008611 seconds
[2023-10-17T14:16:09.518+0000][902.596s][debug][safepoint     ] Safepoint synchronization initiated. (185 threads)
[2023-10-17T14:16:09.519+0000][902.597s][info ][safepoint     ] Application time: 1.0011618 seconds
[2023-10-17T14:16:09.519+0000][902.598s][info ][safepoint     ] Entering safepoint region: Cleanup
[2023-10-17T14:16:09.520+0000][902.599s][info ][safepoint     ] Leaving safepoint region
[2023-10-17T14:16:09.521+0000][902.599s][info ][safepoint     ] Total time for which application threads were stopped: 0.0014974 seconds, Stopping threads took: 0.0006673 seconds
[2023-10-17T14:16:10.522+0000][903.600s][debug][safepoint     ] Safepoint synchronization initiated. (185 threads)
[2023-10-17T14:16:10.523+0000][903.601s][info ][safepoint     ] Application time: 1.0014977 seconds
[2023-10-17T14:16:10.524+0000][903.603s][info ][safepoint     ] Entering safepoint region: Cleanup
[2023-10-17T14:16:10.525+0000][903.604s][info ][safepoint     ] Leaving safepoint region
[2023-10-17T14:16:10.526+0000][903.604s][info ][safepoint     ] Total time for which application threads were stopped: 0.0016957 seconds, Stopping threads took: 0.0007865 seconds
[2023-10-17T14:16:11.527+0000][904.605s][debug][safepoint     ] Safepoint synchronization initiated. (185 threads)
[2023-10-17T14:16:11.528+0000][904.606s][info ][safepoint     ] Application time: 1.0014348 seconds
[2023-10-17T14:16:11.529+0000][904.608s][info ][safepoint     ] Entering safepoint region: Cleanup
[2023-10-17T14:16:11.530+0000][904.609s][info ][safepoint     ] Leaving safepoint region
[2023-10-17T14:16:11.531+0000][904.610s][info ][safepoint     ] Total time for which application threads were stopped: 0.0023006 seconds, Stopping threads took: 0.0010338 seconds
[2023-10-17T14:16:12.533+0000][905.611s][debug][safepoint     ] Safepoint synchronization initiated. (185 threads)
[2023-10-17T14:16:12.534+0000][905.612s][info ][safepoint     ] Application time: 1.0016602 seconds
[2023-10-17T14:16:12.535+0000][905.614s][info ][safepoint     ] Entering safepoint region: Cleanup
[2023-10-17T14:16:12.537+0000][905.615s][info ][safepoint     ] Leaving safepoint region
[2023-10-17T14:16:12.538+0000][905.616s][info ][safepoint     ] Total time for which application threads were stopped: 0.0027934 seconds, Stopping threads took: 0.0011098 seconds
[2023-10-17T14:16:13.539+0000][906.618s][debug][safepoint     ] Safepoint synchronization initiated. (185 threads)
[2023-10-17T14:16:13.540+0000][906.619s][info ][safepoint     ] Application time: 1.0015650 seconds
[2023-10-17T14:16:13.541+0000][906.620s][info ][safepoint     ] Entering safepoint region: Cleanup
[2023-10-17T14:16:13.543+0000][906.621s][info ][safepoint     ] Leaving safepoint region
[2023-10-17T14:16:13.544+0000][906.622s][info ][safepoint     ] Total time for which application threads were stopped: 0.0023237 seconds, Stopping threads took: 0.0010316 seconds
[2023-10-17T14:16:14.545+0000][907.623s][debug][safepoint     ] Safepoint synchronization initiated. (185 threads)
[2023-10-17T14:16:14.546+0000][907.624s][info ][safepoint     ] Application time: 1.0011899 seconds
[2023-10-17T14:16:14.546+0000][907.625s][info ][safepoint     ] Entering safepoint region: Cleanup
[2023-10-17T14:16:14.547+0000][907.626s][info ][safepoint     ] Leaving safepoint region
[2023-10-17T14:16:14.548+0000][907.627s][info ][safepoint     ] Total time for which application threads were stopped: 0.0018235 seconds, Stopping threads took: 0.0006846 seconds
[2023-10-17T14:16:15.549+0000][908.628s][debug][safepoint     ] Safepoint synchronization initiated. (185 threads)
[2023-10-17T14:16:15.550+0000][908.629s][info ][safepoint     ] Application time: 1.0011826 seconds
[2023-10-17T14:16:15.551+0000][908.630s][info ][safepoint     ] Entering safepoint region: Cleanup
[2023-10-17T14:16:15.553+0000][908.631s][info ][safepoint     ] Leaving safepoint region
[2023-10-17T14:16:15.553+0000][908.632s][info ][safepoint     ] Total time for which application threads were stopped: 0.0024005 seconds, Stopping threads took: 0.0013420 seconds
[2023-10-17T14:16:16.554+0000][909.633s][debug][safepoint     ] Safepoint synchronization initiated. (185 threads)
[2023-10-17T14:16:16.555+0000][909.634s][info ][safepoint     ] Application time: 1.0011538 seconds
[2023-10-17T14:16:16.556+0000][909.635s][info ][safepoint     ] Entering safepoint region: Cleanup
[2023-10-17T14:16:16.559+0000][909.638s][info ][safepoint     ] Leaving safepoint region
[2023-10-17T14:16:16.560+0000][909.638s][info ][safepoint     ] Total time for which application threads were stopped: 0.0037327 seconds, Stopping threads took: 0.0023602 seconds
[2023-10-17T14:16:17.561+0000][910.640s][debug][safepoint     ] Safepoint synchronization initiated. (185 threads)
[2023-10-17T14:16:17.562+0000][910.641s][info ][safepoint     ] Application time: 1.0013442 seconds
[2023-10-17T14:16:17.563+0000][910.641s][info ][safepoint     ] Entering safepoint region: Cleanup
[2023-10-17T14:16:17.564+0000][910.642s][info ][safepoint     ] Leaving safepoint region
[2023-10-17T14:16:17.564+0000][910.643s][info ][safepoint     ] Total time for which application threads were stopped: 0.0013962 seconds, Stopping threads took: 0.0006378 seconds
[2023-10-17T14:16:18.564+0000][911.644s][debug][safepoint     ] Safepoint synchronization initiated. (185 threads)
[2023-10-17T14:16:18.566+0000][911.645s][info ][safepoint     ] Application time: 1.0016054 seconds
[2023-10-17T14:16:18.567+0000][911.646s][debug][safepoint     ] Waiting for 1 thread(s) to block
[2023-10-17T14:16:18.568+0000][911.648s][info ][safepoint     ] Entering safepoint region: Cleanup
[2023-10-17T14:16:18.570+0000][911.649s][info ][safepoint     ] Leaving safepoint region
[2023-10-17T14:16:18.571+0000][911.650s][info ][safepoint     ] Total time for which application threads were stopped: 0.0040247 seconds, Stopping threads took: 0.0024685 seconds
[2023-10-17T14:16:19.572+0000][912.652s][debug][safepoint     ] Safepoint synchronization initiated. (185 threads)
[2023-10-17T14:16:19.573+0000][912.652s][info ][safepoint     ] Application time: 1.0010769 seconds
[2023-10-17T14:16:19.574+0000][912.654s][info ][safepoint     ] Entering safepoint region: Cleanup
[2023-10-17T14:16:19.575+0000][912.655s][info ][safepoint     ] Leaving safepoint region
[2023-10-17T14:16:19.576+0000][912.656s][info ][safepoint     ] Total time for which application threads were stopped: 0.0022182 seconds, Stopping threads took: 0.0011039 seconds
[2023-10-17T14:16:20.577+0000][913.657s][debug][safepoint     ] Safepoint synchronization initiated. (185 threads)
[2023-10-17T14:16:20.578+0000][913.658s][info ][safepoint     ] Application time: 1.0010722 seconds
[2023-10-17T14:16:20.579+0000][913.658s][info ][safepoint     ] Entering safepoint region: Cleanup
[2023-10-17T14:16:20.580+0000][913.659s][info ][safepoint     ] Leaving safepoint region
[2023-10-17T14:16:20.580+0000][913.660s][info ][safepoint     ] Total time for which application threads were stopped: 0.0015222 seconds, Stopping threads took: 0.0006319 seconds
[2023-10-17T14:16:21.581+0000][914.661s][debug][safepoint     ] Safepoint synchronization initiated. (185 threads)
[2023-10-17T14:16:21.582+0000][914.662s][info ][safepoint     ] Application time: 1.0012259 seconds
[2023-10-17T14:16:21.583+0000][914.663s][info ][safepoint     ] Entering safepoint region: Cleanup
[2023-10-17T14:16:21.584+0000][914.664s][info ][safepoint     ] Leaving safepoint region
[2023-10-17T14:16:21.585+0000][914.664s][info ][safepoint     ] Total time for which application threads were stopped: 0.0016919 seconds, Stopping threads took: 0.0007963 seconds
[2023-10-17T14:16:22.586+0000][915.665s][debug][safepoint     ] Safepoint synchronization initiated. (185 threads)
[2023-10-17T14:16:22.587+0000][915.666s][info ][safepoint     ] Application time: 1.0011398 seconds
[2023-10-17T14:16:22.588+0000][915.667s][info ][safepoint     ] Entering safepoint region: Cleanup
[2023-10-17T14:16:22.589+0000][915.668s][info ][safepoint     ] Leaving safepoint region
[2023-10-17T14:16:22.590+0000][915.669s][info ][safepoint     ] Total time for which application threads were stopped: 0.0020898 seconds, Stopping threads took: 0.0007989 seconds
[2023-10-17T14:16:23.592+0000][916.671s][debug][safepoint     ] Safepoint synchronization initiated. (185 threads)
[2023-10-17T14:16:23.593+0000][916.672s][info ][safepoint     ] Application time: 1.0013738 seconds
[2023-10-17T14:16:23.593+0000][916.673s][info ][safepoint     ] Entering safepoint region: Cleanup
[2023-10-17T14:16:23.594+0000][916.674s][info ][safepoint     ] Leaving safepoint region
[2023-10-17T14:16:23.595+0000][916.675s][info ][safepoint     ] Total time for which application threads were stopped: 0.0020130 seconds, Stopping threads took: 0.0007237 seconds
[2023-10-17T14:16:24.597+0000][917.676s][debug][safepoint     ] Safepoint synchronization initiated. (185 threads)
[2023-10-17T14:16:24.598+0000][917.677s][info ][safepoint     ] Application time: 1.0014185 seconds
[2023-10-17T14:16:24.599+0000][917.678s][info ][safepoint     ] Entering safepoint region: Cleanup
[2023-10-17T14:16:24.600+0000][917.680s][info ][safepoint     ] Leaving safepoint region
[2023-10-17T14:16:24.601+0000][917.680s][info ][safepoint     ] Total time for which application threads were stopped: 0.0019825 seconds, Stopping threads took: 0.0009267 seconds
[2023-10-17T14:16:25.602+0000][918.681s][debug][safepoint     ] Safepoint synchronization initiated. (185 threads)
[2023-10-17T14:16:25.603+0000][918.682s][info ][safepoint     ] Application time: 1.0010947 seconds
[2023-10-17T14:16:25.603+0000][918.683s][info ][safepoint     ] Entering safepoint region: Cleanup
[2023-10-17T14:16:25.605+0000][918.684s][info ][safepoint     ] Leaving safepoint region
[2023-10-17T14:16:25.606+0000][918.685s][info ][safepoint     ] Total time for which application threads were stopped: 0.0021192 seconds, Stopping threads took: 0.0009694 seconds
[2023-10-17T14:16:26.607+0000][919.686s][debug][safepoint     ] Safepoint synchronization initiated. (185 threads)
[2023-10-17T14:16:26.608+0000][919.688s][info ][safepoint     ] Application time: 1.0020786 seconds
[2023-10-17T14:16:26.609+0000][919.689s][debug][safepoint     ] Waiting for 1 thread(s) to block
[2023-10-17T14:16:26.610+0000][919.689s][info ][safepoint     ] Entering safepoint region: Cleanup
[2023-10-17T14:16:26.611+0000][919.691s][info ][safepoint     ] Leaving safepoint region
[2023-10-17T14:16:26.612+0000][919.691s][info ][safepoint     ] Total time for which application threads were stopped: 0.0031280 seconds, Stopping threads took: 0.0019998 seconds
[2023-10-17T14:16:27.613+0000][920.692s][debug][safepoint     ] Safepoint synchronization initiated. (185 threads)
[2023-10-17T14:16:27.614+0000][920.693s][info ][safepoint     ] Application time: 1.0010931 seconds
[2023-10-17T14:16:27.615+0000][920.695s][info ][safepoint     ] Entering safepoint region: Cleanup
[2023-10-17T14:16:27.616+0000][920.696s][info ][safepoint     ] Leaving safepoint region
[2023-10-17T14:16:27.617+0000][920.696s][info ][safepoint     ] Total time for which application threads were stopped: 0.0018874 seconds, Stopping threads took: 0.0008138 seconds
[2023-10-17T14:16:28.618+0000][921.697s][debug][safepoint     ] Safepoint synchronization initiated. (185 threads)
[2023-10-17T14:16:28.619+0000][921.698s][info ][safepoint     ] Application time: 1.0010622 seconds
[2023-10-17T14:16:28.619+0000][921.699s][info ][safepoint     ] Entering safepoint region: Cleanup
[2023-10-17T14:16:28.621+0000][921.700s][info ][safepoint     ] Leaving safepoint region
[2023-10-17T14:16:28.621+0000][921.701s][info ][safepoint     ] Total time for which application threads were stopped: 0.0019262 seconds, Stopping threads took: 0.0008125 seconds
[2023-10-17T14:16:29.622+0000][922.702s][debug][safepoint     ] Safepoint synchronization initiated. (185 threads)
[2023-10-17T14:16:29.623+0000][922.703s][info ][safepoint     ] Application time: 1.0011150 seconds
[2023-10-17T14:16:29.624+0000][922.703s][info ][safepoint     ] Entering safepoint region: Cleanup
[2023-10-17T14:16:29.625+0000][922.704s][info ][safepoint     ] Leaving safepoint region
[2023-10-17T14:16:29.626+0000][922.705s][info ][safepoint     ] Total time for which application threads were stopped: 0.0018215 seconds, Stopping threads took: 0.0007274 seconds
[2023-10-17T14:16:30.627+0000][923.707s][debug][safepoint     ] Safepoint synchronization initiated. (185 threads)
[2023-10-17T14:16:30.628+0000][923.708s][info ][safepoint     ] Application time: 1.0012564 seconds
[2023-10-17T14:16:30.629+0000][923.708s][info ][safepoint     ] Entering safepoint region: Cleanup
[2023-10-17T14:16:30.630+0000][923.710s][info ][safepoint     ] Leaving safepoint region
[2023-10-17T14:16:30.631+0000][923.711s][info ][safepoint     ] Total time for which application threads were stopped: 0.0021186 seconds, Stopping threads took: 0.0009666 seconds
[2023-10-17T14:16:31.632+0000][924.712s][debug][safepoint     ] Safepoint synchronization initiated. (185 threads)
[2023-10-17T14:16:31.634+0000][924.713s][info ][safepoint     ] Application time: 1.0019461 seconds
[2023-10-17T14:16:31.635+0000][924.715s][info ][safepoint     ] Entering safepoint region: Cleanup
[2023-10-17T14:16:31.637+0000][924.716s][info ][safepoint     ] Leaving safepoint region
[2023-10-17T14:16:31.637+0000][924.717s][info ][safepoint     ] Total time for which application threads were stopped: 0.0024549 seconds, Stopping threads took: 0.0013049 seconds
[2023-10-17T14:16:32.639+0000][925.718s][debug][safepoint     ] Safepoint synchronization initiated. (185 threads)
[2023-10-17T14:16:32.640+0000][925.719s][info ][safepoint     ] Application time: 1.0014897 seconds
[2023-10-17T14:16:32.641+0000][925.720s][info ][safepoint     ] Entering safepoint region: Cleanup
[2023-10-17T14:16:32.643+0000][925.722s][info ][safepoint     ] Leaving safepoint region
[2023-10-17T14:16:32.644+0000][925.723s][info ][safepoint     ] Total time for which application threads were stopped: 0.0028592 seconds, Stopping threads took: 0.0014820 seconds
[2023-10-17T14:16:33.644+0000][926.724s][debug][safepoint     ] Safepoint synchronization initiated. (185 threads)
[2023-10-17T14:16:33.646+0000][926.725s][info ][safepoint     ] Application time: 1.0015209 seconds
[2023-10-17T14:16:33.647+0000][926.726s][info ][safepoint     ] Entering safepoint region: Cleanup
[2023-10-17T14:16:33.648+0000][926.727s][info ][safepoint     ] Leaving safepoint region
[2023-10-17T14:16:33.649+0000][926.728s][info ][safepoint     ] Total time for which application threads were stopped: 0.0022943 seconds, Stopping threads took: 0.0010413 seconds
[2023-10-17T14:16:34.650+0000][927.730s][debug][safepoint     ] Safepoint synchronization initiated. (185 threads)
[2023-10-17T14:16:34.651+0000][927.731s][info ][safepoint     ] Application time: 1.0012840 seconds
[2023-10-17T14:16:34.652+0000][927.732s][info ][safepoint     ] Entering safepoint region: Cleanup
[2023-10-17T14:16:34.653+0000][927.733s][info ][safepoint     ] Leaving safepoint region
[2023-10-17T14:16:34.654+0000][927.733s][info ][safepoint     ] Total time for which application threads were stopped: 0.0017127 seconds, Stopping threads took: 0.0007671 seconds
[2023-10-17T14:16:35.655+0000][928.734s][debug][safepoint     ] Safepoint synchronization initiated. (185 threads)
[2023-10-17T14:16:35.656+0000][928.735s][info ][safepoint     ] Application time: 1.0012678 seconds
[2023-10-17T14:16:35.657+0000][928.736s][info ][safepoint     ] Entering safepoint region: Cleanup
[2023-10-17T14:16:35.658+0000][928.737s][info ][safepoint     ] Leaving safepoint region
[2023-10-17T14:16:35.659+0000][928.738s][info ][safepoint     ] Total time for which application threads were stopped: 0.0019059 seconds, Stopping threads took: 0.0007349 seconds
[2023-10-17T14:16:36.660+0000][929.739s][debug][safepoint     ] Safepoint synchronization initiated. (185 threads)
[2023-10-17T14:16:36.661+0000][929.740s][info ][safepoint     ] Application time: 1.0012015 seconds
[2023-10-17T14:16:36.661+0000][929.741s][info ][safepoint     ] Entering safepoint region: Cleanup
[2023-10-17T14:16:36.662+0000][929.742s][info ][safepoint     ] Leaving safepoint region
[2023-10-17T14:16:36.663+0000][929.743s][info ][safepoint     ] Total time for which application threads were stopped: 0.0019088 seconds, Stopping threads took: 0.0008495 seconds
[2023-10-17T14:16:37.664+0000][930.744s][debug][safepoint     ] Safepoint synchronization initiated. (185 threads)
[2023-10-17T14:16:37.666+0000][930.745s][info ][safepoint     ] Application time: 1.0015139 seconds
[2023-10-17T14:16:37.667+0000][930.746s][info ][safepoint     ] Entering safepoint region: Cleanup
[2023-10-17T14:16:37.668+0000][930.747s][info ][safepoint     ] Leaving safepoint region
[2023-10-17T14:16:37.669+0000][930.748s][info ][safepoint     ] Total time for which application threads were stopped: 0.0021905 seconds, Stopping threads took: 0.0008791 seconds
[2023-10-17T14:16:38.670+0000][931.749s][debug][safepoint     ] Safepoint synchronization initiated. (185 threads)
[2023-10-17T14:16:38.671+0000][931.750s][info ][safepoint     ] Application time: 1.0013660 seconds
[2023-10-17T14:16:38.672+0000][931.751s][info ][safepoint     ] Entering safepoint region: Cleanup
[2023-10-17T14:16:38.673+0000][931.753s][info ][safepoint     ] Leaving safepoint region
[2023-10-17T14:16:38.674+0000][931.754s][info ][safepoint     ] Total time for which application threads were stopped: 0.0024262 seconds, Stopping threads took: 0.0011293 seconds
[2023-10-17T14:16:39.676+0000][932.755s][debug][safepoint     ] Safepoint synchronization initiated. (185 threads)
[2023-10-17T14:16:39.676+0000][932.756s][info ][safepoint     ] Application time: 1.0011669 seconds
[2023-10-17T14:16:39.677+0000][932.757s][info ][safepoint     ] Entering safepoint region: Cleanup
[2023-10-17T14:16:39.678+0000][932.758s][info ][safepoint     ] Leaving safepoint region
[2023-10-17T14:16:39.679+0000][932.758s][info ][safepoint     ] Total time for which application threads were stopped: 0.0016257 seconds, Stopping threads took: 0.0005402 seconds
[2023-10-17T14:16:40.680+0000][933.759s][debug][safepoint     ] Safepoint synchronization initiated. (185 threads)
[2023-10-17T14:16:40.681+0000][933.760s][info ][safepoint     ] Application time: 1.0013442 seconds
[2023-10-17T14:16:40.682+0000][933.761s][info ][safepoint     ] Entering safepoint region: Cleanup
[2023-10-17T14:16:40.683+0000][933.762s][info ][safepoint     ] Leaving safepoint region
[2023-10-17T14:16:40.684+0000][933.763s][info ][safepoint     ] Total time for which application threads were stopped: 0.0019433 seconds, Stopping threads took: 0.0009860 seconds
[2023-10-17T14:16:41.685+0000][934.764s][debug][safepoint     ] Safepoint synchronization initiated. (185 threads)
[2023-10-17T14:16:41.686+0000][934.765s][info ][safepoint     ] Application time: 1.0013259 seconds
[2023-10-17T14:16:41.687+0000][934.766s][info ][safepoint     ] Entering safepoint region: Cleanup
[2023-10-17T14:16:41.688+0000][934.767s][info ][safepoint     ] Leaving safepoint region
[2023-10-17T14:16:41.688+0000][934.768s][info ][safepoint     ] Total time for which application threads were stopped: 0.0018704 seconds, Stopping threads took: 0.0008497 seconds
[2023-10-17T14:16:42.690+0000][935.769s][debug][safepoint     ] Safepoint synchronization initiated. (185 threads)
[2023-10-17T14:16:42.691+0000][935.770s][info ][safepoint     ] Application time: 1.0014286 seconds
[2023-10-17T14:16:42.692+0000][935.771s][info ][safepoint     ] Entering safepoint region: Cleanup
[2023-10-17T14:16:42.693+0000][935.772s][info ][safepoint     ] Leaving safepoint region
[2023-10-17T14:16:42.693+0000][935.773s][info ][safepoint     ] Total time for which application threads were stopped: 0.0018823 seconds, Stopping threads took: 0.0008035 seconds
[2023-10-17T14:16:43.695+0000][936.774s][debug][safepoint     ] Safepoint synchronization initiated. (185 threads)
[2023-10-17T14:16:43.696+0000][936.775s][info ][safepoint     ] Application time: 1.0013309 seconds
[2023-10-17T14:16:43.697+0000][936.776s][info ][safepoint     ] Entering safepoint region: Cleanup
[2023-10-17T14:16:43.698+0000][936.777s][info ][safepoint     ] Leaving safepoint region
[2023-10-17T14:16:43.698+0000][936.778s][info ][safepoint     ] Total time for which application threads were stopped: 0.0018545 seconds, Stopping threads took: 0.0008094 seconds
[2023-10-17T14:16:44.700+0000][937.779s][debug][safepoint     ] Safepoint synchronization initiated. (184 threads)
[2023-10-17T14:16:44.701+0000][937.780s][info ][safepoint     ] Application time: 1.0014115 seconds
[2023-10-17T14:16:44.701+0000][937.781s][info ][safepoint     ] Entering safepoint region: Cleanup
[2023-10-17T14:16:44.703+0000][937.782s][info ][safepoint     ] Leaving safepoint region
[2023-10-17T14:16:44.703+0000][937.783s][info ][safepoint     ] Total time for which application threads were stopped: 0.0021110 seconds, Stopping threads took: 0.0010031 seconds
[2023-10-17T14:16:45.705+0000][938.784s][debug][safepoint     ] Safepoint synchronization initiated. (184 threads)
[2023-10-17T14:16:45.706+0000][938.785s][info ][safepoint     ] Application time: 1.0013893 seconds
[2023-10-17T14:16:45.707+0000][938.786s][info ][safepoint     ] Entering safepoint region: Cleanup
[2023-10-17T14:16:45.708+0000][938.787s][info ][safepoint     ] Leaving safepoint region
[2023-10-17T14:16:45.709+0000][938.788s][info ][safepoint     ] Total time for which application threads were stopped: 0.0022144 seconds, Stopping threads took: 0.0008718 seconds
[2023-10-17T14:16:46.710+0000][939.789s][debug][safepoint     ] Safepoint synchronization initiated. (184 threads)
[2023-10-17T14:16:46.711+0000][939.790s][info ][safepoint     ] Application time: 1.0016328 seconds
[2023-10-17T14:16:46.713+0000][939.792s][info ][safepoint     ] Entering safepoint region: Cleanup
[2023-10-17T14:16:46.714+0000][939.794s][info ][safepoint     ] Leaving safepoint region
[2023-10-17T14:16:46.715+0000][939.795s][info ][safepoint     ] Total time for which application threads were stopped: 0.0027204 seconds, Stopping threads took: 0.0014909 seconds
[2023-10-17T14:16:47.716+0000][940.796s][debug][safepoint     ] Safepoint synchronization initiated. (184 threads)
[2023-10-17T14:16:47.718+0000][940.797s][info ][safepoint     ] Application time: 1.0018707 seconds
[2023-10-17T14:16:47.719+0000][940.799s][info ][safepoint     ] Entering safepoint region: Cleanup
[2023-10-17T14:16:47.721+0000][940.800s][info ][safepoint     ] Leaving safepoint region
[2023-10-17T14:16:47.722+0000][940.802s][info ][safepoint     ] Total time for which application threads were stopped: 0.0031919 seconds, Stopping threads took: 0.0013799 seconds
[2023-10-17T14:16:48.724+0000][941.803s][debug][safepoint     ] Safepoint synchronization initiated. (184 threads)
[2023-10-17T14:16:48.725+0000][941.804s][info ][safepoint     ] Application time: 1.0011930 seconds
[2023-10-17T14:16:48.726+0000][941.805s][info ][safepoint     ] Entering safepoint region: Cleanup
[2023-10-17T14:16:48.727+0000][941.806s][info ][safepoint     ] Leaving safepoint region
[2023-10-17T14:16:48.728+0000][941.807s][info ][safepoint     ] Total time for which application threads were stopped: 0.0018183 seconds, Stopping threads took: 0.0008454 seconds
[2023-10-17T14:16:49.729+0000][942.808s][debug][safepoint     ] Safepoint synchronization initiated. (184 threads)
[2023-10-17T14:16:49.730+0000][942.809s][info ][safepoint     ] Application time: 1.0010030 seconds
[2023-10-17T14:16:49.732+0000][942.811s][info ][safepoint     ] Entering safepoint region: Cleanup
[2023-10-17T14:16:49.734+0000][942.813s][info ][safepoint     ] Leaving safepoint region
[2023-10-17T14:16:49.735+0000][942.814s][info ][safepoint     ] Total time for which application threads were stopped: 0.0031797 seconds, Stopping threads took: 0.0016717 seconds
[2023-10-17T14:16:50.736+0000][943.815s][debug][safepoint     ] Safepoint synchronization initiated. (184 threads)
[2023-10-17T14:16:50.738+0000][943.817s][info ][safepoint     ] Application time: 1.0019758 seconds
[2023-10-17T14:16:50.739+0000][943.818s][info ][safepoint     ] Entering safepoint region: Cleanup
[2023-10-17T14:16:50.740+0000][943.819s][info ][safepoint     ] Leaving safepoint region
[2023-10-17T14:16:50.741+0000][943.820s][info ][safepoint     ] Total time for which application threads were stopped: 0.0016806 seconds, Stopping threads took: 0.0009070 seconds
[2023-10-17T14:16:51.741+0000][944.821s][debug][safepoint     ] Safepoint synchronization initiated. (184 threads)
[2023-10-17T14:16:51.742+0000][944.821s][info ][safepoint     ] Application time: 1.0011373 seconds
[2023-10-17T14:16:51.743+0000][944.822s][info ][safepoint     ] Entering safepoint region: Cleanup
[2023-10-17T14:16:51.745+0000][944.824s][info ][safepoint     ] Leaving safepoint region
[2023-10-17T14:16:51.746+0000][944.825s][info ][safepoint     ] Total time for which application threads were stopped: 0.0023190 seconds, Stopping threads took: 0.0010094 seconds
[2023-10-17T14:16:52.747+0000][945.826s][debug][safepoint     ] Safepoint synchronization initiated. (183 threads)
[2023-10-17T14:16:52.748+0000][945.827s][info ][safepoint     ] Application time: 1.0014743 seconds
[2023-10-17T14:16:52.749+0000][945.828s][info ][safepoint     ] Entering safepoint region: Cleanup
[2023-10-17T14:16:52.750+0000][945.829s][info ][safepoint     ] Leaving safepoint region
[2023-10-17T14:16:52.752+0000][945.831s][info ][safepoint     ] Total time for which application threads were stopped: 0.0027732 seconds, Stopping threads took: 0.0010600 seconds
[2023-10-17T14:16:53.753+0000][946.832s][debug][safepoint     ] Safepoint synchronization initiated. (183 threads)
[2023-10-17T14:16:53.754+0000][946.833s][info ][safepoint     ] Application time: 1.0011191 seconds
[2023-10-17T14:16:53.755+0000][946.834s][info ][safepoint     ] Entering safepoint region: Cleanup
[2023-10-17T14:16:53.756+0000][946.835s][info ][safepoint     ] Leaving safepoint region
[2023-10-17T14:16:53.757+0000][946.836s][info ][safepoint     ] Total time for which application threads were stopped: 0.0018005 seconds, Stopping threads took: 0.0007698 seconds
[2023-10-17T14:16:54.758+0000][947.837s][debug][safepoint     ] Safepoint synchronization initiated. (183 threads)
[2023-10-17T14:16:54.759+0000][947.839s][info ][safepoint     ] Application time: 1.0022438 seconds
[2023-10-17T14:16:54.761+0000][947.840s][info ][safepoint     ] Entering safepoint region: Cleanup
[2023-10-17T14:16:54.762+0000][947.841s][info ][safepoint     ] Leaving safepoint region
[2023-10-17T14:16:54.763+0000][947.842s][info ][safepoint     ] Total time for which application threads were stopped: 0.0021362 seconds, Stopping threads took: 0.0009800 seconds
[2023-10-17T14:16:55.764+0000][948.843s][debug][safepoint     ] Safepoint synchronization initiated. (183 threads)
[2023-10-17T14:16:55.765+0000][948.844s][info ][safepoint     ] Application time: 1.0014879 seconds
[2023-10-17T14:16:55.767+0000][948.846s][info ][safepoint     ] Entering safepoint region: Cleanup
[2023-10-17T14:16:55.768+0000][948.847s][info ][safepoint     ] Leaving safepoint region
[2023-10-17T14:16:55.769+0000][948.848s][info ][safepoint     ] Total time for which application threads were stopped: 0.0026918 seconds, Stopping threads took: 0.0012216 seconds
[2023-10-17T14:16:56.770+0000][949.850s][debug][safepoint     ] Safepoint synchronization initiated. (183 threads)
[2023-10-17T14:16:56.772+0000][949.851s][info ][safepoint     ] Application time: 1.0015257 seconds
[2023-10-17T14:16:56.773+0000][949.852s][info ][safepoint     ] Entering safepoint region: Cleanup
[2023-10-17T14:16:56.774+0000][949.853s][info ][safepoint     ] Leaving safepoint region
[2023-10-17T14:16:56.775+0000][949.854s][info ][safepoint     ] Total time for which application threads were stopped: 0.0021236 seconds, Stopping threads took: 0.0012971 seconds
[2023-10-17T14:16:57.775+0000][950.855s][debug][safepoint     ] Safepoint synchronization initiated. (183 threads)
[2023-10-17T14:16:57.777+0000][950.856s][info ][safepoint     ] Application time: 1.0013394 seconds
[2023-10-17T14:16:57.777+0000][950.856s][info ][safepoint     ] Entering safepoint region: Cleanup
[2023-10-17T14:16:57.778+0000][950.857s][info ][safepoint     ] Leaving safepoint region
[2023-10-17T14:16:57.780+0000][950.859s][info ][safepoint     ] Total time for which application threads were stopped: 0.0024297 seconds, Stopping threads took: 0.0007772 seconds
[2023-10-17T14:16:58.781+0000][951.860s][debug][safepoint     ] Safepoint synchronization initiated. (183 threads)
[2023-10-17T14:16:58.782+0000][951.861s][info ][safepoint     ] Application time: 1.0017144 seconds
[2023-10-17T14:16:58.783+0000][951.862s][info ][safepoint     ] Entering safepoint region: Cleanup
[2023-10-17T14:16:58.784+0000][951.863s][info ][safepoint     ] Leaving safepoint region
[2023-10-17T14:16:58.785+0000][951.864s][info ][safepoint     ] Total time for which application threads were stopped: 0.0020729 seconds, Stopping threads took: 0.0010118 seconds
[2023-10-17T14:16:59.786+0000][952.865s][debug][safepoint     ] Safepoint synchronization initiated. (183 threads)
[2023-10-17T14:16:59.787+0000][952.866s][info ][safepoint     ] Application time: 1.0011113 seconds
[2023-10-17T14:16:59.788+0000][952.867s][info ][safepoint     ] Entering safepoint region: Cleanup
[2023-10-17T14:16:59.789+0000][952.868s][info ][safepoint     ] Leaving safepoint region
[2023-10-17T14:16:59.790+0000][952.869s][info ][safepoint     ] Total time for which application threads were stopped: 0.0019074 seconds, Stopping threads took: 0.0007814 seconds
[2023-10-17T14:17:00.791+0000][953.870s][debug][safepoint     ] Safepoint synchronization initiated. (183 threads)
[2023-10-17T14:17:00.792+0000][953.871s][info ][safepoint     ] Application time: 1.0012187 seconds
[2023-10-17T14:17:00.794+0000][953.873s][debug][safepoint     ] ... found polling page return exception at pc = 0x00007fc1a46b049d, stub =0x00007fc19c840600
[2023-10-17T14:17:00.795+0000][953.874s][debug][safepoint     ] Waiting for 1 thread(s) to block
[2023-10-17T14:17:00.796+0000][953.875s][info ][safepoint     ] Entering safepoint region: Cleanup
[2023-10-17T14:17:00.797+0000][953.876s][info ][safepoint     ] Leaving safepoint region
[2023-10-17T14:17:00.798+0000][953.877s][info ][safepoint     ] Total time for which application threads were stopped: 0.0042521 seconds, Stopping threads took: 0.0031566 seconds
[2023-10-17T14:17:01.799+0000][954.878s][debug][safepoint     ] Safepoint synchronization initiated. (183 threads)
[2023-10-17T14:17:01.801+0000][954.880s][info ][safepoint     ] Application time: 1.0015720 seconds
[2023-10-17T14:17:01.802+0000][954.881s][info ][safepoint     ] Entering safepoint region: Cleanup
[2023-10-17T14:17:01.804+0000][954.883s][info ][safepoint     ] Leaving safepoint region
[2023-10-17T14:17:01.805+0000][954.884s][info ][safepoint     ] Total time for which application threads were stopped: 0.0034468 seconds, Stopping threads took: 0.0017667 seconds
[2023-10-17T14:17:02.806+0000][955.885s][debug][safepoint     ] Safepoint synchronization initiated. (183 threads)
[2023-10-17T14:17:02.807+0000][955.886s][info ][safepoint     ] Application time: 1.0013483 seconds
[2023-10-17T14:17:02.809+0000][955.888s][info ][safepoint     ] Entering safepoint region: Cleanup
[2023-10-17T14:17:02.810+0000][955.889s][info ][safepoint     ] Leaving safepoint region
[2023-10-17T14:17:02.811+0000][955.890s][info ][safepoint     ] Total time for which application threads were stopped: 0.0028169 seconds, Stopping threads took: 0.0012730 seconds
[2023-10-17T14:17:03.812+0000][956.892s][debug][safepoint     ] Safepoint synchronization initiated. (183 threads)
[2023-10-17T14:17:03.814+0000][956.893s][info ][safepoint     ] Application time: 1.0016242 seconds
[2023-10-17T14:17:03.815+0000][956.894s][info ][safepoint     ] Entering safepoint region: Cleanup
[2023-10-17T14:17:03.816+0000][956.895s][info ][safepoint     ] Leaving safepoint region
[2023-10-17T14:17:03.816+0000][956.896s][info ][safepoint     ] Total time for which application threads were stopped: 0.0019709 seconds, Stopping threads took: 0.0009379 seconds
[2023-10-17T14:17:04.818+0000][957.897s][debug][safepoint     ] Safepoint synchronization initiated. (184 threads)
[2023-10-17T14:17:04.820+0000][957.899s][info ][safepoint     ] Application time: 1.0015391 seconds
[2023-10-17T14:17:04.821+0000][957.900s][info ][safepoint     ] Entering safepoint region: Cleanup
[2023-10-17T14:17:04.822+0000][957.901s][info ][safepoint     ] Leaving safepoint region
[2023-10-17T14:17:04.822+0000][957.901s][info ][safepoint     ] Total time for which application threads were stopped: 0.0017174 seconds, Stopping threads took: 0.0007745 seconds
[2023-10-17T14:17:05.823+0000][958.902s][debug][safepoint     ] Safepoint synchronization initiated. (184 threads)
[2023-10-17T14:17:05.824+0000][958.903s][info ][safepoint     ] Application time: 1.0012750 seconds
[2023-10-17T14:17:05.825+0000][958.904s][info ][safepoint     ] Entering safepoint region: Cleanup
[2023-10-17T14:17:05.826+0000][958.905s][info ][safepoint     ] Leaving safepoint region
[2023-10-17T14:17:05.827+0000][958.906s][info ][safepoint     ] Total time for which application threads were stopped: 0.0018280 seconds, Stopping threads took: 0.0008409 seconds
[2023-10-17T14:17:06.828+0000][959.907s][debug][safepoint     ] Safepoint synchronization initiated. (184 threads)
[2023-10-17T14:17:06.829+0000][959.908s][info ][safepoint     ] Application time: 1.0014993 seconds
[2023-10-17T14:17:06.831+0000][959.910s][info ][safepoint     ] Entering safepoint region: Cleanup
[2023-10-17T14:17:06.832+0000][959.911s][info ][safepoint     ] Leaving safepoint region
[2023-10-17T14:17:06.832+0000][959.912s][info ][safepoint     ] Total time for which application threads were stopped: 0.0018207 seconds, Stopping threads took: 0.0009389 seconds
[2023-10-17T14:17:07.833+0000][960.912s][debug][safepoint     ] Safepoint synchronization initiated. (184 threads)
[2023-10-17T14:17:07.834+0000][960.914s][info ][safepoint     ] Application time: 1.0014247 seconds
[2023-10-17T14:17:07.835+0000][960.914s][info ][safepoint     ] Entering safepoint region: Cleanup
[2023-10-17T14:17:07.836+0000][960.915s][info ][safepoint     ] Leaving safepoint region
[2023-10-17T14:17:07.837+0000][960.916s][info ][safepoint     ] Total time for which application threads were stopped: 0.0016951 seconds, Stopping threads took: 0.0007580 seconds
[2023-10-17T14:17:08.838+0000][961.917s][debug][safepoint     ] Safepoint synchronization initiated. (184 threads)
[2023-10-17T14:17:08.839+0000][961.918s][info ][safepoint     ] Application time: 1.0012932 seconds
[2023-10-17T14:17:08.840+0000][961.919s][info ][safepoint     ] Entering safepoint region: Cleanup
[2023-10-17T14:17:08.841+0000][961.920s][info ][safepoint     ] Leaving safepoint region
[2023-10-17T14:17:08.841+0000][961.921s][info ][safepoint     ] Total time for which application threads were stopped: 0.0016741 seconds, Stopping threads took: 0.0007867 seconds
[2023-10-17T14:17:09.842+0000][962.921s][debug][safepoint     ] Safepoint synchronization initiated. (183 threads)
[2023-10-17T14:17:09.843+0000][962.922s][info ][safepoint     ] Application time: 1.0009543 seconds
[2023-10-17T14:17:09.844+0000][962.923s][info ][safepoint     ] Entering safepoint region: Cleanup
[2023-10-17T14:17:09.845+0000][962.924s][info ][safepoint     ] Leaving safepoint region
[2023-10-17T14:17:09.847+0000][962.926s][info ][safepoint     ] Total time for which application threads were stopped: 0.0032559 seconds, Stopping threads took: 0.0009151 seconds
[2023-10-17T14:17:10.848+0000][963.928s][debug][safepoint     ] Safepoint synchronization initiated. (183 threads)
[2023-10-17T14:17:10.849+0000][963.928s][info ][safepoint     ] Application time: 1.0012634 seconds
[2023-10-17T14:17:10.851+0000][963.930s][info ][safepoint     ] Entering safepoint region: Cleanup
[2023-10-17T14:17:10.852+0000][963.931s][info ][safepoint     ] Leaving safepoint region
[2023-10-17T14:17:10.852+0000][963.931s][info ][safepoint     ] Total time for which application threads were stopped: 0.0018442 seconds, Stopping threads took: 0.0008269 seconds
[2023-10-17T14:17:11.853+0000][964.932s][debug][safepoint     ] Safepoint synchronization initiated. (183 threads)
[2023-10-17T14:17:11.855+0000][964.934s][info ][safepoint     ] Application time: 1.0016839 seconds
[2023-10-17T14:17:11.855+0000][964.934s][info ][safepoint     ] Entering safepoint region: Cleanup
[2023-10-17T14:17:11.856+0000][964.935s][info ][safepoint     ] Leaving safepoint region
[2023-10-17T14:17:11.857+0000][964.936s][info ][safepoint     ] Total time for which application threads were stopped: 0.0016789 seconds, Stopping threads took: 0.0006533 seconds
[2023-10-17T14:17:12.858+0000][965.937s][debug][safepoint     ] Safepoint synchronization initiated. (183 threads)
[2023-10-17T14:17:12.859+0000][965.938s][info ][safepoint     ] Application time: 1.0015442 seconds
[2023-10-17T14:17:12.860+0000][965.939s][info ][safepoint     ] Entering safepoint region: Cleanup
[2023-10-17T14:17:12.861+0000][965.940s][info ][safepoint     ] Leaving safepoint region
[2023-10-17T14:17:12.862+0000][965.941s][info ][safepoint     ] Total time for which application threads were stopped: 0.0017346 seconds, Stopping threads took: 0.0008576 seconds
[2023-10-17T14:17:13.863+0000][966.942s][debug][safepoint     ] Safepoint synchronization initiated. (183 threads)
[2023-10-17T14:17:13.864+0000][966.943s][info ][safepoint     ] Application time: 1.0012935 seconds
[2023-10-17T14:17:13.864+0000][966.943s][info ][safepoint     ] Entering safepoint region: Cleanup
[2023-10-17T14:17:13.865+0000][966.944s][info ][safepoint     ] Leaving safepoint region
[2023-10-17T14:17:13.866+0000][966.945s][info ][safepoint     ] Total time for which application threads were stopped: 0.0015870 seconds, Stopping threads took: 0.0006427 seconds
[2023-10-17T14:17:14.867+0000][967.946s][debug][safepoint     ] Safepoint synchronization initiated. (183 threads)
[2023-10-17T14:17:14.869+0000][967.948s][info ][safepoint     ] Application time: 1.0019279 seconds
[2023-10-17T14:17:14.870+0000][967.949s][info ][safepoint     ] Entering safepoint region: Cleanup
[2023-10-17T14:17:14.871+0000][967.950s][info ][safepoint     ] Leaving safepoint region
[2023-10-17T14:17:14.872+0000][967.951s][info ][safepoint     ] Total time for which application threads were stopped: 0.0027270 seconds, Stopping threads took: 0.0009939 seconds
[2023-10-17T14:17:15.874+0000][968.953s][debug][safepoint     ] Safepoint synchronization initiated. (183 threads)
[2023-10-17T14:17:15.876+0000][968.955s][info ][safepoint     ] Application time: 1.0022301 seconds
[2023-10-17T14:17:15.877+0000][968.956s][info ][safepoint     ] Entering safepoint region: Cleanup
[2023-10-17T14:17:15.878+0000][968.957s][info ][safepoint     ] Leaving safepoint region
[2023-10-17T14:17:15.878+0000][968.957s][info ][safepoint     ] Total time for which application threads were stopped: 0.0018004 seconds, Stopping threads took: 0.0008532 seconds
[2023-10-17T14:17:16.879+0000][969.959s][debug][safepoint     ] Safepoint synchronization initiated. (183 threads)
[2023-10-17T14:17:16.880+0000][969.959s][info ][safepoint     ] Application time: 1.0011398 seconds
[2023-10-17T14:17:16.881+0000][969.960s][info ][safepoint     ] Entering safepoint region: Cleanup
[2023-10-17T14:17:16.882+0000][969.961s][info ][safepoint     ] Leaving safepoint region
[2023-10-17T14:17:16.883+0000][969.962s][info ][safepoint     ] Total time for which application threads were stopped: 0.0020129 seconds, Stopping threads took: 0.0010237 seconds
[2023-10-17T14:17:17.884+0000][970.963s][debug][safepoint     ] Safepoint synchronization initiated. (183 threads)
[2023-10-17T14:17:17.885+0000][970.964s][info ][safepoint     ] Application time: 1.0010253 seconds
[2023-10-17T14:17:17.886+0000][970.965s][info ][safepoint     ] Entering safepoint region: Cleanup
[2023-10-17T14:17:17.887+0000][970.966s][info ][safepoint     ] Leaving safepoint region
[2023-10-17T14:17:17.887+0000][970.967s][info ][safepoint     ] Total time for which application threads were stopped: 0.0017957 seconds, Stopping threads took: 0.0007132 seconds
[2023-10-17T14:17:18.889+0000][971.967s][debug][safepoint     ] Safepoint synchronization initiated. (183 threads)
[2023-10-17T14:17:18.889+0000][971.968s][info ][safepoint     ] Application time: 1.0008485 seconds
[2023-10-17T14:17:18.890+0000][971.969s][info ][safepoint     ] Entering safepoint region: Cleanup
[2023-10-17T14:17:18.891+0000][971.970s][info ][safepoint     ] Leaving safepoint region
[2023-10-17T14:17:18.892+0000][971.971s][info ][safepoint     ] Total time for which application threads were stopped: 0.0019542 seconds, Stopping threads took: 0.0008267 seconds
[2023-10-17T14:17:19.893+0000][972.972s][debug][safepoint     ] Safepoint synchronization initiated. (183 threads)
[2023-10-17T14:17:19.894+0000][972.973s][info ][safepoint     ] Application time: 1.0012397 seconds
[2023-10-17T14:17:19.895+0000][972.974s][info ][safepoint     ] Entering safepoint region: Cleanup
[2023-10-17T14:17:19.897+0000][972.975s][info ][safepoint     ] Leaving safepoint region
[2023-10-17T14:17:19.897+0000][972.976s][info ][safepoint     ] Total time for which application threads were stopped: 0.0025215 seconds, Stopping threads took: 0.0014908 seconds
[2023-10-17T14:17:20.898+0000][973.977s][debug][safepoint     ] Safepoint synchronization initiated. (183 threads)
[2023-10-17T14:17:20.900+0000][973.979s][info ][safepoint     ] Application time: 1.0024415 seconds
[2023-10-17T14:17:20.902+0000][973.980s][info ][safepoint     ] Entering safepoint region: Cleanup
[2023-10-17T14:17:20.903+0000][973.981s][info ][safepoint     ] Leaving safepoint region
[2023-10-17T14:17:20.903+0000][973.982s][info ][safepoint     ] Total time for which application threads were stopped: 0.0016602 seconds, Stopping threads took: 0.0008103 seconds
[2023-10-17T14:17:21.904+0000][974.983s][debug][safepoint     ] Safepoint synchronization initiated. (183 threads)
[2023-10-17T14:17:21.905+0000][974.984s][info ][safepoint     ] Application time: 1.0009714 seconds
[2023-10-17T14:17:21.906+0000][974.985s][info ][safepoint     ] Entering safepoint region: Cleanup
[2023-10-17T14:17:21.908+0000][974.986s][info ][safepoint     ] Leaving safepoint region
[2023-10-17T14:17:21.908+0000][974.987s][info ][safepoint     ] Total time for which application threads were stopped: 0.0024292 seconds, Stopping threads took: 0.0015325 seconds
[2023-10-17T14:17:22.909+0000][975.988s][debug][safepoint     ] Safepoint synchronization initiated. (183 threads)
[2023-10-17T14:17:22.910+0000][975.989s][info ][safepoint     ] Application time: 1.0012748 seconds
[2023-10-17T14:17:22.912+0000][975.991s][info ][safepoint     ] Entering safepoint region: Cleanup
[2023-10-17T14:17:22.913+0000][975.992s][info ][safepoint     ] Leaving safepoint region
[2023-10-17T14:17:22.914+0000][975.993s][info ][safepoint     ] Total time for which application threads were stopped: 0.0020375 seconds, Stopping threads took: 0.0009189 seconds
[2023-10-17T14:17:23.915+0000][976.994s][debug][safepoint     ] Safepoint synchronization initiated. (183 threads)
[2023-10-17T14:17:23.916+0000][976.995s][info ][safepoint     ] Application time: 1.0012727 seconds
[2023-10-17T14:17:23.917+0000][976.995s][info ][safepoint     ] Entering safepoint region: Cleanup
[2023-10-17T14:17:23.918+0000][976.997s][info ][safepoint     ] Leaving safepoint region
[2023-10-17T14:17:23.919+0000][976.997s][info ][safepoint     ] Total time for which application threads were stopped: 0.0021027 seconds, Stopping threads took: 0.0009571 seconds
[2023-10-17T14:17:24.919+0000][977.998s][debug][safepoint     ] Safepoint synchronization initiated. (183 threads)
[2023-10-17T14:17:24.920+0000][977.999s][info ][safepoint     ] Application time: 1.0011053 seconds
[2023-10-17T14:17:24.921+0000][978.000s][info ][safepoint     ] Entering safepoint region: Cleanup
[2023-10-17T14:17:24.922+0000][978.001s][info ][safepoint     ] Leaving safepoint region
[2023-10-17T14:17:24.923+0000][978.002s][info ][safepoint     ] Total time for which application threads were stopped: 0.0022585 seconds, Stopping threads took: 0.0009508 seconds
[2023-10-17T14:17:25.925+0000][979.004s][debug][safepoint     ] Safepoint synchronization initiated. (183 threads)
[2023-10-17T14:17:25.926+0000][979.005s][info ][safepoint     ] Application time: 1.0015631 seconds
[2023-10-17T14:17:25.927+0000][979.005s][info ][safepoint     ] Entering safepoint region: Cleanup
[2023-10-17T14:17:25.928+0000][979.006s][info ][safepoint     ] Leaving safepoint region
[2023-10-17T14:17:25.928+0000][979.007s][info ][safepoint     ] Total time for which application threads were stopped: 0.0015470 seconds, Stopping threads took: 0.0006669 seconds
[2023-10-17T14:17:26.929+0000][980.008s][debug][safepoint     ] Safepoint synchronization initiated. (183 threads)
[2023-10-17T14:17:26.930+0000][980.009s][info ][safepoint     ] Application time: 1.0015159 seconds
[2023-10-17T14:17:26.931+0000][980.010s][info ][safepoint     ] Entering safepoint region: Cleanup
[2023-10-17T14:17:26.933+0000][980.011s][info ][safepoint     ] Leaving safepoint region
[2023-10-17T14:17:26.933+0000][980.012s][info ][safepoint     ] Total time for which application threads were stopped: 0.0022492 seconds, Stopping threads took: 0.0009378 seconds
[2023-10-17T14:17:27.934+0000][981.013s][debug][safepoint     ] Safepoint synchronization initiated. (183 threads)
[2023-10-17T14:17:27.935+0000][981.014s][info ][safepoint     ] Application time: 1.0011435 seconds
[2023-10-17T14:17:27.936+0000][981.015s][info ][safepoint     ] Entering safepoint region: Cleanup
[2023-10-17T14:17:27.938+0000][981.017s][info ][safepoint     ] Leaving safepoint region
[2023-10-17T14:17:27.938+0000][981.017s][info ][safepoint     ] Total time for which application threads were stopped: 0.0020499 seconds, Stopping threads took: 0.0008709 seconds
[2023-10-17T14:17:28.939+0000][982.018s][debug][safepoint     ] Safepoint synchronization initiated. (183 threads)
[2023-10-17T14:17:28.940+0000][982.019s][info ][safepoint     ] Application time: 1.0010251 seconds
[2023-10-17T14:17:28.941+0000][982.020s][info ][safepoint     ] Entering safepoint region: Cleanup
[2023-10-17T14:17:28.942+0000][982.021s][info ][safepoint     ] Leaving safepoint region
[2023-10-17T14:17:28.942+0000][982.021s][info ][safepoint     ] Total time for which application threads were stopped: 0.0015478 seconds, Stopping threads took: 0.0006787 seconds
[2023-10-17T14:17:29.943+0000][983.022s][debug][safepoint     ] Safepoint synchronization initiated. (183 threads)
[2023-10-17T14:17:29.944+0000][983.023s][info ][safepoint     ] Application time: 1.0012570 seconds
[2023-10-17T14:17:29.945+0000][983.024s][info ][safepoint     ] Entering safepoint region: Cleanup
[2023-10-17T14:17:29.946+0000][983.025s][info ][safepoint     ] Leaving safepoint region
[2023-10-17T14:17:29.947+0000][983.026s][info ][safepoint     ] Total time for which application threads were stopped: 0.0023293 seconds, Stopping threads took: 0.0009767 seconds
[2023-10-17T14:17:30.948+0000][984.027s][debug][safepoint     ] Safepoint synchronization initiated. (183 threads)
[2023-10-17T14:17:30.950+0000][984.028s][info ][safepoint     ] Application time: 1.0014044 seconds
[2023-10-17T14:17:30.951+0000][984.029s][info ][safepoint     ] Entering safepoint region: Cleanup
[2023-10-17T14:17:30.952+0000][984.031s][info ][safepoint     ] Leaving safepoint region
[2023-10-17T14:17:30.953+0000][984.032s][info ][safepoint     ] Total time for which application threads were stopped: 0.0025328 seconds, Stopping threads took: 0.0009780 seconds
[2023-10-17T14:17:31.954+0000][985.033s][debug][safepoint     ] Safepoint synchronization initiated. (183 threads)
[2023-10-17T14:17:31.955+0000][985.034s][info ][safepoint     ] Application time: 1.0010495 seconds
[2023-10-17T14:17:31.956+0000][985.035s][info ][safepoint     ] Entering safepoint region: Cleanup
[2023-10-17T14:17:31.957+0000][985.036s][info ][safepoint     ] Leaving safepoint region
[2023-10-17T14:17:31.958+0000][985.037s][info ][safepoint     ] Total time for which application threads were stopped: 0.0016499 seconds, Stopping threads took: 0.0006999 seconds
[2023-10-17T14:17:32.959+0000][986.038s][debug][safepoint     ] Safepoint synchronization initiated. (183 threads)
[2023-10-17T14:17:32.961+0000][986.039s][info ][safepoint     ] Application time: 1.0016866 seconds
[2023-10-17T14:17:32.962+0000][986.041s][info ][safepoint     ] Entering safepoint region: Cleanup
[2023-10-17T14:17:32.963+0000][986.042s][info ][safepoint     ] Leaving safepoint region
[2023-10-17T14:17:32.964+0000][986.043s][info ][safepoint     ] Total time for which application threads were stopped: 0.0024126 seconds, Stopping threads took: 0.0011009 seconds
[2023-10-17T14:17:33.965+0000][987.044s][debug][safepoint     ] Safepoint synchronization initiated. (183 threads)
[2023-10-17T14:17:33.966+0000][987.045s][info ][safepoint     ] Application time: 1.0011110 seconds
[2023-10-17T14:17:33.967+0000][987.046s][info ][safepoint     ] Entering safepoint region: Cleanup
[2023-10-17T14:17:33.968+0000][987.047s][info ][safepoint     ] Leaving safepoint region
[2023-10-17T14:17:33.969+0000][987.048s][info ][safepoint     ] Total time for which application threads were stopped: 0.0016442 seconds, Stopping threads took: 0.0007119 seconds
[2023-10-17T14:17:34.971+0000][988.050s][debug][safepoint     ] Safepoint synchronization initiated. (183 threads)
[2023-10-17T14:17:34.972+0000][988.051s][info ][safepoint     ] Application time: 1.0016338 seconds
[2023-10-17T14:17:34.973+0000][988.052s][info ][safepoint     ] Entering safepoint region: Cleanup
[2023-10-17T14:17:34.974+0000][988.053s][info ][safepoint     ] Leaving safepoint region
[2023-10-17T14:17:34.975+0000][988.054s][info ][safepoint     ] Total time for which application threads were stopped: 0.0021344 seconds, Stopping threads took: 0.0009856 seconds
[2023-10-17T14:17:35.976+0000][989.055s][debug][safepoint     ] Safepoint synchronization initiated. (183 threads)
[2023-10-17T14:17:35.977+0000][989.056s][info ][safepoint     ] Application time: 1.0011263 seconds
[2023-10-17T14:17:35.978+0000][989.057s][info ][safepoint     ] Entering safepoint region: Cleanup
[2023-10-17T14:17:35.979+0000][989.058s][info ][safepoint     ] Leaving safepoint region
[2023-10-17T14:17:35.980+0000][989.059s][info ][safepoint     ] Total time for which application threads were stopped: 0.0023103 seconds, Stopping threads took: 0.0010260 seconds
[2023-10-17T14:17:36.982+0000][990.061s][debug][safepoint     ] Safepoint synchronization initiated. (183 threads)
[2023-10-17T14:17:36.983+0000][990.062s][info ][safepoint     ] Application time: 1.0018405 seconds
[2023-10-17T14:17:36.984+0000][990.063s][info ][safepoint     ] Entering safepoint region: Cleanup
[2023-10-17T14:17:36.986+0000][990.065s][info ][safepoint     ] Leaving safepoint region
[2023-10-17T14:17:36.987+0000][990.066s][info ][safepoint     ] Total time for which application threads were stopped: 0.0027878 seconds, Stopping threads took: 0.0012995 seconds
[2023-10-17T14:17:37.988+0000][991.067s][debug][safepoint     ] Safepoint synchronization initiated. (183 threads)
[2023-10-17T14:17:37.989+0000][991.068s][info ][safepoint     ] Application time: 1.0014481 seconds
[2023-10-17T14:17:37.990+0000][991.069s][info ][safepoint     ] Entering safepoint region: Cleanup
[2023-10-17T14:17:37.992+0000][991.071s][info ][safepoint     ] Leaving safepoint region
[2023-10-17T14:17:37.993+0000][991.071s][info ][safepoint     ] Total time for which application threads were stopped: 0.0024222 seconds, Stopping threads took: 0.0010717 seconds
[2023-10-17T14:17:38.994+0000][992.073s][debug][safepoint     ] Safepoint synchronization initiated. (183 threads)
[2023-10-17T14:17:38.995+0000][992.073s][info ][safepoint     ] Application time: 1.0009848 seconds
[2023-10-17T14:17:38.995+0000][992.074s][info ][safepoint     ] Entering safepoint region: Cleanup
[2023-10-17T14:17:38.996+0000][992.075s][info ][safepoint     ] Leaving safepoint region
[2023-10-17T14:17:38.997+0000][992.076s][info ][safepoint     ] Total time for which application threads were stopped: 0.0014959 seconds, Stopping threads took: 0.0005767 seconds
[2023-10-17T14:17:39.998+0000][993.077s][debug][safepoint     ] Safepoint synchronization initiated. (183 threads)
[2023-10-17T14:17:39.999+0000][993.078s][info ][safepoint     ] Application time: 1.0013103 seconds
[2023-10-17T14:17:40.000+0000][993.079s][info ][safepoint     ] Entering safepoint region: Cleanup
[2023-10-17T14:17:40.001+0000][993.080s][info ][safepoint     ] Leaving safepoint region
[2023-10-17T14:17:40.001+0000][993.080s][info ][safepoint     ] Total time for which application threads were stopped: 0.0015705 seconds, Stopping threads took: 0.0007032 seconds
[2023-10-17T14:17:41.002+0000][994.081s][debug][safepoint     ] Safepoint synchronization initiated. (183 threads)
[2023-10-17T14:17:41.004+0000][994.083s][info ][safepoint     ] Application time: 1.0017415 seconds
[2023-10-17T14:17:41.005+0000][994.084s][info ][safepoint     ] Entering safepoint region: Cleanup
[2023-10-17T14:17:41.006+0000][994.085s][info ][safepoint     ] Leaving safepoint region
[2023-10-17T14:17:41.007+0000][994.086s][info ][safepoint     ] Total time for which application threads were stopped: 0.0020692 seconds, Stopping threads took: 0.0009062 seconds
[2023-10-17T14:17:42.008+0000][995.087s][debug][safepoint     ] Safepoint synchronization initiated. (183 threads)
[2023-10-17T14:17:42.010+0000][995.089s][info ][safepoint     ] Application time: 1.0017076 seconds
[2023-10-17T14:17:42.011+0000][995.090s][info ][safepoint     ] Entering safepoint region: Cleanup
[2023-10-17T14:17:42.012+0000][995.091s][info ][safepoint     ] Leaving safepoint region
[2023-10-17T14:17:42.013+0000][995.092s][info ][safepoint     ] Total time for which application threads were stopped: 0.0024900 seconds, Stopping threads took: 0.0012152 seconds
[2023-10-17T14:17:43.014+0000][996.093s][debug][safepoint     ] Safepoint synchronization initiated. (183 threads)
[2023-10-17T14:17:43.015+0000][996.094s][info ][safepoint     ] Application time: 1.0012781 seconds
[2023-10-17T14:17:43.016+0000][996.095s][info ][safepoint     ] Entering safepoint region: Cleanup
[2023-10-17T14:17:43.017+0000][996.096s][info ][safepoint     ] Leaving safepoint region
[2023-10-17T14:17:43.018+0000][996.097s][info ][safepoint     ] Total time for which application threads were stopped: 0.0017506 seconds, Stopping threads took: 0.0007919 seconds
[2023-10-17T14:17:44.019+0000][997.098s][debug][safepoint     ] Safepoint synchronization initiated. (183 threads)
[2023-10-17T14:17:44.020+0000][997.099s][info ][safepoint     ] Application time: 1.0013540 seconds
[2023-10-17T14:17:44.021+0000][997.100s][debug][safepoint     ] ... found polling page return exception at pc = 0x00007fc1a4beda62, stub =0x00007fc19c840600
[2023-10-17T14:17:44.022+0000][997.101s][debug][safepoint     ] Waiting for 1 thread(s) to block
[2023-10-17T14:17:44.023+0000][997.102s][info ][safepoint     ] Entering safepoint region: Cleanup
[2023-10-17T14:17:44.024+0000][997.103s][info ][safepoint     ] Leaving safepoint region
[2023-10-17T14:17:44.025+0000][997.104s][info ][safepoint     ] Total time for which application threads were stopped: 0.0036747 seconds, Stopping threads took: 0.0025956 seconds
[2023-10-17T14:17:45.026+0000][998.105s][debug][safepoint     ] Safepoint synchronization initiated. (182 threads)
[2023-10-17T14:17:45.027+0000][998.106s][info ][safepoint     ] Application time: 1.0016089 seconds
[2023-10-17T14:17:45.028+0000][998.107s][info ][safepoint     ] Entering safepoint region: Cleanup
[2023-10-17T14:17:45.030+0000][998.108s][info ][safepoint     ] Leaving safepoint region
[2023-10-17T14:17:45.031+0000][998.110s][info ][safepoint     ] Total time for which application threads were stopped: 0.0025546 seconds, Stopping threads took: 0.0010039 seconds
[2023-10-17T14:17:53.025+0000][1006.113s][debug][safepoint     ] Safepoint synchronization initiated. (181 threads)
[2023-10-17T14:17:53.026+0000][1006.114s][info ][safepoint     ] Application time: 8.0029839 seconds
[2023-10-17T14:17:53.026+0000][1006.114s][info ][safepoint     ] Entering safepoint region: Cleanup
[2023-10-17T14:17:53.027+0000][1006.115s][info ][safepoint     ] Leaving safepoint region
[2023-10-17T14:17:53.028+0000][1006.116s][info ][safepoint     ] Total time for which application threads were stopped: 0.0019040 seconds, Stopping threads took: 0.0008204 seconds
[2023-10-17T14:17:55.029+0000][1008.117s][debug][safepoint     ] Safepoint synchronization initiated. (181 threads)
[2023-10-17T14:17:55.030+0000][1008.118s][info ][safepoint     ] Application time: 2.0013464 seconds
[2023-10-17T14:17:55.031+0000][1008.119s][info ][safepoint     ] Entering safepoint region: Cleanup
[2023-10-17T14:17:55.032+0000][1008.120s][info ][safepoint     ] Leaving safepoint region
[2023-10-17T14:17:55.033+0000][1008.121s][info ][safepoint     ] Total time for which application threads were stopped: 0.0019212 seconds, Stopping threads took: 0.0005762 seconds
[2023-10-17T14:17:56.039+0000][1009.127s][debug][safepoint     ] Safepoint synchronization initiated. (189 threads)
[2023-10-17T14:17:56.063+0000][1009.151s][info ][safepoint     ] Application time: 1.0293266 seconds
[2023-10-17T14:17:56.063+0000][1009.151s][debug][safepoint     ] ... found polling page return exception at pc = 0x00007fc1a4b2b89b, stub =0x00007fc19c840600
[2023-10-17T14:17:56.063+0000][1009.151s][debug][safepoint     ] ... found polling page return exception at pc = 0x00007fc19e8ceafe, stub =0x00007fc19c840600
[2023-10-17T14:17:56.063+0000][1009.152s][debug][safepoint     ] ... found polling page return exception at pc = 0x00007fc1a42c9594, stub =0x00007fc19c840600
[2023-10-17T14:17:56.064+0000][1009.152s][debug][safepoint     ] ... found polling page return exception at pc = 0x00007fc1a4951a9b, stub =0x00007fc19c840600
[2023-10-17T14:17:56.064+0000][1009.152s][debug][safepoint     ] ... found polling page return exception at pc = 0x00007fc1a438d09b, stub =0x00007fc19c840600
[2023-10-17T14:17:56.064+0000][1009.152s][debug][safepoint     ] ... found polling page return exception at pc = 0x00007fc1a47fd442, stub =0x00007fc19c840600
[2023-10-17T14:17:56.069+0000][1009.157s][debug][safepoint     ] Waiting for 8 thread(s) to block
[2023-10-17T14:17:56.069+0000][1009.157s][info ][safepoint     ] Entering safepoint region: Cleanup
[2023-10-17T14:17:56.070+0000][1009.158s][info ][safepoint     ] Leaving safepoint region
[2023-10-17T14:17:56.071+0000][1009.159s][info ][safepoint     ] Total time for which application threads were stopped: 0.0071672 seconds, Stopping threads took: 0.0063706 seconds
[2023-10-17T14:17:57.071+0000][1010.159s][debug][safepoint     ] Safepoint synchronization initiated. (189 threads)
[2023-10-17T14:17:57.072+0000][1010.160s][info ][safepoint     ] Application time: 1.0009482 seconds
[2023-10-17T14:17:57.073+0000][1010.161s][info ][safepoint     ] Entering safepoint region: Cleanup
[2023-10-17T14:17:57.074+0000][1010.162s][info ][safepoint     ] Leaving safepoint region
[2023-10-17T14:17:57.074+0000][1010.162s][info ][safepoint     ] Total time for which application threads were stopped: 0.0014802 seconds, Stopping threads took: 0.0006229 seconds
[2023-10-17T14:18:00.075+0000][1013.163s][debug][safepoint     ] Safepoint synchronization initiated. (188 threads)
[2023-10-17T14:18:00.076+0000][1013.164s][info ][safepoint     ] Application time: 3.0016599 seconds
[2023-10-17T14:18:00.077+0000][1013.165s][info ][safepoint     ] Entering safepoint region: Cleanup
[2023-10-17T14:18:00.079+0000][1013.167s][info ][safepoint     ] Leaving safepoint region
[2023-10-17T14:18:00.080+0000][1013.168s][info ][safepoint     ] Total time for which application threads were stopped: 0.0028263 seconds, Stopping threads took: 0.0007258 seconds
[2023-10-17T14:18:01.081+0000][1014.169s][debug][safepoint     ] Safepoint synchronization initiated. (186 threads)
[2023-10-17T14:18:01.083+0000][1014.171s][info ][safepoint     ] Application time: 1.0019366 seconds
[2023-10-17T14:18:01.084+0000][1014.172s][info ][safepoint     ] Entering safepoint region: Cleanup
[2023-10-17T14:18:01.085+0000][1014.173s][info ][safepoint     ] Leaving safepoint region
[2023-10-17T14:18:01.086+0000][1014.174s][info ][safepoint     ] Total time for which application threads were stopped: 0.0024053 seconds, Stopping threads took: 0.0010711 seconds
[2023-10-17T14:18:02.087+0000][1015.175s][debug][safepoint     ] Safepoint synchronization initiated. (186 threads)
[2023-10-17T14:18:02.088+0000][1015.176s][info ][safepoint     ] Application time: 1.0008958 seconds
[2023-10-17T14:18:02.089+0000][1015.177s][info ][safepoint     ] Entering safepoint region: Cleanup
[2023-10-17T14:18:02.090+0000][1015.178s][info ][safepoint     ] Leaving safepoint region
[2023-10-17T14:18:02.091+0000][1015.179s][info ][safepoint     ] Total time for which application threads were stopped: 0.0021189 seconds, Stopping threads took: 0.0008486 seconds
[2023-10-17T14:18:03.093+0000][1016.181s][debug][safepoint     ] Safepoint synchronization initiated. (191 threads)
[2023-10-17T14:18:03.094+0000][1016.182s][info ][safepoint     ] Application time: 1.0020877 seconds
[2023-10-17T14:18:03.095+0000][1016.183s][info ][safepoint     ] Entering safepoint region: Cleanup
[2023-10-17T14:18:03.096+0000][1016.184s][info ][safepoint     ] Leaving safepoint region
[2023-10-17T14:18:03.097+0000][1016.185s][info ][safepoint     ] Total time for which application threads were stopped: 0.0020887 seconds, Stopping threads took: 0.0009890 seconds
[2023-10-17T14:18:07.098+0000][1020.186s][debug][safepoint     ] Safepoint synchronization initiated. (190 threads)
[2023-10-17T14:18:07.099+0000][1020.187s][info ][safepoint     ] Application time: 4.0018183 seconds
[2023-10-17T14:18:07.100+0000][1020.188s][info ][safepoint     ] Entering safepoint region: Cleanup
[2023-10-17T14:18:07.101+0000][1020.189s][info ][safepoint     ] Leaving safepoint region
[2023-10-17T14:18:07.102+0000][1020.190s][info ][safepoint     ] Total time for which application threads were stopped: 0.0017577 seconds, Stopping threads took: 0.0008575 seconds
[2023-10-17T14:18:11.104+0000][1024.192s][debug][safepoint     ] Safepoint synchronization initiated. (189 threads)
[2023-10-17T14:18:11.105+0000][1024.193s][info ][safepoint     ] Application time: 4.0019823 seconds
[2023-10-17T14:18:11.106+0000][1024.194s][info ][safepoint     ] Entering safepoint region: Cleanup
[2023-10-17T14:18:11.107+0000][1024.195s][info ][safepoint     ] Leaving safepoint region
[2023-10-17T14:18:11.108+0000][1024.196s][info ][safepoint     ] Total time for which application threads were stopped: 0.0021774 seconds, Stopping threads took: 0.0009743 seconds
[2023-10-17T14:18:14.477+0000][1027.565s][debug][safepoint     ] Safepoint synchronization initiated. (189 threads)
[2023-10-17T14:18:14.478+0000][1027.567s][info ][safepoint     ] Application time: 3.3698464 seconds
[2023-10-17T14:18:14.479+0000][1027.568s][info ][safepoint     ] Entering safepoint region: G1CollectForAllocation
[2023-10-17T14:18:14.481+0000][1027.569s][info ][gc,start      ] GC(71) Pause Young (Normal) (G1 Evacuation Pause)
[2023-10-17T14:18:14.482+0000][1027.570s][info ][gc,task       ] GC(71) Using 8 workers of 8 for evacuation
[2023-10-17T14:18:14.503+0000][1027.591s][info ][gc,phases     ] GC(71)   Pre Evacuate Collection Set: 0.1ms
[2023-10-17T14:18:14.504+0000][1027.592s][info ][gc,phases     ] GC(71)   Evacuate Collection Set: 12.2ms
[2023-10-17T14:18:14.506+0000][1027.594s][info ][gc,phases     ] GC(71)   Post Evacuate Collection Set: 7.2ms
[2023-10-17T14:18:14.507+0000][1027.595s][info ][gc,phases     ] GC(71)   Other: 2.1ms
[2023-10-17T14:18:14.507+0000][1027.595s][info ][gc,heap       ] GC(71) Eden regions: 193->0(191)
[2023-10-17T14:18:14.508+0000][1027.596s][info ][gc,heap       ] GC(71) Survivor regions: 11->12(26)
[2023-10-17T14:18:14.509+0000][1027.597s][info ][gc,heap       ] GC(71) Old regions: 158->158
[2023-10-17T14:18:14.510+0000][1027.598s][info ][gc,heap       ] GC(71) Humongous regions: 0->0
[2023-10-17T14:18:14.512+0000][1027.600s][info ][gc,metaspace  ] GC(71) Metaspace: 173932K(188020K)->173932K(188020K) NonClass: 153856K(165108K)->153856K(165108K) Class: 20076K(22912K)->20076K(22912K)
[2023-10-17T14:18:14.514+0000][1027.602s][info ][gc            ] GC(71) Pause Young (Normal) (G1 Evacuation Pause) 360M->168M(415M) 32.550ms
[2023-10-17T14:18:14.515+0000][1027.603s][info ][gc,cpu        ] GC(71) User=0.13s Sys=0.00s Real=0.04s
[2023-10-17T14:18:14.516+0000][1027.604s][info ][safepoint     ] Leaving safepoint region
[2023-10-17T14:18:14.516+0000][1027.604s][info ][safepoint     ] Total time for which application threads were stopped: 0.0368151 seconds, Stopping threads took: 0.0012924 seconds
[2023-10-17T14:18:14.517+0000][1027.605s][info ][gc,stringdedup] Concurrent String Deduplication (1027.605s)
[2023-10-17T14:18:14.519+0000][1027.607s][info ][gc,stringdedup] Concurrent String Deduplication 155.1K->80304.0B(78512.0B) avg 53.2% (1027.605s, 1027.607s) 2.226ms
[2023-10-17T14:18:15.517+0000][1028.605s][debug][safepoint     ] Safepoint synchronization initiated. (191 threads)
[2023-10-17T14:18:15.518+0000][1028.606s][info ][safepoint     ] Application time: 1.0007819 seconds
[2023-10-17T14:18:15.518+0000][1028.606s][info ][safepoint     ] Entering safepoint region: Cleanup
[2023-10-17T14:18:15.519+0000][1028.607s][info ][safepoint     ] Leaving safepoint region
[2023-10-17T14:18:15.519+0000][1028.607s][info ][safepoint     ] Total time for which application threads were stopped: 0.0012443 seconds, Stopping threads took: 0.0004210 seconds
[2023-10-17T14:18:16.520+0000][1029.608s][debug][safepoint     ] Safepoint synchronization initiated. (189 threads)
[2023-10-17T14:18:16.521+0000][1029.609s][info ][safepoint     ] Application time: 1.0014380 seconds
[2023-10-17T14:18:16.522+0000][1029.610s][info ][safepoint     ] Entering safepoint region: Cleanup
[2023-10-17T14:18:16.524+0000][1029.612s][info ][safepoint     ] Leaving safepoint region
[2023-10-17T14:18:16.525+0000][1029.613s][info ][safepoint     ] Total time for which application threads were stopped: 0.0029893 seconds, Stopping threads took: 0.0009911 seconds
[2023-10-17T14:18:21.526+0000][1034.615s][debug][safepoint     ] Safepoint synchronization initiated. (189 threads)
[2023-10-17T14:18:21.527+0000][1034.617s][info ][safepoint     ] Application time: 5.0026308 seconds
[2023-10-17T14:18:21.528+0000][1034.617s][info ][safepoint     ] Entering safepoint region: Cleanup
[2023-10-17T14:18:21.529+0000][1034.618s][info ][safepoint     ] Leaving safepoint region
[2023-10-17T14:18:21.529+0000][1034.619s][info ][safepoint     ] Total time for which application threads were stopped: 0.0015144 seconds, Stopping threads took: 0.0005224 seconds
[2023-10-17T14:18:22.530+0000][1035.620s][debug][safepoint     ] Safepoint synchronization initiated. (189 threads)
[2023-10-17T14:18:22.531+0000][1035.621s][info ][safepoint     ] Application time: 1.0013681 seconds
[2023-10-17T14:18:22.532+0000][1035.622s][info ][safepoint     ] Entering safepoint region: Cleanup
[2023-10-17T14:18:22.534+0000][1035.623s][info ][safepoint     ] Leaving safepoint region
[2023-10-17T14:18:22.535+0000][1035.624s][info ][safepoint     ] Total time for which application threads were stopped: 0.0026443 seconds, Stopping threads took: 0.0011872 seconds
[2023-10-17T14:18:23.537+0000][1036.627s][debug][safepoint     ] Safepoint synchronization initiated. (189 threads)
[2023-10-17T14:18:23.540+0000][1036.630s][info ][safepoint     ] Application time: 1.0033136 seconds
[2023-10-17T14:18:23.541+0000][1036.631s][info ][safepoint     ] Entering safepoint region: Cleanup
[2023-10-17T14:18:23.543+0000][1036.632s][info ][safepoint     ] Leaving safepoint region
[2023-10-17T14:18:23.544+0000][1036.633s][info ][safepoint     ] Total time for which application threads were stopped: 0.0025778 seconds, Stopping threads took: 0.0010747 seconds
[2023-10-17T14:18:51.552+0000][1064.641s][debug][safepoint     ] Safepoint synchronization initiated. (189 threads)
[2023-10-17T14:18:51.553+0000][1064.642s][info ][safepoint     ] Application time: 28.0083772 seconds
[2023-10-17T14:18:51.554+0000][1064.643s][info ][safepoint     ] Entering safepoint region: Cleanup
[2023-10-17T14:18:51.555+0000][1064.644s][info ][safepoint     ] Leaving safepoint region
[2023-10-17T14:18:51.556+0000][1064.645s][info ][safepoint     ] Total time for which application threads were stopped: 0.0018794 seconds, Stopping threads took: 0.0008543 seconds
[2023-10-17T14:18:53.557+0000][1066.646s][debug][safepoint     ] Safepoint synchronization initiated. (189 threads)
[2023-10-17T14:18:53.559+0000][1066.648s][info ][safepoint     ] Application time: 2.0019945 seconds
[2023-10-17T14:18:53.559+0000][1066.649s][info ][safepoint     ] Entering safepoint region: Cleanup
[2023-10-17T14:18:53.560+0000][1066.650s][info ][safepoint     ] Leaving safepoint region
[2023-10-17T14:18:53.561+0000][1066.651s][info ][safepoint     ] Total time for which application threads were stopped: 0.0019316 seconds, Stopping threads took: 0.0007267 seconds
[2023-10-17T14:18:59.564+0000][1072.653s][debug][safepoint     ] Safepoint synchronization initiated. (188 threads)
[2023-10-17T14:18:59.565+0000][1072.654s][info ][safepoint     ] Application time: 6.0026830 seconds
[2023-10-17T14:18:59.566+0000][1072.655s][info ][safepoint     ] Entering safepoint region: Cleanup
[2023-10-17T14:18:59.567+0000][1072.656s][info ][safepoint     ] Leaving safepoint region
[2023-10-17T14:18:59.568+0000][1072.657s][info ][safepoint     ] Total time for which application threads were stopped: 0.0023033 seconds, Stopping threads took: 0.0009330 seconds
[2023-10-17T14:19:16.573+0000][1089.662s][debug][safepoint     ] Safepoint synchronization initiated. (186 threads)
[2023-10-17T14:19:16.574+0000][1089.663s][info ][safepoint     ] Application time: 17.0050971 seconds
[2023-10-17T14:19:16.574+0000][1089.664s][info ][safepoint     ] Entering safepoint region: Cleanup
[2023-10-17T14:19:16.576+0000][1089.665s][info ][safepoint     ] Leaving safepoint region
[2023-10-17T14:19:16.577+0000][1089.666s][info ][safepoint     ] Total time for which application threads were stopped: 0.0021353 seconds, Stopping threads took: 0.0009555 seconds
[2023-10-17T14:19:52.585+0000][1125.676s][debug][safepoint     ] Safepoint synchronization initiated. (186 threads)
[2023-10-17T14:19:52.586+0000][1125.677s][info ][safepoint     ] Application time: 36.0109082 seconds
[2023-10-17T14:19:52.587+0000][1125.678s][info ][safepoint     ] Entering safepoint region: Cleanup
[2023-10-17T14:19:52.589+0000][1125.680s][info ][safepoint     ] Leaving safepoint region
[2023-10-17T14:19:52.589+0000][1125.680s][info ][safepoint     ] Total time for which application threads were stopped: 0.0022092 seconds, Stopping threads took: 0.0009903 seconds
[2023-10-17T14:20:25.598+0000][1158.689s][debug][safepoint     ] Safepoint synchronization initiated. (185 threads)
[2023-10-17T14:20:25.599+0000][1158.690s][info ][safepoint     ] Application time: 33.0088995 seconds
[2023-10-17T14:20:25.600+0000][1158.691s][info ][safepoint     ] Entering safepoint region: Cleanup
[2023-10-17T14:20:25.601+0000][1158.692s][info ][safepoint     ] Leaving safepoint region
[2023-10-17T14:20:25.601+0000][1158.693s][info ][safepoint     ] Total time for which application threads were stopped: 0.0018609 seconds, Stopping threads took: 0.0008375 seconds
[2023-10-17T14:20:45.607+0000][1178.699s][debug][safepoint     ] Safepoint synchronization initiated. (185 threads)
[2023-10-17T14:20:45.608+0000][1178.700s][info ][safepoint     ] Application time: 20.0062761 seconds
[2023-10-17T14:20:45.609+0000][1178.701s][info ][safepoint     ] Entering safepoint region: Cleanup
[2023-10-17T14:20:45.611+0000][1178.702s][info ][safepoint     ] Leaving safepoint region
[2023-10-17T14:20:45.612+0000][1178.703s][info ][safepoint     ] Total time for which application threads were stopped: 0.0024509 seconds, Stopping threads took: 0.0010828 seconds
[2023-10-17T14:20:52.614+0000][1185.706s][debug][safepoint     ] Safepoint synchronization initiated. (185 threads)
[2023-10-17T14:20:52.615+0000][1185.707s][info ][safepoint     ] Application time: 7.0028153 seconds
[2023-10-17T14:20:52.616+0000][1185.707s][info ][safepoint     ] Entering safepoint region: Cleanup
[2023-10-17T14:20:52.617+0000][1185.709s][info ][safepoint     ] Leaving safepoint region
[2023-10-17T14:20:52.618+0000][1185.710s][info ][safepoint     ] Total time for which application threads were stopped: 0.0023765 seconds, Stopping threads took: 0.0010332 seconds
[2023-10-17T14:20:53.619+0000][1186.711s][debug][safepoint     ] Safepoint synchronization initiated. (185 threads)
[2023-10-17T14:20:53.621+0000][1186.712s][info ][safepoint     ] Application time: 1.0015445 seconds
[2023-10-17T14:20:53.622+0000][1186.713s][info ][safepoint     ] Entering safepoint region: Cleanup
[2023-10-17T14:20:53.623+0000][1186.714s][info ][safepoint     ] Leaving safepoint region
[2023-10-17T14:20:53.624+0000][1186.715s][info ][safepoint     ] Total time for which application threads were stopped: 0.0021121 seconds, Stopping threads took: 0.0007285 seconds
[2023-10-17T14:21:11.228+0000][1204.320s][debug][safepoint     ] Safepoint synchronization initiated. (185 threads)
[2023-10-17T14:21:11.229+0000][1204.321s][info ][safepoint     ] Application time: 17.6040283 seconds
[2023-10-17T14:21:11.230+0000][1204.321s][info ][safepoint     ] Entering safepoint region: G1CollectForAllocation
[2023-10-17T14:21:11.231+0000][1204.323s][info ][gc,start      ] GC(72) Pause Young (Normal) (G1 Evacuation Pause)
[2023-10-17T14:21:11.232+0000][1204.324s][info ][gc,task       ] GC(72) Using 8 workers of 8 for evacuation
[2023-10-17T14:21:11.247+0000][1204.339s][info ][gc,phases     ] GC(72)   Pre Evacuate Collection Set: 0.0ms
[2023-10-17T14:21:11.248+0000][1204.340s][info ][gc,phases     ] GC(72)   Evacuate Collection Set: 10.4ms
[2023-10-17T14:21:11.250+0000][1204.341s][info ][gc,phases     ] GC(72)   Post Evacuate Collection Set: 3.8ms
[2023-10-17T14:21:11.251+0000][1204.342s][info ][gc,phases     ] GC(72)   Other: 2.0ms
[2023-10-17T14:21:11.251+0000][1204.343s][info ][gc,heap       ] GC(72) Eden regions: 191->0(191)
[2023-10-17T14:21:11.252+0000][1204.344s][info ][gc,heap       ] GC(72) Survivor regions: 12->12(26)
[2023-10-17T14:21:11.253+0000][1204.345s][info ][gc,heap       ] GC(72) Old regions: 158->158
[2023-10-17T14:21:11.254+0000][1204.345s][info ][gc,heap       ] GC(72) Humongous regions: 0->0
[2023-10-17T14:21:11.255+0000][1204.346s][info ][gc,metaspace  ] GC(72) Metaspace: 174433K(188660K)->174433K(188660K) NonClass: 154330K(165620K)->154330K(165620K) Class: 20103K(23040K)->20103K(23040K)
[2023-10-17T14:21:11.256+0000][1204.347s][info ][gc            ] GC(72) Pause Young (Normal) (G1 Evacuation Pause) 359M->167M(415M) 24.332ms
[2023-10-17T14:21:11.256+0000][1204.348s][info ][gc,cpu        ] GC(72) User=0.09s Sys=0.00s Real=0.02s
[2023-10-17T14:21:11.257+0000][1204.349s][info ][safepoint     ] Leaving safepoint region
[2023-10-17T14:21:11.258+0000][1204.349s][info ][safepoint     ] Total time for which application threads were stopped: 0.0278664 seconds, Stopping threads took: 0.0009375 seconds
[2023-10-17T14:21:11.259+0000][1204.350s][info ][gc,stringdedup] Concurrent String Deduplication (1204.350s)
[2023-10-17T14:21:11.259+0000][1204.351s][info ][gc,stringdedup] Concurrent String Deduplication 8360.0B->3160.0B(5200.0B) avg 53.2% (1204.350s, 1204.351s) 0.811ms
[2023-10-17T14:21:16.260+0000][1209.352s][debug][safepoint     ] Safepoint synchronization initiated. (184 threads)
[2023-10-17T14:21:16.261+0000][1209.353s][info ][safepoint     ] Application time: 5.0028647 seconds
[2023-10-17T14:21:16.262+0000][1209.354s][info ][safepoint     ] Entering safepoint region: Cleanup
[2023-10-17T14:21:16.264+0000][1209.355s][info ][safepoint     ] Leaving safepoint region
[2023-10-17T14:21:16.264+0000][1209.356s][info ][safepoint     ] Total time for which application threads were stopped: 0.0023206 seconds, Stopping threads took: 0.0008893 seconds
[2023-10-17T14:22:02.278+0000][1255.370s][debug][safepoint     ] Safepoint synchronization initiated. (184 threads)
[2023-10-17T14:22:02.280+0000][1255.371s][info ][safepoint     ] Application time: 46.0141797 seconds
[2023-10-17T14:22:02.281+0000][1255.372s][info ][safepoint     ] Entering safepoint region: Cleanup
[2023-10-17T14:22:02.282+0000][1255.374s][info ][safepoint     ] Leaving safepoint region
[2023-10-17T14:22:02.283+0000][1255.375s][info ][safepoint     ] Total time for which application threads were stopped: 0.0027836 seconds, Stopping threads took: 0.0011816 seconds
[2023-10-17T14:22:16.288+0000][1269.379s][debug][safepoint     ] Safepoint synchronization initiated. (183 threads)
[2023-10-17T14:22:16.289+0000][1269.381s][info ][safepoint     ] Application time: 14.0052039 seconds
[2023-10-17T14:22:16.290+0000][1269.382s][info ][safepoint     ] Entering safepoint region: Cleanup
[2023-10-17T14:22:16.292+0000][1269.383s][info ][safepoint     ] Leaving safepoint region
[2023-10-17T14:22:16.293+0000][1269.384s][info ][safepoint     ] Total time for which application threads were stopped: 0.0025097 seconds, Stopping threads took: 0.0011193 seconds
[2023-10-17T14:22:53.289+0000][1306.395s][debug][safepoint     ] Safepoint synchronization initiated. (183 threads)
[2023-10-17T14:22:53.289+0000][1306.396s][info ][safepoint     ] Application time: 37.0110316 seconds
[2023-10-17T14:22:53.290+0000][1306.397s][info ][safepoint     ] Entering safepoint region: Cleanup
[2023-10-17T14:22:53.291+0000][1306.398s][info ][safepoint     ] Leaving safepoint region
[2023-10-17T14:22:53.292+0000][1306.399s][info ][safepoint     ] Total time for which application threads were stopped: 0.0019637 seconds, Stopping threads took: 0.0008069 seconds
[2023-10-17T14:23:12.298+0000][1325.405s][debug][safepoint     ] Safepoint synchronization initiated. (183 threads)
[2023-10-17T14:23:12.299+0000][1325.405s][info ][safepoint     ] Application time: 19.0059113 seconds
[2023-10-17T14:23:12.300+0000][1325.407s][info ][safepoint     ] Entering safepoint region: Cleanup
[2023-10-17T14:23:12.301+0000][1325.408s][info ][safepoint     ] Leaving safepoint region
[2023-10-17T14:23:12.302+0000][1325.409s][info ][safepoint     ] Total time for which application threads were stopped: 0.0020262 seconds, Stopping threads took: 0.0011662 seconds
[2023-10-17T14:23:20.320+0000][1333.411s][debug][safepoint     ] Safepoint synchronization initiated. (182 threads)
[2023-10-17T14:23:20.321+0000][1333.413s][info ][safepoint     ] Application time: 8.0033568 seconds
[2023-10-17T14:23:20.322+0000][1333.413s][info ][safepoint     ] Entering safepoint region: Cleanup
[2023-10-17T14:23:20.323+0000][1333.414s][info ][safepoint     ] Leaving safepoint region
[2023-10-17T14:23:20.323+0000][1333.415s][info ][safepoint     ] Total time for which application threads were stopped: 0.0017176 seconds, Stopping threads took: 0.0007395 seconds
[2023-10-17T14:23:30.327+0000][1343.419s][debug][safepoint     ] Safepoint synchronization initiated. (182 threads)
[2023-10-17T14:23:30.328+0000][1343.420s][info ][safepoint     ] Application time: 10.0040609 seconds
[2023-10-17T14:23:30.329+0000][1343.421s][info ][safepoint     ] Entering safepoint region: Cleanup
[2023-10-17T14:23:30.331+0000][1343.423s][info ][safepoint     ] Leaving safepoint region
[2023-10-17T14:23:30.332+0000][1343.424s][info ][safepoint     ] Total time for which application threads were stopped: 0.0029519 seconds, Stopping threads took: 0.0011778 seconds
[2023-10-17T14:23:41.336+0000][1354.428s][debug][safepoint     ] Safepoint synchronization initiated. (182 threads)
[2023-10-17T14:23:41.338+0000][1354.430s][info ][safepoint     ] Application time: 11.0044825 seconds
[2023-10-17T14:23:41.339+0000][1354.430s][info ][safepoint     ] Entering safepoint region: Cleanup
[2023-10-17T14:23:41.340+0000][1354.432s][info ][safepoint     ] Leaving safepoint region
[2023-10-17T14:23:41.341+0000][1354.432s][info ][safepoint     ] Total time for which application threads were stopped: 0.0021412 seconds, Stopping threads took: 0.0008637 seconds
[2023-10-17T14:23:52.348+0000][1365.437s][debug][safepoint     ] Safepoint synchronization initiated. (182 threads)
[2023-10-17T14:23:52.349+0000][1365.438s][info ][safepoint     ] Application time: 11.0045112 seconds
[2023-10-17T14:23:52.350+0000][1365.439s][info ][safepoint     ] Entering safepoint region: Cleanup
[2023-10-17T14:23:52.351+0000][1365.440s][info ][safepoint     ] Leaving safepoint region
[2023-10-17T14:23:52.352+0000][1365.441s][info ][safepoint     ] Total time for which application threads were stopped: 0.0019795 seconds, Stopping threads took: 0.0008509 seconds
[2023-10-17T14:23:53.353+0000][1366.442s][debug][safepoint     ] Safepoint synchronization initiated. (182 threads)
[2023-10-17T14:23:53.354+0000][1366.443s][info ][safepoint     ] Application time: 1.0014183 seconds
[2023-10-17T14:23:53.355+0000][1366.444s][info ][safepoint     ] Entering safepoint region: Cleanup
[2023-10-17T14:23:53.356+0000][1366.445s][info ][safepoint     ] Leaving safepoint region
[2023-10-17T14:23:53.357+0000][1366.445s][info ][safepoint     ] Total time for which application threads were stopped: 0.0019338 seconds, Stopping threads took: 0.0008322 seconds
[2023-10-17T14:24:02.360+0000][1375.448s][debug][safepoint     ] Safepoint synchronization initiated. (182 threads)
[2023-10-17T14:24:02.361+0000][1375.449s][info ][safepoint     ] Application time: 9.0029750 seconds
[2023-10-17T14:24:02.361+0000][1375.450s][info ][safepoint     ] Entering safepoint region: Cleanup
[2023-10-17T14:24:02.362+0000][1375.451s][info ][safepoint     ] Leaving safepoint region
[2023-10-17T14:24:02.363+0000][1375.452s][info ][safepoint     ] Total time for which application threads were stopped: 0.0020349 seconds, Stopping threads took: 0.0008128 seconds
[2023-10-17T14:24:45.376+0000][1418.463s][debug][safepoint     ] Safepoint synchronization initiated. (181 threads)
[2023-10-17T14:24:45.377+0000][1418.464s][info ][safepoint     ] Application time: 43.0116119 seconds
[2023-10-17T14:24:45.378+0000][1418.466s][info ][safepoint     ] Entering safepoint region: Cleanup
[2023-10-17T14:24:45.379+0000][1418.467s][info ][safepoint     ] Leaving safepoint region
[2023-10-17T14:24:45.380+0000][1418.468s][info ][safepoint     ] Total time for which application threads were stopped: 0.0024786 seconds, Stopping threads took: 0.0010172 seconds
[2023-10-17T14:24:46.292+0000][1419.380s][debug][safepoint     ] Safepoint synchronization initiated. (181 threads)
[2023-10-17T14:24:46.294+0000][1419.381s][info ][safepoint     ] Application time: 0.9124085 seconds
[2023-10-17T14:24:46.295+0000][1419.382s][info ][safepoint     ] Entering safepoint region: G1CollectForAllocation
[2023-10-17T14:24:46.296+0000][1419.384s][info ][gc,start      ] GC(73) Pause Young (Normal) (G1 Evacuation Pause)
[2023-10-17T14:24:46.297+0000][1419.385s][info ][gc,task       ] GC(73) Using 8 workers of 8 for evacuation
[2023-10-17T14:24:46.311+0000][1419.399s][info ][gc,phases     ] GC(73)   Pre Evacuate Collection Set: 0.1ms
[2023-10-17T14:24:46.312+0000][1419.400s][info ][gc,phases     ] GC(73)   Evacuate Collection Set: 9.2ms
[2023-10-17T14:24:46.313+0000][1419.400s][info ][gc,phases     ] GC(73)   Post Evacuate Collection Set: 4.0ms
[2023-10-17T14:24:46.313+0000][1419.401s][info ][gc,phases     ] GC(73)   Other: 1.8ms
[2023-10-17T14:24:46.314+0000][1419.402s][info ][gc,heap       ] GC(73) Eden regions: 191->0(191)
[2023-10-17T14:24:46.315+0000][1419.403s][info ][gc,heap       ] GC(73) Survivor regions: 12->12(26)
[2023-10-17T14:24:46.316+0000][1419.403s][info ][gc,heap       ] GC(73) Old regions: 158->158
[2023-10-17T14:24:46.317+0000][1419.404s][info ][gc,heap       ] GC(73) Humongous regions: 0->0
[2023-10-17T14:24:46.317+0000][1419.405s][info ][gc,metaspace  ] GC(73) Metaspace: 174497K(188916K)->174497K(188916K) NonClass: 154393K(165876K)->154393K(165876K) Class: 20103K(23040K)->20103K(23040K)
[2023-10-17T14:24:46.318+0000][1419.405s][info ][gc            ] GC(73) Pause Young (Normal) (G1 Evacuation Pause) 358M->167M(415M) 21.547ms
[2023-10-17T14:24:46.318+0000][1419.406s][info ][gc,cpu        ] GC(73) User=0.08s Sys=0.00s Real=0.02s
[2023-10-17T14:24:46.319+0000][1419.407s][info ][safepoint     ] Leaving safepoint region
[2023-10-17T14:24:46.320+0000][1419.408s][info ][safepoint     ] Total time for which application threads were stopped: 0.0255388 seconds, Stopping threads took: 0.0012299 seconds
[2023-10-17T14:24:46.321+0000][1419.409s][info ][gc,stringdedup] Concurrent String Deduplication (1419.409s)
[2023-10-17T14:24:46.322+0000][1419.410s][info ][gc,stringdedup] Concurrent String Deduplication 41712.0B->13160.0B(28552.0B) avg 53.3% (1419.409s, 1419.410s) 1.099ms
[2023-10-17T14:24:47.321+0000][1420.409s][debug][safepoint     ] Safepoint synchronization initiated. (181 threads)
[2023-10-17T14:24:47.322+0000][1420.410s][info ][safepoint     ] Application time: 1.0015361 seconds
[2023-10-17T14:24:47.323+0000][1420.411s][info ][safepoint     ] Entering safepoint region: Cleanup
[2023-10-17T14:24:47.324+0000][1420.412s][info ][safepoint     ] Leaving safepoint region
[2023-10-17T14:24:47.325+0000][1420.412s][info ][safepoint     ] Total time for which application threads were stopped: 0.0016083 seconds, Stopping threads took: 0.0006907 seconds
[2023-10-17T14:24:53.325+0000][1426.415s][debug][safepoint     ] Safepoint synchronization initiated. (181 threads)
[2023-10-17T14:24:53.326+0000][1426.416s][info ][safepoint     ] Application time: 6.0030182 seconds
[2023-10-17T14:24:53.327+0000][1426.417s][info ][safepoint     ] Entering safepoint region: Cleanup
[2023-10-17T14:24:53.328+0000][1426.418s][info ][safepoint     ] Leaving safepoint region
[2023-10-17T14:24:53.329+0000][1426.419s][info ][safepoint     ] Total time for which application threads were stopped: 0.0023584 seconds, Stopping threads took: 0.0010962 seconds
[2023-10-17T14:25:19.337+0000][1452.427s][debug][safepoint     ] Safepoint synchronization initiated. (180 threads)
[2023-10-17T14:25:19.338+0000][1452.429s][info ][safepoint     ] Application time: 26.0084472 seconds
[2023-10-17T14:25:19.339+0000][1452.430s][info ][safepoint     ] Entering safepoint region: Cleanup
[2023-10-17T14:25:19.340+0000][1452.431s][info ][safepoint     ] Leaving safepoint region
[2023-10-17T14:25:19.341+0000][1452.432s][info ][safepoint     ] Total time for which application threads were stopped: 0.0026513 seconds, Stopping threads took: 0.0012405 seconds
[2023-10-17T14:25:20.342+0000][1453.433s][debug][safepoint     ] Safepoint synchronization initiated. (180 threads)
[2023-10-17T14:25:20.343+0000][1453.434s][info ][safepoint     ] Application time: 1.0012552 seconds
[2023-10-17T14:25:20.344+0000][1453.435s][info ][safepoint     ] Entering safepoint region: Cleanup
[2023-10-17T14:25:20.346+0000][1453.437s][info ][safepoint     ] Leaving safepoint region
[2023-10-17T14:25:20.347+0000][1453.438s][info ][safepoint     ] Total time for which application threads were stopped: 0.0025082 seconds, Stopping threads took: 0.0009007 seconds
[2023-10-17T14:25:25.349+0000][1458.440s][debug][safepoint     ] Safepoint synchronization initiated. (180 threads)
[2023-10-17T14:25:25.350+0000][1458.441s][info ][safepoint     ] Application time: 5.0019742 seconds
[2023-10-17T14:25:25.350+0000][1458.441s][info ][safepoint     ] Entering safepoint region: Cleanup
[2023-10-17T14:25:25.351+0000][1458.442s][info ][safepoint     ] Leaving safepoint region
[2023-10-17T14:25:25.352+0000][1458.443s][info ][safepoint     ] Total time for which application threads were stopped: 0.0015079 seconds, Stopping threads took: 0.0006569 seconds
[2023-10-17T14:25:35.355+0000][1468.446s][debug][safepoint     ] Safepoint synchronization initiated. (180 threads)
[2023-10-17T14:25:35.355+0000][1468.446s][info ][safepoint     ] Application time: 10.0029662 seconds
[2023-10-17T14:25:35.356+0000][1468.447s][info ][safepoint     ] Entering safepoint region: Cleanup
[2023-10-17T14:25:35.357+0000][1468.448s][info ][safepoint     ] Leaving safepoint region
[2023-10-17T14:25:35.358+0000][1468.448s][info ][safepoint     ] Total time for which application threads were stopped: 0.0016837 seconds, Stopping threads took: 0.0007288 seconds
[2023-10-17T14:25:51.936+0000][1485.027s][debug][safepoint     ] Safepoint synchronization initiated. (180 threads)
[2023-10-17T14:25:51.937+0000][1485.028s][info ][safepoint     ] Application time: 16.5787277 seconds
[2023-10-17T14:25:51.937+0000][1485.029s][info ][safepoint     ] Entering safepoint region: Deoptimize
[2023-10-17T14:25:51.944+0000][1485.035s][info ][safepoint     ] Leaving safepoint region
[2023-10-17T14:25:51.945+0000][1485.036s][info ][safepoint     ] Total time for which application threads were stopped: 0.0073556 seconds, Stopping threads took: 0.0006356 seconds
[2023-10-17T14:25:52.946+0000][1486.037s][debug][safepoint     ] Safepoint synchronization initiated. (180 threads)
[2023-10-17T14:25:52.947+0000][1486.038s][info ][safepoint     ] Application time: 1.0015734 seconds
[2023-10-17T14:25:52.948+0000][1486.039s][info ][safepoint     ] Entering safepoint region: Cleanup
[2023-10-17T14:25:52.949+0000][1486.040s][info ][safepoint     ] Leaving safepoint region
[2023-10-17T14:25:52.950+0000][1486.041s][info ][safepoint     ] Total time for which application threads were stopped: 0.0019446 seconds, Stopping threads took: 0.0006953 seconds
[2023-10-17T14:26:02.414+0000][1495.505s][debug][safepoint     ] Safepoint synchronization initiated. (180 threads)
[2023-10-17T14:26:02.414+0000][1495.505s][info ][safepoint     ] Application time: 9.4636700 seconds
[2023-10-17T14:26:02.415+0000][1495.506s][info ][safepoint     ] Entering safepoint region: Deoptimize
[2023-10-17T14:26:02.422+0000][1495.514s][info ][safepoint     ] Leaving safepoint region
[2023-10-17T14:26:02.424+0000][1495.515s][info ][safepoint     ] Total time for which application threads were stopped: 0.0091717 seconds, Stopping threads took: 0.0012756 seconds
[2023-10-17T14:26:03.426+0000][1496.517s][debug][safepoint     ] Safepoint synchronization initiated. (187 threads)
[2023-10-17T14:26:03.427+0000][1496.518s][info ][safepoint     ] Application time: 1.0015908 seconds
[2023-10-17T14:26:03.427+0000][1496.519s][info ][safepoint     ] Entering safepoint region: Cleanup
[2023-10-17T14:26:03.428+0000][1496.520s][info ][safepoint     ] Leaving safepoint region
[2023-10-17T14:26:03.429+0000][1496.520s][info ][safepoint     ] Total time for which application threads were stopped: 0.0017199 seconds, Stopping threads took: 0.0006498 seconds
[2023-10-17T14:26:04.430+0000][1497.521s][debug][safepoint     ] Safepoint synchronization initiated. (187 threads)
[2023-10-17T14:26:04.431+0000][1497.523s][info ][safepoint     ] Application time: 1.0015622 seconds
[2023-10-17T14:26:04.432+0000][1497.523s][info ][safepoint     ] Entering safepoint region: Cleanup
[2023-10-17T14:26:04.435+0000][1497.526s][info ][safepoint     ] Leaving safepoint region
[2023-10-17T14:26:04.435+0000][1497.526s][info ][safepoint     ] Total time for which application threads were stopped: 0.0030878 seconds, Stopping threads took: 0.0017426 seconds
[2023-10-17T14:26:06.436+0000][1499.527s][debug][safepoint     ] Safepoint synchronization initiated. (186 threads)
[2023-10-17T14:26:06.437+0000][1499.528s][info ][safepoint     ] Application time: 2.0014119 seconds
[2023-10-17T14:26:06.438+0000][1499.530s][info ][safepoint     ] Entering safepoint region: Cleanup
[2023-10-17T14:26:06.440+0000][1499.532s][info ][safepoint     ] Leaving safepoint region
[2023-10-17T14:26:06.442+0000][1499.533s][info ][safepoint     ] Total time for which application threads were stopped: 0.0031505 seconds, Stopping threads took: 0.0011515 seconds
[2023-10-17T14:26:11.444+0000][1504.535s][debug][safepoint     ] Safepoint synchronization initiated. (186 threads)
[2023-10-17T14:26:11.445+0000][1504.536s][info ][safepoint     ] Application time: 5.0021199 seconds
[2023-10-17T14:26:11.445+0000][1504.536s][info ][safepoint     ] Entering safepoint region: Cleanup
[2023-10-17T14:26:11.446+0000][1504.537s][info ][safepoint     ] Leaving safepoint region
[2023-10-17T14:26:11.447+0000][1504.539s][info ][safepoint     ] Total time for which application threads were stopped: 0.0022343 seconds, Stopping threads took: 0.0007009 seconds
[2023-10-17T14:26:28.453+0000][1521.544s][debug][safepoint     ] Safepoint synchronization initiated. (186 threads)
[2023-10-17T14:26:28.455+0000][1521.546s][info ][safepoint     ] Application time: 17.0069895 seconds
[2023-10-17T14:26:28.456+0000][1521.548s][info ][safepoint     ] Entering safepoint region: Cleanup
[2023-10-17T14:26:28.459+0000][1521.550s][info ][safepoint     ] Leaving safepoint region
[2023-10-17T14:26:28.461+0000][1521.552s][info ][safepoint     ] Total time for which application threads were stopped: 0.0047936 seconds, Stopping threads took: 0.0014049 seconds
[2023-10-17T14:26:40.465+0000][1533.556s][debug][safepoint     ] Safepoint synchronization initiated. (186 threads)
[2023-10-17T14:26:40.466+0000][1533.558s][info ][safepoint     ] Application time: 12.0041856 seconds
[2023-10-17T14:26:40.468+0000][1533.560s][info ][safepoint     ] Entering safepoint region: Cleanup
[2023-10-17T14:26:40.470+0000][1533.561s][info ][safepoint     ] Leaving safepoint region
[2023-10-17T14:26:40.470+0000][1533.562s][info ][safepoint     ] Total time for which application threads were stopped: 0.0019864 seconds, Stopping threads took: 0.0009600 seconds
[2023-10-17T14:26:48.896+0000][1541.987s][debug][safepoint     ] Safepoint synchronization initiated. (188 threads)
[2023-10-17T14:26:48.898+0000][1541.989s][info ][safepoint     ] Application time: 8.4267782 seconds
[2023-10-17T14:26:48.899+0000][1541.990s][debug][safepoint     ] Waiting for 1 thread(s) to block
[2023-10-17T14:26:48.900+0000][1541.991s][info ][safepoint     ] Entering safepoint region: G1CollectForAllocation
[2023-10-17T14:26:48.901+0000][1541.992s][info ][gc,start      ] GC(74) Pause Young (Normal) (G1 Evacuation Pause)
[2023-10-17T14:26:48.901+0000][1541.992s][info ][gc,task       ] GC(74) Using 8 workers of 8 for evacuation
[2023-10-17T14:26:48.939+0000][1542.030s][info ][gc,phases     ] GC(74)   Pre Evacuate Collection Set: 0.0ms
[2023-10-17T14:26:48.939+0000][1542.031s][info ][gc,phases     ] GC(74)   Evacuate Collection Set: 23.0ms
[2023-10-17T14:26:48.940+0000][1542.031s][info ][gc,phases     ] GC(74)   Post Evacuate Collection Set: 13.5ms
[2023-10-17T14:26:48.941+0000][1542.032s][info ][gc,phases     ] GC(74)   Other: 1.6ms
[2023-10-17T14:26:48.941+0000][1542.032s][info ][gc,heap       ] GC(74) Eden regions: 191->0(187)
[2023-10-17T14:26:48.942+0000][1542.033s][info ][gc,heap       ] GC(74) Survivor regions: 12->14(26)
[2023-10-17T14:26:48.942+0000][1542.033s][info ][gc,heap       ] GC(74) Old regions: 158->158
[2023-10-17T14:26:48.943+0000][1542.034s][info ][gc,heap       ] GC(74) Humongous regions: 0->0
[2023-10-17T14:26:48.943+0000][1542.034s][info ][gc,metaspace  ] GC(74) Metaspace: 177621K(191988K)->177621K(191988K) NonClass: 157222K(168692K)->157222K(168692K) Class: 20399K(23296K)->20399K(23296K)
[2023-10-17T14:26:48.944+0000][1542.035s][info ][gc            ] GC(74) Pause Young (Normal) (G1 Evacuation Pause) 358M->170M(415M) 43.028ms
[2023-10-17T14:26:48.944+0000][1542.035s][info ][gc,cpu        ] GC(74) User=0.24s Sys=0.02s Real=0.04s
[2023-10-17T14:26:48.945+0000][1542.036s][info ][safepoint     ] Leaving safepoint region
[2023-10-17T14:26:48.945+0000][1542.037s][info ][safepoint     ] Total time for which application threads were stopped: 0.0466370 seconds, Stopping threads took: 0.0012878 seconds
[2023-10-17T14:26:48.946+0000][1542.037s][info ][gc,stringdedup] Concurrent String Deduplication (1542.037s)
[2023-10-17T14:26:48.949+0000][1542.040s][info ][gc,stringdedup] Concurrent String Deduplication 35904.0B->16480.0B(19424.0B) avg 53.3% (1542.037s, 1542.040s) 2.518ms
[2023-10-17T14:26:49.947+0000][1543.039s][debug][safepoint     ] Safepoint synchronization initiated. (190 threads)
[2023-10-17T14:26:49.948+0000][1543.040s][info ][safepoint     ] Application time: 1.0023973 seconds
[2023-10-17T14:26:49.950+0000][1543.041s][info ][safepoint     ] Entering safepoint region: Cleanup
[2023-10-17T14:26:49.951+0000][1543.042s][info ][safepoint     ] Leaving safepoint region
[2023-10-17T14:26:49.952+0000][1543.043s][info ][safepoint     ] Total time for which application threads were stopped: 0.0020943 seconds, Stopping threads took: 0.0009034 seconds
[2023-10-17T14:26:50.953+0000][1544.044s][debug][safepoint     ] Safepoint synchronization initiated. (190 threads)
[2023-10-17T14:26:50.954+0000][1544.045s][info ][safepoint     ] Application time: 1.0009555 seconds
[2023-10-17T14:26:50.955+0000][1544.046s][info ][safepoint     ] Entering safepoint region: Cleanup
[2023-10-17T14:26:50.956+0000][1544.047s][info ][safepoint     ] Leaving safepoint region
[2023-10-17T14:26:50.957+0000][1544.048s][info ][safepoint     ] Total time for which application threads were stopped: 0.0023934 seconds, Stopping threads took: 0.0008923 seconds
[2023-10-17T14:26:51.958+0000][1545.050s][debug][safepoint     ] Safepoint synchronization initiated. (190 threads)
[2023-10-17T14:26:51.959+0000][1545.051s][info ][safepoint     ] Application time: 1.0013847 seconds
[2023-10-17T14:26:51.961+0000][1545.052s][info ][safepoint     ] Entering safepoint region: Cleanup
[2023-10-17T14:26:51.962+0000][1545.053s][info ][safepoint     ] Leaving safepoint region
[2023-10-17T14:26:51.963+0000][1545.055s][info ][safepoint     ] Total time for which application threads were stopped: 0.0029128 seconds, Stopping threads took: 0.0012058 seconds
[2023-10-17T14:26:52.965+0000][1546.056s][debug][safepoint     ] Safepoint synchronization initiated. (190 threads)
[2023-10-17T14:26:52.966+0000][1546.057s][info ][safepoint     ] Application time: 1.0013610 seconds
[2023-10-17T14:26:52.967+0000][1546.058s][info ][safepoint     ] Entering safepoint region: Cleanup
[2023-10-17T14:26:52.968+0000][1546.060s][info ][safepoint     ] Leaving safepoint region
[2023-10-17T14:26:52.969+0000][1546.061s][info ][safepoint     ] Total time for which application threads were stopped: 0.0027970 seconds, Stopping threads took: 0.0016478 seconds
[2023-10-17T14:26:53.971+0000][1547.062s][debug][safepoint     ] Safepoint synchronization initiated. (190 threads)
[2023-10-17T14:26:53.972+0000][1547.063s][info ][safepoint     ] Application time: 1.0013013 seconds
[2023-10-17T14:26:53.973+0000][1547.064s][info ][safepoint     ] Entering safepoint region: Cleanup
[2023-10-17T14:26:53.974+0000][1547.066s][info ][safepoint     ] Leaving safepoint region
[2023-10-17T14:26:53.975+0000][1547.066s][info ][safepoint     ] Total time for which application threads were stopped: 0.0026830 seconds, Stopping threads took: 0.0014439 seconds
[2023-10-17T14:26:54.976+0000][1548.067s][debug][safepoint     ] Safepoint synchronization initiated. (190 threads)
[2023-10-17T14:26:54.977+0000][1548.068s][info ][safepoint     ] Application time: 1.0009691 seconds
[2023-10-17T14:26:54.977+0000][1548.069s][info ][safepoint     ] Entering safepoint region: Cleanup
[2023-10-17T14:26:54.978+0000][1548.069s][info ][safepoint     ] Leaving safepoint region
[2023-10-17T14:26:54.979+0000][1548.070s][info ][safepoint     ] Total time for which application threads were stopped: 0.0014363 seconds, Stopping threads took: 0.0005425 seconds
[2023-10-17T14:26:55.979+0000][1549.071s][debug][safepoint     ] Safepoint synchronization initiated. (190 threads)
[2023-10-17T14:26:55.981+0000][1549.072s][info ][safepoint     ] Application time: 1.0015716 seconds
[2023-10-17T14:26:55.982+0000][1549.073s][info ][safepoint     ] Entering safepoint region: Cleanup
[2023-10-17T14:26:55.983+0000][1549.074s][info ][safepoint     ] Leaving safepoint region
[2023-10-17T14:26:55.984+0000][1549.075s][info ][safepoint     ] Total time for which application threads were stopped: 0.0017521 seconds, Stopping threads took: 0.0007791 seconds
[2023-10-17T14:26:56.984+0000][1550.076s][debug][safepoint     ] Safepoint synchronization initiated. (190 threads)
[2023-10-17T14:26:56.985+0000][1550.077s][info ][safepoint     ] Application time: 1.0010942 seconds
[2023-10-17T14:26:56.987+0000][1550.078s][info ][safepoint     ] Entering safepoint region: Cleanup
[2023-10-17T14:26:56.988+0000][1550.079s][info ][safepoint     ] Leaving safepoint region
[2023-10-17T14:26:56.989+0000][1550.080s][info ][safepoint     ] Total time for which application threads were stopped: 0.0023183 seconds, Stopping threads took: 0.0011296 seconds
[2023-10-17T14:26:57.990+0000][1551.081s][debug][safepoint     ] Safepoint synchronization initiated. (190 threads)
[2023-10-17T14:26:57.992+0000][1551.083s][info ][safepoint     ] Application time: 1.0021688 seconds
[2023-10-17T14:26:57.993+0000][1551.084s][info ][safepoint     ] Entering safepoint region: Cleanup
[2023-10-17T14:26:57.994+0000][1551.085s][info ][safepoint     ] Leaving safepoint region
[2023-10-17T14:26:57.995+0000][1551.086s][info ][safepoint     ] Total time for which application threads were stopped: 0.0017249 seconds, Stopping threads took: 0.0006914 seconds
[2023-10-17T14:26:58.997+0000][1552.088s][debug][safepoint     ] Safepoint synchronization initiated. (190 threads)
[2023-10-17T14:26:58.998+0000][1552.089s][info ][safepoint     ] Application time: 1.0024999 seconds
[2023-10-17T14:26:58.999+0000][1552.090s][info ][safepoint     ] Entering safepoint region: Cleanup
[2023-10-17T14:26:59.000+0000][1552.091s][info ][safepoint     ] Leaving safepoint region
[2023-10-17T14:26:59.000+0000][1552.092s][info ][safepoint     ] Total time for which application threads were stopped: 0.0015672 seconds, Stopping threads took: 0.0006827 seconds
[2023-10-17T14:27:00.001+0000][1553.092s][debug][safepoint     ] Safepoint synchronization initiated. (190 threads)
[2023-10-17T14:27:00.002+0000][1553.094s][info ][safepoint     ] Application time: 1.0013285 seconds
[2023-10-17T14:27:00.003+0000][1553.095s][info ][safepoint     ] Entering safepoint region: Cleanup
[2023-10-17T14:27:00.004+0000][1553.096s][info ][safepoint     ] Leaving safepoint region
[2023-10-17T14:27:00.006+0000][1553.097s][info ][safepoint     ] Total time for which application threads were stopped: 0.0023251 seconds, Stopping threads took: 0.0008396 seconds
[2023-10-17T14:27:01.008+0000][1554.099s][debug][safepoint     ] Safepoint synchronization initiated. (190 threads)
[2023-10-17T14:27:01.009+0000][1554.100s][info ][safepoint     ] Application time: 1.0016007 seconds
[2023-10-17T14:27:01.009+0000][1554.101s][info ][safepoint     ] Entering safepoint region: Cleanup
[2023-10-17T14:27:01.010+0000][1554.102s][info ][safepoint     ] Leaving safepoint region
[2023-10-17T14:27:01.011+0000][1554.102s][info ][safepoint     ] Total time for which application threads were stopped: 0.0016215 seconds, Stopping threads took: 0.0006578 seconds
[2023-10-17T14:27:02.012+0000][1555.103s][debug][safepoint     ] Safepoint synchronization initiated. (190 threads)
[2023-10-17T14:27:02.013+0000][1555.104s][info ][safepoint     ] Application time: 1.0011058 seconds
[2023-10-17T14:27:02.013+0000][1555.105s][info ][safepoint     ] Entering safepoint region: Cleanup
[2023-10-17T14:27:02.015+0000][1555.107s][info ][safepoint     ] Leaving safepoint region
[2023-10-17T14:27:02.016+0000][1555.107s][info ][safepoint     ] Total time for which application threads were stopped: 0.0026533 seconds, Stopping threads took: 0.0017127 seconds
[2023-10-17T14:27:03.017+0000][1556.108s][debug][safepoint     ] Safepoint synchronization initiated. (190 threads)
[2023-10-17T14:27:03.018+0000][1556.109s][info ][safepoint     ] Application time: 1.0012846 seconds
[2023-10-17T14:27:03.019+0000][1556.110s][info ][safepoint     ] Entering safepoint region: Cleanup
[2023-10-17T14:27:03.020+0000][1556.111s][info ][safepoint     ] Leaving safepoint region
[2023-10-17T14:27:03.021+0000][1556.112s][info ][safepoint     ] Total time for which application threads were stopped: 0.0021470 seconds, Stopping threads took: 0.0008368 seconds
[2023-10-17T14:27:04.023+0000][1557.114s][debug][safepoint     ] Safepoint synchronization initiated. (190 threads)
[2023-10-17T14:27:04.024+0000][1557.115s][info ][safepoint     ] Application time: 1.0012098 seconds
[2023-10-17T14:27:04.024+0000][1557.116s][info ][safepoint     ] Entering safepoint region: Cleanup
[2023-10-17T14:27:04.025+0000][1557.117s][info ][safepoint     ] Leaving safepoint region
[2023-10-17T14:27:04.026+0000][1557.117s][info ][safepoint     ] Total time for which application threads were stopped: 0.0016920 seconds, Stopping threads took: 0.0007429 seconds
[2023-10-17T14:27:05.027+0000][1558.118s][debug][safepoint     ] Safepoint synchronization initiated. (190 threads)
[2023-10-17T14:27:05.028+0000][1558.119s][info ][safepoint     ] Application time: 1.0009613 seconds
[2023-10-17T14:27:05.028+0000][1558.120s][info ][safepoint     ] Entering safepoint region: Cleanup
[2023-10-17T14:27:05.030+0000][1558.121s][info ][safepoint     ] Leaving safepoint region
[2023-10-17T14:27:05.031+0000][1558.122s][info ][safepoint     ] Total time for which application threads were stopped: 0.0026401 seconds, Stopping threads took: 0.0014643 seconds
[2023-10-17T14:27:06.033+0000][1559.124s][debug][safepoint     ] Safepoint synchronization initiated. (190 threads)
[2023-10-17T14:27:06.035+0000][1559.126s][info ][safepoint     ] Application time: 1.0020976 seconds
[2023-10-17T14:27:06.036+0000][1559.127s][info ][safepoint     ] Entering safepoint region: Cleanup
[2023-10-17T14:27:06.037+0000][1559.128s][info ][safepoint     ] Leaving safepoint region
[2023-10-17T14:27:06.038+0000][1559.129s][info ][safepoint     ] Total time for which application threads were stopped: 0.0021685 seconds, Stopping threads took: 0.0008322 seconds
[2023-10-17T14:27:07.040+0000][1560.131s][debug][safepoint     ] Safepoint synchronization initiated. (190 threads)
[2023-10-17T14:27:07.041+0000][1560.132s][info ][safepoint     ] Application time: 1.0013735 seconds
[2023-10-17T14:27:07.042+0000][1560.133s][info ][safepoint     ] Entering safepoint region: Cleanup
[2023-10-17T14:27:07.043+0000][1560.135s][info ][safepoint     ] Leaving safepoint region
[2023-10-17T14:27:07.044+0000][1560.135s][info ][safepoint     ] Total time for which application threads were stopped: 0.0022280 seconds, Stopping threads took: 0.0012186 seconds
[2023-10-17T14:27:08.045+0000][1561.136s][debug][safepoint     ] Safepoint synchronization initiated. (190 threads)
[2023-10-17T14:27:08.046+0000][1561.137s][info ][safepoint     ] Application time: 1.0012821 seconds
[2023-10-17T14:27:08.047+0000][1561.138s][info ][safepoint     ] Entering safepoint region: Cleanup
[2023-10-17T14:27:08.048+0000][1561.139s][info ][safepoint     ] Leaving safepoint region
[2023-10-17T14:27:08.049+0000][1561.140s][info ][safepoint     ] Total time for which application threads were stopped: 0.0018032 seconds, Stopping threads took: 0.0008577 seconds
[2023-10-17T14:27:09.050+0000][1562.141s][debug][safepoint     ] Safepoint synchronization initiated. (190 threads)
[2023-10-17T14:27:09.051+0000][1562.142s][info ][safepoint     ] Application time: 1.0009952 seconds
[2023-10-17T14:27:09.051+0000][1562.143s][info ][safepoint     ] Entering safepoint region: Cleanup
[2023-10-17T14:27:09.053+0000][1562.144s][info ][safepoint     ] Leaving safepoint region
[2023-10-17T14:27:09.054+0000][1562.145s][info ][safepoint     ] Total time for which application threads were stopped: 0.0021471 seconds, Stopping threads took: 0.0008380 seconds
[2023-10-17T14:27:10.054+0000][1563.146s][debug][safepoint     ] Safepoint synchronization initiated. (190 threads)
[2023-10-17T14:27:10.055+0000][1563.147s][info ][safepoint     ] Application time: 1.0011087 seconds
[2023-10-17T14:27:10.056+0000][1563.148s][info ][safepoint     ] Entering safepoint region: Cleanup
[2023-10-17T14:27:10.057+0000][1563.149s][info ][safepoint     ] Leaving safepoint region
[2023-10-17T14:27:10.058+0000][1563.149s][info ][safepoint     ] Total time for which application threads were stopped: 0.0017646 seconds, Stopping threads took: 0.0007735 seconds
[2023-10-17T14:27:11.059+0000][1564.150s][debug][safepoint     ] Safepoint synchronization initiated. (190 threads)
[2023-10-17T14:27:11.060+0000][1564.152s][info ][safepoint     ] Application time: 1.0016979 seconds
[2023-10-17T14:27:11.061+0000][1564.152s][info ][safepoint     ] Entering safepoint region: Cleanup
[2023-10-17T14:27:11.062+0000][1564.154s][info ][safepoint     ] Leaving safepoint region
[2023-10-17T14:27:11.063+0000][1564.154s][info ][safepoint     ] Total time for which application threads were stopped: 0.0019566 seconds, Stopping threads took: 0.0007838 seconds
[2023-10-17T14:27:12.064+0000][1565.155s][debug][safepoint     ] Safepoint synchronization initiated. (190 threads)
[2023-10-17T14:27:12.065+0000][1565.156s][info ][safepoint     ] Application time: 1.0013806 seconds
[2023-10-17T14:27:12.066+0000][1565.157s][debug][safepoint     ] ... found polling page loop exception at pc = 0x00007fc1a4f90057, stub =0x00007fc19c843680
[2023-10-17T14:27:12.067+0000][1565.158s][debug][safepoint     ] Waiting for 1 thread(s) to block
[2023-10-17T14:27:12.068+0000][1565.159s][info ][safepoint     ] Entering safepoint region: Cleanup
[2023-10-17T14:27:12.069+0000][1565.160s][info ][safepoint     ] Leaving safepoint region
[2023-10-17T14:27:12.070+0000][1565.161s][info ][safepoint     ] Total time for which application threads were stopped: 0.0038911 seconds, Stopping threads took: 0.0028679 seconds
[2023-10-17T14:27:13.071+0000][1566.162s][debug][safepoint     ] Safepoint synchronization initiated. (190 threads)
[2023-10-17T14:27:13.072+0000][1566.164s][info ][safepoint     ] Application time: 1.0016882 seconds
[2023-10-17T14:27:13.073+0000][1566.165s][info ][safepoint     ] Entering safepoint region: Cleanup
[2023-10-17T14:27:13.075+0000][1566.166s][info ][safepoint     ] Leaving safepoint region
[2023-10-17T14:27:13.076+0000][1566.167s][info ][safepoint     ] Total time for which application threads were stopped: 0.0027101 seconds, Stopping threads took: 0.0012867 seconds
[2023-10-17T14:27:14.077+0000][1567.169s][debug][safepoint     ] Safepoint synchronization initiated. (190 threads)
[2023-10-17T14:27:14.078+0000][1567.170s][info ][safepoint     ] Application time: 1.0015614 seconds
[2023-10-17T14:27:14.080+0000][1567.171s][info ][safepoint     ] Entering safepoint region: Cleanup
[2023-10-17T14:27:14.081+0000][1567.172s][info ][safepoint     ] Leaving safepoint region
[2023-10-17T14:27:14.082+0000][1567.173s][info ][safepoint     ] Total time for which application threads were stopped: 0.0023874 seconds, Stopping threads took: 0.0011290 seconds
[2023-10-17T14:27:15.083+0000][1568.174s][debug][safepoint     ] Safepoint synchronization initiated. (190 threads)
[2023-10-17T14:27:15.084+0000][1568.175s][info ][safepoint     ] Application time: 1.0014308 seconds
[2023-10-17T14:27:15.085+0000][1568.177s][info ][safepoint     ] Entering safepoint region: Cleanup
[2023-10-17T14:27:15.087+0000][1568.178s][info ][safepoint     ] Leaving safepoint region
[2023-10-17T14:27:15.088+0000][1568.179s][info ][safepoint     ] Total time for which application threads were stopped: 0.0022534 seconds, Stopping threads took: 0.0010884 seconds
[2023-10-17T14:27:16.089+0000][1569.180s][debug][safepoint     ] Safepoint synchronization initiated. (190 threads)
[2023-10-17T14:27:16.090+0000][1569.181s][info ][safepoint     ] Application time: 1.0010936 seconds
[2023-10-17T14:27:16.090+0000][1569.181s][info ][safepoint     ] Entering safepoint region: Cleanup
[2023-10-17T14:27:16.091+0000][1569.182s][info ][safepoint     ] Leaving safepoint region
[2023-10-17T14:27:16.092+0000][1569.183s][info ][safepoint     ] Total time for which application threads were stopped: 0.0016220 seconds, Stopping threads took: 0.0006291 seconds
[2023-10-17T14:27:17.093+0000][1570.184s][debug][safepoint     ] Safepoint synchronization initiated. (190 threads)
[2023-10-17T14:27:17.094+0000][1570.185s][info ][safepoint     ] Application time: 1.0014896 seconds
[2023-10-17T14:27:17.095+0000][1570.186s][info ][safepoint     ] Entering safepoint region: Cleanup
[2023-10-17T14:27:17.096+0000][1570.187s][info ][safepoint     ] Leaving safepoint region
[2023-10-17T14:27:17.097+0000][1570.188s][info ][safepoint     ] Total time for which application threads were stopped: 0.0019620 seconds, Stopping threads took: 0.0007748 seconds
[2023-10-17T14:27:18.098+0000][1571.190s][debug][safepoint     ] Safepoint synchronization initiated. (190 threads)
[2023-10-17T14:27:18.099+0000][1571.191s][info ][safepoint     ] Application time: 1.0015924 seconds
[2023-10-17T14:27:18.100+0000][1571.192s][info ][safepoint     ] Entering safepoint region: Cleanup
[2023-10-17T14:27:18.101+0000][1571.193s][info ][safepoint     ] Leaving safepoint region
[2023-10-17T14:27:18.102+0000][1571.193s][info ][safepoint     ] Total time for which application threads were stopped: 0.0017130 seconds, Stopping threads took: 0.0007805 seconds
[2023-10-17T14:27:19.103+0000][1572.194s][debug][safepoint     ] Safepoint synchronization initiated. (190 threads)
[2023-10-17T14:27:19.104+0000][1572.195s][info ][safepoint     ] Application time: 1.0015072 seconds
[2023-10-17T14:27:19.105+0000][1572.196s][info ][safepoint     ] Entering safepoint region: Cleanup
[2023-10-17T14:27:19.106+0000][1572.197s][info ][safepoint     ] Leaving safepoint region
[2023-10-17T14:27:19.107+0000][1572.198s][info ][safepoint     ] Total time for which application threads were stopped: 0.0018643 seconds, Stopping threads took: 0.0008155 seconds
[2023-10-17T14:27:19.810+0000][1572.901s][debug][safepoint     ] Safepoint synchronization initiated. (190 threads)
[2023-10-17T14:27:19.812+0000][1572.903s][info ][safepoint     ] Application time: 0.7038046 seconds
[2023-10-17T14:27:19.813+0000][1572.904s][info ][safepoint     ] Entering safepoint region: Deoptimize
[2023-10-17T14:27:19.816+0000][1572.908s][info ][safepoint     ] Leaving safepoint region
[2023-10-17T14:27:19.817+0000][1572.908s][info ][safepoint     ] Total time for which application threads were stopped: 0.0044852 seconds, Stopping threads took: 0.0008221 seconds
[2023-10-17T14:27:20.818+0000][1573.909s][debug][safepoint     ] Safepoint synchronization initiated. (191 threads)
[2023-10-17T14:27:20.819+0000][1573.911s][info ][safepoint     ] Application time: 1.0013349 seconds
[2023-10-17T14:27:20.820+0000][1573.912s][info ][safepoint     ] Entering safepoint region: Cleanup
[2023-10-17T14:27:20.822+0000][1573.913s][info ][safepoint     ] Leaving safepoint region
[2023-10-17T14:27:20.823+0000][1573.914s][info ][safepoint     ] Total time for which application threads were stopped: 0.0021334 seconds, Stopping threads took: 0.0008606 seconds
[2023-10-17T14:27:21.823+0000][1574.915s][debug][safepoint     ] Safepoint synchronization initiated. (191 threads)
[2023-10-17T14:27:21.825+0000][1574.916s][info ][safepoint     ] Application time: 1.0012171 seconds
[2023-10-17T14:27:21.826+0000][1574.917s][info ][safepoint     ] Entering safepoint region: Cleanup
[2023-10-17T14:27:21.827+0000][1574.918s][info ][safepoint     ] Leaving safepoint region
[2023-10-17T14:27:21.827+0000][1574.919s][info ][safepoint     ] Total time for which application threads were stopped: 0.0019235 seconds, Stopping threads took: 0.0008309 seconds
[2023-10-17T14:27:22.829+0000][1575.920s][debug][safepoint     ] Safepoint synchronization initiated. (191 threads)
[2023-10-17T14:27:22.830+0000][1575.922s][info ][safepoint     ] Application time: 1.0019848 seconds
[2023-10-17T14:27:22.831+0000][1575.923s][info ][safepoint     ] Entering safepoint region: Cleanup
[2023-10-17T14:27:22.833+0000][1575.924s][info ][safepoint     ] Leaving safepoint region
[2023-10-17T14:27:22.833+0000][1575.925s][info ][safepoint     ] Total time for which application threads were stopped: 0.0020941 seconds, Stopping threads took: 0.0008722 seconds
[2023-10-17T14:27:23.834+0000][1576.925s][debug][safepoint     ] Safepoint synchronization initiated. (191 threads)
[2023-10-17T14:27:23.835+0000][1576.926s][info ][safepoint     ] Application time: 1.0011814 seconds
[2023-10-17T14:27:23.836+0000][1576.928s][info ][safepoint     ] Entering safepoint region: Cleanup
[2023-10-17T14:27:23.838+0000][1576.929s][info ][safepoint     ] Leaving safepoint region
[2023-10-17T14:27:23.839+0000][1576.931s][info ][safepoint     ] Total time for which application threads were stopped: 0.0030276 seconds, Stopping threads took: 0.0012000 seconds
[2023-10-17T14:27:24.841+0000][1577.932s][debug][safepoint     ] Safepoint synchronization initiated. (190 threads)
[2023-10-17T14:27:24.842+0000][1577.933s][info ][safepoint     ] Application time: 1.0010959 seconds
[2023-10-17T14:27:24.843+0000][1577.934s][info ][safepoint     ] Entering safepoint region: Cleanup
[2023-10-17T14:27:24.843+0000][1577.935s][info ][safepoint     ] Leaving safepoint region
[2023-10-17T14:27:24.844+0000][1577.935s][info ][safepoint     ] Total time for which application threads were stopped: 0.0017053 seconds, Stopping threads took: 0.0006204 seconds
[2023-10-17T14:27:25.845+0000][1578.937s][debug][safepoint     ] Safepoint synchronization initiated. (190 threads)
[2023-10-17T14:27:25.846+0000][1578.938s][info ][safepoint     ] Application time: 1.0013428 seconds
[2023-10-17T14:27:25.847+0000][1578.938s][info ][safepoint     ] Entering safepoint region: Cleanup
[2023-10-17T14:27:25.848+0000][1578.940s][info ][safepoint     ] Leaving safepoint region
[2023-10-17T14:27:25.849+0000][1578.940s][info ][safepoint     ] Total time for which application threads were stopped: 0.0022828 seconds, Stopping threads took: 0.0010179 seconds
[2023-10-17T14:27:26.850+0000][1579.942s][debug][safepoint     ] Safepoint synchronization initiated. (190 threads)
[2023-10-17T14:27:26.851+0000][1579.943s][info ][safepoint     ] Application time: 1.0013094 seconds
[2023-10-17T14:27:26.852+0000][1579.943s][debug][safepoint     ] ... found polling page return exception at pc = 0x00007fc1a54de9db, stub =0x00007fc19c840600
[2023-10-17T14:27:26.852+0000][1579.943s][debug][safepoint     ] ... found polling page return exception at pc = 0x00007fc1a54de9db, stub =0x00007fc19c840600
[2023-10-17T14:27:26.852+0000][1579.943s][debug][safepoint     ] ... found polling page return exception at pc = 0x00007fc1a5468077, stub =0x00007fc19c840600
[2023-10-17T14:27:26.852+0000][1579.943s][debug][safepoint     ] ... found polling page return exception at pc = 0x00007fc1a5468077, stub =0x00007fc19c840600
[2023-10-17T14:27:26.852+0000][1579.943s][debug][safepoint     ] ... found polling page return exception at pc = 0x00007fc1a54de9db, stub =0x00007fc19c840600
[2023-10-17T14:27:26.852+0000][1579.943s][debug][safepoint     ] ... found polling page return exception at pc = 0x00007fc1a5468077, stub =0x00007fc19c840600
[2023-10-17T14:27:26.852+0000][1579.943s][debug][safepoint     ] ... found polling page return exception at pc = 0x00007fc1a5468077, stub =0x00007fc19c840600
[2023-10-17T14:27:26.858+0000][1579.949s][debug][safepoint     ] Waiting for 7 thread(s) to block
[2023-10-17T14:27:26.860+0000][1579.952s][info ][safepoint     ] Entering safepoint region: Cleanup
[2023-10-17T14:27:26.862+0000][1579.953s][info ][safepoint     ] Leaving safepoint region
[2023-10-17T14:27:26.863+0000][1579.954s][info ][safepoint     ] Total time for which application threads were stopped: 0.0105735 seconds, Stopping threads took: 0.0091357 seconds
[2023-10-17T14:27:27.864+0000][1580.955s][debug][safepoint     ] Safepoint synchronization initiated. (190 threads)
[2023-10-17T14:27:27.865+0000][1580.956s][info ][safepoint     ] Application time: 1.0013412 seconds
[2023-10-17T14:27:27.866+0000][1580.957s][info ][safepoint     ] Entering safepoint region: Cleanup
[2023-10-17T14:27:27.867+0000][1580.958s][info ][safepoint     ] Leaving safepoint region
[2023-10-17T14:27:27.868+0000][1580.959s][info ][safepoint     ] Total time for which application threads were stopped: 0.0020414 seconds, Stopping threads took: 0.0007947 seconds
[2023-10-17T14:27:28.869+0000][1581.960s][debug][safepoint     ] Safepoint synchronization initiated. (190 threads)
[2023-10-17T14:27:28.870+0000][1581.961s][info ][safepoint     ] Application time: 1.0013219 seconds
[2023-10-17T14:27:28.871+0000][1581.963s][info ][safepoint     ] Entering safepoint region: Cleanup
[2023-10-17T14:27:28.873+0000][1581.964s][info ][safepoint     ] Leaving safepoint region
[2023-10-17T14:27:28.874+0000][1581.965s][info ][safepoint     ] Total time for which application threads were stopped: 0.0022762 seconds, Stopping threads took: 0.0010072 seconds
[2023-10-17T14:27:29.875+0000][1582.966s][debug][safepoint     ] Safepoint synchronization initiated. (190 threads)
[2023-10-17T14:27:29.876+0000][1582.967s][info ][safepoint     ] Application time: 1.0016955 seconds
[2023-10-17T14:27:29.877+0000][1582.968s][debug][safepoint     ] ... found polling page return exception at pc = 0x00007fc1a4beda62, stub =0x00007fc19c840600
[2023-10-17T14:27:29.879+0000][1582.970s][debug][safepoint     ] Waiting for 1 thread(s) to block
[2023-10-17T14:27:29.880+0000][1582.971s][info ][safepoint     ] Entering safepoint region: Cleanup
[2023-10-17T14:27:29.881+0000][1582.972s][info ][safepoint     ] Leaving safepoint region
[2023-10-17T14:27:29.881+0000][1582.973s][info ][safepoint     ] Total time for which application threads were stopped: 0.0042619 seconds, Stopping threads took: 0.0032965 seconds
[2023-10-17T14:27:30.882+0000][1583.973s][debug][safepoint     ] Safepoint synchronization initiated. (190 threads)
[2023-10-17T14:27:30.883+0000][1583.974s][info ][safepoint     ] Application time: 1.0012156 seconds
[2023-10-17T14:27:30.884+0000][1583.975s][info ][safepoint     ] Entering safepoint region: Cleanup
[2023-10-17T14:27:30.885+0000][1583.976s][info ][safepoint     ] Leaving safepoint region
[2023-10-17T14:27:30.886+0000][1583.977s][info ][safepoint     ] Total time for which application threads were stopped: 0.0015944 seconds, Stopping threads took: 0.0007181 seconds
[2023-10-17T14:27:31.887+0000][1584.978s][debug][safepoint     ] Safepoint synchronization initiated. (190 threads)
[2023-10-17T14:27:31.888+0000][1584.979s][info ][safepoint     ] Application time: 1.0012948 seconds
[2023-10-17T14:27:31.889+0000][1584.980s][info ][safepoint     ] Entering safepoint region: Cleanup
[2023-10-17T14:27:31.890+0000][1584.981s][info ][safepoint     ] Leaving safepoint region
[2023-10-17T14:27:31.890+0000][1584.981s][info ][safepoint     ] Total time for which application threads were stopped: 0.0015642 seconds, Stopping threads took: 0.0006892 seconds
[2023-10-17T14:27:32.891+0000][1585.982s][debug][safepoint     ] Safepoint synchronization initiated. (190 threads)
[2023-10-17T14:27:32.892+0000][1585.983s][info ][safepoint     ] Application time: 1.0010720 seconds
[2023-10-17T14:27:32.893+0000][1585.984s][info ][safepoint     ] Entering safepoint region: Cleanup
[2023-10-17T14:27:32.894+0000][1585.985s][info ][safepoint     ] Leaving safepoint region
[2023-10-17T14:27:32.894+0000][1585.986s][info ][safepoint     ] Total time for which application threads were stopped: 0.0015583 seconds, Stopping threads took: 0.0007009 seconds
[2023-10-17T14:27:33.895+0000][1586.986s][debug][safepoint     ] Safepoint synchronization initiated. (190 threads)
[2023-10-17T14:27:33.896+0000][1586.987s][info ][safepoint     ] Application time: 1.0010972 seconds
[2023-10-17T14:27:33.897+0000][1586.988s][info ][safepoint     ] Entering safepoint region: Cleanup
[2023-10-17T14:27:33.898+0000][1586.989s][info ][safepoint     ] Leaving safepoint region
[2023-10-17T14:27:33.899+0000][1586.990s][info ][safepoint     ] Total time for which application threads were stopped: 0.0016552 seconds, Stopping threads took: 0.0007182 seconds
[2023-10-17T14:27:34.900+0000][1587.991s][debug][safepoint     ] Safepoint synchronization initiated. (190 threads)
[2023-10-17T14:27:34.901+0000][1587.992s][info ][safepoint     ] Application time: 1.0012626 seconds
[2023-10-17T14:27:34.902+0000][1587.993s][info ][safepoint     ] Entering safepoint region: Cleanup
[2023-10-17T14:27:34.903+0000][1587.994s][info ][safepoint     ] Leaving safepoint region
[2023-10-17T14:27:34.904+0000][1587.995s][info ][safepoint     ] Total time for which application threads were stopped: 0.0023576 seconds, Stopping threads took: 0.0010411 seconds
[2023-10-17T14:27:35.905+0000][1588.996s][debug][safepoint     ] Safepoint synchronization initiated. (190 threads)
[2023-10-17T14:27:35.906+0000][1588.997s][info ][safepoint     ] Application time: 1.0014384 seconds
[2023-10-17T14:27:35.907+0000][1588.999s][info ][safepoint     ] Entering safepoint region: Cleanup
[2023-10-17T14:27:35.909+0000][1589.000s][info ][safepoint     ] Leaving safepoint region
[2023-10-17T14:27:35.910+0000][1589.001s][info ][safepoint     ] Total time for which application threads were stopped: 0.0025236 seconds, Stopping threads took: 0.0011186 seconds
[2023-10-17T14:27:36.911+0000][1590.002s][debug][safepoint     ] Safepoint synchronization initiated. (190 threads)
[2023-10-17T14:27:36.912+0000][1590.004s][info ][safepoint     ] Application time: 1.0015341 seconds
[2023-10-17T14:27:36.913+0000][1590.004s][info ][safepoint     ] Entering safepoint region: Cleanup
[2023-10-17T14:27:36.914+0000][1590.006s][info ][safepoint     ] Leaving safepoint region
[2023-10-17T14:27:36.915+0000][1590.007s][info ][safepoint     ] Total time for which application threads were stopped: 0.0022622 seconds, Stopping threads took: 0.0008478 seconds
[2023-10-17T14:27:37.917+0000][1591.008s][debug][safepoint     ] Safepoint synchronization initiated. (190 threads)
[2023-10-17T14:27:37.918+0000][1591.009s][info ][safepoint     ] Application time: 1.0013877 seconds
[2023-10-17T14:27:37.918+0000][1591.010s][info ][safepoint     ] Entering safepoint region: Cleanup
[2023-10-17T14:27:37.919+0000][1591.011s][info ][safepoint     ] Leaving safepoint region
[2023-10-17T14:27:37.920+0000][1591.011s][info ][safepoint     ] Total time for which application threads were stopped: 0.0017808 seconds, Stopping threads took: 0.0007446 seconds
[2023-10-17T14:27:38.921+0000][1592.012s][debug][safepoint     ] Safepoint synchronization initiated. (190 threads)
[2023-10-17T14:27:38.922+0000][1592.013s][info ][safepoint     ] Application time: 1.0013829 seconds
[2023-10-17T14:27:38.923+0000][1592.014s][info ][safepoint     ] Entering safepoint region: Cleanup
[2023-10-17T14:27:38.924+0000][1592.015s][info ][safepoint     ] Leaving safepoint region
[2023-10-17T14:27:38.925+0000][1592.016s][info ][safepoint     ] Total time for which application threads were stopped: 0.0019664 seconds, Stopping threads took: 0.0009207 seconds
[2023-10-17T14:27:39.926+0000][1593.017s][debug][safepoint     ] Safepoint synchronization initiated. (190 threads)
[2023-10-17T14:27:39.927+0000][1593.018s][info ][safepoint     ] Application time: 1.0012289 seconds
[2023-10-17T14:27:39.928+0000][1593.019s][info ][safepoint     ] Entering safepoint region: Cleanup
[2023-10-17T14:27:39.929+0000][1593.020s][info ][safepoint     ] Leaving safepoint region
[2023-10-17T14:27:39.929+0000][1593.020s][info ][safepoint     ] Total time for which application threads were stopped: 0.0017351 seconds, Stopping threads took: 0.0007016 seconds
[2023-10-17T14:27:40.930+0000][1594.021s][debug][safepoint     ] Safepoint synchronization initiated. (190 threads)
[2023-10-17T14:27:40.931+0000][1594.022s][info ][safepoint     ] Application time: 1.0012261 seconds
[2023-10-17T14:27:40.932+0000][1594.023s][info ][safepoint     ] Entering safepoint region: Cleanup
[2023-10-17T14:27:40.933+0000][1594.024s][info ][safepoint     ] Leaving safepoint region
[2023-10-17T14:27:40.934+0000][1594.025s][info ][safepoint     ] Total time for which application threads were stopped: 0.0018005 seconds, Stopping threads took: 0.0007626 seconds
[2023-10-17T14:27:41.935+0000][1595.026s][debug][safepoint     ] Safepoint synchronization initiated. (190 threads)
[2023-10-17T14:27:41.936+0000][1595.027s][info ][safepoint     ] Application time: 1.0015874 seconds
[2023-10-17T14:27:41.937+0000][1595.028s][info ][safepoint     ] Entering safepoint region: Cleanup
[2023-10-17T14:27:41.939+0000][1595.030s][info ][safepoint     ] Leaving safepoint region
[2023-10-17T14:27:41.940+0000][1595.031s][info ][safepoint     ] Total time for which application threads were stopped: 0.0025351 seconds, Stopping threads took: 0.0010548 seconds
[2023-10-17T14:27:42.941+0000][1596.032s][debug][safepoint     ] Safepoint synchronization initiated. (190 threads)
[2023-10-17T14:27:42.942+0000][1596.033s][info ][safepoint     ] Application time: 1.0015473 seconds
[2023-10-17T14:27:42.943+0000][1596.034s][info ][safepoint     ] Entering safepoint region: Cleanup
[2023-10-17T14:27:42.944+0000][1596.036s][info ][safepoint     ] Leaving safepoint region
[2023-10-17T14:27:42.945+0000][1596.036s][info ][safepoint     ] Total time for which application threads were stopped: 0.0022845 seconds, Stopping threads took: 0.0010640 seconds
[2023-10-17T14:27:43.946+0000][1597.038s][debug][safepoint     ] Safepoint synchronization initiated. (190 threads)
[2023-10-17T14:27:43.948+0000][1597.039s][info ][safepoint     ] Application time: 1.0014677 seconds
[2023-10-17T14:27:43.949+0000][1597.040s][info ][safepoint     ] Entering safepoint region: Cleanup
[2023-10-17T14:27:43.950+0000][1597.041s][info ][safepoint     ] Leaving safepoint region
[2023-10-17T14:27:43.951+0000][1597.042s][info ][safepoint     ] Total time for which application threads were stopped: 0.0024254 seconds, Stopping threads took: 0.0009471 seconds
[2023-10-17T14:27:44.952+0000][1598.043s][debug][safepoint     ] Safepoint synchronization initiated. (190 threads)
[2023-10-17T14:27:44.954+0000][1598.045s][info ][safepoint     ] Application time: 1.0016430 seconds
[2023-10-17T14:27:44.955+0000][1598.046s][info ][safepoint     ] Entering safepoint region: Cleanup
[2023-10-17T14:27:44.956+0000][1598.047s][info ][safepoint     ] Leaving safepoint region
[2023-10-17T14:27:44.957+0000][1598.048s][info ][safepoint     ] Total time for which application threads were stopped: 0.0023872 seconds, Stopping threads took: 0.0009329 seconds
[2023-10-17T14:27:45.958+0000][1599.049s][debug][safepoint     ] Safepoint synchronization initiated. (190 threads)
[2023-10-17T14:27:45.960+0000][1599.051s][info ][safepoint     ] Application time: 1.0020207 seconds
[2023-10-17T14:27:45.961+0000][1599.052s][info ][safepoint     ] Entering safepoint region: Cleanup
[2023-10-17T14:27:45.962+0000][1599.053s][info ][safepoint     ] Leaving safepoint region
[2023-10-17T14:27:45.963+0000][1599.054s][info ][safepoint     ] Total time for which application threads were stopped: 0.0020216 seconds, Stopping threads took: 0.0008008 seconds
[2023-10-17T14:27:46.964+0000][1600.055s][debug][safepoint     ] Safepoint synchronization initiated. (190 threads)
[2023-10-17T14:27:46.965+0000][1600.057s][info ][safepoint     ] Application time: 1.0015674 seconds
[2023-10-17T14:27:46.966+0000][1600.057s][info ][safepoint     ] Entering safepoint region: Cleanup
[2023-10-17T14:27:46.968+0000][1600.059s][info ][safepoint     ] Leaving safepoint region
[2023-10-17T14:27:46.968+0000][1600.060s][info ][safepoint     ] Total time for which application threads were stopped: 0.0022657 seconds, Stopping threads took: 0.0009674 seconds
[2023-10-17T14:27:47.970+0000][1601.061s][debug][safepoint     ] Safepoint synchronization initiated. (190 threads)
[2023-10-17T14:27:47.971+0000][1601.062s][info ][safepoint     ] Application time: 1.0011834 seconds
[2023-10-17T14:27:47.972+0000][1601.063s][info ][safepoint     ] Entering safepoint region: Cleanup
[2023-10-17T14:27:47.973+0000][1601.064s][info ][safepoint     ] Leaving safepoint region
[2023-10-17T14:27:47.973+0000][1601.065s][info ][safepoint     ] Total time for which application threads were stopped: 0.0015857 seconds, Stopping threads took: 0.0008154 seconds
[2023-10-17T14:27:48.975+0000][1602.066s][debug][safepoint     ] Safepoint synchronization initiated. (189 threads)
[2023-10-17T14:27:48.976+0000][1602.067s][info ][safepoint     ] Application time: 1.0012329 seconds
[2023-10-17T14:27:48.977+0000][1602.068s][info ][safepoint     ] Entering safepoint region: Cleanup
[2023-10-17T14:27:48.978+0000][1602.069s][info ][safepoint     ] Leaving safepoint region
[2023-10-17T14:27:48.979+0000][1602.070s][info ][safepoint     ] Total time for which application threads were stopped: 0.0024198 seconds, Stopping threads took: 0.0010329 seconds
[2023-10-17T14:27:49.980+0000][1603.071s][debug][safepoint     ] Safepoint synchronization initiated. (187 threads)
[2023-10-17T14:27:49.981+0000][1603.072s][info ][safepoint     ] Application time: 1.0010499 seconds
[2023-10-17T14:27:49.982+0000][1603.073s][info ][safepoint     ] Entering safepoint region: Cleanup
[2023-10-17T14:27:49.983+0000][1603.074s][info ][safepoint     ] Leaving safepoint region
[2023-10-17T14:27:49.984+0000][1603.075s][info ][safepoint     ] Total time for which application threads were stopped: 0.0026036 seconds, Stopping threads took: 0.0007076 seconds
[2023-10-17T14:27:50.986+0000][1604.076s][debug][safepoint     ] Safepoint synchronization initiated. (187 threads)
[2023-10-17T14:27:50.987+0000][1604.077s][info ][safepoint     ] Application time: 1.0013043 seconds
[2023-10-17T14:27:50.988+0000][1604.078s][info ][safepoint     ] Entering safepoint region: Cleanup
[2023-10-17T14:27:50.989+0000][1604.080s][info ][safepoint     ] Leaving safepoint region
[2023-10-17T14:27:50.990+0000][1604.081s][info ][safepoint     ] Total time for which application threads were stopped: 0.0021840 seconds, Stopping threads took: 0.0011066 seconds
[2023-10-17T14:27:52.991+0000][1606.082s][debug][safepoint     ] Safepoint synchronization initiated. (184 threads)
[2023-10-17T14:27:52.992+0000][1606.083s][info ][safepoint     ] Application time: 2.0010814 seconds
[2023-10-17T14:27:52.993+0000][1606.083s][info ][safepoint     ] Entering safepoint region: Cleanup
[2023-10-17T14:27:52.995+0000][1606.085s][info ][safepoint     ] Leaving safepoint region
[2023-10-17T14:27:52.995+0000][1606.086s][info ][safepoint     ] Total time for which application threads were stopped: 0.0026505 seconds, Stopping threads took: 0.0016247 seconds
[2023-10-17T14:28:29.997+0000][1643.096s][debug][safepoint     ] Safepoint synchronization initiated. (184 threads)
[2023-10-17T14:28:29.998+0000][1643.097s][info ][safepoint     ] Application time: 37.0098094 seconds
[2023-10-17T14:28:30.000+0000][1643.098s][info ][safepoint     ] Entering safepoint region: Cleanup
[2023-10-17T14:28:30.001+0000][1643.099s][info ][safepoint     ] Leaving safepoint region
[2023-10-17T14:28:30.002+0000][1643.100s][info ][safepoint     ] Total time for which application threads were stopped: 0.0023993 seconds, Stopping threads took: 0.0010538 seconds
[2023-10-17T14:28:40.005+0000][1653.103s][debug][safepoint     ] Safepoint synchronization initiated. (184 threads)
[2023-10-17T14:28:40.006+0000][1653.105s][info ][safepoint     ] Application time: 10.0035553 seconds
[2023-10-17T14:28:40.007+0000][1653.106s][info ][safepoint     ] Entering safepoint region: Cleanup
[2023-10-17T14:28:40.008+0000][1653.107s][info ][safepoint     ] Leaving safepoint region
[2023-10-17T14:28:40.009+0000][1653.107s][info ][safepoint     ] Total time for which application threads were stopped: 0.0018810 seconds, Stopping threads took: 0.0007500 seconds
[2023-10-17T14:28:41.010+0000][1654.108s][debug][safepoint     ] Safepoint synchronization initiated. (184 threads)
[2023-10-17T14:28:41.011+0000][1654.109s][info ][safepoint     ] Application time: 1.0014753 seconds
[2023-10-17T14:28:41.012+0000][1654.110s][info ][safepoint     ] Entering safepoint region: Cleanup
[2023-10-17T14:28:41.013+0000][1654.111s][info ][safepoint     ] Leaving safepoint region
[2023-10-17T14:28:41.013+0000][1654.112s][info ][safepoint     ] Total time for which application threads were stopped: 0.0015824 seconds, Stopping threads took: 0.0007561 seconds
[2023-10-17T14:28:52.024+0000][1665.115s][debug][safepoint     ] Safepoint synchronization initiated. (181 threads)
[2023-10-17T14:28:52.025+0000][1665.116s][info ][safepoint     ] Application time: 11.0033471 seconds
[2023-10-17T14:28:52.026+0000][1665.117s][info ][safepoint     ] Entering safepoint region: Cleanup
[2023-10-17T14:28:52.027+0000][1665.118s][info ][safepoint     ] Leaving safepoint region
[2023-10-17T14:28:52.027+0000][1665.118s][info ][safepoint     ] Total time for which application threads were stopped: 0.0017471 seconds, Stopping threads took: 0.0006983 seconds
[2023-10-17T14:28:53.028+0000][1666.119s][debug][safepoint     ] Safepoint synchronization initiated. (181 threads)
[2023-10-17T14:28:53.029+0000][1666.120s][info ][safepoint     ] Application time: 1.0007091 seconds
[2023-10-17T14:28:53.030+0000][1666.121s][info ][safepoint     ] Entering safepoint region: Cleanup
[2023-10-17T14:28:53.031+0000][1666.122s][info ][safepoint     ] Leaving safepoint region
[2023-10-17T14:28:53.031+0000][1666.122s][info ][safepoint     ] Total time for which application threads were stopped: 0.0018685 seconds, Stopping threads took: 0.0007876 seconds
[2023-10-17T14:29:04.035+0000][1677.126s][debug][safepoint     ] Safepoint synchronization initiated. (181 threads)
[2023-10-17T14:29:04.036+0000][1677.127s][info ][safepoint     ] Application time: 11.0039829 seconds
[2023-10-17T14:29:04.037+0000][1677.128s][info ][safepoint     ] Entering safepoint region: Cleanup
[2023-10-17T14:29:04.038+0000][1677.129s][info ][safepoint     ] Leaving safepoint region
[2023-10-17T14:29:04.039+0000][1677.130s][info ][safepoint     ] Total time for which application threads were stopped: 0.0020982 seconds, Stopping threads took: 0.0009807 seconds
[2023-10-17T14:29:04.253+0000][1677.344s][debug][safepoint     ] Safepoint synchronization initiated. (187 threads)
[2023-10-17T14:29:04.254+0000][1677.345s][info ][safepoint     ] Application time: 0.2141154 seconds
[2023-10-17T14:29:04.254+0000][1677.345s][info ][safepoint     ] Entering safepoint region: Deoptimize
[2023-10-17T14:29:04.259+0000][1677.350s][info ][safepoint     ] Leaving safepoint region
[2023-10-17T14:29:04.260+0000][1677.351s][info ][safepoint     ] Total time for which application threads were stopped: 0.0053214 seconds, Stopping threads took: 0.0007510 seconds
[2023-10-17T14:29:05.261+0000][1678.352s][debug][safepoint     ] Safepoint synchronization initiated. (187 threads)
[2023-10-17T14:29:05.262+0000][1678.353s][info ][safepoint     ] Application time: 1.0011002 seconds
[2023-10-17T14:29:05.262+0000][1678.353s][info ][safepoint     ] Entering safepoint region: Cleanup
[2023-10-17T14:29:05.263+0000][1678.354s][info ][safepoint     ] Leaving safepoint region
[2023-10-17T14:29:05.264+0000][1678.355s][info ][safepoint     ] Total time for which application threads were stopped: 0.0015696 seconds, Stopping threads took: 0.0007517 seconds
[2023-10-17T14:29:06.265+0000][1679.356s][debug][safepoint     ] Safepoint synchronization initiated. (189 threads)
[2023-10-17T14:29:06.266+0000][1679.357s][info ][safepoint     ] Application time: 1.0019271 seconds
[2023-10-17T14:29:06.267+0000][1679.358s][info ][safepoint     ] Entering safepoint region: Cleanup
[2023-10-17T14:29:06.268+0000][1679.359s][info ][safepoint     ] Leaving safepoint region
[2023-10-17T14:29:06.269+0000][1679.360s][info ][safepoint     ] Total time for which application threads were stopped: 0.0019173 seconds, Stopping threads took: 0.0008823 seconds
[2023-10-17T14:29:27.254+0000][1700.343s][debug][safepoint     ] Safepoint synchronization initiated. (189 threads)
[2023-10-17T14:29:27.255+0000][1700.343s][info ][safepoint     ] Application time: 20.9826412 seconds
[2023-10-17T14:29:27.256+0000][1700.344s][info ][safepoint     ] Entering safepoint region: G1CollectForAllocation
[2023-10-17T14:29:27.257+0000][1700.346s][info ][gc,start      ] GC(75) Pause Young (Normal) (G1 Evacuation Pause)
[2023-10-17T14:29:27.259+0000][1700.348s][info ][gc,task       ] GC(75) Using 8 workers of 8 for evacuation
[2023-10-17T14:29:27.274+0000][1700.363s][info ][gc,phases     ] GC(75)   Pre Evacuate Collection Set: 0.0ms
[2023-10-17T14:29:27.275+0000][1700.364s][info ][gc,phases     ] GC(75)   Evacuate Collection Set: 10.1ms
[2023-10-17T14:29:27.276+0000][1700.365s][info ][gc,phases     ] GC(75)   Post Evacuate Collection Set: 3.7ms
[2023-10-17T14:29:27.276+0000][1700.365s][info ][gc,phases     ] GC(75)   Other: 3.7ms
[2023-10-17T14:29:27.277+0000][1700.366s][info ][gc,heap       ] GC(75) Eden regions: 187->0(187)
[2023-10-17T14:29:27.278+0000][1700.366s][info ][gc,heap       ] GC(75) Survivor regions: 14->13(26)
[2023-10-17T14:29:27.278+0000][1700.367s][info ][gc,heap       ] GC(75) Old regions: 158->160
[2023-10-17T14:29:27.279+0000][1700.367s][info ][gc,heap       ] GC(75) Humongous regions: 0->0
[2023-10-17T14:29:27.279+0000][1700.368s][info ][gc,metaspace  ] GC(75) Metaspace: 179099K(193780K)->179099K(193780K) NonClass: 158523K(170228K)->158523K(170228K) Class: 20576K(23552K)->20576K(23552K)
[2023-10-17T14:29:27.280+0000][1700.369s][info ][gc            ] GC(75) Pause Young (Normal) (G1 Evacuation Pause) 357M->171M(415M) 22.645ms
[2023-10-17T14:29:27.280+0000][1700.369s][info ][gc,cpu        ] GC(75) User=0.10s Sys=0.00s Real=0.02s
[2023-10-17T14:29:27.281+0000][1700.370s][info ][safepoint     ] Leaving safepoint region
[2023-10-17T14:29:27.282+0000][1700.370s][info ][safepoint     ] Total time for which application threads were stopped: 0.0260484 seconds, Stopping threads took: 0.0008996 seconds
[2023-10-17T14:29:27.282+0000][1700.371s][info ][gc,stringdedup] Concurrent String Deduplication (1700.371s)
[2023-10-17T14:29:27.283+0000][1700.372s][info ][gc,stringdedup] Concurrent String Deduplication 192.0B->192.0B(0.0B) avg 53.3% (1700.371s, 1700.372s) 0.613ms
[2023-10-17T14:29:40.285+0000][1713.374s][debug][safepoint     ] Safepoint synchronization initiated. (189 threads)
[2023-10-17T14:29:40.286+0000][1713.375s][info ][safepoint     ] Application time: 13.0038063 seconds
[2023-10-17T14:29:40.287+0000][1713.376s][debug][safepoint     ] Waiting for 1 thread(s) to block
[2023-10-17T14:29:40.288+0000][1713.377s][info ][safepoint     ] Entering safepoint region: Cleanup
[2023-10-17T14:29:40.289+0000][1713.378s][info ][safepoint     ] Leaving safepoint region
[2023-10-17T14:29:40.290+0000][1713.378s][info ][safepoint     ] Total time for which application threads were stopped: 0.0025261 seconds, Stopping threads took: 0.0016971 seconds
[2023-10-17T14:29:52.294+0000][1725.382s][debug][safepoint     ] Safepoint synchronization initiated. (189 threads)
[2023-10-17T14:29:52.294+0000][1725.383s][info ][safepoint     ] Application time: 12.0039719 seconds
[2023-10-17T14:29:52.295+0000][1725.384s][info ][safepoint     ] Entering safepoint region: Cleanup
[2023-10-17T14:29:52.296+0000][1725.385s][info ][safepoint     ] Leaving safepoint region
[2023-10-17T14:29:52.297+0000][1725.385s][info ][safepoint     ] Total time for which application threads were stopped: 0.0017770 seconds, Stopping threads took: 0.0007156 seconds
[2023-10-17T14:30:00.300+0000][1733.388s][debug][safepoint     ] Safepoint synchronization initiated. (189 threads)
[2023-10-17T14:30:00.301+0000][1733.389s][info ][safepoint     ] Application time: 8.0033217 seconds
[2023-10-17T14:30:00.301+0000][1733.390s][info ][safepoint     ] Entering safepoint region: Cleanup
[2023-10-17T14:30:00.302+0000][1733.391s][info ][safepoint     ] Leaving safepoint region
[2023-10-17T14:30:00.303+0000][1733.392s][info ][safepoint     ] Total time for which application threads were stopped: 0.0016195 seconds, Stopping threads took: 0.0006637 seconds
[2023-10-17T14:30:10.306+0000][1743.395s][debug][safepoint     ] Safepoint synchronization initiated. (185 threads)
[2023-10-17T14:30:10.307+0000][1743.396s][info ][safepoint     ] Application time: 10.0035600 seconds
[2023-10-17T14:30:10.308+0000][1743.397s][info ][safepoint     ] Entering safepoint region: Cleanup
[2023-10-17T14:30:10.310+0000][1743.398s][info ][safepoint     ] Leaving safepoint region
[2023-10-17T14:30:10.310+0000][1743.399s][info ][safepoint     ] Total time for which application threads were stopped: 0.0020928 seconds, Stopping threads took: 0.0008892 seconds
[2023-10-17T14:30:20.314+0000][1753.402s][debug][safepoint     ] Safepoint synchronization initiated. (185 threads)
[2023-10-17T14:30:20.315+0000][1753.403s][info ][safepoint     ] Application time: 10.0036991 seconds
[2023-10-17T14:30:20.315+0000][1753.404s][info ][safepoint     ] Entering safepoint region: Cleanup
[2023-10-17T14:30:20.316+0000][1753.405s][info ][safepoint     ] Leaving safepoint region
[2023-10-17T14:30:20.317+0000][1753.406s][info ][safepoint     ] Total time for which application threads were stopped: 0.0015815 seconds, Stopping threads took: 0.0007460 seconds
[2023-10-17T14:30:28.319+0000][1761.408s][debug][safepoint     ] Safepoint synchronization initiated. (185 threads)
[2023-10-17T14:30:28.320+0000][1761.409s][info ][safepoint     ] Application time: 8.0022411 seconds
[2023-10-17T14:30:28.320+0000][1761.409s][info ][safepoint     ] Entering safepoint region: Cleanup
[2023-10-17T14:30:28.321+0000][1761.410s][info ][safepoint     ] Leaving safepoint region
[2023-10-17T14:30:28.322+0000][1761.411s][info ][safepoint     ] Total time for which application threads were stopped: 0.0015848 seconds, Stopping threads took: 0.0006369 seconds
[2023-10-17T14:30:30.323+0000][1763.412s][debug][safepoint     ] Safepoint synchronization initiated. (185 threads)
[2023-10-17T14:30:30.324+0000][1763.413s][info ][safepoint     ] Application time: 2.0017630 seconds
[2023-10-17T14:30:30.325+0000][1763.413s][info ][safepoint     ] Entering safepoint region: Cleanup
[2023-10-17T14:30:30.326+0000][1763.414s][info ][safepoint     ] Leaving safepoint region
[2023-10-17T14:30:30.326+0000][1763.415s][info ][safepoint     ] Total time for which application threads were stopped: 0.0016278 seconds, Stopping threads took: 0.0006903 seconds
[2023-10-17T14:30:40.330+0000][1773.419s][debug][safepoint     ] Safepoint synchronization initiated. (187 threads)
[2023-10-17T14:30:40.332+0000][1773.420s][info ][safepoint     ] Application time: 10.0046317 seconds
[2023-10-17T14:30:40.336+0000][1773.424s][info ][safepoint     ] Entering safepoint region: Cleanup
[2023-10-17T14:30:40.338+0000][1773.426s][info ][safepoint     ] Leaving safepoint region
[2023-10-17T14:30:40.340+0000][1773.429s][info ][safepoint     ] Total time for which application threads were stopped: 0.0049041 seconds, Stopping threads took: 0.0013009 seconds
[2023-10-17T14:30:42.342+0000][1775.430s][debug][safepoint     ] Safepoint synchronization initiated. (187 threads)
[2023-10-17T14:30:42.343+0000][1775.431s][info ][safepoint     ] Application time: 2.0011952 seconds
[2023-10-17T14:30:42.344+0000][1775.432s][info ][safepoint     ] Entering safepoint region: Cleanup
[2023-10-17T14:30:42.345+0000][1775.433s][info ][safepoint     ] Leaving safepoint region
[2023-10-17T14:30:42.345+0000][1775.434s][info ][safepoint     ] Total time for which application threads were stopped: 0.0014568 seconds, Stopping threads took: 0.0005983 seconds
[2023-10-17T14:30:53.349+0000][1786.438s][debug][safepoint     ] Safepoint synchronization initiated. (187 threads)
[2023-10-17T14:30:53.350+0000][1786.438s][info ][safepoint     ] Application time: 11.0037468 seconds
[2023-10-17T14:30:53.350+0000][1786.439s][info ][safepoint     ] Entering safepoint region: Cleanup
[2023-10-17T14:30:53.351+0000][1786.440s][info ][safepoint     ] Leaving safepoint region
[2023-10-17T14:30:53.352+0000][1786.440s][info ][safepoint     ] Total time for which application threads were stopped: 0.0017310 seconds, Stopping threads took: 0.0007519 seconds
[2023-10-17T14:31:03.355+0000][1796.443s][debug][safepoint     ] Safepoint synchronization initiated. (187 threads)
[2023-10-17T14:31:03.356+0000][1796.444s][info ][safepoint     ] Application time: 10.0031126 seconds
[2023-10-17T14:31:03.357+0000][1796.445s][info ][safepoint     ] Entering safepoint region: Cleanup
[2023-10-17T14:31:03.358+0000][1796.446s][info ][safepoint     ] Leaving safepoint region
[2023-10-17T14:31:03.359+0000][1796.447s][info ][safepoint     ] Total time for which application threads were stopped: 0.0021479 seconds, Stopping threads took: 0.0007844 seconds
[2023-10-17T14:31:07.360+0000][1800.449s][debug][safepoint     ] Safepoint synchronization initiated. (185 threads)
[2023-10-17T14:31:07.361+0000][1800.449s][info ][safepoint     ] Application time: 4.0016322 seconds
[2023-10-17T14:31:07.362+0000][1800.451s][info ][safepoint     ] Entering safepoint region: Cleanup
[2023-10-17T14:31:07.363+0000][1800.452s][info ][safepoint     ] Leaving safepoint region
[2023-10-17T14:31:07.364+0000][1800.453s][info ][safepoint     ] Total time for which application threads were stopped: 0.0021941 seconds, Stopping threads took: 0.0008916 seconds
[2023-10-17T14:31:27.368+0000][1820.458s][debug][safepoint     ] Safepoint synchronization initiated. (182 threads)
[2023-10-17T14:31:27.369+0000][1820.458s][info ][safepoint     ] Application time: 20.0052292 seconds
[2023-10-17T14:31:27.370+0000][1820.460s][info ][safepoint     ] Entering safepoint region: Cleanup
[2023-10-17T14:31:27.372+0000][1820.462s][info ][safepoint     ] Leaving safepoint region
[2023-10-17T14:31:27.373+0000][1820.463s][info ][safepoint     ] Total time for which application threads were stopped: 0.0025023 seconds, Stopping threads took: 0.0012197 seconds
[2023-10-17T14:31:30.374+0000][1823.464s][debug][safepoint     ] Safepoint synchronization initiated. (182 threads)
[2023-10-17T14:31:30.375+0000][1823.464s][info ][safepoint     ] Application time: 3.0013081 seconds
[2023-10-17T14:31:30.375+0000][1823.465s][info ][safepoint     ] Entering safepoint region: Cleanup
[2023-10-17T14:31:30.377+0000][1823.466s][info ][safepoint     ] Leaving safepoint region
[2023-10-17T14:31:30.377+0000][1823.467s][info ][safepoint     ] Total time for which application threads were stopped: 0.0017281 seconds, Stopping threads took: 0.0006677 seconds
[2023-10-17T14:31:40.380+0000][1833.470s][debug][safepoint     ] Safepoint synchronization initiated. (182 threads)
[2023-10-17T14:31:40.381+0000][1833.471s][info ][safepoint     ] Application time: 10.0034746 seconds
[2023-10-17T14:31:40.382+0000][1833.472s][info ][safepoint     ] Entering safepoint region: Cleanup
[2023-10-17T14:31:40.383+0000][1833.473s][info ][safepoint     ] Leaving safepoint region
[2023-10-17T14:31:40.384+0000][1833.474s][info ][safepoint     ] Total time for which application threads were stopped: 0.0019421 seconds, Stopping threads took: 0.0008724 seconds
[2023-10-17T14:31:41.385+0000][1834.475s][debug][safepoint     ] Safepoint synchronization initiated. (182 threads)
[2023-10-17T14:31:41.386+0000][1834.476s][info ][safepoint     ] Application time: 1.0014444 seconds
[2023-10-17T14:31:41.387+0000][1834.476s][info ][safepoint     ] Entering safepoint region: Cleanup
[2023-10-17T14:31:41.388+0000][1834.478s][info ][safepoint     ] Leaving safepoint region
[2023-10-17T14:31:41.389+0000][1834.479s][info ][safepoint     ] Total time for which application threads were stopped: 0.0022833 seconds, Stopping threads took: 0.0007666 seconds
[2023-10-17T14:31:53.392+0000][1846.482s][debug][safepoint     ] Safepoint synchronization initiated. (182 threads)
[2023-10-17T14:31:53.393+0000][1846.483s][info ][safepoint     ] Application time: 12.0035435 seconds
[2023-10-17T14:31:53.394+0000][1846.484s][info ][safepoint     ] Entering safepoint region: Cleanup
[2023-10-17T14:31:53.395+0000][1846.485s][info ][safepoint     ] Leaving safepoint region
[2023-10-17T14:31:53.396+0000][1846.485s][info ][safepoint     ] Total time for which application threads were stopped: 0.0019276 seconds, Stopping threads took: 0.0008297 seconds
[2023-10-17T14:31:56.397+0000][1849.487s][debug][safepoint     ] Safepoint synchronization initiated. (183 threads)
[2023-10-17T14:31:56.398+0000][1849.488s][info ][safepoint     ] Application time: 3.0019138 seconds
[2023-10-17T14:31:56.399+0000][1849.489s][info ][safepoint     ] Entering safepoint region: Cleanup
[2023-10-17T14:31:56.400+0000][1849.490s][info ][safepoint     ] Leaving safepoint region
[2023-10-17T14:31:56.401+0000][1849.491s][info ][safepoint     ] Total time for which application threads were stopped: 0.0018449 seconds, Stopping threads took: 0.0007564 seconds
[2023-10-17T14:32:41.413+0000][1894.503s][debug][safepoint     ] Safepoint synchronization initiated. (181 threads)
[2023-10-17T14:32:41.414+0000][1894.504s][info ][safepoint     ] Application time: 45.0125331 seconds
[2023-10-17T14:32:41.415+0000][1894.505s][info ][safepoint     ] Entering safepoint region: Cleanup
[2023-10-17T14:32:41.416+0000][1894.506s][info ][safepoint     ] Leaving safepoint region
[2023-10-17T14:32:41.417+0000][1894.507s][info ][safepoint     ] Total time for which application threads were stopped: 0.0018188 seconds, Stopping threads took: 0.0007722 seconds
[2023-10-17T14:32:56.539+0000][1909.629s][debug][safepoint     ] Safepoint synchronization initiated. (181 threads)
[2023-10-17T14:32:56.540+0000][1909.630s][info ][safepoint     ] Application time: 15.1223367 seconds
[2023-10-17T14:32:56.541+0000][1909.631s][info ][safepoint     ] Entering safepoint region: G1CollectForAllocation
[2023-10-17T14:32:56.542+0000][1909.632s][info ][gc,start      ] GC(76) Pause Young (Normal) (G1 Evacuation Pause)
[2023-10-17T14:32:56.543+0000][1909.633s][info ][gc,task       ] GC(76) Using 8 workers of 8 for evacuation
[2023-10-17T14:32:56.557+0000][1909.647s][info ][gc,phases     ] GC(76)   Pre Evacuate Collection Set: 0.0ms
[2023-10-17T14:32:56.558+0000][1909.648s][info ][gc,phases     ] GC(76)   Evacuate Collection Set: 9.6ms
[2023-10-17T14:32:56.559+0000][1909.649s][info ][gc,phases     ] GC(76)   Post Evacuate Collection Set: 3.7ms
[2023-10-17T14:32:56.559+0000][1909.650s][info ][gc,phases     ] GC(76)   Other: 1.6ms
[2023-10-17T14:32:56.560+0000][1909.651s][info ][gc,heap       ] GC(76) Eden regions: 187->0(184)
[2023-10-17T14:32:56.561+0000][1909.652s][info ][gc,heap       ] GC(76) Survivor regions: 13->14(25)
[2023-10-17T14:32:56.562+0000][1909.652s][info ][gc,heap       ] GC(76) Old regions: 160->161
[2023-10-17T14:32:56.563+0000][1909.653s][info ][gc,heap       ] GC(76) Humongous regions: 0->0
[2023-10-17T14:32:56.564+0000][1909.654s][info ][gc,metaspace  ] GC(76) Metaspace: 179172K(193780K)->179172K(193780K) NonClass: 158595K(170228K)->158595K(170228K) Class: 20576K(23552K)->20576K(23552K)
[2023-10-17T14:32:56.565+0000][1909.655s][info ][gc            ] GC(76) Pause Young (Normal) (G1 Evacuation Pause) 358M->172M(415M) 22.511ms
[2023-10-17T14:32:56.566+0000][1909.656s][info ][gc,cpu        ] GC(76) User=0.10s Sys=0.00s Real=0.02s
[2023-10-17T14:32:56.566+0000][1909.657s][info ][safepoint     ] Leaving safepoint region
[2023-10-17T14:32:56.567+0000][1909.658s][info ][safepoint     ] Total time for which application threads were stopped: 0.0264709 seconds, Stopping threads took: 0.0009979 seconds
[2023-10-17T14:32:56.568+0000][1909.658s][info ][gc,stringdedup] Concurrent String Deduplication (1909.658s)
[2023-10-17T14:32:56.572+0000][1909.662s][info ][gc,stringdedup] Concurrent String Deduplication 271.2K->136.9K(134.4K) avg 53.2% (1909.658s, 1909.662s) 3.539ms
[2023-10-17T14:33:20.574+0000][1933.664s][debug][safepoint     ] Safepoint synchronization initiated. (179 threads)
[2023-10-17T14:33:20.576+0000][1933.666s][info ][safepoint     ] Application time: 24.0078882 seconds
[2023-10-17T14:33:20.577+0000][1933.668s][debug][safepoint     ] Waiting for 2 thread(s) to block
[2023-10-17T14:33:20.578+0000][1933.668s][info ][safepoint     ] Entering safepoint region: Cleanup
[2023-10-17T14:33:20.580+0000][1933.670s][info ][safepoint     ] Leaving safepoint region
[2023-10-17T14:33:20.582+0000][1933.672s][info ][safepoint     ] Total time for which application threads were stopped: 0.0047331 seconds, Stopping threads took: 0.0020579 seconds
[2023-10-17T14:33:21.583+0000][1934.673s][debug][safepoint     ] Safepoint synchronization initiated. (180 threads)
[2023-10-17T14:33:21.584+0000][1934.674s][info ][safepoint     ] Application time: 1.0014946 seconds
[2023-10-17T14:33:21.585+0000][1934.675s][info ][safepoint     ] Entering safepoint region: Cleanup
[2023-10-17T14:33:21.586+0000][1934.676s][info ][safepoint     ] Leaving safepoint region
[2023-10-17T14:33:21.586+0000][1934.677s][info ][safepoint     ] Total time for which application threads were stopped: 0.0014998 seconds, Stopping threads took: 0.0006006 seconds
[2023-10-17T14:33:23.588+0000][1936.678s][debug][safepoint     ] Safepoint synchronization initiated. (180 threads)
[2023-10-17T14:33:23.589+0000][1936.679s][info ][safepoint     ] Application time: 2.0015845 seconds
[2023-10-17T14:33:23.589+0000][1936.680s][info ][safepoint     ] Entering safepoint region: Cleanup
[2023-10-17T14:33:23.590+0000][1936.681s][info ][safepoint     ] Leaving safepoint region
[2023-10-17T14:33:23.591+0000][1936.682s][info ][safepoint     ] Total time for which application threads were stopped: 0.0019798 seconds, Stopping threads took: 0.0007406 seconds
[2023-10-17T14:33:35.596+0000][1948.686s][debug][safepoint     ] Safepoint synchronization initiated. (180 threads)
[2023-10-17T14:33:35.597+0000][1948.687s][info ][safepoint     ] Application time: 12.0034826 seconds
[2023-10-17T14:33:35.597+0000][1948.687s][info ][safepoint     ] Entering safepoint region: Cleanup
[2023-10-17T14:33:35.598+0000][1948.689s][info ][safepoint     ] Leaving safepoint region
[2023-10-17T14:33:35.599+0000][1948.689s][info ][safepoint     ] Total time for which application threads were stopped: 0.0018184 seconds, Stopping threads took: 0.0008366 seconds
[2023-10-17T14:33:41.601+0000][1954.691s][debug][safepoint     ] Safepoint synchronization initiated. (180 threads)
[2023-10-17T14:33:41.602+0000][1954.692s][info ][safepoint     ] Application time: 6.0025107 seconds
[2023-10-17T14:33:41.604+0000][1954.695s][info ][safepoint     ] Entering safepoint region: Cleanup
[2023-10-17T14:33:41.606+0000][1954.696s][info ][safepoint     ] Leaving safepoint region
[2023-10-17T14:33:41.607+0000][1954.697s][info ][safepoint     ] Total time for which application threads were stopped: 0.0025347 seconds, Stopping threads took: 0.0009864 seconds
[2023-10-17T14:33:43.608+0000][1956.699s][debug][safepoint     ] Safepoint synchronization initiated. (182 threads)
[2023-10-17T14:33:43.610+0000][1956.700s][info ][safepoint     ] Application time: 2.0024237 seconds
[2023-10-17T14:33:43.611+0000][1956.701s][info ][safepoint     ] Entering safepoint region: Cleanup
[2023-10-17T14:33:43.612+0000][1956.702s][info ][safepoint     ] Leaving safepoint region
[2023-10-17T14:33:43.613+0000][1956.703s][info ][safepoint     ] Total time for which application threads were stopped: 0.0020827 seconds, Stopping threads took: 0.0006962 seconds
[2023-10-17T14:33:51.616+0000][1964.707s][debug][safepoint     ] Safepoint synchronization initiated. (181 threads)
[2023-10-17T14:33:51.618+0000][1964.708s][info ][safepoint     ] Application time: 8.0039039 seconds
[2023-10-17T14:33:51.619+0000][1964.710s][info ][safepoint     ] Entering safepoint region: Cleanup
[2023-10-17T14:33:51.621+0000][1964.711s][info ][safepoint     ] Leaving safepoint region
[2023-10-17T14:33:51.622+0000][1964.712s][info ][safepoint     ] Total time for which application threads were stopped: 0.0028946 seconds, Stopping threads took: 0.0013067 seconds
[2023-10-17T14:34:00.626+0000][1973.716s][debug][safepoint     ] Safepoint synchronization initiated. (181 threads)
[2023-10-17T14:34:00.627+0000][1973.717s][info ][safepoint     ] Application time: 9.0036498 seconds
[2023-10-17T14:34:00.629+0000][1973.719s][info ][safepoint     ] Entering safepoint region: Cleanup
[2023-10-17T14:34:00.630+0000][1973.720s][info ][safepoint     ] Leaving safepoint region
[2023-10-17T14:34:00.631+0000][1973.721s][info ][safepoint     ] Total time for which application threads were stopped: 0.0024797 seconds, Stopping threads took: 0.0010065 seconds
[2023-10-17T14:34:20.637+0000][1993.727s][debug][safepoint     ] Safepoint synchronization initiated. (181 threads)
[2023-10-17T14:34:20.638+0000][1993.728s][info ][safepoint     ] Application time: 20.0062294 seconds
[2023-10-17T14:34:20.639+0000][1993.729s][info ][safepoint     ] Entering safepoint region: Cleanup
[2023-10-17T14:34:20.640+0000][1993.730s][info ][safepoint     ] Leaving safepoint region
[2023-10-17T14:34:20.641+0000][1993.731s][info ][safepoint     ] Total time for which application threads were stopped: 0.0015258 seconds, Stopping threads took: 0.0007375 seconds
[2023-10-17T14:34:41.648+0000][2014.738s][debug][safepoint     ] Safepoint synchronization initiated. (181 threads)
[2023-10-17T14:34:41.649+0000][2014.739s][info ][safepoint     ] Application time: 21.0077359 seconds
[2023-10-17T14:34:41.650+0000][2014.740s][info ][safepoint     ] Entering safepoint region: Cleanup
[2023-10-17T14:34:41.651+0000][2014.741s][info ][safepoint     ] Leaving safepoint region
[2023-10-17T14:34:41.652+0000][2014.742s][info ][safepoint     ] Total time for which application threads were stopped: 0.0022579 seconds, Stopping threads took: 0.0009577 seconds
[2023-10-17T14:34:52.657+0000][2025.746s][debug][safepoint     ] Safepoint synchronization initiated. (179 threads)
[2023-10-17T14:34:52.657+0000][2025.747s][info ][safepoint     ] Application time: 11.0041531 seconds
[2023-10-17T14:34:52.658+0000][2025.748s][info ][safepoint     ] Entering safepoint region: Cleanup
[2023-10-17T14:34:52.659+0000][2025.749s][info ][safepoint     ] Leaving safepoint region
[2023-10-17T14:34:52.660+0000][2025.750s][info ][safepoint     ] Total time for which application threads were stopped: 0.0018110 seconds, Stopping threads took: 0.0006524 seconds
[2023-10-17T14:35:41.673+0000][2074.763s][debug][safepoint     ] Safepoint synchronization initiated. (179 threads)
[2023-10-17T14:35:41.674+0000][2074.764s][info ][safepoint     ] Application time: 49.0131775 seconds
[2023-10-17T14:35:41.675+0000][2074.765s][debug][safepoint     ] ... found polling page return exception at pc = 0x00007fc1a54de9db, stub =0x00007fc19c840600
[2023-10-17T14:35:41.676+0000][2074.765s][debug][safepoint     ] Waiting for 1 thread(s) to block
[2023-10-17T14:35:41.676+0000][2074.766s][info ][safepoint     ] Entering safepoint region: Cleanup
[2023-10-17T14:35:41.677+0000][2074.767s][info ][safepoint     ] Leaving safepoint region
[2023-10-17T14:35:41.678+0000][2074.768s][info ][safepoint     ] Total time for which application threads were stopped: 0.0030105 seconds, Stopping threads took: 0.0022040 seconds
[2023-10-17T14:35:41.993+0000][2075.083s][debug][safepoint     ] Safepoint synchronization initiated. (179 threads)
[2023-10-17T14:35:41.995+0000][2075.085s][info ][safepoint     ] Application time: 0.3165409 seconds
[2023-10-17T14:35:41.997+0000][2075.086s][info ][safepoint     ] Entering safepoint region: G1CollectForAllocation
[2023-10-17T14:35:41.998+0000][2075.088s][info ][gc,start      ] GC(77) Pause Young (Normal) (G1 Evacuation Pause)
[2023-10-17T14:35:41.999+0000][2075.089s][info ][gc,task       ] GC(77) Using 8 workers of 8 for evacuation
[2023-10-17T14:35:42.017+0000][2075.107s][info ][gc,phases     ] GC(77)   Pre Evacuate Collection Set: 0.1ms
[2023-10-17T14:35:42.019+0000][2075.109s][info ][gc,phases     ] GC(77)   Evacuate Collection Set: 13.0ms
[2023-10-17T14:35:42.019+0000][2075.109s][info ][gc,phases     ] GC(77)   Post Evacuate Collection Set: 3.9ms
[2023-10-17T14:35:42.020+0000][2075.110s][info ][gc,phases     ] GC(77)   Other: 2.4ms
[2023-10-17T14:35:42.021+0000][2075.110s][info ][gc,heap       ] GC(77) Eden regions: 184->0(186)
[2023-10-17T14:35:42.021+0000][2075.111s][info ][gc,heap       ] GC(77) Survivor regions: 14->13(25)
[2023-10-17T14:35:42.022+0000][2075.112s][info ][gc,heap       ] GC(77) Old regions: 161->161
[2023-10-17T14:35:42.023+0000][2075.112s][info ][gc,heap       ] GC(77) Humongous regions: 0->0
[2023-10-17T14:35:42.023+0000][2075.113s][info ][gc,metaspace  ] GC(77) Metaspace: 179355K(194036K)->179355K(194036K) NonClass: 158770K(170484K)->158770K(170484K) Class: 20585K(23552K)->20585K(23552K)
[2023-10-17T14:35:42.024+0000][2075.114s][info ][gc            ] GC(77) Pause Young (Normal) (G1 Evacuation Pause) 356M->172M(415M) 25.672ms
[2023-10-17T14:35:42.025+0000][2075.115s][info ][gc,cpu        ] GC(77) User=0.12s Sys=0.00s Real=0.03s
[2023-10-17T14:35:42.026+0000][2075.116s][info ][safepoint     ] Leaving safepoint region
[2023-10-17T14:35:42.026+0000][2075.116s][info ][safepoint     ] Total time for which application threads were stopped: 0.0298756 seconds, Stopping threads took: 0.0010571 seconds
[2023-10-17T14:35:42.027+0000][2075.117s][info ][gc,stringdedup] Concurrent String Deduplication (2075.117s)
[2023-10-17T14:35:42.030+0000][2075.120s][info ][gc,stringdedup] Concurrent String Deduplication 106.8K->44712.0B(64640.0B) avg 53.3% (2075.117s, 2075.120s) 2.742ms
[2023-10-17T14:36:02.032+0000][2095.121s][debug][safepoint     ] Safepoint synchronization initiated. (178 threads)
[2023-10-17T14:36:02.032+0000][2095.122s][info ][safepoint     ] Application time: 20.0050533 seconds
[2023-10-17T14:36:02.033+0000][2095.123s][info ][safepoint     ] Entering safepoint region: Cleanup
[2023-10-17T14:36:02.034+0000][2095.124s][info ][safepoint     ] Leaving safepoint region
[2023-10-17T14:36:02.035+0000][2095.124s][info ][safepoint     ] Total time for which application threads were stopped: 0.0017407 seconds, Stopping threads took: 0.0007454 seconds
[2023-10-17T14:36:17.040+0000][2110.129s][debug][safepoint     ] Safepoint synchronization initiated. (183 threads)
[2023-10-17T14:36:17.041+0000][2110.130s][info ][safepoint     ] Application time: 15.0054754 seconds
[2023-10-17T14:36:17.042+0000][2110.132s][info ][safepoint     ] Entering safepoint region: Cleanup
[2023-10-17T14:36:17.044+0000][2110.133s][info ][safepoint     ] Leaving safepoint region
[2023-10-17T14:36:17.045+0000][2110.134s][info ][safepoint     ] Total time for which application threads were stopped: 0.0027243 seconds, Stopping threads took: 0.0010948 seconds
[2023-10-17T14:36:21.048+0000][2114.137s][debug][safepoint     ] Safepoint synchronization initiated. (183 threads)
[2023-10-17T14:36:21.048+0000][2114.138s][info ][safepoint     ] Application time: 4.0024307 seconds
[2023-10-17T14:36:21.049+0000][2114.138s][info ][safepoint     ] Entering safepoint region: Cleanup
[2023-10-17T14:36:21.050+0000][2114.139s][info ][safepoint     ] Leaving safepoint region
[2023-10-17T14:36:21.051+0000][2114.140s][info ][safepoint     ] Total time for which application threads were stopped: 0.0019948 seconds, Stopping threads took: 0.0006236 seconds
[2023-10-17T14:36:29.054+0000][2122.143s][debug][safepoint     ] Safepoint synchronization initiated. (186 threads)
[2023-10-17T14:36:29.054+0000][2122.144s][info ][safepoint     ] Application time: 8.0025589 seconds
[2023-10-17T14:36:29.055+0000][2122.144s][info ][safepoint     ] Entering safepoint region: Cleanup
[2023-10-17T14:36:29.056+0000][2122.145s][info ][safepoint     ] Leaving safepoint region
[2023-10-17T14:36:29.056+0000][2122.145s][info ][safepoint     ] Total time for which application threads were stopped: 0.0013773 seconds, Stopping threads took: 0.0005649 seconds
[2023-10-17T14:36:30.057+0000][2123.146s][debug][safepoint     ] Safepoint synchronization initiated. (186 threads)
[2023-10-17T14:36:30.058+0000][2123.147s][info ][safepoint     ] Application time: 1.0012276 seconds
[2023-10-17T14:36:30.059+0000][2123.148s][info ][safepoint     ] Entering safepoint region: Cleanup
[2023-10-17T14:36:30.060+0000][2123.149s][info ][safepoint     ] Leaving safepoint region
[2023-10-17T14:36:30.060+0000][2123.149s][info ][safepoint     ] Total time for which application threads were stopped: 0.0016540 seconds, Stopping threads took: 0.0006512 seconds
[2023-10-17T14:36:31.061+0000][2124.150s][debug][safepoint     ] Safepoint synchronization initiated. (186 threads)
[2023-10-17T14:36:31.063+0000][2124.152s][info ][safepoint     ] Application time: 1.0017219 seconds
[2023-10-17T14:36:31.063+0000][2124.152s][info ][safepoint     ] Entering safepoint region: Cleanup
[2023-10-17T14:36:31.064+0000][2124.154s][info ][safepoint     ] Leaving safepoint region
[2023-10-17T14:36:31.066+0000][2124.155s][info ][safepoint     ] Total time for which application threads were stopped: 0.0029083 seconds, Stopping threads took: 0.0008095 seconds
[2023-10-17T14:36:53.074+0000][2146.162s][debug][safepoint     ] Safepoint synchronization initiated. (187 threads)
[2023-10-17T14:36:53.074+0000][2146.163s][info ][safepoint     ] Application time: 22.0066150 seconds
[2023-10-17T14:36:53.075+0000][2146.164s][info ][safepoint     ] Entering safepoint region: Cleanup
[2023-10-17T14:36:53.077+0000][2146.165s][info ][safepoint     ] Leaving safepoint region
[2023-10-17T14:36:53.077+0000][2146.165s][info ][safepoint     ] Total time for which application threads were stopped: 0.0020338 seconds, Stopping threads took: 0.0011059 seconds
[2023-10-17T14:36:55.078+0000][2148.167s][debug][safepoint     ] Safepoint synchronization initiated. (188 threads)
[2023-10-17T14:36:55.079+0000][2148.167s][info ][safepoint     ] Application time: 2.0012192 seconds
[2023-10-17T14:36:55.080+0000][2148.168s][info ][safepoint     ] Entering safepoint region: Cleanup
[2023-10-17T14:36:55.081+0000][2148.169s][info ][safepoint     ] Leaving safepoint region
[2023-10-17T14:36:55.081+0000][2148.170s][info ][safepoint     ] Total time for which application threads were stopped: 0.0019367 seconds, Stopping threads took: 0.0008026 seconds
[2023-10-17T14:36:57.083+0000][2150.171s][debug][safepoint     ] Safepoint synchronization initiated. (187 threads)
[2023-10-17T14:36:57.084+0000][2150.172s][info ][safepoint     ] Application time: 2.0013102 seconds
[2023-10-17T14:36:57.084+0000][2150.172s][info ][safepoint     ] Entering safepoint region: Cleanup
[2023-10-17T14:36:57.085+0000][2150.173s][info ][safepoint     ] Leaving safepoint region
[2023-10-17T14:36:57.085+0000][2150.174s][info ][safepoint     ] Total time for which application threads were stopped: 0.0014011 seconds, Stopping threads took: 0.0007438 seconds
[2023-10-17T14:37:06.088+0000][2159.176s][debug][safepoint     ] Safepoint synchronization initiated. (189 threads)
[2023-10-17T14:37:06.089+0000][2159.177s][info ][safepoint     ] Application time: 9.0025573 seconds
[2023-10-17T14:37:06.089+0000][2159.178s][info ][safepoint     ] Entering safepoint region: Cleanup
[2023-10-17T14:37:06.090+0000][2159.179s][info ][safepoint     ] Leaving safepoint region
[2023-10-17T14:37:06.091+0000][2159.179s][info ][safepoint     ] Total time for which application threads were stopped: 0.0015669 seconds, Stopping threads took: 0.0006319 seconds
[2023-10-17T14:37:20.096+0000][2173.184s][debug][safepoint     ] Safepoint synchronization initiated. (188 threads)
[2023-10-17T14:37:20.097+0000][2173.185s][info ][safepoint     ] Application time: 14.0053333 seconds
[2023-10-17T14:37:20.098+0000][2173.186s][info ][safepoint     ] Entering safepoint region: Cleanup
[2023-10-17T14:37:20.100+0000][2173.188s][info ][safepoint     ] Leaving safepoint region
[2023-10-17T14:37:20.101+0000][2173.189s][info ][safepoint     ] Total time for which application threads were stopped: 0.0029680 seconds, Stopping threads took: 0.0011493 seconds
[2023-10-17T14:37:21.102+0000][2174.190s][debug][safepoint     ] Safepoint synchronization initiated. (188 threads)
[2023-10-17T14:37:21.103+0000][2174.191s][info ][safepoint     ] Application time: 1.0012195 seconds
[2023-10-17T14:37:21.104+0000][2174.192s][info ][safepoint     ] Entering safepoint region: Cleanup
[2023-10-17T14:37:21.106+0000][2174.194s][info ][safepoint     ] Leaving safepoint region
[2023-10-17T14:37:21.107+0000][2174.195s][info ][safepoint     ] Total time for which application threads were stopped: 0.0026455 seconds, Stopping threads took: 0.0011706 seconds
[2023-10-17T14:37:22.108+0000][2175.196s][debug][safepoint     ] Safepoint synchronization initiated. (188 threads)
[2023-10-17T14:37:22.109+0000][2175.197s][info ][safepoint     ] Application time: 1.0014847 seconds
[2023-10-17T14:37:22.110+0000][2175.198s][info ][safepoint     ] Entering safepoint region: Cleanup
[2023-10-17T14:37:22.111+0000][2175.199s][info ][safepoint     ] Leaving safepoint region
[2023-10-17T14:37:22.113+0000][2175.201s][info ][safepoint     ] Total time for which application threads were stopped: 0.0028215 seconds, Stopping threads took: 0.0008092 seconds
[2023-10-17T14:37:23.114+0000][2176.202s][debug][safepoint     ] Safepoint synchronization initiated. (188 threads)
[2023-10-17T14:37:23.115+0000][2176.203s][info ][safepoint     ] Application time: 1.0010936 seconds
[2023-10-17T14:37:23.116+0000][2176.204s][info ][safepoint     ] Entering safepoint region: Cleanup
[2023-10-17T14:37:23.117+0000][2176.205s][info ][safepoint     ] Leaving safepoint region
[2023-10-17T14:37:23.118+0000][2176.206s][info ][safepoint     ] Total time for which application threads were stopped: 0.0020592 seconds, Stopping threads took: 0.0007109 seconds
[2023-10-17T14:37:24.119+0000][2177.207s][debug][safepoint     ] Safepoint synchronization initiated. (188 threads)
[2023-10-17T14:37:24.120+0000][2177.208s][info ][safepoint     ] Application time: 1.0012776 seconds
[2023-10-17T14:37:24.121+0000][2177.209s][info ][safepoint     ] Entering safepoint region: Cleanup
[2023-10-17T14:37:24.122+0000][2177.210s][info ][safepoint     ] Leaving safepoint region
[2023-10-17T14:37:24.123+0000][2177.211s][info ][safepoint     ] Total time for which application threads were stopped: 0.0019470 seconds, Stopping threads took: 0.0007866 seconds
[2023-10-17T14:37:25.124+0000][2178.212s][debug][safepoint     ] Safepoint synchronization initiated. (188 threads)
[2023-10-17T14:37:25.125+0000][2178.213s][info ][safepoint     ] Application time: 1.0014949 seconds
[2023-10-17T14:37:25.126+0000][2178.214s][info ][safepoint     ] Entering safepoint region: Cleanup
[2023-10-17T14:37:25.126+0000][2178.214s][info ][safepoint     ] Leaving safepoint region
[2023-10-17T14:37:25.127+0000][2178.215s][info ][safepoint     ] Total time for which application threads were stopped: 0.0016380 seconds, Stopping threads took: 0.0007224 seconds
[2023-10-17T14:37:26.128+0000][2179.216s][debug][safepoint     ] Safepoint synchronization initiated. (188 threads)
[2023-10-17T14:37:26.129+0000][2179.217s][info ][safepoint     ] Application time: 1.0012077 seconds
[2023-10-17T14:37:26.130+0000][2179.218s][info ][safepoint     ] Entering safepoint region: Cleanup
[2023-10-17T14:37:26.131+0000][2179.219s][info ][safepoint     ] Leaving safepoint region
[2023-10-17T14:37:26.131+0000][2179.219s][info ][safepoint     ] Total time for which application threads were stopped: 0.0015292 seconds, Stopping threads took: 0.0006923 seconds
[2023-10-17T14:37:26.131+0000][2179.219s][debug][safepoint     ] ... found polling page return exception at pc = 0x00007fc1a54a9604, stub =0x00007fc19c840600
[2023-10-17T14:37:26.131+0000][2179.219s][debug][safepoint     ] ... found polling page return exception at pc = 0x00007fc1a54a9604, stub =0x00007fc19c840600
[2023-10-17T14:37:26.131+0000][2179.219s][debug][safepoint     ] ... found polling page return exception at pc = 0x00007fc1a54a9604, stub =0x00007fc19c840600
[2023-10-17T14:37:26.131+0000][2179.219s][debug][safepoint     ] ... found polling page return exception at pc = 0x00007fc1a54a9604, stub =0x00007fc19c840600
[2023-10-17T14:37:26.131+0000][2179.219s][debug][safepoint     ] ... found polling page return exception at pc = 0x00007fc1a54a9604, stub =0x00007fc19c840600
[2023-10-17T14:37:26.131+0000][2179.219s][debug][safepoint     ] ... found polling page return exception at pc = 0x00007fc1a54a9604, stub =0x00007fc19c840600
[2023-10-17T14:37:27.132+0000][2180.220s][debug][safepoint     ] Safepoint synchronization initiated. (188 threads)
[2023-10-17T14:37:27.133+0000][2180.221s][info ][safepoint     ] Application time: 1.0011859 seconds
[2023-10-17T14:37:27.134+0000][2180.222s][info ][safepoint     ] Entering safepoint region: Cleanup
[2023-10-17T14:37:27.135+0000][2180.223s][info ][safepoint     ] Leaving safepoint region
[2023-10-17T14:37:27.136+0000][2180.224s][info ][safepoint     ] Total time for which application threads were stopped: 0.0017510 seconds, Stopping threads took: 0.0007712 seconds
[2023-10-17T14:37:28.137+0000][2181.225s][debug][safepoint     ] Safepoint synchronization initiated. (188 threads)
[2023-10-17T14:37:28.138+0000][2181.226s][info ][safepoint     ] Application time: 1.0013374 seconds
[2023-10-17T14:37:28.139+0000][2181.227s][info ][safepoint     ] Entering safepoint region: Cleanup
[2023-10-17T14:37:28.140+0000][2181.228s][info ][safepoint     ] Leaving safepoint region
[2023-10-17T14:37:28.141+0000][2181.228s][info ][safepoint     ] Total time for which application threads were stopped: 0.0016854 seconds, Stopping threads took: 0.0007433 seconds
[2023-10-17T14:37:29.142+0000][2182.230s][debug][safepoint     ] Safepoint synchronization initiated. (186 threads)
[2023-10-17T14:37:29.142+0000][2182.230s][info ][safepoint     ] Application time: 1.0012792 seconds
[2023-10-17T14:37:29.143+0000][2182.231s][info ][safepoint     ] Entering safepoint region: Cleanup
[2023-10-17T14:37:29.145+0000][2182.233s][info ][safepoint     ] Leaving safepoint region
[2023-10-17T14:37:29.145+0000][2182.233s][info ][safepoint     ] Total time for which application threads were stopped: 0.0021915 seconds, Stopping threads took: 0.0009516 seconds
[2023-10-17T14:37:30.147+0000][2183.235s][debug][safepoint     ] Safepoint synchronization initiated. (186 threads)
[2023-10-17T14:37:30.148+0000][2183.236s][info ][safepoint     ] Application time: 1.0015721 seconds
[2023-10-17T14:37:30.149+0000][2183.237s][info ][safepoint     ] Entering safepoint region: Cleanup
[2023-10-17T14:37:30.150+0000][2183.238s][info ][safepoint     ] Leaving safepoint region
[2023-10-17T14:37:30.151+0000][2183.239s][info ][safepoint     ] Total time for which application threads were stopped: 0.0019912 seconds, Stopping threads took: 0.0008857 seconds
[2023-10-17T14:37:31.152+0000][2184.240s][debug][safepoint     ] Safepoint synchronization initiated. (186 threads)
[2023-10-17T14:37:31.153+0000][2184.241s][info ][safepoint     ] Application time: 1.0015753 seconds
[2023-10-17T14:37:31.154+0000][2184.242s][info ][safepoint     ] Entering safepoint region: Cleanup
[2023-10-17T14:37:31.156+0000][2184.244s][info ][safepoint     ] Leaving safepoint region
[2023-10-17T14:37:31.158+0000][2184.246s][info ][safepoint     ] Total time for which application threads were stopped: 0.0035788 seconds, Stopping threads took: 0.0015469 seconds
[2023-10-17T14:37:32.159+0000][2185.247s][debug][safepoint     ] Safepoint synchronization initiated. (186 threads)
[2023-10-17T14:37:32.160+0000][2185.248s][info ][safepoint     ] Application time: 1.0014358 seconds
[2023-10-17T14:37:32.161+0000][2185.249s][info ][safepoint     ] Entering safepoint region: Cleanup
[2023-10-17T14:37:32.162+0000][2185.250s][info ][safepoint     ] Leaving safepoint region
[2023-10-17T14:37:32.163+0000][2185.251s][info ][safepoint     ] Total time for which application threads were stopped: 0.0022100 seconds, Stopping threads took: 0.0009032 seconds
[2023-10-17T14:37:33.165+0000][2186.253s][debug][safepoint     ] Safepoint synchronization initiated. (186 threads)
[2023-10-17T14:37:33.166+0000][2186.254s][info ][safepoint     ] Application time: 1.0019634 seconds
[2023-10-17T14:37:33.168+0000][2186.256s][info ][safepoint     ] Entering safepoint region: Cleanup
[2023-10-17T14:37:33.170+0000][2186.258s][info ][safepoint     ] Leaving safepoint region
[2023-10-17T14:37:33.170+0000][2186.258s][info ][safepoint     ] Total time for which application threads were stopped: 0.0024613 seconds, Stopping threads took: 0.0014862 seconds
[2023-10-17T14:37:34.171+0000][2187.259s][debug][safepoint     ] Safepoint synchronization initiated. (186 threads)
[2023-10-17T14:37:34.172+0000][2187.260s][info ][safepoint     ] Application time: 1.0015501 seconds
[2023-10-17T14:37:34.173+0000][2187.261s][info ][safepoint     ] Entering safepoint region: Cleanup
[2023-10-17T14:37:34.174+0000][2187.262s][info ][safepoint     ] Leaving safepoint region
[2023-10-17T14:37:34.175+0000][2187.263s][info ][safepoint     ] Total time for which application threads were stopped: 0.0020156 seconds, Stopping threads took: 0.0008215 seconds
[2023-10-17T14:37:35.176+0000][2188.264s][debug][safepoint     ] Safepoint synchronization initiated. (186 threads)
[2023-10-17T14:37:35.177+0000][2188.265s][info ][safepoint     ] Application time: 1.0011224 seconds
[2023-10-17T14:37:35.178+0000][2188.266s][info ][safepoint     ] Entering safepoint region: Cleanup
[2023-10-17T14:37:35.179+0000][2188.267s][info ][safepoint     ] Leaving safepoint region
[2023-10-17T14:37:35.180+0000][2188.268s][info ][safepoint     ] Total time for which application threads were stopped: 0.0020051 seconds, Stopping threads took: 0.0008250 seconds
[2023-10-17T14:37:36.181+0000][2189.269s][debug][safepoint     ] Safepoint synchronization initiated. (186 threads)
[2023-10-17T14:37:36.182+0000][2189.270s][info ][safepoint     ] Application time: 1.0010281 seconds
[2023-10-17T14:37:36.182+0000][2189.270s][info ][safepoint     ] Entering safepoint region: Cleanup
[2023-10-17T14:37:36.183+0000][2189.271s][info ][safepoint     ] Leaving safepoint region
[2023-10-17T14:37:36.184+0000][2189.272s][info ][safepoint     ] Total time for which application threads were stopped: 0.0015356 seconds, Stopping threads took: 0.0006795 seconds
[2023-10-17T14:37:37.185+0000][2190.273s][debug][safepoint     ] Safepoint synchronization initiated. (186 threads)
[2023-10-17T14:37:37.186+0000][2190.274s][info ][safepoint     ] Application time: 1.0015610 seconds
[2023-10-17T14:37:37.187+0000][2190.275s][debug][safepoint     ] ... found polling page return exception at pc = 0x00007fc1a56bbc73, stub =0x00007fc19c840600
[2023-10-17T14:37:37.188+0000][2190.276s][debug][safepoint     ] Waiting for 1 thread(s) to block
[2023-10-17T14:37:37.189+0000][2190.277s][info ][safepoint     ] Entering safepoint region: Cleanup
[2023-10-17T14:37:37.191+0000][2190.279s][info ][safepoint     ] Leaving safepoint region
[2023-10-17T14:37:37.192+0000][2190.280s][info ][safepoint     ] Total time for which application threads were stopped: 0.0050349 seconds, Stopping threads took: 0.0033836 seconds
[2023-10-17T14:37:38.193+0000][2191.281s][debug][safepoint     ] Safepoint synchronization initiated. (186 threads)
[2023-10-17T14:37:38.194+0000][2191.282s][info ][safepoint     ] Application time: 1.0013141 seconds
[2023-10-17T14:37:38.195+0000][2191.283s][info ][safepoint     ] Entering safepoint region: Cleanup
[2023-10-17T14:37:38.196+0000][2191.284s][info ][safepoint     ] Leaving safepoint region
[2023-10-17T14:37:38.197+0000][2191.285s][info ][safepoint     ] Total time for which application threads were stopped: 0.0013444 seconds, Stopping threads took: 0.0006448 seconds
[2023-10-17T14:37:39.198+0000][2192.286s][debug][safepoint     ] Safepoint synchronization initiated. (186 threads)
[2023-10-17T14:37:39.199+0000][2192.287s][info ][safepoint     ] Application time: 1.0013117 seconds
[2023-10-17T14:37:39.199+0000][2192.287s][info ][safepoint     ] Entering safepoint region: Cleanup
[2023-10-17T14:37:39.200+0000][2192.288s][info ][safepoint     ] Leaving safepoint region
[2023-10-17T14:37:39.201+0000][2192.289s][info ][safepoint     ] Total time for which application threads were stopped: 0.0015524 seconds, Stopping threads took: 0.0007206 seconds
[2023-10-17T14:37:40.202+0000][2193.290s][debug][safepoint     ] Safepoint synchronization initiated. (186 threads)
[2023-10-17T14:37:40.203+0000][2193.291s][info ][safepoint     ] Application time: 1.0014003 seconds
[2023-10-17T14:37:40.204+0000][2193.292s][info ][safepoint     ] Entering safepoint region: Cleanup
[2023-10-17T14:37:40.205+0000][2193.293s][info ][safepoint     ] Leaving safepoint region
[2023-10-17T14:37:40.206+0000][2193.294s][info ][safepoint     ] Total time for which application threads were stopped: 0.0018011 seconds, Stopping threads took: 0.0007613 seconds
[2023-10-17T14:37:41.207+0000][2194.295s][debug][safepoint     ] Safepoint synchronization initiated. (186 threads)
[2023-10-17T14:37:41.208+0000][2194.296s][info ][safepoint     ] Application time: 1.0018683 seconds
[2023-10-17T14:37:41.209+0000][2194.297s][info ][safepoint     ] Entering safepoint region: Cleanup
[2023-10-17T14:37:41.210+0000][2194.298s][info ][safepoint     ] Leaving safepoint region
[2023-10-17T14:37:41.211+0000][2194.299s][info ][safepoint     ] Total time for which application threads were stopped: 0.0016927 seconds, Stopping threads took: 0.0006943 seconds
[2023-10-17T14:37:42.211+0000][2195.299s][debug][safepoint     ] Safepoint synchronization initiated. (186 threads)
[2023-10-17T14:37:42.212+0000][2195.300s][info ][safepoint     ] Application time: 1.0012387 seconds
[2023-10-17T14:37:42.213+0000][2195.301s][info ][safepoint     ] Entering safepoint region: Cleanup
[2023-10-17T14:37:42.214+0000][2195.302s][info ][safepoint     ] Leaving safepoint region
[2023-10-17T14:37:42.215+0000][2195.303s][info ][safepoint     ] Total time for which application threads were stopped: 0.0020493 seconds, Stopping threads took: 0.0007589 seconds
[2023-10-17T14:37:43.216+0000][2196.304s][debug][safepoint     ] Safepoint synchronization initiated. (186 threads)
[2023-10-17T14:37:43.217+0000][2196.305s][info ][safepoint     ] Application time: 1.0015054 seconds
[2023-10-17T14:37:43.219+0000][2196.306s][info ][safepoint     ] Entering safepoint region: Cleanup
[2023-10-17T14:37:43.220+0000][2196.308s][info ][safepoint     ] Leaving safepoint region
[2023-10-17T14:37:43.221+0000][2196.309s][info ][safepoint     ] Total time for which application threads were stopped: 0.0021525 seconds, Stopping threads took: 0.0010317 seconds
[2023-10-17T14:37:44.222+0000][2197.310s][debug][safepoint     ] Safepoint synchronization initiated. (186 threads)
[2023-10-17T14:37:44.223+0000][2197.311s][info ][safepoint     ] Application time: 1.0012033 seconds
[2023-10-17T14:37:44.224+0000][2197.312s][info ][safepoint     ] Entering safepoint region: Cleanup
[2023-10-17T14:37:44.225+0000][2197.313s][info ][safepoint     ] Leaving safepoint region
[2023-10-17T14:37:44.226+0000][2197.314s][info ][safepoint     ] Total time for which application threads were stopped: 0.0023163 seconds, Stopping threads took: 0.0009721 seconds
[2023-10-17T14:37:45.227+0000][2198.315s][debug][safepoint     ] Safepoint synchronization initiated. (186 threads)
[2023-10-17T14:37:45.228+0000][2198.316s][info ][safepoint     ] Application time: 1.0017538 seconds
[2023-10-17T14:37:45.229+0000][2198.317s][info ][safepoint     ] Entering safepoint region: Cleanup
[2023-10-17T14:37:45.230+0000][2198.318s][info ][safepoint     ] Leaving safepoint region
[2023-10-17T14:37:45.230+0000][2198.318s][info ][safepoint     ] Total time for which application threads were stopped: 0.0013233 seconds, Stopping threads took: 0.0005625 seconds
[2023-10-17T14:37:46.231+0000][2199.319s][debug][safepoint     ] Safepoint synchronization initiated. (186 threads)
[2023-10-17T14:37:46.232+0000][2199.320s][info ][safepoint     ] Application time: 1.0007905 seconds
[2023-10-17T14:37:46.232+0000][2199.320s][info ][safepoint     ] Entering safepoint region: Cleanup
[2023-10-17T14:37:46.233+0000][2199.321s][info ][safepoint     ] Leaving safepoint region
[2023-10-17T14:37:46.234+0000][2199.322s][info ][safepoint     ] Total time for which application threads were stopped: 0.0017859 seconds, Stopping threads took: 0.0007146 seconds
[2023-10-17T14:37:47.235+0000][2200.323s][debug][safepoint     ] Safepoint synchronization initiated. (186 threads)
[2023-10-17T14:37:47.236+0000][2200.324s][info ][safepoint     ] Application time: 1.0014411 seconds
[2023-10-17T14:37:47.237+0000][2200.325s][info ][safepoint     ] Entering safepoint region: Cleanup
[2023-10-17T14:37:47.238+0000][2200.326s][info ][safepoint     ] Leaving safepoint region
[2023-10-17T14:37:47.239+0000][2200.327s][info ][safepoint     ] Total time for which application threads were stopped: 0.0023891 seconds, Stopping threads took: 0.0010408 seconds
[2023-10-17T14:37:48.240+0000][2201.328s][debug][safepoint     ] Safepoint synchronization initiated. (186 threads)
[2023-10-17T14:37:48.242+0000][2201.329s][info ][safepoint     ] Application time: 1.0013710 seconds
[2023-10-17T14:37:48.243+0000][2201.331s][info ][safepoint     ] Entering safepoint region: Cleanup
[2023-10-17T14:37:48.245+0000][2201.333s][info ][safepoint     ] Leaving safepoint region
[2023-10-17T14:37:48.246+0000][2201.334s][info ][safepoint     ] Total time for which application threads were stopped: 0.0027556 seconds, Stopping threads took: 0.0011688 seconds
[2023-10-17T14:37:49.247+0000][2202.335s][debug][safepoint     ] Safepoint synchronization initiated. (186 threads)
[2023-10-17T14:37:49.248+0000][2202.336s][info ][safepoint     ] Application time: 1.0012524 seconds
[2023-10-17T14:37:49.249+0000][2202.336s][info ][safepoint     ] Entering safepoint region: Cleanup
[2023-10-17T14:37:49.250+0000][2202.337s][info ][safepoint     ] Leaving safepoint region
[2023-10-17T14:37:49.250+0000][2202.338s][info ][safepoint     ] Total time for which application threads were stopped: 0.0017090 seconds, Stopping threads took: 0.0007384 seconds
[2023-10-17T14:37:50.251+0000][2203.339s][debug][safepoint     ] Safepoint synchronization initiated. (186 threads)
[2023-10-17T14:37:50.252+0000][2203.340s][info ][safepoint     ] Application time: 1.0012738 seconds
[2023-10-17T14:37:50.253+0000][2203.341s][info ][safepoint     ] Entering safepoint region: Cleanup
[2023-10-17T14:37:50.254+0000][2203.342s][info ][safepoint     ] Leaving safepoint region
[2023-10-17T14:37:50.255+0000][2203.343s][info ][safepoint     ] Total time for which application threads were stopped: 0.0019413 seconds, Stopping threads took: 0.0008334 seconds
[2023-10-17T14:37:51.256+0000][2204.343s][debug][safepoint     ] Safepoint synchronization initiated. (186 threads)
[2023-10-17T14:37:51.257+0000][2204.344s][info ][safepoint     ] Application time: 1.0011988 seconds
[2023-10-17T14:37:51.258+0000][2204.345s][info ][safepoint     ] Entering safepoint region: Cleanup
[2023-10-17T14:37:51.259+0000][2204.346s][info ][safepoint     ] Leaving safepoint region
[2023-10-17T14:37:51.260+0000][2204.347s][info ][safepoint     ] Total time for which application threads were stopped: 0.0020146 seconds, Stopping threads took: 0.0008659 seconds
[2023-10-17T14:37:52.261+0000][2205.348s][debug][safepoint     ] Safepoint synchronization initiated. (186 threads)
[2023-10-17T14:37:52.262+0000][2205.349s][info ][safepoint     ] Application time: 1.0013077 seconds
[2023-10-17T14:37:52.263+0000][2205.350s][info ][safepoint     ] Entering safepoint region: Cleanup
[2023-10-17T14:37:52.264+0000][2205.351s][info ][safepoint     ] Leaving safepoint region
[2023-10-17T14:37:52.265+0000][2205.352s][info ][safepoint     ] Total time for which application threads were stopped: 0.0018128 seconds, Stopping threads took: 0.0008059 seconds
[2023-10-17T14:37:53.265+0000][2206.353s][debug][safepoint     ] Safepoint synchronization initiated. (186 threads)
[2023-10-17T14:37:53.267+0000][2206.354s][info ][safepoint     ] Application time: 1.0014740 seconds
[2023-10-17T14:37:53.268+0000][2206.356s][info ][safepoint     ] Entering safepoint region: Cleanup
[2023-10-17T14:37:53.269+0000][2206.357s][info ][safepoint     ] Leaving safepoint region
[2023-10-17T14:37:53.270+0000][2206.358s][info ][safepoint     ] Total time for which application threads were stopped: 0.0024191 seconds, Stopping threads took: 0.0010442 seconds
[2023-10-17T14:37:54.271+0000][2207.359s][debug][safepoint     ] Safepoint synchronization initiated. (186 threads)
[2023-10-17T14:37:54.273+0000][2207.360s][info ][safepoint     ] Application time: 1.0013873 seconds
[2023-10-17T14:37:54.274+0000][2207.361s][info ][safepoint     ] Entering safepoint region: Cleanup
[2023-10-17T14:37:54.275+0000][2207.363s][info ][safepoint     ] Leaving safepoint region
[2023-10-17T14:37:54.276+0000][2207.364s][info ][safepoint     ] Total time for which application threads were stopped: 0.0028417 seconds, Stopping threads took: 0.0013135 seconds
[2023-10-17T14:37:55.278+0000][2208.365s][debug][safepoint     ] Safepoint synchronization initiated. (186 threads)
[2023-10-17T14:37:55.278+0000][2208.366s][info ][safepoint     ] Application time: 1.0009182 seconds
[2023-10-17T14:37:55.279+0000][2208.367s][info ][safepoint     ] Entering safepoint region: Cleanup
[2023-10-17T14:37:55.280+0000][2208.368s][info ][safepoint     ] Leaving safepoint region
[2023-10-17T14:37:55.282+0000][2208.369s][info ][safepoint     ] Total time for which application threads were stopped: 0.0025494 seconds, Stopping threads took: 0.0008970 seconds
[2023-10-17T14:37:56.283+0000][2209.370s][debug][safepoint     ] Safepoint synchronization initiated. (186 threads)
[2023-10-17T14:37:56.284+0000][2209.371s][info ][safepoint     ] Application time: 1.0013324 seconds
[2023-10-17T14:37:56.285+0000][2209.372s][info ][safepoint     ] Entering safepoint region: Cleanup
[2023-10-17T14:37:56.286+0000][2209.374s][info ][safepoint     ] Leaving safepoint region
[2023-10-17T14:37:56.287+0000][2209.374s][info ][safepoint     ] Total time for which application threads were stopped: 0.0020329 seconds, Stopping threads took: 0.0008917 seconds
[2023-10-17T14:37:57.288+0000][2210.375s][debug][safepoint     ] Safepoint synchronization initiated. (184 threads)
[2023-10-17T14:37:57.289+0000][2210.376s][info ][safepoint     ] Application time: 1.0010332 seconds
[2023-10-17T14:37:57.290+0000][2210.377s][info ][safepoint     ] Entering safepoint region: Cleanup
[2023-10-17T14:37:57.291+0000][2210.378s][info ][safepoint     ] Leaving safepoint region
[2023-10-17T14:37:57.292+0000][2210.380s][info ][safepoint     ] Total time for which application threads were stopped: 0.0027749 seconds, Stopping threads took: 0.0008969 seconds
[2023-10-17T14:37:58.294+0000][2211.381s][debug][safepoint     ] Safepoint synchronization initiated. (184 threads)
[2023-10-17T14:37:58.295+0000][2211.382s][info ][safepoint     ] Application time: 1.0016123 seconds
[2023-10-17T14:37:58.296+0000][2211.384s][info ][safepoint     ] Entering safepoint region: Cleanup
[2023-10-17T14:37:58.297+0000][2211.385s][info ][safepoint     ] Leaving safepoint region
[2023-10-17T14:37:58.299+0000][2211.386s][info ][safepoint     ] Total time for which application threads were stopped: 0.0027601 seconds, Stopping threads took: 0.0009676 seconds
[2023-10-17T14:37:59.300+0000][2212.387s][debug][safepoint     ] Safepoint synchronization initiated. (184 threads)
[2023-10-17T14:37:59.301+0000][2212.388s][info ][safepoint     ] Application time: 1.0009733 seconds
[2023-10-17T14:37:59.301+0000][2212.389s][info ][safepoint     ] Entering safepoint region: Cleanup
[2023-10-17T14:37:59.302+0000][2212.390s][info ][safepoint     ] Leaving safepoint region
[2023-10-17T14:37:59.303+0000][2212.391s][info ][safepoint     ] Total time for which application threads were stopped: 0.0018075 seconds, Stopping threads took: 0.0008152 seconds
[2023-10-17T14:38:00.304+0000][2213.392s][debug][safepoint     ] Safepoint synchronization initiated. (184 threads)
[2023-10-17T14:38:00.305+0000][2213.393s][info ][safepoint     ] Application time: 1.0013875 seconds
[2023-10-17T14:38:00.306+0000][2213.394s][info ][safepoint     ] Entering safepoint region: Cleanup
[2023-10-17T14:38:00.308+0000][2213.395s][info ][safepoint     ] Leaving safepoint region
[2023-10-17T14:38:00.309+0000][2213.396s][info ][safepoint     ] Total time for which application threads were stopped: 0.0026998 seconds, Stopping threads took: 0.0010991 seconds
[2023-10-17T14:38:01.310+0000][2214.398s][debug][safepoint     ] Safepoint synchronization initiated. (184 threads)
[2023-10-17T14:38:01.311+0000][2214.399s][info ][safepoint     ] Application time: 1.0012466 seconds
[2023-10-17T14:38:01.312+0000][2214.400s][info ][safepoint     ] Entering safepoint region: Cleanup
[2023-10-17T14:38:01.313+0000][2214.401s][info ][safepoint     ] Leaving safepoint region
[2023-10-17T14:38:01.314+0000][2214.401s][info ][safepoint     ] Total time for which application threads were stopped: 0.0016981 seconds, Stopping threads took: 0.0007158 seconds
[2023-10-17T14:38:02.314+0000][2215.402s][debug][safepoint     ] Safepoint synchronization initiated. (184 threads)
[2023-10-17T14:38:02.315+0000][2215.403s][info ][safepoint     ] Application time: 1.0009129 seconds
[2023-10-17T14:38:02.316+0000][2215.404s][info ][safepoint     ] Entering safepoint region: Cleanup
[2023-10-17T14:38:02.317+0000][2215.405s][info ][safepoint     ] Leaving safepoint region
[2023-10-17T14:38:02.318+0000][2215.405s][info ][safepoint     ] Total time for which application threads were stopped: 0.0019407 seconds, Stopping threads took: 0.0008535 seconds
[2023-10-17T14:38:03.319+0000][2216.406s][debug][safepoint     ] Safepoint synchronization initiated. (184 threads)
[2023-10-17T14:38:03.320+0000][2216.407s][info ][safepoint     ] Application time: 1.0011486 seconds
[2023-10-17T14:38:03.320+0000][2216.408s][info ][safepoint     ] Entering safepoint region: Cleanup
[2023-10-17T14:38:03.322+0000][2216.409s][info ][safepoint     ] Leaving safepoint region
[2023-10-17T14:38:03.322+0000][2216.410s][info ][safepoint     ] Total time for which application threads were stopped: 0.0019490 seconds, Stopping threads took: 0.0009423 seconds
[2023-10-17T14:38:04.323+0000][2217.411s][debug][safepoint     ] Safepoint synchronization initiated. (184 threads)
[2023-10-17T14:38:04.324+0000][2217.412s][info ][safepoint     ] Application time: 1.0010754 seconds
[2023-10-17T14:38:04.325+0000][2217.413s][info ][safepoint     ] Entering safepoint region: Cleanup
[2023-10-17T14:38:04.326+0000][2217.414s][info ][safepoint     ] Leaving safepoint region
[2023-10-17T14:38:04.327+0000][2217.414s][info ][safepoint     ] Total time for which application threads were stopped: 0.0017482 seconds, Stopping threads took: 0.0007391 seconds
[2023-10-17T14:38:05.328+0000][2218.415s][debug][safepoint     ] Safepoint synchronization initiated. (184 threads)
[2023-10-17T14:38:05.329+0000][2218.416s][info ][safepoint     ] Application time: 1.0014316 seconds
[2023-10-17T14:38:05.330+0000][2218.417s][info ][safepoint     ] Entering safepoint region: Cleanup
[2023-10-17T14:38:05.331+0000][2218.418s][info ][safepoint     ] Leaving safepoint region
[2023-10-17T14:38:05.331+0000][2218.419s][info ][safepoint     ] Total time for which application threads were stopped: 0.0019041 seconds, Stopping threads took: 0.0008375 seconds
[2023-10-17T14:38:06.333+0000][2219.420s][debug][safepoint     ] Safepoint synchronization initiated. (184 threads)
[2023-10-17T14:38:06.334+0000][2219.421s][info ][safepoint     ] Application time: 1.0014062 seconds
[2023-10-17T14:38:06.335+0000][2219.422s][info ][safepoint     ] Entering safepoint region: Cleanup
[2023-10-17T14:38:06.336+0000][2219.423s][info ][safepoint     ] Leaving safepoint region
[2023-10-17T14:38:06.337+0000][2219.424s][info ][safepoint     ] Total time for which application threads were stopped: 0.0021141 seconds, Stopping threads took: 0.0008385 seconds
[2023-10-17T14:38:07.337+0000][2220.425s][debug][safepoint     ] Safepoint synchronization initiated. (184 threads)
[2023-10-17T14:38:07.338+0000][2220.426s][info ][safepoint     ] Application time: 1.0012081 seconds
[2023-10-17T14:38:07.339+0000][2220.427s][info ][safepoint     ] Entering safepoint region: Cleanup
[2023-10-17T14:38:07.341+0000][2220.428s][info ][safepoint     ] Leaving safepoint region
[2023-10-17T14:38:07.342+0000][2220.429s][info ][safepoint     ] Total time for which application threads were stopped: 0.0024273 seconds, Stopping threads took: 0.0009506 seconds
[2023-10-17T14:38:08.343+0000][2221.430s][debug][safepoint     ] Safepoint synchronization initiated. (184 threads)
[2023-10-17T14:38:08.344+0000][2221.432s][info ][safepoint     ] Application time: 1.0015365 seconds
[2023-10-17T14:38:08.345+0000][2221.433s][info ][safepoint     ] Entering safepoint region: Cleanup
[2023-10-17T14:38:08.347+0000][2221.434s][info ][safepoint     ] Leaving safepoint region
[2023-10-17T14:38:08.348+0000][2221.435s][info ][safepoint     ] Total time for which application threads were stopped: 0.0025706 seconds, Stopping threads took: 0.0011747 seconds
[2023-10-17T14:38:09.349+0000][2222.437s][debug][safepoint     ] Safepoint synchronization initiated. (184 threads)
[2023-10-17T14:38:09.350+0000][2222.438s][info ][safepoint     ] Application time: 1.0014562 seconds
[2023-10-17T14:38:09.351+0000][2222.438s][info ][safepoint     ] Entering safepoint region: Cleanup
[2023-10-17T14:38:09.352+0000][2222.440s][info ][safepoint     ] Leaving safepoint region
[2023-10-17T14:38:09.353+0000][2222.440s][info ][safepoint     ] Total time for which application threads were stopped: 0.0020712 seconds, Stopping threads took: 0.0008713 seconds
[2023-10-17T14:38:10.354+0000][2223.442s][debug][safepoint     ] Safepoint synchronization initiated. (184 threads)
[2023-10-17T14:38:10.355+0000][2223.442s][info ][safepoint     ] Application time: 1.0009432 seconds
[2023-10-17T14:38:10.355+0000][2223.443s][info ][safepoint     ] Entering safepoint region: Cleanup
[2023-10-17T14:38:10.357+0000][2223.444s][info ][safepoint     ] Leaving safepoint region
[2023-10-17T14:38:10.357+0000][2223.445s][info ][safepoint     ] Total time for which application threads were stopped: 0.0017202 seconds, Stopping threads took: 0.0008664 seconds
[2023-10-17T14:38:11.358+0000][2224.446s][debug][safepoint     ] Safepoint synchronization initiated. (184 threads)
[2023-10-17T14:38:11.359+0000][2224.447s][info ][safepoint     ] Application time: 1.0014698 seconds
[2023-10-17T14:38:11.360+0000][2224.448s][info ][safepoint     ] Entering safepoint region: Cleanup
[2023-10-17T14:38:11.361+0000][2224.448s][info ][safepoint     ] Leaving safepoint region
[2023-10-17T14:38:11.361+0000][2224.449s][info ][safepoint     ] Total time for which application threads were stopped: 0.0015262 seconds, Stopping threads took: 0.0005045 seconds
[2023-10-17T14:38:12.363+0000][2225.451s][debug][safepoint     ] Safepoint synchronization initiated. (184 threads)
[2023-10-17T14:38:12.364+0000][2225.452s][info ][safepoint     ] Application time: 1.0011856 seconds
[2023-10-17T14:38:12.365+0000][2225.453s][info ][safepoint     ] Entering safepoint region: Cleanup
[2023-10-17T14:38:12.366+0000][2225.454s][info ][safepoint     ] Leaving safepoint region
[2023-10-17T14:38:12.367+0000][2225.455s][info ][safepoint     ] Total time for which application threads were stopped: 0.0025453 seconds, Stopping threads took: 0.0009101 seconds
[2023-10-17T14:38:13.369+0000][2226.456s][debug][safepoint     ] Safepoint synchronization initiated. (184 threads)
[2023-10-17T14:38:13.370+0000][2226.457s][info ][safepoint     ] Application time: 1.0012797 seconds
[2023-10-17T14:38:13.371+0000][2226.458s][info ][safepoint     ] Entering safepoint region: Cleanup
[2023-10-17T14:38:13.372+0000][2226.459s][info ][safepoint     ] Leaving safepoint region
[2023-10-17T14:38:13.372+0000][2226.460s][info ][safepoint     ] Total time for which application threads were stopped: 0.0018915 seconds, Stopping threads took: 0.0007475 seconds
[2023-10-17T14:38:14.373+0000][2227.461s][debug][safepoint     ] Safepoint synchronization initiated. (184 threads)
[2023-10-17T14:38:14.374+0000][2227.462s][info ][safepoint     ] Application time: 1.0009353 seconds
[2023-10-17T14:38:14.375+0000][2227.463s][info ][safepoint     ] Entering safepoint region: Cleanup
[2023-10-17T14:38:14.376+0000][2227.464s][info ][safepoint     ] Leaving safepoint region
[2023-10-17T14:38:14.377+0000][2227.464s][info ][safepoint     ] Total time for which application threads were stopped: 0.0019249 seconds, Stopping threads took: 0.0008676 seconds
[2023-10-17T14:38:15.378+0000][2228.466s][debug][safepoint     ] Safepoint synchronization initiated. (184 threads)
[2023-10-17T14:38:15.379+0000][2228.466s][info ][safepoint     ] Application time: 1.0011689 seconds
[2023-10-17T14:38:15.379+0000][2228.467s][info ][safepoint     ] Entering safepoint region: Cleanup
[2023-10-17T14:38:15.380+0000][2228.468s][info ][safepoint     ] Leaving safepoint region
[2023-10-17T14:38:15.381+0000][2228.468s][info ][safepoint     ] Total time for which application threads were stopped: 0.0014529 seconds, Stopping threads took: 0.0006444 seconds
[2023-10-17T14:38:16.382+0000][2229.469s][debug][safepoint     ] Safepoint synchronization initiated. (184 threads)
[2023-10-17T14:38:16.383+0000][2229.470s][info ][safepoint     ] Application time: 1.0012414 seconds
[2023-10-17T14:38:16.383+0000][2229.471s][info ][safepoint     ] Entering safepoint region: Cleanup
[2023-10-17T14:38:16.384+0000][2229.472s][info ][safepoint     ] Leaving safepoint region
[2023-10-17T14:38:16.385+0000][2229.472s][info ][safepoint     ] Total time for which application threads were stopped: 0.0015193 seconds, Stopping threads took: 0.0006758 seconds
[2023-10-17T14:38:17.386+0000][2230.474s][debug][safepoint     ] Safepoint synchronization initiated. (184 threads)
[2023-10-17T14:38:17.388+0000][2230.475s][info ][safepoint     ] Application time: 1.0021936 seconds
[2023-10-17T14:38:17.389+0000][2230.476s][info ][safepoint     ] Entering safepoint region: Cleanup
[2023-10-17T14:38:17.390+0000][2230.478s][info ][safepoint     ] Leaving safepoint region
[2023-10-17T14:38:17.391+0000][2230.478s][info ][safepoint     ] Total time for which application threads were stopped: 0.0022196 seconds, Stopping threads took: 0.0010618 seconds
[2023-10-17T14:38:18.392+0000][2231.479s][debug][safepoint     ] Safepoint synchronization initiated. (184 threads)
[2023-10-17T14:38:18.393+0000][2231.480s][info ][safepoint     ] Application time: 1.0011747 seconds
[2023-10-17T14:38:18.394+0000][2231.481s][info ][safepoint     ] Entering safepoint region: Cleanup
[2023-10-17T14:38:18.395+0000][2231.482s][info ][safepoint     ] Leaving safepoint region
[2023-10-17T14:38:18.396+0000][2231.483s][info ][safepoint     ] Total time for which application threads were stopped: 0.0021229 seconds, Stopping threads took: 0.0008603 seconds
[2023-10-17T14:38:19.397+0000][2232.484s][debug][safepoint     ] Safepoint synchronization initiated. (184 threads)
[2023-10-17T14:38:19.398+0000][2232.485s][info ][safepoint     ] Application time: 1.0007839 seconds
[2023-10-17T14:38:19.398+0000][2232.485s][debug][safepoint     ] ... found polling page return exception at pc = 0x00007fc1a56bbc73, stub =0x00007fc19c840600
[2023-10-17T14:38:19.398+0000][2232.486s][debug][safepoint     ] ... found polling page return exception at pc = 0x00007fc1a56bbc73, stub =0x00007fc19c840600
[2023-10-17T14:38:19.400+0000][2232.487s][debug][safepoint     ] Waiting for 2 thread(s) to block
[2023-10-17T14:38:19.401+0000][2232.488s][info ][safepoint     ] Entering safepoint region: Cleanup
[2023-10-17T14:38:19.401+0000][2232.489s][info ][safepoint     ] Leaving safepoint region
[2023-10-17T14:38:19.402+0000][2232.489s][info ][safepoint     ] Total time for which application threads were stopped: 0.0038862 seconds, Stopping threads took: 0.0028354 seconds
[2023-10-17T14:38:20.403+0000][2233.490s][debug][safepoint     ] Safepoint synchronization initiated. (184 threads)
[2023-10-17T14:38:20.405+0000][2233.492s][info ][safepoint     ] Application time: 1.0016785 seconds
[2023-10-17T14:38:20.405+0000][2233.493s][info ][safepoint     ] Entering safepoint region: Cleanup
[2023-10-17T14:38:20.406+0000][2233.494s][info ][safepoint     ] Leaving safepoint region
[2023-10-17T14:38:20.407+0000][2233.494s][info ][safepoint     ] Total time for which application threads were stopped: 0.0016891 seconds, Stopping threads took: 0.0007489 seconds
[2023-10-17T14:38:21.408+0000][2234.495s][debug][safepoint     ] Safepoint synchronization initiated. (184 threads)
[2023-10-17T14:38:21.409+0000][2234.496s][info ][safepoint     ] Application time: 1.0013561 seconds
[2023-10-17T14:38:21.410+0000][2234.497s][info ][safepoint     ] Entering safepoint region: Cleanup
[2023-10-17T14:38:21.411+0000][2234.498s][info ][safepoint     ] Leaving safepoint region
[2023-10-17T14:38:21.412+0000][2234.499s][info ][safepoint     ] Total time for which application threads were stopped: 0.0017566 seconds, Stopping threads took: 0.0007069 seconds
[2023-10-17T14:38:22.413+0000][2235.500s][debug][safepoint     ] Safepoint synchronization initiated. (184 threads)
[2023-10-17T14:38:22.414+0000][2235.501s][info ][safepoint     ] Application time: 1.0009766 seconds
[2023-10-17T14:38:22.414+0000][2235.502s][info ][safepoint     ] Entering safepoint region: Cleanup
[2023-10-17T14:38:22.415+0000][2235.502s][info ][safepoint     ] Leaving safepoint region
[2023-10-17T14:38:22.416+0000][2235.503s][info ][safepoint     ] Total time for which application threads were stopped: 0.0015259 seconds, Stopping threads took: 0.0006357 seconds
[2023-10-17T14:38:23.417+0000][2236.504s][debug][safepoint     ] Safepoint synchronization initiated. (184 threads)
[2023-10-17T14:38:23.418+0000][2236.505s][info ][safepoint     ] Application time: 1.0010844 seconds
[2023-10-17T14:38:23.418+0000][2236.505s][info ][safepoint     ] Entering safepoint region: Cleanup
[2023-10-17T14:38:23.419+0000][2236.506s][info ][safepoint     ] Leaving safepoint region
[2023-10-17T14:38:23.420+0000][2236.507s][info ][safepoint     ] Total time for which application threads were stopped: 0.0015809 seconds, Stopping threads took: 0.0006729 seconds
[2023-10-17T14:38:24.421+0000][2237.508s][debug][safepoint     ] Safepoint synchronization initiated. (184 threads)
[2023-10-17T14:38:24.422+0000][2237.509s][info ][safepoint     ] Application time: 1.0010717 seconds
[2023-10-17T14:38:24.422+0000][2237.509s][info ][safepoint     ] Entering safepoint region: Cleanup
[2023-10-17T14:38:24.423+0000][2237.510s][info ][safepoint     ] Leaving safepoint region
[2023-10-17T14:38:24.424+0000][2237.511s][info ][safepoint     ] Total time for which application threads were stopped: 0.0015226 seconds, Stopping threads took: 0.0006720 seconds
[2023-10-17T14:38:25.425+0000][2238.512s][debug][safepoint     ] Safepoint synchronization initiated. (184 threads)
[2023-10-17T14:38:25.425+0000][2238.513s][info ][safepoint     ] Application time: 1.0010927 seconds
[2023-10-17T14:38:25.426+0000][2238.513s][info ][safepoint     ] Entering safepoint region: Cleanup
[2023-10-17T14:38:25.427+0000][2238.515s][info ][safepoint     ] Leaving safepoint region
[2023-10-17T14:38:25.428+0000][2238.515s][info ][safepoint     ] Total time for which application threads were stopped: 0.0019947 seconds, Stopping threads took: 0.0008271 seconds
[2023-10-17T14:38:26.430+0000][2239.517s][debug][safepoint     ] Safepoint synchronization initiated. (184 threads)
[2023-10-17T14:38:26.430+0000][2239.518s][info ][safepoint     ] Application time: 1.0011891 seconds
[2023-10-17T14:38:26.431+0000][2239.518s][info ][safepoint     ] Entering safepoint region: Cleanup
[2023-10-17T14:38:26.433+0000][2239.520s][info ][safepoint     ] Leaving safepoint region
[2023-10-17T14:38:26.433+0000][2239.521s][info ][safepoint     ] Total time for which application threads were stopped: 0.0025470 seconds, Stopping threads took: 0.0006503 seconds
[2023-10-17T14:38:27.435+0000][2240.522s][debug][safepoint     ] Safepoint synchronization initiated. (184 threads)
[2023-10-17T14:38:27.436+0000][2240.523s][info ][safepoint     ] Application time: 1.0021332 seconds
[2023-10-17T14:38:27.437+0000][2240.524s][info ][safepoint     ] Entering safepoint region: Cleanup
[2023-10-17T14:38:27.438+0000][2240.525s][info ][safepoint     ] Leaving safepoint region
[2023-10-17T14:38:27.439+0000][2240.526s][info ][safepoint     ] Total time for which application threads were stopped: 0.0016255 seconds, Stopping threads took: 0.0005825 seconds
[2023-10-17T14:38:28.440+0000][2241.527s][debug][safepoint     ] Safepoint synchronization initiated. (184 threads)
[2023-10-17T14:38:28.441+0000][2241.528s][info ][safepoint     ] Application time: 1.0014515 seconds
[2023-10-17T14:38:28.442+0000][2241.529s][info ][safepoint     ] Entering safepoint region: Cleanup
[2023-10-17T14:38:28.443+0000][2241.531s][info ][safepoint     ] Leaving safepoint region
[2023-10-17T14:38:28.444+0000][2241.531s][info ][safepoint     ] Total time for which application threads were stopped: 0.0025074 seconds, Stopping threads took: 0.0013246 seconds
[2023-10-17T14:38:29.445+0000][2242.533s][debug][safepoint     ] Safepoint synchronization initiated. (183 threads)
[2023-10-17T14:38:29.447+0000][2242.534s][info ][safepoint     ] Application time: 1.0016862 seconds
[2023-10-17T14:38:29.448+0000][2242.535s][info ][safepoint     ] Entering safepoint region: Cleanup
[2023-10-17T14:38:29.450+0000][2242.537s][info ][safepoint     ] Leaving safepoint region
[2023-10-17T14:38:29.451+0000][2242.538s][info ][safepoint     ] Total time for which application threads were stopped: 0.0026393 seconds, Stopping threads took: 0.0011499 seconds
[2023-10-17T14:38:30.452+0000][2243.539s][debug][safepoint     ] Safepoint synchronization initiated. (183 threads)
[2023-10-17T14:38:30.454+0000][2243.541s][info ][safepoint     ] Application time: 1.0014618 seconds
[2023-10-17T14:38:30.455+0000][2243.542s][info ][safepoint     ] Entering safepoint region: Cleanup
[2023-10-17T14:38:30.456+0000][2243.543s][info ][safepoint     ] Leaving safepoint region
[2023-10-17T14:38:30.457+0000][2243.544s][info ][safepoint     ] Total time for which application threads were stopped: 0.0019983 seconds, Stopping threads took: 0.0008364 seconds
[2023-10-17T14:38:31.458+0000][2244.545s][debug][safepoint     ] Safepoint synchronization initiated. (183 threads)
[2023-10-17T14:38:31.460+0000][2244.547s][info ][safepoint     ] Application time: 1.0023540 seconds
[2023-10-17T14:38:31.461+0000][2244.549s][info ][safepoint     ] Entering safepoint region: Cleanup
[2023-10-17T14:38:31.462+0000][2244.550s][info ][safepoint     ] Leaving safepoint region
[2023-10-17T14:38:31.463+0000][2244.550s][info ][safepoint     ] Total time for which application threads were stopped: 0.0017577 seconds, Stopping threads took: 0.0007675 seconds
[2023-10-17T14:38:32.464+0000][2245.551s][debug][safepoint     ] Safepoint synchronization initiated. (183 threads)
[2023-10-17T14:38:32.465+0000][2245.552s][info ][safepoint     ] Application time: 1.0015495 seconds
[2023-10-17T14:38:32.466+0000][2245.553s][info ][safepoint     ] Entering safepoint region: Cleanup
[2023-10-17T14:38:32.468+0000][2245.555s][info ][safepoint     ] Leaving safepoint region
[2023-10-17T14:38:32.469+0000][2245.556s][info ][safepoint     ] Total time for which application threads were stopped: 0.0032436 seconds, Stopping threads took: 0.0013412 seconds
[2023-10-17T14:38:33.471+0000][2246.558s][debug][safepoint     ] Safepoint synchronization initiated. (183 threads)
[2023-10-17T14:38:33.473+0000][2246.560s][info ][safepoint     ] Application time: 1.0023186 seconds
[2023-10-17T14:38:33.473+0000][2246.560s][info ][safepoint     ] Entering safepoint region: Cleanup
[2023-10-17T14:38:33.474+0000][2246.561s][info ][safepoint     ] Leaving safepoint region
[2023-10-17T14:38:33.475+0000][2246.562s][info ][safepoint     ] Total time for which application threads were stopped: 0.0014809 seconds, Stopping threads took: 0.0005651 seconds
[2023-10-17T14:38:34.476+0000][2247.563s][debug][safepoint     ] Safepoint synchronization initiated. (183 threads)
[2023-10-17T14:38:34.477+0000][2247.564s][info ][safepoint     ] Application time: 1.0011720 seconds
[2023-10-17T14:38:34.477+0000][2247.565s][info ][safepoint     ] Entering safepoint region: Cleanup
[2023-10-17T14:38:34.478+0000][2247.566s][info ][safepoint     ] Leaving safepoint region
[2023-10-17T14:38:34.479+0000][2247.566s][info ][safepoint     ] Total time for which application threads were stopped: 0.0016638 seconds, Stopping threads took: 0.0007486 seconds
[2023-10-17T14:38:35.480+0000][2248.567s][debug][safepoint     ] Safepoint synchronization initiated. (183 threads)
[2023-10-17T14:38:35.481+0000][2248.568s][info ][safepoint     ] Application time: 1.0015603 seconds
[2023-10-17T14:38:35.482+0000][2248.569s][info ][safepoint     ] Entering safepoint region: Cleanup
[2023-10-17T14:38:35.484+0000][2248.571s][info ][safepoint     ] Leaving safepoint region
[2023-10-17T14:38:35.485+0000][2248.572s][info ][safepoint     ] Total time for which application threads were stopped: 0.0025185 seconds, Stopping threads took: 0.0010704 seconds
[2023-10-17T14:38:36.486+0000][2249.573s][debug][safepoint     ] Safepoint synchronization initiated. (183 threads)
[2023-10-17T14:38:36.487+0000][2249.574s][info ][safepoint     ] Application time: 1.0010489 seconds
[2023-10-17T14:38:36.488+0000][2249.575s][info ][safepoint     ] Entering safepoint region: Cleanup
[2023-10-17T14:38:36.489+0000][2249.576s][info ][safepoint     ] Leaving safepoint region
[2023-10-17T14:38:36.489+0000][2249.576s][info ][safepoint     ] Total time for which application threads were stopped: 0.0018911 seconds, Stopping threads took: 0.0007708 seconds
[2023-10-17T14:38:37.491+0000][2250.578s][debug][safepoint     ] Safepoint synchronization initiated. (183 threads)
[2023-10-17T14:38:37.492+0000][2250.579s][info ][safepoint     ] Application time: 1.0014367 seconds
[2023-10-17T14:38:37.493+0000][2250.580s][info ][safepoint     ] Entering safepoint region: Cleanup
[2023-10-17T14:38:37.494+0000][2250.582s][info ][safepoint     ] Leaving safepoint region
[2023-10-17T14:38:37.495+0000][2250.582s][info ][safepoint     ] Total time for which application threads were stopped: 0.0020559 seconds, Stopping threads took: 0.0008195 seconds
[2023-10-17T14:38:38.497+0000][2251.584s][debug][safepoint     ] Safepoint synchronization initiated. (183 threads)
[2023-10-17T14:38:38.498+0000][2251.586s][info ][safepoint     ] Application time: 1.0019845 seconds
[2023-10-17T14:38:38.499+0000][2251.586s][info ][safepoint     ] Entering safepoint region: Cleanup
[2023-10-17T14:38:38.500+0000][2251.587s][info ][safepoint     ] Leaving safepoint region
[2023-10-17T14:38:38.501+0000][2251.588s][info ][safepoint     ] Total time for which application threads were stopped: 0.0017125 seconds, Stopping threads took: 0.0007191 seconds
[2023-10-17T14:38:39.502+0000][2252.589s][debug][safepoint     ] Safepoint synchronization initiated. (183 threads)
[2023-10-17T14:38:39.504+0000][2252.591s][info ][safepoint     ] Application time: 1.0021326 seconds
[2023-10-17T14:38:39.504+0000][2252.592s][info ][safepoint     ] Entering safepoint region: Cleanup
[2023-10-17T14:38:39.505+0000][2252.593s][info ][safepoint     ] Leaving safepoint region
[2023-10-17T14:38:39.506+0000][2252.593s][info ][safepoint     ] Total time for which application threads were stopped: 0.0017805 seconds, Stopping threads took: 0.0006511 seconds
[2023-10-17T14:38:40.507+0000][2253.594s][debug][safepoint     ] Safepoint synchronization initiated. (183 threads)
[2023-10-17T14:38:40.508+0000][2253.595s][info ][safepoint     ] Application time: 1.0011209 seconds
[2023-10-17T14:38:40.509+0000][2253.596s][info ][safepoint     ] Entering safepoint region: Cleanup
[2023-10-17T14:38:40.510+0000][2253.597s][info ][safepoint     ] Leaving safepoint region
[2023-10-17T14:38:40.511+0000][2253.598s][info ][safepoint     ] Total time for which application threads were stopped: 0.0023287 seconds, Stopping threads took: 0.0010213 seconds
[2023-10-17T14:38:41.512+0000][2254.599s][debug][safepoint     ] Safepoint synchronization initiated. (183 threads)
[2023-10-17T14:38:41.514+0000][2254.601s][info ][safepoint     ] Application time: 1.0017559 seconds
[2023-10-17T14:38:41.515+0000][2254.602s][info ][safepoint     ] Entering safepoint region: Cleanup
[2023-10-17T14:38:41.516+0000][2254.603s][info ][safepoint     ] Leaving safepoint region
[2023-10-17T14:38:41.517+0000][2254.604s][info ][safepoint     ] Total time for which application threads were stopped: 0.0020924 seconds, Stopping threads took: 0.0008413 seconds
[2023-10-17T14:38:42.518+0000][2255.605s][debug][safepoint     ] Safepoint synchronization initiated. (183 threads)
[2023-10-17T14:38:42.519+0000][2255.606s][info ][safepoint     ] Application time: 1.0014117 seconds
[2023-10-17T14:38:42.520+0000][2255.607s][info ][safepoint     ] Entering safepoint region: Cleanup
[2023-10-17T14:38:42.521+0000][2255.608s][info ][safepoint     ] Leaving safepoint region
[2023-10-17T14:38:42.523+0000][2255.610s][info ][safepoint     ] Total time for which application threads were stopped: 0.0030946 seconds, Stopping threads took: 0.0009953 seconds
[2023-10-17T14:38:43.524+0000][2256.611s][debug][safepoint     ] Safepoint synchronization initiated. (183 threads)
[2023-10-17T14:38:43.524+0000][2256.612s][info ][safepoint     ] Application time: 1.0011877 seconds
[2023-10-17T14:38:43.525+0000][2256.612s][info ][safepoint     ] Entering safepoint region: Cleanup
[2023-10-17T14:38:43.527+0000][2256.614s][info ][safepoint     ] Leaving safepoint region
[2023-10-17T14:38:43.528+0000][2256.615s][info ][safepoint     ] Total time for which application threads were stopped: 0.0027829 seconds, Stopping threads took: 0.0007171 seconds
[2023-10-17T14:38:44.529+0000][2257.616s][debug][safepoint     ] Safepoint synchronization initiated. (183 threads)
[2023-10-17T14:38:44.530+0000][2257.617s][info ][safepoint     ] Application time: 1.0015570 seconds
[2023-10-17T14:38:44.532+0000][2257.619s][info ][safepoint     ] Entering safepoint region: Cleanup
[2023-10-17T14:38:44.533+0000][2257.620s][info ][safepoint     ] Leaving safepoint region
[2023-10-17T14:38:44.534+0000][2257.621s][info ][safepoint     ] Total time for which application threads were stopped: 0.0020190 seconds, Stopping threads took: 0.0009670 seconds
[2023-10-17T14:38:45.535+0000][2258.622s][debug][safepoint     ] Safepoint synchronization initiated. (183 threads)
[2023-10-17T14:38:45.537+0000][2258.624s][info ][safepoint     ] Application time: 1.0021860 seconds
[2023-10-17T14:38:45.538+0000][2258.625s][info ][safepoint     ] Entering safepoint region: Cleanup
[2023-10-17T14:38:45.540+0000][2258.627s][info ][safepoint     ] Leaving safepoint region
[2023-10-17T14:38:45.541+0000][2258.628s][info ][safepoint     ] Total time for which application threads were stopped: 0.0029121 seconds, Stopping threads took: 0.0013268 seconds
[2023-10-17T14:38:46.542+0000][2259.629s][debug][safepoint     ] Safepoint synchronization initiated. (183 threads)
[2023-10-17T14:38:46.543+0000][2259.630s][info ][safepoint     ] Application time: 1.0011300 seconds
[2023-10-17T14:38:46.544+0000][2259.631s][info ][safepoint     ] Entering safepoint region: Cleanup
[2023-10-17T14:38:46.545+0000][2259.632s][info ][safepoint     ] Leaving safepoint region
[2023-10-17T14:38:46.546+0000][2259.633s][info ][safepoint     ] Total time for which application threads were stopped: 0.0019340 seconds, Stopping threads took: 0.0007320 seconds
[2023-10-17T14:38:47.547+0000][2260.634s][debug][safepoint     ] Safepoint synchronization initiated. (183 threads)
[2023-10-17T14:38:47.548+0000][2260.635s][info ][safepoint     ] Application time: 1.0010922 seconds
[2023-10-17T14:38:47.548+0000][2260.635s][info ][safepoint     ] Entering safepoint region: Cleanup
[2023-10-17T14:38:47.549+0000][2260.637s][info ][safepoint     ] Leaving safepoint region
[2023-10-17T14:38:47.550+0000][2260.638s][info ][safepoint     ] Total time for which application threads were stopped: 0.0022908 seconds, Stopping threads took: 0.0007019 seconds
[2023-10-17T14:38:48.552+0000][2261.639s][debug][safepoint     ] Safepoint synchronization initiated. (183 threads)
[2023-10-17T14:38:48.553+0000][2261.640s][info ][safepoint     ] Application time: 1.0013722 seconds
[2023-10-17T14:38:48.553+0000][2261.641s][info ][safepoint     ] Entering safepoint region: Cleanup
[2023-10-17T14:38:48.555+0000][2261.642s][info ][safepoint     ] Leaving safepoint region
[2023-10-17T14:38:48.556+0000][2261.643s][info ][safepoint     ] Total time for which application threads were stopped: 0.0022851 seconds, Stopping threads took: 0.0009069 seconds
[2023-10-17T14:38:49.557+0000][2262.644s][debug][safepoint     ] Safepoint synchronization initiated. (183 threads)
[2023-10-17T14:38:49.558+0000][2262.644s][info ][safepoint     ] Application time: 1.0007305 seconds
[2023-10-17T14:38:49.561+0000][2262.648s][info ][safepoint     ] Entering safepoint region: Cleanup
[2023-10-17T14:38:49.563+0000][2262.650s][info ][safepoint     ] Leaving safepoint region
[2023-10-17T14:38:49.566+0000][2262.653s][info ][safepoint     ] Total time for which application threads were stopped: 0.0056305 seconds, Stopping threads took: 0.0023442 seconds
[2023-10-17T14:38:50.569+0000][2263.656s][debug][safepoint     ] Safepoint synchronization initiated. (183 threads)
[2023-10-17T14:38:50.571+0000][2263.657s][info ][safepoint     ] Application time: 1.0015999 seconds
[2023-10-17T14:38:50.572+0000][2263.658s][info ][safepoint     ] Entering safepoint region: Cleanup
[2023-10-17T14:38:50.573+0000][2263.659s][info ][safepoint     ] Leaving safepoint region
[2023-10-17T14:38:50.573+0000][2263.660s][info ][safepoint     ] Total time for which application threads were stopped: 0.0017371 seconds, Stopping threads took: 0.0007222 seconds
[2023-10-17T14:38:51.574+0000][2264.661s][debug][safepoint     ] Safepoint synchronization initiated. (183 threads)
[2023-10-17T14:38:51.575+0000][2264.662s][info ][safepoint     ] Application time: 1.0010840 seconds
[2023-10-17T14:38:51.577+0000][2264.664s][info ][safepoint     ] Entering safepoint region: Cleanup
[2023-10-17T14:38:51.579+0000][2264.665s][info ][safepoint     ] Leaving safepoint region
[2023-10-17T14:38:51.580+0000][2264.666s][info ][safepoint     ] Total time for which application threads were stopped: 0.0027063 seconds, Stopping threads took: 0.0013328 seconds
[2023-10-17T14:38:51.789+0000][2264.876s][debug][safepoint     ] Safepoint synchronization initiated. (183 threads)
[2023-10-17T14:38:51.791+0000][2264.878s][info ][safepoint     ] Application time: 0.2109458 seconds
[2023-10-17T14:38:51.792+0000][2264.879s][info ][safepoint     ] Entering safepoint region: G1CollectForAllocation
[2023-10-17T14:38:51.794+0000][2264.881s][info ][gc,start      ] GC(78) Pause Young (Normal) (G1 Evacuation Pause)
[2023-10-17T14:38:51.795+0000][2264.882s][info ][gc,task       ] GC(78) Using 8 workers of 8 for evacuation
[2023-10-17T14:38:51.818+0000][2264.905s][info ][gc,phases     ] GC(78)   Pre Evacuate Collection Set: 0.0ms
[2023-10-17T14:38:51.819+0000][2264.906s][info ][gc,phases     ] GC(78)   Evacuate Collection Set: 18.4ms
[2023-10-17T14:38:51.819+0000][2264.906s][info ][gc,phases     ] GC(78)   Post Evacuate Collection Set: 4.2ms
[2023-10-17T14:38:51.820+0000][2264.906s][info ][gc,phases     ] GC(78)   Other: 1.6ms
[2023-10-17T14:38:51.820+0000][2264.907s][info ][gc,heap       ] GC(78) Eden regions: 186->0(187)
[2023-10-17T14:38:51.820+0000][2264.907s][info ][gc,heap       ] GC(78) Survivor regions: 13->11(25)
[2023-10-17T14:38:51.821+0000][2264.907s][info ][gc,heap       ] GC(78) Old regions: 161->164
[2023-10-17T14:38:51.821+0000][2264.908s][info ][gc,heap       ] GC(78) Humongous regions: 0->0
[2023-10-17T14:38:51.823+0000][2264.910s][info ][gc,metaspace  ] GC(78) Metaspace: 179502K(194036K)->179502K(194036K) NonClass: 158915K(170484K)->158915K(170484K) Class: 20586K(23552K)->20586K(23552K)
[2023-10-17T14:38:51.824+0000][2264.911s][info ][gc            ] GC(78) Pause Young (Normal) (G1 Evacuation Pause) 358M->173M(415M) 29.973ms
[2023-10-17T14:38:51.825+0000][2264.912s][info ][gc,cpu        ] GC(78) User=0.16s Sys=0.00s Real=0.03s
[2023-10-17T14:38:51.826+0000][2264.913s][info ][safepoint     ] Leaving safepoint region
[2023-10-17T14:38:51.827+0000][2264.914s][info ][safepoint     ] Total time for which application threads were stopped: 0.0349097 seconds, Stopping threads took: 0.0011594 seconds
[2023-10-17T14:38:51.827+0000][2264.914s][info ][gc,stringdedup] Concurrent String Deduplication (2264.914s)
[2023-10-17T14:38:51.828+0000][2264.915s][info ][gc,stringdedup] Concurrent String Deduplication 32912.0B->360.0B(32552.0B) avg 53.3% (2264.914s, 2264.915s) 0.813ms
[2023-10-17T14:38:52.828+0000][2265.914s][debug][safepoint     ] Safepoint synchronization initiated. (183 threads)
[2023-10-17T14:38:52.829+0000][2265.916s][info ][safepoint     ] Application time: 1.0017945 seconds
[2023-10-17T14:38:52.830+0000][2265.917s][info ][safepoint     ] Entering safepoint region: Cleanup
[2023-10-17T14:38:52.832+0000][2265.918s][info ][safepoint     ] Leaving safepoint region
[2023-10-17T14:38:52.834+0000][2265.920s][info ][safepoint     ] Total time for which application threads were stopped: 0.0036361 seconds, Stopping threads took: 0.0013383 seconds
[2023-10-17T14:38:53.835+0000][2266.921s][debug][safepoint     ] Safepoint synchronization initiated. (183 threads)
[2023-10-17T14:38:53.835+0000][2266.922s][info ][safepoint     ] Application time: 1.0007624 seconds
[2023-10-17T14:38:53.836+0000][2266.922s][info ][safepoint     ] Entering safepoint region: Cleanup
[2023-10-17T14:38:53.836+0000][2266.923s][info ][safepoint     ] Leaving safepoint region
[2023-10-17T14:38:53.837+0000][2266.924s][info ][safepoint     ] Total time for which application threads were stopped: 0.0013321 seconds, Stopping threads took: 0.0005728 seconds
[2023-10-17T14:38:54.837+0000][2267.924s][debug][safepoint     ] Safepoint synchronization initiated. (183 threads)
[2023-10-17T14:38:54.838+0000][2267.925s][info ][safepoint     ] Application time: 1.0010593 seconds
[2023-10-17T14:38:54.839+0000][2267.926s][info ][safepoint     ] Entering safepoint region: Cleanup
[2023-10-17T14:38:54.841+0000][2267.927s][info ][safepoint     ] Leaving safepoint region
[2023-10-17T14:38:54.842+0000][2267.929s][info ][safepoint     ] Total time for which application threads were stopped: 0.0025967 seconds, Stopping threads took: 0.0010024 seconds
[2023-10-17T14:38:55.843+0000][2268.930s][debug][safepoint     ] Safepoint synchronization initiated. (182 threads)
[2023-10-17T14:38:55.845+0000][2268.932s][info ][safepoint     ] Application time: 1.0022623 seconds
[2023-10-17T14:38:55.846+0000][2268.933s][info ][safepoint     ] Entering safepoint region: Cleanup
[2023-10-17T14:38:55.847+0000][2268.934s][info ][safepoint     ] Leaving safepoint region
[2023-10-17T14:38:55.848+0000][2268.935s][info ][safepoint     ] Total time for which application threads were stopped: 0.0020028 seconds, Stopping threads took: 0.0009562 seconds
[2023-10-17T14:38:56.849+0000][2269.936s][debug][safepoint     ] Safepoint synchronization initiated. (181 threads)
[2023-10-17T14:38:56.850+0000][2269.937s][info ][safepoint     ] Application time: 1.0014846 seconds
[2023-10-17T14:38:56.851+0000][2269.938s][info ][safepoint     ] Entering safepoint region: Cleanup
[2023-10-17T14:38:56.853+0000][2269.940s][info ][safepoint     ] Leaving safepoint region
[2023-10-17T14:38:56.854+0000][2269.941s][info ][safepoint     ] Total time for which application threads were stopped: 0.0026936 seconds, Stopping threads took: 0.0011449 seconds
[2023-10-17T14:38:57.855+0000][2270.942s][debug][safepoint     ] Safepoint synchronization initiated. (181 threads)
[2023-10-17T14:38:57.856+0000][2270.943s][info ][safepoint     ] Application time: 1.0012083 seconds
[2023-10-17T14:38:57.857+0000][2270.944s][info ][safepoint     ] Entering safepoint region: Cleanup
[2023-10-17T14:38:57.859+0000][2270.945s][info ][safepoint     ] Leaving safepoint region
[2023-10-17T14:38:57.861+0000][2270.947s][info ][safepoint     ] Total time for which application threads were stopped: 0.0035248 seconds, Stopping threads took: 0.0010016 seconds
[2023-10-17T14:38:58.862+0000][2271.949s][debug][safepoint     ] Safepoint synchronization initiated. (181 threads)
[2023-10-17T14:38:58.864+0000][2271.951s][info ][safepoint     ] Application time: 1.0021803 seconds
[2023-10-17T14:38:58.865+0000][2271.952s][info ][safepoint     ] Entering safepoint region: Cleanup
[2023-10-17T14:38:58.867+0000][2271.954s][info ][safepoint     ] Leaving safepoint region
[2023-10-17T14:38:58.868+0000][2271.955s][info ][safepoint     ] Total time for which application threads were stopped: 0.0034364 seconds, Stopping threads took: 0.0017692 seconds
[2023-10-17T14:38:59.870+0000][2272.956s][debug][safepoint     ] Safepoint synchronization initiated. (181 threads)
[2023-10-17T14:38:59.871+0000][2272.958s][info ][safepoint     ] Application time: 1.0017803 seconds
[2023-10-17T14:38:59.872+0000][2272.958s][info ][safepoint     ] Entering safepoint region: Cleanup
[2023-10-17T14:38:59.873+0000][2272.959s][info ][safepoint     ] Leaving safepoint region
[2023-10-17T14:38:59.873+0000][2272.960s][info ][safepoint     ] Total time for which application threads were stopped: 0.0017960 seconds, Stopping threads took: 0.0007915 seconds
[2023-10-17T14:39:00.874+0000][2273.961s][debug][safepoint     ] Safepoint synchronization initiated. (181 threads)
[2023-10-17T14:39:00.876+0000][2273.962s][info ][safepoint     ] Application time: 1.0015542 seconds
[2023-10-17T14:39:00.877+0000][2273.964s][info ][safepoint     ] Entering safepoint region: Cleanup
[2023-10-17T14:39:00.878+0000][2273.965s][info ][safepoint     ] Leaving safepoint region
[2023-10-17T14:39:00.879+0000][2273.966s][info ][safepoint     ] Total time for which application threads were stopped: 0.0022730 seconds, Stopping threads took: 0.0011149 seconds
[2023-10-17T14:39:01.880+0000][2274.967s][debug][safepoint     ] Safepoint synchronization initiated. (181 threads)
[2023-10-17T14:39:01.882+0000][2274.969s][info ][safepoint     ] Application time: 1.0023356 seconds
[2023-10-17T14:39:01.883+0000][2274.970s][info ][safepoint     ] Entering safepoint region: Cleanup
[2023-10-17T14:39:01.884+0000][2274.971s][info ][safepoint     ] Leaving safepoint region
[2023-10-17T14:39:01.886+0000][2274.972s][info ][safepoint     ] Total time for which application threads were stopped: 0.0027583 seconds, Stopping threads took: 0.0009187 seconds
[2023-10-17T14:39:02.887+0000][2275.973s][debug][safepoint     ] Safepoint synchronization initiated. (181 threads)
[2023-10-17T14:39:02.888+0000][2275.974s][info ][safepoint     ] Application time: 1.0009964 seconds
[2023-10-17T14:39:02.888+0000][2275.975s][info ][safepoint     ] Entering safepoint region: Cleanup
[2023-10-17T14:39:02.890+0000][2275.976s][info ][safepoint     ] Leaving safepoint region
[2023-10-17T14:39:02.890+0000][2275.977s][info ][safepoint     ] Total time for which application threads were stopped: 0.0020846 seconds, Stopping threads took: 0.0008189 seconds
[2023-10-17T14:39:03.891+0000][2276.978s][debug][safepoint     ] Safepoint synchronization initiated. (181 threads)
[2023-10-17T14:39:03.892+0000][2276.979s][info ][safepoint     ] Application time: 1.0011595 seconds
[2023-10-17T14:39:03.893+0000][2276.980s][info ][safepoint     ] Entering safepoint region: Cleanup
[2023-10-17T14:39:03.894+0000][2276.981s][info ][safepoint     ] Leaving safepoint region
[2023-10-17T14:39:03.895+0000][2276.982s][info ][safepoint     ] Total time for which application threads were stopped: 0.0018594 seconds, Stopping threads took: 0.0009901 seconds
[2023-10-17T14:39:04.896+0000][2277.983s][debug][safepoint     ] Safepoint synchronization initiated. (181 threads)
[2023-10-17T14:39:04.897+0000][2277.984s][info ][safepoint     ] Application time: 1.0012737 seconds
[2023-10-17T14:39:04.898+0000][2277.984s][info ][safepoint     ] Entering safepoint region: Cleanup
[2023-10-17T14:39:04.899+0000][2277.985s][info ][safepoint     ] Leaving safepoint region
[2023-10-17T14:39:04.900+0000][2277.986s][info ][safepoint     ] Total time for which application threads were stopped: 0.0019982 seconds, Stopping threads took: 0.0009763 seconds
[2023-10-17T14:39:05.901+0000][2278.987s][debug][safepoint     ] Safepoint synchronization initiated. (181 threads)
[2023-10-17T14:39:05.902+0000][2278.988s][info ][safepoint     ] Application time: 1.0011281 seconds
[2023-10-17T14:39:05.903+0000][2278.989s][info ][safepoint     ] Entering safepoint region: Cleanup
[2023-10-17T14:39:05.905+0000][2278.991s][info ][safepoint     ] Leaving safepoint region
[2023-10-17T14:39:05.905+0000][2278.992s][info ][safepoint     ] Total time for which application threads were stopped: 0.0028423 seconds, Stopping threads took: 0.0015578 seconds
[2023-10-17T14:39:06.907+0000][2279.993s][debug][safepoint     ] Safepoint synchronization initiated. (181 threads)
[2023-10-17T14:39:06.908+0000][2279.995s][info ][safepoint     ] Application time: 1.0016245 seconds
[2023-10-17T14:39:06.909+0000][2279.996s][info ][safepoint     ] Entering safepoint region: Cleanup
[2023-10-17T14:39:06.910+0000][2279.997s][info ][safepoint     ] Leaving safepoint region
[2023-10-17T14:39:06.911+0000][2279.997s][info ][safepoint     ] Total time for which application threads were stopped: 0.0019012 seconds, Stopping threads took: 0.0008325 seconds
[2023-10-17T14:39:07.912+0000][2280.998s][debug][safepoint     ] Safepoint synchronization initiated. (181 threads)
[2023-10-17T14:39:07.913+0000][2281.000s][info ][safepoint     ] Application time: 1.0014464 seconds
[2023-10-17T14:39:07.914+0000][2281.001s][info ][safepoint     ] Entering safepoint region: Cleanup
[2023-10-17T14:39:07.915+0000][2281.002s][info ][safepoint     ] Leaving safepoint region
[2023-10-17T14:39:07.916+0000][2281.002s][info ][safepoint     ] Total time for which application threads were stopped: 0.0017659 seconds, Stopping threads took: 0.0007822 seconds
[2023-10-17T14:39:08.917+0000][2282.004s][debug][safepoint     ] Safepoint synchronization initiated. (181 threads)
[2023-10-17T14:39:08.918+0000][2282.005s][info ][safepoint     ] Application time: 1.0012448 seconds
[2023-10-17T14:39:08.919+0000][2282.005s][info ][safepoint     ] Entering safepoint region: Cleanup
[2023-10-17T14:39:08.920+0000][2282.007s][info ][safepoint     ] Leaving safepoint region
[2023-10-17T14:39:08.921+0000][2282.007s][info ][safepoint     ] Total time for which application threads were stopped: 0.0020654 seconds, Stopping threads took: 0.0008130 seconds
[2023-10-17T14:39:08.920+0000][2282.007s][debug][safepoint     ] ... found polling page return exception at pc = 0x00007fc1a54a9604, stub =0x00007fc19c840600
[2023-10-17T14:39:08.920+0000][2282.007s][debug][safepoint     ] ... found polling page return exception at pc = 0x00007fc1a54a9604, stub =0x00007fc19c840600
[2023-10-17T14:39:08.920+0000][2282.007s][debug][safepoint     ] ... found polling page return exception at pc = 0x00007fc1a54a9604, stub =0x00007fc19c840600
[2023-10-17T14:39:08.920+0000][2282.007s][debug][safepoint     ] ... found polling page return exception at pc = 0x00007fc1a54a9604, stub =0x00007fc19c840600
[2023-10-17T14:39:08.920+0000][2282.007s][debug][safepoint     ] ... found polling page return exception at pc = 0x00007fc1a54a9604, stub =0x00007fc19c840600
[2023-10-17T14:39:08.920+0000][2282.007s][debug][safepoint     ] ... found polling page return exception at pc = 0x00007fc1a54a9604, stub =0x00007fc19c840600
[2023-10-17T14:39:09.922+0000][2283.009s][debug][safepoint     ] Safepoint synchronization initiated. (181 threads)
[2023-10-17T14:39:09.923+0000][2283.010s][info ][safepoint     ] Application time: 1.0013296 seconds
[2023-10-17T14:39:09.924+0000][2283.011s][info ][safepoint     ] Entering safepoint region: Cleanup
[2023-10-17T14:39:09.925+0000][2283.012s][info ][safepoint     ] Leaving safepoint region
[2023-10-17T14:39:09.926+0000][2283.012s][info ][safepoint     ] Total time for which application threads were stopped: 0.0015945 seconds, Stopping threads took: 0.0006196 seconds
[2023-10-17T14:39:10.927+0000][2284.013s][debug][safepoint     ] Safepoint synchronization initiated. (182 threads)
[2023-10-17T14:39:10.928+0000][2284.014s][info ][safepoint     ] Application time: 1.0013380 seconds
[2023-10-17T14:39:10.929+0000][2284.015s][info ][safepoint     ] Entering safepoint region: Cleanup
[2023-10-17T14:39:10.930+0000][2284.017s][info ][safepoint     ] Leaving safepoint region
[2023-10-17T14:39:10.931+0000][2284.018s][info ][safepoint     ] Total time for which application threads were stopped: 0.0025699 seconds, Stopping threads took: 0.0008372 seconds
[2023-10-17T14:39:11.932+0000][2285.019s][debug][safepoint     ] Safepoint synchronization initiated. (182 threads)
[2023-10-17T14:39:11.933+0000][2285.020s][info ][safepoint     ] Application time: 1.0011468 seconds
[2023-10-17T14:39:11.934+0000][2285.020s][info ][safepoint     ] Entering safepoint region: Cleanup
[2023-10-17T14:39:11.935+0000][2285.021s][info ][safepoint     ] Leaving safepoint region
[2023-10-17T14:39:11.935+0000][2285.022s][info ][safepoint     ] Total time for which application threads were stopped: 0.0015130 seconds, Stopping threads took: 0.0006716 seconds
[2023-10-17T14:39:12.936+0000][2286.023s][debug][safepoint     ] Safepoint synchronization initiated. (182 threads)
[2023-10-17T14:39:12.937+0000][2286.024s][info ][safepoint     ] Application time: 1.0014429 seconds
[2023-10-17T14:39:12.938+0000][2286.025s][info ][safepoint     ] Entering safepoint region: Cleanup
[2023-10-17T14:39:12.939+0000][2286.026s][info ][safepoint     ] Leaving safepoint region
[2023-10-17T14:39:12.940+0000][2286.027s][info ][safepoint     ] Total time for which application threads were stopped: 0.0018500 seconds, Stopping threads took: 0.0007911 seconds
[2023-10-17T14:39:13.941+0000][2287.027s][debug][safepoint     ] Safepoint synchronization initiated. (182 threads)
[2023-10-17T14:39:13.942+0000][2287.029s][info ][safepoint     ] Application time: 1.0014737 seconds
[2023-10-17T14:39:13.943+0000][2287.029s][info ][safepoint     ] Entering safepoint region: Cleanup
[2023-10-17T14:39:13.944+0000][2287.030s][info ][safepoint     ] Leaving safepoint region
[2023-10-17T14:39:13.945+0000][2287.031s][info ][safepoint     ] Total time for which application threads were stopped: 0.0020413 seconds, Stopping threads took: 0.0007858 seconds
[2023-10-17T14:39:14.946+0000][2288.032s][debug][safepoint     ] Safepoint synchronization initiated. (182 threads)
[2023-10-17T14:39:14.947+0000][2288.033s][info ][safepoint     ] Application time: 1.0013893 seconds
[2023-10-17T14:39:14.948+0000][2288.034s][info ][safepoint     ] Entering safepoint region: Cleanup
[2023-10-17T14:39:14.949+0000][2288.035s][info ][safepoint     ] Leaving safepoint region
[2023-10-17T14:39:14.949+0000][2288.036s][info ][safepoint     ] Total time for which application threads were stopped: 0.0017153 seconds, Stopping threads took: 0.0007690 seconds
[2023-10-17T14:39:15.950+0000][2289.037s][debug][safepoint     ] Safepoint synchronization initiated. (182 threads)
[2023-10-17T14:39:15.951+0000][2289.038s][info ][safepoint     ] Application time: 1.0010945 seconds
[2023-10-17T14:39:15.952+0000][2289.039s][info ][safepoint     ] Entering safepoint region: Cleanup
[2023-10-17T14:39:15.954+0000][2289.040s][info ][safepoint     ] Leaving safepoint region
[2023-10-17T14:39:15.954+0000][2289.041s][info ][safepoint     ] Total time for which application threads were stopped: 0.0024051 seconds, Stopping threads took: 0.0010195 seconds
[2023-10-17T14:39:15.954+0000][2289.040s][debug][safepoint     ] ... found polling page return exception at pc = 0x00007fc1a54a9604, stub =0x00007fc19c840600
[2023-10-17T14:39:15.954+0000][2289.040s][debug][safepoint     ] ... found polling page return exception at pc = 0x00007fc1a54a9604, stub =0x00007fc19c840600
[2023-10-17T14:39:15.954+0000][2289.040s][debug][safepoint     ] ... found polling page return exception at pc = 0x00007fc1a54a9604, stub =0x00007fc19c840600
[2023-10-17T14:39:15.954+0000][2289.040s][debug][safepoint     ] ... found polling page return exception at pc = 0x00007fc1a54a9604, stub =0x00007fc19c840600
[2023-10-17T14:39:16.956+0000][2290.042s][debug][safepoint     ] Safepoint synchronization initiated. (182 threads)
[2023-10-17T14:39:16.956+0000][2290.043s][info ][safepoint     ] Application time: 1.0009155 seconds
[2023-10-17T14:39:16.957+0000][2290.044s][info ][safepoint     ] Entering safepoint region: Cleanup
[2023-10-17T14:39:16.958+0000][2290.045s][info ][safepoint     ] Leaving safepoint region
[2023-10-17T14:39:16.959+0000][2290.045s][info ][safepoint     ] Total time for which application threads were stopped: 0.0016768 seconds, Stopping threads took: 0.0007988 seconds
[2023-10-17T14:39:17.960+0000][2291.046s][debug][safepoint     ] Safepoint synchronization initiated. (182 threads)
[2023-10-17T14:39:17.961+0000][2291.047s][info ][safepoint     ] Application time: 1.0012880 seconds
[2023-10-17T14:39:17.961+0000][2291.048s][info ][safepoint     ] Entering safepoint region: Cleanup
[2023-10-17T14:39:17.963+0000][2291.049s][info ][safepoint     ] Leaving safepoint region
[2023-10-17T14:39:17.963+0000][2291.050s][info ][safepoint     ] Total time for which application threads were stopped: 0.0017876 seconds, Stopping threads took: 0.0008039 seconds
[2023-10-17T14:39:18.950+0000][2292.051s][debug][safepoint     ] Safepoint synchronization initiated. (182 threads)
[2023-10-17T14:39:18.951+0000][2292.052s][info ][safepoint     ] Application time: 1.0013044 seconds
[2023-10-17T14:39:18.952+0000][2292.053s][info ][safepoint     ] Entering safepoint region: Cleanup
[2023-10-17T14:39:18.953+0000][2292.054s][info ][safepoint     ] Leaving safepoint region
[2023-10-17T14:39:18.954+0000][2292.055s][info ][safepoint     ] Total time for which application threads were stopped: 0.0019895 seconds, Stopping threads took: 0.0008288 seconds
[2023-10-17T14:39:19.955+0000][2293.056s][debug][safepoint     ] Safepoint synchronization initiated. (182 threads)
[2023-10-17T14:39:19.957+0000][2293.057s][info ][safepoint     ] Application time: 1.0017210 seconds
[2023-10-17T14:39:19.958+0000][2293.058s][info ][safepoint     ] Entering safepoint region: Cleanup
[2023-10-17T14:39:19.959+0000][2293.060s][info ][safepoint     ] Leaving safepoint region
[2023-10-17T14:39:19.960+0000][2293.061s][info ][safepoint     ] Total time for which application threads were stopped: 0.0023566 seconds, Stopping threads took: 0.0010350 seconds
[2023-10-17T14:39:20.961+0000][2294.062s][debug][safepoint     ] Safepoint synchronization initiated. (182 threads)
[2023-10-17T14:39:20.963+0000][2294.063s][info ][safepoint     ] Application time: 1.0017352 seconds
[2023-10-17T14:39:20.964+0000][2294.064s][info ][safepoint     ] Entering safepoint region: Cleanup
[2023-10-17T14:39:20.965+0000][2294.066s][info ][safepoint     ] Leaving safepoint region
[2023-10-17T14:39:20.966+0000][2294.067s][info ][safepoint     ] Total time for which application threads were stopped: 0.0024447 seconds, Stopping threads took: 0.0010514 seconds
[2023-10-17T14:39:21.967+0000][2295.068s][debug][safepoint     ] Safepoint synchronization initiated. (182 threads)
[2023-10-17T14:39:21.968+0000][2295.069s][info ][safepoint     ] Application time: 1.0013393 seconds
[2023-10-17T14:39:21.969+0000][2295.070s][info ][safepoint     ] Entering safepoint region: Cleanup
[2023-10-17T14:39:21.971+0000][2295.072s][info ][safepoint     ] Leaving safepoint region
[2023-10-17T14:39:21.972+0000][2295.072s][info ][safepoint     ] Total time for which application threads were stopped: 0.0023122 seconds, Stopping threads took: 0.0013185 seconds
[2023-10-17T14:39:22.973+0000][2296.073s][debug][safepoint     ] Safepoint synchronization initiated. (182 threads)
[2023-10-17T14:39:22.974+0000][2296.075s][info ][safepoint     ] Application time: 1.0018868 seconds
[2023-10-17T14:39:22.976+0000][2296.077s][info ][safepoint     ] Entering safepoint region: Cleanup
[2023-10-17T14:39:22.977+0000][2296.078s][info ][safepoint     ] Leaving safepoint region
[2023-10-17T14:39:22.978+0000][2296.079s][info ][safepoint     ] Total time for which application threads were stopped: 0.0019992 seconds, Stopping threads took: 0.0010645 seconds
[2023-10-17T14:39:23.979+0000][2297.080s][debug][safepoint     ] Safepoint synchronization initiated. (182 threads)
[2023-10-17T14:39:23.980+0000][2297.080s][info ][safepoint     ] Application time: 1.0009024 seconds
[2023-10-17T14:39:23.981+0000][2297.082s][info ][safepoint     ] Entering safepoint region: Cleanup
[2023-10-17T14:39:23.982+0000][2297.083s][info ][safepoint     ] Leaving safepoint region
[2023-10-17T14:39:23.983+0000][2297.084s][info ][safepoint     ] Total time for which application threads were stopped: 0.0019707 seconds, Stopping threads took: 0.0007739 seconds
[2023-10-17T14:39:24.984+0000][2298.085s][debug][safepoint     ] Safepoint synchronization initiated. (182 threads)
[2023-10-17T14:39:24.985+0000][2298.085s][info ][safepoint     ] Application time: 1.0009097 seconds
[2023-10-17T14:39:24.985+0000][2298.086s][info ][safepoint     ] Entering safepoint region: Cleanup
[2023-10-17T14:39:24.986+0000][2298.087s][info ][safepoint     ] Leaving safepoint region
[2023-10-17T14:39:24.988+0000][2298.089s][info ][safepoint     ] Total time for which application threads were stopped: 0.0024766 seconds, Stopping threads took: 0.0007726 seconds
[2023-10-17T14:39:25.989+0000][2299.089s][debug][safepoint     ] Safepoint synchronization initiated. (182 threads)
[2023-10-17T14:39:25.990+0000][2299.091s][info ][safepoint     ] Application time: 1.0016554 seconds
[2023-10-17T14:39:25.991+0000][2299.092s][info ][safepoint     ] Entering safepoint region: Cleanup
[2023-10-17T14:39:25.992+0000][2299.093s][info ][safepoint     ] Leaving safepoint region
[2023-10-17T14:39:25.993+0000][2299.094s][info ][safepoint     ] Total time for which application threads were stopped: 0.0023896 seconds, Stopping threads took: 0.0009649 seconds
[2023-10-17T14:39:26.995+0000][2300.095s][debug][safepoint     ] Safepoint synchronization initiated. (182 threads)
[2023-10-17T14:39:26.996+0000][2300.096s][info ][safepoint     ] Application time: 1.0012954 seconds
[2023-10-17T14:39:26.997+0000][2300.097s][info ][safepoint     ] Entering safepoint region: Cleanup
[2023-10-17T14:39:26.998+0000][2300.099s][info ][safepoint     ] Leaving safepoint region
[2023-10-17T14:39:26.999+0000][2300.099s][info ][safepoint     ] Total time for which application threads were stopped: 0.0021766 seconds, Stopping threads took: 0.0008967 seconds
[2023-10-17T14:39:28.000+0000][2301.101s][debug][safepoint     ] Safepoint synchronization initiated. (182 threads)
[2023-10-17T14:39:28.001+0000][2301.102s][info ][safepoint     ] Application time: 1.0016111 seconds
[2023-10-17T14:39:28.002+0000][2301.103s][info ][safepoint     ] Entering safepoint region: Cleanup
[2023-10-17T14:39:28.004+0000][2301.104s][info ][safepoint     ] Leaving safepoint region
[2023-10-17T14:39:28.005+0000][2301.105s][info ][safepoint     ] Total time for which application threads were stopped: 0.0024894 seconds, Stopping threads took: 0.0009796 seconds
[2023-10-17T14:39:29.006+0000][2302.107s][debug][safepoint     ] Safepoint synchronization initiated. (182 threads)
[2023-10-17T14:39:29.009+0000][2302.109s][info ][safepoint     ] Application time: 1.0028977 seconds
[2023-10-17T14:39:29.009+0000][2302.110s][info ][safepoint     ] Entering safepoint region: Cleanup
[2023-10-17T14:39:29.012+0000][2302.112s][info ][safepoint     ] Leaving safepoint region
[2023-10-17T14:39:29.013+0000][2302.114s][info ][safepoint     ] Total time for which application threads were stopped: 0.0035279 seconds, Stopping threads took: 0.0015670 seconds
[2023-10-17T14:39:29.012+0000][2302.112s][debug][safepoint     ] ... found polling page return exception at pc = 0x00007fc1a54a9604, stub =0x00007fc19c840600
[2023-10-17T14:39:29.012+0000][2302.112s][debug][safepoint     ] ... found polling page return exception at pc = 0x00007fc1a54a9604, stub =0x00007fc19c840600
[2023-10-17T14:39:29.012+0000][2302.113s][debug][safepoint     ] ... found polling page return exception at pc = 0x00007fc1a54a9604, stub =0x00007fc19c840600
[2023-10-17T14:39:29.012+0000][2302.112s][debug][safepoint     ] ... found polling page return exception at pc = 0x00007fc1a54a9604, stub =0x00007fc19c840600
[2023-10-17T14:39:30.016+0000][2303.117s][debug][safepoint     ] Safepoint synchronization initiated. (182 threads)
[2023-10-17T14:39:30.018+0000][2303.118s][info ][safepoint     ] Application time: 1.0018542 seconds
[2023-10-17T14:39:30.018+0000][2303.119s][info ][safepoint     ] Entering safepoint region: Cleanup
[2023-10-17T14:39:30.019+0000][2303.120s][info ][safepoint     ] Leaving safepoint region
[2023-10-17T14:39:30.020+0000][2303.121s][info ][safepoint     ] Total time for which application threads were stopped: 0.0019738 seconds, Stopping threads took: 0.0006649 seconds
[2023-10-17T14:39:31.021+0000][2304.122s][debug][safepoint     ] Safepoint synchronization initiated. (182 threads)
[2023-10-17T14:39:31.022+0000][2304.123s][info ][safepoint     ] Application time: 1.0008514 seconds
[2023-10-17T14:39:31.023+0000][2304.123s][info ][safepoint     ] Entering safepoint region: Cleanup
[2023-10-17T14:39:31.023+0000][2304.124s][info ][safepoint     ] Leaving safepoint region
[2023-10-17T14:39:31.024+0000][2304.125s][info ][safepoint     ] Total time for which application threads were stopped: 0.0017981 seconds, Stopping threads took: 0.0005866 seconds
[2023-10-17T14:39:32.026+0000][2305.127s][debug][safepoint     ] Safepoint synchronization initiated. (182 threads)
[2023-10-17T14:39:32.027+0000][2305.128s][info ][safepoint     ] Application time: 1.0014106 seconds
[2023-10-17T14:39:32.027+0000][2305.128s][info ][safepoint     ] Entering safepoint region: Cleanup
[2023-10-17T14:39:32.028+0000][2305.129s][info ][safepoint     ] Leaving safepoint region
[2023-10-17T14:39:32.029+0000][2305.130s][info ][safepoint     ] Total time for which application threads were stopped: 0.0019345 seconds, Stopping threads took: 0.0007676 seconds
[2023-10-17T14:39:33.030+0000][2306.131s][debug][safepoint     ] Safepoint synchronization initiated. (182 threads)
[2023-10-17T14:39:33.033+0000][2306.134s][info ][safepoint     ] Application time: 1.0028427 seconds
[2023-10-17T14:39:33.034+0000][2306.135s][info ][safepoint     ] Entering safepoint region: Cleanup
[2023-10-17T14:39:33.036+0000][2306.137s][info ][safepoint     ] Leaving safepoint region
[2023-10-17T14:39:33.037+0000][2306.137s][info ][safepoint     ] Total time for which application threads were stopped: 0.0026161 seconds, Stopping threads took: 0.0014942 seconds
[2023-10-17T14:39:34.038+0000][2307.138s][debug][safepoint     ] Safepoint synchronization initiated. (182 threads)
[2023-10-17T14:39:34.038+0000][2307.139s][info ][safepoint     ] Application time: 1.0009681 seconds
[2023-10-17T14:39:34.039+0000][2307.140s][info ][safepoint     ] Entering safepoint region: Cleanup
[2023-10-17T14:39:34.040+0000][2307.140s][info ][safepoint     ] Leaving safepoint region
[2023-10-17T14:39:34.040+0000][2307.141s][info ][safepoint     ] Total time for which application threads were stopped: 0.0016034 seconds, Stopping threads took: 0.0005081 seconds
[2023-10-17T14:39:35.041+0000][2308.142s][debug][safepoint     ] Safepoint synchronization initiated. (182 threads)
[2023-10-17T14:39:35.043+0000][2308.144s][info ][safepoint     ] Application time: 1.0018262 seconds
[2023-10-17T14:39:35.044+0000][2308.145s][info ][safepoint     ] Entering safepoint region: Cleanup
[2023-10-17T14:39:35.045+0000][2308.146s][info ][safepoint     ] Leaving safepoint region
[2023-10-17T14:39:35.046+0000][2308.147s][info ][safepoint     ] Total time for which application threads were stopped: 0.0023469 seconds, Stopping threads took: 0.0009402 seconds
[2023-10-17T14:39:36.048+0000][2309.148s][debug][safepoint     ] Safepoint synchronization initiated. (182 threads)
[2023-10-17T14:39:36.049+0000][2309.149s][info ][safepoint     ] Application time: 1.0012597 seconds
[2023-10-17T14:39:36.050+0000][2309.150s][info ][safepoint     ] Entering safepoint region: Cleanup
[2023-10-17T14:39:36.051+0000][2309.152s][info ][safepoint     ] Leaving safepoint region
[2023-10-17T14:39:36.052+0000][2309.153s][info ][safepoint     ] Total time for which application threads were stopped: 0.0021917 seconds, Stopping threads took: 0.0010364 seconds
[2023-10-17T14:39:37.053+0000][2310.154s][debug][safepoint     ] Safepoint synchronization initiated. (182 threads)
[2023-10-17T14:39:37.054+0000][2310.155s][info ][safepoint     ] Application time: 1.0011532 seconds
[2023-10-17T14:39:37.055+0000][2310.155s][info ][safepoint     ] Entering safepoint region: Cleanup
[2023-10-17T14:39:37.055+0000][2310.156s][info ][safepoint     ] Leaving safepoint region
[2023-10-17T14:39:37.056+0000][2310.157s][info ][safepoint     ] Total time for which application threads were stopped: 0.0016429 seconds, Stopping threads took: 0.0007001 seconds
[2023-10-17T14:39:38.057+0000][2311.158s][debug][safepoint     ] Safepoint synchronization initiated. (182 threads)
[2023-10-17T14:39:38.058+0000][2311.158s][info ][safepoint     ] Application time: 1.0007127 seconds
[2023-10-17T14:39:38.058+0000][2311.159s][info ][safepoint     ] Entering safepoint region: Cleanup
[2023-10-17T14:39:38.060+0000][2311.160s][info ][safepoint     ] Leaving safepoint region
[2023-10-17T14:39:38.060+0000][2311.161s][info ][safepoint     ] Total time for which application threads were stopped: 0.0018838 seconds, Stopping threads took: 0.0008425 seconds
[2023-10-17T14:39:39.061+0000][2312.162s][debug][safepoint     ] Safepoint synchronization initiated. (182 threads)
[2023-10-17T14:39:39.062+0000][2312.163s][info ][safepoint     ] Application time: 1.0010717 seconds
[2023-10-17T14:39:39.062+0000][2312.163s][info ][safepoint     ] Entering safepoint region: Cleanup
[2023-10-17T14:39:39.064+0000][2312.164s][info ][safepoint     ] Leaving safepoint region
[2023-10-17T14:39:39.065+0000][2312.166s][info ][safepoint     ] Total time for which application threads were stopped: 0.0029699 seconds, Stopping threads took: 0.0008449 seconds
[2023-10-17T14:39:40.067+0000][2313.168s][debug][safepoint     ] Safepoint synchronization initiated. (182 threads)
[2023-10-17T14:39:40.069+0000][2313.169s][info ][safepoint     ] Application time: 1.0017147 seconds
[2023-10-17T14:39:40.070+0000][2313.170s][info ][safepoint     ] Entering safepoint region: Cleanup
[2023-10-17T14:39:40.071+0000][2313.172s][info ][safepoint     ] Leaving safepoint region
[2023-10-17T14:39:40.072+0000][2313.173s][info ][safepoint     ] Total time for which application threads were stopped: 0.0023476 seconds, Stopping threads took: 0.0009217 seconds
[2023-10-17T14:39:41.073+0000][2314.174s][debug][safepoint     ] Safepoint synchronization initiated. (182 threads)
[2023-10-17T14:39:41.075+0000][2314.175s][info ][safepoint     ] Application time: 1.0018166 seconds
[2023-10-17T14:39:41.076+0000][2314.176s][info ][safepoint     ] Entering safepoint region: Cleanup
[2023-10-17T14:39:41.077+0000][2314.178s][info ][safepoint     ] Leaving safepoint region
[2023-10-17T14:39:41.078+0000][2314.178s][info ][safepoint     ] Total time for which application threads were stopped: 0.0019610 seconds, Stopping threads took: 0.0008801 seconds
[2023-10-17T14:39:42.079+0000][2315.180s][debug][safepoint     ] Safepoint synchronization initiated. (182 threads)
[2023-10-17T14:39:42.080+0000][2315.181s][info ][safepoint     ] Application time: 1.0013868 seconds
[2023-10-17T14:39:42.081+0000][2315.181s][info ][safepoint     ] Entering safepoint region: Cleanup
[2023-10-17T14:39:42.082+0000][2315.182s][info ][safepoint     ] Leaving safepoint region
[2023-10-17T14:39:42.082+0000][2315.183s][info ][safepoint     ] Total time for which application threads were stopped: 0.0017496 seconds, Stopping threads took: 0.0008074 seconds
[2023-10-17T14:39:43.083+0000][2316.184s][debug][safepoint     ] Safepoint synchronization initiated. (183 threads)
[2023-10-17T14:39:43.084+0000][2316.185s][info ][safepoint     ] Application time: 1.0011938 seconds
[2023-10-17T14:39:43.085+0000][2316.186s][info ][safepoint     ] Entering safepoint region: Cleanup
[2023-10-17T14:39:43.086+0000][2316.187s][info ][safepoint     ] Leaving safepoint region
[2023-10-17T14:39:43.087+0000][2316.188s][info ][safepoint     ] Total time for which application threads were stopped: 0.0021392 seconds, Stopping threads took: 0.0009129 seconds
[2023-10-17T14:39:44.088+0000][2317.189s][debug][safepoint     ] Safepoint synchronization initiated. (183 threads)
[2023-10-17T14:39:44.089+0000][2317.190s][info ][safepoint     ] Application time: 1.0011206 seconds
[2023-10-17T14:39:44.090+0000][2317.190s][info ][safepoint     ] Entering safepoint region: Cleanup
[2023-10-17T14:39:44.091+0000][2317.191s][info ][safepoint     ] Leaving safepoint region
[2023-10-17T14:39:44.091+0000][2317.192s][info ][safepoint     ] Total time for which application threads were stopped: 0.0017595 seconds, Stopping threads took: 0.0007621 seconds
[2023-10-17T14:39:45.092+0000][2318.193s][debug][safepoint     ] Safepoint synchronization initiated. (183 threads)
[2023-10-17T14:39:45.094+0000][2318.194s][info ][safepoint     ] Application time: 1.0014192 seconds
[2023-10-17T14:39:45.094+0000][2318.195s][info ][safepoint     ] Entering safepoint region: Cleanup
[2023-10-17T14:39:45.095+0000][2318.196s][info ][safepoint     ] Leaving safepoint region
[2023-10-17T14:39:45.096+0000][2318.197s][info ][safepoint     ] Total time for which application threads were stopped: 0.0018267 seconds, Stopping threads took: 0.0007431 seconds
[2023-10-17T14:39:46.097+0000][2319.198s][debug][safepoint     ] Safepoint synchronization initiated. (183 threads)
[2023-10-17T14:39:46.098+0000][2319.199s][info ][safepoint     ] Application time: 1.0012234 seconds
[2023-10-17T14:39:46.099+0000][2319.200s][info ][safepoint     ] Entering safepoint region: Cleanup
[2023-10-17T14:39:46.100+0000][2319.201s][info ][safepoint     ] Leaving safepoint region
[2023-10-17T14:39:46.101+0000][2319.201s][info ][safepoint     ] Total time for which application threads were stopped: 0.0016386 seconds, Stopping threads took: 0.0007186 seconds
[2023-10-17T14:39:47.102+0000][2320.202s][debug][safepoint     ] Safepoint synchronization initiated. (183 threads)
[2023-10-17T14:39:47.103+0000][2320.204s][info ][safepoint     ] Application time: 1.0015172 seconds
[2023-10-17T14:39:47.104+0000][2320.204s][info ][safepoint     ] Entering safepoint region: Cleanup
[2023-10-17T14:39:47.105+0000][2320.205s][info ][safepoint     ] Leaving safepoint region
[2023-10-17T14:39:47.105+0000][2320.206s][info ][safepoint     ] Total time for which application threads were stopped: 0.0017722 seconds, Stopping threads took: 0.0008279 seconds
[2023-10-17T14:39:48.106+0000][2321.207s][debug][safepoint     ] Safepoint synchronization initiated. (183 threads)
[2023-10-17T14:39:48.108+0000][2321.208s][info ][safepoint     ] Application time: 1.0015741 seconds
[2023-10-17T14:39:48.109+0000][2321.209s][info ][safepoint     ] Entering safepoint region: Cleanup
[2023-10-17T14:39:48.110+0000][2321.211s][info ][safepoint     ] Leaving safepoint region
[2023-10-17T14:39:48.111+0000][2321.212s][info ][safepoint     ] Total time for which application threads were stopped: 0.0025517 seconds, Stopping threads took: 0.0008783 seconds
[2023-10-17T14:39:49.110+0000][2322.213s][debug][safepoint     ] Safepoint synchronization initiated. (183 threads)
[2023-10-17T14:39:49.112+0000][2322.214s][info ][safepoint     ] Application time: 1.0014616 seconds
[2023-10-17T14:39:49.112+0000][2322.215s][info ][safepoint     ] Entering safepoint region: Cleanup
[2023-10-17T14:39:49.115+0000][2322.218s][info ][safepoint     ] Leaving safepoint region
[2023-10-17T14:39:49.116+0000][2322.219s][info ][safepoint     ] Total time for which application threads were stopped: 0.0039387 seconds, Stopping threads took: 0.0021082 seconds
[2023-10-17T14:39:50.117+0000][2323.220s][debug][safepoint     ] Safepoint synchronization initiated. (183 threads)
[2023-10-17T14:39:50.119+0000][2323.222s][info ][safepoint     ] Application time: 1.0020324 seconds
[2023-10-17T14:39:50.120+0000][2323.223s][info ][safepoint     ] Entering safepoint region: Cleanup
[2023-10-17T14:39:50.121+0000][2323.224s][info ][safepoint     ] Leaving safepoint region
[2023-10-17T14:39:50.122+0000][2323.225s][info ][safepoint     ] Total time for which application threads were stopped: 0.0019234 seconds, Stopping threads took: 0.0008027 seconds
[2023-10-17T14:39:51.123+0000][2324.226s][debug][safepoint     ] Safepoint synchronization initiated. (183 threads)
[2023-10-17T14:39:51.124+0000][2324.227s][info ][safepoint     ] Application time: 1.0011661 seconds
[2023-10-17T14:39:51.125+0000][2324.228s][info ][safepoint     ] Entering safepoint region: Cleanup
[2023-10-17T14:39:51.126+0000][2324.229s][info ][safepoint     ] Leaving safepoint region
[2023-10-17T14:39:51.127+0000][2324.230s][info ][safepoint     ] Total time for which application threads were stopped: 0.0022748 seconds, Stopping threads took: 0.0010345 seconds
[2023-10-17T14:39:52.128+0000][2325.231s][debug][safepoint     ] Safepoint synchronization initiated. (183 threads)
[2023-10-17T14:39:52.129+0000][2325.231s][info ][safepoint     ] Application time: 1.0011550 seconds
[2023-10-17T14:39:52.129+0000][2325.232s][info ][safepoint     ] Entering safepoint region: Cleanup
[2023-10-17T14:39:52.130+0000][2325.233s][info ][safepoint     ] Leaving safepoint region
[2023-10-17T14:39:52.131+0000][2325.234s][info ][safepoint     ] Total time for which application threads were stopped: 0.0018116 seconds, Stopping threads took: 0.0008676 seconds
[2023-10-17T14:39:53.132+0000][2326.235s][debug][safepoint     ] Safepoint synchronization initiated. (183 threads)
[2023-10-17T14:39:53.134+0000][2326.237s][info ][safepoint     ] Application time: 1.0021710 seconds
[2023-10-17T14:39:53.135+0000][2326.237s][info ][safepoint     ] Entering safepoint region: Cleanup
[2023-10-17T14:39:53.135+0000][2326.238s][info ][safepoint     ] Leaving safepoint region
[2023-10-17T14:39:53.136+0000][2326.239s][info ][safepoint     ] Total time for which application threads were stopped: 0.0016797 seconds, Stopping threads took: 0.0006949 seconds
[2023-10-17T14:39:54.137+0000][2327.240s][debug][safepoint     ] Safepoint synchronization initiated. (183 threads)
[2023-10-17T14:39:54.138+0000][2327.241s][info ][safepoint     ] Application time: 1.0012891 seconds
[2023-10-17T14:39:54.139+0000][2327.242s][info ][safepoint     ] Entering safepoint region: Cleanup
[2023-10-17T14:39:54.140+0000][2327.243s][info ][safepoint     ] Leaving safepoint region
[2023-10-17T14:39:54.141+0000][2327.244s][info ][safepoint     ] Total time for which application threads were stopped: 0.0018677 seconds, Stopping threads took: 0.0009418 seconds
[2023-10-17T14:39:55.142+0000][2328.245s][debug][safepoint     ] Safepoint synchronization initiated. (183 threads)
[2023-10-17T14:39:55.143+0000][2328.246s][info ][safepoint     ] Application time: 1.0009134 seconds
[2023-10-17T14:39:55.144+0000][2328.246s][info ][safepoint     ] Entering safepoint region: Cleanup
[2023-10-17T14:39:55.144+0000][2328.247s][info ][safepoint     ] Leaving safepoint region
[2023-10-17T14:39:55.145+0000][2328.248s][info ][safepoint     ] Total time for which application threads were stopped: 0.0017328 seconds, Stopping threads took: 0.0007361 seconds
[2023-10-17T14:39:56.147+0000][2329.249s][debug][safepoint     ] Safepoint synchronization initiated. (183 threads)
[2023-10-17T14:39:56.148+0000][2329.250s][info ][safepoint     ] Application time: 1.0014300 seconds
[2023-10-17T14:39:56.148+0000][2329.251s][info ][safepoint     ] Entering safepoint region: Cleanup
[2023-10-17T14:39:56.150+0000][2329.253s][info ][safepoint     ] Leaving safepoint region
[2023-10-17T14:39:56.150+0000][2329.253s][info ][safepoint     ] Total time for which application threads were stopped: 0.0020927 seconds, Stopping threads took: 0.0008966 seconds
[2023-10-17T14:39:57.152+0000][2330.255s][debug][safepoint     ] Safepoint synchronization initiated. (182 threads)
[2023-10-17T14:39:57.153+0000][2330.256s][info ][safepoint     ] Application time: 1.0015799 seconds
[2023-10-17T14:39:57.154+0000][2330.257s][info ][safepoint     ] Entering safepoint region: Cleanup
[2023-10-17T14:39:57.155+0000][2330.258s][info ][safepoint     ] Leaving safepoint region
[2023-10-17T14:39:57.155+0000][2330.258s][info ][safepoint     ] Total time for which application threads were stopped: 0.0016941 seconds, Stopping threads took: 0.0006889 seconds
[2023-10-17T14:39:58.156+0000][2331.259s][debug][safepoint     ] Safepoint synchronization initiated. (182 threads)
[2023-10-17T14:39:58.158+0000][2331.261s][info ][safepoint     ] Application time: 1.0019153 seconds
[2023-10-17T14:39:58.159+0000][2331.262s][info ][safepoint     ] Entering safepoint region: Cleanup
[2023-10-17T14:39:58.160+0000][2331.263s][info ][safepoint     ] Leaving safepoint region
[2023-10-17T14:39:58.162+0000][2331.264s][info ][safepoint     ] Total time for which application threads were stopped: 0.0024491 seconds, Stopping threads took: 0.0010163 seconds
[2023-10-17T14:39:59.163+0000][2332.266s][debug][safepoint     ] Safepoint synchronization initiated. (182 threads)
[2023-10-17T14:39:59.164+0000][2332.267s][info ][safepoint     ] Application time: 1.0010813 seconds
[2023-10-17T14:39:59.164+0000][2332.267s][info ][safepoint     ] Entering safepoint region: Cleanup
[2023-10-17T14:39:59.165+0000][2332.268s][info ][safepoint     ] Leaving safepoint region
[2023-10-17T14:39:59.166+0000][2332.269s][info ][safepoint     ] Total time for which application threads were stopped: 0.0014190 seconds, Stopping threads took: 0.0005182 seconds
[2023-10-17T14:40:00.167+0000][2333.269s][debug][safepoint     ] Safepoint synchronization initiated. (182 threads)
[2023-10-17T14:40:00.167+0000][2333.270s][info ][safepoint     ] Application time: 1.0010394 seconds
[2023-10-17T14:40:00.168+0000][2333.271s][info ][safepoint     ] Entering safepoint region: Cleanup
[2023-10-17T14:40:00.169+0000][2333.272s][info ][safepoint     ] Leaving safepoint region
[2023-10-17T14:40:00.170+0000][2333.273s][info ][safepoint     ] Total time for which application threads were stopped: 0.0017647 seconds, Stopping threads took: 0.0007282 seconds
[2023-10-17T14:40:01.171+0000][2334.274s][debug][safepoint     ] Safepoint synchronization initiated. (182 threads)
[2023-10-17T14:40:01.171+0000][2334.274s][info ][safepoint     ] Application time: 1.0010277 seconds
[2023-10-17T14:40:01.172+0000][2334.275s][info ][safepoint     ] Entering safepoint region: Cleanup
[2023-10-17T14:40:01.173+0000][2334.276s][info ][safepoint     ] Leaving safepoint region
[2023-10-17T14:40:01.173+0000][2334.276s][info ][safepoint     ] Total time for which application threads were stopped: 0.0014014 seconds, Stopping threads took: 0.0006140 seconds
[2023-10-17T14:40:02.174+0000][2335.277s][debug][safepoint     ] Safepoint synchronization initiated. (182 threads)
[2023-10-17T14:40:02.175+0000][2335.278s][info ][safepoint     ] Application time: 1.0010682 seconds
[2023-10-17T14:40:02.176+0000][2335.279s][info ][safepoint     ] Entering safepoint region: Cleanup
[2023-10-17T14:40:02.177+0000][2335.279s][info ][safepoint     ] Leaving safepoint region
[2023-10-17T14:40:02.177+0000][2335.280s][info ][safepoint     ] Total time for which application threads were stopped: 0.0016103 seconds, Stopping threads took: 0.0006880 seconds
[2023-10-17T14:40:03.178+0000][2336.281s][debug][safepoint     ] Safepoint synchronization initiated. (182 threads)
[2023-10-17T14:40:03.179+0000][2336.282s][info ][safepoint     ] Application time: 1.0013371 seconds
[2023-10-17T14:40:03.180+0000][2336.283s][info ][safepoint     ] Entering safepoint region: Cleanup
[2023-10-17T14:40:03.182+0000][2336.284s][info ][safepoint     ] Leaving safepoint region
[2023-10-17T14:40:03.183+0000][2336.285s][info ][safepoint     ] Total time for which application threads were stopped: 0.0024692 seconds, Stopping threads took: 0.0010088 seconds
[2023-10-17T14:40:04.184+0000][2337.287s][debug][safepoint     ] Safepoint synchronization initiated. (182 threads)
[2023-10-17T14:40:04.185+0000][2337.288s][info ][safepoint     ] Application time: 1.0013793 seconds
[2023-10-17T14:40:04.186+0000][2337.289s][info ][safepoint     ] Entering safepoint region: Cleanup
[2023-10-17T14:40:04.187+0000][2337.290s][info ][safepoint     ] Leaving safepoint region
[2023-10-17T14:40:04.188+0000][2337.291s][info ][safepoint     ] Total time for which application threads were stopped: 0.0021319 seconds, Stopping threads took: 0.0008893 seconds
[2023-10-17T14:40:05.189+0000][2338.292s][debug][safepoint     ] Safepoint synchronization initiated. (182 threads)
[2023-10-17T14:40:05.190+0000][2338.293s][info ][safepoint     ] Application time: 1.0010924 seconds
[2023-10-17T14:40:05.191+0000][2338.294s][info ][safepoint     ] Entering safepoint region: Cleanup
[2023-10-17T14:40:05.192+0000][2338.295s][info ][safepoint     ] Leaving safepoint region
[2023-10-17T14:40:05.193+0000][2338.296s][info ][safepoint     ] Total time for which application threads were stopped: 0.0017872 seconds, Stopping threads took: 0.0008243 seconds
[2023-10-17T14:40:06.194+0000][2339.297s][debug][safepoint     ] Safepoint synchronization initiated. (182 threads)
[2023-10-17T14:40:06.195+0000][2339.298s][info ][safepoint     ] Application time: 1.0013486 seconds
[2023-10-17T14:40:06.196+0000][2339.299s][info ][safepoint     ] Entering safepoint region: Cleanup
[2023-10-17T14:40:06.198+0000][2339.301s][info ][safepoint     ] Leaving safepoint region
[2023-10-17T14:40:06.199+0000][2339.302s][info ][safepoint     ] Total time for which application threads were stopped: 0.0026637 seconds, Stopping threads took: 0.0012784 seconds
[2023-10-17T14:40:07.200+0000][2340.303s][debug][safepoint     ] Safepoint synchronization initiated. (182 threads)
[2023-10-17T14:40:07.201+0000][2340.304s][info ][safepoint     ] Application time: 1.0012991 seconds
[2023-10-17T14:40:07.202+0000][2340.305s][info ][safepoint     ] Entering safepoint region: Cleanup
[2023-10-17T14:40:07.203+0000][2340.306s][info ][safepoint     ] Leaving safepoint region
[2023-10-17T14:40:07.205+0000][2340.307s][info ][safepoint     ] Total time for which application threads were stopped: 0.0029440 seconds, Stopping threads took: 0.0011259 seconds
[2023-10-17T14:40:08.206+0000][2341.309s][debug][safepoint     ] Safepoint synchronization initiated. (182 threads)
[2023-10-17T14:40:08.207+0000][2341.310s][info ][safepoint     ] Application time: 1.0013598 seconds
[2023-10-17T14:40:08.208+0000][2341.311s][info ][safepoint     ] Entering safepoint region: Cleanup
[2023-10-17T14:40:08.210+0000][2341.313s][info ][safepoint     ] Leaving safepoint region
[2023-10-17T14:40:08.211+0000][2341.314s][info ][safepoint     ] Total time for which application threads were stopped: 0.0024528 seconds, Stopping threads took: 0.0010792 seconds
[2023-10-17T14:40:09.212+0000][2342.315s][debug][safepoint     ] Safepoint synchronization initiated. (182 threads)
[2023-10-17T14:40:09.213+0000][2342.316s][info ][safepoint     ] Application time: 1.0012345 seconds
[2023-10-17T14:40:09.214+0000][2342.317s][info ][safepoint     ] Entering safepoint region: Cleanup
[2023-10-17T14:40:09.215+0000][2342.318s][info ][safepoint     ] Leaving safepoint region
[2023-10-17T14:40:09.216+0000][2342.318s][info ][safepoint     ] Total time for which application threads were stopped: 0.0018226 seconds, Stopping threads took: 0.0008322 seconds
[2023-10-17T14:40:10.217+0000][2343.319s][debug][safepoint     ] Safepoint synchronization initiated. (182 threads)
[2023-10-17T14:40:10.218+0000][2343.320s][info ][safepoint     ] Application time: 1.0013227 seconds
[2023-10-17T14:40:10.219+0000][2343.322s][info ][safepoint     ] Entering safepoint region: Cleanup
[2023-10-17T14:40:10.220+0000][2343.323s][info ][safepoint     ] Leaving safepoint region
[2023-10-17T14:40:10.221+0000][2343.324s][info ][safepoint     ] Total time for which application threads were stopped: 0.0023435 seconds, Stopping threads took: 0.0012034 seconds
[2023-10-17T14:40:11.222+0000][2344.325s][debug][safepoint     ] Safepoint synchronization initiated. (182 threads)
[2023-10-17T14:40:11.223+0000][2344.326s][info ][safepoint     ] Application time: 1.0011032 seconds
[2023-10-17T14:40:11.224+0000][2344.327s][info ][safepoint     ] Entering safepoint region: Cleanup
[2023-10-17T14:40:11.225+0000][2344.328s][info ][safepoint     ] Leaving safepoint region
[2023-10-17T14:40:11.227+0000][2344.329s][info ][safepoint     ] Total time for which application threads were stopped: 0.0029571 seconds, Stopping threads took: 0.0011817 seconds
[2023-10-17T14:40:12.228+0000][2345.331s][debug][safepoint     ] Safepoint synchronization initiated. (182 threads)
[2023-10-17T14:40:12.229+0000][2345.332s][info ][safepoint     ] Application time: 1.0011460 seconds
[2023-10-17T14:40:12.230+0000][2345.333s][info ][safepoint     ] Entering safepoint region: Cleanup
[2023-10-17T14:40:12.231+0000][2345.334s][info ][safepoint     ] Leaving safepoint region
[2023-10-17T14:40:12.232+0000][2345.335s][info ][safepoint     ] Total time for which application threads were stopped: 0.0027267 seconds, Stopping threads took: 0.0010974 seconds
[2023-10-17T14:40:13.233+0000][2346.336s][debug][safepoint     ] Safepoint synchronization initiated. (182 threads)
[2023-10-17T14:40:13.235+0000][2346.337s][info ][safepoint     ] Application time: 1.0015233 seconds
[2023-10-17T14:40:13.236+0000][2346.339s][info ][safepoint     ] Entering safepoint region: Cleanup
[2023-10-17T14:40:13.237+0000][2346.340s][info ][safepoint     ] Leaving safepoint region
[2023-10-17T14:40:13.238+0000][2346.341s][info ][safepoint     ] Total time for which application threads were stopped: 0.0023127 seconds, Stopping threads took: 0.0009774 seconds
[2023-10-17T14:40:14.239+0000][2347.342s][debug][safepoint     ] Safepoint synchronization initiated. (182 threads)
[2023-10-17T14:40:14.240+0000][2347.343s][info ][safepoint     ] Application time: 1.0011807 seconds
[2023-10-17T14:40:14.241+0000][2347.344s][info ][safepoint     ] Entering safepoint region: Cleanup
[2023-10-17T14:40:14.242+0000][2347.345s][info ][safepoint     ] Leaving safepoint region
[2023-10-17T14:40:14.242+0000][2347.345s][info ][safepoint     ] Total time for which application threads were stopped: 0.0016887 seconds, Stopping threads took: 0.0007860 seconds
[2023-10-17T14:40:15.244+0000][2348.347s][debug][safepoint     ] Safepoint synchronization initiated. (182 threads)
[2023-10-17T14:40:15.246+0000][2348.348s][info ][safepoint     ] Application time: 1.0019690 seconds
[2023-10-17T14:40:15.247+0000][2348.349s][info ][safepoint     ] Entering safepoint region: Cleanup
[2023-10-17T14:40:15.248+0000][2348.351s][info ][safepoint     ] Leaving safepoint region
[2023-10-17T14:40:15.249+0000][2348.352s][info ][safepoint     ] Total time for which application threads were stopped: 0.0025167 seconds, Stopping threads took: 0.0008645 seconds
[2023-10-17T14:40:16.251+0000][2349.354s][debug][safepoint     ] Safepoint synchronization initiated. (182 threads)
[2023-10-17T14:40:16.252+0000][2349.355s][info ][safepoint     ] Application time: 1.0015132 seconds
[2023-10-17T14:40:16.253+0000][2349.356s][info ][safepoint     ] Entering safepoint region: Cleanup
[2023-10-17T14:40:16.254+0000][2349.357s][info ][safepoint     ] Leaving safepoint region
[2023-10-17T14:40:16.254+0000][2349.357s][info ][safepoint     ] Total time for which application threads were stopped: 0.0015385 seconds, Stopping threads took: 0.0007483 seconds
[2023-10-17T14:40:17.255+0000][2350.358s][debug][safepoint     ] Safepoint synchronization initiated. (182 threads)
[2023-10-17T14:40:17.256+0000][2350.359s][info ][safepoint     ] Application time: 1.0010455 seconds
[2023-10-17T14:40:17.257+0000][2350.360s][info ][safepoint     ] Entering safepoint region: Cleanup
[2023-10-17T14:40:17.258+0000][2350.361s][info ][safepoint     ] Leaving safepoint region
[2023-10-17T14:40:17.259+0000][2350.361s][info ][safepoint     ] Total time for which application threads were stopped: 0.0017532 seconds, Stopping threads took: 0.0007777 seconds
[2023-10-17T14:40:18.260+0000][2351.363s][debug][safepoint     ] Safepoint synchronization initiated. (182 threads)
[2023-10-17T14:40:18.261+0000][2351.364s][info ][safepoint     ] Application time: 1.0015544 seconds
[2023-10-17T14:40:18.262+0000][2351.365s][info ][safepoint     ] Entering safepoint region: Cleanup
[2023-10-17T14:40:18.263+0000][2351.366s][info ][safepoint     ] Leaving safepoint region
[2023-10-17T14:40:18.264+0000][2351.367s][info ][safepoint     ] Total time for which application threads were stopped: 0.0020278 seconds, Stopping threads took: 0.0009221 seconds
[2023-10-17T14:40:19.267+0000][2352.368s][debug][safepoint     ] Safepoint synchronization initiated. (182 threads)
[2023-10-17T14:40:19.268+0000][2352.368s][info ][safepoint     ] Application time: 1.0011648 seconds
[2023-10-17T14:40:19.268+0000][2352.369s][info ][safepoint     ] Entering safepoint region: Cleanup
[2023-10-17T14:40:19.270+0000][2352.370s][info ][safepoint     ] Leaving safepoint region
[2023-10-17T14:40:19.270+0000][2352.371s][info ][safepoint     ] Total time for which application threads were stopped: 0.0019759 seconds, Stopping threads took: 0.0009901 seconds
[2023-10-17T14:40:20.271+0000][2353.372s][debug][safepoint     ] Safepoint synchronization initiated. (182 threads)
[2023-10-17T14:40:20.272+0000][2353.373s][info ][safepoint     ] Application time: 1.0012965 seconds
[2023-10-17T14:40:20.273+0000][2353.374s][info ][safepoint     ] Entering safepoint region: Cleanup
[2023-10-17T14:40:20.275+0000][2353.376s][info ][safepoint     ] Leaving safepoint region
[2023-10-17T14:40:20.276+0000][2353.377s][info ][safepoint     ] Total time for which application threads were stopped: 0.0032593 seconds, Stopping threads took: 0.0013884 seconds
[2023-10-17T14:40:21.277+0000][2354.378s][debug][safepoint     ] Safepoint synchronization initiated. (182 threads)
[2023-10-17T14:40:21.279+0000][2354.380s][info ][safepoint     ] Application time: 1.0017369 seconds
[2023-10-17T14:40:21.280+0000][2354.381s][info ][safepoint     ] Entering safepoint region: Cleanup
[2023-10-17T14:40:21.281+0000][2354.382s][info ][safepoint     ] Leaving safepoint region
[2023-10-17T14:40:21.282+0000][2354.383s][info ][safepoint     ] Total time for which application threads were stopped: 0.0025804 seconds, Stopping threads took: 0.0009309 seconds
[2023-10-17T14:40:22.283+0000][2355.384s][debug][safepoint     ] Safepoint synchronization initiated. (182 threads)
[2023-10-17T14:40:22.284+0000][2355.385s][info ][safepoint     ] Application time: 1.0013397 seconds
[2023-10-17T14:40:22.285+0000][2355.386s][info ][safepoint     ] Entering safepoint region: Cleanup
[2023-10-17T14:40:22.287+0000][2355.387s][info ][safepoint     ] Leaving safepoint region
[2023-10-17T14:40:22.287+0000][2355.388s][info ][safepoint     ] Total time for which application threads were stopped: 0.0020096 seconds, Stopping threads took: 0.0008923 seconds
[2023-10-17T14:40:23.289+0000][2356.389s][debug][safepoint     ] Safepoint synchronization initiated. (182 threads)
[2023-10-17T14:40:23.290+0000][2356.391s][info ][safepoint     ] Application time: 1.0017351 seconds
[2023-10-17T14:40:23.291+0000][2356.392s][info ][safepoint     ] Entering safepoint region: Cleanup
[2023-10-17T14:40:23.292+0000][2356.393s][info ][safepoint     ] Leaving safepoint region
[2023-10-17T14:40:23.293+0000][2356.394s][info ][safepoint     ] Total time for which application threads were stopped: 0.0019159 seconds, Stopping threads took: 0.0008798 seconds
[2023-10-17T14:40:24.261+0000][2357.362s][debug][safepoint     ] Safepoint synchronization initiated. (182 threads)
[2023-10-17T14:40:24.262+0000][2357.363s][info ][safepoint     ] Application time: 0.9683359 seconds
[2023-10-17T14:40:24.263+0000][2357.363s][info ][safepoint     ] Entering safepoint region: G1CollectForAllocation
[2023-10-17T14:40:24.263+0000][2357.364s][info ][gc,start      ] GC(79) Pause Young (Normal) (G1 Evacuation Pause)
[2023-10-17T14:40:24.264+0000][2357.365s][info ][gc,task       ] GC(79) Using 8 workers of 8 for evacuation
[2023-10-17T14:40:24.286+0000][2357.387s][info ][gc,phases     ] GC(79)   Pre Evacuate Collection Set: 0.0ms
[2023-10-17T14:40:24.287+0000][2357.388s][info ][gc,phases     ] GC(79)   Evacuate Collection Set: 14.9ms
[2023-10-17T14:40:24.288+0000][2357.388s][info ][gc,phases     ] GC(79)   Post Evacuate Collection Set: 6.0ms
[2023-10-17T14:40:24.288+0000][2357.389s][info ][gc,phases     ] GC(79)   Other: 1.6ms
[2023-10-17T14:40:24.289+0000][2357.390s][info ][gc,heap       ] GC(79) Eden regions: 187->0(190)
[2023-10-17T14:40:24.290+0000][2357.390s][info ][gc,heap       ] GC(79) Survivor regions: 11->8(25)
[2023-10-17T14:40:24.290+0000][2357.391s][info ][gc,heap       ] GC(79) Old regions: 164->167
[2023-10-17T14:40:24.291+0000][2357.392s][info ][gc,heap       ] GC(79) Humongous regions: 0->0
[2023-10-17T14:40:24.291+0000][2357.392s][info ][gc,metaspace  ] GC(79) Metaspace: 182383K(196980K)->182383K(196980K) NonClass: 161439K(173044K)->161439K(173044K) Class: 20944K(23936K)->20944K(23936K)
[2023-10-17T14:40:24.292+0000][2357.393s][info ][gc            ] GC(79) Pause Young (Normal) (G1 Evacuation Pause) 360M->172M(415M) 28.643ms
[2023-10-17T14:40:24.293+0000][2357.393s][info ][gc,cpu        ] GC(79) User=0.15s Sys=0.00s Real=0.03s
[2023-10-17T14:40:24.293+0000][2357.394s][info ][safepoint     ] Leaving safepoint region
[2023-10-17T14:40:24.294+0000][2357.395s][info ][safepoint     ] Total time for which application threads were stopped: 0.0315275 seconds, Stopping threads took: 0.0006107 seconds
[2023-10-17T14:40:24.295+0000][2357.396s][info ][gc,stringdedup] Concurrent String Deduplication (2357.396s)
[2023-10-17T14:40:24.297+0000][2357.398s][info ][gc,stringdedup] Concurrent String Deduplication 25752.0B->7992.0B(17760.0B) avg 53.3% (2357.396s, 2357.398s) 1.939ms
[2023-10-17T14:40:25.295+0000][2358.396s][debug][safepoint     ] Safepoint synchronization initiated. (186 threads)
[2023-10-17T14:40:25.296+0000][2358.397s][info ][safepoint     ] Application time: 1.0014067 seconds
[2023-10-17T14:40:25.297+0000][2358.398s][info ][safepoint     ] Entering safepoint region: Cleanup
[2023-10-17T14:40:25.298+0000][2358.399s][info ][safepoint     ] Leaving safepoint region
[2023-10-17T14:40:25.299+0000][2358.400s][info ][safepoint     ] Total time for which application threads were stopped: 0.0017943 seconds, Stopping threads took: 0.0006988 seconds
[2023-10-17T14:40:26.300+0000][2359.401s][debug][safepoint     ] Safepoint synchronization initiated. (186 threads)
[2023-10-17T14:40:26.302+0000][2359.403s][info ][safepoint     ] Application time: 1.0025119 seconds
[2023-10-17T14:40:26.303+0000][2359.404s][info ][safepoint     ] Entering safepoint region: Cleanup
[2023-10-17T14:40:26.304+0000][2359.405s][info ][safepoint     ] Leaving safepoint region
[2023-10-17T14:40:26.304+0000][2359.405s][info ][safepoint     ] Total time for which application threads were stopped: 0.0017252 seconds, Stopping threads took: 0.0008201 seconds
[2023-10-17T14:40:27.305+0000][2360.406s][debug][safepoint     ] Safepoint synchronization initiated. (187 threads)
[2023-10-17T14:40:27.306+0000][2360.407s][info ][safepoint     ] Application time: 1.0011263 seconds
[2023-10-17T14:40:27.307+0000][2360.408s][info ][safepoint     ] Entering safepoint region: Cleanup
[2023-10-17T14:40:27.307+0000][2360.408s][info ][safepoint     ] Leaving safepoint region
[2023-10-17T14:40:27.308+0000][2360.409s][info ][safepoint     ] Total time for which application threads were stopped: 0.0013670 seconds, Stopping threads took: 0.0005486 seconds
[2023-10-17T14:40:28.310+0000][2361.410s][debug][safepoint     ] Safepoint synchronization initiated. (187 threads)
[2023-10-17T14:40:28.334+0000][2361.435s][info ][safepoint     ] Application time: 1.0254011 seconds
[2023-10-17T14:40:28.335+0000][2361.436s][info ][safepoint     ] Entering safepoint region: Cleanup
[2023-10-17T14:40:28.336+0000][2361.437s][info ][safepoint     ] Leaving safepoint region
[2023-10-17T14:40:28.336+0000][2361.437s][info ][safepoint     ] Total time for which application threads were stopped: 0.0014644 seconds, Stopping threads took: 0.0006305 seconds
[2023-10-17T14:40:29.337+0000][2362.438s][debug][safepoint     ] Safepoint synchronization initiated. (187 threads)
[2023-10-17T14:40:29.338+0000][2362.439s][info ][safepoint     ] Application time: 1.0014611 seconds
[2023-10-17T14:40:29.339+0000][2362.440s][info ][safepoint     ] Entering safepoint region: Cleanup
[2023-10-17T14:40:29.340+0000][2362.441s][info ][safepoint     ] Leaving safepoint region
[2023-10-17T14:40:29.341+0000][2362.442s][info ][safepoint     ] Total time for which application threads were stopped: 0.0020380 seconds, Stopping threads took: 0.0008952 seconds
[2023-10-17T14:40:30.343+0000][2363.443s][debug][safepoint     ] Safepoint synchronization initiated. (187 threads)
[2023-10-17T14:40:30.344+0000][2363.445s][info ][safepoint     ] Application time: 1.0017529 seconds
[2023-10-17T14:40:30.345+0000][2363.446s][info ][safepoint     ] Entering safepoint region: Cleanup
[2023-10-17T14:40:30.346+0000][2363.447s][info ][safepoint     ] Leaving safepoint region
[2023-10-17T14:40:30.347+0000][2363.447s][info ][safepoint     ] Total time for which application threads were stopped: 0.0018606 seconds, Stopping threads took: 0.0009539 seconds
[2023-10-17T14:40:31.347+0000][2364.448s][debug][safepoint     ] Safepoint synchronization initiated. (187 threads)
[2023-10-17T14:40:31.348+0000][2364.449s][info ][safepoint     ] Application time: 1.0011779 seconds
[2023-10-17T14:40:31.350+0000][2364.450s][info ][safepoint     ] Entering safepoint region: Cleanup
[2023-10-17T14:40:31.351+0000][2364.452s][info ][safepoint     ] Leaving safepoint region
[2023-10-17T14:40:31.352+0000][2364.453s][info ][safepoint     ] Total time for which application threads were stopped: 0.0029873 seconds, Stopping threads took: 0.0010076 seconds
[2023-10-17T14:40:32.354+0000][2365.454s][debug][safepoint     ] Safepoint synchronization initiated. (187 threads)
[2023-10-17T14:40:32.354+0000][2365.455s][info ][safepoint     ] Application time: 1.0010185 seconds
[2023-10-17T14:40:32.356+0000][2365.457s][debug][safepoint     ] ... found polling page return exception at pc = 0x00007fc1a56bbc73, stub =0x00007fc19c840600
[2023-10-17T14:40:32.357+0000][2365.458s][debug][safepoint     ] Waiting for 1 thread(s) to block
[2023-10-17T14:40:32.358+0000][2365.458s][info ][safepoint     ] Entering safepoint region: Cleanup
[2023-10-17T14:40:32.359+0000][2365.459s][info ][safepoint     ] Leaving safepoint region
[2023-10-17T14:40:32.359+0000][2365.460s][info ][safepoint     ] Total time for which application threads were stopped: 0.0031871 seconds, Stopping threads took: 0.0023265 seconds
[2023-10-17T14:40:33.360+0000][2366.461s][debug][safepoint     ] Safepoint synchronization initiated. (187 threads)
[2023-10-17T14:40:33.362+0000][2366.463s][info ][safepoint     ] Application time: 1.0018608 seconds
[2023-10-17T14:40:33.363+0000][2366.464s][info ][safepoint     ] Entering safepoint region: Cleanup
[2023-10-17T14:40:33.364+0000][2366.465s][info ][safepoint     ] Leaving safepoint region
[2023-10-17T14:40:33.366+0000][2366.466s][info ][safepoint     ] Total time for which application threads were stopped: 0.0029195 seconds, Stopping threads took: 0.0008885 seconds
[2023-10-17T14:40:34.366+0000][2367.467s][debug][safepoint     ] Safepoint synchronization initiated. (187 threads)
[2023-10-17T14:40:34.368+0000][2367.469s][info ][safepoint     ] Application time: 1.0015795 seconds
[2023-10-17T14:40:34.369+0000][2367.470s][info ][safepoint     ] Entering safepoint region: Cleanup
[2023-10-17T14:40:34.370+0000][2367.471s][info ][safepoint     ] Leaving safepoint region
[2023-10-17T14:40:34.371+0000][2367.472s][info ][safepoint     ] Total time for which application threads were stopped: 0.0021139 seconds, Stopping threads took: 0.0009184 seconds
[2023-10-17T14:40:35.372+0000][2368.473s][debug][safepoint     ] Safepoint synchronization initiated. (187 threads)
[2023-10-17T14:40:35.373+0000][2368.474s][info ][safepoint     ] Application time: 1.0013015 seconds
[2023-10-17T14:40:35.374+0000][2368.475s][info ][safepoint     ] Entering safepoint region: Cleanup
[2023-10-17T14:40:35.376+0000][2368.477s][info ][safepoint     ] Leaving safepoint region
[2023-10-17T14:40:35.377+0000][2368.478s][info ][safepoint     ] Total time for which application threads were stopped: 0.0030388 seconds, Stopping threads took: 0.0007347 seconds
[2023-10-17T14:40:36.378+0000][2369.479s][debug][safepoint     ] Safepoint synchronization initiated. (187 threads)
[2023-10-17T14:40:36.379+0000][2369.480s][info ][safepoint     ] Application time: 1.0012551 seconds
[2023-10-17T14:40:36.380+0000][2369.481s][info ][safepoint     ] Entering safepoint region: Cleanup
[2023-10-17T14:40:36.381+0000][2369.482s][info ][safepoint     ] Leaving safepoint region
[2023-10-17T14:40:36.382+0000][2369.483s][info ][safepoint     ] Total time for which application threads were stopped: 0.0019632 seconds, Stopping threads took: 0.0009831 seconds
[2023-10-17T14:40:37.383+0000][2370.484s][debug][safepoint     ] Safepoint synchronization initiated. (187 threads)
[2023-10-17T14:40:37.384+0000][2370.485s][info ][safepoint     ] Application time: 1.0010484 seconds
[2023-10-17T14:40:37.385+0000][2370.486s][info ][safepoint     ] Entering safepoint region: Cleanup
[2023-10-17T14:40:37.386+0000][2370.486s][info ][safepoint     ] Leaving safepoint region
[2023-10-17T14:40:37.386+0000][2370.487s][info ][safepoint     ] Total time for which application threads were stopped: 0.0014767 seconds, Stopping threads took: 0.0005766 seconds
[2023-10-17T14:40:38.387+0000][2371.488s][debug][safepoint     ] Safepoint synchronization initiated. (187 threads)
[2023-10-17T14:40:38.388+0000][2371.489s][info ][safepoint     ] Application time: 1.0012210 seconds
[2023-10-17T14:40:38.389+0000][2371.490s][info ][safepoint     ] Entering safepoint region: Cleanup
[2023-10-17T14:40:38.390+0000][2371.491s][info ][safepoint     ] Leaving safepoint region
[2023-10-17T14:40:38.391+0000][2371.492s][info ][safepoint     ] Total time for which application threads were stopped: 0.0020510 seconds, Stopping threads took: 0.0008934 seconds
[2023-10-17T14:40:39.392+0000][2372.493s][debug][safepoint     ] Safepoint synchronization initiated. (187 threads)
[2023-10-17T14:40:39.393+0000][2372.494s][info ][safepoint     ] Application time: 1.0014084 seconds
[2023-10-17T14:40:39.394+0000][2372.495s][info ][safepoint     ] Entering safepoint region: Cleanup
[2023-10-17T14:40:39.396+0000][2372.497s][info ][safepoint     ] Leaving safepoint region
[2023-10-17T14:40:39.397+0000][2372.498s][info ][safepoint     ] Total time for which application threads were stopped: 0.0026800 seconds, Stopping threads took: 0.0009899 seconds
[2023-10-17T14:40:40.398+0000][2373.499s][debug][safepoint     ] Safepoint synchronization initiated. (187 threads)
[2023-10-17T14:40:40.399+0000][2373.500s][info ][safepoint     ] Application time: 1.0012815 seconds
[2023-10-17T14:40:40.400+0000][2373.500s][info ][safepoint     ] Entering safepoint region: Cleanup
[2023-10-17T14:40:40.401+0000][2373.502s][info ][safepoint     ] Leaving safepoint region
[2023-10-17T14:40:40.402+0000][2373.503s][info ][safepoint     ] Total time for which application threads were stopped: 0.0024926 seconds, Stopping threads took: 0.0011856 seconds
[2023-10-17T14:40:41.403+0000][2374.504s][debug][safepoint     ] Safepoint synchronization initiated. (187 threads)
[2023-10-17T14:40:41.404+0000][2374.505s][info ][safepoint     ] Application time: 1.0011781 seconds
[2023-10-17T14:40:41.405+0000][2374.505s][info ][safepoint     ] Entering safepoint region: Cleanup
[2023-10-17T14:40:41.406+0000][2374.506s][info ][safepoint     ] Leaving safepoint region
[2023-10-17T14:40:41.406+0000][2374.507s][info ][safepoint     ] Total time for which application threads were stopped: 0.0018300 seconds, Stopping threads took: 0.0007523 seconds
[2023-10-17T14:40:42.407+0000][2375.508s][debug][safepoint     ] Safepoint synchronization initiated. (187 threads)
[2023-10-17T14:40:42.408+0000][2375.509s][info ][safepoint     ] Application time: 1.0011416 seconds
[2023-10-17T14:40:42.409+0000][2375.510s][debug][safepoint     ] ... found polling page return exception at pc = 0x00007fc1a4b0dc74, stub =0x00007fc19c840600
[2023-10-17T14:40:42.410+0000][2375.511s][debug][safepoint     ] Waiting for 2 thread(s) to block
[2023-10-17T14:40:42.411+0000][2375.512s][info ][safepoint     ] Entering safepoint region: Cleanup
[2023-10-17T14:40:42.412+0000][2375.513s][info ][safepoint     ] Leaving safepoint region
[2023-10-17T14:40:42.413+0000][2375.514s][info ][safepoint     ] Total time for which application threads were stopped: 0.0040631 seconds, Stopping threads took: 0.0027044 seconds
[2023-10-17T14:40:43.414+0000][2376.515s][debug][safepoint     ] Safepoint synchronization initiated. (187 threads)
[2023-10-17T14:40:43.415+0000][2376.516s][info ][safepoint     ] Application time: 1.0012062 seconds
[2023-10-17T14:40:43.416+0000][2376.517s][info ][safepoint     ] Entering safepoint region: Cleanup
[2023-10-17T14:40:43.417+0000][2376.518s][info ][safepoint     ] Leaving safepoint region
[2023-10-17T14:40:43.418+0000][2376.519s][info ][safepoint     ] Total time for which application threads were stopped: 0.0021183 seconds, Stopping threads took: 0.0009345 seconds
[2023-10-17T14:40:44.420+0000][2377.520s][debug][safepoint     ] Safepoint synchronization initiated. (187 threads)
[2023-10-17T14:40:44.421+0000][2377.522s][info ][safepoint     ] Application time: 1.0015669 seconds
[2023-10-17T14:40:44.422+0000][2377.523s][info ][safepoint     ] Entering safepoint region: Cleanup
[2023-10-17T14:40:44.423+0000][2377.524s][info ][safepoint     ] Leaving safepoint region
[2023-10-17T14:40:44.424+0000][2377.525s][info ][safepoint     ] Total time for which application threads were stopped: 0.0020941 seconds, Stopping threads took: 0.0009202 seconds
[2023-10-17T14:40:45.425+0000][2378.526s][debug][safepoint     ] Safepoint synchronization initiated. (187 threads)
[2023-10-17T14:40:45.426+0000][2378.527s][info ][safepoint     ] Application time: 1.0013733 seconds
[2023-10-17T14:40:45.427+0000][2378.528s][info ][safepoint     ] Entering safepoint region: Cleanup
[2023-10-17T14:40:45.429+0000][2378.530s][info ][safepoint     ] Leaving safepoint region
[2023-10-17T14:40:45.430+0000][2378.530s][info ][safepoint     ] Total time for which application threads were stopped: 0.0020944 seconds, Stopping threads took: 0.0008965 seconds
[2023-10-17T14:40:46.430+0000][2379.531s][debug][safepoint     ] Safepoint synchronization initiated. (187 threads)
[2023-10-17T14:40:46.432+0000][2379.533s][info ][safepoint     ] Application time: 1.0015543 seconds
[2023-10-17T14:40:46.432+0000][2379.533s][info ][safepoint     ] Entering safepoint region: Cleanup
[2023-10-17T14:40:46.433+0000][2379.534s][info ][safepoint     ] Leaving safepoint region
[2023-10-17T14:40:46.434+0000][2379.535s][info ][safepoint     ] Total time for which application threads were stopped: 0.0017475 seconds, Stopping threads took: 0.0008327 seconds
[2023-10-17T14:40:47.435+0000][2380.536s][debug][safepoint     ] Safepoint synchronization initiated. (187 threads)
[2023-10-17T14:40:47.436+0000][2380.537s][info ][safepoint     ] Application time: 1.0014953 seconds
[2023-10-17T14:40:47.437+0000][2380.538s][info ][safepoint     ] Entering safepoint region: Cleanup
[2023-10-17T14:40:47.439+0000][2380.540s][info ][safepoint     ] Leaving safepoint region
[2023-10-17T14:40:47.440+0000][2380.541s][info ][safepoint     ] Total time for which application threads were stopped: 0.0024238 seconds, Stopping threads took: 0.0009938 seconds
[2023-10-17T14:40:48.441+0000][2381.542s][debug][safepoint     ] Safepoint synchronization initiated. (187 threads)
[2023-10-17T14:40:48.442+0000][2381.543s][info ][safepoint     ] Application time: 1.0010105 seconds
[2023-10-17T14:40:48.442+0000][2381.543s][info ][safepoint     ] Entering safepoint region: Cleanup
[2023-10-17T14:40:48.443+0000][2381.544s][info ][safepoint     ] Leaving safepoint region
[2023-10-17T14:40:48.444+0000][2381.545s][info ][safepoint     ] Total time for which application threads were stopped: 0.0015482 seconds, Stopping threads took: 0.0007067 seconds
[2023-10-17T14:40:49.445+0000][2382.546s][debug][safepoint     ] Safepoint synchronization initiated. (187 threads)
[2023-10-17T14:40:49.446+0000][2382.547s][info ][safepoint     ] Application time: 1.0014703 seconds
[2023-10-17T14:40:49.448+0000][2382.548s][info ][safepoint     ] Entering safepoint region: Cleanup
[2023-10-17T14:40:49.449+0000][2382.550s][info ][safepoint     ] Leaving safepoint region
[2023-10-17T14:40:49.450+0000][2382.550s][info ][safepoint     ] Total time for which application threads were stopped: 0.0024270 seconds, Stopping threads took: 0.0012366 seconds
[2023-10-17T14:40:50.451+0000][2383.552s][debug][safepoint     ] Safepoint synchronization initiated. (187 threads)
[2023-10-17T14:40:50.453+0000][2383.553s][info ][safepoint     ] Application time: 1.0012842 seconds
[2023-10-17T14:40:50.453+0000][2383.554s][info ][safepoint     ] Entering safepoint region: Cleanup
[2023-10-17T14:40:50.455+0000][2383.555s][info ][safepoint     ] Leaving safepoint region
[2023-10-17T14:40:50.456+0000][2383.556s][info ][safepoint     ] Total time for which application threads were stopped: 0.0025347 seconds, Stopping threads took: 0.0011489 seconds
[2023-10-17T14:40:51.457+0000][2384.558s][debug][safepoint     ] Safepoint synchronization initiated. (187 threads)
[2023-10-17T14:40:51.458+0000][2384.559s][info ][safepoint     ] Application time: 1.0015613 seconds
[2023-10-17T14:40:51.460+0000][2384.560s][info ][safepoint     ] Entering safepoint region: Cleanup
[2023-10-17T14:40:51.462+0000][2384.563s][info ][safepoint     ] Leaving safepoint region
[2023-10-17T14:40:51.463+0000][2384.563s][info ][safepoint     ] Total time for which application threads were stopped: 0.0035262 seconds, Stopping threads took: 0.0018329 seconds
[2023-10-17T14:40:52.464+0000][2385.565s][debug][safepoint     ] Safepoint synchronization initiated. (187 threads)
[2023-10-17T14:40:52.465+0000][2385.566s][info ][safepoint     ] Application time: 1.0014359 seconds
[2023-10-17T14:40:52.466+0000][2385.567s][info ][safepoint     ] Entering safepoint region: Cleanup
[2023-10-17T14:40:52.468+0000][2385.568s][info ][safepoint     ] Leaving safepoint region
[2023-10-17T14:40:52.469+0000][2385.569s][info ][safepoint     ] Total time for which application threads were stopped: 0.0024106 seconds, Stopping threads took: 0.0010765 seconds
[2023-10-17T14:40:53.470+0000][2386.570s][debug][safepoint     ] Safepoint synchronization initiated. (187 threads)
[2023-10-17T14:40:53.471+0000][2386.571s][info ][safepoint     ] Application time: 1.0013749 seconds
[2023-10-17T14:40:53.472+0000][2386.572s][info ][safepoint     ] Entering safepoint region: Cleanup
[2023-10-17T14:40:53.473+0000][2386.574s][info ][safepoint     ] Leaving safepoint region
[2023-10-17T14:40:53.474+0000][2386.574s][info ][safepoint     ] Total time for which application threads were stopped: 0.0018843 seconds, Stopping threads took: 0.0007406 seconds
[2023-10-17T14:40:54.475+0000][2387.575s][debug][safepoint     ] Safepoint synchronization initiated. (187 threads)
[2023-10-17T14:40:54.476+0000][2387.576s][info ][safepoint     ] Application time: 1.0011384 seconds
[2023-10-17T14:40:54.476+0000][2387.577s][info ][safepoint     ] Entering safepoint region: Cleanup
[2023-10-17T14:40:54.477+0000][2387.578s][info ][safepoint     ] Leaving safepoint region
[2023-10-17T14:40:54.478+0000][2387.579s][info ][safepoint     ] Total time for which application threads were stopped: 0.0018044 seconds, Stopping threads took: 0.0006735 seconds
[2023-10-17T14:40:55.479+0000][2388.580s][debug][safepoint     ] Safepoint synchronization initiated. (187 threads)
[2023-10-17T14:40:55.480+0000][2388.580s][info ][safepoint     ] Application time: 1.0012657 seconds
[2023-10-17T14:40:55.481+0000][2388.581s][info ][safepoint     ] Entering safepoint region: Cleanup
[2023-10-17T14:40:55.482+0000][2388.583s][info ][safepoint     ] Leaving safepoint region
[2023-10-17T14:40:55.483+0000][2388.584s][info ][safepoint     ] Total time for which application threads were stopped: 0.0021782 seconds, Stopping threads took: 0.0008311 seconds
[2023-10-17T14:40:56.484+0000][2389.585s][debug][safepoint     ] Safepoint synchronization initiated. (187 threads)
[2023-10-17T14:40:56.485+0000][2389.585s][info ][safepoint     ] Application time: 1.0011345 seconds
[2023-10-17T14:40:56.486+0000][2389.586s][info ][safepoint     ] Entering safepoint region: Cleanup
[2023-10-17T14:40:56.486+0000][2389.587s][info ][safepoint     ] Leaving safepoint region
[2023-10-17T14:40:56.487+0000][2389.587s][info ][safepoint     ] Total time for which application threads were stopped: 0.0013141 seconds, Stopping threads took: 0.0005797 seconds
[2023-10-17T14:40:57.488+0000][2390.588s][debug][safepoint     ] Safepoint synchronization initiated. (187 threads)
[2023-10-17T14:40:57.489+0000][2390.590s][info ][safepoint     ] Application time: 1.0016865 seconds
[2023-10-17T14:40:57.490+0000][2390.591s][info ][safepoint     ] Entering safepoint region: Cleanup
[2023-10-17T14:40:57.492+0000][2390.592s][info ][safepoint     ] Leaving safepoint region
[2023-10-17T14:40:57.493+0000][2390.593s][info ][safepoint     ] Total time for which application threads were stopped: 0.0026367 seconds, Stopping threads took: 0.0014148 seconds
[2023-10-17T14:40:58.494+0000][2391.594s][debug][safepoint     ] Safepoint synchronization initiated. (187 threads)
[2023-10-17T14:40:58.495+0000][2391.595s][info ][safepoint     ] Application time: 1.0013968 seconds
[2023-10-17T14:40:58.496+0000][2391.596s][info ][safepoint     ] Entering safepoint region: Cleanup
[2023-10-17T14:40:58.497+0000][2391.597s][info ][safepoint     ] Leaving safepoint region
[2023-10-17T14:40:58.498+0000][2391.598s][info ][safepoint     ] Total time for which application threads were stopped: 0.0021734 seconds, Stopping threads took: 0.0011353 seconds
[2023-10-17T14:40:59.499+0000][2392.599s][debug][safepoint     ] Safepoint synchronization initiated. (187 threads)
[2023-10-17T14:40:59.500+0000][2392.600s][info ][safepoint     ] Application time: 1.0013783 seconds
[2023-10-17T14:40:59.501+0000][2392.601s][info ][safepoint     ] Entering safepoint region: Cleanup
[2023-10-17T14:40:59.502+0000][2392.602s][info ][safepoint     ] Leaving safepoint region
[2023-10-17T14:40:59.502+0000][2392.603s][info ][safepoint     ] Total time for which application threads were stopped: 0.0015434 seconds, Stopping threads took: 0.0007331 seconds
[2023-10-17T14:41:00.503+0000][2393.604s][debug][safepoint     ] Safepoint synchronization initiated. (187 threads)
[2023-10-17T14:41:00.504+0000][2393.605s][info ][safepoint     ] Application time: 1.0015154 seconds
[2023-10-17T14:41:00.505+0000][2393.605s][info ][safepoint     ] Entering safepoint region: Cleanup
[2023-10-17T14:41:00.506+0000][2393.607s][info ][safepoint     ] Leaving safepoint region
[2023-10-17T14:41:00.507+0000][2393.608s][info ][safepoint     ] Total time for which application threads were stopped: 0.0023911 seconds, Stopping threads took: 0.0009622 seconds
[2023-10-17T14:41:01.509+0000][2394.609s][debug][safepoint     ] Safepoint synchronization initiated. (187 threads)
[2023-10-17T14:41:01.511+0000][2394.611s][info ][safepoint     ] Application time: 1.0023436 seconds
[2023-10-17T14:41:01.512+0000][2394.612s][info ][safepoint     ] Entering safepoint region: Cleanup
[2023-10-17T14:41:01.513+0000][2394.613s][info ][safepoint     ] Leaving safepoint region
[2023-10-17T14:41:01.513+0000][2394.614s][info ][safepoint     ] Total time for which application threads were stopped: 0.0017984 seconds, Stopping threads took: 0.0008189 seconds
[2023-10-17T14:41:02.514+0000][2395.615s][debug][safepoint     ] Safepoint synchronization initiated. (187 threads)
[2023-10-17T14:41:02.515+0000][2395.616s][info ][safepoint     ] Application time: 1.0014586 seconds
[2023-10-17T14:41:02.516+0000][2395.617s][info ][safepoint     ] Entering safepoint region: Cleanup
[2023-10-17T14:41:02.518+0000][2395.618s][info ][safepoint     ] Leaving safepoint region
[2023-10-17T14:41:02.519+0000][2395.619s][info ][safepoint     ] Total time for which application threads were stopped: 0.0022820 seconds, Stopping threads took: 0.0010348 seconds
[2023-10-17T14:41:03.520+0000][2396.620s][debug][safepoint     ] Safepoint synchronization initiated. (187 threads)
[2023-10-17T14:41:03.521+0000][2396.622s][info ][safepoint     ] Application time: 1.0015641 seconds
[2023-10-17T14:41:03.522+0000][2396.623s][info ][safepoint     ] Entering safepoint region: Cleanup
[2023-10-17T14:41:03.524+0000][2396.624s][info ][safepoint     ] Leaving safepoint region
[2023-10-17T14:41:03.525+0000][2396.625s][info ][safepoint     ] Total time for which application threads were stopped: 0.0023481 seconds, Stopping threads took: 0.0010550 seconds
[2023-10-17T14:41:04.526+0000][2397.626s][debug][safepoint     ] Safepoint synchronization initiated. (187 threads)
[2023-10-17T14:41:04.527+0000][2397.627s][info ][safepoint     ] Application time: 1.0010756 seconds
[2023-10-17T14:41:04.528+0000][2397.628s][info ][safepoint     ] Entering safepoint region: Cleanup
[2023-10-17T14:41:04.529+0000][2397.629s][info ][safepoint     ] Leaving safepoint region
[2023-10-17T14:41:04.529+0000][2397.630s][info ][safepoint     ] Total time for which application threads were stopped: 0.0018306 seconds, Stopping threads took: 0.0007797 seconds
[2023-10-17T14:41:05.530+0000][2398.631s][debug][safepoint     ] Safepoint synchronization initiated. (187 threads)
[2023-10-17T14:41:05.531+0000][2398.632s][info ][safepoint     ] Application time: 1.0012738 seconds
[2023-10-17T14:41:05.532+0000][2398.633s][info ][safepoint     ] Entering safepoint region: Cleanup
[2023-10-17T14:41:05.533+0000][2398.634s][info ][safepoint     ] Leaving safepoint region
[2023-10-17T14:41:05.534+0000][2398.634s][info ][safepoint     ] Total time for which application threads were stopped: 0.0016967 seconds, Stopping threads took: 0.0008015 seconds
[2023-10-17T14:41:06.535+0000][2399.635s][debug][safepoint     ] Safepoint synchronization initiated. (187 threads)
[2023-10-17T14:41:06.536+0000][2399.637s][info ][safepoint     ] Application time: 1.0016875 seconds
[2023-10-17T14:41:06.538+0000][2399.638s][info ][safepoint     ] Entering safepoint region: Cleanup
[2023-10-17T14:41:06.540+0000][2399.640s][info ][safepoint     ] Leaving safepoint region
[2023-10-17T14:41:06.540+0000][2399.641s][info ][safepoint     ] Total time for which application threads were stopped: 0.0024006 seconds, Stopping threads took: 0.0013978 seconds
[2023-10-17T14:41:07.541+0000][2400.642s][debug][safepoint     ] Safepoint synchronization initiated. (187 threads)
[2023-10-17T14:41:07.542+0000][2400.643s][info ][safepoint     ] Application time: 1.0012787 seconds
[2023-10-17T14:41:07.543+0000][2400.643s][debug][safepoint     ] ... found polling page return exception at pc = 0x00007fc1a56bbc73, stub =0x00007fc19c840600
[2023-10-17T14:41:07.544+0000][2400.644s][debug][safepoint     ] Waiting for 1 thread(s) to block
[2023-10-17T14:41:07.545+0000][2400.645s][info ][safepoint     ] Entering safepoint region: Cleanup
[2023-10-17T14:41:07.546+0000][2400.646s][info ][safepoint     ] Leaving safepoint region
[2023-10-17T14:41:07.546+0000][2400.647s][info ][safepoint     ] Total time for which application threads were stopped: 0.0034569 seconds, Stopping threads took: 0.0023009 seconds
[2023-10-17T14:41:08.548+0000][2401.648s][debug][safepoint     ] Safepoint synchronization initiated. (187 threads)
[2023-10-17T14:41:08.549+0000][2401.649s][info ][safepoint     ] Application time: 1.0014816 seconds
[2023-10-17T14:41:08.550+0000][2401.650s][info ][safepoint     ] Entering safepoint region: Cleanup
[2023-10-17T14:41:08.551+0000][2401.651s][info ][safepoint     ] Leaving safepoint region
[2023-10-17T14:41:08.552+0000][2401.652s][info ][safepoint     ] Total time for which application threads were stopped: 0.0022588 seconds, Stopping threads took: 0.0009512 seconds
[2023-10-17T14:41:09.553+0000][2402.654s][debug][safepoint     ] Safepoint synchronization initiated. (187 threads)
[2023-10-17T14:41:09.554+0000][2402.655s][info ][safepoint     ] Application time: 1.0013542 seconds
[2023-10-17T14:41:09.555+0000][2402.656s][info ][safepoint     ] Entering safepoint region: Cleanup
[2023-10-17T14:41:09.556+0000][2402.657s][info ][safepoint     ] Leaving safepoint region
[2023-10-17T14:41:09.557+0000][2402.657s][info ][safepoint     ] Total time for which application threads were stopped: 0.0018081 seconds, Stopping threads took: 0.0008297 seconds
[2023-10-17T14:41:10.558+0000][2403.659s][debug][safepoint     ] Safepoint synchronization initiated. (187 threads)
[2023-10-17T14:41:10.559+0000][2403.660s][info ][safepoint     ] Application time: 1.0014190 seconds
[2023-10-17T14:41:10.560+0000][2403.661s][info ][safepoint     ] Entering safepoint region: Cleanup
[2023-10-17T14:41:10.561+0000][2403.662s][info ][safepoint     ] Leaving safepoint region
[2023-10-17T14:41:10.562+0000][2403.663s][info ][safepoint     ] Total time for which application threads were stopped: 0.0020138 seconds, Stopping threads took: 0.0009212 seconds
[2023-10-17T14:41:11.563+0000][2404.664s][debug][safepoint     ] Safepoint synchronization initiated. (187 threads)
[2023-10-17T14:41:11.564+0000][2404.665s][info ][safepoint     ] Application time: 1.0013736 seconds
[2023-10-17T14:41:11.565+0000][2404.666s][info ][safepoint     ] Entering safepoint region: Cleanup
[2023-10-17T14:41:11.567+0000][2404.668s][info ][safepoint     ] Leaving safepoint region
[2023-10-17T14:41:11.568+0000][2404.669s][info ][safepoint     ] Total time for which application threads were stopped: 0.0032241 seconds, Stopping threads took: 0.0013627 seconds
[2023-10-17T14:41:12.570+0000][2405.670s][debug][safepoint     ] Safepoint synchronization initiated. (187 threads)
[2023-10-17T14:41:12.571+0000][2405.671s][info ][safepoint     ] Application time: 1.0015057 seconds
[2023-10-17T14:41:12.572+0000][2405.672s][info ][safepoint     ] Entering safepoint region: Cleanup
[2023-10-17T14:41:12.573+0000][2405.674s][info ][safepoint     ] Leaving safepoint region
[2023-10-17T14:41:12.574+0000][2405.674s][info ][safepoint     ] Total time for which application threads were stopped: 0.0019928 seconds, Stopping threads took: 0.0008985 seconds
[2023-10-17T14:41:13.576+0000][2406.676s][debug][safepoint     ] Safepoint synchronization initiated. (187 threads)
[2023-10-17T14:41:13.577+0000][2406.677s][info ][safepoint     ] Application time: 1.0010586 seconds
[2023-10-17T14:41:13.577+0000][2406.678s][info ][safepoint     ] Entering safepoint region: Cleanup
[2023-10-17T14:41:13.578+0000][2406.679s][info ][safepoint     ] Leaving safepoint region
[2023-10-17T14:41:13.579+0000][2406.679s][info ][safepoint     ] Total time for which application threads were stopped: 0.0017572 seconds, Stopping threads took: 0.0007958 seconds
[2023-10-17T14:41:14.580+0000][2407.680s][debug][safepoint     ] Safepoint synchronization initiated. (187 threads)
[2023-10-17T14:41:14.581+0000][2407.681s][info ][safepoint     ] Application time: 1.0011369 seconds
[2023-10-17T14:41:14.581+0000][2407.682s][info ][safepoint     ] Entering safepoint region: Cleanup
[2023-10-17T14:41:14.582+0000][2407.683s][info ][safepoint     ] Leaving safepoint region
[2023-10-17T14:41:14.583+0000][2407.683s][info ][safepoint     ] Total time for which application threads were stopped: 0.0017069 seconds, Stopping threads took: 0.0007598 seconds
[2023-10-17T14:41:15.584+0000][2408.684s][debug][safepoint     ] Safepoint synchronization initiated. (187 threads)
[2023-10-17T14:41:15.585+0000][2408.685s][info ][safepoint     ] Application time: 1.0012676 seconds
[2023-10-17T14:41:15.586+0000][2408.686s][info ][safepoint     ] Entering safepoint region: Cleanup
[2023-10-17T14:41:15.587+0000][2408.688s][info ][safepoint     ] Leaving safepoint region
[2023-10-17T14:41:15.588+0000][2408.688s][info ][safepoint     ] Total time for which application threads were stopped: 0.0020856 seconds, Stopping threads took: 0.0008981 seconds
[2023-10-17T14:41:16.589+0000][2409.689s][debug][safepoint     ] Safepoint synchronization initiated. (187 threads)
[2023-10-17T14:41:16.590+0000][2409.690s][info ][safepoint     ] Application time: 1.0012293 seconds
[2023-10-17T14:41:16.591+0000][2409.691s][info ][safepoint     ] Entering safepoint region: Cleanup
[2023-10-17T14:41:16.592+0000][2409.693s][info ][safepoint     ] Leaving safepoint region
[2023-10-17T14:41:16.593+0000][2409.693s][info ][safepoint     ] Total time for which application threads were stopped: 0.0019251 seconds, Stopping threads took: 0.0008588 seconds
[2023-10-17T14:41:17.594+0000][2410.694s][debug][safepoint     ] Safepoint synchronization initiated. (187 threads)
[2023-10-17T14:41:17.595+0000][2410.695s][info ][safepoint     ] Application time: 1.0010895 seconds
[2023-10-17T14:41:17.595+0000][2410.696s][info ][safepoint     ] Entering safepoint region: Cleanup
[2023-10-17T14:41:17.596+0000][2410.697s][info ][safepoint     ] Leaving safepoint region
[2023-10-17T14:41:17.597+0000][2410.697s][info ][safepoint     ] Total time for which application threads were stopped: 0.0016694 seconds, Stopping threads took: 0.0007088 seconds
[2023-10-17T14:41:18.598+0000][2411.698s][debug][safepoint     ] Safepoint synchronization initiated. (187 threads)
[2023-10-17T14:41:18.599+0000][2411.700s][info ][safepoint     ] Application time: 1.0013932 seconds
[2023-10-17T14:41:18.600+0000][2411.701s][info ][safepoint     ] Entering safepoint region: Cleanup
[2023-10-17T14:41:18.602+0000][2411.703s][info ][safepoint     ] Leaving safepoint region
[2023-10-17T14:41:18.603+0000][2411.704s][info ][safepoint     ] Total time for which application threads were stopped: 0.0028097 seconds, Stopping threads took: 0.0011468 seconds
[2023-10-17T14:41:19.605+0000][2412.705s][debug][safepoint     ] Safepoint synchronization initiated. (187 threads)
[2023-10-17T14:41:19.606+0000][2412.706s][info ][safepoint     ] Application time: 1.0017933 seconds
[2023-10-17T14:41:19.608+0000][2412.708s][info ][safepoint     ] Entering safepoint region: Cleanup
[2023-10-17T14:41:19.609+0000][2412.709s][info ][safepoint     ] Leaving safepoint region
[2023-10-17T14:41:19.610+0000][2412.710s][info ][safepoint     ] Total time for which application threads were stopped: 0.0025322 seconds, Stopping threads took: 0.0008095 seconds
[2023-10-17T14:41:19.609+0000][2412.709s][debug][safepoint     ] ... found polling page return exception at pc = 0x00007fc1a54a9604, stub =0x00007fc19c840600
[2023-10-17T14:41:19.609+0000][2412.709s][debug][safepoint     ] ... found polling page return exception at pc = 0x00007fc1a54a9604, stub =0x00007fc19c840600
[2023-10-17T14:41:19.609+0000][2412.709s][debug][safepoint     ] ... found polling page return exception at pc = 0x00007fc1a54a9604, stub =0x00007fc19c840600
[2023-10-17T14:41:19.609+0000][2412.709s][debug][safepoint     ] ... found polling page return exception at pc = 0x00007fc1a54a9604, stub =0x00007fc19c840600
[2023-10-17T14:41:19.609+0000][2412.709s][debug][safepoint     ] ... found polling page return exception at pc = 0x00007fc1a54a9604, stub =0x00007fc19c840600
[2023-10-17T14:41:19.609+0000][2412.709s][debug][safepoint     ] ... found polling page return exception at pc = 0x00007fc1a54a9604, stub =0x00007fc19c840600
[2023-10-17T14:41:20.611+0000][2413.712s][debug][safepoint     ] Safepoint synchronization initiated. (187 threads)
[2023-10-17T14:41:20.613+0000][2413.713s][info ][safepoint     ] Application time: 1.0013288 seconds
[2023-10-17T14:41:20.614+0000][2413.714s][info ][safepoint     ] Entering safepoint region: Cleanup
[2023-10-17T14:41:20.615+0000][2413.715s][info ][safepoint     ] Leaving safepoint region
[2023-10-17T14:41:20.616+0000][2413.716s][info ][safepoint     ] Total time for which application threads were stopped: 0.0021442 seconds, Stopping threads took: 0.0010289 seconds
[2023-10-17T14:41:21.617+0000][2414.717s][debug][safepoint     ] Safepoint synchronization initiated. (187 threads)
[2023-10-17T14:41:21.618+0000][2414.718s][info ][safepoint     ] Application time: 1.0016495 seconds
[2023-10-17T14:41:21.620+0000][2414.720s][info ][safepoint     ] Entering safepoint region: Cleanup
[2023-10-17T14:41:21.621+0000][2414.721s][info ][safepoint     ] Leaving safepoint region
[2023-10-17T14:41:21.622+0000][2414.722s][info ][safepoint     ] Total time for which application threads were stopped: 0.0019418 seconds, Stopping threads took: 0.0009685 seconds
[2023-10-17T14:41:22.623+0000][2415.723s][debug][safepoint     ] Safepoint synchronization initiated. (187 threads)
[2023-10-17T14:41:22.624+0000][2415.724s][info ][safepoint     ] Application time: 1.0011677 seconds
[2023-10-17T14:41:22.625+0000][2415.725s][info ][safepoint     ] Entering safepoint region: Cleanup
[2023-10-17T14:41:22.626+0000][2415.726s][info ][safepoint     ] Leaving safepoint region
[2023-10-17T14:41:22.626+0000][2415.726s][info ][safepoint     ] Total time for which application threads were stopped: 0.0016255 seconds, Stopping threads took: 0.0006659 seconds
[2023-10-17T14:41:23.627+0000][2416.727s][debug][safepoint     ] Safepoint synchronization initiated. (187 threads)
[2023-10-17T14:41:23.628+0000][2416.728s][info ][safepoint     ] Application time: 1.0011782 seconds
[2023-10-17T14:41:23.629+0000][2416.729s][info ][safepoint     ] Entering safepoint region: Cleanup
[2023-10-17T14:41:23.630+0000][2416.730s][info ][safepoint     ] Leaving safepoint region
[2023-10-17T14:41:23.630+0000][2416.730s][info ][safepoint     ] Total time for which application threads were stopped: 0.0017441 seconds, Stopping threads took: 0.0007843 seconds
[2023-10-17T14:41:24.631+0000][2417.731s][debug][safepoint     ] Safepoint synchronization initiated. (187 threads)
[2023-10-17T14:41:24.633+0000][2417.733s][info ][safepoint     ] Application time: 1.0016007 seconds
[2023-10-17T14:41:24.634+0000][2417.734s][info ][safepoint     ] Entering safepoint region: Cleanup
[2023-10-17T14:41:24.635+0000][2417.735s][info ][safepoint     ] Leaving safepoint region
[2023-10-17T14:41:24.636+0000][2417.736s][info ][safepoint     ] Total time for which application threads were stopped: 0.0026091 seconds, Stopping threads took: 0.0012084 seconds
[2023-10-17T14:41:25.638+0000][2418.738s][debug][safepoint     ] Safepoint synchronization initiated. (187 threads)
[2023-10-17T14:41:25.639+0000][2418.739s][info ][safepoint     ] Application time: 1.0013183 seconds
[2023-10-17T14:41:25.640+0000][2418.740s][info ][safepoint     ] Entering safepoint region: Cleanup
[2023-10-17T14:41:25.641+0000][2418.741s][info ][safepoint     ] Leaving safepoint region
[2023-10-17T14:41:25.642+0000][2418.742s][info ][safepoint     ] Total time for which application threads were stopped: 0.0019855 seconds, Stopping threads took: 0.0009063 seconds
[2023-10-17T14:41:26.643+0000][2419.743s][debug][safepoint     ] Safepoint synchronization initiated. (187 threads)
[2023-10-17T14:41:26.644+0000][2419.744s][info ][safepoint     ] Application time: 1.0012609 seconds
[2023-10-17T14:41:26.645+0000][2419.745s][info ][safepoint     ] Entering safepoint region: Cleanup
[2023-10-17T14:41:26.646+0000][2419.746s][info ][safepoint     ] Leaving safepoint region
[2023-10-17T14:41:26.646+0000][2419.746s][info ][safepoint     ] Total time for which application threads were stopped: 0.0018342 seconds, Stopping threads took: 0.0008512 seconds
[2023-10-17T14:41:27.647+0000][2420.747s][debug][safepoint     ] Safepoint synchronization initiated. (187 threads)
[2023-10-17T14:41:27.648+0000][2420.748s][info ][safepoint     ] Application time: 1.0012721 seconds
[2023-10-17T14:41:27.649+0000][2420.749s][info ][safepoint     ] Entering safepoint region: Cleanup
[2023-10-17T14:41:27.650+0000][2420.750s][info ][safepoint     ] Leaving safepoint region
[2023-10-17T14:41:27.651+0000][2420.751s][info ][safepoint     ] Total time for which application threads were stopped: 0.0020517 seconds, Stopping threads took: 0.0008778 seconds
[2023-10-17T14:41:28.652+0000][2421.752s][debug][safepoint     ] Safepoint synchronization initiated. (187 threads)
[2023-10-17T14:41:28.653+0000][2421.753s][info ][safepoint     ] Application time: 1.0014457 seconds
[2023-10-17T14:41:28.654+0000][2421.754s][info ][safepoint     ] Entering safepoint region: Cleanup
[2023-10-17T14:41:28.656+0000][2421.756s][info ][safepoint     ] Leaving safepoint region
[2023-10-17T14:41:28.657+0000][2421.757s][info ][safepoint     ] Total time for which application threads were stopped: 0.0027094 seconds, Stopping threads took: 0.0012420 seconds
[2023-10-17T14:41:29.658+0000][2422.758s][debug][safepoint     ] Safepoint synchronization initiated. (187 threads)
[2023-10-17T14:41:29.659+0000][2422.759s][info ][safepoint     ] Application time: 1.0013820 seconds
[2023-10-17T14:41:29.660+0000][2422.760s][info ][safepoint     ] Entering safepoint region: Cleanup
[2023-10-17T14:41:29.661+0000][2422.761s][info ][safepoint     ] Leaving safepoint region
[2023-10-17T14:41:29.662+0000][2422.762s][info ][safepoint     ] Total time for which application threads were stopped: 0.0019884 seconds, Stopping threads took: 0.0010097 seconds
[2023-10-17T14:41:30.663+0000][2423.763s][debug][safepoint     ] Safepoint synchronization initiated. (187 threads)
[2023-10-17T14:41:30.664+0000][2423.764s][info ][safepoint     ] Application time: 1.0012203 seconds
[2023-10-17T14:41:30.665+0000][2423.765s][info ][safepoint     ] Entering safepoint region: Cleanup
[2023-10-17T14:41:30.666+0000][2423.766s][info ][safepoint     ] Leaving safepoint region
[2023-10-17T14:41:30.667+0000][2423.767s][info ][safepoint     ] Total time for which application threads were stopped: 0.0020347 seconds, Stopping threads took: 0.0008233 seconds
[2023-10-17T14:41:31.668+0000][2424.768s][debug][safepoint     ] Safepoint synchronization initiated. (187 threads)
[2023-10-17T14:41:31.669+0000][2424.769s][info ][safepoint     ] Application time: 1.0012950 seconds
[2023-10-17T14:41:31.670+0000][2424.770s][info ][safepoint     ] Entering safepoint region: Cleanup
[2023-10-17T14:41:31.671+0000][2424.771s][info ][safepoint     ] Leaving safepoint region
[2023-10-17T14:41:31.672+0000][2424.772s][info ][safepoint     ] Total time for which application threads were stopped: 0.0020720 seconds, Stopping threads took: 0.0008409 seconds
[2023-10-17T14:41:32.673+0000][2425.773s][debug][safepoint     ] Safepoint synchronization initiated. (187 threads)
[2023-10-17T14:41:32.674+0000][2425.774s][info ][safepoint     ] Application time: 1.0013696 seconds
[2023-10-17T14:41:32.675+0000][2425.775s][info ][safepoint     ] Entering safepoint region: Cleanup
[2023-10-17T14:41:32.676+0000][2425.776s][info ][safepoint     ] Leaving safepoint region
[2023-10-17T14:41:32.677+0000][2425.777s][info ][safepoint     ] Total time for which application threads were stopped: 0.0020755 seconds, Stopping threads took: 0.0008316 seconds
[2023-10-17T14:41:33.678+0000][2426.778s][debug][safepoint     ] Safepoint synchronization initiated. (187 threads)
[2023-10-17T14:41:33.679+0000][2426.779s][info ][safepoint     ] Application time: 1.0013242 seconds
[2023-10-17T14:41:33.680+0000][2426.780s][info ][safepoint     ] Entering safepoint region: Cleanup
[2023-10-17T14:41:33.682+0000][2426.782s][info ][safepoint     ] Leaving safepoint region
[2023-10-17T14:41:33.683+0000][2426.783s][info ][safepoint     ] Total time for which application threads were stopped: 0.0027216 seconds, Stopping threads took: 0.0013016 seconds
[2023-10-17T14:41:34.684+0000][2427.784s][debug][safepoint     ] Safepoint synchronization initiated. (187 threads)
[2023-10-17T14:41:34.685+0000][2427.785s][info ][safepoint     ] Application time: 1.0014550 seconds
[2023-10-17T14:41:34.686+0000][2427.786s][info ][safepoint     ] Entering safepoint region: Cleanup
[2023-10-17T14:41:34.688+0000][2427.788s][info ][safepoint     ] Leaving safepoint region
[2023-10-17T14:41:34.689+0000][2427.789s][info ][safepoint     ] Total time for which application threads were stopped: 0.0023846 seconds, Stopping threads took: 0.0009981 seconds
[2023-10-17T14:41:35.690+0000][2428.790s][debug][safepoint     ] Safepoint synchronization initiated. (187 threads)
[2023-10-17T14:41:35.691+0000][2428.791s][info ][safepoint     ] Application time: 1.0014099 seconds
[2023-10-17T14:41:35.692+0000][2428.792s][info ][safepoint     ] Entering safepoint region: Cleanup
[2023-10-17T14:41:35.694+0000][2428.794s][info ][safepoint     ] Leaving safepoint region
[2023-10-17T14:41:35.695+0000][2428.795s][info ][safepoint     ] Total time for which application threads were stopped: 0.0025958 seconds, Stopping threads took: 0.0011072 seconds
[2023-10-17T14:41:36.696+0000][2429.796s][debug][safepoint     ] Safepoint synchronization initiated. (187 threads)
[2023-10-17T14:41:36.697+0000][2429.797s][info ][safepoint     ] Application time: 1.0011810 seconds
[2023-10-17T14:41:36.698+0000][2429.798s][info ][safepoint     ] Entering safepoint region: Cleanup
[2023-10-17T14:41:36.698+0000][2429.798s][info ][safepoint     ] Leaving safepoint region
[2023-10-17T14:41:36.699+0000][2429.799s][info ][safepoint     ] Total time for which application threads were stopped: 0.0016209 seconds, Stopping threads took: 0.0005918 seconds
[2023-10-17T14:41:37.700+0000][2430.800s][debug][safepoint     ] Safepoint synchronization initiated. (187 threads)
[2023-10-17T14:41:37.701+0000][2430.801s][info ][safepoint     ] Application time: 1.0013025 seconds
[2023-10-17T14:41:37.702+0000][2430.802s][info ][safepoint     ] Entering safepoint region: Cleanup
[2023-10-17T14:41:37.703+0000][2430.803s][info ][safepoint     ] Leaving safepoint region
[2023-10-17T14:41:37.704+0000][2430.804s][info ][safepoint     ] Total time for which application threads were stopped: 0.0018458 seconds, Stopping threads took: 0.0008166 seconds
[2023-10-17T14:41:38.705+0000][2431.805s][debug][safepoint     ] Safepoint synchronization initiated. (187 threads)
[2023-10-17T14:41:38.706+0000][2431.806s][info ][safepoint     ] Application time: 1.0013953 seconds
[2023-10-17T14:41:38.707+0000][2431.807s][info ][safepoint     ] Entering safepoint region: Cleanup
[2023-10-17T14:41:38.708+0000][2431.808s][info ][safepoint     ] Leaving safepoint region
[2023-10-17T14:41:38.709+0000][2431.809s][info ][safepoint     ] Total time for which application threads were stopped: 0.0021635 seconds, Stopping threads took: 0.0007945 seconds
[2023-10-17T14:41:39.710+0000][2432.810s][debug][safepoint     ] Safepoint synchronization initiated. (186 threads)
[2023-10-17T14:41:39.711+0000][2432.811s][info ][safepoint     ] Application time: 1.0012313 seconds
[2023-10-17T14:41:39.711+0000][2432.811s][info ][safepoint     ] Entering safepoint region: Cleanup
[2023-10-17T14:41:39.712+0000][2432.812s][info ][safepoint     ] Leaving safepoint region
[2023-10-17T14:41:39.713+0000][2432.813s][info ][safepoint     ] Total time for which application threads were stopped: 0.0013994 seconds, Stopping threads took: 0.0004583 seconds
[2023-10-17T14:41:40.714+0000][2433.814s][debug][safepoint     ] Safepoint synchronization initiated. (186 threads)
[2023-10-17T14:41:40.715+0000][2433.815s][info ][safepoint     ] Application time: 1.0016436 seconds
[2023-10-17T14:41:40.716+0000][2433.816s][info ][safepoint     ] Entering safepoint region: Cleanup
[2023-10-17T14:41:40.718+0000][2433.818s][info ][safepoint     ] Leaving safepoint region
[2023-10-17T14:41:40.719+0000][2433.819s][info ][safepoint     ] Total time for which application threads were stopped: 0.0025559 seconds, Stopping threads took: 0.0011193 seconds
[2023-10-17T14:41:41.720+0000][2434.820s][debug][safepoint     ] Safepoint synchronization initiated. (186 threads)
[2023-10-17T14:41:41.722+0000][2434.822s][info ][safepoint     ] Application time: 1.0019924 seconds
[2023-10-17T14:41:41.723+0000][2434.823s][info ][safepoint     ] Entering safepoint region: Cleanup
[2023-10-17T14:41:41.725+0000][2434.825s][info ][safepoint     ] Leaving safepoint region
[2023-10-17T14:41:41.726+0000][2434.826s][info ][safepoint     ] Total time for which application threads were stopped: 0.0026813 seconds, Stopping threads took: 0.0011569 seconds
[2023-10-17T14:41:42.727+0000][2435.827s][debug][safepoint     ] Safepoint synchronization initiated. (184 threads)
[2023-10-17T14:41:42.728+0000][2435.828s][info ][safepoint     ] Application time: 1.0011976 seconds
[2023-10-17T14:41:42.729+0000][2435.829s][info ][safepoint     ] Entering safepoint region: Cleanup
[2023-10-17T14:41:42.730+0000][2435.830s][info ][safepoint     ] Leaving safepoint region
[2023-10-17T14:41:42.731+0000][2435.831s][info ][safepoint     ] Total time for which application threads were stopped: 0.0026150 seconds, Stopping threads took: 0.0008648 seconds
[2023-10-17T14:41:43.733+0000][2436.833s][debug][safepoint     ] Safepoint synchronization initiated. (184 threads)
[2023-10-17T14:41:43.734+0000][2436.834s][info ][safepoint     ] Application time: 1.0009669 seconds
[2023-10-17T14:41:43.735+0000][2436.835s][debug][safepoint     ] Waiting for 1 thread(s) to block
[2023-10-17T14:41:43.736+0000][2436.836s][info ][safepoint     ] Entering safepoint region: Cleanup
[2023-10-17T14:41:43.737+0000][2436.837s][info ][safepoint     ] Leaving safepoint region
[2023-10-17T14:41:43.738+0000][2436.838s][info ][safepoint     ] Total time for which application threads were stopped: 0.0032271 seconds, Stopping threads took: 0.0020647 seconds
[2023-10-17T14:41:44.739+0000][2437.839s][debug][safepoint     ] Safepoint synchronization initiated. (184 threads)
[2023-10-17T14:41:44.741+0000][2437.841s][info ][safepoint     ] Application time: 1.0015745 seconds
[2023-10-17T14:41:44.741+0000][2437.841s][info ][safepoint     ] Entering safepoint region: Cleanup
[2023-10-17T14:41:44.742+0000][2437.842s][info ][safepoint     ] Leaving safepoint region
[2023-10-17T14:41:44.743+0000][2437.843s][info ][safepoint     ] Total time for which application threads were stopped: 0.0018611 seconds, Stopping threads took: 0.0007084 seconds
[2023-10-17T14:41:45.744+0000][2438.844s][debug][safepoint     ] Safepoint synchronization initiated. (184 threads)
[2023-10-17T14:41:45.745+0000][2438.845s][info ][safepoint     ] Application time: 1.0012415 seconds
[2023-10-17T14:41:45.746+0000][2438.846s][info ][safepoint     ] Entering safepoint region: Cleanup
[2023-10-17T14:41:45.747+0000][2438.847s][info ][safepoint     ] Leaving safepoint region
[2023-10-17T14:41:45.748+0000][2438.848s][info ][safepoint     ] Total time for which application threads were stopped: 0.0018722 seconds, Stopping threads took: 0.0006978 seconds
[2023-10-17T14:41:46.749+0000][2439.849s][debug][safepoint     ] Safepoint synchronization initiated. (184 threads)
[2023-10-17T14:41:46.750+0000][2439.850s][info ][safepoint     ] Application time: 1.0015918 seconds
[2023-10-17T14:41:46.751+0000][2439.851s][info ][safepoint     ] Entering safepoint region: Cleanup
[2023-10-17T14:41:46.752+0000][2439.852s][info ][safepoint     ] Leaving safepoint region
[2023-10-17T14:41:46.753+0000][2439.853s][info ][safepoint     ] Total time for which application threads were stopped: 0.0022825 seconds, Stopping threads took: 0.0009953 seconds
[2023-10-17T14:41:47.754+0000][2440.854s][debug][safepoint     ] Safepoint synchronization initiated. (184 threads)
[2023-10-17T14:41:47.755+0000][2440.855s][info ][safepoint     ] Application time: 1.0010411 seconds
[2023-10-17T14:41:47.756+0000][2440.856s][info ][safepoint     ] Entering safepoint region: Cleanup
[2023-10-17T14:41:47.757+0000][2440.857s][info ][safepoint     ] Leaving safepoint region
[2023-10-17T14:41:47.758+0000][2440.858s][info ][safepoint     ] Total time for which application threads were stopped: 0.0017039 seconds, Stopping threads took: 0.0007249 seconds
[2023-10-17T14:41:48.759+0000][2441.859s][debug][safepoint     ] Safepoint synchronization initiated. (184 threads)
[2023-10-17T14:41:48.760+0000][2441.860s][info ][safepoint     ] Application time: 1.0013775 seconds
[2023-10-17T14:41:48.761+0000][2441.861s][info ][safepoint     ] Entering safepoint region: Cleanup
[2023-10-17T14:41:48.762+0000][2441.862s][info ][safepoint     ] Leaving safepoint region
[2023-10-17T14:41:48.763+0000][2441.863s][info ][safepoint     ] Total time for which application threads were stopped: 0.0025073 seconds, Stopping threads took: 0.0008681 seconds
[2023-10-17T14:41:49.765+0000][2442.864s][debug][safepoint     ] Safepoint synchronization initiated. (184 threads)
[2023-10-17T14:41:49.766+0000][2442.865s][info ][safepoint     ] Application time: 1.0015698 seconds
[2023-10-17T14:41:49.767+0000][2442.866s][info ][safepoint     ] Entering safepoint region: Cleanup
[2023-10-17T14:41:49.768+0000][2442.868s][info ][safepoint     ] Leaving safepoint region
[2023-10-17T14:41:49.769+0000][2442.869s][info ][safepoint     ] Total time for which application threads were stopped: 0.0022841 seconds, Stopping threads took: 0.0010119 seconds
[2023-10-17T14:41:50.770+0000][2443.870s][debug][safepoint     ] Safepoint synchronization initiated. (184 threads)
[2023-10-17T14:41:50.771+0000][2443.871s][info ][safepoint     ] Application time: 1.0013920 seconds
[2023-10-17T14:41:50.772+0000][2443.872s][info ][safepoint     ] Entering safepoint region: Cleanup
[2023-10-17T14:41:50.774+0000][2443.874s][info ][safepoint     ] Leaving safepoint region
[2023-10-17T14:41:50.775+0000][2443.875s][info ][safepoint     ] Total time for which application threads were stopped: 0.0032809 seconds, Stopping threads took: 0.0013329 seconds
[2023-10-17T14:41:51.776+0000][2444.876s][debug][safepoint     ] Safepoint synchronization initiated. (184 threads)
[2023-10-17T14:41:51.778+0000][2444.878s][info ][safepoint     ] Application time: 1.0018515 seconds
[2023-10-17T14:41:51.779+0000][2444.879s][info ][safepoint     ] Entering safepoint region: Cleanup
[2023-10-17T14:41:51.780+0000][2444.880s][info ][safepoint     ] Leaving safepoint region
[2023-10-17T14:41:51.782+0000][2444.881s][info ][safepoint     ] Total time for which application threads were stopped: 0.0026230 seconds, Stopping threads took: 0.0010352 seconds
[2023-10-17T14:41:52.783+0000][2445.882s][debug][safepoint     ] Safepoint synchronization initiated. (184 threads)
[2023-10-17T14:41:52.783+0000][2445.883s][info ][safepoint     ] Application time: 1.0009349 seconds
[2023-10-17T14:41:52.784+0000][2445.884s][info ][safepoint     ] Entering safepoint region: Cleanup
[2023-10-17T14:41:52.785+0000][2445.885s][info ][safepoint     ] Leaving safepoint region
[2023-10-17T14:41:52.786+0000][2445.886s][info ][safepoint     ] Total time for which application threads were stopped: 0.0018187 seconds, Stopping threads took: 0.0007947 seconds
[2023-10-17T14:41:53.787+0000][2446.887s][debug][safepoint     ] Safepoint synchronization initiated. (184 threads)
[2023-10-17T14:41:53.788+0000][2446.888s][info ][safepoint     ] Application time: 1.0015212 seconds
[2023-10-17T14:41:53.789+0000][2446.889s][info ][safepoint     ] Entering safepoint region: Cleanup
[2023-10-17T14:41:53.790+0000][2446.890s][info ][safepoint     ] Leaving safepoint region
[2023-10-17T14:41:53.791+0000][2446.891s][info ][safepoint     ] Total time for which application threads were stopped: 0.0020349 seconds, Stopping threads took: 0.0008286 seconds
[2023-10-17T14:41:54.792+0000][2447.892s][debug][safepoint     ] Safepoint synchronization initiated. (184 threads)
[2023-10-17T14:41:54.793+0000][2447.893s][info ][safepoint     ] Application time: 1.0012992 seconds
[2023-10-17T14:41:54.794+0000][2447.893s][info ][safepoint     ] Entering safepoint region: Cleanup
[2023-10-17T14:41:54.795+0000][2447.895s][info ][safepoint     ] Leaving safepoint region
[2023-10-17T14:41:54.796+0000][2447.895s][info ][safepoint     ] Total time for which application threads were stopped: 0.0017611 seconds, Stopping threads took: 0.0007991 seconds
[2023-10-17T14:41:55.797+0000][2448.896s][debug][safepoint     ] Safepoint synchronization initiated. (184 threads)
[2023-10-17T14:41:55.798+0000][2448.897s][info ][safepoint     ] Application time: 1.0013479 seconds
[2023-10-17T14:41:55.798+0000][2448.898s][info ][safepoint     ] Entering safepoint region: Cleanup
[2023-10-17T14:41:55.800+0000][2448.899s][info ][safepoint     ] Leaving safepoint region
[2023-10-17T14:41:55.800+0000][2448.900s][info ][safepoint     ] Total time for which application threads were stopped: 0.0018520 seconds, Stopping threads took: 0.0007700 seconds
[2023-10-17T14:41:56.802+0000][2449.901s][debug][safepoint     ] Safepoint synchronization initiated. (184 threads)
[2023-10-17T14:41:56.802+0000][2449.902s][info ][safepoint     ] Application time: 1.0013762 seconds
[2023-10-17T14:41:56.803+0000][2449.903s][debug][safepoint     ] ... found polling page return exception at pc = 0x00007fc1a4b0dc74, stub =0x00007fc19c840600
[2023-10-17T14:41:56.804+0000][2449.904s][debug][safepoint     ] Waiting for 1 thread(s) to block
[2023-10-17T14:41:56.805+0000][2449.905s][info ][safepoint     ] Entering safepoint region: Cleanup
[2023-10-17T14:41:56.806+0000][2449.906s][info ][safepoint     ] Leaving safepoint region
[2023-10-17T14:41:56.807+0000][2449.906s][info ][safepoint     ] Total time for which application threads were stopped: 0.0030809 seconds, Stopping threads took: 0.0022950 seconds
[2023-10-17T14:41:57.808+0000][2450.907s][debug][safepoint     ] Safepoint synchronization initiated. (184 threads)
[2023-10-17T14:41:57.809+0000][2450.909s][info ][safepoint     ] Application time: 1.0016368 seconds
[2023-10-17T14:41:57.810+0000][2450.910s][info ][safepoint     ] Entering safepoint region: Cleanup
[2023-10-17T14:41:57.812+0000][2450.911s][info ][safepoint     ] Leaving safepoint region
[2023-10-17T14:41:57.813+0000][2450.912s][info ][safepoint     ] Total time for which application threads were stopped: 0.0028079 seconds, Stopping threads took: 0.0011337 seconds
[2023-10-17T14:41:58.814+0000][2451.914s][debug][safepoint     ] Safepoint synchronization initiated. (184 threads)
[2023-10-17T14:41:58.816+0000][2451.916s][info ][safepoint     ] Application time: 1.0020026 seconds
[2023-10-17T14:41:58.817+0000][2451.917s][info ][safepoint     ] Entering safepoint region: Cleanup
[2023-10-17T14:41:58.818+0000][2451.918s][info ][safepoint     ] Leaving safepoint region
[2023-10-17T14:41:58.819+0000][2451.919s][info ][safepoint     ] Total time for which application threads were stopped: 0.0018525 seconds, Stopping threads took: 0.0007668 seconds
[2023-10-17T14:41:59.820+0000][2452.920s][debug][safepoint     ] Safepoint synchronization initiated. (184 threads)
[2023-10-17T14:41:59.821+0000][2452.921s][info ][safepoint     ] Application time: 1.0012432 seconds
[2023-10-17T14:41:59.822+0000][2452.922s][info ][safepoint     ] Entering safepoint region: Cleanup
[2023-10-17T14:41:59.823+0000][2452.923s][info ][safepoint     ] Leaving safepoint region
[2023-10-17T14:41:59.824+0000][2452.924s][info ][safepoint     ] Total time for which application threads were stopped: 0.0022163 seconds, Stopping threads took: 0.0009213 seconds
[2023-10-17T14:42:00.826+0000][2453.925s][debug][safepoint     ] Safepoint synchronization initiated. (184 threads)
[2023-10-17T14:42:00.827+0000][2453.926s][info ][safepoint     ] Application time: 1.0012950 seconds
[2023-10-17T14:42:00.828+0000][2453.927s][info ][safepoint     ] Entering safepoint region: Cleanup
[2023-10-17T14:42:00.829+0000][2453.928s][info ][safepoint     ] Leaving safepoint region
[2023-10-17T14:42:00.829+0000][2453.929s][info ][safepoint     ] Total time for which application threads were stopped: 0.0018019 seconds, Stopping threads took: 0.0007836 seconds
[2023-10-17T14:42:01.830+0000][2454.930s][debug][safepoint     ] Safepoint synchronization initiated. (184 threads)
[2023-10-17T14:42:01.831+0000][2454.930s][info ][safepoint     ] Application time: 1.0009445 seconds
[2023-10-17T14:42:01.832+0000][2454.931s][info ][safepoint     ] Entering safepoint region: Cleanup
[2023-10-17T14:42:01.833+0000][2454.932s][info ][safepoint     ] Leaving safepoint region
[2023-10-17T14:42:01.833+0000][2454.933s][info ][safepoint     ] Total time for which application threads were stopped: 0.0018943 seconds, Stopping threads took: 0.0007782 seconds
[2023-10-17T14:42:02.835+0000][2455.934s][debug][safepoint     ] Safepoint synchronization initiated. (184 threads)
[2023-10-17T14:42:02.836+0000][2455.935s][info ][safepoint     ] Application time: 1.0016511 seconds
[2023-10-17T14:42:02.837+0000][2455.937s][info ][safepoint     ] Entering safepoint region: Cleanup
[2023-10-17T14:42:02.838+0000][2455.938s][info ][safepoint     ] Leaving safepoint region
[2023-10-17T14:42:02.839+0000][2455.939s][info ][safepoint     ] Total time for which application threads were stopped: 0.0022318 seconds, Stopping threads took: 0.0010930 seconds
[2023-10-17T14:42:03.840+0000][2456.940s][debug][safepoint     ] Safepoint synchronization initiated. (184 threads)
[2023-10-17T14:42:03.841+0000][2456.941s][info ][safepoint     ] Application time: 1.0015291 seconds
[2023-10-17T14:42:03.842+0000][2456.942s][info ][safepoint     ] Entering safepoint region: Cleanup
[2023-10-17T14:42:03.843+0000][2456.942s][info ][safepoint     ] Leaving safepoint region
[2023-10-17T14:42:03.843+0000][2456.943s][info ][safepoint     ] Total time for which application threads were stopped: 0.0014105 seconds, Stopping threads took: 0.0006135 seconds
[2023-10-17T14:42:04.844+0000][2457.944s][debug][safepoint     ] Safepoint synchronization initiated. (184 threads)
[2023-10-17T14:42:04.845+0000][2457.945s][info ][safepoint     ] Application time: 1.0012753 seconds
[2023-10-17T14:42:04.846+0000][2457.946s][info ][safepoint     ] Entering safepoint region: Cleanup
[2023-10-17T14:42:04.848+0000][2457.948s][info ][safepoint     ] Leaving safepoint region
[2023-10-17T14:42:04.849+0000][2457.949s][info ][safepoint     ] Total time for which application threads were stopped: 0.0026279 seconds, Stopping threads took: 0.0010125 seconds
[2023-10-17T14:42:05.850+0000][2458.950s][debug][safepoint     ] Safepoint synchronization initiated. (184 threads)
[2023-10-17T14:42:05.851+0000][2458.951s][info ][safepoint     ] Application time: 1.0012838 seconds
[2023-10-17T14:42:05.852+0000][2458.952s][info ][safepoint     ] Entering safepoint region: Cleanup
[2023-10-17T14:42:05.853+0000][2458.953s][info ][safepoint     ] Leaving safepoint region
[2023-10-17T14:42:05.854+0000][2458.954s][info ][safepoint     ] Total time for which application threads were stopped: 0.0020869 seconds, Stopping threads took: 0.0008418 seconds
[2023-10-17T14:42:06.855+0000][2459.955s][debug][safepoint     ] Safepoint synchronization initiated. (184 threads)
[2023-10-17T14:42:06.856+0000][2459.956s][info ][safepoint     ] Application time: 1.0015418 seconds
[2023-10-17T14:42:06.858+0000][2459.957s][info ][safepoint     ] Entering safepoint region: Cleanup
[2023-10-17T14:42:06.859+0000][2459.959s][info ][safepoint     ] Leaving safepoint region
[2023-10-17T14:42:06.860+0000][2459.960s][info ][safepoint     ] Total time for which application threads were stopped: 0.0027476 seconds, Stopping threads took: 0.0014218 seconds
[2023-10-17T14:42:07.861+0000][2460.961s][debug][safepoint     ] Safepoint synchronization initiated. (184 threads)
[2023-10-17T14:42:07.862+0000][2460.961s][info ][safepoint     ] Application time: 1.0009367 seconds
[2023-10-17T14:42:07.863+0000][2460.962s][info ][safepoint     ] Entering safepoint region: Cleanup
[2023-10-17T14:42:07.864+0000][2460.963s][info ][safepoint     ] Leaving safepoint region
[2023-10-17T14:42:07.865+0000][2460.964s][info ][safepoint     ] Total time for which application threads were stopped: 0.0020200 seconds, Stopping threads took: 0.0008765 seconds
[2023-10-17T14:42:08.866+0000][2461.966s][debug][safepoint     ] Safepoint synchronization initiated. (184 threads)
[2023-10-17T14:42:08.867+0000][2461.967s][info ][safepoint     ] Application time: 1.0016187 seconds
[2023-10-17T14:42:08.868+0000][2461.967s][info ][safepoint     ] Entering safepoint region: Cleanup
[2023-10-17T14:42:08.869+0000][2461.968s][info ][safepoint     ] Leaving safepoint region
[2023-10-17T14:42:08.870+0000][2461.969s][info ][safepoint     ] Total time for which application threads were stopped: 0.0019811 seconds, Stopping threads took: 0.0007739 seconds
[2023-10-17T14:42:09.871+0000][2462.970s][debug][safepoint     ] Safepoint synchronization initiated. (184 threads)
[2023-10-17T14:42:09.871+0000][2462.971s][info ][safepoint     ] Application time: 1.0010622 seconds
[2023-10-17T14:42:09.872+0000][2462.972s][info ][safepoint     ] Entering safepoint region: Cleanup
[2023-10-17T14:42:09.873+0000][2462.973s][info ][safepoint     ] Leaving safepoint region
[2023-10-17T14:42:09.874+0000][2462.974s][info ][safepoint     ] Total time for which application threads were stopped: 0.0018474 seconds, Stopping threads took: 0.0008428 seconds
[2023-10-17T14:42:10.875+0000][2463.975s][debug][safepoint     ] Safepoint synchronization initiated. (184 threads)
[2023-10-17T14:42:10.876+0000][2463.976s][info ][safepoint     ] Application time: 1.0016228 seconds
[2023-10-17T14:42:10.877+0000][2463.977s][info ][safepoint     ] Entering safepoint region: Cleanup
[2023-10-17T14:42:10.878+0000][2463.978s][info ][safepoint     ] Leaving safepoint region
[2023-10-17T14:42:10.879+0000][2463.979s][info ][safepoint     ] Total time for which application threads were stopped: 0.0018001 seconds, Stopping threads took: 0.0007836 seconds
[2023-10-17T14:42:11.880+0000][2464.980s][debug][safepoint     ] Safepoint synchronization initiated. (184 threads)
[2023-10-17T14:42:11.881+0000][2464.981s][info ][safepoint     ] Application time: 1.0011776 seconds
[2023-10-17T14:42:11.882+0000][2464.982s][info ][safepoint     ] Entering safepoint region: Cleanup
[2023-10-17T14:42:11.883+0000][2464.983s][info ][safepoint     ] Leaving safepoint region
[2023-10-17T14:42:11.884+0000][2464.983s][info ][safepoint     ] Total time for which application threads were stopped: 0.0016927 seconds, Stopping threads took: 0.0008382 seconds
[2023-10-17T14:42:12.885+0000][2465.985s][debug][safepoint     ] Safepoint synchronization initiated. (184 threads)
[2023-10-17T14:42:12.887+0000][2465.986s][info ][safepoint     ] Application time: 1.0022730 seconds
[2023-10-17T14:42:12.887+0000][2465.987s][debug][safepoint     ] ... found polling page return exception at pc = 0x00007fc1a4a681f6, stub =0x00007fc19c840600
[2023-10-17T14:42:12.887+0000][2465.987s][debug][safepoint     ] ... found polling page return exception at pc = 0x00007fc1a4bf2e44, stub =0x00007fc19c840600
[2023-10-17T14:42:12.887+0000][2465.987s][debug][safepoint     ] ... found polling page return exception at pc = 0x00007fc1a4bf2e44, stub =0x00007fc19c840600
[2023-10-17T14:42:12.887+0000][2465.987s][debug][safepoint     ] ... found polling page return exception at pc = 0x00007fc1a4bf2e44, stub =0x00007fc19c840600
[2023-10-17T14:42:12.892+0000][2465.992s][debug][safepoint     ] Waiting for 4 thread(s) to block
[2023-10-17T14:42:12.894+0000][2465.993s][info ][safepoint     ] Entering safepoint region: Cleanup
[2023-10-17T14:42:12.895+0000][2465.995s][info ][safepoint     ] Leaving safepoint region
[2023-10-17T14:42:12.896+0000][2465.995s][info ][safepoint     ] Total time for which application threads were stopped: 0.0082221 seconds, Stopping threads took: 0.0073473 seconds
[2023-10-17T14:42:13.897+0000][2466.996s][debug][safepoint     ] Safepoint synchronization initiated. (184 threads)
[2023-10-17T14:42:13.897+0000][2466.997s][info ][safepoint     ] Application time: 1.0010317 seconds
[2023-10-17T14:42:13.898+0000][2466.998s][info ][safepoint     ] Entering safepoint region: Cleanup
[2023-10-17T14:42:13.899+0000][2466.999s][info ][safepoint     ] Leaving safepoint region
[2023-10-17T14:42:13.901+0000][2467.001s][info ][safepoint     ] Total time for which application threads were stopped: 0.0028050 seconds, Stopping threads took: 0.0008688 seconds
[2023-10-17T14:42:14.903+0000][2468.002s][debug][safepoint     ] Safepoint synchronization initiated. (184 threads)
[2023-10-17T14:42:14.904+0000][2468.003s][info ][safepoint     ] Application time: 1.0012873 seconds
[2023-10-17T14:42:14.905+0000][2468.004s][info ][safepoint     ] Entering safepoint region: Cleanup
[2023-10-17T14:42:14.906+0000][2468.005s][info ][safepoint     ] Leaving safepoint region
[2023-10-17T14:42:14.907+0000][2468.007s][info ][safepoint     ] Total time for which application threads were stopped: 0.0025374 seconds, Stopping threads took: 0.0008156 seconds
[2023-10-17T14:42:15.908+0000][2469.008s][debug][safepoint     ] Safepoint synchronization initiated. (184 threads)
[2023-10-17T14:42:15.910+0000][2469.010s][info ][safepoint     ] Application time: 1.0019181 seconds
[2023-10-17T14:42:15.911+0000][2469.010s][info ][safepoint     ] Entering safepoint region: Cleanup
[2023-10-17T14:42:15.912+0000][2469.012s][info ][safepoint     ] Leaving safepoint region
[2023-10-17T14:42:15.914+0000][2469.013s][info ][safepoint     ] Total time for which application threads were stopped: 0.0028549 seconds, Stopping threads took: 0.0010369 seconds
[2023-10-17T14:42:16.915+0000][2470.015s][debug][safepoint     ] Safepoint synchronization initiated. (184 threads)
[2023-10-17T14:42:16.916+0000][2470.016s][info ][safepoint     ] Application time: 1.0012182 seconds
[2023-10-17T14:42:16.917+0000][2470.017s][info ][safepoint     ] Entering safepoint region: Cleanup
[2023-10-17T14:42:16.918+0000][2470.018s][info ][safepoint     ] Leaving safepoint region
[2023-10-17T14:42:16.919+0000][2470.018s][info ][safepoint     ] Total time for which application threads were stopped: 0.0015854 seconds, Stopping threads took: 0.0005635 seconds
[2023-10-17T14:42:17.919+0000][2471.019s][debug][safepoint     ] Safepoint synchronization initiated. (184 threads)
[2023-10-17T14:42:17.920+0000][2471.020s][info ][safepoint     ] Application time: 1.0011714 seconds
[2023-10-17T14:42:17.921+0000][2471.021s][info ][safepoint     ] Entering safepoint region: Cleanup
[2023-10-17T14:42:17.922+0000][2471.022s][info ][safepoint     ] Leaving safepoint region
[2023-10-17T14:42:17.923+0000][2471.023s][info ][safepoint     ] Total time for which application threads were stopped: 0.0019480 seconds, Stopping threads took: 0.0009682 seconds
[2023-10-17T14:42:18.924+0000][2472.024s][debug][safepoint     ] Safepoint synchronization initiated. (184 threads)
[2023-10-17T14:42:18.925+0000][2472.025s][info ][safepoint     ] Application time: 1.0012856 seconds
[2023-10-17T14:42:18.926+0000][2472.026s][info ][safepoint     ] Entering safepoint region: Cleanup
[2023-10-17T14:42:18.928+0000][2472.028s][info ][safepoint     ] Leaving safepoint region
[2023-10-17T14:42:18.929+0000][2472.029s][info ][safepoint     ] Total time for which application threads were stopped: 0.0025814 seconds, Stopping threads took: 0.0011091 seconds
[2023-10-17T14:42:19.931+0000][2473.031s][debug][safepoint     ] Safepoint synchronization initiated. (184 threads)
[2023-10-17T14:42:19.932+0000][2473.032s][info ][safepoint     ] Application time: 1.0011310 seconds
[2023-10-17T14:42:19.933+0000][2473.033s][info ][safepoint     ] Entering safepoint region: Cleanup
[2023-10-17T14:42:19.934+0000][2473.034s][info ][safepoint     ] Leaving safepoint region
[2023-10-17T14:42:19.935+0000][2473.035s][info ][safepoint     ] Total time for which application threads were stopped: 0.0017679 seconds, Stopping threads took: 0.0008746 seconds
[2023-10-17T14:42:20.936+0000][2474.036s][debug][safepoint     ] Safepoint synchronization initiated. (184 threads)
[2023-10-17T14:42:20.938+0000][2474.038s][info ][safepoint     ] Application time: 1.0027281 seconds
[2023-10-17T14:42:20.939+0000][2474.039s][info ][safepoint     ] Entering safepoint region: Cleanup
[2023-10-17T14:42:20.941+0000][2474.041s][info ][safepoint     ] Leaving safepoint region
[2023-10-17T14:42:20.942+0000][2474.042s][info ][safepoint     ] Total time for which application threads were stopped: 0.0030976 seconds, Stopping threads took: 0.0011450 seconds
[2023-10-17T14:42:21.943+0000][2475.043s][debug][safepoint     ] Safepoint synchronization initiated. (184 threads)
[2023-10-17T14:42:21.944+0000][2475.044s][info ][safepoint     ] Application time: 1.0011044 seconds
[2023-10-17T14:42:21.945+0000][2475.045s][info ][safepoint     ] Entering safepoint region: Cleanup
[2023-10-17T14:42:21.947+0000][2475.047s][info ][safepoint     ] Leaving safepoint region
[2023-10-17T14:42:21.949+0000][2475.049s][info ][safepoint     ] Total time for which application threads were stopped: 0.0034950 seconds, Stopping threads took: 0.0017968 seconds
[2023-10-17T14:42:22.951+0000][2476.051s][debug][safepoint     ] Safepoint synchronization initiated. (184 threads)
[2023-10-17T14:42:22.952+0000][2476.052s][info ][safepoint     ] Application time: 1.0011730 seconds
[2023-10-17T14:42:22.952+0000][2476.052s][info ][safepoint     ] Entering safepoint region: Cleanup
[2023-10-17T14:42:22.953+0000][2476.053s][info ][safepoint     ] Leaving safepoint region
[2023-10-17T14:42:22.954+0000][2476.054s][info ][safepoint     ] Total time for which application threads were stopped: 0.0018810 seconds, Stopping threads took: 0.0007907 seconds
[2023-10-17T14:42:23.955+0000][2477.055s][debug][safepoint     ] Safepoint synchronization initiated. (184 threads)
[2023-10-17T14:42:23.956+0000][2477.056s][info ][safepoint     ] Application time: 1.0013673 seconds
[2023-10-17T14:42:23.957+0000][2477.057s][info ][safepoint     ] Entering safepoint region: Cleanup
[2023-10-17T14:42:23.958+0000][2477.058s][info ][safepoint     ] Leaving safepoint region
[2023-10-17T14:42:23.959+0000][2477.059s][info ][safepoint     ] Total time for which application threads were stopped: 0.0020894 seconds, Stopping threads took: 0.0009077 seconds
[2023-10-17T14:42:24.960+0000][2478.060s][debug][safepoint     ] Safepoint synchronization initiated. (184 threads)
[2023-10-17T14:42:24.961+0000][2478.061s][info ][safepoint     ] Application time: 1.0010266 seconds
[2023-10-17T14:42:24.962+0000][2478.062s][info ][safepoint     ] Entering safepoint region: Cleanup
[2023-10-17T14:42:24.963+0000][2478.063s][info ][safepoint     ] Leaving safepoint region
[2023-10-17T14:42:24.964+0000][2478.064s][info ][safepoint     ] Total time for which application threads were stopped: 0.0019572 seconds, Stopping threads took: 0.0007979 seconds
[2023-10-17T14:42:25.965+0000][2479.065s][debug][safepoint     ] Safepoint synchronization initiated. (184 threads)
[2023-10-17T14:42:25.966+0000][2479.066s][info ][safepoint     ] Application time: 1.0012264 seconds
[2023-10-17T14:42:25.967+0000][2479.067s][info ][safepoint     ] Entering safepoint region: Cleanup
[2023-10-17T14:42:25.969+0000][2479.068s][info ][safepoint     ] Leaving safepoint region
[2023-10-17T14:42:25.969+0000][2479.069s][info ][safepoint     ] Total time for which application threads were stopped: 0.0022632 seconds, Stopping threads took: 0.0010228 seconds
[2023-10-17T14:42:26.970+0000][2480.070s][debug][safepoint     ] Safepoint synchronization initiated. (184 threads)
[2023-10-17T14:42:26.972+0000][2480.072s][info ][safepoint     ] Application time: 1.0012734 seconds
[2023-10-17T14:42:26.973+0000][2480.073s][info ][safepoint     ] Entering safepoint region: Cleanup
[2023-10-17T14:42:26.974+0000][2480.074s][info ][safepoint     ] Leaving safepoint region
[2023-10-17T14:42:26.975+0000][2480.075s][info ][safepoint     ] Total time for which application threads were stopped: 0.0019213 seconds, Stopping threads took: 0.0006649 seconds
[2023-10-17T14:42:27.976+0000][2481.076s][debug][safepoint     ] Safepoint synchronization initiated. (184 threads)
[2023-10-17T14:42:27.977+0000][2481.077s][info ][safepoint     ] Application time: 1.0010575 seconds
[2023-10-17T14:42:27.978+0000][2481.078s][info ][safepoint     ] Entering safepoint region: Cleanup
[2023-10-17T14:42:27.979+0000][2481.079s][info ][safepoint     ] Leaving safepoint region
[2023-10-17T14:42:27.980+0000][2481.080s][info ][safepoint     ] Total time for which application threads were stopped: 0.0015375 seconds, Stopping threads took: 0.0006419 seconds
[2023-10-17T14:42:28.981+0000][2482.081s][debug][safepoint     ] Safepoint synchronization initiated. (184 threads)
[2023-10-17T14:42:28.982+0000][2482.082s][info ][safepoint     ] Application time: 1.0018259 seconds
[2023-10-17T14:42:28.983+0000][2482.083s][info ][safepoint     ] Entering safepoint region: Cleanup
[2023-10-17T14:42:28.984+0000][2482.084s][info ][safepoint     ] Leaving safepoint region
[2023-10-17T14:42:28.985+0000][2482.085s][info ][safepoint     ] Total time for which application threads were stopped: 0.0017894 seconds, Stopping threads took: 0.0007867 seconds
[2023-10-17T14:42:29.986+0000][2483.086s][debug][safepoint     ] Safepoint synchronization initiated. (184 threads)
[2023-10-17T14:42:29.987+0000][2483.087s][info ][safepoint     ] Application time: 1.0013438 seconds
[2023-10-17T14:42:29.988+0000][2483.088s][info ][safepoint     ] Entering safepoint region: Cleanup
[2023-10-17T14:42:29.989+0000][2483.089s][info ][safepoint     ] Leaving safepoint region
[2023-10-17T14:42:29.989+0000][2483.089s][info ][safepoint     ] Total time for which application threads were stopped: 0.0017240 seconds, Stopping threads took: 0.0007487 seconds
[2023-10-17T14:42:30.990+0000][2484.090s][debug][safepoint     ] Safepoint synchronization initiated. (184 threads)
[2023-10-17T14:42:30.991+0000][2484.091s][info ][safepoint     ] Application time: 1.0013421 seconds
[2023-10-17T14:42:30.992+0000][2484.092s][info ][safepoint     ] Entering safepoint region: Cleanup
[2023-10-17T14:42:30.993+0000][2484.093s][info ][safepoint     ] Leaving safepoint region
[2023-10-17T14:42:30.994+0000][2484.094s][info ][safepoint     ] Total time for which application threads were stopped: 0.0016863 seconds, Stopping threads took: 0.0006647 seconds
[2023-10-17T14:42:31.995+0000][2485.095s][debug][safepoint     ] Safepoint synchronization initiated. (184 threads)
[2023-10-17T14:42:31.996+0000][2485.096s][info ][safepoint     ] Application time: 1.0009763 seconds
[2023-10-17T14:42:31.997+0000][2485.097s][info ][safepoint     ] Entering safepoint region: Cleanup
[2023-10-17T14:42:31.999+0000][2485.099s][info ][safepoint     ] Leaving safepoint region
[2023-10-17T14:42:32.000+0000][2485.100s][info ][safepoint     ] Total time for which application threads were stopped: 0.0030196 seconds, Stopping threads took: 0.0011941 seconds
[2023-10-17T14:42:33.001+0000][2486.101s][debug][safepoint     ] Safepoint synchronization initiated. (184 threads)
[2023-10-17T14:42:33.003+0000][2486.103s][info ][safepoint     ] Application time: 1.0018932 seconds
[2023-10-17T14:42:33.004+0000][2486.104s][info ][safepoint     ] Entering safepoint region: Cleanup
[2023-10-17T14:42:33.004+0000][2486.104s][info ][safepoint     ] Leaving safepoint region
[2023-10-17T14:42:33.005+0000][2486.105s][info ][safepoint     ] Total time for which application threads were stopped: 0.0016198 seconds, Stopping threads took: 0.0006840 seconds
[2023-10-17T14:42:34.006+0000][2487.106s][debug][safepoint     ] Safepoint synchronization initiated. (184 threads)
[2023-10-17T14:42:34.007+0000][2487.107s][info ][safepoint     ] Application time: 1.0012638 seconds
[2023-10-17T14:42:34.008+0000][2487.108s][info ][safepoint     ] Entering safepoint region: Cleanup
[2023-10-17T14:42:34.010+0000][2487.110s][info ][safepoint     ] Leaving safepoint region
[2023-10-17T14:42:34.011+0000][2487.111s][info ][safepoint     ] Total time for which application threads were stopped: 0.0027992 seconds, Stopping threads took: 0.0016613 seconds
[2023-10-17T14:42:35.012+0000][2488.112s][debug][safepoint     ] Safepoint synchronization initiated. (184 threads)
[2023-10-17T14:42:35.013+0000][2488.113s][info ][safepoint     ] Application time: 1.0017455 seconds
[2023-10-17T14:42:35.014+0000][2488.114s][info ][safepoint     ] Entering safepoint region: Cleanup
[2023-10-17T14:42:35.015+0000][2488.115s][info ][safepoint     ] Leaving safepoint region
[2023-10-17T14:42:35.016+0000][2488.116s][info ][safepoint     ] Total time for which application threads were stopped: 0.0021594 seconds, Stopping threads took: 0.0011460 seconds
[2023-10-17T14:42:36.017+0000][2489.117s][debug][safepoint     ] Safepoint synchronization initiated. (184 threads)
[2023-10-17T14:42:36.018+0000][2489.118s][info ][safepoint     ] Application time: 1.0012904 seconds
[2023-10-17T14:42:36.019+0000][2489.119s][info ][safepoint     ] Entering safepoint region: Cleanup
[2023-10-17T14:42:36.021+0000][2489.121s][info ][safepoint     ] Leaving safepoint region
[2023-10-17T14:42:36.023+0000][2489.123s][info ][safepoint     ] Total time for which application threads were stopped: 0.0040669 seconds, Stopping threads took: 0.0018257 seconds
[2023-10-17T14:42:37.024+0000][2490.124s][debug][safepoint     ] Safepoint synchronization initiated. (184 threads)
[2023-10-17T14:42:37.026+0000][2490.126s][info ][safepoint     ] Application time: 1.0017792 seconds
[2023-10-17T14:42:37.027+0000][2490.127s][info ][safepoint     ] Entering safepoint region: Cleanup
[2023-10-17T14:42:37.028+0000][2490.128s][info ][safepoint     ] Leaving safepoint region
[2023-10-17T14:42:37.029+0000][2490.129s][info ][safepoint     ] Total time for which application threads were stopped: 0.0027908 seconds, Stopping threads took: 0.0012019 seconds
[2023-10-17T14:42:38.030+0000][2491.130s][debug][safepoint     ] Safepoint synchronization initiated. (184 threads)
[2023-10-17T14:42:38.031+0000][2491.131s][info ][safepoint     ] Application time: 1.0011678 seconds
[2023-10-17T14:42:38.032+0000][2491.132s][info ][safepoint     ] Entering safepoint region: Cleanup
[2023-10-17T14:42:38.033+0000][2491.133s][info ][safepoint     ] Leaving safepoint region
[2023-10-17T14:42:38.033+0000][2491.133s][info ][safepoint     ] Total time for which application threads were stopped: 0.0013456 seconds, Stopping threads took: 0.0005991 seconds
[2023-10-17T14:42:39.034+0000][2492.134s][debug][safepoint     ] Safepoint synchronization initiated. (183 threads)
[2023-10-17T14:42:39.035+0000][2492.135s][info ][safepoint     ] Application time: 1.0010144 seconds
[2023-10-17T14:42:39.036+0000][2492.136s][info ][safepoint     ] Entering safepoint region: Cleanup
[2023-10-17T14:42:39.037+0000][2492.137s][info ][safepoint     ] Leaving safepoint region
[2023-10-17T14:42:39.038+0000][2492.138s][info ][safepoint     ] Total time for which application threads were stopped: 0.0018858 seconds, Stopping threads took: 0.0008232 seconds
[2023-10-17T14:42:40.039+0000][2493.139s][debug][safepoint     ] Safepoint synchronization initiated. (183 threads)
[2023-10-17T14:42:40.040+0000][2493.140s][info ][safepoint     ] Application time: 1.0012899 seconds
[2023-10-17T14:42:40.041+0000][2493.141s][debug][safepoint     ] ... found polling page return exception at pc = 0x00007fc1a42c9594, stub =0x00007fc19c840600
[2023-10-17T14:42:40.042+0000][2493.142s][debug][safepoint     ] Waiting for 1 thread(s) to block
[2023-10-17T14:42:40.042+0000][2493.142s][info ][safepoint     ] Entering safepoint region: Cleanup
[2023-10-17T14:42:40.043+0000][2493.143s][info ][safepoint     ] Leaving safepoint region
[2023-10-17T14:42:40.044+0000][2493.144s][info ][safepoint     ] Total time for which application threads were stopped: 0.0031546 seconds, Stopping threads took: 0.0020720 seconds
[2023-10-17T14:42:41.045+0000][2494.145s][debug][safepoint     ] Safepoint synchronization initiated. (183 threads)
[2023-10-17T14:42:41.046+0000][2494.146s][info ][safepoint     ] Application time: 1.0012883 seconds
[2023-10-17T14:42:41.047+0000][2494.147s][info ][safepoint     ] Entering safepoint region: Cleanup
[2023-10-17T14:42:41.049+0000][2494.149s][info ][safepoint     ] Leaving safepoint region
[2023-10-17T14:42:41.050+0000][2494.150s][info ][safepoint     ] Total time for which application threads were stopped: 0.0033333 seconds, Stopping threads took: 0.0009938 seconds
[2023-10-17T14:42:42.052+0000][2495.152s][debug][safepoint     ] Safepoint synchronization initiated. (183 threads)
[2023-10-17T14:42:42.053+0000][2495.153s][info ][safepoint     ] Application time: 1.0011144 seconds
[2023-10-17T14:42:42.053+0000][2495.153s][info ][safepoint     ] Entering safepoint region: Cleanup
[2023-10-17T14:42:42.055+0000][2495.155s][info ][safepoint     ] Leaving safepoint region
[2023-10-17T14:42:42.056+0000][2495.156s][info ][safepoint     ] Total time for which application threads were stopped: 0.0026935 seconds, Stopping threads took: 0.0009325 seconds
[2023-10-17T14:42:43.057+0000][2496.157s][debug][safepoint     ] Safepoint synchronization initiated. (183 threads)
[2023-10-17T14:42:43.058+0000][2496.158s][info ][safepoint     ] Application time: 1.0013855 seconds
[2023-10-17T14:42:43.059+0000][2496.159s][info ][safepoint     ] Entering safepoint region: Cleanup
[2023-10-17T14:42:43.060+0000][2496.160s][info ][safepoint     ] Leaving safepoint region
[2023-10-17T14:42:43.061+0000][2496.161s][info ][safepoint     ] Total time for which application threads were stopped: 0.0018263 seconds, Stopping threads took: 0.0009463 seconds
[2023-10-17T14:42:44.062+0000][2497.162s][debug][safepoint     ] Safepoint synchronization initiated. (183 threads)
[2023-10-17T14:42:44.063+0000][2497.163s][info ][safepoint     ] Application time: 1.0011506 seconds
[2023-10-17T14:42:44.064+0000][2497.164s][info ][safepoint     ] Entering safepoint region: Cleanup
[2023-10-17T14:42:44.065+0000][2497.165s][info ][safepoint     ] Leaving safepoint region
[2023-10-17T14:42:44.066+0000][2497.166s][info ][safepoint     ] Total time for which application threads were stopped: 0.0018622 seconds, Stopping threads took: 0.0009262 seconds
[2023-10-17T14:42:45.067+0000][2498.167s][debug][safepoint     ] Safepoint synchronization initiated. (183 threads)
[2023-10-17T14:42:45.068+0000][2498.168s][info ][safepoint     ] Application time: 1.0010241 seconds
[2023-10-17T14:42:45.068+0000][2498.168s][info ][safepoint     ] Entering safepoint region: Cleanup
[2023-10-17T14:42:45.069+0000][2498.169s][info ][safepoint     ] Leaving safepoint region
[2023-10-17T14:42:45.070+0000][2498.170s][info ][safepoint     ] Total time for which application threads were stopped: 0.0012925 seconds, Stopping threads took: 0.0006130 seconds
[2023-10-17T14:42:46.070+0000][2499.170s][debug][safepoint     ] Safepoint synchronization initiated. (183 threads)
[2023-10-17T14:42:46.071+0000][2499.171s][info ][safepoint     ] Application time: 1.0010282 seconds
[2023-10-17T14:42:46.072+0000][2499.172s][info ][safepoint     ] Entering safepoint region: Cleanup
[2023-10-17T14:42:46.074+0000][2499.174s][info ][safepoint     ] Leaving safepoint region
[2023-10-17T14:42:46.074+0000][2499.174s][info ][safepoint     ] Total time for which application threads were stopped: 0.0018764 seconds, Stopping threads took: 0.0009725 seconds
[2023-10-17T14:42:47.075+0000][2500.175s][debug][safepoint     ] Safepoint synchronization initiated. (183 threads)
[2023-10-17T14:42:47.076+0000][2500.176s][info ][safepoint     ] Application time: 1.0009760 seconds
[2023-10-17T14:42:47.077+0000][2500.176s][info ][safepoint     ] Entering safepoint region: Cleanup
[2023-10-17T14:42:47.078+0000][2500.178s][info ][safepoint     ] Leaving safepoint region
[2023-10-17T14:42:47.079+0000][2500.179s][info ][safepoint     ] Total time for which application threads were stopped: 0.0026737 seconds, Stopping threads took: 0.0008598 seconds
[2023-10-17T14:42:48.080+0000][2501.180s][debug][safepoint     ] Safepoint synchronization initiated. (190 threads)
[2023-10-17T14:42:48.081+0000][2501.181s][info ][safepoint     ] Application time: 1.0007662 seconds
[2023-10-17T14:42:48.081+0000][2501.181s][info ][safepoint     ] Entering safepoint region: Cleanup
[2023-10-17T14:42:48.083+0000][2501.183s][info ][safepoint     ] Leaving safepoint region
[2023-10-17T14:42:48.084+0000][2501.184s][info ][safepoint     ] Total time for which application threads were stopped: 0.0027694 seconds, Stopping threads took: 0.0019483 seconds
[2023-10-17T14:42:49.084+0000][2502.185s][debug][safepoint     ] Safepoint synchronization initiated. (190 threads)
[2023-10-17T14:42:49.085+0000][2502.186s][info ][safepoint     ] Application time: 1.0013451 seconds
[2023-10-17T14:42:49.087+0000][2502.187s][info ][safepoint     ] Entering safepoint region: Cleanup
[2023-10-17T14:42:49.088+0000][2502.188s][info ][safepoint     ] Leaving safepoint region
[2023-10-17T14:42:49.089+0000][2502.189s][info ][safepoint     ] Total time for which application threads were stopped: 0.0023368 seconds, Stopping threads took: 0.0010752 seconds
[2023-10-17T14:42:50.091+0000][2503.191s][debug][safepoint     ] Safepoint synchronization initiated. (190 threads)
[2023-10-17T14:42:50.092+0000][2503.192s][info ][safepoint     ] Application time: 1.0018490 seconds
[2023-10-17T14:42:50.092+0000][2503.193s][info ][safepoint     ] Entering safepoint region: Cleanup
[2023-10-17T14:42:50.093+0000][2503.194s][info ][safepoint     ] Leaving safepoint region
[2023-10-17T14:42:50.094+0000][2503.194s][info ][safepoint     ] Total time for which application threads were stopped: 0.0017263 seconds, Stopping threads took: 0.0006794 seconds
[2023-10-17T14:42:51.095+0000][2504.195s][debug][safepoint     ] Safepoint synchronization initiated. (190 threads)
[2023-10-17T14:42:51.096+0000][2504.196s][info ][safepoint     ] Application time: 1.0014511 seconds
[2023-10-17T14:42:51.097+0000][2504.197s][info ][safepoint     ] Entering safepoint region: Cleanup
[2023-10-17T14:42:51.097+0000][2504.198s][info ][safepoint     ] Leaving safepoint region
[2023-10-17T14:42:51.098+0000][2504.198s][info ][safepoint     ] Total time for which application threads were stopped: 0.0016762 seconds, Stopping threads took: 0.0005409 seconds
[2023-10-17T14:42:52.099+0000][2505.199s][debug][safepoint     ] Safepoint synchronization initiated. (190 threads)
[2023-10-17T14:42:52.100+0000][2505.200s][info ][safepoint     ] Application time: 1.0013129 seconds
[2023-10-17T14:42:52.101+0000][2505.201s][info ][safepoint     ] Entering safepoint region: Cleanup
[2023-10-17T14:42:52.102+0000][2505.202s][info ][safepoint     ] Leaving safepoint region
[2023-10-17T14:42:52.102+0000][2505.203s][info ][safepoint     ] Total time for which application threads were stopped: 0.0017206 seconds, Stopping threads took: 0.0007968 seconds
[2023-10-17T14:42:53.103+0000][2506.203s][debug][safepoint     ] Safepoint synchronization initiated. (190 threads)
[2023-10-17T14:42:53.104+0000][2506.204s][info ][safepoint     ] Application time: 1.0011577 seconds
[2023-10-17T14:42:53.105+0000][2506.205s][info ][safepoint     ] Entering safepoint region: Cleanup
[2023-10-17T14:42:53.106+0000][2506.207s][info ][safepoint     ] Leaving safepoint region
[2023-10-17T14:42:53.107+0000][2506.208s][info ][safepoint     ] Total time for which application threads were stopped: 0.0025870 seconds, Stopping threads took: 0.0011304 seconds
[2023-10-17T14:42:54.109+0000][2507.209s][debug][safepoint     ] Safepoint synchronization initiated. (190 threads)
[2023-10-17T14:42:54.110+0000][2507.210s][info ][safepoint     ] Application time: 1.0013458 seconds
[2023-10-17T14:42:54.111+0000][2507.211s][info ][safepoint     ] Entering safepoint region: Cleanup
[2023-10-17T14:42:54.112+0000][2507.212s][info ][safepoint     ] Leaving safepoint region
[2023-10-17T14:42:54.112+0000][2507.213s][info ][safepoint     ] Total time for which application threads were stopped: 0.0018677 seconds, Stopping threads took: 0.0007535 seconds
[2023-10-17T14:42:55.113+0000][2508.213s][debug][safepoint     ] Safepoint synchronization initiated. (190 threads)
[2023-10-17T14:42:55.115+0000][2508.215s][info ][safepoint     ] Application time: 1.0016638 seconds
[2023-10-17T14:42:55.117+0000][2508.217s][info ][safepoint     ] Entering safepoint region: Cleanup
[2023-10-17T14:42:55.118+0000][2508.219s][info ][safepoint     ] Leaving safepoint region
[2023-10-17T14:42:55.119+0000][2508.219s][info ][safepoint     ] Total time for which application threads were stopped: 0.0026357 seconds, Stopping threads took: 0.0016067 seconds
[2023-10-17T14:42:56.120+0000][2509.221s][debug][safepoint     ] Safepoint synchronization initiated. (190 threads)
[2023-10-17T14:42:56.121+0000][2509.221s][info ][safepoint     ] Application time: 1.0013415 seconds
[2023-10-17T14:42:56.122+0000][2509.222s][info ][safepoint     ] Entering safepoint region: Cleanup
[2023-10-17T14:42:56.123+0000][2509.223s][info ][safepoint     ] Leaving safepoint region
[2023-10-17T14:42:56.123+0000][2509.223s][info ][safepoint     ] Total time for which application threads were stopped: 0.0013401 seconds, Stopping threads took: 0.0006835 seconds
[2023-10-17T14:42:57.124+0000][2510.224s][debug][safepoint     ] Safepoint synchronization initiated. (190 threads)
[2023-10-17T14:42:57.125+0000][2510.225s][info ][safepoint     ] Application time: 1.0011653 seconds
[2023-10-17T14:42:57.126+0000][2510.226s][info ][safepoint     ] Entering safepoint region: Cleanup
[2023-10-17T14:42:57.127+0000][2510.227s][info ][safepoint     ] Leaving safepoint region
[2023-10-17T14:42:57.127+0000][2510.228s][info ][safepoint     ] Total time for which application threads were stopped: 0.0018198 seconds, Stopping threads took: 0.0007921 seconds
[2023-10-17T14:42:58.128+0000][2511.228s][debug][safepoint     ] Safepoint synchronization initiated. (190 threads)
[2023-10-17T14:42:58.129+0000][2511.229s][info ][safepoint     ] Application time: 1.0011029 seconds
[2023-10-17T14:42:58.130+0000][2511.230s][info ][safepoint     ] Entering safepoint region: Cleanup
[2023-10-17T14:42:58.131+0000][2511.231s][info ][safepoint     ] Leaving safepoint region
[2023-10-17T14:42:58.131+0000][2511.232s][info ][safepoint     ] Total time for which application threads were stopped: 0.0017201 seconds, Stopping threads took: 0.0008274 seconds
[2023-10-17T14:42:59.132+0000][2512.233s][debug][safepoint     ] Safepoint synchronization initiated. (190 threads)
[2023-10-17T14:42:59.133+0000][2512.234s][info ][safepoint     ] Application time: 1.0012304 seconds
[2023-10-17T14:42:59.135+0000][2512.235s][info ][safepoint     ] Entering safepoint region: Cleanup
[2023-10-17T14:42:59.136+0000][2512.236s][info ][safepoint     ] Leaving safepoint region
[2023-10-17T14:42:59.136+0000][2512.237s][info ][safepoint     ] Total time for which application threads were stopped: 0.0017822 seconds, Stopping threads took: 0.0008805 seconds
[2023-10-17T14:43:00.137+0000][2513.238s][debug][safepoint     ] Safepoint synchronization initiated. (190 threads)
[2023-10-17T14:43:00.138+0000][2513.238s][info ][safepoint     ] Application time: 1.0009095 seconds
[2023-10-17T14:43:00.140+0000][2513.240s][info ][safepoint     ] Entering safepoint region: Cleanup
[2023-10-17T14:43:00.141+0000][2513.241s][info ][safepoint     ] Leaving safepoint region
[2023-10-17T14:43:00.141+0000][2513.242s][info ][safepoint     ] Total time for which application threads were stopped: 0.0018055 seconds, Stopping threads took: 0.0007602 seconds
[2023-10-17T14:43:01.142+0000][2514.243s][debug][safepoint     ] Safepoint synchronization initiated. (190 threads)
[2023-10-17T14:43:01.143+0000][2514.244s][info ][safepoint     ] Application time: 1.0011547 seconds
[2023-10-17T14:43:01.145+0000][2514.245s][debug][safepoint     ] ... found polling page return exception at pc = 0x00007fc1a56bbc73, stub =0x00007fc19c840600
[2023-10-17T14:43:01.146+0000][2514.246s][debug][safepoint     ] Waiting for 2 thread(s) to block
[2023-10-17T14:43:01.147+0000][2514.247s][info ][safepoint     ] Entering safepoint region: Cleanup
[2023-10-17T14:43:01.148+0000][2514.248s][info ][safepoint     ] Leaving safepoint region
[2023-10-17T14:43:01.149+0000][2514.249s][info ][safepoint     ] Total time for which application threads were stopped: 0.0040977 seconds, Stopping threads took: 0.0025003 seconds
[2023-10-17T14:43:02.151+0000][2515.251s][debug][safepoint     ] Safepoint synchronization initiated. (190 threads)
[2023-10-17T14:43:02.152+0000][2515.252s][info ][safepoint     ] Application time: 1.0016407 seconds
[2023-10-17T14:43:02.153+0000][2515.253s][info ][safepoint     ] Entering safepoint region: Cleanup
[2023-10-17T14:43:02.154+0000][2515.254s][info ][safepoint     ] Leaving safepoint region
[2023-10-17T14:43:02.155+0000][2515.255s][info ][safepoint     ] Total time for which application threads were stopped: 0.0020161 seconds, Stopping threads took: 0.0008235 seconds
[2023-10-17T14:43:03.156+0000][2516.256s][debug][safepoint     ] Safepoint synchronization initiated. (190 threads)
[2023-10-17T14:43:03.157+0000][2516.257s][info ][safepoint     ] Application time: 1.0014481 seconds
[2023-10-17T14:43:03.158+0000][2516.258s][info ][safepoint     ] Entering safepoint region: Cleanup
[2023-10-17T14:43:03.160+0000][2516.260s][info ][safepoint     ] Leaving safepoint region
[2023-10-17T14:43:03.160+0000][2516.260s][info ][safepoint     ] Total time for which application threads were stopped: 0.0018259 seconds, Stopping threads took: 0.0010581 seconds
[2023-10-17T14:43:04.161+0000][2517.261s][debug][safepoint     ] Safepoint synchronization initiated. (190 threads)
[2023-10-17T14:43:04.163+0000][2517.263s][info ][safepoint     ] Application time: 1.0019785 seconds
[2023-10-17T14:43:04.164+0000][2517.264s][info ][safepoint     ] Entering safepoint region: Cleanup
[2023-10-17T14:43:04.165+0000][2517.265s][info ][safepoint     ] Leaving safepoint region
[2023-10-17T14:43:04.165+0000][2517.266s][info ][safepoint     ] Total time for which application threads were stopped: 0.0019123 seconds, Stopping threads took: 0.0009296 seconds
[2023-10-17T14:43:05.167+0000][2518.267s][debug][safepoint     ] Safepoint synchronization initiated. (190 threads)
[2023-10-17T14:43:05.167+0000][2518.268s][info ][safepoint     ] Application time: 1.0009065 seconds
[2023-10-17T14:43:05.168+0000][2518.269s][info ][safepoint     ] Entering safepoint region: Cleanup
[2023-10-17T14:43:05.170+0000][2518.270s][info ][safepoint     ] Leaving safepoint region
[2023-10-17T14:43:05.171+0000][2518.271s][info ][safepoint     ] Total time for which application threads were stopped: 0.0024316 seconds, Stopping threads took: 0.0012180 seconds
[2023-10-17T14:43:06.172+0000][2519.272s][debug][safepoint     ] Safepoint synchronization initiated. (190 threads)
[2023-10-17T14:43:06.172+0000][2519.273s][info ][safepoint     ] Application time: 1.0009313 seconds
[2023-10-17T14:43:06.173+0000][2519.273s][info ][safepoint     ] Entering safepoint region: Cleanup
[2023-10-17T14:43:06.174+0000][2519.274s][info ][safepoint     ] Leaving safepoint region
[2023-10-17T14:43:06.174+0000][2519.275s][info ][safepoint     ] Total time for which application threads were stopped: 0.0014094 seconds, Stopping threads took: 0.0006908 seconds
[2023-10-17T14:43:07.175+0000][2520.275s][debug][safepoint     ] Safepoint synchronization initiated. (190 threads)
[2023-10-17T14:43:07.176+0000][2520.276s][info ][safepoint     ] Application time: 1.0007552 seconds
[2023-10-17T14:43:07.177+0000][2520.277s][info ][safepoint     ] Entering safepoint region: Cleanup
[2023-10-17T14:43:07.178+0000][2520.278s][info ][safepoint     ] Leaving safepoint region
[2023-10-17T14:43:07.178+0000][2520.278s][info ][safepoint     ] Total time for which application threads were stopped: 0.0014317 seconds, Stopping threads took: 0.0007094 seconds
[2023-10-17T14:43:08.179+0000][2521.279s][debug][safepoint     ] Safepoint synchronization initiated. (190 threads)
[2023-10-17T14:43:08.179+0000][2521.280s][info ][safepoint     ] Application time: 1.0009721 seconds
[2023-10-17T14:43:08.180+0000][2521.280s][info ][safepoint     ] Entering safepoint region: Cleanup
[2023-10-17T14:43:08.181+0000][2521.281s][info ][safepoint     ] Leaving safepoint region
[2023-10-17T14:43:08.182+0000][2521.282s][info ][safepoint     ] Total time for which application threads were stopped: 0.0019564 seconds, Stopping threads took: 0.0007697 seconds
[2023-10-17T14:43:09.183+0000][2522.283s][debug][safepoint     ] Safepoint synchronization initiated. (190 threads)
[2023-10-17T14:43:09.184+0000][2522.284s][info ][safepoint     ] Application time: 1.0011431 seconds
[2023-10-17T14:43:09.185+0000][2522.286s][info ][safepoint     ] Entering safepoint region: Cleanup
[2023-10-17T14:43:09.187+0000][2522.288s][info ][safepoint     ] Leaving safepoint region
[2023-10-17T14:43:09.188+0000][2522.289s][info ][safepoint     ] Total time for which application threads were stopped: 0.0032821 seconds, Stopping threads took: 0.0015617 seconds
[2023-10-17T14:43:10.189+0000][2523.290s][debug][safepoint     ] Safepoint synchronization initiated. (190 threads)
[2023-10-17T14:43:10.191+0000][2523.291s][info ][safepoint     ] Application time: 1.0019292 seconds
[2023-10-17T14:43:10.192+0000][2523.292s][info ][safepoint     ] Entering safepoint region: Cleanup
[2023-10-17T14:43:10.193+0000][2523.293s][info ][safepoint     ] Leaving safepoint region
[2023-10-17T14:43:10.194+0000][2523.294s][info ][safepoint     ] Total time for which application threads were stopped: 0.0016732 seconds, Stopping threads took: 0.0007565 seconds
[2023-10-17T14:43:11.195+0000][2524.295s][debug][safepoint     ] Safepoint synchronization initiated. (190 threads)
[2023-10-17T14:43:11.196+0000][2524.296s][info ][safepoint     ] Application time: 1.0013546 seconds
[2023-10-17T14:43:11.197+0000][2524.297s][info ][safepoint     ] Entering safepoint region: Cleanup
[2023-10-17T14:43:11.200+0000][2524.300s][info ][safepoint     ] Leaving safepoint region
[2023-10-17T14:43:11.201+0000][2524.301s][info ][safepoint     ] Total time for which application threads were stopped: 0.0044701 seconds, Stopping threads took: 0.0017028 seconds
[2023-10-17T14:43:12.202+0000][2525.303s][debug][safepoint     ] Safepoint synchronization initiated. (190 threads)
[2023-10-17T14:43:12.203+0000][2525.303s][info ][safepoint     ] Application time: 1.0010484 seconds
[2023-10-17T14:43:12.204+0000][2525.304s][info ][safepoint     ] Entering safepoint region: Cleanup
[2023-10-17T14:43:12.204+0000][2525.304s][info ][safepoint     ] Leaving safepoint region
[2023-10-17T14:43:12.205+0000][2525.305s][info ][safepoint     ] Total time for which application threads were stopped: 0.0013018 seconds, Stopping threads took: 0.0005555 seconds
[2023-10-17T14:43:13.206+0000][2526.306s][debug][safepoint     ] Safepoint synchronization initiated. (190 threads)
[2023-10-17T14:43:13.206+0000][2526.306s][info ][safepoint     ] Application time: 1.0009106 seconds
[2023-10-17T14:43:13.207+0000][2526.307s][info ][safepoint     ] Entering safepoint region: Cleanup
[2023-10-17T14:43:13.208+0000][2526.308s][info ][safepoint     ] Leaving safepoint region
[2023-10-17T14:43:13.208+0000][2526.308s][info ][safepoint     ] Total time for which application threads were stopped: 0.0015094 seconds, Stopping threads took: 0.0007345 seconds
[2023-10-17T14:43:14.209+0000][2527.309s][debug][safepoint     ] Safepoint synchronization initiated. (190 threads)
[2023-10-17T14:43:14.210+0000][2527.310s][info ][safepoint     ] Application time: 1.0010808 seconds
[2023-10-17T14:43:14.210+0000][2527.311s][info ][safepoint     ] Entering safepoint region: Cleanup
[2023-10-17T14:43:14.211+0000][2527.312s][info ][safepoint     ] Leaving safepoint region
[2023-10-17T14:43:14.212+0000][2527.312s][info ][safepoint     ] Total time for which application threads were stopped: 0.0015687 seconds, Stopping threads took: 0.0008076 seconds
[2023-10-17T14:43:15.213+0000][2528.313s][debug][safepoint     ] Safepoint synchronization initiated. (190 threads)
[2023-10-17T14:43:15.214+0000][2528.314s][info ][safepoint     ] Application time: 1.0011689 seconds
[2023-10-17T14:43:15.214+0000][2528.315s][info ][safepoint     ] Entering safepoint region: Cleanup
[2023-10-17T14:43:15.216+0000][2528.316s][info ][safepoint     ] Leaving safepoint region
[2023-10-17T14:43:15.216+0000][2528.317s][info ][safepoint     ] Total time for which application threads were stopped: 0.0020551 seconds, Stopping threads took: 0.0008833 seconds
[2023-10-17T14:43:16.217+0000][2529.318s][debug][safepoint     ] Safepoint synchronization initiated. (190 threads)
[2023-10-17T14:43:16.218+0000][2529.318s][info ][safepoint     ] Application time: 1.0011142 seconds
[2023-10-17T14:43:16.219+0000][2529.319s][info ][safepoint     ] Entering safepoint region: Cleanup
[2023-10-17T14:43:16.220+0000][2529.321s][info ][safepoint     ] Leaving safepoint region
[2023-10-17T14:43:16.221+0000][2529.321s][info ][safepoint     ] Total time for which application threads were stopped: 0.0021933 seconds, Stopping threads took: 0.0008383 seconds
[2023-10-17T14:43:17.223+0000][2530.323s][debug][safepoint     ] Safepoint synchronization initiated. (190 threads)
[2023-10-17T14:43:17.225+0000][2530.325s][info ][safepoint     ] Application time: 1.0025451 seconds
[2023-10-17T14:43:17.226+0000][2530.326s][info ][safepoint     ] Entering safepoint region: Cleanup
[2023-10-17T14:43:17.226+0000][2530.327s][info ][safepoint     ] Leaving safepoint region
[2023-10-17T14:43:17.227+0000][2530.327s][info ][safepoint     ] Total time for which application threads were stopped: 0.0013905 seconds, Stopping threads took: 0.0006101 seconds
[2023-10-17T14:43:18.228+0000][2531.328s][debug][safepoint     ] Safepoint synchronization initiated. (190 threads)
[2023-10-17T14:43:18.229+0000][2531.329s][info ][safepoint     ] Application time: 1.0012169 seconds
[2023-10-17T14:43:18.229+0000][2531.330s][info ][safepoint     ] Entering safepoint region: Cleanup
[2023-10-17T14:43:18.230+0000][2531.330s][info ][safepoint     ] Leaving safepoint region
[2023-10-17T14:43:18.231+0000][2531.331s][info ][safepoint     ] Total time for which application threads were stopped: 0.0015576 seconds, Stopping threads took: 0.0006264 seconds
[2023-10-17T14:43:19.232+0000][2532.332s][debug][safepoint     ] Safepoint synchronization initiated. (190 threads)
[2023-10-17T14:43:19.233+0000][2532.333s][info ][safepoint     ] Application time: 1.0016390 seconds
[2023-10-17T14:43:19.234+0000][2532.334s][info ][safepoint     ] Entering safepoint region: Cleanup
[2023-10-17T14:43:19.235+0000][2532.335s][info ][safepoint     ] Leaving safepoint region
[2023-10-17T14:43:19.236+0000][2532.336s][info ][safepoint     ] Total time for which application threads were stopped: 0.0023125 seconds, Stopping threads took: 0.0008895 seconds
[2023-10-17T14:43:20.237+0000][2533.338s][debug][safepoint     ] Safepoint synchronization initiated. (190 threads)
[2023-10-17T14:43:20.238+0000][2533.338s][info ][safepoint     ] Application time: 1.0012041 seconds
[2023-10-17T14:43:20.240+0000][2533.340s][info ][safepoint     ] Entering safepoint region: Cleanup
[2023-10-17T14:43:20.241+0000][2533.341s][info ][safepoint     ] Leaving safepoint region
[2023-10-17T14:43:20.241+0000][2533.342s][info ][safepoint     ] Total time for which application threads were stopped: 0.0018782 seconds, Stopping threads took: 0.0008360 seconds
[2023-10-17T14:43:21.242+0000][2534.343s][debug][safepoint     ] Safepoint synchronization initiated. (190 threads)
[2023-10-17T14:43:21.243+0000][2534.343s][info ][safepoint     ] Application time: 1.0009661 seconds
[2023-10-17T14:43:21.244+0000][2534.344s][info ][safepoint     ] Entering safepoint region: Cleanup
[2023-10-17T14:43:21.245+0000][2534.345s][info ][safepoint     ] Leaving safepoint region
[2023-10-17T14:43:21.246+0000][2534.346s][info ][safepoint     ] Total time for which application threads were stopped: 0.0019524 seconds, Stopping threads took: 0.0009029 seconds
[2023-10-17T14:43:22.247+0000][2535.347s][debug][safepoint     ] Safepoint synchronization initiated. (190 threads)
[2023-10-17T14:43:22.248+0000][2535.348s][info ][safepoint     ] Application time: 1.0013196 seconds
[2023-10-17T14:43:22.249+0000][2535.349s][info ][safepoint     ] Entering safepoint region: Cleanup
[2023-10-17T14:43:22.250+0000][2535.350s][info ][safepoint     ] Leaving safepoint region
[2023-10-17T14:43:22.251+0000][2535.351s][info ][safepoint     ] Total time for which application threads were stopped: 0.0020128 seconds, Stopping threads took: 0.0009003 seconds
[2023-10-17T14:43:23.252+0000][2536.352s][debug][safepoint     ] Safepoint synchronization initiated. (190 threads)
[2023-10-17T14:43:23.253+0000][2536.353s][info ][safepoint     ] Application time: 1.0012689 seconds
[2023-10-17T14:43:23.254+0000][2536.354s][info ][safepoint     ] Entering safepoint region: Cleanup
[2023-10-17T14:43:23.255+0000][2536.355s][info ][safepoint     ] Leaving safepoint region
[2023-10-17T14:43:23.255+0000][2536.356s][info ][safepoint     ] Total time for which application threads were stopped: 0.0020367 seconds, Stopping threads took: 0.0007530 seconds
[2023-10-17T14:43:24.256+0000][2537.357s][debug][safepoint     ] Safepoint synchronization initiated. (190 threads)
[2023-10-17T14:43:24.258+0000][2537.358s][info ][safepoint     ] Application time: 1.0015475 seconds
[2023-10-17T14:43:24.259+0000][2537.359s][info ][safepoint     ] Entering safepoint region: Cleanup
[2023-10-17T14:43:24.261+0000][2537.361s][info ][safepoint     ] Leaving safepoint region
[2023-10-17T14:43:24.262+0000][2537.362s][info ][safepoint     ] Total time for which application threads were stopped: 0.0024661 seconds, Stopping threads took: 0.0013032 seconds
[2023-10-17T14:43:25.263+0000][2538.363s][debug][safepoint     ] Safepoint synchronization initiated. (190 threads)
[2023-10-17T14:43:25.264+0000][2538.364s][info ][safepoint     ] Application time: 1.0018183 seconds
[2023-10-17T14:43:25.265+0000][2538.365s][info ][safepoint     ] Entering safepoint region: Cleanup
[2023-10-17T14:43:25.267+0000][2538.367s][info ][safepoint     ] Leaving safepoint region
[2023-10-17T14:43:25.268+0000][2538.368s][info ][safepoint     ] Total time for which application threads were stopped: 0.0026437 seconds, Stopping threads took: 0.0010922 seconds
[2023-10-17T14:43:26.269+0000][2539.369s][debug][safepoint     ] Safepoint synchronization initiated. (190 threads)
[2023-10-17T14:43:26.270+0000][2539.370s][info ][safepoint     ] Application time: 1.0014065 seconds
[2023-10-17T14:43:26.271+0000][2539.371s][info ][safepoint     ] Entering safepoint region: Cleanup
[2023-10-17T14:43:26.273+0000][2539.373s][info ][safepoint     ] Leaving safepoint region
[2023-10-17T14:43:26.274+0000][2539.374s][info ][safepoint     ] Total time for which application threads were stopped: 0.0025103 seconds, Stopping threads took: 0.0010451 seconds
[2023-10-17T14:43:27.275+0000][2540.375s][debug][safepoint     ] Safepoint synchronization initiated. (190 threads)
[2023-10-17T14:43:27.276+0000][2540.376s][info ][safepoint     ] Application time: 1.0012022 seconds
[2023-10-17T14:43:27.277+0000][2540.377s][info ][safepoint     ] Entering safepoint region: Cleanup
[2023-10-17T14:43:27.278+0000][2540.378s][info ][safepoint     ] Leaving safepoint region
[2023-10-17T14:43:27.279+0000][2540.379s][info ][safepoint     ] Total time for which application threads were stopped: 0.0019359 seconds, Stopping threads took: 0.0009073 seconds
[2023-10-17T14:43:28.280+0000][2541.380s][debug][safepoint     ] Safepoint synchronization initiated. (190 threads)
[2023-10-17T14:43:28.281+0000][2541.381s][info ][safepoint     ] Application time: 1.0011591 seconds
[2023-10-17T14:43:28.282+0000][2541.382s][info ][safepoint     ] Entering safepoint region: Cleanup
[2023-10-17T14:43:28.283+0000][2541.383s][info ][safepoint     ] Leaving safepoint region
[2023-10-17T14:43:28.284+0000][2541.384s][info ][safepoint     ] Total time for which application threads were stopped: 0.0022182 seconds, Stopping threads took: 0.0011095 seconds
[2023-10-17T14:43:29.285+0000][2542.385s][debug][safepoint     ] Safepoint synchronization initiated. (190 threads)
[2023-10-17T14:43:29.286+0000][2542.386s][info ][safepoint     ] Application time: 1.0011985 seconds
[2023-10-17T14:43:29.287+0000][2542.387s][info ][safepoint     ] Entering safepoint region: Cleanup
[2023-10-17T14:43:29.288+0000][2542.388s][info ][safepoint     ] Leaving safepoint region
[2023-10-17T14:43:29.289+0000][2542.389s][info ][safepoint     ] Total time for which application threads were stopped: 0.0022593 seconds, Stopping threads took: 0.0009697 seconds
[2023-10-17T14:43:30.290+0000][2543.390s][debug][safepoint     ] Safepoint synchronization initiated. (190 threads)
[2023-10-17T14:43:30.291+0000][2543.391s][info ][safepoint     ] Application time: 1.0012555 seconds
[2023-10-17T14:43:30.292+0000][2543.392s][info ][safepoint     ] Entering safepoint region: Cleanup
[2023-10-17T14:43:30.293+0000][2543.393s][info ][safepoint     ] Leaving safepoint region
[2023-10-17T14:43:30.294+0000][2543.394s][info ][safepoint     ] Total time for which application threads were stopped: 0.0019305 seconds, Stopping threads took: 0.0010065 seconds
[2023-10-17T14:43:31.295+0000][2544.395s][debug][safepoint     ] Safepoint synchronization initiated. (190 threads)
[2023-10-17T14:43:31.296+0000][2544.396s][info ][safepoint     ] Application time: 1.0016698 seconds
[2023-10-17T14:43:31.297+0000][2544.397s][info ][safepoint     ] Entering safepoint region: Cleanup
[2023-10-17T14:43:31.298+0000][2544.398s][info ][safepoint     ] Leaving safepoint region
[2023-10-17T14:43:31.299+0000][2544.399s][info ][safepoint     ] Total time for which application threads were stopped: 0.0020987 seconds, Stopping threads took: 0.0008928 seconds
[2023-10-17T14:43:32.301+0000][2545.401s][debug][safepoint     ] Safepoint synchronization initiated. (190 threads)
[2023-10-17T14:43:32.302+0000][2545.402s][info ][safepoint     ] Application time: 1.0014423 seconds
[2023-10-17T14:43:32.303+0000][2545.403s][info ][safepoint     ] Entering safepoint region: Cleanup
[2023-10-17T14:43:32.304+0000][2545.404s][info ][safepoint     ] Leaving safepoint region
[2023-10-17T14:43:32.304+0000][2545.405s][info ][safepoint     ] Total time for which application threads were stopped: 0.0018163 seconds, Stopping threads took: 0.0008770 seconds
[2023-10-17T14:43:33.305+0000][2546.406s][debug][safepoint     ] Safepoint synchronization initiated. (190 threads)
[2023-10-17T14:43:33.307+0000][2546.407s][info ][safepoint     ] Application time: 1.0014714 seconds
[2023-10-17T14:43:33.308+0000][2546.408s][info ][safepoint     ] Entering safepoint region: Cleanup
[2023-10-17T14:43:33.309+0000][2546.409s][info ][safepoint     ] Leaving safepoint region
[2023-10-17T14:43:33.310+0000][2546.410s][info ][safepoint     ] Total time for which application threads were stopped: 0.0020564 seconds, Stopping threads took: 0.0008581 seconds
[2023-10-17T14:43:34.311+0000][2547.411s][debug][safepoint     ] Safepoint synchronization initiated. (190 threads)
[2023-10-17T14:43:34.312+0000][2547.412s][info ][safepoint     ] Application time: 1.0013681 seconds
[2023-10-17T14:43:34.313+0000][2547.413s][info ][safepoint     ] Entering safepoint region: Cleanup
[2023-10-17T14:43:34.314+0000][2547.414s][info ][safepoint     ] Leaving safepoint region
[2023-10-17T14:43:34.315+0000][2547.415s][info ][safepoint     ] Total time for which application threads were stopped: 0.0021773 seconds, Stopping threads took: 0.0009054 seconds
[2023-10-17T14:43:35.317+0000][2548.417s][debug][safepoint     ] Safepoint synchronization initiated. (190 threads)
[2023-10-17T14:43:35.318+0000][2548.418s][info ][safepoint     ] Application time: 1.0013414 seconds
[2023-10-17T14:43:35.319+0000][2548.419s][info ][safepoint     ] Entering safepoint region: Cleanup
[2023-10-17T14:43:35.320+0000][2548.420s][info ][safepoint     ] Leaving safepoint region
[2023-10-17T14:43:35.321+0000][2548.421s][info ][safepoint     ] Total time for which application threads were stopped: 0.0023541 seconds, Stopping threads took: 0.0010400 seconds
[2023-10-17T14:43:35.772+0000][2548.872s][debug][safepoint     ] Safepoint synchronization initiated. (190 threads)
[2023-10-17T14:43:35.773+0000][2548.873s][info ][safepoint     ] Application time: 0.4502262 seconds
[2023-10-17T14:43:35.774+0000][2548.874s][info ][safepoint     ] Entering safepoint region: G1CollectForAllocation
[2023-10-17T14:43:35.775+0000][2548.875s][info ][gc,start      ] GC(80) Pause Young (Normal) (G1 Evacuation Pause)
[2023-10-17T14:43:35.776+0000][2548.876s][info ][gc,task       ] GC(80) Using 8 workers of 8 for evacuation
[2023-10-17T14:43:35.792+0000][2548.892s][info ][gc,phases     ] GC(80)   Pre Evacuate Collection Set: 0.0ms
[2023-10-17T14:43:35.793+0000][2548.893s][info ][gc,phases     ] GC(80)   Evacuate Collection Set: 10.6ms
[2023-10-17T14:43:35.794+0000][2548.894s][info ][gc,phases     ] GC(80)   Post Evacuate Collection Set: 3.7ms
[2023-10-17T14:43:35.794+0000][2548.894s][info ][gc,phases     ] GC(80)   Other: 2.5ms
[2023-10-17T14:43:35.795+0000][2548.895s][info ][gc,heap       ] GC(80) Eden regions: 190->0(188)
[2023-10-17T14:43:35.796+0000][2548.896s][info ][gc,heap       ] GC(80) Survivor regions: 8->9(25)
[2023-10-17T14:43:35.797+0000][2548.897s][info ][gc,heap       ] GC(80) Old regions: 167->167
[2023-10-17T14:43:35.798+0000][2548.898s][info ][gc,heap       ] GC(80) Humongous regions: 0->0
[2023-10-17T14:43:35.799+0000][2548.899s][info ][gc,metaspace  ] GC(80) Metaspace: 182735K(197620K)->182735K(197620K) NonClass: 161770K(173556K)->161770K(173556K) Class: 20965K(24064K)->20965K(24064K)
[2023-10-17T14:43:35.799+0000][2548.900s][info ][gc            ] GC(80) Pause Young (Normal) (G1 Evacuation Pause) 362M->174M(415M) 24.277ms
[2023-10-17T14:43:35.800+0000][2548.900s][info ][gc,cpu        ] GC(80) User=0.10s Sys=0.00s Real=0.02s
[2023-10-17T14:43:35.801+0000][2548.901s][info ][safepoint     ] Leaving safepoint region
[2023-10-17T14:43:35.802+0000][2548.902s][info ][safepoint     ] Total time for which application threads were stopped: 0.0280519 seconds, Stopping threads took: 0.0009504 seconds
[2023-10-17T14:43:35.803+0000][2548.903s][info ][gc,stringdedup] Concurrent String Deduplication (2548.903s)
[2023-10-17T14:43:35.804+0000][2548.904s][info ][gc,stringdedup] Concurrent String Deduplication 31840.0B->2536.0B(29304.0B) avg 53.4% (2548.903s, 2548.904s) 0.884ms
[2023-10-17T14:43:36.803+0000][2549.903s][debug][safepoint     ] Safepoint synchronization initiated. (190 threads)
[2023-10-17T14:43:36.804+0000][2549.905s][info ][safepoint     ] Application time: 1.0017590 seconds
[2023-10-17T14:43:36.806+0000][2549.906s][info ][safepoint     ] Entering safepoint region: Cleanup
[2023-10-17T14:43:36.807+0000][2549.907s][info ][safepoint     ] Leaving safepoint region
[2023-10-17T14:43:36.808+0000][2549.908s][info ][safepoint     ] Total time for which application threads were stopped: 0.0024018 seconds, Stopping threads took: 0.0010347 seconds
[2023-10-17T14:43:37.810+0000][2550.910s][debug][safepoint     ] Safepoint synchronization initiated. (190 threads)
[2023-10-17T14:43:37.810+0000][2550.911s][info ][safepoint     ] Application time: 1.0010062 seconds
[2023-10-17T14:43:37.812+0000][2550.912s][info ][safepoint     ] Entering safepoint region: Cleanup
[2023-10-17T14:43:37.814+0000][2550.914s][info ][safepoint     ] Leaving safepoint region
[2023-10-17T14:43:37.815+0000][2550.915s][info ][safepoint     ] Total time for which application threads were stopped: 0.0029627 seconds, Stopping threads took: 0.0016437 seconds
[2023-10-17T14:43:38.816+0000][2551.916s][debug][safepoint     ] Safepoint synchronization initiated. (190 threads)
[2023-10-17T14:43:38.817+0000][2551.917s][info ][safepoint     ] Application time: 1.0013356 seconds
[2023-10-17T14:43:38.818+0000][2551.918s][info ][safepoint     ] Entering safepoint region: Cleanup
[2023-10-17T14:43:38.819+0000][2551.919s][info ][safepoint     ] Leaving safepoint region
[2023-10-17T14:43:38.819+0000][2551.920s][info ][safepoint     ] Total time for which application threads were stopped: 0.0017730 seconds, Stopping threads took: 0.0008641 seconds
[2023-10-17T14:43:39.820+0000][2552.921s][debug][safepoint     ] Safepoint synchronization initiated. (190 threads)
[2023-10-17T14:43:39.822+0000][2552.922s][info ][safepoint     ] Application time: 1.0015809 seconds
[2023-10-17T14:43:39.823+0000][2552.923s][debug][safepoint     ] ... found polling page return exception at pc = 0x00007fc1a56bbc73, stub =0x00007fc19c840600
[2023-10-17T14:43:39.824+0000][2552.924s][debug][safepoint     ] Waiting for 1 thread(s) to block
[2023-10-17T14:43:39.825+0000][2552.925s][info ][safepoint     ] Entering safepoint region: Cleanup
[2023-10-17T14:43:39.827+0000][2552.927s][info ][safepoint     ] Leaving safepoint region
[2023-10-17T14:43:39.827+0000][2552.928s][info ][safepoint     ] Total time for which application threads were stopped: 0.0048097 seconds, Stopping threads took: 0.0035919 seconds
[2023-10-17T14:43:40.828+0000][2553.929s][debug][safepoint     ] Safepoint synchronization initiated. (190 threads)
[2023-10-17T14:43:40.829+0000][2553.930s][info ][safepoint     ] Application time: 1.0012012 seconds
[2023-10-17T14:43:40.830+0000][2553.930s][info ][safepoint     ] Entering safepoint region: Cleanup
[2023-10-17T14:43:40.831+0000][2553.931s][info ][safepoint     ] Leaving safepoint region
[2023-10-17T14:43:40.832+0000][2553.932s][info ][safepoint     ] Total time for which application threads were stopped: 0.0017997 seconds, Stopping threads took: 0.0007135 seconds
[2023-10-17T14:43:41.833+0000][2554.933s][debug][safepoint     ] Safepoint synchronization initiated. (190 threads)
[2023-10-17T14:43:41.834+0000][2554.934s][info ][safepoint     ] Application time: 1.0012131 seconds
[2023-10-17T14:43:41.835+0000][2554.935s][info ][safepoint     ] Entering safepoint region: Cleanup
[2023-10-17T14:43:41.836+0000][2554.936s][info ][safepoint     ] Leaving safepoint region
[2023-10-17T14:43:41.836+0000][2554.936s][info ][safepoint     ] Total time for which application threads were stopped: 0.0017680 seconds, Stopping threads took: 0.0007374 seconds
[2023-10-17T14:43:42.837+0000][2555.937s][debug][safepoint     ] Safepoint synchronization initiated. (190 threads)
[2023-10-17T14:43:42.838+0000][2555.938s][info ][safepoint     ] Application time: 1.0009930 seconds
[2023-10-17T14:43:42.839+0000][2555.939s][info ][safepoint     ] Entering safepoint region: Cleanup
[2023-10-17T14:43:42.840+0000][2555.940s][info ][safepoint     ] Leaving safepoint region
[2023-10-17T14:43:42.840+0000][2555.940s][info ][safepoint     ] Total time for which application threads were stopped: 0.0016692 seconds, Stopping threads took: 0.0007220 seconds
[2023-10-17T14:43:43.841+0000][2556.941s][debug][safepoint     ] Safepoint synchronization initiated. (190 threads)
[2023-10-17T14:43:43.842+0000][2556.942s][info ][safepoint     ] Application time: 1.0012849 seconds
[2023-10-17T14:43:43.843+0000][2556.943s][info ][safepoint     ] Entering safepoint region: Cleanup
[2023-10-17T14:43:43.844+0000][2556.945s][info ][safepoint     ] Leaving safepoint region
[2023-10-17T14:43:43.845+0000][2556.945s][info ][safepoint     ] Total time for which application threads were stopped: 0.0020635 seconds, Stopping threads took: 0.0009851 seconds
[2023-10-17T14:43:44.846+0000][2557.946s][debug][safepoint     ] Safepoint synchronization initiated. (190 threads)
[2023-10-17T14:43:44.847+0000][2557.947s][info ][safepoint     ] Application time: 1.0013750 seconds
[2023-10-17T14:43:44.848+0000][2557.948s][info ][safepoint     ] Entering safepoint region: Cleanup
[2023-10-17T14:43:44.849+0000][2557.949s][info ][safepoint     ] Leaving safepoint region
[2023-10-17T14:43:44.850+0000][2557.950s][info ][safepoint     ] Total time for which application threads were stopped: 0.0017553 seconds, Stopping threads took: 0.0008675 seconds
[2023-10-17T14:43:45.851+0000][2558.951s][debug][safepoint     ] Safepoint synchronization initiated. (190 threads)
[2023-10-17T14:43:45.852+0000][2558.952s][info ][safepoint     ] Application time: 1.0016132 seconds
[2023-10-17T14:43:45.853+0000][2558.953s][info ][safepoint     ] Entering safepoint region: Cleanup
[2023-10-17T14:43:45.855+0000][2558.955s][info ][safepoint     ] Leaving safepoint region
[2023-10-17T14:43:45.856+0000][2558.956s][info ][safepoint     ] Total time for which application threads were stopped: 0.0025663 seconds, Stopping threads took: 0.0011777 seconds
[2023-10-17T14:43:46.857+0000][2559.957s][debug][safepoint     ] Safepoint synchronization initiated. (190 threads)
[2023-10-17T14:43:46.858+0000][2559.958s][info ][safepoint     ] Application time: 1.0013328 seconds
[2023-10-17T14:43:46.859+0000][2559.959s][info ][safepoint     ] Entering safepoint region: Cleanup
[2023-10-17T14:43:46.860+0000][2559.960s][info ][safepoint     ] Leaving safepoint region
[2023-10-17T14:43:46.860+0000][2559.961s][info ][safepoint     ] Total time for which application threads were stopped: 0.0016309 seconds, Stopping threads took: 0.0008684 seconds
[2023-10-17T14:43:47.861+0000][2560.961s][debug][safepoint     ] Safepoint synchronization initiated. (186 threads)
[2023-10-17T14:43:47.862+0000][2560.962s][info ][safepoint     ] Application time: 1.0014205 seconds
[2023-10-17T14:43:47.864+0000][2560.964s][info ][safepoint     ] Entering safepoint region: Cleanup
[2023-10-17T14:43:47.865+0000][2560.965s][info ][safepoint     ] Leaving safepoint region
[2023-10-17T14:43:47.866+0000][2560.966s][info ][safepoint     ] Total time for which application threads were stopped: 0.0020877 seconds, Stopping threads took: 0.0009771 seconds
[2023-10-17T14:43:48.867+0000][2561.967s][debug][safepoint     ] Safepoint synchronization initiated. (186 threads)
[2023-10-17T14:43:48.868+0000][2561.968s][info ][safepoint     ] Application time: 1.0010974 seconds
[2023-10-17T14:43:48.868+0000][2561.968s][info ][safepoint     ] Entering safepoint region: Cleanup
[2023-10-17T14:43:48.869+0000][2561.969s][info ][safepoint     ] Leaving safepoint region
[2023-10-17T14:43:48.870+0000][2561.970s][info ][safepoint     ] Total time for which application threads were stopped: 0.0016064 seconds, Stopping threads took: 0.0006233 seconds
[2023-10-17T14:43:49.871+0000][2562.971s][debug][safepoint     ] Safepoint synchronization initiated. (186 threads)
[2023-10-17T14:43:49.872+0000][2562.972s][info ][safepoint     ] Application time: 1.0010630 seconds
[2023-10-17T14:43:49.872+0000][2562.973s][info ][safepoint     ] Entering safepoint region: Cleanup
[2023-10-17T14:43:49.874+0000][2562.974s][info ][safepoint     ] Leaving safepoint region
[2023-10-17T14:43:49.874+0000][2562.974s][info ][safepoint     ] Total time for which application threads were stopped: 0.0018846 seconds, Stopping threads took: 0.0008349 seconds
[2023-10-17T14:43:50.875+0000][2563.975s][debug][safepoint     ] Safepoint synchronization initiated. (186 threads)
[2023-10-17T14:43:50.876+0000][2563.976s][info ][safepoint     ] Application time: 1.0010429 seconds
[2023-10-17T14:43:50.877+0000][2563.977s][info ][safepoint     ] Entering safepoint region: Cleanup
[2023-10-17T14:43:50.878+0000][2563.978s][info ][safepoint     ] Leaving safepoint region
[2023-10-17T14:43:50.879+0000][2563.979s][info ][safepoint     ] Total time for which application threads were stopped: 0.0018641 seconds, Stopping threads took: 0.0008541 seconds
[2023-10-17T14:43:51.880+0000][2564.980s][debug][safepoint     ] Safepoint synchronization initiated. (186 threads)
[2023-10-17T14:43:51.881+0000][2564.981s][info ][safepoint     ] Application time: 1.0016683 seconds
[2023-10-17T14:43:51.882+0000][2564.982s][info ][safepoint     ] Entering safepoint region: Cleanup
[2023-10-17T14:43:51.884+0000][2564.984s][info ][safepoint     ] Leaving safepoint region
[2023-10-17T14:43:51.885+0000][2564.985s][info ][safepoint     ] Total time for which application threads were stopped: 0.0027620 seconds, Stopping threads took: 0.0011391 seconds
[2023-10-17T14:43:52.886+0000][2565.986s][debug][safepoint     ] Safepoint synchronization initiated. (186 threads)
[2023-10-17T14:43:52.887+0000][2565.988s][info ][safepoint     ] Application time: 1.0014582 seconds
[2023-10-17T14:43:52.888+0000][2565.989s][info ][safepoint     ] Entering safepoint region: Cleanup
[2023-10-17T14:43:52.890+0000][2565.990s][info ][safepoint     ] Leaving safepoint region
[2023-10-17T14:43:52.890+0000][2565.991s][info ][safepoint     ] Total time for which application threads were stopped: 0.0019952 seconds, Stopping threads took: 0.0009874 seconds
[2023-10-17T14:43:53.891+0000][2566.991s][debug][safepoint     ] Safepoint synchronization initiated. (186 threads)
[2023-10-17T14:43:53.892+0000][2566.993s][info ][safepoint     ] Application time: 1.0013375 seconds
[2023-10-17T14:43:53.894+0000][2566.994s][info ][safepoint     ] Entering safepoint region: Cleanup
[2023-10-17T14:43:53.895+0000][2566.995s][info ][safepoint     ] Leaving safepoint region
[2023-10-17T14:43:53.895+0000][2566.996s][info ][safepoint     ] Total time for which application threads were stopped: 0.0018713 seconds, Stopping threads took: 0.0008584 seconds
[2023-10-17T14:43:54.897+0000][2567.997s][debug][safepoint     ] Safepoint synchronization initiated. (186 threads)
[2023-10-17T14:43:54.898+0000][2567.998s][info ][safepoint     ] Application time: 1.0016316 seconds
[2023-10-17T14:43:54.899+0000][2567.999s][info ][safepoint     ] Entering safepoint region: Cleanup
[2023-10-17T14:43:54.900+0000][2568.001s][info ][safepoint     ] Leaving safepoint region
[2023-10-17T14:43:54.901+0000][2568.001s][info ][safepoint     ] Total time for which application threads were stopped: 0.0021540 seconds, Stopping threads took: 0.0009984 seconds
[2023-10-17T14:43:55.902+0000][2569.002s][debug][safepoint     ] Safepoint synchronization initiated. (186 threads)
[2023-10-17T14:43:55.903+0000][2569.003s][info ][safepoint     ] Application time: 1.0011951 seconds
[2023-10-17T14:43:55.904+0000][2569.004s][info ][safepoint     ] Entering safepoint region: Cleanup
[2023-10-17T14:43:55.905+0000][2569.005s][info ][safepoint     ] Leaving safepoint region
[2023-10-17T14:43:55.906+0000][2569.006s][info ][safepoint     ] Total time for which application threads were stopped: 0.0021971 seconds, Stopping threads took: 0.0009401 seconds
[2023-10-17T14:43:56.907+0000][2570.007s][debug][safepoint     ] Safepoint synchronization initiated. (186 threads)
[2023-10-17T14:43:56.908+0000][2570.008s][info ][safepoint     ] Application time: 1.0009841 seconds
[2023-10-17T14:43:56.909+0000][2570.009s][info ][safepoint     ] Entering safepoint region: Cleanup
[2023-10-17T14:43:56.910+0000][2570.010s][info ][safepoint     ] Leaving safepoint region
[2023-10-17T14:43:56.910+0000][2570.011s][info ][safepoint     ] Total time for which application threads were stopped: 0.0017457 seconds, Stopping threads took: 0.0006491 seconds
[2023-10-17T14:43:57.911+0000][2571.011s][debug][safepoint     ] Safepoint synchronization initiated. (186 threads)
[2023-10-17T14:43:57.912+0000][2571.012s][info ][safepoint     ] Application time: 1.0012003 seconds
[2023-10-17T14:43:57.913+0000][2571.013s][info ][safepoint     ] Entering safepoint region: Cleanup
[2023-10-17T14:43:57.914+0000][2571.014s][info ][safepoint     ] Leaving safepoint region
[2023-10-17T14:43:57.915+0000][2571.015s][info ][safepoint     ] Total time for which application threads were stopped: 0.0017506 seconds, Stopping threads took: 0.0006978 seconds
[2023-10-17T14:43:58.916+0000][2572.016s][debug][safepoint     ] Safepoint synchronization initiated. (186 threads)
[2023-10-17T14:43:58.916+0000][2572.017s][info ][safepoint     ] Application time: 1.0011132 seconds
[2023-10-17T14:43:58.917+0000][2572.017s][info ][safepoint     ] Entering safepoint region: Cleanup
[2023-10-17T14:43:58.918+0000][2572.018s][info ][safepoint     ] Leaving safepoint region
[2023-10-17T14:43:58.919+0000][2572.019s][info ][safepoint     ] Total time for which application threads were stopped: 0.0017150 seconds, Stopping threads took: 0.0007094 seconds
[2023-10-17T14:43:59.920+0000][2573.020s][debug][safepoint     ] Safepoint synchronization initiated. (186 threads)
[2023-10-17T14:43:59.920+0000][2573.021s][info ][safepoint     ] Application time: 1.0009755 seconds
[2023-10-17T14:43:59.921+0000][2573.021s][info ][safepoint     ] Entering safepoint region: Cleanup
[2023-10-17T14:43:59.922+0000][2573.022s][info ][safepoint     ] Leaving safepoint region
[2023-10-17T14:43:59.923+0000][2573.023s][info ][safepoint     ] Total time for which application threads were stopped: 0.0017125 seconds, Stopping threads took: 0.0007481 seconds
[2023-10-17T14:44:00.924+0000][2574.024s][debug][safepoint     ] Safepoint synchronization initiated. (186 threads)
[2023-10-17T14:44:00.925+0000][2574.025s][info ][safepoint     ] Application time: 1.0011570 seconds
[2023-10-17T14:44:00.926+0000][2574.026s][info ][safepoint     ] Entering safepoint region: Cleanup
[2023-10-17T14:44:00.927+0000][2574.027s][info ][safepoint     ] Leaving safepoint region
[2023-10-17T14:44:00.927+0000][2574.028s][info ][safepoint     ] Total time for which application threads were stopped: 0.0018329 seconds, Stopping threads took: 0.0009421 seconds
[2023-10-17T14:44:01.928+0000][2575.028s][debug][safepoint     ] Safepoint synchronization initiated. (186 threads)
[2023-10-17T14:44:01.929+0000][2575.030s][info ][safepoint     ] Application time: 1.0015196 seconds
[2023-10-17T14:44:01.931+0000][2575.031s][info ][safepoint     ] Entering safepoint region: Cleanup
[2023-10-17T14:44:01.932+0000][2575.032s][info ][safepoint     ] Leaving safepoint region
[2023-10-17T14:44:01.933+0000][2575.033s][info ][safepoint     ] Total time for which application threads were stopped: 0.0025521 seconds, Stopping threads took: 0.0010995 seconds
[2023-10-17T14:44:02.935+0000][2576.035s][debug][safepoint     ] Safepoint synchronization initiated. (186 threads)
[2023-10-17T14:44:02.936+0000][2576.036s][info ][safepoint     ] Application time: 1.0013591 seconds
[2023-10-17T14:44:02.937+0000][2576.037s][info ][safepoint     ] Entering safepoint region: Cleanup
[2023-10-17T14:44:02.939+0000][2576.039s][info ][safepoint     ] Leaving safepoint region
[2023-10-17T14:44:02.939+0000][2576.039s][info ][safepoint     ] Total time for which application threads were stopped: 0.0023165 seconds, Stopping threads took: 0.0012010 seconds
[2023-10-17T14:44:03.940+0000][2577.040s][debug][safepoint     ] Safepoint synchronization initiated. (186 threads)
[2023-10-17T14:44:03.941+0000][2577.042s][info ][safepoint     ] Application time: 1.0013744 seconds
[2023-10-17T14:44:03.943+0000][2577.043s][info ][safepoint     ] Entering safepoint region: Cleanup
[2023-10-17T14:44:03.945+0000][2577.045s][info ][safepoint     ] Leaving safepoint region
[2023-10-17T14:44:03.946+0000][2577.046s][info ][safepoint     ] Total time for which application threads were stopped: 0.0031916 seconds, Stopping threads took: 0.0014508 seconds
[2023-10-17T14:44:04.947+0000][2578.047s][debug][safepoint     ] Safepoint synchronization initiated. (186 threads)
[2023-10-17T14:44:04.948+0000][2578.048s][info ][safepoint     ] Application time: 1.0011219 seconds
[2023-10-17T14:44:04.949+0000][2578.049s][info ][safepoint     ] Entering safepoint region: Cleanup
[2023-10-17T14:44:04.950+0000][2578.050s][info ][safepoint     ] Leaving safepoint region
[2023-10-17T14:44:04.951+0000][2578.051s][info ][safepoint     ] Total time for which application threads were stopped: 0.0026278 seconds, Stopping threads took: 0.0009038 seconds
[2023-10-17T14:44:05.952+0000][2579.052s][debug][safepoint     ] Safepoint synchronization initiated. (186 threads)
[2023-10-17T14:44:05.953+0000][2579.053s][info ][safepoint     ] Application time: 1.0015359 seconds
[2023-10-17T14:44:05.954+0000][2579.055s][info ][safepoint     ] Entering safepoint region: Cleanup
[2023-10-17T14:44:05.956+0000][2579.056s][info ][safepoint     ] Leaving safepoint region
[2023-10-17T14:44:05.957+0000][2579.057s][info ][safepoint     ] Total time for which application threads were stopped: 0.0026903 seconds, Stopping threads took: 0.0011795 seconds
[2023-10-17T14:44:06.958+0000][2580.058s][debug][safepoint     ] Safepoint synchronization initiated. (186 threads)
[2023-10-17T14:44:06.959+0000][2580.059s][info ][safepoint     ] Application time: 1.0010349 seconds
[2023-10-17T14:44:06.960+0000][2580.060s][info ][safepoint     ] Entering safepoint region: Cleanup
[2023-10-17T14:44:06.961+0000][2580.061s][info ][safepoint     ] Leaving safepoint region
[2023-10-17T14:44:06.962+0000][2580.062s][info ][safepoint     ] Total time for which application threads were stopped: 0.0018342 seconds, Stopping threads took: 0.0008132 seconds
[2023-10-17T14:44:07.963+0000][2581.063s][debug][safepoint     ] Safepoint synchronization initiated. (186 threads)
[2023-10-17T14:44:07.964+0000][2581.064s][info ][safepoint     ] Application time: 1.0014592 seconds
[2023-10-17T14:44:07.965+0000][2581.065s][info ][safepoint     ] Entering safepoint region: Cleanup
[2023-10-17T14:44:07.965+0000][2581.066s][info ][safepoint     ] Leaving safepoint region
[2023-10-17T14:44:07.966+0000][2581.066s][info ][safepoint     ] Total time for which application threads were stopped: 0.0015232 seconds, Stopping threads took: 0.0006312 seconds
[2023-10-17T14:44:08.967+0000][2582.068s][debug][safepoint     ] Safepoint synchronization initiated. (186 threads)
[2023-10-17T14:44:08.968+0000][2582.069s][info ][safepoint     ] Application time: 1.0014751 seconds
[2023-10-17T14:44:08.970+0000][2582.070s][info ][safepoint     ] Entering safepoint region: Cleanup
[2023-10-17T14:44:08.971+0000][2582.071s][info ][safepoint     ] Leaving safepoint region
[2023-10-17T14:44:08.972+0000][2582.072s][info ][safepoint     ] Total time for which application threads were stopped: 0.0025868 seconds, Stopping threads took: 0.0011103 seconds
[2023-10-17T14:44:09.973+0000][2583.073s][debug][safepoint     ] Safepoint synchronization initiated. (186 threads)
[2023-10-17T14:44:09.974+0000][2583.074s][info ][safepoint     ] Application time: 1.0010563 seconds
[2023-10-17T14:44:09.975+0000][2583.075s][info ][safepoint     ] Entering safepoint region: Cleanup
[2023-10-17T14:44:09.976+0000][2583.077s][info ][safepoint     ] Leaving safepoint region
[2023-10-17T14:44:09.977+0000][2583.077s][info ][safepoint     ] Total time for which application threads were stopped: 0.0023803 seconds, Stopping threads took: 0.0011625 seconds
[2023-10-17T14:44:10.978+0000][2584.078s][debug][safepoint     ] Safepoint synchronization initiated. (186 threads)
[2023-10-17T14:44:10.979+0000][2584.079s][info ][safepoint     ] Application time: 1.0011524 seconds
[2023-10-17T14:44:10.980+0000][2584.080s][info ][safepoint     ] Entering safepoint region: Cleanup
[2023-10-17T14:44:10.981+0000][2584.081s][info ][safepoint     ] Leaving safepoint region
[2023-10-17T14:44:10.982+0000][2584.082s][info ][safepoint     ] Total time for which application threads were stopped: 0.0021165 seconds, Stopping threads took: 0.0010132 seconds
[2023-10-17T14:44:11.983+0000][2585.083s][debug][safepoint     ] Safepoint synchronization initiated. (186 threads)
[2023-10-17T14:44:11.984+0000][2585.084s][info ][safepoint     ] Application time: 1.0009980 seconds
[2023-10-17T14:44:11.984+0000][2585.085s][info ][safepoint     ] Entering safepoint region: Cleanup
[2023-10-17T14:44:11.986+0000][2585.086s][info ][safepoint     ] Leaving safepoint region
[2023-10-17T14:44:11.986+0000][2585.086s][info ][safepoint     ] Total time for which application threads were stopped: 0.0018519 seconds, Stopping threads took: 0.0007132 seconds
[2023-10-17T14:44:12.987+0000][2586.087s][debug][safepoint     ] Safepoint synchronization initiated. (186 threads)
[2023-10-17T14:44:12.988+0000][2586.088s][info ][safepoint     ] Application time: 1.0010088 seconds
[2023-10-17T14:44:12.989+0000][2586.089s][info ][safepoint     ] Entering safepoint region: Cleanup
[2023-10-17T14:44:12.990+0000][2586.090s][info ][safepoint     ] Leaving safepoint region
[2023-10-17T14:44:12.990+0000][2586.091s][info ][safepoint     ] Total time for which application threads were stopped: 0.0017611 seconds, Stopping threads took: 0.0007107 seconds
[2023-10-17T14:44:13.991+0000][2587.092s][debug][safepoint     ] Safepoint synchronization initiated. (186 threads)
[2023-10-17T14:44:13.993+0000][2587.093s][info ][safepoint     ] Application time: 1.0014358 seconds
[2023-10-17T14:44:13.994+0000][2587.094s][info ][safepoint     ] Entering safepoint region: Cleanup
[2023-10-17T14:44:13.995+0000][2587.095s][info ][safepoint     ] Leaving safepoint region
[2023-10-17T14:44:13.995+0000][2587.095s][info ][safepoint     ] Total time for which application threads were stopped: 0.0017710 seconds, Stopping threads took: 0.0007696 seconds
[2023-10-17T14:44:14.997+0000][2588.097s][debug][safepoint     ] Safepoint synchronization initiated. (186 threads)
[2023-10-17T14:44:14.998+0000][2588.098s][info ][safepoint     ] Application time: 1.0010580 seconds
[2023-10-17T14:44:14.999+0000][2588.099s][info ][safepoint     ] Entering safepoint region: Cleanup
[2023-10-17T14:44:15.000+0000][2588.100s][info ][safepoint     ] Leaving safepoint region
[2023-10-17T14:44:15.001+0000][2588.101s][info ][safepoint     ] Total time for which application threads were stopped: 0.0022975 seconds, Stopping threads took: 0.0009387 seconds
[2023-10-17T14:44:16.002+0000][2589.102s][debug][safepoint     ] Safepoint synchronization initiated. (186 threads)
[2023-10-17T14:44:16.003+0000][2589.103s][info ][safepoint     ] Application time: 1.0015498 seconds
[2023-10-17T14:44:16.004+0000][2589.104s][info ][safepoint     ] Entering safepoint region: Cleanup
[2023-10-17T14:44:16.005+0000][2589.105s][info ][safepoint     ] Leaving safepoint region
[2023-10-17T14:44:16.006+0000][2589.106s][info ][safepoint     ] Total time for which application threads were stopped: 0.0020156 seconds, Stopping threads took: 0.0007237 seconds
[2023-10-17T14:44:17.007+0000][2590.107s][debug][safepoint     ] Safepoint synchronization initiated. (186 threads)
[2023-10-17T14:44:17.008+0000][2590.108s][info ][safepoint     ] Application time: 1.0012068 seconds
[2023-10-17T14:44:17.009+0000][2590.109s][info ][safepoint     ] Entering safepoint region: Cleanup
[2023-10-17T14:44:17.010+0000][2590.110s][info ][safepoint     ] Leaving safepoint region
[2023-10-17T14:44:17.010+0000][2590.110s][info ][safepoint     ] Total time for which application threads were stopped: 0.0016475 seconds, Stopping threads took: 0.0007253 seconds
[2023-10-17T14:44:18.011+0000][2591.111s][debug][safepoint     ] Safepoint synchronization initiated. (186 threads)
[2023-10-17T14:44:18.012+0000][2591.112s][info ][safepoint     ] Application time: 1.0011648 seconds
[2023-10-17T14:44:18.013+0000][2591.113s][info ][safepoint     ] Entering safepoint region: Cleanup
[2023-10-17T14:44:18.015+0000][2591.115s][info ][safepoint     ] Leaving safepoint region
[2023-10-17T14:44:18.016+0000][2591.116s][info ][safepoint     ] Total time for which application threads were stopped: 0.0025953 seconds, Stopping threads took: 0.0012294 seconds
[2023-10-17T14:44:19.007+0000][2592.117s][debug][safepoint     ] Safepoint synchronization initiated. (186 threads)
[2023-10-17T14:44:19.008+0000][2592.118s][info ][safepoint     ] Application time: 1.0012760 seconds
[2023-10-17T14:44:19.009+0000][2592.119s][info ][safepoint     ] Entering safepoint region: Cleanup
[2023-10-17T14:44:19.010+0000][2592.120s][info ][safepoint     ] Leaving safepoint region
[2023-10-17T14:44:19.011+0000][2592.121s][info ][safepoint     ] Total time for which application threads were stopped: 0.0024037 seconds, Stopping threads took: 0.0009986 seconds
[2023-10-17T14:44:20.012+0000][2593.122s][debug][safepoint     ] Safepoint synchronization initiated. (186 threads)
[2023-10-17T14:44:20.013+0000][2593.123s][info ][safepoint     ] Application time: 1.0012540 seconds
[2023-10-17T14:44:20.014+0000][2593.124s][info ][safepoint     ] Entering safepoint region: Cleanup
[2023-10-17T14:44:20.015+0000][2593.126s][info ][safepoint     ] Leaving safepoint region
[2023-10-17T14:44:20.016+0000][2593.127s][info ][safepoint     ] Total time for which application threads were stopped: 0.0024889 seconds, Stopping threads took: 0.0011352 seconds
[2023-10-17T14:44:21.017+0000][2594.128s][debug][safepoint     ] Safepoint synchronization initiated. (186 threads)
[2023-10-17T14:44:21.019+0000][2594.129s][info ][safepoint     ] Application time: 1.0017475 seconds
[2023-10-17T14:44:21.020+0000][2594.130s][info ][safepoint     ] Entering safepoint region: Cleanup
[2023-10-17T14:44:21.022+0000][2594.132s][info ][safepoint     ] Leaving safepoint region
[2023-10-17T14:44:21.023+0000][2594.134s][info ][safepoint     ] Total time for which application threads were stopped: 0.0034581 seconds, Stopping threads took: 0.0012026 seconds
[2023-10-17T14:44:22.025+0000][2595.135s][debug][safepoint     ] Safepoint synchronization initiated. (186 threads)
[2023-10-17T14:44:22.026+0000][2595.136s][info ][safepoint     ] Application time: 1.0014014 seconds
[2023-10-17T14:44:22.026+0000][2595.137s][info ][safepoint     ] Entering safepoint region: Cleanup
[2023-10-17T14:44:22.027+0000][2595.138s][info ][safepoint     ] Leaving safepoint region
[2023-10-17T14:44:22.028+0000][2595.139s][info ][safepoint     ] Total time for which application threads were stopped: 0.0018686 seconds, Stopping threads took: 0.0008467 seconds
[2023-10-17T14:44:23.029+0000][2596.140s][debug][safepoint     ] Safepoint synchronization initiated. (186 threads)
[2023-10-17T14:44:23.030+0000][2596.141s][info ][safepoint     ] Application time: 1.0011891 seconds
[2023-10-17T14:44:23.031+0000][2596.141s][info ][safepoint     ] Entering safepoint region: Cleanup
[2023-10-17T14:44:23.032+0000][2596.142s][info ][safepoint     ] Leaving safepoint region
[2023-10-17T14:44:23.033+0000][2596.143s][info ][safepoint     ] Total time for which application threads were stopped: 0.0018433 seconds, Stopping threads took: 0.0007642 seconds
[2023-10-17T14:44:24.034+0000][2597.144s][debug][safepoint     ] Safepoint synchronization initiated. (186 threads)
[2023-10-17T14:44:24.035+0000][2597.145s][info ][safepoint     ] Application time: 1.0012558 seconds
[2023-10-17T14:44:24.036+0000][2597.146s][info ][safepoint     ] Entering safepoint region: Cleanup
[2023-10-17T14:44:24.037+0000][2597.148s][info ][safepoint     ] Leaving safepoint region
[2023-10-17T14:44:24.038+0000][2597.148s][info ][safepoint     ] Total time for which application threads were stopped: 0.0024272 seconds, Stopping threads took: 0.0011710 seconds
[2023-10-17T14:44:24.037+0000][2597.148s][debug][safepoint     ] ... found polling page return exception at pc = 0x00007fc1a54a9604, stub =0x00007fc19c840600
[2023-10-17T14:44:25.040+0000][2598.150s][debug][safepoint     ] Safepoint synchronization initiated. (186 threads)
[2023-10-17T14:44:25.041+0000][2598.151s][info ][safepoint     ] Application time: 1.0014405 seconds
[2023-10-17T14:44:25.042+0000][2598.152s][info ][safepoint     ] Entering safepoint region: Cleanup
[2023-10-17T14:44:25.043+0000][2598.153s][info ][safepoint     ] Leaving safepoint region
[2023-10-17T14:44:25.044+0000][2598.154s][info ][safepoint     ] Total time for which application threads were stopped: 0.0021387 seconds, Stopping threads took: 0.0009834 seconds
[2023-10-17T14:44:26.045+0000][2599.155s][debug][safepoint     ] Safepoint synchronization initiated. (186 threads)
[2023-10-17T14:44:26.046+0000][2599.157s][info ][safepoint     ] Application time: 1.0015554 seconds
[2023-10-17T14:44:26.047+0000][2599.158s][info ][safepoint     ] Entering safepoint region: Cleanup
[2023-10-17T14:44:26.049+0000][2599.159s][info ][safepoint     ] Leaving safepoint region
[2023-10-17T14:44:26.050+0000][2599.160s][info ][safepoint     ] Total time for which application threads were stopped: 0.0026786 seconds, Stopping threads took: 0.0011670 seconds
[2023-10-17T14:44:27.051+0000][2600.161s][debug][safepoint     ] Safepoint synchronization initiated. (186 threads)
[2023-10-17T14:44:27.052+0000][2600.163s][info ][safepoint     ] Application time: 1.0015909 seconds
[2023-10-17T14:44:27.053+0000][2600.164s][info ][safepoint     ] Entering safepoint region: Cleanup
[2023-10-17T14:44:27.055+0000][2600.166s][info ][safepoint     ] Leaving safepoint region
[2023-10-17T14:44:27.056+0000][2600.166s][info ][safepoint     ] Total time for which application threads were stopped: 0.0023988 seconds, Stopping threads took: 0.0010560 seconds
[2023-10-17T14:44:28.057+0000][2601.167s][debug][safepoint     ] Safepoint synchronization initiated. (186 threads)
[2023-10-17T14:44:28.058+0000][2601.169s][info ][safepoint     ] Application time: 1.0015883 seconds
[2023-10-17T14:44:28.059+0000][2601.170s][info ][safepoint     ] Entering safepoint region: Cleanup
[2023-10-17T14:44:28.060+0000][2601.171s][info ][safepoint     ] Leaving safepoint region
[2023-10-17T14:44:28.061+0000][2601.171s][info ][safepoint     ] Total time for which application threads were stopped: 0.0017696 seconds, Stopping threads took: 0.0007836 seconds
[2023-10-17T14:44:29.062+0000][2602.172s][debug][safepoint     ] Safepoint synchronization initiated. (186 threads)
[2023-10-17T14:44:29.063+0000][2602.173s][info ][safepoint     ] Application time: 1.0012869 seconds
[2023-10-17T14:44:29.064+0000][2602.174s][info ][safepoint     ] Entering safepoint region: Cleanup
[2023-10-17T14:44:29.065+0000][2602.175s][info ][safepoint     ] Leaving safepoint region
[2023-10-17T14:44:29.066+0000][2602.176s][info ][safepoint     ] Total time for which application threads were stopped: 0.0016239 seconds, Stopping threads took: 0.0007158 seconds
[2023-10-17T14:44:30.066+0000][2603.177s][debug][safepoint     ] Safepoint synchronization initiated. (186 threads)
[2023-10-17T14:44:30.067+0000][2603.178s][info ][safepoint     ] Application time: 1.0011152 seconds
[2023-10-17T14:44:30.068+0000][2603.179s][info ][safepoint     ] Entering safepoint region: Cleanup
[2023-10-17T14:44:30.069+0000][2603.180s][info ][safepoint     ] Leaving safepoint region
[2023-10-17T14:44:30.070+0000][2603.180s][info ][safepoint     ] Total time for which application threads were stopped: 0.0017066 seconds, Stopping threads took: 0.0007449 seconds
[2023-10-17T14:44:31.071+0000][2604.181s][debug][safepoint     ] Safepoint synchronization initiated. (186 threads)
[2023-10-17T14:44:31.072+0000][2604.182s][info ][safepoint     ] Application time: 1.0009542 seconds
[2023-10-17T14:44:31.073+0000][2604.183s][info ][safepoint     ] Entering safepoint region: Cleanup
[2023-10-17T14:44:31.074+0000][2604.184s][info ][safepoint     ] Leaving safepoint region
[2023-10-17T14:44:31.074+0000][2604.185s][info ][safepoint     ] Total time for which application threads were stopped: 0.0017383 seconds, Stopping threads took: 0.0007343 seconds
[2023-10-17T14:44:32.075+0000][2605.186s][debug][safepoint     ] Safepoint synchronization initiated. (186 threads)
[2023-10-17T14:44:32.076+0000][2605.187s][info ][safepoint     ] Application time: 1.0012467 seconds
[2023-10-17T14:44:32.077+0000][2605.187s][info ][safepoint     ] Entering safepoint region: Cleanup
[2023-10-17T14:44:32.078+0000][2605.188s][info ][safepoint     ] Leaving safepoint region
[2023-10-17T14:44:32.079+0000][2605.189s][info ][safepoint     ] Total time for which application threads were stopped: 0.0016074 seconds, Stopping threads took: 0.0007693 seconds
[2023-10-17T14:44:33.080+0000][2606.190s][debug][safepoint     ] Safepoint synchronization initiated. (186 threads)
[2023-10-17T14:44:33.081+0000][2606.191s][info ][safepoint     ] Application time: 1.0013074 seconds
[2023-10-17T14:44:33.081+0000][2606.192s][info ][safepoint     ] Entering safepoint region: Cleanup
[2023-10-17T14:44:33.082+0000][2606.193s][info ][safepoint     ] Leaving safepoint region
[2023-10-17T14:44:33.083+0000][2606.194s][info ][safepoint     ] Total time for which application threads were stopped: 0.0018587 seconds, Stopping threads took: 0.0008198 seconds
[2023-10-17T14:44:34.084+0000][2607.195s][debug][safepoint     ] Safepoint synchronization initiated. (186 threads)
[2023-10-17T14:44:34.085+0000][2607.195s][info ][safepoint     ] Application time: 1.0008690 seconds
[2023-10-17T14:44:34.086+0000][2607.196s][info ][safepoint     ] Entering safepoint region: Cleanup
[2023-10-17T14:44:34.087+0000][2607.197s][info ][safepoint     ] Leaving safepoint region
[2023-10-17T14:44:34.087+0000][2607.198s][info ][safepoint     ] Total time for which application threads were stopped: 0.0017616 seconds, Stopping threads took: 0.0007346 seconds
[2023-10-17T14:44:35.088+0000][2608.199s][debug][safepoint     ] Safepoint synchronization initiated. (186 threads)
[2023-10-17T14:44:35.089+0000][2608.200s][info ][safepoint     ] Application time: 1.0013066 seconds
[2023-10-17T14:44:35.090+0000][2608.201s][info ][safepoint     ] Entering safepoint region: Cleanup
[2023-10-17T14:44:35.091+0000][2608.202s][info ][safepoint     ] Leaving safepoint region
[2023-10-17T14:44:35.092+0000][2608.202s][info ][safepoint     ] Total time for which application threads were stopped: 0.0016241 seconds, Stopping threads took: 0.0007139 seconds
[2023-10-17T14:44:36.092+0000][2609.203s][debug][safepoint     ] Safepoint synchronization initiated. (186 threads)
[2023-10-17T14:44:36.093+0000][2609.204s][info ][safepoint     ] Application time: 1.0011523 seconds
[2023-10-17T14:44:36.094+0000][2609.205s][info ][safepoint     ] Entering safepoint region: Cleanup
[2023-10-17T14:44:36.095+0000][2609.206s][info ][safepoint     ] Leaving safepoint region
[2023-10-17T14:44:36.096+0000][2609.207s][info ][safepoint     ] Total time for which application threads were stopped: 0.0021040 seconds, Stopping threads took: 0.0009057 seconds
[2023-10-17T14:44:37.097+0000][2610.208s][debug][safepoint     ] Safepoint synchronization initiated. (186 threads)
[2023-10-17T14:44:37.098+0000][2610.209s][info ][safepoint     ] Application time: 1.0012651 seconds
[2023-10-17T14:44:37.099+0000][2610.210s][info ][safepoint     ] Entering safepoint region: Cleanup
[2023-10-17T14:44:37.100+0000][2610.211s][info ][safepoint     ] Leaving safepoint region
[2023-10-17T14:44:37.101+0000][2610.212s][info ][safepoint     ] Total time for which application threads were stopped: 0.0018852 seconds, Stopping threads took: 0.0008208 seconds
[2023-10-17T14:44:38.102+0000][2611.213s][debug][safepoint     ] Safepoint synchronization initiated. (186 threads)
[2023-10-17T14:44:38.104+0000][2611.214s][info ][safepoint     ] Application time: 1.0017419 seconds
[2023-10-17T14:44:38.105+0000][2611.215s][info ][safepoint     ] Entering safepoint region: Cleanup
[2023-10-17T14:44:38.106+0000][2611.217s][info ][safepoint     ] Leaving safepoint region
[2023-10-17T14:44:38.107+0000][2611.217s][info ][safepoint     ] Total time for which application threads were stopped: 0.0021151 seconds, Stopping threads took: 0.0009612 seconds
[2023-10-17T14:44:39.108+0000][2612.218s][debug][safepoint     ] Safepoint synchronization initiated. (186 threads)
[2023-10-17T14:44:39.109+0000][2612.219s][info ][safepoint     ] Application time: 1.0010353 seconds
[2023-10-17T14:44:39.109+0000][2612.220s][info ][safepoint     ] Entering safepoint region: Cleanup
[2023-10-17T14:44:39.110+0000][2612.221s][info ][safepoint     ] Leaving safepoint region
[2023-10-17T14:44:39.111+0000][2612.221s][info ][safepoint     ] Total time for which application threads were stopped: 0.0014675 seconds, Stopping threads took: 0.0006240 seconds
[2023-10-17T14:44:40.112+0000][2613.222s][debug][safepoint     ] Safepoint synchronization initiated. (186 threads)
[2023-10-17T14:44:40.112+0000][2613.223s][info ][safepoint     ] Application time: 1.0009709 seconds
[2023-10-17T14:44:40.113+0000][2613.224s][info ][safepoint     ] Entering safepoint region: Cleanup
[2023-10-17T14:44:40.114+0000][2613.225s][info ][safepoint     ] Leaving safepoint region
[2023-10-17T14:44:40.115+0000][2613.225s][info ][safepoint     ] Total time for which application threads were stopped: 0.0016796 seconds, Stopping threads took: 0.0006972 seconds
[2023-10-17T14:44:41.116+0000][2614.226s][debug][safepoint     ] Safepoint synchronization initiated. (186 threads)
[2023-10-17T14:44:41.116+0000][2614.227s][info ][safepoint     ] Application time: 1.0010023 seconds
[2023-10-17T14:44:41.117+0000][2614.228s][info ][safepoint     ] Entering safepoint region: Cleanup
[2023-10-17T14:44:41.118+0000][2614.229s][info ][safepoint     ] Leaving safepoint region
[2023-10-17T14:44:41.119+0000][2614.230s][info ][safepoint     ] Total time for which application threads were stopped: 0.0021020 seconds, Stopping threads took: 0.0008597 seconds
[2023-10-17T14:44:42.120+0000][2615.231s][debug][safepoint     ] Safepoint synchronization initiated. (186 threads)
[2023-10-17T14:44:42.122+0000][2615.232s][info ][safepoint     ] Application time: 1.0014388 seconds
[2023-10-17T14:44:42.123+0000][2615.233s][info ][safepoint     ] Entering safepoint region: Cleanup
[2023-10-17T14:44:42.124+0000][2615.235s][info ][safepoint     ] Leaving safepoint region
[2023-10-17T14:44:42.125+0000][2615.236s][info ][safepoint     ] Total time for which application threads were stopped: 0.0025767 seconds, Stopping threads took: 0.0012388 seconds
[2023-10-17T14:44:43.127+0000][2616.237s][debug][safepoint     ] Safepoint synchronization initiated. (186 threads)
[2023-10-17T14:44:43.128+0000][2616.238s][info ][safepoint     ] Application time: 1.0014468 seconds
[2023-10-17T14:44:43.129+0000][2616.239s][info ][safepoint     ] Entering safepoint region: Cleanup
[2023-10-17T14:44:43.130+0000][2616.241s][info ][safepoint     ] Leaving safepoint region
[2023-10-17T14:44:43.131+0000][2616.242s][info ][safepoint     ] Total time for which application threads were stopped: 0.0026275 seconds, Stopping threads took: 0.0011431 seconds
[2023-10-17T14:44:44.133+0000][2617.243s][debug][safepoint     ] Safepoint synchronization initiated. (186 threads)
[2023-10-17T14:44:44.134+0000][2617.244s][info ][safepoint     ] Application time: 1.0013602 seconds
[2023-10-17T14:44:44.135+0000][2617.245s][info ][safepoint     ] Entering safepoint region: Cleanup
[2023-10-17T14:44:44.137+0000][2617.247s][info ][safepoint     ] Leaving safepoint region
[2023-10-17T14:44:44.138+0000][2617.248s][info ][safepoint     ] Total time for which application threads were stopped: 0.0029141 seconds, Stopping threads took: 0.0010132 seconds
[2023-10-17T14:44:45.139+0000][2618.249s][debug][safepoint     ] Safepoint synchronization initiated. (186 threads)
[2023-10-17T14:44:45.140+0000][2618.250s][info ][safepoint     ] Application time: 1.0012618 seconds
[2023-10-17T14:44:45.140+0000][2618.251s][info ][safepoint     ] Entering safepoint region: Cleanup
[2023-10-17T14:44:45.142+0000][2618.252s][info ][safepoint     ] Leaving safepoint region
[2023-10-17T14:44:45.142+0000][2618.253s][info ][safepoint     ] Total time for which application threads were stopped: 0.0020451 seconds, Stopping threads took: 0.0008512 seconds
[2023-10-17T14:44:46.143+0000][2619.254s][debug][safepoint     ] Safepoint synchronization initiated. (186 threads)
[2023-10-17T14:44:46.144+0000][2619.255s][info ][safepoint     ] Application time: 1.0013539 seconds
[2023-10-17T14:44:46.145+0000][2619.256s][info ][safepoint     ] Entering safepoint region: Cleanup
[2023-10-17T14:44:46.146+0000][2619.257s][info ][safepoint     ] Leaving safepoint region
[2023-10-17T14:44:46.147+0000][2619.257s][info ][safepoint     ] Total time for which application threads were stopped: 0.0017642 seconds, Stopping threads took: 0.0009510 seconds
[2023-10-17T14:44:47.148+0000][2620.259s][debug][safepoint     ] Safepoint synchronization initiated. (186 threads)
[2023-10-17T14:44:47.149+0000][2620.259s][info ][safepoint     ] Application time: 1.0010895 seconds
[2023-10-17T14:44:47.150+0000][2620.260s][info ][safepoint     ] Entering safepoint region: Cleanup
[2023-10-17T14:44:47.151+0000][2620.261s][info ][safepoint     ] Leaving safepoint region
[2023-10-17T14:44:47.151+0000][2620.262s][info ][safepoint     ] Total time for which application threads were stopped: 0.0018894 seconds, Stopping threads took: 0.0008139 seconds
[2023-10-17T14:44:48.153+0000][2621.263s][debug][safepoint     ] Safepoint synchronization initiated. (183 threads)
[2023-10-17T14:44:48.154+0000][2621.264s][info ][safepoint     ] Application time: 1.0015723 seconds
[2023-10-17T14:44:48.155+0000][2621.265s][info ][safepoint     ] Entering safepoint region: Cleanup
[2023-10-17T14:44:48.157+0000][2621.267s][info ][safepoint     ] Leaving safepoint region
[2023-10-17T14:44:48.158+0000][2621.269s][info ][safepoint     ] Total time for which application threads were stopped: 0.0031561 seconds, Stopping threads took: 0.0011958 seconds
[2023-10-17T14:44:49.169+0000][2622.270s][debug][safepoint     ] Safepoint synchronization initiated. (183 threads)
[2023-10-17T14:44:49.170+0000][2622.270s][info ][safepoint     ] Application time: 1.0011143 seconds
[2023-10-17T14:44:49.171+0000][2622.271s][info ][safepoint     ] Entering safepoint region: Cleanup
[2023-10-17T14:44:49.172+0000][2622.272s][info ][safepoint     ] Leaving safepoint region
[2023-10-17T14:44:49.173+0000][2622.273s][info ][safepoint     ] Total time for which application threads were stopped: 0.0016379 seconds, Stopping threads took: 0.0007224 seconds
[2023-10-17T14:44:50.173+0000][2623.274s][debug][safepoint     ] Safepoint synchronization initiated. (183 threads)
[2023-10-17T14:44:50.174+0000][2623.274s][info ][safepoint     ] Application time: 1.0008182 seconds
[2023-10-17T14:44:50.175+0000][2623.275s][info ][safepoint     ] Entering safepoint region: Cleanup
[2023-10-17T14:44:50.175+0000][2623.276s][info ][safepoint     ] Leaving safepoint region
[2023-10-17T14:44:50.176+0000][2623.276s][info ][safepoint     ] Total time for which application threads were stopped: 0.0015589 seconds, Stopping threads took: 0.0006329 seconds
[2023-10-17T14:44:51.177+0000][2624.277s][debug][safepoint     ] Safepoint synchronization initiated. (183 threads)
[2023-10-17T14:44:51.178+0000][2624.278s][info ][safepoint     ] Application time: 1.0010244 seconds
[2023-10-17T14:44:51.179+0000][2624.279s][info ][safepoint     ] Entering safepoint region: Cleanup
[2023-10-17T14:44:51.179+0000][2624.279s][info ][safepoint     ] Leaving safepoint region
[2023-10-17T14:44:51.180+0000][2624.280s][info ][safepoint     ] Total time for which application threads were stopped: 0.0015538 seconds, Stopping threads took: 0.0005716 seconds
[2023-10-17T14:44:52.181+0000][2625.281s][debug][safepoint     ] Safepoint synchronization initiated. (183 threads)
[2023-10-17T14:44:52.183+0000][2625.283s][info ][safepoint     ] Application time: 1.0023043 seconds
[2023-10-17T14:44:52.184+0000][2625.284s][info ][safepoint     ] Entering safepoint region: Cleanup
[2023-10-17T14:44:52.185+0000][2625.285s][info ][safepoint     ] Leaving safepoint region
[2023-10-17T14:44:52.186+0000][2625.286s][info ][safepoint     ] Total time for which application threads were stopped: 0.0019817 seconds, Stopping threads took: 0.0007500 seconds
[2023-10-17T14:44:53.188+0000][2626.288s][debug][safepoint     ] Safepoint synchronization initiated. (183 threads)
[2023-10-17T14:44:53.189+0000][2626.289s][info ][safepoint     ] Application time: 1.0012647 seconds
[2023-10-17T14:44:53.190+0000][2626.290s][info ][safepoint     ] Entering safepoint region: Cleanup
[2023-10-17T14:44:53.192+0000][2626.292s][info ][safepoint     ] Leaving safepoint region
[2023-10-17T14:44:53.194+0000][2626.294s][info ][safepoint     ] Total time for which application threads were stopped: 0.0042760 seconds, Stopping threads took: 0.0012057 seconds
[2023-10-17T14:44:54.196+0000][2627.296s][debug][safepoint     ] Safepoint synchronization initiated. (183 threads)
[2023-10-17T14:44:54.198+0000][2627.299s][info ][safepoint     ] Application time: 1.0030204 seconds
[2023-10-17T14:44:54.200+0000][2627.300s][info ][safepoint     ] Entering safepoint region: Cleanup
[2023-10-17T14:44:54.202+0000][2627.302s][info ][safepoint     ] Leaving safepoint region
[2023-10-17T14:44:54.203+0000][2627.303s][info ][safepoint     ] Total time for which application threads were stopped: 0.0026156 seconds, Stopping threads took: 0.0013462 seconds
[2023-10-17T14:44:55.204+0000][2628.304s][debug][safepoint     ] Safepoint synchronization initiated. (183 threads)
[2023-10-17T14:44:55.205+0000][2628.306s][info ][safepoint     ] Application time: 1.0017103 seconds
[2023-10-17T14:44:55.206+0000][2628.307s][info ][safepoint     ] Entering safepoint region: Cleanup
[2023-10-17T14:44:55.207+0000][2628.308s][info ][safepoint     ] Leaving safepoint region
[2023-10-17T14:44:55.208+0000][2628.308s][info ][safepoint     ] Total time for which application threads were stopped: 0.0016539 seconds, Stopping threads took: 0.0006144 seconds
[2023-10-17T14:44:56.209+0000][2629.309s][debug][safepoint     ] Safepoint synchronization initiated. (183 threads)
[2023-10-17T14:44:56.210+0000][2629.310s][info ][safepoint     ] Application time: 1.0009682 seconds
[2023-10-17T14:44:56.211+0000][2629.311s][info ][safepoint     ] Entering safepoint region: Cleanup
[2023-10-17T14:44:56.211+0000][2629.312s][info ][safepoint     ] Leaving safepoint region
[2023-10-17T14:44:56.212+0000][2629.313s][info ][safepoint     ] Total time for which application threads were stopped: 0.0019963 seconds, Stopping threads took: 0.0007662 seconds
[2023-10-17T14:44:57.214+0000][2630.314s][debug][safepoint     ] Safepoint synchronization initiated. (183 threads)
[2023-10-17T14:44:57.215+0000][2630.315s][info ][safepoint     ] Application time: 1.0012355 seconds
[2023-10-17T14:44:57.216+0000][2630.316s][info ][safepoint     ] Entering safepoint region: Cleanup
[2023-10-17T14:44:57.217+0000][2630.317s][info ][safepoint     ] Leaving safepoint region
[2023-10-17T14:44:57.218+0000][2630.318s][info ][safepoint     ] Total time for which application threads were stopped: 0.0022924 seconds, Stopping threads took: 0.0008303 seconds
[2023-10-17T14:44:58.219+0000][2631.319s][debug][safepoint     ] Safepoint synchronization initiated. (183 threads)
[2023-10-17T14:44:58.220+0000][2631.320s][info ][safepoint     ] Application time: 1.0010440 seconds
[2023-10-17T14:44:58.221+0000][2631.321s][info ][safepoint     ] Entering safepoint region: Cleanup
[2023-10-17T14:44:58.222+0000][2631.322s][info ][safepoint     ] Leaving safepoint region
[2023-10-17T14:44:58.223+0000][2631.323s][info ][safepoint     ] Total time for which application threads were stopped: 0.0020592 seconds, Stopping threads took: 0.0009703 seconds
[2023-10-17T14:44:59.224+0000][2632.324s][debug][safepoint     ] Safepoint synchronization initiated. (183 threads)
[2023-10-17T14:44:59.225+0000][2632.325s][info ][safepoint     ] Application time: 1.0012428 seconds
[2023-10-17T14:44:59.226+0000][2632.326s][info ][safepoint     ] Entering safepoint region: Cleanup
[2023-10-17T14:44:59.227+0000][2632.327s][info ][safepoint     ] Leaving safepoint region
[2023-10-17T14:44:59.227+0000][2632.328s][info ][safepoint     ] Total time for which application threads were stopped: 0.0016622 seconds, Stopping threads took: 0.0006628 seconds
[2023-10-17T14:45:00.228+0000][2633.329s][debug][safepoint     ] Safepoint synchronization initiated. (183 threads)
[2023-10-17T14:45:00.229+0000][2633.330s][info ][safepoint     ] Application time: 1.0011224 seconds
[2023-10-17T14:45:00.230+0000][2633.330s][info ][safepoint     ] Entering safepoint region: Cleanup
[2023-10-17T14:45:00.231+0000][2633.331s][info ][safepoint     ] Leaving safepoint region
[2023-10-17T14:45:00.232+0000][2633.332s][info ][safepoint     ] Total time for which application threads were stopped: 0.0016447 seconds, Stopping threads took: 0.0005388 seconds
[2023-10-17T14:45:01.232+0000][2634.333s][debug][safepoint     ] Safepoint synchronization initiated. (183 threads)
[2023-10-17T14:45:01.234+0000][2634.334s][info ][safepoint     ] Application time: 1.0014405 seconds
[2023-10-17T14:45:01.235+0000][2634.335s][info ][safepoint     ] Entering safepoint region: Cleanup
[2023-10-17T14:45:01.236+0000][2634.336s][info ][safepoint     ] Leaving safepoint region
[2023-10-17T14:45:01.237+0000][2634.337s][info ][safepoint     ] Total time for which application threads were stopped: 0.0024081 seconds, Stopping threads took: 0.0009136 seconds
[2023-10-17T14:45:02.239+0000][2635.339s][debug][safepoint     ] Safepoint synchronization initiated. (183 threads)
[2023-10-17T14:45:02.240+0000][2635.340s][info ][safepoint     ] Application time: 1.0014844 seconds
[2023-10-17T14:45:02.241+0000][2635.341s][info ][safepoint     ] Entering safepoint region: Cleanup
[2023-10-17T14:45:02.242+0000][2635.342s][info ][safepoint     ] Leaving safepoint region
[2023-10-17T14:45:02.242+0000][2635.342s][info ][safepoint     ] Total time for which application threads were stopped: 0.0015075 seconds, Stopping threads took: 0.0006870 seconds
[2023-10-17T14:45:03.243+0000][2636.343s][debug][safepoint     ] Safepoint synchronization initiated. (183 threads)
[2023-10-17T14:45:03.245+0000][2636.345s][info ][safepoint     ] Application time: 1.0018978 seconds
[2023-10-17T14:45:03.246+0000][2636.346s][info ][safepoint     ] Entering safepoint region: Cleanup
[2023-10-17T14:45:03.247+0000][2636.347s][info ][safepoint     ] Leaving safepoint region
[2023-10-17T14:45:03.248+0000][2636.348s][info ][safepoint     ] Total time for which application threads were stopped: 0.0016119 seconds, Stopping threads took: 0.0007640 seconds
[2023-10-17T14:45:04.249+0000][2637.349s][debug][safepoint     ] Safepoint synchronization initiated. (183 threads)
[2023-10-17T14:45:04.249+0000][2637.350s][info ][safepoint     ] Application time: 1.0009231 seconds
[2023-10-17T14:45:04.250+0000][2637.350s][info ][safepoint     ] Entering safepoint region: Cleanup
[2023-10-17T14:45:04.251+0000][2637.351s][info ][safepoint     ] Leaving safepoint region
[2023-10-17T14:45:04.252+0000][2637.352s][info ][safepoint     ] Total time for which application threads were stopped: 0.0016293 seconds, Stopping threads took: 0.0005448 seconds
[2023-10-17T14:45:05.253+0000][2638.353s][debug][safepoint     ] Safepoint synchronization initiated. (183 threads)
[2023-10-17T14:45:05.254+0000][2638.354s][info ][safepoint     ] Application time: 1.0012956 seconds
[2023-10-17T14:45:05.255+0000][2638.355s][info ][safepoint     ] Entering safepoint region: Cleanup
[2023-10-17T14:45:05.256+0000][2638.356s][info ][safepoint     ] Leaving safepoint region
[2023-10-17T14:45:05.257+0000][2638.357s][info ][safepoint     ] Total time for which application threads were stopped: 0.0022650 seconds, Stopping threads took: 0.0009629 seconds
[2023-10-17T14:45:06.258+0000][2639.358s][debug][safepoint     ] Safepoint synchronization initiated. (183 threads)
[2023-10-17T14:45:06.259+0000][2639.359s][info ][safepoint     ] Application time: 1.0012431 seconds
[2023-10-17T14:45:06.260+0000][2639.360s][info ][safepoint     ] Entering safepoint region: Cleanup
[2023-10-17T14:45:06.261+0000][2639.361s][info ][safepoint     ] Leaving safepoint region
[2023-10-17T14:45:06.262+0000][2639.362s][info ][safepoint     ] Total time for which application threads were stopped: 0.0017124 seconds, Stopping threads took: 0.0006576 seconds
[2023-10-17T14:45:07.263+0000][2640.363s][debug][safepoint     ] Safepoint synchronization initiated. (183 threads)
[2023-10-17T14:45:07.267+0000][2640.367s][info ][safepoint     ] Application time: 1.0043648 seconds
[2023-10-17T14:45:07.268+0000][2640.368s][info ][safepoint     ] Entering safepoint region: Cleanup
[2023-10-17T14:45:07.269+0000][2640.369s][info ][safepoint     ] Leaving safepoint region
[2023-10-17T14:45:07.270+0000][2640.370s][info ][safepoint     ] Total time for which application threads were stopped: 0.0022749 seconds, Stopping threads took: 0.0008594 seconds
[2023-10-17T14:45:08.271+0000][2641.371s][debug][safepoint     ] Safepoint synchronization initiated. (183 threads)
[2023-10-17T14:45:08.272+0000][2641.372s][info ][safepoint     ] Application time: 1.0014524 seconds
[2023-10-17T14:45:08.273+0000][2641.373s][info ][safepoint     ] Entering safepoint region: Cleanup
[2023-10-17T14:45:08.275+0000][2641.375s][info ][safepoint     ] Leaving safepoint region
[2023-10-17T14:45:08.275+0000][2641.376s][info ][safepoint     ] Total time for which application threads were stopped: 0.0023223 seconds, Stopping threads took: 0.0010169 seconds
[2023-10-17T14:45:09.276+0000][2642.376s][debug][safepoint     ] Safepoint synchronization initiated. (183 threads)
[2023-10-17T14:45:09.277+0000][2642.378s][info ][safepoint     ] Application time: 1.0012615 seconds
[2023-10-17T14:45:09.278+0000][2642.378s][info ][safepoint     ] Entering safepoint region: Cleanup
[2023-10-17T14:45:09.280+0000][2642.380s][info ][safepoint     ] Leaving safepoint region
[2023-10-17T14:45:09.281+0000][2642.381s][info ][safepoint     ] Total time for which application threads were stopped: 0.0023396 seconds, Stopping threads took: 0.0010367 seconds
[2023-10-17T14:45:10.282+0000][2643.382s][debug][safepoint     ] Safepoint synchronization initiated. (183 threads)
[2023-10-17T14:45:10.283+0000][2643.383s][info ][safepoint     ] Application time: 1.0014960 seconds
[2023-10-17T14:45:10.284+0000][2643.384s][info ][safepoint     ] Entering safepoint region: Cleanup
[2023-10-17T14:45:10.285+0000][2643.385s][info ][safepoint     ] Leaving safepoint region
[2023-10-17T14:45:10.286+0000][2643.386s][info ][safepoint     ] Total time for which application threads were stopped: 0.0018774 seconds, Stopping threads took: 0.0008973 seconds
[2023-10-17T14:45:11.287+0000][2644.387s][debug][safepoint     ] Safepoint synchronization initiated. (183 threads)
[2023-10-17T14:45:11.288+0000][2644.388s][info ][safepoint     ] Application time: 1.0012745 seconds
[2023-10-17T14:45:11.288+0000][2644.389s][info ][safepoint     ] Entering safepoint region: Cleanup
[2023-10-17T14:45:11.290+0000][2644.390s][info ][safepoint     ] Leaving safepoint region
[2023-10-17T14:45:11.291+0000][2644.391s][info ][safepoint     ] Total time for which application threads were stopped: 0.0022893 seconds, Stopping threads took: 0.0008830 seconds
[2023-10-17T14:45:12.292+0000][2645.392s][debug][safepoint     ] Safepoint synchronization initiated. (183 threads)
[2023-10-17T14:45:12.293+0000][2645.393s][info ][safepoint     ] Application time: 1.0010597 seconds
[2023-10-17T14:45:12.293+0000][2645.394s][info ][safepoint     ] Entering safepoint region: Cleanup
[2023-10-17T14:45:12.294+0000][2645.395s][info ][safepoint     ] Leaving safepoint region
[2023-10-17T14:45:12.295+0000][2645.395s][info ][safepoint     ] Total time for which application threads were stopped: 0.0016699 seconds, Stopping threads took: 0.0007080 seconds
[2023-10-17T14:45:13.296+0000][2646.396s][debug][safepoint     ] Safepoint synchronization initiated. (183 threads)
[2023-10-17T14:45:13.297+0000][2646.397s][info ][safepoint     ] Application time: 1.0013678 seconds
[2023-10-17T14:45:13.298+0000][2646.398s][info ][safepoint     ] Entering safepoint region: Cleanup
[2023-10-17T14:45:13.300+0000][2646.400s][info ][safepoint     ] Leaving safepoint region
[2023-10-17T14:45:13.301+0000][2646.401s][info ][safepoint     ] Total time for which application threads were stopped: 0.0023582 seconds, Stopping threads took: 0.0010706 seconds
[2023-10-17T14:45:14.302+0000][2647.402s][debug][safepoint     ] Safepoint synchronization initiated. (183 threads)
[2023-10-17T14:45:14.303+0000][2647.403s][info ][safepoint     ] Application time: 1.0015417 seconds
[2023-10-17T14:45:14.304+0000][2647.404s][info ][safepoint     ] Entering safepoint region: Cleanup
[2023-10-17T14:45:14.305+0000][2647.405s][info ][safepoint     ] Leaving safepoint region
[2023-10-17T14:45:14.306+0000][2647.406s][info ][safepoint     ] Total time for which application threads were stopped: 0.0020371 seconds, Stopping threads took: 0.0008601 seconds
[2023-10-17T14:45:14.305+0000][2647.405s][debug][safepoint     ] ... found polling page return exception at pc = 0x00007fc1a54a9604, stub =0x00007fc19c840600
[2023-10-17T14:45:14.305+0000][2647.405s][debug][safepoint     ] ... found polling page return exception at pc = 0x00007fc1a54a9604, stub =0x00007fc19c840600
[2023-10-17T14:45:14.305+0000][2647.405s][debug][safepoint     ] ... found polling page return exception at pc = 0x00007fc1a54a9604, stub =0x00007fc19c840600
[2023-10-17T14:45:14.305+0000][2647.405s][debug][safepoint     ] ... found polling page return exception at pc = 0x00007fc1a54a9604, stub =0x00007fc19c840600
[2023-10-17T14:45:15.307+0000][2648.407s][debug][safepoint     ] Safepoint synchronization initiated. (183 threads)
[2023-10-17T14:45:15.308+0000][2648.409s][info ][safepoint     ] Application time: 1.0016281 seconds
[2023-10-17T14:45:15.310+0000][2648.410s][info ][safepoint     ] Entering safepoint region: Cleanup
[2023-10-17T14:45:15.311+0000][2648.411s][info ][safepoint     ] Leaving safepoint region
[2023-10-17T14:45:15.312+0000][2648.412s][info ][safepoint     ] Total time for which application threads were stopped: 0.0027688 seconds, Stopping threads took: 0.0013972 seconds
[2023-10-17T14:45:16.313+0000][2649.413s][debug][safepoint     ] Safepoint synchronization initiated. (183 threads)
[2023-10-17T14:45:16.314+0000][2649.414s][info ][safepoint     ] Application time: 1.0011211 seconds
[2023-10-17T14:45:16.315+0000][2649.415s][info ][safepoint     ] Entering safepoint region: Cleanup
[2023-10-17T14:45:16.316+0000][2649.417s][info ][safepoint     ] Leaving safepoint region
[2023-10-17T14:45:16.318+0000][2649.418s][info ][safepoint     ] Total time for which application threads were stopped: 0.0029415 seconds, Stopping threads took: 0.0009879 seconds
[2023-10-17T14:45:17.319+0000][2650.419s][debug][safepoint     ] Safepoint synchronization initiated. (183 threads)
[2023-10-17T14:45:17.320+0000][2650.420s][info ][safepoint     ] Application time: 1.0013741 seconds
[2023-10-17T14:45:17.321+0000][2650.421s][info ][safepoint     ] Entering safepoint region: Cleanup
[2023-10-17T14:45:17.322+0000][2650.422s][info ][safepoint     ] Leaving safepoint region
[2023-10-17T14:45:17.323+0000][2650.423s][info ][safepoint     ] Total time for which application threads were stopped: 0.0019203 seconds, Stopping threads took: 0.0007536 seconds
[2023-10-17T14:45:18.324+0000][2651.424s][debug][safepoint     ] Safepoint synchronization initiated. (183 threads)
[2023-10-17T14:45:18.325+0000][2651.425s][info ][safepoint     ] Application time: 1.0015739 seconds
[2023-10-17T14:45:18.326+0000][2651.426s][info ][safepoint     ] Entering safepoint region: Cleanup
[2023-10-17T14:45:18.327+0000][2651.427s][info ][safepoint     ] Leaving safepoint region
[2023-10-17T14:45:18.328+0000][2651.428s][info ][safepoint     ] Total time for which application threads were stopped: 0.0018644 seconds, Stopping threads took: 0.0008151 seconds
[2023-10-17T14:45:19.331+0000][2652.429s][debug][safepoint     ] Safepoint synchronization initiated. (183 threads)
[2023-10-17T14:45:19.332+0000][2652.430s][info ][safepoint     ] Application time: 1.0013847 seconds
[2023-10-17T14:45:19.333+0000][2652.431s][info ][safepoint     ] Entering safepoint region: Cleanup
[2023-10-17T14:45:19.335+0000][2652.433s][info ][safepoint     ] Leaving safepoint region
[2023-10-17T14:45:19.335+0000][2652.433s][info ][safepoint     ] Total time for which application threads were stopped: 0.0019244 seconds, Stopping threads took: 0.0009356 seconds
[2023-10-17T14:45:20.336+0000][2653.434s][debug][safepoint     ] Safepoint synchronization initiated. (183 threads)
[2023-10-17T14:45:20.337+0000][2653.435s][info ][safepoint     ] Application time: 1.0009841 seconds
[2023-10-17T14:45:20.338+0000][2653.436s][info ][safepoint     ] Entering safepoint region: Cleanup
[2023-10-17T14:45:20.339+0000][2653.437s][info ][safepoint     ] Leaving safepoint region
[2023-10-17T14:45:20.339+0000][2653.437s][info ][safepoint     ] Total time for which application threads were stopped: 0.0015237 seconds, Stopping threads took: 0.0008606 seconds
[2023-10-17T14:45:21.340+0000][2654.438s][debug][safepoint     ] Safepoint synchronization initiated. (183 threads)
[2023-10-17T14:45:21.341+0000][2654.439s][info ][safepoint     ] Application time: 1.0014549 seconds
[2023-10-17T14:45:21.342+0000][2654.440s][info ][safepoint     ] Entering safepoint region: Cleanup
[2023-10-17T14:45:21.344+0000][2654.442s][info ][safepoint     ] Leaving safepoint region
[2023-10-17T14:45:21.345+0000][2654.443s][info ][safepoint     ] Total time for which application threads were stopped: 0.0024520 seconds, Stopping threads took: 0.0010605 seconds
[2023-10-17T14:45:22.346+0000][2655.444s][debug][safepoint     ] Safepoint synchronization initiated. (183 threads)
[2023-10-17T14:45:22.347+0000][2655.445s][info ][safepoint     ] Application time: 1.0016806 seconds
[2023-10-17T14:45:22.349+0000][2655.447s][info ][safepoint     ] Entering safepoint region: Cleanup
[2023-10-17T14:45:22.350+0000][2655.448s][info ][safepoint     ] Leaving safepoint region
[2023-10-17T14:45:22.351+0000][2655.449s][info ][safepoint     ] Total time for which application threads were stopped: 0.0026880 seconds, Stopping threads took: 0.0012539 seconds
[2023-10-17T14:45:23.353+0000][2656.451s][debug][safepoint     ] Safepoint synchronization initiated. (183 threads)
[2023-10-17T14:45:23.354+0000][2656.452s][info ][safepoint     ] Application time: 1.0020135 seconds
[2023-10-17T14:45:23.355+0000][2656.453s][info ][safepoint     ] Entering safepoint region: Cleanup
[2023-10-17T14:45:23.356+0000][2656.454s][info ][safepoint     ] Leaving safepoint region
[2023-10-17T14:45:23.357+0000][2656.455s][info ][safepoint     ] Total time for which application threads were stopped: 0.0019826 seconds, Stopping threads took: 0.0009316 seconds
[2023-10-17T14:45:24.358+0000][2657.456s][debug][safepoint     ] Safepoint synchronization initiated. (183 threads)
[2023-10-17T14:45:24.359+0000][2657.457s][info ][safepoint     ] Application time: 1.0014931 seconds
[2023-10-17T14:45:24.360+0000][2657.458s][info ][safepoint     ] Entering safepoint region: Cleanup
[2023-10-17T14:45:24.361+0000][2657.459s][info ][safepoint     ] Leaving safepoint region
[2023-10-17T14:45:24.362+0000][2657.460s][info ][safepoint     ] Total time for which application threads were stopped: 0.0017742 seconds, Stopping threads took: 0.0007309 seconds
[2023-10-17T14:45:25.363+0000][2658.461s][debug][safepoint     ] Safepoint synchronization initiated. (183 threads)
[2023-10-17T14:45:25.364+0000][2658.462s][info ][safepoint     ] Application time: 1.0012534 seconds
[2023-10-17T14:45:25.365+0000][2658.463s][info ][safepoint     ] Entering safepoint region: Cleanup
[2023-10-17T14:45:25.366+0000][2658.464s][info ][safepoint     ] Leaving safepoint region
[2023-10-17T14:45:25.367+0000][2658.465s][info ][safepoint     ] Total time for which application threads were stopped: 0.0019479 seconds, Stopping threads took: 0.0008167 seconds
[2023-10-17T14:45:26.368+0000][2659.466s][debug][safepoint     ] Safepoint synchronization initiated. (183 threads)
[2023-10-17T14:45:26.369+0000][2659.467s][info ][safepoint     ] Application time: 1.0011324 seconds
[2023-10-17T14:45:26.369+0000][2659.467s][info ][safepoint     ] Entering safepoint region: Cleanup
[2023-10-17T14:45:26.371+0000][2659.469s][info ][safepoint     ] Leaving safepoint region
[2023-10-17T14:45:26.371+0000][2659.469s][info ][safepoint     ] Total time for which application threads were stopped: 0.0019586 seconds, Stopping threads took: 0.0008845 seconds
[2023-10-17T14:45:27.373+0000][2660.471s][debug][safepoint     ] Safepoint synchronization initiated. (183 threads)
[2023-10-17T14:45:27.374+0000][2660.472s][info ][safepoint     ] Application time: 1.0012205 seconds
[2023-10-17T14:45:27.374+0000][2660.472s][info ][safepoint     ] Entering safepoint region: Cleanup
[2023-10-17T14:45:27.376+0000][2660.474s][info ][safepoint     ] Leaving safepoint region
[2023-10-17T14:45:27.376+0000][2660.474s][info ][safepoint     ] Total time for which application threads were stopped: 0.0018565 seconds, Stopping threads took: 0.0007292 seconds
[2023-10-17T14:45:28.377+0000][2661.475s][debug][safepoint     ] Safepoint synchronization initiated. (183 threads)
[2023-10-17T14:45:28.379+0000][2661.477s][info ][safepoint     ] Application time: 1.0015751 seconds
[2023-10-17T14:45:28.380+0000][2661.478s][info ][safepoint     ] Entering safepoint region: Cleanup
[2023-10-17T14:45:28.381+0000][2661.479s][info ][safepoint     ] Leaving safepoint region
[2023-10-17T14:45:28.382+0000][2661.480s][info ][safepoint     ] Total time for which application threads were stopped: 0.0028444 seconds, Stopping threads took: 0.0012261 seconds
[2023-10-17T14:45:29.384+0000][2662.482s][debug][safepoint     ] Safepoint synchronization initiated. (183 threads)
[2023-10-17T14:45:29.385+0000][2662.483s][info ][safepoint     ] Application time: 1.0012874 seconds
[2023-10-17T14:45:29.386+0000][2662.484s][info ][safepoint     ] Entering safepoint region: Cleanup
[2023-10-17T14:45:29.387+0000][2662.485s][info ][safepoint     ] Leaving safepoint region
[2023-10-17T14:45:29.388+0000][2662.486s][info ][safepoint     ] Total time for which application threads were stopped: 0.0022234 seconds, Stopping threads took: 0.0009446 seconds
[2023-10-17T14:45:30.389+0000][2663.487s][debug][safepoint     ] Safepoint synchronization initiated. (183 threads)
[2023-10-17T14:45:30.390+0000][2663.488s][info ][safepoint     ] Application time: 1.0011280 seconds
[2023-10-17T14:45:30.391+0000][2663.489s][info ][safepoint     ] Entering safepoint region: Cleanup
[2023-10-17T14:45:30.392+0000][2663.490s][info ][safepoint     ] Leaving safepoint region
[2023-10-17T14:45:30.393+0000][2663.491s][info ][safepoint     ] Total time for which application threads were stopped: 0.0022159 seconds, Stopping threads took: 0.0009316 seconds
[2023-10-17T14:45:31.394+0000][2664.492s][debug][safepoint     ] Safepoint synchronization initiated. (183 threads)
[2023-10-17T14:45:31.395+0000][2664.493s][info ][safepoint     ] Application time: 1.0013480 seconds
[2023-10-17T14:45:31.396+0000][2664.494s][info ][safepoint     ] Entering safepoint region: Cleanup
[2023-10-17T14:45:31.398+0000][2664.496s][info ][safepoint     ] Leaving safepoint region
[2023-10-17T14:45:31.399+0000][2664.497s][info ][safepoint     ] Total time for which application threads were stopped: 0.0023271 seconds, Stopping threads took: 0.0011131 seconds
[2023-10-17T14:45:32.400+0000][2665.498s][debug][safepoint     ] Safepoint synchronization initiated. (183 threads)
[2023-10-17T14:45:32.401+0000][2665.499s][info ][safepoint     ] Application time: 1.0016648 seconds
[2023-10-17T14:45:32.403+0000][2665.500s][debug][safepoint     ] ... found polling page loop exception at pc = 0x00007fc1a550b809, stub =0x00007fc19c843680
[2023-10-17T14:45:32.403+0000][2665.501s][debug][safepoint     ] ... found polling page loop exception at pc = 0x00007fc1a550b809, stub =0x00007fc19c843680
[2023-10-17T14:45:32.403+0000][2665.501s][debug][safepoint     ] ... found polling page loop exception at pc = 0x00007fc1a550baea, stub =0x00007fc19c843680
[2023-10-17T14:45:32.405+0000][2665.503s][debug][safepoint     ] Waiting for 3 thread(s) to block
[2023-10-17T14:45:32.407+0000][2665.505s][info ][safepoint     ] Entering safepoint region: Cleanup
[2023-10-17T14:45:32.408+0000][2665.506s][info ][safepoint     ] Leaving safepoint region
[2023-10-17T14:45:32.409+0000][2665.506s][info ][safepoint     ] Total time for which application threads were stopped: 0.0060766 seconds, Stopping threads took: 0.0050568 seconds
[2023-10-17T14:45:33.410+0000][2666.508s][debug][safepoint     ] Safepoint synchronization initiated. (183 threads)
[2023-10-17T14:45:33.411+0000][2666.509s][info ][safepoint     ] Application time: 1.0011719 seconds
[2023-10-17T14:45:33.412+0000][2666.509s][info ][safepoint     ] Entering safepoint region: Cleanup
[2023-10-17T14:45:33.413+0000][2666.511s][info ][safepoint     ] Leaving safepoint region
[2023-10-17T14:45:33.413+0000][2666.511s][info ][safepoint     ] Total time for which application threads were stopped: 0.0018020 seconds, Stopping threads took: 0.0009049 seconds
[2023-10-17T14:45:34.414+0000][2667.512s][debug][safepoint     ] Safepoint synchronization initiated. (183 threads)
[2023-10-17T14:45:34.415+0000][2667.513s][info ][safepoint     ] Application time: 1.0013720 seconds
[2023-10-17T14:45:34.416+0000][2667.514s][info ][safepoint     ] Entering safepoint region: Cleanup
[2023-10-17T14:45:34.418+0000][2667.515s][info ][safepoint     ] Leaving safepoint region
[2023-10-17T14:45:34.418+0000][2667.516s][info ][safepoint     ] Total time for which application threads were stopped: 0.0018862 seconds, Stopping threads took: 0.0008933 seconds
[2023-10-17T14:45:35.419+0000][2668.517s][debug][safepoint     ] Safepoint synchronization initiated. (183 threads)
[2023-10-17T14:45:35.420+0000][2668.518s][info ][safepoint     ] Application time: 1.0011092 seconds
[2023-10-17T14:45:35.421+0000][2668.519s][info ][safepoint     ] Entering safepoint region: Cleanup
[2023-10-17T14:45:35.422+0000][2668.520s][info ][safepoint     ] Leaving safepoint region
[2023-10-17T14:45:35.422+0000][2668.520s][info ][safepoint     ] Total time for which application threads were stopped: 0.0017207 seconds, Stopping threads took: 0.0007956 seconds
[2023-10-17T14:45:36.424+0000][2669.522s][debug][safepoint     ] Safepoint synchronization initiated. (183 threads)
[2023-10-17T14:45:36.425+0000][2669.523s][info ][safepoint     ] Application time: 1.0017327 seconds
[2023-10-17T14:45:36.426+0000][2669.524s][info ][safepoint     ] Entering safepoint region: Cleanup
[2023-10-17T14:45:36.427+0000][2669.525s][info ][safepoint     ] Leaving safepoint region
[2023-10-17T14:45:36.428+0000][2669.526s][info ][safepoint     ] Total time for which application threads were stopped: 0.0016683 seconds, Stopping threads took: 0.0007719 seconds
[2023-10-17T14:45:37.429+0000][2670.527s][debug][safepoint     ] Safepoint synchronization initiated. (183 threads)
[2023-10-17T14:45:37.430+0000][2670.528s][info ][safepoint     ] Application time: 1.0013709 seconds
[2023-10-17T14:45:37.431+0000][2670.529s][info ][safepoint     ] Entering safepoint region: Cleanup
[2023-10-17T14:45:37.432+0000][2670.530s][info ][safepoint     ] Leaving safepoint region
[2023-10-17T14:45:37.432+0000][2670.530s][info ][safepoint     ] Total time for which application threads were stopped: 0.0017748 seconds, Stopping threads took: 0.0007127 seconds
[2023-10-17T14:45:38.433+0000][2671.531s][debug][safepoint     ] Safepoint synchronization initiated. (183 threads)
[2023-10-17T14:45:38.434+0000][2671.532s][info ][safepoint     ] Application time: 1.0010649 seconds
[2023-10-17T14:45:38.435+0000][2671.533s][debug][safepoint     ] ... found polling page loop exception at pc = 0x00007fc1a47e2f22, stub =0x00007fc19c843680
[2023-10-17T14:45:38.435+0000][2671.533s][debug][safepoint     ] ... found polling page return exception at pc = 0x00007fc1a4bf2e44, stub =0x00007fc19c840600
[2023-10-17T14:45:38.435+0000][2671.533s][debug][safepoint     ] ... found polling page return exception at pc = 0x00007fc1a56bbc73, stub =0x00007fc19c840600
[2023-10-17T14:45:38.439+0000][2671.536s][debug][safepoint     ] Waiting for 3 thread(s) to block
[2023-10-17T14:45:38.440+0000][2671.538s][info ][safepoint     ] Entering safepoint region: Cleanup
[2023-10-17T14:45:38.441+0000][2671.539s][info ][safepoint     ] Leaving safepoint region
[2023-10-17T14:45:38.442+0000][2671.540s][info ][safepoint     ] Total time for which application threads were stopped: 0.0071701 seconds, Stopping threads took: 0.0059490 seconds
[2023-10-17T14:45:39.443+0000][2672.541s][debug][safepoint     ] Safepoint synchronization initiated. (183 threads)
[2023-10-17T14:45:39.445+0000][2672.543s][info ][safepoint     ] Application time: 1.0018495 seconds
[2023-10-17T14:45:39.445+0000][2672.543s][info ][safepoint     ] Entering safepoint region: Cleanup
[2023-10-17T14:45:39.447+0000][2672.545s][info ][safepoint     ] Leaving safepoint region
[2023-10-17T14:45:39.447+0000][2672.545s][info ][safepoint     ] Total time for which application threads were stopped: 0.0018221 seconds, Stopping threads took: 0.0007762 seconds
[2023-10-17T14:45:40.448+0000][2673.546s][debug][safepoint     ] Safepoint synchronization initiated. (183 threads)
[2023-10-17T14:45:40.450+0000][2673.548s][info ][safepoint     ] Application time: 1.0018210 seconds
[2023-10-17T14:45:40.451+0000][2673.549s][info ][safepoint     ] Entering safepoint region: Cleanup
[2023-10-17T14:45:40.452+0000][2673.550s][info ][safepoint     ] Leaving safepoint region
[2023-10-17T14:45:40.453+0000][2673.551s][info ][safepoint     ] Total time for which application threads were stopped: 0.0020019 seconds, Stopping threads took: 0.0008152 seconds
[2023-10-17T14:45:41.454+0000][2674.552s][debug][safepoint     ] Safepoint synchronization initiated. (183 threads)
[2023-10-17T14:45:41.455+0000][2674.553s][info ][safepoint     ] Application time: 1.0011749 seconds
[2023-10-17T14:45:41.456+0000][2674.554s][info ][safepoint     ] Entering safepoint region: Cleanup
[2023-10-17T14:45:41.457+0000][2674.555s][info ][safepoint     ] Leaving safepoint region
[2023-10-17T14:45:41.458+0000][2674.555s][info ][safepoint     ] Total time for which application threads were stopped: 0.0019261 seconds, Stopping threads took: 0.0009352 seconds
[2023-10-17T14:45:42.459+0000][2675.557s][debug][safepoint     ] Safepoint synchronization initiated. (183 threads)
[2023-10-17T14:45:42.460+0000][2675.558s][info ][safepoint     ] Application time: 1.0014223 seconds
[2023-10-17T14:45:42.461+0000][2675.559s][info ][safepoint     ] Entering safepoint region: Cleanup
[2023-10-17T14:45:42.462+0000][2675.560s][info ][safepoint     ] Leaving safepoint region
[2023-10-17T14:45:42.462+0000][2675.560s][info ][safepoint     ] Total time for which application threads were stopped: 0.0017292 seconds, Stopping threads took: 0.0008013 seconds
[2023-10-17T14:45:43.463+0000][2676.561s][debug][safepoint     ] Safepoint synchronization initiated. (183 threads)
[2023-10-17T14:45:43.464+0000][2676.562s][info ][safepoint     ] Application time: 1.0014109 seconds
[2023-10-17T14:45:43.465+0000][2676.563s][info ][safepoint     ] Entering safepoint region: Cleanup
[2023-10-17T14:45:43.467+0000][2676.564s][info ][safepoint     ] Leaving safepoint region
[2023-10-17T14:45:43.467+0000][2676.565s][info ][safepoint     ] Total time for which application threads were stopped: 0.0019286 seconds, Stopping threads took: 0.0008945 seconds
[2023-10-17T14:45:43.467+0000][2676.564s][debug][safepoint     ] ... found polling page return exception at pc = 0x00007fc1a54a9604, stub =0x00007fc19c840600
[2023-10-17T14:45:44.468+0000][2677.566s][debug][safepoint     ] Safepoint synchronization initiated. (183 threads)
[2023-10-17T14:45:44.470+0000][2677.567s][info ][safepoint     ] Application time: 1.0015220 seconds
[2023-10-17T14:45:44.471+0000][2677.569s][info ][safepoint     ] Entering safepoint region: Cleanup
[2023-10-17T14:45:44.472+0000][2677.570s][info ][safepoint     ] Leaving safepoint region
[2023-10-17T14:45:44.473+0000][2677.571s][info ][safepoint     ] Total time for which application threads were stopped: 0.0024288 seconds, Stopping threads took: 0.0010504 seconds
[2023-10-17T14:45:45.474+0000][2678.572s][debug][safepoint     ] Safepoint synchronization initiated. (183 threads)
[2023-10-17T14:45:45.475+0000][2678.573s][info ][safepoint     ] Application time: 1.0014014 seconds
[2023-10-17T14:45:45.476+0000][2678.574s][info ][safepoint     ] Entering safepoint region: Cleanup
[2023-10-17T14:45:45.478+0000][2678.576s][info ][safepoint     ] Leaving safepoint region
[2023-10-17T14:45:45.479+0000][2678.577s][info ][safepoint     ] Total time for which application threads were stopped: 0.0027262 seconds, Stopping threads took: 0.0010099 seconds
[2023-10-17T14:45:46.480+0000][2679.578s][debug][safepoint     ] Safepoint synchronization initiated. (183 threads)
[2023-10-17T14:45:46.481+0000][2679.579s][info ][safepoint     ] Application time: 1.0015586 seconds
[2023-10-17T14:45:46.483+0000][2679.581s][info ][safepoint     ] Entering safepoint region: Cleanup
[2023-10-17T14:45:46.484+0000][2679.582s][info ][safepoint     ] Leaving safepoint region
[2023-10-17T14:45:46.485+0000][2679.583s][info ][safepoint     ] Total time for which application threads were stopped: 0.0027548 seconds, Stopping threads took: 0.0010141 seconds
[2023-10-17T14:45:47.487+0000][2680.585s][debug][safepoint     ] Safepoint synchronization initiated. (183 threads)
[2023-10-17T14:45:47.488+0000][2680.585s][info ][safepoint     ] Application time: 1.0011346 seconds
[2023-10-17T14:45:47.488+0000][2680.586s][info ][safepoint     ] Entering safepoint region: Cleanup
[2023-10-17T14:45:47.490+0000][2680.587s][info ][safepoint     ] Leaving safepoint region
[2023-10-17T14:45:47.491+0000][2680.588s][info ][safepoint     ] Total time for which application threads were stopped: 0.0021916 seconds, Stopping threads took: 0.0008996 seconds
[2023-10-17T14:45:48.492+0000][2681.590s][debug][safepoint     ] Safepoint synchronization initiated. (182 threads)
[2023-10-17T14:45:48.493+0000][2681.591s][info ][safepoint     ] Application time: 1.0013248 seconds
[2023-10-17T14:45:48.493+0000][2681.591s][info ][safepoint     ] Entering safepoint region: Cleanup
[2023-10-17T14:45:48.495+0000][2681.593s][info ][safepoint     ] Leaving safepoint region
[2023-10-17T14:45:48.495+0000][2681.593s][info ][safepoint     ] Total time for which application threads were stopped: 0.0018242 seconds, Stopping threads took: 0.0008766 seconds
[2023-10-17T14:45:49.481+0000][2682.594s][debug][safepoint     ] Safepoint synchronization initiated. (182 threads)
[2023-10-17T14:45:49.483+0000][2682.596s][info ][safepoint     ] Application time: 1.0018795 seconds
[2023-10-17T14:45:49.484+0000][2682.597s][info ][safepoint     ] Entering safepoint region: Cleanup
[2023-10-17T14:45:49.485+0000][2682.598s][info ][safepoint     ] Leaving safepoint region
[2023-10-17T14:45:49.486+0000][2682.599s][info ][safepoint     ] Total time for which application threads were stopped: 0.0019403 seconds, Stopping threads took: 0.0008486 seconds
[2023-10-17T14:45:50.487+0000][2683.600s][debug][safepoint     ] Safepoint synchronization initiated. (182 threads)
[2023-10-17T14:45:50.488+0000][2683.601s][info ][safepoint     ] Application time: 1.0013226 seconds
[2023-10-17T14:45:50.489+0000][2683.602s][info ][safepoint     ] Entering safepoint region: Cleanup
[2023-10-17T14:45:50.490+0000][2683.603s][info ][safepoint     ] Leaving safepoint region
[2023-10-17T14:45:50.491+0000][2683.604s][info ][safepoint     ] Total time for which application threads were stopped: 0.0020726 seconds, Stopping threads took: 0.0008000 seconds
[2023-10-17T14:45:51.492+0000][2684.605s][debug][safepoint     ] Safepoint synchronization initiated. (182 threads)
[2023-10-17T14:45:51.493+0000][2684.606s][info ][safepoint     ] Application time: 1.0012732 seconds
[2023-10-17T14:45:51.494+0000][2684.607s][info ][safepoint     ] Entering safepoint region: Cleanup
[2023-10-17T14:45:51.495+0000][2684.608s][info ][safepoint     ] Leaving safepoint region
[2023-10-17T14:45:51.495+0000][2684.608s][info ][safepoint     ] Total time for which application threads were stopped: 0.0015094 seconds, Stopping threads took: 0.0006406 seconds
[2023-10-17T14:45:52.496+0000][2685.609s][debug][safepoint     ] Safepoint synchronization initiated. (182 threads)
[2023-10-17T14:45:52.497+0000][2685.610s][info ][safepoint     ] Application time: 1.0010659 seconds
[2023-10-17T14:45:52.498+0000][2685.611s][info ][safepoint     ] Entering safepoint region: Cleanup
[2023-10-17T14:45:52.500+0000][2685.612s][info ][safepoint     ] Leaving safepoint region
[2023-10-17T14:45:52.501+0000][2685.614s][info ][safepoint     ] Total time for which application threads were stopped: 0.0026810 seconds, Stopping threads took: 0.0010219 seconds
[2023-10-17T14:45:53.502+0000][2686.615s][debug][safepoint     ] Safepoint synchronization initiated. (182 threads)
[2023-10-17T14:45:53.504+0000][2686.616s][info ][safepoint     ] Application time: 1.0018986 seconds
[2023-10-17T14:45:53.505+0000][2686.618s][info ][safepoint     ] Entering safepoint region: Cleanup
[2023-10-17T14:45:53.507+0000][2686.619s][info ][safepoint     ] Leaving safepoint region
[2023-10-17T14:45:53.507+0000][2686.620s][info ][safepoint     ] Total time for which application threads were stopped: 0.0022968 seconds, Stopping threads took: 0.0011596 seconds
[2023-10-17T14:45:54.509+0000][2687.622s][debug][safepoint     ] Safepoint synchronization initiated. (182 threads)
[2023-10-17T14:45:54.510+0000][2687.623s][info ][safepoint     ] Application time: 1.0013847 seconds
[2023-10-17T14:45:54.511+0000][2687.624s][info ][safepoint     ] Entering safepoint region: Cleanup
[2023-10-17T14:45:54.512+0000][2687.625s][info ][safepoint     ] Leaving safepoint region
[2023-10-17T14:45:54.513+0000][2687.625s][info ][safepoint     ] Total time for which application threads were stopped: 0.0018647 seconds, Stopping threads took: 0.0008383 seconds
[2023-10-17T14:45:55.513+0000][2688.626s][debug][safepoint     ] Safepoint synchronization initiated. (182 threads)
[2023-10-17T14:45:55.515+0000][2688.628s][info ][safepoint     ] Application time: 1.0018723 seconds
[2023-10-17T14:45:55.516+0000][2688.629s][info ][safepoint     ] Entering safepoint region: Cleanup
[2023-10-17T14:45:55.518+0000][2688.631s][info ][safepoint     ] Leaving safepoint region
[2023-10-17T14:45:55.519+0000][2688.631s][info ][safepoint     ] Total time for which application threads were stopped: 0.0025414 seconds, Stopping threads took: 0.0013965 seconds
[2023-10-17T14:45:56.520+0000][2689.632s][debug][safepoint     ] Safepoint synchronization initiated. (182 threads)
[2023-10-17T14:45:56.521+0000][2689.633s][info ][safepoint     ] Application time: 1.0012195 seconds
[2023-10-17T14:45:56.522+0000][2689.634s][info ][safepoint     ] Entering safepoint region: Cleanup
[2023-10-17T14:45:56.523+0000][2689.636s][info ][safepoint     ] Leaving safepoint region
[2023-10-17T14:45:56.524+0000][2689.637s][info ][safepoint     ] Total time for which application threads were stopped: 0.0023114 seconds, Stopping threads took: 0.0010428 seconds
[2023-10-17T14:45:57.525+0000][2690.638s][debug][safepoint     ] Safepoint synchronization initiated. (182 threads)
[2023-10-17T14:45:57.526+0000][2690.639s][info ][safepoint     ] Application time: 1.0013343 seconds
[2023-10-17T14:45:57.527+0000][2690.640s][info ][safepoint     ] Entering safepoint region: Cleanup
[2023-10-17T14:45:57.528+0000][2690.641s][info ][safepoint     ] Leaving safepoint region
[2023-10-17T14:45:57.528+0000][2690.641s][info ][safepoint     ] Total time for which application threads were stopped: 0.0018020 seconds, Stopping threads took: 0.0008399 seconds
[2023-10-17T14:45:58.529+0000][2691.642s][debug][safepoint     ] Safepoint synchronization initiated. (182 threads)
[2023-10-17T14:45:58.530+0000][2691.643s][info ][safepoint     ] Application time: 1.0012972 seconds
[2023-10-17T14:45:58.531+0000][2691.644s][info ][safepoint     ] Entering safepoint region: Cleanup
[2023-10-17T14:45:58.532+0000][2691.645s][info ][safepoint     ] Leaving safepoint region
[2023-10-17T14:45:58.533+0000][2691.646s][info ][safepoint     ] Total time for which application threads were stopped: 0.0019042 seconds, Stopping threads took: 0.0008393 seconds
[2023-10-17T14:45:59.534+0000][2692.647s][debug][safepoint     ] Safepoint synchronization initiated. (182 threads)
[2023-10-17T14:45:59.535+0000][2692.648s][info ][safepoint     ] Application time: 1.0015916 seconds
[2023-10-17T14:45:59.537+0000][2692.649s][info ][safepoint     ] Entering safepoint region: Cleanup
[2023-10-17T14:45:59.538+0000][2692.651s][info ][safepoint     ] Leaving safepoint region
[2023-10-17T14:45:59.539+0000][2692.652s][info ][safepoint     ] Total time for which application threads were stopped: 0.0024203 seconds, Stopping threads took: 0.0011080 seconds
[2023-10-17T14:46:00.540+0000][2693.653s][debug][safepoint     ] Safepoint synchronization initiated. (182 threads)
[2023-10-17T14:46:00.541+0000][2693.654s][info ][safepoint     ] Application time: 1.0012924 seconds
[2023-10-17T14:46:00.542+0000][2693.655s][info ][safepoint     ] Entering safepoint region: Cleanup
[2023-10-17T14:46:00.543+0000][2693.656s][info ][safepoint     ] Leaving safepoint region
[2023-10-17T14:46:00.545+0000][2693.658s][info ][safepoint     ] Total time for which application threads were stopped: 0.0025940 seconds, Stopping threads took: 0.0008746 seconds
[2023-10-17T14:46:01.546+0000][2694.659s][debug][safepoint     ] Safepoint synchronization initiated. (182 threads)
[2023-10-17T14:46:01.547+0000][2694.659s][info ][safepoint     ] Application time: 1.0009972 seconds
[2023-10-17T14:46:01.547+0000][2694.660s][info ][safepoint     ] Entering safepoint region: Cleanup
[2023-10-17T14:46:01.549+0000][2694.661s][info ][safepoint     ] Leaving safepoint region
[2023-10-17T14:46:01.549+0000][2694.662s][info ][safepoint     ] Total time for which application threads were stopped: 0.0018957 seconds, Stopping threads took: 0.0008380 seconds
[2023-10-17T14:46:02.550+0000][2695.663s][debug][safepoint     ] Safepoint synchronization initiated. (182 threads)
[2023-10-17T14:46:02.551+0000][2695.664s][info ][safepoint     ] Application time: 1.0009466 seconds
[2023-10-17T14:46:02.552+0000][2695.665s][info ][safepoint     ] Entering safepoint region: Cleanup
[2023-10-17T14:46:02.553+0000][2695.665s][info ][safepoint     ] Leaving safepoint region
[2023-10-17T14:46:02.553+0000][2695.666s][info ][safepoint     ] Total time for which application threads were stopped: 0.0014850 seconds, Stopping threads took: 0.0006318 seconds
[2023-10-17T14:46:03.554+0000][2696.667s][debug][safepoint     ] Safepoint synchronization initiated. (182 threads)
[2023-10-17T14:46:03.555+0000][2696.668s][info ][safepoint     ] Application time: 1.0014021 seconds
[2023-10-17T14:46:03.556+0000][2696.669s][info ][safepoint     ] Entering safepoint region: Cleanup
[2023-10-17T14:46:03.557+0000][2696.670s][info ][safepoint     ] Leaving safepoint region
[2023-10-17T14:46:03.558+0000][2696.671s][info ][safepoint     ] Total time for which application threads were stopped: 0.0019882 seconds, Stopping threads took: 0.0008363 seconds
[2023-10-17T14:46:04.559+0000][2697.672s][debug][safepoint     ] Safepoint synchronization initiated. (182 threads)
[2023-10-17T14:46:04.560+0000][2697.673s][info ][safepoint     ] Application time: 1.0014717 seconds
[2023-10-17T14:46:04.561+0000][2697.674s][info ][safepoint     ] Entering safepoint region: Cleanup
[2023-10-17T14:46:04.563+0000][2697.676s][info ][safepoint     ] Leaving safepoint region
[2023-10-17T14:46:04.563+0000][2697.676s][info ][safepoint     ] Total time for which application threads were stopped: 0.0021656 seconds, Stopping threads took: 0.0011136 seconds
[2023-10-17T14:46:05.564+0000][2698.677s][debug][safepoint     ] Safepoint synchronization initiated. (182 threads)
[2023-10-17T14:46:05.566+0000][2698.679s][info ][safepoint     ] Application time: 1.0020145 seconds
[2023-10-17T14:46:05.567+0000][2698.680s][info ][safepoint     ] Entering safepoint region: Cleanup
[2023-10-17T14:46:05.569+0000][2698.682s][info ][safepoint     ] Leaving safepoint region
[2023-10-17T14:46:05.570+0000][2698.682s][info ][safepoint     ] Total time for which application threads were stopped: 0.0024340 seconds, Stopping threads took: 0.0011804 seconds
[2023-10-17T14:46:06.571+0000][2699.683s][debug][safepoint     ] Safepoint synchronization initiated. (182 threads)
[2023-10-17T14:46:06.571+0000][2699.684s][info ][safepoint     ] Application time: 1.0012580 seconds
[2023-10-17T14:46:06.572+0000][2699.685s][info ][safepoint     ] Entering safepoint region: Cleanup
[2023-10-17T14:46:06.573+0000][2699.686s][info ][safepoint     ] Leaving safepoint region
[2023-10-17T14:46:06.574+0000][2699.687s][info ][safepoint     ] Total time for which application threads were stopped: 0.0017303 seconds, Stopping threads took: 0.0007603 seconds
[2023-10-17T14:46:07.575+0000][2700.688s][debug][safepoint     ] Safepoint synchronization initiated. (182 threads)
[2023-10-17T14:46:07.576+0000][2700.689s][info ][safepoint     ] Application time: 1.0012201 seconds
[2023-10-17T14:46:07.576+0000][2700.689s][info ][safepoint     ] Entering safepoint region: Cleanup
[2023-10-17T14:46:07.578+0000][2700.691s][info ][safepoint     ] Leaving safepoint region
[2023-10-17T14:46:07.578+0000][2700.691s][info ][safepoint     ] Total time for which application threads were stopped: 0.0020655 seconds, Stopping threads took: 0.0007989 seconds
[2023-10-17T14:46:08.580+0000][2701.693s][debug][safepoint     ] Safepoint synchronization initiated. (182 threads)
[2023-10-17T14:46:08.581+0000][2701.694s][info ][safepoint     ] Application time: 1.0013139 seconds
[2023-10-17T14:46:08.582+0000][2701.694s][info ][safepoint     ] Entering safepoint region: Cleanup
[2023-10-17T14:46:08.583+0000][2701.696s][info ][safepoint     ] Leaving safepoint region
[2023-10-17T14:46:08.584+0000][2701.697s][info ][safepoint     ] Total time for which application threads were stopped: 0.0022395 seconds, Stopping threads took: 0.0009121 seconds
[2023-10-17T14:46:09.585+0000][2702.698s][debug][safepoint     ] Safepoint synchronization initiated. (182 threads)
[2023-10-17T14:46:09.586+0000][2702.699s][info ][safepoint     ] Application time: 1.0011005 seconds
[2023-10-17T14:46:09.587+0000][2702.699s][info ][safepoint     ] Entering safepoint region: Cleanup
[2023-10-17T14:46:09.588+0000][2702.701s][info ][safepoint     ] Leaving safepoint region
[2023-10-17T14:46:09.589+0000][2702.702s][info ][safepoint     ] Total time for which application threads were stopped: 0.0026160 seconds, Stopping threads took: 0.0007442 seconds
[2023-10-17T14:46:10.591+0000][2703.703s][debug][safepoint     ] Safepoint synchronization initiated. (182 threads)
[2023-10-17T14:46:10.592+0000][2703.704s][info ][safepoint     ] Application time: 1.0012020 seconds
[2023-10-17T14:46:10.592+0000][2703.705s][info ][safepoint     ] Entering safepoint region: Cleanup
[2023-10-17T14:46:10.594+0000][2703.706s][info ][safepoint     ] Leaving safepoint region
[2023-10-17T14:46:10.594+0000][2703.707s][info ][safepoint     ] Total time for which application threads were stopped: 0.0021947 seconds, Stopping threads took: 0.0011112 seconds
[2023-10-17T14:46:11.596+0000][2704.708s][debug][safepoint     ] Safepoint synchronization initiated. (182 threads)
[2023-10-17T14:46:11.597+0000][2704.710s][info ][safepoint     ] Application time: 1.0014447 seconds
[2023-10-17T14:46:11.598+0000][2704.710s][info ][safepoint     ] Entering safepoint region: Cleanup
[2023-10-17T14:46:11.599+0000][2704.711s][info ][safepoint     ] Leaving safepoint region
[2023-10-17T14:46:11.599+0000][2704.712s][info ][safepoint     ] Total time for which application threads were stopped: 0.0017831 seconds, Stopping threads took: 0.0007433 seconds
[2023-10-17T14:46:12.600+0000][2705.713s][debug][safepoint     ] Safepoint synchronization initiated. (182 threads)
[2023-10-17T14:46:12.602+0000][2705.714s][info ][safepoint     ] Application time: 1.0016486 seconds
[2023-10-17T14:46:12.603+0000][2705.716s][info ][safepoint     ] Entering safepoint region: Cleanup
[2023-10-17T14:46:12.604+0000][2705.717s][info ][safepoint     ] Leaving safepoint region
[2023-10-17T14:46:12.605+0000][2705.718s][info ][safepoint     ] Total time for which application threads were stopped: 0.0021181 seconds, Stopping threads took: 0.0011898 seconds
[2023-10-17T14:46:13.606+0000][2706.718s][debug][safepoint     ] Safepoint synchronization initiated. (182 threads)
[2023-10-17T14:46:13.607+0000][2706.720s][info ][safepoint     ] Application time: 1.0015551 seconds
[2023-10-17T14:46:13.608+0000][2706.721s][info ][safepoint     ] Entering safepoint region: Cleanup
[2023-10-17T14:46:13.609+0000][2706.722s][info ][safepoint     ] Leaving safepoint region
[2023-10-17T14:46:13.610+0000][2706.723s][info ][safepoint     ] Total time for which application threads were stopped: 0.0022243 seconds, Stopping threads took: 0.0009134 seconds
[2023-10-17T14:46:14.611+0000][2707.724s][debug][safepoint     ] Safepoint synchronization initiated. (182 threads)
[2023-10-17T14:46:14.612+0000][2707.725s][info ][safepoint     ] Application time: 1.0013459 seconds
[2023-10-17T14:46:14.613+0000][2707.726s][info ][safepoint     ] Entering safepoint region: Cleanup
[2023-10-17T14:46:14.614+0000][2707.727s][info ][safepoint     ] Leaving safepoint region
[2023-10-17T14:46:14.615+0000][2707.728s][info ][safepoint     ] Total time for which application threads were stopped: 0.0016725 seconds, Stopping threads took: 0.0006641 seconds
[2023-10-17T14:46:15.616+0000][2708.729s][debug][safepoint     ] Safepoint synchronization initiated. (182 threads)
[2023-10-17T14:46:15.617+0000][2708.730s][info ][safepoint     ] Application time: 1.0014611 seconds
[2023-10-17T14:46:15.618+0000][2708.731s][info ][safepoint     ] Entering safepoint region: Cleanup
[2023-10-17T14:46:15.619+0000][2708.732s][info ][safepoint     ] Leaving safepoint region
[2023-10-17T14:46:15.620+0000][2708.733s][info ][safepoint     ] Total time for which application threads were stopped: 0.0023796 seconds, Stopping threads took: 0.0010943 seconds
[2023-10-17T14:46:16.622+0000][2709.734s][debug][safepoint     ] Safepoint synchronization initiated. (182 threads)
[2023-10-17T14:46:16.622+0000][2709.735s][info ][safepoint     ] Application time: 1.0013773 seconds
[2023-10-17T14:46:16.623+0000][2709.736s][info ][safepoint     ] Entering safepoint region: Cleanup
[2023-10-17T14:46:16.625+0000][2709.738s][info ][safepoint     ] Leaving safepoint region
[2023-10-17T14:46:16.626+0000][2709.738s][info ][safepoint     ] Total time for which application threads were stopped: 0.0025080 seconds, Stopping threads took: 0.0014493 seconds
[2023-10-17T14:46:17.626+0000][2710.739s][debug][safepoint     ] Safepoint synchronization initiated. (182 threads)
[2023-10-17T14:46:17.627+0000][2710.740s][info ][safepoint     ] Application time: 1.0009797 seconds
[2023-10-17T14:46:17.628+0000][2710.741s][debug][safepoint     ] Waiting for 1 thread(s) to block
[2023-10-17T14:46:17.629+0000][2710.742s][info ][safepoint     ] Entering safepoint region: Cleanup
[2023-10-17T14:46:17.630+0000][2710.743s][info ][safepoint     ] Leaving safepoint region
[2023-10-17T14:46:17.631+0000][2710.744s][info ][safepoint     ] Total time for which application threads were stopped: 0.0030270 seconds, Stopping threads took: 0.0021221 seconds
[2023-10-17T14:46:18.632+0000][2711.745s][debug][safepoint     ] Safepoint synchronization initiated. (182 threads)
[2023-10-17T14:46:18.633+0000][2711.746s][info ][safepoint     ] Application time: 1.0012693 seconds
[2023-10-17T14:46:18.634+0000][2711.746s][info ][safepoint     ] Entering safepoint region: Cleanup
[2023-10-17T14:46:18.635+0000][2711.748s][info ][safepoint     ] Leaving safepoint region
[2023-10-17T14:46:18.636+0000][2711.749s][info ][safepoint     ] Total time for which application threads were stopped: 0.0024346 seconds, Stopping threads took: 0.0013862 seconds
[2023-10-17T14:46:19.641+0000][2712.750s][debug][safepoint     ] Safepoint synchronization initiated. (182 threads)
[2023-10-17T14:46:19.642+0000][2712.751s][info ][safepoint     ] Application time: 1.0014728 seconds
[2023-10-17T14:46:19.644+0000][2712.752s][info ][safepoint     ] Entering safepoint region: Cleanup
[2023-10-17T14:46:19.645+0000][2712.754s][info ][safepoint     ] Leaving safepoint region
[2023-10-17T14:46:19.646+0000][2712.755s][info ][safepoint     ] Total time for which application threads were stopped: 0.0025784 seconds, Stopping threads took: 0.0009647 seconds
[2023-10-17T14:46:20.648+0000][2713.756s][debug][safepoint     ] Safepoint synchronization initiated. (182 threads)
[2023-10-17T14:46:20.649+0000][2713.757s][info ][safepoint     ] Application time: 1.0016606 seconds
[2023-10-17T14:46:20.650+0000][2713.758s][info ][safepoint     ] Entering safepoint region: Cleanup
[2023-10-17T14:46:20.651+0000][2713.759s][info ][safepoint     ] Leaving safepoint region
[2023-10-17T14:46:20.652+0000][2713.760s][info ][safepoint     ] Total time for which application threads were stopped: 0.0018704 seconds, Stopping threads took: 0.0008536 seconds
[2023-10-17T14:46:21.653+0000][2714.761s][debug][safepoint     ] Safepoint synchronization initiated. (182 threads)
[2023-10-17T14:46:21.654+0000][2714.762s][info ][safepoint     ] Application time: 1.0011811 seconds
[2023-10-17T14:46:21.654+0000][2714.763s][info ][safepoint     ] Entering safepoint region: Cleanup
[2023-10-17T14:46:21.655+0000][2714.764s][info ][safepoint     ] Leaving safepoint region
[2023-10-17T14:46:21.656+0000][2714.764s][info ][safepoint     ] Total time for which application threads were stopped: 0.0016523 seconds, Stopping threads took: 0.0007258 seconds
[2023-10-17T14:46:22.657+0000][2715.766s][debug][safepoint     ] Safepoint synchronization initiated. (182 threads)
[2023-10-17T14:46:22.658+0000][2715.767s][info ][safepoint     ] Application time: 1.0013496 seconds
[2023-10-17T14:46:22.659+0000][2715.768s][info ][safepoint     ] Entering safepoint region: Cleanup
[2023-10-17T14:46:22.660+0000][2715.769s][info ][safepoint     ] Leaving safepoint region
[2023-10-17T14:46:22.661+0000][2715.769s][info ][safepoint     ] Total time for which application threads were stopped: 0.0018892 seconds, Stopping threads took: 0.0008422 seconds
[2023-10-17T14:46:23.663+0000][2716.771s][debug][safepoint     ] Safepoint synchronization initiated. (182 threads)
[2023-10-17T14:46:23.664+0000][2716.772s][info ][safepoint     ] Application time: 1.0014098 seconds
[2023-10-17T14:46:23.665+0000][2716.773s][info ][safepoint     ] Entering safepoint region: Cleanup
[2023-10-17T14:46:23.666+0000][2716.774s][info ][safepoint     ] Leaving safepoint region
[2023-10-17T14:46:23.667+0000][2716.775s][info ][safepoint     ] Total time for which application threads were stopped: 0.0020074 seconds, Stopping threads took: 0.0009236 seconds
[2023-10-17T14:46:24.668+0000][2717.776s][debug][safepoint     ] Safepoint synchronization initiated. (182 threads)
[2023-10-17T14:46:24.668+0000][2717.777s][info ][safepoint     ] Application time: 1.0010492 seconds
[2023-10-17T14:46:24.669+0000][2717.778s][info ][safepoint     ] Entering safepoint region: Cleanup
[2023-10-17T14:46:24.670+0000][2717.779s][info ][safepoint     ] Leaving safepoint region
[2023-10-17T14:46:24.671+0000][2717.780s][info ][safepoint     ] Total time for which application threads were stopped: 0.0018365 seconds, Stopping threads took: 0.0006917 seconds
[2023-10-17T14:46:25.673+0000][2718.781s][debug][safepoint     ] Safepoint synchronization initiated. (182 threads)
[2023-10-17T14:46:25.674+0000][2718.783s][info ][safepoint     ] Application time: 1.0013039 seconds
[2023-10-17T14:46:25.675+0000][2718.783s][info ][safepoint     ] Entering safepoint region: Cleanup
[2023-10-17T14:46:25.676+0000][2718.785s][info ][safepoint     ] Leaving safepoint region
[2023-10-17T14:46:25.677+0000][2718.786s][info ][safepoint     ] Total time for which application threads were stopped: 0.0021774 seconds, Stopping threads took: 0.0009405 seconds
[2023-10-17T14:46:26.678+0000][2719.787s][debug][safepoint     ] Safepoint synchronization initiated. (182 threads)
[2023-10-17T14:46:26.679+0000][2719.788s][info ][safepoint     ] Application time: 1.0013040 seconds
[2023-10-17T14:46:26.680+0000][2719.789s][info ][safepoint     ] Entering safepoint region: Cleanup
[2023-10-17T14:46:26.681+0000][2719.790s][info ][safepoint     ] Leaving safepoint region
[2023-10-17T14:46:26.682+0000][2719.791s][info ][safepoint     ] Total time for which application threads were stopped: 0.0021021 seconds, Stopping threads took: 0.0008474 seconds
[2023-10-17T14:46:27.683+0000][2720.792s][debug][safepoint     ] Safepoint synchronization initiated. (182 threads)
[2023-10-17T14:46:27.685+0000][2720.793s][info ][safepoint     ] Application time: 1.0014625 seconds
[2023-10-17T14:46:27.686+0000][2720.794s][info ][safepoint     ] Entering safepoint region: Cleanup
[2023-10-17T14:46:27.687+0000][2720.796s][info ][safepoint     ] Leaving safepoint region
[2023-10-17T14:46:27.688+0000][2720.797s][info ][safepoint     ] Total time for which application threads were stopped: 0.0024432 seconds, Stopping threads took: 0.0011590 seconds
[2023-10-17T14:46:28.689+0000][2721.798s][debug][safepoint     ] Safepoint synchronization initiated. (182 threads)
[2023-10-17T14:46:28.690+0000][2721.798s][info ][safepoint     ] Application time: 1.0009908 seconds
[2023-10-17T14:46:28.691+0000][2721.799s][info ][safepoint     ] Entering safepoint region: Cleanup
[2023-10-17T14:46:28.691+0000][2721.800s][info ][safepoint     ] Leaving safepoint region
[2023-10-17T14:46:28.692+0000][2721.801s][info ][safepoint     ] Total time for which application threads were stopped: 0.0016479 seconds, Stopping threads took: 0.0007477 seconds
[2023-10-17T14:46:29.694+0000][2722.802s][debug][safepoint     ] Safepoint synchronization initiated. (182 threads)
[2023-10-17T14:46:29.695+0000][2722.803s][info ][safepoint     ] Application time: 1.0012733 seconds
[2023-10-17T14:46:29.696+0000][2722.804s][info ][safepoint     ] Entering safepoint region: Cleanup
[2023-10-17T14:46:29.697+0000][2722.806s][info ][safepoint     ] Leaving safepoint region
[2023-10-17T14:46:29.698+0000][2722.807s][info ][safepoint     ] Total time for which application threads were stopped: 0.0024730 seconds, Stopping threads took: 0.0011816 seconds
[2023-10-17T14:46:30.699+0000][2723.808s][debug][safepoint     ] Safepoint synchronization initiated. (182 threads)
[2023-10-17T14:46:30.700+0000][2723.809s][info ][safepoint     ] Application time: 1.0011181 seconds
[2023-10-17T14:46:30.701+0000][2723.809s][info ][safepoint     ] Entering safepoint region: Cleanup
[2023-10-17T14:46:30.702+0000][2723.810s][info ][safepoint     ] Leaving safepoint region
[2023-10-17T14:46:30.702+0000][2723.811s][info ][safepoint     ] Total time for which application threads were stopped: 0.0016908 seconds, Stopping threads took: 0.0008243 seconds
[2023-10-17T14:46:31.704+0000][2724.812s][debug][safepoint     ] Safepoint synchronization initiated. (182 threads)
[2023-10-17T14:46:31.704+0000][2724.813s][info ][safepoint     ] Application time: 1.0011805 seconds
[2023-10-17T14:46:31.705+0000][2724.814s][info ][safepoint     ] Entering safepoint region: Cleanup
[2023-10-17T14:46:31.706+0000][2724.814s][info ][safepoint     ] Leaving safepoint region
[2023-10-17T14:46:31.707+0000][2724.815s][info ][safepoint     ] Total time for which application threads were stopped: 0.0016282 seconds, Stopping threads took: 0.0006818 seconds
[2023-10-17T14:46:32.707+0000][2725.816s][debug][safepoint     ] Safepoint synchronization initiated. (182 threads)
[2023-10-17T14:46:32.708+0000][2725.817s][info ][safepoint     ] Application time: 1.0011883 seconds
[2023-10-17T14:46:32.709+0000][2725.818s][info ][safepoint     ] Entering safepoint region: Cleanup
[2023-10-17T14:46:32.710+0000][2725.818s][info ][safepoint     ] Leaving safepoint region
[2023-10-17T14:46:32.710+0000][2725.819s][info ][safepoint     ] Total time for which application threads were stopped: 0.0014355 seconds, Stopping threads took: 0.0006192 seconds
[2023-10-17T14:46:33.711+0000][2726.820s][debug][safepoint     ] Safepoint synchronization initiated. (182 threads)
[2023-10-17T14:46:33.712+0000][2726.821s][info ][safepoint     ] Application time: 1.0013522 seconds
[2023-10-17T14:46:33.713+0000][2726.821s][info ][safepoint     ] Entering safepoint region: Cleanup
[2023-10-17T14:46:33.714+0000][2726.822s][info ][safepoint     ] Leaving safepoint region
[2023-10-17T14:46:33.714+0000][2726.823s][info ][safepoint     ] Total time for which application threads were stopped: 0.0014725 seconds, Stopping threads took: 0.0007395 seconds
[2023-10-17T14:46:34.715+0000][2727.824s][debug][safepoint     ] Safepoint synchronization initiated. (182 threads)
[2023-10-17T14:46:34.716+0000][2727.824s][info ][safepoint     ] Application time: 1.0009933 seconds
[2023-10-17T14:46:34.717+0000][2727.826s][info ][safepoint     ] Entering safepoint region: Cleanup
[2023-10-17T14:46:34.719+0000][2727.828s][info ][safepoint     ] Leaving safepoint region
[2023-10-17T14:46:34.720+0000][2727.828s][info ][safepoint     ] Total time for which application threads were stopped: 0.0029414 seconds, Stopping threads took: 0.0014656 seconds
[2023-10-17T14:46:35.720+0000][2728.829s][debug][safepoint     ] Safepoint synchronization initiated. (182 threads)
[2023-10-17T14:46:35.721+0000][2728.829s][info ][safepoint     ] Application time: 1.0008711 seconds
[2023-10-17T14:46:35.722+0000][2728.830s][info ][safepoint     ] Entering safepoint region: Cleanup
[2023-10-17T14:46:35.723+0000][2728.831s][info ][safepoint     ] Leaving safepoint region
[2023-10-17T14:46:35.723+0000][2728.832s][info ][safepoint     ] Total time for which application threads were stopped: 0.0019229 seconds, Stopping threads took: 0.0009974 seconds
[2023-10-17T14:46:36.725+0000][2729.833s][debug][safepoint     ] Safepoint synchronization initiated. (182 threads)
[2023-10-17T14:46:36.726+0000][2729.834s][info ][safepoint     ] Application time: 1.0014545 seconds
[2023-10-17T14:46:36.727+0000][2729.835s][info ][safepoint     ] Entering safepoint region: Cleanup
[2023-10-17T14:46:36.728+0000][2729.837s][info ][safepoint     ] Leaving safepoint region
[2023-10-17T14:46:36.730+0000][2729.839s][info ][safepoint     ] Total time for which application threads were stopped: 0.0036945 seconds, Stopping threads took: 0.0012326 seconds
[2023-10-17T14:46:37.732+0000][2730.840s][debug][safepoint     ] Safepoint synchronization initiated. (182 threads)
[2023-10-17T14:46:37.733+0000][2730.841s][info ][safepoint     ] Application time: 1.0016162 seconds
[2023-10-17T14:46:37.734+0000][2730.842s][info ][safepoint     ] Entering safepoint region: Cleanup
[2023-10-17T14:46:37.735+0000][2730.843s][info ][safepoint     ] Leaving safepoint region
[2023-10-17T14:46:37.735+0000][2730.844s][info ][safepoint     ] Total time for which application threads were stopped: 0.0017423 seconds, Stopping threads took: 0.0007213 seconds
[2023-10-17T14:46:38.736+0000][2731.845s][debug][safepoint     ] Safepoint synchronization initiated. (182 threads)
[2023-10-17T14:46:38.737+0000][2731.846s][info ][safepoint     ] Application time: 1.0012396 seconds
[2023-10-17T14:46:38.738+0000][2731.846s][info ][safepoint     ] Entering safepoint region: Cleanup
[2023-10-17T14:46:38.739+0000][2731.848s][info ][safepoint     ] Leaving safepoint region
[2023-10-17T14:46:38.740+0000][2731.848s][info ][safepoint     ] Total time for which application threads were stopped: 0.0021499 seconds, Stopping threads took: 0.0010482 seconds
[2023-10-17T14:46:39.741+0000][2732.850s][debug][safepoint     ] Safepoint synchronization initiated. (182 threads)
[2023-10-17T14:46:39.742+0000][2732.850s][info ][safepoint     ] Application time: 1.0012423 seconds
[2023-10-17T14:46:39.743+0000][2732.851s][info ][safepoint     ] Entering safepoint region: Cleanup
[2023-10-17T14:46:39.744+0000][2732.852s][info ][safepoint     ] Leaving safepoint region
[2023-10-17T14:46:39.744+0000][2732.853s][info ][safepoint     ] Total time for which application threads were stopped: 0.0016388 seconds, Stopping threads took: 0.0007897 seconds
[2023-10-17T14:46:40.745+0000][2733.854s][debug][safepoint     ] Safepoint synchronization initiated. (182 threads)
[2023-10-17T14:46:40.747+0000][2733.855s][info ][safepoint     ] Application time: 1.0017186 seconds
[2023-10-17T14:46:40.747+0000][2733.856s][info ][safepoint     ] Entering safepoint region: Cleanup
[2023-10-17T14:46:40.749+0000][2733.857s][info ][safepoint     ] Leaving safepoint region
[2023-10-17T14:46:40.749+0000][2733.858s][info ][safepoint     ] Total time for which application threads were stopped: 0.0018498 seconds, Stopping threads took: 0.0007506 seconds
[2023-10-17T14:46:41.750+0000][2734.859s][debug][safepoint     ] Safepoint synchronization initiated. (182 threads)
[2023-10-17T14:46:41.751+0000][2734.860s][info ][safepoint     ] Application time: 1.0013886 seconds
[2023-10-17T14:46:41.752+0000][2734.861s][info ][safepoint     ] Entering safepoint region: Cleanup
[2023-10-17T14:46:41.754+0000][2734.862s][info ][safepoint     ] Leaving safepoint region
[2023-10-17T14:46:41.754+0000][2734.863s][info ][safepoint     ] Total time for which application threads were stopped: 0.0021264 seconds, Stopping threads took: 0.0009910 seconds
[2023-10-17T14:46:42.756+0000][2735.864s][debug][safepoint     ] Safepoint synchronization initiated. (182 threads)
[2023-10-17T14:46:42.757+0000][2735.865s][info ][safepoint     ] Application time: 1.0012221 seconds
[2023-10-17T14:46:42.757+0000][2735.866s][info ][safepoint     ] Entering safepoint region: Cleanup
[2023-10-17T14:46:42.759+0000][2735.867s][info ][safepoint     ] Leaving safepoint region
[2023-10-17T14:46:42.760+0000][2735.868s][info ][safepoint     ] Total time for which application threads were stopped: 0.0023347 seconds, Stopping threads took: 0.0009804 seconds
[2023-10-17T14:46:43.761+0000][2736.870s][debug][safepoint     ] Safepoint synchronization initiated. (182 threads)
[2023-10-17T14:46:43.763+0000][2736.872s][info ][safepoint     ] Application time: 1.0026233 seconds
[2023-10-17T14:46:43.765+0000][2736.874s][info ][safepoint     ] Entering safepoint region: Cleanup
[2023-10-17T14:46:43.767+0000][2736.875s][info ][safepoint     ] Leaving safepoint region
[2023-10-17T14:46:43.768+0000][2736.877s][info ][safepoint     ] Total time for which application threads were stopped: 0.0028388 seconds, Stopping threads took: 0.0009622 seconds
[2023-10-17T14:46:44.769+0000][2737.878s][debug][safepoint     ] Safepoint synchronization initiated. (182 threads)
[2023-10-17T14:46:44.771+0000][2737.879s][info ][safepoint     ] Application time: 1.0014832 seconds
[2023-10-17T14:46:44.771+0000][2737.880s][info ][safepoint     ] Entering safepoint region: Cleanup
[2023-10-17T14:46:44.773+0000][2737.881s][info ][safepoint     ] Leaving safepoint region
[2023-10-17T14:46:44.774+0000][2737.882s][info ][safepoint     ] Total time for which application threads were stopped: 0.0022699 seconds, Stopping threads took: 0.0010022 seconds
[2023-10-17T14:46:45.775+0000][2738.883s][debug][safepoint     ] Safepoint synchronization initiated. (182 threads)
[2023-10-17T14:46:45.776+0000][2738.884s][info ][safepoint     ] Application time: 1.0011470 seconds
[2023-10-17T14:46:45.777+0000][2738.885s][info ][safepoint     ] Entering safepoint region: Cleanup
[2023-10-17T14:46:45.778+0000][2738.886s][info ][safepoint     ] Leaving safepoint region
[2023-10-17T14:46:45.778+0000][2738.887s][info ][safepoint     ] Total time for which application threads were stopped: 0.0016299 seconds, Stopping threads took: 0.0007744 seconds
[2023-10-17T14:46:46.779+0000][2739.888s][debug][safepoint     ] Safepoint synchronization initiated. (182 threads)
[2023-10-17T14:46:46.780+0000][2739.888s][info ][safepoint     ] Application time: 1.0010185 seconds
[2023-10-17T14:46:46.781+0000][2739.889s][info ][safepoint     ] Entering safepoint region: Cleanup
[2023-10-17T14:46:46.781+0000][2739.890s][info ][safepoint     ] Leaving safepoint region
[2023-10-17T14:46:46.782+0000][2739.891s][info ][safepoint     ] Total time for which application threads were stopped: 0.0015205 seconds, Stopping threads took: 0.0006769 seconds
[2023-10-17T14:46:47.783+0000][2740.891s][debug][safepoint     ] Safepoint synchronization initiated. (182 threads)
[2023-10-17T14:46:47.784+0000][2740.892s][info ][safepoint     ] Application time: 1.0011472 seconds
[2023-10-17T14:46:47.785+0000][2740.893s][info ][safepoint     ] Entering safepoint region: Cleanup
[2023-10-17T14:46:47.786+0000][2740.894s][info ][safepoint     ] Leaving safepoint region
[2023-10-17T14:46:47.786+0000][2740.895s][info ][safepoint     ] Total time for which application threads were stopped: 0.0017760 seconds, Stopping threads took: 0.0008087 seconds
[2023-10-17T14:46:48.789+0000][2741.896s][debug][safepoint     ] Safepoint synchronization initiated. (182 threads)
[2023-10-17T14:46:48.790+0000][2741.897s][info ][safepoint     ] Application time: 1.0010908 seconds
[2023-10-17T14:46:48.791+0000][2741.898s][info ][safepoint     ] Entering safepoint region: Cleanup
[2023-10-17T14:46:48.792+0000][2741.899s][info ][safepoint     ] Leaving safepoint region
[2023-10-17T14:46:48.793+0000][2741.900s][info ][safepoint     ] Total time for which application threads were stopped: 0.0021525 seconds, Stopping threads took: 0.0009743 seconds
[2023-10-17T14:46:49.794+0000][2742.901s][debug][safepoint     ] Safepoint synchronization initiated. (182 threads)
[2023-10-17T14:46:49.795+0000][2742.902s][info ][safepoint     ] Application time: 1.0011088 seconds
[2023-10-17T14:46:49.796+0000][2742.903s][info ][safepoint     ] Entering safepoint region: Cleanup
[2023-10-17T14:46:49.797+0000][2742.904s][info ][safepoint     ] Leaving safepoint region
[2023-10-17T14:46:49.798+0000][2742.904s][info ][safepoint     ] Total time for which application threads were stopped: 0.0019077 seconds, Stopping threads took: 0.0007491 seconds
[2023-10-17T14:46:50.799+0000][2743.905s][debug][safepoint     ] Safepoint synchronization initiated. (182 threads)
[2023-10-17T14:46:50.800+0000][2743.906s][info ][safepoint     ] Application time: 1.0010540 seconds
[2023-10-17T14:46:50.800+0000][2743.907s][info ][safepoint     ] Entering safepoint region: Cleanup
[2023-10-17T14:46:50.801+0000][2743.908s][info ][safepoint     ] Leaving safepoint region
[2023-10-17T14:46:50.802+0000][2743.909s][info ][safepoint     ] Total time for which application threads were stopped: 0.0017540 seconds, Stopping threads took: 0.0007512 seconds
[2023-10-17T14:46:51.803+0000][2744.910s][debug][safepoint     ] Safepoint synchronization initiated. (182 threads)
[2023-10-17T14:46:51.804+0000][2744.911s][info ][safepoint     ] Application time: 1.0012150 seconds
[2023-10-17T14:46:51.805+0000][2744.912s][info ][safepoint     ] Entering safepoint region: Cleanup
[2023-10-17T14:46:51.806+0000][2744.912s][info ][safepoint     ] Leaving safepoint region
[2023-10-17T14:46:51.807+0000][2744.913s][info ][safepoint     ] Total time for which application threads were stopped: 0.0017272 seconds, Stopping threads took: 0.0007218 seconds
[2023-10-17T14:46:52.808+0000][2745.914s][debug][safepoint     ] Safepoint synchronization initiated. (182 threads)
[2023-10-17T14:46:52.809+0000][2745.916s][info ][safepoint     ] Application time: 1.0015856 seconds
[2023-10-17T14:46:52.810+0000][2745.917s][info ][safepoint     ] Entering safepoint region: Cleanup
[2023-10-17T14:46:52.811+0000][2745.918s][info ][safepoint     ] Leaving safepoint region
[2023-10-17T14:46:52.812+0000][2745.919s][info ][safepoint     ] Total time for which application threads were stopped: 0.0019842 seconds, Stopping threads took: 0.0007810 seconds
[2023-10-17T14:46:53.813+0000][2746.920s][debug][safepoint     ] Safepoint synchronization initiated. (182 threads)
[2023-10-17T14:46:53.814+0000][2746.921s][info ][safepoint     ] Application time: 1.0012406 seconds
[2023-10-17T14:46:53.815+0000][2746.922s][info ][safepoint     ] Entering safepoint region: Cleanup
[2023-10-17T14:46:53.816+0000][2746.923s][info ][safepoint     ] Leaving safepoint region
[2023-10-17T14:46:53.817+0000][2746.924s][info ][safepoint     ] Total time for which application threads were stopped: 0.0016324 seconds, Stopping threads took: 0.0007491 seconds
[2023-10-17T14:46:54.818+0000][2747.925s][debug][safepoint     ] Safepoint synchronization initiated. (182 threads)
[2023-10-17T14:46:54.819+0000][2747.925s][info ][safepoint     ] Application time: 1.0007332 seconds
[2023-10-17T14:46:54.819+0000][2747.926s][info ][safepoint     ] Entering safepoint region: Cleanup
[2023-10-17T14:46:54.820+0000][2747.927s][info ][safepoint     ] Leaving safepoint region
[2023-10-17T14:46:54.820+0000][2747.927s][info ][safepoint     ] Total time for which application threads were stopped: 0.0012931 seconds, Stopping threads took: 0.0006421 seconds
[2023-10-17T14:46:55.821+0000][2748.928s][debug][safepoint     ] Safepoint synchronization initiated. (182 threads)
[2023-10-17T14:46:55.822+0000][2748.929s][info ][safepoint     ] Application time: 1.0013687 seconds
[2023-10-17T14:46:55.823+0000][2748.930s][info ][safepoint     ] Entering safepoint region: Cleanup
[2023-10-17T14:46:55.824+0000][2748.931s][info ][safepoint     ] Leaving safepoint region
[2023-10-17T14:46:55.825+0000][2748.932s][info ][safepoint     ] Total time for which application threads were stopped: 0.0021195 seconds, Stopping threads took: 0.0008276 seconds
[2023-10-17T14:46:56.826+0000][2749.933s][debug][safepoint     ] Safepoint synchronization initiated. (182 threads)
[2023-10-17T14:46:56.828+0000][2749.934s][info ][safepoint     ] Application time: 1.0016882 seconds
[2023-10-17T14:46:56.829+0000][2749.935s][info ][safepoint     ] Entering safepoint region: Cleanup
[2023-10-17T14:46:56.830+0000][2749.937s][info ][safepoint     ] Leaving safepoint region
[2023-10-17T14:46:56.831+0000][2749.938s][info ][safepoint     ] Total time for which application threads were stopped: 0.0025284 seconds, Stopping threads took: 0.0009542 seconds
[2023-10-17T14:46:57.833+0000][2750.939s][debug][safepoint     ] Safepoint synchronization initiated. (182 threads)
[2023-10-17T14:46:57.834+0000][2750.941s][info ][safepoint     ] Application time: 1.0017293 seconds
[2023-10-17T14:46:57.835+0000][2750.941s][info ][safepoint     ] Entering safepoint region: Cleanup
[2023-10-17T14:46:57.836+0000][2750.942s][info ][safepoint     ] Leaving safepoint region
[2023-10-17T14:46:57.837+0000][2750.943s][info ][safepoint     ] Total time for which application threads were stopped: 0.0018046 seconds, Stopping threads took: 0.0007659 seconds
[2023-10-17T14:46:58.838+0000][2751.944s][debug][safepoint     ] Safepoint synchronization initiated. (182 threads)
[2023-10-17T14:46:58.839+0000][2751.946s][info ][safepoint     ] Application time: 1.0014633 seconds
[2023-10-17T14:46:58.840+0000][2751.946s][info ][safepoint     ] Entering safepoint region: Cleanup
[2023-10-17T14:46:58.841+0000][2751.948s][info ][safepoint     ] Leaving safepoint region
[2023-10-17T14:46:58.842+0000][2751.948s][info ][safepoint     ] Total time for which application threads were stopped: 0.0019885 seconds, Stopping threads took: 0.0008501 seconds
[2023-10-17T14:46:59.843+0000][2752.949s][debug][safepoint     ] Safepoint synchronization initiated. (182 threads)
[2023-10-17T14:46:59.843+0000][2752.950s][info ][safepoint     ] Application time: 1.0009442 seconds
[2023-10-17T14:46:59.844+0000][2752.951s][info ][safepoint     ] Entering safepoint region: Cleanup
[2023-10-17T14:46:59.845+0000][2752.952s][info ][safepoint     ] Leaving safepoint region
[2023-10-17T14:46:59.846+0000][2752.952s][info ][safepoint     ] Total time for which application threads were stopped: 0.0016755 seconds, Stopping threads took: 0.0007346 seconds
[2023-10-17T14:47:00.847+0000][2753.954s][debug][safepoint     ] Safepoint synchronization initiated. (182 threads)
[2023-10-17T14:47:00.848+0000][2753.955s][info ][safepoint     ] Application time: 1.0015009 seconds
[2023-10-17T14:47:00.849+0000][2753.955s][info ][safepoint     ] Entering safepoint region: Cleanup
[2023-10-17T14:47:00.850+0000][2753.957s][info ][safepoint     ] Leaving safepoint region
[2023-10-17T14:47:00.852+0000][2753.959s][info ][safepoint     ] Total time for which application threads were stopped: 0.0032713 seconds, Stopping threads took: 0.0009602 seconds
[2023-10-17T14:47:01.854+0000][2754.961s][debug][safepoint     ] Safepoint synchronization initiated. (182 threads)
[2023-10-17T14:47:01.855+0000][2754.962s][info ][safepoint     ] Application time: 1.0014093 seconds
[2023-10-17T14:47:01.856+0000][2754.963s][info ][safepoint     ] Entering safepoint region: Cleanup
[2023-10-17T14:47:01.857+0000][2754.964s][info ][safepoint     ] Leaving safepoint region
[2023-10-17T14:47:01.858+0000][2754.964s][info ][safepoint     ] Total time for which application threads were stopped: 0.0018942 seconds, Stopping threads took: 0.0008199 seconds
[2023-10-17T14:47:02.859+0000][2755.965s][debug][safepoint     ] Safepoint synchronization initiated. (182 threads)
[2023-10-17T14:47:02.860+0000][2755.966s][info ][safepoint     ] Application time: 1.0012396 seconds
[2023-10-17T14:47:02.861+0000][2755.967s][info ][safepoint     ] Entering safepoint region: Cleanup
[2023-10-17T14:47:02.862+0000][2755.968s][info ][safepoint     ] Leaving safepoint region
[2023-10-17T14:47:02.862+0000][2755.969s][info ][safepoint     ] Total time for which application threads were stopped: 0.0018238 seconds, Stopping threads took: 0.0008762 seconds
[2023-10-17T14:47:03.863+0000][2756.970s][debug][safepoint     ] Safepoint synchronization initiated. (182 threads)
[2023-10-17T14:47:03.864+0000][2756.971s][info ][safepoint     ] Application time: 1.0011983 seconds
[2023-10-17T14:47:03.865+0000][2756.972s][info ][safepoint     ] Entering safepoint region: Cleanup
[2023-10-17T14:47:03.866+0000][2756.973s][info ][safepoint     ] Leaving safepoint region
[2023-10-17T14:47:03.867+0000][2756.974s][info ][safepoint     ] Total time for which application threads were stopped: 0.0020037 seconds, Stopping threads took: 0.0009159 seconds
[2023-10-17T14:47:04.868+0000][2757.975s][debug][safepoint     ] Safepoint synchronization initiated. (182 threads)
[2023-10-17T14:47:04.869+0000][2757.976s][info ][safepoint     ] Application time: 1.0011093 seconds
[2023-10-17T14:47:04.870+0000][2757.977s][info ][safepoint     ] Entering safepoint region: Cleanup
[2023-10-17T14:47:04.871+0000][2757.978s][info ][safepoint     ] Leaving safepoint region
[2023-10-17T14:47:04.872+0000][2757.978s][info ][safepoint     ] Total time for which application threads were stopped: 0.0016057 seconds, Stopping threads took: 0.0007394 seconds
[2023-10-17T14:47:05.872+0000][2758.979s][debug][safepoint     ] Safepoint synchronization initiated. (182 threads)
[2023-10-17T14:47:05.874+0000][2758.981s][info ][safepoint     ] Application time: 1.0020276 seconds
[2023-10-17T14:47:05.877+0000][2758.983s][info ][safepoint     ] Entering safepoint region: Cleanup
[2023-10-17T14:47:05.879+0000][2758.985s][info ][safepoint     ] Leaving safepoint region
[2023-10-17T14:47:05.880+0000][2758.987s][info ][safepoint     ] Total time for which application threads were stopped: 0.0037192 seconds, Stopping threads took: 0.0019057 seconds
[2023-10-17T14:47:06.881+0000][2759.988s][debug][safepoint     ] Safepoint synchronization initiated. (182 threads)
[2023-10-17T14:47:06.882+0000][2759.989s][info ][safepoint     ] Application time: 1.0016759 seconds
[2023-10-17T14:47:06.883+0000][2759.990s][info ][safepoint     ] Entering safepoint region: Cleanup
[2023-10-17T14:47:06.884+0000][2759.991s][info ][safepoint     ] Leaving safepoint region
[2023-10-17T14:47:06.885+0000][2759.992s][info ][safepoint     ] Total time for which application threads were stopped: 0.0016283 seconds, Stopping threads took: 0.0006224 seconds
[2023-10-17T14:47:07.886+0000][2760.993s][debug][safepoint     ] Safepoint synchronization initiated. (182 threads)
[2023-10-17T14:47:07.887+0000][2760.993s][info ][safepoint     ] Application time: 1.0007608 seconds
[2023-10-17T14:47:07.887+0000][2760.994s][info ][safepoint     ] Entering safepoint region: Cleanup
[2023-10-17T14:47:07.888+0000][2760.995s][info ][safepoint     ] Leaving safepoint region
[2023-10-17T14:47:07.889+0000][2760.996s][info ][safepoint     ] Total time for which application threads were stopped: 0.0016794 seconds, Stopping threads took: 0.0007059 seconds
[2023-10-17T14:47:08.375+0000][2761.481s][debug][safepoint     ] Safepoint synchronization initiated. (182 threads)
[2023-10-17T14:47:08.376+0000][2761.483s][info ][safepoint     ] Application time: 0.4865475 seconds
[2023-10-17T14:47:08.377+0000][2761.484s][info ][safepoint     ] Entering safepoint region: G1CollectForAllocation
[2023-10-17T14:47:08.378+0000][2761.485s][info ][gc,start      ] GC(81) Pause Young (Normal) (G1 Evacuation Pause)
[2023-10-17T14:47:08.379+0000][2761.486s][info ][gc,task       ] GC(81) Using 8 workers of 8 for evacuation
[2023-10-17T14:47:08.392+0000][2761.499s][info ][gc,phases     ] GC(81)   Pre Evacuate Collection Set: 0.1ms
[2023-10-17T14:47:08.393+0000][2761.499s][info ][gc,phases     ] GC(81)   Evacuate Collection Set: 7.5ms
[2023-10-17T14:47:08.393+0000][2761.500s][info ][gc,phases     ] GC(81)   Post Evacuate Collection Set: 3.9ms
[2023-10-17T14:47:08.394+0000][2761.500s][info ][gc,phases     ] GC(81)   Other: 2.2ms
[2023-10-17T14:47:08.394+0000][2761.501s][info ][gc,heap       ] GC(81) Eden regions: 188->0(189)
[2023-10-17T14:47:08.395+0000][2761.502s][info ][gc,heap       ] GC(81) Survivor regions: 9->8(25)
[2023-10-17T14:47:08.396+0000][2761.502s][info ][gc,heap       ] GC(81) Old regions: 167->168
[2023-10-17T14:47:08.396+0000][2761.503s][info ][gc,heap       ] GC(81) Humongous regions: 0->0
[2023-10-17T14:47:08.397+0000][2761.504s][info ][gc,metaspace  ] GC(81) Metaspace: 182772K(197620K)->182772K(197620K) NonClass: 161807K(173556K)->161807K(173556K) Class: 20965K(24064K)->20965K(24064K)
[2023-10-17T14:47:08.398+0000][2761.505s][info ][gc            ] GC(81) Pause Young (Normal) (G1 Evacuation Pause) 362M->173M(415M) 20.067ms
[2023-10-17T14:47:08.399+0000][2761.506s][info ][gc,cpu        ] GC(81) User=0.08s Sys=0.00s Real=0.02s
[2023-10-17T14:47:08.401+0000][2761.507s][info ][safepoint     ] Leaving safepoint region
[2023-10-17T14:47:08.402+0000][2761.509s][info ][safepoint     ] Total time for which application threads were stopped: 0.0249261 seconds, Stopping threads took: 0.0008924 seconds
[2023-10-17T14:47:08.403+0000][2761.510s][info ][gc,stringdedup] Concurrent String Deduplication (2761.510s)
[2023-10-17T14:47:08.405+0000][2761.512s][info ][gc,stringdedup] Concurrent String Deduplication 72312.0B->36944.0B(35368.0B) avg 53.4% (2761.510s, 2761.512s) 1.776ms
[2023-10-17T14:47:09.403+0000][2762.510s][debug][safepoint     ] Safepoint synchronization initiated. (182 threads)
[2023-10-17T14:47:09.405+0000][2762.511s][info ][safepoint     ] Application time: 1.0015697 seconds
[2023-10-17T14:47:09.406+0000][2762.512s][info ][safepoint     ] Entering safepoint region: Cleanup
[2023-10-17T14:47:09.407+0000][2762.514s][info ][safepoint     ] Leaving safepoint region
[2023-10-17T14:47:09.408+0000][2762.514s][info ][safepoint     ] Total time for which application threads were stopped: 0.0019764 seconds, Stopping threads took: 0.0007586 seconds
[2023-10-17T14:47:10.409+0000][2763.516s][debug][safepoint     ] Safepoint synchronization initiated. (182 threads)
[2023-10-17T14:47:10.410+0000][2763.516s][info ][safepoint     ] Application time: 1.0009614 seconds
[2023-10-17T14:47:10.410+0000][2763.517s][info ][safepoint     ] Entering safepoint region: Cleanup
[2023-10-17T14:47:10.411+0000][2763.518s][info ][safepoint     ] Leaving safepoint region
[2023-10-17T14:47:10.412+0000][2763.519s][info ][safepoint     ] Total time for which application threads were stopped: 0.0016854 seconds, Stopping threads took: 0.0007055 seconds
[2023-10-17T14:47:11.413+0000][2764.520s][debug][safepoint     ] Safepoint synchronization initiated. (182 threads)
[2023-10-17T14:47:11.414+0000][2764.520s][info ][safepoint     ] Application time: 1.0008821 seconds
[2023-10-17T14:47:11.414+0000][2764.521s][info ][safepoint     ] Entering safepoint region: Cleanup
[2023-10-17T14:47:11.415+0000][2764.521s][info ][safepoint     ] Leaving safepoint region
[2023-10-17T14:47:11.415+0000][2764.522s][info ][safepoint     ] Total time for which application threads were stopped: 0.0012829 seconds, Stopping threads took: 0.0005615 seconds
[2023-10-17T14:47:12.416+0000][2765.523s][debug][safepoint     ] Safepoint synchronization initiated. (182 threads)
[2023-10-17T14:47:12.417+0000][2765.523s][info ][safepoint     ] Application time: 1.0008724 seconds
[2023-10-17T14:47:12.417+0000][2765.524s][info ][safepoint     ] Entering safepoint region: Cleanup
[2023-10-17T14:47:12.418+0000][2765.525s][info ][safepoint     ] Leaving safepoint region
[2023-10-17T14:47:12.419+0000][2765.526s][info ][safepoint     ] Total time for which application threads were stopped: 0.0017774 seconds, Stopping threads took: 0.0007683 seconds
[2023-10-17T14:47:13.420+0000][2766.526s][debug][safepoint     ] Safepoint synchronization initiated. (182 threads)
[2023-10-17T14:47:13.421+0000][2766.527s][info ][safepoint     ] Application time: 1.0011160 seconds
[2023-10-17T14:47:13.421+0000][2766.528s][info ][safepoint     ] Entering safepoint region: Cleanup
[2023-10-17T14:47:13.423+0000][2766.529s][info ][safepoint     ] Leaving safepoint region
[2023-10-17T14:47:13.423+0000][2766.530s][info ][safepoint     ] Total time for which application threads were stopped: 0.0018825 seconds, Stopping threads took: 0.0008738 seconds
[2023-10-17T14:47:14.425+0000][2767.531s][debug][safepoint     ] Safepoint synchronization initiated. (182 threads)
[2023-10-17T14:47:14.425+0000][2767.532s][info ][safepoint     ] Application time: 1.0006816 seconds
[2023-10-17T14:47:14.426+0000][2767.532s][info ][safepoint     ] Entering safepoint region: Cleanup
[2023-10-17T14:47:14.427+0000][2767.534s][info ][safepoint     ] Leaving safepoint region
[2023-10-17T14:47:14.429+0000][2767.535s][info ][safepoint     ] Total time for which application threads were stopped: 0.0028534 seconds, Stopping threads took: 0.0006790 seconds
[2023-10-17T14:47:15.430+0000][2768.537s][debug][safepoint     ] Safepoint synchronization initiated. (182 threads)
[2023-10-17T14:47:15.431+0000][2768.538s][info ][safepoint     ] Application time: 1.0015361 seconds
[2023-10-17T14:47:15.432+0000][2768.539s][info ][safepoint     ] Entering safepoint region: Cleanup
[2023-10-17T14:47:15.433+0000][2768.540s][info ][safepoint     ] Leaving safepoint region
[2023-10-17T14:47:15.434+0000][2768.541s][info ][safepoint     ] Total time for which application threads were stopped: 0.0024279 seconds, Stopping threads took: 0.0008897 seconds
[2023-10-17T14:47:16.435+0000][2769.542s][debug][safepoint     ] Safepoint synchronization initiated. (182 threads)
[2023-10-17T14:47:16.436+0000][2769.543s][info ][safepoint     ] Application time: 1.0016152 seconds
[2023-10-17T14:47:16.437+0000][2769.544s][info ][safepoint     ] Entering safepoint region: Cleanup
[2023-10-17T14:47:16.440+0000][2769.546s][info ][safepoint     ] Leaving safepoint region
[2023-10-17T14:47:16.440+0000][2769.547s][info ][safepoint     ] Total time for which application threads were stopped: 0.0031004 seconds, Stopping threads took: 0.0017835 seconds
[2023-10-17T14:47:17.442+0000][2770.548s][debug][safepoint     ] Safepoint synchronization initiated. (182 threads)
[2023-10-17T14:47:17.443+0000][2770.549s][info ][safepoint     ] Application time: 1.0013692 seconds
[2023-10-17T14:47:17.444+0000][2770.551s][info ][safepoint     ] Entering safepoint region: Cleanup
[2023-10-17T14:47:17.445+0000][2770.552s][info ][safepoint     ] Leaving safepoint region
[2023-10-17T14:47:17.446+0000][2770.553s][info ][safepoint     ] Total time for which application threads were stopped: 0.0022117 seconds, Stopping threads took: 0.0012120 seconds
[2023-10-17T14:47:18.447+0000][2771.554s][debug][safepoint     ] Safepoint synchronization initiated. (182 threads)
[2023-10-17T14:47:18.448+0000][2771.555s][info ][safepoint     ] Application time: 1.0013059 seconds
[2023-10-17T14:47:18.449+0000][2771.556s][info ][safepoint     ] Entering safepoint region: Cleanup
[2023-10-17T14:47:18.450+0000][2771.557s][info ][safepoint     ] Leaving safepoint region
[2023-10-17T14:47:18.451+0000][2771.557s][info ][safepoint     ] Total time for which application threads were stopped: 0.0017578 seconds, Stopping threads took: 0.0008908 seconds
[2023-10-17T14:47:19.453+0000][2772.558s][debug][safepoint     ] Safepoint synchronization initiated. (182 threads)
[2023-10-17T14:47:19.454+0000][2772.559s][info ][safepoint     ] Application time: 1.0012029 seconds
[2023-10-17T14:47:19.455+0000][2772.560s][info ][safepoint     ] Entering safepoint region: Cleanup
[2023-10-17T14:47:19.455+0000][2772.561s][info ][safepoint     ] Leaving safepoint region
[2023-10-17T14:47:19.456+0000][2772.561s][info ][safepoint     ] Total time for which application threads were stopped: 0.0015432 seconds, Stopping threads took: 0.0006740 seconds
[2023-10-17T14:47:20.457+0000][2773.562s][debug][safepoint     ] Safepoint synchronization initiated. (182 threads)
[2023-10-17T14:47:20.459+0000][2773.564s][info ][safepoint     ] Application time: 1.0024690 seconds
[2023-10-17T14:47:20.460+0000][2773.565s][info ][safepoint     ] Entering safepoint region: Cleanup
[2023-10-17T14:47:20.461+0000][2773.566s][info ][safepoint     ] Leaving safepoint region
[2023-10-17T14:47:20.462+0000][2773.567s][info ][safepoint     ] Total time for which application threads were stopped: 0.0018407 seconds, Stopping threads took: 0.0007906 seconds
[2023-10-17T14:47:21.463+0000][2774.568s][debug][safepoint     ] Safepoint synchronization initiated. (182 threads)
[2023-10-17T14:47:21.464+0000][2774.569s][info ][safepoint     ] Application time: 1.0016368 seconds
[2023-10-17T14:47:21.465+0000][2774.571s][info ][safepoint     ] Entering safepoint region: Cleanup
[2023-10-17T14:47:21.467+0000][2774.572s][info ][safepoint     ] Leaving safepoint region
[2023-10-17T14:47:21.468+0000][2774.573s][info ][safepoint     ] Total time for which application threads were stopped: 0.0027678 seconds, Stopping threads took: 0.0012840 seconds
[2023-10-17T14:47:22.469+0000][2775.575s][debug][safepoint     ] Safepoint synchronization initiated. (182 threads)
[2023-10-17T14:47:22.479+0000][2775.585s][info ][safepoint     ] Application time: 1.0099704 seconds
[2023-10-17T14:47:22.484+0000][2775.589s][info ][safepoint     ] Entering safepoint region: Cleanup
[2023-10-17T14:47:22.488+0000][2775.593s][info ][safepoint     ] Leaving safepoint region
[2023-10-17T14:47:22.488+0000][2775.593s][info ][safepoint     ] Total time for which application threads were stopped: 0.0046502 seconds, Stopping threads took: 0.0037519 seconds
[2023-10-17T14:47:23.491+0000][2776.596s][debug][safepoint     ] Safepoint synchronization initiated. (182 threads)
[2023-10-17T14:47:23.492+0000][2776.597s][info ][safepoint     ] Application time: 1.0012176 seconds
[2023-10-17T14:47:23.492+0000][2776.598s][info ][safepoint     ] Entering safepoint region: Cleanup
[2023-10-17T14:47:23.493+0000][2776.599s][info ][safepoint     ] Leaving safepoint region
[2023-10-17T14:47:23.494+0000][2776.599s][info ][safepoint     ] Total time for which application threads were stopped: 0.0013795 seconds, Stopping threads took: 0.0006304 seconds
[2023-10-17T14:47:24.495+0000][2777.600s][debug][safepoint     ] Safepoint synchronization initiated. (182 threads)
[2023-10-17T14:47:24.496+0000][2777.601s][info ][safepoint     ] Application time: 1.0015915 seconds
[2023-10-17T14:47:24.497+0000][2777.602s][info ][safepoint     ] Entering safepoint region: Cleanup
[2023-10-17T14:47:24.498+0000][2777.603s][info ][safepoint     ] Leaving safepoint region
[2023-10-17T14:47:24.498+0000][2777.604s][info ][safepoint     ] Total time for which application threads were stopped: 0.0016549 seconds, Stopping threads took: 0.0006830 seconds
[2023-10-17T14:47:25.499+0000][2778.605s][debug][safepoint     ] Safepoint synchronization initiated. (182 threads)
[2023-10-17T14:47:25.500+0000][2778.606s][info ][safepoint     ] Application time: 1.0013021 seconds
[2023-10-17T14:47:25.501+0000][2778.607s][info ][safepoint     ] Entering safepoint region: Cleanup
[2023-10-17T14:47:25.502+0000][2778.608s][info ][safepoint     ] Leaving safepoint region
[2023-10-17T14:47:25.503+0000][2778.609s][info ][safepoint     ] Total time for which application threads were stopped: 0.0019428 seconds, Stopping threads took: 0.0009891 seconds
[2023-10-17T14:47:26.504+0000][2779.610s][debug][safepoint     ] Safepoint synchronization initiated. (182 threads)
[2023-10-17T14:47:26.506+0000][2779.611s][info ][safepoint     ] Application time: 1.0018433 seconds
[2023-10-17T14:47:26.507+0000][2779.612s][info ][safepoint     ] Entering safepoint region: Cleanup
[2023-10-17T14:47:26.508+0000][2779.613s][info ][safepoint     ] Leaving safepoint region
[2023-10-17T14:47:26.508+0000][2779.614s][info ][safepoint     ] Total time for which application threads were stopped: 0.0017815 seconds, Stopping threads took: 0.0008441 seconds
[2023-10-17T14:47:27.509+0000][2780.615s][debug][safepoint     ] Safepoint synchronization initiated. (182 threads)
[2023-10-17T14:47:27.510+0000][2780.616s][info ][safepoint     ] Application time: 1.0012253 seconds
[2023-10-17T14:47:27.511+0000][2780.616s][info ][safepoint     ] Entering safepoint region: Cleanup
[2023-10-17T14:47:27.512+0000][2780.617s][info ][safepoint     ] Leaving safepoint region
[2023-10-17T14:47:27.513+0000][2780.618s][info ][safepoint     ] Total time for which application threads were stopped: 0.0015813 seconds, Stopping threads took: 0.0006336 seconds
[2023-10-17T14:47:28.513+0000][2781.619s][debug][safepoint     ] Safepoint synchronization initiated. (182 threads)
[2023-10-17T14:47:28.514+0000][2781.619s][info ][safepoint     ] Application time: 1.0008098 seconds
[2023-10-17T14:47:28.515+0000][2781.621s][info ][safepoint     ] Entering safepoint region: Cleanup
[2023-10-17T14:47:28.516+0000][2781.622s][info ][safepoint     ] Leaving safepoint region
[2023-10-17T14:47:28.517+0000][2781.622s][info ][safepoint     ] Total time for which application threads were stopped: 0.0016525 seconds, Stopping threads took: 0.0008469 seconds
[2023-10-17T14:47:29.517+0000][2782.622s][debug][safepoint     ] Safepoint synchronization initiated. (182 threads)
[2023-10-17T14:47:29.518+0000][2782.623s][info ][safepoint     ] Application time: 1.0010544 seconds
[2023-10-17T14:47:29.520+0000][2782.625s][info ][safepoint     ] Entering safepoint region: Cleanup
[2023-10-17T14:47:29.521+0000][2782.627s][info ][safepoint     ] Leaving safepoint region
[2023-10-17T14:47:29.522+0000][2782.627s][info ][safepoint     ] Total time for which application threads were stopped: 0.0025706 seconds, Stopping threads took: 0.0011816 seconds
[2023-10-17T14:47:30.523+0000][2783.629s][debug][safepoint     ] Safepoint synchronization initiated. (182 threads)
[2023-10-17T14:47:30.524+0000][2783.629s][info ][safepoint     ] Application time: 1.0010844 seconds
[2023-10-17T14:47:30.525+0000][2783.630s][info ][safepoint     ] Entering safepoint region: Cleanup
[2023-10-17T14:47:30.526+0000][2783.631s][info ][safepoint     ] Leaving safepoint region
[2023-10-17T14:47:30.526+0000][2783.632s][info ][safepoint     ] Total time for which application threads were stopped: 0.0016841 seconds, Stopping threads took: 0.0007432 seconds
[2023-10-17T14:47:31.527+0000][2784.633s][debug][safepoint     ] Safepoint synchronization initiated. (182 threads)
[2023-10-17T14:47:31.529+0000][2784.634s][info ][safepoint     ] Application time: 1.0018729 seconds
[2023-10-17T14:47:31.530+0000][2784.636s][info ][safepoint     ] Entering safepoint region: Cleanup
[2023-10-17T14:47:31.532+0000][2784.637s][info ][safepoint     ] Leaving safepoint region
[2023-10-17T14:47:31.533+0000][2784.638s][info ][safepoint     ] Total time for which application threads were stopped: 0.0026559 seconds, Stopping threads took: 0.0014082 seconds
[2023-10-17T14:47:32.534+0000][2785.639s][debug][safepoint     ] Safepoint synchronization initiated. (182 threads)
[2023-10-17T14:47:32.535+0000][2785.640s][info ][safepoint     ] Application time: 1.0011568 seconds
[2023-10-17T14:47:32.536+0000][2785.641s][info ][safepoint     ] Entering safepoint region: Cleanup
[2023-10-17T14:47:32.537+0000][2785.642s][info ][safepoint     ] Leaving safepoint region
[2023-10-17T14:47:32.537+0000][2785.643s][info ][safepoint     ] Total time for which application threads were stopped: 0.0018255 seconds, Stopping threads took: 0.0009720 seconds
[2023-10-17T14:47:33.539+0000][2786.645s][debug][safepoint     ] Safepoint synchronization initiated. (182 threads)
[2023-10-17T14:47:33.540+0000][2786.646s][info ][safepoint     ] Application time: 1.0011706 seconds
[2023-10-17T14:47:33.541+0000][2786.646s][info ][safepoint     ] Entering safepoint region: Cleanup
[2023-10-17T14:47:33.542+0000][2786.648s][info ][safepoint     ] Leaving safepoint region
[2023-10-17T14:47:33.544+0000][2786.649s][info ][safepoint     ] Total time for which application threads were stopped: 0.0025687 seconds, Stopping threads took: 0.0009807 seconds
[2023-10-17T14:47:34.545+0000][2787.650s][debug][safepoint     ] Safepoint synchronization initiated. (182 threads)
[2023-10-17T14:47:34.546+0000][2787.651s][info ][safepoint     ] Application time: 1.0013918 seconds
[2023-10-17T14:47:34.547+0000][2787.652s][info ][safepoint     ] Entering safepoint region: Cleanup
[2023-10-17T14:47:34.548+0000][2787.653s][info ][safepoint     ] Leaving safepoint region
[2023-10-17T14:47:34.548+0000][2787.654s][info ][safepoint     ] Total time for which application threads were stopped: 0.0018620 seconds, Stopping threads took: 0.0008206 seconds
[2023-10-17T14:47:35.549+0000][2788.655s][debug][safepoint     ] Safepoint synchronization initiated. (182 threads)
[2023-10-17T14:47:35.551+0000][2788.656s][info ][safepoint     ] Application time: 1.0014271 seconds
[2023-10-17T14:47:35.552+0000][2788.657s][info ][safepoint     ] Entering safepoint region: Cleanup
[2023-10-17T14:47:35.554+0000][2788.659s][info ][safepoint     ] Leaving safepoint region
[2023-10-17T14:47:35.554+0000][2788.660s][info ][safepoint     ] Total time for which application threads were stopped: 0.0026921 seconds, Stopping threads took: 0.0015424 seconds
[2023-10-17T14:47:36.556+0000][2789.661s][debug][safepoint     ] Safepoint synchronization initiated. (182 threads)
[2023-10-17T14:47:36.557+0000][2789.662s][info ][safepoint     ] Application time: 1.0016565 seconds
[2023-10-17T14:47:36.558+0000][2789.663s][info ][safepoint     ] Entering safepoint region: Cleanup
[2023-10-17T14:47:36.559+0000][2789.665s][info ][safepoint     ] Leaving safepoint region
[2023-10-17T14:47:36.560+0000][2789.666s][info ][safepoint     ] Total time for which application threads were stopped: 0.0022762 seconds, Stopping threads took: 0.0009849 seconds
[2023-10-17T14:47:37.561+0000][2790.667s][debug][safepoint     ] Safepoint synchronization initiated. (182 threads)
[2023-10-17T14:47:37.563+0000][2790.668s][info ][safepoint     ] Application time: 1.0016563 seconds
[2023-10-17T14:47:37.564+0000][2790.669s][info ][safepoint     ] Entering safepoint region: Cleanup
[2023-10-17T14:47:37.565+0000][2790.670s][info ][safepoint     ] Leaving safepoint region
[2023-10-17T14:47:37.566+0000][2790.671s][info ][safepoint     ] Total time for which application threads were stopped: 0.0025223 seconds, Stopping threads took: 0.0010543 seconds
[2023-10-17T14:47:38.567+0000][2791.673s][debug][safepoint     ] Safepoint synchronization initiated. (182 threads)
[2023-10-17T14:47:38.568+0000][2791.673s][info ][safepoint     ] Application time: 1.0010294 seconds
[2023-10-17T14:47:38.569+0000][2791.674s][info ][safepoint     ] Entering safepoint region: Cleanup
[2023-10-17T14:47:38.572+0000][2791.677s][info ][safepoint     ] Leaving safepoint region
[2023-10-17T14:47:38.572+0000][2791.678s][info ][safepoint     ] Total time for which application threads were stopped: 0.0034101 seconds, Stopping threads took: 0.0024618 seconds
[2023-10-17T14:47:39.573+0000][2792.678s][debug][safepoint     ] Safepoint synchronization initiated. (182 threads)
[2023-10-17T14:47:39.574+0000][2792.679s][info ][safepoint     ] Application time: 1.0012157 seconds
[2023-10-17T14:47:39.575+0000][2792.680s][info ][safepoint     ] Entering safepoint region: Cleanup
[2023-10-17T14:47:39.576+0000][2792.681s][info ][safepoint     ] Leaving safepoint region
[2023-10-17T14:47:39.577+0000][2792.682s][info ][safepoint     ] Total time for which application threads were stopped: 0.0019180 seconds, Stopping threads took: 0.0007648 seconds
[2023-10-17T14:47:40.578+0000][2793.683s][debug][safepoint     ] Safepoint synchronization initiated. (182 threads)
[2023-10-17T14:47:40.579+0000][2793.684s][info ][safepoint     ] Application time: 1.0013593 seconds
[2023-10-17T14:47:40.580+0000][2793.685s][info ][safepoint     ] Entering safepoint region: Cleanup
[2023-10-17T14:47:40.581+0000][2793.687s][info ][safepoint     ] Leaving safepoint region
[2023-10-17T14:47:40.582+0000][2793.687s][info ][safepoint     ] Total time for which application threads were stopped: 0.0021012 seconds, Stopping threads took: 0.0009274 seconds
[2023-10-17T14:47:41.583+0000][2794.688s][debug][safepoint     ] Safepoint synchronization initiated. (182 threads)
[2023-10-17T14:47:41.583+0000][2794.689s][info ][safepoint     ] Application time: 1.0006610 seconds
[2023-10-17T14:47:41.584+0000][2794.689s][info ][safepoint     ] Entering safepoint region: Cleanup
[2023-10-17T14:47:41.585+0000][2794.690s][info ][safepoint     ] Leaving safepoint region
[2023-10-17T14:47:41.585+0000][2794.691s][info ][safepoint     ] Total time for which application threads were stopped: 0.0012529 seconds, Stopping threads took: 0.0005168 seconds
[2023-10-17T14:47:42.586+0000][2795.691s][debug][safepoint     ] Safepoint synchronization initiated. (182 threads)
[2023-10-17T14:47:42.587+0000][2795.692s][info ][safepoint     ] Application time: 1.0009972 seconds
[2023-10-17T14:47:42.588+0000][2795.693s][info ][safepoint     ] Entering safepoint region: Cleanup
[2023-10-17T14:47:42.589+0000][2795.694s][info ][safepoint     ] Leaving safepoint region
[2023-10-17T14:47:42.590+0000][2795.695s][info ][safepoint     ] Total time for which application threads were stopped: 0.0021443 seconds, Stopping threads took: 0.0010642 seconds
[2023-10-17T14:47:43.591+0000][2796.696s][debug][safepoint     ] Safepoint synchronization initiated. (182 threads)
[2023-10-17T14:47:43.592+0000][2796.697s][info ][safepoint     ] Application time: 1.0010776 seconds
[2023-10-17T14:47:43.593+0000][2796.698s][info ][safepoint     ] Entering safepoint region: Cleanup
[2023-10-17T14:47:43.594+0000][2796.699s][info ][safepoint     ] Leaving safepoint region
[2023-10-17T14:47:43.594+0000][2796.700s][info ][safepoint     ] Total time for which application threads were stopped: 0.0014602 seconds, Stopping threads took: 0.0006031 seconds
[2023-10-17T14:47:44.595+0000][2797.700s][debug][safepoint     ] Safepoint synchronization initiated. (182 threads)
[2023-10-17T14:47:44.596+0000][2797.701s][info ][safepoint     ] Application time: 1.0014297 seconds
[2023-10-17T14:47:44.597+0000][2797.703s][info ][safepoint     ] Entering safepoint region: Cleanup
[2023-10-17T14:47:44.599+0000][2797.704s][info ][safepoint     ] Leaving safepoint region
[2023-10-17T14:47:44.599+0000][2797.705s][info ][safepoint     ] Total time for which application threads were stopped: 0.0020854 seconds, Stopping threads took: 0.0011457 seconds
[2023-10-17T14:47:45.600+0000][2798.706s][debug][safepoint     ] Safepoint synchronization initiated. (182 threads)
[2023-10-17T14:47:45.602+0000][2798.707s][info ][safepoint     ] Application time: 1.0015941 seconds
[2023-10-17T14:47:45.603+0000][2798.708s][info ][safepoint     ] Entering safepoint region: Cleanup
[2023-10-17T14:47:45.604+0000][2798.709s][info ][safepoint     ] Leaving safepoint region
[2023-10-17T14:47:45.605+0000][2798.710s][info ][safepoint     ] Total time for which application threads were stopped: 0.0021777 seconds, Stopping threads took: 0.0010265 seconds
[2023-10-17T14:47:46.606+0000][2799.712s][debug][safepoint     ] Safepoint synchronization initiated. (182 threads)
[2023-10-17T14:47:46.607+0000][2799.713s][info ][safepoint     ] Application time: 1.0012748 seconds
[2023-10-17T14:47:46.608+0000][2799.713s][info ][safepoint     ] Entering safepoint region: Cleanup
[2023-10-17T14:47:46.610+0000][2799.715s][info ][safepoint     ] Leaving safepoint region
[2023-10-17T14:47:46.611+0000][2799.716s][info ][safepoint     ] Total time for which application threads were stopped: 0.0028451 seconds, Stopping threads took: 0.0009778 seconds
[2023-10-17T14:47:47.612+0000][2800.717s][debug][safepoint     ] Safepoint synchronization initiated. (182 threads)
[2023-10-17T14:47:47.613+0000][2800.718s][info ][safepoint     ] Application time: 1.0014754 seconds
[2023-10-17T14:47:47.614+0000][2800.719s][info ][safepoint     ] Entering safepoint region: Cleanup
[2023-10-17T14:47:47.615+0000][2800.720s][info ][safepoint     ] Leaving safepoint region
[2023-10-17T14:47:47.616+0000][2800.721s][info ][safepoint     ] Total time for which application threads were stopped: 0.0020381 seconds, Stopping threads took: 0.0008324 seconds
[2023-10-17T14:47:48.617+0000][2801.722s][debug][safepoint     ] Safepoint synchronization initiated. (182 threads)
[2023-10-17T14:47:48.618+0000][2801.723s][info ][safepoint     ] Application time: 1.0013129 seconds
[2023-10-17T14:47:48.619+0000][2801.724s][info ][safepoint     ] Entering safepoint region: Cleanup
[2023-10-17T14:47:48.620+0000][2801.725s][info ][safepoint     ] Leaving safepoint region
[2023-10-17T14:47:48.621+0000][2801.726s][info ][safepoint     ] Total time for which application threads were stopped: 0.0020715 seconds, Stopping threads took: 0.0008243 seconds
[2023-10-17T14:47:49.623+0000][2802.727s][debug][safepoint     ] Safepoint synchronization initiated. (182 threads)
[2023-10-17T14:47:49.624+0000][2802.728s][info ][safepoint     ] Application time: 1.0012512 seconds
[2023-10-17T14:47:49.625+0000][2802.729s][info ][safepoint     ] Entering safepoint region: Cleanup
[2023-10-17T14:47:49.626+0000][2802.730s][info ][safepoint     ] Leaving safepoint region
[2023-10-17T14:47:49.627+0000][2802.731s][info ][safepoint     ] Total time for which application threads were stopped: 0.0021053 seconds, Stopping threads took: 0.0009042 seconds
[2023-10-17T14:47:50.628+0000][2803.733s][debug][safepoint     ] Safepoint synchronization initiated. (182 threads)
[2023-10-17T14:47:50.629+0000][2803.734s][info ][safepoint     ] Application time: 1.0016439 seconds
[2023-10-17T14:47:50.630+0000][2803.735s][info ][safepoint     ] Entering safepoint region: Cleanup
[2023-10-17T14:47:50.631+0000][2803.736s][info ][safepoint     ] Leaving safepoint region
[2023-10-17T14:47:50.632+0000][2803.736s][info ][safepoint     ] Total time for which application threads were stopped: 0.0017132 seconds, Stopping threads took: 0.0007693 seconds
[2023-10-17T14:47:51.633+0000][2804.737s][debug][safepoint     ] Safepoint synchronization initiated. (182 threads)
[2023-10-17T14:47:51.634+0000][2804.738s][info ][safepoint     ] Application time: 1.0015322 seconds
[2023-10-17T14:47:51.635+0000][2804.740s][info ][safepoint     ] Entering safepoint region: Cleanup
[2023-10-17T14:47:51.636+0000][2804.741s][info ][safepoint     ] Leaving safepoint region
[2023-10-17T14:47:51.637+0000][2804.741s][info ][safepoint     ] Total time for which application threads were stopped: 0.0017379 seconds, Stopping threads took: 0.0007416 seconds
[2023-10-17T14:47:52.638+0000][2805.742s][debug][safepoint     ] Safepoint synchronization initiated. (182 threads)
[2023-10-17T14:47:52.639+0000][2805.743s][info ][safepoint     ] Application time: 1.0010031 seconds
[2023-10-17T14:47:52.640+0000][2805.744s][info ][safepoint     ] Entering safepoint region: Cleanup
[2023-10-17T14:47:52.641+0000][2805.746s][info ][safepoint     ] Leaving safepoint region
[2023-10-17T14:47:52.642+0000][2805.747s][info ][safepoint     ] Total time for which application threads were stopped: 0.0027266 seconds, Stopping threads took: 0.0010235 seconds
[2023-10-17T14:47:53.644+0000][2806.748s][debug][safepoint     ] Safepoint synchronization initiated. (182 threads)
[2023-10-17T14:47:53.645+0000][2806.749s][info ][safepoint     ] Application time: 1.0015416 seconds
[2023-10-17T14:47:53.646+0000][2806.750s][info ][safepoint     ] Entering safepoint region: Cleanup
[2023-10-17T14:47:53.648+0000][2806.752s][info ][safepoint     ] Leaving safepoint region
[2023-10-17T14:47:53.649+0000][2806.754s][info ][safepoint     ] Total time for which application threads were stopped: 0.0037216 seconds, Stopping threads took: 0.0013955 seconds
[2023-10-17T14:47:54.651+0000][2807.755s][debug][safepoint     ] Safepoint synchronization initiated. (182 threads)
[2023-10-17T14:47:54.652+0000][2807.757s][info ][safepoint     ] Application time: 1.0019123 seconds
[2023-10-17T14:47:54.653+0000][2807.758s][info ][safepoint     ] Entering safepoint region: Cleanup
[2023-10-17T14:47:54.655+0000][2807.760s][info ][safepoint     ] Leaving safepoint region
[2023-10-17T14:47:54.656+0000][2807.761s][info ][safepoint     ] Total time for which application threads were stopped: 0.0028443 seconds, Stopping threads took: 0.0014907 seconds
[2023-10-17T14:47:55.657+0000][2808.761s][debug][safepoint     ] Safepoint synchronization initiated. (182 threads)
[2023-10-17T14:47:55.658+0000][2808.762s][info ][safepoint     ] Application time: 1.0008988 seconds
[2023-10-17T14:47:55.659+0000][2808.763s][info ][safepoint     ] Entering safepoint region: Cleanup
[2023-10-17T14:47:55.660+0000][2808.764s][info ][safepoint     ] Leaving safepoint region
[2023-10-17T14:47:55.661+0000][2808.765s][info ][safepoint     ] Total time for which application threads were stopped: 0.0020789 seconds, Stopping threads took: 0.0009474 seconds
[2023-10-17T14:47:56.662+0000][2809.767s][debug][safepoint     ] Safepoint synchronization initiated. (182 threads)
[2023-10-17T14:47:56.663+0000][2809.767s][info ][safepoint     ] Application time: 1.0010057 seconds
[2023-10-17T14:47:56.664+0000][2809.768s][info ][safepoint     ] Entering safepoint region: Cleanup
[2023-10-17T14:47:56.665+0000][2809.769s][info ][safepoint     ] Leaving safepoint region
[2023-10-17T14:47:56.666+0000][2809.770s][info ][safepoint     ] Total time for which application threads were stopped: 0.0020492 seconds, Stopping threads took: 0.0007133 seconds
[2023-10-17T14:47:57.667+0000][2810.772s][debug][safepoint     ] Safepoint synchronization initiated. (182 threads)
[2023-10-17T14:47:57.669+0000][2810.773s][info ][safepoint     ] Application time: 1.0012756 seconds
[2023-10-17T14:47:57.669+0000][2810.774s][info ][safepoint     ] Entering safepoint region: Cleanup
[2023-10-17T14:47:57.671+0000][2810.775s][info ][safepoint     ] Leaving safepoint region
[2023-10-17T14:47:57.671+0000][2810.776s][info ][safepoint     ] Total time for which application threads were stopped: 0.0019415 seconds, Stopping threads took: 0.0007688 seconds
[2023-10-17T14:47:58.672+0000][2811.777s][debug][safepoint     ] Safepoint synchronization initiated. (182 threads)
[2023-10-17T14:47:58.674+0000][2811.778s][info ][safepoint     ] Application time: 1.0014351 seconds
[2023-10-17T14:47:58.674+0000][2811.779s][info ][safepoint     ] Entering safepoint region: Cleanup
[2023-10-17T14:47:58.676+0000][2811.780s][info ][safepoint     ] Leaving safepoint region
[2023-10-17T14:47:58.676+0000][2811.780s][info ][safepoint     ] Total time for which application threads were stopped: 0.0017562 seconds, Stopping threads took: 0.0007594 seconds
[2023-10-17T14:47:59.677+0000][2812.781s][debug][safepoint     ] Safepoint synchronization initiated. (182 threads)
[2023-10-17T14:47:59.678+0000][2812.782s][info ][safepoint     ] Application time: 1.0009603 seconds
[2023-10-17T14:47:59.678+0000][2812.783s][info ][safepoint     ] Entering safepoint region: Cleanup
[2023-10-17T14:47:59.679+0000][2812.784s][info ][safepoint     ] Leaving safepoint region
[2023-10-17T14:47:59.681+0000][2812.785s][info ][safepoint     ] Total time for which application threads were stopped: 0.0025443 seconds, Stopping threads took: 0.0006720 seconds
[2023-10-17T14:48:00.682+0000][2813.786s][debug][safepoint     ] Safepoint synchronization initiated. (182 threads)
[2023-10-17T14:48:00.683+0000][2813.787s][info ][safepoint     ] Application time: 1.0012751 seconds
[2023-10-17T14:48:00.683+0000][2813.788s][info ][safepoint     ] Entering safepoint region: Cleanup
[2023-10-17T14:48:00.684+0000][2813.789s][info ][safepoint     ] Leaving safepoint region
[2023-10-17T14:48:00.686+0000][2813.790s][info ][safepoint     ] Total time for which application threads were stopped: 0.0022090 seconds, Stopping threads took: 0.0006730 seconds
[2023-10-17T14:48:01.687+0000][2814.791s][debug][safepoint     ] Safepoint synchronization initiated. (182 threads)
[2023-10-17T14:48:01.688+0000][2814.792s][info ][safepoint     ] Application time: 1.0012982 seconds
[2023-10-17T14:48:01.688+0000][2814.793s][info ][safepoint     ] Entering safepoint region: Cleanup
[2023-10-17T14:48:01.690+0000][2814.795s][info ][safepoint     ] Leaving safepoint region
[2023-10-17T14:48:01.691+0000][2814.795s][info ][safepoint     ] Total time for which application threads were stopped: 0.0025810 seconds, Stopping threads took: 0.0014159 seconds
[2023-10-17T14:48:02.692+0000][2815.796s][debug][safepoint     ] Safepoint synchronization initiated. (182 threads)
[2023-10-17T14:48:02.693+0000][2815.798s][info ][safepoint     ] Application time: 1.0014970 seconds
[2023-10-17T14:48:02.694+0000][2815.799s][info ][safepoint     ] Entering safepoint region: Cleanup
[2023-10-17T14:48:02.696+0000][2815.800s][info ][safepoint     ] Leaving safepoint region
[2023-10-17T14:48:02.696+0000][2815.800s][info ][safepoint     ] Total time for which application threads were stopped: 0.0018167 seconds, Stopping threads took: 0.0008864 seconds
[2023-10-17T14:48:03.697+0000][2816.801s][debug][safepoint     ] Safepoint synchronization initiated. (182 threads)
[2023-10-17T14:48:03.698+0000][2816.803s][info ][safepoint     ] Application time: 1.0014766 seconds
[2023-10-17T14:48:03.699+0000][2816.803s][info ][safepoint     ] Entering safepoint region: Cleanup
[2023-10-17T14:48:03.700+0000][2816.805s][info ][safepoint     ] Leaving safepoint region
[2023-10-17T14:48:03.701+0000][2816.806s][info ][safepoint     ] Total time for which application threads were stopped: 0.0022098 seconds, Stopping threads took: 0.0009714 seconds
[2023-10-17T14:48:04.702+0000][2817.807s][debug][safepoint     ] Safepoint synchronization initiated. (182 threads)
[2023-10-17T14:48:04.703+0000][2817.808s][info ][safepoint     ] Application time: 1.0011537 seconds
[2023-10-17T14:48:04.704+0000][2817.808s][info ][safepoint     ] Entering safepoint region: Cleanup
[2023-10-17T14:48:04.705+0000][2817.810s][info ][safepoint     ] Leaving safepoint region
[2023-10-17T14:48:04.706+0000][2817.811s][info ][safepoint     ] Total time for which application threads were stopped: 0.0021121 seconds, Stopping threads took: 0.0007645 seconds
[2023-10-17T14:48:05.707+0000][2818.812s][debug][safepoint     ] Safepoint synchronization initiated. (182 threads)
[2023-10-17T14:48:05.708+0000][2818.813s][info ][safepoint     ] Application time: 1.0012251 seconds
[2023-10-17T14:48:05.709+0000][2818.813s][info ][safepoint     ] Entering safepoint region: Cleanup
[2023-10-17T14:48:05.710+0000][2818.814s][info ][safepoint     ] Leaving safepoint region
[2023-10-17T14:48:05.711+0000][2818.815s][info ][safepoint     ] Total time for which application threads were stopped: 0.0017171 seconds, Stopping threads took: 0.0007618 seconds
[2023-10-17T14:48:06.712+0000][2819.816s][debug][safepoint     ] Safepoint synchronization initiated. (182 threads)
[2023-10-17T14:48:06.712+0000][2819.817s][info ][safepoint     ] Application time: 1.0009732 seconds
[2023-10-17T14:48:06.713+0000][2819.817s][info ][safepoint     ] Entering safepoint region: Cleanup
[2023-10-17T14:48:06.714+0000][2819.818s][info ][safepoint     ] Leaving safepoint region
[2023-10-17T14:48:06.715+0000][2819.819s][info ][safepoint     ] Total time for which application threads were stopped: 0.0016542 seconds, Stopping threads took: 0.0007229 seconds
[2023-10-17T14:48:07.716+0000][2820.820s][debug][safepoint     ] Safepoint synchronization initiated. (182 threads)
[2023-10-17T14:48:07.716+0000][2820.821s][info ][safepoint     ] Application time: 1.0008417 seconds
[2023-10-17T14:48:07.717+0000][2820.822s][info ][safepoint     ] Entering safepoint region: Cleanup
[2023-10-17T14:48:07.719+0000][2820.823s][info ][safepoint     ] Leaving safepoint region
[2023-10-17T14:48:07.719+0000][2820.824s][info ][safepoint     ] Total time for which application threads were stopped: 0.0020874 seconds, Stopping threads took: 0.0009265 seconds
[2023-10-17T14:48:08.720+0000][2821.824s][debug][safepoint     ] Safepoint synchronization initiated. (182 threads)
[2023-10-17T14:48:08.721+0000][2821.825s][info ][safepoint     ] Application time: 1.0013461 seconds
[2023-10-17T14:48:08.722+0000][2821.827s][info ][safepoint     ] Entering safepoint region: Cleanup
[2023-10-17T14:48:08.724+0000][2821.828s][info ][safepoint     ] Leaving safepoint region
[2023-10-17T14:48:08.724+0000][2821.829s][info ][safepoint     ] Total time for which application threads were stopped: 0.0022577 seconds, Stopping threads took: 0.0010013 seconds
[2023-10-17T14:48:09.726+0000][2822.830s][debug][safepoint     ] Safepoint synchronization initiated. (182 threads)
[2023-10-17T14:48:09.727+0000][2822.831s][info ][safepoint     ] Application time: 1.0015650 seconds
[2023-10-17T14:48:09.728+0000][2822.832s][info ][safepoint     ] Entering safepoint region: Cleanup
[2023-10-17T14:48:09.729+0000][2822.834s][info ][safepoint     ] Leaving safepoint region
[2023-10-17T14:48:09.730+0000][2822.834s][info ][safepoint     ] Total time for which application threads were stopped: 0.0015419 seconds, Stopping threads took: 0.0008597 seconds
[2023-10-17T14:48:10.731+0000][2823.835s][debug][safepoint     ] Safepoint synchronization initiated. (182 threads)
[2023-10-17T14:48:10.732+0000][2823.836s][info ][safepoint     ] Application time: 1.0014470 seconds
[2023-10-17T14:48:10.733+0000][2823.837s][info ][safepoint     ] Entering safepoint region: Cleanup
[2023-10-17T14:48:10.733+0000][2823.838s][info ][safepoint     ] Leaving safepoint region
[2023-10-17T14:48:10.734+0000][2823.839s][info ][safepoint     ] Total time for which application threads were stopped: 0.0017523 seconds, Stopping threads took: 0.0006909 seconds
[2023-10-17T14:48:11.735+0000][2824.840s][debug][safepoint     ] Safepoint synchronization initiated. (182 threads)
[2023-10-17T14:48:11.736+0000][2824.841s][info ][safepoint     ] Application time: 1.0012605 seconds
[2023-10-17T14:48:11.737+0000][2824.841s][info ][safepoint     ] Entering safepoint region: Cleanup
[2023-10-17T14:48:11.738+0000][2824.843s][info ][safepoint     ] Leaving safepoint region
[2023-10-17T14:48:11.739+0000][2824.844s][info ][safepoint     ] Total time for which application threads were stopped: 0.0020874 seconds, Stopping threads took: 0.0006278 seconds
[2023-10-17T14:48:12.740+0000][2825.845s][debug][safepoint     ] Safepoint synchronization initiated. (182 threads)
[2023-10-17T14:48:12.741+0000][2825.845s][info ][safepoint     ] Application time: 1.0010728 seconds
[2023-10-17T14:48:12.742+0000][2825.846s][info ][safepoint     ] Entering safepoint region: Cleanup
[2023-10-17T14:48:12.743+0000][2825.847s][info ][safepoint     ] Leaving safepoint region
[2023-10-17T14:48:12.744+0000][2825.848s][info ][safepoint     ] Total time for which application threads were stopped: 0.0016065 seconds, Stopping threads took: 0.0007694 seconds
[2023-10-17T14:48:13.744+0000][2826.849s][debug][safepoint     ] Safepoint synchronization initiated. (182 threads)
[2023-10-17T14:48:13.745+0000][2826.849s][info ][safepoint     ] Application time: 1.0009646 seconds
[2023-10-17T14:48:13.746+0000][2826.850s][info ][safepoint     ] Entering safepoint region: Cleanup
[2023-10-17T14:48:13.747+0000][2826.851s][info ][safepoint     ] Leaving safepoint region
[2023-10-17T14:48:13.747+0000][2826.852s][info ][safepoint     ] Total time for which application threads were stopped: 0.0015315 seconds, Stopping threads took: 0.0006930 seconds
[2023-10-17T14:48:14.748+0000][2827.852s][debug][safepoint     ] Safepoint synchronization initiated. (182 threads)
[2023-10-17T14:48:14.749+0000][2827.853s][info ][safepoint     ] Application time: 1.0013304 seconds
[2023-10-17T14:48:14.750+0000][2827.855s][info ][safepoint     ] Entering safepoint region: Cleanup
[2023-10-17T14:48:14.751+0000][2827.856s][info ][safepoint     ] Leaving safepoint region
[2023-10-17T14:48:14.752+0000][2827.856s][info ][safepoint     ] Total time for which application threads were stopped: 0.0018437 seconds, Stopping threads took: 0.0009870 seconds
[2023-10-17T14:48:15.753+0000][2828.857s][debug][safepoint     ] Safepoint synchronization initiated. (182 threads)
[2023-10-17T14:48:15.754+0000][2828.858s][info ][safepoint     ] Application time: 1.0013083 seconds
[2023-10-17T14:48:15.755+0000][2828.859s][info ][safepoint     ] Entering safepoint region: Cleanup
[2023-10-17T14:48:15.756+0000][2828.860s][info ][safepoint     ] Leaving safepoint region
[2023-10-17T14:48:15.757+0000][2828.861s][info ][safepoint     ] Total time for which application threads were stopped: 0.0018186 seconds, Stopping threads took: 0.0007603 seconds
[2023-10-17T14:48:16.758+0000][2829.862s][debug][safepoint     ] Safepoint synchronization initiated. (182 threads)
[2023-10-17T14:48:16.758+0000][2829.863s][info ][safepoint     ] Application time: 1.0010329 seconds
[2023-10-17T14:48:16.759+0000][2829.864s][info ][safepoint     ] Entering safepoint region: Cleanup
[2023-10-17T14:48:16.760+0000][2829.865s][info ][safepoint     ] Leaving safepoint region
[2023-10-17T14:48:16.761+0000][2829.865s][info ][safepoint     ] Total time for which application threads were stopped: 0.0017351 seconds, Stopping threads took: 0.0007835 seconds
[2023-10-17T14:48:17.762+0000][2830.866s][debug][safepoint     ] Safepoint synchronization initiated. (182 threads)
[2023-10-17T14:48:17.763+0000][2830.867s][info ][safepoint     ] Application time: 1.0014886 seconds
[2023-10-17T14:48:17.764+0000][2830.869s][info ][safepoint     ] Entering safepoint region: Cleanup
[2023-10-17T14:48:17.766+0000][2830.870s][info ][safepoint     ] Leaving safepoint region
[2023-10-17T14:48:17.767+0000][2830.871s][info ][safepoint     ] Total time for which application threads were stopped: 0.0023348 seconds, Stopping threads took: 0.0011979 seconds
[2023-10-17T14:48:18.764+0000][2831.872s][debug][safepoint     ] Safepoint synchronization initiated. (182 threads)
[2023-10-17T14:48:18.765+0000][2831.873s][info ][safepoint     ] Application time: 1.0010137 seconds
[2023-10-17T14:48:18.766+0000][2831.873s][info ][safepoint     ] Entering safepoint region: Cleanup
[2023-10-17T14:48:18.767+0000][2831.874s][info ][safepoint     ] Leaving safepoint region
[2023-10-17T14:48:18.768+0000][2831.875s][info ][safepoint     ] Total time for which application threads were stopped: 0.0017763 seconds, Stopping threads took: 0.0007960 seconds
[2023-10-17T14:48:19.768+0000][2832.876s][debug][safepoint     ] Safepoint synchronization initiated. (182 threads)
[2023-10-17T14:48:19.769+0000][2832.877s][info ][safepoint     ] Application time: 1.0010379 seconds
[2023-10-17T14:48:19.771+0000][2832.878s][info ][safepoint     ] Entering safepoint region: Cleanup
[2023-10-17T14:48:19.772+0000][2832.880s][info ][safepoint     ] Leaving safepoint region
[2023-10-17T14:48:19.773+0000][2832.881s][info ][safepoint     ] Total time for which application threads were stopped: 0.0028975 seconds, Stopping threads took: 0.0009189 seconds
[2023-10-17T14:48:20.774+0000][2833.882s][debug][safepoint     ] Safepoint synchronization initiated. (182 threads)
[2023-10-17T14:48:20.775+0000][2833.883s][info ][safepoint     ] Application time: 1.0011303 seconds
[2023-10-17T14:48:20.776+0000][2833.884s][info ][safepoint     ] Entering safepoint region: Cleanup
[2023-10-17T14:48:20.777+0000][2833.885s][info ][safepoint     ] Leaving safepoint region
[2023-10-17T14:48:20.778+0000][2833.886s][info ][safepoint     ] Total time for which application threads were stopped: 0.0022098 seconds, Stopping threads took: 0.0009616 seconds
[2023-10-17T14:48:21.779+0000][2834.886s][debug][safepoint     ] Safepoint synchronization initiated. (182 threads)
[2023-10-17T14:48:21.780+0000][2834.887s][info ][safepoint     ] Application time: 1.0012665 seconds
[2023-10-17T14:48:21.781+0000][2834.888s][info ][safepoint     ] Entering safepoint region: Cleanup
[2023-10-17T14:48:21.782+0000][2834.889s][info ][safepoint     ] Leaving safepoint region
[2023-10-17T14:48:21.783+0000][2834.890s][info ][safepoint     ] Total time for which application threads were stopped: 0.0018752 seconds, Stopping threads took: 0.0008593 seconds
[2023-10-17T14:48:22.784+0000][2835.891s][debug][safepoint     ] Safepoint synchronization initiated. (182 threads)
[2023-10-17T14:48:22.785+0000][2835.892s][info ][safepoint     ] Application time: 1.0012668 seconds
[2023-10-17T14:48:22.785+0000][2835.893s][info ][safepoint     ] Entering safepoint region: Cleanup
[2023-10-17T14:48:22.787+0000][2835.894s][info ][safepoint     ] Leaving safepoint region
[2023-10-17T14:48:22.787+0000][2835.895s][info ][safepoint     ] Total time for which application threads were stopped: 0.0018488 seconds, Stopping threads took: 0.0007933 seconds
[2023-10-17T14:48:23.788+0000][2836.896s][debug][safepoint     ] Safepoint synchronization initiated. (182 threads)
[2023-10-17T14:48:23.789+0000][2836.897s][info ][safepoint     ] Application time: 1.0012825 seconds
[2023-10-17T14:48:23.790+0000][2836.898s][info ][safepoint     ] Entering safepoint region: Cleanup
[2023-10-17T14:48:23.791+0000][2836.899s][info ][safepoint     ] Leaving safepoint region
[2023-10-17T14:48:23.792+0000][2836.899s][info ][safepoint     ] Total time for which application threads were stopped: 0.0017981 seconds, Stopping threads took: 0.0007795 seconds
[2023-10-17T14:48:24.793+0000][2837.901s][debug][safepoint     ] Safepoint synchronization initiated. (182 threads)
[2023-10-17T14:48:24.794+0000][2837.902s][info ][safepoint     ] Application time: 1.0011993 seconds
[2023-10-17T14:48:24.795+0000][2837.902s][info ][safepoint     ] Entering safepoint region: Cleanup
[2023-10-17T14:48:24.796+0000][2837.903s][info ][safepoint     ] Leaving safepoint region
[2023-10-17T14:48:24.796+0000][2837.904s][info ][safepoint     ] Total time for which application threads were stopped: 0.0016483 seconds, Stopping threads took: 0.0007084 seconds
[2023-10-17T14:48:25.797+0000][2838.905s][debug][safepoint     ] Safepoint synchronization initiated. (182 threads)
[2023-10-17T14:48:25.798+0000][2838.906s][info ][safepoint     ] Application time: 1.0012358 seconds
[2023-10-17T14:48:25.799+0000][2838.907s][info ][safepoint     ] Entering safepoint region: Cleanup
[2023-10-17T14:48:25.801+0000][2838.908s][info ][safepoint     ] Leaving safepoint region
[2023-10-17T14:48:25.802+0000][2838.910s][info ][safepoint     ] Total time for which application threads were stopped: 0.0032187 seconds, Stopping threads took: 0.0008306 seconds
[2023-10-17T14:48:26.803+0000][2839.911s][debug][safepoint     ] Safepoint synchronization initiated. (182 threads)
[2023-10-17T14:48:26.804+0000][2839.912s][info ][safepoint     ] Application time: 1.0011741 seconds
[2023-10-17T14:48:26.805+0000][2839.913s][info ][safepoint     ] Entering safepoint region: Cleanup
[2023-10-17T14:48:26.806+0000][2839.914s][info ][safepoint     ] Leaving safepoint region
[2023-10-17T14:48:26.807+0000][2839.914s][info ][safepoint     ] Total time for which application threads were stopped: 0.0017461 seconds, Stopping threads took: 0.0008207 seconds
[2023-10-17T14:48:27.808+0000][2840.915s][debug][safepoint     ] Safepoint synchronization initiated. (182 threads)
[2023-10-17T14:48:27.809+0000][2840.916s][info ][safepoint     ] Application time: 1.0012746 seconds
[2023-10-17T14:48:27.810+0000][2840.917s][info ][safepoint     ] Entering safepoint region: Cleanup
[2023-10-17T14:48:27.811+0000][2840.919s][info ][safepoint     ] Leaving safepoint region
[2023-10-17T14:48:27.812+0000][2840.920s][info ][safepoint     ] Total time for which application threads were stopped: 0.0028035 seconds, Stopping threads took: 0.0013906 seconds
[2023-10-17T14:48:28.813+0000][2841.921s][debug][safepoint     ] Safepoint synchronization initiated. (182 threads)
[2023-10-17T14:48:28.814+0000][2841.922s][info ][safepoint     ] Application time: 1.0013678 seconds
[2023-10-17T14:48:28.815+0000][2841.923s][info ][safepoint     ] Entering safepoint region: Cleanup
[2023-10-17T14:48:28.817+0000][2841.924s][info ][safepoint     ] Leaving safepoint region
[2023-10-17T14:48:28.818+0000][2841.925s][info ][safepoint     ] Total time for which application threads were stopped: 0.0023154 seconds, Stopping threads took: 0.0009689 seconds
[2023-10-17T14:48:29.818+0000][2842.926s][debug][safepoint     ] Safepoint synchronization initiated. (182 threads)
[2023-10-17T14:48:29.820+0000][2842.927s][info ][safepoint     ] Application time: 1.0012041 seconds
[2023-10-17T14:48:29.821+0000][2842.928s][info ][safepoint     ] Entering safepoint region: Cleanup
[2023-10-17T14:48:29.822+0000][2842.929s][info ][safepoint     ] Leaving safepoint region
[2023-10-17T14:48:29.822+0000][2842.930s][info ][safepoint     ] Total time for which application threads were stopped: 0.0019195 seconds, Stopping threads took: 0.0008590 seconds
[2023-10-17T14:48:30.824+0000][2843.931s][debug][safepoint     ] Safepoint synchronization initiated. (182 threads)
[2023-10-17T14:48:30.824+0000][2843.932s][info ][safepoint     ] Application time: 1.0012255 seconds
[2023-10-17T14:48:30.825+0000][2843.933s][info ][safepoint     ] Entering safepoint region: Cleanup
[2023-10-17T14:48:30.826+0000][2843.934s][info ][safepoint     ] Leaving safepoint region
[2023-10-17T14:48:30.827+0000][2843.935s][info ][safepoint     ] Total time for which application threads were stopped: 0.0019899 seconds, Stopping threads took: 0.0008730 seconds
[2023-10-17T14:48:31.828+0000][2844.936s][debug][safepoint     ] Safepoint synchronization initiated. (182 threads)
[2023-10-17T14:48:31.829+0000][2844.937s][info ][safepoint     ] Application time: 1.0011894 seconds
[2023-10-17T14:48:31.830+0000][2844.938s][info ][safepoint     ] Entering safepoint region: Cleanup
[2023-10-17T14:48:31.831+0000][2844.939s][info ][safepoint     ] Leaving safepoint region
[2023-10-17T14:48:31.832+0000][2844.940s][info ][safepoint     ] Total time for which application threads were stopped: 0.0020435 seconds, Stopping threads took: 0.0008061 seconds
[2023-10-17T14:48:32.834+0000][2845.941s][debug][safepoint     ] Safepoint synchronization initiated. (182 threads)
[2023-10-17T14:48:32.835+0000][2845.942s][info ][safepoint     ] Application time: 1.0014147 seconds
[2023-10-17T14:48:32.836+0000][2845.943s][info ][safepoint     ] Entering safepoint region: Cleanup
[2023-10-17T14:48:32.837+0000][2845.944s][info ][safepoint     ] Leaving safepoint region
[2023-10-17T14:48:32.838+0000][2845.945s][info ][safepoint     ] Total time for which application threads were stopped: 0.0020940 seconds, Stopping threads took: 0.0007845 seconds
[2023-10-17T14:48:33.839+0000][2846.946s][debug][safepoint     ] Safepoint synchronization initiated. (182 threads)
[2023-10-17T14:48:33.840+0000][2846.948s][info ][safepoint     ] Application time: 1.0014038 seconds
[2023-10-17T14:48:33.841+0000][2846.949s][info ][safepoint     ] Entering safepoint region: Cleanup
[2023-10-17T14:48:33.842+0000][2846.949s][info ][safepoint     ] Leaving safepoint region
[2023-10-17T14:48:33.842+0000][2846.950s][info ][safepoint     ] Total time for which application threads were stopped: 0.0014390 seconds, Stopping threads took: 0.0006296 seconds
[2023-10-17T14:48:34.844+0000][2847.951s][debug][safepoint     ] Safepoint synchronization initiated. (182 threads)
[2023-10-17T14:48:34.844+0000][2847.952s][info ][safepoint     ] Application time: 1.0012226 seconds
[2023-10-17T14:48:34.846+0000][2847.953s][info ][safepoint     ] Entering safepoint region: Cleanup
[2023-10-17T14:48:34.847+0000][2847.955s][info ][safepoint     ] Leaving safepoint region
[2023-10-17T14:48:34.848+0000][2847.955s][info ][safepoint     ] Total time for which application threads were stopped: 0.0023627 seconds, Stopping threads took: 0.0012090 seconds
[2023-10-17T14:48:35.849+0000][2848.956s][debug][safepoint     ] Safepoint synchronization initiated. (182 threads)
[2023-10-17T14:48:35.850+0000][2848.957s][info ][safepoint     ] Application time: 1.0011220 seconds
[2023-10-17T14:48:35.851+0000][2848.959s][info ][safepoint     ] Entering safepoint region: Cleanup
[2023-10-17T14:48:35.853+0000][2848.960s][info ][safepoint     ] Leaving safepoint region
[2023-10-17T14:48:35.853+0000][2848.961s][info ][safepoint     ] Total time for which application threads were stopped: 0.0025637 seconds, Stopping threads took: 0.0012849 seconds
[2023-10-17T14:48:36.854+0000][2849.962s][debug][safepoint     ] Safepoint synchronization initiated. (182 threads)
[2023-10-17T14:48:36.855+0000][2849.962s][info ][safepoint     ] Application time: 1.0009384 seconds
[2023-10-17T14:48:36.856+0000][2849.963s][info ][safepoint     ] Entering safepoint region: Cleanup
[2023-10-17T14:48:36.857+0000][2849.964s][info ][safepoint     ] Leaving safepoint region
[2023-10-17T14:48:36.857+0000][2849.965s][info ][safepoint     ] Total time for which application threads were stopped: 0.0017920 seconds, Stopping threads took: 0.0007540 seconds
[2023-10-17T14:48:37.858+0000][2850.966s][debug][safepoint     ] Safepoint synchronization initiated. (182 threads)
[2023-10-17T14:48:37.860+0000][2850.967s][info ][safepoint     ] Application time: 1.0014706 seconds
[2023-10-17T14:48:37.860+0000][2850.968s][info ][safepoint     ] Entering safepoint region: Cleanup
[2023-10-17T14:48:37.861+0000][2850.969s][info ][safepoint     ] Leaving safepoint region
[2023-10-17T14:48:37.862+0000][2850.970s][info ][safepoint     ] Total time for which application threads were stopped: 0.0020685 seconds, Stopping threads took: 0.0007178 seconds
[2023-10-17T14:48:38.864+0000][2851.971s][debug][safepoint     ] Safepoint synchronization initiated. (182 threads)
[2023-10-17T14:48:38.865+0000][2851.972s][info ][safepoint     ] Application time: 1.0012138 seconds
[2023-10-17T14:48:38.865+0000][2851.973s][info ][safepoint     ] Entering safepoint region: Cleanup
[2023-10-17T14:48:38.867+0000][2851.974s][info ][safepoint     ] Leaving safepoint region
[2023-10-17T14:48:38.867+0000][2851.975s][info ][safepoint     ] Total time for which application threads were stopped: 0.0020415 seconds, Stopping threads took: 0.0008778 seconds
[2023-10-17T14:48:39.868+0000][2852.976s][debug][safepoint     ] Safepoint synchronization initiated. (182 threads)
[2023-10-17T14:48:39.869+0000][2852.977s][info ][safepoint     ] Application time: 1.0009152 seconds
[2023-10-17T14:48:39.870+0000][2852.977s][info ][safepoint     ] Entering safepoint region: Cleanup
[2023-10-17T14:48:39.871+0000][2852.978s][info ][safepoint     ] Leaving safepoint region
[2023-10-17T14:48:39.871+0000][2852.979s][info ][safepoint     ] Total time for which application threads were stopped: 0.0014559 seconds, Stopping threads took: 0.0006318 seconds
[2023-10-17T14:48:40.872+0000][2853.980s][debug][safepoint     ] Safepoint synchronization initiated. (182 threads)
[2023-10-17T14:48:40.874+0000][2853.981s][info ][safepoint     ] Application time: 1.0016147 seconds
[2023-10-17T14:48:40.874+0000][2853.982s][info ][safepoint     ] Entering safepoint region: Cleanup
[2023-10-17T14:48:40.875+0000][2853.983s][info ][safepoint     ] Leaving safepoint region
[2023-10-17T14:48:40.876+0000][2853.984s][info ][safepoint     ] Total time for which application threads were stopped: 0.0016962 seconds, Stopping threads took: 0.0007428 seconds
[2023-10-17T14:48:41.877+0000][2854.984s][debug][safepoint     ] Safepoint synchronization initiated. (182 threads)
[2023-10-17T14:48:41.878+0000][2854.985s][info ][safepoint     ] Application time: 1.0011735 seconds
[2023-10-17T14:48:41.878+0000][2854.986s][info ][safepoint     ] Entering safepoint region: Cleanup
[2023-10-17T14:48:41.879+0000][2854.986s][info ][safepoint     ] Leaving safepoint region
[2023-10-17T14:48:41.880+0000][2854.987s][info ][safepoint     ] Total time for which application threads were stopped: 0.0013075 seconds, Stopping threads took: 0.0004811 seconds
[2023-10-17T14:48:42.880+0000][2855.988s][debug][safepoint     ] Safepoint synchronization initiated. (182 threads)
[2023-10-17T14:48:42.882+0000][2855.989s][info ][safepoint     ] Application time: 1.0015210 seconds
[2023-10-17T14:48:42.883+0000][2855.990s][info ][safepoint     ] Entering safepoint region: Cleanup
[2023-10-17T14:48:42.884+0000][2855.991s][info ][safepoint     ] Leaving safepoint region
[2023-10-17T14:48:42.885+0000][2855.992s][info ][safepoint     ] Total time for which application threads were stopped: 0.0020767 seconds, Stopping threads took: 0.0008914 seconds
[2023-10-17T14:48:43.886+0000][2856.993s][debug][safepoint     ] Safepoint synchronization initiated. (182 threads)
[2023-10-17T14:48:43.887+0000][2856.994s][info ][safepoint     ] Application time: 1.0011089 seconds
[2023-10-17T14:48:43.887+0000][2856.995s][info ][safepoint     ] Entering safepoint region: Cleanup
[2023-10-17T14:48:43.888+0000][2856.996s][info ][safepoint     ] Leaving safepoint region
[2023-10-17T14:48:43.889+0000][2856.996s][info ][safepoint     ] Total time for which application threads were stopped: 0.0017538 seconds, Stopping threads took: 0.0009185 seconds
[2023-10-17T14:48:44.890+0000][2857.998s][debug][safepoint     ] Safepoint synchronization initiated. (182 threads)
[2023-10-17T14:48:44.891+0000][2857.999s][info ][safepoint     ] Application time: 1.0015801 seconds
[2023-10-17T14:48:44.892+0000][2858.000s][info ][safepoint     ] Entering safepoint region: Cleanup
[2023-10-17T14:48:44.894+0000][2858.001s][info ][safepoint     ] Leaving safepoint region
[2023-10-17T14:48:44.895+0000][2858.002s][info ][safepoint     ] Total time for which application threads were stopped: 0.0021812 seconds, Stopping threads took: 0.0009998 seconds
[2023-10-17T14:48:45.896+0000][2859.003s][debug][safepoint     ] Safepoint synchronization initiated. (182 threads)
[2023-10-17T14:48:45.897+0000][2859.005s][info ][safepoint     ] Application time: 1.0014584 seconds
[2023-10-17T14:48:45.898+0000][2859.006s][info ][safepoint     ] Entering safepoint region: Cleanup
[2023-10-17T14:48:45.899+0000][2859.007s][info ][safepoint     ] Leaving safepoint region
[2023-10-17T14:48:45.900+0000][2859.008s][info ][safepoint     ] Total time for which application threads were stopped: 0.0020432 seconds, Stopping threads took: 0.0009459 seconds
[2023-10-17T14:48:46.901+0000][2860.009s][debug][safepoint     ] Safepoint synchronization initiated. (182 threads)
[2023-10-17T14:48:46.902+0000][2860.010s][info ][safepoint     ] Application time: 1.0013377 seconds
[2023-10-17T14:48:46.903+0000][2860.011s][info ][safepoint     ] Entering safepoint region: Cleanup
[2023-10-17T14:48:46.904+0000][2860.012s][info ][safepoint     ] Leaving safepoint region
[2023-10-17T14:48:46.905+0000][2860.013s][info ][safepoint     ] Total time for which application threads were stopped: 0.0018667 seconds, Stopping threads took: 0.0006410 seconds
[2023-10-17T14:48:47.906+0000][2861.014s][debug][safepoint     ] Safepoint synchronization initiated. (182 threads)
[2023-10-17T14:48:47.907+0000][2861.015s][info ][safepoint     ] Application time: 1.0012670 seconds
[2023-10-17T14:48:47.908+0000][2861.015s][info ][safepoint     ] Entering safepoint region: Cleanup
[2023-10-17T14:48:47.909+0000][2861.017s][info ][safepoint     ] Leaving safepoint region
[2023-10-17T14:48:47.910+0000][2861.018s][info ][safepoint     ] Total time for which application threads were stopped: 0.0024009 seconds, Stopping threads took: 0.0008628 seconds
[2023-10-17T14:48:48.911+0000][2862.019s][debug][safepoint     ] Safepoint synchronization initiated. (182 threads)
[2023-10-17T14:48:48.911+0000][2862.020s][info ][safepoint     ] Application time: 1.0012001 seconds
[2023-10-17T14:48:48.912+0000][2862.020s][info ][safepoint     ] Entering safepoint region: Cleanup
[2023-10-17T14:48:48.913+0000][2862.021s][info ][safepoint     ] Leaving safepoint region
[2023-10-17T14:48:48.914+0000][2862.022s][info ][safepoint     ] Total time for which application threads were stopped: 0.0018932 seconds, Stopping threads took: 0.0007481 seconds
[2023-10-17T14:48:49.915+0000][2863.023s][debug][safepoint     ] Safepoint synchronization initiated. (182 threads)
[2023-10-17T14:48:49.916+0000][2863.024s][info ][safepoint     ] Application time: 1.0012529 seconds
[2023-10-17T14:48:49.917+0000][2863.025s][info ][safepoint     ] Entering safepoint region: Cleanup
[2023-10-17T14:48:49.918+0000][2863.026s][info ][safepoint     ] Leaving safepoint region
[2023-10-17T14:48:49.919+0000][2863.027s][info ][safepoint     ] Total time for which application threads were stopped: 0.0019306 seconds, Stopping threads took: 0.0008229 seconds
[2023-10-17T14:48:49.918+0000][2863.026s][debug][safepoint     ] ... found polling page return exception at pc = 0x00007fc1a54a9604, stub =0x00007fc19c840600
[2023-10-17T14:48:49.918+0000][2863.026s][debug][safepoint     ] ... found polling page return exception at pc = 0x00007fc1a54a9604, stub =0x00007fc19c840600
[2023-10-17T14:48:49.918+0000][2863.026s][debug][safepoint     ] ... found polling page return exception at pc = 0x00007fc1a54a9604, stub =0x00007fc19c840600
[2023-10-17T14:48:49.918+0000][2863.026s][debug][safepoint     ] ... found polling page return exception at pc = 0x00007fc1a54a9604, stub =0x00007fc19c840600
[2023-10-17T14:48:49.918+0000][2863.026s][debug][safepoint     ] ... found polling page return exception at pc = 0x00007fc1a54a9604, stub =0x00007fc19c840600
[2023-10-17T14:48:50.920+0000][2864.028s][debug][safepoint     ] Safepoint synchronization initiated. (182 threads)
[2023-10-17T14:48:50.921+0000][2864.029s][info ][safepoint     ] Application time: 1.0015998 seconds
[2023-10-17T14:48:50.922+0000][2864.030s][info ][safepoint     ] Entering safepoint region: Cleanup
[2023-10-17T14:48:50.923+0000][2864.031s][info ][safepoint     ] Leaving safepoint region
[2023-10-17T14:48:50.924+0000][2864.032s][info ][safepoint     ] Total time for which application threads were stopped: 0.0018336 seconds, Stopping threads took: 0.0007238 seconds
[2023-10-17T14:48:51.925+0000][2865.033s][debug][safepoint     ] Safepoint synchronization initiated. (182 threads)
[2023-10-17T14:48:51.926+0000][2865.034s][info ][safepoint     ] Application time: 1.0012034 seconds
[2023-10-17T14:48:51.927+0000][2865.035s][info ][safepoint     ] Entering safepoint region: Cleanup
[2023-10-17T14:48:51.927+0000][2865.036s][info ][safepoint     ] Leaving safepoint region
[2023-10-17T14:48:51.928+0000][2865.036s][info ][safepoint     ] Total time for which application threads were stopped: 0.0014477 seconds, Stopping threads took: 0.0006737 seconds
[2023-10-17T14:48:52.929+0000][2866.037s][debug][safepoint     ] Safepoint synchronization initiated. (182 threads)
[2023-10-17T14:48:52.930+0000][2866.038s][info ][safepoint     ] Application time: 1.0012005 seconds
[2023-10-17T14:48:52.931+0000][2866.039s][info ][safepoint     ] Entering safepoint region: Cleanup
[2023-10-17T14:48:52.933+0000][2866.041s][info ][safepoint     ] Leaving safepoint region
[2023-10-17T14:48:52.933+0000][2866.041s][info ][safepoint     ] Total time for which application threads were stopped: 0.0023831 seconds, Stopping threads took: 0.0012300 seconds
[2023-10-17T14:48:53.934+0000][2867.042s][debug][safepoint     ] Safepoint synchronization initiated. (182 threads)
[2023-10-17T14:48:53.935+0000][2867.043s][info ][safepoint     ] Application time: 1.0014124 seconds
[2023-10-17T14:48:53.936+0000][2867.044s][info ][safepoint     ] Entering safepoint region: Cleanup
[2023-10-17T14:48:53.937+0000][2867.045s][info ][safepoint     ] Leaving safepoint region
[2023-10-17T14:48:53.938+0000][2867.046s][info ][safepoint     ] Total time for which application threads were stopped: 0.0021422 seconds, Stopping threads took: 0.0008317 seconds
[2023-10-17T14:48:54.940+0000][2868.048s][debug][safepoint     ] Safepoint synchronization initiated. (182 threads)
[2023-10-17T14:48:54.941+0000][2868.049s][info ][safepoint     ] Application time: 1.0012513 seconds
[2023-10-17T14:48:54.941+0000][2868.049s][info ][safepoint     ] Entering safepoint region: Cleanup
[2023-10-17T14:48:54.942+0000][2868.051s][info ][safepoint     ] Leaving safepoint region
[2023-10-17T14:48:54.943+0000][2868.051s][info ][safepoint     ] Total time for which application threads were stopped: 0.0018990 seconds, Stopping threads took: 0.0009215 seconds
[2023-10-17T14:48:55.944+0000][2869.053s][debug][safepoint     ] Safepoint synchronization initiated. (182 threads)
[2023-10-17T14:48:55.946+0000][2869.054s][info ][safepoint     ] Application time: 1.0019856 seconds
[2023-10-17T14:48:55.947+0000][2869.055s][info ][safepoint     ] Entering safepoint region: Cleanup
[2023-10-17T14:48:55.949+0000][2869.057s][info ][safepoint     ] Leaving safepoint region
[2023-10-17T14:48:55.950+0000][2869.058s][info ][safepoint     ] Total time for which application threads were stopped: 0.0030808 seconds, Stopping threads took: 0.0020803 seconds
[2023-10-17T14:48:56.951+0000][2870.059s][debug][safepoint     ] Safepoint synchronization initiated. (182 threads)
[2023-10-17T14:48:56.951+0000][2870.059s][info ][safepoint     ] Application time: 1.0009592 seconds
[2023-10-17T14:48:56.952+0000][2870.060s][info ][safepoint     ] Entering safepoint region: Cleanup
[2023-10-17T14:48:56.954+0000][2870.062s][info ][safepoint     ] Leaving safepoint region
[2023-10-17T14:48:56.954+0000][2870.062s][info ][safepoint     ] Total time for which application threads were stopped: 0.0019498 seconds, Stopping threads took: 0.0009505 seconds
[2023-10-17T14:48:57.955+0000][2871.063s][debug][safepoint     ] Safepoint synchronization initiated. (182 threads)
[2023-10-17T14:48:57.956+0000][2871.064s][info ][safepoint     ] Application time: 1.0007728 seconds
[2023-10-17T14:48:57.956+0000][2871.064s][info ][safepoint     ] Entering safepoint region: Cleanup
[2023-10-17T14:48:57.957+0000][2871.065s][info ][safepoint     ] Leaving safepoint region
[2023-10-17T14:48:57.958+0000][2871.066s][info ][safepoint     ] Total time for which application threads were stopped: 0.0017557 seconds, Stopping threads took: 0.0006645 seconds
[2023-10-17T14:48:58.959+0000][2872.067s][debug][safepoint     ] Safepoint synchronization initiated. (182 threads)
[2023-10-17T14:48:58.960+0000][2872.068s][info ][safepoint     ] Application time: 1.0013579 seconds
[2023-10-17T14:48:58.961+0000][2872.069s][info ][safepoint     ] Entering safepoint region: Cleanup
[2023-10-17T14:48:58.962+0000][2872.070s][info ][safepoint     ] Leaving safepoint region
[2023-10-17T14:48:58.962+0000][2872.070s][info ][safepoint     ] Total time for which application threads were stopped: 0.0013913 seconds, Stopping threads took: 0.0007233 seconds
[2023-10-17T14:48:59.963+0000][2873.071s][debug][safepoint     ] Safepoint synchronization initiated. (182 threads)
[2023-10-17T14:48:59.964+0000][2873.072s][info ][safepoint     ] Application time: 1.0014423 seconds
[2023-10-17T14:48:59.965+0000][2873.073s][info ][safepoint     ] Entering safepoint region: Cleanup
[2023-10-17T14:48:59.966+0000][2873.075s][info ][safepoint     ] Leaving safepoint region
[2023-10-17T14:48:59.967+0000][2873.075s][info ][safepoint     ] Total time for which application threads were stopped: 0.0020925 seconds, Stopping threads took: 0.0009685 seconds
[2023-10-17T14:49:00.968+0000][2874.076s][debug][safepoint     ] Safepoint synchronization initiated. (182 threads)
[2023-10-17T14:49:00.969+0000][2874.077s][info ][safepoint     ] Application time: 1.0009936 seconds
[2023-10-17T14:49:00.970+0000][2874.078s][info ][safepoint     ] Entering safepoint region: Cleanup
[2023-10-17T14:49:00.971+0000][2874.079s][info ][safepoint     ] Leaving safepoint region
[2023-10-17T14:49:00.972+0000][2874.080s][info ][safepoint     ] Total time for which application threads were stopped: 0.0025641 seconds, Stopping threads took: 0.0010801 seconds
[2023-10-17T14:49:01.973+0000][2875.082s][debug][safepoint     ] Safepoint synchronization initiated. (182 threads)
[2023-10-17T14:49:01.975+0000][2875.083s][info ][safepoint     ] Application time: 1.0013695 seconds
[2023-10-17T14:49:01.976+0000][2875.084s][info ][safepoint     ] Entering safepoint region: Cleanup
[2023-10-17T14:49:01.978+0000][2875.086s][info ][safepoint     ] Leaving safepoint region
[2023-10-17T14:49:01.979+0000][2875.087s][info ][safepoint     ] Total time for which application threads were stopped: 0.0028535 seconds, Stopping threads took: 0.0015066 seconds
[2023-10-17T14:49:02.980+0000][2876.088s][debug][safepoint     ] Safepoint synchronization initiated. (182 threads)
[2023-10-17T14:49:02.981+0000][2876.089s][info ][safepoint     ] Application time: 1.0014245 seconds
[2023-10-17T14:49:02.982+0000][2876.090s][info ][safepoint     ] Entering safepoint region: Cleanup
[2023-10-17T14:49:02.984+0000][2876.092s][info ][safepoint     ] Leaving safepoint region
[2023-10-17T14:49:02.985+0000][2876.093s][info ][safepoint     ] Total time for which application threads were stopped: 0.0026825 seconds, Stopping threads took: 0.0008401 seconds
[2023-10-17T14:49:03.986+0000][2877.094s][debug][safepoint     ] Safepoint synchronization initiated. (182 threads)
[2023-10-17T14:49:03.987+0000][2877.095s][info ][safepoint     ] Application time: 1.0012692 seconds
[2023-10-17T14:49:03.987+0000][2877.096s][info ][safepoint     ] Entering safepoint region: Cleanup
[2023-10-17T14:49:03.988+0000][2877.096s][info ][safepoint     ] Leaving safepoint region
[2023-10-17T14:49:03.989+0000][2877.097s][info ][safepoint     ] Total time for which application threads were stopped: 0.0015837 seconds, Stopping threads took: 0.0006312 seconds
[2023-10-17T14:49:04.990+0000][2878.098s][debug][safepoint     ] Safepoint synchronization initiated. (182 threads)
[2023-10-17T14:49:04.991+0000][2878.099s][info ][safepoint     ] Application time: 1.0010723 seconds
[2023-10-17T14:49:04.992+0000][2878.100s][info ][safepoint     ] Entering safepoint region: Cleanup
[2023-10-17T14:49:04.993+0000][2878.101s][info ][safepoint     ] Leaving safepoint region
[2023-10-17T14:49:04.993+0000][2878.102s][info ][safepoint     ] Total time for which application threads were stopped: 0.0019476 seconds, Stopping threads took: 0.0008472 seconds
[2023-10-17T14:49:05.994+0000][2879.102s][debug][safepoint     ] Safepoint synchronization initiated. (182 threads)
[2023-10-17T14:49:05.995+0000][2879.103s][info ][safepoint     ] Application time: 1.0009719 seconds
[2023-10-17T14:49:05.996+0000][2879.104s][info ][safepoint     ] Entering safepoint region: Cleanup
[2023-10-17T14:49:05.997+0000][2879.105s][info ][safepoint     ] Leaving safepoint region
[2023-10-17T14:49:05.997+0000][2879.106s][info ][safepoint     ] Total time for which application threads were stopped: 0.0017545 seconds, Stopping threads took: 0.0007337 seconds
[2023-10-17T14:49:06.998+0000][2880.106s][debug][safepoint     ] Safepoint synchronization initiated. (182 threads)
[2023-10-17T14:49:06.999+0000][2880.107s][info ][safepoint     ] Application time: 1.0009652 seconds
[2023-10-17T14:49:07.000+0000][2880.108s][info ][safepoint     ] Entering safepoint region: Cleanup
[2023-10-17T14:49:07.001+0000][2880.109s][info ][safepoint     ] Leaving safepoint region
[2023-10-17T14:49:07.002+0000][2880.110s][info ][safepoint     ] Total time for which application threads were stopped: 0.0017397 seconds, Stopping threads took: 0.0007221 seconds
[2023-10-17T14:49:08.002+0000][2881.110s][debug][safepoint     ] Safepoint synchronization initiated. (182 threads)
[2023-10-17T14:49:08.003+0000][2881.111s][info ][safepoint     ] Application time: 1.0009929 seconds
[2023-10-17T14:49:08.004+0000][2881.112s][info ][safepoint     ] Entering safepoint region: Cleanup
[2023-10-17T14:49:08.005+0000][2881.113s][info ][safepoint     ] Leaving safepoint region
[2023-10-17T14:49:08.006+0000][2881.115s][info ][safepoint     ] Total time for which application threads were stopped: 0.0026520 seconds, Stopping threads took: 0.0009563 seconds
[2023-10-17T14:49:09.008+0000][2882.116s][debug][safepoint     ] Safepoint synchronization initiated. (182 threads)
[2023-10-17T14:49:09.009+0000][2882.117s][info ][safepoint     ] Application time: 1.0015580 seconds
[2023-10-17T14:49:09.010+0000][2882.118s][info ][safepoint     ] Entering safepoint region: Cleanup
[2023-10-17T14:49:09.012+0000][2882.120s][info ][safepoint     ] Leaving safepoint region
[2023-10-17T14:49:09.013+0000][2882.121s][info ][safepoint     ] Total time for which application threads were stopped: 0.0026237 seconds, Stopping threads took: 0.0011333 seconds
[2023-10-17T14:49:10.014+0000][2883.122s][debug][safepoint     ] Safepoint synchronization initiated. (182 threads)
[2023-10-17T14:49:10.015+0000][2883.123s][info ][safepoint     ] Application time: 1.0013387 seconds
[2023-10-17T14:49:10.016+0000][2883.124s][info ][safepoint     ] Entering safepoint region: Cleanup
[2023-10-17T14:49:10.018+0000][2883.126s][info ][safepoint     ] Leaving safepoint region
[2023-10-17T14:49:10.019+0000][2883.127s][info ][safepoint     ] Total time for which application threads were stopped: 0.0025993 seconds, Stopping threads took: 0.0010378 seconds
[2023-10-17T14:49:11.020+0000][2884.128s][debug][safepoint     ] Safepoint synchronization initiated. (182 threads)
[2023-10-17T14:49:11.021+0000][2884.129s][info ][safepoint     ] Application time: 1.0011401 seconds
[2023-10-17T14:49:11.022+0000][2884.130s][info ][safepoint     ] Entering safepoint region: Cleanup
[2023-10-17T14:49:11.023+0000][2884.132s][info ][safepoint     ] Leaving safepoint region
[2023-10-17T14:49:11.025+0000][2884.133s][info ][safepoint     ] Total time for which application threads were stopped: 0.0032381 seconds, Stopping threads took: 0.0013288 seconds
[2023-10-17T14:49:12.026+0000][2885.134s][debug][safepoint     ] Safepoint synchronization initiated. (182 threads)
[2023-10-17T14:49:12.027+0000][2885.135s][info ][safepoint     ] Application time: 1.0011920 seconds
[2023-10-17T14:49:12.028+0000][2885.136s][info ][safepoint     ] Entering safepoint region: Cleanup
[2023-10-17T14:49:12.028+0000][2885.137s][info ][safepoint     ] Leaving safepoint region
[2023-10-17T14:49:12.029+0000][2885.137s][info ][safepoint     ] Total time for which application threads were stopped: 0.0013913 seconds, Stopping threads took: 0.0005705 seconds
[2023-10-17T14:49:13.030+0000][2886.138s][debug][safepoint     ] Safepoint synchronization initiated. (182 threads)
[2023-10-17T14:49:13.031+0000][2886.139s][info ][safepoint     ] Application time: 1.0012901 seconds
[2023-10-17T14:49:13.032+0000][2886.140s][info ][safepoint     ] Entering safepoint region: Cleanup
[2023-10-17T14:49:13.033+0000][2886.141s][info ][safepoint     ] Leaving safepoint region
[2023-10-17T14:49:13.033+0000][2886.142s][info ][safepoint     ] Total time for which application threads were stopped: 0.0018155 seconds, Stopping threads took: 0.0007498 seconds
[2023-10-17T14:49:14.035+0000][2887.143s][debug][safepoint     ] Safepoint synchronization initiated. (182 threads)
[2023-10-17T14:49:14.036+0000][2887.144s][info ][safepoint     ] Application time: 1.0014029 seconds
[2023-10-17T14:49:14.037+0000][2887.145s][info ][safepoint     ] Entering safepoint region: Cleanup
[2023-10-17T14:49:14.038+0000][2887.146s][info ][safepoint     ] Leaving safepoint region
[2023-10-17T14:49:14.039+0000][2887.147s][info ][safepoint     ] Total time for which application threads were stopped: 0.0020985 seconds, Stopping threads took: 0.0009040 seconds
[2023-10-17T14:49:15.040+0000][2888.148s][debug][safepoint     ] Safepoint synchronization initiated. (182 threads)
[2023-10-17T14:49:15.041+0000][2888.149s][info ][safepoint     ] Application time: 1.0014702 seconds
[2023-10-17T14:49:15.042+0000][2888.150s][info ][safepoint     ] Entering safepoint region: Cleanup
[2023-10-17T14:49:15.043+0000][2888.151s][info ][safepoint     ] Leaving safepoint region
[2023-10-17T14:49:15.044+0000][2888.152s][info ][safepoint     ] Total time for which application threads were stopped: 0.0019575 seconds, Stopping threads took: 0.0008173 seconds
[2023-10-17T14:49:16.045+0000][2889.153s][debug][safepoint     ] Safepoint synchronization initiated. (182 threads)
[2023-10-17T14:49:16.046+0000][2889.154s][info ][safepoint     ] Application time: 1.0013548 seconds
[2023-10-17T14:49:16.047+0000][2889.155s][info ][safepoint     ] Entering safepoint region: Cleanup
[2023-10-17T14:49:16.048+0000][2889.156s][info ][safepoint     ] Leaving safepoint region
[2023-10-17T14:49:16.048+0000][2889.156s][info ][safepoint     ] Total time for which application threads were stopped: 0.0015763 seconds, Stopping threads took: 0.0007979 seconds
[2023-10-17T14:49:17.049+0000][2890.157s][debug][safepoint     ] Safepoint synchronization initiated. (182 threads)
[2023-10-17T14:49:17.050+0000][2890.158s][info ][safepoint     ] Application time: 1.0010648 seconds
[2023-10-17T14:49:17.050+0000][2890.158s][info ][safepoint     ] Entering safepoint region: Cleanup
[2023-10-17T14:49:17.051+0000][2890.159s][info ][safepoint     ] Leaving safepoint region
[2023-10-17T14:49:17.052+0000][2890.160s][info ][safepoint     ] Total time for which application threads were stopped: 0.0015995 seconds, Stopping threads took: 0.0005649 seconds
[2023-10-17T14:49:18.053+0000][2891.161s][debug][safepoint     ] Safepoint synchronization initiated. (182 threads)
[2023-10-17T14:49:18.054+0000][2891.162s][info ][safepoint     ] Application time: 1.0011173 seconds
[2023-10-17T14:49:18.055+0000][2891.163s][info ][safepoint     ] Entering safepoint region: Cleanup
[2023-10-17T14:49:18.056+0000][2891.164s][info ][safepoint     ] Leaving safepoint region
[2023-10-17T14:49:18.056+0000][2891.164s][info ][safepoint     ] Total time for which application threads were stopped: 0.0016213 seconds, Stopping threads took: 0.0007180 seconds
[2023-10-17T14:49:19.057+0000][2892.165s][debug][safepoint     ] Safepoint synchronization initiated. (182 threads)
[2023-10-17T14:49:19.058+0000][2892.167s][info ][safepoint     ] Application time: 1.0018312 seconds
[2023-10-17T14:49:19.059+0000][2892.168s][info ][safepoint     ] Entering safepoint region: Cleanup
[2023-10-17T14:49:19.061+0000][2892.170s][info ][safepoint     ] Leaving safepoint region
[2023-10-17T14:49:19.062+0000][2892.171s][info ][safepoint     ] Total time for which application threads were stopped: 0.0027533 seconds, Stopping threads took: 0.0012423 seconds
[2023-10-17T14:49:20.063+0000][2893.172s][debug][safepoint     ] Safepoint synchronization initiated. (182 threads)
[2023-10-17T14:49:20.064+0000][2893.173s][info ][safepoint     ] Application time: 1.0012755 seconds
[2023-10-17T14:49:20.065+0000][2893.174s][info ][safepoint     ] Entering safepoint region: Cleanup
[2023-10-17T14:49:20.067+0000][2893.175s][info ][safepoint     ] Leaving safepoint region
[2023-10-17T14:49:20.067+0000][2893.176s][info ][safepoint     ] Total time for which application threads were stopped: 0.0020927 seconds, Stopping threads took: 0.0010710 seconds
[2023-10-17T14:49:21.068+0000][2894.177s][debug][safepoint     ] Safepoint synchronization initiated. (182 threads)
[2023-10-17T14:49:21.070+0000][2894.178s][info ][safepoint     ] Application time: 1.0014188 seconds
[2023-10-17T14:49:21.071+0000][2894.179s][info ][safepoint     ] Entering safepoint region: Cleanup
[2023-10-17T14:49:21.072+0000][2894.181s][info ][safepoint     ] Leaving safepoint region
[2023-10-17T14:49:21.073+0000][2894.182s][info ][safepoint     ] Total time for which application threads were stopped: 0.0024862 seconds, Stopping threads took: 0.0010183 seconds
[2023-10-17T14:49:22.074+0000][2895.183s][debug][safepoint     ] Safepoint synchronization initiated. (182 threads)
[2023-10-17T14:49:22.075+0000][2895.184s][info ][safepoint     ] Application time: 1.0009586 seconds
[2023-10-17T14:49:22.076+0000][2895.185s][info ][safepoint     ] Entering safepoint region: Cleanup
[2023-10-17T14:49:22.077+0000][2895.186s][info ][safepoint     ] Leaving safepoint region
[2023-10-17T14:49:22.078+0000][2895.186s][info ][safepoint     ] Total time for which application threads were stopped: 0.0017326 seconds, Stopping threads took: 0.0006284 seconds
[2023-10-17T14:49:23.079+0000][2896.187s][debug][safepoint     ] Safepoint synchronization initiated. (182 threads)
[2023-10-17T14:49:23.080+0000][2896.188s][info ][safepoint     ] Application time: 1.0014684 seconds
[2023-10-17T14:49:23.081+0000][2896.189s][info ][safepoint     ] Entering safepoint region: Cleanup
[2023-10-17T14:49:23.082+0000][2896.191s][info ][safepoint     ] Leaving safepoint region
[2023-10-17T14:49:23.083+0000][2896.191s][info ][safepoint     ] Total time for which application threads were stopped: 0.0020052 seconds, Stopping threads took: 0.0008966 seconds
[2023-10-17T14:49:24.084+0000][2897.193s][debug][safepoint     ] Safepoint synchronization initiated. (182 threads)
[2023-10-17T14:49:24.085+0000][2897.194s][info ][safepoint     ] Application time: 1.0015207 seconds
[2023-10-17T14:49:24.086+0000][2897.195s][info ][safepoint     ] Entering safepoint region: Cleanup
[2023-10-17T14:49:24.087+0000][2897.196s][info ][safepoint     ] Leaving safepoint region
[2023-10-17T14:49:24.088+0000][2897.197s][info ][safepoint     ] Total time for which application threads were stopped: 0.0022922 seconds, Stopping threads took: 0.0009550 seconds
[2023-10-17T14:49:25.090+0000][2898.198s][debug][safepoint     ] Safepoint synchronization initiated. (182 threads)
[2023-10-17T14:49:25.091+0000][2898.199s][info ][safepoint     ] Application time: 1.0014750 seconds
[2023-10-17T14:49:25.092+0000][2898.201s][info ][safepoint     ] Entering safepoint region: Cleanup
[2023-10-17T14:49:25.093+0000][2898.202s][info ][safepoint     ] Leaving safepoint region
[2023-10-17T14:49:25.094+0000][2898.203s][info ][safepoint     ] Total time for which application threads were stopped: 0.0020764 seconds, Stopping threads took: 0.0008983 seconds
[2023-10-17T14:49:26.095+0000][2899.204s][debug][safepoint     ] Safepoint synchronization initiated. (182 threads)
[2023-10-17T14:49:26.096+0000][2899.205s][info ][safepoint     ] Application time: 1.0014432 seconds
[2023-10-17T14:49:26.097+0000][2899.206s][info ][safepoint     ] Entering safepoint region: Cleanup
[2023-10-17T14:49:26.098+0000][2899.207s][info ][safepoint     ] Leaving safepoint region
[2023-10-17T14:49:26.099+0000][2899.208s][info ][safepoint     ] Total time for which application threads were stopped: 0.0022842 seconds, Stopping threads took: 0.0007630 seconds
[2023-10-17T14:49:27.101+0000][2900.210s][debug][safepoint     ] Safepoint synchronization initiated. (182 threads)
[2023-10-17T14:49:27.102+0000][2900.210s][info ][safepoint     ] Application time: 1.0011204 seconds
[2023-10-17T14:49:27.102+0000][2900.211s][info ][safepoint     ] Entering safepoint region: Cleanup
[2023-10-17T14:49:27.103+0000][2900.212s][info ][safepoint     ] Leaving safepoint region
[2023-10-17T14:49:27.104+0000][2900.212s][info ][safepoint     ] Total time for which application threads were stopped: 0.0015522 seconds, Stopping threads took: 0.0007342 seconds
[2023-10-17T14:49:28.105+0000][2901.213s][debug][safepoint     ] Safepoint synchronization initiated. (182 threads)
[2023-10-17T14:49:28.106+0000][2901.214s][info ][safepoint     ] Application time: 1.0012465 seconds
[2023-10-17T14:49:28.107+0000][2901.215s][info ][safepoint     ] Entering safepoint region: Cleanup
[2023-10-17T14:49:28.108+0000][2901.216s][info ][safepoint     ] Leaving safepoint region
[2023-10-17T14:49:28.108+0000][2901.217s][info ][safepoint     ] Total time for which application threads were stopped: 0.0018403 seconds, Stopping threads took: 0.0008504 seconds
[2023-10-17T14:49:29.109+0000][2902.218s][debug][safepoint     ] Safepoint synchronization initiated. (182 threads)
[2023-10-17T14:49:29.110+0000][2902.219s][info ][safepoint     ] Application time: 1.0011641 seconds
[2023-10-17T14:49:29.111+0000][2902.220s][info ][safepoint     ] Entering safepoint region: Cleanup
[2023-10-17T14:49:29.112+0000][2902.221s][info ][safepoint     ] Leaving safepoint region
[2023-10-17T14:49:29.112+0000][2902.221s][info ][safepoint     ] Total time for which application threads were stopped: 0.0015180 seconds, Stopping threads took: 0.0006566 seconds
[2023-10-17T14:49:30.113+0000][2903.222s][debug][safepoint     ] Safepoint synchronization initiated. (182 threads)
[2023-10-17T14:49:30.114+0000][2903.223s][info ][safepoint     ] Application time: 1.0013061 seconds
[2023-10-17T14:49:30.115+0000][2903.224s][info ][safepoint     ] Entering safepoint region: Cleanup
[2023-10-17T14:49:30.116+0000][2903.225s][info ][safepoint     ] Leaving safepoint region
[2023-10-17T14:49:30.117+0000][2903.226s][info ][safepoint     ] Total time for which application threads were stopped: 0.0018292 seconds, Stopping threads took: 0.0007702 seconds
[2023-10-17T14:49:31.118+0000][2904.226s][debug][safepoint     ] Safepoint synchronization initiated. (182 threads)
[2023-10-17T14:49:31.118+0000][2904.227s][info ][safepoint     ] Application time: 1.0009090 seconds
[2023-10-17T14:49:31.119+0000][2904.228s][info ][safepoint     ] Entering safepoint region: Cleanup
[2023-10-17T14:49:31.120+0000][2904.229s][info ][safepoint     ] Leaving safepoint region
[2023-10-17T14:49:31.121+0000][2904.229s][info ][safepoint     ] Total time for which application threads were stopped: 0.0016045 seconds, Stopping threads took: 0.0007018 seconds
[2023-10-17T14:49:32.122+0000][2905.230s][debug][safepoint     ] Safepoint synchronization initiated. (182 threads)
[2023-10-17T14:49:32.123+0000][2905.231s][info ][safepoint     ] Application time: 1.0013914 seconds
[2023-10-17T14:49:32.123+0000][2905.232s][info ][safepoint     ] Entering safepoint region: Cleanup
[2023-10-17T14:49:32.125+0000][2905.233s][info ][safepoint     ] Leaving safepoint region
[2023-10-17T14:49:32.125+0000][2905.234s][info ][safepoint     ] Total time for which application threads were stopped: 0.0020622 seconds, Stopping threads took: 0.0009873 seconds
[2023-10-17T14:49:33.126+0000][2906.235s][debug][safepoint     ] Safepoint synchronization initiated. (182 threads)
[2023-10-17T14:49:33.128+0000][2906.237s][info ][safepoint     ] Application time: 1.0017647 seconds
[2023-10-17T14:49:33.129+0000][2906.237s][info ][safepoint     ] Entering safepoint region: Cleanup
[2023-10-17T14:49:33.130+0000][2906.238s][info ][safepoint     ] Leaving safepoint region
[2023-10-17T14:49:33.130+0000][2906.239s][info ][safepoint     ] Total time for which application threads were stopped: 0.0014507 seconds, Stopping threads took: 0.0005736 seconds
[2023-10-17T14:49:34.131+0000][2907.240s][debug][safepoint     ] Safepoint synchronization initiated. (182 threads)
[2023-10-17T14:49:34.132+0000][2907.240s][info ][safepoint     ] Application time: 1.0010251 seconds
[2023-10-17T14:49:34.132+0000][2907.241s][info ][safepoint     ] Entering safepoint region: Cleanup
[2023-10-17T14:49:34.133+0000][2907.242s][info ][safepoint     ] Leaving safepoint region
[2023-10-17T14:49:34.134+0000][2907.243s][info ][safepoint     ] Total time for which application threads were stopped: 0.0017567 seconds, Stopping threads took: 0.0009556 seconds
[2023-10-17T14:49:35.135+0000][2908.244s][debug][safepoint     ] Safepoint synchronization initiated. (182 threads)
[2023-10-17T14:49:35.136+0000][2908.244s][info ][safepoint     ] Application time: 1.0012070 seconds
[2023-10-17T14:49:35.137+0000][2908.245s][info ][safepoint     ] Entering safepoint region: Cleanup
[2023-10-17T14:49:35.138+0000][2908.246s][info ][safepoint     ] Leaving safepoint region
[2023-10-17T14:49:35.138+0000][2908.247s][info ][safepoint     ] Total time for which application threads were stopped: 0.0016169 seconds, Stopping threads took: 0.0006730 seconds
[2023-10-17T14:49:36.139+0000][2909.248s][debug][safepoint     ] Safepoint synchronization initiated. (182 threads)
[2023-10-17T14:49:36.140+0000][2909.249s][info ][safepoint     ] Application time: 1.0011805 seconds
[2023-10-17T14:49:36.141+0000][2909.250s][info ][safepoint     ] Entering safepoint region: Cleanup
[2023-10-17T14:49:36.143+0000][2909.251s][info ][safepoint     ] Leaving safepoint region
[2023-10-17T14:49:36.143+0000][2909.252s][info ][safepoint     ] Total time for which application threads were stopped: 0.0026362 seconds, Stopping threads took: 0.0011089 seconds
[2023-10-17T14:49:37.144+0000][2910.253s][debug][safepoint     ] Safepoint synchronization initiated. (182 threads)
[2023-10-17T14:49:37.145+0000][2910.254s][info ][safepoint     ] Application time: 1.0011946 seconds
[2023-10-17T14:49:37.146+0000][2910.255s][info ][safepoint     ] Entering safepoint region: Cleanup
[2023-10-17T14:49:37.147+0000][2910.256s][info ][safepoint     ] Leaving safepoint region
[2023-10-17T14:49:37.148+0000][2910.256s][info ][safepoint     ] Total time for which application threads were stopped: 0.0015294 seconds, Stopping threads took: 0.0007178 seconds
[2023-10-17T14:49:38.148+0000][2911.257s][debug][safepoint     ] Safepoint synchronization initiated. (182 threads)
[2023-10-17T14:49:38.149+0000][2911.258s][info ][safepoint     ] Application time: 1.0010164 seconds
[2023-10-17T14:49:38.150+0000][2911.258s][info ][safepoint     ] Entering safepoint region: Cleanup
[2023-10-17T14:49:38.151+0000][2911.259s][info ][safepoint     ] Leaving safepoint region
[2023-10-17T14:49:38.151+0000][2911.260s][info ][safepoint     ] Total time for which application threads were stopped: 0.0012612 seconds, Stopping threads took: 0.0004616 seconds
[2023-10-17T14:49:39.152+0000][2912.261s][debug][safepoint     ] Safepoint synchronization initiated. (182 threads)
[2023-10-17T14:49:39.153+0000][2912.262s][info ][safepoint     ] Application time: 1.0018654 seconds
[2023-10-17T14:49:39.154+0000][2912.263s][info ][safepoint     ] Entering safepoint region: Cleanup
[2023-10-17T14:49:39.155+0000][2912.264s][info ][safepoint     ] Leaving safepoint region
[2023-10-17T14:49:39.156+0000][2912.264s][info ][safepoint     ] Total time for which application threads were stopped: 0.0014168 seconds, Stopping threads took: 0.0005895 seconds
[2023-10-17T14:49:40.156+0000][2913.265s][debug][safepoint     ] Safepoint synchronization initiated. (182 threads)
[2023-10-17T14:49:40.157+0000][2913.266s][info ][safepoint     ] Application time: 1.0011749 seconds
[2023-10-17T14:49:40.158+0000][2913.267s][info ][safepoint     ] Entering safepoint region: Cleanup
[2023-10-17T14:49:40.160+0000][2913.268s][info ][safepoint     ] Leaving safepoint region
[2023-10-17T14:49:40.161+0000][2913.269s][info ][safepoint     ] Total time for which application threads were stopped: 0.0023520 seconds, Stopping threads took: 0.0009449 seconds
[2023-10-17T14:49:41.162+0000][2914.270s][debug][safepoint     ] Safepoint synchronization initiated. (182 threads)
[2023-10-17T14:49:41.162+0000][2914.271s][info ][safepoint     ] Application time: 1.0010766 seconds
[2023-10-17T14:49:41.163+0000][2914.272s][info ][safepoint     ] Entering safepoint region: Cleanup
[2023-10-17T14:49:41.164+0000][2914.273s][info ][safepoint     ] Leaving safepoint region
[2023-10-17T14:49:41.165+0000][2914.273s][info ][safepoint     ] Total time for which application threads were stopped: 0.0016285 seconds, Stopping threads took: 0.0007430 seconds
[2023-10-17T14:49:42.165+0000][2915.274s][debug][safepoint     ] Safepoint synchronization initiated. (182 threads)
[2023-10-17T14:49:42.166+0000][2915.275s][info ][safepoint     ] Application time: 1.0009712 seconds
[2023-10-17T14:49:42.167+0000][2915.275s][info ][safepoint     ] Entering safepoint region: Cleanup
[2023-10-17T14:49:42.168+0000][2915.276s][info ][safepoint     ] Leaving safepoint region
[2023-10-17T14:49:42.168+0000][2915.277s][info ][safepoint     ] Total time for which application threads were stopped: 0.0013683 seconds, Stopping threads took: 0.0005652 seconds
[2023-10-17T14:49:43.169+0000][2916.278s][debug][safepoint     ] Safepoint synchronization initiated. (182 threads)
[2023-10-17T14:49:43.170+0000][2916.279s][info ][safepoint     ] Application time: 1.0012114 seconds
[2023-10-17T14:49:43.171+0000][2916.279s][info ][safepoint     ] Entering safepoint region: Cleanup
[2023-10-17T14:49:43.171+0000][2916.280s][info ][safepoint     ] Leaving safepoint region
[2023-10-17T14:49:43.172+0000][2916.281s][info ][safepoint     ] Total time for which application threads were stopped: 0.0016096 seconds, Stopping threads took: 0.0006049 seconds
[2023-10-17T14:49:44.173+0000][2917.282s][debug][safepoint     ] Safepoint synchronization initiated. (182 threads)
[2023-10-17T14:49:44.174+0000][2917.282s][info ][safepoint     ] Application time: 1.0010775 seconds
[2023-10-17T14:49:44.174+0000][2917.283s][info ][safepoint     ] Entering safepoint region: Cleanup
[2023-10-17T14:49:44.175+0000][2917.284s][info ][safepoint     ] Leaving safepoint region
[2023-10-17T14:49:44.176+0000][2917.285s][info ][safepoint     ] Total time for which application threads were stopped: 0.0015763 seconds, Stopping threads took: 0.0007230 seconds
[2023-10-17T14:49:45.177+0000][2918.285s][debug][safepoint     ] Safepoint synchronization initiated. (182 threads)
[2023-10-17T14:49:45.178+0000][2918.286s][info ][safepoint     ] Application time: 1.0011213 seconds
[2023-10-17T14:49:45.179+0000][2918.287s][info ][safepoint     ] Entering safepoint region: Cleanup
[2023-10-17T14:49:45.180+0000][2918.289s][info ][safepoint     ] Leaving safepoint region
[2023-10-17T14:49:45.181+0000][2918.290s][info ][safepoint     ] Total time for which application threads were stopped: 0.0024405 seconds, Stopping threads took: 0.0011881 seconds
[2023-10-17T14:49:46.182+0000][2919.291s][debug][safepoint     ] Safepoint synchronization initiated. (182 threads)
[2023-10-17T14:49:46.183+0000][2919.292s][info ][safepoint     ] Application time: 1.0015945 seconds
[2023-10-17T14:49:46.184+0000][2919.293s][info ][safepoint     ] Entering safepoint region: Cleanup
[2023-10-17T14:49:46.186+0000][2919.295s][info ][safepoint     ] Leaving safepoint region
[2023-10-17T14:49:46.187+0000][2919.296s][info ][safepoint     ] Total time for which application threads were stopped: 0.0026232 seconds, Stopping threads took: 0.0011492 seconds
[2023-10-17T14:49:47.188+0000][2920.297s][debug][safepoint     ] Safepoint synchronization initiated. (182 threads)
[2023-10-17T14:49:47.189+0000][2920.298s][info ][safepoint     ] Application time: 1.0013025 seconds
[2023-10-17T14:49:47.190+0000][2920.299s][info ][safepoint     ] Entering safepoint region: Cleanup
[2023-10-17T14:49:47.192+0000][2920.300s][info ][safepoint     ] Leaving safepoint region
[2023-10-17T14:49:47.193+0000][2920.301s][info ][safepoint     ] Total time for which application threads were stopped: 0.0023212 seconds, Stopping threads took: 0.0010242 seconds
[2023-10-17T14:49:48.194+0000][2921.302s][debug][safepoint     ] Safepoint synchronization initiated. (182 threads)
[2023-10-17T14:49:48.195+0000][2921.304s][info ][safepoint     ] Application time: 1.0016231 seconds
[2023-10-17T14:49:48.196+0000][2921.305s][info ][safepoint     ] Entering safepoint region: Cleanup
[2023-10-17T14:49:48.197+0000][2921.305s][info ][safepoint     ] Leaving safepoint region
[2023-10-17T14:49:48.198+0000][2921.306s][info ][safepoint     ] Total time for which application threads were stopped: 0.0018248 seconds, Stopping threads took: 0.0007449 seconds
[2023-10-17T14:49:49.198+0000][2922.307s][debug][safepoint     ] Safepoint synchronization initiated. (182 threads)
[2023-10-17T14:49:49.199+0000][2922.308s][info ][safepoint     ] Application time: 1.0011996 seconds
[2023-10-17T14:49:49.200+0000][2922.309s][info ][safepoint     ] Entering safepoint region: Cleanup
[2023-10-17T14:49:49.201+0000][2922.310s][info ][safepoint     ] Leaving safepoint region
[2023-10-17T14:49:49.202+0000][2922.311s][info ][safepoint     ] Total time for which application threads were stopped: 0.0020039 seconds, Stopping threads took: 0.0007946 seconds
[2023-10-17T14:49:50.203+0000][2923.312s][debug][safepoint     ] Safepoint synchronization initiated. (182 threads)
[2023-10-17T14:49:50.204+0000][2923.313s][info ][safepoint     ] Application time: 1.0011105 seconds
[2023-10-17T14:49:50.204+0000][2923.313s][info ][safepoint     ] Entering safepoint region: Cleanup
[2023-10-17T14:49:50.205+0000][2923.314s][info ][safepoint     ] Leaving safepoint region
[2023-10-17T14:49:50.206+0000][2923.315s][info ][safepoint     ] Total time for which application threads were stopped: 0.0017042 seconds, Stopping threads took: 0.0007366 seconds
[2023-10-17T14:49:51.207+0000][2924.316s][debug][safepoint     ] Safepoint synchronization initiated. (182 threads)
[2023-10-17T14:49:51.208+0000][2924.317s][info ][safepoint     ] Application time: 1.0014946 seconds
[2023-10-17T14:49:51.209+0000][2924.318s][info ][safepoint     ] Entering safepoint region: Cleanup
[2023-10-17T14:49:51.211+0000][2924.320s][info ][safepoint     ] Leaving safepoint region
[2023-10-17T14:49:51.212+0000][2924.321s][info ][safepoint     ] Total time for which application threads were stopped: 0.0027156 seconds, Stopping threads took: 0.0011627 seconds
[2023-10-17T14:49:52.214+0000][2925.323s][debug][safepoint     ] Safepoint synchronization initiated. (182 threads)
[2023-10-17T14:49:52.215+0000][2925.324s][info ][safepoint     ] Application time: 1.0015530 seconds
[2023-10-17T14:49:52.216+0000][2925.325s][info ][safepoint     ] Entering safepoint region: Cleanup
[2023-10-17T14:49:52.217+0000][2925.326s][info ][safepoint     ] Leaving safepoint region
[2023-10-17T14:49:52.218+0000][2925.327s][info ][safepoint     ] Total time for which application threads were stopped: 0.0024275 seconds, Stopping threads took: 0.0010409 seconds
[2023-10-17T14:49:53.219+0000][2926.328s][debug][safepoint     ] Safepoint synchronization initiated. (182 threads)
[2023-10-17T14:49:53.221+0000][2926.330s][info ][safepoint     ] Application time: 1.0016826 seconds
[2023-10-17T14:49:53.222+0000][2926.331s][info ][safepoint     ] Entering safepoint region: Cleanup
[2023-10-17T14:49:53.223+0000][2926.332s][info ][safepoint     ] Leaving safepoint region
[2023-10-17T14:49:53.225+0000][2926.334s][info ][safepoint     ] Total time for which application threads were stopped: 0.0027133 seconds, Stopping threads took: 0.0011180 seconds
[2023-10-17T14:49:54.226+0000][2927.335s][debug][safepoint     ] Safepoint synchronization initiated. (182 threads)
[2023-10-17T14:49:54.227+0000][2927.336s][info ][safepoint     ] Application time: 1.0013272 seconds
[2023-10-17T14:49:54.228+0000][2927.337s][info ][safepoint     ] Entering safepoint region: Cleanup
[2023-10-17T14:49:54.229+0000][2927.338s][info ][safepoint     ] Leaving safepoint region
[2023-10-17T14:49:54.229+0000][2927.338s][info ][safepoint     ] Total time for which application threads were stopped: 0.0016994 seconds, Stopping threads took: 0.0006761 seconds
[2023-10-17T14:49:55.230+0000][2928.339s][debug][safepoint     ] Safepoint synchronization initiated. (182 threads)
[2023-10-17T14:49:55.231+0000][2928.340s][info ][safepoint     ] Application time: 1.0013374 seconds
[2023-10-17T14:49:55.233+0000][2928.342s][info ][safepoint     ] Entering safepoint region: Cleanup
[2023-10-17T14:49:55.234+0000][2928.343s][info ][safepoint     ] Leaving safepoint region
[2023-10-17T14:49:55.234+0000][2928.343s][info ][safepoint     ] Total time for which application threads were stopped: 0.0018828 seconds, Stopping threads took: 0.0008562 seconds
[2023-10-17T14:49:56.235+0000][2929.344s][debug][safepoint     ] Safepoint synchronization initiated. (182 threads)
[2023-10-17T14:49:56.236+0000][2929.345s][info ][safepoint     ] Application time: 1.0012613 seconds
[2023-10-17T14:49:56.237+0000][2929.346s][info ][safepoint     ] Entering safepoint region: Cleanup
[2023-10-17T14:49:56.238+0000][2929.347s][info ][safepoint     ] Leaving safepoint region
[2023-10-17T14:49:56.239+0000][2929.348s][info ][safepoint     ] Total time for which application threads were stopped: 0.0018286 seconds, Stopping threads took: 0.0008289 seconds
[2023-10-17T14:49:57.240+0000][2930.349s][debug][safepoint     ] Safepoint synchronization initiated. (182 threads)
[2023-10-17T14:49:57.241+0000][2930.350s][info ][safepoint     ] Application time: 1.0011809 seconds
[2023-10-17T14:49:57.241+0000][2930.350s][info ][safepoint     ] Entering safepoint region: Cleanup
[2023-10-17T14:49:57.243+0000][2930.352s][info ][safepoint     ] Leaving safepoint region
[2023-10-17T14:49:57.243+0000][2930.352s][info ][safepoint     ] Total time for which application threads were stopped: 0.0020028 seconds, Stopping threads took: 0.0008028 seconds
[2023-10-17T14:49:58.244+0000][2931.353s][debug][safepoint     ] Safepoint synchronization initiated. (182 threads)
[2023-10-17T14:49:58.245+0000][2931.354s][info ][safepoint     ] Application time: 1.0009923 seconds
[2023-10-17T14:49:58.246+0000][2931.355s][info ][safepoint     ] Entering safepoint region: Cleanup
[2023-10-17T14:49:58.247+0000][2931.356s][info ][safepoint     ] Leaving safepoint region
[2023-10-17T14:49:58.248+0000][2931.357s][info ][safepoint     ] Total time for which application threads were stopped: 0.0021030 seconds, Stopping threads took: 0.0009289 seconds
[2023-10-17T14:49:59.249+0000][2932.358s][debug][safepoint     ] Safepoint synchronization initiated. (182 threads)
[2023-10-17T14:49:59.250+0000][2932.359s][info ][safepoint     ] Application time: 1.0014410 seconds
[2023-10-17T14:49:59.251+0000][2932.360s][info ][safepoint     ] Entering safepoint region: Cleanup
[2023-10-17T14:49:59.252+0000][2932.361s][info ][safepoint     ] Leaving safepoint region
[2023-10-17T14:49:59.253+0000][2932.362s][info ][safepoint     ] Total time for which application threads were stopped: 0.0019298 seconds, Stopping threads took: 0.0007706 seconds
[2023-10-17T14:50:00.254+0000][2933.363s][debug][safepoint     ] Safepoint synchronization initiated. (182 threads)
[2023-10-17T14:50:00.255+0000][2933.364s][info ][safepoint     ] Application time: 1.0010509 seconds
[2023-10-17T14:50:00.256+0000][2933.365s][info ][safepoint     ] Entering safepoint region: Cleanup
[2023-10-17T14:50:00.257+0000][2933.366s][info ][safepoint     ] Leaving safepoint region
[2023-10-17T14:50:00.257+0000][2933.366s][info ][safepoint     ] Total time for which application threads were stopped: 0.0018454 seconds, Stopping threads took: 0.0007686 seconds
[2023-10-17T14:50:01.259+0000][2934.368s][debug][safepoint     ] Safepoint synchronization initiated. (182 threads)
[2023-10-17T14:50:01.260+0000][2934.369s][info ][safepoint     ] Application time: 1.0014955 seconds
[2023-10-17T14:50:01.261+0000][2934.370s][info ][safepoint     ] Entering safepoint region: Cleanup
[2023-10-17T14:50:01.262+0000][2934.371s][info ][safepoint     ] Leaving safepoint region
[2023-10-17T14:50:01.263+0000][2934.372s][info ][safepoint     ] Total time for which application threads were stopped: 0.0024003 seconds, Stopping threads took: 0.0010449 seconds
[2023-10-17T14:50:02.264+0000][2935.373s][debug][safepoint     ] Safepoint synchronization initiated. (182 threads)
[2023-10-17T14:50:02.266+0000][2935.375s][info ][safepoint     ] Application time: 1.0015460 seconds
[2023-10-17T14:50:02.267+0000][2935.376s][info ][safepoint     ] Entering safepoint region: Cleanup
[2023-10-17T14:50:02.268+0000][2935.377s][info ][safepoint     ] Leaving safepoint region
[2023-10-17T14:50:02.268+0000][2935.377s][info ][safepoint     ] Total time for which application threads were stopped: 0.0018880 seconds, Stopping threads took: 0.0008940 seconds
[2023-10-17T14:50:03.270+0000][2936.379s][debug][safepoint     ] Safepoint synchronization initiated. (182 threads)
[2023-10-17T14:50:03.271+0000][2936.379s][info ][safepoint     ] Application time: 1.0011350 seconds
[2023-10-17T14:50:03.271+0000][2936.380s][info ][safepoint     ] Entering safepoint region: Cleanup
[2023-10-17T14:50:03.272+0000][2936.381s][info ][safepoint     ] Leaving safepoint region
[2023-10-17T14:50:03.273+0000][2936.382s][info ][safepoint     ] Total time for which application threads were stopped: 0.0018149 seconds, Stopping threads took: 0.0007170 seconds
[2023-10-17T14:50:04.274+0000][2937.383s][debug][safepoint     ] Safepoint synchronization initiated. (182 threads)
[2023-10-17T14:50:04.275+0000][2937.384s][info ][safepoint     ] Application time: 1.0013085 seconds
[2023-10-17T14:50:04.276+0000][2937.384s][info ][safepoint     ] Entering safepoint region: Cleanup
[2023-10-17T14:50:04.276+0000][2937.385s][info ][safepoint     ] Leaving safepoint region
[2023-10-17T14:50:04.277+0000][2937.386s][info ][safepoint     ] Total time for which application threads were stopped: 0.0018285 seconds, Stopping threads took: 0.0007299 seconds
[2023-10-17T14:50:05.278+0000][2938.387s][debug][safepoint     ] Safepoint synchronization initiated. (182 threads)
[2023-10-17T14:50:05.280+0000][2938.389s][info ][safepoint     ] Application time: 1.0015493 seconds
[2023-10-17T14:50:05.280+0000][2938.389s][debug][safepoint     ] ... found polling page return exception at pc = 0x00007fc1a4a681f6, stub =0x00007fc19c840600
[2023-10-17T14:50:05.280+0000][2938.389s][debug][safepoint     ] ... found polling page return exception at pc = 0x00007fc1a49f711c, stub =0x00007fc19c840600
[2023-10-17T14:50:05.281+0000][2938.390s][debug][safepoint     ] Waiting for 4 thread(s) to block
[2023-10-17T14:50:05.282+0000][2938.391s][info ][safepoint     ] Entering safepoint region: Cleanup
[2023-10-17T14:50:05.283+0000][2938.392s][info ][safepoint     ] Leaving safepoint region
[2023-10-17T14:50:05.284+0000][2938.393s][info ][safepoint     ] Total time for which application threads were stopped: 0.0039431 seconds, Stopping threads took: 0.0028378 seconds
[2023-10-17T14:50:06.285+0000][2939.394s][debug][safepoint     ] Safepoint synchronization initiated. (182 threads)
[2023-10-17T14:50:06.286+0000][2939.395s][info ][safepoint     ] Application time: 1.0009521 seconds
[2023-10-17T14:50:06.287+0000][2939.396s][info ][safepoint     ] Entering safepoint region: Cleanup
[2023-10-17T14:50:06.287+0000][2939.396s][info ][safepoint     ] Leaving safepoint region
[2023-10-17T14:50:06.288+0000][2939.397s][info ][safepoint     ] Total time for which application threads were stopped: 0.0015217 seconds, Stopping threads took: 0.0006729 seconds
[2023-10-17T14:50:07.289+0000][2940.398s][debug][safepoint     ] Safepoint synchronization initiated. (182 threads)
[2023-10-17T14:50:07.290+0000][2940.399s][info ][safepoint     ] Application time: 1.0014681 seconds
[2023-10-17T14:50:07.291+0000][2940.400s][info ][safepoint     ] Entering safepoint region: Cleanup
[2023-10-17T14:50:07.293+0000][2940.402s][info ][safepoint     ] Leaving safepoint region
[2023-10-17T14:50:07.294+0000][2940.403s][info ][safepoint     ] Total time for which application threads were stopped: 0.0028807 seconds, Stopping threads took: 0.0009786 seconds
[2023-10-17T14:50:08.295+0000][2941.404s][debug][safepoint     ] Safepoint synchronization initiated. (182 threads)
[2023-10-17T14:50:08.296+0000][2941.405s][info ][safepoint     ] Application time: 1.0011145 seconds
[2023-10-17T14:50:08.297+0000][2941.406s][info ][safepoint     ] Entering safepoint region: Cleanup
[2023-10-17T14:50:08.298+0000][2941.407s][info ][safepoint     ] Leaving safepoint region
[2023-10-17T14:50:08.299+0000][2941.408s][info ][safepoint     ] Total time for which application threads were stopped: 0.0020648 seconds, Stopping threads took: 0.0009415 seconds
[2023-10-17T14:50:09.300+0000][2942.409s][debug][safepoint     ] Safepoint synchronization initiated. (182 threads)
[2023-10-17T14:50:09.301+0000][2942.410s][info ][safepoint     ] Application time: 1.0013516 seconds
[2023-10-17T14:50:09.302+0000][2942.411s][info ][safepoint     ] Entering safepoint region: Cleanup
[2023-10-17T14:50:09.304+0000][2942.413s][info ][safepoint     ] Leaving safepoint region
[2023-10-17T14:50:09.304+0000][2942.413s][info ][safepoint     ] Total time for which application threads were stopped: 0.0022379 seconds, Stopping threads took: 0.0012248 seconds
[2023-10-17T14:50:10.306+0000][2943.415s][debug][safepoint     ] Safepoint synchronization initiated. (182 threads)
[2023-10-17T14:50:10.307+0000][2943.416s][info ][safepoint     ] Application time: 1.0016533 seconds
[2023-10-17T14:50:10.308+0000][2943.417s][info ][safepoint     ] Entering safepoint region: Cleanup
[2023-10-17T14:50:10.309+0000][2943.418s][info ][safepoint     ] Leaving safepoint region
[2023-10-17T14:50:10.310+0000][2943.419s][info ][safepoint     ] Total time for which application threads were stopped: 0.0022802 seconds, Stopping threads took: 0.0009414 seconds
[2023-10-17T14:50:11.311+0000][2944.420s][debug][safepoint     ] Safepoint synchronization initiated. (182 threads)
[2023-10-17T14:50:11.312+0000][2944.421s][info ][safepoint     ] Application time: 1.0011730 seconds
[2023-10-17T14:50:11.313+0000][2944.422s][info ][safepoint     ] Entering safepoint region: Cleanup
[2023-10-17T14:50:11.314+0000][2944.423s][info ][safepoint     ] Leaving safepoint region
[2023-10-17T14:50:11.315+0000][2944.424s][info ][safepoint     ] Total time for which application threads were stopped: 0.0016816 seconds, Stopping threads took: 0.0007340 seconds
[2023-10-17T14:50:12.316+0000][2945.425s][debug][safepoint     ] Safepoint synchronization initiated. (182 threads)
[2023-10-17T14:50:12.317+0000][2945.425s][info ][safepoint     ] Application time: 1.0011202 seconds
[2023-10-17T14:50:12.317+0000][2945.426s][info ][safepoint     ] Entering safepoint region: Cleanup
[2023-10-17T14:50:12.318+0000][2945.427s][info ][safepoint     ] Leaving safepoint region
[2023-10-17T14:50:12.319+0000][2945.428s][info ][safepoint     ] Total time for which application threads were stopped: 0.0017841 seconds, Stopping threads took: 0.0008639 seconds
[2023-10-17T14:50:13.320+0000][2946.429s][debug][safepoint     ] Safepoint synchronization initiated. (182 threads)
[2023-10-17T14:50:13.321+0000][2946.430s][info ][safepoint     ] Application time: 1.0013575 seconds
[2023-10-17T14:50:13.322+0000][2946.431s][info ][safepoint     ] Entering safepoint region: Cleanup
[2023-10-17T14:50:13.323+0000][2946.432s][info ][safepoint     ] Leaving safepoint region
[2023-10-17T14:50:13.324+0000][2946.432s][info ][safepoint     ] Total time for which application threads were stopped: 0.0014898 seconds, Stopping threads took: 0.0006777 seconds
[2023-10-17T14:50:14.325+0000][2947.433s][debug][safepoint     ] Safepoint synchronization initiated. (182 threads)
[2023-10-17T14:50:14.326+0000][2947.434s][info ][safepoint     ] Application time: 1.0013539 seconds
[2023-10-17T14:50:14.327+0000][2947.435s][info ][safepoint     ] Entering safepoint region: Cleanup
[2023-10-17T14:50:14.328+0000][2947.437s][info ][safepoint     ] Leaving safepoint region
[2023-10-17T14:50:14.328+0000][2947.437s][info ][safepoint     ] Total time for which application threads were stopped: 0.0019496 seconds, Stopping threads took: 0.0008005 seconds
[2023-10-17T14:50:15.329+0000][2948.438s][debug][safepoint     ] Safepoint synchronization initiated. (182 threads)
[2023-10-17T14:50:15.330+0000][2948.439s][info ][safepoint     ] Application time: 1.0012125 seconds
[2023-10-17T14:50:15.331+0000][2948.440s][info ][safepoint     ] Entering safepoint region: Cleanup
[2023-10-17T14:50:15.333+0000][2948.441s][info ][safepoint     ] Leaving safepoint region
[2023-10-17T14:50:15.333+0000][2948.442s][info ][safepoint     ] Total time for which application threads were stopped: 0.0018623 seconds, Stopping threads took: 0.0008396 seconds
[2023-10-17T14:50:16.334+0000][2949.443s][debug][safepoint     ] Safepoint synchronization initiated. (182 threads)
[2023-10-17T14:50:16.335+0000][2949.444s][info ][safepoint     ] Application time: 1.0011527 seconds
[2023-10-17T14:50:16.336+0000][2949.445s][info ][safepoint     ] Entering safepoint region: Cleanup
[2023-10-17T14:50:16.337+0000][2949.446s][info ][safepoint     ] Leaving safepoint region
[2023-10-17T14:50:16.338+0000][2949.447s][info ][safepoint     ] Total time for which application threads were stopped: 0.0016048 seconds, Stopping threads took: 0.0006903 seconds
[2023-10-17T14:50:17.339+0000][2950.448s][debug][safepoint     ] Safepoint synchronization initiated. (182 threads)
[2023-10-17T14:50:17.340+0000][2950.449s][info ][safepoint     ] Application time: 1.0015671 seconds
[2023-10-17T14:50:17.341+0000][2950.450s][info ][safepoint     ] Entering safepoint region: Cleanup
[2023-10-17T14:50:17.343+0000][2950.452s][info ][safepoint     ] Leaving safepoint region
[2023-10-17T14:50:17.344+0000][2950.453s][info ][safepoint     ] Total time for which application threads were stopped: 0.0027631 seconds, Stopping threads took: 0.0011622 seconds
[2023-10-17T14:50:18.345+0000][2951.454s][debug][safepoint     ] Safepoint synchronization initiated. (182 threads)
[2023-10-17T14:50:18.346+0000][2951.455s][info ][safepoint     ] Application time: 1.0016886 seconds
[2023-10-17T14:50:18.348+0000][2951.457s][info ][safepoint     ] Entering safepoint region: Cleanup
[2023-10-17T14:50:18.349+0000][2951.458s][info ][safepoint     ] Leaving safepoint region
[2023-10-17T14:50:18.350+0000][2951.459s][info ][safepoint     ] Total time for which application threads were stopped: 0.0023201 seconds, Stopping threads took: 0.0009655 seconds
[2023-10-17T14:50:19.351+0000][2952.460s][debug][safepoint     ] Safepoint synchronization initiated. (182 threads)
[2023-10-17T14:50:19.352+0000][2952.461s][info ][safepoint     ] Application time: 1.0016080 seconds
[2023-10-17T14:50:19.353+0000][2952.462s][info ][safepoint     ] Entering safepoint region: Cleanup
[2023-10-17T14:50:19.354+0000][2952.463s][info ][safepoint     ] Leaving safepoint region
[2023-10-17T14:50:19.355+0000][2952.464s][info ][safepoint     ] Total time for which application threads were stopped: 0.0019830 seconds, Stopping threads took: 0.0008585 seconds
[2023-10-17T14:50:20.356+0000][2953.465s][debug][safepoint     ] Safepoint synchronization initiated. (182 threads)
[2023-10-17T14:50:20.357+0000][2953.466s][info ][safepoint     ] Application time: 1.0013014 seconds
[2023-10-17T14:50:20.358+0000][2953.467s][info ][safepoint     ] Entering safepoint region: Cleanup
[2023-10-17T14:50:20.359+0000][2953.468s][info ][safepoint     ] Leaving safepoint region
[2023-10-17T14:50:20.360+0000][2953.469s][info ][safepoint     ] Total time for which application threads were stopped: 0.0017536 seconds, Stopping threads took: 0.0007569 seconds
[2023-10-17T14:50:20.359+0000][2953.468s][debug][safepoint     ] ... found polling page return exception at pc = 0x00007fc1a54a9604, stub =0x00007fc19c840600
[2023-10-17T14:50:20.359+0000][2953.468s][debug][safepoint     ] ... found polling page return exception at pc = 0x00007fc1a54a9604, stub =0x00007fc19c840600
[2023-10-17T14:50:20.359+0000][2953.468s][debug][safepoint     ] ... found polling page return exception at pc = 0x00007fc1a54a9604, stub =0x00007fc19c840600
[2023-10-17T14:50:20.359+0000][2953.468s][debug][safepoint     ] ... found polling page return exception at pc = 0x00007fc1a54a9604, stub =0x00007fc19c840600
[2023-10-17T14:50:21.360+0000][2954.469s][debug][safepoint     ] Safepoint synchronization initiated. (182 threads)
[2023-10-17T14:50:21.361+0000][2954.470s][info ][safepoint     ] Application time: 1.0012784 seconds
[2023-10-17T14:50:21.362+0000][2954.471s][info ][safepoint     ] Entering safepoint region: Cleanup
[2023-10-17T14:50:21.363+0000][2954.472s][info ][safepoint     ] Leaving safepoint region
[2023-10-17T14:50:21.364+0000][2954.473s][info ][safepoint     ] Total time for which application threads were stopped: 0.0018337 seconds, Stopping threads took: 0.0007587 seconds
[2023-10-17T14:50:22.365+0000][2955.474s][debug][safepoint     ] Safepoint synchronization initiated. (182 threads)
[2023-10-17T14:50:22.366+0000][2955.475s][info ][safepoint     ] Application time: 1.0014648 seconds
[2023-10-17T14:50:22.367+0000][2955.476s][info ][safepoint     ] Entering safepoint region: Cleanup
[2023-10-17T14:50:22.369+0000][2955.478s][info ][safepoint     ] Leaving safepoint region
[2023-10-17T14:50:22.370+0000][2955.479s][info ][safepoint     ] Total time for which application threads were stopped: 0.0025344 seconds, Stopping threads took: 0.0012216 seconds
[2023-10-17T14:50:23.371+0000][2956.480s][debug][safepoint     ] Safepoint synchronization initiated. (182 threads)
[2023-10-17T14:50:23.372+0000][2956.481s][info ][safepoint     ] Application time: 1.0012531 seconds
[2023-10-17T14:50:23.373+0000][2956.482s][info ][safepoint     ] Entering safepoint region: Cleanup
[2023-10-17T14:50:23.374+0000][2956.483s][info ][safepoint     ] Leaving safepoint region
[2023-10-17T14:50:23.374+0000][2956.483s][info ][safepoint     ] Total time for which application threads were stopped: 0.0017025 seconds, Stopping threads took: 0.0007318 seconds
[2023-10-17T14:50:24.375+0000][2957.484s][debug][safepoint     ] Safepoint synchronization initiated. (182 threads)
[2023-10-17T14:50:24.376+0000][2957.485s][info ][safepoint     ] Application time: 1.0015995 seconds
[2023-10-17T14:50:24.378+0000][2957.487s][info ][safepoint     ] Entering safepoint region: Cleanup
[2023-10-17T14:50:24.379+0000][2957.488s][info ][safepoint     ] Leaving safepoint region
[2023-10-17T14:50:24.380+0000][2957.490s][info ][safepoint     ] Total time for which application threads were stopped: 0.0028108 seconds, Stopping threads took: 0.0011591 seconds
[2023-10-17T14:50:25.382+0000][2958.491s][debug][safepoint     ] Safepoint synchronization initiated. (182 threads)
[2023-10-17T14:50:25.383+0000][2958.492s][info ][safepoint     ] Application time: 1.0017266 seconds
[2023-10-17T14:50:25.384+0000][2958.493s][info ][safepoint     ] Entering safepoint region: Cleanup
[2023-10-17T14:50:25.386+0000][2958.495s][info ][safepoint     ] Leaving safepoint region
[2023-10-17T14:50:25.387+0000][2958.496s][info ][safepoint     ] Total time for which application threads were stopped: 0.0026770 seconds, Stopping threads took: 0.0011542 seconds
[2023-10-17T14:50:26.388+0000][2959.498s][debug][safepoint     ] Safepoint synchronization initiated. (182 threads)
[2023-10-17T14:50:26.389+0000][2959.498s][info ][safepoint     ] Application time: 1.0014617 seconds
[2023-10-17T14:50:26.391+0000][2959.500s][info ][safepoint     ] Entering safepoint region: Cleanup
[2023-10-17T14:50:26.393+0000][2959.502s][info ][safepoint     ] Leaving safepoint region
[2023-10-17T14:50:26.393+0000][2959.502s][info ][safepoint     ] Total time for which application threads were stopped: 0.0024277 seconds, Stopping threads took: 0.0011019 seconds
[2023-10-17T14:50:27.394+0000][2960.503s][debug][safepoint     ] Safepoint synchronization initiated. (182 threads)
[2023-10-17T14:50:27.395+0000][2960.504s][info ][safepoint     ] Application time: 1.0010019 seconds
[2023-10-17T14:50:27.396+0000][2960.505s][info ][safepoint     ] Entering safepoint region: Cleanup
[2023-10-17T14:50:27.397+0000][2960.506s][info ][safepoint     ] Leaving safepoint region
[2023-10-17T14:50:27.398+0000][2960.507s][info ][safepoint     ] Total time for which application threads were stopped: 0.0019699 seconds, Stopping threads took: 0.0009357 seconds
[2023-10-17T14:50:28.399+0000][2961.508s][debug][safepoint     ] Safepoint synchronization initiated. (182 threads)
[2023-10-17T14:50:28.400+0000][2961.509s][info ][safepoint     ] Application time: 1.0014610 seconds
[2023-10-17T14:50:28.401+0000][2961.510s][info ][safepoint     ] Entering safepoint region: Cleanup
[2023-10-17T14:50:28.402+0000][2961.511s][info ][safepoint     ] Leaving safepoint region
[2023-10-17T14:50:28.403+0000][2961.512s][info ][safepoint     ] Total time for which application threads were stopped: 0.0021079 seconds, Stopping threads took: 0.0009673 seconds
[2023-10-17T14:50:29.404+0000][2962.513s][debug][safepoint     ] Safepoint synchronization initiated. (182 threads)
[2023-10-17T14:50:29.406+0000][2962.515s][info ][safepoint     ] Application time: 1.0016411 seconds
[2023-10-17T14:50:29.407+0000][2962.516s][info ][safepoint     ] Entering safepoint region: Cleanup
[2023-10-17T14:50:29.408+0000][2962.517s][info ][safepoint     ] Leaving safepoint region
[2023-10-17T14:50:29.408+0000][2962.517s][info ][safepoint     ] Total time for which application threads were stopped: 0.0018077 seconds, Stopping threads took: 0.0007991 seconds
[2023-10-17T14:50:30.409+0000][2963.518s][debug][safepoint     ] Safepoint synchronization initiated. (182 threads)
[2023-10-17T14:50:30.411+0000][2963.520s][info ][safepoint     ] Application time: 1.0015930 seconds
[2023-10-17T14:50:30.412+0000][2963.521s][info ][safepoint     ] Entering safepoint region: Cleanup
[2023-10-17T14:50:30.413+0000][2963.522s][info ][safepoint     ] Leaving safepoint region
[2023-10-17T14:50:30.413+0000][2963.522s][info ][safepoint     ] Total time for which application threads were stopped: 0.0020075 seconds, Stopping threads took: 0.0009293 seconds
[2023-10-17T14:50:31.414+0000][2964.524s][debug][safepoint     ] Safepoint synchronization initiated. (182 threads)
[2023-10-17T14:50:31.416+0000][2964.525s][info ][safepoint     ] Application time: 1.0012945 seconds
[2023-10-17T14:50:31.416+0000][2964.525s][info ][safepoint     ] Entering safepoint region: Cleanup
[2023-10-17T14:50:31.417+0000][2964.526s][info ][safepoint     ] Leaving safepoint region
[2023-10-17T14:50:31.418+0000][2964.527s][info ][safepoint     ] Total time for which application threads were stopped: 0.0016852 seconds, Stopping threads took: 0.0007619 seconds
[2023-10-17T14:50:32.419+0000][2965.528s][debug][safepoint     ] Safepoint synchronization initiated. (182 threads)
[2023-10-17T14:50:32.420+0000][2965.529s][info ][safepoint     ] Application time: 1.0011683 seconds
[2023-10-17T14:50:32.421+0000][2965.530s][info ][safepoint     ] Entering safepoint region: Cleanup
[2023-10-17T14:50:32.422+0000][2965.531s][info ][safepoint     ] Leaving safepoint region
[2023-10-17T14:50:32.423+0000][2965.532s][info ][safepoint     ] Total time for which application threads were stopped: 0.0018437 seconds, Stopping threads took: 0.0007831 seconds
[2023-10-17T14:50:33.424+0000][2966.533s][debug][safepoint     ] Safepoint synchronization initiated. (182 threads)
[2023-10-17T14:50:33.425+0000][2966.534s][info ][safepoint     ] Application time: 1.0013031 seconds
[2023-10-17T14:50:33.426+0000][2966.535s][info ][safepoint     ] Entering safepoint region: Cleanup
[2023-10-17T14:50:33.427+0000][2966.536s][info ][safepoint     ] Leaving safepoint region
[2023-10-17T14:50:33.427+0000][2966.536s][info ][safepoint     ] Total time for which application threads were stopped: 0.0015519 seconds, Stopping threads took: 0.0005907 seconds
[2023-10-17T14:50:34.429+0000][2967.538s][debug][safepoint     ] Safepoint synchronization initiated. (182 threads)
[2023-10-17T14:50:34.430+0000][2967.539s][info ][safepoint     ] Application time: 1.0014440 seconds
[2023-10-17T14:50:34.431+0000][2967.540s][info ][safepoint     ] Entering safepoint region: Cleanup
[2023-10-17T14:50:34.432+0000][2967.541s][info ][safepoint     ] Leaving safepoint region
[2023-10-17T14:50:34.433+0000][2967.542s][info ][safepoint     ] Total time for which application threads were stopped: 0.0021253 seconds, Stopping threads took: 0.0008244 seconds
[2023-10-17T14:50:35.434+0000][2968.543s][debug][safepoint     ] Safepoint synchronization initiated. (182 threads)
[2023-10-17T14:50:35.435+0000][2968.544s][info ][safepoint     ] Application time: 1.0015549 seconds
[2023-10-17T14:50:35.436+0000][2968.545s][info ][safepoint     ] Entering safepoint region: Cleanup
[2023-10-17T14:50:35.437+0000][2968.546s][info ][safepoint     ] Leaving safepoint region
[2023-10-17T14:50:35.438+0000][2968.547s][info ][safepoint     ] Total time for which application threads were stopped: 0.0022679 seconds, Stopping threads took: 0.0009333 seconds
[2023-10-17T14:50:36.440+0000][2969.549s][debug][safepoint     ] Safepoint synchronization initiated. (182 threads)
[2023-10-17T14:50:36.440+0000][2969.550s][info ][safepoint     ] Application time: 1.0011667 seconds
[2023-10-17T14:50:36.442+0000][2969.551s][info ][safepoint     ] Entering safepoint region: Cleanup
[2023-10-17T14:50:36.443+0000][2969.552s][info ][safepoint     ] Leaving safepoint region
[2023-10-17T14:50:36.443+0000][2969.552s][info ][safepoint     ] Total time for which application threads were stopped: 0.0016886 seconds, Stopping threads took: 0.0007431 seconds
[2023-10-17T14:50:37.444+0000][2970.553s][debug][safepoint     ] Safepoint synchronization initiated. (182 threads)
[2023-10-17T14:50:37.445+0000][2970.554s][info ][safepoint     ] Application time: 1.0013163 seconds
[2023-10-17T14:50:37.446+0000][2970.555s][info ][safepoint     ] Entering safepoint region: Cleanup
[2023-10-17T14:50:37.447+0000][2970.556s][info ][safepoint     ] Leaving safepoint region
[2023-10-17T14:50:37.448+0000][2970.557s][info ][safepoint     ] Total time for which application threads were stopped: 0.0016369 seconds, Stopping threads took: 0.0006326 seconds
[2023-10-17T14:50:38.449+0000][2971.558s][debug][safepoint     ] Safepoint synchronization initiated. (182 threads)
[2023-10-17T14:50:38.450+0000][2971.559s][info ][safepoint     ] Application time: 1.0012088 seconds
[2023-10-17T14:50:38.450+0000][2971.559s][info ][safepoint     ] Entering safepoint region: Cleanup
[2023-10-17T14:50:38.451+0000][2971.560s][info ][safepoint     ] Leaving safepoint region
[2023-10-17T14:50:38.452+0000][2971.561s][info ][safepoint     ] Total time for which application threads were stopped: 0.0015287 seconds, Stopping threads took: 0.0007811 seconds
[2023-10-17T14:50:39.453+0000][2972.562s][debug][safepoint     ] Safepoint synchronization initiated. (182 threads)
[2023-10-17T14:50:39.454+0000][2972.563s][info ][safepoint     ] Application time: 1.0013697 seconds
[2023-10-17T14:50:39.455+0000][2972.564s][info ][safepoint     ] Entering safepoint region: Cleanup
[2023-10-17T14:50:39.456+0000][2972.565s][info ][safepoint     ] Leaving safepoint region
[2023-10-17T14:50:39.457+0000][2972.567s][info ][safepoint     ] Total time for which application threads were stopped: 0.0025942 seconds, Stopping threads took: 0.0011219 seconds
[2023-10-17T14:50:40.459+0000][2973.568s][debug][safepoint     ] Safepoint synchronization initiated. (182 threads)
[2023-10-17T14:50:40.460+0000][2973.569s][info ][safepoint     ] Application time: 1.0013679 seconds
[2023-10-17T14:50:40.461+0000][2973.570s][info ][safepoint     ] Entering safepoint region: Cleanup
[2023-10-17T14:50:40.462+0000][2973.572s][info ][safepoint     ] Leaving safepoint region
[2023-10-17T14:50:40.463+0000][2973.572s][info ][safepoint     ] Total time for which application threads were stopped: 0.0026776 seconds, Stopping threads took: 0.0012172 seconds
[2023-10-17T14:50:41.464+0000][2974.574s][debug][safepoint     ] Safepoint synchronization initiated. (182 threads)
[2023-10-17T14:50:41.466+0000][2974.575s][info ][safepoint     ] Application time: 1.0012802 seconds
[2023-10-17T14:50:41.466+0000][2974.576s][info ][safepoint     ] Entering safepoint region: Cleanup
[2023-10-17T14:50:41.468+0000][2974.577s][info ][safepoint     ] Leaving safepoint region
[2023-10-17T14:50:41.469+0000][2974.578s][info ][safepoint     ] Total time for which application threads were stopped: 0.0021456 seconds, Stopping threads took: 0.0008129 seconds
[2023-10-17T14:50:42.470+0000][2975.579s][debug][safepoint     ] Safepoint synchronization initiated. (182 threads)
[2023-10-17T14:50:42.471+0000][2975.580s][info ][safepoint     ] Application time: 1.0015885 seconds
[2023-10-17T14:50:42.472+0000][2975.581s][info ][safepoint     ] Entering safepoint region: Cleanup
[2023-10-17T14:50:42.474+0000][2975.583s][info ][safepoint     ] Leaving safepoint region
[2023-10-17T14:50:42.475+0000][2975.584s][info ][safepoint     ] Total time for which application threads were stopped: 0.0023778 seconds, Stopping threads took: 0.0010869 seconds
[2023-10-17T14:50:42.645+0000][2975.754s][debug][safepoint     ] Safepoint synchronization initiated. (182 threads)
[2023-10-17T14:50:42.646+0000][2975.755s][info ][safepoint     ] Application time: 0.1702628 seconds
[2023-10-17T14:50:42.646+0000][2975.755s][info ][safepoint     ] Entering safepoint region: G1CollectForAllocation
[2023-10-17T14:50:42.648+0000][2975.757s][info ][gc,start      ] GC(82) Pause Young (Normal) (G1 Evacuation Pause)
[2023-10-17T14:50:42.648+0000][2975.758s][info ][gc,task       ] GC(82) Using 8 workers of 8 for evacuation
[2023-10-17T14:50:42.667+0000][2975.776s][info ][gc,phases     ] GC(82)   Pre Evacuate Collection Set: 0.1ms
[2023-10-17T14:50:42.668+0000][2975.777s][info ][gc,phases     ] GC(82)   Evacuate Collection Set: 12.9ms
[2023-10-17T14:50:42.669+0000][2975.778s][info ][gc,phases     ] GC(82)   Post Evacuate Collection Set: 4.7ms
[2023-10-17T14:50:42.669+0000][2975.779s][info ][gc,phases     ] GC(82)   Other: 1.9ms
[2023-10-17T14:50:42.670+0000][2975.779s][info ][gc,heap       ] GC(82) Eden regions: 189->0(190)
[2023-10-17T14:50:42.671+0000][2975.780s][info ][gc,heap       ] GC(82) Survivor regions: 8->7(25)
[2023-10-17T14:50:42.671+0000][2975.780s][info ][gc,heap       ] GC(82) Old regions: 168->169
[2023-10-17T14:50:42.672+0000][2975.781s][info ][gc,heap       ] GC(82) Humongous regions: 0->0
[2023-10-17T14:50:42.673+0000][2975.782s][info ][gc,metaspace  ] GC(82) Metaspace: 182869K(197620K)->182869K(197620K) NonClass: 161903K(173556K)->161903K(173556K) Class: 20965K(24064K)->20965K(24064K)
[2023-10-17T14:50:42.674+0000][2975.783s][info ][gc            ] GC(82) Pause Young (Normal) (G1 Evacuation Pause) 362M->173M(415M) 26.069ms
[2023-10-17T14:50:42.674+0000][2975.784s][info ][gc,cpu        ] GC(82) User=0.13s Sys=0.00s Real=0.03s
[2023-10-17T14:50:42.675+0000][2975.784s][info ][safepoint     ] Leaving safepoint region
[2023-10-17T14:50:42.676+0000][2975.785s][info ][safepoint     ] Total time for which application threads were stopped: 0.0295571 seconds, Stopping threads took: 0.0009908 seconds
[2023-10-17T14:50:42.676+0000][2975.785s][info ][gc,stringdedup] Concurrent String Deduplication (2975.785s)
[2023-10-17T14:50:42.678+0000][2975.787s][info ][gc,stringdedup] Concurrent String Deduplication 15408.0B->7480.0B(7928.0B) avg 53.4% (2975.785s, 2975.787s) 1.242ms
[2023-10-17T14:50:43.677+0000][2976.786s][debug][safepoint     ] Safepoint synchronization initiated. (182 threads)
[2023-10-17T14:50:43.678+0000][2976.787s][info ][safepoint     ] Application time: 1.0012238 seconds
[2023-10-17T14:50:43.678+0000][2976.787s][info ][safepoint     ] Entering safepoint region: Cleanup
[2023-10-17T14:50:43.679+0000][2976.788s][info ][safepoint     ] Leaving safepoint region
[2023-10-17T14:50:43.680+0000][2976.789s][info ][safepoint     ] Total time for which application threads were stopped: 0.0018279 seconds, Stopping threads took: 0.0007480 seconds
[2023-10-17T14:50:44.681+0000][2977.790s][debug][safepoint     ] Safepoint synchronization initiated. (182 threads)
[2023-10-17T14:50:44.682+0000][2977.792s][info ][safepoint     ] Application time: 1.0015114 seconds
[2023-10-17T14:50:44.683+0000][2977.792s][info ][safepoint     ] Entering safepoint region: Cleanup
[2023-10-17T14:50:44.685+0000][2977.794s][info ][safepoint     ] Leaving safepoint region
[2023-10-17T14:50:44.686+0000][2977.795s][info ][safepoint     ] Total time for which application threads were stopped: 0.0023867 seconds, Stopping threads took: 0.0006957 seconds
[2023-10-17T14:50:45.686+0000][2978.795s][debug][safepoint     ] Safepoint synchronization initiated. (182 threads)
[2023-10-17T14:50:45.687+0000][2978.796s][info ][safepoint     ] Application time: 1.0007395 seconds
[2023-10-17T14:50:45.688+0000][2978.797s][info ][safepoint     ] Entering safepoint region: Cleanup
[2023-10-17T14:50:45.689+0000][2978.798s][info ][safepoint     ] Leaving safepoint region
[2023-10-17T14:50:45.690+0000][2978.799s][info ][safepoint     ] Total time for which application threads were stopped: 0.0023441 seconds, Stopping threads took: 0.0012144 seconds
[2023-10-17T14:50:46.691+0000][2979.800s][debug][safepoint     ] Safepoint synchronization initiated. (182 threads)
[2023-10-17T14:50:46.692+0000][2979.801s][info ][safepoint     ] Application time: 1.0014304 seconds
[2023-10-17T14:50:46.693+0000][2979.802s][info ][safepoint     ] Entering safepoint region: Cleanup
[2023-10-17T14:50:46.694+0000][2979.803s][info ][safepoint     ] Leaving safepoint region
[2023-10-17T14:50:46.695+0000][2979.804s][info ][safepoint     ] Total time for which application threads were stopped: 0.0017058 seconds, Stopping threads took: 0.0008170 seconds
[2023-10-17T14:50:47.696+0000][2980.805s][debug][safepoint     ] Safepoint synchronization initiated. (182 threads)
[2023-10-17T14:50:47.698+0000][2980.807s][info ][safepoint     ] Application time: 1.0020291 seconds
[2023-10-17T14:50:47.698+0000][2980.807s][info ][safepoint     ] Entering safepoint region: Cleanup
[2023-10-17T14:50:47.699+0000][2980.808s][info ][safepoint     ] Leaving safepoint region
[2023-10-17T14:50:47.700+0000][2980.809s][info ][safepoint     ] Total time for which application threads were stopped: 0.0018089 seconds, Stopping threads took: 0.0008500 seconds
[2023-10-17T14:50:48.701+0000][2981.810s][debug][safepoint     ] Safepoint synchronization initiated. (182 threads)
[2023-10-17T14:50:48.702+0000][2981.811s][info ][safepoint     ] Application time: 1.0014407 seconds
[2023-10-17T14:50:48.703+0000][2981.812s][info ][safepoint     ] Entering safepoint region: Cleanup
[2023-10-17T14:50:48.706+0000][2981.815s][info ][safepoint     ] Leaving safepoint region
[2023-10-17T14:50:48.706+0000][2981.816s][info ][safepoint     ] Total time for which application threads were stopped: 0.0031723 seconds, Stopping threads took: 0.0009523 seconds
[2023-10-17T14:50:49.708+0000][2982.817s][debug][safepoint     ] Safepoint synchronization initiated. (182 threads)
[2023-10-17T14:50:49.708+0000][2982.818s][info ][safepoint     ] Application time: 1.0012232 seconds
[2023-10-17T14:50:49.709+0000][2982.818s][info ][safepoint     ] Entering safepoint region: Cleanup
[2023-10-17T14:50:49.710+0000][2982.819s][info ][safepoint     ] Leaving safepoint region
[2023-10-17T14:50:49.710+0000][2982.819s][info ][safepoint     ] Total time for which application threads were stopped: 0.0013776 seconds, Stopping threads took: 0.0006029 seconds
[2023-10-17T14:50:50.711+0000][2983.820s][debug][safepoint     ] Safepoint synchronization initiated. (182 threads)
[2023-10-17T14:50:50.713+0000][2983.822s][info ][safepoint     ] Application time: 1.0020419 seconds
[2023-10-17T14:50:50.714+0000][2983.823s][info ][safepoint     ] Entering safepoint region: Cleanup
[2023-10-17T14:50:50.715+0000][2983.824s][info ][safepoint     ] Leaving safepoint region
[2023-10-17T14:50:50.715+0000][2983.824s][info ][safepoint     ] Total time for which application threads were stopped: 0.0014698 seconds, Stopping threads took: 0.0006896 seconds
[2023-10-17T14:50:51.716+0000][2984.825s][debug][safepoint     ] Safepoint synchronization initiated. (182 threads)
[2023-10-17T14:50:51.718+0000][2984.827s][info ][safepoint     ] Application time: 1.0021049 seconds
[2023-10-17T14:50:51.720+0000][2984.829s][info ][safepoint     ] Entering safepoint region: Cleanup
[2023-10-17T14:50:51.721+0000][2984.830s][info ][safepoint     ] Leaving safepoint region
[2023-10-17T14:50:51.723+0000][2984.832s][info ][safepoint     ] Total time for which application threads were stopped: 0.0031502 seconds, Stopping threads took: 0.0013692 seconds
[2023-10-17T14:50:52.724+0000][2985.833s][debug][safepoint     ] Safepoint synchronization initiated. (182 threads)
[2023-10-17T14:50:52.725+0000][2985.834s][info ][safepoint     ] Application time: 1.0015763 seconds
[2023-10-17T14:50:52.728+0000][2985.837s][info ][safepoint     ] Entering safepoint region: Cleanup
[2023-10-17T14:50:52.730+0000][2985.839s][info ][safepoint     ] Leaving safepoint region
[2023-10-17T14:50:52.732+0000][2985.841s][info ][safepoint     ] Total time for which application threads were stopped: 0.0043977 seconds, Stopping threads took: 0.0012549 seconds
[2023-10-17T14:50:53.733+0000][2986.842s][debug][safepoint     ] Safepoint synchronization initiated. (182 threads)
[2023-10-17T14:50:53.735+0000][2986.844s][info ][safepoint     ] Application time: 1.0019903 seconds
[2023-10-17T14:50:53.736+0000][2986.845s][info ][safepoint     ] Entering safepoint region: Cleanup
[2023-10-17T14:50:53.739+0000][2986.848s][info ][safepoint     ] Leaving safepoint region
[2023-10-17T14:50:53.740+0000][2986.849s][info ][safepoint     ] Total time for which application threads were stopped: 0.0040916 seconds, Stopping threads took: 0.0024504 seconds
[2023-10-17T14:50:54.741+0000][2987.850s][debug][safepoint     ] Safepoint synchronization initiated. (182 threads)
[2023-10-17T14:50:54.742+0000][2987.851s][info ][safepoint     ] Application time: 1.0011894 seconds
[2023-10-17T14:50:54.742+0000][2987.851s][info ][safepoint     ] Entering safepoint region: Cleanup
[2023-10-17T14:50:54.744+0000][2987.853s][info ][safepoint     ] Leaving safepoint region
[2023-10-17T14:50:54.746+0000][2987.855s][info ][safepoint     ] Total time for which application threads were stopped: 0.0032245 seconds, Stopping threads took: 0.0014289 seconds
[2023-10-17T14:50:55.747+0000][2988.856s][debug][safepoint     ] Safepoint synchronization initiated. (182 threads)
[2023-10-17T14:50:55.747+0000][2988.856s][info ][safepoint     ] Application time: 1.0007708 seconds
[2023-10-17T14:50:55.748+0000][2988.857s][info ][safepoint     ] Entering safepoint region: Cleanup
[2023-10-17T14:50:55.749+0000][2988.858s][info ][safepoint     ] Leaving safepoint region
[2023-10-17T14:50:55.750+0000][2988.859s][info ][safepoint     ] Total time for which application threads were stopped: 0.0022500 seconds, Stopping threads took: 0.0010677 seconds
[2023-10-17T14:50:56.751+0000][2989.860s][debug][safepoint     ] Safepoint synchronization initiated. (182 threads)
[2023-10-17T14:50:56.752+0000][2989.861s][info ][safepoint     ] Application time: 1.0009227 seconds
[2023-10-17T14:50:56.753+0000][2989.862s][info ][safepoint     ] Entering safepoint region: Cleanup
[2023-10-17T14:50:56.754+0000][2989.863s][info ][safepoint     ] Leaving safepoint region
[2023-10-17T14:50:56.754+0000][2989.863s][info ][safepoint     ] Total time for which application threads were stopped: 0.0016924 seconds, Stopping threads took: 0.0007384 seconds
[2023-10-17T14:50:57.756+0000][2990.865s][debug][safepoint     ] Safepoint synchronization initiated. (182 threads)
[2023-10-17T14:50:57.756+0000][2990.866s][info ][safepoint     ] Application time: 1.0012962 seconds
[2023-10-17T14:50:57.758+0000][2990.867s][info ][safepoint     ] Entering safepoint region: Cleanup
[2023-10-17T14:50:57.759+0000][2990.868s][info ][safepoint     ] Leaving safepoint region
[2023-10-17T14:50:57.759+0000][2990.868s][info ][safepoint     ] Total time for which application threads were stopped: 0.0017409 seconds, Stopping threads took: 0.0008450 seconds
[2023-10-17T14:50:58.760+0000][2991.869s][debug][safepoint     ] Safepoint synchronization initiated. (182 threads)
[2023-10-17T14:50:58.761+0000][2991.870s][info ][safepoint     ] Application time: 1.0013444 seconds
[2023-10-17T14:50:58.762+0000][2991.871s][info ][safepoint     ] Entering safepoint region: Cleanup
[2023-10-17T14:50:58.764+0000][2991.874s][info ][safepoint     ] Leaving safepoint region
[2023-10-17T14:50:58.766+0000][2991.875s][info ][safepoint     ] Total time for which application threads were stopped: 0.0033408 seconds, Stopping threads took: 0.0018145 seconds
[2023-10-17T14:50:59.767+0000][2992.876s][debug][safepoint     ] Safepoint synchronization initiated. (182 threads)
[2023-10-17T14:50:59.767+0000][2992.876s][info ][safepoint     ] Application time: 1.0009502 seconds
[2023-10-17T14:50:59.768+0000][2992.877s][info ][safepoint     ] Entering safepoint region: Cleanup
[2023-10-17T14:50:59.769+0000][2992.878s][info ][safepoint     ] Leaving safepoint region
[2023-10-17T14:50:59.770+0000][2992.879s][info ][safepoint     ] Total time for which application threads were stopped: 0.0023788 seconds, Stopping threads took: 0.0010646 seconds
[2023-10-17T14:51:00.771+0000][2993.880s][debug][safepoint     ] Safepoint synchronization initiated. (182 threads)
[2023-10-17T14:51:00.772+0000][2993.881s][info ][safepoint     ] Application time: 1.0010004 seconds
[2023-10-17T14:51:00.773+0000][2993.882s][info ][safepoint     ] Entering safepoint region: Cleanup
[2023-10-17T14:51:00.774+0000][2993.883s][info ][safepoint     ] Leaving safepoint region
[2023-10-17T14:51:00.775+0000][2993.884s][info ][safepoint     ] Total time for which application threads were stopped: 0.0022125 seconds, Stopping threads took: 0.0008276 seconds
[2023-10-17T14:51:01.776+0000][2994.885s][debug][safepoint     ] Safepoint synchronization initiated. (182 threads)
[2023-10-17T14:51:01.777+0000][2994.886s][info ][safepoint     ] Application time: 1.0017246 seconds
[2023-10-17T14:51:01.778+0000][2994.887s][info ][safepoint     ] Entering safepoint region: Cleanup
[2023-10-17T14:51:01.779+0000][2994.888s][info ][safepoint     ] Leaving safepoint region
[2023-10-17T14:51:01.780+0000][2994.889s][info ][safepoint     ] Total time for which application threads were stopped: 0.0021538 seconds, Stopping threads took: 0.0008449 seconds
[2023-10-17T14:51:02.782+0000][2995.891s][debug][safepoint     ] Safepoint synchronization initiated. (182 threads)
[2023-10-17T14:51:02.782+0000][2995.892s][info ][safepoint     ] Application time: 1.0012013 seconds
[2023-10-17T14:51:02.783+0000][2995.892s][info ][safepoint     ] Entering safepoint region: Cleanup
[2023-10-17T14:51:02.784+0000][2995.894s][info ][safepoint     ] Leaving safepoint region
[2023-10-17T14:51:02.785+0000][2995.894s][info ][safepoint     ] Total time for which application threads were stopped: 0.0017932 seconds, Stopping threads took: 0.0008610 seconds
[2023-10-17T14:51:03.786+0000][2996.895s][debug][safepoint     ] Safepoint synchronization initiated. (182 threads)
[2023-10-17T14:51:03.787+0000][2996.897s][info ][safepoint     ] Application time: 1.0016031 seconds
[2023-10-17T14:51:03.789+0000][2996.898s][info ][safepoint     ] Entering safepoint region: Cleanup
[2023-10-17T14:51:03.790+0000][2996.899s][info ][safepoint     ] Leaving safepoint region
[2023-10-17T14:51:03.791+0000][2996.900s][info ][safepoint     ] Total time for which application threads were stopped: 0.0023387 seconds, Stopping threads took: 0.0011539 seconds
[2023-10-17T14:51:04.792+0000][2997.901s][debug][safepoint     ] Safepoint synchronization initiated. (182 threads)
[2023-10-17T14:51:04.792+0000][2997.901s][info ][safepoint     ] Application time: 1.0008443 seconds
[2023-10-17T14:51:04.793+0000][2997.902s][info ][safepoint     ] Entering safepoint region: Cleanup
[2023-10-17T14:51:04.794+0000][2997.903s][info ][safepoint     ] Leaving safepoint region
[2023-10-17T14:51:04.795+0000][2997.904s][info ][safepoint     ] Total time for which application threads were stopped: 0.0015234 seconds, Stopping threads took: 0.0007209 seconds
[2023-10-17T14:51:05.796+0000][2998.905s][debug][safepoint     ] Safepoint synchronization initiated. (182 threads)
[2023-10-17T14:51:05.797+0000][2998.906s][info ][safepoint     ] Application time: 1.0010080 seconds
[2023-10-17T14:51:05.798+0000][2998.907s][info ][safepoint     ] Entering safepoint region: Cleanup
[2023-10-17T14:51:05.798+0000][2998.907s][info ][safepoint     ] Leaving safepoint region
[2023-10-17T14:51:05.799+0000][2998.908s][info ][safepoint     ] Total time for which application threads were stopped: 0.0015271 seconds, Stopping threads took: 0.0006110 seconds
[2023-10-17T14:51:06.800+0000][2999.909s][debug][safepoint     ] Safepoint synchronization initiated. (182 threads)
[2023-10-17T14:51:06.801+0000][2999.910s][info ][safepoint     ] Application time: 1.0011738 seconds
[2023-10-17T14:51:06.802+0000][2999.911s][info ][safepoint     ] Entering safepoint region: Cleanup
[2023-10-17T14:51:06.802+0000][2999.912s][info ][safepoint     ] Leaving safepoint region
[2023-10-17T14:51:06.803+0000][2999.912s][info ][safepoint     ] Total time for which application threads were stopped: 0.0017041 seconds, Stopping threads took: 0.0007399 seconds
[2023-10-17T14:51:07.804+0000][3000.913s][debug][safepoint     ] Safepoint synchronization initiated. (182 threads)
[2023-10-17T14:51:07.805+0000][3000.914s][info ][safepoint     ] Application time: 1.0009587 seconds
[2023-10-17T14:51:07.806+0000][3000.915s][info ][safepoint     ] Entering safepoint region: Cleanup
[2023-10-17T14:51:07.807+0000][3000.916s][info ][safepoint     ] Leaving safepoint region
[2023-10-17T14:51:07.807+0000][3000.916s][info ][safepoint     ] Total time for which application threads were stopped: 0.0015973 seconds, Stopping threads took: 0.0008498 seconds
[2023-10-17T14:51:08.808+0000][3001.917s][debug][safepoint     ] Safepoint synchronization initiated. (182 threads)
[2023-10-17T14:51:08.810+0000][3001.919s][info ][safepoint     ] Application time: 1.0025486 seconds
[2023-10-17T14:51:08.812+0000][3001.921s][info ][safepoint     ] Entering safepoint region: Cleanup
[2023-10-17T14:51:08.813+0000][3001.922s][info ][safepoint     ] Leaving safepoint region
[2023-10-17T14:51:08.816+0000][3001.925s][info ][safepoint     ] Total time for which application threads were stopped: 0.0049986 seconds, Stopping threads took: 0.0014953 seconds
[2023-10-17T14:51:09.818+0000][3002.927s][debug][safepoint     ] Safepoint synchronization initiated. (182 threads)
[2023-10-17T14:51:09.818+0000][3002.927s][info ][safepoint     ] Application time: 1.0010231 seconds
[2023-10-17T14:51:09.819+0000][3002.928s][info ][safepoint     ] Entering safepoint region: Cleanup
[2023-10-17T14:51:09.820+0000][3002.929s][info ][safepoint     ] Leaving safepoint region
[2023-10-17T14:51:09.820+0000][3002.930s][info ][safepoint     ] Total time for which application threads were stopped: 0.0015241 seconds, Stopping threads took: 0.0006411 seconds
[2023-10-17T14:51:10.821+0000][3003.930s][debug][safepoint     ] Safepoint synchronization initiated. (182 threads)
[2023-10-17T14:51:10.822+0000][3003.931s][info ][safepoint     ] Application time: 1.0012154 seconds
[2023-10-17T14:51:10.823+0000][3003.932s][info ][safepoint     ] Entering safepoint region: Cleanup
[2023-10-17T14:51:10.824+0000][3003.933s][info ][safepoint     ] Leaving safepoint region
[2023-10-17T14:51:10.825+0000][3003.934s][info ][safepoint     ] Total time for which application threads were stopped: 0.0017170 seconds, Stopping threads took: 0.0006439 seconds
[2023-10-17T14:51:11.826+0000][3004.935s][debug][safepoint     ] Safepoint synchronization initiated. (182 threads)
[2023-10-17T14:51:11.828+0000][3004.937s][info ][safepoint     ] Application time: 1.0026081 seconds
[2023-10-17T14:51:11.829+0000][3004.938s][info ][safepoint     ] Entering safepoint region: Cleanup
[2023-10-17T14:51:11.831+0000][3004.940s][info ][safepoint     ] Leaving safepoint region
[2023-10-17T14:51:11.831+0000][3004.940s][info ][safepoint     ] Total time for which application threads were stopped: 0.0022958 seconds, Stopping threads took: 0.0008818 seconds
[2023-10-17T14:51:12.833+0000][3005.942s][debug][safepoint     ] Safepoint synchronization initiated. (182 threads)
[2023-10-17T14:51:12.834+0000][3005.943s][info ][safepoint     ] Application time: 1.0013643 seconds
[2023-10-17T14:51:12.835+0000][3005.944s][info ][safepoint     ] Entering safepoint region: Cleanup
[2023-10-17T14:51:12.836+0000][3005.945s][info ][safepoint     ] Leaving safepoint region
[2023-10-17T14:51:12.837+0000][3005.946s][info ][safepoint     ] Total time for which application threads were stopped: 0.0022652 seconds, Stopping threads took: 0.0007732 seconds
[2023-10-17T14:51:13.839+0000][3006.948s][debug][safepoint     ] Safepoint synchronization initiated. (182 threads)
[2023-10-17T14:51:13.840+0000][3006.949s][info ][safepoint     ] Application time: 1.0015243 seconds
[2023-10-17T14:51:13.842+0000][3006.951s][info ][safepoint     ] Entering safepoint region: Cleanup
[2023-10-17T14:51:13.843+0000][3006.952s][info ][safepoint     ] Leaving safepoint region
[2023-10-17T14:51:13.844+0000][3006.953s][info ][safepoint     ] Total time for which application threads were stopped: 0.0028559 seconds, Stopping threads took: 0.0013033 seconds
[2023-10-17T14:51:14.846+0000][3007.955s][debug][safepoint     ] Safepoint synchronization initiated. (182 threads)
[2023-10-17T14:51:14.847+0000][3007.956s][info ][safepoint     ] Application time: 1.0018950 seconds
[2023-10-17T14:51:14.848+0000][3007.957s][info ][safepoint     ] Entering safepoint region: Cleanup
[2023-10-17T14:51:14.850+0000][3007.960s][info ][safepoint     ] Leaving safepoint region
[2023-10-17T14:51:14.852+0000][3007.961s][info ][safepoint     ] Total time for which application threads were stopped: 0.0034194 seconds, Stopping threads took: 0.0017182 seconds
[2023-10-17T14:51:15.853+0000][3008.962s][debug][safepoint     ] Safepoint synchronization initiated. (182 threads)
[2023-10-17T14:51:15.854+0000][3008.964s][info ][safepoint     ] Application time: 1.0017391 seconds
[2023-10-17T14:51:15.855+0000][3008.964s][info ][safepoint     ] Entering safepoint region: Cleanup
[2023-10-17T14:51:15.857+0000][3008.966s][info ][safepoint     ] Leaving safepoint region
[2023-10-17T14:51:15.858+0000][3008.967s][info ][safepoint     ] Total time for which application threads were stopped: 0.0022905 seconds, Stopping threads took: 0.0009541 seconds
[2023-10-17T14:51:16.859+0000][3009.968s][debug][safepoint     ] Safepoint synchronization initiated. (182 threads)
[2023-10-17T14:51:16.860+0000][3009.969s][info ][safepoint     ] Application time: 1.0014057 seconds
[2023-10-17T14:51:16.861+0000][3009.970s][info ][safepoint     ] Entering safepoint region: Cleanup
[2023-10-17T14:51:16.862+0000][3009.971s][info ][safepoint     ] Leaving safepoint region
[2023-10-17T14:51:16.863+0000][3009.972s][info ][safepoint     ] Total time for which application threads were stopped: 0.0018833 seconds, Stopping threads took: 0.0008659 seconds
[2023-10-17T14:51:17.864+0000][3010.973s][debug][safepoint     ] Safepoint synchronization initiated. (182 threads)
[2023-10-17T14:51:17.865+0000][3010.974s][info ][safepoint     ] Application time: 1.0012230 seconds
[2023-10-17T14:51:17.865+0000][3010.974s][info ][safepoint     ] Entering safepoint region: Cleanup
[2023-10-17T14:51:17.866+0000][3010.975s][info ][safepoint     ] Leaving safepoint region
[2023-10-17T14:51:17.867+0000][3010.976s][info ][safepoint     ] Total time for which application threads were stopped: 0.0016146 seconds, Stopping threads took: 0.0007833 seconds
[2023-10-17T14:51:18.868+0000][3011.977s][debug][safepoint     ] Safepoint synchronization initiated. (182 threads)
[2023-10-17T14:51:18.869+0000][3011.978s][info ][safepoint     ] Application time: 1.0013315 seconds
[2023-10-17T14:51:18.870+0000][3011.979s][info ][safepoint     ] Entering safepoint region: Cleanup
[2023-10-17T14:51:18.871+0000][3011.980s][info ][safepoint     ] Leaving safepoint region
[2023-10-17T14:51:18.872+0000][3011.981s][info ][safepoint     ] Total time for which application threads were stopped: 0.0018321 seconds, Stopping threads took: 0.0009107 seconds
[2023-10-17T14:51:18.871+0000][3011.980s][debug][safepoint     ] ... found polling page return exception at pc = 0x00007fc1a54a9604, stub =0x00007fc19c840600
[2023-10-17T14:51:18.871+0000][3011.980s][debug][safepoint     ] ... found polling page return exception at pc = 0x00007fc1a54a9604, stub =0x00007fc19c840600
[2023-10-17T14:51:18.871+0000][3011.980s][debug][safepoint     ] ... found polling page return exception at pc = 0x00007fc1a54a9604, stub =0x00007fc19c840600
[2023-10-17T14:51:19.873+0000][3012.982s][debug][safepoint     ] Safepoint synchronization initiated. (182 threads)
[2023-10-17T14:51:19.874+0000][3012.983s][info ][safepoint     ] Application time: 1.0016827 seconds
[2023-10-17T14:51:19.876+0000][3012.985s][info ][safepoint     ] Entering safepoint region: Cleanup
[2023-10-17T14:51:19.877+0000][3012.986s][info ][safepoint     ] Leaving safepoint region
[2023-10-17T14:51:19.878+0000][3012.987s][info ][safepoint     ] Total time for which application threads were stopped: 0.0025745 seconds, Stopping threads took: 0.0010897 seconds
[2023-10-17T14:51:20.879+0000][3013.988s][debug][safepoint     ] Safepoint synchronization initiated. (182 threads)
[2023-10-17T14:51:20.880+0000][3013.989s][info ][safepoint     ] Application time: 1.0016212 seconds
[2023-10-17T14:51:20.882+0000][3013.991s][info ][safepoint     ] Entering safepoint region: Cleanup
[2023-10-17T14:51:20.884+0000][3013.993s][info ][safepoint     ] Leaving safepoint region
[2023-10-17T14:51:20.885+0000][3013.994s][info ][safepoint     ] Total time for which application threads were stopped: 0.0031274 seconds, Stopping threads took: 0.0011775 seconds
[2023-10-17T14:51:21.887+0000][3014.997s][debug][safepoint     ] Safepoint synchronization initiated. (182 threads)
[2023-10-17T14:51:21.889+0000][3014.998s][info ][safepoint     ] Application time: 1.0020326 seconds
[2023-10-17T14:51:21.890+0000][3014.999s][info ][safepoint     ] Entering safepoint region: Cleanup
[2023-10-17T14:51:21.891+0000][3015.000s][info ][safepoint     ] Leaving safepoint region
[2023-10-17T14:51:21.892+0000][3015.001s][info ][safepoint     ] Total time for which application threads were stopped: 0.0024508 seconds, Stopping threads took: 0.0012281 seconds
[2023-10-17T14:51:22.893+0000][3016.002s][debug][safepoint     ] Safepoint synchronization initiated. (182 threads)
[2023-10-17T14:51:22.894+0000][3016.003s][info ][safepoint     ] Application time: 1.0011558 seconds
[2023-10-17T14:51:22.895+0000][3016.004s][info ][safepoint     ] Entering safepoint region: Cleanup
[2023-10-17T14:51:22.896+0000][3016.005s][info ][safepoint     ] Leaving safepoint region
[2023-10-17T14:51:22.896+0000][3016.005s][info ][safepoint     ] Total time for which application threads were stopped: 0.0018471 seconds, Stopping threads took: 0.0007944 seconds
[2023-10-17T14:51:23.897+0000][3017.006s][debug][safepoint     ] Safepoint synchronization initiated. (182 threads)
[2023-10-17T14:51:23.899+0000][3017.008s][info ][safepoint     ] Application time: 1.0019220 seconds
[2023-10-17T14:51:23.900+0000][3017.009s][info ][safepoint     ] Entering safepoint region: Cleanup
[2023-10-17T14:51:23.901+0000][3017.010s][info ][safepoint     ] Leaving safepoint region
[2023-10-17T14:51:23.903+0000][3017.012s][info ][safepoint     ] Total time for which application threads were stopped: 0.0027438 seconds, Stopping threads took: 0.0009032 seconds
[2023-10-17T14:51:24.904+0000][3018.013s][debug][safepoint     ] Safepoint synchronization initiated. (182 threads)
[2023-10-17T14:51:24.905+0000][3018.014s][info ][safepoint     ] Application time: 1.0010360 seconds
[2023-10-17T14:51:24.905+0000][3018.014s][info ][safepoint     ] Entering safepoint region: Cleanup
[2023-10-17T14:51:24.906+0000][3018.015s][info ][safepoint     ] Leaving safepoint region
[2023-10-17T14:51:24.907+0000][3018.016s][info ][safepoint     ] Total time for which application threads were stopped: 0.0017858 seconds, Stopping threads took: 0.0007194 seconds
[2023-10-17T14:51:25.908+0000][3019.017s][debug][safepoint     ] Safepoint synchronization initiated. (182 threads)
[2023-10-17T14:51:25.909+0000][3019.018s][info ][safepoint     ] Application time: 1.0014657 seconds
[2023-10-17T14:51:25.910+0000][3019.019s][info ][safepoint     ] Entering safepoint region: Cleanup
[2023-10-17T14:51:25.911+0000][3019.020s][info ][safepoint     ] Leaving safepoint region
[2023-10-17T14:51:25.912+0000][3019.021s][info ][safepoint     ] Total time for which application threads were stopped: 0.0023534 seconds, Stopping threads took: 0.0008086 seconds
[2023-10-17T14:51:26.914+0000][3020.023s][debug][safepoint     ] Safepoint synchronization initiated. (182 threads)
[2023-10-17T14:51:26.915+0000][3020.024s][info ][safepoint     ] Application time: 1.0018345 seconds
[2023-10-17T14:51:26.916+0000][3020.025s][info ][safepoint     ] Entering safepoint region: Cleanup
[2023-10-17T14:51:26.918+0000][3020.027s][info ][safepoint     ] Leaving safepoint region
[2023-10-17T14:51:26.919+0000][3020.028s][info ][safepoint     ] Total time for which application threads were stopped: 0.0023689 seconds, Stopping threads took: 0.0011990 seconds
[2023-10-17T14:51:27.920+0000][3021.029s][debug][safepoint     ] Safepoint synchronization initiated. (182 threads)
[2023-10-17T14:51:27.921+0000][3021.030s][info ][safepoint     ] Application time: 1.0013547 seconds
[2023-10-17T14:51:27.922+0000][3021.031s][info ][safepoint     ] Entering safepoint region: Cleanup
[2023-10-17T14:51:27.923+0000][3021.032s][info ][safepoint     ] Leaving safepoint region
[2023-10-17T14:51:27.924+0000][3021.033s][info ][safepoint     ] Total time for which application threads were stopped: 0.0020301 seconds, Stopping threads took: 0.0008188 seconds
[2023-10-17T14:51:28.925+0000][3022.034s][debug][safepoint     ] Safepoint synchronization initiated. (182 threads)
[2023-10-17T14:51:28.926+0000][3022.035s][info ][safepoint     ] Application time: 1.0014470 seconds
[2023-10-17T14:51:28.927+0000][3022.036s][info ][safepoint     ] Entering safepoint region: Cleanup
[2023-10-17T14:51:28.929+0000][3022.038s][info ][safepoint     ] Leaving safepoint region
[2023-10-17T14:51:28.929+0000][3022.038s][info ][safepoint     ] Total time for which application threads were stopped: 0.0022919 seconds, Stopping threads took: 0.0012219 seconds
[2023-10-17T14:51:29.930+0000][3023.039s][debug][safepoint     ] Safepoint synchronization initiated. (185 threads)
[2023-10-17T14:51:29.931+0000][3023.040s][info ][safepoint     ] Application time: 1.0009054 seconds
[2023-10-17T14:51:29.932+0000][3023.041s][info ][safepoint     ] Entering safepoint region: Cleanup
[2023-10-17T14:51:29.932+0000][3023.041s][info ][safepoint     ] Leaving safepoint region
[2023-10-17T14:51:29.933+0000][3023.042s][info ][safepoint     ] Total time for which application threads were stopped: 0.0014986 seconds, Stopping threads took: 0.0005750 seconds
[2023-10-17T14:51:30.934+0000][3024.043s][debug][safepoint     ] Safepoint synchronization initiated. (185 threads)
[2023-10-17T14:51:30.935+0000][3024.044s][info ][safepoint     ] Application time: 1.0017167 seconds
[2023-10-17T14:51:30.936+0000][3024.045s][info ][safepoint     ] Entering safepoint region: Cleanup
[2023-10-17T14:51:30.938+0000][3024.047s][info ][safepoint     ] Leaving safepoint region
[2023-10-17T14:51:30.939+0000][3024.048s][info ][safepoint     ] Total time for which application threads were stopped: 0.0024233 seconds, Stopping threads took: 0.0009760 seconds
[2023-10-17T14:51:31.940+0000][3025.049s][debug][safepoint     ] Safepoint synchronization initiated. (185 threads)
[2023-10-17T14:51:31.940+0000][3025.049s][info ][safepoint     ] Application time: 1.0010454 seconds
[2023-10-17T14:51:31.941+0000][3025.050s][info ][safepoint     ] Entering safepoint region: Cleanup
[2023-10-17T14:51:31.942+0000][3025.051s][info ][safepoint     ] Leaving safepoint region
[2023-10-17T14:51:31.943+0000][3025.052s][info ][safepoint     ] Total time for which application threads were stopped: 0.0017256 seconds, Stopping threads took: 0.0007590 seconds
[2023-10-17T14:51:32.944+0000][3026.053s][debug][safepoint     ] Safepoint synchronization initiated. (185 threads)
[2023-10-17T14:51:32.945+0000][3026.054s][info ][safepoint     ] Application time: 1.0011290 seconds
[2023-10-17T14:51:32.946+0000][3026.055s][info ][safepoint     ] Entering safepoint region: Cleanup
[2023-10-17T14:51:32.947+0000][3026.056s][info ][safepoint     ] Leaving safepoint region
[2023-10-17T14:51:32.948+0000][3026.057s][info ][safepoint     ] Total time for which application threads were stopped: 0.0020645 seconds, Stopping threads took: 0.0008592 seconds
[2023-10-17T14:51:33.949+0000][3027.058s][debug][safepoint     ] Safepoint synchronization initiated. (185 threads)
[2023-10-17T14:51:33.950+0000][3027.059s][info ][safepoint     ] Application time: 1.0015368 seconds
[2023-10-17T14:51:33.951+0000][3027.060s][info ][safepoint     ] Entering safepoint region: Cleanup
[2023-10-17T14:51:33.952+0000][3027.061s][info ][safepoint     ] Leaving safepoint region
[2023-10-17T14:51:33.953+0000][3027.062s][info ][safepoint     ] Total time for which application threads were stopped: 0.0019114 seconds, Stopping threads took: 0.0009248 seconds
[2023-10-17T14:51:34.954+0000][3028.063s][debug][safepoint     ] Safepoint synchronization initiated. (185 threads)
[2023-10-17T14:51:34.955+0000][3028.064s][info ][safepoint     ] Application time: 1.0014271 seconds
[2023-10-17T14:51:34.956+0000][3028.065s][info ][safepoint     ] Entering safepoint region: Cleanup
[2023-10-17T14:51:34.957+0000][3028.066s][info ][safepoint     ] Leaving safepoint region
[2023-10-17T14:51:34.958+0000][3028.067s][info ][safepoint     ] Total time for which application threads were stopped: 0.0023770 seconds, Stopping threads took: 0.0010227 seconds
[2023-10-17T14:51:35.959+0000][3029.068s][debug][safepoint     ] Safepoint synchronization initiated. (185 threads)
[2023-10-17T14:51:35.960+0000][3029.069s][info ][safepoint     ] Application time: 1.0010189 seconds
[2023-10-17T14:51:35.961+0000][3029.070s][info ][safepoint     ] Entering safepoint region: Cleanup
[2023-10-17T14:51:35.961+0000][3029.070s][info ][safepoint     ] Leaving safepoint region
[2023-10-17T14:51:35.962+0000][3029.071s][info ][safepoint     ] Total time for which application threads were stopped: 0.0016134 seconds, Stopping threads took: 0.0006455 seconds
[2023-10-17T14:51:36.963+0000][3030.072s][debug][safepoint     ] Safepoint synchronization initiated. (185 threads)
[2023-10-17T14:51:36.964+0000][3030.073s][info ][safepoint     ] Application time: 1.0014483 seconds
[2023-10-17T14:51:36.965+0000][3030.074s][info ][safepoint     ] Entering safepoint region: Cleanup
[2023-10-17T14:51:36.966+0000][3030.075s][info ][safepoint     ] Leaving safepoint region
[2023-10-17T14:51:36.967+0000][3030.076s][info ][safepoint     ] Total time for which application threads were stopped: 0.0015409 seconds, Stopping threads took: 0.0007102 seconds
[2023-10-17T14:51:37.968+0000][3031.077s][debug][safepoint     ] Safepoint synchronization initiated. (185 threads)
[2023-10-17T14:51:37.969+0000][3031.078s][info ][safepoint     ] Application time: 1.0015259 seconds
[2023-10-17T14:51:37.970+0000][3031.079s][info ][safepoint     ] Entering safepoint region: Cleanup
[2023-10-17T14:51:37.971+0000][3031.080s][info ][safepoint     ] Leaving safepoint region
[2023-10-17T14:51:37.972+0000][3031.081s][info ][safepoint     ] Total time for which application threads were stopped: 0.0021754 seconds, Stopping threads took: 0.0010253 seconds
[2023-10-17T14:51:38.973+0000][3032.082s][debug][safepoint     ] Safepoint synchronization initiated. (185 threads)
[2023-10-17T14:51:38.974+0000][3032.083s][info ][safepoint     ] Application time: 1.0011112 seconds
[2023-10-17T14:51:38.974+0000][3032.083s][info ][safepoint     ] Entering safepoint region: Cleanup
[2023-10-17T14:51:38.975+0000][3032.084s][info ][safepoint     ] Leaving safepoint region
[2023-10-17T14:51:38.976+0000][3032.085s][info ][safepoint     ] Total time for which application threads were stopped: 0.0014807 seconds, Stopping threads took: 0.0006712 seconds
[2023-10-17T14:51:39.977+0000][3033.086s][debug][safepoint     ] Safepoint synchronization initiated. (185 threads)
[2023-10-17T14:51:39.978+0000][3033.087s][info ][safepoint     ] Application time: 1.0011425 seconds
[2023-10-17T14:51:39.978+0000][3033.087s][info ][safepoint     ] Entering safepoint region: Cleanup
[2023-10-17T14:51:39.979+0000][3033.088s][info ][safepoint     ] Leaving safepoint region
[2023-10-17T14:51:39.980+0000][3033.089s][info ][safepoint     ] Total time for which application threads were stopped: 0.0017371 seconds, Stopping threads took: 0.0006779 seconds
[2023-10-17T14:51:40.981+0000][3034.090s][debug][safepoint     ] Safepoint synchronization initiated. (185 threads)
[2023-10-17T14:51:40.982+0000][3034.091s][info ][safepoint     ] Application time: 1.0014256 seconds
[2023-10-17T14:51:40.983+0000][3034.092s][info ][safepoint     ] Entering safepoint region: Cleanup
[2023-10-17T14:51:40.985+0000][3034.094s][info ][safepoint     ] Leaving safepoint region
[2023-10-17T14:51:40.986+0000][3034.095s][info ][safepoint     ] Total time for which application threads were stopped: 0.0025914 seconds, Stopping threads took: 0.0011106 seconds
[2023-10-17T14:51:41.987+0000][3035.096s][debug][safepoint     ] Safepoint synchronization initiated. (185 threads)
[2023-10-17T14:51:41.988+0000][3035.097s][info ][safepoint     ] Application time: 1.0013099 seconds
[2023-10-17T14:51:41.988+0000][3035.097s][info ][safepoint     ] Entering safepoint region: Cleanup
[2023-10-17T14:51:41.989+0000][3035.098s][info ][safepoint     ] Leaving safepoint region
[2023-10-17T14:51:41.990+0000][3035.099s][info ][safepoint     ] Total time for which application threads were stopped: 0.0015732 seconds, Stopping threads took: 0.0007583 seconds
[2023-10-17T14:51:42.991+0000][3036.100s][debug][safepoint     ] Safepoint synchronization initiated. (185 threads)
[2023-10-17T14:51:42.992+0000][3036.101s][info ][safepoint     ] Application time: 1.0011666 seconds
[2023-10-17T14:51:42.993+0000][3036.102s][info ][safepoint     ] Entering safepoint region: Cleanup
[2023-10-17T14:51:42.994+0000][3036.103s][info ][safepoint     ] Leaving safepoint region
[2023-10-17T14:51:42.994+0000][3036.103s][info ][safepoint     ] Total time for which application threads were stopped: 0.0016404 seconds, Stopping threads took: 0.0006674 seconds
[2023-10-17T14:51:43.995+0000][3037.104s][debug][safepoint     ] Safepoint synchronization initiated. (185 threads)
[2023-10-17T14:51:43.996+0000][3037.105s][info ][safepoint     ] Application time: 1.0012337 seconds
[2023-10-17T14:51:43.997+0000][3037.106s][info ][safepoint     ] Entering safepoint region: Cleanup
[2023-10-17T14:51:43.998+0000][3037.107s][info ][safepoint     ] Leaving safepoint region
[2023-10-17T14:51:43.999+0000][3037.108s][info ][safepoint     ] Total time for which application threads were stopped: 0.0019166 seconds, Stopping threads took: 0.0008376 seconds
[2023-10-17T14:51:45.000+0000][3038.109s][debug][safepoint     ] Safepoint synchronization initiated. (185 threads)
[2023-10-17T14:51:45.001+0000][3038.110s][info ][safepoint     ] Application time: 1.0012604 seconds
[2023-10-17T14:51:45.002+0000][3038.111s][info ][safepoint     ] Entering safepoint region: Cleanup
[2023-10-17T14:51:45.004+0000][3038.113s][info ][safepoint     ] Leaving safepoint region
[2023-10-17T14:51:45.005+0000][3038.114s][info ][safepoint     ] Total time for which application threads were stopped: 0.0025353 seconds, Stopping threads took: 0.0010754 seconds
[2023-10-17T14:51:46.006+0000][3039.115s][debug][safepoint     ] Safepoint synchronization initiated. (185 threads)
[2023-10-17T14:51:46.007+0000][3039.116s][info ][safepoint     ] Application time: 1.0016438 seconds
[2023-10-17T14:51:46.008+0000][3039.117s][info ][safepoint     ] Entering safepoint region: Cleanup
[2023-10-17T14:51:46.010+0000][3039.119s][info ][safepoint     ] Leaving safepoint region
[2023-10-17T14:51:46.011+0000][3039.120s][info ][safepoint     ] Total time for which application threads were stopped: 0.0027755 seconds, Stopping threads took: 0.0011433 seconds
[2023-10-17T14:51:47.012+0000][3040.121s][debug][safepoint     ] Safepoint synchronization initiated. (185 threads)
[2023-10-17T14:51:47.013+0000][3040.122s][info ][safepoint     ] Application time: 1.0009919 seconds
[2023-10-17T14:51:47.014+0000][3040.123s][info ][safepoint     ] Entering safepoint region: Cleanup
[2023-10-17T14:51:47.015+0000][3040.124s][info ][safepoint     ] Leaving safepoint region
[2023-10-17T14:51:47.015+0000][3040.124s][info ][safepoint     ] Total time for which application threads were stopped: 0.0018923 seconds, Stopping threads took: 0.0007828 seconds
[2023-10-17T14:51:48.016+0000][3041.125s][debug][safepoint     ] Safepoint synchronization initiated. (185 threads)
[2023-10-17T14:51:48.018+0000][3041.127s][info ][safepoint     ] Application time: 1.0015360 seconds
[2023-10-17T14:51:48.019+0000][3041.128s][info ][safepoint     ] Entering safepoint region: Cleanup
[2023-10-17T14:51:48.020+0000][3041.129s][info ][safepoint     ] Leaving safepoint region
[2023-10-17T14:51:48.021+0000][3041.130s][info ][safepoint     ] Total time for which application threads were stopped: 0.0019888 seconds, Stopping threads took: 0.0009349 seconds
[2023-10-17T14:51:49.022+0000][3042.131s][debug][safepoint     ] Safepoint synchronization initiated. (185 threads)
[2023-10-17T14:51:49.023+0000][3042.132s][info ][safepoint     ] Application time: 1.0015251 seconds
[2023-10-17T14:51:49.024+0000][3042.133s][info ][safepoint     ] Entering safepoint region: Cleanup
[2023-10-17T14:51:49.025+0000][3042.134s][info ][safepoint     ] Leaving safepoint region
[2023-10-17T14:51:49.025+0000][3042.134s][info ][safepoint     ] Total time for which application threads were stopped: 0.0016213 seconds, Stopping threads took: 0.0007269 seconds
[2023-10-17T14:51:50.026+0000][3043.135s][debug][safepoint     ] Safepoint synchronization initiated. (185 threads)
[2023-10-17T14:51:50.027+0000][3043.136s][info ][safepoint     ] Application time: 1.0012185 seconds
[2023-10-17T14:51:50.028+0000][3043.137s][info ][safepoint     ] Entering safepoint region: Cleanup
[2023-10-17T14:51:50.029+0000][3043.138s][info ][safepoint     ] Leaving safepoint region
[2023-10-17T14:51:50.030+0000][3043.139s][info ][safepoint     ] Total time for which application threads were stopped: 0.0020087 seconds, Stopping threads took: 0.0008330 seconds
[2023-10-17T14:51:51.031+0000][3044.140s][debug][safepoint     ] Safepoint synchronization initiated. (185 threads)
[2023-10-17T14:51:51.032+0000][3044.141s][info ][safepoint     ] Application time: 1.0011221 seconds
[2023-10-17T14:51:51.033+0000][3044.142s][info ][safepoint     ] Entering safepoint region: Cleanup
[2023-10-17T14:51:51.033+0000][3044.143s][info ][safepoint     ] Leaving safepoint region
[2023-10-17T14:51:51.034+0000][3044.143s][info ][safepoint     ] Total time for which application threads were stopped: 0.0016328 seconds, Stopping threads took: 0.0007011 seconds
[2023-10-17T14:51:52.035+0000][3045.144s][debug][safepoint     ] Safepoint synchronization initiated. (185 threads)
[2023-10-17T14:51:52.036+0000][3045.145s][info ][safepoint     ] Application time: 1.0011640 seconds
[2023-10-17T14:51:52.037+0000][3045.146s][info ][safepoint     ] Entering safepoint region: Cleanup
[2023-10-17T14:51:52.038+0000][3045.147s][info ][safepoint     ] Leaving safepoint region
[2023-10-17T14:51:52.039+0000][3045.148s][info ][safepoint     ] Total time for which application threads were stopped: 0.0016733 seconds, Stopping threads took: 0.0007121 seconds
[2023-10-17T14:51:53.040+0000][3046.149s][debug][safepoint     ] Safepoint synchronization initiated. (185 threads)
[2023-10-17T14:51:53.041+0000][3046.150s][info ][safepoint     ] Application time: 1.0014222 seconds
[2023-10-17T14:51:53.042+0000][3046.151s][info ][safepoint     ] Entering safepoint region: Cleanup
[2023-10-17T14:51:53.043+0000][3046.152s][info ][safepoint     ] Leaving safepoint region
[2023-10-17T14:51:53.044+0000][3046.153s][info ][safepoint     ] Total time for which application threads were stopped: 0.0022402 seconds, Stopping threads took: 0.0010146 seconds
[2023-10-17T14:51:54.045+0000][3047.154s][debug][safepoint     ] Safepoint synchronization initiated. (185 threads)
[2023-10-17T14:51:54.046+0000][3047.155s][info ][safepoint     ] Application time: 1.0011431 seconds
[2023-10-17T14:51:54.047+0000][3047.156s][info ][safepoint     ] Entering safepoint region: Cleanup
[2023-10-17T14:51:54.048+0000][3047.157s][info ][safepoint     ] Leaving safepoint region
[2023-10-17T14:51:54.049+0000][3047.158s][info ][safepoint     ] Total time for which application threads were stopped: 0.0020677 seconds, Stopping threads took: 0.0008322 seconds
[2023-10-17T14:51:55.050+0000][3048.159s][debug][safepoint     ] Safepoint synchronization initiated. (185 threads)
[2023-10-17T14:51:55.051+0000][3048.160s][info ][safepoint     ] Application time: 1.0011308 seconds
[2023-10-17T14:51:55.051+0000][3048.160s][info ][safepoint     ] Entering safepoint region: Cleanup
[2023-10-17T14:51:55.052+0000][3048.161s][info ][safepoint     ] Leaving safepoint region
[2023-10-17T14:51:55.053+0000][3048.162s][info ][safepoint     ] Total time for which application threads were stopped: 0.0015509 seconds, Stopping threads took: 0.0007526 seconds
[2023-10-17T14:51:56.054+0000][3049.163s][debug][safepoint     ] Safepoint synchronization initiated. (185 threads)
[2023-10-17T14:51:56.055+0000][3049.164s][info ][safepoint     ] Application time: 1.0017903 seconds
[2023-10-17T14:51:56.056+0000][3049.165s][info ][safepoint     ] Entering safepoint region: Cleanup
[2023-10-17T14:51:56.058+0000][3049.167s][info ][safepoint     ] Leaving safepoint region
[2023-10-17T14:51:56.059+0000][3049.168s][info ][safepoint     ] Total time for which application threads were stopped: 0.0022692 seconds, Stopping threads took: 0.0009909 seconds
[2023-10-17T14:51:57.060+0000][3050.169s][debug][safepoint     ] Safepoint synchronization initiated. (185 threads)
[2023-10-17T14:51:57.061+0000][3050.170s][info ][safepoint     ] Application time: 1.0015946 seconds
[2023-10-17T14:51:57.062+0000][3050.171s][info ][safepoint     ] Entering safepoint region: Cleanup
[2023-10-17T14:51:57.063+0000][3050.172s][info ][safepoint     ] Leaving safepoint region
[2023-10-17T14:51:57.064+0000][3050.173s][info ][safepoint     ] Total time for which application threads were stopped: 0.0018963 seconds, Stopping threads took: 0.0007807 seconds
[2023-10-17T14:51:58.065+0000][3051.174s][debug][safepoint     ] Safepoint synchronization initiated. (185 threads)
[2023-10-17T14:51:58.066+0000][3051.175s][info ][safepoint     ] Application time: 1.0017278 seconds
[2023-10-17T14:51:58.067+0000][3051.176s][info ][safepoint     ] Entering safepoint region: Cleanup
[2023-10-17T14:51:58.068+0000][3051.177s][info ][safepoint     ] Leaving safepoint region
[2023-10-17T14:51:58.069+0000][3051.178s][info ][safepoint     ] Total time for which application threads were stopped: 0.0018055 seconds, Stopping threads took: 0.0007804 seconds
[2023-10-17T14:51:58.068+0000][3051.177s][debug][safepoint     ] ... found polling page return exception at pc = 0x00007fc1a54a9604, stub =0x00007fc19c840600
[2023-10-17T14:51:58.068+0000][3051.177s][debug][safepoint     ] ... found polling page return exception at pc = 0x00007fc1a54a9604, stub =0x00007fc19c840600
[2023-10-17T14:51:58.068+0000][3051.177s][debug][safepoint     ] ... found polling page return exception at pc = 0x00007fc1a54a9604, stub =0x00007fc19c840600
[2023-10-17T14:51:59.070+0000][3052.179s][debug][safepoint     ] Safepoint synchronization initiated. (185 threads)
[2023-10-17T14:51:59.071+0000][3052.180s][info ][safepoint     ] Application time: 1.0012547 seconds
[2023-10-17T14:51:59.072+0000][3052.181s][info ][safepoint     ] Entering safepoint region: Cleanup
[2023-10-17T14:51:59.073+0000][3052.182s][info ][safepoint     ] Leaving safepoint region
[2023-10-17T14:51:59.073+0000][3052.182s][info ][safepoint     ] Total time for which application threads were stopped: 0.0018776 seconds, Stopping threads took: 0.0008311 seconds
[2023-10-17T14:52:00.074+0000][3053.183s][debug][safepoint     ] Safepoint synchronization initiated. (185 threads)
[2023-10-17T14:52:00.075+0000][3053.184s][info ][safepoint     ] Application time: 1.0008709 seconds
[2023-10-17T14:52:00.076+0000][3053.185s][info ][safepoint     ] Entering safepoint region: Cleanup
[2023-10-17T14:52:00.077+0000][3053.186s][info ][safepoint     ] Leaving safepoint region
[2023-10-17T14:52:00.077+0000][3053.186s][info ][safepoint     ] Total time for which application threads were stopped: 0.0017420 seconds, Stopping threads took: 0.0007203 seconds
[2023-10-17T14:52:01.078+0000][3054.187s][debug][safepoint     ] Safepoint synchronization initiated. (185 threads)
[2023-10-17T14:52:01.079+0000][3054.188s][info ][safepoint     ] Application time: 1.0014319 seconds
[2023-10-17T14:52:01.080+0000][3054.189s][info ][safepoint     ] Entering safepoint region: Cleanup
[2023-10-17T14:52:01.081+0000][3054.190s][info ][safepoint     ] Leaving safepoint region
[2023-10-17T14:52:01.082+0000][3054.191s][info ][safepoint     ] Total time for which application threads were stopped: 0.0017963 seconds, Stopping threads took: 0.0008023 seconds
[2023-10-17T14:52:02.083+0000][3055.192s][debug][safepoint     ] Safepoint synchronization initiated. (185 threads)
[2023-10-17T14:52:02.084+0000][3055.193s][info ][safepoint     ] Application time: 1.0010647 seconds
[2023-10-17T14:52:02.085+0000][3055.194s][info ][safepoint     ] Entering safepoint region: Cleanup
[2023-10-17T14:52:02.086+0000][3055.195s][info ][safepoint     ] Leaving safepoint region
[2023-10-17T14:52:02.086+0000][3055.195s][info ][safepoint     ] Total time for which application threads were stopped: 0.0016746 seconds, Stopping threads took: 0.0007920 seconds
[2023-10-17T14:52:03.087+0000][3056.196s][debug][safepoint     ] Safepoint synchronization initiated. (185 threads)
[2023-10-17T14:52:03.088+0000][3056.197s][info ][safepoint     ] Application time: 1.0010379 seconds
[2023-10-17T14:52:03.089+0000][3056.198s][info ][safepoint     ] Entering safepoint region: Cleanup
[2023-10-17T14:52:03.090+0000][3056.199s][info ][safepoint     ] Leaving safepoint region
[2023-10-17T14:52:03.091+0000][3056.200s][info ][safepoint     ] Total time for which application threads were stopped: 0.0020114 seconds, Stopping threads took: 0.0008057 seconds
[2023-10-17T14:52:04.092+0000][3057.201s][debug][safepoint     ] Safepoint synchronization initiated. (185 threads)
[2023-10-17T14:52:04.093+0000][3057.202s][info ][safepoint     ] Application time: 1.0014326 seconds
[2023-10-17T14:52:04.094+0000][3057.203s][info ][safepoint     ] Entering safepoint region: Cleanup
[2023-10-17T14:52:04.095+0000][3057.204s][info ][safepoint     ] Leaving safepoint region
[2023-10-17T14:52:04.096+0000][3057.205s][info ][safepoint     ] Total time for which application threads were stopped: 0.0023864 seconds, Stopping threads took: 0.0010201 seconds
[2023-10-17T14:52:05.098+0000][3058.207s][debug][safepoint     ] Safepoint synchronization initiated. (185 threads)
[2023-10-17T14:52:05.099+0000][3058.208s][info ][safepoint     ] Application time: 1.0014055 seconds
[2023-10-17T14:52:05.100+0000][3058.209s][info ][safepoint     ] Entering safepoint region: Cleanup
[2023-10-17T14:52:05.101+0000][3058.210s][info ][safepoint     ] Leaving safepoint region
[2023-10-17T14:52:05.102+0000][3058.211s][info ][safepoint     ] Total time for which application threads were stopped: 0.0020795 seconds, Stopping threads took: 0.0008696 seconds
[2023-10-17T14:52:06.103+0000][3059.212s][debug][safepoint     ] Safepoint synchronization initiated. (185 threads)
[2023-10-17T14:52:06.104+0000][3059.213s][info ][safepoint     ] Application time: 1.0017215 seconds
[2023-10-17T14:52:06.105+0000][3059.214s][info ][safepoint     ] Entering safepoint region: Cleanup
[2023-10-17T14:52:06.106+0000][3059.215s][info ][safepoint     ] Leaving safepoint region
[2023-10-17T14:52:06.107+0000][3059.216s][info ][safepoint     ] Total time for which application threads were stopped: 0.0019358 seconds, Stopping threads took: 0.0009022 seconds
[2023-10-17T14:52:07.108+0000][3060.217s][debug][safepoint     ] Safepoint synchronization initiated. (185 threads)
[2023-10-17T14:52:07.109+0000][3060.218s][info ][safepoint     ] Application time: 1.0012186 seconds
[2023-10-17T14:52:07.110+0000][3060.219s][info ][safepoint     ] Entering safepoint region: Cleanup
[2023-10-17T14:52:07.111+0000][3060.220s][info ][safepoint     ] Leaving safepoint region
[2023-10-17T14:52:07.111+0000][3060.220s][info ][safepoint     ] Total time for which application threads were stopped: 0.0018085 seconds, Stopping threads took: 0.0007906 seconds
[2023-10-17T14:52:08.114+0000][3061.223s][debug][safepoint     ] Safepoint synchronization initiated. (185 threads)
[2023-10-17T14:52:08.114+0000][3061.223s][info ][safepoint     ] Application time: 1.0010524 seconds
[2023-10-17T14:52:08.115+0000][3061.224s][info ][safepoint     ] Entering safepoint region: Cleanup
[2023-10-17T14:52:08.117+0000][3061.226s][info ][safepoint     ] Leaving safepoint region
[2023-10-17T14:52:08.118+0000][3061.227s][info ][safepoint     ] Total time for which application threads were stopped: 0.0025132 seconds, Stopping threads took: 0.0011050 seconds
[2023-10-17T14:52:09.119+0000][3062.228s][debug][safepoint     ] Safepoint synchronization initiated. (185 threads)
[2023-10-17T14:52:09.120+0000][3062.229s][info ][safepoint     ] Application time: 1.0015452 seconds
[2023-10-17T14:52:09.121+0000][3062.230s][info ][safepoint     ] Entering safepoint region: Cleanup
[2023-10-17T14:52:09.123+0000][3062.232s][info ][safepoint     ] Leaving safepoint region
[2023-10-17T14:52:09.124+0000][3062.233s][info ][safepoint     ] Total time for which application threads were stopped: 0.0026114 seconds, Stopping threads took: 0.0010403 seconds
[2023-10-17T14:52:10.125+0000][3063.234s][debug][safepoint     ] Safepoint synchronization initiated. (185 threads)
[2023-10-17T14:52:10.126+0000][3063.235s][info ][safepoint     ] Application time: 1.0012730 seconds
[2023-10-17T14:52:10.127+0000][3063.236s][info ][safepoint     ] Entering safepoint region: Cleanup
[2023-10-17T14:52:10.128+0000][3063.237s][info ][safepoint     ] Leaving safepoint region
[2023-10-17T14:52:10.129+0000][3063.238s][info ][safepoint     ] Total time for which application threads were stopped: 0.0017929 seconds, Stopping threads took: 0.0007397 seconds
[2023-10-17T14:52:11.130+0000][3064.239s][debug][safepoint     ] Safepoint synchronization initiated. (185 threads)
[2023-10-17T14:52:11.131+0000][3064.240s][info ][safepoint     ] Application time: 1.0014523 seconds
[2023-10-17T14:52:11.132+0000][3064.241s][info ][safepoint     ] Entering safepoint region: Cleanup
[2023-10-17T14:52:11.134+0000][3064.243s][info ][safepoint     ] Leaving safepoint region
[2023-10-17T14:52:11.135+0000][3064.244s][info ][safepoint     ] Total time for which application threads were stopped: 0.0024623 seconds, Stopping threads took: 0.0010914 seconds
[2023-10-17T14:52:12.136+0000][3065.245s][debug][safepoint     ] Safepoint synchronization initiated. (185 threads)
[2023-10-17T14:52:12.137+0000][3065.246s][info ][safepoint     ] Application time: 1.0011616 seconds
[2023-10-17T14:52:12.138+0000][3065.247s][info ][safepoint     ] Entering safepoint region: Cleanup
[2023-10-17T14:52:12.139+0000][3065.248s][info ][safepoint     ] Leaving safepoint region
[2023-10-17T14:52:12.140+0000][3065.249s][info ][safepoint     ] Total time for which application threads were stopped: 0.0025621 seconds, Stopping threads took: 0.0010908 seconds
[2023-10-17T14:52:13.141+0000][3066.250s][debug][safepoint     ] Safepoint synchronization initiated. (185 threads)
[2023-10-17T14:52:13.142+0000][3066.251s][info ][safepoint     ] Application time: 1.0009647 seconds
[2023-10-17T14:52:13.143+0000][3066.252s][info ][safepoint     ] Entering safepoint region: Cleanup
[2023-10-17T14:52:13.144+0000][3066.253s][info ][safepoint     ] Leaving safepoint region
[2023-10-17T14:52:13.145+0000][3066.254s][info ][safepoint     ] Total time for which application threads were stopped: 0.0018599 seconds, Stopping threads took: 0.0007462 seconds
[2023-10-17T14:52:14.146+0000][3067.255s][debug][safepoint     ] Safepoint synchronization initiated. (185 threads)
[2023-10-17T14:52:14.147+0000][3067.256s][info ][safepoint     ] Application time: 1.0014156 seconds
[2023-10-17T14:52:14.148+0000][3067.257s][info ][safepoint     ] Entering safepoint region: Cleanup
[2023-10-17T14:52:14.149+0000][3067.258s][info ][safepoint     ] Leaving safepoint region
[2023-10-17T14:52:14.149+0000][3067.258s][info ][safepoint     ] Total time for which application threads were stopped: 0.0017780 seconds, Stopping threads took: 0.0007761 seconds
[2023-10-17T14:52:15.151+0000][3068.260s][debug][safepoint     ] Safepoint synchronization initiated. (185 threads)
[2023-10-17T14:52:15.152+0000][3068.261s][info ][safepoint     ] Application time: 1.0014885 seconds
[2023-10-17T14:52:15.153+0000][3068.262s][info ][safepoint     ] Entering safepoint region: Cleanup
[2023-10-17T14:52:15.154+0000][3068.263s][info ][safepoint     ] Leaving safepoint region
[2023-10-17T14:52:15.155+0000][3068.264s][info ][safepoint     ] Total time for which application threads were stopped: 0.0021078 seconds, Stopping threads took: 0.0009693 seconds
[2023-10-17T14:52:16.156+0000][3069.265s][debug][safepoint     ] Safepoint synchronization initiated. (185 threads)
[2023-10-17T14:52:16.157+0000][3069.266s][info ][safepoint     ] Application time: 1.0014570 seconds
[2023-10-17T14:52:16.158+0000][3069.267s][info ][safepoint     ] Entering safepoint region: Cleanup
[2023-10-17T14:52:16.160+0000][3069.269s][info ][safepoint     ] Leaving safepoint region
[2023-10-17T14:52:16.160+0000][3069.269s][info ][safepoint     ] Total time for which application threads were stopped: 0.0022650 seconds, Stopping threads took: 0.0013380 seconds
[2023-10-17T14:52:17.161+0000][3070.270s][debug][safepoint     ] Safepoint synchronization initiated. (185 threads)
[2023-10-17T14:52:17.162+0000][3070.271s][info ][safepoint     ] Application time: 1.0012934 seconds
[2023-10-17T14:52:17.163+0000][3070.272s][info ][safepoint     ] Entering safepoint region: Cleanup
[2023-10-17T14:52:17.164+0000][3070.273s][info ][safepoint     ] Leaving safepoint region
[2023-10-17T14:52:17.165+0000][3070.274s][info ][safepoint     ] Total time for which application threads were stopped: 0.0017390 seconds, Stopping threads took: 0.0007123 seconds
[2023-10-17T14:52:18.166+0000][3071.275s][debug][safepoint     ] Safepoint synchronization initiated. (185 threads)
[2023-10-17T14:52:18.167+0000][3071.276s][info ][safepoint     ] Application time: 1.0013428 seconds
[2023-10-17T14:52:18.168+0000][3071.277s][info ][safepoint     ] Entering safepoint region: Cleanup
[2023-10-17T14:52:18.169+0000][3071.278s][info ][safepoint     ] Leaving safepoint region
[2023-10-17T14:52:18.170+0000][3071.279s][info ][safepoint     ] Total time for which application threads were stopped: 0.0020966 seconds, Stopping threads took: 0.0008301 seconds
[2023-10-17T14:52:19.171+0000][3072.280s][debug][safepoint     ] Safepoint synchronization initiated. (185 threads)
[2023-10-17T14:52:19.172+0000][3072.281s][info ][safepoint     ] Application time: 1.0015550 seconds
[2023-10-17T14:52:19.173+0000][3072.282s][info ][safepoint     ] Entering safepoint region: Cleanup
[2023-10-17T14:52:19.175+0000][3072.283s][info ][safepoint     ] Leaving safepoint region
[2023-10-17T14:52:19.175+0000][3072.284s][info ][safepoint     ] Total time for which application threads were stopped: 0.0022062 seconds, Stopping threads took: 0.0009326 seconds
[2023-10-17T14:52:20.176+0000][3073.285s][debug][safepoint     ] Safepoint synchronization initiated. (185 threads)
[2023-10-17T14:52:20.177+0000][3073.286s][info ][safepoint     ] Application time: 1.0012397 seconds
[2023-10-17T14:52:20.178+0000][3073.287s][info ][safepoint     ] Entering safepoint region: Cleanup
[2023-10-17T14:52:20.180+0000][3073.289s][info ][safepoint     ] Leaving safepoint region
[2023-10-17T14:52:20.180+0000][3073.289s][info ][safepoint     ] Total time for which application threads were stopped: 0.0021536 seconds, Stopping threads took: 0.0010356 seconds
[2023-10-17T14:52:21.181+0000][3074.290s][debug][safepoint     ] Safepoint synchronization initiated. (185 threads)
[2023-10-17T14:52:21.183+0000][3074.291s][info ][safepoint     ] Application time: 1.0014653 seconds
[2023-10-17T14:52:21.184+0000][3074.293s][info ][safepoint     ] Entering safepoint region: Cleanup
[2023-10-17T14:52:21.185+0000][3074.294s][info ][safepoint     ] Leaving safepoint region
[2023-10-17T14:52:21.186+0000][3074.295s][info ][safepoint     ] Total time for which application threads were stopped: 0.0024502 seconds, Stopping threads took: 0.0010374 seconds
[2023-10-17T14:52:22.187+0000][3075.296s][debug][safepoint     ] Safepoint synchronization initiated. (185 threads)
[2023-10-17T14:52:22.188+0000][3075.297s][info ][safepoint     ] Application time: 1.0012740 seconds
[2023-10-17T14:52:22.189+0000][3075.298s][info ][safepoint     ] Entering safepoint region: Cleanup
[2023-10-17T14:52:22.190+0000][3075.299s][info ][safepoint     ] Leaving safepoint region
[2023-10-17T14:52:22.191+0000][3075.300s][info ][safepoint     ] Total time for which application threads were stopped: 0.0020413 seconds, Stopping threads took: 0.0010576 seconds
[2023-10-17T14:52:23.192+0000][3076.301s][debug][safepoint     ] Safepoint synchronization initiated. (185 threads)
[2023-10-17T14:52:23.193+0000][3076.302s][info ][safepoint     ] Application time: 1.0012130 seconds
[2023-10-17T14:52:23.194+0000][3076.303s][info ][safepoint     ] Entering safepoint region: Cleanup
[2023-10-17T14:52:23.196+0000][3076.305s][info ][safepoint     ] Leaving safepoint region
[2023-10-17T14:52:23.197+0000][3076.306s][info ][safepoint     ] Total time for which application threads were stopped: 0.0032400 seconds, Stopping threads took: 0.0016487 seconds
[2023-10-17T14:52:24.198+0000][3077.307s][debug][safepoint     ] Safepoint synchronization initiated. (185 threads)
[2023-10-17T14:52:24.199+0000][3077.308s][info ][safepoint     ] Application time: 1.0015167 seconds
[2023-10-17T14:52:24.200+0000][3077.309s][info ][safepoint     ] Entering safepoint region: Cleanup
[2023-10-17T14:52:24.201+0000][3077.310s][info ][safepoint     ] Leaving safepoint region
[2023-10-17T14:52:24.202+0000][3077.311s][info ][safepoint     ] Total time for which application threads were stopped: 0.0018217 seconds, Stopping threads took: 0.0007406 seconds
[2023-10-17T14:52:25.203+0000][3078.312s][debug][safepoint     ] Safepoint synchronization initiated. (185 threads)
[2023-10-17T14:52:25.204+0000][3078.313s][info ][safepoint     ] Application time: 1.0010796 seconds
[2023-10-17T14:52:25.205+0000][3078.314s][info ][safepoint     ] Entering safepoint region: Cleanup
[2023-10-17T14:52:25.206+0000][3078.315s][info ][safepoint     ] Leaving safepoint region
[2023-10-17T14:52:25.207+0000][3078.316s][info ][safepoint     ] Total time for which application threads were stopped: 0.0017728 seconds, Stopping threads took: 0.0008541 seconds
[2023-10-17T14:52:26.208+0000][3079.317s][debug][safepoint     ] Safepoint synchronization initiated. (185 threads)
[2023-10-17T14:52:26.209+0000][3079.318s][info ][safepoint     ] Application time: 1.0013473 seconds
[2023-10-17T14:52:26.210+0000][3079.319s][info ][safepoint     ] Entering safepoint region: Cleanup
[2023-10-17T14:52:26.211+0000][3079.320s][info ][safepoint     ] Leaving safepoint region
[2023-10-17T14:52:26.212+0000][3079.321s][info ][safepoint     ] Total time for which application threads were stopped: 0.0020562 seconds, Stopping threads took: 0.0008872 seconds
[2023-10-17T14:52:27.213+0000][3080.322s][debug][safepoint     ] Safepoint synchronization initiated. (185 threads)
[2023-10-17T14:52:27.214+0000][3080.323s][info ][safepoint     ] Application time: 1.0014251 seconds
[2023-10-17T14:52:27.215+0000][3080.324s][info ][safepoint     ] Entering safepoint region: Cleanup
[2023-10-17T14:52:27.216+0000][3080.325s][info ][safepoint     ] Leaving safepoint region
[2023-10-17T14:52:27.217+0000][3080.326s][info ][safepoint     ] Total time for which application threads were stopped: 0.0023767 seconds, Stopping threads took: 0.0010272 seconds
[2023-10-17T14:52:28.218+0000][3081.327s][debug][safepoint     ] Safepoint synchronization initiated. (185 threads)
[2023-10-17T14:52:28.219+0000][3081.328s][info ][safepoint     ] Application time: 1.0013217 seconds
[2023-10-17T14:52:28.220+0000][3081.329s][info ][safepoint     ] Entering safepoint region: Cleanup
[2023-10-17T14:52:28.222+0000][3081.330s][info ][safepoint     ] Leaving safepoint region
[2023-10-17T14:52:28.223+0000][3081.331s][info ][safepoint     ] Total time for which application threads were stopped: 0.0023758 seconds, Stopping threads took: 0.0010153 seconds
[2023-10-17T14:52:29.224+0000][3082.333s][debug][safepoint     ] Safepoint synchronization initiated. (185 threads)
[2023-10-17T14:52:29.225+0000][3082.334s][info ][safepoint     ] Application time: 1.0011030 seconds
[2023-10-17T14:52:29.226+0000][3082.335s][info ][safepoint     ] Entering safepoint region: Cleanup
[2023-10-17T14:52:29.227+0000][3082.336s][info ][safepoint     ] Leaving safepoint region
[2023-10-17T14:52:29.227+0000][3082.336s][info ][safepoint     ] Total time for which application threads were stopped: 0.0014377 seconds, Stopping threads took: 0.0006201 seconds
[2023-10-17T14:52:30.228+0000][3083.337s][debug][safepoint     ] Safepoint synchronization initiated. (184 threads)
[2023-10-17T14:52:30.229+0000][3083.338s][info ][safepoint     ] Application time: 1.0014008 seconds
[2023-10-17T14:52:30.230+0000][3083.339s][info ][safepoint     ] Entering safepoint region: Cleanup
[2023-10-17T14:52:30.231+0000][3083.340s][info ][safepoint     ] Leaving safepoint region
[2023-10-17T14:52:30.232+0000][3083.341s][info ][safepoint     ] Total time for which application threads were stopped: 0.0020877 seconds, Stopping threads took: 0.0009881 seconds
[2023-10-17T14:52:31.234+0000][3084.342s][debug][safepoint     ] Safepoint synchronization initiated. (184 threads)
[2023-10-17T14:52:31.234+0000][3084.343s][info ][safepoint     ] Application time: 1.0012607 seconds
[2023-10-17T14:52:31.235+0000][3084.344s][info ][safepoint     ] Entering safepoint region: Cleanup
[2023-10-17T14:52:31.236+0000][3084.345s][info ][safepoint     ] Leaving safepoint region
[2023-10-17T14:52:31.237+0000][3084.346s][info ][safepoint     ] Total time for which application threads were stopped: 0.0018190 seconds, Stopping threads took: 0.0008422 seconds
[2023-10-17T14:52:32.239+0000][3085.348s][debug][safepoint     ] Safepoint synchronization initiated. (184 threads)
[2023-10-17T14:52:32.240+0000][3085.349s][info ][safepoint     ] Application time: 1.0014102 seconds
[2023-10-17T14:52:32.241+0000][3085.350s][info ][safepoint     ] Entering safepoint region: Cleanup
[2023-10-17T14:52:32.243+0000][3085.351s][info ][safepoint     ] Leaving safepoint region
[2023-10-17T14:52:32.244+0000][3085.353s][info ][safepoint     ] Total time for which application threads were stopped: 0.0026837 seconds, Stopping threads took: 0.0011287 seconds
[2023-10-17T14:52:33.245+0000][3086.354s][debug][safepoint     ] Safepoint synchronization initiated. (184 threads)
[2023-10-17T14:52:33.246+0000][3086.355s][info ][safepoint     ] Application time: 1.0011180 seconds
[2023-10-17T14:52:33.246+0000][3086.355s][info ][safepoint     ] Entering safepoint region: Cleanup
[2023-10-17T14:52:33.247+0000][3086.356s][info ][safepoint     ] Leaving safepoint region
[2023-10-17T14:52:33.248+0000][3086.357s][info ][safepoint     ] Total time for which application threads were stopped: 0.0016703 seconds, Stopping threads took: 0.0007007 seconds
[2023-10-17T14:52:34.249+0000][3087.358s][debug][safepoint     ] Safepoint synchronization initiated. (184 threads)
[2023-10-17T14:52:34.250+0000][3087.359s][info ][safepoint     ] Application time: 1.0017773 seconds
[2023-10-17T14:52:34.251+0000][3087.360s][info ][safepoint     ] Entering safepoint region: Cleanup
[2023-10-17T14:52:34.253+0000][3087.362s][info ][safepoint     ] Leaving safepoint region
[2023-10-17T14:52:34.254+0000][3087.363s][info ][safepoint     ] Total time for which application threads were stopped: 0.0026811 seconds, Stopping threads took: 0.0011703 seconds
[2023-10-17T14:52:35.255+0000][3088.364s][debug][safepoint     ] Safepoint synchronization initiated. (184 threads)
[2023-10-17T14:52:35.257+0000][3088.366s][info ][safepoint     ] Application time: 1.0015976 seconds
[2023-10-17T14:52:35.258+0000][3088.367s][info ][safepoint     ] Entering safepoint region: Cleanup
[2023-10-17T14:52:35.259+0000][3088.368s][info ][safepoint     ] Leaving safepoint region
[2023-10-17T14:52:35.260+0000][3088.369s][info ][safepoint     ] Total time for which application threads were stopped: 0.0025006 seconds, Stopping threads took: 0.0010566 seconds
[2023-10-17T14:52:36.261+0000][3089.370s][debug][safepoint     ] Safepoint synchronization initiated. (184 threads)
[2023-10-17T14:52:36.262+0000][3089.371s][info ][safepoint     ] Application time: 1.0013233 seconds
[2023-10-17T14:52:36.263+0000][3089.372s][info ][safepoint     ] Entering safepoint region: Cleanup
[2023-10-17T14:52:36.264+0000][3089.373s][info ][safepoint     ] Leaving safepoint region
[2023-10-17T14:52:36.266+0000][3089.375s][info ][safepoint     ] Total time for which application threads were stopped: 0.0027028 seconds, Stopping threads took: 0.0008480 seconds
[2023-10-17T14:52:37.267+0000][3090.376s][debug][safepoint     ] Safepoint synchronization initiated. (184 threads)
[2023-10-17T14:52:37.268+0000][3090.377s][info ][safepoint     ] Application time: 1.0011547 seconds
[2023-10-17T14:52:37.269+0000][3090.378s][info ][safepoint     ] Entering safepoint region: Cleanup
[2023-10-17T14:52:37.270+0000][3090.379s][info ][safepoint     ] Leaving safepoint region
[2023-10-17T14:52:37.272+0000][3090.381s][info ][safepoint     ] Total time for which application threads were stopped: 0.0033464 seconds, Stopping threads took: 0.0010734 seconds
[2023-10-17T14:52:38.274+0000][3091.383s][debug][safepoint     ] Safepoint synchronization initiated. (184 threads)
[2023-10-17T14:52:38.275+0000][3091.384s][info ][safepoint     ] Application time: 1.0009986 seconds
[2023-10-17T14:52:38.276+0000][3091.384s][info ][safepoint     ] Entering safepoint region: Cleanup
[2023-10-17T14:52:38.277+0000][3091.385s][info ][safepoint     ] Leaving safepoint region
[2023-10-17T14:52:38.277+0000][3091.386s][info ][safepoint     ] Total time for which application threads were stopped: 0.0017742 seconds, Stopping threads took: 0.0007799 seconds
[2023-10-17T14:52:39.278+0000][3092.387s][debug][safepoint     ] Safepoint synchronization initiated. (184 threads)
[2023-10-17T14:52:39.279+0000][3092.388s][info ][safepoint     ] Application time: 1.0009622 seconds
[2023-10-17T14:52:39.279+0000][3092.388s][info ][safepoint     ] Entering safepoint region: Cleanup
[2023-10-17T14:52:39.280+0000][3092.389s][info ][safepoint     ] Leaving safepoint region
[2023-10-17T14:52:39.281+0000][3092.390s][info ][safepoint     ] Total time for which application threads were stopped: 0.0014572 seconds, Stopping threads took: 0.0006113 seconds
[2023-10-17T14:52:40.282+0000][3093.391s][debug][safepoint     ] Safepoint synchronization initiated. (184 threads)
[2023-10-17T14:52:40.283+0000][3093.392s][info ][safepoint     ] Application time: 1.0014996 seconds
[2023-10-17T14:52:40.284+0000][3093.393s][info ][safepoint     ] Entering safepoint region: Cleanup
[2023-10-17T14:52:40.285+0000][3093.394s][info ][safepoint     ] Leaving safepoint region
[2023-10-17T14:52:40.286+0000][3093.395s][info ][safepoint     ] Total time for which application threads were stopped: 0.0018447 seconds, Stopping threads took: 0.0008851 seconds
[2023-10-17T14:52:40.285+0000][3093.394s][debug][safepoint     ] ... found polling page return exception at pc = 0x00007fc1a54a9604, stub =0x00007fc19c840600
[2023-10-17T14:52:40.285+0000][3093.394s][debug][safepoint     ] ... found polling page return exception at pc = 0x00007fc1a54a9604, stub =0x00007fc19c840600
[2023-10-17T14:52:40.285+0000][3093.394s][debug][safepoint     ] ... found polling page return exception at pc = 0x00007fc1a54a9604, stub =0x00007fc19c840600
[2023-10-17T14:52:40.285+0000][3093.394s][debug][safepoint     ] ... found polling page return exception at pc = 0x00007fc1a54a9604, stub =0x00007fc19c840600
[2023-10-17T14:52:41.287+0000][3094.396s][debug][safepoint     ] Safepoint synchronization initiated. (184 threads)
[2023-10-17T14:52:41.288+0000][3094.397s][info ][safepoint     ] Application time: 1.0011494 seconds
[2023-10-17T14:52:41.289+0000][3094.398s][info ][safepoint     ] Entering safepoint region: Cleanup
[2023-10-17T14:52:41.290+0000][3094.399s][info ][safepoint     ] Leaving safepoint region
[2023-10-17T14:52:41.291+0000][3094.400s][info ][safepoint     ] Total time for which application threads were stopped: 0.0020566 seconds, Stopping threads took: 0.0009497 seconds
[2023-10-17T14:52:42.292+0000][3095.401s][debug][safepoint     ] Safepoint synchronization initiated. (184 threads)
[2023-10-17T14:52:42.293+0000][3095.402s][info ][safepoint     ] Application time: 1.0015556 seconds
[2023-10-17T14:52:42.294+0000][3095.403s][info ][safepoint     ] Entering safepoint region: Cleanup
[2023-10-17T14:52:42.295+0000][3095.404s][info ][safepoint     ] Leaving safepoint region
[2023-10-17T14:52:42.296+0000][3095.405s][info ][safepoint     ] Total time for which application threads were stopped: 0.0023552 seconds, Stopping threads took: 0.0009796 seconds
[2023-10-17T14:52:43.298+0000][3096.406s][debug][safepoint     ] Safepoint synchronization initiated. (184 threads)
[2023-10-17T14:52:43.298+0000][3096.407s][info ][safepoint     ] Application time: 1.0009996 seconds
[2023-10-17T14:52:43.299+0000][3096.408s][info ][safepoint     ] Entering safepoint region: Cleanup
[2023-10-17T14:52:43.300+0000][3096.409s][info ][safepoint     ] Leaving safepoint region
[2023-10-17T14:52:43.301+0000][3096.409s][info ][safepoint     ] Total time for which application threads were stopped: 0.0015611 seconds, Stopping threads took: 0.0007314 seconds
[2023-10-17T14:52:44.301+0000][3097.410s][debug][safepoint     ] Safepoint synchronization initiated. (184 threads)
[2023-10-17T14:52:44.302+0000][3097.411s][info ][safepoint     ] Application time: 1.0009865 seconds
[2023-10-17T14:52:44.303+0000][3097.412s][info ][safepoint     ] Entering safepoint region: Cleanup
[2023-10-17T14:52:44.304+0000][3097.413s][info ][safepoint     ] Leaving safepoint region
[2023-10-17T14:52:44.305+0000][3097.414s][info ][safepoint     ] Total time for which application threads were stopped: 0.0018650 seconds, Stopping threads took: 0.0007683 seconds
[2023-10-17T14:52:45.306+0000][3098.415s][debug][safepoint     ] Safepoint synchronization initiated. (184 threads)
[2023-10-17T14:52:45.307+0000][3098.416s][info ][safepoint     ] Application time: 1.0012388 seconds
[2023-10-17T14:52:45.307+0000][3098.416s][info ][safepoint     ] Entering safepoint region: Cleanup
[2023-10-17T14:52:45.308+0000][3098.417s][info ][safepoint     ] Leaving safepoint region
[2023-10-17T14:52:45.309+0000][3098.418s][info ][safepoint     ] Total time for which application threads were stopped: 0.0017472 seconds, Stopping threads took: 0.0007359 seconds
[2023-10-17T14:52:46.310+0000][3099.419s][debug][safepoint     ] Safepoint synchronization initiated. (184 threads)
[2023-10-17T14:52:46.311+0000][3099.420s][info ][safepoint     ] Application time: 1.0015256 seconds
[2023-10-17T14:52:46.312+0000][3099.421s][info ][safepoint     ] Entering safepoint region: Cleanup
[2023-10-17T14:52:46.314+0000][3099.422s][info ][safepoint     ] Leaving safepoint region
[2023-10-17T14:52:46.314+0000][3099.423s][info ][safepoint     ] Total time for which application threads were stopped: 0.0019683 seconds, Stopping threads took: 0.0007815 seconds
[2023-10-17T14:52:47.315+0000][3100.424s][debug][safepoint     ] Safepoint synchronization initiated. (184 threads)
[2023-10-17T14:52:47.316+0000][3100.425s][info ][safepoint     ] Application time: 1.0011673 seconds
[2023-10-17T14:52:47.317+0000][3100.426s][info ][safepoint     ] Entering safepoint region: Cleanup
[2023-10-17T14:52:47.318+0000][3100.427s][info ][safepoint     ] Leaving safepoint region
[2023-10-17T14:52:47.319+0000][3100.428s][info ][safepoint     ] Total time for which application threads were stopped: 0.0018485 seconds, Stopping threads took: 0.0008166 seconds
[2023-10-17T14:52:48.320+0000][3101.429s][debug][safepoint     ] Safepoint synchronization initiated. (184 threads)
[2023-10-17T14:52:48.321+0000][3101.430s][info ][safepoint     ] Application time: 1.0012314 seconds
[2023-10-17T14:52:48.322+0000][3101.431s][info ][safepoint     ] Entering safepoint region: Cleanup
[2023-10-17T14:52:48.323+0000][3101.432s][info ][safepoint     ] Leaving safepoint region
[2023-10-17T14:52:48.324+0000][3101.433s][info ][safepoint     ] Total time for which application threads were stopped: 0.0019221 seconds, Stopping threads took: 0.0008522 seconds
[2023-10-17T14:52:49.325+0000][3102.434s][debug][safepoint     ] Safepoint synchronization initiated. (184 threads)
[2023-10-17T14:52:49.326+0000][3102.434s][info ][safepoint     ] Application time: 1.0009863 seconds
[2023-10-17T14:52:49.327+0000][3102.435s][info ][safepoint     ] Entering safepoint region: Cleanup
[2023-10-17T14:52:49.328+0000][3102.437s][info ][safepoint     ] Leaving safepoint region
[2023-10-17T14:52:49.329+0000][3102.438s][info ][safepoint     ] Total time for which application threads were stopped: 0.0021740 seconds, Stopping threads took: 0.0009337 seconds
[2023-10-17T14:52:50.330+0000][3103.438s][debug][safepoint     ] Safepoint synchronization initiated. (184 threads)
[2023-10-17T14:52:50.331+0000][3103.439s][info ][safepoint     ] Application time: 1.0011050 seconds
[2023-10-17T14:52:50.331+0000][3103.440s][info ][safepoint     ] Entering safepoint region: Cleanup
[2023-10-17T14:52:50.333+0000][3103.441s][info ][safepoint     ] Leaving safepoint region
[2023-10-17T14:52:50.333+0000][3103.442s][info ][safepoint     ] Total time for which application threads were stopped: 0.0020100 seconds, Stopping threads took: 0.0008170 seconds
[2023-10-17T14:52:51.334+0000][3104.443s][debug][safepoint     ] Safepoint synchronization initiated. (184 threads)
[2023-10-17T14:52:51.336+0000][3104.445s][info ][safepoint     ] Application time: 1.0019685 seconds
[2023-10-17T14:52:51.337+0000][3104.446s][info ][safepoint     ] Entering safepoint region: Cleanup
[2023-10-17T14:52:51.338+0000][3104.447s][info ][safepoint     ] Leaving safepoint region
[2023-10-17T14:52:51.339+0000][3104.448s][info ][safepoint     ] Total time for which application threads were stopped: 0.0024306 seconds, Stopping threads took: 0.0011118 seconds
[2023-10-17T14:52:52.340+0000][3105.449s][debug][safepoint     ] Safepoint synchronization initiated. (184 threads)
[2023-10-17T14:52:52.341+0000][3105.450s][info ][safepoint     ] Application time: 1.0011013 seconds
[2023-10-17T14:52:52.342+0000][3105.451s][info ][safepoint     ] Entering safepoint region: Cleanup
[2023-10-17T14:52:52.343+0000][3105.452s][info ][safepoint     ] Leaving safepoint region
[2023-10-17T14:52:52.344+0000][3105.453s][info ][safepoint     ] Total time for which application threads were stopped: 0.0017037 seconds, Stopping threads took: 0.0008090 seconds
[2023-10-17T14:52:53.345+0000][3106.454s][debug][safepoint     ] Safepoint synchronization initiated. (184 threads)
[2023-10-17T14:52:53.346+0000][3106.455s][info ][safepoint     ] Application time: 1.0011833 seconds
[2023-10-17T14:52:53.347+0000][3106.456s][info ][safepoint     ] Entering safepoint region: Cleanup
[2023-10-17T14:52:53.348+0000][3106.457s][info ][safepoint     ] Leaving safepoint region
[2023-10-17T14:52:53.349+0000][3106.458s][info ][safepoint     ] Total time for which application threads were stopped: 0.0027180 seconds, Stopping threads took: 0.0011141 seconds
[2023-10-17T14:52:54.351+0000][3107.459s][debug][safepoint     ] Safepoint synchronization initiated. (184 threads)
[2023-10-17T14:52:54.352+0000][3107.461s][info ][safepoint     ] Application time: 1.0015873 seconds
[2023-10-17T14:52:54.353+0000][3107.462s][info ][safepoint     ] Entering safepoint region: Cleanup
[2023-10-17T14:52:54.355+0000][3107.463s][info ][safepoint     ] Leaving safepoint region
[2023-10-17T14:52:54.355+0000][3107.464s][info ][safepoint     ] Total time for which application threads were stopped: 0.0022258 seconds, Stopping threads took: 0.0010966 seconds
[2023-10-17T14:52:55.356+0000][3108.465s][debug][safepoint     ] Safepoint synchronization initiated. (184 threads)
[2023-10-17T14:52:55.357+0000][3108.466s][info ][safepoint     ] Application time: 1.0013071 seconds
[2023-10-17T14:52:55.358+0000][3108.467s][info ][safepoint     ] Entering safepoint region: Cleanup
[2023-10-17T14:52:55.360+0000][3108.469s][info ][safepoint     ] Leaving safepoint region
[2023-10-17T14:52:55.361+0000][3108.469s][info ][safepoint     ] Total time for which application threads were stopped: 0.0022554 seconds, Stopping threads took: 0.0010752 seconds
[2023-10-17T14:52:56.362+0000][3109.471s][debug][safepoint     ] Safepoint synchronization initiated. (184 threads)
[2023-10-17T14:52:56.363+0000][3109.472s][info ][safepoint     ] Application time: 1.0012872 seconds
[2023-10-17T14:52:56.364+0000][3109.473s][info ][safepoint     ] Entering safepoint region: Cleanup
[2023-10-17T14:52:56.365+0000][3109.474s][info ][safepoint     ] Leaving safepoint region
[2023-10-17T14:52:56.366+0000][3109.474s][info ][safepoint     ] Total time for which application threads were stopped: 0.0020193 seconds, Stopping threads took: 0.0007468 seconds
[2023-10-17T14:52:57.367+0000][3110.475s][debug][safepoint     ] Safepoint synchronization initiated. (184 threads)
[2023-10-17T14:52:57.367+0000][3110.476s][info ][safepoint     ] Application time: 1.0010322 seconds
[2023-10-17T14:52:57.368+0000][3110.477s][info ][safepoint     ] Entering safepoint region: Cleanup
[2023-10-17T14:52:57.369+0000][3110.478s][info ][safepoint     ] Leaving safepoint region
[2023-10-17T14:52:57.370+0000][3110.478s][info ][safepoint     ] Total time for which application threads were stopped: 0.0017116 seconds, Stopping threads took: 0.0006756 seconds
[2023-10-17T14:52:58.371+0000][3111.479s][debug][safepoint     ] Safepoint synchronization initiated. (184 threads)
[2023-10-17T14:52:58.372+0000][3111.481s][info ][safepoint     ] Application time: 1.0015464 seconds
[2023-10-17T14:52:58.373+0000][3111.482s][info ][safepoint     ] Entering safepoint region: Cleanup
[2023-10-17T14:52:58.374+0000][3111.483s][info ][safepoint     ] Leaving safepoint region
[2023-10-17T14:52:58.375+0000][3111.484s][info ][safepoint     ] Total time for which application threads were stopped: 0.0021754 seconds, Stopping threads took: 0.0009376 seconds
[2023-10-17T14:52:59.376+0000][3112.485s][debug][safepoint     ] Safepoint synchronization initiated. (184 threads)
[2023-10-17T14:52:59.377+0000][3112.486s][info ][safepoint     ] Application time: 1.0013159 seconds
[2023-10-17T14:52:59.378+0000][3112.487s][info ][safepoint     ] Entering safepoint region: Cleanup
[2023-10-17T14:52:59.379+0000][3112.488s][info ][safepoint     ] Leaving safepoint region
[2023-10-17T14:52:59.380+0000][3112.489s][info ][safepoint     ] Total time for which application threads were stopped: 0.0024427 seconds, Stopping threads took: 0.0007592 seconds
[2023-10-17T14:53:00.381+0000][3113.490s][debug][safepoint     ] Safepoint synchronization initiated. (184 threads)
[2023-10-17T14:53:00.383+0000][3113.492s][info ][safepoint     ] Application time: 1.0016276 seconds
[2023-10-17T14:53:00.384+0000][3113.493s][info ][safepoint     ] Entering safepoint region: Cleanup
[2023-10-17T14:53:00.385+0000][3113.494s][info ][safepoint     ] Leaving safepoint region
[2023-10-17T14:53:00.386+0000][3113.495s][info ][safepoint     ] Total time for which application threads were stopped: 0.0026385 seconds, Stopping threads took: 0.0011252 seconds
[2023-10-17T14:53:01.388+0000][3114.497s][debug][safepoint     ] Safepoint synchronization initiated. (184 threads)
[2023-10-17T14:53:01.390+0000][3114.499s][info ][safepoint     ] Application time: 1.0024518 seconds
[2023-10-17T14:53:01.391+0000][3114.500s][info ][safepoint     ] Entering safepoint region: Cleanup
[2023-10-17T14:53:01.392+0000][3114.501s][info ][safepoint     ] Leaving safepoint region
[2023-10-17T14:53:01.393+0000][3114.502s][info ][safepoint     ] Total time for which application threads were stopped: 0.0018611 seconds, Stopping threads took: 0.0009329 seconds
[2023-10-17T14:53:02.394+0000][3115.503s][debug][safepoint     ] Safepoint synchronization initiated. (184 threads)
[2023-10-17T14:53:02.396+0000][3115.505s][info ][safepoint     ] Application time: 1.0017754 seconds
[2023-10-17T14:53:02.397+0000][3115.506s][info ][safepoint     ] Entering safepoint region: Cleanup
[2023-10-17T14:53:02.398+0000][3115.507s][info ][safepoint     ] Leaving safepoint region
[2023-10-17T14:53:02.399+0000][3115.508s][info ][safepoint     ] Total time for which application threads were stopped: 0.0022609 seconds, Stopping threads took: 0.0009918 seconds
[2023-10-17T14:53:03.400+0000][3116.509s][debug][safepoint     ] Safepoint synchronization initiated. (184 threads)
[2023-10-17T14:53:03.401+0000][3116.510s][info ][safepoint     ] Application time: 1.0015636 seconds
[2023-10-17T14:53:03.402+0000][3116.511s][info ][safepoint     ] Entering safepoint region: Cleanup
[2023-10-17T14:53:03.403+0000][3116.512s][info ][safepoint     ] Leaving safepoint region
[2023-10-17T14:53:03.404+0000][3116.513s][info ][safepoint     ] Total time for which application threads were stopped: 0.0019899 seconds, Stopping threads took: 0.0007643 seconds
[2023-10-17T14:53:04.405+0000][3117.514s][debug][safepoint     ] Safepoint synchronization initiated. (184 threads)
[2023-10-17T14:53:04.406+0000][3117.515s][info ][safepoint     ] Application time: 1.0013734 seconds
[2023-10-17T14:53:04.407+0000][3117.516s][info ][safepoint     ] Entering safepoint region: Cleanup
[2023-10-17T14:53:04.408+0000][3117.517s][info ][safepoint     ] Leaving safepoint region
[2023-10-17T14:53:04.409+0000][3117.518s][info ][safepoint     ] Total time for which application threads were stopped: 0.0020693 seconds, Stopping threads took: 0.0009837 seconds
[2023-10-17T14:53:05.410+0000][3118.519s][debug][safepoint     ] Safepoint synchronization initiated. (184 threads)
[2023-10-17T14:53:05.411+0000][3118.520s][info ][safepoint     ] Application time: 1.0013952 seconds
[2023-10-17T14:53:05.413+0000][3118.522s][info ][safepoint     ] Entering safepoint region: Cleanup
[2023-10-17T14:53:05.414+0000][3118.523s][info ][safepoint     ] Leaving safepoint region
[2023-10-17T14:53:05.415+0000][3118.524s][info ][safepoint     ] Total time for which application threads were stopped: 0.0019352 seconds, Stopping threads took: 0.0006937 seconds
[2023-10-17T14:53:06.416+0000][3119.524s][debug][safepoint     ] Safepoint synchronization initiated. (184 threads)
[2023-10-17T14:53:06.417+0000][3119.526s][info ][safepoint     ] Application time: 1.0012781 seconds
[2023-10-17T14:53:06.418+0000][3119.526s][info ][safepoint     ] Entering safepoint region: Cleanup
[2023-10-17T14:53:06.419+0000][3119.528s][info ][safepoint     ] Leaving safepoint region
[2023-10-17T14:53:06.419+0000][3119.528s][info ][safepoint     ] Total time for which application threads were stopped: 0.0017846 seconds, Stopping threads took: 0.0008315 seconds
[2023-10-17T14:53:07.420+0000][3120.529s][debug][safepoint     ] Safepoint synchronization initiated. (184 threads)
[2023-10-17T14:53:07.422+0000][3120.531s][info ][safepoint     ] Application time: 1.0018038 seconds
[2023-10-17T14:53:07.423+0000][3120.532s][info ][safepoint     ] Entering safepoint region: Cleanup
[2023-10-17T14:53:07.424+0000][3120.533s][info ][safepoint     ] Leaving safepoint region
[2023-10-17T14:53:07.424+0000][3120.533s][info ][safepoint     ] Total time for which application threads were stopped: 0.0017850 seconds, Stopping threads took: 0.0007595 seconds
[2023-10-17T14:53:08.426+0000][3121.534s][debug][safepoint     ] Safepoint synchronization initiated. (184 threads)
[2023-10-17T14:53:08.427+0000][3121.536s][info ][safepoint     ] Application time: 1.0014654 seconds
[2023-10-17T14:53:08.428+0000][3121.537s][info ][safepoint     ] Entering safepoint region: Cleanup
[2023-10-17T14:53:08.430+0000][3121.539s][info ][safepoint     ] Leaving safepoint region
[2023-10-17T14:53:08.431+0000][3121.540s][info ][safepoint     ] Total time for which application threads were stopped: 0.0030205 seconds, Stopping threads took: 0.0013817 seconds
[2023-10-17T14:53:09.432+0000][3122.540s][debug][safepoint     ] Safepoint synchronization initiated. (184 threads)
[2023-10-17T14:53:09.433+0000][3122.542s][info ][safepoint     ] Application time: 1.0016179 seconds
[2023-10-17T14:53:09.435+0000][3122.543s][info ][safepoint     ] Entering safepoint region: Cleanup
[2023-10-17T14:53:09.436+0000][3122.545s][info ][safepoint     ] Leaving safepoint region
[2023-10-17T14:53:09.437+0000][3122.546s][info ][safepoint     ] Total time for which application threads were stopped: 0.0025130 seconds, Stopping threads took: 0.0012858 seconds
[2023-10-17T14:53:10.438+0000][3123.547s][debug][safepoint     ] Safepoint synchronization initiated. (184 threads)
[2023-10-17T14:53:10.439+0000][3123.548s][info ][safepoint     ] Application time: 1.0014814 seconds
[2023-10-17T14:53:10.440+0000][3123.549s][info ][safepoint     ] Entering safepoint region: Cleanup
[2023-10-17T14:53:10.442+0000][3123.551s][info ][safepoint     ] Leaving safepoint region
[2023-10-17T14:53:10.443+0000][3123.552s][info ][safepoint     ] Total time for which application threads were stopped: 0.0028198 seconds, Stopping threads took: 0.0008231 seconds
[2023-10-17T14:53:11.444+0000][3124.553s][debug][safepoint     ] Safepoint synchronization initiated. (184 threads)
[2023-10-17T14:53:11.445+0000][3124.554s][info ][safepoint     ] Application time: 1.0011616 seconds
[2023-10-17T14:53:11.446+0000][3124.555s][info ][safepoint     ] Entering safepoint region: Cleanup
[2023-10-17T14:53:11.447+0000][3124.556s][info ][safepoint     ] Leaving safepoint region
[2023-10-17T14:53:11.448+0000][3124.557s][info ][safepoint     ] Total time for which application threads were stopped: 0.0020499 seconds, Stopping threads took: 0.0009868 seconds
[2023-10-17T14:53:12.449+0000][3125.558s][debug][safepoint     ] Safepoint synchronization initiated. (184 threads)
[2023-10-17T14:53:12.450+0000][3125.559s][info ][safepoint     ] Application time: 1.0012244 seconds
[2023-10-17T14:53:12.451+0000][3125.560s][info ][safepoint     ] Entering safepoint region: Cleanup
[2023-10-17T14:53:12.452+0000][3125.561s][info ][safepoint     ] Leaving safepoint region
[2023-10-17T14:53:12.453+0000][3125.562s][info ][safepoint     ] Total time for which application threads were stopped: 0.0019543 seconds, Stopping threads took: 0.0008231 seconds
[2023-10-17T14:53:13.454+0000][3126.563s][debug][safepoint     ] Safepoint synchronization initiated. (184 threads)
[2023-10-17T14:53:13.455+0000][3126.564s][info ][safepoint     ] Application time: 1.0010593 seconds
[2023-10-17T14:53:13.456+0000][3126.564s][info ][safepoint     ] Entering safepoint region: Cleanup
[2023-10-17T14:53:13.456+0000][3126.565s][info ][safepoint     ] Leaving safepoint region
[2023-10-17T14:53:13.457+0000][3126.566s][info ][safepoint     ] Total time for which application threads were stopped: 0.0014458 seconds, Stopping threads took: 0.0006859 seconds
[2023-10-17T14:53:14.458+0000][3127.567s][debug][safepoint     ] Safepoint synchronization initiated. (184 threads)
[2023-10-17T14:53:14.459+0000][3127.568s][info ][safepoint     ] Application time: 1.0014712 seconds
[2023-10-17T14:53:14.460+0000][3127.569s][info ][safepoint     ] Entering safepoint region: Cleanup
[2023-10-17T14:53:14.461+0000][3127.570s][info ][safepoint     ] Leaving safepoint region
[2023-10-17T14:53:14.462+0000][3127.571s][info ][safepoint     ] Total time for which application threads were stopped: 0.0022989 seconds, Stopping threads took: 0.0009603 seconds
[2023-10-17T14:53:15.464+0000][3128.572s][debug][safepoint     ] Safepoint synchronization initiated. (184 threads)
[2023-10-17T14:53:15.465+0000][3128.574s][info ][safepoint     ] Application time: 1.0016576 seconds
[2023-10-17T14:53:15.466+0000][3128.575s][info ][safepoint     ] Entering safepoint region: Cleanup
[2023-10-17T14:53:15.468+0000][3128.576s][info ][safepoint     ] Leaving safepoint region
[2023-10-17T14:53:15.469+0000][3128.577s][info ][safepoint     ] Total time for which application threads were stopped: 0.0025054 seconds, Stopping threads took: 0.0011332 seconds
[2023-10-17T14:53:16.470+0000][3129.579s][debug][safepoint     ] Safepoint synchronization initiated. (184 threads)
[2023-10-17T14:53:16.471+0000][3129.580s][info ][safepoint     ] Application time: 1.0013697 seconds
[2023-10-17T14:53:16.472+0000][3129.581s][info ][safepoint     ] Entering safepoint region: Cleanup
[2023-10-17T14:53:16.473+0000][3129.582s][info ][safepoint     ] Leaving safepoint region
[2023-10-17T14:53:16.474+0000][3129.583s][info ][safepoint     ] Total time for which application threads were stopped: 0.0018466 seconds, Stopping threads took: 0.0007518 seconds
[2023-10-17T14:53:17.475+0000][3130.584s][debug][safepoint     ] Safepoint synchronization initiated. (184 threads)
[2023-10-17T14:53:17.476+0000][3130.585s][info ][safepoint     ] Application time: 1.0015087 seconds
[2023-10-17T14:53:17.478+0000][3130.586s][info ][safepoint     ] Entering safepoint region: Cleanup
[2023-10-17T14:53:17.479+0000][3130.587s][info ][safepoint     ] Leaving safepoint region
[2023-10-17T14:53:17.479+0000][3130.588s][info ][safepoint     ] Total time for which application threads were stopped: 0.0018276 seconds, Stopping threads took: 0.0009184 seconds
[2023-10-17T14:53:18.480+0000][3131.589s][debug][safepoint     ] Safepoint synchronization initiated. (184 threads)
[2023-10-17T14:53:18.481+0000][3131.590s][info ][safepoint     ] Application time: 1.0012580 seconds
[2023-10-17T14:53:18.482+0000][3131.591s][info ][safepoint     ] Entering safepoint region: Cleanup
[2023-10-17T14:53:18.483+0000][3131.592s][info ][safepoint     ] Leaving safepoint region
[2023-10-17T14:53:18.484+0000][3131.593s][info ][safepoint     ] Total time for which application threads were stopped: 0.0017686 seconds, Stopping threads took: 0.0007809 seconds
[2023-10-17T14:53:19.485+0000][3132.594s][debug][safepoint     ] Safepoint synchronization initiated. (184 threads)
[2023-10-17T14:53:19.486+0000][3132.595s][info ][safepoint     ] Application time: 1.0013004 seconds
[2023-10-17T14:53:19.487+0000][3132.595s][info ][safepoint     ] Entering safepoint region: Cleanup
[2023-10-17T14:53:19.488+0000][3132.597s][info ][safepoint     ] Leaving safepoint region
[2023-10-17T14:53:19.490+0000][3132.599s][info ][safepoint     ] Total time for which application threads were stopped: 0.0035602 seconds, Stopping threads took: 0.0015054 seconds
[2023-10-17T14:53:20.492+0000][3133.600s][debug][safepoint     ] Safepoint synchronization initiated. (184 threads)
[2023-10-17T14:53:20.493+0000][3133.602s][info ][safepoint     ] Application time: 1.0020101 seconds
[2023-10-17T14:53:20.494+0000][3133.603s][info ][safepoint     ] Entering safepoint region: Cleanup
[2023-10-17T14:53:20.495+0000][3133.604s][info ][safepoint     ] Leaving safepoint region
[2023-10-17T14:53:20.496+0000][3133.604s][info ][safepoint     ] Total time for which application threads were stopped: 0.0015539 seconds, Stopping threads took: 0.0007114 seconds
[2023-10-17T14:53:20.495+0000][3133.604s][debug][safepoint     ] ... found polling page return exception at pc = 0x00007fc1a54a9604, stub =0x00007fc19c840600
[2023-10-17T14:53:20.495+0000][3133.604s][debug][safepoint     ] ... found polling page return exception at pc = 0x00007fc1a54a9604, stub =0x00007fc19c840600
[2023-10-17T14:53:21.497+0000][3134.605s][debug][safepoint     ] Safepoint synchronization initiated. (184 threads)
[2023-10-17T14:53:21.498+0000][3134.607s][info ][safepoint     ] Application time: 1.0018617 seconds
[2023-10-17T14:53:21.499+0000][3134.608s][info ][safepoint     ] Entering safepoint region: Cleanup
[2023-10-17T14:53:21.500+0000][3134.608s][info ][safepoint     ] Leaving safepoint region
[2023-10-17T14:53:21.500+0000][3134.609s][info ][safepoint     ] Total time for which application threads were stopped: 0.0013786 seconds, Stopping threads took: 0.0005179 seconds
[2023-10-17T14:53:22.501+0000][3135.610s][debug][safepoint     ] Safepoint synchronization initiated. (184 threads)
[2023-10-17T14:53:22.502+0000][3135.611s][info ][safepoint     ] Application time: 1.0012065 seconds
[2023-10-17T14:53:22.503+0000][3135.611s][info ][safepoint     ] Entering safepoint region: Cleanup
[2023-10-17T14:53:22.504+0000][3135.613s][info ][safepoint     ] Leaving safepoint region
[2023-10-17T14:53:22.505+0000][3135.614s][info ][safepoint     ] Total time for which application threads were stopped: 0.0026594 seconds, Stopping threads took: 0.0007172 seconds
[2023-10-17T14:53:23.506+0000][3136.615s][debug][safepoint     ] Safepoint synchronization initiated. (184 threads)
[2023-10-17T14:53:23.508+0000][3136.616s][info ][safepoint     ] Application time: 1.0016022 seconds
[2023-10-17T14:53:23.509+0000][3136.618s][info ][safepoint     ] Entering safepoint region: Cleanup
[2023-10-17T14:53:23.510+0000][3136.618s][info ][safepoint     ] Leaving safepoint region
[2023-10-17T14:53:23.510+0000][3136.619s][info ][safepoint     ] Total time for which application threads were stopped: 0.0013877 seconds, Stopping threads took: 0.0005467 seconds
[2023-10-17T14:53:24.511+0000][3137.620s][debug][safepoint     ] Safepoint synchronization initiated. (184 threads)
[2023-10-17T14:53:24.512+0000][3137.621s][info ][safepoint     ] Application time: 1.0013044 seconds
[2023-10-17T14:53:24.513+0000][3137.622s][info ][safepoint     ] Entering safepoint region: Cleanup
[2023-10-17T14:53:24.515+0000][3137.623s][info ][safepoint     ] Leaving safepoint region
[2023-10-17T14:53:24.516+0000][3137.624s][info ][safepoint     ] Total time for which application threads were stopped: 0.0024149 seconds, Stopping threads took: 0.0010433 seconds
[2023-10-17T14:53:25.517+0000][3138.626s][debug][safepoint     ] Safepoint synchronization initiated. (184 threads)
[2023-10-17T14:53:25.518+0000][3138.627s][info ][safepoint     ] Application time: 1.0013557 seconds
[2023-10-17T14:53:25.520+0000][3138.628s][info ][safepoint     ] Entering safepoint region: Cleanup
[2023-10-17T14:53:25.522+0000][3138.630s][info ][safepoint     ] Leaving safepoint region
[2023-10-17T14:53:25.523+0000][3138.632s][info ][safepoint     ] Total time for which application threads were stopped: 0.0034894 seconds, Stopping threads took: 0.0014755 seconds
[2023-10-17T14:53:26.524+0000][3139.633s][debug][safepoint     ] Safepoint synchronization initiated. (184 threads)
[2023-10-17T14:53:26.525+0000][3139.634s][info ][safepoint     ] Application time: 1.0013010 seconds
[2023-10-17T14:53:26.527+0000][3139.636s][info ][safepoint     ] Entering safepoint region: Cleanup
[2023-10-17T14:53:26.528+0000][3139.636s][info ][safepoint     ] Leaving safepoint region
[2023-10-17T14:53:26.529+0000][3139.637s][info ][safepoint     ] Total time for which application threads were stopped: 0.0016727 seconds, Stopping threads took: 0.0006769 seconds
[2023-10-17T14:53:27.529+0000][3140.638s][debug][safepoint     ] Safepoint synchronization initiated. (184 threads)
[2023-10-17T14:53:27.530+0000][3140.639s][info ][safepoint     ] Application time: 1.0010967 seconds
[2023-10-17T14:53:27.531+0000][3140.640s][info ][safepoint     ] Entering safepoint region: Cleanup
[2023-10-17T14:53:27.532+0000][3140.641s][info ][safepoint     ] Leaving safepoint region
[2023-10-17T14:53:27.533+0000][3140.641s][info ][safepoint     ] Total time for which application threads were stopped: 0.0019086 seconds, Stopping threads took: 0.0008040 seconds
[2023-10-17T14:53:28.534+0000][3141.642s][debug][safepoint     ] Safepoint synchronization initiated. (184 threads)
[2023-10-17T14:53:28.535+0000][3141.644s][info ][safepoint     ] Application time: 1.0013268 seconds
[2023-10-17T14:53:28.536+0000][3141.645s][info ][safepoint     ] Entering safepoint region: Cleanup
[2023-10-17T14:53:28.537+0000][3141.646s][info ][safepoint     ] Leaving safepoint region
[2023-10-17T14:53:28.538+0000][3141.647s][info ][safepoint     ] Total time for which application threads were stopped: 0.0024221 seconds, Stopping threads took: 0.0009032 seconds
[2023-10-17T14:53:29.540+0000][3142.648s][debug][safepoint     ] Safepoint synchronization initiated. (184 threads)
[2023-10-17T14:53:29.541+0000][3142.649s][info ][safepoint     ] Application time: 1.0012850 seconds
[2023-10-17T14:53:29.541+0000][3142.650s][info ][safepoint     ] Entering safepoint region: Cleanup
[2023-10-17T14:53:29.542+0000][3142.651s][info ][safepoint     ] Leaving safepoint region
[2023-10-17T14:53:29.543+0000][3142.652s][info ][safepoint     ] Total time for which application threads were stopped: 0.0017417 seconds, Stopping threads took: 0.0007298 seconds
[2023-10-17T14:53:30.544+0000][3143.653s][debug][safepoint     ] Safepoint synchronization initiated. (185 threads)
[2023-10-17T14:53:30.545+0000][3143.653s][info ][safepoint     ] Application time: 1.0009673 seconds
[2023-10-17T14:53:30.545+0000][3143.654s][info ][safepoint     ] Entering safepoint region: Cleanup
[2023-10-17T14:53:30.546+0000][3143.655s][info ][safepoint     ] Leaving safepoint region
[2023-10-17T14:53:30.547+0000][3143.656s][info ][safepoint     ] Total time for which application threads were stopped: 0.0019133 seconds, Stopping threads took: 0.0006905 seconds
[2023-10-17T14:53:31.548+0000][3144.657s][debug][safepoint     ] Safepoint synchronization initiated. (185 threads)
[2023-10-17T14:53:31.549+0000][3144.658s][info ][safepoint     ] Application time: 1.0008814 seconds
[2023-10-17T14:53:31.550+0000][3144.658s][debug][safepoint     ] Waiting for 1 thread(s) to block
[2023-10-17T14:53:31.551+0000][3144.659s][info ][safepoint     ] Entering safepoint region: Cleanup
[2023-10-17T14:53:31.552+0000][3144.661s][info ][safepoint     ] Leaving safepoint region
[2023-10-17T14:53:31.553+0000][3144.662s][info ][safepoint     ] Total time for which application threads were stopped: 0.0033617 seconds, Stopping threads took: 0.0016865 seconds
[2023-10-17T14:53:32.554+0000][3145.663s][debug][safepoint     ] Safepoint synchronization initiated. (185 threads)
[2023-10-17T14:53:32.556+0000][3145.664s][info ][safepoint     ] Application time: 1.0017853 seconds
[2023-10-17T14:53:32.557+0000][3145.666s][info ][safepoint     ] Entering safepoint region: Cleanup
[2023-10-17T14:53:32.559+0000][3145.667s][info ][safepoint     ] Leaving safepoint region
[2023-10-17T14:53:32.560+0000][3145.668s][info ][safepoint     ] Total time for which application threads were stopped: 0.0023549 seconds, Stopping threads took: 0.0010626 seconds
[2023-10-17T14:53:33.560+0000][3146.669s][debug][safepoint     ] Safepoint synchronization initiated. (185 threads)
[2023-10-17T14:53:33.562+0000][3146.671s][info ][safepoint     ] Application time: 1.0019678 seconds
[2023-10-17T14:53:33.563+0000][3146.672s][info ][safepoint     ] Entering safepoint region: Cleanup
[2023-10-17T14:53:33.565+0000][3146.673s][info ][safepoint     ] Leaving safepoint region
[2023-10-17T14:53:33.566+0000][3146.674s][info ][safepoint     ] Total time for which application threads were stopped: 0.0025215 seconds, Stopping threads took: 0.0011872 seconds
[2023-10-17T14:53:34.567+0000][3147.676s][debug][safepoint     ] Safepoint synchronization initiated. (185 threads)
[2023-10-17T14:53:34.568+0000][3147.677s][info ][safepoint     ] Application time: 1.0012852 seconds
[2023-10-17T14:53:34.569+0000][3147.677s][info ][safepoint     ] Entering safepoint region: Cleanup
[2023-10-17T14:53:34.570+0000][3147.678s][info ][safepoint     ] Leaving safepoint region
[2023-10-17T14:53:34.570+0000][3147.679s][info ][safepoint     ] Total time for which application threads were stopped: 0.0016700 seconds, Stopping threads took: 0.0007382 seconds
[2023-10-17T14:53:35.571+0000][3148.680s][debug][safepoint     ] Safepoint synchronization initiated. (185 threads)
[2023-10-17T14:53:35.572+0000][3148.681s][info ][safepoint     ] Application time: 1.0012893 seconds
[2023-10-17T14:53:35.573+0000][3148.682s][info ][safepoint     ] Entering safepoint region: Cleanup
[2023-10-17T14:53:35.574+0000][3148.683s][info ][safepoint     ] Leaving safepoint region
[2023-10-17T14:53:35.575+0000][3148.683s][info ][safepoint     ] Total time for which application threads were stopped: 0.0017892 seconds, Stopping threads took: 0.0007222 seconds
[2023-10-17T14:53:36.575+0000][3149.684s][debug][safepoint     ] Safepoint synchronization initiated. (185 threads)
[2023-10-17T14:53:36.576+0000][3149.685s][info ][safepoint     ] Application time: 1.0009860 seconds
[2023-10-17T14:53:36.577+0000][3149.686s][info ][safepoint     ] Entering safepoint region: Cleanup
[2023-10-17T14:53:36.578+0000][3149.687s][info ][safepoint     ] Leaving safepoint region
[2023-10-17T14:53:36.579+0000][3149.687s][info ][safepoint     ] Total time for which application threads were stopped: 0.0015662 seconds, Stopping threads took: 0.0005908 seconds
[2023-10-17T14:53:37.580+0000][3150.688s][debug][safepoint     ] Safepoint synchronization initiated. (185 threads)
[2023-10-17T14:53:37.580+0000][3150.689s][info ][safepoint     ] Application time: 1.0008719 seconds
[2023-10-17T14:53:37.581+0000][3150.690s][info ][safepoint     ] Entering safepoint region: Cleanup
[2023-10-17T14:53:37.582+0000][3150.690s][info ][safepoint     ] Leaving safepoint region
[2023-10-17T14:53:37.583+0000][3150.691s][info ][safepoint     ] Total time for which application threads were stopped: 0.0016672 seconds, Stopping threads took: 0.0005392 seconds
[2023-10-17T14:53:38.584+0000][3151.693s][debug][safepoint     ] Safepoint synchronization initiated. (185 threads)
[2023-10-17T14:53:38.585+0000][3151.694s][info ][safepoint     ] Application time: 1.0008999 seconds
[2023-10-17T14:53:38.586+0000][3151.694s][info ][safepoint     ] Entering safepoint region: Cleanup
[2023-10-17T14:53:38.587+0000][3151.695s][info ][safepoint     ] Leaving safepoint region
[2023-10-17T14:53:38.587+0000][3151.696s][info ][safepoint     ] Total time for which application threads were stopped: 0.0018140 seconds, Stopping threads took: 0.0008034 seconds
[2023-10-17T14:53:39.589+0000][3152.697s][debug][safepoint     ] Safepoint synchronization initiated. (185 threads)
[2023-10-17T14:53:39.590+0000][3152.698s][info ][safepoint     ] Application time: 1.0014121 seconds
[2023-10-17T14:53:39.591+0000][3152.699s][info ][safepoint     ] Entering safepoint region: Cleanup
[2023-10-17T14:53:39.592+0000][3152.701s][info ][safepoint     ] Leaving safepoint region
[2023-10-17T14:53:39.593+0000][3152.702s][info ][safepoint     ] Total time for which application threads were stopped: 0.0022160 seconds, Stopping threads took: 0.0011130 seconds
[2023-10-17T14:53:40.594+0000][3153.702s][debug][safepoint     ] Safepoint synchronization initiated. (185 threads)
[2023-10-17T14:53:40.595+0000][3153.703s][info ][safepoint     ] Application time: 1.0010223 seconds
[2023-10-17T14:53:40.595+0000][3153.704s][info ][safepoint     ] Entering safepoint region: Cleanup
[2023-10-17T14:53:40.596+0000][3153.705s][info ][safepoint     ] Leaving safepoint region
[2023-10-17T14:53:40.597+0000][3153.706s][info ][safepoint     ] Total time for which application threads were stopped: 0.0018691 seconds, Stopping threads took: 0.0008626 seconds
[2023-10-17T14:53:41.599+0000][3154.707s][debug][safepoint     ] Safepoint synchronization initiated. (185 threads)
[2023-10-17T14:53:41.600+0000][3154.708s][info ][safepoint     ] Application time: 1.0015680 seconds
[2023-10-17T14:53:41.601+0000][3154.709s][info ][safepoint     ] Entering safepoint region: Cleanup
[2023-10-17T14:53:41.602+0000][3154.711s][info ][safepoint     ] Leaving safepoint region
[2023-10-17T14:53:41.603+0000][3154.712s][info ][safepoint     ] Total time for which application threads were stopped: 0.0027881 seconds, Stopping threads took: 0.0008127 seconds
[2023-10-17T14:53:42.605+0000][3155.713s][debug][safepoint     ] Safepoint synchronization initiated. (185 threads)
[2023-10-17T14:53:42.606+0000][3155.714s][info ][safepoint     ] Application time: 1.0014533 seconds
[2023-10-17T14:53:42.607+0000][3155.715s][info ][safepoint     ] Entering safepoint region: Cleanup
[2023-10-17T14:53:42.608+0000][3155.716s][info ][safepoint     ] Leaving safepoint region
[2023-10-17T14:53:42.608+0000][3155.717s][info ][safepoint     ] Total time for which application threads were stopped: 0.0016656 seconds, Stopping threads took: 0.0008662 seconds
[2023-10-17T14:53:43.609+0000][3156.717s][debug][safepoint     ] Safepoint synchronization initiated. (185 threads)
[2023-10-17T14:53:43.610+0000][3156.718s][info ][safepoint     ] Application time: 1.0010940 seconds
[2023-10-17T14:53:43.611+0000][3156.719s][info ][safepoint     ] Entering safepoint region: Cleanup
[2023-10-17T14:53:43.612+0000][3156.721s][info ][safepoint     ] Leaving safepoint region
[2023-10-17T14:53:43.613+0000][3156.722s][info ][safepoint     ] Total time for which application threads were stopped: 0.0022436 seconds, Stopping threads took: 0.0009909 seconds
[2023-10-17T14:53:44.614+0000][3157.723s][debug][safepoint     ] Safepoint synchronization initiated. (185 threads)
[2023-10-17T14:53:44.616+0000][3157.724s][info ][safepoint     ] Application time: 1.0018503 seconds
[2023-10-17T14:53:44.617+0000][3157.725s][info ][safepoint     ] Entering safepoint region: Cleanup
[2023-10-17T14:53:44.618+0000][3157.727s][info ][safepoint     ] Leaving safepoint region
[2023-10-17T14:53:44.619+0000][3157.728s][info ][safepoint     ] Total time for which application threads were stopped: 0.0025457 seconds, Stopping threads took: 0.0015185 seconds
[2023-10-17T14:53:45.620+0000][3158.729s][debug][safepoint     ] Safepoint synchronization initiated. (185 threads)
[2023-10-17T14:53:45.621+0000][3158.730s][info ][safepoint     ] Application time: 1.0010986 seconds
[2023-10-17T14:53:45.622+0000][3158.731s][info ][safepoint     ] Entering safepoint region: Cleanup
[2023-10-17T14:53:45.623+0000][3158.732s][info ][safepoint     ] Leaving safepoint region
[2023-10-17T14:53:45.624+0000][3158.732s][info ][safepoint     ] Total time for which application threads were stopped: 0.0016462 seconds, Stopping threads took: 0.0008275 seconds
[2023-10-17T14:53:46.625+0000][3159.733s][debug][safepoint     ] Safepoint synchronization initiated. (185 threads)
[2023-10-17T14:53:46.625+0000][3159.734s][info ][safepoint     ] Application time: 1.0009590 seconds
[2023-10-17T14:53:46.626+0000][3159.735s][info ][safepoint     ] Entering safepoint region: Cleanup
[2023-10-17T14:53:46.629+0000][3159.738s][info ][safepoint     ] Leaving safepoint region
[2023-10-17T14:53:46.630+0000][3159.738s][info ][safepoint     ] Total time for which application threads were stopped: 0.0036089 seconds, Stopping threads took: 0.0020726 seconds
[2023-10-17T14:53:47.631+0000][3160.739s][debug][safepoint     ] Safepoint synchronization initiated. (185 threads)
[2023-10-17T14:53:47.632+0000][3160.740s][info ][safepoint     ] Application time: 1.0014028 seconds
[2023-10-17T14:53:47.633+0000][3160.742s][info ][safepoint     ] Entering safepoint region: Cleanup
[2023-10-17T14:53:47.634+0000][3160.743s][info ][safepoint     ] Leaving safepoint region
[2023-10-17T14:53:47.636+0000][3160.745s][info ][safepoint     ] Total time for which application threads were stopped: 0.0034001 seconds, Stopping threads took: 0.0012369 seconds
[2023-10-17T14:53:48.638+0000][3161.746s][debug][safepoint     ] Safepoint synchronization initiated. (185 threads)
[2023-10-17T14:53:48.639+0000][3161.748s][info ][safepoint     ] Application time: 1.0022080 seconds
[2023-10-17T14:53:48.641+0000][3161.749s][info ][safepoint     ] Entering safepoint region: Cleanup
[2023-10-17T14:53:48.642+0000][3161.751s][info ][safepoint     ] Leaving safepoint region
[2023-10-17T14:53:48.643+0000][3161.751s][info ][safepoint     ] Total time for which application threads were stopped: 0.0023344 seconds, Stopping threads took: 0.0011000 seconds
[2023-10-17T14:53:49.644+0000][3162.753s][debug][safepoint     ] Safepoint synchronization initiated. (185 threads)
[2023-10-17T14:53:49.646+0000][3162.754s][info ][safepoint     ] Application time: 1.0020052 seconds
[2023-10-17T14:53:49.647+0000][3162.755s][info ][safepoint     ] Entering safepoint region: Cleanup
[2023-10-17T14:53:49.648+0000][3162.757s][info ][safepoint     ] Leaving safepoint region
[2023-10-17T14:53:49.649+0000][3162.757s][info ][safepoint     ] Total time for which application threads were stopped: 0.0021006 seconds, Stopping threads took: 0.0009906 seconds
[2023-10-17T14:53:50.650+0000][3163.759s][debug][safepoint     ] Safepoint synchronization initiated. (185 threads)
[2023-10-17T14:53:50.651+0000][3163.760s][info ][safepoint     ] Application time: 1.0015251 seconds
[2023-10-17T14:53:50.652+0000][3163.760s][info ][safepoint     ] Entering safepoint region: Cleanup
[2023-10-17T14:53:50.653+0000][3163.761s][info ][safepoint     ] Leaving safepoint region
[2023-10-17T14:53:50.653+0000][3163.762s][info ][safepoint     ] Total time for which application threads were stopped: 0.0016197 seconds, Stopping threads took: 0.0005794 seconds
[2023-10-17T14:53:51.654+0000][3164.763s][debug][safepoint     ] Safepoint synchronization initiated. (185 threads)
[2023-10-17T14:53:51.655+0000][3164.764s][info ][safepoint     ] Application time: 1.0012794 seconds
[2023-10-17T14:53:51.656+0000][3164.765s][info ][safepoint     ] Entering safepoint region: Cleanup
[2023-10-17T14:53:51.658+0000][3164.766s][info ][safepoint     ] Leaving safepoint region
[2023-10-17T14:53:51.658+0000][3164.767s][info ][safepoint     ] Total time for which application threads were stopped: 0.0019686 seconds, Stopping threads took: 0.0009474 seconds
[2023-10-17T14:53:52.659+0000][3165.768s][debug][safepoint     ] Safepoint synchronization initiated. (185 threads)
[2023-10-17T14:53:52.660+0000][3165.769s][info ][safepoint     ] Application time: 1.0011905 seconds
[2023-10-17T14:53:52.661+0000][3165.770s][info ][safepoint     ] Entering safepoint region: Cleanup
[2023-10-17T14:53:52.662+0000][3165.771s][info ][safepoint     ] Leaving safepoint region
[2023-10-17T14:53:52.663+0000][3165.772s][info ][safepoint     ] Total time for which application threads were stopped: 0.0019342 seconds, Stopping threads took: 0.0008548 seconds
[2023-10-17T14:53:53.664+0000][3166.773s][debug][safepoint     ] Safepoint synchronization initiated. (185 threads)
[2023-10-17T14:53:53.665+0000][3166.774s][info ][safepoint     ] Application time: 1.0012488 seconds
[2023-10-17T14:53:53.666+0000][3166.775s][info ][safepoint     ] Entering safepoint region: Cleanup
[2023-10-17T14:53:53.667+0000][3166.776s][info ][safepoint     ] Leaving safepoint region
[2023-10-17T14:53:53.668+0000][3166.777s][info ][safepoint     ] Total time for which application threads were stopped: 0.0020720 seconds, Stopping threads took: 0.0008639 seconds
[2023-10-17T14:53:54.669+0000][3167.778s][debug][safepoint     ] Safepoint synchronization initiated. (185 threads)
[2023-10-17T14:53:54.670+0000][3167.779s][info ][safepoint     ] Application time: 1.0013739 seconds
[2023-10-17T14:53:54.671+0000][3167.780s][info ][safepoint     ] Entering safepoint region: Cleanup
[2023-10-17T14:53:54.672+0000][3167.781s][info ][safepoint     ] Leaving safepoint region
[2023-10-17T14:53:54.673+0000][3167.782s][info ][safepoint     ] Total time for which application threads were stopped: 0.0021862 seconds, Stopping threads took: 0.0008999 seconds
[2023-10-17T14:53:55.674+0000][3168.783s][debug][safepoint     ] Safepoint synchronization initiated. (185 threads)
[2023-10-17T14:53:55.675+0000][3168.784s][info ][safepoint     ] Application time: 1.0013246 seconds
[2023-10-17T14:53:55.676+0000][3168.785s][info ][safepoint     ] Entering safepoint region: Cleanup
[2023-10-17T14:53:55.678+0000][3168.787s][info ][safepoint     ] Leaving safepoint region
[2023-10-17T14:53:55.679+0000][3168.787s][info ][safepoint     ] Total time for which application threads were stopped: 0.0024278 seconds, Stopping threads took: 0.0011669 seconds
[2023-10-17T14:53:56.680+0000][3169.788s][debug][safepoint     ] Safepoint synchronization initiated. (185 threads)
[2023-10-17T14:53:56.681+0000][3169.790s][info ][safepoint     ] Application time: 1.0012398 seconds
[2023-10-17T14:53:56.682+0000][3169.791s][info ][safepoint     ] Entering safepoint region: Cleanup
[2023-10-17T14:53:56.683+0000][3169.792s][info ][safepoint     ] Leaving safepoint region
[2023-10-17T14:53:56.684+0000][3169.792s][info ][safepoint     ] Total time for which application threads were stopped: 0.0017262 seconds, Stopping threads took: 0.0008163 seconds
[2023-10-17T14:53:57.685+0000][3170.793s][debug][safepoint     ] Safepoint synchronization initiated. (185 threads)
[2023-10-17T14:53:57.686+0000][3170.795s][info ][safepoint     ] Application time: 1.0019962 seconds
[2023-10-17T14:53:57.687+0000][3170.796s][info ][safepoint     ] Entering safepoint region: Cleanup
[2023-10-17T14:53:57.688+0000][3170.797s][info ][safepoint     ] Leaving safepoint region
[2023-10-17T14:53:57.689+0000][3170.798s][info ][safepoint     ] Total time for which application threads were stopped: 0.0018759 seconds, Stopping threads took: 0.0006984 seconds
[2023-10-17T14:53:58.690+0000][3171.799s][debug][safepoint     ] Safepoint synchronization initiated. (185 threads)
[2023-10-17T14:53:58.691+0000][3171.800s][info ][safepoint     ] Application time: 1.0012193 seconds
[2023-10-17T14:53:58.692+0000][3171.801s][info ][safepoint     ] Entering safepoint region: Cleanup
[2023-10-17T14:53:58.694+0000][3171.803s][info ][safepoint     ] Leaving safepoint region
[2023-10-17T14:53:58.695+0000][3171.804s][info ][safepoint     ] Total time for which application threads were stopped: 0.0026835 seconds, Stopping threads took: 0.0013267 seconds
[2023-10-17T14:53:59.696+0000][3172.805s][debug][safepoint     ] Safepoint synchronization initiated. (185 threads)
[2023-10-17T14:53:59.697+0000][3172.806s][info ][safepoint     ] Application time: 1.0012159 seconds
[2023-10-17T14:53:59.698+0000][3172.807s][info ][safepoint     ] Entering safepoint region: Cleanup
[2023-10-17T14:53:59.699+0000][3172.808s][info ][safepoint     ] Leaving safepoint region
[2023-10-17T14:53:59.700+0000][3172.809s][info ][safepoint     ] Total time for which application threads were stopped: 0.0020374 seconds, Stopping threads took: 0.0009208 seconds
[2023-10-17T14:54:00.701+0000][3173.810s][debug][safepoint     ] Safepoint synchronization initiated. (185 threads)
[2023-10-17T14:54:00.702+0000][3173.811s][info ][safepoint     ] Application time: 1.0012878 seconds
[2023-10-17T14:54:00.703+0000][3173.811s][info ][safepoint     ] Entering safepoint region: Cleanup
[2023-10-17T14:54:00.704+0000][3173.813s][info ][safepoint     ] Leaving safepoint region
[2023-10-17T14:54:00.705+0000][3173.814s][info ][safepoint     ] Total time for which application threads were stopped: 0.0022533 seconds, Stopping threads took: 0.0010256 seconds
[2023-10-17T14:54:01.706+0000][3174.815s][debug][safepoint     ] Safepoint synchronization initiated. (185 threads)
[2023-10-17T14:54:01.707+0000][3174.815s][info ][safepoint     ] Application time: 1.0011707 seconds
[2023-10-17T14:54:01.708+0000][3174.816s][info ][safepoint     ] Entering safepoint region: Cleanup
[2023-10-17T14:54:01.708+0000][3174.817s][info ][safepoint     ] Leaving safepoint region
[2023-10-17T14:54:01.709+0000][3174.818s][info ][safepoint     ] Total time for which application threads were stopped: 0.0015799 seconds, Stopping threads took: 0.0006337 seconds
[2023-10-17T14:54:02.710+0000][3175.819s][debug][safepoint     ] Safepoint synchronization initiated. (185 threads)
[2023-10-17T14:54:02.711+0000][3175.819s][info ][safepoint     ] Application time: 1.0010770 seconds
[2023-10-17T14:54:02.712+0000][3175.820s][info ][safepoint     ] Entering safepoint region: Cleanup
[2023-10-17T14:54:02.713+0000][3175.822s][info ][safepoint     ] Leaving safepoint region
[2023-10-17T14:54:02.714+0000][3175.822s][info ][safepoint     ] Total time for which application threads were stopped: 0.0020183 seconds, Stopping threads took: 0.0009635 seconds
[2023-10-17T14:54:03.715+0000][3176.823s][debug][safepoint     ] Safepoint synchronization initiated. (185 threads)
[2023-10-17T14:54:03.716+0000][3176.825s][info ][safepoint     ] Application time: 1.0015285 seconds
[2023-10-17T14:54:03.717+0000][3176.826s][info ][safepoint     ] Entering safepoint region: Cleanup
[2023-10-17T14:54:03.718+0000][3176.827s][info ][safepoint     ] Leaving safepoint region
[2023-10-17T14:54:03.719+0000][3176.828s][info ][safepoint     ] Total time for which application threads were stopped: 0.0023197 seconds, Stopping threads took: 0.0011676 seconds
[2023-10-17T14:54:04.720+0000][3177.829s][debug][safepoint     ] Safepoint synchronization initiated. (185 threads)
[2023-10-17T14:54:04.721+0000][3177.830s][info ][safepoint     ] Application time: 1.0014062 seconds
[2023-10-17T14:54:04.723+0000][3177.832s][info ][safepoint     ] Entering safepoint region: Cleanup
[2023-10-17T14:54:04.725+0000][3177.833s][info ][safepoint     ] Leaving safepoint region
[2023-10-17T14:54:04.725+0000][3177.834s][info ][safepoint     ] Total time for which application threads were stopped: 0.0023574 seconds, Stopping threads took: 0.0012181 seconds
[2023-10-17T14:54:05.726+0000][3178.835s][debug][safepoint     ] Safepoint synchronization initiated. (185 threads)
[2023-10-17T14:54:05.728+0000][3178.836s][info ][safepoint     ] Application time: 1.0014859 seconds
[2023-10-17T14:54:05.729+0000][3178.837s][info ][safepoint     ] Entering safepoint region: Cleanup
[2023-10-17T14:54:05.730+0000][3178.838s][info ][safepoint     ] Leaving safepoint region
[2023-10-17T14:54:05.731+0000][3178.839s][info ][safepoint     ] Total time for which application threads were stopped: 0.0023426 seconds, Stopping threads took: 0.0010546 seconds
[2023-10-17T14:54:06.732+0000][3179.841s][debug][safepoint     ] Safepoint synchronization initiated. (185 threads)
[2023-10-17T14:54:06.733+0000][3179.842s][info ][safepoint     ] Application time: 1.0015874 seconds
[2023-10-17T14:54:06.734+0000][3179.843s][info ][safepoint     ] Entering safepoint region: Cleanup
[2023-10-17T14:54:06.736+0000][3179.845s][info ][safepoint     ] Leaving safepoint region
[2023-10-17T14:54:06.737+0000][3179.845s][info ][safepoint     ] Total time for which application threads were stopped: 0.0025911 seconds, Stopping threads took: 0.0013043 seconds
[2023-10-17T14:54:07.738+0000][3180.847s][debug][safepoint     ] Safepoint synchronization initiated. (185 threads)
[2023-10-17T14:54:07.739+0000][3180.848s][info ][safepoint     ] Application time: 1.0009818 seconds
[2023-10-17T14:54:07.740+0000][3180.849s][info ][safepoint     ] Entering safepoint region: Cleanup
[2023-10-17T14:54:07.741+0000][3180.850s][info ][safepoint     ] Leaving safepoint region
[2023-10-17T14:54:07.742+0000][3180.851s][info ][safepoint     ] Total time for which application threads were stopped: 0.0019477 seconds, Stopping threads took: 0.0007958 seconds
[2023-10-17T14:54:08.743+0000][3181.852s][debug][safepoint     ] Safepoint synchronization initiated. (185 threads)
[2023-10-17T14:54:08.744+0000][3181.853s][info ][safepoint     ] Application time: 1.0014408 seconds
[2023-10-17T14:54:08.745+0000][3181.854s][info ][safepoint     ] Entering safepoint region: Cleanup
[2023-10-17T14:54:08.746+0000][3181.855s][info ][safepoint     ] Leaving safepoint region
[2023-10-17T14:54:08.747+0000][3181.856s][info ][safepoint     ] Total time for which application threads were stopped: 0.0020896 seconds, Stopping threads took: 0.0009647 seconds
[2023-10-17T14:54:09.748+0000][3182.857s][debug][safepoint     ] Safepoint synchronization initiated. (185 threads)
[2023-10-17T14:54:09.749+0000][3182.858s][info ][safepoint     ] Application time: 1.0012415 seconds
[2023-10-17T14:54:09.750+0000][3182.859s][info ][safepoint     ] Entering safepoint region: Cleanup
[2023-10-17T14:54:09.751+0000][3182.860s][info ][safepoint     ] Leaving safepoint region
[2023-10-17T14:54:09.752+0000][3182.861s][info ][safepoint     ] Total time for which application threads were stopped: 0.0018787 seconds, Stopping threads took: 0.0007434 seconds
[2023-10-17T14:54:10.753+0000][3183.862s][debug][safepoint     ] Safepoint synchronization initiated. (185 threads)
[2023-10-17T14:54:10.755+0000][3183.863s][info ][safepoint     ] Application time: 1.0016773 seconds
[2023-10-17T14:54:10.755+0000][3183.864s][info ][safepoint     ] Entering safepoint region: Cleanup
[2023-10-17T14:54:10.757+0000][3183.865s][info ][safepoint     ] Leaving safepoint region
[2023-10-17T14:54:10.758+0000][3183.866s][info ][safepoint     ] Total time for which application threads were stopped: 0.0021333 seconds, Stopping threads took: 0.0009706 seconds
[2023-10-17T14:54:11.759+0000][3184.867s][debug][safepoint     ] Safepoint synchronization initiated. (185 threads)
[2023-10-17T14:54:11.760+0000][3184.868s][info ][safepoint     ] Application time: 1.0012892 seconds
[2023-10-17T14:54:11.761+0000][3184.869s][info ][safepoint     ] Entering safepoint region: Cleanup
[2023-10-17T14:54:11.762+0000][3184.870s][info ][safepoint     ] Leaving safepoint region
[2023-10-17T14:54:11.763+0000][3184.871s][info ][safepoint     ] Total time for which application threads were stopped: 0.0020754 seconds, Stopping threads took: 0.0009056 seconds
[2023-10-17T14:54:12.764+0000][3185.872s][debug][safepoint     ] Safepoint synchronization initiated. (185 threads)
[2023-10-17T14:54:12.765+0000][3185.873s][info ][safepoint     ] Application time: 1.0012651 seconds
[2023-10-17T14:54:12.766+0000][3185.875s][info ][safepoint     ] Entering safepoint region: Cleanup
[2023-10-17T14:54:12.768+0000][3185.876s][info ][safepoint     ] Leaving safepoint region
[2023-10-17T14:54:12.769+0000][3185.877s][info ][safepoint     ] Total time for which application threads were stopped: 0.0031504 seconds, Stopping threads took: 0.0015267 seconds
[2023-10-17T14:54:13.770+0000][3186.879s][debug][safepoint     ] Safepoint synchronization initiated. (185 threads)
[2023-10-17T14:54:13.771+0000][3186.879s][info ][safepoint     ] Application time: 1.0009988 seconds
[2023-10-17T14:54:13.772+0000][3186.880s][info ][safepoint     ] Entering safepoint region: Cleanup
[2023-10-17T14:54:13.772+0000][3186.881s][info ][safepoint     ] Leaving safepoint region
[2023-10-17T14:54:13.773+0000][3186.882s][info ][safepoint     ] Total time for which application threads were stopped: 0.0015524 seconds, Stopping threads took: 0.0007268 seconds
[2023-10-17T14:54:14.774+0000][3187.882s][debug][safepoint     ] Safepoint synchronization initiated. (185 threads)
[2023-10-17T14:54:14.775+0000][3187.884s][info ][safepoint     ] Application time: 1.0012367 seconds
[2023-10-17T14:54:14.776+0000][3187.884s][info ][safepoint     ] Entering safepoint region: Cleanup
[2023-10-17T14:54:14.777+0000][3187.886s][info ][safepoint     ] Leaving safepoint region
[2023-10-17T14:54:14.778+0000][3187.886s][info ][safepoint     ] Total time for which application threads were stopped: 0.0019762 seconds, Stopping threads took: 0.0009032 seconds
[2023-10-17T14:54:15.779+0000][3188.888s][debug][safepoint     ] Safepoint synchronization initiated. (185 threads)
[2023-10-17T14:54:15.780+0000][3188.888s][info ][safepoint     ] Application time: 1.0011893 seconds
[2023-10-17T14:54:15.781+0000][3188.889s][info ][safepoint     ] Entering safepoint region: Cleanup
[2023-10-17T14:54:15.782+0000][3188.890s][info ][safepoint     ] Leaving safepoint region
[2023-10-17T14:54:15.782+0000][3188.891s][info ][safepoint     ] Total time for which application threads were stopped: 0.0016971 seconds, Stopping threads took: 0.0008703 seconds
[2023-10-17T14:54:16.783+0000][3189.892s][debug][safepoint     ] Safepoint synchronization initiated. (185 threads)
[2023-10-17T14:54:16.784+0000][3189.893s][info ][safepoint     ] Application time: 1.0015517 seconds
[2023-10-17T14:54:16.785+0000][3189.894s][info ][safepoint     ] Entering safepoint region: Cleanup
[2023-10-17T14:54:16.787+0000][3189.895s][info ][safepoint     ] Leaving safepoint region
[2023-10-17T14:54:16.788+0000][3189.896s][info ][safepoint     ] Total time for which application threads were stopped: 0.0023708 seconds, Stopping threads took: 0.0009519 seconds
[2023-10-17T14:54:17.065+0000][3190.173s][debug][safepoint     ] Safepoint synchronization initiated. (185 threads)
[2023-10-17T14:54:17.066+0000][3190.175s][info ][safepoint     ] Application time: 0.2773743 seconds
[2023-10-17T14:54:17.067+0000][3190.176s][info ][safepoint     ] Entering safepoint region: G1CollectForAllocation
[2023-10-17T14:54:17.068+0000][3190.177s][info ][gc,start      ] GC(83) Pause Young (Normal) (G1 Evacuation Pause)
[2023-10-17T14:54:17.069+0000][3190.178s][info ][gc,task       ] GC(83) Using 8 workers of 8 for evacuation
[2023-10-17T14:54:17.101+0000][3190.210s][info ][gc,phases     ] GC(83)   Pre Evacuate Collection Set: 0.1ms
[2023-10-17T14:54:17.102+0000][3190.211s][info ][gc,phases     ] GC(83)   Evacuate Collection Set: 21.6ms
[2023-10-17T14:54:17.103+0000][3190.211s][info ][gc,phases     ] GC(83)   Post Evacuate Collection Set: 8.8ms
[2023-10-17T14:54:17.104+0000][3190.212s][info ][gc,phases     ] GC(83)   Other: 2.3ms
[2023-10-17T14:54:17.105+0000][3190.213s][info ][gc,heap       ] GC(83) Eden regions: 190->0(188)
[2023-10-17T14:54:17.106+0000][3190.214s][info ][gc,heap       ] GC(83) Survivor regions: 7->8(25)
[2023-10-17T14:54:17.107+0000][3190.215s][info ][gc,heap       ] GC(83) Old regions: 169->169
[2023-10-17T14:54:17.108+0000][3190.216s][info ][gc,heap       ] GC(83) Humongous regions: 0->0
[2023-10-17T14:54:17.108+0000][3190.217s][info ][gc,metaspace  ] GC(83) Metaspace: 182887K(197620K)->182887K(197620K) NonClass: 161922K(173556K)->161922K(173556K) Class: 20965K(24064K)->20965K(24064K)
[2023-10-17T14:54:17.110+0000][3190.218s][info ][gc            ] GC(83) Pause Young (Normal) (G1 Evacuation Pause) 363M->174M(415M) 41.226ms
[2023-10-17T14:54:17.111+0000][3190.219s][info ][gc,cpu        ] GC(83) User=0.21s Sys=0.00s Real=0.04s
[2023-10-17T14:54:17.112+0000][3190.220s][info ][safepoint     ] Leaving safepoint region
[2023-10-17T14:54:17.113+0000][3190.221s][info ][safepoint     ] Total time for which application threads were stopped: 0.0455777 seconds, Stopping threads took: 0.0009611 seconds
[2023-10-17T14:54:17.114+0000][3190.222s][info ][gc,stringdedup] Concurrent String Deduplication (3190.222s)
[2023-10-17T14:54:17.114+0000][3190.223s][info ][gc,stringdedup] Concurrent String Deduplication 0.0B->0.0B(0.0B) avg 53.4% (3190.222s, 3190.223s) 0.495ms
[2023-10-17T14:54:18.114+0000][3191.222s][debug][safepoint     ] Safepoint synchronization initiated. (185 threads)
[2023-10-17T14:54:18.115+0000][3191.223s][info ][safepoint     ] Application time: 1.0012848 seconds
[2023-10-17T14:54:18.115+0000][3191.224s][info ][safepoint     ] Entering safepoint region: Cleanup
[2023-10-17T14:54:18.117+0000][3191.225s][info ][safepoint     ] Leaving safepoint region
[2023-10-17T14:54:18.117+0000][3191.226s][info ][safepoint     ] Total time for which application threads were stopped: 0.0019170 seconds, Stopping threads took: 0.0009573 seconds
[2023-10-17T14:54:19.119+0000][3192.227s][debug][safepoint     ] Safepoint synchronization initiated. (185 threads)
[2023-10-17T14:54:19.120+0000][3192.228s][info ][safepoint     ] Application time: 1.0015403 seconds
[2023-10-17T14:54:19.121+0000][3192.230s][info ][safepoint     ] Entering safepoint region: Cleanup
[2023-10-17T14:54:19.122+0000][3192.231s][info ][safepoint     ] Leaving safepoint region
[2023-10-17T14:54:19.123+0000][3192.232s][info ][safepoint     ] Total time for which application threads were stopped: 0.0020261 seconds, Stopping threads took: 0.0009355 seconds
[2023-10-17T14:54:20.124+0000][3193.233s][debug][safepoint     ] Safepoint synchronization initiated. (185 threads)
[2023-10-17T14:54:20.125+0000][3193.234s][info ][safepoint     ] Application time: 1.0014145 seconds
[2023-10-17T14:54:20.126+0000][3193.235s][info ][safepoint     ] Entering safepoint region: Cleanup
[2023-10-17T14:54:20.128+0000][3193.236s][info ][safepoint     ] Leaving safepoint region
[2023-10-17T14:54:20.129+0000][3193.238s][info ][safepoint     ] Total time for which application threads were stopped: 0.0027225 seconds, Stopping threads took: 0.0011434 seconds
[2023-10-17T14:54:21.130+0000][3194.239s][debug][safepoint     ] Safepoint synchronization initiated. (185 threads)
[2023-10-17T14:54:21.131+0000][3194.240s][info ][safepoint     ] Application time: 1.0013754 seconds
[2023-10-17T14:54:21.132+0000][3194.241s][info ][safepoint     ] Entering safepoint region: Cleanup
[2023-10-17T14:54:21.134+0000][3194.243s][info ][safepoint     ] Leaving safepoint region
[2023-10-17T14:54:21.135+0000][3194.243s][info ][safepoint     ] Total time for which application threads were stopped: 0.0024500 seconds, Stopping threads took: 0.0010527 seconds
[2023-10-17T14:54:22.136+0000][3195.245s][debug][safepoint     ] Safepoint synchronization initiated. (185 threads)
[2023-10-17T14:54:22.137+0000][3195.246s][info ][safepoint     ] Application time: 1.0010952 seconds
[2023-10-17T14:54:22.137+0000][3195.246s][info ][safepoint     ] Entering safepoint region: Cleanup
[2023-10-17T14:54:22.138+0000][3195.247s][info ][safepoint     ] Leaving safepoint region
[2023-10-17T14:54:22.139+0000][3195.247s][info ][safepoint     ] Total time for which application threads were stopped: 0.0013797 seconds, Stopping threads took: 0.0005649 seconds
[2023-10-17T14:54:23.140+0000][3196.249s][debug][safepoint     ] Safepoint synchronization initiated. (185 threads)
[2023-10-17T14:54:23.141+0000][3196.250s][info ][safepoint     ] Application time: 1.0016235 seconds
[2023-10-17T14:54:23.142+0000][3196.251s][info ][safepoint     ] Entering safepoint region: Cleanup
[2023-10-17T14:54:23.143+0000][3196.252s][info ][safepoint     ] Leaving safepoint region
[2023-10-17T14:54:23.144+0000][3196.253s][info ][safepoint     ] Total time for which application threads were stopped: 0.0019897 seconds, Stopping threads took: 0.0008689 seconds
[2023-10-17T14:54:24.145+0000][3197.254s][debug][safepoint     ] Safepoint synchronization initiated. (185 threads)
[2023-10-17T14:54:24.146+0000][3197.255s][info ][safepoint     ] Application time: 1.0014539 seconds
[2023-10-17T14:54:24.148+0000][3197.257s][info ][safepoint     ] Entering safepoint region: Cleanup
[2023-10-17T14:54:24.150+0000][3197.259s][info ][safepoint     ] Leaving safepoint region
[2023-10-17T14:54:24.151+0000][3197.260s][info ][safepoint     ] Total time for which application threads were stopped: 0.0034537 seconds, Stopping threads took: 0.0012689 seconds
[2023-10-17T14:54:25.152+0000][3198.261s][debug][safepoint     ] Safepoint synchronization initiated. (185 threads)
[2023-10-17T14:54:25.154+0000][3198.262s][info ][safepoint     ] Application time: 1.0016943 seconds
[2023-10-17T14:54:25.155+0000][3198.263s][debug][safepoint     ] ... found polling page return exception at pc = 0x00007fc1a4b0dc74, stub =0x00007fc19c840600
[2023-10-17T14:54:25.155+0000][3198.263s][debug][safepoint     ] ... found polling page return exception at pc = 0x00007fc1a5468077, stub =0x00007fc19c840600
[2023-10-17T14:54:25.155+0000][3198.263s][debug][safepoint     ] ... found polling page return exception at pc = 0x00007fc1a56bbc73, stub =0x00007fc19c840600
[2023-10-17T14:54:25.157+0000][3198.266s][debug][safepoint     ] Waiting for 3 thread(s) to block
[2023-10-17T14:54:25.158+0000][3198.267s][info ][safepoint     ] Entering safepoint region: Cleanup
[2023-10-17T14:54:25.159+0000][3198.268s][info ][safepoint     ] Leaving safepoint region
[2023-10-17T14:54:25.160+0000][3198.269s][info ][safepoint     ] Total time for which application threads were stopped: 0.0055054 seconds, Stopping threads took: 0.0044311 seconds
[2023-10-17T14:54:26.161+0000][3199.270s][debug][safepoint     ] Safepoint synchronization initiated. (185 threads)
[2023-10-17T14:54:26.162+0000][3199.270s][info ][safepoint     ] Application time: 1.0011631 seconds
[2023-10-17T14:54:26.163+0000][3199.271s][info ][safepoint     ] Entering safepoint region: Cleanup
[2023-10-17T14:54:26.164+0000][3199.272s][info ][safepoint     ] Leaving safepoint region
[2023-10-17T14:54:26.165+0000][3199.273s][info ][safepoint     ] Total time for which application threads were stopped: 0.0020930 seconds, Stopping threads took: 0.0009356 seconds
[2023-10-17T14:54:27.166+0000][3200.274s][debug][safepoint     ] Safepoint synchronization initiated. (185 threads)
[2023-10-17T14:54:27.166+0000][3200.275s][info ][safepoint     ] Application time: 1.0009582 seconds
[2023-10-17T14:54:27.167+0000][3200.276s][info ][safepoint     ] Entering safepoint region: Cleanup
[2023-10-17T14:54:27.168+0000][3200.277s][info ][safepoint     ] Leaving safepoint region
[2023-10-17T14:54:27.169+0000][3200.277s][info ][safepoint     ] Total time for which application threads were stopped: 0.0015202 seconds, Stopping threads took: 0.0006515 seconds
[2023-10-17T14:54:28.170+0000][3201.278s][debug][safepoint     ] Safepoint synchronization initiated. (185 threads)
[2023-10-17T14:54:28.171+0000][3201.279s][info ][safepoint     ] Application time: 1.0014497 seconds
[2023-10-17T14:54:28.172+0000][3201.280s][info ][safepoint     ] Entering safepoint region: Cleanup
[2023-10-17T14:54:28.173+0000][3201.282s][info ][safepoint     ] Leaving safepoint region
[2023-10-17T14:54:28.174+0000][3201.282s][info ][safepoint     ] Total time for which application threads were stopped: 0.0022319 seconds, Stopping threads took: 0.0008921 seconds
[2023-10-17T14:54:29.175+0000][3202.284s][debug][safepoint     ] Safepoint synchronization initiated. (185 threads)
[2023-10-17T14:54:29.176+0000][3202.285s][info ][safepoint     ] Application time: 1.0014038 seconds
[2023-10-17T14:54:29.177+0000][3202.286s][info ][safepoint     ] Entering safepoint region: Cleanup
[2023-10-17T14:54:29.179+0000][3202.288s][info ][safepoint     ] Leaving safepoint region
[2023-10-17T14:54:29.180+0000][3202.288s][info ][safepoint     ] Total time for which application threads were stopped: 0.0027834 seconds, Stopping threads took: 0.0012786 seconds
[2023-10-17T14:54:30.181+0000][3203.290s][debug][safepoint     ] Safepoint synchronization initiated. (184 threads)
[2023-10-17T14:54:30.182+0000][3203.291s][info ][safepoint     ] Application time: 1.0012592 seconds
[2023-10-17T14:54:30.183+0000][3203.292s][info ][safepoint     ] Entering safepoint region: Cleanup
[2023-10-17T14:54:30.185+0000][3203.293s][info ][safepoint     ] Leaving safepoint region
[2023-10-17T14:54:30.185+0000][3203.294s][info ][safepoint     ] Total time for which application threads were stopped: 0.0025489 seconds, Stopping threads took: 0.0012433 seconds
[2023-10-17T14:54:31.186+0000][3204.295s][debug][safepoint     ] Safepoint synchronization initiated. (184 threads)
[2023-10-17T14:54:31.187+0000][3204.296s][info ][safepoint     ] Application time: 1.0011973 seconds
[2023-10-17T14:54:31.188+0000][3204.297s][info ][safepoint     ] Entering safepoint region: Cleanup
[2023-10-17T14:54:31.189+0000][3204.298s][info ][safepoint     ] Leaving safepoint region
[2023-10-17T14:54:31.190+0000][3204.299s][info ][safepoint     ] Total time for which application threads were stopped: 0.0020582 seconds, Stopping threads took: 0.0008060 seconds
[2023-10-17T14:54:32.191+0000][3205.300s][debug][safepoint     ] Safepoint synchronization initiated. (184 threads)
[2023-10-17T14:54:32.193+0000][3205.301s][info ][safepoint     ] Application time: 1.0017204 seconds
[2023-10-17T14:54:32.193+0000][3205.302s][info ][safepoint     ] Entering safepoint region: Cleanup
[2023-10-17T14:54:32.195+0000][3205.303s][info ][safepoint     ] Leaving safepoint region
[2023-10-17T14:54:32.195+0000][3205.304s][info ][safepoint     ] Total time for which application threads were stopped: 0.0020161 seconds, Stopping threads took: 0.0010796 seconds
[2023-10-17T14:54:33.196+0000][3206.305s][debug][safepoint     ] Safepoint synchronization initiated. (184 threads)
[2023-10-17T14:54:33.197+0000][3206.306s][info ][safepoint     ] Application time: 1.0011555 seconds
[2023-10-17T14:54:33.198+0000][3206.307s][info ][safepoint     ] Entering safepoint region: Cleanup
[2023-10-17T14:54:33.199+0000][3206.308s][info ][safepoint     ] Leaving safepoint region
[2023-10-17T14:54:33.200+0000][3206.308s][info ][safepoint     ] Total time for which application threads were stopped: 0.0017232 seconds, Stopping threads took: 0.0007730 seconds
[2023-10-17T14:54:34.201+0000][3207.310s][debug][safepoint     ] Safepoint synchronization initiated. (184 threads)
[2023-10-17T14:54:34.202+0000][3207.310s][info ][safepoint     ] Application time: 1.0010436 seconds
[2023-10-17T14:54:34.203+0000][3207.311s][info ][safepoint     ] Entering safepoint region: Cleanup
[2023-10-17T14:54:34.204+0000][3207.312s][info ][safepoint     ] Leaving safepoint region
[2023-10-17T14:54:34.204+0000][3207.313s][info ][safepoint     ] Total time for which application threads were stopped: 0.0017681 seconds, Stopping threads took: 0.0006404 seconds
[2023-10-17T14:54:35.206+0000][3208.314s][debug][safepoint     ] Safepoint synchronization initiated. (184 threads)
[2023-10-17T14:54:35.207+0000][3208.315s][info ][safepoint     ] Application time: 1.0011444 seconds
[2023-10-17T14:54:35.207+0000][3208.316s][info ][safepoint     ] Entering safepoint region: Cleanup
[2023-10-17T14:54:35.209+0000][3208.317s][info ][safepoint     ] Leaving safepoint region
[2023-10-17T14:54:35.210+0000][3208.318s][info ][safepoint     ] Total time for which application threads were stopped: 0.0021088 seconds, Stopping threads took: 0.0008463 seconds
[2023-10-17T14:54:36.211+0000][3209.319s][debug][safepoint     ] Safepoint synchronization initiated. (184 threads)
[2023-10-17T14:54:36.211+0000][3209.320s][info ][safepoint     ] Application time: 1.0009167 seconds
[2023-10-17T14:54:36.212+0000][3209.321s][info ][safepoint     ] Entering safepoint region: Cleanup
[2023-10-17T14:54:36.213+0000][3209.321s][info ][safepoint     ] Leaving safepoint region
[2023-10-17T14:54:36.214+0000][3209.322s][info ][safepoint     ] Total time for which application threads were stopped: 0.0018808 seconds, Stopping threads took: 0.0006593 seconds
[2023-10-17T14:54:37.215+0000][3210.323s][debug][safepoint     ] Safepoint synchronization initiated. (184 threads)
[2023-10-17T14:54:37.216+0000][3210.325s][info ][safepoint     ] Application time: 1.0017686 seconds
[2023-10-17T14:54:37.217+0000][3210.326s][info ][safepoint     ] Entering safepoint region: Cleanup
[2023-10-17T14:54:37.218+0000][3210.327s][info ][safepoint     ] Leaving safepoint region
[2023-10-17T14:54:37.219+0000][3210.327s][info ][safepoint     ] Total time for which application threads were stopped: 0.0015848 seconds, Stopping threads took: 0.0008756 seconds
[2023-10-17T14:54:38.220+0000][3211.328s][debug][safepoint     ] Safepoint synchronization initiated. (184 threads)
[2023-10-17T14:54:38.221+0000][3211.329s][info ][safepoint     ] Application time: 1.0012016 seconds
[2023-10-17T14:54:38.221+0000][3211.330s][info ][safepoint     ] Entering safepoint region: Cleanup
[2023-10-17T14:54:38.222+0000][3211.331s][info ][safepoint     ] Leaving safepoint region
[2023-10-17T14:54:38.223+0000][3211.332s][info ][safepoint     ] Total time for which application threads were stopped: 0.0017225 seconds, Stopping threads took: 0.0007768 seconds
[2023-10-17T14:54:39.225+0000][3212.333s][debug][safepoint     ] Safepoint synchronization initiated. (184 threads)
[2023-10-17T14:54:39.226+0000][3212.335s][info ][safepoint     ] Application time: 1.0012331 seconds
[2023-10-17T14:54:39.227+0000][3212.335s][info ][safepoint     ] Entering safepoint region: Cleanup
[2023-10-17T14:54:39.228+0000][3212.336s][info ][safepoint     ] Leaving safepoint region
[2023-10-17T14:54:39.228+0000][3212.337s][info ][safepoint     ] Total time for which application threads were stopped: 0.0018346 seconds, Stopping threads took: 0.0007903 seconds
[2023-10-17T14:54:40.229+0000][3213.338s][debug][safepoint     ] Safepoint synchronization initiated. (184 threads)
[2023-10-17T14:54:40.230+0000][3213.339s][info ][safepoint     ] Application time: 1.0011399 seconds
[2023-10-17T14:54:40.231+0000][3213.340s][info ][safepoint     ] Entering safepoint region: Cleanup
[2023-10-17T14:54:40.232+0000][3213.341s][info ][safepoint     ] Leaving safepoint region
[2023-10-17T14:54:40.233+0000][3213.342s][info ][safepoint     ] Total time for which application threads were stopped: 0.0018915 seconds, Stopping threads took: 0.0007579 seconds
[2023-10-17T14:54:41.234+0000][3214.343s][debug][safepoint     ] Safepoint synchronization initiated. (184 threads)
[2023-10-17T14:54:41.235+0000][3214.343s][info ][safepoint     ] Application time: 1.0008201 seconds
[2023-10-17T14:54:41.235+0000][3214.344s][info ][safepoint     ] Entering safepoint region: Cleanup
[2023-10-17T14:54:41.237+0000][3214.345s][info ][safepoint     ] Leaving safepoint region
[2023-10-17T14:54:41.237+0000][3214.346s][info ][safepoint     ] Total time for which application threads were stopped: 0.0024633 seconds, Stopping threads took: 0.0015831 seconds
[2023-10-17T14:54:42.238+0000][3215.347s][debug][safepoint     ] Safepoint synchronization initiated. (184 threads)
[2023-10-17T14:54:42.239+0000][3215.348s][info ][safepoint     ] Application time: 1.0009592 seconds
[2023-10-17T14:54:42.240+0000][3215.349s][info ][safepoint     ] Entering safepoint region: Cleanup
[2023-10-17T14:54:42.241+0000][3215.350s][info ][safepoint     ] Leaving safepoint region
[2023-10-17T14:54:42.242+0000][3215.350s][info ][safepoint     ] Total time for which application threads were stopped: 0.0018204 seconds, Stopping threads took: 0.0007999 seconds
[2023-10-17T14:54:43.243+0000][3216.351s][debug][safepoint     ] Safepoint synchronization initiated. (184 threads)
[2023-10-17T14:54:43.244+0000][3216.352s][info ][safepoint     ] Application time: 1.0012065 seconds
[2023-10-17T14:54:43.245+0000][3216.354s][info ][safepoint     ] Entering safepoint region: Cleanup
[2023-10-17T14:54:43.247+0000][3216.355s][info ][safepoint     ] Leaving safepoint region
[2023-10-17T14:54:43.247+0000][3216.356s][info ][safepoint     ] Total time for which application threads were stopped: 0.0022357 seconds, Stopping threads took: 0.0012662 seconds
[2023-10-17T14:54:44.248+0000][3217.357s][debug][safepoint     ] Safepoint synchronization initiated. (184 threads)
[2023-10-17T14:54:44.249+0000][3217.358s][info ][safepoint     ] Application time: 1.0012462 seconds
[2023-10-17T14:54:44.250+0000][3217.359s][info ][safepoint     ] Entering safepoint region: Cleanup
[2023-10-17T14:54:44.251+0000][3217.360s][info ][safepoint     ] Leaving safepoint region
[2023-10-17T14:54:44.252+0000][3217.360s][info ][safepoint     ] Total time for which application threads were stopped: 0.0017923 seconds, Stopping threads took: 0.0008153 seconds
[2023-10-17T14:54:45.253+0000][3218.361s][debug][safepoint     ] Safepoint synchronization initiated. (184 threads)
[2023-10-17T14:54:45.254+0000][3218.362s][info ][safepoint     ] Application time: 1.0015319 seconds
[2023-10-17T14:54:45.255+0000][3218.363s][info ][safepoint     ] Entering safepoint region: Cleanup
[2023-10-17T14:54:45.256+0000][3218.365s][info ][safepoint     ] Leaving safepoint region
[2023-10-17T14:54:45.258+0000][3218.366s][info ][safepoint     ] Total time for which application threads were stopped: 0.0028669 seconds, Stopping threads took: 0.0011596 seconds
[2023-10-17T14:54:46.259+0000][3219.368s][debug][safepoint     ] Safepoint synchronization initiated. (184 threads)
[2023-10-17T14:54:46.260+0000][3219.369s][info ][safepoint     ] Application time: 1.0014534 seconds
[2023-10-17T14:54:46.261+0000][3219.370s][info ][safepoint     ] Entering safepoint region: Cleanup
[2023-10-17T14:54:46.263+0000][3219.371s][info ][safepoint     ] Leaving safepoint region
[2023-10-17T14:54:46.264+0000][3219.372s][info ][safepoint     ] Total time for which application threads were stopped: 0.0024468 seconds, Stopping threads took: 0.0009088 seconds
[2023-10-17T14:54:47.265+0000][3220.374s][debug][safepoint     ] Safepoint synchronization initiated. (184 threads)
[2023-10-17T14:54:47.266+0000][3220.374s][info ][safepoint     ] Application time: 1.0010684 seconds
[2023-10-17T14:54:47.267+0000][3220.375s][info ][safepoint     ] Entering safepoint region: Cleanup
[2023-10-17T14:54:47.268+0000][3220.376s][info ][safepoint     ] Leaving safepoint region
[2023-10-17T14:54:47.268+0000][3220.377s][info ][safepoint     ] Total time for which application threads were stopped: 0.0018774 seconds, Stopping threads took: 0.0008208 seconds
[2023-10-17T14:54:48.269+0000][3221.378s][debug][safepoint     ] Safepoint synchronization initiated. (184 threads)
[2023-10-17T14:54:48.270+0000][3221.379s][info ][safepoint     ] Application time: 1.0011771 seconds
[2023-10-17T14:54:48.271+0000][3221.380s][info ][safepoint     ] Entering safepoint region: Cleanup
[2023-10-17T14:54:48.273+0000][3221.382s][info ][safepoint     ] Leaving safepoint region
[2023-10-17T14:54:48.274+0000][3221.383s][info ][safepoint     ] Total time for which application threads were stopped: 0.0028121 seconds, Stopping threads took: 0.0016539 seconds
[2023-10-17T14:54:49.275+0000][3222.384s][debug][safepoint     ] Safepoint synchronization initiated. (184 threads)
[2023-10-17T14:54:49.276+0000][3222.385s][info ][safepoint     ] Application time: 1.0016445 seconds
[2023-10-17T14:54:49.278+0000][3222.387s][info ][safepoint     ] Entering safepoint region: Cleanup
[2023-10-17T14:54:49.279+0000][3222.388s][info ][safepoint     ] Leaving safepoint region
[2023-10-17T14:54:49.280+0000][3222.389s][info ][safepoint     ] Total time for which application threads were stopped: 0.0022041 seconds, Stopping threads took: 0.0011813 seconds
[2023-10-17T14:54:50.281+0000][3223.390s][debug][safepoint     ] Safepoint synchronization initiated. (184 threads)
[2023-10-17T14:54:50.282+0000][3223.391s][info ][safepoint     ] Application time: 1.0011388 seconds
[2023-10-17T14:54:50.283+0000][3223.392s][info ][safepoint     ] Entering safepoint region: Cleanup
[2023-10-17T14:54:50.284+0000][3223.393s][info ][safepoint     ] Leaving safepoint region
[2023-10-17T14:54:50.285+0000][3223.394s][info ][safepoint     ] Total time for which application threads were stopped: 0.0022803 seconds, Stopping threads took: 0.0009528 seconds
[2023-10-17T14:54:51.286+0000][3224.395s][debug][safepoint     ] Safepoint synchronization initiated. (184 threads)
[2023-10-17T14:54:51.287+0000][3224.396s][info ][safepoint     ] Application time: 1.0010467 seconds
[2023-10-17T14:54:51.288+0000][3224.396s][info ][safepoint     ] Entering safepoint region: Cleanup
[2023-10-17T14:54:51.289+0000][3224.398s][info ][safepoint     ] Leaving safepoint region
[2023-10-17T14:54:51.290+0000][3224.398s][info ][safepoint     ] Total time for which application threads were stopped: 0.0019700 seconds, Stopping threads took: 0.0008968 seconds
[2023-10-17T14:54:52.291+0000][3225.399s][debug][safepoint     ] Safepoint synchronization initiated. (184 threads)
[2023-10-17T14:54:52.292+0000][3225.400s][info ][safepoint     ] Application time: 1.0011734 seconds
[2023-10-17T14:54:52.293+0000][3225.402s][info ][safepoint     ] Entering safepoint region: Cleanup
[2023-10-17T14:54:52.295+0000][3225.404s][info ][safepoint     ] Leaving safepoint region
[2023-10-17T14:54:52.296+0000][3225.405s][info ][safepoint     ] Total time for which application threads were stopped: 0.0026873 seconds, Stopping threads took: 0.0015283 seconds
[2023-10-17T14:54:53.297+0000][3226.406s][debug][safepoint     ] Safepoint synchronization initiated. (184 threads)
[2023-10-17T14:54:53.298+0000][3226.407s][info ][safepoint     ] Application time: 1.0013352 seconds
[2023-10-17T14:54:53.299+0000][3226.408s][info ][safepoint     ] Entering safepoint region: Cleanup
[2023-10-17T14:54:53.300+0000][3226.409s][info ][safepoint     ] Leaving safepoint region
[2023-10-17T14:54:53.301+0000][3226.410s][info ][safepoint     ] Total time for which application threads were stopped: 0.0021672 seconds, Stopping threads took: 0.0009382 seconds
[2023-10-17T14:54:54.303+0000][3227.412s][debug][safepoint     ] Safepoint synchronization initiated. (184 threads)
[2023-10-17T14:54:54.304+0000][3227.413s][info ][safepoint     ] Application time: 1.0017494 seconds
[2023-10-17T14:54:54.305+0000][3227.414s][info ][safepoint     ] Entering safepoint region: Cleanup
[2023-10-17T14:54:54.307+0000][3227.415s][info ][safepoint     ] Leaving safepoint region
[2023-10-17T14:54:54.308+0000][3227.417s][info ][safepoint     ] Total time for which application threads were stopped: 0.0027403 seconds, Stopping threads took: 0.0011295 seconds
[2023-10-17T14:54:55.309+0000][3228.418s][debug][safepoint     ] Safepoint synchronization initiated. (184 threads)
[2023-10-17T14:54:55.310+0000][3228.419s][info ][safepoint     ] Application time: 1.0013429 seconds
[2023-10-17T14:54:55.311+0000][3228.420s][info ][safepoint     ] Entering safepoint region: Cleanup
[2023-10-17T14:54:55.312+0000][3228.421s][info ][safepoint     ] Leaving safepoint region
[2023-10-17T14:54:55.313+0000][3228.422s][info ][safepoint     ] Total time for which application threads were stopped: 0.0023004 seconds, Stopping threads took: 0.0010296 seconds
[2023-10-17T14:54:56.314+0000][3229.423s][debug][safepoint     ] Safepoint synchronization initiated. (184 threads)
[2023-10-17T14:54:56.315+0000][3229.424s][info ][safepoint     ] Application time: 1.0010134 seconds
[2023-10-17T14:54:56.316+0000][3229.425s][info ][safepoint     ] Entering safepoint region: Cleanup
[2023-10-17T14:54:56.317+0000][3229.426s][info ][safepoint     ] Leaving safepoint region
[2023-10-17T14:54:56.318+0000][3229.426s][info ][safepoint     ] Total time for which application threads were stopped: 0.0016835 seconds, Stopping threads took: 0.0008042 seconds
[2023-10-17T14:54:57.319+0000][3230.427s][debug][safepoint     ] Safepoint synchronization initiated. (184 threads)
[2023-10-17T14:54:57.319+0000][3230.428s][info ][safepoint     ] Application time: 1.0009740 seconds
[2023-10-17T14:54:57.320+0000][3230.429s][info ][safepoint     ] Entering safepoint region: Cleanup
[2023-10-17T14:54:57.321+0000][3230.430s][info ][safepoint     ] Leaving safepoint region
[2023-10-17T14:54:57.322+0000][3230.430s][info ][safepoint     ] Total time for which application threads were stopped: 0.0015818 seconds, Stopping threads took: 0.0007417 seconds
[2023-10-17T14:54:58.323+0000][3231.431s][debug][safepoint     ] Safepoint synchronization initiated. (184 threads)
[2023-10-17T14:54:58.323+0000][3231.432s][info ][safepoint     ] Application time: 1.0008464 seconds
[2023-10-17T14:54:58.324+0000][3231.432s][info ][safepoint     ] Entering safepoint region: Cleanup
[2023-10-17T14:54:58.325+0000][3231.434s][info ][safepoint     ] Leaving safepoint region
[2023-10-17T14:54:58.325+0000][3231.434s][info ][safepoint     ] Total time for which application threads were stopped: 0.0016657 seconds, Stopping threads took: 0.0005961 seconds
[2023-10-17T14:54:59.326+0000][3232.435s][debug][safepoint     ] Safepoint synchronization initiated. (184 threads)
[2023-10-17T14:54:59.327+0000][3232.436s][info ][safepoint     ] Application time: 1.0009725 seconds
[2023-10-17T14:54:59.328+0000][3232.436s][info ][safepoint     ] Entering safepoint region: Cleanup
[2023-10-17T14:54:59.328+0000][3232.437s][info ][safepoint     ] Leaving safepoint region
[2023-10-17T14:54:59.329+0000][3232.438s][info ][safepoint     ] Total time for which application threads were stopped: 0.0014880 seconds, Stopping threads took: 0.0006557 seconds
[2023-10-17T14:55:00.330+0000][3233.438s][debug][safepoint     ] Safepoint synchronization initiated. (184 threads)
[2023-10-17T14:55:00.330+0000][3233.439s][info ][safepoint     ] Application time: 1.0008135 seconds
[2023-10-17T14:55:00.331+0000][3233.440s][info ][safepoint     ] Entering safepoint region: Cleanup
[2023-10-17T14:55:00.332+0000][3233.440s][info ][safepoint     ] Leaving safepoint region
[2023-10-17T14:55:00.332+0000][3233.441s][info ][safepoint     ] Total time for which application threads were stopped: 0.0012543 seconds, Stopping threads took: 0.0005339 seconds
[2023-10-17T14:55:01.333+0000][3234.442s][debug][safepoint     ] Safepoint synchronization initiated. (184 threads)
[2023-10-17T14:55:01.334+0000][3234.442s][info ][safepoint     ] Application time: 1.0011840 seconds
[2023-10-17T14:55:01.335+0000][3234.443s][debug][safepoint     ] ... found polling page return exception at pc = 0x00007fc1a5468077, stub =0x00007fc19c840600
[2023-10-17T14:55:01.335+0000][3234.444s][debug][safepoint     ] Waiting for 1 thread(s) to block
[2023-10-17T14:55:01.336+0000][3234.445s][info ][safepoint     ] Entering safepoint region: Cleanup
[2023-10-17T14:55:01.337+0000][3234.446s][info ][safepoint     ] Leaving safepoint region
[2023-10-17T14:55:01.338+0000][3234.446s][info ][safepoint     ] Total time for which application threads were stopped: 0.0031578 seconds, Stopping threads took: 0.0024169 seconds
[2023-10-17T14:55:02.339+0000][3235.447s][debug][safepoint     ] Safepoint synchronization initiated. (184 threads)
[2023-10-17T14:55:02.340+0000][3235.448s][info ][safepoint     ] Application time: 1.0009784 seconds
[2023-10-17T14:55:02.340+0000][3235.449s][info ][safepoint     ] Entering safepoint region: Cleanup
[2023-10-17T14:55:02.341+0000][3235.450s][info ][safepoint     ] Leaving safepoint region
[2023-10-17T14:55:02.342+0000][3235.451s][info ][safepoint     ] Total time for which application threads were stopped: 0.0015698 seconds, Stopping threads took: 0.0006417 seconds
[2023-10-17T14:55:03.343+0000][3236.452s][debug][safepoint     ] Safepoint synchronization initiated. (184 threads)
[2023-10-17T14:55:03.344+0000][3236.453s][info ][safepoint     ] Application time: 1.0010678 seconds
[2023-10-17T14:55:03.345+0000][3236.453s][info ][safepoint     ] Entering safepoint region: Cleanup
[2023-10-17T14:55:03.346+0000][3236.455s][info ][safepoint     ] Leaving safepoint region
[2023-10-17T14:55:03.346+0000][3236.455s][info ][safepoint     ] Total time for which application threads were stopped: 0.0017720 seconds, Stopping threads took: 0.0008779 seconds
[2023-10-17T14:55:04.348+0000][3237.456s][debug][safepoint     ] Safepoint synchronization initiated. (184 threads)
[2023-10-17T14:55:04.348+0000][3237.457s][info ][safepoint     ] Application time: 1.0013250 seconds
[2023-10-17T14:55:04.350+0000][3237.458s][info ][safepoint     ] Entering safepoint region: Cleanup
[2023-10-17T14:55:04.351+0000][3237.459s][info ][safepoint     ] Leaving safepoint region
[2023-10-17T14:55:04.352+0000][3237.460s][info ][safepoint     ] Total time for which application threads were stopped: 0.0020370 seconds, Stopping threads took: 0.0008816 seconds
[2023-10-17T14:55:05.353+0000][3238.462s][debug][safepoint     ] Safepoint synchronization initiated. (184 threads)
[2023-10-17T14:55:05.354+0000][3238.463s][info ][safepoint     ] Application time: 1.0017490 seconds
[2023-10-17T14:55:05.355+0000][3238.464s][info ][safepoint     ] Entering safepoint region: Cleanup
[2023-10-17T14:55:05.356+0000][3238.465s][info ][safepoint     ] Leaving safepoint region
[2023-10-17T14:55:05.357+0000][3238.465s][info ][safepoint     ] Total time for which application threads were stopped: 0.0016719 seconds, Stopping threads took: 0.0007812 seconds
[2023-10-17T14:55:06.358+0000][3239.467s][debug][safepoint     ] Safepoint synchronization initiated. (184 threads)
[2023-10-17T14:55:06.359+0000][3239.468s][info ][safepoint     ] Application time: 1.0017501 seconds
[2023-10-17T14:55:06.360+0000][3239.469s][info ][safepoint     ] Entering safepoint region: Cleanup
[2023-10-17T14:55:06.361+0000][3239.470s][info ][safepoint     ] Leaving safepoint region
[2023-10-17T14:55:06.361+0000][3239.470s][info ][safepoint     ] Total time for which application threads were stopped: 0.0015446 seconds, Stopping threads took: 0.0006736 seconds
[2023-10-17T14:55:07.362+0000][3240.471s][debug][safepoint     ] Safepoint synchronization initiated. (184 threads)
[2023-10-17T14:55:07.364+0000][3240.472s][info ][safepoint     ] Application time: 1.0015956 seconds
[2023-10-17T14:55:07.364+0000][3240.473s][info ][safepoint     ] Entering safepoint region: Cleanup
[2023-10-17T14:55:07.366+0000][3240.474s][info ][safepoint     ] Leaving safepoint region
[2023-10-17T14:55:07.366+0000][3240.475s][info ][safepoint     ] Total time for which application threads were stopped: 0.0019080 seconds, Stopping threads took: 0.0009343 seconds
[2023-10-17T14:55:08.367+0000][3241.476s][debug][safepoint     ] Safepoint synchronization initiated. (184 threads)
[2023-10-17T14:55:08.368+0000][3241.476s][info ][safepoint     ] Application time: 1.0009801 seconds
[2023-10-17T14:55:08.368+0000][3241.477s][info ][safepoint     ] Entering safepoint region: Cleanup
[2023-10-17T14:55:08.369+0000][3241.478s][info ][safepoint     ] Leaving safepoint region
[2023-10-17T14:55:08.370+0000][3241.479s][info ][safepoint     ] Total time for which application threads were stopped: 0.0016103 seconds, Stopping threads took: 0.0006694 seconds
[2023-10-17T14:55:09.370+0000][3242.479s][debug][safepoint     ] Safepoint synchronization initiated. (184 threads)
[2023-10-17T14:55:09.371+0000][3242.480s][info ][safepoint     ] Application time: 1.0010651 seconds
[2023-10-17T14:55:09.372+0000][3242.481s][info ][safepoint     ] Entering safepoint region: Cleanup
[2023-10-17T14:55:09.373+0000][3242.482s][info ][safepoint     ] Leaving safepoint region
[2023-10-17T14:55:09.374+0000][3242.483s][info ][safepoint     ] Total time for which application threads were stopped: 0.0017313 seconds, Stopping threads took: 0.0008434 seconds
[2023-10-17T14:55:10.375+0000][3243.484s][debug][safepoint     ] Safepoint synchronization initiated. (184 threads)
[2023-10-17T14:55:10.376+0000][3243.485s][info ][safepoint     ] Application time: 1.0013375 seconds
[2023-10-17T14:55:10.377+0000][3243.485s][info ][safepoint     ] Entering safepoint region: Cleanup
[2023-10-17T14:55:10.378+0000][3243.486s][info ][safepoint     ] Leaving safepoint region
[2023-10-17T14:55:10.379+0000][3243.487s][info ][safepoint     ] Total time for which application threads were stopped: 0.0021138 seconds, Stopping threads took: 0.0007794 seconds
[2023-10-17T14:55:11.379+0000][3244.488s][debug][safepoint     ] Safepoint synchronization initiated. (184 threads)
[2023-10-17T14:55:11.380+0000][3244.489s][info ][safepoint     ] Application time: 1.0009674 seconds
[2023-10-17T14:55:11.381+0000][3244.490s][info ][safepoint     ] Entering safepoint region: Cleanup
[2023-10-17T14:55:11.382+0000][3244.491s][info ][safepoint     ] Leaving safepoint region
[2023-10-17T14:55:11.383+0000][3244.492s][info ][safepoint     ] Total time for which application threads were stopped: 0.0019054 seconds, Stopping threads took: 0.0006476 seconds
[2023-10-17T14:55:12.384+0000][3245.492s][debug][safepoint     ] Safepoint synchronization initiated. (184 threads)
[2023-10-17T14:55:12.384+0000][3245.493s][info ][safepoint     ] Application time: 1.0007246 seconds
[2023-10-17T14:55:12.385+0000][3245.493s][info ][safepoint     ] Entering safepoint region: Cleanup
[2023-10-17T14:55:12.386+0000][3245.494s][info ][safepoint     ] Leaving safepoint region
[2023-10-17T14:55:12.386+0000][3245.495s][info ][safepoint     ] Total time for which application threads were stopped: 0.0015117 seconds, Stopping threads took: 0.0005267 seconds
[2023-10-17T14:55:13.387+0000][3246.495s][debug][safepoint     ] Safepoint synchronization initiated. (184 threads)
[2023-10-17T14:55:13.388+0000][3246.496s][info ][safepoint     ] Application time: 1.0011586 seconds
[2023-10-17T14:55:13.389+0000][3246.498s][info ][safepoint     ] Entering safepoint region: Cleanup
[2023-10-17T14:55:13.391+0000][3246.499s][info ][safepoint     ] Leaving safepoint region
[2023-10-17T14:55:13.392+0000][3246.500s][info ][safepoint     ] Total time for which application threads were stopped: 0.0029133 seconds, Stopping threads took: 0.0010073 seconds
[2023-10-17T14:55:14.393+0000][3247.501s][debug][safepoint     ] Safepoint synchronization initiated. (184 threads)
[2023-10-17T14:55:14.393+0000][3247.502s][info ][safepoint     ] Application time: 1.0010464 seconds
[2023-10-17T14:55:14.394+0000][3247.503s][info ][safepoint     ] Entering safepoint region: Cleanup
[2023-10-17T14:55:14.396+0000][3247.505s][info ][safepoint     ] Leaving safepoint region
[2023-10-17T14:55:14.397+0000][3247.506s][info ][safepoint     ] Total time for which application threads were stopped: 0.0027831 seconds, Stopping threads took: 0.0008622 seconds
[2023-10-17T14:55:15.398+0000][3248.507s][debug][safepoint     ] Safepoint synchronization initiated. (184 threads)
[2023-10-17T14:55:15.399+0000][3248.507s][info ][safepoint     ] Application time: 1.0008651 seconds
[2023-10-17T14:55:15.399+0000][3248.508s][info ][safepoint     ] Entering safepoint region: Cleanup
[2023-10-17T14:55:15.400+0000][3248.509s][info ][safepoint     ] Leaving safepoint region
[2023-10-17T14:55:15.401+0000][3248.510s][info ][safepoint     ] Total time for which application threads were stopped: 0.0015899 seconds, Stopping threads took: 0.0006194 seconds
[2023-10-17T14:55:16.402+0000][3249.511s][debug][safepoint     ] Safepoint synchronization initiated. (184 threads)
[2023-10-17T14:55:16.403+0000][3249.512s][info ][safepoint     ] Application time: 1.0012104 seconds
[2023-10-17T14:55:16.404+0000][3249.512s][info ][safepoint     ] Entering safepoint region: Cleanup
[2023-10-17T14:55:16.404+0000][3249.513s][info ][safepoint     ] Leaving safepoint region
[2023-10-17T14:55:16.405+0000][3249.514s][info ][safepoint     ] Total time for which application threads were stopped: 0.0013380 seconds, Stopping threads took: 0.0006014 seconds
[2023-10-17T14:55:17.406+0000][3250.514s][debug][safepoint     ] Safepoint synchronization initiated. (184 threads)
[2023-10-17T14:55:17.407+0000][3250.515s][info ][safepoint     ] Application time: 1.0012433 seconds
[2023-10-17T14:55:17.407+0000][3250.516s][info ][safepoint     ] Entering safepoint region: Cleanup
[2023-10-17T14:55:17.409+0000][3250.517s][info ][safepoint     ] Leaving safepoint region
[2023-10-17T14:55:17.409+0000][3250.518s][info ][safepoint     ] Total time for which application threads were stopped: 0.0019714 seconds, Stopping threads took: 0.0008178 seconds
[2023-10-17T14:55:18.410+0000][3251.519s][debug][safepoint     ] Safepoint synchronization initiated. (184 threads)
[2023-10-17T14:55:18.412+0000][3251.520s][info ][safepoint     ] Application time: 1.0014068 seconds
[2023-10-17T14:55:18.412+0000][3251.521s][info ][safepoint     ] Entering safepoint region: Cleanup
[2023-10-17T14:55:18.414+0000][3251.523s][info ][safepoint     ] Leaving safepoint region
[2023-10-17T14:55:18.415+0000][3251.524s][info ][safepoint     ] Total time for which application threads were stopped: 0.0023319 seconds, Stopping threads took: 0.0009886 seconds
[2023-10-17T14:55:19.416+0000][3252.525s][debug][safepoint     ] Safepoint synchronization initiated. (184 threads)
[2023-10-17T14:55:19.417+0000][3252.526s][info ][safepoint     ] Application time: 1.0013832 seconds
[2023-10-17T14:55:19.418+0000][3252.527s][info ][safepoint     ] Entering safepoint region: Cleanup
[2023-10-17T14:55:19.419+0000][3252.528s][info ][safepoint     ] Leaving safepoint region
[2023-10-17T14:55:19.420+0000][3252.529s][info ][safepoint     ] Total time for which application threads were stopped: 0.0022784 seconds, Stopping threads took: 0.0009234 seconds
[2023-10-17T14:55:20.421+0000][3253.530s][debug][safepoint     ] Safepoint synchronization initiated. (184 threads)
[2023-10-17T14:55:20.423+0000][3253.531s][info ][safepoint     ] Application time: 1.0015950 seconds
[2023-10-17T14:55:20.424+0000][3253.532s][info ][safepoint     ] Entering safepoint region: Cleanup
[2023-10-17T14:55:20.425+0000][3253.534s][info ][safepoint     ] Leaving safepoint region
[2023-10-17T14:55:20.426+0000][3253.535s][info ][safepoint     ] Total time for which application threads were stopped: 0.0024124 seconds, Stopping threads took: 0.0010936 seconds
[2023-10-17T14:55:21.427+0000][3254.536s][debug][safepoint     ] Safepoint synchronization initiated. (184 threads)
[2023-10-17T14:55:21.428+0000][3254.537s][info ][safepoint     ] Application time: 1.0011231 seconds
[2023-10-17T14:55:21.429+0000][3254.538s][debug][safepoint     ] ... found polling page return exception at pc = 0x00007fc19e47512c, stub =0x00007fc19c840600
[2023-10-17T14:55:21.430+0000][3254.539s][debug][safepoint     ] Waiting for 1 thread(s) to block
[2023-10-17T14:55:21.431+0000][3254.540s][info ][safepoint     ] Entering safepoint region: Cleanup
[2023-10-17T14:55:21.432+0000][3254.540s][info ][safepoint     ] Leaving safepoint region
[2023-10-17T14:55:21.432+0000][3254.541s][info ][safepoint     ] Total time for which application threads were stopped: 0.0031692 seconds, Stopping threads took: 0.0023290 seconds
[2023-10-17T14:55:22.433+0000][3255.542s][debug][safepoint     ] Safepoint synchronization initiated. (184 threads)
[2023-10-17T14:55:22.435+0000][3255.543s][info ][safepoint     ] Application time: 1.0018861 seconds
[2023-10-17T14:55:22.436+0000][3255.544s][info ][safepoint     ] Entering safepoint region: Cleanup
[2023-10-17T14:55:22.437+0000][3255.546s][info ][safepoint     ] Leaving safepoint region
[2023-10-17T14:55:22.438+0000][3255.546s][info ][safepoint     ] Total time for which application threads were stopped: 0.0020499 seconds, Stopping threads took: 0.0008917 seconds
[2023-10-17T14:55:23.439+0000][3256.547s][debug][safepoint     ] Safepoint synchronization initiated. (184 threads)
[2023-10-17T14:55:23.439+0000][3256.548s][info ][safepoint     ] Application time: 1.0011426 seconds
[2023-10-17T14:55:23.440+0000][3256.549s][info ][safepoint     ] Entering safepoint region: Cleanup
[2023-10-17T14:55:23.442+0000][3256.550s][info ][safepoint     ] Leaving safepoint region
[2023-10-17T14:55:23.442+0000][3256.551s][info ][safepoint     ] Total time for which application threads were stopped: 0.0018548 seconds, Stopping threads took: 0.0009101 seconds
[2023-10-17T14:55:24.443+0000][3257.552s][debug][safepoint     ] Safepoint synchronization initiated. (184 threads)
[2023-10-17T14:55:24.444+0000][3257.553s][info ][safepoint     ] Application time: 1.0013591 seconds
[2023-10-17T14:55:24.445+0000][3257.554s][info ][safepoint     ] Entering safepoint region: Cleanup
[2023-10-17T14:55:24.446+0000][3257.555s][info ][safepoint     ] Leaving safepoint region
[2023-10-17T14:55:24.447+0000][3257.556s][info ][safepoint     ] Total time for which application threads were stopped: 0.0017986 seconds, Stopping threads took: 0.0008999 seconds
[2023-10-17T14:55:25.448+0000][3258.557s][debug][safepoint     ] Safepoint synchronization initiated. (184 threads)
[2023-10-17T14:55:25.449+0000][3258.558s][info ][safepoint     ] Application time: 1.0013995 seconds
[2023-10-17T14:55:25.450+0000][3258.559s][info ][safepoint     ] Entering safepoint region: Cleanup
[2023-10-17T14:55:25.451+0000][3258.560s][info ][safepoint     ] Leaving safepoint region
[2023-10-17T14:55:25.452+0000][3258.561s][info ][safepoint     ] Total time for which application threads were stopped: 0.0018963 seconds, Stopping threads took: 0.0008432 seconds
[2023-10-17T14:55:26.453+0000][3259.562s][debug][safepoint     ] Safepoint synchronization initiated. (184 threads)
[2023-10-17T14:55:26.454+0000][3259.563s][info ][safepoint     ] Application time: 1.0014265 seconds
[2023-10-17T14:55:26.455+0000][3259.564s][info ][safepoint     ] Entering safepoint region: Cleanup
[2023-10-17T14:55:26.457+0000][3259.565s][info ][safepoint     ] Leaving safepoint region
[2023-10-17T14:55:26.457+0000][3259.566s][info ][safepoint     ] Total time for which application threads were stopped: 0.0022704 seconds, Stopping threads took: 0.0010351 seconds
[2023-10-17T14:55:27.458+0000][3260.567s][debug][safepoint     ] Safepoint synchronization initiated. (184 threads)
[2023-10-17T14:55:27.459+0000][3260.568s][info ][safepoint     ] Application time: 1.0013780 seconds
[2023-10-17T14:55:27.460+0000][3260.569s][info ][safepoint     ] Entering safepoint region: Cleanup
[2023-10-17T14:55:27.461+0000][3260.570s][info ][safepoint     ] Leaving safepoint region
[2023-10-17T14:55:27.462+0000][3260.571s][info ][safepoint     ] Total time for which application threads were stopped: 0.0018801 seconds, Stopping threads took: 0.0007625 seconds
[2023-10-17T14:55:28.463+0000][3261.572s][debug][safepoint     ] Safepoint synchronization initiated. (184 threads)
[2023-10-17T14:55:28.464+0000][3261.573s][info ][safepoint     ] Application time: 1.0015867 seconds
[2023-10-17T14:55:28.466+0000][3261.574s][info ][safepoint     ] Entering safepoint region: Cleanup
[2023-10-17T14:55:28.467+0000][3261.576s][info ][safepoint     ] Leaving safepoint region
[2023-10-17T14:55:28.468+0000][3261.577s][info ][safepoint     ] Total time for which application threads were stopped: 0.0025255 seconds, Stopping threads took: 0.0010710 seconds
[2023-10-17T14:55:29.469+0000][3262.578s][debug][safepoint     ] Safepoint synchronization initiated. (184 threads)
[2023-10-17T14:55:29.470+0000][3262.579s][info ][safepoint     ] Application time: 1.0012382 seconds
[2023-10-17T14:55:29.471+0000][3262.580s][info ][safepoint     ] Entering safepoint region: Cleanup
[2023-10-17T14:55:29.472+0000][3262.581s][info ][safepoint     ] Leaving safepoint region
[2023-10-17T14:55:29.473+0000][3262.582s][info ][safepoint     ] Total time for which application threads were stopped: 0.0017804 seconds, Stopping threads took: 0.0008252 seconds
[2023-10-17T14:55:30.474+0000][3263.583s][debug][safepoint     ] Safepoint synchronization initiated. (183 threads)
[2023-10-17T14:55:30.475+0000][3263.584s][info ][safepoint     ] Application time: 1.0014128 seconds
[2023-10-17T14:55:30.476+0000][3263.585s][info ][safepoint     ] Entering safepoint region: Cleanup
[2023-10-17T14:55:30.478+0000][3263.587s][info ][safepoint     ] Leaving safepoint region
[2023-10-17T14:55:30.479+0000][3263.588s][info ][safepoint     ] Total time for which application threads were stopped: 0.0026374 seconds, Stopping threads took: 0.0016596 seconds
[2023-10-17T14:55:31.481+0000][3264.589s][debug][safepoint     ] Safepoint synchronization initiated. (183 threads)
[2023-10-17T14:55:31.481+0000][3264.590s][info ][safepoint     ] Application time: 1.0012697 seconds
[2023-10-17T14:55:31.482+0000][3264.591s][info ][safepoint     ] Entering safepoint region: Cleanup
[2023-10-17T14:55:31.483+0000][3264.592s][info ][safepoint     ] Leaving safepoint region
[2023-10-17T14:55:31.484+0000][3264.593s][info ][safepoint     ] Total time for which application threads were stopped: 0.0017172 seconds, Stopping threads took: 0.0007854 seconds
[2023-10-17T14:55:32.485+0000][3265.594s][debug][safepoint     ] Safepoint synchronization initiated. (183 threads)
[2023-10-17T14:55:32.486+0000][3265.595s][info ][safepoint     ] Application time: 1.0012364 seconds
[2023-10-17T14:55:32.487+0000][3265.595s][info ][safepoint     ] Entering safepoint region: Cleanup
[2023-10-17T14:55:32.488+0000][3265.596s][info ][safepoint     ] Leaving safepoint region
[2023-10-17T14:55:32.488+0000][3265.597s][info ][safepoint     ] Total time for which application threads were stopped: 0.0015082 seconds, Stopping threads took: 0.0006515 seconds
[2023-10-17T14:55:33.489+0000][3266.598s][debug][safepoint     ] Safepoint synchronization initiated. (183 threads)
[2023-10-17T14:55:33.490+0000][3266.599s][info ][safepoint     ] Application time: 1.0011302 seconds
[2023-10-17T14:55:33.490+0000][3266.599s][info ][safepoint     ] Entering safepoint region: Cleanup
[2023-10-17T14:55:33.492+0000][3266.600s][info ][safepoint     ] Leaving safepoint region
[2023-10-17T14:55:33.492+0000][3266.601s][info ][safepoint     ] Total time for which application threads were stopped: 0.0016624 seconds, Stopping threads took: 0.0007318 seconds
[2023-10-17T14:55:34.493+0000][3267.602s][debug][safepoint     ] Safepoint synchronization initiated. (183 threads)
[2023-10-17T14:55:34.494+0000][3267.603s][info ][safepoint     ] Application time: 1.0013785 seconds
[2023-10-17T14:55:34.495+0000][3267.604s][info ][safepoint     ] Entering safepoint region: Cleanup
[2023-10-17T14:55:34.496+0000][3267.605s][info ][safepoint     ] Leaving safepoint region
[2023-10-17T14:55:34.497+0000][3267.606s][info ][safepoint     ] Total time for which application threads were stopped: 0.0020946 seconds, Stopping threads took: 0.0008818 seconds
[2023-10-17T14:55:35.498+0000][3268.607s][debug][safepoint     ] Safepoint synchronization initiated. (183 threads)
[2023-10-17T14:55:35.499+0000][3268.608s][info ][safepoint     ] Application time: 1.0011637 seconds
[2023-10-17T14:55:35.500+0000][3268.609s][info ][safepoint     ] Entering safepoint region: Cleanup
[2023-10-17T14:55:35.501+0000][3268.610s][info ][safepoint     ] Leaving safepoint region
[2023-10-17T14:55:35.501+0000][3268.610s][info ][safepoint     ] Total time for which application threads were stopped: 0.0016824 seconds, Stopping threads took: 0.0007323 seconds
[2023-10-17T14:55:36.502+0000][3269.611s][debug][safepoint     ] Safepoint synchronization initiated. (183 threads)
[2023-10-17T14:55:36.503+0000][3269.612s][info ][safepoint     ] Application time: 1.0013649 seconds
[2023-10-17T14:55:36.504+0000][3269.613s][info ][safepoint     ] Entering safepoint region: Cleanup
[2023-10-17T14:55:36.506+0000][3269.615s][info ][safepoint     ] Leaving safepoint region
[2023-10-17T14:55:36.507+0000][3269.616s][info ][safepoint     ] Total time for which application threads were stopped: 0.0025193 seconds, Stopping threads took: 0.0010714 seconds
[2023-10-17T14:55:37.508+0000][3270.617s][debug][safepoint     ] Safepoint synchronization initiated. (183 threads)
[2023-10-17T14:55:37.510+0000][3270.619s][info ][safepoint     ] Application time: 1.0019747 seconds
[2023-10-17T14:55:37.511+0000][3270.619s][info ][safepoint     ] Entering safepoint region: Cleanup
[2023-10-17T14:55:37.512+0000][3270.621s][info ][safepoint     ] Leaving safepoint region
[2023-10-17T14:55:37.513+0000][3270.622s][info ][safepoint     ] Total time for which application threads were stopped: 0.0025195 seconds, Stopping threads took: 0.0010558 seconds
[2023-10-17T14:55:38.515+0000][3271.623s][debug][safepoint     ] Safepoint synchronization initiated. (183 threads)
[2023-10-17T14:55:38.516+0000][3271.625s][info ][safepoint     ] Application time: 1.0020306 seconds
[2023-10-17T14:55:38.517+0000][3271.626s][info ][safepoint     ] Entering safepoint region: Cleanup
[2023-10-17T14:55:38.518+0000][3271.627s][info ][safepoint     ] Leaving safepoint region
[2023-10-17T14:55:38.519+0000][3271.628s][info ][safepoint     ] Total time for which application threads were stopped: 0.0018314 seconds, Stopping threads took: 0.0007208 seconds
[2023-10-17T14:55:39.520+0000][3272.629s][debug][safepoint     ] Safepoint synchronization initiated. (183 threads)
[2023-10-17T14:55:39.521+0000][3272.630s][info ][safepoint     ] Application time: 1.0018162 seconds
[2023-10-17T14:55:39.522+0000][3272.631s][info ][safepoint     ] Entering safepoint region: Cleanup
[2023-10-17T14:55:39.523+0000][3272.632s][info ][safepoint     ] Leaving safepoint region
[2023-10-17T14:55:39.524+0000][3272.633s][info ][safepoint     ] Total time for which application threads were stopped: 0.0015586 seconds, Stopping threads took: 0.0006743 seconds
[2023-10-17T14:55:40.525+0000][3273.634s][debug][safepoint     ] Safepoint synchronization initiated. (183 threads)
[2023-10-17T14:55:40.526+0000][3273.635s][info ][safepoint     ] Application time: 1.0012896 seconds
[2023-10-17T14:55:40.527+0000][3273.636s][info ][safepoint     ] Entering safepoint region: Cleanup
[2023-10-17T14:55:40.528+0000][3273.637s][info ][safepoint     ] Leaving safepoint region
[2023-10-17T14:55:40.529+0000][3273.638s][info ][safepoint     ] Total time for which application threads were stopped: 0.0021723 seconds, Stopping threads took: 0.0008457 seconds
[2023-10-17T14:55:41.530+0000][3274.639s][debug][safepoint     ] Safepoint synchronization initiated. (183 threads)
[2023-10-17T14:55:41.531+0000][3274.640s][info ][safepoint     ] Application time: 1.0014685 seconds
[2023-10-17T14:55:41.532+0000][3274.641s][info ][safepoint     ] Entering safepoint region: Cleanup
[2023-10-17T14:55:41.534+0000][3274.642s][info ][safepoint     ] Leaving safepoint region
[2023-10-17T14:55:41.534+0000][3274.643s][info ][safepoint     ] Total time for which application threads were stopped: 0.0019813 seconds, Stopping threads took: 0.0008406 seconds
[2023-10-17T14:55:42.536+0000][3275.644s][debug][safepoint     ] Safepoint synchronization initiated. (183 threads)
[2023-10-17T14:55:42.537+0000][3275.645s][info ][safepoint     ] Application time: 1.0013281 seconds
[2023-10-17T14:55:42.538+0000][3275.646s][info ][safepoint     ] Entering safepoint region: Cleanup
[2023-10-17T14:55:42.539+0000][3275.647s][info ][safepoint     ] Leaving safepoint region
[2023-10-17T14:55:42.539+0000][3275.648s][info ][safepoint     ] Total time for which application threads were stopped: 0.0019228 seconds, Stopping threads took: 0.0008647 seconds
[2023-10-17T14:55:43.540+0000][3276.649s][debug][safepoint     ] Safepoint synchronization initiated. (183 threads)
[2023-10-17T14:55:43.541+0000][3276.650s][info ][safepoint     ] Application time: 1.0011182 seconds
[2023-10-17T14:55:43.542+0000][3276.651s][info ][safepoint     ] Entering safepoint region: Cleanup
[2023-10-17T14:55:43.543+0000][3276.652s][info ][safepoint     ] Leaving safepoint region
[2023-10-17T14:55:43.544+0000][3276.653s][info ][safepoint     ] Total time for which application threads were stopped: 0.0018444 seconds, Stopping threads took: 0.0008210 seconds
[2023-10-17T14:55:44.545+0000][3277.654s][debug][safepoint     ] Safepoint synchronization initiated. (183 threads)
[2023-10-17T14:55:44.546+0000][3277.655s][info ][safepoint     ] Application time: 1.0010926 seconds
[2023-10-17T14:55:44.547+0000][3277.656s][info ][safepoint     ] Entering safepoint region: Cleanup
[2023-10-17T14:55:44.548+0000][3277.657s][info ][safepoint     ] Leaving safepoint region
[2023-10-17T14:55:44.549+0000][3277.658s][info ][safepoint     ] Total time for which application threads were stopped: 0.0019899 seconds, Stopping threads took: 0.0009108 seconds
[2023-10-17T14:55:45.550+0000][3278.659s][debug][safepoint     ] Safepoint synchronization initiated. (183 threads)
[2023-10-17T14:55:45.551+0000][3278.660s][info ][safepoint     ] Application time: 1.0013366 seconds
[2023-10-17T14:55:45.552+0000][3278.661s][info ][safepoint     ] Entering safepoint region: Cleanup
[2023-10-17T14:55:45.553+0000][3278.662s][info ][safepoint     ] Leaving safepoint region
[2023-10-17T14:55:45.554+0000][3278.663s][info ][safepoint     ] Total time for which application threads were stopped: 0.0020260 seconds, Stopping threads took: 0.0009142 seconds
[2023-10-17T14:55:46.555+0000][3279.664s][debug][safepoint     ] Safepoint synchronization initiated. (183 threads)
[2023-10-17T14:55:46.556+0000][3279.665s][info ][safepoint     ] Application time: 1.0012413 seconds
[2023-10-17T14:55:46.557+0000][3279.665s][info ][safepoint     ] Entering safepoint region: Cleanup
[2023-10-17T14:55:46.558+0000][3279.666s][info ][safepoint     ] Leaving safepoint region
[2023-10-17T14:55:46.558+0000][3279.667s][info ][safepoint     ] Total time for which application threads were stopped: 0.0018177 seconds, Stopping threads took: 0.0007382 seconds
[2023-10-17T14:55:47.560+0000][3280.669s][debug][safepoint     ] Safepoint synchronization initiated. (183 threads)
[2023-10-17T14:55:47.561+0000][3280.670s][info ][safepoint     ] Application time: 1.0017727 seconds
[2023-10-17T14:55:47.562+0000][3280.671s][info ][safepoint     ] Entering safepoint region: Cleanup
[2023-10-17T14:55:47.563+0000][3280.672s][info ][safepoint     ] Leaving safepoint region
[2023-10-17T14:55:47.564+0000][3280.673s][info ][safepoint     ] Total time for which application threads were stopped: 0.0020709 seconds, Stopping threads took: 0.0011028 seconds
[2023-10-17T14:55:48.565+0000][3281.674s][debug][safepoint     ] Safepoint synchronization initiated. (183 threads)
[2023-10-17T14:55:48.566+0000][3281.675s][info ][safepoint     ] Application time: 1.0013058 seconds
[2023-10-17T14:55:48.567+0000][3281.676s][info ][safepoint     ] Entering safepoint region: Cleanup
[2023-10-17T14:55:48.568+0000][3281.677s][info ][safepoint     ] Leaving safepoint region
[2023-10-17T14:55:48.569+0000][3281.678s][info ][safepoint     ] Total time for which application threads were stopped: 0.0021971 seconds, Stopping threads took: 0.0008459 seconds
[2023-10-17T14:55:49.569+0000][3282.679s][debug][safepoint     ] Safepoint synchronization initiated. (183 threads)
[2023-10-17T14:55:49.570+0000][3282.681s][info ][safepoint     ] Application time: 1.0018466 seconds
[2023-10-17T14:55:49.571+0000][3282.682s][info ][safepoint     ] Entering safepoint region: Cleanup
[2023-10-17T14:55:49.573+0000][3282.683s][info ][safepoint     ] Leaving safepoint region
[2023-10-17T14:55:49.574+0000][3282.684s][info ][safepoint     ] Total time for which application threads were stopped: 0.0026428 seconds, Stopping threads took: 0.0012378 seconds
[2023-10-17T14:55:50.575+0000][3283.686s][debug][safepoint     ] Safepoint synchronization initiated. (183 threads)
[2023-10-17T14:55:50.577+0000][3283.687s][info ][safepoint     ] Application time: 1.0014827 seconds
[2023-10-17T14:55:50.578+0000][3283.688s][info ][safepoint     ] Entering safepoint region: Cleanup
[2023-10-17T14:55:50.579+0000][3283.689s][info ][safepoint     ] Leaving safepoint region
[2023-10-17T14:55:50.579+0000][3283.690s][info ][safepoint     ] Total time for which application threads were stopped: 0.0018330 seconds, Stopping threads took: 0.0007599 seconds
[2023-10-17T14:55:51.580+0000][3284.691s][debug][safepoint     ] Safepoint synchronization initiated. (183 threads)
[2023-10-17T14:55:51.582+0000][3284.692s][info ][safepoint     ] Application time: 1.0017780 seconds
[2023-10-17T14:55:51.583+0000][3284.693s][info ][safepoint     ] Entering safepoint region: Cleanup
[2023-10-17T14:55:51.584+0000][3284.694s][info ][safepoint     ] Leaving safepoint region
[2023-10-17T14:55:51.585+0000][3284.695s][info ][safepoint     ] Total time for which application threads were stopped: 0.0020398 seconds, Stopping threads took: 0.0008322 seconds
[2023-10-17T14:55:52.586+0000][3285.696s][debug][safepoint     ] Safepoint synchronization initiated. (183 threads)
[2023-10-17T14:55:52.587+0000][3285.697s][info ][safepoint     ] Application time: 1.0015830 seconds
[2023-10-17T14:55:52.589+0000][3285.699s][info ][safepoint     ] Entering safepoint region: Cleanup
[2023-10-17T14:55:52.590+0000][3285.701s][info ][safepoint     ] Leaving safepoint region
[2023-10-17T14:55:52.591+0000][3285.702s][info ][safepoint     ] Total time for which application threads were stopped: 0.0023818 seconds, Stopping threads took: 0.0011169 seconds
[2023-10-17T14:55:53.592+0000][3286.703s][debug][safepoint     ] Safepoint synchronization initiated. (183 threads)
[2023-10-17T14:55:53.593+0000][3286.704s][info ][safepoint     ] Application time: 1.0012444 seconds
[2023-10-17T14:55:53.594+0000][3286.705s][info ][safepoint     ] Entering safepoint region: Cleanup
[2023-10-17T14:55:53.595+0000][3286.706s][info ][safepoint     ] Leaving safepoint region
[2023-10-17T14:55:53.596+0000][3286.706s][info ][safepoint     ] Total time for which application threads were stopped: 0.0017452 seconds, Stopping threads took: 0.0007603 seconds
[2023-10-17T14:55:54.597+0000][3287.707s][debug][safepoint     ] Safepoint synchronization initiated. (183 threads)
[2023-10-17T14:55:54.599+0000][3287.709s][info ][safepoint     ] Application time: 1.0018619 seconds
[2023-10-17T14:55:54.600+0000][3287.710s][info ][safepoint     ] Entering safepoint region: Cleanup
[2023-10-17T14:55:54.601+0000][3287.712s][info ][safepoint     ] Leaving safepoint region
[2023-10-17T14:55:54.602+0000][3287.712s][info ][safepoint     ] Total time for which application threads were stopped: 0.0022184 seconds, Stopping threads took: 0.0010629 seconds
[2023-10-17T14:55:55.603+0000][3288.714s][debug][safepoint     ] Safepoint synchronization initiated. (183 threads)
[2023-10-17T14:55:55.604+0000][3288.714s][info ][safepoint     ] Application time: 1.0010172 seconds
[2023-10-17T14:55:55.605+0000][3288.715s][info ][safepoint     ] Entering safepoint region: Cleanup
[2023-10-17T14:55:55.606+0000][3288.716s][info ][safepoint     ] Leaving safepoint region
[2023-10-17T14:55:55.606+0000][3288.717s][info ][safepoint     ] Total time for which application threads were stopped: 0.0015773 seconds, Stopping threads took: 0.0006292 seconds
[2023-10-17T14:55:56.607+0000][3289.718s][debug][safepoint     ] Safepoint synchronization initiated. (183 threads)
[2023-10-17T14:55:56.609+0000][3289.719s][info ][safepoint     ] Application time: 1.0015103 seconds
[2023-10-17T14:55:56.610+0000][3289.720s][info ][safepoint     ] Entering safepoint region: Cleanup
[2023-10-17T14:55:56.611+0000][3289.721s][info ][safepoint     ] Leaving safepoint region
[2023-10-17T14:55:56.612+0000][3289.722s][info ][safepoint     ] Total time for which application threads were stopped: 0.0021686 seconds, Stopping threads took: 0.0009883 seconds
[2023-10-17T14:55:57.613+0000][3290.723s][debug][safepoint     ] Safepoint synchronization initiated. (183 threads)
[2023-10-17T14:55:57.614+0000][3290.724s][info ][safepoint     ] Application time: 1.0013405 seconds
[2023-10-17T14:55:57.615+0000][3290.725s][info ][safepoint     ] Entering safepoint region: Cleanup
[2023-10-17T14:55:57.616+0000][3290.726s][info ][safepoint     ] Leaving safepoint region
[2023-10-17T14:55:57.616+0000][3290.727s][info ][safepoint     ] Total time for which application threads were stopped: 0.0018765 seconds, Stopping threads took: 0.0009416 seconds
[2023-10-17T14:55:58.617+0000][3291.728s][debug][safepoint     ] Safepoint synchronization initiated. (183 threads)
[2023-10-17T14:55:58.619+0000][3291.729s][info ][safepoint     ] Application time: 1.0013936 seconds
[2023-10-17T14:55:58.620+0000][3291.730s][info ][safepoint     ] Entering safepoint region: Cleanup
[2023-10-17T14:55:58.621+0000][3291.731s][info ][safepoint     ] Leaving safepoint region
[2023-10-17T14:55:58.622+0000][3291.732s][info ][safepoint     ] Total time for which application threads were stopped: 0.0018613 seconds, Stopping threads took: 0.0007625 seconds
[2023-10-17T14:55:59.623+0000][3292.733s][debug][safepoint     ] Safepoint synchronization initiated. (183 threads)
[2023-10-17T14:55:59.624+0000][3292.734s][info ][safepoint     ] Application time: 1.0014410 seconds
[2023-10-17T14:55:59.625+0000][3292.735s][info ][safepoint     ] Entering safepoint region: Cleanup
[2023-10-17T14:55:59.626+0000][3292.736s][info ][safepoint     ] Leaving safepoint region
[2023-10-17T14:55:59.626+0000][3292.737s][info ][safepoint     ] Total time for which application threads were stopped: 0.0018892 seconds, Stopping threads took: 0.0007733 seconds
[2023-10-17T14:56:00.627+0000][3293.738s][debug][safepoint     ] Safepoint synchronization initiated. (183 threads)
[2023-10-17T14:56:00.629+0000][3293.739s][info ][safepoint     ] Application time: 1.0016115 seconds
[2023-10-17T14:56:00.630+0000][3293.740s][info ][safepoint     ] Entering safepoint region: Cleanup
[2023-10-17T14:56:00.632+0000][3293.742s][info ][safepoint     ] Leaving safepoint region
[2023-10-17T14:56:00.633+0000][3293.743s][info ][safepoint     ] Total time for which application threads were stopped: 0.0028972 seconds, Stopping threads took: 0.0013115 seconds
[2023-10-17T14:56:01.634+0000][3294.745s][debug][safepoint     ] Safepoint synchronization initiated. (183 threads)
[2023-10-17T14:56:01.635+0000][3294.746s][info ][safepoint     ] Application time: 1.0014031 seconds
[2023-10-17T14:56:01.636+0000][3294.747s][info ][safepoint     ] Entering safepoint region: Cleanup
[2023-10-17T14:56:01.637+0000][3294.748s][info ][safepoint     ] Leaving safepoint region
[2023-10-17T14:56:01.638+0000][3294.748s][info ][safepoint     ] Total time for which application threads were stopped: 0.0018592 seconds, Stopping threads took: 0.0007397 seconds
[2023-10-17T14:56:02.639+0000][3295.749s][debug][safepoint     ] Safepoint synchronization initiated. (183 threads)
[2023-10-17T14:56:02.640+0000][3295.750s][info ][safepoint     ] Application time: 1.0009797 seconds
[2023-10-17T14:56:02.641+0000][3295.751s][info ][safepoint     ] Entering safepoint region: Cleanup
[2023-10-17T14:56:02.642+0000][3295.752s][info ][safepoint     ] Leaving safepoint region
[2023-10-17T14:56:02.642+0000][3295.753s][info ][safepoint     ] Total time for which application threads were stopped: 0.0018170 seconds, Stopping threads took: 0.0009307 seconds
[2023-10-17T14:56:03.643+0000][3296.754s][debug][safepoint     ] Safepoint synchronization initiated. (183 threads)
[2023-10-17T14:56:03.644+0000][3296.755s][info ][safepoint     ] Application time: 1.0011079 seconds
[2023-10-17T14:56:03.645+0000][3296.755s][info ][safepoint     ] Entering safepoint region: Cleanup
[2023-10-17T14:56:03.646+0000][3296.756s][info ][safepoint     ] Leaving safepoint region
[2023-10-17T14:56:03.646+0000][3296.757s][info ][safepoint     ] Total time for which application threads were stopped: 0.0016325 seconds, Stopping threads took: 0.0006403 seconds
[2023-10-17T14:56:04.648+0000][3297.758s][debug][safepoint     ] Safepoint synchronization initiated. (183 threads)
[2023-10-17T14:56:04.649+0000][3297.759s][info ][safepoint     ] Application time: 1.0013140 seconds
[2023-10-17T14:56:04.649+0000][3297.760s][info ][safepoint     ] Entering safepoint region: Cleanup
[2023-10-17T14:56:04.650+0000][3297.761s][info ][safepoint     ] Leaving safepoint region
[2023-10-17T14:56:04.651+0000][3297.762s][info ][safepoint     ] Total time for which application threads were stopped: 0.0019400 seconds, Stopping threads took: 0.0008317 seconds
[2023-10-17T14:56:05.652+0000][3298.763s][debug][safepoint     ] Safepoint synchronization initiated. (183 threads)
[2023-10-17T14:56:05.653+0000][3298.764s][info ][safepoint     ] Application time: 1.0011922 seconds
[2023-10-17T14:56:05.654+0000][3298.765s][info ][safepoint     ] Entering safepoint region: Cleanup
[2023-10-17T14:56:05.655+0000][3298.766s][info ][safepoint     ] Leaving safepoint region
[2023-10-17T14:56:05.656+0000][3298.767s][info ][safepoint     ] Total time for which application threads were stopped: 0.0019441 seconds, Stopping threads took: 0.0007678 seconds
[2023-10-17T14:56:06.657+0000][3299.767s][debug][safepoint     ] Safepoint synchronization initiated. (183 threads)
[2023-10-17T14:56:06.658+0000][3299.769s][info ][safepoint     ] Application time: 1.0014621 seconds
[2023-10-17T14:56:06.659+0000][3299.770s][info ][safepoint     ] Entering safepoint region: Cleanup
[2023-10-17T14:56:06.661+0000][3299.771s][info ][safepoint     ] Leaving safepoint region
[2023-10-17T14:56:06.662+0000][3299.772s][info ][safepoint     ] Total time for which application threads were stopped: 0.0024174 seconds, Stopping threads took: 0.0010447 seconds
[2023-10-17T14:56:07.663+0000][3300.774s][debug][safepoint     ] Safepoint synchronization initiated. (183 threads)
[2023-10-17T14:56:07.665+0000][3300.775s][info ][safepoint     ] Application time: 1.0015025 seconds
[2023-10-17T14:56:07.666+0000][3300.776s][info ][safepoint     ] Entering safepoint region: Cleanup
[2023-10-17T14:56:07.667+0000][3300.778s][info ][safepoint     ] Leaving safepoint region
[2023-10-17T14:56:07.668+0000][3300.779s][info ][safepoint     ] Total time for which application threads were stopped: 0.0026363 seconds, Stopping threads took: 0.0010329 seconds
[2023-10-17T14:56:08.670+0000][3301.780s][debug][safepoint     ] Safepoint synchronization initiated. (183 threads)
[2023-10-17T14:56:08.670+0000][3301.781s][info ][safepoint     ] Application time: 1.0011564 seconds
[2023-10-17T14:56:08.671+0000][3301.782s][info ][safepoint     ] Entering safepoint region: Cleanup
[2023-10-17T14:56:08.672+0000][3301.783s][info ][safepoint     ] Leaving safepoint region
[2023-10-17T14:56:08.673+0000][3301.784s][info ][safepoint     ] Total time for which application threads were stopped: 0.0019865 seconds, Stopping threads took: 0.0008175 seconds
[2023-10-17T14:56:09.674+0000][3302.785s][debug][safepoint     ] Safepoint synchronization initiated. (183 threads)
[2023-10-17T14:56:09.675+0000][3302.786s][info ][safepoint     ] Application time: 1.0014142 seconds
[2023-10-17T14:56:09.676+0000][3302.787s][info ][safepoint     ] Entering safepoint region: Cleanup
[2023-10-17T14:56:09.678+0000][3302.788s][info ][safepoint     ] Leaving safepoint region
[2023-10-17T14:56:09.678+0000][3302.789s][info ][safepoint     ] Total time for which application threads were stopped: 0.0021421 seconds, Stopping threads took: 0.0010223 seconds
[2023-10-17T14:56:10.679+0000][3303.790s][debug][safepoint     ] Safepoint synchronization initiated. (183 threads)
[2023-10-17T14:56:10.681+0000][3303.791s][info ][safepoint     ] Application time: 1.0014248 seconds
[2023-10-17T14:56:10.682+0000][3303.792s][debug][safepoint     ] ... found polling page return exception at pc = 0x00007fc1a4a681f6, stub =0x00007fc19c840600
[2023-10-17T14:56:10.682+0000][3303.792s][debug][safepoint     ] ... found polling page return exception at pc = 0x00007fc1a4b0dc74, stub =0x00007fc19c840600
[2023-10-17T14:56:10.682+0000][3303.792s][debug][safepoint     ] ... found polling page return exception at pc = 0x00007fc1a4672b74, stub =0x00007fc19c840600
[2023-10-17T14:56:10.682+0000][3303.792s][debug][safepoint     ] ... found polling page return exception at pc = 0x00007fc1a4672b74, stub =0x00007fc19c840600
[2023-10-17T14:56:10.686+0000][3303.796s][debug][safepoint     ] Waiting for 5 thread(s) to block
[2023-10-17T14:56:10.688+0000][3303.799s][info ][safepoint     ] Entering safepoint region: Cleanup
[2023-10-17T14:56:10.691+0000][3303.801s][info ][safepoint     ] Leaving safepoint region
[2023-10-17T14:56:10.691+0000][3303.802s][info ][safepoint     ] Total time for which application threads were stopped: 0.0097151 seconds, Stopping threads took: 0.0084095 seconds
[2023-10-17T14:56:11.693+0000][3304.803s][debug][safepoint     ] Safepoint synchronization initiated. (183 threads)
[2023-10-17T14:56:11.694+0000][3304.804s][info ][safepoint     ] Application time: 1.0015457 seconds
[2023-10-17T14:56:11.694+0000][3304.805s][info ][safepoint     ] Entering safepoint region: Cleanup
[2023-10-17T14:56:11.696+0000][3304.806s][info ][safepoint     ] Leaving safepoint region
[2023-10-17T14:56:11.696+0000][3304.807s][info ][safepoint     ] Total time for which application threads were stopped: 0.0019477 seconds, Stopping threads took: 0.0009260 seconds
[2023-10-17T14:56:12.698+0000][3305.808s][debug][safepoint     ] Safepoint synchronization initiated. (183 threads)
[2023-10-17T14:56:12.698+0000][3305.809s][info ][safepoint     ] Application time: 1.0012285 seconds
[2023-10-17T14:56:12.699+0000][3305.810s][info ][safepoint     ] Entering safepoint region: Cleanup
[2023-10-17T14:56:12.700+0000][3305.811s][info ][safepoint     ] Leaving safepoint region
[2023-10-17T14:56:12.701+0000][3305.812s][info ][safepoint     ] Total time for which application threads were stopped: 0.0021211 seconds, Stopping threads took: 0.0008270 seconds
[2023-10-17T14:56:13.702+0000][3306.813s][debug][safepoint     ] Safepoint synchronization initiated. (183 threads)
[2023-10-17T14:56:13.703+0000][3306.814s][info ][safepoint     ] Application time: 1.0013308 seconds
[2023-10-17T14:56:13.704+0000][3306.815s][info ][safepoint     ] Entering safepoint region: Cleanup
[2023-10-17T14:56:13.706+0000][3306.816s][info ][safepoint     ] Leaving safepoint region
[2023-10-17T14:56:13.706+0000][3306.817s][info ][safepoint     ] Total time for which application threads were stopped: 0.0020109 seconds, Stopping threads took: 0.0008787 seconds
[2023-10-17T14:56:14.707+0000][3307.818s][debug][safepoint     ] Safepoint synchronization initiated. (183 threads)
[2023-10-17T14:56:14.708+0000][3307.819s][info ][safepoint     ] Application time: 1.0012566 seconds
[2023-10-17T14:56:14.709+0000][3307.820s][info ][safepoint     ] Entering safepoint region: Cleanup
[2023-10-17T14:56:14.710+0000][3307.821s][info ][safepoint     ] Leaving safepoint region
[2023-10-17T14:56:14.711+0000][3307.822s][info ][safepoint     ] Total time for which application threads were stopped: 0.0019914 seconds, Stopping threads took: 0.0008199 seconds
[2023-10-17T14:56:15.712+0000][3308.823s][debug][safepoint     ] Safepoint synchronization initiated. (183 threads)
[2023-10-17T14:56:15.713+0000][3308.824s][info ][safepoint     ] Application time: 1.0013490 seconds
[2023-10-17T14:56:15.714+0000][3308.825s][info ][safepoint     ] Entering safepoint region: Cleanup
[2023-10-17T14:56:15.716+0000][3308.826s][info ][safepoint     ] Leaving safepoint region
[2023-10-17T14:56:15.717+0000][3308.827s][info ][safepoint     ] Total time for which application threads were stopped: 0.0022321 seconds, Stopping threads took: 0.0009979 seconds
[2023-10-17T14:56:16.718+0000][3309.828s][debug][safepoint     ] Safepoint synchronization initiated. (183 threads)
[2023-10-17T14:56:16.719+0000][3309.830s][info ][safepoint     ] Application time: 1.0016004 seconds
[2023-10-17T14:56:16.720+0000][3309.831s][info ][safepoint     ] Entering safepoint region: Cleanup
[2023-10-17T14:56:16.722+0000][3309.832s][info ][safepoint     ] Leaving safepoint region
[2023-10-17T14:56:16.723+0000][3309.833s][info ][safepoint     ] Total time for which application threads were stopped: 0.0025146 seconds, Stopping threads took: 0.0010072 seconds
[2023-10-17T14:56:17.724+0000][3310.835s][debug][safepoint     ] Safepoint synchronization initiated. (183 threads)
[2023-10-17T14:56:17.725+0000][3310.836s][info ][safepoint     ] Application time: 1.0014683 seconds
[2023-10-17T14:56:17.726+0000][3310.836s][info ][safepoint     ] Entering safepoint region: Cleanup
[2023-10-17T14:56:17.727+0000][3310.837s][info ][safepoint     ] Leaving safepoint region
[2023-10-17T14:56:17.728+0000][3310.838s][info ][safepoint     ] Total time for which application threads were stopped: 0.0019503 seconds, Stopping threads took: 0.0008993 seconds
[2023-10-17T14:56:18.730+0000][3311.839s][debug][safepoint     ] Safepoint synchronization initiated. (183 threads)
[2023-10-17T14:56:18.731+0000][3311.840s][info ][safepoint     ] Application time: 1.0011807 seconds
[2023-10-17T14:56:18.732+0000][3311.841s][info ][safepoint     ] Entering safepoint region: Cleanup
[2023-10-17T14:56:18.733+0000][3311.842s][info ][safepoint     ] Leaving safepoint region
[2023-10-17T14:56:18.734+0000][3311.843s][info ][safepoint     ] Total time for which application threads were stopped: 0.0018551 seconds, Stopping threads took: 0.0007668 seconds
[2023-10-17T14:56:19.735+0000][3312.844s][debug][safepoint     ] Safepoint synchronization initiated. (183 threads)
[2023-10-17T14:56:19.736+0000][3312.845s][info ][safepoint     ] Application time: 1.0011807 seconds
[2023-10-17T14:56:19.737+0000][3312.846s][info ][safepoint     ] Entering safepoint region: Cleanup
[2023-10-17T14:56:19.738+0000][3312.847s][info ][safepoint     ] Leaving safepoint region
[2023-10-17T14:56:19.739+0000][3312.848s][info ][safepoint     ] Total time for which application threads were stopped: 0.0019660 seconds, Stopping threads took: 0.0007879 seconds
[2023-10-17T14:56:20.739+0000][3313.848s][debug][safepoint     ] Safepoint synchronization initiated. (183 threads)
[2023-10-17T14:56:20.741+0000][3313.850s][info ][safepoint     ] Application time: 1.0013353 seconds
[2023-10-17T14:56:20.741+0000][3313.850s][info ][safepoint     ] Entering safepoint region: Cleanup
[2023-10-17T14:56:20.743+0000][3313.852s][info ][safepoint     ] Leaving safepoint region
[2023-10-17T14:56:20.744+0000][3313.853s][info ][safepoint     ] Total time for which application threads were stopped: 0.0024546 seconds, Stopping threads took: 0.0012339 seconds
[2023-10-17T14:56:21.745+0000][3314.854s][debug][safepoint     ] Safepoint synchronization initiated. (183 threads)
[2023-10-17T14:56:21.746+0000][3314.855s][info ][safepoint     ] Application time: 1.0011893 seconds
[2023-10-17T14:56:21.746+0000][3314.855s][info ][safepoint     ] Entering safepoint region: Cleanup
[2023-10-17T14:56:21.747+0000][3314.856s][info ][safepoint     ] Leaving safepoint region
[2023-10-17T14:56:21.748+0000][3314.857s][info ][safepoint     ] Total time for which application threads were stopped: 0.0016369 seconds, Stopping threads took: 0.0006711 seconds
[2023-10-17T14:56:22.749+0000][3315.858s][debug][safepoint     ] Safepoint synchronization initiated. (183 threads)
[2023-10-17T14:56:22.750+0000][3315.859s][info ][safepoint     ] Application time: 1.0018413 seconds
[2023-10-17T14:56:22.752+0000][3315.860s][info ][safepoint     ] Entering safepoint region: Cleanup
[2023-10-17T14:56:22.753+0000][3315.862s][info ][safepoint     ] Leaving safepoint region
[2023-10-17T14:56:22.754+0000][3315.863s][info ][safepoint     ] Total time for which application threads were stopped: 0.0025893 seconds, Stopping threads took: 0.0011218 seconds
[2023-10-17T14:56:23.755+0000][3316.864s][debug][safepoint     ] Safepoint synchronization initiated. (183 threads)
[2023-10-17T14:56:23.756+0000][3316.865s][info ][safepoint     ] Application time: 1.0012185 seconds
[2023-10-17T14:56:23.757+0000][3316.866s][info ][safepoint     ] Entering safepoint region: Cleanup
[2023-10-17T14:56:23.758+0000][3316.867s][info ][safepoint     ] Leaving safepoint region
[2023-10-17T14:56:23.759+0000][3316.868s][info ][safepoint     ] Total time for which application threads were stopped: 0.0019520 seconds, Stopping threads took: 0.0008442 seconds
[2023-10-17T14:56:24.760+0000][3317.869s][debug][safepoint     ] Safepoint synchronization initiated. (183 threads)
[2023-10-17T14:56:24.762+0000][3317.871s][info ][safepoint     ] Application time: 1.0015552 seconds
[2023-10-17T14:56:24.763+0000][3317.872s][info ][safepoint     ] Entering safepoint region: Cleanup
[2023-10-17T14:56:24.764+0000][3317.873s][info ][safepoint     ] Leaving safepoint region
[2023-10-17T14:56:24.765+0000][3317.874s][info ][safepoint     ] Total time for which application threads were stopped: 0.0022612 seconds, Stopping threads took: 0.0009016 seconds
[2023-10-17T14:56:25.766+0000][3318.875s][debug][safepoint     ] Safepoint synchronization initiated. (183 threads)
[2023-10-17T14:56:25.767+0000][3318.876s][info ][safepoint     ] Application time: 1.0014628 seconds
[2023-10-17T14:56:25.768+0000][3318.877s][info ][safepoint     ] Entering safepoint region: Cleanup
[2023-10-17T14:56:25.769+0000][3318.878s][info ][safepoint     ] Leaving safepoint region
[2023-10-17T14:56:25.770+0000][3318.879s][info ][safepoint     ] Total time for which application threads were stopped: 0.0018328 seconds, Stopping threads took: 0.0006852 seconds
[2023-10-17T14:56:26.771+0000][3319.880s][debug][safepoint     ] Safepoint synchronization initiated. (183 threads)
[2023-10-17T14:56:26.772+0000][3319.881s][info ][safepoint     ] Application time: 1.0013075 seconds
[2023-10-17T14:56:26.773+0000][3319.882s][info ][safepoint     ] Entering safepoint region: Cleanup
[2023-10-17T14:56:26.774+0000][3319.883s][info ][safepoint     ] Leaving safepoint region
[2023-10-17T14:56:26.775+0000][3319.884s][info ][safepoint     ] Total time for which application threads were stopped: 0.0017169 seconds, Stopping threads took: 0.0008261 seconds
[2023-10-17T14:56:27.776+0000][3320.885s][debug][safepoint     ] Safepoint synchronization initiated. (183 threads)
[2023-10-17T14:56:27.777+0000][3320.886s][info ][safepoint     ] Application time: 1.0011840 seconds
[2023-10-17T14:56:27.778+0000][3320.887s][info ][safepoint     ] Entering safepoint region: Cleanup
[2023-10-17T14:56:27.779+0000][3320.888s][info ][safepoint     ] Leaving safepoint region
[2023-10-17T14:56:27.780+0000][3320.889s][info ][safepoint     ] Total time for which application threads were stopped: 0.0019424 seconds, Stopping threads took: 0.0009229 seconds
[2023-10-17T14:56:28.781+0000][3321.890s][debug][safepoint     ] Safepoint synchronization initiated. (183 threads)
[2023-10-17T14:56:28.782+0000][3321.891s][info ][safepoint     ] Application time: 1.0013392 seconds
[2023-10-17T14:56:28.782+0000][3321.891s][info ][safepoint     ] Entering safepoint region: Cleanup
[2023-10-17T14:56:28.783+0000][3321.892s][info ][safepoint     ] Leaving safepoint region
[2023-10-17T14:56:28.784+0000][3321.893s][info ][safepoint     ] Total time for which application threads were stopped: 0.0018001 seconds, Stopping threads took: 0.0008008 seconds
[2023-10-17T14:56:29.785+0000][3322.894s][debug][safepoint     ] Safepoint synchronization initiated. (182 threads)
[2023-10-17T14:56:29.786+0000][3322.895s][info ][safepoint     ] Application time: 1.0011809 seconds
[2023-10-17T14:56:29.787+0000][3322.896s][info ][safepoint     ] Entering safepoint region: Cleanup
[2023-10-17T14:56:29.788+0000][3322.897s][info ][safepoint     ] Leaving safepoint region
[2023-10-17T14:56:29.789+0000][3322.898s][info ][safepoint     ] Total time for which application threads were stopped: 0.0018700 seconds, Stopping threads took: 0.0007834 seconds
[2023-10-17T14:56:30.790+0000][3323.899s][debug][safepoint     ] Safepoint synchronization initiated. (182 threads)
[2023-10-17T14:56:30.792+0000][3323.901s][info ][safepoint     ] Application time: 1.0020124 seconds
[2023-10-17T14:56:30.793+0000][3323.902s][info ][safepoint     ] Entering safepoint region: Cleanup
[2023-10-17T14:56:30.794+0000][3323.903s][info ][safepoint     ] Leaving safepoint region
[2023-10-17T14:56:30.795+0000][3323.904s][info ][safepoint     ] Total time for which application threads were stopped: 0.0021247 seconds, Stopping threads took: 0.0008587 seconds
[2023-10-17T14:56:31.796+0000][3324.905s][debug][safepoint     ] Safepoint synchronization initiated. (182 threads)
[2023-10-17T14:56:31.797+0000][3324.906s][info ][safepoint     ] Application time: 1.0013508 seconds
[2023-10-17T14:56:31.798+0000][3324.907s][info ][safepoint     ] Entering safepoint region: Cleanup
[2023-10-17T14:56:31.799+0000][3324.908s][info ][safepoint     ] Leaving safepoint region
[2023-10-17T14:56:31.800+0000][3324.909s][info ][safepoint     ] Total time for which application threads were stopped: 0.0023252 seconds, Stopping threads took: 0.0009811 seconds
[2023-10-17T14:56:32.801+0000][3325.910s][debug][safepoint     ] Safepoint synchronization initiated. (182 threads)
[2023-10-17T14:56:32.803+0000][3325.912s][info ][safepoint     ] Application time: 1.0017432 seconds
[2023-10-17T14:56:32.803+0000][3325.912s][info ][safepoint     ] Entering safepoint region: Cleanup
[2023-10-17T14:56:32.805+0000][3325.914s][info ][safepoint     ] Leaving safepoint region
[2023-10-17T14:56:32.805+0000][3325.914s][info ][safepoint     ] Total time for which application threads were stopped: 0.0018164 seconds, Stopping threads took: 0.0009604 seconds
[2023-10-17T14:56:33.806+0000][3326.915s][debug][safepoint     ] Safepoint synchronization initiated. (182 threads)
[2023-10-17T14:56:33.807+0000][3326.916s][info ][safepoint     ] Application time: 1.0013247 seconds
[2023-10-17T14:56:33.809+0000][3326.918s][info ][safepoint     ] Entering safepoint region: Cleanup
[2023-10-17T14:56:33.810+0000][3326.919s][info ][safepoint     ] Leaving safepoint region
[2023-10-17T14:56:33.811+0000][3326.920s][info ][safepoint     ] Total time for which application threads were stopped: 0.0020374 seconds, Stopping threads took: 0.0010024 seconds
[2023-10-17T14:56:34.812+0000][3327.921s][debug][safepoint     ] Safepoint synchronization initiated. (182 threads)
[2023-10-17T14:56:34.813+0000][3327.922s][info ][safepoint     ] Application time: 1.0014286 seconds
[2023-10-17T14:56:34.814+0000][3327.923s][info ][safepoint     ] Entering safepoint region: Cleanup
[2023-10-17T14:56:34.815+0000][3327.924s][info ][safepoint     ] Leaving safepoint region
[2023-10-17T14:56:34.816+0000][3327.925s][info ][safepoint     ] Total time for which application threads were stopped: 0.0020600 seconds, Stopping threads took: 0.0010218 seconds
[2023-10-17T14:56:35.817+0000][3328.926s][debug][safepoint     ] Safepoint synchronization initiated. (182 threads)
[2023-10-17T14:56:35.818+0000][3328.927s][info ][safepoint     ] Application time: 1.0013121 seconds
[2023-10-17T14:56:35.819+0000][3328.928s][info ][safepoint     ] Entering safepoint region: Cleanup
[2023-10-17T14:56:35.820+0000][3328.929s][info ][safepoint     ] Leaving safepoint region
[2023-10-17T14:56:35.821+0000][3328.930s][info ][safepoint     ] Total time for which application threads were stopped: 0.0018889 seconds, Stopping threads took: 0.0007797 seconds
[2023-10-17T14:56:36.822+0000][3329.931s][debug][safepoint     ] Safepoint synchronization initiated. (182 threads)
[2023-10-17T14:56:36.823+0000][3329.932s][info ][safepoint     ] Application time: 1.0012178 seconds
[2023-10-17T14:56:36.824+0000][3329.933s][info ][safepoint     ] Entering safepoint region: Cleanup
[2023-10-17T14:56:36.825+0000][3329.934s][info ][safepoint     ] Leaving safepoint region
[2023-10-17T14:56:36.825+0000][3329.934s][info ][safepoint     ] Total time for which application threads were stopped: 0.0017251 seconds, Stopping threads took: 0.0007679 seconds
[2023-10-17T14:56:37.827+0000][3330.936s][debug][safepoint     ] Safepoint synchronization initiated. (182 threads)
[2023-10-17T14:56:37.828+0000][3330.937s][info ][safepoint     ] Application time: 1.0015439 seconds
[2023-10-17T14:56:37.829+0000][3330.938s][info ][safepoint     ] Entering safepoint region: Cleanup
[2023-10-17T14:56:37.830+0000][3330.939s][info ][safepoint     ] Leaving safepoint region
[2023-10-17T14:56:37.831+0000][3330.940s][info ][safepoint     ] Total time for which application threads were stopped: 0.0024583 seconds, Stopping threads took: 0.0010497 seconds
[2023-10-17T14:56:38.833+0000][3331.942s][debug][safepoint     ] Safepoint synchronization initiated. (182 threads)
[2023-10-17T14:56:38.834+0000][3331.943s][info ][safepoint     ] Application time: 1.0017512 seconds
[2023-10-17T14:56:38.835+0000][3331.944s][info ][safepoint     ] Entering safepoint region: Cleanup
[2023-10-17T14:56:38.837+0000][3331.946s][info ][safepoint     ] Leaving safepoint region
[2023-10-17T14:56:38.838+0000][3331.947s][info ][safepoint     ] Total time for which application threads were stopped: 0.0023304 seconds, Stopping threads took: 0.0010479 seconds
[2023-10-17T14:56:39.839+0000][3332.948s][debug][safepoint     ] Safepoint synchronization initiated. (182 threads)
[2023-10-17T14:56:39.840+0000][3332.949s][info ][safepoint     ] Application time: 1.0018209 seconds
[2023-10-17T14:56:39.841+0000][3332.950s][info ][safepoint     ] Entering safepoint region: Cleanup
[2023-10-17T14:56:39.843+0000][3332.952s][info ][safepoint     ] Leaving safepoint region
[2023-10-17T14:56:39.844+0000][3332.953s][info ][safepoint     ] Total time for which application threads were stopped: 0.0026740 seconds, Stopping threads took: 0.0012212 seconds
[2023-10-17T14:56:40.845+0000][3333.954s][debug][safepoint     ] Safepoint synchronization initiated. (182 threads)
[2023-10-17T14:56:40.846+0000][3333.955s][info ][safepoint     ] Application time: 1.0013644 seconds
[2023-10-17T14:56:40.847+0000][3333.956s][info ][safepoint     ] Entering safepoint region: Cleanup
[2023-10-17T14:56:40.848+0000][3333.957s][info ][safepoint     ] Leaving safepoint region
[2023-10-17T14:56:40.849+0000][3333.958s][info ][safepoint     ] Total time for which application threads were stopped: 0.0017802 seconds, Stopping threads took: 0.0007637 seconds
[2023-10-17T14:56:41.850+0000][3334.959s][debug][safepoint     ] Safepoint synchronization initiated. (182 threads)
[2023-10-17T14:56:41.851+0000][3334.960s][info ][safepoint     ] Application time: 1.0013584 seconds
[2023-10-17T14:56:41.852+0000][3334.961s][info ][safepoint     ] Entering safepoint region: Cleanup
[2023-10-17T14:56:41.853+0000][3334.962s][info ][safepoint     ] Leaving safepoint region
[2023-10-17T14:56:41.854+0000][3334.963s][info ][safepoint     ] Total time for which application threads were stopped: 0.0019565 seconds, Stopping threads took: 0.0009015 seconds
[2023-10-17T14:56:42.855+0000][3335.964s][debug][safepoint     ] Safepoint synchronization initiated. (182 threads)
[2023-10-17T14:56:42.856+0000][3335.965s][info ][safepoint     ] Application time: 1.0014495 seconds
[2023-10-17T14:56:42.857+0000][3335.966s][info ][safepoint     ] Entering safepoint region: Cleanup
[2023-10-17T14:56:42.858+0000][3335.967s][info ][safepoint     ] Leaving safepoint region
[2023-10-17T14:56:42.858+0000][3335.967s][info ][safepoint     ] Total time for which application threads were stopped: 0.0014049 seconds, Stopping threads took: 0.0005893 seconds
[2023-10-17T14:56:43.859+0000][3336.968s][debug][safepoint     ] Safepoint synchronization initiated. (182 threads)
[2023-10-17T14:56:43.860+0000][3336.969s][info ][safepoint     ] Application time: 1.0013742 seconds
[2023-10-17T14:56:43.861+0000][3336.970s][info ][safepoint     ] Entering safepoint region: Cleanup
[2023-10-17T14:56:43.862+0000][3336.971s][info ][safepoint     ] Leaving safepoint region
[2023-10-17T14:56:43.863+0000][3336.972s][info ][safepoint     ] Total time for which application threads were stopped: 0.0021216 seconds, Stopping threads took: 0.0007778 seconds
[2023-10-17T14:56:44.864+0000][3337.973s][debug][safepoint     ] Safepoint synchronization initiated. (182 threads)
[2023-10-17T14:56:44.865+0000][3337.974s][info ][safepoint     ] Application time: 1.0014655 seconds
[2023-10-17T14:56:44.866+0000][3337.975s][info ][safepoint     ] Entering safepoint region: Cleanup
[2023-10-17T14:56:44.867+0000][3337.976s][info ][safepoint     ] Leaving safepoint region
[2023-10-17T14:56:44.868+0000][3337.977s][info ][safepoint     ] Total time for which application threads were stopped: 0.0016087 seconds, Stopping threads took: 0.0007381 seconds
[2023-10-17T14:56:45.869+0000][3338.978s][debug][safepoint     ] Safepoint synchronization initiated. (182 threads)
[2023-10-17T14:56:45.870+0000][3338.979s][info ][safepoint     ] Application time: 1.0012578 seconds
[2023-10-17T14:56:45.871+0000][3338.980s][info ][safepoint     ] Entering safepoint region: Cleanup
[2023-10-17T14:56:45.872+0000][3338.981s][info ][safepoint     ] Leaving safepoint region
[2023-10-17T14:56:45.872+0000][3338.981s][info ][safepoint     ] Total time for which application threads were stopped: 0.0015823 seconds, Stopping threads took: 0.0006739 seconds
[2023-10-17T14:56:46.873+0000][3339.982s][debug][safepoint     ] Safepoint synchronization initiated. (182 threads)
[2023-10-17T14:56:46.874+0000][3339.983s][info ][safepoint     ] Application time: 1.0013862 seconds
[2023-10-17T14:56:46.875+0000][3339.984s][info ][safepoint     ] Entering safepoint region: Cleanup
[2023-10-17T14:56:46.876+0000][3339.985s][info ][safepoint     ] Leaving safepoint region
[2023-10-17T14:56:46.877+0000][3339.986s][info ][safepoint     ] Total time for which application threads were stopped: 0.0020946 seconds, Stopping threads took: 0.0008843 seconds
[2023-10-17T14:56:47.878+0000][3340.987s][debug][safepoint     ] Safepoint synchronization initiated. (182 threads)
[2023-10-17T14:56:47.879+0000][3340.988s][info ][safepoint     ] Application time: 1.0011309 seconds
[2023-10-17T14:56:47.880+0000][3340.989s][info ][safepoint     ] Entering safepoint region: Cleanup
[2023-10-17T14:56:47.881+0000][3340.990s][info ][safepoint     ] Leaving safepoint region
[2023-10-17T14:56:47.882+0000][3340.991s][info ][safepoint     ] Total time for which application threads were stopped: 0.0019088 seconds, Stopping threads took: 0.0008743 seconds
[2023-10-17T14:56:48.883+0000][3341.992s][debug][safepoint     ] Safepoint synchronization initiated. (182 threads)
[2023-10-17T14:56:48.884+0000][3341.993s][info ][safepoint     ] Application time: 1.0016703 seconds
[2023-10-17T14:56:48.885+0000][3341.994s][info ][safepoint     ] Entering safepoint region: Cleanup
[2023-10-17T14:56:48.887+0000][3341.996s][info ][safepoint     ] Leaving safepoint region
[2023-10-17T14:56:48.888+0000][3341.997s][info ][safepoint     ] Total time for which application threads were stopped: 0.0024095 seconds, Stopping threads took: 0.0010523 seconds
[2023-10-17T14:56:49.889+0000][3342.998s][debug][safepoint     ] Safepoint synchronization initiated. (182 threads)
[2023-10-17T14:56:49.890+0000][3342.999s][info ][safepoint     ] Application time: 1.0017926 seconds
[2023-10-17T14:56:49.891+0000][3343.000s][info ][safepoint     ] Entering safepoint region: Cleanup
[2023-10-17T14:56:49.893+0000][3343.002s][info ][safepoint     ] Leaving safepoint region
[2023-10-17T14:56:49.893+0000][3343.003s][info ][safepoint     ] Total time for which application threads were stopped: 0.0024287 seconds, Stopping threads took: 0.0010479 seconds
[2023-10-17T14:56:50.895+0000][3344.004s][debug][safepoint     ] Safepoint synchronization initiated. (182 threads)
[2023-10-17T14:56:50.896+0000][3344.005s][info ][safepoint     ] Application time: 1.0012867 seconds
[2023-10-17T14:56:50.897+0000][3344.006s][info ][safepoint     ] Entering safepoint region: Cleanup
[2023-10-17T14:56:50.898+0000][3344.007s][info ][safepoint     ] Leaving safepoint region
[2023-10-17T14:56:50.899+0000][3344.008s][info ][safepoint     ] Total time for which application threads were stopped: 0.0020550 seconds, Stopping threads took: 0.0008555 seconds
[2023-10-17T14:56:51.900+0000][3345.009s][debug][safepoint     ] Safepoint synchronization initiated. (182 threads)
[2023-10-17T14:56:51.901+0000][3345.010s][info ][safepoint     ] Application time: 1.0012230 seconds
[2023-10-17T14:56:51.901+0000][3345.011s][info ][safepoint     ] Entering safepoint region: Cleanup
[2023-10-17T14:56:51.902+0000][3345.012s][info ][safepoint     ] Leaving safepoint region
[2023-10-17T14:56:51.903+0000][3345.012s][info ][safepoint     ] Total time for which application threads were stopped: 0.0018045 seconds, Stopping threads took: 0.0007989 seconds
[2023-10-17T14:56:52.904+0000][3346.013s][debug][safepoint     ] Safepoint synchronization initiated. (182 threads)
[2023-10-17T14:56:52.905+0000][3346.014s][info ][safepoint     ] Application time: 1.0009773 seconds
[2023-10-17T14:56:52.906+0000][3346.015s][info ][safepoint     ] Entering safepoint region: Cleanup
[2023-10-17T14:56:52.907+0000][3346.016s][info ][safepoint     ] Leaving safepoint region
[2023-10-17T14:56:52.908+0000][3346.017s][info ][safepoint     ] Total time for which application threads were stopped: 0.0020314 seconds, Stopping threads took: 0.0008137 seconds
[2023-10-17T14:56:53.909+0000][3347.018s][debug][safepoint     ] Safepoint synchronization initiated. (182 threads)
[2023-10-17T14:56:53.910+0000][3347.019s][info ][safepoint     ] Application time: 1.0014703 seconds
[2023-10-17T14:56:53.911+0000][3347.020s][info ][safepoint     ] Entering safepoint region: Cleanup
[2023-10-17T14:56:53.912+0000][3347.022s][info ][safepoint     ] Leaving safepoint region
[2023-10-17T14:56:53.913+0000][3347.022s][info ][safepoint     ] Total time for which application threads were stopped: 0.0021904 seconds, Stopping threads took: 0.0008773 seconds
[2023-10-17T14:56:54.914+0000][3348.024s][debug][safepoint     ] Safepoint synchronization initiated. (182 threads)
[2023-10-17T14:56:54.916+0000][3348.025s][info ][safepoint     ] Application time: 1.0020615 seconds
[2023-10-17T14:56:54.917+0000][3348.027s][info ][safepoint     ] Entering safepoint region: Cleanup
[2023-10-17T14:56:54.919+0000][3348.028s][info ][safepoint     ] Leaving safepoint region
[2023-10-17T14:56:54.920+0000][3348.029s][info ][safepoint     ] Total time for which application threads were stopped: 0.0023747 seconds, Stopping threads took: 0.0011481 seconds
[2023-10-17T14:56:55.921+0000][3349.030s][debug][safepoint     ] Safepoint synchronization initiated. (182 threads)
[2023-10-17T14:56:55.922+0000][3349.032s][info ][safepoint     ] Application time: 1.0018149 seconds
[2023-10-17T14:56:55.923+0000][3349.033s][info ][safepoint     ] Entering safepoint region: Cleanup
[2023-10-17T14:56:55.925+0000][3349.034s][info ][safepoint     ] Leaving safepoint region
[2023-10-17T14:56:55.926+0000][3349.035s][info ][safepoint     ] Total time for which application threads were stopped: 0.0028203 seconds, Stopping threads took: 0.0011297 seconds
[2023-10-17T14:56:56.927+0000][3350.037s][debug][safepoint     ] Safepoint synchronization initiated. (182 threads)
[2023-10-17T14:56:56.929+0000][3350.038s][info ][safepoint     ] Application time: 1.0015465 seconds
[2023-10-17T14:56:56.930+0000][3350.039s][info ][safepoint     ] Entering safepoint region: Cleanup
[2023-10-17T14:56:56.931+0000][3350.040s][info ][safepoint     ] Leaving safepoint region
[2023-10-17T14:56:56.932+0000][3350.041s][info ][safepoint     ] Total time for which application threads were stopped: 0.0018737 seconds, Stopping threads took: 0.0008416 seconds
[2023-10-17T14:56:57.933+0000][3351.042s][debug][safepoint     ] Safepoint synchronization initiated. (182 threads)
[2023-10-17T14:56:57.934+0000][3351.043s][info ][safepoint     ] Application time: 1.0014018 seconds
[2023-10-17T14:56:57.935+0000][3351.044s][info ][safepoint     ] Entering safepoint region: Cleanup
[2023-10-17T14:56:57.937+0000][3351.046s][info ][safepoint     ] Leaving safepoint region
[2023-10-17T14:56:57.937+0000][3351.047s][info ][safepoint     ] Total time for which application threads were stopped: 0.0024168 seconds, Stopping threads took: 0.0011008 seconds
[2023-10-17T14:56:58.939+0000][3352.049s][debug][safepoint     ] Safepoint synchronization initiated. (182 threads)
[2023-10-17T14:56:58.940+0000][3352.049s][info ][safepoint     ] Application time: 1.0012435 seconds
[2023-10-17T14:56:58.941+0000][3352.050s][info ][safepoint     ] Entering safepoint region: Cleanup
[2023-10-17T14:56:58.942+0000][3352.051s][info ][safepoint     ] Leaving safepoint region
[2023-10-17T14:56:58.943+0000][3352.052s][info ][safepoint     ] Total time for which application threads were stopped: 0.0019506 seconds, Stopping threads took: 0.0007850 seconds
[2023-10-17T14:56:59.944+0000][3353.053s][debug][safepoint     ] Safepoint synchronization initiated. (182 threads)
[2023-10-17T14:56:59.945+0000][3353.054s][info ][safepoint     ] Application time: 1.0013756 seconds
[2023-10-17T14:56:59.946+0000][3353.055s][info ][safepoint     ] Entering safepoint region: Cleanup
[2023-10-17T14:56:59.947+0000][3353.056s][info ][safepoint     ] Leaving safepoint region
[2023-10-17T14:56:59.948+0000][3353.058s][info ][safepoint     ] Total time for which application threads were stopped: 0.0026310 seconds, Stopping threads took: 0.0009006 seconds
[2023-10-17T14:57:00.950+0000][3354.059s][debug][safepoint     ] Safepoint synchronization initiated. (182 threads)
[2023-10-17T14:57:00.951+0000][3354.060s][info ][safepoint     ] Application time: 1.0015510 seconds
[2023-10-17T14:57:00.952+0000][3354.061s][info ][safepoint     ] Entering safepoint region: Cleanup
[2023-10-17T14:57:00.953+0000][3354.062s][info ][safepoint     ] Leaving safepoint region
[2023-10-17T14:57:00.954+0000][3354.063s][info ][safepoint     ] Total time for which application threads were stopped: 0.0021998 seconds, Stopping threads took: 0.0009742 seconds
[2023-10-17T14:57:01.955+0000][3355.064s][debug][safepoint     ] Safepoint synchronization initiated. (182 threads)
[2023-10-17T14:57:01.956+0000][3355.066s][info ][safepoint     ] Application time: 1.0015678 seconds
[2023-10-17T14:57:01.958+0000][3355.067s][info ][safepoint     ] Entering safepoint region: Cleanup
[2023-10-17T14:57:01.959+0000][3355.068s][info ][safepoint     ] Leaving safepoint region
[2023-10-17T14:57:01.960+0000][3355.069s][info ][safepoint     ] Total time for which application threads were stopped: 0.0024581 seconds, Stopping threads took: 0.0010210 seconds
[2023-10-17T14:57:02.961+0000][3356.071s][debug][safepoint     ] Safepoint synchronization initiated. (182 threads)
[2023-10-17T14:57:02.962+0000][3356.071s][info ][safepoint     ] Application time: 1.0013260 seconds
[2023-10-17T14:57:02.963+0000][3356.072s][info ][safepoint     ] Entering safepoint region: Cleanup
[2023-10-17T14:57:02.965+0000][3356.074s][info ][safepoint     ] Leaving safepoint region
[2023-10-17T14:57:02.965+0000][3356.074s][info ][safepoint     ] Total time for which application threads were stopped: 0.0021100 seconds, Stopping threads took: 0.0008846 seconds
[2023-10-17T14:57:03.967+0000][3357.076s][debug][safepoint     ] Safepoint synchronization initiated. (182 threads)
[2023-10-17T14:57:03.968+0000][3357.077s][info ][safepoint     ] Application time: 1.0015531 seconds
[2023-10-17T14:57:03.969+0000][3357.078s][info ][safepoint     ] Entering safepoint region: Cleanup
[2023-10-17T14:57:03.970+0000][3357.079s][info ][safepoint     ] Leaving safepoint region
[2023-10-17T14:57:03.971+0000][3357.080s][info ][safepoint     ] Total time for which application threads were stopped: 0.0026322 seconds, Stopping threads took: 0.0010658 seconds
[2023-10-17T14:57:04.972+0000][3358.082s][debug][safepoint     ] Safepoint synchronization initiated. (182 threads)
[2023-10-17T14:57:04.974+0000][3358.083s][info ][safepoint     ] Application time: 1.0013464 seconds
[2023-10-17T14:57:04.975+0000][3358.084s][info ][safepoint     ] Entering safepoint region: Cleanup
[2023-10-17T14:57:04.976+0000][3358.085s][info ][safepoint     ] Leaving safepoint region
[2023-10-17T14:57:04.976+0000][3358.086s][info ][safepoint     ] Total time for which application threads were stopped: 0.0017726 seconds, Stopping threads took: 0.0007233 seconds
[2023-10-17T14:57:05.977+0000][3359.087s][debug][safepoint     ] Safepoint synchronization initiated. (182 threads)
[2023-10-17T14:57:05.978+0000][3359.088s][info ][safepoint     ] Application time: 1.0011768 seconds
[2023-10-17T14:57:05.979+0000][3359.088s][info ][safepoint     ] Entering safepoint region: Cleanup
[2023-10-17T14:57:05.980+0000][3359.090s][info ][safepoint     ] Leaving safepoint region
[2023-10-17T14:57:05.981+0000][3359.090s][info ][safepoint     ] Total time for which application threads were stopped: 0.0017998 seconds, Stopping threads took: 0.0009418 seconds
[2023-10-17T14:57:06.982+0000][3360.091s][debug][safepoint     ] Safepoint synchronization initiated. (182 threads)
[2023-10-17T14:57:06.983+0000][3360.093s][info ][safepoint     ] Application time: 1.0015893 seconds
[2023-10-17T14:57:06.984+0000][3360.093s][info ][safepoint     ] Entering safepoint region: Cleanup
[2023-10-17T14:57:06.985+0000][3360.095s][info ][safepoint     ] Leaving safepoint region
[2023-10-17T14:57:06.986+0000][3360.095s][info ][safepoint     ] Total time for which application threads were stopped: 0.0019726 seconds, Stopping threads took: 0.0009487 seconds
[2023-10-17T14:57:07.987+0000][3361.097s][debug][safepoint     ] Safepoint synchronization initiated. (182 threads)
[2023-10-17T14:57:07.988+0000][3361.097s][info ][safepoint     ] Application time: 1.0011148 seconds
[2023-10-17T14:57:07.989+0000][3361.099s][info ][safepoint     ] Entering safepoint region: Cleanup
[2023-10-17T14:57:07.991+0000][3361.100s][info ][safepoint     ] Leaving safepoint region
[2023-10-17T14:57:07.991+0000][3361.101s][info ][safepoint     ] Total time for which application threads were stopped: 0.0023241 seconds, Stopping threads took: 0.0013926 seconds
[2023-10-17T14:57:08.993+0000][3362.102s][debug][safepoint     ] Safepoint synchronization initiated. (182 threads)
[2023-10-17T14:57:08.994+0000][3362.103s][info ][safepoint     ] Application time: 1.0012792 seconds
[2023-10-17T14:57:08.995+0000][3362.104s][info ][safepoint     ] Entering safepoint region: Cleanup
[2023-10-17T14:57:08.996+0000][3362.105s][info ][safepoint     ] Leaving safepoint region
[2023-10-17T14:57:08.996+0000][3362.106s][info ][safepoint     ] Total time for which application threads were stopped: 0.0018556 seconds, Stopping threads took: 0.0008303 seconds
[2023-10-17T14:57:09.998+0000][3363.107s][debug][safepoint     ] Safepoint synchronization initiated. (182 threads)
[2023-10-17T14:57:09.999+0000][3363.108s][info ][safepoint     ] Application time: 1.0011596 seconds
[2023-10-17T14:57:10.000+0000][3363.109s][info ][safepoint     ] Entering safepoint region: Cleanup
[2023-10-17T14:57:10.001+0000][3363.110s][info ][safepoint     ] Leaving safepoint region
[2023-10-17T14:57:10.002+0000][3363.111s][info ][safepoint     ] Total time for which application threads were stopped: 0.0019993 seconds, Stopping threads took: 0.0009629 seconds
[2023-10-17T14:57:11.003+0000][3364.112s][debug][safepoint     ] Safepoint synchronization initiated. (182 threads)
[2023-10-17T14:57:11.004+0000][3364.113s][info ][safepoint     ] Application time: 1.0013413 seconds
[2023-10-17T14:57:11.006+0000][3364.115s][info ][safepoint     ] Entering safepoint region: Cleanup
[2023-10-17T14:57:11.008+0000][3364.117s][info ][safepoint     ] Leaving safepoint region
[2023-10-17T14:57:11.009+0000][3364.118s][info ][safepoint     ] Total time for which application threads were stopped: 0.0032796 seconds, Stopping threads took: 0.0014838 seconds
[2023-10-17T14:57:12.011+0000][3365.120s][debug][safepoint     ] Safepoint synchronization initiated. (182 threads)
[2023-10-17T14:57:12.012+0000][3365.122s][info ][safepoint     ] Application time: 1.0016293 seconds
[2023-10-17T14:57:12.014+0000][3365.123s][info ][safepoint     ] Entering safepoint region: Cleanup
[2023-10-17T14:57:12.015+0000][3365.125s][info ][safepoint     ] Leaving safepoint region
[2023-10-17T14:57:12.016+0000][3365.125s][info ][safepoint     ] Total time for which application threads were stopped: 0.0022434 seconds, Stopping threads took: 0.0009972 seconds
[2023-10-17T14:57:13.018+0000][3366.127s][debug][safepoint     ] Safepoint synchronization initiated. (182 threads)
[2023-10-17T14:57:13.019+0000][3366.128s][info ][safepoint     ] Application time: 1.0015131 seconds
[2023-10-17T14:57:13.021+0000][3366.130s][info ][safepoint     ] Entering safepoint region: Cleanup
[2023-10-17T14:57:13.022+0000][3366.132s][info ][safepoint     ] Leaving safepoint region
[2023-10-17T14:57:13.023+0000][3366.132s][info ][safepoint     ] Total time for which application threads were stopped: 0.0023296 seconds, Stopping threads took: 0.0012200 seconds
[2023-10-17T14:57:14.024+0000][3367.133s][debug][safepoint     ] Safepoint synchronization initiated. (182 threads)
[2023-10-17T14:57:14.025+0000][3367.134s][info ][safepoint     ] Application time: 1.0013110 seconds
[2023-10-17T14:57:14.026+0000][3367.135s][info ][safepoint     ] Entering safepoint region: Cleanup
[2023-10-17T14:57:14.027+0000][3367.136s][info ][safepoint     ] Leaving safepoint region
[2023-10-17T14:57:14.028+0000][3367.137s][info ][safepoint     ] Total time for which application threads were stopped: 0.0017781 seconds, Stopping threads took: 0.0007667 seconds
[2023-10-17T14:57:15.028+0000][3368.138s][debug][safepoint     ] Safepoint synchronization initiated. (182 threads)
[2023-10-17T14:57:15.029+0000][3368.139s][info ][safepoint     ] Application time: 1.0010999 seconds
[2023-10-17T14:57:15.030+0000][3368.139s][info ][safepoint     ] Entering safepoint region: Cleanup
[2023-10-17T14:57:15.031+0000][3368.140s][info ][safepoint     ] Leaving safepoint region
[2023-10-17T14:57:15.032+0000][3368.141s][info ][safepoint     ] Total time for which application threads were stopped: 0.0015773 seconds, Stopping threads took: 0.0008203 seconds
[2023-10-17T14:57:16.032+0000][3369.142s][debug][safepoint     ] Safepoint synchronization initiated. (182 threads)
[2023-10-17T14:57:16.034+0000][3369.143s][info ][safepoint     ] Application time: 1.0018456 seconds
[2023-10-17T14:57:16.035+0000][3369.144s][info ][safepoint     ] Entering safepoint region: Cleanup
[2023-10-17T14:57:16.036+0000][3369.145s][info ][safepoint     ] Leaving safepoint region
[2023-10-17T14:57:16.037+0000][3369.146s][info ][safepoint     ] Total time for which application threads were stopped: 0.0018432 seconds, Stopping threads took: 0.0007174 seconds
[2023-10-17T14:57:17.038+0000][3370.147s][debug][safepoint     ] Safepoint synchronization initiated. (182 threads)
[2023-10-17T14:57:17.040+0000][3370.149s][info ][safepoint     ] Application time: 1.0022892 seconds
[2023-10-17T14:57:17.041+0000][3370.150s][info ][safepoint     ] Entering safepoint region: Cleanup
[2023-10-17T14:57:17.042+0000][3370.151s][info ][safepoint     ] Leaving safepoint region
[2023-10-17T14:57:17.042+0000][3370.152s][info ][safepoint     ] Total time for which application threads were stopped: 0.0017156 seconds, Stopping threads took: 0.0008411 seconds
[2023-10-17T14:57:18.043+0000][3371.153s][debug][safepoint     ] Safepoint synchronization initiated. (182 threads)
[2023-10-17T14:57:18.044+0000][3371.154s][info ][safepoint     ] Application time: 1.0014007 seconds
[2023-10-17T14:57:18.046+0000][3371.155s][info ][safepoint     ] Entering safepoint region: Cleanup
[2023-10-17T14:57:18.047+0000][3371.156s][info ][safepoint     ] Leaving safepoint region
[2023-10-17T14:57:18.047+0000][3371.157s][info ][safepoint     ] Total time for which application threads were stopped: 0.0016867 seconds, Stopping threads took: 0.0008695 seconds
[2023-10-17T14:57:19.049+0000][3372.158s][debug][safepoint     ] Safepoint synchronization initiated. (182 threads)
[2023-10-17T14:57:19.051+0000][3372.160s][info ][safepoint     ] Application time: 1.0019412 seconds
[2023-10-17T14:57:19.051+0000][3372.160s][info ][safepoint     ] Entering safepoint region: Cleanup
[2023-10-17T14:57:19.053+0000][3372.162s][info ][safepoint     ] Leaving safepoint region
[2023-10-17T14:57:19.054+0000][3372.163s][info ][safepoint     ] Total time for which application threads were stopped: 0.0021575 seconds, Stopping threads took: 0.0011251 seconds
[2023-10-17T14:57:20.055+0000][3373.164s][debug][safepoint     ] Safepoint synchronization initiated. (182 threads)
[2023-10-17T14:57:20.056+0000][3373.165s][info ][safepoint     ] Application time: 1.0017243 seconds
[2023-10-17T14:57:20.057+0000][3373.166s][info ][safepoint     ] Entering safepoint region: Cleanup
[2023-10-17T14:57:20.058+0000][3373.167s][info ][safepoint     ] Leaving safepoint region
[2023-10-17T14:57:20.059+0000][3373.168s][info ][safepoint     ] Total time for which application threads were stopped: 0.0017063 seconds, Stopping threads took: 0.0006722 seconds
[2023-10-17T14:57:21.061+0000][3374.170s][debug][safepoint     ] Safepoint synchronization initiated. (182 threads)
[2023-10-17T14:57:21.063+0000][3374.172s][info ][safepoint     ] Application time: 1.0022270 seconds
[2023-10-17T14:57:21.064+0000][3374.173s][info ][safepoint     ] Entering safepoint region: Cleanup
[2023-10-17T14:57:21.065+0000][3374.174s][info ][safepoint     ] Leaving safepoint region
[2023-10-17T14:57:21.066+0000][3374.175s][info ][safepoint     ] Total time for which application threads were stopped: 0.0020031 seconds, Stopping threads took: 0.0009619 seconds
[2023-10-17T14:57:22.067+0000][3375.176s][debug][safepoint     ] Safepoint synchronization initiated. (182 threads)
[2023-10-17T14:57:22.068+0000][3375.177s][info ][safepoint     ] Application time: 1.0014534 seconds
[2023-10-17T14:57:22.069+0000][3375.178s][info ][safepoint     ] Entering safepoint region: Cleanup
[2023-10-17T14:57:22.070+0000][3375.179s][info ][safepoint     ] Leaving safepoint region
[2023-10-17T14:57:22.070+0000][3375.179s][info ][safepoint     ] Total time for which application threads were stopped: 0.0016934 seconds, Stopping threads took: 0.0007095 seconds
[2023-10-17T14:57:23.072+0000][3376.181s][debug][safepoint     ] Safepoint synchronization initiated. (182 threads)
[2023-10-17T14:57:23.073+0000][3376.182s][info ][safepoint     ] Application time: 1.0017906 seconds
[2023-10-17T14:57:23.074+0000][3376.183s][info ][safepoint     ] Entering safepoint region: Cleanup
[2023-10-17T14:57:23.074+0000][3376.184s][info ][safepoint     ] Leaving safepoint region
[2023-10-17T14:57:23.075+0000][3376.184s][info ][safepoint     ] Total time for which application threads were stopped: 0.0016534 seconds, Stopping threads took: 0.0006072 seconds
[2023-10-17T14:57:24.076+0000][3377.185s][debug][safepoint     ] Safepoint synchronization initiated. (182 threads)
[2023-10-17T14:57:24.077+0000][3377.186s][info ][safepoint     ] Application time: 1.0012203 seconds
[2023-10-17T14:57:24.078+0000][3377.187s][info ][safepoint     ] Entering safepoint region: Cleanup
[2023-10-17T14:57:24.079+0000][3377.188s][info ][safepoint     ] Leaving safepoint region
[2023-10-17T14:57:24.080+0000][3377.189s][info ][safepoint     ] Total time for which application threads were stopped: 0.0018834 seconds, Stopping threads took: 0.0008313 seconds
[2023-10-17T14:57:25.081+0000][3378.190s][debug][safepoint     ] Safepoint synchronization initiated. (182 threads)
[2023-10-17T14:57:25.081+0000][3378.191s][info ][safepoint     ] Application time: 1.0011252 seconds
[2023-10-17T14:57:25.082+0000][3378.191s][info ][safepoint     ] Entering safepoint region: Cleanup
[2023-10-17T14:57:25.084+0000][3378.193s][info ][safepoint     ] Leaving safepoint region
[2023-10-17T14:57:25.084+0000][3378.193s][info ][safepoint     ] Total time for which application threads were stopped: 0.0020664 seconds, Stopping threads took: 0.0008588 seconds
[2023-10-17T14:57:26.086+0000][3379.195s][debug][safepoint     ] Safepoint synchronization initiated. (182 threads)
[2023-10-17T14:57:26.087+0000][3379.197s][info ][safepoint     ] Application time: 1.0022001 seconds
[2023-10-17T14:57:26.088+0000][3379.197s][info ][safepoint     ] Entering safepoint region: Cleanup
[2023-10-17T14:57:26.090+0000][3379.199s][info ][safepoint     ] Leaving safepoint region
[2023-10-17T14:57:26.090+0000][3379.199s][info ][safepoint     ] Total time for which application threads were stopped: 0.0019608 seconds, Stopping threads took: 0.0010437 seconds
[2023-10-17T14:57:27.091+0000][3380.200s][debug][safepoint     ] Safepoint synchronization initiated. (182 threads)
[2023-10-17T14:57:27.092+0000][3380.201s][info ][safepoint     ] Application time: 1.0012388 seconds
[2023-10-17T14:57:27.093+0000][3380.202s][info ][safepoint     ] Entering safepoint region: Cleanup
[2023-10-17T14:57:27.094+0000][3380.203s][info ][safepoint     ] Leaving safepoint region
[2023-10-17T14:57:27.095+0000][3380.204s][info ][safepoint     ] Total time for which application threads were stopped: 0.0017361 seconds, Stopping threads took: 0.0005915 seconds
[2023-10-17T14:57:28.096+0000][3381.205s][debug][safepoint     ] Safepoint synchronization initiated. (182 threads)
[2023-10-17T14:57:28.097+0000][3381.206s][info ][safepoint     ] Application time: 1.0017444 seconds
[2023-10-17T14:57:28.098+0000][3381.207s][info ][safepoint     ] Entering safepoint region: Cleanup
[2023-10-17T14:57:28.099+0000][3381.209s][info ][safepoint     ] Leaving safepoint region
[2023-10-17T14:57:28.101+0000][3381.210s][info ][safepoint     ] Total time for which application threads were stopped: 0.0022545 seconds, Stopping threads took: 0.0008257 seconds
[2023-10-17T14:57:29.102+0000][3382.211s][debug][safepoint     ] Safepoint synchronization initiated. (182 threads)
[2023-10-17T14:57:29.103+0000][3382.212s][info ][safepoint     ] Application time: 1.0010171 seconds
[2023-10-17T14:57:29.104+0000][3382.213s][info ][safepoint     ] Entering safepoint region: Cleanup
[2023-10-17T14:57:29.105+0000][3382.214s][info ][safepoint     ] Leaving safepoint region
[2023-10-17T14:57:29.105+0000][3382.214s][info ][safepoint     ] Total time for which application threads were stopped: 0.0015214 seconds, Stopping threads took: 0.0006489 seconds
[2023-10-17T14:57:30.106+0000][3383.215s][debug][safepoint     ] Safepoint synchronization initiated. (182 threads)
[2023-10-17T14:57:30.107+0000][3383.216s][info ][safepoint     ] Application time: 1.0012242 seconds
[2023-10-17T14:57:30.108+0000][3383.217s][info ][safepoint     ] Entering safepoint region: Cleanup
[2023-10-17T14:57:30.109+0000][3383.218s][info ][safepoint     ] Leaving safepoint region
[2023-10-17T14:57:30.110+0000][3383.219s][info ][safepoint     ] Total time for which application threads were stopped: 0.0017602 seconds, Stopping threads took: 0.0007322 seconds
[2023-10-17T14:57:31.111+0000][3384.220s][debug][safepoint     ] Safepoint synchronization initiated. (182 threads)
[2023-10-17T14:57:31.112+0000][3384.221s][info ][safepoint     ] Application time: 1.0012006 seconds
[2023-10-17T14:57:31.112+0000][3384.221s][info ][safepoint     ] Entering safepoint region: Cleanup
[2023-10-17T14:57:31.113+0000][3384.222s][info ][safepoint     ] Leaving safepoint region
[2023-10-17T14:57:31.113+0000][3384.222s][info ][safepoint     ] Total time for which application threads were stopped: 0.0010518 seconds, Stopping threads took: 0.0004466 seconds
[2023-10-17T14:57:32.114+0000][3385.223s][debug][safepoint     ] Safepoint synchronization initiated. (182 threads)
[2023-10-17T14:57:32.115+0000][3385.224s][info ][safepoint     ] Application time: 1.0013367 seconds
[2023-10-17T14:57:32.116+0000][3385.225s][info ][safepoint     ] Entering safepoint region: Cleanup
[2023-10-17T14:57:32.117+0000][3385.226s][info ][safepoint     ] Leaving safepoint region
[2023-10-17T14:57:32.118+0000][3385.227s][info ][safepoint     ] Total time for which application threads were stopped: 0.0019769 seconds, Stopping threads took: 0.0009259 seconds
[2023-10-17T14:57:33.119+0000][3386.228s][debug][safepoint     ] Safepoint synchronization initiated. (182 threads)
[2023-10-17T14:57:33.120+0000][3386.229s][info ][safepoint     ] Application time: 1.0015214 seconds
[2023-10-17T14:57:33.121+0000][3386.230s][info ][safepoint     ] Entering safepoint region: Cleanup
[2023-10-17T14:57:33.122+0000][3386.231s][info ][safepoint     ] Leaving safepoint region
[2023-10-17T14:57:33.123+0000][3386.232s][info ][safepoint     ] Total time for which application threads were stopped: 0.0021458 seconds, Stopping threads took: 0.0009773 seconds
[2023-10-17T14:57:34.124+0000][3387.233s][debug][safepoint     ] Safepoint synchronization initiated. (182 threads)
[2023-10-17T14:57:34.125+0000][3387.234s][info ][safepoint     ] Application time: 1.0011374 seconds
[2023-10-17T14:57:34.126+0000][3387.235s][info ][safepoint     ] Entering safepoint region: Cleanup
[2023-10-17T14:57:34.128+0000][3387.237s][info ][safepoint     ] Leaving safepoint region
[2023-10-17T14:57:34.129+0000][3387.238s][info ][safepoint     ] Total time for which application threads were stopped: 0.0026622 seconds, Stopping threads took: 0.0011490 seconds
[2023-10-17T14:57:35.130+0000][3388.239s][debug][safepoint     ] Safepoint synchronization initiated. (182 threads)
[2023-10-17T14:57:35.131+0000][3388.240s][info ][safepoint     ] Application time: 1.0013604 seconds
[2023-10-17T14:57:35.132+0000][3388.241s][debug][safepoint     ] ... found polling page return exception at pc = 0x00007fc1a4bf2e44, stub =0x00007fc19c840600
[2023-10-17T14:57:35.132+0000][3388.241s][debug][safepoint     ] Waiting for 1 thread(s) to block
[2023-10-17T14:57:35.133+0000][3388.242s][info ][safepoint     ] Entering safepoint region: Cleanup
[2023-10-17T14:57:35.134+0000][3388.244s][info ][safepoint     ] Leaving safepoint region
[2023-10-17T14:57:35.135+0000][3388.244s][info ][safepoint     ] Total time for which application threads were stopped: 0.0034606 seconds, Stopping threads took: 0.0024767 seconds
[2023-10-17T14:57:36.136+0000][3389.245s][debug][safepoint     ] Safepoint synchronization initiated. (182 threads)
[2023-10-17T14:57:36.137+0000][3389.246s][info ][safepoint     ] Application time: 1.0006699 seconds
[2023-10-17T14:57:36.137+0000][3389.246s][info ][safepoint     ] Entering safepoint region: Cleanup
[2023-10-17T14:57:36.138+0000][3389.247s][info ][safepoint     ] Leaving safepoint region
[2023-10-17T14:57:36.138+0000][3389.248s][info ][safepoint     ] Total time for which application threads were stopped: 0.0012651 seconds, Stopping threads took: 0.0004855 seconds
[2023-10-17T14:57:37.139+0000][3390.248s][debug][safepoint     ] Safepoint synchronization initiated. (182 threads)
[2023-10-17T14:57:37.141+0000][3390.250s][info ][safepoint     ] Application time: 1.0020213 seconds
[2023-10-17T14:57:37.142+0000][3390.251s][info ][safepoint     ] Entering safepoint region: Cleanup
[2023-10-17T14:57:37.143+0000][3390.252s][info ][safepoint     ] Leaving safepoint region
[2023-10-17T14:57:37.144+0000][3390.253s][info ][safepoint     ] Total time for which application threads were stopped: 0.0018454 seconds, Stopping threads took: 0.0007789 seconds
[2023-10-17T14:57:38.145+0000][3391.254s][debug][safepoint     ] Safepoint synchronization initiated. (182 threads)
[2023-10-17T14:57:38.146+0000][3391.255s][info ][safepoint     ] Application time: 1.0013073 seconds
[2023-10-17T14:57:38.147+0000][3391.256s][info ][safepoint     ] Entering safepoint region: Cleanup
[2023-10-17T14:57:38.149+0000][3391.258s][info ][safepoint     ] Leaving safepoint region
[2023-10-17T14:57:38.150+0000][3391.259s][info ][safepoint     ] Total time for which application threads were stopped: 0.0029994 seconds, Stopping threads took: 0.0011682 seconds
[2023-10-17T14:57:39.151+0000][3392.260s][debug][safepoint     ] Safepoint synchronization initiated. (182 threads)
[2023-10-17T14:57:39.152+0000][3392.261s][info ][safepoint     ] Application time: 1.0011592 seconds
[2023-10-17T14:57:39.152+0000][3392.261s][info ][safepoint     ] Entering safepoint region: Cleanup
[2023-10-17T14:57:39.153+0000][3392.262s][info ][safepoint     ] Leaving safepoint region
[2023-10-17T14:57:39.154+0000][3392.263s][info ][safepoint     ] Total time for which application threads were stopped: 0.0013984 seconds, Stopping threads took: 0.0006523 seconds
[2023-10-17T14:57:40.155+0000][3393.264s][debug][safepoint     ] Safepoint synchronization initiated. (182 threads)
[2023-10-17T14:57:40.156+0000][3393.265s][info ][safepoint     ] Application time: 1.0016350 seconds
[2023-10-17T14:57:40.157+0000][3393.266s][info ][safepoint     ] Entering safepoint region: Cleanup
[2023-10-17T14:57:40.158+0000][3393.267s][info ][safepoint     ] Leaving safepoint region
[2023-10-17T14:57:40.159+0000][3393.268s][info ][safepoint     ] Total time for which application threads were stopped: 0.0018610 seconds, Stopping threads took: 0.0006796 seconds
[2023-10-17T14:57:41.159+0000][3394.268s][debug][safepoint     ] Safepoint synchronization initiated. (182 threads)
[2023-10-17T14:57:41.160+0000][3394.269s][info ][safepoint     ] Application time: 1.0010202 seconds
[2023-10-17T14:57:41.161+0000][3394.270s][info ][safepoint     ] Entering safepoint region: Cleanup
[2023-10-17T14:57:41.163+0000][3394.272s][info ][safepoint     ] Leaving safepoint region
[2023-10-17T14:57:41.164+0000][3394.273s][info ][safepoint     ] Total time for which application threads were stopped: 0.0027304 seconds, Stopping threads took: 0.0015162 seconds
[2023-10-17T14:57:42.165+0000][3395.274s][debug][safepoint     ] Safepoint synchronization initiated. (182 threads)
[2023-10-17T14:57:42.167+0000][3395.276s][info ][safepoint     ] Application time: 1.0027786 seconds
[2023-10-17T14:57:42.168+0000][3395.277s][info ][safepoint     ] Entering safepoint region: Cleanup
[2023-10-17T14:57:42.169+0000][3395.278s][info ][safepoint     ] Leaving safepoint region
[2023-10-17T14:57:42.169+0000][3395.278s][info ][safepoint     ] Total time for which application threads were stopped: 0.0013131 seconds, Stopping threads took: 0.0005861 seconds
[2023-10-17T14:57:43.170+0000][3396.279s][debug][safepoint     ] Safepoint synchronization initiated. (182 threads)
[2023-10-17T14:57:43.171+0000][3396.280s][info ][safepoint     ] Application time: 1.0011902 seconds
[2023-10-17T14:57:43.172+0000][3396.281s][info ][safepoint     ] Entering safepoint region: Cleanup
[2023-10-17T14:57:43.173+0000][3396.282s][info ][safepoint     ] Leaving safepoint region
[2023-10-17T14:57:43.174+0000][3396.283s][info ][safepoint     ] Total time for which application threads were stopped: 0.0018473 seconds, Stopping threads took: 0.0007864 seconds
[2023-10-17T14:57:44.175+0000][3397.284s][debug][safepoint     ] Safepoint synchronization initiated. (182 threads)
[2023-10-17T14:57:44.176+0000][3397.285s][info ][safepoint     ] Application time: 1.0016867 seconds
[2023-10-17T14:57:44.177+0000][3397.286s][info ][safepoint     ] Entering safepoint region: Cleanup
[2023-10-17T14:57:44.178+0000][3397.287s][info ][safepoint     ] Leaving safepoint region
[2023-10-17T14:57:44.179+0000][3397.288s][info ][safepoint     ] Total time for which application threads were stopped: 0.0018730 seconds, Stopping threads took: 0.0007257 seconds
[2023-10-17T14:57:45.180+0000][3398.289s][debug][safepoint     ] Safepoint synchronization initiated. (182 threads)
[2023-10-17T14:57:45.181+0000][3398.290s][info ][safepoint     ] Application time: 1.0013883 seconds
[2023-10-17T14:57:45.182+0000][3398.291s][info ][safepoint     ] Entering safepoint region: Cleanup
[2023-10-17T14:57:45.183+0000][3398.293s][info ][safepoint     ] Leaving safepoint region
[2023-10-17T14:57:45.184+0000][3398.293s][info ][safepoint     ] Total time for which application threads were stopped: 0.0022929 seconds, Stopping threads took: 0.0009859 seconds
[2023-10-17T14:57:46.185+0000][3399.294s][debug][safepoint     ] Safepoint synchronization initiated. (182 threads)
[2023-10-17T14:57:46.186+0000][3399.295s][info ][safepoint     ] Application time: 1.0009541 seconds
[2023-10-17T14:57:46.187+0000][3399.296s][info ][safepoint     ] Entering safepoint region: Cleanup
[2023-10-17T14:57:46.188+0000][3399.297s][info ][safepoint     ] Leaving safepoint region
[2023-10-17T14:57:46.188+0000][3399.297s][info ][safepoint     ] Total time for which application threads were stopped: 0.0015338 seconds, Stopping threads took: 0.0006767 seconds
[2023-10-17T14:57:47.189+0000][3400.298s][debug][safepoint     ] Safepoint synchronization initiated. (182 threads)
[2023-10-17T14:57:47.190+0000][3400.299s][info ][safepoint     ] Application time: 1.0015414 seconds
[2023-10-17T14:57:47.191+0000][3400.300s][info ][safepoint     ] Entering safepoint region: Cleanup
[2023-10-17T14:57:47.192+0000][3400.301s][info ][safepoint     ] Leaving safepoint region
[2023-10-17T14:57:47.193+0000][3400.302s][info ][safepoint     ] Total time for which application threads were stopped: 0.0019292 seconds, Stopping threads took: 0.0008974 seconds
[2023-10-17T14:57:48.194+0000][3401.303s][debug][safepoint     ] Safepoint synchronization initiated. (182 threads)
[2023-10-17T14:57:48.195+0000][3401.304s][info ][safepoint     ] Application time: 1.0014197 seconds
[2023-10-17T14:57:48.196+0000][3401.305s][info ][safepoint     ] Entering safepoint region: Cleanup
[2023-10-17T14:57:48.197+0000][3401.306s][info ][safepoint     ] Leaving safepoint region
[2023-10-17T14:57:48.198+0000][3401.307s][info ][safepoint     ] Total time for which application threads were stopped: 0.0018215 seconds, Stopping threads took: 0.0007713 seconds
[2023-10-17T14:57:49.192+0000][3402.308s][debug][safepoint     ] Safepoint synchronization initiated. (182 threads)
[2023-10-17T14:57:49.193+0000][3402.309s][info ][safepoint     ] Application time: 1.0014402 seconds
[2023-10-17T14:57:49.193+0000][3402.310s][info ][safepoint     ] Entering safepoint region: Cleanup
[2023-10-17T14:57:49.195+0000][3402.311s][info ][safepoint     ] Leaving safepoint region
[2023-10-17T14:57:49.195+0000][3402.312s][info ][safepoint     ] Total time for which application threads were stopped: 0.0019523 seconds, Stopping threads took: 0.0008756 seconds
[2023-10-17T14:57:50.197+0000][3403.313s][debug][safepoint     ] Safepoint synchronization initiated. (182 threads)
[2023-10-17T14:57:50.198+0000][3403.314s][info ][safepoint     ] Application time: 1.0014931 seconds
[2023-10-17T14:57:50.199+0000][3403.315s][info ][safepoint     ] Entering safepoint region: Cleanup
[2023-10-17T14:57:50.200+0000][3403.317s][info ][safepoint     ] Leaving safepoint region
[2023-10-17T14:57:50.201+0000][3403.318s][info ][safepoint     ] Total time for which application threads were stopped: 0.0024599 seconds, Stopping threads took: 0.0010006 seconds
[2023-10-17T14:57:50.513+0000][3403.630s][debug][safepoint     ] Safepoint synchronization initiated. (182 threads)
[2023-10-17T14:57:50.515+0000][3403.631s][info ][safepoint     ] Application time: 0.3124687 seconds
[2023-10-17T14:57:50.516+0000][3403.632s][info ][safepoint     ] Entering safepoint region: G1CollectForAllocation
[2023-10-17T14:57:50.517+0000][3403.633s][info ][gc,start      ] GC(84) Pause Young (Normal) (G1 Evacuation Pause)
[2023-10-17T14:57:50.518+0000][3403.634s][info ][gc,task       ] GC(84) Using 8 workers of 8 for evacuation
[2023-10-17T14:57:50.537+0000][3403.653s][info ][gc,phases     ] GC(84)   Pre Evacuate Collection Set: 0.1ms
[2023-10-17T14:57:50.538+0000][3403.654s][info ][gc,phases     ] GC(84)   Evacuate Collection Set: 14.0ms
[2023-10-17T14:57:50.538+0000][3403.655s][info ][gc,phases     ] GC(84)   Post Evacuate Collection Set: 4.0ms
[2023-10-17T14:57:50.539+0000][3403.656s][info ][gc,phases     ] GC(84)   Other: 2.0ms
[2023-10-17T14:57:50.540+0000][3403.656s][info ][gc,heap       ] GC(84) Eden regions: 188->0(191)
[2023-10-17T14:57:50.541+0000][3403.657s][info ][gc,heap       ] GC(84) Survivor regions: 8->5(25)
[2023-10-17T14:57:50.542+0000][3403.658s][info ][gc,heap       ] GC(84) Old regions: 169->171
[2023-10-17T14:57:50.545+0000][3403.661s][info ][gc,heap       ] GC(84) Humongous regions: 0->0
[2023-10-17T14:57:50.546+0000][3403.662s][info ][gc,metaspace  ] GC(84) Metaspace: 182905K(197620K)->182905K(197620K) NonClass: 161940K(173556K)->161940K(173556K) Class: 20965K(24064K)->20965K(24064K)
[2023-10-17T14:57:50.546+0000][3403.663s][info ][gc            ] GC(84) Pause Young (Normal) (G1 Evacuation Pause) 362M->173M(415M) 29.474ms
[2023-10-17T14:57:50.547+0000][3403.663s][info ][gc,cpu        ] GC(84) User=0.13s Sys=0.00s Real=0.03s
[2023-10-17T14:57:50.548+0000][3403.664s][info ][safepoint     ] Leaving safepoint region
[2023-10-17T14:57:50.549+0000][3403.666s][info ][safepoint     ] Total time for which application threads were stopped: 0.0332301 seconds, Stopping threads took: 0.0010234 seconds
[2023-10-17T14:57:50.551+0000][3403.667s][info ][gc,stringdedup] Concurrent String Deduplication (3403.667s)
[2023-10-17T14:57:50.552+0000][3403.668s][info ][gc,stringdedup] Concurrent String Deduplication 0.0B->0.0B(0.0B) avg 53.4% (3403.667s, 3403.668s) 1.048ms
[2023-10-17T14:57:51.551+0000][3404.667s][debug][safepoint     ] Safepoint synchronization initiated. (182 threads)
[2023-10-17T14:57:51.552+0000][3404.668s][info ][safepoint     ] Application time: 1.0011383 seconds
[2023-10-17T14:57:51.552+0000][3404.669s][info ][safepoint     ] Entering safepoint region: Cleanup
[2023-10-17T14:57:51.554+0000][3404.670s][info ][safepoint     ] Leaving safepoint region
[2023-10-17T14:57:51.555+0000][3404.671s][info ][safepoint     ] Total time for which application threads were stopped: 0.0027051 seconds, Stopping threads took: 0.0010552 seconds
[2023-10-17T14:57:52.557+0000][3405.673s][debug][safepoint     ] Safepoint synchronization initiated. (182 threads)
[2023-10-17T14:57:52.558+0000][3405.674s][info ][safepoint     ] Application time: 1.0012814 seconds
[2023-10-17T14:57:52.559+0000][3405.675s][info ][safepoint     ] Entering safepoint region: Cleanup
[2023-10-17T14:57:52.560+0000][3405.676s][info ][safepoint     ] Leaving safepoint region
[2023-10-17T14:57:52.560+0000][3405.677s][info ][safepoint     ] Total time for which application threads were stopped: 0.0018217 seconds, Stopping threads took: 0.0008963 seconds
[2023-10-17T14:57:53.561+0000][3406.678s][debug][safepoint     ] Safepoint synchronization initiated. (182 threads)
[2023-10-17T14:57:53.562+0000][3406.678s][info ][safepoint     ] Application time: 1.0008112 seconds
[2023-10-17T14:57:53.562+0000][3406.679s][info ][safepoint     ] Entering safepoint region: Cleanup
[2023-10-17T14:57:53.563+0000][3406.679s][info ][safepoint     ] Leaving safepoint region
[2023-10-17T14:57:53.564+0000][3406.680s][info ][safepoint     ] Total time for which application threads were stopped: 0.0014224 seconds, Stopping threads took: 0.0005339 seconds
[2023-10-17T14:57:54.565+0000][3407.681s][debug][safepoint     ] Safepoint synchronization initiated. (182 threads)
[2023-10-17T14:57:54.565+0000][3407.682s][info ][safepoint     ] Application time: 1.0008815 seconds
[2023-10-17T14:57:54.567+0000][3407.683s][info ][safepoint     ] Entering safepoint region: Cleanup
[2023-10-17T14:57:54.568+0000][3407.684s][info ][safepoint     ] Leaving safepoint region
[2023-10-17T14:57:54.568+0000][3407.685s][info ][safepoint     ] Total time for which application threads were stopped: 0.0015580 seconds, Stopping threads took: 0.0007306 seconds
[2023-10-17T14:57:55.569+0000][3408.686s][debug][safepoint     ] Safepoint synchronization initiated. (182 threads)
[2023-10-17T14:57:55.570+0000][3408.687s][info ][safepoint     ] Application time: 1.0012164 seconds
[2023-10-17T14:57:55.571+0000][3408.687s][info ][safepoint     ] Entering safepoint region: Cleanup
[2023-10-17T14:57:55.572+0000][3408.688s][info ][safepoint     ] Leaving safepoint region
[2023-10-17T14:57:55.573+0000][3408.689s][info ][safepoint     ] Total time for which application threads were stopped: 0.0017789 seconds, Stopping threads took: 0.0006238 seconds
[2023-10-17T14:57:56.574+0000][3409.690s][debug][safepoint     ] Safepoint synchronization initiated. (182 threads)
[2023-10-17T14:57:56.575+0000][3409.692s][info ][safepoint     ] Application time: 1.0017180 seconds
[2023-10-17T14:57:56.576+0000][3409.693s][info ][safepoint     ] Entering safepoint region: Cleanup
[2023-10-17T14:57:56.578+0000][3409.694s][info ][safepoint     ] Leaving safepoint region
[2023-10-17T14:57:56.578+0000][3409.695s][info ][safepoint     ] Total time for which application threads were stopped: 0.0022119 seconds, Stopping threads took: 0.0009649 seconds
[2023-10-17T14:57:57.579+0000][3410.696s][debug][safepoint     ] Safepoint synchronization initiated. (182 threads)
[2023-10-17T14:57:57.580+0000][3410.697s][info ][safepoint     ] Application time: 1.0011590 seconds
[2023-10-17T14:57:57.581+0000][3410.698s][info ][safepoint     ] Entering safepoint region: Cleanup
[2023-10-17T14:57:57.582+0000][3410.699s][info ][safepoint     ] Leaving safepoint region
[2023-10-17T14:57:57.583+0000][3410.699s][info ][safepoint     ] Total time for which application threads were stopped: 0.0018598 seconds, Stopping threads took: 0.0008175 seconds
[2023-10-17T14:57:58.584+0000][3411.700s][debug][safepoint     ] Safepoint synchronization initiated. (182 threads)
[2023-10-17T14:57:58.585+0000][3411.701s][info ][safepoint     ] Application time: 1.0011138 seconds
[2023-10-17T14:57:58.586+0000][3411.702s][info ][safepoint     ] Entering safepoint region: Cleanup
[2023-10-17T14:57:58.587+0000][3411.704s][info ][safepoint     ] Leaving safepoint region
[2023-10-17T14:57:58.588+0000][3411.704s][info ][safepoint     ] Total time for which application threads were stopped: 0.0023314 seconds, Stopping threads took: 0.0012694 seconds
[2023-10-17T14:57:59.589+0000][3412.706s][debug][safepoint     ] Safepoint synchronization initiated. (182 threads)
[2023-10-17T14:57:59.590+0000][3412.706s][info ][safepoint     ] Application time: 1.0013516 seconds
[2023-10-17T14:57:59.591+0000][3412.707s][info ][safepoint     ] Entering safepoint region: Cleanup
[2023-10-17T14:57:59.593+0000][3412.709s][info ][safepoint     ] Leaving safepoint region
[2023-10-17T14:57:59.594+0000][3412.710s][info ][safepoint     ] Total time for which application threads were stopped: 0.0029708 seconds, Stopping threads took: 0.0012534 seconds
[2023-10-17T14:58:00.595+0000][3413.712s][debug][safepoint     ] Safepoint synchronization initiated. (182 threads)
[2023-10-17T14:58:00.596+0000][3413.712s][info ][safepoint     ] Application time: 1.0009627 seconds
[2023-10-17T14:58:00.597+0000][3413.713s][info ][safepoint     ] Entering safepoint region: Cleanup
[2023-10-17T14:58:00.597+0000][3413.714s][info ][safepoint     ] Leaving safepoint region
[2023-10-17T14:58:00.598+0000][3413.715s][info ][safepoint     ] Total time for which application threads were stopped: 0.0016477 seconds, Stopping threads took: 0.0006274 seconds
[2023-10-17T14:58:01.599+0000][3414.716s][debug][safepoint     ] Safepoint synchronization initiated. (182 threads)
[2023-10-17T14:58:01.600+0000][3414.717s][info ][safepoint     ] Application time: 1.0015138 seconds
[2023-10-17T14:58:01.601+0000][3414.718s][info ][safepoint     ] Entering safepoint region: Cleanup
[2023-10-17T14:58:01.603+0000][3414.720s][info ][safepoint     ] Leaving safepoint region
[2023-10-17T14:58:01.604+0000][3414.720s][info ][safepoint     ] Total time for which application threads were stopped: 0.0027858 seconds, Stopping threads took: 0.0014488 seconds
[2023-10-17T14:58:02.605+0000][3415.721s][debug][safepoint     ] Safepoint synchronization initiated. (182 threads)
[2023-10-17T14:58:02.606+0000][3415.722s][info ][safepoint     ] Application time: 1.0011963 seconds
[2023-10-17T14:58:02.607+0000][3415.723s][info ][safepoint     ] Entering safepoint region: Cleanup
[2023-10-17T14:58:02.608+0000][3415.724s][info ][safepoint     ] Leaving safepoint region
[2023-10-17T14:58:02.608+0000][3415.725s][info ][safepoint     ] Total time for which application threads were stopped: 0.0018913 seconds, Stopping threads took: 0.0007803 seconds
[2023-10-17T14:58:03.610+0000][3416.726s][debug][safepoint     ] Safepoint synchronization initiated. (182 threads)
[2023-10-17T14:58:03.611+0000][3416.727s][info ][safepoint     ] Application time: 1.0014393 seconds
[2023-10-17T14:58:03.611+0000][3416.728s][info ][safepoint     ] Entering safepoint region: Cleanup
[2023-10-17T14:58:03.613+0000][3416.729s][info ][safepoint     ] Leaving safepoint region
[2023-10-17T14:58:03.613+0000][3416.730s][info ][safepoint     ] Total time for which application threads were stopped: 0.0019638 seconds, Stopping threads took: 0.0008968 seconds
[2023-10-17T14:58:04.615+0000][3417.731s][debug][safepoint     ] Safepoint synchronization initiated. (182 threads)
[2023-10-17T14:58:04.616+0000][3417.733s][info ][safepoint     ] Application time: 1.0017389 seconds
[2023-10-17T14:58:04.617+0000][3417.734s][info ][safepoint     ] Entering safepoint region: Cleanup
[2023-10-17T14:58:04.619+0000][3417.735s][info ][safepoint     ] Leaving safepoint region
[2023-10-17T14:58:04.620+0000][3417.736s][info ][safepoint     ] Total time for which application threads were stopped: 0.0028231 seconds, Stopping threads took: 0.0012904 seconds
[2023-10-17T14:58:05.622+0000][3418.738s][debug][safepoint     ] Safepoint synchronization initiated. (182 threads)
[2023-10-17T14:58:05.623+0000][3418.739s][info ][safepoint     ] Application time: 1.0014115 seconds
[2023-10-17T14:58:05.624+0000][3418.740s][info ][safepoint     ] Entering safepoint region: Cleanup
[2023-10-17T14:58:05.625+0000][3418.741s][info ][safepoint     ] Leaving safepoint region
[2023-10-17T14:58:05.626+0000][3418.742s][info ][safepoint     ] Total time for which application threads were stopped: 0.0019102 seconds, Stopping threads took: 0.0009463 seconds
[2023-10-17T14:58:06.627+0000][3419.743s][debug][safepoint     ] Safepoint synchronization initiated. (182 threads)
[2023-10-17T14:58:06.628+0000][3419.744s][info ][safepoint     ] Application time: 1.0014390 seconds
[2023-10-17T14:58:06.629+0000][3419.745s][info ][safepoint     ] Entering safepoint region: Cleanup
[2023-10-17T14:58:06.630+0000][3419.746s][info ][safepoint     ] Leaving safepoint region
[2023-10-17T14:58:06.631+0000][3419.747s][info ][safepoint     ] Total time for which application threads were stopped: 0.0017434 seconds, Stopping threads took: 0.0006761 seconds
[2023-10-17T14:58:07.631+0000][3420.748s][debug][safepoint     ] Safepoint synchronization initiated. (182 threads)
[2023-10-17T14:58:07.633+0000][3420.749s][info ][safepoint     ] Application time: 1.0013355 seconds
[2023-10-17T14:58:07.633+0000][3420.750s][info ][safepoint     ] Entering safepoint region: Cleanup
[2023-10-17T14:58:07.636+0000][3420.752s][info ][safepoint     ] Leaving safepoint region
[2023-10-17T14:58:07.637+0000][3420.753s][info ][safepoint     ] Total time for which application threads were stopped: 0.0034558 seconds, Stopping threads took: 0.0013975 seconds
[2023-10-17T14:58:08.638+0000][3421.755s][debug][safepoint     ] Safepoint synchronization initiated. (182 threads)
[2023-10-17T14:58:08.639+0000][3421.756s][info ][safepoint     ] Application time: 1.0014795 seconds
[2023-10-17T14:58:08.640+0000][3421.757s][info ][safepoint     ] Entering safepoint region: Cleanup
[2023-10-17T14:58:08.641+0000][3421.758s][info ][safepoint     ] Leaving safepoint region
[2023-10-17T14:58:08.642+0000][3421.759s][info ][safepoint     ] Total time for which application threads were stopped: 0.0020118 seconds, Stopping threads took: 0.0009227 seconds
[2023-10-17T14:58:09.643+0000][3422.760s][debug][safepoint     ] Safepoint synchronization initiated. (182 threads)
[2023-10-17T14:58:09.644+0000][3422.761s][info ][safepoint     ] Application time: 1.0013761 seconds
[2023-10-17T14:58:09.645+0000][3422.762s][info ][safepoint     ] Entering safepoint region: Cleanup
[2023-10-17T14:58:09.646+0000][3422.763s][info ][safepoint     ] Leaving safepoint region
[2023-10-17T14:58:09.647+0000][3422.763s][info ][safepoint     ] Total time for which application threads were stopped: 0.0018536 seconds, Stopping threads took: 0.0008140 seconds
[2023-10-17T14:58:10.648+0000][3423.765s][debug][safepoint     ] Safepoint synchronization initiated. (182 threads)
[2023-10-17T14:58:10.649+0000][3423.766s][info ][safepoint     ] Application time: 1.0012754 seconds
[2023-10-17T14:58:10.650+0000][3423.766s][info ][safepoint     ] Entering safepoint region: Cleanup
[2023-10-17T14:58:10.651+0000][3423.767s][info ][safepoint     ] Leaving safepoint region
[2023-10-17T14:58:10.652+0000][3423.768s][info ][safepoint     ] Total time for which application threads were stopped: 0.0020126 seconds, Stopping threads took: 0.0008835 seconds
[2023-10-17T14:58:11.653+0000][3424.769s][debug][safepoint     ] Safepoint synchronization initiated. (182 threads)
[2023-10-17T14:58:11.654+0000][3424.770s][info ][safepoint     ] Application time: 1.0011308 seconds
[2023-10-17T14:58:11.655+0000][3424.771s][info ][safepoint     ] Entering safepoint region: Cleanup
[2023-10-17T14:58:11.656+0000][3424.772s][info ][safepoint     ] Leaving safepoint region
[2023-10-17T14:58:11.657+0000][3424.773s][info ][safepoint     ] Total time for which application threads were stopped: 0.0020814 seconds, Stopping threads took: 0.0009883 seconds
[2023-10-17T14:58:12.658+0000][3425.774s][debug][safepoint     ] Safepoint synchronization initiated. (182 threads)
[2023-10-17T14:58:12.659+0000][3425.775s][info ][safepoint     ] Application time: 1.0013161 seconds
[2023-10-17T14:58:12.660+0000][3425.776s][info ][safepoint     ] Entering safepoint region: Cleanup
[2023-10-17T14:58:12.661+0000][3425.778s][info ][safepoint     ] Leaving safepoint region
[2023-10-17T14:58:12.662+0000][3425.779s][info ][safepoint     ] Total time for which application threads were stopped: 0.0021239 seconds, Stopping threads took: 0.0008933 seconds
[2023-10-17T14:58:13.663+0000][3426.780s][debug][safepoint     ] Safepoint synchronization initiated. (182 threads)
[2023-10-17T14:58:13.665+0000][3426.781s][info ][safepoint     ] Application time: 1.0015239 seconds
[2023-10-17T14:58:13.666+0000][3426.782s][info ][safepoint     ] Entering safepoint region: Cleanup
[2023-10-17T14:58:13.667+0000][3426.784s][info ][safepoint     ] Leaving safepoint region
[2023-10-17T14:58:13.668+0000][3426.785s][info ][safepoint     ] Total time for which application threads were stopped: 0.0024028 seconds, Stopping threads took: 0.0010227 seconds
[2023-10-17T14:58:14.669+0000][3427.786s][debug][safepoint     ] Safepoint synchronization initiated. (182 threads)
[2023-10-17T14:58:14.671+0000][3427.787s][info ][safepoint     ] Application time: 1.0016956 seconds
[2023-10-17T14:58:14.672+0000][3427.788s][info ][safepoint     ] Entering safepoint region: Cleanup
[2023-10-17T14:58:14.673+0000][3427.790s][info ][safepoint     ] Leaving safepoint region
[2023-10-17T14:58:14.675+0000][3427.791s][info ][safepoint     ] Total time for which application threads were stopped: 0.0029166 seconds, Stopping threads took: 0.0010420 seconds
[2023-10-17T14:58:15.676+0000][3428.792s][debug][safepoint     ] Safepoint synchronization initiated. (182 threads)
[2023-10-17T14:58:15.677+0000][3428.793s][info ][safepoint     ] Application time: 1.0012201 seconds
[2023-10-17T14:58:15.678+0000][3428.794s][info ][safepoint     ] Entering safepoint region: Cleanup
[2023-10-17T14:58:15.679+0000][3428.795s][info ][safepoint     ] Leaving safepoint region
[2023-10-17T14:58:15.680+0000][3428.796s][info ][safepoint     ] Total time for which application threads were stopped: 0.0023822 seconds, Stopping threads took: 0.0010878 seconds
[2023-10-17T14:58:16.681+0000][3429.797s][debug][safepoint     ] Safepoint synchronization initiated. (182 threads)
[2023-10-17T14:58:16.683+0000][3429.799s][info ][safepoint     ] Application time: 1.0024350 seconds
[2023-10-17T14:58:16.684+0000][3429.800s][info ][safepoint     ] Entering safepoint region: Cleanup
[2023-10-17T14:58:16.685+0000][3429.801s][info ][safepoint     ] Leaving safepoint region
[2023-10-17T14:58:16.686+0000][3429.802s][info ][safepoint     ] Total time for which application threads were stopped: 0.0021999 seconds, Stopping threads took: 0.0009738 seconds
[2023-10-17T14:58:17.687+0000][3430.803s][debug][safepoint     ] Safepoint synchronization initiated. (182 threads)
[2023-10-17T14:58:17.688+0000][3430.804s][info ][safepoint     ] Application time: 1.0012653 seconds
[2023-10-17T14:58:17.690+0000][3430.806s][info ][safepoint     ] Entering safepoint region: Cleanup
[2023-10-17T14:58:17.691+0000][3430.807s][info ][safepoint     ] Leaving safepoint region
[2023-10-17T14:58:17.691+0000][3430.808s][info ][safepoint     ] Total time for which application threads were stopped: 0.0018186 seconds, Stopping threads took: 0.0009344 seconds
[2023-10-17T14:58:18.692+0000][3431.809s][debug][safepoint     ] Safepoint synchronization initiated. (182 threads)
[2023-10-17T14:58:18.691+0000][3431.810s][info ][safepoint     ] Application time: 1.0009627 seconds
[2023-10-17T14:58:18.692+0000][3431.811s][info ][safepoint     ] Entering safepoint region: Cleanup
[2023-10-17T14:58:18.693+0000][3431.812s][info ][safepoint     ] Leaving safepoint region
[2023-10-17T14:58:18.694+0000][3431.813s][info ][safepoint     ] Total time for which application threads were stopped: 0.0020911 seconds, Stopping threads took: 0.0010848 seconds
[2023-10-17T14:58:19.695+0000][3432.813s][debug][safepoint     ] Safepoint synchronization initiated. (182 threads)
[2023-10-17T14:58:19.695+0000][3432.814s][info ][safepoint     ] Application time: 1.0010758 seconds
[2023-10-17T14:58:19.696+0000][3432.815s][info ][safepoint     ] Entering safepoint region: Cleanup
[2023-10-17T14:58:19.698+0000][3432.817s][info ][safepoint     ] Leaving safepoint region
[2023-10-17T14:58:19.698+0000][3432.817s][info ][safepoint     ] Total time for which application threads were stopped: 0.0021493 seconds, Stopping threads took: 0.0009558 seconds
[2023-10-17T14:58:20.699+0000][3433.818s][debug][safepoint     ] Safepoint synchronization initiated. (182 threads)
[2023-10-17T14:58:20.700+0000][3433.819s][info ][safepoint     ] Application time: 1.0013973 seconds
[2023-10-17T14:58:20.701+0000][3433.820s][info ][safepoint     ] Entering safepoint region: Cleanup
[2023-10-17T14:58:20.703+0000][3433.821s][info ][safepoint     ] Leaving safepoint region
[2023-10-17T14:58:20.703+0000][3433.822s][info ][safepoint     ] Total time for which application threads were stopped: 0.0019879 seconds, Stopping threads took: 0.0008941 seconds
[2023-10-17T14:58:21.705+0000][3434.824s][debug][safepoint     ] Safepoint synchronization initiated. (182 threads)
[2023-10-17T14:58:21.706+0000][3434.825s][info ][safepoint     ] Application time: 1.0013022 seconds
[2023-10-17T14:58:21.707+0000][3434.826s][info ][safepoint     ] Entering safepoint region: Cleanup
[2023-10-17T14:58:21.708+0000][3434.827s][info ][safepoint     ] Leaving safepoint region
[2023-10-17T14:58:21.709+0000][3434.827s][info ][safepoint     ] Total time for which application threads were stopped: 0.0014151 seconds, Stopping threads took: 0.0006066 seconds
[2023-10-17T14:58:22.709+0000][3435.828s][debug][safepoint     ] Safepoint synchronization initiated. (182 threads)
[2023-10-17T14:58:22.712+0000][3435.831s][info ][safepoint     ] Application time: 1.0027763 seconds
[2023-10-17T14:58:22.714+0000][3435.832s][info ][safepoint     ] Entering safepoint region: Cleanup
[2023-10-17T14:58:22.715+0000][3435.834s][info ][safepoint     ] Leaving safepoint region
[2023-10-17T14:58:22.716+0000][3435.835s][info ][safepoint     ] Total time for which application threads were stopped: 0.0024990 seconds, Stopping threads took: 0.0012586 seconds
[2023-10-17T14:58:23.717+0000][3436.836s][debug][safepoint     ] Safepoint synchronization initiated. (182 threads)
[2023-10-17T14:58:23.718+0000][3436.837s][info ][safepoint     ] Application time: 1.0011331 seconds
[2023-10-17T14:58:23.719+0000][3436.838s][info ][safepoint     ] Entering safepoint region: Cleanup
[2023-10-17T14:58:23.720+0000][3436.839s][info ][safepoint     ] Leaving safepoint region
[2023-10-17T14:58:23.721+0000][3436.839s][info ][safepoint     ] Total time for which application threads were stopped: 0.0016036 seconds, Stopping threads took: 0.0008600 seconds
[2023-10-17T14:58:24.722+0000][3437.840s][debug][safepoint     ] Safepoint synchronization initiated. (182 threads)
[2023-10-17T14:58:24.723+0000][3437.842s][info ][safepoint     ] Application time: 1.0016086 seconds
[2023-10-17T14:58:24.724+0000][3437.842s][info ][safepoint     ] Entering safepoint region: Cleanup
[2023-10-17T14:58:24.725+0000][3437.843s][info ][safepoint     ] Leaving safepoint region
[2023-10-17T14:58:24.726+0000][3437.845s][info ][safepoint     ] Total time for which application threads were stopped: 0.0020893 seconds, Stopping threads took: 0.0008477 seconds
[2023-10-17T14:58:25.727+0000][3438.846s][debug][safepoint     ] Safepoint synchronization initiated. (182 threads)
[2023-10-17T14:58:25.728+0000][3438.847s][info ][safepoint     ] Application time: 1.0015476 seconds
[2023-10-17T14:58:25.729+0000][3438.848s][info ][safepoint     ] Entering safepoint region: Cleanup
[2023-10-17T14:58:25.731+0000][3438.849s][info ][safepoint     ] Leaving safepoint region
[2023-10-17T14:58:25.732+0000][3438.851s][info ][safepoint     ] Total time for which application threads were stopped: 0.0026919 seconds, Stopping threads took: 0.0010361 seconds
[2023-10-17T14:58:26.733+0000][3439.852s][debug][safepoint     ] Safepoint synchronization initiated. (182 threads)
[2023-10-17T14:58:26.735+0000][3439.854s][info ][safepoint     ] Application time: 1.0022477 seconds
[2023-10-17T14:58:26.737+0000][3439.855s][info ][safepoint     ] Entering safepoint region: Cleanup
[2023-10-17T14:58:26.738+0000][3439.856s][info ][safepoint     ] Leaving safepoint region
[2023-10-17T14:58:26.738+0000][3439.857s][info ][safepoint     ] Total time for which application threads were stopped: 0.0014846 seconds, Stopping threads took: 0.0007637 seconds
[2023-10-17T14:58:27.739+0000][3440.858s][debug][safepoint     ] Safepoint synchronization initiated. (182 threads)
[2023-10-17T14:58:27.740+0000][3440.859s][info ][safepoint     ] Application time: 1.0013663 seconds
[2023-10-17T14:58:27.741+0000][3440.859s][info ][safepoint     ] Entering safepoint region: Cleanup
[2023-10-17T14:58:27.741+0000][3440.860s][info ][safepoint     ] Leaving safepoint region
[2023-10-17T14:58:27.742+0000][3440.861s][info ][safepoint     ] Total time for which application threads were stopped: 0.0014697 seconds, Stopping threads took: 0.0006749 seconds
[2023-10-17T14:58:28.743+0000][3441.862s][debug][safepoint     ] Safepoint synchronization initiated. (182 threads)
[2023-10-17T14:58:28.744+0000][3441.863s][info ][safepoint     ] Application time: 1.0007969 seconds
[2023-10-17T14:58:28.744+0000][3441.863s][info ][safepoint     ] Entering safepoint region: Cleanup
[2023-10-17T14:58:28.745+0000][3441.864s][info ][safepoint     ] Leaving safepoint region
[2023-10-17T14:58:28.746+0000][3441.864s][info ][safepoint     ] Total time for which application threads were stopped: 0.0013053 seconds, Stopping threads took: 0.0005556 seconds
[2023-10-17T14:58:29.746+0000][3442.865s][debug][safepoint     ] Safepoint synchronization initiated. (182 threads)
[2023-10-17T14:58:29.747+0000][3442.866s][info ][safepoint     ] Application time: 1.0007715 seconds
[2023-10-17T14:58:29.747+0000][3442.866s][info ][safepoint     ] Entering safepoint region: Cleanup
[2023-10-17T14:58:29.748+0000][3442.867s][info ][safepoint     ] Leaving safepoint region
[2023-10-17T14:58:29.748+0000][3442.867s][info ][safepoint     ] Total time for which application threads were stopped: 0.0011648 seconds, Stopping threads took: 0.0005119 seconds
[2023-10-17T14:58:30.749+0000][3443.868s][debug][safepoint     ] Safepoint synchronization initiated. (182 threads)
[2023-10-17T14:58:30.750+0000][3443.869s][info ][safepoint     ] Application time: 1.0010966 seconds
[2023-10-17T14:58:30.750+0000][3443.869s][info ][safepoint     ] Entering safepoint region: Cleanup
[2023-10-17T14:58:30.751+0000][3443.870s][info ][safepoint     ] Leaving safepoint region
[2023-10-17T14:58:30.752+0000][3443.871s][info ][safepoint     ] Total time for which application threads were stopped: 0.0015525 seconds, Stopping threads took: 0.0005382 seconds
[2023-10-17T14:58:31.753+0000][3444.872s][debug][safepoint     ] Safepoint synchronization initiated. (182 threads)
[2023-10-17T14:58:31.754+0000][3444.873s][info ][safepoint     ] Application time: 1.0010985 seconds
[2023-10-17T14:58:31.755+0000][3444.874s][info ][safepoint     ] Entering safepoint region: Cleanup
[2023-10-17T14:58:31.756+0000][3444.874s][info ][safepoint     ] Leaving safepoint region
[2023-10-17T14:58:31.756+0000][3444.875s][info ][safepoint     ] Total time for which application threads were stopped: 0.0014722 seconds, Stopping threads took: 0.0006444 seconds
[2023-10-17T14:58:32.757+0000][3445.876s][debug][safepoint     ] Safepoint synchronization initiated. (182 threads)
[2023-10-17T14:58:32.758+0000][3445.877s][info ][safepoint     ] Application time: 1.0013587 seconds
[2023-10-17T14:58:32.759+0000][3445.878s][info ][safepoint     ] Entering safepoint region: Cleanup
[2023-10-17T14:58:32.760+0000][3445.879s][info ][safepoint     ] Leaving safepoint region
[2023-10-17T14:58:32.760+0000][3445.879s][info ][safepoint     ] Total time for which application threads were stopped: 0.0017308 seconds, Stopping threads took: 0.0007650 seconds
[2023-10-17T14:58:33.761+0000][3446.880s][debug][safepoint     ] Safepoint synchronization initiated. (182 threads)
[2023-10-17T14:58:33.762+0000][3446.881s][info ][safepoint     ] Application time: 1.0011501 seconds
[2023-10-17T14:58:33.763+0000][3446.882s][info ][safepoint     ] Entering safepoint region: Cleanup
[2023-10-17T14:58:33.764+0000][3446.883s][info ][safepoint     ] Leaving safepoint region
[2023-10-17T14:58:33.765+0000][3446.884s][info ][safepoint     ] Total time for which application threads were stopped: 0.0017938 seconds, Stopping threads took: 0.0007949 seconds
[2023-10-17T14:58:34.766+0000][3447.885s][debug][safepoint     ] Safepoint synchronization initiated. (182 threads)
[2023-10-17T14:58:34.767+0000][3447.886s][info ][safepoint     ] Application time: 1.0010871 seconds
[2023-10-17T14:58:34.768+0000][3447.887s][info ][safepoint     ] Entering safepoint region: Cleanup
[2023-10-17T14:58:34.769+0000][3447.887s][info ][safepoint     ] Leaving safepoint region
[2023-10-17T14:58:34.769+0000][3447.888s][info ][safepoint     ] Total time for which application threads were stopped: 0.0016181 seconds, Stopping threads took: 0.0007326 seconds
[2023-10-17T14:58:35.770+0000][3448.889s][debug][safepoint     ] Safepoint synchronization initiated. (182 threads)
[2023-10-17T14:58:35.771+0000][3448.890s][info ][safepoint     ] Application time: 1.0013163 seconds
[2023-10-17T14:58:35.772+0000][3448.891s][info ][safepoint     ] Entering safepoint region: Cleanup
[2023-10-17T14:58:35.774+0000][3448.893s][info ][safepoint     ] Leaving safepoint region
[2023-10-17T14:58:35.774+0000][3448.893s][info ][safepoint     ] Total time for which application threads were stopped: 0.0023632 seconds, Stopping threads took: 0.0009746 seconds
[2023-10-17T14:58:36.775+0000][3449.894s][debug][safepoint     ] Safepoint synchronization initiated. (182 threads)
[2023-10-17T14:58:36.776+0000][3449.895s][info ][safepoint     ] Application time: 1.0012119 seconds
[2023-10-17T14:58:36.777+0000][3449.896s][info ][safepoint     ] Entering safepoint region: Cleanup
[2023-10-17T14:58:36.779+0000][3449.898s][info ][safepoint     ] Leaving safepoint region
[2023-10-17T14:58:36.780+0000][3449.898s][info ][safepoint     ] Total time for which application threads were stopped: 0.0024512 seconds, Stopping threads took: 0.0013211 seconds
[2023-10-17T14:58:37.781+0000][3450.899s][debug][safepoint     ] Safepoint synchronization initiated. (182 threads)
[2023-10-17T14:58:37.781+0000][3450.900s][info ][safepoint     ] Application time: 1.0006778 seconds
[2023-10-17T14:58:37.782+0000][3450.901s][info ][safepoint     ] Entering safepoint region: Cleanup
[2023-10-17T14:58:37.782+0000][3450.901s][info ][safepoint     ] Leaving safepoint region
[2023-10-17T14:58:37.783+0000][3450.902s][info ][safepoint     ] Total time for which application threads were stopped: 0.0011511 seconds, Stopping threads took: 0.0004384 seconds
[2023-10-17T14:58:38.783+0000][3451.902s][debug][safepoint     ] Safepoint synchronization initiated. (182 threads)
[2023-10-17T14:58:38.784+0000][3451.903s][info ][safepoint     ] Application time: 1.0008222 seconds
[2023-10-17T14:58:38.785+0000][3451.904s][info ][safepoint     ] Entering safepoint region: Cleanup
[2023-10-17T14:58:38.786+0000][3451.905s][info ][safepoint     ] Leaving safepoint region
[2023-10-17T14:58:38.787+0000][3451.905s][info ][safepoint     ] Total time for which application threads were stopped: 0.0018101 seconds, Stopping threads took: 0.0008232 seconds
[2023-10-17T14:58:39.788+0000][3452.906s][debug][safepoint     ] Safepoint synchronization initiated. (182 threads)
[2023-10-17T14:58:39.789+0000][3452.908s][info ][safepoint     ] Application time: 1.0015330 seconds
[2023-10-17T14:58:39.789+0000][3452.908s][info ][safepoint     ] Entering safepoint region: Cleanup
[2023-10-17T14:58:39.790+0000][3452.909s][info ][safepoint     ] Leaving safepoint region
[2023-10-17T14:58:39.791+0000][3452.910s][info ][safepoint     ] Total time for which application threads were stopped: 0.0014157 seconds, Stopping threads took: 0.0006001 seconds
[2023-10-17T14:58:40.792+0000][3453.911s][debug][safepoint     ] Safepoint synchronization initiated. (182 threads)
[2023-10-17T14:58:40.794+0000][3453.912s][info ][safepoint     ] Application time: 1.0021271 seconds
[2023-10-17T14:58:40.795+0000][3453.913s][info ][safepoint     ] Entering safepoint region: Cleanup
[2023-10-17T14:58:40.796+0000][3453.915s][info ][safepoint     ] Leaving safepoint region
[2023-10-17T14:58:40.796+0000][3453.915s][info ][safepoint     ] Total time for which application threads were stopped: 0.0019513 seconds, Stopping threads took: 0.0009182 seconds
[2023-10-17T14:58:41.798+0000][3454.916s][debug][safepoint     ] Safepoint synchronization initiated. (182 threads)
[2023-10-17T14:58:41.799+0000][3454.917s][info ][safepoint     ] Application time: 1.0013094 seconds
[2023-10-17T14:58:41.800+0000][3454.918s][info ][safepoint     ] Entering safepoint region: Cleanup
[2023-10-17T14:58:41.801+0000][3454.919s][info ][safepoint     ] Leaving safepoint region
[2023-10-17T14:58:41.801+0000][3454.920s][info ][safepoint     ] Total time for which application threads were stopped: 0.0019966 seconds, Stopping threads took: 0.0007420 seconds
[2023-10-17T14:58:42.803+0000][3455.922s][debug][safepoint     ] Safepoint synchronization initiated. (182 threads)
[2023-10-17T14:58:42.804+0000][3455.923s][info ][safepoint     ] Application time: 1.0019057 seconds
[2023-10-17T14:58:42.806+0000][3455.924s][info ][safepoint     ] Entering safepoint region: Cleanup
[2023-10-17T14:58:42.807+0000][3455.926s][info ][safepoint     ] Leaving safepoint region
[2023-10-17T14:58:42.807+0000][3455.926s][info ][safepoint     ] Total time for which application threads were stopped: 0.0019232 seconds, Stopping threads took: 0.0007925 seconds
[2023-10-17T14:58:43.809+0000][3456.927s][debug][safepoint     ] Safepoint synchronization initiated. (182 threads)
[2023-10-17T14:58:43.810+0000][3456.929s][info ][safepoint     ] Application time: 1.0016090 seconds
[2023-10-17T14:58:43.811+0000][3456.930s][info ][safepoint     ] Entering safepoint region: Cleanup
[2023-10-17T14:58:43.812+0000][3456.931s][info ][safepoint     ] Leaving safepoint region
[2023-10-17T14:58:43.812+0000][3456.931s][info ][safepoint     ] Total time for which application threads were stopped: 0.0017389 seconds, Stopping threads took: 0.0007806 seconds
[2023-10-17T14:58:44.814+0000][3457.932s][debug][safepoint     ] Safepoint synchronization initiated. (182 threads)
[2023-10-17T14:58:44.815+0000][3457.934s][info ][safepoint     ] Application time: 1.0021502 seconds
[2023-10-17T14:58:44.816+0000][3457.935s][info ][safepoint     ] Entering safepoint region: Cleanup
[2023-10-17T14:58:44.817+0000][3457.936s][info ][safepoint     ] Leaving safepoint region
[2023-10-17T14:58:44.818+0000][3457.937s][info ][safepoint     ] Total time for which application threads were stopped: 0.0018907 seconds, Stopping threads took: 0.0008032 seconds
[2023-10-17T14:58:45.819+0000][3458.938s][debug][safepoint     ] Safepoint synchronization initiated. (182 threads)
[2023-10-17T14:58:45.820+0000][3458.939s][info ][safepoint     ] Application time: 1.0011787 seconds
[2023-10-17T14:58:45.821+0000][3458.939s][info ][safepoint     ] Entering safepoint region: Cleanup
[2023-10-17T14:58:45.822+0000][3458.941s][info ][safepoint     ] Leaving safepoint region
[2023-10-17T14:58:45.823+0000][3458.942s][info ][safepoint     ] Total time for which application threads were stopped: 0.0022632 seconds, Stopping threads took: 0.0010534 seconds
[2023-10-17T14:58:46.824+0000][3459.943s][debug][safepoint     ] Safepoint synchronization initiated. (182 threads)
[2023-10-17T14:58:46.825+0000][3459.944s][info ][safepoint     ] Application time: 1.0012774 seconds
[2023-10-17T14:58:46.826+0000][3459.944s][info ][safepoint     ] Entering safepoint region: Cleanup
[2023-10-17T14:58:46.827+0000][3459.946s][info ][safepoint     ] Leaving safepoint region
[2023-10-17T14:58:46.828+0000][3459.947s][info ][safepoint     ] Total time for which application threads were stopped: 0.0023199 seconds, Stopping threads took: 0.0010511 seconds
[2023-10-17T14:58:47.830+0000][3460.949s][debug][safepoint     ] Safepoint synchronization initiated. (182 threads)
[2023-10-17T14:58:47.831+0000][3460.950s][info ][safepoint     ] Application time: 1.0011894 seconds
[2023-10-17T14:58:47.832+0000][3460.951s][info ][safepoint     ] Entering safepoint region: Cleanup
[2023-10-17T14:58:47.833+0000][3460.952s][info ][safepoint     ] Leaving safepoint region
[2023-10-17T14:58:47.834+0000][3460.953s][info ][safepoint     ] Total time for which application threads were stopped: 0.0020976 seconds, Stopping threads took: 0.0009192 seconds
[2023-10-17T14:58:48.834+0000][3461.954s][debug][safepoint     ] Safepoint synchronization initiated. (182 threads)
[2023-10-17T14:58:48.835+0000][3461.955s][info ][safepoint     ] Application time: 1.0012794 seconds
[2023-10-17T14:58:48.836+0000][3461.956s][info ][safepoint     ] Entering safepoint region: Cleanup
[2023-10-17T14:58:48.837+0000][3461.957s][info ][safepoint     ] Leaving safepoint region
[2023-10-17T14:58:48.838+0000][3461.958s][info ][safepoint     ] Total time for which application threads were stopped: 0.0020593 seconds, Stopping threads took: 0.0009226 seconds
[2023-10-17T14:58:49.839+0000][3462.959s][debug][safepoint     ] Safepoint synchronization initiated. (182 threads)
[2023-10-17T14:58:49.841+0000][3462.960s][info ][safepoint     ] Application time: 1.0016810 seconds
[2023-10-17T14:58:49.842+0000][3462.961s][info ][safepoint     ] Entering safepoint region: Cleanup
[2023-10-17T14:58:49.843+0000][3462.962s][info ][safepoint     ] Leaving safepoint region
[2023-10-17T14:58:49.844+0000][3462.963s][info ][safepoint     ] Total time for which application threads were stopped: 0.0022711 seconds, Stopping threads took: 0.0009512 seconds
[2023-10-17T14:58:50.845+0000][3463.965s][debug][safepoint     ] Safepoint synchronization initiated. (182 threads)
[2023-10-17T14:58:50.847+0000][3463.966s][info ][safepoint     ] Application time: 1.0017944 seconds
[2023-10-17T14:58:50.848+0000][3463.968s][info ][safepoint     ] Entering safepoint region: Cleanup
[2023-10-17T14:58:50.851+0000][3463.970s][info ][safepoint     ] Leaving safepoint region
[2023-10-17T14:58:50.852+0000][3463.971s][info ][safepoint     ] Total time for which application threads were stopped: 0.0041018 seconds, Stopping threads took: 0.0025700 seconds
[2023-10-17T14:58:51.853+0000][3464.972s][debug][safepoint     ] Safepoint synchronization initiated. (182 threads)
[2023-10-17T14:58:51.854+0000][3464.973s][info ][safepoint     ] Application time: 1.0013235 seconds
[2023-10-17T14:58:51.854+0000][3464.974s][info ][safepoint     ] Entering safepoint region: Cleanup
[2023-10-17T14:58:51.855+0000][3464.975s][info ][safepoint     ] Leaving safepoint region
[2023-10-17T14:58:51.856+0000][3464.976s][info ][safepoint     ] Total time for which application threads were stopped: 0.0018909 seconds, Stopping threads took: 0.0007011 seconds
[2023-10-17T14:58:52.857+0000][3465.977s][debug][safepoint     ] Safepoint synchronization initiated. (182 threads)
[2023-10-17T14:58:52.858+0000][3465.978s][info ][safepoint     ] Application time: 1.0009730 seconds
[2023-10-17T14:58:52.859+0000][3465.978s][info ][safepoint     ] Entering safepoint region: Cleanup
[2023-10-17T14:58:52.860+0000][3465.979s][info ][safepoint     ] Leaving safepoint region
[2023-10-17T14:58:52.861+0000][3465.980s][info ][safepoint     ] Total time for which application threads were stopped: 0.0018980 seconds, Stopping threads took: 0.0008315 seconds
[2023-10-17T14:58:53.862+0000][3466.981s][debug][safepoint     ] Safepoint synchronization initiated. (182 threads)
[2023-10-17T14:58:53.863+0000][3466.982s][info ][safepoint     ] Application time: 1.0013555 seconds
[2023-10-17T14:58:53.864+0000][3466.983s][info ][safepoint     ] Entering safepoint region: Cleanup
[2023-10-17T14:58:53.865+0000][3466.985s][info ][safepoint     ] Leaving safepoint region
[2023-10-17T14:58:53.866+0000][3466.986s][info ][safepoint     ] Total time for which application threads were stopped: 0.0024290 seconds, Stopping threads took: 0.0010244 seconds
[2023-10-17T14:58:54.867+0000][3467.987s][debug][safepoint     ] Safepoint synchronization initiated. (182 threads)
[2023-10-17T14:58:54.868+0000][3467.988s][info ][safepoint     ] Application time: 1.0010633 seconds
[2023-10-17T14:58:54.869+0000][3467.988s][info ][safepoint     ] Entering safepoint region: Cleanup
[2023-10-17T14:58:54.870+0000][3467.989s][info ][safepoint     ] Leaving safepoint region
[2023-10-17T14:58:54.870+0000][3467.990s][info ][safepoint     ] Total time for which application threads were stopped: 0.0016198 seconds, Stopping threads took: 0.0007941 seconds
[2023-10-17T14:58:55.871+0000][3468.991s][debug][safepoint     ] Safepoint synchronization initiated. (182 threads)
[2023-10-17T14:58:55.872+0000][3468.992s][info ][safepoint     ] Application time: 1.0008411 seconds
[2023-10-17T14:58:55.873+0000][3468.992s][info ][safepoint     ] Entering safepoint region: Cleanup
[2023-10-17T14:58:55.874+0000][3468.993s][info ][safepoint     ] Leaving safepoint region
[2023-10-17T14:58:55.875+0000][3468.995s][info ][safepoint     ] Total time for which application threads were stopped: 0.0026786 seconds, Stopping threads took: 0.0008767 seconds
[2023-10-17T14:58:56.876+0000][3469.996s][debug][safepoint     ] Safepoint synchronization initiated. (182 threads)
[2023-10-17T14:58:56.878+0000][3469.997s][info ][safepoint     ] Application time: 1.0016787 seconds
[2023-10-17T14:58:56.879+0000][3469.998s][info ][safepoint     ] Entering safepoint region: Cleanup
[2023-10-17T14:58:56.880+0000][3470.000s][info ][safepoint     ] Leaving safepoint region
[2023-10-17T14:58:56.881+0000][3470.001s][info ][safepoint     ] Total time for which application threads were stopped: 0.0026199 seconds, Stopping threads took: 0.0011241 seconds
[2023-10-17T14:58:57.882+0000][3471.002s][debug][safepoint     ] Safepoint synchronization initiated. (182 threads)
[2023-10-17T14:58:57.883+0000][3471.003s][info ][safepoint     ] Application time: 1.0010703 seconds
[2023-10-17T14:58:57.884+0000][3471.004s][info ][safepoint     ] Entering safepoint region: Cleanup
[2023-10-17T14:58:57.886+0000][3471.005s][info ][safepoint     ] Leaving safepoint region
[2023-10-17T14:58:57.887+0000][3471.007s][info ][safepoint     ] Total time for which application threads were stopped: 0.0030158 seconds, Stopping threads took: 0.0010365 seconds
[2023-10-17T14:58:58.889+0000][3472.009s][debug][safepoint     ] Safepoint synchronization initiated. (182 threads)
[2023-10-17T14:58:58.891+0000][3472.011s][info ][safepoint     ] Application time: 1.0024260 seconds
[2023-10-17T14:58:58.894+0000][3472.014s][info ][safepoint     ] Entering safepoint region: Cleanup
[2023-10-17T14:58:58.896+0000][3472.016s][info ][safepoint     ] Leaving safepoint region
[2023-10-17T14:58:58.897+0000][3472.017s][info ][safepoint     ] Total time for which application threads were stopped: 0.0033294 seconds, Stopping threads took: 0.0013397 seconds
[2023-10-17T14:58:59.899+0000][3473.018s][debug][safepoint     ] Safepoint synchronization initiated. (182 threads)
[2023-10-17T14:58:59.899+0000][3473.019s][info ][safepoint     ] Application time: 1.0008506 seconds
[2023-10-17T14:58:59.900+0000][3473.020s][info ][safepoint     ] Entering safepoint region: Cleanup
[2023-10-17T14:58:59.901+0000][3473.021s][info ][safepoint     ] Leaving safepoint region
[2023-10-17T14:58:59.902+0000][3473.021s][info ][safepoint     ] Total time for which application threads were stopped: 0.0017487 seconds, Stopping threads took: 0.0008068 seconds
[2023-10-17T14:59:00.903+0000][3474.022s][debug][safepoint     ] Safepoint synchronization initiated. (182 threads)
[2023-10-17T14:59:00.904+0000][3474.024s][info ][safepoint     ] Application time: 1.0017729 seconds
[2023-10-17T14:59:00.905+0000][3474.024s][info ][safepoint     ] Entering safepoint region: Cleanup
[2023-10-17T14:59:00.906+0000][3474.026s][info ][safepoint     ] Leaving safepoint region
[2023-10-17T14:59:00.907+0000][3474.026s][info ][safepoint     ] Total time for which application threads were stopped: 0.0019501 seconds, Stopping threads took: 0.0008575 seconds
[2023-10-17T14:59:01.908+0000][3475.028s][debug][safepoint     ] Safepoint synchronization initiated. (182 threads)
[2023-10-17T14:59:01.910+0000][3475.030s][info ][safepoint     ] Application time: 1.0027341 seconds
[2023-10-17T14:59:01.912+0000][3475.031s][info ][safepoint     ] Entering safepoint region: Cleanup
[2023-10-17T14:59:01.913+0000][3475.033s][info ][safepoint     ] Leaving safepoint region
[2023-10-17T14:59:01.914+0000][3475.033s][info ][safepoint     ] Total time for which application threads were stopped: 0.0019405 seconds, Stopping threads took: 0.0010861 seconds
[2023-10-17T14:59:02.915+0000][3476.034s][debug][safepoint     ] Safepoint synchronization initiated. (182 threads)
[2023-10-17T14:59:02.916+0000][3476.036s][info ][safepoint     ] Application time: 1.0014711 seconds
[2023-10-17T14:59:02.917+0000][3476.036s][info ][safepoint     ] Entering safepoint region: Cleanup
[2023-10-17T14:59:02.918+0000][3476.037s][info ][safepoint     ] Leaving safepoint region
[2023-10-17T14:59:02.918+0000][3476.038s][info ][safepoint     ] Total time for which application threads were stopped: 0.0019313 seconds, Stopping threads took: 0.0010292 seconds
[2023-10-17T14:59:03.920+0000][3477.039s][debug][safepoint     ] Safepoint synchronization initiated. (182 threads)
[2023-10-17T14:59:03.921+0000][3477.040s][info ][safepoint     ] Application time: 1.0015049 seconds
[2023-10-17T14:59:03.922+0000][3477.041s][info ][safepoint     ] Entering safepoint region: Cleanup
[2023-10-17T14:59:03.923+0000][3477.042s][info ][safepoint     ] Leaving safepoint region
[2023-10-17T14:59:03.924+0000][3477.043s][info ][safepoint     ] Total time for which application threads were stopped: 0.0020875 seconds, Stopping threads took: 0.0009064 seconds
[2023-10-17T14:59:04.925+0000][3478.045s][debug][safepoint     ] Safepoint synchronization initiated. (182 threads)
[2023-10-17T14:59:04.926+0000][3478.046s][info ][safepoint     ] Application time: 1.0013665 seconds
[2023-10-17T14:59:04.927+0000][3478.047s][info ][safepoint     ] Entering safepoint region: Cleanup
[2023-10-17T14:59:04.929+0000][3478.048s][info ][safepoint     ] Leaving safepoint region
[2023-10-17T14:59:04.929+0000][3478.049s][info ][safepoint     ] Total time for which application threads were stopped: 0.0021061 seconds, Stopping threads took: 0.0008594 seconds
[2023-10-17T14:59:05.931+0000][3479.050s][debug][safepoint     ] Safepoint synchronization initiated. (182 threads)
[2023-10-17T14:59:05.931+0000][3479.051s][info ][safepoint     ] Application time: 1.0011831 seconds
[2023-10-17T14:59:05.932+0000][3479.052s][info ][safepoint     ] Entering safepoint region: Cleanup
[2023-10-17T14:59:05.933+0000][3479.053s][info ][safepoint     ] Leaving safepoint region
[2023-10-17T14:59:05.934+0000][3479.054s][info ][safepoint     ] Total time for which application threads were stopped: 0.0017736 seconds, Stopping threads took: 0.0008723 seconds
[2023-10-17T14:59:06.935+0000][3480.055s][debug][safepoint     ] Safepoint synchronization initiated. (182 threads)
[2023-10-17T14:59:06.936+0000][3480.055s][info ][safepoint     ] Application time: 1.0012413 seconds
[2023-10-17T14:59:06.937+0000][3480.056s][info ][safepoint     ] Entering safepoint region: Cleanup
[2023-10-17T14:59:06.938+0000][3480.057s][info ][safepoint     ] Leaving safepoint region
[2023-10-17T14:59:06.938+0000][3480.058s][info ][safepoint     ] Total time for which application threads were stopped: 0.0015771 seconds, Stopping threads took: 0.0006028 seconds
[2023-10-17T14:59:07.939+0000][3481.059s][debug][safepoint     ] Safepoint synchronization initiated. (182 threads)
[2023-10-17T14:59:07.940+0000][3481.060s][info ][safepoint     ] Application time: 1.0009938 seconds
[2023-10-17T14:59:07.941+0000][3481.060s][info ][safepoint     ] Entering safepoint region: Cleanup
[2023-10-17T14:59:07.942+0000][3481.061s][info ][safepoint     ] Leaving safepoint region
[2023-10-17T14:59:07.943+0000][3481.062s][info ][safepoint     ] Total time for which application threads were stopped: 0.0020735 seconds, Stopping threads took: 0.0008168 seconds
[2023-10-17T14:59:08.944+0000][3482.063s][debug][safepoint     ] Safepoint synchronization initiated. (182 threads)
[2023-10-17T14:59:08.945+0000][3482.065s][info ][safepoint     ] Application time: 1.0019746 seconds
[2023-10-17T14:59:08.947+0000][3482.066s][info ][safepoint     ] Entering safepoint region: Cleanup
[2023-10-17T14:59:08.948+0000][3482.067s][info ][safepoint     ] Leaving safepoint region
[2023-10-17T14:59:08.948+0000][3482.068s][info ][safepoint     ] Total time for which application threads were stopped: 0.0018670 seconds, Stopping threads took: 0.0008543 seconds
[2023-10-17T14:59:09.949+0000][3483.069s][debug][safepoint     ] Safepoint synchronization initiated. (182 threads)
[2023-10-17T14:59:09.951+0000][3483.070s][info ][safepoint     ] Application time: 1.0013598 seconds
[2023-10-17T14:59:09.952+0000][3483.071s][info ][safepoint     ] Entering safepoint region: Cleanup
[2023-10-17T14:59:09.954+0000][3483.073s][info ][safepoint     ] Leaving safepoint region
[2023-10-17T14:59:09.955+0000][3483.074s][info ][safepoint     ] Total time for which application threads were stopped: 0.0030963 seconds, Stopping threads took: 0.0015231 seconds
[2023-10-17T14:59:10.956+0000][3484.076s][debug][safepoint     ] Safepoint synchronization initiated. (182 threads)
[2023-10-17T14:59:10.957+0000][3484.077s][info ][safepoint     ] Application time: 1.0013711 seconds
[2023-10-17T14:59:10.958+0000][3484.078s][info ][safepoint     ] Entering safepoint region: Cleanup
[2023-10-17T14:59:10.959+0000][3484.079s][info ][safepoint     ] Leaving safepoint region
[2023-10-17T14:59:10.960+0000][3484.079s][info ][safepoint     ] Total time for which application threads were stopped: 0.0015133 seconds, Stopping threads took: 0.0006074 seconds
[2023-10-17T14:59:11.961+0000][3485.080s][debug][safepoint     ] Safepoint synchronization initiated. (182 threads)
[2023-10-17T14:59:11.961+0000][3485.081s][info ][safepoint     ] Application time: 1.0011461 seconds
[2023-10-17T14:59:11.962+0000][3485.081s][info ][safepoint     ] Entering safepoint region: Cleanup
[2023-10-17T14:59:11.962+0000][3485.082s][info ][safepoint     ] Leaving safepoint region
[2023-10-17T14:59:11.963+0000][3485.083s][info ][safepoint     ] Total time for which application threads were stopped: 0.0011933 seconds, Stopping threads took: 0.0005073 seconds
[2023-10-17T14:59:12.964+0000][3486.083s][debug][safepoint     ] Safepoint synchronization initiated. (182 threads)
[2023-10-17T14:59:12.965+0000][3486.084s][info ][safepoint     ] Application time: 1.0014541 seconds
[2023-10-17T14:59:12.966+0000][3486.086s][info ][safepoint     ] Entering safepoint region: Cleanup
[2023-10-17T14:59:12.967+0000][3486.087s][info ][safepoint     ] Leaving safepoint region
[2023-10-17T14:59:12.968+0000][3486.088s][info ][safepoint     ] Total time for which application threads were stopped: 0.0016898 seconds, Stopping threads took: 0.0007829 seconds
[2023-10-17T14:59:13.969+0000][3487.089s][debug][safepoint     ] Safepoint synchronization initiated. (182 threads)
[2023-10-17T14:59:13.970+0000][3487.090s][info ][safepoint     ] Application time: 1.0015106 seconds
[2023-10-17T14:59:13.971+0000][3487.091s][info ][safepoint     ] Entering safepoint region: Cleanup
[2023-10-17T14:59:13.973+0000][3487.092s][info ][safepoint     ] Leaving safepoint region
[2023-10-17T14:59:13.973+0000][3487.093s][info ][safepoint     ] Total time for which application threads were stopped: 0.0021066 seconds, Stopping threads took: 0.0011561 seconds
[2023-10-17T14:59:14.975+0000][3488.094s][debug][safepoint     ] Safepoint synchronization initiated. (182 threads)
[2023-10-17T14:59:14.976+0000][3488.095s][info ][safepoint     ] Application time: 1.0012617 seconds
[2023-10-17T14:59:14.977+0000][3488.096s][info ][safepoint     ] Entering safepoint region: Cleanup
[2023-10-17T14:59:14.979+0000][3488.098s][info ][safepoint     ] Leaving safepoint region
[2023-10-17T14:59:14.979+0000][3488.099s][info ][safepoint     ] Total time for which application threads were stopped: 0.0030283 seconds, Stopping threads took: 0.0016639 seconds
[2023-10-17T14:59:15.980+0000][3489.100s][debug][safepoint     ] Safepoint synchronization initiated. (182 threads)
[2023-10-17T14:59:15.981+0000][3489.101s][info ][safepoint     ] Application time: 1.0011558 seconds
[2023-10-17T14:59:15.982+0000][3489.102s][info ][safepoint     ] Entering safepoint region: Cleanup
[2023-10-17T14:59:15.983+0000][3489.103s][info ][safepoint     ] Leaving safepoint region
[2023-10-17T14:59:15.984+0000][3489.104s][info ][safepoint     ] Total time for which application threads were stopped: 0.0019596 seconds, Stopping threads took: 0.0009537 seconds
[2023-10-17T14:59:16.985+0000][3490.105s][debug][safepoint     ] Safepoint synchronization initiated. (182 threads)
[2023-10-17T14:59:16.986+0000][3490.105s][info ][safepoint     ] Application time: 1.0010897 seconds
[2023-10-17T14:59:16.987+0000][3490.106s][debug][safepoint     ] ... found polling page return exception at pc = 0x00007fc1a4a681f6, stub =0x00007fc19c840600
[2023-10-17T14:59:16.987+0000][3490.107s][debug][safepoint     ] Waiting for 1 thread(s) to block
[2023-10-17T14:59:16.988+0000][3490.108s][info ][safepoint     ] Entering safepoint region: Cleanup
[2023-10-17T14:59:16.989+0000][3490.109s][info ][safepoint     ] Leaving safepoint region
[2023-10-17T14:59:16.990+0000][3490.109s][info ][safepoint     ] Total time for which application threads were stopped: 0.0030614 seconds, Stopping threads took: 0.0022285 seconds
[2023-10-17T14:59:17.991+0000][3491.110s][debug][safepoint     ] Safepoint synchronization initiated. (182 threads)
[2023-10-17T14:59:17.992+0000][3491.111s][info ][safepoint     ] Application time: 1.0012970 seconds
[2023-10-17T14:59:17.993+0000][3491.112s][info ][safepoint     ] Entering safepoint region: Cleanup
[2023-10-17T14:59:17.994+0000][3491.114s][info ][safepoint     ] Leaving safepoint region
[2023-10-17T14:59:17.995+0000][3491.114s][info ][safepoint     ] Total time for which application threads were stopped: 0.0022730 seconds, Stopping threads took: 0.0010114 seconds
[2023-10-17T14:59:18.996+0000][3492.115s][debug][safepoint     ] Safepoint synchronization initiated. (182 threads)
[2023-10-17T14:59:18.997+0000][3492.117s][info ][safepoint     ] Application time: 1.0012678 seconds
[2023-10-17T14:59:18.998+0000][3492.117s][info ][safepoint     ] Entering safepoint region: Cleanup
[2023-10-17T14:59:18.999+0000][3492.119s][info ][safepoint     ] Leaving safepoint region
[2023-10-17T14:59:19.000+0000][3492.120s][info ][safepoint     ] Total time for which application threads were stopped: 0.0027860 seconds, Stopping threads took: 0.0010103 seconds
[2023-10-17T14:59:20.002+0000][3493.121s][debug][safepoint     ] Safepoint synchronization initiated. (182 threads)
[2023-10-17T14:59:20.002+0000][3493.122s][info ][safepoint     ] Application time: 1.0013310 seconds
[2023-10-17T14:59:20.003+0000][3493.123s][info ][safepoint     ] Entering safepoint region: Cleanup
[2023-10-17T14:59:20.004+0000][3493.124s][info ][safepoint     ] Leaving safepoint region
[2023-10-17T14:59:20.005+0000][3493.125s][info ][safepoint     ] Total time for which application threads were stopped: 0.0020424 seconds, Stopping threads took: 0.0007511 seconds
[2023-10-17T14:59:21.006+0000][3494.126s][debug][safepoint     ] Safepoint synchronization initiated. (182 threads)
[2023-10-17T14:59:21.008+0000][3494.127s][info ][safepoint     ] Application time: 1.0016415 seconds
[2023-10-17T14:59:21.009+0000][3494.128s][info ][safepoint     ] Entering safepoint region: Cleanup
[2023-10-17T14:59:21.010+0000][3494.130s][info ][safepoint     ] Leaving safepoint region
[2023-10-17T14:59:21.011+0000][3494.131s][info ][safepoint     ] Total time for which application threads were stopped: 0.0025264 seconds, Stopping threads took: 0.0010554 seconds
[2023-10-17T14:59:22.012+0000][3495.132s][debug][safepoint     ] Safepoint synchronization initiated. (182 threads)
[2023-10-17T14:59:22.013+0000][3495.133s][info ][safepoint     ] Application time: 1.0010984 seconds
[2023-10-17T14:59:22.014+0000][3495.134s][info ][safepoint     ] Entering safepoint region: Cleanup
[2023-10-17T14:59:22.015+0000][3495.135s][info ][safepoint     ] Leaving safepoint region
[2023-10-17T14:59:22.016+0000][3495.135s][info ][safepoint     ] Total time for which application threads were stopped: 0.0014585 seconds, Stopping threads took: 0.0006332 seconds
[2023-10-17T14:59:23.017+0000][3496.137s][debug][safepoint     ] Safepoint synchronization initiated. (182 threads)
[2023-10-17T14:59:23.018+0000][3496.138s][info ][safepoint     ] Application time: 1.0014456 seconds
[2023-10-17T14:59:23.019+0000][3496.138s][info ][safepoint     ] Entering safepoint region: Cleanup
[2023-10-17T14:59:23.020+0000][3496.140s][info ][safepoint     ] Leaving safepoint region
[2023-10-17T14:59:23.020+0000][3496.140s][info ][safepoint     ] Total time for which application threads were stopped: 0.0019514 seconds, Stopping threads took: 0.0008569 seconds
[2023-10-17T14:59:24.022+0000][3497.141s][debug][safepoint     ] Safepoint synchronization initiated. (182 threads)
[2023-10-17T14:59:24.022+0000][3497.142s][info ][safepoint     ] Application time: 1.0011273 seconds
[2023-10-17T14:59:24.023+0000][3497.143s][info ][safepoint     ] Entering safepoint region: Cleanup
[2023-10-17T14:59:24.024+0000][3497.144s][info ][safepoint     ] Leaving safepoint region
[2023-10-17T14:59:24.025+0000][3497.145s][info ][safepoint     ] Total time for which application threads were stopped: 0.0018378 seconds, Stopping threads took: 0.0008256 seconds
[2023-10-17T14:59:25.026+0000][3498.146s][debug][safepoint     ] Safepoint synchronization initiated. (182 threads)
[2023-10-17T14:59:25.027+0000][3498.147s][info ][safepoint     ] Application time: 1.0011920 seconds
[2023-10-17T14:59:25.028+0000][3498.148s][info ][safepoint     ] Entering safepoint region: Cleanup
[2023-10-17T14:59:25.029+0000][3498.149s][info ][safepoint     ] Leaving safepoint region
[2023-10-17T14:59:25.030+0000][3498.150s][info ][safepoint     ] Total time for which application threads were stopped: 0.0023058 seconds, Stopping threads took: 0.0009668 seconds
[2023-10-17T14:59:26.031+0000][3499.151s][debug][safepoint     ] Safepoint synchronization initiated. (182 threads)
[2023-10-17T14:59:26.032+0000][3499.152s][info ][safepoint     ] Application time: 1.0011461 seconds
[2023-10-17T14:59:26.033+0000][3499.153s][info ][safepoint     ] Entering safepoint region: Cleanup
[2023-10-17T14:59:26.034+0000][3499.154s][info ][safepoint     ] Leaving safepoint region
[2023-10-17T14:59:26.035+0000][3499.154s][info ][safepoint     ] Total time for which application threads were stopped: 0.0015596 seconds, Stopping threads took: 0.0007423 seconds
[2023-10-17T14:59:27.035+0000][3500.155s][debug][safepoint     ] Safepoint synchronization initiated. (182 threads)
[2023-10-17T14:59:27.036+0000][3500.156s][info ][safepoint     ] Application time: 1.0011952 seconds
[2023-10-17T14:59:27.037+0000][3500.157s][info ][safepoint     ] Entering safepoint region: Cleanup
[2023-10-17T14:59:27.039+0000][3500.159s][info ][safepoint     ] Leaving safepoint region
[2023-10-17T14:59:27.039+0000][3500.159s][info ][safepoint     ] Total time for which application threads were stopped: 0.0021105 seconds, Stopping threads took: 0.0011581 seconds
[2023-10-17T14:59:28.040+0000][3501.160s][debug][safepoint     ] Safepoint synchronization initiated. (182 threads)
[2023-10-17T14:59:28.041+0000][3501.161s][info ][safepoint     ] Application time: 1.0012914 seconds
[2023-10-17T14:59:28.042+0000][3501.162s][info ][safepoint     ] Entering safepoint region: Cleanup
[2023-10-17T14:59:28.043+0000][3501.163s][info ][safepoint     ] Leaving safepoint region
[2023-10-17T14:59:28.044+0000][3501.164s][info ][safepoint     ] Total time for which application threads were stopped: 0.0018558 seconds, Stopping threads took: 0.0007656 seconds
[2023-10-17T14:59:29.045+0000][3502.165s][debug][safepoint     ] Safepoint synchronization initiated. (182 threads)
[2023-10-17T14:59:29.046+0000][3502.166s][info ][safepoint     ] Application time: 1.0011777 seconds
[2023-10-17T14:59:29.047+0000][3502.167s][info ][safepoint     ] Entering safepoint region: Cleanup
[2023-10-17T14:59:29.048+0000][3502.168s][info ][safepoint     ] Leaving safepoint region
[2023-10-17T14:59:29.048+0000][3502.168s][info ][safepoint     ] Total time for which application threads were stopped: 0.0015029 seconds, Stopping threads took: 0.0006522 seconds
[2023-10-17T14:59:30.049+0000][3503.169s][debug][safepoint     ] Safepoint synchronization initiated. (182 threads)
[2023-10-17T14:59:30.050+0000][3503.170s][info ][safepoint     ] Application time: 1.0011192 seconds
[2023-10-17T14:59:30.051+0000][3503.171s][info ][safepoint     ] Entering safepoint region: Cleanup
[2023-10-17T14:59:30.052+0000][3503.172s][info ][safepoint     ] Leaving safepoint region
[2023-10-17T14:59:30.053+0000][3503.173s][info ][safepoint     ] Total time for which application threads were stopped: 0.0021797 seconds, Stopping threads took: 0.0010639 seconds
[2023-10-17T14:59:31.054+0000][3504.174s][debug][safepoint     ] Safepoint synchronization initiated. (182 threads)
[2023-10-17T14:59:31.056+0000][3504.176s][info ][safepoint     ] Application time: 1.0019990 seconds
[2023-10-17T14:59:31.057+0000][3504.177s][info ][safepoint     ] Entering safepoint region: Cleanup
[2023-10-17T14:59:31.058+0000][3504.178s][info ][safepoint     ] Leaving safepoint region
[2023-10-17T14:59:31.059+0000][3504.179s][info ][safepoint     ] Total time for which application threads were stopped: 0.0018786 seconds, Stopping threads took: 0.0009276 seconds
[2023-10-17T14:59:32.060+0000][3505.180s][debug][safepoint     ] Safepoint synchronization initiated. (182 threads)
[2023-10-17T14:59:32.061+0000][3505.181s][info ][safepoint     ] Application time: 1.0012500 seconds
[2023-10-17T14:59:32.062+0000][3505.182s][info ][safepoint     ] Entering safepoint region: Cleanup
[2023-10-17T14:59:32.063+0000][3505.183s][info ][safepoint     ] Leaving safepoint region
[2023-10-17T14:59:32.063+0000][3505.183s][info ][safepoint     ] Total time for which application threads were stopped: 0.0016244 seconds, Stopping threads took: 0.0007426 seconds
[2023-10-17T14:59:33.064+0000][3506.184s][debug][safepoint     ] Safepoint synchronization initiated. (182 threads)
[2023-10-17T14:59:33.065+0000][3506.185s][info ][safepoint     ] Application time: 1.0010627 seconds
[2023-10-17T14:59:33.066+0000][3506.186s][info ][safepoint     ] Entering safepoint region: Cleanup
[2023-10-17T14:59:33.067+0000][3506.187s][info ][safepoint     ] Leaving safepoint region
[2023-10-17T14:59:33.068+0000][3506.187s][info ][safepoint     ] Total time for which application threads were stopped: 0.0017284 seconds, Stopping threads took: 0.0007754 seconds
[2023-10-17T14:59:34.069+0000][3507.188s][debug][safepoint     ] Safepoint synchronization initiated. (182 threads)
[2023-10-17T14:59:34.069+0000][3507.189s][info ][safepoint     ] Application time: 1.0011880 seconds
[2023-10-17T14:59:34.070+0000][3507.190s][info ][safepoint     ] Entering safepoint region: Cleanup
[2023-10-17T14:59:34.071+0000][3507.191s][info ][safepoint     ] Leaving safepoint region
[2023-10-17T14:59:34.072+0000][3507.192s][info ][safepoint     ] Total time for which application threads were stopped: 0.0016003 seconds, Stopping threads took: 0.0006512 seconds
[2023-10-17T14:59:35.073+0000][3508.193s][debug][safepoint     ] Safepoint synchronization initiated. (182 threads)
[2023-10-17T14:59:35.074+0000][3508.194s][info ][safepoint     ] Application time: 1.0015082 seconds
[2023-10-17T14:59:35.075+0000][3508.195s][info ][safepoint     ] Entering safepoint region: Cleanup
[2023-10-17T14:59:35.076+0000][3508.196s][info ][safepoint     ] Leaving safepoint region
[2023-10-17T14:59:35.077+0000][3508.197s][info ][safepoint     ] Total time for which application threads were stopped: 0.0022715 seconds, Stopping threads took: 0.0010621 seconds
[2023-10-17T14:59:36.079+0000][3509.198s][debug][safepoint     ] Safepoint synchronization initiated. (182 threads)
[2023-10-17T14:59:36.080+0000][3509.200s][info ][safepoint     ] Application time: 1.0017877 seconds
[2023-10-17T14:59:36.081+0000][3509.201s][info ][safepoint     ] Entering safepoint region: Cleanup
[2023-10-17T14:59:36.082+0000][3509.202s][info ][safepoint     ] Leaving safepoint region
[2023-10-17T14:59:36.083+0000][3509.203s][info ][safepoint     ] Total time for which application threads were stopped: 0.0023310 seconds, Stopping threads took: 0.0008669 seconds
[2023-10-17T14:59:37.084+0000][3510.204s][debug][safepoint     ] Safepoint synchronization initiated. (182 threads)
[2023-10-17T14:59:37.086+0000][3510.205s][info ][safepoint     ] Application time: 1.0013815 seconds
[2023-10-17T14:59:37.086+0000][3510.206s][info ][safepoint     ] Entering safepoint region: Cleanup
[2023-10-17T14:59:37.088+0000][3510.207s][info ][safepoint     ] Leaving safepoint region
[2023-10-17T14:59:37.088+0000][3510.208s][info ][safepoint     ] Total time for which application threads were stopped: 0.0017986 seconds, Stopping threads took: 0.0008174 seconds
[2023-10-17T14:59:38.090+0000][3511.209s][debug][safepoint     ] Safepoint synchronization initiated. (182 threads)
[2023-10-17T14:59:38.091+0000][3511.210s][info ][safepoint     ] Application time: 1.0015658 seconds
[2023-10-17T14:59:38.092+0000][3511.211s][info ][safepoint     ] Entering safepoint region: Cleanup
[2023-10-17T14:59:38.093+0000][3511.212s][info ][safepoint     ] Leaving safepoint region
[2023-10-17T14:59:38.093+0000][3511.213s][info ][safepoint     ] Total time for which application threads were stopped: 0.0017090 seconds, Stopping threads took: 0.0007604 seconds
[2023-10-17T14:59:39.094+0000][3512.214s][debug][safepoint     ] Safepoint synchronization initiated. (182 threads)
[2023-10-17T14:59:39.095+0000][3512.215s][info ][safepoint     ] Application time: 1.0013699 seconds
[2023-10-17T14:59:39.096+0000][3512.216s][info ][safepoint     ] Entering safepoint region: Cleanup
[2023-10-17T14:59:39.097+0000][3512.217s][info ][safepoint     ] Leaving safepoint region
[2023-10-17T14:59:39.098+0000][3512.218s][info ][safepoint     ] Total time for which application threads were stopped: 0.0020901 seconds, Stopping threads took: 0.0008945 seconds
[2023-10-17T14:59:40.100+0000][3513.219s][debug][safepoint     ] Safepoint synchronization initiated. (182 threads)
[2023-10-17T14:59:40.101+0000][3513.220s][info ][safepoint     ] Application time: 1.0012418 seconds
[2023-10-17T14:59:40.102+0000][3513.222s][info ][safepoint     ] Entering safepoint region: Cleanup
[2023-10-17T14:59:40.104+0000][3513.224s][info ][safepoint     ] Leaving safepoint region
[2023-10-17T14:59:40.105+0000][3513.225s][info ][safepoint     ] Total time for which application threads were stopped: 0.0030610 seconds, Stopping threads took: 0.0016280 seconds
[2023-10-17T14:59:41.106+0000][3514.226s][debug][safepoint     ] Safepoint synchronization initiated. (182 threads)
[2023-10-17T14:59:41.108+0000][3514.228s][info ][safepoint     ] Application time: 1.0022669 seconds
[2023-10-17T14:59:41.110+0000][3514.230s][info ][safepoint     ] Entering safepoint region: Cleanup
[2023-10-17T14:59:41.111+0000][3514.231s][info ][safepoint     ] Leaving safepoint region
[2023-10-17T14:59:41.112+0000][3514.232s][info ][safepoint     ] Total time for which application threads were stopped: 0.0023177 seconds, Stopping threads took: 0.0011897 seconds
[2023-10-17T14:59:42.114+0000][3515.233s][debug][safepoint     ] Safepoint synchronization initiated. (182 threads)
[2023-10-17T14:59:42.115+0000][3515.235s][info ][safepoint     ] Application time: 1.0018422 seconds
[2023-10-17T14:59:42.116+0000][3515.236s][info ][safepoint     ] Entering safepoint region: Cleanup
[2023-10-17T14:59:42.118+0000][3515.237s][info ][safepoint     ] Leaving safepoint region
[2023-10-17T14:59:42.119+0000][3515.238s][info ][safepoint     ] Total time for which application threads were stopped: 0.0025952 seconds, Stopping threads took: 0.0010533 seconds
[2023-10-17T14:59:43.120+0000][3516.240s][debug][safepoint     ] Safepoint synchronization initiated. (182 threads)
[2023-10-17T14:59:43.121+0000][3516.241s][info ][safepoint     ] Application time: 1.0014831 seconds
[2023-10-17T14:59:43.123+0000][3516.242s][debug][safepoint     ] ... found polling page return exception at pc = 0x00007fc1a56bbc73, stub =0x00007fc19c840600
[2023-10-17T14:59:43.124+0000][3516.243s][debug][safepoint     ] Waiting for 1 thread(s) to block
[2023-10-17T14:59:43.125+0000][3516.245s][info ][safepoint     ] Entering safepoint region: Cleanup
[2023-10-17T14:59:43.127+0000][3516.246s][info ][safepoint     ] Leaving safepoint region
[2023-10-17T14:59:43.127+0000][3516.247s][info ][safepoint     ] Total time for which application threads were stopped: 0.0051330 seconds, Stopping threads took: 0.0037798 seconds
[2023-10-17T14:59:44.129+0000][3517.249s][debug][safepoint     ] Safepoint synchronization initiated. (182 threads)
[2023-10-17T14:59:44.130+0000][3517.250s][info ][safepoint     ] Application time: 1.0011603 seconds
[2023-10-17T14:59:44.130+0000][3517.250s][info ][safepoint     ] Entering safepoint region: Cleanup
[2023-10-17T14:59:44.131+0000][3517.251s][info ][safepoint     ] Leaving safepoint region
[2023-10-17T14:59:44.132+0000][3517.252s][info ][safepoint     ] Total time for which application threads were stopped: 0.0016271 seconds, Stopping threads took: 0.0006867 seconds
[2023-10-17T14:59:45.133+0000][3518.253s][debug][safepoint     ] Safepoint synchronization initiated. (182 threads)
[2023-10-17T14:59:45.134+0000][3518.254s][info ][safepoint     ] Application time: 1.0015770 seconds
[2023-10-17T14:59:45.135+0000][3518.255s][info ][safepoint     ] Entering safepoint region: Cleanup
[2023-10-17T14:59:45.136+0000][3518.256s][info ][safepoint     ] Leaving safepoint region
[2023-10-17T14:59:45.137+0000][3518.257s][info ][safepoint     ] Total time for which application threads were stopped: 0.0016645 seconds, Stopping threads took: 0.0005538 seconds
[2023-10-17T14:59:46.138+0000][3519.258s][debug][safepoint     ] Safepoint synchronization initiated. (182 threads)
[2023-10-17T14:59:46.139+0000][3519.259s][info ][safepoint     ] Application time: 1.0014373 seconds
[2023-10-17T14:59:46.140+0000][3519.260s][info ][safepoint     ] Entering safepoint region: Cleanup
[2023-10-17T14:59:46.141+0000][3519.261s][info ][safepoint     ] Leaving safepoint region
[2023-10-17T14:59:46.142+0000][3519.262s][info ][safepoint     ] Total time for which application threads were stopped: 0.0018834 seconds, Stopping threads took: 0.0007416 seconds
[2023-10-17T14:59:47.143+0000][3520.263s][debug][safepoint     ] Safepoint synchronization initiated. (182 threads)
[2023-10-17T14:59:47.143+0000][3520.263s][info ][safepoint     ] Application time: 1.0010672 seconds
[2023-10-17T14:59:47.144+0000][3520.264s][info ][safepoint     ] Entering safepoint region: Cleanup
[2023-10-17T14:59:47.145+0000][3520.265s][info ][safepoint     ] Leaving safepoint region
[2023-10-17T14:59:47.146+0000][3520.266s][info ][safepoint     ] Total time for which application threads were stopped: 0.0016556 seconds, Stopping threads took: 0.0006892 seconds
[2023-10-17T14:59:48.147+0000][3521.267s][debug][safepoint     ] Safepoint synchronization initiated. (182 threads)
[2023-10-17T14:59:48.147+0000][3521.267s][info ][safepoint     ] Application time: 1.0010243 seconds
[2023-10-17T14:59:48.149+0000][3521.268s][info ][safepoint     ] Entering safepoint region: Cleanup
[2023-10-17T14:59:48.150+0000][3521.269s][info ][safepoint     ] Leaving safepoint region
[2023-10-17T14:59:48.150+0000][3521.270s][info ][safepoint     ] Total time for which application threads were stopped: 0.0019114 seconds, Stopping threads took: 0.0008588 seconds
[2023-10-17T14:59:49.151+0000][3522.271s][debug][safepoint     ] Safepoint synchronization initiated. (182 threads)
[2023-10-17T14:59:49.152+0000][3522.272s][info ][safepoint     ] Application time: 1.0010829 seconds
[2023-10-17T14:59:49.153+0000][3522.273s][info ][safepoint     ] Entering safepoint region: Cleanup
[2023-10-17T14:59:49.154+0000][3522.274s][info ][safepoint     ] Leaving safepoint region
[2023-10-17T14:59:49.155+0000][3522.274s][info ][safepoint     ] Total time for which application threads were stopped: 0.0017784 seconds, Stopping threads took: 0.0006670 seconds
[2023-10-17T14:59:50.155+0000][3523.275s][debug][safepoint     ] Safepoint synchronization initiated. (182 threads)
[2023-10-17T14:59:50.156+0000][3523.276s][info ][safepoint     ] Application time: 1.0008701 seconds
[2023-10-17T14:59:50.157+0000][3523.277s][info ][safepoint     ] Entering safepoint region: Cleanup
[2023-10-17T14:59:50.158+0000][3523.278s][info ][safepoint     ] Leaving safepoint region
[2023-10-17T14:59:50.159+0000][3523.279s][info ][safepoint     ] Total time for which application threads were stopped: 0.0024004 seconds, Stopping threads took: 0.0010476 seconds
[2023-10-17T14:59:51.160+0000][3524.280s][debug][safepoint     ] Safepoint synchronization initiated. (182 threads)
[2023-10-17T14:59:51.161+0000][3524.281s][info ][safepoint     ] Application time: 1.0011654 seconds
[2023-10-17T14:59:51.162+0000][3524.282s][info ][safepoint     ] Entering safepoint region: Cleanup
[2023-10-17T14:59:51.163+0000][3524.283s][info ][safepoint     ] Leaving safepoint region
[2023-10-17T14:59:51.164+0000][3524.284s][info ][safepoint     ] Total time for which application threads were stopped: 0.0018241 seconds, Stopping threads took: 0.0008182 seconds
[2023-10-17T14:59:52.165+0000][3525.285s][debug][safepoint     ] Safepoint synchronization initiated. (182 threads)
[2023-10-17T14:59:52.166+0000][3525.286s][info ][safepoint     ] Application time: 1.0012205 seconds
[2023-10-17T14:59:52.167+0000][3525.287s][info ][safepoint     ] Entering safepoint region: Cleanup
[2023-10-17T14:59:52.168+0000][3525.288s][info ][safepoint     ] Leaving safepoint region
[2023-10-17T14:59:52.169+0000][3525.289s][info ][safepoint     ] Total time for which application threads were stopped: 0.0019729 seconds, Stopping threads took: 0.0008471 seconds
[2023-10-17T14:59:53.170+0000][3526.290s][debug][safepoint     ] Safepoint synchronization initiated. (182 threads)
[2023-10-17T14:59:53.171+0000][3526.291s][info ][safepoint     ] Application time: 1.0011878 seconds
[2023-10-17T14:59:53.172+0000][3526.292s][info ][safepoint     ] Entering safepoint region: Cleanup
[2023-10-17T14:59:53.173+0000][3526.293s][info ][safepoint     ] Leaving safepoint region
[2023-10-17T14:59:53.174+0000][3526.293s][info ][safepoint     ] Total time for which application threads were stopped: 0.0018787 seconds, Stopping threads took: 0.0007639 seconds
[2023-10-17T14:59:54.175+0000][3527.295s][debug][safepoint     ] Safepoint synchronization initiated. (182 threads)
[2023-10-17T14:59:54.176+0000][3527.296s][info ][safepoint     ] Application time: 1.0015694 seconds
[2023-10-17T14:59:54.177+0000][3527.297s][info ][safepoint     ] Entering safepoint region: Cleanup
[2023-10-17T14:59:54.178+0000][3527.298s][info ][safepoint     ] Leaving safepoint region
[2023-10-17T14:59:54.179+0000][3527.299s][info ][safepoint     ] Total time for which application threads were stopped: 0.0021548 seconds, Stopping threads took: 0.0005567 seconds
[2023-10-17T14:59:55.180+0000][3528.300s][debug][safepoint     ] Safepoint synchronization initiated. (182 threads)
[2023-10-17T14:59:55.181+0000][3528.301s][info ][safepoint     ] Application time: 1.0010922 seconds
[2023-10-17T14:59:55.182+0000][3528.302s][info ][safepoint     ] Entering safepoint region: Cleanup
[2023-10-17T14:59:55.183+0000][3528.302s][info ][safepoint     ] Leaving safepoint region
[2023-10-17T14:59:55.183+0000][3528.303s][info ][safepoint     ] Total time for which application threads were stopped: 0.0014827 seconds, Stopping threads took: 0.0005166 seconds
[2023-10-17T14:59:56.184+0000][3529.304s][debug][safepoint     ] Safepoint synchronization initiated. (182 threads)
[2023-10-17T14:59:56.185+0000][3529.305s][info ][safepoint     ] Application time: 1.0011775 seconds
[2023-10-17T14:59:56.186+0000][3529.306s][info ][safepoint     ] Entering safepoint region: Cleanup
[2023-10-17T14:59:56.187+0000][3529.307s][info ][safepoint     ] Leaving safepoint region
[2023-10-17T14:59:56.187+0000][3529.307s][info ][safepoint     ] Total time for which application threads were stopped: 0.0017563 seconds, Stopping threads took: 0.0008203 seconds
[2023-10-17T14:59:57.189+0000][3530.309s][debug][safepoint     ] Safepoint synchronization initiated. (182 threads)
[2023-10-17T14:59:57.189+0000][3530.309s][info ][safepoint     ] Application time: 1.0011993 seconds
[2023-10-17T14:59:57.190+0000][3530.310s][info ][safepoint     ] Entering safepoint region: Cleanup
[2023-10-17T14:59:57.191+0000][3530.311s][info ][safepoint     ] Leaving safepoint region
[2023-10-17T14:59:57.192+0000][3530.312s][info ][safepoint     ] Total time for which application threads were stopped: 0.0017744 seconds, Stopping threads took: 0.0006745 seconds
[2023-10-17T14:59:58.193+0000][3531.313s][debug][safepoint     ] Safepoint synchronization initiated. (184 threads)
[2023-10-17T14:59:58.194+0000][3531.314s][info ][safepoint     ] Application time: 1.0012367 seconds
[2023-10-17T14:59:58.195+0000][3531.315s][info ][safepoint     ] Entering safepoint region: Cleanup
[2023-10-17T14:59:58.196+0000][3531.316s][info ][safepoint     ] Leaving safepoint region
[2023-10-17T14:59:58.196+0000][3531.316s][info ][safepoint     ] Total time for which application threads were stopped: 0.0017263 seconds, Stopping threads took: 0.0007238 seconds
[2023-10-17T14:59:59.197+0000][3532.317s][debug][safepoint     ] Safepoint synchronization initiated. (184 threads)
[2023-10-17T14:59:59.198+0000][3532.318s][info ][safepoint     ] Application time: 1.0007728 seconds
[2023-10-17T14:59:59.198+0000][3532.318s][info ][safepoint     ] Entering safepoint region: Cleanup
[2023-10-17T14:59:59.199+0000][3532.319s][info ][safepoint     ] Leaving safepoint region
[2023-10-17T14:59:59.200+0000][3532.319s][info ][safepoint     ] Total time for which application threads were stopped: 0.0012086 seconds, Stopping threads took: 0.0005274 seconds
[2023-10-17T15:00:00.200+0000][3533.320s][debug][safepoint     ] Safepoint synchronization initiated. (184 threads)
[2023-10-17T15:00:00.202+0000][3533.322s][info ][safepoint     ] Application time: 1.0021286 seconds
[2023-10-17T15:00:00.203+0000][3533.323s][info ][safepoint     ] Entering safepoint region: Cleanup
[2023-10-17T15:00:00.204+0000][3533.324s][info ][safepoint     ] Leaving safepoint region
[2023-10-17T15:00:00.204+0000][3533.324s][info ][safepoint     ] Total time for which application threads were stopped: 0.0016712 seconds, Stopping threads took: 0.0007496 seconds
[2023-10-17T15:00:01.205+0000][3534.325s][debug][safepoint     ] Safepoint synchronization initiated. (184 threads)
[2023-10-17T15:00:01.206+0000][3534.326s][info ][safepoint     ] Application time: 1.0012023 seconds
[2023-10-17T15:00:01.207+0000][3534.327s][info ][safepoint     ] Entering safepoint region: Cleanup
[2023-10-17T15:00:01.208+0000][3534.328s][info ][safepoint     ] Leaving safepoint region
[2023-10-17T15:00:01.209+0000][3534.329s][info ][safepoint     ] Total time for which application threads were stopped: 0.0017679 seconds, Stopping threads took: 0.0007598 seconds
[2023-10-17T15:00:02.210+0000][3535.330s][debug][safepoint     ] Safepoint synchronization initiated. (184 threads)
[2023-10-17T15:00:02.211+0000][3535.331s][info ][safepoint     ] Application time: 1.0011357 seconds
[2023-10-17T15:00:02.212+0000][3535.332s][info ][safepoint     ] Entering safepoint region: Cleanup
[2023-10-17T15:00:02.214+0000][3535.334s][info ][safepoint     ] Leaving safepoint region
[2023-10-17T15:00:02.214+0000][3535.334s][info ][safepoint     ] Total time for which application threads were stopped: 0.0021393 seconds, Stopping threads took: 0.0010822 seconds
[2023-10-17T15:00:03.215+0000][3536.335s][debug][safepoint     ] Safepoint synchronization initiated. (184 threads)
[2023-10-17T15:00:03.217+0000][3536.337s][info ][safepoint     ] Application time: 1.0016171 seconds
[2023-10-17T15:00:03.217+0000][3536.337s][info ][safepoint     ] Entering safepoint region: Cleanup
[2023-10-17T15:00:03.219+0000][3536.339s][info ][safepoint     ] Leaving safepoint region
[2023-10-17T15:00:03.219+0000][3536.339s][info ][safepoint     ] Total time for which application threads were stopped: 0.0019994 seconds, Stopping threads took: 0.0008308 seconds
[2023-10-17T15:00:04.220+0000][3537.340s][debug][safepoint     ] Safepoint synchronization initiated. (184 threads)
[2023-10-17T15:00:04.221+0000][3537.341s][info ][safepoint     ] Application time: 1.0010099 seconds
[2023-10-17T15:00:04.222+0000][3537.342s][info ][safepoint     ] Entering safepoint region: Cleanup
[2023-10-17T15:00:04.223+0000][3537.343s][info ][safepoint     ] Leaving safepoint region
[2023-10-17T15:00:04.224+0000][3537.344s][info ][safepoint     ] Total time for which application threads were stopped: 0.0016531 seconds, Stopping threads took: 0.0008266 seconds
[2023-10-17T15:00:05.225+0000][3538.345s][debug][safepoint     ] Safepoint synchronization initiated. (184 threads)
[2023-10-17T15:00:05.227+0000][3538.347s][info ][safepoint     ] Application time: 1.0025268 seconds
[2023-10-17T15:00:05.228+0000][3538.348s][info ][safepoint     ] Entering safepoint region: Cleanup
[2023-10-17T15:00:05.229+0000][3538.349s][info ][safepoint     ] Leaving safepoint region
[2023-10-17T15:00:05.230+0000][3538.350s][info ][safepoint     ] Total time for which application threads were stopped: 0.0014484 seconds, Stopping threads took: 0.0006828 seconds
[2023-10-17T15:00:06.231+0000][3539.351s][debug][safepoint     ] Safepoint synchronization initiated. (184 threads)
[2023-10-17T15:00:06.232+0000][3539.352s][info ][safepoint     ] Application time: 1.0011886 seconds
[2023-10-17T15:00:06.233+0000][3539.353s][info ][safepoint     ] Entering safepoint region: Cleanup
[2023-10-17T15:00:06.234+0000][3539.354s][info ][safepoint     ] Leaving safepoint region
[2023-10-17T15:00:06.234+0000][3539.354s][info ][safepoint     ] Total time for which application threads were stopped: 0.0017250 seconds, Stopping threads took: 0.0007321 seconds
[2023-10-17T15:00:07.235+0000][3540.355s][debug][safepoint     ] Safepoint synchronization initiated. (184 threads)
[2023-10-17T15:00:07.236+0000][3540.356s][info ][safepoint     ] Application time: 1.0009269 seconds
[2023-10-17T15:00:07.237+0000][3540.357s][info ][safepoint     ] Entering safepoint region: Cleanup
[2023-10-17T15:00:07.238+0000][3540.358s][info ][safepoint     ] Leaving safepoint region
[2023-10-17T15:00:07.238+0000][3540.358s][info ][safepoint     ] Total time for which application threads were stopped: 0.0017551 seconds, Stopping threads took: 0.0008049 seconds
[2023-10-17T15:00:08.240+0000][3541.360s][debug][safepoint     ] Safepoint synchronization initiated. (182 threads)
[2023-10-17T15:00:08.241+0000][3541.360s][info ][safepoint     ] Application time: 1.0010219 seconds
[2023-10-17T15:00:08.241+0000][3541.361s][info ][safepoint     ] Entering safepoint region: Cleanup
[2023-10-17T15:00:08.242+0000][3541.362s][info ][safepoint     ] Leaving safepoint region
[2023-10-17T15:00:08.243+0000][3541.363s][info ][safepoint     ] Total time for which application threads were stopped: 0.0015396 seconds, Stopping threads took: 0.0006181 seconds
[2023-10-17T15:00:09.244+0000][3542.364s][debug][safepoint     ] Safepoint synchronization initiated. (182 threads)
[2023-10-17T15:00:09.244+0000][3542.364s][info ][safepoint     ] Application time: 1.0009074 seconds
[2023-10-17T15:00:09.245+0000][3542.365s][info ][safepoint     ] Entering safepoint region: Cleanup
[2023-10-17T15:00:09.246+0000][3542.366s][info ][safepoint     ] Leaving safepoint region
[2023-10-17T15:00:09.247+0000][3542.367s][info ][safepoint     ] Total time for which application threads were stopped: 0.0016591 seconds, Stopping threads took: 0.0006501 seconds
[2023-10-17T15:00:10.247+0000][3543.367s][debug][safepoint     ] Safepoint synchronization initiated. (182 threads)
[2023-10-17T15:00:10.248+0000][3543.368s][info ][safepoint     ] Application time: 1.0010750 seconds
[2023-10-17T15:00:10.249+0000][3543.369s][info ][safepoint     ] Entering safepoint region: Cleanup
[2023-10-17T15:00:10.250+0000][3543.370s][info ][safepoint     ] Leaving safepoint region
[2023-10-17T15:00:10.250+0000][3543.370s][info ][safepoint     ] Total time for which application threads were stopped: 0.0014457 seconds, Stopping threads took: 0.0006506 seconds
[2023-10-17T15:00:11.251+0000][3544.371s][debug][safepoint     ] Safepoint synchronization initiated. (182 threads)
[2023-10-17T15:00:11.252+0000][3544.372s][info ][safepoint     ] Application time: 1.0010398 seconds
[2023-10-17T15:00:11.253+0000][3544.373s][info ][safepoint     ] Entering safepoint region: Cleanup
[2023-10-17T15:00:11.254+0000][3544.374s][info ][safepoint     ] Leaving safepoint region
[2023-10-17T15:00:11.254+0000][3544.374s][info ][safepoint     ] Total time for which application threads were stopped: 0.0017074 seconds, Stopping threads took: 0.0006483 seconds
[2023-10-17T15:00:12.255+0000][3545.375s][debug][safepoint     ] Safepoint synchronization initiated. (182 threads)
[2023-10-17T15:00:12.256+0000][3545.376s][info ][safepoint     ] Application time: 1.0011042 seconds
[2023-10-17T15:00:12.257+0000][3545.377s][info ][safepoint     ] Entering safepoint region: Cleanup
[2023-10-17T15:00:12.258+0000][3545.378s][info ][safepoint     ] Leaving safepoint region
[2023-10-17T15:00:12.259+0000][3545.379s][info ][safepoint     ] Total time for which application threads were stopped: 0.0027103 seconds, Stopping threads took: 0.0013247 seconds
[2023-10-17T15:00:13.261+0000][3546.381s][debug][safepoint     ] Safepoint synchronization initiated. (184 threads)
[2023-10-17T15:00:13.262+0000][3546.382s][info ][safepoint     ] Application time: 1.0010324 seconds
[2023-10-17T15:00:13.263+0000][3546.382s][info ][safepoint     ] Entering safepoint region: Cleanup
[2023-10-17T15:00:13.264+0000][3546.384s][info ][safepoint     ] Leaving safepoint region
[2023-10-17T15:00:13.265+0000][3546.384s][info ][safepoint     ] Total time for which application threads were stopped: 0.0020516 seconds, Stopping threads took: 0.0006383 seconds
[2023-10-17T15:00:14.266+0000][3547.386s][debug][safepoint     ] Safepoint synchronization initiated. (184 threads)
[2023-10-17T15:00:14.267+0000][3547.387s][info ][safepoint     ] Application time: 1.0009785 seconds
[2023-10-17T15:00:14.267+0000][3547.387s][info ][safepoint     ] Entering safepoint region: Cleanup
[2023-10-17T15:00:14.268+0000][3547.388s][info ][safepoint     ] Leaving safepoint region
[2023-10-17T15:00:14.269+0000][3547.389s][info ][safepoint     ] Total time for which application threads were stopped: 0.0016976 seconds, Stopping threads took: 0.0006942 seconds
[2023-10-17T15:00:15.270+0000][3548.390s][debug][safepoint     ] Safepoint synchronization initiated. (184 threads)
[2023-10-17T15:00:15.271+0000][3548.391s][info ][safepoint     ] Application time: 1.0010446 seconds
[2023-10-17T15:00:15.272+0000][3548.392s][info ][safepoint     ] Entering safepoint region: Cleanup
[2023-10-17T15:00:15.273+0000][3548.393s][info ][safepoint     ] Leaving safepoint region
[2023-10-17T15:00:15.273+0000][3548.393s][info ][safepoint     ] Total time for which application threads were stopped: 0.0019206 seconds, Stopping threads took: 0.0007767 seconds
[2023-10-17T15:00:16.274+0000][3549.394s][debug][safepoint     ] Safepoint synchronization initiated. (184 threads)
[2023-10-17T15:00:16.275+0000][3549.395s][info ][safepoint     ] Application time: 1.0012286 seconds
[2023-10-17T15:00:16.276+0000][3549.396s][info ][safepoint     ] Entering safepoint region: Cleanup
[2023-10-17T15:00:16.277+0000][3549.397s][info ][safepoint     ] Leaving safepoint region
[2023-10-17T15:00:16.278+0000][3549.398s][info ][safepoint     ] Total time for which application threads were stopped: 0.0017674 seconds, Stopping threads took: 0.0008037 seconds
[2023-10-17T15:00:17.279+0000][3550.399s][debug][safepoint     ] Safepoint synchronization initiated. (184 threads)
[2023-10-17T15:00:17.280+0000][3550.400s][info ][safepoint     ] Application time: 1.0013356 seconds
[2023-10-17T15:00:17.281+0000][3550.401s][info ][safepoint     ] Entering safepoint region: Cleanup
[2023-10-17T15:00:17.282+0000][3550.402s][info ][safepoint     ] Leaving safepoint region
[2023-10-17T15:00:17.283+0000][3550.403s][info ][safepoint     ] Total time for which application threads were stopped: 0.0020200 seconds, Stopping threads took: 0.0010645 seconds
[2023-10-17T15:00:18.284+0000][3551.404s][debug][safepoint     ] Safepoint synchronization initiated. (184 threads)
[2023-10-17T15:00:18.285+0000][3551.405s][info ][safepoint     ] Application time: 1.0012977 seconds
[2023-10-17T15:00:18.286+0000][3551.406s][info ][safepoint     ] Entering safepoint region: Cleanup
[2023-10-17T15:00:18.287+0000][3551.407s][info ][safepoint     ] Leaving safepoint region
[2023-10-17T15:00:18.288+0000][3551.407s][info ][safepoint     ] Total time for which application threads were stopped: 0.0017602 seconds, Stopping threads took: 0.0008212 seconds
[2023-10-17T15:00:19.289+0000][3552.408s][debug][safepoint     ] Safepoint synchronization initiated. (184 threads)
[2023-10-17T15:00:19.289+0000][3552.409s][info ][safepoint     ] Application time: 1.0010120 seconds
[2023-10-17T15:00:19.290+0000][3552.410s][info ][safepoint     ] Entering safepoint region: Cleanup
[2023-10-17T15:00:19.291+0000][3552.411s][info ][safepoint     ] Leaving safepoint region
[2023-10-17T15:00:19.292+0000][3552.411s][info ][safepoint     ] Total time for which application threads were stopped: 0.0016666 seconds, Stopping threads took: 0.0006356 seconds
[2023-10-17T15:00:20.292+0000][3553.412s][debug][safepoint     ] Safepoint synchronization initiated. (183 threads)
[2023-10-17T15:00:20.293+0000][3553.413s][info ][safepoint     ] Application time: 1.0009581 seconds
[2023-10-17T15:00:20.294+0000][3553.414s][info ][safepoint     ] Entering safepoint region: Cleanup
[2023-10-17T15:00:20.295+0000][3553.415s][info ][safepoint     ] Leaving safepoint region
[2023-10-17T15:00:20.296+0000][3553.416s][info ][safepoint     ] Total time for which application threads were stopped: 0.0020743 seconds, Stopping threads took: 0.0009343 seconds
[2023-10-17T15:00:21.298+0000][3554.418s][debug][safepoint     ] Safepoint synchronization initiated. (183 threads)
[2023-10-17T15:00:21.299+0000][3554.418s][info ][safepoint     ] Application time: 1.0011627 seconds
[2023-10-17T15:00:21.299+0000][3554.419s][info ][safepoint     ] Entering safepoint region: Cleanup
[2023-10-17T15:00:21.300+0000][3554.420s][info ][safepoint     ] Leaving safepoint region
[2023-10-17T15:00:21.301+0000][3554.421s][info ][safepoint     ] Total time for which application threads were stopped: 0.0018538 seconds, Stopping threads took: 0.0007223 seconds
[2023-10-17T15:00:22.303+0000][3555.423s][debug][safepoint     ] Safepoint synchronization initiated. (183 threads)
[2023-10-17T15:00:22.304+0000][3555.424s][info ][safepoint     ] Application time: 1.0014370 seconds
[2023-10-17T15:00:22.305+0000][3555.425s][info ][safepoint     ] Entering safepoint region: Cleanup
[2023-10-17T15:00:22.306+0000][3555.426s][info ][safepoint     ] Leaving safepoint region
[2023-10-17T15:00:22.307+0000][3555.427s][info ][safepoint     ] Total time for which application threads were stopped: 0.0021513 seconds, Stopping threads took: 0.0010413 seconds
[2023-10-17T15:00:23.308+0000][3556.428s][debug][safepoint     ] Safepoint synchronization initiated. (183 threads)
[2023-10-17T15:00:23.309+0000][3556.429s][info ][safepoint     ] Application time: 1.0009908 seconds
[2023-10-17T15:00:23.310+0000][3556.429s][info ][safepoint     ] Entering safepoint region: Cleanup
[2023-10-17T15:00:23.311+0000][3556.430s][info ][safepoint     ] Leaving safepoint region
[2023-10-17T15:00:23.311+0000][3556.431s][info ][safepoint     ] Total time for which application threads were stopped: 0.0017435 seconds, Stopping threads took: 0.0006356 seconds
[2023-10-17T15:00:24.313+0000][3557.433s][debug][safepoint     ] Safepoint synchronization initiated. (183 threads)
[2023-10-17T15:00:24.314+0000][3557.434s][info ][safepoint     ] Application time: 1.0015656 seconds
[2023-10-17T15:00:24.315+0000][3557.434s][info ][safepoint     ] Entering safepoint region: Cleanup
[2023-10-17T15:00:24.316+0000][3557.436s][info ][safepoint     ] Leaving safepoint region
[2023-10-17T15:00:24.317+0000][3557.436s][info ][safepoint     ] Total time for which application threads were stopped: 0.0020286 seconds, Stopping threads took: 0.0009468 seconds
[2023-10-17T15:00:25.318+0000][3558.438s][debug][safepoint     ] Safepoint synchronization initiated. (183 threads)
[2023-10-17T15:00:25.319+0000][3558.438s][info ][safepoint     ] Application time: 1.0011933 seconds
[2023-10-17T15:00:25.319+0000][3558.439s][info ][safepoint     ] Entering safepoint region: Cleanup
[2023-10-17T15:00:25.320+0000][3558.440s][info ][safepoint     ] Leaving safepoint region
[2023-10-17T15:00:25.321+0000][3558.441s][info ][safepoint     ] Total time for which application threads were stopped: 0.0016849 seconds, Stopping threads took: 0.0007535 seconds
[2023-10-17T15:00:26.322+0000][3559.442s][debug][safepoint     ] Safepoint synchronization initiated. (183 threads)
[2023-10-17T15:00:26.323+0000][3559.443s][info ][safepoint     ] Application time: 1.0013340 seconds
[2023-10-17T15:00:26.324+0000][3559.444s][info ][safepoint     ] Entering safepoint region: Cleanup
[2023-10-17T15:00:26.326+0000][3559.446s][info ][safepoint     ] Leaving safepoint region
[2023-10-17T15:00:26.327+0000][3559.447s][info ][safepoint     ] Total time for which application threads were stopped: 0.0025812 seconds, Stopping threads took: 0.0010955 seconds
[2023-10-17T15:00:27.328+0000][3560.448s][debug][safepoint     ] Safepoint synchronization initiated. (183 threads)
[2023-10-17T15:00:27.329+0000][3560.449s][info ][safepoint     ] Application time: 1.0010932 seconds
[2023-10-17T15:00:27.330+0000][3560.450s][info ][safepoint     ] Entering safepoint region: Cleanup
[2023-10-17T15:00:27.331+0000][3560.451s][info ][safepoint     ] Leaving safepoint region
[2023-10-17T15:00:27.331+0000][3560.451s][info ][safepoint     ] Total time for which application threads were stopped: 0.0016165 seconds, Stopping threads took: 0.0006383 seconds
[2023-10-17T15:00:28.332+0000][3561.452s][debug][safepoint     ] Safepoint synchronization initiated. (183 threads)
[2023-10-17T15:00:28.333+0000][3561.453s][info ][safepoint     ] Application time: 1.0011522 seconds
[2023-10-17T15:00:28.334+0000][3561.454s][info ][safepoint     ] Entering safepoint region: Cleanup
[2023-10-17T15:00:28.335+0000][3561.455s][info ][safepoint     ] Leaving safepoint region
[2023-10-17T15:00:28.336+0000][3561.456s][info ][safepoint     ] Total time for which application threads were stopped: 0.0022621 seconds, Stopping threads took: 0.0011376 seconds
[2023-10-17T15:00:28.336+0000][3561.455s][debug][safepoint     ] ... found polling page return exception at pc = 0x00007fc1a54a9604, stub =0x00007fc19c840600
[2023-10-17T15:00:28.336+0000][3561.455s][debug][safepoint     ] ... found polling page return exception at pc = 0x00007fc1a54a9604, stub =0x00007fc19c840600
[2023-10-17T15:00:28.336+0000][3561.455s][debug][safepoint     ] ... found polling page return exception at pc = 0x00007fc1a54a9604, stub =0x00007fc19c840600
[2023-10-17T15:00:28.336+0000][3561.455s][debug][safepoint     ] ... found polling page return exception at pc = 0x00007fc1a54a9604, stub =0x00007fc19c840600
[2023-10-17T15:00:28.336+0000][3561.455s][debug][safepoint     ] ... found polling page return exception at pc = 0x00007fc1a54a9604, stub =0x00007fc19c840600
[2023-10-17T15:00:29.338+0000][3562.457s][debug][safepoint     ] Safepoint synchronization initiated. (183 threads)
[2023-10-17T15:00:29.339+0000][3562.459s][info ][safepoint     ] Application time: 1.0016654 seconds
[2023-10-17T15:00:29.340+0000][3562.460s][info ][safepoint     ] Entering safepoint region: Cleanup
[2023-10-17T15:00:29.341+0000][3562.461s][info ][safepoint     ] Leaving safepoint region
[2023-10-17T15:00:29.342+0000][3562.462s][info ][safepoint     ] Total time for which application threads were stopped: 0.0025488 seconds, Stopping threads took: 0.0009798 seconds
[2023-10-17T15:00:30.344+0000][3563.463s][debug][safepoint     ] Safepoint synchronization initiated. (181 threads)
[2023-10-17T15:00:30.345+0000][3563.464s][info ][safepoint     ] Application time: 1.0011848 seconds
[2023-10-17T15:00:30.345+0000][3563.465s][info ][safepoint     ] Entering safepoint region: Cleanup
[2023-10-17T15:00:30.347+0000][3563.466s][info ][safepoint     ] Leaving safepoint region
[2023-10-17T15:00:30.347+0000][3563.467s][info ][safepoint     ] Total time for which application threads were stopped: 0.0019402 seconds, Stopping threads took: 0.0007899 seconds
[2023-10-17T15:00:31.348+0000][3564.468s][debug][safepoint     ] Safepoint synchronization initiated. (181 threads)
[2023-10-17T15:00:31.349+0000][3564.469s][info ][safepoint     ] Application time: 1.0011618 seconds
[2023-10-17T15:00:31.350+0000][3564.470s][info ][safepoint     ] Entering safepoint region: Cleanup
[2023-10-17T15:00:31.351+0000][3564.471s][info ][safepoint     ] Leaving safepoint region
[2023-10-17T15:00:31.352+0000][3564.472s][info ][safepoint     ] Total time for which application threads were stopped: 0.0018107 seconds, Stopping threads took: 0.0007379 seconds
[2023-10-17T15:00:32.353+0000][3565.472s][debug][safepoint     ] Safepoint synchronization initiated. (181 threads)
[2023-10-17T15:00:32.353+0000][3565.473s][info ][safepoint     ] Application time: 1.0009661 seconds
[2023-10-17T15:00:32.354+0000][3565.474s][info ][safepoint     ] Entering safepoint region: Cleanup
[2023-10-17T15:00:32.355+0000][3565.475s][info ][safepoint     ] Leaving safepoint region
[2023-10-17T15:00:32.356+0000][3565.476s][info ][safepoint     ] Total time for which application threads were stopped: 0.0016984 seconds, Stopping threads took: 0.0007017 seconds
[2023-10-17T15:00:33.357+0000][3566.477s][debug][safepoint     ] Safepoint synchronization initiated. (183 threads)
[2023-10-17T15:00:33.358+0000][3566.478s][info ][safepoint     ] Application time: 1.0010796 seconds
[2023-10-17T15:00:33.359+0000][3566.479s][info ][safepoint     ] Entering safepoint region: Cleanup
[2023-10-17T15:00:33.360+0000][3566.480s][info ][safepoint     ] Leaving safepoint region
[2023-10-17T15:00:33.361+0000][3566.481s][info ][safepoint     ] Total time for which application threads were stopped: 0.0021506 seconds, Stopping threads took: 0.0010106 seconds
[2023-10-17T15:00:34.362+0000][3567.482s][debug][safepoint     ] Safepoint synchronization initiated. (183 threads)
[2023-10-17T15:00:34.363+0000][3567.483s][info ][safepoint     ] Application time: 1.0016150 seconds
[2023-10-17T15:00:34.364+0000][3567.484s][info ][safepoint     ] Entering safepoint region: Cleanup
[2023-10-17T15:00:34.365+0000][3567.485s][info ][safepoint     ] Leaving safepoint region
[2023-10-17T15:00:34.366+0000][3567.486s][info ][safepoint     ] Total time for which application threads were stopped: 0.0018842 seconds, Stopping threads took: 0.0009054 seconds
[2023-10-17T15:00:35.367+0000][3568.487s][debug][safepoint     ] Safepoint synchronization initiated. (183 threads)
[2023-10-17T15:00:35.368+0000][3568.488s][info ][safepoint     ] Application time: 1.0014288 seconds
[2023-10-17T15:00:35.369+0000][3568.489s][info ][safepoint     ] Entering safepoint region: Cleanup
[2023-10-17T15:00:35.370+0000][3568.490s][info ][safepoint     ] Leaving safepoint region
[2023-10-17T15:00:35.371+0000][3568.491s][info ][safepoint     ] Total time for which application threads were stopped: 0.0020870 seconds, Stopping threads took: 0.0009260 seconds
[2023-10-17T15:00:36.372+0000][3569.492s][debug][safepoint     ] Safepoint synchronization initiated. (183 threads)
[2023-10-17T15:00:36.373+0000][3569.493s][info ][safepoint     ] Application time: 1.0010715 seconds
[2023-10-17T15:00:36.374+0000][3569.494s][debug][safepoint     ] Waiting for 1 thread(s) to block
[2023-10-17T15:00:36.375+0000][3569.495s][info ][safepoint     ] Entering safepoint region: Cleanup
[2023-10-17T15:00:36.376+0000][3569.496s][info ][safepoint     ] Leaving safepoint region
[2023-10-17T15:00:36.377+0000][3569.497s][info ][safepoint     ] Total time for which application threads were stopped: 0.0027129 seconds, Stopping threads took: 0.0016975 seconds
[2023-10-17T15:00:37.378+0000][3570.498s][debug][safepoint     ] Safepoint synchronization initiated. (183 threads)
[2023-10-17T15:00:37.379+0000][3570.499s][info ][safepoint     ] Application time: 1.0013274 seconds
[2023-10-17T15:00:37.380+0000][3570.500s][info ][safepoint     ] Entering safepoint region: Cleanup
[2023-10-17T15:00:37.381+0000][3570.501s][info ][safepoint     ] Leaving safepoint region
[2023-10-17T15:00:37.382+0000][3570.502s][info ][safepoint     ] Total time for which application threads were stopped: 0.0022172 seconds, Stopping threads took: 0.0008157 seconds
[2023-10-17T15:00:38.383+0000][3571.503s][debug][safepoint     ] Safepoint synchronization initiated. (183 threads)
[2023-10-17T15:00:38.383+0000][3571.503s][info ][safepoint     ] Application time: 1.0008056 seconds
[2023-10-17T15:00:38.384+0000][3571.504s][info ][safepoint     ] Entering safepoint region: Cleanup
[2023-10-17T15:00:38.385+0000][3571.505s][info ][safepoint     ] Leaving safepoint region
[2023-10-17T15:00:38.386+0000][3571.506s][info ][safepoint     ] Total time for which application threads were stopped: 0.0016814 seconds, Stopping threads took: 0.0005932 seconds
[2023-10-17T15:00:39.387+0000][3572.507s][debug][safepoint     ] Safepoint synchronization initiated. (183 threads)
[2023-10-17T15:00:39.388+0000][3572.508s][info ][safepoint     ] Application time: 1.0013940 seconds
[2023-10-17T15:00:39.390+0000][3572.510s][info ][safepoint     ] Entering safepoint region: Cleanup
[2023-10-17T15:00:39.391+0000][3572.511s][info ][safepoint     ] Leaving safepoint region
[2023-10-17T15:00:39.392+0000][3572.512s][info ][safepoint     ] Total time for which application threads were stopped: 0.0025108 seconds, Stopping threads took: 0.0015362 seconds
[2023-10-17T15:00:40.393+0000][3573.513s][debug][safepoint     ] Safepoint synchronization initiated. (183 threads)
[2023-10-17T15:00:40.394+0000][3573.514s][info ][safepoint     ] Application time: 1.0015341 seconds
[2023-10-17T15:00:40.395+0000][3573.515s][info ][safepoint     ] Entering safepoint region: Cleanup
[2023-10-17T15:00:40.397+0000][3573.517s][info ][safepoint     ] Leaving safepoint region
[2023-10-17T15:00:40.398+0000][3573.518s][info ][safepoint     ] Total time for which application threads were stopped: 0.0026256 seconds, Stopping threads took: 0.0011306 seconds
[2023-10-17T15:00:41.399+0000][3574.519s][debug][safepoint     ] Safepoint synchronization initiated. (182 threads)
[2023-10-17T15:00:41.400+0000][3574.520s][info ][safepoint     ] Application time: 1.0011609 seconds
[2023-10-17T15:00:41.401+0000][3574.521s][debug][safepoint     ] ... found polling page return exception at pc = 0x00007fc1a49fe14b, stub =0x00007fc19c840600
[2023-10-17T15:00:41.401+0000][3574.521s][debug][safepoint     ] ... found polling page return exception at pc = 0x00007fc1a56bbc73, stub =0x00007fc19c840600
[2023-10-17T15:00:41.401+0000][3574.521s][debug][safepoint     ] ... found polling page return exception at pc = 0x00007fc1a4b0dc74, stub =0x00007fc19c840600
[2023-10-17T15:00:41.403+0000][3574.523s][debug][safepoint     ] Waiting for 3 thread(s) to block
[2023-10-17T15:00:41.404+0000][3574.524s][info ][safepoint     ] Entering safepoint region: Cleanup
[2023-10-17T15:00:41.405+0000][3574.525s][info ][safepoint     ] Leaving safepoint region
[2023-10-17T15:00:41.406+0000][3574.526s][info ][safepoint     ] Total time for which application threads were stopped: 0.0048813 seconds, Stopping threads took: 0.0039652 seconds
[2023-10-17T15:00:42.407+0000][3575.527s][debug][safepoint     ] Safepoint synchronization initiated. (181 threads)
[2023-10-17T15:00:42.408+0000][3575.528s][info ][safepoint     ] Application time: 1.0014074 seconds
[2023-10-17T15:00:42.409+0000][3575.529s][info ][safepoint     ] Entering safepoint region: Cleanup
[2023-10-17T15:00:42.410+0000][3575.530s][info ][safepoint     ] Leaving safepoint region
[2023-10-17T15:00:42.410+0000][3575.530s][info ][safepoint     ] Total time for which application threads were stopped: 0.0013074 seconds, Stopping threads took: 0.0005335 seconds
[2023-10-17T15:00:43.411+0000][3576.531s][debug][safepoint     ] Safepoint synchronization initiated. (183 threads)
[2023-10-17T15:00:43.412+0000][3576.531s][info ][safepoint     ] Application time: 1.0008771 seconds
[2023-10-17T15:00:43.412+0000][3576.532s][info ][safepoint     ] Entering safepoint region: Cleanup
[2023-10-17T15:00:43.413+0000][3576.533s][info ][safepoint     ] Leaving safepoint region
[2023-10-17T15:00:43.414+0000][3576.534s][info ][safepoint     ] Total time for which application threads were stopped: 0.0015812 seconds, Stopping threads took: 0.0006787 seconds
[2023-10-17T15:00:44.415+0000][3577.535s][debug][safepoint     ] Safepoint synchronization initiated. (183 threads)
[2023-10-17T15:00:44.416+0000][3577.536s][info ][safepoint     ] Application time: 1.0015267 seconds
[2023-10-17T15:00:44.417+0000][3577.537s][info ][safepoint     ] Entering safepoint region: Cleanup
[2023-10-17T15:00:44.418+0000][3577.538s][info ][safepoint     ] Leaving safepoint region
[2023-10-17T15:00:44.420+0000][3577.540s][info ][safepoint     ] Total time for which application threads were stopped: 0.0029723 seconds, Stopping threads took: 0.0008650 seconds
[2023-10-17T15:00:45.421+0000][3578.541s][debug][safepoint     ] Safepoint synchronization initiated. (184 threads)
[2023-10-17T15:00:45.422+0000][3578.542s][info ][safepoint     ] Application time: 1.0015377 seconds
[2023-10-17T15:00:45.424+0000][3578.543s][info ][safepoint     ] Entering safepoint region: Cleanup
[2023-10-17T15:00:45.425+0000][3578.545s][info ][safepoint     ] Leaving safepoint region
[2023-10-17T15:00:45.426+0000][3578.546s][info ][safepoint     ] Total time for which application threads were stopped: 0.0022140 seconds, Stopping threads took: 0.0010574 seconds
[2023-10-17T15:00:46.427+0000][3579.547s][debug][safepoint     ] Safepoint synchronization initiated. (184 threads)
[2023-10-17T15:00:46.428+0000][3579.548s][info ][safepoint     ] Application time: 1.0009369 seconds
[2023-10-17T15:00:46.429+0000][3579.548s][info ][safepoint     ] Entering safepoint region: Cleanup
[2023-10-17T15:00:46.429+0000][3579.549s][info ][safepoint     ] Leaving safepoint region
[2023-10-17T15:00:46.430+0000][3579.550s][info ][safepoint     ] Total time for which application threads were stopped: 0.0014785 seconds, Stopping threads took: 0.0006867 seconds
[2023-10-17T15:00:47.431+0000][3580.551s][debug][safepoint     ] Safepoint synchronization initiated. (184 threads)
[2023-10-17T15:00:47.432+0000][3580.552s][info ][safepoint     ] Application time: 1.0018691 seconds
[2023-10-17T15:00:47.433+0000][3580.553s][info ][safepoint     ] Entering safepoint region: Cleanup
[2023-10-17T15:00:47.434+0000][3580.554s][info ][safepoint     ] Leaving safepoint region
[2023-10-17T15:00:47.435+0000][3580.555s][info ][safepoint     ] Total time for which application threads were stopped: 0.0015919 seconds, Stopping threads took: 0.0007679 seconds
[2023-10-17T15:00:48.436+0000][3581.556s][debug][safepoint     ] Safepoint synchronization initiated. (184 threads)
[2023-10-17T15:00:48.437+0000][3581.557s][info ][safepoint     ] Application time: 1.0014044 seconds
[2023-10-17T15:00:48.438+0000][3581.558s][info ][safepoint     ] Entering safepoint region: Cleanup
[2023-10-17T15:00:48.439+0000][3581.559s][info ][safepoint     ] Leaving safepoint region
[2023-10-17T15:00:48.440+0000][3581.560s][info ][safepoint     ] Total time for which application threads were stopped: 0.0020387 seconds, Stopping threads took: 0.0009998 seconds
[2023-10-17T15:00:49.431+0000][3582.561s][debug][safepoint     ] Safepoint synchronization initiated. (184 threads)
[2023-10-17T15:00:49.432+0000][3582.562s][info ][safepoint     ] Application time: 1.0014890 seconds
[2023-10-17T15:00:49.433+0000][3582.563s][info ][safepoint     ] Entering safepoint region: Cleanup
[2023-10-17T15:00:49.434+0000][3582.564s][info ][safepoint     ] Leaving safepoint region
[2023-10-17T15:00:49.434+0000][3582.564s][info ][safepoint     ] Total time for which application threads were stopped: 0.0015927 seconds, Stopping threads took: 0.0006446 seconds
[2023-10-17T15:00:50.435+0000][3583.565s][debug][safepoint     ] Safepoint synchronization initiated. (184 threads)
[2023-10-17T15:00:50.436+0000][3583.566s][info ][safepoint     ] Application time: 1.0013753 seconds
[2023-10-17T15:00:50.437+0000][3583.567s][info ][safepoint     ] Entering safepoint region: Cleanup
[2023-10-17T15:00:50.438+0000][3583.568s][info ][safepoint     ] Leaving safepoint region
[2023-10-17T15:00:50.439+0000][3583.569s][info ][safepoint     ] Total time for which application threads were stopped: 0.0019161 seconds, Stopping threads took: 0.0008276 seconds
[2023-10-17T15:00:51.440+0000][3584.570s][debug][safepoint     ] Safepoint synchronization initiated. (184 threads)
[2023-10-17T15:00:51.441+0000][3584.571s][info ][safepoint     ] Application time: 1.0012255 seconds
[2023-10-17T15:00:51.442+0000][3584.572s][info ][safepoint     ] Entering safepoint region: Cleanup
[2023-10-17T15:00:51.443+0000][3584.573s][info ][safepoint     ] Leaving safepoint region
[2023-10-17T15:00:51.444+0000][3584.574s][info ][safepoint     ] Total time for which application threads were stopped: 0.0018258 seconds, Stopping threads took: 0.0007605 seconds
[2023-10-17T15:00:52.445+0000][3585.575s][debug][safepoint     ] Safepoint synchronization initiated. (182 threads)
[2023-10-17T15:00:52.446+0000][3585.576s][info ][safepoint     ] Application time: 1.0014930 seconds
[2023-10-17T15:00:52.447+0000][3585.577s][info ][safepoint     ] Entering safepoint region: Cleanup
[2023-10-17T15:00:52.448+0000][3585.578s][info ][safepoint     ] Leaving safepoint region
[2023-10-17T15:00:52.448+0000][3585.578s][info ][safepoint     ] Total time for which application threads were stopped: 0.0015761 seconds, Stopping threads took: 0.0006959 seconds
[2023-10-17T15:00:53.449+0000][3586.579s][debug][safepoint     ] Safepoint synchronization initiated. (183 threads)
[2023-10-17T15:00:53.450+0000][3586.580s][info ][safepoint     ] Application time: 1.0010284 seconds
[2023-10-17T15:00:53.451+0000][3586.581s][info ][safepoint     ] Entering safepoint region: Cleanup
[2023-10-17T15:00:53.452+0000][3586.582s][info ][safepoint     ] Leaving safepoint region
[2023-10-17T15:00:53.453+0000][3586.583s][info ][safepoint     ] Total time for which application threads were stopped: 0.0025737 seconds, Stopping threads took: 0.0008290 seconds
[2023-10-17T15:00:54.455+0000][3587.585s][debug][safepoint     ] Safepoint synchronization initiated. (183 threads)
[2023-10-17T15:00:54.456+0000][3587.586s][info ][safepoint     ] Application time: 1.0014414 seconds
[2023-10-17T15:00:54.457+0000][3587.587s][info ][safepoint     ] Entering safepoint region: Cleanup
[2023-10-17T15:00:54.458+0000][3587.588s][info ][safepoint     ] Leaving safepoint region
[2023-10-17T15:00:54.459+0000][3587.589s][info ][safepoint     ] Total time for which application threads were stopped: 0.0023804 seconds, Stopping threads took: 0.0009816 seconds
[2023-10-17T15:00:55.461+0000][3588.590s][debug][safepoint     ] Safepoint synchronization initiated. (183 threads)
[2023-10-17T15:00:55.462+0000][3588.591s][info ][safepoint     ] Application time: 1.0014343 seconds
[2023-10-17T15:00:55.463+0000][3588.593s][info ][safepoint     ] Entering safepoint region: Cleanup
[2023-10-17T15:00:55.464+0000][3588.594s][info ][safepoint     ] Leaving safepoint region
[2023-10-17T15:00:55.465+0000][3588.595s][info ][safepoint     ] Total time for which application threads were stopped: 0.0020097 seconds, Stopping threads took: 0.0009115 seconds
[2023-10-17T15:00:56.466+0000][3589.596s][debug][safepoint     ] Safepoint synchronization initiated. (183 threads)
[2023-10-17T15:00:56.467+0000][3589.597s][info ][safepoint     ] Application time: 1.0012579 seconds
[2023-10-17T15:00:56.468+0000][3589.598s][info ][safepoint     ] Entering safepoint region: Cleanup
[2023-10-17T15:00:56.469+0000][3589.599s][info ][safepoint     ] Leaving safepoint region
[2023-10-17T15:00:56.470+0000][3589.600s][info ][safepoint     ] Total time for which application threads were stopped: 0.0019743 seconds, Stopping threads took: 0.0008819 seconds
[2023-10-17T15:00:57.471+0000][3590.601s][debug][safepoint     ] Safepoint synchronization initiated. (183 threads)
[2023-10-17T15:00:57.472+0000][3590.602s][info ][safepoint     ] Application time: 1.0010380 seconds
[2023-10-17T15:00:57.472+0000][3590.602s][info ][safepoint     ] Entering safepoint region: Cleanup
[2023-10-17T15:00:57.473+0000][3590.603s][info ][safepoint     ] Leaving safepoint region
[2023-10-17T15:00:57.474+0000][3590.604s][info ][safepoint     ] Total time for which application threads were stopped: 0.0015002 seconds, Stopping threads took: 0.0006981 seconds
[2023-10-17T15:00:58.475+0000][3591.605s][debug][safepoint     ] Safepoint synchronization initiated. (183 threads)
[2023-10-17T15:00:58.476+0000][3591.606s][info ][safepoint     ] Application time: 1.0013465 seconds
[2023-10-17T15:00:58.477+0000][3591.606s][info ][safepoint     ] Entering safepoint region: Cleanup
[2023-10-17T15:00:58.478+0000][3591.608s][info ][safepoint     ] Leaving safepoint region
[2023-10-17T15:00:58.479+0000][3591.609s][info ][safepoint     ] Total time for which application threads were stopped: 0.0026255 seconds, Stopping threads took: 0.0008953 seconds
[2023-10-17T15:00:59.480+0000][3592.610s][debug][safepoint     ] Safepoint synchronization initiated. (181 threads)
[2023-10-17T15:00:59.481+0000][3592.611s][info ][safepoint     ] Application time: 1.0014969 seconds
[2023-10-17T15:00:59.482+0000][3592.612s][info ][safepoint     ] Entering safepoint region: Cleanup
[2023-10-17T15:00:59.484+0000][3592.614s][info ][safepoint     ] Leaving safepoint region
[2023-10-17T15:00:59.485+0000][3592.614s][info ][safepoint     ] Total time for which application threads were stopped: 0.0021240 seconds, Stopping threads took: 0.0009588 seconds
[2023-10-17T15:01:00.486+0000][3593.616s][debug][safepoint     ] Safepoint synchronization initiated. (181 threads)
[2023-10-17T15:01:00.487+0000][3593.617s][info ][safepoint     ] Application time: 1.0018027 seconds
[2023-10-17T15:01:00.488+0000][3593.618s][info ][safepoint     ] Entering safepoint region: Cleanup
[2023-10-17T15:01:00.489+0000][3593.619s][info ][safepoint     ] Leaving safepoint region
[2023-10-17T15:01:00.490+0000][3593.620s][info ][safepoint     ] Total time for which application threads were stopped: 0.0017539 seconds, Stopping threads took: 0.0007252 seconds
[2023-10-17T15:01:01.491+0000][3594.620s][debug][safepoint     ] Safepoint synchronization initiated. (181 threads)
[2023-10-17T15:01:01.492+0000][3594.622s][info ][safepoint     ] Application time: 1.0014691 seconds
[2023-10-17T15:01:01.493+0000][3594.623s][info ][safepoint     ] Entering safepoint region: Cleanup
[2023-10-17T15:01:01.494+0000][3594.624s][info ][safepoint     ] Leaving safepoint region
[2023-10-17T15:01:01.495+0000][3594.625s][info ][safepoint     ] Total time for which application threads were stopped: 0.0019538 seconds, Stopping threads took: 0.0009446 seconds
[2023-10-17T15:01:02.496+0000][3595.626s][debug][safepoint     ] Safepoint synchronization initiated. (181 threads)
[2023-10-17T15:01:02.497+0000][3595.627s][info ][safepoint     ] Application time: 1.0017520 seconds
[2023-10-17T15:01:02.498+0000][3595.628s][info ][safepoint     ] Entering safepoint region: Cleanup
[2023-10-17T15:01:02.499+0000][3595.629s][info ][safepoint     ] Leaving safepoint region
[2023-10-17T15:01:02.500+0000][3595.630s][info ][safepoint     ] Total time for which application threads were stopped: 0.0019904 seconds, Stopping threads took: 0.0008487 seconds
[2023-10-17T15:01:03.501+0000][3596.631s][debug][safepoint     ] Safepoint synchronization initiated. (181 threads)
[2023-10-17T15:01:03.502+0000][3596.632s][info ][safepoint     ] Application time: 1.0010654 seconds
[2023-10-17T15:01:03.503+0000][3596.632s][info ][safepoint     ] Entering safepoint region: Cleanup
[2023-10-17T15:01:03.503+0000][3596.633s][info ][safepoint     ] Leaving safepoint region
[2023-10-17T15:01:03.504+0000][3596.634s][info ][safepoint     ] Total time for which application threads were stopped: 0.0016234 seconds, Stopping threads took: 0.0006364 seconds
[2023-10-17T15:01:04.505+0000][3597.635s][debug][safepoint     ] Safepoint synchronization initiated. (181 threads)
[2023-10-17T15:01:04.506+0000][3597.636s][info ][safepoint     ] Application time: 1.0013707 seconds
[2023-10-17T15:01:04.507+0000][3597.637s][info ][safepoint     ] Entering safepoint region: Cleanup
[2023-10-17T15:01:04.508+0000][3597.638s][info ][safepoint     ] Leaving safepoint region
[2023-10-17T15:01:04.509+0000][3597.639s][info ][safepoint     ] Total time for which application threads were stopped: 0.0017641 seconds, Stopping threads took: 0.0007024 seconds
[2023-10-17T15:01:05.510+0000][3598.640s][debug][safepoint     ] Safepoint synchronization initiated. (181 threads)
[2023-10-17T15:01:05.511+0000][3598.641s][info ][safepoint     ] Application time: 1.0011519 seconds
[2023-10-17T15:01:05.512+0000][3598.641s][info ][safepoint     ] Entering safepoint region: Cleanup
[2023-10-17T15:01:05.513+0000][3598.643s][info ][safepoint     ] Leaving safepoint region
[2023-10-17T15:01:05.515+0000][3598.645s][info ][safepoint     ] Total time for which application threads were stopped: 0.0035884 seconds, Stopping threads took: 0.0015134 seconds
[2023-10-17T15:01:06.516+0000][3599.646s][debug][safepoint     ] Safepoint synchronization initiated. (181 threads)
[2023-10-17T15:01:06.517+0000][3599.647s][info ][safepoint     ] Application time: 1.0011575 seconds
[2023-10-17T15:01:06.518+0000][3599.648s][info ][safepoint     ] Entering safepoint region: Cleanup
[2023-10-17T15:01:06.519+0000][3599.649s][info ][safepoint     ] Leaving safepoint region
[2023-10-17T15:01:06.520+0000][3599.650s][info ][safepoint     ] Total time for which application threads were stopped: 0.0020605 seconds, Stopping threads took: 0.0008047 seconds
[2023-10-17T15:01:07.521+0000][3600.651s][debug][safepoint     ] Safepoint synchronization initiated. (181 threads)
[2023-10-17T15:01:07.523+0000][3600.653s][info ][safepoint     ] Application time: 1.0020883 seconds
[2023-10-17T15:01:07.525+0000][3600.655s][info ][safepoint     ] Entering safepoint region: Cleanup
[2023-10-17T15:01:07.526+0000][3600.656s][info ][safepoint     ] Leaving safepoint region
[2023-10-17T15:01:07.526+0000][3600.656s][info ][safepoint     ] Total time for which application threads were stopped: 0.0018509 seconds, Stopping threads took: 0.0009612 seconds
[2023-10-17T15:01:08.527+0000][3601.657s][debug][safepoint     ] Safepoint synchronization initiated. (181 threads)
[2023-10-17T15:01:08.529+0000][3601.659s][info ][safepoint     ] Application time: 1.0019310 seconds
[2023-10-17T15:01:08.530+0000][3601.660s][info ][safepoint     ] Entering safepoint region: Cleanup
[2023-10-17T15:01:08.531+0000][3601.661s][info ][safepoint     ] Leaving safepoint region
[2023-10-17T15:01:08.532+0000][3601.662s][info ][safepoint     ] Total time for which application threads were stopped: 0.0024380 seconds, Stopping threads took: 0.0010513 seconds
[2023-10-17T15:01:09.534+0000][3602.663s][debug][safepoint     ] Safepoint synchronization initiated. (181 threads)
[2023-10-17T15:01:09.534+0000][3602.664s][info ][safepoint     ] Application time: 1.0009565 seconds
[2023-10-17T15:01:09.535+0000][3602.665s][info ][safepoint     ] Entering safepoint region: Cleanup
[2023-10-17T15:01:09.536+0000][3602.666s][info ][safepoint     ] Leaving safepoint region
[2023-10-17T15:01:09.536+0000][3602.666s][info ][safepoint     ] Total time for which application threads were stopped: 0.0014067 seconds, Stopping threads took: 0.0006563 seconds
[2023-10-17T15:01:10.537+0000][3603.667s][debug][safepoint     ] Safepoint synchronization initiated. (181 threads)
[2023-10-17T15:01:10.539+0000][3603.669s][info ][safepoint     ] Application time: 1.0019798 seconds
[2023-10-17T15:01:10.541+0000][3603.670s][info ][safepoint     ] Entering safepoint region: Cleanup
[2023-10-17T15:01:10.542+0000][3603.672s][info ][safepoint     ] Leaving safepoint region
[2023-10-17T15:01:10.543+0000][3603.673s][info ][safepoint     ] Total time for which application threads were stopped: 0.0023629 seconds, Stopping threads took: 0.0009155 seconds
[2023-10-17T15:01:11.544+0000][3604.674s][debug][safepoint     ] Safepoint synchronization initiated. (183 threads)
[2023-10-17T15:01:11.545+0000][3604.675s][info ][safepoint     ] Application time: 1.0014364 seconds
[2023-10-17T15:01:11.546+0000][3604.676s][info ][safepoint     ] Entering safepoint region: Cleanup
[2023-10-17T15:01:11.547+0000][3604.677s][info ][safepoint     ] Leaving safepoint region
[2023-10-17T15:01:11.549+0000][3604.679s][info ][safepoint     ] Total time for which application threads were stopped: 0.0029451 seconds, Stopping threads took: 0.0008960 seconds
[2023-10-17T15:01:12.550+0000][3605.680s][debug][safepoint     ] Safepoint synchronization initiated. (183 threads)
[2023-10-17T15:01:12.552+0000][3605.682s][info ][safepoint     ] Application time: 1.0017001 seconds
[2023-10-17T15:01:12.553+0000][3605.682s][info ][safepoint     ] Entering safepoint region: Cleanup
[2023-10-17T15:01:12.554+0000][3605.684s][info ][safepoint     ] Leaving safepoint region
[2023-10-17T15:01:12.555+0000][3605.684s][info ][safepoint     ] Total time for which application threads were stopped: 0.0019297 seconds, Stopping threads took: 0.0008165 seconds
[2023-10-17T15:01:13.556+0000][3606.685s][debug][safepoint     ] Safepoint synchronization initiated. (183 threads)
[2023-10-17T15:01:13.557+0000][3606.686s][info ][safepoint     ] Application time: 1.0013595 seconds
[2023-10-17T15:01:13.557+0000][3606.687s][info ][safepoint     ] Entering safepoint region: Cleanup
[2023-10-17T15:01:13.559+0000][3606.689s][info ][safepoint     ] Leaving safepoint region
[2023-10-17T15:01:13.560+0000][3606.690s][info ][safepoint     ] Total time for which application threads were stopped: 0.0029587 seconds, Stopping threads took: 0.0015811 seconds
[2023-10-17T15:01:14.562+0000][3607.692s][debug][safepoint     ] Safepoint synchronization initiated. (183 threads)
[2023-10-17T15:01:14.563+0000][3607.693s][info ][safepoint     ] Application time: 1.0012101 seconds
[2023-10-17T15:01:14.563+0000][3607.693s][info ][safepoint     ] Entering safepoint region: Cleanup
[2023-10-17T15:01:14.565+0000][3607.694s][info ][safepoint     ] Leaving safepoint region
[2023-10-17T15:01:14.566+0000][3607.696s][info ][safepoint     ] Total time for which application threads were stopped: 0.0024130 seconds, Stopping threads took: 0.0008024 seconds
[2023-10-17T15:01:15.567+0000][3608.697s][debug][safepoint     ] Safepoint synchronization initiated. (183 threads)
[2023-10-17T15:01:15.568+0000][3608.698s][info ][safepoint     ] Application time: 1.0015495 seconds
[2023-10-17T15:01:15.569+0000][3608.699s][info ][safepoint     ] Entering safepoint region: Cleanup
[2023-10-17T15:01:15.570+0000][3608.700s][info ][safepoint     ] Leaving safepoint region
[2023-10-17T15:01:15.572+0000][3608.701s][info ][safepoint     ] Total time for which application threads were stopped: 0.0026958 seconds, Stopping threads took: 0.0008756 seconds
[2023-10-17T15:01:16.573+0000][3609.703s][debug][safepoint     ] Safepoint synchronization initiated. (182 threads)
[2023-10-17T15:01:16.574+0000][3609.704s][info ][safepoint     ] Application time: 1.0015844 seconds
[2023-10-17T15:01:16.575+0000][3609.705s][info ][safepoint     ] Entering safepoint region: Cleanup
[2023-10-17T15:01:16.576+0000][3609.706s][info ][safepoint     ] Leaving safepoint region
[2023-10-17T15:01:16.577+0000][3609.707s][info ][safepoint     ] Total time for which application threads were stopped: 0.0018684 seconds, Stopping threads took: 0.0008308 seconds
[2023-10-17T15:01:17.579+0000][3610.709s][debug][safepoint     ] Safepoint synchronization initiated. (181 threads)
[2023-10-17T15:01:17.580+0000][3610.709s][info ][safepoint     ] Application time: 1.0011589 seconds
[2023-10-17T15:01:17.580+0000][3610.710s][info ][safepoint     ] Entering safepoint region: Cleanup
[2023-10-17T15:01:17.581+0000][3610.711s][info ][safepoint     ] Leaving safepoint region
[2023-10-17T15:01:17.582+0000][3610.712s][info ][safepoint     ] Total time for which application threads were stopped: 0.0018847 seconds, Stopping threads took: 0.0006945 seconds
[2023-10-17T15:01:18.583+0000][3611.713s][debug][safepoint     ] Safepoint synchronization initiated. (181 threads)
[2023-10-17T15:01:18.585+0000][3611.715s][info ][safepoint     ] Application time: 1.0020794 seconds
[2023-10-17T15:01:18.586+0000][3611.716s][info ][safepoint     ] Entering safepoint region: Cleanup
[2023-10-17T15:01:18.588+0000][3611.717s][info ][safepoint     ] Leaving safepoint region
[2023-10-17T15:01:18.588+0000][3611.718s][info ][safepoint     ] Total time for which application threads were stopped: 0.0022044 seconds, Stopping threads took: 0.0009000 seconds
[2023-10-17T15:01:19.598+0000][3612.719s][debug][safepoint     ] Safepoint synchronization initiated. (181 threads)
[2023-10-17T15:01:19.600+0000][3612.720s][info ][safepoint     ] Application time: 1.0012281 seconds
[2023-10-17T15:01:19.600+0000][3612.721s][info ][safepoint     ] Entering safepoint region: Cleanup
[2023-10-17T15:01:19.601+0000][3612.722s][info ][safepoint     ] Leaving safepoint region
[2023-10-17T15:01:19.602+0000][3612.723s][info ][safepoint     ] Total time for which application threads were stopped: 0.0020443 seconds, Stopping threads took: 0.0005964 seconds
[2023-10-17T15:01:20.604+0000][3613.724s][debug][safepoint     ] Safepoint synchronization initiated. (181 threads)
[2023-10-17T15:01:20.605+0000][3613.726s][info ][safepoint     ] Application time: 1.0020250 seconds
[2023-10-17T15:01:20.606+0000][3613.727s][info ][safepoint     ] Entering safepoint region: Cleanup
[2023-10-17T15:01:20.608+0000][3613.729s][info ][safepoint     ] Leaving safepoint region
[2023-10-17T15:01:20.609+0000][3613.729s][info ][safepoint     ] Total time for which application threads were stopped: 0.0024369 seconds, Stopping threads took: 0.0011894 seconds
[2023-10-17T15:01:21.610+0000][3614.731s][debug][safepoint     ] Safepoint synchronization initiated. (181 threads)
[2023-10-17T15:01:21.611+0000][3614.731s][info ][safepoint     ] Application time: 1.0012335 seconds
[2023-10-17T15:01:21.611+0000][3614.732s][info ][safepoint     ] Entering safepoint region: Cleanup
[2023-10-17T15:01:21.612+0000][3614.733s][info ][safepoint     ] Leaving safepoint region
[2023-10-17T15:01:21.613+0000][3614.734s][info ][safepoint     ] Total time for which application threads were stopped: 0.0016742 seconds, Stopping threads took: 0.0006047 seconds
[2023-10-17T15:01:22.614+0000][3615.735s][debug][safepoint     ] Safepoint synchronization initiated. (181 threads)
[2023-10-17T15:01:22.615+0000][3615.736s][info ][safepoint     ] Application time: 1.0017943 seconds
[2023-10-17T15:01:22.616+0000][3615.737s][info ][safepoint     ] Entering safepoint region: Cleanup
[2023-10-17T15:01:22.617+0000][3615.738s][info ][safepoint     ] Leaving safepoint region
[2023-10-17T15:01:22.618+0000][3615.738s][info ][safepoint     ] Total time for which application threads were stopped: 0.0017220 seconds, Stopping threads took: 0.0007899 seconds
[2023-10-17T15:01:23.619+0000][3616.739s][debug][safepoint     ] Safepoint synchronization initiated. (181 threads)
[2023-10-17T15:01:23.620+0000][3616.741s][info ][safepoint     ] Application time: 1.0016276 seconds
[2023-10-17T15:01:23.621+0000][3616.742s][info ][safepoint     ] Entering safepoint region: Cleanup
[2023-10-17T15:01:23.622+0000][3616.743s][info ][safepoint     ] Leaving safepoint region
[2023-10-17T15:01:23.623+0000][3616.743s][info ][safepoint     ] Total time for which application threads were stopped: 0.0015826 seconds, Stopping threads took: 0.0006535 seconds
[2023-10-17T15:01:24.624+0000][3617.745s][debug][safepoint     ] Safepoint synchronization initiated. (181 threads)
[2023-10-17T15:01:24.625+0000][3617.746s][info ][safepoint     ] Application time: 1.0008655 seconds
[2023-10-17T15:01:24.626+0000][3617.746s][info ][safepoint     ] Entering safepoint region: Cleanup
[2023-10-17T15:01:24.627+0000][3617.747s][info ][safepoint     ] Leaving safepoint region
[2023-10-17T15:01:24.627+0000][3617.748s][info ][safepoint     ] Total time for which application threads were stopped: 0.0015963 seconds, Stopping threads took: 0.0006604 seconds
[2023-10-17T15:01:25.090+0000][3618.210s][debug][safepoint     ] Safepoint synchronization initiated. (181 threads)
[2023-10-17T15:01:25.090+0000][3618.211s][info ][safepoint     ] Application time: 0.4624249 seconds
[2023-10-17T15:01:25.091+0000][3618.212s][info ][safepoint     ] Entering safepoint region: G1CollectForAllocation
[2023-10-17T15:01:25.092+0000][3618.213s][info ][gc,start      ] GC(85) Pause Young (Normal) (G1 Evacuation Pause)
[2023-10-17T15:01:25.093+0000][3618.213s][info ][gc,task       ] GC(85) Using 8 workers of 8 for evacuation
[2023-10-17T15:01:25.123+0000][3618.244s][info ][gc,phases     ] GC(85)   Pre Evacuate Collection Set: 0.1ms
[2023-10-17T15:01:25.124+0000][3618.244s][info ][gc,phases     ] GC(85)   Evacuate Collection Set: 23.5ms
[2023-10-17T15:01:25.124+0000][3618.245s][info ][gc,phases     ] GC(85)   Post Evacuate Collection Set: 6.0ms
[2023-10-17T15:01:25.125+0000][3618.246s][info ][gc,phases     ] GC(85)   Other: 1.7ms
[2023-10-17T15:01:25.126+0000][3618.246s][info ][gc,heap       ] GC(85) Eden regions: 191->0(191)
[2023-10-17T15:01:25.126+0000][3618.247s][info ][gc,heap       ] GC(85) Survivor regions: 5->4(25)
[2023-10-17T15:01:25.127+0000][3618.248s][info ][gc,heap       ] GC(85) Old regions: 171->172
[2023-10-17T15:01:25.128+0000][3618.248s][info ][gc,heap       ] GC(85) Humongous regions: 0->0
[2023-10-17T15:01:25.128+0000][3618.249s][info ][gc,metaspace  ] GC(85) Metaspace: 182931K(197620K)->182931K(197620K) NonClass: 161966K(173556K)->161966K(173556K) Class: 20965K(24064K)->20965K(24064K)
[2023-10-17T15:01:25.129+0000][3618.250s][info ][gc            ] GC(85) Pause Young (Normal) (G1 Evacuation Pause) 364M->174M(415M) 36.926ms
[2023-10-17T15:01:25.130+0000][3618.250s][info ][gc,cpu        ] GC(85) User=0.22s Sys=0.00s Real=0.03s
[2023-10-17T15:01:25.131+0000][3618.251s][info ][safepoint     ] Leaving safepoint region
[2023-10-17T15:01:25.131+0000][3618.252s][info ][safepoint     ] Total time for which application threads were stopped: 0.0401679 seconds, Stopping threads took: 0.0005554 seconds
[2023-10-17T15:01:25.132+0000][3618.253s][info ][gc,stringdedup] Concurrent String Deduplication (3618.253s)
[2023-10-17T15:01:25.133+0000][3618.254s][info ][gc,stringdedup] Concurrent String Deduplication 80.0B->40.0B(40.0B) avg 53.4% (3618.253s, 3618.254s) 0.570ms
[2023-10-17T15:01:26.132+0000][3619.253s][debug][safepoint     ] Safepoint synchronization initiated. (181 threads)
[2023-10-17T15:01:26.133+0000][3619.254s][info ][safepoint     ] Application time: 1.0010734 seconds
[2023-10-17T15:01:26.134+0000][3619.254s][info ][safepoint     ] Entering safepoint region: Cleanup
[2023-10-17T15:01:26.134+0000][3619.255s][info ][safepoint     ] Leaving safepoint region
[2023-10-17T15:01:26.135+0000][3619.256s][info ][safepoint     ] Total time for which application threads were stopped: 0.0012060 seconds, Stopping threads took: 0.0005089 seconds
[2023-10-17T15:01:27.136+0000][3620.256s][debug][safepoint     ] Safepoint synchronization initiated. (181 threads)
[2023-10-17T15:01:27.136+0000][3620.257s][info ][safepoint     ] Application time: 1.0009365 seconds
[2023-10-17T15:01:27.137+0000][3620.258s][info ][safepoint     ] Entering safepoint region: Cleanup
[2023-10-17T15:01:27.138+0000][3620.259s][info ][safepoint     ] Leaving safepoint region
[2023-10-17T15:01:27.139+0000][3620.259s][info ][safepoint     ] Total time for which application threads were stopped: 0.0018358 seconds, Stopping threads took: 0.0008168 seconds
[2023-10-17T15:01:28.140+0000][3621.260s][debug][safepoint     ] Safepoint synchronization initiated. (181 threads)
[2023-10-17T15:01:28.141+0000][3621.261s][info ][safepoint     ] Application time: 1.0011077 seconds
[2023-10-17T15:01:28.141+0000][3621.262s][info ][safepoint     ] Entering safepoint region: Cleanup
[2023-10-17T15:01:28.142+0000][3621.263s][info ][safepoint     ] Leaving safepoint region
[2023-10-17T15:01:28.143+0000][3621.264s][info ][safepoint     ] Total time for which application threads were stopped: 0.0021210 seconds, Stopping threads took: 0.0006750 seconds
[2023-10-17T15:01:29.144+0000][3622.265s][debug][safepoint     ] Safepoint synchronization initiated. (181 threads)
[2023-10-17T15:01:29.146+0000][3622.266s][info ][safepoint     ] Application time: 1.0016638 seconds
[2023-10-17T15:01:29.147+0000][3622.267s][info ][safepoint     ] Entering safepoint region: Cleanup
[2023-10-17T15:01:29.147+0000][3622.268s][info ][safepoint     ] Leaving safepoint region
[2023-10-17T15:01:29.148+0000][3622.269s][info ][safepoint     ] Total time for which application threads were stopped: 0.0018396 seconds, Stopping threads took: 0.0007410 seconds
[2023-10-17T15:01:30.149+0000][3623.270s][debug][safepoint     ] Safepoint synchronization initiated. (181 threads)
[2023-10-17T15:01:30.150+0000][3623.271s][info ][safepoint     ] Application time: 1.0010136 seconds
[2023-10-17T15:01:30.151+0000][3623.272s][info ][safepoint     ] Entering safepoint region: Cleanup
[2023-10-17T15:01:30.153+0000][3623.273s][info ][safepoint     ] Leaving safepoint region
[2023-10-17T15:01:30.154+0000][3623.274s][info ][safepoint     ] Total time for which application threads were stopped: 0.0028210 seconds, Stopping threads took: 0.0009853 seconds
[2023-10-17T15:01:31.155+0000][3624.276s][debug][safepoint     ] Safepoint synchronization initiated. (181 threads)
[2023-10-17T15:01:31.156+0000][3624.277s][info ][safepoint     ] Application time: 1.0012696 seconds
[2023-10-17T15:01:31.157+0000][3624.278s][info ][safepoint     ] Entering safepoint region: Cleanup
[2023-10-17T15:01:31.158+0000][3624.279s][info ][safepoint     ] Leaving safepoint region
[2023-10-17T15:01:31.159+0000][3624.279s][info ][safepoint     ] Total time for which application threads were stopped: 0.0016753 seconds, Stopping threads took: 0.0008188 seconds
[2023-10-17T15:01:32.160+0000][3625.280s][debug][safepoint     ] Safepoint synchronization initiated. (181 threads)
[2023-10-17T15:01:32.161+0000][3625.281s][info ][safepoint     ] Application time: 1.0011841 seconds
[2023-10-17T15:01:32.162+0000][3625.282s][info ][safepoint     ] Entering safepoint region: Cleanup
[2023-10-17T15:01:32.163+0000][3625.283s][info ][safepoint     ] Leaving safepoint region
[2023-10-17T15:01:32.164+0000][3625.284s][info ][safepoint     ] Total time for which application threads were stopped: 0.0019056 seconds, Stopping threads took: 0.0008420 seconds
[2023-10-17T15:01:33.165+0000][3626.285s][debug][safepoint     ] Safepoint synchronization initiated. (181 threads)
[2023-10-17T15:01:33.166+0000][3626.286s][info ][safepoint     ] Application time: 1.0012712 seconds
[2023-10-17T15:01:33.166+0000][3626.287s][info ][safepoint     ] Entering safepoint region: Cleanup
[2023-10-17T15:01:33.167+0000][3626.288s][info ][safepoint     ] Leaving safepoint region
[2023-10-17T15:01:33.169+0000][3626.289s][info ][safepoint     ] Total time for which application threads were stopped: 0.0024866 seconds, Stopping threads took: 0.0008026 seconds
[2023-10-17T15:01:34.170+0000][3627.290s][debug][safepoint     ] Safepoint synchronization initiated. (181 threads)
[2023-10-17T15:01:34.171+0000][3627.291s][info ][safepoint     ] Application time: 1.0011305 seconds
[2023-10-17T15:01:34.172+0000][3627.292s][info ][safepoint     ] Entering safepoint region: Cleanup
[2023-10-17T15:01:34.173+0000][3627.294s][info ][safepoint     ] Leaving safepoint region
[2023-10-17T15:01:34.174+0000][3627.295s][info ][safepoint     ] Total time for which application threads were stopped: 0.0021443 seconds, Stopping threads took: 0.0009784 seconds
[2023-10-17T15:01:35.175+0000][3628.296s][debug][safepoint     ] Safepoint synchronization initiated. (181 threads)
[2023-10-17T15:01:35.176+0000][3628.296s][info ][safepoint     ] Application time: 1.0011283 seconds
[2023-10-17T15:01:35.176+0000][3628.297s][info ][safepoint     ] Entering safepoint region: Cleanup
[2023-10-17T15:01:35.177+0000][3628.298s][info ][safepoint     ] Leaving safepoint region
[2023-10-17T15:01:35.179+0000][3628.299s][info ][safepoint     ] Total time for which application threads were stopped: 0.0022115 seconds, Stopping threads took: 0.0007542 seconds
[2023-10-17T15:01:36.180+0000][3629.300s][debug][safepoint     ] Safepoint synchronization initiated. (181 threads)
[2023-10-17T15:01:36.181+0000][3629.302s][info ][safepoint     ] Application time: 1.0016371 seconds
[2023-10-17T15:01:36.183+0000][3629.303s][info ][safepoint     ] Entering safepoint region: Cleanup
[2023-10-17T15:01:36.184+0000][3629.305s][info ][safepoint     ] Leaving safepoint region
[2023-10-17T15:01:36.185+0000][3629.306s][info ][safepoint     ] Total time for which application threads were stopped: 0.0026788 seconds, Stopping threads took: 0.0011991 seconds
[2023-10-17T15:01:37.187+0000][3630.307s][debug][safepoint     ] Safepoint synchronization initiated. (181 threads)
[2023-10-17T15:01:37.188+0000][3630.308s][info ][safepoint     ] Application time: 1.0012455 seconds
[2023-10-17T15:01:37.189+0000][3630.309s][info ][safepoint     ] Entering safepoint region: Cleanup
[2023-10-17T15:01:37.190+0000][3630.311s][info ][safepoint     ] Leaving safepoint region
[2023-10-17T15:01:37.191+0000][3630.311s][info ][safepoint     ] Total time for which application threads were stopped: 0.0018577 seconds, Stopping threads took: 0.0008869 seconds
[2023-10-17T15:01:38.191+0000][3631.312s][debug][safepoint     ] Safepoint synchronization initiated. (181 threads)
[2023-10-17T15:01:38.192+0000][3631.313s][info ][safepoint     ] Application time: 1.0008758 seconds
[2023-10-17T15:01:38.193+0000][3631.314s][info ][safepoint     ] Entering safepoint region: Cleanup
[2023-10-17T15:01:38.195+0000][3631.316s][info ][safepoint     ] Leaving safepoint region
[2023-10-17T15:01:38.196+0000][3631.316s][info ][safepoint     ] Total time for which application threads were stopped: 0.0026308 seconds, Stopping threads took: 0.0007961 seconds
[2023-10-17T15:01:39.197+0000][3632.317s][debug][safepoint     ] Safepoint synchronization initiated. (181 threads)
[2023-10-17T15:01:39.197+0000][3632.318s][info ][safepoint     ] Application time: 1.0011409 seconds
[2023-10-17T15:01:39.198+0000][3632.319s][info ][safepoint     ] Entering safepoint region: Cleanup
[2023-10-17T15:01:39.200+0000][3632.320s][info ][safepoint     ] Leaving safepoint region
[2023-10-17T15:01:39.200+0000][3632.321s][info ][safepoint     ] Total time for which application threads were stopped: 0.0022236 seconds, Stopping threads took: 0.0010679 seconds
[2023-10-17T15:01:40.201+0000][3633.322s][debug][safepoint     ] Safepoint synchronization initiated. (181 threads)
[2023-10-17T15:01:40.203+0000][3633.323s][info ][safepoint     ] Application time: 1.0014232 seconds
[2023-10-17T15:01:40.203+0000][3633.324s][info ][safepoint     ] Entering safepoint region: Cleanup
[2023-10-17T15:01:40.205+0000][3633.325s][info ][safepoint     ] Leaving safepoint region
[2023-10-17T15:01:40.205+0000][3633.326s][info ][safepoint     ] Total time for which application threads were stopped: 0.0019573 seconds, Stopping threads took: 0.0009687 seconds
[2023-10-17T15:01:41.206+0000][3634.327s][debug][safepoint     ] Safepoint synchronization initiated. (181 threads)
[2023-10-17T15:01:41.207+0000][3634.328s][info ][safepoint     ] Application time: 1.0011670 seconds
[2023-10-17T15:01:41.208+0000][3634.328s][info ][safepoint     ] Entering safepoint region: Cleanup
[2023-10-17T15:01:41.209+0000][3634.329s][info ][safepoint     ] Leaving safepoint region
[2023-10-17T15:01:41.210+0000][3634.330s][info ][safepoint     ] Total time for which application threads were stopped: 0.0019243 seconds, Stopping threads took: 0.0006244 seconds
[2023-10-17T15:01:42.211+0000][3635.331s][debug][safepoint     ] Safepoint synchronization initiated. (181 threads)
[2023-10-17T15:01:42.212+0000][3635.332s][info ][safepoint     ] Application time: 1.0012704 seconds
[2023-10-17T15:01:42.212+0000][3635.333s][info ][safepoint     ] Entering safepoint region: Cleanup
[2023-10-17T15:01:42.213+0000][3635.334s][info ][safepoint     ] Leaving safepoint region
[2023-10-17T15:01:42.214+0000][3635.335s][info ][safepoint     ] Total time for which application threads were stopped: 0.0017478 seconds, Stopping threads took: 0.0007993 seconds
[2023-10-17T15:01:43.215+0000][3636.336s][debug][safepoint     ] Safepoint synchronization initiated. (181 threads)
[2023-10-17T15:01:43.216+0000][3636.336s][info ][safepoint     ] Application time: 1.0011564 seconds
[2023-10-17T15:01:43.217+0000][3636.337s][info ][safepoint     ] Entering safepoint region: Cleanup
[2023-10-17T15:01:43.218+0000][3636.338s][info ][safepoint     ] Leaving safepoint region
[2023-10-17T15:01:43.219+0000][3636.339s][info ][safepoint     ] Total time for which application threads were stopped: 0.0019100 seconds, Stopping threads took: 0.0008734 seconds
[2023-10-17T15:01:44.220+0000][3637.340s][debug][safepoint     ] Safepoint synchronization initiated. (181 threads)
[2023-10-17T15:01:44.221+0000][3637.342s][info ][safepoint     ] Application time: 1.0016525 seconds
[2023-10-17T15:01:44.222+0000][3637.342s][info ][safepoint     ] Entering safepoint region: Cleanup
[2023-10-17T15:01:44.223+0000][3637.344s][info ][safepoint     ] Leaving safepoint region
[2023-10-17T15:01:44.224+0000][3637.345s][info ][safepoint     ] Total time for which application threads were stopped: 0.0022922 seconds, Stopping threads took: 0.0009745 seconds
[2023-10-17T15:01:45.225+0000][3638.346s][debug][safepoint     ] Safepoint synchronization initiated. (181 threads)
[2023-10-17T15:01:45.226+0000][3638.347s][info ][safepoint     ] Application time: 1.0014682 seconds
[2023-10-17T15:01:45.227+0000][3638.348s][info ][safepoint     ] Entering safepoint region: Cleanup
[2023-10-17T15:01:45.228+0000][3638.349s][info ][safepoint     ] Leaving safepoint region
[2023-10-17T15:01:45.229+0000][3638.350s][info ][safepoint     ] Total time for which application threads were stopped: 0.0015557 seconds, Stopping threads took: 0.0007675 seconds
[2023-10-17T15:01:46.230+0000][3639.351s][debug][safepoint     ] Safepoint synchronization initiated. (181 threads)
[2023-10-17T15:01:46.231+0000][3639.352s][info ][safepoint     ] Application time: 1.0012941 seconds
[2023-10-17T15:01:46.232+0000][3639.352s][info ][safepoint     ] Entering safepoint region: Cleanup
[2023-10-17T15:01:46.233+0000][3639.354s][info ][safepoint     ] Leaving safepoint region
[2023-10-17T15:01:46.234+0000][3639.355s][info ][safepoint     ] Total time for which application threads were stopped: 0.0023314 seconds, Stopping threads took: 0.0009442 seconds
[2023-10-17T15:01:47.236+0000][3640.356s][debug][safepoint     ] Safepoint synchronization initiated. (181 threads)
[2023-10-17T15:01:47.237+0000][3640.357s][info ][safepoint     ] Application time: 1.0017600 seconds
[2023-10-17T15:01:47.238+0000][3640.358s][info ][safepoint     ] Entering safepoint region: Cleanup
[2023-10-17T15:01:47.239+0000][3640.359s][info ][safepoint     ] Leaving safepoint region
[2023-10-17T15:01:47.239+0000][3640.360s][info ][safepoint     ] Total time for which application threads were stopped: 0.0017979 seconds, Stopping threads took: 0.0008693 seconds
[2023-10-17T15:01:47.239+0000][3640.359s][debug][safepoint     ] ... found polling page return exception at pc = 0x00007fc1a54a9604, stub =0x00007fc19c840600
[2023-10-17T15:01:48.240+0000][3641.361s][debug][safepoint     ] Safepoint synchronization initiated. (181 threads)
[2023-10-17T15:01:48.242+0000][3641.362s][info ][safepoint     ] Application time: 1.0014520 seconds
[2023-10-17T15:01:48.242+0000][3641.363s][info ][safepoint     ] Entering safepoint region: Cleanup
[2023-10-17T15:01:48.244+0000][3641.364s][info ][safepoint     ] Leaving safepoint region
[2023-10-17T15:01:48.244+0000][3641.365s][info ][safepoint     ] Total time for which application threads were stopped: 0.0018286 seconds, Stopping threads took: 0.0008104 seconds
[2023-10-17T15:01:49.233+0000][3642.366s][debug][safepoint     ] Safepoint synchronization initiated. (181 threads)
[2023-10-17T15:01:49.234+0000][3642.367s][info ][safepoint     ] Application time: 1.0012775 seconds
[2023-10-17T15:01:49.235+0000][3642.368s][info ][safepoint     ] Entering safepoint region: Cleanup
[2023-10-17T15:01:49.236+0000][3642.369s][info ][safepoint     ] Leaving safepoint region
[2023-10-17T15:01:49.236+0000][3642.369s][info ][safepoint     ] Total time for which application threads were stopped: 0.0018339 seconds, Stopping threads took: 0.0007812 seconds
[2023-10-17T15:01:50.237+0000][3643.370s][debug][safepoint     ] Safepoint synchronization initiated. (181 threads)
[2023-10-17T15:01:50.239+0000][3643.372s][info ][safepoint     ] Application time: 1.0018919 seconds
[2023-10-17T15:01:50.240+0000][3643.373s][info ][safepoint     ] Entering safepoint region: Cleanup
[2023-10-17T15:01:50.241+0000][3643.374s][info ][safepoint     ] Leaving safepoint region
[2023-10-17T15:01:50.242+0000][3643.375s][info ][safepoint     ] Total time for which application threads were stopped: 0.0022090 seconds, Stopping threads took: 0.0010623 seconds
[2023-10-17T15:01:51.243+0000][3644.376s][debug][safepoint     ] Safepoint synchronization initiated. (181 threads)
[2023-10-17T15:01:51.244+0000][3644.377s][info ][safepoint     ] Application time: 1.0010249 seconds
[2023-10-17T15:01:51.245+0000][3644.378s][info ][safepoint     ] Entering safepoint region: Cleanup
[2023-10-17T15:01:51.247+0000][3644.380s][info ][safepoint     ] Leaving safepoint region
[2023-10-17T15:01:51.248+0000][3644.381s][info ][safepoint     ] Total time for which application threads were stopped: 0.0028589 seconds, Stopping threads took: 0.0015161 seconds
[2023-10-17T15:01:52.249+0000][3645.382s][debug][safepoint     ] Safepoint synchronization initiated. (181 threads)
[2023-10-17T15:01:52.250+0000][3645.383s][info ][safepoint     ] Application time: 1.0013993 seconds
[2023-10-17T15:01:52.251+0000][3645.384s][info ][safepoint     ] Entering safepoint region: Cleanup
[2023-10-17T15:01:52.252+0000][3645.385s][info ][safepoint     ] Leaving safepoint region
[2023-10-17T15:01:52.253+0000][3645.386s][info ][safepoint     ] Total time for which application threads were stopped: 0.0025495 seconds, Stopping threads took: 0.0010132 seconds
[2023-10-17T15:01:53.255+0000][3646.388s][debug][safepoint     ] Safepoint synchronization initiated. (185 threads)
[2023-10-17T15:01:53.255+0000][3646.388s][info ][safepoint     ] Application time: 1.0008081 seconds
[2023-10-17T15:01:53.256+0000][3646.389s][info ][safepoint     ] Entering safepoint region: Cleanup
[2023-10-17T15:01:53.256+0000][3646.389s][info ][safepoint     ] Leaving safepoint region
[2023-10-17T15:01:53.257+0000][3646.390s][info ][safepoint     ] Total time for which application threads were stopped: 0.0010750 seconds, Stopping threads took: 0.0004267 seconds
[2023-10-17T15:01:54.257+0000][3647.390s][debug][safepoint     ] Safepoint synchronization initiated. (185 threads)
[2023-10-17T15:01:54.258+0000][3647.391s][info ][safepoint     ] Application time: 1.0011682 seconds
[2023-10-17T15:01:54.259+0000][3647.392s][info ][safepoint     ] Entering safepoint region: Cleanup
[2023-10-17T15:01:54.260+0000][3647.393s][info ][safepoint     ] Leaving safepoint region
[2023-10-17T15:01:54.261+0000][3647.394s][info ][safepoint     ] Total time for which application threads were stopped: 0.0016388 seconds, Stopping threads took: 0.0006642 seconds
[2023-10-17T15:01:55.262+0000][3648.395s][debug][safepoint     ] Safepoint synchronization initiated. (185 threads)
[2023-10-17T15:01:55.263+0000][3648.396s][info ][safepoint     ] Application time: 1.0012630 seconds
[2023-10-17T15:01:55.264+0000][3648.397s][info ][safepoint     ] Entering safepoint region: Cleanup
[2023-10-17T15:01:55.265+0000][3648.398s][info ][safepoint     ] Leaving safepoint region
[2023-10-17T15:01:55.267+0000][3648.400s][info ][safepoint     ] Total time for which application threads were stopped: 0.0024019 seconds, Stopping threads took: 0.0008844 seconds
[2023-10-17T15:01:56.268+0000][3649.401s][debug][safepoint     ] Safepoint synchronization initiated. (185 threads)
[2023-10-17T15:01:56.269+0000][3649.402s][info ][safepoint     ] Application time: 1.0014208 seconds
[2023-10-17T15:01:56.270+0000][3649.403s][info ][safepoint     ] Entering safepoint region: Cleanup
[2023-10-17T15:01:56.271+0000][3649.404s][info ][safepoint     ] Leaving safepoint region
[2023-10-17T15:01:56.272+0000][3649.405s][info ][safepoint     ] Total time for which application threads were stopped: 0.0019741 seconds, Stopping threads took: 0.0008670 seconds
[2023-10-17T15:01:57.273+0000][3650.406s][debug][safepoint     ] Safepoint synchronization initiated. (185 threads)
[2023-10-17T15:01:57.274+0000][3650.407s][info ][safepoint     ] Application time: 1.0011197 seconds
[2023-10-17T15:01:57.275+0000][3650.408s][info ][safepoint     ] Entering safepoint region: Cleanup
[2023-10-17T15:01:57.276+0000][3650.409s][info ][safepoint     ] Leaving safepoint region
[2023-10-17T15:01:57.277+0000][3650.410s][info ][safepoint     ] Total time for which application threads were stopped: 0.0017029 seconds, Stopping threads took: 0.0008532 seconds
[2023-10-17T15:01:58.278+0000][3651.411s][debug][safepoint     ] Safepoint synchronization initiated. (184 threads)
[2023-10-17T15:01:58.279+0000][3651.412s][info ][safepoint     ] Application time: 1.0014049 seconds
[2023-10-17T15:01:58.279+0000][3651.412s][info ][safepoint     ] Entering safepoint region: Cleanup
[2023-10-17T15:01:58.280+0000][3651.413s][info ][safepoint     ] Leaving safepoint region
[2023-10-17T15:01:58.281+0000][3651.414s][info ][safepoint     ] Total time for which application threads were stopped: 0.0019979 seconds, Stopping threads took: 0.0006276 seconds
[2023-10-17T15:01:59.282+0000][3652.415s][debug][safepoint     ] Safepoint synchronization initiated. (184 threads)
[2023-10-17T15:01:59.283+0000][3652.416s][info ][safepoint     ] Application time: 1.0011752 seconds
[2023-10-17T15:01:59.285+0000][3652.418s][info ][safepoint     ] Entering safepoint region: Cleanup
[2023-10-17T15:01:59.287+0000][3652.420s][info ][safepoint     ] Leaving safepoint region
[2023-10-17T15:01:59.287+0000][3652.420s][info ][safepoint     ] Total time for which application threads were stopped: 0.0030188 seconds, Stopping threads took: 0.0020280 seconds
[2023-10-17T15:02:00.288+0000][3653.421s][debug][safepoint     ] Safepoint synchronization initiated. (184 threads)
[2023-10-17T15:02:00.289+0000][3653.422s][info ][safepoint     ] Application time: 1.0012866 seconds
[2023-10-17T15:02:00.290+0000][3653.423s][info ][safepoint     ] Entering safepoint region: Cleanup
[2023-10-17T15:02:00.291+0000][3653.424s][info ][safepoint     ] Leaving safepoint region
[2023-10-17T15:02:00.292+0000][3653.425s][info ][safepoint     ] Total time for which application threads were stopped: 0.0018149 seconds, Stopping threads took: 0.0007342 seconds
[2023-10-17T15:02:01.293+0000][3654.426s][debug][safepoint     ] Safepoint synchronization initiated. (184 threads)
[2023-10-17T15:02:01.294+0000][3654.427s][info ][safepoint     ] Application time: 1.0010489 seconds
[2023-10-17T15:02:01.294+0000][3654.427s][info ][safepoint     ] Entering safepoint region: Cleanup
[2023-10-17T15:02:01.295+0000][3654.428s][info ][safepoint     ] Leaving safepoint region
[2023-10-17T15:02:01.296+0000][3654.429s][info ][safepoint     ] Total time for which application threads were stopped: 0.0016833 seconds, Stopping threads took: 0.0006871 seconds
[2023-10-17T15:02:02.297+0000][3655.430s][debug][safepoint     ] Safepoint synchronization initiated. (184 threads)
[2023-10-17T15:02:02.298+0000][3655.431s][info ][safepoint     ] Application time: 1.0010835 seconds
[2023-10-17T15:02:02.299+0000][3655.432s][info ][safepoint     ] Entering safepoint region: Cleanup
[2023-10-17T15:02:02.300+0000][3655.433s][info ][safepoint     ] Leaving safepoint region
[2023-10-17T15:02:02.300+0000][3655.433s][info ][safepoint     ] Total time for which application threads were stopped: 0.0016940 seconds, Stopping threads took: 0.0007674 seconds
[2023-10-17T15:02:03.301+0000][3656.434s][debug][safepoint     ] Safepoint synchronization initiated. (184 threads)
[2023-10-17T15:02:03.302+0000][3656.435s][info ][safepoint     ] Application time: 1.0012990 seconds
[2023-10-17T15:02:03.303+0000][3656.436s][debug][safepoint     ] ... found polling page return exception at pc = 0x00007fc1a4b0dc74, stub =0x00007fc19c840600
[2023-10-17T15:02:03.303+0000][3656.436s][debug][safepoint     ] ... found polling page return exception at pc = 0x00007fc1a54a9604, stub =0x00007fc19c840600
[2023-10-17T15:02:03.304+0000][3656.437s][debug][safepoint     ] Waiting for 2 thread(s) to block
[2023-10-17T15:02:03.305+0000][3656.438s][info ][safepoint     ] Entering safepoint region: Cleanup
[2023-10-17T15:02:03.306+0000][3656.440s][info ][safepoint     ] Leaving safepoint region
[2023-10-17T15:02:03.308+0000][3656.441s][info ][safepoint     ] Total time for which application threads were stopped: 0.0044483 seconds, Stopping threads took: 0.0031308 seconds
[2023-10-17T15:02:04.309+0000][3657.442s][debug][safepoint     ] Safepoint synchronization initiated. (184 threads)
[2023-10-17T15:02:04.310+0000][3657.443s][info ][safepoint     ] Application time: 1.0012323 seconds
[2023-10-17T15:02:04.311+0000][3657.444s][info ][safepoint     ] Entering safepoint region: Cleanup
[2023-10-17T15:02:04.312+0000][3657.445s][info ][safepoint     ] Leaving safepoint region
[2023-10-17T15:02:04.313+0000][3657.446s][info ][safepoint     ] Total time for which application threads were stopped: 0.0021721 seconds, Stopping threads took: 0.0008907 seconds
[2023-10-17T15:02:05.314+0000][3658.447s][debug][safepoint     ] Safepoint synchronization initiated. (184 threads)
[2023-10-17T15:02:05.315+0000][3658.448s][info ][safepoint     ] Application time: 1.0015089 seconds
[2023-10-17T15:02:05.316+0000][3658.449s][info ][safepoint     ] Entering safepoint region: Cleanup
[2023-10-17T15:02:05.317+0000][3658.450s][info ][safepoint     ] Leaving safepoint region
[2023-10-17T15:02:05.317+0000][3658.450s][info ][safepoint     ] Total time for which application threads were stopped: 0.0017506 seconds, Stopping threads took: 0.0007126 seconds
[2023-10-17T15:02:06.319+0000][3659.452s][debug][safepoint     ] Safepoint synchronization initiated. (184 threads)
[2023-10-17T15:02:06.320+0000][3659.453s][info ][safepoint     ] Application time: 1.0014670 seconds
[2023-10-17T15:02:06.321+0000][3659.454s][info ][safepoint     ] Entering safepoint region: Cleanup
[2023-10-17T15:02:06.321+0000][3659.454s][info ][safepoint     ] Leaving safepoint region
[2023-10-17T15:02:06.322+0000][3659.455s][info ][safepoint     ] Total time for which application threads were stopped: 0.0015525 seconds, Stopping threads took: 0.0004880 seconds
[2023-10-17T15:02:07.323+0000][3660.456s][debug][safepoint     ] Safepoint synchronization initiated. (184 threads)
[2023-10-17T15:02:07.325+0000][3660.458s][info ][safepoint     ] Application time: 1.0019454 seconds
[2023-10-17T15:02:07.326+0000][3660.459s][info ][safepoint     ] Entering safepoint region: Cleanup
[2023-10-17T15:02:07.327+0000][3660.460s][info ][safepoint     ] Leaving safepoint region
[2023-10-17T15:02:07.328+0000][3660.461s][info ][safepoint     ] Total time for which application threads were stopped: 0.0025781 seconds, Stopping threads took: 0.0010118 seconds
[2023-10-17T15:02:08.330+0000][3661.463s][debug][safepoint     ] Safepoint synchronization initiated. (184 threads)
[2023-10-17T15:02:08.330+0000][3661.463s][info ][safepoint     ] Application time: 1.0008934 seconds
[2023-10-17T15:02:08.333+0000][3661.466s][info ][safepoint     ] Entering safepoint region: Cleanup
[2023-10-17T15:02:08.334+0000][3661.467s][info ][safepoint     ] Leaving safepoint region
[2023-10-17T15:02:08.335+0000][3661.468s][info ][safepoint     ] Total time for which application threads were stopped: 0.0020744 seconds, Stopping threads took: 0.0010386 seconds
[2023-10-17T15:02:09.335+0000][3662.468s][debug][safepoint     ] Safepoint synchronization initiated. (184 threads)
[2023-10-17T15:02:09.337+0000][3662.470s][info ][safepoint     ] Application time: 1.0013445 seconds
[2023-10-17T15:02:09.337+0000][3662.470s][info ][safepoint     ] Entering safepoint region: Cleanup
[2023-10-17T15:02:09.339+0000][3662.472s][info ][safepoint     ] Leaving safepoint region
[2023-10-17T15:02:09.340+0000][3662.473s][info ][safepoint     ] Total time for which application threads were stopped: 0.0025601 seconds, Stopping threads took: 0.0011641 seconds
[2023-10-17T15:02:10.342+0000][3663.475s][debug][safepoint     ] Safepoint synchronization initiated. (184 threads)
[2023-10-17T15:02:10.342+0000][3663.475s][info ][safepoint     ] Application time: 1.0010753 seconds
[2023-10-17T15:02:10.343+0000][3663.476s][info ][safepoint     ] Entering safepoint region: Cleanup
[2023-10-17T15:02:10.344+0000][3663.477s][info ][safepoint     ] Leaving safepoint region
[2023-10-17T15:02:10.345+0000][3663.478s][info ][safepoint     ] Total time for which application threads were stopped: 0.0022075 seconds, Stopping threads took: 0.0007087 seconds
[2023-10-17T15:02:11.347+0000][3664.480s][debug][safepoint     ] Safepoint synchronization initiated. (185 threads)
[2023-10-17T15:02:11.349+0000][3664.482s][info ][safepoint     ] Application time: 1.0016675 seconds
[2023-10-17T15:02:11.350+0000][3664.483s][info ][safepoint     ] Entering safepoint region: Cleanup
[2023-10-17T15:02:11.351+0000][3664.484s][info ][safepoint     ] Leaving safepoint region
[2023-10-17T15:02:11.352+0000][3664.485s][info ][safepoint     ] Total time for which application threads were stopped: 0.0022800 seconds, Stopping threads took: 0.0009909 seconds
[2023-10-17T15:02:12.353+0000][3665.486s][debug][safepoint     ] Safepoint synchronization initiated. (185 threads)
[2023-10-17T15:02:12.354+0000][3665.487s][info ][safepoint     ] Application time: 1.0016243 seconds
[2023-10-17T15:02:12.355+0000][3665.488s][info ][safepoint     ] Entering safepoint region: Cleanup
[2023-10-17T15:02:12.356+0000][3665.489s][info ][safepoint     ] Leaving safepoint region
[2023-10-17T15:02:12.356+0000][3665.489s][info ][safepoint     ] Total time for which application threads were stopped: 0.0013370 seconds, Stopping threads took: 0.0006232 seconds
[2023-10-17T15:02:13.357+0000][3666.491s][debug][safepoint     ] Safepoint synchronization initiated. (185 threads)
[2023-10-17T15:02:13.359+0000][3666.492s][info ][safepoint     ] Application time: 1.0018344 seconds
[2023-10-17T15:02:13.360+0000][3666.493s][info ][safepoint     ] Entering safepoint region: Cleanup
[2023-10-17T15:02:13.361+0000][3666.494s][info ][safepoint     ] Leaving safepoint region
[2023-10-17T15:02:13.362+0000][3666.495s][info ][safepoint     ] Total time for which application threads were stopped: 0.0026601 seconds, Stopping threads took: 0.0009211 seconds
[2023-10-17T15:02:14.364+0000][3667.497s][debug][safepoint     ] Safepoint synchronization initiated. (185 threads)
[2023-10-17T15:02:14.364+0000][3667.497s][info ][safepoint     ] Application time: 1.0011344 seconds
[2023-10-17T15:02:14.365+0000][3667.498s][info ][safepoint     ] Entering safepoint region: Cleanup
[2023-10-17T15:02:14.366+0000][3667.499s][info ][safepoint     ] Leaving safepoint region
[2023-10-17T15:02:14.367+0000][3667.500s][info ][safepoint     ] Total time for which application threads were stopped: 0.0014043 seconds, Stopping threads took: 0.0006861 seconds
[2023-10-17T15:02:15.368+0000][3668.501s][debug][safepoint     ] Safepoint synchronization initiated. (185 threads)
[2023-10-17T15:02:15.369+0000][3668.502s][info ][safepoint     ] Application time: 1.0016009 seconds
[2023-10-17T15:02:15.371+0000][3668.504s][info ][safepoint     ] Entering safepoint region: Cleanup
[2023-10-17T15:02:15.372+0000][3668.505s][info ][safepoint     ] Leaving safepoint region
[2023-10-17T15:02:15.373+0000][3668.506s][info ][safepoint     ] Total time for which application threads were stopped: 0.0026144 seconds, Stopping threads took: 0.0011273 seconds
[2023-10-17T15:02:16.374+0000][3669.507s][debug][safepoint     ] Safepoint synchronization initiated. (185 threads)
[2023-10-17T15:02:16.375+0000][3669.508s][info ][safepoint     ] Application time: 1.0011964 seconds
[2023-10-17T15:02:16.376+0000][3669.509s][info ][safepoint     ] Entering safepoint region: Cleanup
[2023-10-17T15:02:16.377+0000][3669.510s][info ][safepoint     ] Leaving safepoint region
[2023-10-17T15:02:16.377+0000][3669.511s][info ][safepoint     ] Total time for which application threads were stopped: 0.0016436 seconds, Stopping threads took: 0.0008192 seconds
[2023-10-17T15:02:17.378+0000][3670.511s][debug][safepoint     ] Safepoint synchronization initiated. (185 threads)
[2023-10-17T15:02:17.379+0000][3670.512s][info ][safepoint     ] Application time: 1.0009595 seconds
[2023-10-17T15:02:17.380+0000][3670.513s][info ][safepoint     ] Entering safepoint region: Cleanup
[2023-10-17T15:02:17.381+0000][3670.514s][info ][safepoint     ] Leaving safepoint region
[2023-10-17T15:02:17.381+0000][3670.514s][info ][safepoint     ] Total time for which application threads were stopped: 0.0016311 seconds, Stopping threads took: 0.0006527 seconds
[2023-10-17T15:02:18.383+0000][3671.516s][debug][safepoint     ] Safepoint synchronization initiated. (185 threads)
[2023-10-17T15:02:18.384+0000][3671.517s][info ][safepoint     ] Application time: 1.0020947 seconds
[2023-10-17T15:02:18.385+0000][3671.518s][info ][safepoint     ] Entering safepoint region: Cleanup
[2023-10-17T15:02:18.386+0000][3671.519s][info ][safepoint     ] Leaving safepoint region
[2023-10-17T15:02:18.387+0000][3671.520s][info ][safepoint     ] Total time for which application threads were stopped: 0.0021866 seconds, Stopping threads took: 0.0008615 seconds
[2023-10-17T15:02:19.389+0000][3672.521s][debug][safepoint     ] Safepoint synchronization initiated. (185 threads)
[2023-10-17T15:02:19.391+0000][3672.523s][info ][safepoint     ] Application time: 1.0018821 seconds
[2023-10-17T15:02:19.392+0000][3672.524s][info ][safepoint     ] Entering safepoint region: Cleanup
[2023-10-17T15:02:19.393+0000][3672.525s][info ][safepoint     ] Leaving safepoint region
[2023-10-17T15:02:19.394+0000][3672.526s][info ][safepoint     ] Total time for which application threads were stopped: 0.0021440 seconds, Stopping threads took: 0.0011003 seconds
[2023-10-17T15:02:20.395+0000][3673.527s][debug][safepoint     ] Safepoint synchronization initiated. (185 threads)
[2023-10-17T15:02:20.396+0000][3673.528s][info ][safepoint     ] Application time: 1.0019438 seconds
[2023-10-17T15:02:20.397+0000][3673.529s][info ][safepoint     ] Entering safepoint region: Cleanup
[2023-10-17T15:02:20.398+0000][3673.530s][info ][safepoint     ] Leaving safepoint region
[2023-10-17T15:02:20.399+0000][3673.531s][info ][safepoint     ] Total time for which application threads were stopped: 0.0018241 seconds, Stopping threads took: 0.0008557 seconds
[2023-10-17T15:02:21.400+0000][3674.532s][debug][safepoint     ] Safepoint synchronization initiated. (185 threads)
[2023-10-17T15:02:21.401+0000][3674.533s][info ][safepoint     ] Application time: 1.0013104 seconds
[2023-10-17T15:02:21.402+0000][3674.534s][info ][safepoint     ] Entering safepoint region: Cleanup
[2023-10-17T15:02:21.403+0000][3674.535s][info ][safepoint     ] Leaving safepoint region
[2023-10-17T15:02:21.404+0000][3674.536s][info ][safepoint     ] Total time for which application threads were stopped: 0.0018362 seconds, Stopping threads took: 0.0008082 seconds
[2023-10-17T15:02:22.405+0000][3675.537s][debug][safepoint     ] Safepoint synchronization initiated. (185 threads)
[2023-10-17T15:02:22.406+0000][3675.539s][info ][safepoint     ] Application time: 1.0020407 seconds
[2023-10-17T15:02:22.407+0000][3675.539s][info ][safepoint     ] Entering safepoint region: Cleanup
[2023-10-17T15:02:22.409+0000][3675.541s][info ][safepoint     ] Leaving safepoint region
[2023-10-17T15:02:22.409+0000][3675.542s][info ][safepoint     ] Total time for which application threads were stopped: 0.0020856 seconds, Stopping threads took: 0.0008370 seconds
[2023-10-17T15:02:23.411+0000][3676.543s][debug][safepoint     ] Safepoint synchronization initiated. (185 threads)
[2023-10-17T15:02:23.412+0000][3676.544s][info ][safepoint     ] Application time: 1.0012730 seconds
[2023-10-17T15:02:23.413+0000][3676.545s][info ][safepoint     ] Entering safepoint region: Cleanup
[2023-10-17T15:02:23.414+0000][3676.546s][info ][safepoint     ] Leaving safepoint region
[2023-10-17T15:02:23.415+0000][3676.547s][info ][safepoint     ] Total time for which application threads were stopped: 0.0022843 seconds, Stopping threads took: 0.0010007 seconds
[2023-10-17T15:02:24.416+0000][3677.548s][debug][safepoint     ] Safepoint synchronization initiated. (185 threads)
[2023-10-17T15:02:24.417+0000][3677.549s][info ][safepoint     ] Application time: 1.0012976 seconds
[2023-10-17T15:02:24.418+0000][3677.550s][info ][safepoint     ] Entering safepoint region: Cleanup
[2023-10-17T15:02:24.420+0000][3677.552s][info ][safepoint     ] Leaving safepoint region
[2023-10-17T15:02:24.420+0000][3677.552s][info ][safepoint     ] Total time for which application threads were stopped: 0.0021908 seconds, Stopping threads took: 0.0009889 seconds
[2023-10-17T15:02:25.421+0000][3678.554s][debug][safepoint     ] Safepoint synchronization initiated. (185 threads)
[2023-10-17T15:02:25.423+0000][3678.555s][info ][safepoint     ] Application time: 1.0014232 seconds
[2023-10-17T15:02:25.424+0000][3678.556s][info ][safepoint     ] Entering safepoint region: Cleanup
[2023-10-17T15:02:25.425+0000][3678.557s][info ][safepoint     ] Leaving safepoint region
[2023-10-17T15:02:25.426+0000][3678.558s][info ][safepoint     ] Total time for which application threads were stopped: 0.0024593 seconds, Stopping threads took: 0.0009611 seconds
[2023-10-17T15:02:26.428+0000][3679.560s][debug][safepoint     ] Safepoint synchronization initiated. (185 threads)
[2023-10-17T15:02:26.430+0000][3679.562s][info ][safepoint     ] Application time: 1.0028157 seconds
[2023-10-17T15:02:26.431+0000][3679.563s][info ][safepoint     ] Entering safepoint region: Cleanup
[2023-10-17T15:02:26.431+0000][3679.564s][info ][safepoint     ] Leaving safepoint region
[2023-10-17T15:02:26.432+0000][3679.564s][info ][safepoint     ] Total time for which application threads were stopped: 0.0015362 seconds, Stopping threads took: 0.0007002 seconds
[2023-10-17T15:02:27.435+0000][3680.567s][debug][safepoint     ] Safepoint synchronization initiated. (185 threads)
[2023-10-17T15:02:27.436+0000][3680.568s][info ][safepoint     ] Application time: 1.0012517 seconds
[2023-10-17T15:02:27.437+0000][3680.569s][info ][safepoint     ] Entering safepoint region: Cleanup
[2023-10-17T15:02:27.439+0000][3680.571s][info ][safepoint     ] Leaving safepoint region
[2023-10-17T15:02:27.440+0000][3680.572s][info ][safepoint     ] Total time for which application threads were stopped: 0.0032006 seconds, Stopping threads took: 0.0017173 seconds
[2023-10-17T15:02:27.439+0000][3680.572s][debug][safepoint     ] ... found polling page return exception at pc = 0x00007fc1a54a9604, stub =0x00007fc19c840600
[2023-10-17T15:02:27.439+0000][3680.572s][debug][safepoint     ] ... found polling page return exception at pc = 0x00007fc1a54a9604, stub =0x00007fc19c840600
[2023-10-17T15:02:27.439+0000][3680.572s][debug][safepoint     ] ... found polling page return exception at pc = 0x00007fc1a54a9604, stub =0x00007fc19c840600
[2023-10-17T15:02:27.439+0000][3680.572s][debug][safepoint     ] ... found polling page return exception at pc = 0x00007fc1a54a9604, stub =0x00007fc19c840600
[2023-10-17T15:02:27.439+0000][3680.572s][debug][safepoint     ] ... found polling page return exception at pc = 0x00007fc1a54a9604, stub =0x00007fc19c840600
[2023-10-17T15:02:27.439+0000][3680.572s][debug][safepoint     ] ... found polling page return exception at pc = 0x00007fc1a54a9604, stub =0x00007fc19c840600
[2023-10-17T15:02:27.439+0000][3680.572s][debug][safepoint     ] ... found polling page return exception at pc = 0x00007fc1a54a9604, stub =0x00007fc19c840600
[2023-10-17T15:02:28.442+0000][3681.574s][debug][safepoint     ] Safepoint synchronization initiated. (185 threads)
[2023-10-17T15:02:28.443+0000][3681.575s][info ][safepoint     ] Application time: 1.0014577 seconds
[2023-10-17T15:02:28.444+0000][3681.576s][info ][safepoint     ] Entering safepoint region: Cleanup
[2023-10-17T15:02:28.445+0000][3681.577s][info ][safepoint     ] Leaving safepoint region
[2023-10-17T15:02:28.445+0000][3681.577s][info ][safepoint     ] Total time for which application threads were stopped: 0.0016179 seconds, Stopping threads took: 0.0006752 seconds
[2023-10-17T15:02:29.446+0000][3682.578s][debug][safepoint     ] Safepoint synchronization initiated. (185 threads)
[2023-10-17T15:02:29.448+0000][3682.580s][info ][safepoint     ] Application time: 1.0015016 seconds
[2023-10-17T15:02:29.449+0000][3682.581s][info ][safepoint     ] Entering safepoint region: Cleanup
[2023-10-17T15:02:29.450+0000][3682.582s][info ][safepoint     ] Leaving safepoint region
[2023-10-17T15:02:29.451+0000][3682.583s][info ][safepoint     ] Total time for which application threads were stopped: 0.0025088 seconds, Stopping threads took: 0.0011373 seconds
[2023-10-17T15:02:30.453+0000][3683.585s][debug][safepoint     ] Safepoint synchronization initiated. (185 threads)
[2023-10-17T15:02:30.454+0000][3683.586s][info ][safepoint     ] Application time: 1.0017280 seconds
[2023-10-17T15:02:30.455+0000][3683.587s][info ][safepoint     ] Entering safepoint region: Cleanup
[2023-10-17T15:02:30.456+0000][3683.588s][info ][safepoint     ] Leaving safepoint region
[2023-10-17T15:02:30.457+0000][3683.589s][info ][safepoint     ] Total time for which application threads were stopped: 0.0018039 seconds, Stopping threads took: 0.0006974 seconds
[2023-10-17T15:02:31.458+0000][3684.590s][debug][safepoint     ] Safepoint synchronization initiated. (185 threads)
[2023-10-17T15:02:31.459+0000][3684.591s][info ][safepoint     ] Application time: 1.0009093 seconds
[2023-10-17T15:02:31.459+0000][3684.591s][info ][safepoint     ] Entering safepoint region: Cleanup
[2023-10-17T15:02:31.460+0000][3684.592s][info ][safepoint     ] Leaving safepoint region
[2023-10-17T15:02:31.461+0000][3684.593s][info ][safepoint     ] Total time for which application threads were stopped: 0.0015255 seconds, Stopping threads took: 0.0005766 seconds
[2023-10-17T15:02:32.462+0000][3685.594s][debug][safepoint     ] Safepoint synchronization initiated. (185 threads)
[2023-10-17T15:02:32.463+0000][3685.595s][info ][safepoint     ] Application time: 1.0013321 seconds
[2023-10-17T15:02:32.464+0000][3685.596s][info ][safepoint     ] Entering safepoint region: Cleanup
[2023-10-17T15:02:32.465+0000][3685.597s][info ][safepoint     ] Leaving safepoint region
[2023-10-17T15:02:32.466+0000][3685.598s][info ][safepoint     ] Total time for which application threads were stopped: 0.0022914 seconds, Stopping threads took: 0.0006613 seconds
[2023-10-17T15:02:33.467+0000][3686.599s][debug][safepoint     ] Safepoint synchronization initiated. (185 threads)
[2023-10-17T15:02:33.469+0000][3686.601s][info ][safepoint     ] Application time: 1.0017575 seconds
[2023-10-17T15:02:33.470+0000][3686.602s][info ][safepoint     ] Entering safepoint region: Cleanup
[2023-10-17T15:02:33.471+0000][3686.603s][info ][safepoint     ] Leaving safepoint region
[2023-10-17T15:02:33.472+0000][3686.604s][info ][safepoint     ] Total time for which application threads were stopped: 0.0025403 seconds, Stopping threads took: 0.0011320 seconds
[2023-10-17T15:02:34.474+0000][3687.606s][debug][safepoint     ] Safepoint synchronization initiated. (185 threads)
[2023-10-17T15:02:34.475+0000][3687.607s][info ][safepoint     ] Application time: 1.0013933 seconds
[2023-10-17T15:02:34.476+0000][3687.608s][info ][safepoint     ] Entering safepoint region: Cleanup
[2023-10-17T15:02:34.477+0000][3687.609s][info ][safepoint     ] Leaving safepoint region
[2023-10-17T15:02:34.478+0000][3687.610s][info ][safepoint     ] Total time for which application threads were stopped: 0.0019702 seconds, Stopping threads took: 0.0007835 seconds
[2023-10-17T15:02:35.479+0000][3688.611s][debug][safepoint     ] Safepoint synchronization initiated. (185 threads)
[2023-10-17T15:02:35.479+0000][3688.611s][info ][safepoint     ] Application time: 1.0008380 seconds
[2023-10-17T15:02:35.480+0000][3688.612s][info ][safepoint     ] Entering safepoint region: Cleanup
[2023-10-17T15:02:35.481+0000][3688.613s][info ][safepoint     ] Leaving safepoint region
[2023-10-17T15:02:35.482+0000][3688.615s][info ][safepoint     ] Total time for which application threads were stopped: 0.0023266 seconds, Stopping threads took: 0.0006158 seconds
[2023-10-17T15:02:36.483+0000][3689.615s][debug][safepoint     ] Safepoint synchronization initiated. (185 threads)
[2023-10-17T15:02:36.484+0000][3689.616s][info ][safepoint     ] Application time: 1.0013592 seconds
[2023-10-17T15:02:36.485+0000][3689.617s][info ][safepoint     ] Entering safepoint region: Cleanup
[2023-10-17T15:02:36.486+0000][3689.618s][info ][safepoint     ] Leaving safepoint region
[2023-10-17T15:02:36.487+0000][3689.619s][info ][safepoint     ] Total time for which application threads were stopped: 0.0019756 seconds, Stopping threads took: 0.0010359 seconds
[2023-10-17T15:02:37.488+0000][3690.620s][debug][safepoint     ] Safepoint synchronization initiated. (185 threads)
[2023-10-17T15:02:37.489+0000][3690.621s][info ][safepoint     ] Application time: 1.0014396 seconds
[2023-10-17T15:02:37.490+0000][3690.622s][info ][safepoint     ] Entering safepoint region: Cleanup
[2023-10-17T15:02:37.491+0000][3690.623s][info ][safepoint     ] Leaving safepoint region
[2023-10-17T15:02:37.492+0000][3690.624s][info ][safepoint     ] Total time for which application threads were stopped: 0.0018873 seconds, Stopping threads took: 0.0008263 seconds
[2023-10-17T15:02:38.493+0000][3691.625s][debug][safepoint     ] Safepoint synchronization initiated. (185 threads)
[2023-10-17T15:02:38.494+0000][3691.626s][info ][safepoint     ] Application time: 1.0007998 seconds
[2023-10-17T15:02:38.494+0000][3691.627s][info ][safepoint     ] Entering safepoint region: Cleanup
[2023-10-17T15:02:38.495+0000][3691.627s][info ][safepoint     ] Leaving safepoint region
[2023-10-17T15:02:38.496+0000][3691.628s][info ][safepoint     ] Total time for which application threads were stopped: 0.0015258 seconds, Stopping threads took: 0.0006012 seconds
[2023-10-17T15:02:39.497+0000][3692.629s][debug][safepoint     ] Safepoint synchronization initiated. (185 threads)
[2023-10-17T15:02:39.498+0000][3692.630s][info ][safepoint     ] Application time: 1.0012452 seconds
[2023-10-17T15:02:39.499+0000][3692.631s][info ][safepoint     ] Entering safepoint region: Cleanup
[2023-10-17T15:02:39.500+0000][3692.632s][info ][safepoint     ] Leaving safepoint region
[2023-10-17T15:02:39.501+0000][3692.633s][info ][safepoint     ] Total time for which application threads were stopped: 0.0017861 seconds, Stopping threads took: 0.0008699 seconds
[2023-10-17T15:02:40.503+0000][3693.635s][debug][safepoint     ] Safepoint synchronization initiated. (185 threads)
[2023-10-17T15:02:40.504+0000][3693.636s][info ][safepoint     ] Application time: 1.0019656 seconds
[2023-10-17T15:02:40.505+0000][3693.638s][info ][safepoint     ] Entering safepoint region: Cleanup
[2023-10-17T15:02:40.507+0000][3693.639s][info ][safepoint     ] Leaving safepoint region
[2023-10-17T15:02:40.508+0000][3693.640s][info ][safepoint     ] Total time for which application threads were stopped: 0.0025167 seconds, Stopping threads took: 0.0013615 seconds
[2023-10-17T15:02:41.509+0000][3694.641s][debug][safepoint     ] Safepoint synchronization initiated. (185 threads)
[2023-10-17T15:02:41.510+0000][3694.642s][info ][safepoint     ] Application time: 1.0018307 seconds
[2023-10-17T15:02:41.512+0000][3694.644s][info ][safepoint     ] Entering safepoint region: Cleanup
[2023-10-17T15:02:41.513+0000][3694.645s][info ][safepoint     ] Leaving safepoint region
[2023-10-17T15:02:41.514+0000][3694.646s][info ][safepoint     ] Total time for which application threads were stopped: 0.0024539 seconds, Stopping threads took: 0.0011516 seconds
[2023-10-17T15:02:42.515+0000][3695.647s][debug][safepoint     ] Safepoint synchronization initiated. (185 threads)
[2023-10-17T15:02:42.517+0000][3695.649s][info ][safepoint     ] Application time: 1.0017465 seconds
[2023-10-17T15:02:42.518+0000][3695.650s][info ][safepoint     ] Entering safepoint region: Cleanup
[2023-10-17T15:02:42.519+0000][3695.651s][info ][safepoint     ] Leaving safepoint region
[2023-10-17T15:02:42.520+0000][3695.652s][info ][safepoint     ] Total time for which application threads were stopped: 0.0017694 seconds, Stopping threads took: 0.0007378 seconds
[2023-10-17T15:02:43.521+0000][3696.653s][debug][safepoint     ] Safepoint synchronization initiated. (185 threads)
[2023-10-17T15:02:43.523+0000][3696.655s][info ][safepoint     ] Application time: 1.0029511 seconds
[2023-10-17T15:02:43.524+0000][3696.656s][info ][safepoint     ] Entering safepoint region: Cleanup
[2023-10-17T15:02:43.525+0000][3696.657s][info ][safepoint     ] Leaving safepoint region
[2023-10-17T15:02:43.526+0000][3696.658s][info ][safepoint     ] Total time for which application threads were stopped: 0.0020372 seconds, Stopping threads took: 0.0007224 seconds
[2023-10-17T15:02:44.527+0000][3697.659s][debug][safepoint     ] Safepoint synchronization initiated. (185 threads)
[2023-10-17T15:02:44.528+0000][3697.660s][info ][safepoint     ] Application time: 1.0012660 seconds
[2023-10-17T15:02:44.529+0000][3697.661s][info ][safepoint     ] Entering safepoint region: Cleanup
[2023-10-17T15:02:44.530+0000][3697.662s][info ][safepoint     ] Leaving safepoint region
[2023-10-17T15:02:44.531+0000][3697.663s][info ][safepoint     ] Total time for which application threads were stopped: 0.0019960 seconds, Stopping threads took: 0.0008246 seconds
[2023-10-17T15:02:45.532+0000][3698.665s][debug][safepoint     ] Safepoint synchronization initiated. (185 threads)
[2023-10-17T15:02:45.534+0000][3698.666s][info ][safepoint     ] Application time: 1.0018387 seconds
[2023-10-17T15:02:45.536+0000][3698.668s][info ][safepoint     ] Entering safepoint region: Cleanup
[2023-10-17T15:02:45.537+0000][3698.670s][info ][safepoint     ] Leaving safepoint region
[2023-10-17T15:02:45.538+0000][3698.670s][info ][safepoint     ] Total time for which application threads were stopped: 0.0023307 seconds, Stopping threads took: 0.0012852 seconds
[2023-10-17T15:02:46.539+0000][3699.671s][debug][safepoint     ] Safepoint synchronization initiated. (185 threads)
[2023-10-17T15:02:46.540+0000][3699.672s][info ][safepoint     ] Application time: 1.0011499 seconds
[2023-10-17T15:02:46.541+0000][3699.673s][info ][safepoint     ] Entering safepoint region: Cleanup
[2023-10-17T15:02:46.542+0000][3699.674s][info ][safepoint     ] Leaving safepoint region
[2023-10-17T15:02:46.542+0000][3699.675s][info ][safepoint     ] Total time for which application threads were stopped: 0.0018718 seconds, Stopping threads took: 0.0008481 seconds
[2023-10-17T15:02:47.543+0000][3700.675s][debug][safepoint     ] Safepoint synchronization initiated. (185 threads)
[2023-10-17T15:02:47.545+0000][3700.677s][info ][safepoint     ] Application time: 1.0021995 seconds
[2023-10-17T15:02:47.546+0000][3700.679s][info ][safepoint     ] Entering safepoint region: Cleanup
[2023-10-17T15:02:47.547+0000][3700.680s][info ][safepoint     ] Leaving safepoint region
[2023-10-17T15:02:47.549+0000][3700.681s][info ][safepoint     ] Total time for which application threads were stopped: 0.0023532 seconds, Stopping threads took: 0.0007634 seconds
[2023-10-17T15:02:48.550+0000][3701.682s][debug][safepoint     ] Safepoint synchronization initiated. (185 threads)
[2023-10-17T15:02:48.551+0000][3701.683s][info ][safepoint     ] Application time: 1.0016014 seconds
[2023-10-17T15:02:48.552+0000][3701.685s][info ][safepoint     ] Entering safepoint region: Cleanup
[2023-10-17T15:02:48.554+0000][3701.686s][info ][safepoint     ] Leaving safepoint region
[2023-10-17T15:02:48.555+0000][3701.687s][info ][safepoint     ] Total time for which application threads were stopped: 0.0022431 seconds, Stopping threads took: 0.0008633 seconds
[2023-10-17T15:02:49.556+0000][3702.688s][debug][safepoint     ] Safepoint synchronization initiated. (185 threads)
[2023-10-17T15:02:49.557+0000][3702.689s][info ][safepoint     ] Application time: 1.0014567 seconds
[2023-10-17T15:02:49.559+0000][3702.690s][info ][safepoint     ] Entering safepoint region: Cleanup
[2023-10-17T15:02:49.560+0000][3702.692s][info ][safepoint     ] Leaving safepoint region
[2023-10-17T15:02:49.561+0000][3702.693s][info ][safepoint     ] Total time for which application threads were stopped: 0.0022392 seconds, Stopping threads took: 0.0010263 seconds
[2023-10-17T15:02:50.562+0000][3703.694s][debug][safepoint     ] Safepoint synchronization initiated. (185 threads)
[2023-10-17T15:02:50.563+0000][3703.695s][info ][safepoint     ] Application time: 1.0014334 seconds
[2023-10-17T15:02:50.564+0000][3703.695s][info ][safepoint     ] Entering safepoint region: Cleanup
[2023-10-17T15:02:50.565+0000][3703.697s][info ][safepoint     ] Leaving safepoint region
[2023-10-17T15:02:50.566+0000][3703.697s][info ][safepoint     ] Total time for which application threads were stopped: 0.0019581 seconds, Stopping threads took: 0.0008790 seconds
[2023-10-17T15:02:51.567+0000][3704.698s][debug][safepoint     ] Safepoint synchronization initiated. (185 threads)
[2023-10-17T15:02:51.567+0000][3704.699s][info ][safepoint     ] Application time: 1.0010171 seconds
[2023-10-17T15:02:51.568+0000][3704.700s][info ][safepoint     ] Entering safepoint region: Cleanup
[2023-10-17T15:02:51.569+0000][3704.701s][info ][safepoint     ] Leaving safepoint region
[2023-10-17T15:02:51.570+0000][3704.702s][info ][safepoint     ] Total time for which application threads were stopped: 0.0017246 seconds, Stopping threads took: 0.0006988 seconds
[2023-10-17T15:02:52.571+0000][3705.702s][debug][safepoint     ] Safepoint synchronization initiated. (185 threads)
[2023-10-17T15:02:52.572+0000][3705.703s][info ][safepoint     ] Application time: 1.0010701 seconds
[2023-10-17T15:02:52.572+0000][3705.704s][info ][safepoint     ] Entering safepoint region: Cleanup
[2023-10-17T15:02:52.573+0000][3705.705s][info ][safepoint     ] Leaving safepoint region
[2023-10-17T15:02:52.574+0000][3705.706s][info ][safepoint     ] Total time for which application threads were stopped: 0.0019084 seconds, Stopping threads took: 0.0008285 seconds
[2023-10-17T15:02:53.575+0000][3706.707s][debug][safepoint     ] Safepoint synchronization initiated. (185 threads)
[2023-10-17T15:02:53.576+0000][3706.708s][info ][safepoint     ] Application time: 1.0015392 seconds
[2023-10-17T15:02:53.577+0000][3706.709s][info ][safepoint     ] Entering safepoint region: Cleanup
[2023-10-17T15:02:53.579+0000][3706.710s][info ][safepoint     ] Leaving safepoint region
[2023-10-17T15:02:53.580+0000][3706.711s][info ][safepoint     ] Total time for which application threads were stopped: 0.0024923 seconds, Stopping threads took: 0.0010194 seconds
[2023-10-17T15:02:54.581+0000][3707.713s][debug][safepoint     ] Safepoint synchronization initiated. (185 threads)
[2023-10-17T15:02:54.582+0000][3707.714s][info ][safepoint     ] Application time: 1.0014627 seconds
[2023-10-17T15:02:54.583+0000][3707.715s][info ][safepoint     ] Entering safepoint region: Cleanup
[2023-10-17T15:02:54.585+0000][3707.717s][info ][safepoint     ] Leaving safepoint region
[2023-10-17T15:02:54.586+0000][3707.718s][info ][safepoint     ] Total time for which application threads were stopped: 0.0026953 seconds, Stopping threads took: 0.0010951 seconds
[2023-10-17T15:02:55.587+0000][3708.719s][debug][safepoint     ] Safepoint synchronization initiated. (185 threads)
[2023-10-17T15:02:55.588+0000][3708.720s][info ][safepoint     ] Application time: 1.0015309 seconds
[2023-10-17T15:02:55.589+0000][3708.721s][info ][safepoint     ] Entering safepoint region: Cleanup
[2023-10-17T15:02:55.590+0000][3708.722s][info ][safepoint     ] Leaving safepoint region
[2023-10-17T15:02:55.591+0000][3708.723s][info ][safepoint     ] Total time for which application threads were stopped: 0.0019360 seconds, Stopping threads took: 0.0007934 seconds
[2023-10-17T15:02:56.592+0000][3709.724s][debug][safepoint     ] Safepoint synchronization initiated. (184 threads)
[2023-10-17T15:02:56.593+0000][3709.725s][info ][safepoint     ] Application time: 1.0013525 seconds
[2023-10-17T15:02:56.594+0000][3709.726s][info ][safepoint     ] Entering safepoint region: Cleanup
[2023-10-17T15:02:56.595+0000][3709.727s][info ][safepoint     ] Leaving safepoint region
[2023-10-17T15:02:56.596+0000][3709.728s][info ][safepoint     ] Total time for which application threads were stopped: 0.0023522 seconds, Stopping threads took: 0.0008062 seconds
[2023-10-17T15:02:57.597+0000][3710.729s][debug][safepoint     ] Safepoint synchronization initiated. (184 threads)
[2023-10-17T15:02:57.599+0000][3710.730s][info ][safepoint     ] Application time: 1.0015317 seconds
[2023-10-17T15:02:57.599+0000][3710.731s][info ][safepoint     ] Entering safepoint region: Cleanup
[2023-10-17T15:02:57.601+0000][3710.732s][info ][safepoint     ] Leaving safepoint region
[2023-10-17T15:02:57.601+0000][3710.733s][info ][safepoint     ] Total time for which application threads were stopped: 0.0020497 seconds, Stopping threads took: 0.0007471 seconds
[2023-10-17T15:02:58.603+0000][3711.734s][debug][safepoint     ] Safepoint synchronization initiated. (184 threads)
[2023-10-17T15:02:58.604+0000][3711.735s][info ][safepoint     ] Application time: 1.0012414 seconds
[2023-10-17T15:02:58.604+0000][3711.736s][info ][safepoint     ] Entering safepoint region: Cleanup
[2023-10-17T15:02:58.605+0000][3711.737s][info ][safepoint     ] Leaving safepoint region
[2023-10-17T15:02:58.606+0000][3711.738s][info ][safepoint     ] Total time for which application threads were stopped: 0.0017050 seconds, Stopping threads took: 0.0007195 seconds
[2023-10-17T15:02:59.607+0000][3712.739s][debug][safepoint     ] Safepoint synchronization initiated. (184 threads)
[2023-10-17T15:02:59.609+0000][3712.740s][info ][safepoint     ] Application time: 1.0021494 seconds
[2023-10-17T15:02:59.610+0000][3712.742s][info ][safepoint     ] Entering safepoint region: Cleanup
[2023-10-17T15:02:59.611+0000][3712.743s][info ][safepoint     ] Leaving safepoint region
[2023-10-17T15:02:59.612+0000][3712.744s][info ][safepoint     ] Total time for which application threads were stopped: 0.0025110 seconds, Stopping threads took: 0.0011654 seconds
[2023-10-17T15:03:00.614+0000][3713.745s][debug][safepoint     ] Safepoint synchronization initiated. (184 threads)
[2023-10-17T15:03:00.615+0000][3713.746s][info ][safepoint     ] Application time: 1.0012780 seconds
[2023-10-17T15:03:00.615+0000][3713.747s][info ][safepoint     ] Entering safepoint region: Cleanup
[2023-10-17T15:03:00.617+0000][3713.749s][info ][safepoint     ] Leaving safepoint region
[2023-10-17T15:03:00.618+0000][3713.749s][info ][safepoint     ] Total time for which application threads were stopped: 0.0021652 seconds, Stopping threads took: 0.0011922 seconds
[2023-10-17T15:03:01.619+0000][3714.750s][debug][safepoint     ] Safepoint synchronization initiated. (184 threads)
[2023-10-17T15:03:01.620+0000][3714.752s][info ][safepoint     ] Application time: 1.0017105 seconds
[2023-10-17T15:03:01.621+0000][3714.753s][info ][safepoint     ] Entering safepoint region: Cleanup
[2023-10-17T15:03:01.622+0000][3714.754s][info ][safepoint     ] Leaving safepoint region
[2023-10-17T15:03:01.623+0000][3714.755s][info ][safepoint     ] Total time for which application threads were stopped: 0.0022762 seconds, Stopping threads took: 0.0010006 seconds
[2023-10-17T15:03:02.624+0000][3715.756s][debug][safepoint     ] Safepoint synchronization initiated. (184 threads)
[2023-10-17T15:03:02.626+0000][3715.758s][info ][safepoint     ] Application time: 1.0024968 seconds
[2023-10-17T15:03:02.627+0000][3715.759s][info ][safepoint     ] Entering safepoint region: Cleanup
[2023-10-17T15:03:02.629+0000][3715.760s][info ][safepoint     ] Leaving safepoint region
[2023-10-17T15:03:02.630+0000][3715.761s][info ][safepoint     ] Total time for which application threads were stopped: 0.0021810 seconds, Stopping threads took: 0.0009067 seconds
[2023-10-17T15:03:03.631+0000][3716.763s][debug][safepoint     ] Safepoint synchronization initiated. (184 threads)
[2023-10-17T15:03:03.633+0000][3716.764s][info ][safepoint     ] Application time: 1.0014898 seconds
[2023-10-17T15:03:03.633+0000][3716.765s][info ][safepoint     ] Entering safepoint region: Cleanup
[2023-10-17T15:03:03.634+0000][3716.766s][info ][safepoint     ] Leaving safepoint region
[2023-10-17T15:03:03.635+0000][3716.767s][info ][safepoint     ] Total time for which application threads were stopped: 0.0017522 seconds, Stopping threads took: 0.0008546 seconds
[2023-10-17T15:03:03.634+0000][3716.766s][debug][safepoint     ] ... found polling page return exception at pc = 0x00007fc1a54a9604, stub =0x00007fc19c840600
[2023-10-17T15:03:03.634+0000][3716.766s][debug][safepoint     ] ... found polling page return exception at pc = 0x00007fc1a54a9604, stub =0x00007fc19c840600
[2023-10-17T15:03:03.634+0000][3716.766s][debug][safepoint     ] ... found polling page return exception at pc = 0x00007fc1a54a9604, stub =0x00007fc19c840600
[2023-10-17T15:03:04.636+0000][3717.768s][debug][safepoint     ] Safepoint synchronization initiated. (184 threads)
[2023-10-17T15:03:04.637+0000][3717.769s][info ][safepoint     ] Application time: 1.0012153 seconds
[2023-10-17T15:03:04.638+0000][3717.769s][info ][safepoint     ] Entering safepoint region: Cleanup
[2023-10-17T15:03:04.639+0000][3717.771s][info ][safepoint     ] Leaving safepoint region
[2023-10-17T15:03:04.640+0000][3717.771s][info ][safepoint     ] Total time for which application threads were stopped: 0.0019543 seconds, Stopping threads took: 0.0007673 seconds
[2023-10-17T15:03:05.641+0000][3718.772s][debug][safepoint     ] Safepoint synchronization initiated. (184 threads)
[2023-10-17T15:03:05.642+0000][3718.773s][info ][safepoint     ] Application time: 1.0011967 seconds
[2023-10-17T15:03:05.643+0000][3718.774s][info ][safepoint     ] Entering safepoint region: Cleanup
[2023-10-17T15:03:05.644+0000][3718.776s][info ][safepoint     ] Leaving safepoint region
[2023-10-17T15:03:05.645+0000][3718.776s][info ][safepoint     ] Total time for which application threads were stopped: 0.0022989 seconds, Stopping threads took: 0.0011115 seconds
[2023-10-17T15:03:06.646+0000][3719.778s][debug][safepoint     ] Safepoint synchronization initiated. (184 threads)
[2023-10-17T15:03:06.647+0000][3719.779s][info ][safepoint     ] Application time: 1.0014860 seconds
[2023-10-17T15:03:06.648+0000][3719.780s][info ][safepoint     ] Entering safepoint region: Cleanup
[2023-10-17T15:03:06.649+0000][3719.781s][info ][safepoint     ] Leaving safepoint region
[2023-10-17T15:03:06.650+0000][3719.782s][info ][safepoint     ] Total time for which application threads were stopped: 0.0023539 seconds, Stopping threads took: 0.0007788 seconds
[2023-10-17T15:03:07.652+0000][3720.784s][debug][safepoint     ] Safepoint synchronization initiated. (184 threads)
[2023-10-17T15:03:07.653+0000][3720.785s][info ][safepoint     ] Application time: 1.0014665 seconds
[2023-10-17T15:03:07.654+0000][3720.786s][info ][safepoint     ] Entering safepoint region: Cleanup
[2023-10-17T15:03:07.656+0000][3720.788s][info ][safepoint     ] Leaving safepoint region
[2023-10-17T15:03:07.657+0000][3720.788s][info ][safepoint     ] Total time for which application threads were stopped: 0.0024979 seconds, Stopping threads took: 0.0011279 seconds
[2023-10-17T15:03:08.658+0000][3721.790s][debug][safepoint     ] Safepoint synchronization initiated. (184 threads)
[2023-10-17T15:03:08.659+0000][3721.790s][info ][safepoint     ] Application time: 1.0010984 seconds
[2023-10-17T15:03:08.660+0000][3721.791s][info ][safepoint     ] Entering safepoint region: Cleanup
[2023-10-17T15:03:08.661+0000][3721.793s][info ][safepoint     ] Leaving safepoint region
[2023-10-17T15:03:08.662+0000][3721.793s][info ][safepoint     ] Total time for which application threads were stopped: 0.0020873 seconds, Stopping threads took: 0.0009164 seconds
[2023-10-17T15:03:09.663+0000][3722.795s][debug][safepoint     ] Safepoint synchronization initiated. (184 threads)
[2023-10-17T15:03:09.664+0000][3722.796s][info ][safepoint     ] Application time: 1.0013062 seconds
[2023-10-17T15:03:09.665+0000][3722.797s][info ][safepoint     ] Entering safepoint region: Cleanup
[2023-10-17T15:03:09.666+0000][3722.798s][info ][safepoint     ] Leaving safepoint region
[2023-10-17T15:03:09.667+0000][3722.799s][info ][safepoint     ] Total time for which application threads were stopped: 0.0023959 seconds, Stopping threads took: 0.0012071 seconds
[2023-10-17T15:03:10.668+0000][3723.800s][debug][safepoint     ] Safepoint synchronization initiated. (184 threads)
[2023-10-17T15:03:10.670+0000][3723.801s][info ][safepoint     ] Application time: 1.0016603 seconds
[2023-10-17T15:03:10.671+0000][3723.803s][info ][safepoint     ] Entering safepoint region: Cleanup
[2023-10-17T15:03:10.672+0000][3723.804s][info ][safepoint     ] Leaving safepoint region
[2023-10-17T15:03:10.673+0000][3723.805s][info ][safepoint     ] Total time for which application threads were stopped: 0.0019532 seconds, Stopping threads took: 0.0010307 seconds
[2023-10-17T15:03:11.674+0000][3724.806s][debug][safepoint     ] Safepoint synchronization initiated. (184 threads)
[2023-10-17T15:03:11.676+0000][3724.807s][info ][safepoint     ] Application time: 1.0016901 seconds
[2023-10-17T15:03:11.678+0000][3724.809s][info ][safepoint     ] Entering safepoint region: Cleanup
[2023-10-17T15:03:11.679+0000][3724.810s][info ][safepoint     ] Leaving safepoint region
[2023-10-17T15:03:11.679+0000][3724.811s][info ][safepoint     ] Total time for which application threads were stopped: 0.0017662 seconds, Stopping threads took: 0.0009140 seconds
[2023-10-17T15:03:12.681+0000][3725.812s][debug][safepoint     ] Safepoint synchronization initiated. (184 threads)
[2023-10-17T15:03:12.682+0000][3725.814s][info ][safepoint     ] Application time: 1.0015914 seconds
[2023-10-17T15:03:12.683+0000][3725.814s][info ][safepoint     ] Entering safepoint region: Cleanup
[2023-10-17T15:03:12.684+0000][3725.816s][info ][safepoint     ] Leaving safepoint region
[2023-10-17T15:03:12.685+0000][3725.816s][info ][safepoint     ] Total time for which application threads were stopped: 0.0020141 seconds, Stopping threads took: 0.0009793 seconds
[2023-10-17T15:03:13.686+0000][3726.818s][debug][safepoint     ] Safepoint synchronization initiated. (184 threads)
[2023-10-17T15:03:13.688+0000][3726.819s][info ][safepoint     ] Application time: 1.0016492 seconds
[2023-10-17T15:03:13.688+0000][3726.820s][info ][safepoint     ] Entering safepoint region: Cleanup
[2023-10-17T15:03:13.690+0000][3726.821s][info ][safepoint     ] Leaving safepoint region
[2023-10-17T15:03:13.690+0000][3726.822s][info ][safepoint     ] Total time for which application threads were stopped: 0.0020903 seconds, Stopping threads took: 0.0008544 seconds
[2023-10-17T15:03:13.690+0000][3726.821s][debug][safepoint     ] ... found polling page return exception at pc = 0x00007fc1a54a9604, stub =0x00007fc19c840600
[2023-10-17T15:03:13.690+0000][3726.821s][debug][safepoint     ] ... found polling page return exception at pc = 0x00007fc1a54a9604, stub =0x00007fc19c840600
[2023-10-17T15:03:13.690+0000][3726.821s][debug][safepoint     ] ... found polling page return exception at pc = 0x00007fc1a54a9604, stub =0x00007fc19c840600
[2023-10-17T15:03:14.691+0000][3727.823s][debug][safepoint     ] Safepoint synchronization initiated. (184 threads)
[2023-10-17T15:03:14.693+0000][3727.824s][info ][safepoint     ] Application time: 1.0013157 seconds
[2023-10-17T15:03:14.693+0000][3727.825s][info ][safepoint     ] Entering safepoint region: Cleanup
[2023-10-17T15:03:14.694+0000][3727.826s][info ][safepoint     ] Leaving safepoint region
[2023-10-17T15:03:14.695+0000][3727.826s][info ][safepoint     ] Total time for which application threads were stopped: 0.0017219 seconds, Stopping threads took: 0.0007771 seconds
[2023-10-17T15:03:15.696+0000][3728.828s][debug][safepoint     ] Safepoint synchronization initiated. (184 threads)
[2023-10-17T15:03:15.697+0000][3728.829s][info ][safepoint     ] Application time: 1.0013973 seconds
[2023-10-17T15:03:15.698+0000][3728.830s][info ][safepoint     ] Entering safepoint region: Cleanup
[2023-10-17T15:03:15.699+0000][3728.831s][info ][safepoint     ] Leaving safepoint region
[2023-10-17T15:03:15.700+0000][3728.832s][info ][safepoint     ] Total time for which application threads were stopped: 0.0019422 seconds, Stopping threads took: 0.0009173 seconds
[2023-10-17T15:03:16.701+0000][3729.832s][debug][safepoint     ] Safepoint synchronization initiated. (184 threads)
[2023-10-17T15:03:16.701+0000][3729.833s][info ][safepoint     ] Application time: 1.0008065 seconds
[2023-10-17T15:03:16.702+0000][3729.834s][info ][safepoint     ] Entering safepoint region: Cleanup
[2023-10-17T15:03:16.704+0000][3729.836s][info ][safepoint     ] Leaving safepoint region
[2023-10-17T15:03:16.705+0000][3729.837s][info ][safepoint     ] Total time for which application threads were stopped: 0.0028939 seconds, Stopping threads took: 0.0009151 seconds
[2023-10-17T15:03:17.706+0000][3730.838s][debug][safepoint     ] Safepoint synchronization initiated. (184 threads)
[2023-10-17T15:03:17.707+0000][3730.839s][info ][safepoint     ] Application time: 1.0016644 seconds
[2023-10-17T15:03:17.708+0000][3730.840s][info ][safepoint     ] Entering safepoint region: Cleanup
[2023-10-17T15:03:17.709+0000][3730.841s][info ][safepoint     ] Leaving safepoint region
[2023-10-17T15:03:17.710+0000][3730.842s][info ][safepoint     ] Total time for which application threads were stopped: 0.0020108 seconds, Stopping threads took: 0.0009674 seconds
[2023-10-17T15:03:18.697+0000][3731.843s][debug][safepoint     ] Safepoint synchronization initiated. (184 threads)
[2023-10-17T15:03:18.698+0000][3731.844s][info ][safepoint     ] Application time: 1.0012305 seconds
[2023-10-17T15:03:18.698+0000][3731.844s][info ][safepoint     ] Entering safepoint region: Cleanup
[2023-10-17T15:03:18.700+0000][3731.846s][info ][safepoint     ] Leaving safepoint region
[2023-10-17T15:03:18.700+0000][3731.846s][info ][safepoint     ] Total time for which application threads were stopped: 0.0022482 seconds, Stopping threads took: 0.0010282 seconds
[2023-10-17T15:03:19.701+0000][3732.847s][debug][safepoint     ] Safepoint synchronization initiated. (184 threads)
[2023-10-17T15:03:19.702+0000][3732.848s][info ][safepoint     ] Application time: 1.0010431 seconds
[2023-10-17T15:03:19.703+0000][3732.849s][info ][safepoint     ] Entering safepoint region: Cleanup
[2023-10-17T15:03:19.704+0000][3732.850s][info ][safepoint     ] Leaving safepoint region
[2023-10-17T15:03:19.705+0000][3732.851s][info ][safepoint     ] Total time for which application threads were stopped: 0.0018831 seconds, Stopping threads took: 0.0007459 seconds
[2023-10-17T15:03:20.706+0000][3733.852s][debug][safepoint     ] Safepoint synchronization initiated. (184 threads)
[2023-10-17T15:03:20.707+0000][3733.853s][info ][safepoint     ] Application time: 1.0017182 seconds
[2023-10-17T15:03:20.708+0000][3733.854s][info ][safepoint     ] Entering safepoint region: Cleanup
[2023-10-17T15:03:20.709+0000][3733.855s][info ][safepoint     ] Leaving safepoint region
[2023-10-17T15:03:20.709+0000][3733.855s][info ][safepoint     ] Total time for which application threads were stopped: 0.0014628 seconds, Stopping threads took: 0.0006446 seconds
[2023-10-17T15:03:21.710+0000][3734.856s][debug][safepoint     ] Safepoint synchronization initiated. (184 threads)
[2023-10-17T15:03:21.712+0000][3734.858s][info ][safepoint     ] Application time: 1.0019658 seconds
[2023-10-17T15:03:21.713+0000][3734.859s][info ][safepoint     ] Entering safepoint region: Cleanup
[2023-10-17T15:03:21.714+0000][3734.861s][info ][safepoint     ] Leaving safepoint region
[2023-10-17T15:03:21.716+0000][3734.862s][info ][safepoint     ] Total time for which application threads were stopped: 0.0023294 seconds, Stopping threads took: 0.0007757 seconds
[2023-10-17T15:03:22.717+0000][3735.863s][debug][safepoint     ] Safepoint synchronization initiated. (184 threads)
[2023-10-17T15:03:22.719+0000][3735.865s][info ][safepoint     ] Application time: 1.0019879 seconds
[2023-10-17T15:03:22.720+0000][3735.866s][info ][safepoint     ] Entering safepoint region: Cleanup
[2023-10-17T15:03:22.721+0000][3735.867s][info ][safepoint     ] Leaving safepoint region
[2023-10-17T15:03:22.721+0000][3735.867s][info ][safepoint     ] Total time for which application threads were stopped: 0.0016782 seconds, Stopping threads took: 0.0008030 seconds
[2023-10-17T15:03:23.723+0000][3736.869s][debug][safepoint     ] Safepoint synchronization initiated. (184 threads)
[2023-10-17T15:03:23.724+0000][3736.870s][info ][safepoint     ] Application time: 1.0015460 seconds
[2023-10-17T15:03:23.725+0000][3736.871s][info ][safepoint     ] Entering safepoint region: Cleanup
[2023-10-17T15:03:23.726+0000][3736.872s][info ][safepoint     ] Leaving safepoint region
[2023-10-17T15:03:23.727+0000][3736.873s][info ][safepoint     ] Total time for which application threads were stopped: 0.0025246 seconds, Stopping threads took: 0.0010750 seconds
[2023-10-17T15:03:24.729+0000][3737.875s][debug][safepoint     ] Safepoint synchronization initiated. (184 threads)
[2023-10-17T15:03:24.730+0000][3737.876s][info ][safepoint     ] Application time: 1.0014752 seconds
[2023-10-17T15:03:24.731+0000][3737.877s][info ][safepoint     ] Entering safepoint region: Cleanup
[2023-10-17T15:03:24.732+0000][3737.879s][info ][safepoint     ] Leaving safepoint region
[2023-10-17T15:03:24.733+0000][3737.879s][info ][safepoint     ] Total time for which application threads were stopped: 0.0025869 seconds, Stopping threads took: 0.0015845 seconds
[2023-10-17T15:03:25.734+0000][3738.880s][debug][safepoint     ] Safepoint synchronization initiated. (184 threads)
[2023-10-17T15:03:25.735+0000][3738.881s][info ][safepoint     ] Application time: 1.0013136 seconds
[2023-10-17T15:03:25.736+0000][3738.882s][info ][safepoint     ] Entering safepoint region: Cleanup
[2023-10-17T15:03:25.737+0000][3738.883s][info ][safepoint     ] Leaving safepoint region
[2023-10-17T15:03:25.738+0000][3738.885s][info ][safepoint     ] Total time for which application threads were stopped: 0.0025224 seconds, Stopping threads took: 0.0007639 seconds
[2023-10-17T15:03:26.740+0000][3739.886s][debug][safepoint     ] Safepoint synchronization initiated. (184 threads)
[2023-10-17T15:03:26.741+0000][3739.887s][info ][safepoint     ] Application time: 1.0014167 seconds
[2023-10-17T15:03:26.742+0000][3739.888s][info ][safepoint     ] Entering safepoint region: Cleanup
[2023-10-17T15:03:26.744+0000][3739.890s][info ][safepoint     ] Leaving safepoint region
[2023-10-17T15:03:26.745+0000][3739.891s][info ][safepoint     ] Total time for which application threads were stopped: 0.0028167 seconds, Stopping threads took: 0.0011844 seconds
[2023-10-17T15:03:27.746+0000][3740.892s][debug][safepoint     ] Safepoint synchronization initiated. (184 threads)
[2023-10-17T15:03:27.748+0000][3740.894s][info ][safepoint     ] Application time: 1.0014447 seconds
[2023-10-17T15:03:27.749+0000][3740.895s][info ][safepoint     ] Entering safepoint region: Cleanup
[2023-10-17T15:03:27.750+0000][3740.896s][info ][safepoint     ] Leaving safepoint region
[2023-10-17T15:03:27.751+0000][3740.897s][info ][safepoint     ] Total time for which application threads were stopped: 0.0025078 seconds, Stopping threads took: 0.0010285 seconds
[2023-10-17T15:03:28.753+0000][3741.899s][debug][safepoint     ] Safepoint synchronization initiated. (184 threads)
[2023-10-17T15:03:28.754+0000][3741.900s][info ][safepoint     ] Application time: 1.0009645 seconds
[2023-10-17T15:03:28.755+0000][3741.901s][info ][safepoint     ] Entering safepoint region: Cleanup
[2023-10-17T15:03:28.756+0000][3741.902s][info ][safepoint     ] Leaving safepoint region
[2023-10-17T15:03:28.757+0000][3741.903s][info ][safepoint     ] Total time for which application threads were stopped: 0.0020651 seconds, Stopping threads took: 0.0011291 seconds
[2023-10-17T15:03:29.758+0000][3742.904s][debug][safepoint     ] Safepoint synchronization initiated. (184 threads)
[2023-10-17T15:03:29.759+0000][3742.905s][info ][safepoint     ] Application time: 1.0011093 seconds
[2023-10-17T15:03:29.759+0000][3742.906s][info ][safepoint     ] Entering safepoint region: Cleanup
[2023-10-17T15:03:29.761+0000][3742.907s][info ][safepoint     ] Leaving safepoint region
[2023-10-17T15:03:29.761+0000][3742.907s][info ][safepoint     ] Total time for which application threads were stopped: 0.0017313 seconds, Stopping threads took: 0.0007502 seconds
[2023-10-17T15:03:30.762+0000][3743.908s][debug][safepoint     ] Safepoint synchronization initiated. (184 threads)
[2023-10-17T15:03:30.763+0000][3743.909s][info ][safepoint     ] Application time: 1.0010223 seconds
[2023-10-17T15:03:30.764+0000][3743.910s][info ][safepoint     ] Entering safepoint region: Cleanup
[2023-10-17T15:03:30.765+0000][3743.911s][info ][safepoint     ] Leaving safepoint region
[2023-10-17T15:03:30.766+0000][3743.912s][info ][safepoint     ] Total time for which application threads were stopped: 0.0022594 seconds, Stopping threads took: 0.0008928 seconds
[2023-10-17T15:03:31.767+0000][3744.913s][debug][safepoint     ] Safepoint synchronization initiated. (184 threads)
[2023-10-17T15:03:31.768+0000][3744.914s][info ][safepoint     ] Application time: 1.0012155 seconds
[2023-10-17T15:03:31.769+0000][3744.915s][info ][safepoint     ] Entering safepoint region: Cleanup
[2023-10-17T15:03:31.770+0000][3744.916s][info ][safepoint     ] Leaving safepoint region
[2023-10-17T15:03:31.771+0000][3744.917s][info ][safepoint     ] Total time for which application threads were stopped: 0.0019579 seconds, Stopping threads took: 0.0007077 seconds
[2023-10-17T15:03:32.772+0000][3745.918s][debug][safepoint     ] Safepoint synchronization initiated. (184 threads)
[2023-10-17T15:03:32.772+0000][3745.918s][info ][safepoint     ] Application time: 1.0009143 seconds
[2023-10-17T15:03:32.773+0000][3745.919s][debug][safepoint     ] ... found polling page return exception at pc = 0x00007fc1a4672b74, stub =0x00007fc19c840600
[2023-10-17T15:03:32.773+0000][3745.919s][debug][safepoint     ] ... found polling page loop exception at pc = 0x00007fc1a550b809, stub =0x00007fc19c843680
[2023-10-17T15:03:32.774+0000][3745.920s][debug][safepoint     ] Waiting for 5 thread(s) to block
[2023-10-17T15:03:32.776+0000][3745.922s][info ][safepoint     ] Entering safepoint region: Cleanup
[2023-10-17T15:03:32.777+0000][3745.923s][info ][safepoint     ] Leaving safepoint region
[2023-10-17T15:03:32.777+0000][3745.923s][info ][safepoint     ] Total time for which application threads were stopped: 0.0040785 seconds, Stopping threads took: 0.0032568 seconds
[2023-10-17T15:03:33.778+0000][3746.924s][debug][safepoint     ] Safepoint synchronization initiated. (184 threads)
[2023-10-17T15:03:33.779+0000][3746.925s][info ][safepoint     ] Application time: 1.0008908 seconds
[2023-10-17T15:03:33.779+0000][3746.925s][info ][safepoint     ] Entering safepoint region: Cleanup
[2023-10-17T15:03:33.780+0000][3746.926s][info ][safepoint     ] Leaving safepoint region
[2023-10-17T15:03:33.781+0000][3746.927s][info ][safepoint     ] Total time for which application threads were stopped: 0.0015666 seconds, Stopping threads took: 0.0006494 seconds
[2023-10-17T15:03:34.782+0000][3747.928s][debug][safepoint     ] Safepoint synchronization initiated. (184 threads)
[2023-10-17T15:03:34.783+0000][3747.929s][info ][safepoint     ] Application time: 1.0014905 seconds
[2023-10-17T15:03:34.784+0000][3747.930s][info ][safepoint     ] Entering safepoint region: Cleanup
[2023-10-17T15:03:34.786+0000][3747.932s][info ][safepoint     ] Leaving safepoint region
[2023-10-17T15:03:34.786+0000][3747.932s][info ][safepoint     ] Total time for which application threads were stopped: 0.0025524 seconds, Stopping threads took: 0.0013662 seconds
[2023-10-17T15:03:35.787+0000][3748.933s][debug][safepoint     ] Safepoint synchronization initiated. (184 threads)
[2023-10-17T15:03:35.788+0000][3748.934s][info ][safepoint     ] Application time: 1.0008815 seconds
[2023-10-17T15:03:35.788+0000][3748.935s][info ][safepoint     ] Entering safepoint region: Cleanup
[2023-10-17T15:03:35.790+0000][3748.936s][info ][safepoint     ] Leaving safepoint region
[2023-10-17T15:03:35.790+0000][3748.936s][info ][safepoint     ] Total time for which application threads were stopped: 0.0019026 seconds, Stopping threads took: 0.0006104 seconds
[2023-10-17T15:03:36.792+0000][3749.938s][debug][safepoint     ] Safepoint synchronization initiated. (184 threads)
[2023-10-17T15:03:36.793+0000][3749.939s][info ][safepoint     ] Application time: 1.0010391 seconds
[2023-10-17T15:03:36.793+0000][3749.939s][info ][safepoint     ] Entering safepoint region: Cleanup
[2023-10-17T15:03:36.794+0000][3749.940s][info ][safepoint     ] Leaving safepoint region
[2023-10-17T15:03:36.795+0000][3749.941s][info ][safepoint     ] Total time for which application threads were stopped: 0.0014935 seconds, Stopping threads took: 0.0006749 seconds
[2023-10-17T15:03:37.795+0000][3750.942s][debug][safepoint     ] Safepoint synchronization initiated. (184 threads)
[2023-10-17T15:03:37.796+0000][3750.942s][info ][safepoint     ] Application time: 1.0010222 seconds
[2023-10-17T15:03:37.797+0000][3750.943s][info ][safepoint     ] Entering safepoint region: Cleanup
[2023-10-17T15:03:37.798+0000][3750.944s][info ][safepoint     ] Leaving safepoint region
[2023-10-17T15:03:37.798+0000][3750.944s][info ][safepoint     ] Total time for which application threads were stopped: 0.0015189 seconds, Stopping threads took: 0.0006425 seconds
[2023-10-17T15:03:38.799+0000][3751.945s][debug][safepoint     ] Safepoint synchronization initiated. (184 threads)
[2023-10-17T15:03:38.800+0000][3751.946s][info ][safepoint     ] Application time: 1.0010615 seconds
[2023-10-17T15:03:38.801+0000][3751.947s][info ][safepoint     ] Entering safepoint region: Cleanup
[2023-10-17T15:03:38.802+0000][3751.948s][info ][safepoint     ] Leaving safepoint region
[2023-10-17T15:03:38.803+0000][3751.949s][info ][safepoint     ] Total time for which application threads were stopped: 0.0019434 seconds, Stopping threads took: 0.0009059 seconds
[2023-10-17T15:03:39.803+0000][3752.949s][debug][safepoint     ] Safepoint synchronization initiated. (184 threads)
[2023-10-17T15:03:39.804+0000][3752.950s][info ][safepoint     ] Application time: 1.0010228 seconds
[2023-10-17T15:03:39.805+0000][3752.951s][info ][safepoint     ] Entering safepoint region: Cleanup
[2023-10-17T15:03:39.806+0000][3752.952s][info ][safepoint     ] Leaving safepoint region
[2023-10-17T15:03:39.806+0000][3752.952s][info ][safepoint     ] Total time for which application threads were stopped: 0.0016129 seconds, Stopping threads took: 0.0006812 seconds
[2023-10-17T15:03:40.807+0000][3753.953s][debug][safepoint     ] Safepoint synchronization initiated. (184 threads)
[2023-10-17T15:03:40.808+0000][3753.955s][info ][safepoint     ] Application time: 1.0013145 seconds
[2023-10-17T15:03:40.809+0000][3753.955s][info ][safepoint     ] Entering safepoint region: Cleanup
[2023-10-17T15:03:40.811+0000][3753.957s][info ][safepoint     ] Leaving safepoint region
[2023-10-17T15:03:40.811+0000][3753.957s][info ][safepoint     ] Total time for which application threads were stopped: 0.0019188 seconds, Stopping threads took: 0.0008040 seconds
[2023-10-17T15:03:41.812+0000][3754.959s][debug][safepoint     ] Safepoint synchronization initiated. (184 threads)
[2023-10-17T15:03:41.813+0000][3754.959s][info ][safepoint     ] Application time: 1.0012296 seconds
[2023-10-17T15:03:41.814+0000][3754.960s][info ][safepoint     ] Entering safepoint region: Cleanup
[2023-10-17T15:03:41.815+0000][3754.961s][info ][safepoint     ] Leaving safepoint region
[2023-10-17T15:03:41.816+0000][3754.962s][info ][safepoint     ] Total time for which application threads were stopped: 0.0021384 seconds, Stopping threads took: 0.0007436 seconds
[2023-10-17T15:03:42.818+0000][3755.964s][debug][safepoint     ] Safepoint synchronization initiated. (184 threads)
[2023-10-17T15:03:42.819+0000][3755.965s][info ][safepoint     ] Application time: 1.0012754 seconds
[2023-10-17T15:03:42.820+0000][3755.966s][info ][safepoint     ] Entering safepoint region: Cleanup
[2023-10-17T15:03:42.821+0000][3755.967s][info ][safepoint     ] Leaving safepoint region
[2023-10-17T15:03:42.822+0000][3755.968s][info ][safepoint     ] Total time for which application threads were stopped: 0.0019901 seconds, Stopping threads took: 0.0009674 seconds
[2023-10-17T15:03:43.823+0000][3756.969s][debug][safepoint     ] Safepoint synchronization initiated. (184 threads)
[2023-10-17T15:03:43.824+0000][3756.970s][info ][safepoint     ] Application time: 1.0009645 seconds
[2023-10-17T15:03:43.824+0000][3756.970s][info ][safepoint     ] Entering safepoint region: Cleanup
[2023-10-17T15:03:43.825+0000][3756.971s][info ][safepoint     ] Leaving safepoint region
[2023-10-17T15:03:43.826+0000][3756.972s][info ][safepoint     ] Total time for which application threads were stopped: 0.0016622 seconds, Stopping threads took: 0.0006775 seconds
[2023-10-17T15:03:44.827+0000][3757.973s][debug][safepoint     ] Safepoint synchronization initiated. (184 threads)
[2023-10-17T15:03:44.828+0000][3757.974s][info ][safepoint     ] Application time: 1.0013370 seconds
[2023-10-17T15:03:44.829+0000][3757.975s][info ][safepoint     ] Entering safepoint region: Cleanup
[2023-10-17T15:03:44.830+0000][3757.976s][info ][safepoint     ] Leaving safepoint region
[2023-10-17T15:03:44.832+0000][3757.978s][info ][safepoint     ] Total time for which application threads were stopped: 0.0028340 seconds, Stopping threads took: 0.0009287 seconds
[2023-10-17T15:03:45.833+0000][3758.979s][debug][safepoint     ] Safepoint synchronization initiated. (184 threads)
[2023-10-17T15:03:45.834+0000][3758.980s][info ][safepoint     ] Application time: 1.0010789 seconds
[2023-10-17T15:03:45.835+0000][3758.981s][info ][safepoint     ] Entering safepoint region: Cleanup
[2023-10-17T15:03:45.837+0000][3758.983s][info ][safepoint     ] Leaving safepoint region
[2023-10-17T15:03:45.838+0000][3758.984s][info ][safepoint     ] Total time for which application threads were stopped: 0.0031074 seconds, Stopping threads took: 0.0015098 seconds
[2023-10-17T15:03:46.839+0000][3759.985s][debug][safepoint     ] Safepoint synchronization initiated. (184 threads)
[2023-10-17T15:03:46.840+0000][3759.986s][info ][safepoint     ] Application time: 1.0013276 seconds
[2023-10-17T15:03:46.841+0000][3759.987s][info ][safepoint     ] Entering safepoint region: Cleanup
[2023-10-17T15:03:46.842+0000][3759.988s][info ][safepoint     ] Leaving safepoint region
[2023-10-17T15:03:46.842+0000][3759.988s][info ][safepoint     ] Total time for which application threads were stopped: 0.0015955 seconds, Stopping threads took: 0.0007458 seconds
[2023-10-17T15:03:46.842+0000][3759.988s][debug][safepoint     ] ... found polling page return exception at pc = 0x00007fc1a54a9604, stub =0x00007fc19c840600
[2023-10-17T15:03:46.842+0000][3759.988s][debug][safepoint     ] ... found polling page return exception at pc = 0x00007fc1a54a9604, stub =0x00007fc19c840600
[2023-10-17T15:03:46.842+0000][3759.988s][debug][safepoint     ] ... found polling page return exception at pc = 0x00007fc1a54a9604, stub =0x00007fc19c840600
[2023-10-17T15:03:46.842+0000][3759.988s][debug][safepoint     ] ... found polling page return exception at pc = 0x00007fc1a54a9604, stub =0x00007fc19c840600
[2023-10-17T15:03:46.842+0000][3759.988s][debug][safepoint     ] ... found polling page return exception at pc = 0x00007fc1a54a9604, stub =0x00007fc19c840600
[2023-10-17T15:03:46.842+0000][3759.988s][debug][safepoint     ] ... found polling page return exception at pc = 0x00007fc1a54a9604, stub =0x00007fc19c840600
[2023-10-17T15:03:47.843+0000][3760.989s][debug][safepoint     ] Safepoint synchronization initiated. (184 threads)
[2023-10-17T15:03:47.844+0000][3760.990s][info ][safepoint     ] Application time: 1.0014852 seconds
[2023-10-17T15:03:47.845+0000][3760.991s][info ][safepoint     ] Entering safepoint region: Cleanup
[2023-10-17T15:03:47.846+0000][3760.992s][info ][safepoint     ] Leaving safepoint region
[2023-10-17T15:03:47.847+0000][3760.993s][info ][safepoint     ] Total time for which application threads were stopped: 0.0015894 seconds, Stopping threads took: 0.0005957 seconds
[2023-10-17T15:03:48.850+0000][3761.994s][debug][safepoint     ] Safepoint synchronization initiated. (184 threads)
[2023-10-17T15:03:48.852+0000][3761.995s][info ][safepoint     ] Application time: 1.0018169 seconds
[2023-10-17T15:03:48.852+0000][3761.996s][info ][safepoint     ] Entering safepoint region: Cleanup
[2023-10-17T15:03:48.854+0000][3761.997s][info ][safepoint     ] Leaving safepoint region
[2023-10-17T15:03:48.854+0000][3761.998s][info ][safepoint     ] Total time for which application threads were stopped: 0.0018855 seconds, Stopping threads took: 0.0009247 seconds
[2023-10-17T15:03:49.855+0000][3762.999s][debug][safepoint     ] Safepoint synchronization initiated. (184 threads)
[2023-10-17T15:03:49.856+0000][3763.000s][info ][safepoint     ] Application time: 1.0010793 seconds
[2023-10-17T15:03:49.857+0000][3763.001s][info ][safepoint     ] Entering safepoint region: Cleanup
[2023-10-17T15:03:49.858+0000][3763.002s][info ][safepoint     ] Leaving safepoint region
[2023-10-17T15:03:49.859+0000][3763.003s][info ][safepoint     ] Total time for which application threads were stopped: 0.0018186 seconds, Stopping threads took: 0.0007557 seconds
[2023-10-17T15:03:50.860+0000][3764.004s][debug][safepoint     ] Safepoint synchronization initiated. (184 threads)
[2023-10-17T15:03:50.861+0000][3764.005s][info ][safepoint     ] Application time: 1.0013561 seconds
[2023-10-17T15:03:50.862+0000][3764.006s][info ][safepoint     ] Entering safepoint region: Cleanup
[2023-10-17T15:03:50.863+0000][3764.007s][info ][safepoint     ] Leaving safepoint region
[2023-10-17T15:03:50.864+0000][3764.007s][info ][safepoint     ] Total time for which application threads were stopped: 0.0018130 seconds, Stopping threads took: 0.0008317 seconds
[2023-10-17T15:03:51.865+0000][3765.009s][debug][safepoint     ] Safepoint synchronization initiated. (184 threads)
[2023-10-17T15:03:51.866+0000][3765.009s][info ][safepoint     ] Application time: 1.0011544 seconds
[2023-10-17T15:03:51.867+0000][3765.010s][info ][safepoint     ] Entering safepoint region: Cleanup
[2023-10-17T15:03:51.868+0000][3765.011s][info ][safepoint     ] Leaving safepoint region
[2023-10-17T15:03:51.868+0000][3765.012s][info ][safepoint     ] Total time for which application threads were stopped: 0.0019069 seconds, Stopping threads took: 0.0008374 seconds
[2023-10-17T15:03:52.869+0000][3766.013s][debug][safepoint     ] Safepoint synchronization initiated. (184 threads)
[2023-10-17T15:03:52.870+0000][3766.014s][info ][safepoint     ] Application time: 1.0014152 seconds
[2023-10-17T15:03:52.871+0000][3766.015s][info ][safepoint     ] Entering safepoint region: Cleanup
[2023-10-17T15:03:52.872+0000][3766.016s][info ][safepoint     ] Leaving safepoint region
[2023-10-17T15:03:52.873+0000][3766.016s][info ][safepoint     ] Total time for which application threads were stopped: 0.0015849 seconds, Stopping threads took: 0.0005381 seconds
[2023-10-17T15:03:53.874+0000][3767.017s][debug][safepoint     ] Safepoint synchronization initiated. (184 threads)
[2023-10-17T15:03:53.875+0000][3767.019s][info ][safepoint     ] Application time: 1.0018808 seconds
[2023-10-17T15:03:53.876+0000][3767.020s][info ][safepoint     ] Entering safepoint region: Cleanup
[2023-10-17T15:03:53.877+0000][3767.021s][info ][safepoint     ] Leaving safepoint region
[2023-10-17T15:03:53.878+0000][3767.022s][info ][safepoint     ] Total time for which application threads were stopped: 0.0021531 seconds, Stopping threads took: 0.0007083 seconds
[2023-10-17T15:03:54.879+0000][3768.023s][debug][safepoint     ] Safepoint synchronization initiated. (184 threads)
[2023-10-17T15:03:54.881+0000][3768.024s][info ][safepoint     ] Application time: 1.0017018 seconds
[2023-10-17T15:03:54.882+0000][3768.026s][info ][safepoint     ] Entering safepoint region: Cleanup
[2023-10-17T15:03:54.883+0000][3768.027s][info ][safepoint     ] Leaving safepoint region
[2023-10-17T15:03:54.884+0000][3768.027s][info ][safepoint     ] Total time for which application threads were stopped: 0.0018489 seconds, Stopping threads took: 0.0009367 seconds
[2023-10-17T15:03:55.885+0000][3769.029s][debug][safepoint     ] Safepoint synchronization initiated. (184 threads)
[2023-10-17T15:03:55.886+0000][3769.030s][info ][safepoint     ] Application time: 1.0010410 seconds
[2023-10-17T15:03:55.887+0000][3769.030s][info ][safepoint     ] Entering safepoint region: Cleanup
[2023-10-17T15:03:55.889+0000][3769.032s][info ][safepoint     ] Leaving safepoint region
[2023-10-17T15:03:55.890+0000][3769.033s][info ][safepoint     ] Total time for which application threads were stopped: 0.0028442 seconds, Stopping threads took: 0.0013674 seconds
[2023-10-17T15:03:56.891+0000][3770.034s][debug][safepoint     ] Safepoint synchronization initiated. (183 threads)
[2023-10-17T15:03:56.892+0000][3770.035s][info ][safepoint     ] Application time: 1.0013087 seconds
[2023-10-17T15:03:56.892+0000][3770.036s][info ][safepoint     ] Entering safepoint region: Cleanup
[2023-10-17T15:03:56.894+0000][3770.038s][info ][safepoint     ] Leaving safepoint region
[2023-10-17T15:03:56.895+0000][3770.039s][info ][safepoint     ] Total time for which application threads were stopped: 0.0030633 seconds, Stopping threads took: 0.0009991 seconds
[2023-10-17T15:03:57.897+0000][3771.040s][debug][safepoint     ] Safepoint synchronization initiated. (183 threads)
[2023-10-17T15:03:57.898+0000][3771.041s][info ][safepoint     ] Application time: 1.0011688 seconds
[2023-10-17T15:03:57.898+0000][3771.042s][info ][safepoint     ] Entering safepoint region: Cleanup
[2023-10-17T15:03:57.899+0000][3771.043s][info ][safepoint     ] Leaving safepoint region
[2023-10-17T15:03:57.900+0000][3771.043s][info ][safepoint     ] Total time for which application threads were stopped: 0.0014813 seconds, Stopping threads took: 0.0005995 seconds
[2023-10-17T15:03:58.901+0000][3772.045s][debug][safepoint     ] Safepoint synchronization initiated. (183 threads)
[2023-10-17T15:03:58.902+0000][3772.046s][info ][safepoint     ] Application time: 1.0012987 seconds
[2023-10-17T15:03:58.903+0000][3772.047s][info ][safepoint     ] Entering safepoint region: Cleanup
[2023-10-17T15:03:58.904+0000][3772.048s][info ][safepoint     ] Leaving safepoint region
[2023-10-17T15:03:58.905+0000][3772.049s][info ][safepoint     ] Total time for which application threads were stopped: 0.0021839 seconds, Stopping threads took: 0.0010177 seconds
[2023-10-17T15:03:59.906+0000][3773.050s][debug][safepoint     ] Safepoint synchronization initiated. (183 threads)
[2023-10-17T15:03:59.908+0000][3773.051s][info ][safepoint     ] Application time: 1.0017982 seconds
[2023-10-17T15:03:59.909+0000][3773.053s][info ][safepoint     ] Entering safepoint region: Cleanup
[2023-10-17T15:03:59.911+0000][3773.054s][info ][safepoint     ] Leaving safepoint region
[2023-10-17T15:03:59.911+0000][3773.055s][info ][safepoint     ] Total time for which application threads were stopped: 0.0019333 seconds, Stopping threads took: 0.0008690 seconds
[2023-10-17T15:04:00.912+0000][3774.056s][debug][safepoint     ] Safepoint synchronization initiated. (183 threads)
[2023-10-17T15:04:00.913+0000][3774.057s][info ][safepoint     ] Application time: 1.0013999 seconds
[2023-10-17T15:04:00.914+0000][3774.058s][info ][safepoint     ] Entering safepoint region: Cleanup
[2023-10-17T15:04:00.915+0000][3774.059s][info ][safepoint     ] Leaving safepoint region
[2023-10-17T15:04:00.916+0000][3774.060s][info ][safepoint     ] Total time for which application threads were stopped: 0.0018100 seconds, Stopping threads took: 0.0007867 seconds
[2023-10-17T15:04:01.917+0000][3775.061s][debug][safepoint     ] Safepoint synchronization initiated. (183 threads)
[2023-10-17T15:04:01.918+0000][3775.062s][info ][safepoint     ] Application time: 1.0013268 seconds
[2023-10-17T15:04:01.919+0000][3775.063s][info ][safepoint     ] Entering safepoint region: Cleanup
[2023-10-17T15:04:01.920+0000][3775.064s][info ][safepoint     ] Leaving safepoint region
[2023-10-17T15:04:01.921+0000][3775.065s][info ][safepoint     ] Total time for which application threads were stopped: 0.0023068 seconds, Stopping threads took: 0.0009600 seconds
[2023-10-17T15:04:02.922+0000][3776.066s][debug][safepoint     ] Safepoint synchronization initiated. (183 threads)
[2023-10-17T15:04:02.924+0000][3776.067s][info ][safepoint     ] Application time: 1.0014078 seconds
[2023-10-17T15:04:02.925+0000][3776.068s][info ][safepoint     ] Entering safepoint region: Cleanup
[2023-10-17T15:04:02.926+0000][3776.069s][info ][safepoint     ] Leaving safepoint region
[2023-10-17T15:04:02.926+0000][3776.070s][info ][safepoint     ] Total time for which application threads were stopped: 0.0019033 seconds, Stopping threads took: 0.0007988 seconds
[2023-10-17T15:04:03.927+0000][3777.071s][debug][safepoint     ] Safepoint synchronization initiated. (183 threads)
[2023-10-17T15:04:03.929+0000][3777.073s][info ][safepoint     ] Application time: 1.0019965 seconds
[2023-10-17T15:04:03.931+0000][3777.075s][info ][safepoint     ] Entering safepoint region: Cleanup
[2023-10-17T15:04:03.933+0000][3777.077s][info ][safepoint     ] Leaving safepoint region
[2023-10-17T15:04:03.934+0000][3777.078s][info ][safepoint     ] Total time for which application threads were stopped: 0.0026690 seconds, Stopping threads took: 0.0016255 seconds
[2023-10-17T15:04:04.936+0000][3778.079s][debug][safepoint     ] Safepoint synchronization initiated. (183 threads)
[2023-10-17T15:04:04.937+0000][3778.080s][info ][safepoint     ] Application time: 1.0015018 seconds
[2023-10-17T15:04:04.937+0000][3778.081s][info ][safepoint     ] Entering safepoint region: Cleanup
[2023-10-17T15:04:04.938+0000][3778.082s][info ][safepoint     ] Leaving safepoint region
[2023-10-17T15:04:04.939+0000][3778.083s][info ][safepoint     ] Total time for which application threads were stopped: 0.0016961 seconds, Stopping threads took: 0.0006857 seconds
[2023-10-17T15:04:05.940+0000][3779.084s][debug][safepoint     ] Safepoint synchronization initiated. (183 threads)
[2023-10-17T15:04:05.941+0000][3779.085s][info ][safepoint     ] Application time: 1.0016291 seconds
[2023-10-17T15:04:05.942+0000][3779.086s][info ][safepoint     ] Entering safepoint region: Cleanup
[2023-10-17T15:04:05.943+0000][3779.087s][info ][safepoint     ] Leaving safepoint region
[2023-10-17T15:04:05.944+0000][3779.087s][info ][safepoint     ] Total time for which application threads were stopped: 0.0014539 seconds, Stopping threads took: 0.0005631 seconds
[2023-10-17T15:04:06.944+0000][3780.088s][debug][safepoint     ] Safepoint synchronization initiated. (183 threads)
[2023-10-17T15:04:06.945+0000][3780.089s][info ][safepoint     ] Application time: 1.0009540 seconds
[2023-10-17T15:04:06.946+0000][3780.090s][info ][safepoint     ] Entering safepoint region: Cleanup
[2023-10-17T15:04:06.947+0000][3780.091s][info ][safepoint     ] Leaving safepoint region
[2023-10-17T15:04:06.948+0000][3780.092s][info ][safepoint     ] Total time for which application threads were stopped: 0.0024772 seconds, Stopping threads took: 0.0009912 seconds
[2023-10-17T15:04:07.950+0000][3781.093s][debug][safepoint     ] Safepoint synchronization initiated. (183 threads)
[2023-10-17T15:04:07.950+0000][3781.094s][info ][safepoint     ] Application time: 1.0008335 seconds
[2023-10-17T15:04:07.951+0000][3781.095s][info ][safepoint     ] Entering safepoint region: Cleanup
[2023-10-17T15:04:07.952+0000][3781.096s][info ][safepoint     ] Leaving safepoint region
[2023-10-17T15:04:07.953+0000][3781.097s][info ][safepoint     ] Total time for which application threads were stopped: 0.0016890 seconds, Stopping threads took: 0.0008151 seconds
[2023-10-17T15:04:08.954+0000][3782.098s][debug][safepoint     ] Safepoint synchronization initiated. (183 threads)
[2023-10-17T15:04:08.956+0000][3782.099s][info ][safepoint     ] Application time: 1.0019991 seconds
[2023-10-17T15:04:08.957+0000][3782.100s][info ][safepoint     ] Entering safepoint region: Cleanup
[2023-10-17T15:04:08.958+0000][3782.101s][info ][safepoint     ] Leaving safepoint region
[2023-10-17T15:04:08.958+0000][3782.102s][info ][safepoint     ] Total time for which application threads were stopped: 0.0019181 seconds, Stopping threads took: 0.0008208 seconds
[2023-10-17T15:04:09.960+0000][3783.104s][debug][safepoint     ] Safepoint synchronization initiated. (183 threads)
[2023-10-17T15:04:09.961+0000][3783.105s][info ][safepoint     ] Application time: 1.0015706 seconds
[2023-10-17T15:04:09.962+0000][3783.106s][info ][safepoint     ] Entering safepoint region: Cleanup
[2023-10-17T15:04:09.963+0000][3783.107s][info ][safepoint     ] Leaving safepoint region
[2023-10-17T15:04:09.964+0000][3783.107s][info ][safepoint     ] Total time for which application threads were stopped: 0.0016821 seconds, Stopping threads took: 0.0007412 seconds
[2023-10-17T15:04:10.965+0000][3784.109s][debug][safepoint     ] Safepoint synchronization initiated. (183 threads)
[2023-10-17T15:04:10.966+0000][3784.110s][info ][safepoint     ] Application time: 1.0010877 seconds
[2023-10-17T15:04:10.967+0000][3784.110s][info ][safepoint     ] Entering safepoint region: Cleanup
[2023-10-17T15:04:10.968+0000][3784.111s][info ][safepoint     ] Leaving safepoint region
[2023-10-17T15:04:10.968+0000][3784.112s][info ][safepoint     ] Total time for which application threads were stopped: 0.0016826 seconds, Stopping threads took: 0.0006747 seconds
[2023-10-17T15:04:11.969+0000][3785.113s][debug][safepoint     ] Safepoint synchronization initiated. (183 threads)
[2023-10-17T15:04:11.970+0000][3785.114s][info ][safepoint     ] Application time: 1.0011349 seconds
[2023-10-17T15:04:11.971+0000][3785.115s][debug][safepoint     ] ... found polling page return exception at pc = 0x00007fc1a5468077, stub =0x00007fc19c840600
[2023-10-17T15:04:11.971+0000][3785.115s][debug][safepoint     ] ... found polling page return exception at pc = 0x00007fc1a451a268, stub =0x00007fc19c840600
[2023-10-17T15:04:11.971+0000][3785.115s][debug][safepoint     ] ... found polling page return exception at pc = 0x00007fc1a54a9604, stub =0x00007fc19c840600
[2023-10-17T15:04:11.972+0000][3785.115s][debug][safepoint     ] ... found polling page return exception at pc = 0x00007fc1a4b6ab06, stub =0x00007fc19c840600
[2023-10-17T15:04:11.975+0000][3785.119s][debug][safepoint     ] Waiting for 4 thread(s) to block
[2023-10-17T15:04:11.977+0000][3785.120s][info ][safepoint     ] Entering safepoint region: Cleanup
[2023-10-17T15:04:11.977+0000][3785.121s][info ][safepoint     ] Leaving safepoint region
[2023-10-17T15:04:11.978+0000][3785.122s][info ][safepoint     ] Total time for which application threads were stopped: 0.0069403 seconds, Stopping threads took: 0.0058639 seconds
[2023-10-17T15:04:12.980+0000][3786.124s][debug][safepoint     ] Safepoint synchronization initiated. (183 threads)
[2023-10-17T15:04:12.982+0000][3786.126s][info ][safepoint     ] Application time: 1.0025146 seconds
[2023-10-17T15:04:12.983+0000][3786.127s][info ][safepoint     ] Entering safepoint region: Cleanup
[2023-10-17T15:04:12.984+0000][3786.128s][info ][safepoint     ] Leaving safepoint region
[2023-10-17T15:04:12.985+0000][3786.129s][info ][safepoint     ] Total time for which application threads were stopped: 0.0019781 seconds, Stopping threads took: 0.0008530 seconds
[2023-10-17T15:04:13.986+0000][3787.130s][debug][safepoint     ] Safepoint synchronization initiated. (183 threads)
[2023-10-17T15:04:13.987+0000][3787.131s][info ][safepoint     ] Application time: 1.0012883 seconds
[2023-10-17T15:04:13.988+0000][3787.132s][info ][safepoint     ] Entering safepoint region: Cleanup
[2023-10-17T15:04:13.989+0000][3787.133s][info ][safepoint     ] Leaving safepoint region
[2023-10-17T15:04:13.990+0000][3787.134s][info ][safepoint     ] Total time for which application threads were stopped: 0.0017761 seconds, Stopping threads took: 0.0008685 seconds
[2023-10-17T15:04:14.991+0000][3788.134s][debug][safepoint     ] Safepoint synchronization initiated. (183 threads)
[2023-10-17T15:04:14.992+0000][3788.135s][info ][safepoint     ] Application time: 1.0011768 seconds
[2023-10-17T15:04:14.992+0000][3788.136s][info ][safepoint     ] Entering safepoint region: Cleanup
[2023-10-17T15:04:14.994+0000][3788.138s][info ][safepoint     ] Leaving safepoint region
[2023-10-17T15:04:14.995+0000][3788.138s][info ][safepoint     ] Total time for which application threads were stopped: 0.0021419 seconds, Stopping threads took: 0.0012359 seconds
[2023-10-17T15:04:15.995+0000][3789.139s][debug][safepoint     ] Safepoint synchronization initiated. (183 threads)
[2023-10-17T15:04:15.996+0000][3789.140s][info ][safepoint     ] Application time: 1.0012603 seconds
[2023-10-17T15:04:15.997+0000][3789.141s][info ][safepoint     ] Entering safepoint region: Cleanup
[2023-10-17T15:04:15.998+0000][3789.142s][info ][safepoint     ] Leaving safepoint region
[2023-10-17T15:04:15.999+0000][3789.142s][info ][safepoint     ] Total time for which application threads were stopped: 0.0016143 seconds, Stopping threads took: 0.0007468 seconds
[2023-10-17T15:04:17.000+0000][3790.143s][debug][safepoint     ] Safepoint synchronization initiated. (183 threads)
[2023-10-17T15:04:17.001+0000][3790.145s][info ][safepoint     ] Application time: 1.0019024 seconds
[2023-10-17T15:04:17.003+0000][3790.146s][info ][safepoint     ] Entering safepoint region: Cleanup
[2023-10-17T15:04:17.004+0000][3790.148s][info ][safepoint     ] Leaving safepoint region
[2023-10-17T15:04:17.005+0000][3790.149s][info ][safepoint     ] Total time for which application threads were stopped: 0.0028762 seconds, Stopping threads took: 0.0011211 seconds
[2023-10-17T15:04:18.006+0000][3791.150s][debug][safepoint     ] Safepoint synchronization initiated. (183 threads)
[2023-10-17T15:04:18.008+0000][3791.152s][info ][safepoint     ] Application time: 1.0017272 seconds
[2023-10-17T15:04:18.010+0000][3791.153s][info ][safepoint     ] Entering safepoint region: Cleanup
[2023-10-17T15:04:18.011+0000][3791.155s][info ][safepoint     ] Leaving safepoint region
[2023-10-17T15:04:18.012+0000][3791.156s][info ][safepoint     ] Total time for which application threads were stopped: 0.0025307 seconds, Stopping threads took: 0.0009617 seconds
[2023-10-17T15:04:19.015+0000][3792.157s][debug][safepoint     ] Safepoint synchronization initiated. (183 threads)
[2023-10-17T15:04:19.016+0000][3792.159s][info ][safepoint     ] Application time: 1.0016889 seconds
[2023-10-17T15:04:19.017+0000][3792.160s][info ][safepoint     ] Entering safepoint region: Cleanup
[2023-10-17T15:04:19.019+0000][3792.161s][info ][safepoint     ] Leaving safepoint region
[2023-10-17T15:04:19.019+0000][3792.162s][info ][safepoint     ] Total time for which application threads were stopped: 0.0025460 seconds, Stopping threads took: 0.0012378 seconds
[2023-10-17T15:04:20.020+0000][3793.163s][debug][safepoint     ] Safepoint synchronization initiated. (183 threads)
[2023-10-17T15:04:20.021+0000][3793.164s][info ][safepoint     ] Application time: 1.0012249 seconds
[2023-10-17T15:04:20.022+0000][3793.165s][info ][safepoint     ] Entering safepoint region: Cleanup
[2023-10-17T15:04:20.023+0000][3793.166s][info ][safepoint     ] Leaving safepoint region
[2023-10-17T15:04:20.024+0000][3793.167s][info ][safepoint     ] Total time for which application threads were stopped: 0.0021472 seconds, Stopping threads took: 0.0010597 seconds
[2023-10-17T15:04:21.025+0000][3794.168s][debug][safepoint     ] Safepoint synchronization initiated. (183 threads)
[2023-10-17T15:04:21.026+0000][3794.169s][info ][safepoint     ] Application time: 1.0013968 seconds
[2023-10-17T15:04:21.027+0000][3794.170s][info ][safepoint     ] Entering safepoint region: Cleanup
[2023-10-17T15:04:21.028+0000][3794.171s][info ][safepoint     ] Leaving safepoint region
[2023-10-17T15:04:21.029+0000][3794.171s][info ][safepoint     ] Total time for which application threads were stopped: 0.0016090 seconds, Stopping threads took: 0.0007720 seconds
[2023-10-17T15:04:22.030+0000][3795.172s][debug][safepoint     ] Safepoint synchronization initiated. (183 threads)
[2023-10-17T15:04:22.031+0000][3795.173s][info ][safepoint     ] Application time: 1.0013139 seconds
[2023-10-17T15:04:22.032+0000][3795.174s][info ][safepoint     ] Entering safepoint region: Cleanup
[2023-10-17T15:04:22.033+0000][3795.175s][info ][safepoint     ] Leaving safepoint region
[2023-10-17T15:04:22.033+0000][3795.176s][info ][safepoint     ] Total time for which application threads were stopped: 0.0018093 seconds, Stopping threads took: 0.0008269 seconds
[2023-10-17T15:04:23.034+0000][3796.177s][debug][safepoint     ] Safepoint synchronization initiated. (183 threads)
[2023-10-17T15:04:23.035+0000][3796.178s][info ][safepoint     ] Application time: 1.0010414 seconds
[2023-10-17T15:04:23.036+0000][3796.178s][info ][safepoint     ] Entering safepoint region: Cleanup
[2023-10-17T15:04:23.037+0000][3796.180s][info ][safepoint     ] Leaving safepoint region
[2023-10-17T15:04:23.038+0000][3796.180s][info ][safepoint     ] Total time for which application threads were stopped: 0.0018658 seconds, Stopping threads took: 0.0009457 seconds
[2023-10-17T15:04:24.038+0000][3797.181s][debug][safepoint     ] Safepoint synchronization initiated. (183 threads)
[2023-10-17T15:04:24.040+0000][3797.183s][info ][safepoint     ] Application time: 1.0015583 seconds
[2023-10-17T15:04:24.041+0000][3797.184s][info ][safepoint     ] Entering safepoint region: Cleanup
[2023-10-17T15:04:24.043+0000][3797.186s][info ][safepoint     ] Leaving safepoint region
[2023-10-17T15:04:24.044+0000][3797.187s][info ][safepoint     ] Total time for which application threads were stopped: 0.0027776 seconds, Stopping threads took: 0.0009285 seconds
[2023-10-17T15:04:25.045+0000][3798.188s][debug][safepoint     ] Safepoint synchronization initiated. (183 threads)
[2023-10-17T15:04:25.047+0000][3798.189s][info ][safepoint     ] Application time: 1.0016165 seconds
[2023-10-17T15:04:25.048+0000][3798.190s][info ][safepoint     ] Entering safepoint region: Cleanup
[2023-10-17T15:04:25.049+0000][3798.192s][info ][safepoint     ] Leaving safepoint region
[2023-10-17T15:04:25.050+0000][3798.193s][info ][safepoint     ] Total time for which application threads were stopped: 0.0025790 seconds, Stopping threads took: 0.0010956 seconds
[2023-10-17T15:04:26.051+0000][3799.194s][debug][safepoint     ] Safepoint synchronization initiated. (183 threads)
[2023-10-17T15:04:26.053+0000][3799.195s][info ][safepoint     ] Application time: 1.0015668 seconds
[2023-10-17T15:04:26.053+0000][3799.196s][debug][safepoint     ] ... found polling page return exception at pc = 0x00007fc1a4672b74, stub =0x00007fc19c840600
[2023-10-17T15:04:26.053+0000][3799.196s][debug][safepoint     ] ... found polling page return exception at pc = 0x00007fc1a4672b74, stub =0x00007fc19c840600
[2023-10-17T15:04:26.053+0000][3799.196s][debug][safepoint     ] ... found polling page return exception at pc = 0x00007fc1a4672b74, stub =0x00007fc19c840600
[2023-10-17T15:04:26.057+0000][3799.200s][debug][safepoint     ] Waiting for 3 thread(s) to block
[2023-10-17T15:04:26.059+0000][3799.201s][info ][safepoint     ] Entering safepoint region: Cleanup
[2023-10-17T15:04:26.060+0000][3799.202s][info ][safepoint     ] Leaving safepoint region
[2023-10-17T15:04:26.061+0000][3799.203s][info ][safepoint     ] Total time for which application threads were stopped: 0.0071046 seconds, Stopping threads took: 0.0060149 seconds
[2023-10-17T15:04:27.062+0000][3800.204s][debug][safepoint     ] Safepoint synchronization initiated. (183 threads)
[2023-10-17T15:04:27.063+0000][3800.205s][info ][safepoint     ] Application time: 1.0012963 seconds
[2023-10-17T15:04:27.063+0000][3800.206s][info ][safepoint     ] Entering safepoint region: Cleanup
[2023-10-17T15:04:27.065+0000][3800.207s][info ][safepoint     ] Leaving safepoint region
[2023-10-17T15:04:27.065+0000][3800.208s][info ][safepoint     ] Total time for which application threads were stopped: 0.0018634 seconds, Stopping threads took: 0.0008366 seconds
[2023-10-17T15:04:28.066+0000][3801.209s][debug][safepoint     ] Safepoint synchronization initiated. (183 threads)
[2023-10-17T15:04:28.067+0000][3801.210s][info ][safepoint     ] Application time: 1.0012895 seconds
[2023-10-17T15:04:28.068+0000][3801.211s][info ][safepoint     ] Entering safepoint region: Cleanup
[2023-10-17T15:04:28.069+0000][3801.212s][info ][safepoint     ] Leaving safepoint region
[2023-10-17T15:04:28.070+0000][3801.213s][info ][safepoint     ] Total time for which application threads were stopped: 0.0017959 seconds, Stopping threads took: 0.0007812 seconds
[2023-10-17T15:04:29.071+0000][3802.214s][debug][safepoint     ] Safepoint synchronization initiated. (183 threads)
[2023-10-17T15:04:29.072+0000][3802.215s][info ][safepoint     ] Application time: 1.0014228 seconds
[2023-10-17T15:04:29.073+0000][3802.216s][info ][safepoint     ] Entering safepoint region: Cleanup
[2023-10-17T15:04:29.074+0000][3802.217s][info ][safepoint     ] Leaving safepoint region
[2023-10-17T15:04:29.075+0000][3802.218s][info ][safepoint     ] Total time for which application threads were stopped: 0.0018842 seconds, Stopping threads took: 0.0008239 seconds
[2023-10-17T15:04:30.076+0000][3803.219s][debug][safepoint     ] Safepoint synchronization initiated. (183 threads)
[2023-10-17T15:04:30.078+0000][3803.220s][info ][safepoint     ] Application time: 1.0018976 seconds
[2023-10-17T15:04:30.079+0000][3803.221s][info ][safepoint     ] Entering safepoint region: Cleanup
[2023-10-17T15:04:30.080+0000][3803.223s][info ][safepoint     ] Leaving safepoint region
[2023-10-17T15:04:30.081+0000][3803.224s][info ][safepoint     ] Total time for which application threads were stopped: 0.0023730 seconds, Stopping threads took: 0.0010901 seconds
[2023-10-17T15:04:31.082+0000][3804.225s][debug][safepoint     ] Safepoint synchronization initiated. (183 threads)
[2023-10-17T15:04:31.083+0000][3804.226s][info ][safepoint     ] Application time: 1.0016123 seconds
[2023-10-17T15:04:31.085+0000][3804.227s][info ][safepoint     ] Entering safepoint region: Cleanup
[2023-10-17T15:04:31.086+0000][3804.229s][info ][safepoint     ] Leaving safepoint region
[2023-10-17T15:04:31.087+0000][3804.230s][info ][safepoint     ] Total time for which application threads were stopped: 0.0024526 seconds, Stopping threads took: 0.0010920 seconds
[2023-10-17T15:04:32.088+0000][3805.231s][debug][safepoint     ] Safepoint synchronization initiated. (183 threads)
[2023-10-17T15:04:32.089+0000][3805.232s][info ][safepoint     ] Application time: 1.0013484 seconds
[2023-10-17T15:04:32.090+0000][3805.233s][info ][safepoint     ] Entering safepoint region: Cleanup
[2023-10-17T15:04:32.091+0000][3805.234s][info ][safepoint     ] Leaving safepoint region
[2023-10-17T15:04:32.092+0000][3805.235s][info ][safepoint     ] Total time for which application threads were stopped: 0.0020196 seconds, Stopping threads took: 0.0009000 seconds
[2023-10-17T15:04:33.093+0000][3806.236s][debug][safepoint     ] Safepoint synchronization initiated. (183 threads)
[2023-10-17T15:04:33.095+0000][3806.237s][info ][safepoint     ] Application time: 1.0019135 seconds
[2023-10-17T15:04:33.096+0000][3806.238s][info ][safepoint     ] Entering safepoint region: Cleanup
[2023-10-17T15:04:33.097+0000][3806.239s][info ][safepoint     ] Leaving safepoint region
[2023-10-17T15:04:33.097+0000][3806.240s][info ][safepoint     ] Total time for which application threads were stopped: 0.0015220 seconds, Stopping threads took: 0.0007540 seconds
[2023-10-17T15:04:34.098+0000][3807.241s][debug][safepoint     ] Safepoint synchronization initiated. (183 threads)
[2023-10-17T15:04:34.099+0000][3807.242s][info ][safepoint     ] Application time: 1.0012642 seconds
[2023-10-17T15:04:34.100+0000][3807.242s][info ][safepoint     ] Entering safepoint region: Cleanup
[2023-10-17T15:04:34.101+0000][3807.243s][info ][safepoint     ] Leaving safepoint region
[2023-10-17T15:04:34.101+0000][3807.244s][info ][safepoint     ] Total time for which application threads were stopped: 0.0017302 seconds, Stopping threads took: 0.0007140 seconds
[2023-10-17T15:04:35.102+0000][3808.245s][debug][safepoint     ] Safepoint synchronization initiated. (183 threads)
[2023-10-17T15:04:35.103+0000][3808.246s][info ][safepoint     ] Application time: 1.0012287 seconds
[2023-10-17T15:04:35.104+0000][3808.247s][info ][safepoint     ] Entering safepoint region: Cleanup
[2023-10-17T15:04:35.105+0000][3808.248s][info ][safepoint     ] Leaving safepoint region
[2023-10-17T15:04:35.106+0000][3808.248s][info ][safepoint     ] Total time for which application threads were stopped: 0.0016577 seconds, Stopping threads took: 0.0007360 seconds
[2023-10-17T15:04:36.106+0000][3809.249s][debug][safepoint     ] Safepoint synchronization initiated. (183 threads)
[2023-10-17T15:04:36.108+0000][3809.250s][info ][safepoint     ] Application time: 1.0011538 seconds
[2023-10-17T15:04:36.108+0000][3809.251s][info ][safepoint     ] Entering safepoint region: Cleanup
[2023-10-17T15:04:36.109+0000][3809.252s][info ][safepoint     ] Leaving safepoint region
[2023-10-17T15:04:36.110+0000][3809.252s][info ][safepoint     ] Total time for which application threads were stopped: 0.0016326 seconds, Stopping threads took: 0.0007366 seconds
[2023-10-17T15:04:37.111+0000][3810.254s][debug][safepoint     ] Safepoint synchronization initiated. (183 threads)
[2023-10-17T15:04:37.112+0000][3810.254s][info ][safepoint     ] Application time: 1.0012178 seconds
[2023-10-17T15:04:37.113+0000][3810.255s][info ][safepoint     ] Entering safepoint region: Cleanup
[2023-10-17T15:04:37.114+0000][3810.256s][info ][safepoint     ] Leaving safepoint region
[2023-10-17T15:04:37.114+0000][3810.257s][info ][safepoint     ] Total time for which application threads were stopped: 0.0018154 seconds, Stopping threads took: 0.0008491 seconds
[2023-10-17T15:04:38.115+0000][3811.258s][debug][safepoint     ] Safepoint synchronization initiated. (183 threads)
[2023-10-17T15:04:38.116+0000][3811.259s][info ][safepoint     ] Application time: 1.0009198 seconds
[2023-10-17T15:04:38.117+0000][3811.259s][info ][safepoint     ] Entering safepoint region: Cleanup
[2023-10-17T15:04:38.118+0000][3811.260s][info ][safepoint     ] Leaving safepoint region
[2023-10-17T15:04:38.118+0000][3811.261s][info ][safepoint     ] Total time for which application threads were stopped: 0.0016479 seconds, Stopping threads took: 0.0006278 seconds
[2023-10-17T15:04:39.119+0000][3812.262s][debug][safepoint     ] Safepoint synchronization initiated. (183 threads)
[2023-10-17T15:04:39.120+0000][3812.263s][info ][safepoint     ] Application time: 1.0012197 seconds
[2023-10-17T15:04:39.121+0000][3812.264s][info ][safepoint     ] Entering safepoint region: Cleanup
[2023-10-17T15:04:39.122+0000][3812.265s][info ][safepoint     ] Leaving safepoint region
[2023-10-17T15:04:39.123+0000][3812.266s][info ][safepoint     ] Total time for which application threads were stopped: 0.0022619 seconds, Stopping threads took: 0.0009205 seconds
[2023-10-17T15:04:40.125+0000][3813.267s][debug][safepoint     ] Safepoint synchronization initiated. (183 threads)
[2023-10-17T15:04:40.126+0000][3813.269s][info ][safepoint     ] Application time: 1.0021032 seconds
[2023-10-17T15:04:40.127+0000][3813.270s][info ][safepoint     ] Entering safepoint region: Cleanup
[2023-10-17T15:04:40.128+0000][3813.271s][info ][safepoint     ] Leaving safepoint region
[2023-10-17T15:04:40.129+0000][3813.272s][info ][safepoint     ] Total time for which application threads were stopped: 0.0020943 seconds, Stopping threads took: 0.0013422 seconds
[2023-10-17T15:04:41.130+0000][3814.273s][debug][safepoint     ] Safepoint synchronization initiated. (184 threads)
[2023-10-17T15:04:41.132+0000][3814.274s][info ][safepoint     ] Application time: 1.0020651 seconds
[2023-10-17T15:04:41.133+0000][3814.276s][info ][safepoint     ] Entering safepoint region: Cleanup
[2023-10-17T15:04:41.134+0000][3814.277s][info ][safepoint     ] Leaving safepoint region
[2023-10-17T15:04:41.135+0000][3814.278s][info ][safepoint     ] Total time for which application threads were stopped: 0.0021510 seconds, Stopping threads took: 0.0008965 seconds
[2023-10-17T15:04:42.136+0000][3815.279s][debug][safepoint     ] Safepoint synchronization initiated. (184 threads)
[2023-10-17T15:04:42.138+0000][3815.280s][info ][safepoint     ] Application time: 1.0017382 seconds
[2023-10-17T15:04:42.139+0000][3815.281s][info ][safepoint     ] Entering safepoint region: Cleanup
[2023-10-17T15:04:42.141+0000][3815.283s][info ][safepoint     ] Leaving safepoint region
[2023-10-17T15:04:42.142+0000][3815.285s][info ][safepoint     ] Total time for which application threads were stopped: 0.0033125 seconds, Stopping threads took: 0.0008612 seconds
[2023-10-17T15:04:43.143+0000][3816.285s][debug][safepoint     ] Safepoint synchronization initiated. (184 threads)
[2023-10-17T15:04:43.144+0000][3816.287s][info ][safepoint     ] Application time: 1.0016807 seconds
[2023-10-17T15:04:43.145+0000][3816.288s][info ][safepoint     ] Entering safepoint region: Cleanup
[2023-10-17T15:04:43.147+0000][3816.289s][info ][safepoint     ] Leaving safepoint region
[2023-10-17T15:04:43.147+0000][3816.290s][info ][safepoint     ] Total time for which application threads were stopped: 0.0020634 seconds, Stopping threads took: 0.0010146 seconds
[2023-10-17T15:04:44.148+0000][3817.291s][debug][safepoint     ] Safepoint synchronization initiated. (184 threads)
[2023-10-17T15:04:44.149+0000][3817.292s][info ][safepoint     ] Application time: 1.0011748 seconds
[2023-10-17T15:04:44.150+0000][3817.293s][info ][safepoint     ] Entering safepoint region: Cleanup
[2023-10-17T15:04:44.152+0000][3817.295s][info ][safepoint     ] Leaving safepoint region
[2023-10-17T15:04:44.154+0000][3817.296s][info ][safepoint     ] Total time for which application threads were stopped: 0.0036027 seconds, Stopping threads took: 0.0014693 seconds
[2023-10-17T15:04:45.155+0000][3818.298s][debug][safepoint     ] Safepoint synchronization initiated. (184 threads)
[2023-10-17T15:04:45.156+0000][3818.299s][info ][safepoint     ] Application time: 1.0012711 seconds
[2023-10-17T15:04:45.157+0000][3818.300s][debug][safepoint     ] ... found polling page return exception at pc = 0x00007fc1a53caa60, stub =0x00007fc19c840600
[2023-10-17T15:04:45.157+0000][3818.300s][debug][safepoint     ] ... found polling page return exception at pc = 0x00007fc1a4672b74, stub =0x00007fc19c840600
[2023-10-17T15:04:45.159+0000][3818.302s][debug][safepoint     ] Waiting for 3 thread(s) to block
[2023-10-17T15:04:45.161+0000][3818.304s][info ][safepoint     ] Entering safepoint region: Cleanup
[2023-10-17T15:04:45.163+0000][3818.305s][info ][safepoint     ] Leaving safepoint region
[2023-10-17T15:04:45.163+0000][3818.306s][info ][safepoint     ] Total time for which application threads were stopped: 0.0063479 seconds, Stopping threads took: 0.0052723 seconds
[2023-10-17T15:04:46.164+0000][3819.307s][debug][safepoint     ] Safepoint synchronization initiated. (183 threads)
[2023-10-17T15:04:46.166+0000][3819.308s][info ][safepoint     ] Application time: 1.0015232 seconds
[2023-10-17T15:04:46.167+0000][3819.309s][info ][safepoint     ] Entering safepoint region: Cleanup
[2023-10-17T15:04:46.168+0000][3819.311s][info ][safepoint     ] Leaving safepoint region
[2023-10-17T15:04:46.169+0000][3819.312s][info ][safepoint     ] Total time for which application threads were stopped: 0.0025132 seconds, Stopping threads took: 0.0012360 seconds
[2023-10-17T15:04:47.170+0000][3820.313s][debug][safepoint     ] Safepoint synchronization initiated. (183 threads)
[2023-10-17T15:04:47.171+0000][3820.314s][info ][safepoint     ] Application time: 1.0015993 seconds
[2023-10-17T15:04:47.172+0000][3820.315s][info ][safepoint     ] Entering safepoint region: Cleanup
[2023-10-17T15:04:47.173+0000][3820.316s][info ][safepoint     ] Leaving safepoint region
[2023-10-17T15:04:47.174+0000][3820.317s][info ][safepoint     ] Total time for which application threads were stopped: 0.0022590 seconds, Stopping threads took: 0.0007835 seconds
[2023-10-17T15:04:48.176+0000][3821.319s][debug][safepoint     ] Safepoint synchronization initiated. (183 threads)
[2023-10-17T15:04:48.177+0000][3821.320s][info ][safepoint     ] Application time: 1.0014660 seconds
[2023-10-17T15:04:48.178+0000][3821.320s][info ][safepoint     ] Entering safepoint region: Cleanup
[2023-10-17T15:04:48.179+0000][3821.322s][info ][safepoint     ] Leaving safepoint region
[2023-10-17T15:04:48.179+0000][3821.322s][info ][safepoint     ] Total time for which application threads were stopped: 0.0017198 seconds, Stopping threads took: 0.0008385 seconds
[2023-10-17T15:04:49.181+0000][3822.323s][debug][safepoint     ] Safepoint synchronization initiated. (183 threads)
[2023-10-17T15:04:49.182+0000][3822.324s][info ][safepoint     ] Application time: 1.0016225 seconds
[2023-10-17T15:04:49.184+0000][3822.326s][info ][safepoint     ] Entering safepoint region: Cleanup
[2023-10-17T15:04:49.185+0000][3822.327s][info ][safepoint     ] Leaving safepoint region
[2023-10-17T15:04:49.186+0000][3822.328s][info ][safepoint     ] Total time for which application threads were stopped: 0.0021793 seconds, Stopping threads took: 0.0010825 seconds
[2023-10-17T15:04:50.187+0000][3823.329s][debug][safepoint     ] Safepoint synchronization initiated. (183 threads)
[2023-10-17T15:04:50.188+0000][3823.330s][info ][safepoint     ] Application time: 1.0013618 seconds
[2023-10-17T15:04:50.189+0000][3823.331s][info ][safepoint     ] Entering safepoint region: Cleanup
[2023-10-17T15:04:50.190+0000][3823.332s][info ][safepoint     ] Leaving safepoint region
[2023-10-17T15:04:50.191+0000][3823.333s][info ][safepoint     ] Total time for which application threads were stopped: 0.0020853 seconds, Stopping threads took: 0.0008486 seconds
[2023-10-17T15:04:51.192+0000][3824.334s][debug][safepoint     ] Safepoint synchronization initiated. (183 threads)
[2023-10-17T15:04:51.193+0000][3824.335s][info ][safepoint     ] Application time: 1.0013216 seconds
[2023-10-17T15:04:51.194+0000][3824.336s][info ][safepoint     ] Entering safepoint region: Cleanup
[2023-10-17T15:04:51.196+0000][3824.338s][info ][safepoint     ] Leaving safepoint region
[2023-10-17T15:04:51.197+0000][3824.339s][info ][safepoint     ] Total time for which application threads were stopped: 0.0023350 seconds, Stopping threads took: 0.0010372 seconds
[2023-10-17T15:04:52.198+0000][3825.340s][debug][safepoint     ] Safepoint synchronization initiated. (183 threads)
[2023-10-17T15:04:52.199+0000][3825.341s][info ][safepoint     ] Application time: 1.0013155 seconds
[2023-10-17T15:04:52.200+0000][3825.342s][info ][safepoint     ] Entering safepoint region: Cleanup
[2023-10-17T15:04:52.201+0000][3825.343s][info ][safepoint     ] Leaving safepoint region
[2023-10-17T15:04:52.202+0000][3825.344s][info ][safepoint     ] Total time for which application threads were stopped: 0.0019014 seconds, Stopping threads took: 0.0008274 seconds
[2023-10-17T15:04:53.203+0000][3826.345s][debug][safepoint     ] Safepoint synchronization initiated. (183 threads)
[2023-10-17T15:04:53.204+0000][3826.346s][info ][safepoint     ] Application time: 1.0014259 seconds
[2023-10-17T15:04:53.205+0000][3826.347s][info ][safepoint     ] Entering safepoint region: Cleanup
[2023-10-17T15:04:53.206+0000][3826.348s][info ][safepoint     ] Leaving safepoint region
[2023-10-17T15:04:53.207+0000][3826.348s][info ][safepoint     ] Total time for which application threads were stopped: 0.0017893 seconds, Stopping threads took: 0.0007770 seconds
[2023-10-17T15:04:54.208+0000][3827.350s][debug][safepoint     ] Safepoint synchronization initiated. (183 threads)
[2023-10-17T15:04:54.209+0000][3827.351s][info ][safepoint     ] Application time: 1.0014672 seconds
[2023-10-17T15:04:54.210+0000][3827.352s][info ][safepoint     ] Entering safepoint region: Cleanup
[2023-10-17T15:04:54.211+0000][3827.353s][info ][safepoint     ] Leaving safepoint region
[2023-10-17T15:04:54.212+0000][3827.354s][info ][safepoint     ] Total time for which application threads were stopped: 0.0025114 seconds, Stopping threads took: 0.0010668 seconds
[2023-10-17T15:04:55.213+0000][3828.355s][debug][safepoint     ] Safepoint synchronization initiated. (183 threads)
[2023-10-17T15:04:55.215+0000][3828.357s][info ][safepoint     ] Application time: 1.0014625 seconds
[2023-10-17T15:04:55.216+0000][3828.358s][info ][safepoint     ] Entering safepoint region: Cleanup
[2023-10-17T15:04:55.217+0000][3828.359s][info ][safepoint     ] Leaving safepoint region
[2023-10-17T15:04:55.218+0000][3828.360s][info ][safepoint     ] Total time for which application threads were stopped: 0.0026516 seconds, Stopping threads took: 0.0010923 seconds
[2023-10-17T15:04:56.219+0000][3829.361s][debug][safepoint     ] Safepoint synchronization initiated. (183 threads)
[2023-10-17T15:04:56.220+0000][3829.362s][info ][safepoint     ] Application time: 1.0009560 seconds
[2023-10-17T15:04:56.221+0000][3829.363s][info ][safepoint     ] Entering safepoint region: Cleanup
[2023-10-17T15:04:56.222+0000][3829.364s][info ][safepoint     ] Leaving safepoint region
[2023-10-17T15:04:56.223+0000][3829.365s][info ][safepoint     ] Total time for which application threads were stopped: 0.0017839 seconds, Stopping threads took: 0.0008097 seconds
[2023-10-17T15:04:57.224+0000][3830.366s][debug][safepoint     ] Safepoint synchronization initiated. (182 threads)
[2023-10-17T15:04:57.225+0000][3830.367s][info ][safepoint     ] Application time: 1.0016268 seconds
[2023-10-17T15:04:57.226+0000][3830.368s][info ][safepoint     ] Entering safepoint region: Cleanup
[2023-10-17T15:04:57.228+0000][3830.370s][info ][safepoint     ] Leaving safepoint region
[2023-10-17T15:04:57.228+0000][3830.370s][info ][safepoint     ] Total time for which application threads were stopped: 0.0022509 seconds, Stopping threads took: 0.0012254 seconds
[2023-10-17T15:04:58.230+0000][3831.372s][debug][safepoint     ] Safepoint synchronization initiated. (182 threads)
[2023-10-17T15:04:58.231+0000][3831.372s][info ][safepoint     ] Application time: 1.0012799 seconds
[2023-10-17T15:04:58.231+0000][3831.373s][info ][safepoint     ] Entering safepoint region: Cleanup
[2023-10-17T15:04:58.232+0000][3831.374s][info ][safepoint     ] Leaving safepoint region
[2023-10-17T15:04:58.233+0000][3831.375s][info ][safepoint     ] Total time for which application threads were stopped: 0.0014845 seconds, Stopping threads took: 0.0005671 seconds
[2023-10-17T15:04:59.234+0000][3832.376s][debug][safepoint     ] Safepoint synchronization initiated. (182 threads)
[2023-10-17T15:04:59.234+0000][3832.376s][info ][safepoint     ] Application time: 1.0007312 seconds
[2023-10-17T15:04:59.235+0000][3832.377s][info ][safepoint     ] Entering safepoint region: Cleanup
[2023-10-17T15:04:59.236+0000][3832.377s][info ][safepoint     ] Leaving safepoint region
[2023-10-17T15:04:59.236+0000][3832.378s][info ][safepoint     ] Total time for which application threads were stopped: 0.0012656 seconds, Stopping threads took: 0.0005354 seconds
[2023-10-17T15:05:00.237+0000][3833.379s][debug][safepoint     ] Safepoint synchronization initiated. (182 threads)
[2023-10-17T15:05:00.238+0000][3833.380s][info ][safepoint     ] Application time: 1.0017995 seconds
[2023-10-17T15:05:00.239+0000][3833.381s][info ][safepoint     ] Entering safepoint region: Cleanup
[2023-10-17T15:05:00.240+0000][3833.382s][info ][safepoint     ] Leaving safepoint region
[2023-10-17T15:05:00.241+0000][3833.382s][info ][safepoint     ] Total time for which application threads were stopped: 0.0015597 seconds, Stopping threads took: 0.0006596 seconds
[2023-10-17T15:05:00.662+0000][3833.804s][debug][safepoint     ] Safepoint synchronization initiated. (182 threads)
[2023-10-17T15:05:00.663+0000][3833.805s][info ][safepoint     ] Application time: 0.4215395 seconds
[2023-10-17T15:05:00.664+0000][3833.806s][info ][safepoint     ] Entering safepoint region: G1CollectForAllocation
[2023-10-17T15:05:00.665+0000][3833.807s][info ][gc,start      ] GC(86) Pause Young (Normal) (G1 Evacuation Pause)
[2023-10-17T15:05:00.666+0000][3833.807s][info ][gc,task       ] GC(86) Using 8 workers of 8 for evacuation
[2023-10-17T15:05:00.684+0000][3833.826s][info ][gc,phases     ] GC(86)   Pre Evacuate Collection Set: 0.1ms
[2023-10-17T15:05:00.685+0000][3833.827s][info ][gc,phases     ] GC(86)   Evacuate Collection Set: 13.1ms
[2023-10-17T15:05:00.685+0000][3833.827s][info ][gc,phases     ] GC(86)   Post Evacuate Collection Set: 4.3ms
[2023-10-17T15:05:00.686+0000][3833.828s][info ][gc,phases     ] GC(86)   Other: 2.1ms
[2023-10-17T15:05:00.687+0000][3833.829s][info ][gc,heap       ] GC(86) Eden regions: 191->0(191)
[2023-10-17T15:05:00.688+0000][3833.829s][info ][gc,heap       ] GC(86) Survivor regions: 4->4(25)
[2023-10-17T15:05:00.688+0000][3833.830s][info ][gc,heap       ] GC(86) Old regions: 172->173
[2023-10-17T15:05:00.689+0000][3833.831s][info ][gc,heap       ] GC(86) Humongous regions: 0->0
[2023-10-17T15:05:00.690+0000][3833.832s][info ][gc,metaspace  ] GC(86) Metaspace: 182970K(197620K)->182970K(197620K) NonClass: 162003K(173556K)->162003K(173556K) Class: 20967K(24064K)->20967K(24064K)
[2023-10-17T15:05:00.691+0000][3833.833s][info ][gc            ] GC(86) Pause Young (Normal) (G1 Evacuation Pause) 365M->174M(415M) 26.445ms
[2023-10-17T15:05:00.692+0000][3833.834s][info ][gc,cpu        ] GC(86) User=0.12s Sys=0.00s Real=0.03s
[2023-10-17T15:05:00.693+0000][3833.835s][info ][safepoint     ] Leaving safepoint region
[2023-10-17T15:05:00.694+0000][3833.836s][info ][safepoint     ] Total time for which application threads were stopped: 0.0302353 seconds, Stopping threads took: 0.0008417 seconds
[2023-10-17T15:05:00.695+0000][3833.836s][info ][gc,stringdedup] Concurrent String Deduplication (3833.836s)
[2023-10-17T15:05:00.695+0000][3833.837s][info ][gc,stringdedup] Concurrent String Deduplication 0.0B->0.0B(0.0B) avg 53.4% (3833.836s, 3833.837s) 0.648ms
[2023-10-17T15:05:01.695+0000][3834.837s][debug][safepoint     ] Safepoint synchronization initiated. (182 threads)
[2023-10-17T15:05:01.696+0000][3834.838s][info ][safepoint     ] Application time: 1.0013209 seconds
[2023-10-17T15:05:01.697+0000][3834.838s][info ][safepoint     ] Entering safepoint region: Cleanup
[2023-10-17T15:05:01.697+0000][3834.839s][info ][safepoint     ] Leaving safepoint region
[2023-10-17T15:05:01.698+0000][3834.840s][info ][safepoint     ] Total time for which application threads were stopped: 0.0017154 seconds, Stopping threads took: 0.0006953 seconds
[2023-10-17T15:05:02.699+0000][3835.841s][debug][safepoint     ] Safepoint synchronization initiated. (182 threads)
[2023-10-17T15:05:02.700+0000][3835.842s][info ][safepoint     ] Application time: 1.0008667 seconds
[2023-10-17T15:05:02.700+0000][3835.842s][info ][safepoint     ] Entering safepoint region: Cleanup
[2023-10-17T15:05:02.701+0000][3835.843s][info ][safepoint     ] Leaving safepoint region
[2023-10-17T15:05:02.702+0000][3835.844s][info ][safepoint     ] Total time for which application threads were stopped: 0.0019801 seconds, Stopping threads took: 0.0007102 seconds
[2023-10-17T15:05:03.703+0000][3836.845s][debug][safepoint     ] Safepoint synchronization initiated. (182 threads)
[2023-10-17T15:05:03.704+0000][3836.846s][info ][safepoint     ] Application time: 1.0008316 seconds
[2023-10-17T15:05:03.705+0000][3836.847s][info ][safepoint     ] Entering safepoint region: Cleanup
[2023-10-17T15:05:03.706+0000][3836.848s][info ][safepoint     ] Leaving safepoint region
[2023-10-17T15:05:03.707+0000][3836.849s][info ][safepoint     ] Total time for which application threads were stopped: 0.0026795 seconds, Stopping threads took: 0.0008557 seconds
[2023-10-17T15:05:04.708+0000][3837.850s][debug][safepoint     ] Safepoint synchronization initiated. (182 threads)
[2023-10-17T15:05:04.709+0000][3837.851s][info ][safepoint     ] Application time: 1.0009705 seconds
[2023-10-17T15:05:04.710+0000][3837.852s][debug][safepoint     ] ... found polling page return exception at pc = 0x00007fc1a56bbc73, stub =0x00007fc19c840600
[2023-10-17T15:05:04.710+0000][3837.852s][debug][safepoint     ] ... found polling page return exception at pc = 0x00007fc1a4b0dc74, stub =0x00007fc19c840600
[2023-10-17T15:05:04.711+0000][3837.853s][debug][safepoint     ] Waiting for 2 thread(s) to block
[2023-10-17T15:05:04.712+0000][3837.854s][info ][safepoint     ] Entering safepoint region: Cleanup
[2023-10-17T15:05:04.714+0000][3837.856s][info ][safepoint     ] Leaving safepoint region
[2023-10-17T15:05:04.715+0000][3837.857s][info ][safepoint     ] Total time for which application threads were stopped: 0.0047120 seconds, Stopping threads took: 0.0035177 seconds
[2023-10-17T15:05:05.716+0000][3838.858s][debug][safepoint     ] Safepoint synchronization initiated. (182 threads)
[2023-10-17T15:05:05.717+0000][3838.859s][info ][safepoint     ] Application time: 1.0013343 seconds
[2023-10-17T15:05:05.718+0000][3838.860s][info ][safepoint     ] Entering safepoint region: Cleanup
[2023-10-17T15:05:05.719+0000][3838.861s][info ][safepoint     ] Leaving safepoint region
[2023-10-17T15:05:05.719+0000][3838.861s][info ][safepoint     ] Total time for which application threads were stopped: 0.0015792 seconds, Stopping threads took: 0.0006814 seconds
[2023-10-17T15:05:06.721+0000][3839.863s][debug][safepoint     ] Safepoint synchronization initiated. (182 threads)
[2023-10-17T15:05:06.721+0000][3839.863s][info ][safepoint     ] Application time: 1.0012422 seconds
[2023-10-17T15:05:06.722+0000][3839.864s][info ][safepoint     ] Entering safepoint region: Cleanup
[2023-10-17T15:05:06.723+0000][3839.865s][info ][safepoint     ] Leaving safepoint region
[2023-10-17T15:05:06.724+0000][3839.866s][info ][safepoint     ] Total time for which application threads were stopped: 0.0015088 seconds, Stopping threads took: 0.0007377 seconds
[2023-10-17T15:05:07.725+0000][3840.866s][debug][safepoint     ] Safepoint synchronization initiated. (182 threads)
[2023-10-17T15:05:07.726+0000][3840.867s][info ][safepoint     ] Application time: 1.0012837 seconds
[2023-10-17T15:05:07.726+0000][3840.868s][info ][safepoint     ] Entering safepoint region: Cleanup
[2023-10-17T15:05:07.727+0000][3840.869s][info ][safepoint     ] Leaving safepoint region
[2023-10-17T15:05:07.727+0000][3840.869s][info ][safepoint     ] Total time for which application threads were stopped: 0.0013902 seconds, Stopping threads took: 0.0005248 seconds
[2023-10-17T15:05:08.728+0000][3841.870s][debug][safepoint     ] Safepoint synchronization initiated. (182 threads)
[2023-10-17T15:05:08.729+0000][3841.871s][info ][safepoint     ] Application time: 1.0013841 seconds
[2023-10-17T15:05:08.730+0000][3841.872s][info ][safepoint     ] Entering safepoint region: Cleanup
[2023-10-17T15:05:08.732+0000][3841.874s][info ][safepoint     ] Leaving safepoint region
[2023-10-17T15:05:08.733+0000][3841.875s][info ][safepoint     ] Total time for which application threads were stopped: 0.0023770 seconds, Stopping threads took: 0.0010277 seconds
[2023-10-17T15:05:09.734+0000][3842.876s][debug][safepoint     ] Safepoint synchronization initiated. (182 threads)
[2023-10-17T15:05:09.735+0000][3842.877s][info ][safepoint     ] Application time: 1.0010084 seconds
[2023-10-17T15:05:09.735+0000][3842.877s][info ][safepoint     ] Entering safepoint region: Cleanup
[2023-10-17T15:05:09.737+0000][3842.879s][info ][safepoint     ] Leaving safepoint region
[2023-10-17T15:05:09.737+0000][3842.879s][info ][safepoint     ] Total time for which application threads were stopped: 0.0022886 seconds, Stopping threads took: 0.0011313 seconds
[2023-10-17T15:05:10.738+0000][3843.880s][debug][safepoint     ] Safepoint synchronization initiated. (182 threads)
[2023-10-17T15:05:10.739+0000][3843.881s][info ][safepoint     ] Application time: 1.0014846 seconds
[2023-10-17T15:05:10.740+0000][3843.882s][info ][safepoint     ] Entering safepoint region: Cleanup
[2023-10-17T15:05:10.741+0000][3843.883s][info ][safepoint     ] Leaving safepoint region
[2023-10-17T15:05:10.742+0000][3843.884s][info ][safepoint     ] Total time for which application threads were stopped: 0.0018789 seconds, Stopping threads took: 0.0007863 seconds
[2023-10-17T15:05:11.743+0000][3844.885s][debug][safepoint     ] Safepoint synchronization initiated. (182 threads)
[2023-10-17T15:05:11.744+0000][3844.886s][info ][safepoint     ] Application time: 1.0012877 seconds
[2023-10-17T15:05:11.746+0000][3844.888s][info ][safepoint     ] Entering safepoint region: Cleanup
[2023-10-17T15:05:11.748+0000][3844.890s][info ][safepoint     ] Leaving safepoint region
[2023-10-17T15:05:11.749+0000][3844.891s][info ][safepoint     ] Total time for which application threads were stopped: 0.0032901 seconds, Stopping threads took: 0.0012104 seconds
[2023-10-17T15:05:12.751+0000][3845.893s][debug][safepoint     ] Safepoint synchronization initiated. (182 threads)
[2023-10-17T15:05:12.752+0000][3845.894s][info ][safepoint     ] Application time: 1.0016252 seconds
[2023-10-17T15:05:12.753+0000][3845.895s][info ][safepoint     ] Entering safepoint region: Cleanup
[2023-10-17T15:05:12.754+0000][3845.896s][info ][safepoint     ] Leaving safepoint region
[2023-10-17T15:05:12.755+0000][3845.897s][info ][safepoint     ] Total time for which application threads were stopped: 0.0019235 seconds, Stopping threads took: 0.0009438 seconds
[2023-10-17T15:05:13.756+0000][3846.898s][debug][safepoint     ] Safepoint synchronization initiated. (182 threads)
[2023-10-17T15:05:13.757+0000][3846.899s][info ][safepoint     ] Application time: 1.0016327 seconds
[2023-10-17T15:05:13.759+0000][3846.900s][debug][safepoint     ] ... found polling page return exception at pc = 0x00007fc1a4bf2e44, stub =0x00007fc19c840600
[2023-10-17T15:05:13.759+0000][3846.900s][debug][safepoint     ] ... found polling page return exception at pc = 0x00007fc1a4b0dc74, stub =0x00007fc19c840600
[2023-10-17T15:05:13.760+0000][3846.902s][debug][safepoint     ] Waiting for 2 thread(s) to block
[2023-10-17T15:05:13.761+0000][3846.903s][info ][safepoint     ] Entering safepoint region: Cleanup
[2023-10-17T15:05:13.763+0000][3846.905s][info ][safepoint     ] Leaving safepoint region
[2023-10-17T15:05:13.764+0000][3846.906s][info ][safepoint     ] Total time for which application threads were stopped: 0.0056256 seconds, Stopping threads took: 0.0042879 seconds
[2023-10-17T15:05:14.765+0000][3847.907s][debug][safepoint     ] Safepoint synchronization initiated. (182 threads)
[2023-10-17T15:05:14.766+0000][3847.908s][info ][safepoint     ] Application time: 1.0012283 seconds
[2023-10-17T15:05:14.767+0000][3847.909s][info ][safepoint     ] Entering safepoint region: Cleanup
[2023-10-17T15:05:14.768+0000][3847.910s][info ][safepoint     ] Leaving safepoint region
[2023-10-17T15:05:14.769+0000][3847.911s][info ][safepoint     ] Total time for which application threads were stopped: 0.0022796 seconds, Stopping threads took: 0.0011295 seconds
[2023-10-17T15:05:15.770+0000][3848.912s][debug][safepoint     ] Safepoint synchronization initiated. (182 threads)
[2023-10-17T15:05:15.771+0000][3848.913s][info ][safepoint     ] Application time: 1.0012745 seconds
[2023-10-17T15:05:15.772+0000][3848.914s][info ][safepoint     ] Entering safepoint region: Cleanup
[2023-10-17T15:05:15.774+0000][3848.916s][info ][safepoint     ] Leaving safepoint region
[2023-10-17T15:05:15.775+0000][3848.916s][info ][safepoint     ] Total time for which application threads were stopped: 0.0026478 seconds, Stopping threads took: 0.0014241 seconds
[2023-10-17T15:05:16.776+0000][3849.918s][debug][safepoint     ] Safepoint synchronization initiated. (182 threads)
[2023-10-17T15:05:16.777+0000][3849.919s][info ][safepoint     ] Application time: 1.0016365 seconds
[2023-10-17T15:05:16.778+0000][3849.920s][info ][safepoint     ] Entering safepoint region: Cleanup
[2023-10-17T15:05:16.780+0000][3849.922s][info ][safepoint     ] Leaving safepoint region
[2023-10-17T15:05:16.781+0000][3849.923s][info ][safepoint     ] Total time for which application threads were stopped: 0.0025265 seconds, Stopping threads took: 0.0010602 seconds
[2023-10-17T15:05:17.782+0000][3850.924s][debug][safepoint     ] Safepoint synchronization initiated. (182 threads)
[2023-10-17T15:05:17.783+0000][3850.925s][info ][safepoint     ] Application time: 1.0010917 seconds
[2023-10-17T15:05:17.784+0000][3850.926s][info ][safepoint     ] Entering safepoint region: Cleanup
[2023-10-17T15:05:17.784+0000][3850.926s][info ][safepoint     ] Leaving safepoint region
[2023-10-17T15:05:17.785+0000][3850.927s][info ][safepoint     ] Total time for which application threads were stopped: 0.0014494 seconds, Stopping threads took: 0.0004481 seconds
[2023-10-17T15:05:18.787+0000][3851.928s][debug][safepoint     ] Safepoint synchronization initiated. (182 threads)
[2023-10-17T15:05:18.788+0000][3851.929s][info ][safepoint     ] Application time: 1.0011576 seconds
[2023-10-17T15:05:18.790+0000][3851.931s][info ][safepoint     ] Entering safepoint region: Cleanup
[2023-10-17T15:05:18.791+0000][3851.932s][info ][safepoint     ] Leaving safepoint region
[2023-10-17T15:05:18.791+0000][3851.932s][info ][safepoint     ] Total time for which application threads were stopped: 0.0018104 seconds, Stopping threads took: 0.0010125 seconds
[2023-10-17T15:05:19.792+0000][3852.933s][debug][safepoint     ] Safepoint synchronization initiated. (182 threads)
[2023-10-17T15:05:19.793+0000][3852.934s][info ][safepoint     ] Application time: 1.0008094 seconds
[2023-10-17T15:05:19.794+0000][3852.935s][info ][safepoint     ] Entering safepoint region: Cleanup
[2023-10-17T15:05:19.795+0000][3852.936s][info ][safepoint     ] Leaving safepoint region
[2023-10-17T15:05:19.796+0000][3852.937s][info ][safepoint     ] Total time for which application threads were stopped: 0.0025270 seconds, Stopping threads took: 0.0012029 seconds
[2023-10-17T15:05:20.797+0000][3853.938s][debug][safepoint     ] Safepoint synchronization initiated. (182 threads)
[2023-10-17T15:05:20.798+0000][3853.939s][info ][safepoint     ] Application time: 1.0012622 seconds
[2023-10-17T15:05:20.799+0000][3853.940s][info ][safepoint     ] Entering safepoint region: Cleanup
[2023-10-17T15:05:20.800+0000][3853.941s][info ][safepoint     ] Leaving safepoint region
[2023-10-17T15:05:20.801+0000][3853.942s][info ][safepoint     ] Total time for which application threads were stopped: 0.0022720 seconds, Stopping threads took: 0.0010180 seconds
[2023-10-17T15:05:21.802+0000][3854.943s][debug][safepoint     ] Safepoint synchronization initiated. (182 threads)
[2023-10-17T15:05:21.803+0000][3854.944s][info ][safepoint     ] Application time: 1.0009083 seconds
[2023-10-17T15:05:21.804+0000][3854.945s][info ][safepoint     ] Entering safepoint region: Cleanup
[2023-10-17T15:05:21.804+0000][3854.945s][info ][safepoint     ] Leaving safepoint region
[2023-10-17T15:05:21.805+0000][3854.946s][info ][safepoint     ] Total time for which application threads were stopped: 0.0013317 seconds, Stopping threads took: 0.0005457 seconds
[2023-10-17T15:05:22.806+0000][3855.947s][debug][safepoint     ] Safepoint synchronization initiated. (182 threads)
[2023-10-17T15:05:22.807+0000][3855.948s][info ][safepoint     ] Application time: 1.0012810 seconds
[2023-10-17T15:05:22.808+0000][3855.949s][info ][safepoint     ] Entering safepoint region: Cleanup
[2023-10-17T15:05:22.810+0000][3855.951s][info ][safepoint     ] Leaving safepoint region
[2023-10-17T15:05:22.810+0000][3855.951s][info ][safepoint     ] Total time for which application threads were stopped: 0.0026999 seconds, Stopping threads took: 0.0014796 seconds
[2023-10-17T15:05:23.811+0000][3856.952s][debug][safepoint     ] Safepoint synchronization initiated. (182 threads)
[2023-10-17T15:05:23.816+0000][3856.957s][info ][safepoint     ] Application time: 1.0046650 seconds
[2023-10-17T15:05:23.826+0000][3856.967s][debug][safepoint     ] ... found polling page loop exception at pc = 0x00007fc1a4a22423, stub =0x00007fc19c843680
[2023-10-17T15:05:23.826+0000][3856.967s][debug][safepoint     ] ... found polling page return exception at pc = 0x00007fc1a44447cd, stub =0x00007fc19c840600
[2023-10-17T15:05:23.826+0000][3856.967s][debug][safepoint     ] ... found polling page loop exception at pc = 0x00007fc1a4f51092, stub =0x00007fc19c843680
[2023-10-17T15:05:23.829+0000][3856.970s][debug][safepoint     ] Waiting for 3 thread(s) to block
[2023-10-17T15:05:23.831+0000][3856.972s][info ][safepoint     ] Entering safepoint region: Cleanup
[2023-10-17T15:05:23.832+0000][3856.973s][info ][safepoint     ] Leaving safepoint region
[2023-10-17T15:05:23.832+0000][3856.973s][info ][safepoint     ] Total time for which application threads were stopped: 0.0066623 seconds, Stopping threads took: 0.0057040 seconds
[2023-10-17T15:05:24.833+0000][3857.974s][debug][safepoint     ] Safepoint synchronization initiated. (182 threads)
[2023-10-17T15:05:24.834+0000][3857.975s][info ][safepoint     ] Application time: 1.0009593 seconds
[2023-10-17T15:05:24.837+0000][3857.978s][debug][safepoint     ] Waiting for 2 thread(s) to block
[2023-10-17T15:05:24.840+0000][3857.981s][info ][safepoint     ] Entering safepoint region: Cleanup
[2023-10-17T15:05:24.841+0000][3857.982s][info ][safepoint     ] Leaving safepoint region
[2023-10-17T15:05:24.841+0000][3857.982s][info ][safepoint     ] Total time for which application threads were stopped: 0.0046589 seconds, Stopping threads took: 0.0039491 seconds
[2023-10-17T15:05:25.842+0000][3858.983s][debug][safepoint     ] Safepoint synchronization initiated. (182 threads)
[2023-10-17T15:05:25.844+0000][3858.985s][info ][safepoint     ] Application time: 1.0017398 seconds
[2023-10-17T15:05:25.845+0000][3858.986s][info ][safepoint     ] Entering safepoint region: Cleanup
[2023-10-17T15:05:25.846+0000][3858.987s][info ][safepoint     ] Leaving safepoint region
[2023-10-17T15:05:25.847+0000][3858.988s][info ][safepoint     ] Total time for which application threads were stopped: 0.0023690 seconds, Stopping threads took: 0.0010295 seconds
[2023-10-17T15:05:26.848+0000][3859.989s][debug][safepoint     ] Safepoint synchronization initiated. (182 threads)
[2023-10-17T15:05:26.849+0000][3859.990s][info ][safepoint     ] Application time: 1.0008455 seconds
[2023-10-17T15:05:26.850+0000][3859.991s][info ][safepoint     ] Entering safepoint region: Cleanup
[2023-10-17T15:05:26.851+0000][3859.992s][info ][safepoint     ] Leaving safepoint region
[2023-10-17T15:05:26.852+0000][3859.993s][info ][safepoint     ] Total time for which application threads were stopped: 0.0019622 seconds, Stopping threads took: 0.0008080 seconds
[2023-10-17T15:05:27.852+0000][3860.993s][debug][safepoint     ] Safepoint synchronization initiated. (182 threads)
[2023-10-17T15:05:27.854+0000][3860.995s][info ][safepoint     ] Application time: 1.0015174 seconds
[2023-10-17T15:05:27.854+0000][3860.995s][info ][safepoint     ] Entering safepoint region: Cleanup
[2023-10-17T15:05:27.856+0000][3860.997s][info ][safepoint     ] Leaving safepoint region
[2023-10-17T15:05:27.856+0000][3860.997s][info ][safepoint     ] Total time for which application threads were stopped: 0.0020111 seconds, Stopping threads took: 0.0011061 seconds
[2023-10-17T15:05:28.858+0000][3861.999s][debug][safepoint     ] Safepoint synchronization initiated. (182 threads)
[2023-10-17T15:05:28.860+0000][3862.001s][info ][safepoint     ] Application time: 1.0020100 seconds
[2023-10-17T15:05:28.861+0000][3862.002s][info ][safepoint     ] Entering safepoint region: Cleanup
[2023-10-17T15:05:28.862+0000][3862.003s][info ][safepoint     ] Leaving safepoint region
[2023-10-17T15:05:28.863+0000][3862.004s][info ][safepoint     ] Total time for which application threads were stopped: 0.0024902 seconds, Stopping threads took: 0.0008702 seconds
[2023-10-17T15:05:29.864+0000][3863.005s][debug][safepoint     ] Safepoint synchronization initiated. (182 threads)
[2023-10-17T15:05:29.865+0000][3863.006s][info ][safepoint     ] Application time: 1.0008971 seconds
[2023-10-17T15:05:29.865+0000][3863.007s][info ][safepoint     ] Entering safepoint region: Cleanup
[2023-10-17T15:05:29.866+0000][3863.007s][info ][safepoint     ] Leaving safepoint region
[2023-10-17T15:05:29.867+0000][3863.008s][info ][safepoint     ] Total time for which application threads were stopped: 0.0015597 seconds, Stopping threads took: 0.0007258 seconds
[2023-10-17T15:05:30.868+0000][3864.009s][debug][safepoint     ] Safepoint synchronization initiated. (182 threads)
[2023-10-17T15:05:30.869+0000][3864.010s][info ][safepoint     ] Application time: 1.0016141 seconds
[2023-10-17T15:05:30.870+0000][3864.011s][info ][safepoint     ] Entering safepoint region: Cleanup
[2023-10-17T15:05:30.871+0000][3864.012s][info ][safepoint     ] Leaving safepoint region
[2023-10-17T15:05:30.871+0000][3864.012s][info ][safepoint     ] Total time for which application threads were stopped: 0.0014366 seconds, Stopping threads took: 0.0006512 seconds
[2023-10-17T15:05:31.872+0000][3865.013s][debug][safepoint     ] Safepoint synchronization initiated. (182 threads)
[2023-10-17T15:05:31.874+0000][3865.015s][info ][safepoint     ] Application time: 1.0015672 seconds
[2023-10-17T15:05:31.875+0000][3865.016s][info ][safepoint     ] Entering safepoint region: Cleanup
[2023-10-17T15:05:31.877+0000][3865.018s][info ][safepoint     ] Leaving safepoint region
[2023-10-17T15:05:31.878+0000][3865.019s][info ][safepoint     ] Total time for which application threads were stopped: 0.0034874 seconds, Stopping threads took: 0.0016920 seconds
[2023-10-17T15:05:32.879+0000][3866.020s][debug][safepoint     ] Safepoint synchronization initiated. (184 threads)
[2023-10-17T15:05:32.880+0000][3866.021s][info ][safepoint     ] Application time: 1.0013052 seconds
[2023-10-17T15:05:32.882+0000][3866.023s][debug][safepoint     ] ... found polling page return exception at pc = 0x00007fc1a4b49bc7, stub =0x00007fc19c840600
[2023-10-17T15:05:32.883+0000][3866.024s][debug][safepoint     ] Waiting for 1 thread(s) to block
[2023-10-17T15:05:32.884+0000][3866.025s][info ][safepoint     ] Entering safepoint region: Cleanup
[2023-10-17T15:05:32.885+0000][3866.026s][info ][safepoint     ] Leaving safepoint region
[2023-10-17T15:05:32.887+0000][3866.028s][info ][safepoint     ] Total time for which application threads were stopped: 0.0050079 seconds, Stopping threads took: 0.0031799 seconds
[2023-10-17T15:05:32.944+0000][3866.085s][debug][safepoint     ] Safepoint synchronization initiated. (183 threads)
[2023-10-17T15:05:32.944+0000][3866.085s][info ][safepoint     ] Application time: 0.0569730 seconds
[2023-10-17T15:05:32.945+0000][3866.086s][info ][safepoint     ] Entering safepoint region: ThreadDump
[2023-10-17T15:05:32.947+0000][3866.088s][info ][safepoint     ] Leaving safepoint region
[2023-10-17T15:05:32.947+0000][3866.088s][info ][safepoint     ] Total time for which application threads were stopped: 0.0020373 seconds, Stopping threads took: 0.0007726 seconds
[2023-10-17T15:05:32.948+0000][3866.089s][debug][safepoint     ] Safepoint synchronization initiated. (183 threads)
[2023-10-17T15:05:32.949+0000][3866.090s][info ][safepoint     ] Application time: 0.0010340 seconds
[2023-10-17T15:05:32.949+0000][3866.090s][debug][safepoint     ] Waiting for 1 thread(s) to block
[2023-10-17T15:05:32.950+0000][3866.091s][info ][safepoint     ] Entering safepoint region: ThreadDump
[2023-10-17T15:05:32.951+0000][3866.092s][info ][safepoint     ] Leaving safepoint region
[2023-10-17T15:05:32.952+0000][3866.093s][info ][safepoint     ] Total time for which application threads were stopped: 0.0025416 seconds, Stopping threads took: 0.0010498 seconds
[2023-10-17T15:05:32.953+0000][3866.094s][debug][safepoint     ] Safepoint synchronization initiated. (183 threads)
[2023-10-17T15:05:32.954+0000][3866.095s][info ][safepoint     ] Application time: 0.0014135 seconds
[2023-10-17T15:05:32.954+0000][3866.095s][info ][safepoint     ] Entering safepoint region: ThreadDump
[2023-10-17T15:05:32.956+0000][3866.097s][info ][safepoint     ] Leaving safepoint region
[2023-10-17T15:05:32.956+0000][3866.097s][info ][safepoint     ] Total time for which application threads were stopped: 0.0018027 seconds, Stopping threads took: 0.0010099 seconds
[2023-10-17T15:05:32.957+0000][3866.098s][debug][safepoint     ] Safepoint synchronization initiated. (183 threads)
[2023-10-17T15:05:32.957+0000][3866.098s][info ][safepoint     ] Application time: 0.0006435 seconds
[2023-10-17T15:05:32.958+0000][3866.099s][info ][safepoint     ] Entering safepoint region: ThreadDump
[2023-10-17T15:05:32.958+0000][3866.100s][info ][safepoint     ] Leaving safepoint region
[2023-10-17T15:05:32.959+0000][3866.100s][info ][safepoint     ] Total time for which application threads were stopped: 0.0013679 seconds, Stopping threads took: 0.0005883 seconds
[2023-10-17T15:05:32.961+0000][3866.102s][debug][safepoint     ] Safepoint synchronization initiated. (183 threads)
[2023-10-17T15:05:32.962+0000][3866.103s][info ][safepoint     ] Application time: 0.0021639 seconds
[2023-10-17T15:05:32.963+0000][3866.104s][debug][safepoint     ] Waiting for 1 thread(s) to block
[2023-10-17T15:05:32.964+0000][3866.105s][info ][safepoint     ] Entering safepoint region: ThreadDump
[2023-10-17T15:05:32.965+0000][3866.106s][info ][safepoint     ] Leaving safepoint region
[2023-10-17T15:05:32.966+0000][3866.107s][info ][safepoint     ] Total time for which application threads were stopped: 0.0034269 seconds, Stopping threads took: 0.0020061 seconds
[2023-10-17T15:05:32.968+0000][3866.109s][debug][safepoint     ] Safepoint synchronization initiated. (183 threads)
[2023-10-17T15:05:32.969+0000][3866.110s][info ][safepoint     ] Application time: 0.0011898 seconds
[2023-10-17T15:05:32.969+0000][3866.110s][info ][safepoint     ] Entering safepoint region: ThreadDump
[2023-10-17T15:05:32.971+0000][3866.112s][info ][safepoint     ] Leaving safepoint region
[2023-10-17T15:05:32.971+0000][3866.112s][info ][safepoint     ] Total time for which application threads were stopped: 0.0020424 seconds, Stopping threads took: 0.0009447 seconds
[2023-10-17T15:05:32.973+0000][3866.114s][debug][safepoint     ] Safepoint synchronization initiated. (183 threads)
[2023-10-17T15:05:32.973+0000][3866.114s][info ][safepoint     ] Application time: 0.0012772 seconds
[2023-10-17T15:05:32.974+0000][3866.115s][info ][safepoint     ] Entering safepoint region: ThreadDump
[2023-10-17T15:05:32.975+0000][3866.116s][info ][safepoint     ] Leaving safepoint region
[2023-10-17T15:05:32.975+0000][3866.116s][info ][safepoint     ] Total time for which application threads were stopped: 0.0016293 seconds, Stopping threads took: 0.0004396 seconds
[2023-10-17T15:05:32.976+0000][3866.117s][debug][safepoint     ] Safepoint synchronization initiated. (183 threads)
[2023-10-17T15:05:32.977+0000][3866.118s][info ][safepoint     ] Application time: 0.0006717 seconds
[2023-10-17T15:05:32.978+0000][3866.119s][debug][safepoint     ] ... found polling page return exception at pc = 0x00007fc1a4b0dc74, stub =0x00007fc19c840600
[2023-10-17T15:05:32.979+0000][3866.120s][debug][safepoint     ] Waiting for 2 thread(s) to block
[2023-10-17T15:05:32.980+0000][3866.121s][info ][safepoint     ] Entering safepoint region: ThreadDump
[2023-10-17T15:05:32.982+0000][3866.123s][info ][safepoint     ] Leaving safepoint region
[2023-10-17T15:05:32.983+0000][3866.124s][info ][safepoint     ] Total time for which application threads were stopped: 0.0053656 seconds, Stopping threads took: 0.0036928 seconds
[2023-10-17T15:05:32.984+0000][3866.125s][debug][safepoint     ] Safepoint synchronization initiated. (183 threads)
[2023-10-17T15:05:32.985+0000][3866.126s][info ][safepoint     ] Application time: 0.0017459 seconds
[2023-10-17T15:05:32.986+0000][3866.127s][info ][safepoint     ] Entering safepoint region: ThreadDump
[2023-10-17T15:05:32.986+0000][3866.127s][info ][safepoint     ] Leaving safepoint region
[2023-10-17T15:05:32.987+0000][3866.128s][info ][safepoint     ] Total time for which application threads were stopped: 0.0013242 seconds, Stopping threads took: 0.0004428 seconds
[2023-10-17T15:05:32.988+0000][3866.129s][debug][safepoint     ] Safepoint synchronization initiated. (183 threads)
[2023-10-17T15:05:32.988+0000][3866.129s][info ][safepoint     ] Application time: 0.0006725 seconds
[2023-10-17T15:05:32.989+0000][3866.130s][info ][safepoint     ] Entering safepoint region: ThreadDump
[2023-10-17T15:05:32.990+0000][3866.131s][info ][safepoint     ] Leaving safepoint region
[2023-10-17T15:05:32.991+0000][3866.132s][info ][safepoint     ] Total time for which application threads were stopped: 0.0020818 seconds, Stopping threads took: 0.0007674 seconds
[2023-10-17T15:05:32.993+0000][3866.134s][debug][safepoint     ] Safepoint synchronization initiated. (183 threads)
[2023-10-17T15:05:32.993+0000][3866.134s][info ][safepoint     ] Application time: 0.0012562 seconds
[2023-10-17T15:05:32.994+0000][3866.135s][info ][safepoint     ] Entering safepoint region: ThreadDump
[2023-10-17T15:05:32.995+0000][3866.136s][info ][safepoint     ] Leaving safepoint region
[2023-10-17T15:05:32.995+0000][3866.136s][info ][safepoint     ] Total time for which application threads were stopped: 0.0010980 seconds, Stopping threads took: 0.0004513 seconds
[2023-10-17T15:05:32.996+0000][3866.137s][debug][safepoint     ] Safepoint synchronization initiated. (183 threads)
[2023-10-17T15:05:32.996+0000][3866.137s][info ][safepoint     ] Application time: 0.0006490 seconds
[2023-10-17T15:05:32.996+0000][3866.138s][info ][safepoint     ] Entering safepoint region: ThreadDump
[2023-10-17T15:05:32.997+0000][3866.138s][info ][safepoint     ] Leaving safepoint region
[2023-10-17T15:05:32.998+0000][3866.139s][info ][safepoint     ] Total time for which application threads were stopped: 0.0013995 seconds, Stopping threads took: 0.0006855 seconds
[2023-10-17T15:05:32.999+0000][3866.140s][debug][safepoint     ] Safepoint synchronization initiated. (183 threads)
[2023-10-17T15:05:33.000+0000][3866.141s][info ][safepoint     ] Application time: 0.0018605 seconds
[2023-10-17T15:05:33.001+0000][3866.142s][info ][safepoint     ] Entering safepoint region: ThreadDump
[2023-10-17T15:05:33.003+0000][3866.144s][info ][safepoint     ] Leaving safepoint region
[2023-10-17T15:05:33.003+0000][3866.144s][info ][safepoint     ] Total time for which application threads were stopped: 0.0025169 seconds, Stopping threads took: 0.0011132 seconds
[2023-10-17T15:05:33.005+0000][3866.146s][debug][safepoint     ] Safepoint synchronization initiated. (183 threads)
[2023-10-17T15:05:33.006+0000][3866.147s][info ][safepoint     ] Application time: 0.0016921 seconds
[2023-10-17T15:05:33.007+0000][3866.148s][info ][safepoint     ] Entering safepoint region: ThreadDump
[2023-10-17T15:05:33.008+0000][3866.149s][info ][safepoint     ] Leaving safepoint region
[2023-10-17T15:05:33.010+0000][3866.151s][info ][safepoint     ] Total time for which application threads were stopped: 0.0028864 seconds, Stopping threads took: 0.0007900 seconds
[2023-10-17T15:05:33.012+0000][3866.153s][debug][safepoint     ] Safepoint synchronization initiated. (183 threads)
[2023-10-17T15:05:33.013+0000][3866.154s][info ][safepoint     ] Application time: 0.0025792 seconds
[2023-10-17T15:05:33.015+0000][3866.156s][info ][safepoint     ] Entering safepoint region: ThreadDump
[2023-10-17T15:05:33.016+0000][3866.157s][info ][safepoint     ] Leaving safepoint region
[2023-10-17T15:05:33.016+0000][3866.157s][info ][safepoint     ] Total time for which application threads were stopped: 0.0017557 seconds, Stopping threads took: 0.0009382 seconds
[2023-10-17T15:05:33.017+0000][3866.158s][debug][safepoint     ] Safepoint synchronization initiated. (183 threads)
[2023-10-17T15:05:33.017+0000][3866.158s][info ][safepoint     ] Application time: 0.0007107 seconds
[2023-10-17T15:05:33.018+0000][3866.159s][info ][safepoint     ] Entering safepoint region: ThreadDump
[2023-10-17T15:05:33.019+0000][3866.160s][info ][safepoint     ] Leaving safepoint region
[2023-10-17T15:05:33.020+0000][3866.161s][info ][safepoint     ] Total time for which application threads were stopped: 0.0014424 seconds, Stopping threads took: 0.0007686 seconds
[2023-10-17T15:05:33.020+0000][3866.161s][debug][safepoint     ] Safepoint synchronization initiated. (183 threads)
[2023-10-17T15:05:33.021+0000][3866.162s][info ][safepoint     ] Application time: 0.0010178 seconds
[2023-10-17T15:05:33.022+0000][3866.163s][info ][safepoint     ] Entering safepoint region: ThreadDump
[2023-10-17T15:05:33.023+0000][3866.164s][info ][safepoint     ] Leaving safepoint region
[2023-10-17T15:05:33.024+0000][3866.165s][info ][safepoint     ] Total time for which application threads were stopped: 0.0021021 seconds, Stopping threads took: 0.0006852 seconds
[2023-10-17T15:05:33.025+0000][3866.166s][debug][safepoint     ] Safepoint synchronization initiated. (183 threads)
[2023-10-17T15:05:33.026+0000][3866.167s][info ][safepoint     ] Application time: 0.0008446 seconds
[2023-10-17T15:05:33.026+0000][3866.167s][info ][safepoint     ] Entering safepoint region: ThreadDump
[2023-10-17T15:05:33.027+0000][3866.168s][info ][safepoint     ] Leaving safepoint region
[2023-10-17T15:05:33.027+0000][3866.168s][info ][safepoint     ] Total time for which application threads were stopped: 0.0013035 seconds, Stopping threads took: 0.0004065 seconds
[2023-10-17T15:05:33.028+0000][3866.169s][debug][safepoint     ] Safepoint synchronization initiated. (183 threads)
[2023-10-17T15:05:33.029+0000][3866.170s][info ][safepoint     ] Application time: 0.0010419 seconds
[2023-10-17T15:05:33.030+0000][3866.171s][info ][safepoint     ] Entering safepoint region: ThreadDump
[2023-10-17T15:05:33.030+0000][3866.171s][info ][safepoint     ] Leaving safepoint region
[2023-10-17T15:05:33.031+0000][3866.172s][info ][safepoint     ] Total time for which application threads were stopped: 0.0012708 seconds, Stopping threads took: 0.0005178 seconds
[2023-10-17T15:05:33.032+0000][3866.173s][debug][safepoint     ] Safepoint synchronization initiated. (183 threads)
[2023-10-17T15:05:33.032+0000][3866.173s][info ][safepoint     ] Application time: 0.0009332 seconds
[2023-10-17T15:05:33.033+0000][3866.174s][debug][safepoint     ] Waiting for 1 thread(s) to block
[2023-10-17T15:05:33.033+0000][3866.174s][info ][safepoint     ] Entering safepoint region: ThreadDump
[2023-10-17T15:05:33.034+0000][3866.175s][info ][safepoint     ] Leaving safepoint region
[2023-10-17T15:05:33.035+0000][3866.176s][info ][safepoint     ] Total time for which application threads were stopped: 0.0021123 seconds, Stopping threads took: 0.0008785 seconds
[2023-10-17T15:05:33.036+0000][3866.177s][debug][safepoint     ] Safepoint synchronization initiated. (183 threads)
[2023-10-17T15:05:33.037+0000][3866.178s][info ][safepoint     ] Application time: 0.0010641 seconds
[2023-10-17T15:05:33.037+0000][3866.178s][info ][safepoint     ] Entering safepoint region: ThreadDump
[2023-10-17T15:05:33.039+0000][3866.180s][info ][safepoint     ] Leaving safepoint region
[2023-10-17T15:05:33.039+0000][3866.180s][info ][safepoint     ] Total time for which application threads were stopped: 0.0023086 seconds, Stopping threads took: 0.0011539 seconds
[2023-10-17T15:05:33.041+0000][3866.182s][debug][safepoint     ] Safepoint synchronization initiated. (183 threads)
[2023-10-17T15:05:33.041+0000][3866.182s][info ][safepoint     ] Application time: 0.0011183 seconds
[2023-10-17T15:05:33.042+0000][3866.183s][info ][safepoint     ] Entering safepoint region: ThreadDump
[2023-10-17T15:05:33.043+0000][3866.184s][info ][safepoint     ] Leaving safepoint region
[2023-10-17T15:05:33.043+0000][3866.184s][info ][safepoint     ] Total time for which application threads were stopped: 0.0013300 seconds, Stopping threads took: 0.0005380 seconds
[2023-10-17T15:05:33.045+0000][3866.186s][debug][safepoint     ] Safepoint synchronization initiated. (183 threads)
[2023-10-17T15:05:33.045+0000][3866.186s][info ][safepoint     ] Application time: 0.0011953 seconds
[2023-10-17T15:05:33.046+0000][3866.187s][info ][safepoint     ] Entering safepoint region: ThreadDump
[2023-10-17T15:05:33.047+0000][3866.188s][info ][safepoint     ] Leaving safepoint region
[2023-10-17T15:05:33.047+0000][3866.188s][info ][safepoint     ] Total time for which application threads were stopped: 0.0012971 seconds, Stopping threads took: 0.0005143 seconds
[2023-10-17T15:05:33.049+0000][3866.190s][debug][safepoint     ] Safepoint synchronization initiated. (183 threads)
[2023-10-17T15:05:33.050+0000][3866.191s][info ][safepoint     ] Application time: 0.0019705 seconds
[2023-10-17T15:05:33.051+0000][3866.192s][debug][safepoint     ] Waiting for 1 thread(s) to block
[2023-10-17T15:05:33.052+0000][3866.193s][info ][safepoint     ] Entering safepoint region: ThreadDump
[2023-10-17T15:05:33.053+0000][3866.194s][info ][safepoint     ] Leaving safepoint region
[2023-10-17T15:05:33.054+0000][3866.195s][info ][safepoint     ] Total time for which application threads were stopped: 0.0033623 seconds, Stopping threads took: 0.0018784 seconds
[2023-10-17T15:05:33.055+0000][3866.196s][debug][safepoint     ] Safepoint synchronization initiated. (183 threads)
[2023-10-17T15:05:33.055+0000][3866.196s][info ][safepoint     ] Application time: 0.0008723 seconds
[2023-10-17T15:05:33.056+0000][3866.197s][info ][safepoint     ] Entering safepoint region: ThreadDump
[2023-10-17T15:05:33.057+0000][3866.198s][info ][safepoint     ] Leaving safepoint region
[2023-10-17T15:05:33.057+0000][3866.198s][info ][safepoint     ] Total time for which application threads were stopped: 0.0014779 seconds, Stopping threads took: 0.0005753 seconds
[2023-10-17T15:05:33.059+0000][3866.200s][debug][safepoint     ] Safepoint synchronization initiated. (183 threads)
[2023-10-17T15:05:33.060+0000][3866.201s][info ][safepoint     ] Application time: 0.0020743 seconds
[2023-10-17T15:05:33.061+0000][3866.202s][info ][safepoint     ] Entering safepoint region: ThreadDump
[2023-10-17T15:05:33.062+0000][3866.203s][info ][safepoint     ] Leaving safepoint region
[2023-10-17T15:05:33.062+0000][3866.203s][info ][safepoint     ] Total time for which application threads were stopped: 0.0015002 seconds, Stopping threads took: 0.0005957 seconds
[2023-10-17T15:05:33.063+0000][3866.204s][debug][safepoint     ] Safepoint synchronization initiated. (183 threads)
[2023-10-17T15:05:33.064+0000][3866.205s][info ][safepoint     ] Application time: 0.0010603 seconds
[2023-10-17T15:05:33.064+0000][3866.205s][info ][safepoint     ] Entering safepoint region: ThreadDump
[2023-10-17T15:05:33.065+0000][3866.206s][info ][safepoint     ] Leaving safepoint region
[2023-10-17T15:05:33.065+0000][3866.206s][info ][safepoint     ] Total time for which application threads were stopped: 0.0011736 seconds, Stopping threads took: 0.0003880 seconds
[2023-10-17T15:05:33.066+0000][3866.207s][debug][safepoint     ] Safepoint synchronization initiated. (183 threads)
[2023-10-17T15:05:33.066+0000][3866.207s][info ][safepoint     ] Application time: 0.0004829 seconds
[2023-10-17T15:05:33.067+0000][3866.208s][info ][safepoint     ] Entering safepoint region: ThreadDump
[2023-10-17T15:05:33.067+0000][3866.208s][info ][safepoint     ] Leaving safepoint region
[2023-10-17T15:05:33.068+0000][3866.209s][info ][safepoint     ] Total time for which application threads were stopped: 0.0013830 seconds, Stopping threads took: 0.0004217 seconds
[2023-10-17T15:05:33.069+0000][3866.210s][debug][safepoint     ] Safepoint synchronization initiated. (183 threads)
[2023-10-17T15:05:33.070+0000][3866.211s][info ][safepoint     ] Application time: 0.0008681 seconds
[2023-10-17T15:05:33.070+0000][3866.211s][info ][safepoint     ] Entering safepoint region: ThreadDump
[2023-10-17T15:05:33.071+0000][3866.212s][info ][safepoint     ] Leaving safepoint region
[2023-10-17T15:05:33.071+0000][3866.212s][info ][safepoint     ] Total time for which application threads were stopped: 0.0015293 seconds, Stopping threads took: 0.0005978 seconds
[2023-10-17T15:05:33.072+0000][3866.214s][debug][safepoint     ] Safepoint synchronization initiated. (183 threads)
[2023-10-17T15:05:33.073+0000][3866.214s][info ][safepoint     ] Application time: 0.0013311 seconds
[2023-10-17T15:05:33.075+0000][3866.216s][debug][safepoint     ] ... found polling page return exception at pc = 0x00007fc1a56bbc73, stub =0x00007fc19c840600
[2023-10-17T15:05:33.075+0000][3866.216s][debug][safepoint     ] Waiting for 1 thread(s) to block
[2023-10-17T15:05:33.076+0000][3866.217s][info ][safepoint     ] Entering safepoint region: ThreadDump
[2023-10-17T15:05:33.077+0000][3866.218s][info ][safepoint     ] Leaving safepoint region
[2023-10-17T15:05:33.078+0000][3866.219s][info ][safepoint     ] Total time for which application threads were stopped: 0.0030331 seconds, Stopping threads took: 0.0017745 seconds
[2023-10-17T15:05:33.079+0000][3866.220s][debug][safepoint     ] Safepoint synchronization initiated. (183 threads)
[2023-10-17T15:05:33.079+0000][3866.220s][info ][safepoint     ] Application time: 0.0010128 seconds
[2023-10-17T15:05:33.079+0000][3866.220s][info ][safepoint     ] Entering safepoint region: ThreadDump
[2023-10-17T15:05:33.080+0000][3866.221s][info ][safepoint     ] Leaving safepoint region
[2023-10-17T15:05:33.081+0000][3866.222s][info ][safepoint     ] Total time for which application threads were stopped: 0.0012786 seconds, Stopping threads took: 0.0004688 seconds
[2023-10-17T15:05:33.082+0000][3866.223s][debug][safepoint     ] Safepoint synchronization initiated. (183 threads)
[2023-10-17T15:05:33.083+0000][3866.224s][info ][safepoint     ] Application time: 0.0016335 seconds
[2023-10-17T15:05:33.085+0000][3866.226s][info ][safepoint     ] Entering safepoint region: ThreadDump
[2023-10-17T15:05:33.086+0000][3866.227s][info ][safepoint     ] Leaving safepoint region
[2023-10-17T15:05:33.087+0000][3866.228s][info ][safepoint     ] Total time for which application threads were stopped: 0.0021812 seconds, Stopping threads took: 0.0012592 seconds
[2023-10-17T15:05:33.088+0000][3866.229s][debug][safepoint     ] Safepoint synchronization initiated. (183 threads)
[2023-10-17T15:05:33.088+0000][3866.229s][info ][safepoint     ] Application time: 0.0013092 seconds
[2023-10-17T15:05:33.089+0000][3866.230s][info ][safepoint     ] Entering safepoint region: ThreadDump
[2023-10-17T15:05:33.091+0000][3866.232s][info ][safepoint     ] Leaving safepoint region
[2023-10-17T15:05:33.092+0000][3866.233s][info ][safepoint     ] Total time for which application threads were stopped: 0.0023800 seconds, Stopping threads took: 0.0007097 seconds
[2023-10-17T15:05:33.094+0000][3866.235s][debug][safepoint     ] Safepoint synchronization initiated. (183 threads)
[2023-10-17T15:05:33.095+0000][3866.236s][info ][safepoint     ] Application time: 0.0012554 seconds
[2023-10-17T15:05:33.095+0000][3866.236s][info ][safepoint     ] Entering safepoint region: ThreadDump
[2023-10-17T15:05:33.096+0000][3866.237s][info ][safepoint     ] Leaving safepoint region
[2023-10-17T15:05:33.097+0000][3866.238s][info ][safepoint     ] Total time for which application threads were stopped: 0.0013998 seconds, Stopping threads took: 0.0006962 seconds
[2023-10-17T15:05:33.601+0000][3866.742s][info ][gc,heap,exit  ] Heap
[2023-10-17T15:05:33.602+0000][3866.743s][info ][gc,heap,exit  ]  garbage-first heap   total 424960K, used 272560K [0x0000000085a00000, 0x0000000100000000)
[2023-10-17T15:05:33.603+0000][3866.744s][info ][gc,heap,exit  ]   region size 1024K, 98 young (100352K), 4 survivors (4096K)
[2023-10-17T15:05:33.604+0000][3866.745s][info ][gc,heap,exit  ]  Metaspace       used 183276K, capacity 197727K, committed 197876K, reserved 1222656K
[2023-10-17T15:05:33.604+0000][3866.745s][info ][gc,heap,exit  ]   class space    used 21003K, capacity 23983K, committed 24064K, reserved 1048576K
[2023-10-17T15:05:33.605+0000][3866.746s][debug][safepoint     ] Safepoint synchronization initiated. (34 threads)
[2023-10-17T15:05:33.606+0000][3866.747s][info ][safepoint     ] Application time: 0.5084075 seconds
[2023-10-17T15:05:33.606+0000][3866.747s][info ][safepoint     ] Entering safepoint region: Exit
