[2023-10-01T16:39:46.755+0000][0.092s][info][gc,heap] Heap region size: 1M
[2023-10-01T16:39:46.775+0000][0.112s][info][gc     ] Using G1
[2023-10-01T16:39:46.776+0000][0.112s][info][gc,heap,coops] Heap address: 0x0000000085a00000, size: 1958 MB, Compressed Oops mode: 32-bit
[2023-10-01T16:39:46.783+0000][0.120s][info][gc,cds       ] Mark closed archive regions in map: [0x00000000ffc00000, 0x00000000ffc6aff8]
[2023-10-01T16:39:46.784+0000][0.121s][info][gc,cds       ] Mark open archive regions in map: [0x00000000ff800000, 0x00000000ff847ff8]
[2023-10-01T16:39:47.013+0000][0.350s][debug][safepoint    ] Safepoint synchronization initiated. (9 threads)
[2023-10-01T16:39:47.014+0000][0.351s][info ][safepoint    ] Application time: 0.1032701 seconds
[2023-10-01T16:39:47.015+0000][0.352s][info ][safepoint    ] Entering safepoint region: Deoptimize
[2023-10-01T16:39:47.016+0000][0.353s][info ][safepoint    ] Leaving safepoint region
[2023-10-01T16:39:47.017+0000][0.354s][info ][safepoint    ] Total time for which application threads were stopped: 0.0022394 seconds, Stopping threads took: 0.0005657 seconds
[2023-10-01T16:39:48.018+0000][1.355s][debug][safepoint    ] Safepoint synchronization initiated. (11 threads)
[2023-10-01T16:39:48.019+0000][1.356s][info ][safepoint    ] Application time: 1.0015032 seconds
[2023-10-01T16:39:48.020+0000][1.357s][debug][safepoint    ] Waiting for 1 thread(s) to block
[2023-10-01T16:39:48.021+0000][1.358s][info ][safepoint    ] Entering safepoint region: Cleanup
[2023-10-01T16:39:48.022+0000][1.358s][info ][safepoint    ] Leaving safepoint region
[2023-10-01T16:39:48.022+0000][1.359s][info ][safepoint    ] Total time for which application threads were stopped: 0.0021425 seconds, Stopping threads took: 0.0014604 seconds
[2023-10-01T16:39:48.171+0000][1.508s][debug][safepoint    ] Safepoint synchronization initiated. (11 threads)
[2023-10-01T16:39:48.172+0000][1.509s][info ][safepoint    ] Application time: 0.1496944 seconds
[2023-10-01T16:39:48.173+0000][1.510s][info ][safepoint    ] Entering safepoint region: G1CollectForAllocation
[2023-10-01T16:39:48.177+0000][1.513s][info ][gc,start     ] GC(0) Pause Young (Normal) (G1 Evacuation Pause)
[2023-10-01T16:39:48.178+0000][1.514s][info ][gc,task      ] GC(0) Using 3 workers of 8 for evacuation
[2023-10-01T16:39:48.197+0000][1.533s][info ][gc,phases    ] GC(0)   Pre Evacuate Collection Set: 0.0ms
[2023-10-01T16:39:48.197+0000][1.534s][info ][gc,phases    ] GC(0)   Evacuate Collection Set: 15.8ms
[2023-10-01T16:39:48.198+0000][1.535s][info ][gc,phases    ] GC(0)   Post Evacuate Collection Set: 1.8ms
[2023-10-01T16:39:48.199+0000][1.536s][info ][gc,phases    ] GC(0)   Other: 4.8ms
[2023-10-01T16:39:48.200+0000][1.536s][info ][gc,heap      ] GC(0) Eden regions: 59->0(66)
[2023-10-01T16:39:48.200+0000][1.537s][info ][gc,heap      ] GC(0) Survivor regions: 0->8(8)
[2023-10-01T16:39:48.201+0000][1.537s][info ][gc,heap      ] GC(0) Old regions: 2->2
[2023-10-01T16:39:48.201+0000][1.538s][info ][gc,heap      ] GC(0) Humongous regions: 2->0
[2023-10-01T16:39:48.202+0000][1.538s][info ][gc,metaspace ] GC(0) Metaspace: 2608K(5632K)->2608K(5632K) NonClass: 2378K(5120K)->2378K(5120K) Class: 229K(512K)->229K(512K)
[2023-10-01T16:39:48.203+0000][1.540s][info ][gc           ] GC(0) Pause Young (Normal) (G1 Evacuation Pause) 61M->8M(126M) 26.331ms
[2023-10-01T16:39:48.204+0000][1.540s][info ][gc,cpu       ] GC(0) User=0.04s Sys=0.02s Real=0.02s
[2023-10-01T16:39:48.204+0000][1.541s][info ][safepoint    ] Leaving safepoint region
[2023-10-01T16:39:48.205+0000][1.541s][info ][safepoint    ] Total time for which application threads were stopped: 0.0314855 seconds, Stopping threads took: 0.0006746 seconds
[2023-10-01T16:39:48.279+0000][1.616s][debug][safepoint    ] Safepoint synchronization initiated. (11 threads)
[2023-10-01T16:39:48.280+0000][1.617s][info ][safepoint    ] Application time: 0.0749680 seconds
[2023-10-01T16:39:48.281+0000][1.618s][info ][safepoint    ] Entering safepoint region: Deoptimize
[2023-10-01T16:39:48.282+0000][1.618s][info ][safepoint    ] Leaving safepoint region
[2023-10-01T16:39:48.282+0000][1.619s][info ][safepoint    ] Total time for which application threads were stopped: 0.0016120 seconds, Stopping threads took: 0.0005900 seconds
[2023-10-01T16:39:48.294+0000][1.631s][debug][safepoint    ] Safepoint synchronization initiated. (11 threads)
[2023-10-01T16:39:48.295+0000][1.632s][info ][safepoint    ] Application time: 0.0118235 seconds
[2023-10-01T16:39:48.295+0000][1.632s][info ][safepoint    ] Entering safepoint region: Deoptimize
[2023-10-01T16:39:48.296+0000][1.633s][info ][safepoint    ] Leaving safepoint region
[2023-10-01T16:39:48.297+0000][1.634s][info ][safepoint    ] Total time for which application threads were stopped: 0.0014695 seconds, Stopping threads took: 0.0005407 seconds
[2023-10-01T16:39:48.412+0000][1.749s][debug][safepoint    ] Safepoint synchronization initiated. (11 threads)
[2023-10-01T16:39:48.413+0000][1.750s][info ][safepoint    ] Application time: 0.1156201 seconds
[2023-10-01T16:39:48.414+0000][1.750s][info ][safepoint    ] Entering safepoint region: Deoptimize
[2023-10-01T16:39:48.415+0000][1.751s][info ][safepoint    ] Leaving safepoint region
[2023-10-01T16:39:48.415+0000][1.752s][info ][safepoint    ] Total time for which application threads were stopped: 0.0015592 seconds, Stopping threads took: 0.0006074 seconds
[2023-10-01T16:39:48.430+0000][1.767s][debug][safepoint    ] Safepoint synchronization initiated. (11 threads)
[2023-10-01T16:39:48.431+0000][1.768s][info ][safepoint    ] Application time: 0.0150775 seconds
[2023-10-01T16:39:48.432+0000][1.768s][info ][safepoint    ] Entering safepoint region: Deoptimize
[2023-10-01T16:39:48.433+0000][1.769s][info ][safepoint    ] Leaving safepoint region
[2023-10-01T16:39:48.433+0000][1.770s][info ][safepoint    ] Total time for which application threads were stopped: 0.0017126 seconds, Stopping threads took: 0.0006986 seconds
[2023-10-01T16:39:48.748+0000][2.085s][debug][safepoint    ] Safepoint synchronization initiated. (12 threads)
[2023-10-01T16:39:48.749+0000][2.085s][info ][safepoint    ] Application time: 0.3146388 seconds
[2023-10-01T16:39:48.749+0000][2.086s][info ][safepoint    ] Entering safepoint region: G1CollectForAllocation
[2023-10-01T16:39:48.750+0000][2.087s][info ][gc,start     ] GC(1) Pause Young (Normal) (G1 Evacuation Pause)
[2023-10-01T16:39:48.750+0000][2.087s][info ][gc,task      ] GC(1) Using 3 workers of 8 for evacuation
[2023-10-01T16:39:48.768+0000][2.104s][info ][gc,phases    ] GC(1)   Pre Evacuate Collection Set: 0.0ms
[2023-10-01T16:39:48.769+0000][2.105s][info ][gc,phases    ] GC(1)   Evacuate Collection Set: 15.5ms
[2023-10-01T16:39:48.769+0000][2.106s][info ][gc,phases    ] GC(1)   Post Evacuate Collection Set: 1.2ms
[2023-10-01T16:39:48.770+0000][2.106s][info ][gc,phases    ] GC(1)   Other: 1.1ms
[2023-10-01T16:39:48.770+0000][2.107s][info ][gc,heap      ] GC(1) Eden regions: 66->0(69)
[2023-10-01T16:39:48.771+0000][2.108s][info ][gc,heap      ] GC(1) Survivor regions: 8->2(10)
[2023-10-01T16:39:48.772+0000][2.109s][info ][gc,heap      ] GC(1) Old regions: 2->10
[2023-10-01T16:39:48.772+0000][2.109s][info ][gc,heap      ] GC(1) Humongous regions: 0->0
[2023-10-01T16:39:48.773+0000][2.110s][info ][gc,metaspace ] GC(1) Metaspace: 4930K(7168K)->4930K(7168K) NonClass: 4390K(6400K)->4390K(6400K) Class: 540K(768K)->540K(768K)
[2023-10-01T16:39:48.773+0000][2.110s][info ][gc           ] GC(1) Pause Young (Normal) (G1 Evacuation Pause) 74M->9M(126M) 23.456ms
[2023-10-01T16:39:48.774+0000][2.111s][info ][gc,cpu       ] GC(1) User=0.10s Sys=0.00s Real=0.02s
[2023-10-01T16:39:48.774+0000][2.111s][info ][safepoint    ] Leaving safepoint region
[2023-10-01T16:39:48.775+0000][2.112s][info ][safepoint    ] Total time for which application threads were stopped: 0.0257894 seconds, Stopping threads took: 0.0006113 seconds
[2023-10-01T16:39:48.776+0000][2.112s][info ][gc,stringdedup] Concurrent String Deduplication (2.112s)
[2023-10-01T16:39:48.792+0000][2.128s][info ][gc,stringdedup] Concurrent String Deduplication 2185.5K->2011.5K(174.0K) avg 7.1% (2.112s, 2.128s) 16.205ms
[2023-10-01T16:39:49.424+0000][2.761s][debug][safepoint     ] Safepoint synchronization initiated. (12 threads)
[2023-10-01T16:39:49.425+0000][2.762s][info ][safepoint     ] Application time: 0.6497014 seconds
[2023-10-01T16:39:49.426+0000][2.762s][info ][safepoint     ] Entering safepoint region: G1CollectForAllocation
[2023-10-01T16:39:49.427+0000][2.763s][info ][gc,start      ] GC(2) Pause Young (Normal) (G1 Evacuation Pause)
[2023-10-01T16:39:49.427+0000][2.764s][info ][gc,task       ] GC(2) Using 3 workers of 8 for evacuation
[2023-10-01T16:39:49.433+0000][2.770s][info ][gc,phases     ] GC(2)   Pre Evacuate Collection Set: 0.0ms
[2023-10-01T16:39:49.435+0000][2.771s][info ][gc,phases     ] GC(2)   Evacuate Collection Set: 3.9ms
[2023-10-01T16:39:49.435+0000][2.772s][info ][gc,phases     ] GC(2)   Post Evacuate Collection Set: 1.8ms
[2023-10-01T16:39:49.436+0000][2.772s][info ][gc,phases     ] GC(2)   Other: 1.2ms
[2023-10-01T16:39:49.436+0000][2.773s][info ][gc,heap       ] GC(2) Eden regions: 69->0(72)
[2023-10-01T16:39:49.437+0000][2.773s][info ][gc,heap       ] GC(2) Survivor regions: 2->2(9)
[2023-10-01T16:39:49.437+0000][2.774s][info ][gc,heap       ] GC(2) Old regions: 10->10
[2023-10-01T16:39:49.438+0000][2.774s][info ][gc,heap       ] GC(2) Humongous regions: 0->0
[2023-10-01T16:39:49.438+0000][2.775s][info ][gc,metaspace  ] GC(2) Metaspace: 7252K(9088K)->7252K(9088K) NonClass: 6418K(7936K)->6418K(7936K) Class: 833K(1152K)->833K(1152K)
[2023-10-01T16:39:49.439+0000][2.776s][info ][gc            ] GC(2) Pause Young (Normal) (G1 Evacuation Pause) 78M->10M(126M) 12.640ms
[2023-10-01T16:39:49.440+0000][2.776s][info ][gc,cpu        ] GC(2) User=0.03s Sys=0.00s Real=0.01s
[2023-10-01T16:39:49.440+0000][2.777s][info ][safepoint     ] Leaving safepoint region
[2023-10-01T16:39:49.441+0000][2.777s][info ][safepoint     ] Total time for which application threads were stopped: 0.0149856 seconds, Stopping threads took: 0.0005340 seconds
[2023-10-01T16:39:50.017+0000][3.354s][debug][safepoint     ] Safepoint synchronization initiated. (12 threads)
[2023-10-01T16:39:50.018+0000][3.354s][info ][safepoint     ] Application time: 0.5766958 seconds
[2023-10-01T16:39:50.018+0000][3.355s][info ][safepoint     ] Entering safepoint region: G1CollectForAllocation
[2023-10-01T16:39:50.019+0000][3.356s][info ][gc,start      ] GC(3) Pause Young (Normal) (G1 Evacuation Pause)
[2023-10-01T16:39:50.020+0000][3.356s][info ][gc,task       ] GC(3) Using 3 workers of 8 for evacuation
[2023-10-01T16:39:50.028+0000][3.364s][info ][gc,phases     ] GC(3)   Pre Evacuate Collection Set: 0.0ms
[2023-10-01T16:39:50.028+0000][3.365s][info ][gc,phases     ] GC(3)   Evacuate Collection Set: 5.6ms
[2023-10-01T16:39:50.029+0000][3.366s][info ][gc,phases     ] GC(3)   Post Evacuate Collection Set: 1.7ms
[2023-10-01T16:39:50.029+0000][3.366s][info ][gc,phases     ] GC(3)   Other: 1.2ms
[2023-10-01T16:39:50.030+0000][3.367s][info ][gc,heap       ] GC(3) Eden regions: 72->0(71)
[2023-10-01T16:39:50.030+0000][3.367s][info ][gc,heap       ] GC(3) Survivor regions: 2->3(10)
[2023-10-01T16:39:50.031+0000][3.367s][info ][gc,heap       ] GC(3) Old regions: 10->10
[2023-10-01T16:39:50.031+0000][3.368s][info ][gc,heap       ] GC(3) Humongous regions: 0->0
[2023-10-01T16:39:50.032+0000][3.369s][info ][gc,metaspace  ] GC(3) Metaspace: 10076K(11136K)->10076K(11136K) NonClass: 8848K(9728K)->8848K(9728K) Class: 1228K(1408K)->1228K(1408K)
[2023-10-01T16:39:50.033+0000][3.369s][info ][gc            ] GC(3) Pause Young (Normal) (G1 Evacuation Pause) 82M->11M(126M) 13.311ms
[2023-10-01T16:39:50.033+0000][3.370s][info ][gc,cpu        ] GC(3) User=0.04s Sys=0.00s Real=0.01s
[2023-10-01T16:39:50.034+0000][3.370s][info ][safepoint     ] Leaving safepoint region
[2023-10-01T16:39:50.034+0000][3.371s][info ][safepoint     ] Total time for which application threads were stopped: 0.0157438 seconds, Stopping threads took: 0.0005583 seconds
[2023-10-01T16:39:50.035+0000][3.371s][info ][gc,stringdedup] Concurrent String Deduplication (3.371s)
[2023-10-01T16:39:50.036+0000][3.373s][info ][gc,stringdedup] Concurrent String Deduplication 45648.0B->15560.0B(30088.0B) avg 8.1% (3.371s, 3.373s) 1.625ms
[2023-10-01T16:39:50.471+0000][3.807s][debug][safepoint     ] Safepoint synchronization initiated. (12 threads)
[2023-10-01T16:39:50.471+0000][3.808s][info ][safepoint     ] Application time: 0.4367825 seconds
[2023-10-01T16:39:50.472+0000][3.809s][info ][safepoint     ] Entering safepoint region: Deoptimize
[2023-10-01T16:39:50.473+0000][3.810s][info ][safepoint     ] Leaving safepoint region
[2023-10-01T16:39:50.474+0000][3.810s][info ][safepoint     ] Total time for which application threads were stopped: 0.0016077 seconds, Stopping threads took: 0.0005509 seconds
[2023-10-01T16:39:50.561+0000][3.898s][debug][safepoint     ] Safepoint synchronization initiated. (12 threads)
[2023-10-01T16:39:50.562+0000][3.899s][info ][safepoint     ] Application time: 0.0875321 seconds
[2023-10-01T16:39:50.563+0000][3.899s][info ][safepoint     ] Entering safepoint region: G1CollectForAllocation
[2023-10-01T16:39:50.564+0000][3.900s][info ][gc,start      ] GC(4) Pause Young (Normal) (G1 Evacuation Pause)
[2023-10-01T16:39:50.564+0000][3.901s][info ][gc,task       ] GC(4) Using 3 workers of 8 for evacuation
[2023-10-01T16:39:50.576+0000][3.912s][info ][gc,phases     ] GC(4)   Pre Evacuate Collection Set: 0.0ms
[2023-10-01T16:39:50.576+0000][3.913s][info ][gc,phases     ] GC(4)   Evacuate Collection Set: 7.1ms
[2023-10-01T16:39:50.577+0000][3.914s][info ][gc,phases     ] GC(4)   Post Evacuate Collection Set: 3.5ms
[2023-10-01T16:39:50.577+0000][3.914s][info ][gc,phases     ] GC(4)   Other: 1.3ms
[2023-10-01T16:39:50.578+0000][3.915s][info ][gc,heap       ] GC(4) Eden regions: 71->0(70)
[2023-10-01T16:39:50.579+0000][3.915s][info ][gc,heap       ] GC(4) Survivor regions: 3->4(10)
[2023-10-01T16:39:50.579+0000][3.916s][info ][gc,heap       ] GC(4) Old regions: 10->10
[2023-10-01T16:39:50.580+0000][3.916s][info ][gc,heap       ] GC(4) Humongous regions: 0->0
[2023-10-01T16:39:50.580+0000][3.917s][info ][gc,metaspace  ] GC(4) Metaspace: 11562K(12672K)->11562K(12672K) NonClass: 10149K(11008K)->10149K(11008K) Class: 1412K(1664K)->1412K(1664K)
[2023-10-01T16:39:50.581+0000][3.917s][info ][gc            ] GC(4) Pause Young (Normal) (G1 Evacuation Pause) 82M->12M(126M) 16.928ms
[2023-10-01T16:39:50.581+0000][3.918s][info ][gc,cpu        ] GC(4) User=0.08s Sys=0.00s Real=0.02s
[2023-10-01T16:39:50.582+0000][3.918s][info ][safepoint     ] Leaving safepoint region
[2023-10-01T16:39:50.582+0000][3.919s][info ][safepoint     ] Total time for which application threads were stopped: 0.0193346 seconds, Stopping threads took: 0.0005744 seconds
[2023-10-01T16:39:50.583+0000][3.919s][info ][gc,stringdedup] Concurrent String Deduplication (3.919s)
[2023-10-01T16:39:50.586+0000][3.922s][info ][gc,stringdedup] Concurrent String Deduplication 118.3K->36696.0B(84480.0B) avg 10.9% (3.919s, 3.922s) 2.888ms
[2023-10-01T16:39:51.063+0000][4.400s][debug][safepoint     ] Safepoint synchronization initiated. (12 threads)
[2023-10-01T16:39:51.064+0000][4.401s][info ][safepoint     ] Application time: 0.4817242 seconds
[2023-10-01T16:39:51.065+0000][4.402s][debug][safepoint     ] Waiting for 1 thread(s) to block
[2023-10-01T16:39:51.066+0000][4.403s][info ][safepoint     ] Entering safepoint region: G1CollectForAllocation
[2023-10-01T16:39:51.067+0000][4.403s][info ][gc,start      ] GC(5) Pause Young (Normal) (G1 Evacuation Pause)
[2023-10-01T16:39:51.067+0000][4.404s][info ][gc,task       ] GC(5) Using 4 workers of 8 for evacuation
[2023-10-01T16:39:51.080+0000][4.416s][info ][gc,phases     ] GC(5)   Pre Evacuate Collection Set: 0.0ms
[2023-10-01T16:39:51.080+0000][4.417s][info ][gc,phases     ] GC(5)   Evacuate Collection Set: 8.3ms
[2023-10-01T16:39:51.081+0000][4.418s][info ][gc,phases     ] GC(5)   Post Evacuate Collection Set: 3.4ms
[2023-10-01T16:39:51.082+0000][4.418s][info ][gc,phases     ] GC(5)   Other: 1.4ms
[2023-10-01T16:39:51.082+0000][4.419s][info ][gc,heap       ] GC(5) Eden regions: 70->0(82)
[2023-10-01T16:39:51.083+0000][4.420s][info ][gc,heap       ] GC(5) Survivor regions: 4->6(10)
[2023-10-01T16:39:51.083+0000][4.420s][info ][gc,heap       ] GC(5) Old regions: 10->10
[2023-10-01T16:39:51.084+0000][4.421s][info ][gc,heap       ] GC(5) Humongous regions: 0->0
[2023-10-01T16:39:51.084+0000][4.421s][info ][gc,metaspace  ] GC(5) Metaspace: 14338K(15104K)->14338K(15104K) NonClass: 12561K(13056K)->12561K(13056K) Class: 1777K(2048K)->1777K(2048K)
[2023-10-01T16:39:51.085+0000][4.422s][info ][gc            ] GC(5) Pause Young (Normal) (G1 Evacuation Pause) 82M->13M(152M) 18.200ms
[2023-10-01T16:39:51.085+0000][4.422s][info ][gc,cpu        ] GC(5) User=0.05s Sys=0.00s Real=0.01s
[2023-10-01T16:39:51.086+0000][4.423s][info ][safepoint     ] Leaving safepoint region
[2023-10-01T16:39:51.086+0000][4.423s][info ][safepoint     ] Total time for which application threads were stopped: 0.0211515 seconds, Stopping threads took: 0.0012679 seconds
[2023-10-01T16:39:51.087+0000][4.424s][info ][gc,stringdedup] Concurrent String Deduplication (4.424s)
[2023-10-01T16:39:51.090+0000][4.427s][info ][gc,stringdedup] Concurrent String Deduplication 84208.0B->24992.0B(59216.0B) avg 12.7% (4.424s, 4.427s) 3.110ms
[2023-10-01T16:39:51.535+0000][4.872s][debug][safepoint     ] Safepoint synchronization initiated. (12 threads)
[2023-10-01T16:39:51.536+0000][4.873s][info ][safepoint     ] Application time: 0.4491173 seconds
[2023-10-01T16:39:51.537+0000][4.873s][info ][safepoint     ] Entering safepoint region: G1CollectForAllocation
[2023-10-01T16:39:51.537+0000][4.874s][info ][gc,start      ] GC(6) Pause Young (Normal) (G1 Evacuation Pause)
[2023-10-01T16:39:51.538+0000][4.875s][info ][gc,task       ] GC(6) Using 4 workers of 8 for evacuation
[2023-10-01T16:39:51.549+0000][4.886s][info ][gc,phases     ] GC(6)   Pre Evacuate Collection Set: 0.0ms
[2023-10-01T16:39:51.550+0000][4.886s][info ][gc,phases     ] GC(6)   Evacuate Collection Set: 8.9ms
[2023-10-01T16:39:51.550+0000][4.887s][info ][gc,phases     ] GC(6)   Post Evacuate Collection Set: 1.4ms
[2023-10-01T16:39:51.551+0000][4.887s][info ][gc,phases     ] GC(6)   Other: 1.3ms
[2023-10-01T16:39:51.551+0000][4.888s][info ][gc,heap       ] GC(6) Eden regions: 82->0(85)
[2023-10-01T16:39:51.552+0000][4.888s][info ][gc,heap       ] GC(6) Survivor regions: 6->6(11)
[2023-10-01T16:39:51.552+0000][4.889s][info ][gc,heap       ] GC(6) Old regions: 10->10
[2023-10-01T16:39:51.553+0000][4.889s][info ][gc,heap       ] GC(6) Humongous regions: 0->0
[2023-10-01T16:39:51.553+0000][4.890s][info ][gc,metaspace  ] GC(6) Metaspace: 16385K(17280K)->16385K(17280K) NonClass: 14263K(14848K)->14263K(14848K) Class: 2122K(2432K)->2122K(2432K)
[2023-10-01T16:39:51.554+0000][4.891s][info ][gc            ] GC(6) Pause Young (Normal) (G1 Evacuation Pause) 95M->14M(152M) 16.532ms
[2023-10-01T16:39:51.554+0000][4.891s][info ][gc,cpu        ] GC(6) User=0.07s Sys=0.00s Real=0.01s
[2023-10-01T16:39:51.555+0000][4.892s][info ][safepoint     ] Leaving safepoint region
[2023-10-01T16:39:51.555+0000][4.892s][info ][safepoint     ] Total time for which application threads were stopped: 0.0189068 seconds, Stopping threads took: 0.0005852 seconds
[2023-10-01T16:39:51.556+0000][4.893s][info ][gc,stringdedup] Concurrent String Deduplication (4.893s)
[2023-10-01T16:39:51.558+0000][4.895s][info ][gc,stringdedup] Concurrent String Deduplication 113.9K->97216.0B(19432.0B) avg 12.9% (4.893s, 4.895s) 2.201ms
[2023-10-01T16:39:51.659+0000][4.995s][debug][safepoint     ] Safepoint synchronization initiated. (12 threads)
[2023-10-01T16:39:51.659+0000][4.996s][info ][safepoint     ] Application time: 0.1033968 seconds
[2023-10-01T16:39:51.660+0000][4.997s][info ][safepoint     ] Entering safepoint region: Deoptimize
[2023-10-01T16:39:51.662+0000][4.998s][info ][safepoint     ] Leaving safepoint region
[2023-10-01T16:39:51.662+0000][4.999s][info ][safepoint     ] Total time for which application threads were stopped: 0.0024546 seconds, Stopping threads took: 0.0011137 seconds
[2023-10-01T16:39:51.979+0000][5.315s][debug][safepoint     ] Safepoint synchronization initiated. (12 threads)
[2023-10-01T16:39:51.980+0000][5.317s][info ][safepoint     ] Application time: 0.3167354 seconds
[2023-10-01T16:39:51.981+0000][5.317s][info ][safepoint     ] Entering safepoint region: Deoptimize
[2023-10-01T16:39:51.982+0000][5.319s][info ][safepoint     ] Leaving safepoint region
[2023-10-01T16:39:51.983+0000][5.319s][info ][safepoint     ] Total time for which application threads were stopped: 0.0021288 seconds, Stopping threads took: 0.0007520 seconds
[2023-10-01T16:39:52.106+0000][5.443s][debug][safepoint     ] Safepoint synchronization initiated. (12 threads)
[2023-10-01T16:39:52.107+0000][5.444s][info ][safepoint     ] Application time: 0.1233286 seconds
[2023-10-01T16:39:52.108+0000][5.445s][info ][safepoint     ] Entering safepoint region: G1CollectForAllocation
[2023-10-01T16:39:52.109+0000][5.446s][info ][gc,start      ] GC(7) Pause Young (Normal) (G1 Evacuation Pause)
[2023-10-01T16:39:52.110+0000][5.446s][info ][gc,task       ] GC(7) Using 4 workers of 8 for evacuation
[2023-10-01T16:39:52.130+0000][5.467s][info ][gc,phases     ] GC(7)   Pre Evacuate Collection Set: 0.0ms
[2023-10-01T16:39:52.131+0000][5.468s][info ][gc,phases     ] GC(7)   Evacuate Collection Set: 15.0ms
[2023-10-01T16:39:52.132+0000][5.469s][info ][gc,phases     ] GC(7)   Post Evacuate Collection Set: 4.9ms
[2023-10-01T16:39:52.133+0000][5.469s][info ][gc,phases     ] GC(7)   Other: 1.5ms
[2023-10-01T16:39:52.134+0000][5.470s][info ][gc,heap       ] GC(7) Eden regions: 85->0(84)
[2023-10-01T16:39:52.135+0000][5.472s][info ][gc,heap       ] GC(7) Survivor regions: 6->7(12)
[2023-10-01T16:39:52.136+0000][5.472s][info ][gc,heap       ] GC(7) Old regions: 10->10
[2023-10-01T16:39:52.137+0000][5.473s][info ][gc,heap       ] GC(7) Humongous regions: 0->0
[2023-10-01T16:39:52.138+0000][5.474s][info ][gc,metaspace  ] GC(7) Metaspace: 18823K(19712K)->18823K(19712K) NonClass: 16399K(16896K)->16399K(16896K) Class: 2424K(2816K)->2424K(2816K)
[2023-10-01T16:39:52.138+0000][5.475s][info ][gc            ] GC(7) Pause Young (Normal) (G1 Evacuation Pause) 99M->14M(152M) 29.380ms
[2023-10-01T16:39:52.139+0000][5.476s][info ][gc,cpu        ] GC(7) User=0.15s Sys=0.01s Real=0.03s
[2023-10-01T16:39:52.140+0000][5.476s][info ][safepoint     ] Leaving safepoint region
[2023-10-01T16:39:52.140+0000][5.477s][info ][safepoint     ] Total time for which application threads were stopped: 0.0325813 seconds, Stopping threads took: 0.0009647 seconds
[2023-10-01T16:39:52.141+0000][5.478s][info ][gc,stringdedup] Concurrent String Deduplication (5.478s)
[2023-10-01T16:39:52.145+0000][5.482s][info ][gc,stringdedup] Concurrent String Deduplication 72256.0B->29352.0B(42904.0B) avg 14.0% (5.478s, 5.482s) 3.982ms
[2023-10-01T16:39:52.535+0000][5.872s][debug][safepoint     ] Safepoint synchronization initiated. (12 threads)
[2023-10-01T16:39:52.536+0000][5.873s][info ][safepoint     ] Application time: 0.3949563 seconds
[2023-10-01T16:39:52.537+0000][5.873s][info ][safepoint     ] Entering safepoint region: CollectForMetadataAllocation
[2023-10-01T16:39:52.537+0000][5.874s][info ][gc,start      ] GC(8) Pause Young (Concurrent Start) (Metadata GC Threshold)
[2023-10-01T16:39:52.538+0000][5.875s][info ][gc,task       ] GC(8) Using 4 workers of 8 for evacuation
[2023-10-01T16:39:52.554+0000][5.891s][info ][gc,phases     ] GC(8)   Pre Evacuate Collection Set: 0.1ms
[2023-10-01T16:39:52.555+0000][5.891s][info ][gc,phases     ] GC(8)   Evacuate Collection Set: 13.5ms
[2023-10-01T16:39:52.555+0000][5.892s][info ][gc,phases     ] GC(8)   Post Evacuate Collection Set: 1.6ms
[2023-10-01T16:39:52.556+0000][5.893s][info ][gc,phases     ] GC(8)   Other: 1.4ms
[2023-10-01T16:39:52.556+0000][5.893s][info ][gc,heap       ] GC(8) Eden regions: 34->0(84)
[2023-10-01T16:39:52.557+0000][5.894s][info ][gc,heap       ] GC(8) Survivor regions: 7->7(12)
[2023-10-01T16:39:52.557+0000][5.894s][info ][gc,heap       ] GC(8) Old regions: 10->10
[2023-10-01T16:39:52.558+0000][5.895s][info ][gc,heap       ] GC(8) Humongous regions: 0->0
[2023-10-01T16:39:52.559+0000][5.895s][info ][gc,metaspace  ] GC(8) Metaspace: 20459K(21248K)->20459K(21248K) NonClass: 17878K(18432K)->17878K(18432K) Class: 2580K(2816K)->2580K(2816K)
[2023-10-01T16:39:52.559+0000][5.896s][info ][gc            ] GC(8) Pause Young (Concurrent Start) (Metadata GC Threshold) 48M->15M(152M) 21.590ms
[2023-10-01T16:39:52.559+0000][5.896s][info ][gc,cpu        ] GC(8) User=0.03s Sys=0.01s Real=0.02s
[2023-10-01T16:39:52.560+0000][5.897s][info ][gc            ] GC(9) Concurrent Cycle
[2023-10-01T16:39:52.560+0000][5.897s][info ][safepoint     ] Leaving safepoint region
[2023-10-01T16:39:52.561+0000][5.898s][info ][safepoint     ] Total time for which application threads were stopped: 0.0245409 seconds, Stopping threads took: 0.0005552 seconds
[2023-10-01T16:39:52.561+0000][5.897s][info ][gc,marking    ] GC(9) Concurrent Clear Claimed Marks
[2023-10-01T16:39:52.562+0000][5.898s][info ][gc,stringdedup] Concurrent String Deduplication (5.898s)
[2023-10-01T16:39:52.564+0000][5.900s][info ][gc,marking    ] GC(9) Concurrent Clear Claimed Marks 2.964ms
[2023-10-01T16:39:52.565+0000][5.901s][info ][gc,marking    ] GC(9) Concurrent Scan Root Regions
[2023-10-01T16:39:52.564+0000][5.901s][debug][safepoint     ] Safepoint synchronization initiated. (12 threads)
[2023-10-01T16:39:52.566+0000][5.902s][info ][safepoint     ] Application time: 0.0041653 seconds
[2023-10-01T16:39:52.567+0000][5.903s][info ][safepoint     ] Entering safepoint region: CollectForMetadataAllocation
[2023-10-01T16:39:52.567+0000][5.904s][info ][safepoint     ] Leaving safepoint region
[2023-10-01T16:39:52.568+0000][5.905s][info ][safepoint     ] Total time for which application threads were stopped: 0.0013220 seconds, Stopping threads took: 0.0005929 seconds
[2023-10-01T16:39:52.570+0000][5.906s][info ][gc,stringdedup] Concurrent String Deduplication 92320.0B->10592.0B(81728.0B) avg 16.3% (5.898s, 5.906s) 3.413ms
[2023-10-01T16:39:52.571+0000][5.907s][info ][gc,marking    ] GC(9) Concurrent Scan Root Regions 5.877ms
[2023-10-01T16:39:52.571+0000][5.908s][info ][gc,marking    ] GC(9) Concurrent Mark (5.908s)
[2023-10-01T16:39:52.572+0000][5.909s][info ][gc,marking    ] GC(9) Concurrent Mark From Roots
[2023-10-01T16:39:52.573+0000][5.909s][info ][gc,task       ] GC(9) Using 2 workers of 2 for marking
[2023-10-01T16:39:52.591+0000][5.928s][info ][gc,marking    ] GC(9) Concurrent Mark From Roots 19.126ms
[2023-10-01T16:39:52.592+0000][5.929s][info ][gc,marking    ] GC(9) Concurrent Preclean
[2023-10-01T16:39:52.595+0000][5.932s][info ][gc,marking    ] GC(9) Concurrent Preclean 2.805ms
[2023-10-01T16:39:52.597+0000][5.933s][info ][gc,marking    ] GC(9) Concurrent Mark (5.908s, 5.933s) 25.248ms
[2023-10-01T16:39:52.598+0000][5.934s][debug][safepoint     ] Safepoint synchronization initiated. (12 threads)
[2023-10-01T16:39:52.598+0000][5.935s][info ][safepoint     ] Application time: 0.0297506 seconds
[2023-10-01T16:39:52.599+0000][5.936s][debug][safepoint     ] ... found polling page return exception at pc = 0x00007fcf04369124, stub =0x00007fcefc840600
[2023-10-01T16:39:52.599+0000][5.936s][debug][safepoint     ] Waiting for 1 thread(s) to block
[2023-10-01T16:39:52.600+0000][5.937s][info ][safepoint     ] Entering safepoint region: CGC_Operation
[2023-10-01T16:39:52.601+0000][5.937s][info ][gc,start      ] GC(9) Pause Remark
[2023-10-01T16:39:52.609+0000][5.946s][info ][gc,stringtable] GC(9) Cleaned string and symbol table, strings: 8092 processed, 6 removed, symbols: 55551 processed, 120 removed
[2023-10-01T16:39:52.612+0000][5.949s][info ][gc            ] GC(9) Pause Remark 18M->18M(152M) 11.104ms
[2023-10-01T16:39:52.613+0000][5.950s][info ][gc,cpu        ] GC(9) User=0.03s Sys=0.01s Real=0.01s
[2023-10-01T16:39:52.614+0000][5.950s][info ][safepoint     ] Leaving safepoint region
[2023-10-01T16:39:52.614+0000][5.951s][info ][safepoint     ] Total time for which application threads were stopped: 0.0152398 seconds, Stopping threads took: 0.0017664 seconds
[2023-10-01T16:39:52.615+0000][5.951s][info ][gc,marking    ] GC(9) Concurrent Rebuild Remembered Sets
[2023-10-01T16:39:52.626+0000][5.962s][info ][gc,marking    ] GC(9) Concurrent Rebuild Remembered Sets 10.957ms
[2023-10-01T16:39:52.627+0000][5.964s][debug][safepoint     ] Safepoint synchronization initiated. (12 threads)
[2023-10-01T16:39:52.632+0000][5.969s][info ][safepoint     ] Application time: 0.0177488 seconds
[2023-10-01T16:39:52.633+0000][5.970s][info ][safepoint     ] Entering safepoint region: CGC_Operation
[2023-10-01T16:39:52.634+0000][5.971s][info ][gc,start      ] GC(9) Pause Cleanup
[2023-10-01T16:39:52.635+0000][5.972s][info ][gc            ] GC(9) Pause Cleanup 20M->20M(152M) 0.816ms
[2023-10-01T16:39:52.636+0000][5.972s][info ][gc,cpu        ] GC(9) User=0.01s Sys=0.00s Real=0.00s
[2023-10-01T16:39:52.636+0000][5.973s][info ][safepoint     ] Leaving safepoint region
[2023-10-01T16:39:52.637+0000][5.974s][info ][safepoint     ] Total time for which application threads were stopped: 0.0037510 seconds, Stopping threads took: 0.0007220 seconds
[2023-10-01T16:39:52.638+0000][5.974s][info ][gc,marking    ] GC(9) Concurrent Cleanup for Next Mark
[2023-10-01T16:39:52.642+0000][5.978s][info ][gc,marking    ] GC(9) Concurrent Cleanup for Next Mark 3.933ms
[2023-10-01T16:39:52.643+0000][5.979s][info ][gc            ] GC(9) Concurrent Cycle 82.475ms
[2023-10-01T16:39:52.998+0000][6.334s][debug][safepoint     ] Safepoint synchronization initiated. (12 threads)
[2023-10-01T16:39:52.999+0000][6.335s][info ][safepoint     ] Application time: 0.3609102 seconds
[2023-10-01T16:39:52.999+0000][6.336s][debug][safepoint     ] ... found polling page return exception at pc = 0x00007fcf043056f0, stub =0x00007fcefc840600
[2023-10-01T16:39:53.000+0000][6.337s][debug][safepoint     ] Waiting for 1 thread(s) to block
[2023-10-01T16:39:53.001+0000][6.337s][info ][safepoint     ] Entering safepoint region: Deoptimize
[2023-10-01T16:39:53.002+0000][6.338s][info ][safepoint     ] Leaving safepoint region
[2023-10-01T16:39:53.002+0000][6.339s][info ][safepoint     ] Total time for which application threads were stopped: 0.0033137 seconds, Stopping threads took: 0.0019391 seconds
[2023-10-01T16:39:53.061+0000][6.398s][debug][safepoint     ] Safepoint synchronization initiated. (12 threads)
[2023-10-01T16:39:53.062+0000][6.399s][info ][safepoint     ] Application time: 0.0587968 seconds
[2023-10-01T16:39:53.063+0000][6.399s][info ][safepoint     ] Entering safepoint region: G1CollectForAllocation
[2023-10-01T16:39:53.064+0000][6.400s][info ][gc,start      ] GC(10) Pause Young (Normal) (G1 Evacuation Pause)
[2023-10-01T16:39:53.065+0000][6.401s][info ][gc,task       ] GC(10) Using 4 workers of 8 for evacuation
[2023-10-01T16:39:53.086+0000][6.423s][info ][gc,phases     ] GC(10)   Pre Evacuate Collection Set: 0.0ms
[2023-10-01T16:39:53.087+0000][6.423s][info ][gc,phases     ] GC(10)   Evacuate Collection Set: 17.3ms
[2023-10-01T16:39:53.087+0000][6.424s][info ][gc,phases     ] GC(10)   Post Evacuate Collection Set: 3.3ms
[2023-10-01T16:39:53.088+0000][6.425s][info ][gc,phases     ] GC(10)   Other: 1.8ms
[2023-10-01T16:39:53.088+0000][6.425s][info ][gc,heap       ] GC(10) Eden regions: 84->0(100)
[2023-10-01T16:39:53.089+0000][6.426s][info ][gc,heap       ] GC(10) Survivor regions: 7->9(12)
[2023-10-01T16:39:53.090+0000][6.426s][info ][gc,heap       ] GC(10) Old regions: 10->11
[2023-10-01T16:39:53.090+0000][6.427s][info ][gc,heap       ] GC(10) Humongous regions: 0->0
[2023-10-01T16:39:53.091+0000][6.427s][info ][gc,metaspace  ] GC(10) Metaspace: 23642K(24576K)->23642K(24576K) NonClass: 20659K(21248K)->20659K(21248K) Class: 2982K(3328K)->2982K(3328K)
[2023-10-01T16:39:53.091+0000][6.428s][info ][gc            ] GC(10) Pause Young (Normal) (G1 Evacuation Pause) 99M->17M(183M) 27.600ms
[2023-10-01T16:39:53.092+0000][6.429s][info ][gc,cpu        ] GC(10) User=0.17s Sys=0.00s Real=0.03s
[2023-10-01T16:39:53.093+0000][6.429s][info ][safepoint     ] Leaving safepoint region
[2023-10-01T16:39:53.093+0000][6.430s][info ][safepoint     ] Total time for which application threads were stopped: 0.0306590 seconds, Stopping threads took: 0.0007441 seconds
[2023-10-01T16:39:53.094+0000][6.431s][info ][gc,stringdedup] Concurrent String Deduplication (6.431s)
[2023-10-01T16:39:53.096+0000][6.433s][info ][gc,stringdedup] Concurrent String Deduplication 97472.0B->41472.0B(56000.0B) avg 17.6% (6.431s, 6.433s) 1.959ms
[2023-10-01T16:39:53.745+0000][7.082s][debug][safepoint     ] Safepoint synchronization initiated. (12 threads)
[2023-10-01T16:39:53.746+0000][7.082s][info ][safepoint     ] Application time: 0.6519039 seconds
[2023-10-01T16:39:53.746+0000][7.083s][debug][safepoint     ] ... found polling page return exception at pc = 0x00007fcf04303cf5, stub =0x00007fcefc840600
[2023-10-01T16:39:53.747+0000][7.084s][debug][safepoint     ] Waiting for 1 thread(s) to block
[2023-10-01T16:39:53.748+0000][7.084s][info ][safepoint     ] Entering safepoint region: G1CollectForAllocation
[2023-10-01T16:39:53.748+0000][7.085s][info ][gc,start      ] GC(11) Pause Young (Normal) (G1 Evacuation Pause)
[2023-10-01T16:39:53.749+0000][7.086s][info ][gc,task       ] GC(11) Using 4 workers of 8 for evacuation
[2023-10-01T16:39:53.763+0000][7.100s][info ][gc,phases     ] GC(11)   Pre Evacuate Collection Set: 0.0ms
[2023-10-01T16:39:53.764+0000][7.101s][info ][gc,phases     ] GC(11)   Evacuate Collection Set: 11.2ms
[2023-10-01T16:39:53.764+0000][7.101s][info ][gc,phases     ] GC(11)   Post Evacuate Collection Set: 1.9ms
[2023-10-01T16:39:53.765+0000][7.102s][info ][gc,phases     ] GC(11)   Other: 1.7ms
[2023-10-01T16:39:53.766+0000][7.103s][info ][gc,heap       ] GC(11) Eden regions: 100->0(99)
[2023-10-01T16:39:53.767+0000][7.103s][info ][gc,heap       ] GC(11) Survivor regions: 9->10(14)
[2023-10-01T16:39:53.767+0000][7.104s][info ][gc,heap       ] GC(11) Old regions: 11->12
[2023-10-01T16:39:53.768+0000][7.104s][info ][gc,heap       ] GC(11) Humongous regions: 0->0
[2023-10-01T16:39:53.768+0000][7.105s][info ][gc,metaspace  ] GC(11) Metaspace: 24233K(25216K)->24233K(25216K) NonClass: 21184K(21760K)->21184K(21760K) Class: 3048K(3456K)->3048K(3456K)
[2023-10-01T16:39:53.769+0000][7.106s][info ][gc            ] GC(11) Pause Young (Normal) (G1 Evacuation Pause) 117M->19M(183M) 20.598ms
[2023-10-01T16:39:53.770+0000][7.106s][info ][gc,cpu        ] GC(11) User=0.11s Sys=0.00s Real=0.02s
[2023-10-01T16:39:53.770+0000][7.107s][info ][safepoint     ] Leaving safepoint region
[2023-10-01T16:39:53.771+0000][7.107s][info ][safepoint     ] Total time for which application threads were stopped: 0.0244162 seconds, Stopping threads took: 0.0017975 seconds
[2023-10-01T16:39:53.771+0000][7.108s][info ][gc,stringdedup] Concurrent String Deduplication (7.108s)
[2023-10-01T16:39:53.773+0000][7.110s][info ][gc,stringdedup] Concurrent String Deduplication 158.3K->134.0K(24808.0B) avg 17.4% (7.108s, 7.110s) 2.167ms
[2023-10-01T16:39:54.142+0000][7.478s][debug][safepoint     ] Safepoint synchronization initiated. (12 threads)
[2023-10-01T16:39:54.142+0000][7.479s][info ][safepoint     ] Application time: 0.3711681 seconds
[2023-10-01T16:39:54.143+0000][7.480s][info ][safepoint     ] Entering safepoint region: G1CollectForAllocation
[2023-10-01T16:39:54.144+0000][7.481s][info ][gc,start      ] GC(12) Pause Young (Normal) (G1 Evacuation Pause)
[2023-10-01T16:39:54.145+0000][7.481s][info ][gc,task       ] GC(12) Using 4 workers of 8 for evacuation
[2023-10-01T16:39:54.158+0000][7.494s][info ][gc,phases     ] GC(12)   Pre Evacuate Collection Set: 0.0ms
[2023-10-01T16:39:54.158+0000][7.495s][info ][gc,phases     ] GC(12)   Evacuate Collection Set: 10.9ms
[2023-10-01T16:39:54.159+0000][7.496s][info ][gc,phases     ] GC(12)   Post Evacuate Collection Set: 1.6ms
[2023-10-01T16:39:54.159+0000][7.496s][info ][gc,phases     ] GC(12)   Other: 1.4ms
[2023-10-01T16:39:54.160+0000][7.497s][info ][gc,heap       ] GC(12) Eden regions: 99->0(102)
[2023-10-01T16:39:54.160+0000][7.497s][info ][gc,heap       ] GC(12) Survivor regions: 10->7(14)
[2023-10-01T16:39:54.161+0000][7.498s][info ][gc,heap       ] GC(12) Old regions: 12->15
[2023-10-01T16:39:54.161+0000][7.498s][info ][gc,heap       ] GC(12) Humongous regions: 0->0
[2023-10-01T16:39:54.162+0000][7.499s][info ][gc,metaspace  ] GC(12) Metaspace: 25521K(26496K)->25521K(26496K) NonClass: 22389K(23040K)->22389K(23040K) Class: 3131K(3456K)->3131K(3456K)
[2023-10-01T16:39:54.163+0000][7.499s][info ][gc            ] GC(12) Pause Young (Normal) (G1 Evacuation Pause) 118M->19M(183M) 18.671ms
[2023-10-01T16:39:54.163+0000][7.500s][info ][gc,cpu        ] GC(12) User=0.07s Sys=0.00s Real=0.02s
[2023-10-01T16:39:54.164+0000][7.500s][info ][safepoint     ] Leaving safepoint region
[2023-10-01T16:39:54.164+0000][7.501s][info ][safepoint     ] Total time for which application threads were stopped: 0.0209662 seconds, Stopping threads took: 0.0006116 seconds
[2023-10-01T16:39:54.165+0000][7.501s][info ][gc,stringdedup] Concurrent String Deduplication (7.501s)
[2023-10-01T16:39:54.168+0000][7.505s][info ][gc,stringdedup] Concurrent String Deduplication 403.4K->215.4K(188.1K) avg 20.7% (7.501s, 7.505s) 3.806ms
[2023-10-01T16:39:54.495+0000][7.832s][debug][safepoint     ] Safepoint synchronization initiated. (12 threads)
[2023-10-01T16:39:54.496+0000][7.833s][info ][safepoint     ] Application time: 0.3312995 seconds
[2023-10-01T16:39:54.496+0000][7.833s][info ][safepoint     ] Entering safepoint region: G1CollectForAllocation
[2023-10-01T16:39:54.497+0000][7.834s][info ][gc,start      ] GC(13) Pause Young (Normal) (G1 Evacuation Pause)
[2023-10-01T16:39:54.498+0000][7.834s][info ][gc,task       ] GC(13) Using 4 workers of 8 for evacuation
[2023-10-01T16:39:54.506+0000][7.843s][info ][gc,phases     ] GC(13)   Pre Evacuate Collection Set: 0.0ms
[2023-10-01T16:39:54.507+0000][7.843s][info ][gc,phases     ] GC(13)   Evacuate Collection Set: 6.2ms
[2023-10-01T16:39:54.507+0000][7.844s][info ][gc,phases     ] GC(13)   Post Evacuate Collection Set: 1.5ms
[2023-10-01T16:39:54.508+0000][7.844s][info ][gc,phases     ] GC(13)   Other: 1.2ms
[2023-10-01T16:39:54.508+0000][7.845s][info ][gc,heap       ] GC(13) Eden regions: 102->0(102)
[2023-10-01T16:39:54.508+0000][7.845s][info ][gc,heap       ] GC(13) Survivor regions: 7->7(14)
[2023-10-01T16:39:54.509+0000][7.846s][info ][gc,heap       ] GC(13) Old regions: 15->15
[2023-10-01T16:39:54.509+0000][7.846s][info ][gc,heap       ] GC(13) Humongous regions: 0->0
[2023-10-01T16:39:54.510+0000][7.846s][info ][gc,metaspace  ] GC(13) Metaspace: 25648K(26496K)->25648K(26496K) NonClass: 22500K(23040K)->22500K(23040K) Class: 3148K(3456K)->3148K(3456K)
[2023-10-01T16:39:54.510+0000][7.847s][info ][gc            ] GC(13) Pause Young (Normal) (G1 Evacuation Pause) 121M->19M(183M) 13.191ms
[2023-10-01T16:39:54.511+0000][7.847s][info ][gc,cpu        ] GC(13) User=0.06s Sys=0.00s Real=0.01s
[2023-10-01T16:39:54.511+0000][7.848s][info ][safepoint     ] Leaving safepoint region
[2023-10-01T16:39:54.512+0000][7.848s][info ][safepoint     ] Total time for which application threads were stopped: 0.0153614 seconds, Stopping threads took: 0.0005705 seconds
[2023-10-01T16:39:54.512+0000][7.849s][info ][gc,stringdedup] Concurrent String Deduplication (7.849s)
[2023-10-01T16:39:54.517+0000][7.854s][info ][gc,stringdedup] Concurrent String Deduplication 1395.2K->248.0K(1147.2K) avg 37.8% (7.849s, 7.854s) 4.954ms
[2023-10-01T16:39:54.691+0000][8.028s][debug][safepoint     ] Safepoint synchronization initiated. (12 threads)
[2023-10-01T16:39:54.692+0000][8.028s][info ][safepoint     ] Application time: 0.1791783 seconds
[2023-10-01T16:39:54.692+0000][8.029s][debug][safepoint     ] ... found polling page return exception at pc = 0x00007fcf0444f531, stub =0x00007fcefc840600
[2023-10-01T16:39:54.693+0000][8.029s][debug][safepoint     ] Waiting for 1 thread(s) to block
[2023-10-01T16:39:54.693+0000][8.030s][info ][safepoint     ] Entering safepoint region: G1CollectForAllocation
[2023-10-01T16:39:54.694+0000][8.030s][info ][gc,start      ] GC(14) Pause Young (Normal) (G1 Evacuation Pause)
[2023-10-01T16:39:54.694+0000][8.031s][info ][gc,task       ] GC(14) Using 4 workers of 8 for evacuation
[2023-10-01T16:39:54.702+0000][8.039s][info ][gc,phases     ] GC(14)   Pre Evacuate Collection Set: 0.0ms
[2023-10-01T16:39:54.703+0000][8.039s][info ][gc,phases     ] GC(14)   Evacuate Collection Set: 5.0ms
[2023-10-01T16:39:54.703+0000][8.040s][info ][gc,phases     ] GC(14)   Post Evacuate Collection Set: 2.3ms
[2023-10-01T16:39:54.704+0000][8.040s][info ][gc,phases     ] GC(14)   Other: 1.0ms
[2023-10-01T16:39:54.704+0000][8.041s][info ][gc,heap       ] GC(14) Eden regions: 102->0(126)
[2023-10-01T16:39:54.705+0000][8.041s][info ][gc,heap       ] GC(14) Survivor regions: 7->6(14)
[2023-10-01T16:39:54.705+0000][8.042s][info ][gc,heap       ] GC(14) Old regions: 15->15
[2023-10-01T16:39:54.706+0000][8.042s][info ][gc,heap       ] GC(14) Humongous regions: 0->0
[2023-10-01T16:39:54.706+0000][8.043s][info ][gc,metaspace  ] GC(14) Metaspace: 25654K(26496K)->25654K(26496K) NonClass: 22506K(23040K)->22506K(23040K) Class: 3148K(3456K)->3148K(3456K)
[2023-10-01T16:39:54.707+0000][8.043s][info ][gc            ] GC(14) Pause Young (Normal) (G1 Evacuation Pause) 121M->18M(220M) 12.758ms
[2023-10-01T16:39:54.707+0000][8.044s][info ][gc,cpu        ] GC(14) User=0.05s Sys=0.00s Real=0.02s
[2023-10-01T16:39:54.708+0000][8.044s][info ][safepoint     ] Leaving safepoint region
[2023-10-01T16:39:54.708+0000][8.045s][info ][safepoint     ] Total time for which application threads were stopped: 0.0159027 seconds, Stopping threads took: 0.0014900 seconds
[2023-10-01T16:39:54.709+0000][8.045s][info ][gc,stringdedup] Concurrent String Deduplication (8.045s)
[2023-10-01T16:39:54.710+0000][8.047s][info ][gc,stringdedup] Concurrent String Deduplication 45312.0B->23560.0B(21752.0B) avg 37.9% (8.045s, 8.047s) 1.730ms
[2023-10-01T16:39:54.978+0000][8.315s][debug][safepoint     ] Safepoint synchronization initiated. (11 threads)
[2023-10-01T16:39:54.979+0000][8.315s][info ][safepoint     ] Application time: 0.2702997 seconds
[2023-10-01T16:39:54.979+0000][8.316s][info ][safepoint     ] Entering safepoint region: ICBufferFull
[2023-10-01T16:39:54.980+0000][8.317s][info ][safepoint     ] Leaving safepoint region
[2023-10-01T16:39:54.980+0000][8.317s][info ][safepoint     ] Total time for which application threads were stopped: 0.0012181 seconds, Stopping threads took: 0.0004863 seconds
[2023-10-01T16:39:55.062+0000][8.398s][debug][safepoint     ] Safepoint synchronization initiated. (11 threads)
[2023-10-01T16:39:55.062+0000][8.399s][info ][safepoint     ] Application time: 0.0813638 seconds
[2023-10-01T16:39:55.063+0000][8.400s][info ][safepoint     ] Entering safepoint region: G1CollectForAllocation
[2023-10-01T16:39:55.064+0000][8.400s][info ][gc,start      ] GC(15) Pause Young (Normal) (G1 Evacuation Pause)
[2023-10-01T16:39:55.064+0000][8.401s][info ][gc,task       ] GC(15) Using 5 workers of 8 for evacuation
[2023-10-01T16:39:55.072+0000][8.409s][info ][gc,phases     ] GC(15)   Pre Evacuate Collection Set: 0.0ms
[2023-10-01T16:39:55.073+0000][8.410s][info ][gc,phases     ] GC(15)   Evacuate Collection Set: 5.6ms
[2023-10-01T16:39:55.074+0000][8.410s][info ][gc,phases     ] GC(15)   Post Evacuate Collection Set: 2.0ms
[2023-10-01T16:39:55.074+0000][8.411s][info ][gc,phases     ] GC(15)   Other: 1.2ms
[2023-10-01T16:39:55.075+0000][8.411s][info ][gc,heap       ] GC(15) Eden regions: 126->0(126)
[2023-10-01T16:39:55.075+0000][8.412s][info ][gc,heap       ] GC(15) Survivor regions: 6->6(17)
[2023-10-01T16:39:55.075+0000][8.412s][info ][gc,heap       ] GC(15) Old regions: 15->15
[2023-10-01T16:39:55.076+0000][8.413s][info ][gc,heap       ] GC(15) Humongous regions: 0->0
[2023-10-01T16:39:55.076+0000][8.413s][info ][gc,metaspace  ] GC(15) Metaspace: 26246K(27392K)->26246K(27392K) NonClass: 23035K(23808K)->23035K(23808K) Class: 3210K(3584K)->3210K(3584K)
[2023-10-01T16:39:55.077+0000][8.414s][info ][gc            ] GC(15) Pause Young (Normal) (G1 Evacuation Pause) 144M->19M(220M) 13.365ms
[2023-10-01T16:39:55.077+0000][8.414s][info ][gc,cpu        ] GC(15) User=0.03s Sys=0.00s Real=0.02s
[2023-10-01T16:39:55.078+0000][8.414s][info ][safepoint     ] Leaving safepoint region
[2023-10-01T16:39:55.078+0000][8.415s][info ][safepoint     ] Total time for which application threads were stopped: 0.0154170 seconds, Stopping threads took: 0.0005036 seconds
[2023-10-01T16:39:55.079+0000][8.415s][info ][gc,stringdedup] Concurrent String Deduplication (8.415s)
[2023-10-01T16:39:55.079+0000][8.416s][info ][gc,stringdedup] Concurrent String Deduplication 29760.0B->2848.0B(26912.0B) avg 38.2% (8.415s, 8.416s) 0.715ms
[2023-10-01T16:39:55.514+0000][8.851s][debug][safepoint     ] Safepoint synchronization initiated. (11 threads)
[2023-10-01T16:39:55.515+0000][8.851s][info ][safepoint     ] Application time: 0.4360218 seconds
[2023-10-01T16:39:55.515+0000][8.852s][info ][safepoint     ] Entering safepoint region: ICBufferFull
[2023-10-01T16:39:55.516+0000][8.853s][info ][safepoint     ] Leaving safepoint region
[2023-10-01T16:39:55.516+0000][8.853s][info ][safepoint     ] Total time for which application threads were stopped: 0.0011326 seconds, Stopping threads took: 0.0004671 seconds
[2023-10-01T16:39:55.622+0000][8.958s][debug][safepoint     ] Safepoint synchronization initiated. (11 threads)
[2023-10-01T16:39:55.622+0000][8.959s][info ][safepoint     ] Application time: 0.1054746 seconds
[2023-10-01T16:39:55.623+0000][8.959s][debug][safepoint     ] Waiting for 1 thread(s) to block
[2023-10-01T16:39:55.623+0000][8.960s][info ][safepoint     ] Entering safepoint region: ICBufferFull
[2023-10-01T16:39:55.624+0000][8.961s][info ][safepoint     ] Leaving safepoint region
[2023-10-01T16:39:55.624+0000][8.961s][info ][safepoint     ] Total time for which application threads were stopped: 0.0016179 seconds, Stopping threads took: 0.0009443 seconds
[2023-10-01T16:39:55.683+0000][9.020s][debug][safepoint     ] Safepoint synchronization initiated. (11 threads)
[2023-10-01T16:39:55.684+0000][9.020s][info ][safepoint     ] Application time: 0.0590283 seconds
[2023-10-01T16:39:55.684+0000][9.021s][info ][safepoint     ] Entering safepoint region: G1CollectForAllocation
[2023-10-01T16:39:55.685+0000][9.021s][info ][gc,start      ] GC(16) Pause Young (Normal) (G1 Evacuation Pause)
[2023-10-01T16:39:55.685+0000][9.022s][info ][gc,task       ] GC(16) Using 5 workers of 8 for evacuation
[2023-10-01T16:39:55.693+0000][9.029s][info ][gc,phases     ] GC(16)   Pre Evacuate Collection Set: 0.0ms
[2023-10-01T16:39:55.693+0000][9.030s][info ][gc,phases     ] GC(16)   Evacuate Collection Set: 5.4ms
[2023-10-01T16:39:55.694+0000][9.030s][info ][gc,phases     ] GC(16)   Post Evacuate Collection Set: 1.5ms
[2023-10-01T16:39:55.694+0000][9.031s][info ][gc,phases     ] GC(16)   Other: 1.0ms
[2023-10-01T16:39:55.694+0000][9.031s][info ][gc,heap       ] GC(16) Eden regions: 126->0(125)
[2023-10-01T16:39:55.695+0000][9.031s][info ][gc,heap       ] GC(16) Survivor regions: 6->7(17)
[2023-10-01T16:39:55.695+0000][9.032s][info ][gc,heap       ] GC(16) Old regions: 15->15
[2023-10-01T16:39:55.695+0000][9.032s][info ][gc,heap       ] GC(16) Humongous regions: 0->0
[2023-10-01T16:39:55.696+0000][9.033s][info ][gc,metaspace  ] GC(16) Metaspace: 28510K(29440K)->28510K(29440K) NonClass: 25023K(25600K)->25023K(25600K) Class: 3487K(3840K)->3487K(3840K)
[2023-10-01T16:39:55.697+0000][9.033s][info ][gc            ] GC(16) Pause Young (Normal) (G1 Evacuation Pause) 145M->19M(220M) 11.832ms
[2023-10-01T16:39:55.697+0000][9.034s][info ][gc,cpu        ] GC(16) User=0.05s Sys=0.00s Real=0.02s
[2023-10-01T16:39:55.697+0000][9.034s][info ][safepoint     ] Leaving safepoint region
[2023-10-01T16:39:55.698+0000][9.034s][info ][safepoint     ] Total time for which application threads were stopped: 0.0135691 seconds, Stopping threads took: 0.0004267 seconds
[2023-10-01T16:39:55.698+0000][9.035s][info ][gc,stringdedup] Concurrent String Deduplication (9.035s)
[2023-10-01T16:39:55.699+0000][9.035s][info ][gc,stringdedup] Concurrent String Deduplication 11552.0B->0.0B(11552.0B) avg 38.3% (9.035s, 9.035s) 0.545ms
[2023-10-01T16:39:55.859+0000][9.196s][debug][safepoint     ] Safepoint synchronization initiated. (11 threads)
[2023-10-01T16:39:55.860+0000][9.196s][info ][safepoint     ] Application time: 0.1615856 seconds
[2023-10-01T16:39:55.860+0000][9.197s][info ][safepoint     ] Entering safepoint region: Deoptimize
[2023-10-01T16:39:55.861+0000][9.198s][info ][safepoint     ] Leaving safepoint region
[2023-10-01T16:39:55.862+0000][9.198s][info ][safepoint     ] Total time for which application threads were stopped: 0.0015654 seconds, Stopping threads took: 0.0003962 seconds
[2023-10-01T16:39:56.195+0000][9.531s][debug][safepoint     ] Safepoint synchronization initiated. (11 threads)
[2023-10-01T16:39:56.195+0000][9.532s][info ][safepoint     ] Application time: 0.3330295 seconds
[2023-10-01T16:39:56.196+0000][9.533s][info ][safepoint     ] Entering safepoint region: G1CollectForAllocation
[2023-10-01T16:39:56.197+0000][9.533s][info ][gc,start      ] GC(17) Pause Young (Normal) (G1 Evacuation Pause)
[2023-10-01T16:39:56.197+0000][9.534s][info ][gc,task       ] GC(17) Using 5 workers of 8 for evacuation
[2023-10-01T16:39:56.207+0000][9.543s][info ][gc,phases     ] GC(17)   Pre Evacuate Collection Set: 0.0ms
[2023-10-01T16:39:56.207+0000][9.544s][info ][gc,phases     ] GC(17)   Evacuate Collection Set: 7.2ms
[2023-10-01T16:39:56.208+0000][9.544s][info ][gc,phases     ] GC(17)   Post Evacuate Collection Set: 1.6ms
[2023-10-01T16:39:56.208+0000][9.545s][info ][gc,phases     ] GC(17)   Other: 1.1ms
[2023-10-01T16:39:56.209+0000][9.545s][info ][gc,heap       ] GC(17) Eden regions: 125->0(124)
[2023-10-01T16:39:56.209+0000][9.546s][info ][gc,heap       ] GC(17) Survivor regions: 7->8(17)
[2023-10-01T16:39:56.210+0000][9.546s][info ][gc,heap       ] GC(17) Old regions: 15->15
[2023-10-01T16:39:56.210+0000][9.547s][info ][gc,heap       ] GC(17) Humongous regions: 0->0
[2023-10-01T16:39:56.211+0000][9.547s][info ][gc,metaspace  ] GC(17) Metaspace: 28999K(30080K)->28999K(30080K) NonClass: 25443K(26112K)->25443K(26112K) Class: 3555K(3968K)->3555K(3968K)
[2023-10-01T16:39:56.211+0000][9.548s][info ][gc            ] GC(17) Pause Young (Normal) (G1 Evacuation Pause) 144M->21M(220M) 14.432ms
[2023-10-01T16:39:56.211+0000][9.548s][info ][gc,cpu        ] GC(17) User=0.06s Sys=0.00s Real=0.01s
[2023-10-01T16:39:56.212+0000][9.549s][info ][safepoint     ] Leaving safepoint region
[2023-10-01T16:39:56.213+0000][9.549s][info ][safepoint     ] Total time for which application threads were stopped: 0.0166935 seconds, Stopping threads took: 0.0004894 seconds
[2023-10-01T16:39:56.216+0000][9.552s][info ][gc,stringdedup] Concurrent String Deduplication (9.552s)
[2023-10-01T16:39:56.218+0000][9.554s][info ][gc,stringdedup] Concurrent String Deduplication 298.6K->14776.0B(284.2K) avg 41.4% (9.552s, 9.554s) 1.992ms
[2023-10-01T16:39:56.636+0000][9.973s][debug][safepoint     ] Safepoint synchronization initiated. (11 threads)
[2023-10-01T16:39:56.637+0000][9.974s][info ][safepoint     ] Application time: 0.4238023 seconds
[2023-10-01T16:39:56.638+0000][9.974s][info ][safepoint     ] Entering safepoint region: Deoptimize
[2023-10-01T16:39:56.640+0000][9.976s][info ][safepoint     ] Leaving safepoint region
[2023-10-01T16:39:56.640+0000][9.977s][info ][safepoint     ] Total time for which application threads were stopped: 0.0027040 seconds, Stopping threads took: 0.0010512 seconds
[2023-10-01T16:39:56.670+0000][10.007s][debug][safepoint     ] Safepoint synchronization initiated. (11 threads)
[2023-10-01T16:39:56.671+0000][10.008s][info ][safepoint     ] Application time: 0.0300280 seconds
[2023-10-01T16:39:56.672+0000][10.008s][info ][safepoint     ] Entering safepoint region: Deoptimize
[2023-10-01T16:39:56.674+0000][10.010s][info ][safepoint     ] Leaving safepoint region
[2023-10-01T16:39:56.674+0000][10.011s][info ][safepoint     ] Total time for which application threads were stopped: 0.0027469 seconds, Stopping threads took: 0.0012401 seconds
[2023-10-01T16:39:56.713+0000][10.050s][debug][safepoint     ] Safepoint synchronization initiated. (11 threads)
[2023-10-01T16:39:56.714+0000][10.050s][info ][safepoint     ] Application time: 0.0387373 seconds
[2023-10-01T16:39:56.714+0000][10.051s][info ][safepoint     ] Entering safepoint region: Deoptimize
[2023-10-01T16:39:56.716+0000][10.052s][info ][safepoint     ] Leaving safepoint region
[2023-10-01T16:39:56.716+0000][10.053s][info ][safepoint     ] Total time for which application threads were stopped: 0.0018464 seconds, Stopping threads took: 0.0006198 seconds
[2023-10-01T16:39:56.796+0000][10.133s][debug][safepoint     ] Safepoint synchronization initiated. (11 threads)
[2023-10-01T16:39:56.797+0000][10.133s][info ][safepoint     ] Application time: 0.0799324 seconds
[2023-10-01T16:39:56.797+0000][10.134s][info ][safepoint     ] Entering safepoint region: Deoptimize
[2023-10-01T16:39:56.798+0000][10.135s][info ][safepoint     ] Leaving safepoint region
[2023-10-01T16:39:56.799+0000][10.135s][info ][safepoint     ] Total time for which application threads were stopped: 0.0016725 seconds, Stopping threads took: 0.0005209 seconds
[2023-10-01T16:39:56.981+0000][10.318s][debug][safepoint     ] Safepoint synchronization initiated. (9 threads)
[2023-10-01T16:39:56.982+0000][10.319s][info ][safepoint     ] Application time: 0.1827844 seconds
[2023-10-01T16:39:56.983+0000][10.319s][info ][safepoint     ] Entering safepoint region: G1CollectForAllocation
[2023-10-01T16:39:56.984+0000][10.320s][info ][gc,start      ] GC(18) Pause Young (Normal) (G1 Evacuation Pause)
[2023-10-01T16:39:56.984+0000][10.321s][info ][gc,task       ] GC(18) Using 5 workers of 8 for evacuation
[2023-10-01T16:39:56.994+0000][10.330s][info ][gc,phases     ] GC(18)   Pre Evacuate Collection Set: 0.0ms
[2023-10-01T16:39:56.994+0000][10.331s][info ][gc,phases     ] GC(18)   Evacuate Collection Set: 6.6ms
[2023-10-01T16:39:56.995+0000][10.332s][info ][gc,phases     ] GC(18)   Post Evacuate Collection Set: 2.0ms
[2023-10-01T16:39:56.995+0000][10.332s][info ][gc,phases     ] GC(18)   Other: 1.3ms
[2023-10-01T16:39:56.996+0000][10.333s][info ][gc,heap       ] GC(18) Eden regions: 124->0(125)
[2023-10-01T16:39:56.996+0000][10.333s][info ][gc,heap       ] GC(18) Survivor regions: 8->7(17)
[2023-10-01T16:39:56.997+0000][10.334s][info ][gc,heap       ] GC(18) Old regions: 15->16
[2023-10-01T16:39:56.997+0000][10.334s][info ][gc,heap       ] GC(18) Humongous regions: 0->0
[2023-10-01T16:39:56.998+0000][10.335s][info ][gc,metaspace  ] GC(18) Metaspace: 30237K(31232K)->30237K(31232K) NonClass: 26504K(27136K)->26504K(27136K) Class: 3733K(4096K)->3733K(4096K)
[2023-10-01T16:39:56.999+0000][10.335s][info ][gc            ] GC(18) Pause Young (Normal) (G1 Evacuation Pause) 145M->21M(220M) 14.835ms
[2023-10-01T16:39:56.999+0000][10.336s][info ][gc,cpu        ] GC(18) User=0.04s Sys=0.00s Real=0.02s
[2023-10-01T16:39:57.000+0000][10.336s][info ][safepoint     ] Leaving safepoint region
[2023-10-01T16:39:57.000+0000][10.337s][info ][safepoint     ] Total time for which application threads were stopped: 0.0173024 seconds, Stopping threads took: 0.0007628 seconds
[2023-10-01T16:39:57.001+0000][10.337s][info ][gc,stringdedup] Concurrent String Deduplication (10.337s)
[2023-10-01T16:39:57.003+0000][10.339s][info ][gc,stringdedup] Concurrent String Deduplication 199.8K->92224.0B(109.7K) avg 41.9% (10.337s, 10.339s) 2.148ms
[2023-10-01T16:39:57.276+0000][10.613s][debug][safepoint     ] Safepoint synchronization initiated. (9 threads)
[2023-10-01T16:39:57.277+0000][10.613s][info ][safepoint     ] Application time: 0.2761218 seconds
[2023-10-01T16:39:57.277+0000][10.614s][info ][safepoint     ] Entering safepoint region: Deoptimize
[2023-10-01T16:39:57.278+0000][10.615s][info ][safepoint     ] Leaving safepoint region
[2023-10-01T16:39:57.279+0000][10.616s][info ][safepoint     ] Total time for which application threads were stopped: 0.0017946 seconds, Stopping threads took: 0.0004746 seconds
[2023-10-01T16:39:57.689+0000][11.026s][debug][safepoint     ] Safepoint synchronization initiated. (9 threads)
[2023-10-01T16:39:57.690+0000][11.026s][info ][safepoint     ] Application time: 0.4100858 seconds
[2023-10-01T16:39:57.690+0000][11.027s][info ][safepoint     ] Entering safepoint region: G1CollectForAllocation
[2023-10-01T16:39:57.691+0000][11.027s][info ][gc,start      ] GC(19) Pause Young (Normal) (G1 Evacuation Pause)
[2023-10-01T16:39:57.692+0000][11.028s][info ][gc,task       ] GC(19) Using 5 workers of 8 for evacuation
[2023-10-01T16:39:57.701+0000][11.038s][info ][gc,phases     ] GC(19)   Pre Evacuate Collection Set: 0.0ms
[2023-10-01T16:39:57.702+0000][11.038s][info ][gc,phases     ] GC(19)   Evacuate Collection Set: 7.4ms
[2023-10-01T16:39:57.702+0000][11.039s][info ][gc,phases     ] GC(19)   Post Evacuate Collection Set: 1.4ms
[2023-10-01T16:39:57.703+0000][11.039s][info ][gc,phases     ] GC(19)   Other: 1.5ms
[2023-10-01T16:39:57.703+0000][11.040s][info ][gc,heap       ] GC(19) Eden regions: 125->0(125)
[2023-10-01T16:39:57.704+0000][11.041s][info ][gc,heap       ] GC(19) Survivor regions: 7->7(17)
[2023-10-01T16:39:57.704+0000][11.041s][info ][gc,heap       ] GC(19) Old regions: 16->17
[2023-10-01T16:39:57.705+0000][11.042s][info ][gc,heap       ] GC(19) Humongous regions: 0->0
[2023-10-01T16:39:57.705+0000][11.042s][info ][gc,metaspace  ] GC(19) Metaspace: 32167K(33280K)->32167K(33280K) NonClass: 28160K(28928K)->28160K(28928K) Class: 4007K(4352K)->4007K(4352K)
[2023-10-01T16:39:57.706+0000][11.043s][info ][gc            ] GC(19) Pause Young (Normal) (G1 Evacuation Pause) 146M->21M(220M) 15.066ms
[2023-10-01T16:39:57.706+0000][11.043s][info ][gc,cpu        ] GC(19) User=0.04s Sys=0.00s Real=0.02s
[2023-10-01T16:39:57.707+0000][11.044s][info ][safepoint     ] Leaving safepoint region
[2023-10-01T16:39:57.708+0000][11.044s][info ][safepoint     ] Total time for which application threads were stopped: 0.0176102 seconds, Stopping threads took: 0.0004433 seconds
[2023-10-01T16:39:57.708+0000][11.045s][info ][gc,stringdedup] Concurrent String Deduplication (11.045s)
[2023-10-01T16:39:57.712+0000][11.049s][info ][gc,stringdedup] Concurrent String Deduplication 276.4K->145.5K(130.9K) avg 42.2% (11.045s, 11.049s) 3.582ms
[2023-10-01T16:39:57.925+0000][11.262s][debug][safepoint     ] Safepoint synchronization initiated. (9 threads)
[2023-10-01T16:39:57.926+0000][11.263s][info ][safepoint     ] Application time: 0.2179151 seconds
[2023-10-01T16:39:57.927+0000][11.263s][info ][safepoint     ] Entering safepoint region: Deoptimize
[2023-10-01T16:39:57.928+0000][11.265s][info ][safepoint     ] Leaving safepoint region
[2023-10-01T16:39:57.929+0000][11.265s][info ][safepoint     ] Total time for which application threads were stopped: 0.0019648 seconds, Stopping threads took: 0.0005463 seconds
[2023-10-01T16:39:58.240+0000][11.577s][debug][safepoint     ] Safepoint synchronization initiated. (10 threads)
[2023-10-01T16:39:58.241+0000][11.577s][info ][safepoint     ] Application time: 0.3113054 seconds
[2023-10-01T16:39:58.241+0000][11.578s][info ][safepoint     ] Entering safepoint region: G1CollectForAllocation
[2023-10-01T16:39:58.242+0000][11.579s][info ][gc,start      ] GC(20) Pause Young (Normal) (G1 Evacuation Pause)
[2023-10-01T16:39:58.243+0000][11.580s][info ][gc,task       ] GC(20) Using 5 workers of 8 for evacuation
[2023-10-01T16:39:58.253+0000][11.590s][info ][gc,phases     ] GC(20)   Pre Evacuate Collection Set: 0.0ms
[2023-10-01T16:39:58.254+0000][11.591s][info ][gc,phases     ] GC(20)   Evacuate Collection Set: 7.3ms
[2023-10-01T16:39:58.255+0000][11.591s][info ][gc,phases     ] GC(20)   Post Evacuate Collection Set: 2.3ms
[2023-10-01T16:39:58.255+0000][11.592s][info ][gc,phases     ] GC(20)   Other: 2.0ms
[2023-10-01T16:39:58.256+0000][11.592s][info ][gc,heap       ] GC(20) Eden regions: 125->0(125)
[2023-10-01T16:39:58.256+0000][11.593s][info ][gc,heap       ] GC(20) Survivor regions: 7->7(17)
[2023-10-01T16:39:58.257+0000][11.593s][info ][gc,heap       ] GC(20) Old regions: 17->18
[2023-10-01T16:39:58.257+0000][11.594s][info ][gc,heap       ] GC(20) Humongous regions: 0->0
[2023-10-01T16:39:58.258+0000][11.594s][info ][gc,metaspace  ] GC(20) Metaspace: 33646K(34816K)->33646K(34816K) NonClass: 29481K(30208K)->29481K(30208K) Class: 4165K(4608K)->4165K(4608K)
[2023-10-01T16:39:58.258+0000][11.595s][info ][gc            ] GC(20) Pause Young (Normal) (G1 Evacuation Pause) 146M->22M(220M) 16.158ms
[2023-10-01T16:39:58.258+0000][11.595s][info ][gc,cpu        ] GC(20) User=0.07s Sys=0.00s Real=0.02s
[2023-10-01T16:39:58.259+0000][11.596s][info ][safepoint     ] Leaving safepoint region
[2023-10-01T16:39:58.260+0000][11.597s][info ][safepoint     ] Total time for which application threads were stopped: 0.0188645 seconds, Stopping threads took: 0.0004920 seconds
[2023-10-01T16:39:58.261+0000][11.597s][info ][gc,stringdedup] Concurrent String Deduplication (11.597s)
[2023-10-01T16:39:58.262+0000][11.599s][info ][gc,stringdedup] Concurrent String Deduplication 204.4K->99528.0B(107.2K) avg 42.5% (11.597s, 11.599s) 1.826ms
[2023-10-01T16:39:58.482+0000][11.819s][debug][safepoint     ] Safepoint synchronization initiated. (11 threads)
[2023-10-01T16:39:58.483+0000][11.820s][info ][safepoint     ] Application time: 0.2223580 seconds
[2023-10-01T16:39:58.483+0000][11.820s][info ][safepoint     ] Entering safepoint region: CollectForMetadataAllocation
[2023-10-01T16:39:58.484+0000][11.821s][info ][gc,start      ] GC(21) Pause Young (Concurrent Start) (Metadata GC Threshold)
[2023-10-01T16:39:58.485+0000][11.821s][info ][gc,task       ] GC(21) Using 5 workers of 8 for evacuation
[2023-10-01T16:39:58.496+0000][11.832s][info ][gc,phases     ] GC(21)   Pre Evacuate Collection Set: 0.1ms
[2023-10-01T16:39:58.496+0000][11.833s][info ][gc,phases     ] GC(21)   Evacuate Collection Set: 8.3ms
[2023-10-01T16:39:58.497+0000][11.833s][info ][gc,phases     ] GC(21)   Post Evacuate Collection Set: 1.9ms
[2023-10-01T16:39:58.497+0000][11.834s][info ][gc,phases     ] GC(21)   Other: 1.4ms
[2023-10-01T16:39:58.498+0000][11.834s][info ][gc,heap       ] GC(21) Eden regions: 46->0(151)
[2023-10-01T16:39:58.498+0000][11.835s][info ][gc,heap       ] GC(21) Survivor regions: 7->7(17)
[2023-10-01T16:39:58.498+0000][11.835s][info ][gc,heap       ] GC(21) Old regions: 18->19
[2023-10-01T16:39:58.499+0000][11.835s][info ][gc,heap       ] GC(21) Humongous regions: 0->0
[2023-10-01T16:39:58.499+0000][11.836s][info ][gc,metaspace  ] GC(21) Metaspace: 34505K(35628K)->34505K(35628K) NonClass: 30229K(30892K)->30229K(30892K) Class: 4275K(4736K)->4275K(4736K)
[2023-10-01T16:39:58.500+0000][11.836s][info ][gc            ] GC(21) Pause Young (Concurrent Start) (Metadata GC Threshold) 68M->23M(264M) 15.552ms
[2023-10-01T16:39:58.500+0000][11.837s][info ][gc,cpu        ] GC(21) User=0.05s Sys=0.00s Real=0.02s
[2023-10-01T16:39:58.501+0000][11.837s][info ][gc            ] GC(22) Concurrent Cycle
[2023-10-01T16:39:58.501+0000][11.837s][info ][safepoint     ] Leaving safepoint region
[2023-10-01T16:39:58.501+0000][11.838s][info ][safepoint     ] Total time for which application threads were stopped: 0.0180368 seconds, Stopping threads took: 0.0004951 seconds
[2023-10-01T16:39:58.501+0000][11.838s][info ][gc,marking    ] GC(22) Concurrent Clear Claimed Marks
[2023-10-01T16:39:58.502+0000][11.839s][info ][gc,stringdedup] Concurrent String Deduplication (11.839s)
[2023-10-01T16:39:58.503+0000][11.839s][info ][gc,marking    ] GC(22) Concurrent Clear Claimed Marks 1.717ms
[2023-10-01T16:39:58.503+0000][11.840s][info ][gc,marking    ] GC(22) Concurrent Scan Root Regions
[2023-10-01T16:39:58.504+0000][11.840s][info ][gc,stringdedup] Concurrent String Deduplication 77472.0B->23976.0B(53496.0B) avg 42.8% (11.839s, 11.840s) 1.848ms
[2023-10-01T16:39:58.507+0000][11.844s][info ][gc,marking    ] GC(22) Concurrent Scan Root Regions 3.940ms
[2023-10-01T16:39:58.509+0000][11.845s][info ][gc,marking    ] GC(22) Concurrent Mark (11.845s)
[2023-10-01T16:39:58.509+0000][11.846s][info ][gc,marking    ] GC(22) Concurrent Mark From Roots
[2023-10-01T16:39:58.510+0000][11.847s][info ][gc,task       ] GC(22) Using 2 workers of 2 for marking
[2023-10-01T16:39:58.534+0000][11.870s][info ][gc,marking    ] GC(22) Concurrent Mark From Roots 24.566ms
[2023-10-01T16:39:58.534+0000][11.871s][info ][gc,marking    ] GC(22) Concurrent Preclean
[2023-10-01T16:39:58.535+0000][11.872s][info ][gc,marking    ] GC(22) Concurrent Preclean 0.527ms
[2023-10-01T16:39:58.535+0000][11.872s][info ][gc,marking    ] GC(22) Concurrent Mark (11.845s, 11.872s) 26.734ms
[2023-10-01T16:39:58.536+0000][11.873s][debug][safepoint     ] Safepoint synchronization initiated. (11 threads)
[2023-10-01T16:39:58.537+0000][11.873s][info ][safepoint     ] Application time: 0.0348048 seconds
[2023-10-01T16:39:58.537+0000][11.874s][debug][safepoint     ] Waiting for 1 thread(s) to block
[2023-10-01T16:39:58.538+0000][11.875s][info ][safepoint     ] Entering safepoint region: CGC_Operation
[2023-10-01T16:39:58.538+0000][11.875s][info ][gc,start      ] GC(22) Pause Remark
[2023-10-01T16:39:58.544+0000][11.881s][info ][gc,stringtable] GC(22) Cleaned string and symbol table, strings: 12370 processed, 23 removed, symbols: 109706 processed, 336 removed
[2023-10-01T16:39:58.545+0000][11.882s][info ][gc            ] GC(22) Pause Remark 28M->28M(264M) 6.433ms
[2023-10-01T16:39:58.545+0000][11.882s][info ][gc,cpu        ] GC(22) User=0.02s Sys=0.00s Real=0.00s
[2023-10-01T16:39:58.546+0000][11.882s][info ][safepoint     ] Leaving safepoint region
[2023-10-01T16:39:58.546+0000][11.883s][info ][safepoint     ] Total time for which application threads were stopped: 0.0089901 seconds, Stopping threads took: 0.0012487 seconds
[2023-10-01T16:39:58.547+0000][11.883s][info ][gc,marking    ] GC(22) Concurrent Rebuild Remembered Sets
[2023-10-01T16:39:58.561+0000][11.897s][info ][gc,marking    ] GC(22) Concurrent Rebuild Remembered Sets 14.185ms
[2023-10-01T16:39:58.562+0000][11.898s][debug][safepoint     ] Safepoint synchronization initiated. (11 threads)
[2023-10-01T16:39:58.562+0000][11.899s][info ][safepoint     ] Application time: 0.0157181 seconds
[2023-10-01T16:39:58.563+0000][11.899s][info ][safepoint     ] Entering safepoint region: CGC_Operation
[2023-10-01T16:39:58.563+0000][11.900s][info ][gc,start      ] GC(22) Pause Cleanup
[2023-10-01T16:39:58.564+0000][11.901s][info ][gc            ] GC(22) Pause Cleanup 30M->30M(264M) 0.832ms
[2023-10-01T16:39:58.565+0000][11.901s][info ][gc,cpu        ] GC(22) User=0.01s Sys=0.00s Real=0.00s
[2023-10-01T16:39:58.565+0000][11.902s][info ][safepoint     ] Leaving safepoint region
[2023-10-01T16:39:58.566+0000][11.902s][info ][safepoint     ] Total time for which application threads were stopped: 0.0029985 seconds, Stopping threads took: 0.0006034 seconds
[2023-10-01T16:39:58.566+0000][11.903s][info ][gc,marking    ] GC(22) Concurrent Cleanup for Next Mark
[2023-10-01T16:39:58.571+0000][11.907s][info ][gc,marking    ] GC(22) Concurrent Cleanup for Next Mark 4.561ms
[2023-10-01T16:39:58.571+0000][11.908s][info ][gc            ] GC(22) Concurrent Cycle 70.933ms
[2023-10-01T16:39:59.550+0000][12.886s][debug][safepoint     ] Safepoint synchronization initiated. (11 threads)
[2023-10-01T16:39:59.551+0000][12.887s][info ][safepoint     ] Application time: 0.9843672 seconds
[2023-10-01T16:39:59.551+0000][12.888s][info ][safepoint     ] Entering safepoint region: G1CollectForAllocation
[2023-10-01T16:39:59.552+0000][12.888s][info ][gc,start      ] GC(23) Pause Young (Normal) (G1 Evacuation Pause)
[2023-10-01T16:39:59.553+0000][12.889s][info ][gc,task       ] GC(23) Using 6 workers of 8 for evacuation
[2023-10-01T16:39:59.561+0000][12.897s][info ][gc,phases     ] GC(23)   Pre Evacuate Collection Set: 0.0ms
[2023-10-01T16:39:59.561+0000][12.898s][info ][gc,phases     ] GC(23)   Evacuate Collection Set: 6.1ms
[2023-10-01T16:39:59.562+0000][12.899s][info ][gc,phases     ] GC(23)   Post Evacuate Collection Set: 1.4ms
[2023-10-01T16:39:59.563+0000][12.899s][info ][gc,phases     ] GC(23)   Other: 1.5ms
[2023-10-01T16:39:59.563+0000][12.900s][info ][gc,heap       ] GC(23) Eden regions: 151->0(151)
[2023-10-01T16:39:59.564+0000][12.900s][info ][gc,heap       ] GC(23) Survivor regions: 7->7(20)
[2023-10-01T16:39:59.564+0000][12.901s][info ][gc,heap       ] GC(23) Old regions: 19->19
[2023-10-01T16:39:59.565+0000][12.901s][info ][gc,heap       ] GC(23) Humongous regions: 0->0
[2023-10-01T16:39:59.565+0000][12.902s][info ][gc,metaspace  ] GC(23) Metaspace: 36457K(37676K)->36457K(37676K) NonClass: 31889K(32684K)->31889K(32684K) Class: 4568K(4992K)->4568K(4992K)
[2023-10-01T16:39:59.566+0000][12.902s][info ][gc            ] GC(23) Pause Young (Normal) (G1 Evacuation Pause) 174M->24M(264M) 13.992ms
[2023-10-01T16:39:59.566+0000][12.903s][info ][gc,cpu        ] GC(23) User=0.05s Sys=0.00s Real=0.02s
[2023-10-01T16:39:59.567+0000][12.903s][info ][safepoint     ] Leaving safepoint region
[2023-10-01T16:39:59.567+0000][12.904s][info ][safepoint     ] Total time for which application threads were stopped: 0.0161298 seconds, Stopping threads took: 0.0004566 seconds
[2023-10-01T16:39:59.568+0000][12.904s][info ][gc,stringdedup] Concurrent String Deduplication (12.904s)
[2023-10-01T16:39:59.569+0000][12.906s][info ][gc,stringdedup] Concurrent String Deduplication 202.3K->37800.0B(165.4K) avg 44.1% (12.904s, 12.906s) 1.657ms
[2023-10-01T16:39:59.805+0000][13.142s][debug][safepoint     ] Safepoint synchronization initiated. (11 threads)
[2023-10-01T16:39:59.806+0000][13.143s][info ][safepoint     ] Application time: 0.2383345 seconds
[2023-10-01T16:39:59.807+0000][13.143s][info ][safepoint     ] Entering safepoint region: Deoptimize
[2023-10-01T16:39:59.808+0000][13.145s][info ][safepoint     ] Leaving safepoint region
[2023-10-01T16:39:59.809+0000][13.146s][info ][safepoint     ] Total time for which application threads were stopped: 0.0022747 seconds, Stopping threads took: 0.0006870 seconds
[2023-10-01T16:39:59.853+0000][13.190s][debug][safepoint     ] Safepoint synchronization initiated. (11 threads)
[2023-10-01T16:39:59.854+0000][13.191s][info ][safepoint     ] Application time: 0.0445624 seconds
[2023-10-01T16:39:59.855+0000][13.191s][info ][safepoint     ] Entering safepoint region: Deoptimize
[2023-10-01T16:39:59.856+0000][13.193s][info ][safepoint     ] Leaving safepoint region
[2023-10-01T16:39:59.857+0000][13.194s][info ][safepoint     ] Total time for which application threads were stopped: 0.0021755 seconds, Stopping threads took: 0.0007163 seconds
[2023-10-01T16:40:00.150+0000][13.486s][debug][safepoint     ] Safepoint synchronization initiated. (10 threads)
[2023-10-01T16:40:00.150+0000][13.487s][info ][safepoint     ] Application time: 0.2925063 seconds
[2023-10-01T16:40:00.151+0000][13.487s][info ][safepoint     ] Entering safepoint region: Deoptimize
[2023-10-01T16:40:00.152+0000][13.488s][info ][safepoint     ] Leaving safepoint region
[2023-10-01T16:40:00.152+0000][13.489s][info ][safepoint     ] Total time for which application threads were stopped: 0.0017522 seconds, Stopping threads took: 0.0004223 seconds
[2023-10-01T16:40:00.155+0000][13.492s][debug][safepoint     ] Safepoint synchronization initiated. (10 threads)
[2023-10-01T16:40:00.155+0000][13.492s][info ][safepoint     ] Application time: 0.0024848 seconds
[2023-10-01T16:40:00.156+0000][13.492s][info ][safepoint     ] Entering safepoint region: Deoptimize
[2023-10-01T16:40:00.157+0000][13.494s][info ][safepoint     ] Leaving safepoint region
[2023-10-01T16:40:00.158+0000][13.494s][info ][safepoint     ] Total time for which application threads were stopped: 0.0018662 seconds, Stopping threads took: 0.0005448 seconds
[2023-10-01T16:40:00.273+0000][13.609s][debug][safepoint     ] Safepoint synchronization initiated. (11 threads)
[2023-10-01T16:40:00.274+0000][13.610s][info ][safepoint     ] Application time: 0.1156858 seconds
[2023-10-01T16:40:00.274+0000][13.611s][info ][safepoint     ] Entering safepoint region: Deoptimize
[2023-10-01T16:40:00.276+0000][13.612s][info ][safepoint     ] Leaving safepoint region
[2023-10-01T16:40:00.276+0000][13.613s][info ][safepoint     ] Total time for which application threads were stopped: 0.0020377 seconds, Stopping threads took: 0.0005779 seconds
[2023-10-01T16:40:00.655+0000][13.991s][debug][safepoint     ] Safepoint synchronization initiated. (11 threads)
[2023-10-01T16:40:00.656+0000][13.992s][info ][safepoint     ] Application time: 0.3786813 seconds
[2023-10-01T16:40:00.656+0000][13.993s][info ][safepoint     ] Entering safepoint region: G1CollectForAllocation
[2023-10-01T16:40:00.657+0000][13.994s][info ][gc,start      ] GC(24) Pause Young (Normal) (G1 Evacuation Pause)
[2023-10-01T16:40:00.657+0000][13.994s][info ][gc,task       ] GC(24) Using 6 workers of 8 for evacuation
[2023-10-01T16:40:00.669+0000][14.006s][info ][gc,phases     ] GC(24)   Pre Evacuate Collection Set: 0.0ms
[2023-10-01T16:40:00.670+0000][14.007s][info ][gc,phases     ] GC(24)   Evacuate Collection Set: 9.6ms
[2023-10-01T16:40:00.670+0000][14.007s][info ][gc,phases     ] GC(24)   Post Evacuate Collection Set: 1.7ms
[2023-10-01T16:40:00.671+0000][14.007s][info ][gc,phases     ] GC(24)   Other: 1.0ms
[2023-10-01T16:40:00.671+0000][14.008s][info ][gc,heap       ] GC(24) Eden regions: 151->0(148)
[2023-10-01T16:40:00.672+0000][14.008s][info ][gc,heap       ] GC(24) Survivor regions: 7->10(20)
[2023-10-01T16:40:00.672+0000][14.009s][info ][gc,heap       ] GC(24) Old regions: 19->19
[2023-10-01T16:40:00.673+0000][14.009s][info ][gc,heap       ] GC(24) Humongous regions: 0->0
[2023-10-01T16:40:00.673+0000][14.010s][info ][gc,metaspace  ] GC(24) Metaspace: 40694K(41900K)->40694K(41900K) NonClass: 35560K(36268K)->35560K(36268K) Class: 5134K(5632K)->5134K(5632K)
[2023-10-01T16:40:00.674+0000][14.010s][info ][gc            ] GC(24) Pause Young (Normal) (G1 Evacuation Pause) 175M->26M(264M) 16.690ms
[2023-10-01T16:40:00.674+0000][14.011s][info ][gc,cpu        ] GC(24) User=0.08s Sys=0.00s Real=0.01s
[2023-10-01T16:40:00.675+0000][14.011s][info ][safepoint     ] Leaving safepoint region
[2023-10-01T16:40:00.675+0000][14.012s][info ][safepoint     ] Total time for which application threads were stopped: 0.0188225 seconds, Stopping threads took: 0.0006350 seconds
[2023-10-01T16:40:00.675+0000][14.012s][info ][gc,stringdedup] Concurrent String Deduplication (14.012s)
[2023-10-01T16:40:00.677+0000][14.013s][info ][gc,stringdedup] Concurrent String Deduplication 45000.0B->16272.0B(28728.0B) avg 44.2% (14.012s, 14.013s) 1.260ms
[2023-10-01T16:40:00.757+0000][14.094s][debug][safepoint     ] Safepoint synchronization initiated. (11 threads)
[2023-10-01T16:40:00.758+0000][14.094s][info ][safepoint     ] Application time: 0.0823311 seconds
[2023-10-01T16:40:00.758+0000][14.095s][info ][safepoint     ] Entering safepoint region: Deoptimize
[2023-10-01T16:40:00.760+0000][14.096s][info ][safepoint     ] Leaving safepoint region
[2023-10-01T16:40:00.760+0000][14.097s][info ][safepoint     ] Total time for which application threads were stopped: 0.0018532 seconds, Stopping threads took: 0.0004708 seconds
[2023-10-01T16:40:00.761+0000][14.098s][debug][safepoint     ] Safepoint synchronization initiated. (11 threads)
[2023-10-01T16:40:00.762+0000][14.098s][info ][safepoint     ] Application time: 0.0013122 seconds
[2023-10-01T16:40:00.762+0000][14.099s][info ][safepoint     ] Entering safepoint region: Deoptimize
[2023-10-01T16:40:00.764+0000][14.101s][info ][safepoint     ] Leaving safepoint region
[2023-10-01T16:40:00.764+0000][14.101s][info ][safepoint     ] Total time for which application threads were stopped: 0.0020171 seconds, Stopping threads took: 0.0005916 seconds
[2023-10-01T16:40:01.080+0000][14.416s][debug][safepoint     ] Safepoint synchronization initiated. (11 threads)
[2023-10-01T16:40:01.080+0000][14.417s][info ][safepoint     ] Application time: 0.3153800 seconds
[2023-10-01T16:40:01.081+0000][14.418s][info ][safepoint     ] Entering safepoint region: Deoptimize
[2023-10-01T16:40:01.083+0000][14.419s][info ][safepoint     ] Leaving safepoint region
[2023-10-01T16:40:01.083+0000][14.420s][info ][safepoint     ] Total time for which application threads were stopped: 0.0021273 seconds, Stopping threads took: 0.0004748 seconds
[2023-10-01T16:40:01.195+0000][14.532s][debug][safepoint     ] Safepoint synchronization initiated. (11 threads)
[2023-10-01T16:40:01.196+0000][14.533s][info ][safepoint     ] Application time: 0.1125806 seconds
[2023-10-01T16:40:01.197+0000][14.534s][debug][safepoint     ] Waiting for 1 thread(s) to block
[2023-10-01T16:40:01.198+0000][14.534s][info ][safepoint     ] Entering safepoint region: ICBufferFull
[2023-10-01T16:40:01.198+0000][14.535s][info ][safepoint     ] Leaving safepoint region
[2023-10-01T16:40:01.199+0000][14.536s][info ][safepoint     ] Total time for which application threads were stopped: 0.0025193 seconds, Stopping threads took: 0.0011873 seconds
[2023-10-01T16:40:01.604+0000][14.941s][debug][safepoint     ] Safepoint synchronization initiated. (11 threads)
[2023-10-01T16:40:01.605+0000][14.942s][info ][safepoint     ] Application time: 0.4053547 seconds
[2023-10-01T16:40:01.606+0000][14.943s][info ][safepoint     ] Entering safepoint region: Deoptimize
[2023-10-01T16:40:01.607+0000][14.944s][info ][safepoint     ] Leaving safepoint region
[2023-10-01T16:40:01.608+0000][14.945s][info ][safepoint     ] Total time for which application threads were stopped: 0.0022395 seconds, Stopping threads took: 0.0006066 seconds
[2023-10-01T16:40:01.897+0000][15.233s][debug][safepoint     ] Safepoint synchronization initiated. (11 threads)
[2023-10-01T16:40:01.897+0000][15.234s][info ][safepoint     ] Application time: 0.2888517 seconds
[2023-10-01T16:40:01.898+0000][15.235s][info ][safepoint     ] Entering safepoint region: G1CollectForAllocation
[2023-10-01T16:40:01.899+0000][15.236s][info ][gc,start      ] GC(25) Pause Young (Normal) (G1 Evacuation Pause)
[2023-10-01T16:40:01.900+0000][15.236s][info ][gc,task       ] GC(25) Using 6 workers of 8 for evacuation
[2023-10-01T16:40:01.930+0000][15.267s][info ][gc,phases     ] GC(25)   Pre Evacuate Collection Set: 0.0ms
[2023-10-01T16:40:01.931+0000][15.267s][info ][gc,phases     ] GC(25)   Evacuate Collection Set: 24.7ms
[2023-10-01T16:40:01.931+0000][15.268s][info ][gc,phases     ] GC(25)   Post Evacuate Collection Set: 4.9ms
[2023-10-01T16:40:01.932+0000][15.269s][info ][gc,phases     ] GC(25)   Other: 1.4ms
[2023-10-01T16:40:01.933+0000][15.269s][info ][gc,heap       ] GC(25) Eden regions: 148->0(145)
[2023-10-01T16:40:01.933+0000][15.270s][info ][gc,heap       ] GC(25) Survivor regions: 10->13(20)
[2023-10-01T16:40:01.934+0000][15.271s][info ][gc,heap       ] GC(25) Old regions: 19->19
[2023-10-01T16:40:01.935+0000][15.272s][info ][gc,heap       ] GC(25) Humongous regions: 0->0
[2023-10-01T16:40:01.935+0000][15.272s][info ][gc,metaspace  ] GC(25) Metaspace: 45556K(46892K)->45556K(46892K) NonClass: 39795K(40620K)->39795K(40620K) Class: 5761K(6272K)->5761K(6272K)
[2023-10-01T16:40:01.936+0000][15.273s][info ][gc            ] GC(25) Pause Young (Normal) (G1 Evacuation Pause) 174M->29M(264M) 37.167ms
[2023-10-01T16:40:01.937+0000][15.274s][info ][gc,cpu        ] GC(25) User=0.22s Sys=0.00s Real=0.04s
[2023-10-01T16:40:01.939+0000][15.276s][info ][safepoint     ] Leaving safepoint region
[2023-10-01T16:40:01.940+0000][15.277s][info ][safepoint     ] Total time for which application threads were stopped: 0.0417848 seconds, Stopping threads took: 0.0005945 seconds
[2023-10-01T16:40:01.941+0000][15.277s][info ][gc,stringdedup] Concurrent String Deduplication (15.277s)
[2023-10-01T16:40:01.944+0000][15.281s][info ][gc,stringdedup] Concurrent String Deduplication 156.8K->75184.0B(85400.0B) avg 44.4% (15.277s, 15.281s) 3.368ms
[2023-10-01T16:40:02.149+0000][15.486s][debug][safepoint     ] Safepoint synchronization initiated. (11 threads)
[2023-10-01T16:40:02.150+0000][15.487s][info ][safepoint     ] Application time: 0.2092476 seconds
[2023-10-01T16:40:02.150+0000][15.487s][info ][safepoint     ] Entering safepoint region: Deoptimize
[2023-10-01T16:40:02.158+0000][15.494s][info ][safepoint     ] Leaving safepoint region
[2023-10-01T16:40:02.159+0000][15.495s][info ][safepoint     ] Total time for which application threads were stopped: 0.0081007 seconds, Stopping threads took: 0.0028283 seconds
[2023-10-01T16:40:02.304+0000][15.641s][debug][safepoint     ] Safepoint synchronization initiated. (11 threads)
[2023-10-01T16:40:02.305+0000][15.641s][info ][safepoint     ] Application time: 0.1456581 seconds
[2023-10-01T16:40:02.305+0000][15.642s][info ][safepoint     ] Entering safepoint region: Deoptimize
[2023-10-01T16:40:02.307+0000][15.644s][info ][safepoint     ] Leaving safepoint region
[2023-10-01T16:40:02.308+0000][15.644s][info ][safepoint     ] Total time for which application threads were stopped: 0.0023108 seconds, Stopping threads took: 0.0006343 seconds
[2023-10-01T16:40:02.311+0000][15.648s][debug][safepoint     ] Safepoint synchronization initiated. (11 threads)
[2023-10-01T16:40:02.313+0000][15.649s][info ][safepoint     ] Application time: 0.0042332 seconds
[2023-10-01T16:40:02.313+0000][15.650s][info ][safepoint     ] Entering safepoint region: Deoptimize
[2023-10-01T16:40:02.315+0000][15.651s][info ][safepoint     ] Leaving safepoint region
[2023-10-01T16:40:02.315+0000][15.652s][info ][safepoint     ] Total time for which application threads were stopped: 0.0023363 seconds, Stopping threads took: 0.0005442 seconds
[2023-10-01T16:40:02.416+0000][15.753s][debug][safepoint     ] Safepoint synchronization initiated. (10 threads)
[2023-10-01T16:40:02.417+0000][15.753s][info ][safepoint     ] Application time: 0.1004804 seconds
[2023-10-01T16:40:02.417+0000][15.754s][info ][safepoint     ] Entering safepoint region: Deoptimize
[2023-10-01T16:40:02.419+0000][15.756s][info ][safepoint     ] Leaving safepoint region
[2023-10-01T16:40:02.419+0000][15.756s][info ][safepoint     ] Total time for which application threads were stopped: 0.0023756 seconds, Stopping threads took: 0.0005377 seconds
[2023-10-01T16:40:03.105+0000][16.441s][debug][safepoint     ] Safepoint synchronization initiated. (11 threads)
[2023-10-01T16:40:03.105+0000][16.442s][info ][safepoint     ] Application time: 0.6850699 seconds
[2023-10-01T16:40:03.106+0000][16.442s][info ][safepoint     ] Entering safepoint region: Deoptimize
[2023-10-01T16:40:03.107+0000][16.444s][info ][safepoint     ] Leaving safepoint region
[2023-10-01T16:40:03.108+0000][16.445s][info ][safepoint     ] Total time for which application threads were stopped: 0.0021816 seconds, Stopping threads took: 0.0004729 seconds
[2023-10-01T16:40:03.110+0000][16.447s][debug][safepoint     ] Safepoint synchronization initiated. (11 threads)
[2023-10-01T16:40:03.111+0000][16.447s][info ][safepoint     ] Application time: 0.0022404 seconds
[2023-10-01T16:40:03.111+0000][16.448s][info ][safepoint     ] Entering safepoint region: Deoptimize
[2023-10-01T16:40:03.113+0000][16.449s][info ][safepoint     ] Leaving safepoint region
[2023-10-01T16:40:03.113+0000][16.450s][info ][safepoint     ] Total time for which application threads were stopped: 0.0019382 seconds, Stopping threads took: 0.0004262 seconds
[2023-10-01T16:40:03.217+0000][16.554s][debug][safepoint     ] Safepoint synchronization initiated. (11 threads)
[2023-10-01T16:40:03.218+0000][16.555s][info ][safepoint     ] Application time: 0.1047102 seconds
[2023-10-01T16:40:03.219+0000][16.556s][info ][safepoint     ] Entering safepoint region: Deoptimize
[2023-10-01T16:40:03.221+0000][16.558s][info ][safepoint     ] Leaving safepoint region
[2023-10-01T16:40:03.222+0000][16.558s][info ][safepoint     ] Total time for which application threads were stopped: 0.0028421 seconds, Stopping threads took: 0.0006124 seconds
[2023-10-01T16:40:03.353+0000][16.690s][debug][safepoint     ] Safepoint synchronization initiated. (11 threads)
[2023-10-01T16:40:03.354+0000][16.691s][info ][safepoint     ] Application time: 0.1319793 seconds
[2023-10-01T16:40:03.355+0000][16.692s][info ][safepoint     ] Entering safepoint region: Deoptimize
[2023-10-01T16:40:03.356+0000][16.693s][info ][safepoint     ] Leaving safepoint region
[2023-10-01T16:40:03.357+0000][16.694s][info ][safepoint     ] Total time for which application threads were stopped: 0.0020256 seconds, Stopping threads took: 0.0005256 seconds
[2023-10-01T16:40:03.419+0000][16.756s][debug][safepoint     ] Safepoint synchronization initiated. (14 threads)
[2023-10-01T16:40:03.419+0000][16.756s][info ][safepoint     ] Application time: 0.0620815 seconds
[2023-10-01T16:40:03.420+0000][16.757s][info ][safepoint     ] Entering safepoint region: Deoptimize
[2023-10-01T16:40:03.422+0000][16.758s][info ][safepoint     ] Leaving safepoint region
[2023-10-01T16:40:03.422+0000][16.759s][info ][safepoint     ] Total time for which application threads were stopped: 0.0022705 seconds, Stopping threads took: 0.0004488 seconds
[2023-10-01T16:40:03.427+0000][16.763s][debug][safepoint     ] Safepoint synchronization initiated. (14 threads)
[2023-10-01T16:40:03.427+0000][16.764s][info ][safepoint     ] Application time: 0.0043912 seconds
[2023-10-01T16:40:03.428+0000][16.764s][info ][safepoint     ] Entering safepoint region: G1CollectForAllocation
[2023-10-01T16:40:03.428+0000][16.765s][info ][gc,start      ] GC(26) Pause Young (Normal) (G1 Evacuation Pause)
[2023-10-01T16:40:03.429+0000][16.766s][info ][gc,task       ] GC(26) Using 8 workers of 8 for evacuation
[2023-10-01T16:40:03.450+0000][16.786s][info ][gc,phases     ] GC(26)   Pre Evacuate Collection Set: 0.0ms
[2023-10-01T16:40:03.450+0000][16.787s][info ][gc,phases     ] GC(26)   Evacuate Collection Set: 17.3ms
[2023-10-01T16:40:03.451+0000][16.787s][info ][gc,phases     ] GC(26)   Post Evacuate Collection Set: 2.4ms
[2023-10-01T16:40:03.451+0000][16.788s][info ][gc,phases     ] GC(26)   Other: 1.5ms
[2023-10-01T16:40:03.452+0000][16.788s][info ][gc,heap       ] GC(26) Eden regions: 145->0(145)
[2023-10-01T16:40:03.453+0000][16.789s][info ][gc,heap       ] GC(26) Survivor regions: 13->13(20)
[2023-10-01T16:40:03.453+0000][16.790s][info ][gc,heap       ] GC(26) Old regions: 19->21
[2023-10-01T16:40:03.454+0000][16.790s][info ][gc,heap       ] GC(26) Humongous regions: 0->0
[2023-10-01T16:40:03.454+0000][16.791s][info ][gc,metaspace  ] GC(26) Metaspace: 49571K(51116K)->49571K(51116K) NonClass: 43281K(44204K)->43281K(44204K) Class: 6289K(6912K)->6289K(6912K)
[2023-10-01T16:40:03.455+0000][16.792s][info ][gc            ] GC(26) Pause Young (Normal) (G1 Evacuation Pause) 174M->32M(264M) 26.575ms
[2023-10-01T16:40:03.455+0000][16.792s][info ][gc,cpu        ] GC(26) User=0.15s Sys=0.00s Real=0.02s
[2023-10-01T16:40:03.456+0000][16.793s][info ][safepoint     ] Leaving safepoint region
[2023-10-01T16:40:03.456+0000][16.793s][info ][safepoint     ] Total time for which application threads were stopped: 0.0287136 seconds, Stopping threads took: 0.0004828 seconds
[2023-10-01T16:40:03.457+0000][16.794s][info ][gc,stringdedup] Concurrent String Deduplication (16.794s)
[2023-10-01T16:40:03.460+0000][16.797s][info ][gc,stringdedup] Concurrent String Deduplication 167.5K->68560.0B(100.6K) avg 44.8% (16.794s, 16.796s) 2.925ms
[2023-10-01T16:40:04.227+0000][17.564s][debug][safepoint     ] Safepoint synchronization initiated. (13 threads)
[2023-10-01T16:40:04.228+0000][17.565s][info ][safepoint     ] Application time: 0.7713044 seconds
[2023-10-01T16:40:04.229+0000][17.565s][info ][safepoint     ] Entering safepoint region: G1CollectForAllocation
[2023-10-01T16:40:04.230+0000][17.566s][info ][gc,start      ] GC(27) Pause Young (Normal) (G1 Evacuation Pause)
[2023-10-01T16:40:04.230+0000][17.567s][info ][gc,task       ] GC(27) Using 8 workers of 8 for evacuation
[2023-10-01T16:40:04.247+0000][17.583s][info ][gc,phases     ] GC(27)   Pre Evacuate Collection Set: 0.0ms
[2023-10-01T16:40:04.248+0000][17.584s][info ][gc,phases     ] GC(27)   Evacuate Collection Set: 13.5ms
[2023-10-01T16:40:04.248+0000][17.585s][info ][gc,phases     ] GC(27)   Post Evacuate Collection Set: 2.6ms
[2023-10-01T16:40:04.249+0000][17.585s][info ][gc,phases     ] GC(27)   Other: 1.1ms
[2023-10-01T16:40:04.249+0000][17.586s][info ][gc,heap       ] GC(27) Eden regions: 145->0(147)
[2023-10-01T16:40:04.250+0000][17.586s][info ][gc,heap       ] GC(27) Survivor regions: 13->11(20)
[2023-10-01T16:40:04.250+0000][17.587s][info ][gc,heap       ] GC(27) Old regions: 21->24
[2023-10-01T16:40:04.251+0000][17.588s][info ][gc,heap       ] GC(27) Humongous regions: 0->0
[2023-10-01T16:40:04.252+0000][17.588s][info ][gc,metaspace  ] GC(27) Metaspace: 52669K(54444K)->52669K(54444K) NonClass: 45950K(47020K)->45950K(47020K) Class: 6719K(7424K)->6719K(7424K)
[2023-10-01T16:40:04.252+0000][17.589s][info ][gc            ] GC(27) Pause Young (Normal) (G1 Evacuation Pause) 177M->32M(264M) 22.667ms
[2023-10-01T16:40:04.253+0000][17.590s][info ][gc,cpu        ] GC(27) User=0.11s Sys=0.00s Real=0.02s
[2023-10-01T16:40:04.253+0000][17.590s][info ][safepoint     ] Leaving safepoint region
[2023-10-01T16:40:04.254+0000][17.591s][info ][safepoint     ] Total time for which application threads were stopped: 0.0252935 seconds, Stopping threads took: 0.0005985 seconds
[2023-10-01T16:40:04.255+0000][17.591s][info ][gc,stringdedup] Concurrent String Deduplication (17.591s)
[2023-10-01T16:40:04.259+0000][17.595s][info ][gc,stringdedup] Concurrent String Deduplication 250.6K->163.1K(89528.0B) avg 44.5% (17.591s, 17.595s) 3.971ms
[2023-10-01T16:40:04.880+0000][18.216s][debug][safepoint     ] Safepoint synchronization initiated. (13 threads)
[2023-10-01T16:40:04.880+0000][18.217s][info ][safepoint     ] Application time: 0.6255469 seconds
[2023-10-01T16:40:04.881+0000][18.217s][info ][safepoint     ] Entering safepoint region: G1CollectForAllocation
[2023-10-01T16:40:04.881+0000][18.218s][info ][gc,start      ] GC(28) Pause Young (Normal) (G1 Evacuation Pause)
[2023-10-01T16:40:04.882+0000][18.218s][info ][gc,task       ] GC(28) Using 8 workers of 8 for evacuation
[2023-10-01T16:40:04.894+0000][18.231s][info ][gc,phases     ] GC(28)   Pre Evacuate Collection Set: 0.0ms
[2023-10-01T16:40:04.895+0000][18.232s][info ][gc,phases     ] GC(28)   Evacuate Collection Set: 9.0ms
[2023-10-01T16:40:04.895+0000][18.232s][info ][gc,phases     ] GC(28)   Post Evacuate Collection Set: 2.8ms
[2023-10-01T16:40:04.896+0000][18.233s][info ][gc,phases     ] GC(28)   Other: 1.2ms
[2023-10-01T16:40:04.897+0000][18.233s][info ][gc,heap       ] GC(28) Eden regions: 147->0(146)
[2023-10-01T16:40:04.897+0000][18.234s][info ][gc,heap       ] GC(28) Survivor regions: 11->12(20)
[2023-10-01T16:40:04.898+0000][18.234s][info ][gc,heap       ] GC(28) Old regions: 24->24
[2023-10-01T16:40:04.898+0000][18.235s][info ][gc,heap       ] GC(28) Humongous regions: 0->0
[2023-10-01T16:40:04.899+0000][18.235s][info ][gc,metaspace  ] GC(28) Metaspace: 56226K(58028K)->56226K(58028K) NonClass: 48901K(50092K)->48901K(50092K) Class: 7325K(7936K)->7325K(7936K)
[2023-10-01T16:40:04.899+0000][18.236s][info ][gc            ] GC(28) Pause Young (Normal) (G1 Evacuation Pause) 179M->33M(264M) 18.118ms
[2023-10-01T16:40:04.900+0000][18.237s][info ][gc,cpu        ] GC(28) User=0.07s Sys=0.00s Real=0.02s
[2023-10-01T16:40:04.900+0000][18.237s][info ][safepoint     ] Leaving safepoint region
[2023-10-01T16:40:04.901+0000][18.237s][info ][safepoint     ] Total time for which application threads were stopped: 0.0202306 seconds, Stopping threads took: 0.0004409 seconds
[2023-10-01T16:40:04.901+0000][18.238s][info ][gc,stringdedup] Concurrent String Deduplication (18.238s)
[2023-10-01T16:40:04.906+0000][18.242s][info ][gc,stringdedup] Concurrent String Deduplication 303.2K->209.6K(95824.0B) avg 43.9% (18.238s, 18.242s) 4.316ms
[2023-10-01T16:40:05.311+0000][18.647s][debug][safepoint     ] Safepoint synchronization initiated. (13 threads)
[2023-10-01T16:40:05.311+0000][18.648s][info ][safepoint     ] Application time: 0.4100122 seconds
[2023-10-01T16:40:05.312+0000][18.649s][info ][safepoint     ] Entering safepoint region: CollectForMetadataAllocation
[2023-10-01T16:40:05.313+0000][18.649s][info ][gc,start      ] GC(29) Pause Young (Concurrent Start) (Metadata GC Threshold)
[2023-10-01T16:40:05.313+0000][18.650s][info ][gc,task       ] GC(29) Using 8 workers of 8 for evacuation
[2023-10-01T16:40:05.328+0000][18.665s][info ][gc,phases     ] GC(29)   Pre Evacuate Collection Set: 0.2ms
[2023-10-01T16:40:05.329+0000][18.666s][info ][gc,phases     ] GC(29)   Evacuate Collection Set: 12.7ms
[2023-10-01T16:40:05.330+0000][18.666s][info ][gc,phases     ] GC(29)   Post Evacuate Collection Set: 1.9ms
[2023-10-01T16:40:05.330+0000][18.667s][info ][gc,phases     ] GC(29)   Other: 1.0ms
[2023-10-01T16:40:05.331+0000][18.667s][info ][gc,heap       ] GC(29) Eden regions: 28->0(148)
[2023-10-01T16:40:05.331+0000][18.668s][info ][gc,heap       ] GC(29) Survivor regions: 12->10(20)
[2023-10-01T16:40:05.332+0000][18.669s][info ][gc,heap       ] GC(29) Old regions: 24->25
[2023-10-01T16:40:05.332+0000][18.669s][info ][gc,heap       ] GC(29) Humongous regions: 0->0
[2023-10-01T16:40:05.333+0000][18.670s][info ][gc,metaspace  ] GC(29) Metaspace: 57811K(59808K)->57811K(59808K) NonClass: 50269K(51616K)->50269K(51616K) Class: 7541K(8192K)->7541K(8192K)
[2023-10-01T16:40:05.334+0000][18.670s][info ][gc            ] GC(29) Pause Young (Concurrent Start) (Metadata GC Threshold) 60M->33M(264M) 20.980ms
[2023-10-01T16:40:05.334+0000][18.671s][info ][gc,cpu        ] GC(29) User=0.11s Sys=0.00s Real=0.02s
[2023-10-01T16:40:05.335+0000][18.671s][info ][safepoint     ] Leaving safepoint region
[2023-10-01T16:40:05.335+0000][18.672s][info ][safepoint     ] Total time for which application threads were stopped: 0.0234642 seconds, Stopping threads took: 0.0004701 seconds
[2023-10-01T16:40:05.335+0000][18.671s][info ][gc            ] GC(30) Concurrent Cycle
[2023-10-01T16:40:05.336+0000][18.673s][info ][gc,marking    ] GC(30) Concurrent Clear Claimed Marks
[2023-10-01T16:40:05.336+0000][18.673s][info ][gc,stringdedup] Concurrent String Deduplication (18.673s)
[2023-10-01T16:40:05.337+0000][18.674s][info ][gc,marking    ] GC(30) Concurrent Clear Claimed Marks 0.787ms
[2023-10-01T16:40:05.338+0000][18.675s][info ][gc,marking    ] GC(30) Concurrent Scan Root Regions
[2023-10-01T16:40:05.339+0000][18.676s][info ][gc,stringdedup] Concurrent String Deduplication 76024.0B->20528.0B(55496.0B) avg 44.2% (18.673s, 18.676s) 2.876ms
[2023-10-01T16:40:05.344+0000][18.681s][info ][gc,marking    ] GC(30) Concurrent Scan Root Regions 6.350ms
[2023-10-01T16:40:05.345+0000][18.682s][info ][gc,marking    ] GC(30) Concurrent Mark (18.682s)
[2023-10-01T16:40:05.345+0000][18.682s][info ][gc,marking    ] GC(30) Concurrent Mark From Roots
[2023-10-01T16:40:05.346+0000][18.683s][info ][gc,task       ] GC(30) Using 2 workers of 2 for marking
[2023-10-01T16:40:05.370+0000][18.707s][info ][gc,marking    ] GC(30) Concurrent Mark From Roots 24.593ms
[2023-10-01T16:40:05.371+0000][18.707s][info ][gc,marking    ] GC(30) Concurrent Preclean
[2023-10-01T16:40:05.371+0000][18.708s][info ][gc,marking    ] GC(30) Concurrent Preclean 0.717ms
[2023-10-01T16:40:05.372+0000][18.709s][info ][gc,marking    ] GC(30) Concurrent Mark (18.682s, 18.709s) 27.199ms
[2023-10-01T16:40:05.373+0000][18.709s][debug][safepoint     ] Safepoint synchronization initiated. (14 threads)
[2023-10-01T16:40:05.373+0000][18.710s][info ][safepoint     ] Application time: 0.0374718 seconds
[2023-10-01T16:40:05.374+0000][18.711s][debug][safepoint     ] Waiting for 2 thread(s) to block
[2023-10-01T16:40:05.375+0000][18.711s][info ][safepoint     ] Entering safepoint region: CGC_Operation
[2023-10-01T16:40:05.376+0000][18.713s][info ][gc,start      ] GC(30) Pause Remark
[2023-10-01T16:40:05.384+0000][18.720s][info ][gc,stringtable] GC(30) Cleaned string and symbol table, strings: 24990 processed, 1 removed, symbols: 177486 processed, 183 removed
[2023-10-01T16:40:05.385+0000][18.721s][info ][gc            ] GC(30) Pause Remark 42M->42M(264M) 8.796ms
[2023-10-01T16:40:05.386+0000][18.722s][info ][gc,cpu        ] GC(30) User=0.04s Sys=0.00s Real=0.01s
[2023-10-01T16:40:05.386+0000][18.723s][info ][safepoint     ] Leaving safepoint region
[2023-10-01T16:40:05.387+0000][18.724s][info ][safepoint     ] Total time for which application threads were stopped: 0.0129146 seconds, Stopping threads took: 0.0017219 seconds
[2023-10-01T16:40:05.387+0000][18.724s][info ][gc,marking    ] GC(30) Concurrent Rebuild Remembered Sets
[2023-10-01T16:40:05.406+0000][18.742s][info ][gc,marking    ] GC(30) Concurrent Rebuild Remembered Sets 18.268ms
[2023-10-01T16:40:05.406+0000][18.743s][debug][safepoint     ] Safepoint synchronization initiated. (14 threads)
[2023-10-01T16:40:05.407+0000][18.744s][info ][safepoint     ] Application time: 0.0194926 seconds
[2023-10-01T16:40:05.407+0000][18.744s][debug][safepoint     ] ... found polling page return exception at pc = 0x00007fcf0444f531, stub =0x00007fcefc840600
[2023-10-01T16:40:05.408+0000][18.745s][debug][safepoint     ] Waiting for 1 thread(s) to block
[2023-10-01T16:40:05.409+0000][18.745s][info ][safepoint     ] Entering safepoint region: CGC_Operation
[2023-10-01T16:40:05.410+0000][18.746s][info ][gc,start      ] GC(30) Pause Cleanup
[2023-10-01T16:40:05.410+0000][18.747s][info ][gc            ] GC(30) Pause Cleanup 46M->46M(264M) 0.757ms
[2023-10-01T16:40:05.411+0000][18.748s][info ][gc,cpu        ] GC(30) User=0.00s Sys=0.00s Real=0.00s
[2023-10-01T16:40:05.412+0000][18.748s][info ][safepoint     ] Leaving safepoint region
[2023-10-01T16:40:05.412+0000][18.749s][info ][safepoint     ] Total time for which application threads were stopped: 0.0046789 seconds, Stopping threads took: 0.0019718 seconds
[2023-10-01T16:40:05.413+0000][18.749s][info ][gc,marking    ] GC(30) Concurrent Cleanup for Next Mark
[2023-10-01T16:40:05.415+0000][18.752s][info ][gc,marking    ] GC(30) Concurrent Cleanup for Next Mark 2.275ms
[2023-10-01T16:40:05.416+0000][18.752s][info ][gc            ] GC(30) Concurrent Cycle 80.800ms
[2023-10-01T16:40:06.307+0000][19.644s][debug][safepoint     ] Safepoint synchronization initiated. (16 threads)
[2023-10-01T16:40:06.308+0000][19.645s][info ][safepoint     ] Application time: 0.8957055 seconds
[2023-10-01T16:40:06.309+0000][19.646s][info ][safepoint     ] Entering safepoint region: ICBufferFull
[2023-10-01T16:40:06.310+0000][19.647s][info ][safepoint     ] Leaving safepoint region
[2023-10-01T16:40:06.312+0000][19.649s][info ][safepoint     ] Total time for which application threads were stopped: 0.0030203 seconds, Stopping threads took: 0.0007334 seconds
[2023-10-01T16:40:06.409+0000][19.746s][debug][safepoint     ] Safepoint synchronization initiated. (16 threads)
[2023-10-01T16:40:06.410+0000][19.746s][info ][safepoint     ] Application time: 0.0954386 seconds
[2023-10-01T16:40:06.410+0000][19.747s][info ][safepoint     ] Entering safepoint region: Deoptimize
[2023-10-01T16:40:06.413+0000][19.750s][info ][safepoint     ] Leaving safepoint region
[2023-10-01T16:40:06.414+0000][19.750s][info ][safepoint     ] Total time for which application threads were stopped: 0.0034994 seconds, Stopping threads took: 0.0013107 seconds
[2023-10-01T16:40:06.630+0000][19.967s][debug][safepoint     ] Safepoint synchronization initiated. (16 threads)
[2023-10-01T16:40:06.631+0000][19.968s][info ][safepoint     ] Application time: 0.2162988 seconds
[2023-10-01T16:40:06.631+0000][19.968s][info ][safepoint     ] Entering safepoint region: G1CollectForAllocation
[2023-10-01T16:40:06.632+0000][19.969s][info ][gc,start      ] GC(31) Pause Young (Normal) (G1 Evacuation Pause)
[2023-10-01T16:40:06.633+0000][19.970s][info ][gc,task       ] GC(31) Using 8 workers of 8 for evacuation
[2023-10-01T16:40:06.657+0000][19.994s][info ][gc,phases     ] GC(31)   Pre Evacuate Collection Set: 0.0ms
[2023-10-01T16:40:06.658+0000][19.995s][info ][gc,phases     ] GC(31)   Evacuate Collection Set: 20.4ms
[2023-10-01T16:40:06.659+0000][19.995s][info ][gc,phases     ] GC(31)   Post Evacuate Collection Set: 3.2ms
[2023-10-01T16:40:06.659+0000][19.996s][info ][gc,phases     ] GC(31)   Other: 1.4ms
[2023-10-01T16:40:06.660+0000][19.996s][info ][gc,heap       ] GC(31) Eden regions: 148->0(145)
[2023-10-01T16:40:06.660+0000][19.997s][info ][gc,heap       ] GC(31) Survivor regions: 10->13(20)
[2023-10-01T16:40:06.661+0000][19.997s][info ][gc,heap       ] GC(31) Old regions: 25->25
[2023-10-01T16:40:06.662+0000][19.998s][info ][gc,heap       ] GC(31) Humongous regions: 0->0
[2023-10-01T16:40:06.663+0000][19.999s][info ][gc,metaspace  ] GC(31) Metaspace: 62009K(64032K)->62009K(64032K) NonClass: 53917K(55200K)->53917K(55200K) Class: 8091K(8832K)->8091K(8832K)
[2023-10-01T16:40:06.663+0000][20.000s][info ][gc            ] GC(31) Pause Young (Normal) (G1 Evacuation Pause) 181M->36M(264M) 30.982ms
[2023-10-01T16:40:06.664+0000][20.001s][info ][gc,cpu        ] GC(31) User=0.18s Sys=0.02s Real=0.03s
[2023-10-01T16:40:06.665+0000][20.001s][info ][safepoint     ] Leaving safepoint region
[2023-10-01T16:40:06.665+0000][20.002s][info ][safepoint     ] Total time for which application threads were stopped: 0.0339854 seconds, Stopping threads took: 0.0008536 seconds
[2023-10-01T16:40:06.666+0000][20.003s][info ][gc,stringdedup] Concurrent String Deduplication (20.003s)
[2023-10-01T16:40:06.669+0000][20.006s][info ][gc,stringdedup] Concurrent String Deduplication 76936.0B->20456.0B(56480.0B) avg 44.5% (20.003s, 20.006s) 3.220ms
[2023-10-01T16:40:07.018+0000][20.354s][debug][safepoint     ] Safepoint synchronization initiated. (16 threads)
[2023-10-01T16:40:07.018+0000][20.355s][info ][safepoint     ] Application time: 0.3524724 seconds
[2023-10-01T16:40:07.029+0000][20.366s][debug][safepoint     ] ... found polling page return exception at pc = 0x00007fcf04304d4e, stub =0x00007fcefc840600
[2023-10-01T16:40:07.031+0000][20.367s][debug][safepoint     ] Waiting for 1 thread(s) to block
[2023-10-01T16:40:07.031+0000][20.368s][info ][safepoint     ] Entering safepoint region: ICBufferFull
[2023-10-01T16:40:07.032+0000][20.369s][info ][safepoint     ] Leaving safepoint region
[2023-10-01T16:40:07.033+0000][20.370s][info ][safepoint     ] Total time for which application threads were stopped: 0.0035543 seconds, Stopping threads took: 0.0025613 seconds
[2023-10-01T16:40:08.034+0000][21.370s][debug][safepoint     ] Safepoint synchronization initiated. (16 threads)
[2023-10-01T16:40:08.034+0000][21.371s][info ][safepoint     ] Application time: 1.0009166 seconds
[2023-10-01T16:40:08.035+0000][21.372s][debug][safepoint     ] ... found polling page loop exception at pc = 0x00007fcf04417028, stub =0x00007fcefc843680
[2023-10-01T16:40:08.036+0000][21.372s][debug][safepoint     ] Waiting for 1 thread(s) to block
[2023-10-01T16:40:08.037+0000][21.373s][info ][safepoint     ] Entering safepoint region: Cleanup
[2023-10-01T16:40:08.040+0000][21.377s][info ][safepoint     ] Leaving safepoint region
[2023-10-01T16:40:08.041+0000][21.377s][info ][safepoint     ] Total time for which application threads were stopped: 0.0054710 seconds, Stopping threads took: 0.0019994 seconds
[2023-10-01T16:40:08.135+0000][21.472s][debug][safepoint     ] Safepoint synchronization initiated. (16 threads)
[2023-10-01T16:40:08.136+0000][21.472s][info ][safepoint     ] Application time: 0.0945858 seconds
[2023-10-01T16:40:08.137+0000][21.473s][info ][safepoint     ] Entering safepoint region: G1CollectForAllocation
[2023-10-01T16:40:08.137+0000][21.474s][info ][gc,start      ] GC(32) Pause Young (Normal) (G1 Evacuation Pause)
[2023-10-01T16:40:08.138+0000][21.475s][info ][gc,task       ] GC(32) Using 8 workers of 8 for evacuation
[2023-10-01T16:40:08.165+0000][21.501s][info ][gc,phases     ] GC(32)   Pre Evacuate Collection Set: 0.1ms
[2023-10-01T16:40:08.165+0000][21.502s][info ][gc,phases     ] GC(32)   Evacuate Collection Set: 22.0ms
[2023-10-01T16:40:08.166+0000][21.503s][info ][gc,phases     ] GC(32)   Post Evacuate Collection Set: 3.6ms
[2023-10-01T16:40:08.167+0000][21.503s][info ][gc,phases     ] GC(32)   Other: 1.5ms
[2023-10-01T16:40:08.167+0000][21.504s][info ][gc,heap       ] GC(32) Eden regions: 145->0(178)
[2023-10-01T16:40:08.168+0000][21.504s][info ][gc,heap       ] GC(32) Survivor regions: 13->12(20)
[2023-10-01T16:40:08.168+0000][21.505s][info ][gc,heap       ] GC(32) Old regions: 25->28
[2023-10-01T16:40:08.169+0000][21.506s][info ][gc,heap       ] GC(32) Humongous regions: 0->0
[2023-10-01T16:40:08.169+0000][21.506s][info ][gc,metaspace  ] GC(32) Metaspace: 65077K(67104K)->65077K(67104K) NonClass: 56554K(57760K)->56554K(57760K) Class: 8523K(9344K)->8523K(9344K)
[2023-10-01T16:40:08.170+0000][21.507s][info ][gc            ] GC(32) Pause Young (Normal) (G1 Evacuation Pause) 181M->38M(317M) 32.576ms
[2023-10-01T16:40:08.171+0000][21.507s][info ][gc,cpu        ] GC(32) User=0.14s Sys=0.03s Real=0.03s
[2023-10-01T16:40:08.171+0000][21.508s][info ][safepoint     ] Leaving safepoint region
[2023-10-01T16:40:08.172+0000][21.508s][info ][safepoint     ] Total time for which application threads were stopped: 0.0350085 seconds, Stopping threads took: 0.0005838 seconds
[2023-10-01T16:40:08.172+0000][21.509s][info ][gc,stringdedup] Concurrent String Deduplication (21.509s)
[2023-10-01T16:40:08.174+0000][21.511s][info ][gc,stringdedup] Concurrent String Deduplication 52320.0B->39816.0B(12504.0B) avg 44.3% (21.509s, 21.511s) 2.004ms
[2023-10-01T16:40:08.684+0000][22.021s][debug][safepoint     ] Safepoint synchronization initiated. (15 threads)
[2023-10-01T16:40:08.685+0000][22.022s][info ][safepoint     ] Application time: 0.5127078 seconds
[2023-10-01T16:40:08.686+0000][22.022s][info ][safepoint     ] Entering safepoint region: ICBufferFull
[2023-10-01T16:40:08.686+0000][22.023s][info ][safepoint     ] Leaving safepoint region
[2023-10-01T16:40:08.687+0000][22.024s][info ][safepoint     ] Total time for which application threads were stopped: 0.0013672 seconds, Stopping threads took: 0.0005145 seconds
[2023-10-01T16:40:08.790+0000][22.126s][debug][safepoint     ] Safepoint synchronization initiated. (15 threads)
[2023-10-01T16:40:08.790+0000][22.127s][info ][safepoint     ] Application time: 0.1027854 seconds
[2023-10-01T16:40:08.791+0000][22.127s][info ][safepoint     ] Entering safepoint region: ICBufferFull
[2023-10-01T16:40:08.792+0000][22.128s][info ][safepoint     ] Leaving safepoint region
[2023-10-01T16:40:08.792+0000][22.129s][info ][safepoint     ] Total time for which application threads were stopped: 0.0015243 seconds, Stopping threads took: 0.0005756 seconds
[2023-10-01T16:40:08.916+0000][22.252s][debug][safepoint     ] Safepoint synchronization initiated. (15 threads)
[2023-10-01T16:40:08.917+0000][22.254s][info ][safepoint     ] Application time: 0.1242190 seconds
[2023-10-01T16:40:08.918+0000][22.254s][debug][safepoint     ] Waiting for 1 thread(s) to block
[2023-10-01T16:40:08.918+0000][22.255s][info ][safepoint     ] Entering safepoint region: ICBufferFull
[2023-10-01T16:40:08.919+0000][22.256s][info ][safepoint     ] Leaving safepoint region
[2023-10-01T16:40:08.920+0000][22.256s][info ][safepoint     ] Total time for which application threads were stopped: 0.0020103 seconds, Stopping threads took: 0.0011811 seconds
[2023-10-01T16:40:09.057+0000][22.394s][debug][safepoint     ] Safepoint synchronization initiated. (16 threads)
[2023-10-01T16:40:09.058+0000][22.394s][info ][safepoint     ] Application time: 0.1376800 seconds
[2023-10-01T16:40:09.059+0000][22.395s][info ][safepoint     ] Entering safepoint region: ICBufferFull
[2023-10-01T16:40:09.059+0000][22.396s][info ][safepoint     ] Leaving safepoint region
[2023-10-01T16:40:09.060+0000][22.397s][info ][safepoint     ] Total time for which application threads were stopped: 0.0015267 seconds, Stopping threads took: 0.0005893 seconds
[2023-10-01T16:40:09.229+0000][22.566s][debug][safepoint     ] Safepoint synchronization initiated. (16 threads)
[2023-10-01T16:40:09.230+0000][22.567s][info ][safepoint     ] Application time: 0.1696016 seconds
[2023-10-01T16:40:09.231+0000][22.568s][info ][safepoint     ] Entering safepoint region: ICBufferFull
[2023-10-01T16:40:09.232+0000][22.569s][info ][safepoint     ] Leaving safepoint region
[2023-10-01T16:40:09.232+0000][22.569s][info ][safepoint     ] Total time for which application threads were stopped: 0.0015382 seconds, Stopping threads took: 0.0005869 seconds
[2023-10-01T16:40:09.502+0000][22.839s][debug][safepoint     ] Safepoint synchronization initiated. (16 threads)
[2023-10-01T16:40:09.503+0000][22.840s][info ][safepoint     ] Application time: 0.2701977 seconds
[2023-10-01T16:40:09.504+0000][22.840s][info ][safepoint     ] Entering safepoint region: G1CollectForAllocation
[2023-10-01T16:40:09.504+0000][22.841s][info ][gc,start      ] GC(33) Pause Young (Normal) (G1 Evacuation Pause)
[2023-10-01T16:40:09.505+0000][22.842s][info ][gc,task       ] GC(33) Using 8 workers of 8 for evacuation
[2023-10-01T16:40:09.527+0000][22.864s][info ][gc,phases     ] GC(33)   Pre Evacuate Collection Set: 0.0ms
[2023-10-01T16:40:09.527+0000][22.864s][info ][gc,phases     ] GC(33)   Evacuate Collection Set: 19.0ms
[2023-10-01T16:40:09.528+0000][22.865s][info ][gc,phases     ] GC(33)   Post Evacuate Collection Set: 2.4ms
[2023-10-01T16:40:09.528+0000][22.865s][info ][gc,phases     ] GC(33)   Other: 1.0ms
[2023-10-01T16:40:09.529+0000][22.865s][info ][gc,heap       ] GC(33) Eden regions: 178->0(176)
[2023-10-01T16:40:09.529+0000][22.866s][info ][gc,heap       ] GC(33) Survivor regions: 12->14(24)
[2023-10-01T16:40:09.530+0000][22.866s][info ][gc,heap       ] GC(33) Old regions: 28->28
[2023-10-01T16:40:09.530+0000][22.867s][info ][gc,heap       ] GC(33) Humongous regions: 0->0
[2023-10-01T16:40:09.530+0000][22.867s][info ][gc,metaspace  ] GC(33) Metaspace: 68107K(70176K)->68107K(70176K) NonClass: 59218K(60576K)->59218K(60576K) Class: 8888K(9600K)->8888K(9600K)
[2023-10-01T16:40:09.531+0000][22.868s][info ][gc            ] GC(33) Pause Young (Normal) (G1 Evacuation Pause) 216M->39M(317M) 26.439ms
[2023-10-01T16:40:09.531+0000][22.868s][info ][gc,cpu        ] GC(33) User=0.16s Sys=0.00s Real=0.03s
[2023-10-01T16:40:09.532+0000][22.868s][info ][safepoint     ] Leaving safepoint region
[2023-10-01T16:40:09.532+0000][22.869s][info ][safepoint     ] Total time for which application threads were stopped: 0.0285618 seconds, Stopping threads took: 0.0004917 seconds
[2023-10-01T16:40:09.533+0000][22.869s][info ][gc,stringdedup] Concurrent String Deduplication (22.869s)
[2023-10-01T16:40:09.535+0000][22.872s][info ][gc,stringdedup] Concurrent String Deduplication 155.5K->18216.0B(137.7K) avg 45.2% (22.869s, 22.872s) 2.581ms
[2023-10-01T16:40:09.871+0000][23.208s][debug][safepoint     ] Safepoint synchronization initiated. (16 threads)
[2023-10-01T16:40:09.872+0000][23.209s][info ][safepoint     ] Application time: 0.3392418 seconds
[2023-10-01T16:40:09.872+0000][23.209s][info ][safepoint     ] Entering safepoint region: ICBufferFull
[2023-10-01T16:40:09.873+0000][23.210s][info ][safepoint     ] Leaving safepoint region
[2023-10-01T16:40:09.874+0000][23.210s][info ][safepoint     ] Total time for which application threads were stopped: 0.0011779 seconds, Stopping threads took: 0.0004633 seconds
[2023-10-01T16:40:10.368+0000][23.704s][debug][safepoint     ] Safepoint synchronization initiated. (16 threads)
[2023-10-01T16:40:10.368+0000][23.705s][info ][safepoint     ] Application time: 0.4941223 seconds
[2023-10-01T16:40:10.369+0000][23.705s][info ][safepoint     ] Entering safepoint region: ICBufferFull
[2023-10-01T16:40:10.369+0000][23.706s][info ][safepoint     ] Leaving safepoint region
[2023-10-01T16:40:10.370+0000][23.707s][info ][safepoint     ] Total time for which application threads were stopped: 0.0015467 seconds, Stopping threads took: 0.0004919 seconds
[2023-10-01T16:40:10.506+0000][23.842s][debug][safepoint     ] Safepoint synchronization initiated. (16 threads)
[2023-10-01T16:40:10.506+0000][23.843s][info ][safepoint     ] Application time: 0.1355346 seconds
[2023-10-01T16:40:10.507+0000][23.843s][debug][safepoint     ] Waiting for 1 thread(s) to block
[2023-10-01T16:40:10.507+0000][23.844s][info ][safepoint     ] Entering safepoint region: ICBufferFull
[2023-10-01T16:40:10.508+0000][23.845s][info ][safepoint     ] Leaving safepoint region
[2023-10-01T16:40:10.509+0000][23.845s][info ][safepoint     ] Total time for which application threads were stopped: 0.0018228 seconds, Stopping threads took: 0.0011021 seconds
[2023-10-01T16:40:10.546+0000][23.883s][debug][safepoint     ] Safepoint synchronization initiated. (16 threads)
[2023-10-01T16:40:10.547+0000][23.883s][info ][safepoint     ] Application time: 0.0377207 seconds
[2023-10-01T16:40:10.547+0000][23.884s][info ][safepoint     ] Entering safepoint region: G1CollectForAllocation
[2023-10-01T16:40:10.548+0000][23.885s][info ][gc,start      ] GC(34) Pause Young (Normal) (G1 Evacuation Pause)
[2023-10-01T16:40:10.548+0000][23.885s][info ][gc,task       ] GC(34) Using 8 workers of 8 for evacuation
[2023-10-01T16:40:10.575+0000][23.912s][info ][gc,phases     ] GC(34)   Pre Evacuate Collection Set: 0.0ms
[2023-10-01T16:40:10.576+0000][23.912s][info ][gc,phases     ] GC(34)   Evacuate Collection Set: 23.2ms
[2023-10-01T16:40:10.576+0000][23.913s][info ][gc,phases     ] GC(34)   Post Evacuate Collection Set: 2.8ms
[2023-10-01T16:40:10.577+0000][23.913s][info ][gc,phases     ] GC(34)   Other: 1.0ms
[2023-10-01T16:40:10.577+0000][23.914s][info ][gc,heap       ] GC(34) Eden regions: 176->0(178)
[2023-10-01T16:40:10.578+0000][23.914s][info ][gc,heap       ] GC(34) Survivor regions: 14->12(24)
[2023-10-01T16:40:10.578+0000][23.915s][info ][gc,heap       ] GC(34) Old regions: 28->30
[2023-10-01T16:40:10.578+0000][23.915s][info ][gc,heap       ] GC(34) Humongous regions: 0->0
[2023-10-01T16:40:10.579+0000][23.916s][info ][gc,metaspace  ] GC(34) Metaspace: 71786K(73760K)->71786K(73760K) NonClass: 62440K(63648K)->62440K(63648K) Class: 9345K(10112K)->9345K(10112K)
[2023-10-01T16:40:10.580+0000][23.916s][info ][gc            ] GC(34) Pause Young (Normal) (G1 Evacuation Pause) 215M->40M(317M) 31.499ms
[2023-10-01T16:40:10.580+0000][23.917s][info ][gc,cpu        ] GC(34) User=0.20s Sys=0.00s Real=0.03s
[2023-10-01T16:40:10.581+0000][23.917s][info ][safepoint     ] Leaving safepoint region
[2023-10-01T16:40:10.581+0000][23.918s][info ][safepoint     ] Total time for which application threads were stopped: 0.0336627 seconds, Stopping threads took: 0.0004660 seconds
[2023-10-01T16:40:10.581+0000][23.918s][info ][gc,stringdedup] Concurrent String Deduplication (23.918s)
[2023-10-01T16:40:10.584+0000][23.920s][info ][gc,stringdedup] Concurrent String Deduplication 181.7K->45056.0B(137.7K) avg 45.9% (23.918s, 23.920s) 2.253ms
[2023-10-01T16:40:10.593+0000][23.930s][debug][safepoint     ] Safepoint synchronization initiated. (16 threads)
[2023-10-01T16:40:10.593+0000][23.930s][info ][safepoint     ] Application time: 0.0120812 seconds
[2023-10-01T16:40:10.594+0000][23.931s][info ][safepoint     ] Entering safepoint region: Deoptimize
[2023-10-01T16:40:10.596+0000][23.932s][info ][safepoint     ] Leaving safepoint region
[2023-10-01T16:40:10.596+0000][23.933s][info ][safepoint     ] Total time for which application threads were stopped: 0.0022433 seconds, Stopping threads took: 0.0004496 seconds
[2023-10-01T16:40:10.798+0000][24.134s][debug][safepoint     ] Safepoint synchronization initiated. (16 threads)
[2023-10-01T16:40:10.798+0000][24.135s][info ][safepoint     ] Application time: 0.2016380 seconds
[2023-10-01T16:40:10.799+0000][24.135s][info ][safepoint     ] Entering safepoint region: Deoptimize
[2023-10-01T16:40:10.800+0000][24.137s][info ][safepoint     ] Leaving safepoint region
[2023-10-01T16:40:10.801+0000][24.137s][info ][safepoint     ] Total time for which application threads were stopped: 0.0021337 seconds, Stopping threads took: 0.0003981 seconds
[2023-10-01T16:40:10.851+0000][24.188s][debug][safepoint     ] Safepoint synchronization initiated. (16 threads)
[2023-10-01T16:40:10.852+0000][24.188s][info ][safepoint     ] Application time: 0.0503561 seconds
[2023-10-01T16:40:10.852+0000][24.189s][info ][safepoint     ] Entering safepoint region: Deoptimize
[2023-10-01T16:40:10.854+0000][24.191s][info ][safepoint     ] Leaving safepoint region
[2023-10-01T16:40:10.855+0000][24.192s][info ][safepoint     ] Total time for which application threads were stopped: 0.0027386 seconds, Stopping threads took: 0.0005079 seconds
[2023-10-01T16:40:10.982+0000][24.319s][debug][safepoint     ] Safepoint synchronization initiated. (16 threads)
[2023-10-01T16:40:10.983+0000][24.319s][info ][safepoint     ] Application time: 0.1271788 seconds
[2023-10-01T16:40:10.983+0000][24.320s][info ][safepoint     ] Entering safepoint region: Deoptimize
[2023-10-01T16:40:10.985+0000][24.322s][info ][safepoint     ] Leaving safepoint region
[2023-10-01T16:40:10.986+0000][24.322s][info ][safepoint     ] Total time for which application threads were stopped: 0.0023090 seconds, Stopping threads took: 0.0005717 seconds
[2023-10-01T16:40:11.260+0000][24.597s][debug][safepoint     ] Safepoint synchronization initiated. (16 threads)
[2023-10-01T16:40:11.261+0000][24.597s][info ][safepoint     ] Application time: 0.2746537 seconds
[2023-10-01T16:40:11.261+0000][24.598s][info ][safepoint     ] Entering safepoint region: Deoptimize
[2023-10-01T16:40:11.263+0000][24.600s][info ][safepoint     ] Leaving safepoint region
[2023-10-01T16:40:11.264+0000][24.601s][info ][safepoint     ] Total time for which application threads were stopped: 0.0026818 seconds, Stopping threads took: 0.0005041 seconds
[2023-10-01T16:40:11.746+0000][25.083s][debug][safepoint     ] Safepoint synchronization initiated. (16 threads)
[2023-10-01T16:40:11.747+0000][25.084s][info ][safepoint     ] Application time: 0.4825983 seconds
[2023-10-01T16:40:11.747+0000][25.084s][info ][safepoint     ] Entering safepoint region: ICBufferFull
[2023-10-01T16:40:11.748+0000][25.085s][info ][safepoint     ] Leaving safepoint region
[2023-10-01T16:40:11.749+0000][25.086s][info ][safepoint     ] Total time for which application threads were stopped: 0.0013607 seconds, Stopping threads took: 0.0005637 seconds
[2023-10-01T16:40:12.116+0000][25.453s][debug][safepoint     ] Safepoint synchronization initiated. (16 threads)
[2023-10-01T16:40:12.117+0000][25.454s][info ][safepoint     ] Application time: 0.3675188 seconds
[2023-10-01T16:40:12.118+0000][25.454s][debug][safepoint     ] Waiting for 1 thread(s) to block
[2023-10-01T16:40:12.118+0000][25.455s][info ][safepoint     ] Entering safepoint region: ICBufferFull
[2023-10-01T16:40:12.119+0000][25.456s][info ][safepoint     ] Leaving safepoint region
[2023-10-01T16:40:12.120+0000][25.456s][info ][safepoint     ] Total time for which application threads were stopped: 0.0020899 seconds, Stopping threads took: 0.0012574 seconds
[2023-10-01T16:40:12.137+0000][25.474s][debug][safepoint     ] Safepoint synchronization initiated. (16 threads)
[2023-10-01T16:40:12.137+0000][25.474s][info ][safepoint     ] Application time: 0.0173597 seconds
[2023-10-01T16:40:12.138+0000][25.475s][info ][safepoint     ] Entering safepoint region: G1CollectForAllocation
[2023-10-01T16:40:12.139+0000][25.476s][info ][gc,start      ] GC(35) Pause Young (Normal) (G1 Evacuation Pause)
[2023-10-01T16:40:12.139+0000][25.476s][info ][gc,task       ] GC(35) Using 8 workers of 8 for evacuation
[2023-10-01T16:40:12.168+0000][25.505s][info ][gc,phases     ] GC(35)   Pre Evacuate Collection Set: 0.0ms
[2023-10-01T16:40:12.169+0000][25.506s][info ][gc,phases     ] GC(35)   Evacuate Collection Set: 24.9ms
[2023-10-01T16:40:12.170+0000][25.506s][info ][gc,phases     ] GC(35)   Post Evacuate Collection Set: 3.4ms
[2023-10-01T16:40:12.170+0000][25.507s][info ][gc,phases     ] GC(35)   Other: 1.3ms
[2023-10-01T16:40:12.171+0000][25.507s][info ][gc,heap       ] GC(35) Eden regions: 178->0(175)
[2023-10-01T16:40:12.171+0000][25.508s][info ][gc,heap       ] GC(35) Survivor regions: 12->15(24)
[2023-10-01T16:40:12.172+0000][25.508s][info ][gc,heap       ] GC(35) Old regions: 30->30
[2023-10-01T16:40:12.172+0000][25.509s][info ][gc,heap       ] GC(35) Humongous regions: 0->0
[2023-10-01T16:40:12.172+0000][25.509s][info ][gc,metaspace  ] GC(35) Metaspace: 76373K(78496K)->76373K(78496K) NonClass: 66514K(67744K)->66514K(67744K) Class: 9858K(10752K)->9858K(10752K)
[2023-10-01T16:40:12.173+0000][25.510s][info ][gc            ] GC(35) Pause Young (Normal) (G1 Evacuation Pause) 218M->43M(317M) 34.007ms
[2023-10-01T16:40:12.173+0000][25.510s][info ][gc,cpu        ] GC(35) User=0.19s Sys=0.01s Real=0.03s
[2023-10-01T16:40:12.174+0000][25.511s][info ][safepoint     ] Leaving safepoint region
[2023-10-01T16:40:12.175+0000][25.511s][info ][safepoint     ] Total time for which application threads were stopped: 0.0365515 seconds, Stopping threads took: 0.0005959 seconds
[2023-10-01T16:40:12.175+0000][25.512s][info ][gc,stringdedup] Concurrent String Deduplication (25.512s)
[2023-10-01T16:40:12.179+0000][25.515s][info ][gc,stringdedup] Concurrent String Deduplication 172.2K->108.0K(65784.0B) avg 45.8% (25.512s, 25.515s) 3.356ms
[2023-10-01T16:40:12.827+0000][26.163s][debug][safepoint     ] Safepoint synchronization initiated. (16 threads)
[2023-10-01T16:40:12.827+0000][26.164s][info ][safepoint     ] Application time: 0.6522301 seconds
[2023-10-01T16:40:12.828+0000][26.165s][info ][safepoint     ] Entering safepoint region: ICBufferFull
[2023-10-01T16:40:12.829+0000][26.165s][info ][safepoint     ] Leaving safepoint region
[2023-10-01T16:40:12.829+0000][26.166s][info ][safepoint     ] Total time for which application threads were stopped: 0.0012175 seconds, Stopping threads took: 0.0004645 seconds
[2023-10-01T16:40:13.384+0000][26.721s][debug][safepoint     ] Safepoint synchronization initiated. (16 threads)
[2023-10-01T16:40:13.385+0000][26.722s][info ][safepoint     ] Application time: 0.5555819 seconds
[2023-10-01T16:40:13.386+0000][26.722s][info ][safepoint     ] Entering safepoint region: ICBufferFull
[2023-10-01T16:40:13.386+0000][26.723s][info ][safepoint     ] Leaving safepoint region
[2023-10-01T16:40:13.387+0000][26.724s][info ][safepoint     ] Total time for which application threads were stopped: 0.0013350 seconds, Stopping threads took: 0.0005044 seconds
[2023-10-01T16:40:13.587+0000][26.923s][debug][safepoint     ] Safepoint synchronization initiated. (16 threads)
[2023-10-01T16:40:13.587+0000][26.924s][info ][safepoint     ] Application time: 0.2000521 seconds
[2023-10-01T16:40:13.588+0000][26.925s][debug][safepoint     ] Waiting for 1 thread(s) to block
[2023-10-01T16:40:13.588+0000][26.925s][info ][safepoint     ] Entering safepoint region: G1CollectForAllocation
[2023-10-01T16:40:13.589+0000][26.926s][info ][gc,start      ] GC(36) Pause Young (Normal) (G1 Evacuation Pause)
[2023-10-01T16:40:13.590+0000][26.926s][info ][gc,task       ] GC(36) Using 8 workers of 8 for evacuation
[2023-10-01T16:40:13.613+0000][26.949s][info ][gc,phases     ] GC(36)   Pre Evacuate Collection Set: 0.0ms
[2023-10-01T16:40:13.613+0000][26.950s][info ][gc,phases     ] GC(36)   Evacuate Collection Set: 18.0ms
[2023-10-01T16:40:13.614+0000][26.950s][info ][gc,phases     ] GC(36)   Post Evacuate Collection Set: 4.4ms
[2023-10-01T16:40:13.614+0000][26.951s][info ][gc,phases     ] GC(36)   Other: 1.0ms
[2023-10-01T16:40:13.614+0000][26.951s][info ][gc,heap       ] GC(36) Eden regions: 175->0(172)
[2023-10-01T16:40:13.615+0000][26.952s][info ][gc,heap       ] GC(36) Survivor regions: 15->18(24)
[2023-10-01T16:40:13.615+0000][26.952s][info ][gc,heap       ] GC(36) Old regions: 30->33
[2023-10-01T16:40:13.616+0000][26.952s][info ][gc,heap       ] GC(36) Humongous regions: 0->0
[2023-10-01T16:40:13.616+0000][26.953s][info ][gc,metaspace  ] GC(36) Metaspace: 78205K(80416K)->78205K(80416K) NonClass: 68278K(69536K)->68278K(69536K) Class: 9927K(10880K)->9927K(10880K)
[2023-10-01T16:40:13.617+0000][26.953s][info ][gc            ] GC(36) Pause Young (Normal) (G1 Evacuation Pause) 218M->49M(317M) 27.489ms
[2023-10-01T16:40:13.617+0000][26.954s][info ][gc,cpu        ] GC(36) User=0.16s Sys=0.00s Real=0.03s
[2023-10-01T16:40:13.617+0000][26.954s][info ][safepoint     ] Leaving safepoint region
[2023-10-01T16:40:13.618+0000][26.955s][info ][safepoint     ] Total time for which application threads were stopped: 0.0300563 seconds, Stopping threads took: 0.0010243 seconds
[2023-10-01T16:40:13.618+0000][26.955s][info ][gc,stringdedup] Concurrent String Deduplication (26.955s)
[2023-10-01T16:40:13.622+0000][26.959s][info ][gc,stringdedup] Concurrent String Deduplication 301.2K->141.1K(160.0K) avg 46.0% (26.955s, 26.959s) 3.483ms
[2023-10-01T16:40:14.069+0000][27.406s][debug][safepoint     ] Safepoint synchronization initiated. (16 threads)
[2023-10-01T16:40:14.070+0000][27.407s][info ][safepoint     ] Application time: 0.4514602 seconds
[2023-10-01T16:40:14.070+0000][27.407s][info ][safepoint     ] Entering safepoint region: Deoptimize
[2023-10-01T16:40:14.072+0000][27.409s][info ][safepoint     ] Leaving safepoint region
[2023-10-01T16:40:14.073+0000][27.410s][info ][safepoint     ] Total time for which application threads were stopped: 0.0028166 seconds, Stopping threads took: 0.0004929 seconds
[2023-10-01T16:40:14.681+0000][28.017s][debug][safepoint     ] Safepoint synchronization initiated. (19 threads)
[2023-10-01T16:40:14.682+0000][28.018s][info ][safepoint     ] Application time: 0.6079698 seconds
[2023-10-01T16:40:14.682+0000][28.019s][info ][safepoint     ] Entering safepoint region: G1CollectForAllocation
[2023-10-01T16:40:14.683+0000][28.020s][info ][gc,start      ] GC(37) Pause Young (Normal) (G1 Evacuation Pause)
[2023-10-01T16:40:14.684+0000][28.020s][info ][gc,task       ] GC(37) Using 8 workers of 8 for evacuation
[2023-10-01T16:40:14.707+0000][28.043s][info ][gc,phases     ] GC(37)   Pre Evacuate Collection Set: 0.0ms
[2023-10-01T16:40:14.707+0000][28.044s][info ][gc,phases     ] GC(37)   Evacuate Collection Set: 19.8ms
[2023-10-01T16:40:14.708+0000][28.044s][info ][gc,phases     ] GC(37)   Post Evacuate Collection Set: 2.5ms
[2023-10-01T16:40:14.708+0000][28.045s][info ][gc,phases     ] GC(37)   Other: 1.2ms
[2023-10-01T16:40:14.708+0000][28.045s][info ][gc,heap       ] GC(37) Eden regions: 172->0(172)
[2023-10-01T16:40:14.709+0000][28.046s][info ][gc,heap       ] GC(37) Survivor regions: 18->18(24)
[2023-10-01T16:40:14.709+0000][28.046s][info ][gc,heap       ] GC(37) Old regions: 33->39
[2023-10-01T16:40:14.710+0000][28.046s][info ][gc,heap       ] GC(37) Humongous regions: 0->0
[2023-10-01T16:40:14.710+0000][28.047s][info ][gc,metaspace  ] GC(37) Metaspace: 80050K(82336K)->80050K(82336K) NonClass: 69977K(71328K)->69977K(71328K) Class: 10073K(11008K)->10073K(11008K)
[2023-10-01T16:40:14.710+0000][28.047s][info ][gc            ] GC(37) Pause Young (Normal) (G1 Evacuation Pause) 221M->54M(317M) 27.351ms
[2023-10-01T16:40:14.711+0000][28.048s][info ][gc,cpu        ] GC(37) User=0.18s Sys=0.00s Real=0.03s
[2023-10-01T16:40:14.711+0000][28.048s][info ][safepoint     ] Leaving safepoint region
[2023-10-01T16:40:14.712+0000][28.048s][info ][safepoint     ] Total time for which application threads were stopped: 0.0294927 seconds, Stopping threads took: 0.0005413 seconds
[2023-10-01T16:40:14.712+0000][28.049s][info ][gc,stringdedup] Concurrent String Deduplication (28.049s)
[2023-10-01T16:40:14.717+0000][28.054s][info ][gc,stringdedup] Concurrent String Deduplication 289.1K->88576.0B(202.6K) avg 46.8% (28.049s, 28.054s) 4.895ms
[2023-10-01T16:40:15.423+0000][28.760s][debug][safepoint     ] Safepoint synchronization initiated. (19 threads)
[2023-10-01T16:40:15.424+0000][28.761s][info ][safepoint     ] Application time: 0.7117856 seconds
[2023-10-01T16:40:15.424+0000][28.761s][info ][safepoint     ] Entering safepoint region: ICBufferFull
[2023-10-01T16:40:15.425+0000][28.762s][info ][safepoint     ] Leaving safepoint region
[2023-10-01T16:40:15.426+0000][28.763s][info ][safepoint     ] Total time for which application threads were stopped: 0.0013569 seconds, Stopping threads took: 0.0004793 seconds
[2023-10-01T16:40:15.440+0000][28.777s][debug][safepoint     ] Safepoint synchronization initiated. (19 threads)
[2023-10-01T16:40:15.441+0000][28.777s][info ][safepoint     ] Application time: 0.0141915 seconds
[2023-10-01T16:40:15.441+0000][28.778s][info ][safepoint     ] Entering safepoint region: Deoptimize
[2023-10-01T16:40:15.444+0000][28.780s][info ][safepoint     ] Leaving safepoint region
[2023-10-01T16:40:15.444+0000][28.781s][info ][safepoint     ] Total time for which application threads were stopped: 0.0031397 seconds, Stopping threads took: 0.0006626 seconds
[2023-10-01T16:40:15.507+0000][28.843s][debug][safepoint     ] Safepoint synchronization initiated. (19 threads)
[2023-10-01T16:40:15.507+0000][28.844s][info ][safepoint     ] Application time: 0.0626657 seconds
[2023-10-01T16:40:15.508+0000][28.845s][info ][safepoint     ] Entering safepoint region: G1CollectForAllocation
[2023-10-01T16:40:15.509+0000][28.845s][info ][gc,start      ] GC(38) Pause Young (Normal) (G1 Evacuation Pause)
[2023-10-01T16:40:15.509+0000][28.846s][info ][gc,task       ] GC(38) Using 8 workers of 8 for evacuation
[2023-10-01T16:40:15.529+0000][28.865s][info ][gc,phases     ] GC(38)   Pre Evacuate Collection Set: 0.0ms
[2023-10-01T16:40:15.529+0000][28.866s][info ][gc,phases     ] GC(38)   Evacuate Collection Set: 16.7ms
[2023-10-01T16:40:15.530+0000][28.866s][info ][gc,phases     ] GC(38)   Post Evacuate Collection Set: 2.3ms
[2023-10-01T16:40:15.530+0000][28.867s][info ][gc,phases     ] GC(38)   Other: 1.0ms
[2023-10-01T16:40:15.531+0000][28.867s][info ][gc,heap       ] GC(38) Eden regions: 172->0(174)
[2023-10-01T16:40:15.531+0000][28.868s][info ][gc,heap       ] GC(38) Survivor regions: 18->16(24)
[2023-10-01T16:40:15.532+0000][28.869s][info ][gc,heap       ] GC(38) Old regions: 39->45
[2023-10-01T16:40:15.533+0000][28.869s][info ][gc,heap       ] GC(38) Humongous regions: 0->0
[2023-10-01T16:40:15.533+0000][28.870s][info ][gc,metaspace  ] GC(38) Metaspace: 81082K(83488K)->81082K(83488K) NonClass: 70950K(72352K)->70950K(72352K) Class: 10131K(11136K)->10131K(11136K)
[2023-10-01T16:40:15.534+0000][28.870s][info ][gc            ] GC(38) Pause Young (Normal) (G1 Evacuation Pause) 226M->58M(317M) 24.899ms
[2023-10-01T16:40:15.534+0000][28.871s][info ][gc,cpu        ] GC(38) User=0.14s Sys=0.01s Real=0.02s
[2023-10-01T16:40:15.534+0000][28.871s][info ][safepoint     ] Leaving safepoint region
[2023-10-01T16:40:15.535+0000][28.872s][info ][safepoint     ] Total time for which application threads were stopped: 0.0270469 seconds, Stopping threads took: 0.0005183 seconds
[2023-10-01T16:40:15.535+0000][28.872s][info ][gc,stringdedup] Concurrent String Deduplication (28.872s)
[2023-10-01T16:40:15.540+0000][28.876s][info ][gc,stringdedup] Concurrent String Deduplication 536.1K->118.1K(418.0K) avg 48.7% (28.872s, 28.876s) 4.275ms
[2023-10-01T16:40:16.184+0000][29.521s][debug][safepoint     ] Safepoint synchronization initiated. (28 threads)
[2023-10-01T16:40:16.185+0000][29.522s][info ][safepoint     ] Application time: 0.6495896 seconds
[2023-10-01T16:40:16.186+0000][29.522s][info ][safepoint     ] Entering safepoint region: ICBufferFull
[2023-10-01T16:40:16.186+0000][29.523s][info ][safepoint     ] Leaving safepoint region
[2023-10-01T16:40:16.187+0000][29.524s][info ][safepoint     ] Total time for which application threads were stopped: 0.0015217 seconds, Stopping threads took: 0.0005680 seconds
[2023-10-01T16:40:16.627+0000][29.964s][debug][safepoint     ] Safepoint synchronization initiated. (28 threads)
[2023-10-01T16:40:16.628+0000][29.964s][info ][safepoint     ] Application time: 0.4401631 seconds
[2023-10-01T16:40:16.628+0000][29.965s][info ][safepoint     ] Entering safepoint region: G1CollectForAllocation
[2023-10-01T16:40:16.629+0000][29.966s][info ][gc,start      ] GC(39) Pause Young (Normal) (G1 Evacuation Pause)
[2023-10-01T16:40:16.630+0000][29.966s][info ][gc,task       ] GC(39) Using 8 workers of 8 for evacuation
[2023-10-01T16:40:16.662+0000][29.998s][info ][gc,phases     ] GC(39)   Pre Evacuate Collection Set: 0.0ms
[2023-10-01T16:40:16.662+0000][29.999s][info ][gc,phases     ] GC(39)   Evacuate Collection Set: 29.0ms
[2023-10-01T16:40:16.663+0000][29.999s][info ][gc,phases     ] GC(39)   Post Evacuate Collection Set: 2.4ms
[2023-10-01T16:40:16.663+0000][30.000s][info ][gc,phases     ] GC(39)   Other: 1.3ms
[2023-10-01T16:40:16.664+0000][30.000s][info ][gc,heap       ] GC(39) Eden regions: 174->0(175)
[2023-10-01T16:40:16.664+0000][30.001s][info ][gc,heap       ] GC(39) Survivor regions: 16->15(24)
[2023-10-01T16:40:16.665+0000][30.001s][info ][gc,heap       ] GC(39) Old regions: 45->50
[2023-10-01T16:40:16.665+0000][30.002s][info ][gc,heap       ] GC(39) Humongous regions: 0->0
[2023-10-01T16:40:16.665+0000][30.002s][info ][gc,metaspace  ] GC(39) Metaspace: 82682K(85152K)->82682K(85152K) NonClass: 72421K(73888K)->72421K(73888K) Class: 10260K(11264K)->10260K(11264K)
[2023-10-01T16:40:16.666+0000][30.003s][info ][gc            ] GC(39) Pause Young (Normal) (G1 Evacuation Pause) 232M->63M(317M) 36.829ms
[2023-10-01T16:40:16.666+0000][30.003s][info ][gc,cpu        ] GC(39) User=0.24s Sys=0.00s Real=0.04s
[2023-10-01T16:40:16.667+0000][30.003s][info ][safepoint     ] Leaving safepoint region
[2023-10-01T16:40:16.667+0000][30.004s][info ][safepoint     ] Total time for which application threads were stopped: 0.0390701 seconds, Stopping threads took: 0.0005057 seconds
[2023-10-01T16:40:16.668+0000][30.005s][info ][gc,stringdedup] Concurrent String Deduplication (30.005s)
[2023-10-01T16:40:16.672+0000][30.009s][info ][gc,stringdedup] Concurrent String Deduplication 443.4K->110.5K(332.9K) avg 49.9% (30.005s, 30.009s) 4.228ms
[2023-10-01T16:40:17.645+0000][30.981s][debug][safepoint     ] Safepoint synchronization initiated. (28 threads)
[2023-10-01T16:40:17.645+0000][30.982s][info ][safepoint     ] Application time: 0.9774990 seconds
[2023-10-01T16:40:17.646+0000][30.983s][info ][safepoint     ] Entering safepoint region: ICBufferFull
[2023-10-01T16:40:17.647+0000][30.983s][info ][safepoint     ] Leaving safepoint region
[2023-10-01T16:40:17.647+0000][30.984s][info ][safepoint     ] Total time for which application threads were stopped: 0.0013049 seconds, Stopping threads took: 0.0005103 seconds
[2023-10-01T16:40:17.968+0000][31.305s][debug][safepoint     ] Safepoint synchronization initiated. (29 threads)
[2023-10-01T16:40:17.969+0000][31.305s][info ][safepoint     ] Application time: 0.3210002 seconds
[2023-10-01T16:40:17.969+0000][31.306s][info ][safepoint     ] Entering safepoint region: G1CollectForAllocation
[2023-10-01T16:40:17.971+0000][31.307s][info ][gc,start      ] GC(40) Pause Young (Normal) (G1 Evacuation Pause)
[2023-10-01T16:40:17.972+0000][31.309s][info ][gc,task       ] GC(40) Using 8 workers of 8 for evacuation
[2023-10-01T16:40:18.006+0000][31.343s][info ][gc,phases     ] GC(40)   Pre Evacuate Collection Set: 0.0ms
[2023-10-01T16:40:18.007+0000][31.344s][info ][gc,phases     ] GC(40)   Evacuate Collection Set: 29.6ms
[2023-10-01T16:40:18.007+0000][31.344s][info ][gc,phases     ] GC(40)   Post Evacuate Collection Set: 3.7ms
[2023-10-01T16:40:18.008+0000][31.345s][info ][gc,phases     ] GC(40)   Other: 2.3ms
[2023-10-01T16:40:18.008+0000][31.345s][info ][gc,heap       ] GC(40) Eden regions: 175->0(175)
[2023-10-01T16:40:18.009+0000][31.345s][info ][gc,heap       ] GC(40) Survivor regions: 15->15(24)
[2023-10-01T16:40:18.009+0000][31.346s][info ][gc,heap       ] GC(40) Old regions: 50->55
[2023-10-01T16:40:18.010+0000][31.346s][info ][gc,heap       ] GC(40) Humongous regions: 0->0
[2023-10-01T16:40:18.010+0000][31.347s][info ][gc,metaspace  ] GC(40) Metaspace: 86099K(88736K)->86099K(88736K) NonClass: 75549K(77216K)->75549K(77216K) Class: 10549K(11520K)->10549K(11520K)
[2023-10-01T16:40:18.011+0000][31.347s][info ][gc            ] GC(40) Pause Young (Normal) (G1 Evacuation Pause) 238M->67M(317M) 39.992ms
[2023-10-01T16:40:18.011+0000][31.348s][info ][gc,cpu        ] GC(40) User=0.27s Sys=0.00s Real=0.04s
[2023-10-01T16:40:18.011+0000][31.348s][info ][safepoint     ] Leaving safepoint region
[2023-10-01T16:40:18.012+0000][31.349s][info ][safepoint     ] Total time for which application threads were stopped: 0.0425222 seconds, Stopping threads took: 0.0007129 seconds
[2023-10-01T16:40:18.013+0000][31.350s][info ][gc,stringdedup] Concurrent String Deduplication (31.350s)
[2023-10-01T16:40:18.018+0000][31.354s][info ][gc,stringdedup] Concurrent String Deduplication 280.5K->71248.0B(210.9K) avg 50.6% (31.350s, 31.354s) 4.703ms
[2023-10-01T16:40:18.878+0000][32.215s][debug][safepoint     ] Safepoint synchronization initiated. (29 threads)
[2023-10-01T16:40:18.878+0000][32.215s][info ][safepoint     ] Application time: 0.8658043 seconds
[2023-10-01T16:40:18.879+0000][32.216s][debug][safepoint     ] ... found polling page return exception at pc = 0x00007fcf044cec2f, stub =0x00007fcefc840600
[2023-10-01T16:40:18.879+0000][32.216s][debug][safepoint     ] Waiting for 1 thread(s) to block
[2023-10-01T16:40:18.880+0000][32.217s][info ][safepoint     ] Entering safepoint region: ICBufferFull
[2023-10-01T16:40:18.881+0000][32.217s][info ][safepoint     ] Leaving safepoint region
[2023-10-01T16:40:18.881+0000][32.218s][info ][safepoint     ] Total time for which application threads were stopped: 0.0022381 seconds, Stopping threads took: 0.0014092 seconds
[2023-10-01T16:40:18.960+0000][32.297s][debug][safepoint     ] Safepoint synchronization initiated. (29 threads)
[2023-10-01T16:40:18.961+0000][32.297s][info ][safepoint     ] Application time: 0.0790357 seconds
[2023-10-01T16:40:18.961+0000][32.298s][info ][safepoint     ] Entering safepoint region: G1CollectForAllocation
[2023-10-01T16:40:18.962+0000][32.299s][info ][gc,start      ] GC(41) Pause Young (Normal) (G1 Evacuation Pause)
[2023-10-01T16:40:18.962+0000][32.299s][info ][gc,task       ] GC(41) Using 8 workers of 8 for evacuation
[2023-10-01T16:40:18.989+0000][32.325s][info ][gc,phases     ] GC(41)   Pre Evacuate Collection Set: 0.0ms
[2023-10-01T16:40:18.990+0000][32.326s][info ][gc,phases     ] GC(41)   Evacuate Collection Set: 23.4ms
[2023-10-01T16:40:18.990+0000][32.327s][info ][gc,phases     ] GC(41)   Post Evacuate Collection Set: 2.4ms
[2023-10-01T16:40:18.991+0000][32.328s][info ][gc,phases     ] GC(41)   Other: 1.0ms
[2023-10-01T16:40:18.991+0000][32.328s][info ][gc,heap       ] GC(41) Eden regions: 175->0(175)
[2023-10-01T16:40:18.992+0000][32.328s][info ][gc,heap       ] GC(41) Survivor regions: 15->15(24)
[2023-10-01T16:40:18.992+0000][32.329s][info ][gc,heap       ] GC(41) Old regions: 55->59
[2023-10-01T16:40:18.993+0000][32.329s][info ][gc,heap       ] GC(41) Humongous regions: 0->0
[2023-10-01T16:40:18.993+0000][32.330s][info ][gc,metaspace  ] GC(41) Metaspace: 87681K(90144K)->87681K(90144K) NonClass: 76998K(78496K)->76998K(78496K) Class: 10682K(11648K)->10682K(11648K)
[2023-10-01T16:40:18.994+0000][32.331s][info ][gc            ] GC(41) Pause Young (Normal) (G1 Evacuation Pause) 242M->72M(317M) 32.092ms
[2023-10-01T16:40:18.994+0000][32.331s][info ][gc,cpu        ] GC(41) User=0.20s Sys=0.01s Real=0.03s
[2023-10-01T16:40:18.995+0000][32.332s][info ][safepoint     ] Leaving safepoint region
[2023-10-01T16:40:18.995+0000][32.332s][info ][safepoint     ] Total time for which application threads were stopped: 0.0342281 seconds, Stopping threads took: 0.0004246 seconds
[2023-10-01T16:40:18.996+0000][32.332s][info ][gc,stringdedup] Concurrent String Deduplication (32.332s)
[2023-10-01T16:40:19.000+0000][32.337s][info ][gc,stringdedup] Concurrent String Deduplication 400.7K->105.5K(295.2K) avg 51.5% (32.332s, 32.337s) 4.094ms
[2023-10-01T16:40:19.553+0000][32.890s][debug][safepoint     ] Safepoint synchronization initiated. (29 threads)
[2023-10-01T16:40:19.554+0000][32.890s][info ][safepoint     ] Application time: 0.5579849 seconds
[2023-10-01T16:40:19.554+0000][32.891s][info ][safepoint     ] Entering safepoint region: Deoptimize
[2023-10-01T16:40:19.557+0000][32.893s][info ][safepoint     ] Leaving safepoint region
[2023-10-01T16:40:19.557+0000][32.894s][info ][safepoint     ] Total time for which application threads were stopped: 0.0028709 seconds, Stopping threads took: 0.0005296 seconds
[2023-10-01T16:40:19.558+0000][32.895s][debug][safepoint     ] Safepoint synchronization initiated. (29 threads)
[2023-10-01T16:40:19.559+0000][32.896s][info ][safepoint     ] Application time: 0.0009863 seconds
[2023-10-01T16:40:19.559+0000][32.896s][info ][safepoint     ] Entering safepoint region: Deoptimize
[2023-10-01T16:40:19.561+0000][32.898s][info ][safepoint     ] Leaving safepoint region
[2023-10-01T16:40:19.562+0000][32.899s][info ][safepoint     ] Total time for which application threads were stopped: 0.0028012 seconds, Stopping threads took: 0.0005036 seconds
[2023-10-01T16:40:19.565+0000][32.901s][debug][safepoint     ] Safepoint synchronization initiated. (29 threads)
[2023-10-01T16:40:19.565+0000][32.902s][info ][safepoint     ] Application time: 0.0024372 seconds
[2023-10-01T16:40:19.566+0000][32.902s][info ][safepoint     ] Entering safepoint region: Deoptimize
[2023-10-01T16:40:19.568+0000][32.904s][info ][safepoint     ] Leaving safepoint region
[2023-10-01T16:40:19.568+0000][32.905s][info ][safepoint     ] Total time for which application threads were stopped: 0.0026780 seconds, Stopping threads took: 0.0004312 seconds
[2023-10-01T16:40:19.587+0000][32.924s][debug][safepoint     ] Safepoint synchronization initiated. (29 threads)
[2023-10-01T16:40:19.587+0000][32.924s][info ][safepoint     ] Application time: 0.0188925 seconds
[2023-10-01T16:40:19.588+0000][32.925s][info ][safepoint     ] Entering safepoint region: Deoptimize
[2023-10-01T16:40:19.590+0000][32.927s][info ][safepoint     ] Leaving safepoint region
[2023-10-01T16:40:19.591+0000][32.927s][info ][safepoint     ] Total time for which application threads were stopped: 0.0025916 seconds, Stopping threads took: 0.0004282 seconds
[2023-10-01T16:40:19.813+0000][33.149s][debug][safepoint     ] Safepoint synchronization initiated. (29 threads)
[2023-10-01T16:40:19.813+0000][33.150s][info ][safepoint     ] Application time: 0.2216944 seconds
[2023-10-01T16:40:19.814+0000][33.150s][info ][safepoint     ] Entering safepoint region: Deoptimize
[2023-10-01T16:40:19.816+0000][33.152s][info ][safepoint     ] Leaving safepoint region
[2023-10-01T16:40:19.816+0000][33.153s][info ][safepoint     ] Total time for which application threads were stopped: 0.0027961 seconds, Stopping threads took: 0.0004509 seconds
[2023-10-01T16:40:20.096+0000][33.432s][debug][safepoint     ] Safepoint synchronization initiated. (29 threads)
[2023-10-01T16:40:20.096+0000][33.433s][info ][safepoint     ] Application time: 0.2794482 seconds
[2023-10-01T16:40:20.097+0000][33.434s][info ][safepoint     ] Entering safepoint region: G1CollectForAllocation
[2023-10-01T16:40:20.098+0000][33.434s][info ][gc,start      ] GC(42) Pause Young (Normal) (G1 Evacuation Pause)
[2023-10-01T16:40:20.098+0000][33.435s][info ][gc,task       ] GC(42) Using 8 workers of 8 for evacuation
[2023-10-01T16:40:20.120+0000][33.456s][info ][gc,phases     ] GC(42)   Pre Evacuate Collection Set: 0.0ms
[2023-10-01T16:40:20.120+0000][33.457s][info ][gc,phases     ] GC(42)   Evacuate Collection Set: 18.2ms
[2023-10-01T16:40:20.121+0000][33.458s][info ][gc,phases     ] GC(42)   Post Evacuate Collection Set: 3.0ms
[2023-10-01T16:40:20.121+0000][33.458s][info ][gc,phases     ] GC(42)   Other: 1.1ms
[2023-10-01T16:40:20.122+0000][33.459s][info ][gc,heap       ] GC(42) Eden regions: 175->0(177)
[2023-10-01T16:40:20.123+0000][33.459s][info ][gc,heap       ] GC(42) Survivor regions: 15->13(24)
[2023-10-01T16:40:20.123+0000][33.460s][info ][gc,heap       ] GC(42) Old regions: 59->64
[2023-10-01T16:40:20.124+0000][33.460s][info ][gc,heap       ] GC(42) Humongous regions: 0->0
[2023-10-01T16:40:20.124+0000][33.461s][info ][gc,metaspace  ] GC(42) Metaspace: 89735K(92576K)->89735K(92576K) NonClass: 78792K(80544K)->78792K(80544K) Class: 10943K(12032K)->10943K(12032K)
[2023-10-01T16:40:20.125+0000][33.461s][info ][gc            ] GC(42) Pause Young (Normal) (G1 Evacuation Pause) 247M->74M(317M) 27.004ms
[2023-10-01T16:40:20.125+0000][33.462s][info ][gc,cpu        ] GC(42) User=0.16s Sys=0.00s Real=0.02s
[2023-10-01T16:40:20.126+0000][33.463s][info ][safepoint     ] Leaving safepoint region
[2023-10-01T16:40:20.126+0000][33.463s][info ][safepoint     ] Total time for which application threads were stopped: 0.0295688 seconds, Stopping threads took: 0.0005002 seconds
[2023-10-01T16:40:20.127+0000][33.464s][info ][gc,stringdedup] Concurrent String Deduplication (33.464s)
[2023-10-01T16:40:20.131+0000][33.468s][info ][gc,stringdedup] Concurrent String Deduplication 569.1K->188.3K(380.9K) avg 52.3% (33.464s, 33.468s) 4.490ms
[2023-10-01T16:40:20.203+0000][33.539s][debug][safepoint     ] Safepoint synchronization initiated. (29 threads)
[2023-10-01T16:40:20.203+0000][33.540s][info ][safepoint     ] Application time: 0.0765009 seconds
[2023-10-01T16:40:20.204+0000][33.541s][info ][safepoint     ] Entering safepoint region: Deoptimize
[2023-10-01T16:40:20.206+0000][33.543s][info ][safepoint     ] Leaving safepoint region
[2023-10-01T16:40:20.206+0000][33.543s][info ][safepoint     ] Total time for which application threads were stopped: 0.0026518 seconds, Stopping threads took: 0.0004538 seconds
[2023-10-01T16:40:20.780+0000][34.116s][debug][safepoint     ] Safepoint synchronization initiated. (29 threads)
[2023-10-01T16:40:20.780+0000][34.117s][info ][safepoint     ] Application time: 0.5734269 seconds
[2023-10-01T16:40:20.781+0000][34.118s][info ][safepoint     ] Entering safepoint region: Deoptimize
[2023-10-01T16:40:20.783+0000][34.120s][info ][safepoint     ] Leaving safepoint region
[2023-10-01T16:40:20.784+0000][34.121s][info ][safepoint     ] Total time for which application threads were stopped: 0.0030908 seconds, Stopping threads took: 0.0004849 seconds
[2023-10-01T16:40:20.818+0000][34.155s][debug][safepoint     ] Safepoint synchronization initiated. (29 threads)
[2023-10-01T16:40:20.819+0000][34.156s][info ][safepoint     ] Application time: 0.0345745 seconds
[2023-10-01T16:40:20.820+0000][34.156s][info ][safepoint     ] Entering safepoint region: Deoptimize
[2023-10-01T16:40:20.822+0000][34.159s][info ][safepoint     ] Leaving safepoint region
[2023-10-01T16:40:20.822+0000][34.159s][info ][safepoint     ] Total time for which application threads were stopped: 0.0029104 seconds, Stopping threads took: 0.0005521 seconds
[2023-10-01T16:40:20.867+0000][34.204s][debug][safepoint     ] Safepoint synchronization initiated. (29 threads)
[2023-10-01T16:40:20.867+0000][34.204s][info ][safepoint     ] Application time: 0.0445072 seconds
[2023-10-01T16:40:20.868+0000][34.205s][info ][safepoint     ] Entering safepoint region: Deoptimize
[2023-10-01T16:40:20.870+0000][34.207s][info ][safepoint     ] Leaving safepoint region
[2023-10-01T16:40:20.870+0000][34.207s][info ][safepoint     ] Total time for which application threads were stopped: 0.0025240 seconds, Stopping threads took: 0.0004346 seconds
[2023-10-01T16:40:21.144+0000][34.481s][debug][safepoint     ] Safepoint synchronization initiated. (29 threads)
[2023-10-01T16:40:21.145+0000][34.482s][info ][safepoint     ] Application time: 0.2740132 seconds
[2023-10-01T16:40:21.145+0000][34.482s][info ][safepoint     ] Entering safepoint region: G1CollectForAllocation
[2023-10-01T16:40:21.146+0000][34.483s][info ][gc,start      ] GC(43) Pause Young (Normal) (G1 Evacuation Pause)
[2023-10-01T16:40:21.147+0000][34.484s][info ][gc,task       ] GC(43) Using 8 workers of 8 for evacuation
[2023-10-01T16:40:21.171+0000][34.508s][info ][gc,phases     ] GC(43)   Pre Evacuate Collection Set: 0.0ms
[2023-10-01T16:40:21.172+0000][34.509s][info ][gc,phases     ] GC(43)   Evacuate Collection Set: 20.5ms
[2023-10-01T16:40:21.173+0000][34.509s][info ][gc,phases     ] GC(43)   Post Evacuate Collection Set: 3.3ms
[2023-10-01T16:40:21.173+0000][34.510s][info ][gc,phases     ] GC(43)   Other: 1.2ms
[2023-10-01T16:40:21.174+0000][34.510s][info ][gc,heap       ] GC(43) Eden regions: 177->0(175)
[2023-10-01T16:40:21.174+0000][34.511s][info ][gc,heap       ] GC(43) Survivor regions: 13->15(24)
[2023-10-01T16:40:21.174+0000][34.511s][info ][gc,heap       ] GC(43) Old regions: 64->64
[2023-10-01T16:40:21.175+0000][34.511s][info ][gc,heap       ] GC(43) Humongous regions: 0->0
[2023-10-01T16:40:21.175+0000][34.512s][info ][gc,metaspace  ] GC(43) Metaspace: 91955K(94624K)->91955K(94624K) NonClass: 80708K(82336K)->80708K(82336K) Class: 11247K(12288K)->11247K(12288K)
[2023-10-01T16:40:21.176+0000][34.512s][info ][gc            ] GC(43) Pause Young (Normal) (G1 Evacuation Pause) 251M->76M(317M) 29.314ms
[2023-10-01T16:40:21.176+0000][34.513s][info ][gc,cpu        ] GC(43) User=0.15s Sys=0.04s Real=0.02s
[2023-10-01T16:40:21.177+0000][34.513s][info ][safepoint     ] Leaving safepoint region
[2023-10-01T16:40:21.177+0000][34.514s][info ][safepoint     ] Total time for which application threads were stopped: 0.0316463 seconds, Stopping threads took: 0.0005798 seconds
[2023-10-01T16:40:21.178+0000][34.515s][info ][gc,stringdedup] Concurrent String Deduplication (34.515s)
[2023-10-01T16:40:21.181+0000][34.518s][info ][gc,stringdedup] Concurrent String Deduplication 235.3K->70640.0B(166.3K) avg 52.7% (34.515s, 34.518s) 3.214ms
[2023-10-01T16:40:21.336+0000][34.673s][debug][safepoint     ] Safepoint synchronization initiated. (29 threads)
[2023-10-01T16:40:21.336+0000][34.673s][info ][safepoint     ] Application time: 0.1587086 seconds
[2023-10-01T16:40:21.337+0000][34.674s][info ][safepoint     ] Entering safepoint region: Deoptimize
[2023-10-01T16:40:21.339+0000][34.676s][info ][safepoint     ] Leaving safepoint region
[2023-10-01T16:40:21.340+0000][34.676s][info ][safepoint     ] Total time for which application threads were stopped: 0.0026495 seconds, Stopping threads took: 0.0004614 seconds
[2023-10-01T16:40:21.342+0000][34.678s][debug][safepoint     ] Safepoint synchronization initiated. (29 threads)
[2023-10-01T16:40:21.342+0000][34.679s][info ][safepoint     ] Application time: 0.0021035 seconds
[2023-10-01T16:40:21.343+0000][34.679s][info ][safepoint     ] Entering safepoint region: Deoptimize
[2023-10-01T16:40:21.345+0000][34.681s][info ][safepoint     ] Leaving safepoint region
[2023-10-01T16:40:21.346+0000][34.682s][info ][safepoint     ] Total time for which application threads were stopped: 0.0030040 seconds, Stopping threads took: 0.0004288 seconds
[2023-10-01T16:40:21.391+0000][34.728s][debug][safepoint     ] Safepoint synchronization initiated. (29 threads)
[2023-10-01T16:40:21.392+0000][34.728s][info ][safepoint     ] Application time: 0.0453846 seconds
[2023-10-01T16:40:21.392+0000][34.729s][info ][safepoint     ] Entering safepoint region: Deoptimize
[2023-10-01T16:40:21.394+0000][34.731s][info ][safepoint     ] Leaving safepoint region
[2023-10-01T16:40:21.395+0000][34.732s][info ][safepoint     ] Total time for which application threads were stopped: 0.0031153 seconds, Stopping threads took: 0.0005052 seconds
[2023-10-01T16:40:22.396+0000][35.733s][debug][safepoint     ] Safepoint synchronization initiated. (38 threads)
[2023-10-01T16:40:22.397+0000][35.734s][info ][safepoint     ] Application time: 1.0011834 seconds
[2023-10-01T16:40:22.398+0000][35.735s][debug][safepoint     ] ... found polling page return exception at pc = 0x00007fcf046ab79c, stub =0x00007fcefc840600
[2023-10-01T16:40:22.399+0000][35.736s][debug][safepoint     ] Waiting for 1 thread(s) to block
[2023-10-01T16:40:22.399+0000][35.736s][info ][safepoint     ] Entering safepoint region: Cleanup
[2023-10-01T16:40:22.400+0000][35.737s][info ][safepoint     ] Leaving safepoint region
[2023-10-01T16:40:22.401+0000][35.737s][info ][safepoint     ] Total time for which application threads were stopped: 0.0025072 seconds, Stopping threads took: 0.0017663 seconds
[2023-10-01T16:40:22.500+0000][35.836s][debug][safepoint     ] Safepoint synchronization initiated. (38 threads)
[2023-10-01T16:40:22.500+0000][35.837s][info ][safepoint     ] Application time: 0.0992854 seconds
[2023-10-01T16:40:22.501+0000][35.838s][info ][safepoint     ] Entering safepoint region: G1CollectForAllocation
[2023-10-01T16:40:22.502+0000][35.839s][info ][gc,start      ] GC(44) Pause Young (Normal) (G1 Evacuation Pause)
[2023-10-01T16:40:22.502+0000][35.839s][info ][gc,task       ] GC(44) Using 8 workers of 8 for evacuation
[2023-10-01T16:40:22.524+0000][35.861s][info ][gc,phases     ] GC(44)   Pre Evacuate Collection Set: 0.0ms
[2023-10-01T16:40:22.525+0000][35.861s][info ][gc,phases     ] GC(44)   Evacuate Collection Set: 18.2ms
[2023-10-01T16:40:22.525+0000][35.862s][info ][gc,phases     ] GC(44)   Post Evacuate Collection Set: 2.5ms
[2023-10-01T16:40:22.525+0000][35.862s][info ][gc,phases     ] GC(44)   Other: 1.3ms
[2023-10-01T16:40:22.526+0000][35.863s][info ][gc,heap       ] GC(44) Eden regions: 175->0(177)
[2023-10-01T16:40:22.526+0000][35.863s][info ][gc,heap       ] GC(44) Survivor regions: 15->13(24)
[2023-10-01T16:40:22.527+0000][35.864s][info ][gc,heap       ] GC(44) Old regions: 64->69
[2023-10-01T16:40:22.527+0000][35.864s][info ][gc,heap       ] GC(44) Humongous regions: 0->0
[2023-10-01T16:40:22.528+0000][35.864s][info ][gc,metaspace  ] GC(44) Metaspace: 95817K(98848K)->95817K(98848K) NonClass: 84032K(85920K)->84032K(85920K) Class: 11784K(12928K)->11784K(12928K)
[2023-10-01T16:40:22.528+0000][35.865s][info ][gc            ] GC(44) Pause Young (Normal) (G1 Evacuation Pause) 251M->79M(317M) 26.334ms
[2023-10-01T16:40:22.529+0000][35.865s][info ][gc,cpu        ] GC(44) User=0.15s Sys=0.00s Real=0.03s
[2023-10-01T16:40:22.529+0000][35.866s][info ][safepoint     ] Leaving safepoint region
[2023-10-01T16:40:22.530+0000][35.866s][info ][safepoint     ] Total time for which application threads were stopped: 0.0287258 seconds, Stopping threads took: 0.0005613 seconds
[2023-10-01T16:40:22.530+0000][35.867s][info ][gc,stringdedup] Concurrent String Deduplication (35.867s)
[2023-10-01T16:40:22.535+0000][35.871s][info ][gc,stringdedup] Concurrent String Deduplication 222.0K->103.3K(118.7K) avg 52.7% (35.867s, 35.871s) 4.291ms
[2023-10-01T16:40:22.780+0000][36.117s][debug][safepoint     ] Safepoint synchronization initiated. (38 threads)
[2023-10-01T16:40:22.781+0000][36.117s][info ][safepoint     ] Application time: 0.2505838 seconds
[2023-10-01T16:40:22.782+0000][36.118s][info ][safepoint     ] Entering safepoint region: Deoptimize
[2023-10-01T16:40:22.784+0000][36.121s][info ][safepoint     ] Leaving safepoint region
[2023-10-01T16:40:22.785+0000][36.121s][info ][safepoint     ] Total time for which application threads were stopped: 0.0030427 seconds, Stopping threads took: 0.0006452 seconds
[2023-10-01T16:40:22.995+0000][36.332s][debug][safepoint     ] Safepoint synchronization initiated. (38 threads)
[2023-10-01T16:40:22.996+0000][36.332s][info ][safepoint     ] Application time: 0.2105515 seconds
[2023-10-01T16:40:22.996+0000][36.333s][info ][safepoint     ] Entering safepoint region: CollectForMetadataAllocation
[2023-10-01T16:40:22.997+0000][36.334s][info ][gc,start      ] GC(45) Pause Young (Concurrent Start) (Metadata GC Threshold)
[2023-10-01T16:40:22.998+0000][36.335s][info ][gc,task       ] GC(45) Using 8 workers of 8 for evacuation
[2023-10-01T16:40:23.028+0000][36.365s][info ][gc,phases     ] GC(45)   Pre Evacuate Collection Set: 0.5ms
[2023-10-01T16:40:23.029+0000][36.366s][info ][gc,phases     ] GC(45)   Evacuate Collection Set: 25.9ms
[2023-10-01T16:40:23.030+0000][36.367s][info ][gc,phases     ] GC(45)   Post Evacuate Collection Set: 2.9ms
[2023-10-01T16:40:23.030+0000][36.367s][info ][gc,phases     ] GC(45)   Other: 1.9ms
[2023-10-01T16:40:23.031+0000][36.368s][info ][gc,heap       ] GC(45) Eden regions: 88->0(168)
[2023-10-01T16:40:23.031+0000][36.368s][info ][gc,heap       ] GC(45) Survivor regions: 13->14(24)
[2023-10-01T16:40:23.033+0000][36.369s][info ][gc,heap       ] GC(45) Old regions: 69->69
[2023-10-01T16:40:23.033+0000][36.370s][info ][gc,heap       ] GC(45) Humongous regions: 0->0
[2023-10-01T16:40:23.034+0000][36.371s][info ][gc,metaspace  ] GC(45) Metaspace: 97051K(99896K)->97051K(99896K) NonClass: 85098K(86840K)->85098K(86840K) Class: 11953K(13056K)->11953K(13056K)
[2023-10-01T16:40:23.034+0000][36.371s][info ][gc            ] GC(45) Pause Young (Concurrent Start) (Metadata GC Threshold) 167M->80M(317M) 37.127ms
[2023-10-01T16:40:23.035+0000][36.372s][info ][gc,cpu        ] GC(45) User=0.23s Sys=0.00s Real=0.03s
[2023-10-01T16:40:23.035+0000][36.372s][info ][gc            ] GC(46) Concurrent Cycle
[2023-10-01T16:40:23.036+0000][36.373s][info ][gc,marking    ] GC(46) Concurrent Clear Claimed Marks
[2023-10-01T16:40:23.036+0000][36.372s][info ][safepoint     ] Leaving safepoint region
[2023-10-01T16:40:23.037+0000][36.374s][info ][gc,marking    ] GC(46) Concurrent Clear Claimed Marks 0.946ms
[2023-10-01T16:40:23.037+0000][36.374s][info ][safepoint     ] Total time for which application threads were stopped: 0.0408130 seconds, Stopping threads took: 0.0006231 seconds
[2023-10-01T16:40:23.038+0000][36.374s][info ][gc,marking    ] GC(46) Concurrent Scan Root Regions
[2023-10-01T16:40:23.038+0000][36.375s][info ][gc,stringdedup] Concurrent String Deduplication (36.375s)
[2023-10-01T16:40:23.041+0000][36.378s][info ][gc,stringdedup] Concurrent String Deduplication 162.3K->62912.0B(100.9K) avg 52.9% (36.375s, 36.378s) 3.327ms
[2023-10-01T16:40:23.051+0000][36.388s][info ][gc,marking    ] GC(46) Concurrent Scan Root Regions 13.614ms
[2023-10-01T16:40:23.052+0000][36.389s][info ][gc,marking    ] GC(46) Concurrent Mark (36.389s)
[2023-10-01T16:40:23.053+0000][36.389s][info ][gc,marking    ] GC(46) Concurrent Mark From Roots
[2023-10-01T16:40:23.053+0000][36.390s][info ][gc,task       ] GC(46) Using 2 workers of 2 for marking
[2023-10-01T16:40:23.210+0000][36.547s][info ][gc,marking    ] GC(46) Concurrent Mark From Roots 157.879ms
[2023-10-01T16:40:23.211+0000][36.548s][info ][gc,marking    ] GC(46) Concurrent Preclean
[2023-10-01T16:40:23.212+0000][36.549s][info ][gc,marking    ] GC(46) Concurrent Preclean 0.984ms
[2023-10-01T16:40:23.213+0000][36.549s][info ][gc,marking    ] GC(46) Concurrent Mark (36.389s, 36.549s) 160.800ms
[2023-10-01T16:40:23.213+0000][36.550s][debug][safepoint     ] Safepoint synchronization initiated. (38 threads)
[2023-10-01T16:40:23.214+0000][36.551s][info ][safepoint     ] Application time: 0.1760905 seconds
[2023-10-01T16:40:23.218+0000][36.555s][debug][safepoint     ] ... found polling page return exception at pc = 0x00007fcf042caf9b, stub =0x00007fcefc840600
[2023-10-01T16:40:23.221+0000][36.557s][debug][safepoint     ] Waiting for 1 thread(s) to block
[2023-10-01T16:40:23.221+0000][36.558s][info ][safepoint     ] Entering safepoint region: CGC_Operation
[2023-10-01T16:40:23.222+0000][36.559s][info ][gc,start      ] GC(46) Pause Remark
[2023-10-01T16:40:23.253+0000][36.590s][info ][gc,stringtable] GC(46) Cleaned string and symbol table, strings: 47956 processed, 63 removed, symbols: 261486 processed, 343 removed
[2023-10-01T16:40:23.254+0000][36.591s][info ][gc            ] GC(46) Pause Remark 97M->97M(317M) 31.599ms
[2023-10-01T16:40:23.254+0000][36.591s][info ][gc,cpu        ] GC(46) User=0.20s Sys=0.00s Real=0.03s
[2023-10-01T16:40:23.255+0000][36.592s][info ][safepoint     ] Leaving safepoint region
[2023-10-01T16:40:23.256+0000][36.592s][info ][safepoint     ] Total time for which application threads were stopped: 0.0375977 seconds, Stopping threads took: 0.0040170 seconds
[2023-10-01T16:40:23.256+0000][36.593s][info ][gc,marking    ] GC(46) Concurrent Rebuild Remembered Sets
[2023-10-01T16:40:23.354+0000][36.691s][info ][gc,marking    ] GC(46) Concurrent Rebuild Remembered Sets 97.634ms
[2023-10-01T16:40:23.355+0000][36.692s][debug][safepoint     ] Safepoint synchronization initiated. (38 threads)
[2023-10-01T16:40:23.356+0000][36.692s][info ][safepoint     ] Application time: 0.0993983 seconds
[2023-10-01T16:40:23.356+0000][36.693s][debug][safepoint     ] Waiting for 1 thread(s) to block
[2023-10-01T16:40:23.357+0000][36.694s][info ][safepoint     ] Entering safepoint region: CGC_Operation
[2023-10-01T16:40:23.358+0000][36.695s][info ][gc,start      ] GC(46) Pause Cleanup
[2023-10-01T16:40:23.359+0000][36.696s][info ][gc            ] GC(46) Pause Cleanup 108M->108M(317M) 0.905ms
[2023-10-01T16:40:23.360+0000][36.697s][info ][gc,cpu        ] GC(46) User=0.00s Sys=0.00s Real=0.00s
[2023-10-01T16:40:23.361+0000][36.697s][info ][safepoint     ] Leaving safepoint region
[2023-10-01T16:40:23.361+0000][36.698s][info ][safepoint     ] Total time for which application threads were stopped: 0.0050917 seconds, Stopping threads took: 0.0017999 seconds
[2023-10-01T16:40:23.362+0000][36.699s][info ][gc,marking    ] GC(46) Concurrent Cleanup for Next Mark
[2023-10-01T16:40:23.364+0000][36.701s][info ][gc,marking    ] GC(46) Concurrent Cleanup for Next Mark 1.735ms
[2023-10-01T16:40:23.365+0000][36.701s][info ][gc            ] GC(46) Concurrent Cycle 329.162ms
[2023-10-01T16:40:23.918+0000][37.255s][debug][safepoint     ] Safepoint synchronization initiated. (38 threads)
[2023-10-01T16:40:23.919+0000][37.256s][info ][safepoint     ] Application time: 0.5566520 seconds
[2023-10-01T16:40:23.919+0000][37.256s][info ][safepoint     ] Entering safepoint region: Deoptimize
[2023-10-01T16:40:23.922+0000][37.258s][info ][safepoint     ] Leaving safepoint region
[2023-10-01T16:40:23.922+0000][37.259s][info ][safepoint     ] Total time for which application threads were stopped: 0.0029764 seconds, Stopping threads took: 0.0005583 seconds
[2023-10-01T16:40:24.223+0000][37.559s][debug][safepoint     ] Safepoint synchronization initiated. (50 threads)
[2023-10-01T16:40:24.224+0000][37.560s][info ][safepoint     ] Application time: 0.3006975 seconds
[2023-10-01T16:40:24.225+0000][37.562s][info ][safepoint     ] Entering safepoint region: Deoptimize
[2023-10-01T16:40:24.228+0000][37.564s][info ][safepoint     ] Leaving safepoint region
[2023-10-01T16:40:24.228+0000][37.565s][info ][safepoint     ] Total time for which application threads were stopped: 0.0031197 seconds, Stopping threads took: 0.0005963 seconds
[2023-10-01T16:40:24.411+0000][37.748s][debug][safepoint     ] Safepoint synchronization initiated. (50 threads)
[2023-10-01T16:40:24.412+0000][37.748s][info ][safepoint     ] Application time: 0.1828762 seconds
[2023-10-01T16:40:24.412+0000][37.749s][info ][safepoint     ] Entering safepoint region: G1CollectForAllocation
[2023-10-01T16:40:24.413+0000][37.750s][info ][gc,start      ] GC(47) Pause Young (Normal) (G1 Evacuation Pause)
[2023-10-01T16:40:24.414+0000][37.750s][info ][gc,task       ] GC(47) Using 8 workers of 8 for evacuation
[2023-10-01T16:40:24.441+0000][37.778s][info ][gc,phases     ] GC(47)   Pre Evacuate Collection Set: 0.0ms
[2023-10-01T16:40:24.442+0000][37.778s][info ][gc,phases     ] GC(47)   Evacuate Collection Set: 23.0ms
[2023-10-01T16:40:24.442+0000][37.779s][info ][gc,phases     ] GC(47)   Post Evacuate Collection Set: 3.5ms
[2023-10-01T16:40:24.443+0000][37.779s][info ][gc,phases     ] GC(47)   Other: 1.2ms
[2023-10-01T16:40:24.443+0000][37.780s][info ][gc,heap       ] GC(47) Eden regions: 168->0(172)
[2023-10-01T16:40:24.443+0000][37.780s][info ][gc,heap       ] GC(47) Survivor regions: 14->12(23)
[2023-10-01T16:40:24.444+0000][37.781s][info ][gc,heap       ] GC(47) Old regions: 69->72
[2023-10-01T16:40:24.444+0000][37.781s][info ][gc,heap       ] GC(47) Humongous regions: 0->0
[2023-10-01T16:40:24.445+0000][37.781s][info ][gc,metaspace  ] GC(47) Metaspace: 99692K(103072K)->99692K(103072K) NonClass: 87338K(89504K)->87338K(89504K) Class: 12354K(13568K)->12354K(13568K)
[2023-10-01T16:40:24.445+0000][37.782s][info ][gc            ] GC(47) Pause Young (Normal) (G1 Evacuation Pause) 248M->82M(317M) 31.925ms
[2023-10-01T16:40:24.446+0000][37.782s][info ][gc,cpu        ] GC(47) User=0.22s Sys=0.01s Real=0.03s
[2023-10-01T16:40:24.446+0000][37.783s][info ][safepoint     ] Leaving safepoint region
[2023-10-01T16:40:24.446+0000][37.783s][info ][safepoint     ] Total time for which application threads were stopped: 0.0341794 seconds, Stopping threads took: 0.0005938 seconds
[2023-10-01T16:40:24.447+0000][37.784s][info ][gc,stringdedup] Concurrent String Deduplication (37.784s)
[2023-10-01T16:40:24.459+0000][37.795s][info ][gc,stringdedup] Concurrent String Deduplication 482.6K->349.7K(133.0K) avg 51.8% (37.784s, 37.795s) 11.701ms
[2023-10-01T16:40:25.447+0000][38.784s][debug][safepoint     ] Safepoint synchronization initiated. (50 threads)
[2023-10-01T16:40:25.448+0000][38.784s][info ][safepoint     ] Application time: 1.0007652 seconds
[2023-10-01T16:40:25.448+0000][38.785s][info ][safepoint     ] Entering safepoint region: Cleanup
[2023-10-01T16:40:25.449+0000][38.786s][info ][safepoint     ] Leaving safepoint region
[2023-10-01T16:40:25.450+0000][38.786s][info ][safepoint     ] Total time for which application threads were stopped: 0.0014204 seconds, Stopping threads took: 0.0004594 seconds
[2023-10-01T16:40:26.450+0000][39.787s][debug][safepoint     ] Safepoint synchronization initiated. (49 threads)
[2023-10-01T16:40:26.451+0000][39.788s][info ][safepoint     ] Application time: 1.0009143 seconds
[2023-10-01T16:40:26.451+0000][39.788s][info ][safepoint     ] Entering safepoint region: Cleanup
[2023-10-01T16:40:26.452+0000][39.789s][info ][safepoint     ] Leaving safepoint region
[2023-10-01T16:40:26.453+0000][39.789s][info ][safepoint     ] Total time for which application threads were stopped: 0.0012812 seconds, Stopping threads took: 0.0005800 seconds
[2023-10-01T16:40:27.453+0000][40.790s][debug][safepoint     ] Safepoint synchronization initiated. (49 threads)
[2023-10-01T16:40:27.454+0000][40.791s][info ][safepoint     ] Application time: 1.0006696 seconds
[2023-10-01T16:40:27.454+0000][40.791s][info ][safepoint     ] Entering safepoint region: Cleanup
[2023-10-01T16:40:27.455+0000][40.792s][info ][safepoint     ] Leaving safepoint region
[2023-10-01T16:40:27.456+0000][40.792s][info ][safepoint     ] Total time for which application threads were stopped: 0.0012092 seconds, Stopping threads took: 0.0005448 seconds
[2023-10-01T16:40:28.456+0000][41.793s][debug][safepoint     ] Safepoint synchronization initiated. (48 threads)
[2023-10-01T16:40:28.457+0000][41.794s][info ][safepoint     ] Application time: 1.0010681 seconds
[2023-10-01T16:40:28.458+0000][41.795s][info ][safepoint     ] Entering safepoint region: Cleanup
[2023-10-01T16:40:28.459+0000][41.795s][info ][safepoint     ] Leaving safepoint region
[2023-10-01T16:40:28.459+0000][41.796s][info ][safepoint     ] Total time for which application threads were stopped: 0.0015948 seconds, Stopping threads took: 0.0006337 seconds
[2023-10-01T16:40:29.460+0000][42.797s][debug][safepoint     ] Safepoint synchronization initiated. (48 threads)
[2023-10-01T16:40:29.461+0000][42.798s][info ][safepoint     ] Application time: 1.0009408 seconds
[2023-10-01T16:40:29.462+0000][42.798s][info ][safepoint     ] Entering safepoint region: Cleanup
[2023-10-01T16:40:29.462+0000][42.799s][info ][safepoint     ] Leaving safepoint region
[2023-10-01T16:40:29.463+0000][42.800s][info ][safepoint     ] Total time for which application threads were stopped: 0.0011820 seconds, Stopping threads took: 0.0005179 seconds
[2023-10-01T16:40:30.464+0000][43.800s][debug][safepoint     ] Safepoint synchronization initiated. (48 threads)
[2023-10-01T16:40:30.464+0000][43.801s][info ][safepoint     ] Application time: 1.0007144 seconds
[2023-10-01T16:40:30.465+0000][43.801s][info ][safepoint     ] Entering safepoint region: Cleanup
[2023-10-01T16:40:30.465+0000][43.802s][info ][safepoint     ] Leaving safepoint region
[2023-10-01T16:40:30.466+0000][43.802s][info ][safepoint     ] Total time for which application threads were stopped: 0.0009925 seconds, Stopping threads took: 0.0003299 seconds
[2023-10-01T16:40:31.466+0000][44.803s][debug][safepoint     ] Safepoint synchronization initiated. (48 threads)
[2023-10-01T16:40:31.467+0000][44.804s][info ][safepoint     ] Application time: 1.0009933 seconds
[2023-10-01T16:40:31.468+0000][44.804s][info ][safepoint     ] Entering safepoint region: Cleanup
[2023-10-01T16:40:31.468+0000][44.805s][info ][safepoint     ] Leaving safepoint region
[2023-10-01T16:40:31.469+0000][44.805s][info ][safepoint     ] Total time for which application threads were stopped: 0.0012281 seconds, Stopping threads took: 0.0006071 seconds
[2023-10-01T16:40:32.469+0000][45.806s][debug][safepoint     ] Safepoint synchronization initiated. (48 threads)
[2023-10-01T16:40:32.470+0000][45.807s][info ][safepoint     ] Application time: 1.0007642 seconds
[2023-10-01T16:40:32.471+0000][45.807s][info ][safepoint     ] Entering safepoint region: Cleanup
[2023-10-01T16:40:32.471+0000][45.808s][info ][safepoint     ] Leaving safepoint region
[2023-10-01T16:40:32.472+0000][45.808s][info ][safepoint     ] Total time for which application threads were stopped: 0.0011076 seconds, Stopping threads took: 0.0004333 seconds
[2023-10-01T16:40:33.472+0000][46.809s][debug][safepoint     ] Safepoint synchronization initiated. (48 threads)
[2023-10-01T16:40:33.473+0000][46.810s][info ][safepoint     ] Application time: 1.0008775 seconds
[2023-10-01T16:40:33.473+0000][46.810s][info ][safepoint     ] Entering safepoint region: Cleanup
[2023-10-01T16:40:33.474+0000][46.811s][info ][safepoint     ] Leaving safepoint region
[2023-10-01T16:40:33.474+0000][46.811s][info ][safepoint     ] Total time for which application threads were stopped: 0.0010457 seconds, Stopping threads took: 0.0004317 seconds
[2023-10-01T16:40:34.475+0000][47.812s][debug][safepoint     ] Safepoint synchronization initiated. (48 threads)
[2023-10-01T16:40:34.476+0000][47.812s][info ][safepoint     ] Application time: 1.0009033 seconds
[2023-10-01T16:40:34.476+0000][47.813s][info ][safepoint     ] Entering safepoint region: Cleanup
[2023-10-01T16:40:34.477+0000][47.814s][info ][safepoint     ] Leaving safepoint region
[2023-10-01T16:40:34.477+0000][47.814s][info ][safepoint     ] Total time for which application threads were stopped: 0.0013227 seconds, Stopping threads took: 0.0006621 seconds
[2023-10-01T16:40:35.478+0000][48.815s][debug][safepoint     ] Safepoint synchronization initiated. (48 threads)
[2023-10-01T16:40:35.479+0000][48.816s][info ][safepoint     ] Application time: 1.0013065 seconds
[2023-10-01T16:40:35.481+0000][48.817s][info ][safepoint     ] Entering safepoint region: Cleanup
[2023-10-01T16:40:35.481+0000][48.818s][info ][safepoint     ] Leaving safepoint region
[2023-10-01T16:40:35.482+0000][48.819s][info ][safepoint     ] Total time for which application threads were stopped: 0.0016379 seconds, Stopping threads took: 0.0009597 seconds
[2023-10-01T16:40:36.483+0000][49.819s][debug][safepoint     ] Safepoint synchronization initiated. (48 threads)
[2023-10-01T16:40:36.483+0000][49.820s][info ][safepoint     ] Application time: 1.0009051 seconds
[2023-10-01T16:40:36.484+0000][49.821s][info ][safepoint     ] Entering safepoint region: Cleanup
[2023-10-01T16:40:36.485+0000][49.821s][info ][safepoint     ] Leaving safepoint region
[2023-10-01T16:40:36.485+0000][49.822s][info ][safepoint     ] Total time for which application threads were stopped: 0.0012972 seconds, Stopping threads took: 0.0005540 seconds
[2023-10-01T16:40:37.486+0000][50.823s][debug][safepoint     ] Safepoint synchronization initiated. (48 threads)
[2023-10-01T16:40:37.487+0000][50.823s][info ][safepoint     ] Application time: 1.0008983 seconds
[2023-10-01T16:40:37.487+0000][50.824s][info ][safepoint     ] Entering safepoint region: Cleanup
[2023-10-01T16:40:37.488+0000][50.825s][info ][safepoint     ] Leaving safepoint region
[2023-10-01T16:40:37.488+0000][50.825s][info ][safepoint     ] Total time for which application threads were stopped: 0.0011635 seconds, Stopping threads took: 0.0005443 seconds
[2023-10-01T16:40:38.489+0000][51.826s][debug][safepoint     ] Safepoint synchronization initiated. (48 threads)
[2023-10-01T16:40:38.490+0000][51.826s][info ][safepoint     ] Application time: 1.0009710 seconds
[2023-10-01T16:40:38.490+0000][51.827s][info ][safepoint     ] Entering safepoint region: Cleanup
[2023-10-01T16:40:38.491+0000][51.828s][info ][safepoint     ] Leaving safepoint region
[2023-10-01T16:40:38.492+0000][51.828s][info ][safepoint     ] Total time for which application threads were stopped: 0.0011967 seconds, Stopping threads took: 0.0005104 seconds
[2023-10-01T16:40:39.492+0000][52.829s][debug][safepoint     ] Safepoint synchronization initiated. (48 threads)
[2023-10-01T16:40:39.493+0000][52.829s][info ][safepoint     ] Application time: 1.0007008 seconds
[2023-10-01T16:40:39.493+0000][52.830s][info ][safepoint     ] Entering safepoint region: Cleanup
[2023-10-01T16:40:39.494+0000][52.831s][info ][safepoint     ] Leaving safepoint region
[2023-10-01T16:40:39.494+0000][52.831s][info ][safepoint     ] Total time for which application threads were stopped: 0.0011881 seconds, Stopping threads took: 0.0005519 seconds
[2023-10-01T16:40:40.495+0000][53.832s][debug][safepoint     ] Safepoint synchronization initiated. (48 threads)
[2023-10-01T16:40:40.496+0000][53.832s][info ][safepoint     ] Application time: 1.0007752 seconds
[2023-10-01T16:40:40.496+0000][53.833s][info ][safepoint     ] Entering safepoint region: Cleanup
[2023-10-01T16:40:40.496+0000][53.833s][info ][safepoint     ] Leaving safepoint region
[2023-10-01T16:40:40.497+0000][53.833s][info ][safepoint     ] Total time for which application threads were stopped: 0.0007803 seconds, Stopping threads took: 0.0003305 seconds
[2023-10-01T16:40:41.497+0000][54.834s][debug][safepoint     ] Safepoint synchronization initiated. (48 threads)
[2023-10-01T16:40:41.498+0000][54.835s][info ][safepoint     ] Application time: 1.0007356 seconds
[2023-10-01T16:40:41.498+0000][54.835s][info ][safepoint     ] Entering safepoint region: Cleanup
[2023-10-01T16:40:41.499+0000][54.836s][info ][safepoint     ] Leaving safepoint region
[2023-10-01T16:40:41.499+0000][54.836s][info ][safepoint     ] Total time for which application threads were stopped: 0.0010962 seconds, Stopping threads took: 0.0004857 seconds
[2023-10-01T16:40:42.500+0000][55.837s][debug][safepoint     ] Safepoint synchronization initiated. (48 threads)
[2023-10-01T16:40:42.501+0000][55.838s][info ][safepoint     ] Application time: 1.0010518 seconds
[2023-10-01T16:40:42.501+0000][55.838s][debug][safepoint     ] ... found polling page return exception at pc = 0x00007fcefd66d839, stub =0x00007fcefc840600
[2023-10-01T16:40:42.501+0000][55.838s][debug][safepoint     ] ... found polling page return exception at pc = 0x00007fcefd7fad2d, stub =0x00007fcefc840600
[2023-10-01T16:40:42.501+0000][55.838s][debug][safepoint     ] ... found polling page return exception at pc = 0x00007fcefd7fad2d, stub =0x00007fcefc840600
[2023-10-01T16:40:42.503+0000][55.840s][debug][safepoint     ] Waiting for 3 thread(s) to block
[2023-10-01T16:40:42.504+0000][55.841s][info ][safepoint     ] Entering safepoint region: Cleanup
[2023-10-01T16:40:42.505+0000][55.842s][info ][safepoint     ] Leaving safepoint region
[2023-10-01T16:40:42.505+0000][55.842s][info ][safepoint     ] Total time for which application threads were stopped: 0.0040222 seconds, Stopping threads took: 0.0033005 seconds
[2023-10-01T16:40:43.506+0000][56.843s][debug][safepoint     ] Safepoint synchronization initiated. (48 threads)
[2023-10-01T16:40:43.507+0000][56.844s][info ][safepoint     ] Application time: 1.0010640 seconds
[2023-10-01T16:40:43.507+0000][56.844s][info ][safepoint     ] Entering safepoint region: Cleanup
[2023-10-01T16:40:43.508+0000][56.845s][info ][safepoint     ] Leaving safepoint region
[2023-10-01T16:40:43.509+0000][56.845s][info ][safepoint     ] Total time for which application threads were stopped: 0.0013147 seconds, Stopping threads took: 0.0005627 seconds
[2023-10-01T16:40:44.509+0000][57.846s][debug][safepoint     ] Safepoint synchronization initiated. (48 threads)
[2023-10-01T16:40:44.510+0000][57.847s][info ][safepoint     ] Application time: 1.0008228 seconds
[2023-10-01T16:40:44.511+0000][57.847s][info ][safepoint     ] Entering safepoint region: Cleanup
[2023-10-01T16:40:44.511+0000][57.848s][info ][safepoint     ] Leaving safepoint region
[2023-10-01T16:40:44.512+0000][57.849s][info ][safepoint     ] Total time for which application threads were stopped: 0.0012798 seconds, Stopping threads took: 0.0005494 seconds
[2023-10-01T16:40:45.513+0000][58.849s][debug][safepoint     ] Safepoint synchronization initiated. (51 threads)
[2023-10-01T16:40:45.513+0000][58.850s][info ][safepoint     ] Application time: 1.0008044 seconds
[2023-10-01T16:40:45.514+0000][58.850s][debug][safepoint     ] Waiting for 1 thread(s) to block
[2023-10-01T16:40:45.514+0000][58.851s][info ][safepoint     ] Entering safepoint region: Cleanup
[2023-10-01T16:40:45.515+0000][58.852s][info ][safepoint     ] Leaving safepoint region
[2023-10-01T16:40:45.515+0000][58.852s][info ][safepoint     ] Total time for which application threads were stopped: 0.0018250 seconds, Stopping threads took: 0.0011616 seconds
[2023-10-01T16:40:45.563+0000][58.900s][debug][safepoint     ] Safepoint synchronization initiated. (51 threads)
[2023-10-01T16:40:45.564+0000][58.900s][info ][safepoint     ] Application time: 0.0478083 seconds
[2023-10-01T16:40:45.564+0000][58.901s][info ][safepoint     ] Entering safepoint region: Deoptimize
[2023-10-01T16:40:45.566+0000][58.903s][info ][safepoint     ] Leaving safepoint region
[2023-10-01T16:40:45.567+0000][58.904s][info ][safepoint     ] Total time for which application threads were stopped: 0.0030070 seconds, Stopping threads took: 0.0004967 seconds
[2023-10-01T16:40:45.611+0000][58.947s][debug][safepoint     ] Safepoint synchronization initiated. (51 threads)
[2023-10-01T16:40:45.611+0000][58.948s][info ][safepoint     ] Application time: 0.0438562 seconds
[2023-10-01T16:40:45.612+0000][58.949s][info ][safepoint     ] Entering safepoint region: Deoptimize
[2023-10-01T16:40:45.615+0000][58.951s][info ][safepoint     ] Leaving safepoint region
[2023-10-01T16:40:45.615+0000][58.952s][info ][safepoint     ] Total time for which application threads were stopped: 0.0030076 seconds, Stopping threads took: 0.0006706 seconds
[2023-10-01T16:40:46.194+0000][59.531s][debug][safepoint     ] Safepoint synchronization initiated. (50 threads)
[2023-10-01T16:40:46.195+0000][59.532s][info ][safepoint     ] Application time: 0.5792544 seconds
[2023-10-01T16:40:46.196+0000][59.532s][info ][safepoint     ] Entering safepoint region: ICBufferFull
[2023-10-01T16:40:46.196+0000][59.533s][info ][safepoint     ] Leaving safepoint region
[2023-10-01T16:40:46.197+0000][59.533s][info ][safepoint     ] Total time for which application threads were stopped: 0.0011966 seconds, Stopping threads took: 0.0004394 seconds
[2023-10-01T16:40:46.730+0000][60.067s][debug][safepoint     ] Safepoint synchronization initiated. (50 threads)
[2023-10-01T16:40:46.731+0000][60.068s][info ][safepoint     ] Application time: 0.5339942 seconds
[2023-10-01T16:40:46.732+0000][60.068s][info ][safepoint     ] Entering safepoint region: ICBufferFull
[2023-10-01T16:40:46.732+0000][60.069s][info ][safepoint     ] Leaving safepoint region
[2023-10-01T16:40:46.733+0000][60.070s][info ][safepoint     ] Total time for which application threads were stopped: 0.0013023 seconds, Stopping threads took: 0.0005179 seconds
[2023-10-01T16:40:46.954+0000][60.291s][debug][safepoint     ] Safepoint synchronization initiated. (50 threads)
[2023-10-01T16:40:46.955+0000][60.292s][info ][safepoint     ] Application time: 0.2217739 seconds
[2023-10-01T16:40:46.956+0000][60.292s][info ][safepoint     ] Entering safepoint region: Deoptimize
[2023-10-01T16:40:46.958+0000][60.295s][info ][safepoint     ] Leaving safepoint region
[2023-10-01T16:40:46.959+0000][60.296s][info ][safepoint     ] Total time for which application threads were stopped: 0.0034351 seconds, Stopping threads took: 0.0005602 seconds
[2023-10-01T16:40:47.072+0000][60.409s][debug][safepoint     ] Safepoint synchronization initiated. (50 threads)
[2023-10-01T16:40:47.073+0000][60.410s][info ][safepoint     ] Application time: 0.1134478 seconds
[2023-10-01T16:40:47.074+0000][60.410s][info ][safepoint     ] Entering safepoint region: Deoptimize
[2023-10-01T16:40:47.076+0000][60.413s][info ][safepoint     ] Leaving safepoint region
[2023-10-01T16:40:47.077+0000][60.414s][info ][safepoint     ] Total time for which application threads were stopped: 0.0035607 seconds, Stopping threads took: 0.0006589 seconds
[2023-10-01T16:40:47.122+0000][60.459s][debug][safepoint     ] Safepoint synchronization initiated. (51 threads)
[2023-10-01T16:40:47.123+0000][60.460s][info ][safepoint     ] Application time: 0.0452966 seconds
[2023-10-01T16:40:47.124+0000][60.460s][info ][safepoint     ] Entering safepoint region: Deoptimize
[2023-10-01T16:40:47.126+0000][60.463s][info ][safepoint     ] Leaving safepoint region
[2023-10-01T16:40:47.127+0000][60.464s][info ][safepoint     ] Total time for which application threads were stopped: 0.0030411 seconds, Stopping threads took: 0.0005760 seconds
[2023-10-01T16:40:47.154+0000][60.491s][debug][safepoint     ] Safepoint synchronization initiated. (51 threads)
[2023-10-01T16:40:47.155+0000][60.492s][info ][safepoint     ] Application time: 0.0278337 seconds
[2023-10-01T16:40:47.156+0000][60.492s][info ][safepoint     ] Entering safepoint region: Deoptimize
[2023-10-01T16:40:47.158+0000][60.495s][info ][safepoint     ] Leaving safepoint region
[2023-10-01T16:40:47.159+0000][60.496s][info ][safepoint     ] Total time for which application threads were stopped: 0.0033743 seconds, Stopping threads took: 0.0005999 seconds
[2023-10-01T16:40:47.688+0000][61.025s][debug][safepoint     ] Safepoint synchronization initiated. (51 threads)
[2023-10-01T16:40:47.689+0000][61.026s][info ][safepoint     ] Application time: 0.5295184 seconds
[2023-10-01T16:40:47.690+0000][61.027s][info ][safepoint     ] Entering safepoint region: G1CollectForAllocation
[2023-10-01T16:40:47.691+0000][61.028s][info ][gc,start      ] GC(48) Pause Young (Normal) (G1 Evacuation Pause)
[2023-10-01T16:40:47.692+0000][61.028s][info ][gc,task       ] GC(48) Using 8 workers of 8 for evacuation
[2023-10-01T16:40:47.728+0000][61.065s][info ][gc,phases     ] GC(48)   Pre Evacuate Collection Set: 0.0ms
[2023-10-01T16:40:47.729+0000][61.066s][info ][gc,phases     ] GC(48)   Evacuate Collection Set: 25.1ms
[2023-10-01T16:40:47.730+0000][61.066s][info ][gc,phases     ] GC(48)   Post Evacuate Collection Set: 9.5ms
[2023-10-01T16:40:47.730+0000][61.067s][info ][gc,phases     ] GC(48)   Other: 2.2ms
[2023-10-01T16:40:47.731+0000][61.067s][info ][gc,heap       ] GC(48) Eden regions: 172->0(171)
[2023-10-01T16:40:47.733+0000][61.070s][info ][gc,heap       ] GC(48) Survivor regions: 12->16(23)
[2023-10-01T16:40:47.734+0000][61.070s][info ][gc,heap       ] GC(48) Old regions: 72->72
[2023-10-01T16:40:47.734+0000][61.071s][info ][gc,heap       ] GC(48) Humongous regions: 0->0
[2023-10-01T16:40:47.735+0000][61.072s][info ][gc,metaspace  ] GC(48) Metaspace: 108615K(112160K)->108615K(112160K) NonClass: 95305K(97440K)->95305K(97440K) Class: 13310K(14720K)->13310K(14720K)
[2023-10-01T16:40:47.735+0000][61.072s][info ][gc            ] GC(48) Pause Young (Normal) (G1 Evacuation Pause) 254M->85M(317M) 44.477ms
[2023-10-01T16:40:47.736+0000][61.073s][info ][gc,cpu        ] GC(48) User=0.25s Sys=0.00s Real=0.04s
[2023-10-01T16:40:47.736+0000][61.073s][info ][safepoint     ] Leaving safepoint region
[2023-10-01T16:40:47.737+0000][61.074s][info ][safepoint     ] Total time for which application threads were stopped: 0.0468917 seconds, Stopping threads took: 0.0006299 seconds
[2023-10-01T16:40:47.738+0000][61.074s][info ][gc,stringdedup] Concurrent String Deduplication (61.074s)
[2023-10-01T16:40:47.739+0000][61.076s][info ][gc,stringdedup] Concurrent String Deduplication 50080.0B->19152.0B(30928.0B) avg 51.9% (61.074s, 61.076s) 1.454ms
[2023-10-01T16:40:48.315+0000][61.652s][debug][safepoint     ] Safepoint synchronization initiated. (52 threads)
[2023-10-01T16:40:48.316+0000][61.653s][info ][safepoint     ] Application time: 0.5786801 seconds
[2023-10-01T16:40:48.317+0000][61.653s][info ][safepoint     ] Entering safepoint region: ICBufferFull
[2023-10-01T16:40:48.317+0000][61.654s][info ][safepoint     ] Leaving safepoint region
[2023-10-01T16:40:48.318+0000][61.655s][info ][safepoint     ] Total time for which application threads were stopped: 0.0012650 seconds, Stopping threads took: 0.0005084 seconds
[2023-10-01T16:40:49.208+0000][62.544s][debug][safepoint     ] Safepoint synchronization initiated. (50 threads)
[2023-10-01T16:40:49.208+0000][62.545s][info ][safepoint     ] Application time: 0.8901253 seconds
[2023-10-01T16:40:49.209+0000][62.546s][info ][safepoint     ] Entering safepoint region: ICBufferFull
[2023-10-01T16:40:49.210+0000][62.547s][info ][safepoint     ] Leaving safepoint region
[2023-10-01T16:40:49.211+0000][62.547s][info ][safepoint     ] Total time for which application threads were stopped: 0.0016052 seconds, Stopping threads took: 0.0005991 seconds
[2023-10-01T16:40:49.849+0000][63.186s][debug][safepoint     ] Safepoint synchronization initiated. (51 threads)
[2023-10-01T16:40:49.850+0000][63.186s][info ][safepoint     ] Application time: 0.6384672 seconds
[2023-10-01T16:40:49.850+0000][63.187s][info ][safepoint     ] Entering safepoint region: ICBufferFull
[2023-10-01T16:40:49.851+0000][63.188s][info ][safepoint     ] Leaving safepoint region
[2023-10-01T16:40:49.852+0000][63.188s][info ][safepoint     ] Total time for which application threads were stopped: 0.0014591 seconds, Stopping threads took: 0.0006041 seconds
[2023-10-01T16:40:50.852+0000][64.189s][debug][safepoint     ] Safepoint synchronization initiated. (50 threads)
[2023-10-01T16:40:50.853+0000][64.190s][info ][safepoint     ] Application time: 1.0006812 seconds
[2023-10-01T16:40:50.853+0000][64.190s][info ][safepoint     ] Entering safepoint region: Cleanup
[2023-10-01T16:40:50.854+0000][64.191s][info ][safepoint     ] Leaving safepoint region
[2023-10-01T16:40:50.855+0000][64.191s][info ][safepoint     ] Total time for which application threads were stopped: 0.0012032 seconds, Stopping threads took: 0.0004450 seconds
[2023-10-01T16:40:51.397+0000][64.734s][debug][safepoint     ] Safepoint synchronization initiated. (52 threads)
[2023-10-01T16:40:51.398+0000][64.735s][info ][safepoint     ] Application time: 0.5430033 seconds
[2023-10-01T16:40:51.399+0000][64.735s][info ][safepoint     ] Entering safepoint region: ICBufferFull
[2023-10-01T16:40:51.400+0000][64.736s][info ][safepoint     ] Leaving safepoint region
[2023-10-01T16:40:51.400+0000][64.737s][info ][safepoint     ] Total time for which application threads were stopped: 0.0014785 seconds, Stopping threads took: 0.0005738 seconds
[2023-10-01T16:40:51.419+0000][64.755s][debug][safepoint     ] Safepoint synchronization initiated. (52 threads)
[2023-10-01T16:40:51.419+0000][64.756s][info ][safepoint     ] Application time: 0.0188566 seconds
[2023-10-01T16:40:51.420+0000][64.757s][info ][safepoint     ] Entering safepoint region: ICBufferFull
[2023-10-01T16:40:51.421+0000][64.758s][info ][safepoint     ] Leaving safepoint region
[2023-10-01T16:40:51.421+0000][64.758s][info ][safepoint     ] Total time for which application threads were stopped: 0.0014663 seconds, Stopping threads took: 0.0005385 seconds
[2023-10-01T16:40:51.682+0000][65.019s][debug][safepoint     ] Safepoint synchronization initiated. (52 threads)
[2023-10-01T16:40:51.683+0000][65.020s][info ][safepoint     ] Application time: 0.2610616 seconds
[2023-10-01T16:40:51.684+0000][65.020s][info ][safepoint     ] Entering safepoint region: Deoptimize
[2023-10-01T16:40:51.687+0000][65.024s][info ][safepoint     ] Leaving safepoint region
[2023-10-01T16:40:51.688+0000][65.025s][info ][safepoint     ] Total time for which application threads were stopped: 0.0047172 seconds, Stopping threads took: 0.0005764 seconds
[2023-10-01T16:40:52.205+0000][65.541s][debug][safepoint     ] Safepoint synchronization initiated. (52 threads)
[2023-10-01T16:40:52.205+0000][65.542s][info ][safepoint     ] Application time: 0.5157436 seconds
[2023-10-01T16:40:52.206+0000][65.543s][debug][safepoint     ] Waiting for 1 thread(s) to block
[2023-10-01T16:40:52.207+0000][65.543s][info ][safepoint     ] Entering safepoint region: ICBufferFull
[2023-10-01T16:40:52.208+0000][65.544s][info ][safepoint     ] Leaving safepoint region
[2023-10-01T16:40:52.208+0000][65.545s][info ][safepoint     ] Total time for which application threads were stopped: 0.0023992 seconds, Stopping threads took: 0.0013258 seconds
[2023-10-01T16:40:52.883+0000][66.220s][debug][safepoint     ] Safepoint synchronization initiated. (52 threads)
[2023-10-01T16:40:52.884+0000][66.221s][info ][safepoint     ] Application time: 0.6749545 seconds
[2023-10-01T16:40:52.885+0000][66.221s][info ][safepoint     ] Entering safepoint region: G1CollectForAllocation
[2023-10-01T16:40:52.886+0000][66.223s][info ][gc,start      ] GC(49) Pause Young (Normal) (G1 Evacuation Pause)
[2023-10-01T16:40:52.886+0000][66.223s][info ][gc,task       ] GC(49) Using 8 workers of 8 for evacuation
[2023-10-01T16:40:52.923+0000][66.260s][info ][gc,phases     ] GC(49)   Pre Evacuate Collection Set: 0.0ms
[2023-10-01T16:40:52.924+0000][66.260s][info ][gc,phases     ] GC(49)   Evacuate Collection Set: 29.0ms
[2023-10-01T16:40:52.924+0000][66.261s][info ][gc,phases     ] GC(49)   Post Evacuate Collection Set: 6.7ms
[2023-10-01T16:40:52.925+0000][66.261s][info ][gc,phases     ] GC(49)   Other: 1.5ms
[2023-10-01T16:40:52.925+0000][66.262s][info ][gc,heap       ] GC(49) Eden regions: 171->0(172)
[2023-10-01T16:40:52.926+0000][66.262s][info ][gc,heap       ] GC(49) Survivor regions: 16->14(24)
[2023-10-01T16:40:52.926+0000][66.263s][info ][gc,heap       ] GC(49) Old regions: 72->76
[2023-10-01T16:40:52.927+0000][66.263s][info ][gc,heap       ] GC(49) Humongous regions: 0->0
[2023-10-01T16:40:52.927+0000][66.264s][info ][gc,metaspace  ] GC(49) Metaspace: 112360K(116000K)->112360K(116000K) NonClass: 98837K(101024K)->98837K(101024K) Class: 13522K(14976K)->13522K(14976K)
[2023-10-01T16:40:52.928+0000][66.265s][info ][gc            ] GC(49) Pause Young (Normal) (G1 Evacuation Pause) 256M->87M(317M) 42.063ms
[2023-10-01T16:40:52.928+0000][66.265s][info ][gc,cpu        ] GC(49) User=0.26s Sys=0.01s Real=0.05s
[2023-10-01T16:40:52.929+0000][66.266s][info ][safepoint     ] Leaving safepoint region
[2023-10-01T16:40:52.929+0000][66.266s][info ][safepoint     ] Total time for which application threads were stopped: 0.0447671 seconds, Stopping threads took: 0.0006781 seconds
[2023-10-01T16:40:52.930+0000][66.267s][info ][gc,stringdedup] Concurrent String Deduplication (66.267s)
[2023-10-01T16:40:52.933+0000][66.270s][info ][gc,stringdedup] Concurrent String Deduplication 189.9K->98384.0B(96112.0B) avg 51.8% (66.267s, 66.270s) 2.916ms
[2023-10-01T16:40:53.930+0000][67.267s][debug][safepoint     ] Safepoint synchronization initiated. (52 threads)
[2023-10-01T16:40:53.931+0000][67.268s][info ][safepoint     ] Application time: 1.0010886 seconds
[2023-10-01T16:40:53.932+0000][67.269s][debug][safepoint     ] Waiting for 1 thread(s) to block
[2023-10-01T16:40:53.933+0000][67.270s][info ][safepoint     ] Entering safepoint region: Cleanup
[2023-10-01T16:40:53.934+0000][67.271s][info ][safepoint     ] Leaving safepoint region
[2023-10-01T16:40:53.935+0000][67.272s][info ][safepoint     ] Total time for which application threads were stopped: 0.0030541 seconds, Stopping threads took: 0.0018130 seconds
[2023-10-01T16:40:54.771+0000][68.107s][debug][safepoint     ] Safepoint synchronization initiated. (52 threads)
[2023-10-01T16:40:54.772+0000][68.108s][info ][safepoint     ] Application time: 0.8360469 seconds
[2023-10-01T16:40:54.772+0000][68.109s][info ][safepoint     ] Entering safepoint region: G1CollectForAllocation
[2023-10-01T16:40:54.773+0000][68.110s][info ][gc,start      ] GC(50) Pause Young (Normal) (G1 Evacuation Pause)
[2023-10-01T16:40:54.774+0000][68.111s][info ][gc,task       ] GC(50) Using 8 workers of 8 for evacuation
[2023-10-01T16:40:54.802+0000][68.139s][info ][gc,phases     ] GC(50)   Pre Evacuate Collection Set: 0.0ms
[2023-10-01T16:40:54.803+0000][68.139s][info ][gc,phases     ] GC(50)   Evacuate Collection Set: 23.2ms
[2023-10-01T16:40:54.803+0000][68.140s][info ][gc,phases     ] GC(50)   Post Evacuate Collection Set: 4.2ms
[2023-10-01T16:40:54.804+0000][68.140s][info ][gc,phases     ] GC(50)   Other: 1.2ms
[2023-10-01T16:40:54.804+0000][68.141s][info ][gc,heap       ] GC(50) Eden regions: 172->0(175)
[2023-10-01T16:40:54.805+0000][68.142s][info ][gc,heap       ] GC(50) Survivor regions: 14->11(24)
[2023-10-01T16:40:54.806+0000][68.142s][info ][gc,heap       ] GC(50) Old regions: 76->80
[2023-10-01T16:40:54.806+0000][68.143s][info ][gc,heap       ] GC(50) Humongous regions: 0->0
[2023-10-01T16:40:54.807+0000][68.143s][info ][gc,metaspace  ] GC(50) Metaspace: 112853K(116512K)->112853K(116512K) NonClass: 99330K(101536K)->99330K(101536K) Class: 13522K(14976K)->13522K(14976K)
[2023-10-01T16:40:54.807+0000][68.144s][info ][gc            ] GC(50) Pause Young (Normal) (G1 Evacuation Pause) 259M->88M(317M) 33.949ms
[2023-10-01T16:40:54.808+0000][68.145s][info ][gc,cpu        ] GC(50) User=0.23s Sys=0.00s Real=0.04s
[2023-10-01T16:40:54.809+0000][68.145s][info ][safepoint     ] Leaving safepoint region
[2023-10-01T16:40:54.809+0000][68.146s][info ][safepoint     ] Total time for which application threads were stopped: 0.0367469 seconds, Stopping threads took: 0.0006021 seconds
[2023-10-01T16:40:54.810+0000][68.147s][info ][gc,stringdedup] Concurrent String Deduplication (68.147s)
[2023-10-01T16:40:54.815+0000][68.152s][info ][gc,stringdedup] Concurrent String Deduplication 361.0K->123.1K(237.8K) avg 52.2% (68.147s, 68.152s) 4.944ms
[2023-10-01T16:40:55.810+0000][69.147s][debug][safepoint     ] Safepoint synchronization initiated. (52 threads)
[2023-10-01T16:40:55.811+0000][69.147s][info ][safepoint     ] Application time: 1.0008245 seconds
[2023-10-01T16:40:55.811+0000][69.148s][info ][safepoint     ] Entering safepoint region: Cleanup
[2023-10-01T16:40:55.812+0000][69.149s][info ][safepoint     ] Leaving safepoint region
[2023-10-01T16:40:55.813+0000][69.149s][info ][safepoint     ] Total time for which application threads were stopped: 0.0014521 seconds, Stopping threads took: 0.0006289 seconds
[2023-10-01T16:40:56.234+0000][69.571s][debug][safepoint     ] Safepoint synchronization initiated. (52 threads)
[2023-10-01T16:40:56.235+0000][69.572s][info ][safepoint     ] Application time: 0.4219859 seconds
[2023-10-01T16:40:56.235+0000][69.572s][info ][safepoint     ] Entering safepoint region: G1CollectForAllocation
[2023-10-01T16:40:56.236+0000][69.573s][info ][gc,start      ] GC(51) Pause Young (Normal) (G1 Evacuation Pause)
[2023-10-01T16:40:56.237+0000][69.573s][info ][gc,task       ] GC(51) Using 8 workers of 8 for evacuation
[2023-10-01T16:40:56.250+0000][69.587s][info ][gc,phases     ] GC(51)   Pre Evacuate Collection Set: 0.0ms
[2023-10-01T16:40:56.251+0000][69.588s][info ][gc,phases     ] GC(51)   Evacuate Collection Set: 9.8ms
[2023-10-01T16:40:56.251+0000][69.588s][info ][gc,phases     ] GC(51)   Post Evacuate Collection Set: 3.4ms
[2023-10-01T16:40:56.252+0000][69.589s][info ][gc,phases     ] GC(51)   Other: 1.0ms
[2023-10-01T16:40:56.252+0000][69.589s][info ][gc,heap       ] GC(51) Eden regions: 175->0(179)
[2023-10-01T16:40:56.253+0000][69.590s][info ][gc,heap       ] GC(51) Survivor regions: 11->10(24)
[2023-10-01T16:40:56.254+0000][69.590s][info ][gc,heap       ] GC(51) Old regions: 80->80
[2023-10-01T16:40:56.254+0000][69.591s][info ][gc,heap       ] GC(51) Humongous regions: 0->0
[2023-10-01T16:40:56.254+0000][69.591s][info ][gc,metaspace  ] GC(51) Metaspace: 113182K(117024K)->113182K(117024K) NonClass: 99659K(102048K)->99659K(102048K) Class: 13522K(14976K)->13522K(14976K)
[2023-10-01T16:40:56.255+0000][69.592s][info ][gc            ] GC(51) Pause Young (Normal) (G1 Evacuation Pause) 263M->87M(317M) 18.717ms
[2023-10-01T16:40:56.255+0000][69.592s][info ][gc,cpu        ] GC(51) User=0.08s Sys=0.00s Real=0.01s
[2023-10-01T16:40:56.256+0000][69.593s][info ][safepoint     ] Leaving safepoint region
[2023-10-01T16:40:56.256+0000][69.593s][info ][safepoint     ] Total time for which application threads were stopped: 0.0209055 seconds, Stopping threads took: 0.0005587 seconds
[2023-10-01T16:40:56.257+0000][69.593s][info ][gc,stringdedup] Concurrent String Deduplication (69.593s)
[2023-10-01T16:40:56.261+0000][69.598s][info ][gc,stringdedup] Concurrent String Deduplication 253.5K->89664.0B(165.9K) avg 52.5% (69.593s, 69.598s) 4.259ms
[2023-10-01T16:40:57.257+0000][70.594s][debug][safepoint     ] Safepoint synchronization initiated. (50 threads)
[2023-10-01T16:40:57.258+0000][70.595s][info ][safepoint     ] Application time: 1.0012245 seconds
[2023-10-01T16:40:57.259+0000][70.596s][info ][safepoint     ] Entering safepoint region: Cleanup
[2023-10-01T16:40:57.262+0000][70.599s][info ][safepoint     ] Leaving safepoint region
[2023-10-01T16:40:57.263+0000][70.600s][info ][safepoint     ] Total time for which application threads were stopped: 0.0033914 seconds, Stopping threads took: 0.0023206 seconds
[2023-10-01T16:40:57.803+0000][71.140s][debug][safepoint     ] Safepoint synchronization initiated. (50 threads)
[2023-10-01T16:40:57.804+0000][71.140s][info ][safepoint     ] Application time: 0.5401025 seconds
[2023-10-01T16:40:57.804+0000][71.141s][info ][safepoint     ] Entering safepoint region: G1CollectForAllocation
[2023-10-01T16:40:57.805+0000][71.142s][info ][gc,start      ] GC(52) Pause Young (Normal) (G1 Evacuation Pause)
[2023-10-01T16:40:57.806+0000][71.143s][info ][gc,task       ] GC(52) Using 8 workers of 8 for evacuation
[2023-10-01T16:40:57.836+0000][71.173s][info ][gc,phases     ] GC(52)   Pre Evacuate Collection Set: 0.0ms
[2023-10-01T16:40:57.838+0000][71.174s][info ][gc,phases     ] GC(52)   Evacuate Collection Set: 20.2ms
[2023-10-01T16:40:57.839+0000][71.176s][info ][gc,phases     ] GC(52)   Post Evacuate Collection Set: 8.8ms
[2023-10-01T16:40:57.840+0000][71.177s][info ][gc,phases     ] GC(52)   Other: 1.5ms
[2023-10-01T16:40:57.841+0000][71.177s][info ][gc,heap       ] GC(52) Eden regions: 179->0(180)
[2023-10-01T16:40:57.841+0000][71.178s][info ][gc,heap       ] GC(52) Survivor regions: 10->10(24)
[2023-10-01T16:40:57.842+0000][71.179s][info ][gc,heap       ] GC(52) Old regions: 80->80
[2023-10-01T16:40:57.843+0000][71.179s][info ][gc,heap       ] GC(52) Humongous regions: 0->0
[2023-10-01T16:40:57.844+0000][71.180s][info ][gc,metaspace  ] GC(52) Metaspace: 113445K(117280K)->113445K(117280K) NonClass: 99922K(102304K)->99922K(102304K) Class: 13522K(14976K)->13522K(14976K)
[2023-10-01T16:40:57.844+0000][71.181s][info ][gc            ] GC(52) Pause Young (Normal) (G1 Evacuation Pause) 266M->87M(317M) 38.957ms
[2023-10-01T16:40:57.846+0000][71.182s][info ][gc,cpu        ] GC(52) User=0.19s Sys=0.00s Real=0.04s
[2023-10-01T16:40:57.847+0000][71.183s][info ][safepoint     ] Leaving safepoint region
[2023-10-01T16:40:57.847+0000][71.184s][info ][safepoint     ] Total time for which application threads were stopped: 0.0431733 seconds, Stopping threads took: 0.0007496 seconds
[2023-10-01T16:40:57.849+0000][71.185s][info ][gc,stringdedup] Concurrent String Deduplication (71.185s)
[2023-10-01T16:40:57.849+0000][71.186s][info ][gc,stringdedup] Concurrent String Deduplication 0.0B->0.0B(0.0B) avg 52.5% (71.185s, 71.186s) 0.688ms
[2023-10-01T16:40:58.848+0000][72.185s][debug][safepoint     ] Safepoint synchronization initiated. (50 threads)
[2023-10-01T16:40:58.849+0000][72.186s][info ][safepoint     ] Application time: 1.0009005 seconds
[2023-10-01T16:40:58.850+0000][72.186s][debug][safepoint     ] ... found polling page loop exception at pc = 0x00007fcf049b83be, stub =0x00007fcefc843680
[2023-10-01T16:40:58.850+0000][72.187s][debug][safepoint     ] Waiting for 1 thread(s) to block
[2023-10-01T16:40:58.851+0000][72.188s][info ][safepoint     ] Entering safepoint region: Cleanup
[2023-10-01T16:40:58.852+0000][72.189s][info ][safepoint     ] Leaving safepoint region
[2023-10-01T16:40:58.853+0000][72.189s][info ][safepoint     ] Total time for which application threads were stopped: 0.0029884 seconds, Stopping threads took: 0.0020256 seconds
[2023-10-01T16:40:59.855+0000][73.192s][debug][safepoint     ] Safepoint synchronization initiated. (51 threads)
[2023-10-01T16:40:59.856+0000][73.193s][info ][safepoint     ] Application time: 1.0032722 seconds
[2023-10-01T16:40:59.857+0000][73.194s][debug][safepoint     ] ... found polling page return exception at pc = 0x00007fcf04e03068, stub =0x00007fcefc840600
[2023-10-01T16:40:59.858+0000][73.195s][debug][safepoint     ] Waiting for 2 thread(s) to block
[2023-10-01T16:40:59.860+0000][73.197s][info ][safepoint     ] Entering safepoint region: Cleanup
[2023-10-01T16:40:59.861+0000][73.198s][info ][safepoint     ] Leaving safepoint region
[2023-10-01T16:40:59.862+0000][73.199s][info ][safepoint     ] Total time for which application threads were stopped: 0.0044925 seconds, Stopping threads took: 0.0032815 seconds
[2023-10-01T16:41:00.253+0000][73.590s][debug][safepoint     ] Safepoint synchronization initiated. (51 threads)
[2023-10-01T16:41:00.254+0000][73.591s][info ][safepoint     ] Application time: 0.3916634 seconds
[2023-10-01T16:41:00.255+0000][73.592s][info ][safepoint     ] Entering safepoint region: G1CollectForAllocation
[2023-10-01T16:41:00.256+0000][73.593s][info ][gc,start      ] GC(53) Pause Young (Normal) (G1 Evacuation Pause)
[2023-10-01T16:41:00.257+0000][73.594s][info ][gc,task       ] GC(53) Using 8 workers of 8 for evacuation
[2023-10-01T16:41:00.288+0000][73.625s][info ][gc,phases     ] GC(53)   Pre Evacuate Collection Set: 0.1ms
[2023-10-01T16:41:00.289+0000][73.626s][info ][gc,phases     ] GC(53)   Evacuate Collection Set: 25.2ms
[2023-10-01T16:41:00.289+0000][73.626s][info ][gc,phases     ] GC(53)   Post Evacuate Collection Set: 4.9ms
[2023-10-01T16:41:00.291+0000][73.627s][info ][gc,phases     ] GC(53)   Other: 1.9ms
[2023-10-01T16:41:00.292+0000][73.628s][info ][gc,heap       ] GC(53) Eden regions: 180->0(180)
[2023-10-01T16:41:00.292+0000][73.629s][info ][gc,heap       ] GC(53) Survivor regions: 10->10(24)
[2023-10-01T16:41:00.293+0000][73.630s][info ][gc,heap       ] GC(53) Old regions: 80->80
[2023-10-01T16:41:00.294+0000][73.631s][info ][gc,heap       ] GC(53) Humongous regions: 1->0
[2023-10-01T16:41:00.295+0000][73.631s][info ][gc,metaspace  ] GC(53) Metaspace: 114139K(118048K)->114139K(118048K) NonClass: 100615K(103072K)->100615K(103072K) Class: 13524K(14976K)->13524K(14976K)
[2023-10-01T16:41:00.295+0000][73.632s][info ][gc            ] GC(53) Pause Young (Normal) (G1 Evacuation Pause) 268M->87M(317M) 39.242ms
[2023-10-01T16:41:00.296+0000][73.633s][info ][gc,cpu        ] GC(53) User=0.20s Sys=0.02s Real=0.04s
[2023-10-01T16:41:00.297+0000][73.634s][info ][safepoint     ] Leaving safepoint region
[2023-10-01T16:41:00.297+0000][73.634s][info ][safepoint     ] Total time for which application threads were stopped: 0.0425094 seconds, Stopping threads took: 0.0007453 seconds
[2023-10-01T16:41:00.298+0000][73.635s][info ][gc,stringdedup] Concurrent String Deduplication (73.635s)
[2023-10-01T16:41:00.300+0000][73.636s][info ][gc,stringdedup] Concurrent String Deduplication 0.0B->0.0B(0.0B) avg 52.5% (73.635s, 73.636s) 1.492ms
[2023-10-01T16:41:00.339+0000][73.676s][debug][safepoint     ] Safepoint synchronization initiated. (51 threads)
[2023-10-01T16:41:00.340+0000][73.677s][info ][safepoint     ] Application time: 0.0420220 seconds
[2023-10-01T16:41:00.341+0000][73.678s][info ][safepoint     ] Entering safepoint region: Deoptimize
[2023-10-01T16:41:00.348+0000][73.684s][info ][safepoint     ] Leaving safepoint region
[2023-10-01T16:41:00.348+0000][73.685s][info ][safepoint     ] Total time for which application threads were stopped: 0.0074734 seconds, Stopping threads took: 0.0016078 seconds
[2023-10-01T16:41:00.673+0000][74.010s][debug][safepoint     ] Safepoint synchronization initiated. (52 threads)
[2023-10-01T16:41:00.674+0000][74.011s][info ][safepoint     ] Application time: 0.3247980 seconds
[2023-10-01T16:41:00.675+0000][74.011s][info ][safepoint     ] Entering safepoint region: Deoptimize
[2023-10-01T16:41:00.679+0000][74.016s][info ][safepoint     ] Leaving safepoint region
[2023-10-01T16:41:00.680+0000][74.016s][info ][safepoint     ] Total time for which application threads were stopped: 0.0050171 seconds, Stopping threads took: 0.0009046 seconds
[2023-10-01T16:41:00.849+0000][74.186s][debug][safepoint     ] Safepoint synchronization initiated. (51 threads)
[2023-10-01T16:41:00.850+0000][74.186s][info ][safepoint     ] Application time: 0.1694722 seconds
[2023-10-01T16:41:00.850+0000][74.187s][debug][safepoint     ] ... found polling page return exception at pc = 0x00007fcf045c373c, stub =0x00007fcefc840600
[2023-10-01T16:41:00.851+0000][74.188s][debug][safepoint     ] Waiting for 1 thread(s) to block
[2023-10-01T16:41:00.852+0000][74.189s][info ][safepoint     ] Entering safepoint region: Deoptimize
[2023-10-01T16:41:00.855+0000][74.192s][info ][safepoint     ] Leaving safepoint region
[2023-10-01T16:41:00.856+0000][74.192s][info ][safepoint     ] Total time for which application threads were stopped: 0.0053611 seconds, Stopping threads took: 0.0022417 seconds
[2023-10-01T16:41:01.446+0000][74.782s][debug][safepoint     ] Safepoint synchronization initiated. (53 threads)
[2023-10-01T16:41:01.446+0000][74.783s][info ][safepoint     ] Application time: 0.5898220 seconds
[2023-10-01T16:41:01.447+0000][74.784s][info ][safepoint     ] Entering safepoint region: ICBufferFull
[2023-10-01T16:41:01.448+0000][74.785s][info ][safepoint     ] Leaving safepoint region
[2023-10-01T16:41:01.448+0000][74.785s][info ][safepoint     ] Total time for which application threads were stopped: 0.0014842 seconds, Stopping threads took: 0.0005503 seconds
[2023-10-01T16:41:02.449+0000][75.786s][debug][safepoint     ] Safepoint synchronization initiated. (52 threads)
[2023-10-01T16:41:02.450+0000][75.787s][info ][safepoint     ] Application time: 1.0009423 seconds
[2023-10-01T16:41:02.450+0000][75.787s][debug][safepoint     ] ... found polling page return exception at pc = 0x00007fcf04e6450a, stub =0x00007fcefc840600
[2023-10-01T16:41:02.451+0000][75.788s][debug][safepoint     ] Waiting for 1 thread(s) to block
[2023-10-01T16:41:02.452+0000][75.789s][info ][safepoint     ] Entering safepoint region: Cleanup
[2023-10-01T16:41:02.453+0000][75.790s][info ][safepoint     ] Leaving safepoint region
[2023-10-01T16:41:02.454+0000][75.790s][info ][safepoint     ] Total time for which application threads were stopped: 0.0031520 seconds, Stopping threads took: 0.0020837 seconds
[2023-10-01T16:41:03.454+0000][76.791s][debug][safepoint     ] Safepoint synchronization initiated. (55 threads)
[2023-10-01T16:41:03.455+0000][76.792s][info ][safepoint     ] Application time: 1.0008183 seconds
[2023-10-01T16:41:03.456+0000][76.792s][debug][safepoint     ] Waiting for 1 thread(s) to block
[2023-10-01T16:41:03.456+0000][76.793s][info ][safepoint     ] Entering safepoint region: Cleanup
[2023-10-01T16:41:03.457+0000][76.794s][info ][safepoint     ] Leaving safepoint region
[2023-10-01T16:41:03.458+0000][76.795s][info ][safepoint     ] Total time for which application threads were stopped: 0.0026611 seconds, Stopping threads took: 0.0010849 seconds
[2023-10-01T16:41:03.643+0000][76.979s][debug][safepoint     ] Safepoint synchronization initiated. (55 threads)
[2023-10-01T16:41:03.644+0000][76.980s][info ][safepoint     ] Application time: 0.1848514 seconds
[2023-10-01T16:41:03.644+0000][76.981s][info ][safepoint     ] Entering safepoint region: Deoptimize
[2023-10-01T16:41:03.649+0000][76.986s][info ][safepoint     ] Leaving safepoint region
[2023-10-01T16:41:03.651+0000][76.988s][info ][safepoint     ] Total time for which application threads were stopped: 0.0066318 seconds, Stopping threads took: 0.0006855 seconds
[2023-10-01T16:41:03.822+0000][77.159s][info ][gc,heap,exit  ] Heap
[2023-10-01T16:41:03.823+0000][77.159s][info ][gc,heap,exit  ]  garbage-first heap   total 324608K, used 226819K [0x0000000085a00000, 0x0000000100000000)
[2023-10-01T16:41:03.824+0000][77.160s][info ][gc,heap,exit  ]   region size 1024K, 146 young (149504K), 10 survivors (10240K)
[2023-10-01T16:41:03.825+0000][77.161s][info ][gc,heap,exit  ]  Metaspace       used 116768K, capacity 120543K, committed 120736K, reserved 1155072K
[2023-10-01T16:41:03.826+0000][77.163s][info ][gc,heap,exit  ]   class space    used 13832K, capacity 15284K, committed 15360K, reserved 1048576K
[2023-10-01T16:41:03.827+0000][77.164s][debug][safepoint     ] Safepoint synchronization initiated. (13 threads)
[2023-10-01T16:41:03.831+0000][77.168s][info ][safepoint     ] Application time: 0.1797800 seconds
[2023-10-01T16:41:03.832+0000][77.169s][info ][safepoint     ] Entering safepoint region: Halt
