[2023-10-19T08:40:39.854+0000][0.064s][info][gc,heap] Heap region size: 1M
[2023-10-19T08:40:39.856+0000][0.067s][info][gc     ] Using G1
[2023-10-19T08:40:39.857+0000][0.068s][info][gc,heap,coops] Heap address: 0x0000000085a00000, size: 1958 MB, Compressed Oops mode: 32-bit
[2023-10-19T08:40:39.858+0000][0.068s][info][gc,cds       ] Mark closed archive regions in map: [0x00000000ffc00000, 0x00000000ffc6aff8]
[2023-10-19T08:40:39.858+0000][0.069s][info][gc,cds       ] Mark open archive regions in map: [0x00000000ff800000, 0x00000000ff847ff8]
[2023-10-19T08:40:39.898+0000][0.108s][debug][safepoint    ] Safepoint synchronization initiated. (9 threads)
[2023-10-19T08:40:39.900+0000][0.111s][info ][safepoint    ] Application time: 0.0224937 seconds
[2023-10-19T08:40:39.901+0000][0.111s][info ][safepoint    ] Entering safepoint region: Deoptimize
[2023-10-19T08:40:39.902+0000][0.112s][info ][safepoint    ] Leaving safepoint region
[2023-10-19T08:40:39.902+0000][0.113s][info ][safepoint    ] Total time for which application threads were stopped: 0.0014977 seconds, Stopping threads took: 0.0006980 seconds
[2023-10-19T08:40:40.178+0000][0.389s][debug][safepoint    ] Safepoint synchronization initiated. (11 threads)
[2023-10-19T08:40:40.178+0000][0.389s][info ][safepoint    ] Application time: 0.2758105 seconds
[2023-10-19T08:40:40.179+0000][0.390s][info ][safepoint    ] Entering safepoint region: ICBufferFull
[2023-10-19T08:40:40.180+0000][0.390s][info ][safepoint    ] Leaving safepoint region
[2023-10-19T08:40:40.180+0000][0.391s][info ][safepoint    ] Total time for which application threads were stopped: 0.0011099 seconds, Stopping threads took: 0.0004846 seconds
[2023-10-19T08:40:40.216+0000][0.427s][debug][safepoint    ] Safepoint synchronization initiated. (11 threads)
[2023-10-19T08:40:40.217+0000][0.428s][info ][safepoint    ] Application time: 0.0364364 seconds
[2023-10-19T08:40:40.217+0000][0.428s][info ][safepoint    ] Entering safepoint region: G1CollectForAllocation
[2023-10-19T08:40:40.218+0000][0.428s][info ][gc,start     ] GC(0) Pause Young (Normal) (G1 Evacuation Pause)
[2023-10-19T08:40:40.218+0000][0.429s][info ][gc,task      ] GC(0) Using 3 workers of 8 for evacuation
[2023-10-19T08:40:40.227+0000][0.438s][info ][gc,phases    ] GC(0)   Pre Evacuate Collection Set: 0.0ms
[2023-10-19T08:40:40.228+0000][0.438s][info ][gc,phases    ] GC(0)   Evacuate Collection Set: 7.4ms
[2023-10-19T08:40:40.228+0000][0.439s][info ][gc,phases    ] GC(0)   Post Evacuate Collection Set: 0.8ms
[2023-10-19T08:40:40.228+0000][0.439s][info ][gc,phases    ] GC(0)   Other: 1.0ms
[2023-10-19T08:40:40.229+0000][0.439s][info ][gc,heap      ] GC(0) Eden regions: 59->0(66)
[2023-10-19T08:40:40.229+0000][0.440s][info ][gc,heap      ] GC(0) Survivor regions: 0->8(8)
[2023-10-19T08:40:40.229+0000][0.440s][info ][gc,heap      ] GC(0) Old regions: 2->2
[2023-10-19T08:40:40.229+0000][0.440s][info ][gc,heap      ] GC(0) Humongous regions: 2->0
[2023-10-19T08:40:40.230+0000][0.440s][info ][gc,metaspace ] GC(0) Metaspace: 2377K(5760K)->2377K(5760K) NonClass: 2176K(5120K)->2176K(5120K) Class: 201K(640K)->201K(640K)
[2023-10-19T08:40:40.230+0000][0.441s][info ][gc           ] GC(0) Pause Young (Normal) (G1 Evacuation Pause) 61M->8M(126M) 12.211ms
[2023-10-19T08:40:40.230+0000][0.441s][info ][gc,cpu       ] GC(0) User=0.01s Sys=0.01s Real=0.01s
[2023-10-19T08:40:40.231+0000][0.441s][info ][safepoint    ] Leaving safepoint region
[2023-10-19T08:40:40.231+0000][0.442s][info ][safepoint    ] Total time for which application threads were stopped: 0.0136444 seconds, Stopping threads took: 0.0003949 seconds
[2023-10-19T08:40:40.295+0000][0.505s][debug][safepoint    ] Safepoint synchronization initiated. (11 threads)
[2023-10-19T08:40:40.295+0000][0.506s][info ][safepoint    ] Application time: 0.0635826 seconds
[2023-10-19T08:40:40.295+0000][0.506s][info ][safepoint    ] Entering safepoint region: Deoptimize
[2023-10-19T08:40:40.296+0000][0.506s][info ][safepoint    ] Leaving safepoint region
[2023-10-19T08:40:40.296+0000][0.507s][info ][safepoint    ] Total time for which application threads were stopped: 0.0007394 seconds, Stopping threads took: 0.0002623 seconds
[2023-10-19T08:40:40.301+0000][0.512s][debug][safepoint    ] Safepoint synchronization initiated. (11 threads)
[2023-10-19T08:40:40.302+0000][0.512s][info ][safepoint    ] Application time: 0.0054439 seconds
[2023-10-19T08:40:40.302+0000][0.513s][info ][safepoint    ] Entering safepoint region: Deoptimize
[2023-10-19T08:40:40.303+0000][0.513s][info ][safepoint    ] Leaving safepoint region
[2023-10-19T08:40:40.303+0000][0.514s][info ][safepoint    ] Total time for which application threads were stopped: 0.0008940 seconds, Stopping threads took: 0.0003727 seconds
[2023-10-19T08:40:40.350+0000][0.561s][debug][safepoint    ] Safepoint synchronization initiated. (11 threads)
[2023-10-19T08:40:40.351+0000][0.561s][info ][safepoint    ] Application time: 0.0475094 seconds
[2023-10-19T08:40:40.351+0000][0.562s][info ][safepoint    ] Entering safepoint region: Deoptimize
[2023-10-19T08:40:40.352+0000][0.562s][info ][safepoint    ] Leaving safepoint region
[2023-10-19T08:40:40.352+0000][0.563s][info ][safepoint    ] Total time for which application threads were stopped: 0.0008231 seconds, Stopping threads took: 0.0002976 seconds
[2023-10-19T08:40:40.358+0000][0.569s][debug][safepoint    ] Safepoint synchronization initiated. (11 threads)
[2023-10-19T08:40:40.359+0000][0.570s][info ][safepoint    ] Application time: 0.0067550 seconds
[2023-10-19T08:40:40.359+0000][0.570s][info ][safepoint    ] Entering safepoint region: Deoptimize
[2023-10-19T08:40:40.360+0000][0.571s][info ][safepoint    ] Leaving safepoint region
[2023-10-19T08:40:40.360+0000][0.571s][info ][safepoint    ] Total time for which application threads were stopped: 0.0008675 seconds, Stopping threads took: 0.0003091 seconds
[2023-10-19T08:40:40.516+0000][0.727s][debug][safepoint    ] Safepoint synchronization initiated. (12 threads)
[2023-10-19T08:40:40.516+0000][0.727s][info ][safepoint    ] Application time: 0.1554461 seconds
[2023-10-19T08:40:40.517+0000][0.727s][info ][safepoint    ] Entering safepoint region: G1CollectForAllocation
[2023-10-19T08:40:40.517+0000][0.728s][info ][gc,start     ] GC(1) Pause Young (Normal) (G1 Evacuation Pause)
[2023-10-19T08:40:40.517+0000][0.728s][info ][gc,task      ] GC(1) Using 3 workers of 8 for evacuation
[2023-10-19T08:40:40.526+0000][0.737s][info ][gc,phases    ] GC(1)   Pre Evacuate Collection Set: 0.0ms
[2023-10-19T08:40:40.526+0000][0.737s][info ][gc,phases    ] GC(1)   Evacuate Collection Set: 7.1ms
[2023-10-19T08:40:40.527+0000][0.738s][info ][gc,phases    ] GC(1)   Post Evacuate Collection Set: 1.0ms
[2023-10-19T08:40:40.527+0000][0.738s][info ][gc,phases    ] GC(1)   Other: 0.6ms
[2023-10-19T08:40:40.528+0000][0.738s][info ][gc,heap      ] GC(1) Eden regions: 66->0(69)
[2023-10-19T08:40:40.528+0000][0.739s][info ][gc,heap      ] GC(1) Survivor regions: 8->2(10)
[2023-10-19T08:40:40.529+0000][0.739s][info ][gc,heap      ] GC(1) Old regions: 2->10
[2023-10-19T08:40:40.529+0000][0.739s][info ][gc,heap      ] GC(1) Humongous regions: 0->0
[2023-10-19T08:40:40.529+0000][0.740s][info ][gc,metaspace ] GC(1) Metaspace: 5161K(7424K)->5161K(7424K) NonClass: 4607K(6656K)->4607K(6656K) Class: 553K(768K)->553K(768K)
[2023-10-19T08:40:40.529+0000][0.740s][info ][gc           ] GC(1) Pause Young (Normal) (G1 Evacuation Pause) 74M->9M(126M) 12.113ms
[2023-10-19T08:40:40.530+0000][0.740s][info ][gc,cpu       ] GC(1) User=0.02s Sys=0.02s Real=0.01s
[2023-10-19T08:40:40.530+0000][0.740s][info ][safepoint    ] Leaving safepoint region
[2023-10-19T08:40:40.530+0000][0.741s][info ][safepoint    ] Total time for which application threads were stopped: 0.0133283 seconds, Stopping threads took: 0.0003425 seconds
[2023-10-19T08:40:40.530+0000][0.741s][info ][gc,stringdedup] Concurrent String Deduplication (0.741s)
[2023-10-19T08:40:40.541+0000][0.751s][info ][gc,stringdedup] Concurrent String Deduplication 2183.2K->2008.8K(174.3K) avg 7.1% (0.741s, 0.751s) 10.240ms
[2023-10-19T08:40:40.800+0000][1.011s][debug][safepoint     ] Safepoint synchronization initiated. (12 threads)
[2023-10-19T08:40:40.801+0000][1.011s][info ][safepoint     ] Application time: 0.2703889 seconds
[2023-10-19T08:40:40.801+0000][1.012s][info ][safepoint     ] Entering safepoint region: G1CollectForAllocation
[2023-10-19T08:40:40.802+0000][1.012s][info ][gc,start      ] GC(2) Pause Young (Normal) (G1 Evacuation Pause)
[2023-10-19T08:40:40.802+0000][1.013s][info ][gc,task       ] GC(2) Using 3 workers of 8 for evacuation
[2023-10-19T08:40:40.805+0000][1.016s][info ][gc,phases     ] GC(2)   Pre Evacuate Collection Set: 0.0ms
[2023-10-19T08:40:40.806+0000][1.017s][info ][gc,phases     ] GC(2)   Evacuate Collection Set: 2.1ms
[2023-10-19T08:40:40.806+0000][1.017s][info ][gc,phases     ] GC(2)   Post Evacuate Collection Set: 0.9ms
[2023-10-19T08:40:40.807+0000][1.017s][info ][gc,phases     ] GC(2)   Other: 0.9ms
[2023-10-19T08:40:40.807+0000][1.018s][info ][gc,heap       ] GC(2) Eden regions: 69->0(72)
[2023-10-19T08:40:40.807+0000][1.018s][info ][gc,heap       ] GC(2) Survivor regions: 2->2(9)
[2023-10-19T08:40:40.808+0000][1.018s][info ][gc,heap       ] GC(2) Old regions: 10->10
[2023-10-19T08:40:40.808+0000][1.019s][info ][gc,heap       ] GC(2) Humongous regions: 0->0
[2023-10-19T08:40:40.808+0000][1.019s][info ][gc,metaspace  ] GC(2) Metaspace: 7245K(9344K)->7245K(9344K) NonClass: 6412K(8192K)->6412K(8192K) Class: 832K(1152K)->832K(1152K)
[2023-10-19T08:40:40.809+0000][1.020s][info ][gc            ] GC(2) Pause Young (Normal) (G1 Evacuation Pause) 78M->10M(126M) 7.287ms
[2023-10-19T08:40:40.809+0000][1.020s][info ][gc,cpu        ] GC(2) User=0.01s Sys=0.00s Real=0.01s
[2023-10-19T08:40:40.810+0000][1.020s][info ][safepoint     ] Leaving safepoint region
[2023-10-19T08:40:40.810+0000][1.021s][info ][safepoint     ] Total time for which application threads were stopped: 0.0090514 seconds, Stopping threads took: 0.0003700 seconds
[2023-10-19T08:40:41.048+0000][1.258s][debug][safepoint     ] Safepoint synchronization initiated. (12 threads)
[2023-10-19T08:40:41.048+0000][1.259s][info ][safepoint     ] Application time: 0.2377122 seconds
[2023-10-19T08:40:41.048+0000][1.259s][info ][safepoint     ] Entering safepoint region: G1CollectForAllocation
[2023-10-19T08:40:41.049+0000][1.260s][info ][gc,start      ] GC(3) Pause Young (Normal) (G1 Evacuation Pause)
[2023-10-19T08:40:41.049+0000][1.260s][info ][gc,task       ] GC(3) Using 3 workers of 8 for evacuation
[2023-10-19T08:40:41.055+0000][1.266s][info ][gc,phases     ] GC(3)   Pre Evacuate Collection Set: 0.0ms
[2023-10-19T08:40:41.056+0000][1.267s][info ][gc,phases     ] GC(3)   Evacuate Collection Set: 4.5ms
[2023-10-19T08:40:41.056+0000][1.267s][info ][gc,phases     ] GC(3)   Post Evacuate Collection Set: 1.2ms
[2023-10-19T08:40:41.057+0000][1.267s][info ][gc,phases     ] GC(3)   Other: 0.8ms
[2023-10-19T08:40:41.057+0000][1.268s][info ][gc,heap       ] GC(3) Eden regions: 72->0(71)
[2023-10-19T08:40:41.057+0000][1.268s][info ][gc,heap       ] GC(3) Survivor regions: 2->3(10)
[2023-10-19T08:40:41.058+0000][1.268s][info ][gc,heap       ] GC(3) Old regions: 10->10
[2023-10-19T08:40:41.058+0000][1.269s][info ][gc,heap       ] GC(3) Humongous regions: 0->0
[2023-10-19T08:40:41.058+0000][1.269s][info ][gc,metaspace  ] GC(3) Metaspace: 10417K(11776K)->10417K(11776K) NonClass: 9134K(10240K)->9134K(10240K) Class: 1282K(1536K)->1282K(1536K)
[2023-10-19T08:40:41.059+0000][1.269s][info ][gc            ] GC(3) Pause Young (Normal) (G1 Evacuation Pause) 82M->11M(126M) 9.507ms
[2023-10-19T08:40:41.059+0000][1.270s][info ][gc,cpu        ] GC(3) User=0.01s Sys=0.01s Real=0.01s
[2023-10-19T08:40:41.059+0000][1.270s][info ][safepoint     ] Leaving safepoint region
[2023-10-19T08:40:41.060+0000][1.270s][info ][safepoint     ] Total time for which application threads were stopped: 0.0113053 seconds, Stopping threads took: 0.0003737 seconds
[2023-10-19T08:40:41.060+0000][1.271s][info ][gc,stringdedup] Concurrent String Deduplication (1.271s)
[2023-10-19T08:40:41.061+0000][1.272s][info ][gc,stringdedup] Concurrent String Deduplication 55000.0B->21904.0B(33096.0B) avg 8.2% (1.271s, 1.272s) 0.931ms
[2023-10-19T08:40:41.189+0000][1.399s][debug][safepoint     ] Safepoint synchronization initiated. (12 threads)
[2023-10-19T08:40:41.189+0000][1.400s][info ][safepoint     ] Application time: 0.1288420 seconds
[2023-10-19T08:40:41.189+0000][1.400s][info ][safepoint     ] Entering safepoint region: Deoptimize
[2023-10-19T08:40:41.190+0000][1.401s][info ][safepoint     ] Leaving safepoint region
[2023-10-19T08:40:41.190+0000][1.401s][info ][safepoint     ] Total time for which application threads were stopped: 0.0010530 seconds, Stopping threads took: 0.0003180 seconds
[2023-10-19T08:40:41.246+0000][1.457s][debug][safepoint     ] Safepoint synchronization initiated. (12 threads)
[2023-10-19T08:40:41.247+0000][1.458s][info ][safepoint     ] Application time: 0.0561884 seconds
[2023-10-19T08:40:41.247+0000][1.458s][info ][safepoint     ] Entering safepoint region: ICBufferFull
[2023-10-19T08:40:41.248+0000][1.458s][info ][safepoint     ] Leaving safepoint region
[2023-10-19T08:40:41.248+0000][1.459s][info ][safepoint     ] Total time for which application threads were stopped: 0.0008493 seconds, Stopping threads took: 0.0003388 seconds
[2023-10-19T08:40:41.310+0000][1.520s][debug][safepoint     ] Safepoint synchronization initiated. (13 threads)
[2023-10-19T08:40:41.310+0000][1.521s][info ][safepoint     ] Application time: 0.0619200 seconds
[2023-10-19T08:40:41.311+0000][1.521s][debug][safepoint     ] Waiting for 2 thread(s) to block
[2023-10-19T08:40:41.311+0000][1.522s][info ][safepoint     ] Entering safepoint region: G1CollectForAllocation
[2023-10-19T08:40:41.312+0000][1.522s][info ][gc,start      ] GC(4) Pause Young (Normal) (G1 Evacuation Pause)
[2023-10-19T08:40:41.312+0000][1.523s][info ][gc,task       ] GC(4) Using 4 workers of 8 for evacuation
[2023-10-19T08:40:41.318+0000][1.529s][info ][gc,phases     ] GC(4)   Pre Evacuate Collection Set: 0.0ms
[2023-10-19T08:40:41.319+0000][1.529s][info ][gc,phases     ] GC(4)   Evacuate Collection Set: 4.0ms
[2023-10-19T08:40:41.319+0000][1.530s][info ][gc,phases     ] GC(4)   Post Evacuate Collection Set: 1.4ms
[2023-10-19T08:40:41.319+0000][1.530s][info ][gc,phases     ] GC(4)   Other: 0.8ms
[2023-10-19T08:40:41.320+0000][1.530s][info ][gc,heap       ] GC(4) Eden regions: 71->0(84)
[2023-10-19T08:40:41.320+0000][1.531s][info ][gc,heap       ] GC(4) Survivor regions: 3->5(10)
[2023-10-19T08:40:41.320+0000][1.531s][info ][gc,heap       ] GC(4) Old regions: 10->10
[2023-10-19T08:40:41.321+0000][1.531s][info ][gc,heap       ] GC(4) Humongous regions: 0->0
[2023-10-19T08:40:41.321+0000][1.532s][info ][gc,metaspace  ] GC(4) Metaspace: 12228K(13056K)->12228K(13056K) NonClass: 10715K(11264K)->10715K(11264K) Class: 1512K(1792K)->1512K(1792K)
[2023-10-19T08:40:41.321+0000][1.532s][info ][gc            ] GC(4) Pause Young (Normal) (G1 Evacuation Pause) 82M->13M(158M) 9.607ms
[2023-10-19T08:40:41.322+0000][1.532s][info ][gc,cpu        ] GC(4) User=0.03s Sys=0.00s Real=0.01s
[2023-10-19T08:40:41.322+0000][1.533s][info ][safepoint     ] Leaving safepoint region
[2023-10-19T08:40:41.323+0000][1.533s][info ][safepoint     ] Total time for which application threads were stopped: 0.0119736 seconds, Stopping threads took: 0.0009466 seconds
[2023-10-19T08:40:41.323+0000][1.534s][info ][gc,stringdedup] Concurrent String Deduplication (1.534s)
[2023-10-19T08:40:41.325+0000][1.536s][info ][gc,stringdedup] Concurrent String Deduplication 114.6K->35768.0B(81624.0B) avg 10.9% (1.534s, 1.536s) 1.874ms
[2023-10-19T08:40:41.446+0000][1.657s][debug][safepoint     ] Safepoint synchronization initiated. (13 threads)
[2023-10-19T08:40:41.447+0000][1.658s][info ][safepoint     ] Application time: 0.1241034 seconds
[2023-10-19T08:40:41.447+0000][1.658s][info ][safepoint     ] Entering safepoint region: G1CollectForAllocation
[2023-10-19T08:40:41.448+0000][1.659s][info ][gc,start      ] GC(5) Pause Young (Normal) (G1 Evacuation Pause)
[2023-10-19T08:40:41.448+0000][1.659s][info ][gc,task       ] GC(5) Using 4 workers of 8 for evacuation
[2023-10-19T08:40:41.453+0000][1.663s][info ][gc,phases     ] GC(5)   Pre Evacuate Collection Set: 0.0ms
[2023-10-19T08:40:41.453+0000][1.664s][info ][gc,phases     ] GC(5)   Evacuate Collection Set: 3.2ms
[2023-10-19T08:40:41.454+0000][1.664s][info ][gc,phases     ] GC(5)   Post Evacuate Collection Set: 1.1ms
[2023-10-19T08:40:41.454+0000][1.665s][info ][gc,phases     ] GC(5)   Other: 0.6ms
[2023-10-19T08:40:41.454+0000][1.665s][info ][gc,heap       ] GC(5) Eden regions: 84->0(88)
[2023-10-19T08:40:41.455+0000][1.665s][info ][gc,heap       ] GC(5) Survivor regions: 5->6(12)
[2023-10-19T08:40:41.455+0000][1.666s][info ][gc,heap       ] GC(5) Old regions: 10->10
[2023-10-19T08:40:41.455+0000][1.666s][info ][gc,heap       ] GC(5) Humongous regions: 0->0
[2023-10-19T08:40:41.455+0000][1.666s][info ][gc,metaspace  ] GC(5) Metaspace: 15213K(16000K)->15213K(16000K) NonClass: 13304K(13824K)->13304K(13824K) Class: 1908K(2176K)->1908K(2176K)
[2023-10-19T08:40:41.456+0000][1.666s][info ][gc            ] GC(5) Pause Young (Normal) (G1 Evacuation Pause) 97M->14M(158M) 7.829ms
[2023-10-19T08:40:41.456+0000][1.667s][info ][gc,cpu        ] GC(5) User=0.01s Sys=0.02s Real=0.01s
[2023-10-19T08:40:41.456+0000][1.667s][info ][safepoint     ] Leaving safepoint region
[2023-10-19T08:40:41.457+0000][1.667s][info ][safepoint     ] Total time for which application threads were stopped: 0.0090560 seconds, Stopping threads took: 0.0002693 seconds
[2023-10-19T08:40:41.457+0000][1.668s][info ][gc,stringdedup] Concurrent String Deduplication (1.668s)
[2023-10-19T08:40:41.458+0000][1.669s][info ][gc,stringdedup] Concurrent String Deduplication 97984.0B->33448.0B(64536.0B) avg 12.9% (1.668s, 1.669s) 1.238ms
[2023-10-19T08:40:41.548+0000][1.759s][debug][safepoint     ] Safepoint synchronization initiated. (13 threads)
[2023-10-19T08:40:41.549+0000][1.759s][info ][safepoint     ] Application time: 0.0917311 seconds
[2023-10-19T08:40:41.549+0000][1.760s][info ][safepoint     ] Entering safepoint region: G1CollectForAllocation
[2023-10-19T08:40:41.549+0000][1.760s][info ][gc,start      ] GC(6) Pause Young (Normal) (G1 Evacuation Pause)
[2023-10-19T08:40:41.550+0000][1.760s][info ][gc,task       ] GC(6) Using 4 workers of 8 for evacuation
[2023-10-19T08:40:41.555+0000][1.765s][info ][gc,phases     ] GC(6)   Pre Evacuate Collection Set: 0.0ms
[2023-10-19T08:40:41.555+0000][1.766s][info ][gc,phases     ] GC(6)   Evacuate Collection Set: 3.6ms
[2023-10-19T08:40:41.555+0000][1.766s][info ][gc,phases     ] GC(6)   Post Evacuate Collection Set: 1.1ms
[2023-10-19T08:40:41.556+0000][1.766s][info ][gc,phases     ] GC(6)   Other: 0.6ms
[2023-10-19T08:40:41.556+0000][1.767s][info ][gc,heap       ] GC(6) Eden regions: 88->0(88)
[2023-10-19T08:40:41.556+0000][1.767s][info ][gc,heap       ] GC(6) Survivor regions: 6->6(12)
[2023-10-19T08:40:41.557+0000][1.767s][info ][gc,heap       ] GC(6) Old regions: 10->10
[2023-10-19T08:40:41.557+0000][1.768s][info ][gc,heap       ] GC(6) Humongous regions: 0->0
[2023-10-19T08:40:41.557+0000][1.768s][info ][gc,metaspace  ] GC(6) Metaspace: 17083K(18176K)->17083K(18176K) NonClass: 14834K(15616K)->14834K(15616K) Class: 2248K(2560K)->2248K(2560K)
[2023-10-19T08:40:41.558+0000][1.768s][info ][gc            ] GC(6) Pause Young (Normal) (G1 Evacuation Pause) 102M->14M(158M) 8.196ms
[2023-10-19T08:40:41.558+0000][1.768s][info ][gc,cpu        ] GC(6) User=0.03s Sys=0.00s Real=0.01s
[2023-10-19T08:40:41.558+0000][1.769s][info ][safepoint     ] Leaving safepoint region
[2023-10-19T08:40:41.558+0000][1.769s][info ][safepoint     ] Total time for which application threads were stopped: 0.0094195 seconds, Stopping threads took: 0.0002876 seconds
[2023-10-19T08:40:41.559+0000][1.769s][info ][gc,stringdedup] Concurrent String Deduplication (1.769s)
[2023-10-19T08:40:41.560+0000][1.771s][info ][gc,stringdedup] Concurrent String Deduplication 128.1K->100416.0B(30728.0B) avg 13.3% (1.769s, 1.771s) 1.546ms
[2023-10-19T08:40:41.565+0000][1.776s][debug][safepoint     ] Safepoint synchronization initiated. (13 threads)
[2023-10-19T08:40:41.565+0000][1.776s][info ][safepoint     ] Application time: 0.0067615 seconds
[2023-10-19T08:40:41.566+0000][1.776s][info ][safepoint     ] Entering safepoint region: Deoptimize
[2023-10-19T08:40:41.566+0000][1.777s][info ][safepoint     ] Leaving safepoint region
[2023-10-19T08:40:41.566+0000][1.777s][info ][safepoint     ] Total time for which application threads were stopped: 0.0008339 seconds, Stopping threads took: 0.0002629 seconds
[2023-10-19T08:40:41.645+0000][1.856s][debug][safepoint     ] Safepoint synchronization initiated. (13 threads)
[2023-10-19T08:40:41.646+0000][1.857s][info ][safepoint     ] Application time: 0.0791214 seconds
[2023-10-19T08:40:41.646+0000][1.857s][debug][safepoint     ] ... found polling page return exception at pc = 0x00007f0de8447746, stub =0x00007f0de0840600
[2023-10-19T08:40:41.648+0000][1.859s][debug][safepoint     ] Waiting for 1 thread(s) to block
[2023-10-19T08:40:41.648+0000][1.859s][info ][safepoint     ] Entering safepoint region: Deoptimize
[2023-10-19T08:40:41.649+0000][1.860s][info ][safepoint     ] Leaving safepoint region
[2023-10-19T08:40:41.649+0000][1.860s][info ][safepoint     ] Total time for which application threads were stopped: 0.0030451 seconds, Stopping threads took: 0.0023863 seconds
[2023-10-19T08:40:41.753+0000][1.964s][debug][safepoint     ] Safepoint synchronization initiated. (13 threads)
[2023-10-19T08:40:41.754+0000][1.965s][info ][safepoint     ] Application time: 0.1042279 seconds
[2023-10-19T08:40:41.754+0000][1.965s][info ][safepoint     ] Entering safepoint region: CollectForMetadataAllocation
[2023-10-19T08:40:41.755+0000][1.965s][info ][gc,start      ] GC(7) Pause Young (Concurrent Start) (Metadata GC Threshold)
[2023-10-19T08:40:41.755+0000][1.966s][info ][gc,task       ] GC(7) Using 4 workers of 8 for evacuation
[2023-10-19T08:40:41.763+0000][1.974s][info ][gc,phases     ] GC(7)   Pre Evacuate Collection Set: 0.1ms
[2023-10-19T08:40:41.763+0000][1.974s][info ][gc,phases     ] GC(7)   Evacuate Collection Set: 6.1ms
[2023-10-19T08:40:41.764+0000][1.974s][info ][gc,phases     ] GC(7)   Post Evacuate Collection Set: 1.3ms
[2023-10-19T08:40:41.764+0000][1.975s][info ][gc,phases     ] GC(7)   Other: 0.7ms
[2023-10-19T08:40:41.764+0000][1.975s][info ][gc,heap       ] GC(7) Eden regions: 88->0(86)
[2023-10-19T08:40:41.765+0000][1.975s][info ][gc,heap       ] GC(7) Survivor regions: 6->8(12)
[2023-10-19T08:40:41.765+0000][1.976s][info ][gc,heap       ] GC(7) Old regions: 10->10
[2023-10-19T08:40:41.765+0000][1.976s][info ][gc,heap       ] GC(7) Humongous regions: 0->0
[2023-10-19T08:40:41.766+0000][1.976s][info ][gc,metaspace  ] GC(7) Metaspace: 20393K(21248K)->20393K(21248K) NonClass: 17812K(18432K)->17812K(18432K) Class: 2581K(2816K)->2581K(2816K)
[2023-10-19T08:40:41.766+0000][1.977s][info ][gc            ] GC(7) Pause Young (Concurrent Start) (Metadata GC Threshold) 102M->16M(158M) 11.287ms
[2023-10-19T08:40:41.766+0000][1.977s][info ][gc,cpu        ] GC(7) User=0.05s Sys=0.00s Real=0.01s
[2023-10-19T08:40:41.767+0000][1.977s][info ][gc            ] GC(8) Concurrent Cycle
[2023-10-19T08:40:41.767+0000][1.977s][info ][safepoint     ] Leaving safepoint region
[2023-10-19T08:40:41.767+0000][1.978s][info ][safepoint     ] Total time for which application threads were stopped: 0.0129998 seconds, Stopping threads took: 0.0003537 seconds
[2023-10-19T08:40:41.767+0000][1.978s][info ][gc,marking    ] GC(8) Concurrent Clear Claimed Marks
[2023-10-19T08:40:41.768+0000][1.978s][info ][gc,marking    ] GC(8) Concurrent Clear Claimed Marks 0.966ms
[2023-10-19T08:40:41.768+0000][1.979s][info ][gc,marking    ] GC(8) Concurrent Scan Root Regions
[2023-10-19T08:40:41.767+0000][1.978s][info ][gc,stringdedup] Concurrent String Deduplication (1.978s)
[2023-10-19T08:40:41.770+0000][1.981s][info ][gc,stringdedup] Concurrent String Deduplication 68904.0B->21504.0B(47400.0B) avg 14.6% (1.978s, 1.981s) 2.406ms
[2023-10-19T08:40:41.772+0000][1.982s][info ][gc,marking    ] GC(8) Concurrent Scan Root Regions 3.471ms
[2023-10-19T08:40:41.772+0000][1.983s][info ][gc,marking    ] GC(8) Concurrent Mark (1.983s)
[2023-10-19T08:40:41.773+0000][1.983s][info ][gc,marking    ] GC(8) Concurrent Mark From Roots
[2023-10-19T08:40:41.773+0000][1.984s][info ][gc,task       ] GC(8) Using 2 workers of 2 for marking
[2023-10-19T08:40:41.779+0000][1.989s][info ][gc,marking    ] GC(8) Concurrent Mark From Roots 6.281ms
[2023-10-19T08:40:41.779+0000][1.990s][info ][gc,marking    ] GC(8) Concurrent Preclean
[2023-10-19T08:40:41.780+0000][1.990s][info ][gc,marking    ] GC(8) Concurrent Preclean 0.460ms
[2023-10-19T08:40:41.780+0000][1.991s][info ][gc,marking    ] GC(8) Concurrent Mark (1.983s, 1.991s) 8.234ms
[2023-10-19T08:40:41.781+0000][1.992s][debug][safepoint     ] Safepoint synchronization initiated. (13 threads)
[2023-10-19T08:40:41.781+0000][1.992s][info ][safepoint     ] Application time: 0.0139354 seconds
[2023-10-19T08:40:41.782+0000][1.992s][debug][safepoint     ] ... found polling page return exception at pc = 0x00007f0de8417fbd, stub =0x00007f0de0840600
[2023-10-19T08:40:41.782+0000][1.993s][debug][safepoint     ] Waiting for 2 thread(s) to block
[2023-10-19T08:40:41.782+0000][1.993s][info ][safepoint     ] Entering safepoint region: CGC_Operation
[2023-10-19T08:40:41.783+0000][1.994s][info ][gc,start      ] GC(8) Pause Remark
[2023-10-19T08:40:41.786+0000][1.996s][info ][gc,stringtable] GC(8) Cleaned string and symbol table, strings: 8268 processed, 7 removed, symbols: 55265 processed, 114 removed
[2023-10-19T08:40:41.786+0000][1.997s][info ][gc            ] GC(8) Pause Remark 21M->21M(158M) 3.569ms
[2023-10-19T08:40:41.787+0000][1.997s][info ][gc,cpu        ] GC(8) User=0.01s Sys=0.00s Real=0.00s
[2023-10-19T08:40:41.787+0000][1.998s][info ][safepoint     ] Leaving safepoint region
[2023-10-19T08:40:41.787+0000][1.998s][info ][safepoint     ] Total time for which application threads were stopped: 0.0056817 seconds, Stopping threads took: 0.0011095 seconds
[2023-10-19T08:40:41.788+0000][1.998s][info ][gc,marking    ] GC(8) Concurrent Rebuild Remembered Sets
[2023-10-19T08:40:41.791+0000][2.002s][info ][gc,marking    ] GC(8) Concurrent Rebuild Remembered Sets 3.164ms
[2023-10-19T08:40:41.792+0000][2.002s][debug][safepoint     ] Safepoint synchronization initiated. (13 threads)
[2023-10-19T08:40:41.792+0000][2.003s][info ][safepoint     ] Application time: 0.0042972 seconds
[2023-10-19T08:40:41.792+0000][2.003s][debug][safepoint     ] ... found polling page return exception at pc = 0x00007f0de0e6c80a, stub =0x00007f0de0840600
[2023-10-19T08:40:41.792+0000][2.003s][debug][safepoint     ] ... found polling page return exception at pc = 0x00007f0de8362237, stub =0x00007f0de0840600
[2023-10-19T08:40:41.794+0000][2.005s][debug][safepoint     ] Waiting for 2 thread(s) to block
[2023-10-19T08:40:41.795+0000][2.005s][info ][safepoint     ] Entering safepoint region: CGC_Operation
[2023-10-19T08:40:41.795+0000][2.006s][info ][gc,start      ] GC(8) Pause Cleanup
[2023-10-19T08:40:41.796+0000][2.006s][info ][gc            ] GC(8) Pause Cleanup 23M->23M(158M) 0.406ms
[2023-10-19T08:40:41.796+0000][2.007s][info ][gc,cpu        ] GC(8) User=0.00s Sys=0.00s Real=0.00s
[2023-10-19T08:40:41.796+0000][2.007s][info ][safepoint     ] Leaving safepoint region
[2023-10-19T08:40:41.797+0000][2.007s][info ][safepoint     ] Total time for which application threads were stopped: 0.0041980 seconds, Stopping threads took: 0.0026523 seconds
[2023-10-19T08:40:41.797+0000][2.008s][info ][gc,marking    ] GC(8) Concurrent Cleanup for Next Mark
[2023-10-19T08:40:41.799+0000][2.009s][info ][gc,marking    ] GC(8) Concurrent Cleanup for Next Mark 1.478ms
[2023-10-19T08:40:41.799+0000][2.010s][info ][gc            ] GC(8) Concurrent Cycle 32.531ms
[2023-10-19T08:40:41.927+0000][2.138s][debug][safepoint     ] Safepoint synchronization initiated. (13 threads)
[2023-10-19T08:40:41.929+0000][2.140s][info ][safepoint     ] Application time: 0.1324110 seconds
[2023-10-19T08:40:41.930+0000][2.140s][info ][safepoint     ] Entering safepoint region: Deoptimize
[2023-10-19T08:40:41.931+0000][2.141s][info ][safepoint     ] Leaving safepoint region
[2023-10-19T08:40:41.931+0000][2.142s][info ][safepoint     ] Total time for which application threads were stopped: 0.0012108 seconds, Stopping threads took: 0.0002910 seconds
[2023-10-19T08:40:41.962+0000][2.172s][debug][safepoint     ] Safepoint synchronization initiated. (13 threads)
[2023-10-19T08:40:41.962+0000][2.173s][info ][safepoint     ] Application time: 0.0311643 seconds
[2023-10-19T08:40:41.963+0000][2.174s][debug][safepoint     ] Waiting for 1 thread(s) to block
[2023-10-19T08:40:41.963+0000][2.174s][info ][safepoint     ] Entering safepoint region: G1CollectForAllocation
[2023-10-19T08:40:41.964+0000][2.175s][info ][gc,start      ] GC(9) Pause Young (Normal) (G1 Evacuation Pause)
[2023-10-19T08:40:41.964+0000][2.175s][info ][gc,task       ] GC(9) Using 4 workers of 8 for evacuation
[2023-10-19T08:40:41.973+0000][2.184s][info ][gc,phases     ] GC(9)   Pre Evacuate Collection Set: 0.0ms
[2023-10-19T08:40:41.973+0000][2.184s][info ][gc,phases     ] GC(9)   Evacuate Collection Set: 7.0ms
[2023-10-19T08:40:41.974+0000][2.184s][info ][gc,phases     ] GC(9)   Post Evacuate Collection Set: 1.2ms
[2023-10-19T08:40:41.974+0000][2.185s][info ][gc,phases     ] GC(9)   Other: 0.9ms
[2023-10-19T08:40:41.974+0000][2.185s][info ][gc,heap       ] GC(9) Eden regions: 86->0(106)
[2023-10-19T08:40:41.975+0000][2.185s][info ][gc,heap       ] GC(9) Survivor regions: 8->8(12)
[2023-10-19T08:40:41.975+0000][2.186s][info ][gc,heap       ] GC(9) Old regions: 10->13
[2023-10-19T08:40:41.975+0000][2.186s][info ][gc,heap       ] GC(9) Humongous regions: 0->0
[2023-10-19T08:40:41.975+0000][2.186s][info ][gc,metaspace  ] GC(9) Metaspace: 23733K(24828K)->23733K(24828K) NonClass: 20740K(21500K)->20740K(21500K) Class: 2993K(3328K)->2993K(3328K)
[2023-10-19T08:40:41.976+0000][2.186s][info ][gc            ] GC(9) Pause Young (Normal) (G1 Evacuation Pause) 102M->18M(190M) 11.811ms
[2023-10-19T08:40:41.976+0000][2.187s][info ][gc,cpu        ] GC(9) User=0.05s Sys=0.00s Real=0.01s
[2023-10-19T08:40:41.976+0000][2.187s][info ][safepoint     ] Leaving safepoint region
[2023-10-19T08:40:41.976+0000][2.187s][info ][safepoint     ] Total time for which application threads were stopped: 0.0135324 seconds, Stopping threads took: 0.0007967 seconds
[2023-10-19T08:40:41.977+0000][2.187s][info ][gc,stringdedup] Concurrent String Deduplication (2.187s)
[2023-10-19T08:40:41.978+0000][2.189s][info ][gc,stringdedup] Concurrent String Deduplication 102.5K->14624.0B(90296.0B) avg 17.0% (2.187s, 2.189s) 1.542ms
[2023-10-19T08:40:42.196+0000][2.407s][debug][safepoint     ] Safepoint synchronization initiated. (12 threads)
[2023-10-19T08:40:42.196+0000][2.407s][info ][safepoint     ] Application time: 0.2196956 seconds
[2023-10-19T08:40:42.197+0000][2.407s][info ][safepoint     ] Entering safepoint region: G1CollectForAllocation
[2023-10-19T08:40:42.197+0000][2.408s][info ][gc,start      ] GC(10) Pause Young (Normal) (G1 Evacuation Pause)
[2023-10-19T08:40:42.198+0000][2.408s][info ][gc,task       ] GC(10) Using 4 workers of 8 for evacuation
[2023-10-19T08:40:42.206+0000][2.417s][info ][gc,phases     ] GC(10)   Pre Evacuate Collection Set: 0.0ms
[2023-10-19T08:40:42.206+0000][2.417s][info ][gc,phases     ] GC(10)   Evacuate Collection Set: 6.7ms
[2023-10-19T08:40:42.207+0000][2.417s][info ][gc,phases     ] GC(10)   Post Evacuate Collection Set: 1.1ms
[2023-10-19T08:40:42.207+0000][2.418s][info ][gc,phases     ] GC(10)   Other: 0.9ms
[2023-10-19T08:40:42.207+0000][2.418s][info ][gc,heap       ] GC(10) Eden regions: 106->0(103)
[2023-10-19T08:40:42.208+0000][2.418s][info ][gc,heap       ] GC(10) Survivor regions: 8->11(15)
[2023-10-19T08:40:42.208+0000][2.419s][info ][gc,heap       ] GC(10) Old regions: 13->13
[2023-10-19T08:40:42.208+0000][2.419s][info ][gc,heap       ] GC(10) Humongous regions: 0->0
[2023-10-19T08:40:42.208+0000][2.419s][info ][gc,metaspace  ] GC(10) Metaspace: 24156K(25212K)->24156K(25212K) NonClass: 21100K(21756K)->21100K(21756K) Class: 3056K(3456K)->3056K(3456K)
[2023-10-19T08:40:42.209+0000][2.419s][info ][gc            ] GC(10) Pause Young (Normal) (G1 Evacuation Pause) 124M->21M(190M) 11.224ms
[2023-10-19T08:40:42.209+0000][2.420s][info ][gc,cpu        ] GC(10) User=0.06s Sys=0.00s Real=0.01s
[2023-10-19T08:40:42.209+0000][2.420s][info ][safepoint     ] Leaving safepoint region
[2023-10-19T08:40:42.210+0000][2.420s][info ][safepoint     ] Total time for which application threads were stopped: 0.0128350 seconds, Stopping threads took: 0.0004327 seconds
[2023-10-19T08:40:42.210+0000][2.421s][info ][gc,stringdedup] Concurrent String Deduplication (2.421s)
[2023-10-19T08:40:42.214+0000][2.424s][info ][gc,stringdedup] Concurrent String Deduplication 796.4K->751.3K(46184.0B) avg 14.7% (2.421s, 2.424s) 3.899ms
[2023-10-19T08:40:42.471+0000][2.682s][debug][safepoint     ] Safepoint synchronization initiated. (12 threads)
[2023-10-19T08:40:42.472+0000][2.682s][info ][safepoint     ] Application time: 0.2616605 seconds
[2023-10-19T08:40:42.472+0000][2.683s][info ][safepoint     ] Entering safepoint region: G1CollectForAllocation
[2023-10-19T08:40:42.472+0000][2.683s][info ][gc,start      ] GC(11) Pause Young (Normal) (G1 Evacuation Pause)
[2023-10-19T08:40:42.473+0000][2.683s][info ][gc,task       ] GC(11) Using 4 workers of 8 for evacuation
[2023-10-19T08:40:42.482+0000][2.692s][info ][gc,phases     ] GC(11)   Pre Evacuate Collection Set: 0.0ms
[2023-10-19T08:40:42.482+0000][2.693s][info ][gc,phases     ] GC(11)   Evacuate Collection Set: 7.1ms
[2023-10-19T08:40:42.483+0000][2.694s][info ][gc,phases     ] GC(11)   Post Evacuate Collection Set: 1.4ms
[2023-10-19T08:40:42.483+0000][2.694s][info ][gc,phases     ] GC(11)   Other: 0.7ms
[2023-10-19T08:40:42.484+0000][2.694s][info ][gc,heap       ] GC(11) Eden regions: 103->0(103)
[2023-10-19T08:40:42.484+0000][2.695s][info ][gc,heap       ] GC(11) Survivor regions: 11->11(15)
[2023-10-19T08:40:42.484+0000][2.695s][info ][gc,heap       ] GC(11) Old regions: 13->15
[2023-10-19T08:40:42.484+0000][2.695s][info ][gc,heap       ] GC(11) Humongous regions: 0->0
[2023-10-19T08:40:42.485+0000][2.695s][info ][gc,metaspace  ] GC(11) Metaspace: 24588K(25724K)->24588K(25724K) NonClass: 21496K(22268K)->21496K(22268K) Class: 3091K(3456K)->3091K(3456K)
[2023-10-19T08:40:42.485+0000][2.696s][info ][gc            ] GC(11) Pause Young (Normal) (G1 Evacuation Pause) 124M->23M(190M) 12.631ms
[2023-10-19T08:40:42.485+0000][2.696s][info ][gc,cpu        ] GC(11) User=0.06s Sys=0.00s Real=0.01s
[2023-10-19T08:40:42.486+0000][2.696s][info ][safepoint     ] Leaving safepoint region
[2023-10-19T08:40:42.486+0000][2.697s][info ][safepoint     ] Total time for which application threads were stopped: 0.0139951 seconds, Stopping threads took: 0.0003585 seconds
[2023-10-19T08:40:42.486+0000][2.697s][info ][gc,stringdedup] Concurrent String Deduplication (2.697s)
[2023-10-19T08:40:42.490+0000][2.700s][info ][gc,stringdedup] Concurrent String Deduplication 548.7K->368.1K(180.6K) avg 17.0% (2.697s, 2.700s) 3.537ms
[2023-10-19T08:40:42.745+0000][2.956s][debug][safepoint     ] Safepoint synchronization initiated. (12 threads)
[2023-10-19T08:40:42.745+0000][2.956s][info ][safepoint     ] Application time: 0.2591038 seconds
[2023-10-19T08:40:42.746+0000][2.956s][info ][safepoint     ] Entering safepoint region: G1CollectForAllocation
[2023-10-19T08:40:42.746+0000][2.957s][info ][gc,start      ] GC(12) Pause Young (Normal) (G1 Evacuation Pause)
[2023-10-19T08:40:42.746+0000][2.957s][info ][gc,task       ] GC(12) Using 4 workers of 8 for evacuation
[2023-10-19T08:40:42.754+0000][2.965s][info ][gc,phases     ] GC(12)   Pre Evacuate Collection Set: 0.0ms
[2023-10-19T08:40:42.754+0000][2.965s][info ][gc,phases     ] GC(12)   Evacuate Collection Set: 6.0ms
[2023-10-19T08:40:42.755+0000][2.965s][info ][gc,phases     ] GC(12)   Post Evacuate Collection Set: 1.2ms
[2023-10-19T08:40:42.755+0000][2.966s][info ][gc,phases     ] GC(12)   Other: 0.6ms
[2023-10-19T08:40:42.755+0000][2.966s][info ][gc,heap       ] GC(12) Eden regions: 103->0(103)
[2023-10-19T08:40:42.756+0000][2.966s][info ][gc,heap       ] GC(12) Survivor regions: 11->11(15)
[2023-10-19T08:40:42.756+0000][2.967s][info ][gc,heap       ] GC(12) Old regions: 15->17
[2023-10-19T08:40:42.756+0000][2.967s][info ][gc,heap       ] GC(12) Humongous regions: 0->0
[2023-10-19T08:40:42.756+0000][2.967s][info ][gc,metaspace  ] GC(12) Metaspace: 24723K(25724K)->24723K(25724K) NonClass: 21616K(22268K)->21616K(22268K) Class: 3107K(3456K)->3107K(3456K)
[2023-10-19T08:40:42.757+0000][2.967s][info ][gc            ] GC(12) Pause Young (Normal) (G1 Evacuation Pause) 126M->26M(190M) 10.775ms
[2023-10-19T08:40:42.757+0000][2.968s][info ][gc,cpu        ] GC(12) User=0.04s Sys=0.00s Real=0.01s
[2023-10-19T08:40:42.757+0000][2.968s][info ][safepoint     ] Leaving safepoint region
[2023-10-19T08:40:42.758+0000][2.968s][info ][safepoint     ] Total time for which application threads were stopped: 0.0120273 seconds, Stopping threads took: 0.0002587 seconds
[2023-10-19T08:40:42.758+0000][2.969s][info ][gc,stringdedup] Concurrent String Deduplication (2.969s)
[2023-10-19T08:40:42.763+0000][2.974s][info ][gc,stringdedup] Concurrent String Deduplication 913.1K->402.2K(510.9K) avg 23.7% (2.969s, 2.973s) 4.889ms
[2023-10-19T08:40:42.869+0000][3.080s][debug][safepoint     ] Safepoint synchronization initiated. (13 threads)
[2023-10-19T08:40:42.870+0000][3.081s][info ][safepoint     ] Application time: 0.1121214 seconds
[2023-10-19T08:40:42.870+0000][3.081s][info ][safepoint     ] Entering safepoint region: G1CollectForAllocation
[2023-10-19T08:40:42.871+0000][3.082s][info ][gc,start      ] GC(13) Pause Young (Normal) (G1 Evacuation Pause)
[2023-10-19T08:40:42.871+0000][3.082s][info ][gc,task       ] GC(13) Using 4 workers of 8 for evacuation
[2023-10-19T08:40:42.879+0000][3.089s][info ][gc,phases     ] GC(13)   Pre Evacuate Collection Set: 0.0ms
[2023-10-19T08:40:42.879+0000][3.090s][info ][gc,phases     ] GC(13)   Evacuate Collection Set: 5.2ms
[2023-10-19T08:40:42.879+0000][3.090s][info ][gc,phases     ] GC(13)   Post Evacuate Collection Set: 1.5ms
[2023-10-19T08:40:42.880+0000][3.090s][info ][gc,phases     ] GC(13)   Other: 0.8ms
[2023-10-19T08:40:42.880+0000][3.091s][info ][gc,heap       ] GC(13) Eden regions: 103->0(138)
[2023-10-19T08:40:42.880+0000][3.091s][info ][gc,heap       ] GC(13) Survivor regions: 11->7(15)
[2023-10-19T08:40:42.880+0000][3.091s][info ][gc,heap       ] GC(13) Old regions: 17->22
[2023-10-19T08:40:42.881+0000][3.091s][info ][gc,heap       ] GC(13) Humongous regions: 0->0
[2023-10-19T08:40:42.881+0000][3.092s][info ][gc,metaspace  ] GC(13) Metaspace: 25662K(26876K)->25662K(26876K) NonClass: 22489K(23292K)->22489K(23292K) Class: 3173K(3584K)->3173K(3584K)
[2023-10-19T08:40:42.881+0000][3.092s][info ][gc            ] GC(13) Pause Young (Normal) (G1 Evacuation Pause) 129M->26M(242M) 10.438ms
[2023-10-19T08:40:42.882+0000][3.092s][info ][gc,cpu        ] GC(13) User=0.04s Sys=0.00s Real=0.01s
[2023-10-19T08:40:42.882+0000][3.093s][info ][safepoint     ] Leaving safepoint region
[2023-10-19T08:40:42.882+0000][3.093s][info ][safepoint     ] Total time for which application threads were stopped: 0.0119392 seconds, Stopping threads took: 0.0004062 seconds
[2023-10-19T08:40:42.883+0000][3.093s][info ][gc,stringdedup] Concurrent String Deduplication (3.093s)
[2023-10-19T08:40:42.888+0000][3.098s][info ][gc,stringdedup] Concurrent String Deduplication 835.8K->249.2K(586.6K) avg 30.1% (3.093s, 3.098s) 4.842ms
[2023-10-19T08:40:43.011+0000][3.222s][debug][safepoint     ] Safepoint synchronization initiated. (13 threads)
[2023-10-19T08:40:43.012+0000][3.222s][info ][safepoint     ] Application time: 0.1291197 seconds
[2023-10-19T08:40:43.012+0000][3.223s][info ][safepoint     ] Entering safepoint region: G1CollectForAllocation
[2023-10-19T08:40:43.013+0000][3.223s][info ][gc,start      ] GC(14) Pause Young (Normal) (G1 Evacuation Pause)
[2023-10-19T08:40:43.013+0000][3.224s][info ][gc,task       ] GC(14) Using 5 workers of 8 for evacuation
[2023-10-19T08:40:43.018+0000][3.229s][info ][gc,phases     ] GC(14)   Pre Evacuate Collection Set: 0.0ms
[2023-10-19T08:40:43.019+0000][3.230s][info ][gc,phases     ] GC(14)   Evacuate Collection Set: 3.3ms
[2023-10-19T08:40:43.019+0000][3.230s][info ][gc,phases     ] GC(14)   Post Evacuate Collection Set: 1.4ms
[2023-10-19T08:40:43.020+0000][3.231s][info ][gc,phases     ] GC(14)   Other: 1.0ms
[2023-10-19T08:40:43.020+0000][3.231s][info ][gc,heap       ] GC(14) Eden regions: 138->0(138)
[2023-10-19T08:40:43.021+0000][3.232s][info ][gc,heap       ] GC(14) Survivor regions: 7->7(19)
[2023-10-19T08:40:43.021+0000][3.232s][info ][gc,heap       ] GC(14) Old regions: 22->22
[2023-10-19T08:40:43.022+0000][3.232s][info ][gc,heap       ] GC(14) Humongous regions: 0->0
[2023-10-19T08:40:43.022+0000][3.233s][info ][gc,metaspace  ] GC(14) Metaspace: 26254K(27388K)->26254K(27388K) NonClass: 23030K(23804K)->23030K(23804K) Class: 3224K(3584K)->3224K(3584K)
[2023-10-19T08:40:43.023+0000][3.233s][info ][gc            ] GC(14) Pause Young (Normal) (G1 Evacuation Pause) 164M->26M(242M) 10.020ms
[2023-10-19T08:40:43.023+0000][3.234s][info ][gc,cpu        ] GC(14) User=0.04s Sys=0.00s Real=0.01s
[2023-10-19T08:40:43.024+0000][3.234s][info ][safepoint     ] Leaving safepoint region
[2023-10-19T08:40:43.024+0000][3.235s][info ][safepoint     ] Total time for which application threads were stopped: 0.0121400 seconds, Stopping threads took: 0.0003668 seconds
[2023-10-19T08:40:43.025+0000][3.236s][info ][gc,stringdedup] Concurrent String Deduplication (3.236s)
[2023-10-19T08:40:43.028+0000][3.239s][info ][gc,stringdedup] Concurrent String Deduplication 1255.5K->246.7K(1008.8K) avg 38.6% (3.236s, 3.239s) 3.132ms
[2023-10-19T08:40:43.160+0000][3.371s][debug][safepoint     ] Safepoint synchronization initiated. (12 threads)
[2023-10-19T08:40:43.161+0000][3.372s][info ][safepoint     ] Application time: 0.1360996 seconds
[2023-10-19T08:40:43.161+0000][3.372s][info ][safepoint     ] Entering safepoint region: G1CollectForAllocation
[2023-10-19T08:40:43.162+0000][3.372s][info ][gc,start      ] GC(15) Pause Young (Normal) (G1 Evacuation Pause)
[2023-10-19T08:40:43.162+0000][3.373s][info ][gc,task       ] GC(15) Using 5 workers of 8 for evacuation
[2023-10-19T08:40:43.169+0000][3.379s][info ][gc,phases     ] GC(15)   Pre Evacuate Collection Set: 0.0ms
[2023-10-19T08:40:43.169+0000][3.380s][info ][gc,phases     ] GC(15)   Evacuate Collection Set: 4.5ms
[2023-10-19T08:40:43.170+0000][3.380s][info ][gc,phases     ] GC(15)   Post Evacuate Collection Set: 1.7ms
[2023-10-19T08:40:43.170+0000][3.381s][info ][gc,phases     ] GC(15)   Other: 0.8ms
[2023-10-19T08:40:43.170+0000][3.381s][info ][gc,heap       ] GC(15) Eden regions: 138->0(139)
[2023-10-19T08:40:43.171+0000][3.382s][info ][gc,heap       ] GC(15) Survivor regions: 7->6(19)
[2023-10-19T08:40:43.171+0000][3.382s][info ][gc,heap       ] GC(15) Old regions: 22->22
[2023-10-19T08:40:43.172+0000][3.382s][info ][gc,heap       ] GC(15) Humongous regions: 0->0
[2023-10-19T08:40:43.172+0000][3.383s][info ][gc,metaspace  ] GC(15) Metaspace: 26380K(27388K)->26380K(27388K) NonClass: 23140K(23804K)->23140K(23804K) Class: 3239K(3584K)->3239K(3584K)
[2023-10-19T08:40:43.172+0000][3.383s][info ][gc            ] GC(15) Pause Young (Normal) (G1 Evacuation Pause) 164M->25M(242M) 10.721ms
[2023-10-19T08:40:43.173+0000][3.384s][info ][gc,cpu        ] GC(15) User=0.06s Sys=0.01s Real=0.02s
[2023-10-19T08:40:43.173+0000][3.384s][info ][safepoint     ] Leaving safepoint region
[2023-10-19T08:40:43.174+0000][3.384s][info ][safepoint     ] Total time for which application threads were stopped: 0.0123270 seconds, Stopping threads took: 0.0003526 seconds
[2023-10-19T08:40:43.174+0000][3.385s][info ][gc,stringdedup] Concurrent String Deduplication (3.385s)
[2023-10-19T08:40:43.175+0000][3.386s][info ][gc,stringdedup] Concurrent String Deduplication 137.3K->33824.0B(104.2K) avg 39.3% (3.385s, 3.386s) 1.325ms
[2023-10-19T08:40:43.523+0000][3.734s][debug][safepoint     ] Safepoint synchronization initiated. (12 threads)
[2023-10-19T08:40:43.524+0000][3.734s][info ][safepoint     ] Application time: 0.3497561 seconds
[2023-10-19T08:40:43.524+0000][3.735s][info ][safepoint     ] Entering safepoint region: G1CollectForAllocation
[2023-10-19T08:40:43.525+0000][3.736s][info ][gc,start      ] GC(16) Pause Young (Normal) (G1 Evacuation Pause)
[2023-10-19T08:40:43.525+0000][3.736s][info ][gc,task       ] GC(16) Using 5 workers of 8 for evacuation
[2023-10-19T08:40:43.530+0000][3.741s][info ][gc,phases     ] GC(16)   Pre Evacuate Collection Set: 0.0ms
[2023-10-19T08:40:43.531+0000][3.742s][info ][gc,phases     ] GC(16)   Evacuate Collection Set: 3.0ms
[2023-10-19T08:40:43.531+0000][3.742s][info ][gc,phases     ] GC(16)   Post Evacuate Collection Set: 1.4ms
[2023-10-19T08:40:43.532+0000][3.743s][info ][gc,phases     ] GC(16)   Other: 1.0ms
[2023-10-19T08:40:43.532+0000][3.743s][info ][gc,heap       ] GC(16) Eden regions: 139->0(138)
[2023-10-19T08:40:43.533+0000][3.743s][info ][gc,heap       ] GC(16) Survivor regions: 6->7(19)
[2023-10-19T08:40:43.533+0000][3.744s][info ][gc,heap       ] GC(16) Old regions: 22->22
[2023-10-19T08:40:43.533+0000][3.744s][info ][gc,heap       ] GC(16) Humongous regions: 0->0
[2023-10-19T08:40:43.534+0000][3.744s][info ][gc,metaspace  ] GC(16) Metaspace: 31946K(33148K)->31946K(33148K) NonClass: 28106K(28924K)->28106K(28924K) Class: 3840K(4224K)->3840K(4224K)
[2023-10-19T08:40:43.534+0000][3.745s][info ][gc            ] GC(16) Pause Young (Normal) (G1 Evacuation Pause) 164M->26M(242M) 9.153ms
[2023-10-19T08:40:43.534+0000][3.745s][info ][gc,cpu        ] GC(16) User=0.03s Sys=0.00s Real=0.01s
[2023-10-19T08:40:43.535+0000][3.746s][info ][safepoint     ] Leaving safepoint region
[2023-10-19T08:40:43.535+0000][3.746s][info ][safepoint     ] Total time for which application threads were stopped: 0.0111360 seconds, Stopping threads took: 0.0005191 seconds
[2023-10-19T08:40:43.536+0000][3.746s][info ][gc,stringdedup] Concurrent String Deduplication (3.746s)
[2023-10-19T08:40:43.536+0000][3.747s][info ][gc,stringdedup] Concurrent String Deduplication 48056.0B->12800.0B(35256.0B) avg 39.5% (3.746s, 3.747s) 0.650ms
[2023-10-19T08:40:43.730+0000][3.941s][debug][safepoint     ] Safepoint synchronization initiated. (12 threads)
[2023-10-19T08:40:43.731+0000][3.941s][info ][safepoint     ] Application time: 0.1950788 seconds
[2023-10-19T08:40:43.731+0000][3.942s][info ][safepoint     ] Entering safepoint region: Deoptimize
[2023-10-19T08:40:43.732+0000][3.943s][info ][safepoint     ] Leaving safepoint region
[2023-10-19T08:40:43.732+0000][3.943s][info ][safepoint     ] Total time for which application threads were stopped: 0.0013886 seconds, Stopping threads took: 0.0003351 seconds
[2023-10-19T08:40:43.829+0000][4.040s][debug][safepoint     ] Safepoint synchronization initiated. (12 threads)
[2023-10-19T08:40:43.830+0000][4.041s][info ][safepoint     ] Application time: 0.0969467 seconds
[2023-10-19T08:40:43.830+0000][4.041s][info ][safepoint     ] Entering safepoint region: G1CollectForAllocation
[2023-10-19T08:40:43.831+0000][4.042s][info ][gc,start      ] GC(17) Pause Young (Normal) (G1 Evacuation Pause)
[2023-10-19T08:40:43.831+0000][4.042s][info ][gc,task       ] GC(17) Using 5 workers of 8 for evacuation
[2023-10-19T08:40:43.838+0000][4.049s][info ][gc,phases     ] GC(17)   Pre Evacuate Collection Set: 0.0ms
[2023-10-19T08:40:43.839+0000][4.050s][info ][gc,phases     ] GC(17)   Evacuate Collection Set: 4.6ms
[2023-10-19T08:40:43.839+0000][4.050s][info ][gc,phases     ] GC(17)   Post Evacuate Collection Set: 1.8ms
[2023-10-19T08:40:43.840+0000][4.050s][info ][gc,phases     ] GC(17)   Other: 1.1ms
[2023-10-19T08:40:43.840+0000][4.051s][info ][gc,heap       ] GC(17) Eden regions: 138->0(166)
[2023-10-19T08:40:43.841+0000][4.051s][info ][gc,heap       ] GC(17) Survivor regions: 7->8(19)
[2023-10-19T08:40:43.841+0000][4.052s][info ][gc,heap       ] GC(17) Old regions: 22->22
[2023-10-19T08:40:43.841+0000][4.052s][info ][gc,heap       ] GC(17) Humongous regions: 0->0
[2023-10-19T08:40:43.842+0000][4.052s][info ][gc,metaspace  ] GC(17) Metaspace: 32746K(34044K)->32746K(34044K) NonClass: 28793K(29692K)->28793K(29692K) Class: 3952K(4352K)->3952K(4352K)
[2023-10-19T08:40:43.842+0000][4.053s][info ][gc            ] GC(17) Pause Young (Normal) (G1 Evacuation Pause) 164M->27M(291M) 11.049ms
[2023-10-19T08:40:43.842+0000][4.053s][info ][gc,cpu        ] GC(17) User=0.06s Sys=0.01s Real=0.02s
[2023-10-19T08:40:43.843+0000][4.053s][info ][safepoint     ] Leaving safepoint region
[2023-10-19T08:40:43.843+0000][4.054s][info ][safepoint     ] Total time for which application threads were stopped: 0.0126232 seconds, Stopping threads took: 0.0004199 seconds
[2023-10-19T08:40:43.843+0000][4.054s][info ][gc,stringdedup] Concurrent String Deduplication (4.054s)
[2023-10-19T08:40:43.844+0000][4.055s][info ][gc,stringdedup] Concurrent String Deduplication 274.4K->7448.0B(267.1K) avg 41.6% (4.054s, 4.055s) 1.156ms
[2023-10-19T08:40:44.076+0000][4.287s][debug][safepoint     ] Safepoint synchronization initiated. (12 threads)
[2023-10-19T08:40:44.077+0000][4.288s][info ][safepoint     ] Application time: 0.2337175 seconds
[2023-10-19T08:40:44.077+0000][4.288s][info ][safepoint     ] Entering safepoint region: Deoptimize
[2023-10-19T08:40:44.079+0000][4.289s][info ][safepoint     ] Leaving safepoint region
[2023-10-19T08:40:44.079+0000][4.290s][info ][safepoint     ] Total time for which application threads were stopped: 0.0017371 seconds, Stopping threads took: 0.0004185 seconds
[2023-10-19T08:40:44.227+0000][4.438s][debug][safepoint     ] Safepoint synchronization initiated. (12 threads)
[2023-10-19T08:40:44.228+0000][4.439s][info ][safepoint     ] Application time: 0.1486269 seconds
[2023-10-19T08:40:44.229+0000][4.439s][info ][safepoint     ] Entering safepoint region: G1CollectForAllocation
[2023-10-19T08:40:44.229+0000][4.440s][info ][gc,start      ] GC(18) Pause Young (Normal) (G1 Evacuation Pause)
[2023-10-19T08:40:44.230+0000][4.440s][info ][gc,task       ] GC(18) Using 6 workers of 8 for evacuation
[2023-10-19T08:40:44.236+0000][4.447s][info ][gc,phases     ] GC(18)   Pre Evacuate Collection Set: 0.0ms
[2023-10-19T08:40:44.237+0000][4.447s][info ][gc,phases     ] GC(18)   Evacuate Collection Set: 4.4ms
[2023-10-19T08:40:44.237+0000][4.448s][info ][gc,phases     ] GC(18)   Post Evacuate Collection Set: 1.7ms
[2023-10-19T08:40:44.237+0000][4.448s][info ][gc,phases     ] GC(18)   Other: 0.9ms
[2023-10-19T08:40:44.237+0000][4.448s][info ][gc,heap       ] GC(18) Eden regions: 166->0(165)
[2023-10-19T08:40:44.238+0000][4.448s][info ][gc,heap       ] GC(18) Survivor regions: 8->9(22)
[2023-10-19T08:40:44.238+0000][4.449s][info ][gc,heap       ] GC(18) Old regions: 22->22
[2023-10-19T08:40:44.238+0000][4.449s][info ][gc,heap       ] GC(18) Humongous regions: 0->0
[2023-10-19T08:40:44.239+0000][4.449s][info ][gc,metaspace  ] GC(18) Metaspace: 33833K(34940K)->33833K(34940K) NonClass: 29753K(30460K)->29753K(30460K) Class: 4080K(4480K)->4080K(4480K)
[2023-10-19T08:40:44.239+0000][4.450s][info ][gc            ] GC(18) Pause Young (Normal) (G1 Evacuation Pause) 193M->28M(291M) 9.880ms
[2023-10-19T08:40:44.239+0000][4.450s][info ][gc,cpu        ] GC(18) User=0.05s Sys=0.00s Real=0.01s
[2023-10-19T08:40:44.240+0000][4.450s][info ][safepoint     ] Leaving safepoint region
[2023-10-19T08:40:44.240+0000][4.450s][info ][safepoint     ] Total time for which application threads were stopped: 0.0112128 seconds, Stopping threads took: 0.0003353 seconds
[2023-10-19T08:40:44.240+0000][4.451s][info ][gc,stringdedup] Concurrent String Deduplication (4.451s)
[2023-10-19T08:40:44.242+0000][4.453s][info ][gc,stringdedup] Concurrent String Deduplication 176.4K->39576.0B(137.8K) avg 42.4% (4.451s, 4.453s) 1.823ms
[2023-10-19T08:40:44.336+0000][4.547s][debug][safepoint     ] Safepoint synchronization initiated. (12 threads)
[2023-10-19T08:40:44.338+0000][4.548s][info ][safepoint     ] Application time: 0.0975540 seconds
[2023-10-19T08:40:44.338+0000][4.549s][info ][safepoint     ] Entering safepoint region: Deoptimize
[2023-10-19T08:40:44.339+0000][4.550s][info ][safepoint     ] Leaving safepoint region
[2023-10-19T08:40:44.339+0000][4.550s][info ][safepoint     ] Total time for which application threads were stopped: 0.0014307 seconds, Stopping threads took: 0.0002829 seconds
[2023-10-19T08:40:44.345+0000][4.556s][debug][safepoint     ] Safepoint synchronization initiated. (12 threads)
[2023-10-19T08:40:44.346+0000][4.557s][info ][safepoint     ] Application time: 0.0062530 seconds
[2023-10-19T08:40:44.346+0000][4.557s][info ][safepoint     ] Entering safepoint region: Deoptimize
[2023-10-19T08:40:44.347+0000][4.558s][info ][safepoint     ] Leaving safepoint region
[2023-10-19T08:40:44.347+0000][4.558s][info ][safepoint     ] Total time for which application threads were stopped: 0.0012431 seconds, Stopping threads took: 0.0003169 seconds
[2023-10-19T08:40:44.368+0000][4.579s][debug][safepoint     ] Safepoint synchronization initiated. (12 threads)
[2023-10-19T08:40:44.369+0000][4.580s][info ][safepoint     ] Application time: 0.0211152 seconds
[2023-10-19T08:40:44.369+0000][4.580s][info ][safepoint     ] Entering safepoint region: Deoptimize
[2023-10-19T08:40:44.370+0000][4.581s][info ][safepoint     ] Leaving safepoint region
[2023-10-19T08:40:44.371+0000][4.582s][info ][safepoint     ] Total time for which application threads were stopped: 0.0013863 seconds, Stopping threads took: 0.0003220 seconds
[2023-10-19T08:40:44.412+0000][4.623s][debug][safepoint     ] Safepoint synchronization initiated. (12 threads)
[2023-10-19T08:40:44.413+0000][4.623s][info ][safepoint     ] Application time: 0.0416134 seconds
[2023-10-19T08:40:44.413+0000][4.624s][info ][safepoint     ] Entering safepoint region: Deoptimize
[2023-10-19T08:40:44.414+0000][4.625s][info ][safepoint     ] Leaving safepoint region
[2023-10-19T08:40:44.415+0000][4.625s][info ][safepoint     ] Total time for which application threads were stopped: 0.0015465 seconds, Stopping threads took: 0.0003750 seconds
[2023-10-19T08:40:44.427+0000][4.638s][debug][safepoint     ] Safepoint synchronization initiated. (12 threads)
[2023-10-19T08:40:44.428+0000][4.639s][info ][safepoint     ] Application time: 0.0128161 seconds
[2023-10-19T08:40:44.428+0000][4.639s][info ][safepoint     ] Entering safepoint region: CollectForMetadataAllocation
[2023-10-19T08:40:44.429+0000][4.639s][info ][gc,start      ] GC(19) Pause Young (Concurrent Start) (Metadata GC Threshold)
[2023-10-19T08:40:44.429+0000][4.640s][info ][gc,task       ] GC(19) Using 6 workers of 8 for evacuation
[2023-10-19T08:40:44.438+0000][4.648s][info ][gc,phases     ] GC(19)   Pre Evacuate Collection Set: 0.1ms
[2023-10-19T08:40:44.438+0000][4.649s][info ][gc,phases     ] GC(19)   Evacuate Collection Set: 5.5ms
[2023-10-19T08:40:44.439+0000][4.649s][info ][gc,phases     ] GC(19)   Post Evacuate Collection Set: 2.3ms
[2023-10-19T08:40:44.439+0000][4.650s][info ][gc,phases     ] GC(19)   Other: 0.9ms
[2023-10-19T08:40:44.439+0000][4.650s][info ][gc,heap       ] GC(19) Eden regions: 48->0(165)
[2023-10-19T08:40:44.440+0000][4.650s][info ][gc,heap       ] GC(19) Survivor regions: 9->9(22)
[2023-10-19T08:40:44.440+0000][4.651s][info ][gc,heap       ] GC(19) Old regions: 22->22
[2023-10-19T08:40:44.440+0000][4.651s][info ][gc,heap       ] GC(19) Humongous regions: 0->0
[2023-10-19T08:40:44.440+0000][4.651s][info ][gc,metaspace  ] GC(19) Metaspace: 34919K(36048K)->34919K(36048K) NonClass: 30703K(31440K)->30703K(31440K) Class: 4216K(4608K)->4216K(4608K)
[2023-10-19T08:40:44.441+0000][4.651s][info ][gc            ] GC(19) Pause Young (Concurrent Start) (Metadata GC Threshold) 76M->28M(291M) 11.970ms
[2023-10-19T08:40:44.441+0000][4.652s][info ][gc,cpu        ] GC(19) User=0.07s Sys=0.00s Real=0.01s
[2023-10-19T08:40:44.441+0000][4.652s][info ][safepoint     ] Leaving safepoint region
[2023-10-19T08:40:44.442+0000][4.652s][info ][safepoint     ] Total time for which application threads were stopped: 0.0134769 seconds, Stopping threads took: 0.0003318 seconds
[2023-10-19T08:40:44.441+0000][4.652s][info ][gc            ] GC(20) Concurrent Cycle
[2023-10-19T08:40:44.443+0000][4.653s][info ][gc,marking    ] GC(20) Concurrent Clear Claimed Marks
[2023-10-19T08:40:44.442+0000][4.653s][info ][gc,stringdedup] Concurrent String Deduplication (4.653s)
[2023-10-19T08:40:44.443+0000][4.654s][info ][gc,marking    ] GC(20) Concurrent Clear Claimed Marks 0.538ms
[2023-10-19T08:40:44.444+0000][4.654s][info ][gc,marking    ] GC(20) Concurrent Scan Root Regions
[2023-10-19T08:40:44.446+0000][4.656s][info ][gc,stringdedup] Concurrent String Deduplication 305.0K->137.5K(167.5K) avg 42.8% (4.653s, 4.656s) 3.337ms
[2023-10-19T08:40:44.448+0000][4.659s][info ][gc,marking    ] GC(20) Concurrent Scan Root Regions 4.165ms
[2023-10-19T08:40:44.448+0000][4.659s][info ][gc,marking    ] GC(20) Concurrent Mark (4.659s)
[2023-10-19T08:40:44.449+0000][4.660s][info ][gc,marking    ] GC(20) Concurrent Mark From Roots
[2023-10-19T08:40:44.449+0000][4.660s][info ][gc,task       ] GC(20) Using 2 workers of 2 for marking
[2023-10-19T08:40:44.471+0000][4.682s][info ][gc,marking    ] GC(20) Concurrent Mark From Roots 22.006ms
[2023-10-19T08:40:44.472+0000][4.682s][info ][gc,marking    ] GC(20) Concurrent Preclean
[2023-10-19T08:40:44.472+0000][4.683s][info ][gc,marking    ] GC(20) Concurrent Preclean 0.599ms
[2023-10-19T08:40:44.473+0000][4.683s][info ][gc,marking    ] GC(20) Concurrent Mark (4.659s, 4.683s) 24.153ms
[2023-10-19T08:40:44.473+0000][4.684s][debug][safepoint     ] Safepoint synchronization initiated. (12 threads)
[2023-10-19T08:40:44.473+0000][4.684s][info ][safepoint     ] Application time: 0.0310370 seconds
[2023-10-19T08:40:44.474+0000][4.684s][info ][safepoint     ] Entering safepoint region: CGC_Operation
[2023-10-19T08:40:44.474+0000][4.685s][info ][gc,start      ] GC(20) Pause Remark
[2023-10-19T08:40:44.479+0000][4.690s][info ][gc,stringtable] GC(20) Cleaned string and symbol table, strings: 12675 processed, 29 removed, symbols: 122354 processed, 335 removed
[2023-10-19T08:40:44.480+0000][4.691s][info ][gc            ] GC(20) Pause Remark 38M->38M(291M) 5.825ms
[2023-10-19T08:40:44.480+0000][4.691s][info ][gc,cpu        ] GC(20) User=0.03s Sys=0.00s Real=0.00s
[2023-10-19T08:40:44.481+0000][4.691s][info ][safepoint     ] Leaving safepoint region
[2023-10-19T08:40:44.481+0000][4.692s][info ][safepoint     ] Total time for which application threads were stopped: 0.0072795 seconds, Stopping threads took: 0.0003274 seconds
[2023-10-19T08:40:44.481+0000][4.692s][info ][gc,marking    ] GC(20) Concurrent Rebuild Remembered Sets
[2023-10-19T08:40:44.493+0000][4.703s][info ][gc,marking    ] GC(20) Concurrent Rebuild Remembered Sets 11.318ms
[2023-10-19T08:40:44.493+0000][4.704s][debug][safepoint     ] Safepoint synchronization initiated. (12 threads)
[2023-10-19T08:40:44.493+0000][4.704s][info ][safepoint     ] Application time: 0.0122839 seconds
[2023-10-19T08:40:44.494+0000][4.704s][debug][safepoint     ] ... found polling page loop exception at pc = 0x00007f0de844d758, stub =0x00007f0de0843680
[2023-10-19T08:40:44.494+0000][4.705s][debug][safepoint     ] Waiting for 1 thread(s) to block
[2023-10-19T08:40:44.494+0000][4.705s][info ][safepoint     ] Entering safepoint region: CGC_Operation
[2023-10-19T08:40:44.495+0000][4.706s][info ][gc,start      ] GC(20) Pause Cleanup
[2023-10-19T08:40:44.495+0000][4.706s][info ][gc            ] GC(20) Pause Cleanup 41M->41M(291M) 0.394ms
[2023-10-19T08:40:44.496+0000][4.706s][info ][gc,cpu        ] GC(20) User=0.00s Sys=0.00s Real=0.00s
[2023-10-19T08:40:44.496+0000][4.706s][info ][safepoint     ] Leaving safepoint region
[2023-10-19T08:40:44.496+0000][4.707s][info ][safepoint     ] Total time for which application threads were stopped: 0.0022795 seconds, Stopping threads took: 0.0009480 seconds
[2023-10-19T08:40:44.496+0000][4.707s][info ][gc,marking    ] GC(20) Concurrent Cleanup for Next Mark
[2023-10-19T08:40:44.498+0000][4.708s][info ][gc,marking    ] GC(20) Concurrent Cleanup for Next Mark 1.240ms
[2023-10-19T08:40:44.498+0000][4.709s][info ][gc            ] GC(20) Concurrent Cycle 56.514ms
[2023-10-19T08:40:44.612+0000][4.822s][debug][safepoint     ] Safepoint synchronization initiated. (12 threads)
[2023-10-19T08:40:44.612+0000][4.823s][info ][safepoint     ] Application time: 0.1158223 seconds
[2023-10-19T08:40:44.613+0000][4.823s][info ][safepoint     ] Entering safepoint region: Deoptimize
[2023-10-19T08:40:44.614+0000][4.824s][info ][safepoint     ] Leaving safepoint region
[2023-10-19T08:40:44.614+0000][4.825s][info ][safepoint     ] Total time for which application threads were stopped: 0.0013725 seconds, Stopping threads took: 0.0003849 seconds
[2023-10-19T08:40:44.765+0000][4.976s][debug][safepoint     ] Safepoint synchronization initiated. (12 threads)
[2023-10-19T08:40:44.766+0000][4.977s][info ][safepoint     ] Application time: 0.1514769 seconds
[2023-10-19T08:40:44.767+0000][4.977s][info ][safepoint     ] Entering safepoint region: G1CollectForAllocation
[2023-10-19T08:40:44.767+0000][4.978s][info ][gc,start      ] GC(21) Pause Young (Normal) (G1 Evacuation Pause)
[2023-10-19T08:40:44.768+0000][4.979s][info ][gc,task       ] GC(21) Using 6 workers of 8 for evacuation
[2023-10-19T08:40:44.775+0000][4.985s][info ][gc,phases     ] GC(21)   Pre Evacuate Collection Set: 0.0ms
[2023-10-19T08:40:44.775+0000][4.986s][info ][gc,phases     ] GC(21)   Evacuate Collection Set: 4.5ms
[2023-10-19T08:40:44.776+0000][4.986s][info ][gc,phases     ] GC(21)   Post Evacuate Collection Set: 1.5ms
[2023-10-19T08:40:44.776+0000][4.987s][info ][gc,phases     ] GC(21)   Other: 1.1ms
[2023-10-19T08:40:44.777+0000][4.988s][info ][gc,heap       ] GC(21) Eden regions: 165->0(164)
[2023-10-19T08:40:44.778+0000][4.988s][info ][gc,heap       ] GC(21) Survivor regions: 9->10(22)
[2023-10-19T08:40:44.778+0000][4.989s][info ][gc,heap       ] GC(21) Old regions: 22->22
[2023-10-19T08:40:44.779+0000][4.989s][info ][gc,heap       ] GC(21) Humongous regions: 0->0
[2023-10-19T08:40:44.779+0000][4.990s][info ][gc,metaspace  ] GC(21) Metaspace: 37297K(38480K)->37297K(38480K) NonClass: 32712K(33488K)->32712K(33488K) Class: 4585K(4992K)->4585K(4992K)
[2023-10-19T08:40:44.780+0000][4.990s][info ][gc            ] GC(21) Pause Young (Normal) (G1 Evacuation Pause) 193M->29M(291M) 12.293ms
[2023-10-19T08:40:44.780+0000][4.991s][info ][gc,cpu        ] GC(21) User=0.03s Sys=0.00s Real=0.01s
[2023-10-19T08:40:44.781+0000][4.991s][info ][safepoint     ] Leaving safepoint region
[2023-10-19T08:40:44.781+0000][4.992s][info ][safepoint     ] Total time for which application threads were stopped: 0.0146280 seconds, Stopping threads took: 0.0006402 seconds
[2023-10-19T08:40:44.782+0000][4.992s][info ][gc,stringdedup] Concurrent String Deduplication (4.992s)
[2023-10-19T08:40:44.783+0000][4.994s][info ][gc,stringdedup] Concurrent String Deduplication 248.5K->114.0K(134.5K) avg 43.2% (4.992s, 4.994s) 1.295ms
[2023-10-19T08:40:44.874+0000][5.085s][debug][safepoint     ] Safepoint synchronization initiated. (12 threads)
[2023-10-19T08:40:44.875+0000][5.086s][info ][safepoint     ] Application time: 0.0931674 seconds
[2023-10-19T08:40:44.875+0000][5.086s][info ][safepoint     ] Entering safepoint region: Deoptimize
[2023-10-19T08:40:44.876+0000][5.087s][info ][safepoint     ] Leaving safepoint region
[2023-10-19T08:40:44.877+0000][5.088s][info ][safepoint     ] Total time for which application threads were stopped: 0.0017078 seconds, Stopping threads took: 0.0004549 seconds
[2023-10-19T08:40:45.150+0000][5.361s][debug][safepoint     ] Safepoint synchronization initiated. (12 threads)
[2023-10-19T08:40:45.150+0000][5.361s][info ][safepoint     ] Application time: 0.2729850 seconds
[2023-10-19T08:40:45.151+0000][5.362s][info ][safepoint     ] Entering safepoint region: ICBufferFull
[2023-10-19T08:40:45.152+0000][5.362s][info ][safepoint     ] Leaving safepoint region
[2023-10-19T08:40:45.152+0000][5.363s][info ][safepoint     ] Total time for which application threads were stopped: 0.0011593 seconds, Stopping threads took: 0.0004260 seconds
[2023-10-19T08:40:45.321+0000][5.532s][debug][safepoint     ] Safepoint synchronization initiated. (12 threads)
[2023-10-19T08:40:45.322+0000][5.533s][info ][safepoint     ] Application time: 0.1693044 seconds
[2023-10-19T08:40:45.322+0000][5.533s][debug][safepoint     ] Waiting for 1 thread(s) to block
[2023-10-19T08:40:45.323+0000][5.534s][info ][safepoint     ] Entering safepoint region: G1CollectForAllocation
[2023-10-19T08:40:45.324+0000][5.534s][info ][gc,start      ] GC(22) Pause Young (Normal) (G1 Evacuation Pause)
[2023-10-19T08:40:45.324+0000][5.535s][info ][gc,task       ] GC(22) Using 6 workers of 8 for evacuation
[2023-10-19T08:40:45.332+0000][5.543s][info ][gc,phases     ] GC(22)   Pre Evacuate Collection Set: 0.0ms
[2023-10-19T08:40:45.333+0000][5.543s][info ][gc,phases     ] GC(22)   Evacuate Collection Set: 5.7ms
[2023-10-19T08:40:45.333+0000][5.544s][info ][gc,phases     ] GC(22)   Post Evacuate Collection Set: 1.9ms
[2023-10-19T08:40:45.334+0000][5.545s][info ][gc,phases     ] GC(22)   Other: 1.0ms
[2023-10-19T08:40:45.334+0000][5.545s][info ][gc,heap       ] GC(22) Eden regions: 164->0(201)
[2023-10-19T08:40:45.335+0000][5.546s][info ][gc,heap       ] GC(22) Survivor regions: 10->9(22)
[2023-10-19T08:40:45.335+0000][5.546s][info ][gc,heap       ] GC(22) Old regions: 22->24
[2023-10-19T08:40:45.336+0000][5.546s][info ][gc,heap       ] GC(22) Humongous regions: 0->0
[2023-10-19T08:40:45.336+0000][5.547s][info ][gc,metaspace  ] GC(22) Metaspace: 39712K(40784K)->39712K(40784K) NonClass: 34830K(35536K)->34830K(35536K) Class: 4881K(5248K)->4881K(5248K)
[2023-10-19T08:40:45.337+0000][5.547s][info ][gc            ] GC(22) Pause Young (Normal) (G1 Evacuation Pause) 193M->30M(350M) 13.030ms
[2023-10-19T08:40:45.337+0000][5.548s][info ][gc,cpu        ] GC(22) User=0.02s Sys=0.01s Real=0.01s
[2023-10-19T08:40:45.337+0000][5.548s][info ][safepoint     ] Leaving safepoint region
[2023-10-19T08:40:45.338+0000][5.549s][info ][safepoint     ] Total time for which application threads were stopped: 0.0156642 seconds, Stopping threads took: 0.0011094 seconds
[2023-10-19T08:40:45.339+0000][5.549s][info ][gc,stringdedup] Concurrent String Deduplication (5.549s)
[2023-10-19T08:40:45.340+0000][5.550s][info ][gc,stringdedup] Concurrent String Deduplication 60032.0B->20744.0B(39288.0B) avg 43.3% (5.549s, 5.550s) 1.127ms
[2023-10-19T08:40:45.704+0000][5.915s][debug][safepoint     ] Safepoint synchronization initiated. (12 threads)
[2023-10-19T08:40:45.705+0000][5.916s][info ][safepoint     ] Application time: 0.3666502 seconds
[2023-10-19T08:40:45.706+0000][5.916s][info ][safepoint     ] Entering safepoint region: Deoptimize
[2023-10-19T08:40:45.707+0000][5.918s][info ][safepoint     ] Leaving safepoint region
[2023-10-19T08:40:45.708+0000][5.918s][info ][safepoint     ] Total time for which application threads were stopped: 0.0021366 seconds, Stopping threads took: 0.0004255 seconds
[2023-10-19T08:40:45.718+0000][5.929s][debug][safepoint     ] Safepoint synchronization initiated. (12 threads)
[2023-10-19T08:40:45.719+0000][5.930s][info ][safepoint     ] Application time: 0.0105861 seconds
[2023-10-19T08:40:45.719+0000][5.930s][info ][safepoint     ] Entering safepoint region: Deoptimize
[2023-10-19T08:40:45.720+0000][5.931s][info ][safepoint     ] Leaving safepoint region
[2023-10-19T08:40:45.721+0000][5.931s][info ][safepoint     ] Total time for which application threads were stopped: 0.0015734 seconds, Stopping threads took: 0.0003934 seconds
[2023-10-19T08:40:45.737+0000][5.947s][debug][safepoint     ] Safepoint synchronization initiated. (12 threads)
[2023-10-19T08:40:45.737+0000][5.948s][info ][safepoint     ] Application time: 0.0160690 seconds
[2023-10-19T08:40:45.738+0000][5.948s][info ][safepoint     ] Entering safepoint region: Deoptimize
[2023-10-19T08:40:45.739+0000][5.950s][info ][safepoint     ] Leaving safepoint region
[2023-10-19T08:40:45.739+0000][5.950s][info ][safepoint     ] Total time for which application threads were stopped: 0.0015359 seconds, Stopping threads took: 0.0004643 seconds
[2023-10-19T08:40:45.936+0000][6.147s][debug][safepoint     ] Safepoint synchronization initiated. (12 threads)
[2023-10-19T08:40:45.937+0000][6.147s][info ][safepoint     ] Application time: 0.1969508 seconds
[2023-10-19T08:40:45.937+0000][6.148s][info ][safepoint     ] Entering safepoint region: Deoptimize
[2023-10-19T08:40:45.938+0000][6.149s][info ][safepoint     ] Leaving safepoint region
[2023-10-19T08:40:45.939+0000][6.150s][info ][safepoint     ] Total time for which application threads were stopped: 0.0017700 seconds, Stopping threads took: 0.0004113 seconds
[2023-10-19T08:40:45.940+0000][6.151s][debug][safepoint     ] Safepoint synchronization initiated. (12 threads)
[2023-10-19T08:40:45.941+0000][6.151s][info ][safepoint     ] Application time: 0.0015377 seconds
[2023-10-19T08:40:45.941+0000][6.152s][info ][safepoint     ] Entering safepoint region: Deoptimize
[2023-10-19T08:40:45.942+0000][6.153s][info ][safepoint     ] Leaving safepoint region
[2023-10-19T08:40:45.943+0000][6.153s][info ][safepoint     ] Total time for which application threads were stopped: 0.0014381 seconds, Stopping threads took: 0.0003538 seconds
[2023-10-19T08:40:46.005+0000][6.216s][debug][safepoint     ] Safepoint synchronization initiated. (12 threads)
[2023-10-19T08:40:46.006+0000][6.217s][info ][safepoint     ] Application time: 0.0630728 seconds
[2023-10-19T08:40:46.006+0000][6.217s][info ][safepoint     ] Entering safepoint region: Deoptimize
[2023-10-19T08:40:46.008+0000][6.218s][info ][safepoint     ] Leaving safepoint region
[2023-10-19T08:40:46.008+0000][6.219s][info ][safepoint     ] Total time for which application threads were stopped: 0.0017622 seconds, Stopping threads took: 0.0004614 seconds
[2023-10-19T08:40:46.069+0000][6.279s][debug][safepoint     ] Safepoint synchronization initiated. (12 threads)
[2023-10-19T08:40:46.069+0000][6.280s][info ][safepoint     ] Application time: 0.0608227 seconds
[2023-10-19T08:40:46.070+0000][6.280s][info ][safepoint     ] Entering safepoint region: G1CollectForAllocation
[2023-10-19T08:40:46.070+0000][6.281s][info ][gc,start      ] GC(23) Pause Young (Normal) (G1 Evacuation Pause)
[2023-10-19T08:40:46.071+0000][6.282s][info ][gc,task       ] GC(23) Using 8 workers of 8 for evacuation
[2023-10-19T08:40:46.085+0000][6.296s][info ][gc,phases     ] GC(23)   Pre Evacuate Collection Set: 0.0ms
[2023-10-19T08:40:46.086+0000][6.296s][info ][gc,phases     ] GC(23)   Evacuate Collection Set: 10.9ms
[2023-10-19T08:40:46.086+0000][6.297s][info ][gc,phases     ] GC(23)   Post Evacuate Collection Set: 2.3ms
[2023-10-19T08:40:46.086+0000][6.297s][info ][gc,phases     ] GC(23)   Other: 1.6ms
[2023-10-19T08:40:46.086+0000][6.297s][info ][gc,heap       ] GC(23) Eden regions: 201->0(199)
[2023-10-19T08:40:46.087+0000][6.297s][info ][gc,heap       ] GC(23) Survivor regions: 9->11(27)
[2023-10-19T08:40:46.087+0000][6.298s][info ][gc,heap       ] GC(23) Old regions: 24->25
[2023-10-19T08:40:46.087+0000][6.298s][info ][gc,heap       ] GC(23) Humongous regions: 0->0
[2023-10-19T08:40:46.088+0000][6.298s][info ][gc,metaspace  ] GC(23) Metaspace: 44004K(45264K)->44004K(45264K) NonClass: 38539K(39376K)->38539K(39376K) Class: 5465K(5888K)->5465K(5888K)
[2023-10-19T08:40:46.088+0000][6.299s][info ][gc            ] GC(23) Pause Young (Normal) (G1 Evacuation Pause) 231M->34M(350M) 17.681ms
[2023-10-19T08:40:46.088+0000][6.299s][info ][gc,cpu        ] GC(23) User=0.12s Sys=0.00s Real=0.02s
[2023-10-19T08:40:46.089+0000][6.300s][info ][safepoint     ] Leaving safepoint region
[2023-10-19T08:40:46.089+0000][6.300s][info ][safepoint     ] Total time for which application threads were stopped: 0.0195037 seconds, Stopping threads took: 0.0003926 seconds
[2023-10-19T08:40:46.090+0000][6.300s][info ][gc,stringdedup] Concurrent String Deduplication (6.300s)
[2023-10-19T08:40:46.091+0000][6.302s][info ][gc,stringdedup] Concurrent String Deduplication 93984.0B->29808.0B(64176.0B) avg 43.6% (6.300s, 6.302s) 1.308ms
[2023-10-19T08:40:46.306+0000][6.516s][debug][safepoint     ] Safepoint synchronization initiated. (12 threads)
[2023-10-19T08:40:46.306+0000][6.517s][info ][safepoint     ] Application time: 0.2163880 seconds
[2023-10-19T08:40:46.306+0000][6.517s][info ][safepoint     ] Entering safepoint region: Deoptimize
[2023-10-19T08:40:46.307+0000][6.518s][info ][safepoint     ] Leaving safepoint region
[2023-10-19T08:40:46.308+0000][6.518s][info ][safepoint     ] Total time for which application threads were stopped: 0.0014173 seconds, Stopping threads took: 0.0002819 seconds
[2023-10-19T08:40:46.309+0000][6.519s][debug][safepoint     ] Safepoint synchronization initiated. (12 threads)
[2023-10-19T08:40:46.309+0000][6.520s][info ][safepoint     ] Application time: 0.0010008 seconds
[2023-10-19T08:40:46.309+0000][6.520s][debug][safepoint     ] Waiting for 1 thread(s) to block
[2023-10-19T08:40:46.310+0000][6.520s][info ][safepoint     ] Entering safepoint region: Deoptimize
[2023-10-19T08:40:46.311+0000][6.521s][info ][safepoint     ] Leaving safepoint region
[2023-10-19T08:40:46.311+0000][6.522s][info ][safepoint     ] Total time for which application threads were stopped: 0.0015561 seconds, Stopping threads took: 0.0006037 seconds
[2023-10-19T08:40:46.428+0000][6.639s][debug][safepoint     ] Safepoint synchronization initiated. (12 threads)
[2023-10-19T08:40:46.429+0000][6.640s][info ][safepoint     ] Application time: 0.1176317 seconds
[2023-10-19T08:40:46.429+0000][6.640s][info ][safepoint     ] Entering safepoint region: Deoptimize
[2023-10-19T08:40:46.430+0000][6.641s][info ][safepoint     ] Leaving safepoint region
[2023-10-19T08:40:46.431+0000][6.641s][info ][safepoint     ] Total time for which application threads were stopped: 0.0013565 seconds, Stopping threads took: 0.0003024 seconds
[2023-10-19T08:40:46.534+0000][6.745s][debug][safepoint     ] Safepoint synchronization initiated. (12 threads)
[2023-10-19T08:40:46.534+0000][6.745s][info ][safepoint     ] Application time: 0.1034462 seconds
[2023-10-19T08:40:46.535+0000][6.745s][info ][safepoint     ] Entering safepoint region: Deoptimize
[2023-10-19T08:40:46.536+0000][6.746s][info ][safepoint     ] Leaving safepoint region
[2023-10-19T08:40:46.536+0000][6.747s][info ][safepoint     ] Total time for which application threads were stopped: 0.0013574 seconds, Stopping threads took: 0.0003378 seconds
[2023-10-19T08:40:46.768+0000][6.978s][debug][safepoint     ] Safepoint synchronization initiated. (12 threads)
[2023-10-19T08:40:46.768+0000][6.979s][info ][safepoint     ] Application time: 0.2318393 seconds
[2023-10-19T08:40:46.768+0000][6.979s][info ][safepoint     ] Entering safepoint region: Deoptimize
[2023-10-19T08:40:46.769+0000][6.980s][info ][safepoint     ] Leaving safepoint region
[2023-10-19T08:40:46.770+0000][6.980s][info ][safepoint     ] Total time for which application threads were stopped: 0.0013028 seconds, Stopping threads took: 0.0002788 seconds
[2023-10-19T08:40:47.770+0000][7.981s][debug][safepoint     ] Safepoint synchronization initiated. (14 threads)
[2023-10-19T08:40:47.772+0000][7.982s][info ][safepoint     ] Application time: 1.0017425 seconds
[2023-10-19T08:40:47.773+0000][7.983s][info ][safepoint     ] Entering safepoint region: Cleanup
[2023-10-19T08:40:47.774+0000][7.985s][info ][safepoint     ] Leaving safepoint region
[2023-10-19T08:40:47.775+0000][7.986s][info ][safepoint     ] Total time for which application threads were stopped: 0.0020462 seconds, Stopping threads took: 0.0009028 seconds
[2023-10-19T08:40:47.833+0000][8.044s][debug][safepoint     ] Safepoint synchronization initiated. (13 threads)
[2023-10-19T08:40:47.834+0000][8.045s][info ][safepoint     ] Application time: 0.0583807 seconds
[2023-10-19T08:40:47.835+0000][8.045s][info ][safepoint     ] Entering safepoint region: Deoptimize
[2023-10-19T08:40:47.836+0000][8.047s][info ][safepoint     ] Leaving safepoint region
[2023-10-19T08:40:47.836+0000][8.047s][info ][safepoint     ] Total time for which application threads were stopped: 0.0018834 seconds, Stopping threads took: 0.0004708 seconds
[2023-10-19T08:40:47.891+0000][8.102s][debug][safepoint     ] Safepoint synchronization initiated. (14 threads)
[2023-10-19T08:40:47.892+0000][8.102s][info ][safepoint     ] Application time: 0.0548509 seconds
[2023-10-19T08:40:47.892+0000][8.103s][info ][safepoint     ] Entering safepoint region: G1CollectForAllocation
[2023-10-19T08:40:47.893+0000][8.104s][info ][gc,start      ] GC(24) Pause Young (Normal) (G1 Evacuation Pause)
[2023-10-19T08:40:47.893+0000][8.104s][info ][gc,task       ] GC(24) Using 8 workers of 8 for evacuation
[2023-10-19T08:40:47.906+0000][8.117s][info ][gc,phases     ] GC(24)   Pre Evacuate Collection Set: 0.0ms
[2023-10-19T08:40:47.907+0000][8.118s][info ][gc,phases     ] GC(24)   Evacuate Collection Set: 10.5ms
[2023-10-19T08:40:47.908+0000][8.118s][info ][gc,phases     ] GC(24)   Post Evacuate Collection Set: 1.9ms
[2023-10-19T08:40:47.908+0000][8.119s][info ][gc,phases     ] GC(24)   Other: 1.0ms
[2023-10-19T08:40:47.909+0000][8.120s][info ][gc,heap       ] GC(24) Eden regions: 199->0(197)
[2023-10-19T08:40:47.909+0000][8.120s][info ][gc,heap       ] GC(24) Survivor regions: 11->13(27)
[2023-10-19T08:40:47.910+0000][8.121s][info ][gc,heap       ] GC(24) Old regions: 25->25
[2023-10-19T08:40:47.910+0000][8.121s][info ][gc,heap       ] GC(24) Humongous regions: 0->0
[2023-10-19T08:40:47.911+0000][8.122s][info ][gc,metaspace  ] GC(24) Metaspace: 51654K(53200K)->51654K(53200K) NonClass: 45280K(46288K)->45280K(46288K) Class: 6373K(6912K)->6373K(6912K)
[2023-10-19T08:40:47.912+0000][8.123s][info ][gc            ] GC(24) Pause Young (Normal) (G1 Evacuation Pause) 233M->36M(350M) 18.860ms
[2023-10-19T08:40:47.912+0000][8.123s][info ][gc,cpu        ] GC(24) User=0.10s Sys=0.00s Real=0.02s
[2023-10-19T08:40:47.913+0000][8.124s][info ][safepoint     ] Leaving safepoint region
[2023-10-19T08:40:47.914+0000][8.124s][info ][safepoint     ] Total time for which application threads were stopped: 0.0212755 seconds, Stopping threads took: 0.0004629 seconds
[2023-10-19T08:40:47.914+0000][8.125s][info ][gc,stringdedup] Concurrent String Deduplication (8.125s)
[2023-10-19T08:40:47.917+0000][8.128s][info ][gc,stringdedup] Concurrent String Deduplication 279.9K->78592.0B(203.1K) avg 44.5% (8.125s, 8.128s) 2.508ms
[2023-10-19T08:40:47.921+0000][8.132s][debug][safepoint     ] Safepoint synchronization initiated. (14 threads)
[2023-10-19T08:40:47.921+0000][8.132s][info ][safepoint     ] Application time: 0.0071787 seconds
[2023-10-19T08:40:47.922+0000][8.133s][info ][safepoint     ] Entering safepoint region: Deoptimize
[2023-10-19T08:40:47.923+0000][8.134s][info ][safepoint     ] Leaving safepoint region
[2023-10-19T08:40:47.924+0000][8.134s][info ][safepoint     ] Total time for which application threads were stopped: 0.0017936 seconds, Stopping threads took: 0.0004513 seconds
[2023-10-19T08:40:48.113+0000][8.324s][debug][safepoint     ] Safepoint synchronization initiated. (14 threads)
[2023-10-19T08:40:48.114+0000][8.325s][info ][safepoint     ] Application time: 0.1897408 seconds
[2023-10-19T08:40:48.114+0000][8.325s][info ][safepoint     ] Entering safepoint region: ICBufferFull
[2023-10-19T08:40:48.115+0000][8.326s][info ][safepoint     ] Leaving safepoint region
[2023-10-19T08:40:48.115+0000][8.326s][info ][safepoint     ] Total time for which application threads were stopped: 0.0008995 seconds, Stopping threads took: 0.0003611 seconds
[2023-10-19T08:40:48.513+0000][8.724s][debug][safepoint     ] Safepoint synchronization initiated. (14 threads)
[2023-10-19T08:40:48.514+0000][8.724s][info ][safepoint     ] Application time: 0.3982749 seconds
[2023-10-19T08:40:48.514+0000][8.725s][info ][safepoint     ] Entering safepoint region: G1CollectForAllocation
[2023-10-19T08:40:48.515+0000][8.725s][info ][gc,start      ] GC(25) Pause Young (Normal) (G1 Evacuation Pause)
[2023-10-19T08:40:48.515+0000][8.726s][info ][gc,task       ] GC(25) Using 8 workers of 8 for evacuation
[2023-10-19T08:40:48.526+0000][8.736s][info ][gc,phases     ] GC(25)   Pre Evacuate Collection Set: 0.0ms
[2023-10-19T08:40:48.526+0000][8.737s][info ][gc,phases     ] GC(25)   Evacuate Collection Set: 8.2ms
[2023-10-19T08:40:48.526+0000][8.737s][info ][gc,phases     ] GC(25)   Post Evacuate Collection Set: 1.7ms
[2023-10-19T08:40:48.527+0000][8.738s][info ][gc,phases     ] GC(25)   Other: 0.8ms
[2023-10-19T08:40:48.527+0000][8.738s][info ][gc,heap       ] GC(25) Eden regions: 197->0(194)
[2023-10-19T08:40:48.528+0000][8.738s][info ][gc,heap       ] GC(25) Survivor regions: 13->16(27)
[2023-10-19T08:40:48.528+0000][8.739s][info ][gc,heap       ] GC(25) Old regions: 25->25
[2023-10-19T08:40:48.528+0000][8.739s][info ][gc,heap       ] GC(25) Humongous regions: 0->0
[2023-10-19T08:40:48.529+0000][8.739s][info ][gc,metaspace  ] GC(25) Metaspace: 55343K(57040K)->55343K(57040K) NonClass: 48500K(49616K)->48500K(49616K) Class: 6843K(7424K)->6843K(7424K)
[2023-10-19T08:40:48.529+0000][8.740s][info ][gc            ] GC(25) Pause Young (Normal) (G1 Evacuation Pause) 233M->38M(350M) 14.128ms
[2023-10-19T08:40:48.529+0000][8.740s][info ][gc,cpu        ] GC(25) User=0.07s Sys=0.00s Real=0.01s
[2023-10-19T08:40:48.530+0000][8.740s][info ][safepoint     ] Leaving safepoint region
[2023-10-19T08:40:48.530+0000][8.741s][info ][safepoint     ] Total time for which application threads were stopped: 0.0161598 seconds, Stopping threads took: 0.0004380 seconds
[2023-10-19T08:40:48.531+0000][8.742s][info ][gc,stringdedup] Concurrent String Deduplication (8.741s)
[2023-10-19T08:40:48.533+0000][8.744s][info ][gc,stringdedup] Concurrent String Deduplication 225.4K->97424.0B(130.3K) avg 44.8% (8.741s, 8.744s) 2.668ms
[2023-10-19T08:40:48.781+0000][8.992s][debug][safepoint     ] Safepoint synchronization initiated. (14 threads)
[2023-10-19T08:40:48.782+0000][8.992s][info ][safepoint     ] Application time: 0.2509865 seconds
[2023-10-19T08:40:48.782+0000][8.993s][info ][safepoint     ] Entering safepoint region: Deoptimize
[2023-10-19T08:40:48.784+0000][8.994s][info ][safepoint     ] Leaving safepoint region
[2023-10-19T08:40:48.784+0000][8.995s][info ][safepoint     ] Total time for which application threads were stopped: 0.0019273 seconds, Stopping threads took: 0.0005086 seconds
[2023-10-19T08:40:48.999+0000][9.209s][debug][safepoint     ] Safepoint synchronization initiated. (14 threads)
[2023-10-19T08:40:48.999+0000][9.210s][info ][safepoint     ] Application time: 0.2143827 seconds
[2023-10-19T08:40:48.999+0000][9.210s][info ][safepoint     ] Entering safepoint region: CollectForMetadataAllocation
[2023-10-19T08:40:49.000+0000][9.211s][info ][gc,start      ] GC(26) Pause Young (Concurrent Start) (Metadata GC Threshold)
[2023-10-19T08:40:49.000+0000][9.211s][info ][gc,task       ] GC(26) Using 8 workers of 8 for evacuation
[2023-10-19T08:40:49.011+0000][9.222s][info ][gc,phases     ] GC(26)   Pre Evacuate Collection Set: 0.2ms
[2023-10-19T08:40:49.011+0000][9.222s][info ][gc,phases     ] GC(26)   Evacuate Collection Set: 7.9ms
[2023-10-19T08:40:49.012+0000][9.222s][info ][gc,phases     ] GC(26)   Post Evacuate Collection Set: 1.7ms
[2023-10-19T08:40:49.012+0000][9.223s][info ][gc,phases     ] GC(26)   Other: 1.0ms
[2023-10-19T08:40:49.013+0000][9.224s][info ][gc,heap       ] GC(26) Eden regions: 159->0(194)
[2023-10-19T08:40:49.013+0000][9.224s][info ][gc,heap       ] GC(26) Survivor regions: 16->16(27)
[2023-10-19T08:40:49.014+0000][9.225s][info ][gc,heap       ] GC(26) Old regions: 25->26
[2023-10-19T08:40:49.014+0000][9.225s][info ][gc,heap       ] GC(26) Humongous regions: 0->0
[2023-10-19T08:40:49.015+0000][9.226s][info ][gc,metaspace  ] GC(26) Metaspace: 59010K(60496K)->59010K(60496K) NonClass: 51533K(52432K)->51533K(52432K) Class: 7477K(8064K)->7477K(8064K)
[2023-10-19T08:40:49.016+0000][9.226s][info ][gc            ] GC(26) Pause Young (Concurrent Start) (Metadata GC Threshold) 196M->39M(350M) 15.418ms
[2023-10-19T08:40:49.016+0000][9.227s][info ][gc,cpu        ] GC(26) User=0.05s Sys=0.00s Real=0.02s
[2023-10-19T08:40:49.016+0000][9.227s][info ][gc            ] GC(27) Concurrent Cycle
[2023-10-19T08:40:49.017+0000][9.228s][info ][gc,marking    ] GC(27) Concurrent Clear Claimed Marks
[2023-10-19T08:40:49.016+0000][9.227s][info ][safepoint     ] Leaving safepoint region
[2023-10-19T08:40:49.018+0000][9.228s][info ][safepoint     ] Total time for which application threads were stopped: 0.0183503 seconds, Stopping threads took: 0.0003998 seconds
[2023-10-19T08:40:49.018+0000][9.228s][info ][gc,marking    ] GC(27) Concurrent Clear Claimed Marks 0.671ms
[2023-10-19T08:40:49.019+0000][9.229s][info ][gc,marking    ] GC(27) Concurrent Scan Root Regions
[2023-10-19T08:40:49.018+0000][9.229s][info ][gc,stringdedup] Concurrent String Deduplication (9.229s)
[2023-10-19T08:40:49.022+0000][9.232s][info ][gc,stringdedup] Concurrent String Deduplication 300.8K->139.6K(161.2K) avg 45.1% (9.229s, 9.232s) 3.270ms
[2023-10-19T08:40:49.024+0000][9.235s][info ][gc,marking    ] GC(27) Concurrent Scan Root Regions 5.241ms
[2023-10-19T08:40:49.024+0000][9.235s][info ][gc,marking    ] GC(27) Concurrent Mark (9.235s)
[2023-10-19T08:40:49.025+0000][9.236s][info ][gc,marking    ] GC(27) Concurrent Mark From Roots
[2023-10-19T08:40:49.026+0000][9.236s][info ][gc,task       ] GC(27) Using 2 workers of 2 for marking
[2023-10-19T08:40:49.041+0000][9.252s][debug][safepoint     ] Safepoint synchronization initiated. (12 threads)
[2023-10-19T08:40:49.042+0000][9.253s][info ][safepoint     ] Application time: 0.0239203 seconds
[2023-10-19T08:40:49.043+0000][9.253s][info ][safepoint     ] Entering safepoint region: CollectForMetadataAllocation
[2023-10-19T08:40:49.043+0000][9.254s][info ][safepoint     ] Leaving safepoint region
[2023-10-19T08:40:49.044+0000][9.255s][info ][safepoint     ] Total time for which application threads were stopped: 0.0013047 seconds, Stopping threads took: 0.0005239 seconds
[2023-10-19T08:40:49.046+0000][9.257s][info ][gc,marking    ] GC(27) Concurrent Mark From Roots 21.228ms
[2023-10-19T08:40:49.048+0000][9.259s][info ][gc,marking    ] GC(27) Concurrent Preclean
[2023-10-19T08:40:49.049+0000][9.260s][info ][gc,marking    ] GC(27) Concurrent Preclean 0.811ms
[2023-10-19T08:40:49.050+0000][9.260s][info ][gc,marking    ] GC(27) Concurrent Mark (9.235s, 9.260s) 25.250ms
[2023-10-19T08:40:49.050+0000][9.261s][debug][safepoint     ] Safepoint synchronization initiated. (12 threads)
[2023-10-19T08:40:49.051+0000][9.262s][info ][safepoint     ] Application time: 0.0062707 seconds
[2023-10-19T08:40:49.051+0000][9.262s][debug][safepoint     ] Waiting for 1 thread(s) to block
[2023-10-19T08:40:49.052+0000][9.263s][info ][safepoint     ] Entering safepoint region: CGC_Operation
[2023-10-19T08:40:49.052+0000][9.263s][info ][gc,start      ] GC(27) Pause Remark
[2023-10-19T08:40:49.060+0000][9.271s][info ][gc,stringtable] GC(27) Cleaned string and symbol table, strings: 23470 processed, 1 removed, symbols: 192807 processed, 182 removed
[2023-10-19T08:40:49.061+0000][9.272s][info ][gc            ] GC(27) Pause Remark 47M->47M(350M) 8.547ms
[2023-10-19T08:40:49.062+0000][9.272s][info ][gc,cpu        ] GC(27) User=0.04s Sys=0.00s Real=0.00s
[2023-10-19T08:40:49.062+0000][9.273s][info ][safepoint     ] Leaving safepoint region
[2023-10-19T08:40:49.062+0000][9.273s][info ][safepoint     ] Total time for which application threads were stopped: 0.0111079 seconds, Stopping threads took: 0.0010265 seconds
[2023-10-19T08:40:49.063+0000][9.274s][info ][gc,marking    ] GC(27) Concurrent Rebuild Remembered Sets
[2023-10-19T08:40:49.074+0000][9.284s][info ][gc,marking    ] GC(27) Concurrent Rebuild Remembered Sets 10.617ms
[2023-10-19T08:40:49.074+0000][9.285s][debug][safepoint     ] Safepoint synchronization initiated. (12 threads)
[2023-10-19T08:40:49.075+0000][9.285s][info ][safepoint     ] Application time: 0.0117044 seconds
[2023-10-19T08:40:49.075+0000][9.286s][debug][safepoint     ] Waiting for 1 thread(s) to block
[2023-10-19T08:40:49.076+0000][9.286s][info ][safepoint     ] Entering safepoint region: CGC_Operation
[2023-10-19T08:40:49.076+0000][9.287s][info ][gc,start      ] GC(27) Pause Cleanup
[2023-10-19T08:40:49.077+0000][9.288s][info ][gc            ] GC(27) Pause Cleanup 48M->48M(350M) 0.742ms
[2023-10-19T08:40:49.078+0000][9.288s][info ][gc,cpu        ] GC(27) User=0.00s Sys=0.00s Real=0.00s
[2023-10-19T08:40:49.078+0000][9.289s][info ][safepoint     ] Leaving safepoint region
[2023-10-19T08:40:49.079+0000][9.289s][info ][safepoint     ] Total time for which application threads were stopped: 0.0036805 seconds, Stopping threads took: 0.0011023 seconds
[2023-10-19T08:40:49.079+0000][9.290s][info ][gc,marking    ] GC(27) Concurrent Cleanup for Next Mark
[2023-10-19T08:40:49.081+0000][9.292s][info ][gc,marking    ] GC(27) Concurrent Cleanup for Next Mark 1.647ms
[2023-10-19T08:40:49.082+0000][9.292s][info ][gc            ] GC(27) Concurrent Cycle 65.194ms
[2023-10-19T08:40:49.514+0000][9.724s][debug][safepoint     ] Safepoint synchronization initiated. (16 threads)
[2023-10-19T08:40:49.514+0000][9.725s][info ][safepoint     ] Application time: 0.4351205 seconds
[2023-10-19T08:40:49.515+0000][9.725s][debug][safepoint     ] ... found polling page return exception at pc = 0x00007f0de179923f, stub =0x00007f0de0840600
[2023-10-19T08:40:49.516+0000][9.727s][debug][safepoint     ] Waiting for 1 thread(s) to block
[2023-10-19T08:40:49.517+0000][9.728s][info ][safepoint     ] Entering safepoint region: ICBufferFull
[2023-10-19T08:40:49.517+0000][9.728s][info ][safepoint     ] Leaving safepoint region
[2023-10-19T08:40:49.518+0000][9.728s][info ][safepoint     ] Total time for which application threads were stopped: 0.0030131 seconds, Stopping threads took: 0.0025323 seconds
[2023-10-19T08:40:49.648+0000][9.859s][debug][safepoint     ] Safepoint synchronization initiated. (16 threads)
[2023-10-19T08:40:49.649+0000][9.859s][info ][safepoint     ] Application time: 0.1306263 seconds
[2023-10-19T08:40:49.650+0000][9.861s][info ][safepoint     ] Entering safepoint region: Deoptimize
[2023-10-19T08:40:49.653+0000][9.864s][info ][safepoint     ] Leaving safepoint region
[2023-10-19T08:40:49.654+0000][9.865s][info ][safepoint     ] Total time for which application threads were stopped: 0.0039139 seconds, Stopping threads took: 0.0004145 seconds
[2023-10-19T08:40:49.706+0000][9.916s][debug][safepoint     ] Safepoint synchronization initiated. (16 threads)
[2023-10-19T08:40:49.706+0000][9.917s][info ][safepoint     ] Application time: 0.0520255 seconds
[2023-10-19T08:40:49.707+0000][9.917s][info ][safepoint     ] Entering safepoint region: Deoptimize
[2023-10-19T08:40:49.708+0000][9.919s][info ][safepoint     ] Leaving safepoint region
[2023-10-19T08:40:49.709+0000][9.919s][info ][safepoint     ] Total time for which application threads were stopped: 0.0022228 seconds, Stopping threads took: 0.0003609 seconds
[2023-10-19T08:40:49.915+0000][10.126s][debug][safepoint     ] Safepoint synchronization initiated. (16 threads)
[2023-10-19T08:40:49.916+0000][10.127s][info ][safepoint     ] Application time: 0.2065974 seconds
[2023-10-19T08:40:49.916+0000][10.127s][info ][safepoint     ] Entering safepoint region: G1CollectForAllocation
[2023-10-19T08:40:49.917+0000][10.128s][info ][gc,start      ] GC(28) Pause Young (Concurrent Start) (G1 Evacuation Pause)
[2023-10-19T08:40:49.918+0000][10.128s][info ][gc,task       ] GC(28) Using 8 workers of 8 for evacuation
[2023-10-19T08:40:49.964+0000][10.175s][info ][gc,phases     ] GC(28)   Pre Evacuate Collection Set: 0.3ms
[2023-10-19T08:40:49.965+0000][10.175s][info ][gc,phases     ] GC(28)   Evacuate Collection Set: 42.6ms
[2023-10-19T08:40:49.965+0000][10.176s][info ][gc,phases     ] GC(28)   Post Evacuate Collection Set: 2.9ms
[2023-10-19T08:40:49.966+0000][10.176s][info ][gc,phases     ] GC(28)   Other: 1.2ms
[2023-10-19T08:40:49.966+0000][10.177s][info ][gc,heap       ] GC(28) Eden regions: 194->0(192)
[2023-10-19T08:40:49.967+0000][10.177s][info ][gc,heap       ] GC(28) Survivor regions: 16->18(27)
[2023-10-19T08:40:49.967+0000][10.178s][info ][gc,heap       ] GC(28) Old regions: 26->27
[2023-10-19T08:40:49.968+0000][10.178s][info ][gc,heap       ] GC(28) Humongous regions: 0->0
[2023-10-19T08:40:49.968+0000][10.179s][info ][gc,metaspace  ] GC(28) Metaspace: 65056K(66896K)->65056K(66896K) NonClass: 56777K(58064K)->56777K(58064K) Class: 8278K(8832K)->8278K(8832K)
[2023-10-19T08:40:49.968+0000][10.179s][info ][gc            ] GC(28) Pause Young (Concurrent Start) (G1 Evacuation Pause) 233M->42M(350M) 51.172ms
[2023-10-19T08:40:49.969+0000][10.179s][info ][gc,cpu        ] GC(28) User=0.32s Sys=0.00s Real=0.05s
[2023-10-19T08:40:49.969+0000][10.180s][info ][gc            ] GC(29) Concurrent Cycle
[2023-10-19T08:40:49.969+0000][10.180s][info ][gc,marking    ] GC(29) Concurrent Clear Claimed Marks
[2023-10-19T08:40:49.969+0000][10.180s][info ][safepoint     ] Leaving safepoint region
[2023-10-19T08:40:49.970+0000][10.181s][info ][gc,marking    ] GC(29) Concurrent Clear Claimed Marks 0.582ms
[2023-10-19T08:40:49.970+0000][10.181s][info ][gc,marking    ] GC(29) Concurrent Scan Root Regions
[2023-10-19T08:40:49.970+0000][10.181s][info ][safepoint     ] Total time for which application threads were stopped: 0.0535905 seconds, Stopping threads took: 0.0005224 seconds
[2023-10-19T08:40:49.978+0000][10.189s][info ][gc,stringdedup] Concurrent String Deduplication (10.189s)
[2023-10-19T08:40:49.983+0000][10.193s][info ][gc,stringdedup] Concurrent String Deduplication 183.7K->57824.0B(127.2K) avg 45.5% (10.189s, 10.193s) 4.459ms
[2023-10-19T08:40:49.984+0000][10.195s][info ][gc,marking    ] GC(29) Concurrent Scan Root Regions 13.761ms
[2023-10-19T08:40:49.985+0000][10.195s][info ][gc,marking    ] GC(29) Concurrent Mark (10.195s)
[2023-10-19T08:40:49.985+0000][10.196s][info ][gc,marking    ] GC(29) Concurrent Mark From Roots
[2023-10-19T08:40:49.986+0000][10.196s][info ][gc,task       ] GC(29) Using 2 workers of 2 for marking
[2023-10-19T08:40:50.017+0000][10.228s][info ][gc,marking    ] GC(29) Concurrent Mark From Roots 32.243ms
[2023-10-19T08:40:50.018+0000][10.229s][info ][gc,marking    ] GC(29) Concurrent Preclean
[2023-10-19T08:40:50.019+0000][10.229s][info ][gc,marking    ] GC(29) Concurrent Preclean 0.658ms
[2023-10-19T08:40:50.019+0000][10.230s][info ][gc,marking    ] GC(29) Concurrent Mark (10.195s, 10.230s) 34.484ms
[2023-10-19T08:40:50.020+0000][10.230s][debug][safepoint     ] Safepoint synchronization initiated. (16 threads)
[2023-10-19T08:40:50.020+0000][10.231s][info ][safepoint     ] Application time: 0.0494271 seconds
[2023-10-19T08:40:50.021+0000][10.232s][debug][safepoint     ] ... found polling page return exception at pc = 0x00007f0de8362237, stub =0x00007f0de0840600
[2023-10-19T08:40:50.021+0000][10.232s][debug][safepoint     ] Waiting for 2 thread(s) to block
[2023-10-19T08:40:50.022+0000][10.233s][info ][safepoint     ] Entering safepoint region: CGC_Operation
[2023-10-19T08:40:50.023+0000][10.234s][info ][gc,start      ] GC(29) Pause Remark
[2023-10-19T08:40:50.036+0000][10.247s][info ][gc,stringtable] GC(29) Cleaned string and symbol table, strings: 26197 processed, 0 removed, symbols: 207958 processed, 20 removed
[2023-10-19T08:40:50.037+0000][10.248s][info ][gc            ] GC(29) Pause Remark 49M->49M(350M) 14.068ms
[2023-10-19T08:40:50.037+0000][10.248s][info ][gc,cpu        ] GC(29) User=0.09s Sys=0.00s Real=0.01s
[2023-10-19T08:40:50.038+0000][10.249s][info ][safepoint     ] Leaving safepoint region
[2023-10-19T08:40:50.038+0000][10.249s][info ][safepoint     ] Total time for which application threads were stopped: 0.0173621 seconds, Stopping threads took: 0.0015740 seconds
[2023-10-19T08:40:50.039+0000][10.250s][info ][gc,marking    ] GC(29) Concurrent Rebuild Remembered Sets
[2023-10-19T08:40:50.056+0000][10.267s][info ][gc,marking    ] GC(29) Concurrent Rebuild Remembered Sets 16.939ms
[2023-10-19T08:40:50.057+0000][10.267s][debug][safepoint     ] Safepoint synchronization initiated. (16 threads)
[2023-10-19T08:40:50.057+0000][10.268s][info ][safepoint     ] Application time: 0.0181145 seconds
[2023-10-19T08:40:50.057+0000][10.268s][debug][safepoint     ] Waiting for 1 thread(s) to block
[2023-10-19T08:40:50.058+0000][10.269s][info ][safepoint     ] Entering safepoint region: CGC_Operation
[2023-10-19T08:40:50.059+0000][10.269s][info ][gc,start      ] GC(29) Pause Cleanup
[2023-10-19T08:40:50.059+0000][10.270s][info ][gc            ] GC(29) Pause Cleanup 51M->51M(350M) 0.734ms
[2023-10-19T08:40:50.060+0000][10.270s][info ][gc,cpu        ] GC(29) User=0.00s Sys=0.00s Real=0.00s
[2023-10-19T08:40:50.060+0000][10.271s][info ][safepoint     ] Leaving safepoint region
[2023-10-19T08:40:50.061+0000][10.271s][info ][safepoint     ] Total time for which application threads were stopped: 0.0032576 seconds, Stopping threads took: 0.0008930 seconds
[2023-10-19T08:40:50.061+0000][10.272s][info ][gc,marking    ] GC(29) Concurrent Cleanup for Next Mark
[2023-10-19T08:40:50.063+0000][10.274s][info ][gc,marking    ] GC(29) Concurrent Cleanup for Next Mark 1.692ms
[2023-10-19T08:40:50.063+0000][10.274s][info ][gc            ] GC(29) Concurrent Cycle 94.447ms
[2023-10-19T08:40:50.450+0000][10.661s][debug][safepoint     ] Safepoint synchronization initiated. (16 threads)
[2023-10-19T08:40:50.451+0000][10.662s][info ][safepoint     ] Application time: 0.3897909 seconds
[2023-10-19T08:40:50.452+0000][10.662s][debug][safepoint     ] ... found polling page return exception at pc = 0x00007f0de8362237, stub =0x00007f0de0840600
[2023-10-19T08:40:50.452+0000][10.663s][debug][safepoint     ] Waiting for 1 thread(s) to block
[2023-10-19T08:40:50.452+0000][10.663s][info ][safepoint     ] Entering safepoint region: ICBufferFull
[2023-10-19T08:40:50.453+0000][10.664s][info ][safepoint     ] Leaving safepoint region
[2023-10-19T08:40:50.453+0000][10.664s][info ][safepoint     ] Total time for which application threads were stopped: 0.0017973 seconds, Stopping threads took: 0.0012745 seconds
[2023-10-19T08:40:50.819+0000][11.030s][debug][safepoint     ] Safepoint synchronization initiated. (16 threads)
[2023-10-19T08:40:50.820+0000][11.030s][info ][safepoint     ] Application time: 0.3660955 seconds
[2023-10-19T08:40:50.820+0000][11.031s][info ][safepoint     ] Entering safepoint region: G1CollectForAllocation
[2023-10-19T08:40:50.821+0000][11.032s][info ][gc,start      ] GC(30) Pause Young (Normal) (G1 Evacuation Pause)
[2023-10-19T08:40:50.821+0000][11.032s][info ][gc,task       ] GC(30) Using 8 workers of 8 for evacuation
[2023-10-19T08:40:50.837+0000][11.048s][info ][gc,phases     ] GC(30)   Pre Evacuate Collection Set: 0.0ms
[2023-10-19T08:40:50.838+0000][11.048s][info ][gc,phases     ] GC(30)   Evacuate Collection Set: 13.4ms
[2023-10-19T08:40:50.838+0000][11.049s][info ][gc,phases     ] GC(30)   Post Evacuate Collection Set: 2.1ms
[2023-10-19T08:40:50.839+0000][11.049s][info ][gc,phases     ] GC(30)   Other: 0.9ms
[2023-10-19T08:40:50.839+0000][11.050s][info ][gc,heap       ] GC(30) Eden regions: 192->0(195)
[2023-10-19T08:40:50.839+0000][11.050s][info ][gc,heap       ] GC(30) Survivor regions: 18->15(27)
[2023-10-19T08:40:50.840+0000][11.050s][info ][gc,heap       ] GC(30) Old regions: 27->31
[2023-10-19T08:40:50.840+0000][11.051s][info ][gc,heap       ] GC(30) Humongous regions: 0->0
[2023-10-19T08:40:50.840+0000][11.051s][info ][gc,metaspace  ] GC(30) Metaspace: 68460K(70352K)->68460K(70352K) NonClass: 59650K(60880K)->59650K(60880K) Class: 8810K(9472K)->8810K(9472K)
[2023-10-19T08:40:50.841+0000][11.051s][info ][gc            ] GC(30) Pause Young (Normal) (G1 Evacuation Pause) 234M->44M(350M) 19.789ms
[2023-10-19T08:40:50.841+0000][11.052s][info ][gc,cpu        ] GC(30) User=0.12s Sys=0.00s Real=0.02s
[2023-10-19T08:40:50.841+0000][11.052s][info ][safepoint     ] Leaving safepoint region
[2023-10-19T08:40:50.842+0000][11.052s][info ][safepoint     ] Total time for which application threads were stopped: 0.0215004 seconds, Stopping threads took: 0.0004779 seconds
[2023-10-19T08:40:50.842+0000][11.053s][info ][gc,stringdedup] Concurrent String Deduplication (11.053s)
[2023-10-19T08:40:50.844+0000][11.054s][info ][gc,stringdedup] Concurrent String Deduplication 77848.0B->18808.0B(59040.0B) avg 45.8% (11.053s, 11.054s) 1.463ms
[2023-10-19T08:40:50.956+0000][11.167s][debug][safepoint     ] Safepoint synchronization initiated. (16 threads)
[2023-10-19T08:40:50.957+0000][11.168s][info ][safepoint     ] Application time: 0.1149358 seconds
[2023-10-19T08:40:50.957+0000][11.168s][info ][safepoint     ] Entering safepoint region: ICBufferFull
[2023-10-19T08:40:50.958+0000][11.169s][info ][safepoint     ] Leaving safepoint region
[2023-10-19T08:40:50.958+0000][11.169s][info ][safepoint     ] Total time for which application threads were stopped: 0.0010638 seconds, Stopping threads took: 0.0004100 seconds
[2023-10-19T08:40:51.016+0000][11.226s][debug][safepoint     ] Safepoint synchronization initiated. (16 threads)
[2023-10-19T08:40:51.016+0000][11.227s][info ][safepoint     ] Application time: 0.0575844 seconds
[2023-10-19T08:40:51.017+0000][11.228s][info ][safepoint     ] Entering safepoint region: ICBufferFull
[2023-10-19T08:40:51.018+0000][11.228s][info ][safepoint     ] Leaving safepoint region
[2023-10-19T08:40:51.018+0000][11.229s][info ][safepoint     ] Total time for which application threads were stopped: 0.0010982 seconds, Stopping threads took: 0.0004216 seconds
[2023-10-19T08:40:51.097+0000][11.308s][debug][safepoint     ] Safepoint synchronization initiated. (16 threads)
[2023-10-19T08:40:51.098+0000][11.308s][info ][safepoint     ] Application time: 0.0793659 seconds
[2023-10-19T08:40:51.098+0000][11.309s][debug][safepoint     ] Waiting for 1 thread(s) to block
[2023-10-19T08:40:51.099+0000][11.309s][info ][safepoint     ] Entering safepoint region: ICBufferFull
[2023-10-19T08:40:51.099+0000][11.310s][info ][safepoint     ] Leaving safepoint region
[2023-10-19T08:40:51.100+0000][11.311s][info ][safepoint     ] Total time for which application threads were stopped: 0.0016530 seconds, Stopping threads took: 0.0008963 seconds
[2023-10-19T08:40:51.187+0000][11.398s][debug][safepoint     ] Safepoint synchronization initiated. (16 threads)
[2023-10-19T08:40:51.188+0000][11.399s][info ][safepoint     ] Application time: 0.0875745 seconds
[2023-10-19T08:40:51.188+0000][11.399s][info ][safepoint     ] Entering safepoint region: ICBufferFull
[2023-10-19T08:40:51.189+0000][11.400s][info ][safepoint     ] Leaving safepoint region
[2023-10-19T08:40:51.189+0000][11.400s][info ][safepoint     ] Total time for which application threads were stopped: 0.0010645 seconds, Stopping threads took: 0.0003950 seconds
[2023-10-19T08:40:51.302+0000][11.513s][debug][safepoint     ] Safepoint synchronization initiated. (17 threads)
[2023-10-19T08:40:51.303+0000][11.513s][info ][safepoint     ] Application time: 0.1130857 seconds
[2023-10-19T08:40:51.303+0000][11.514s][info ][safepoint     ] Entering safepoint region: ICBufferFull
[2023-10-19T08:40:51.304+0000][11.515s][info ][safepoint     ] Leaving safepoint region
[2023-10-19T08:40:51.305+0000][11.515s][info ][safepoint     ] Total time for which application threads were stopped: 0.0013315 seconds, Stopping threads took: 0.0005699 seconds
[2023-10-19T08:40:51.587+0000][11.798s][debug][safepoint     ] Safepoint synchronization initiated. (16 threads)
[2023-10-19T08:40:51.588+0000][11.798s][info ][safepoint     ] Application time: 0.2826658 seconds
[2023-10-19T08:40:51.588+0000][11.799s][info ][safepoint     ] Entering safepoint region: G1CollectForAllocation
[2023-10-19T08:40:51.589+0000][11.800s][info ][gc,start      ] GC(31) Pause Young (Normal) (G1 Evacuation Pause)
[2023-10-19T08:40:51.590+0000][11.800s][info ][gc,task       ] GC(31) Using 8 workers of 8 for evacuation
[2023-10-19T08:40:51.600+0000][11.810s][info ][gc,phases     ] GC(31)   Pre Evacuate Collection Set: 0.0ms
[2023-10-19T08:40:51.600+0000][11.811s][info ][gc,phases     ] GC(31)   Evacuate Collection Set: 8.0ms
[2023-10-19T08:40:51.601+0000][11.812s][info ][gc,phases     ] GC(31)   Post Evacuate Collection Set: 1.7ms
[2023-10-19T08:40:51.601+0000][11.812s][info ][gc,phases     ] GC(31)   Other: 0.9ms
[2023-10-19T08:40:51.602+0000][11.813s][info ][gc,heap       ] GC(31) Eden regions: 195->0(196)
[2023-10-19T08:40:51.602+0000][11.813s][info ][gc,heap       ] GC(31) Survivor regions: 15->14(27)
[2023-10-19T08:40:51.603+0000][11.814s][info ][gc,heap       ] GC(31) Old regions: 31->35
[2023-10-19T08:40:51.603+0000][11.814s][info ][gc,heap       ] GC(31) Humongous regions: 0->0
[2023-10-19T08:40:51.604+0000][11.815s][info ][gc,metaspace  ] GC(31) Metaspace: 71296K(73168K)->71296K(73168K) NonClass: 62171K(63440K)->62171K(63440K) Class: 9124K(9728K)->9124K(9728K)
[2023-10-19T08:40:51.605+0000][11.815s][info ][gc            ] GC(31) Pause Young (Normal) (G1 Evacuation Pause) 239M->46M(350M) 15.365ms
[2023-10-19T08:40:51.605+0000][11.816s][info ][gc,cpu        ] GC(31) User=0.04s Sys=0.03s Real=0.02s
[2023-10-19T08:40:51.606+0000][11.816s][info ][safepoint     ] Leaving safepoint region
[2023-10-19T08:40:51.606+0000][11.817s][info ][safepoint     ] Total time for which application threads were stopped: 0.0177452 seconds, Stopping threads took: 0.0006389 seconds
[2023-10-19T08:40:51.607+0000][11.817s][info ][gc,stringdedup] Concurrent String Deduplication (11.817s)
[2023-10-19T08:40:51.608+0000][11.819s][info ][gc,stringdedup] Concurrent String Deduplication 210.3K->58848.0B(152.8K) avg 46.3% (11.817s, 11.819s) 1.730ms
[2023-10-19T08:40:51.710+0000][11.920s][debug][safepoint     ] Safepoint synchronization initiated. (17 threads)
[2023-10-19T08:40:51.710+0000][11.921s][info ][safepoint     ] Application time: 0.1033660 seconds
[2023-10-19T08:40:51.710+0000][11.921s][info ][safepoint     ] Entering safepoint region: Deoptimize
[2023-10-19T08:40:51.712+0000][11.923s][info ][safepoint     ] Leaving safepoint region
[2023-10-19T08:40:51.712+0000][11.923s][info ][safepoint     ] Total time for which application threads were stopped: 0.0018844 seconds, Stopping threads took: 0.0002723 seconds
[2023-10-19T08:40:51.713+0000][11.924s][debug][safepoint     ] Safepoint synchronization initiated. (17 threads)
[2023-10-19T08:40:51.714+0000][11.924s][info ][safepoint     ] Application time: 0.0012184 seconds
[2023-10-19T08:40:51.714+0000][11.925s][info ][safepoint     ] Entering safepoint region: Deoptimize
[2023-10-19T08:40:51.715+0000][11.926s][info ][safepoint     ] Leaving safepoint region
[2023-10-19T08:40:51.716+0000][11.926s][info ][safepoint     ] Total time for which application threads were stopped: 0.0016708 seconds, Stopping threads took: 0.0002949 seconds
[2023-10-19T08:40:51.921+0000][12.132s][debug][safepoint     ] Safepoint synchronization initiated. (17 threads)
[2023-10-19T08:40:51.922+0000][12.133s][info ][safepoint     ] Application time: 0.2058717 seconds
[2023-10-19T08:40:51.922+0000][12.133s][info ][safepoint     ] Entering safepoint region: Deoptimize
[2023-10-19T08:40:51.924+0000][12.134s][info ][safepoint     ] Leaving safepoint region
[2023-10-19T08:40:51.924+0000][12.135s][info ][safepoint     ] Total time for which application threads were stopped: 0.0017422 seconds, Stopping threads took: 0.0002654 seconds
[2023-10-19T08:40:52.085+0000][12.296s][debug][safepoint     ] Safepoint synchronization initiated. (17 threads)
[2023-10-19T08:40:52.086+0000][12.296s][info ][safepoint     ] Application time: 0.1616413 seconds
[2023-10-19T08:40:52.086+0000][12.297s][info ][safepoint     ] Entering safepoint region: Deoptimize
[2023-10-19T08:40:52.088+0000][12.298s][info ][safepoint     ] Leaving safepoint region
[2023-10-19T08:40:52.088+0000][12.299s][info ][safepoint     ] Total time for which application threads were stopped: 0.0019755 seconds, Stopping threads took: 0.0003995 seconds
[2023-10-19T08:40:52.097+0000][12.307s][debug][safepoint     ] Safepoint synchronization initiated. (17 threads)
[2023-10-19T08:40:52.097+0000][12.308s][info ][safepoint     ] Application time: 0.0086663 seconds
[2023-10-19T08:40:52.097+0000][12.308s][info ][safepoint     ] Entering safepoint region: ICBufferFull
[2023-10-19T08:40:52.098+0000][12.309s][info ][safepoint     ] Leaving safepoint region
[2023-10-19T08:40:52.098+0000][12.309s][info ][safepoint     ] Total time for which application threads were stopped: 0.0009291 seconds, Stopping threads took: 0.0003580 seconds
[2023-10-19T08:40:52.163+0000][12.374s][debug][safepoint     ] Safepoint synchronization initiated. (17 threads)
[2023-10-19T08:40:52.164+0000][12.375s][info ][safepoint     ] Application time: 0.0651749 seconds
[2023-10-19T08:40:52.164+0000][12.375s][info ][safepoint     ] Entering safepoint region: Deoptimize
[2023-10-19T08:40:52.166+0000][12.376s][info ][safepoint     ] Leaving safepoint region
[2023-10-19T08:40:52.166+0000][12.377s][info ][safepoint     ] Total time for which application threads were stopped: 0.0019730 seconds, Stopping threads took: 0.0004101 seconds
[2023-10-19T08:40:52.343+0000][12.554s][debug][safepoint     ] Safepoint synchronization initiated. (17 threads)
[2023-10-19T08:40:52.344+0000][12.554s][info ][safepoint     ] Application time: 0.1772483 seconds
[2023-10-19T08:40:52.344+0000][12.555s][info ][safepoint     ] Entering safepoint region: ICBufferFull
[2023-10-19T08:40:52.345+0000][12.555s][info ][safepoint     ] Leaving safepoint region
[2023-10-19T08:40:52.345+0000][12.556s][info ][safepoint     ] Total time for which application threads were stopped: 0.0008573 seconds, Stopping threads took: 0.0002875 seconds
[2023-10-19T08:40:52.458+0000][12.669s][debug][safepoint     ] Safepoint synchronization initiated. (17 threads)
[2023-10-19T08:40:52.458+0000][12.669s][info ][safepoint     ] Application time: 0.1132074 seconds
[2023-10-19T08:40:52.459+0000][12.669s][info ][safepoint     ] Entering safepoint region: G1CollectForAllocation
[2023-10-19T08:40:52.459+0000][12.670s][info ][gc,start      ] GC(32) Pause Young (Normal) (G1 Evacuation Pause)
[2023-10-19T08:40:52.460+0000][12.670s][info ][gc,task       ] GC(32) Using 8 workers of 8 for evacuation
[2023-10-19T08:40:52.474+0000][12.684s][info ][gc,phases     ] GC(32)   Pre Evacuate Collection Set: 0.0ms
[2023-10-19T08:40:52.474+0000][12.685s][info ][gc,phases     ] GC(32)   Evacuate Collection Set: 11.9ms
[2023-10-19T08:40:52.474+0000][12.685s][info ][gc,phases     ] GC(32)   Post Evacuate Collection Set: 1.8ms
[2023-10-19T08:40:52.475+0000][12.685s][info ][gc,phases     ] GC(32)   Other: 0.7ms
[2023-10-19T08:40:52.475+0000][12.686s][info ][gc,heap       ] GC(32) Eden regions: 196->0(195)
[2023-10-19T08:40:52.475+0000][12.686s][info ][gc,heap       ] GC(32) Survivor regions: 14->15(27)
[2023-10-19T08:40:52.476+0000][12.686s][info ][gc,heap       ] GC(32) Old regions: 35->35
[2023-10-19T08:40:52.476+0000][12.687s][info ][gc,heap       ] GC(32) Humongous regions: 0->0
[2023-10-19T08:40:52.476+0000][12.687s][info ][gc,metaspace  ] GC(32) Metaspace: 77216K(79184K)->77216K(79184K) NonClass: 67395K(68560K)->67395K(68560K) Class: 9820K(10624K)->9820K(10624K)
[2023-10-19T08:40:52.476+0000][12.687s][info ][gc            ] GC(32) Pause Young (Normal) (G1 Evacuation Pause) 242M->48M(350M) 17.172ms
[2023-10-19T08:40:52.477+0000][12.687s][info ][gc,cpu        ] GC(32) User=0.10s Sys=0.01s Real=0.02s
[2023-10-19T08:40:52.477+0000][12.688s][info ][safepoint     ] Leaving safepoint region
[2023-10-19T08:40:52.477+0000][12.688s][info ][safepoint     ] Total time for which application threads were stopped: 0.0184918 seconds, Stopping threads took: 0.0003132 seconds
[2023-10-19T08:40:52.478+0000][12.688s][info ][gc,stringdedup] Concurrent String Deduplication (12.688s)
[2023-10-19T08:40:52.479+0000][12.690s][info ][gc,stringdedup] Concurrent String Deduplication 190.8K->42736.0B(149.1K) avg 46.9% (12.688s, 12.690s) 1.914ms
[2023-10-19T08:40:52.773+0000][12.983s][debug][safepoint     ] Safepoint synchronization initiated. (17 threads)
[2023-10-19T08:40:52.773+0000][12.984s][info ][safepoint     ] Application time: 0.2956886 seconds
[2023-10-19T08:40:52.774+0000][12.984s][info ][safepoint     ] Entering safepoint region: ICBufferFull
[2023-10-19T08:40:52.774+0000][12.985s][info ][safepoint     ] Leaving safepoint region
[2023-10-19T08:40:52.774+0000][12.985s][info ][safepoint     ] Total time for which application threads were stopped: 0.0008350 seconds, Stopping threads took: 0.0003153 seconds
[2023-10-19T08:40:53.248+0000][13.459s][debug][safepoint     ] Safepoint synchronization initiated. (17 threads)
[2023-10-19T08:40:53.248+0000][13.459s][info ][safepoint     ] Application time: 0.4736907 seconds
[2023-10-19T08:40:53.249+0000][13.460s][info ][safepoint     ] Entering safepoint region: ICBufferFull
[2023-10-19T08:40:53.249+0000][13.460s][info ][safepoint     ] Leaving safepoint region
[2023-10-19T08:40:53.250+0000][13.461s][info ][safepoint     ] Total time for which application threads were stopped: 0.0009823 seconds, Stopping threads took: 0.0003961 seconds
[2023-10-19T08:40:53.367+0000][13.577s][debug][safepoint     ] Safepoint synchronization initiated. (17 threads)
[2023-10-19T08:40:53.367+0000][13.578s][info ][safepoint     ] Application time: 0.1169342 seconds
[2023-10-19T08:40:53.368+0000][13.578s][info ][safepoint     ] Entering safepoint region: G1CollectForAllocation
[2023-10-19T08:40:53.368+0000][13.579s][info ][gc,start      ] GC(33) Pause Young (Normal) (G1 Evacuation Pause)
[2023-10-19T08:40:53.369+0000][13.579s][info ][gc,task       ] GC(33) Using 8 workers of 8 for evacuation
[2023-10-19T08:40:53.384+0000][13.595s][info ][gc,phases     ] GC(33)   Pre Evacuate Collection Set: 0.0ms
[2023-10-19T08:40:53.385+0000][13.596s][info ][gc,phases     ] GC(33)   Evacuate Collection Set: 13.3ms
[2023-10-19T08:40:53.386+0000][13.596s][info ][gc,phases     ] GC(33)   Post Evacuate Collection Set: 2.0ms
[2023-10-19T08:40:53.386+0000][13.597s][info ][gc,phases     ] GC(33)   Other: 0.8ms
[2023-10-19T08:40:53.386+0000][13.597s][info ][gc,heap       ] GC(33) Eden regions: 195->0(192)
[2023-10-19T08:40:53.387+0000][13.597s][info ][gc,heap       ] GC(33) Survivor regions: 15->18(27)
[2023-10-19T08:40:53.387+0000][13.598s][info ][gc,heap       ] GC(33) Old regions: 35->37
[2023-10-19T08:40:53.387+0000][13.598s][info ][gc,heap       ] GC(33) Humongous regions: 0->0
[2023-10-19T08:40:53.388+0000][13.599s][info ][gc,metaspace  ] GC(33) Metaspace: 79067K(80976K)->79067K(80976K) NonClass: 69167K(70352K)->69167K(70352K) Class: 9899K(10624K)->9899K(10624K)
[2023-10-19T08:40:53.388+0000][13.599s][info ][gc            ] GC(33) Pause Young (Normal) (G1 Evacuation Pause) 243M->52M(350M) 20.102ms
[2023-10-19T08:40:53.389+0000][13.599s][info ][gc,cpu        ] GC(33) User=0.12s Sys=0.00s Real=0.02s
[2023-10-19T08:40:53.389+0000][13.600s][info ][safepoint     ] Leaving safepoint region
[2023-10-19T08:40:53.390+0000][13.600s][info ][safepoint     ] Total time for which application threads were stopped: 0.0219444 seconds, Stopping threads took: 0.0004186 seconds
[2023-10-19T08:40:53.390+0000][13.601s][info ][gc,stringdedup] Concurrent String Deduplication (13.601s)
[2023-10-19T08:40:53.393+0000][13.604s][info ][gc,stringdedup] Concurrent String Deduplication 232.0K->164.5K(69128.0B) avg 46.5% (13.601s, 13.603s) 2.788ms
[2023-10-19T08:40:53.844+0000][14.054s][debug][safepoint     ] Safepoint synchronization initiated. (17 threads)
[2023-10-19T08:40:53.844+0000][14.055s][info ][safepoint     ] Application time: 0.4543035 seconds
[2023-10-19T08:40:53.845+0000][14.056s][info ][safepoint     ] Entering safepoint region: ICBufferFull
[2023-10-19T08:40:53.846+0000][14.056s][info ][safepoint     ] Leaving safepoint region
[2023-10-19T08:40:53.846+0000][14.057s][info ][safepoint     ] Total time for which application threads were stopped: 0.0012143 seconds, Stopping threads took: 0.0004979 seconds
[2023-10-19T08:40:54.162+0000][14.373s][debug][safepoint     ] Safepoint synchronization initiated. (17 threads)
[2023-10-19T08:40:54.163+0000][14.374s][info ][safepoint     ] Application time: 0.3163497 seconds
[2023-10-19T08:40:54.163+0000][14.374s][info ][safepoint     ] Entering safepoint region: ICBufferFull
[2023-10-19T08:40:54.164+0000][14.375s][info ][safepoint     ] Leaving safepoint region
[2023-10-19T08:40:54.165+0000][14.375s][info ][safepoint     ] Total time for which application threads were stopped: 0.0013467 seconds, Stopping threads took: 0.0005370 seconds
[2023-10-19T08:40:54.203+0000][14.414s][debug][safepoint     ] Safepoint synchronization initiated. (17 threads)
[2023-10-19T08:40:54.204+0000][14.415s][info ][safepoint     ] Application time: 0.0387706 seconds
[2023-10-19T08:40:54.205+0000][14.415s][info ][safepoint     ] Entering safepoint region: Deoptimize
[2023-10-19T08:40:54.206+0000][14.417s][info ][safepoint     ] Leaving safepoint region
[2023-10-19T08:40:54.207+0000][14.418s][info ][safepoint     ] Total time for which application threads were stopped: 0.0023577 seconds, Stopping threads took: 0.0005449 seconds
[2023-10-19T08:40:54.503+0000][14.713s][debug][safepoint     ] Safepoint synchronization initiated. (17 threads)
[2023-10-19T08:40:54.503+0000][14.714s][info ][safepoint     ] Application time: 0.2957294 seconds
[2023-10-19T08:40:54.504+0000][14.714s][info ][safepoint     ] Entering safepoint region: G1CollectForAllocation
[2023-10-19T08:40:54.504+0000][14.715s][info ][gc,start      ] GC(34) Pause Young (Normal) (G1 Evacuation Pause)
[2023-10-19T08:40:54.505+0000][14.716s][info ][gc,task       ] GC(34) Using 8 workers of 8 for evacuation
[2023-10-19T08:40:54.531+0000][14.741s][info ][gc,phases     ] GC(34)   Pre Evacuate Collection Set: 0.0ms
[2023-10-19T08:40:54.531+0000][14.742s][info ][gc,phases     ] GC(34)   Evacuate Collection Set: 22.6ms
[2023-10-19T08:40:54.532+0000][14.742s][info ][gc,phases     ] GC(34)   Post Evacuate Collection Set: 2.4ms
[2023-10-19T08:40:54.532+0000][14.743s][info ][gc,phases     ] GC(34)   Other: 1.1ms
[2023-10-19T08:40:54.532+0000][14.743s][info ][gc,heap       ] GC(34) Eden regions: 192->0(191)
[2023-10-19T08:40:54.533+0000][14.744s][info ][gc,heap       ] GC(34) Survivor regions: 18->19(27)
[2023-10-19T08:40:54.533+0000][14.744s][info ][gc,heap       ] GC(34) Old regions: 37->42
[2023-10-19T08:40:54.534+0000][14.744s][info ][gc,heap       ] GC(34) Humongous regions: 0->0
[2023-10-19T08:40:54.534+0000][14.745s][info ][gc,metaspace  ] GC(34) Metaspace: 80801K(82896K)->80801K(82896K) NonClass: 70785K(72144K)->70785K(72144K) Class: 10015K(10752K)->10015K(10752K)
[2023-10-19T08:40:54.535+0000][14.745s][info ][gc            ] GC(34) Pause Young (Normal) (G1 Evacuation Pause) 244M->59M(350M) 30.098ms
[2023-10-19T08:40:54.535+0000][14.746s][info ][gc,cpu        ] GC(34) User=0.20s Sys=0.01s Real=0.03s
[2023-10-19T08:40:54.535+0000][14.746s][info ][safepoint     ] Leaving safepoint region
[2023-10-19T08:40:54.536+0000][14.747s][info ][safepoint     ] Total time for which application threads were stopped: 0.0321405 seconds, Stopping threads took: 0.0004556 seconds
[2023-10-19T08:40:54.536+0000][14.747s][info ][gc,stringdedup] Concurrent String Deduplication (14.747s)
[2023-10-19T08:40:54.539+0000][14.749s][info ][gc,stringdedup] Concurrent String Deduplication 251.7K->87144.0B(166.6K) avg 47.0% (14.747s, 14.749s) 2.204ms
[2023-10-19T08:40:54.787+0000][14.998s][debug][safepoint     ] Safepoint synchronization initiated. (17 threads)
[2023-10-19T08:40:54.788+0000][14.998s][info ][safepoint     ] Application time: 0.2514882 seconds
[2023-10-19T08:40:54.788+0000][14.999s][info ][safepoint     ] Entering safepoint region: Deoptimize
[2023-10-19T08:40:54.790+0000][15.000s][info ][safepoint     ] Leaving safepoint region
[2023-10-19T08:40:54.790+0000][15.001s][info ][safepoint     ] Total time for which application threads were stopped: 0.0020479 seconds, Stopping threads took: 0.0003922 seconds
[2023-10-19T08:40:54.885+0000][15.096s][debug][safepoint     ] Safepoint synchronization initiated. (17 threads)
[2023-10-19T08:40:54.886+0000][15.096s][info ][safepoint     ] Application time: 0.0950786 seconds
[2023-10-19T08:40:54.886+0000][15.097s][info ][safepoint     ] Entering safepoint region: Deoptimize
[2023-10-19T08:40:54.888+0000][15.098s][info ][safepoint     ] Leaving safepoint region
[2023-10-19T08:40:54.888+0000][15.099s][info ][safepoint     ] Total time for which application threads were stopped: 0.0020645 seconds, Stopping threads took: 0.0004012 seconds
[2023-10-19T08:40:55.182+0000][15.392s][debug][safepoint     ] Safepoint synchronization initiated. (21 threads)
[2023-10-19T08:40:55.182+0000][15.393s][info ][safepoint     ] Application time: 0.2936544 seconds
[2023-10-19T08:40:55.183+0000][15.393s][info ][safepoint     ] Entering safepoint region: ICBufferFull
[2023-10-19T08:40:55.183+0000][15.394s][info ][safepoint     ] Leaving safepoint region
[2023-10-19T08:40:55.184+0000][15.394s][info ][safepoint     ] Total time for which application threads were stopped: 0.0011012 seconds, Stopping threads took: 0.0004050 seconds
[2023-10-19T08:40:55.516+0000][15.726s][debug][safepoint     ] Safepoint synchronization initiated. (21 threads)
[2023-10-19T08:40:55.516+0000][15.727s][info ][safepoint     ] Application time: 0.3321136 seconds
[2023-10-19T08:40:55.517+0000][15.727s][info ][safepoint     ] Entering safepoint region: G1CollectForAllocation
[2023-10-19T08:40:55.517+0000][15.728s][info ][gc,start      ] GC(35) Pause Young (Normal) (G1 Evacuation Pause)
[2023-10-19T08:40:55.518+0000][15.729s][info ][gc,task       ] GC(35) Using 8 workers of 8 for evacuation
[2023-10-19T08:40:55.538+0000][15.749s][info ][gc,phases     ] GC(35)   Pre Evacuate Collection Set: 0.0ms
[2023-10-19T08:40:55.539+0000][15.749s][info ][gc,phases     ] GC(35)   Evacuate Collection Set: 17.7ms
[2023-10-19T08:40:55.539+0000][15.750s][info ][gc,phases     ] GC(35)   Post Evacuate Collection Set: 2.0ms
[2023-10-19T08:40:55.539+0000][15.750s][info ][gc,phases     ] GC(35)   Other: 0.9ms
[2023-10-19T08:40:55.540+0000][15.751s][info ][gc,heap       ] GC(35) Eden regions: 191->0(193)
[2023-10-19T08:40:55.540+0000][15.751s][info ][gc,heap       ] GC(35) Survivor regions: 19->17(27)
[2023-10-19T08:40:55.541+0000][15.751s][info ][gc,heap       ] GC(35) Old regions: 42->49
[2023-10-19T08:40:55.541+0000][15.752s][info ][gc,heap       ] GC(35) Humongous regions: 0->0
[2023-10-19T08:40:55.541+0000][15.752s][info ][gc,metaspace  ] GC(35) Metaspace: 83292K(85712K)->83292K(85712K) NonClass: 72970K(74448K)->72970K(74448K) Class: 10321K(11264K)->10321K(11264K)
[2023-10-19T08:40:55.542+0000][15.752s][info ][gc            ] GC(35) Pause Young (Normal) (G1 Evacuation Pause) 250M->63M(350M) 24.259ms
[2023-10-19T08:40:55.542+0000][15.753s][info ][gc,cpu        ] GC(35) User=0.17s Sys=0.00s Real=0.03s
[2023-10-19T08:40:55.542+0000][15.753s][info ][safepoint     ] Leaving safepoint region
[2023-10-19T08:40:55.543+0000][15.754s][info ][safepoint     ] Total time for which application threads were stopped: 0.0260855 seconds, Stopping threads took: 0.0004138 seconds
[2023-10-19T08:40:55.543+0000][15.754s][info ][gc,stringdedup] Concurrent String Deduplication (15.754s)
[2023-10-19T08:40:55.547+0000][15.758s][info ][gc,stringdedup] Concurrent String Deduplication 433.9K->102.7K(331.2K) avg 48.2% (15.754s, 15.758s) 3.592ms
[2023-10-19T08:40:55.806+0000][16.016s][debug][safepoint     ] Safepoint synchronization initiated. (21 threads)
[2023-10-19T08:40:55.806+0000][16.017s][info ][safepoint     ] Application time: 0.2627613 seconds
[2023-10-19T08:40:55.807+0000][16.017s][debug][safepoint     ] Waiting for 1 thread(s) to block
[2023-10-19T08:40:55.807+0000][16.018s][info ][safepoint     ] Entering safepoint region: ICBufferFull
[2023-10-19T08:40:55.808+0000][16.019s][info ][safepoint     ] Leaving safepoint region
[2023-10-19T08:40:55.808+0000][16.019s][info ][safepoint     ] Total time for which application threads were stopped: 0.0018067 seconds, Stopping threads took: 0.0011041 seconds
[2023-10-19T08:40:56.103+0000][16.314s][debug][safepoint     ] Safepoint synchronization initiated. (21 threads)
[2023-10-19T08:40:56.104+0000][16.314s][info ][safepoint     ] Application time: 0.2948248 seconds
[2023-10-19T08:40:56.104+0000][16.315s][info ][safepoint     ] Entering safepoint region: Deoptimize
[2023-10-19T08:40:56.106+0000][16.317s][info ][safepoint     ] Leaving safepoint region
[2023-10-19T08:40:56.107+0000][16.317s][info ][safepoint     ] Total time for which application threads were stopped: 0.0025157 seconds, Stopping threads took: 0.0004667 seconds
[2023-10-19T08:40:56.240+0000][16.450s][debug][safepoint     ] Safepoint synchronization initiated. (22 threads)
[2023-10-19T08:40:56.240+0000][16.451s][info ][safepoint     ] Application time: 0.1328788 seconds
[2023-10-19T08:40:56.241+0000][16.451s][info ][safepoint     ] Entering safepoint region: Deoptimize
[2023-10-19T08:40:56.243+0000][16.453s][info ][safepoint     ] Leaving safepoint region
[2023-10-19T08:40:56.243+0000][16.454s][info ][safepoint     ] Total time for which application threads were stopped: 0.0025096 seconds, Stopping threads took: 0.0004491 seconds
[2023-10-19T08:40:56.489+0000][16.700s][debug][safepoint     ] Safepoint synchronization initiated. (21 threads)
[2023-10-19T08:40:56.490+0000][16.700s][info ][safepoint     ] Application time: 0.2462341 seconds
[2023-10-19T08:40:56.490+0000][16.701s][info ][safepoint     ] Entering safepoint region: G1CollectForAllocation
[2023-10-19T08:40:56.491+0000][16.702s][info ][gc,start      ] GC(36) Pause Young (Normal) (G1 Evacuation Pause)
[2023-10-19T08:40:56.491+0000][16.702s][info ][gc,task       ] GC(36) Using 8 workers of 8 for evacuation
[2023-10-19T08:40:56.511+0000][16.722s][info ][gc,phases     ] GC(36)   Pre Evacuate Collection Set: 0.0ms
[2023-10-19T08:40:56.512+0000][16.723s][info ][gc,phases     ] GC(36)   Evacuate Collection Set: 17.2ms
[2023-10-19T08:40:56.513+0000][16.724s][info ][gc,phases     ] GC(36)   Post Evacuate Collection Set: 2.4ms
[2023-10-19T08:40:56.514+0000][16.724s][info ][gc,phases     ] GC(36)   Other: 0.9ms
[2023-10-19T08:40:56.514+0000][16.725s][info ][gc,heap       ] GC(36) Eden regions: 193->0(194)
[2023-10-19T08:40:56.515+0000][16.725s][info ][gc,heap       ] GC(36) Survivor regions: 17->16(27)
[2023-10-19T08:40:56.515+0000][16.726s][info ][gc,heap       ] GC(36) Old regions: 49->54
[2023-10-19T08:40:56.515+0000][16.726s][info ][gc,heap       ] GC(36) Humongous regions: 0->0
[2023-10-19T08:40:56.516+0000][16.727s][info ][gc,metaspace  ] GC(36) Metaspace: 87704K(90320K)->87704K(90320K) NonClass: 76848K(78544K)->76848K(78544K) Class: 10855K(11776K)->10855K(11776K)
[2023-10-19T08:40:56.517+0000][16.727s][info ][gc            ] GC(36) Pause Young (Normal) (G1 Evacuation Pause) 256M->68M(350M) 25.643ms
[2023-10-19T08:40:56.517+0000][16.728s][info ][gc,cpu        ] GC(36) User=0.17s Sys=0.00s Real=0.03s
[2023-10-19T08:40:56.517+0000][16.728s][info ][safepoint     ] Leaving safepoint region
[2023-10-19T08:40:56.518+0000][16.728s][info ][safepoint     ] Total time for which application threads were stopped: 0.0274266 seconds, Stopping threads took: 0.0004083 seconds
[2023-10-19T08:40:56.518+0000][16.729s][info ][gc,stringdedup] Concurrent String Deduplication (16.729s)
[2023-10-19T08:40:56.522+0000][16.732s][info ][gc,stringdedup] Concurrent String Deduplication 552.3K->131.4K(420.9K) avg 49.5% (16.729s, 16.732s) 3.574ms
[2023-10-19T08:40:56.843+0000][17.054s][debug][safepoint     ] Safepoint synchronization initiated. (23 threads)
[2023-10-19T08:40:56.844+0000][17.054s][info ][safepoint     ] Application time: 0.3256387 seconds
[2023-10-19T08:40:56.844+0000][17.055s][info ][safepoint     ] Entering safepoint region: Deoptimize
[2023-10-19T08:40:56.846+0000][17.057s][info ][safepoint     ] Leaving safepoint region
[2023-10-19T08:40:56.847+0000][17.058s][info ][safepoint     ] Total time for which application threads were stopped: 0.0027551 seconds, Stopping threads took: 0.0004414 seconds
[2023-10-19T08:40:56.858+0000][17.068s][debug][safepoint     ] Safepoint synchronization initiated. (23 threads)
[2023-10-19T08:40:56.858+0000][17.069s][info ][safepoint     ] Application time: 0.0108028 seconds
[2023-10-19T08:40:56.859+0000][17.069s][debug][safepoint     ] Waiting for 1 thread(s) to block
[2023-10-19T08:40:56.859+0000][17.070s][info ][safepoint     ] Entering safepoint region: Deoptimize
[2023-10-19T08:40:56.861+0000][17.072s][info ][safepoint     ] Leaving safepoint region
[2023-10-19T08:40:56.861+0000][17.072s][info ][safepoint     ] Total time for which application threads were stopped: 0.0027121 seconds, Stopping threads took: 0.0008266 seconds
[2023-10-19T08:40:57.047+0000][17.258s][debug][safepoint     ] Safepoint synchronization initiated. (23 threads)
[2023-10-19T08:40:57.047+0000][17.258s][info ][safepoint     ] Application time: 0.1855659 seconds
[2023-10-19T08:40:57.048+0000][17.259s][debug][safepoint     ] Waiting for 2 thread(s) to block
[2023-10-19T08:40:57.048+0000][17.259s][info ][safepoint     ] Entering safepoint region: Deoptimize
[2023-10-19T08:40:57.051+0000][17.261s][info ][safepoint     ] Leaving safepoint region
[2023-10-19T08:40:57.051+0000][17.262s][info ][safepoint     ] Total time for which application threads were stopped: 0.0032208 seconds, Stopping threads took: 0.0010506 seconds
[2023-10-19T08:40:57.140+0000][17.350s][debug][safepoint     ] Safepoint synchronization initiated. (22 threads)
[2023-10-19T08:40:57.140+0000][17.351s][info ][safepoint     ] Application time: 0.0886077 seconds
[2023-10-19T08:40:57.141+0000][17.351s][info ][safepoint     ] Entering safepoint region: Deoptimize
[2023-10-19T08:40:57.143+0000][17.353s][info ][safepoint     ] Leaving safepoint region
[2023-10-19T08:40:57.143+0000][17.354s][info ][safepoint     ] Total time for which application threads were stopped: 0.0026001 seconds, Stopping threads took: 0.0005923 seconds
[2023-10-19T08:40:57.555+0000][17.765s][debug][safepoint     ] Safepoint synchronization initiated. (23 threads)
[2023-10-19T08:40:57.555+0000][17.766s][info ][safepoint     ] Application time: 0.4114975 seconds
[2023-10-19T08:40:57.556+0000][17.766s][info ][safepoint     ] Entering safepoint region: Deoptimize
[2023-10-19T08:40:57.558+0000][17.768s][info ][safepoint     ] Leaving safepoint region
[2023-10-19T08:40:57.558+0000][17.769s][info ][safepoint     ] Total time for which application threads were stopped: 0.0023909 seconds, Stopping threads took: 0.0004233 seconds
[2023-10-19T08:40:57.635+0000][17.846s][debug][safepoint     ] Safepoint synchronization initiated. (23 threads)
[2023-10-19T08:40:57.636+0000][17.846s][info ][safepoint     ] Application time: 0.0773371 seconds
[2023-10-19T08:40:57.636+0000][17.847s][info ][safepoint     ] Entering safepoint region: Deoptimize
[2023-10-19T08:40:57.638+0000][17.849s][info ][safepoint     ] Leaving safepoint region
[2023-10-19T08:40:57.638+0000][17.849s][info ][safepoint     ] Total time for which application threads were stopped: 0.0022157 seconds, Stopping threads took: 0.0003595 seconds
[2023-10-19T08:40:57.649+0000][17.860s][debug][safepoint     ] Safepoint synchronization initiated. (23 threads)
[2023-10-19T08:40:57.649+0000][17.860s][info ][safepoint     ] Application time: 0.0106955 seconds
[2023-10-19T08:40:57.650+0000][17.861s][info ][safepoint     ] Entering safepoint region: G1CollectForAllocation
[2023-10-19T08:40:57.650+0000][17.861s][info ][gc,start      ] GC(37) Pause Young (Normal) (G1 Evacuation Pause)
[2023-10-19T08:40:57.651+0000][17.862s][info ][gc,task       ] GC(37) Using 8 workers of 8 for evacuation
[2023-10-19T08:40:57.670+0000][17.880s][info ][gc,phases     ] GC(37)   Pre Evacuate Collection Set: 0.0ms
[2023-10-19T08:40:57.670+0000][17.881s][info ][gc,phases     ] GC(37)   Evacuate Collection Set: 14.7ms
[2023-10-19T08:40:57.671+0000][17.882s][info ][gc,phases     ] GC(37)   Post Evacuate Collection Set: 3.6ms
[2023-10-19T08:40:57.671+0000][17.882s][info ][gc,phases     ] GC(37)   Other: 1.0ms
[2023-10-19T08:40:57.672+0000][17.882s][info ][gc,heap       ] GC(37) Eden regions: 194->0(196)
[2023-10-19T08:40:57.672+0000][17.883s][info ][gc,heap       ] GC(37) Survivor regions: 16->14(27)
[2023-10-19T08:40:57.673+0000][17.883s][info ][gc,heap       ] GC(37) Old regions: 54->59
[2023-10-19T08:40:57.673+0000][17.884s][info ][gc,heap       ] GC(37) Humongous regions: 0->0
[2023-10-19T08:40:57.673+0000][17.884s][info ][gc,metaspace  ] GC(37) Metaspace: 94487K(97232K)->94487K(97232K) NonClass: 82745K(84432K)->82745K(84432K) Class: 11741K(12800K)->11741K(12800K)
[2023-10-19T08:40:57.674+0000][17.885s][info ][gc            ] GC(37) Pause Young (Normal) (G1 Evacuation Pause) 262M->71M(350M) 23.507ms
[2023-10-19T08:40:57.674+0000][17.885s][info ][gc,cpu        ] GC(37) User=0.16s Sys=0.00s Real=0.03s
[2023-10-19T08:40:57.675+0000][17.885s][info ][safepoint     ] Leaving safepoint region
[2023-10-19T08:40:57.675+0000][17.886s][info ][safepoint     ] Total time for which application threads were stopped: 0.0252745 seconds, Stopping threads took: 0.0003543 seconds
[2023-10-19T08:40:57.676+0000][17.886s][info ][gc,stringdedup] Concurrent String Deduplication (17.886s)
[2023-10-19T08:40:57.679+0000][17.889s][info ][gc,stringdedup] Concurrent String Deduplication 333.0K->100.6K(232.5K) avg 50.0% (17.886s, 17.889s) 3.039ms
[2023-10-19T08:40:57.741+0000][17.951s][debug][safepoint     ] Safepoint synchronization initiated. (23 threads)
[2023-10-19T08:40:57.741+0000][17.952s][info ][safepoint     ] Application time: 0.0657412 seconds
[2023-10-19T08:40:57.742+0000][17.952s][info ][safepoint     ] Entering safepoint region: Deoptimize
[2023-10-19T08:40:57.743+0000][17.954s][info ][safepoint     ] Leaving safepoint region
[2023-10-19T08:40:57.744+0000][17.954s][info ][safepoint     ] Total time for which application threads were stopped: 0.0020785 seconds, Stopping threads took: 0.0003395 seconds
[2023-10-19T08:40:57.906+0000][18.117s][debug][safepoint     ] Safepoint synchronization initiated. (23 threads)
[2023-10-19T08:40:57.907+0000][18.118s][info ][safepoint     ] Application time: 0.1630760 seconds
[2023-10-19T08:40:57.907+0000][18.118s][info ][safepoint     ] Entering safepoint region: ICBufferFull
[2023-10-19T08:40:57.908+0000][18.119s][info ][safepoint     ] Leaving safepoint region
[2023-10-19T08:40:57.909+0000][18.119s][info ][safepoint     ] Total time for which application threads were stopped: 0.0010830 seconds, Stopping threads took: 0.0003835 seconds
[2023-10-19T08:40:58.168+0000][18.378s][debug][safepoint     ] Safepoint synchronization initiated. (26 threads)
[2023-10-19T08:40:58.168+0000][18.379s][info ][safepoint     ] Application time: 0.2593795 seconds
[2023-10-19T08:40:58.169+0000][18.380s][info ][safepoint     ] Entering safepoint region: ICBufferFull
[2023-10-19T08:40:58.170+0000][18.381s][info ][safepoint     ] Leaving safepoint region
[2023-10-19T08:40:58.170+0000][18.381s][info ][safepoint     ] Total time for which application threads were stopped: 0.0009546 seconds, Stopping threads took: 0.0003695 seconds
[2023-10-19T08:40:58.365+0000][18.575s][debug][safepoint     ] Safepoint synchronization initiated. (32 threads)
[2023-10-19T08:40:58.365+0000][18.576s][info ][safepoint     ] Application time: 0.1946716 seconds
[2023-10-19T08:40:58.366+0000][18.576s][info ][safepoint     ] Entering safepoint region: ICBufferFull
[2023-10-19T08:40:58.366+0000][18.577s][info ][safepoint     ] Leaving safepoint region
[2023-10-19T08:40:58.367+0000][18.577s][info ][safepoint     ] Total time for which application threads were stopped: 0.0011435 seconds, Stopping threads took: 0.0003591 seconds
[2023-10-19T08:40:58.513+0000][18.724s][debug][safepoint     ] Safepoint synchronization initiated. (33 threads)
[2023-10-19T08:40:58.514+0000][18.725s][info ][safepoint     ] Application time: 0.1467438 seconds
[2023-10-19T08:40:58.515+0000][18.725s][info ][safepoint     ] Entering safepoint region: Deoptimize
[2023-10-19T08:40:58.517+0000][18.727s][info ][safepoint     ] Leaving safepoint region
[2023-10-19T08:40:58.517+0000][18.728s][info ][safepoint     ] Total time for which application threads were stopped: 0.0028567 seconds, Stopping threads took: 0.0004670 seconds
[2023-10-19T08:40:58.633+0000][18.844s][debug][safepoint     ] Safepoint synchronization initiated. (33 threads)
[2023-10-19T08:40:58.634+0000][18.845s][info ][safepoint     ] Application time: 0.1162430 seconds
[2023-10-19T08:40:58.635+0000][18.845s][info ][safepoint     ] Entering safepoint region: Deoptimize
[2023-10-19T08:40:58.637+0000][18.847s][info ][safepoint     ] Leaving safepoint region
[2023-10-19T08:40:58.637+0000][18.848s][info ][safepoint     ] Total time for which application threads were stopped: 0.0026169 seconds, Stopping threads took: 0.0005033 seconds
[2023-10-19T08:40:58.704+0000][18.915s][debug][safepoint     ] Safepoint synchronization initiated. (33 threads)
[2023-10-19T08:40:58.705+0000][18.915s][info ][safepoint     ] Application time: 0.0669871 seconds
[2023-10-19T08:40:58.705+0000][18.916s][debug][safepoint     ] Waiting for 1 thread(s) to block
[2023-10-19T08:40:58.706+0000][18.916s][info ][safepoint     ] Entering safepoint region: G1CollectForAllocation
[2023-10-19T08:40:58.706+0000][18.917s][info ][gc,start      ] GC(38) Pause Young (Normal) (G1 Evacuation Pause)
[2023-10-19T08:40:58.706+0000][18.917s][info ][gc,task       ] GC(38) Using 8 workers of 8 for evacuation
[2023-10-19T08:40:58.724+0000][18.935s][info ][gc,phases     ] GC(38)   Pre Evacuate Collection Set: 0.0ms
[2023-10-19T08:40:58.725+0000][18.935s][info ][gc,phases     ] GC(38)   Evacuate Collection Set: 14.7ms
[2023-10-19T08:40:58.725+0000][18.936s][info ][gc,phases     ] GC(38)   Post Evacuate Collection Set: 2.4ms
[2023-10-19T08:40:58.726+0000][18.936s][info ][gc,phases     ] GC(38)   Other: 0.8ms
[2023-10-19T08:40:58.726+0000][18.937s][info ][gc,heap       ] GC(38) Eden regions: 196->0(191)
[2023-10-19T08:40:58.726+0000][18.937s][info ][gc,heap       ] GC(38) Survivor regions: 14->19(27)
[2023-10-19T08:40:58.727+0000][18.938s][info ][gc,heap       ] GC(38) Old regions: 59->59
[2023-10-19T08:40:58.727+0000][18.938s][info ][gc,heap       ] GC(38) Humongous regions: 0->0
[2023-10-19T08:40:58.728+0000][18.938s][info ][gc,metaspace  ] GC(38) Metaspace: 97184K(100176K)->97184K(100176K) NonClass: 85158K(86992K)->85158K(86992K) Class: 12026K(13184K)->12026K(13184K)
[2023-10-19T08:40:58.728+0000][18.939s][info ][gc            ] GC(38) Pause Young (Normal) (G1 Evacuation Pause) 267M->76M(350M) 21.825ms
[2023-10-19T08:40:58.728+0000][18.939s][info ][gc,cpu        ] GC(38) User=0.14s Sys=0.00s Real=0.02s
[2023-10-19T08:40:58.729+0000][18.939s][info ][safepoint     ] Leaving safepoint region
[2023-10-19T08:40:58.729+0000][18.940s][info ][safepoint     ] Total time for which application threads were stopped: 0.0239672 seconds, Stopping threads took: 0.0008225 seconds
[2023-10-19T08:40:58.730+0000][18.940s][info ][gc,stringdedup] Concurrent String Deduplication (18.940s)
[2023-10-19T08:40:58.733+0000][18.944s][info ][gc,stringdedup] Concurrent String Deduplication 316.6K->104.9K(211.6K) avg 50.5% (18.940s, 18.944s) 3.574ms
[2023-10-19T08:40:59.212+0000][19.423s][debug][safepoint     ] Safepoint synchronization initiated. (33 threads)
[2023-10-19T08:40:59.213+0000][19.424s][info ][safepoint     ] Application time: 0.4834380 seconds
[2023-10-19T08:40:59.213+0000][19.424s][info ][safepoint     ] Entering safepoint region: Deoptimize
[2023-10-19T08:40:59.215+0000][19.426s][info ][safepoint     ] Leaving safepoint region
[2023-10-19T08:40:59.216+0000][19.426s][info ][safepoint     ] Total time for which application threads were stopped: 0.0022881 seconds, Stopping threads took: 0.0003708 seconds
[2023-10-19T08:40:59.434+0000][19.645s][debug][safepoint     ] Safepoint synchronization initiated. (36 threads)
[2023-10-19T08:40:59.435+0000][19.645s][info ][safepoint     ] Application time: 0.2188936 seconds
[2023-10-19T08:40:59.435+0000][19.646s][info ][safepoint     ] Entering safepoint region: Deoptimize
[2023-10-19T08:40:59.437+0000][19.648s][info ][safepoint     ] Leaving safepoint region
[2023-10-19T08:40:59.438+0000][19.649s][info ][safepoint     ] Total time for which application threads were stopped: 0.0026193 seconds, Stopping threads took: 0.0004528 seconds
[2023-10-19T08:40:59.487+0000][19.698s][debug][safepoint     ] Safepoint synchronization initiated. (35 threads)
[2023-10-19T08:40:59.488+0000][19.698s][info ][safepoint     ] Application time: 0.0494857 seconds
[2023-10-19T08:40:59.488+0000][19.699s][info ][safepoint     ] Entering safepoint region: G1CollectForAllocation
[2023-10-19T08:40:59.489+0000][19.700s][info ][gc,start      ] GC(39) Pause Young (Normal) (G1 Evacuation Pause)
[2023-10-19T08:40:59.490+0000][19.701s][info ][gc,task       ] GC(39) Using 8 workers of 8 for evacuation
[2023-10-19T08:40:59.504+0000][19.715s][info ][gc,phases     ] GC(39)   Pre Evacuate Collection Set: 0.0ms
[2023-10-19T08:40:59.505+0000][19.716s][info ][gc,phases     ] GC(39)   Evacuate Collection Set: 10.6ms
[2023-10-19T08:40:59.506+0000][19.716s][info ][gc,phases     ] GC(39)   Post Evacuate Collection Set: 3.0ms
[2023-10-19T08:40:59.506+0000][19.717s][info ][gc,phases     ] GC(39)   Other: 1.3ms
[2023-10-19T08:40:59.507+0000][19.718s][info ][gc,heap       ] GC(39) Eden regions: 191->0(192)
[2023-10-19T08:40:59.508+0000][19.718s][info ][gc,heap       ] GC(39) Survivor regions: 19->18(27)
[2023-10-19T08:40:59.508+0000][19.719s][info ][gc,heap       ] GC(39) Old regions: 59->64
[2023-10-19T08:40:59.509+0000][19.720s][info ][gc,heap       ] GC(39) Humongous regions: 0->0
[2023-10-19T08:40:59.510+0000][19.720s][info ][gc,metaspace  ] GC(39) Metaspace: 101161K(104016K)->101161K(104016K) NonClass: 88735K(90576K)->88735K(90576K) Class: 12426K(13440K)->12426K(13440K)
[2023-10-19T08:40:59.511+0000][19.721s][info ][gc            ] GC(39) Pause Young (Normal) (G1 Evacuation Pause) 267M->79M(350M) 21.238ms
[2023-10-19T08:40:59.511+0000][19.722s][info ][gc,cpu        ] GC(39) User=0.10s Sys=0.00s Real=0.02s
[2023-10-19T08:40:59.512+0000][19.723s][info ][safepoint     ] Leaving safepoint region
[2023-10-19T08:40:59.513+0000][19.723s][info ][safepoint     ] Total time for which application threads were stopped: 0.0245494 seconds, Stopping threads took: 0.0008100 seconds
[2023-10-19T08:40:59.514+0000][19.724s][info ][gc,stringdedup] Concurrent String Deduplication (19.724s)
[2023-10-19T08:40:59.520+0000][19.731s][info ][gc,stringdedup] Concurrent String Deduplication 590.3K->411.8K(178.5K) avg 49.6% (19.724s, 19.731s) 6.837ms
[2023-10-19T08:41:00.086+0000][20.296s][debug][safepoint     ] Safepoint synchronization initiated. (37 threads)
[2023-10-19T08:41:00.086+0000][20.297s][info ][safepoint     ] Application time: 0.5728073 seconds
[2023-10-19T08:41:00.087+0000][20.298s][info ][safepoint     ] Entering safepoint region: ICBufferFull
[2023-10-19T08:41:00.088+0000][20.298s][info ][safepoint     ] Leaving safepoint region
[2023-10-19T08:41:00.088+0000][20.299s][info ][safepoint     ] Total time for which application threads were stopped: 0.0011585 seconds, Stopping threads took: 0.0004501 seconds
[2023-10-19T08:41:00.362+0000][20.573s][debug][safepoint     ] Safepoint synchronization initiated. (37 threads)
[2023-10-19T08:41:00.363+0000][20.573s][info ][safepoint     ] Application time: 0.2740429 seconds
[2023-10-19T08:41:00.363+0000][20.574s][info ][safepoint     ] Entering safepoint region: G1CollectForAllocation
[2023-10-19T08:41:00.364+0000][20.575s][info ][gc,start      ] GC(40) Pause Young (Normal) (G1 Evacuation Pause)
[2023-10-19T08:41:00.364+0000][20.575s][info ][gc,task       ] GC(40) Using 8 workers of 8 for evacuation
[2023-10-19T08:41:00.383+0000][20.594s][info ][gc,phases     ] GC(40)   Pre Evacuate Collection Set: 0.0ms
[2023-10-19T08:41:00.383+0000][20.594s][info ][gc,phases     ] GC(40)   Evacuate Collection Set: 15.7ms
[2023-10-19T08:41:00.384+0000][20.594s][info ][gc,phases     ] GC(40)   Post Evacuate Collection Set: 2.4ms
[2023-10-19T08:41:00.384+0000][20.595s][info ][gc,phases     ] GC(40)   Other: 1.0ms
[2023-10-19T08:41:00.385+0000][20.595s][info ][gc,heap       ] GC(40) Eden regions: 192->0(192)
[2023-10-19T08:41:00.385+0000][20.596s][info ][gc,heap       ] GC(40) Survivor regions: 18->18(27)
[2023-10-19T08:41:00.385+0000][20.596s][info ][gc,heap       ] GC(40) Old regions: 64->68
[2023-10-19T08:41:00.386+0000][20.596s][info ][gc,heap       ] GC(40) Humongous regions: 1->0
[2023-10-19T08:41:00.386+0000][20.597s][info ][gc,metaspace  ] GC(40) Metaspace: 103968K(107088K)->103968K(107088K) NonClass: 91382K(93392K)->91382K(93392K) Class: 12585K(13696K)->12585K(13696K)
[2023-10-19T08:41:00.386+0000][20.597s][info ][gc            ] GC(40) Pause Young (Normal) (G1 Evacuation Pause) 272M->84M(350M) 22.638ms
[2023-10-19T08:41:00.387+0000][20.598s][info ][gc,cpu        ] GC(40) User=0.14s Sys=0.00s Real=0.02s
[2023-10-19T08:41:00.387+0000][20.598s][info ][safepoint     ] Leaving safepoint region
[2023-10-19T08:41:00.388+0000][20.598s][info ][safepoint     ] Total time for which application threads were stopped: 0.0244440 seconds, Stopping threads took: 0.0003840 seconds
[2023-10-19T08:41:00.388+0000][20.599s][info ][gc,stringdedup] Concurrent String Deduplication (20.599s)
[2023-10-19T08:41:00.392+0000][20.602s][info ][gc,stringdedup] Concurrent String Deduplication 425.9K->133.2K(292.6K) avg 50.2% (20.599s, 20.602s) 3.545ms
[2023-10-19T08:41:00.753+0000][20.964s][debug][safepoint     ] Safepoint synchronization initiated. (37 threads)
[2023-10-19T08:41:00.754+0000][20.965s][info ][safepoint     ] Application time: 0.3659781 seconds
[2023-10-19T08:41:00.754+0000][20.965s][debug][safepoint     ] ... found polling page return exception at pc = 0x00007f0de8305676, stub =0x00007f0de0840600
[2023-10-19T08:41:00.755+0000][20.966s][debug][safepoint     ] Waiting for 1 thread(s) to block
[2023-10-19T08:41:00.756+0000][20.967s][info ][safepoint     ] Entering safepoint region: ICBufferFull
[2023-10-19T08:41:00.757+0000][20.967s][info ][safepoint     ] Leaving safepoint region
[2023-10-19T08:41:00.757+0000][20.968s][info ][safepoint     ] Total time for which application threads were stopped: 0.0027487 seconds, Stopping threads took: 0.0018431 seconds
[2023-10-19T08:41:00.796+0000][21.006s][debug][safepoint     ] Safepoint synchronization initiated. (37 threads)
[2023-10-19T08:41:00.796+0000][21.007s][info ][safepoint     ] Application time: 0.0385977 seconds
[2023-10-19T08:41:00.797+0000][21.007s][info ][safepoint     ] Entering safepoint region: Deoptimize
[2023-10-19T08:41:00.799+0000][21.009s][info ][safepoint     ] Leaving safepoint region
[2023-10-19T08:41:00.799+0000][21.010s][info ][safepoint     ] Total time for which application threads were stopped: 0.0024702 seconds, Stopping threads took: 0.0004728 seconds
[2023-10-19T08:41:00.854+0000][21.065s][debug][safepoint     ] Safepoint synchronization initiated. (37 threads)
[2023-10-19T08:41:00.855+0000][21.065s][info ][safepoint     ] Application time: 0.0550915 seconds
[2023-10-19T08:41:00.855+0000][21.066s][info ][safepoint     ] Entering safepoint region: Deoptimize
[2023-10-19T08:41:00.857+0000][21.068s][info ][safepoint     ] Leaving safepoint region
[2023-10-19T08:41:00.858+0000][21.069s][info ][safepoint     ] Total time for which application threads were stopped: 0.0027883 seconds, Stopping threads took: 0.0005798 seconds
[2023-10-19T08:41:01.353+0000][21.564s][debug][safepoint     ] Safepoint synchronization initiated. (41 threads)
[2023-10-19T08:41:01.354+0000][21.565s][info ][safepoint     ] Application time: 0.4952173 seconds
[2023-10-19T08:41:01.354+0000][21.565s][info ][safepoint     ] Entering safepoint region: G1CollectForAllocation
[2023-10-19T08:41:01.355+0000][21.566s][info ][gc,start      ] GC(41) Pause Young (Normal) (G1 Evacuation Pause)
[2023-10-19T08:41:01.356+0000][21.566s][info ][gc,task       ] GC(41) Using 8 workers of 8 for evacuation
[2023-10-19T08:41:01.374+0000][21.585s][info ][gc,phases     ] GC(41)   Pre Evacuate Collection Set: 0.0ms
[2023-10-19T08:41:01.375+0000][21.586s][info ][gc,phases     ] GC(41)   Evacuate Collection Set: 15.0ms
[2023-10-19T08:41:01.376+0000][21.586s][info ][gc,phases     ] GC(41)   Post Evacuate Collection Set: 3.1ms
[2023-10-19T08:41:01.376+0000][21.587s][info ][gc,phases     ] GC(41)   Other: 1.1ms
[2023-10-19T08:41:01.377+0000][21.587s][info ][gc,heap       ] GC(41) Eden regions: 192->0(191)
[2023-10-19T08:41:01.377+0000][21.588s][info ][gc,heap       ] GC(41) Survivor regions: 18->19(27)
[2023-10-19T08:41:01.378+0000][21.588s][info ][gc,heap       ] GC(41) Old regions: 68->72
[2023-10-19T08:41:01.378+0000][21.589s][info ][gc,heap       ] GC(41) Humongous regions: 0->0
[2023-10-19T08:41:01.379+0000][21.589s][info ][gc,metaspace  ] GC(41) Metaspace: 107208K(110288K)->107208K(110288K) NonClass: 94272K(96208K)->94272K(96208K) Class: 12935K(14080K)->12935K(14080K)
[2023-10-19T08:41:01.379+0000][21.590s][info ][gc            ] GC(41) Pause Young (Normal) (G1 Evacuation Pause) 276M->88M(350M) 24.068ms
[2023-10-19T08:41:01.380+0000][21.590s][info ][gc,cpu        ] GC(41) User=0.15s Sys=0.00s Real=0.02s
[2023-10-19T08:41:01.380+0000][21.591s][info ][safepoint     ] Leaving safepoint region
[2023-10-19T08:41:01.381+0000][21.591s][info ][safepoint     ] Total time for which application threads were stopped: 0.0263951 seconds, Stopping threads took: 0.0004944 seconds
[2023-10-19T08:41:01.381+0000][21.592s][info ][gc,stringdedup] Concurrent String Deduplication (21.592s)
[2023-10-19T08:41:01.389+0000][21.600s][info ][gc,stringdedup] Concurrent String Deduplication 482.4K->347.8K(134.6K) avg 49.4% (21.592s, 21.600s) 7.634ms
[2023-10-19T08:41:01.565+0000][21.776s][debug][safepoint     ] Safepoint synchronization initiated. (41 threads)
[2023-10-19T08:41:01.566+0000][21.776s][info ][safepoint     ] Application time: 0.1843641 seconds
[2023-10-19T08:41:01.566+0000][21.777s][info ][safepoint     ] Entering safepoint region: Deoptimize
[2023-10-19T08:41:01.568+0000][21.779s][info ][safepoint     ] Leaving safepoint region
[2023-10-19T08:41:01.568+0000][21.779s][info ][safepoint     ] Total time for which application threads were stopped: 0.0023877 seconds, Stopping threads took: 0.0004816 seconds
[2023-10-19T08:41:01.739+0000][21.949s][debug][safepoint     ] Safepoint synchronization initiated. (41 threads)
[2023-10-19T08:41:01.739+0000][21.950s][info ][safepoint     ] Application time: 0.1703459 seconds
[2023-10-19T08:41:01.740+0000][21.951s][info ][safepoint     ] Entering safepoint region: CollectForMetadataAllocation
[2023-10-19T08:41:01.741+0000][21.951s][info ][gc,start      ] GC(42) Pause Young (Concurrent Start) (Metadata GC Threshold)
[2023-10-19T08:41:01.741+0000][21.952s][info ][gc,task       ] GC(42) Using 8 workers of 8 for evacuation
[2023-10-19T08:41:01.759+0000][21.970s][info ][gc,phases     ] GC(42)   Pre Evacuate Collection Set: 0.4ms
[2023-10-19T08:41:01.760+0000][21.970s][info ][gc,phases     ] GC(42)   Evacuate Collection Set: 12.7ms
[2023-10-19T08:41:01.760+0000][21.971s][info ][gc,phases     ] GC(42)   Post Evacuate Collection Set: 4.0ms
[2023-10-19T08:41:01.761+0000][21.971s][info ][gc,phases     ] GC(42)   Other: 1.1ms
[2023-10-19T08:41:01.762+0000][21.972s][info ][gc,heap       ] GC(42) Eden regions: 32->0(195)
[2023-10-19T08:41:01.762+0000][21.973s][info ][gc,heap       ] GC(42) Survivor regions: 19->15(27)
[2023-10-19T08:41:01.763+0000][21.974s][info ][gc,heap       ] GC(42) Old regions: 72->77
[2023-10-19T08:41:01.764+0000][21.974s][info ][gc,heap       ] GC(42) Humongous regions: 0->0
[2023-10-19T08:41:01.765+0000][21.975s][info ][gc,metaspace  ] GC(42) Metaspace: 108699K(111696K)->108699K(111696K) NonClass: 95602K(97488K)->95602K(97488K) Class: 13097K(14208K)->13097K(14208K)
[2023-10-19T08:41:01.765+0000][21.976s][info ][gc            ] GC(42) Pause Young (Concurrent Start) (Metadata GC Threshold) 119M->89M(350M) 24.456ms
[2023-10-19T08:41:01.766+0000][21.977s][info ][gc,cpu        ] GC(42) User=0.12s Sys=0.00s Real=0.03s
[2023-10-19T08:41:01.767+0000][21.977s][info ][safepoint     ] Leaving safepoint region
[2023-10-19T08:41:01.767+0000][21.978s][info ][safepoint     ] Total time for which application threads were stopped: 0.0276731 seconds, Stopping threads took: 0.0005934 seconds
[2023-10-19T08:41:01.767+0000][21.977s][info ][gc            ] GC(43) Concurrent Cycle
[2023-10-19T08:41:01.769+0000][21.979s][info ][gc,marking    ] GC(43) Concurrent Clear Claimed Marks
[2023-10-19T08:41:01.768+0000][21.979s][info ][gc,stringdedup] Concurrent String Deduplication (21.979s)
[2023-10-19T08:41:01.770+0000][21.980s][info ][gc,marking    ] GC(43) Concurrent Clear Claimed Marks 0.869ms
[2023-10-19T08:41:01.770+0000][21.981s][info ][gc,marking    ] GC(43) Concurrent Scan Root Regions
[2023-10-19T08:41:01.770+0000][21.980s][debug][safepoint     ] Safepoint synchronization initiated. (41 threads)
[2023-10-19T08:41:01.771+0000][21.982s][info ][safepoint     ] Application time: 0.0031132 seconds
[2023-10-19T08:41:01.772+0000][21.982s][info ][safepoint     ] Entering safepoint region: CollectForMetadataAllocation
[2023-10-19T08:41:01.772+0000][21.983s][info ][safepoint     ] Leaving safepoint region
[2023-10-19T08:41:01.773+0000][21.983s][info ][safepoint     ] Total time for which application threads were stopped: 0.0010382 seconds, Stopping threads took: 0.0003833 seconds
[2023-10-19T08:41:01.777+0000][21.987s][info ][gc,stringdedup] Concurrent String Deduplication 489.6K->163.3K(326.3K) avg 50.0% (21.979s, 21.987s) 4.896ms
[2023-10-19T08:41:01.777+0000][21.988s][info ][gc,marking    ] GC(43) Concurrent Scan Root Regions 7.201ms
[2023-10-19T08:41:01.778+0000][21.989s][info ][gc,marking    ] GC(43) Concurrent Mark (21.989s)
[2023-10-19T08:41:01.778+0000][21.989s][info ][gc,marking    ] GC(43) Concurrent Mark From Roots
[2023-10-19T08:41:01.779+0000][21.989s][info ][gc,task       ] GC(43) Using 2 workers of 2 for marking
[2023-10-19T08:41:01.856+0000][22.066s][info ][gc,marking    ] GC(43) Concurrent Mark From Roots 77.265ms
[2023-10-19T08:41:01.856+0000][22.067s][info ][gc,marking    ] GC(43) Concurrent Preclean
[2023-10-19T08:41:01.857+0000][22.067s][info ][gc,marking    ] GC(43) Concurrent Preclean 0.573ms
[2023-10-19T08:41:01.857+0000][22.068s][info ][gc,marking    ] GC(43) Concurrent Mark (21.989s, 22.068s) 79.386ms
[2023-10-19T08:41:01.858+0000][22.069s][debug][safepoint     ] Safepoint synchronization initiated. (40 threads)
[2023-10-19T08:41:01.858+0000][22.069s][info ][safepoint     ] Application time: 0.0852204 seconds
[2023-10-19T08:41:01.859+0000][22.069s][debug][safepoint     ] ... found polling page return exception at pc = 0x00007f0de8d37ee9, stub =0x00007f0de0840600
[2023-10-19T08:41:01.859+0000][22.070s][debug][safepoint     ] Waiting for 1 thread(s) to block
[2023-10-19T08:41:01.860+0000][22.070s][info ][safepoint     ] Entering safepoint region: CGC_Operation
[2023-10-19T08:41:01.860+0000][22.071s][info ][gc,start      ] GC(43) Pause Remark
[2023-10-19T08:41:01.872+0000][22.082s][info ][gc,stringtable] GC(43) Cleaned string and symbol table, strings: 53836 processed, 88 removed, symbols: 305906 processed, 361 removed
[2023-10-19T08:41:01.872+0000][22.083s][info ][gc            ] GC(43) Pause Remark 93M->93M(350M) 12.088ms
[2023-10-19T08:41:01.873+0000][22.084s][info ][gc,cpu        ] GC(43) User=0.07s Sys=0.00s Real=0.02s
[2023-10-19T08:41:01.873+0000][22.084s][info ][safepoint     ] Leaving safepoint region
[2023-10-19T08:41:01.874+0000][22.085s][info ][safepoint     ] Total time for which application threads were stopped: 0.0151328 seconds, Stopping threads took: 0.0014410 seconds
[2023-10-19T08:41:01.875+0000][22.085s][info ][gc,marking    ] GC(43) Concurrent Rebuild Remembered Sets
[2023-10-19T08:41:01.938+0000][22.149s][info ][gc,marking    ] GC(43) Concurrent Rebuild Remembered Sets 63.438ms
[2023-10-19T08:41:01.939+0000][22.149s][debug][safepoint     ] Safepoint synchronization initiated. (40 threads)
[2023-10-19T08:41:01.939+0000][22.150s][info ][safepoint     ] Application time: 0.0645581 seconds
[2023-10-19T08:41:01.940+0000][22.150s][info ][safepoint     ] Entering safepoint region: CGC_Operation
[2023-10-19T08:41:01.940+0000][22.151s][info ][gc,start      ] GC(43) Pause Cleanup
[2023-10-19T08:41:01.941+0000][22.151s][info ][gc            ] GC(43) Pause Cleanup 95M->95M(350M) 0.670ms
[2023-10-19T08:41:01.941+0000][22.152s][info ][gc,cpu        ] GC(43) User=0.00s Sys=0.00s Real=0.00s
[2023-10-19T08:41:01.942+0000][22.152s][info ][safepoint     ] Leaving safepoint region
[2023-10-19T08:41:01.942+0000][22.153s][info ][safepoint     ] Total time for which application threads were stopped: 0.0026458 seconds, Stopping threads took: 0.0004057 seconds
[2023-10-19T08:41:01.943+0000][22.153s][info ][gc,marking    ] GC(43) Concurrent Cleanup for Next Mark
[2023-10-19T08:41:01.944+0000][22.154s][info ][gc,marking    ] GC(43) Concurrent Cleanup for Next Mark 0.971ms
[2023-10-19T08:41:01.944+0000][22.155s][info ][gc            ] GC(43) Concurrent Cycle 177.344ms
[2023-10-19T08:41:02.663+0000][22.873s][debug][safepoint     ] Safepoint synchronization initiated. (42 threads)
[2023-10-19T08:41:02.663+0000][22.874s][info ][safepoint     ] Application time: 0.7207960 seconds
[2023-10-19T08:41:02.664+0000][22.874s][info ][safepoint     ] Entering safepoint region: ICBufferFull
[2023-10-19T08:41:02.664+0000][22.875s][info ][safepoint     ] Leaving safepoint region
[2023-10-19T08:41:02.665+0000][22.876s][info ][safepoint     ] Total time for which application threads were stopped: 0.0011610 seconds, Stopping threads took: 0.0004229 seconds
[2023-10-19T08:41:02.814+0000][23.025s][debug][safepoint     ] Safepoint synchronization initiated. (42 threads)
[2023-10-19T08:41:02.815+0000][23.025s][info ][safepoint     ] Application time: 0.1492708 seconds
[2023-10-19T08:41:02.815+0000][23.026s][info ][safepoint     ] Entering safepoint region: Deoptimize
[2023-10-19T08:41:02.817+0000][23.028s][info ][safepoint     ] Leaving safepoint region
[2023-10-19T08:41:02.818+0000][23.029s][info ][safepoint     ] Total time for which application threads were stopped: 0.0027489 seconds, Stopping threads took: 0.0005156 seconds
[2023-10-19T08:41:02.887+0000][23.098s][debug][safepoint     ] Safepoint synchronization initiated. (42 threads)
[2023-10-19T08:41:02.888+0000][23.099s][info ][safepoint     ] Application time: 0.0697407 seconds
[2023-10-19T08:41:02.889+0000][23.099s][info ][safepoint     ] Entering safepoint region: Deoptimize
[2023-10-19T08:41:02.890+0000][23.101s][info ][safepoint     ] Leaving safepoint region
[2023-10-19T08:41:02.891+0000][23.102s][info ][safepoint     ] Total time for which application threads were stopped: 0.0023300 seconds, Stopping threads took: 0.0003960 seconds
[2023-10-19T08:41:02.906+0000][23.117s][debug][safepoint     ] Safepoint synchronization initiated. (42 threads)
[2023-10-19T08:41:02.906+0000][23.117s][info ][safepoint     ] Application time: 0.0149314 seconds
[2023-10-19T08:41:02.907+0000][23.118s][info ][safepoint     ] Entering safepoint region: G1CollectForAllocation
[2023-10-19T08:41:02.908+0000][23.118s][info ][gc,start      ] GC(44) Pause Young (Normal) (G1 Evacuation Pause)
[2023-10-19T08:41:02.908+0000][23.119s][info ][gc,task       ] GC(44) Using 8 workers of 8 for evacuation
[2023-10-19T08:41:02.934+0000][23.144s][info ][gc,phases     ] GC(44)   Pre Evacuate Collection Set: 0.0ms
[2023-10-19T08:41:02.934+0000][23.145s][info ][gc,phases     ] GC(44)   Evacuate Collection Set: 21.8ms
[2023-10-19T08:41:02.934+0000][23.145s][info ][gc,phases     ] GC(44)   Post Evacuate Collection Set: 3.0ms
[2023-10-19T08:41:02.935+0000][23.146s][info ][gc,phases     ] GC(44)   Other: 1.2ms
[2023-10-19T08:41:02.935+0000][23.146s][info ][gc,heap       ] GC(44) Eden regions: 195->0(191)
[2023-10-19T08:41:02.936+0000][23.146s][info ][gc,heap       ] GC(44) Survivor regions: 15->19(27)
[2023-10-19T08:41:02.936+0000][23.147s][info ][gc,heap       ] GC(44) Old regions: 77->77
[2023-10-19T08:41:02.936+0000][23.147s][info ][gc,heap       ] GC(44) Humongous regions: 0->0
[2023-10-19T08:41:02.937+0000][23.148s][info ][gc,metaspace  ] GC(44) Metaspace: 114193K(117456K)->114193K(117456K) NonClass: 100610K(102608K)->100610K(102608K) Class: 13582K(14848K)->13582K(14848K)
[2023-10-19T08:41:02.937+0000][23.148s][info ][gc            ] GC(44) Pause Young (Normal) (G1 Evacuation Pause) 284M->93M(350M) 29.520ms
[2023-10-19T08:41:02.937+0000][23.148s][info ][gc,cpu        ] GC(44) User=0.21s Sys=0.00s Real=0.03s
[2023-10-19T08:41:02.938+0000][23.149s][info ][safepoint     ] Leaving safepoint region
[2023-10-19T08:41:02.938+0000][23.149s][info ][safepoint     ] Total time for which application threads were stopped: 0.0313973 seconds, Stopping threads took: 0.0005048 seconds
[2023-10-19T08:41:02.939+0000][23.150s][info ][gc,stringdedup] Concurrent String Deduplication (23.150s)
[2023-10-19T08:41:02.943+0000][23.154s][info ][gc,stringdedup] Concurrent String Deduplication 316.2K->145.0K(171.2K) avg 50.1% (23.150s, 23.154s) 4.012ms
[2023-10-19T08:41:02.962+0000][23.173s][debug][safepoint     ] Safepoint synchronization initiated. (42 threads)
[2023-10-19T08:41:02.963+0000][23.174s][info ][safepoint     ] Application time: 0.0243451 seconds
[2023-10-19T08:41:02.964+0000][23.175s][info ][safepoint     ] Entering safepoint region: Deoptimize
[2023-10-19T08:41:02.966+0000][23.177s][info ][safepoint     ] Leaving safepoint region
[2023-10-19T08:41:02.967+0000][23.177s][info ][safepoint     ] Total time for which application threads were stopped: 0.0027930 seconds, Stopping threads took: 0.0005042 seconds
[2023-10-19T08:41:03.004+0000][23.215s][debug][safepoint     ] Safepoint synchronization initiated. (42 threads)
[2023-10-19T08:41:03.005+0000][23.215s][info ][safepoint     ] Application time: 0.0374974 seconds
[2023-10-19T08:41:03.005+0000][23.216s][info ][safepoint     ] Entering safepoint region: Deoptimize
[2023-10-19T08:41:03.007+0000][23.218s][info ][safepoint     ] Leaving safepoint region
[2023-10-19T08:41:03.008+0000][23.219s][info ][safepoint     ] Total time for which application threads were stopped: 0.0028073 seconds, Stopping threads took: 0.0004374 seconds
[2023-10-19T08:41:03.166+0000][23.376s][debug][safepoint     ] Safepoint synchronization initiated. (42 threads)
[2023-10-19T08:41:03.166+0000][23.377s][info ][safepoint     ] Application time: 0.1578621 seconds
[2023-10-19T08:41:03.166+0000][23.377s][info ][safepoint     ] Entering safepoint region: Deoptimize
[2023-10-19T08:41:03.168+0000][23.379s][info ][safepoint     ] Leaving safepoint region
[2023-10-19T08:41:03.169+0000][23.380s][info ][safepoint     ] Total time for which application threads were stopped: 0.0023615 seconds, Stopping threads took: 0.0003758 seconds
[2023-10-19T08:41:03.170+0000][23.381s][debug][safepoint     ] Safepoint synchronization initiated. (42 threads)
[2023-10-19T08:41:03.171+0000][23.382s][info ][safepoint     ] Application time: 0.0016082 seconds
[2023-10-19T08:41:03.171+0000][23.382s][info ][safepoint     ] Entering safepoint region: Deoptimize
[2023-10-19T08:41:03.173+0000][23.384s][info ][safepoint     ] Leaving safepoint region
[2023-10-19T08:41:03.173+0000][23.384s][info ][safepoint     ] Total time for which application threads were stopped: 0.0023169 seconds, Stopping threads took: 0.0003692 seconds
[2023-10-19T08:41:03.929+0000][24.140s][debug][safepoint     ] Safepoint synchronization initiated. (42 threads)
[2023-10-19T08:41:03.930+0000][24.141s][info ][safepoint     ] Application time: 0.7559988 seconds
[2023-10-19T08:41:03.930+0000][24.141s][info ][safepoint     ] Entering safepoint region: Deoptimize
[2023-10-19T08:41:03.933+0000][24.144s][info ][safepoint     ] Leaving safepoint region
[2023-10-19T08:41:03.933+0000][24.144s][info ][safepoint     ] Total time for which application threads were stopped: 0.0030961 seconds, Stopping threads took: 0.0004655 seconds
[2023-10-19T08:41:04.037+0000][24.248s][debug][safepoint     ] Safepoint synchronization initiated. (42 threads)
[2023-10-19T08:41:04.038+0000][24.248s][info ][safepoint     ] Application time: 0.1039073 seconds
[2023-10-19T08:41:04.038+0000][24.249s][info ][safepoint     ] Entering safepoint region: G1CollectForAllocation
[2023-10-19T08:41:04.039+0000][24.249s][info ][gc,start      ] GC(45) Pause Young (Normal) (G1 Evacuation Pause)
[2023-10-19T08:41:04.039+0000][24.250s][info ][gc,task       ] GC(45) Using 8 workers of 8 for evacuation
[2023-10-19T08:41:04.069+0000][24.280s][info ][gc,phases     ] GC(45)   Pre Evacuate Collection Set: 0.0ms
[2023-10-19T08:41:04.069+0000][24.280s][info ][gc,phases     ] GC(45)   Evacuate Collection Set: 26.5ms
[2023-10-19T08:41:04.070+0000][24.281s][info ][gc,phases     ] GC(45)   Post Evacuate Collection Set: 3.1ms
[2023-10-19T08:41:04.070+0000][24.281s][info ][gc,phases     ] GC(45)   Other: 0.9ms
[2023-10-19T08:41:04.071+0000][24.281s][info ][gc,heap       ] GC(45) Eden regions: 191->0(195)
[2023-10-19T08:41:04.071+0000][24.282s][info ][gc,heap       ] GC(45) Survivor regions: 19->15(27)
[2023-10-19T08:41:04.071+0000][24.282s][info ][gc,heap       ] GC(45) Old regions: 77->85
[2023-10-19T08:41:04.072+0000][24.283s][info ][gc,heap       ] GC(45) Humongous regions: 0->0
[2023-10-19T08:41:04.072+0000][24.283s][info ][gc,metaspace  ] GC(45) Metaspace: 121101K(124752K)->121101K(124752K) NonClass: 106656K(109008K)->106656K(109008K) Class: 14445K(15744K)->14445K(15744K)
[2023-10-19T08:41:04.072+0000][24.283s][info ][gc            ] GC(45) Pause Young (Normal) (G1 Evacuation Pause) 284M->97M(350M) 33.947ms
[2023-10-19T08:41:04.073+0000][24.284s][info ][gc,cpu        ] GC(45) User=0.25s Sys=0.00s Real=0.04s
[2023-10-19T08:41:04.073+0000][24.284s][info ][safepoint     ] Leaving safepoint region
[2023-10-19T08:41:04.074+0000][24.284s][info ][safepoint     ] Total time for which application threads were stopped: 0.0355761 seconds, Stopping threads took: 0.0003549 seconds
[2023-10-19T08:41:04.074+0000][24.285s][info ][gc,stringdedup] Concurrent String Deduplication (24.285s)
[2023-10-19T08:41:04.077+0000][24.288s][info ][gc,stringdedup] Concurrent String Deduplication 102.5K->22392.0B(82592.0B) avg 50.3% (24.285s, 24.287s) 2.510ms
[2023-10-19T08:41:04.217+0000][24.428s][debug][safepoint     ] Safepoint synchronization initiated. (42 threads)
[2023-10-19T08:41:04.218+0000][24.429s][info ][safepoint     ] Application time: 0.1438637 seconds
[2023-10-19T08:41:04.218+0000][24.429s][info ][safepoint     ] Entering safepoint region: Deoptimize
[2023-10-19T08:41:04.221+0000][24.431s][info ][safepoint     ] Leaving safepoint region
[2023-10-19T08:41:04.221+0000][24.432s][info ][safepoint     ] Total time for which application threads were stopped: 0.0025509 seconds, Stopping threads took: 0.0003986 seconds
[2023-10-19T08:41:05.072+0000][25.282s][debug][safepoint     ] Safepoint synchronization initiated. (43 threads)
[2023-10-19T08:41:05.072+0000][25.283s][info ][safepoint     ] Application time: 0.8510215 seconds
[2023-10-19T08:41:05.073+0000][25.284s][info ][safepoint     ] Entering safepoint region: G1CollectForAllocation
[2023-10-19T08:41:05.074+0000][25.284s][info ][gc,start      ] GC(46) Pause Young (Normal) (G1 Evacuation Pause)
[2023-10-19T08:41:05.074+0000][25.285s][info ][gc,task       ] GC(46) Using 8 workers of 8 for evacuation
[2023-10-19T08:41:05.094+0000][25.305s][info ][gc,phases     ] GC(46)   Pre Evacuate Collection Set: 0.0ms
[2023-10-19T08:41:05.094+0000][25.305s][info ][gc,phases     ] GC(46)   Evacuate Collection Set: 16.2ms
[2023-10-19T08:41:05.095+0000][25.306s][info ][gc,phases     ] GC(46)   Post Evacuate Collection Set: 3.0ms
[2023-10-19T08:41:05.095+0000][25.306s][info ][gc,phases     ] GC(46)   Other: 0.9ms
[2023-10-19T08:41:05.096+0000][25.306s][info ][gc,heap       ] GC(46) Eden regions: 195->0(186)
[2023-10-19T08:41:05.096+0000][25.307s][info ][gc,heap       ] GC(46) Survivor regions: 15->22(27)
[2023-10-19T08:41:05.096+0000][25.307s][info ][gc,heap       ] GC(46) Old regions: 85->85
[2023-10-19T08:41:05.097+0000][25.308s][info ][gc,heap       ] GC(46) Humongous regions: 0->0
[2023-10-19T08:41:05.097+0000][25.308s][info ][gc,metaspace  ] GC(46) Metaspace: 126025K(129488K)->126025K(129488K) NonClass: 111214K(113360K)->111214K(113360K) Class: 14810K(16128K)->14810K(16128K)
[2023-10-19T08:41:05.098+0000][25.308s][info ][gc            ] GC(46) Pause Young (Normal) (G1 Evacuation Pause) 292M->104M(350M) 23.995ms
[2023-10-19T08:41:05.098+0000][25.309s][info ][gc,cpu        ] GC(46) User=0.14s Sys=0.00s Real=0.02s
[2023-10-19T08:41:05.100+0000][25.310s][info ][safepoint     ] Leaving safepoint region
[2023-10-19T08:41:05.100+0000][25.311s][info ][safepoint     ] Total time for which application threads were stopped: 0.0271495 seconds, Stopping threads took: 0.0004242 seconds
[2023-10-19T08:41:05.101+0000][25.311s][info ][gc,stringdedup] Concurrent String Deduplication (25.311s)
[2023-10-19T08:41:05.105+0000][25.316s][info ][gc,stringdedup] Concurrent String Deduplication 469.2K->153.9K(315.3K) avg 50.8% (25.311s, 25.316s) 4.884ms
[2023-10-19T08:41:05.657+0000][25.868s][debug][safepoint     ] Safepoint synchronization initiated. (47 threads)
[2023-10-19T08:41:05.658+0000][25.868s][info ][safepoint     ] Application time: 0.5570791 seconds
[2023-10-19T08:41:05.658+0000][25.869s][info ][safepoint     ] Entering safepoint region: Deoptimize
[2023-10-19T08:41:05.660+0000][25.871s][info ][safepoint     ] Leaving safepoint region
[2023-10-19T08:41:05.660+0000][25.871s][info ][safepoint     ] Total time for which application threads were stopped: 0.0022342 seconds, Stopping threads took: 0.0003451 seconds
[2023-10-19T08:41:06.374+0000][26.585s][debug][safepoint     ] Safepoint synchronization initiated. (53 threads)
[2023-10-19T08:41:06.375+0000][26.586s][info ][safepoint     ] Application time: 0.7145830 seconds
[2023-10-19T08:41:06.376+0000][26.586s][info ][safepoint     ] Entering safepoint region: ICBufferFull
[2023-10-19T08:41:06.376+0000][26.587s][info ][safepoint     ] Leaving safepoint region
[2023-10-19T08:41:06.377+0000][26.588s][info ][safepoint     ] Total time for which application threads were stopped: 0.0013407 seconds, Stopping threads took: 0.0004711 seconds
[2023-10-19T08:41:06.499+0000][26.710s][debug][safepoint     ] Safepoint synchronization initiated. (53 threads)
[2023-10-19T08:41:06.500+0000][26.711s][info ][safepoint     ] Application time: 0.1222747 seconds
[2023-10-19T08:41:06.500+0000][26.711s][info ][safepoint     ] Entering safepoint region: Deoptimize
[2023-10-19T08:41:06.503+0000][26.713s][info ][safepoint     ] Leaving safepoint region
[2023-10-19T08:41:06.503+0000][26.714s][info ][safepoint     ] Total time for which application threads were stopped: 0.0027904 seconds, Stopping threads took: 0.0003796 seconds
[2023-10-19T08:41:06.505+0000][26.716s][debug][safepoint     ] Safepoint synchronization initiated. (58 threads)
[2023-10-19T08:41:06.506+0000][26.716s][info ][safepoint     ] Application time: 0.0021987 seconds
[2023-10-19T08:41:06.506+0000][26.717s][info ][safepoint     ] Entering safepoint region: G1CollectForAllocation
[2023-10-19T08:41:06.507+0000][26.717s][info ][gc,start      ] GC(47) Pause Young (Normal) (G1 Evacuation Pause)
[2023-10-19T08:41:06.507+0000][26.718s][info ][gc,task       ] GC(47) Using 8 workers of 8 for evacuation
[2023-10-19T08:41:06.526+0000][26.737s][info ][gc,phases     ] GC(47)   Pre Evacuate Collection Set: 0.0ms
[2023-10-19T08:41:06.526+0000][26.737s][info ][gc,phases     ] GC(47)   Evacuate Collection Set: 15.6ms
[2023-10-19T08:41:06.527+0000][26.738s][info ][gc,phases     ] GC(47)   Post Evacuate Collection Set: 2.8ms
[2023-10-19T08:41:06.527+0000][26.738s][info ][gc,phases     ] GC(47)   Other: 0.8ms
[2023-10-19T08:41:06.528+0000][26.738s][info ][gc,heap       ] GC(47) Eden regions: 186->0(185)
[2023-10-19T08:41:06.528+0000][26.739s][info ][gc,heap       ] GC(47) Survivor regions: 22->18(26)
[2023-10-19T08:41:06.528+0000][26.739s][info ][gc,heap       ] GC(47) Old regions: 85->94
[2023-10-19T08:41:06.529+0000][26.740s][info ][gc,heap       ] GC(47) Humongous regions: 0->0
[2023-10-19T08:41:06.529+0000][26.740s][info ][gc,metaspace  ] GC(47) Metaspace: 133928K(137808K)->133928K(137808K) NonClass: 118332K(120784K)->118332K(120784K) Class: 15596K(17024K)->15596K(17024K)
[2023-10-19T08:41:06.530+0000][26.740s][info ][gc            ] GC(47) Pause Young (Normal) (G1 Evacuation Pause) 290M->109M(350M) 23.052ms
[2023-10-19T08:41:06.530+0000][26.741s][info ][gc,cpu        ] GC(47) User=0.14s Sys=0.00s Real=0.02s
[2023-10-19T08:41:06.530+0000][26.741s][info ][safepoint     ] Leaving safepoint region
[2023-10-19T08:41:06.531+0000][26.742s][info ][safepoint     ] Total time for which application threads were stopped: 0.0247237 seconds, Stopping threads took: 0.0003471 seconds
[2023-10-19T08:41:06.531+0000][26.742s][info ][gc,stringdedup] Concurrent String Deduplication (26.742s)
[2023-10-19T08:41:06.534+0000][26.745s][info ][gc,stringdedup] Concurrent String Deduplication 200.1K->71816.0B(129.9K) avg 51.0% (26.742s, 26.745s) 3.029ms
[2023-10-19T08:41:07.111+0000][27.322s][debug][safepoint     ] Safepoint synchronization initiated. (65 threads)
[2023-10-19T08:41:07.112+0000][27.323s][info ][safepoint     ] Application time: 0.5808400 seconds
[2023-10-19T08:41:07.112+0000][27.323s][info ][safepoint     ] Entering safepoint region: Deoptimize
[2023-10-19T08:41:07.115+0000][27.325s][info ][safepoint     ] Leaving safepoint region
[2023-10-19T08:41:07.115+0000][27.326s][info ][safepoint     ] Total time for which application threads were stopped: 0.0027026 seconds, Stopping threads took: 0.0004069 seconds
[2023-10-19T08:41:07.116+0000][27.327s][debug][safepoint     ] Safepoint synchronization initiated. (65 threads)
[2023-10-19T08:41:07.116+0000][27.327s][info ][safepoint     ] Application time: 0.0006640 seconds
[2023-10-19T08:41:07.117+0000][27.327s][info ][safepoint     ] Entering safepoint region: Deoptimize
[2023-10-19T08:41:07.119+0000][27.329s][info ][safepoint     ] Leaving safepoint region
[2023-10-19T08:41:07.119+0000][27.330s][info ][safepoint     ] Total time for which application threads were stopped: 0.0025209 seconds, Stopping threads took: 0.0004352 seconds
[2023-10-19T08:41:07.121+0000][27.332s][debug][safepoint     ] Safepoint synchronization initiated. (65 threads)
[2023-10-19T08:41:07.122+0000][27.332s][info ][safepoint     ] Application time: 0.0021241 seconds
[2023-10-19T08:41:07.122+0000][27.333s][info ][safepoint     ] Entering safepoint region: Deoptimize
[2023-10-19T08:41:07.124+0000][27.335s][info ][safepoint     ] Leaving safepoint region
[2023-10-19T08:41:07.125+0000][27.336s][info ][safepoint     ] Total time for which application threads were stopped: 0.0026638 seconds, Stopping threads took: 0.0005712 seconds
[2023-10-19T08:41:07.153+0000][27.363s][debug][safepoint     ] Safepoint synchronization initiated. (65 threads)
[2023-10-19T08:41:07.153+0000][27.364s][info ][safepoint     ] Application time: 0.0279002 seconds
[2023-10-19T08:41:07.154+0000][27.365s][info ][safepoint     ] Entering safepoint region: Deoptimize
[2023-10-19T08:41:07.156+0000][27.367s][info ][safepoint     ] Leaving safepoint region
[2023-10-19T08:41:07.157+0000][27.367s][info ][safepoint     ] Total time for which application threads were stopped: 0.0028718 seconds, Stopping threads took: 0.0004267 seconds
[2023-10-19T08:41:07.279+0000][27.489s][debug][safepoint     ] Safepoint synchronization initiated. (65 threads)
[2023-10-19T08:41:07.279+0000][27.490s][info ][safepoint     ] Application time: 0.1222701 seconds
[2023-10-19T08:41:07.280+0000][27.491s][info ][safepoint     ] Entering safepoint region: G1CollectForAllocation
[2023-10-19T08:41:07.281+0000][27.491s][info ][gc,start      ] GC(48) Pause Young (Normal) (G1 Evacuation Pause)
[2023-10-19T08:41:07.281+0000][27.492s][info ][gc,task       ] GC(48) Using 8 workers of 8 for evacuation
[2023-10-19T08:41:07.298+0000][27.508s][info ][gc,phases     ] GC(48)   Pre Evacuate Collection Set: 0.0ms
[2023-10-19T08:41:07.298+0000][27.509s][info ][gc,phases     ] GC(48)   Evacuate Collection Set: 13.1ms
[2023-10-19T08:41:07.299+0000][27.510s][info ][gc,phases     ] GC(48)   Post Evacuate Collection Set: 3.0ms
[2023-10-19T08:41:07.300+0000][27.510s][info ][gc,phases     ] GC(48)   Other: 1.0ms
[2023-10-19T08:41:07.300+0000][27.511s][info ][gc,heap       ] GC(48) Eden regions: 185->0(181)
[2023-10-19T08:41:07.300+0000][27.511s][info ][gc,heap       ] GC(48) Survivor regions: 18->18(26)
[2023-10-19T08:41:07.301+0000][27.512s][info ][gc,heap       ] GC(48) Old regions: 94->98
[2023-10-19T08:41:07.301+0000][27.512s][info ][gc,heap       ] GC(48) Humongous regions: 0->0
[2023-10-19T08:41:07.302+0000][27.513s][info ][gc,metaspace  ] GC(48) Metaspace: 136540K(140368K)->136540K(140368K) NonClass: 120647K(123088K)->120647K(123088K) Class: 15892K(17280K)->15892K(17280K)
[2023-10-19T08:41:07.302+0000][27.513s][info ][gc            ] GC(48) Pause Young (Normal) (G1 Evacuation Pause) 294M->113M(350M) 21.674ms
[2023-10-19T08:41:07.303+0000][27.513s][info ][gc,cpu        ] GC(48) User=0.14s Sys=0.00s Real=0.03s
[2023-10-19T08:41:07.303+0000][27.514s][info ][safepoint     ] Leaving safepoint region
[2023-10-19T08:41:07.304+0000][27.515s][info ][safepoint     ] Total time for which application threads were stopped: 0.0243671 seconds, Stopping threads took: 0.0005600 seconds
[2023-10-19T08:41:07.305+0000][27.516s][info ][gc,stringdedup] Concurrent String Deduplication (27.516s)
[2023-10-19T08:41:07.309+0000][27.520s][info ][gc,stringdedup] Concurrent String Deduplication 421.7K->57776.0B(365.2K) avg 51.9% (27.516s, 27.520s) 4.176ms
[2023-10-19T08:41:07.372+0000][27.582s][debug][safepoint     ] Safepoint synchronization initiated. (65 threads)
[2023-10-19T08:41:07.372+0000][27.583s][info ][safepoint     ] Application time: 0.0673532 seconds
[2023-10-19T08:41:07.373+0000][27.584s][info ][safepoint     ] Entering safepoint region: Deoptimize
[2023-10-19T08:41:07.375+0000][27.586s][info ][safepoint     ] Leaving safepoint region
[2023-10-19T08:41:07.375+0000][27.586s][info ][safepoint     ] Total time for which application threads were stopped: 0.0023622 seconds, Stopping threads took: 0.0003721 seconds
[2023-10-19T08:41:08.076+0000][28.287s][debug][safepoint     ] Safepoint synchronization initiated. (65 threads)
[2023-10-19T08:41:08.077+0000][28.288s][info ][safepoint     ] Application time: 0.7015526 seconds
[2023-10-19T08:41:08.078+0000][28.288s][info ][safepoint     ] Entering safepoint region: G1CollectForAllocation
[2023-10-19T08:41:08.078+0000][28.289s][info ][gc,start      ] GC(49) Pause Young (Normal) (G1 Evacuation Pause)
[2023-10-19T08:41:08.079+0000][28.290s][info ][gc,task       ] GC(49) Using 8 workers of 8 for evacuation
[2023-10-19T08:41:08.115+0000][28.326s][info ][gc,phases     ] GC(49)   Pre Evacuate Collection Set: 0.0ms
[2023-10-19T08:41:08.115+0000][28.326s][info ][gc,phases     ] GC(49)   Evacuate Collection Set: 30.3ms
[2023-10-19T08:41:08.116+0000][28.327s][info ][gc,phases     ] GC(49)   Post Evacuate Collection Set: 4.7ms
[2023-10-19T08:41:08.116+0000][28.327s][info ][gc,phases     ] GC(49)   Other: 1.2ms
[2023-10-19T08:41:08.117+0000][28.328s][info ][gc,heap       ] GC(49) Eden regions: 181->0(184)
[2023-10-19T08:41:08.117+0000][28.328s][info ][gc,heap       ] GC(49) Survivor regions: 18->13(25)
[2023-10-19T08:41:08.118+0000][28.329s][info ][gc,heap       ] GC(49) Old regions: 98->104
[2023-10-19T08:41:08.118+0000][28.329s][info ][gc,heap       ] GC(49) Humongous regions: 0->0
[2023-10-19T08:41:08.119+0000][28.329s][info ][gc,metaspace  ] GC(49) Metaspace: 138500K(142288K)->138500K(142288K) NonClass: 122317K(124624K)->122317K(124624K) Class: 16182K(17664K)->16182K(17664K)
[2023-10-19T08:41:08.119+0000][28.330s][info ][gc            ] GC(49) Pause Young (Normal) (G1 Evacuation Pause) 294M->115M(350M) 40.658ms
[2023-10-19T08:41:08.120+0000][28.330s][info ][gc,cpu        ] GC(49) User=0.28s Sys=0.00s Real=0.04s
[2023-10-19T08:41:08.120+0000][28.331s][info ][safepoint     ] Leaving safepoint region
[2023-10-19T08:41:08.121+0000][28.331s][info ][safepoint     ] Total time for which application threads were stopped: 0.0429936 seconds, Stopping threads took: 0.0004887 seconds
[2023-10-19T08:41:08.121+0000][28.332s][info ][gc,stringdedup] Concurrent String Deduplication (28.332s)
[2023-10-19T08:41:08.129+0000][28.340s][info ][gc,stringdedup] Concurrent String Deduplication 442.5K->153.5K(289.0K) avg 52.3% (28.332s, 28.340s) 7.949ms
[2023-10-19T08:41:08.252+0000][28.463s][debug][safepoint     ] Safepoint synchronization initiated. (65 threads)
[2023-10-19T08:41:08.252+0000][28.463s][info ][safepoint     ] Application time: 0.1315218 seconds
[2023-10-19T08:41:08.253+0000][28.464s][info ][safepoint     ] Entering safepoint region: Deoptimize
[2023-10-19T08:41:08.255+0000][28.466s][info ][safepoint     ] Leaving safepoint region
[2023-10-19T08:41:08.255+0000][28.466s][info ][safepoint     ] Total time for which application threads were stopped: 0.0023234 seconds, Stopping threads took: 0.0003369 seconds
[2023-10-19T08:41:08.286+0000][28.497s][debug][safepoint     ] Safepoint synchronization initiated. (65 threads)
[2023-10-19T08:41:08.287+0000][28.498s][info ][safepoint     ] Application time: 0.0311766 seconds
[2023-10-19T08:41:08.287+0000][28.498s][info ][safepoint     ] Entering safepoint region: Deoptimize
[2023-10-19T08:41:08.289+0000][28.500s][info ][safepoint     ] Leaving safepoint region
[2023-10-19T08:41:08.290+0000][28.500s][info ][safepoint     ] Total time for which application threads were stopped: 0.0024058 seconds, Stopping threads took: 0.0003214 seconds
[2023-10-19T08:41:08.659+0000][28.870s][debug][safepoint     ] Safepoint synchronization initiated. (65 threads)
[2023-10-19T08:41:08.660+0000][28.870s][info ][safepoint     ] Application time: 0.3697231 seconds
[2023-10-19T08:41:08.660+0000][28.871s][info ][safepoint     ] Entering safepoint region: Deoptimize
[2023-10-19T08:41:08.663+0000][28.873s][info ][safepoint     ] Leaving safepoint region
[2023-10-19T08:41:08.663+0000][28.874s][info ][safepoint     ] Total time for which application threads were stopped: 0.0031084 seconds, Stopping threads took: 0.0004287 seconds
[2023-10-19T08:41:08.730+0000][28.941s][debug][safepoint     ] Safepoint synchronization initiated. (65 threads)
[2023-10-19T08:41:08.731+0000][28.941s][info ][safepoint     ] Application time: 0.0668808 seconds
[2023-10-19T08:41:08.731+0000][28.942s][info ][safepoint     ] Entering safepoint region: Deoptimize
[2023-10-19T08:41:08.733+0000][28.944s][info ][safepoint     ] Leaving safepoint region
[2023-10-19T08:41:08.734+0000][28.945s][info ][safepoint     ] Total time for which application threads were stopped: 0.0028066 seconds, Stopping threads took: 0.0005293 seconds
[2023-10-19T08:41:08.960+0000][29.171s][debug][safepoint     ] Safepoint synchronization initiated. (65 threads)
[2023-10-19T08:41:08.961+0000][29.172s][info ][safepoint     ] Application time: 0.2266295 seconds
[2023-10-19T08:41:08.961+0000][29.172s][info ][safepoint     ] Entering safepoint region: G1CollectForAllocation
[2023-10-19T08:41:08.962+0000][29.173s][info ][gc,start      ] GC(50) Pause Young (Normal) (G1 Evacuation Pause)
[2023-10-19T08:41:08.963+0000][29.173s][info ][gc,task       ] GC(50) Using 8 workers of 8 for evacuation
[2023-10-19T08:41:08.986+0000][29.197s][info ][gc,phases     ] GC(50)   Pre Evacuate Collection Set: 0.0ms
[2023-10-19T08:41:08.986+0000][29.197s][info ][gc,phases     ] GC(50)   Evacuate Collection Set: 18.5ms
[2023-10-19T08:41:08.987+0000][29.198s][info ][gc,phases     ] GC(50)   Post Evacuate Collection Set: 3.9ms
[2023-10-19T08:41:08.988+0000][29.199s][info ][gc,phases     ] GC(50)   Other: 1.1ms
[2023-10-19T08:41:08.988+0000][29.199s][info ][gc,heap       ] GC(50) Eden regions: 184->0(183)
[2023-10-19T08:41:08.989+0000][29.200s][info ][gc,heap       ] GC(50) Survivor regions: 13->14(25)
[2023-10-19T08:41:08.990+0000][29.201s][info ][gc,heap       ] GC(50) Old regions: 104->104
[2023-10-19T08:41:08.990+0000][29.201s][info ][gc,heap       ] GC(50) Humongous regions: 0->0
[2023-10-19T08:41:08.991+0000][29.202s][info ][gc,metaspace  ] GC(50) Metaspace: 140473K(144464K)->140473K(144464K) NonClass: 123991K(126416K)->123991K(126416K) Class: 16481K(18048K)->16481K(18048K)
[2023-10-19T08:41:08.992+0000][29.202s][info ][gc            ] GC(50) Pause Young (Normal) (G1 Evacuation Pause) 299M->116M(350M) 29.473ms
[2023-10-19T08:41:08.992+0000][29.203s][info ][gc,cpu        ] GC(50) User=0.16s Sys=0.01s Real=0.03s
[2023-10-19T08:41:08.993+0000][29.203s][info ][safepoint     ] Leaving safepoint region
[2023-10-19T08:41:08.993+0000][29.204s][info ][safepoint     ] Total time for which application threads were stopped: 0.0316656 seconds, Stopping threads took: 0.0004706 seconds
[2023-10-19T08:41:08.994+0000][29.204s][info ][gc,stringdedup] Concurrent String Deduplication (29.204s)
[2023-10-19T08:41:08.997+0000][29.208s][info ][gc,stringdedup] Concurrent String Deduplication 302.3K->178.5K(123.8K) avg 52.1% (29.204s, 29.208s) 3.298ms
[2023-10-19T08:41:09.569+0000][29.780s][debug][safepoint     ] Safepoint synchronization initiated. (74 threads)
[2023-10-19T08:41:09.570+0000][29.780s][info ][safepoint     ] Application time: 0.5761128 seconds
[2023-10-19T08:41:09.570+0000][29.781s][info ][safepoint     ] Entering safepoint region: Deoptimize
[2023-10-19T08:41:09.572+0000][29.783s][info ][safepoint     ] Leaving safepoint region
[2023-10-19T08:41:09.573+0000][29.783s][info ][safepoint     ] Total time for which application threads were stopped: 0.0024911 seconds, Stopping threads took: 0.0004533 seconds
[2023-10-19T08:41:09.667+0000][29.878s][debug][safepoint     ] Safepoint synchronization initiated. (86 threads)
[2023-10-19T08:41:09.668+0000][29.878s][info ][safepoint     ] Application time: 0.0947000 seconds
[2023-10-19T08:41:09.668+0000][29.879s][info ][safepoint     ] Entering safepoint region: G1CollectForAllocation
[2023-10-19T08:41:09.669+0000][29.880s][info ][gc,start      ] GC(51) Pause Young (Normal) (G1 Evacuation Pause)
[2023-10-19T08:41:09.670+0000][29.880s][info ][gc,task       ] GC(51) Using 8 workers of 8 for evacuation
[2023-10-19T08:41:09.688+0000][29.899s][info ][gc,phases     ] GC(51)   Pre Evacuate Collection Set: 0.0ms
[2023-10-19T08:41:09.689+0000][29.900s][info ][gc,phases     ] GC(51)   Evacuate Collection Set: 13.6ms
[2023-10-19T08:41:09.690+0000][29.900s][info ][gc,phases     ] GC(51)   Post Evacuate Collection Set: 4.5ms
[2023-10-19T08:41:09.690+0000][29.901s][info ][gc,phases     ] GC(51)   Other: 1.2ms
[2023-10-19T08:41:09.691+0000][29.901s][info ][gc,heap       ] GC(51) Eden regions: 183->0(181)
[2023-10-19T08:41:09.691+0000][29.902s][info ][gc,heap       ] GC(51) Survivor regions: 14->12(25)
[2023-10-19T08:41:09.692+0000][29.903s][info ][gc,heap       ] GC(51) Old regions: 104->110
[2023-10-19T08:41:09.693+0000][29.903s][info ][gc,heap       ] GC(51) Humongous regions: 0->0
[2023-10-19T08:41:09.693+0000][29.904s][info ][gc,metaspace  ] GC(51) Metaspace: 142951K(147024K)->142951K(147024K) NonClass: 126152K(128720K)->126152K(128720K) Class: 16798K(18304K)->16798K(18304K)
[2023-10-19T08:41:09.694+0000][29.904s][info ][gc            ] GC(51) Pause Young (Normal) (G1 Evacuation Pause) 299M->119M(350M) 24.588ms
[2023-10-19T08:41:09.694+0000][29.905s][info ][gc,cpu        ] GC(51) User=0.15s Sys=0.00s Real=0.03s
[2023-10-19T08:41:09.695+0000][29.905s][info ][safepoint     ] Leaving safepoint region
[2023-10-19T08:41:09.695+0000][29.906s][info ][safepoint     ] Total time for which application threads were stopped: 0.0269956 seconds, Stopping threads took: 0.0005296 seconds
[2023-10-19T08:41:09.696+0000][29.906s][info ][gc,stringdedup] Concurrent String Deduplication (29.906s)
[2023-10-19T08:41:09.698+0000][29.909s][info ][gc,stringdedup] Concurrent String Deduplication 200.9K->83304.0B(119.6K) avg 52.2% (29.906s, 29.909s) 2.249ms
[2023-10-19T08:41:09.922+0000][30.133s][debug][safepoint     ] Safepoint synchronization initiated. (86 threads)
[2023-10-19T08:41:09.923+0000][30.133s][info ][safepoint     ] Application time: 0.2270268 seconds
[2023-10-19T08:41:09.923+0000][30.134s][debug][safepoint     ] Waiting for 2 thread(s) to block
[2023-10-19T08:41:09.924+0000][30.135s][info ][safepoint     ] Entering safepoint region: ICBufferFull
[2023-10-19T08:41:09.925+0000][30.135s][info ][safepoint     ] Leaving safepoint region
[2023-10-19T08:41:09.925+0000][30.136s][info ][safepoint     ] Total time for which application threads were stopped: 0.0018698 seconds, Stopping threads took: 0.0010748 seconds
[2023-10-19T08:41:10.282+0000][30.492s][debug][safepoint     ] Safepoint synchronization initiated. (86 threads)
[2023-10-19T08:41:10.282+0000][30.493s][info ][safepoint     ] Application time: 0.3567168 seconds
[2023-10-19T08:41:10.283+0000][30.493s][debug][safepoint     ] Waiting for 1 thread(s) to block
[2023-10-19T08:41:10.283+0000][30.494s][info ][safepoint     ] Entering safepoint region: ICBufferFull
[2023-10-19T08:41:10.284+0000][30.494s][info ][safepoint     ] Leaving safepoint region
[2023-10-19T08:41:10.284+0000][30.495s][info ][safepoint     ] Total time for which application threads were stopped: 0.0015824 seconds, Stopping threads took: 0.0008966 seconds
[2023-10-19T08:41:10.569+0000][30.779s][debug][safepoint     ] Safepoint synchronization initiated. (86 threads)
[2023-10-19T08:41:10.569+0000][30.780s][info ][safepoint     ] Application time: 0.2847883 seconds
[2023-10-19T08:41:10.570+0000][30.781s][info ][safepoint     ] Entering safepoint region: ICBufferFull
[2023-10-19T08:41:10.570+0000][30.781s][info ][safepoint     ] Leaving safepoint region
[2023-10-19T08:41:10.571+0000][30.782s][info ][safepoint     ] Total time for which application threads were stopped: 0.0010915 seconds, Stopping threads took: 0.0004140 seconds
[2023-10-19T08:41:10.852+0000][31.063s][debug][safepoint     ] Safepoint synchronization initiated. (86 threads)
[2023-10-19T08:41:10.852+0000][31.063s][info ][safepoint     ] Application time: 0.2811397 seconds
[2023-10-19T08:41:10.853+0000][31.064s][info ][safepoint     ] Entering safepoint region: G1CollectForAllocation
[2023-10-19T08:41:10.853+0000][31.064s][info ][gc,start      ] GC(52) Pause Young (Normal) (G1 Evacuation Pause)
[2023-10-19T08:41:10.854+0000][31.065s][info ][gc,task       ] GC(52) Using 8 workers of 8 for evacuation
[2023-10-19T08:41:10.876+0000][31.087s][info ][gc,phases     ] GC(52)   Pre Evacuate Collection Set: 0.0ms
[2023-10-19T08:41:10.876+0000][31.087s][info ][gc,phases     ] GC(52)   Evacuate Collection Set: 18.1ms
[2023-10-19T08:41:10.877+0000][31.087s][info ][gc,phases     ] GC(52)   Post Evacuate Collection Set: 3.2ms
[2023-10-19T08:41:10.877+0000][31.088s][info ][gc,phases     ] GC(52)   Other: 1.0ms
[2023-10-19T08:41:10.877+0000][31.088s][info ][gc,heap       ] GC(52) Eden regions: 181->0(167)
[2023-10-19T08:41:10.878+0000][31.089s][info ][gc,heap       ] GC(52) Survivor regions: 12->19(25)
[2023-10-19T08:41:10.878+0000][31.089s][info ][gc,heap       ] GC(52) Old regions: 110->110
[2023-10-19T08:41:10.879+0000][31.089s][info ][gc,heap       ] GC(52) Humongous regions: 0->0
[2023-10-19T08:41:10.879+0000][31.090s][info ][gc,metaspace  ] GC(52) Metaspace: 145168K(149584K)->145168K(149584K) NonClass: 128072K(130768K)->128072K(130768K) Class: 17096K(18816K)->17096K(18816K)
[2023-10-19T08:41:10.879+0000][31.090s][info ][gc            ] GC(52) Pause Young (Normal) (G1 Evacuation Pause) 300M->126M(350M) 25.824ms
[2023-10-19T08:41:10.880+0000][31.090s][info ][gc,cpu        ] GC(52) User=0.16s Sys=0.00s Real=0.02s
[2023-10-19T08:41:10.880+0000][31.091s][info ][safepoint     ] Leaving safepoint region
[2023-10-19T08:41:10.881+0000][31.091s][info ][safepoint     ] Total time for which application threads were stopped: 0.0278403 seconds, Stopping threads took: 0.0004199 seconds
[2023-10-19T08:41:10.881+0000][31.092s][info ][gc,stringdedup] Concurrent String Deduplication (31.092s)
[2023-10-19T08:41:10.884+0000][31.094s][info ][gc,stringdedup] Concurrent String Deduplication 179.2K->74960.0B(106.0K) avg 52.2% (31.092s, 31.094s) 2.548ms
[2023-10-19T08:41:11.540+0000][31.751s][debug][safepoint     ] Safepoint synchronization initiated. (87 threads)
[2023-10-19T08:41:11.541+0000][31.751s][info ][safepoint     ] Application time: 0.6596707 seconds
[2023-10-19T08:41:11.541+0000][31.752s][info ][safepoint     ] Entering safepoint region: ICBufferFull
[2023-10-19T08:41:11.542+0000][31.753s][info ][safepoint     ] Leaving safepoint region
[2023-10-19T08:41:11.542+0000][31.753s][info ][safepoint     ] Total time for which application threads were stopped: 0.0011447 seconds, Stopping threads took: 0.0004223 seconds
[2023-10-19T08:41:11.611+0000][31.821s][debug][safepoint     ] Safepoint synchronization initiated. (87 threads)
[2023-10-19T08:41:11.611+0000][31.822s][info ][safepoint     ] Application time: 0.0685567 seconds
[2023-10-19T08:41:11.612+0000][31.822s][debug][safepoint     ] Waiting for 1 thread(s) to block
[2023-10-19T08:41:11.612+0000][31.823s][info ][safepoint     ] Entering safepoint region: G1CollectForAllocation
[2023-10-19T08:41:11.613+0000][31.824s][info ][gc,start      ] GC(53) Pause Young (Normal) (G1 Evacuation Pause)
[2023-10-19T08:41:11.613+0000][31.824s][info ][gc,task       ] GC(53) Using 8 workers of 8 for evacuation
[2023-10-19T08:41:11.637+0000][31.848s][info ][gc,phases     ] GC(53)   Pre Evacuate Collection Set: 0.0ms
[2023-10-19T08:41:11.638+0000][31.849s][info ][gc,phases     ] GC(53)   Evacuate Collection Set: 19.9ms
[2023-10-19T08:41:11.638+0000][31.849s][info ][gc,phases     ] GC(53)   Post Evacuate Collection Set: 3.3ms
[2023-10-19T08:41:11.639+0000][31.849s][info ][gc,phases     ] GC(53)   Other: 1.2ms
[2023-10-19T08:41:11.639+0000][31.850s][info ][gc,heap       ] GC(53) Eden regions: 167->0(166)
[2023-10-19T08:41:11.639+0000][31.850s][info ][gc,heap       ] GC(53) Survivor regions: 19->16(24)
[2023-10-19T08:41:11.640+0000][31.851s][info ][gc,heap       ] GC(53) Old regions: 110->117
[2023-10-19T08:41:11.640+0000][31.851s][info ][gc,heap       ] GC(53) Humongous regions: 0->0
[2023-10-19T08:41:11.641+0000][31.851s][info ][gc,metaspace  ] GC(53) Metaspace: 145642K(150096K)->145642K(150096K) NonClass: 128526K(131280K)->128526K(131280K) Class: 17116K(18816K)->17116K(18816K)
[2023-10-19T08:41:11.641+0000][31.852s][info ][gc            ] GC(53) Pause Young (Normal) (G1 Evacuation Pause) 293M->131M(350M) 28.148ms
[2023-10-19T08:41:11.641+0000][31.852s][info ][gc,cpu        ] GC(53) User=0.17s Sys=0.00s Real=0.02s
[2023-10-19T08:41:11.642+0000][31.853s][info ][safepoint     ] Leaving safepoint region
[2023-10-19T08:41:11.642+0000][31.853s][info ][safepoint     ] Total time for which application threads were stopped: 0.0305866 seconds, Stopping threads took: 0.0009575 seconds
[2023-10-19T08:41:11.643+0000][31.853s][info ][gc,stringdedup] Concurrent String Deduplication (31.853s)
[2023-10-19T08:41:11.645+0000][31.856s][info ][gc,stringdedup] Concurrent String Deduplication 176.1K->79888.0B(100464.0B) avg 52.3% (31.853s, 31.856s) 2.098ms
[2023-10-19T08:41:12.215+0000][32.426s][debug][safepoint     ] Safepoint synchronization initiated. (87 threads)
[2023-10-19T08:41:12.216+0000][32.427s][info ][safepoint     ] Application time: 0.5733331 seconds
[2023-10-19T08:41:12.216+0000][32.427s][info ][safepoint     ] Entering safepoint region: G1CollectForAllocation
[2023-10-19T08:41:12.217+0000][32.428s][info ][gc,start      ] GC(54) Pause Young (Normal) (G1 Evacuation Pause)
[2023-10-19T08:41:12.218+0000][32.428s][info ][gc,task       ] GC(54) Using 8 workers of 8 for evacuation
[2023-10-19T08:41:12.236+0000][32.447s][info ][gc,phases     ] GC(54)   Pre Evacuate Collection Set: 0.0ms
[2023-10-19T08:41:12.237+0000][32.447s][info ][gc,phases     ] GC(54)   Evacuate Collection Set: 14.7ms
[2023-10-19T08:41:12.237+0000][32.448s][info ][gc,phases     ] GC(54)   Post Evacuate Collection Set: 3.3ms
[2023-10-19T08:41:12.238+0000][32.448s][info ][gc,phases     ] GC(54)   Other: 0.9ms
[2023-10-19T08:41:12.238+0000][32.449s][info ][gc,heap       ] GC(54) Eden regions: 166->0(164)
[2023-10-19T08:41:12.238+0000][32.449s][info ][gc,heap       ] GC(54) Survivor regions: 16->15(23)
[2023-10-19T08:41:12.239+0000][32.449s][info ][gc,heap       ] GC(54) Old regions: 117->121
[2023-10-19T08:41:12.239+0000][32.450s][info ][gc,heap       ] GC(54) Humongous regions: 0->0
[2023-10-19T08:41:12.239+0000][32.450s][info ][gc,metaspace  ] GC(54) Metaspace: 145980K(150480K)->145980K(150480K) NonClass: 128821K(131536K)->128821K(131536K) Class: 17159K(18944K)->17159K(18944K)
[2023-10-19T08:41:12.240+0000][32.451s][info ][gc            ] GC(54) Pause Young (Normal) (G1 Evacuation Pause) 297M->133M(350M) 22.512ms
[2023-10-19T08:41:12.240+0000][32.451s][info ][gc,cpu        ] GC(54) User=0.14s Sys=0.00s Real=0.02s
[2023-10-19T08:41:12.241+0000][32.451s][info ][safepoint     ] Leaving safepoint region
[2023-10-19T08:41:12.241+0000][32.452s][info ][safepoint     ] Total time for which application threads were stopped: 0.0245011 seconds, Stopping threads took: 0.0005031 seconds
[2023-10-19T08:41:12.241+0000][32.452s][info ][gc,stringdedup] Concurrent String Deduplication (32.452s)
[2023-10-19T08:41:12.247+0000][32.458s][info ][gc,stringdedup] Concurrent String Deduplication 667.8K->164.4K(503.4K) avg 53.2% (32.452s, 32.458s) 6.067ms
[2023-10-19T08:41:12.728+0000][32.938s][debug][safepoint     ] Safepoint synchronization initiated. (87 threads)
[2023-10-19T08:41:12.728+0000][32.939s][info ][safepoint     ] Application time: 0.4867824 seconds
[2023-10-19T08:41:12.729+0000][32.939s][info ][safepoint     ] Entering safepoint region: G1CollectForAllocation
[2023-10-19T08:41:12.729+0000][32.940s][info ][gc,start      ] GC(55) Pause Young (Normal) (G1 Evacuation Pause)
[2023-10-19T08:41:12.730+0000][32.941s][info ][gc,task       ] GC(55) Using 8 workers of 8 for evacuation
[2023-10-19T08:41:12.747+0000][32.958s][info ][gc,phases     ] GC(55)   Pre Evacuate Collection Set: 0.0ms
[2023-10-19T08:41:12.748+0000][32.958s][info ][gc,phases     ] GC(55)   Evacuate Collection Set: 13.1ms
[2023-10-19T08:41:12.748+0000][32.959s][info ][gc,phases     ] GC(55)   Post Evacuate Collection Set: 3.5ms
[2023-10-19T08:41:12.749+0000][32.959s][info ][gc,phases     ] GC(55)   Other: 1.0ms
[2023-10-19T08:41:12.749+0000][32.960s][info ][gc,heap       ] GC(55) Eden regions: 164->0(166)
[2023-10-19T08:41:12.750+0000][32.960s][info ][gc,heap       ] GC(55) Survivor regions: 15->10(23)
[2023-10-19T08:41:12.750+0000][32.961s][info ][gc,heap       ] GC(55) Old regions: 121->128
[2023-10-19T08:41:12.751+0000][32.962s][info ][gc,heap       ] GC(55) Humongous regions: 0->0
[2023-10-19T08:41:12.751+0000][32.962s][info ][gc,metaspace  ] GC(55) Metaspace: 146177K(150736K)->146177K(150736K) NonClass: 128999K(131792K)->128999K(131792K) Class: 17177K(18944K)->17177K(18944K)
[2023-10-19T08:41:12.752+0000][32.963s][info ][gc            ] GC(55) Pause Young (Normal) (G1 Evacuation Pause) 297M->136M(350M) 22.408ms
[2023-10-19T08:41:12.752+0000][32.963s][info ][gc,cpu        ] GC(55) User=0.15s Sys=0.00s Real=0.03s
[2023-10-19T08:41:12.753+0000][32.964s][info ][safepoint     ] Leaving safepoint region
[2023-10-19T08:41:12.753+0000][32.964s][info ][safepoint     ] Total time for which application threads were stopped: 0.0248305 seconds, Stopping threads took: 0.0004645 seconds
[2023-10-19T08:41:12.754+0000][32.965s][info ][gc,stringdedup] Concurrent String Deduplication (32.965s)
[2023-10-19T08:41:12.758+0000][32.969s][info ][gc,stringdedup] Concurrent String Deduplication 357.0K->133.4K(223.5K) avg 53.3% (32.965s, 32.969s) 3.879ms
[2023-10-19T08:41:13.223+0000][33.434s][debug][safepoint     ] Safepoint synchronization initiated. (87 threads)
[2023-10-19T08:41:13.224+0000][33.435s][info ][safepoint     ] Application time: 0.4699555 seconds
[2023-10-19T08:41:13.224+0000][33.435s][debug][safepoint     ] Waiting for 1 thread(s) to block
[2023-10-19T08:41:13.225+0000][33.435s][info ][safepoint     ] Entering safepoint region: G1CollectForAllocation
[2023-10-19T08:41:13.225+0000][33.436s][info ][gc,start      ] GC(56) Pause Young (Normal) (G1 Evacuation Pause)
[2023-10-19T08:41:13.226+0000][33.437s][info ][gc,task       ] GC(56) Using 8 workers of 8 for evacuation
[2023-10-19T08:41:13.239+0000][33.449s][info ][gc,phases     ] GC(56)   Pre Evacuate Collection Set: 0.0ms
[2023-10-19T08:41:13.239+0000][33.450s][info ][gc,phases     ] GC(56)   Evacuate Collection Set: 9.5ms
[2023-10-19T08:41:13.239+0000][33.450s][info ][gc,phases     ] GC(56)   Post Evacuate Collection Set: 2.8ms
[2023-10-19T08:41:13.240+0000][33.450s][info ][gc,phases     ] GC(56)   Other: 0.9ms
[2023-10-19T08:41:13.240+0000][33.451s][info ][gc,heap       ] GC(56) Eden regions: 166->0(163)
[2023-10-19T08:41:13.240+0000][33.451s][info ][gc,heap       ] GC(56) Survivor regions: 10->12(22)
[2023-10-19T08:41:13.241+0000][33.451s][info ][gc,heap       ] GC(56) Old regions: 128->128
[2023-10-19T08:41:13.241+0000][33.452s][info ][gc,heap       ] GC(56) Humongous regions: 0->0
[2023-10-19T08:41:13.241+0000][33.452s][info ][gc,metaspace  ] GC(56) Metaspace: 146299K(150736K)->146299K(150736K) NonClass: 129118K(131792K)->129118K(131792K) Class: 17180K(18944K)->17180K(18944K)
[2023-10-19T08:41:13.241+0000][33.452s][info ][gc            ] GC(56) Pause Young (Normal) (G1 Evacuation Pause) 302M->137M(350M) 16.136ms
[2023-10-19T08:41:13.242+0000][33.453s][info ][gc,cpu        ] GC(56) User=0.09s Sys=0.00s Real=0.01s
[2023-10-19T08:41:13.242+0000][33.453s][info ][safepoint     ] Leaving safepoint region
[2023-10-19T08:41:13.242+0000][33.453s][info ][safepoint     ] Total time for which application threads were stopped: 0.0183276 seconds, Stopping threads took: 0.0009584 seconds
[2023-10-19T08:41:13.243+0000][33.454s][info ][gc,stringdedup] Concurrent String Deduplication (33.454s)
[2023-10-19T08:41:13.245+0000][33.456s][info ][gc,stringdedup] Concurrent String Deduplication 341.8K->107.0K(234.8K) avg 53.6% (33.454s, 33.456s) 2.255ms
[2023-10-19T08:41:13.669+0000][33.880s][debug][safepoint     ] Safepoint synchronization initiated. (87 threads)
[2023-10-19T08:41:13.669+0000][33.880s][info ][safepoint     ] Application time: 0.4264992 seconds
[2023-10-19T08:41:13.670+0000][33.881s][info ][safepoint     ] Entering safepoint region: G1CollectForAllocation
[2023-10-19T08:41:13.671+0000][33.881s][info ][gc,start      ] GC(57) Pause Young (Normal) (G1 Evacuation Pause)
[2023-10-19T08:41:13.671+0000][33.882s][info ][gc,task       ] GC(57) Using 8 workers of 8 for evacuation
[2023-10-19T08:41:13.680+0000][33.891s][info ][gc,phases     ] GC(57)   Pre Evacuate Collection Set: 0.0ms
[2023-10-19T08:41:13.680+0000][33.891s][info ][gc,phases     ] GC(57)   Evacuate Collection Set: 5.9ms
[2023-10-19T08:41:13.681+0000][33.892s][info ][gc,phases     ] GC(57)   Post Evacuate Collection Set: 2.5ms
[2023-10-19T08:41:13.681+0000][33.892s][info ][gc,phases     ] GC(57)   Other: 0.9ms
[2023-10-19T08:41:13.682+0000][33.893s][info ][gc,heap       ] GC(57) Eden regions: 163->0(159)
[2023-10-19T08:41:13.682+0000][33.893s][info ][gc,heap       ] GC(57) Survivor regions: 12->14(22)
[2023-10-19T08:41:13.683+0000][33.893s][info ][gc,heap       ] GC(57) Old regions: 128->128
[2023-10-19T08:41:13.683+0000][33.894s][info ][gc,heap       ] GC(57) Humongous regions: 0->0
[2023-10-19T08:41:13.683+0000][33.894s][info ][gc,metaspace  ] GC(57) Metaspace: 146479K(150992K)->146479K(150992K) NonClass: 129280K(132048K)->129280K(132048K) Class: 17198K(18944K)->17198K(18944K)
[2023-10-19T08:41:13.684+0000][33.895s][info ][gc            ] GC(57) Pause Young (Normal) (G1 Evacuation Pause) 300M->139M(350M) 13.460ms
[2023-10-19T08:41:13.684+0000][33.895s][info ][gc,cpu        ] GC(57) User=0.07s Sys=0.00s Real=0.02s
[2023-10-19T08:41:13.685+0000][33.896s][info ][safepoint     ] Leaving safepoint region
[2023-10-19T08:41:13.685+0000][33.896s][info ][safepoint     ] Total time for which application threads were stopped: 0.0155497 seconds, Stopping threads took: 0.0004784 seconds
[2023-10-19T08:41:13.686+0000][33.897s][info ][gc,stringdedup] Concurrent String Deduplication (33.897s)
[2023-10-19T08:41:13.688+0000][33.899s][info ][gc,stringdedup] Concurrent String Deduplication 252.7K->82424.0B(172.2K) avg 53.8% (33.897s, 33.899s) 2.506ms
[2023-10-19T08:41:14.075+0000][34.286s][debug][safepoint     ] Safepoint synchronization initiated. (87 threads)
[2023-10-19T08:41:14.076+0000][34.287s][info ][safepoint     ] Application time: 0.3900947 seconds
[2023-10-19T08:41:14.076+0000][34.287s][info ][safepoint     ] Entering safepoint region: G1CollectForAllocation
[2023-10-19T08:41:14.077+0000][34.288s][info ][gc,start      ] GC(58) Pause Young (Normal) (G1 Evacuation Pause)
[2023-10-19T08:41:14.077+0000][34.288s][info ][gc,task       ] GC(58) Using 8 workers of 8 for evacuation
[2023-10-19T08:41:14.096+0000][34.307s][info ][gc,phases     ] GC(58)   Pre Evacuate Collection Set: 0.0ms
[2023-10-19T08:41:14.097+0000][34.308s][info ][gc,phases     ] GC(58)   Evacuate Collection Set: 15.4ms
[2023-10-19T08:41:14.097+0000][34.308s][info ][gc,phases     ] GC(58)   Post Evacuate Collection Set: 3.0ms
[2023-10-19T08:41:14.098+0000][34.308s][info ][gc,phases     ] GC(58)   Other: 0.9ms
[2023-10-19T08:41:14.098+0000][34.309s][info ][gc,heap       ] GC(58) Eden regions: 159->0(160)
[2023-10-19T08:41:14.098+0000][34.309s][info ][gc,heap       ] GC(58) Survivor regions: 14->12(22)
[2023-10-19T08:41:14.099+0000][34.309s][info ][gc,heap       ] GC(58) Old regions: 128->131
[2023-10-19T08:41:14.099+0000][34.310s][info ][gc,heap       ] GC(58) Humongous regions: 0->0
[2023-10-19T08:41:14.099+0000][34.310s][info ][gc,metaspace  ] GC(58) Metaspace: 146615K(150992K)->146615K(150992K) NonClass: 129392K(132048K)->129392K(132048K) Class: 17222K(18944K)->17222K(18944K)
[2023-10-19T08:41:14.100+0000][34.311s][info ][gc            ] GC(58) Pause Young (Normal) (G1 Evacuation Pause) 298M->141M(350M) 22.761ms
[2023-10-19T08:41:14.100+0000][34.311s][info ][gc,cpu        ] GC(58) User=0.15s Sys=0.00s Real=0.02s
[2023-10-19T08:41:14.100+0000][34.311s][info ][safepoint     ] Leaving safepoint region
[2023-10-19T08:41:14.101+0000][34.312s][info ][safepoint     ] Total time for which application threads were stopped: 0.0244659 seconds, Stopping threads took: 0.0004022 seconds
[2023-10-19T08:41:14.101+0000][34.312s][info ][gc,stringdedup] Concurrent String Deduplication (34.312s)
[2023-10-19T08:41:14.103+0000][34.314s][info ][gc,stringdedup] Concurrent String Deduplication 198.9K->73888.0B(126.7K) avg 53.9% (34.312s, 34.314s) 2.032ms
[2023-10-19T08:41:14.502+0000][34.713s][debug][safepoint     ] Safepoint synchronization initiated. (87 threads)
[2023-10-19T08:41:14.503+0000][34.713s][info ][safepoint     ] Application time: 0.4015342 seconds
[2023-10-19T08:41:14.503+0000][34.714s][info ][safepoint     ] Entering safepoint region: G1CollectForAllocation
[2023-10-19T08:41:14.504+0000][34.715s][info ][gc,start      ] GC(59) Pause Young (Normal) (G1 Evacuation Pause)
[2023-10-19T08:41:14.504+0000][34.715s][info ][gc,task       ] GC(59) Using 8 workers of 8 for evacuation
[2023-10-19T08:41:14.517+0000][34.728s][info ][gc,phases     ] GC(59)   Pre Evacuate Collection Set: 0.0ms
[2023-10-19T08:41:14.518+0000][34.729s][info ][gc,phases     ] GC(59)   Evacuate Collection Set: 9.0ms
[2023-10-19T08:41:14.518+0000][34.729s][info ][gc,phases     ] GC(59)   Post Evacuate Collection Set: 3.2ms
[2023-10-19T08:41:14.519+0000][34.730s][info ][gc,phases     ] GC(59)   Other: 1.0ms
[2023-10-19T08:41:14.519+0000][34.730s][info ][gc,heap       ] GC(59) Eden regions: 160->0(158)
[2023-10-19T08:41:14.520+0000][34.730s][info ][gc,heap       ] GC(59) Survivor regions: 12->13(22)
[2023-10-19T08:41:14.520+0000][34.731s][info ][gc,heap       ] GC(59) Old regions: 131->131
[2023-10-19T08:41:14.520+0000][34.731s][info ][gc,heap       ] GC(59) Humongous regions: 0->0
[2023-10-19T08:41:14.521+0000][34.732s][info ][gc,metaspace  ] GC(59) Metaspace: 146655K(150992K)->146655K(150992K) NonClass: 129429K(132048K)->129429K(132048K) Class: 17225K(18944K)->17225K(18944K)
[2023-10-19T08:41:14.521+0000][34.732s][info ][gc            ] GC(59) Pause Young (Normal) (G1 Evacuation Pause) 301M->142M(350M) 17.337ms
[2023-10-19T08:41:14.522+0000][34.733s][info ][gc,cpu        ] GC(59) User=0.09s Sys=0.00s Real=0.01s
[2023-10-19T08:41:14.522+0000][34.733s][info ][safepoint     ] Leaving safepoint region
[2023-10-19T08:41:14.523+0000][34.734s][info ][safepoint     ] Total time for which application threads were stopped: 0.0196540 seconds, Stopping threads took: 0.0004696 seconds
[2023-10-19T08:41:14.523+0000][34.734s][info ][gc,stringdedup] Concurrent String Deduplication (34.734s)
[2023-10-19T08:41:14.526+0000][34.737s][info ][gc,stringdedup] Concurrent String Deduplication 278.7K->84208.0B(196.5K) avg 54.2% (34.734s, 34.737s) 2.382ms
[2023-10-19T08:41:14.901+0000][35.111s][debug][safepoint     ] Safepoint synchronization initiated. (87 threads)
[2023-10-19T08:41:14.901+0000][35.112s][info ][safepoint     ] Application time: 0.3781531 seconds
[2023-10-19T08:41:14.902+0000][35.113s][info ][safepoint     ] Entering safepoint region: G1CollectForAllocation
[2023-10-19T08:41:14.903+0000][35.114s][info ][gc,start      ] GC(60) Pause Young (Normal) (G1 Evacuation Pause)
[2023-10-19T08:41:14.903+0000][35.114s][info ][gc,task       ] GC(60) Using 8 workers of 8 for evacuation
[2023-10-19T08:41:14.920+0000][35.131s][info ][gc,phases     ] GC(60)   Pre Evacuate Collection Set: 0.0ms
[2023-10-19T08:41:14.920+0000][35.131s][info ][gc,phases     ] GC(60)   Evacuate Collection Set: 12.6ms
[2023-10-19T08:41:14.921+0000][35.132s][info ][gc,phases     ] GC(60)   Post Evacuate Collection Set: 3.3ms
[2023-10-19T08:41:14.921+0000][35.132s][info ][gc,phases     ] GC(60)   Other: 1.0ms
[2023-10-19T08:41:14.922+0000][35.133s][info ][gc,heap       ] GC(60) Eden regions: 158->0(157)
[2023-10-19T08:41:14.922+0000][35.133s][info ][gc,heap       ] GC(60) Survivor regions: 13->12(22)
[2023-10-19T08:41:14.923+0000][35.134s][info ][gc,heap       ] GC(60) Old regions: 131->134
[2023-10-19T08:41:14.924+0000][35.134s][info ][gc,heap       ] GC(60) Humongous regions: 0->0
[2023-10-19T08:41:14.924+0000][35.135s][info ][gc,metaspace  ] GC(60) Metaspace: 146707K(151248K)->146707K(151248K) NonClass: 129474K(132304K)->129474K(132304K) Class: 17232K(18944K)->17232K(18944K)
[2023-10-19T08:41:14.925+0000][35.135s][info ][gc            ] GC(60) Pause Young (Normal) (G1 Evacuation Pause) 300M->143M(350M) 21.788ms
[2023-10-19T08:41:14.925+0000][35.136s][info ][gc,cpu        ] GC(60) User=0.14s Sys=0.00s Real=0.02s
[2023-10-19T08:41:14.926+0000][35.136s][info ][safepoint     ] Leaving safepoint region
[2023-10-19T08:41:14.926+0000][35.137s][info ][safepoint     ] Total time for which application threads were stopped: 0.0240007 seconds, Stopping threads took: 0.0004786 seconds
[2023-10-19T08:41:14.927+0000][35.137s][info ][gc,stringdedup] Concurrent String Deduplication (35.137s)
[2023-10-19T08:41:14.929+0000][35.140s][info ][gc,stringdedup] Concurrent String Deduplication 181.3K->65256.0B(117.5K) avg 54.3% (35.137s, 35.140s) 2.202ms
[2023-10-19T08:41:15.304+0000][35.515s][debug][safepoint     ] Safepoint synchronization initiated. (87 threads)
[2023-10-19T08:41:15.304+0000][35.515s][info ][safepoint     ] Application time: 0.3780355 seconds
[2023-10-19T08:41:15.305+0000][35.516s][info ][safepoint     ] Entering safepoint region: G1CollectForAllocation
[2023-10-19T08:41:15.306+0000][35.517s][info ][gc,start      ] GC(61) Pause Young (Normal) (G1 Evacuation Pause)
[2023-10-19T08:41:15.306+0000][35.517s][info ][gc,task       ] GC(61) Using 8 workers of 8 for evacuation
[2023-10-19T08:41:15.317+0000][35.528s][info ][gc,phases     ] GC(61)   Pre Evacuate Collection Set: 0.1ms
[2023-10-19T08:41:15.318+0000][35.529s][info ][gc,phases     ] GC(61)   Evacuate Collection Set: 6.9ms
[2023-10-19T08:41:15.319+0000][35.530s][info ][gc,phases     ] GC(61)   Post Evacuate Collection Set: 2.9ms
[2023-10-19T08:41:15.319+0000][35.530s][info ][gc,phases     ] GC(61)   Other: 1.8ms
[2023-10-19T08:41:15.320+0000][35.531s][info ][gc,heap       ] GC(61) Eden regions: 157->0(155)
[2023-10-19T08:41:15.320+0000][35.531s][info ][gc,heap       ] GC(61) Survivor regions: 12->13(22)
[2023-10-19T08:41:15.321+0000][35.532s][info ][gc,heap       ] GC(61) Old regions: 134->134
[2023-10-19T08:41:15.321+0000][35.532s][info ][gc,heap       ] GC(61) Humongous regions: 0->0
[2023-10-19T08:41:15.322+0000][35.533s][info ][gc,metaspace  ] GC(61) Metaspace: 146766K(151248K)->146766K(151248K) NonClass: 129531K(132304K)->129531K(132304K) Class: 17234K(18944K)->17234K(18944K)
[2023-10-19T08:41:15.323+0000][35.533s][info ][gc            ] GC(61) Pause Young (Normal) (G1 Evacuation Pause) 300M->144M(350M) 16.825ms
[2023-10-19T08:41:15.323+0000][35.534s][info ][gc,cpu        ] GC(61) User=0.08s Sys=0.00s Real=0.02s
[2023-10-19T08:41:15.324+0000][35.535s][info ][safepoint     ] Leaving safepoint region
[2023-10-19T08:41:15.324+0000][35.535s][info ][safepoint     ] Total time for which application threads were stopped: 0.0192843 seconds, Stopping threads took: 0.0004979 seconds
[2023-10-19T08:41:15.325+0000][35.536s][info ][gc,stringdedup] Concurrent String Deduplication (35.536s)
[2023-10-19T08:41:15.326+0000][35.537s][info ][gc,stringdedup] Concurrent String Deduplication 137.1K->59640.0B(80728.0B) avg 54.3% (35.536s, 35.537s) 1.348ms
[2023-10-19T08:41:15.725+0000][35.936s][debug][safepoint     ] Safepoint synchronization initiated. (95 threads)
[2023-10-19T08:41:15.726+0000][35.937s][info ][safepoint     ] Application time: 0.4010855 seconds
[2023-10-19T08:41:15.726+0000][35.937s][info ][safepoint     ] Entering safepoint region: Deoptimize
[2023-10-19T08:41:15.729+0000][35.940s][info ][safepoint     ] Leaving safepoint region
[2023-10-19T08:41:15.729+0000][35.940s][info ][safepoint     ] Total time for which application threads were stopped: 0.0027944 seconds, Stopping threads took: 0.0005169 seconds
[2023-10-19T08:41:15.794+0000][36.005s][debug][safepoint     ] Safepoint synchronization initiated. (98 threads)
[2023-10-19T08:41:15.795+0000][36.006s][info ][safepoint     ] Application time: 0.0652040 seconds
[2023-10-19T08:41:15.797+0000][36.007s][info ][safepoint     ] Entering safepoint region: G1CollectForAllocation
[2023-10-19T08:41:15.798+0000][36.008s][info ][gc,start      ] GC(62) Pause Young (Normal) (G1 Evacuation Pause)
[2023-10-19T08:41:15.798+0000][36.009s][info ][gc,task       ] GC(62) Using 8 workers of 8 for evacuation
[2023-10-19T08:41:15.829+0000][36.040s][info ][gc,phases     ] GC(62)   Pre Evacuate Collection Set: 0.0ms
[2023-10-19T08:41:15.830+0000][36.040s][info ][gc,phases     ] GC(62)   Evacuate Collection Set: 24.6ms
[2023-10-19T08:41:15.830+0000][36.041s][info ][gc,phases     ] GC(62)   Post Evacuate Collection Set: 5.4ms
[2023-10-19T08:41:15.831+0000][36.041s][info ][gc,phases     ] GC(62)   Other: 1.3ms
[2023-10-19T08:41:15.831+0000][36.042s][info ][gc,heap       ] GC(62) Eden regions: 155->0(155)
[2023-10-19T08:41:15.831+0000][36.042s][info ][gc,heap       ] GC(62) Survivor regions: 13->12(21)
[2023-10-19T08:41:15.832+0000][36.043s][info ][gc,heap       ] GC(62) Old regions: 134->136
[2023-10-19T08:41:15.832+0000][36.043s][info ][gc,heap       ] GC(62) Humongous regions: 0->0
[2023-10-19T08:41:15.833+0000][36.043s][info ][gc,metaspace  ] GC(62) Metaspace: 148671K(153424K)->148671K(153424K) NonClass: 131187K(134096K)->131187K(134096K) Class: 17483K(19328K)->17483K(19328K)
[2023-10-19T08:41:15.833+0000][36.044s][info ][gc            ] GC(62) Pause Young (Normal) (G1 Evacuation Pause) 299M->145M(350M) 35.481ms
[2023-10-19T08:41:15.834+0000][36.044s][info ][gc,cpu        ] GC(62) User=0.25s Sys=0.00s Real=0.04s
[2023-10-19T08:41:15.834+0000][36.045s][info ][safepoint     ] Leaving safepoint region
[2023-10-19T08:41:15.834+0000][36.045s][info ][safepoint     ] Total time for which application threads were stopped: 0.0379955 seconds, Stopping threads took: 0.0007864 seconds
[2023-10-19T08:41:15.835+0000][36.046s][info ][gc,stringdedup] Concurrent String Deduplication (36.046s)
[2023-10-19T08:41:15.838+0000][36.049s][info ][gc,stringdedup] Concurrent String Deduplication 140.2K->48760.0B(94824.0B) avg 54.4% (36.046s, 36.048s) 2.677ms
[2023-10-19T08:41:15.951+0000][36.162s][debug][safepoint     ] Safepoint synchronization initiated. (106 threads)
[2023-10-19T08:41:15.952+0000][36.163s][info ][safepoint     ] Application time: 0.1168696 seconds
[2023-10-19T08:41:15.952+0000][36.163s][debug][safepoint     ] ... found polling page return exception at pc = 0x00007f0de83a4c9e, stub =0x00007f0de0840600
[2023-10-19T08:41:15.953+0000][36.164s][debug][safepoint     ] Waiting for 1 thread(s) to block
[2023-10-19T08:41:15.954+0000][36.164s][info ][safepoint     ] Entering safepoint region: Deoptimize
[2023-10-19T08:41:15.956+0000][36.167s][info ][safepoint     ] Leaving safepoint region
[2023-10-19T08:41:15.957+0000][36.167s][info ][safepoint     ] Total time for which application threads were stopped: 0.0041756 seconds, Stopping threads took: 0.0015490 seconds
[2023-10-19T08:41:16.003+0000][36.214s][debug][safepoint     ] Safepoint synchronization initiated. (117 threads)
[2023-10-19T08:41:16.004+0000][36.215s][info ][safepoint     ] Application time: 0.0467668 seconds
[2023-10-19T08:41:16.005+0000][36.215s][debug][safepoint     ] Waiting for 1 thread(s) to block
[2023-10-19T08:41:16.005+0000][36.216s][info ][safepoint     ] Entering safepoint region: ICBufferFull
[2023-10-19T08:41:16.007+0000][36.217s][info ][safepoint     ] Leaving safepoint region
[2023-10-19T08:41:16.007+0000][36.218s][info ][safepoint     ] Total time for which application threads were stopped: 0.0027808 seconds, Stopping threads took: 0.0014163 seconds
[2023-10-19T08:41:16.479+0000][36.690s][debug][safepoint     ] Safepoint synchronization initiated. (131 threads)
[2023-10-19T08:41:16.480+0000][36.690s][info ][safepoint     ] Application time: 0.4717767 seconds
[2023-10-19T08:41:16.480+0000][36.691s][info ][safepoint     ] Entering safepoint region: Deoptimize
[2023-10-19T08:41:16.483+0000][36.694s][info ][safepoint     ] Leaving safepoint region
[2023-10-19T08:41:16.484+0000][36.695s][info ][safepoint     ] Total time for which application threads were stopped: 0.0037283 seconds, Stopping threads took: 0.0005076 seconds
[2023-10-19T08:41:16.507+0000][36.718s][debug][safepoint     ] Safepoint synchronization initiated. (131 threads)
[2023-10-19T08:41:16.508+0000][36.719s][info ][safepoint     ] Application time: 0.0235667 seconds
[2023-10-19T08:41:16.509+0000][36.719s][info ][safepoint     ] Entering safepoint region: Deoptimize
[2023-10-19T08:41:16.512+0000][36.723s][info ][safepoint     ] Leaving safepoint region
[2023-10-19T08:41:16.513+0000][36.724s][info ][safepoint     ] Total time for which application threads were stopped: 0.0041832 seconds, Stopping threads took: 0.0006714 seconds
[2023-10-19T08:41:17.514+0000][37.724s][debug][safepoint     ] Safepoint synchronization initiated. (168 threads)
[2023-10-19T08:41:17.515+0000][37.725s][info ][safepoint     ] Application time: 1.0012630 seconds
[2023-10-19T08:41:17.515+0000][37.726s][info ][safepoint     ] Entering safepoint region: Cleanup
[2023-10-19T08:41:17.516+0000][37.727s][info ][safepoint     ] Leaving safepoint region
[2023-10-19T08:41:17.517+0000][37.728s][info ][safepoint     ] Total time for which application threads were stopped: 0.0018376 seconds, Stopping threads took: 0.0007626 seconds
[2023-10-19T08:41:18.518+0000][38.729s][debug][safepoint     ] Safepoint synchronization initiated. (168 threads)
[2023-10-19T08:41:18.519+0000][38.729s][info ][safepoint     ] Application time: 1.0009611 seconds
[2023-10-19T08:41:18.519+0000][38.730s][info ][safepoint     ] Entering safepoint region: Cleanup
[2023-10-19T08:41:18.520+0000][38.731s][info ][safepoint     ] Leaving safepoint region
[2023-10-19T08:41:18.521+0000][38.732s][info ][safepoint     ] Total time for which application threads were stopped: 0.0014998 seconds, Stopping threads took: 0.0007158 seconds
[2023-10-19T08:41:19.522+0000][39.733s][debug][safepoint     ] Safepoint synchronization initiated. (168 threads)
[2023-10-19T08:41:19.523+0000][39.733s][info ][safepoint     ] Application time: 1.0011484 seconds
[2023-10-19T08:41:19.523+0000][39.734s][info ][safepoint     ] Entering safepoint region: Cleanup
[2023-10-19T08:41:19.524+0000][39.735s][info ][safepoint     ] Leaving safepoint region
[2023-10-19T08:41:19.525+0000][39.736s][info ][safepoint     ] Total time for which application threads were stopped: 0.0015236 seconds, Stopping threads took: 0.0007641 seconds
[2023-10-19T08:41:20.525+0000][40.736s][debug][safepoint     ] Safepoint synchronization initiated. (168 threads)
[2023-10-19T08:41:20.526+0000][40.737s][info ][safepoint     ] Application time: 1.0009805 seconds
[2023-10-19T08:41:20.527+0000][40.738s][info ][safepoint     ] Entering safepoint region: Cleanup
[2023-10-19T08:41:20.528+0000][40.738s][info ][safepoint     ] Leaving safepoint region
[2023-10-19T08:41:20.528+0000][40.739s][info ][safepoint     ] Total time for which application threads were stopped: 0.0013052 seconds, Stopping threads took: 0.0005725 seconds
[2023-10-19T08:41:21.529+0000][41.740s][debug][safepoint     ] Safepoint synchronization initiated. (168 threads)
[2023-10-19T08:41:21.530+0000][41.741s][info ][safepoint     ] Application time: 1.0011081 seconds
[2023-10-19T08:41:21.531+0000][41.742s][info ][safepoint     ] Entering safepoint region: Cleanup
[2023-10-19T08:41:21.532+0000][41.742s][info ][safepoint     ] Leaving safepoint region
[2023-10-19T08:41:21.532+0000][41.743s][info ][safepoint     ] Total time for which application threads were stopped: 0.0013415 seconds, Stopping threads took: 0.0006958 seconds
[2023-10-19T08:41:22.533+0000][42.744s][debug][safepoint     ] Safepoint synchronization initiated. (168 threads)
[2023-10-19T08:41:22.534+0000][42.744s][info ][safepoint     ] Application time: 1.0008686 seconds
[2023-10-19T08:41:22.534+0000][42.745s][info ][safepoint     ] Entering safepoint region: Cleanup
[2023-10-19T08:41:22.535+0000][42.746s][info ][safepoint     ] Leaving safepoint region
[2023-10-19T08:41:22.535+0000][42.746s][info ][safepoint     ] Total time for which application threads were stopped: 0.0013039 seconds, Stopping threads took: 0.0006107 seconds
[2023-10-19T08:41:23.536+0000][43.747s][debug][safepoint     ] Safepoint synchronization initiated. (168 threads)
[2023-10-19T08:41:23.537+0000][43.748s][info ][safepoint     ] Application time: 1.0012199 seconds
[2023-10-19T08:41:23.538+0000][43.749s][info ][safepoint     ] Entering safepoint region: Cleanup
[2023-10-19T08:41:23.539+0000][43.750s][info ][safepoint     ] Leaving safepoint region
[2023-10-19T08:41:23.540+0000][43.750s][info ][safepoint     ] Total time for which application threads were stopped: 0.0015843 seconds, Stopping threads took: 0.0007137 seconds
[2023-10-19T08:41:24.540+0000][44.751s][debug][safepoint     ] Safepoint synchronization initiated. (168 threads)
[2023-10-19T08:41:24.541+0000][44.752s][info ][safepoint     ] Application time: 1.0006985 seconds
[2023-10-19T08:41:24.542+0000][44.752s][info ][safepoint     ] Entering safepoint region: Cleanup
[2023-10-19T08:41:24.542+0000][44.753s][info ][safepoint     ] Leaving safepoint region
[2023-10-19T08:41:24.543+0000][44.754s][info ][safepoint     ] Total time for which application threads were stopped: 0.0012106 seconds, Stopping threads took: 0.0005171 seconds
[2023-10-19T08:41:25.543+0000][45.754s][debug][safepoint     ] Safepoint synchronization initiated. (168 threads)
[2023-10-19T08:41:25.545+0000][45.756s][info ][safepoint     ] Application time: 1.0022005 seconds
[2023-10-19T08:41:25.546+0000][45.757s][info ][safepoint     ] Entering safepoint region: Cleanup
[2023-10-19T08:41:25.547+0000][45.758s][info ][safepoint     ] Leaving safepoint region
[2023-10-19T08:41:25.548+0000][45.758s][info ][safepoint     ] Total time for which application threads were stopped: 0.0015396 seconds, Stopping threads took: 0.0006474 seconds
[2023-10-19T08:41:26.548+0000][46.759s][debug][safepoint     ] Safepoint synchronization initiated. (168 threads)
[2023-10-19T08:41:26.549+0000][46.760s][info ][safepoint     ] Application time: 1.0007955 seconds
[2023-10-19T08:41:26.549+0000][46.760s][info ][safepoint     ] Entering safepoint region: Cleanup
[2023-10-19T08:41:26.550+0000][46.761s][info ][safepoint     ] Leaving safepoint region
[2023-10-19T08:41:26.551+0000][46.761s][info ][safepoint     ] Total time for which application threads were stopped: 0.0013043 seconds, Stopping threads took: 0.0004530 seconds
[2023-10-19T08:41:27.091+0000][47.302s][debug][safepoint     ] Safepoint synchronization initiated. (168 threads)
[2023-10-19T08:41:27.091+0000][47.302s][info ][safepoint     ] Application time: 0.5402816 seconds
[2023-10-19T08:41:27.092+0000][47.303s][info ][safepoint     ] Entering safepoint region: Deoptimize
[2023-10-19T08:41:27.095+0000][47.305s][info ][safepoint     ] Leaving safepoint region
[2023-10-19T08:41:27.095+0000][47.306s][info ][safepoint     ] Total time for which application threads were stopped: 0.0030354 seconds, Stopping threads took: 0.0005054 seconds
[2023-10-19T08:41:27.205+0000][47.416s][debug][safepoint     ] Safepoint synchronization initiated. (169 threads)
[2023-10-19T08:41:27.205+0000][47.416s][info ][safepoint     ] Application time: 0.1099107 seconds
[2023-10-19T08:41:27.206+0000][47.417s][info ][safepoint     ] Entering safepoint region: Deoptimize
[2023-10-19T08:41:27.209+0000][47.419s][info ][safepoint     ] Leaving safepoint region
[2023-10-19T08:41:27.209+0000][47.420s][info ][safepoint     ] Total time for which application threads were stopped: 0.0031766 seconds, Stopping threads took: 0.0006339 seconds
[2023-10-19T08:41:27.254+0000][47.465s][debug][safepoint     ] Safepoint synchronization initiated. (169 threads)
[2023-10-19T08:41:27.255+0000][47.466s][info ][safepoint     ] Application time: 0.0451195 seconds
[2023-10-19T08:41:27.255+0000][47.466s][info ][safepoint     ] Entering safepoint region: Deoptimize
[2023-10-19T08:41:27.258+0000][47.469s][info ][safepoint     ] Leaving safepoint region
[2023-10-19T08:41:27.258+0000][47.469s][info ][safepoint     ] Total time for which application threads were stopped: 0.0030216 seconds, Stopping threads took: 0.0005924 seconds
[2023-10-19T08:41:27.269+0000][47.480s][debug][safepoint     ] Safepoint synchronization initiated. (169 threads)
[2023-10-19T08:41:27.269+0000][47.480s][info ][safepoint     ] Application time: 0.0104707 seconds
[2023-10-19T08:41:27.270+0000][47.481s][info ][safepoint     ] Entering safepoint region: Deoptimize
[2023-10-19T08:41:27.272+0000][47.483s][info ][safepoint     ] Leaving safepoint region
[2023-10-19T08:41:27.273+0000][47.483s][info ][safepoint     ] Total time for which application threads were stopped: 0.0028323 seconds, Stopping threads took: 0.0004653 seconds
[2023-10-19T08:41:27.283+0000][47.494s][debug][safepoint     ] Safepoint synchronization initiated. (170 threads)
[2023-10-19T08:41:27.283+0000][47.494s][info ][safepoint     ] Application time: 0.0103249 seconds
[2023-10-19T08:41:27.284+0000][47.495s][info ][safepoint     ] Entering safepoint region: Deoptimize
[2023-10-19T08:41:27.286+0000][47.497s][info ][safepoint     ] Leaving safepoint region
[2023-10-19T08:41:27.287+0000][47.498s][info ][safepoint     ] Total time for which application threads were stopped: 0.0030313 seconds, Stopping threads took: 0.0004170 seconds
[2023-10-19T08:41:27.548+0000][47.758s][debug][safepoint     ] Safepoint synchronization initiated. (177 threads)
[2023-10-19T08:41:27.548+0000][47.759s][info ][safepoint     ] Application time: 0.2608493 seconds
[2023-10-19T08:41:27.549+0000][47.759s][debug][safepoint     ] ... found polling page return exception at pc = 0x00007f0de17c88f0, stub =0x00007f0de0840600
[2023-10-19T08:41:27.549+0000][47.760s][debug][safepoint     ] Waiting for 2 thread(s) to block
[2023-10-19T08:41:27.550+0000][47.760s][info ][safepoint     ] Entering safepoint region: G1CollectForAllocation
[2023-10-19T08:41:27.550+0000][47.761s][info ][gc,start      ] GC(63) Pause Young (Normal) (G1 Evacuation Pause)
[2023-10-19T08:41:27.551+0000][47.762s][info ][gc,task       ] GC(63) Using 8 workers of 8 for evacuation
[2023-10-19T08:41:27.574+0000][47.785s][info ][gc,phases     ] GC(63)   Pre Evacuate Collection Set: 0.0ms
[2023-10-19T08:41:27.575+0000][47.786s][info ][gc,phases     ] GC(63)   Evacuate Collection Set: 15.8ms
[2023-10-19T08:41:27.576+0000][47.786s][info ][gc,phases     ] GC(63)   Post Evacuate Collection Set: 6.9ms
[2023-10-19T08:41:27.576+0000][47.787s][info ][gc,phases     ] GC(63)   Other: 1.2ms
[2023-10-19T08:41:27.577+0000][47.787s][info ][gc,heap       ] GC(63) Eden regions: 155->0(142)
[2023-10-19T08:41:27.577+0000][47.788s][info ][gc,heap       ] GC(63) Survivor regions: 12->16(21)
[2023-10-19T08:41:27.578+0000][47.788s][info ][gc,heap       ] GC(63) Old regions: 136->136
[2023-10-19T08:41:27.578+0000][47.789s][info ][gc,heap       ] GC(63) Humongous regions: 5->5
[2023-10-19T08:41:27.578+0000][47.789s][info ][gc,metaspace  ] GC(63) Metaspace: 156756K(162000K)->156756K(162000K) NonClass: 138276K(141520K)->138276K(141520K) Class: 18479K(20480K)->18479K(20480K)
[2023-10-19T08:41:27.579+0000][47.790s][info ][gc            ] GC(63) Pause Young (Normal) (G1 Evacuation Pause) 305M->154M(350M) 28.503ms
[2023-10-19T08:41:27.579+0000][47.790s][info ][gc,cpu        ] GC(63) User=0.19s Sys=0.00s Real=0.03s
[2023-10-19T08:41:27.580+0000][47.791s][info ][safepoint     ] Leaving safepoint region
[2023-10-19T08:41:27.580+0000][47.791s][info ][safepoint     ] Total time for which application threads were stopped: 0.0318457 seconds, Stopping threads took: 0.0016359 seconds
[2023-10-19T08:41:27.581+0000][47.792s][info ][gc,stringdedup] Concurrent String Deduplication (47.792s)
[2023-10-19T08:41:27.583+0000][47.794s][info ][gc,stringdedup] Concurrent String Deduplication 137.9K->46880.0B(94320.0B) avg 54.5% (47.792s, 47.794s) 2.199ms
[2023-10-19T08:41:27.690+0000][47.901s][debug][safepoint     ] Safepoint synchronization initiated. (178 threads)
[2023-10-19T08:41:27.691+0000][47.902s][info ][safepoint     ] Application time: 0.1105344 seconds
[2023-10-19T08:41:27.692+0000][47.903s][info ][safepoint     ] Entering safepoint region: Deoptimize
[2023-10-19T08:41:27.695+0000][47.906s][info ][safepoint     ] Leaving safepoint region
[2023-10-19T08:41:27.696+0000][47.907s][info ][safepoint     ] Total time for which application threads were stopped: 0.0039193 seconds, Stopping threads took: 0.0006027 seconds
[2023-10-19T08:41:27.731+0000][47.942s][debug][safepoint     ] Safepoint synchronization initiated. (178 threads)
[2023-10-19T08:41:27.732+0000][47.943s][info ][safepoint     ] Application time: 0.0356490 seconds
[2023-10-19T08:41:27.732+0000][47.943s][debug][safepoint     ] ... found polling page return exception at pc = 0x00007f0de868821d, stub =0x00007f0de0840600
[2023-10-19T08:41:27.733+0000][47.944s][debug][safepoint     ] Waiting for 1 thread(s) to block
[2023-10-19T08:41:27.733+0000][47.944s][info ][safepoint     ] Entering safepoint region: Deoptimize
[2023-10-19T08:41:27.737+0000][47.948s][info ][safepoint     ] Leaving safepoint region
[2023-10-19T08:41:27.738+0000][47.949s][info ][safepoint     ] Total time for which application threads were stopped: 0.0055996 seconds, Stopping threads took: 0.0018164 seconds
[2023-10-19T08:41:27.740+0000][47.951s][debug][safepoint     ] Safepoint synchronization initiated. (178 threads)
[2023-10-19T08:41:27.741+0000][47.951s][info ][safepoint     ] Application time: 0.0016060 seconds
[2023-10-19T08:41:27.741+0000][47.952s][info ][safepoint     ] Entering safepoint region: Deoptimize
[2023-10-19T08:41:27.745+0000][47.956s][info ][safepoint     ] Leaving safepoint region
[2023-10-19T08:41:27.745+0000][47.956s][info ][safepoint     ] Total time for which application threads were stopped: 0.0043378 seconds, Stopping threads took: 0.0005835 seconds
[2023-10-19T08:41:27.749+0000][47.960s][debug][safepoint     ] Safepoint synchronization initiated. (178 threads)
[2023-10-19T08:41:27.750+0000][47.961s][info ][safepoint     ] Application time: 0.0038794 seconds
[2023-10-19T08:41:27.752+0000][47.963s][info ][safepoint     ] Entering safepoint region: Deoptimize
[2023-10-19T08:41:27.756+0000][47.967s][info ][safepoint     ] Leaving safepoint region
[2023-10-19T08:41:27.757+0000][47.967s][info ][safepoint     ] Total time for which application threads were stopped: 0.0045935 seconds, Stopping threads took: 0.0010986 seconds
[2023-10-19T08:41:27.858+0000][48.069s][debug][safepoint     ] Safepoint synchronization initiated. (179 threads)
[2023-10-19T08:41:27.858+0000][48.069s][info ][safepoint     ] Application time: 0.1009537 seconds
[2023-10-19T08:41:27.859+0000][48.069s][info ][safepoint     ] Entering safepoint region: Deoptimize
[2023-10-19T08:41:27.861+0000][48.072s][info ][safepoint     ] Leaving safepoint region
[2023-10-19T08:41:27.861+0000][48.072s][info ][safepoint     ] Total time for which application threads were stopped: 0.0027254 seconds, Stopping threads took: 0.0003596 seconds
[2023-10-19T08:41:27.868+0000][48.078s][debug][safepoint     ] Safepoint synchronization initiated. (179 threads)
[2023-10-19T08:41:27.868+0000][48.079s][info ][safepoint     ] Application time: 0.0065374 seconds
[2023-10-19T08:41:27.869+0000][48.079s][info ][safepoint     ] Entering safepoint region: Deoptimize
[2023-10-19T08:41:27.872+0000][48.082s][info ][safepoint     ] Leaving safepoint region
[2023-10-19T08:41:27.873+0000][48.083s][info ][safepoint     ] Total time for which application threads were stopped: 0.0040248 seconds, Stopping threads took: 0.0004398 seconds
[2023-10-19T08:41:28.873+0000][49.084s][debug][safepoint     ] Safepoint synchronization initiated. (177 threads)
[2023-10-19T08:41:28.874+0000][49.085s][info ][safepoint     ] Application time: 1.0009947 seconds
[2023-10-19T08:41:28.875+0000][49.086s][info ][safepoint     ] Entering safepoint region: Cleanup
[2023-10-19T08:41:28.876+0000][49.086s][info ][safepoint     ] Leaving safepoint region
[2023-10-19T08:41:28.876+0000][49.087s][info ][safepoint     ] Total time for which application threads were stopped: 0.0014109 seconds, Stopping threads took: 0.0005893 seconds
[2023-10-19T08:41:29.877+0000][50.088s][debug][safepoint     ] Safepoint synchronization initiated. (177 threads)
[2023-10-19T08:41:29.878+0000][50.089s][info ][safepoint     ] Application time: 1.0011422 seconds
[2023-10-19T08:41:29.878+0000][50.089s][info ][safepoint     ] Entering safepoint region: Cleanup
[2023-10-19T08:41:29.879+0000][50.090s][info ][safepoint     ] Leaving safepoint region
[2023-10-19T08:41:29.880+0000][50.091s][info ][safepoint     ] Total time for which application threads were stopped: 0.0012727 seconds, Stopping threads took: 0.0006301 seconds
[2023-10-19T08:41:30.880+0000][51.091s][debug][safepoint     ] Safepoint synchronization initiated. (177 threads)
[2023-10-19T08:41:30.881+0000][51.092s][info ][safepoint     ] Application time: 1.0008772 seconds
[2023-10-19T08:41:30.881+0000][51.092s][info ][safepoint     ] Entering safepoint region: Cleanup
[2023-10-19T08:41:30.882+0000][51.093s][info ][safepoint     ] Leaving safepoint region
[2023-10-19T08:41:30.883+0000][51.094s][info ][safepoint     ] Total time for which application threads were stopped: 0.0012504 seconds, Stopping threads took: 0.0004996 seconds
[2023-10-19T08:41:31.883+0000][52.094s][debug][safepoint     ] Safepoint synchronization initiated. (178 threads)
[2023-10-19T08:41:31.884+0000][52.095s][info ][safepoint     ] Application time: 1.0011316 seconds
[2023-10-19T08:41:31.885+0000][52.096s][info ][safepoint     ] Entering safepoint region: Cleanup
[2023-10-19T08:41:31.886+0000][52.097s][info ][safepoint     ] Leaving safepoint region
[2023-10-19T08:41:31.887+0000][52.098s][info ][safepoint     ] Total time for which application threads were stopped: 0.0017621 seconds, Stopping threads took: 0.0007658 seconds
[2023-10-19T08:41:32.888+0000][53.099s][debug][safepoint     ] Safepoint synchronization initiated. (178 threads)
[2023-10-19T08:41:32.888+0000][53.099s][info ][safepoint     ] Application time: 1.0009981 seconds
[2023-10-19T08:41:32.889+0000][53.100s][info ][safepoint     ] Entering safepoint region: Cleanup
[2023-10-19T08:41:32.890+0000][53.101s][info ][safepoint     ] Leaving safepoint region
[2023-10-19T08:41:32.890+0000][53.101s][info ][safepoint     ] Total time for which application threads were stopped: 0.0012970 seconds, Stopping threads took: 0.0005627 seconds
[2023-10-19T08:41:33.891+0000][54.102s][debug][safepoint     ] Safepoint synchronization initiated. (178 threads)
[2023-10-19T08:41:33.892+0000][54.103s][info ][safepoint     ] Application time: 1.0007969 seconds
[2023-10-19T08:41:33.892+0000][54.103s][info ][safepoint     ] Entering safepoint region: Cleanup
[2023-10-19T08:41:33.893+0000][54.104s][info ][safepoint     ] Leaving safepoint region
[2023-10-19T08:41:33.893+0000][54.104s][info ][safepoint     ] Total time for which application threads were stopped: 0.0010720 seconds, Stopping threads took: 0.0005138 seconds
[2023-10-19T08:41:34.894+0000][55.105s][debug][safepoint     ] Safepoint synchronization initiated. (178 threads)
[2023-10-19T08:41:34.895+0000][55.106s][info ][safepoint     ] Application time: 1.0010260 seconds
[2023-10-19T08:41:34.895+0000][55.106s][debug][safepoint     ] ... found polling page return exception at pc = 0x00007f0de898118f, stub =0x00007f0de0840600
[2023-10-19T08:41:34.896+0000][55.107s][debug][safepoint     ] Waiting for 1 thread(s) to block
[2023-10-19T08:41:34.897+0000][55.108s][info ][safepoint     ] Entering safepoint region: Cleanup
[2023-10-19T08:41:34.898+0000][55.109s][info ][safepoint     ] Leaving safepoint region
[2023-10-19T08:41:34.898+0000][55.109s][info ][safepoint     ] Total time for which application threads were stopped: 0.0030745 seconds, Stopping threads took: 0.0021889 seconds
[2023-10-19T08:41:35.899+0000][56.110s][debug][safepoint     ] Safepoint synchronization initiated. (178 threads)
[2023-10-19T08:41:35.900+0000][56.111s][info ][safepoint     ] Application time: 1.0009123 seconds
[2023-10-19T08:41:35.901+0000][56.112s][info ][safepoint     ] Entering safepoint region: Cleanup
[2023-10-19T08:41:35.901+0000][56.112s][info ][safepoint     ] Leaving safepoint region
[2023-10-19T08:41:35.902+0000][56.113s][info ][safepoint     ] Total time for which application threads were stopped: 0.0011520 seconds, Stopping threads took: 0.0005859 seconds
[2023-10-19T08:41:36.903+0000][57.114s][debug][safepoint     ] Safepoint synchronization initiated. (178 threads)
[2023-10-19T08:41:36.904+0000][57.115s][info ][safepoint     ] Application time: 1.0012362 seconds
[2023-10-19T08:41:36.904+0000][57.115s][info ][safepoint     ] Entering safepoint region: Cleanup
[2023-10-19T08:41:36.905+0000][57.116s][info ][safepoint     ] Leaving safepoint region
[2023-10-19T08:41:36.906+0000][57.117s][info ][safepoint     ] Total time for which application threads were stopped: 0.0015115 seconds, Stopping threads took: 0.0006819 seconds
[2023-10-19T08:41:37.907+0000][58.118s][debug][safepoint     ] Safepoint synchronization initiated. (178 threads)
[2023-10-19T08:41:37.908+0000][58.119s][info ][safepoint     ] Application time: 1.0009021 seconds
[2023-10-19T08:41:37.908+0000][58.119s][info ][safepoint     ] Entering safepoint region: Cleanup
[2023-10-19T08:41:37.909+0000][58.120s][info ][safepoint     ] Leaving safepoint region
[2023-10-19T08:41:37.910+0000][58.121s][info ][safepoint     ] Total time for which application threads were stopped: 0.0014173 seconds, Stopping threads took: 0.0005416 seconds
[2023-10-19T08:41:38.910+0000][59.121s][debug][safepoint     ] Safepoint synchronization initiated. (178 threads)
[2023-10-19T08:41:38.911+0000][59.122s][info ][safepoint     ] Application time: 1.0012846 seconds
[2023-10-19T08:41:38.912+0000][59.123s][info ][safepoint     ] Entering safepoint region: Cleanup
[2023-10-19T08:41:38.913+0000][59.124s][info ][safepoint     ] Leaving safepoint region
[2023-10-19T08:41:38.914+0000][59.125s][info ][safepoint     ] Total time for which application threads were stopped: 0.0012303 seconds, Stopping threads took: 0.0004949 seconds
[2023-10-19T08:41:39.914+0000][60.125s][debug][safepoint     ] Safepoint synchronization initiated. (178 threads)
[2023-10-19T08:41:39.915+0000][60.126s][info ][safepoint     ] Application time: 1.0007616 seconds
[2023-10-19T08:41:39.915+0000][60.126s][info ][safepoint     ] Entering safepoint region: Cleanup
[2023-10-19T08:41:39.916+0000][60.127s][info ][safepoint     ] Leaving safepoint region
[2023-10-19T08:41:39.917+0000][60.128s][info ][safepoint     ] Total time for which application threads were stopped: 0.0013822 seconds, Stopping threads took: 0.0006698 seconds
[2023-10-19T08:41:40.917+0000][61.128s][debug][safepoint     ] Safepoint synchronization initiated. (178 threads)
[2023-10-19T08:41:40.918+0000][61.129s][info ][safepoint     ] Application time: 1.0008539 seconds
[2023-10-19T08:41:40.919+0000][61.130s][info ][safepoint     ] Entering safepoint region: Cleanup
[2023-10-19T08:41:40.920+0000][61.131s][info ][safepoint     ] Leaving safepoint region
[2023-10-19T08:41:40.920+0000][61.131s][info ][safepoint     ] Total time for which application threads were stopped: 0.0012861 seconds, Stopping threads took: 0.0006153 seconds
[2023-10-19T08:41:41.921+0000][62.132s][debug][safepoint     ] Safepoint synchronization initiated. (179 threads)
[2023-10-19T08:41:41.921+0000][62.132s][info ][safepoint     ] Application time: 1.0005117 seconds
[2023-10-19T08:41:41.921+0000][62.132s][info ][safepoint     ] Entering safepoint region: Cleanup
[2023-10-19T08:41:41.922+0000][62.133s][info ][safepoint     ] Leaving safepoint region
[2023-10-19T08:41:41.922+0000][62.133s][info ][safepoint     ] Total time for which application threads were stopped: 0.0009165 seconds, Stopping threads took: 0.0003690 seconds
[2023-10-19T08:41:42.923+0000][63.134s][debug][safepoint     ] Safepoint synchronization initiated. (179 threads)
[2023-10-19T08:41:42.923+0000][63.134s][info ][safepoint     ] Application time: 1.0006788 seconds
[2023-10-19T08:41:42.924+0000][63.135s][info ][safepoint     ] Entering safepoint region: Cleanup
[2023-10-19T08:41:42.924+0000][63.135s][info ][safepoint     ] Leaving safepoint region
[2023-10-19T08:41:42.925+0000][63.136s][info ][safepoint     ] Total time for which application threads were stopped: 0.0010806 seconds, Stopping threads took: 0.0004745 seconds
[2023-10-19T08:41:43.925+0000][64.136s][debug][safepoint     ] Safepoint synchronization initiated. (179 threads)
[2023-10-19T08:41:43.926+0000][64.137s][info ][safepoint     ] Application time: 1.0008774 seconds
[2023-10-19T08:41:43.927+0000][64.138s][info ][safepoint     ] Entering safepoint region: Cleanup
[2023-10-19T08:41:43.927+0000][64.138s][info ][safepoint     ] Leaving safepoint region
[2023-10-19T08:41:43.928+0000][64.139s][info ][safepoint     ] Total time for which application threads were stopped: 0.0013126 seconds, Stopping threads took: 0.0005265 seconds
[2023-10-19T08:41:44.929+0000][65.140s][debug][safepoint     ] Safepoint synchronization initiated. (179 threads)
[2023-10-19T08:41:44.929+0000][65.140s][info ][safepoint     ] Application time: 1.0006801 seconds
[2023-10-19T08:41:44.929+0000][65.140s][info ][safepoint     ] Entering safepoint region: Cleanup
[2023-10-19T08:41:44.930+0000][65.141s][info ][safepoint     ] Leaving safepoint region
[2023-10-19T08:41:44.930+0000][65.141s][info ][safepoint     ] Total time for which application threads were stopped: 0.0010355 seconds, Stopping threads took: 0.0004082 seconds
[2023-10-19T08:41:45.931+0000][66.142s][debug][safepoint     ] Safepoint synchronization initiated. (179 threads)
[2023-10-19T08:41:45.932+0000][66.143s][info ][safepoint     ] Application time: 1.0013174 seconds
[2023-10-19T08:41:45.933+0000][66.144s][info ][safepoint     ] Entering safepoint region: Cleanup
[2023-10-19T08:41:45.934+0000][66.145s][info ][safepoint     ] Leaving safepoint region
[2023-10-19T08:41:45.935+0000][66.146s][info ][safepoint     ] Total time for which application threads were stopped: 0.0015757 seconds, Stopping threads took: 0.0007056 seconds
[2023-10-19T08:41:46.936+0000][67.147s][debug][safepoint     ] Safepoint synchronization initiated. (178 threads)
[2023-10-19T08:41:46.937+0000][67.148s][info ][safepoint     ] Application time: 1.0012945 seconds
[2023-10-19T08:41:46.938+0000][67.149s][info ][safepoint     ] Entering safepoint region: Cleanup
[2023-10-19T08:41:46.939+0000][67.150s][info ][safepoint     ] Leaving safepoint region
[2023-10-19T08:41:46.940+0000][67.151s][info ][safepoint     ] Total time for which application threads were stopped: 0.0020168 seconds, Stopping threads took: 0.0009201 seconds
[2023-10-19T08:41:47.941+0000][68.152s][debug][safepoint     ] Safepoint synchronization initiated. (178 threads)
[2023-10-19T08:41:47.942+0000][68.153s][info ][safepoint     ] Application time: 1.0017894 seconds
[2023-10-19T08:41:47.943+0000][68.154s][info ][safepoint     ] Entering safepoint region: Cleanup
[2023-10-19T08:41:47.945+0000][68.156s][info ][safepoint     ] Leaving safepoint region
[2023-10-19T08:41:47.946+0000][68.157s][info ][safepoint     ] Total time for which application threads were stopped: 0.0022690 seconds, Stopping threads took: 0.0010050 seconds
[2023-10-19T08:41:47.945+0000][68.156s][debug][safepoint     ] ... found polling page return exception at pc = 0x00007f0de87cbbc4, stub =0x00007f0de0840600
[2023-10-19T08:41:48.947+0000][69.158s][debug][safepoint     ] Safepoint synchronization initiated. (178 threads)
[2023-10-19T08:41:48.947+0000][69.158s][info ][safepoint     ] Application time: 1.0008051 seconds
[2023-10-19T08:41:48.948+0000][69.159s][info ][safepoint     ] Entering safepoint region: Cleanup
[2023-10-19T08:41:48.948+0000][69.159s][info ][safepoint     ] Leaving safepoint region
[2023-10-19T08:41:48.949+0000][69.160s][info ][safepoint     ] Total time for which application threads were stopped: 0.0012266 seconds, Stopping threads took: 0.0004549 seconds
[2023-10-19T08:41:49.950+0000][70.161s][debug][safepoint     ] Safepoint synchronization initiated. (178 threads)
[2023-10-19T08:41:49.950+0000][70.161s][info ][safepoint     ] Application time: 1.0008793 seconds
[2023-10-19T08:41:49.951+0000][70.162s][info ][safepoint     ] Entering safepoint region: Cleanup
[2023-10-19T08:41:49.952+0000][70.162s][info ][safepoint     ] Leaving safepoint region
[2023-10-19T08:41:49.952+0000][70.163s][info ][safepoint     ] Total time for which application threads were stopped: 0.0011356 seconds, Stopping threads took: 0.0004866 seconds
[2023-10-19T08:41:50.953+0000][71.164s][debug][safepoint     ] Safepoint synchronization initiated. (178 threads)
[2023-10-19T08:41:50.954+0000][71.165s][info ][safepoint     ] Application time: 1.0014114 seconds
[2023-10-19T08:41:50.954+0000][71.165s][info ][safepoint     ] Entering safepoint region: Cleanup
[2023-10-19T08:41:50.955+0000][71.166s][info ][safepoint     ] Leaving safepoint region
[2023-10-19T08:41:50.956+0000][71.167s][info ][safepoint     ] Total time for which application threads were stopped: 0.0012996 seconds, Stopping threads took: 0.0005053 seconds
[2023-10-19T08:41:51.956+0000][72.167s][debug][safepoint     ] Safepoint synchronization initiated. (179 threads)
[2023-10-19T08:41:51.957+0000][72.168s][info ][safepoint     ] Application time: 1.0009503 seconds
[2023-10-19T08:41:51.959+0000][72.170s][info ][safepoint     ] Entering safepoint region: Cleanup
[2023-10-19T08:41:51.959+0000][72.170s][info ][safepoint     ] Leaving safepoint region
[2023-10-19T08:41:51.960+0000][72.171s][info ][safepoint     ] Total time for which application threads were stopped: 0.0013262 seconds, Stopping threads took: 0.0006115 seconds
[2023-10-19T08:41:52.960+0000][73.171s][debug][safepoint     ] Safepoint synchronization initiated. (179 threads)
[2023-10-19T08:41:52.962+0000][73.173s][info ][safepoint     ] Application time: 1.0013325 seconds
[2023-10-19T08:41:52.962+0000][73.173s][info ][safepoint     ] Entering safepoint region: Cleanup
[2023-10-19T08:41:52.963+0000][73.174s][info ][safepoint     ] Leaving safepoint region
[2023-10-19T08:41:52.964+0000][73.175s][info ][safepoint     ] Total time for which application threads were stopped: 0.0016757 seconds, Stopping threads took: 0.0007624 seconds
[2023-10-19T08:41:53.965+0000][74.176s][debug][safepoint     ] Safepoint synchronization initiated. (179 threads)
[2023-10-19T08:41:53.966+0000][74.177s][info ][safepoint     ] Application time: 1.0012745 seconds
[2023-10-19T08:41:53.967+0000][74.178s][info ][safepoint     ] Entering safepoint region: Cleanup
[2023-10-19T08:41:53.969+0000][74.180s][info ][safepoint     ] Leaving safepoint region
[2023-10-19T08:41:53.970+0000][74.181s][info ][safepoint     ] Total time for which application threads were stopped: 0.0024638 seconds, Stopping threads took: 0.0010671 seconds
[2023-10-19T08:41:54.971+0000][75.181s][debug][safepoint     ] Safepoint synchronization initiated. (179 threads)
[2023-10-19T08:41:54.971+0000][75.182s][info ][safepoint     ] Application time: 1.0006849 seconds
[2023-10-19T08:41:54.971+0000][75.182s][info ][safepoint     ] Entering safepoint region: Cleanup
[2023-10-19T08:41:54.972+0000][75.183s][info ][safepoint     ] Leaving safepoint region
[2023-10-19T08:41:54.972+0000][75.183s][info ][safepoint     ] Total time for which application threads were stopped: 0.0008076 seconds, Stopping threads took: 0.0003434 seconds
[2023-10-19T08:41:55.973+0000][76.184s][debug][safepoint     ] Safepoint synchronization initiated. (182 threads)
[2023-10-19T08:41:55.974+0000][76.185s][info ][safepoint     ] Application time: 1.0010790 seconds
[2023-10-19T08:41:55.974+0000][76.185s][info ][safepoint     ] Entering safepoint region: Cleanup
[2023-10-19T08:41:55.975+0000][76.186s][info ][safepoint     ] Leaving safepoint region
[2023-10-19T08:41:55.976+0000][76.187s][info ][safepoint     ] Total time for which application threads were stopped: 0.0015054 seconds, Stopping threads took: 0.0006885 seconds
[2023-10-19T08:41:56.976+0000][77.187s][debug][safepoint     ] Safepoint synchronization initiated. (180 threads)
[2023-10-19T08:41:56.977+0000][77.188s][info ][safepoint     ] Application time: 1.0007011 seconds
[2023-10-19T08:41:56.977+0000][77.188s][info ][safepoint     ] Entering safepoint region: Cleanup
[2023-10-19T08:41:56.978+0000][77.189s][info ][safepoint     ] Leaving safepoint region
[2023-10-19T08:41:56.978+0000][77.189s][info ][safepoint     ] Total time for which application threads were stopped: 0.0009329 seconds, Stopping threads took: 0.0003820 seconds
[2023-10-19T08:41:57.979+0000][78.190s][debug][safepoint     ] Safepoint synchronization initiated. (180 threads)
[2023-10-19T08:41:57.979+0000][78.190s][info ][safepoint     ] Application time: 1.0009427 seconds
[2023-10-19T08:41:57.980+0000][78.191s][info ][safepoint     ] Entering safepoint region: Cleanup
[2023-10-19T08:41:57.981+0000][78.192s][info ][safepoint     ] Leaving safepoint region
[2023-10-19T08:41:57.981+0000][78.192s][info ][safepoint     ] Total time for which application threads were stopped: 0.0014098 seconds, Stopping threads took: 0.0006253 seconds
[2023-10-19T08:41:58.982+0000][79.193s][debug][safepoint     ] Safepoint synchronization initiated. (180 threads)
[2023-10-19T08:41:58.983+0000][79.194s][info ][safepoint     ] Application time: 1.0009788 seconds
[2023-10-19T08:41:58.984+0000][79.195s][info ][safepoint     ] Entering safepoint region: Cleanup
[2023-10-19T08:41:58.984+0000][79.195s][info ][safepoint     ] Leaving safepoint region
[2023-10-19T08:41:58.985+0000][79.196s][info ][safepoint     ] Total time for which application threads were stopped: 0.0011559 seconds, Stopping threads took: 0.0005078 seconds
[2023-10-19T08:41:59.985+0000][80.196s][debug][safepoint     ] Safepoint synchronization initiated. (180 threads)
[2023-10-19T08:41:59.986+0000][80.197s][info ][safepoint     ] Application time: 1.0008290 seconds
[2023-10-19T08:41:59.986+0000][80.197s][info ][safepoint     ] Entering safepoint region: Cleanup
[2023-10-19T08:41:59.987+0000][80.198s][info ][safepoint     ] Leaving safepoint region
[2023-10-19T08:41:59.988+0000][80.198s][info ][safepoint     ] Total time for which application threads were stopped: 0.0011496 seconds, Stopping threads took: 0.0004915 seconds
[2023-10-19T08:42:00.988+0000][81.199s][debug][safepoint     ] Safepoint synchronization initiated. (180 threads)
[2023-10-19T08:42:00.989+0000][81.200s][info ][safepoint     ] Application time: 1.0010697 seconds
[2023-10-19T08:42:00.990+0000][81.201s][info ][safepoint     ] Entering safepoint region: Cleanup
[2023-10-19T08:42:00.991+0000][81.202s][info ][safepoint     ] Leaving safepoint region
[2023-10-19T08:42:00.992+0000][81.203s][info ][safepoint     ] Total time for which application threads were stopped: 0.0018391 seconds, Stopping threads took: 0.0007897 seconds
[2023-10-19T08:42:01.993+0000][82.203s][debug][safepoint     ] Safepoint synchronization initiated. (180 threads)
[2023-10-19T08:42:01.994+0000][82.205s][info ][safepoint     ] Application time: 1.0013121 seconds
[2023-10-19T08:42:01.994+0000][82.205s][info ][safepoint     ] Entering safepoint region: Cleanup
[2023-10-19T08:42:01.995+0000][82.206s][info ][safepoint     ] Leaving safepoint region
[2023-10-19T08:42:01.996+0000][82.207s][info ][safepoint     ] Total time for which application threads were stopped: 0.0014278 seconds, Stopping threads took: 0.0007146 seconds
[2023-10-19T08:42:02.997+0000][83.208s][debug][safepoint     ] Safepoint synchronization initiated. (180 threads)
[2023-10-19T08:42:02.997+0000][83.208s][info ][safepoint     ] Application time: 1.0008851 seconds
[2023-10-19T08:42:02.998+0000][83.209s][info ][safepoint     ] Entering safepoint region: Cleanup
[2023-10-19T08:42:02.999+0000][83.210s][info ][safepoint     ] Leaving safepoint region
[2023-10-19T08:42:02.999+0000][83.210s][info ][safepoint     ] Total time for which application threads were stopped: 0.0014938 seconds, Stopping threads took: 0.0006038 seconds
[2023-10-19T08:42:04.000+0000][84.211s][debug][safepoint     ] Safepoint synchronization initiated. (180 threads)
[2023-10-19T08:42:04.001+0000][84.212s][info ][safepoint     ] Application time: 1.0012433 seconds
[2023-10-19T08:42:04.003+0000][84.214s][info ][safepoint     ] Entering safepoint region: Cleanup
[2023-10-19T08:42:04.004+0000][84.215s][info ][safepoint     ] Leaving safepoint region
[2023-10-19T08:42:04.005+0000][84.216s][info ][safepoint     ] Total time for which application threads were stopped: 0.0020398 seconds, Stopping threads took: 0.0010047 seconds
[2023-10-19T08:42:05.006+0000][85.217s][debug][safepoint     ] Safepoint synchronization initiated. (180 threads)
[2023-10-19T08:42:05.006+0000][85.217s][info ][safepoint     ] Application time: 1.0009832 seconds
[2023-10-19T08:42:05.007+0000][85.218s][info ][safepoint     ] Entering safepoint region: Cleanup
[2023-10-19T08:42:05.008+0000][85.219s][info ][safepoint     ] Leaving safepoint region
[2023-10-19T08:42:05.009+0000][85.220s][info ][safepoint     ] Total time for which application threads were stopped: 0.0015682 seconds, Stopping threads took: 0.0007227 seconds
[2023-10-19T08:42:06.010+0000][86.221s][debug][safepoint     ] Safepoint synchronization initiated. (180 threads)
[2023-10-19T08:42:06.010+0000][86.221s][info ][safepoint     ] Application time: 1.0010371 seconds
[2023-10-19T08:42:06.011+0000][86.222s][info ][safepoint     ] Entering safepoint region: Cleanup
[2023-10-19T08:42:06.012+0000][86.223s][info ][safepoint     ] Leaving safepoint region
[2023-10-19T08:42:06.013+0000][86.224s][info ][safepoint     ] Total time for which application threads were stopped: 0.0017682 seconds, Stopping threads took: 0.0008025 seconds
[2023-10-19T08:42:07.014+0000][87.225s][debug][safepoint     ] Safepoint synchronization initiated. (180 threads)
[2023-10-19T08:42:07.015+0000][87.226s][info ][safepoint     ] Application time: 1.0013570 seconds
[2023-10-19T08:42:07.016+0000][87.227s][info ][safepoint     ] Entering safepoint region: Cleanup
[2023-10-19T08:42:07.018+0000][87.228s][info ][safepoint     ] Leaving safepoint region
[2023-10-19T08:42:07.018+0000][87.229s][info ][safepoint     ] Total time for which application threads were stopped: 0.0023969 seconds, Stopping threads took: 0.0011053 seconds
[2023-10-19T08:42:08.020+0000][88.231s][debug][safepoint     ] Safepoint synchronization initiated. (180 threads)
[2023-10-19T08:42:08.020+0000][88.231s][info ][safepoint     ] Application time: 1.0009261 seconds
[2023-10-19T08:42:08.021+0000][88.232s][info ][safepoint     ] Entering safepoint region: Cleanup
[2023-10-19T08:42:08.021+0000][88.232s][info ][safepoint     ] Leaving safepoint region
[2023-10-19T08:42:08.022+0000][88.233s][info ][safepoint     ] Total time for which application threads were stopped: 0.0011190 seconds, Stopping threads took: 0.0004947 seconds
[2023-10-19T08:42:09.023+0000][89.234s][debug][safepoint     ] Safepoint synchronization initiated. (180 threads)
[2023-10-19T08:42:09.024+0000][89.235s][info ][safepoint     ] Application time: 1.0017258 seconds
[2023-10-19T08:42:09.025+0000][89.236s][info ][safepoint     ] Entering safepoint region: Cleanup
[2023-10-19T08:42:09.027+0000][89.238s][info ][safepoint     ] Leaving safepoint region
[2023-10-19T08:42:09.028+0000][89.239s][info ][safepoint     ] Total time for which application threads were stopped: 0.0024322 seconds, Stopping threads took: 0.0010207 seconds
[2023-10-19T08:42:10.029+0000][90.240s][debug][safepoint     ] Safepoint synchronization initiated. (180 threads)
[2023-10-19T08:42:10.029+0000][90.240s][info ][safepoint     ] Application time: 1.0008657 seconds
[2023-10-19T08:42:10.030+0000][90.241s][info ][safepoint     ] Entering safepoint region: Cleanup
[2023-10-19T08:42:10.031+0000][90.241s][info ][safepoint     ] Leaving safepoint region
[2023-10-19T08:42:10.031+0000][90.242s][info ][safepoint     ] Total time for which application threads were stopped: 0.0013709 seconds, Stopping threads took: 0.0005599 seconds
[2023-10-19T08:42:11.032+0000][91.243s][debug][safepoint     ] Safepoint synchronization initiated. (180 threads)
[2023-10-19T08:42:11.033+0000][91.244s][info ][safepoint     ] Application time: 1.0013369 seconds
[2023-10-19T08:42:11.034+0000][91.245s][info ][safepoint     ] Entering safepoint region: Cleanup
[2023-10-19T08:42:11.035+0000][91.246s][info ][safepoint     ] Leaving safepoint region
[2023-10-19T08:42:11.036+0000][91.247s][info ][safepoint     ] Total time for which application threads were stopped: 0.0023773 seconds, Stopping threads took: 0.0008304 seconds
[2023-10-19T08:42:12.037+0000][92.248s][debug][safepoint     ] Safepoint synchronization initiated. (180 threads)
[2023-10-19T08:42:12.039+0000][92.250s][info ][safepoint     ] Application time: 1.0016681 seconds
[2023-10-19T08:42:12.039+0000][92.250s][info ][safepoint     ] Entering safepoint region: Cleanup
[2023-10-19T08:42:12.040+0000][92.251s][info ][safepoint     ] Leaving safepoint region
[2023-10-19T08:42:12.041+0000][92.252s][info ][safepoint     ] Total time for which application threads were stopped: 0.0016201 seconds, Stopping threads took: 0.0007778 seconds
[2023-10-19T08:42:12.040+0000][92.251s][debug][safepoint     ] ... found polling page return exception at pc = 0x00007f0de87cbbc4, stub =0x00007f0de0840600
[2023-10-19T08:42:12.040+0000][92.251s][debug][safepoint     ] ... found polling page return exception at pc = 0x00007f0de87cbbc4, stub =0x00007f0de0840600
[2023-10-19T08:42:12.040+0000][92.251s][debug][safepoint     ] ... found polling page return exception at pc = 0x00007f0de87cbbc4, stub =0x00007f0de0840600
[2023-10-19T08:42:12.040+0000][92.251s][debug][safepoint     ] ... found polling page return exception at pc = 0x00007f0de87cbbc4, stub =0x00007f0de0840600
[2023-10-19T08:42:12.040+0000][92.251s][debug][safepoint     ] ... found polling page return exception at pc = 0x00007f0de87cbbc4, stub =0x00007f0de0840600
[2023-10-19T08:42:13.042+0000][93.253s][debug][safepoint     ] Safepoint synchronization initiated. (180 threads)
[2023-10-19T08:42:13.043+0000][93.254s][info ][safepoint     ] Application time: 1.0013475 seconds
[2023-10-19T08:42:13.044+0000][93.255s][info ][safepoint     ] Entering safepoint region: Cleanup
[2023-10-19T08:42:13.045+0000][93.256s][info ][safepoint     ] Leaving safepoint region
[2023-10-19T08:42:13.046+0000][93.257s][info ][safepoint     ] Total time for which application threads were stopped: 0.0020306 seconds, Stopping threads took: 0.0008519 seconds
[2023-10-19T08:42:14.047+0000][94.258s][debug][safepoint     ] Safepoint synchronization initiated. (180 threads)
[2023-10-19T08:42:14.048+0000][94.259s][info ][safepoint     ] Application time: 1.0013977 seconds
[2023-10-19T08:42:14.049+0000][94.260s][info ][safepoint     ] Entering safepoint region: Cleanup
[2023-10-19T08:42:14.050+0000][94.261s][info ][safepoint     ] Leaving safepoint region
[2023-10-19T08:42:14.051+0000][94.262s][info ][safepoint     ] Total time for which application threads were stopped: 0.0019944 seconds, Stopping threads took: 0.0008430 seconds
[2023-10-19T08:42:15.052+0000][95.263s][debug][safepoint     ] Safepoint synchronization initiated. (180 threads)
[2023-10-19T08:42:15.053+0000][95.264s][info ][safepoint     ] Application time: 1.0016912 seconds
[2023-10-19T08:42:15.054+0000][95.265s][info ][safepoint     ] Entering safepoint region: Cleanup
[2023-10-19T08:42:15.056+0000][95.267s][info ][safepoint     ] Leaving safepoint region
[2023-10-19T08:42:15.057+0000][95.268s][info ][safepoint     ] Total time for which application threads were stopped: 0.0025889 seconds, Stopping threads took: 0.0011911 seconds
[2023-10-19T08:42:15.716+0000][95.927s][debug][safepoint     ] Safepoint synchronization initiated. (181 threads)
[2023-10-19T08:42:15.716+0000][95.927s][info ][safepoint     ] Application time: 0.6587371 seconds
[2023-10-19T08:42:15.717+0000][95.928s][info ][safepoint     ] Entering safepoint region: Deoptimize
[2023-10-19T08:42:15.720+0000][95.931s][info ][safepoint     ] Leaving safepoint region
[2023-10-19T08:42:15.720+0000][95.931s][info ][safepoint     ] Total time for which application threads were stopped: 0.0032970 seconds, Stopping threads took: 0.0004472 seconds
[2023-10-19T08:42:16.721+0000][96.932s][debug][safepoint     ] Safepoint synchronization initiated. (180 threads)
[2023-10-19T08:42:16.722+0000][96.933s][info ][safepoint     ] Application time: 1.0010969 seconds
[2023-10-19T08:42:16.723+0000][96.934s][info ][safepoint     ] Entering safepoint region: Cleanup
[2023-10-19T08:42:16.724+0000][96.935s][info ][safepoint     ] Leaving safepoint region
[2023-10-19T08:42:16.725+0000][96.935s][info ][safepoint     ] Total time for which application threads were stopped: 0.0019324 seconds, Stopping threads took: 0.0007900 seconds
[2023-10-19T08:42:17.725+0000][97.936s][debug][safepoint     ] Safepoint synchronization initiated. (180 threads)
[2023-10-19T08:42:17.726+0000][97.937s][info ][safepoint     ] Application time: 1.0007223 seconds
[2023-10-19T08:42:17.726+0000][97.937s][info ][safepoint     ] Entering safepoint region: Cleanup
[2023-10-19T08:42:17.727+0000][97.938s][info ][safepoint     ] Leaving safepoint region
[2023-10-19T08:42:17.728+0000][97.939s][info ][safepoint     ] Total time for which application threads were stopped: 0.0015150 seconds, Stopping threads took: 0.0006013 seconds
[2023-10-19T08:42:18.729+0000][98.940s][debug][safepoint     ] Safepoint synchronization initiated. (180 threads)
[2023-10-19T08:42:18.730+0000][98.941s][info ][safepoint     ] Application time: 1.0013602 seconds
[2023-10-19T08:42:18.731+0000][98.942s][info ][safepoint     ] Entering safepoint region: Cleanup
[2023-10-19T08:42:18.732+0000][98.943s][info ][safepoint     ] Leaving safepoint region
[2023-10-19T08:42:18.733+0000][98.944s][info ][safepoint     ] Total time for which application threads were stopped: 0.0018222 seconds, Stopping threads took: 0.0009712 seconds
[2023-10-19T08:42:19.733+0000][99.944s][debug][safepoint     ] Safepoint synchronization initiated. (180 threads)
[2023-10-19T08:42:19.734+0000][99.945s][info ][safepoint     ] Application time: 1.0012597 seconds
[2023-10-19T08:42:19.735+0000][99.946s][info ][safepoint     ] Entering safepoint region: Cleanup
[2023-10-19T08:42:19.736+0000][99.947s][info ][safepoint     ] Leaving safepoint region
[2023-10-19T08:42:19.737+0000][99.947s][info ][safepoint     ] Total time for which application threads were stopped: 0.0013618 seconds, Stopping threads took: 0.0006211 seconds
[2023-10-19T08:42:20.738+0000][100.949s][debug][safepoint     ] Safepoint synchronization initiated. (180 threads)
[2023-10-19T08:42:20.739+0000][100.950s][info ][safepoint     ] Application time: 1.0017785 seconds
[2023-10-19T08:42:20.740+0000][100.951s][info ][safepoint     ] Entering safepoint region: Cleanup
[2023-10-19T08:42:20.741+0000][100.952s][info ][safepoint     ] Leaving safepoint region
[2023-10-19T08:42:20.742+0000][100.953s][info ][safepoint     ] Total time for which application threads were stopped: 0.0020995 seconds, Stopping threads took: 0.0010098 seconds
[2023-10-19T08:42:21.743+0000][101.954s][debug][safepoint     ] Safepoint synchronization initiated. (180 threads)
[2023-10-19T08:42:21.744+0000][101.955s][info ][safepoint     ] Application time: 1.0009361 seconds
[2023-10-19T08:42:21.744+0000][101.955s][info ][safepoint     ] Entering safepoint region: Cleanup
[2023-10-19T08:42:21.745+0000][101.956s][info ][safepoint     ] Leaving safepoint region
[2023-10-19T08:42:21.746+0000][101.957s][info ][safepoint     ] Total time for which application threads were stopped: 0.0013985 seconds, Stopping threads took: 0.0006170 seconds
[2023-10-19T08:42:22.747+0000][102.957s][debug][safepoint     ] Safepoint synchronization initiated. (180 threads)
[2023-10-19T08:42:22.748+0000][102.959s][info ][safepoint     ] Application time: 1.0012889 seconds
[2023-10-19T08:42:22.749+0000][102.959s][info ][safepoint     ] Entering safepoint region: Cleanup
[2023-10-19T08:42:22.750+0000][102.961s][info ][safepoint     ] Leaving safepoint region
[2023-10-19T08:42:22.750+0000][102.961s][info ][safepoint     ] Total time for which application threads were stopped: 0.0019283 seconds, Stopping threads took: 0.0008386 seconds
[2023-10-19T08:42:23.751+0000][103.962s][debug][safepoint     ] Safepoint synchronization initiated. (180 threads)
[2023-10-19T08:42:23.752+0000][103.963s][info ][safepoint     ] Application time: 1.0010362 seconds
[2023-10-19T08:42:23.753+0000][103.963s][info ][safepoint     ] Entering safepoint region: Cleanup
[2023-10-19T08:42:23.753+0000][103.964s][info ][safepoint     ] Leaving safepoint region
[2023-10-19T08:42:23.754+0000][103.965s][info ][safepoint     ] Total time for which application threads were stopped: 0.0011855 seconds, Stopping threads took: 0.0005311 seconds
[2023-10-19T08:42:24.754+0000][104.965s][debug][safepoint     ] Safepoint synchronization initiated. (180 threads)
[2023-10-19T08:42:24.755+0000][104.966s][info ][safepoint     ] Application time: 1.0009036 seconds
[2023-10-19T08:42:24.756+0000][104.966s][info ][safepoint     ] Entering safepoint region: Cleanup
[2023-10-19T08:42:24.756+0000][104.967s][info ][safepoint     ] Leaving safepoint region
[2023-10-19T08:42:24.757+0000][104.968s][info ][safepoint     ] Total time for which application threads were stopped: 0.0014204 seconds, Stopping threads took: 0.0006737 seconds
[2023-10-19T08:42:25.758+0000][105.969s][debug][safepoint     ] Safepoint synchronization initiated. (180 threads)
[2023-10-19T08:42:25.758+0000][105.969s][info ][safepoint     ] Application time: 1.0009170 seconds
[2023-10-19T08:42:25.759+0000][105.970s][info ][safepoint     ] Entering safepoint region: Cleanup
[2023-10-19T08:42:25.760+0000][105.971s][info ][safepoint     ] Leaving safepoint region
[2023-10-19T08:42:25.760+0000][105.971s][info ][safepoint     ] Total time for which application threads were stopped: 0.0013993 seconds, Stopping threads took: 0.0005877 seconds
[2023-10-19T08:42:26.761+0000][106.972s][debug][safepoint     ] Safepoint synchronization initiated. (180 threads)
[2023-10-19T08:42:26.762+0000][106.973s][info ][safepoint     ] Application time: 1.0009861 seconds
[2023-10-19T08:42:26.763+0000][106.974s][info ][safepoint     ] Entering safepoint region: Cleanup
[2023-10-19T08:42:26.763+0000][106.974s][info ][safepoint     ] Leaving safepoint region
[2023-10-19T08:42:26.764+0000][106.975s][info ][safepoint     ] Total time for which application threads were stopped: 0.0012753 seconds, Stopping threads took: 0.0005810 seconds
[2023-10-19T08:42:27.765+0000][107.975s][debug][safepoint     ] Safepoint synchronization initiated. (180 threads)
[2023-10-19T08:42:27.765+0000][107.976s][info ][safepoint     ] Application time: 1.0010090 seconds
[2023-10-19T08:42:27.766+0000][107.977s][info ][safepoint     ] Entering safepoint region: Cleanup
[2023-10-19T08:42:27.767+0000][107.977s][info ][safepoint     ] Leaving safepoint region
[2023-10-19T08:42:27.767+0000][107.978s][info ][safepoint     ] Total time for which application threads were stopped: 0.0013276 seconds, Stopping threads took: 0.0006035 seconds
[2023-10-19T08:42:28.768+0000][108.979s][debug][safepoint     ] Safepoint synchronization initiated. (180 threads)
[2023-10-19T08:42:28.768+0000][108.979s][info ][safepoint     ] Application time: 1.0009823 seconds
[2023-10-19T08:42:28.769+0000][108.980s][info ][safepoint     ] Entering safepoint region: Cleanup
[2023-10-19T08:42:28.770+0000][108.981s][info ][safepoint     ] Leaving safepoint region
[2023-10-19T08:42:28.771+0000][108.982s][info ][safepoint     ] Total time for which application threads were stopped: 0.0014488 seconds, Stopping threads took: 0.0007792 seconds
[2023-10-19T08:42:29.772+0000][109.983s][debug][safepoint     ] Safepoint synchronization initiated. (180 threads)
[2023-10-19T08:42:29.772+0000][109.983s][info ][safepoint     ] Application time: 1.0010153 seconds
[2023-10-19T08:42:29.773+0000][109.984s][info ][safepoint     ] Entering safepoint region: Cleanup
[2023-10-19T08:42:29.774+0000][109.985s][info ][safepoint     ] Leaving safepoint region
[2023-10-19T08:42:29.774+0000][109.985s][info ][safepoint     ] Total time for which application threads were stopped: 0.0012817 seconds, Stopping threads took: 0.0006397 seconds
[2023-10-19T08:42:30.775+0000][110.986s][debug][safepoint     ] Safepoint synchronization initiated. (180 threads)
[2023-10-19T08:42:30.776+0000][110.987s][info ][safepoint     ] Application time: 1.0010937 seconds
[2023-10-19T08:42:30.777+0000][110.988s][info ][safepoint     ] Entering safepoint region: Cleanup
[2023-10-19T08:42:30.779+0000][110.990s][info ][safepoint     ] Leaving safepoint region
[2023-10-19T08:42:30.779+0000][110.990s][info ][safepoint     ] Total time for which application threads were stopped: 0.0019357 seconds, Stopping threads took: 0.0009607 seconds
[2023-10-19T08:42:31.780+0000][111.991s][debug][safepoint     ] Safepoint synchronization initiated. (180 threads)
[2023-10-19T08:42:31.781+0000][111.992s][info ][safepoint     ] Application time: 1.0010246 seconds
[2023-10-19T08:42:31.782+0000][111.993s][info ][safepoint     ] Entering safepoint region: Cleanup
[2023-10-19T08:42:31.782+0000][111.993s][info ][safepoint     ] Leaving safepoint region
[2023-10-19T08:42:31.783+0000][111.994s][info ][safepoint     ] Total time for which application threads were stopped: 0.0012874 seconds, Stopping threads took: 0.0006200 seconds
[2023-10-19T08:42:32.784+0000][112.995s][debug][safepoint     ] Safepoint synchronization initiated. (180 threads)
[2023-10-19T08:42:32.785+0000][112.996s][info ][safepoint     ] Application time: 1.0011546 seconds
[2023-10-19T08:42:32.785+0000][112.996s][info ][safepoint     ] Entering safepoint region: Cleanup
[2023-10-19T08:42:32.786+0000][112.997s][info ][safepoint     ] Leaving safepoint region
[2023-10-19T08:42:32.787+0000][112.998s][info ][safepoint     ] Total time for which application threads were stopped: 0.0015187 seconds, Stopping threads took: 0.0006420 seconds
[2023-10-19T08:42:33.788+0000][113.998s][debug][safepoint     ] Safepoint synchronization initiated. (180 threads)
[2023-10-19T08:42:33.788+0000][113.999s][info ][safepoint     ] Application time: 1.0009290 seconds
[2023-10-19T08:42:33.789+0000][114.000s][info ][safepoint     ] Entering safepoint region: Cleanup
[2023-10-19T08:42:33.790+0000][114.000s][info ][safepoint     ] Leaving safepoint region
[2023-10-19T08:42:33.790+0000][114.001s][info ][safepoint     ] Total time for which application threads were stopped: 0.0011619 seconds, Stopping threads took: 0.0005680 seconds
[2023-10-19T08:42:34.791+0000][115.002s][debug][safepoint     ] Safepoint synchronization initiated. (180 threads)
[2023-10-19T08:42:34.792+0000][115.003s][info ][safepoint     ] Application time: 1.0013943 seconds
[2023-10-19T08:42:34.793+0000][115.004s][info ][safepoint     ] Entering safepoint region: Cleanup
[2023-10-19T08:42:34.794+0000][115.005s][info ][safepoint     ] Leaving safepoint region
[2023-10-19T08:42:34.795+0000][115.005s][info ][safepoint     ] Total time for which application threads were stopped: 0.0018428 seconds, Stopping threads took: 0.0008486 seconds
[2023-10-19T08:42:35.796+0000][116.006s][debug][safepoint     ] Safepoint synchronization initiated. (180 threads)
[2023-10-19T08:42:35.796+0000][116.007s][info ][safepoint     ] Application time: 1.0009351 seconds
[2023-10-19T08:42:35.797+0000][116.008s][info ][safepoint     ] Entering safepoint region: Cleanup
[2023-10-19T08:42:35.798+0000][116.009s][info ][safepoint     ] Leaving safepoint region
[2023-10-19T08:42:35.798+0000][116.009s][info ][safepoint     ] Total time for which application threads were stopped: 0.0014083 seconds, Stopping threads took: 0.0006611 seconds
[2023-10-19T08:42:36.799+0000][117.010s][debug][safepoint     ] Safepoint synchronization initiated. (180 threads)
[2023-10-19T08:42:36.800+0000][117.011s][info ][safepoint     ] Application time: 1.0009526 seconds
[2023-10-19T08:42:36.801+0000][117.011s][info ][safepoint     ] Entering safepoint region: Cleanup
[2023-10-19T08:42:36.802+0000][117.012s][info ][safepoint     ] Leaving safepoint region
[2023-10-19T08:42:36.802+0000][117.013s][info ][safepoint     ] Total time for which application threads were stopped: 0.0017360 seconds, Stopping threads took: 0.0007866 seconds
[2023-10-19T08:42:37.341+0000][117.551s][debug][safepoint     ] Safepoint synchronization initiated. (180 threads)
[2023-10-19T08:42:37.341+0000][117.552s][info ][safepoint     ] Application time: 0.5380460 seconds
[2023-10-19T08:42:37.341+0000][117.552s][info ][safepoint     ] Entering safepoint region: G1CollectForAllocation
[2023-10-19T08:42:37.342+0000][117.553s][info ][gc,start      ] GC(64) Pause Young (Normal) (G1 Evacuation Pause)
[2023-10-19T08:42:37.343+0000][117.553s][info ][gc,task       ] GC(64) Using 8 workers of 8 for evacuation
[2023-10-19T08:42:37.354+0000][117.565s][info ][gc,phases     ] GC(64)   Pre Evacuate Collection Set: 0.0ms
[2023-10-19T08:42:37.355+0000][117.565s][info ][gc,phases     ] GC(64)   Evacuate Collection Set: 7.9ms
[2023-10-19T08:42:37.355+0000][117.566s][info ][gc,phases     ] GC(64)   Post Evacuate Collection Set: 2.8ms
[2023-10-19T08:42:37.356+0000][117.566s][info ][gc,phases     ] GC(64)   Other: 1.1ms
[2023-10-19T08:42:37.356+0000][117.567s][info ][gc,heap       ] GC(64) Eden regions: 142->0(140)
[2023-10-19T08:42:37.357+0000][117.567s][info ][gc,heap       ] GC(64) Survivor regions: 16->12(20)
[2023-10-19T08:42:37.357+0000][117.568s][info ][gc,heap       ] GC(64) Old regions: 136->141
[2023-10-19T08:42:37.358+0000][117.568s][info ][gc,heap       ] GC(64) Humongous regions: 10->10
[2023-10-19T08:42:37.358+0000][117.569s][info ][gc,metaspace  ] GC(64) Metaspace: 161198K(166352K)->161198K(166352K) NonClass: 142238K(145360K)->142238K(145360K) Class: 18959K(20992K)->18959K(20992K)
[2023-10-19T08:42:37.359+0000][117.569s][info ][gc            ] GC(64) Pause Young (Normal) (G1 Evacuation Pause) 301M->161M(350M) 16.324ms
[2023-10-19T08:42:37.359+0000][117.570s][info ][gc,cpu        ] GC(64) User=0.07s Sys=0.00s Real=0.01s
[2023-10-19T08:42:37.359+0000][117.570s][info ][safepoint     ] Leaving safepoint region
[2023-10-19T08:42:37.360+0000][117.571s][info ][safepoint     ] Total time for which application threads were stopped: 0.0184359 seconds, Stopping threads took: 0.0005396 seconds
[2023-10-19T08:42:37.360+0000][117.571s][info ][gc,stringdedup] Concurrent String Deduplication (117.571s)
[2023-10-19T08:42:37.362+0000][117.573s][info ][gc,stringdedup] Concurrent String Deduplication 130.4K->69896.0B(63616.0B) avg 54.4% (117.571s, 117.573s) 1.494ms
[2023-10-19T08:42:38.361+0000][118.571s][debug][safepoint     ] Safepoint synchronization initiated. (180 threads)
[2023-10-19T08:42:38.361+0000][118.572s][info ][safepoint     ] Application time: 1.0010432 seconds
[2023-10-19T08:42:38.362+0000][118.573s][info ][safepoint     ] Entering safepoint region: Cleanup
[2023-10-19T08:42:38.363+0000][118.574s][info ][safepoint     ] Leaving safepoint region
[2023-10-19T08:42:38.364+0000][118.574s][info ][safepoint     ] Total time for which application threads were stopped: 0.0014468 seconds, Stopping threads took: 0.0006665 seconds
[2023-10-19T08:42:39.364+0000][119.575s][debug][safepoint     ] Safepoint synchronization initiated. (180 threads)
[2023-10-19T08:42:39.365+0000][119.576s][info ][safepoint     ] Application time: 1.0008193 seconds
[2023-10-19T08:42:39.366+0000][119.576s][info ][safepoint     ] Entering safepoint region: Cleanup
[2023-10-19T08:42:39.366+0000][119.577s][info ][safepoint     ] Leaving safepoint region
[2023-10-19T08:42:39.367+0000][119.578s][info ][safepoint     ] Total time for which application threads were stopped: 0.0016199 seconds, Stopping threads took: 0.0007223 seconds
[2023-10-19T08:42:40.368+0000][120.578s][debug][safepoint     ] Safepoint synchronization initiated. (180 threads)
[2023-10-19T08:42:40.369+0000][120.579s][info ][safepoint     ] Application time: 1.0009171 seconds
[2023-10-19T08:42:40.369+0000][120.580s][info ][safepoint     ] Entering safepoint region: Cleanup
[2023-10-19T08:42:40.370+0000][120.581s][info ][safepoint     ] Leaving safepoint region
[2023-10-19T08:42:40.371+0000][120.581s][info ][safepoint     ] Total time for which application threads were stopped: 0.0014783 seconds, Stopping threads took: 0.0005469 seconds
[2023-10-19T08:42:41.372+0000][121.582s][debug][safepoint     ] Safepoint synchronization initiated. (180 threads)
[2023-10-19T08:42:41.372+0000][121.583s][info ][safepoint     ] Application time: 1.0010792 seconds
[2023-10-19T08:42:41.373+0000][121.584s][info ][safepoint     ] Entering safepoint region: Cleanup
[2023-10-19T08:42:41.374+0000][121.585s][info ][safepoint     ] Leaving safepoint region
[2023-10-19T08:42:41.375+0000][121.586s][info ][safepoint     ] Total time for which application threads were stopped: 0.0016235 seconds, Stopping threads took: 0.0007166 seconds
[2023-10-19T08:42:42.376+0000][122.586s][debug][safepoint     ] Safepoint synchronization initiated. (180 threads)
[2023-10-19T08:42:42.376+0000][122.587s][info ][safepoint     ] Application time: 1.0008311 seconds
[2023-10-19T08:42:42.377+0000][122.587s][info ][safepoint     ] Entering safepoint region: Cleanup
[2023-10-19T08:42:42.377+0000][122.588s][info ][safepoint     ] Leaving safepoint region
[2023-10-19T08:42:42.378+0000][122.589s][info ][safepoint     ] Total time for which application threads were stopped: 0.0011932 seconds, Stopping threads took: 0.0005102 seconds
[2023-10-19T08:42:43.378+0000][123.589s][debug][safepoint     ] Safepoint synchronization initiated. (180 threads)
[2023-10-19T08:42:43.379+0000][123.590s][info ][safepoint     ] Application time: 1.0010804 seconds
[2023-10-19T08:42:43.380+0000][123.591s][info ][safepoint     ] Entering safepoint region: Cleanup
[2023-10-19T08:42:43.381+0000][123.592s][info ][safepoint     ] Leaving safepoint region
[2023-10-19T08:42:43.382+0000][123.593s][info ][safepoint     ] Total time for which application threads were stopped: 0.0016869 seconds, Stopping threads took: 0.0007517 seconds
[2023-10-19T08:42:44.383+0000][124.593s][debug][safepoint     ] Safepoint synchronization initiated. (180 threads)
[2023-10-19T08:42:44.384+0000][124.594s][info ][safepoint     ] Application time: 1.0010055 seconds
[2023-10-19T08:42:44.384+0000][124.595s][info ][safepoint     ] Entering safepoint region: Cleanup
[2023-10-19T08:42:44.385+0000][124.596s][info ][safepoint     ] Leaving safepoint region
[2023-10-19T08:42:44.386+0000][124.597s][info ][safepoint     ] Total time for which application threads were stopped: 0.0017447 seconds, Stopping threads took: 0.0007718 seconds
[2023-10-19T08:42:45.387+0000][125.598s][debug][safepoint     ] Safepoint synchronization initiated. (180 threads)
[2023-10-19T08:42:45.388+0000][125.599s][info ][safepoint     ] Application time: 1.0012537 seconds
[2023-10-19T08:42:45.389+0000][125.600s][info ][safepoint     ] Entering safepoint region: Cleanup
[2023-10-19T08:42:45.390+0000][125.601s][info ][safepoint     ] Leaving safepoint region
[2023-10-19T08:42:45.391+0000][125.602s][info ][safepoint     ] Total time for which application threads were stopped: 0.0019514 seconds, Stopping threads took: 0.0008533 seconds
[2023-10-19T08:42:46.392+0000][126.603s][debug][safepoint     ] Safepoint synchronization initiated. (180 threads)
[2023-10-19T08:42:46.393+0000][126.604s][info ][safepoint     ] Application time: 1.0015131 seconds
[2023-10-19T08:42:46.394+0000][126.605s][info ][safepoint     ] Entering safepoint region: Cleanup
[2023-10-19T08:42:46.395+0000][126.606s][info ][safepoint     ] Leaving safepoint region
[2023-10-19T08:42:46.396+0000][126.607s][info ][safepoint     ] Total time for which application threads were stopped: 0.0020224 seconds, Stopping threads took: 0.0008866 seconds
[2023-10-19T08:42:47.397+0000][127.608s][debug][safepoint     ] Safepoint synchronization initiated. (180 threads)
[2023-10-19T08:42:47.397+0000][127.608s][info ][safepoint     ] Application time: 1.0008840 seconds
[2023-10-19T08:42:47.398+0000][127.609s][info ][safepoint     ] Entering safepoint region: Cleanup
[2023-10-19T08:42:47.399+0000][127.610s][info ][safepoint     ] Leaving safepoint region
[2023-10-19T08:42:47.399+0000][127.610s][info ][safepoint     ] Total time for which application threads were stopped: 0.0014063 seconds, Stopping threads took: 0.0006174 seconds
[2023-10-19T08:42:48.400+0000][128.611s][debug][safepoint     ] Safepoint synchronization initiated. (180 threads)
[2023-10-19T08:42:48.401+0000][128.612s][info ][safepoint     ] Application time: 1.0011176 seconds
[2023-10-19T08:42:48.402+0000][128.613s][info ][safepoint     ] Entering safepoint region: Cleanup
[2023-10-19T08:42:48.403+0000][128.614s][info ][safepoint     ] Leaving safepoint region
[2023-10-19T08:42:48.404+0000][128.614s][info ][safepoint     ] Total time for which application threads were stopped: 0.0017310 seconds, Stopping threads took: 0.0007392 seconds
[2023-10-19T08:42:49.404+0000][129.615s][debug][safepoint     ] Safepoint synchronization initiated. (180 threads)
[2023-10-19T08:42:49.405+0000][129.616s][info ][safepoint     ] Application time: 1.0008659 seconds
[2023-10-19T08:42:49.406+0000][129.616s][info ][safepoint     ] Entering safepoint region: Cleanup
[2023-10-19T08:42:49.407+0000][129.617s][info ][safepoint     ] Leaving safepoint region
[2023-10-19T08:42:49.407+0000][129.618s][info ][safepoint     ] Total time for which application threads were stopped: 0.0014081 seconds, Stopping threads took: 0.0005735 seconds
[2023-10-19T08:42:50.408+0000][130.618s][debug][safepoint     ] Safepoint synchronization initiated. (180 threads)
[2023-10-19T08:42:50.408+0000][130.619s][info ][safepoint     ] Application time: 1.0009090 seconds
[2023-10-19T08:42:50.409+0000][130.620s][info ][safepoint     ] Entering safepoint region: Cleanup
[2023-10-19T08:42:50.410+0000][130.620s][info ][safepoint     ] Leaving safepoint region
[2023-10-19T08:42:50.410+0000][130.621s][info ][safepoint     ] Total time for which application threads were stopped: 0.0012068 seconds, Stopping threads took: 0.0005575 seconds
[2023-10-19T08:42:51.411+0000][131.622s][debug][safepoint     ] Safepoint synchronization initiated. (180 threads)
[2023-10-19T08:42:51.412+0000][131.622s][info ][safepoint     ] Application time: 1.0010941 seconds
[2023-10-19T08:42:51.413+0000][131.624s][info ][safepoint     ] Entering safepoint region: Cleanup
[2023-10-19T08:42:51.415+0000][131.625s][info ][safepoint     ] Leaving safepoint region
[2023-10-19T08:42:51.415+0000][131.626s][info ][safepoint     ] Total time for which application threads were stopped: 0.0017865 seconds, Stopping threads took: 0.0008480 seconds
[2023-10-19T08:42:52.416+0000][132.627s][debug][safepoint     ] Safepoint synchronization initiated. (180 threads)
[2023-10-19T08:42:52.417+0000][132.628s][info ][safepoint     ] Application time: 1.0013190 seconds
[2023-10-19T08:42:52.418+0000][132.629s][info ][safepoint     ] Entering safepoint region: Cleanup
[2023-10-19T08:42:52.419+0000][132.630s][info ][safepoint     ] Leaving safepoint region
[2023-10-19T08:42:52.420+0000][132.631s][info ][safepoint     ] Total time for which application threads were stopped: 0.0020518 seconds, Stopping threads took: 0.0009334 seconds
[2023-10-19T08:42:53.421+0000][133.632s][debug][safepoint     ] Safepoint synchronization initiated. (180 threads)
[2023-10-19T08:42:53.423+0000][133.633s][info ][safepoint     ] Application time: 1.0015591 seconds
[2023-10-19T08:42:53.424+0000][133.634s][info ][safepoint     ] Entering safepoint region: Cleanup
[2023-10-19T08:42:53.425+0000][133.636s][info ][safepoint     ] Leaving safepoint region
[2023-10-19T08:42:53.426+0000][133.636s][info ][safepoint     ] Total time for which application threads were stopped: 0.0021182 seconds, Stopping threads took: 0.0010006 seconds
[2023-10-19T08:42:54.427+0000][134.638s][debug][safepoint     ] Safepoint synchronization initiated. (180 threads)
[2023-10-19T08:42:54.428+0000][134.639s][info ][safepoint     ] Application time: 1.0012616 seconds
[2023-10-19T08:42:54.429+0000][134.640s][info ][safepoint     ] Entering safepoint region: Cleanup
[2023-10-19T08:42:54.430+0000][134.641s][info ][safepoint     ] Leaving safepoint region
[2023-10-19T08:42:54.431+0000][134.641s][info ][safepoint     ] Total time for which application threads were stopped: 0.0019502 seconds, Stopping threads took: 0.0008166 seconds
[2023-10-19T08:42:55.432+0000][135.643s][debug][safepoint     ] Safepoint synchronization initiated. (180 threads)
[2023-10-19T08:42:55.433+0000][135.644s][info ][safepoint     ] Application time: 1.0016024 seconds
[2023-10-19T08:42:55.434+0000][135.645s][info ][safepoint     ] Entering safepoint region: Cleanup
[2023-10-19T08:42:55.435+0000][135.646s][info ][safepoint     ] Leaving safepoint region
[2023-10-19T08:42:55.436+0000][135.647s][info ][safepoint     ] Total time for which application threads were stopped: 0.0021728 seconds, Stopping threads took: 0.0008556 seconds
[2023-10-19T08:42:56.437+0000][136.648s][debug][safepoint     ] Safepoint synchronization initiated. (180 threads)
[2023-10-19T08:42:56.438+0000][136.649s][info ][safepoint     ] Application time: 1.0013531 seconds
[2023-10-19T08:42:56.439+0000][136.650s][info ][safepoint     ] Entering safepoint region: Cleanup
[2023-10-19T08:42:56.440+0000][136.651s][info ][safepoint     ] Leaving safepoint region
[2023-10-19T08:42:56.441+0000][136.652s][info ][safepoint     ] Total time for which application threads were stopped: 0.0015877 seconds, Stopping threads took: 0.0007229 seconds
[2023-10-19T08:42:57.442+0000][137.653s][debug][safepoint     ] Safepoint synchronization initiated. (179 threads)
[2023-10-19T08:42:57.443+0000][137.653s][info ][safepoint     ] Application time: 1.0010308 seconds
[2023-10-19T08:42:57.443+0000][137.654s][info ][safepoint     ] Entering safepoint region: Cleanup
[2023-10-19T08:42:57.444+0000][137.655s][info ][safepoint     ] Leaving safepoint region
[2023-10-19T08:42:57.445+0000][137.655s][info ][safepoint     ] Total time for which application threads were stopped: 0.0013747 seconds, Stopping threads took: 0.0005840 seconds
[2023-10-19T08:42:57.444+0000][137.655s][debug][safepoint     ] ... found polling page return exception at pc = 0x00007f0de87cbbc4, stub =0x00007f0de0840600
[2023-10-19T08:42:57.444+0000][137.655s][debug][safepoint     ] ... found polling page return exception at pc = 0x00007f0de87cbbc4, stub =0x00007f0de0840600
[2023-10-19T08:42:57.444+0000][137.655s][debug][safepoint     ] ... found polling page return exception at pc = 0x00007f0de87cbbc4, stub =0x00007f0de0840600
[2023-10-19T08:42:57.444+0000][137.655s][debug][safepoint     ] ... found polling page return exception at pc = 0x00007f0de87cbbc4, stub =0x00007f0de0840600
[2023-10-19T08:42:57.444+0000][137.655s][debug][safepoint     ] ... found polling page return exception at pc = 0x00007f0de87cbbc4, stub =0x00007f0de0840600
[2023-10-19T08:42:57.444+0000][137.655s][debug][safepoint     ] ... found polling page return exception at pc = 0x00007f0de87cbbc4, stub =0x00007f0de0840600
[2023-10-19T08:42:58.445+0000][138.656s][debug][safepoint     ] Safepoint synchronization initiated. (179 threads)
[2023-10-19T08:42:58.446+0000][138.657s][info ][safepoint     ] Application time: 1.0007091 seconds
[2023-10-19T08:42:58.446+0000][138.657s][info ][safepoint     ] Entering safepoint region: Cleanup
[2023-10-19T08:42:58.447+0000][138.658s][info ][safepoint     ] Leaving safepoint region
[2023-10-19T08:42:58.447+0000][138.658s][info ][safepoint     ] Total time for which application threads were stopped: 0.0009091 seconds, Stopping threads took: 0.0003747 seconds
[2023-10-19T08:42:59.448+0000][139.658s][debug][safepoint     ] Safepoint synchronization initiated. (179 threads)
[2023-10-19T08:42:59.448+0000][139.659s][info ][safepoint     ] Application time: 1.0008968 seconds
[2023-10-19T08:42:59.449+0000][139.660s][info ][safepoint     ] Entering safepoint region: Cleanup
[2023-10-19T08:42:59.450+0000][139.660s][info ][safepoint     ] Leaving safepoint region
[2023-10-19T08:42:59.450+0000][139.661s][info ][safepoint     ] Total time for which application threads were stopped: 0.0012054 seconds, Stopping threads took: 0.0005525 seconds
[2023-10-19T08:43:00.451+0000][140.661s][debug][safepoint     ] Safepoint synchronization initiated. (179 threads)
[2023-10-19T08:43:00.451+0000][140.662s][info ][safepoint     ] Application time: 1.0006570 seconds
[2023-10-19T08:43:00.452+0000][140.662s][info ][safepoint     ] Entering safepoint region: Cleanup
[2023-10-19T08:43:00.452+0000][140.663s][info ][safepoint     ] Leaving safepoint region
[2023-10-19T08:43:00.453+0000][140.663s][info ][safepoint     ] Total time for which application threads were stopped: 0.0010861 seconds, Stopping threads took: 0.0005221 seconds
[2023-10-19T08:43:01.453+0000][141.664s][debug][safepoint     ] Safepoint synchronization initiated. (179 threads)
[2023-10-19T08:43:01.454+0000][141.665s][info ][safepoint     ] Application time: 1.0010969 seconds
[2023-10-19T08:43:01.455+0000][141.666s][info ][safepoint     ] Entering safepoint region: Cleanup
[2023-10-19T08:43:01.456+0000][141.667s][info ][safepoint     ] Leaving safepoint region
[2023-10-19T08:43:01.456+0000][141.667s][info ][safepoint     ] Total time for which application threads were stopped: 0.0016952 seconds, Stopping threads took: 0.0006953 seconds
[2023-10-19T08:43:02.457+0000][142.668s][debug][safepoint     ] Safepoint synchronization initiated. (179 threads)
[2023-10-19T08:43:02.458+0000][142.668s][info ][safepoint     ] Application time: 1.0006895 seconds
[2023-10-19T08:43:02.458+0000][142.669s][info ][safepoint     ] Entering safepoint region: Cleanup
[2023-10-19T08:43:02.459+0000][142.670s][info ][safepoint     ] Leaving safepoint region
[2023-10-19T08:43:02.459+0000][142.670s][info ][safepoint     ] Total time for which application threads were stopped: 0.0012183 seconds, Stopping threads took: 0.0005242 seconds
[2023-10-19T08:43:03.460+0000][143.671s][debug][safepoint     ] Safepoint synchronization initiated. (179 threads)
[2023-10-19T08:43:03.461+0000][143.672s][info ][safepoint     ] Application time: 1.0014235 seconds
[2023-10-19T08:43:03.462+0000][143.673s][info ][safepoint     ] Entering safepoint region: Cleanup
[2023-10-19T08:43:03.463+0000][143.674s][info ][safepoint     ] Leaving safepoint region
[2023-10-19T08:43:03.464+0000][143.675s][info ][safepoint     ] Total time for which application threads were stopped: 0.0018720 seconds, Stopping threads took: 0.0008865 seconds
[2023-10-19T08:43:04.465+0000][144.675s][debug][safepoint     ] Safepoint synchronization initiated. (179 threads)
[2023-10-19T08:43:04.465+0000][144.676s][info ][safepoint     ] Application time: 1.0007465 seconds
[2023-10-19T08:43:04.466+0000][144.677s][info ][safepoint     ] Entering safepoint region: Cleanup
[2023-10-19T08:43:04.467+0000][144.677s][info ][safepoint     ] Leaving safepoint region
[2023-10-19T08:43:04.467+0000][144.678s][info ][safepoint     ] Total time for which application threads were stopped: 0.0013734 seconds, Stopping threads took: 0.0006213 seconds
[2023-10-19T08:43:05.468+0000][145.679s][debug][safepoint     ] Safepoint synchronization initiated. (179 threads)
[2023-10-19T08:43:05.469+0000][145.679s][info ][safepoint     ] Application time: 1.0008712 seconds
[2023-10-19T08:43:05.469+0000][145.680s][info ][safepoint     ] Entering safepoint region: Cleanup
[2023-10-19T08:43:05.470+0000][145.681s][info ][safepoint     ] Leaving safepoint region
[2023-10-19T08:43:05.470+0000][145.681s][info ][safepoint     ] Total time for which application threads were stopped: 0.0012207 seconds, Stopping threads took: 0.0005579 seconds
[2023-10-19T08:43:06.471+0000][146.682s][debug][safepoint     ] Safepoint synchronization initiated. (179 threads)
[2023-10-19T08:43:06.472+0000][146.682s][info ][safepoint     ] Application time: 1.0009209 seconds
[2023-10-19T08:43:06.472+0000][146.683s][info ][safepoint     ] Entering safepoint region: Cleanup
[2023-10-19T08:43:06.473+0000][146.684s][info ][safepoint     ] Leaving safepoint region
[2023-10-19T08:43:06.474+0000][146.685s][info ][safepoint     ] Total time for which application threads were stopped: 0.0016521 seconds, Stopping threads took: 0.0006811 seconds
[2023-10-19T08:43:07.475+0000][147.686s][debug][safepoint     ] Safepoint synchronization initiated. (179 threads)
[2023-10-19T08:43:07.476+0000][147.687s][info ][safepoint     ] Application time: 1.0015564 seconds
[2023-10-19T08:43:07.478+0000][147.688s][info ][safepoint     ] Entering safepoint region: Cleanup
[2023-10-19T08:43:07.479+0000][147.690s][info ][safepoint     ] Leaving safepoint region
[2023-10-19T08:43:07.480+0000][147.691s][info ][safepoint     ] Total time for which application threads were stopped: 0.0024225 seconds, Stopping threads took: 0.0011011 seconds
[2023-10-19T08:43:08.481+0000][148.692s][debug][safepoint     ] Safepoint synchronization initiated. (179 threads)
[2023-10-19T08:43:08.482+0000][148.692s][info ][safepoint     ] Application time: 1.0011034 seconds
[2023-10-19T08:43:08.483+0000][148.693s][info ][safepoint     ] Entering safepoint region: Cleanup
[2023-10-19T08:43:08.483+0000][148.694s][info ][safepoint     ] Leaving safepoint region
[2023-10-19T08:43:08.484+0000][148.695s][info ][safepoint     ] Total time for which application threads were stopped: 0.0018533 seconds, Stopping threads took: 0.0007216 seconds
[2023-10-19T08:43:09.485+0000][149.696s][debug][safepoint     ] Safepoint synchronization initiated. (179 threads)
[2023-10-19T08:43:09.486+0000][149.696s][info ][safepoint     ] Application time: 1.0006752 seconds
[2023-10-19T08:43:09.486+0000][149.697s][info ][safepoint     ] Entering safepoint region: Cleanup
[2023-10-19T08:43:09.487+0000][149.697s][info ][safepoint     ] Leaving safepoint region
[2023-10-19T08:43:09.487+0000][149.698s][info ][safepoint     ] Total time for which application threads were stopped: 0.0010678 seconds, Stopping threads took: 0.0004746 seconds
[2023-10-19T08:43:10.488+0000][150.699s][debug][safepoint     ] Safepoint synchronization initiated. (179 threads)
[2023-10-19T08:43:10.489+0000][150.700s][info ][safepoint     ] Application time: 1.0015160 seconds
[2023-10-19T08:43:10.490+0000][150.701s][info ][safepoint     ] Entering safepoint region: Cleanup
[2023-10-19T08:43:10.492+0000][150.702s][info ][safepoint     ] Leaving safepoint region
[2023-10-19T08:43:10.493+0000][150.703s][info ][safepoint     ] Total time for which application threads were stopped: 0.0024143 seconds, Stopping threads took: 0.0011082 seconds
[2023-10-19T08:43:11.494+0000][151.704s][debug][safepoint     ] Safepoint synchronization initiated. (179 threads)
[2023-10-19T08:43:11.495+0000][151.705s][info ][safepoint     ] Application time: 1.0014700 seconds
[2023-10-19T08:43:11.496+0000][151.706s][info ][safepoint     ] Entering safepoint region: Cleanup
[2023-10-19T08:43:11.497+0000][151.707s][info ][safepoint     ] Leaving safepoint region
[2023-10-19T08:43:11.497+0000][151.708s][info ][safepoint     ] Total time for which application threads were stopped: 0.0019416 seconds, Stopping threads took: 0.0009130 seconds
[2023-10-19T08:43:12.498+0000][152.709s][debug][safepoint     ] Safepoint synchronization initiated. (179 threads)
[2023-10-19T08:43:12.499+0000][152.710s][info ][safepoint     ] Application time: 1.0012785 seconds
[2023-10-19T08:43:12.500+0000][152.711s][info ][safepoint     ] Entering safepoint region: Cleanup
[2023-10-19T08:43:12.501+0000][152.712s][info ][safepoint     ] Leaving safepoint region
[2023-10-19T08:43:12.502+0000][152.712s][info ][safepoint     ] Total time for which application threads were stopped: 0.0017967 seconds, Stopping threads took: 0.0007629 seconds
[2023-10-19T08:43:13.503+0000][153.713s][debug][safepoint     ] Safepoint synchronization initiated. (179 threads)
[2023-10-19T08:43:13.504+0000][153.714s][info ][safepoint     ] Application time: 1.0011753 seconds
[2023-10-19T08:43:13.505+0000][153.715s][info ][safepoint     ] Entering safepoint region: Cleanup
[2023-10-19T08:43:13.506+0000][153.716s][info ][safepoint     ] Leaving safepoint region
[2023-10-19T08:43:13.506+0000][153.717s][info ][safepoint     ] Total time for which application threads were stopped: 0.0018860 seconds, Stopping threads took: 0.0008146 seconds
[2023-10-19T08:43:14.507+0000][154.718s][debug][safepoint     ] Safepoint synchronization initiated. (179 threads)
[2023-10-19T08:43:14.508+0000][154.719s][info ][safepoint     ] Application time: 1.0010999 seconds
[2023-10-19T08:43:14.509+0000][154.719s][info ][safepoint     ] Entering safepoint region: Cleanup
[2023-10-19T08:43:14.510+0000][154.720s][info ][safepoint     ] Leaving safepoint region
[2023-10-19T08:43:14.510+0000][154.721s][info ][safepoint     ] Total time for which application threads were stopped: 0.0013592 seconds, Stopping threads took: 0.0006486 seconds
[2023-10-19T08:43:15.511+0000][155.721s][debug][safepoint     ] Safepoint synchronization initiated. (179 threads)
[2023-10-19T08:43:15.511+0000][155.722s][info ][safepoint     ] Application time: 1.0008121 seconds
[2023-10-19T08:43:15.512+0000][155.723s][info ][safepoint     ] Entering safepoint region: Cleanup
[2023-10-19T08:43:15.513+0000][155.723s][info ][safepoint     ] Leaving safepoint region
[2023-10-19T08:43:15.513+0000][155.724s][info ][safepoint     ] Total time for which application threads were stopped: 0.0011675 seconds, Stopping threads took: 0.0005727 seconds
[2023-10-19T08:43:16.514+0000][156.724s][debug][safepoint     ] Safepoint synchronization initiated. (178 threads)
[2023-10-19T08:43:16.514+0000][156.725s][info ][safepoint     ] Application time: 1.0007132 seconds
[2023-10-19T08:43:16.515+0000][156.725s][info ][safepoint     ] Entering safepoint region: Cleanup
[2023-10-19T08:43:16.515+0000][156.726s][info ][safepoint     ] Leaving safepoint region
[2023-10-19T08:43:16.516+0000][156.726s][info ][safepoint     ] Total time for which application threads were stopped: 0.0011082 seconds, Stopping threads took: 0.0004949 seconds
[2023-10-19T08:43:17.516+0000][157.727s][debug][safepoint     ] Safepoint synchronization initiated. (176 threads)
[2023-10-19T08:43:17.518+0000][157.728s][info ][safepoint     ] Application time: 1.0013583 seconds
[2023-10-19T08:43:17.518+0000][157.729s][info ][safepoint     ] Entering safepoint region: Cleanup
[2023-10-19T08:43:17.519+0000][157.730s][info ][safepoint     ] Leaving safepoint region
[2023-10-19T08:43:17.520+0000][157.731s][info ][safepoint     ] Total time for which application threads were stopped: 0.0016423 seconds, Stopping threads took: 0.0008176 seconds
[2023-10-19T08:43:18.521+0000][158.732s][debug][safepoint     ] Safepoint synchronization initiated. (176 threads)
[2023-10-19T08:43:18.522+0000][158.733s][info ][safepoint     ] Application time: 1.0012698 seconds
[2023-10-19T08:43:18.523+0000][158.733s][info ][safepoint     ] Entering safepoint region: Cleanup
[2023-10-19T08:43:18.524+0000][158.735s][info ][safepoint     ] Leaving safepoint region
[2023-10-19T08:43:18.525+0000][158.735s][info ][safepoint     ] Total time for which application threads were stopped: 0.0018458 seconds, Stopping threads took: 0.0007616 seconds
[2023-10-19T08:43:19.525+0000][159.736s][debug][safepoint     ] Safepoint synchronization initiated. (176 threads)
[2023-10-19T08:43:19.526+0000][159.737s][info ][safepoint     ] Application time: 1.0008745 seconds
[2023-10-19T08:43:19.527+0000][159.737s][info ][safepoint     ] Entering safepoint region: Cleanup
[2023-10-19T08:43:19.527+0000][159.738s][info ][safepoint     ] Leaving safepoint region
[2023-10-19T08:43:19.528+0000][159.738s][info ][safepoint     ] Total time for which application threads were stopped: 0.0012965 seconds, Stopping threads took: 0.0005722 seconds
[2023-10-19T08:43:20.529+0000][160.739s][debug][safepoint     ] Safepoint synchronization initiated. (176 threads)
[2023-10-19T08:43:20.529+0000][160.740s][info ][safepoint     ] Application time: 1.0012200 seconds
[2023-10-19T08:43:20.530+0000][160.741s][info ][safepoint     ] Entering safepoint region: Cleanup
[2023-10-19T08:43:20.531+0000][160.742s][info ][safepoint     ] Leaving safepoint region
[2023-10-19T08:43:20.532+0000][160.743s][info ][safepoint     ] Total time for which application threads were stopped: 0.0017313 seconds, Stopping threads took: 0.0007469 seconds
[2023-10-19T08:43:21.533+0000][161.743s][debug][safepoint     ] Safepoint synchronization initiated. (176 threads)
[2023-10-19T08:43:21.533+0000][161.744s][info ][safepoint     ] Application time: 1.0008508 seconds
[2023-10-19T08:43:21.534+0000][161.745s][info ][safepoint     ] Entering safepoint region: Cleanup
[2023-10-19T08:43:21.535+0000][161.746s][info ][safepoint     ] Leaving safepoint region
[2023-10-19T08:43:21.535+0000][161.746s][info ][safepoint     ] Total time for which application threads were stopped: 0.0014314 seconds, Stopping threads took: 0.0006580 seconds
[2023-10-19T08:43:22.536+0000][162.747s][debug][safepoint     ] Safepoint synchronization initiated. (176 threads)
[2023-10-19T08:43:22.537+0000][162.748s][info ][safepoint     ] Application time: 1.0010118 seconds
[2023-10-19T08:43:22.537+0000][162.748s][info ][safepoint     ] Entering safepoint region: Cleanup
[2023-10-19T08:43:22.538+0000][162.749s][info ][safepoint     ] Leaving safepoint region
[2023-10-19T08:43:22.539+0000][162.749s][info ][safepoint     ] Total time for which application threads were stopped: 0.0012063 seconds, Stopping threads took: 0.0004808 seconds
[2023-10-19T08:43:23.539+0000][163.750s][debug][safepoint     ] Safepoint synchronization initiated. (176 threads)
[2023-10-19T08:43:23.540+0000][163.751s][info ][safepoint     ] Application time: 1.0011302 seconds
[2023-10-19T08:43:23.541+0000][163.752s][info ][safepoint     ] Entering safepoint region: Cleanup
[2023-10-19T08:43:23.542+0000][163.752s][info ][safepoint     ] Leaving safepoint region
[2023-10-19T08:43:23.542+0000][163.753s][info ][safepoint     ] Total time for which application threads were stopped: 0.0014036 seconds, Stopping threads took: 0.0005936 seconds
[2023-10-19T08:43:24.543+0000][164.753s][debug][safepoint     ] Safepoint synchronization initiated. (176 threads)
[2023-10-19T08:43:24.543+0000][164.754s][info ][safepoint     ] Application time: 1.0005902 seconds
[2023-10-19T08:43:24.544+0000][164.754s][info ][safepoint     ] Entering safepoint region: Cleanup
[2023-10-19T08:43:24.544+0000][164.755s][info ][safepoint     ] Leaving safepoint region
[2023-10-19T08:43:24.545+0000][164.755s][info ][safepoint     ] Total time for which application threads were stopped: 0.0009400 seconds, Stopping threads took: 0.0003689 seconds
[2023-10-19T08:43:25.545+0000][165.756s][debug][safepoint     ] Safepoint synchronization initiated. (176 threads)
[2023-10-19T08:43:25.546+0000][165.757s][info ][safepoint     ] Application time: 1.0010235 seconds
[2023-10-19T08:43:25.547+0000][165.757s][info ][safepoint     ] Entering safepoint region: Cleanup
[2023-10-19T08:43:25.548+0000][165.758s][info ][safepoint     ] Leaving safepoint region
[2023-10-19T08:43:25.548+0000][165.759s][info ][safepoint     ] Total time for which application threads were stopped: 0.0016898 seconds, Stopping threads took: 0.0008349 seconds
[2023-10-19T08:43:26.549+0000][166.760s][debug][safepoint     ] Safepoint synchronization initiated. (176 threads)
[2023-10-19T08:43:26.550+0000][166.760s][info ][safepoint     ] Application time: 1.0008177 seconds
[2023-10-19T08:43:26.550+0000][166.761s][info ][safepoint     ] Entering safepoint region: Cleanup
[2023-10-19T08:43:26.551+0000][166.761s][info ][safepoint     ] Leaving safepoint region
[2023-10-19T08:43:26.551+0000][166.762s][info ][safepoint     ] Total time for which application threads were stopped: 0.0011739 seconds, Stopping threads took: 0.0005071 seconds
[2023-10-19T08:43:27.552+0000][167.763s][debug][safepoint     ] Safepoint synchronization initiated. (176 threads)
[2023-10-19T08:43:27.553+0000][167.764s][info ][safepoint     ] Application time: 1.0012381 seconds
[2023-10-19T08:43:27.554+0000][167.764s][info ][safepoint     ] Entering safepoint region: Cleanup
[2023-10-19T08:43:27.554+0000][167.765s][info ][safepoint     ] Leaving safepoint region
[2023-10-19T08:43:27.555+0000][167.765s][info ][safepoint     ] Total time for which application threads were stopped: 0.0012573 seconds, Stopping threads took: 0.0005426 seconds
[2023-10-19T08:43:28.556+0000][168.766s][debug][safepoint     ] Safepoint synchronization initiated. (176 threads)
[2023-10-19T08:43:28.556+0000][168.767s][info ][safepoint     ] Application time: 1.0010343 seconds
[2023-10-19T08:43:28.557+0000][168.768s][info ][safepoint     ] Entering safepoint region: Cleanup
[2023-10-19T08:43:28.557+0000][168.768s][info ][safepoint     ] Leaving safepoint region
[2023-10-19T08:43:28.558+0000][168.769s][info ][safepoint     ] Total time for which application threads were stopped: 0.0011166 seconds, Stopping threads took: 0.0004250 seconds
[2023-10-19T08:43:29.559+0000][169.769s][debug][safepoint     ] Safepoint synchronization initiated. (176 threads)
[2023-10-19T08:43:29.559+0000][169.770s][info ][safepoint     ] Application time: 1.0007677 seconds
[2023-10-19T08:43:29.560+0000][169.770s][info ][safepoint     ] Entering safepoint region: Cleanup
[2023-10-19T08:43:29.560+0000][169.771s][info ][safepoint     ] Leaving safepoint region
[2023-10-19T08:43:29.561+0000][169.771s][info ][safepoint     ] Total time for which application threads were stopped: 0.0011537 seconds, Stopping threads took: 0.0005132 seconds
[2023-10-19T08:43:30.561+0000][170.772s][debug][safepoint     ] Safepoint synchronization initiated. (176 threads)
[2023-10-19T08:43:30.562+0000][170.773s][info ][safepoint     ] Application time: 1.0008095 seconds
[2023-10-19T08:43:30.563+0000][170.773s][info ][safepoint     ] Entering safepoint region: Cleanup
[2023-10-19T08:43:30.563+0000][170.774s][info ][safepoint     ] Leaving safepoint region
[2023-10-19T08:43:30.564+0000][170.774s][info ][safepoint     ] Total time for which application threads were stopped: 0.0012385 seconds, Stopping threads took: 0.0005072 seconds
[2023-10-19T08:43:31.564+0000][171.775s][debug][safepoint     ] Safepoint synchronization initiated. (176 threads)
[2023-10-19T08:43:31.565+0000][171.776s][info ][safepoint     ] Application time: 1.0008399 seconds
[2023-10-19T08:43:31.566+0000][171.776s][info ][safepoint     ] Entering safepoint region: Cleanup
[2023-10-19T08:43:31.566+0000][171.777s][info ][safepoint     ] Leaving safepoint region
[2023-10-19T08:43:31.567+0000][171.777s][info ][safepoint     ] Total time for which application threads were stopped: 0.0011679 seconds, Stopping threads took: 0.0005069 seconds
[2023-10-19T08:43:32.566+0000][172.778s][debug][safepoint     ] Safepoint synchronization initiated. (176 threads)
[2023-10-19T08:43:32.567+0000][172.779s][info ][safepoint     ] Application time: 1.0009281 seconds
[2023-10-19T08:43:32.567+0000][172.779s][info ][safepoint     ] Entering safepoint region: Cleanup
[2023-10-19T08:43:32.569+0000][172.781s][info ][safepoint     ] Leaving safepoint region
[2023-10-19T08:43:32.569+0000][172.781s][info ][safepoint     ] Total time for which application threads were stopped: 0.0018346 seconds, Stopping threads took: 0.0009214 seconds
[2023-10-19T08:43:33.570+0000][173.782s][debug][safepoint     ] Safepoint synchronization initiated. (176 threads)
[2023-10-19T08:43:33.571+0000][173.783s][info ][safepoint     ] Application time: 1.0016390 seconds
[2023-10-19T08:43:33.572+0000][173.784s][info ][safepoint     ] Entering safepoint region: Cleanup
[2023-10-19T08:43:33.573+0000][173.785s][info ][safepoint     ] Leaving safepoint region
[2023-10-19T08:43:33.574+0000][173.786s][info ][safepoint     ] Total time for which application threads were stopped: 0.0015506 seconds, Stopping threads took: 0.0005959 seconds
[2023-10-19T08:43:34.575+0000][174.787s][debug][safepoint     ] Safepoint synchronization initiated. (176 threads)
[2023-10-19T08:43:34.575+0000][174.787s][info ][safepoint     ] Application time: 1.0007607 seconds
[2023-10-19T08:43:34.576+0000][174.788s][info ][safepoint     ] Entering safepoint region: Cleanup
[2023-10-19T08:43:34.577+0000][174.789s][info ][safepoint     ] Leaving safepoint region
[2023-10-19T08:43:34.577+0000][174.789s][info ][safepoint     ] Total time for which application threads were stopped: 0.0013412 seconds, Stopping threads took: 0.0005639 seconds
[2023-10-19T08:43:35.578+0000][175.790s][debug][safepoint     ] Safepoint synchronization initiated. (176 threads)
[2023-10-19T08:43:35.578+0000][175.791s][info ][safepoint     ] Application time: 1.0008257 seconds
[2023-10-19T08:43:35.579+0000][175.791s][info ][safepoint     ] Entering safepoint region: Cleanup
[2023-10-19T08:43:35.580+0000][175.792s][info ][safepoint     ] Leaving safepoint region
[2023-10-19T08:43:35.580+0000][175.792s][info ][safepoint     ] Total time for which application threads were stopped: 0.0011503 seconds, Stopping threads took: 0.0005409 seconds
[2023-10-19T08:43:36.581+0000][176.793s][debug][safepoint     ] Safepoint synchronization initiated. (176 threads)
[2023-10-19T08:43:36.582+0000][176.794s][info ][safepoint     ] Application time: 1.0010546 seconds
[2023-10-19T08:43:36.582+0000][176.794s][info ][safepoint     ] Entering safepoint region: Cleanup
[2023-10-19T08:43:36.583+0000][176.795s][info ][safepoint     ] Leaving safepoint region
[2023-10-19T08:43:36.584+0000][176.796s][info ][safepoint     ] Total time for which application threads were stopped: 0.0013770 seconds, Stopping threads took: 0.0005664 seconds
[2023-10-19T08:43:37.584+0000][177.796s][debug][safepoint     ] Safepoint synchronization initiated. (176 threads)
[2023-10-19T08:43:37.585+0000][177.797s][info ][safepoint     ] Application time: 1.0009769 seconds
[2023-10-19T08:43:37.586+0000][177.798s][info ][safepoint     ] Entering safepoint region: Cleanup
[2023-10-19T08:43:37.587+0000][177.799s][info ][safepoint     ] Leaving safepoint region
[2023-10-19T08:43:37.587+0000][177.799s][info ][safepoint     ] Total time for which application threads were stopped: 0.0014500 seconds, Stopping threads took: 0.0006971 seconds
[2023-10-19T08:43:38.588+0000][178.800s][debug][safepoint     ] Safepoint synchronization initiated. (176 threads)
[2023-10-19T08:43:38.589+0000][178.801s][info ][safepoint     ] Application time: 1.0008990 seconds
[2023-10-19T08:43:38.589+0000][178.801s][info ][safepoint     ] Entering safepoint region: Cleanup
[2023-10-19T08:43:38.590+0000][178.802s][info ][safepoint     ] Leaving safepoint region
[2023-10-19T08:43:38.591+0000][178.803s][info ][safepoint     ] Total time for which application threads were stopped: 0.0013453 seconds, Stopping threads took: 0.0005974 seconds
[2023-10-19T08:43:39.591+0000][179.803s][debug][safepoint     ] Safepoint synchronization initiated. (176 threads)
[2023-10-19T08:43:39.592+0000][179.804s][info ][safepoint     ] Application time: 1.0008915 seconds
[2023-10-19T08:43:39.593+0000][179.805s][info ][safepoint     ] Entering safepoint region: Cleanup
[2023-10-19T08:43:39.593+0000][179.806s][info ][safepoint     ] Leaving safepoint region
[2023-10-19T08:43:39.594+0000][179.806s][info ][safepoint     ] Total time for which application threads were stopped: 0.0012797 seconds, Stopping threads took: 0.0005972 seconds
[2023-10-19T08:43:40.595+0000][180.807s][debug][safepoint     ] Safepoint synchronization initiated. (176 threads)
[2023-10-19T08:43:40.596+0000][180.808s][info ][safepoint     ] Application time: 1.0014549 seconds
[2023-10-19T08:43:40.597+0000][180.809s][info ][safepoint     ] Entering safepoint region: Cleanup
[2023-10-19T08:43:40.597+0000][180.809s][info ][safepoint     ] Leaving safepoint region
[2023-10-19T08:43:40.598+0000][180.810s][info ][safepoint     ] Total time for which application threads were stopped: 0.0012392 seconds, Stopping threads took: 0.0005272 seconds
[2023-10-19T08:43:41.598+0000][181.810s][debug][safepoint     ] Safepoint synchronization initiated. (176 threads)
[2023-10-19T08:43:41.599+0000][181.811s][info ][safepoint     ] Application time: 1.0007767 seconds
[2023-10-19T08:43:41.600+0000][181.812s][info ][safepoint     ] Entering safepoint region: Cleanup
[2023-10-19T08:43:41.600+0000][181.812s][info ][safepoint     ] Leaving safepoint region
[2023-10-19T08:43:41.601+0000][181.813s][info ][safepoint     ] Total time for which application threads were stopped: 0.0012047 seconds, Stopping threads took: 0.0005056 seconds
[2023-10-19T08:43:42.601+0000][182.813s][debug][safepoint     ] Safepoint synchronization initiated. (176 threads)
[2023-10-19T08:43:42.602+0000][182.814s][info ][safepoint     ] Application time: 1.0008705 seconds
[2023-10-19T08:43:42.603+0000][182.815s][info ][safepoint     ] Entering safepoint region: Cleanup
[2023-10-19T08:43:42.604+0000][182.816s][info ][safepoint     ] Leaving safepoint region
[2023-10-19T08:43:42.604+0000][182.816s][info ][safepoint     ] Total time for which application threads were stopped: 0.0014241 seconds, Stopping threads took: 0.0005897 seconds
[2023-10-19T08:43:43.605+0000][183.817s][debug][safepoint     ] Safepoint synchronization initiated. (176 threads)
[2023-10-19T08:43:43.605+0000][183.817s][info ][safepoint     ] Application time: 1.0008982 seconds
[2023-10-19T08:43:43.606+0000][183.818s][info ][safepoint     ] Entering safepoint region: Cleanup
[2023-10-19T08:43:43.607+0000][183.819s][info ][safepoint     ] Leaving safepoint region
[2023-10-19T08:43:43.607+0000][183.819s][info ][safepoint     ] Total time for which application threads were stopped: 0.0013600 seconds, Stopping threads took: 0.0006308 seconds
[2023-10-19T08:43:44.608+0000][184.820s][debug][safepoint     ] Safepoint synchronization initiated. (176 threads)
[2023-10-19T08:43:44.609+0000][184.821s][info ][safepoint     ] Application time: 1.0009445 seconds
[2023-10-19T08:43:44.609+0000][184.822s][info ][safepoint     ] Entering safepoint region: Cleanup
[2023-10-19T08:43:44.610+0000][184.822s][info ][safepoint     ] Leaving safepoint region
[2023-10-19T08:43:44.611+0000][184.823s][info ][safepoint     ] Total time for which application threads were stopped: 0.0011490 seconds, Stopping threads took: 0.0005256 seconds
[2023-10-19T08:43:45.611+0000][185.823s][debug][safepoint     ] Safepoint synchronization initiated. (176 threads)
[2023-10-19T08:43:45.612+0000][185.824s][info ][safepoint     ] Application time: 1.0008920 seconds
[2023-10-19T08:43:45.612+0000][185.824s][info ][safepoint     ] Entering safepoint region: Cleanup
[2023-10-19T08:43:45.613+0000][185.825s][info ][safepoint     ] Leaving safepoint region
[2023-10-19T08:43:45.614+0000][185.826s][info ][safepoint     ] Total time for which application threads were stopped: 0.0012662 seconds, Stopping threads took: 0.0005495 seconds
[2023-10-19T08:43:46.614+0000][186.826s][debug][safepoint     ] Safepoint synchronization initiated. (176 threads)
[2023-10-19T08:43:46.615+0000][186.827s][info ][safepoint     ] Application time: 1.0008326 seconds
[2023-10-19T08:43:46.616+0000][186.828s][info ][safepoint     ] Entering safepoint region: Cleanup
[2023-10-19T08:43:46.616+0000][186.828s][info ][safepoint     ] Leaving safepoint region
[2023-10-19T08:43:46.617+0000][186.829s][info ][safepoint     ] Total time for which application threads were stopped: 0.0011671 seconds, Stopping threads took: 0.0004775 seconds
[2023-10-19T08:43:47.617+0000][187.829s][debug][safepoint     ] Safepoint synchronization initiated. (176 threads)
[2023-10-19T08:43:47.618+0000][187.830s][info ][safepoint     ] Application time: 1.0008425 seconds
[2023-10-19T08:43:47.619+0000][187.831s][info ][safepoint     ] Entering safepoint region: Cleanup
[2023-10-19T08:43:47.619+0000][187.831s][info ][safepoint     ] Leaving safepoint region
[2023-10-19T08:43:47.620+0000][187.832s][info ][safepoint     ] Total time for which application threads were stopped: 0.0011050 seconds, Stopping threads took: 0.0004600 seconds
[2023-10-19T08:43:48.620+0000][188.832s][debug][safepoint     ] Safepoint synchronization initiated. (176 threads)
[2023-10-19T08:43:48.621+0000][188.833s][info ][safepoint     ] Application time: 1.0008802 seconds
[2023-10-19T08:43:48.622+0000][188.834s][info ][safepoint     ] Entering safepoint region: Cleanup
[2023-10-19T08:43:48.622+0000][188.834s][info ][safepoint     ] Leaving safepoint region
[2023-10-19T08:43:48.623+0000][188.835s][info ][safepoint     ] Total time for which application threads were stopped: 0.0011946 seconds, Stopping threads took: 0.0004764 seconds
[2023-10-19T08:43:49.623+0000][189.835s][debug][safepoint     ] Safepoint synchronization initiated. (176 threads)
[2023-10-19T08:43:49.624+0000][189.836s][info ][safepoint     ] Application time: 1.0005973 seconds
[2023-10-19T08:43:49.624+0000][189.836s][info ][safepoint     ] Entering safepoint region: Cleanup
[2023-10-19T08:43:49.625+0000][189.837s][info ][safepoint     ] Leaving safepoint region
[2023-10-19T08:43:49.625+0000][189.837s][info ][safepoint     ] Total time for which application threads were stopped: 0.0008861 seconds, Stopping threads took: 0.0003883 seconds
[2023-10-19T08:43:50.626+0000][190.838s][debug][safepoint     ] Safepoint synchronization initiated. (176 threads)
[2023-10-19T08:43:50.627+0000][190.839s][info ][safepoint     ] Application time: 1.0014311 seconds
[2023-10-19T08:43:50.628+0000][190.840s][info ][safepoint     ] Entering safepoint region: Cleanup
[2023-10-19T08:43:50.629+0000][190.841s][info ][safepoint     ] Leaving safepoint region
[2023-10-19T08:43:50.630+0000][190.842s][info ][safepoint     ] Total time for which application threads were stopped: 0.0021269 seconds, Stopping threads took: 0.0009311 seconds
[2023-10-19T08:43:51.631+0000][191.843s][debug][safepoint     ] Safepoint synchronization initiated. (176 threads)
[2023-10-19T08:43:51.631+0000][191.843s][info ][safepoint     ] Application time: 1.0008708 seconds
[2023-10-19T08:43:51.632+0000][191.844s][info ][safepoint     ] Entering safepoint region: Cleanup
[2023-10-19T08:43:51.633+0000][191.845s][info ][safepoint     ] Leaving safepoint region
[2023-10-19T08:43:51.633+0000][191.845s][info ][safepoint     ] Total time for which application threads were stopped: 0.0011909 seconds, Stopping threads took: 0.0005420 seconds
[2023-10-19T08:43:52.634+0000][192.846s][debug][safepoint     ] Safepoint synchronization initiated. (176 threads)
[2023-10-19T08:43:52.635+0000][192.847s][info ][safepoint     ] Application time: 1.0010951 seconds
[2023-10-19T08:43:52.636+0000][192.848s][info ][safepoint     ] Entering safepoint region: Cleanup
[2023-10-19T08:43:52.637+0000][192.849s][info ][safepoint     ] Leaving safepoint region
[2023-10-19T08:43:52.638+0000][192.850s][info ][safepoint     ] Total time for which application threads were stopped: 0.0020163 seconds, Stopping threads took: 0.0008634 seconds
[2023-10-19T08:43:53.638+0000][193.850s][debug][safepoint     ] Safepoint synchronization initiated. (176 threads)
[2023-10-19T08:43:53.639+0000][193.851s][info ][safepoint     ] Application time: 1.0005515 seconds
[2023-10-19T08:43:53.639+0000][193.851s][info ][safepoint     ] Entering safepoint region: Cleanup
[2023-10-19T08:43:53.640+0000][193.852s][info ][safepoint     ] Leaving safepoint region
[2023-10-19T08:43:53.640+0000][193.852s][info ][safepoint     ] Total time for which application threads were stopped: 0.0007457 seconds, Stopping threads took: 0.0002767 seconds
[2023-10-19T08:43:54.640+0000][194.852s][debug][safepoint     ] Safepoint synchronization initiated. (176 threads)
[2023-10-19T08:43:54.641+0000][194.853s][info ][safepoint     ] Application time: 1.0008434 seconds
[2023-10-19T08:43:54.641+0000][194.854s][info ][safepoint     ] Entering safepoint region: Cleanup
[2023-10-19T08:43:54.642+0000][194.854s][info ][safepoint     ] Leaving safepoint region
[2023-10-19T08:43:54.643+0000][194.855s][info ][safepoint     ] Total time for which application threads were stopped: 0.0012974 seconds, Stopping threads took: 0.0005865 seconds
[2023-10-19T08:43:55.643+0000][195.855s][debug][safepoint     ] Safepoint synchronization initiated. (176 threads)
[2023-10-19T08:43:55.644+0000][195.856s][info ][safepoint     ] Application time: 1.0007469 seconds
[2023-10-19T08:43:55.645+0000][195.857s][info ][safepoint     ] Entering safepoint region: Cleanup
[2023-10-19T08:43:55.646+0000][195.858s][info ][safepoint     ] Leaving safepoint region
[2023-10-19T08:43:55.646+0000][195.858s][info ][safepoint     ] Total time for which application threads were stopped: 0.0016684 seconds, Stopping threads took: 0.0007145 seconds
[2023-10-19T08:43:56.647+0000][196.859s][debug][safepoint     ] Safepoint synchronization initiated. (176 threads)
[2023-10-19T08:43:56.648+0000][196.860s][info ][safepoint     ] Application time: 1.0011301 seconds
[2023-10-19T08:43:56.649+0000][196.861s][info ][safepoint     ] Entering safepoint region: Cleanup
[2023-10-19T08:43:56.650+0000][196.862s][info ][safepoint     ] Leaving safepoint region
[2023-10-19T08:43:56.650+0000][196.862s][info ][safepoint     ] Total time for which application threads were stopped: 0.0015636 seconds, Stopping threads took: 0.0006516 seconds
[2023-10-19T08:43:57.651+0000][197.863s][debug][safepoint     ] Safepoint synchronization initiated. (176 threads)
[2023-10-19T08:43:57.652+0000][197.864s][info ][safepoint     ] Application time: 1.0009427 seconds
[2023-10-19T08:43:57.652+0000][197.864s][info ][safepoint     ] Entering safepoint region: Cleanup
[2023-10-19T08:43:57.653+0000][197.865s][info ][safepoint     ] Leaving safepoint region
[2023-10-19T08:43:57.654+0000][197.866s][info ][safepoint     ] Total time for which application threads were stopped: 0.0013746 seconds, Stopping threads took: 0.0006301 seconds
[2023-10-19T08:43:58.655+0000][198.867s][debug][safepoint     ] Safepoint synchronization initiated. (176 threads)
[2023-10-19T08:43:58.656+0000][198.868s][info ][safepoint     ] Application time: 1.0015342 seconds
[2023-10-19T08:43:58.657+0000][198.869s][info ][safepoint     ] Entering safepoint region: Cleanup
[2023-10-19T08:43:58.658+0000][198.870s][info ][safepoint     ] Leaving safepoint region
[2023-10-19T08:43:58.659+0000][198.871s][info ][safepoint     ] Total time for which application threads were stopped: 0.0024578 seconds, Stopping threads took: 0.0009873 seconds
[2023-10-19T08:43:59.660+0000][199.872s][debug][safepoint     ] Safepoint synchronization initiated. (176 threads)
[2023-10-19T08:43:59.661+0000][199.873s][info ][safepoint     ] Application time: 1.0008463 seconds
[2023-10-19T08:43:59.661+0000][199.873s][info ][safepoint     ] Entering safepoint region: Cleanup
[2023-10-19T08:43:59.662+0000][199.874s][info ][safepoint     ] Leaving safepoint region
[2023-10-19T08:43:59.663+0000][199.875s][info ][safepoint     ] Total time for which application threads were stopped: 0.0014307 seconds, Stopping threads took: 0.0005639 seconds
[2023-10-19T08:44:00.664+0000][200.876s][debug][safepoint     ] Safepoint synchronization initiated. (176 threads)
[2023-10-19T08:44:00.664+0000][200.876s][info ][safepoint     ] Application time: 1.0008511 seconds
[2023-10-19T08:44:00.665+0000][200.877s][info ][safepoint     ] Entering safepoint region: Cleanup
[2023-10-19T08:44:00.666+0000][200.878s][info ][safepoint     ] Leaving safepoint region
[2023-10-19T08:44:00.666+0000][200.878s][info ][safepoint     ] Total time for which application threads were stopped: 0.0015086 seconds, Stopping threads took: 0.0007048 seconds
[2023-10-19T08:44:01.667+0000][201.879s][debug][safepoint     ] Safepoint synchronization initiated. (176 threads)
[2023-10-19T08:44:01.667+0000][201.879s][info ][safepoint     ] Application time: 1.0006748 seconds
[2023-10-19T08:44:01.668+0000][201.880s][info ][safepoint     ] Entering safepoint region: Cleanup
[2023-10-19T08:44:01.669+0000][201.881s][info ][safepoint     ] Leaving safepoint region
[2023-10-19T08:44:01.669+0000][201.881s][info ][safepoint     ] Total time for which application threads were stopped: 0.0011470 seconds, Stopping threads took: 0.0005028 seconds
[2023-10-19T08:44:02.671+0000][202.882s][debug][safepoint     ] Safepoint synchronization initiated. (176 threads)
[2023-10-19T08:44:02.671+0000][202.882s][info ][safepoint     ] Application time: 1.0005354 seconds
[2023-10-19T08:44:02.672+0000][202.882s][info ][safepoint     ] Entering safepoint region: Cleanup
[2023-10-19T08:44:02.672+0000][202.883s][info ][safepoint     ] Leaving safepoint region
[2023-10-19T08:44:02.672+0000][202.883s][info ][safepoint     ] Total time for which application threads were stopped: 0.0009727 seconds, Stopping threads took: 0.0004206 seconds
[2023-10-19T08:44:03.673+0000][203.884s][debug][safepoint     ] Safepoint synchronization initiated. (176 threads)
[2023-10-19T08:44:03.674+0000][203.885s][info ][safepoint     ] Application time: 1.0016568 seconds
[2023-10-19T08:44:03.675+0000][203.886s][info ][safepoint     ] Entering safepoint region: Cleanup
[2023-10-19T08:44:03.676+0000][203.887s][info ][safepoint     ] Leaving safepoint region
[2023-10-19T08:44:03.677+0000][203.888s][info ][safepoint     ] Total time for which application threads were stopped: 0.0019160 seconds, Stopping threads took: 0.0009551 seconds
[2023-10-19T08:44:04.678+0000][204.889s][debug][safepoint     ] Safepoint synchronization initiated. (176 threads)
[2023-10-19T08:44:04.679+0000][204.890s][info ][safepoint     ] Application time: 1.0012404 seconds
[2023-10-19T08:44:04.680+0000][204.891s][info ][safepoint     ] Entering safepoint region: Cleanup
[2023-10-19T08:44:04.681+0000][204.892s][info ][safepoint     ] Leaving safepoint region
[2023-10-19T08:44:04.682+0000][204.893s][info ][safepoint     ] Total time for which application threads were stopped: 0.0019456 seconds, Stopping threads took: 0.0008865 seconds
[2023-10-19T08:44:05.683+0000][205.894s][debug][safepoint     ] Safepoint synchronization initiated. (176 threads)
[2023-10-19T08:44:05.684+0000][205.895s][info ][safepoint     ] Application time: 1.0014612 seconds
[2023-10-19T08:44:05.685+0000][205.896s][info ][safepoint     ] Entering safepoint region: Cleanup
[2023-10-19T08:44:05.686+0000][205.897s][info ][safepoint     ] Leaving safepoint region
[2023-10-19T08:44:05.687+0000][205.898s][info ][safepoint     ] Total time for which application threads were stopped: 0.0017999 seconds, Stopping threads took: 0.0008639 seconds
[2023-10-19T08:44:06.688+0000][206.899s][debug][safepoint     ] Safepoint synchronization initiated. (176 threads)
[2023-10-19T08:44:06.688+0000][206.899s][info ][safepoint     ] Application time: 1.0010397 seconds
[2023-10-19T08:44:06.689+0000][206.900s][info ][safepoint     ] Entering safepoint region: Cleanup
[2023-10-19T08:44:06.690+0000][206.901s][info ][safepoint     ] Leaving safepoint region
[2023-10-19T08:44:06.691+0000][206.902s][info ][safepoint     ] Total time for which application threads were stopped: 0.0015285 seconds, Stopping threads took: 0.0007076 seconds
[2023-10-19T08:44:07.692+0000][207.903s][debug][safepoint     ] Safepoint synchronization initiated. (176 threads)
[2023-10-19T08:44:07.693+0000][207.904s][info ][safepoint     ] Application time: 1.0018716 seconds
[2023-10-19T08:44:07.694+0000][207.905s][info ][safepoint     ] Entering safepoint region: Cleanup
[2023-10-19T08:44:07.696+0000][207.907s][info ][safepoint     ] Leaving safepoint region
[2023-10-19T08:44:07.697+0000][207.908s][info ][safepoint     ] Total time for which application threads were stopped: 0.0024527 seconds, Stopping threads took: 0.0011180 seconds
[2023-10-19T08:44:08.698+0000][208.909s][debug][safepoint     ] Safepoint synchronization initiated. (176 threads)
[2023-10-19T08:44:08.699+0000][208.909s][info ][safepoint     ] Application time: 1.0010387 seconds
[2023-10-19T08:44:08.699+0000][208.910s][info ][safepoint     ] Entering safepoint region: Cleanup
[2023-10-19T08:44:08.701+0000][208.911s][info ][safepoint     ] Leaving safepoint region
[2023-10-19T08:44:08.701+0000][208.912s][info ][safepoint     ] Total time for which application threads were stopped: 0.0016676 seconds, Stopping threads took: 0.0008329 seconds
[2023-10-19T08:44:09.702+0000][209.913s][debug][safepoint     ] Safepoint synchronization initiated. (176 threads)
[2023-10-19T08:44:09.703+0000][209.914s][info ][safepoint     ] Application time: 1.0014287 seconds
[2023-10-19T08:44:09.704+0000][209.915s][info ][safepoint     ] Entering safepoint region: Cleanup
[2023-10-19T08:44:09.705+0000][209.916s][info ][safepoint     ] Leaving safepoint region
[2023-10-19T08:44:09.706+0000][209.917s][info ][safepoint     ] Total time for which application threads were stopped: 0.0020545 seconds, Stopping threads took: 0.0008774 seconds
[2023-10-19T08:44:10.707+0000][210.918s][debug][safepoint     ] Safepoint synchronization initiated. (176 threads)
[2023-10-19T08:44:10.707+0000][210.918s][info ][safepoint     ] Application time: 1.0008441 seconds
[2023-10-19T08:44:10.708+0000][210.919s][info ][safepoint     ] Entering safepoint region: Cleanup
[2023-10-19T08:44:10.709+0000][210.920s][info ][safepoint     ] Leaving safepoint region
[2023-10-19T08:44:10.709+0000][210.920s][info ][safepoint     ] Total time for which application threads were stopped: 0.0014309 seconds, Stopping threads took: 0.0006784 seconds
[2023-10-19T08:44:11.710+0000][211.921s][debug][safepoint     ] Safepoint synchronization initiated. (176 threads)
[2023-10-19T08:44:11.711+0000][211.922s][info ][safepoint     ] Application time: 1.0011483 seconds
[2023-10-19T08:44:11.712+0000][211.923s][info ][safepoint     ] Entering safepoint region: Cleanup
[2023-10-19T08:44:11.713+0000][211.924s][info ][safepoint     ] Leaving safepoint region
[2023-10-19T08:44:11.714+0000][211.924s][info ][safepoint     ] Total time for which application threads were stopped: 0.0017444 seconds, Stopping threads took: 0.0007197 seconds
[2023-10-19T08:44:12.714+0000][212.925s][debug][safepoint     ] Safepoint synchronization initiated. (176 threads)
[2023-10-19T08:44:12.715+0000][212.926s][info ][safepoint     ] Application time: 1.0012299 seconds
[2023-10-19T08:44:12.716+0000][212.927s][info ][safepoint     ] Entering safepoint region: Cleanup
[2023-10-19T08:44:12.718+0000][212.929s][info ][safepoint     ] Leaving safepoint region
[2023-10-19T08:44:12.718+0000][212.929s][info ][safepoint     ] Total time for which application threads were stopped: 0.0022499 seconds, Stopping threads took: 0.0010837 seconds
[2023-10-19T08:44:13.720+0000][213.931s][debug][safepoint     ] Safepoint synchronization initiated. (176 threads)
[2023-10-19T08:44:13.721+0000][213.931s][info ][safepoint     ] Application time: 1.0012499 seconds
[2023-10-19T08:44:13.721+0000][213.932s][info ][safepoint     ] Entering safepoint region: Cleanup
[2023-10-19T08:44:13.722+0000][213.933s][info ][safepoint     ] Leaving safepoint region
[2023-10-19T08:44:13.723+0000][213.934s][info ][safepoint     ] Total time for which application threads were stopped: 0.0018007 seconds, Stopping threads took: 0.0007445 seconds
[2023-10-19T08:44:14.724+0000][214.935s][debug][safepoint     ] Safepoint synchronization initiated. (176 threads)
[2023-10-19T08:44:14.725+0000][214.936s][info ][safepoint     ] Application time: 1.0010915 seconds
[2023-10-19T08:44:14.725+0000][214.936s][info ][safepoint     ] Entering safepoint region: Cleanup
[2023-10-19T08:44:14.726+0000][214.937s][info ][safepoint     ] Leaving safepoint region
[2023-10-19T08:44:14.727+0000][214.938s][info ][safepoint     ] Total time for which application threads were stopped: 0.0012474 seconds, Stopping threads took: 0.0005703 seconds
[2023-10-19T08:44:15.727+0000][215.938s][debug][safepoint     ] Safepoint synchronization initiated. (176 threads)
[2023-10-19T08:44:15.728+0000][215.939s][info ][safepoint     ] Application time: 1.0007148 seconds
[2023-10-19T08:44:15.728+0000][215.939s][info ][safepoint     ] Entering safepoint region: Cleanup
[2023-10-19T08:44:15.729+0000][215.940s][info ][safepoint     ] Leaving safepoint region
[2023-10-19T08:44:15.730+0000][215.940s][info ][safepoint     ] Total time for which application threads were stopped: 0.0013298 seconds, Stopping threads took: 0.0005901 seconds
[2023-10-19T08:44:16.731+0000][216.941s][debug][safepoint     ] Safepoint synchronization initiated. (174 threads)
[2023-10-19T08:44:16.731+0000][216.942s][info ][safepoint     ] Application time: 1.0010986 seconds
[2023-10-19T08:44:16.732+0000][216.943s][info ][safepoint     ] Entering safepoint region: Cleanup
[2023-10-19T08:44:16.733+0000][216.944s][info ][safepoint     ] Leaving safepoint region
[2023-10-19T08:44:16.733+0000][216.944s][info ][safepoint     ] Total time for which application threads were stopped: 0.0015292 seconds, Stopping threads took: 0.0005787 seconds
[2023-10-19T08:44:17.735+0000][217.946s][debug][safepoint     ] Safepoint synchronization initiated. (174 threads)
[2023-10-19T08:44:17.736+0000][217.946s][info ][safepoint     ] Application time: 1.0006825 seconds
[2023-10-19T08:44:17.736+0000][217.947s][info ][safepoint     ] Entering safepoint region: Cleanup
[2023-10-19T08:44:17.737+0000][217.948s][info ][safepoint     ] Leaving safepoint region
[2023-10-19T08:44:17.737+0000][217.948s][info ][safepoint     ] Total time for which application threads were stopped: 0.0012585 seconds, Stopping threads took: 0.0005051 seconds
[2023-10-19T08:44:18.738+0000][218.949s][debug][safepoint     ] Safepoint synchronization initiated. (174 threads)
[2023-10-19T08:44:18.739+0000][218.950s][info ][safepoint     ] Application time: 1.0013439 seconds
[2023-10-19T08:44:18.740+0000][218.951s][info ][safepoint     ] Entering safepoint region: Cleanup
[2023-10-19T08:44:18.741+0000][218.952s][info ][safepoint     ] Leaving safepoint region
[2023-10-19T08:44:18.742+0000][218.953s][info ][safepoint     ] Total time for which application threads were stopped: 0.0021818 seconds, Stopping threads took: 0.0008980 seconds
[2023-10-19T08:44:19.743+0000][219.954s][debug][safepoint     ] Safepoint synchronization initiated. (174 threads)
[2023-10-19T08:44:19.744+0000][219.955s][info ][safepoint     ] Application time: 1.0014160 seconds
[2023-10-19T08:44:19.745+0000][219.956s][info ][safepoint     ] Entering safepoint region: Cleanup
[2023-10-19T08:44:19.746+0000][219.957s][info ][safepoint     ] Leaving safepoint region
[2023-10-19T08:44:19.746+0000][219.957s][info ][safepoint     ] Total time for which application threads were stopped: 0.0016059 seconds, Stopping threads took: 0.0006923 seconds
[2023-10-19T08:44:20.747+0000][220.958s][debug][safepoint     ] Safepoint synchronization initiated. (174 threads)
[2023-10-19T08:44:20.748+0000][220.959s][info ][safepoint     ] Application time: 1.0010709 seconds
[2023-10-19T08:44:20.749+0000][220.960s][info ][safepoint     ] Entering safepoint region: Cleanup
[2023-10-19T08:44:20.750+0000][220.961s][info ][safepoint     ] Leaving safepoint region
[2023-10-19T08:44:20.750+0000][220.961s][info ][safepoint     ] Total time for which application threads were stopped: 0.0015765 seconds, Stopping threads took: 0.0006756 seconds
[2023-10-19T08:44:21.751+0000][221.962s][debug][safepoint     ] Safepoint synchronization initiated. (174 threads)
[2023-10-19T08:44:21.752+0000][221.962s][info ][safepoint     ] Application time: 1.0007207 seconds
[2023-10-19T08:44:21.752+0000][221.963s][info ][safepoint     ] Entering safepoint region: Cleanup
[2023-10-19T08:44:21.753+0000][221.964s][info ][safepoint     ] Leaving safepoint region
[2023-10-19T08:44:21.753+0000][221.964s][info ][safepoint     ] Total time for which application threads were stopped: 0.0009740 seconds, Stopping threads took: 0.0004092 seconds
[2023-10-19T08:44:22.754+0000][222.965s][debug][safepoint     ] Safepoint synchronization initiated. (174 threads)
[2023-10-19T08:44:22.754+0000][222.965s][info ][safepoint     ] Application time: 1.0009332 seconds
[2023-10-19T08:44:22.755+0000][222.966s][info ][safepoint     ] Entering safepoint region: Cleanup
[2023-10-19T08:44:22.756+0000][222.967s][info ][safepoint     ] Leaving safepoint region
[2023-10-19T08:44:22.756+0000][222.967s][info ][safepoint     ] Total time for which application threads were stopped: 0.0015224 seconds, Stopping threads took: 0.0005823 seconds
[2023-10-19T08:44:23.757+0000][223.968s][debug][safepoint     ] Safepoint synchronization initiated. (174 threads)
[2023-10-19T08:44:23.758+0000][223.968s][info ][safepoint     ] Application time: 1.0007554 seconds
[2023-10-19T08:44:23.758+0000][223.969s][info ][safepoint     ] Entering safepoint region: Cleanup
[2023-10-19T08:44:23.759+0000][223.970s][info ][safepoint     ] Leaving safepoint region
[2023-10-19T08:44:23.759+0000][223.970s][info ][safepoint     ] Total time for which application threads were stopped: 0.0012214 seconds, Stopping threads took: 0.0006593 seconds
[2023-10-19T08:44:24.760+0000][224.971s][debug][safepoint     ] Safepoint synchronization initiated. (174 threads)
[2023-10-19T08:44:24.760+0000][224.971s][info ][safepoint     ] Application time: 1.0007746 seconds
[2023-10-19T08:44:24.761+0000][224.972s][info ][safepoint     ] Entering safepoint region: Cleanup
[2023-10-19T08:44:24.762+0000][224.973s][info ][safepoint     ] Leaving safepoint region
[2023-10-19T08:44:24.762+0000][224.973s][info ][safepoint     ] Total time for which application threads were stopped: 0.0011675 seconds, Stopping threads took: 0.0004965 seconds
[2023-10-19T08:44:25.763+0000][225.974s][debug][safepoint     ] Safepoint synchronization initiated. (174 threads)
[2023-10-19T08:44:25.763+0000][225.974s][info ][safepoint     ] Application time: 1.0006538 seconds
[2023-10-19T08:44:25.764+0000][225.974s][info ][safepoint     ] Entering safepoint region: Cleanup
[2023-10-19T08:44:25.764+0000][225.975s][info ][safepoint     ] Leaving safepoint region
[2023-10-19T08:44:25.765+0000][225.976s][info ][safepoint     ] Total time for which application threads were stopped: 0.0011484 seconds, Stopping threads took: 0.0005393 seconds
[2023-10-19T08:44:26.765+0000][226.976s][debug][safepoint     ] Safepoint synchronization initiated. (174 threads)
[2023-10-19T08:44:26.767+0000][226.978s][info ][safepoint     ] Application time: 1.0018159 seconds
[2023-10-19T08:44:26.767+0000][226.978s][info ][safepoint     ] Entering safepoint region: Cleanup
[2023-10-19T08:44:26.768+0000][226.979s][info ][safepoint     ] Leaving safepoint region
[2023-10-19T08:44:26.768+0000][226.979s][info ][safepoint     ] Total time for which application threads were stopped: 0.0011407 seconds, Stopping threads took: 0.0004933 seconds
[2023-10-19T08:44:27.769+0000][227.980s][debug][safepoint     ] Safepoint synchronization initiated. (174 threads)
[2023-10-19T08:44:27.770+0000][227.981s][info ][safepoint     ] Application time: 1.0010007 seconds
[2023-10-19T08:44:27.770+0000][227.981s][info ][safepoint     ] Entering safepoint region: Cleanup
[2023-10-19T08:44:27.771+0000][227.982s][info ][safepoint     ] Leaving safepoint region
[2023-10-19T08:44:27.772+0000][227.983s][info ][safepoint     ] Total time for which application threads were stopped: 0.0013962 seconds, Stopping threads took: 0.0006099 seconds
[2023-10-19T08:44:28.773+0000][228.983s][debug][safepoint     ] Safepoint synchronization initiated. (174 threads)
[2023-10-19T08:44:28.773+0000][228.984s][info ][safepoint     ] Application time: 1.0008648 seconds
[2023-10-19T08:44:28.774+0000][228.985s][info ][safepoint     ] Entering safepoint region: Cleanup
[2023-10-19T08:44:28.774+0000][228.985s][info ][safepoint     ] Leaving safepoint region
[2023-10-19T08:44:28.775+0000][228.986s][info ][safepoint     ] Total time for which application threads were stopped: 0.0015982 seconds, Stopping threads took: 0.0005648 seconds
[2023-10-19T08:44:29.777+0000][229.987s][debug][safepoint     ] Safepoint synchronization initiated. (174 threads)
[2023-10-19T08:44:29.777+0000][229.988s][info ][safepoint     ] Application time: 1.0008286 seconds
[2023-10-19T08:44:29.778+0000][229.989s][debug][safepoint     ] Waiting for 2 thread(s) to block
[2023-10-19T08:44:29.779+0000][229.989s][info ][safepoint     ] Entering safepoint region: Cleanup
[2023-10-19T08:44:29.779+0000][229.990s][info ][safepoint     ] Leaving safepoint region
[2023-10-19T08:44:29.780+0000][229.991s][info ][safepoint     ] Total time for which application threads were stopped: 0.0018494 seconds, Stopping threads took: 0.0011231 seconds
[2023-10-19T08:44:30.780+0000][230.991s][debug][safepoint     ] Safepoint synchronization initiated. (174 threads)
[2023-10-19T08:44:30.781+0000][230.992s][info ][safepoint     ] Application time: 1.0010019 seconds
[2023-10-19T08:44:30.782+0000][230.993s][info ][safepoint     ] Entering safepoint region: Cleanup
[2023-10-19T08:44:30.783+0000][230.994s][info ][safepoint     ] Leaving safepoint region
[2023-10-19T08:44:30.784+0000][230.994s][info ][safepoint     ] Total time for which application threads were stopped: 0.0017721 seconds, Stopping threads took: 0.0009243 seconds
[2023-10-19T08:44:31.786+0000][231.997s][debug][safepoint     ] Safepoint synchronization initiated. (174 threads)
[2023-10-19T08:44:31.787+0000][231.997s][info ][safepoint     ] Application time: 1.0011238 seconds
[2023-10-19T08:44:31.787+0000][231.998s][info ][safepoint     ] Entering safepoint region: Cleanup
[2023-10-19T08:44:31.788+0000][231.999s][info ][safepoint     ] Leaving safepoint region
[2023-10-19T08:44:31.789+0000][232.000s][info ][safepoint     ] Total time for which application threads were stopped: 0.0015840 seconds, Stopping threads took: 0.0008560 seconds
[2023-10-19T08:44:32.790+0000][233.001s][debug][safepoint     ] Safepoint synchronization initiated. (174 threads)
[2023-10-19T08:44:32.791+0000][233.002s][info ][safepoint     ] Application time: 1.0012238 seconds
[2023-10-19T08:44:32.792+0000][233.003s][info ][safepoint     ] Entering safepoint region: Cleanup
[2023-10-19T08:44:32.793+0000][233.003s][info ][safepoint     ] Leaving safepoint region
[2023-10-19T08:44:32.794+0000][233.004s][info ][safepoint     ] Total time for which application threads were stopped: 0.0017407 seconds, Stopping threads took: 0.0007410 seconds
[2023-10-19T08:44:33.795+0000][234.005s][debug][safepoint     ] Safepoint synchronization initiated. (174 threads)
[2023-10-19T08:44:33.796+0000][234.006s][info ][safepoint     ] Application time: 1.0011053 seconds
[2023-10-19T08:44:33.797+0000][234.007s][info ][safepoint     ] Entering safepoint region: Cleanup
[2023-10-19T08:44:33.798+0000][234.008s][info ][safepoint     ] Leaving safepoint region
[2023-10-19T08:44:33.798+0000][234.009s][info ][safepoint     ] Total time for which application threads were stopped: 0.0018424 seconds, Stopping threads took: 0.0007832 seconds
[2023-10-19T08:44:34.800+0000][235.010s][debug][safepoint     ] Safepoint synchronization initiated. (174 threads)
[2023-10-19T08:44:34.800+0000][235.011s][info ][safepoint     ] Application time: 1.0011791 seconds
[2023-10-19T08:44:34.801+0000][235.011s][debug][safepoint     ] ... found polling page return exception at pc = 0x00007f0de8d65be2, stub =0x00007f0de0840600
[2023-10-19T08:44:34.801+0000][235.011s][debug][safepoint     ] ... found polling page return exception at pc = 0x00007f0de8d65be2, stub =0x00007f0de0840600
[2023-10-19T08:44:34.802+0000][235.013s][debug][safepoint     ] Waiting for 2 thread(s) to block
[2023-10-19T08:44:34.803+0000][235.014s][info ][safepoint     ] Entering safepoint region: Cleanup
[2023-10-19T08:44:34.804+0000][235.014s][info ][safepoint     ] Leaving safepoint region
[2023-10-19T08:44:34.805+0000][235.015s][info ][safepoint     ] Total time for which application threads were stopped: 0.0035754 seconds, Stopping threads took: 0.0027585 seconds
[2023-10-19T08:44:35.805+0000][236.016s][debug][safepoint     ] Safepoint synchronization initiated. (174 threads)
[2023-10-19T08:44:35.806+0000][236.016s][info ][safepoint     ] Application time: 1.0008568 seconds
[2023-10-19T08:44:35.806+0000][236.017s][info ][safepoint     ] Entering safepoint region: Cleanup
[2023-10-19T08:44:35.807+0000][236.018s][info ][safepoint     ] Leaving safepoint region
[2023-10-19T08:44:35.808+0000][236.018s][info ][safepoint     ] Total time for which application threads were stopped: 0.0012309 seconds, Stopping threads took: 0.0005929 seconds
[2023-10-19T08:44:36.809+0000][237.019s][debug][safepoint     ] Safepoint synchronization initiated. (174 threads)
[2023-10-19T08:44:36.810+0000][237.020s][info ][safepoint     ] Application time: 1.0019163 seconds
[2023-10-19T08:44:36.811+0000][237.021s][info ][safepoint     ] Entering safepoint region: Cleanup
[2023-10-19T08:44:36.812+0000][237.022s][info ][safepoint     ] Leaving safepoint region
[2023-10-19T08:44:36.812+0000][237.023s][info ][safepoint     ] Total time for which application threads were stopped: 0.0014498 seconds, Stopping threads took: 0.0007340 seconds
[2023-10-19T08:44:37.813+0000][238.023s][debug][safepoint     ] Safepoint synchronization initiated. (174 threads)
[2023-10-19T08:44:37.814+0000][238.024s][info ][safepoint     ] Application time: 1.0007613 seconds
[2023-10-19T08:44:37.814+0000][238.024s][info ][safepoint     ] Entering safepoint region: Cleanup
[2023-10-19T08:44:37.814+0000][238.025s][info ][safepoint     ] Leaving safepoint region
[2023-10-19T08:44:37.815+0000][238.025s][info ][safepoint     ] Total time for which application threads were stopped: 0.0009072 seconds, Stopping threads took: 0.0003811 seconds
[2023-10-19T08:44:38.815+0000][239.026s][debug][safepoint     ] Safepoint synchronization initiated. (174 threads)
[2023-10-19T08:44:38.816+0000][239.026s][info ][safepoint     ] Application time: 1.0006384 seconds
[2023-10-19T08:44:38.816+0000][239.027s][info ][safepoint     ] Entering safepoint region: Cleanup
[2023-10-19T08:44:38.817+0000][239.027s][info ][safepoint     ] Leaving safepoint region
[2023-10-19T08:44:38.817+0000][239.027s][info ][safepoint     ] Total time for which application threads were stopped: 0.0009243 seconds, Stopping threads took: 0.0003751 seconds
[2023-10-19T08:44:39.817+0000][240.028s][debug][safepoint     ] Safepoint synchronization initiated. (174 threads)
[2023-10-19T08:44:39.818+0000][240.028s][info ][safepoint     ] Application time: 1.0007214 seconds
[2023-10-19T08:44:39.819+0000][240.029s][info ][safepoint     ] Entering safepoint region: Cleanup
[2023-10-19T08:44:39.819+0000][240.030s][info ][safepoint     ] Leaving safepoint region
[2023-10-19T08:44:39.820+0000][240.030s][info ][safepoint     ] Total time for which application threads were stopped: 0.0011075 seconds, Stopping threads took: 0.0005021 seconds
[2023-10-19T08:44:40.820+0000][241.031s][debug][safepoint     ] Safepoint synchronization initiated. (174 threads)
[2023-10-19T08:44:40.821+0000][241.032s][info ][safepoint     ] Application time: 1.0014248 seconds
[2023-10-19T08:44:40.823+0000][241.033s][info ][safepoint     ] Entering safepoint region: Cleanup
[2023-10-19T08:44:40.824+0000][241.035s][info ][safepoint     ] Leaving safepoint region
[2023-10-19T08:44:40.825+0000][241.036s][info ][safepoint     ] Total time for which application threads were stopped: 0.0026382 seconds, Stopping threads took: 0.0012224 seconds
[2023-10-19T08:44:41.826+0000][242.037s][debug][safepoint     ] Safepoint synchronization initiated. (174 threads)
[2023-10-19T08:44:41.828+0000][242.038s][info ][safepoint     ] Application time: 1.0014089 seconds
[2023-10-19T08:44:41.829+0000][242.039s][info ][safepoint     ] Entering safepoint region: Cleanup
[2023-10-19T08:44:41.830+0000][242.040s][info ][safepoint     ] Leaving safepoint region
[2023-10-19T08:44:41.831+0000][242.041s][info ][safepoint     ] Total time for which application threads were stopped: 0.0022603 seconds, Stopping threads took: 0.0010190 seconds
[2023-10-19T08:44:42.832+0000][243.042s][debug][safepoint     ] Safepoint synchronization initiated. (174 threads)
[2023-10-19T08:44:42.833+0000][243.044s][info ][safepoint     ] Application time: 1.0013616 seconds
[2023-10-19T08:44:42.834+0000][243.044s][info ][safepoint     ] Entering safepoint region: Cleanup
[2023-10-19T08:44:42.835+0000][243.045s][info ][safepoint     ] Leaving safepoint region
[2023-10-19T08:44:42.836+0000][243.046s][info ][safepoint     ] Total time for which application threads were stopped: 0.0015616 seconds, Stopping threads took: 0.0006082 seconds
[2023-10-19T08:44:43.837+0000][244.047s][debug][safepoint     ] Safepoint synchronization initiated. (174 threads)
[2023-10-19T08:44:43.837+0000][244.048s][info ][safepoint     ] Application time: 1.0009002 seconds
[2023-10-19T08:44:43.838+0000][244.048s][info ][safepoint     ] Entering safepoint region: Cleanup
[2023-10-19T08:44:43.839+0000][244.049s][info ][safepoint     ] Leaving safepoint region
[2023-10-19T08:44:43.839+0000][244.050s][info ][safepoint     ] Total time for which application threads were stopped: 0.0013228 seconds, Stopping threads took: 0.0006497 seconds
[2023-10-19T08:44:44.840+0000][245.050s][debug][safepoint     ] Safepoint synchronization initiated. (174 threads)
[2023-10-19T08:44:44.855+0000][245.066s][info ][safepoint     ] Application time: 1.0158132 seconds
[2023-10-19T08:44:44.856+0000][245.066s][info ][safepoint     ] Entering safepoint region: Cleanup
[2023-10-19T08:44:44.857+0000][245.067s][info ][safepoint     ] Leaving safepoint region
[2023-10-19T08:44:44.857+0000][245.068s][info ][safepoint     ] Total time for which application threads were stopped: 0.0011977 seconds, Stopping threads took: 0.0005230 seconds
[2023-10-19T08:44:45.858+0000][246.068s][debug][safepoint     ] Safepoint synchronization initiated. (174 threads)
[2023-10-19T08:44:45.859+0000][246.069s][info ][safepoint     ] Application time: 1.0010450 seconds
[2023-10-19T08:44:45.859+0000][246.070s][info ][safepoint     ] Entering safepoint region: Cleanup
[2023-10-19T08:44:45.860+0000][246.071s][info ][safepoint     ] Leaving safepoint region
[2023-10-19T08:44:45.861+0000][246.071s][info ][safepoint     ] Total time for which application threads were stopped: 0.0016771 seconds, Stopping threads took: 0.0007423 seconds
[2023-10-19T08:44:46.862+0000][247.073s][debug][safepoint     ] Safepoint synchronization initiated. (174 threads)
[2023-10-19T08:44:46.863+0000][247.073s][info ][safepoint     ] Application time: 1.0011791 seconds
[2023-10-19T08:44:46.864+0000][247.074s][info ][safepoint     ] Entering safepoint region: Cleanup
[2023-10-19T08:44:46.864+0000][247.075s][info ][safepoint     ] Leaving safepoint region
[2023-10-19T08:44:46.865+0000][247.075s][info ][safepoint     ] Total time for which application threads were stopped: 0.0012330 seconds, Stopping threads took: 0.0006167 seconds
[2023-10-19T08:44:47.866+0000][248.076s][debug][safepoint     ] Safepoint synchronization initiated. (174 threads)
[2023-10-19T08:44:47.867+0000][248.077s][info ][safepoint     ] Application time: 1.0011357 seconds
[2023-10-19T08:44:47.867+0000][248.078s][info ][safepoint     ] Entering safepoint region: Cleanup
[2023-10-19T08:44:47.868+0000][248.078s][info ][safepoint     ] Leaving safepoint region
[2023-10-19T08:44:47.869+0000][248.079s][info ][safepoint     ] Total time for which application threads were stopped: 0.0013518 seconds, Stopping threads took: 0.0005941 seconds
[2023-10-19T08:44:48.869+0000][249.080s][debug][safepoint     ] Safepoint synchronization initiated. (174 threads)
[2023-10-19T08:44:48.870+0000][249.080s][info ][safepoint     ] Application time: 1.0007736 seconds
[2023-10-19T08:44:48.870+0000][249.081s][info ][safepoint     ] Entering safepoint region: Cleanup
[2023-10-19T08:44:48.871+0000][249.081s][info ][safepoint     ] Leaving safepoint region
[2023-10-19T08:44:48.871+0000][249.081s][info ][safepoint     ] Total time for which application threads were stopped: 0.0008808 seconds, Stopping threads took: 0.0003606 seconds
[2023-10-19T08:44:49.872+0000][250.082s][debug][safepoint     ] Safepoint synchronization initiated. (174 threads)
[2023-10-19T08:44:49.873+0000][250.083s][info ][safepoint     ] Application time: 1.0011389 seconds
[2023-10-19T08:44:49.873+0000][250.084s][info ][safepoint     ] Entering safepoint region: Cleanup
[2023-10-19T08:44:49.874+0000][250.085s][info ][safepoint     ] Leaving safepoint region
[2023-10-19T08:44:49.875+0000][250.085s][info ][safepoint     ] Total time for which application threads were stopped: 0.0014464 seconds, Stopping threads took: 0.0006835 seconds
[2023-10-19T08:44:50.875+0000][251.086s][debug][safepoint     ] Safepoint synchronization initiated. (174 threads)
[2023-10-19T08:44:50.876+0000][251.086s][info ][safepoint     ] Application time: 1.0007891 seconds
[2023-10-19T08:44:50.877+0000][251.087s][info ][safepoint     ] Entering safepoint region: Cleanup
[2023-10-19T08:44:50.877+0000][251.088s][info ][safepoint     ] Leaving safepoint region
[2023-10-19T08:44:50.878+0000][251.088s][info ][safepoint     ] Total time for which application threads were stopped: 0.0014382 seconds, Stopping threads took: 0.0004963 seconds
[2023-10-19T08:44:51.879+0000][252.089s][debug][safepoint     ] Safepoint synchronization initiated. (174 threads)
[2023-10-19T08:44:51.880+0000][252.090s][info ][safepoint     ] Application time: 1.0011701 seconds
[2023-10-19T08:44:51.880+0000][252.091s][info ][safepoint     ] Entering safepoint region: Cleanup
[2023-10-19T08:44:51.881+0000][252.092s][info ][safepoint     ] Leaving safepoint region
[2023-10-19T08:44:51.882+0000][252.092s][info ][safepoint     ] Total time for which application threads were stopped: 0.0014371 seconds, Stopping threads took: 0.0007180 seconds
[2023-10-19T08:44:52.883+0000][253.093s][debug][safepoint     ] Safepoint synchronization initiated. (174 threads)
[2023-10-19T08:44:52.883+0000][253.094s][info ][safepoint     ] Application time: 1.0010348 seconds
[2023-10-19T08:44:52.884+0000][253.094s][info ][safepoint     ] Entering safepoint region: Cleanup
[2023-10-19T08:44:52.885+0000][253.095s][info ][safepoint     ] Leaving safepoint region
[2023-10-19T08:44:52.885+0000][253.096s][info ][safepoint     ] Total time for which application threads were stopped: 0.0013072 seconds, Stopping threads took: 0.0005722 seconds
[2023-10-19T08:44:53.886+0000][254.096s][debug][safepoint     ] Safepoint synchronization initiated. (174 threads)
[2023-10-19T08:44:53.887+0000][254.097s][info ][safepoint     ] Application time: 1.0011455 seconds
[2023-10-19T08:44:53.888+0000][254.098s][info ][safepoint     ] Entering safepoint region: Cleanup
[2023-10-19T08:44:53.889+0000][254.099s][info ][safepoint     ] Leaving safepoint region
[2023-10-19T08:44:53.890+0000][254.100s][info ][safepoint     ] Total time for which application threads were stopped: 0.0022945 seconds, Stopping threads took: 0.0010198 seconds
[2023-10-19T08:44:54.891+0000][255.101s][debug][safepoint     ] Safepoint synchronization initiated. (174 threads)
[2023-10-19T08:44:54.891+0000][255.102s][info ][safepoint     ] Application time: 1.0005222 seconds
[2023-10-19T08:44:54.891+0000][255.102s][info ][safepoint     ] Entering safepoint region: Cleanup
[2023-10-19T08:44:54.892+0000][255.102s][info ][safepoint     ] Leaving safepoint region
[2023-10-19T08:44:54.892+0000][255.102s][info ][safepoint     ] Total time for which application threads were stopped: 0.0007328 seconds, Stopping threads took: 0.0002647 seconds
[2023-10-19T08:44:55.893+0000][256.103s][debug][safepoint     ] Safepoint synchronization initiated. (174 threads)
[2023-10-19T08:44:55.894+0000][256.104s][info ][safepoint     ] Application time: 1.0012299 seconds
[2023-10-19T08:44:55.894+0000][256.105s][info ][safepoint     ] Entering safepoint region: Cleanup
[2023-10-19T08:44:55.896+0000][256.106s][info ][safepoint     ] Leaving safepoint region
[2023-10-19T08:44:55.896+0000][256.107s][info ][safepoint     ] Total time for which application threads were stopped: 0.0020477 seconds, Stopping threads took: 0.0008366 seconds
[2023-10-19T08:44:56.897+0000][257.108s][debug][safepoint     ] Safepoint synchronization initiated. (174 threads)
[2023-10-19T08:44:56.899+0000][257.109s][info ][safepoint     ] Application time: 1.0014284 seconds
[2023-10-19T08:44:56.900+0000][257.110s][info ][safepoint     ] Entering safepoint region: Cleanup
[2023-10-19T08:44:56.901+0000][257.111s][info ][safepoint     ] Leaving safepoint region
[2023-10-19T08:44:56.901+0000][257.112s][info ][safepoint     ] Total time for which application threads were stopped: 0.0017820 seconds, Stopping threads took: 0.0007559 seconds
[2023-10-19T08:44:57.902+0000][258.113s][debug][safepoint     ] Safepoint synchronization initiated. (174 threads)
[2023-10-19T08:44:57.903+0000][258.113s][info ][safepoint     ] Application time: 1.0009702 seconds
[2023-10-19T08:44:57.904+0000][258.114s][info ][safepoint     ] Entering safepoint region: Cleanup
[2023-10-19T08:44:57.905+0000][258.115s][info ][safepoint     ] Leaving safepoint region
[2023-10-19T08:44:57.905+0000][258.116s][info ][safepoint     ] Total time for which application threads were stopped: 0.0017839 seconds, Stopping threads took: 0.0006591 seconds
[2023-10-19T08:44:57.905+0000][258.115s][debug][safepoint     ] ... found polling page return exception at pc = 0x00007f0de87cbbc4, stub =0x00007f0de0840600
[2023-10-19T08:44:57.905+0000][258.115s][debug][safepoint     ] ... found polling page return exception at pc = 0x00007f0de87cbbc4, stub =0x00007f0de0840600
[2023-10-19T08:44:58.906+0000][259.117s][debug][safepoint     ] Safepoint synchronization initiated. (174 threads)
[2023-10-19T08:44:58.907+0000][259.118s][info ][safepoint     ] Application time: 1.0010523 seconds
[2023-10-19T08:44:58.908+0000][259.118s][info ][safepoint     ] Entering safepoint region: Cleanup
[2023-10-19T08:44:58.909+0000][259.119s][info ][safepoint     ] Leaving safepoint region
[2023-10-19T08:44:58.909+0000][259.120s][info ][safepoint     ] Total time for which application threads were stopped: 0.0013420 seconds, Stopping threads took: 0.0006140 seconds
[2023-10-19T08:44:59.910+0000][260.120s][debug][safepoint     ] Safepoint synchronization initiated. (174 threads)
[2023-10-19T08:44:59.911+0000][260.121s][info ][safepoint     ] Application time: 1.0008878 seconds
[2023-10-19T08:44:59.911+0000][260.121s][info ][safepoint     ] Entering safepoint region: Cleanup
[2023-10-19T08:44:59.912+0000][260.122s][info ][safepoint     ] Leaving safepoint region
[2023-10-19T08:44:59.912+0000][260.122s][info ][safepoint     ] Total time for which application threads were stopped: 0.0010556 seconds, Stopping threads took: 0.0004554 seconds
[2023-10-19T08:45:00.913+0000][261.123s][debug][safepoint     ] Safepoint synchronization initiated. (174 threads)
[2023-10-19T08:45:00.914+0000][261.124s][info ][safepoint     ] Application time: 1.0011144 seconds
[2023-10-19T08:45:00.914+0000][261.125s][info ][safepoint     ] Entering safepoint region: Cleanup
[2023-10-19T08:45:00.916+0000][261.126s][info ][safepoint     ] Leaving safepoint region
[2023-10-19T08:45:00.919+0000][261.129s][info ][safepoint     ] Total time for which application threads were stopped: 0.0046735 seconds, Stopping threads took: 0.0008009 seconds
[2023-10-19T08:45:01.920+0000][262.130s][debug][safepoint     ] Safepoint synchronization initiated. (174 threads)
[2023-10-19T08:45:01.921+0000][262.132s][info ][safepoint     ] Application time: 1.0016394 seconds
[2023-10-19T08:45:01.922+0000][262.133s][info ][safepoint     ] Entering safepoint region: Cleanup
[2023-10-19T08:45:01.924+0000][262.134s][info ][safepoint     ] Leaving safepoint region
[2023-10-19T08:45:01.924+0000][262.135s][info ][safepoint     ] Total time for which application threads were stopped: 0.0023440 seconds, Stopping threads took: 0.0012194 seconds
[2023-10-19T08:45:02.925+0000][263.136s][debug][safepoint     ] Safepoint synchronization initiated. (174 threads)
[2023-10-19T08:45:02.926+0000][263.137s][info ][safepoint     ] Application time: 1.0015806 seconds
[2023-10-19T08:45:02.927+0000][263.138s][info ][safepoint     ] Entering safepoint region: Cleanup
[2023-10-19T08:45:02.928+0000][263.139s][info ][safepoint     ] Leaving safepoint region
[2023-10-19T08:45:02.929+0000][263.140s][info ][safepoint     ] Total time for which application threads were stopped: 0.0020094 seconds, Stopping threads took: 0.0008433 seconds
[2023-10-19T08:45:03.930+0000][264.141s][debug][safepoint     ] Safepoint synchronization initiated. (174 threads)
[2023-10-19T08:45:03.931+0000][264.142s][info ][safepoint     ] Application time: 1.0015293 seconds
[2023-10-19T08:45:03.932+0000][264.143s][info ][safepoint     ] Entering safepoint region: Cleanup
[2023-10-19T08:45:03.934+0000][264.145s][info ][safepoint     ] Leaving safepoint region
[2023-10-19T08:45:03.934+0000][264.146s][info ][safepoint     ] Total time for which application threads were stopped: 0.0024654 seconds, Stopping threads took: 0.0010438 seconds
[2023-10-19T08:45:04.936+0000][265.147s][debug][safepoint     ] Safepoint synchronization initiated. (174 threads)
[2023-10-19T08:45:04.937+0000][265.148s][info ][safepoint     ] Application time: 1.0012206 seconds
[2023-10-19T08:45:04.937+0000][265.149s][info ][safepoint     ] Entering safepoint region: Cleanup
[2023-10-19T08:45:04.939+0000][265.150s][info ][safepoint     ] Leaving safepoint region
[2023-10-19T08:45:04.939+0000][265.151s][info ][safepoint     ] Total time for which application threads were stopped: 0.0018532 seconds, Stopping threads took: 0.0008154 seconds
[2023-10-19T08:45:05.940+0000][266.152s][debug][safepoint     ] Safepoint synchronization initiated. (174 threads)
[2023-10-19T08:45:05.941+0000][266.152s][info ][safepoint     ] Application time: 1.0009406 seconds
[2023-10-19T08:45:05.942+0000][266.153s][info ][safepoint     ] Entering safepoint region: Cleanup
[2023-10-19T08:45:05.942+0000][266.154s][info ][safepoint     ] Leaving safepoint region
[2023-10-19T08:45:05.943+0000][266.154s][info ][safepoint     ] Total time for which application threads were stopped: 0.0013386 seconds, Stopping threads took: 0.0006239 seconds
[2023-10-19T08:45:06.944+0000][267.155s][debug][safepoint     ] Safepoint synchronization initiated. (174 threads)
[2023-10-19T08:45:06.944+0000][267.156s][info ][safepoint     ] Application time: 1.0009894 seconds
[2023-10-19T08:45:06.945+0000][267.156s][info ][safepoint     ] Entering safepoint region: Cleanup
[2023-10-19T08:45:06.946+0000][267.157s][info ][safepoint     ] Leaving safepoint region
[2023-10-19T08:45:06.947+0000][267.158s][info ][safepoint     ] Total time for which application threads were stopped: 0.0016154 seconds, Stopping threads took: 0.0006580 seconds
[2023-10-19T08:45:07.947+0000][268.159s][debug][safepoint     ] Safepoint synchronization initiated. (174 threads)
[2023-10-19T08:45:07.948+0000][268.159s][info ][safepoint     ] Application time: 1.0008263 seconds
[2023-10-19T08:45:07.948+0000][268.160s][info ][safepoint     ] Entering safepoint region: Cleanup
[2023-10-19T08:45:07.949+0000][268.161s][info ][safepoint     ] Leaving safepoint region
[2023-10-19T08:45:07.950+0000][268.161s][info ][safepoint     ] Total time for which application threads were stopped: 0.0013999 seconds, Stopping threads took: 0.0006667 seconds
[2023-10-19T08:45:08.951+0000][269.162s][debug][safepoint     ] Safepoint synchronization initiated. (174 threads)
[2023-10-19T08:45:08.952+0000][269.163s][info ][safepoint     ] Application time: 1.0016237 seconds
[2023-10-19T08:45:08.953+0000][269.164s][info ][safepoint     ] Entering safepoint region: Cleanup
[2023-10-19T08:45:08.955+0000][269.166s][info ][safepoint     ] Leaving safepoint region
[2023-10-19T08:45:08.956+0000][269.167s][info ][safepoint     ] Total time for which application threads were stopped: 0.0029016 seconds, Stopping threads took: 0.0013403 seconds
[2023-10-19T08:45:09.957+0000][270.168s][debug][safepoint     ] Safepoint synchronization initiated. (174 threads)
[2023-10-19T08:45:09.957+0000][270.169s][info ][safepoint     ] Application time: 1.0005628 seconds
[2023-10-19T08:45:09.958+0000][270.169s][info ][safepoint     ] Entering safepoint region: Cleanup
[2023-10-19T08:45:09.959+0000][270.170s][info ][safepoint     ] Leaving safepoint region
[2023-10-19T08:45:09.959+0000][270.171s][info ][safepoint     ] Total time for which application threads were stopped: 0.0012801 seconds, Stopping threads took: 0.0005805 seconds
[2023-10-19T08:45:10.960+0000][271.171s][debug][safepoint     ] Safepoint synchronization initiated. (174 threads)
[2023-10-19T08:45:10.961+0000][271.172s][info ][safepoint     ] Application time: 1.0007905 seconds
[2023-10-19T08:45:10.962+0000][271.173s][info ][safepoint     ] Entering safepoint region: Cleanup
[2023-10-19T08:45:10.965+0000][271.176s][info ][safepoint     ] Leaving safepoint region
[2023-10-19T08:45:10.965+0000][271.177s][info ][safepoint     ] Total time for which application threads were stopped: 0.0035008 seconds, Stopping threads took: 0.0019003 seconds
[2023-10-19T08:45:11.966+0000][272.177s][debug][safepoint     ] Safepoint synchronization initiated. (174 threads)
[2023-10-19T08:45:11.967+0000][272.178s][info ][safepoint     ] Application time: 1.0013472 seconds
[2023-10-19T08:45:11.968+0000][272.179s][info ][safepoint     ] Entering safepoint region: Cleanup
[2023-10-19T08:45:11.969+0000][272.180s][info ][safepoint     ] Leaving safepoint region
[2023-10-19T08:45:11.970+0000][272.181s][info ][safepoint     ] Total time for which application threads were stopped: 0.0017905 seconds, Stopping threads took: 0.0007522 seconds
[2023-10-19T08:45:12.970+0000][273.182s][debug][safepoint     ] Safepoint synchronization initiated. (174 threads)
[2023-10-19T08:45:12.971+0000][273.183s][info ][safepoint     ] Application time: 1.0009429 seconds
[2023-10-19T08:45:12.972+0000][273.183s][info ][safepoint     ] Entering safepoint region: Cleanup
[2023-10-19T08:45:12.973+0000][273.184s][info ][safepoint     ] Leaving safepoint region
[2023-10-19T08:45:12.973+0000][273.184s][info ][safepoint     ] Total time for which application threads were stopped: 0.0013365 seconds, Stopping threads took: 0.0006327 seconds
[2023-10-19T08:45:13.451+0000][273.663s][debug][safepoint     ] Safepoint synchronization initiated. (174 threads)
[2023-10-19T08:45:13.452+0000][273.663s][info ][safepoint     ] Application time: 0.4780897 seconds
[2023-10-19T08:45:13.453+0000][273.664s][info ][safepoint     ] Entering safepoint region: G1CollectForAllocation
[2023-10-19T08:45:13.453+0000][273.665s][info ][gc,start      ] GC(65) Pause Young (Normal) (G1 Evacuation Pause)
[2023-10-19T08:45:13.454+0000][273.665s][info ][gc,task       ] GC(65) Using 8 workers of 8 for evacuation
[2023-10-19T08:45:13.463+0000][273.674s][info ][gc,phases     ] GC(65)   Pre Evacuate Collection Set: 0.1ms
[2023-10-19T08:45:13.463+0000][273.675s][info ][gc,phases     ] GC(65)   Evacuate Collection Set: 4.9ms
[2023-10-19T08:45:13.464+0000][273.675s][info ][gc,phases     ] GC(65)   Post Evacuate Collection Set: 3.0ms
[2023-10-19T08:45:13.465+0000][273.676s][info ][gc,phases     ] GC(65)   Other: 1.2ms
[2023-10-19T08:45:13.465+0000][273.676s][info ][gc,heap       ] GC(65) Eden regions: 140->0(142)
[2023-10-19T08:45:13.466+0000][273.677s][info ][gc,heap       ] GC(65) Survivor regions: 12->10(19)
[2023-10-19T08:45:13.466+0000][273.678s][info ][gc,heap       ] GC(65) Old regions: 141->143
[2023-10-19T08:45:13.467+0000][273.678s][info ][gc,heap       ] GC(65) Humongous regions: 10->10
[2023-10-19T08:45:13.467+0000][273.679s][info ][gc,metaspace  ] GC(65) Metaspace: 161328K(166608K)->161328K(166608K) NonClass: 142365K(145616K)->142365K(145616K) Class: 18963K(20992K)->18963K(20992K)
[2023-10-19T08:45:13.468+0000][273.679s][info ][gc            ] GC(65) Pause Young (Normal) (G1 Evacuation Pause) 301M->161M(350M) 14.649ms
[2023-10-19T08:45:13.469+0000][273.680s][info ][gc,cpu        ] GC(65) User=0.06s Sys=0.00s Real=0.01s
[2023-10-19T08:45:13.469+0000][273.681s][info ][safepoint     ] Leaving safepoint region
[2023-10-19T08:45:13.470+0000][273.681s][info ][safepoint     ] Total time for which application threads were stopped: 0.0171735 seconds, Stopping threads took: 0.0006213 seconds
[2023-10-19T08:45:13.470+0000][273.682s][info ][gc,stringdedup] Concurrent String Deduplication (273.682s)
[2023-10-19T08:45:13.473+0000][273.684s][info ][gc,stringdedup] Concurrent String Deduplication 288.8K->146.8K(142.0K) avg 54.3% (273.682s, 273.684s) 2.758ms
[2023-10-19T08:45:14.470+0000][274.682s][debug][safepoint     ] Safepoint synchronization initiated. (174 threads)
[2023-10-19T08:45:14.472+0000][274.683s][info ][safepoint     ] Application time: 1.0018067 seconds
[2023-10-19T08:45:14.473+0000][274.685s][info ][safepoint     ] Entering safepoint region: Cleanup
[2023-10-19T08:45:14.475+0000][274.686s][info ][safepoint     ] Leaving safepoint region
[2023-10-19T08:45:14.476+0000][274.687s][info ][safepoint     ] Total time for which application threads were stopped: 0.0028475 seconds, Stopping threads took: 0.0011675 seconds
[2023-10-19T08:45:15.478+0000][275.689s][debug][safepoint     ] Safepoint synchronization initiated. (174 threads)
[2023-10-19T08:45:15.479+0000][275.690s][info ][safepoint     ] Application time: 1.0018294 seconds
[2023-10-19T08:45:15.480+0000][275.691s][info ][safepoint     ] Entering safepoint region: Cleanup
[2023-10-19T08:45:15.482+0000][275.693s][info ][safepoint     ] Leaving safepoint region
[2023-10-19T08:45:15.483+0000][275.694s][info ][safepoint     ] Total time for which application threads were stopped: 0.0029693 seconds, Stopping threads took: 0.0012304 seconds
[2023-10-19T08:45:16.484+0000][276.695s][debug][safepoint     ] Safepoint synchronization initiated. (174 threads)
[2023-10-19T08:45:16.485+0000][276.696s][info ][safepoint     ] Application time: 1.0010871 seconds
[2023-10-19T08:45:16.486+0000][276.697s][info ][safepoint     ] Entering safepoint region: Cleanup
[2023-10-19T08:45:16.487+0000][276.698s][info ][safepoint     ] Leaving safepoint region
[2023-10-19T08:45:16.488+0000][276.699s][info ][safepoint     ] Total time for which application threads were stopped: 0.0021242 seconds, Stopping threads took: 0.0009258 seconds
[2023-10-19T08:45:17.489+0000][277.700s][debug][safepoint     ] Safepoint synchronization initiated. (173 threads)
[2023-10-19T08:45:17.490+0000][277.701s][info ][safepoint     ] Application time: 1.0009824 seconds
[2023-10-19T08:45:17.490+0000][277.702s][info ][safepoint     ] Entering safepoint region: Cleanup
[2023-10-19T08:45:17.491+0000][277.702s][info ][safepoint     ] Leaving safepoint region
[2023-10-19T08:45:17.491+0000][277.702s][info ][safepoint     ] Total time for which application threads were stopped: 0.0009236 seconds, Stopping threads took: 0.0003815 seconds
[2023-10-19T08:45:18.492+0000][278.703s][debug][safepoint     ] Safepoint synchronization initiated. (173 threads)
[2023-10-19T08:45:18.492+0000][278.704s][info ][safepoint     ] Application time: 1.0007607 seconds
[2023-10-19T08:45:18.493+0000][278.704s][info ][safepoint     ] Entering safepoint region: Cleanup
[2023-10-19T08:45:18.493+0000][278.705s][info ][safepoint     ] Leaving safepoint region
[2023-10-19T08:45:18.494+0000][278.705s][info ][safepoint     ] Total time for which application threads were stopped: 0.0010049 seconds, Stopping threads took: 0.0004371 seconds
[2023-10-19T08:45:19.494+0000][279.706s][debug][safepoint     ] Safepoint synchronization initiated. (173 threads)
[2023-10-19T08:45:19.495+0000][279.706s][info ][safepoint     ] Application time: 1.0007043 seconds
[2023-10-19T08:45:19.495+0000][279.707s][info ][safepoint     ] Entering safepoint region: Cleanup
[2023-10-19T08:45:19.496+0000][279.707s][info ][safepoint     ] Leaving safepoint region
[2023-10-19T08:45:19.496+0000][279.708s][info ][safepoint     ] Total time for which application threads were stopped: 0.0010592 seconds, Stopping threads took: 0.0004253 seconds
[2023-10-19T08:45:20.497+0000][280.708s][debug][safepoint     ] Safepoint synchronization initiated. (173 threads)
[2023-10-19T08:45:20.498+0000][280.710s][info ][safepoint     ] Application time: 1.0015652 seconds
[2023-10-19T08:45:20.499+0000][280.711s][info ][safepoint     ] Entering safepoint region: Cleanup
[2023-10-19T08:45:20.500+0000][280.712s][info ][safepoint     ] Leaving safepoint region
[2023-10-19T08:45:20.501+0000][280.712s][info ][safepoint     ] Total time for which application threads were stopped: 0.0017479 seconds, Stopping threads took: 0.0008110 seconds
[2023-10-19T08:45:21.502+0000][281.713s][debug][safepoint     ] Safepoint synchronization initiated. (173 threads)
[2023-10-19T08:45:21.503+0000][281.714s][info ][safepoint     ] Application time: 1.0011895 seconds
[2023-10-19T08:45:21.504+0000][281.715s][info ][safepoint     ] Entering safepoint region: Cleanup
[2023-10-19T08:45:21.505+0000][281.716s][info ][safepoint     ] Leaving safepoint region
[2023-10-19T08:45:21.505+0000][281.717s][info ][safepoint     ] Total time for which application threads were stopped: 0.0017264 seconds, Stopping threads took: 0.0007768 seconds
[2023-10-19T08:45:22.507+0000][282.718s][debug][safepoint     ] Safepoint synchronization initiated. (173 threads)
[2023-10-19T08:45:22.508+0000][282.719s][info ][safepoint     ] Application time: 1.0016610 seconds
[2023-10-19T08:45:22.509+0000][282.721s][info ][safepoint     ] Entering safepoint region: Cleanup
[2023-10-19T08:45:22.511+0000][282.722s][info ][safepoint     ] Leaving safepoint region
[2023-10-19T08:45:22.511+0000][282.723s][info ][safepoint     ] Total time for which application threads were stopped: 0.0022593 seconds, Stopping threads took: 0.0015187 seconds
[2023-10-19T08:45:23.512+0000][283.723s][debug][safepoint     ] Safepoint synchronization initiated. (173 threads)
[2023-10-19T08:45:23.513+0000][283.724s][info ][safepoint     ] Application time: 1.0010585 seconds
[2023-10-19T08:45:23.513+0000][283.725s][info ][safepoint     ] Entering safepoint region: Cleanup
[2023-10-19T08:45:23.514+0000][283.726s][info ][safepoint     ] Leaving safepoint region
[2023-10-19T08:45:23.515+0000][283.726s][info ][safepoint     ] Total time for which application threads were stopped: 0.0015173 seconds, Stopping threads took: 0.0005653 seconds
[2023-10-19T08:45:24.516+0000][284.727s][debug][safepoint     ] Safepoint synchronization initiated. (173 threads)
[2023-10-19T08:45:24.517+0000][284.728s][info ][safepoint     ] Application time: 1.0012637 seconds
[2023-10-19T08:45:24.518+0000][284.729s][info ][safepoint     ] Entering safepoint region: Cleanup
[2023-10-19T08:45:24.519+0000][284.730s][info ][safepoint     ] Leaving safepoint region
[2023-10-19T08:45:24.519+0000][284.731s][info ][safepoint     ] Total time for which application threads were stopped: 0.0016908 seconds, Stopping threads took: 0.0008746 seconds
[2023-10-19T08:45:25.520+0000][285.731s][debug][safepoint     ] Safepoint synchronization initiated. (173 threads)
[2023-10-19T08:45:25.521+0000][285.732s][info ][safepoint     ] Application time: 1.0006859 seconds
[2023-10-19T08:45:25.521+0000][285.732s][info ][safepoint     ] Entering safepoint region: Cleanup
[2023-10-19T08:45:25.522+0000][285.733s][info ][safepoint     ] Leaving safepoint region
[2023-10-19T08:45:25.522+0000][285.733s][info ][safepoint     ] Total time for which application threads were stopped: 0.0011022 seconds, Stopping threads took: 0.0004247 seconds
[2023-10-19T08:45:26.523+0000][286.734s][debug][safepoint     ] Safepoint synchronization initiated. (173 threads)
[2023-10-19T08:45:26.523+0000][286.735s][info ][safepoint     ] Application time: 1.0007857 seconds
[2023-10-19T08:45:26.524+0000][286.735s][info ][safepoint     ] Entering safepoint region: Cleanup
[2023-10-19T08:45:26.525+0000][286.736s][info ][safepoint     ] Leaving safepoint region
[2023-10-19T08:45:26.525+0000][286.737s][info ][safepoint     ] Total time for which application threads were stopped: 0.0014126 seconds, Stopping threads took: 0.0006322 seconds
[2023-10-19T08:45:27.526+0000][287.738s][debug][safepoint     ] Safepoint synchronization initiated. (173 threads)
[2023-10-19T08:45:27.527+0000][287.738s][info ][safepoint     ] Application time: 1.0009506 seconds
[2023-10-19T08:45:27.528+0000][287.739s][info ][safepoint     ] Entering safepoint region: Cleanup
[2023-10-19T08:45:27.528+0000][287.740s][info ][safepoint     ] Leaving safepoint region
[2023-10-19T08:45:27.529+0000][287.740s][info ][safepoint     ] Total time for which application threads were stopped: 0.0012737 seconds, Stopping threads took: 0.0005824 seconds
[2023-10-19T08:45:28.530+0000][288.741s][debug][safepoint     ] Safepoint synchronization initiated. (173 threads)
[2023-10-19T08:45:28.530+0000][288.741s][info ][safepoint     ] Application time: 1.0005415 seconds
[2023-10-19T08:45:28.530+0000][288.742s][info ][safepoint     ] Entering safepoint region: Cleanup
[2023-10-19T08:45:28.531+0000][288.742s][info ][safepoint     ] Leaving safepoint region
[2023-10-19T08:45:28.532+0000][288.743s][info ][safepoint     ] Total time for which application threads were stopped: 0.0012389 seconds, Stopping threads took: 0.0004664 seconds
[2023-10-19T08:45:29.532+0000][289.744s][debug][safepoint     ] Safepoint synchronization initiated. (173 threads)
[2023-10-19T08:45:29.533+0000][289.744s][info ][safepoint     ] Application time: 1.0007518 seconds
[2023-10-19T08:45:29.533+0000][289.745s][info ][safepoint     ] Entering safepoint region: Cleanup
[2023-10-19T08:45:29.534+0000][289.745s][info ][safepoint     ] Leaving safepoint region
[2023-10-19T08:45:29.534+0000][289.745s][info ][safepoint     ] Total time for which application threads were stopped: 0.0009390 seconds, Stopping threads took: 0.0003742 seconds
[2023-10-19T08:45:30.535+0000][290.746s][debug][safepoint     ] Safepoint synchronization initiated. (173 threads)
[2023-10-19T08:45:30.535+0000][290.746s][info ][safepoint     ] Application time: 1.0006038 seconds
[2023-10-19T08:45:30.536+0000][290.747s][info ][safepoint     ] Entering safepoint region: Cleanup
[2023-10-19T08:45:30.536+0000][290.748s][info ][safepoint     ] Leaving safepoint region
[2023-10-19T08:45:30.537+0000][290.748s][info ][safepoint     ] Total time for which application threads were stopped: 0.0011467 seconds, Stopping threads took: 0.0004856 seconds
[2023-10-19T08:45:31.537+0000][291.749s][debug][safepoint     ] Safepoint synchronization initiated. (173 threads)
[2023-10-19T08:45:31.538+0000][291.749s][info ][safepoint     ] Application time: 1.0007894 seconds
[2023-10-19T08:45:31.538+0000][291.750s][info ][safepoint     ] Entering safepoint region: Cleanup
[2023-10-19T08:45:31.539+0000][291.750s][info ][safepoint     ] Leaving safepoint region
[2023-10-19T08:45:31.539+0000][291.751s][info ][safepoint     ] Total time for which application threads were stopped: 0.0010863 seconds, Stopping threads took: 0.0005249 seconds
[2023-10-19T08:45:32.540+0000][292.752s][debug][safepoint     ] Safepoint synchronization initiated. (173 threads)
[2023-10-19T08:45:32.541+0000][292.752s][info ][safepoint     ] Application time: 1.0007997 seconds
[2023-10-19T08:45:32.541+0000][292.753s][info ][safepoint     ] Entering safepoint region: Cleanup
[2023-10-19T08:45:32.542+0000][292.753s][info ][safepoint     ] Leaving safepoint region
[2023-10-19T08:45:32.542+0000][292.753s][info ][safepoint     ] Total time for which application threads were stopped: 0.0009614 seconds, Stopping threads took: 0.0003853 seconds
[2023-10-19T08:45:33.542+0000][293.754s][debug][safepoint     ] Safepoint synchronization initiated. (173 threads)
[2023-10-19T08:45:33.543+0000][293.755s][info ][safepoint     ] Application time: 1.0010806 seconds
[2023-10-19T08:45:33.544+0000][293.756s][info ][safepoint     ] Entering safepoint region: Cleanup
[2023-10-19T08:45:33.545+0000][293.756s][info ][safepoint     ] Leaving safepoint region
[2023-10-19T08:45:33.545+0000][293.757s][info ][safepoint     ] Total time for which application threads were stopped: 0.0011292 seconds, Stopping threads took: 0.0005221 seconds
[2023-10-19T08:45:34.546+0000][294.757s][debug][safepoint     ] Safepoint synchronization initiated. (173 threads)
[2023-10-19T08:45:34.547+0000][294.758s][info ][safepoint     ] Application time: 1.0007382 seconds
[2023-10-19T08:45:34.547+0000][294.759s][info ][safepoint     ] Entering safepoint region: Cleanup
[2023-10-19T08:45:34.548+0000][294.759s][info ][safepoint     ] Leaving safepoint region
[2023-10-19T08:45:34.548+0000][294.760s][info ][safepoint     ] Total time for which application threads were stopped: 0.0010949 seconds, Stopping threads took: 0.0004960 seconds
[2023-10-19T08:45:35.549+0000][295.760s][debug][safepoint     ] Safepoint synchronization initiated. (173 threads)
[2023-10-19T08:45:35.549+0000][295.761s][info ][safepoint     ] Application time: 1.0008136 seconds
[2023-10-19T08:45:35.550+0000][295.761s][info ][safepoint     ] Entering safepoint region: Cleanup
[2023-10-19T08:45:35.551+0000][295.762s][info ][safepoint     ] Leaving safepoint region
[2023-10-19T08:45:35.551+0000][295.762s][info ][safepoint     ] Total time for which application threads were stopped: 0.0010969 seconds, Stopping threads took: 0.0004953 seconds
[2023-10-19T08:45:36.551+0000][296.763s][debug][safepoint     ] Safepoint synchronization initiated. (173 threads)
[2023-10-19T08:45:36.552+0000][296.764s][info ][safepoint     ] Application time: 1.0008736 seconds
[2023-10-19T08:45:36.553+0000][296.764s][info ][safepoint     ] Entering safepoint region: Cleanup
[2023-10-19T08:45:36.554+0000][296.765s][info ][safepoint     ] Leaving safepoint region
[2023-10-19T08:45:36.554+0000][296.765s][info ][safepoint     ] Total time for which application threads were stopped: 0.0011084 seconds, Stopping threads took: 0.0005249 seconds
[2023-10-19T08:45:37.555+0000][297.766s][debug][safepoint     ] Safepoint synchronization initiated. (173 threads)
[2023-10-19T08:45:37.555+0000][297.767s][info ][safepoint     ] Application time: 1.0009669 seconds
[2023-10-19T08:45:37.556+0000][297.767s][info ][safepoint     ] Entering safepoint region: Cleanup
[2023-10-19T08:45:37.556+0000][297.768s][info ][safepoint     ] Leaving safepoint region
[2023-10-19T08:45:37.557+0000][297.769s][info ][safepoint     ] Total time for which application threads were stopped: 0.0011740 seconds, Stopping threads took: 0.0004946 seconds
[2023-10-19T08:45:38.558+0000][298.769s][debug][safepoint     ] Safepoint synchronization initiated. (173 threads)
[2023-10-19T08:45:38.559+0000][298.770s][info ][safepoint     ] Application time: 1.0012427 seconds
[2023-10-19T08:45:38.559+0000][298.771s][info ][safepoint     ] Entering safepoint region: Cleanup
[2023-10-19T08:45:38.560+0000][298.772s][info ][safepoint     ] Leaving safepoint region
[2023-10-19T08:45:38.561+0000][298.773s][info ][safepoint     ] Total time for which application threads were stopped: 0.0017161 seconds, Stopping threads took: 0.0007813 seconds
[2023-10-19T08:45:39.562+0000][299.774s][debug][safepoint     ] Safepoint synchronization initiated. (173 threads)
[2023-10-19T08:45:39.563+0000][299.774s][info ][safepoint     ] Application time: 1.0009291 seconds
[2023-10-19T08:45:39.563+0000][299.775s][info ][safepoint     ] Entering safepoint region: Cleanup
[2023-10-19T08:45:39.564+0000][299.776s][info ][safepoint     ] Leaving safepoint region
[2023-10-19T08:45:39.564+0000][299.776s][info ][safepoint     ] Total time for which application threads were stopped: 0.0012737 seconds, Stopping threads took: 0.0005313 seconds
[2023-10-19T08:45:40.565+0000][300.777s][debug][safepoint     ] Safepoint synchronization initiated. (173 threads)
[2023-10-19T08:45:40.566+0000][300.777s][info ][safepoint     ] Application time: 1.0008357 seconds
[2023-10-19T08:45:40.566+0000][300.778s][info ][safepoint     ] Entering safepoint region: Cleanup
[2023-10-19T08:45:40.567+0000][300.779s][info ][safepoint     ] Leaving safepoint region
[2023-10-19T08:45:40.567+0000][300.779s][info ][safepoint     ] Total time for which application threads were stopped: 0.0010110 seconds, Stopping threads took: 0.0004722 seconds
[2023-10-19T08:45:41.568+0000][301.780s][debug][safepoint     ] Safepoint synchronization initiated. (173 threads)
[2023-10-19T08:45:41.569+0000][301.781s][info ][safepoint     ] Application time: 1.0013538 seconds
[2023-10-19T08:45:41.570+0000][301.782s][info ][safepoint     ] Entering safepoint region: Cleanup
[2023-10-19T08:45:41.571+0000][301.783s][info ][safepoint     ] Leaving safepoint region
[2023-10-19T08:45:41.572+0000][301.784s][info ][safepoint     ] Total time for which application threads were stopped: 0.0023113 seconds, Stopping threads took: 0.0008902 seconds
[2023-10-19T08:45:42.573+0000][302.785s][debug][safepoint     ] Safepoint synchronization initiated. (173 threads)
[2023-10-19T08:45:42.574+0000][302.786s][info ][safepoint     ] Application time: 1.0011476 seconds
[2023-10-19T08:45:42.575+0000][302.786s][info ][safepoint     ] Entering safepoint region: Cleanup
[2023-10-19T08:45:42.576+0000][302.787s][info ][safepoint     ] Leaving safepoint region
[2023-10-19T08:45:42.576+0000][302.788s][info ][safepoint     ] Total time for which application threads were stopped: 0.0013444 seconds, Stopping threads took: 0.0005704 seconds
[2023-10-19T08:45:43.577+0000][303.789s][debug][safepoint     ] Safepoint synchronization initiated. (173 threads)
[2023-10-19T08:45:43.578+0000][303.789s][info ][safepoint     ] Application time: 1.0012171 seconds
[2023-10-19T08:45:43.579+0000][303.790s][info ][safepoint     ] Entering safepoint region: Cleanup
[2023-10-19T08:45:43.580+0000][303.791s][info ][safepoint     ] Leaving safepoint region
[2023-10-19T08:45:43.581+0000][303.792s][info ][safepoint     ] Total time for which application threads were stopped: 0.0019067 seconds, Stopping threads took: 0.0008622 seconds
[2023-10-19T08:45:44.581+0000][304.793s][debug][safepoint     ] Safepoint synchronization initiated. (173 threads)
[2023-10-19T08:45:44.582+0000][304.793s][info ][safepoint     ] Application time: 1.0005960 seconds
[2023-10-19T08:45:44.582+0000][304.794s][info ][safepoint     ] Entering safepoint region: Cleanup
[2023-10-19T08:45:44.583+0000][304.794s][info ][safepoint     ] Leaving safepoint region
[2023-10-19T08:45:44.583+0000][304.795s][info ][safepoint     ] Total time for which application threads were stopped: 0.0010592 seconds, Stopping threads took: 0.0004735 seconds
[2023-10-19T08:45:45.584+0000][305.795s][debug][safepoint     ] Safepoint synchronization initiated. (173 threads)
[2023-10-19T08:45:45.584+0000][305.796s][info ][safepoint     ] Application time: 1.0007175 seconds
[2023-10-19T08:45:45.585+0000][305.796s][info ][safepoint     ] Entering safepoint region: Cleanup
[2023-10-19T08:45:45.586+0000][305.797s][info ][safepoint     ] Leaving safepoint region
[2023-10-19T08:45:45.586+0000][305.798s][info ][safepoint     ] Total time for which application threads were stopped: 0.0010965 seconds, Stopping threads took: 0.0004454 seconds
[2023-10-19T08:45:46.587+0000][306.798s][debug][safepoint     ] Safepoint synchronization initiated. (173 threads)
[2023-10-19T08:45:46.587+0000][306.799s][info ][safepoint     ] Application time: 1.0006779 seconds
[2023-10-19T08:45:46.588+0000][306.799s][info ][safepoint     ] Entering safepoint region: Cleanup
[2023-10-19T08:45:46.588+0000][306.800s][info ][safepoint     ] Leaving safepoint region
[2023-10-19T08:45:46.589+0000][306.800s][info ][safepoint     ] Total time for which application threads were stopped: 0.0010968 seconds, Stopping threads took: 0.0004656 seconds
[2023-10-19T08:45:47.589+0000][307.801s][debug][safepoint     ] Safepoint synchronization initiated. (173 threads)
[2023-10-19T08:45:47.590+0000][307.802s][info ][safepoint     ] Application time: 1.0011574 seconds
[2023-10-19T08:45:47.591+0000][307.803s][info ][safepoint     ] Entering safepoint region: Cleanup
[2023-10-19T08:45:47.592+0000][307.804s][info ][safepoint     ] Leaving safepoint region
[2023-10-19T08:45:47.593+0000][307.805s][info ][safepoint     ] Total time for which application threads were stopped: 0.0019314 seconds, Stopping threads took: 0.0009467 seconds
[2023-10-19T08:45:48.594+0000][308.806s][debug][safepoint     ] Safepoint synchronization initiated. (173 threads)
[2023-10-19T08:45:48.595+0000][308.807s][info ][safepoint     ] Application time: 1.0013561 seconds
[2023-10-19T08:45:48.596+0000][308.808s][info ][safepoint     ] Entering safepoint region: Cleanup
[2023-10-19T08:45:48.597+0000][308.809s][info ][safepoint     ] Leaving safepoint region
[2023-10-19T08:45:48.598+0000][308.809s][info ][safepoint     ] Total time for which application threads were stopped: 0.0018580 seconds, Stopping threads took: 0.0008339 seconds
[2023-10-19T08:45:49.599+0000][309.811s][debug][safepoint     ] Safepoint synchronization initiated. (173 threads)
[2023-10-19T08:45:49.600+0000][309.812s][info ][safepoint     ] Application time: 1.0017405 seconds
[2023-10-19T08:45:49.601+0000][309.813s][info ][safepoint     ] Entering safepoint region: Cleanup
[2023-10-19T08:45:49.603+0000][309.814s][info ][safepoint     ] Leaving safepoint region
[2023-10-19T08:45:49.604+0000][309.815s][info ][safepoint     ] Total time for which application threads were stopped: 0.0022400 seconds, Stopping threads took: 0.0009995 seconds
[2023-10-19T08:45:50.605+0000][310.816s][debug][safepoint     ] Safepoint synchronization initiated. (173 threads)
[2023-10-19T08:45:50.605+0000][310.817s][info ][safepoint     ] Application time: 1.0007611 seconds
[2023-10-19T08:45:50.606+0000][310.817s][info ][safepoint     ] Entering safepoint region: Cleanup
[2023-10-19T08:45:50.606+0000][310.818s][info ][safepoint     ] Leaving safepoint region
[2023-10-19T08:45:50.607+0000][310.819s][info ][safepoint     ] Total time for which application threads were stopped: 0.0012640 seconds, Stopping threads took: 0.0004858 seconds
[2023-10-19T08:45:51.608+0000][311.819s][debug][safepoint     ] Safepoint synchronization initiated. (173 threads)
[2023-10-19T08:45:51.608+0000][311.820s][info ][safepoint     ] Application time: 1.0007108 seconds
[2023-10-19T08:45:51.609+0000][311.820s][info ][safepoint     ] Entering safepoint region: Cleanup
[2023-10-19T08:45:51.609+0000][311.821s][info ][safepoint     ] Leaving safepoint region
[2023-10-19T08:45:51.610+0000][311.821s][info ][safepoint     ] Total time for which application threads were stopped: 0.0009348 seconds, Stopping threads took: 0.0004145 seconds
[2023-10-19T08:45:52.610+0000][312.822s][debug][safepoint     ] Safepoint synchronization initiated. (173 threads)
[2023-10-19T08:45:52.611+0000][312.822s][info ][safepoint     ] Application time: 1.0006774 seconds
[2023-10-19T08:45:52.611+0000][312.822s][info ][safepoint     ] Entering safepoint region: Cleanup
[2023-10-19T08:45:52.611+0000][312.823s][info ][safepoint     ] Leaving safepoint region
[2023-10-19T08:45:52.612+0000][312.823s][info ][safepoint     ] Total time for which application threads were stopped: 0.0008190 seconds, Stopping threads took: 0.0003326 seconds
[2023-10-19T08:45:53.612+0000][313.824s][debug][safepoint     ] Safepoint synchronization initiated. (173 threads)
[2023-10-19T08:45:53.613+0000][313.825s][info ][safepoint     ] Application time: 1.0013610 seconds
[2023-10-19T08:45:53.614+0000][313.826s][info ][safepoint     ] Entering safepoint region: Cleanup
[2023-10-19T08:45:53.615+0000][313.827s][info ][safepoint     ] Leaving safepoint region
[2023-10-19T08:45:53.616+0000][313.827s][info ][safepoint     ] Total time for which application threads were stopped: 0.0016907 seconds, Stopping threads took: 0.0007591 seconds
[2023-10-19T08:45:54.617+0000][314.828s][debug][safepoint     ] Safepoint synchronization initiated. (173 threads)
[2023-10-19T08:45:54.617+0000][314.829s][info ][safepoint     ] Application time: 1.0006097 seconds
[2023-10-19T08:45:54.617+0000][314.829s][info ][safepoint     ] Entering safepoint region: Cleanup
[2023-10-19T08:45:54.618+0000][314.829s][info ][safepoint     ] Leaving safepoint region
[2023-10-19T08:45:54.618+0000][314.830s][info ][safepoint     ] Total time for which application threads were stopped: 0.0007431 seconds, Stopping threads took: 0.0002975 seconds
[2023-10-19T08:45:55.619+0000][315.830s][debug][safepoint     ] Safepoint synchronization initiated. (173 threads)
[2023-10-19T08:45:55.620+0000][315.831s][info ][safepoint     ] Application time: 1.0014066 seconds
[2023-10-19T08:45:55.621+0000][315.832s][info ][safepoint     ] Entering safepoint region: Cleanup
[2023-10-19T08:45:55.622+0000][315.833s][info ][safepoint     ] Leaving safepoint region
[2023-10-19T08:45:55.622+0000][315.834s][info ][safepoint     ] Total time for which application threads were stopped: 0.0017898 seconds, Stopping threads took: 0.0007535 seconds
[2023-10-19T08:45:56.623+0000][316.835s][debug][safepoint     ] Safepoint synchronization initiated. (173 threads)
[2023-10-19T08:45:56.625+0000][316.836s][info ][safepoint     ] Application time: 1.0015631 seconds
[2023-10-19T08:45:56.626+0000][316.837s][info ][safepoint     ] Entering safepoint region: Cleanup
[2023-10-19T08:45:56.627+0000][316.839s][info ][safepoint     ] Leaving safepoint region
[2023-10-19T08:45:56.628+0000][316.840s][info ][safepoint     ] Total time for which application threads were stopped: 0.0024724 seconds, Stopping threads took: 0.0012139 seconds
[2023-10-19T08:45:57.629+0000][317.841s][debug][safepoint     ] Safepoint synchronization initiated. (173 threads)
[2023-10-19T08:45:57.630+0000][317.842s][info ][safepoint     ] Application time: 1.0009460 seconds
[2023-10-19T08:45:57.630+0000][317.842s][info ][safepoint     ] Entering safepoint region: Cleanup
[2023-10-19T08:45:57.631+0000][317.843s][info ][safepoint     ] Leaving safepoint region
[2023-10-19T08:45:57.632+0000][317.843s][info ][safepoint     ] Total time for which application threads were stopped: 0.0012467 seconds, Stopping threads took: 0.0005431 seconds
[2023-10-19T08:45:58.632+0000][318.844s][debug][safepoint     ] Safepoint synchronization initiated. (173 threads)
[2023-10-19T08:45:58.633+0000][318.845s][info ][safepoint     ] Application time: 1.0013116 seconds
[2023-10-19T08:45:58.634+0000][318.846s][info ][safepoint     ] Entering safepoint region: Cleanup
[2023-10-19T08:45:58.636+0000][318.847s][info ][safepoint     ] Leaving safepoint region
[2023-10-19T08:45:58.637+0000][318.848s][info ][safepoint     ] Total time for which application threads were stopped: 0.0022947 seconds, Stopping threads took: 0.0009775 seconds
[2023-10-19T08:45:59.638+0000][319.849s][debug][safepoint     ] Safepoint synchronization initiated. (173 threads)
[2023-10-19T08:45:59.639+0000][319.850s][info ][safepoint     ] Application time: 1.0009231 seconds
[2023-10-19T08:45:59.639+0000][319.851s][info ][safepoint     ] Entering safepoint region: Cleanup
[2023-10-19T08:45:59.640+0000][319.851s][info ][safepoint     ] Leaving safepoint region
[2023-10-19T08:45:59.640+0000][319.852s][info ][safepoint     ] Total time for which application threads were stopped: 0.0013435 seconds, Stopping threads took: 0.0006302 seconds
[2023-10-19T08:46:00.641+0000][320.853s][debug][safepoint     ] Safepoint synchronization initiated. (173 threads)
[2023-10-19T08:46:00.642+0000][320.854s][info ][safepoint     ] Application time: 1.0009877 seconds
[2023-10-19T08:46:00.642+0000][320.854s][info ][safepoint     ] Entering safepoint region: Cleanup
[2023-10-19T08:46:00.643+0000][320.854s][info ][safepoint     ] Leaving safepoint region
[2023-10-19T08:46:00.643+0000][320.855s][info ][safepoint     ] Total time for which application threads were stopped: 0.0009384 seconds, Stopping threads took: 0.0003322 seconds
[2023-10-19T08:46:01.644+0000][321.855s][debug][safepoint     ] Safepoint synchronization initiated. (173 threads)
[2023-10-19T08:46:01.645+0000][321.856s][info ][safepoint     ] Application time: 1.0013543 seconds
[2023-10-19T08:46:01.646+0000][321.857s][info ][safepoint     ] Entering safepoint region: Cleanup
[2023-10-19T08:46:01.647+0000][321.858s][info ][safepoint     ] Leaving safepoint region
[2023-10-19T08:46:01.648+0000][321.859s][info ][safepoint     ] Total time for which application threads were stopped: 0.0019309 seconds, Stopping threads took: 0.0008163 seconds
[2023-10-19T08:46:02.648+0000][322.860s][debug][safepoint     ] Safepoint synchronization initiated. (173 threads)
[2023-10-19T08:46:02.649+0000][322.861s][info ][safepoint     ] Application time: 1.0008110 seconds
[2023-10-19T08:46:02.650+0000][322.861s][info ][safepoint     ] Entering safepoint region: Cleanup
[2023-10-19T08:46:02.651+0000][322.862s][info ][safepoint     ] Leaving safepoint region
[2023-10-19T08:46:02.651+0000][322.863s][info ][safepoint     ] Total time for which application threads were stopped: 0.0013958 seconds, Stopping threads took: 0.0006152 seconds
[2023-10-19T08:46:03.652+0000][323.863s][debug][safepoint     ] Safepoint synchronization initiated. (173 threads)
[2023-10-19T08:46:03.652+0000][323.864s][info ][safepoint     ] Application time: 1.0008800 seconds
[2023-10-19T08:46:03.653+0000][323.865s][info ][safepoint     ] Entering safepoint region: Cleanup
[2023-10-19T08:46:03.654+0000][323.865s][info ][safepoint     ] Leaving safepoint region
[2023-10-19T08:46:03.654+0000][323.866s][info ][safepoint     ] Total time for which application threads were stopped: 0.0013469 seconds, Stopping threads took: 0.0005691 seconds
[2023-10-19T08:46:04.655+0000][324.867s][debug][safepoint     ] Safepoint synchronization initiated. (173 threads)
[2023-10-19T08:46:04.656+0000][324.867s][info ][safepoint     ] Application time: 1.0010028 seconds
[2023-10-19T08:46:04.657+0000][324.868s][info ][safepoint     ] Entering safepoint region: Cleanup
[2023-10-19T08:46:04.658+0000][324.869s][info ][safepoint     ] Leaving safepoint region
[2023-10-19T08:46:04.658+0000][324.870s][info ][safepoint     ] Total time for which application threads were stopped: 0.0015793 seconds, Stopping threads took: 0.0007193 seconds
[2023-10-19T08:46:05.659+0000][325.871s][debug][safepoint     ] Safepoint synchronization initiated. (173 threads)
[2023-10-19T08:46:05.660+0000][325.871s][info ][safepoint     ] Application time: 1.0008678 seconds
[2023-10-19T08:46:05.660+0000][325.872s][info ][safepoint     ] Entering safepoint region: Cleanup
[2023-10-19T08:46:05.660+0000][325.872s][info ][safepoint     ] Leaving safepoint region
[2023-10-19T08:46:05.661+0000][325.872s][info ][safepoint     ] Total time for which application threads were stopped: 0.0009149 seconds, Stopping threads took: 0.0003995 seconds
[2023-10-19T08:46:06.661+0000][326.873s][debug][safepoint     ] Safepoint synchronization initiated. (173 threads)
[2023-10-19T08:46:06.663+0000][326.874s][info ][safepoint     ] Application time: 1.0015049 seconds
[2023-10-19T08:46:06.664+0000][326.875s][info ][safepoint     ] Entering safepoint region: Cleanup
[2023-10-19T08:46:06.665+0000][326.877s][info ][safepoint     ] Leaving safepoint region
[2023-10-19T08:46:06.666+0000][326.877s][info ][safepoint     ] Total time for which application threads were stopped: 0.0021921 seconds, Stopping threads took: 0.0010420 seconds
[2023-10-19T08:46:07.667+0000][327.878s][debug][safepoint     ] Safepoint synchronization initiated. (173 threads)
[2023-10-19T08:46:07.668+0000][327.879s][info ][safepoint     ] Application time: 1.0013606 seconds
[2023-10-19T08:46:07.669+0000][327.880s][info ][safepoint     ] Entering safepoint region: Cleanup
[2023-10-19T08:46:07.670+0000][327.881s][info ][safepoint     ] Leaving safepoint region
[2023-10-19T08:46:07.670+0000][327.882s][info ][safepoint     ] Total time for which application threads were stopped: 0.0016645 seconds, Stopping threads took: 0.0006877 seconds
[2023-10-19T08:46:07.670+0000][327.881s][debug][safepoint     ] ... found polling page return exception at pc = 0x00007f0de87cbbc4, stub =0x00007f0de0840600
[2023-10-19T08:46:07.670+0000][327.881s][debug][safepoint     ] ... found polling page return exception at pc = 0x00007f0de87cbbc4, stub =0x00007f0de0840600
[2023-10-19T08:46:07.670+0000][327.881s][debug][safepoint     ] ... found polling page return exception at pc = 0x00007f0de87cbbc4, stub =0x00007f0de0840600
[2023-10-19T08:46:07.670+0000][327.881s][debug][safepoint     ] ... found polling page return exception at pc = 0x00007f0de87cbbc4, stub =0x00007f0de0840600
[2023-10-19T08:46:08.671+0000][328.883s][debug][safepoint     ] Safepoint synchronization initiated. (173 threads)
[2023-10-19T08:46:08.672+0000][328.884s][info ][safepoint     ] Application time: 1.0010917 seconds
[2023-10-19T08:46:08.673+0000][328.885s][info ][safepoint     ] Entering safepoint region: Cleanup
[2023-10-19T08:46:08.674+0000][328.885s][info ][safepoint     ] Leaving safepoint region
[2023-10-19T08:46:08.674+0000][328.886s][info ][safepoint     ] Total time for which application threads were stopped: 0.0014750 seconds, Stopping threads took: 0.0006937 seconds
[2023-10-19T08:46:09.675+0000][329.887s][debug][safepoint     ] Safepoint synchronization initiated. (173 threads)
[2023-10-19T08:46:09.677+0000][329.888s][info ][safepoint     ] Application time: 1.0017015 seconds
[2023-10-19T08:46:09.677+0000][329.889s][info ][safepoint     ] Entering safepoint region: Cleanup
[2023-10-19T08:46:09.679+0000][329.890s][info ][safepoint     ] Leaving safepoint region
[2023-10-19T08:46:09.680+0000][329.891s][info ][safepoint     ] Total time for which application threads were stopped: 0.0022390 seconds, Stopping threads took: 0.0010482 seconds
[2023-10-19T08:46:10.681+0000][330.892s][debug][safepoint     ] Safepoint synchronization initiated. (173 threads)
[2023-10-19T08:46:10.682+0000][330.893s][info ][safepoint     ] Application time: 1.0013223 seconds
[2023-10-19T08:46:10.683+0000][330.894s][info ][safepoint     ] Entering safepoint region: Cleanup
[2023-10-19T08:46:10.684+0000][330.896s][info ][safepoint     ] Leaving safepoint region
[2023-10-19T08:46:10.685+0000][330.896s][info ][safepoint     ] Total time for which application threads were stopped: 0.0021010 seconds, Stopping threads took: 0.0009707 seconds
[2023-10-19T08:46:11.686+0000][331.897s][debug][safepoint     ] Safepoint synchronization initiated. (173 threads)
[2023-10-19T08:46:11.687+0000][331.898s][info ][safepoint     ] Application time: 1.0013340 seconds
[2023-10-19T08:46:11.688+0000][331.899s][info ][safepoint     ] Entering safepoint region: Cleanup
[2023-10-19T08:46:11.689+0000][331.901s][info ][safepoint     ] Leaving safepoint region
[2023-10-19T08:46:11.690+0000][331.902s][info ][safepoint     ] Total time for which application threads were stopped: 0.0023416 seconds, Stopping threads took: 0.0011449 seconds
[2023-10-19T08:46:12.691+0000][332.903s][debug][safepoint     ] Safepoint synchronization initiated. (173 threads)
[2023-10-19T08:46:12.692+0000][332.904s][info ][safepoint     ] Application time: 1.0011464 seconds
[2023-10-19T08:46:12.693+0000][332.904s][info ][safepoint     ] Entering safepoint region: Cleanup
[2023-10-19T08:46:12.693+0000][332.905s][info ][safepoint     ] Leaving safepoint region
[2023-10-19T08:46:12.694+0000][332.906s][info ][safepoint     ] Total time for which application threads were stopped: 0.0012189 seconds, Stopping threads took: 0.0005239 seconds
[2023-10-19T08:46:13.694+0000][333.906s][debug][safepoint     ] Safepoint synchronization initiated. (173 threads)
[2023-10-19T08:46:13.695+0000][333.907s][info ][safepoint     ] Application time: 1.0006474 seconds
[2023-10-19T08:46:13.696+0000][333.907s][info ][safepoint     ] Entering safepoint region: Cleanup
[2023-10-19T08:46:13.696+0000][333.908s][info ][safepoint     ] Leaving safepoint region
[2023-10-19T08:46:13.697+0000][333.908s][info ][safepoint     ] Total time for which application threads were stopped: 0.0010484 seconds, Stopping threads took: 0.0004943 seconds
[2023-10-19T08:46:14.697+0000][334.909s][debug][safepoint     ] Safepoint synchronization initiated. (173 threads)
[2023-10-19T08:46:14.698+0000][334.909s][info ][safepoint     ] Application time: 1.0007351 seconds
[2023-10-19T08:46:14.698+0000][334.910s][info ][safepoint     ] Entering safepoint region: Cleanup
[2023-10-19T08:46:14.699+0000][334.910s][info ][safepoint     ] Leaving safepoint region
[2023-10-19T08:46:14.699+0000][334.911s][info ][safepoint     ] Total time for which application threads were stopped: 0.0011379 seconds, Stopping threads took: 0.0004401 seconds
[2023-10-19T08:46:15.700+0000][335.911s][debug][safepoint     ] Safepoint synchronization initiated. (173 threads)
[2023-10-19T08:46:15.700+0000][335.912s][info ][safepoint     ] Application time: 1.0006290 seconds
[2023-10-19T08:46:15.701+0000][335.912s][info ][safepoint     ] Entering safepoint region: Cleanup
[2023-10-19T08:46:15.701+0000][335.913s][info ][safepoint     ] Leaving safepoint region
[2023-10-19T08:46:15.702+0000][335.913s][info ][safepoint     ] Total time for which application threads were stopped: 0.0010185 seconds, Stopping threads took: 0.0004235 seconds
[2023-10-19T08:46:16.702+0000][336.914s][debug][safepoint     ] Safepoint synchronization initiated. (172 threads)
[2023-10-19T08:46:16.703+0000][336.914s][info ][safepoint     ] Application time: 1.0006482 seconds
[2023-10-19T08:46:16.703+0000][336.915s][info ][safepoint     ] Entering safepoint region: Cleanup
[2023-10-19T08:46:16.704+0000][336.915s][info ][safepoint     ] Leaving safepoint region
[2023-10-19T08:46:16.704+0000][336.916s][info ][safepoint     ] Total time for which application threads were stopped: 0.0012561 seconds, Stopping threads took: 0.0004515 seconds
[2023-10-19T08:46:17.705+0000][337.916s][debug][safepoint     ] Safepoint synchronization initiated. (172 threads)
[2023-10-19T08:46:17.706+0000][337.917s][info ][safepoint     ] Application time: 1.0012072 seconds
[2023-10-19T08:46:17.707+0000][337.918s][info ][safepoint     ] Entering safepoint region: Cleanup
[2023-10-19T08:46:17.708+0000][337.920s][info ][safepoint     ] Leaving safepoint region
[2023-10-19T08:46:17.709+0000][337.921s][info ][safepoint     ] Total time for which application threads were stopped: 0.0023070 seconds, Stopping threads took: 0.0010308 seconds
[2023-10-19T08:46:18.710+0000][338.922s][debug][safepoint     ] Safepoint synchronization initiated. (172 threads)
[2023-10-19T08:46:18.712+0000][338.923s][info ][safepoint     ] Application time: 1.0014363 seconds
[2023-10-19T08:46:18.713+0000][338.924s][info ][safepoint     ] Entering safepoint region: Cleanup
[2023-10-19T08:46:18.714+0000][338.925s][info ][safepoint     ] Leaving safepoint region
[2023-10-19T08:46:18.715+0000][338.926s][info ][safepoint     ] Total time for which application threads were stopped: 0.0021688 seconds, Stopping threads took: 0.0008681 seconds
[2023-10-19T08:46:19.716+0000][339.927s][debug][safepoint     ] Safepoint synchronization initiated. (172 threads)
[2023-10-19T08:46:19.717+0000][339.928s][info ][safepoint     ] Application time: 1.0011835 seconds
[2023-10-19T08:46:19.718+0000][339.929s][info ][safepoint     ] Entering safepoint region: Cleanup
[2023-10-19T08:46:19.719+0000][339.930s][info ][safepoint     ] Leaving safepoint region
[2023-10-19T08:46:19.719+0000][339.931s][info ][safepoint     ] Total time for which application threads were stopped: 0.0018449 seconds, Stopping threads took: 0.0008480 seconds
[2023-10-19T08:46:20.720+0000][340.932s][debug][safepoint     ] Safepoint synchronization initiated. (172 threads)
[2023-10-19T08:46:20.721+0000][340.933s][info ][safepoint     ] Application time: 1.0008932 seconds
[2023-10-19T08:46:20.722+0000][340.933s][info ][safepoint     ] Entering safepoint region: Cleanup
[2023-10-19T08:46:20.722+0000][340.934s][info ][safepoint     ] Leaving safepoint region
[2023-10-19T08:46:20.723+0000][340.934s][info ][safepoint     ] Total time for which application threads were stopped: 0.0012680 seconds, Stopping threads took: 0.0005942 seconds
[2023-10-19T08:46:21.724+0000][341.935s][debug][safepoint     ] Safepoint synchronization initiated. (172 threads)
[2023-10-19T08:46:21.725+0000][341.936s][info ][safepoint     ] Application time: 1.0014464 seconds
[2023-10-19T08:46:21.725+0000][341.937s][info ][safepoint     ] Entering safepoint region: Cleanup
[2023-10-19T08:46:21.727+0000][341.938s][info ][safepoint     ] Leaving safepoint region
[2023-10-19T08:46:21.727+0000][341.939s][info ][safepoint     ] Total time for which application threads were stopped: 0.0019848 seconds, Stopping threads took: 0.0009067 seconds
[2023-10-19T08:46:22.728+0000][342.940s][debug][safepoint     ] Safepoint synchronization initiated. (172 threads)
[2023-10-19T08:46:22.729+0000][342.941s][info ][safepoint     ] Application time: 1.0008794 seconds
[2023-10-19T08:46:22.730+0000][342.941s][info ][safepoint     ] Entering safepoint region: Cleanup
[2023-10-19T08:46:22.730+0000][342.942s][info ][safepoint     ] Leaving safepoint region
[2023-10-19T08:46:22.731+0000][342.942s][info ][safepoint     ] Total time for which application threads were stopped: 0.0012883 seconds, Stopping threads took: 0.0006041 seconds
[2023-10-19T08:46:23.731+0000][343.943s][debug][safepoint     ] Safepoint synchronization initiated. (172 threads)
[2023-10-19T08:46:23.732+0000][343.943s][info ][safepoint     ] Application time: 1.0005657 seconds
[2023-10-19T08:46:23.732+0000][343.944s][info ][safepoint     ] Entering safepoint region: Cleanup
[2023-10-19T08:46:23.733+0000][343.944s][info ][safepoint     ] Leaving safepoint region
[2023-10-19T08:46:23.733+0000][343.945s][info ][safepoint     ] Total time for which application threads were stopped: 0.0009714 seconds, Stopping threads took: 0.0004508 seconds
[2023-10-19T08:46:24.734+0000][344.945s][debug][safepoint     ] Safepoint synchronization initiated. (172 threads)
[2023-10-19T08:46:24.735+0000][344.946s][info ][safepoint     ] Application time: 1.0010381 seconds
[2023-10-19T08:46:24.735+0000][344.947s][info ][safepoint     ] Entering safepoint region: Cleanup
[2023-10-19T08:46:24.736+0000][344.948s][info ][safepoint     ] Leaving safepoint region
[2023-10-19T08:46:24.737+0000][344.948s][info ][safepoint     ] Total time for which application threads were stopped: 0.0014143 seconds, Stopping threads took: 0.0006301 seconds
[2023-10-19T08:46:25.738+0000][345.949s][debug][safepoint     ] Safepoint synchronization initiated. (172 threads)
[2023-10-19T08:46:25.739+0000][345.950s][info ][safepoint     ] Application time: 1.0014329 seconds
[2023-10-19T08:46:25.740+0000][345.951s][info ][safepoint     ] Entering safepoint region: Cleanup
[2023-10-19T08:46:25.741+0000][345.953s][info ][safepoint     ] Leaving safepoint region
[2023-10-19T08:46:25.742+0000][345.953s][info ][safepoint     ] Total time for which application threads were stopped: 0.0020809 seconds, Stopping threads took: 0.0009549 seconds
[2023-10-19T08:46:26.743+0000][346.955s][debug][safepoint     ] Safepoint synchronization initiated. (172 threads)
[2023-10-19T08:46:26.744+0000][346.956s][info ][safepoint     ] Application time: 1.0014630 seconds
[2023-10-19T08:46:26.745+0000][346.957s][info ][safepoint     ] Entering safepoint region: Cleanup
[2023-10-19T08:46:26.746+0000][346.958s][info ][safepoint     ] Leaving safepoint region
[2023-10-19T08:46:26.747+0000][346.959s][info ][safepoint     ] Total time for which application threads were stopped: 0.0020439 seconds, Stopping threads took: 0.0008275 seconds
[2023-10-19T08:46:27.748+0000][347.960s][debug][safepoint     ] Safepoint synchronization initiated. (172 threads)
[2023-10-19T08:46:27.748+0000][347.960s][info ][safepoint     ] Application time: 1.0005870 seconds
[2023-10-19T08:46:27.749+0000][347.960s][info ][safepoint     ] Entering safepoint region: Cleanup
[2023-10-19T08:46:27.749+0000][347.961s][info ][safepoint     ] Leaving safepoint region
[2023-10-19T08:46:27.750+0000][347.961s][info ][safepoint     ] Total time for which application threads were stopped: 0.0009190 seconds, Stopping threads took: 0.0003931 seconds
[2023-10-19T08:46:28.750+0000][348.962s][debug][safepoint     ] Safepoint synchronization initiated. (172 threads)
[2023-10-19T08:46:28.751+0000][348.962s][info ][safepoint     ] Application time: 1.0007082 seconds
[2023-10-19T08:46:28.752+0000][348.963s][info ][safepoint     ] Entering safepoint region: Cleanup
[2023-10-19T08:46:28.752+0000][348.964s][info ][safepoint     ] Leaving safepoint region
[2023-10-19T08:46:28.753+0000][348.964s][info ][safepoint     ] Total time for which application threads were stopped: 0.0011644 seconds, Stopping threads took: 0.0004990 seconds
[2023-10-19T08:46:29.753+0000][349.965s][debug][safepoint     ] Safepoint synchronization initiated. (172 threads)
[2023-10-19T08:46:29.754+0000][349.966s][info ][safepoint     ] Application time: 1.0010017 seconds
[2023-10-19T08:46:29.755+0000][349.966s][debug][safepoint     ] ... found polling page return exception at pc = 0x00007f0de8d65be2, stub =0x00007f0de0840600
[2023-10-19T08:46:29.755+0000][349.967s][debug][safepoint     ] Waiting for 1 thread(s) to block
[2023-10-19T08:46:29.756+0000][349.967s][info ][safepoint     ] Entering safepoint region: Cleanup
[2023-10-19T08:46:29.757+0000][349.968s][info ][safepoint     ] Leaving safepoint region
[2023-10-19T08:46:29.757+0000][349.969s][info ][safepoint     ] Total time for which application threads were stopped: 0.0026813 seconds, Stopping threads took: 0.0017108 seconds
[2023-10-19T08:46:30.758+0000][350.970s][debug][safepoint     ] Safepoint synchronization initiated. (172 threads)
[2023-10-19T08:46:30.759+0000][350.971s][info ][safepoint     ] Application time: 1.0015432 seconds
[2023-10-19T08:46:30.761+0000][350.972s][info ][safepoint     ] Entering safepoint region: Cleanup
[2023-10-19T08:46:30.761+0000][350.973s][info ][safepoint     ] Leaving safepoint region
[2023-10-19T08:46:30.762+0000][350.974s][info ][safepoint     ] Total time for which application threads were stopped: 0.0015532 seconds, Stopping threads took: 0.0008149 seconds
[2023-10-19T08:46:31.763+0000][351.974s][debug][safepoint     ] Safepoint synchronization initiated. (172 threads)
[2023-10-19T08:46:31.764+0000][351.975s][info ][safepoint     ] Application time: 1.0010643 seconds
[2023-10-19T08:46:31.764+0000][351.976s][info ][safepoint     ] Entering safepoint region: Cleanup
[2023-10-19T08:46:31.765+0000][351.977s][info ][safepoint     ] Leaving safepoint region
[2023-10-19T08:46:31.766+0000][351.977s][info ][safepoint     ] Total time for which application threads were stopped: 0.0012329 seconds, Stopping threads took: 0.0006202 seconds
[2023-10-19T08:46:32.766+0000][352.978s][debug][safepoint     ] Safepoint synchronization initiated. (172 threads)
[2023-10-19T08:46:32.767+0000][352.979s][info ][safepoint     ] Application time: 1.0008475 seconds
[2023-10-19T08:46:32.767+0000][352.979s][info ][safepoint     ] Entering safepoint region: Cleanup
[2023-10-19T08:46:32.768+0000][352.980s][info ][safepoint     ] Leaving safepoint region
[2023-10-19T08:46:32.769+0000][352.980s][info ][safepoint     ] Total time for which application threads were stopped: 0.0011665 seconds, Stopping threads took: 0.0005044 seconds
[2023-10-19T08:46:33.769+0000][353.981s][debug][safepoint     ] Safepoint synchronization initiated. (172 threads)
[2023-10-19T08:46:33.770+0000][353.982s][info ][safepoint     ] Application time: 1.0010786 seconds
[2023-10-19T08:46:33.771+0000][353.982s][info ][safepoint     ] Entering safepoint region: Cleanup
[2023-10-19T08:46:33.771+0000][353.983s][info ][safepoint     ] Leaving safepoint region
[2023-10-19T08:46:33.772+0000][353.983s][info ][safepoint     ] Total time for which application threads were stopped: 0.0011454 seconds, Stopping threads took: 0.0004873 seconds
[2023-10-19T08:46:34.773+0000][354.984s][debug][safepoint     ] Safepoint synchronization initiated. (172 threads)
[2023-10-19T08:46:34.774+0000][354.986s][info ][safepoint     ] Application time: 1.0017014 seconds
[2023-10-19T08:46:34.775+0000][354.987s][info ][safepoint     ] Entering safepoint region: Cleanup
[2023-10-19T08:46:34.776+0000][354.988s][info ][safepoint     ] Leaving safepoint region
[2023-10-19T08:46:34.777+0000][354.988s][info ][safepoint     ] Total time for which application threads were stopped: 0.0020474 seconds, Stopping threads took: 0.0008524 seconds
[2023-10-19T08:46:35.778+0000][355.989s][debug][safepoint     ] Safepoint synchronization initiated. (172 threads)
[2023-10-19T08:46:35.778+0000][355.990s][info ][safepoint     ] Application time: 1.0007364 seconds
[2023-10-19T08:46:35.779+0000][355.990s][info ][safepoint     ] Entering safepoint region: Cleanup
[2023-10-19T08:46:35.779+0000][355.991s][info ][safepoint     ] Leaving safepoint region
[2023-10-19T08:46:35.780+0000][355.991s][info ][safepoint     ] Total time for which application threads were stopped: 0.0011381 seconds, Stopping threads took: 0.0005000 seconds
[2023-10-19T08:46:36.781+0000][356.992s][debug][safepoint     ] Safepoint synchronization initiated. (172 threads)
[2023-10-19T08:46:36.782+0000][356.993s][info ][safepoint     ] Application time: 1.0014399 seconds
[2023-10-19T08:46:36.783+0000][356.994s][info ][safepoint     ] Entering safepoint region: Cleanup
[2023-10-19T08:46:36.784+0000][356.995s][info ][safepoint     ] Leaving safepoint region
[2023-10-19T08:46:36.785+0000][356.996s][info ][safepoint     ] Total time for which application threads were stopped: 0.0019260 seconds, Stopping threads took: 0.0009015 seconds
[2023-10-19T08:46:37.785+0000][357.997s][debug][safepoint     ] Safepoint synchronization initiated. (172 threads)
[2023-10-19T08:46:37.786+0000][357.998s][info ][safepoint     ] Application time: 1.0013716 seconds
[2023-10-19T08:46:37.788+0000][357.999s][info ][safepoint     ] Entering safepoint region: Cleanup
[2023-10-19T08:46:37.789+0000][358.000s][info ][safepoint     ] Leaving safepoint region
[2023-10-19T08:46:37.790+0000][358.001s][info ][safepoint     ] Total time for which application threads were stopped: 0.0022542 seconds, Stopping threads took: 0.0009890 seconds
[2023-10-19T08:46:38.791+0000][359.003s][debug][safepoint     ] Safepoint synchronization initiated. (172 threads)
[2023-10-19T08:46:38.792+0000][359.003s][info ][safepoint     ] Application time: 1.0013680 seconds
[2023-10-19T08:46:38.793+0000][359.004s][info ][safepoint     ] Entering safepoint region: Cleanup
[2023-10-19T08:46:38.793+0000][359.005s][info ][safepoint     ] Leaving safepoint region
[2023-10-19T08:46:38.794+0000][359.006s][info ][safepoint     ] Total time for which application threads were stopped: 0.0013679 seconds, Stopping threads took: 0.0005887 seconds
[2023-10-19T08:46:39.795+0000][360.006s][debug][safepoint     ] Safepoint synchronization initiated. (172 threads)
[2023-10-19T08:46:39.796+0000][360.007s][info ][safepoint     ] Application time: 1.0009825 seconds
[2023-10-19T08:46:39.796+0000][360.008s][info ][safepoint     ] Entering safepoint region: Cleanup
[2023-10-19T08:46:39.797+0000][360.009s][info ][safepoint     ] Leaving safepoint region
[2023-10-19T08:46:39.798+0000][360.009s][info ][safepoint     ] Total time for which application threads were stopped: 0.0014676 seconds, Stopping threads took: 0.0006504 seconds
[2023-10-19T08:46:40.798+0000][361.010s][debug][safepoint     ] Safepoint synchronization initiated. (172 threads)
[2023-10-19T08:46:40.799+0000][361.010s][info ][safepoint     ] Application time: 1.0005125 seconds
[2023-10-19T08:46:40.799+0000][361.011s][info ][safepoint     ] Entering safepoint region: Cleanup
[2023-10-19T08:46:40.800+0000][361.011s][info ][safepoint     ] Leaving safepoint region
[2023-10-19T08:46:40.800+0000][361.012s][info ][safepoint     ] Total time for which application threads were stopped: 0.0008964 seconds, Stopping threads took: 0.0003734 seconds
[2023-10-19T08:46:41.801+0000][362.012s][debug][safepoint     ] Safepoint synchronization initiated. (172 threads)
[2023-10-19T08:46:41.802+0000][362.013s][info ][safepoint     ] Application time: 1.0011054 seconds
[2023-10-19T08:46:41.802+0000][362.014s][info ][safepoint     ] Entering safepoint region: Cleanup
[2023-10-19T08:46:41.803+0000][362.015s][info ][safepoint     ] Leaving safepoint region
[2023-10-19T08:46:41.804+0000][362.016s][info ][safepoint     ] Total time for which application threads were stopped: 0.0017874 seconds, Stopping threads took: 0.0008323 seconds
[2023-10-19T08:46:42.805+0000][363.017s][debug][safepoint     ] Safepoint synchronization initiated. (172 threads)
[2023-10-19T08:46:42.806+0000][363.018s][info ][safepoint     ] Application time: 1.0012311 seconds
[2023-10-19T08:46:42.807+0000][363.019s][info ][safepoint     ] Entering safepoint region: Cleanup
[2023-10-19T08:46:42.808+0000][363.020s][info ][safepoint     ] Leaving safepoint region
[2023-10-19T08:46:42.809+0000][363.020s][info ][safepoint     ] Total time for which application threads were stopped: 0.0018517 seconds, Stopping threads took: 0.0008249 seconds
[2023-10-19T08:46:43.810+0000][364.021s][debug][safepoint     ] Safepoint synchronization initiated. (172 threads)
[2023-10-19T08:46:43.811+0000][364.022s][info ][safepoint     ] Application time: 1.0013925 seconds
[2023-10-19T08:46:43.812+0000][364.023s][info ][safepoint     ] Entering safepoint region: Cleanup
[2023-10-19T08:46:43.813+0000][364.024s][info ][safepoint     ] Leaving safepoint region
[2023-10-19T08:46:43.814+0000][364.025s][info ][safepoint     ] Total time for which application threads were stopped: 0.0019465 seconds, Stopping threads took: 0.0008029 seconds
[2023-10-19T08:46:44.815+0000][365.026s][debug][safepoint     ] Safepoint synchronization initiated. (172 threads)
[2023-10-19T08:46:44.816+0000][365.027s][info ][safepoint     ] Application time: 1.0015280 seconds
[2023-10-19T08:46:44.817+0000][365.028s][info ][safepoint     ] Entering safepoint region: Cleanup
[2023-10-19T08:46:44.818+0000][365.029s][info ][safepoint     ] Leaving safepoint region
[2023-10-19T08:46:44.818+0000][365.030s][info ][safepoint     ] Total time for which application threads were stopped: 0.0017825 seconds, Stopping threads took: 0.0008916 seconds
[2023-10-19T08:46:45.819+0000][366.031s][debug][safepoint     ] Safepoint synchronization initiated. (172 threads)
[2023-10-19T08:46:45.820+0000][366.032s][info ][safepoint     ] Application time: 1.0014820 seconds
[2023-10-19T08:46:45.821+0000][366.033s][info ][safepoint     ] Entering safepoint region: Cleanup
[2023-10-19T08:46:45.823+0000][366.035s][info ][safepoint     ] Leaving safepoint region
[2023-10-19T08:46:45.824+0000][366.035s][info ][safepoint     ] Total time for which application threads were stopped: 0.0023251 seconds, Stopping threads took: 0.0010572 seconds
[2023-10-19T08:46:46.825+0000][367.036s][debug][safepoint     ] Safepoint synchronization initiated. (172 threads)
[2023-10-19T08:46:46.826+0000][367.037s][info ][safepoint     ] Application time: 1.0010634 seconds
[2023-10-19T08:46:46.826+0000][367.038s][info ][safepoint     ] Entering safepoint region: Cleanup
[2023-10-19T08:46:46.827+0000][367.039s][info ][safepoint     ] Leaving safepoint region
[2023-10-19T08:46:46.828+0000][367.039s][info ][safepoint     ] Total time for which application threads were stopped: 0.0013122 seconds, Stopping threads took: 0.0006137 seconds
[2023-10-19T08:46:47.828+0000][368.040s][debug][safepoint     ] Safepoint synchronization initiated. (172 threads)
[2023-10-19T08:46:47.830+0000][368.041s][info ][safepoint     ] Application time: 1.0015673 seconds
[2023-10-19T08:46:47.830+0000][368.042s][info ][safepoint     ] Entering safepoint region: Cleanup
[2023-10-19T08:46:47.832+0000][368.043s][info ][safepoint     ] Leaving safepoint region
[2023-10-19T08:46:47.833+0000][368.044s][info ][safepoint     ] Total time for which application threads were stopped: 0.0022662 seconds, Stopping threads took: 0.0009920 seconds
[2023-10-19T08:46:48.834+0000][369.045s][debug][safepoint     ] Safepoint synchronization initiated. (172 threads)
[2023-10-19T08:46:48.835+0000][369.046s][info ][safepoint     ] Application time: 1.0009485 seconds
[2023-10-19T08:46:48.835+0000][369.047s][info ][safepoint     ] Entering safepoint region: Cleanup
[2023-10-19T08:46:48.836+0000][369.047s][info ][safepoint     ] Leaving safepoint region
[2023-10-19T08:46:48.836+0000][369.048s][info ][safepoint     ] Total time for which application threads were stopped: 0.0011644 seconds, Stopping threads took: 0.0004849 seconds
[2023-10-19T08:46:49.837+0000][370.048s][debug][safepoint     ] Safepoint synchronization initiated. (172 threads)
[2023-10-19T08:46:49.838+0000][370.049s][info ][safepoint     ] Application time: 1.0009444 seconds
[2023-10-19T08:46:49.838+0000][370.050s][info ][safepoint     ] Entering safepoint region: Cleanup
[2023-10-19T08:46:49.839+0000][370.050s][info ][safepoint     ] Leaving safepoint region
[2023-10-19T08:46:49.839+0000][370.051s][info ][safepoint     ] Total time for which application threads were stopped: 0.0013048 seconds, Stopping threads took: 0.0005532 seconds
[2023-10-19T08:46:50.840+0000][371.052s][debug][safepoint     ] Safepoint synchronization initiated. (172 threads)
[2023-10-19T08:46:50.841+0000][371.052s][info ][safepoint     ] Application time: 1.0007530 seconds
[2023-10-19T08:46:50.841+0000][371.053s][info ][safepoint     ] Entering safepoint region: Cleanup
[2023-10-19T08:46:50.842+0000][371.053s][info ][safepoint     ] Leaving safepoint region
[2023-10-19T08:46:50.842+0000][371.054s][info ][safepoint     ] Total time for which application threads were stopped: 0.0012765 seconds, Stopping threads took: 0.0005992 seconds
[2023-10-19T08:46:51.843+0000][372.055s][debug][safepoint     ] Safepoint synchronization initiated. (172 threads)
[2023-10-19T08:46:51.844+0000][372.055s][info ][safepoint     ] Application time: 1.0008962 seconds
[2023-10-19T08:46:51.844+0000][372.056s][info ][safepoint     ] Entering safepoint region: Cleanup
[2023-10-19T08:46:51.845+0000][372.057s][info ][safepoint     ] Leaving safepoint region
[2023-10-19T08:46:51.845+0000][372.057s][info ][safepoint     ] Total time for which application threads were stopped: 0.0011953 seconds, Stopping threads took: 0.0005329 seconds
[2023-10-19T08:46:52.846+0000][373.058s][debug][safepoint     ] Safepoint synchronization initiated. (172 threads)
[2023-10-19T08:46:52.847+0000][373.059s][info ][safepoint     ] Application time: 1.0016333 seconds
[2023-10-19T08:46:52.849+0000][373.060s][info ][safepoint     ] Entering safepoint region: Cleanup
[2023-10-19T08:46:52.850+0000][373.062s][info ][safepoint     ] Leaving safepoint region
[2023-10-19T08:46:52.851+0000][373.062s][info ][safepoint     ] Total time for which application threads were stopped: 0.0023649 seconds, Stopping threads took: 0.0010497 seconds
[2023-10-19T08:46:53.852+0000][374.063s][debug][safepoint     ] Safepoint synchronization initiated. (172 threads)
[2023-10-19T08:46:53.853+0000][374.064s][info ][safepoint     ] Application time: 1.0009651 seconds
[2023-10-19T08:46:53.853+0000][374.065s][info ][safepoint     ] Entering safepoint region: Cleanup
[2023-10-19T08:46:53.855+0000][374.066s][info ][safepoint     ] Leaving safepoint region
[2023-10-19T08:46:53.855+0000][374.067s][info ][safepoint     ] Total time for which application threads were stopped: 0.0018370 seconds, Stopping threads took: 0.0008127 seconds
[2023-10-19T08:46:53.855+0000][374.066s][debug][safepoint     ] ... found polling page return exception at pc = 0x00007f0de87cbbc4, stub =0x00007f0de0840600
[2023-10-19T08:46:53.855+0000][374.066s][debug][safepoint     ] ... found polling page return exception at pc = 0x00007f0de87cbbc4, stub =0x00007f0de0840600
[2023-10-19T08:46:53.855+0000][374.066s][debug][safepoint     ] ... found polling page loop exception at pc = 0x00007f0de89fdd42, stub =0x00007f0de0843680
[2023-10-19T08:46:54.856+0000][375.068s][debug][safepoint     ] Safepoint synchronization initiated. (172 threads)
[2023-10-19T08:46:54.856+0000][375.068s][info ][safepoint     ] Application time: 1.0006257 seconds
[2023-10-19T08:46:54.857+0000][375.068s][info ][safepoint     ] Entering safepoint region: Cleanup
[2023-10-19T08:46:54.857+0000][375.069s][info ][safepoint     ] Leaving safepoint region
[2023-10-19T08:46:54.858+0000][375.069s][info ][safepoint     ] Total time for which application threads were stopped: 0.0009134 seconds, Stopping threads took: 0.0003630 seconds
[2023-10-19T08:46:55.858+0000][376.070s][debug][safepoint     ] Safepoint synchronization initiated. (172 threads)
[2023-10-19T08:46:55.859+0000][376.071s][info ][safepoint     ] Application time: 1.0011115 seconds
[2023-10-19T08:46:55.860+0000][376.072s][info ][safepoint     ] Entering safepoint region: Cleanup
[2023-10-19T08:46:55.861+0000][376.073s][info ][safepoint     ] Leaving safepoint region
[2023-10-19T08:46:55.862+0000][376.073s][info ][safepoint     ] Total time for which application threads were stopped: 0.0017186 seconds, Stopping threads took: 0.0008912 seconds
[2023-10-19T08:46:56.863+0000][377.074s][debug][safepoint     ] Safepoint synchronization initiated. (172 threads)
[2023-10-19T08:46:56.864+0000][377.075s][info ][safepoint     ] Application time: 1.0013237 seconds
[2023-10-19T08:46:56.865+0000][377.076s][info ][safepoint     ] Entering safepoint region: Cleanup
[2023-10-19T08:46:56.866+0000][377.077s][info ][safepoint     ] Leaving safepoint region
[2023-10-19T08:46:56.867+0000][377.078s][info ][safepoint     ] Total time for which application threads were stopped: 0.0019273 seconds, Stopping threads took: 0.0007827 seconds
[2023-10-19T08:46:57.868+0000][378.079s][debug][safepoint     ] Safepoint synchronization initiated. (172 threads)
[2023-10-19T08:46:57.868+0000][378.080s][info ][safepoint     ] Application time: 1.0009776 seconds
[2023-10-19T08:46:57.869+0000][378.081s][info ][safepoint     ] Entering safepoint region: Cleanup
[2023-10-19T08:46:57.870+0000][378.081s][info ][safepoint     ] Leaving safepoint region
[2023-10-19T08:46:57.870+0000][378.082s][info ][safepoint     ] Total time for which application threads were stopped: 0.0010306 seconds, Stopping threads took: 0.0004456 seconds
[2023-10-19T08:46:58.871+0000][379.082s][debug][safepoint     ] Safepoint synchronization initiated. (172 threads)
[2023-10-19T08:46:58.872+0000][379.084s][info ][safepoint     ] Application time: 1.0014175 seconds
[2023-10-19T08:46:58.873+0000][379.085s][info ][safepoint     ] Entering safepoint region: Cleanup
[2023-10-19T08:46:58.874+0000][379.086s][info ][safepoint     ] Leaving safepoint region
[2023-10-19T08:46:58.875+0000][379.087s][info ][safepoint     ] Total time for which application threads were stopped: 0.0019210 seconds, Stopping threads took: 0.0008567 seconds
[2023-10-19T08:46:59.876+0000][380.087s][debug][safepoint     ] Safepoint synchronization initiated. (172 threads)
[2023-10-19T08:46:59.877+0000][380.088s][info ][safepoint     ] Application time: 1.0010683 seconds
[2023-10-19T08:46:59.877+0000][380.089s][info ][safepoint     ] Entering safepoint region: Cleanup
[2023-10-19T08:46:59.879+0000][380.090s][info ][safepoint     ] Leaving safepoint region
[2023-10-19T08:46:59.879+0000][380.091s][info ][safepoint     ] Total time for which application threads were stopped: 0.0017502 seconds, Stopping threads took: 0.0008126 seconds
[2023-10-19T08:47:00.880+0000][381.092s][debug][safepoint     ] Safepoint synchronization initiated. (172 threads)
[2023-10-19T08:47:00.881+0000][381.092s][info ][safepoint     ] Application time: 1.0010272 seconds
[2023-10-19T08:47:00.881+0000][381.093s][info ][safepoint     ] Entering safepoint region: Cleanup
[2023-10-19T08:47:00.882+0000][381.093s][info ][safepoint     ] Leaving safepoint region
[2023-10-19T08:47:00.882+0000][381.094s][info ][safepoint     ] Total time for which application threads were stopped: 0.0011136 seconds, Stopping threads took: 0.0004032 seconds
[2023-10-19T08:47:01.883+0000][382.095s][debug][safepoint     ] Safepoint synchronization initiated. (172 threads)
[2023-10-19T08:47:01.884+0000][382.096s][info ][safepoint     ] Application time: 1.0012406 seconds
[2023-10-19T08:47:01.885+0000][382.096s][info ][safepoint     ] Entering safepoint region: Cleanup
[2023-10-19T08:47:01.886+0000][382.097s][info ][safepoint     ] Leaving safepoint region
[2023-10-19T08:47:01.886+0000][382.098s][info ][safepoint     ] Total time for which application threads were stopped: 0.0013420 seconds, Stopping threads took: 0.0005818 seconds
[2023-10-19T08:47:02.886+0000][383.099s][debug][safepoint     ] Safepoint synchronization initiated. (172 threads)
[2023-10-19T08:47:02.887+0000][383.099s][info ][safepoint     ] Application time: 1.0010356 seconds
[2023-10-19T08:47:02.888+0000][383.100s][info ][safepoint     ] Entering safepoint region: Cleanup
[2023-10-19T08:47:02.889+0000][383.101s][info ][safepoint     ] Leaving safepoint region
[2023-10-19T08:47:02.889+0000][383.101s][info ][safepoint     ] Total time for which application threads were stopped: 0.0013777 seconds, Stopping threads took: 0.0006594 seconds
[2023-10-19T08:47:03.890+0000][384.102s][debug][safepoint     ] Safepoint synchronization initiated. (172 threads)
[2023-10-19T08:47:03.891+0000][384.104s][info ][safepoint     ] Application time: 1.0015584 seconds
[2023-10-19T08:47:03.892+0000][384.105s][info ][safepoint     ] Entering safepoint region: Cleanup
[2023-10-19T08:47:03.894+0000][384.106s][info ][safepoint     ] Leaving safepoint region
[2023-10-19T08:47:03.895+0000][384.107s][info ][safepoint     ] Total time for which application threads were stopped: 0.0023690 seconds, Stopping threads took: 0.0011271 seconds
[2023-10-19T08:47:04.896+0000][385.108s][debug][safepoint     ] Safepoint synchronization initiated. (172 threads)
[2023-10-19T08:47:04.897+0000][385.109s][info ][safepoint     ] Application time: 1.0015023 seconds
[2023-10-19T08:47:04.898+0000][385.110s][info ][safepoint     ] Entering safepoint region: Cleanup
[2023-10-19T08:47:04.899+0000][385.112s][info ][safepoint     ] Leaving safepoint region
[2023-10-19T08:47:04.900+0000][385.112s][info ][safepoint     ] Total time for which application threads were stopped: 0.0022648 seconds, Stopping threads took: 0.0009766 seconds
[2023-10-19T08:47:05.901+0000][386.113s][debug][safepoint     ] Safepoint synchronization initiated. (172 threads)
[2023-10-19T08:47:05.902+0000][386.114s][info ][safepoint     ] Application time: 1.0007694 seconds
[2023-10-19T08:47:05.902+0000][386.114s][info ][safepoint     ] Entering safepoint region: Cleanup
[2023-10-19T08:47:05.903+0000][386.115s][info ][safepoint     ] Leaving safepoint region
[2023-10-19T08:47:05.903+0000][386.116s][info ][safepoint     ] Total time for which application threads were stopped: 0.0011648 seconds, Stopping threads took: 0.0005063 seconds
[2023-10-19T08:47:06.904+0000][387.116s][debug][safepoint     ] Safepoint synchronization initiated. (172 threads)
[2023-10-19T08:47:06.905+0000][387.118s][info ][safepoint     ] Application time: 1.0016203 seconds
[2023-10-19T08:47:06.906+0000][387.119s][info ][safepoint     ] Entering safepoint region: Cleanup
[2023-10-19T08:47:06.908+0000][387.120s][info ][safepoint     ] Leaving safepoint region
[2023-10-19T08:47:06.909+0000][387.121s][info ][safepoint     ] Total time for which application threads were stopped: 0.0022509 seconds, Stopping threads took: 0.0008677 seconds
[2023-10-19T08:47:07.910+0000][388.122s][debug][safepoint     ] Safepoint synchronization initiated. (172 threads)
[2023-10-19T08:47:07.911+0000][388.123s][info ][safepoint     ] Application time: 1.0015605 seconds
[2023-10-19T08:47:07.912+0000][388.124s][info ][safepoint     ] Entering safepoint region: Cleanup
[2023-10-19T08:47:07.914+0000][388.126s][info ][safepoint     ] Leaving safepoint region
[2023-10-19T08:47:07.914+0000][388.126s][info ][safepoint     ] Total time for which application threads were stopped: 0.0021520 seconds, Stopping threads took: 0.0010039 seconds
[2023-10-19T08:47:08.915+0000][389.128s][debug][safepoint     ] Safepoint synchronization initiated. (172 threads)
[2023-10-19T08:47:08.916+0000][389.128s][info ][safepoint     ] Application time: 1.0009664 seconds
[2023-10-19T08:47:08.917+0000][389.129s][info ][safepoint     ] Entering safepoint region: Cleanup
[2023-10-19T08:47:08.918+0000][389.130s][info ][safepoint     ] Leaving safepoint region
[2023-10-19T08:47:08.918+0000][389.130s][info ][safepoint     ] Total time for which application threads were stopped: 0.0013868 seconds, Stopping threads took: 0.0006356 seconds
[2023-10-19T08:47:09.919+0000][390.131s][debug][safepoint     ] Safepoint synchronization initiated. (172 threads)
[2023-10-19T08:47:09.919+0000][390.132s][info ][safepoint     ] Application time: 1.0006626 seconds
[2023-10-19T08:47:09.920+0000][390.132s][info ][safepoint     ] Entering safepoint region: Cleanup
[2023-10-19T08:47:09.921+0000][390.133s][info ][safepoint     ] Leaving safepoint region
[2023-10-19T08:47:09.921+0000][390.133s][info ][safepoint     ] Total time for which application threads were stopped: 0.0011018 seconds, Stopping threads took: 0.0004738 seconds
[2023-10-19T08:47:10.921+0000][391.134s][debug][safepoint     ] Safepoint synchronization initiated. (172 threads)
[2023-10-19T08:47:10.922+0000][391.134s][info ][safepoint     ] Application time: 1.0007343 seconds
[2023-10-19T08:47:10.923+0000][391.135s][info ][safepoint     ] Entering safepoint region: Cleanup
[2023-10-19T08:47:10.923+0000][391.136s][info ][safepoint     ] Leaving safepoint region
[2023-10-19T08:47:10.924+0000][391.136s][info ][safepoint     ] Total time for which application threads were stopped: 0.0013767 seconds, Stopping threads took: 0.0006374 seconds
[2023-10-19T08:47:11.925+0000][392.137s][debug][safepoint     ] Safepoint synchronization initiated. (172 threads)
[2023-10-19T08:47:11.925+0000][392.137s][info ][safepoint     ] Application time: 1.0009561 seconds
[2023-10-19T08:47:11.926+0000][392.138s][info ][safepoint     ] Entering safepoint region: Cleanup
[2023-10-19T08:47:11.927+0000][392.139s][info ][safepoint     ] Leaving safepoint region
[2023-10-19T08:47:11.927+0000][392.140s][info ][safepoint     ] Total time for which application threads were stopped: 0.0014944 seconds, Stopping threads took: 0.0006369 seconds
[2023-10-19T08:47:12.928+0000][393.140s][debug][safepoint     ] Safepoint synchronization initiated. (172 threads)
[2023-10-19T08:47:12.929+0000][393.141s][info ][safepoint     ] Application time: 1.0006471 seconds
[2023-10-19T08:47:12.929+0000][393.141s][info ][safepoint     ] Entering safepoint region: Cleanup
[2023-10-19T08:47:12.930+0000][393.142s][info ][safepoint     ] Leaving safepoint region
[2023-10-19T08:47:12.930+0000][393.142s][info ][safepoint     ] Total time for which application threads were stopped: 0.0009612 seconds, Stopping threads took: 0.0004124 seconds
[2023-10-19T08:47:13.931+0000][394.143s][debug][safepoint     ] Safepoint synchronization initiated. (172 threads)
[2023-10-19T08:47:13.932+0000][394.144s][info ][safepoint     ] Application time: 1.0014116 seconds
[2023-10-19T08:47:13.933+0000][394.145s][info ][safepoint     ] Entering safepoint region: Cleanup
[2023-10-19T08:47:13.934+0000][394.146s][info ][safepoint     ] Leaving safepoint region
[2023-10-19T08:47:13.935+0000][394.147s][info ][safepoint     ] Total time for which application threads were stopped: 0.0020253 seconds, Stopping threads took: 0.0009227 seconds
[2023-10-19T08:47:14.935+0000][395.148s][debug][safepoint     ] Safepoint synchronization initiated. (172 threads)
[2023-10-19T08:47:14.936+0000][395.148s][info ][safepoint     ] Application time: 1.0009952 seconds
[2023-10-19T08:47:14.937+0000][395.149s][info ][safepoint     ] Entering safepoint region: Cleanup
[2023-10-19T08:47:14.938+0000][395.150s][info ][safepoint     ] Leaving safepoint region
[2023-10-19T08:47:14.938+0000][395.151s][info ][safepoint     ] Total time for which application threads were stopped: 0.0015559 seconds, Stopping threads took: 0.0007091 seconds
[2023-10-19T08:47:15.939+0000][396.152s][debug][safepoint     ] Safepoint synchronization initiated. (172 threads)
[2023-10-19T08:47:15.940+0000][396.153s][info ][safepoint     ] Application time: 1.0013087 seconds
[2023-10-19T08:47:15.941+0000][396.154s][info ][safepoint     ] Entering safepoint region: Cleanup
[2023-10-19T08:47:15.943+0000][396.155s][info ][safepoint     ] Leaving safepoint region
[2023-10-19T08:47:15.943+0000][396.156s][info ][safepoint     ] Total time for which application threads were stopped: 0.0019897 seconds, Stopping threads took: 0.0009202 seconds
[2023-10-19T08:47:16.944+0000][397.156s][debug][safepoint     ] Safepoint synchronization initiated. (171 threads)
[2023-10-19T08:47:16.945+0000][397.157s][info ][safepoint     ] Application time: 1.0008133 seconds
[2023-10-19T08:47:16.945+0000][397.157s][info ][safepoint     ] Entering safepoint region: Cleanup
[2023-10-19T08:47:16.946+0000][397.158s][info ][safepoint     ] Leaving safepoint region
[2023-10-19T08:47:16.946+0000][397.158s][info ][safepoint     ] Total time for which application threads were stopped: 0.0011725 seconds, Stopping threads took: 0.0004444 seconds
[2023-10-19T08:47:17.947+0000][398.159s][debug][safepoint     ] Safepoint synchronization initiated. (171 threads)
[2023-10-19T08:47:17.948+0000][398.161s][info ][safepoint     ] Application time: 1.0016820 seconds
[2023-10-19T08:47:17.950+0000][398.162s][info ][safepoint     ] Entering safepoint region: Cleanup
[2023-10-19T08:47:17.951+0000][398.163s][info ][safepoint     ] Leaving safepoint region
[2023-10-19T08:47:17.952+0000][398.164s][info ][safepoint     ] Total time for which application threads were stopped: 0.0023422 seconds, Stopping threads took: 0.0011319 seconds
[2023-10-19T08:47:18.953+0000][399.165s][debug][safepoint     ] Safepoint synchronization initiated. (171 threads)
[2023-10-19T08:47:18.954+0000][399.167s][info ][safepoint     ] Application time: 1.0016559 seconds
[2023-10-19T08:47:18.955+0000][399.168s][info ][safepoint     ] Entering safepoint region: Cleanup
[2023-10-19T08:47:18.957+0000][399.169s][info ][safepoint     ] Leaving safepoint region
[2023-10-19T08:47:18.958+0000][399.170s][info ][safepoint     ] Total time for which application threads were stopped: 0.0028034 seconds, Stopping threads took: 0.0013234 seconds
[2023-10-19T08:47:19.959+0000][400.172s][debug][safepoint     ] Safepoint synchronization initiated. (171 threads)
[2023-10-19T08:47:19.960+0000][400.173s][info ][safepoint     ] Application time: 1.0012159 seconds
[2023-10-19T08:47:19.961+0000][400.173s][info ][safepoint     ] Entering safepoint region: Cleanup
[2023-10-19T08:47:19.963+0000][400.175s][info ][safepoint     ] Leaving safepoint region
[2023-10-19T08:47:19.963+0000][400.175s][info ][safepoint     ] Total time for which application threads were stopped: 0.0020395 seconds, Stopping threads took: 0.0009691 seconds
[2023-10-19T08:47:20.964+0000][401.177s][debug][safepoint     ] Safepoint synchronization initiated. (171 threads)
[2023-10-19T08:47:20.966+0000][401.178s][info ][safepoint     ] Application time: 1.0016414 seconds
[2023-10-19T08:47:20.967+0000][401.179s][info ][safepoint     ] Entering safepoint region: Cleanup
[2023-10-19T08:47:20.969+0000][401.181s][info ][safepoint     ] Leaving safepoint region
[2023-10-19T08:47:20.969+0000][401.182s][info ][safepoint     ] Total time for which application threads were stopped: 0.0025996 seconds, Stopping threads took: 0.0012555 seconds
[2023-10-19T08:47:21.971+0000][402.183s][debug][safepoint     ] Safepoint synchronization initiated. (171 threads)
[2023-10-19T08:47:21.972+0000][402.184s][info ][safepoint     ] Application time: 1.0014754 seconds
[2023-10-19T08:47:21.973+0000][402.185s][info ][safepoint     ] Entering safepoint region: Cleanup
[2023-10-19T08:47:21.974+0000][402.186s][info ][safepoint     ] Leaving safepoint region
[2023-10-19T08:47:21.975+0000][402.187s][info ][safepoint     ] Total time for which application threads were stopped: 0.0017054 seconds, Stopping threads took: 0.0007860 seconds
[2023-10-19T08:47:22.976+0000][403.188s][debug][safepoint     ] Safepoint synchronization initiated. (171 threads)
[2023-10-19T08:47:22.977+0000][403.189s][info ][safepoint     ] Application time: 1.0012634 seconds
[2023-10-19T08:47:22.978+0000][403.190s][info ][safepoint     ] Entering safepoint region: Cleanup
[2023-10-19T08:47:22.979+0000][403.191s][info ][safepoint     ] Leaving safepoint region
[2023-10-19T08:47:22.980+0000][403.192s][info ][safepoint     ] Total time for which application threads were stopped: 0.0020148 seconds, Stopping threads took: 0.0009756 seconds
[2023-10-19T08:47:23.980+0000][404.193s][debug][safepoint     ] Safepoint synchronization initiated. (171 threads)
[2023-10-19T08:47:23.981+0000][404.193s][info ][safepoint     ] Application time: 1.0007339 seconds
[2023-10-19T08:47:23.982+0000][404.194s][info ][safepoint     ] Entering safepoint region: Cleanup
[2023-10-19T08:47:23.982+0000][404.194s][info ][safepoint     ] Leaving safepoint region
[2023-10-19T08:47:23.983+0000][404.195s][info ][safepoint     ] Total time for which application threads were stopped: 0.0012685 seconds, Stopping threads took: 0.0004948 seconds
[2023-10-19T08:47:24.984+0000][405.196s][debug][safepoint     ] Safepoint synchronization initiated. (171 threads)
[2023-10-19T08:47:24.985+0000][405.197s][info ][safepoint     ] Application time: 1.0018165 seconds
[2023-10-19T08:47:24.986+0000][405.198s][info ][safepoint     ] Entering safepoint region: Cleanup
[2023-10-19T08:47:24.988+0000][405.200s][info ][safepoint     ] Leaving safepoint region
[2023-10-19T08:47:24.989+0000][405.201s][info ][safepoint     ] Total time for which application threads were stopped: 0.0026860 seconds, Stopping threads took: 0.0011746 seconds
[2023-10-19T08:47:25.990+0000][406.202s][debug][safepoint     ] Safepoint synchronization initiated. (171 threads)
[2023-10-19T08:47:25.990+0000][406.203s][info ][safepoint     ] Application time: 1.0006972 seconds
[2023-10-19T08:47:25.991+0000][406.203s][info ][safepoint     ] Entering safepoint region: Cleanup
[2023-10-19T08:47:25.991+0000][406.204s][info ][safepoint     ] Leaving safepoint region
[2023-10-19T08:47:25.992+0000][406.204s][info ][safepoint     ] Total time for which application threads were stopped: 0.0010316 seconds, Stopping threads took: 0.0004338 seconds
[2023-10-19T08:47:26.992+0000][407.204s][debug][safepoint     ] Safepoint synchronization initiated. (171 threads)
[2023-10-19T08:47:26.993+0000][407.205s][info ][safepoint     ] Application time: 1.0006812 seconds
[2023-10-19T08:47:26.993+0000][407.206s][info ][safepoint     ] Entering safepoint region: Cleanup
[2023-10-19T08:47:26.994+0000][407.206s][info ][safepoint     ] Leaving safepoint region
[2023-10-19T08:47:26.995+0000][407.207s][info ][safepoint     ] Total time for which application threads were stopped: 0.0014208 seconds, Stopping threads took: 0.0005133 seconds
[2023-10-19T08:47:27.995+0000][408.207s][debug][safepoint     ] Safepoint synchronization initiated. (171 threads)
[2023-10-19T08:47:27.996+0000][408.208s][info ][safepoint     ] Application time: 1.0007786 seconds
[2023-10-19T08:47:27.997+0000][408.209s][info ][safepoint     ] Entering safepoint region: Cleanup
[2023-10-19T08:47:27.998+0000][408.210s][info ][safepoint     ] Leaving safepoint region
[2023-10-19T08:47:27.998+0000][408.210s][info ][safepoint     ] Total time for which application threads were stopped: 0.0014593 seconds, Stopping threads took: 0.0006498 seconds
[2023-10-19T08:47:28.999+0000][409.211s][debug][safepoint     ] Safepoint synchronization initiated. (171 threads)
[2023-10-19T08:47:28.999+0000][409.211s][info ][safepoint     ] Application time: 1.0005995 seconds
[2023-10-19T08:47:29.000+0000][409.212s][info ][safepoint     ] Entering safepoint region: Cleanup
[2023-10-19T08:47:29.000+0000][409.213s][info ][safepoint     ] Leaving safepoint region
[2023-10-19T08:47:29.001+0000][409.213s][info ][safepoint     ] Total time for which application threads were stopped: 0.0009906 seconds, Stopping threads took: 0.0004383 seconds
[2023-10-19T08:47:30.001+0000][410.213s][debug][safepoint     ] Safepoint synchronization initiated. (171 threads)
[2023-10-19T08:47:30.002+0000][410.214s][info ][safepoint     ] Application time: 1.0009307 seconds
[2023-10-19T08:47:30.003+0000][410.215s][info ][safepoint     ] Entering safepoint region: Cleanup
[2023-10-19T08:47:30.003+0000][410.216s][info ][safepoint     ] Leaving safepoint region
[2023-10-19T08:47:30.004+0000][410.216s][info ][safepoint     ] Total time for which application threads were stopped: 0.0013087 seconds, Stopping threads took: 0.0005606 seconds
[2023-10-19T08:47:31.004+0000][411.217s][debug][safepoint     ] Safepoint synchronization initiated. (171 threads)
[2023-10-19T08:47:31.005+0000][411.217s][info ][safepoint     ] Application time: 1.0005521 seconds
[2023-10-19T08:47:31.005+0000][411.217s][info ][safepoint     ] Entering safepoint region: Cleanup
[2023-10-19T08:47:31.006+0000][411.218s][info ][safepoint     ] Leaving safepoint region
[2023-10-19T08:47:31.006+0000][411.218s][info ][safepoint     ] Total time for which application threads were stopped: 0.0007680 seconds, Stopping threads took: 0.0003069 seconds
[2023-10-19T08:47:32.006+0000][412.219s][debug][safepoint     ] Safepoint synchronization initiated. (171 threads)
[2023-10-19T08:47:32.007+0000][412.219s][info ][safepoint     ] Application time: 1.0009905 seconds
[2023-10-19T08:47:32.008+0000][412.220s][info ][safepoint     ] Entering safepoint region: Cleanup
[2023-10-19T08:47:32.009+0000][412.221s][info ][safepoint     ] Leaving safepoint region
[2023-10-19T08:47:32.010+0000][412.222s][info ][safepoint     ] Total time for which application threads were stopped: 0.0017727 seconds, Stopping threads took: 0.0008017 seconds
[2023-10-19T08:47:33.010+0000][413.223s][debug][safepoint     ] Safepoint synchronization initiated. (171 threads)
[2023-10-19T08:47:33.011+0000][413.224s][info ][safepoint     ] Application time: 1.0011475 seconds
[2023-10-19T08:47:33.012+0000][413.225s][debug][safepoint     ] ... found polling page return exception at pc = 0x00007f0de93048be, stub =0x00007f0de0840600
[2023-10-19T08:47:33.013+0000][413.226s][debug][safepoint     ] Waiting for 1 thread(s) to block
[2023-10-19T08:47:33.014+0000][413.227s][info ][safepoint     ] Entering safepoint region: Cleanup
[2023-10-19T08:47:33.015+0000][413.227s][info ][safepoint     ] Leaving safepoint region
[2023-10-19T08:47:33.016+0000][413.228s][info ][safepoint     ] Total time for which application threads were stopped: 0.0034377 seconds, Stopping threads took: 0.0024819 seconds
[2023-10-19T08:47:34.017+0000][414.229s][debug][safepoint     ] Safepoint synchronization initiated. (171 threads)
[2023-10-19T08:47:34.018+0000][414.230s][info ][safepoint     ] Application time: 1.0016996 seconds
[2023-10-19T08:47:34.019+0000][414.232s][info ][safepoint     ] Entering safepoint region: Cleanup
[2023-10-19T08:47:34.021+0000][414.233s][info ][safepoint     ] Leaving safepoint region
[2023-10-19T08:47:34.022+0000][414.234s][info ][safepoint     ] Total time for which application threads were stopped: 0.0026417 seconds, Stopping threads took: 0.0011063 seconds
[2023-10-19T08:47:35.023+0000][415.235s][debug][safepoint     ] Safepoint synchronization initiated. (171 threads)
[2023-10-19T08:47:35.024+0000][415.237s][info ][safepoint     ] Application time: 1.0016331 seconds
[2023-10-19T08:47:35.025+0000][415.238s][info ][safepoint     ] Entering safepoint region: Cleanup
[2023-10-19T08:47:35.027+0000][415.239s][info ][safepoint     ] Leaving safepoint region
[2023-10-19T08:47:35.028+0000][415.240s][info ][safepoint     ] Total time for which application threads were stopped: 0.0024325 seconds, Stopping threads took: 0.0011385 seconds
[2023-10-19T08:47:36.029+0000][416.241s][debug][safepoint     ] Safepoint synchronization initiated. (171 threads)
[2023-10-19T08:47:36.029+0000][416.242s][info ][safepoint     ] Application time: 1.0008064 seconds
[2023-10-19T08:47:36.030+0000][416.242s][info ][safepoint     ] Entering safepoint region: Cleanup
[2023-10-19T08:47:36.031+0000][416.243s][info ][safepoint     ] Leaving safepoint region
[2023-10-19T08:47:36.031+0000][416.243s][info ][safepoint     ] Total time for which application threads were stopped: 0.0011959 seconds, Stopping threads took: 0.0005269 seconds
[2023-10-19T08:47:37.032+0000][417.244s][debug][safepoint     ] Safepoint synchronization initiated. (171 threads)
[2023-10-19T08:47:37.032+0000][417.245s][info ][safepoint     ] Application time: 1.0006723 seconds
[2023-10-19T08:47:37.033+0000][417.245s][info ][safepoint     ] Entering safepoint region: Cleanup
[2023-10-19T08:47:37.033+0000][417.246s][info ][safepoint     ] Leaving safepoint region
[2023-10-19T08:47:37.033+0000][417.246s][info ][safepoint     ] Total time for which application threads were stopped: 0.0009460 seconds, Stopping threads took: 0.0004283 seconds
[2023-10-19T08:47:38.034+0000][418.246s][debug][safepoint     ] Safepoint synchronization initiated. (171 threads)
[2023-10-19T08:47:38.034+0000][418.247s][info ][safepoint     ] Application time: 1.0007235 seconds
[2023-10-19T08:47:38.035+0000][418.247s][info ][safepoint     ] Entering safepoint region: Cleanup
[2023-10-19T08:47:38.036+0000][418.248s][info ][safepoint     ] Leaving safepoint region
[2023-10-19T08:47:38.036+0000][418.249s][info ][safepoint     ] Total time for which application threads were stopped: 0.0011460 seconds, Stopping threads took: 0.0004031 seconds
[2023-10-19T08:47:39.037+0000][419.249s][debug][safepoint     ] Safepoint synchronization initiated. (171 threads)
[2023-10-19T08:47:39.037+0000][419.250s][info ][safepoint     ] Application time: 1.0007305 seconds
[2023-10-19T08:47:39.038+0000][419.250s][info ][safepoint     ] Entering safepoint region: Cleanup
[2023-10-19T08:47:39.038+0000][419.251s][info ][safepoint     ] Leaving safepoint region
[2023-10-19T08:47:39.039+0000][419.251s][info ][safepoint     ] Total time for which application threads were stopped: 0.0010782 seconds, Stopping threads took: 0.0004280 seconds
[2023-10-19T08:47:40.039+0000][420.252s][debug][safepoint     ] Safepoint synchronization initiated. (171 threads)
[2023-10-19T08:47:40.040+0000][420.253s][info ][safepoint     ] Application time: 1.0010335 seconds
[2023-10-19T08:47:40.041+0000][420.253s][info ][safepoint     ] Entering safepoint region: Cleanup
[2023-10-19T08:47:40.041+0000][420.254s][info ][safepoint     ] Leaving safepoint region
[2023-10-19T08:47:40.042+0000][420.254s][info ][safepoint     ] Total time for which application threads were stopped: 0.0012841 seconds, Stopping threads took: 0.0005017 seconds
[2023-10-19T08:47:41.042+0000][421.255s][debug][safepoint     ] Safepoint synchronization initiated. (171 threads)
[2023-10-19T08:47:41.043+0000][421.256s][info ][safepoint     ] Application time: 1.0007402 seconds
[2023-10-19T08:47:41.044+0000][421.256s][info ][safepoint     ] Entering safepoint region: Cleanup
[2023-10-19T08:47:41.044+0000][421.257s][info ][safepoint     ] Leaving safepoint region
[2023-10-19T08:47:41.045+0000][421.257s][info ][safepoint     ] Total time for which application threads were stopped: 0.0009837 seconds, Stopping threads took: 0.0003797 seconds
[2023-10-19T08:47:42.045+0000][422.258s][debug][safepoint     ] Safepoint synchronization initiated. (171 threads)
[2023-10-19T08:47:42.046+0000][422.258s][info ][safepoint     ] Application time: 1.0008839 seconds
[2023-10-19T08:47:42.046+0000][422.259s][info ][safepoint     ] Entering safepoint region: Cleanup
[2023-10-19T08:47:42.047+0000][422.260s][info ][safepoint     ] Leaving safepoint region
[2023-10-19T08:47:42.048+0000][422.260s][info ][safepoint     ] Total time for which application threads were stopped: 0.0011556 seconds, Stopping threads took: 0.0005022 seconds
[2023-10-19T08:47:43.048+0000][423.261s][debug][safepoint     ] Safepoint synchronization initiated. (171 threads)
[2023-10-19T08:47:43.049+0000][423.262s][info ][safepoint     ] Application time: 1.0010111 seconds
[2023-10-19T08:47:43.050+0000][423.262s][info ][safepoint     ] Entering safepoint region: Cleanup
[2023-10-19T08:47:43.050+0000][423.263s][info ][safepoint     ] Leaving safepoint region
[2023-10-19T08:47:43.051+0000][423.263s][info ][safepoint     ] Total time for which application threads were stopped: 0.0012426 seconds, Stopping threads took: 0.0005461 seconds
[2023-10-19T08:47:44.052+0000][424.264s][debug][safepoint     ] Safepoint synchronization initiated. (171 threads)
[2023-10-19T08:47:44.052+0000][424.265s][info ][safepoint     ] Application time: 1.0011022 seconds
[2023-10-19T08:47:44.053+0000][424.266s][info ][safepoint     ] Entering safepoint region: Cleanup
[2023-10-19T08:47:44.054+0000][424.266s][info ][safepoint     ] Leaving safepoint region
[2023-10-19T08:47:44.054+0000][424.267s][info ][safepoint     ] Total time for which application threads were stopped: 0.0011484 seconds, Stopping threads took: 0.0005716 seconds
[2023-10-19T08:47:45.055+0000][425.267s][debug][safepoint     ] Safepoint synchronization initiated. (171 threads)
[2023-10-19T08:47:45.056+0000][425.268s][info ][safepoint     ] Application time: 1.0012409 seconds
[2023-10-19T08:47:45.057+0000][425.269s][info ][safepoint     ] Entering safepoint region: Cleanup
[2023-10-19T08:47:45.058+0000][425.270s][info ][safepoint     ] Leaving safepoint region
[2023-10-19T08:47:45.059+0000][425.271s][info ][safepoint     ] Total time for which application threads were stopped: 0.0018019 seconds, Stopping threads took: 0.0008316 seconds
[2023-10-19T08:47:46.059+0000][426.272s][debug][safepoint     ] Safepoint synchronization initiated. (171 threads)
[2023-10-19T08:47:46.060+0000][426.273s][info ][safepoint     ] Application time: 1.0008786 seconds
[2023-10-19T08:47:46.061+0000][426.273s][info ][safepoint     ] Entering safepoint region: Cleanup
[2023-10-19T08:47:46.062+0000][426.274s][info ][safepoint     ] Leaving safepoint region
[2023-10-19T08:47:46.062+0000][426.275s][info ][safepoint     ] Total time for which application threads were stopped: 0.0013716 seconds, Stopping threads took: 0.0006992 seconds
[2023-10-19T08:47:47.063+0000][427.275s][debug][safepoint     ] Safepoint synchronization initiated. (171 threads)
[2023-10-19T08:47:47.063+0000][427.276s][info ][safepoint     ] Application time: 1.0009588 seconds
[2023-10-19T08:47:47.064+0000][427.277s][info ][safepoint     ] Entering safepoint region: Cleanup
[2023-10-19T08:47:47.065+0000][427.277s][info ][safepoint     ] Leaving safepoint region
[2023-10-19T08:47:47.065+0000][427.278s][info ][safepoint     ] Total time for which application threads were stopped: 0.0013192 seconds, Stopping threads took: 0.0004833 seconds
[2023-10-19T08:47:48.066+0000][428.278s][debug][safepoint     ] Safepoint synchronization initiated. (171 threads)
[2023-10-19T08:47:48.067+0000][428.279s][info ][safepoint     ] Application time: 1.0009427 seconds
[2023-10-19T08:47:48.067+0000][428.280s][info ][safepoint     ] Entering safepoint region: Cleanup
[2023-10-19T08:47:48.068+0000][428.280s][info ][safepoint     ] Leaving safepoint region
[2023-10-19T08:47:48.068+0000][428.281s][info ][safepoint     ] Total time for which application threads were stopped: 0.0012105 seconds, Stopping threads took: 0.0004975 seconds
[2023-10-19T08:47:49.069+0000][429.282s][debug][safepoint     ] Safepoint synchronization initiated. (171 threads)
[2023-10-19T08:47:49.070+0000][429.282s][info ][safepoint     ] Application time: 1.0007727 seconds
[2023-10-19T08:47:49.070+0000][429.283s][info ][safepoint     ] Entering safepoint region: Cleanup
[2023-10-19T08:47:49.071+0000][429.283s][info ][safepoint     ] Leaving safepoint region
[2023-10-19T08:47:49.071+0000][429.284s][info ][safepoint     ] Total time for which application threads were stopped: 0.0011253 seconds, Stopping threads took: 0.0004665 seconds
[2023-10-19T08:47:50.072+0000][430.284s][debug][safepoint     ] Safepoint synchronization initiated. (171 threads)
[2023-10-19T08:47:50.072+0000][430.285s][info ][safepoint     ] Application time: 1.0007015 seconds
[2023-10-19T08:47:50.073+0000][430.285s][info ][safepoint     ] Entering safepoint region: Cleanup
[2023-10-19T08:47:50.073+0000][430.286s][info ][safepoint     ] Leaving safepoint region
[2023-10-19T08:47:50.074+0000][430.286s][info ][safepoint     ] Total time for which application threads were stopped: 0.0009038 seconds, Stopping threads took: 0.0003570 seconds
[2023-10-19T08:47:51.074+0000][431.287s][debug][safepoint     ] Safepoint synchronization initiated. (171 threads)
[2023-10-19T08:47:51.075+0000][431.288s][info ][safepoint     ] Application time: 1.0012222 seconds
[2023-10-19T08:47:51.076+0000][431.288s][info ][safepoint     ] Entering safepoint region: Cleanup
[2023-10-19T08:47:51.077+0000][431.290s][info ][safepoint     ] Leaving safepoint region
[2023-10-19T08:47:51.078+0000][431.290s][info ][safepoint     ] Total time for which application threads were stopped: 0.0019647 seconds, Stopping threads took: 0.0009074 seconds
[2023-10-19T08:47:52.079+0000][432.291s][debug][safepoint     ] Safepoint synchronization initiated. (171 threads)
[2023-10-19T08:47:52.080+0000][432.292s][info ][safepoint     ] Application time: 1.0008808 seconds
[2023-10-19T08:47:52.080+0000][432.292s][info ][safepoint     ] Entering safepoint region: Cleanup
[2023-10-19T08:47:52.081+0000][432.293s][info ][safepoint     ] Leaving safepoint region
[2023-10-19T08:47:52.081+0000][432.293s][info ][safepoint     ] Total time for which application threads were stopped: 0.0009427 seconds, Stopping threads took: 0.0003799 seconds
[2023-10-19T08:47:52.719+0000][432.932s][debug][safepoint     ] Safepoint synchronization initiated. (171 threads)
[2023-10-19T08:47:52.720+0000][432.933s][info ][safepoint     ] Application time: 0.6388185 seconds
[2023-10-19T08:47:52.721+0000][432.934s][info ][safepoint     ] Entering safepoint region: G1CollectForAllocation
[2023-10-19T08:47:52.722+0000][432.935s][info ][gc,start      ] GC(66) Pause Young (Normal) (G1 Evacuation Pause)
[2023-10-19T08:47:52.723+0000][432.936s][info ][gc,task       ] GC(66) Using 8 workers of 8 for evacuation
[2023-10-19T08:47:52.732+0000][432.945s][info ][gc,phases     ] GC(66)   Pre Evacuate Collection Set: 0.1ms
[2023-10-19T08:47:52.733+0000][432.945s][info ][gc,phases     ] GC(66)   Evacuate Collection Set: 5.2ms
[2023-10-19T08:47:52.733+0000][432.946s][info ][gc,phases     ] GC(66)   Post Evacuate Collection Set: 3.1ms
[2023-10-19T08:47:52.734+0000][432.946s][info ][gc,phases     ] GC(66)   Other: 1.8ms
[2023-10-19T08:47:52.734+0000][432.947s][info ][gc,heap       ] GC(66) Eden regions: 142->0(142)
[2023-10-19T08:47:52.735+0000][432.947s][info ][gc,heap       ] GC(66) Survivor regions: 10->10(19)
[2023-10-19T08:47:52.735+0000][432.948s][info ][gc,heap       ] GC(66) Old regions: 143->143
[2023-10-19T08:47:52.736+0000][432.948s][info ][gc,heap       ] GC(66) Humongous regions: 10->10
[2023-10-19T08:47:52.736+0000][432.949s][info ][gc,metaspace  ] GC(66) Metaspace: 161412K(166608K)->161412K(166608K) NonClass: 142449K(145616K)->142449K(145616K) Class: 18963K(20992K)->18963K(20992K)
[2023-10-19T08:47:52.737+0000][432.949s][info ][gc            ] GC(66) Pause Young (Normal) (G1 Evacuation Pause) 303M->160M(350M) 14.441ms
[2023-10-19T08:47:52.737+0000][432.950s][info ][gc,cpu        ] GC(66) User=0.06s Sys=0.00s Real=0.01s
[2023-10-19T08:47:52.738+0000][432.950s][info ][safepoint     ] Leaving safepoint region
[2023-10-19T08:47:52.738+0000][432.951s][info ][safepoint     ] Total time for which application threads were stopped: 0.0170221 seconds, Stopping threads took: 0.0008705 seconds
[2023-10-19T08:47:52.739+0000][432.951s][info ][gc,stringdedup] Concurrent String Deduplication (432.951s)
[2023-10-19T08:47:52.740+0000][432.952s][info ][gc,stringdedup] Concurrent String Deduplication 120.0K->52072.0B(70856.0B) avg 54.4% (432.951s, 432.952s) 1.257ms
[2023-10-19T08:47:53.739+0000][433.951s][debug][safepoint     ] Safepoint synchronization initiated. (171 threads)
[2023-10-19T08:47:53.740+0000][433.952s][info ][safepoint     ] Application time: 1.0012651 seconds
[2023-10-19T08:47:53.741+0000][433.953s][info ][safepoint     ] Entering safepoint region: Cleanup
[2023-10-19T08:47:53.742+0000][433.954s][info ][safepoint     ] Leaving safepoint region
[2023-10-19T08:47:53.743+0000][433.955s][info ][safepoint     ] Total time for which application threads were stopped: 0.0019080 seconds, Stopping threads took: 0.0008064 seconds
[2023-10-19T08:47:54.743+0000][434.956s][debug][safepoint     ] Safepoint synchronization initiated. (171 threads)
[2023-10-19T08:47:54.744+0000][434.956s][info ][safepoint     ] Application time: 1.0006581 seconds
[2023-10-19T08:47:54.744+0000][434.957s][info ][safepoint     ] Entering safepoint region: Cleanup
[2023-10-19T08:47:54.745+0000][434.958s][info ][safepoint     ] Leaving safepoint region
[2023-10-19T08:47:54.745+0000][434.958s][info ][safepoint     ] Total time for which application threads were stopped: 0.0010465 seconds, Stopping threads took: 0.0005259 seconds
[2023-10-19T08:47:55.746+0000][435.959s][debug][safepoint     ] Safepoint synchronization initiated. (171 threads)
[2023-10-19T08:47:55.747+0000][435.959s][info ][safepoint     ] Application time: 1.0007526 seconds
[2023-10-19T08:47:55.747+0000][435.960s][info ][safepoint     ] Entering safepoint region: Cleanup
[2023-10-19T08:47:55.748+0000][435.960s][info ][safepoint     ] Leaving safepoint region
[2023-10-19T08:47:55.748+0000][435.960s][info ][safepoint     ] Total time for which application threads were stopped: 0.0009348 seconds, Stopping threads took: 0.0004285 seconds
[2023-10-19T08:47:56.749+0000][436.961s][debug][safepoint     ] Safepoint synchronization initiated. (171 threads)
[2023-10-19T08:47:56.750+0000][436.962s][info ][safepoint     ] Application time: 1.0015841 seconds
[2023-10-19T08:47:56.751+0000][436.963s][info ][safepoint     ] Entering safepoint region: Cleanup
[2023-10-19T08:47:56.752+0000][436.965s][info ][safepoint     ] Leaving safepoint region
[2023-10-19T08:47:56.753+0000][436.966s][info ][safepoint     ] Total time for which application threads were stopped: 0.0023901 seconds, Stopping threads took: 0.0009433 seconds
[2023-10-19T08:47:57.754+0000][437.966s][debug][safepoint     ] Safepoint synchronization initiated. (171 threads)
[2023-10-19T08:47:57.755+0000][437.967s][info ][safepoint     ] Application time: 1.0008338 seconds
[2023-10-19T08:47:57.755+0000][437.968s][info ][safepoint     ] Entering safepoint region: Cleanup
[2023-10-19T08:47:57.756+0000][437.969s][info ][safepoint     ] Leaving safepoint region
[2023-10-19T08:47:57.757+0000][437.969s][info ][safepoint     ] Total time for which application threads were stopped: 0.0013503 seconds, Stopping threads took: 0.0006753 seconds
[2023-10-19T08:47:58.757+0000][438.970s][debug][safepoint     ] Safepoint synchronization initiated. (171 threads)
[2023-10-19T08:47:58.758+0000][438.971s][info ][safepoint     ] Application time: 1.0013578 seconds
[2023-10-19T08:47:58.759+0000][438.972s][info ][safepoint     ] Entering safepoint region: Cleanup
[2023-10-19T08:47:58.761+0000][438.973s][info ][safepoint     ] Leaving safepoint region
[2023-10-19T08:47:58.761+0000][438.974s][info ][safepoint     ] Total time for which application threads were stopped: 0.0020231 seconds, Stopping threads took: 0.0009283 seconds
[2023-10-19T08:47:59.762+0000][439.975s][debug][safepoint     ] Safepoint synchronization initiated. (171 threads)
[2023-10-19T08:47:59.763+0000][439.975s][info ][safepoint     ] Application time: 1.0008979 seconds
[2023-10-19T08:47:59.764+0000][439.976s][info ][safepoint     ] Entering safepoint region: Cleanup
[2023-10-19T08:47:59.764+0000][439.977s][info ][safepoint     ] Leaving safepoint region
[2023-10-19T08:47:59.765+0000][439.977s][info ][safepoint     ] Total time for which application threads were stopped: 0.0012816 seconds, Stopping threads took: 0.0005509 seconds
[2023-10-19T08:48:00.766+0000][440.978s][debug][safepoint     ] Safepoint synchronization initiated. (171 threads)
[2023-10-19T08:48:00.767+0000][440.979s][info ][safepoint     ] Application time: 1.0013406 seconds
[2023-10-19T08:48:00.768+0000][440.980s][info ][safepoint     ] Entering safepoint region: Cleanup
[2023-10-19T08:48:00.769+0000][440.981s][info ][safepoint     ] Leaving safepoint region
[2023-10-19T08:48:00.769+0000][440.982s][info ][safepoint     ] Total time for which application threads were stopped: 0.0018913 seconds, Stopping threads took: 0.0007836 seconds
[2023-10-19T08:48:01.770+0000][441.983s][debug][safepoint     ] Safepoint synchronization initiated. (171 threads)
[2023-10-19T08:48:01.771+0000][441.984s][info ][safepoint     ] Application time: 1.0010149 seconds
[2023-10-19T08:48:01.772+0000][441.984s][info ][safepoint     ] Entering safepoint region: Cleanup
[2023-10-19T08:48:01.772+0000][441.985s][info ][safepoint     ] Leaving safepoint region
[2023-10-19T08:48:01.773+0000][441.985s][info ][safepoint     ] Total time for which application threads were stopped: 0.0013842 seconds, Stopping threads took: 0.0006101 seconds
[2023-10-19T08:48:02.774+0000][442.986s][debug][safepoint     ] Safepoint synchronization initiated. (171 threads)
[2023-10-19T08:48:02.774+0000][442.987s][info ][safepoint     ] Application time: 1.0007760 seconds
[2023-10-19T08:48:02.775+0000][442.987s][info ][safepoint     ] Entering safepoint region: Cleanup
[2023-10-19T08:48:02.776+0000][442.988s][info ][safepoint     ] Leaving safepoint region
[2023-10-19T08:48:02.776+0000][442.989s][info ][safepoint     ] Total time for which application threads were stopped: 0.0013474 seconds, Stopping threads took: 0.0006437 seconds
[2023-10-19T08:48:03.777+0000][443.989s][debug][safepoint     ] Safepoint synchronization initiated. (171 threads)
[2023-10-19T08:48:03.778+0000][443.990s][info ][safepoint     ] Application time: 1.0010571 seconds
[2023-10-19T08:48:03.778+0000][443.991s][info ][safepoint     ] Entering safepoint region: Cleanup
[2023-10-19T08:48:03.779+0000][443.992s][info ][safepoint     ] Leaving safepoint region
[2023-10-19T08:48:03.780+0000][443.992s][info ][safepoint     ] Total time for which application threads were stopped: 0.0013936 seconds, Stopping threads took: 0.0006543 seconds
[2023-10-19T08:48:04.781+0000][444.993s][debug][safepoint     ] Safepoint synchronization initiated. (171 threads)
[2023-10-19T08:48:04.781+0000][444.994s][info ][safepoint     ] Application time: 1.0009302 seconds
[2023-10-19T08:48:04.782+0000][444.994s][info ][safepoint     ] Entering safepoint region: Cleanup
[2023-10-19T08:48:04.783+0000][444.995s][info ][safepoint     ] Leaving safepoint region
[2023-10-19T08:48:04.783+0000][444.995s][info ][safepoint     ] Total time for which application threads were stopped: 0.0012992 seconds, Stopping threads took: 0.0005938 seconds
[2023-10-19T08:48:05.784+0000][445.996s][debug][safepoint     ] Safepoint synchronization initiated. (171 threads)
[2023-10-19T08:48:05.785+0000][445.997s][info ][safepoint     ] Application time: 1.0010055 seconds
[2023-10-19T08:48:05.785+0000][445.998s][info ][safepoint     ] Entering safepoint region: Cleanup
[2023-10-19T08:48:05.786+0000][445.998s][info ][safepoint     ] Leaving safepoint region
[2023-10-19T08:48:05.786+0000][445.999s][info ][safepoint     ] Total time for which application threads were stopped: 0.0012948 seconds, Stopping threads took: 0.0006239 seconds
[2023-10-19T08:48:06.787+0000][447.000s][debug][safepoint     ] Safepoint synchronization initiated. (171 threads)
[2023-10-19T08:48:06.788+0000][447.001s][info ][safepoint     ] Application time: 1.0014577 seconds
[2023-10-19T08:48:06.789+0000][447.002s][info ][safepoint     ] Entering safepoint region: Cleanup
[2023-10-19T08:48:06.791+0000][447.003s][info ][safepoint     ] Leaving safepoint region
[2023-10-19T08:48:06.792+0000][447.004s][info ][safepoint     ] Total time for which application threads were stopped: 0.0022737 seconds, Stopping threads took: 0.0011669 seconds
[2023-10-19T08:48:07.793+0000][448.005s][debug][safepoint     ] Safepoint synchronization initiated. (171 threads)
[2023-10-19T08:48:07.793+0000][448.006s][info ][safepoint     ] Application time: 1.0008419 seconds
[2023-10-19T08:48:07.794+0000][448.006s][info ][safepoint     ] Entering safepoint region: Cleanup
[2023-10-19T08:48:07.794+0000][448.007s][info ][safepoint     ] Leaving safepoint region
[2023-10-19T08:48:07.795+0000][448.007s][info ][safepoint     ] Total time for which application threads were stopped: 0.0009209 seconds, Stopping threads took: 0.0004287 seconds
[2023-10-19T08:48:08.795+0000][449.008s][debug][safepoint     ] Safepoint synchronization initiated. (171 threads)
[2023-10-19T08:48:08.796+0000][449.008s][info ][safepoint     ] Application time: 1.0006217 seconds
[2023-10-19T08:48:08.796+0000][449.009s][info ][safepoint     ] Entering safepoint region: Cleanup
[2023-10-19T08:48:08.797+0000][449.009s][info ][safepoint     ] Leaving safepoint region
[2023-10-19T08:48:08.797+0000][449.010s][info ][safepoint     ] Total time for which application threads were stopped: 0.0009735 seconds, Stopping threads took: 0.0004289 seconds
[2023-10-19T08:48:09.798+0000][450.010s][debug][safepoint     ] Safepoint synchronization initiated. (171 threads)
[2023-10-19T08:48:09.798+0000][450.011s][info ][safepoint     ] Application time: 1.0005782 seconds
[2023-10-19T08:48:09.799+0000][450.011s][info ][safepoint     ] Entering safepoint region: Cleanup
[2023-10-19T08:48:09.799+0000][450.012s][info ][safepoint     ] Leaving safepoint region
[2023-10-19T08:48:09.800+0000][450.012s][info ][safepoint     ] Total time for which application threads were stopped: 0.0008487 seconds, Stopping threads took: 0.0004017 seconds
[2023-10-19T08:48:10.800+0000][451.012s][debug][safepoint     ] Safepoint synchronization initiated. (171 threads)
[2023-10-19T08:48:10.801+0000][451.013s][info ][safepoint     ] Application time: 1.0012456 seconds
[2023-10-19T08:48:10.802+0000][451.014s][info ][safepoint     ] Entering safepoint region: Cleanup
[2023-10-19T08:48:10.803+0000][451.015s][info ][safepoint     ] Leaving safepoint region
[2023-10-19T08:48:10.804+0000][451.016s][info ][safepoint     ] Total time for which application threads were stopped: 0.0019230 seconds, Stopping threads took: 0.0008101 seconds
[2023-10-19T08:48:11.805+0000][452.018s][debug][safepoint     ] Safepoint synchronization initiated. (171 threads)
[2023-10-19T08:48:11.807+0000][452.019s][info ][safepoint     ] Application time: 1.0016315 seconds
[2023-10-19T08:48:11.808+0000][452.020s][info ][safepoint     ] Entering safepoint region: Cleanup
[2023-10-19T08:48:11.809+0000][452.021s][info ][safepoint     ] Leaving safepoint region
[2023-10-19T08:48:11.810+0000][452.022s][info ][safepoint     ] Total time for which application threads were stopped: 0.0023512 seconds, Stopping threads took: 0.0011156 seconds
[2023-10-19T08:48:12.811+0000][453.024s][debug][safepoint     ] Safepoint synchronization initiated. (171 threads)
[2023-10-19T08:48:12.812+0000][453.025s][info ][safepoint     ] Application time: 1.0014439 seconds
[2023-10-19T08:48:12.814+0000][453.026s][info ][safepoint     ] Entering safepoint region: Cleanup
[2023-10-19T08:48:12.815+0000][453.027s][info ][safepoint     ] Leaving safepoint region
[2023-10-19T08:48:12.816+0000][453.028s][info ][safepoint     ] Total time for which application threads were stopped: 0.0023872 seconds, Stopping threads took: 0.0010199 seconds
[2023-10-19T08:48:13.817+0000][454.029s][debug][safepoint     ] Safepoint synchronization initiated. (171 threads)
[2023-10-19T08:48:13.818+0000][454.030s][info ][safepoint     ] Application time: 1.0010443 seconds
[2023-10-19T08:48:13.818+0000][454.031s][info ][safepoint     ] Entering safepoint region: Cleanup
[2023-10-19T08:48:13.819+0000][454.032s][info ][safepoint     ] Leaving safepoint region
[2023-10-19T08:48:13.820+0000][454.032s][info ][safepoint     ] Total time for which application threads were stopped: 0.0013692 seconds, Stopping threads took: 0.0006429 seconds
[2023-10-19T08:48:14.821+0000][455.033s][debug][safepoint     ] Safepoint synchronization initiated. (171 threads)
[2023-10-19T08:48:14.822+0000][455.034s][info ][safepoint     ] Application time: 1.0016765 seconds
[2023-10-19T08:48:14.823+0000][455.036s][info ][safepoint     ] Entering safepoint region: Cleanup
[2023-10-19T08:48:14.825+0000][455.037s][info ][safepoint     ] Leaving safepoint region
[2023-10-19T08:48:14.826+0000][455.038s][info ][safepoint     ] Total time for which application threads were stopped: 0.0023447 seconds, Stopping threads took: 0.0010165 seconds
[2023-10-19T08:48:15.827+0000][456.039s][debug][safepoint     ] Safepoint synchronization initiated. (171 threads)
[2023-10-19T08:48:15.828+0000][456.040s][info ][safepoint     ] Application time: 1.0010089 seconds
[2023-10-19T08:48:15.828+0000][456.041s][info ][safepoint     ] Entering safepoint region: Cleanup
[2023-10-19T08:48:15.829+0000][456.041s][info ][safepoint     ] Leaving safepoint region
[2023-10-19T08:48:15.830+0000][456.042s][info ][safepoint     ] Total time for which application threads were stopped: 0.0013017 seconds, Stopping threads took: 0.0006200 seconds
[2023-10-19T08:48:16.830+0000][457.043s][debug][safepoint     ] Safepoint synchronization initiated. (170 threads)
[2023-10-19T08:48:16.831+0000][457.044s][info ][safepoint     ] Application time: 1.0011595 seconds
[2023-10-19T08:48:16.832+0000][457.044s][info ][safepoint     ] Entering safepoint region: Cleanup
[2023-10-19T08:48:16.833+0000][457.045s][info ][safepoint     ] Leaving safepoint region
[2023-10-19T08:48:16.833+0000][457.046s][info ][safepoint     ] Total time for which application threads were stopped: 0.0013683 seconds, Stopping threads took: 0.0006501 seconds
[2023-10-19T08:49:15.842+0000][516.060s][debug][safepoint     ] Safepoint synchronization initiated. (170 threads)
[2023-10-19T08:49:15.842+0000][516.061s][info ][safepoint     ] Application time: 59.0146899 seconds
[2023-10-19T08:49:15.843+0000][516.061s][info ][safepoint     ] Entering safepoint region: Cleanup
[2023-10-19T08:49:15.844+0000][516.062s][info ][safepoint     ] Leaving safepoint region
[2023-10-19T08:49:15.844+0000][516.062s][info ][safepoint     ] Total time for which application threads were stopped: 0.0012695 seconds, Stopping threads took: 0.0005547 seconds
[2023-10-19T08:49:16.845+0000][517.063s][debug][safepoint     ] Safepoint synchronization initiated. (170 threads)
[2023-10-19T08:49:16.845+0000][517.064s][info ][safepoint     ] Application time: 1.0008561 seconds
[2023-10-19T08:49:16.846+0000][517.065s][info ][safepoint     ] Entering safepoint region: Cleanup
[2023-10-19T08:49:16.847+0000][517.065s][info ][safepoint     ] Leaving safepoint region
[2023-10-19T08:49:16.847+0000][517.066s][info ][safepoint     ] Total time for which application threads were stopped: 0.0012226 seconds, Stopping threads took: 0.0005128 seconds
[2023-10-19T08:49:40.853+0000][541.073s][debug][safepoint     ] Safepoint synchronization initiated. (170 threads)
[2023-10-19T08:49:40.854+0000][541.074s][info ][safepoint     ] Application time: 24.0077004 seconds
[2023-10-19T08:49:40.855+0000][541.075s][info ][safepoint     ] Entering safepoint region: Cleanup
[2023-10-19T08:49:40.856+0000][541.076s][info ][safepoint     ] Leaving safepoint region
[2023-10-19T08:49:40.857+0000][541.077s][info ][safepoint     ] Total time for which application threads were stopped: 0.0022768 seconds, Stopping threads took: 0.0010007 seconds
[2023-10-19T08:50:16.868+0000][577.086s][debug][safepoint     ] Safepoint synchronization initiated. (170 threads)
[2023-10-19T08:50:16.869+0000][577.087s][info ][safepoint     ] Application time: 36.0090277 seconds
[2023-10-19T08:50:16.870+0000][577.088s][info ][safepoint     ] Entering safepoint region: Cleanup
[2023-10-19T08:50:16.871+0000][577.089s][info ][safepoint     ] Leaving safepoint region
[2023-10-19T08:50:16.872+0000][577.090s][info ][safepoint     ] Total time for which application threads were stopped: 0.0020641 seconds, Stopping threads took: 0.0008327 seconds
[2023-10-19T08:50:22.874+0000][583.092s][debug][safepoint     ] Safepoint synchronization initiated. (170 threads)
[2023-10-19T08:50:22.875+0000][583.094s][info ][safepoint     ] Application time: 6.0025087 seconds
[2023-10-19T08:50:22.876+0000][583.094s][info ][safepoint     ] Entering safepoint region: Cleanup
[2023-10-19T08:50:22.877+0000][583.095s][info ][safepoint     ] Leaving safepoint region
[2023-10-19T08:50:22.877+0000][583.096s][info ][safepoint     ] Total time for which application threads were stopped: 0.0014840 seconds, Stopping threads took: 0.0006798 seconds
[2023-10-19T08:50:25.878+0000][586.097s][debug][safepoint     ] Safepoint synchronization initiated. (170 threads)
[2023-10-19T08:50:25.879+0000][586.098s][info ][safepoint     ] Application time: 3.0018378 seconds
[2023-10-19T08:50:25.881+0000][586.099s][info ][safepoint     ] Entering safepoint region: Cleanup
[2023-10-19T08:50:25.882+0000][586.100s][info ][safepoint     ] Leaving safepoint region
[2023-10-19T08:50:25.883+0000][586.101s][info ][safepoint     ] Total time for which application threads were stopped: 0.0023383 seconds, Stopping threads took: 0.0009948 seconds
[2023-10-19T08:50:26.884+0000][587.102s][debug][safepoint     ] Safepoint synchronization initiated. (170 threads)
[2023-10-19T08:50:26.884+0000][587.103s][info ][safepoint     ] Application time: 1.0006327 seconds
[2023-10-19T08:50:26.885+0000][587.103s][info ][safepoint     ] Entering safepoint region: Cleanup
[2023-10-19T08:50:26.886+0000][587.104s][info ][safepoint     ] Leaving safepoint region
[2023-10-19T08:50:26.886+0000][587.105s][info ][safepoint     ] Total time for which application threads were stopped: 0.0015463 seconds, Stopping threads took: 0.0007218 seconds
[2023-10-19T08:50:32.495+0000][592.713s][debug][safepoint     ] Safepoint synchronization initiated. (170 threads)
[2023-10-19T08:50:32.496+0000][592.714s][info ][safepoint     ] Application time: 5.6082876 seconds
[2023-10-19T08:50:32.496+0000][592.714s][info ][safepoint     ] Entering safepoint region: G1CollectForAllocation
[2023-10-19T08:50:32.497+0000][592.715s][info ][gc,start      ] GC(67) Pause Young (Normal) (G1 Evacuation Pause)
[2023-10-19T08:50:32.497+0000][592.715s][info ][gc,task       ] GC(67) Using 8 workers of 8 for evacuation
[2023-10-19T08:50:32.506+0000][592.724s][info ][gc,phases     ] GC(67)   Pre Evacuate Collection Set: 0.0ms
[2023-10-19T08:50:32.507+0000][592.725s][info ][gc,phases     ] GC(67)   Evacuate Collection Set: 5.3ms
[2023-10-19T08:50:32.507+0000][592.725s][info ][gc,phases     ] GC(67)   Post Evacuate Collection Set: 3.2ms
[2023-10-19T08:50:32.507+0000][592.725s][info ][gc,phases     ] GC(67)   Other: 0.9ms
[2023-10-19T08:50:32.508+0000][592.726s][info ][gc,heap       ] GC(67) Eden regions: 142->0(142)
[2023-10-19T08:50:32.508+0000][592.726s][info ][gc,heap       ] GC(67) Survivor regions: 10->10(19)
[2023-10-19T08:50:32.508+0000][592.726s][info ][gc,heap       ] GC(67) Old regions: 143->143
[2023-10-19T08:50:32.509+0000][592.727s][info ][gc,heap       ] GC(67) Humongous regions: 10->10
[2023-10-19T08:50:32.509+0000][592.727s][info ][gc,metaspace  ] GC(67) Metaspace: 161490K(166864K)->161490K(166864K) NonClass: 142526K(145872K)->142526K(145872K) Class: 18963K(20992K)->18963K(20992K)
[2023-10-19T08:50:32.510+0000][592.728s][info ][gc            ] GC(67) Pause Young (Normal) (G1 Evacuation Pause) 302M->160M(350M) 13.042ms
[2023-10-19T08:50:32.510+0000][592.728s][info ][gc,cpu        ] GC(67) User=0.06s Sys=0.00s Real=0.01s
[2023-10-19T08:50:32.510+0000][592.729s][info ][safepoint     ] Leaving safepoint region
[2023-10-19T08:50:32.511+0000][592.729s][info ][safepoint     ] Total time for which application threads were stopped: 0.0148734 seconds, Stopping threads took: 0.0003497 seconds
[2023-10-19T08:50:32.511+0000][592.729s][info ][gc,stringdedup] Concurrent String Deduplication (592.729s)
[2023-10-19T08:50:32.512+0000][592.730s][info ][gc,stringdedup] Concurrent String Deduplication 528.0B->496.0B(32.0B) avg 54.4% (592.729s, 592.730s) 0.408ms
[2023-10-19T08:50:45.514+0000][605.732s][debug][safepoint     ] Safepoint synchronization initiated. (170 threads)
[2023-10-19T08:50:45.515+0000][605.733s][info ][safepoint     ] Application time: 13.0034234 seconds
[2023-10-19T08:50:45.515+0000][605.733s][info ][safepoint     ] Entering safepoint region: Cleanup
[2023-10-19T08:50:45.516+0000][605.734s][info ][safepoint     ] Leaving safepoint region
[2023-10-19T08:50:45.516+0000][605.734s][info ][safepoint     ] Total time for which application threads were stopped: 0.0010912 seconds, Stopping threads took: 0.0004460 seconds
[2023-10-19T08:51:00.520+0000][620.738s][debug][safepoint     ] Safepoint synchronization initiated. (170 threads)
[2023-10-19T08:51:00.521+0000][620.739s][info ][safepoint     ] Application time: 15.0042613 seconds
[2023-10-19T08:51:00.521+0000][620.740s][info ][safepoint     ] Entering safepoint region: Cleanup
[2023-10-19T08:51:00.522+0000][620.740s][info ][safepoint     ] Leaving safepoint region
[2023-10-19T08:51:00.522+0000][620.741s][info ][safepoint     ] Total time for which application threads were stopped: 0.0011364 seconds, Stopping threads took: 0.0004548 seconds
[2023-10-19T08:51:17.527+0000][637.745s][debug][safepoint     ] Safepoint synchronization initiated. (170 threads)
[2023-10-19T08:51:17.528+0000][637.745s][info ][safepoint     ] Application time: 17.0044964 seconds
[2023-10-19T08:51:17.528+0000][637.746s][info ][safepoint     ] Entering safepoint region: Cleanup
[2023-10-19T08:51:17.529+0000][637.747s][info ][safepoint     ] Leaving safepoint region
[2023-10-19T08:51:17.529+0000][637.747s][info ][safepoint     ] Total time for which application threads were stopped: 0.0011099 seconds, Stopping threads took: 0.0004481 seconds
[2023-10-19T08:51:26.531+0000][646.749s][debug][safepoint     ] Safepoint synchronization initiated. (170 threads)
[2023-10-19T08:51:26.532+0000][646.750s][info ][safepoint     ] Application time: 9.0026028 seconds
[2023-10-19T08:51:26.533+0000][646.751s][info ][safepoint     ] Entering safepoint region: Cleanup
[2023-10-19T08:51:26.534+0000][646.752s][info ][safepoint     ] Leaving safepoint region
[2023-10-19T08:51:26.534+0000][646.752s][info ][safepoint     ] Total time for which application threads were stopped: 0.0013893 seconds, Stopping threads took: 0.0005902 seconds
[2023-10-19T08:51:51.541+0000][671.759s][debug][safepoint     ] Safepoint synchronization initiated. (170 threads)
[2023-10-19T08:51:51.542+0000][671.759s][info ][safepoint     ] Application time: 25.0068996 seconds
[2023-10-19T08:51:51.542+0000][671.760s][info ][safepoint     ] Entering safepoint region: Cleanup
[2023-10-19T08:51:51.543+0000][671.760s][info ][safepoint     ] Leaving safepoint region
[2023-10-19T08:51:51.543+0000][671.761s][info ][safepoint     ] Total time for which application threads were stopped: 0.0011755 seconds, Stopping threads took: 0.0004344 seconds
[2023-10-19T08:52:17.550+0000][697.768s][debug][safepoint     ] Safepoint synchronization initiated. (171 threads)
[2023-10-19T08:52:17.551+0000][697.769s][info ][safepoint     ] Application time: 26.0074886 seconds
[2023-10-19T08:52:17.552+0000][697.769s][info ][safepoint     ] Entering safepoint region: Cleanup
[2023-10-19T08:52:17.553+0000][697.770s][info ][safepoint     ] Leaving safepoint region
[2023-10-19T08:52:17.553+0000][697.771s][info ][safepoint     ] Total time for which application threads were stopped: 0.0014777 seconds, Stopping threads took: 0.0006984 seconds
[2023-10-19T08:52:46.559+0000][726.777s][debug][safepoint     ] Safepoint synchronization initiated. (171 threads)
[2023-10-19T08:52:46.560+0000][726.778s][info ][safepoint     ] Application time: 29.0067948 seconds
[2023-10-19T08:52:46.561+0000][726.779s][info ][safepoint     ] Entering safepoint region: Cleanup
[2023-10-19T08:52:46.562+0000][726.780s][info ][safepoint     ] Leaving safepoint region
[2023-10-19T08:52:46.563+0000][726.781s][info ][safepoint     ] Total time for which application threads were stopped: 0.0018249 seconds, Stopping threads took: 0.0007316 seconds
[2023-10-19T08:53:06.569+0000][746.787s][debug][safepoint     ] Safepoint synchronization initiated. (171 threads)
[2023-10-19T08:53:06.569+0000][746.787s][info ][safepoint     ] Application time: 20.0057241 seconds
[2023-10-19T08:53:06.570+0000][746.788s][info ][safepoint     ] Entering safepoint region: Cleanup
[2023-10-19T08:53:06.571+0000][746.789s][info ][safepoint     ] Leaving safepoint region
[2023-10-19T08:53:06.571+0000][746.789s][info ][safepoint     ] Total time for which application threads were stopped: 0.0011355 seconds, Stopping threads took: 0.0005015 seconds
[2023-10-19T08:53:12.506+0000][752.724s][debug][safepoint     ] Safepoint synchronization initiated. (171 threads)
[2023-10-19T08:53:12.508+0000][752.726s][info ][safepoint     ] Application time: 5.9362209 seconds
[2023-10-19T08:53:12.509+0000][752.727s][info ][safepoint     ] Entering safepoint region: G1CollectForAllocation
[2023-10-19T08:53:12.511+0000][752.729s][info ][gc,start      ] GC(68) Pause Young (Normal) (G1 Evacuation Pause)
[2023-10-19T08:53:12.512+0000][752.730s][info ][gc,task       ] GC(68) Using 8 workers of 8 for evacuation
[2023-10-19T08:53:12.521+0000][752.739s][info ][gc,phases     ] GC(68)   Pre Evacuate Collection Set: 0.0ms
[2023-10-19T08:53:12.522+0000][752.740s][info ][gc,phases     ] GC(68)   Evacuate Collection Set: 5.5ms
[2023-10-19T08:53:12.522+0000][752.740s][info ][gc,phases     ] GC(68)   Post Evacuate Collection Set: 2.7ms
[2023-10-19T08:53:12.523+0000][752.741s][info ][gc,phases     ] GC(68)   Other: 2.3ms
[2023-10-19T08:53:12.523+0000][752.741s][info ][gc,heap       ] GC(68) Eden regions: 142->0(142)
[2023-10-19T08:53:12.524+0000][752.742s][info ][gc,heap       ] GC(68) Survivor regions: 10->10(19)
[2023-10-19T08:53:12.524+0000][752.742s][info ][gc,heap       ] GC(68) Old regions: 143->143
[2023-10-19T08:53:12.524+0000][752.742s][info ][gc,heap       ] GC(68) Humongous regions: 10->10
[2023-10-19T08:53:12.525+0000][752.743s][info ][gc,metaspace  ] GC(68) Metaspace: 161557K(166864K)->161557K(166864K) NonClass: 142594K(145872K)->142594K(145872K) Class: 18963K(20992K)->18963K(20992K)
[2023-10-19T08:53:12.525+0000][752.743s][info ][gc            ] GC(68) Pause Young (Normal) (G1 Evacuation Pause) 302M->160M(350M) 14.617ms
[2023-10-19T08:53:12.526+0000][752.744s][info ][gc,cpu        ] GC(68) User=0.06s Sys=0.00s Real=0.02s
[2023-10-19T08:53:12.526+0000][752.744s][info ][safepoint     ] Leaving safepoint region
[2023-10-19T08:53:12.527+0000][752.745s][info ][safepoint     ] Total time for which application threads were stopped: 0.0179623 seconds, Stopping threads took: 0.0012330 seconds
[2023-10-19T08:53:12.527+0000][752.745s][info ][gc,stringdedup] Concurrent String Deduplication (752.745s)
[2023-10-19T08:53:12.528+0000][752.746s][info ][gc,stringdedup] Concurrent String Deduplication 24.0B->0.0B(24.0B) avg 54.4% (752.745s, 752.746s) 0.501ms
[2023-10-19T08:53:16.528+0000][756.746s][debug][safepoint     ] Safepoint synchronization initiated. (171 threads)
[2023-10-19T08:53:16.529+0000][756.747s][info ][safepoint     ] Application time: 4.0015077 seconds
[2023-10-19T08:53:16.529+0000][756.747s][info ][safepoint     ] Entering safepoint region: Cleanup
[2023-10-19T08:53:16.530+0000][756.748s][info ][safepoint     ] Leaving safepoint region
[2023-10-19T08:53:16.530+0000][756.748s][info ][safepoint     ] Total time for which application threads were stopped: 0.0011351 seconds, Stopping threads took: 0.0004934 seconds
[2023-10-19T08:53:26.533+0000][766.751s][debug][safepoint     ] Safepoint synchronization initiated. (171 threads)
[2023-10-19T08:53:26.534+0000][766.752s][info ][safepoint     ] Application time: 10.0029141 seconds
[2023-10-19T08:53:26.534+0000][766.752s][info ][safepoint     ] Entering safepoint region: Cleanup
[2023-10-19T08:53:26.535+0000][766.753s][info ][safepoint     ] Leaving safepoint region
[2023-10-19T08:53:26.535+0000][766.753s][info ][safepoint     ] Total time for which application threads were stopped: 0.0011664 seconds, Stopping threads took: 0.0004814 seconds
[2023-10-19T08:53:47.541+0000][787.759s][debug][safepoint     ] Safepoint synchronization initiated. (171 threads)
[2023-10-19T08:53:47.542+0000][787.760s][info ][safepoint     ] Application time: 21.0063951 seconds
[2023-10-19T08:53:47.542+0000][787.761s][info ][safepoint     ] Entering safepoint region: Cleanup
[2023-10-19T08:53:47.543+0000][787.762s][info ][safepoint     ] Leaving safepoint region
[2023-10-19T08:53:47.544+0000][787.763s][info ][safepoint     ] Total time for which application threads were stopped: 0.0015561 seconds, Stopping threads took: 0.0006453 seconds
[2023-10-19T08:53:56.547+0000][796.765s][debug][safepoint     ] Safepoint synchronization initiated. (171 threads)
[2023-10-19T08:53:56.548+0000][796.767s][info ][safepoint     ] Application time: 9.0033727 seconds
[2023-10-19T08:53:56.549+0000][796.768s][info ][safepoint     ] Entering safepoint region: Cleanup
[2023-10-19T08:53:56.550+0000][796.769s][info ][safepoint     ] Leaving safepoint region
[2023-10-19T08:53:56.551+0000][796.770s][info ][safepoint     ] Total time for which application threads were stopped: 0.0024408 seconds, Stopping threads took: 0.0009764 seconds
[2023-10-19T08:54:06.555+0000][806.773s][debug][safepoint     ] Safepoint synchronization initiated. (171 threads)
[2023-10-19T08:54:06.556+0000][806.775s][info ][safepoint     ] Application time: 10.0037424 seconds
[2023-10-19T08:54:06.557+0000][806.776s][info ][safepoint     ] Entering safepoint region: Cleanup
[2023-10-19T08:54:06.559+0000][806.777s][info ][safepoint     ] Leaving safepoint region
[2023-10-19T08:54:06.560+0000][806.778s][info ][safepoint     ] Total time for which application threads were stopped: 0.0025357 seconds, Stopping threads took: 0.0011057 seconds
[2023-10-19T08:54:11.562+0000][811.780s][debug][safepoint     ] Safepoint synchronization initiated. (171 threads)
[2023-10-19T08:54:11.563+0000][811.781s][info ][safepoint     ] Application time: 5.0018690 seconds
[2023-10-19T08:54:11.563+0000][811.782s][info ][safepoint     ] Entering safepoint region: Cleanup
[2023-10-19T08:54:11.564+0000][811.782s][info ][safepoint     ] Leaving safepoint region
[2023-10-19T08:54:11.564+0000][811.783s][info ][safepoint     ] Total time for which application threads were stopped: 0.0012264 seconds, Stopping threads took: 0.0005215 seconds
[2023-10-19T08:54:17.566+0000][817.784s][debug][safepoint     ] Safepoint synchronization initiated. (171 threads)
[2023-10-19T08:54:17.567+0000][817.786s][info ][safepoint     ] Application time: 6.0022960 seconds
[2023-10-19T08:54:17.568+0000][817.787s][info ][safepoint     ] Entering safepoint region: Cleanup
[2023-10-19T08:54:17.570+0000][817.788s][info ][safepoint     ] Leaving safepoint region
[2023-10-19T08:54:17.570+0000][817.789s][info ][safepoint     ] Total time for which application threads were stopped: 0.0025037 seconds, Stopping threads took: 0.0011095 seconds
[2023-10-19T08:54:26.573+0000][826.791s][debug][safepoint     ] Safepoint synchronization initiated. (171 threads)
[2023-10-19T08:54:26.573+0000][826.792s][info ][safepoint     ] Application time: 9.0019139 seconds
[2023-10-19T08:54:26.574+0000][826.792s][info ][safepoint     ] Entering safepoint region: Cleanup
[2023-10-19T08:54:26.574+0000][826.793s][info ][safepoint     ] Leaving safepoint region
[2023-10-19T08:54:26.575+0000][826.793s][info ][safepoint     ] Total time for which application threads were stopped: 0.0011118 seconds, Stopping threads took: 0.0004600 seconds
[2023-10-19T08:54:41.578+0000][841.796s][debug][safepoint     ] Safepoint synchronization initiated. (171 threads)
[2023-10-19T08:54:41.578+0000][841.797s][info ][safepoint     ] Application time: 15.0032394 seconds
[2023-10-19T08:54:41.579+0000][841.797s][info ][safepoint     ] Entering safepoint region: Cleanup
[2023-10-19T08:54:41.580+0000][841.798s][info ][safepoint     ] Leaving safepoint region
[2023-10-19T08:54:41.580+0000][841.798s][info ][safepoint     ] Total time for which application threads were stopped: 0.0012382 seconds, Stopping threads took: 0.0005189 seconds
[2023-10-19T08:54:50.582+0000][850.801s][debug][safepoint     ] Safepoint synchronization initiated. (171 threads)
[2023-10-19T08:54:50.583+0000][850.801s][info ][safepoint     ] Application time: 9.0024555 seconds
[2023-10-19T08:54:50.583+0000][850.802s][info ][safepoint     ] Entering safepoint region: Cleanup
[2023-10-19T08:54:50.584+0000][850.802s][info ][safepoint     ] Leaving safepoint region
[2023-10-19T08:54:50.584+0000][850.803s][info ][safepoint     ] Total time for which application threads were stopped: 0.0010345 seconds, Stopping threads took: 0.0005026 seconds
[2023-10-19T08:55:01.587+0000][861.805s][debug][safepoint     ] Safepoint synchronization initiated. (171 threads)
[2023-10-19T08:55:01.587+0000][861.806s][info ][safepoint     ] Application time: 11.0029388 seconds
[2023-10-19T08:55:01.588+0000][861.807s][info ][safepoint     ] Entering safepoint region: Cleanup
[2023-10-19T08:55:01.589+0000][861.808s][info ][safepoint     ] Leaving safepoint region
[2023-10-19T08:55:01.589+0000][861.808s][info ][safepoint     ] Total time for which application threads were stopped: 0.0010303 seconds, Stopping threads took: 0.0004511 seconds
[2023-10-19T08:55:31.596+0000][891.814s][debug][safepoint     ] Safepoint synchronization initiated. (170 threads)
[2023-10-19T08:55:31.596+0000][891.814s][info ][safepoint     ] Application time: 30.0063285 seconds
[2023-10-19T08:55:31.596+0000][891.815s][info ][safepoint     ] Entering safepoint region: Cleanup
[2023-10-19T08:55:31.597+0000][891.815s][info ][safepoint     ] Leaving safepoint region
[2023-10-19T08:55:31.597+0000][891.816s][info ][safepoint     ] Total time for which application threads were stopped: 0.0008315 seconds, Stopping threads took: 0.0003360 seconds
[2023-10-19T08:55:52.513+0000][912.731s][debug][safepoint     ] Safepoint synchronization initiated. (170 threads)
[2023-10-19T08:55:52.514+0000][912.732s][info ][safepoint     ] Application time: 20.9161118 seconds
[2023-10-19T08:55:52.514+0000][912.732s][info ][safepoint     ] Entering safepoint region: G1CollectForAllocation
[2023-10-19T08:55:52.515+0000][912.733s][info ][gc,start      ] GC(69) Pause Young (Normal) (G1 Evacuation Pause)
[2023-10-19T08:55:52.515+0000][912.733s][info ][gc,task       ] GC(69) Using 8 workers of 8 for evacuation
[2023-10-19T08:55:52.523+0000][912.741s][info ][gc,phases     ] GC(69)   Pre Evacuate Collection Set: 0.1ms
[2023-10-19T08:55:52.523+0000][912.742s][info ][gc,phases     ] GC(69)   Evacuate Collection Set: 4.8ms
[2023-10-19T08:55:52.524+0000][912.742s][info ][gc,phases     ] GC(69)   Post Evacuate Collection Set: 2.8ms
[2023-10-19T08:55:52.524+0000][912.743s][info ][gc,phases     ] GC(69)   Other: 0.9ms
[2023-10-19T08:55:52.525+0000][912.743s][info ][gc,heap       ] GC(69) Eden regions: 142->0(142)
[2023-10-19T08:55:52.525+0000][912.744s][info ][gc,heap       ] GC(69) Survivor regions: 10->10(19)
[2023-10-19T08:55:52.526+0000][912.744s][info ][gc,heap       ] GC(69) Old regions: 143->143
[2023-10-19T08:55:52.527+0000][912.745s][info ][gc,heap       ] GC(69) Humongous regions: 10->10
[2023-10-19T08:55:52.527+0000][912.745s][info ][gc,metaspace  ] GC(69) Metaspace: 161663K(166864K)->161663K(166864K) NonClass: 142699K(145872K)->142699K(145872K) Class: 18963K(20992K)->18963K(20992K)
[2023-10-19T08:55:52.528+0000][912.746s][info ][gc            ] GC(69) Pause Young (Normal) (G1 Evacuation Pause) 302M->160M(350M) 12.972ms
[2023-10-19T08:55:52.528+0000][912.746s][info ][gc,cpu        ] GC(69) User=0.04s Sys=0.01s Real=0.01s
[2023-10-19T08:55:52.528+0000][912.747s][info ][safepoint     ] Leaving safepoint region
[2023-10-19T08:55:52.529+0000][912.747s][info ][safepoint     ] Total time for which application threads were stopped: 0.0147424 seconds, Stopping threads took: 0.0003503 seconds
[2023-10-19T08:55:52.529+0000][912.748s][info ][gc,stringdedup] Concurrent String Deduplication (912.748s)
[2023-10-19T08:55:52.530+0000][912.748s][info ][gc,stringdedup] Concurrent String Deduplication 0.0B->0.0B(0.0B) avg 54.4% (912.748s, 912.748s) 0.333ms
[2023-10-19T08:56:17.535+0000][937.754s][debug][safepoint     ] Safepoint synchronization initiated. (170 threads)
[2023-10-19T08:56:17.536+0000][937.755s][info ][safepoint     ] Application time: 25.0070038 seconds
[2023-10-19T08:56:17.537+0000][937.755s][info ][safepoint     ] Entering safepoint region: Cleanup
[2023-10-19T08:56:17.538+0000][937.757s][info ][safepoint     ] Leaving safepoint region
[2023-10-19T08:56:17.539+0000][937.757s][info ][safepoint     ] Total time for which application threads were stopped: 0.0019613 seconds, Stopping threads took: 0.0008736 seconds
[2023-10-19T08:56:18.540+0000][938.758s][debug][safepoint     ] Safepoint synchronization initiated. (170 threads)
[2023-10-19T08:56:18.541+0000][938.759s][info ][safepoint     ] Application time: 1.0011130 seconds
[2023-10-19T08:56:18.541+0000][938.760s][info ][safepoint     ] Entering safepoint region: Cleanup
[2023-10-19T08:56:18.542+0000][938.761s][info ][safepoint     ] Leaving safepoint region
[2023-10-19T08:56:18.543+0000][938.761s][info ][safepoint     ] Total time for which application threads were stopped: 0.0017539 seconds, Stopping threads took: 0.0006854 seconds
[2023-10-19T08:56:26.545+0000][946.764s][debug][safepoint     ] Safepoint synchronization initiated. (170 threads)
[2023-10-19T08:56:26.546+0000][946.764s][info ][safepoint     ] Application time: 8.0023458 seconds
[2023-10-19T08:56:26.546+0000][946.765s][info ][safepoint     ] Entering safepoint region: Cleanup
[2023-10-19T08:56:26.547+0000][946.765s][info ][safepoint     ] Leaving safepoint region
[2023-10-19T08:56:26.547+0000][946.766s][info ][safepoint     ] Total time for which application threads were stopped: 0.0009848 seconds, Stopping threads took: 0.0003569 seconds
[2023-10-19T08:57:26.561+0000][1006.780s][debug][safepoint     ] Safepoint synchronization initiated. (170 threads)
[2023-10-19T08:57:26.562+0000][1006.781s][info ][safepoint     ] Application time: 60.0146577 seconds
[2023-10-19T08:57:26.563+0000][1006.781s][info ][safepoint     ] Entering safepoint region: Cleanup
[2023-10-19T08:57:26.563+0000][1006.782s][info ][safepoint     ] Leaving safepoint region
[2023-10-19T08:57:26.564+0000][1006.782s][info ][safepoint     ] Total time for which application threads were stopped: 0.0011811 seconds, Stopping threads took: 0.0004653 seconds
[2023-10-19T08:57:34.566+0000][1014.785s][debug][safepoint     ] Safepoint synchronization initiated. (170 threads)
[2023-10-19T08:57:34.567+0000][1014.785s][info ][safepoint     ] Application time: 8.0026167 seconds
[2023-10-19T08:57:34.567+0000][1014.786s][info ][safepoint     ] Entering safepoint region: Cleanup
[2023-10-19T08:57:34.568+0000][1014.787s][info ][safepoint     ] Leaving safepoint region
[2023-10-19T08:57:34.569+0000][1014.787s][info ][safepoint     ] Total time for which application threads were stopped: 0.0013021 seconds, Stopping threads took: 0.0006104 seconds
[2023-10-19T08:58:06.575+0000][1046.794s][debug][safepoint     ] Safepoint synchronization initiated. (170 threads)
[2023-10-19T08:58:06.576+0000][1046.795s][info ][safepoint     ] Application time: 32.0073991 seconds
[2023-10-19T08:58:06.577+0000][1046.796s][info ][safepoint     ] Entering safepoint region: Cleanup
[2023-10-19T08:58:06.579+0000][1046.797s][info ][safepoint     ] Leaving safepoint region
[2023-10-19T08:58:06.579+0000][1046.798s][info ][safepoint     ] Total time for which application threads were stopped: 0.0020984 seconds, Stopping threads took: 0.0009906 seconds
[2023-10-19T08:58:06.579+0000][1046.797s][debug][safepoint     ] ... found polling page return exception at pc = 0x00007f0de87cbbc4, stub =0x00007f0de0840600
[2023-10-19T08:58:06.579+0000][1046.797s][debug][safepoint     ] ... found polling page return exception at pc = 0x00007f0de87cbbc4, stub =0x00007f0de0840600
[2023-10-19T08:58:06.579+0000][1046.797s][debug][safepoint     ] ... found polling page return exception at pc = 0x00007f0de87cbbc4, stub =0x00007f0de0840600
[2023-10-19T08:58:06.579+0000][1046.797s][debug][safepoint     ] ... found polling page return exception at pc = 0x00007f0de87cbbc4, stub =0x00007f0de0840600
[2023-10-19T08:58:06.579+0000][1046.797s][debug][safepoint     ] ... found polling page return exception at pc = 0x00007f0de87cbbc4, stub =0x00007f0de0840600
[2023-10-19T08:58:26.584+0000][1066.802s][debug][safepoint     ] Safepoint synchronization initiated. (170 threads)
[2023-10-19T08:58:26.584+0000][1066.803s][info ][safepoint     ] Application time: 20.0039898 seconds
[2023-10-19T08:58:26.584+0000][1066.803s][info ][safepoint     ] Entering safepoint region: Cleanup
[2023-10-19T08:58:26.585+0000][1066.804s][info ][safepoint     ] Leaving safepoint region
[2023-10-19T08:58:26.585+0000][1066.804s][info ][safepoint     ] Total time for which application threads were stopped: 0.0008655 seconds, Stopping threads took: 0.0003395 seconds
[2023-10-19T08:58:31.985+0000][1072.204s][debug][safepoint     ] Safepoint synchronization initiated. (170 threads)
[2023-10-19T08:58:31.987+0000][1072.205s][info ][safepoint     ] Application time: 5.4010346 seconds
[2023-10-19T08:58:31.988+0000][1072.206s][info ][safepoint     ] Entering safepoint region: G1CollectForAllocation
[2023-10-19T08:58:31.989+0000][1072.208s][info ][gc,start      ] GC(70) Pause Young (Normal) (G1 Evacuation Pause)
[2023-10-19T08:58:31.990+0000][1072.209s][info ][gc,task       ] GC(70) Using 8 workers of 8 for evacuation
[2023-10-19T08:58:32.003+0000][1072.222s][info ][gc,phases     ] GC(70)   Pre Evacuate Collection Set: 0.1ms
[2023-10-19T08:58:32.004+0000][1072.223s][info ][gc,phases     ] GC(70)   Evacuate Collection Set: 8.7ms
[2023-10-19T08:58:32.004+0000][1072.223s][info ][gc,phases     ] GC(70)   Post Evacuate Collection Set: 3.3ms
[2023-10-19T08:58:32.005+0000][1072.224s][info ][gc,phases     ] GC(70)   Other: 2.1ms
[2023-10-19T08:58:32.005+0000][1072.224s][info ][gc,heap       ] GC(70) Eden regions: 142->0(143)
[2023-10-19T08:58:32.006+0000][1072.225s][info ][gc,heap       ] GC(70) Survivor regions: 10->9(19)
[2023-10-19T08:58:32.006+0000][1072.225s][info ][gc,heap       ] GC(70) Old regions: 143->144
[2023-10-19T08:58:32.007+0000][1072.226s][info ][gc,heap       ] GC(70) Humongous regions: 10->10
[2023-10-19T08:58:32.007+0000][1072.226s][info ][gc,metaspace  ] GC(70) Metaspace: 161792K(167120K)->161792K(167120K) NonClass: 142823K(146128K)->142823K(146128K) Class: 18968K(20992K)->18968K(20992K)
[2023-10-19T08:58:32.008+0000][1072.227s][info ][gc            ] GC(70) Pause Young (Normal) (G1 Evacuation Pause) 302M->161M(350M) 18.834ms
[2023-10-19T08:58:32.008+0000][1072.227s][info ][gc,cpu        ] GC(70) User=0.09s Sys=0.00s Real=0.02s
[2023-10-19T08:58:32.009+0000][1072.228s][info ][safepoint     ] Leaving safepoint region
[2023-10-19T08:58:32.010+0000][1072.228s][info ][safepoint     ] Total time for which application threads were stopped: 0.0219004 seconds, Stopping threads took: 0.0010996 seconds
[2023-10-19T08:58:32.010+0000][1072.229s][info ][gc,stringdedup] Concurrent String Deduplication (1072.229s)
[2023-10-19T08:58:32.011+0000][1072.229s][info ][gc,stringdedup] Concurrent String Deduplication 88.0B->48.0B(40.0B) avg 54.4% (1072.229s, 1072.229s) 0.480ms
[2023-10-19T08:59:01.017+0000][1101.236s][debug][safepoint     ] Safepoint synchronization initiated. (170 threads)
[2023-10-19T08:59:01.018+0000][1101.237s][info ][safepoint     ] Application time: 29.0080261 seconds
[2023-10-19T08:59:01.019+0000][1101.238s][info ][safepoint     ] Entering safepoint region: Cleanup
[2023-10-19T08:59:01.020+0000][1101.239s][info ][safepoint     ] Leaving safepoint region
[2023-10-19T08:59:01.021+0000][1101.240s][info ][safepoint     ] Total time for which application threads were stopped: 0.0019615 seconds, Stopping threads took: 0.0008374 seconds
[2023-10-19T08:59:17.025+0000][1117.245s][debug][safepoint     ] Safepoint synchronization initiated. (170 threads)
[2023-10-19T08:59:17.026+0000][1117.245s][info ][safepoint     ] Application time: 16.0051692 seconds
[2023-10-19T08:59:17.027+0000][1117.246s][info ][safepoint     ] Entering safepoint region: Cleanup
[2023-10-19T08:59:17.028+0000][1117.248s][info ][safepoint     ] Leaving safepoint region
[2023-10-19T08:59:17.029+0000][1117.248s][info ][safepoint     ] Total time for which application threads were stopped: 0.0020483 seconds, Stopping threads took: 0.0009311 seconds
[2023-10-19T08:59:27.032+0000][1127.252s][debug][safepoint     ] Safepoint synchronization initiated. (170 threads)
[2023-10-19T08:59:27.033+0000][1127.252s][info ][safepoint     ] Application time: 10.0033047 seconds
[2023-10-19T08:59:27.034+0000][1127.253s][info ][safepoint     ] Entering safepoint region: Cleanup
[2023-10-19T08:59:27.034+0000][1127.254s][info ][safepoint     ] Leaving safepoint region
[2023-10-19T08:59:27.035+0000][1127.255s][info ][safepoint     ] Total time for which application threads were stopped: 0.0016514 seconds, Stopping threads took: 0.0006786 seconds
[2023-10-19T08:59:29.036+0000][1129.256s][debug][safepoint     ] Safepoint synchronization initiated. (170 threads)
[2023-10-19T08:59:29.037+0000][1129.257s][info ][safepoint     ] Application time: 2.0013352 seconds
[2023-10-19T08:59:29.038+0000][1129.257s][info ][safepoint     ] Entering safepoint region: Cleanup
[2023-10-19T08:59:29.039+0000][1129.258s][info ][safepoint     ] Leaving safepoint region
[2023-10-19T08:59:29.039+0000][1129.259s][info ][safepoint     ] Total time for which application threads were stopped: 0.0017324 seconds, Stopping threads took: 0.0007553 seconds
[2023-10-19T09:00:07.050+0000][1167.269s][debug][safepoint     ] Safepoint synchronization initiated. (170 threads)
[2023-10-19T09:00:07.051+0000][1167.270s][info ][safepoint     ] Application time: 38.0101919 seconds
[2023-10-19T09:00:07.053+0000][1167.271s][debug][safepoint     ] ... found polling page return exception at pc = 0x00007f0de851d868, stub =0x00007f0de0840600
[2023-10-19T09:00:07.053+0000][1167.271s][debug][safepoint     ] ... found polling page return exception at pc = 0x00007f0de868821d, stub =0x00007f0de0840600
[2023-10-19T09:00:07.054+0000][1167.273s][debug][safepoint     ] Waiting for 2 thread(s) to block
[2023-10-19T09:00:07.056+0000][1167.274s][info ][safepoint     ] Entering safepoint region: Cleanup
[2023-10-19T09:00:07.057+0000][1167.276s][info ][safepoint     ] Leaving safepoint region
[2023-10-19T09:00:07.058+0000][1167.276s][info ][safepoint     ] Total time for which application threads were stopped: 0.0051260 seconds, Stopping threads took: 0.0039505 seconds
[2023-10-19T09:00:12.060+0000][1172.278s][debug][safepoint     ] Safepoint synchronization initiated. (170 threads)
[2023-10-19T09:00:12.061+0000][1172.279s][info ][safepoint     ] Application time: 5.0021581 seconds
[2023-10-19T09:00:12.061+0000][1172.280s][info ][safepoint     ] Entering safepoint region: Cleanup
[2023-10-19T09:00:12.062+0000][1172.281s][info ][safepoint     ] Leaving safepoint region
[2023-10-19T09:00:12.063+0000][1172.281s][info ][safepoint     ] Total time for which application threads were stopped: 0.0015488 seconds, Stopping threads took: 0.0006748 seconds
[2023-10-19T09:00:17.065+0000][1177.283s][debug][safepoint     ] Safepoint synchronization initiated. (170 threads)
[2023-10-19T09:00:17.065+0000][1177.284s][info ][safepoint     ] Application time: 5.0018914 seconds
[2023-10-19T09:00:17.066+0000][1177.284s][info ][safepoint     ] Entering safepoint region: Cleanup
[2023-10-19T09:00:17.066+0000][1177.285s][info ][safepoint     ] Leaving safepoint region
[2023-10-19T09:00:17.067+0000][1177.285s][info ][safepoint     ] Total time for which application threads were stopped: 0.0010739 seconds, Stopping threads took: 0.0003926 seconds
[2023-10-19T09:00:20.068+0000][1180.286s][debug][safepoint     ] Safepoint synchronization initiated. (170 threads)
[2023-10-19T09:00:20.072+0000][1180.291s][info ][safepoint     ] Application time: 3.0049019 seconds
[2023-10-19T09:00:20.077+0000][1180.295s][info ][safepoint     ] Entering safepoint region: Cleanup
[2023-10-19T09:00:20.085+0000][1180.304s][info ][safepoint     ] Leaving safepoint region
[2023-10-19T09:00:20.091+0000][1180.309s][info ][safepoint     ] Total time for which application threads were stopped: 0.0142657 seconds, Stopping threads took: 0.0046355 seconds
[2023-10-19T09:00:27.098+0000][1187.317s][debug][safepoint     ] Safepoint synchronization initiated. (170 threads)
[2023-10-19T09:00:27.099+0000][1187.317s][info ][safepoint     ] Application time: 7.0016443 seconds
[2023-10-19T09:00:27.099+0000][1187.318s][info ][safepoint     ] Entering safepoint region: Cleanup
[2023-10-19T09:00:27.100+0000][1187.318s][info ][safepoint     ] Leaving safepoint region
[2023-10-19T09:00:27.100+0000][1187.319s][info ][safepoint     ] Total time for which application threads were stopped: 0.0008463 seconds, Stopping threads took: 0.0003140 seconds
[2023-10-19T09:00:27.100+0000][1187.318s][debug][safepoint     ] ... found polling page return exception at pc = 0x00007f0de87cbbc4, stub =0x00007f0de0840600
[2023-10-19T09:01:07.111+0000][1227.328s][debug][safepoint     ] Safepoint synchronization initiated. (170 threads)
[2023-10-19T09:01:07.112+0000][1227.329s][info ][safepoint     ] Application time: 40.0100879 seconds
[2023-10-19T09:01:07.112+0000][1227.330s][info ][safepoint     ] Entering safepoint region: Cleanup
[2023-10-19T09:01:07.113+0000][1227.331s][info ][safepoint     ] Leaving safepoint region
[2023-10-19T09:01:07.114+0000][1227.331s][info ][safepoint     ] Total time for which application threads were stopped: 0.0016077 seconds, Stopping threads took: 0.0006659 seconds
[2023-10-19T09:01:07.113+0000][1227.331s][debug][safepoint     ] ... found polling page return exception at pc = 0x00007f0de87cbbc4, stub =0x00007f0de0840600
[2023-10-19T09:01:07.113+0000][1227.331s][debug][safepoint     ] ... found polling page return exception at pc = 0x00007f0de87cbbc4, stub =0x00007f0de0840600
[2023-10-19T09:01:07.113+0000][1227.331s][debug][safepoint     ] ... found polling page return exception at pc = 0x00007f0de87cbbc4, stub =0x00007f0de0840600
[2023-10-19T09:01:07.113+0000][1227.331s][debug][safepoint     ] ... found polling page return exception at pc = 0x00007f0de87cbbc4, stub =0x00007f0de0840600
[2023-10-19T09:01:07.113+0000][1227.331s][debug][safepoint     ] ... found polling page return exception at pc = 0x00007f0de87cbbc4, stub =0x00007f0de0840600
[2023-10-19T09:01:07.113+0000][1227.331s][debug][safepoint     ] ... found polling page return exception at pc = 0x00007f0de87cbbc4, stub =0x00007f0de0840600
[2023-10-19T09:01:13.453+0000][1233.670s][debug][safepoint     ] Safepoint synchronization initiated. (170 threads)
[2023-10-19T09:01:13.454+0000][1233.671s][info ][safepoint     ] Application time: 6.3389200 seconds
[2023-10-19T09:01:13.454+0000][1233.671s][info ][safepoint     ] Entering safepoint region: G1CollectForAllocation
[2023-10-19T09:01:13.455+0000][1233.672s][info ][gc,start      ] GC(71) Pause Young (Normal) (G1 Evacuation Pause)
[2023-10-19T09:01:13.455+0000][1233.672s][info ][gc,task       ] GC(71) Using 8 workers of 8 for evacuation
[2023-10-19T09:01:13.472+0000][1233.689s][info ][gc,phases     ] GC(71)   Pre Evacuate Collection Set: 0.1ms
[2023-10-19T09:01:13.472+0000][1233.689s][info ][gc,phases     ] GC(71)   Evacuate Collection Set: 12.4ms
[2023-10-19T09:01:13.473+0000][1233.690s][info ][gc,phases     ] GC(71)   Post Evacuate Collection Set: 3.1ms
[2023-10-19T09:01:13.473+0000][1233.690s][info ][gc,phases     ] GC(71)   Other: 1.2ms
[2023-10-19T09:01:13.474+0000][1233.691s][info ][gc,heap       ] GC(71) Eden regions: 143->0(144)
[2023-10-19T09:01:13.474+0000][1233.691s][info ][gc,heap       ] GC(71) Survivor regions: 9->8(19)
[2023-10-19T09:01:13.475+0000][1233.692s][info ][gc,heap       ] GC(71) Old regions: 144->145
[2023-10-19T09:01:13.475+0000][1233.692s][info ][gc,heap       ] GC(71) Humongous regions: 10->10
[2023-10-19T09:01:13.476+0000][1233.693s][info ][gc,metaspace  ] GC(71) Metaspace: 161848K(167120K)->161848K(167120K) NonClass: 142879K(146128K)->142879K(146128K) Class: 18968K(20992K)->18968K(20992K)
[2023-10-19T09:01:13.476+0000][1233.693s][info ][gc            ] GC(71) Pause Young (Normal) (G1 Evacuation Pause) 304M->161M(350M) 21.342ms
[2023-10-19T09:01:13.477+0000][1233.694s][info ][gc,cpu        ] GC(71) User=0.11s Sys=0.01s Real=0.03s
[2023-10-19T09:01:13.477+0000][1233.694s][info ][safepoint     ] Leaving safepoint region
[2023-10-19T09:01:13.478+0000][1233.695s][info ][safepoint     ] Total time for which application threads were stopped: 0.0235292 seconds, Stopping threads took: 0.0004538 seconds
[2023-10-19T09:01:13.478+0000][1233.695s][info ][gc,stringdedup] Concurrent String Deduplication (1233.695s)
[2023-10-19T09:01:13.478+0000][1233.696s][info ][gc,stringdedup] Concurrent String Deduplication 0.0B->0.0B(0.0B) avg 54.4% (1233.695s, 1233.696s) 0.415ms
[2023-10-19T09:01:16.479+0000][1236.696s][debug][safepoint     ] Safepoint synchronization initiated. (170 threads)
[2023-10-19T09:01:16.479+0000][1236.696s][info ][safepoint     ] Application time: 3.0012282 seconds
[2023-10-19T09:01:16.480+0000][1236.697s][info ][safepoint     ] Entering safepoint region: Cleanup
[2023-10-19T09:01:16.481+0000][1236.698s][info ][safepoint     ] Leaving safepoint region
[2023-10-19T09:01:16.481+0000][1236.698s][info ][safepoint     ] Total time for which application threads were stopped: 0.0013690 seconds, Stopping threads took: 0.0005961 seconds
[2023-10-19T09:01:27.484+0000][1247.701s][debug][safepoint     ] Safepoint synchronization initiated. (170 threads)
[2023-10-19T09:01:27.485+0000][1247.702s][info ][safepoint     ] Application time: 11.0028119 seconds
[2023-10-19T09:01:27.485+0000][1247.702s][info ][safepoint     ] Entering safepoint region: Cleanup
[2023-10-19T09:01:27.486+0000][1247.703s][info ][safepoint     ] Leaving safepoint region
[2023-10-19T09:01:27.486+0000][1247.703s][info ][safepoint     ] Total time for which application threads were stopped: 0.0009927 seconds, Stopping threads took: 0.0003498 seconds
[2023-10-19T09:01:53.492+0000][1273.710s][debug][safepoint     ] Safepoint synchronization initiated. (170 threads)
[2023-10-19T09:01:53.493+0000][1273.710s][info ][safepoint     ] Application time: 26.0068644 seconds
[2023-10-19T09:01:53.494+0000][1273.711s][info ][safepoint     ] Entering safepoint region: Cleanup
[2023-10-19T09:01:53.495+0000][1273.712s][info ][safepoint     ] Leaving safepoint region
[2023-10-19T09:01:53.496+0000][1273.713s][info ][safepoint     ] Total time for which application threads were stopped: 0.0015637 seconds, Stopping threads took: 0.0006717 seconds
[2023-10-19T09:02:16.501+0000][1296.718s][debug][safepoint     ] Safepoint synchronization initiated. (170 threads)
[2023-10-19T09:02:16.502+0000][1296.719s][info ][safepoint     ] Application time: 23.0057287 seconds
[2023-10-19T09:02:16.502+0000][1296.719s][info ][safepoint     ] Entering safepoint region: Cleanup
[2023-10-19T09:02:16.503+0000][1296.720s][info ][safepoint     ] Leaving safepoint region
[2023-10-19T09:02:16.503+0000][1296.720s][info ][safepoint     ] Total time for which application threads were stopped: 0.0009893 seconds, Stopping threads took: 0.0003786 seconds
[2023-10-19T09:02:17.504+0000][1297.721s][debug][safepoint     ] Safepoint synchronization initiated. (170 threads)
[2023-10-19T09:02:17.505+0000][1297.721s][info ][safepoint     ] Application time: 1.0009219 seconds
[2023-10-19T09:02:17.505+0000][1297.722s][info ][safepoint     ] Entering safepoint region: Cleanup
[2023-10-19T09:02:17.506+0000][1297.723s][info ][safepoint     ] Leaving safepoint region
[2023-10-19T09:02:17.507+0000][1297.724s][info ][safepoint     ] Total time for which application threads were stopped: 0.0014065 seconds, Stopping threads took: 0.0006664 seconds
[2023-10-19T09:02:36.511+0000][1316.728s][debug][safepoint     ] Safepoint synchronization initiated. (170 threads)
[2023-10-19T09:02:36.512+0000][1316.729s][info ][safepoint     ] Application time: 19.0044708 seconds
[2023-10-19T09:02:36.512+0000][1316.729s][info ][safepoint     ] Entering safepoint region: Cleanup
[2023-10-19T09:02:36.513+0000][1316.730s][info ][safepoint     ] Leaving safepoint region
[2023-10-19T09:02:36.514+0000][1316.731s][info ][safepoint     ] Total time for which application threads were stopped: 0.0015725 seconds, Stopping threads took: 0.0006672 seconds
[2023-10-19T09:02:38.515+0000][1318.732s][debug][safepoint     ] Safepoint synchronization initiated. (170 threads)
[2023-10-19T09:02:38.515+0000][1318.732s][info ][safepoint     ] Application time: 2.0012660 seconds
[2023-10-19T09:02:38.516+0000][1318.733s][info ][safepoint     ] Entering safepoint region: Cleanup
[2023-10-19T09:02:38.517+0000][1318.734s][info ][safepoint     ] Leaving safepoint region
[2023-10-19T09:02:38.517+0000][1318.734s][info ][safepoint     ] Total time for which application threads were stopped: 0.0014748 seconds, Stopping threads took: 0.0006243 seconds
[2023-10-19T09:03:17.527+0000][1357.744s][debug][safepoint     ] Safepoint synchronization initiated. (170 threads)
[2023-10-19T09:03:17.527+0000][1357.745s][info ][safepoint     ] Application time: 39.0099381 seconds
[2023-10-19T09:03:17.528+0000][1357.745s][info ][safepoint     ] Entering safepoint region: Cleanup
[2023-10-19T09:03:17.529+0000][1357.746s][info ][safepoint     ] Leaving safepoint region
[2023-10-19T09:03:17.529+0000][1357.747s][info ][safepoint     ] Total time for which application threads were stopped: 0.0012556 seconds, Stopping threads took: 0.0005805 seconds
[2023-10-19T09:03:20.530+0000][1360.748s][debug][safepoint     ] Safepoint synchronization initiated. (170 threads)
[2023-10-19T09:03:20.531+0000][1360.749s][info ][safepoint     ] Application time: 3.0019558 seconds
[2023-10-19T09:03:20.532+0000][1360.750s][info ][safepoint     ] Entering safepoint region: Cleanup
[2023-10-19T09:03:20.534+0000][1360.751s][info ][safepoint     ] Leaving safepoint region
[2023-10-19T09:03:20.534+0000][1360.752s][info ][safepoint     ] Total time for which application threads were stopped: 0.0019968 seconds, Stopping threads took: 0.0008781 seconds
[2023-10-19T09:03:26.536+0000][1366.754s][debug][safepoint     ] Safepoint synchronization initiated. (170 threads)
[2023-10-19T09:03:26.537+0000][1366.754s][info ][safepoint     ] Application time: 6.0017641 seconds
[2023-10-19T09:03:26.537+0000][1366.755s][info ][safepoint     ] Entering safepoint region: Cleanup
[2023-10-19T09:03:26.538+0000][1366.756s][info ][safepoint     ] Leaving safepoint region
[2023-10-19T09:03:26.539+0000][1366.756s][info ][safepoint     ] Total time for which application threads were stopped: 0.0014162 seconds, Stopping threads took: 0.0005811 seconds
[2023-10-19T09:03:55.964+0000][1396.182s][debug][safepoint     ] Safepoint synchronization initiated. (170 threads)
[2023-10-19T09:03:55.965+0000][1396.182s][info ][safepoint     ] Application time: 29.4254612 seconds
[2023-10-19T09:03:55.966+0000][1396.183s][info ][safepoint     ] Entering safepoint region: G1CollectForAllocation
[2023-10-19T09:03:55.967+0000][1396.184s][info ][gc,start      ] GC(72) Pause Young (Normal) (G1 Evacuation Pause)
[2023-10-19T09:03:55.967+0000][1396.185s][info ][gc,task       ] GC(72) Using 8 workers of 8 for evacuation
[2023-10-19T09:03:55.983+0000][1396.201s][info ][gc,phases     ] GC(72)   Pre Evacuate Collection Set: 0.1ms
[2023-10-19T09:03:55.984+0000][1396.201s][info ][gc,phases     ] GC(72)   Evacuate Collection Set: 10.9ms
[2023-10-19T09:03:55.984+0000][1396.202s][info ][gc,phases     ] GC(72)   Post Evacuate Collection Set: 4.3ms
[2023-10-19T09:03:55.985+0000][1396.202s][info ][gc,phases     ] GC(72)   Other: 1.3ms
[2023-10-19T09:03:55.985+0000][1396.203s][info ][gc,heap       ] GC(72) Eden regions: 144->0(144)
[2023-10-19T09:03:55.986+0000][1396.203s][info ][gc,heap       ] GC(72) Survivor regions: 8->7(19)
[2023-10-19T09:03:55.986+0000][1396.204s][info ][gc,heap       ] GC(72) Old regions: 145->147
[2023-10-19T09:03:55.987+0000][1396.204s][info ][gc,heap       ] GC(72) Humongous regions: 10->10
[2023-10-19T09:03:55.987+0000][1396.205s][info ][gc,metaspace  ] GC(72) Metaspace: 161905K(167120K)->161905K(167120K) NonClass: 142935K(146128K)->142935K(146128K) Class: 18969K(20992K)->18969K(20992K)
[2023-10-19T09:03:55.988+0000][1396.205s][info ][gc            ] GC(72) Pause Young (Normal) (G1 Evacuation Pause) 305M->161M(350M) 21.052ms
[2023-10-19T09:03:55.988+0000][1396.206s][info ][gc,cpu        ] GC(72) User=0.11s Sys=0.01s Real=0.02s
[2023-10-19T09:03:55.989+0000][1396.206s][info ][safepoint     ] Leaving safepoint region
[2023-10-19T09:03:55.989+0000][1396.207s][info ][safepoint     ] Total time for which application threads were stopped: 0.0237199 seconds, Stopping threads took: 0.0008581 seconds
[2023-10-19T09:03:55.990+0000][1396.207s][info ][gc,stringdedup] Concurrent String Deduplication (1396.207s)
[2023-10-19T09:03:55.990+0000][1396.208s][info ][gc,stringdedup] Concurrent String Deduplication 2672.0B->1288.0B(1384.0B) avg 54.4% (1396.207s, 1396.208s) 0.613ms
[2023-10-19T09:04:16.995+0000][1417.212s][debug][safepoint     ] Safepoint synchronization initiated. (171 threads)
[2023-10-19T09:04:16.995+0000][1417.213s][info ][safepoint     ] Application time: 21.0057315 seconds
[2023-10-19T09:04:16.995+0000][1417.213s][info ][safepoint     ] Entering safepoint region: Cleanup
[2023-10-19T09:04:16.996+0000][1417.214s][info ][safepoint     ] Leaving safepoint region
[2023-10-19T09:04:16.996+0000][1417.214s][info ][safepoint     ] Total time for which application threads were stopped: 0.0009324 seconds, Stopping threads took: 0.0003800 seconds
[2023-10-19T09:05:07.007+0000][1467.225s][debug][safepoint     ] Safepoint synchronization initiated. (171 threads)
[2023-10-19T09:05:07.008+0000][1467.226s][info ][safepoint     ] Application time: 50.0119989 seconds
[2023-10-19T09:05:07.010+0000][1467.228s][info ][safepoint     ] Entering safepoint region: Cleanup
[2023-10-19T09:05:07.011+0000][1467.229s][info ][safepoint     ] Leaving safepoint region
[2023-10-19T09:05:07.012+0000][1467.230s][info ][safepoint     ] Total time for which application threads were stopped: 0.0023453 seconds, Stopping threads took: 0.0011415 seconds
[2023-10-19T09:06:13.030+0000][1533.249s][debug][safepoint     ] Safepoint synchronization initiated. (170 threads)
[2023-10-19T09:06:13.032+0000][1533.250s][info ][safepoint     ] Application time: 66.0195296 seconds
[2023-10-19T09:06:13.033+0000][1533.251s][info ][safepoint     ] Entering safepoint region: Cleanup
[2023-10-19T09:06:13.034+0000][1533.253s][info ][safepoint     ] Leaving safepoint region
[2023-10-19T09:06:13.035+0000][1533.253s][info ][safepoint     ] Total time for which application threads were stopped: 0.0024582 seconds, Stopping threads took: 0.0011201 seconds
[2023-10-19T09:06:38.281+0000][1558.499s][debug][safepoint     ] Safepoint synchronization initiated. (171 threads)
[2023-10-19T09:06:38.281+0000][1558.499s][info ][safepoint     ] Application time: 25.2451287 seconds
[2023-10-19T09:06:38.282+0000][1558.500s][info ][safepoint     ] Entering safepoint region: G1CollectForAllocation
[2023-10-19T09:06:38.282+0000][1558.500s][info ][gc,start      ] GC(73) Pause Young (Normal) (G1 Evacuation Pause)
[2023-10-19T09:06:38.283+0000][1558.501s][info ][gc,task       ] GC(73) Using 8 workers of 8 for evacuation
[2023-10-19T09:06:38.309+0000][1558.527s][info ][gc,phases     ] GC(73)   Pre Evacuate Collection Set: 0.0ms
[2023-10-19T09:06:38.309+0000][1558.527s][info ][gc,phases     ] GC(73)   Evacuate Collection Set: 19.3ms
[2023-10-19T09:06:38.310+0000][1558.528s][info ][gc,phases     ] GC(73)   Post Evacuate Collection Set: 6.1ms
[2023-10-19T09:06:38.310+0000][1558.528s][info ][gc,phases     ] GC(73)   Other: 1.3ms
[2023-10-19T09:06:38.311+0000][1558.529s][info ][gc,heap       ] GC(73) Eden regions: 144->0(147)
[2023-10-19T09:06:38.311+0000][1558.529s][info ][gc,heap       ] GC(73) Survivor regions: 7->3(19)
[2023-10-19T09:06:38.311+0000][1558.529s][info ][gc,heap       ] GC(73) Old regions: 147->151
[2023-10-19T09:06:38.312+0000][1558.530s][info ][gc,heap       ] GC(73) Humongous regions: 10->10
[2023-10-19T09:06:38.312+0000][1558.530s][info ][gc,metaspace  ] GC(73) Metaspace: 161919K(167120K)->161919K(167120K) NonClass: 142950K(146128K)->142950K(146128K) Class: 18969K(20992K)->18969K(20992K)
[2023-10-19T09:06:38.313+0000][1558.531s][info ][gc            ] GC(73) Pause Young (Normal) (G1 Evacuation Pause) 305M->160M(350M) 30.372ms
[2023-10-19T09:06:38.313+0000][1558.531s][info ][gc,cpu        ] GC(73) User=0.17s Sys=0.01s Real=0.03s
[2023-10-19T09:06:38.313+0000][1558.531s][info ][safepoint     ] Leaving safepoint region
[2023-10-19T09:06:38.314+0000][1558.532s][info ][safepoint     ] Total time for which application threads were stopped: 0.0322783 seconds, Stopping threads took: 0.0003884 seconds
[2023-10-19T09:06:38.314+0000][1558.532s][info ][gc,stringdedup] Concurrent String Deduplication (1558.532s)
[2023-10-19T09:06:38.315+0000][1558.533s][info ][gc,stringdedup] Concurrent String Deduplication 0.0B->0.0B(0.0B) avg 54.4% (1558.532s, 1558.533s) 0.464ms
[2023-10-19T09:07:07.320+0000][1587.538s][debug][safepoint     ] Safepoint synchronization initiated. (171 threads)
[2023-10-19T09:07:07.322+0000][1587.540s][info ][safepoint     ] Application time: 29.0075395 seconds
[2023-10-19T09:07:07.323+0000][1587.541s][info ][safepoint     ] Entering safepoint region: Cleanup
[2023-10-19T09:07:07.325+0000][1587.543s][info ][safepoint     ] Leaving safepoint region
[2023-10-19T09:07:07.326+0000][1587.544s][info ][safepoint     ] Total time for which application threads were stopped: 0.0029536 seconds, Stopping threads took: 0.0015161 seconds
[2023-10-19T09:07:27.331+0000][1607.549s][debug][safepoint     ] Safepoint synchronization initiated. (170 threads)
[2023-10-19T09:07:27.332+0000][1607.550s][info ][safepoint     ] Application time: 20.0052207 seconds
[2023-10-19T09:07:27.333+0000][1607.551s][info ][safepoint     ] Entering safepoint region: Cleanup
[2023-10-19T09:07:27.334+0000][1607.552s][info ][safepoint     ] Leaving safepoint region
[2023-10-19T09:07:27.334+0000][1607.552s][info ][safepoint     ] Total time for which application threads were stopped: 0.0017093 seconds, Stopping threads took: 0.0008302 seconds
[2023-10-19T09:07:47.339+0000][1627.557s][debug][safepoint     ] Safepoint synchronization initiated. (170 threads)
[2023-10-19T09:07:47.340+0000][1627.558s][info ][safepoint     ] Application time: 20.0051298 seconds
[2023-10-19T09:07:47.340+0000][1627.558s][info ][safepoint     ] Entering safepoint region: Cleanup
[2023-10-19T09:07:47.341+0000][1627.559s][info ][safepoint     ] Leaving safepoint region
[2023-10-19T09:07:47.341+0000][1627.559s][info ][safepoint     ] Total time for which application threads were stopped: 0.0010732 seconds, Stopping threads took: 0.0004684 seconds
[2023-10-19T09:08:16.348+0000][1656.566s][debug][safepoint     ] Safepoint synchronization initiated. (170 threads)
[2023-10-19T09:08:16.348+0000][1656.566s][info ][safepoint     ] Application time: 29.0065799 seconds
[2023-10-19T09:08:16.348+0000][1656.567s][info ][safepoint     ] Entering safepoint region: Cleanup
[2023-10-19T09:08:16.349+0000][1656.567s][info ][safepoint     ] Leaving safepoint region
[2023-10-19T09:08:16.349+0000][1656.568s][info ][safepoint     ] Total time for which application threads were stopped: 0.0008586 seconds, Stopping threads took: 0.0004292 seconds
[2023-10-19T09:08:17.350+0000][1657.568s][debug][safepoint     ] Safepoint synchronization initiated. (171 threads)
[2023-10-19T09:08:17.351+0000][1657.569s][info ][safepoint     ] Application time: 1.0013253 seconds
[2023-10-19T09:08:17.352+0000][1657.570s][info ][safepoint     ] Entering safepoint region: Cleanup
[2023-10-19T09:08:17.353+0000][1657.571s][info ][safepoint     ] Leaving safepoint region
[2023-10-19T09:08:17.354+0000][1657.572s][info ][safepoint     ] Total time for which application threads were stopped: 0.0021385 seconds, Stopping threads took: 0.0008743 seconds
[2023-10-19T09:08:27.357+0000][1667.575s][debug][safepoint     ] Safepoint synchronization initiated. (171 threads)
[2023-10-19T09:08:27.358+0000][1667.576s][info ][safepoint     ] Application time: 10.0033806 seconds
[2023-10-19T09:08:27.359+0000][1667.578s][info ][safepoint     ] Entering safepoint region: Cleanup
[2023-10-19T09:08:27.361+0000][1667.579s][info ][safepoint     ] Leaving safepoint region
[2023-10-19T09:08:27.362+0000][1667.580s][info ][safepoint     ] Total time for which application threads were stopped: 0.0026169 seconds, Stopping threads took: 0.0011509 seconds
[2023-10-19T09:09:07.371+0000][1707.590s][debug][safepoint     ] Safepoint synchronization initiated. (171 threads)
[2023-10-19T09:09:07.372+0000][1707.591s][info ][safepoint     ] Application time: 40.0102164 seconds
[2023-10-19T09:09:07.374+0000][1707.593s][info ][safepoint     ] Entering safepoint region: Cleanup
[2023-10-19T09:09:07.375+0000][1707.594s][info ][safepoint     ] Leaving safepoint region
[2023-10-19T09:09:07.376+0000][1707.595s][info ][safepoint     ] Total time for which application threads were stopped: 0.0025799 seconds, Stopping threads took: 0.0011799 seconds
[2023-10-19T09:09:24.136+0000][1724.355s][debug][safepoint     ] Safepoint synchronization initiated. (170 threads)
[2023-10-19T09:09:24.137+0000][1724.356s][info ][safepoint     ] Application time: 16.7603426 seconds
[2023-10-19T09:09:24.138+0000][1724.357s][info ][safepoint     ] Entering safepoint region: G1CollectForAllocation
[2023-10-19T09:09:24.140+0000][1724.358s][info ][gc,start      ] GC(74) Pause Young (Concurrent Start) (G1 Evacuation Pause)
[2023-10-19T09:09:24.141+0000][1724.359s][info ][gc,task       ] GC(74) Using 8 workers of 8 for evacuation
[2023-10-19T09:09:24.167+0000][1724.386s][info ][gc,phases     ] GC(74)   Pre Evacuate Collection Set: 8.7ms
[2023-10-19T09:09:24.168+0000][1724.387s][info ][gc,phases     ] GC(74)   Evacuate Collection Set: 10.9ms
[2023-10-19T09:09:24.169+0000][1724.387s][info ][gc,phases     ] GC(74)   Post Evacuate Collection Set: 5.1ms
[2023-10-19T09:09:24.169+0000][1724.388s][info ][gc,phases     ] GC(74)   Other: 2.9ms
[2023-10-19T09:09:24.170+0000][1724.388s][info ][gc,heap       ] GC(74) Eden regions: 147->0(148)
[2023-10-19T09:09:24.170+0000][1724.389s][info ][gc,heap       ] GC(74) Survivor regions: 3->1(19)
[2023-10-19T09:09:24.171+0000][1724.390s][info ][gc,heap       ] GC(74) Old regions: 151->152
[2023-10-19T09:09:24.171+0000][1724.390s][info ][gc,heap       ] GC(74) Humongous regions: 10->10
[2023-10-19T09:09:24.172+0000][1724.391s][info ][gc,metaspace  ] GC(74) Metaspace: 161964K(167376K)->161964K(167376K) NonClass: 142994K(146384K)->142994K(146384K) Class: 18969K(20992K)->18969K(20992K)
[2023-10-19T09:09:24.173+0000][1724.391s][info ][gc            ] GC(74) Pause Young (Concurrent Start) (G1 Evacuation Pause) 307M->160M(350M) 32.976ms
[2023-10-19T09:09:24.173+0000][1724.392s][info ][gc,cpu        ] GC(74) User=0.10s Sys=0.00s Real=0.03s
[2023-10-19T09:09:24.174+0000][1724.393s][info ][safepoint     ] Leaving safepoint region
[2023-10-19T09:09:24.174+0000][1724.393s][info ][safepoint     ] Total time for which application threads were stopped: 0.0361502 seconds, Stopping threads took: 0.0009515 seconds
[2023-10-19T09:09:24.174+0000][1724.393s][info ][gc            ] GC(75) Concurrent Cycle
[2023-10-19T09:09:24.175+0000][1724.394s][info ][gc,stringdedup] Concurrent String Deduplication (1724.394s)
[2023-10-19T09:09:24.175+0000][1724.394s][info ][gc,marking    ] GC(75) Concurrent Clear Claimed Marks
[2023-10-19T09:09:24.176+0000][1724.394s][info ][gc,stringdedup] Concurrent String Deduplication 144.0B->144.0B(0.0B) avg 54.4% (1724.394s, 1724.394s) 0.791ms
[2023-10-19T09:09:24.177+0000][1724.396s][info ][gc,marking    ] GC(75) Concurrent Clear Claimed Marks 1.509ms
[2023-10-19T09:09:24.177+0000][1724.396s][info ][gc,marking    ] GC(75) Concurrent Scan Root Regions
[2023-10-19T09:09:24.215+0000][1724.434s][info ][gc,marking    ] GC(75) Concurrent Scan Root Regions 37.619ms
[2023-10-19T09:09:24.215+0000][1724.434s][info ][gc,marking    ] GC(75) Concurrent Mark (1724.434s)
[2023-10-19T09:09:24.216+0000][1724.435s][info ][gc,marking    ] GC(75) Concurrent Mark From Roots
[2023-10-19T09:09:24.216+0000][1724.435s][info ][gc,task       ] GC(75) Using 2 workers of 2 for marking
[2023-10-19T09:09:24.451+0000][1724.670s][info ][gc,marking    ] GC(75) Concurrent Mark From Roots 235.078ms
[2023-10-19T09:09:24.452+0000][1724.670s][info ][gc,marking    ] GC(75) Concurrent Preclean
[2023-10-19T09:09:24.452+0000][1724.671s][info ][gc,marking    ] GC(75) Concurrent Preclean 0.703ms
[2023-10-19T09:09:24.453+0000][1724.672s][info ][gc,marking    ] GC(75) Concurrent Mark (1724.434s, 1724.672s) 237.447ms
[2023-10-19T09:09:24.454+0000][1724.672s][debug][safepoint     ] Safepoint synchronization initiated. (170 threads)
[2023-10-19T09:09:24.454+0000][1724.673s][info ][safepoint     ] Application time: 0.2793038 seconds
[2023-10-19T09:09:24.455+0000][1724.674s][info ][safepoint     ] Entering safepoint region: CGC_Operation
[2023-10-19T09:09:24.456+0000][1724.674s][info ][gc,start      ] GC(75) Pause Remark
[2023-10-19T09:09:24.701+0000][1724.920s][info ][gc,stringtable] GC(75) Cleaned string and symbol table, strings: 81248 processed, 121 removed, symbols: 401832 processed, 219 removed
[2023-10-19T09:09:24.703+0000][1724.922s][info ][gc            ] GC(75) Pause Remark 163M->163M(350M) 247.288ms
[2023-10-19T09:09:24.703+0000][1724.922s][info ][gc,cpu        ] GC(75) User=1.77s Sys=0.00s Real=0.24s
[2023-10-19T09:09:24.704+0000][1724.922s][info ][safepoint     ] Leaving safepoint region
[2023-10-19T09:09:24.704+0000][1724.923s][info ][safepoint     ] Total time for which application threads were stopped: 0.2490279 seconds, Stopping threads took: 0.0004722 seconds
[2023-10-19T09:09:24.704+0000][1724.923s][info ][gc,marking    ] GC(75) Concurrent Rebuild Remembered Sets
[2023-10-19T09:09:24.785+0000][1725.003s][info ][gc,marking    ] GC(75) Concurrent Rebuild Remembered Sets 80.320ms
[2023-10-19T09:09:24.785+0000][1725.004s][debug][safepoint     ] Safepoint synchronization initiated. (170 threads)
[2023-10-19T09:09:24.786+0000][1725.004s][info ][safepoint     ] Application time: 0.0814797 seconds
[2023-10-19T09:09:24.786+0000][1725.005s][info ][safepoint     ] Entering safepoint region: CGC_Operation
[2023-10-19T09:09:24.787+0000][1725.006s][info ][gc,start      ] GC(75) Pause Cleanup
[2023-10-19T09:09:24.788+0000][1725.006s][info ][gc            ] GC(75) Pause Cleanup 163M->163M(350M) 0.734ms
[2023-10-19T09:09:24.788+0000][1725.007s][info ][gc,cpu        ] GC(75) User=0.00s Sys=0.00s Real=0.00s
[2023-10-19T09:09:24.788+0000][1725.007s][info ][safepoint     ] Leaving safepoint region
[2023-10-19T09:09:24.789+0000][1725.008s][info ][safepoint     ] Total time for which application threads were stopped: 0.0026845 seconds, Stopping threads took: 0.0004404 seconds
[2023-10-19T09:09:24.789+0000][1725.008s][info ][gc,marking    ] GC(75) Concurrent Cleanup for Next Mark
[2023-10-19T09:09:24.796+0000][1725.014s][info ][gc,marking    ] GC(75) Concurrent Cleanup for Next Mark 6.455ms
[2023-10-19T09:09:24.796+0000][1725.015s][info ][gc            ] GC(75) Concurrent Cycle 621.946ms
[2023-10-19T09:09:25.789+0000][1726.008s][debug][safepoint     ] Safepoint synchronization initiated. (170 threads)
[2023-10-19T09:09:25.791+0000][1726.010s][info ][safepoint     ] Application time: 1.0016123 seconds
[2023-10-19T09:09:25.792+0000][1726.011s][info ][safepoint     ] Entering safepoint region: Cleanup
[2023-10-19T09:09:25.793+0000][1726.012s][info ][safepoint     ] Leaving safepoint region
[2023-10-19T09:09:25.794+0000][1726.013s][info ][safepoint     ] Total time for which application threads were stopped: 0.0023959 seconds, Stopping threads took: 0.0010944 seconds
[2023-10-19T09:09:26.795+0000][1727.014s][debug][safepoint     ] Safepoint synchronization initiated. (170 threads)
[2023-10-19T09:09:26.796+0000][1727.015s][info ][safepoint     ] Application time: 1.0009132 seconds
[2023-10-19T09:09:26.797+0000][1727.015s][info ][safepoint     ] Entering safepoint region: Cleanup
[2023-10-19T09:09:26.798+0000][1727.016s][info ][safepoint     ] Leaving safepoint region
[2023-10-19T09:09:26.798+0000][1727.017s][info ][safepoint     ] Total time for which application threads were stopped: 0.0012876 seconds, Stopping threads took: 0.0004879 seconds
[2023-10-19T09:09:28.799+0000][1729.018s][debug][safepoint     ] Safepoint synchronization initiated. (170 threads)
[2023-10-19T09:09:28.800+0000][1729.018s][info ][safepoint     ] Application time: 2.0013613 seconds
[2023-10-19T09:09:28.801+0000][1729.020s][info ][safepoint     ] Entering safepoint region: Cleanup
[2023-10-19T09:09:28.802+0000][1729.021s][info ][safepoint     ] Leaving safepoint region
[2023-10-19T09:09:28.803+0000][1729.021s][info ][safepoint     ] Total time for which application threads were stopped: 0.0020526 seconds, Stopping threads took: 0.0010086 seconds
[2023-10-19T09:09:31.804+0000][1732.023s][debug][safepoint     ] Safepoint synchronization initiated. (170 threads)
[2023-10-19T09:09:31.805+0000][1732.024s][info ][safepoint     ] Application time: 3.0017873 seconds
[2023-10-19T09:09:31.806+0000][1732.025s][info ][safepoint     ] Entering safepoint region: Cleanup
[2023-10-19T09:09:31.808+0000][1732.027s][info ][safepoint     ] Leaving safepoint region
[2023-10-19T09:09:31.809+0000][1732.027s][info ][safepoint     ] Total time for which application threads were stopped: 0.0023528 seconds, Stopping threads took: 0.0010884 seconds
[2023-10-19T09:09:32.810+0000][1733.029s][debug][safepoint     ] Safepoint synchronization initiated. (170 threads)
[2023-10-19T09:09:32.811+0000][1733.030s][info ][safepoint     ] Application time: 1.0016131 seconds
[2023-10-19T09:09:32.812+0000][1733.031s][info ][safepoint     ] Entering safepoint region: Cleanup
[2023-10-19T09:09:32.814+0000][1733.032s][info ][safepoint     ] Leaving safepoint region
[2023-10-19T09:09:32.815+0000][1733.033s][info ][safepoint     ] Total time for which application threads were stopped: 0.0025694 seconds, Stopping threads took: 0.0010021 seconds
[2023-10-19T09:10:06.824+0000][1767.043s][debug][safepoint     ] Safepoint synchronization initiated. (170 threads)
[2023-10-19T09:10:06.825+0000][1767.044s][info ][safepoint     ] Application time: 34.0100492 seconds
[2023-10-19T09:10:06.826+0000][1767.045s][info ][safepoint     ] Entering safepoint region: Cleanup
[2023-10-19T09:10:06.827+0000][1767.046s][info ][safepoint     ] Leaving safepoint region
[2023-10-19T09:10:06.828+0000][1767.047s][info ][safepoint     ] Total time for which application threads were stopped: 0.0017636 seconds, Stopping threads took: 0.0008294 seconds
[2023-10-19T09:10:08.829+0000][1769.048s][debug][safepoint     ] Safepoint synchronization initiated. (172 threads)
[2023-10-19T09:10:08.830+0000][1769.049s][info ][safepoint     ] Application time: 2.0017917 seconds
[2023-10-19T09:10:08.832+0000][1769.050s][info ][safepoint     ] Entering safepoint region: Cleanup
[2023-10-19T09:10:08.833+0000][1769.052s][info ][safepoint     ] Leaving safepoint region
[2023-10-19T09:10:08.834+0000][1769.053s][info ][safepoint     ] Total time for which application threads were stopped: 0.0025953 seconds, Stopping threads took: 0.0010457 seconds
[2023-10-19T09:10:12.836+0000][1773.055s][debug][safepoint     ] Safepoint synchronization initiated. (172 threads)
[2023-10-19T09:10:12.837+0000][1773.056s][info ][safepoint     ] Application time: 4.0025277 seconds
[2023-10-19T09:10:12.839+0000][1773.058s][info ][safepoint     ] Entering safepoint region: Cleanup
[2023-10-19T09:10:12.840+0000][1773.059s][info ][safepoint     ] Leaving safepoint region
[2023-10-19T09:10:12.841+0000][1773.060s][info ][safepoint     ] Total time for which application threads were stopped: 0.0023341 seconds, Stopping threads took: 0.0011588 seconds
[2023-10-19T09:10:14.842+0000][1775.061s][debug][safepoint     ] Safepoint synchronization initiated. (172 threads)
[2023-10-19T09:10:14.843+0000][1775.061s][info ][safepoint     ] Application time: 2.0007598 seconds
[2023-10-19T09:10:14.843+0000][1775.062s][info ][safepoint     ] Entering safepoint region: Cleanup
[2023-10-19T09:10:14.844+0000][1775.062s][info ][safepoint     ] Leaving safepoint region
[2023-10-19T09:10:14.844+0000][1775.063s][info ][safepoint     ] Total time for which application threads were stopped: 0.0010336 seconds, Stopping threads took: 0.0003841 seconds
[2023-10-19T09:10:15.845+0000][1776.063s][debug][safepoint     ] Safepoint synchronization initiated. (172 threads)
[2023-10-19T09:10:15.846+0000][1776.065s][info ][safepoint     ] Application time: 1.0013157 seconds
[2023-10-19T09:10:15.847+0000][1776.066s][info ][safepoint     ] Entering safepoint region: Cleanup
[2023-10-19T09:10:15.848+0000][1776.067s][info ][safepoint     ] Leaving safepoint region
[2023-10-19T09:10:15.849+0000][1776.068s][info ][safepoint     ] Total time for which application threads were stopped: 0.0023116 seconds, Stopping threads took: 0.0010178 seconds
[2023-10-19T09:10:16.850+0000][1777.069s][debug][safepoint     ] Safepoint synchronization initiated. (172 threads)
[2023-10-19T09:10:16.851+0000][1777.070s][info ][safepoint     ] Application time: 1.0012144 seconds
[2023-10-19T09:10:16.852+0000][1777.071s][info ][safepoint     ] Entering safepoint region: Cleanup
[2023-10-19T09:10:16.854+0000][1777.072s][info ][safepoint     ] Leaving safepoint region
[2023-10-19T09:10:16.854+0000][1777.073s][info ][safepoint     ] Total time for which application threads were stopped: 0.0021401 seconds, Stopping threads took: 0.0009557 seconds
[2023-10-19T09:10:21.856+0000][1782.075s][debug][safepoint     ] Safepoint synchronization initiated. (172 threads)
[2023-10-19T09:10:21.857+0000][1782.075s][info ][safepoint     ] Application time: 5.0015590 seconds
[2023-10-19T09:10:21.857+0000][1782.076s][info ][safepoint     ] Entering safepoint region: Cleanup
[2023-10-19T09:10:21.858+0000][1782.077s][info ][safepoint     ] Leaving safepoint region
[2023-10-19T09:10:21.858+0000][1782.077s][info ][safepoint     ] Total time for which application threads were stopped: 0.0011897 seconds, Stopping threads took: 0.0005283 seconds
[2023-10-19T09:10:26.860+0000][1787.079s][debug][safepoint     ] Safepoint synchronization initiated. (172 threads)
[2023-10-19T09:10:26.861+0000][1787.080s][info ][safepoint     ] Application time: 5.0021722 seconds
[2023-10-19T09:10:26.862+0000][1787.081s][info ][safepoint     ] Entering safepoint region: Cleanup
[2023-10-19T09:10:26.864+0000][1787.083s][info ][safepoint     ] Leaving safepoint region
[2023-10-19T09:10:26.865+0000][1787.083s][info ][safepoint     ] Total time for which application threads were stopped: 0.0024456 seconds, Stopping threads took: 0.0011215 seconds
[2023-10-19T09:10:32.866+0000][1793.085s][debug][safepoint     ] Safepoint synchronization initiated. (170 threads)
[2023-10-19T09:10:32.867+0000][1793.086s][info ][safepoint     ] Application time: 6.0020753 seconds
[2023-10-19T09:10:32.868+0000][1793.087s][info ][safepoint     ] Entering safepoint region: Cleanup
[2023-10-19T09:10:32.869+0000][1793.088s][info ][safepoint     ] Leaving safepoint region
[2023-10-19T09:10:32.870+0000][1793.089s][info ][safepoint     ] Total time for which application threads were stopped: 0.0020903 seconds, Stopping threads took: 0.0008768 seconds
[2023-10-19T09:10:36.872+0000][1797.091s][debug][safepoint     ] Safepoint synchronization initiated. (172 threads)
[2023-10-19T09:10:36.873+0000][1797.092s][info ][safepoint     ] Application time: 4.0018778 seconds
[2023-10-19T09:10:36.874+0000][1797.093s][info ][safepoint     ] Entering safepoint region: Cleanup
[2023-10-19T09:10:36.875+0000][1797.094s][info ][safepoint     ] Leaving safepoint region
[2023-10-19T09:10:36.876+0000][1797.095s][info ][safepoint     ] Total time for which application threads were stopped: 0.0019224 seconds, Stopping threads took: 0.0010145 seconds
[2023-10-19T09:11:06.882+0000][1827.101s][debug][safepoint     ] Safepoint synchronization initiated. (169 threads)
[2023-10-19T09:11:06.883+0000][1827.102s][info ][safepoint     ] Application time: 30.0070718 seconds
[2023-10-19T09:11:06.885+0000][1827.104s][info ][safepoint     ] Entering safepoint region: Cleanup
[2023-10-19T09:11:06.886+0000][1827.105s][info ][safepoint     ] Leaving safepoint region
[2023-10-19T09:11:06.887+0000][1827.106s][info ][safepoint     ] Total time for which application threads were stopped: 0.0023423 seconds, Stopping threads took: 0.0009977 seconds
[2023-10-19T09:11:16.890+0000][1837.109s][debug][safepoint     ] Safepoint synchronization initiated. (170 threads)
[2023-10-19T09:11:16.891+0000][1837.110s][info ][safepoint     ] Application time: 10.0032266 seconds
[2023-10-19T09:11:16.892+0000][1837.111s][info ][safepoint     ] Entering safepoint region: Cleanup
[2023-10-19T09:11:16.893+0000][1837.112s][info ][safepoint     ] Leaving safepoint region
[2023-10-19T09:11:16.893+0000][1837.112s][info ][safepoint     ] Total time for which application threads were stopped: 0.0014429 seconds, Stopping threads took: 0.0006261 seconds
[2023-10-19T09:12:10.133+0000][1890.352s][debug][safepoint     ] Safepoint synchronization initiated. (170 threads)
[2023-10-19T09:12:10.134+0000][1890.354s][info ][safepoint     ] Application time: 53.2407626 seconds
[2023-10-19T09:12:10.135+0000][1890.355s][info ][safepoint     ] Entering safepoint region: G1CollectForAllocation
[2023-10-19T09:12:10.137+0000][1890.356s][info ][gc,start      ] GC(76) Pause Young (Prepare Mixed) (G1 Evacuation Pause)
[2023-10-19T09:12:10.138+0000][1890.357s][info ][gc,task       ] GC(76) Using 8 workers of 8 for evacuation
[2023-10-19T09:12:10.151+0000][1890.370s][info ][gc,phases     ] GC(76)   Pre Evacuate Collection Set: 0.0ms
[2023-10-19T09:12:10.152+0000][1890.371s][info ][gc,phases     ] GC(76)   Evacuate Collection Set: 8.5ms
[2023-10-19T09:12:10.152+0000][1890.372s][info ][gc,phases     ] GC(76)   Post Evacuate Collection Set: 4.1ms
[2023-10-19T09:12:10.153+0000][1890.372s][info ][gc,phases     ] GC(76)   Other: 1.9ms
[2023-10-19T09:12:10.153+0000][1890.373s][info ][gc,heap       ] GC(76) Eden regions: 148->0(15)
[2023-10-19T09:12:10.154+0000][1890.373s][info ][gc,heap       ] GC(76) Survivor regions: 1->2(19)
[2023-10-19T09:12:10.154+0000][1890.373s][info ][gc,heap       ] GC(76) Old regions: 152->152
[2023-10-19T09:12:10.155+0000][1890.374s][info ][gc,heap       ] GC(76) Humongous regions: 10->10
[2023-10-19T09:12:10.155+0000][1890.374s][info ][gc,metaspace  ] GC(76) Metaspace: 161686K(167376K)->161686K(167376K) NonClass: 142798K(146384K)->142798K(146384K) Class: 18888K(20992K)->18888K(20992K)
[2023-10-19T09:12:10.156+0000][1890.375s][info ][gc            ] GC(76) Pause Young (Prepare Mixed) (G1 Evacuation Pause) 308M->161M(350M) 18.942ms
[2023-10-19T09:12:10.156+0000][1890.375s][info ][gc,cpu        ] GC(76) User=0.09s Sys=0.00s Real=0.02s
[2023-10-19T09:12:10.157+0000][1890.376s][info ][safepoint     ] Leaving safepoint region
[2023-10-19T09:12:10.157+0000][1890.376s][info ][safepoint     ] Total time for which application threads were stopped: 0.0218865 seconds, Stopping threads took: 0.0010137 seconds
[2023-10-19T09:12:10.158+0000][1890.377s][info ][gc,stringdedup] Concurrent String Deduplication (1890.377s)
[2023-10-19T09:12:10.158+0000][1890.378s][info ][gc,stringdedup] Concurrent String Deduplication 0.0B->0.0B(0.0B) avg 54.4% (1890.377s, 1890.378s) 0.590ms
[2023-10-19T09:12:11.158+0000][1891.377s][debug][safepoint     ] Safepoint synchronization initiated. (170 threads)
[2023-10-19T09:12:11.158+0000][1891.378s][info ][safepoint     ] Application time: 1.0008816 seconds
[2023-10-19T09:12:11.159+0000][1891.378s][debug][safepoint     ] ... found polling page return exception at pc = 0x00007f0de93048be, stub =0x00007f0de0840600
[2023-10-19T09:12:11.160+0000][1891.379s][debug][safepoint     ] Waiting for 1 thread(s) to block
[2023-10-19T09:12:11.160+0000][1891.380s][info ][safepoint     ] Entering safepoint region: Cleanup
[2023-10-19T09:12:11.161+0000][1891.380s][info ][safepoint     ] Leaving safepoint region
[2023-10-19T09:12:11.161+0000][1891.381s][info ][safepoint     ] Total time for which application threads were stopped: 0.0023223 seconds, Stopping threads took: 0.0017475 seconds
[2023-10-19T09:12:25.585+0000][1905.804s][debug][safepoint     ] Safepoint synchronization initiated. (170 threads)
[2023-10-19T09:12:25.586+0000][1905.805s][info ][safepoint     ] Application time: 14.4238665 seconds
[2023-10-19T09:12:25.586+0000][1905.805s][info ][safepoint     ] Entering safepoint region: G1CollectForAllocation
[2023-10-19T09:12:25.587+0000][1905.806s][info ][gc,start      ] GC(77) Pause Young (Mixed) (G1 Evacuation Pause)
[2023-10-19T09:12:25.587+0000][1905.806s][info ][gc,task       ] GC(77) Using 8 workers of 8 for evacuation
[2023-10-19T09:12:25.598+0000][1905.817s][info ][gc,phases     ] GC(77)   Pre Evacuate Collection Set: 0.1ms
[2023-10-19T09:12:25.599+0000][1905.818s][info ][gc,phases     ] GC(77)   Evacuate Collection Set: 7.5ms
[2023-10-19T09:12:25.599+0000][1905.818s][info ][gc,phases     ] GC(77)   Post Evacuate Collection Set: 2.7ms
[2023-10-19T09:12:25.600+0000][1905.819s][info ][gc,phases     ] GC(77)   Other: 1.1ms
[2023-10-19T09:12:25.600+0000][1905.819s][info ][gc,heap       ] GC(77) Eden regions: 15->0(148)
[2023-10-19T09:12:25.600+0000][1905.820s][info ][gc,heap       ] GC(77) Survivor regions: 2->2(3)
[2023-10-19T09:12:25.601+0000][1905.820s][info ][gc,heap       ] GC(77) Old regions: 152->150
[2023-10-19T09:12:25.601+0000][1905.821s][info ][gc,heap       ] GC(77) Humongous regions: 10->10
[2023-10-19T09:12:25.602+0000][1905.821s][info ][gc,metaspace  ] GC(77) Metaspace: 161687K(167376K)->161687K(167376K) NonClass: 142799K(146384K)->142799K(146384K) Class: 18888K(20992K)->18888K(20992K)
[2023-10-19T09:12:25.602+0000][1905.821s][info ][gc            ] GC(77) Pause Young (Mixed) (G1 Evacuation Pause) 176M->159M(350M) 15.336ms
[2023-10-19T09:12:25.603+0000][1905.822s][info ][gc,cpu        ] GC(77) User=0.08s Sys=0.00s Real=0.01s
[2023-10-19T09:12:25.603+0000][1905.822s][info ][safepoint     ] Leaving safepoint region
[2023-10-19T09:12:25.603+0000][1905.823s][info ][safepoint     ] Total time for which application threads were stopped: 0.0173383 seconds, Stopping threads took: 0.0005628 seconds
[2023-10-19T09:12:25.604+0000][1905.823s][info ][gc,stringdedup] Concurrent String Deduplication (1905.823s)
[2023-10-19T09:12:25.604+0000][1905.823s][info ][gc,stringdedup] Concurrent String Deduplication 0.0B->0.0B(0.0B) avg 54.4% (1905.823s, 1905.823s) 0.432ms
[2023-10-19T09:13:17.615+0000][1957.834s][debug][safepoint     ] Safepoint synchronization initiated. (171 threads)
[2023-10-19T09:13:17.615+0000][1957.834s][info ][safepoint     ] Application time: 52.0112912 seconds
[2023-10-19T09:13:17.616+0000][1957.835s][info ][safepoint     ] Entering safepoint region: Cleanup
[2023-10-19T09:13:17.617+0000][1957.836s][info ][safepoint     ] Leaving safepoint region
[2023-10-19T09:13:17.617+0000][1957.836s][info ][safepoint     ] Total time for which application threads were stopped: 0.0012938 seconds, Stopping threads took: 0.0005432 seconds
[2023-10-19T09:15:12.678+0000][2072.895s][debug][safepoint     ] Safepoint synchronization initiated. (170 threads)
[2023-10-19T09:15:12.679+0000][2072.896s][info ][safepoint     ] Application time: 115.0593194 seconds
[2023-10-19T09:15:12.679+0000][2072.897s][info ][safepoint     ] Entering safepoint region: G1CollectForAllocation
[2023-10-19T09:15:12.680+0000][2072.897s][info ][gc,start      ] GC(78) Pause Young (Concurrent Start) (G1 Evacuation Pause)
[2023-10-19T09:15:12.681+0000][2072.898s][info ][gc,task       ] GC(78) Using 8 workers of 8 for evacuation
[2023-10-19T09:15:12.692+0000][2072.909s][info ][gc,phases     ] GC(78)   Pre Evacuate Collection Set: 1.6ms
[2023-10-19T09:15:12.692+0000][2072.909s][info ][gc,phases     ] GC(78)   Evacuate Collection Set: 3.5ms
[2023-10-19T09:15:12.693+0000][2072.910s][info ][gc,phases     ] GC(78)   Post Evacuate Collection Set: 5.1ms
[2023-10-19T09:15:12.693+0000][2072.911s][info ][gc,phases     ] GC(78)   Other: 1.2ms
[2023-10-19T09:15:12.694+0000][2072.911s][info ][gc,heap       ] GC(78) Eden regions: 148->0(149)
[2023-10-19T09:15:12.694+0000][2072.912s][info ][gc,heap       ] GC(78) Survivor regions: 2->2(19)
[2023-10-19T09:15:12.695+0000][2072.912s][info ][gc,heap       ] GC(78) Old regions: 150->150
[2023-10-19T09:15:12.695+0000][2072.912s][info ][gc,heap       ] GC(78) Humongous regions: 10->10
[2023-10-19T09:15:12.696+0000][2072.913s][info ][gc,metaspace  ] GC(78) Metaspace: 161692K(167376K)->161692K(167376K) NonClass: 142803K(146384K)->142803K(146384K) Class: 18888K(20992K)->18888K(20992K)
[2023-10-19T09:15:12.696+0000][2072.914s][info ][gc            ] GC(78) Pause Young (Concurrent Start) (G1 Evacuation Pause) 307M->159M(350M) 16.143ms
[2023-10-19T09:15:12.697+0000][2072.914s][info ][gc,cpu        ] GC(78) User=0.05s Sys=0.01s Real=0.02s
[2023-10-19T09:15:12.698+0000][2072.915s][info ][gc            ] GC(79) Concurrent Cycle
[2023-10-19T09:15:12.698+0000][2072.915s][info ][gc,marking    ] GC(79) Concurrent Clear Claimed Marks
[2023-10-19T09:15:12.698+0000][2072.915s][info ][safepoint     ] Leaving safepoint region
[2023-10-19T09:15:12.699+0000][2072.916s][info ][safepoint     ] Total time for which application threads were stopped: 0.0199731 seconds, Stopping threads took: 0.0006397 seconds
[2023-10-19T09:15:12.699+0000][2072.916s][info ][gc,marking    ] GC(79) Concurrent Clear Claimed Marks 0.947ms
[2023-10-19T09:15:12.700+0000][2072.917s][info ][gc,marking    ] GC(79) Concurrent Scan Root Regions
[2023-10-19T09:15:12.700+0000][2072.917s][info ][gc,stringdedup] Concurrent String Deduplication (2072.917s)
[2023-10-19T09:15:12.701+0000][2072.918s][info ][gc,stringdedup] Concurrent String Deduplication 33032.0B->400.0B(32632.0B) avg 54.4% (2072.917s, 2072.918s) 1.482ms
[2023-10-19T09:15:12.709+0000][2072.926s][info ][gc,marking    ] GC(79) Concurrent Scan Root Regions 9.036ms
[2023-10-19T09:15:12.710+0000][2072.927s][info ][gc,marking    ] GC(79) Concurrent Mark (2072.927s)
[2023-10-19T09:15:12.710+0000][2072.927s][info ][gc,marking    ] GC(79) Concurrent Mark From Roots
[2023-10-19T09:15:12.711+0000][2072.928s][info ][gc,task       ] GC(79) Using 2 workers of 2 for marking
[2023-10-19T09:15:12.846+0000][2073.063s][info ][gc,marking    ] GC(79) Concurrent Mark From Roots 135.835ms
[2023-10-19T09:15:12.847+0000][2073.064s][info ][gc,marking    ] GC(79) Concurrent Preclean
[2023-10-19T09:15:12.849+0000][2073.066s][info ][gc,marking    ] GC(79) Concurrent Preclean 1.633ms
[2023-10-19T09:15:12.849+0000][2073.066s][info ][gc,marking    ] GC(79) Concurrent Mark (2072.927s, 2073.066s) 139.299ms
[2023-10-19T09:15:12.850+0000][2073.067s][debug][safepoint     ] Safepoint synchronization initiated. (170 threads)
[2023-10-19T09:15:12.850+0000][2073.068s][info ][safepoint     ] Application time: 0.1506694 seconds
[2023-10-19T09:15:12.851+0000][2073.068s][info ][safepoint     ] Entering safepoint region: CGC_Operation
[2023-10-19T09:15:12.852+0000][2073.069s][info ][gc,start      ] GC(79) Pause Remark
[2023-10-19T09:15:12.893+0000][2073.111s][info ][gc,stringtable] GC(79) Cleaned string and symbol table, strings: 81152 processed, 12272 removed, symbols: 401615 processed, 23 removed
[2023-10-19T09:15:12.899+0000][2073.116s][info ][gc            ] GC(79) Pause Remark 162M->162M(350M) 47.292ms
[2023-10-19T09:15:12.900+0000][2073.117s][info ][gc,cpu        ] GC(79) User=0.28s Sys=0.00s Real=0.05s
[2023-10-19T09:15:12.901+0000][2073.118s][info ][safepoint     ] Leaving safepoint region
[2023-10-19T09:15:12.901+0000][2073.118s][info ][safepoint     ] Total time for which application threads were stopped: 0.0501547 seconds, Stopping threads took: 0.0006327 seconds
[2023-10-19T09:15:12.902+0000][2073.119s][info ][gc,marking    ] GC(79) Concurrent Rebuild Remembered Sets
[2023-10-19T09:15:12.976+0000][2073.193s][info ][gc,marking    ] GC(79) Concurrent Rebuild Remembered Sets 74.325ms
[2023-10-19T09:15:12.977+0000][2073.194s][debug][safepoint     ] Safepoint synchronization initiated. (170 threads)
[2023-10-19T09:15:12.977+0000][2073.194s][info ][safepoint     ] Application time: 0.0754290 seconds
[2023-10-19T09:15:12.977+0000][2073.195s][info ][safepoint     ] Entering safepoint region: CGC_Operation
[2023-10-19T09:15:12.978+0000][2073.195s][info ][gc,start      ] GC(79) Pause Cleanup
[2023-10-19T09:15:12.979+0000][2073.196s][info ][gc            ] GC(79) Pause Cleanup 162M->162M(350M) 0.773ms
[2023-10-19T09:15:12.979+0000][2073.196s][info ][gc,cpu        ] GC(79) User=0.00s Sys=0.00s Real=0.00s
[2023-10-19T09:15:12.980+0000][2073.197s][info ][safepoint     ] Leaving safepoint region
[2023-10-19T09:15:12.980+0000][2073.197s][info ][safepoint     ] Total time for which application threads were stopped: 0.0024009 seconds, Stopping threads took: 0.0004575 seconds
[2023-10-19T09:15:12.980+0000][2073.197s][info ][gc,marking    ] GC(79) Concurrent Cleanup for Next Mark
[2023-10-19T09:15:12.985+0000][2073.202s][info ][gc,marking    ] GC(79) Concurrent Cleanup for Next Mark 5.056ms
[2023-10-19T09:15:12.986+0000][2073.203s][info ][gc            ] GC(79) Concurrent Cycle 287.992ms
[2023-10-19T09:15:14.981+0000][2075.198s][debug][safepoint     ] Safepoint synchronization initiated. (170 threads)
[2023-10-19T09:15:14.981+0000][2075.198s][info ][safepoint     ] Application time: 2.0010303 seconds
[2023-10-19T09:15:14.982+0000][2075.199s][info ][safepoint     ] Entering safepoint region: Cleanup
[2023-10-19T09:15:14.982+0000][2075.200s][info ][safepoint     ] Leaving safepoint region
[2023-10-19T09:15:14.983+0000][2075.200s][info ][safepoint     ] Total time for which application threads were stopped: 0.0011685 seconds, Stopping threads took: 0.0005321 seconds
[2023-10-19T09:15:15.983+0000][2076.201s][debug][safepoint     ] Safepoint synchronization initiated. (170 threads)
[2023-10-19T09:15:15.984+0000][2076.201s][info ][safepoint     ] Application time: 1.0006190 seconds
[2023-10-19T09:15:15.984+0000][2076.201s][info ][safepoint     ] Entering safepoint region: Cleanup
[2023-10-19T09:15:15.985+0000][2076.202s][info ][safepoint     ] Leaving safepoint region
[2023-10-19T09:15:15.985+0000][2076.202s][info ][safepoint     ] Total time for which application threads were stopped: 0.0008242 seconds, Stopping threads took: 0.0003333 seconds
[2023-10-19T09:15:16.986+0000][2077.203s][debug][safepoint     ] Safepoint synchronization initiated. (170 threads)
[2023-10-19T09:15:16.986+0000][2077.203s][info ][safepoint     ] Application time: 1.0007829 seconds
[2023-10-19T09:15:16.987+0000][2077.204s][info ][safepoint     ] Entering safepoint region: Cleanup
[2023-10-19T09:15:16.987+0000][2077.204s][info ][safepoint     ] Leaving safepoint region
[2023-10-19T09:15:16.988+0000][2077.205s][info ][safepoint     ] Total time for which application threads were stopped: 0.0011155 seconds, Stopping threads took: 0.0004287 seconds
[2023-10-19T09:15:18.988+0000][2079.206s][debug][safepoint     ] Safepoint synchronization initiated. (170 threads)
[2023-10-19T09:15:18.989+0000][2079.206s][info ][safepoint     ] Application time: 2.0009120 seconds
[2023-10-19T09:15:18.989+0000][2079.207s][info ][safepoint     ] Entering safepoint region: Cleanup
[2023-10-19T09:15:18.990+0000][2079.207s][info ][safepoint     ] Leaving safepoint region
[2023-10-19T09:15:18.990+0000][2079.208s][info ][safepoint     ] Total time for which application threads were stopped: 0.0011006 seconds, Stopping threads took: 0.0004416 seconds
[2023-10-19T09:15:26.993+0000][2087.210s][debug][safepoint     ] Safepoint synchronization initiated. (170 threads)
[2023-10-19T09:15:26.994+0000][2087.211s][info ][safepoint     ] Application time: 8.0030382 seconds
[2023-10-19T09:15:26.995+0000][2087.212s][info ][safepoint     ] Entering safepoint region: Cleanup
[2023-10-19T09:15:26.997+0000][2087.214s][info ][safepoint     ] Leaving safepoint region
[2023-10-19T09:15:26.998+0000][2087.215s][info ][safepoint     ] Total time for which application threads were stopped: 0.0026497 seconds, Stopping threads took: 0.0010984 seconds
[2023-10-19T09:16:07.001+0000][2127.224s][debug][safepoint     ] Safepoint synchronization initiated. (170 threads)
[2023-10-19T09:16:07.002+0000][2127.226s][info ][safepoint     ] Application time: 40.0098693 seconds
[2023-10-19T09:16:07.003+0000][2127.227s][info ][safepoint     ] Entering safepoint region: Cleanup
[2023-10-19T09:16:07.004+0000][2127.228s][info ][safepoint     ] Leaving safepoint region
[2023-10-19T09:16:07.005+0000][2127.229s][info ][safepoint     ] Total time for which application threads were stopped: 0.0023745 seconds, Stopping threads took: 0.0010299 seconds
[2023-10-19T09:16:17.008+0000][2137.232s][debug][safepoint     ] Safepoint synchronization initiated. (170 threads)
[2023-10-19T09:16:17.009+0000][2137.233s][info ][safepoint     ] Application time: 10.0025327 seconds
[2023-10-19T09:16:17.009+0000][2137.233s][info ][safepoint     ] Entering safepoint region: Cleanup
[2023-10-19T09:16:17.010+0000][2137.234s][info ][safepoint     ] Leaving safepoint region
[2023-10-19T09:16:17.011+0000][2137.235s][info ][safepoint     ] Total time for which application threads were stopped: 0.0015044 seconds, Stopping threads took: 0.0006756 seconds
[2023-10-19T09:16:18.011+0000][2138.235s][debug][safepoint     ] Safepoint synchronization initiated. (170 threads)
[2023-10-19T09:16:18.012+0000][2138.236s][info ][safepoint     ] Application time: 1.0007142 seconds
[2023-10-19T09:16:18.013+0000][2138.236s][info ][safepoint     ] Entering safepoint region: Cleanup
[2023-10-19T09:16:18.013+0000][2138.237s][info ][safepoint     ] Leaving safepoint region
[2023-10-19T09:16:18.013+0000][2138.237s][info ][safepoint     ] Total time for which application threads were stopped: 0.0009058 seconds, Stopping threads took: 0.0003628 seconds
[2023-10-19T09:16:27.015+0000][2147.239s][debug][safepoint     ] Safepoint synchronization initiated. (171 threads)
[2023-10-19T09:16:27.016+0000][2147.240s][info ][safepoint     ] Application time: 9.0023255 seconds
[2023-10-19T09:16:27.017+0000][2147.241s][info ][safepoint     ] Entering safepoint region: Cleanup
[2023-10-19T09:16:27.018+0000][2147.242s][info ][safepoint     ] Leaving safepoint region
[2023-10-19T09:16:27.018+0000][2147.242s][info ][safepoint     ] Total time for which application threads were stopped: 0.0014889 seconds, Stopping threads took: 0.0006575 seconds
[2023-10-19T09:17:16.028+0000][2196.253s][debug][safepoint     ] Safepoint synchronization initiated. (170 threads)
[2023-10-19T09:17:16.028+0000][2196.254s][info ][safepoint     ] Application time: 49.0111081 seconds
[2023-10-19T09:17:16.029+0000][2196.254s][info ][safepoint     ] Entering safepoint region: Cleanup
[2023-10-19T09:17:16.030+0000][2196.255s][info ][safepoint     ] Leaving safepoint region
[2023-10-19T09:17:16.030+0000][2196.256s][info ][safepoint     ] Total time for which application threads were stopped: 0.0013496 seconds, Stopping threads took: 0.0004633 seconds
[2023-10-19T09:17:17.031+0000][2197.256s][debug][safepoint     ] Safepoint synchronization initiated. (170 threads)
[2023-10-19T09:17:17.032+0000][2197.257s][info ][safepoint     ] Application time: 1.0008300 seconds
[2023-10-19T09:17:17.032+0000][2197.257s][info ][safepoint     ] Entering safepoint region: Cleanup
[2023-10-19T09:17:17.033+0000][2197.258s][info ][safepoint     ] Leaving safepoint region
[2023-10-19T09:17:17.033+0000][2197.259s][info ][safepoint     ] Total time for which application threads were stopped: 0.0011775 seconds, Stopping threads took: 0.0004927 seconds
[2023-10-19T09:17:27.036+0000][2207.261s][debug][safepoint     ] Safepoint synchronization initiated. (170 threads)
[2023-10-19T09:17:27.037+0000][2207.262s][info ][safepoint     ] Application time: 10.0030374 seconds
[2023-10-19T09:17:27.038+0000][2207.263s][info ][safepoint     ] Entering safepoint region: Cleanup
[2023-10-19T09:17:27.039+0000][2207.264s][info ][safepoint     ] Leaving safepoint region
[2023-10-19T09:17:27.039+0000][2207.265s][info ][safepoint     ] Total time for which application threads were stopped: 0.0017319 seconds, Stopping threads took: 0.0007811 seconds
[2023-10-19T09:17:44.044+0000][2224.270s][debug][safepoint     ] Safepoint synchronization initiated. (170 threads)
[2023-10-19T09:17:44.045+0000][2224.270s][info ][safepoint     ] Application time: 17.0048845 seconds
[2023-10-19T09:17:44.045+0000][2224.271s][info ][safepoint     ] Entering safepoint region: Cleanup
[2023-10-19T09:17:44.046+0000][2224.271s][info ][safepoint     ] Leaving safepoint region
[2023-10-19T09:17:44.046+0000][2224.272s][info ][safepoint     ] Total time for which application threads were stopped: 0.0010226 seconds, Stopping threads took: 0.0004252 seconds
[2023-10-19T09:18:00.851+0000][2241.076s][debug][safepoint     ] Safepoint synchronization initiated. (170 threads)
[2023-10-19T09:18:00.852+0000][2241.077s][info ][safepoint     ] Application time: 16.8048788 seconds
[2023-10-19T09:18:00.852+0000][2241.078s][info ][safepoint     ] Entering safepoint region: G1CollectForAllocation
[2023-10-19T09:18:00.853+0000][2241.079s][info ][gc,start      ] GC(80) Pause Young (Prepare Mixed) (G1 Evacuation Pause)
[2023-10-19T09:18:00.854+0000][2241.079s][info ][gc,task       ] GC(80) Using 8 workers of 8 for evacuation
[2023-10-19T09:18:00.861+0000][2241.087s][info ][gc,phases     ] GC(80)   Pre Evacuate Collection Set: 0.0ms
[2023-10-19T09:18:00.862+0000][2241.087s][info ][gc,phases     ] GC(80)   Evacuate Collection Set: 4.3ms
[2023-10-19T09:18:00.863+0000][2241.088s][info ][gc,phases     ] GC(80)   Post Evacuate Collection Set: 2.4ms
[2023-10-19T09:18:00.863+0000][2241.089s][info ][gc,phases     ] GC(80)   Other: 1.4ms
[2023-10-19T09:18:00.864+0000][2241.089s][info ][gc,heap       ] GC(80) Eden regions: 149->0(15)
[2023-10-19T09:18:00.865+0000][2241.090s][info ][gc,heap       ] GC(80) Survivor regions: 2->2(19)
[2023-10-19T09:18:00.865+0000][2241.091s][info ][gc,heap       ] GC(80) Old regions: 150->150
[2023-10-19T09:18:00.866+0000][2241.091s][info ][gc,heap       ] GC(80) Humongous regions: 10->10
[2023-10-19T09:18:00.866+0000][2241.092s][info ][gc,metaspace  ] GC(80) Metaspace: 160062K(167376K)->160062K(167376K) NonClass: 141530K(146384K)->141530K(146384K) Class: 18532K(20992K)->18532K(20992K)
[2023-10-19T09:18:00.867+0000][2241.092s][info ][gc            ] GC(80) Pause Young (Prepare Mixed) (G1 Evacuation Pause) 308M->159M(350M) 13.702ms
[2023-10-19T09:18:00.868+0000][2241.093s][info ][gc,cpu        ] GC(80) User=0.05s Sys=0.00s Real=0.02s
[2023-10-19T09:18:00.868+0000][2241.093s][info ][safepoint     ] Leaving safepoint region
[2023-10-19T09:18:00.869+0000][2241.094s][info ][safepoint     ] Total time for which application threads were stopped: 0.0163429 seconds, Stopping threads took: 0.0007149 seconds
[2023-10-19T09:18:01.869+0000][2242.095s][debug][safepoint     ] Safepoint synchronization initiated. (170 threads)
[2023-10-19T09:18:01.870+0000][2242.095s][info ][safepoint     ] Application time: 1.0010133 seconds
[2023-10-19T09:18:01.871+0000][2242.096s][info ][safepoint     ] Entering safepoint region: Cleanup
[2023-10-19T09:18:01.872+0000][2242.097s][info ][safepoint     ] Leaving safepoint region
[2023-10-19T09:18:01.872+0000][2242.097s][info ][safepoint     ] Total time for which application threads were stopped: 0.0013509 seconds, Stopping threads took: 0.0006035 seconds
[2023-10-19T09:18:16.527+0000][2256.752s][debug][safepoint     ] Safepoint synchronization initiated. (170 threads)
[2023-10-19T09:18:16.527+0000][2256.753s][info ][safepoint     ] Application time: 14.6547431 seconds
[2023-10-19T09:18:16.528+0000][2256.753s][info ][safepoint     ] Entering safepoint region: G1CollectForAllocation
[2023-10-19T09:18:16.528+0000][2256.754s][info ][gc,start      ] GC(81) Pause Young (Mixed) (G1 Evacuation Pause)
[2023-10-19T09:18:16.529+0000][2256.754s][info ][gc,task       ] GC(81) Using 8 workers of 8 for evacuation
[2023-10-19T09:18:16.729+0000][2256.954s][info ][gc,phases     ] GC(81)   Pre Evacuate Collection Set: 0.3ms
[2023-10-19T09:18:16.729+0000][2256.955s][info ][gc,phases     ] GC(81)   Evacuate Collection Set: 195.7ms
[2023-10-19T09:18:16.730+0000][2256.955s][info ][gc,phases     ] GC(81)   Post Evacuate Collection Set: 3.8ms
[2023-10-19T09:18:16.730+0000][2256.956s][info ][gc,phases     ] GC(81)   Other: 1.0ms
[2023-10-19T09:18:16.730+0000][2256.956s][info ][gc,heap       ] GC(81) Eden regions: 15->0(15)
[2023-10-19T09:18:16.731+0000][2256.956s][info ][gc,heap       ] GC(81) Survivor regions: 2->2(3)
[2023-10-19T09:18:16.731+0000][2256.956s][info ][gc,heap       ] GC(81) Old regions: 150->135
[2023-10-19T09:18:16.731+0000][2256.957s][info ][gc,heap       ] GC(81) Humongous regions: 10->10
[2023-10-19T09:18:16.732+0000][2256.957s][info ][gc,metaspace  ] GC(81) Metaspace: 160063K(167376K)->160063K(167376K) NonClass: 141531K(146384K)->141531K(146384K) Class: 18532K(20992K)->18532K(20992K)
[2023-10-19T09:18:16.732+0000][2256.957s][info ][gc            ] GC(81) Pause Young (Mixed) (G1 Evacuation Pause) 174M->144M(350M) 203.657ms
[2023-10-19T09:18:16.732+0000][2256.958s][info ][gc,cpu        ] GC(81) User=1.57s Sys=0.00s Real=0.20s
[2023-10-19T09:18:16.733+0000][2256.958s][info ][safepoint     ] Leaving safepoint region
[2023-10-19T09:18:16.733+0000][2256.958s][info ][safepoint     ] Total time for which application threads were stopped: 0.2051234 seconds, Stopping threads took: 0.0003664 seconds
[2023-10-19T09:18:16.733+0000][2256.959s][info ][gc,stringdedup] Concurrent String Deduplication (2256.959s)
[2023-10-19T09:18:16.734+0000][2256.959s][info ][gc,stringdedup] Concurrent String Deduplication 48.0B->0.0B(48.0B) avg 54.4% (2256.959s, 2256.959s) 0.340ms
[2023-10-19T09:18:17.734+0000][2257.959s][debug][safepoint     ] Safepoint synchronization initiated. (171 threads)
[2023-10-19T09:18:17.734+0000][2257.960s][info ][safepoint     ] Application time: 1.0011819 seconds
[2023-10-19T09:18:17.735+0000][2257.960s][info ][safepoint     ] Entering safepoint region: Cleanup
[2023-10-19T09:18:17.736+0000][2257.961s][info ][safepoint     ] Leaving safepoint region
[2023-10-19T09:18:17.736+0000][2257.962s][info ][safepoint     ] Total time for which application threads were stopped: 0.0014389 seconds, Stopping threads took: 0.0005690 seconds
[2023-10-19T09:18:32.152+0000][2272.377s][debug][safepoint     ] Safepoint synchronization initiated. (171 threads)
[2023-10-19T09:18:32.153+0000][2272.378s][info ][safepoint     ] Application time: 14.4157528 seconds
[2023-10-19T09:18:32.153+0000][2272.378s][info ][safepoint     ] Entering safepoint region: G1CollectForAllocation
[2023-10-19T09:18:32.154+0000][2272.379s][info ][gc,start      ] GC(82) Pause Young (Mixed) (G1 Evacuation Pause)
[2023-10-19T09:18:32.154+0000][2272.379s][info ][gc,task       ] GC(82) Using 8 workers of 8 for evacuation
[2023-10-19T09:18:32.171+0000][2272.397s][info ][gc,phases     ] GC(82)   Pre Evacuate Collection Set: 0.2ms
[2023-10-19T09:18:32.172+0000][2272.397s][info ][gc,phases     ] GC(82)   Evacuate Collection Set: 14.1ms
[2023-10-19T09:18:32.173+0000][2272.398s][info ][gc,phases     ] GC(82)   Post Evacuate Collection Set: 2.5ms
[2023-10-19T09:18:32.173+0000][2272.399s][info ][gc,phases     ] GC(82)   Other: 0.9ms
[2023-10-19T09:18:32.174+0000][2272.399s][info ][gc,heap       ] GC(82) Eden regions: 15->0(162)
[2023-10-19T09:18:32.174+0000][2272.400s][info ][gc,heap       ] GC(82) Survivor regions: 2->2(3)
[2023-10-19T09:18:32.175+0000][2272.400s][info ][gc,heap       ] GC(82) Old regions: 135->133
[2023-10-19T09:18:32.175+0000][2272.401s][info ][gc,heap       ] GC(82) Humongous regions: 10->10
[2023-10-19T09:18:32.176+0000][2272.401s][info ][gc,metaspace  ] GC(82) Metaspace: 160063K(167376K)->160063K(167376K) NonClass: 141531K(146384K)->141531K(146384K) Class: 18532K(20992K)->18532K(20992K)
[2023-10-19T09:18:32.176+0000][2272.402s][info ][gc            ] GC(82) Pause Young (Mixed) (G1 Evacuation Pause) 159M->142M(350M) 22.632ms
[2023-10-19T09:18:32.177+0000][2272.402s][info ][gc,cpu        ] GC(82) User=0.12s Sys=0.00s Real=0.02s
[2023-10-19T09:18:32.177+0000][2272.403s][info ][safepoint     ] Leaving safepoint region
[2023-10-19T09:18:32.178+0000][2272.403s][info ][safepoint     ] Total time for which application threads were stopped: 0.0247933 seconds, Stopping threads took: 0.0004555 seconds
[2023-10-19T09:18:32.179+0000][2272.404s][info ][gc,stringdedup] Concurrent String Deduplication (2272.404s)
[2023-10-19T09:18:32.179+0000][2272.404s][info ][gc,stringdedup] Concurrent String Deduplication 24.0B->0.0B(24.0B) avg 54.4% (2272.404s, 2272.404s) 0.347ms
[2023-10-19T09:19:59.199+0000][2359.424s][debug][safepoint     ] Safepoint synchronization initiated. (174 threads)
[2023-10-19T09:19:59.202+0000][2359.427s][info ][safepoint     ] Application time: 87.0235138 seconds
[2023-10-19T09:19:59.206+0000][2359.431s][debug][safepoint     ] ... found polling page return exception at pc = 0x00007f0de873286f, stub =0x00007f0de0840600
[2023-10-19T09:19:59.206+0000][2359.431s][debug][safepoint     ] ... found polling page return exception at pc = 0x00007f0de8bd024c, stub =0x00007f0de0840600
[2023-10-19T09:19:59.211+0000][2359.436s][debug][safepoint     ] Waiting for 2 thread(s) to block
[2023-10-19T09:19:59.212+0000][2359.437s][info ][safepoint     ] Entering safepoint region: Cleanup
[2023-10-19T09:19:59.214+0000][2359.439s][info ][safepoint     ] Leaving safepoint region
[2023-10-19T09:19:59.216+0000][2359.441s][info ][safepoint     ] Total time for which application threads were stopped: 0.0101540 seconds, Stopping threads took: 0.0074802 seconds
[2023-10-19T09:20:00.218+0000][2360.443s][debug][safepoint     ] Safepoint synchronization initiated. (174 threads)
[2023-10-19T09:20:00.219+0000][2360.444s][info ][safepoint     ] Application time: 1.0007187 seconds
[2023-10-19T09:20:00.219+0000][2360.444s][info ][safepoint     ] Entering safepoint region: Cleanup
[2023-10-19T09:20:00.219+0000][2360.445s][info ][safepoint     ] Leaving safepoint region
[2023-10-19T09:20:00.220+0000][2360.445s][info ][safepoint     ] Total time for which application threads were stopped: 0.0007895 seconds, Stopping threads took: 0.0003137 seconds
[2023-10-19T09:20:01.221+0000][2361.446s][debug][safepoint     ] Safepoint synchronization initiated. (174 threads)
[2023-10-19T09:20:01.222+0000][2361.448s][info ][safepoint     ] Application time: 1.0024177 seconds
[2023-10-19T09:20:01.223+0000][2361.448s][info ][safepoint     ] Entering safepoint region: Cleanup
[2023-10-19T09:20:01.224+0000][2361.449s][info ][safepoint     ] Leaving safepoint region
[2023-10-19T09:20:01.224+0000][2361.450s][info ][safepoint     ] Total time for which application threads were stopped: 0.0012577 seconds, Stopping threads took: 0.0005402 seconds
[2023-10-19T09:20:02.226+0000][2362.451s][debug][safepoint     ] Safepoint synchronization initiated. (174 threads)
[2023-10-19T09:20:02.226+0000][2362.452s][info ][safepoint     ] Application time: 1.0007570 seconds
[2023-10-19T09:20:02.227+0000][2362.452s][info ][safepoint     ] Entering safepoint region: Cleanup
[2023-10-19T09:20:02.227+0000][2362.453s][info ][safepoint     ] Leaving safepoint region
[2023-10-19T09:20:02.228+0000][2362.453s][info ][safepoint     ] Total time for which application threads were stopped: 0.0009595 seconds, Stopping threads took: 0.0004117 seconds
[2023-10-19T09:20:03.236+0000][2363.454s][debug][safepoint     ] Safepoint synchronization initiated. (174 threads)
[2023-10-19T09:20:03.237+0000][2363.454s][info ][safepoint     ] Application time: 1.0011498 seconds
[2023-10-19T09:20:03.238+0000][2363.455s][debug][safepoint     ] ... found polling page return exception at pc = 0x00007f0de92ca2ee, stub =0x00007f0de0840600
[2023-10-19T09:20:03.238+0000][2363.456s][debug][safepoint     ] ... found polling page return exception at pc = 0x00007f0de8cbf3f7, stub =0x00007f0de0840600
[2023-10-19T09:20:03.240+0000][2363.457s][debug][safepoint     ] Waiting for 2 thread(s) to block
[2023-10-19T09:20:03.241+0000][2363.458s][info ][safepoint     ] Entering safepoint region: Cleanup
[2023-10-19T09:20:03.241+0000][2363.459s][info ][safepoint     ] Leaving safepoint region
[2023-10-19T09:20:03.242+0000][2363.459s][info ][safepoint     ] Total time for which application threads were stopped: 0.0036843 seconds, Stopping threads took: 0.0029659 seconds
[2023-10-19T09:20:04.243+0000][2364.460s][debug][safepoint     ] Safepoint synchronization initiated. (174 threads)
[2023-10-19T09:20:04.243+0000][2364.461s][info ][safepoint     ] Application time: 1.0011426 seconds
[2023-10-19T09:20:04.244+0000][2364.461s][debug][safepoint     ] ... found polling page return exception at pc = 0x00007f0de89b8d08, stub =0x00007f0de0840600
[2023-10-19T09:20:04.245+0000][2364.462s][debug][safepoint     ] Waiting for 2 thread(s) to block
[2023-10-19T09:20:04.245+0000][2364.463s][info ][safepoint     ] Entering safepoint region: Cleanup
[2023-10-19T09:20:04.246+0000][2364.463s][info ][safepoint     ] Leaving safepoint region
[2023-10-19T09:20:04.246+0000][2364.464s][info ][safepoint     ] Total time for which application threads were stopped: 0.0023746 seconds, Stopping threads took: 0.0017691 seconds
[2023-10-19T09:20:05.247+0000][2365.464s][debug][safepoint     ] Safepoint synchronization initiated. (174 threads)
[2023-10-19T09:20:05.248+0000][2365.465s][info ][safepoint     ] Application time: 1.0009344 seconds
[2023-10-19T09:20:05.248+0000][2365.466s][info ][safepoint     ] Entering safepoint region: Cleanup
[2023-10-19T09:20:05.249+0000][2365.466s][info ][safepoint     ] Leaving safepoint region
[2023-10-19T09:20:05.250+0000][2365.467s][info ][safepoint     ] Total time for which application threads were stopped: 0.0012731 seconds, Stopping threads took: 0.0005251 seconds
[2023-10-19T09:20:06.250+0000][2366.468s][debug][safepoint     ] Safepoint synchronization initiated. (174 threads)
[2023-10-19T09:20:06.251+0000][2366.468s][info ][safepoint     ] Application time: 1.0009633 seconds
[2023-10-19T09:20:06.252+0000][2366.469s][info ][safepoint     ] Entering safepoint region: Cleanup
[2023-10-19T09:20:06.253+0000][2366.470s][info ][safepoint     ] Leaving safepoint region
[2023-10-19T09:20:06.253+0000][2366.470s][info ][safepoint     ] Total time for which application threads were stopped: 0.0013599 seconds, Stopping threads took: 0.0006592 seconds
[2023-10-19T09:20:07.254+0000][2367.471s][debug][safepoint     ] Safepoint synchronization initiated. (174 threads)
[2023-10-19T09:20:07.255+0000][2367.472s][info ][safepoint     ] Application time: 1.0014607 seconds
[2023-10-19T09:20:07.256+0000][2367.473s][info ][safepoint     ] Entering safepoint region: Cleanup
[2023-10-19T09:20:07.257+0000][2367.475s][info ][safepoint     ] Leaving safepoint region
[2023-10-19T09:20:07.258+0000][2367.476s][info ][safepoint     ] Total time for which application threads were stopped: 0.0023585 seconds, Stopping threads took: 0.0009836 seconds
[2023-10-19T09:20:08.259+0000][2368.477s][debug][safepoint     ] Safepoint synchronization initiated. (175 threads)
[2023-10-19T09:20:08.260+0000][2368.477s][info ][safepoint     ] Application time: 1.0009695 seconds
[2023-10-19T09:20:08.261+0000][2368.478s][info ][safepoint     ] Entering safepoint region: Cleanup
[2023-10-19T09:20:08.261+0000][2368.479s][info ][safepoint     ] Leaving safepoint region
[2023-10-19T09:20:08.262+0000][2368.479s][info ][safepoint     ] Total time for which application threads were stopped: 0.0013082 seconds, Stopping threads took: 0.0005309 seconds
[2023-10-19T09:20:09.263+0000][2369.480s][debug][safepoint     ] Safepoint synchronization initiated. (175 threads)
[2023-10-19T09:20:09.263+0000][2369.481s][info ][safepoint     ] Application time: 1.0010260 seconds
[2023-10-19T09:20:09.264+0000][2369.481s][info ][safepoint     ] Entering safepoint region: Cleanup
[2023-10-19T09:20:09.265+0000][2369.482s][info ][safepoint     ] Leaving safepoint region
[2023-10-19T09:20:09.265+0000][2369.483s][info ][safepoint     ] Total time for which application threads were stopped: 0.0012533 seconds, Stopping threads took: 0.0005431 seconds
[2023-10-19T09:20:10.266+0000][2370.483s][debug][safepoint     ] Safepoint synchronization initiated. (175 threads)
[2023-10-19T09:20:10.266+0000][2370.484s][info ][safepoint     ] Application time: 1.0005784 seconds
[2023-10-19T09:20:10.267+0000][2370.484s][debug][safepoint     ] ... found polling page return exception at pc = 0x00007f0de8355a9d, stub =0x00007f0de0840600
[2023-10-19T09:20:10.267+0000][2370.484s][debug][safepoint     ] Waiting for 1 thread(s) to block
[2023-10-19T09:20:10.267+0000][2370.485s][info ][safepoint     ] Entering safepoint region: Cleanup
[2023-10-19T09:20:10.268+0000][2370.485s][info ][safepoint     ] Leaving safepoint region
[2023-10-19T09:20:10.268+0000][2370.486s][info ][safepoint     ] Total time for which application threads were stopped: 0.0016121 seconds, Stopping threads took: 0.0011090 seconds
[2023-10-19T09:20:11.269+0000][2371.486s][debug][safepoint     ] Safepoint synchronization initiated. (175 threads)
[2023-10-19T09:20:11.270+0000][2371.488s][info ][safepoint     ] Application time: 1.0016366 seconds
[2023-10-19T09:20:11.271+0000][2371.489s][info ][safepoint     ] Entering safepoint region: Cleanup
[2023-10-19T09:20:11.273+0000][2371.490s][info ][safepoint     ] Leaving safepoint region
[2023-10-19T09:20:11.274+0000][2371.491s][info ][safepoint     ] Total time for which application threads were stopped: 0.0027791 seconds, Stopping threads took: 0.0013452 seconds
[2023-10-19T09:20:12.275+0000][2372.493s][debug][safepoint     ] Safepoint synchronization initiated. (175 threads)
[2023-10-19T09:20:12.277+0000][2372.494s][info ][safepoint     ] Application time: 1.0016084 seconds
[2023-10-19T09:20:12.278+0000][2372.495s][info ][safepoint     ] Entering safepoint region: Cleanup
[2023-10-19T09:20:12.280+0000][2372.497s][info ][safepoint     ] Leaving safepoint region
[2023-10-19T09:20:12.281+0000][2372.498s][info ][safepoint     ] Total time for which application threads were stopped: 0.0027294 seconds, Stopping threads took: 0.0011707 seconds
[2023-10-19T09:20:13.282+0000][2373.499s][debug][safepoint     ] Safepoint synchronization initiated. (175 threads)
[2023-10-19T09:20:13.283+0000][2373.500s][info ][safepoint     ] Application time: 1.0013570 seconds
[2023-10-19T09:20:13.284+0000][2373.501s][info ][safepoint     ] Entering safepoint region: Cleanup
[2023-10-19T09:20:13.285+0000][2373.502s][info ][safepoint     ] Leaving safepoint region
[2023-10-19T09:20:13.286+0000][2373.503s][info ][safepoint     ] Total time for which application threads were stopped: 0.0021137 seconds, Stopping threads took: 0.0009973 seconds
[2023-10-19T09:20:14.287+0000][2374.504s][debug][safepoint     ] Safepoint synchronization initiated. (175 threads)
[2023-10-19T09:20:14.287+0000][2374.505s][info ][safepoint     ] Application time: 1.0007695 seconds
[2023-10-19T09:20:14.288+0000][2374.505s][info ][safepoint     ] Entering safepoint region: Cleanup
[2023-10-19T09:20:14.289+0000][2374.506s][info ][safepoint     ] Leaving safepoint region
[2023-10-19T09:20:14.289+0000][2374.506s][info ][safepoint     ] Total time for which application threads were stopped: 0.0010593 seconds, Stopping threads took: 0.0004266 seconds
[2023-10-19T09:20:15.290+0000][2375.507s][debug][safepoint     ] Safepoint synchronization initiated. (175 threads)
[2023-10-19T09:20:15.306+0000][2375.523s][info ][safepoint     ] Application time: 1.0162530 seconds
[2023-10-19T09:20:15.312+0000][2375.529s][info ][safepoint     ] Entering safepoint region: Cleanup
[2023-10-19T09:20:15.332+0000][2375.550s][info ][safepoint     ] Leaving safepoint region
[2023-10-19T09:20:15.333+0000][2375.550s][info ][safepoint     ] Total time for which application threads were stopped: 0.0212829 seconds, Stopping threads took: 0.0202800 seconds
[2023-10-19T09:20:16.334+0000][2376.551s][debug][safepoint     ] Safepoint synchronization initiated. (175 threads)
[2023-10-19T09:20:16.335+0000][2376.552s][info ][safepoint     ] Application time: 1.0010033 seconds
[2023-10-19T09:20:16.335+0000][2376.552s][info ][safepoint     ] Entering safepoint region: Cleanup
[2023-10-19T09:20:16.336+0000][2376.553s][info ][safepoint     ] Leaving safepoint region
[2023-10-19T09:20:16.336+0000][2376.554s][info ][safepoint     ] Total time for which application threads were stopped: 0.0011948 seconds, Stopping threads took: 0.0005316 seconds
[2023-10-19T09:20:17.337+0000][2377.554s][debug][safepoint     ] Safepoint synchronization initiated. (175 threads)
[2023-10-19T09:20:17.338+0000][2377.555s][info ][safepoint     ] Application time: 1.0008249 seconds
[2023-10-19T09:20:17.338+0000][2377.556s][info ][safepoint     ] Entering safepoint region: Cleanup
[2023-10-19T09:20:17.339+0000][2377.556s][info ][safepoint     ] Leaving safepoint region
[2023-10-19T09:20:17.340+0000][2377.557s][info ][safepoint     ] Total time for which application threads were stopped: 0.0014960 seconds, Stopping threads took: 0.0006172 seconds
[2023-10-19T09:20:18.340+0000][2378.558s][debug][safepoint     ] Safepoint synchronization initiated. (175 threads)
[2023-10-19T09:20:18.341+0000][2378.558s][info ][safepoint     ] Application time: 1.0005210 seconds
[2023-10-19T09:20:18.341+0000][2378.559s][info ][safepoint     ] Entering safepoint region: Cleanup
[2023-10-19T09:20:18.342+0000][2378.559s][info ][safepoint     ] Leaving safepoint region
[2023-10-19T09:20:18.342+0000][2378.559s][info ][safepoint     ] Total time for which application threads were stopped: 0.0008890 seconds, Stopping threads took: 0.0003936 seconds
[2023-10-19T09:20:19.343+0000][2379.560s][debug][safepoint     ] Safepoint synchronization initiated. (175 threads)
[2023-10-19T09:20:19.343+0000][2379.560s][info ][safepoint     ] Application time: 1.0007423 seconds
[2023-10-19T09:20:19.344+0000][2379.561s][info ][safepoint     ] Entering safepoint region: Cleanup
[2023-10-19T09:20:19.344+0000][2379.562s][info ][safepoint     ] Leaving safepoint region
[2023-10-19T09:20:19.345+0000][2379.562s][info ][safepoint     ] Total time for which application threads were stopped: 0.0012309 seconds, Stopping threads took: 0.0005000 seconds
[2023-10-19T09:20:20.345+0000][2380.563s][debug][safepoint     ] Safepoint synchronization initiated. (175 threads)
[2023-10-19T09:20:20.346+0000][2380.563s][info ][safepoint     ] Application time: 1.0007818 seconds
[2023-10-19T09:20:20.347+0000][2380.564s][info ][safepoint     ] Entering safepoint region: Cleanup
[2023-10-19T09:20:20.348+0000][2380.565s][info ][safepoint     ] Leaving safepoint region
[2023-10-19T09:20:20.349+0000][2380.566s][info ][safepoint     ] Total time for which application threads were stopped: 0.0017944 seconds, Stopping threads took: 0.0009365 seconds
[2023-10-19T09:20:21.349+0000][2381.567s][debug][safepoint     ] Safepoint synchronization initiated. (175 threads)
[2023-10-19T09:20:21.350+0000][2381.567s][info ][safepoint     ] Application time: 1.0005876 seconds
[2023-10-19T09:20:21.350+0000][2381.568s][info ][safepoint     ] Entering safepoint region: Cleanup
[2023-10-19T09:20:21.351+0000][2381.568s][info ][safepoint     ] Leaving safepoint region
[2023-10-19T09:20:21.351+0000][2381.568s][info ][safepoint     ] Total time for which application threads were stopped: 0.0008091 seconds, Stopping threads took: 0.0003465 seconds
[2023-10-19T09:20:22.352+0000][2382.569s][debug][safepoint     ] Safepoint synchronization initiated. (175 threads)
[2023-10-19T09:20:22.352+0000][2382.570s][info ][safepoint     ] Application time: 1.0010298 seconds
[2023-10-19T09:20:22.353+0000][2382.570s][info ][safepoint     ] Entering safepoint region: Cleanup
[2023-10-19T09:20:22.354+0000][2382.571s][info ][safepoint     ] Leaving safepoint region
[2023-10-19T09:20:22.354+0000][2382.572s][info ][safepoint     ] Total time for which application threads were stopped: 0.0013629 seconds, Stopping threads took: 0.0006554 seconds
[2023-10-19T09:20:23.355+0000][2383.573s][debug][safepoint     ] Safepoint synchronization initiated. (175 threads)
[2023-10-19T09:20:23.356+0000][2383.573s][info ][safepoint     ] Application time: 1.0009577 seconds
[2023-10-19T09:20:23.357+0000][2383.574s][info ][safepoint     ] Entering safepoint region: Cleanup
[2023-10-19T09:20:23.357+0000][2383.575s][info ][safepoint     ] Leaving safepoint region
[2023-10-19T09:20:23.358+0000][2383.575s][info ][safepoint     ] Total time for which application threads were stopped: 0.0013398 seconds, Stopping threads took: 0.0006131 seconds
[2023-10-19T09:20:24.359+0000][2384.576s][debug][safepoint     ] Safepoint synchronization initiated. (175 threads)
[2023-10-19T09:20:24.359+0000][2384.577s][info ][safepoint     ] Application time: 1.0010027 seconds
[2023-10-19T09:20:24.360+0000][2384.577s][info ][safepoint     ] Entering safepoint region: Cleanup
[2023-10-19T09:20:24.361+0000][2384.578s][info ][safepoint     ] Leaving safepoint region
[2023-10-19T09:20:24.362+0000][2384.579s][info ][safepoint     ] Total time for which application threads were stopped: 0.0014328 seconds, Stopping threads took: 0.0005867 seconds
[2023-10-19T09:20:25.362+0000][2385.579s][debug][safepoint     ] Safepoint synchronization initiated. (175 threads)
[2023-10-19T09:20:25.363+0000][2385.580s][info ][safepoint     ] Application time: 1.0006016 seconds
[2023-10-19T09:20:25.363+0000][2385.580s][info ][safepoint     ] Entering safepoint region: Cleanup
[2023-10-19T09:20:25.364+0000][2385.581s][info ][safepoint     ] Leaving safepoint region
[2023-10-19T09:20:25.364+0000][2385.581s][info ][safepoint     ] Total time for which application threads were stopped: 0.0009741 seconds, Stopping threads took: 0.0004324 seconds
[2023-10-19T09:20:26.365+0000][2386.582s][debug][safepoint     ] Safepoint synchronization initiated. (175 threads)
[2023-10-19T09:20:26.365+0000][2386.582s][info ][safepoint     ] Application time: 1.0005803 seconds
[2023-10-19T09:20:26.365+0000][2386.583s][info ][safepoint     ] Entering safepoint region: Cleanup
[2023-10-19T09:20:26.366+0000][2386.583s][info ][safepoint     ] Leaving safepoint region
[2023-10-19T09:20:26.366+0000][2386.583s][info ][safepoint     ] Total time for which application threads were stopped: 0.0007996 seconds, Stopping threads took: 0.0003273 seconds
[2023-10-19T09:20:27.367+0000][2387.584s][debug][safepoint     ] Safepoint synchronization initiated. (175 threads)
[2023-10-19T09:20:27.367+0000][2387.585s][info ][safepoint     ] Application time: 1.0009771 seconds
[2023-10-19T09:20:27.368+0000][2387.585s][info ][safepoint     ] Entering safepoint region: Cleanup
[2023-10-19T09:20:27.369+0000][2387.586s][info ][safepoint     ] Leaving safepoint region
[2023-10-19T09:20:27.369+0000][2387.587s][info ][safepoint     ] Total time for which application threads were stopped: 0.0013753 seconds, Stopping threads took: 0.0005139 seconds
[2023-10-19T09:20:28.370+0000][2388.587s][debug][safepoint     ] Safepoint synchronization initiated. (175 threads)
[2023-10-19T09:20:28.371+0000][2388.589s][info ][safepoint     ] Application time: 1.0014546 seconds
[2023-10-19T09:20:28.373+0000][2388.590s][info ][safepoint     ] Entering safepoint region: Cleanup
[2023-10-19T09:20:28.374+0000][2388.591s][info ][safepoint     ] Leaving safepoint region
[2023-10-19T09:20:28.375+0000][2388.592s][info ][safepoint     ] Total time for which application threads were stopped: 0.0024055 seconds, Stopping threads took: 0.0010787 seconds
[2023-10-19T09:20:29.376+0000][2389.593s][debug][safepoint     ] Safepoint synchronization initiated. (175 threads)
[2023-10-19T09:20:29.377+0000][2389.594s][info ][safepoint     ] Application time: 1.0008656 seconds
[2023-10-19T09:20:29.377+0000][2389.595s][info ][safepoint     ] Entering safepoint region: Cleanup
[2023-10-19T09:20:29.378+0000][2389.595s][info ][safepoint     ] Leaving safepoint region
[2023-10-19T09:20:29.379+0000][2389.596s][info ][safepoint     ] Total time for which application threads were stopped: 0.0013492 seconds, Stopping threads took: 0.0005423 seconds
[2023-10-19T09:20:30.379+0000][2390.596s][debug][safepoint     ] Safepoint synchronization initiated. (175 threads)
[2023-10-19T09:20:30.380+0000][2390.597s][info ][safepoint     ] Application time: 1.0008918 seconds
[2023-10-19T09:20:30.380+0000][2390.598s][info ][safepoint     ] Entering safepoint region: Cleanup
[2023-10-19T09:20:30.381+0000][2390.599s][info ][safepoint     ] Leaving safepoint region
[2023-10-19T09:20:30.382+0000][2390.599s][info ][safepoint     ] Total time for which application threads were stopped: 0.0012553 seconds, Stopping threads took: 0.0005606 seconds
[2023-10-19T09:20:31.382+0000][2391.600s][debug][safepoint     ] Safepoint synchronization initiated. (175 threads)
[2023-10-19T09:20:31.383+0000][2391.600s][info ][safepoint     ] Application time: 1.0005581 seconds
[2023-10-19T09:20:31.383+0000][2391.600s][info ][safepoint     ] Entering safepoint region: Cleanup
[2023-10-19T09:20:31.384+0000][2391.601s][info ][safepoint     ] Leaving safepoint region
[2023-10-19T09:20:31.384+0000][2391.601s][info ][safepoint     ] Total time for which application threads were stopped: 0.0008685 seconds, Stopping threads took: 0.0003762 seconds
[2023-10-19T09:20:32.385+0000][2392.602s][debug][safepoint     ] Safepoint synchronization initiated. (175 threads)
[2023-10-19T09:20:32.385+0000][2392.603s][info ][safepoint     ] Application time: 1.0010029 seconds
[2023-10-19T09:20:32.386+0000][2392.603s][info ][safepoint     ] Entering safepoint region: Cleanup
[2023-10-19T09:20:32.387+0000][2392.604s][info ][safepoint     ] Leaving safepoint region
[2023-10-19T09:20:32.387+0000][2392.605s][info ][safepoint     ] Total time for which application threads were stopped: 0.0014004 seconds, Stopping threads took: 0.0006078 seconds
[2023-10-19T09:20:33.389+0000][2393.605s][debug][safepoint     ] Safepoint synchronization initiated. (175 threads)
[2023-10-19T09:20:33.390+0000][2393.606s][info ][safepoint     ] Application time: 1.0006373 seconds
[2023-10-19T09:20:33.390+0000][2393.606s][info ][safepoint     ] Entering safepoint region: Cleanup
[2023-10-19T09:20:33.391+0000][2393.607s][info ][safepoint     ] Leaving safepoint region
[2023-10-19T09:20:33.391+0000][2393.607s][info ][safepoint     ] Total time for which application threads were stopped: 0.0010150 seconds, Stopping threads took: 0.0004254 seconds
[2023-10-19T09:20:34.392+0000][2394.608s][debug][safepoint     ] Safepoint synchronization initiated. (175 threads)
[2023-10-19T09:20:34.392+0000][2394.608s][info ][safepoint     ] Application time: 1.0007073 seconds
[2023-10-19T09:20:34.393+0000][2394.609s][info ][safepoint     ] Entering safepoint region: Cleanup
[2023-10-19T09:20:34.393+0000][2394.609s][info ][safepoint     ] Leaving safepoint region
[2023-10-19T09:20:34.394+0000][2394.610s][info ][safepoint     ] Total time for which application threads were stopped: 0.0010795 seconds, Stopping threads took: 0.0004466 seconds
[2023-10-19T09:20:35.394+0000][2395.610s][debug][safepoint     ] Safepoint synchronization initiated. (175 threads)
[2023-10-19T09:20:35.396+0000][2395.612s][info ][safepoint     ] Application time: 1.0015138 seconds
[2023-10-19T09:20:35.397+0000][2395.613s][info ][safepoint     ] Entering safepoint region: Cleanup
[2023-10-19T09:20:35.398+0000][2395.614s][info ][safepoint     ] Leaving safepoint region
[2023-10-19T09:20:35.399+0000][2395.615s][info ][safepoint     ] Total time for which application threads were stopped: 0.0025025 seconds, Stopping threads took: 0.0010950 seconds
[2023-10-19T09:20:36.400+0000][2396.616s][debug][safepoint     ] Safepoint synchronization initiated. (175 threads)
[2023-10-19T09:20:36.401+0000][2396.617s][info ][safepoint     ] Application time: 1.0008135 seconds
[2023-10-19T09:20:36.401+0000][2396.617s][info ][safepoint     ] Entering safepoint region: Cleanup
[2023-10-19T09:20:36.402+0000][2396.618s][info ][safepoint     ] Leaving safepoint region
[2023-10-19T09:20:36.402+0000][2396.618s][info ][safepoint     ] Total time for which application threads were stopped: 0.0010168 seconds, Stopping threads took: 0.0004556 seconds
[2023-10-19T09:20:37.403+0000][2397.619s][debug][safepoint     ] Safepoint synchronization initiated. (175 threads)
[2023-10-19T09:20:37.403+0000][2397.619s][info ][safepoint     ] Application time: 1.0009728 seconds
[2023-10-19T09:20:37.404+0000][2397.620s][info ][safepoint     ] Entering safepoint region: Cleanup
[2023-10-19T09:20:37.404+0000][2397.620s][info ][safepoint     ] Leaving safepoint region
[2023-10-19T09:20:37.405+0000][2397.621s][info ][safepoint     ] Total time for which application threads were stopped: 0.0010072 seconds, Stopping threads took: 0.0004271 seconds
[2023-10-19T09:20:38.405+0000][2398.621s][debug][safepoint     ] Safepoint synchronization initiated. (175 threads)
[2023-10-19T09:20:38.406+0000][2398.622s][info ][safepoint     ] Application time: 1.0007397 seconds
[2023-10-19T09:20:38.407+0000][2398.623s][info ][safepoint     ] Entering safepoint region: Cleanup
[2023-10-19T09:20:38.407+0000][2398.623s][info ][safepoint     ] Leaving safepoint region
[2023-10-19T09:20:38.408+0000][2398.624s][info ][safepoint     ] Total time for which application threads were stopped: 0.0011679 seconds, Stopping threads took: 0.0005179 seconds
[2023-10-19T09:20:39.408+0000][2399.624s][debug][safepoint     ] Safepoint synchronization initiated. (175 threads)
[2023-10-19T09:20:39.409+0000][2399.625s][info ][safepoint     ] Application time: 1.0013504 seconds
[2023-10-19T09:20:39.410+0000][2399.626s][info ][safepoint     ] Entering safepoint region: Cleanup
[2023-10-19T09:20:39.411+0000][2399.627s][info ][safepoint     ] Leaving safepoint region
[2023-10-19T09:20:39.412+0000][2399.628s][info ][safepoint     ] Total time for which application threads were stopped: 0.0019578 seconds, Stopping threads took: 0.0008988 seconds
[2023-10-19T09:20:40.413+0000][2400.629s][debug][safepoint     ] Safepoint synchronization initiated. (175 threads)
[2023-10-19T09:20:40.414+0000][2400.630s][info ][safepoint     ] Application time: 1.0008473 seconds
[2023-10-19T09:20:40.414+0000][2400.630s][info ][safepoint     ] Entering safepoint region: Cleanup
[2023-10-19T09:20:40.415+0000][2400.631s][info ][safepoint     ] Leaving safepoint region
[2023-10-19T09:20:40.415+0000][2400.631s][info ][safepoint     ] Total time for which application threads were stopped: 0.0009948 seconds, Stopping threads took: 0.0003673 seconds
[2023-10-19T09:20:41.416+0000][2401.632s][debug][safepoint     ] Safepoint synchronization initiated. (175 threads)
[2023-10-19T09:20:41.417+0000][2401.633s][info ][safepoint     ] Application time: 1.0010042 seconds
[2023-10-19T09:20:41.418+0000][2401.634s][info ][safepoint     ] Entering safepoint region: Cleanup
[2023-10-19T09:20:41.418+0000][2401.634s][info ][safepoint     ] Leaving safepoint region
[2023-10-19T09:20:41.419+0000][2401.635s][info ][safepoint     ] Total time for which application threads were stopped: 0.0017747 seconds, Stopping threads took: 0.0006692 seconds
[2023-10-19T09:20:42.420+0000][2402.636s][debug][safepoint     ] Safepoint synchronization initiated. (175 threads)
[2023-10-19T09:20:42.421+0000][2402.637s][info ][safepoint     ] Application time: 1.0009771 seconds
[2023-10-19T09:20:42.421+0000][2402.637s][info ][safepoint     ] Entering safepoint region: Cleanup
[2023-10-19T09:20:42.422+0000][2402.638s][info ][safepoint     ] Leaving safepoint region
[2023-10-19T09:20:42.423+0000][2402.639s][info ][safepoint     ] Total time for which application threads were stopped: 0.0012568 seconds, Stopping threads took: 0.0005117 seconds
[2023-10-19T09:20:43.423+0000][2403.639s][debug][safepoint     ] Safepoint synchronization initiated. (175 threads)
[2023-10-19T09:20:43.424+0000][2403.640s][info ][safepoint     ] Application time: 1.0008620 seconds
[2023-10-19T09:20:43.425+0000][2403.641s][info ][safepoint     ] Entering safepoint region: Cleanup
[2023-10-19T09:20:43.425+0000][2403.641s][info ][safepoint     ] Leaving safepoint region
[2023-10-19T09:20:43.426+0000][2403.642s][info ][safepoint     ] Total time for which application threads were stopped: 0.0013414 seconds, Stopping threads took: 0.0005819 seconds
[2023-10-19T09:20:44.427+0000][2404.643s][debug][safepoint     ] Safepoint synchronization initiated. (175 threads)
[2023-10-19T09:20:44.428+0000][2404.644s][info ][safepoint     ] Application time: 1.0010577 seconds
[2023-10-19T09:20:44.428+0000][2404.644s][info ][safepoint     ] Entering safepoint region: Cleanup
[2023-10-19T09:20:44.429+0000][2404.645s][info ][safepoint     ] Leaving safepoint region
[2023-10-19T09:20:44.429+0000][2404.645s][info ][safepoint     ] Total time for which application threads were stopped: 0.0012989 seconds, Stopping threads took: 0.0005788 seconds
[2023-10-19T09:20:45.430+0000][2405.646s][debug][safepoint     ] Safepoint synchronization initiated. (175 threads)
[2023-10-19T09:20:45.431+0000][2405.647s][info ][safepoint     ] Application time: 1.0013596 seconds
[2023-10-19T09:20:45.432+0000][2405.648s][info ][safepoint     ] Entering safepoint region: Cleanup
[2023-10-19T09:20:45.433+0000][2405.649s][info ][safepoint     ] Leaving safepoint region
[2023-10-19T09:20:45.434+0000][2405.650s][info ][safepoint     ] Total time for which application threads were stopped: 0.0018057 seconds, Stopping threads took: 0.0008204 seconds
[2023-10-19T09:20:46.435+0000][2406.651s][debug][safepoint     ] Safepoint synchronization initiated. (175 threads)
[2023-10-19T09:20:46.436+0000][2406.652s][info ][safepoint     ] Application time: 1.0013199 seconds
[2023-10-19T09:20:46.437+0000][2406.653s][info ][safepoint     ] Entering safepoint region: Cleanup
[2023-10-19T09:20:46.438+0000][2406.654s][info ][safepoint     ] Leaving safepoint region
[2023-10-19T09:20:46.439+0000][2406.655s][info ][safepoint     ] Total time for which application threads were stopped: 0.0022724 seconds, Stopping threads took: 0.0010233 seconds
[2023-10-19T09:20:47.440+0000][2407.656s][debug][safepoint     ] Safepoint synchronization initiated. (175 threads)
[2023-10-19T09:20:47.441+0000][2407.657s][info ][safepoint     ] Application time: 1.0007392 seconds
[2023-10-19T09:20:47.441+0000][2407.657s][info ][safepoint     ] Entering safepoint region: Cleanup
[2023-10-19T09:20:47.442+0000][2407.658s][info ][safepoint     ] Leaving safepoint region
[2023-10-19T09:20:47.442+0000][2407.658s][info ][safepoint     ] Total time for which application threads were stopped: 0.0009864 seconds, Stopping threads took: 0.0003928 seconds
[2023-10-19T09:20:48.443+0000][2408.659s][debug][safepoint     ] Safepoint synchronization initiated. (175 threads)
[2023-10-19T09:20:48.443+0000][2408.659s][info ][safepoint     ] Application time: 1.0005464 seconds
[2023-10-19T09:20:48.443+0000][2408.659s][info ][safepoint     ] Entering safepoint region: Cleanup
[2023-10-19T09:20:48.444+0000][2408.660s][info ][safepoint     ] Leaving safepoint region
[2023-10-19T09:20:48.444+0000][2408.660s][info ][safepoint     ] Total time for which application threads were stopped: 0.0008581 seconds, Stopping threads took: 0.0003479 seconds
[2023-10-19T09:20:49.445+0000][2409.661s][debug][safepoint     ] Safepoint synchronization initiated. (175 threads)
[2023-10-19T09:20:49.446+0000][2409.662s][info ][safepoint     ] Application time: 1.0011508 seconds
[2023-10-19T09:20:49.446+0000][2409.662s][info ][safepoint     ] Entering safepoint region: Cleanup
[2023-10-19T09:20:49.447+0000][2409.663s][info ][safepoint     ] Leaving safepoint region
[2023-10-19T09:20:49.447+0000][2409.663s][info ][safepoint     ] Total time for which application threads were stopped: 0.0008948 seconds, Stopping threads took: 0.0003946 seconds
[2023-10-19T09:20:50.448+0000][2410.664s][debug][safepoint     ] Safepoint synchronization initiated. (175 threads)
[2023-10-19T09:20:50.448+0000][2410.664s][info ][safepoint     ] Application time: 1.0007673 seconds
[2023-10-19T09:20:50.449+0000][2410.665s][info ][safepoint     ] Entering safepoint region: Cleanup
[2023-10-19T09:20:50.449+0000][2410.665s][info ][safepoint     ] Leaving safepoint region
[2023-10-19T09:20:50.450+0000][2410.666s][info ][safepoint     ] Total time for which application threads were stopped: 0.0010008 seconds, Stopping threads took: 0.0004382 seconds
[2023-10-19T09:20:51.450+0000][2411.666s][debug][safepoint     ] Safepoint synchronization initiated. (175 threads)
[2023-10-19T09:20:51.451+0000][2411.667s][info ][safepoint     ] Application time: 1.0011600 seconds
[2023-10-19T09:20:51.451+0000][2411.667s][info ][safepoint     ] Entering safepoint region: Cleanup
[2023-10-19T09:20:51.452+0000][2411.668s][info ][safepoint     ] Leaving safepoint region
[2023-10-19T09:20:51.452+0000][2411.668s][info ][safepoint     ] Total time for which application threads were stopped: 0.0010445 seconds, Stopping threads took: 0.0004038 seconds
[2023-10-19T09:20:52.453+0000][2412.669s][debug][safepoint     ] Safepoint synchronization initiated. (175 threads)
[2023-10-19T09:20:52.453+0000][2412.669s][info ][safepoint     ] Application time: 1.0005244 seconds
[2023-10-19T09:20:52.454+0000][2412.670s][info ][safepoint     ] Entering safepoint region: Cleanup
[2023-10-19T09:20:52.454+0000][2412.670s][info ][safepoint     ] Leaving safepoint region
[2023-10-19T09:20:52.454+0000][2412.670s][info ][safepoint     ] Total time for which application threads were stopped: 0.0008282 seconds, Stopping threads took: 0.0003524 seconds
[2023-10-19T09:20:53.455+0000][2413.671s][debug][safepoint     ] Safepoint synchronization initiated. (175 threads)
[2023-10-19T09:20:53.456+0000][2413.672s][info ][safepoint     ] Application time: 1.0015822 seconds
[2023-10-19T09:20:53.457+0000][2413.673s][info ][safepoint     ] Entering safepoint region: Cleanup
[2023-10-19T09:20:53.458+0000][2413.674s][info ][safepoint     ] Leaving safepoint region
[2023-10-19T09:20:53.459+0000][2413.675s][info ][safepoint     ] Total time for which application threads were stopped: 0.0020278 seconds, Stopping threads took: 0.0008691 seconds
[2023-10-19T09:20:54.460+0000][2414.676s][debug][safepoint     ] Safepoint synchronization initiated. (175 threads)
[2023-10-19T09:20:54.461+0000][2414.677s][info ][safepoint     ] Application time: 1.0010972 seconds
[2023-10-19T09:20:54.462+0000][2414.678s][info ][safepoint     ] Entering safepoint region: Cleanup
[2023-10-19T09:20:54.463+0000][2414.679s][info ][safepoint     ] Leaving safepoint region
[2023-10-19T09:20:54.464+0000][2414.680s][info ][safepoint     ] Total time for which application threads were stopped: 0.0016665 seconds, Stopping threads took: 0.0007640 seconds
[2023-10-19T09:20:55.465+0000][2415.680s][debug][safepoint     ] Safepoint synchronization initiated. (175 threads)
[2023-10-19T09:20:55.466+0000][2415.682s][info ][safepoint     ] Application time: 1.0014628 seconds
[2023-10-19T09:20:55.467+0000][2415.683s][info ][safepoint     ] Entering safepoint region: Cleanup
[2023-10-19T09:20:55.468+0000][2415.684s][info ][safepoint     ] Leaving safepoint region
[2023-10-19T09:20:55.469+0000][2415.685s][info ][safepoint     ] Total time for which application threads were stopped: 0.0023209 seconds, Stopping threads took: 0.0009209 seconds
[2023-10-19T09:20:56.470+0000][2416.686s][debug][safepoint     ] Safepoint synchronization initiated. (175 threads)
[2023-10-19T09:20:56.471+0000][2416.687s][info ][safepoint     ] Application time: 1.0009438 seconds
[2023-10-19T09:20:56.471+0000][2416.687s][info ][safepoint     ] Entering safepoint region: Cleanup
[2023-10-19T09:20:56.472+0000][2416.688s][info ][safepoint     ] Leaving safepoint region
[2023-10-19T09:20:56.473+0000][2416.689s][info ][safepoint     ] Total time for which application threads were stopped: 0.0016504 seconds, Stopping threads took: 0.0007139 seconds
[2023-10-19T09:20:57.474+0000][2417.690s][debug][safepoint     ] Safepoint synchronization initiated. (175 threads)
[2023-10-19T09:20:57.475+0000][2417.691s][info ][safepoint     ] Application time: 1.0010741 seconds
[2023-10-19T09:20:57.476+0000][2417.692s][info ][safepoint     ] Entering safepoint region: Cleanup
[2023-10-19T09:20:57.477+0000][2417.693s][info ][safepoint     ] Leaving safepoint region
[2023-10-19T09:20:57.478+0000][2417.694s][info ][safepoint     ] Total time for which application threads were stopped: 0.0018339 seconds, Stopping threads took: 0.0007283 seconds
[2023-10-19T09:20:58.478+0000][2418.694s][debug][safepoint     ] Safepoint synchronization initiated. (175 threads)
[2023-10-19T09:20:58.479+0000][2418.695s][info ][safepoint     ] Application time: 1.0008735 seconds
[2023-10-19T09:20:58.480+0000][2418.696s][info ][safepoint     ] Entering safepoint region: Cleanup
[2023-10-19T09:20:58.481+0000][2418.697s][info ][safepoint     ] Leaving safepoint region
[2023-10-19T09:20:58.481+0000][2418.697s][info ][safepoint     ] Total time for which application threads were stopped: 0.0015097 seconds, Stopping threads took: 0.0006296 seconds
[2023-10-19T09:20:59.482+0000][2419.698s][debug][safepoint     ] Safepoint synchronization initiated. (175 threads)
[2023-10-19T09:20:59.483+0000][2419.699s][info ][safepoint     ] Application time: 1.0010220 seconds
[2023-10-19T09:20:59.483+0000][2419.699s][info ][safepoint     ] Entering safepoint region: Cleanup
[2023-10-19T09:20:59.484+0000][2419.700s][info ][safepoint     ] Leaving safepoint region
[2023-10-19T09:20:59.485+0000][2419.701s][info ][safepoint     ] Total time for which application threads were stopped: 0.0019176 seconds, Stopping threads took: 0.0007790 seconds
[2023-10-19T09:21:00.486+0000][2420.702s][debug][safepoint     ] Safepoint synchronization initiated. (175 threads)
[2023-10-19T09:21:00.487+0000][2420.703s][info ][safepoint     ] Application time: 1.0010560 seconds
[2023-10-19T09:21:00.488+0000][2420.704s][info ][safepoint     ] Entering safepoint region: Cleanup
[2023-10-19T09:21:00.489+0000][2420.705s][info ][safepoint     ] Leaving safepoint region
[2023-10-19T09:21:00.489+0000][2420.705s][info ][safepoint     ] Total time for which application threads were stopped: 0.0014336 seconds, Stopping threads took: 0.0007166 seconds
[2023-10-19T09:21:01.490+0000][2421.706s][debug][safepoint     ] Safepoint synchronization initiated. (175 threads)
[2023-10-19T09:21:01.491+0000][2421.707s][info ][safepoint     ] Application time: 1.0010212 seconds
[2023-10-19T09:21:01.491+0000][2421.707s][info ][safepoint     ] Entering safepoint region: Cleanup
[2023-10-19T09:21:01.492+0000][2421.708s][info ][safepoint     ] Leaving safepoint region
[2023-10-19T09:21:01.493+0000][2421.709s][info ][safepoint     ] Total time for which application threads were stopped: 0.0014638 seconds, Stopping threads took: 0.0007811 seconds
[2023-10-19T09:21:02.493+0000][2422.709s][debug][safepoint     ] Safepoint synchronization initiated. (175 threads)
[2023-10-19T09:21:02.494+0000][2422.710s][info ][safepoint     ] Application time: 1.0010471 seconds
[2023-10-19T09:21:02.494+0000][2422.710s][info ][safepoint     ] Entering safepoint region: Cleanup
[2023-10-19T09:21:02.495+0000][2422.711s][info ][safepoint     ] Leaving safepoint region
[2023-10-19T09:21:02.496+0000][2422.712s][info ][safepoint     ] Total time for which application threads were stopped: 0.0012795 seconds, Stopping threads took: 0.0004867 seconds
[2023-10-19T09:21:03.495+0000][2423.712s][debug][safepoint     ] Safepoint synchronization initiated. (175 threads)
[2023-10-19T09:21:03.496+0000][2423.713s][info ][safepoint     ] Application time: 1.0013339 seconds
[2023-10-19T09:21:03.497+0000][2423.715s][info ][safepoint     ] Entering safepoint region: Cleanup
[2023-10-19T09:21:03.499+0000][2423.716s][info ][safepoint     ] Leaving safepoint region
[2023-10-19T09:21:03.499+0000][2423.717s][info ][safepoint     ] Total time for which application threads were stopped: 0.0021882 seconds, Stopping threads took: 0.0010006 seconds
[2023-10-19T09:21:04.501+0000][2424.718s][debug][safepoint     ] Safepoint synchronization initiated. (175 threads)
[2023-10-19T09:21:04.501+0000][2424.719s][info ][safepoint     ] Application time: 1.0011709 seconds
[2023-10-19T09:21:04.502+0000][2424.719s][info ][safepoint     ] Entering safepoint region: Cleanup
[2023-10-19T09:21:04.503+0000][2424.720s][info ][safepoint     ] Leaving safepoint region
[2023-10-19T09:21:04.503+0000][2424.721s][info ][safepoint     ] Total time for which application threads were stopped: 0.0012768 seconds, Stopping threads took: 0.0005898 seconds
[2023-10-19T09:21:05.504+0000][2425.721s][debug][safepoint     ] Safepoint synchronization initiated. (175 threads)
[2023-10-19T09:21:05.505+0000][2425.722s][info ][safepoint     ] Application time: 1.0010316 seconds
[2023-10-19T09:21:05.506+0000][2425.723s][info ][safepoint     ] Entering safepoint region: Cleanup
[2023-10-19T09:21:05.506+0000][2425.724s][info ][safepoint     ] Leaving safepoint region
[2023-10-19T09:21:05.507+0000][2425.724s][info ][safepoint     ] Total time for which application threads were stopped: 0.0012296 seconds, Stopping threads took: 0.0005524 seconds
[2023-10-19T09:21:06.507+0000][2426.725s][debug][safepoint     ] Safepoint synchronization initiated. (175 threads)
[2023-10-19T09:21:06.508+0000][2426.725s][info ][safepoint     ] Application time: 1.0005168 seconds
[2023-10-19T09:21:06.508+0000][2426.725s][info ][safepoint     ] Entering safepoint region: Cleanup
[2023-10-19T09:21:06.509+0000][2426.726s][info ][safepoint     ] Leaving safepoint region
[2023-10-19T09:21:06.509+0000][2426.726s][info ][safepoint     ] Total time for which application threads were stopped: 0.0008679 seconds, Stopping threads took: 0.0003737 seconds
[2023-10-19T09:21:07.509+0000][2427.727s][debug][safepoint     ] Safepoint synchronization initiated. (175 threads)
[2023-10-19T09:21:07.510+0000][2427.728s][info ][safepoint     ] Application time: 1.0009546 seconds
[2023-10-19T09:21:07.511+0000][2427.728s][info ][safepoint     ] Entering safepoint region: Cleanup
[2023-10-19T09:21:07.512+0000][2427.729s][info ][safepoint     ] Leaving safepoint region
[2023-10-19T09:21:07.512+0000][2427.730s][info ][safepoint     ] Total time for which application threads were stopped: 0.0013792 seconds, Stopping threads took: 0.0006835 seconds
[2023-10-19T09:21:08.513+0000][2428.731s][debug][safepoint     ] Safepoint synchronization initiated. (175 threads)
[2023-10-19T09:21:08.515+0000][2428.732s][info ][safepoint     ] Application time: 1.0015947 seconds
[2023-10-19T09:21:08.516+0000][2428.733s][info ][safepoint     ] Entering safepoint region: Cleanup
[2023-10-19T09:21:08.517+0000][2428.734s][info ][safepoint     ] Leaving safepoint region
[2023-10-19T09:21:08.518+0000][2428.735s][info ][safepoint     ] Total time for which application threads were stopped: 0.0018516 seconds, Stopping threads took: 0.0008289 seconds
[2023-10-19T09:21:09.519+0000][2429.736s][debug][safepoint     ] Safepoint synchronization initiated. (173 threads)
[2023-10-19T09:21:09.519+0000][2429.737s][info ][safepoint     ] Application time: 1.0006414 seconds
[2023-10-19T09:21:09.520+0000][2429.737s][info ][safepoint     ] Entering safepoint region: Cleanup
[2023-10-19T09:21:09.521+0000][2429.738s][info ][safepoint     ] Leaving safepoint region
[2023-10-19T09:21:09.521+0000][2429.738s][info ][safepoint     ] Total time for which application threads were stopped: 0.0013464 seconds, Stopping threads took: 0.0006295 seconds
[2023-10-19T09:21:10.522+0000][2430.739s][debug][safepoint     ] Safepoint synchronization initiated. (173 threads)
[2023-10-19T09:21:10.522+0000][2430.740s][info ][safepoint     ] Application time: 1.0008837 seconds
[2023-10-19T09:21:10.523+0000][2430.740s][info ][safepoint     ] Entering safepoint region: Cleanup
[2023-10-19T09:21:10.524+0000][2430.741s][info ][safepoint     ] Leaving safepoint region
[2023-10-19T09:21:10.524+0000][2430.742s][info ][safepoint     ] Total time for which application threads were stopped: 0.0012597 seconds, Stopping threads took: 0.0005455 seconds
[2023-10-19T09:21:11.525+0000][2431.743s][debug][safepoint     ] Safepoint synchronization initiated. (173 threads)
[2023-10-19T09:21:11.526+0000][2431.744s][info ][safepoint     ] Application time: 1.0014276 seconds
[2023-10-19T09:21:11.527+0000][2431.745s][info ][safepoint     ] Entering safepoint region: Cleanup
[2023-10-19T09:21:11.529+0000][2431.746s][info ][safepoint     ] Leaving safepoint region
[2023-10-19T09:21:11.529+0000][2431.747s][info ][safepoint     ] Total time for which application threads were stopped: 0.0020928 seconds, Stopping threads took: 0.0010209 seconds
[2023-10-19T09:21:12.531+0000][2432.748s][debug][safepoint     ] Safepoint synchronization initiated. (173 threads)
[2023-10-19T09:21:12.531+0000][2432.749s][info ][safepoint     ] Application time: 1.0010855 seconds
[2023-10-19T09:21:12.532+0000][2432.749s][info ][safepoint     ] Entering safepoint region: Cleanup
[2023-10-19T09:21:12.533+0000][2432.750s][info ][safepoint     ] Leaving safepoint region
[2023-10-19T09:21:12.533+0000][2432.751s][info ][safepoint     ] Total time for which application threads were stopped: 0.0013624 seconds, Stopping threads took: 0.0007329 seconds
[2023-10-19T09:21:13.534+0000][2433.751s][debug][safepoint     ] Safepoint synchronization initiated. (173 threads)
[2023-10-19T09:21:13.535+0000][2433.752s][info ][safepoint     ] Application time: 1.0006884 seconds
[2023-10-19T09:21:13.535+0000][2433.752s][info ][safepoint     ] Entering safepoint region: Cleanup
[2023-10-19T09:21:13.536+0000][2433.753s][info ][safepoint     ] Leaving safepoint region
[2023-10-19T09:21:13.536+0000][2433.753s][info ][safepoint     ] Total time for which application threads were stopped: 0.0008712 seconds, Stopping threads took: 0.0003901 seconds
[2023-10-19T09:21:14.536+0000][2434.754s][debug][safepoint     ] Safepoint synchronization initiated. (173 threads)
[2023-10-19T09:21:14.537+0000][2434.754s][info ][safepoint     ] Application time: 1.0006817 seconds
[2023-10-19T09:21:14.537+0000][2434.755s][info ][safepoint     ] Entering safepoint region: Cleanup
[2023-10-19T09:21:14.538+0000][2434.755s][info ][safepoint     ] Leaving safepoint region
[2023-10-19T09:21:14.538+0000][2434.756s][info ][safepoint     ] Total time for which application threads were stopped: 0.0011600 seconds, Stopping threads took: 0.0004708 seconds
[2023-10-19T09:21:15.539+0000][2435.756s][debug][safepoint     ] Safepoint synchronization initiated. (173 threads)
[2023-10-19T09:21:15.540+0000][2435.758s][info ][safepoint     ] Application time: 1.0014586 seconds
[2023-10-19T09:21:15.541+0000][2435.759s][info ][safepoint     ] Entering safepoint region: Cleanup
[2023-10-19T09:21:15.543+0000][2435.760s][info ][safepoint     ] Leaving safepoint region
[2023-10-19T09:21:15.543+0000][2435.761s][info ][safepoint     ] Total time for which application threads were stopped: 0.0021132 seconds, Stopping threads took: 0.0009452 seconds
[2023-10-19T09:21:16.544+0000][2436.762s][debug][safepoint     ] Safepoint synchronization initiated. (173 threads)
[2023-10-19T09:21:16.545+0000][2436.763s][info ][safepoint     ] Application time: 1.0012988 seconds
[2023-10-19T09:21:16.546+0000][2436.764s][info ][safepoint     ] Entering safepoint region: Cleanup
[2023-10-19T09:21:16.547+0000][2436.765s][info ][safepoint     ] Leaving safepoint region
[2023-10-19T09:21:16.548+0000][2436.765s][info ][safepoint     ] Total time for which application threads were stopped: 0.0016342 seconds, Stopping threads took: 0.0007640 seconds
[2023-10-19T09:21:17.549+0000][2437.766s][debug][safepoint     ] Safepoint synchronization initiated. (172 threads)
[2023-10-19T09:21:17.550+0000][2437.767s][info ][safepoint     ] Application time: 1.0017146 seconds
[2023-10-19T09:21:17.552+0000][2437.769s][info ][safepoint     ] Entering safepoint region: Cleanup
[2023-10-19T09:21:17.553+0000][2437.770s][info ][safepoint     ] Leaving safepoint region
[2023-10-19T09:21:17.554+0000][2437.771s][info ][safepoint     ] Total time for which application threads were stopped: 0.0024830 seconds, Stopping threads took: 0.0010265 seconds
[2023-10-19T09:21:18.555+0000][2438.772s][debug][safepoint     ] Safepoint synchronization initiated. (172 threads)
[2023-10-19T09:21:18.555+0000][2438.773s][info ][safepoint     ] Application time: 1.0006497 seconds
[2023-10-19T09:21:18.556+0000][2438.773s][info ][safepoint     ] Entering safepoint region: Cleanup
[2023-10-19T09:21:18.557+0000][2438.774s][info ][safepoint     ] Leaving safepoint region
[2023-10-19T09:21:18.557+0000][2438.775s][info ][safepoint     ] Total time for which application threads were stopped: 0.0013495 seconds, Stopping threads took: 0.0005769 seconds
[2023-10-19T09:21:19.558+0000][2439.776s][debug][safepoint     ] Safepoint synchronization initiated. (172 threads)
[2023-10-19T09:21:19.559+0000][2439.776s][info ][safepoint     ] Application time: 1.0012093 seconds
[2023-10-19T09:21:19.560+0000][2439.777s][info ][safepoint     ] Entering safepoint region: Cleanup
[2023-10-19T09:21:19.561+0000][2439.779s][info ][safepoint     ] Leaving safepoint region
[2023-10-19T09:21:19.562+0000][2439.779s][info ][safepoint     ] Total time for which application threads were stopped: 0.0020078 seconds, Stopping threads took: 0.0008990 seconds
[2023-10-19T09:21:20.563+0000][2440.780s][debug][safepoint     ] Safepoint synchronization initiated. (172 threads)
[2023-10-19T09:21:20.564+0000][2440.781s][info ][safepoint     ] Application time: 1.0010679 seconds
[2023-10-19T09:21:20.564+0000][2440.782s][info ][safepoint     ] Entering safepoint region: Cleanup
[2023-10-19T09:21:20.565+0000][2440.783s][info ][safepoint     ] Leaving safepoint region
[2023-10-19T09:21:20.566+0000][2440.783s][info ][safepoint     ] Total time for which application threads were stopped: 0.0013970 seconds, Stopping threads took: 0.0006725 seconds
[2023-10-19T09:21:21.567+0000][2441.784s][debug][safepoint     ] Safepoint synchronization initiated. (173 threads)
[2023-10-19T09:21:21.568+0000][2441.785s][info ][safepoint     ] Application time: 1.0014516 seconds
[2023-10-19T09:21:21.569+0000][2441.786s][info ][safepoint     ] Entering safepoint region: Cleanup
[2023-10-19T09:21:21.570+0000][2441.787s][info ][safepoint     ] Leaving safepoint region
[2023-10-19T09:21:21.570+0000][2441.788s][info ][safepoint     ] Total time for which application threads were stopped: 0.0019575 seconds, Stopping threads took: 0.0008589 seconds
[2023-10-19T09:21:22.571+0000][2442.789s][debug][safepoint     ] Safepoint synchronization initiated. (173 threads)
[2023-10-19T09:21:22.573+0000][2442.790s][info ][safepoint     ] Application time: 1.0015470 seconds
[2023-10-19T09:21:22.574+0000][2442.791s][info ][safepoint     ] Entering safepoint region: Cleanup
[2023-10-19T09:21:22.575+0000][2442.792s][info ][safepoint     ] Leaving safepoint region
[2023-10-19T09:21:22.576+0000][2442.793s][info ][safepoint     ] Total time for which application threads were stopped: 0.0020227 seconds, Stopping threads took: 0.0009123 seconds
[2023-10-19T09:21:23.577+0000][2443.794s][debug][safepoint     ] Safepoint synchronization initiated. (173 threads)
[2023-10-19T09:21:23.577+0000][2443.795s][info ][safepoint     ] Application time: 1.0005543 seconds
[2023-10-19T09:21:23.578+0000][2443.795s][info ][safepoint     ] Entering safepoint region: Cleanup
[2023-10-19T09:21:23.578+0000][2443.795s][info ][safepoint     ] Leaving safepoint region
[2023-10-19T09:21:23.578+0000][2443.796s][info ][safepoint     ] Total time for which application threads were stopped: 0.0008290 seconds, Stopping threads took: 0.0003611 seconds
[2023-10-19T09:21:24.579+0000][2444.796s][debug][safepoint     ] Safepoint synchronization initiated. (173 threads)
[2023-10-19T09:21:24.579+0000][2444.797s][info ][safepoint     ] Application time: 1.0006258 seconds
[2023-10-19T09:21:24.580+0000][2444.797s][info ][safepoint     ] Entering safepoint region: Cleanup
[2023-10-19T09:21:24.580+0000][2444.798s][info ][safepoint     ] Leaving safepoint region
[2023-10-19T09:21:24.581+0000][2444.798s][info ][safepoint     ] Total time for which application threads were stopped: 0.0009065 seconds, Stopping threads took: 0.0003932 seconds
[2023-10-19T09:21:25.581+0000][2445.798s][debug][safepoint     ] Safepoint synchronization initiated. (173 threads)
[2023-10-19T09:21:25.582+0000][2445.799s][info ][safepoint     ] Application time: 1.0006292 seconds
[2023-10-19T09:21:25.582+0000][2445.799s][info ][safepoint     ] Entering safepoint region: Cleanup
[2023-10-19T09:21:25.582+0000][2445.800s][info ][safepoint     ] Leaving safepoint region
[2023-10-19T09:21:25.583+0000][2445.800s][info ][safepoint     ] Total time for which application threads were stopped: 0.0009590 seconds, Stopping threads took: 0.0004349 seconds
[2023-10-19T09:21:26.583+0000][2446.801s][debug][safepoint     ] Safepoint synchronization initiated. (173 threads)
[2023-10-19T09:21:26.584+0000][2446.801s][info ][safepoint     ] Application time: 1.0005624 seconds
[2023-10-19T09:21:26.584+0000][2446.801s][info ][safepoint     ] Entering safepoint region: Cleanup
[2023-10-19T09:21:26.585+0000][2446.802s][info ][safepoint     ] Leaving safepoint region
[2023-10-19T09:21:26.585+0000][2446.802s][info ][safepoint     ] Total time for which application threads were stopped: 0.0008816 seconds, Stopping threads took: 0.0003508 seconds
[2023-10-19T09:21:27.585+0000][2447.803s][debug][safepoint     ] Safepoint synchronization initiated. (173 threads)
[2023-10-19T09:21:27.586+0000][2447.803s][info ][safepoint     ] Application time: 1.0005414 seconds
[2023-10-19T09:21:27.586+0000][2447.804s][info ][safepoint     ] Entering safepoint region: Cleanup
[2023-10-19T09:21:27.587+0000][2447.804s][info ][safepoint     ] Leaving safepoint region
[2023-10-19T09:21:27.587+0000][2447.804s][info ][safepoint     ] Total time for which application threads were stopped: 0.0008200 seconds, Stopping threads took: 0.0003338 seconds
[2023-10-19T09:21:28.587+0000][2448.805s][debug][safepoint     ] Safepoint synchronization initiated. (173 threads)
[2023-10-19T09:21:28.588+0000][2448.805s][info ][safepoint     ] Application time: 1.0004976 seconds
[2023-10-19T09:21:28.588+0000][2448.805s][info ][safepoint     ] Entering safepoint region: Cleanup
[2023-10-19T09:21:28.589+0000][2448.806s][info ][safepoint     ] Leaving safepoint region
[2023-10-19T09:21:28.589+0000][2448.806s][info ][safepoint     ] Total time for which application threads were stopped: 0.0009490 seconds, Stopping threads took: 0.0002989 seconds
[2023-10-19T09:21:29.159+0000][2449.377s][debug][safepoint     ] Safepoint synchronization initiated. (173 threads)
[2023-10-19T09:21:29.160+0000][2449.377s][info ][safepoint     ] Application time: 0.5705266 seconds
[2023-10-19T09:21:29.160+0000][2449.378s][info ][safepoint     ] Entering safepoint region: G1CollectForAllocation
[2023-10-19T09:21:29.161+0000][2449.378s][info ][gc,start      ] GC(83) Pause Young (Normal) (G1 Evacuation Pause)
[2023-10-19T09:21:29.161+0000][2449.379s][info ][gc,task       ] GC(83) Using 8 workers of 8 for evacuation
[2023-10-19T09:21:29.172+0000][2449.389s][info ][gc,phases     ] GC(83)   Pre Evacuate Collection Set: 0.0ms
[2023-10-19T09:21:29.173+0000][2449.390s][info ][gc,phases     ] GC(83)   Evacuate Collection Set: 7.9ms
[2023-10-19T09:21:29.173+0000][2449.390s][info ][gc,phases     ] GC(83)   Post Evacuate Collection Set: 2.5ms
[2023-10-19T09:21:29.174+0000][2449.391s][info ][gc,phases     ] GC(83)   Other: 0.9ms
[2023-10-19T09:21:29.174+0000][2449.391s][info ][gc,heap       ] GC(83) Eden regions: 162->0(154)
[2023-10-19T09:21:29.174+0000][2449.392s][info ][gc,heap       ] GC(83) Survivor regions: 2->2(21)
[2023-10-19T09:21:29.175+0000][2449.392s][info ][gc,heap       ] GC(83) Old regions: 133->134
[2023-10-19T09:21:29.175+0000][2449.393s][info ][gc,heap       ] GC(83) Humongous regions: 20->20
[2023-10-19T09:21:29.176+0000][2449.393s][info ][gc,metaspace  ] GC(83) Metaspace: 160496K(167376K)->160496K(167376K) NonClass: 141917K(146384K)->141917K(146384K) Class: 18579K(20992K)->18579K(20992K)
[2023-10-19T09:21:29.176+0000][2449.394s][info ][gc            ] GC(83) Pause Young (Normal) (G1 Evacuation Pause) 314M->153M(350M) 15.435ms
[2023-10-19T09:21:29.177+0000][2449.394s][info ][gc,cpu        ] GC(83) User=0.07s Sys=0.01s Real=0.02s
[2023-10-19T09:21:29.177+0000][2449.395s][info ][safepoint     ] Leaving safepoint region
[2023-10-19T09:21:29.178+0000][2449.395s][info ][safepoint     ] Total time for which application threads were stopped: 0.0174075 seconds, Stopping threads took: 0.0003606 seconds
[2023-10-19T09:21:30.178+0000][2450.395s][debug][safepoint     ] Safepoint synchronization initiated. (173 threads)
[2023-10-19T09:21:30.179+0000][2450.396s][info ][safepoint     ] Application time: 1.0007098 seconds
[2023-10-19T09:21:30.179+0000][2450.396s][info ][safepoint     ] Entering safepoint region: Cleanup
[2023-10-19T09:21:30.180+0000][2450.397s][info ][safepoint     ] Leaving safepoint region
[2023-10-19T09:21:30.180+0000][2450.397s][info ][safepoint     ] Total time for which application threads were stopped: 0.0009462 seconds, Stopping threads took: 0.0004097 seconds
[2023-10-19T09:21:31.181+0000][2451.398s][debug][safepoint     ] Safepoint synchronization initiated. (173 threads)
[2023-10-19T09:21:31.181+0000][2451.398s][info ][safepoint     ] Application time: 1.0007465 seconds
[2023-10-19T09:21:31.182+0000][2451.399s][info ][safepoint     ] Entering safepoint region: Cleanup
[2023-10-19T09:21:31.182+0000][2451.400s][info ][safepoint     ] Leaving safepoint region
[2023-10-19T09:21:31.183+0000][2451.400s][info ][safepoint     ] Total time for which application threads were stopped: 0.0011430 seconds, Stopping threads took: 0.0005528 seconds
[2023-10-19T09:21:32.183+0000][2452.401s][debug][safepoint     ] Safepoint synchronization initiated. (173 threads)
[2023-10-19T09:21:32.184+0000][2452.401s][info ][safepoint     ] Application time: 1.0007650 seconds
[2023-10-19T09:21:32.184+0000][2452.402s][info ][safepoint     ] Entering safepoint region: Cleanup
[2023-10-19T09:21:32.185+0000][2452.402s][info ][safepoint     ] Leaving safepoint region
[2023-10-19T09:21:32.185+0000][2452.403s][info ][safepoint     ] Total time for which application threads were stopped: 0.0010298 seconds, Stopping threads took: 0.0004128 seconds
[2023-10-19T09:21:33.186+0000][2453.403s][debug][safepoint     ] Safepoint synchronization initiated. (173 threads)
[2023-10-19T09:21:33.186+0000][2453.404s][info ][safepoint     ] Application time: 1.0009708 seconds
[2023-10-19T09:21:33.187+0000][2453.405s][info ][safepoint     ] Entering safepoint region: Cleanup
[2023-10-19T09:21:33.188+0000][2453.405s][info ][safepoint     ] Leaving safepoint region
[2023-10-19T09:21:33.188+0000][2453.406s][info ][safepoint     ] Total time for which application threads were stopped: 0.0011129 seconds, Stopping threads took: 0.0005508 seconds
[2023-10-19T09:21:34.189+0000][2454.406s][debug][safepoint     ] Safepoint synchronization initiated. (173 threads)
[2023-10-19T09:21:34.189+0000][2454.407s][info ][safepoint     ] Application time: 1.0008729 seconds
[2023-10-19T09:21:34.190+0000][2454.408s][info ][safepoint     ] Entering safepoint region: Cleanup
[2023-10-19T09:21:34.190+0000][2454.408s][info ][safepoint     ] Leaving safepoint region
[2023-10-19T09:21:34.191+0000][2454.409s][info ][safepoint     ] Total time for which application threads were stopped: 0.0009956 seconds, Stopping threads took: 0.0004190 seconds
[2023-10-19T09:21:35.191+0000][2455.409s][debug][safepoint     ] Safepoint synchronization initiated. (173 threads)
[2023-10-19T09:21:35.192+0000][2455.410s][info ][safepoint     ] Application time: 1.0009641 seconds
[2023-10-19T09:21:35.193+0000][2455.411s][info ][safepoint     ] Entering safepoint region: Cleanup
[2023-10-19T09:21:35.194+0000][2455.411s][info ][safepoint     ] Leaving safepoint region
[2023-10-19T09:21:35.194+0000][2455.412s][info ][safepoint     ] Total time for which application threads were stopped: 0.0013326 seconds, Stopping threads took: 0.0006575 seconds
[2023-10-19T09:21:36.195+0000][2456.413s][debug][safepoint     ] Safepoint synchronization initiated. (173 threads)
[2023-10-19T09:21:36.195+0000][2456.413s][info ][safepoint     ] Application time: 1.0008230 seconds
[2023-10-19T09:21:36.196+0000][2456.414s][info ][safepoint     ] Entering safepoint region: Cleanup
[2023-10-19T09:21:36.196+0000][2456.414s][info ][safepoint     ] Leaving safepoint region
[2023-10-19T09:21:36.197+0000][2456.414s][info ][safepoint     ] Total time for which application threads were stopped: 0.0009464 seconds, Stopping threads took: 0.0004090 seconds
[2023-10-19T09:21:37.197+0000][2457.415s][debug][safepoint     ] Safepoint synchronization initiated. (173 threads)
[2023-10-19T09:21:37.198+0000][2457.416s][info ][safepoint     ] Application time: 1.0009937 seconds
[2023-10-19T09:21:37.199+0000][2457.417s][info ][safepoint     ] Entering safepoint region: Cleanup
[2023-10-19T09:21:37.200+0000][2457.417s][info ][safepoint     ] Leaving safepoint region
[2023-10-19T09:21:37.200+0000][2457.418s][info ][safepoint     ] Total time for which application threads were stopped: 0.0012678 seconds, Stopping threads took: 0.0006233 seconds
[2023-10-19T09:21:38.201+0000][2458.419s][debug][safepoint     ] Safepoint synchronization initiated. (173 threads)
[2023-10-19T09:21:38.202+0000][2458.420s][info ][safepoint     ] Application time: 1.0011101 seconds
[2023-10-19T09:21:38.202+0000][2458.420s][info ][safepoint     ] Entering safepoint region: Cleanup
[2023-10-19T09:21:38.203+0000][2458.421s][info ][safepoint     ] Leaving safepoint region
[2023-10-19T09:21:38.204+0000][2458.422s][info ][safepoint     ] Total time for which application threads were stopped: 0.0015338 seconds, Stopping threads took: 0.0007055 seconds
[2023-10-19T09:21:39.205+0000][2459.423s][debug][safepoint     ] Safepoint synchronization initiated. (173 threads)
[2023-10-19T09:21:39.205+0000][2459.423s][info ][safepoint     ] Application time: 1.0006677 seconds
[2023-10-19T09:21:39.206+0000][2459.424s][info ][safepoint     ] Entering safepoint region: Cleanup
[2023-10-19T09:21:39.207+0000][2459.424s][info ][safepoint     ] Leaving safepoint region
[2023-10-19T09:21:39.207+0000][2459.425s][info ][safepoint     ] Total time for which application threads were stopped: 0.0013505 seconds, Stopping threads took: 0.0005616 seconds
[2023-10-19T09:21:40.208+0000][2460.426s][debug][safepoint     ] Safepoint synchronization initiated. (173 threads)
[2023-10-19T09:21:40.208+0000][2460.426s][info ][safepoint     ] Application time: 1.0005629 seconds
[2023-10-19T09:21:40.209+0000][2460.426s][info ][safepoint     ] Entering safepoint region: Cleanup
[2023-10-19T09:21:40.209+0000][2460.427s][info ][safepoint     ] Leaving safepoint region
[2023-10-19T09:21:40.209+0000][2460.427s][info ][safepoint     ] Total time for which application threads were stopped: 0.0008364 seconds, Stopping threads took: 0.0003783 seconds
[2023-10-19T09:21:41.210+0000][2461.428s][debug][safepoint     ] Safepoint synchronization initiated. (173 threads)
[2023-10-19T09:21:41.210+0000][2461.428s][info ][safepoint     ] Application time: 1.0007563 seconds
[2023-10-19T09:21:41.211+0000][2461.429s][info ][safepoint     ] Entering safepoint region: Cleanup
[2023-10-19T09:21:41.212+0000][2461.429s][info ][safepoint     ] Leaving safepoint region
[2023-10-19T09:21:41.212+0000][2461.430s][info ][safepoint     ] Total time for which application threads were stopped: 0.0013597 seconds, Stopping threads took: 0.0006010 seconds
[2023-10-19T09:21:42.213+0000][2462.431s][debug][safepoint     ] Safepoint synchronization initiated. (173 threads)
[2023-10-19T09:21:42.214+0000][2462.431s][info ][safepoint     ] Application time: 1.0008746 seconds
[2023-10-19T09:21:42.214+0000][2462.432s][info ][safepoint     ] Entering safepoint region: Cleanup
[2023-10-19T09:21:42.215+0000][2462.433s][info ][safepoint     ] Leaving safepoint region
[2023-10-19T09:21:42.215+0000][2462.433s][info ][safepoint     ] Total time for which application threads were stopped: 0.0011737 seconds, Stopping threads took: 0.0005682 seconds
[2023-10-19T09:21:43.216+0000][2463.434s][debug][safepoint     ] Safepoint synchronization initiated. (173 threads)
[2023-10-19T09:21:43.217+0000][2463.435s][info ][safepoint     ] Application time: 1.0013385 seconds
[2023-10-19T09:21:43.218+0000][2463.436s][info ][safepoint     ] Entering safepoint region: Cleanup
[2023-10-19T09:21:43.219+0000][2463.437s][info ][safepoint     ] Leaving safepoint region
[2023-10-19T09:21:43.220+0000][2463.438s][info ][safepoint     ] Total time for which application threads were stopped: 0.0019912 seconds, Stopping threads took: 0.0008818 seconds
[2023-10-19T09:21:44.221+0000][2464.439s][debug][safepoint     ] Safepoint synchronization initiated. (173 threads)
[2023-10-19T09:21:44.222+0000][2464.439s][info ][safepoint     ] Application time: 1.0010451 seconds
[2023-10-19T09:21:44.222+0000][2464.440s][info ][safepoint     ] Entering safepoint region: Cleanup
[2023-10-19T09:21:44.223+0000][2464.441s][info ][safepoint     ] Leaving safepoint region
[2023-10-19T09:21:44.224+0000][2464.441s][info ][safepoint     ] Total time for which application threads were stopped: 0.0012277 seconds, Stopping threads took: 0.0006181 seconds
[2023-10-19T09:21:45.224+0000][2465.442s][debug][safepoint     ] Safepoint synchronization initiated. (173 threads)
[2023-10-19T09:21:45.225+0000][2465.443s][info ][safepoint     ] Application time: 1.0012654 seconds
[2023-10-19T09:21:45.226+0000][2465.444s][info ][safepoint     ] Entering safepoint region: Cleanup
[2023-10-19T09:21:45.227+0000][2465.445s][info ][safepoint     ] Leaving safepoint region
[2023-10-19T09:21:45.227+0000][2465.445s][info ][safepoint     ] Total time for which application threads were stopped: 0.0017200 seconds, Stopping threads took: 0.0007996 seconds
[2023-10-19T09:21:46.228+0000][2466.446s][debug][safepoint     ] Safepoint synchronization initiated. (173 threads)
[2023-10-19T09:21:46.229+0000][2466.447s][info ][safepoint     ] Application time: 1.0007991 seconds
[2023-10-19T09:21:46.229+0000][2466.447s][info ][safepoint     ] Entering safepoint region: Cleanup
[2023-10-19T09:21:46.230+0000][2466.448s][info ][safepoint     ] Leaving safepoint region
[2023-10-19T09:21:46.230+0000][2466.448s][info ][safepoint     ] Total time for which application threads were stopped: 0.0011085 seconds, Stopping threads took: 0.0005032 seconds
[2023-10-19T09:21:47.231+0000][2467.449s][debug][safepoint     ] Safepoint synchronization initiated. (173 threads)
[2023-10-19T09:21:47.232+0000][2467.449s][info ][safepoint     ] Application time: 1.0007463 seconds
[2023-10-19T09:21:47.232+0000][2467.450s][info ][safepoint     ] Entering safepoint region: Cleanup
[2023-10-19T09:21:47.233+0000][2467.450s][info ][safepoint     ] Leaving safepoint region
[2023-10-19T09:21:47.233+0000][2467.451s][info ][safepoint     ] Total time for which application threads were stopped: 0.0010981 seconds, Stopping threads took: 0.0003900 seconds
[2023-10-19T09:21:48.234+0000][2468.452s][debug][safepoint     ] Safepoint synchronization initiated. (173 threads)
[2023-10-19T09:21:48.235+0000][2468.452s][info ][safepoint     ] Application time: 1.0011421 seconds
[2023-10-19T09:21:48.235+0000][2468.453s][info ][safepoint     ] Entering safepoint region: Cleanup
[2023-10-19T09:21:48.236+0000][2468.454s][info ][safepoint     ] Leaving safepoint region
[2023-10-19T09:21:48.237+0000][2468.455s][info ][safepoint     ] Total time for which application threads were stopped: 0.0013885 seconds, Stopping threads took: 0.0005191 seconds
[2023-10-19T09:21:49.238+0000][2469.456s][debug][safepoint     ] Safepoint synchronization initiated. (173 threads)
[2023-10-19T09:21:49.239+0000][2469.457s][info ][safepoint     ] Application time: 1.0017017 seconds
[2023-10-19T09:21:49.240+0000][2469.458s][info ][safepoint     ] Entering safepoint region: Cleanup
[2023-10-19T09:21:49.242+0000][2469.460s][info ][safepoint     ] Leaving safepoint region
[2023-10-19T09:21:49.243+0000][2469.461s][info ][safepoint     ] Total time for which application threads were stopped: 0.0025826 seconds, Stopping threads took: 0.0013293 seconds
[2023-10-19T09:21:50.244+0000][2470.462s][debug][safepoint     ] Safepoint synchronization initiated. (173 threads)
[2023-10-19T09:21:50.244+0000][2470.462s][info ][safepoint     ] Application time: 1.0005863 seconds
[2023-10-19T09:21:50.245+0000][2470.463s][info ][safepoint     ] Entering safepoint region: Cleanup
[2023-10-19T09:21:50.245+0000][2470.463s][info ][safepoint     ] Leaving safepoint region
[2023-10-19T09:21:50.246+0000][2470.464s][info ][safepoint     ] Total time for which application threads were stopped: 0.0009897 seconds, Stopping threads took: 0.0003556 seconds
[2023-10-19T09:21:51.246+0000][2471.464s][debug][safepoint     ] Safepoint synchronization initiated. (173 threads)
[2023-10-19T09:21:51.247+0000][2471.464s][info ][safepoint     ] Application time: 1.0005198 seconds
[2023-10-19T09:21:51.247+0000][2471.465s][info ][safepoint     ] Entering safepoint region: Cleanup
[2023-10-19T09:21:51.247+0000][2471.465s][info ][safepoint     ] Leaving safepoint region
[2023-10-19T09:21:51.248+0000][2471.466s][info ][safepoint     ] Total time for which application threads were stopped: 0.0009445 seconds, Stopping threads took: 0.0003826 seconds
[2023-10-19T09:21:52.248+0000][2472.466s][debug][safepoint     ] Safepoint synchronization initiated. (173 threads)
[2023-10-19T09:21:52.249+0000][2472.467s][info ][safepoint     ] Application time: 1.0009418 seconds
[2023-10-19T09:21:52.250+0000][2472.467s][info ][safepoint     ] Entering safepoint region: Cleanup
[2023-10-19T09:21:52.250+0000][2472.468s][info ][safepoint     ] Leaving safepoint region
[2023-10-19T09:21:52.251+0000][2472.469s][info ][safepoint     ] Total time for which application threads were stopped: 0.0012997 seconds, Stopping threads took: 0.0006068 seconds
[2023-10-19T09:21:53.252+0000][2473.469s][debug][safepoint     ] Safepoint synchronization initiated. (173 threads)
[2023-10-19T09:21:53.252+0000][2473.470s][info ][safepoint     ] Application time: 1.0009391 seconds
[2023-10-19T09:21:53.253+0000][2473.471s][info ][safepoint     ] Entering safepoint region: Cleanup
[2023-10-19T09:21:53.254+0000][2473.471s][info ][safepoint     ] Leaving safepoint region
[2023-10-19T09:21:53.254+0000][2473.472s][info ][safepoint     ] Total time for which application threads were stopped: 0.0013191 seconds, Stopping threads took: 0.0006682 seconds
[2023-10-19T09:21:53.254+0000][2473.472s][debug][safepoint     ] ... found polling page return exception at pc = 0x00007f0de87cbbc4, stub =0x00007f0de0840600
[2023-10-19T09:21:53.254+0000][2473.472s][debug][safepoint     ] ... found polling page return exception at pc = 0x00007f0de87cbbc4, stub =0x00007f0de0840600
[2023-10-19T09:21:53.254+0000][2473.472s][debug][safepoint     ] ... found polling page return exception at pc = 0x00007f0de87cbbc4, stub =0x00007f0de0840600
[2023-10-19T09:21:53.254+0000][2473.472s][debug][safepoint     ] ... found polling page return exception at pc = 0x00007f0de87cbbc4, stub =0x00007f0de0840600
[2023-10-19T09:21:53.254+0000][2473.472s][debug][safepoint     ] ... found polling page return exception at pc = 0x00007f0de87cbbc4, stub =0x00007f0de0840600
[2023-10-19T09:21:53.254+0000][2473.472s][debug][safepoint     ] ... found polling page return exception at pc = 0x00007f0de87cbbc4, stub =0x00007f0de0840600
[2023-10-19T09:21:54.255+0000][2474.473s][debug][safepoint     ] Safepoint synchronization initiated. (173 threads)
[2023-10-19T09:21:54.256+0000][2474.473s][info ][safepoint     ] Application time: 1.0008557 seconds
[2023-10-19T09:21:54.256+0000][2474.474s][info ][safepoint     ] Entering safepoint region: Cleanup
[2023-10-19T09:21:54.257+0000][2474.475s][info ][safepoint     ] Leaving safepoint region
[2023-10-19T09:21:54.257+0000][2474.475s][info ][safepoint     ] Total time for which application threads were stopped: 0.0014813 seconds, Stopping threads took: 0.0006183 seconds
[2023-10-19T09:21:55.258+0000][2475.476s][debug][safepoint     ] Safepoint synchronization initiated. (173 threads)
[2023-10-19T09:21:55.259+0000][2475.477s][info ][safepoint     ] Application time: 1.0007018 seconds
[2023-10-19T09:21:55.260+0000][2475.477s][info ][safepoint     ] Entering safepoint region: Cleanup
[2023-10-19T09:21:55.260+0000][2475.478s][info ][safepoint     ] Leaving safepoint region
[2023-10-19T09:21:55.261+0000][2475.478s][info ][safepoint     ] Total time for which application threads were stopped: 0.0011700 seconds, Stopping threads took: 0.0005103 seconds
[2023-10-19T09:21:56.261+0000][2476.479s][debug][safepoint     ] Safepoint synchronization initiated. (173 threads)
[2023-10-19T09:21:56.262+0000][2476.480s][info ][safepoint     ] Application time: 1.0011407 seconds
[2023-10-19T09:21:56.263+0000][2476.481s][info ][safepoint     ] Entering safepoint region: Cleanup
[2023-10-19T09:21:56.264+0000][2476.482s][info ][safepoint     ] Leaving safepoint region
[2023-10-19T09:21:56.265+0000][2476.483s][info ][safepoint     ] Total time for which application threads were stopped: 0.0017096 seconds, Stopping threads took: 0.0007584 seconds
[2023-10-19T09:21:57.266+0000][2477.484s][debug][safepoint     ] Safepoint synchronization initiated. (173 threads)
[2023-10-19T09:21:57.267+0000][2477.485s][info ][safepoint     ] Application time: 1.0014026 seconds
[2023-10-19T09:21:57.268+0000][2477.486s][info ][safepoint     ] Entering safepoint region: Cleanup
[2023-10-19T09:21:57.269+0000][2477.487s][info ][safepoint     ] Leaving safepoint region
[2023-10-19T09:21:57.270+0000][2477.488s][info ][safepoint     ] Total time for which application threads were stopped: 0.0024979 seconds, Stopping threads took: 0.0010848 seconds
[2023-10-19T09:21:58.271+0000][2478.489s][debug][safepoint     ] Safepoint synchronization initiated. (173 threads)
[2023-10-19T09:21:58.272+0000][2478.489s][info ][safepoint     ] Application time: 1.0006335 seconds
[2023-10-19T09:21:58.272+0000][2478.490s][info ][safepoint     ] Entering safepoint region: Cleanup
[2023-10-19T09:21:58.273+0000][2478.491s][info ][safepoint     ] Leaving safepoint region
[2023-10-19T09:21:58.273+0000][2478.491s][info ][safepoint     ] Total time for which application threads were stopped: 0.0010628 seconds, Stopping threads took: 0.0004255 seconds
[2023-10-19T09:21:59.274+0000][2479.492s][debug][safepoint     ] Safepoint synchronization initiated. (173 threads)
[2023-10-19T09:21:59.274+0000][2479.492s][info ][safepoint     ] Application time: 1.0007315 seconds
[2023-10-19T09:21:59.275+0000][2479.493s][info ][safepoint     ] Entering safepoint region: Cleanup
[2023-10-19T09:21:59.275+0000][2479.493s][info ][safepoint     ] Leaving safepoint region
[2023-10-19T09:21:59.276+0000][2479.493s][info ][safepoint     ] Total time for which application threads were stopped: 0.0008855 seconds, Stopping threads took: 0.0003735 seconds
[2023-10-19T09:22:00.276+0000][2480.494s][debug][safepoint     ] Safepoint synchronization initiated. (173 threads)
[2023-10-19T09:22:00.277+0000][2480.494s][info ][safepoint     ] Application time: 1.0005675 seconds
[2023-10-19T09:22:00.277+0000][2480.495s][info ][safepoint     ] Entering safepoint region: Cleanup
[2023-10-19T09:22:00.277+0000][2480.495s][info ][safepoint     ] Leaving safepoint region
[2023-10-19T09:22:00.278+0000][2480.496s][info ][safepoint     ] Total time for which application threads were stopped: 0.0009110 seconds, Stopping threads took: 0.0003929 seconds
[2023-10-19T09:22:01.278+0000][2481.496s][debug][safepoint     ] Safepoint synchronization initiated. (173 threads)
[2023-10-19T09:22:01.279+0000][2481.496s][info ][safepoint     ] Application time: 1.0005517 seconds
[2023-10-19T09:22:01.279+0000][2481.497s][info ][safepoint     ] Entering safepoint region: Cleanup
[2023-10-19T09:22:01.280+0000][2481.497s][info ][safepoint     ] Leaving safepoint region
[2023-10-19T09:22:01.280+0000][2481.498s][info ][safepoint     ] Total time for which application threads were stopped: 0.0008405 seconds, Stopping threads took: 0.0003696 seconds
[2023-10-19T09:22:02.281+0000][2482.498s][debug][safepoint     ] Safepoint synchronization initiated. (173 threads)
[2023-10-19T09:22:02.281+0000][2482.499s][info ][safepoint     ] Application time: 1.0012043 seconds
[2023-10-19T09:22:02.282+0000][2482.500s][info ][safepoint     ] Entering safepoint region: Cleanup
[2023-10-19T09:22:02.283+0000][2482.501s][info ][safepoint     ] Leaving safepoint region
[2023-10-19T09:22:02.284+0000][2482.502s][info ][safepoint     ] Total time for which application threads were stopped: 0.0018606 seconds, Stopping threads took: 0.0008539 seconds
[2023-10-19T09:22:03.285+0000][2483.503s][debug][safepoint     ] Safepoint synchronization initiated. (173 threads)
[2023-10-19T09:22:03.286+0000][2483.504s][info ][safepoint     ] Application time: 1.0013055 seconds
[2023-10-19T09:22:03.287+0000][2483.505s][info ][safepoint     ] Entering safepoint region: Cleanup
[2023-10-19T09:22:03.288+0000][2483.506s][info ][safepoint     ] Leaving safepoint region
[2023-10-19T09:22:03.289+0000][2483.507s][info ][safepoint     ] Total time for which application threads were stopped: 0.0021760 seconds, Stopping threads took: 0.0009219 seconds
[2023-10-19T09:22:04.290+0000][2484.508s][debug][safepoint     ] Safepoint synchronization initiated. (173 threads)
[2023-10-19T09:22:04.291+0000][2484.509s][info ][safepoint     ] Application time: 1.0012603 seconds
[2023-10-19T09:22:04.292+0000][2484.510s][info ][safepoint     ] Entering safepoint region: Cleanup
[2023-10-19T09:22:04.293+0000][2484.511s][info ][safepoint     ] Leaving safepoint region
[2023-10-19T09:22:04.294+0000][2484.512s][info ][safepoint     ] Total time for which application threads were stopped: 0.0018914 seconds, Stopping threads took: 0.0007705 seconds
[2023-10-19T09:22:05.295+0000][2485.513s][debug][safepoint     ] Safepoint synchronization initiated. (173 threads)
[2023-10-19T09:22:05.296+0000][2485.514s][info ][safepoint     ] Application time: 1.0011954 seconds
[2023-10-19T09:22:05.297+0000][2485.515s][info ][safepoint     ] Entering safepoint region: Cleanup
[2023-10-19T09:22:05.298+0000][2485.516s][info ][safepoint     ] Leaving safepoint region
[2023-10-19T09:22:05.299+0000][2485.517s][info ][safepoint     ] Total time for which application threads were stopped: 0.0022740 seconds, Stopping threads took: 0.0009679 seconds
[2023-10-19T09:22:06.300+0000][2486.518s][debug][safepoint     ] Safepoint synchronization initiated. (173 threads)
[2023-10-19T09:22:06.301+0000][2486.519s][info ][safepoint     ] Application time: 1.0011692 seconds
[2023-10-19T09:22:06.302+0000][2486.520s][info ][safepoint     ] Entering safepoint region: Cleanup
[2023-10-19T09:22:06.304+0000][2486.522s][info ][safepoint     ] Leaving safepoint region
[2023-10-19T09:22:06.305+0000][2486.522s][info ][safepoint     ] Total time for which application threads were stopped: 0.0022139 seconds, Stopping threads took: 0.0010304 seconds
[2023-10-19T09:22:07.306+0000][2487.523s][debug][safepoint     ] Safepoint synchronization initiated. (173 threads)
[2023-10-19T09:22:07.306+0000][2487.524s][info ][safepoint     ] Application time: 1.0007499 seconds
[2023-10-19T09:22:07.307+0000][2487.525s][info ][safepoint     ] Entering safepoint region: Cleanup
[2023-10-19T09:22:07.307+0000][2487.525s][info ][safepoint     ] Leaving safepoint region
[2023-10-19T09:22:07.308+0000][2487.526s][info ][safepoint     ] Total time for which application threads were stopped: 0.0011162 seconds, Stopping threads took: 0.0004815 seconds
[2023-10-19T09:22:08.308+0000][2488.526s][debug][safepoint     ] Safepoint synchronization initiated. (173 threads)
[2023-10-19T09:22:08.309+0000][2488.527s][info ][safepoint     ] Application time: 1.0006549 seconds
[2023-10-19T09:22:08.309+0000][2488.527s][info ][safepoint     ] Entering safepoint region: Cleanup
[2023-10-19T09:22:08.310+0000][2488.527s][info ][safepoint     ] Leaving safepoint region
[2023-10-19T09:22:08.310+0000][2488.528s][info ][safepoint     ] Total time for which application threads were stopped: 0.0007311 seconds, Stopping threads took: 0.0003002 seconds
[2023-10-19T09:22:09.310+0000][2489.528s][debug][safepoint     ] Safepoint synchronization initiated. (173 threads)
[2023-10-19T09:22:09.311+0000][2489.529s][info ][safepoint     ] Application time: 1.0008091 seconds
[2023-10-19T09:22:09.311+0000][2489.529s][info ][safepoint     ] Entering safepoint region: Cleanup
[2023-10-19T09:22:09.312+0000][2489.530s][info ][safepoint     ] Leaving safepoint region
[2023-10-19T09:22:09.312+0000][2489.530s][info ][safepoint     ] Total time for which application threads were stopped: 0.0007468 seconds, Stopping threads took: 0.0002913 seconds
[2023-10-19T09:22:10.312+0000][2490.530s][debug][safepoint     ] Safepoint synchronization initiated. (173 threads)
[2023-10-19T09:22:10.313+0000][2490.531s][info ][safepoint     ] Application time: 1.0010055 seconds
[2023-10-19T09:22:10.314+0000][2490.532s][info ][safepoint     ] Entering safepoint region: Cleanup
[2023-10-19T09:22:10.315+0000][2490.533s][info ][safepoint     ] Leaving safepoint region
[2023-10-19T09:22:10.315+0000][2490.533s][info ][safepoint     ] Total time for which application threads were stopped: 0.0014825 seconds, Stopping threads took: 0.0006433 seconds
[2023-10-19T09:22:11.316+0000][2491.534s][debug][safepoint     ] Safepoint synchronization initiated. (173 threads)
[2023-10-19T09:22:11.317+0000][2491.535s][info ][safepoint     ] Application time: 1.0010716 seconds
[2023-10-19T09:22:11.318+0000][2491.535s][info ][safepoint     ] Entering safepoint region: Cleanup
[2023-10-19T09:22:11.318+0000][2491.536s][info ][safepoint     ] Leaving safepoint region
[2023-10-19T09:22:11.319+0000][2491.537s][info ][safepoint     ] Total time for which application threads were stopped: 0.0014123 seconds, Stopping threads took: 0.0006140 seconds
[2023-10-19T09:22:12.320+0000][2492.538s][debug][safepoint     ] Safepoint synchronization initiated. (173 threads)
[2023-10-19T09:22:12.321+0000][2492.539s][info ][safepoint     ] Application time: 1.0014839 seconds
[2023-10-19T09:22:12.322+0000][2492.540s][info ][safepoint     ] Entering safepoint region: Cleanup
[2023-10-19T09:22:12.323+0000][2492.541s][info ][safepoint     ] Leaving safepoint region
[2023-10-19T09:22:12.324+0000][2492.542s][info ][safepoint     ] Total time for which application threads were stopped: 0.0020829 seconds, Stopping threads took: 0.0008469 seconds
[2023-10-19T09:22:13.325+0000][2493.543s][debug][safepoint     ] Safepoint synchronization initiated. (173 threads)
[2023-10-19T09:22:13.326+0000][2493.544s][info ][safepoint     ] Application time: 1.0009487 seconds
[2023-10-19T09:22:13.327+0000][2493.545s][info ][safepoint     ] Entering safepoint region: Cleanup
[2023-10-19T09:22:13.328+0000][2493.546s][info ][safepoint     ] Leaving safepoint region
[2023-10-19T09:22:13.329+0000][2493.547s][info ][safepoint     ] Total time for which application threads were stopped: 0.0019805 seconds, Stopping threads took: 0.0008608 seconds
[2023-10-19T09:22:14.330+0000][2494.547s][debug][safepoint     ] Safepoint synchronization initiated. (173 threads)
[2023-10-19T09:22:14.331+0000][2494.548s][info ][safepoint     ] Application time: 1.0012049 seconds
[2023-10-19T09:22:14.331+0000][2494.549s][info ][safepoint     ] Entering safepoint region: Cleanup
[2023-10-19T09:22:14.332+0000][2494.550s][info ][safepoint     ] Leaving safepoint region
[2023-10-19T09:22:14.333+0000][2494.550s][info ][safepoint     ] Total time for which application threads were stopped: 0.0012355 seconds, Stopping threads took: 0.0005314 seconds
[2023-10-19T09:22:15.333+0000][2495.551s][debug][safepoint     ] Safepoint synchronization initiated. (173 threads)
[2023-10-19T09:22:15.334+0000][2495.552s][info ][safepoint     ] Application time: 1.0005930 seconds
[2023-10-19T09:22:15.334+0000][2495.552s][info ][safepoint     ] Entering safepoint region: Cleanup
[2023-10-19T09:22:15.335+0000][2495.552s][info ][safepoint     ] Leaving safepoint region
[2023-10-19T09:22:15.335+0000][2495.553s][info ][safepoint     ] Total time for which application threads were stopped: 0.0008228 seconds, Stopping threads took: 0.0003375 seconds
[2023-10-19T09:22:16.335+0000][2496.553s][debug][safepoint     ] Safepoint synchronization initiated. (173 threads)
[2023-10-19T09:22:16.336+0000][2496.554s][info ][safepoint     ] Application time: 1.0009065 seconds
[2023-10-19T09:22:16.337+0000][2496.555s][info ][safepoint     ] Entering safepoint region: Cleanup
[2023-10-19T09:22:16.338+0000][2496.555s][info ][safepoint     ] Leaving safepoint region
[2023-10-19T09:22:16.338+0000][2496.556s][info ][safepoint     ] Total time for which application threads were stopped: 0.0013673 seconds, Stopping threads took: 0.0005831 seconds
[2023-10-19T09:22:17.339+0000][2497.557s][debug][safepoint     ] Safepoint synchronization initiated. (173 threads)
[2023-10-19T09:22:17.340+0000][2497.558s][info ][safepoint     ] Application time: 1.0013873 seconds
[2023-10-19T09:22:17.341+0000][2497.559s][info ][safepoint     ] Entering safepoint region: Cleanup
[2023-10-19T09:22:17.343+0000][2497.560s][info ][safepoint     ] Leaving safepoint region
[2023-10-19T09:22:17.343+0000][2497.561s][info ][safepoint     ] Total time for which application threads were stopped: 0.0022346 seconds, Stopping threads took: 0.0011111 seconds
[2023-10-19T09:22:18.344+0000][2498.562s][debug][safepoint     ] Safepoint synchronization initiated. (173 threads)
[2023-10-19T09:22:18.345+0000][2498.563s][info ][safepoint     ] Application time: 1.0011054 seconds
[2023-10-19T09:22:18.346+0000][2498.564s][info ][safepoint     ] Entering safepoint region: Cleanup
[2023-10-19T09:22:18.347+0000][2498.565s][info ][safepoint     ] Leaving safepoint region
[2023-10-19T09:22:18.348+0000][2498.565s][info ][safepoint     ] Total time for which application threads were stopped: 0.0016341 seconds, Stopping threads took: 0.0008108 seconds
[2023-10-19T09:22:19.349+0000][2499.566s][debug][safepoint     ] Safepoint synchronization initiated. (173 threads)
[2023-10-19T09:22:19.350+0000][2499.567s][info ][safepoint     ] Application time: 1.0013032 seconds
[2023-10-19T09:22:19.350+0000][2499.568s][info ][safepoint     ] Entering safepoint region: Cleanup
[2023-10-19T09:22:19.351+0000][2499.569s][info ][safepoint     ] Leaving safepoint region
[2023-10-19T09:22:19.352+0000][2499.570s][info ][safepoint     ] Total time for which application threads were stopped: 0.0016470 seconds, Stopping threads took: 0.0007507 seconds
[2023-10-19T09:22:20.353+0000][2500.571s][debug][safepoint     ] Safepoint synchronization initiated. (173 threads)
[2023-10-19T09:22:20.354+0000][2500.572s][info ][safepoint     ] Application time: 1.0013023 seconds
[2023-10-19T09:22:20.355+0000][2500.572s][info ][safepoint     ] Entering safepoint region: Cleanup
[2023-10-19T09:22:20.355+0000][2500.573s][info ][safepoint     ] Leaving safepoint region
[2023-10-19T09:22:20.356+0000][2500.574s][info ][safepoint     ] Total time for which application threads were stopped: 0.0012191 seconds, Stopping threads took: 0.0005726 seconds
[2023-10-19T09:22:20.355+0000][2500.573s][debug][safepoint     ] ... found polling page return exception at pc = 0x00007f0de87cbbc4, stub =0x00007f0de0840600
[2023-10-19T09:22:20.355+0000][2500.573s][debug][safepoint     ] ... found polling page return exception at pc = 0x00007f0de87cbbc4, stub =0x00007f0de0840600
[2023-10-19T09:22:20.355+0000][2500.573s][debug][safepoint     ] ... found polling page return exception at pc = 0x00007f0de87cbbc4, stub =0x00007f0de0840600
[2023-10-19T09:22:21.357+0000][2501.575s][debug][safepoint     ] Safepoint synchronization initiated. (173 threads)
[2023-10-19T09:22:21.358+0000][2501.576s][info ][safepoint     ] Application time: 1.0018668 seconds
[2023-10-19T09:22:21.359+0000][2501.577s][debug][safepoint     ] Waiting for 1 thread(s) to block
[2023-10-19T09:22:21.360+0000][2501.578s][info ][safepoint     ] Entering safepoint region: Cleanup
[2023-10-19T09:22:21.361+0000][2501.579s][info ][safepoint     ] Leaving safepoint region
[2023-10-19T09:22:21.362+0000][2501.580s][info ][safepoint     ] Total time for which application threads were stopped: 0.0032023 seconds, Stopping threads took: 0.0021939 seconds
[2023-10-19T09:22:22.363+0000][2502.581s][debug][safepoint     ] Safepoint synchronization initiated. (173 threads)
[2023-10-19T09:22:22.364+0000][2502.582s][info ][safepoint     ] Application time: 1.0011795 seconds
[2023-10-19T09:22:22.365+0000][2502.583s][info ][safepoint     ] Entering safepoint region: Cleanup
[2023-10-19T09:22:22.365+0000][2502.583s][info ][safepoint     ] Leaving safepoint region
[2023-10-19T09:22:22.366+0000][2502.584s][info ][safepoint     ] Total time for which application threads were stopped: 0.0013897 seconds, Stopping threads took: 0.0005405 seconds
[2023-10-19T09:22:23.367+0000][2503.585s][debug][safepoint     ] Safepoint synchronization initiated. (173 threads)
[2023-10-19T09:22:23.368+0000][2503.586s][info ][safepoint     ] Application time: 1.0011710 seconds
[2023-10-19T09:22:23.368+0000][2503.586s][info ][safepoint     ] Entering safepoint region: Cleanup
[2023-10-19T09:22:23.369+0000][2503.587s][info ][safepoint     ] Leaving safepoint region
[2023-10-19T09:22:23.369+0000][2503.587s][info ][safepoint     ] Total time for which application threads were stopped: 0.0011421 seconds, Stopping threads took: 0.0005122 seconds
[2023-10-19T09:22:24.370+0000][2504.588s][debug][safepoint     ] Safepoint synchronization initiated. (173 threads)
[2023-10-19T09:22:24.371+0000][2504.589s][info ][safepoint     ] Application time: 1.0009575 seconds
[2023-10-19T09:22:24.372+0000][2504.590s][info ][safepoint     ] Entering safepoint region: Cleanup
[2023-10-19T09:22:24.373+0000][2504.591s][info ][safepoint     ] Leaving safepoint region
[2023-10-19T09:22:24.373+0000][2504.591s][info ][safepoint     ] Total time for which application threads were stopped: 0.0015955 seconds, Stopping threads took: 0.0007193 seconds
[2023-10-19T09:22:25.374+0000][2505.592s][debug][safepoint     ] Safepoint synchronization initiated. (173 threads)
[2023-10-19T09:22:25.375+0000][2505.593s][info ][safepoint     ] Application time: 1.0013595 seconds
[2023-10-19T09:22:25.376+0000][2505.594s][info ][safepoint     ] Entering safepoint region: Cleanup
[2023-10-19T09:22:25.377+0000][2505.595s][info ][safepoint     ] Leaving safepoint region
[2023-10-19T09:22:25.378+0000][2505.596s][info ][safepoint     ] Total time for which application threads were stopped: 0.0016342 seconds, Stopping threads took: 0.0006900 seconds
[2023-10-19T09:22:26.378+0000][2506.596s][debug][safepoint     ] Safepoint synchronization initiated. (173 threads)
[2023-10-19T09:22:26.379+0000][2506.597s][info ][safepoint     ] Application time: 1.0009541 seconds
[2023-10-19T09:22:26.380+0000][2506.598s][info ][safepoint     ] Entering safepoint region: Cleanup
[2023-10-19T09:22:26.381+0000][2506.599s][info ][safepoint     ] Leaving safepoint region
[2023-10-19T09:22:26.381+0000][2506.599s][info ][safepoint     ] Total time for which application threads were stopped: 0.0015704 seconds, Stopping threads took: 0.0006730 seconds
[2023-10-19T09:22:27.382+0000][2507.600s][debug][safepoint     ] Safepoint synchronization initiated. (172 threads)
[2023-10-19T09:22:27.384+0000][2507.601s][info ][safepoint     ] Application time: 1.0015575 seconds
[2023-10-19T09:22:27.385+0000][2507.603s][info ][safepoint     ] Entering safepoint region: Cleanup
[2023-10-19T09:22:27.386+0000][2507.604s][info ][safepoint     ] Leaving safepoint region
[2023-10-19T09:22:27.387+0000][2507.605s][info ][safepoint     ] Total time for which application threads were stopped: 0.0021519 seconds, Stopping threads took: 0.0009955 seconds
[2023-10-19T09:22:28.388+0000][2508.606s][debug][safepoint     ] Safepoint synchronization initiated. (172 threads)
[2023-10-19T09:22:28.389+0000][2508.607s][info ][safepoint     ] Application time: 1.0015217 seconds
[2023-10-19T09:22:28.390+0000][2508.608s][info ][safepoint     ] Entering safepoint region: Cleanup
[2023-10-19T09:22:28.392+0000][2508.609s][info ][safepoint     ] Leaving safepoint region
[2023-10-19T09:22:28.393+0000][2508.610s][info ][safepoint     ] Total time for which application threads were stopped: 0.0023787 seconds, Stopping threads took: 0.0009961 seconds
[2023-10-19T09:22:29.394+0000][2509.612s][debug][safepoint     ] Safepoint synchronization initiated. (172 threads)
[2023-10-19T09:22:29.395+0000][2509.613s][info ][safepoint     ] Application time: 1.0013227 seconds
[2023-10-19T09:22:29.396+0000][2509.614s][info ][safepoint     ] Entering safepoint region: Cleanup
[2023-10-19T09:22:29.397+0000][2509.615s][info ][safepoint     ] Leaving safepoint region
[2023-10-19T09:22:29.398+0000][2509.616s][info ][safepoint     ] Total time for which application threads were stopped: 0.0021342 seconds, Stopping threads took: 0.0009401 seconds
[2023-10-19T09:22:30.399+0000][2510.617s][debug][safepoint     ] Safepoint synchronization initiated. (172 threads)
[2023-10-19T09:22:30.400+0000][2510.618s][info ][safepoint     ] Application time: 1.0012908 seconds
[2023-10-19T09:22:30.401+0000][2510.619s][info ][safepoint     ] Entering safepoint region: Cleanup
[2023-10-19T09:22:30.402+0000][2510.620s][info ][safepoint     ] Leaving safepoint region
[2023-10-19T09:22:30.403+0000][2510.621s][info ][safepoint     ] Total time for which application threads were stopped: 0.0020148 seconds, Stopping threads took: 0.0009486 seconds
[2023-10-19T09:22:30.402+0000][2510.620s][debug][safepoint     ] ... found polling page return exception at pc = 0x00007f0de87cbbc4, stub =0x00007f0de0840600
[2023-10-19T09:22:31.404+0000][2511.622s][debug][safepoint     ] Safepoint synchronization initiated. (172 threads)
[2023-10-19T09:22:31.405+0000][2511.623s][info ][safepoint     ] Application time: 1.0012154 seconds
[2023-10-19T09:22:31.405+0000][2511.623s][info ][safepoint     ] Entering safepoint region: Cleanup
[2023-10-19T09:22:31.406+0000][2511.624s][info ][safepoint     ] Leaving safepoint region
[2023-10-19T09:22:31.407+0000][2511.624s][info ][safepoint     ] Total time for which application threads were stopped: 0.0012251 seconds, Stopping threads took: 0.0005416 seconds
[2023-10-19T09:22:32.407+0000][2512.625s][debug][safepoint     ] Safepoint synchronization initiated. (172 threads)
[2023-10-19T09:22:32.408+0000][2512.626s][info ][safepoint     ] Application time: 1.0007100 seconds
[2023-10-19T09:22:32.408+0000][2512.626s][info ][safepoint     ] Entering safepoint region: Cleanup
[2023-10-19T09:22:32.409+0000][2512.627s][info ][safepoint     ] Leaving safepoint region
[2023-10-19T09:22:32.409+0000][2512.627s][info ][safepoint     ] Total time for which application threads were stopped: 0.0010333 seconds, Stopping threads took: 0.0004404 seconds
[2023-10-19T09:22:33.410+0000][2513.628s][debug][safepoint     ] Safepoint synchronization initiated. (172 threads)
[2023-10-19T09:22:33.411+0000][2513.629s][info ][safepoint     ] Application time: 1.0011983 seconds
[2023-10-19T09:22:33.411+0000][2513.629s][info ][safepoint     ] Entering safepoint region: Cleanup
[2023-10-19T09:22:33.412+0000][2513.630s][info ][safepoint     ] Leaving safepoint region
[2023-10-19T09:22:33.413+0000][2513.631s][info ][safepoint     ] Total time for which application threads were stopped: 0.0016940 seconds, Stopping threads took: 0.0007282 seconds
[2023-10-19T09:22:34.414+0000][2514.632s][debug][safepoint     ] Safepoint synchronization initiated. (172 threads)
[2023-10-19T09:22:34.415+0000][2514.633s][info ][safepoint     ] Application time: 1.0015450 seconds
[2023-10-19T09:22:34.416+0000][2514.634s][info ][safepoint     ] Entering safepoint region: Cleanup
[2023-10-19T09:22:34.418+0000][2514.636s][info ][safepoint     ] Leaving safepoint region
[2023-10-19T09:22:34.419+0000][2514.637s][info ][safepoint     ] Total time for which application threads were stopped: 0.0024766 seconds, Stopping threads took: 0.0010424 seconds
[2023-10-19T09:22:35.420+0000][2515.638s][debug][safepoint     ] Safepoint synchronization initiated. (172 threads)
[2023-10-19T09:22:35.421+0000][2515.639s][info ][safepoint     ] Application time: 1.0017462 seconds
[2023-10-19T09:22:35.423+0000][2515.641s][info ][safepoint     ] Entering safepoint region: Cleanup
[2023-10-19T09:22:35.424+0000][2515.642s][info ][safepoint     ] Leaving safepoint region
[2023-10-19T09:22:35.425+0000][2515.643s][info ][safepoint     ] Total time for which application threads were stopped: 0.0025674 seconds, Stopping threads took: 0.0011581 seconds
[2023-10-19T09:22:36.426+0000][2516.644s][debug][safepoint     ] Safepoint synchronization initiated. (172 threads)
[2023-10-19T09:22:36.428+0000][2516.646s][info ][safepoint     ] Application time: 1.0015002 seconds
[2023-10-19T09:22:36.429+0000][2516.647s][info ][safepoint     ] Entering safepoint region: Cleanup
[2023-10-19T09:22:36.430+0000][2516.648s][info ][safepoint     ] Leaving safepoint region
[2023-10-19T09:22:36.431+0000][2516.649s][info ][safepoint     ] Total time for which application threads were stopped: 0.0024060 seconds, Stopping threads took: 0.0010804 seconds
[2023-10-19T09:22:37.432+0000][2517.650s][debug][safepoint     ] Safepoint synchronization initiated. (172 threads)
[2023-10-19T09:22:37.433+0000][2517.651s][info ][safepoint     ] Application time: 1.0011590 seconds
[2023-10-19T09:22:37.434+0000][2517.652s][info ][safepoint     ] Entering safepoint region: Cleanup
[2023-10-19T09:22:37.435+0000][2517.653s][info ][safepoint     ] Leaving safepoint region
[2023-10-19T09:22:37.435+0000][2517.653s][info ][safepoint     ] Total time for which application threads were stopped: 0.0013116 seconds, Stopping threads took: 0.0005874 seconds
[2023-10-19T09:22:38.436+0000][2518.654s][debug][safepoint     ] Safepoint synchronization initiated. (172 threads)
[2023-10-19T09:22:38.437+0000][2518.655s][info ][safepoint     ] Application time: 1.0013052 seconds
[2023-10-19T09:22:38.438+0000][2518.656s][info ][safepoint     ] Entering safepoint region: Cleanup
[2023-10-19T09:22:38.439+0000][2518.657s][info ][safepoint     ] Leaving safepoint region
[2023-10-19T09:22:38.440+0000][2518.658s][info ][safepoint     ] Total time for which application threads were stopped: 0.0024375 seconds, Stopping threads took: 0.0012180 seconds
[2023-10-19T09:22:39.441+0000][2519.659s][debug][safepoint     ] Safepoint synchronization initiated. (172 threads)
[2023-10-19T09:22:39.443+0000][2519.661s][info ][safepoint     ] Application time: 1.0014242 seconds
[2023-10-19T09:22:39.444+0000][2519.662s][info ][safepoint     ] Entering safepoint region: Cleanup
[2023-10-19T09:22:39.445+0000][2519.663s][info ][safepoint     ] Leaving safepoint region
[2023-10-19T09:22:39.446+0000][2519.664s][info ][safepoint     ] Total time for which application threads were stopped: 0.0019202 seconds, Stopping threads took: 0.0008618 seconds
[2023-10-19T09:22:40.447+0000][2520.665s][debug][safepoint     ] Safepoint synchronization initiated. (172 threads)
[2023-10-19T09:22:40.448+0000][2520.666s][info ][safepoint     ] Application time: 1.0016529 seconds
[2023-10-19T09:22:40.449+0000][2520.667s][info ][safepoint     ] Entering safepoint region: Cleanup
[2023-10-19T09:22:40.450+0000][2520.668s][info ][safepoint     ] Leaving safepoint region
[2023-10-19T09:22:40.451+0000][2520.669s][info ][safepoint     ] Total time for which application threads were stopped: 0.0022448 seconds, Stopping threads took: 0.0010832 seconds
[2023-10-19T09:22:41.452+0000][2521.670s][debug][safepoint     ] Safepoint synchronization initiated. (172 threads)
[2023-10-19T09:22:41.453+0000][2521.671s][info ][safepoint     ] Application time: 1.0014557 seconds
[2023-10-19T09:22:41.454+0000][2521.672s][info ][safepoint     ] Entering safepoint region: Cleanup
[2023-10-19T09:22:41.455+0000][2521.673s][info ][safepoint     ] Leaving safepoint region
[2023-10-19T09:22:41.456+0000][2521.674s][info ][safepoint     ] Total time for which application threads were stopped: 0.0017978 seconds, Stopping threads took: 0.0007682 seconds
[2023-10-19T09:22:42.457+0000][2522.675s][debug][safepoint     ] Safepoint synchronization initiated. (172 threads)
[2023-10-19T09:22:42.458+0000][2522.676s][info ][safepoint     ] Application time: 1.0009447 seconds
[2023-10-19T09:22:42.458+0000][2522.676s][info ][safepoint     ] Entering safepoint region: Cleanup
[2023-10-19T09:22:42.459+0000][2522.677s][info ][safepoint     ] Leaving safepoint region
[2023-10-19T09:22:42.459+0000][2522.677s][info ][safepoint     ] Total time for which application threads were stopped: 0.0012796 seconds, Stopping threads took: 0.0005274 seconds
[2023-10-19T09:22:43.460+0000][2523.678s][debug][safepoint     ] Safepoint synchronization initiated. (172 threads)
[2023-10-19T09:22:43.461+0000][2523.679s][info ][safepoint     ] Application time: 1.0010148 seconds
[2023-10-19T09:22:43.462+0000][2523.680s][info ][safepoint     ] Entering safepoint region: Cleanup
[2023-10-19T09:22:43.462+0000][2523.680s][info ][safepoint     ] Leaving safepoint region
[2023-10-19T09:22:43.463+0000][2523.681s][info ][safepoint     ] Total time for which application threads were stopped: 0.0013291 seconds, Stopping threads took: 0.0005973 seconds
[2023-10-19T09:22:44.464+0000][2524.682s][debug][safepoint     ] Safepoint synchronization initiated. (172 threads)
[2023-10-19T09:22:44.464+0000][2524.682s][info ][safepoint     ] Application time: 1.0007909 seconds
[2023-10-19T09:22:44.464+0000][2524.683s][info ][safepoint     ] Entering safepoint region: Cleanup
[2023-10-19T09:22:44.465+0000][2524.683s][info ][safepoint     ] Leaving safepoint region
[2023-10-19T09:22:44.465+0000][2524.683s][info ][safepoint     ] Total time for which application threads were stopped: 0.0009001 seconds, Stopping threads took: 0.0003670 seconds
[2023-10-19T09:22:45.466+0000][2525.684s][debug][safepoint     ] Safepoint synchronization initiated. (172 threads)
[2023-10-19T09:22:45.467+0000][2525.685s][info ][safepoint     ] Application time: 1.0013484 seconds
[2023-10-19T09:22:45.468+0000][2525.686s][info ][safepoint     ] Entering safepoint region: Cleanup
[2023-10-19T09:22:45.469+0000][2525.687s][info ][safepoint     ] Leaving safepoint region
[2023-10-19T09:22:45.470+0000][2525.688s][info ][safepoint     ] Total time for which application threads were stopped: 0.0017980 seconds, Stopping threads took: 0.0008476 seconds
[2023-10-19T09:22:46.471+0000][2526.689s][debug][safepoint     ] Safepoint synchronization initiated. (172 threads)
[2023-10-19T09:22:46.472+0000][2526.690s][info ][safepoint     ] Application time: 1.0012514 seconds
[2023-10-19T09:22:46.472+0000][2526.690s][info ][safepoint     ] Entering safepoint region: Cleanup
[2023-10-19T09:22:46.473+0000][2526.691s][info ][safepoint     ] Leaving safepoint region
[2023-10-19T09:22:46.473+0000][2526.692s][info ][safepoint     ] Total time for which application threads were stopped: 0.0011537 seconds, Stopping threads took: 0.0005840 seconds
[2023-10-19T09:22:47.474+0000][2527.692s][debug][safepoint     ] Safepoint synchronization initiated. (172 threads)
[2023-10-19T09:22:47.475+0000][2527.693s][info ][safepoint     ] Application time: 1.0015462 seconds
[2023-10-19T09:22:47.476+0000][2527.694s][info ][safepoint     ] Entering safepoint region: Cleanup
[2023-10-19T09:22:47.478+0000][2527.696s][info ][safepoint     ] Leaving safepoint region
[2023-10-19T09:22:47.479+0000][2527.697s][info ][safepoint     ] Total time for which application threads were stopped: 0.0021693 seconds, Stopping threads took: 0.0010097 seconds
[2023-10-19T09:22:48.479+0000][2528.697s][debug][safepoint     ] Safepoint synchronization initiated. (172 threads)
[2023-10-19T09:22:48.480+0000][2528.698s][info ][safepoint     ] Application time: 1.0010660 seconds
[2023-10-19T09:22:48.481+0000][2528.699s][info ][safepoint     ] Entering safepoint region: Cleanup
[2023-10-19T09:22:48.482+0000][2528.700s][info ][safepoint     ] Leaving safepoint region
[2023-10-19T09:22:48.482+0000][2528.700s][info ][safepoint     ] Total time for which application threads were stopped: 0.0011443 seconds, Stopping threads took: 0.0005810 seconds
[2023-10-19T09:22:49.482+0000][2529.700s][debug][safepoint     ] Safepoint synchronization initiated. (172 threads)
[2023-10-19T09:22:49.483+0000][2529.701s][info ][safepoint     ] Application time: 1.0009080 seconds
[2023-10-19T09:22:49.484+0000][2529.702s][info ][safepoint     ] Entering safepoint region: Cleanup
[2023-10-19T09:22:49.485+0000][2529.703s][info ][safepoint     ] Leaving safepoint region
[2023-10-19T09:22:49.485+0000][2529.703s][info ][safepoint     ] Total time for which application threads were stopped: 0.0014851 seconds, Stopping threads took: 0.0008084 seconds
[2023-10-19T09:22:50.486+0000][2530.704s][debug][safepoint     ] Safepoint synchronization initiated. (172 threads)
[2023-10-19T09:22:50.486+0000][2530.704s][info ][safepoint     ] Application time: 1.0009574 seconds
[2023-10-19T09:22:50.487+0000][2530.705s][info ][safepoint     ] Entering safepoint region: Cleanup
[2023-10-19T09:22:50.488+0000][2530.706s][info ][safepoint     ] Leaving safepoint region
[2023-10-19T09:22:50.488+0000][2530.706s][info ][safepoint     ] Total time for which application threads were stopped: 0.0012540 seconds, Stopping threads took: 0.0005711 seconds
[2023-10-19T09:22:51.489+0000][2531.707s][debug][safepoint     ] Safepoint synchronization initiated. (172 threads)
[2023-10-19T09:22:51.490+0000][2531.708s][info ][safepoint     ] Application time: 1.0010659 seconds
[2023-10-19T09:22:51.491+0000][2531.709s][info ][safepoint     ] Entering safepoint region: Cleanup
[2023-10-19T09:22:51.491+0000][2531.709s][info ][safepoint     ] Leaving safepoint region
[2023-10-19T09:22:51.492+0000][2531.710s][info ][safepoint     ] Total time for which application threads were stopped: 0.0014037 seconds, Stopping threads took: 0.0005898 seconds
[2023-10-19T09:22:52.493+0000][2532.711s][debug][safepoint     ] Safepoint synchronization initiated. (172 threads)
[2023-10-19T09:22:52.493+0000][2532.711s][info ][safepoint     ] Application time: 1.0009549 seconds
[2023-10-19T09:22:52.494+0000][2532.712s][info ][safepoint     ] Entering safepoint region: Cleanup
[2023-10-19T09:22:52.495+0000][2532.713s][info ][safepoint     ] Leaving safepoint region
[2023-10-19T09:22:52.495+0000][2532.713s][info ][safepoint     ] Total time for which application threads were stopped: 0.0011076 seconds, Stopping threads took: 0.0004212 seconds
[2023-10-19T09:22:53.496+0000][2533.714s][debug][safepoint     ] Safepoint synchronization initiated. (172 threads)
[2023-10-19T09:22:53.496+0000][2533.714s][info ][safepoint     ] Application time: 1.0007512 seconds
[2023-10-19T09:22:53.497+0000][2533.715s][info ][safepoint     ] Entering safepoint region: Cleanup
[2023-10-19T09:22:53.497+0000][2533.715s][info ][safepoint     ] Leaving safepoint region
[2023-10-19T09:22:53.498+0000][2533.716s][info ][safepoint     ] Total time for which application threads were stopped: 0.0010439 seconds, Stopping threads took: 0.0004545 seconds
[2023-10-19T09:22:54.498+0000][2534.716s][debug][safepoint     ] Safepoint synchronization initiated. (172 threads)
[2023-10-19T09:22:54.499+0000][2534.717s][info ][safepoint     ] Application time: 1.0011523 seconds
[2023-10-19T09:22:54.500+0000][2534.718s][info ][safepoint     ] Entering safepoint region: Cleanup
[2023-10-19T09:22:54.501+0000][2534.719s][info ][safepoint     ] Leaving safepoint region
[2023-10-19T09:22:54.502+0000][2534.720s][info ][safepoint     ] Total time for which application threads were stopped: 0.0020330 seconds, Stopping threads took: 0.0010012 seconds
[2023-10-19T09:22:55.503+0000][2535.721s][debug][safepoint     ] Safepoint synchronization initiated. (172 threads)
[2023-10-19T09:22:55.504+0000][2535.722s][info ][safepoint     ] Application time: 1.0011369 seconds
[2023-10-19T09:22:55.505+0000][2535.723s][info ][safepoint     ] Entering safepoint region: Cleanup
[2023-10-19T09:22:55.506+0000][2535.724s][info ][safepoint     ] Leaving safepoint region
[2023-10-19T09:22:55.507+0000][2535.725s][info ][safepoint     ] Total time for which application threads were stopped: 0.0016494 seconds, Stopping threads took: 0.0006795 seconds
[2023-10-19T09:22:56.508+0000][2536.726s][debug][safepoint     ] Safepoint synchronization initiated. (172 threads)
[2023-10-19T09:22:56.508+0000][2536.726s][info ][safepoint     ] Application time: 1.0010469 seconds
[2023-10-19T09:22:56.509+0000][2536.727s][info ][safepoint     ] Entering safepoint region: Cleanup
[2023-10-19T09:22:56.510+0000][2536.728s][info ][safepoint     ] Leaving safepoint region
[2023-10-19T09:22:56.510+0000][2536.728s][info ][safepoint     ] Total time for which application threads were stopped: 0.0013641 seconds, Stopping threads took: 0.0005841 seconds
[2023-10-19T09:22:57.511+0000][2537.729s][debug][safepoint     ] Safepoint synchronization initiated. (172 threads)
[2023-10-19T09:22:57.511+0000][2537.729s][info ][safepoint     ] Application time: 1.0005021 seconds
[2023-10-19T09:22:57.512+0000][2537.730s][info ][safepoint     ] Entering safepoint region: Cleanup
[2023-10-19T09:22:57.512+0000][2537.730s][info ][safepoint     ] Leaving safepoint region
[2023-10-19T09:22:57.512+0000][2537.730s][info ][safepoint     ] Total time for which application threads were stopped: 0.0009050 seconds, Stopping threads took: 0.0003628 seconds
[2023-10-19T09:22:58.513+0000][2538.731s][debug][safepoint     ] Safepoint synchronization initiated. (172 threads)
[2023-10-19T09:22:58.514+0000][2538.732s][info ][safepoint     ] Application time: 1.0009931 seconds
[2023-10-19T09:22:58.514+0000][2538.733s][info ][safepoint     ] Entering safepoint region: Cleanup
[2023-10-19T09:22:58.515+0000][2538.733s][info ][safepoint     ] Leaving safepoint region
[2023-10-19T09:22:58.516+0000][2538.734s][info ][safepoint     ] Total time for which application threads were stopped: 0.0013955 seconds, Stopping threads took: 0.0007024 seconds
[2023-10-19T09:22:59.517+0000][2539.735s][debug][safepoint     ] Safepoint synchronization initiated. (172 threads)
[2023-10-19T09:22:59.518+0000][2539.736s][info ][safepoint     ] Application time: 1.0015378 seconds
[2023-10-19T09:22:59.519+0000][2539.737s][info ][safepoint     ] Entering safepoint region: Cleanup
[2023-10-19T09:22:59.520+0000][2539.739s][info ][safepoint     ] Leaving safepoint region
[2023-10-19T09:22:59.521+0000][2539.739s][info ][safepoint     ] Total time for which application threads were stopped: 0.0024190 seconds, Stopping threads took: 0.0010213 seconds
[2023-10-19T09:23:00.522+0000][2540.741s][debug][safepoint     ] Safepoint synchronization initiated. (172 threads)
[2023-10-19T09:23:00.523+0000][2540.741s][info ][safepoint     ] Application time: 1.0010018 seconds
[2023-10-19T09:23:00.524+0000][2540.742s][info ][safepoint     ] Entering safepoint region: Cleanup
[2023-10-19T09:23:00.525+0000][2540.743s][info ][safepoint     ] Leaving safepoint region
[2023-10-19T09:23:00.526+0000][2540.744s][info ][safepoint     ] Total time for which application threads were stopped: 0.0017461 seconds, Stopping threads took: 0.0008212 seconds
[2023-10-19T09:23:01.527+0000][2541.745s][debug][safepoint     ] Safepoint synchronization initiated. (172 threads)
[2023-10-19T09:23:01.527+0000][2541.745s][info ][safepoint     ] Application time: 1.0010098 seconds
[2023-10-19T09:23:01.528+0000][2541.746s][info ][safepoint     ] Entering safepoint region: Cleanup
[2023-10-19T09:23:01.529+0000][2541.747s][info ][safepoint     ] Leaving safepoint region
[2023-10-19T09:23:01.529+0000][2541.747s][info ][safepoint     ] Total time for which application threads were stopped: 0.0013916 seconds, Stopping threads took: 0.0006479 seconds
[2023-10-19T09:23:02.530+0000][2542.748s][debug][safepoint     ] Safepoint synchronization initiated. (172 threads)
[2023-10-19T09:23:02.531+0000][2542.749s][info ][safepoint     ] Application time: 1.0012086 seconds
[2023-10-19T09:23:02.532+0000][2542.750s][info ][safepoint     ] Entering safepoint region: Cleanup
[2023-10-19T09:23:02.533+0000][2542.751s][info ][safepoint     ] Leaving safepoint region
[2023-10-19T09:23:02.534+0000][2542.752s][info ][safepoint     ] Total time for which application threads were stopped: 0.0017067 seconds, Stopping threads took: 0.0007970 seconds
[2023-10-19T09:23:03.534+0000][2543.753s][debug][safepoint     ] Safepoint synchronization initiated. (172 threads)
[2023-10-19T09:23:03.536+0000][2543.754s][info ][safepoint     ] Application time: 1.0012726 seconds
[2023-10-19T09:23:03.537+0000][2543.755s][info ][safepoint     ] Entering safepoint region: Cleanup
[2023-10-19T09:23:03.538+0000][2543.756s][info ][safepoint     ] Leaving safepoint region
[2023-10-19T09:23:03.538+0000][2543.756s][info ][safepoint     ] Total time for which application threads were stopped: 0.0018048 seconds, Stopping threads took: 0.0009461 seconds
[2023-10-19T09:23:04.539+0000][2544.757s][debug][safepoint     ] Safepoint synchronization initiated. (172 threads)
[2023-10-19T09:23:04.540+0000][2544.758s][info ][safepoint     ] Application time: 1.0014815 seconds
[2023-10-19T09:23:04.542+0000][2544.760s][info ][safepoint     ] Entering safepoint region: Cleanup
[2023-10-19T09:23:04.543+0000][2544.761s][info ][safepoint     ] Leaving safepoint region
[2023-10-19T09:23:04.544+0000][2544.762s][info ][safepoint     ] Total time for which application threads were stopped: 0.0022329 seconds, Stopping threads took: 0.0009218 seconds
[2023-10-19T09:23:05.545+0000][2545.763s][debug][safepoint     ] Safepoint synchronization initiated. (172 threads)
[2023-10-19T09:23:05.546+0000][2545.764s][info ][safepoint     ] Application time: 1.0011098 seconds
[2023-10-19T09:23:05.547+0000][2545.765s][info ][safepoint     ] Entering safepoint region: Cleanup
[2023-10-19T09:23:05.548+0000][2545.766s][info ][safepoint     ] Leaving safepoint region
[2023-10-19T09:23:05.548+0000][2545.766s][info ][safepoint     ] Total time for which application threads were stopped: 0.0017931 seconds, Stopping threads took: 0.0007760 seconds
[2023-10-19T09:23:06.549+0000][2546.767s][debug][safepoint     ] Safepoint synchronization initiated. (172 threads)
[2023-10-19T09:23:06.550+0000][2546.768s][info ][safepoint     ] Application time: 1.0015525 seconds
[2023-10-19T09:23:06.551+0000][2546.770s][info ][safepoint     ] Entering safepoint region: Cleanup
[2023-10-19T09:23:06.553+0000][2546.771s][info ][safepoint     ] Leaving safepoint region
[2023-10-19T09:23:06.554+0000][2546.772s][info ][safepoint     ] Total time for which application threads were stopped: 0.0025335 seconds, Stopping threads took: 0.0011308 seconds
[2023-10-19T09:23:07.555+0000][2547.773s][debug][safepoint     ] Safepoint synchronization initiated. (172 threads)
[2023-10-19T09:23:07.556+0000][2547.774s][info ][safepoint     ] Application time: 1.0012152 seconds
[2023-10-19T09:23:07.557+0000][2547.775s][info ][safepoint     ] Entering safepoint region: Cleanup
[2023-10-19T09:23:07.558+0000][2547.776s][info ][safepoint     ] Leaving safepoint region
[2023-10-19T09:23:07.559+0000][2547.777s][info ][safepoint     ] Total time for which application threads were stopped: 0.0018289 seconds, Stopping threads took: 0.0008720 seconds
[2023-10-19T09:23:08.560+0000][2548.778s][debug][safepoint     ] Safepoint synchronization initiated. (172 threads)
[2023-10-19T09:23:08.561+0000][2548.779s][info ][safepoint     ] Application time: 1.0017559 seconds
[2023-10-19T09:23:08.562+0000][2548.780s][info ][safepoint     ] Entering safepoint region: Cleanup
[2023-10-19T09:23:08.564+0000][2548.782s][info ][safepoint     ] Leaving safepoint region
[2023-10-19T09:23:08.565+0000][2548.783s][info ][safepoint     ] Total time for which application threads were stopped: 0.0026123 seconds, Stopping threads took: 0.0011245 seconds
[2023-10-19T09:23:09.566+0000][2549.784s][debug][safepoint     ] Safepoint synchronization initiated. (172 threads)
[2023-10-19T09:23:09.567+0000][2549.785s][info ][safepoint     ] Application time: 1.0013713 seconds
[2023-10-19T09:23:09.568+0000][2549.786s][info ][safepoint     ] Entering safepoint region: Cleanup
[2023-10-19T09:23:09.569+0000][2549.788s][info ][safepoint     ] Leaving safepoint region
[2023-10-19T09:23:09.570+0000][2549.788s][info ][safepoint     ] Total time for which application threads were stopped: 0.0022853 seconds, Stopping threads took: 0.0010306 seconds
[2023-10-19T09:23:10.572+0000][2550.790s][debug][safepoint     ] Safepoint synchronization initiated. (172 threads)
[2023-10-19T09:23:10.573+0000][2550.791s][info ][safepoint     ] Application time: 1.0017988 seconds
[2023-10-19T09:23:10.574+0000][2550.792s][info ][safepoint     ] Entering safepoint region: Cleanup
[2023-10-19T09:23:10.576+0000][2550.794s][info ][safepoint     ] Leaving safepoint region
[2023-10-19T09:23:10.576+0000][2550.794s][info ][safepoint     ] Total time for which application threads were stopped: 0.0023251 seconds, Stopping threads took: 0.0009010 seconds
[2023-10-19T09:23:11.577+0000][2551.795s][debug][safepoint     ] Safepoint synchronization initiated. (172 threads)
[2023-10-19T09:23:11.578+0000][2551.796s][info ][safepoint     ] Application time: 1.0007162 seconds
[2023-10-19T09:23:11.578+0000][2551.796s][info ][safepoint     ] Entering safepoint region: Cleanup
[2023-10-19T09:23:11.579+0000][2551.797s][info ][safepoint     ] Leaving safepoint region
[2023-10-19T09:23:11.579+0000][2551.797s][info ][safepoint     ] Total time for which application threads were stopped: 0.0010091 seconds, Stopping threads took: 0.0003789 seconds
[2023-10-19T09:23:12.580+0000][2552.798s][debug][safepoint     ] Safepoint synchronization initiated. (172 threads)
[2023-10-19T09:23:12.581+0000][2552.799s][info ][safepoint     ] Application time: 1.0017959 seconds
[2023-10-19T09:23:12.582+0000][2552.800s][info ][safepoint     ] Entering safepoint region: Cleanup
[2023-10-19T09:23:12.584+0000][2552.802s][info ][safepoint     ] Leaving safepoint region
[2023-10-19T09:23:12.585+0000][2552.803s][info ][safepoint     ] Total time for which application threads were stopped: 0.0024987 seconds, Stopping threads took: 0.0010372 seconds
[2023-10-19T09:23:13.586+0000][2553.804s][debug][safepoint     ] Safepoint synchronization initiated. (172 threads)
[2023-10-19T09:23:13.586+0000][2553.805s][info ][safepoint     ] Application time: 1.0008485 seconds
[2023-10-19T09:23:13.587+0000][2553.805s][info ][safepoint     ] Entering safepoint region: Cleanup
[2023-10-19T09:23:13.588+0000][2553.806s][info ][safepoint     ] Leaving safepoint region
[2023-10-19T09:23:13.588+0000][2553.806s][info ][safepoint     ] Total time for which application threads were stopped: 0.0010752 seconds, Stopping threads took: 0.0004290 seconds
[2023-10-19T09:23:14.589+0000][2554.807s][debug][safepoint     ] Safepoint synchronization initiated. (172 threads)
[2023-10-19T09:23:14.590+0000][2554.808s][info ][safepoint     ] Application time: 1.0011424 seconds
[2023-10-19T09:23:14.590+0000][2554.808s][info ][safepoint     ] Entering safepoint region: Cleanup
[2023-10-19T09:23:14.591+0000][2554.809s][info ][safepoint     ] Leaving safepoint region
[2023-10-19T09:23:14.592+0000][2554.810s][info ][safepoint     ] Total time for which application threads were stopped: 0.0013067 seconds, Stopping threads took: 0.0006156 seconds
[2023-10-19T09:23:15.592+0000][2555.811s][debug][safepoint     ] Safepoint synchronization initiated. (172 threads)
[2023-10-19T09:23:15.593+0000][2555.811s][info ][safepoint     ] Application time: 1.0005771 seconds
[2023-10-19T09:23:15.593+0000][2555.811s][info ][safepoint     ] Entering safepoint region: Cleanup
[2023-10-19T09:23:15.594+0000][2555.812s][info ][safepoint     ] Leaving safepoint region
[2023-10-19T09:23:15.594+0000][2555.812s][info ][safepoint     ] Total time for which application threads were stopped: 0.0008709 seconds, Stopping threads took: 0.0003849 seconds
[2023-10-19T09:23:16.595+0000][2556.813s][debug][safepoint     ] Safepoint synchronization initiated. (172 threads)
[2023-10-19T09:23:16.596+0000][2556.814s][info ][safepoint     ] Application time: 1.0013380 seconds
[2023-10-19T09:23:16.596+0000][2556.814s][info ][safepoint     ] Entering safepoint region: Cleanup
[2023-10-19T09:23:16.597+0000][2556.815s][info ][safepoint     ] Leaving safepoint region
[2023-10-19T09:23:16.597+0000][2556.815s][info ][safepoint     ] Total time for which application threads were stopped: 0.0009044 seconds, Stopping threads took: 0.0003826 seconds
[2023-10-19T09:23:17.598+0000][2557.816s][debug][safepoint     ] Safepoint synchronization initiated. (172 threads)
[2023-10-19T09:23:17.598+0000][2557.816s][info ][safepoint     ] Application time: 1.0009999 seconds
[2023-10-19T09:23:17.599+0000][2557.817s][info ][safepoint     ] Entering safepoint region: Cleanup
[2023-10-19T09:23:17.600+0000][2557.818s][info ][safepoint     ] Leaving safepoint region
[2023-10-19T09:23:17.600+0000][2557.818s][info ][safepoint     ] Total time for which application threads were stopped: 0.0013815 seconds, Stopping threads took: 0.0006002 seconds
[2023-10-19T09:23:18.601+0000][2558.819s][debug][safepoint     ] Safepoint synchronization initiated. (172 threads)
[2023-10-19T09:23:18.601+0000][2558.819s][info ][safepoint     ] Application time: 1.0006603 seconds
[2023-10-19T09:23:18.602+0000][2558.820s][info ][safepoint     ] Entering safepoint region: Cleanup
[2023-10-19T09:23:18.602+0000][2558.820s][info ][safepoint     ] Leaving safepoint region
[2023-10-19T09:23:18.603+0000][2558.821s][info ][safepoint     ] Total time for which application threads were stopped: 0.0009932 seconds, Stopping threads took: 0.0003967 seconds
[2023-10-19T09:23:19.603+0000][2559.821s][debug][safepoint     ] Safepoint synchronization initiated. (172 threads)
[2023-10-19T09:23:19.604+0000][2559.822s][info ][safepoint     ] Application time: 1.0007256 seconds
[2023-10-19T09:23:19.604+0000][2559.823s][info ][safepoint     ] Entering safepoint region: Cleanup
[2023-10-19T09:23:19.605+0000][2559.823s][info ][safepoint     ] Leaving safepoint region
[2023-10-19T09:23:19.605+0000][2559.823s][info ][safepoint     ] Total time for which application threads were stopped: 0.0009967 seconds, Stopping threads took: 0.0004372 seconds
[2023-10-19T09:23:20.606+0000][2560.824s][debug][safepoint     ] Safepoint synchronization initiated. (172 threads)
[2023-10-19T09:23:20.606+0000][2560.824s][info ][safepoint     ] Application time: 1.0005597 seconds
[2023-10-19T09:23:20.607+0000][2560.825s][info ][safepoint     ] Entering safepoint region: Cleanup
[2023-10-19T09:23:20.607+0000][2560.825s][info ][safepoint     ] Leaving safepoint region
[2023-10-19T09:23:20.607+0000][2560.826s][info ][safepoint     ] Total time for which application threads were stopped: 0.0008859 seconds, Stopping threads took: 0.0003835 seconds
[2023-10-19T09:23:21.608+0000][2561.826s][debug][safepoint     ] Safepoint synchronization initiated. (172 threads)
[2023-10-19T09:23:21.609+0000][2561.827s][info ][safepoint     ] Application time: 1.0007697 seconds
[2023-10-19T09:23:21.609+0000][2561.827s][info ][safepoint     ] Entering safepoint region: Cleanup
[2023-10-19T09:23:21.610+0000][2561.828s][info ][safepoint     ] Leaving safepoint region
[2023-10-19T09:23:21.610+0000][2561.828s][info ][safepoint     ] Total time for which application threads were stopped: 0.0010962 seconds, Stopping threads took: 0.0005222 seconds
[2023-10-19T09:23:22.611+0000][2562.829s][debug][safepoint     ] Safepoint synchronization initiated. (172 threads)
[2023-10-19T09:23:22.611+0000][2562.829s][info ][safepoint     ] Application time: 1.0006293 seconds
[2023-10-19T09:23:22.612+0000][2562.830s][info ][safepoint     ] Entering safepoint region: Cleanup
[2023-10-19T09:23:22.612+0000][2562.830s][info ][safepoint     ] Leaving safepoint region
[2023-10-19T09:23:22.612+0000][2562.831s][info ][safepoint     ] Total time for which application threads were stopped: 0.0009026 seconds, Stopping threads took: 0.0003804 seconds
[2023-10-19T09:23:23.613+0000][2563.831s][debug][safepoint     ] Safepoint synchronization initiated. (172 threads)
[2023-10-19T09:23:23.613+0000][2563.831s][info ][safepoint     ] Application time: 1.0005283 seconds
[2023-10-19T09:23:23.614+0000][2563.832s][info ][safepoint     ] Entering safepoint region: Cleanup
[2023-10-19T09:23:23.614+0000][2563.832s][info ][safepoint     ] Leaving safepoint region
[2023-10-19T09:23:23.615+0000][2563.833s][info ][safepoint     ] Total time for which application threads were stopped: 0.0008488 seconds, Stopping threads took: 0.0003870 seconds
[2023-10-19T09:23:24.615+0000][2564.833s][debug][safepoint     ] Safepoint synchronization initiated. (172 threads)
[2023-10-19T09:23:24.615+0000][2564.833s][info ][safepoint     ] Application time: 1.0005604 seconds
[2023-10-19T09:23:24.616+0000][2564.834s][info ][safepoint     ] Entering safepoint region: Cleanup
[2023-10-19T09:23:24.616+0000][2564.834s][info ][safepoint     ] Leaving safepoint region
[2023-10-19T09:23:24.617+0000][2564.835s][info ][safepoint     ] Total time for which application threads were stopped: 0.0009205 seconds, Stopping threads took: 0.0003451 seconds
[2023-10-19T09:23:25.617+0000][2565.835s][debug][safepoint     ] Safepoint synchronization initiated. (172 threads)
[2023-10-19T09:23:25.618+0000][2565.836s][info ][safepoint     ] Application time: 1.0008417 seconds
[2023-10-19T09:23:25.619+0000][2565.837s][info ][safepoint     ] Entering safepoint region: Cleanup
[2023-10-19T09:23:25.619+0000][2565.837s][info ][safepoint     ] Leaving safepoint region
[2023-10-19T09:23:25.620+0000][2565.838s][info ][safepoint     ] Total time for which application threads were stopped: 0.0010876 seconds, Stopping threads took: 0.0004212 seconds
[2023-10-19T09:23:26.620+0000][2566.838s][debug][safepoint     ] Safepoint synchronization initiated. (172 threads)
[2023-10-19T09:23:26.621+0000][2566.839s][info ][safepoint     ] Application time: 1.0008032 seconds
[2023-10-19T09:23:26.621+0000][2566.839s][info ][safepoint     ] Entering safepoint region: Cleanup
[2023-10-19T09:23:26.622+0000][2566.840s][info ][safepoint     ] Leaving safepoint region
[2023-10-19T09:23:26.622+0000][2566.840s][info ][safepoint     ] Total time for which application threads were stopped: 0.0009552 seconds, Stopping threads took: 0.0003869 seconds
[2023-10-19T09:23:27.623+0000][2567.841s][debug][safepoint     ] Safepoint synchronization initiated. (172 threads)
[2023-10-19T09:23:27.623+0000][2567.841s][info ][safepoint     ] Application time: 1.0006512 seconds
[2023-10-19T09:23:27.624+0000][2567.842s][info ][safepoint     ] Entering safepoint region: Cleanup
[2023-10-19T09:23:27.624+0000][2567.842s][info ][safepoint     ] Leaving safepoint region
[2023-10-19T09:23:27.625+0000][2567.843s][info ][safepoint     ] Total time for which application threads were stopped: 0.0011586 seconds, Stopping threads took: 0.0004379 seconds
[2023-10-19T09:23:28.625+0000][2568.843s][debug][safepoint     ] Safepoint synchronization initiated. (172 threads)
[2023-10-19T09:23:28.626+0000][2568.844s][info ][safepoint     ] Application time: 1.0006929 seconds
[2023-10-19T09:23:28.626+0000][2568.844s][info ][safepoint     ] Entering safepoint region: Cleanup
[2023-10-19T09:23:28.627+0000][2568.845s][info ][safepoint     ] Leaving safepoint region
[2023-10-19T09:23:28.627+0000][2568.845s][info ][safepoint     ] Total time for which application threads were stopped: 0.0010910 seconds, Stopping threads took: 0.0005579 seconds
[2023-10-19T09:23:29.628+0000][2569.846s][debug][safepoint     ] Safepoint synchronization initiated. (172 threads)
[2023-10-19T09:23:29.629+0000][2569.847s][info ][safepoint     ] Application time: 1.0008252 seconds
[2023-10-19T09:23:29.629+0000][2569.847s][info ][safepoint     ] Entering safepoint region: Cleanup
[2023-10-19T09:23:29.630+0000][2569.848s][info ][safepoint     ] Leaving safepoint region
[2023-10-19T09:23:29.630+0000][2569.848s][info ][safepoint     ] Total time for which application threads were stopped: 0.0012695 seconds, Stopping threads took: 0.0005824 seconds
[2023-10-19T09:23:30.631+0000][2570.849s][debug][safepoint     ] Safepoint synchronization initiated. (172 threads)
[2023-10-19T09:23:30.631+0000][2570.849s][info ][safepoint     ] Application time: 1.0006146 seconds
[2023-10-19T09:23:30.632+0000][2570.850s][info ][safepoint     ] Entering safepoint region: Cleanup
[2023-10-19T09:23:30.632+0000][2570.850s][info ][safepoint     ] Leaving safepoint region
[2023-10-19T09:23:30.632+0000][2570.851s][info ][safepoint     ] Total time for which application threads were stopped: 0.0008104 seconds, Stopping threads took: 0.0003619 seconds
[2023-10-19T09:23:31.633+0000][2571.851s][debug][safepoint     ] Safepoint synchronization initiated. (172 threads)
[2023-10-19T09:23:31.634+0000][2571.852s][info ][safepoint     ] Application time: 1.0006820 seconds
[2023-10-19T09:23:31.634+0000][2571.852s][info ][safepoint     ] Entering safepoint region: Cleanup
[2023-10-19T09:23:31.635+0000][2571.853s][info ][safepoint     ] Leaving safepoint region
[2023-10-19T09:23:31.635+0000][2571.853s][info ][safepoint     ] Total time for which application threads were stopped: 0.0012017 seconds, Stopping threads took: 0.0004118 seconds
[2023-10-19T09:23:32.636+0000][2572.854s][debug][safepoint     ] Safepoint synchronization initiated. (172 threads)
[2023-10-19T09:23:32.636+0000][2572.854s][info ][safepoint     ] Application time: 1.0005551 seconds
[2023-10-19T09:23:32.637+0000][2572.855s][info ][safepoint     ] Entering safepoint region: Cleanup
[2023-10-19T09:23:32.637+0000][2572.855s][info ][safepoint     ] Leaving safepoint region
[2023-10-19T09:23:32.637+0000][2572.855s][info ][safepoint     ] Total time for which application threads were stopped: 0.0008637 seconds, Stopping threads took: 0.0003011 seconds
[2023-10-19T09:23:33.637+0000][2573.856s][debug][safepoint     ] Safepoint synchronization initiated. (172 threads)
[2023-10-19T09:23:33.638+0000][2573.856s][info ][safepoint     ] Application time: 1.0006202 seconds
[2023-10-19T09:23:33.638+0000][2573.857s][info ][safepoint     ] Entering safepoint region: Cleanup
[2023-10-19T09:23:33.639+0000][2573.857s][info ][safepoint     ] Leaving safepoint region
[2023-10-19T09:23:33.639+0000][2573.858s][info ][safepoint     ] Total time for which application threads were stopped: 0.0012025 seconds, Stopping threads took: 0.0004825 seconds
[2023-10-19T09:23:34.640+0000][2574.858s][debug][safepoint     ] Safepoint synchronization initiated. (172 threads)
[2023-10-19T09:23:34.640+0000][2574.859s][info ][safepoint     ] Application time: 1.0006412 seconds
[2023-10-19T09:23:34.641+0000][2574.859s][info ][safepoint     ] Entering safepoint region: Cleanup
[2023-10-19T09:23:34.641+0000][2574.860s][info ][safepoint     ] Leaving safepoint region
[2023-10-19T09:23:34.642+0000][2574.861s][info ][safepoint     ] Total time for which application threads were stopped: 0.0011696 seconds, Stopping threads took: 0.0005233 seconds
[2023-10-19T09:23:35.642+0000][2575.861s][debug][safepoint     ] Safepoint synchronization initiated. (172 threads)
[2023-10-19T09:23:35.643+0000][2575.861s][info ][safepoint     ] Application time: 1.0005931 seconds
[2023-10-19T09:23:35.643+0000][2575.862s][info ][safepoint     ] Entering safepoint region: Cleanup
[2023-10-19T09:23:35.644+0000][2575.862s][info ][safepoint     ] Leaving safepoint region
[2023-10-19T09:23:35.644+0000][2575.863s][info ][safepoint     ] Total time for which application threads were stopped: 0.0009464 seconds, Stopping threads took: 0.0004115 seconds
[2023-10-19T09:23:36.645+0000][2576.863s][debug][safepoint     ] Safepoint synchronization initiated. (172 threads)
[2023-10-19T09:23:36.645+0000][2576.864s][info ][safepoint     ] Application time: 1.0006576 seconds
[2023-10-19T09:23:36.646+0000][2576.864s][info ][safepoint     ] Entering safepoint region: Cleanup
[2023-10-19T09:23:36.646+0000][2576.865s][info ][safepoint     ] Leaving safepoint region
[2023-10-19T09:23:36.647+0000][2576.865s][info ][safepoint     ] Total time for which application threads were stopped: 0.0010012 seconds, Stopping threads took: 0.0004120 seconds
[2023-10-19T09:23:37.647+0000][2577.866s][debug][safepoint     ] Safepoint synchronization initiated. (172 threads)
[2023-10-19T09:23:37.648+0000][2577.867s][info ][safepoint     ] Application time: 1.0010945 seconds
[2023-10-19T09:23:37.649+0000][2577.867s][info ][safepoint     ] Entering safepoint region: Cleanup
[2023-10-19T09:23:37.650+0000][2577.868s][info ][safepoint     ] Leaving safepoint region
[2023-10-19T09:23:37.650+0000][2577.869s][info ][safepoint     ] Total time for which application threads were stopped: 0.0014842 seconds, Stopping threads took: 0.0006941 seconds
[2023-10-19T09:23:38.651+0000][2578.870s][debug][safepoint     ] Safepoint synchronization initiated. (172 threads)
[2023-10-19T09:23:38.652+0000][2578.870s][info ][safepoint     ] Application time: 1.0010272 seconds
[2023-10-19T09:23:38.652+0000][2578.871s][info ][safepoint     ] Entering safepoint region: Cleanup
[2023-10-19T09:23:38.653+0000][2578.872s][info ][safepoint     ] Leaving safepoint region
[2023-10-19T09:23:38.654+0000][2578.872s][info ][safepoint     ] Total time for which application threads were stopped: 0.0011796 seconds, Stopping threads took: 0.0005225 seconds
[2023-10-19T09:23:39.654+0000][2579.873s][debug][safepoint     ] Safepoint synchronization initiated. (172 threads)
[2023-10-19T09:23:39.655+0000][2579.874s][info ][safepoint     ] Application time: 1.0010862 seconds
[2023-10-19T09:23:39.656+0000][2579.875s][info ][safepoint     ] Entering safepoint region: Cleanup
[2023-10-19T09:23:39.657+0000][2579.875s][info ][safepoint     ] Leaving safepoint region
[2023-10-19T09:23:39.657+0000][2579.876s][info ][safepoint     ] Total time for which application threads were stopped: 0.0012632 seconds, Stopping threads took: 0.0005640 seconds
[2023-10-19T09:23:40.658+0000][2580.876s][debug][safepoint     ] Safepoint synchronization initiated. (172 threads)
[2023-10-19T09:23:40.658+0000][2580.877s][info ][safepoint     ] Application time: 1.0004830 seconds
[2023-10-19T09:23:40.658+0000][2580.877s][info ][safepoint     ] Entering safepoint region: Cleanup
[2023-10-19T09:23:40.659+0000][2580.878s][info ][safepoint     ] Leaving safepoint region
[2023-10-19T09:23:40.659+0000][2580.878s][info ][safepoint     ] Total time for which application threads were stopped: 0.0008885 seconds, Stopping threads took: 0.0003632 seconds
[2023-10-19T09:23:41.660+0000][2581.878s][debug][safepoint     ] Safepoint synchronization initiated. (172 threads)
[2023-10-19T09:23:41.660+0000][2581.879s][info ][safepoint     ] Application time: 1.0006934 seconds
[2023-10-19T09:23:41.661+0000][2581.879s][info ][safepoint     ] Entering safepoint region: Cleanup
[2023-10-19T09:23:41.661+0000][2581.880s][info ][safepoint     ] Leaving safepoint region
[2023-10-19T09:23:41.662+0000][2581.881s][info ][safepoint     ] Total time for which application threads were stopped: 0.0010869 seconds, Stopping threads took: 0.0004825 seconds
[2023-10-19T09:23:42.663+0000][2582.881s][debug][safepoint     ] Safepoint synchronization initiated. (172 threads)
[2023-10-19T09:23:42.663+0000][2582.882s][info ][safepoint     ] Application time: 1.0006073 seconds
[2023-10-19T09:23:42.663+0000][2582.882s][info ][safepoint     ] Entering safepoint region: Cleanup
[2023-10-19T09:23:42.664+0000][2582.883s][info ][safepoint     ] Leaving safepoint region
[2023-10-19T09:23:42.664+0000][2582.883s][info ][safepoint     ] Total time for which application threads were stopped: 0.0010266 seconds, Stopping threads took: 0.0004702 seconds
[2023-10-19T09:23:43.665+0000][2583.884s][debug][safepoint     ] Safepoint synchronization initiated. (172 threads)
[2023-10-19T09:23:43.665+0000][2583.884s][info ][safepoint     ] Application time: 1.0005506 seconds
[2023-10-19T09:23:43.666+0000][2583.884s][info ][safepoint     ] Entering safepoint region: Cleanup
[2023-10-19T09:23:43.666+0000][2583.885s][info ][safepoint     ] Leaving safepoint region
[2023-10-19T09:23:43.667+0000][2583.885s][info ][safepoint     ] Total time for which application threads were stopped: 0.0008512 seconds, Stopping threads took: 0.0003728 seconds
[2023-10-19T09:23:44.667+0000][2584.886s][debug][safepoint     ] Safepoint synchronization initiated. (172 threads)
[2023-10-19T09:23:44.668+0000][2584.887s][info ][safepoint     ] Application time: 1.0011618 seconds
[2023-10-19T09:23:44.669+0000][2584.887s][info ][safepoint     ] Entering safepoint region: Cleanup
[2023-10-19T09:23:44.670+0000][2584.888s][info ][safepoint     ] Leaving safepoint region
[2023-10-19T09:23:44.670+0000][2584.889s][info ][safepoint     ] Total time for which application threads were stopped: 0.0016511 seconds, Stopping threads took: 0.0006702 seconds
[2023-10-19T09:23:45.671+0000][2585.890s][debug][safepoint     ] Safepoint synchronization initiated. (172 threads)
[2023-10-19T09:23:45.672+0000][2585.891s][info ][safepoint     ] Application time: 1.0013448 seconds
[2023-10-19T09:23:45.673+0000][2585.892s][info ][safepoint     ] Entering safepoint region: Cleanup
[2023-10-19T09:23:45.674+0000][2585.893s][info ][safepoint     ] Leaving safepoint region
[2023-10-19T09:23:45.675+0000][2585.894s][info ][safepoint     ] Total time for which application threads were stopped: 0.0019895 seconds, Stopping threads took: 0.0009389 seconds
[2023-10-19T09:23:46.676+0000][2586.895s][debug][safepoint     ] Safepoint synchronization initiated. (172 threads)
[2023-10-19T09:23:46.677+0000][2586.896s][info ][safepoint     ] Application time: 1.0009126 seconds
[2023-10-19T09:23:46.678+0000][2586.896s][info ][safepoint     ] Entering safepoint region: Cleanup
[2023-10-19T09:23:46.679+0000][2586.897s][info ][safepoint     ] Leaving safepoint region
[2023-10-19T09:23:46.679+0000][2586.898s][info ][safepoint     ] Total time for which application threads were stopped: 0.0013955 seconds, Stopping threads took: 0.0006533 seconds
[2023-10-19T09:23:47.680+0000][2587.899s][debug][safepoint     ] Safepoint synchronization initiated. (172 threads)
[2023-10-19T09:23:47.681+0000][2587.900s][info ][safepoint     ] Application time: 1.0016915 seconds
[2023-10-19T09:23:47.682+0000][2587.901s][info ][safepoint     ] Entering safepoint region: Cleanup
[2023-10-19T09:23:47.684+0000][2587.903s][info ][safepoint     ] Leaving safepoint region
[2023-10-19T09:23:47.685+0000][2587.904s][info ][safepoint     ] Total time for which application threads were stopped: 0.0026149 seconds, Stopping threads took: 0.0011250 seconds
[2023-10-19T09:23:48.686+0000][2588.905s][debug][safepoint     ] Safepoint synchronization initiated. (172 threads)
[2023-10-19T09:23:48.687+0000][2588.906s][info ][safepoint     ] Application time: 1.0015912 seconds
[2023-10-19T09:23:48.688+0000][2588.907s][info ][safepoint     ] Entering safepoint region: Cleanup
[2023-10-19T09:23:48.690+0000][2588.908s][info ][safepoint     ] Leaving safepoint region
[2023-10-19T09:23:48.690+0000][2588.909s][info ][safepoint     ] Total time for which application threads were stopped: 0.0022549 seconds, Stopping threads took: 0.0009958 seconds
[2023-10-19T09:23:49.692+0000][2589.910s][debug][safepoint     ] Safepoint synchronization initiated. (172 threads)
[2023-10-19T09:23:49.693+0000][2589.911s][info ][safepoint     ] Application time: 1.0015344 seconds
[2023-10-19T09:23:49.694+0000][2589.913s][info ][safepoint     ] Entering safepoint region: Cleanup
[2023-10-19T09:23:49.695+0000][2589.914s][info ][safepoint     ] Leaving safepoint region
[2023-10-19T09:23:49.696+0000][2589.915s][info ][safepoint     ] Total time for which application threads were stopped: 0.0021720 seconds, Stopping threads took: 0.0009826 seconds
[2023-10-19T09:23:50.697+0000][2590.916s][debug][safepoint     ] Safepoint synchronization initiated. (172 threads)
[2023-10-19T09:23:50.698+0000][2590.917s][info ][safepoint     ] Application time: 1.0015103 seconds
[2023-10-19T09:23:50.699+0000][2590.918s][info ][safepoint     ] Entering safepoint region: Cleanup
[2023-10-19T09:23:50.700+0000][2590.919s][info ][safepoint     ] Leaving safepoint region
[2023-10-19T09:23:50.701+0000][2590.920s][info ][safepoint     ] Total time for which application threads were stopped: 0.0021111 seconds, Stopping threads took: 0.0009354 seconds
[2023-10-19T09:23:51.702+0000][2591.921s][debug][safepoint     ] Safepoint synchronization initiated. (172 threads)
[2023-10-19T09:23:51.703+0000][2591.921s][info ][safepoint     ] Application time: 1.0007007 seconds
[2023-10-19T09:23:51.703+0000][2591.922s][info ][safepoint     ] Entering safepoint region: Cleanup
[2023-10-19T09:23:51.704+0000][2591.922s][info ][safepoint     ] Leaving safepoint region
[2023-10-19T09:23:51.704+0000][2591.923s][info ][safepoint     ] Total time for which application threads were stopped: 0.0011669 seconds, Stopping threads took: 0.0003950 seconds
[2023-10-19T09:23:52.705+0000][2592.924s][debug][safepoint     ] Safepoint synchronization initiated. (172 threads)
[2023-10-19T09:23:52.706+0000][2592.924s][info ][safepoint     ] Application time: 1.0009329 seconds
[2023-10-19T09:23:52.706+0000][2592.925s][debug][safepoint     ] ... found polling page return exception at pc = 0x00007f0de93048be, stub =0x00007f0de0840600
[2023-10-19T09:23:52.707+0000][2592.925s][debug][safepoint     ] Waiting for 1 thread(s) to block
[2023-10-19T09:23:52.707+0000][2592.926s][info ][safepoint     ] Entering safepoint region: Cleanup
[2023-10-19T09:23:52.708+0000][2592.927s][info ][safepoint     ] Leaving safepoint region
[2023-10-19T09:23:52.708+0000][2592.927s][info ][safepoint     ] Total time for which application threads were stopped: 0.0023968 seconds, Stopping threads took: 0.0016832 seconds
[2023-10-19T09:23:53.709+0000][2593.928s][debug][safepoint     ] Safepoint synchronization initiated. (172 threads)
[2023-10-19T09:23:53.710+0000][2593.928s][info ][safepoint     ] Application time: 1.0006207 seconds
[2023-10-19T09:23:53.710+0000][2593.929s][info ][safepoint     ] Entering safepoint region: Cleanup
[2023-10-19T09:23:53.710+0000][2593.929s][info ][safepoint     ] Leaving safepoint region
[2023-10-19T09:23:53.711+0000][2593.930s][info ][safepoint     ] Total time for which application threads were stopped: 0.0009297 seconds, Stopping threads took: 0.0003596 seconds
[2023-10-19T09:23:54.711+0000][2594.930s][debug][safepoint     ] Safepoint synchronization initiated. (172 threads)
[2023-10-19T09:23:54.712+0000][2594.931s][info ][safepoint     ] Application time: 1.0007332 seconds
[2023-10-19T09:23:54.712+0000][2594.931s][info ][safepoint     ] Entering safepoint region: Cleanup
[2023-10-19T09:23:54.713+0000][2594.932s][info ][safepoint     ] Leaving safepoint region
[2023-10-19T09:23:54.714+0000][2594.932s][info ][safepoint     ] Total time for which application threads were stopped: 0.0013714 seconds, Stopping threads took: 0.0005700 seconds
[2023-10-19T09:23:55.715+0000][2595.933s][debug][safepoint     ] Safepoint synchronization initiated. (172 threads)
[2023-10-19T09:23:55.715+0000][2595.934s][info ][safepoint     ] Application time: 1.0009661 seconds
[2023-10-19T09:23:55.716+0000][2595.934s][info ][safepoint     ] Entering safepoint region: Cleanup
[2023-10-19T09:23:55.716+0000][2595.935s][info ][safepoint     ] Leaving safepoint region
[2023-10-19T09:23:55.717+0000][2595.935s][info ][safepoint     ] Total time for which application threads were stopped: 0.0009995 seconds, Stopping threads took: 0.0004479 seconds
[2023-10-19T09:23:56.718+0000][2596.936s][debug][safepoint     ] Safepoint synchronization initiated. (172 threads)
[2023-10-19T09:23:56.718+0000][2596.937s][info ][safepoint     ] Application time: 1.0012003 seconds
[2023-10-19T09:23:56.719+0000][2596.938s][info ][safepoint     ] Entering safepoint region: Cleanup
[2023-10-19T09:23:56.720+0000][2596.939s][info ][safepoint     ] Leaving safepoint region
[2023-10-19T09:23:56.720+0000][2596.939s][info ][safepoint     ] Total time for which application threads were stopped: 0.0012821 seconds, Stopping threads took: 0.0005780 seconds
[2023-10-19T09:23:57.721+0000][2597.940s][debug][safepoint     ] Safepoint synchronization initiated. (172 threads)
[2023-10-19T09:23:57.722+0000][2597.940s][info ][safepoint     ] Application time: 1.0006673 seconds
[2023-10-19T09:23:57.722+0000][2597.941s][info ][safepoint     ] Entering safepoint region: Cleanup
[2023-10-19T09:23:57.723+0000][2597.941s][info ][safepoint     ] Leaving safepoint region
[2023-10-19T09:23:57.723+0000][2597.942s][info ][safepoint     ] Total time for which application threads were stopped: 0.0010323 seconds, Stopping threads took: 0.0004123 seconds
[2023-10-19T09:23:58.724+0000][2598.942s][debug][safepoint     ] Safepoint synchronization initiated. (172 threads)
[2023-10-19T09:23:58.724+0000][2598.943s][info ][safepoint     ] Application time: 1.0008394 seconds
[2023-10-19T09:23:58.725+0000][2598.943s][info ][safepoint     ] Entering safepoint region: Cleanup
[2023-10-19T09:23:58.725+0000][2598.944s][info ][safepoint     ] Leaving safepoint region
[2023-10-19T09:23:58.726+0000][2598.944s][info ][safepoint     ] Total time for which application threads were stopped: 0.0010539 seconds, Stopping threads took: 0.0005609 seconds
[2023-10-19T09:23:59.726+0000][2599.945s][debug][safepoint     ] Safepoint synchronization initiated. (172 threads)
[2023-10-19T09:23:59.727+0000][2599.946s][info ][safepoint     ] Application time: 1.0006852 seconds
[2023-10-19T09:23:59.727+0000][2599.946s][info ][safepoint     ] Entering safepoint region: Cleanup
[2023-10-19T09:23:59.728+0000][2599.947s][info ][safepoint     ] Leaving safepoint region
[2023-10-19T09:23:59.728+0000][2599.947s][info ][safepoint     ] Total time for which application threads were stopped: 0.0009375 seconds, Stopping threads took: 0.0003454 seconds
[2023-10-19T09:24:00.729+0000][2600.948s][debug][safepoint     ] Safepoint synchronization initiated. (172 threads)
[2023-10-19T09:24:00.729+0000][2600.948s][info ][safepoint     ] Application time: 1.0007473 seconds
[2023-10-19T09:24:00.730+0000][2600.949s][info ][safepoint     ] Entering safepoint region: Cleanup
[2023-10-19T09:24:00.731+0000][2600.949s][info ][safepoint     ] Leaving safepoint region
[2023-10-19T09:24:00.731+0000][2600.950s][info ][safepoint     ] Total time for which application threads were stopped: 0.0011801 seconds, Stopping threads took: 0.0004831 seconds
[2023-10-19T09:24:01.732+0000][2601.951s][debug][safepoint     ] Safepoint synchronization initiated. (172 threads)
[2023-10-19T09:24:01.733+0000][2601.951s][info ][safepoint     ] Application time: 1.0009691 seconds
[2023-10-19T09:24:01.733+0000][2601.952s][info ][safepoint     ] Entering safepoint region: Cleanup
[2023-10-19T09:24:01.734+0000][2601.953s][info ][safepoint     ] Leaving safepoint region
[2023-10-19T09:24:01.735+0000][2601.954s][info ][safepoint     ] Total time for which application threads were stopped: 0.0016555 seconds, Stopping threads took: 0.0006134 seconds
[2023-10-19T09:24:02.735+0000][2602.954s][debug][safepoint     ] Safepoint synchronization initiated. (172 threads)
[2023-10-19T09:24:02.736+0000][2602.955s][info ][safepoint     ] Application time: 1.0007915 seconds
[2023-10-19T09:24:02.736+0000][2602.955s][info ][safepoint     ] Entering safepoint region: Cleanup
[2023-10-19T09:24:02.737+0000][2602.956s][info ][safepoint     ] Leaving safepoint region
[2023-10-19T09:24:02.738+0000][2602.956s][info ][safepoint     ] Total time for which application threads were stopped: 0.0011218 seconds, Stopping threads took: 0.0004369 seconds
[2023-10-19T09:24:03.738+0000][2603.957s][debug][safepoint     ] Safepoint synchronization initiated. (172 threads)
[2023-10-19T09:24:03.739+0000][2603.958s][info ][safepoint     ] Application time: 1.0008287 seconds
[2023-10-19T09:24:03.739+0000][2603.958s][info ][safepoint     ] Entering safepoint region: Cleanup
[2023-10-19T09:24:03.740+0000][2603.959s][info ][safepoint     ] Leaving safepoint region
[2023-10-19T09:24:03.740+0000][2603.959s][info ][safepoint     ] Total time for which application threads were stopped: 0.0010513 seconds, Stopping threads took: 0.0005385 seconds
[2023-10-19T09:24:04.741+0000][2604.960s][debug][safepoint     ] Safepoint synchronization initiated. (172 threads)
[2023-10-19T09:24:04.741+0000][2604.960s][info ][safepoint     ] Application time: 1.0006129 seconds
[2023-10-19T09:24:04.742+0000][2604.961s][info ][safepoint     ] Entering safepoint region: Cleanup
[2023-10-19T09:24:04.742+0000][2604.961s][info ][safepoint     ] Leaving safepoint region
[2023-10-19T09:24:04.743+0000][2604.961s][info ][safepoint     ] Total time for which application threads were stopped: 0.0009607 seconds, Stopping threads took: 0.0004438 seconds
[2023-10-19T09:24:05.743+0000][2605.962s][debug][safepoint     ] Safepoint synchronization initiated. (172 threads)
[2023-10-19T09:24:05.744+0000][2605.962s][info ][safepoint     ] Application time: 1.0005632 seconds
[2023-10-19T09:24:05.744+0000][2605.963s][info ][safepoint     ] Entering safepoint region: Cleanup
[2023-10-19T09:24:05.744+0000][2605.963s][info ][safepoint     ] Leaving safepoint region
[2023-10-19T09:24:05.745+0000][2605.963s][info ][safepoint     ] Total time for which application threads were stopped: 0.0007808 seconds, Stopping threads took: 0.0003319 seconds
[2023-10-19T09:24:06.745+0000][2606.964s][debug][safepoint     ] Safepoint synchronization initiated. (172 threads)
[2023-10-19T09:24:06.746+0000][2606.965s][info ][safepoint     ] Application time: 1.0011957 seconds
[2023-10-19T09:24:06.747+0000][2606.966s][info ][safepoint     ] Entering safepoint region: Cleanup
[2023-10-19T09:24:06.748+0000][2606.967s][info ][safepoint     ] Leaving safepoint region
[2023-10-19T09:24:06.749+0000][2606.968s][info ][safepoint     ] Total time for which application threads were stopped: 0.0018105 seconds, Stopping threads took: 0.0007951 seconds
[2023-10-19T09:24:07.749+0000][2607.968s][debug][safepoint     ] Safepoint synchronization initiated. (172 threads)
[2023-10-19T09:24:07.750+0000][2607.969s][info ][safepoint     ] Application time: 1.0009827 seconds
[2023-10-19T09:24:07.751+0000][2607.970s][info ][safepoint     ] Entering safepoint region: Cleanup
[2023-10-19T09:24:07.752+0000][2607.971s][info ][safepoint     ] Leaving safepoint region
[2023-10-19T09:24:07.753+0000][2607.972s][info ][safepoint     ] Total time for which application threads were stopped: 0.0018323 seconds, Stopping threads took: 0.0008612 seconds
[2023-10-19T09:24:08.754+0000][2608.972s][debug][safepoint     ] Safepoint synchronization initiated. (172 threads)
[2023-10-19T09:24:08.754+0000][2608.973s][info ][safepoint     ] Application time: 1.0007612 seconds
[2023-10-19T09:24:08.755+0000][2608.973s][info ][safepoint     ] Entering safepoint region: Cleanup
[2023-10-19T09:24:08.755+0000][2608.974s][info ][safepoint     ] Leaving safepoint region
[2023-10-19T09:24:08.756+0000][2608.974s][info ][safepoint     ] Total time for which application threads were stopped: 0.0009955 seconds, Stopping threads took: 0.0004241 seconds
[2023-10-19T09:24:09.756+0000][2609.975s][debug][safepoint     ] Safepoint synchronization initiated. (172 threads)
[2023-10-19T09:24:09.757+0000][2609.975s][info ][safepoint     ] Application time: 1.0006861 seconds
[2023-10-19T09:24:09.757+0000][2609.976s][info ][safepoint     ] Entering safepoint region: Cleanup
[2023-10-19T09:24:09.758+0000][2609.977s][info ][safepoint     ] Leaving safepoint region
[2023-10-19T09:24:09.758+0000][2609.977s][info ][safepoint     ] Total time for which application threads were stopped: 0.0010417 seconds, Stopping threads took: 0.0004986 seconds
[2023-10-19T09:24:10.759+0000][2610.978s][debug][safepoint     ] Safepoint synchronization initiated. (172 threads)
[2023-10-19T09:24:10.759+0000][2610.978s][info ][safepoint     ] Application time: 1.0008170 seconds
[2023-10-19T09:24:10.760+0000][2610.979s][info ][safepoint     ] Entering safepoint region: Cleanup
[2023-10-19T09:24:10.760+0000][2610.979s][info ][safepoint     ] Leaving safepoint region
[2023-10-19T09:24:10.761+0000][2610.980s][info ][safepoint     ] Total time for which application threads were stopped: 0.0011140 seconds, Stopping threads took: 0.0005089 seconds
[2023-10-19T09:24:11.762+0000][2611.980s][debug][safepoint     ] Safepoint synchronization initiated. (172 threads)
[2023-10-19T09:24:11.763+0000][2611.982s][info ][safepoint     ] Application time: 1.0014727 seconds
[2023-10-19T09:24:11.764+0000][2611.983s][info ][safepoint     ] Entering safepoint region: Cleanup
[2023-10-19T09:24:11.766+0000][2611.984s][info ][safepoint     ] Leaving safepoint region
[2023-10-19T09:24:11.767+0000][2611.985s][info ][safepoint     ] Total time for which application threads were stopped: 0.0024485 seconds, Stopping threads took: 0.0010856 seconds
[2023-10-19T09:24:12.768+0000][2612.986s][debug][safepoint     ] Safepoint synchronization initiated. (172 threads)
[2023-10-19T09:24:12.768+0000][2612.987s][info ][safepoint     ] Application time: 1.0008325 seconds
[2023-10-19T09:24:12.769+0000][2612.987s][info ][safepoint     ] Entering safepoint region: Cleanup
[2023-10-19T09:24:12.770+0000][2612.988s][info ][safepoint     ] Leaving safepoint region
[2023-10-19T09:24:12.770+0000][2612.989s][info ][safepoint     ] Total time for which application threads were stopped: 0.0012921 seconds, Stopping threads took: 0.0006945 seconds
[2023-10-19T09:24:13.770+0000][2613.989s][debug][safepoint     ] Safepoint synchronization initiated. (172 threads)
[2023-10-19T09:24:13.772+0000][2613.990s][info ][safepoint     ] Application time: 1.0013986 seconds
[2023-10-19T09:24:13.772+0000][2613.991s][info ][safepoint     ] Entering safepoint region: Cleanup
[2023-10-19T09:24:13.773+0000][2613.992s][info ][safepoint     ] Leaving safepoint region
[2023-10-19T09:24:13.774+0000][2613.992s][info ][safepoint     ] Total time for which application threads were stopped: 0.0012414 seconds, Stopping threads took: 0.0004895 seconds
[2023-10-19T09:24:14.774+0000][2614.993s][debug][safepoint     ] Safepoint synchronization initiated. (172 threads)
[2023-10-19T09:24:14.775+0000][2614.994s][info ][safepoint     ] Application time: 1.0006577 seconds
[2023-10-19T09:24:14.775+0000][2614.994s][info ][safepoint     ] Entering safepoint region: Cleanup
[2023-10-19T09:24:14.776+0000][2614.995s][info ][safepoint     ] Leaving safepoint region
[2023-10-19T09:24:14.776+0000][2614.995s][info ][safepoint     ] Total time for which application threads were stopped: 0.0011330 seconds, Stopping threads took: 0.0005329 seconds
[2023-10-19T09:24:15.777+0000][2615.996s][debug][safepoint     ] Safepoint synchronization initiated. (172 threads)
[2023-10-19T09:24:15.778+0000][2615.997s][info ][safepoint     ] Application time: 1.0010148 seconds
[2023-10-19T09:24:15.778+0000][2615.997s][info ][safepoint     ] Entering safepoint region: Cleanup
[2023-10-19T09:24:15.779+0000][2615.998s][info ][safepoint     ] Leaving safepoint region
[2023-10-19T09:24:15.780+0000][2615.999s][info ][safepoint     ] Total time for which application threads were stopped: 0.0014789 seconds, Stopping threads took: 0.0006898 seconds
[2023-10-19T09:24:16.781+0000][2617.000s][debug][safepoint     ] Safepoint synchronization initiated. (172 threads)
[2023-10-19T09:24:16.782+0000][2617.000s][info ][safepoint     ] Application time: 1.0011550 seconds
[2023-10-19T09:24:16.782+0000][2617.001s][info ][safepoint     ] Entering safepoint region: Cleanup
[2023-10-19T09:24:16.783+0000][2617.002s][info ][safepoint     ] Leaving safepoint region
[2023-10-19T09:24:16.784+0000][2617.002s][info ][safepoint     ] Total time for which application threads were stopped: 0.0014519 seconds, Stopping threads took: 0.0007626 seconds
[2023-10-19T09:24:17.784+0000][2618.003s][debug][safepoint     ] Safepoint synchronization initiated. (172 threads)
[2023-10-19T09:24:17.786+0000][2618.004s][info ][safepoint     ] Application time: 1.0013832 seconds
[2023-10-19T09:24:17.787+0000][2618.006s][info ][safepoint     ] Entering safepoint region: Cleanup
[2023-10-19T09:24:17.788+0000][2618.007s][info ][safepoint     ] Leaving safepoint region
[2023-10-19T09:24:17.789+0000][2618.008s][info ][safepoint     ] Total time for which application threads were stopped: 0.0022308 seconds, Stopping threads took: 0.0010072 seconds
[2023-10-19T09:24:18.790+0000][2619.009s][debug][safepoint     ] Safepoint synchronization initiated. (172 threads)
[2023-10-19T09:24:18.791+0000][2619.010s][info ][safepoint     ] Application time: 1.0013382 seconds
[2023-10-19T09:24:18.792+0000][2619.010s][info ][safepoint     ] Entering safepoint region: Cleanup
[2023-10-19T09:24:18.792+0000][2619.011s][info ][safepoint     ] Leaving safepoint region
[2023-10-19T09:24:18.793+0000][2619.012s][info ][safepoint     ] Total time for which application threads were stopped: 0.0013205 seconds, Stopping threads took: 0.0005815 seconds
[2023-10-19T09:24:19.794+0000][2620.012s][debug][safepoint     ] Safepoint synchronization initiated. (172 threads)
[2023-10-19T09:24:19.794+0000][2620.013s][info ][safepoint     ] Application time: 1.0006126 seconds
[2023-10-19T09:24:19.794+0000][2620.013s][info ][safepoint     ] Entering safepoint region: Cleanup
[2023-10-19T09:24:19.795+0000][2620.014s][info ][safepoint     ] Leaving safepoint region
[2023-10-19T09:24:19.796+0000][2620.014s][info ][safepoint     ] Total time for which application threads were stopped: 0.0011108 seconds, Stopping threads took: 0.0005293 seconds
[2023-10-19T09:24:20.796+0000][2621.015s][debug][safepoint     ] Safepoint synchronization initiated. (172 threads)
[2023-10-19T09:24:20.797+0000][2621.015s][info ][safepoint     ] Application time: 1.0007397 seconds
[2023-10-19T09:24:20.797+0000][2621.016s][info ][safepoint     ] Entering safepoint region: Cleanup
[2023-10-19T09:24:20.798+0000][2621.016s][info ][safepoint     ] Leaving safepoint region
[2023-10-19T09:24:20.798+0000][2621.017s][info ][safepoint     ] Total time for which application threads were stopped: 0.0008521 seconds, Stopping threads took: 0.0003546 seconds
[2023-10-19T09:24:21.798+0000][2622.017s][debug][safepoint     ] Safepoint synchronization initiated. (172 threads)
[2023-10-19T09:24:21.800+0000][2622.018s][info ][safepoint     ] Application time: 1.0014898 seconds
[2023-10-19T09:24:21.801+0000][2622.019s][info ][safepoint     ] Entering safepoint region: Cleanup
[2023-10-19T09:24:21.802+0000][2622.021s][info ][safepoint     ] Leaving safepoint region
[2023-10-19T09:24:21.803+0000][2622.022s][info ][safepoint     ] Total time for which application threads were stopped: 0.0021765 seconds, Stopping threads took: 0.0009208 seconds
[2023-10-19T09:24:22.804+0000][2623.023s][debug][safepoint     ] Safepoint synchronization initiated. (172 threads)
[2023-10-19T09:24:22.805+0000][2623.023s][info ][safepoint     ] Application time: 1.0010467 seconds
[2023-10-19T09:24:22.806+0000][2623.025s][info ][safepoint     ] Entering safepoint region: Cleanup
[2023-10-19T09:24:22.807+0000][2623.026s][info ][safepoint     ] Leaving safepoint region
[2023-10-19T09:24:22.808+0000][2623.026s][info ][safepoint     ] Total time for which application threads were stopped: 0.0018273 seconds, Stopping threads took: 0.0007494 seconds
[2023-10-19T09:24:23.385+0000][2623.604s][debug][safepoint     ] Safepoint synchronization initiated. (172 threads)
[2023-10-19T09:24:23.386+0000][2623.605s][info ][safepoint     ] Application time: 0.5777032 seconds
[2023-10-19T09:24:23.387+0000][2623.606s][info ][safepoint     ] Entering safepoint region: G1CollectForAllocation
[2023-10-19T09:24:23.388+0000][2623.606s][info ][gc,start      ] GC(84) Pause Young (Normal) (G1 Evacuation Pause)
[2023-10-19T09:24:23.388+0000][2623.607s][info ][gc,task       ] GC(84) Using 8 workers of 8 for evacuation
[2023-10-19T09:24:23.393+0000][2623.612s][info ][gc,phases     ] GC(84)   Pre Evacuate Collection Set: 0.1ms
[2023-10-19T09:24:23.394+0000][2623.613s][info ][gc,phases     ] GC(84)   Evacuate Collection Set: 1.8ms
[2023-10-19T09:24:23.394+0000][2623.613s][info ][gc,phases     ] GC(84)   Post Evacuate Collection Set: 2.2ms
[2023-10-19T09:24:23.395+0000][2623.613s][info ][gc,phases     ] GC(84)   Other: 1.4ms
[2023-10-19T09:24:23.395+0000][2623.614s][info ][gc,heap       ] GC(84) Eden regions: 154->0(154)
[2023-10-19T09:24:23.396+0000][2623.614s][info ][gc,heap       ] GC(84) Survivor regions: 2->2(20)
[2023-10-19T09:24:23.396+0000][2623.615s][info ][gc,heap       ] GC(84) Old regions: 134->134
[2023-10-19T09:24:23.397+0000][2623.615s][info ][gc,heap       ] GC(84) Humongous regions: 20->20
[2023-10-19T09:24:23.397+0000][2623.616s][info ][gc,metaspace  ] GC(84) Metaspace: 160546K(167632K)->160546K(167632K) NonClass: 141966K(146640K)->141966K(146640K) Class: 18579K(20992K)->18579K(20992K)
[2023-10-19T09:24:23.398+0000][2623.616s][info ][gc            ] GC(84) Pause Young (Normal) (G1 Evacuation Pause) 307M->154M(350M) 10.080ms
[2023-10-19T09:24:23.398+0000][2623.617s][info ][gc,cpu        ] GC(84) User=0.02s Sys=0.00s Real=0.01s
[2023-10-19T09:24:23.399+0000][2623.617s][info ][safepoint     ] Leaving safepoint region
[2023-10-19T09:24:23.399+0000][2623.618s][info ][safepoint     ] Total time for which application threads were stopped: 0.0123330 seconds, Stopping threads took: 0.0006233 seconds
[2023-10-19T09:24:23.400+0000][2623.618s][info ][gc,stringdedup] Concurrent String Deduplication (2623.618s)
[2023-10-19T09:24:23.400+0000][2623.619s][info ][gc,stringdedup] Concurrent String Deduplication 40.0B->40.0B(0.0B) avg 54.4% (2623.618s, 2623.619s) 0.311ms
[2023-10-19T09:24:24.400+0000][2624.619s][debug][safepoint     ] Safepoint synchronization initiated. (172 threads)
[2023-10-19T09:24:24.401+0000][2624.620s][info ][safepoint     ] Application time: 1.0013655 seconds
[2023-10-19T09:24:24.402+0000][2624.621s][info ][safepoint     ] Entering safepoint region: Cleanup
[2023-10-19T09:24:24.403+0000][2624.622s][info ][safepoint     ] Leaving safepoint region
[2023-10-19T09:24:24.404+0000][2624.623s][info ][safepoint     ] Total time for which application threads were stopped: 0.0023658 seconds, Stopping threads took: 0.0010145 seconds
[2023-10-19T09:24:25.405+0000][2625.624s][debug][safepoint     ] Safepoint synchronization initiated. (172 threads)
[2023-10-19T09:24:25.406+0000][2625.625s][info ][safepoint     ] Application time: 1.0008658 seconds
[2023-10-19T09:24:25.407+0000][2625.625s][info ][safepoint     ] Entering safepoint region: Cleanup
[2023-10-19T09:24:25.407+0000][2625.626s][info ][safepoint     ] Leaving safepoint region
[2023-10-19T09:24:25.408+0000][2625.627s][info ][safepoint     ] Total time for which application threads were stopped: 0.0014579 seconds, Stopping threads took: 0.0006192 seconds
[2023-10-19T09:24:26.409+0000][2626.628s][debug][safepoint     ] Safepoint synchronization initiated. (172 threads)
[2023-10-19T09:24:26.410+0000][2626.629s][info ][safepoint     ] Application time: 1.0015031 seconds
[2023-10-19T09:24:26.411+0000][2626.630s][info ][safepoint     ] Entering safepoint region: Cleanup
[2023-10-19T09:24:26.412+0000][2626.631s][info ][safepoint     ] Leaving safepoint region
[2023-10-19T09:24:26.413+0000][2626.632s][info ][safepoint     ] Total time for which application threads were stopped: 0.0020166 seconds, Stopping threads took: 0.0007981 seconds
[2023-10-19T09:24:27.414+0000][2627.633s][debug][safepoint     ] Safepoint synchronization initiated. (172 threads)
[2023-10-19T09:24:27.415+0000][2627.634s][info ][safepoint     ] Application time: 1.0009214 seconds
[2023-10-19T09:24:27.416+0000][2627.634s][info ][safepoint     ] Entering safepoint region: Cleanup
[2023-10-19T09:24:27.416+0000][2627.635s][info ][safepoint     ] Leaving safepoint region
[2023-10-19T09:24:27.417+0000][2627.635s][info ][safepoint     ] Total time for which application threads were stopped: 0.0010539 seconds, Stopping threads took: 0.0004300 seconds
[2023-10-19T09:24:28.417+0000][2628.636s][debug][safepoint     ] Safepoint synchronization initiated. (172 threads)
[2023-10-19T09:24:28.418+0000][2628.637s][info ][safepoint     ] Application time: 1.0010228 seconds
[2023-10-19T09:24:28.419+0000][2628.638s][info ][safepoint     ] Entering safepoint region: Cleanup
[2023-10-19T09:24:28.420+0000][2628.638s][info ][safepoint     ] Leaving safepoint region
[2023-10-19T09:24:28.420+0000][2628.639s][info ][safepoint     ] Total time for which application threads were stopped: 0.0014778 seconds, Stopping threads took: 0.0006606 seconds
[2023-10-19T09:24:29.421+0000][2629.640s][debug][safepoint     ] Safepoint synchronization initiated. (172 threads)
[2023-10-19T09:24:29.422+0000][2629.641s][info ][safepoint     ] Application time: 1.0009707 seconds
[2023-10-19T09:24:29.422+0000][2629.641s][info ][safepoint     ] Entering safepoint region: Cleanup
[2023-10-19T09:24:29.423+0000][2629.642s][info ][safepoint     ] Leaving safepoint region
[2023-10-19T09:24:29.423+0000][2629.642s][info ][safepoint     ] Total time for which application threads were stopped: 0.0011187 seconds, Stopping threads took: 0.0004639 seconds
[2023-10-19T09:24:30.424+0000][2630.643s][debug][safepoint     ] Safepoint synchronization initiated. (172 threads)
[2023-10-19T09:24:30.425+0000][2630.644s][info ][safepoint     ] Application time: 1.0011248 seconds
[2023-10-19T09:24:30.426+0000][2630.645s][info ][safepoint     ] Entering safepoint region: Cleanup
[2023-10-19T09:24:30.427+0000][2630.645s][info ][safepoint     ] Leaving safepoint region
[2023-10-19T09:24:30.427+0000][2630.646s][info ][safepoint     ] Total time for which application threads were stopped: 0.0013508 seconds, Stopping threads took: 0.0005985 seconds
[2023-10-19T09:24:31.428+0000][2631.647s][debug][safepoint     ] Safepoint synchronization initiated. (172 threads)
[2023-10-19T09:24:31.429+0000][2631.648s][info ][safepoint     ] Application time: 1.0012165 seconds
[2023-10-19T09:24:31.430+0000][2631.648s][info ][safepoint     ] Entering safepoint region: Cleanup
[2023-10-19T09:24:31.430+0000][2631.649s][info ][safepoint     ] Leaving safepoint region
[2023-10-19T09:24:31.431+0000][2631.650s][info ][safepoint     ] Total time for which application threads were stopped: 0.0012483 seconds, Stopping threads took: 0.0005955 seconds
[2023-10-19T09:24:32.432+0000][2632.650s][debug][safepoint     ] Safepoint synchronization initiated. (172 threads)
[2023-10-19T09:24:32.433+0000][2632.652s][info ][safepoint     ] Application time: 1.0015708 seconds
[2023-10-19T09:24:32.434+0000][2632.653s][info ][safepoint     ] Entering safepoint region: Cleanup
[2023-10-19T09:24:32.435+0000][2632.654s][info ][safepoint     ] Leaving safepoint region
[2023-10-19T09:24:32.436+0000][2632.655s][info ][safepoint     ] Total time for which application threads were stopped: 0.0019444 seconds, Stopping threads took: 0.0008126 seconds
[2023-10-19T09:24:33.437+0000][2633.656s][debug][safepoint     ] Safepoint synchronization initiated. (172 threads)
[2023-10-19T09:24:33.438+0000][2633.657s][info ][safepoint     ] Application time: 1.0013081 seconds
[2023-10-19T09:24:33.439+0000][2633.658s][info ][safepoint     ] Entering safepoint region: Cleanup
[2023-10-19T09:24:33.440+0000][2633.659s][info ][safepoint     ] Leaving safepoint region
[2023-10-19T09:24:33.441+0000][2633.660s][info ][safepoint     ] Total time for which application threads were stopped: 0.0018366 seconds, Stopping threads took: 0.0008086 seconds
[2023-10-19T09:24:34.442+0000][2634.660s][debug][safepoint     ] Safepoint synchronization initiated. (172 threads)
[2023-10-19T09:24:34.443+0000][2634.661s][info ][safepoint     ] Application time: 1.0011446 seconds
[2023-10-19T09:24:34.443+0000][2634.662s][info ][safepoint     ] Entering safepoint region: Cleanup
[2023-10-19T09:24:34.444+0000][2634.663s][info ][safepoint     ] Leaving safepoint region
[2023-10-19T09:24:34.445+0000][2634.664s][info ][safepoint     ] Total time for which application threads were stopped: 0.0015803 seconds, Stopping threads took: 0.0006807 seconds
[2023-10-19T09:24:35.446+0000][2635.665s][debug][safepoint     ] Safepoint synchronization initiated. (172 threads)
[2023-10-19T09:24:35.447+0000][2635.666s][info ][safepoint     ] Application time: 1.0012503 seconds
[2023-10-19T09:24:35.448+0000][2635.667s][info ][safepoint     ] Entering safepoint region: Cleanup
[2023-10-19T09:24:35.449+0000][2635.668s][info ][safepoint     ] Leaving safepoint region
[2023-10-19T09:24:35.449+0000][2635.668s][info ][safepoint     ] Total time for which application threads were stopped: 0.0016597 seconds, Stopping threads took: 0.0007405 seconds
[2023-10-19T09:24:36.450+0000][2636.669s][debug][safepoint     ] Safepoint synchronization initiated. (172 threads)
[2023-10-19T09:24:36.451+0000][2636.670s][info ][safepoint     ] Application time: 1.0009950 seconds
[2023-10-19T09:24:36.452+0000][2636.671s][info ][safepoint     ] Entering safepoint region: Cleanup
[2023-10-19T09:24:36.453+0000][2636.671s][info ][safepoint     ] Leaving safepoint region
[2023-10-19T09:24:36.453+0000][2636.672s][info ][safepoint     ] Total time for which application threads were stopped: 0.0014685 seconds, Stopping threads took: 0.0006591 seconds
[2023-10-19T09:24:37.454+0000][2637.673s][debug][safepoint     ] Safepoint synchronization initiated. (172 threads)
[2023-10-19T09:24:37.455+0000][2637.673s][info ][safepoint     ] Application time: 1.0006865 seconds
[2023-10-19T09:24:37.455+0000][2637.674s][info ][safepoint     ] Entering safepoint region: Cleanup
[2023-10-19T09:24:37.456+0000][2637.674s][info ][safepoint     ] Leaving safepoint region
[2023-10-19T09:24:37.456+0000][2637.675s][info ][safepoint     ] Total time for which application threads were stopped: 0.0011651 seconds, Stopping threads took: 0.0004970 seconds
[2023-10-19T09:24:38.457+0000][2638.676s][debug][safepoint     ] Safepoint synchronization initiated. (172 threads)
[2023-10-19T09:24:38.457+0000][2638.676s][info ][safepoint     ] Application time: 1.0005168 seconds
[2023-10-19T09:24:38.458+0000][2638.676s][info ][safepoint     ] Entering safepoint region: Cleanup
[2023-10-19T09:24:38.458+0000][2638.677s][info ][safepoint     ] Leaving safepoint region
[2023-10-19T09:24:38.458+0000][2638.677s][info ][safepoint     ] Total time for which application threads were stopped: 0.0008392 seconds, Stopping threads took: 0.0003448 seconds
[2023-10-19T09:24:39.459+0000][2639.678s][debug][safepoint     ] Safepoint synchronization initiated. (172 threads)
[2023-10-19T09:24:39.460+0000][2639.679s][info ][safepoint     ] Application time: 1.0012311 seconds
[2023-10-19T09:24:39.461+0000][2639.680s][info ][safepoint     ] Entering safepoint region: Cleanup
[2023-10-19T09:24:39.462+0000][2639.680s][info ][safepoint     ] Leaving safepoint region
[2023-10-19T09:24:39.462+0000][2639.681s][info ][safepoint     ] Total time for which application threads were stopped: 0.0016509 seconds, Stopping threads took: 0.0007239 seconds
[2023-10-19T09:24:40.463+0000][2640.682s][debug][safepoint     ] Safepoint synchronization initiated. (172 threads)
[2023-10-19T09:24:40.464+0000][2640.683s][info ][safepoint     ] Application time: 1.0010164 seconds
[2023-10-19T09:24:40.465+0000][2640.684s][info ][safepoint     ] Entering safepoint region: Cleanup
[2023-10-19T09:24:40.465+0000][2640.684s][info ][safepoint     ] Leaving safepoint region
[2023-10-19T09:24:40.466+0000][2640.685s][info ][safepoint     ] Total time for which application threads were stopped: 0.0011942 seconds, Stopping threads took: 0.0004779 seconds
[2023-10-19T09:24:41.467+0000][2641.685s][debug][safepoint     ] Safepoint synchronization initiated. (172 threads)
[2023-10-19T09:24:41.467+0000][2641.686s][info ][safepoint     ] Application time: 1.0008104 seconds
[2023-10-19T09:24:41.468+0000][2641.687s][info ][safepoint     ] Entering safepoint region: Cleanup
[2023-10-19T09:24:41.469+0000][2641.687s][info ][safepoint     ] Leaving safepoint region
[2023-10-19T09:24:41.469+0000][2641.688s][info ][safepoint     ] Total time for which application threads were stopped: 0.0012153 seconds, Stopping threads took: 0.0005204 seconds
[2023-10-19T09:24:42.470+0000][2642.689s][debug][safepoint     ] Safepoint synchronization initiated. (172 threads)
[2023-10-19T09:24:42.471+0000][2642.689s][info ][safepoint     ] Application time: 1.0010337 seconds
[2023-10-19T09:24:42.471+0000][2642.690s][info ][safepoint     ] Entering safepoint region: Cleanup
[2023-10-19T09:24:42.472+0000][2642.691s][info ][safepoint     ] Leaving safepoint region
[2023-10-19T09:24:42.473+0000][2642.692s][info ][safepoint     ] Total time for which application threads were stopped: 0.0014208 seconds, Stopping threads took: 0.0007510 seconds
[2023-10-19T09:24:43.474+0000][2643.692s][debug][safepoint     ] Safepoint synchronization initiated. (172 threads)
[2023-10-19T09:24:43.474+0000][2643.693s][info ][safepoint     ] Application time: 1.0008716 seconds
[2023-10-19T09:24:43.475+0000][2643.694s][info ][safepoint     ] Entering safepoint region: Cleanup
[2023-10-19T09:24:43.476+0000][2643.694s][info ][safepoint     ] Leaving safepoint region
[2023-10-19T09:24:43.476+0000][2643.695s][info ][safepoint     ] Total time for which application threads were stopped: 0.0012917 seconds, Stopping threads took: 0.0005175 seconds
[2023-10-19T09:24:44.477+0000][2644.696s][debug][safepoint     ] Safepoint synchronization initiated. (172 threads)
[2023-10-19T09:24:44.478+0000][2644.697s][info ][safepoint     ] Application time: 1.0010620 seconds
[2023-10-19T09:24:44.479+0000][2644.697s][info ][safepoint     ] Entering safepoint region: Cleanup
[2023-10-19T09:24:44.479+0000][2644.698s][info ][safepoint     ] Leaving safepoint region
[2023-10-19T09:24:44.480+0000][2644.699s][info ][safepoint     ] Total time for which application threads were stopped: 0.0014861 seconds, Stopping threads took: 0.0005673 seconds
[2023-10-19T09:24:45.481+0000][2645.700s][debug][safepoint     ] Safepoint synchronization initiated. (172 threads)
[2023-10-19T09:24:45.482+0000][2645.700s][info ][safepoint     ] Application time: 1.0009333 seconds
[2023-10-19T09:24:45.482+0000][2645.701s][info ][safepoint     ] Entering safepoint region: Cleanup
[2023-10-19T09:24:45.483+0000][2645.701s][info ][safepoint     ] Leaving safepoint region
[2023-10-19T09:24:45.483+0000][2645.702s][info ][safepoint     ] Total time for which application threads were stopped: 0.0010889 seconds, Stopping threads took: 0.0005261 seconds
[2023-10-19T09:24:46.484+0000][2646.702s][debug][safepoint     ] Safepoint synchronization initiated. (172 threads)
[2023-10-19T09:24:46.484+0000][2646.703s][info ][safepoint     ] Application time: 1.0008617 seconds
[2023-10-19T09:24:46.485+0000][2646.704s][info ][safepoint     ] Entering safepoint region: Cleanup
[2023-10-19T09:24:46.485+0000][2646.704s][info ][safepoint     ] Leaving safepoint region
[2023-10-19T09:24:46.486+0000][2646.705s][info ][safepoint     ] Total time for which application threads were stopped: 0.0011737 seconds, Stopping threads took: 0.0004772 seconds
[2023-10-19T09:24:47.486+0000][2647.705s][debug][safepoint     ] Safepoint synchronization initiated. (172 threads)
[2023-10-19T09:24:47.487+0000][2647.706s][info ][safepoint     ] Application time: 1.0007410 seconds
[2023-10-19T09:24:47.487+0000][2647.706s][info ][safepoint     ] Entering safepoint region: Cleanup
[2023-10-19T09:24:47.488+0000][2647.707s][info ][safepoint     ] Leaving safepoint region
[2023-10-19T09:24:47.488+0000][2647.707s][info ][safepoint     ] Total time for which application threads were stopped: 0.0010494 seconds, Stopping threads took: 0.0003616 seconds
[2023-10-19T09:24:48.489+0000][2648.708s][debug][safepoint     ] Safepoint synchronization initiated. (172 threads)
[2023-10-19T09:24:48.490+0000][2648.709s][info ][safepoint     ] Application time: 1.0011129 seconds
[2023-10-19T09:24:48.490+0000][2648.709s][info ][safepoint     ] Entering safepoint region: Cleanup
[2023-10-19T09:24:48.492+0000][2648.710s][info ][safepoint     ] Leaving safepoint region
[2023-10-19T09:24:48.492+0000][2648.711s][info ][safepoint     ] Total time for which application threads were stopped: 0.0017213 seconds, Stopping threads took: 0.0007994 seconds
[2023-10-19T09:24:49.493+0000][2649.712s][debug][safepoint     ] Safepoint synchronization initiated. (172 threads)
[2023-10-19T09:24:49.493+0000][2649.712s][info ][safepoint     ] Application time: 1.0004637 seconds
[2023-10-19T09:24:49.494+0000][2649.712s][info ][safepoint     ] Entering safepoint region: Cleanup
[2023-10-19T09:24:49.494+0000][2649.713s][info ][safepoint     ] Leaving safepoint region
[2023-10-19T09:24:49.495+0000][2649.713s][info ][safepoint     ] Total time for which application threads were stopped: 0.0010106 seconds, Stopping threads took: 0.0004526 seconds
[2023-10-19T09:24:50.495+0000][2650.714s][debug][safepoint     ] Safepoint synchronization initiated. (172 threads)
[2023-10-19T09:24:50.497+0000][2650.715s][info ][safepoint     ] Application time: 1.0016675 seconds
[2023-10-19T09:24:50.497+0000][2650.716s][info ][safepoint     ] Entering safepoint region: Cleanup
[2023-10-19T09:24:50.499+0000][2650.718s][info ][safepoint     ] Leaving safepoint region
[2023-10-19T09:24:50.500+0000][2650.718s][info ][safepoint     ] Total time for which application threads were stopped: 0.0021555 seconds, Stopping threads took: 0.0008926 seconds
[2023-10-19T09:24:51.500+0000][2651.719s][debug][safepoint     ] Safepoint synchronization initiated. (172 threads)
[2023-10-19T09:24:51.501+0000][2651.720s][info ][safepoint     ] Application time: 1.0009050 seconds
[2023-10-19T09:24:51.502+0000][2651.721s][info ][safepoint     ] Entering safepoint region: Cleanup
[2023-10-19T09:24:51.503+0000][2651.722s][info ][safepoint     ] Leaving safepoint region
[2023-10-19T09:24:51.503+0000][2651.722s][info ][safepoint     ] Total time for which application threads were stopped: 0.0012122 seconds, Stopping threads took: 0.0005419 seconds
[2023-10-19T09:24:51.503+0000][2651.722s][debug][safepoint     ] ... found polling page return exception at pc = 0x00007f0de87cbbc4, stub =0x00007f0de0840600
[2023-10-19T09:24:51.503+0000][2651.722s][debug][safepoint     ] ... found polling page return exception at pc = 0x00007f0de87cbbc4, stub =0x00007f0de0840600
[2023-10-19T09:24:51.503+0000][2651.722s][debug][safepoint     ] ... found polling page return exception at pc = 0x00007f0de87cbbc4, stub =0x00007f0de0840600
[2023-10-19T09:24:51.503+0000][2651.722s][debug][safepoint     ] ... found polling page return exception at pc = 0x00007f0de87cbbc4, stub =0x00007f0de0840600
[2023-10-19T09:24:51.503+0000][2651.722s][debug][safepoint     ] ... found polling page return exception at pc = 0x00007f0de87cbbc4, stub =0x00007f0de0840600
[2023-10-19T09:24:52.504+0000][2652.723s][debug][safepoint     ] Safepoint synchronization initiated. (172 threads)
[2023-10-19T09:24:52.504+0000][2652.723s][info ][safepoint     ] Application time: 1.0006316 seconds
[2023-10-19T09:24:52.505+0000][2652.723s][info ][safepoint     ] Entering safepoint region: Cleanup
[2023-10-19T09:24:52.505+0000][2652.724s][info ][safepoint     ] Leaving safepoint region
[2023-10-19T09:24:52.506+0000][2652.724s][info ][safepoint     ] Total time for which application threads were stopped: 0.0010314 seconds, Stopping threads took: 0.0004610 seconds
[2023-10-19T09:24:53.506+0000][2653.725s][debug][safepoint     ] Safepoint synchronization initiated. (172 threads)
[2023-10-19T09:24:53.507+0000][2653.726s][info ][safepoint     ] Application time: 1.0009930 seconds
[2023-10-19T09:24:53.508+0000][2653.726s][info ][safepoint     ] Entering safepoint region: Cleanup
[2023-10-19T09:24:53.509+0000][2653.727s][info ][safepoint     ] Leaving safepoint region
[2023-10-19T09:24:53.509+0000][2653.728s][info ][safepoint     ] Total time for which application threads were stopped: 0.0016243 seconds, Stopping threads took: 0.0006710 seconds
[2023-10-19T09:24:54.510+0000][2654.729s][debug][safepoint     ] Safepoint synchronization initiated. (172 threads)
[2023-10-19T09:24:54.510+0000][2654.729s][info ][safepoint     ] Application time: 1.0005367 seconds
[2023-10-19T09:24:54.511+0000][2654.729s][info ][safepoint     ] Entering safepoint region: Cleanup
[2023-10-19T09:24:54.511+0000][2654.730s][info ][safepoint     ] Leaving safepoint region
[2023-10-19T09:24:54.512+0000][2654.730s][info ][safepoint     ] Total time for which application threads were stopped: 0.0008639 seconds, Stopping threads took: 0.0003159 seconds
[2023-10-19T09:24:55.512+0000][2655.731s][debug][safepoint     ] Safepoint synchronization initiated. (172 threads)
[2023-10-19T09:24:55.513+0000][2655.731s][info ][safepoint     ] Application time: 1.0008574 seconds
[2023-10-19T09:24:55.513+0000][2655.732s][info ][safepoint     ] Entering safepoint region: Cleanup
[2023-10-19T09:24:55.514+0000][2655.733s][info ][safepoint     ] Leaving safepoint region
[2023-10-19T09:24:55.515+0000][2655.734s][info ][safepoint     ] Total time for which application threads were stopped: 0.0015260 seconds, Stopping threads took: 0.0006413 seconds
[2023-10-19T09:24:56.516+0000][2656.734s][debug][safepoint     ] Safepoint synchronization initiated. (172 threads)
[2023-10-19T09:24:56.516+0000][2656.735s][info ][safepoint     ] Application time: 1.0009200 seconds
[2023-10-19T09:24:56.517+0000][2656.736s][info ][safepoint     ] Entering safepoint region: Cleanup
[2023-10-19T09:24:56.518+0000][2656.736s][info ][safepoint     ] Leaving safepoint region
[2023-10-19T09:24:56.518+0000][2656.737s][info ][safepoint     ] Total time for which application threads were stopped: 0.0011787 seconds, Stopping threads took: 0.0005116 seconds
[2023-10-19T09:24:57.519+0000][2657.737s][debug][safepoint     ] Safepoint synchronization initiated. (172 threads)
[2023-10-19T09:24:57.519+0000][2657.738s][info ][safepoint     ] Application time: 1.0005727 seconds
[2023-10-19T09:24:57.520+0000][2657.738s][info ][safepoint     ] Entering safepoint region: Cleanup
[2023-10-19T09:24:57.520+0000][2657.739s][info ][safepoint     ] Leaving safepoint region
[2023-10-19T09:24:57.520+0000][2657.739s][info ][safepoint     ] Total time for which application threads were stopped: 0.0007614 seconds, Stopping threads took: 0.0003158 seconds
[2023-10-19T09:24:58.521+0000][2658.740s][debug][safepoint     ] Safepoint synchronization initiated. (172 threads)
[2023-10-19T09:24:58.521+0000][2658.740s][info ][safepoint     ] Application time: 1.0008698 seconds
[2023-10-19T09:24:58.522+0000][2658.741s][info ][safepoint     ] Entering safepoint region: Cleanup
[2023-10-19T09:24:58.522+0000][2658.741s][info ][safepoint     ] Leaving safepoint region
[2023-10-19T09:24:58.523+0000][2658.742s][info ][safepoint     ] Total time for which application threads were stopped: 0.0009055 seconds, Stopping threads took: 0.0003824 seconds
[2023-10-19T09:24:59.524+0000][2659.742s][debug][safepoint     ] Safepoint synchronization initiated. (172 threads)
[2023-10-19T09:24:59.525+0000][2659.744s][info ][safepoint     ] Application time: 1.0017184 seconds
[2023-10-19T09:24:59.526+0000][2659.745s][info ][safepoint     ] Entering safepoint region: Cleanup
[2023-10-19T09:24:59.528+0000][2659.746s][info ][safepoint     ] Leaving safepoint region
[2023-10-19T09:24:59.528+0000][2659.747s][info ][safepoint     ] Total time for which application threads were stopped: 0.0022504 seconds, Stopping threads took: 0.0008882 seconds
[2023-10-19T09:25:00.529+0000][2660.748s][debug][safepoint     ] Safepoint synchronization initiated. (172 threads)
[2023-10-19T09:25:00.530+0000][2660.749s][info ][safepoint     ] Application time: 1.0010906 seconds
[2023-10-19T09:25:00.531+0000][2660.750s][info ][safepoint     ] Entering safepoint region: Cleanup
[2023-10-19T09:25:00.532+0000][2660.751s][info ][safepoint     ] Leaving safepoint region
[2023-10-19T09:25:00.532+0000][2660.751s][info ][safepoint     ] Total time for which application threads were stopped: 0.0014057 seconds, Stopping threads took: 0.0006240 seconds
[2023-10-19T09:25:01.533+0000][2661.752s][debug][safepoint     ] Safepoint synchronization initiated. (172 threads)
[2023-10-19T09:25:01.534+0000][2661.753s][info ][safepoint     ] Application time: 1.0012884 seconds
[2023-10-19T09:25:01.535+0000][2661.754s][info ][safepoint     ] Entering safepoint region: Cleanup
[2023-10-19T09:25:01.536+0000][2661.755s][info ][safepoint     ] Leaving safepoint region
[2023-10-19T09:25:01.537+0000][2661.755s][info ][safepoint     ] Total time for which application threads were stopped: 0.0016227 seconds, Stopping threads took: 0.0006951 seconds
[2023-10-19T09:25:02.538+0000][2662.756s][debug][safepoint     ] Safepoint synchronization initiated. (172 threads)
[2023-10-19T09:25:02.538+0000][2662.757s][info ][safepoint     ] Application time: 1.0008387 seconds
[2023-10-19T09:25:02.539+0000][2662.758s][info ][safepoint     ] Entering safepoint region: Cleanup
[2023-10-19T09:25:02.539+0000][2662.758s][info ][safepoint     ] Leaving safepoint region
[2023-10-19T09:25:02.540+0000][2662.759s][info ][safepoint     ] Total time for which application threads were stopped: 0.0011517 seconds, Stopping threads took: 0.0005354 seconds
[2023-10-19T09:25:03.540+0000][2663.759s][debug][safepoint     ] Safepoint synchronization initiated. (172 threads)
[2023-10-19T09:25:03.541+0000][2663.759s][info ][safepoint     ] Application time: 1.0004565 seconds
[2023-10-19T09:25:03.541+0000][2663.760s][info ][safepoint     ] Entering safepoint region: Cleanup
[2023-10-19T09:25:03.541+0000][2663.760s][info ][safepoint     ] Leaving safepoint region
[2023-10-19T09:25:03.542+0000][2663.760s][info ][safepoint     ] Total time for which application threads were stopped: 0.0007124 seconds, Stopping threads took: 0.0002938 seconds
[2023-10-19T09:25:04.542+0000][2664.761s][debug][safepoint     ] Safepoint synchronization initiated. (172 threads)
[2023-10-19T09:25:04.544+0000][2664.762s][info ][safepoint     ] Application time: 1.0015397 seconds
[2023-10-19T09:25:04.545+0000][2664.763s][info ][safepoint     ] Entering safepoint region: Cleanup
[2023-10-19T09:25:04.546+0000][2664.765s][info ][safepoint     ] Leaving safepoint region
[2023-10-19T09:25:04.547+0000][2664.766s][info ][safepoint     ] Total time for which application threads were stopped: 0.0022451 seconds, Stopping threads took: 0.0009755 seconds
[2023-10-19T09:25:05.548+0000][2665.767s][debug][safepoint     ] Safepoint synchronization initiated. (172 threads)
[2023-10-19T09:25:05.549+0000][2665.768s][info ][safepoint     ] Application time: 1.0017432 seconds
[2023-10-19T09:25:05.551+0000][2665.769s][info ][safepoint     ] Entering safepoint region: Cleanup
[2023-10-19T09:25:05.552+0000][2665.771s][info ][safepoint     ] Leaving safepoint region
[2023-10-19T09:25:05.553+0000][2665.772s][info ][safepoint     ] Total time for which application threads were stopped: 0.0028369 seconds, Stopping threads took: 0.0011992 seconds
[2023-10-19T09:25:06.555+0000][2666.773s][debug][safepoint     ] Safepoint synchronization initiated. (172 threads)
[2023-10-19T09:25:06.556+0000][2666.775s][info ][safepoint     ] Application time: 1.0017099 seconds
[2023-10-19T09:25:06.557+0000][2666.776s][info ][safepoint     ] Entering safepoint region: Cleanup
[2023-10-19T09:25:06.558+0000][2666.777s][info ][safepoint     ] Leaving safepoint region
[2023-10-19T09:25:06.559+0000][2666.778s][info ][safepoint     ] Total time for which application threads were stopped: 0.0024167 seconds, Stopping threads took: 0.0011409 seconds
[2023-10-19T09:25:07.560+0000][2667.779s][debug][safepoint     ] Safepoint synchronization initiated. (172 threads)
[2023-10-19T09:25:07.562+0000][2667.781s][info ][safepoint     ] Application time: 1.0014414 seconds
[2023-10-19T09:25:07.563+0000][2667.782s][info ][safepoint     ] Entering safepoint region: Cleanup
[2023-10-19T09:25:07.564+0000][2667.783s][info ][safepoint     ] Leaving safepoint region
[2023-10-19T09:25:07.565+0000][2667.784s][info ][safepoint     ] Total time for which application threads were stopped: 0.0025769 seconds, Stopping threads took: 0.0012309 seconds
[2023-10-19T09:25:08.567+0000][2668.785s][debug][safepoint     ] Safepoint synchronization initiated. (172 threads)
[2023-10-19T09:25:08.567+0000][2668.786s][info ][safepoint     ] Application time: 1.0010612 seconds
[2023-10-19T09:25:08.568+0000][2668.787s][info ][safepoint     ] Entering safepoint region: Cleanup
[2023-10-19T09:25:08.569+0000][2668.788s][info ][safepoint     ] Leaving safepoint region
[2023-10-19T09:25:08.570+0000][2668.789s][info ][safepoint     ] Total time for which application threads were stopped: 0.0021167 seconds, Stopping threads took: 0.0008804 seconds
[2023-10-19T09:25:09.571+0000][2669.790s][debug][safepoint     ] Safepoint synchronization initiated. (172 threads)
[2023-10-19T09:25:09.572+0000][2669.791s][info ][safepoint     ] Application time: 1.0011794 seconds
[2023-10-19T09:25:09.573+0000][2669.792s][info ][safepoint     ] Entering safepoint region: Cleanup
[2023-10-19T09:25:09.573+0000][2669.792s][info ][safepoint     ] Leaving safepoint region
[2023-10-19T09:25:09.574+0000][2669.793s][info ][safepoint     ] Total time for which application threads were stopped: 0.0013479 seconds, Stopping threads took: 0.0005176 seconds
[2023-10-19T09:25:10.575+0000][2670.793s][debug][safepoint     ] Safepoint synchronization initiated. (172 threads)
[2023-10-19T09:25:10.575+0000][2670.794s][info ][safepoint     ] Application time: 1.0007722 seconds
[2023-10-19T09:25:10.576+0000][2670.795s][info ][safepoint     ] Entering safepoint region: Cleanup
[2023-10-19T09:25:10.576+0000][2670.795s][info ][safepoint     ] Leaving safepoint region
[2023-10-19T09:25:10.577+0000][2670.795s][info ][safepoint     ] Total time for which application threads were stopped: 0.0008102 seconds, Stopping threads took: 0.0003360 seconds
[2023-10-19T09:25:11.577+0000][2671.796s][debug][safepoint     ] Safepoint synchronization initiated. (172 threads)
[2023-10-19T09:25:11.578+0000][2671.796s][info ][safepoint     ] Application time: 1.0006754 seconds
[2023-10-19T09:25:11.579+0000][2671.797s][info ][safepoint     ] Entering safepoint region: Cleanup
[2023-10-19T09:25:11.579+0000][2671.798s][info ][safepoint     ] Leaving safepoint region
[2023-10-19T09:25:11.580+0000][2671.798s][info ][safepoint     ] Total time for which application threads were stopped: 0.0010899 seconds, Stopping threads took: 0.0004339 seconds
[2023-10-19T09:25:12.580+0000][2672.799s][debug][safepoint     ] Safepoint synchronization initiated. (172 threads)
[2023-10-19T09:25:12.582+0000][2672.800s][info ][safepoint     ] Application time: 1.0013336 seconds
[2023-10-19T09:25:12.582+0000][2672.801s][info ][safepoint     ] Entering safepoint region: Cleanup
[2023-10-19T09:25:12.584+0000][2672.802s][info ][safepoint     ] Leaving safepoint region
[2023-10-19T09:25:12.584+0000][2672.803s][info ][safepoint     ] Total time for which application threads were stopped: 0.0021004 seconds, Stopping threads took: 0.0009527 seconds
[2023-10-19T09:25:13.586+0000][2673.804s][debug][safepoint     ] Safepoint synchronization initiated. (172 threads)
[2023-10-19T09:25:13.587+0000][2673.806s][info ][safepoint     ] Application time: 1.0014556 seconds
[2023-10-19T09:25:13.588+0000][2673.807s][info ][safepoint     ] Entering safepoint region: Cleanup
[2023-10-19T09:25:13.589+0000][2673.808s][info ][safepoint     ] Leaving safepoint region
[2023-10-19T09:25:13.590+0000][2673.809s][info ][safepoint     ] Total time for which application threads were stopped: 0.0023330 seconds, Stopping threads took: 0.0010021 seconds
[2023-10-19T09:25:14.591+0000][2674.810s][debug][safepoint     ] Safepoint synchronization initiated. (172 threads)
[2023-10-19T09:25:14.592+0000][2674.811s][info ][safepoint     ] Application time: 1.0015459 seconds
[2023-10-19T09:25:14.593+0000][2674.812s][info ][safepoint     ] Entering safepoint region: Cleanup
[2023-10-19T09:25:14.595+0000][2674.814s][info ][safepoint     ] Leaving safepoint region
[2023-10-19T09:25:14.596+0000][2674.814s][info ][safepoint     ] Total time for which application threads were stopped: 0.0022509 seconds, Stopping threads took: 0.0010548 seconds
[2023-10-19T09:25:15.597+0000][2675.815s][debug][safepoint     ] Safepoint synchronization initiated. (172 threads)
[2023-10-19T09:25:15.597+0000][2675.816s][info ][safepoint     ] Application time: 1.0008382 seconds
[2023-10-19T09:25:15.598+0000][2675.817s][info ][safepoint     ] Entering safepoint region: Cleanup
[2023-10-19T09:25:15.599+0000][2675.817s][info ][safepoint     ] Leaving safepoint region
[2023-10-19T09:25:15.599+0000][2675.818s][info ][safepoint     ] Total time for which application threads were stopped: 0.0012171 seconds, Stopping threads took: 0.0005757 seconds
[2023-10-19T09:25:16.600+0000][2676.818s][debug][safepoint     ] Safepoint synchronization initiated. (172 threads)
[2023-10-19T09:25:16.600+0000][2676.819s][info ][safepoint     ] Application time: 1.0006835 seconds
[2023-10-19T09:25:16.601+0000][2676.819s][info ][safepoint     ] Entering safepoint region: Cleanup
[2023-10-19T09:25:16.601+0000][2676.820s][info ][safepoint     ] Leaving safepoint region
[2023-10-19T09:25:16.602+0000][2676.820s][info ][safepoint     ] Total time for which application threads were stopped: 0.0010597 seconds, Stopping threads took: 0.0004993 seconds
[2023-10-19T09:25:16.755+0000][2676.974s][debug][safepoint     ] Safepoint synchronization initiated. (172 threads)
[2023-10-19T09:25:16.756+0000][2676.975s][info ][safepoint     ] Application time: 0.1537882 seconds
[2023-10-19T09:25:16.756+0000][2676.975s][info ][safepoint     ] Entering safepoint region: Deoptimize
[2023-10-19T09:25:16.761+0000][2676.979s][info ][safepoint     ] Leaving safepoint region
[2023-10-19T09:25:16.761+0000][2676.980s][info ][safepoint     ] Total time for which application threads were stopped: 0.0047167 seconds, Stopping threads took: 0.0004173 seconds
[2023-10-19T09:25:17.762+0000][2677.980s][debug][safepoint     ] Safepoint synchronization initiated. (172 threads)
[2023-10-19T09:25:17.763+0000][2677.981s][info ][safepoint     ] Application time: 1.0013220 seconds
[2023-10-19T09:25:17.764+0000][2677.983s][info ][safepoint     ] Entering safepoint region: Cleanup
[2023-10-19T09:25:17.765+0000][2677.984s][info ][safepoint     ] Leaving safepoint region
[2023-10-19T09:25:17.766+0000][2677.985s][info ][safepoint     ] Total time for which application threads were stopped: 0.0021001 seconds, Stopping threads took: 0.0010741 seconds
[2023-10-19T09:25:18.767+0000][2678.986s][debug][safepoint     ] Safepoint synchronization initiated. (172 threads)
[2023-10-19T09:25:18.768+0000][2678.987s][info ][safepoint     ] Application time: 1.0011076 seconds
[2023-10-19T09:25:18.769+0000][2678.987s][info ][safepoint     ] Entering safepoint region: Cleanup
[2023-10-19T09:25:18.770+0000][2678.988s][info ][safepoint     ] Leaving safepoint region
[2023-10-19T09:25:18.770+0000][2678.989s][info ][safepoint     ] Total time for which application threads were stopped: 0.0018853 seconds, Stopping threads took: 0.0008194 seconds
[2023-10-19T09:25:19.772+0000][2679.990s][debug][safepoint     ] Safepoint synchronization initiated. (172 threads)
[2023-10-19T09:25:19.773+0000][2679.992s][info ][safepoint     ] Application time: 1.0016057 seconds
[2023-10-19T09:25:19.774+0000][2679.993s][info ][safepoint     ] Entering safepoint region: Cleanup
[2023-10-19T09:25:19.775+0000][2679.994s][info ][safepoint     ] Leaving safepoint region
[2023-10-19T09:25:19.776+0000][2679.995s][info ][safepoint     ] Total time for which application threads were stopped: 0.0020073 seconds, Stopping threads took: 0.0007882 seconds
[2023-10-19T09:25:20.777+0000][2680.996s][debug][safepoint     ] Safepoint synchronization initiated. (172 threads)
[2023-10-19T09:25:20.778+0000][2680.997s][info ][safepoint     ] Application time: 1.0010771 seconds
[2023-10-19T09:25:20.778+0000][2680.997s][info ][safepoint     ] Entering safepoint region: Cleanup
[2023-10-19T09:25:20.779+0000][2680.998s][info ][safepoint     ] Leaving safepoint region
[2023-10-19T09:25:20.780+0000][2680.999s][info ][safepoint     ] Total time for which application threads were stopped: 0.0013604 seconds, Stopping threads took: 0.0005520 seconds
[2023-10-19T09:25:21.781+0000][2681.999s][debug][safepoint     ] Safepoint synchronization initiated. (172 threads)
[2023-10-19T09:25:21.781+0000][2682.000s][info ][safepoint     ] Application time: 1.0007785 seconds
[2023-10-19T09:25:21.782+0000][2682.001s][info ][safepoint     ] Entering safepoint region: Cleanup
[2023-10-19T09:25:21.782+0000][2682.001s][info ][safepoint     ] Leaving safepoint region
[2023-10-19T09:25:21.783+0000][2682.002s][info ][safepoint     ] Total time for which application threads were stopped: 0.0013124 seconds, Stopping threads took: 0.0005314 seconds
[2023-10-19T09:25:22.784+0000][2683.003s][debug][safepoint     ] Safepoint synchronization initiated. (172 threads)
[2023-10-19T09:25:22.786+0000][2683.005s][info ][safepoint     ] Application time: 1.0030039 seconds
[2023-10-19T09:25:22.787+0000][2683.006s][info ][safepoint     ] Entering safepoint region: Cleanup
[2023-10-19T09:25:22.788+0000][2683.006s][info ][safepoint     ] Leaving safepoint region
[2023-10-19T09:25:22.788+0000][2683.007s][info ][safepoint     ] Total time for which application threads were stopped: 0.0010498 seconds, Stopping threads took: 0.0004756 seconds
[2023-10-19T09:25:23.789+0000][2684.008s][debug][safepoint     ] Safepoint synchronization initiated. (172 threads)
[2023-10-19T09:25:23.790+0000][2684.009s][info ][safepoint     ] Application time: 1.0012644 seconds
[2023-10-19T09:25:23.790+0000][2684.009s][info ][safepoint     ] Entering safepoint region: Cleanup
[2023-10-19T09:25:23.791+0000][2684.010s][info ][safepoint     ] Leaving safepoint region
[2023-10-19T09:25:23.792+0000][2684.011s][info ][safepoint     ] Total time for which application threads were stopped: 0.0014885 seconds, Stopping threads took: 0.0005893 seconds
[2023-10-19T09:25:24.793+0000][2685.011s][debug][safepoint     ] Safepoint synchronization initiated. (172 threads)
[2023-10-19T09:25:24.793+0000][2685.012s][info ][safepoint     ] Application time: 1.0006515 seconds
[2023-10-19T09:25:24.794+0000][2685.012s][info ][safepoint     ] Entering safepoint region: Cleanup
[2023-10-19T09:25:24.794+0000][2685.013s][info ][safepoint     ] Leaving safepoint region
[2023-10-19T09:25:24.795+0000][2685.013s][info ][safepoint     ] Total time for which application threads were stopped: 0.0010577 seconds, Stopping threads took: 0.0004638 seconds
[2023-10-19T09:25:25.795+0000][2686.014s][debug][safepoint     ] Safepoint synchronization initiated. (172 threads)
[2023-10-19T09:25:25.796+0000][2686.015s][info ][safepoint     ] Application time: 1.0008227 seconds
[2023-10-19T09:25:25.796+0000][2686.015s][info ][safepoint     ] Entering safepoint region: Cleanup
[2023-10-19T09:25:25.797+0000][2686.016s][info ][safepoint     ] Leaving safepoint region
[2023-10-19T09:25:25.798+0000][2686.016s][info ][safepoint     ] Total time for which application threads were stopped: 0.0011894 seconds, Stopping threads took: 0.0004928 seconds
[2023-10-19T09:25:26.798+0000][2687.017s][debug][safepoint     ] Safepoint synchronization initiated. (172 threads)
[2023-10-19T09:25:26.799+0000][2687.018s][info ][safepoint     ] Application time: 1.0007254 seconds
[2023-10-19T09:25:26.799+0000][2687.018s][info ][safepoint     ] Entering safepoint region: Cleanup
[2023-10-19T09:25:26.800+0000][2687.019s][info ][safepoint     ] Leaving safepoint region
[2023-10-19T09:25:26.800+0000][2687.019s][info ][safepoint     ] Total time for which application threads were stopped: 0.0008764 seconds, Stopping threads took: 0.0003503 seconds
[2023-10-19T09:25:27.801+0000][2688.019s][debug][safepoint     ] Safepoint synchronization initiated. (172 threads)
[2023-10-19T09:25:27.802+0000][2688.021s][info ][safepoint     ] Application time: 1.0013919 seconds
[2023-10-19T09:25:27.803+0000][2688.022s][info ][safepoint     ] Entering safepoint region: Cleanup
[2023-10-19T09:25:27.804+0000][2688.023s][info ][safepoint     ] Leaving safepoint region
[2023-10-19T09:25:27.805+0000][2688.024s][info ][safepoint     ] Total time for which application threads were stopped: 0.0023275 seconds, Stopping threads took: 0.0010581 seconds
[2023-10-19T09:25:28.806+0000][2689.025s][debug][safepoint     ] Safepoint synchronization initiated. (172 threads)
[2023-10-19T09:25:28.807+0000][2689.026s][info ][safepoint     ] Application time: 1.0013340 seconds
[2023-10-19T09:25:28.808+0000][2689.027s][info ][safepoint     ] Entering safepoint region: Cleanup
[2023-10-19T09:25:28.810+0000][2689.029s][info ][safepoint     ] Leaving safepoint region
[2023-10-19T09:25:28.810+0000][2689.029s][info ][safepoint     ] Total time for which application threads were stopped: 0.0021951 seconds, Stopping threads took: 0.0010420 seconds
[2023-10-19T09:25:29.811+0000][2690.030s][debug][safepoint     ] Safepoint synchronization initiated. (172 threads)
[2023-10-19T09:25:29.813+0000][2690.031s][info ][safepoint     ] Application time: 1.0015147 seconds
[2023-10-19T09:25:29.813+0000][2690.032s][info ][safepoint     ] Entering safepoint region: Cleanup
[2023-10-19T09:25:29.815+0000][2690.033s][info ][safepoint     ] Leaving safepoint region
[2023-10-19T09:25:29.815+0000][2690.034s][info ][safepoint     ] Total time for which application threads were stopped: 0.0019780 seconds, Stopping threads took: 0.0009166 seconds
[2023-10-19T09:25:30.816+0000][2691.035s][debug][safepoint     ] Safepoint synchronization initiated. (172 threads)
[2023-10-19T09:25:30.817+0000][2691.035s][info ][safepoint     ] Application time: 1.0006479 seconds
[2023-10-19T09:25:30.817+0000][2691.036s][info ][safepoint     ] Entering safepoint region: Cleanup
[2023-10-19T09:25:30.817+0000][2691.036s][info ][safepoint     ] Leaving safepoint region
[2023-10-19T09:25:30.818+0000][2691.037s][info ][safepoint     ] Total time for which application threads were stopped: 0.0008658 seconds, Stopping threads took: 0.0003608 seconds
[2023-10-19T09:25:31.818+0000][2692.037s][debug][safepoint     ] Safepoint synchronization initiated. (172 threads)
[2023-10-19T09:25:31.819+0000][2692.038s][info ][safepoint     ] Application time: 1.0007036 seconds
[2023-10-19T09:25:31.819+0000][2692.038s][info ][safepoint     ] Entering safepoint region: Cleanup
[2023-10-19T09:25:31.820+0000][2692.039s][info ][safepoint     ] Leaving safepoint region
[2023-10-19T09:25:31.821+0000][2692.039s][info ][safepoint     ] Total time for which application threads were stopped: 0.0014446 seconds, Stopping threads took: 0.0007556 seconds
[2023-10-19T09:25:32.818+0000][2693.040s][debug][safepoint     ] Safepoint synchronization initiated. (172 threads)
[2023-10-19T09:25:32.819+0000][2693.041s][info ][safepoint     ] Application time: 1.0008443 seconds
[2023-10-19T09:25:32.819+0000][2693.041s][info ][safepoint     ] Entering safepoint region: Cleanup
[2023-10-19T09:25:32.820+0000][2693.042s][info ][safepoint     ] Leaving safepoint region
[2023-10-19T09:25:32.820+0000][2693.042s][info ][safepoint     ] Total time for which application threads were stopped: 0.0009951 seconds, Stopping threads took: 0.0004278 seconds
[2023-10-19T09:25:33.821+0000][2694.043s][debug][safepoint     ] Safepoint synchronization initiated. (172 threads)
[2023-10-19T09:25:33.821+0000][2694.043s][info ][safepoint     ] Application time: 1.0007781 seconds
[2023-10-19T09:25:33.822+0000][2694.044s][info ][safepoint     ] Entering safepoint region: Cleanup
[2023-10-19T09:25:33.823+0000][2694.045s][info ][safepoint     ] Leaving safepoint region
[2023-10-19T09:25:33.823+0000][2694.045s][info ][safepoint     ] Total time for which application threads were stopped: 0.0010771 seconds, Stopping threads took: 0.0004659 seconds
[2023-10-19T09:25:34.824+0000][2695.046s][debug][safepoint     ] Safepoint synchronization initiated. (172 threads)
[2023-10-19T09:25:34.825+0000][2695.047s][info ][safepoint     ] Application time: 1.0016249 seconds
[2023-10-19T09:25:34.826+0000][2695.048s][info ][safepoint     ] Entering safepoint region: Cleanup
[2023-10-19T09:25:34.828+0000][2695.050s][info ][safepoint     ] Leaving safepoint region
[2023-10-19T09:25:34.828+0000][2695.050s][info ][safepoint     ] Total time for which application threads were stopped: 0.0022707 seconds, Stopping threads took: 0.0009562 seconds
[2023-10-19T09:25:35.829+0000][2696.051s][debug][safepoint     ] Safepoint synchronization initiated. (172 threads)
[2023-10-19T09:25:35.830+0000][2696.052s][info ][safepoint     ] Application time: 1.0007057 seconds
[2023-10-19T09:25:35.830+0000][2696.053s][info ][safepoint     ] Entering safepoint region: Cleanup
[2023-10-19T09:25:35.831+0000][2696.053s][info ][safepoint     ] Leaving safepoint region
[2023-10-19T09:25:35.831+0000][2696.053s][info ][safepoint     ] Total time for which application threads were stopped: 0.0009548 seconds, Stopping threads took: 0.0003906 seconds
[2023-10-19T09:25:36.832+0000][2697.054s][debug][safepoint     ] Safepoint synchronization initiated. (172 threads)
[2023-10-19T09:25:36.833+0000][2697.055s][info ][safepoint     ] Application time: 1.0015172 seconds
[2023-10-19T09:25:36.834+0000][2697.057s][debug][safepoint     ] ... found polling page return exception at pc = 0x00007f0de8afa176, stub =0x00007f0de0840600
[2023-10-19T09:25:36.835+0000][2697.057s][debug][safepoint     ] Waiting for 1 thread(s) to block
[2023-10-19T09:25:36.837+0000][2697.059s][info ][safepoint     ] Entering safepoint region: Cleanup
[2023-10-19T09:25:36.838+0000][2697.060s][info ][safepoint     ] Leaving safepoint region
[2023-10-19T09:25:36.839+0000][2697.061s][info ][safepoint     ] Total time for which application threads were stopped: 0.0041021 seconds, Stopping threads took: 0.0030747 seconds
[2023-10-19T09:25:37.840+0000][2698.062s][debug][safepoint     ] Safepoint synchronization initiated. (172 threads)
[2023-10-19T09:25:37.841+0000][2698.063s][info ][safepoint     ] Application time: 1.0017363 seconds
[2023-10-19T09:25:37.842+0000][2698.064s][info ][safepoint     ] Entering safepoint region: Cleanup
[2023-10-19T09:25:37.844+0000][2698.066s][info ][safepoint     ] Leaving safepoint region
[2023-10-19T09:25:37.844+0000][2698.066s][info ][safepoint     ] Total time for which application threads were stopped: 0.0023123 seconds, Stopping threads took: 0.0009914 seconds
[2023-10-19T09:25:38.846+0000][2699.068s][debug][safepoint     ] Safepoint synchronization initiated. (172 threads)
[2023-10-19T09:25:38.847+0000][2699.069s][info ][safepoint     ] Application time: 1.0013807 seconds
[2023-10-19T09:25:38.848+0000][2699.070s][info ][safepoint     ] Entering safepoint region: Cleanup
[2023-10-19T09:25:38.849+0000][2699.071s][info ][safepoint     ] Leaving safepoint region
[2023-10-19T09:25:38.850+0000][2699.072s][info ][safepoint     ] Total time for which application threads were stopped: 0.0024538 seconds, Stopping threads took: 0.0010491 seconds
[2023-10-19T09:25:39.851+0000][2700.073s][debug][safepoint     ] Safepoint synchronization initiated. (172 threads)
[2023-10-19T09:25:39.852+0000][2700.074s][info ][safepoint     ] Application time: 1.0008003 seconds
[2023-10-19T09:25:39.852+0000][2700.074s][info ][safepoint     ] Entering safepoint region: Cleanup
[2023-10-19T09:25:39.853+0000][2700.075s][info ][safepoint     ] Leaving safepoint region
[2023-10-19T09:25:39.853+0000][2700.075s][info ][safepoint     ] Total time for which application threads were stopped: 0.0013555 seconds, Stopping threads took: 0.0005959 seconds
[2023-10-19T09:25:40.854+0000][2701.076s][debug][safepoint     ] Safepoint synchronization initiated. (172 threads)
[2023-10-19T09:25:40.855+0000][2701.077s][info ][safepoint     ] Application time: 1.0006879 seconds
[2023-10-19T09:25:40.855+0000][2701.077s][info ][safepoint     ] Entering safepoint region: Cleanup
[2023-10-19T09:25:40.856+0000][2701.078s][info ][safepoint     ] Leaving safepoint region
[2023-10-19T09:25:40.856+0000][2701.078s][info ][safepoint     ] Total time for which application threads were stopped: 0.0010018 seconds, Stopping threads took: 0.0003822 seconds
[2023-10-19T09:25:41.857+0000][2702.079s][debug][safepoint     ] Safepoint synchronization initiated. (172 threads)
[2023-10-19T09:25:41.858+0000][2702.080s][info ][safepoint     ] Application time: 1.0012247 seconds
[2023-10-19T09:25:41.859+0000][2702.081s][info ][safepoint     ] Entering safepoint region: Cleanup
[2023-10-19T09:25:41.860+0000][2702.082s][info ][safepoint     ] Leaving safepoint region
[2023-10-19T09:25:41.861+0000][2702.083s][info ][safepoint     ] Total time for which application threads were stopped: 0.0021948 seconds, Stopping threads took: 0.0011055 seconds
[2023-10-19T09:25:42.862+0000][2703.084s][debug][safepoint     ] Safepoint synchronization initiated. (172 threads)
[2023-10-19T09:25:42.862+0000][2703.084s][info ][safepoint     ] Application time: 1.0006423 seconds
[2023-10-19T09:25:42.863+0000][2703.085s][info ][safepoint     ] Entering safepoint region: Cleanup
[2023-10-19T09:25:42.863+0000][2703.085s][info ][safepoint     ] Leaving safepoint region
[2023-10-19T09:25:42.863+0000][2703.085s][info ][safepoint     ] Total time for which application threads were stopped: 0.0008726 seconds, Stopping threads took: 0.0003648 seconds
[2023-10-19T09:25:43.864+0000][2704.086s][debug][safepoint     ] Safepoint synchronization initiated. (172 threads)
[2023-10-19T09:25:43.865+0000][2704.087s][info ][safepoint     ] Application time: 1.0011395 seconds
[2023-10-19T09:25:43.866+0000][2704.088s][info ][safepoint     ] Entering safepoint region: Cleanup
[2023-10-19T09:25:43.867+0000][2704.089s][info ][safepoint     ] Leaving safepoint region
[2023-10-19T09:25:43.867+0000][2704.089s][info ][safepoint     ] Total time for which application threads were stopped: 0.0015507 seconds, Stopping threads took: 0.0007068 seconds
[2023-10-19T09:25:44.868+0000][2705.090s][debug][safepoint     ] Safepoint synchronization initiated. (172 threads)
[2023-10-19T09:25:44.869+0000][2705.091s][info ][safepoint     ] Application time: 1.0009501 seconds
[2023-10-19T09:25:44.869+0000][2705.091s][info ][safepoint     ] Entering safepoint region: Cleanup
[2023-10-19T09:25:44.870+0000][2705.092s][info ][safepoint     ] Leaving safepoint region
[2023-10-19T09:25:44.871+0000][2705.093s][info ][safepoint     ] Total time for which application threads were stopped: 0.0012849 seconds, Stopping threads took: 0.0005874 seconds
[2023-10-19T09:25:45.871+0000][2706.093s][debug][safepoint     ] Safepoint synchronization initiated. (172 threads)
[2023-10-19T09:25:45.872+0000][2706.094s][info ][safepoint     ] Application time: 1.0013607 seconds
[2023-10-19T09:25:45.873+0000][2706.095s][info ][safepoint     ] Entering safepoint region: Cleanup
[2023-10-19T09:25:45.875+0000][2706.097s][info ][safepoint     ] Leaving safepoint region
[2023-10-19T09:25:45.875+0000][2706.097s][info ][safepoint     ] Total time for which application threads were stopped: 0.0019765 seconds, Stopping threads took: 0.0008880 seconds
[2023-10-19T09:25:46.876+0000][2707.098s][debug][safepoint     ] Safepoint synchronization initiated. (172 threads)
[2023-10-19T09:25:46.877+0000][2707.099s][info ][safepoint     ] Application time: 1.0009639 seconds
[2023-10-19T09:25:46.878+0000][2707.100s][info ][safepoint     ] Entering safepoint region: Cleanup
[2023-10-19T09:25:46.878+0000][2707.100s][info ][safepoint     ] Leaving safepoint region
[2023-10-19T09:25:46.879+0000][2707.101s][info ][safepoint     ] Total time for which application threads were stopped: 0.0013319 seconds, Stopping threads took: 0.0005375 seconds
[2023-10-19T09:25:47.880+0000][2708.102s][debug][safepoint     ] Safepoint synchronization initiated. (172 threads)
[2023-10-19T09:25:47.881+0000][2708.103s][info ][safepoint     ] Application time: 1.0010744 seconds
[2023-10-19T09:25:47.881+0000][2708.103s][info ][safepoint     ] Entering safepoint region: Cleanup
[2023-10-19T09:25:47.882+0000][2708.104s][info ][safepoint     ] Leaving safepoint region
[2023-10-19T09:25:47.883+0000][2708.105s][info ][safepoint     ] Total time for which application threads were stopped: 0.0013379 seconds, Stopping threads took: 0.0005120 seconds
[2023-10-19T09:25:48.883+0000][2709.105s][debug][safepoint     ] Safepoint synchronization initiated. (172 threads)
[2023-10-19T09:25:48.884+0000][2709.106s][info ][safepoint     ] Application time: 1.0008821 seconds
[2023-10-19T09:25:48.885+0000][2709.107s][info ][safepoint     ] Entering safepoint region: Cleanup
[2023-10-19T09:25:48.885+0000][2709.107s][info ][safepoint     ] Leaving safepoint region
[2023-10-19T09:25:48.886+0000][2709.108s][info ][safepoint     ] Total time for which application threads were stopped: 0.0013001 seconds, Stopping threads took: 0.0006014 seconds
[2023-10-19T09:25:49.887+0000][2710.109s][debug][safepoint     ] Safepoint synchronization initiated. (172 threads)
[2023-10-19T09:25:49.887+0000][2710.109s][info ][safepoint     ] Application time: 1.0009496 seconds
[2023-10-19T09:25:49.888+0000][2710.110s][info ][safepoint     ] Entering safepoint region: Cleanup
[2023-10-19T09:25:49.889+0000][2710.111s][info ][safepoint     ] Leaving safepoint region
[2023-10-19T09:25:49.889+0000][2710.111s][info ][safepoint     ] Total time for which application threads were stopped: 0.0011779 seconds, Stopping threads took: 0.0005346 seconds
[2023-10-19T09:25:50.890+0000][2711.112s][debug][safepoint     ] Safepoint synchronization initiated. (172 threads)
[2023-10-19T09:25:50.891+0000][2711.113s][info ][safepoint     ] Application time: 1.0015472 seconds
[2023-10-19T09:25:50.892+0000][2711.114s][info ][safepoint     ] Entering safepoint region: Cleanup
[2023-10-19T09:25:50.894+0000][2711.116s][info ][safepoint     ] Leaving safepoint region
[2023-10-19T09:25:50.894+0000][2711.116s][info ][safepoint     ] Total time for which application threads were stopped: 0.0022303 seconds, Stopping threads took: 0.0010194 seconds
[2023-10-19T09:25:51.895+0000][2712.117s][debug][safepoint     ] Safepoint synchronization initiated. (172 threads)
[2023-10-19T09:25:51.896+0000][2712.118s][info ][safepoint     ] Application time: 1.0008818 seconds
[2023-10-19T09:25:51.896+0000][2712.118s][info ][safepoint     ] Entering safepoint region: Cleanup
[2023-10-19T09:25:51.897+0000][2712.119s][info ][safepoint     ] Leaving safepoint region
[2023-10-19T09:25:51.898+0000][2712.120s][info ][safepoint     ] Total time for which application threads were stopped: 0.0012337 seconds, Stopping threads took: 0.0004832 seconds
[2023-10-19T09:25:52.898+0000][2713.120s][debug][safepoint     ] Safepoint synchronization initiated. (172 threads)
[2023-10-19T09:25:52.899+0000][2713.121s][info ][safepoint     ] Application time: 1.0008999 seconds
[2023-10-19T09:25:52.900+0000][2713.122s][info ][safepoint     ] Entering safepoint region: Cleanup
[2023-10-19T09:25:52.900+0000][2713.122s][info ][safepoint     ] Leaving safepoint region
[2023-10-19T09:25:52.901+0000][2713.123s][info ][safepoint     ] Total time for which application threads were stopped: 0.0013483 seconds, Stopping threads took: 0.0006052 seconds
[2023-10-19T09:25:53.902+0000][2714.124s][debug][safepoint     ] Safepoint synchronization initiated. (172 threads)
[2023-10-19T09:25:53.902+0000][2714.124s][info ][safepoint     ] Application time: 1.0008802 seconds
[2023-10-19T09:25:53.903+0000][2714.125s][info ][safepoint     ] Entering safepoint region: Cleanup
[2023-10-19T09:25:53.904+0000][2714.126s][info ][safepoint     ] Leaving safepoint region
[2023-10-19T09:25:53.904+0000][2714.126s][info ][safepoint     ] Total time for which application threads were stopped: 0.0012308 seconds, Stopping threads took: 0.0005230 seconds
[2023-10-19T09:25:54.905+0000][2715.127s][debug][safepoint     ] Safepoint synchronization initiated. (172 threads)
[2023-10-19T09:25:54.906+0000][2715.128s][info ][safepoint     ] Application time: 1.0009735 seconds
[2023-10-19T09:25:54.906+0000][2715.128s][info ][safepoint     ] Entering safepoint region: Cleanup
[2023-10-19T09:25:54.907+0000][2715.129s][info ][safepoint     ] Leaving safepoint region
[2023-10-19T09:25:54.907+0000][2715.129s][info ][safepoint     ] Total time for which application threads were stopped: 0.0011447 seconds, Stopping threads took: 0.0004432 seconds
[2023-10-19T09:25:55.908+0000][2716.130s][debug][safepoint     ] Safepoint synchronization initiated. (172 threads)
[2023-10-19T09:25:55.909+0000][2716.131s][info ][safepoint     ] Application time: 1.0011943 seconds
[2023-10-19T09:25:55.910+0000][2716.132s][info ][safepoint     ] Entering safepoint region: Cleanup
[2023-10-19T09:25:55.910+0000][2716.132s][info ][safepoint     ] Leaving safepoint region
[2023-10-19T09:25:55.911+0000][2716.133s][info ][safepoint     ] Total time for which application threads were stopped: 0.0013768 seconds, Stopping threads took: 0.0006747 seconds
[2023-10-19T09:25:56.912+0000][2717.134s][debug][safepoint     ] Safepoint synchronization initiated. (172 threads)
[2023-10-19T09:25:56.913+0000][2717.135s][info ][safepoint     ] Application time: 1.0010094 seconds
[2023-10-19T09:25:56.913+0000][2717.135s][info ][safepoint     ] Entering safepoint region: Cleanup
[2023-10-19T09:25:56.914+0000][2717.136s][info ][safepoint     ] Leaving safepoint region
[2023-10-19T09:25:56.914+0000][2717.136s][info ][safepoint     ] Total time for which application threads were stopped: 0.0011228 seconds, Stopping threads took: 0.0004497 seconds
[2023-10-19T09:25:57.915+0000][2718.137s][debug][safepoint     ] Safepoint synchronization initiated. (172 threads)
[2023-10-19T09:25:57.916+0000][2718.138s][info ][safepoint     ] Application time: 1.0009757 seconds
[2023-10-19T09:25:57.916+0000][2718.138s][info ][safepoint     ] Entering safepoint region: Cleanup
[2023-10-19T09:25:57.917+0000][2718.139s][info ][safepoint     ] Leaving safepoint region
[2023-10-19T09:25:57.918+0000][2718.140s][info ][safepoint     ] Total time for which application threads were stopped: 0.0016421 seconds, Stopping threads took: 0.0007508 seconds
[2023-10-19T09:25:58.712+0000][2718.934s][debug][safepoint     ] Safepoint synchronization initiated. (173 threads)
[2023-10-19T09:25:58.713+0000][2718.935s][info ][safepoint     ] Application time: 0.7940750 seconds
[2023-10-19T09:25:58.713+0000][2718.935s][info ][safepoint     ] Entering safepoint region: G1CollectForAllocation
[2023-10-19T09:25:58.714+0000][2718.936s][info ][gc,start      ] GC(85) Pause Young (Concurrent Start) (G1 Humongous Allocation)
[2023-10-19T09:25:58.715+0000][2718.937s][info ][gc,task       ] GC(85) Using 8 workers of 8 for evacuation
[2023-10-19T09:25:58.727+0000][2718.949s][info ][gc,phases     ] GC(85)   Pre Evacuate Collection Set: 4.0ms
[2023-10-19T09:25:58.727+0000][2718.949s][info ][gc,phases     ] GC(85)   Evacuate Collection Set: 4.0ms
[2023-10-19T09:25:58.728+0000][2718.950s][info ][gc,phases     ] GC(85)   Post Evacuate Collection Set: 2.0ms
[2023-10-19T09:25:58.728+0000][2718.950s][info ][gc,phases     ] GC(85)   Other: 2.9ms
[2023-10-19T09:25:58.729+0000][2718.951s][info ][gc,heap       ] GC(85) Eden regions: 87->0(132)
[2023-10-19T09:25:58.729+0000][2718.951s][info ][gc,heap       ] GC(85) Survivor regions: 2->2(20)
[2023-10-19T09:25:58.730+0000][2718.952s][info ][gc,heap       ] GC(85) Old regions: 134->135
[2023-10-19T09:25:58.730+0000][2718.952s][info ][gc,heap       ] GC(85) Humongous regions: 20->20
[2023-10-19T09:25:58.731+0000][2718.953s][info ][gc,metaspace  ] GC(85) Metaspace: 160578K(167632K)->160578K(167632K) NonClass: 141996K(146640K)->141996K(146640K) Class: 18581K(20992K)->18581K(20992K)
[2023-10-19T09:25:58.731+0000][2718.953s][info ][gc            ] GC(85) Pause Young (Concurrent Start) (G1 Humongous Allocation) 240M->154M(350M) 16.931ms
[2023-10-19T09:25:58.731+0000][2718.954s][info ][gc,cpu        ] GC(85) User=0.02s Sys=0.02s Real=0.02s
[2023-10-19T09:25:58.732+0000][2718.955s][info ][safepoint     ] Leaving safepoint region
[2023-10-19T09:25:58.733+0000][2718.955s][info ][safepoint     ] Total time for which application threads were stopped: 0.0200140 seconds, Stopping threads took: 0.0004213 seconds
[2023-10-19T09:25:58.733+0000][2718.955s][info ][gc            ] GC(86) Concurrent Cycle
[2023-10-19T09:25:58.734+0000][2718.956s][info ][gc,marking    ] GC(86) Concurrent Clear Claimed Marks
[2023-10-19T09:25:58.734+0000][2718.956s][info ][gc,stringdedup] Concurrent String Deduplication (2718.956s)
[2023-10-19T09:25:58.735+0000][2718.957s][info ][gc,marking    ] GC(86) Concurrent Clear Claimed Marks 1.102ms
[2023-10-19T09:25:58.736+0000][2718.958s][info ][gc,marking    ] GC(86) Concurrent Scan Root Regions
[2023-10-19T09:25:58.735+0000][2718.957s][info ][gc,stringdedup] Concurrent String Deduplication 17984.0B->2936.0B(15048.0B) avg 54.5% (2718.956s, 2718.957s) 1.593ms
[2023-10-19T09:25:58.747+0000][2718.969s][info ][gc,marking    ] GC(86) Concurrent Scan Root Regions 10.858ms
[2023-10-19T09:25:58.747+0000][2718.969s][info ][gc,marking    ] GC(86) Concurrent Mark (2718.969s)
[2023-10-19T09:25:58.748+0000][2718.970s][info ][gc,marking    ] GC(86) Concurrent Mark From Roots
[2023-10-19T09:25:58.748+0000][2718.971s][info ][gc,task       ] GC(86) Using 2 workers of 2 for marking
[2023-10-19T09:25:58.893+0000][2719.115s][info ][gc,marking    ] GC(86) Concurrent Mark From Roots 144.687ms
[2023-10-19T09:25:58.893+0000][2719.115s][info ][gc,marking    ] GC(86) Concurrent Preclean
[2023-10-19T09:25:58.894+0000][2719.116s][info ][gc,marking    ] GC(86) Concurrent Preclean 0.943ms
[2023-10-19T09:25:58.895+0000][2719.117s][info ][gc,marking    ] GC(86) Concurrent Mark (2718.969s, 2719.117s) 147.175ms
[2023-10-19T09:25:58.895+0000][2719.117s][debug][safepoint     ] Safepoint synchronization initiated. (173 threads)
[2023-10-19T09:25:58.895+0000][2719.118s][info ][safepoint     ] Application time: 0.1619020 seconds
[2023-10-19T09:25:58.896+0000][2719.118s][info ][safepoint     ] Entering safepoint region: CGC_Operation
[2023-10-19T09:25:58.897+0000][2719.119s][info ][gc,start      ] GC(86) Pause Remark
[2023-10-19T09:25:58.926+0000][2719.148s][info ][gc,stringtable] GC(86) Cleaned string and symbol table, strings: 69123 processed, 0 removed, symbols: 402140 processed, 432 removed
[2023-10-19T09:25:58.927+0000][2719.149s][info ][gc            ] GC(86) Pause Remark 161M->161M(350M) 30.176ms
[2023-10-19T09:25:58.927+0000][2719.149s][info ][gc,cpu        ] GC(86) User=0.18s Sys=0.00s Real=0.03s
[2023-10-19T09:25:58.928+0000][2719.150s][info ][safepoint     ] Leaving safepoint region
[2023-10-19T09:25:58.928+0000][2719.150s][info ][safepoint     ] Total time for which application threads were stopped: 0.0321275 seconds, Stopping threads took: 0.0003949 seconds
[2023-10-19T09:25:58.928+0000][2719.151s][info ][gc,marking    ] GC(86) Concurrent Rebuild Remembered Sets
[2023-10-19T09:25:59.039+0000][2719.261s][info ][gc,marking    ] GC(86) Concurrent Rebuild Remembered Sets 110.134ms
[2023-10-19T09:25:59.040+0000][2719.263s][debug][safepoint     ] Safepoint synchronization initiated. (173 threads)
[2023-10-19T09:25:59.041+0000][2719.263s][info ][safepoint     ] Application time: 0.1127160 seconds
[2023-10-19T09:25:59.042+0000][2719.264s][info ][safepoint     ] Entering safepoint region: CGC_Operation
[2023-10-19T09:25:59.042+0000][2719.264s][info ][gc,start      ] GC(86) Pause Cleanup
[2023-10-19T09:25:59.043+0000][2719.265s][info ][gc            ] GC(86) Pause Cleanup 162M->162M(350M) 0.613ms
[2023-10-19T09:25:59.043+0000][2719.265s][info ][gc,cpu        ] GC(86) User=0.00s Sys=0.00s Real=0.00s
[2023-10-19T09:25:59.043+0000][2719.265s][info ][safepoint     ] Leaving safepoint region
[2023-10-19T09:25:59.044+0000][2719.266s][info ][safepoint     ] Total time for which application threads were stopped: 0.0020597 seconds, Stopping threads took: 0.0003226 seconds
[2023-10-19T09:25:59.044+0000][2719.266s][info ][gc,marking    ] GC(86) Concurrent Cleanup for Next Mark
[2023-10-19T09:25:59.046+0000][2719.268s][info ][gc,marking    ] GC(86) Concurrent Cleanup for Next Mark 1.649ms
[2023-10-19T09:25:59.046+0000][2719.268s][info ][gc            ] GC(86) Concurrent Cycle 313.920ms
[2023-10-19T09:26:00.044+0000][2720.266s][debug][safepoint     ] Safepoint synchronization initiated. (175 threads)
[2023-10-19T09:26:00.045+0000][2720.267s][info ][safepoint     ] Application time: 1.0009536 seconds
[2023-10-19T09:26:00.046+0000][2720.268s][info ][safepoint     ] Entering safepoint region: Cleanup
[2023-10-19T09:26:00.046+0000][2720.268s][info ][safepoint     ] Leaving safepoint region
[2023-10-19T09:26:00.047+0000][2720.269s][info ][safepoint     ] Total time for which application threads were stopped: 0.0009529 seconds, Stopping threads took: 0.0004262 seconds
[2023-10-19T09:26:01.047+0000][2721.269s][debug][safepoint     ] Safepoint synchronization initiated. (175 threads)
[2023-10-19T09:26:01.049+0000][2721.271s][info ][safepoint     ] Application time: 1.0017235 seconds
[2023-10-19T09:26:01.050+0000][2721.272s][info ][safepoint     ] Entering safepoint region: Cleanup
[2023-10-19T09:26:01.051+0000][2721.273s][info ][safepoint     ] Leaving safepoint region
[2023-10-19T09:26:01.052+0000][2721.274s][info ][safepoint     ] Total time for which application threads were stopped: 0.0022082 seconds, Stopping threads took: 0.0010290 seconds
[2023-10-19T09:26:02.053+0000][2722.275s][debug][safepoint     ] Safepoint synchronization initiated. (175 threads)
[2023-10-19T09:26:02.054+0000][2722.276s][info ][safepoint     ] Application time: 1.0009131 seconds
[2023-10-19T09:26:02.054+0000][2722.276s][info ][safepoint     ] Entering safepoint region: Cleanup
[2023-10-19T09:26:02.055+0000][2722.277s][info ][safepoint     ] Leaving safepoint region
[2023-10-19T09:26:02.055+0000][2722.277s][info ][safepoint     ] Total time for which application threads were stopped: 0.0010101 seconds, Stopping threads took: 0.0004125 seconds
[2023-10-19T09:26:03.055+0000][2723.278s][debug][safepoint     ] Safepoint synchronization initiated. (175 threads)
[2023-10-19T09:26:03.056+0000][2723.278s][info ][safepoint     ] Application time: 1.0006755 seconds
[2023-10-19T09:26:03.056+0000][2723.279s][info ][safepoint     ] Entering safepoint region: Cleanup
[2023-10-19T09:26:03.057+0000][2723.279s][info ][safepoint     ] Leaving safepoint region
[2023-10-19T09:26:03.057+0000][2723.280s][info ][safepoint     ] Total time for which application threads were stopped: 0.0011032 seconds, Stopping threads took: 0.0004906 seconds
[2023-10-19T09:26:04.058+0000][2724.281s][debug][safepoint     ] Safepoint synchronization initiated. (175 threads)
[2023-10-19T09:26:04.059+0000][2724.281s][info ][safepoint     ] Application time: 1.0011731 seconds
[2023-10-19T09:26:04.060+0000][2724.282s][info ][safepoint     ] Entering safepoint region: Cleanup
[2023-10-19T09:26:04.061+0000][2724.283s][info ][safepoint     ] Leaving safepoint region
[2023-10-19T09:26:04.062+0000][2724.284s][info ][safepoint     ] Total time for which application threads were stopped: 0.0017683 seconds, Stopping threads took: 0.0007084 seconds
[2023-10-19T09:26:05.062+0000][2725.285s][debug][safepoint     ] Safepoint synchronization initiated. (175 threads)
[2023-10-19T09:26:05.063+0000][2725.285s][info ][safepoint     ] Application time: 1.0009243 seconds
[2023-10-19T09:26:05.064+0000][2725.286s][info ][safepoint     ] Entering safepoint region: Cleanup
[2023-10-19T09:26:05.065+0000][2725.287s][info ][safepoint     ] Leaving safepoint region
[2023-10-19T09:26:05.065+0000][2725.287s][info ][safepoint     ] Total time for which application threads were stopped: 0.0012777 seconds, Stopping threads took: 0.0005813 seconds
[2023-10-19T09:26:06.066+0000][2726.288s][debug][safepoint     ] Safepoint synchronization initiated. (175 threads)
[2023-10-19T09:26:06.066+0000][2726.289s][info ][safepoint     ] Application time: 1.0006504 seconds
[2023-10-19T09:26:06.067+0000][2726.289s][info ][safepoint     ] Entering safepoint region: Cleanup
[2023-10-19T09:26:06.067+0000][2726.289s][info ][safepoint     ] Leaving safepoint region
[2023-10-19T09:26:06.068+0000][2726.290s][info ][safepoint     ] Total time for which application threads were stopped: 0.0011103 seconds, Stopping threads took: 0.0003532 seconds
[2023-10-19T09:26:07.068+0000][2727.291s][debug][safepoint     ] Safepoint synchronization initiated. (175 threads)
[2023-10-19T09:26:07.070+0000][2727.292s][info ][safepoint     ] Application time: 1.0015154 seconds
[2023-10-19T09:26:07.071+0000][2727.293s][info ][safepoint     ] Entering safepoint region: Cleanup
[2023-10-19T09:26:07.072+0000][2727.294s][info ][safepoint     ] Leaving safepoint region
[2023-10-19T09:26:07.073+0000][2727.295s][info ][safepoint     ] Total time for which application threads were stopped: 0.0023428 seconds, Stopping threads took: 0.0010349 seconds
[2023-10-19T09:26:08.074+0000][2728.296s][debug][safepoint     ] Safepoint synchronization initiated. (175 threads)
[2023-10-19T09:26:08.075+0000][2728.298s][info ][safepoint     ] Application time: 1.0014718 seconds
[2023-10-19T09:26:08.076+0000][2728.299s][info ][safepoint     ] Entering safepoint region: Cleanup
[2023-10-19T09:26:08.078+0000][2728.300s][info ][safepoint     ] Leaving safepoint region
[2023-10-19T09:26:08.079+0000][2728.301s][info ][safepoint     ] Total time for which application threads were stopped: 0.0025107 seconds, Stopping threads took: 0.0012180 seconds
[2023-10-19T09:26:09.080+0000][2729.302s][debug][safepoint     ] Safepoint synchronization initiated. (175 threads)
[2023-10-19T09:26:09.081+0000][2729.303s][info ][safepoint     ] Application time: 1.0012961 seconds
[2023-10-19T09:26:09.082+0000][2729.305s][info ][safepoint     ] Entering safepoint region: Cleanup
[2023-10-19T09:26:09.084+0000][2729.306s][info ][safepoint     ] Leaving safepoint region
[2023-10-19T09:26:09.084+0000][2729.307s][info ][safepoint     ] Total time for which application threads were stopped: 0.0021844 seconds, Stopping threads took: 0.0009875 seconds
[2023-10-19T09:26:10.085+0000][2730.308s][debug][safepoint     ] Safepoint synchronization initiated. (175 threads)
[2023-10-19T09:26:10.086+0000][2730.308s][info ][safepoint     ] Application time: 1.0006808 seconds
[2023-10-19T09:26:10.086+0000][2730.309s][info ][safepoint     ] Entering safepoint region: Cleanup
[2023-10-19T09:26:10.087+0000][2730.309s][info ][safepoint     ] Leaving safepoint region
[2023-10-19T09:26:10.087+0000][2730.310s][info ][safepoint     ] Total time for which application threads were stopped: 0.0009948 seconds, Stopping threads took: 0.0004341 seconds
[2023-10-19T09:26:11.088+0000][2731.310s][debug][safepoint     ] Safepoint synchronization initiated. (175 threads)
[2023-10-19T09:26:11.089+0000][2731.311s][info ][safepoint     ] Application time: 1.0007678 seconds
[2023-10-19T09:26:11.089+0000][2731.311s][info ][safepoint     ] Entering safepoint region: Cleanup
[2023-10-19T09:26:11.090+0000][2731.312s][info ][safepoint     ] Leaving safepoint region
[2023-10-19T09:26:11.090+0000][2731.312s][info ][safepoint     ] Total time for which application threads were stopped: 0.0013172 seconds, Stopping threads took: 0.0006255 seconds
[2023-10-19T09:26:12.091+0000][2732.313s][debug][safepoint     ] Safepoint synchronization initiated. (175 threads)
[2023-10-19T09:26:12.091+0000][2732.314s][info ][safepoint     ] Application time: 1.0008862 seconds
[2023-10-19T09:26:12.092+0000][2732.314s][info ][safepoint     ] Entering safepoint region: Cleanup
[2023-10-19T09:26:12.093+0000][2732.315s][info ][safepoint     ] Leaving safepoint region
[2023-10-19T09:26:12.093+0000][2732.316s][info ][safepoint     ] Total time for which application threads were stopped: 0.0013897 seconds, Stopping threads took: 0.0006234 seconds
[2023-10-19T09:26:13.094+0000][2733.316s][debug][safepoint     ] Safepoint synchronization initiated. (175 threads)
[2023-10-19T09:26:13.095+0000][2733.317s][info ][safepoint     ] Application time: 1.0006679 seconds
[2023-10-19T09:26:13.095+0000][2733.318s][info ][safepoint     ] Entering safepoint region: Cleanup
[2023-10-19T09:26:13.096+0000][2733.318s][info ][safepoint     ] Leaving safepoint region
[2023-10-19T09:26:13.096+0000][2733.318s][info ][safepoint     ] Total time for which application threads were stopped: 0.0009665 seconds, Stopping threads took: 0.0004863 seconds
[2023-10-19T09:26:14.097+0000][2734.319s][debug][safepoint     ] Safepoint synchronization initiated. (175 threads)
[2023-10-19T09:26:14.098+0000][2734.320s][info ][safepoint     ] Application time: 1.0011785 seconds
[2023-10-19T09:26:14.098+0000][2734.321s][info ][safepoint     ] Entering safepoint region: Cleanup
[2023-10-19T09:26:14.099+0000][2734.322s][info ][safepoint     ] Leaving safepoint region
[2023-10-19T09:26:14.100+0000][2734.322s][info ][safepoint     ] Total time for which application threads were stopped: 0.0017653 seconds, Stopping threads took: 0.0006822 seconds
[2023-10-19T09:26:15.101+0000][2735.323s][debug][safepoint     ] Safepoint synchronization initiated. (175 threads)
[2023-10-19T09:26:15.102+0000][2735.325s][info ][safepoint     ] Application time: 1.0014756 seconds
[2023-10-19T09:26:15.103+0000][2735.326s][info ][safepoint     ] Entering safepoint region: Cleanup
[2023-10-19T09:26:15.105+0000][2735.327s][info ][safepoint     ] Leaving safepoint region
[2023-10-19T09:26:15.105+0000][2735.328s][info ][safepoint     ] Total time for which application threads were stopped: 0.0021889 seconds, Stopping threads took: 0.0009965 seconds
[2023-10-19T09:26:16.107+0000][2736.329s][debug][safepoint     ] Safepoint synchronization initiated. (175 threads)
[2023-10-19T09:26:16.108+0000][2736.330s][info ][safepoint     ] Application time: 1.0013318 seconds
[2023-10-19T09:26:16.108+0000][2736.331s][info ][safepoint     ] Entering safepoint region: Cleanup
[2023-10-19T09:26:16.110+0000][2736.332s][info ][safepoint     ] Leaving safepoint region
[2023-10-19T09:26:16.111+0000][2736.333s][info ][safepoint     ] Total time for which application threads were stopped: 0.0021541 seconds, Stopping threads took: 0.0009760 seconds
[2023-10-19T09:26:16.110+0000][2736.332s][debug][safepoint     ] ... found polling page return exception at pc = 0x00007f0de87cbbc4, stub =0x00007f0de0840600
[2023-10-19T09:26:16.110+0000][2736.332s][debug][safepoint     ] ... found polling page return exception at pc = 0x00007f0de87cbbc4, stub =0x00007f0de0840600
[2023-10-19T09:26:17.112+0000][2737.334s][debug][safepoint     ] Safepoint synchronization initiated. (175 threads)
[2023-10-19T09:26:17.113+0000][2737.335s][info ][safepoint     ] Application time: 1.0017091 seconds
[2023-10-19T09:26:17.114+0000][2737.336s][info ][safepoint     ] Entering safepoint region: Cleanup
[2023-10-19T09:26:17.115+0000][2737.338s][info ][safepoint     ] Leaving safepoint region
[2023-10-19T09:26:17.116+0000][2737.338s][info ][safepoint     ] Total time for which application threads were stopped: 0.0025005 seconds, Stopping threads took: 0.0011869 seconds
[2023-10-19T09:26:18.118+0000][2738.340s][debug][safepoint     ] Safepoint synchronization initiated. (175 threads)
[2023-10-19T09:26:18.119+0000][2738.341s][info ][safepoint     ] Application time: 1.0012522 seconds
[2023-10-19T09:26:18.120+0000][2738.342s][info ][safepoint     ] Entering safepoint region: Cleanup
[2023-10-19T09:26:18.121+0000][2738.343s][info ][safepoint     ] Leaving safepoint region
[2023-10-19T09:26:18.122+0000][2738.344s][info ][safepoint     ] Total time for which application threads were stopped: 0.0020216 seconds, Stopping threads took: 0.0008573 seconds
[2023-10-19T09:26:19.123+0000][2739.345s][debug][safepoint     ] Safepoint synchronization initiated. (175 threads)
[2023-10-19T09:26:19.123+0000][2739.346s][info ][safepoint     ] Application time: 1.0011416 seconds
[2023-10-19T09:26:19.124+0000][2739.346s][info ][safepoint     ] Entering safepoint region: Cleanup
[2023-10-19T09:26:19.125+0000][2739.347s][info ][safepoint     ] Leaving safepoint region
[2023-10-19T09:26:19.126+0000][2739.348s][info ][safepoint     ] Total time for which application threads were stopped: 0.0015572 seconds, Stopping threads took: 0.0006504 seconds
[2023-10-19T09:26:20.126+0000][2740.349s][debug][safepoint     ] Safepoint synchronization initiated. (175 threads)
[2023-10-19T09:26:20.127+0000][2740.350s][info ][safepoint     ] Application time: 1.0011633 seconds
[2023-10-19T09:26:20.128+0000][2740.351s][info ][safepoint     ] Entering safepoint region: Cleanup
[2023-10-19T09:26:20.130+0000][2740.352s][info ][safepoint     ] Leaving safepoint region
[2023-10-19T09:26:20.130+0000][2740.353s][info ][safepoint     ] Total time for which application threads were stopped: 0.0019625 seconds, Stopping threads took: 0.0008781 seconds
[2023-10-19T09:26:21.131+0000][2741.353s][debug][safepoint     ] Safepoint synchronization initiated. (175 threads)
[2023-10-19T09:26:21.132+0000][2741.354s][info ][safepoint     ] Application time: 1.0009565 seconds
[2023-10-19T09:26:21.133+0000][2741.355s][info ][safepoint     ] Entering safepoint region: Cleanup
[2023-10-19T09:26:21.133+0000][2741.356s][info ][safepoint     ] Leaving safepoint region
[2023-10-19T09:26:21.134+0000][2741.356s][info ][safepoint     ] Total time for which application threads were stopped: 0.0013341 seconds, Stopping threads took: 0.0006120 seconds
[2023-10-19T09:26:22.135+0000][2742.357s][debug][safepoint     ] Safepoint synchronization initiated. (175 threads)
[2023-10-19T09:26:22.135+0000][2742.357s][info ][safepoint     ] Application time: 1.0007289 seconds
[2023-10-19T09:26:22.136+0000][2742.358s][info ][safepoint     ] Entering safepoint region: Cleanup
[2023-10-19T09:26:22.136+0000][2742.359s][info ][safepoint     ] Leaving safepoint region
[2023-10-19T09:26:22.137+0000][2742.359s][info ][safepoint     ] Total time for which application threads were stopped: 0.0011722 seconds, Stopping threads took: 0.0005063 seconds
[2023-10-19T09:26:23.138+0000][2743.360s][debug][safepoint     ] Safepoint synchronization initiated. (175 threads)
[2023-10-19T09:26:23.138+0000][2743.361s][info ][safepoint     ] Application time: 1.0009387 seconds
[2023-10-19T09:26:23.139+0000][2743.361s][info ][safepoint     ] Entering safepoint region: Cleanup
[2023-10-19T09:26:23.140+0000][2743.362s][info ][safepoint     ] Leaving safepoint region
[2023-10-19T09:26:23.140+0000][2743.362s][info ][safepoint     ] Total time for which application threads were stopped: 0.0013006 seconds, Stopping threads took: 0.0005758 seconds
[2023-10-19T09:26:24.141+0000][2744.363s][debug][safepoint     ] Safepoint synchronization initiated. (175 threads)
[2023-10-19T09:26:24.141+0000][2744.363s][info ][safepoint     ] Application time: 1.0006956 seconds
[2023-10-19T09:26:24.142+0000][2744.364s][info ][safepoint     ] Entering safepoint region: Cleanup
[2023-10-19T09:26:24.142+0000][2744.365s][info ][safepoint     ] Leaving safepoint region
[2023-10-19T09:26:24.143+0000][2744.365s][info ][safepoint     ] Total time for which application threads were stopped: 0.0011588 seconds, Stopping threads took: 0.0004326 seconds
[2023-10-19T09:26:25.144+0000][2745.366s][debug][safepoint     ] Safepoint synchronization initiated. (175 threads)
[2023-10-19T09:26:25.145+0000][2745.367s][info ][safepoint     ] Application time: 1.0013959 seconds
[2023-10-19T09:26:25.146+0000][2745.368s][info ][safepoint     ] Entering safepoint region: Cleanup
[2023-10-19T09:26:25.147+0000][2745.369s][info ][safepoint     ] Leaving safepoint region
[2023-10-19T09:26:25.147+0000][2745.370s][info ][safepoint     ] Total time for which application threads were stopped: 0.0017267 seconds, Stopping threads took: 0.0007889 seconds
[2023-10-19T09:26:26.148+0000][2746.371s][debug][safepoint     ] Safepoint synchronization initiated. (175 threads)
[2023-10-19T09:26:26.149+0000][2746.371s][info ][safepoint     ] Application time: 1.0012133 seconds
[2023-10-19T09:26:26.150+0000][2746.372s][info ][safepoint     ] Entering safepoint region: Cleanup
[2023-10-19T09:26:26.151+0000][2746.373s][info ][safepoint     ] Leaving safepoint region
[2023-10-19T09:26:26.152+0000][2746.374s][info ][safepoint     ] Total time for which application threads were stopped: 0.0015905 seconds, Stopping threads took: 0.0006780 seconds
[2023-10-19T09:26:27.152+0000][2747.375s][debug][safepoint     ] Safepoint synchronization initiated. (175 threads)
[2023-10-19T09:26:27.153+0000][2747.375s][info ][safepoint     ] Application time: 1.0008738 seconds
[2023-10-19T09:26:27.154+0000][2747.376s][info ][safepoint     ] Entering safepoint region: Cleanup
[2023-10-19T09:26:27.154+0000][2747.377s][info ][safepoint     ] Leaving safepoint region
[2023-10-19T09:26:27.155+0000][2747.377s][info ][safepoint     ] Total time for which application threads were stopped: 0.0012119 seconds, Stopping threads took: 0.0005521 seconds
[2023-10-19T09:26:28.155+0000][2748.378s][debug][safepoint     ] Safepoint synchronization initiated. (175 threads)
[2023-10-19T09:26:28.156+0000][2748.378s][info ][safepoint     ] Application time: 1.0005301 seconds
[2023-10-19T09:26:28.156+0000][2748.379s][info ][safepoint     ] Entering safepoint region: Cleanup
[2023-10-19T09:26:28.157+0000][2748.379s][info ][safepoint     ] Leaving safepoint region
[2023-10-19T09:26:28.157+0000][2748.379s][info ][safepoint     ] Total time for which application threads were stopped: 0.0009124 seconds, Stopping threads took: 0.0003773 seconds
[2023-10-19T09:26:29.158+0000][2749.380s][debug][safepoint     ] Safepoint synchronization initiated. (175 threads)
[2023-10-19T09:26:29.158+0000][2749.381s][info ][safepoint     ] Application time: 1.0007846 seconds
[2023-10-19T09:26:29.159+0000][2749.381s][info ][safepoint     ] Entering safepoint region: Cleanup
[2023-10-19T09:26:29.160+0000][2749.382s][info ][safepoint     ] Leaving safepoint region
[2023-10-19T09:26:29.160+0000][2749.383s][info ][safepoint     ] Total time for which application threads were stopped: 0.0013500 seconds, Stopping threads took: 0.0006273 seconds
[2023-10-19T09:26:30.161+0000][2750.383s][debug][safepoint     ] Safepoint synchronization initiated. (175 threads)
[2023-10-19T09:26:30.162+0000][2750.385s][info ][safepoint     ] Application time: 1.0015765 seconds
[2023-10-19T09:26:30.163+0000][2750.385s][info ][safepoint     ] Entering safepoint region: Cleanup
[2023-10-19T09:26:30.164+0000][2750.386s][info ][safepoint     ] Leaving safepoint region
[2023-10-19T09:26:30.164+0000][2750.387s][info ][safepoint     ] Total time for which application threads were stopped: 0.0012846 seconds, Stopping threads took: 0.0004992 seconds
[2023-10-19T09:26:31.165+0000][2751.388s][debug][safepoint     ] Safepoint synchronization initiated. (175 threads)
[2023-10-19T09:26:31.167+0000][2751.389s][info ][safepoint     ] Application time: 1.0017492 seconds
[2023-10-19T09:26:31.168+0000][2751.390s][info ][safepoint     ] Entering safepoint region: Cleanup
[2023-10-19T09:26:31.169+0000][2751.391s][info ][safepoint     ] Leaving safepoint region
[2023-10-19T09:26:31.170+0000][2751.393s][info ][safepoint     ] Total time for which application threads were stopped: 0.0023472 seconds, Stopping threads took: 0.0008959 seconds
[2023-10-19T09:26:32.171+0000][2752.393s][debug][safepoint     ] Safepoint synchronization initiated. (175 threads)
[2023-10-19T09:26:32.172+0000][2752.394s][info ][safepoint     ] Application time: 1.0010165 seconds
[2023-10-19T09:26:32.173+0000][2752.395s][info ][safepoint     ] Entering safepoint region: Cleanup
[2023-10-19T09:26:32.174+0000][2752.396s][info ][safepoint     ] Leaving safepoint region
[2023-10-19T09:26:32.174+0000][2752.397s][info ][safepoint     ] Total time for which application threads were stopped: 0.0017448 seconds, Stopping threads took: 0.0007756 seconds
[2023-10-19T09:26:33.175+0000][2753.397s][debug][safepoint     ] Safepoint synchronization initiated. (175 threads)
[2023-10-19T09:26:33.175+0000][2753.398s][info ][safepoint     ] Application time: 1.0008543 seconds
[2023-10-19T09:26:33.176+0000][2753.399s][info ][safepoint     ] Entering safepoint region: Cleanup
[2023-10-19T09:26:33.177+0000][2753.400s][info ][safepoint     ] Leaving safepoint region
[2023-10-19T09:26:33.177+0000][2753.400s][info ][safepoint     ] Total time for which application threads were stopped: 0.0013563 seconds, Stopping threads took: 0.0005000 seconds
[2023-10-19T09:26:34.178+0000][2754.401s][debug][safepoint     ] Safepoint synchronization initiated. (175 threads)
[2023-10-19T09:26:34.179+0000][2754.401s][info ][safepoint     ] Application time: 1.0008872 seconds
[2023-10-19T09:26:34.179+0000][2754.402s][info ][safepoint     ] Entering safepoint region: Cleanup
[2023-10-19T09:26:34.180+0000][2754.403s][info ][safepoint     ] Leaving safepoint region
[2023-10-19T09:26:34.181+0000][2754.403s][info ][safepoint     ] Total time for which application threads were stopped: 0.0012933 seconds, Stopping threads took: 0.0005574 seconds
[2023-10-19T09:26:35.182+0000][2755.404s][debug][safepoint     ] Safepoint synchronization initiated. (175 threads)
[2023-10-19T09:26:35.183+0000][2755.406s][info ][safepoint     ] Application time: 1.0019206 seconds
[2023-10-19T09:26:35.184+0000][2755.406s][info ][safepoint     ] Entering safepoint region: Cleanup
[2023-10-19T09:26:35.185+0000][2755.407s][info ][safepoint     ] Leaving safepoint region
[2023-10-19T09:26:35.186+0000][2755.408s][info ][safepoint     ] Total time for which application threads were stopped: 0.0019357 seconds, Stopping threads took: 0.0005904 seconds
[2023-10-19T09:26:36.187+0000][2756.409s][debug][safepoint     ] Safepoint synchronization initiated. (175 threads)
[2023-10-19T09:26:36.187+0000][2756.410s][info ][safepoint     ] Application time: 1.0008190 seconds
[2023-10-19T09:26:36.188+0000][2756.411s][info ][safepoint     ] Entering safepoint region: Cleanup
[2023-10-19T09:26:36.189+0000][2756.411s][info ][safepoint     ] Leaving safepoint region
[2023-10-19T09:26:36.189+0000][2756.412s][info ][safepoint     ] Total time for which application threads were stopped: 0.0012070 seconds, Stopping threads took: 0.0005358 seconds
[2023-10-19T09:26:37.190+0000][2757.413s][debug][safepoint     ] Safepoint synchronization initiated. (175 threads)
[2023-10-19T09:26:37.191+0000][2757.413s][info ][safepoint     ] Application time: 1.0010847 seconds
[2023-10-19T09:26:37.191+0000][2757.414s][info ][safepoint     ] Entering safepoint region: Cleanup
[2023-10-19T09:26:37.192+0000][2757.415s][info ][safepoint     ] Leaving safepoint region
[2023-10-19T09:26:37.192+0000][2757.415s][info ][safepoint     ] Total time for which application threads were stopped: 0.0011689 seconds, Stopping threads took: 0.0004987 seconds
[2023-10-19T09:26:38.193+0000][2758.416s][debug][safepoint     ] Safepoint synchronization initiated. (175 threads)
[2023-10-19T09:26:38.194+0000][2758.416s][info ][safepoint     ] Application time: 1.0008007 seconds
[2023-10-19T09:26:38.194+0000][2758.417s][info ][safepoint     ] Entering safepoint region: Cleanup
[2023-10-19T09:26:38.195+0000][2758.417s][info ][safepoint     ] Leaving safepoint region
[2023-10-19T09:26:38.195+0000][2758.418s][info ][safepoint     ] Total time for which application threads were stopped: 0.0011734 seconds, Stopping threads took: 0.0005297 seconds
[2023-10-19T09:26:39.196+0000][2759.418s][debug][safepoint     ] Safepoint synchronization initiated. (175 threads)
[2023-10-19T09:26:39.197+0000][2759.420s][info ][safepoint     ] Application time: 1.0012034 seconds
[2023-10-19T09:26:39.198+0000][2759.420s][info ][safepoint     ] Entering safepoint region: Cleanup
[2023-10-19T09:26:39.199+0000][2759.421s][info ][safepoint     ] Leaving safepoint region
[2023-10-19T09:26:39.199+0000][2759.422s][info ][safepoint     ] Total time for which application threads were stopped: 0.0018632 seconds, Stopping threads took: 0.0008919 seconds
[2023-10-19T09:26:40.200+0000][2760.423s][debug][safepoint     ] Safepoint synchronization initiated. (175 threads)
[2023-10-19T09:26:40.201+0000][2760.424s][info ][safepoint     ] Application time: 1.0012674 seconds
[2023-10-19T09:26:40.202+0000][2760.425s][info ][safepoint     ] Entering safepoint region: Cleanup
[2023-10-19T09:26:40.204+0000][2760.426s][info ][safepoint     ] Leaving safepoint region
[2023-10-19T09:26:40.205+0000][2760.427s][info ][safepoint     ] Total time for which application threads were stopped: 0.0022828 seconds, Stopping threads took: 0.0009777 seconds
[2023-10-19T09:26:41.206+0000][2761.428s][debug][safepoint     ] Safepoint synchronization initiated. (175 threads)
[2023-10-19T09:26:41.207+0000][2761.430s][info ][safepoint     ] Application time: 1.0014730 seconds
[2023-10-19T09:26:41.208+0000][2761.431s][info ][safepoint     ] Entering safepoint region: Cleanup
[2023-10-19T09:26:41.209+0000][2761.432s][info ][safepoint     ] Leaving safepoint region
[2023-10-19T09:26:41.210+0000][2761.433s][info ][safepoint     ] Total time for which application threads were stopped: 0.0018904 seconds, Stopping threads took: 0.0008090 seconds
[2023-10-19T09:26:42.211+0000][2762.434s][debug][safepoint     ] Safepoint synchronization initiated. (175 threads)
[2023-10-19T09:26:42.212+0000][2762.435s][info ][safepoint     ] Application time: 1.0015577 seconds
[2023-10-19T09:26:42.213+0000][2762.436s][info ][safepoint     ] Entering safepoint region: Cleanup
[2023-10-19T09:26:42.214+0000][2762.437s][info ][safepoint     ] Leaving safepoint region
[2023-10-19T09:26:42.215+0000][2762.438s][info ][safepoint     ] Total time for which application threads were stopped: 0.0021283 seconds, Stopping threads took: 0.0009199 seconds
[2023-10-19T09:26:43.216+0000][2763.439s][debug][safepoint     ] Safepoint synchronization initiated. (175 threads)
[2023-10-19T09:26:43.217+0000][2763.439s][info ][safepoint     ] Application time: 1.0005494 seconds
[2023-10-19T09:26:43.217+0000][2763.440s][info ][safepoint     ] Entering safepoint region: Cleanup
[2023-10-19T09:26:43.217+0000][2763.440s][info ][safepoint     ] Leaving safepoint region
[2023-10-19T09:26:43.218+0000][2763.440s][info ][safepoint     ] Total time for which application threads were stopped: 0.0008329 seconds, Stopping threads took: 0.0003488 seconds
[2023-10-19T09:26:44.218+0000][2764.441s][debug][safepoint     ] Safepoint synchronization initiated. (175 threads)
[2023-10-19T09:26:44.219+0000][2764.441s][info ][safepoint     ] Application time: 1.0005780 seconds
[2023-10-19T09:26:44.219+0000][2764.442s][info ][safepoint     ] Entering safepoint region: Cleanup
[2023-10-19T09:26:44.219+0000][2764.442s][info ][safepoint     ] Leaving safepoint region
[2023-10-19T09:26:44.220+0000][2764.442s][info ][safepoint     ] Total time for which application threads were stopped: 0.0007909 seconds, Stopping threads took: 0.0003029 seconds
[2023-10-19T09:26:45.220+0000][2765.443s][debug][safepoint     ] Safepoint synchronization initiated. (175 threads)
[2023-10-19T09:26:45.221+0000][2765.444s][info ][safepoint     ] Application time: 1.0009900 seconds
[2023-10-19T09:26:45.222+0000][2765.444s][info ][safepoint     ] Entering safepoint region: Cleanup
[2023-10-19T09:26:45.222+0000][2765.445s][info ][safepoint     ] Leaving safepoint region
[2023-10-19T09:26:45.223+0000][2765.446s][info ][safepoint     ] Total time for which application threads were stopped: 0.0013768 seconds, Stopping threads took: 0.0005720 seconds
[2023-10-19T09:26:46.223+0000][2766.446s][debug][safepoint     ] Safepoint synchronization initiated. (175 threads)
[2023-10-19T09:26:46.224+0000][2766.447s][info ][safepoint     ] Application time: 1.0011321 seconds
[2023-10-19T09:26:46.225+0000][2766.448s][info ][safepoint     ] Entering safepoint region: Cleanup
[2023-10-19T09:26:46.226+0000][2766.448s][info ][safepoint     ] Leaving safepoint region
[2023-10-19T09:26:46.226+0000][2766.449s][info ][safepoint     ] Total time for which application threads were stopped: 0.0014062 seconds, Stopping threads took: 0.0006115 seconds
[2023-10-19T09:26:47.228+0000][2767.450s][debug][safepoint     ] Safepoint synchronization initiated. (175 threads)
[2023-10-19T09:26:47.228+0000][2767.451s][info ][safepoint     ] Application time: 1.0013486 seconds
[2023-10-19T09:26:47.229+0000][2767.451s][info ][safepoint     ] Entering safepoint region: Cleanup
[2023-10-19T09:26:47.229+0000][2767.452s][info ][safepoint     ] Leaving safepoint region
[2023-10-19T09:26:47.230+0000][2767.453s][info ][safepoint     ] Total time for which application threads were stopped: 0.0011032 seconds, Stopping threads took: 0.0004251 seconds
[2023-10-19T09:26:48.231+0000][2768.453s][debug][safepoint     ] Safepoint synchronization initiated. (175 threads)
[2023-10-19T09:26:48.232+0000][2768.454s][info ][safepoint     ] Application time: 1.0014167 seconds
[2023-10-19T09:26:48.233+0000][2768.455s][info ][safepoint     ] Entering safepoint region: Cleanup
[2023-10-19T09:26:48.234+0000][2768.457s][info ][safepoint     ] Leaving safepoint region
[2023-10-19T09:26:48.235+0000][2768.458s][info ][safepoint     ] Total time for which application threads were stopped: 0.0023041 seconds, Stopping threads took: 0.0010765 seconds
[2023-10-19T09:26:49.236+0000][2769.459s][debug][safepoint     ] Safepoint synchronization initiated. (175 threads)
[2023-10-19T09:26:49.238+0000][2769.460s][info ][safepoint     ] Application time: 1.0016132 seconds
[2023-10-19T09:26:49.239+0000][2769.461s][info ][safepoint     ] Entering safepoint region: Cleanup
[2023-10-19T09:26:49.240+0000][2769.463s][info ][safepoint     ] Leaving safepoint region
[2023-10-19T09:26:49.241+0000][2769.464s][info ][safepoint     ] Total time for which application threads were stopped: 0.0023516 seconds, Stopping threads took: 0.0011130 seconds
[2023-10-19T09:26:50.242+0000][2770.465s][debug][safepoint     ] Safepoint synchronization initiated. (175 threads)
[2023-10-19T09:26:50.243+0000][2770.465s][info ][safepoint     ] Application time: 1.0009651 seconds
[2023-10-19T09:26:50.243+0000][2770.466s][info ][safepoint     ] Entering safepoint region: Cleanup
[2023-10-19T09:26:50.244+0000][2770.467s][info ][safepoint     ] Leaving safepoint region
[2023-10-19T09:26:50.245+0000][2770.467s][info ][safepoint     ] Total time for which application threads were stopped: 0.0013641 seconds, Stopping threads took: 0.0005176 seconds
[2023-10-19T09:26:51.245+0000][2771.468s][debug][safepoint     ] Safepoint synchronization initiated. (175 threads)
[2023-10-19T09:26:51.247+0000][2771.469s][info ][safepoint     ] Application time: 1.0013748 seconds
[2023-10-19T09:26:51.248+0000][2771.470s][info ][safepoint     ] Entering safepoint region: Cleanup
[2023-10-19T09:26:51.249+0000][2771.471s][info ][safepoint     ] Leaving safepoint region
[2023-10-19T09:26:51.250+0000][2771.472s][info ][safepoint     ] Total time for which application threads were stopped: 0.0021310 seconds, Stopping threads took: 0.0009074 seconds
[2023-10-19T09:26:52.251+0000][2772.473s][debug][safepoint     ] Safepoint synchronization initiated. (175 threads)
[2023-10-19T09:26:52.251+0000][2772.474s][info ][safepoint     ] Application time: 1.0008919 seconds
[2023-10-19T09:26:52.252+0000][2772.475s][info ][safepoint     ] Entering safepoint region: Cleanup
[2023-10-19T09:26:52.253+0000][2772.475s][info ][safepoint     ] Leaving safepoint region
[2023-10-19T09:26:52.253+0000][2772.476s][info ][safepoint     ] Total time for which application threads were stopped: 0.0011133 seconds, Stopping threads took: 0.0005120 seconds
[2023-10-19T09:26:53.254+0000][2773.476s][debug][safepoint     ] Safepoint synchronization initiated. (175 threads)
[2023-10-19T09:26:53.254+0000][2773.477s][info ][safepoint     ] Application time: 1.0006955 seconds
[2023-10-19T09:26:53.255+0000][2773.477s][info ][safepoint     ] Entering safepoint region: Cleanup
[2023-10-19T09:26:53.255+0000][2773.478s][info ][safepoint     ] Leaving safepoint region
[2023-10-19T09:26:53.256+0000][2773.478s][info ][safepoint     ] Total time for which application threads were stopped: 0.0010496 seconds, Stopping threads took: 0.0005364 seconds
[2023-10-19T09:26:54.256+0000][2774.479s][debug][safepoint     ] Safepoint synchronization initiated. (175 threads)
[2023-10-19T09:26:54.257+0000][2774.479s][info ][safepoint     ] Application time: 1.0006840 seconds
[2023-10-19T09:26:54.257+0000][2774.480s][info ][safepoint     ] Entering safepoint region: Cleanup
[2023-10-19T09:26:54.258+0000][2774.480s][info ][safepoint     ] Leaving safepoint region
[2023-10-19T09:26:54.258+0000][2774.481s][info ][safepoint     ] Total time for which application threads were stopped: 0.0010127 seconds, Stopping threads took: 0.0004051 seconds
[2023-10-19T09:26:55.259+0000][2775.481s][debug][safepoint     ] Safepoint synchronization initiated. (175 threads)
[2023-10-19T09:26:55.259+0000][2775.482s][info ][safepoint     ] Application time: 1.0007588 seconds
[2023-10-19T09:26:55.260+0000][2775.482s][info ][safepoint     ] Entering safepoint region: Cleanup
[2023-10-19T09:26:55.260+0000][2775.483s][info ][safepoint     ] Leaving safepoint region
[2023-10-19T09:26:55.261+0000][2775.484s][info ][safepoint     ] Total time for which application threads were stopped: 0.0010904 seconds, Stopping threads took: 0.0005012 seconds
[2023-10-19T09:26:56.262+0000][2776.484s][debug][safepoint     ] Safepoint synchronization initiated. (175 threads)
[2023-10-19T09:26:56.262+0000][2776.485s][info ][safepoint     ] Application time: 1.0007854 seconds
[2023-10-19T09:26:56.263+0000][2776.485s][info ][safepoint     ] Entering safepoint region: Cleanup
[2023-10-19T09:26:56.263+0000][2776.486s][info ][safepoint     ] Leaving safepoint region
[2023-10-19T09:26:56.264+0000][2776.486s][info ][safepoint     ] Total time for which application threads were stopped: 0.0010703 seconds, Stopping threads took: 0.0004803 seconds
[2023-10-19T09:26:57.264+0000][2777.487s][debug][safepoint     ] Safepoint synchronization initiated. (175 threads)
[2023-10-19T09:26:57.265+0000][2777.488s][info ][safepoint     ] Application time: 1.0011762 seconds
[2023-10-19T09:26:57.266+0000][2777.489s][info ][safepoint     ] Entering safepoint region: Cleanup
[2023-10-19T09:26:57.267+0000][2777.489s][info ][safepoint     ] Leaving safepoint region
[2023-10-19T09:26:57.267+0000][2777.490s][info ][safepoint     ] Total time for which application threads were stopped: 0.0012082 seconds, Stopping threads took: 0.0005775 seconds
[2023-10-19T09:26:58.268+0000][2778.490s][debug][safepoint     ] Safepoint synchronization initiated. (175 threads)
[2023-10-19T09:26:58.268+0000][2778.491s][info ][safepoint     ] Application time: 1.0009162 seconds
[2023-10-19T09:26:58.269+0000][2778.492s][info ][safepoint     ] Entering safepoint region: Cleanup
[2023-10-19T09:26:58.270+0000][2778.493s][info ][safepoint     ] Leaving safepoint region
[2023-10-19T09:26:58.270+0000][2778.493s][info ][safepoint     ] Total time for which application threads were stopped: 0.0013750 seconds, Stopping threads took: 0.0006170 seconds
[2023-10-19T09:26:59.271+0000][2779.494s][debug][safepoint     ] Safepoint synchronization initiated. (175 threads)
[2023-10-19T09:26:59.272+0000][2779.494s][info ][safepoint     ] Application time: 1.0007711 seconds
[2023-10-19T09:26:59.272+0000][2779.495s][info ][safepoint     ] Entering safepoint region: Cleanup
[2023-10-19T09:26:59.273+0000][2779.495s][info ][safepoint     ] Leaving safepoint region
[2023-10-19T09:26:59.273+0000][2779.496s][info ][safepoint     ] Total time for which application threads were stopped: 0.0011909 seconds, Stopping threads took: 0.0005303 seconds
[2023-10-19T09:27:00.274+0000][2780.497s][debug][safepoint     ] Safepoint synchronization initiated. (175 threads)
[2023-10-19T09:27:00.274+0000][2780.497s][info ][safepoint     ] Application time: 1.0008453 seconds
[2023-10-19T09:27:00.275+0000][2780.498s][info ][safepoint     ] Entering safepoint region: Cleanup
[2023-10-19T09:27:00.276+0000][2780.498s][info ][safepoint     ] Leaving safepoint region
[2023-10-19T09:27:00.276+0000][2780.499s][info ][safepoint     ] Total time for which application threads were stopped: 0.0011189 seconds, Stopping threads took: 0.0004612 seconds
[2023-10-19T09:27:01.277+0000][2781.500s][debug][safepoint     ] Safepoint synchronization initiated. (175 threads)
[2023-10-19T09:27:01.277+0000][2781.500s][info ][safepoint     ] Application time: 1.0008265 seconds
[2023-10-19T09:27:01.278+0000][2781.500s][info ][safepoint     ] Entering safepoint region: Cleanup
[2023-10-19T09:27:01.278+0000][2781.501s][info ][safepoint     ] Leaving safepoint region
[2023-10-19T09:27:01.279+0000][2781.501s][info ][safepoint     ] Total time for which application threads were stopped: 0.0010683 seconds, Stopping threads took: 0.0004462 seconds
[2023-10-19T09:27:02.279+0000][2782.502s][debug][safepoint     ] Safepoint synchronization initiated. (175 threads)
[2023-10-19T09:27:02.280+0000][2782.503s][info ][safepoint     ] Application time: 1.0006593 seconds
[2023-10-19T09:27:02.280+0000][2782.503s][info ][safepoint     ] Entering safepoint region: Cleanup
[2023-10-19T09:27:02.281+0000][2782.503s][info ][safepoint     ] Leaving safepoint region
[2023-10-19T09:27:02.281+0000][2782.504s][info ][safepoint     ] Total time for which application threads were stopped: 0.0008188 seconds, Stopping threads took: 0.0003675 seconds
[2023-10-19T09:27:03.282+0000][2783.504s][debug][safepoint     ] Safepoint synchronization initiated. (175 threads)
[2023-10-19T09:27:03.282+0000][2783.505s][info ][safepoint     ] Application time: 1.0006843 seconds
[2023-10-19T09:27:03.283+0000][2783.505s][info ][safepoint     ] Entering safepoint region: Cleanup
[2023-10-19T09:27:03.283+0000][2783.506s][info ][safepoint     ] Leaving safepoint region
[2023-10-19T09:27:03.284+0000][2783.506s][info ][safepoint     ] Total time for which application threads were stopped: 0.0010848 seconds, Stopping threads took: 0.0005039 seconds
[2023-10-19T09:27:04.284+0000][2784.507s][debug][safepoint     ] Safepoint synchronization initiated. (175 threads)
[2023-10-19T09:27:04.285+0000][2784.507s][info ][safepoint     ] Application time: 1.0008546 seconds
[2023-10-19T09:27:04.286+0000][2784.508s][info ][safepoint     ] Entering safepoint region: Cleanup
[2023-10-19T09:27:04.286+0000][2784.509s][info ][safepoint     ] Leaving safepoint region
[2023-10-19T09:27:04.287+0000][2784.509s][info ][safepoint     ] Total time for which application threads were stopped: 0.0015062 seconds, Stopping threads took: 0.0006588 seconds
[2023-10-19T09:27:05.288+0000][2785.510s][debug][safepoint     ] Safepoint synchronization initiated. (175 threads)
[2023-10-19T09:27:05.289+0000][2785.511s][info ][safepoint     ] Application time: 1.0009477 seconds
[2023-10-19T09:27:05.289+0000][2785.512s][info ][safepoint     ] Entering safepoint region: Cleanup
[2023-10-19T09:27:05.290+0000][2785.512s][info ][safepoint     ] Leaving safepoint region
[2023-10-19T09:27:05.290+0000][2785.513s][info ][safepoint     ] Total time for which application threads were stopped: 0.0012576 seconds, Stopping threads took: 0.0005281 seconds
[2023-10-19T09:27:06.291+0000][2786.513s][debug][safepoint     ] Safepoint synchronization initiated. (175 threads)
[2023-10-19T09:27:06.291+0000][2786.514s][info ][safepoint     ] Application time: 1.0005221 seconds
[2023-10-19T09:27:06.292+0000][2786.514s][info ][safepoint     ] Entering safepoint region: Cleanup
[2023-10-19T09:27:06.292+0000][2786.515s][info ][safepoint     ] Leaving safepoint region
[2023-10-19T09:27:06.292+0000][2786.515s][info ][safepoint     ] Total time for which application threads were stopped: 0.0008138 seconds, Stopping threads took: 0.0003352 seconds
[2023-10-19T09:27:07.293+0000][2787.516s][debug][safepoint     ] Safepoint synchronization initiated. (175 threads)
[2023-10-19T09:27:07.294+0000][2787.516s][info ][safepoint     ] Application time: 1.0011668 seconds
[2023-10-19T09:27:07.294+0000][2787.517s][info ][safepoint     ] Entering safepoint region: Cleanup
[2023-10-19T09:27:07.295+0000][2787.518s][info ][safepoint     ] Leaving safepoint region
[2023-10-19T09:27:07.296+0000][2787.518s][info ][safepoint     ] Total time for which application threads were stopped: 0.0013138 seconds, Stopping threads took: 0.0006219 seconds
[2023-10-19T09:27:08.297+0000][2788.519s][debug][safepoint     ] Safepoint synchronization initiated. (175 threads)
[2023-10-19T09:27:08.297+0000][2788.520s][info ][safepoint     ] Application time: 1.0010197 seconds
[2023-10-19T09:27:08.298+0000][2788.520s][info ][safepoint     ] Entering safepoint region: Cleanup
[2023-10-19T09:27:08.299+0000][2788.521s][info ][safepoint     ] Leaving safepoint region
[2023-10-19T09:27:08.299+0000][2788.522s][info ][safepoint     ] Total time for which application threads were stopped: 0.0011859 seconds, Stopping threads took: 0.0005873 seconds
[2023-10-19T09:27:09.300+0000][2789.522s][debug][safepoint     ] Safepoint synchronization initiated. (175 threads)
[2023-10-19T09:27:09.301+0000][2789.523s][info ][safepoint     ] Application time: 1.0010876 seconds
[2023-10-19T09:27:09.301+0000][2789.524s][info ][safepoint     ] Entering safepoint region: Cleanup
[2023-10-19T09:27:09.302+0000][2789.524s][info ][safepoint     ] Leaving safepoint region
[2023-10-19T09:27:09.302+0000][2789.525s][info ][safepoint     ] Total time for which application threads were stopped: 0.0013603 seconds, Stopping threads took: 0.0006624 seconds
[2023-10-19T09:27:10.303+0000][2790.526s][debug][safepoint     ] Safepoint synchronization initiated. (175 threads)
[2023-10-19T09:27:10.304+0000][2790.527s][info ][safepoint     ] Application time: 1.0010408 seconds
[2023-10-19T09:27:10.305+0000][2790.528s][info ][safepoint     ] Entering safepoint region: Cleanup
[2023-10-19T09:27:10.306+0000][2790.528s][info ][safepoint     ] Leaving safepoint region
[2023-10-19T09:27:10.306+0000][2790.529s][info ][safepoint     ] Total time for which application threads were stopped: 0.0012961 seconds, Stopping threads took: 0.0006105 seconds
[2023-10-19T09:27:11.307+0000][2791.530s][debug][safepoint     ] Safepoint synchronization initiated. (175 threads)
[2023-10-19T09:27:11.308+0000][2791.530s][info ][safepoint     ] Application time: 1.0008226 seconds
[2023-10-19T09:27:11.308+0000][2791.531s][info ][safepoint     ] Entering safepoint region: Cleanup
[2023-10-19T09:27:11.309+0000][2791.531s][info ][safepoint     ] Leaving safepoint region
[2023-10-19T09:27:11.309+0000][2791.532s][info ][safepoint     ] Total time for which application threads were stopped: 0.0008708 seconds, Stopping threads took: 0.0003471 seconds
[2023-10-19T09:27:12.310+0000][2792.532s][debug][safepoint     ] Safepoint synchronization initiated. (175 threads)
[2023-10-19T09:27:12.311+0000][2792.533s][info ][safepoint     ] Application time: 1.0011806 seconds
[2023-10-19T09:27:12.311+0000][2792.534s][info ][safepoint     ] Entering safepoint region: Cleanup
[2023-10-19T09:27:12.312+0000][2792.535s][info ][safepoint     ] Leaving safepoint region
[2023-10-19T09:27:12.313+0000][2792.536s][info ][safepoint     ] Total time for which application threads were stopped: 0.0016833 seconds, Stopping threads took: 0.0006869 seconds
[2023-10-19T09:27:13.314+0000][2793.536s][debug][safepoint     ] Safepoint synchronization initiated. (175 threads)
[2023-10-19T09:27:13.315+0000][2793.538s][info ][safepoint     ] Application time: 1.0014439 seconds
[2023-10-19T09:27:13.316+0000][2793.539s][info ][safepoint     ] Entering safepoint region: Cleanup
[2023-10-19T09:27:13.317+0000][2793.540s][info ][safepoint     ] Leaving safepoint region
[2023-10-19T09:27:13.318+0000][2793.541s][info ][safepoint     ] Total time for which application threads were stopped: 0.0020501 seconds, Stopping threads took: 0.0009361 seconds
[2023-10-19T09:27:14.319+0000][2794.542s][debug][safepoint     ] Safepoint synchronization initiated. (175 threads)
[2023-10-19T09:27:14.320+0000][2794.543s][info ][safepoint     ] Application time: 1.0012104 seconds
[2023-10-19T09:27:14.321+0000][2794.543s][info ][safepoint     ] Entering safepoint region: Cleanup
[2023-10-19T09:27:14.322+0000][2794.544s][info ][safepoint     ] Leaving safepoint region
[2023-10-19T09:27:14.323+0000][2794.545s][info ][safepoint     ] Total time for which application threads were stopped: 0.0019181 seconds, Stopping threads took: 0.0008532 seconds
[2023-10-19T09:27:15.324+0000][2795.546s][debug][safepoint     ] Safepoint synchronization initiated. (175 threads)
[2023-10-19T09:27:15.325+0000][2795.547s][info ][safepoint     ] Application time: 1.0010727 seconds
[2023-10-19T09:27:15.325+0000][2795.548s][info ][safepoint     ] Entering safepoint region: Cleanup
[2023-10-19T09:27:15.326+0000][2795.549s][info ][safepoint     ] Leaving safepoint region
[2023-10-19T09:27:15.327+0000][2795.549s][info ][safepoint     ] Total time for which application threads were stopped: 0.0015082 seconds, Stopping threads took: 0.0006030 seconds
[2023-10-19T09:27:16.328+0000][2796.550s][debug][safepoint     ] Safepoint synchronization initiated. (175 threads)
[2023-10-19T09:27:16.328+0000][2796.551s][info ][safepoint     ] Application time: 1.0009501 seconds
[2023-10-19T09:27:16.329+0000][2796.551s][info ][safepoint     ] Entering safepoint region: Cleanup
[2023-10-19T09:27:16.329+0000][2796.552s][info ][safepoint     ] Leaving safepoint region
[2023-10-19T09:27:16.330+0000][2796.552s][info ][safepoint     ] Total time for which application threads were stopped: 0.0010962 seconds, Stopping threads took: 0.0004107 seconds
[2023-10-19T09:27:17.331+0000][2797.553s][debug][safepoint     ] Safepoint synchronization initiated. (175 threads)
[2023-10-19T09:27:17.331+0000][2797.554s][info ][safepoint     ] Application time: 1.0006815 seconds
[2023-10-19T09:27:17.332+0000][2797.554s][info ][safepoint     ] Entering safepoint region: Cleanup
[2023-10-19T09:27:17.332+0000][2797.555s][info ][safepoint     ] Leaving safepoint region
[2023-10-19T09:27:17.332+0000][2797.555s][info ][safepoint     ] Total time for which application threads were stopped: 0.0009594 seconds, Stopping threads took: 0.0004424 seconds
[2023-10-19T09:27:18.333+0000][2798.556s][debug][safepoint     ] Safepoint synchronization initiated. (175 threads)
[2023-10-19T09:27:18.335+0000][2798.557s][info ][safepoint     ] Application time: 1.0017153 seconds
[2023-10-19T09:27:18.335+0000][2798.558s][info ][safepoint     ] Entering safepoint region: Cleanup
[2023-10-19T09:27:18.337+0000][2798.559s][info ][safepoint     ] Leaving safepoint region
[2023-10-19T09:27:18.338+0000][2798.560s][info ][safepoint     ] Total time for which application threads were stopped: 0.0024205 seconds, Stopping threads took: 0.0010234 seconds
[2023-10-19T09:27:19.339+0000][2799.561s][debug][safepoint     ] Safepoint synchronization initiated. (175 threads)
[2023-10-19T09:27:19.340+0000][2799.562s][info ][safepoint     ] Application time: 1.0011609 seconds
[2023-10-19T09:27:19.341+0000][2799.563s][info ][safepoint     ] Entering safepoint region: Cleanup
[2023-10-19T09:27:19.342+0000][2799.564s][info ][safepoint     ] Leaving safepoint region
[2023-10-19T09:27:19.343+0000][2799.565s][info ][safepoint     ] Total time for which application threads were stopped: 0.0020289 seconds, Stopping threads took: 0.0008961 seconds
[2023-10-19T09:27:20.344+0000][2800.566s][debug][safepoint     ] Safepoint synchronization initiated. (175 threads)
[2023-10-19T09:27:20.345+0000][2800.567s][info ][safepoint     ] Application time: 1.0012295 seconds
[2023-10-19T09:27:20.346+0000][2800.568s][info ][safepoint     ] Entering safepoint region: Cleanup
[2023-10-19T09:27:20.347+0000][2800.569s][info ][safepoint     ] Leaving safepoint region
[2023-10-19T09:27:20.347+0000][2800.570s][info ][safepoint     ] Total time for which application threads were stopped: 0.0019012 seconds, Stopping threads took: 0.0009464 seconds
[2023-10-19T09:27:21.349+0000][2801.571s][debug][safepoint     ] Safepoint synchronization initiated. (175 threads)
[2023-10-19T09:27:21.349+0000][2801.572s][info ][safepoint     ] Application time: 1.0010735 seconds
[2023-10-19T09:27:21.350+0000][2801.572s][info ][safepoint     ] Entering safepoint region: Cleanup
[2023-10-19T09:27:21.351+0000][2801.573s][info ][safepoint     ] Leaving safepoint region
[2023-10-19T09:27:21.351+0000][2801.574s][info ][safepoint     ] Total time for which application threads were stopped: 0.0012558 seconds, Stopping threads took: 0.0005047 seconds
[2023-10-19T09:27:22.352+0000][2802.574s][debug][safepoint     ] Safepoint synchronization initiated. (175 threads)
[2023-10-19T09:27:22.352+0000][2802.575s][info ][safepoint     ] Application time: 1.0007961 seconds
[2023-10-19T09:27:22.353+0000][2802.575s][info ][safepoint     ] Entering safepoint region: Cleanup
[2023-10-19T09:27:22.354+0000][2802.576s][info ][safepoint     ] Leaving safepoint region
[2023-10-19T09:27:22.354+0000][2802.577s][info ][safepoint     ] Total time for which application threads were stopped: 0.0012923 seconds, Stopping threads took: 0.0005799 seconds
[2023-10-19T09:27:23.355+0000][2803.577s][debug][safepoint     ] Safepoint synchronization initiated. (175 threads)
[2023-10-19T09:27:23.356+0000][2803.578s][info ][safepoint     ] Application time: 1.0010259 seconds
[2023-10-19T09:27:23.357+0000][2803.579s][info ][safepoint     ] Entering safepoint region: Cleanup
[2023-10-19T09:27:23.358+0000][2803.580s][info ][safepoint     ] Leaving safepoint region
[2023-10-19T09:27:23.358+0000][2803.581s][info ][safepoint     ] Total time for which application threads were stopped: 0.0018142 seconds, Stopping threads took: 0.0008111 seconds
[2023-10-19T09:27:24.359+0000][2804.582s][debug][safepoint     ] Safepoint synchronization initiated. (175 threads)
[2023-10-19T09:27:24.361+0000][2804.583s][info ][safepoint     ] Application time: 1.0016983 seconds
[2023-10-19T09:27:24.362+0000][2804.584s][info ][safepoint     ] Entering safepoint region: Cleanup
[2023-10-19T09:27:24.363+0000][2804.586s][info ][safepoint     ] Leaving safepoint region
[2023-10-19T09:27:24.364+0000][2804.586s][info ][safepoint     ] Total time for which application threads were stopped: 0.0022551 seconds, Stopping threads took: 0.0009736 seconds
[2023-10-19T09:27:25.365+0000][2805.587s][debug][safepoint     ] Safepoint synchronization initiated. (175 threads)
[2023-10-19T09:27:25.366+0000][2805.588s][info ][safepoint     ] Application time: 1.0009577 seconds
[2023-10-19T09:27:25.366+0000][2805.589s][info ][safepoint     ] Entering safepoint region: Cleanup
[2023-10-19T09:27:25.367+0000][2805.589s][info ][safepoint     ] Leaving safepoint region
[2023-10-19T09:27:25.367+0000][2805.590s][info ][safepoint     ] Total time for which application threads were stopped: 0.0012617 seconds, Stopping threads took: 0.0005165 seconds
[2023-10-19T09:27:26.368+0000][2806.591s][debug][safepoint     ] Safepoint synchronization initiated. (175 threads)
[2023-10-19T09:27:26.369+0000][2806.591s][info ][safepoint     ] Application time: 1.0010283 seconds
[2023-10-19T09:27:26.370+0000][2806.592s][info ][safepoint     ] Entering safepoint region: Cleanup
[2023-10-19T09:27:26.370+0000][2806.593s][info ][safepoint     ] Leaving safepoint region
[2023-10-19T09:27:26.371+0000][2806.593s][info ][safepoint     ] Total time for which application threads were stopped: 0.0014094 seconds, Stopping threads took: 0.0006125 seconds
[2023-10-19T09:27:27.371+0000][2807.594s][debug][safepoint     ] Safepoint synchronization initiated. (175 threads)
[2023-10-19T09:27:27.372+0000][2807.594s][info ][safepoint     ] Application time: 1.0006906 seconds
[2023-10-19T09:27:27.372+0000][2807.595s][info ][safepoint     ] Entering safepoint region: Cleanup
[2023-10-19T09:27:27.373+0000][2807.596s][info ][safepoint     ] Leaving safepoint region
[2023-10-19T09:27:27.373+0000][2807.596s][info ][safepoint     ] Total time for which application threads were stopped: 0.0010854 seconds, Stopping threads took: 0.0005580 seconds
[2023-10-19T09:27:28.374+0000][2808.596s][debug][safepoint     ] Safepoint synchronization initiated. (175 threads)
[2023-10-19T09:27:28.375+0000][2808.597s][info ][safepoint     ] Application time: 1.0009001 seconds
[2023-10-19T09:27:28.375+0000][2808.598s][info ][safepoint     ] Entering safepoint region: Cleanup
[2023-10-19T09:27:28.376+0000][2808.598s][info ][safepoint     ] Leaving safepoint region
[2023-10-19T09:27:28.376+0000][2808.599s][info ][safepoint     ] Total time for which application threads were stopped: 0.0009892 seconds, Stopping threads took: 0.0004582 seconds
[2023-10-19T09:27:29.377+0000][2809.599s][debug][safepoint     ] Safepoint synchronization initiated. (175 threads)
[2023-10-19T09:27:29.377+0000][2809.600s][info ][safepoint     ] Application time: 1.0007266 seconds
[2023-10-19T09:27:29.378+0000][2809.600s][info ][safepoint     ] Entering safepoint region: Cleanup
[2023-10-19T09:27:29.378+0000][2809.601s][info ][safepoint     ] Leaving safepoint region
[2023-10-19T09:27:29.378+0000][2809.601s][info ][safepoint     ] Total time for which application threads were stopped: 0.0007668 seconds, Stopping threads took: 0.0002972 seconds
[2023-10-19T09:27:30.379+0000][2810.601s][debug][safepoint     ] Safepoint synchronization initiated. (175 threads)
[2023-10-19T09:27:30.380+0000][2810.602s][info ][safepoint     ] Application time: 1.0010859 seconds
[2023-10-19T09:27:30.381+0000][2810.603s][info ][safepoint     ] Entering safepoint region: Cleanup
[2023-10-19T09:27:30.381+0000][2810.604s][info ][safepoint     ] Leaving safepoint region
[2023-10-19T09:27:30.382+0000][2810.605s][info ][safepoint     ] Total time for which application threads were stopped: 0.0015227 seconds, Stopping threads took: 0.0006706 seconds
[2023-10-19T09:27:31.383+0000][2811.605s][debug][safepoint     ] Safepoint synchronization initiated. (175 threads)
[2023-10-19T09:27:31.384+0000][2811.606s][info ][safepoint     ] Application time: 1.0011183 seconds
[2023-10-19T09:27:31.385+0000][2811.607s][info ][safepoint     ] Entering safepoint region: Cleanup
[2023-10-19T09:27:31.386+0000][2811.608s][info ][safepoint     ] Leaving safepoint region
[2023-10-19T09:27:31.386+0000][2811.609s][info ][safepoint     ] Total time for which application threads were stopped: 0.0018447 seconds, Stopping threads took: 0.0007625 seconds
[2023-10-19T09:27:32.387+0000][2812.610s][debug][safepoint     ] Safepoint synchronization initiated. (175 threads)
[2023-10-19T09:27:32.388+0000][2812.611s][info ][safepoint     ] Application time: 1.0010345 seconds
[2023-10-19T09:27:32.389+0000][2812.611s][info ][safepoint     ] Entering safepoint region: Cleanup
[2023-10-19T09:27:32.389+0000][2812.612s][info ][safepoint     ] Leaving safepoint region
[2023-10-19T09:27:32.390+0000][2812.613s][info ][safepoint     ] Total time for which application threads were stopped: 0.0014246 seconds, Stopping threads took: 0.0006094 seconds
[2023-10-19T09:27:33.390+0000][2813.614s][debug][safepoint     ] Safepoint synchronization initiated. (175 threads)
[2023-10-19T09:27:33.392+0000][2813.615s][info ][safepoint     ] Application time: 1.0017610 seconds
[2023-10-19T09:27:33.393+0000][2813.616s][info ][safepoint     ] Entering safepoint region: Cleanup
[2023-10-19T09:27:33.394+0000][2813.618s][info ][safepoint     ] Leaving safepoint region
[2023-10-19T09:27:33.395+0000][2813.619s][info ][safepoint     ] Total time for which application threads were stopped: 0.0026703 seconds, Stopping threads took: 0.0011531 seconds
[2023-10-19T09:27:34.396+0000][2814.620s][debug][safepoint     ] Safepoint synchronization initiated. (175 threads)
[2023-10-19T09:27:34.397+0000][2814.620s][info ][safepoint     ] Application time: 1.0008523 seconds
[2023-10-19T09:27:34.397+0000][2814.621s][info ][safepoint     ] Entering safepoint region: Cleanup
[2023-10-19T09:27:34.398+0000][2814.621s][info ][safepoint     ] Leaving safepoint region
[2023-10-19T09:27:34.398+0000][2814.622s][info ][safepoint     ] Total time for which application threads were stopped: 0.0009492 seconds, Stopping threads took: 0.0004576 seconds
[2023-10-19T09:27:35.399+0000][2815.622s][debug][safepoint     ] Safepoint synchronization initiated. (175 threads)
[2023-10-19T09:27:35.400+0000][2815.623s][info ][safepoint     ] Application time: 1.0010839 seconds
[2023-10-19T09:27:35.401+0000][2815.624s][info ][safepoint     ] Entering safepoint region: Cleanup
[2023-10-19T09:27:35.401+0000][2815.625s][info ][safepoint     ] Leaving safepoint region
[2023-10-19T09:27:35.402+0000][2815.625s][info ][safepoint     ] Total time for which application threads were stopped: 0.0016291 seconds, Stopping threads took: 0.0007551 seconds
[2023-10-19T09:27:36.403+0000][2816.626s][debug][safepoint     ] Safepoint synchronization initiated. (173 threads)
[2023-10-19T09:27:36.404+0000][2816.627s][info ][safepoint     ] Application time: 1.0008128 seconds
[2023-10-19T09:27:36.404+0000][2816.627s][info ][safepoint     ] Entering safepoint region: Cleanup
[2023-10-19T09:27:36.404+0000][2816.628s][info ][safepoint     ] Leaving safepoint region
[2023-10-19T09:27:36.405+0000][2816.628s][info ][safepoint     ] Total time for which application threads were stopped: 0.0010174 seconds, Stopping threads took: 0.0003477 seconds
[2023-10-19T09:27:37.405+0000][2817.629s][debug][safepoint     ] Safepoint synchronization initiated. (173 threads)
[2023-10-19T09:27:37.406+0000][2817.629s][info ][safepoint     ] Application time: 1.0008384 seconds
[2023-10-19T09:27:37.407+0000][2817.630s][info ][safepoint     ] Entering safepoint region: Cleanup
[2023-10-19T09:27:37.407+0000][2817.631s][info ][safepoint     ] Leaving safepoint region
[2023-10-19T09:27:37.408+0000][2817.631s][info ][safepoint     ] Total time for which application threads were stopped: 0.0011806 seconds, Stopping threads took: 0.0005702 seconds
[2023-10-19T09:27:38.408+0000][2818.632s][debug][safepoint     ] Safepoint synchronization initiated. (173 threads)
[2023-10-19T09:27:38.410+0000][2818.633s][info ][safepoint     ] Application time: 1.0013764 seconds
[2023-10-19T09:27:38.411+0000][2818.634s][info ][safepoint     ] Entering safepoint region: Cleanup
[2023-10-19T09:27:38.412+0000][2818.635s][info ][safepoint     ] Leaving safepoint region
[2023-10-19T09:27:38.413+0000][2818.636s][info ][safepoint     ] Total time for which application threads were stopped: 0.0019949 seconds, Stopping threads took: 0.0009371 seconds
[2023-10-19T09:27:39.414+0000][2819.637s][debug][safepoint     ] Safepoint synchronization initiated. (173 threads)
[2023-10-19T09:27:39.415+0000][2819.638s][info ][safepoint     ] Application time: 1.0015333 seconds
[2023-10-19T09:27:39.416+0000][2819.639s][info ][safepoint     ] Entering safepoint region: Cleanup
[2023-10-19T09:27:39.417+0000][2819.640s][info ][safepoint     ] Leaving safepoint region
[2023-10-19T09:27:39.418+0000][2819.641s][info ][safepoint     ] Total time for which application threads were stopped: 0.0023528 seconds, Stopping threads took: 0.0011165 seconds
[2023-10-19T09:27:40.419+0000][2820.643s][debug][safepoint     ] Safepoint synchronization initiated. (173 threads)
[2023-10-19T09:27:40.420+0000][2820.644s][info ][safepoint     ] Application time: 1.0014583 seconds
[2023-10-19T09:27:40.422+0000][2820.645s][info ][safepoint     ] Entering safepoint region: Cleanup
[2023-10-19T09:27:40.423+0000][2820.647s][info ][safepoint     ] Leaving safepoint region
[2023-10-19T09:27:40.424+0000][2820.647s][info ][safepoint     ] Total time for which application threads were stopped: 0.0026669 seconds, Stopping threads took: 0.0012674 seconds
[2023-10-19T09:27:41.425+0000][2821.648s][debug][safepoint     ] Safepoint synchronization initiated. (173 threads)
[2023-10-19T09:27:41.426+0000][2821.649s][info ][safepoint     ] Application time: 1.0007502 seconds
[2023-10-19T09:27:41.426+0000][2821.649s][info ][safepoint     ] Entering safepoint region: Cleanup
[2023-10-19T09:27:41.427+0000][2821.650s][info ][safepoint     ] Leaving safepoint region
[2023-10-19T09:27:41.427+0000][2821.650s][info ][safepoint     ] Total time for which application threads were stopped: 0.0010783 seconds, Stopping threads took: 0.0004280 seconds
[2023-10-19T09:27:42.428+0000][2822.651s][debug][safepoint     ] Safepoint synchronization initiated. (173 threads)
[2023-10-19T09:27:42.429+0000][2822.652s][info ][safepoint     ] Application time: 1.0014524 seconds
[2023-10-19T09:27:42.430+0000][2822.653s][info ][safepoint     ] Entering safepoint region: Cleanup
[2023-10-19T09:27:42.431+0000][2822.654s][info ][safepoint     ] Leaving safepoint region
[2023-10-19T09:27:42.432+0000][2822.655s][info ][safepoint     ] Total time for which application threads were stopped: 0.0018342 seconds, Stopping threads took: 0.0007477 seconds
[2023-10-19T09:27:43.433+0000][2823.656s][debug][safepoint     ] Safepoint synchronization initiated. (173 threads)
[2023-10-19T09:27:43.434+0000][2823.657s][info ][safepoint     ] Application time: 1.0014401 seconds
[2023-10-19T09:27:43.435+0000][2823.658s][info ][safepoint     ] Entering safepoint region: Cleanup
[2023-10-19T09:27:43.436+0000][2823.659s][info ][safepoint     ] Leaving safepoint region
[2023-10-19T09:27:43.437+0000][2823.660s][info ][safepoint     ] Total time for which application threads were stopped: 0.0021772 seconds, Stopping threads took: 0.0009500 seconds
[2023-10-19T09:27:44.438+0000][2824.661s][debug][safepoint     ] Safepoint synchronization initiated. (173 threads)
[2023-10-19T09:27:44.439+0000][2824.663s][info ][safepoint     ] Application time: 1.0016079 seconds
[2023-10-19T09:27:44.440+0000][2824.664s][info ][safepoint     ] Entering safepoint region: Cleanup
[2023-10-19T09:27:44.442+0000][2824.665s][info ][safepoint     ] Leaving safepoint region
[2023-10-19T09:27:44.443+0000][2824.666s][info ][safepoint     ] Total time for which application threads were stopped: 0.0025552 seconds, Stopping threads took: 0.0011022 seconds
[2023-10-19T09:27:45.444+0000][2825.667s][debug][safepoint     ] Safepoint synchronization initiated. (173 threads)
[2023-10-19T09:27:45.445+0000][2825.668s][info ][safepoint     ] Application time: 1.0009983 seconds
[2023-10-19T09:27:45.446+0000][2825.669s][info ][safepoint     ] Entering safepoint region: Cleanup
[2023-10-19T09:27:45.447+0000][2825.670s][info ][safepoint     ] Leaving safepoint region
[2023-10-19T09:27:45.447+0000][2825.670s][info ][safepoint     ] Total time for which application threads were stopped: 0.0015520 seconds, Stopping threads took: 0.0007956 seconds
[2023-10-19T09:27:46.448+0000][2826.671s][debug][safepoint     ] Safepoint synchronization initiated. (173 threads)
[2023-10-19T09:27:46.449+0000][2826.672s][info ][safepoint     ] Application time: 1.0010996 seconds
[2023-10-19T09:27:46.450+0000][2826.673s][info ][safepoint     ] Entering safepoint region: Cleanup
[2023-10-19T09:27:46.451+0000][2826.674s][info ][safepoint     ] Leaving safepoint region
[2023-10-19T09:27:46.451+0000][2826.674s][info ][safepoint     ] Total time for which application threads were stopped: 0.0017639 seconds, Stopping threads took: 0.0007657 seconds
[2023-10-19T09:27:47.452+0000][2827.676s][debug][safepoint     ] Safepoint synchronization initiated. (173 threads)
[2023-10-19T09:27:47.453+0000][2827.677s][info ][safepoint     ] Application time: 1.0015664 seconds
[2023-10-19T09:27:47.455+0000][2827.678s][info ][safepoint     ] Entering safepoint region: Cleanup
[2023-10-19T09:27:47.456+0000][2827.679s][info ][safepoint     ] Leaving safepoint region
[2023-10-19T09:27:47.457+0000][2827.680s][info ][safepoint     ] Total time for which application threads were stopped: 0.0023214 seconds, Stopping threads took: 0.0010360 seconds
[2023-10-19T09:27:48.458+0000][2828.681s][debug][safepoint     ] Safepoint synchronization initiated. (173 threads)
[2023-10-19T09:27:48.459+0000][2828.682s][info ][safepoint     ] Application time: 1.0006796 seconds
[2023-10-19T09:27:48.459+0000][2828.682s][info ][safepoint     ] Entering safepoint region: Cleanup
[2023-10-19T09:27:48.460+0000][2828.683s][info ][safepoint     ] Leaving safepoint region
[2023-10-19T09:27:48.460+0000][2828.683s][info ][safepoint     ] Total time for which application threads were stopped: 0.0011038 seconds, Stopping threads took: 0.0004035 seconds
[2023-10-19T09:27:49.461+0000][2829.684s][debug][safepoint     ] Safepoint synchronization initiated. (173 threads)
[2023-10-19T09:27:49.462+0000][2829.685s][info ][safepoint     ] Application time: 1.0012898 seconds
[2023-10-19T09:27:49.463+0000][2829.686s][info ][safepoint     ] Entering safepoint region: Cleanup
[2023-10-19T09:27:49.464+0000][2829.687s][info ][safepoint     ] Leaving safepoint region
[2023-10-19T09:27:49.464+0000][2829.688s][info ][safepoint     ] Total time for which application threads were stopped: 0.0015880 seconds, Stopping threads took: 0.0006079 seconds
[2023-10-19T09:27:50.465+0000][2830.688s][debug][safepoint     ] Safepoint synchronization initiated. (173 threads)
[2023-10-19T09:27:50.466+0000][2830.689s][info ][safepoint     ] Application time: 1.0007157 seconds
[2023-10-19T09:27:50.466+0000][2830.689s][info ][safepoint     ] Entering safepoint region: Cleanup
[2023-10-19T09:27:50.467+0000][2830.690s][info ][safepoint     ] Leaving safepoint region
[2023-10-19T09:27:50.467+0000][2830.690s][info ][safepoint     ] Total time for which application threads were stopped: 0.0008474 seconds, Stopping threads took: 0.0004014 seconds
[2023-10-19T09:27:51.467+0000][2831.690s][debug][safepoint     ] Safepoint synchronization initiated. (173 threads)
[2023-10-19T09:27:51.468+0000][2831.691s][info ][safepoint     ] Application time: 1.0006477 seconds
[2023-10-19T09:27:51.468+0000][2831.691s][info ][safepoint     ] Entering safepoint region: Cleanup
[2023-10-19T09:27:51.469+0000][2831.692s][info ][safepoint     ] Leaving safepoint region
[2023-10-19T09:27:51.469+0000][2831.693s][info ][safepoint     ] Total time for which application threads were stopped: 0.0012262 seconds, Stopping threads took: 0.0006331 seconds
[2023-10-19T09:27:52.470+0000][2832.693s][debug][safepoint     ] Safepoint synchronization initiated. (173 threads)
[2023-10-19T09:27:52.471+0000][2832.694s][info ][safepoint     ] Application time: 1.0008276 seconds
[2023-10-19T09:27:52.471+0000][2832.694s][info ][safepoint     ] Entering safepoint region: Cleanup
[2023-10-19T09:27:52.472+0000][2832.695s][info ][safepoint     ] Leaving safepoint region
[2023-10-19T09:27:52.472+0000][2832.695s][info ][safepoint     ] Total time for which application threads were stopped: 0.0009941 seconds, Stopping threads took: 0.0004111 seconds
[2023-10-19T09:27:53.473+0000][2833.696s][debug][safepoint     ] Safepoint synchronization initiated. (173 threads)
[2023-10-19T09:27:53.474+0000][2833.697s][info ][safepoint     ] Application time: 1.0014034 seconds
[2023-10-19T09:27:53.475+0000][2833.698s][info ][safepoint     ] Entering safepoint region: Cleanup
[2023-10-19T09:27:53.476+0000][2833.699s][info ][safepoint     ] Leaving safepoint region
[2023-10-19T09:27:53.477+0000][2833.700s][info ][safepoint     ] Total time for which application threads were stopped: 0.0022313 seconds, Stopping threads took: 0.0007652 seconds
[2023-10-19T09:27:54.478+0000][2834.702s][debug][safepoint     ] Safepoint synchronization initiated. (173 threads)
[2023-10-19T09:27:54.479+0000][2834.703s][info ][safepoint     ] Application time: 1.0013021 seconds
[2023-10-19T09:27:54.481+0000][2834.704s][info ][safepoint     ] Entering safepoint region: Cleanup
[2023-10-19T09:27:54.482+0000][2834.705s][info ][safepoint     ] Leaving safepoint region
[2023-10-19T09:27:54.483+0000][2834.706s][info ][safepoint     ] Total time for which application threads were stopped: 0.0021791 seconds, Stopping threads took: 0.0009099 seconds
[2023-10-19T09:27:55.484+0000][2835.707s][debug][safepoint     ] Safepoint synchronization initiated. (173 threads)
[2023-10-19T09:27:55.485+0000][2835.708s][info ][safepoint     ] Application time: 1.0013733 seconds
[2023-10-19T09:27:55.486+0000][2835.709s][info ][safepoint     ] Entering safepoint region: Cleanup
[2023-10-19T09:27:55.487+0000][2835.710s][info ][safepoint     ] Leaving safepoint region
[2023-10-19T09:27:55.488+0000][2835.711s][info ][safepoint     ] Total time for which application threads were stopped: 0.0017818 seconds, Stopping threads took: 0.0007457 seconds
[2023-10-19T09:27:56.489+0000][2836.712s][debug][safepoint     ] Safepoint synchronization initiated. (173 threads)
[2023-10-19T09:27:56.489+0000][2836.712s][info ][safepoint     ] Application time: 1.0006293 seconds
[2023-10-19T09:27:56.489+0000][2836.713s][info ][safepoint     ] Entering safepoint region: Cleanup
[2023-10-19T09:27:56.490+0000][2836.713s][info ][safepoint     ] Leaving safepoint region
[2023-10-19T09:27:56.490+0000][2836.713s][info ][safepoint     ] Total time for which application threads were stopped: 0.0008422 seconds, Stopping threads took: 0.0003315 seconds
[2023-10-19T09:27:57.491+0000][2837.714s][debug][safepoint     ] Safepoint synchronization initiated. (173 threads)
[2023-10-19T09:27:57.492+0000][2837.715s][info ][safepoint     ] Application time: 1.0015529 seconds
[2023-10-19T09:27:57.493+0000][2837.716s][info ][safepoint     ] Entering safepoint region: Cleanup
[2023-10-19T09:27:57.495+0000][2837.718s][info ][safepoint     ] Leaving safepoint region
[2023-10-19T09:27:57.496+0000][2837.719s][info ][safepoint     ] Total time for which application threads were stopped: 0.0026234 seconds, Stopping threads took: 0.0011568 seconds
[2023-10-19T09:27:58.497+0000][2838.720s][debug][safepoint     ] Safepoint synchronization initiated. (173 threads)
[2023-10-19T09:27:58.498+0000][2838.721s][info ][safepoint     ] Application time: 1.0010694 seconds
[2023-10-19T09:27:58.498+0000][2838.722s][info ][safepoint     ] Entering safepoint region: Cleanup
[2023-10-19T09:27:58.499+0000][2838.722s][info ][safepoint     ] Leaving safepoint region
[2023-10-19T09:27:58.500+0000][2838.723s][info ][safepoint     ] Total time for which application threads were stopped: 0.0013695 seconds, Stopping threads took: 0.0005600 seconds
[2023-10-19T09:27:59.500+0000][2839.724s][debug][safepoint     ] Safepoint synchronization initiated. (173 threads)
[2023-10-19T09:27:59.501+0000][2839.725s][info ][safepoint     ] Application time: 1.0012366 seconds
[2023-10-19T09:27:59.502+0000][2839.725s][info ][safepoint     ] Entering safepoint region: Cleanup
[2023-10-19T09:27:59.503+0000][2839.726s][info ][safepoint     ] Leaving safepoint region
[2023-10-19T09:27:59.504+0000][2839.727s][info ][safepoint     ] Total time for which application threads were stopped: 0.0016765 seconds, Stopping threads took: 0.0006904 seconds
[2023-10-19T09:28:00.505+0000][2840.728s][debug][safepoint     ] Safepoint synchronization initiated. (173 threads)
[2023-10-19T09:28:00.505+0000][2840.729s][info ][safepoint     ] Application time: 1.0007768 seconds
[2023-10-19T09:28:00.506+0000][2840.729s][info ][safepoint     ] Entering safepoint region: Cleanup
[2023-10-19T09:28:00.506+0000][2840.730s][info ][safepoint     ] Leaving safepoint region
[2023-10-19T09:28:00.507+0000][2840.730s][info ][safepoint     ] Total time for which application threads were stopped: 0.0009345 seconds, Stopping threads took: 0.0003818 seconds
[2023-10-19T09:28:01.507+0000][2841.731s][debug][safepoint     ] Safepoint synchronization initiated. (173 threads)
[2023-10-19T09:28:01.508+0000][2841.732s][info ][safepoint     ] Application time: 1.0012750 seconds
[2023-10-19T09:28:01.509+0000][2841.732s][info ][safepoint     ] Entering safepoint region: Cleanup
[2023-10-19T09:28:01.510+0000][2841.733s][info ][safepoint     ] Leaving safepoint region
[2023-10-19T09:28:01.511+0000][2841.734s][info ][safepoint     ] Total time for which application threads were stopped: 0.0016841 seconds, Stopping threads took: 0.0007989 seconds
[2023-10-19T09:28:02.512+0000][2842.735s][debug][safepoint     ] Safepoint synchronization initiated. (173 threads)
[2023-10-19T09:28:02.512+0000][2842.735s][info ][safepoint     ] Application time: 1.0008542 seconds
[2023-10-19T09:28:02.513+0000][2842.736s][info ][safepoint     ] Entering safepoint region: Cleanup
[2023-10-19T09:28:02.513+0000][2842.737s][info ][safepoint     ] Leaving safepoint region
[2023-10-19T09:28:02.514+0000][2842.737s][info ][safepoint     ] Total time for which application threads were stopped: 0.0012041 seconds, Stopping threads took: 0.0004288 seconds
[2023-10-19T09:28:03.514+0000][2843.738s][debug][safepoint     ] Safepoint synchronization initiated. (173 threads)
[2023-10-19T09:28:03.515+0000][2843.739s][info ][safepoint     ] Application time: 1.0006976 seconds
[2023-10-19T09:28:03.516+0000][2843.739s][info ][safepoint     ] Entering safepoint region: Cleanup
[2023-10-19T09:28:03.516+0000][2843.740s][info ][safepoint     ] Leaving safepoint region
[2023-10-19T09:28:03.517+0000][2843.740s][info ][safepoint     ] Total time for which application threads were stopped: 0.0012930 seconds, Stopping threads took: 0.0005639 seconds
[2023-10-19T09:28:04.518+0000][2844.741s][debug][safepoint     ] Safepoint synchronization initiated. (173 threads)
[2023-10-19T09:28:04.518+0000][2844.742s][info ][safepoint     ] Application time: 1.0008822 seconds
[2023-10-19T09:28:04.519+0000][2844.742s][info ][safepoint     ] Entering safepoint region: Cleanup
[2023-10-19T09:28:04.519+0000][2844.743s][info ][safepoint     ] Leaving safepoint region
[2023-10-19T09:28:04.520+0000][2844.743s][info ][safepoint     ] Total time for which application threads were stopped: 0.0010489 seconds, Stopping threads took: 0.0004751 seconds
[2023-10-19T09:28:05.520+0000][2845.744s][debug][safepoint     ] Safepoint synchronization initiated. (173 threads)
[2023-10-19T09:28:05.521+0000][2845.745s][info ][safepoint     ] Application time: 1.0013413 seconds
[2023-10-19T09:28:05.522+0000][2845.746s][info ][safepoint     ] Entering safepoint region: Cleanup
[2023-10-19T09:28:05.524+0000][2845.747s][info ][safepoint     ] Leaving safepoint region
[2023-10-19T09:28:05.524+0000][2845.748s][info ][safepoint     ] Total time for which application threads were stopped: 0.0019545 seconds, Stopping threads took: 0.0008961 seconds
[2023-10-19T09:28:06.525+0000][2846.749s][debug][safepoint     ] Safepoint synchronization initiated. (173 threads)
[2023-10-19T09:28:06.526+0000][2846.750s][info ][safepoint     ] Application time: 1.0012028 seconds
[2023-10-19T09:28:06.527+0000][2846.751s][info ][safepoint     ] Entering safepoint region: Cleanup
[2023-10-19T09:28:06.528+0000][2846.752s][info ][safepoint     ] Leaving safepoint region
[2023-10-19T09:28:06.529+0000][2846.753s][info ][safepoint     ] Total time for which application threads were stopped: 0.0018017 seconds, Stopping threads took: 0.0007467 seconds
[2023-10-19T09:28:07.530+0000][2847.753s][debug][safepoint     ] Safepoint synchronization initiated. (173 threads)
[2023-10-19T09:28:07.530+0000][2847.754s][info ][safepoint     ] Application time: 1.0007670 seconds
[2023-10-19T09:28:07.531+0000][2847.755s][info ][safepoint     ] Entering safepoint region: Cleanup
[2023-10-19T09:28:07.532+0000][2847.755s][info ][safepoint     ] Leaving safepoint region
[2023-10-19T09:28:07.532+0000][2847.755s][info ][safepoint     ] Total time for which application threads were stopped: 0.0009768 seconds, Stopping threads took: 0.0004355 seconds
[2023-10-19T09:28:08.532+0000][2848.756s][debug][safepoint     ] Safepoint synchronization initiated. (173 threads)
[2023-10-19T09:28:08.533+0000][2848.757s][info ][safepoint     ] Application time: 1.0009447 seconds
[2023-10-19T09:28:08.534+0000][2848.757s][debug][safepoint     ] ... found polling page return exception at pc = 0x00007f0de89b8d08, stub =0x00007f0de0840600
[2023-10-19T09:28:08.534+0000][2848.757s][debug][safepoint     ] ... found polling page return exception at pc = 0x00007f0de8afa176, stub =0x00007f0de0840600
[2023-10-19T09:28:08.535+0000][2848.758s][debug][safepoint     ] Waiting for 2 thread(s) to block
[2023-10-19T09:28:08.536+0000][2848.759s][info ][safepoint     ] Entering safepoint region: Cleanup
[2023-10-19T09:28:08.536+0000][2848.760s][info ][safepoint     ] Leaving safepoint region
[2023-10-19T09:28:08.537+0000][2848.761s][info ][safepoint     ] Total time for which application threads were stopped: 0.0032651 seconds, Stopping threads took: 0.0025793 seconds
[2023-10-19T09:28:09.538+0000][2849.761s][debug][safepoint     ] Safepoint synchronization initiated. (173 threads)
[2023-10-19T09:28:09.539+0000][2849.762s][info ][safepoint     ] Application time: 1.0012476 seconds
[2023-10-19T09:28:09.539+0000][2849.763s][info ][safepoint     ] Entering safepoint region: Cleanup
[2023-10-19T09:28:09.541+0000][2849.764s][info ][safepoint     ] Leaving safepoint region
[2023-10-19T09:28:09.541+0000][2849.765s][info ][safepoint     ] Total time for which application threads were stopped: 0.0018880 seconds, Stopping threads took: 0.0007991 seconds
[2023-10-19T09:28:10.542+0000][2850.766s][debug][safepoint     ] Safepoint synchronization initiated. (173 threads)
[2023-10-19T09:28:10.543+0000][2850.766s][info ][safepoint     ] Application time: 1.0007364 seconds
[2023-10-19T09:28:10.543+0000][2850.767s][info ][safepoint     ] Entering safepoint region: Cleanup
[2023-10-19T09:28:10.544+0000][2850.768s][info ][safepoint     ] Leaving safepoint region
[2023-10-19T09:28:10.544+0000][2850.768s][info ][safepoint     ] Total time for which application threads were stopped: 0.0012008 seconds, Stopping threads took: 0.0004891 seconds
[2023-10-19T09:28:11.545+0000][2851.769s][debug][safepoint     ] Safepoint synchronization initiated. (173 threads)
[2023-10-19T09:28:11.546+0000][2851.769s][info ][safepoint     ] Application time: 1.0006644 seconds
[2023-10-19T09:28:11.546+0000][2851.770s][info ][safepoint     ] Entering safepoint region: Cleanup
[2023-10-19T09:28:11.547+0000][2851.770s][info ][safepoint     ] Leaving safepoint region
[2023-10-19T09:28:11.547+0000][2851.771s][info ][safepoint     ] Total time for which application threads were stopped: 0.0012362 seconds, Stopping threads took: 0.0005553 seconds
[2023-10-19T09:28:12.548+0000][2852.772s][debug][safepoint     ] Safepoint synchronization initiated. (173 threads)
[2023-10-19T09:28:12.549+0000][2852.772s][info ][safepoint     ] Application time: 1.0009787 seconds
[2023-10-19T09:28:12.549+0000][2852.773s][info ][safepoint     ] Entering safepoint region: Cleanup
[2023-10-19T09:28:12.550+0000][2852.774s][info ][safepoint     ] Leaving safepoint region
[2023-10-19T09:28:12.551+0000][2852.774s][info ][safepoint     ] Total time for which application threads were stopped: 0.0014063 seconds, Stopping threads took: 0.0006524 seconds
[2023-10-19T09:28:13.552+0000][2853.775s][debug][safepoint     ] Safepoint synchronization initiated. (173 threads)
[2023-10-19T09:28:13.552+0000][2853.776s][info ][safepoint     ] Application time: 1.0008298 seconds
[2023-10-19T09:28:13.553+0000][2853.776s][info ][safepoint     ] Entering safepoint region: Cleanup
[2023-10-19T09:28:13.553+0000][2853.777s][info ][safepoint     ] Leaving safepoint region
[2023-10-19T09:28:13.554+0000][2853.777s][info ][safepoint     ] Total time for which application threads were stopped: 0.0009719 seconds, Stopping threads took: 0.0003676 seconds
[2023-10-19T09:28:14.554+0000][2854.778s][debug][safepoint     ] Safepoint synchronization initiated. (173 threads)
[2023-10-19T09:28:14.555+0000][2854.778s][info ][safepoint     ] Application time: 1.0005349 seconds
[2023-10-19T09:28:14.555+0000][2854.779s][info ][safepoint     ] Entering safepoint region: Cleanup
[2023-10-19T09:28:14.556+0000][2854.779s][info ][safepoint     ] Leaving safepoint region
[2023-10-19T09:28:14.556+0000][2854.780s][info ][safepoint     ] Total time for which application threads were stopped: 0.0009042 seconds, Stopping threads took: 0.0004193 seconds
[2023-10-19T09:28:15.556+0000][2855.780s][debug][safepoint     ] Safepoint synchronization initiated. (173 threads)
[2023-10-19T09:28:15.557+0000][2855.781s][info ][safepoint     ] Application time: 1.0007761 seconds
[2023-10-19T09:28:15.557+0000][2855.781s][info ][safepoint     ] Entering safepoint region: Cleanup
[2023-10-19T09:28:15.558+0000][2855.782s][info ][safepoint     ] Leaving safepoint region
[2023-10-19T09:28:15.559+0000][2855.782s][info ][safepoint     ] Total time for which application threads were stopped: 0.0011714 seconds, Stopping threads took: 0.0005207 seconds
[2023-10-19T09:28:16.559+0000][2856.783s][debug][safepoint     ] Safepoint synchronization initiated. (173 threads)
[2023-10-19T09:28:16.560+0000][2856.784s][info ][safepoint     ] Application time: 1.0013831 seconds
[2023-10-19T09:28:16.561+0000][2856.785s][info ][safepoint     ] Entering safepoint region: Cleanup
[2023-10-19T09:28:16.563+0000][2856.786s][info ][safepoint     ] Leaving safepoint region
[2023-10-19T09:28:16.563+0000][2856.787s][info ][safepoint     ] Total time for which application threads were stopped: 0.0019686 seconds, Stopping threads took: 0.0008849 seconds
[2023-10-19T09:28:17.565+0000][2857.788s][debug][safepoint     ] Safepoint synchronization initiated. (173 threads)
[2023-10-19T09:28:17.565+0000][2857.789s][info ][safepoint     ] Application time: 1.0012893 seconds
[2023-10-19T09:28:17.566+0000][2857.790s][info ][safepoint     ] Entering safepoint region: Cleanup
[2023-10-19T09:28:17.567+0000][2857.791s][info ][safepoint     ] Leaving safepoint region
[2023-10-19T09:28:17.568+0000][2857.792s][info ][safepoint     ] Total time for which application threads were stopped: 0.0018646 seconds, Stopping threads took: 0.0008454 seconds
[2023-10-19T09:28:18.569+0000][2858.793s][debug][safepoint     ] Safepoint synchronization initiated. (173 threads)
[2023-10-19T09:28:18.570+0000][2858.793s][info ][safepoint     ] Application time: 1.0007514 seconds
[2023-10-19T09:28:18.570+0000][2858.794s][info ][safepoint     ] Entering safepoint region: Cleanup
[2023-10-19T09:28:18.571+0000][2858.794s][info ][safepoint     ] Leaving safepoint region
[2023-10-19T09:28:18.571+0000][2858.795s][info ][safepoint     ] Total time for which application threads were stopped: 0.0009896 seconds, Stopping threads took: 0.0004138 seconds
[2023-10-19T09:28:19.572+0000][2859.795s][debug][safepoint     ] Safepoint synchronization initiated. (173 threads)
[2023-10-19T09:28:19.572+0000][2859.796s][info ][safepoint     ] Application time: 1.0008293 seconds
[2023-10-19T09:28:19.573+0000][2859.796s][info ][safepoint     ] Entering safepoint region: Cleanup
[2023-10-19T09:28:19.573+0000][2859.797s][info ][safepoint     ] Leaving safepoint region
[2023-10-19T09:28:19.574+0000][2859.798s][info ][safepoint     ] Total time for which application threads were stopped: 0.0011391 seconds, Stopping threads took: 0.0004835 seconds
[2023-10-19T09:28:20.574+0000][2860.798s][debug][safepoint     ] Safepoint synchronization initiated. (173 threads)
[2023-10-19T09:28:20.575+0000][2860.798s][info ][safepoint     ] Application time: 1.0004633 seconds
[2023-10-19T09:28:20.575+0000][2860.799s][info ][safepoint     ] Entering safepoint region: Cleanup
[2023-10-19T09:28:20.576+0000][2860.799s][info ][safepoint     ] Leaving safepoint region
[2023-10-19T09:28:20.576+0000][2860.799s][info ][safepoint     ] Total time for which application threads were stopped: 0.0007662 seconds, Stopping threads took: 0.0003488 seconds
[2023-10-19T09:28:21.576+0000][2861.800s][debug][safepoint     ] Safepoint synchronization initiated. (173 threads)
[2023-10-19T09:28:21.577+0000][2861.800s][info ][safepoint     ] Application time: 1.0004928 seconds
[2023-10-19T09:28:21.577+0000][2861.800s][info ][safepoint     ] Entering safepoint region: Cleanup
[2023-10-19T09:28:21.577+0000][2861.801s][info ][safepoint     ] Leaving safepoint region
[2023-10-19T09:28:21.578+0000][2861.801s][info ][safepoint     ] Total time for which application threads were stopped: 0.0007780 seconds, Stopping threads took: 0.0003288 seconds
[2023-10-19T09:28:22.578+0000][2862.802s][debug][safepoint     ] Safepoint synchronization initiated. (173 threads)
[2023-10-19T09:28:22.579+0000][2862.802s][info ][safepoint     ] Application time: 1.0008599 seconds
[2023-10-19T09:28:22.579+0000][2862.803s][info ][safepoint     ] Entering safepoint region: Cleanup
[2023-10-19T09:28:22.580+0000][2862.804s][info ][safepoint     ] Leaving safepoint region
[2023-10-19T09:28:22.580+0000][2862.804s][info ][safepoint     ] Total time for which application threads were stopped: 0.0011936 seconds, Stopping threads took: 0.0005858 seconds
[2023-10-19T09:28:23.581+0000][2863.805s][debug][safepoint     ] Safepoint synchronization initiated. (173 threads)
[2023-10-19T09:28:23.582+0000][2863.806s][info ][safepoint     ] Application time: 1.0013064 seconds
[2023-10-19T09:28:23.583+0000][2863.807s][info ][safepoint     ] Entering safepoint region: Cleanup
[2023-10-19T09:28:23.584+0000][2863.808s][info ][safepoint     ] Leaving safepoint region
[2023-10-19T09:28:23.585+0000][2863.809s][info ][safepoint     ] Total time for which application threads were stopped: 0.0021570 seconds, Stopping threads took: 0.0008991 seconds
[2023-10-19T09:28:24.586+0000][2864.810s][debug][safepoint     ] Safepoint synchronization initiated. (173 threads)
[2023-10-19T09:28:24.587+0000][2864.811s][info ][safepoint     ] Application time: 1.0010488 seconds
[2023-10-19T09:28:24.588+0000][2864.811s][info ][safepoint     ] Entering safepoint region: Cleanup
[2023-10-19T09:28:24.588+0000][2864.812s][info ][safepoint     ] Leaving safepoint region
[2023-10-19T09:28:24.589+0000][2864.813s][info ][safepoint     ] Total time for which application threads were stopped: 0.0014706 seconds, Stopping threads took: 0.0006303 seconds
[2023-10-19T09:28:25.590+0000][2865.813s][debug][safepoint     ] Safepoint synchronization initiated. (173 threads)
[2023-10-19T09:28:25.590+0000][2865.814s][info ][safepoint     ] Application time: 1.0007284 seconds
[2023-10-19T09:28:25.591+0000][2865.814s][info ][safepoint     ] Entering safepoint region: Cleanup
[2023-10-19T09:28:25.591+0000][2865.815s][info ][safepoint     ] Leaving safepoint region
[2023-10-19T09:28:25.591+0000][2865.815s][info ][safepoint     ] Total time for which application threads were stopped: 0.0008019 seconds, Stopping threads took: 0.0003540 seconds
[2023-10-19T09:28:26.592+0000][2866.815s][debug][safepoint     ] Safepoint synchronization initiated. (173 threads)
[2023-10-19T09:28:26.592+0000][2866.816s][info ][safepoint     ] Application time: 1.0005139 seconds
[2023-10-19T09:28:26.593+0000][2866.816s][info ][safepoint     ] Entering safepoint region: Cleanup
[2023-10-19T09:28:26.593+0000][2866.817s][info ][safepoint     ] Leaving safepoint region
[2023-10-19T09:28:26.594+0000][2866.817s][info ][safepoint     ] Total time for which application threads were stopped: 0.0009147 seconds, Stopping threads took: 0.0003190 seconds
[2023-10-19T09:28:26.816+0000][2867.040s][debug][safepoint     ] Safepoint synchronization initiated. (173 threads)
[2023-10-19T09:28:26.817+0000][2867.040s][info ][safepoint     ] Application time: 0.2227256 seconds
[2023-10-19T09:28:26.817+0000][2867.041s][info ][safepoint     ] Entering safepoint region: G1CollectForAllocation
[2023-10-19T09:28:26.818+0000][2867.042s][info ][gc,start      ] GC(87) Pause Young (Prepare Mixed) (G1 Evacuation Pause)
[2023-10-19T09:28:26.818+0000][2867.042s][info ][gc,task       ] GC(87) Using 8 workers of 8 for evacuation
[2023-10-19T09:28:26.823+0000][2867.046s][info ][gc,phases     ] GC(87)   Pre Evacuate Collection Set: 0.1ms
[2023-10-19T09:28:26.823+0000][2867.047s][info ][gc,phases     ] GC(87)   Evacuate Collection Set: 1.7ms
[2023-10-19T09:28:26.824+0000][2867.047s][info ][gc,phases     ] GC(87)   Post Evacuate Collection Set: 2.0ms
[2023-10-19T09:28:26.824+0000][2867.048s][info ][gc,phases     ] GC(87)   Other: 0.9ms
[2023-10-19T09:28:26.825+0000][2867.048s][info ][gc,heap       ] GC(87) Eden regions: 132->0(15)
[2023-10-19T09:28:26.825+0000][2867.049s][info ][gc,heap       ] GC(87) Survivor regions: 2->2(17)
[2023-10-19T09:28:26.826+0000][2867.049s][info ][gc,heap       ] GC(87) Old regions: 135->135
[2023-10-19T09:28:26.826+0000][2867.050s][info ][gc,heap       ] GC(87) Humongous regions: 25->25
[2023-10-19T09:28:26.826+0000][2867.050s][info ][gc,metaspace  ] GC(87) Metaspace: 160610K(167632K)->160610K(167632K) NonClass: 142028K(146640K)->142028K(146640K) Class: 18581K(20992K)->18581K(20992K)
[2023-10-19T09:28:26.827+0000][2867.050s][info ][gc            ] GC(87) Pause Young (Prepare Mixed) (G1 Evacuation Pause) 291M->159M(350M) 8.604ms
[2023-10-19T09:28:26.827+0000][2867.051s][info ][gc,cpu        ] GC(87) User=0.03s Sys=0.00s Real=0.01s
[2023-10-19T09:28:26.827+0000][2867.051s][info ][safepoint     ] Leaving safepoint region
[2023-10-19T09:28:26.828+0000][2867.051s][info ][safepoint     ] Total time for which application threads were stopped: 0.0102226 seconds, Stopping threads took: 0.0005324 seconds
[2023-10-19T09:28:26.828+0000][2867.051s][info ][gc,stringdedup] Concurrent String Deduplication (2867.051s)
[2023-10-19T09:28:26.828+0000][2867.052s][info ][gc,stringdedup] Concurrent String Deduplication 0.0B->0.0B(0.0B) avg 54.5% (2867.051s, 2867.052s) 0.349ms
[2023-10-19T09:28:27.828+0000][2868.052s][debug][safepoint     ] Safepoint synchronization initiated. (173 threads)
[2023-10-19T09:28:27.829+0000][2868.052s][info ][safepoint     ] Application time: 1.0009711 seconds
[2023-10-19T09:28:27.829+0000][2868.053s][info ][safepoint     ] Entering safepoint region: Cleanup
[2023-10-19T09:28:27.830+0000][2868.054s][info ][safepoint     ] Leaving safepoint region
[2023-10-19T09:28:27.831+0000][2868.054s][info ][safepoint     ] Total time for which application threads were stopped: 0.0012053 seconds, Stopping threads took: 0.0005401 seconds
[2023-10-19T09:28:28.831+0000][2869.055s][debug][safepoint     ] Safepoint synchronization initiated. (173 threads)
[2023-10-19T09:28:28.832+0000][2869.055s][info ][safepoint     ] Application time: 1.0007756 seconds
[2023-10-19T09:28:28.832+0000][2869.056s][info ][safepoint     ] Entering safepoint region: Cleanup
[2023-10-19T09:28:28.833+0000][2869.056s][info ][safepoint     ] Leaving safepoint region
[2023-10-19T09:28:28.833+0000][2869.056s][info ][safepoint     ] Total time for which application threads were stopped: 0.0007306 seconds, Stopping threads took: 0.0002964 seconds
[2023-10-19T09:28:29.833+0000][2870.057s][debug][safepoint     ] Safepoint synchronization initiated. (173 threads)
[2023-10-19T09:28:29.835+0000][2870.058s][info ][safepoint     ] Application time: 1.0014756 seconds
[2023-10-19T09:28:29.836+0000][2870.059s][info ][safepoint     ] Entering safepoint region: Cleanup
[2023-10-19T09:28:29.837+0000][2870.061s][info ][safepoint     ] Leaving safepoint region
[2023-10-19T09:28:29.838+0000][2870.062s][info ][safepoint     ] Total time for which application threads were stopped: 0.0023416 seconds, Stopping threads took: 0.0011072 seconds
[2023-10-19T09:28:30.839+0000][2871.063s][debug][safepoint     ] Safepoint synchronization initiated. (173 threads)
[2023-10-19T09:28:30.840+0000][2871.064s][info ][safepoint     ] Application time: 1.0012855 seconds
[2023-10-19T09:28:30.841+0000][2871.065s][info ][safepoint     ] Entering safepoint region: Cleanup
[2023-10-19T09:28:30.842+0000][2871.066s][info ][safepoint     ] Leaving safepoint region
[2023-10-19T09:28:30.843+0000][2871.067s][info ][safepoint     ] Total time for which application threads were stopped: 0.0022608 seconds, Stopping threads took: 0.0010207 seconds
[2023-10-19T09:28:31.845+0000][2872.068s][debug][safepoint     ] Safepoint synchronization initiated. (173 threads)
[2023-10-19T09:28:31.845+0000][2872.069s][info ][safepoint     ] Application time: 1.0008110 seconds
[2023-10-19T09:28:31.846+0000][2872.069s][info ][safepoint     ] Entering safepoint region: Cleanup
[2023-10-19T09:28:31.847+0000][2872.070s][info ][safepoint     ] Leaving safepoint region
[2023-10-19T09:28:31.847+0000][2872.071s][info ][safepoint     ] Total time for which application threads were stopped: 0.0015900 seconds, Stopping threads took: 0.0006928 seconds
[2023-10-19T09:28:32.848+0000][2873.072s][debug][safepoint     ] Safepoint synchronization initiated. (173 threads)
[2023-10-19T09:28:32.849+0000][2873.073s][info ][safepoint     ] Application time: 1.0012063 seconds
[2023-10-19T09:28:32.850+0000][2873.073s][info ][safepoint     ] Entering safepoint region: Cleanup
[2023-10-19T09:28:32.851+0000][2873.075s][info ][safepoint     ] Leaving safepoint region
[2023-10-19T09:28:32.851+0000][2873.075s][info ][safepoint     ] Total time for which application threads were stopped: 0.0017367 seconds, Stopping threads took: 0.0008343 seconds
[2023-10-19T09:28:33.852+0000][2874.076s][debug][safepoint     ] Safepoint synchronization initiated. (173 threads)
[2023-10-19T09:28:33.853+0000][2874.077s][info ][safepoint     ] Application time: 1.0010160 seconds
[2023-10-19T09:28:33.854+0000][2874.077s][info ][safepoint     ] Entering safepoint region: Cleanup
[2023-10-19T09:28:33.854+0000][2874.078s][info ][safepoint     ] Leaving safepoint region
[2023-10-19T09:28:33.855+0000][2874.079s][info ][safepoint     ] Total time for which application threads were stopped: 0.0012864 seconds, Stopping threads took: 0.0005962 seconds
[2023-10-19T09:28:34.856+0000][2875.079s][debug][safepoint     ] Safepoint synchronization initiated. (173 threads)
[2023-10-19T09:28:34.857+0000][2875.081s][info ][safepoint     ] Application time: 1.0014424 seconds
[2023-10-19T09:28:34.858+0000][2875.082s][info ][safepoint     ] Entering safepoint region: Cleanup
[2023-10-19T09:28:34.859+0000][2875.083s][info ][safepoint     ] Leaving safepoint region
[2023-10-19T09:28:34.860+0000][2875.084s][info ][safepoint     ] Total time for which application threads were stopped: 0.0024809 seconds, Stopping threads took: 0.0011207 seconds
[2023-10-19T09:28:35.862+0000][2876.086s][debug][safepoint     ] Safepoint synchronization initiated. (173 threads)
[2023-10-19T09:28:35.863+0000][2876.087s][info ][safepoint     ] Application time: 1.0017874 seconds
[2023-10-19T09:28:35.864+0000][2876.088s][info ][safepoint     ] Entering safepoint region: Cleanup
[2023-10-19T09:28:35.866+0000][2876.090s][info ][safepoint     ] Leaving safepoint region
[2023-10-19T09:28:35.866+0000][2876.090s][info ][safepoint     ] Total time for which application threads were stopped: 0.0023148 seconds, Stopping threads took: 0.0010525 seconds
[2023-10-19T09:28:36.868+0000][2877.092s][debug][safepoint     ] Safepoint synchronization initiated. (173 threads)
[2023-10-19T09:28:36.869+0000][2877.093s][info ][safepoint     ] Application time: 1.0015656 seconds
[2023-10-19T09:28:36.870+0000][2877.094s][info ][safepoint     ] Entering safepoint region: Cleanup
[2023-10-19T09:28:36.872+0000][2877.096s][info ][safepoint     ] Leaving safepoint region
[2023-10-19T09:28:36.873+0000][2877.097s][info ][safepoint     ] Total time for which application threads were stopped: 0.0026689 seconds, Stopping threads took: 0.0012257 seconds
[2023-10-19T09:28:37.874+0000][2878.098s][debug][safepoint     ] Safepoint synchronization initiated. (173 threads)
[2023-10-19T09:28:37.875+0000][2878.099s][info ][safepoint     ] Application time: 1.0013995 seconds
[2023-10-19T09:28:37.876+0000][2878.100s][info ][safepoint     ] Entering safepoint region: Cleanup
[2023-10-19T09:28:37.878+0000][2878.102s][info ][safepoint     ] Leaving safepoint region
[2023-10-19T09:28:37.879+0000][2878.103s][info ][safepoint     ] Total time for which application threads were stopped: 0.0023067 seconds, Stopping threads took: 0.0010910 seconds
[2023-10-19T09:28:38.880+0000][2879.104s][debug][safepoint     ] Safepoint synchronization initiated. (173 threads)
[2023-10-19T09:28:38.881+0000][2879.105s][info ][safepoint     ] Application time: 1.0016194 seconds
[2023-10-19T09:28:38.882+0000][2879.106s][info ][safepoint     ] Entering safepoint region: Cleanup
[2023-10-19T09:28:38.884+0000][2879.108s][info ][safepoint     ] Leaving safepoint region
[2023-10-19T09:28:38.885+0000][2879.109s][info ][safepoint     ] Total time for which application threads were stopped: 0.0028977 seconds, Stopping threads took: 0.0011769 seconds
[2023-10-19T09:28:39.886+0000][2880.110s][debug][safepoint     ] Safepoint synchronization initiated. (173 threads)
[2023-10-19T09:28:39.888+0000][2880.111s][info ][safepoint     ] Application time: 1.0014971 seconds
[2023-10-19T09:28:39.889+0000][2880.112s][info ][safepoint     ] Entering safepoint region: Cleanup
[2023-10-19T09:28:39.890+0000][2880.114s][info ][safepoint     ] Leaving safepoint region
[2023-10-19T09:28:39.891+0000][2880.114s][info ][safepoint     ] Total time for which application threads were stopped: 0.0021340 seconds, Stopping threads took: 0.0009246 seconds
[2023-10-19T09:28:40.892+0000][2881.115s][debug][safepoint     ] Safepoint synchronization initiated. (173 threads)
[2023-10-19T09:28:40.892+0000][2881.116s][info ][safepoint     ] Application time: 1.0005705 seconds
[2023-10-19T09:28:40.893+0000][2881.116s][info ][safepoint     ] Entering safepoint region: Cleanup
[2023-10-19T09:28:40.893+0000][2881.117s][info ][safepoint     ] Leaving safepoint region
[2023-10-19T09:28:40.893+0000][2881.117s][info ][safepoint     ] Total time for which application threads were stopped: 0.0008532 seconds, Stopping threads took: 0.0003714 seconds
[2023-10-19T09:28:41.894+0000][2882.118s][debug][safepoint     ] Safepoint synchronization initiated. (173 threads)
[2023-10-19T09:28:41.894+0000][2882.118s][info ][safepoint     ] Application time: 1.0007002 seconds
[2023-10-19T09:28:41.895+0000][2882.119s][info ][safepoint     ] Entering safepoint region: Cleanup
[2023-10-19T09:28:41.895+0000][2882.119s][info ][safepoint     ] Leaving safepoint region
[2023-10-19T09:28:41.896+0000][2882.120s][info ][safepoint     ] Total time for which application threads were stopped: 0.0009755 seconds, Stopping threads took: 0.0004210 seconds
[2023-10-19T09:28:42.553+0000][2882.776s][debug][safepoint     ] Safepoint synchronization initiated. (173 threads)
[2023-10-19T09:28:42.553+0000][2882.777s][info ][safepoint     ] Application time: 0.6570107 seconds
[2023-10-19T09:28:42.554+0000][2882.778s][info ][safepoint     ] Entering safepoint region: G1CollectForAllocation
[2023-10-19T09:28:42.554+0000][2882.778s][info ][gc,start      ] GC(88) Pause Young (Mixed) (G1 Evacuation Pause)
[2023-10-19T09:28:42.555+0000][2882.779s][info ][gc,task       ] GC(88) Using 8 workers of 8 for evacuation
[2023-10-19T09:28:42.570+0000][2882.794s][info ][gc,phases     ] GC(88)   Pre Evacuate Collection Set: 0.1ms
[2023-10-19T09:28:42.571+0000][2882.795s][info ][gc,phases     ] GC(88)   Evacuate Collection Set: 12.1ms
[2023-10-19T09:28:42.571+0000][2882.795s][info ][gc,phases     ] GC(88)   Post Evacuate Collection Set: 2.4ms
[2023-10-19T09:28:42.572+0000][2882.796s][info ][gc,phases     ] GC(88)   Other: 1.2ms
[2023-10-19T09:28:42.572+0000][2882.796s][info ][gc,heap       ] GC(88) Eden regions: 15->0(134)
[2023-10-19T09:28:42.573+0000][2882.797s][info ][gc,heap       ] GC(88) Survivor regions: 2->1(3)
[2023-10-19T09:28:42.573+0000][2882.797s][info ][gc,heap       ] GC(88) Old regions: 135->131
[2023-10-19T09:28:42.574+0000][2882.798s][info ][gc,heap       ] GC(88) Humongous regions: 25->25
[2023-10-19T09:28:42.574+0000][2882.798s][info ][gc,metaspace  ] GC(88) Metaspace: 160610K(167632K)->160610K(167632K) NonClass: 142028K(146640K)->142028K(146640K) Class: 18581K(20992K)->18581K(20992K)
[2023-10-19T09:28:42.575+0000][2882.799s][info ][gc            ] GC(88) Pause Young (Mixed) (G1 Evacuation Pause) 174M->155M(350M) 20.357ms
[2023-10-19T09:28:42.575+0000][2882.799s][info ][gc,cpu        ] GC(88) User=0.11s Sys=0.00s Real=0.02s
[2023-10-19T09:28:42.576+0000][2882.800s][info ][safepoint     ] Leaving safepoint region
[2023-10-19T09:28:42.576+0000][2882.800s][info ][safepoint     ] Total time for which application threads were stopped: 0.0225661 seconds, Stopping threads took: 0.0005025 seconds
[2023-10-19T09:28:42.577+0000][2882.801s][info ][gc,stringdedup] Concurrent String Deduplication (2882.801s)
[2023-10-19T09:28:42.577+0000][2882.801s][info ][gc,stringdedup] Concurrent String Deduplication 1384.0B->656.0B(728.0B) avg 54.5% (2882.801s, 2882.801s) 0.382ms
[2023-10-19T09:28:43.577+0000][2883.801s][debug][safepoint     ] Safepoint synchronization initiated. (173 threads)
[2023-10-19T09:28:43.577+0000][2883.801s][info ][safepoint     ] Application time: 1.0007450 seconds
[2023-10-19T09:28:43.578+0000][2883.802s][info ][safepoint     ] Entering safepoint region: Cleanup
[2023-10-19T09:28:43.578+0000][2883.802s][info ][safepoint     ] Leaving safepoint region
[2023-10-19T09:28:43.579+0000][2883.803s][info ][safepoint     ] Total time for which application threads were stopped: 0.0009581 seconds, Stopping threads took: 0.0003592 seconds
[2023-10-19T09:28:44.579+0000][2884.803s][debug][safepoint     ] Safepoint synchronization initiated. (173 threads)
[2023-10-19T09:28:44.581+0000][2884.805s][info ][safepoint     ] Application time: 1.0017396 seconds
[2023-10-19T09:28:44.582+0000][2884.806s][info ][safepoint     ] Entering safepoint region: Cleanup
[2023-10-19T09:28:44.584+0000][2884.807s][info ][safepoint     ] Leaving safepoint region
[2023-10-19T09:28:44.585+0000][2884.808s][info ][safepoint     ] Total time for which application threads were stopped: 0.0026159 seconds, Stopping threads took: 0.0011056 seconds
[2023-10-19T09:28:45.586+0000][2885.810s][debug][safepoint     ] Safepoint synchronization initiated. (173 threads)
[2023-10-19T09:28:45.586+0000][2885.810s][info ][safepoint     ] Application time: 1.0007494 seconds
[2023-10-19T09:28:45.587+0000][2885.811s][info ][safepoint     ] Entering safepoint region: Cleanup
[2023-10-19T09:28:45.587+0000][2885.811s][info ][safepoint     ] Leaving safepoint region
[2023-10-19T09:28:45.588+0000][2885.812s][info ][safepoint     ] Total time for which application threads were stopped: 0.0010400 seconds, Stopping threads took: 0.0004653 seconds
[2023-10-19T09:28:46.588+0000][2886.812s][debug][safepoint     ] Safepoint synchronization initiated. (173 threads)
[2023-10-19T09:28:46.589+0000][2886.813s][info ][safepoint     ] Application time: 1.0007385 seconds
[2023-10-19T09:28:46.589+0000][2886.813s][info ][safepoint     ] Entering safepoint region: Cleanup
[2023-10-19T09:28:46.590+0000][2886.814s][info ][safepoint     ] Leaving safepoint region
[2023-10-19T09:28:46.590+0000][2886.814s][info ][safepoint     ] Total time for which application threads were stopped: 0.0011298 seconds, Stopping threads took: 0.0005492 seconds
[2023-10-19T09:28:47.591+0000][2887.815s][debug][safepoint     ] Safepoint synchronization initiated. (173 threads)
[2023-10-19T09:28:47.593+0000][2887.817s][info ][safepoint     ] Application time: 1.0018018 seconds
[2023-10-19T09:28:47.594+0000][2887.818s][info ][safepoint     ] Entering safepoint region: Cleanup
[2023-10-19T09:28:47.595+0000][2887.819s][info ][safepoint     ] Leaving safepoint region
[2023-10-19T09:28:47.596+0000][2887.820s][info ][safepoint     ] Total time for which application threads were stopped: 0.0020977 seconds, Stopping threads took: 0.0009529 seconds
[2023-10-19T09:28:48.597+0000][2888.821s][debug][safepoint     ] Safepoint synchronization initiated. (173 threads)
[2023-10-19T09:28:48.598+0000][2888.822s][info ][safepoint     ] Application time: 1.0017382 seconds
[2023-10-19T09:28:48.600+0000][2888.823s][info ][safepoint     ] Entering safepoint region: Cleanup
[2023-10-19T09:28:48.601+0000][2888.825s][info ][safepoint     ] Leaving safepoint region
[2023-10-19T09:28:48.602+0000][2888.826s][info ][safepoint     ] Total time for which application threads were stopped: 0.0026118 seconds, Stopping threads took: 0.0012244 seconds
[2023-10-19T09:28:49.603+0000][2889.827s][debug][safepoint     ] Safepoint synchronization initiated. (173 threads)
[2023-10-19T09:28:49.604+0000][2889.828s][info ][safepoint     ] Application time: 1.0013606 seconds
[2023-10-19T09:28:49.606+0000][2889.830s][info ][safepoint     ] Entering safepoint region: Cleanup
[2023-10-19T09:28:49.606+0000][2889.830s][info ][safepoint     ] Leaving safepoint region
[2023-10-19T09:28:49.607+0000][2889.831s][info ][safepoint     ] Total time for which application threads were stopped: 0.0011326 seconds, Stopping threads took: 0.0004974 seconds
[2023-10-19T09:28:50.607+0000][2890.831s][debug][safepoint     ] Safepoint synchronization initiated. (173 threads)
[2023-10-19T09:28:50.608+0000][2890.832s][info ][safepoint     ] Application time: 1.0007091 seconds
[2023-10-19T09:28:50.608+0000][2890.832s][info ][safepoint     ] Entering safepoint region: Cleanup
[2023-10-19T09:28:50.609+0000][2890.833s][info ][safepoint     ] Leaving safepoint region
[2023-10-19T09:28:50.610+0000][2890.833s][info ][safepoint     ] Total time for which application threads were stopped: 0.0010697 seconds, Stopping threads took: 0.0004789 seconds
[2023-10-19T09:28:51.610+0000][2891.834s][debug][safepoint     ] Safepoint synchronization initiated. (173 threads)
[2023-10-19T09:28:51.611+0000][2891.834s][info ][safepoint     ] Application time: 1.0007324 seconds
[2023-10-19T09:28:51.611+0000][2891.835s][info ][safepoint     ] Entering safepoint region: Cleanup
[2023-10-19T09:28:51.612+0000][2891.836s][info ][safepoint     ] Leaving safepoint region
[2023-10-19T09:28:51.612+0000][2891.836s][info ][safepoint     ] Total time for which application threads were stopped: 0.0013991 seconds, Stopping threads took: 0.0004930 seconds
[2023-10-19T09:28:52.614+0000][2892.838s][debug][safepoint     ] Safepoint synchronization initiated. (173 threads)
[2023-10-19T09:28:52.615+0000][2892.839s][info ][safepoint     ] Application time: 1.0017753 seconds
[2023-10-19T09:28:52.615+0000][2892.839s][info ][safepoint     ] Entering safepoint region: Cleanup
[2023-10-19T09:28:52.616+0000][2892.840s][info ][safepoint     ] Leaving safepoint region
[2023-10-19T09:28:52.617+0000][2892.840s][info ][safepoint     ] Total time for which application threads were stopped: 0.0012573 seconds, Stopping threads took: 0.0005200 seconds
[2023-10-19T09:28:53.617+0000][2893.841s][debug][safepoint     ] Safepoint synchronization initiated. (173 threads)
[2023-10-19T09:28:53.618+0000][2893.842s][info ][safepoint     ] Application time: 1.0006716 seconds
[2023-10-19T09:28:53.618+0000][2893.842s][info ][safepoint     ] Entering safepoint region: Cleanup
[2023-10-19T09:28:53.619+0000][2893.843s][info ][safepoint     ] Leaving safepoint region
[2023-10-19T09:28:53.620+0000][2893.844s][info ][safepoint     ] Total time for which application threads were stopped: 0.0015056 seconds, Stopping threads took: 0.0005511 seconds
[2023-10-19T09:28:54.620+0000][2894.844s][debug][safepoint     ] Safepoint synchronization initiated. (173 threads)
[2023-10-19T09:28:54.621+0000][2894.845s][info ][safepoint     ] Application time: 1.0006485 seconds
[2023-10-19T09:28:54.621+0000][2894.845s][info ][safepoint     ] Entering safepoint region: Cleanup
[2023-10-19T09:28:54.622+0000][2894.846s][info ][safepoint     ] Leaving safepoint region
[2023-10-19T09:28:54.622+0000][2894.846s][info ][safepoint     ] Total time for which application threads were stopped: 0.0008785 seconds, Stopping threads took: 0.0003854 seconds
[2023-10-19T09:28:55.623+0000][2895.846s][debug][safepoint     ] Safepoint synchronization initiated. (173 threads)
[2023-10-19T09:28:55.636+0000][2895.860s][info ][safepoint     ] Application time: 1.0132874 seconds
[2023-10-19T09:28:55.647+0000][2895.871s][info ][safepoint     ] Entering safepoint region: Cleanup
[2023-10-19T09:28:55.656+0000][2895.880s][info ][safepoint     ] Leaving safepoint region
[2023-10-19T09:28:55.664+0000][2895.888s][info ][safepoint     ] Total time for which application threads were stopped: 0.0166971 seconds, Stopping threads took: 0.0089530 seconds
[2023-10-19T09:28:56.674+0000][2896.898s][debug][safepoint     ] Safepoint synchronization initiated. (173 threads)
[2023-10-19T09:28:56.674+0000][2896.898s][info ][safepoint     ] Application time: 1.0005808 seconds
[2023-10-19T09:28:56.674+0000][2896.898s][info ][safepoint     ] Entering safepoint region: Cleanup
[2023-10-19T09:28:56.675+0000][2896.899s][info ][safepoint     ] Leaving safepoint region
[2023-10-19T09:28:56.676+0000][2896.899s][info ][safepoint     ] Total time for which application threads were stopped: 0.0011253 seconds, Stopping threads took: 0.0003593 seconds
[2023-10-19T09:28:57.676+0000][2897.900s][debug][safepoint     ] Safepoint synchronization initiated. (173 threads)
[2023-10-19T09:28:57.677+0000][2897.900s][info ][safepoint     ] Application time: 1.0006124 seconds
[2023-10-19T09:28:57.677+0000][2897.901s][info ][safepoint     ] Entering safepoint region: Cleanup
[2023-10-19T09:28:57.678+0000][2897.902s][info ][safepoint     ] Leaving safepoint region
[2023-10-19T09:28:57.678+0000][2897.902s][info ][safepoint     ] Total time for which application threads were stopped: 0.0013752 seconds, Stopping threads took: 0.0005215 seconds
[2023-10-19T09:28:58.679+0000][2898.903s][debug][safepoint     ] Safepoint synchronization initiated. (173 threads)
[2023-10-19T09:28:58.679+0000][2898.903s][info ][safepoint     ] Application time: 1.0007609 seconds
[2023-10-19T09:28:58.680+0000][2898.904s][info ][safepoint     ] Entering safepoint region: Cleanup
[2023-10-19T09:28:58.681+0000][2898.904s][info ][safepoint     ] Leaving safepoint region
[2023-10-19T09:28:58.681+0000][2898.905s][info ][safepoint     ] Total time for which application threads were stopped: 0.0010641 seconds, Stopping threads took: 0.0005016 seconds
[2023-10-19T09:28:59.682+0000][2899.906s][debug][safepoint     ] Safepoint synchronization initiated. (173 threads)
[2023-10-19T09:28:59.682+0000][2899.906s][info ][safepoint     ] Application time: 1.0008183 seconds
[2023-10-19T09:28:59.683+0000][2899.907s][info ][safepoint     ] Entering safepoint region: Cleanup
[2023-10-19T09:28:59.684+0000][2899.908s][info ][safepoint     ] Leaving safepoint region
[2023-10-19T09:28:59.684+0000][2899.908s][info ][safepoint     ] Total time for which application threads were stopped: 0.0013126 seconds, Stopping threads took: 0.0006523 seconds
[2023-10-19T09:29:00.685+0000][2900.909s][debug][safepoint     ] Safepoint synchronization initiated. (173 threads)
[2023-10-19T09:29:00.685+0000][2900.909s][info ][safepoint     ] Application time: 1.0008148 seconds
[2023-10-19T09:29:00.686+0000][2900.910s][info ][safepoint     ] Entering safepoint region: Cleanup
[2023-10-19T09:29:00.687+0000][2900.910s][info ][safepoint     ] Leaving safepoint region
[2023-10-19T09:29:00.687+0000][2900.911s][info ][safepoint     ] Total time for which application threads were stopped: 0.0011839 seconds, Stopping threads took: 0.0005186 seconds
[2023-10-19T09:29:01.688+0000][2901.911s][debug][safepoint     ] Safepoint synchronization initiated. (173 threads)
[2023-10-19T09:29:01.688+0000][2901.912s][info ][safepoint     ] Application time: 1.0005358 seconds
[2023-10-19T09:29:01.688+0000][2901.912s][info ][safepoint     ] Entering safepoint region: Cleanup
[2023-10-19T09:29:01.689+0000][2901.913s][info ][safepoint     ] Leaving safepoint region
[2023-10-19T09:29:01.689+0000][2901.913s][info ][safepoint     ] Total time for which application threads were stopped: 0.0007805 seconds, Stopping threads took: 0.0003183 seconds
[2023-10-19T09:29:02.690+0000][2902.914s][debug][safepoint     ] Safepoint synchronization initiated. (173 threads)
[2023-10-19T09:29:02.690+0000][2902.914s][info ][safepoint     ] Application time: 1.0010474 seconds
[2023-10-19T09:29:02.691+0000][2902.915s][info ][safepoint     ] Entering safepoint region: Cleanup
[2023-10-19T09:29:02.692+0000][2902.916s][info ][safepoint     ] Leaving safepoint region
[2023-10-19T09:29:02.692+0000][2902.916s][info ][safepoint     ] Total time for which application threads were stopped: 0.0012524 seconds, Stopping threads took: 0.0005871 seconds
[2023-10-19T09:29:03.693+0000][2903.917s][debug][safepoint     ] Safepoint synchronization initiated. (173 threads)
[2023-10-19T09:29:03.694+0000][2903.917s][info ][safepoint     ] Application time: 1.0008530 seconds
[2023-10-19T09:29:03.694+0000][2903.918s][info ][safepoint     ] Entering safepoint region: Cleanup
[2023-10-19T09:29:03.695+0000][2903.919s][info ][safepoint     ] Leaving safepoint region
[2023-10-19T09:29:03.695+0000][2903.919s][info ][safepoint     ] Total time for which application threads were stopped: 0.0013371 seconds, Stopping threads took: 0.0005816 seconds
[2023-10-19T09:29:04.696+0000][2904.920s][debug][safepoint     ] Safepoint synchronization initiated. (173 threads)
[2023-10-19T09:29:04.697+0000][2904.921s][info ][safepoint     ] Application time: 1.0008676 seconds
[2023-10-19T09:29:04.697+0000][2904.921s][info ][safepoint     ] Entering safepoint region: Cleanup
[2023-10-19T09:29:04.698+0000][2904.922s][info ][safepoint     ] Leaving safepoint region
[2023-10-19T09:29:04.698+0000][2904.922s][info ][safepoint     ] Total time for which application threads were stopped: 0.0012111 seconds, Stopping threads took: 0.0005980 seconds
[2023-10-19T09:29:05.699+0000][2905.923s][debug][safepoint     ] Safepoint synchronization initiated. (173 threads)
[2023-10-19T09:29:05.700+0000][2905.924s][info ][safepoint     ] Application time: 1.0008400 seconds
[2023-10-19T09:29:05.700+0000][2905.924s][info ][safepoint     ] Entering safepoint region: Cleanup
[2023-10-19T09:29:05.701+0000][2905.925s][info ][safepoint     ] Leaving safepoint region
[2023-10-19T09:29:05.701+0000][2905.925s][info ][safepoint     ] Total time for which application threads were stopped: 0.0011793 seconds, Stopping threads took: 0.0004615 seconds
[2023-10-19T09:29:06.702+0000][2906.926s][debug][safepoint     ] Safepoint synchronization initiated. (173 threads)
[2023-10-19T09:29:06.703+0000][2906.927s][info ][safepoint     ] Application time: 1.0010350 seconds
[2023-10-19T09:29:06.703+0000][2906.927s][info ][safepoint     ] Entering safepoint region: Cleanup
[2023-10-19T09:29:06.704+0000][2906.928s][info ][safepoint     ] Leaving safepoint region
[2023-10-19T09:29:06.705+0000][2906.929s][info ][safepoint     ] Total time for which application threads were stopped: 0.0011843 seconds, Stopping threads took: 0.0006157 seconds
[2023-10-19T09:29:07.705+0000][2907.929s][debug][safepoint     ] Safepoint synchronization initiated. (173 threads)
[2023-10-19T09:29:07.706+0000][2907.930s][info ][safepoint     ] Application time: 1.0008812 seconds
[2023-10-19T09:29:07.707+0000][2907.931s][info ][safepoint     ] Entering safepoint region: Cleanup
[2023-10-19T09:29:07.707+0000][2907.931s][info ][safepoint     ] Leaving safepoint region
[2023-10-19T09:29:07.708+0000][2907.932s][info ][safepoint     ] Total time for which application threads were stopped: 0.0015223 seconds, Stopping threads took: 0.0006629 seconds
[2023-10-19T09:29:08.709+0000][2908.933s][debug][safepoint     ] Safepoint synchronization initiated. (173 threads)
[2023-10-19T09:29:08.710+0000][2908.934s][info ][safepoint     ] Application time: 1.0011662 seconds
[2023-10-19T09:29:08.710+0000][2908.934s][info ][safepoint     ] Entering safepoint region: Cleanup
[2023-10-19T09:29:08.711+0000][2908.935s][info ][safepoint     ] Leaving safepoint region
[2023-10-19T09:29:08.712+0000][2908.936s][info ][safepoint     ] Total time for which application threads were stopped: 0.0011710 seconds, Stopping threads took: 0.0005194 seconds
[2023-10-19T09:29:09.712+0000][2909.936s][debug][safepoint     ] Safepoint synchronization initiated. (173 threads)
[2023-10-19T09:29:09.713+0000][2909.937s][info ][safepoint     ] Application time: 1.0011039 seconds
[2023-10-19T09:29:09.714+0000][2909.938s][info ][safepoint     ] Entering safepoint region: Cleanup
[2023-10-19T09:29:09.715+0000][2909.939s][info ][safepoint     ] Leaving safepoint region
[2023-10-19T09:29:09.715+0000][2909.939s][info ][safepoint     ] Total time for which application threads were stopped: 0.0015327 seconds, Stopping threads took: 0.0007699 seconds
[2023-10-19T09:29:10.716+0000][2910.940s][debug][safepoint     ] Safepoint synchronization initiated. (173 threads)
[2023-10-19T09:29:10.717+0000][2910.941s][info ][safepoint     ] Application time: 1.0008444 seconds
[2023-10-19T09:29:10.717+0000][2910.941s][info ][safepoint     ] Entering safepoint region: Cleanup
[2023-10-19T09:29:10.718+0000][2910.942s][info ][safepoint     ] Leaving safepoint region
[2023-10-19T09:29:10.718+0000][2910.942s][info ][safepoint     ] Total time for which application threads were stopped: 0.0011185 seconds, Stopping threads took: 0.0004654 seconds
[2023-10-19T09:29:11.719+0000][2911.943s][debug][safepoint     ] Safepoint synchronization initiated. (173 threads)
[2023-10-19T09:29:11.720+0000][2911.944s][info ][safepoint     ] Application time: 1.0008536 seconds
[2023-10-19T09:29:11.720+0000][2911.944s][info ][safepoint     ] Entering safepoint region: Cleanup
[2023-10-19T09:29:11.721+0000][2911.945s][info ][safepoint     ] Leaving safepoint region
[2023-10-19T09:29:11.721+0000][2911.945s][info ][safepoint     ] Total time for which application threads were stopped: 0.0012520 seconds, Stopping threads took: 0.0005232 seconds
[2023-10-19T09:29:12.722+0000][2912.946s][debug][safepoint     ] Safepoint synchronization initiated. (173 threads)
[2023-10-19T09:29:12.722+0000][2912.946s][info ][safepoint     ] Application time: 1.0005422 seconds
[2023-10-19T09:29:12.723+0000][2912.947s][info ][safepoint     ] Entering safepoint region: Cleanup
[2023-10-19T09:29:12.723+0000][2912.947s][info ][safepoint     ] Leaving safepoint region
[2023-10-19T09:29:12.724+0000][2912.948s][info ][safepoint     ] Total time for which application threads were stopped: 0.0008823 seconds, Stopping threads took: 0.0003856 seconds
[2023-10-19T09:29:13.724+0000][2913.948s][debug][safepoint     ] Safepoint synchronization initiated. (173 threads)
[2023-10-19T09:29:13.725+0000][2913.949s][info ][safepoint     ] Application time: 1.0010023 seconds
[2023-10-19T09:29:13.726+0000][2913.950s][info ][safepoint     ] Entering safepoint region: Cleanup
[2023-10-19T09:29:13.727+0000][2913.951s][info ][safepoint     ] Leaving safepoint region
[2023-10-19T09:29:13.727+0000][2913.951s][info ][safepoint     ] Total time for which application threads were stopped: 0.0015360 seconds, Stopping threads took: 0.0006924 seconds
[2023-10-19T09:29:14.728+0000][2914.952s][debug][safepoint     ] Safepoint synchronization initiated. (173 threads)
[2023-10-19T09:29:14.729+0000][2914.953s][info ][safepoint     ] Application time: 1.0007817 seconds
[2023-10-19T09:29:14.729+0000][2914.953s][info ][safepoint     ] Entering safepoint region: Cleanup
[2023-10-19T09:29:14.730+0000][2914.954s][info ][safepoint     ] Leaving safepoint region
[2023-10-19T09:29:14.730+0000][2914.954s][info ][safepoint     ] Total time for which application threads were stopped: 0.0013110 seconds, Stopping threads took: 0.0005155 seconds
[2023-10-19T09:29:15.731+0000][2915.955s][debug][safepoint     ] Safepoint synchronization initiated. (173 threads)
[2023-10-19T09:29:15.732+0000][2915.956s][info ][safepoint     ] Application time: 1.0009658 seconds
[2023-10-19T09:29:15.733+0000][2915.957s][info ][safepoint     ] Entering safepoint region: Cleanup
[2023-10-19T09:29:15.734+0000][2915.958s][info ][safepoint     ] Leaving safepoint region
[2023-10-19T09:29:15.734+0000][2915.958s][info ][safepoint     ] Total time for which application threads were stopped: 0.0017167 seconds, Stopping threads took: 0.0007325 seconds
[2023-10-19T09:29:16.735+0000][2916.959s][debug][safepoint     ] Safepoint synchronization initiated. (173 threads)
[2023-10-19T09:29:16.735+0000][2916.959s][info ][safepoint     ] Application time: 1.0005167 seconds
[2023-10-19T09:29:16.736+0000][2916.960s][info ][safepoint     ] Entering safepoint region: Cleanup
[2023-10-19T09:29:16.736+0000][2916.960s][info ][safepoint     ] Leaving safepoint region
[2023-10-19T09:29:16.737+0000][2916.961s][info ][safepoint     ] Total time for which application threads were stopped: 0.0008482 seconds, Stopping threads took: 0.0003423 seconds
[2023-10-19T09:29:17.737+0000][2917.961s][debug][safepoint     ] Safepoint synchronization initiated. (173 threads)
[2023-10-19T09:29:17.738+0000][2917.962s][info ][safepoint     ] Application time: 1.0011265 seconds
[2023-10-19T09:29:17.739+0000][2917.963s][debug][safepoint     ] ... found polling page return exception at pc = 0x00007f0de92ca2ee, stub =0x00007f0de0840600
[2023-10-19T09:29:17.740+0000][2917.964s][debug][safepoint     ] Waiting for 2 thread(s) to block
[2023-10-19T09:29:17.741+0000][2917.965s][info ][safepoint     ] Entering safepoint region: Cleanup
[2023-10-19T09:29:17.742+0000][2917.966s][info ][safepoint     ] Leaving safepoint region
[2023-10-19T09:29:17.742+0000][2917.966s][info ][safepoint     ] Total time for which application threads were stopped: 0.0035855 seconds, Stopping threads took: 0.0026651 seconds
[2023-10-19T09:29:18.743+0000][2918.967s][debug][safepoint     ] Safepoint synchronization initiated. (173 threads)
[2023-10-19T09:29:18.744+0000][2918.968s][info ][safepoint     ] Application time: 1.0014942 seconds
[2023-10-19T09:29:18.745+0000][2918.969s][info ][safepoint     ] Entering safepoint region: Cleanup
[2023-10-19T09:29:18.747+0000][2918.971s][info ][safepoint     ] Leaving safepoint region
[2023-10-19T09:29:18.747+0000][2918.971s][info ][safepoint     ] Total time for which application threads were stopped: 0.0021533 seconds, Stopping threads took: 0.0009875 seconds
[2023-10-19T09:29:19.749+0000][2919.973s][debug][safepoint     ] Safepoint synchronization initiated. (173 threads)
[2023-10-19T09:29:19.749+0000][2919.973s][info ][safepoint     ] Application time: 1.0009921 seconds
[2023-10-19T09:29:19.750+0000][2919.974s][info ][safepoint     ] Entering safepoint region: Cleanup
[2023-10-19T09:29:19.750+0000][2919.974s][info ][safepoint     ] Leaving safepoint region
[2023-10-19T09:29:19.751+0000][2919.975s][info ][safepoint     ] Total time for which application threads were stopped: 0.0009693 seconds, Stopping threads took: 0.0003895 seconds
[2023-10-19T09:29:20.751+0000][2920.975s][debug][safepoint     ] Safepoint synchronization initiated. (173 threads)
[2023-10-19T09:29:20.752+0000][2920.976s][info ][safepoint     ] Application time: 1.0010864 seconds
[2023-10-19T09:29:20.753+0000][2920.977s][info ][safepoint     ] Entering safepoint region: Cleanup
[2023-10-19T09:29:20.754+0000][2920.978s][info ][safepoint     ] Leaving safepoint region
[2023-10-19T09:29:20.755+0000][2920.978s][info ][safepoint     ] Total time for which application threads were stopped: 0.0016105 seconds, Stopping threads took: 0.0007904 seconds
[2023-10-19T09:29:21.755+0000][2921.979s][debug][safepoint     ] Safepoint synchronization initiated. (173 threads)
[2023-10-19T09:29:21.756+0000][2921.980s][info ][safepoint     ] Application time: 1.0006415 seconds
[2023-10-19T09:29:21.756+0000][2921.980s][info ][safepoint     ] Entering safepoint region: Cleanup
[2023-10-19T09:29:21.757+0000][2921.981s][info ][safepoint     ] Leaving safepoint region
[2023-10-19T09:29:21.757+0000][2921.981s][info ][safepoint     ] Total time for which application threads were stopped: 0.0011903 seconds, Stopping threads took: 0.0004819 seconds
[2023-10-19T09:29:22.758+0000][2922.982s][debug][safepoint     ] Safepoint synchronization initiated. (173 threads)
[2023-10-19T09:29:22.759+0000][2922.983s][info ][safepoint     ] Application time: 1.0008559 seconds
[2023-10-19T09:29:22.759+0000][2922.983s][info ][safepoint     ] Entering safepoint region: Cleanup
[2023-10-19T09:29:22.760+0000][2922.984s][info ][safepoint     ] Leaving safepoint region
[2023-10-19T09:29:22.760+0000][2922.984s][info ][safepoint     ] Total time for which application threads were stopped: 0.0011180 seconds, Stopping threads took: 0.0004998 seconds
[2023-10-19T09:29:23.761+0000][2923.985s][debug][safepoint     ] Safepoint synchronization initiated. (173 threads)
[2023-10-19T09:29:23.761+0000][2923.985s][info ][safepoint     ] Application time: 1.0007497 seconds
[2023-10-19T09:29:23.762+0000][2923.986s][info ][safepoint     ] Entering safepoint region: Cleanup
[2023-10-19T09:29:23.763+0000][2923.987s][info ][safepoint     ] Leaving safepoint region
[2023-10-19T09:29:23.763+0000][2923.987s][info ][safepoint     ] Total time for which application threads were stopped: 0.0013032 seconds, Stopping threads took: 0.0005566 seconds
[2023-10-19T09:29:24.764+0000][2924.988s][debug][safepoint     ] Safepoint synchronization initiated. (173 threads)
[2023-10-19T09:29:24.765+0000][2924.989s][info ][safepoint     ] Application time: 1.0012372 seconds
[2023-10-19T09:29:24.766+0000][2924.990s][info ][safepoint     ] Entering safepoint region: Cleanup
[2023-10-19T09:29:24.767+0000][2924.991s][info ][safepoint     ] Leaving safepoint region
[2023-10-19T09:29:24.767+0000][2924.991s][info ][safepoint     ] Total time for which application threads were stopped: 0.0017765 seconds, Stopping threads took: 0.0008339 seconds
[2023-10-19T09:29:25.768+0000][2925.992s][debug][safepoint     ] Safepoint synchronization initiated. (173 threads)
[2023-10-19T09:29:25.769+0000][2925.993s][info ][safepoint     ] Application time: 1.0012271 seconds
[2023-10-19T09:29:25.770+0000][2925.994s][info ][safepoint     ] Entering safepoint region: Cleanup
[2023-10-19T09:29:25.771+0000][2925.995s][info ][safepoint     ] Leaving safepoint region
[2023-10-19T09:29:25.772+0000][2925.996s][info ][safepoint     ] Total time for which application threads were stopped: 0.0022100 seconds, Stopping threads took: 0.0009634 seconds
[2023-10-19T09:29:26.773+0000][2926.997s][debug][safepoint     ] Safepoint synchronization initiated. (173 threads)
[2023-10-19T09:29:26.774+0000][2926.998s][info ][safepoint     ] Application time: 1.0013378 seconds
[2023-10-19T09:29:26.775+0000][2926.999s][info ][safepoint     ] Entering safepoint region: Cleanup
[2023-10-19T09:29:26.777+0000][2927.001s][info ][safepoint     ] Leaving safepoint region
[2023-10-19T09:29:26.778+0000][2927.002s][info ][safepoint     ] Total time for which application threads were stopped: 0.0023725 seconds, Stopping threads took: 0.0010633 seconds
[2023-10-19T09:29:27.779+0000][2928.003s][debug][safepoint     ] Safepoint synchronization initiated. (173 threads)
[2023-10-19T09:29:27.780+0000][2928.004s][info ][safepoint     ] Application time: 1.0010171 seconds
[2023-10-19T09:29:27.780+0000][2928.004s][info ][safepoint     ] Entering safepoint region: Cleanup
[2023-10-19T09:29:27.781+0000][2928.005s][info ][safepoint     ] Leaving safepoint region
[2023-10-19T09:29:27.781+0000][2928.005s][info ][safepoint     ] Total time for which application threads were stopped: 0.0011476 seconds, Stopping threads took: 0.0005214 seconds
[2023-10-19T09:29:28.782+0000][2929.006s][debug][safepoint     ] Safepoint synchronization initiated. (173 threads)
[2023-10-19T09:29:28.782+0000][2929.006s][info ][safepoint     ] Application time: 1.0006611 seconds
[2023-10-19T09:29:28.783+0000][2929.007s][info ][safepoint     ] Entering safepoint region: Cleanup
[2023-10-19T09:29:28.784+0000][2929.008s][info ][safepoint     ] Leaving safepoint region
[2023-10-19T09:29:28.784+0000][2929.008s][info ][safepoint     ] Total time for which application threads were stopped: 0.0012195 seconds, Stopping threads took: 0.0005037 seconds
[2023-10-19T09:29:29.785+0000][2930.009s][debug][safepoint     ] Safepoint synchronization initiated. (173 threads)
[2023-10-19T09:29:29.785+0000][2930.009s][info ][safepoint     ] Application time: 1.0009000 seconds
[2023-10-19T09:29:29.786+0000][2930.010s][info ][safepoint     ] Entering safepoint region: Cleanup
[2023-10-19T09:29:29.787+0000][2930.011s][info ][safepoint     ] Leaving safepoint region
[2023-10-19T09:29:29.787+0000][2930.011s][info ][safepoint     ] Total time for which application threads were stopped: 0.0010917 seconds, Stopping threads took: 0.0005124 seconds
[2023-10-19T09:29:30.788+0000][2931.011s][debug][safepoint     ] Safepoint synchronization initiated. (173 threads)
[2023-10-19T09:29:30.788+0000][2931.012s][info ][safepoint     ] Application time: 1.0006415 seconds
[2023-10-19T09:29:30.788+0000][2931.012s][info ][safepoint     ] Entering safepoint region: Cleanup
[2023-10-19T09:29:30.789+0000][2931.013s][info ][safepoint     ] Leaving safepoint region
[2023-10-19T09:29:30.789+0000][2931.013s][info ][safepoint     ] Total time for which application threads were stopped: 0.0010116 seconds, Stopping threads took: 0.0004150 seconds
[2023-10-19T09:29:31.790+0000][2932.014s][debug][safepoint     ] Safepoint synchronization initiated. (173 threads)
[2023-10-19T09:29:31.790+0000][2932.014s][info ][safepoint     ] Application time: 1.0006184 seconds
[2023-10-19T09:29:31.791+0000][2932.015s][info ][safepoint     ] Entering safepoint region: Cleanup
[2023-10-19T09:29:31.792+0000][2932.015s][info ][safepoint     ] Leaving safepoint region
[2023-10-19T09:29:31.792+0000][2932.016s][info ][safepoint     ] Total time for which application threads were stopped: 0.0010237 seconds, Stopping threads took: 0.0004579 seconds
[2023-10-19T09:29:32.792+0000][2933.017s][debug][safepoint     ] Safepoint synchronization initiated. (173 threads)
[2023-10-19T09:29:32.793+0000][2933.017s][info ][safepoint     ] Application time: 1.0006679 seconds
[2023-10-19T09:29:32.794+0000][2933.018s][info ][safepoint     ] Entering safepoint region: Cleanup
[2023-10-19T09:29:32.794+0000][2933.018s][info ][safepoint     ] Leaving safepoint region
[2023-10-19T09:29:32.794+0000][2933.018s][info ][safepoint     ] Total time for which application threads were stopped: 0.0009321 seconds, Stopping threads took: 0.0004212 seconds
[2023-10-19T09:29:33.795+0000][2934.019s][debug][safepoint     ] Safepoint synchronization initiated. (173 threads)
[2023-10-19T09:29:33.795+0000][2934.019s][info ][safepoint     ] Application time: 1.0006863 seconds
[2023-10-19T09:29:33.796+0000][2934.020s][info ][safepoint     ] Entering safepoint region: Cleanup
[2023-10-19T09:29:33.796+0000][2934.020s][info ][safepoint     ] Leaving safepoint region
[2023-10-19T09:29:33.797+0000][2934.021s][info ][safepoint     ] Total time for which application threads were stopped: 0.0010095 seconds, Stopping threads took: 0.0004129 seconds
[2023-10-19T09:29:34.797+0000][2935.022s][debug][safepoint     ] Safepoint synchronization initiated. (173 threads)
[2023-10-19T09:29:34.798+0000][2935.022s][info ][safepoint     ] Application time: 1.0005769 seconds
[2023-10-19T09:29:34.798+0000][2935.022s][info ][safepoint     ] Entering safepoint region: Cleanup
[2023-10-19T09:29:34.799+0000][2935.023s][info ][safepoint     ] Leaving safepoint region
[2023-10-19T09:29:34.799+0000][2935.023s][info ][safepoint     ] Total time for which application threads were stopped: 0.0009173 seconds, Stopping threads took: 0.0004155 seconds
[2023-10-19T09:29:35.800+0000][2936.024s][debug][safepoint     ] Safepoint synchronization initiated. (173 threads)
[2023-10-19T09:29:35.801+0000][2936.025s][info ][safepoint     ] Application time: 1.0009799 seconds
[2023-10-19T09:29:35.801+0000][2936.025s][info ][safepoint     ] Entering safepoint region: Cleanup
[2023-10-19T09:29:35.802+0000][2936.026s][info ][safepoint     ] Leaving safepoint region
[2023-10-19T09:29:35.803+0000][2936.027s][info ][safepoint     ] Total time for which application threads were stopped: 0.0015896 seconds, Stopping threads took: 0.0007087 seconds
[2023-10-19T09:29:36.804+0000][2937.028s][debug][safepoint     ] Safepoint synchronization initiated. (173 threads)
[2023-10-19T09:29:36.804+0000][2937.028s][info ][safepoint     ] Application time: 1.0008329 seconds
[2023-10-19T09:29:36.805+0000][2937.029s][info ][safepoint     ] Entering safepoint region: Cleanup
[2023-10-19T09:29:36.806+0000][2937.030s][info ][safepoint     ] Leaving safepoint region
[2023-10-19T09:29:36.806+0000][2937.030s][info ][safepoint     ] Total time for which application threads were stopped: 0.0013166 seconds, Stopping threads took: 0.0005718 seconds
[2023-10-19T09:29:37.807+0000][2938.031s][debug][safepoint     ] Safepoint synchronization initiated. (173 threads)
[2023-10-19T09:29:37.808+0000][2938.032s][info ][safepoint     ] Application time: 1.0007224 seconds
[2023-10-19T09:29:37.808+0000][2938.032s][info ][safepoint     ] Entering safepoint region: Cleanup
[2023-10-19T09:29:37.809+0000][2938.033s][info ][safepoint     ] Leaving safepoint region
[2023-10-19T09:29:37.809+0000][2938.033s][info ][safepoint     ] Total time for which application threads were stopped: 0.0013228 seconds, Stopping threads took: 0.0005151 seconds
[2023-10-19T09:29:38.810+0000][2939.034s][debug][safepoint     ] Safepoint synchronization initiated. (173 threads)
[2023-10-19T09:29:38.811+0000][2939.035s][info ][safepoint     ] Application time: 1.0009737 seconds
[2023-10-19T09:29:38.811+0000][2939.035s][info ][safepoint     ] Entering safepoint region: Cleanup
[2023-10-19T09:29:38.812+0000][2939.036s][info ][safepoint     ] Leaving safepoint region
[2023-10-19T09:29:38.812+0000][2939.036s][info ][safepoint     ] Total time for which application threads were stopped: 0.0011236 seconds, Stopping threads took: 0.0004749 seconds
[2023-10-19T09:29:39.813+0000][2940.037s][debug][safepoint     ] Safepoint synchronization initiated. (173 threads)
[2023-10-19T09:29:39.814+0000][2940.038s][info ][safepoint     ] Application time: 1.0012370 seconds
[2023-10-19T09:29:39.815+0000][2940.039s][info ][safepoint     ] Entering safepoint region: Cleanup
[2023-10-19T09:29:39.816+0000][2940.040s][info ][safepoint     ] Leaving safepoint region
[2023-10-19T09:29:39.817+0000][2940.041s][info ][safepoint     ] Total time for which application threads were stopped: 0.0019078 seconds, Stopping threads took: 0.0007278 seconds
[2023-10-19T09:29:40.818+0000][2941.042s][debug][safepoint     ] Safepoint synchronization initiated. (173 threads)
[2023-10-19T09:29:40.818+0000][2941.042s][info ][safepoint     ] Application time: 1.0005983 seconds
[2023-10-19T09:29:40.819+0000][2941.043s][info ][safepoint     ] Entering safepoint region: Cleanup
[2023-10-19T09:29:40.819+0000][2941.043s][info ][safepoint     ] Leaving safepoint region
[2023-10-19T09:29:40.820+0000][2941.044s][info ][safepoint     ] Total time for which application threads were stopped: 0.0011785 seconds, Stopping threads took: 0.0005010 seconds
[2023-10-19T09:29:41.820+0000][2942.044s][debug][safepoint     ] Safepoint synchronization initiated. (173 threads)
[2023-10-19T09:29:41.821+0000][2942.045s][info ][safepoint     ] Application time: 1.0011609 seconds
[2023-10-19T09:29:41.822+0000][2942.046s][info ][safepoint     ] Entering safepoint region: Cleanup
[2023-10-19T09:29:41.823+0000][2942.047s][info ][safepoint     ] Leaving safepoint region
[2023-10-19T09:29:41.824+0000][2942.048s][info ][safepoint     ] Total time for which application threads were stopped: 0.0020044 seconds, Stopping threads took: 0.0008865 seconds
[2023-10-19T09:29:42.825+0000][2943.049s][debug][safepoint     ] Safepoint synchronization initiated. (173 threads)
[2023-10-19T09:29:42.826+0000][2943.050s][info ][safepoint     ] Application time: 1.0014073 seconds
[2023-10-19T09:29:42.827+0000][2943.051s][info ][safepoint     ] Entering safepoint region: Cleanup
[2023-10-19T09:29:42.829+0000][2943.053s][info ][safepoint     ] Leaving safepoint region
[2023-10-19T09:29:42.829+0000][2943.053s][info ][safepoint     ] Total time for which application threads were stopped: 0.0020414 seconds, Stopping threads took: 0.0008799 seconds
[2023-10-19T09:29:43.830+0000][2944.054s][debug][safepoint     ] Safepoint synchronization initiated. (173 threads)
[2023-10-19T09:29:43.831+0000][2944.055s][info ][safepoint     ] Application time: 1.0010539 seconds
[2023-10-19T09:29:43.832+0000][2944.056s][info ][safepoint     ] Entering safepoint region: Cleanup
[2023-10-19T09:29:43.832+0000][2944.056s][info ][safepoint     ] Leaving safepoint region
[2023-10-19T09:29:43.833+0000][2944.057s][info ][safepoint     ] Total time for which application threads were stopped: 0.0010588 seconds, Stopping threads took: 0.0004532 seconds
[2023-10-19T09:29:44.833+0000][2945.057s][debug][safepoint     ] Safepoint synchronization initiated. (173 threads)
[2023-10-19T09:29:44.834+0000][2945.058s][info ][safepoint     ] Application time: 1.0009532 seconds
[2023-10-19T09:29:44.835+0000][2945.059s][info ][safepoint     ] Entering safepoint region: Cleanup
[2023-10-19T09:29:44.835+0000][2945.059s][info ][safepoint     ] Leaving safepoint region
[2023-10-19T09:29:44.836+0000][2945.060s][info ][safepoint     ] Total time for which application threads were stopped: 0.0011932 seconds, Stopping threads took: 0.0005668 seconds
[2023-10-19T09:29:45.837+0000][2946.061s][debug][safepoint     ] Safepoint synchronization initiated. (173 threads)
[2023-10-19T09:29:45.837+0000][2946.061s][info ][safepoint     ] Application time: 1.0009541 seconds
[2023-10-19T09:29:45.838+0000][2946.062s][info ][safepoint     ] Entering safepoint region: Cleanup
[2023-10-19T09:29:45.839+0000][2946.063s][info ][safepoint     ] Leaving safepoint region
[2023-10-19T09:29:45.840+0000][2946.064s][info ][safepoint     ] Total time for which application threads were stopped: 0.0017549 seconds, Stopping threads took: 0.0006547 seconds
[2023-10-19T09:29:46.840+0000][2947.064s][debug][safepoint     ] Safepoint synchronization initiated. (173 threads)
[2023-10-19T09:29:46.841+0000][2947.065s][info ][safepoint     ] Application time: 1.0013089 seconds
[2023-10-19T09:29:46.842+0000][2947.066s][info ][safepoint     ] Entering safepoint region: Cleanup
[2023-10-19T09:29:46.844+0000][2947.068s][info ][safepoint     ] Leaving safepoint region
[2023-10-19T09:29:46.844+0000][2947.068s][info ][safepoint     ] Total time for which application threads were stopped: 0.0020972 seconds, Stopping threads took: 0.0009326 seconds
[2023-10-19T09:29:47.846+0000][2948.070s][debug][safepoint     ] Safepoint synchronization initiated. (173 threads)
[2023-10-19T09:29:47.847+0000][2948.071s][info ][safepoint     ] Application time: 1.0016106 seconds
[2023-10-19T09:29:47.848+0000][2948.072s][info ][safepoint     ] Entering safepoint region: Cleanup
[2023-10-19T09:29:47.849+0000][2948.073s][info ][safepoint     ] Leaving safepoint region
[2023-10-19T09:29:47.850+0000][2948.074s][info ][safepoint     ] Total time for which application threads were stopped: 0.0017448 seconds, Stopping threads took: 0.0006323 seconds
[2023-10-19T09:29:48.850+0000][2949.074s][debug][safepoint     ] Safepoint synchronization initiated. (173 threads)
[2023-10-19T09:29:48.852+0000][2949.076s][info ][safepoint     ] Application time: 1.0015264 seconds
[2023-10-19T09:29:48.853+0000][2949.077s][info ][safepoint     ] Entering safepoint region: Cleanup
[2023-10-19T09:29:48.854+0000][2949.078s][info ][safepoint     ] Leaving safepoint region
[2023-10-19T09:29:48.854+0000][2949.079s][info ][safepoint     ] Total time for which application threads were stopped: 0.0018594 seconds, Stopping threads took: 0.0009249 seconds
[2023-10-19T09:29:49.856+0000][2950.080s][debug][safepoint     ] Safepoint synchronization initiated. (173 threads)
[2023-10-19T09:29:49.856+0000][2950.080s][info ][safepoint     ] Application time: 1.0008538 seconds
[2023-10-19T09:29:49.857+0000][2950.081s][info ][safepoint     ] Entering safepoint region: Cleanup
[2023-10-19T09:29:49.857+0000][2950.081s][info ][safepoint     ] Leaving safepoint region
[2023-10-19T09:29:49.858+0000][2950.082s][info ][safepoint     ] Total time for which application threads were stopped: 0.0011821 seconds, Stopping threads took: 0.0004845 seconds
[2023-10-19T09:29:50.859+0000][2951.083s][debug][safepoint     ] Safepoint synchronization initiated. (173 threads)
[2023-10-19T09:29:50.859+0000][2951.083s][info ][safepoint     ] Application time: 1.0007616 seconds
[2023-10-19T09:29:50.860+0000][2951.084s][info ][safepoint     ] Entering safepoint region: Cleanup
[2023-10-19T09:29:50.860+0000][2951.084s][info ][safepoint     ] Leaving safepoint region
[2023-10-19T09:29:50.861+0000][2951.085s][info ][safepoint     ] Total time for which application threads were stopped: 0.0011708 seconds, Stopping threads took: 0.0004901 seconds
[2023-10-19T09:29:51.861+0000][2952.086s][debug][safepoint     ] Safepoint synchronization initiated. (173 threads)
[2023-10-19T09:29:51.862+0000][2952.086s][info ][safepoint     ] Application time: 1.0011176 seconds
[2023-10-19T09:29:51.863+0000][2952.087s][info ][safepoint     ] Entering safepoint region: Cleanup
[2023-10-19T09:29:51.864+0000][2952.088s][info ][safepoint     ] Leaving safepoint region
[2023-10-19T09:29:51.865+0000][2952.089s][info ][safepoint     ] Total time for which application threads were stopped: 0.0016399 seconds, Stopping threads took: 0.0007376 seconds
[2023-10-19T09:29:52.866+0000][2953.090s][debug][safepoint     ] Safepoint synchronization initiated. (173 threads)
[2023-10-19T09:29:52.866+0000][2953.090s][info ][safepoint     ] Application time: 1.0010508 seconds
[2023-10-19T09:29:52.867+0000][2953.091s][info ][safepoint     ] Entering safepoint region: Cleanup
[2023-10-19T09:29:52.868+0000][2953.092s][info ][safepoint     ] Leaving safepoint region
[2023-10-19T09:29:52.869+0000][2953.093s][info ][safepoint     ] Total time for which application threads were stopped: 0.0016946 seconds, Stopping threads took: 0.0008337 seconds
[2023-10-19T09:29:52.868+0000][2953.092s][debug][safepoint     ] ... found polling page return exception at pc = 0x00007f0de87cbbc4, stub =0x00007f0de0840600
[2023-10-19T09:29:52.868+0000][2953.092s][debug][safepoint     ] ... found polling page return exception at pc = 0x00007f0de87cbbc4, stub =0x00007f0de0840600
[2023-10-19T09:29:52.868+0000][2953.092s][debug][safepoint     ] ... found polling page return exception at pc = 0x00007f0de87cbbc4, stub =0x00007f0de0840600
[2023-10-19T09:29:53.870+0000][2954.094s][debug][safepoint     ] Safepoint synchronization initiated. (173 threads)
[2023-10-19T09:29:53.870+0000][2954.094s][info ][safepoint     ] Application time: 1.0008243 seconds
[2023-10-19T09:29:53.871+0000][2954.095s][info ][safepoint     ] Entering safepoint region: Cleanup
[2023-10-19T09:29:53.871+0000][2954.095s][info ][safepoint     ] Leaving safepoint region
[2023-10-19T09:29:53.872+0000][2954.096s][info ][safepoint     ] Total time for which application threads were stopped: 0.0010030 seconds, Stopping threads took: 0.0004043 seconds
[2023-10-19T09:29:54.872+0000][2955.096s][debug][safepoint     ] Safepoint synchronization initiated. (173 threads)
[2023-10-19T09:29:54.873+0000][2955.097s][info ][safepoint     ] Application time: 1.0011056 seconds
[2023-10-19T09:29:54.874+0000][2955.098s][info ][safepoint     ] Entering safepoint region: Cleanup
[2023-10-19T09:29:54.875+0000][2955.099s][info ][safepoint     ] Leaving safepoint region
[2023-10-19T09:29:54.876+0000][2955.100s][info ][safepoint     ] Total time for which application threads were stopped: 0.0020127 seconds, Stopping threads took: 0.0009193 seconds
[2023-10-19T09:29:55.877+0000][2956.101s][debug][safepoint     ] Safepoint synchronization initiated. (173 threads)
[2023-10-19T09:29:55.878+0000][2956.102s][info ][safepoint     ] Application time: 1.0011065 seconds
[2023-10-19T09:29:55.879+0000][2956.103s][info ][safepoint     ] Entering safepoint region: Cleanup
[2023-10-19T09:29:55.880+0000][2956.104s][info ][safepoint     ] Leaving safepoint region
[2023-10-19T09:29:55.881+0000][2956.105s][info ][safepoint     ] Total time for which application threads were stopped: 0.0017134 seconds, Stopping threads took: 0.0008052 seconds
[2023-10-19T09:29:56.882+0000][2957.106s][debug][safepoint     ] Safepoint synchronization initiated. (173 threads)
[2023-10-19T09:29:56.882+0000][2957.106s][info ][safepoint     ] Application time: 1.0010573 seconds
[2023-10-19T09:29:56.883+0000][2957.107s][info ][safepoint     ] Entering safepoint region: Cleanup
[2023-10-19T09:29:56.883+0000][2957.107s][info ][safepoint     ] Leaving safepoint region
[2023-10-19T09:29:56.884+0000][2957.108s][info ][safepoint     ] Total time for which application threads were stopped: 0.0011948 seconds, Stopping threads took: 0.0004276 seconds
[2023-10-19T09:29:57.884+0000][2958.109s][debug][safepoint     ] Safepoint synchronization initiated. (173 threads)
[2023-10-19T09:29:57.885+0000][2958.109s][info ][safepoint     ] Application time: 1.0005532 seconds
[2023-10-19T09:29:57.885+0000][2958.109s][info ][safepoint     ] Entering safepoint region: Cleanup
[2023-10-19T09:29:57.886+0000][2958.110s][info ][safepoint     ] Leaving safepoint region
[2023-10-19T09:29:57.886+0000][2958.110s][info ][safepoint     ] Total time for which application threads were stopped: 0.0008231 seconds, Stopping threads took: 0.0003499 seconds
[2023-10-19T09:29:58.887+0000][2959.111s][debug][safepoint     ] Safepoint synchronization initiated. (173 threads)
[2023-10-19T09:29:58.888+0000][2959.112s][info ][safepoint     ] Application time: 1.0014880 seconds
[2023-10-19T09:29:58.889+0000][2959.113s][info ][safepoint     ] Entering safepoint region: Cleanup
[2023-10-19T09:29:58.890+0000][2959.114s][info ][safepoint     ] Leaving safepoint region
[2023-10-19T09:29:58.891+0000][2959.115s][info ][safepoint     ] Total time for which application threads were stopped: 0.0023443 seconds, Stopping threads took: 0.0009102 seconds
[2023-10-19T09:29:59.892+0000][2960.116s][debug][safepoint     ] Safepoint synchronization initiated. (173 threads)
[2023-10-19T09:29:59.894+0000][2960.118s][info ][safepoint     ] Application time: 1.0018768 seconds
[2023-10-19T09:29:59.895+0000][2960.119s][info ][safepoint     ] Entering safepoint region: Cleanup
[2023-10-19T09:29:59.897+0000][2960.121s][info ][safepoint     ] Leaving safepoint region
[2023-10-19T09:29:59.898+0000][2960.122s][info ][safepoint     ] Total time for which application threads were stopped: 0.0024572 seconds, Stopping threads took: 0.0010735 seconds
[2023-10-19T09:30:00.899+0000][2961.123s][debug][safepoint     ] Safepoint synchronization initiated. (173 threads)
[2023-10-19T09:30:00.900+0000][2961.124s][info ][safepoint     ] Application time: 1.0016002 seconds
[2023-10-19T09:30:00.901+0000][2961.125s][info ][safepoint     ] Entering safepoint region: Cleanup
[2023-10-19T09:30:00.903+0000][2961.127s][info ][safepoint     ] Leaving safepoint region
[2023-10-19T09:30:00.903+0000][2961.127s][info ][safepoint     ] Total time for which application threads were stopped: 0.0023968 seconds, Stopping threads took: 0.0010219 seconds
[2023-10-19T09:30:01.904+0000][2962.129s][debug][safepoint     ] Safepoint synchronization initiated. (173 threads)
[2023-10-19T09:30:01.906+0000][2962.130s][info ][safepoint     ] Application time: 1.0013438 seconds
[2023-10-19T09:30:01.907+0000][2962.131s][info ][safepoint     ] Entering safepoint region: Cleanup
[2023-10-19T09:30:01.908+0000][2962.132s][info ][safepoint     ] Leaving safepoint region
[2023-10-19T09:30:01.909+0000][2962.133s][info ][safepoint     ] Total time for which application threads were stopped: 0.0022537 seconds, Stopping threads took: 0.0010953 seconds
[2023-10-19T09:30:02.910+0000][2963.134s][debug][safepoint     ] Safepoint synchronization initiated. (173 threads)
[2023-10-19T09:30:02.911+0000][2963.135s][info ][safepoint     ] Application time: 1.0012618 seconds
[2023-10-19T09:30:02.912+0000][2963.136s][info ][safepoint     ] Entering safepoint region: Cleanup
[2023-10-19T09:30:02.913+0000][2963.137s][info ][safepoint     ] Leaving safepoint region
[2023-10-19T09:30:02.913+0000][2963.138s][info ][safepoint     ] Total time for which application threads were stopped: 0.0018383 seconds, Stopping threads took: 0.0007879 seconds
[2023-10-19T09:30:03.914+0000][2964.138s][debug][safepoint     ] Safepoint synchronization initiated. (173 threads)
[2023-10-19T09:30:03.915+0000][2964.139s][info ][safepoint     ] Application time: 1.0010883 seconds
[2023-10-19T09:30:03.916+0000][2964.140s][info ][safepoint     ] Entering safepoint region: Cleanup
[2023-10-19T09:30:03.916+0000][2964.140s][info ][safepoint     ] Leaving safepoint region
[2023-10-19T09:30:03.917+0000][2964.141s][info ][safepoint     ] Total time for which application threads were stopped: 0.0012757 seconds, Stopping threads took: 0.0005504 seconds
[2023-10-19T09:30:04.918+0000][2965.142s][debug][safepoint     ] Safepoint synchronization initiated. (173 threads)
[2023-10-19T09:30:04.918+0000][2965.142s][info ][safepoint     ] Application time: 1.0009263 seconds
[2023-10-19T09:30:04.919+0000][2965.143s][info ][safepoint     ] Entering safepoint region: Cleanup
[2023-10-19T09:30:04.920+0000][2965.144s][info ][safepoint     ] Leaving safepoint region
[2023-10-19T09:30:04.920+0000][2965.144s][info ][safepoint     ] Total time for which application threads were stopped: 0.0012359 seconds, Stopping threads took: 0.0005531 seconds
[2023-10-19T09:30:05.921+0000][2966.145s][debug][safepoint     ] Safepoint synchronization initiated. (173 threads)
[2023-10-19T09:30:05.922+0000][2966.146s][info ][safepoint     ] Application time: 1.0016163 seconds
[2023-10-19T09:30:05.923+0000][2966.147s][info ][safepoint     ] Entering safepoint region: Cleanup
[2023-10-19T09:30:05.925+0000][2966.149s][info ][safepoint     ] Leaving safepoint region
[2023-10-19T09:30:05.926+0000][2966.150s][info ][safepoint     ] Total time for which application threads were stopped: 0.0025187 seconds, Stopping threads took: 0.0011446 seconds
[2023-10-19T09:30:06.927+0000][2967.151s][debug][safepoint     ] Safepoint synchronization initiated. (173 threads)
[2023-10-19T09:30:06.928+0000][2967.152s][info ][safepoint     ] Application time: 1.0015793 seconds
[2023-10-19T09:30:06.929+0000][2967.153s][info ][safepoint     ] Entering safepoint region: Cleanup
[2023-10-19T09:30:06.930+0000][2967.154s][info ][safepoint     ] Leaving safepoint region
[2023-10-19T09:30:06.931+0000][2967.155s][info ][safepoint     ] Total time for which application threads were stopped: 0.0022603 seconds, Stopping threads took: 0.0009519 seconds
[2023-10-19T09:30:07.932+0000][2968.156s][debug][safepoint     ] Safepoint synchronization initiated. (173 threads)
[2023-10-19T09:30:07.934+0000][2968.158s][info ][safepoint     ] Application time: 1.0014020 seconds
[2023-10-19T09:30:07.935+0000][2968.159s][info ][safepoint     ] Entering safepoint region: Cleanup
[2023-10-19T09:30:07.936+0000][2968.160s][info ][safepoint     ] Leaving safepoint region
[2023-10-19T09:30:07.937+0000][2968.161s][info ][safepoint     ] Total time for which application threads were stopped: 0.0022998 seconds, Stopping threads took: 0.0009904 seconds
[2023-10-19T09:30:08.938+0000][2969.162s][debug][safepoint     ] Safepoint synchronization initiated. (173 threads)
[2023-10-19T09:30:08.938+0000][2969.162s][info ][safepoint     ] Application time: 1.0007237 seconds
[2023-10-19T09:30:08.939+0000][2969.163s][info ][safepoint     ] Entering safepoint region: Cleanup
[2023-10-19T09:30:08.939+0000][2969.163s][info ][safepoint     ] Leaving safepoint region
[2023-10-19T09:30:08.940+0000][2969.164s][info ][safepoint     ] Total time for which application threads were stopped: 0.0010230 seconds, Stopping threads took: 0.0004475 seconds
[2023-10-19T09:30:09.940+0000][2970.165s][debug][safepoint     ] Safepoint synchronization initiated. (173 threads)
[2023-10-19T09:30:09.942+0000][2970.166s][info ][safepoint     ] Application time: 1.0015949 seconds
[2023-10-19T09:30:09.943+0000][2970.167s][info ][safepoint     ] Entering safepoint region: Cleanup
[2023-10-19T09:30:09.944+0000][2970.168s][info ][safepoint     ] Leaving safepoint region
[2023-10-19T09:30:09.945+0000][2970.169s][info ][safepoint     ] Total time for which application threads were stopped: 0.0022150 seconds, Stopping threads took: 0.0009323 seconds
[2023-10-19T09:30:10.946+0000][2971.170s][debug][safepoint     ] Safepoint synchronization initiated. (173 threads)
[2023-10-19T09:30:10.947+0000][2971.171s][info ][safepoint     ] Application time: 1.0013003 seconds
[2023-10-19T09:30:10.948+0000][2971.172s][info ][safepoint     ] Entering safepoint region: Cleanup
[2023-10-19T09:30:10.950+0000][2971.174s][info ][safepoint     ] Leaving safepoint region
[2023-10-19T09:30:10.950+0000][2971.174s][info ][safepoint     ] Total time for which application threads were stopped: 0.0023216 seconds, Stopping threads took: 0.0010514 seconds
[2023-10-19T09:30:11.951+0000][2972.175s][debug][safepoint     ] Safepoint synchronization initiated. (173 threads)
[2023-10-19T09:30:11.952+0000][2972.177s][info ][safepoint     ] Application time: 1.0014085 seconds
[2023-10-19T09:30:11.954+0000][2972.178s][info ][safepoint     ] Entering safepoint region: Cleanup
[2023-10-19T09:30:11.955+0000][2972.179s][info ][safepoint     ] Leaving safepoint region
[2023-10-19T09:30:11.956+0000][2972.180s][info ][safepoint     ] Total time for which application threads were stopped: 0.0020496 seconds, Stopping threads took: 0.0007900 seconds
[2023-10-19T09:30:12.957+0000][2973.181s][debug][safepoint     ] Safepoint synchronization initiated. (173 threads)
[2023-10-19T09:30:12.958+0000][2973.182s][info ][safepoint     ] Application time: 1.0011659 seconds
[2023-10-19T09:30:12.958+0000][2973.182s][info ][safepoint     ] Entering safepoint region: Cleanup
[2023-10-19T09:30:12.959+0000][2973.183s][info ][safepoint     ] Leaving safepoint region
[2023-10-19T09:30:12.960+0000][2973.184s][info ][safepoint     ] Total time for which application threads were stopped: 0.0016348 seconds, Stopping threads took: 0.0006976 seconds
[2023-10-19T09:30:13.961+0000][2974.185s][debug][safepoint     ] Safepoint synchronization initiated. (173 threads)
[2023-10-19T09:30:13.961+0000][2974.186s][info ][safepoint     ] Application time: 1.0010287 seconds
[2023-10-19T09:30:13.962+0000][2974.186s][info ][safepoint     ] Entering safepoint region: Cleanup
[2023-10-19T09:30:13.963+0000][2974.187s][info ][safepoint     ] Leaving safepoint region
[2023-10-19T09:30:13.963+0000][2974.187s][info ][safepoint     ] Total time for which application threads were stopped: 0.0012510 seconds, Stopping threads took: 0.0005874 seconds
[2023-10-19T09:30:14.964+0000][2975.188s][debug][safepoint     ] Safepoint synchronization initiated. (173 threads)
[2023-10-19T09:30:14.965+0000][2975.189s][info ][safepoint     ] Application time: 1.0009749 seconds
[2023-10-19T09:30:14.965+0000][2975.190s][info ][safepoint     ] Entering safepoint region: Cleanup
[2023-10-19T09:30:14.966+0000][2975.190s][info ][safepoint     ] Leaving safepoint region
[2023-10-19T09:30:14.967+0000][2975.191s][info ][safepoint     ] Total time for which application threads were stopped: 0.0011951 seconds, Stopping threads took: 0.0005576 seconds
[2023-10-19T09:30:15.967+0000][2976.191s][debug][safepoint     ] Safepoint synchronization initiated. (173 threads)
[2023-10-19T09:30:15.968+0000][2976.192s][info ][safepoint     ] Application time: 1.0008645 seconds
[2023-10-19T09:30:15.968+0000][2976.192s][info ][safepoint     ] Entering safepoint region: Cleanup
[2023-10-19T09:30:15.969+0000][2976.193s][info ][safepoint     ] Leaving safepoint region
[2023-10-19T09:30:15.970+0000][2976.194s][info ][safepoint     ] Total time for which application threads were stopped: 0.0012265 seconds, Stopping threads took: 0.0005015 seconds
[2023-10-19T09:30:16.970+0000][2977.194s][debug][safepoint     ] Safepoint synchronization initiated. (173 threads)
[2023-10-19T09:30:16.971+0000][2977.195s][info ][safepoint     ] Application time: 1.0008197 seconds
[2023-10-19T09:30:16.971+0000][2977.196s][info ][safepoint     ] Entering safepoint region: Cleanup
[2023-10-19T09:30:16.972+0000][2977.196s][info ][safepoint     ] Leaving safepoint region
[2023-10-19T09:30:16.973+0000][2977.197s][info ][safepoint     ] Total time for which application threads were stopped: 0.0012696 seconds, Stopping threads took: 0.0005670 seconds
[2023-10-19T09:30:17.974+0000][2978.198s][debug][safepoint     ] Safepoint synchronization initiated. (173 threads)
[2023-10-19T09:30:17.975+0000][2978.199s][info ][safepoint     ] Application time: 1.0014147 seconds
[2023-10-19T09:30:17.976+0000][2978.200s][info ][safepoint     ] Entering safepoint region: Cleanup
[2023-10-19T09:30:17.977+0000][2978.201s][info ][safepoint     ] Leaving safepoint region
[2023-10-19T09:30:17.977+0000][2978.201s][info ][safepoint     ] Total time for which application threads were stopped: 0.0018313 seconds, Stopping threads took: 0.0008109 seconds
[2023-10-19T09:30:18.978+0000][2979.202s][debug][safepoint     ] Safepoint synchronization initiated. (173 threads)
[2023-10-19T09:30:18.979+0000][2979.203s][info ][safepoint     ] Application time: 1.0006966 seconds
[2023-10-19T09:30:18.979+0000][2979.203s][info ][safepoint     ] Entering safepoint region: Cleanup
[2023-10-19T09:30:18.980+0000][2979.204s][info ][safepoint     ] Leaving safepoint region
[2023-10-19T09:30:18.980+0000][2979.204s][info ][safepoint     ] Total time for which application threads were stopped: 0.0008870 seconds, Stopping threads took: 0.0003535 seconds
[2023-10-19T09:30:19.981+0000][2980.205s][debug][safepoint     ] Safepoint synchronization initiated. (173 threads)
[2023-10-19T09:30:19.981+0000][2980.205s][info ][safepoint     ] Application time: 1.0006667 seconds
[2023-10-19T09:30:19.981+0000][2980.206s][info ][safepoint     ] Entering safepoint region: Cleanup
[2023-10-19T09:30:19.982+0000][2980.206s][info ][safepoint     ] Leaving safepoint region
[2023-10-19T09:30:19.982+0000][2980.206s][info ][safepoint     ] Total time for which application threads were stopped: 0.0009764 seconds, Stopping threads took: 0.0004163 seconds
[2023-10-19T09:30:20.983+0000][2981.207s][debug][safepoint     ] Safepoint synchronization initiated. (173 threads)
[2023-10-19T09:30:20.984+0000][2981.208s][info ][safepoint     ] Application time: 1.0011056 seconds
[2023-10-19T09:30:20.984+0000][2981.209s][info ][safepoint     ] Entering safepoint region: Cleanup
[2023-10-19T09:30:20.985+0000][2981.209s][info ][safepoint     ] Leaving safepoint region
[2023-10-19T09:30:20.986+0000][2981.210s][info ][safepoint     ] Total time for which application threads were stopped: 0.0012713 seconds, Stopping threads took: 0.0005555 seconds
[2023-10-19T09:30:21.986+0000][2982.210s][debug][safepoint     ] Safepoint synchronization initiated. (173 threads)
[2023-10-19T09:30:21.987+0000][2982.211s][info ][safepoint     ] Application time: 1.0005895 seconds
[2023-10-19T09:30:21.987+0000][2982.211s][info ][safepoint     ] Entering safepoint region: Cleanup
[2023-10-19T09:30:21.988+0000][2982.212s][info ][safepoint     ] Leaving safepoint region
[2023-10-19T09:30:21.988+0000][2982.212s][info ][safepoint     ] Total time for which application threads were stopped: 0.0009034 seconds, Stopping threads took: 0.0003929 seconds
[2023-10-19T09:30:22.989+0000][2983.213s][debug][safepoint     ] Safepoint synchronization initiated. (173 threads)
[2023-10-19T09:30:22.989+0000][2983.213s][info ][safepoint     ] Application time: 1.0007455 seconds
[2023-10-19T09:30:22.990+0000][2983.214s][info ][safepoint     ] Entering safepoint region: Cleanup
[2023-10-19T09:30:22.991+0000][2983.215s][info ][safepoint     ] Leaving safepoint region
[2023-10-19T09:30:22.991+0000][2983.215s][info ][safepoint     ] Total time for which application threads were stopped: 0.0012027 seconds, Stopping threads took: 0.0005806 seconds
[2023-10-19T09:30:23.992+0000][2984.216s][debug][safepoint     ] Safepoint synchronization initiated. (173 threads)
[2023-10-19T09:30:23.993+0000][2984.217s][info ][safepoint     ] Application time: 1.0010156 seconds
[2023-10-19T09:30:23.993+0000][2984.217s][info ][safepoint     ] Entering safepoint region: Cleanup
[2023-10-19T09:30:23.994+0000][2984.218s][info ][safepoint     ] Leaving safepoint region
[2023-10-19T09:30:23.995+0000][2984.219s][info ][safepoint     ] Total time for which application threads were stopped: 0.0016942 seconds, Stopping threads took: 0.0007225 seconds
[2023-10-19T09:30:24.996+0000][2985.220s][debug][safepoint     ] Safepoint synchronization initiated. (173 threads)
[2023-10-19T09:30:24.997+0000][2985.221s][info ][safepoint     ] Application time: 1.0015156 seconds
[2023-10-19T09:30:24.998+0000][2985.222s][info ][safepoint     ] Entering safepoint region: Cleanup
[2023-10-19T09:30:25.000+0000][2985.224s][info ][safepoint     ] Leaving safepoint region
[2023-10-19T09:30:25.000+0000][2985.224s][info ][safepoint     ] Total time for which application threads were stopped: 0.0023598 seconds, Stopping threads took: 0.0010396 seconds
[2023-10-19T09:30:26.001+0000][2986.225s][debug][safepoint     ] Safepoint synchronization initiated. (173 threads)
[2023-10-19T09:30:26.002+0000][2986.226s][info ][safepoint     ] Application time: 1.0010767 seconds
[2023-10-19T09:30:26.003+0000][2986.227s][debug][safepoint     ] ... found polling page loop exception at pc = 0x00007f0de931f889, stub =0x00007f0de0843680
[2023-10-19T09:30:26.004+0000][2986.228s][debug][safepoint     ] Waiting for 1 thread(s) to block
[2023-10-19T09:30:26.005+0000][2986.229s][info ][safepoint     ] Entering safepoint region: Cleanup
[2023-10-19T09:30:26.006+0000][2986.230s][info ][safepoint     ] Leaving safepoint region
[2023-10-19T09:30:26.006+0000][2986.230s][info ][safepoint     ] Total time for which application threads were stopped: 0.0033527 seconds, Stopping threads took: 0.0024198 seconds
[2023-10-19T09:30:27.007+0000][2987.232s][debug][safepoint     ] Safepoint synchronization initiated. (173 threads)
[2023-10-19T09:30:27.009+0000][2987.233s][info ][safepoint     ] Application time: 1.0016550 seconds
[2023-10-19T09:30:27.010+0000][2987.234s][info ][safepoint     ] Entering safepoint region: Cleanup
[2023-10-19T09:30:27.011+0000][2987.235s][info ][safepoint     ] Leaving safepoint region
[2023-10-19T09:30:27.012+0000][2987.236s][info ][safepoint     ] Total time for which application threads were stopped: 0.0024663 seconds, Stopping threads took: 0.0010592 seconds
[2023-10-19T09:30:28.013+0000][2988.237s][debug][safepoint     ] Safepoint synchronization initiated. (173 threads)
[2023-10-19T09:30:28.014+0000][2988.238s][info ][safepoint     ] Application time: 1.0010558 seconds
[2023-10-19T09:30:28.015+0000][2988.239s][info ][safepoint     ] Entering safepoint region: Cleanup
[2023-10-19T09:30:28.015+0000][2988.239s][info ][safepoint     ] Leaving safepoint region
[2023-10-19T09:30:28.016+0000][2988.240s][info ][safepoint     ] Total time for which application threads were stopped: 0.0012219 seconds, Stopping threads took: 0.0005767 seconds
[2023-10-19T09:30:29.016+0000][2989.240s][debug][safepoint     ] Safepoint synchronization initiated. (173 threads)
[2023-10-19T09:30:29.017+0000][2989.241s][info ][safepoint     ] Application time: 1.0006633 seconds
[2023-10-19T09:30:29.017+0000][2989.241s][info ][safepoint     ] Entering safepoint region: Cleanup
[2023-10-19T09:30:29.018+0000][2989.242s][info ][safepoint     ] Leaving safepoint region
[2023-10-19T09:30:29.018+0000][2989.242s][info ][safepoint     ] Total time for which application threads were stopped: 0.0009143 seconds, Stopping threads took: 0.0004132 seconds
[2023-10-19T09:30:30.019+0000][2990.243s][debug][safepoint     ] Safepoint synchronization initiated. (173 threads)
[2023-10-19T09:30:30.020+0000][2990.244s][info ][safepoint     ] Application time: 1.0013296 seconds
[2023-10-19T09:30:30.021+0000][2990.245s][info ][safepoint     ] Entering safepoint region: Cleanup
[2023-10-19T09:30:30.022+0000][2990.246s][info ][safepoint     ] Leaving safepoint region
[2023-10-19T09:30:30.023+0000][2990.247s][info ][safepoint     ] Total time for which application threads were stopped: 0.0020370 seconds, Stopping threads took: 0.0008726 seconds
[2023-10-19T09:30:31.024+0000][2991.248s][debug][safepoint     ] Safepoint synchronization initiated. (173 threads)
[2023-10-19T09:30:31.025+0000][2991.249s][info ][safepoint     ] Application time: 1.0015992 seconds
[2023-10-19T09:30:31.026+0000][2991.250s][info ][safepoint     ] Entering safepoint region: Cleanup
[2023-10-19T09:30:31.027+0000][2991.252s][info ][safepoint     ] Leaving safepoint region
[2023-10-19T09:30:31.028+0000][2991.252s][info ][safepoint     ] Total time for which application threads were stopped: 0.0020192 seconds, Stopping threads took: 0.0009146 seconds
[2023-10-19T09:30:32.029+0000][2992.253s][debug][safepoint     ] Safepoint synchronization initiated. (173 threads)
[2023-10-19T09:30:32.030+0000][2992.254s][info ][safepoint     ] Application time: 1.0011405 seconds
[2023-10-19T09:30:32.031+0000][2992.255s][info ][safepoint     ] Entering safepoint region: Cleanup
[2023-10-19T09:30:32.032+0000][2992.256s][info ][safepoint     ] Leaving safepoint region
[2023-10-19T09:30:32.033+0000][2992.257s][info ][safepoint     ] Total time for which application threads were stopped: 0.0019375 seconds, Stopping threads took: 0.0008315 seconds
[2023-10-19T09:30:33.034+0000][2993.258s][debug][safepoint     ] Safepoint synchronization initiated. (173 threads)
[2023-10-19T09:30:33.035+0000][2993.259s][info ][safepoint     ] Application time: 1.0010905 seconds
[2023-10-19T09:30:33.036+0000][2993.260s][info ][safepoint     ] Entering safepoint region: Cleanup
[2023-10-19T09:30:33.037+0000][2993.261s][info ][safepoint     ] Leaving safepoint region
[2023-10-19T09:30:33.037+0000][2993.261s][info ][safepoint     ] Total time for which application threads were stopped: 0.0016591 seconds, Stopping threads took: 0.0007922 seconds
[2023-10-19T09:30:34.038+0000][2994.262s][debug][safepoint     ] Safepoint synchronization initiated. (173 threads)
[2023-10-19T09:30:34.039+0000][2994.263s][info ][safepoint     ] Application time: 1.0008935 seconds
[2023-10-19T09:30:34.039+0000][2994.263s][info ][safepoint     ] Entering safepoint region: Cleanup
[2023-10-19T09:30:34.040+0000][2994.264s][info ][safepoint     ] Leaving safepoint region
[2023-10-19T09:30:34.040+0000][2994.264s][info ][safepoint     ] Total time for which application threads were stopped: 0.0010828 seconds, Stopping threads took: 0.0004634 seconds
[2023-10-19T09:30:35.041+0000][2995.265s][debug][safepoint     ] Safepoint synchronization initiated. (173 threads)
[2023-10-19T09:30:35.042+0000][2995.266s][info ][safepoint     ] Application time: 1.0014399 seconds
[2023-10-19T09:30:35.043+0000][2995.267s][info ][safepoint     ] Entering safepoint region: Cleanup
[2023-10-19T09:30:35.045+0000][2995.269s][info ][safepoint     ] Leaving safepoint region
[2023-10-19T09:30:35.045+0000][2995.269s][info ][safepoint     ] Total time for which application threads were stopped: 0.0022701 seconds, Stopping threads took: 0.0010076 seconds
[2023-10-19T09:30:36.046+0000][2996.270s][debug][safepoint     ] Safepoint synchronization initiated. (173 threads)
[2023-10-19T09:30:36.047+0000][2996.271s][info ][safepoint     ] Application time: 1.0006614 seconds
[2023-10-19T09:30:36.047+0000][2996.271s][info ][safepoint     ] Entering safepoint region: Cleanup
[2023-10-19T09:30:36.048+0000][2996.272s][info ][safepoint     ] Leaving safepoint region
[2023-10-19T09:30:36.048+0000][2996.272s][info ][safepoint     ] Total time for which application threads were stopped: 0.0011409 seconds, Stopping threads took: 0.0004639 seconds
[2023-10-19T09:30:37.049+0000][2997.273s][debug][safepoint     ] Safepoint synchronization initiated. (173 threads)
[2023-10-19T09:30:37.051+0000][2997.275s][info ][safepoint     ] Application time: 1.0017333 seconds
[2023-10-19T09:30:37.052+0000][2997.276s][info ][safepoint     ] Entering safepoint region: Cleanup
[2023-10-19T09:30:37.053+0000][2997.277s][info ][safepoint     ] Leaving safepoint region
[2023-10-19T09:30:37.054+0000][2997.278s][info ][safepoint     ] Total time for which application threads were stopped: 0.0023472 seconds, Stopping threads took: 0.0010536 seconds
[2023-10-19T09:30:38.055+0000][2998.279s][debug][safepoint     ] Safepoint synchronization initiated. (173 threads)
[2023-10-19T09:30:38.056+0000][2998.280s][info ][safepoint     ] Application time: 1.0011727 seconds
[2023-10-19T09:30:38.057+0000][2998.281s][info ][safepoint     ] Entering safepoint region: Cleanup
[2023-10-19T09:30:38.058+0000][2998.282s][info ][safepoint     ] Leaving safepoint region
[2023-10-19T09:30:38.059+0000][2998.283s][info ][safepoint     ] Total time for which application threads were stopped: 0.0017151 seconds, Stopping threads took: 0.0007470 seconds
[2023-10-19T09:30:39.059+0000][2999.283s][debug][safepoint     ] Safepoint synchronization initiated. (173 threads)
[2023-10-19T09:30:39.060+0000][2999.284s][info ][safepoint     ] Application time: 1.0009203 seconds
[2023-10-19T09:30:39.061+0000][2999.285s][info ][safepoint     ] Entering safepoint region: Cleanup
[2023-10-19T09:30:39.062+0000][2999.286s][info ][safepoint     ] Leaving safepoint region
[2023-10-19T09:30:39.062+0000][2999.286s][info ][safepoint     ] Total time for which application threads were stopped: 0.0013487 seconds, Stopping threads took: 0.0007073 seconds
[2023-10-19T09:30:40.063+0000][3000.287s][debug][safepoint     ] Safepoint synchronization initiated. (173 threads)
[2023-10-19T09:30:40.064+0000][3000.288s][info ][safepoint     ] Application time: 1.0011589 seconds
[2023-10-19T09:30:40.064+0000][3000.288s][info ][safepoint     ] Entering safepoint region: Cleanup
[2023-10-19T09:30:40.065+0000][3000.289s][info ][safepoint     ] Leaving safepoint region
[2023-10-19T09:30:40.066+0000][3000.290s][info ][safepoint     ] Total time for which application threads were stopped: 0.0014950 seconds, Stopping threads took: 0.0007282 seconds
[2023-10-19T09:30:41.066+0000][3001.290s][debug][safepoint     ] Safepoint synchronization initiated. (173 threads)
[2023-10-19T09:30:41.067+0000][3001.291s][info ][safepoint     ] Application time: 1.0008274 seconds
[2023-10-19T09:30:41.068+0000][3001.292s][info ][safepoint     ] Entering safepoint region: Cleanup
[2023-10-19T09:30:41.068+0000][3001.292s][info ][safepoint     ] Leaving safepoint region
[2023-10-19T09:30:41.069+0000][3001.293s][info ][safepoint     ] Total time for which application threads were stopped: 0.0011757 seconds, Stopping threads took: 0.0005193 seconds
[2023-10-19T09:30:42.070+0000][3002.294s][debug][safepoint     ] Safepoint synchronization initiated. (173 threads)
[2023-10-19T09:30:42.070+0000][3002.294s][info ][safepoint     ] Application time: 1.0010318 seconds
[2023-10-19T09:30:42.071+0000][3002.295s][info ][safepoint     ] Entering safepoint region: Cleanup
[2023-10-19T09:30:42.072+0000][3002.296s][info ][safepoint     ] Leaving safepoint region
[2023-10-19T09:30:42.072+0000][3002.296s][info ][safepoint     ] Total time for which application threads were stopped: 0.0013447 seconds, Stopping threads took: 0.0005852 seconds
[2023-10-19T09:30:43.073+0000][3003.297s][debug][safepoint     ] Safepoint synchronization initiated. (173 threads)
[2023-10-19T09:30:43.074+0000][3003.298s][info ][safepoint     ] Application time: 1.0012669 seconds
[2023-10-19T09:30:43.075+0000][3003.299s][info ][safepoint     ] Entering safepoint region: Cleanup
[2023-10-19T09:30:43.075+0000][3003.299s][info ][safepoint     ] Leaving safepoint region
[2023-10-19T09:30:43.076+0000][3003.300s][info ][safepoint     ] Total time for which application threads were stopped: 0.0014022 seconds, Stopping threads took: 0.0005123 seconds
[2023-10-19T09:30:44.077+0000][3004.301s][debug][safepoint     ] Safepoint synchronization initiated. (173 threads)
[2023-10-19T09:30:44.077+0000][3004.301s][info ][safepoint     ] Application time: 1.0005946 seconds
[2023-10-19T09:30:44.077+0000][3004.301s][info ][safepoint     ] Entering safepoint region: Cleanup
[2023-10-19T09:30:44.078+0000][3004.302s][info ][safepoint     ] Leaving safepoint region
[2023-10-19T09:30:44.078+0000][3004.302s][info ][safepoint     ] Total time for which application threads were stopped: 0.0009067 seconds, Stopping threads took: 0.0003245 seconds
[2023-10-19T09:30:45.079+0000][3005.303s][debug][safepoint     ] Safepoint synchronization initiated. (173 threads)
[2023-10-19T09:30:45.079+0000][3005.303s][info ][safepoint     ] Application time: 1.0007785 seconds
[2023-10-19T09:30:45.080+0000][3005.304s][info ][safepoint     ] Entering safepoint region: Cleanup
[2023-10-19T09:30:45.081+0000][3005.305s][info ][safepoint     ] Leaving safepoint region
[2023-10-19T09:30:45.081+0000][3005.305s][info ][safepoint     ] Total time for which application threads were stopped: 0.0010638 seconds, Stopping threads took: 0.0004151 seconds
[2023-10-19T09:30:46.082+0000][3006.306s][debug][safepoint     ] Safepoint synchronization initiated. (173 threads)
[2023-10-19T09:30:46.083+0000][3006.307s][info ][safepoint     ] Application time: 1.0013002 seconds
[2023-10-19T09:30:46.084+0000][3006.308s][info ][safepoint     ] Entering safepoint region: Cleanup
[2023-10-19T09:30:46.085+0000][3006.309s][info ][safepoint     ] Leaving safepoint region
[2023-10-19T09:30:46.086+0000][3006.310s][info ][safepoint     ] Total time for which application threads were stopped: 0.0021627 seconds, Stopping threads took: 0.0009433 seconds
[2023-10-19T09:30:47.087+0000][3007.311s][debug][safepoint     ] Safepoint synchronization initiated. (173 threads)
[2023-10-19T09:30:47.087+0000][3007.311s][info ][safepoint     ] Application time: 1.0008906 seconds
[2023-10-19T09:30:47.088+0000][3007.312s][info ][safepoint     ] Entering safepoint region: Cleanup
[2023-10-19T09:30:47.089+0000][3007.313s][info ][safepoint     ] Leaving safepoint region
[2023-10-19T09:30:47.089+0000][3007.313s][info ][safepoint     ] Total time for which application threads were stopped: 0.0011596 seconds, Stopping threads took: 0.0004455 seconds
[2023-10-19T09:30:48.090+0000][3008.314s][debug][safepoint     ] Safepoint synchronization initiated. (173 threads)
[2023-10-19T09:30:48.090+0000][3008.314s][info ][safepoint     ] Application time: 1.0008681 seconds
[2023-10-19T09:30:48.091+0000][3008.315s][info ][safepoint     ] Entering safepoint region: Cleanup
[2023-10-19T09:30:48.091+0000][3008.315s][info ][safepoint     ] Leaving safepoint region
[2023-10-19T09:30:48.092+0000][3008.316s][info ][safepoint     ] Total time for which application threads were stopped: 0.0010447 seconds, Stopping threads took: 0.0003922 seconds
[2023-10-19T09:30:49.093+0000][3009.317s][debug][safepoint     ] Safepoint synchronization initiated. (173 threads)
[2023-10-19T09:30:49.094+0000][3009.318s][info ][safepoint     ] Application time: 1.0013201 seconds
[2023-10-19T09:30:49.094+0000][3009.318s][info ][safepoint     ] Entering safepoint region: Cleanup
[2023-10-19T09:30:49.095+0000][3009.319s][info ][safepoint     ] Leaving safepoint region
[2023-10-19T09:30:49.096+0000][3009.320s][info ][safepoint     ] Total time for which application threads were stopped: 0.0012446 seconds, Stopping threads took: 0.0005543 seconds
[2023-10-19T09:30:50.096+0000][3010.320s][debug][safepoint     ] Safepoint synchronization initiated. (173 threads)
[2023-10-19T09:30:50.097+0000][3010.321s][info ][safepoint     ] Application time: 1.0012440 seconds
[2023-10-19T09:30:50.098+0000][3010.322s][info ][safepoint     ] Entering safepoint region: Cleanup
[2023-10-19T09:30:50.099+0000][3010.323s][info ][safepoint     ] Leaving safepoint region
[2023-10-19T09:30:50.100+0000][3010.324s][info ][safepoint     ] Total time for which application threads were stopped: 0.0021341 seconds, Stopping threads took: 0.0008352 seconds
[2023-10-19T09:30:51.101+0000][3011.325s][debug][safepoint     ] Safepoint synchronization initiated. (173 threads)
[2023-10-19T09:30:51.102+0000][3011.326s][info ][safepoint     ] Application time: 1.0016257 seconds
[2023-10-19T09:30:51.104+0000][3011.328s][info ][safepoint     ] Entering safepoint region: Cleanup
[2023-10-19T09:30:51.105+0000][3011.329s][info ][safepoint     ] Leaving safepoint region
[2023-10-19T09:30:51.106+0000][3011.330s][info ][safepoint     ] Total time for which application threads were stopped: 0.0026479 seconds, Stopping threads took: 0.0011182 seconds
[2023-10-19T09:30:52.108+0000][3012.332s][debug][safepoint     ] Safepoint synchronization initiated. (173 threads)
[2023-10-19T09:30:52.109+0000][3012.333s][info ][safepoint     ] Application time: 1.0017833 seconds
[2023-10-19T09:30:52.110+0000][3012.334s][info ][safepoint     ] Entering safepoint region: Cleanup
[2023-10-19T09:30:52.111+0000][3012.336s][info ][safepoint     ] Leaving safepoint region
[2023-10-19T09:30:52.113+0000][3012.337s][info ][safepoint     ] Total time for which application threads were stopped: 0.0025312 seconds, Stopping threads took: 0.0011248 seconds
[2023-10-19T09:30:53.114+0000][3013.338s][debug][safepoint     ] Safepoint synchronization initiated. (173 threads)
[2023-10-19T09:30:53.115+0000][3013.339s][info ][safepoint     ] Application time: 1.0013754 seconds
[2023-10-19T09:30:53.116+0000][3013.340s][info ][safepoint     ] Entering safepoint region: Cleanup
[2023-10-19T09:30:53.117+0000][3013.341s][info ][safepoint     ] Leaving safepoint region
[2023-10-19T09:30:53.117+0000][3013.341s][info ][safepoint     ] Total time for which application threads were stopped: 0.0017875 seconds, Stopping threads took: 0.0008380 seconds
[2023-10-19T09:30:54.118+0000][3014.342s][debug][safepoint     ] Safepoint synchronization initiated. (173 threads)
[2023-10-19T09:30:54.119+0000][3014.343s][info ][safepoint     ] Application time: 1.0013460 seconds
[2023-10-19T09:30:54.120+0000][3014.344s][info ][safepoint     ] Entering safepoint region: Cleanup
[2023-10-19T09:30:54.122+0000][3014.346s][info ][safepoint     ] Leaving safepoint region
[2023-10-19T09:30:54.123+0000][3014.347s][info ][safepoint     ] Total time for which application threads were stopped: 0.0021923 seconds, Stopping threads took: 0.0009024 seconds
[2023-10-19T09:30:55.124+0000][3015.348s][debug][safepoint     ] Safepoint synchronization initiated. (173 threads)
[2023-10-19T09:30:55.125+0000][3015.349s][info ][safepoint     ] Application time: 1.0016688 seconds
[2023-10-19T09:30:55.126+0000][3015.350s][info ][safepoint     ] Entering safepoint region: Cleanup
[2023-10-19T09:30:55.128+0000][3015.352s][info ][safepoint     ] Leaving safepoint region
[2023-10-19T09:30:55.129+0000][3015.353s][info ][safepoint     ] Total time for which application threads were stopped: 0.0024390 seconds, Stopping threads took: 0.0010862 seconds
[2023-10-19T09:30:56.130+0000][3016.354s][debug][safepoint     ] Safepoint synchronization initiated. (173 threads)
[2023-10-19T09:30:56.131+0000][3016.355s][info ][safepoint     ] Application time: 1.0014642 seconds
[2023-10-19T09:30:56.132+0000][3016.356s][info ][safepoint     ] Entering safepoint region: Cleanup
[2023-10-19T09:30:56.134+0000][3016.358s][info ][safepoint     ] Leaving safepoint region
[2023-10-19T09:30:56.135+0000][3016.359s][info ][safepoint     ] Total time for which application threads were stopped: 0.0026545 seconds, Stopping threads took: 0.0011150 seconds
[2023-10-19T09:30:57.136+0000][3017.360s][debug][safepoint     ] Safepoint synchronization initiated. (173 threads)
[2023-10-19T09:30:57.137+0000][3017.361s][info ][safepoint     ] Application time: 1.0014853 seconds
[2023-10-19T09:30:57.138+0000][3017.362s][info ][safepoint     ] Entering safepoint region: Cleanup
[2023-10-19T09:30:57.140+0000][3017.364s][info ][safepoint     ] Leaving safepoint region
[2023-10-19T09:30:57.141+0000][3017.365s][info ][safepoint     ] Total time for which application threads were stopped: 0.0024712 seconds, Stopping threads took: 0.0011135 seconds
[2023-10-19T09:30:58.142+0000][3018.366s][debug][safepoint     ] Safepoint synchronization initiated. (173 threads)
[2023-10-19T09:30:58.143+0000][3018.367s][info ][safepoint     ] Application time: 1.0015660 seconds
[2023-10-19T09:30:58.144+0000][3018.368s][info ][safepoint     ] Entering safepoint region: Cleanup
[2023-10-19T09:30:58.146+0000][3018.370s][info ][safepoint     ] Leaving safepoint region
[2023-10-19T09:30:58.147+0000][3018.371s][info ][safepoint     ] Total time for which application threads were stopped: 0.0025055 seconds, Stopping threads took: 0.0011547 seconds
[2023-10-19T09:30:59.148+0000][3019.372s][debug][safepoint     ] Safepoint synchronization initiated. (173 threads)
[2023-10-19T09:30:59.149+0000][3019.373s][info ][safepoint     ] Application time: 1.0013843 seconds
[2023-10-19T09:30:59.150+0000][3019.374s][info ][safepoint     ] Entering safepoint region: Cleanup
[2023-10-19T09:30:59.151+0000][3019.375s][info ][safepoint     ] Leaving safepoint region
[2023-10-19T09:30:59.151+0000][3019.375s][info ][safepoint     ] Total time for which application threads were stopped: 0.0017771 seconds, Stopping threads took: 0.0007745 seconds
[2023-10-19T09:31:00.152+0000][3020.376s][debug][safepoint     ] Safepoint synchronization initiated. (173 threads)
[2023-10-19T09:31:00.154+0000][3020.378s][info ][safepoint     ] Application time: 1.0015432 seconds
[2023-10-19T09:31:00.155+0000][3020.379s][info ][safepoint     ] Entering safepoint region: Cleanup
[2023-10-19T09:31:00.156+0000][3020.380s][info ][safepoint     ] Leaving safepoint region
[2023-10-19T09:31:00.157+0000][3020.381s][info ][safepoint     ] Total time for which application threads were stopped: 0.0021849 seconds, Stopping threads took: 0.0009611 seconds
[2023-10-19T09:31:01.158+0000][3021.382s][debug][safepoint     ] Safepoint synchronization initiated. (173 threads)
[2023-10-19T09:31:01.159+0000][3021.383s][info ][safepoint     ] Application time: 1.0015584 seconds
[2023-10-19T09:31:01.160+0000][3021.384s][info ][safepoint     ] Entering safepoint region: Cleanup
[2023-10-19T09:31:01.162+0000][3021.386s][info ][safepoint     ] Leaving safepoint region
[2023-10-19T09:31:01.163+0000][3021.387s][info ][safepoint     ] Total time for which application threads were stopped: 0.0026169 seconds, Stopping threads took: 0.0011388 seconds
[2023-10-19T09:31:02.164+0000][3022.388s][debug][safepoint     ] Safepoint synchronization initiated. (173 threads)
[2023-10-19T09:31:02.165+0000][3022.389s][info ][safepoint     ] Application time: 1.0015149 seconds
[2023-10-19T09:31:02.167+0000][3022.391s][info ][safepoint     ] Entering safepoint region: Cleanup
[2023-10-19T09:31:02.168+0000][3022.392s][info ][safepoint     ] Leaving safepoint region
[2023-10-19T09:31:02.169+0000][3022.393s][info ][safepoint     ] Total time for which application threads were stopped: 0.0026807 seconds, Stopping threads took: 0.0011409 seconds
[2023-10-19T09:31:03.171+0000][3023.395s][debug][safepoint     ] Safepoint synchronization initiated. (173 threads)
[2023-10-19T09:31:03.171+0000][3023.395s][info ][safepoint     ] Application time: 1.0012000 seconds
[2023-10-19T09:31:03.172+0000][3023.396s][info ][safepoint     ] Entering safepoint region: Cleanup
[2023-10-19T09:31:03.173+0000][3023.397s][info ][safepoint     ] Leaving safepoint region
[2023-10-19T09:31:03.174+0000][3023.398s][info ][safepoint     ] Total time for which application threads were stopped: 0.0017715 seconds, Stopping threads took: 0.0008112 seconds
[2023-10-19T09:31:04.175+0000][3024.399s][debug][safepoint     ] Safepoint synchronization initiated. (173 threads)
[2023-10-19T09:31:04.176+0000][3024.400s][info ][safepoint     ] Application time: 1.0013179 seconds
[2023-10-19T09:31:04.177+0000][3024.401s][info ][safepoint     ] Entering safepoint region: Cleanup
[2023-10-19T09:31:04.178+0000][3024.402s][info ][safepoint     ] Leaving safepoint region
[2023-10-19T09:31:04.179+0000][3024.403s][info ][safepoint     ] Total time for which application threads were stopped: 0.0023670 seconds, Stopping threads took: 0.0009805 seconds
[2023-10-19T09:31:05.180+0000][3025.404s][debug][safepoint     ] Safepoint synchronization initiated. (173 threads)
[2023-10-19T09:31:05.181+0000][3025.405s][info ][safepoint     ] Application time: 1.0016560 seconds
[2023-10-19T09:31:05.182+0000][3025.406s][info ][safepoint     ] Entering safepoint region: Cleanup
[2023-10-19T09:31:05.184+0000][3025.408s][info ][safepoint     ] Leaving safepoint region
[2023-10-19T09:31:05.185+0000][3025.409s][info ][safepoint     ] Total time for which application threads were stopped: 0.0026772 seconds, Stopping threads took: 0.0011240 seconds
[2023-10-19T09:31:06.186+0000][3026.410s][debug][safepoint     ] Safepoint synchronization initiated. (173 threads)
[2023-10-19T09:31:06.187+0000][3026.411s][info ][safepoint     ] Application time: 1.0014521 seconds
[2023-10-19T09:31:06.188+0000][3026.412s][info ][safepoint     ] Entering safepoint region: Cleanup
[2023-10-19T09:31:06.190+0000][3026.414s][info ][safepoint     ] Leaving safepoint region
[2023-10-19T09:31:06.191+0000][3026.415s][info ][safepoint     ] Total time for which application threads were stopped: 0.0025089 seconds, Stopping threads took: 0.0010145 seconds
[2023-10-19T09:31:07.192+0000][3027.416s][debug][safepoint     ] Safepoint synchronization initiated. (173 threads)
[2023-10-19T09:31:07.193+0000][3027.417s][info ][safepoint     ] Application time: 1.0010696 seconds
[2023-10-19T09:31:07.194+0000][3027.418s][info ][safepoint     ] Entering safepoint region: Cleanup
[2023-10-19T09:31:07.194+0000][3027.418s][info ][safepoint     ] Leaving safepoint region
[2023-10-19T09:31:07.195+0000][3027.419s][info ][safepoint     ] Total time for which application threads were stopped: 0.0014748 seconds, Stopping threads took: 0.0007136 seconds
[2023-10-19T09:31:08.196+0000][3028.420s][debug][safepoint     ] Safepoint synchronization initiated. (173 threads)
[2023-10-19T09:31:08.196+0000][3028.420s][info ][safepoint     ] Application time: 1.0005227 seconds
[2023-10-19T09:31:08.196+0000][3028.420s][info ][safepoint     ] Entering safepoint region: Cleanup
[2023-10-19T09:31:08.197+0000][3028.421s][info ][safepoint     ] Leaving safepoint region
[2023-10-19T09:31:08.197+0000][3028.421s][info ][safepoint     ] Total time for which application threads were stopped: 0.0008086 seconds, Stopping threads took: 0.0003283 seconds
[2023-10-19T09:31:09.198+0000][3029.422s][debug][safepoint     ] Safepoint synchronization initiated. (173 threads)
[2023-10-19T09:31:09.199+0000][3029.423s][info ][safepoint     ] Application time: 1.0017362 seconds
[2023-10-19T09:31:09.200+0000][3029.424s][info ][safepoint     ] Entering safepoint region: Cleanup
[2023-10-19T09:31:09.202+0000][3029.426s][info ][safepoint     ] Leaving safepoint region
[2023-10-19T09:31:09.203+0000][3029.427s][info ][safepoint     ] Total time for which application threads were stopped: 0.0026061 seconds, Stopping threads took: 0.0012610 seconds
[2023-10-19T09:31:10.204+0000][3030.428s][debug][safepoint     ] Safepoint synchronization initiated. (173 threads)
[2023-10-19T09:31:10.205+0000][3030.429s][info ][safepoint     ] Application time: 1.0017838 seconds
[2023-10-19T09:31:10.207+0000][3030.431s][info ][safepoint     ] Entering safepoint region: Cleanup
[2023-10-19T09:31:10.208+0000][3030.432s][info ][safepoint     ] Leaving safepoint region
[2023-10-19T09:31:10.209+0000][3030.433s][info ][safepoint     ] Total time for which application threads were stopped: 0.0024146 seconds, Stopping threads took: 0.0010018 seconds
[2023-10-19T09:31:11.210+0000][3031.434s][debug][safepoint     ] Safepoint synchronization initiated. (173 threads)
[2023-10-19T09:31:11.210+0000][3031.434s][info ][safepoint     ] Application time: 1.0006390 seconds
[2023-10-19T09:31:11.211+0000][3031.435s][info ][safepoint     ] Entering safepoint region: Cleanup
[2023-10-19T09:31:11.211+0000][3031.435s][info ][safepoint     ] Leaving safepoint region
[2023-10-19T09:31:11.212+0000][3031.436s][info ][safepoint     ] Total time for which application threads were stopped: 0.0010467 seconds, Stopping threads took: 0.0004427 seconds
[2023-10-19T09:31:12.212+0000][3032.436s][debug][safepoint     ] Safepoint synchronization initiated. (173 threads)
[2023-10-19T09:31:12.213+0000][3032.437s][info ][safepoint     ] Application time: 1.0009600 seconds
[2023-10-19T09:31:12.214+0000][3032.438s][info ][safepoint     ] Entering safepoint region: Cleanup
[2023-10-19T09:31:12.214+0000][3032.438s][info ][safepoint     ] Leaving safepoint region
[2023-10-19T09:31:12.215+0000][3032.439s][info ][safepoint     ] Total time for which application threads were stopped: 0.0011916 seconds, Stopping threads took: 0.0005006 seconds
[2023-10-19T09:31:13.216+0000][3033.440s][debug][safepoint     ] Safepoint synchronization initiated. (173 threads)
[2023-10-19T09:31:13.217+0000][3033.441s][info ][safepoint     ] Application time: 1.0010048 seconds
[2023-10-19T09:31:13.217+0000][3033.441s][info ][safepoint     ] Entering safepoint region: Cleanup
[2023-10-19T09:31:13.218+0000][3033.442s][info ][safepoint     ] Leaving safepoint region
[2023-10-19T09:31:13.219+0000][3033.443s][info ][safepoint     ] Total time for which application threads were stopped: 0.0014254 seconds, Stopping threads took: 0.0005961 seconds
[2023-10-19T09:31:13.850+0000][3034.074s][debug][safepoint     ] Safepoint synchronization initiated. (173 threads)
[2023-10-19T09:31:13.852+0000][3034.076s][info ][safepoint     ] Application time: 0.6325656 seconds
[2023-10-19T09:31:13.853+0000][3034.077s][info ][safepoint     ] Entering safepoint region: G1CollectForAllocation
[2023-10-19T09:31:13.854+0000][3034.078s][info ][gc,start      ] GC(89) Pause Young (Normal) (G1 Evacuation Pause)
[2023-10-19T09:31:13.855+0000][3034.079s][info ][gc,task       ] GC(89) Using 8 workers of 8 for evacuation
[2023-10-19T09:31:13.862+0000][3034.086s][info ][gc,phases     ] GC(89)   Pre Evacuate Collection Set: 0.1ms
[2023-10-19T09:31:13.863+0000][3034.087s][info ][gc,phases     ] GC(89)   Evacuate Collection Set: 3.2ms
[2023-10-19T09:31:13.863+0000][3034.087s][info ][gc,phases     ] GC(89)   Post Evacuate Collection Set: 2.4ms
[2023-10-19T09:31:13.864+0000][3034.088s][info ][gc,phases     ] GC(89)   Other: 2.0ms
[2023-10-19T09:31:13.864+0000][3034.088s][info ][gc,heap       ] GC(89) Eden regions: 134->0(136)
[2023-10-19T09:31:13.864+0000][3034.088s][info ][gc,heap       ] GC(89) Survivor regions: 1->1(17)
[2023-10-19T09:31:13.865+0000][3034.089s][info ][gc,heap       ] GC(89) Old regions: 131->131
[2023-10-19T09:31:13.865+0000][3034.089s][info ][gc,heap       ] GC(89) Humongous regions: 25->25
[2023-10-19T09:31:13.865+0000][3034.089s][info ][gc,metaspace  ] GC(89) Metaspace: 160619K(167632K)->160619K(167632K) NonClass: 142037K(146640K)->142037K(146640K) Class: 18581K(20992K)->18581K(20992K)
[2023-10-19T09:31:13.866+0000][3034.090s][info ][gc            ] GC(89) Pause Young (Normal) (G1 Evacuation Pause) 289M->155M(350M) 11.537ms
[2023-10-19T09:31:13.866+0000][3034.090s][info ][gc,cpu        ] GC(89) User=0.04s Sys=0.00s Real=0.01s
[2023-10-19T09:31:13.867+0000][3034.091s][info ][safepoint     ] Leaving safepoint region
[2023-10-19T09:31:13.867+0000][3034.091s][info ][safepoint     ] Total time for which application threads were stopped: 0.0142270 seconds, Stopping threads took: 0.0011739 seconds
[2023-10-19T09:31:13.867+0000][3034.091s][info ][gc,stringdedup] Concurrent String Deduplication (3034.091s)
[2023-10-19T09:31:13.868+0000][3034.092s][info ][gc,stringdedup] Concurrent String Deduplication 120.0B->40.0B(80.0B) avg 54.5% (3034.091s, 3034.092s) 0.382ms
[2023-10-19T09:31:14.868+0000][3035.092s][debug][safepoint     ] Safepoint synchronization initiated. (173 threads)
[2023-10-19T09:31:14.868+0000][3035.092s][info ][safepoint     ] Application time: 1.0010315 seconds
[2023-10-19T09:31:14.869+0000][3035.093s][info ][safepoint     ] Entering safepoint region: Cleanup
[2023-10-19T09:31:14.869+0000][3035.093s][info ][safepoint     ] Leaving safepoint region
[2023-10-19T09:31:14.870+0000][3035.094s][info ][safepoint     ] Total time for which application threads were stopped: 0.0011828 seconds, Stopping threads took: 0.0004373 seconds
[2023-10-19T09:31:15.871+0000][3036.095s][debug][safepoint     ] Safepoint synchronization initiated. (173 threads)
[2023-10-19T09:31:15.872+0000][3036.096s][info ][safepoint     ] Application time: 1.0012867 seconds
[2023-10-19T09:31:15.873+0000][3036.097s][info ][safepoint     ] Entering safepoint region: Cleanup
[2023-10-19T09:31:15.874+0000][3036.098s][info ][safepoint     ] Leaving safepoint region
[2023-10-19T09:31:15.875+0000][3036.099s][info ][safepoint     ] Total time for which application threads were stopped: 0.0018767 seconds, Stopping threads took: 0.0008360 seconds
[2023-10-19T09:31:16.875+0000][3037.099s][debug][safepoint     ] Safepoint synchronization initiated. (173 threads)
[2023-10-19T09:31:16.877+0000][3037.101s][info ][safepoint     ] Application time: 1.0014193 seconds
[2023-10-19T09:31:16.878+0000][3037.102s][info ][safepoint     ] Entering safepoint region: Cleanup
[2023-10-19T09:31:16.879+0000][3037.103s][info ][safepoint     ] Leaving safepoint region
[2023-10-19T09:31:16.880+0000][3037.104s][info ][safepoint     ] Total time for which application threads were stopped: 0.0023855 seconds, Stopping threads took: 0.0011328 seconds
[2023-10-19T09:31:17.881+0000][3038.105s][debug][safepoint     ] Safepoint synchronization initiated. (173 threads)
[2023-10-19T09:31:17.882+0000][3038.106s][info ][safepoint     ] Application time: 1.0014328 seconds
[2023-10-19T09:31:17.884+0000][3038.108s][info ][safepoint     ] Entering safepoint region: Cleanup
[2023-10-19T09:31:17.885+0000][3038.109s][info ][safepoint     ] Leaving safepoint region
[2023-10-19T09:31:17.886+0000][3038.110s][info ][safepoint     ] Total time for which application threads were stopped: 0.0024080 seconds, Stopping threads took: 0.0013045 seconds
[2023-10-19T09:31:18.887+0000][3039.111s][debug][safepoint     ] Safepoint synchronization initiated. (173 threads)
[2023-10-19T09:31:18.888+0000][3039.112s][info ][safepoint     ] Application time: 1.0010588 seconds
[2023-10-19T09:31:18.889+0000][3039.113s][info ][safepoint     ] Entering safepoint region: Cleanup
[2023-10-19T09:31:18.890+0000][3039.114s][info ][safepoint     ] Leaving safepoint region
[2023-10-19T09:31:18.890+0000][3039.114s][info ][safepoint     ] Total time for which application threads were stopped: 0.0014016 seconds, Stopping threads took: 0.0006856 seconds
[2023-10-19T09:31:19.891+0000][3040.115s][debug][safepoint     ] Safepoint synchronization initiated. (173 threads)
[2023-10-19T09:31:19.891+0000][3040.115s][info ][safepoint     ] Application time: 1.0006462 seconds
[2023-10-19T09:31:19.891+0000][3040.115s][info ][safepoint     ] Entering safepoint region: Cleanup
[2023-10-19T09:31:19.892+0000][3040.116s][info ][safepoint     ] Leaving safepoint region
[2023-10-19T09:31:19.892+0000][3040.116s][info ][safepoint     ] Total time for which application threads were stopped: 0.0007487 seconds, Stopping threads took: 0.0003259 seconds
[2023-10-19T09:31:20.893+0000][3041.117s][debug][safepoint     ] Safepoint synchronization initiated. (173 threads)
[2023-10-19T09:31:20.893+0000][3041.117s][info ][safepoint     ] Application time: 1.0005406 seconds
[2023-10-19T09:31:20.893+0000][3041.117s][info ][safepoint     ] Entering safepoint region: Cleanup
[2023-10-19T09:31:20.894+0000][3041.118s][info ][safepoint     ] Leaving safepoint region
[2023-10-19T09:31:20.894+0000][3041.118s][info ][safepoint     ] Total time for which application threads were stopped: 0.0008146 seconds, Stopping threads took: 0.0003630 seconds
[2023-10-19T09:31:21.895+0000][3042.119s][debug][safepoint     ] Safepoint synchronization initiated. (173 threads)
[2023-10-19T09:31:21.895+0000][3042.119s][info ][safepoint     ] Application time: 1.0010960 seconds
[2023-10-19T09:31:21.896+0000][3042.120s][info ][safepoint     ] Entering safepoint region: Cleanup
[2023-10-19T09:31:21.897+0000][3042.121s][info ][safepoint     ] Leaving safepoint region
[2023-10-19T09:31:21.898+0000][3042.122s][info ][safepoint     ] Total time for which application threads were stopped: 0.0017037 seconds, Stopping threads took: 0.0007545 seconds
[2023-10-19T09:31:22.899+0000][3043.123s][debug][safepoint     ] Safepoint synchronization initiated. (173 threads)
[2023-10-19T09:31:22.899+0000][3043.123s][info ][safepoint     ] Application time: 1.0006309 seconds
[2023-10-19T09:31:22.900+0000][3043.124s][info ][safepoint     ] Entering safepoint region: Cleanup
[2023-10-19T09:31:22.900+0000][3043.124s][info ][safepoint     ] Leaving safepoint region
[2023-10-19T09:31:22.901+0000][3043.125s][info ][safepoint     ] Total time for which application threads were stopped: 0.0009905 seconds, Stopping threads took: 0.0004477 seconds
[2023-10-19T09:31:23.901+0000][3044.125s][debug][safepoint     ] Safepoint synchronization initiated. (173 threads)
[2023-10-19T09:31:23.901+0000][3044.125s][info ][safepoint     ] Application time: 1.0004708 seconds
[2023-10-19T09:31:23.902+0000][3044.126s][info ][safepoint     ] Entering safepoint region: Cleanup
[2023-10-19T09:31:23.902+0000][3044.126s][info ][safepoint     ] Leaving safepoint region
[2023-10-19T09:31:23.903+0000][3044.127s][info ][safepoint     ] Total time for which application threads were stopped: 0.0010387 seconds, Stopping threads took: 0.0003840 seconds
[2023-10-19T09:31:24.903+0000][3045.127s][debug][safepoint     ] Safepoint synchronization initiated. (173 threads)
[2023-10-19T09:31:24.904+0000][3045.128s][info ][safepoint     ] Application time: 1.0008227 seconds
[2023-10-19T09:31:24.904+0000][3045.128s][info ][safepoint     ] Entering safepoint region: Cleanup
[2023-10-19T09:31:24.905+0000][3045.129s][info ][safepoint     ] Leaving safepoint region
[2023-10-19T09:31:24.906+0000][3045.130s][info ][safepoint     ] Total time for which application threads were stopped: 0.0012563 seconds, Stopping threads took: 0.0005147 seconds
[2023-10-19T09:31:25.906+0000][3046.130s][debug][safepoint     ] Safepoint synchronization initiated. (173 threads)
[2023-10-19T09:31:25.907+0000][3046.131s][info ][safepoint     ] Application time: 1.0007370 seconds
[2023-10-19T09:31:25.907+0000][3046.131s][info ][safepoint     ] Entering safepoint region: Cleanup
[2023-10-19T09:31:25.908+0000][3046.132s][info ][safepoint     ] Leaving safepoint region
[2023-10-19T09:31:25.908+0000][3046.132s][info ][safepoint     ] Total time for which application threads were stopped: 0.0009421 seconds, Stopping threads took: 0.0004358 seconds
[2023-10-19T09:31:26.909+0000][3047.133s][debug][safepoint     ] Safepoint synchronization initiated. (173 threads)
[2023-10-19T09:31:26.910+0000][3047.134s][info ][safepoint     ] Application time: 1.0014936 seconds
[2023-10-19T09:31:26.911+0000][3047.135s][info ][safepoint     ] Entering safepoint region: Cleanup
[2023-10-19T09:31:26.913+0000][3047.137s][info ][safepoint     ] Leaving safepoint region
[2023-10-19T09:31:26.913+0000][3047.137s][info ][safepoint     ] Total time for which application threads were stopped: 0.0022044 seconds, Stopping threads took: 0.0011460 seconds
[2023-10-19T09:31:27.914+0000][3048.138s][debug][safepoint     ] Safepoint synchronization initiated. (173 threads)
[2023-10-19T09:31:27.915+0000][3048.139s][info ][safepoint     ] Application time: 1.0010784 seconds
[2023-10-19T09:31:27.916+0000][3048.140s][info ][safepoint     ] Entering safepoint region: Cleanup
[2023-10-19T09:31:27.917+0000][3048.141s][info ][safepoint     ] Leaving safepoint region
[2023-10-19T09:31:27.918+0000][3048.142s][info ][safepoint     ] Total time for which application threads were stopped: 0.0017339 seconds, Stopping threads took: 0.0007977 seconds
[2023-10-19T09:31:28.919+0000][3049.143s][debug][safepoint     ] Safepoint synchronization initiated. (173 threads)
[2023-10-19T09:31:28.920+0000][3049.144s][info ][safepoint     ] Application time: 1.0014249 seconds
[2023-10-19T09:31:28.921+0000][3049.145s][info ][safepoint     ] Entering safepoint region: Cleanup
[2023-10-19T09:31:28.922+0000][3049.146s][info ][safepoint     ] Leaving safepoint region
[2023-10-19T09:31:28.923+0000][3049.147s][info ][safepoint     ] Total time for which application threads were stopped: 0.0021196 seconds, Stopping threads took: 0.0009747 seconds
[2023-10-19T09:31:29.924+0000][3050.148s][debug][safepoint     ] Safepoint synchronization initiated. (173 threads)
[2023-10-19T09:31:29.925+0000][3050.149s][info ][safepoint     ] Application time: 1.0014817 seconds
[2023-10-19T09:31:29.927+0000][3050.151s][info ][safepoint     ] Entering safepoint region: Cleanup
[2023-10-19T09:31:29.928+0000][3050.152s][info ][safepoint     ] Leaving safepoint region
[2023-10-19T09:31:29.929+0000][3050.153s][info ][safepoint     ] Total time for which application threads were stopped: 0.0025143 seconds, Stopping threads took: 0.0011615 seconds
[2023-10-19T09:31:29.928+0000][3050.152s][debug][safepoint     ] ... found polling page loop exception at pc = 0x00007f0de89fdd42, stub =0x00007f0de0843680
[2023-10-19T09:31:29.928+0000][3050.152s][debug][safepoint     ] ... found polling page return exception at pc = 0x00007f0de87cbbc4, stub =0x00007f0de0840600
[2023-10-19T09:31:29.928+0000][3050.152s][debug][safepoint     ] ... found polling page return exception at pc = 0x00007f0de87cbbc4, stub =0x00007f0de0840600
[2023-10-19T09:31:30.930+0000][3051.154s][debug][safepoint     ] Safepoint synchronization initiated. (173 threads)
[2023-10-19T09:31:30.931+0000][3051.155s][info ][safepoint     ] Application time: 1.0010812 seconds
[2023-10-19T09:31:30.932+0000][3051.156s][info ][safepoint     ] Entering safepoint region: Cleanup
[2023-10-19T09:31:30.933+0000][3051.157s][info ][safepoint     ] Leaving safepoint region
[2023-10-19T09:31:30.933+0000][3051.157s][info ][safepoint     ] Total time for which application threads were stopped: 0.0014272 seconds, Stopping threads took: 0.0007018 seconds
[2023-10-19T09:31:31.934+0000][3052.158s][debug][safepoint     ] Safepoint synchronization initiated. (173 threads)
[2023-10-19T09:31:31.934+0000][3052.158s][info ][safepoint     ] Application time: 1.0005879 seconds
[2023-10-19T09:31:31.935+0000][3052.159s][info ][safepoint     ] Entering safepoint region: Cleanup
[2023-10-19T09:31:31.935+0000][3052.159s][info ][safepoint     ] Leaving safepoint region
[2023-10-19T09:31:31.936+0000][3052.160s][info ][safepoint     ] Total time for which application threads were stopped: 0.0008799 seconds, Stopping threads took: 0.0003924 seconds
[2023-10-19T09:31:32.936+0000][3053.160s][debug][safepoint     ] Safepoint synchronization initiated. (173 threads)
[2023-10-19T09:31:32.937+0000][3053.161s][info ][safepoint     ] Application time: 1.0013670 seconds
[2023-10-19T09:31:32.938+0000][3053.162s][info ][safepoint     ] Entering safepoint region: Cleanup
[2023-10-19T09:31:32.940+0000][3053.164s][info ][safepoint     ] Leaving safepoint region
[2023-10-19T09:31:32.941+0000][3053.165s][info ][safepoint     ] Total time for which application threads were stopped: 0.0027286 seconds, Stopping threads took: 0.0012135 seconds
[2023-10-19T09:31:33.942+0000][3054.166s][debug][safepoint     ] Safepoint synchronization initiated. (173 threads)
[2023-10-19T09:31:33.943+0000][3054.167s][info ][safepoint     ] Application time: 1.0012862 seconds
[2023-10-19T09:31:33.944+0000][3054.168s][info ][safepoint     ] Entering safepoint region: Cleanup
[2023-10-19T09:31:33.946+0000][3054.170s][info ][safepoint     ] Leaving safepoint region
[2023-10-19T09:31:33.946+0000][3054.170s][info ][safepoint     ] Total time for which application threads were stopped: 0.0022003 seconds, Stopping threads took: 0.0009279 seconds
[2023-10-19T09:31:34.948+0000][3055.171s][debug][safepoint     ] Safepoint synchronization initiated. (173 threads)
[2023-10-19T09:31:34.949+0000][3055.172s][info ][safepoint     ] Application time: 1.0012814 seconds
[2023-10-19T09:31:34.949+0000][3055.173s][info ][safepoint     ] Entering safepoint region: Cleanup
[2023-10-19T09:31:34.950+0000][3055.174s][info ][safepoint     ] Leaving safepoint region
[2023-10-19T09:31:34.951+0000][3055.174s][info ][safepoint     ] Total time for which application threads were stopped: 0.0012997 seconds, Stopping threads took: 0.0006297 seconds
[2023-10-19T09:31:35.951+0000][3056.175s][debug][safepoint     ] Safepoint synchronization initiated. (173 threads)
[2023-10-19T09:31:35.953+0000][3056.177s][info ][safepoint     ] Application time: 1.0015740 seconds
[2023-10-19T09:31:35.954+0000][3056.178s][info ][safepoint     ] Entering safepoint region: Cleanup
[2023-10-19T09:31:35.955+0000][3056.179s][info ][safepoint     ] Leaving safepoint region
[2023-10-19T09:31:35.957+0000][3056.181s][info ][safepoint     ] Total time for which application threads were stopped: 0.0028971 seconds, Stopping threads took: 0.0013788 seconds
[2023-10-19T09:31:36.958+0000][3057.182s][debug][safepoint     ] Safepoint synchronization initiated. (173 threads)
[2023-10-19T09:31:36.958+0000][3057.182s][info ][safepoint     ] Application time: 1.0007174 seconds
[2023-10-19T09:31:36.959+0000][3057.183s][info ][safepoint     ] Entering safepoint region: Cleanup
[2023-10-19T09:31:36.959+0000][3057.183s][info ][safepoint     ] Leaving safepoint region
[2023-10-19T09:31:36.959+0000][3057.183s][info ][safepoint     ] Total time for which application threads were stopped: 0.0008255 seconds, Stopping threads took: 0.0003274 seconds
[2023-10-19T09:31:37.960+0000][3058.184s][debug][safepoint     ] Safepoint synchronization initiated. (173 threads)
[2023-10-19T09:31:37.961+0000][3058.185s][info ][safepoint     ] Application time: 1.0013848 seconds
[2023-10-19T09:31:37.962+0000][3058.186s][info ][safepoint     ] Entering safepoint region: Cleanup
[2023-10-19T09:31:37.964+0000][3058.188s][info ][safepoint     ] Leaving safepoint region
[2023-10-19T09:31:37.965+0000][3058.188s][info ][safepoint     ] Total time for which application threads were stopped: 0.0021006 seconds, Stopping threads took: 0.0010899 seconds
[2023-10-19T09:31:38.965+0000][3059.189s][debug][safepoint     ] Safepoint synchronization initiated. (173 threads)
[2023-10-19T09:31:38.967+0000][3059.190s][info ][safepoint     ] Application time: 1.0013709 seconds
[2023-10-19T09:31:38.968+0000][3059.192s][info ][safepoint     ] Entering safepoint region: Cleanup
[2023-10-19T09:31:38.969+0000][3059.193s][info ][safepoint     ] Leaving safepoint region
[2023-10-19T09:31:38.970+0000][3059.194s][info ][safepoint     ] Total time for which application threads were stopped: 0.0022501 seconds, Stopping threads took: 0.0008856 seconds
[2023-10-19T09:31:39.971+0000][3060.195s][debug][safepoint     ] Safepoint synchronization initiated. (173 threads)
[2023-10-19T09:31:39.972+0000][3060.196s][info ][safepoint     ] Application time: 1.0017638 seconds
[2023-10-19T09:31:39.973+0000][3060.197s][info ][safepoint     ] Entering safepoint region: Cleanup
[2023-10-19T09:31:39.975+0000][3060.199s][info ][safepoint     ] Leaving safepoint region
[2023-10-19T09:31:39.976+0000][3060.200s][info ][safepoint     ] Total time for which application threads were stopped: 0.0023772 seconds, Stopping threads took: 0.0011361 seconds
[2023-10-19T09:31:40.977+0000][3061.201s][debug][safepoint     ] Safepoint synchronization initiated. (173 threads)
[2023-10-19T09:31:40.978+0000][3061.202s][info ][safepoint     ] Application time: 1.0011023 seconds
[2023-10-19T09:31:40.978+0000][3061.202s][info ][safepoint     ] Entering safepoint region: Cleanup
[2023-10-19T09:31:40.979+0000][3061.203s][info ][safepoint     ] Leaving safepoint region
[2023-10-19T09:31:40.980+0000][3061.204s][info ][safepoint     ] Total time for which application threads were stopped: 0.0017980 seconds, Stopping threads took: 0.0007757 seconds
[2023-10-19T09:31:41.981+0000][3062.205s][debug][safepoint     ] Safepoint synchronization initiated. (173 threads)
[2023-10-19T09:31:41.982+0000][3062.206s][info ][safepoint     ] Application time: 1.0014629 seconds
[2023-10-19T09:31:41.983+0000][3062.207s][info ][safepoint     ] Entering safepoint region: Cleanup
[2023-10-19T09:31:41.985+0000][3062.209s][info ][safepoint     ] Leaving safepoint region
[2023-10-19T09:31:41.985+0000][3062.209s][info ][safepoint     ] Total time for which application threads were stopped: 0.0021825 seconds, Stopping threads took: 0.0009301 seconds
[2023-10-19T09:31:42.986+0000][3063.210s][debug][safepoint     ] Safepoint synchronization initiated. (173 threads)
[2023-10-19T09:31:42.987+0000][3063.211s][info ][safepoint     ] Application time: 1.0009505 seconds
[2023-10-19T09:31:42.988+0000][3063.212s][info ][safepoint     ] Entering safepoint region: Cleanup
[2023-10-19T09:31:42.988+0000][3063.212s][info ][safepoint     ] Leaving safepoint region
[2023-10-19T09:31:42.989+0000][3063.213s][info ][safepoint     ] Total time for which application threads were stopped: 0.0011238 seconds, Stopping threads took: 0.0005208 seconds
[2023-10-19T09:31:42.988+0000][3063.212s][debug][safepoint     ] ... found polling page return exception at pc = 0x00007f0de87cbbc4, stub =0x00007f0de0840600
[2023-10-19T09:31:42.988+0000][3063.212s][debug][safepoint     ] ... found polling page return exception at pc = 0x00007f0de87cbbc4, stub =0x00007f0de0840600
[2023-10-19T09:31:43.990+0000][3064.214s][debug][safepoint     ] Safepoint synchronization initiated. (173 threads)
[2023-10-19T09:31:43.991+0000][3064.215s][info ][safepoint     ] Application time: 1.0014328 seconds
[2023-10-19T09:31:43.992+0000][3064.216s][info ][safepoint     ] Entering safepoint region: Cleanup
[2023-10-19T09:31:43.993+0000][3064.217s][info ][safepoint     ] Leaving safepoint region
[2023-10-19T09:31:43.994+0000][3064.218s][info ][safepoint     ] Total time for which application threads were stopped: 0.0019841 seconds, Stopping threads took: 0.0009237 seconds
[2023-10-19T09:31:44.994+0000][3065.218s][debug][safepoint     ] Safepoint synchronization initiated. (173 threads)
[2023-10-19T09:31:44.996+0000][3065.220s][info ][safepoint     ] Application time: 1.0014166 seconds
[2023-10-19T09:31:44.997+0000][3065.221s][info ][safepoint     ] Entering safepoint region: Cleanup
[2023-10-19T09:31:44.998+0000][3065.222s][info ][safepoint     ] Leaving safepoint region
[2023-10-19T09:31:44.999+0000][3065.223s][info ][safepoint     ] Total time for which application threads were stopped: 0.0020755 seconds, Stopping threads took: 0.0010143 seconds
[2023-10-19T09:31:46.000+0000][3066.224s][debug][safepoint     ] Safepoint synchronization initiated. (173 threads)
[2023-10-19T09:31:46.000+0000][3066.224s][info ][safepoint     ] Application time: 1.0006611 seconds
[2023-10-19T09:31:46.001+0000][3066.225s][debug][safepoint     ] ... found polling page return exception at pc = 0x00007f0de93048be, stub =0x00007f0de0840600
[2023-10-19T09:31:46.001+0000][3066.225s][debug][safepoint     ] Waiting for 1 thread(s) to block
[2023-10-19T09:31:46.002+0000][3066.225s][info ][safepoint     ] Entering safepoint region: Cleanup
[2023-10-19T09:31:46.002+0000][3066.226s][info ][safepoint     ] Leaving safepoint region
[2023-10-19T09:31:46.003+0000][3066.226s][info ][safepoint     ] Total time for which application threads were stopped: 0.0018976 seconds, Stopping threads took: 0.0012726 seconds
[2023-10-19T09:31:47.003+0000][3067.227s][debug][safepoint     ] Safepoint synchronization initiated. (173 threads)
[2023-10-19T09:31:47.004+0000][3067.228s][info ][safepoint     ] Application time: 1.0008805 seconds
[2023-10-19T09:31:47.004+0000][3067.228s][info ][safepoint     ] Entering safepoint region: Cleanup
[2023-10-19T09:31:47.005+0000][3067.229s][info ][safepoint     ] Leaving safepoint region
[2023-10-19T09:31:47.006+0000][3067.230s][info ][safepoint     ] Total time for which application threads were stopped: 0.0011733 seconds, Stopping threads took: 0.0004300 seconds
[2023-10-19T09:31:48.006+0000][3068.230s][debug][safepoint     ] Safepoint synchronization initiated. (173 threads)
[2023-10-19T09:31:48.007+0000][3068.231s][info ][safepoint     ] Application time: 1.0012719 seconds
[2023-10-19T09:31:48.008+0000][3068.232s][info ][safepoint     ] Entering safepoint region: Cleanup
[2023-10-19T09:31:48.009+0000][3068.233s][info ][safepoint     ] Leaving safepoint region
[2023-10-19T09:31:48.010+0000][3068.234s][info ][safepoint     ] Total time for which application threads were stopped: 0.0016252 seconds, Stopping threads took: 0.0007772 seconds
[2023-10-19T09:31:48.009+0000][3068.233s][debug][safepoint     ] ... found polling page return exception at pc = 0x00007f0de87cbbc4, stub =0x00007f0de0840600
[2023-10-19T09:31:49.011+0000][3069.235s][debug][safepoint     ] Safepoint synchronization initiated. (173 threads)
[2023-10-19T09:31:49.011+0000][3069.235s][info ][safepoint     ] Application time: 1.0008051 seconds
[2023-10-19T09:31:49.012+0000][3069.236s][info ][safepoint     ] Entering safepoint region: Cleanup
[2023-10-19T09:31:49.012+0000][3069.236s][info ][safepoint     ] Leaving safepoint region
[2023-10-19T09:31:49.012+0000][3069.236s][info ][safepoint     ] Total time for which application threads were stopped: 0.0008495 seconds, Stopping threads took: 0.0004110 seconds
[2023-10-19T09:31:50.013+0000][3070.237s][debug][safepoint     ] Safepoint synchronization initiated. (173 threads)
[2023-10-19T09:31:50.013+0000][3070.237s][info ][safepoint     ] Application time: 1.0006518 seconds
[2023-10-19T09:31:50.014+0000][3070.238s][info ][safepoint     ] Entering safepoint region: Cleanup
[2023-10-19T09:31:50.014+0000][3070.238s][info ][safepoint     ] Leaving safepoint region
[2023-10-19T09:31:50.015+0000][3070.239s][info ][safepoint     ] Total time for which application threads were stopped: 0.0010862 seconds, Stopping threads took: 0.0005311 seconds
[2023-10-19T09:31:51.015+0000][3071.239s][debug][safepoint     ] Safepoint synchronization initiated. (173 threads)
[2023-10-19T09:31:51.016+0000][3071.240s][info ][safepoint     ] Application time: 1.0006448 seconds
[2023-10-19T09:31:51.016+0000][3071.240s][info ][safepoint     ] Entering safepoint region: Cleanup
[2023-10-19T09:31:51.017+0000][3071.241s][info ][safepoint     ] Leaving safepoint region
[2023-10-19T09:31:51.017+0000][3071.241s][info ][safepoint     ] Total time for which application threads were stopped: 0.0011348 seconds, Stopping threads took: 0.0004795 seconds
[2023-10-19T09:31:52.018+0000][3072.242s][debug][safepoint     ] Safepoint synchronization initiated. (173 threads)
[2023-10-19T09:31:52.019+0000][3072.243s][info ][safepoint     ] Application time: 1.0012690 seconds
[2023-10-19T09:31:52.020+0000][3072.244s][info ][safepoint     ] Entering safepoint region: Cleanup
[2023-10-19T09:31:52.021+0000][3072.245s][info ][safepoint     ] Leaving safepoint region
[2023-10-19T09:31:52.022+0000][3072.246s][info ][safepoint     ] Total time for which application threads were stopped: 0.0018904 seconds, Stopping threads took: 0.0008702 seconds
[2023-10-19T09:31:53.023+0000][3073.247s][debug][safepoint     ] Safepoint synchronization initiated. (173 threads)
[2023-10-19T09:31:53.024+0000][3073.248s][info ][safepoint     ] Application time: 1.0013491 seconds
[2023-10-19T09:31:53.025+0000][3073.249s][info ][safepoint     ] Entering safepoint region: Cleanup
[2023-10-19T09:31:53.027+0000][3073.250s][info ][safepoint     ] Leaving safepoint region
[2023-10-19T09:31:53.027+0000][3073.251s][info ][safepoint     ] Total time for which application threads were stopped: 0.0021641 seconds, Stopping threads took: 0.0009254 seconds
[2023-10-19T09:31:54.028+0000][3074.252s][debug][safepoint     ] Safepoint synchronization initiated. (173 threads)
[2023-10-19T09:31:54.029+0000][3074.253s][info ][safepoint     ] Application time: 1.0008571 seconds
[2023-10-19T09:31:54.029+0000][3074.253s][info ][safepoint     ] Entering safepoint region: Cleanup
[2023-10-19T09:31:54.030+0000][3074.254s][info ][safepoint     ] Leaving safepoint region
[2023-10-19T09:31:54.030+0000][3074.254s][info ][safepoint     ] Total time for which application threads were stopped: 0.0009963 seconds, Stopping threads took: 0.0004414 seconds
[2023-10-19T09:31:55.031+0000][3075.255s][debug][safepoint     ] Safepoint synchronization initiated. (173 threads)
[2023-10-19T09:31:55.032+0000][3075.256s][info ][safepoint     ] Application time: 1.0010442 seconds
[2023-10-19T09:31:55.032+0000][3075.256s][info ][safepoint     ] Entering safepoint region: Cleanup
[2023-10-19T09:31:55.033+0000][3075.257s][info ][safepoint     ] Leaving safepoint region
[2023-10-19T09:31:55.033+0000][3075.257s][info ][safepoint     ] Total time for which application threads were stopped: 0.0011100 seconds, Stopping threads took: 0.0004554 seconds
[2023-10-19T09:31:56.034+0000][3076.258s][debug][safepoint     ] Safepoint synchronization initiated. (173 threads)
[2023-10-19T09:31:56.035+0000][3076.259s][info ][safepoint     ] Application time: 1.0009472 seconds
[2023-10-19T09:31:56.035+0000][3076.259s][info ][safepoint     ] Entering safepoint region: Cleanup
[2023-10-19T09:31:56.036+0000][3076.260s][info ][safepoint     ] Leaving safepoint region
[2023-10-19T09:31:56.037+0000][3076.261s][info ][safepoint     ] Total time for which application threads were stopped: 0.0013239 seconds, Stopping threads took: 0.0005733 seconds
[2023-10-19T09:31:57.037+0000][3077.261s][debug][safepoint     ] Safepoint synchronization initiated. (173 threads)
[2023-10-19T09:31:57.038+0000][3077.262s][info ][safepoint     ] Application time: 1.0009791 seconds
[2023-10-19T09:31:57.039+0000][3077.263s][info ][safepoint     ] Entering safepoint region: Cleanup
[2023-10-19T09:31:57.040+0000][3077.264s][info ][safepoint     ] Leaving safepoint region
[2023-10-19T09:31:57.040+0000][3077.264s][info ][safepoint     ] Total time for which application threads were stopped: 0.0013485 seconds, Stopping threads took: 0.0005689 seconds
[2023-10-19T09:31:58.041+0000][3078.265s][debug][safepoint     ] Safepoint synchronization initiated. (173 threads)
[2023-10-19T09:31:58.042+0000][3078.266s][info ][safepoint     ] Application time: 1.0016032 seconds
[2023-10-19T09:31:58.043+0000][3078.267s][info ][safepoint     ] Entering safepoint region: Cleanup
[2023-10-19T09:31:58.045+0000][3078.269s][info ][safepoint     ] Leaving safepoint region
[2023-10-19T09:31:58.046+0000][3078.270s][info ][safepoint     ] Total time for which application threads were stopped: 0.0027514 seconds, Stopping threads took: 0.0013320 seconds
[2023-10-19T09:31:59.047+0000][3079.271s][debug][safepoint     ] Safepoint synchronization initiated. (173 threads)
[2023-10-19T09:31:59.048+0000][3079.272s][info ][safepoint     ] Application time: 1.0012909 seconds
[2023-10-19T09:31:59.049+0000][3079.273s][info ][safepoint     ] Entering safepoint region: Cleanup
[2023-10-19T09:31:59.050+0000][3079.274s][info ][safepoint     ] Leaving safepoint region
[2023-10-19T09:31:59.051+0000][3079.275s][info ][safepoint     ] Total time for which application threads were stopped: 0.0018240 seconds, Stopping threads took: 0.0008317 seconds
[2023-10-19T09:32:00.052+0000][3080.276s][debug][safepoint     ] Safepoint synchronization initiated. (173 threads)
[2023-10-19T09:32:00.052+0000][3080.276s][info ][safepoint     ] Application time: 1.0006774 seconds
[2023-10-19T09:32:00.053+0000][3080.277s][info ][safepoint     ] Entering safepoint region: Cleanup
[2023-10-19T09:32:00.054+0000][3080.278s][info ][safepoint     ] Leaving safepoint region
[2023-10-19T09:32:00.054+0000][3080.278s][info ][safepoint     ] Total time for which application threads were stopped: 0.0011498 seconds, Stopping threads took: 0.0004635 seconds
[2023-10-19T09:32:01.055+0000][3081.279s][debug][safepoint     ] Safepoint synchronization initiated. (173 threads)
[2023-10-19T09:32:01.055+0000][3081.279s][info ][safepoint     ] Application time: 1.0004743 seconds
[2023-10-19T09:32:01.055+0000][3081.279s][info ][safepoint     ] Entering safepoint region: Cleanup
[2023-10-19T09:32:01.056+0000][3081.280s][info ][safepoint     ] Leaving safepoint region
[2023-10-19T09:32:01.056+0000][3081.280s][info ][safepoint     ] Total time for which application threads were stopped: 0.0006964 seconds, Stopping threads took: 0.0002790 seconds
[2023-10-19T09:32:02.056+0000][3082.280s][debug][safepoint     ] Safepoint synchronization initiated. (173 threads)
[2023-10-19T09:32:02.057+0000][3082.281s][info ][safepoint     ] Application time: 1.0011276 seconds
[2023-10-19T09:32:02.058+0000][3082.282s][info ][safepoint     ] Entering safepoint region: Cleanup
[2023-10-19T09:32:02.059+0000][3082.283s][info ][safepoint     ] Leaving safepoint region
[2023-10-19T09:32:02.060+0000][3082.284s][info ][safepoint     ] Total time for which application threads were stopped: 0.0016509 seconds, Stopping threads took: 0.0007552 seconds
[2023-10-19T09:32:03.061+0000][3083.285s][debug][safepoint     ] Safepoint synchronization initiated. (173 threads)
[2023-10-19T09:32:03.062+0000][3083.285s][info ][safepoint     ] Application time: 1.0009914 seconds
[2023-10-19T09:32:03.062+0000][3083.286s][debug][safepoint     ] ... found polling page return exception at pc = 0x00007f0de8a93fc4, stub =0x00007f0de0840600
[2023-10-19T09:32:03.062+0000][3083.286s][debug][safepoint     ] ... found polling page return exception at pc = 0x00007f0de8abaf88, stub =0x00007f0de0840600
[2023-10-19T09:32:03.062+0000][3083.286s][debug][safepoint     ] ... found polling page return exception at pc = 0x00007f0de8a93fc4, stub =0x00007f0de0840600
[2023-10-19T09:32:03.062+0000][3083.286s][debug][safepoint     ] ... found polling page return exception at pc = 0x00007f0de8a93fc4, stub =0x00007f0de0840600
[2023-10-19T09:32:03.065+0000][3083.289s][debug][safepoint     ] Waiting for 4 thread(s) to block
[2023-10-19T09:32:03.066+0000][3083.290s][info ][safepoint     ] Entering safepoint region: Cleanup
[2023-10-19T09:32:03.067+0000][3083.290s][info ][safepoint     ] Leaving safepoint region
[2023-10-19T09:32:03.067+0000][3083.291s][info ][safepoint     ] Total time for which application threads were stopped: 0.0048388 seconds, Stopping threads took: 0.0042861 seconds
[2023-10-19T09:32:04.068+0000][3084.291s][debug][safepoint     ] Safepoint synchronization initiated. (173 threads)
[2023-10-19T09:32:04.069+0000][3084.292s][info ][safepoint     ] Application time: 1.0012458 seconds
[2023-10-19T09:32:04.069+0000][3084.293s][info ][safepoint     ] Entering safepoint region: Cleanup
[2023-10-19T09:32:04.070+0000][3084.294s][info ][safepoint     ] Leaving safepoint region
[2023-10-19T09:32:04.071+0000][3084.295s][info ][safepoint     ] Total time for which application threads were stopped: 0.0017414 seconds, Stopping threads took: 0.0007364 seconds
[2023-10-19T09:32:05.072+0000][3085.296s][debug][safepoint     ] Safepoint synchronization initiated. (173 threads)
[2023-10-19T09:32:05.073+0000][3085.297s][info ][safepoint     ] Application time: 1.0014177 seconds
[2023-10-19T09:32:05.074+0000][3085.298s][info ][safepoint     ] Entering safepoint region: Cleanup
[2023-10-19T09:32:05.075+0000][3085.299s][info ][safepoint     ] Leaving safepoint region
[2023-10-19T09:32:05.076+0000][3085.300s][info ][safepoint     ] Total time for which application threads were stopped: 0.0021677 seconds, Stopping threads took: 0.0009690 seconds
[2023-10-19T09:32:06.077+0000][3086.301s][debug][safepoint     ] Safepoint synchronization initiated. (173 threads)
[2023-10-19T09:32:06.078+0000][3086.302s][info ][safepoint     ] Application time: 1.0011207 seconds
[2023-10-19T09:32:06.079+0000][3086.303s][info ][safepoint     ] Entering safepoint region: Cleanup
[2023-10-19T09:32:06.080+0000][3086.304s][info ][safepoint     ] Leaving safepoint region
[2023-10-19T09:32:06.081+0000][3086.305s][info ][safepoint     ] Total time for which application threads were stopped: 0.0017984 seconds, Stopping threads took: 0.0006973 seconds
[2023-10-19T09:32:07.082+0000][3087.306s][debug][safepoint     ] Safepoint synchronization initiated. (173 threads)
[2023-10-19T09:32:07.083+0000][3087.307s][info ][safepoint     ] Application time: 1.0016807 seconds
[2023-10-19T09:32:07.084+0000][3087.308s][info ][safepoint     ] Entering safepoint region: Cleanup
[2023-10-19T09:32:07.086+0000][3087.310s][info ][safepoint     ] Leaving safepoint region
[2023-10-19T09:32:07.087+0000][3087.311s][info ][safepoint     ] Total time for which application threads were stopped: 0.0026323 seconds, Stopping threads took: 0.0010879 seconds
[2023-10-19T09:32:07.086+0000][3087.310s][debug][safepoint     ] ... found polling page return exception at pc = 0x00007f0de87cbbc4, stub =0x00007f0de0840600
[2023-10-19T09:32:08.088+0000][3088.312s][debug][safepoint     ] Safepoint synchronization initiated. (173 threads)
[2023-10-19T09:32:08.089+0000][3088.313s][info ][safepoint     ] Application time: 1.0014102 seconds
[2023-10-19T09:32:08.090+0000][3088.314s][info ][safepoint     ] Entering safepoint region: Cleanup
[2023-10-19T09:32:08.092+0000][3088.315s][info ][safepoint     ] Leaving safepoint region
[2023-10-19T09:32:08.093+0000][3088.316s][info ][safepoint     ] Total time for which application threads were stopped: 0.0022880 seconds, Stopping threads took: 0.0011091 seconds
[2023-10-19T09:32:09.094+0000][3089.317s][debug][safepoint     ] Safepoint synchronization initiated. (173 threads)
[2023-10-19T09:32:09.095+0000][3089.318s][info ][safepoint     ] Application time: 1.0011959 seconds
[2023-10-19T09:32:09.096+0000][3089.319s][info ][safepoint     ] Entering safepoint region: Cleanup
[2023-10-19T09:32:09.097+0000][3089.320s][info ][safepoint     ] Leaving safepoint region
[2023-10-19T09:32:09.097+0000][3089.321s][info ][safepoint     ] Total time for which application threads were stopped: 0.0018250 seconds, Stopping threads took: 0.0007907 seconds
[2023-10-19T09:32:10.098+0000][3090.322s][debug][safepoint     ] Safepoint synchronization initiated. (173 threads)
[2023-10-19T09:32:10.099+0000][3090.323s][info ][safepoint     ] Application time: 1.0011238 seconds
[2023-10-19T09:32:10.100+0000][3090.324s][info ][safepoint     ] Entering safepoint region: Cleanup
[2023-10-19T09:32:10.101+0000][3090.325s][info ][safepoint     ] Leaving safepoint region
[2023-10-19T09:32:10.102+0000][3090.325s][info ][safepoint     ] Total time for which application threads were stopped: 0.0015876 seconds, Stopping threads took: 0.0007726 seconds
[2023-10-19T09:32:11.102+0000][3091.326s][debug][safepoint     ] Safepoint synchronization initiated. (173 threads)
[2023-10-19T09:32:11.103+0000][3091.327s][info ][safepoint     ] Application time: 1.0005713 seconds
[2023-10-19T09:32:11.103+0000][3091.327s][info ][safepoint     ] Entering safepoint region: Cleanup
[2023-10-19T09:32:11.104+0000][3091.328s][info ][safepoint     ] Leaving safepoint region
[2023-10-19T09:32:11.104+0000][3091.328s][info ][safepoint     ] Total time for which application threads were stopped: 0.0009843 seconds, Stopping threads took: 0.0004821 seconds
[2023-10-19T09:32:12.105+0000][3092.328s][debug][safepoint     ] Safepoint synchronization initiated. (173 threads)
[2023-10-19T09:32:12.105+0000][3092.329s][info ][safepoint     ] Application time: 1.0006215 seconds
[2023-10-19T09:32:12.105+0000][3092.329s][info ][safepoint     ] Entering safepoint region: Cleanup
[2023-10-19T09:32:12.106+0000][3092.330s][info ][safepoint     ] Leaving safepoint region
[2023-10-19T09:32:12.106+0000][3092.330s][info ][safepoint     ] Total time for which application threads were stopped: 0.0008613 seconds, Stopping threads took: 0.0003551 seconds
[2023-10-19T09:32:13.107+0000][3093.331s][debug][safepoint     ] Safepoint synchronization initiated. (173 threads)
[2023-10-19T09:32:13.107+0000][3093.331s][info ][safepoint     ] Application time: 1.0007158 seconds
[2023-10-19T09:32:13.108+0000][3093.332s][info ][safepoint     ] Entering safepoint region: Cleanup
[2023-10-19T09:32:13.108+0000][3093.332s][info ][safepoint     ] Leaving safepoint region
[2023-10-19T09:32:13.109+0000][3093.333s][info ][safepoint     ] Total time for which application threads were stopped: 0.0010748 seconds, Stopping threads took: 0.0004881 seconds
[2023-10-19T09:32:14.109+0000][3094.333s][debug][safepoint     ] Safepoint synchronization initiated. (173 threads)
[2023-10-19T09:32:14.111+0000][3094.335s][info ][safepoint     ] Application time: 1.0016286 seconds
[2023-10-19T09:32:14.112+0000][3094.336s][info ][safepoint     ] Entering safepoint region: Cleanup
[2023-10-19T09:32:14.113+0000][3094.337s][info ][safepoint     ] Leaving safepoint region
[2023-10-19T09:32:14.114+0000][3094.338s][info ][safepoint     ] Total time for which application threads were stopped: 0.0022830 seconds, Stopping threads took: 0.0009248 seconds
[2023-10-19T09:32:15.115+0000][3095.339s][debug][safepoint     ] Safepoint synchronization initiated. (173 threads)
[2023-10-19T09:32:15.116+0000][3095.340s][info ][safepoint     ] Application time: 1.0014021 seconds
[2023-10-19T09:32:15.117+0000][3095.341s][info ][safepoint     ] Entering safepoint region: Cleanup
[2023-10-19T09:32:15.119+0000][3095.342s][info ][safepoint     ] Leaving safepoint region
[2023-10-19T09:32:15.119+0000][3095.343s][info ][safepoint     ] Total time for which application threads were stopped: 0.0019982 seconds, Stopping threads took: 0.0009345 seconds
[2023-10-19T09:32:16.120+0000][3096.344s][debug][safepoint     ] Safepoint synchronization initiated. (173 threads)
[2023-10-19T09:32:16.121+0000][3096.345s][info ][safepoint     ] Application time: 1.0014792 seconds
[2023-10-19T09:32:16.122+0000][3096.346s][info ][safepoint     ] Entering safepoint region: Cleanup
[2023-10-19T09:32:16.124+0000][3096.348s][info ][safepoint     ] Leaving safepoint region
[2023-10-19T09:32:16.125+0000][3096.349s][info ][safepoint     ] Total time for which application threads were stopped: 0.0022949 seconds, Stopping threads took: 0.0010348 seconds
[2023-10-19T09:32:17.126+0000][3097.350s][debug][safepoint     ] Safepoint synchronization initiated. (173 threads)
[2023-10-19T09:32:17.127+0000][3097.350s][info ][safepoint     ] Application time: 1.0009680 seconds
[2023-10-19T09:32:17.127+0000][3097.351s][info ][safepoint     ] Entering safepoint region: Cleanup
[2023-10-19T09:32:17.128+0000][3097.352s][info ][safepoint     ] Leaving safepoint region
[2023-10-19T09:32:17.129+0000][3097.353s][info ][safepoint     ] Total time for which application threads were stopped: 0.0017535 seconds, Stopping threads took: 0.0007054 seconds
[2023-10-19T09:32:18.130+0000][3098.354s][debug][safepoint     ] Safepoint synchronization initiated. (173 threads)
[2023-10-19T09:32:18.131+0000][3098.355s][info ][safepoint     ] Application time: 1.0015179 seconds
[2023-10-19T09:32:18.132+0000][3098.356s][info ][safepoint     ] Entering safepoint region: Cleanup
[2023-10-19T09:32:18.133+0000][3098.357s][info ][safepoint     ] Leaving safepoint region
[2023-10-19T09:32:18.134+0000][3098.358s][info ][safepoint     ] Total time for which application threads were stopped: 0.0025988 seconds, Stopping threads took: 0.0011398 seconds
[2023-10-19T09:32:19.135+0000][3099.359s][debug][safepoint     ] Safepoint synchronization initiated. (173 threads)
[2023-10-19T09:32:19.136+0000][3099.360s][info ][safepoint     ] Application time: 1.0008182 seconds
[2023-10-19T09:32:19.137+0000][3099.361s][info ][safepoint     ] Entering safepoint region: Cleanup
[2023-10-19T09:32:19.138+0000][3099.361s][info ][safepoint     ] Leaving safepoint region
[2023-10-19T09:32:19.138+0000][3099.362s][info ][safepoint     ] Total time for which application threads were stopped: 0.0013164 seconds, Stopping threads took: 0.0005755 seconds
[2023-10-19T09:32:20.139+0000][3100.363s][debug][safepoint     ] Safepoint synchronization initiated. (173 threads)
[2023-10-19T09:32:20.139+0000][3100.363s][info ][safepoint     ] Application time: 1.0007988 seconds
[2023-10-19T09:32:20.140+0000][3100.364s][info ][safepoint     ] Entering safepoint region: Cleanup
[2023-10-19T09:32:20.141+0000][3100.365s][info ][safepoint     ] Leaving safepoint region
[2023-10-19T09:32:20.141+0000][3100.365s][info ][safepoint     ] Total time for which application threads were stopped: 0.0012548 seconds, Stopping threads took: 0.0004827 seconds
[2023-10-19T09:32:21.142+0000][3101.366s][debug][safepoint     ] Safepoint synchronization initiated. (173 threads)
[2023-10-19T09:32:21.143+0000][3101.366s][info ][safepoint     ] Application time: 1.0008407 seconds
[2023-10-19T09:32:21.143+0000][3101.367s][info ][safepoint     ] Entering safepoint region: Cleanup
[2023-10-19T09:32:21.144+0000][3101.367s][info ][safepoint     ] Leaving safepoint region
[2023-10-19T09:32:21.144+0000][3101.368s][info ][safepoint     ] Total time for which application threads were stopped: 0.0011317 seconds, Stopping threads took: 0.0004916 seconds
[2023-10-19T09:32:22.145+0000][3102.369s][debug][safepoint     ] Safepoint synchronization initiated. (173 threads)
[2023-10-19T09:32:22.146+0000][3102.370s][info ][safepoint     ] Application time: 1.0015865 seconds
[2023-10-19T09:32:22.147+0000][3102.371s][info ][safepoint     ] Entering safepoint region: Cleanup
[2023-10-19T09:32:22.149+0000][3102.373s][info ][safepoint     ] Leaving safepoint region
[2023-10-19T09:32:22.150+0000][3102.374s][info ][safepoint     ] Total time for which application threads were stopped: 0.0025007 seconds, Stopping threads took: 0.0010445 seconds
[2023-10-19T09:32:23.151+0000][3103.375s][debug][safepoint     ] Safepoint synchronization initiated. (173 threads)
[2023-10-19T09:32:23.152+0000][3103.376s][info ][safepoint     ] Application time: 1.0011985 seconds
[2023-10-19T09:32:23.153+0000][3103.377s][info ][safepoint     ] Entering safepoint region: Cleanup
[2023-10-19T09:32:23.154+0000][3103.378s][info ][safepoint     ] Leaving safepoint region
[2023-10-19T09:32:23.155+0000][3103.379s][info ][safepoint     ] Total time for which application threads were stopped: 0.0019845 seconds, Stopping threads took: 0.0009613 seconds
[2023-10-19T09:32:23.154+0000][3103.378s][debug][safepoint     ] ... found polling page return exception at pc = 0x00007f0de87cbbc4, stub =0x00007f0de0840600
[2023-10-19T09:32:24.156+0000][3104.380s][debug][safepoint     ] Safepoint synchronization initiated. (173 threads)
[2023-10-19T09:32:24.157+0000][3104.381s][info ][safepoint     ] Application time: 1.0012908 seconds
[2023-10-19T09:32:24.158+0000][3104.382s][info ][safepoint     ] Entering safepoint region: Cleanup
[2023-10-19T09:32:24.159+0000][3104.383s][info ][safepoint     ] Leaving safepoint region
[2023-10-19T09:32:24.160+0000][3104.384s][info ][safepoint     ] Total time for which application threads were stopped: 0.0015707 seconds, Stopping threads took: 0.0007574 seconds
[2023-10-19T09:32:25.161+0000][3105.384s][debug][safepoint     ] Safepoint synchronization initiated. (173 threads)
[2023-10-19T09:32:25.161+0000][3105.385s][info ][safepoint     ] Application time: 1.0008402 seconds
[2023-10-19T09:32:25.162+0000][3105.386s][info ][safepoint     ] Entering safepoint region: Cleanup
[2023-10-19T09:32:25.163+0000][3105.387s][info ][safepoint     ] Leaving safepoint region
[2023-10-19T09:32:25.164+0000][3105.387s][info ][safepoint     ] Total time for which application threads were stopped: 0.0017087 seconds, Stopping threads took: 0.0007917 seconds
[2023-10-19T09:32:26.165+0000][3106.388s][debug][safepoint     ] Safepoint synchronization initiated. (173 threads)
[2023-10-19T09:32:26.166+0000][3106.390s][info ][safepoint     ] Application time: 1.0018836 seconds
[2023-10-19T09:32:26.167+0000][3106.390s][info ][safepoint     ] Entering safepoint region: Cleanup
[2023-10-19T09:32:26.167+0000][3106.391s][info ][safepoint     ] Leaving safepoint region
[2023-10-19T09:32:26.167+0000][3106.391s][info ][safepoint     ] Total time for which application threads were stopped: 0.0008246 seconds, Stopping threads took: 0.0003611 seconds
[2023-10-19T09:32:27.168+0000][3107.392s][debug][safepoint     ] Safepoint synchronization initiated. (173 threads)
[2023-10-19T09:32:27.169+0000][3107.392s][info ][safepoint     ] Application time: 1.0009142 seconds
[2023-10-19T09:32:27.170+0000][3107.394s][info ][safepoint     ] Entering safepoint region: Cleanup
[2023-10-19T09:32:27.171+0000][3107.395s][info ][safepoint     ] Leaving safepoint region
[2023-10-19T09:32:27.172+0000][3107.396s][info ][safepoint     ] Total time for which application threads were stopped: 0.0014741 seconds, Stopping threads took: 0.0006661 seconds
[2023-10-19T09:32:28.172+0000][3108.396s][debug][safepoint     ] Safepoint synchronization initiated. (173 threads)
[2023-10-19T09:32:28.173+0000][3108.397s][info ][safepoint     ] Application time: 1.0005986 seconds
[2023-10-19T09:32:28.173+0000][3108.397s][info ][safepoint     ] Entering safepoint region: Cleanup
[2023-10-19T09:32:28.174+0000][3108.398s][info ][safepoint     ] Leaving safepoint region
[2023-10-19T09:32:28.174+0000][3108.398s][info ][safepoint     ] Total time for which application threads were stopped: 0.0009589 seconds, Stopping threads took: 0.0004356 seconds
[2023-10-19T09:32:29.175+0000][3109.398s][debug][safepoint     ] Safepoint synchronization initiated. (173 threads)
[2023-10-19T09:32:29.175+0000][3109.399s][info ][safepoint     ] Application time: 1.0007077 seconds
[2023-10-19T09:32:29.176+0000][3109.400s][info ][safepoint     ] Entering safepoint region: Cleanup
[2023-10-19T09:32:29.176+0000][3109.400s][info ][safepoint     ] Leaving safepoint region
[2023-10-19T09:32:29.177+0000][3109.401s][info ][safepoint     ] Total time for which application threads were stopped: 0.0011182 seconds, Stopping threads took: 0.0005267 seconds
[2023-10-19T09:32:30.178+0000][3110.402s][debug][safepoint     ] Safepoint synchronization initiated. (173 threads)
[2023-10-19T09:32:30.178+0000][3110.402s][info ][safepoint     ] Application time: 1.0007032 seconds
[2023-10-19T09:32:30.179+0000][3110.402s][info ][safepoint     ] Entering safepoint region: Cleanup
[2023-10-19T09:32:30.179+0000][3110.403s][info ][safepoint     ] Leaving safepoint region
[2023-10-19T09:32:30.180+0000][3110.403s][info ][safepoint     ] Total time for which application threads were stopped: 0.0010087 seconds, Stopping threads took: 0.0003666 seconds
[2023-10-19T09:32:31.180+0000][3111.404s][debug][safepoint     ] Safepoint synchronization initiated. (173 threads)
[2023-10-19T09:32:31.182+0000][3111.405s][info ][safepoint     ] Application time: 1.0015328 seconds
[2023-10-19T09:32:31.183+0000][3111.407s][info ][safepoint     ] Entering safepoint region: Cleanup
[2023-10-19T09:32:31.184+0000][3111.408s][info ][safepoint     ] Leaving safepoint region
[2023-10-19T09:32:31.185+0000][3111.408s][info ][safepoint     ] Total time for which application threads were stopped: 0.0019726 seconds, Stopping threads took: 0.0009134 seconds
[2023-10-19T09:32:32.186+0000][3112.409s][debug][safepoint     ] Safepoint synchronization initiated. (173 threads)
[2023-10-19T09:32:32.186+0000][3112.410s][info ][safepoint     ] Application time: 1.0009930 seconds
[2023-10-19T09:32:32.187+0000][3112.411s][info ][safepoint     ] Entering safepoint region: Cleanup
[2023-10-19T09:32:32.188+0000][3112.412s][info ][safepoint     ] Leaving safepoint region
[2023-10-19T09:32:32.189+0000][3112.413s][info ][safepoint     ] Total time for which application threads were stopped: 0.0016149 seconds, Stopping threads took: 0.0006875 seconds
[2023-10-19T09:32:33.190+0000][3113.414s][debug][safepoint     ] Safepoint synchronization initiated. (173 threads)
[2023-10-19T09:32:33.190+0000][3113.414s][info ][safepoint     ] Application time: 1.0008998 seconds
[2023-10-19T09:32:33.191+0000][3113.415s][info ][safepoint     ] Entering safepoint region: Cleanup
[2023-10-19T09:32:33.192+0000][3113.416s][info ][safepoint     ] Leaving safepoint region
[2023-10-19T09:32:33.193+0000][3113.416s][info ][safepoint     ] Total time for which application threads were stopped: 0.0015974 seconds, Stopping threads took: 0.0008830 seconds
[2023-10-19T09:32:34.193+0000][3114.417s][debug][safepoint     ] Safepoint synchronization initiated. (173 threads)
[2023-10-19T09:32:34.194+0000][3114.417s][info ][safepoint     ] Application time: 1.0006767 seconds
[2023-10-19T09:32:34.194+0000][3114.418s][info ][safepoint     ] Entering safepoint region: Cleanup
[2023-10-19T09:32:34.195+0000][3114.418s][info ][safepoint     ] Leaving safepoint region
[2023-10-19T09:32:34.195+0000][3114.419s][info ][safepoint     ] Total time for which application threads were stopped: 0.0008480 seconds, Stopping threads took: 0.0003354 seconds
[2023-10-19T09:32:35.195+0000][3115.419s][debug][safepoint     ] Safepoint synchronization initiated. (173 threads)
[2023-10-19T09:32:35.197+0000][3115.421s][info ][safepoint     ] Application time: 1.0015363 seconds
[2023-10-19T09:32:35.198+0000][3115.422s][info ][safepoint     ] Entering safepoint region: Cleanup
[2023-10-19T09:32:35.199+0000][3115.423s][info ][safepoint     ] Leaving safepoint region
[2023-10-19T09:32:35.200+0000][3115.424s][info ][safepoint     ] Total time for which application threads were stopped: 0.0022846 seconds, Stopping threads took: 0.0009449 seconds
[2023-10-19T09:32:36.201+0000][3116.425s][debug][safepoint     ] Safepoint synchronization initiated. (173 threads)
[2023-10-19T09:32:36.202+0000][3116.426s][info ][safepoint     ] Application time: 1.0013264 seconds
[2023-10-19T09:32:36.203+0000][3116.427s][info ][safepoint     ] Entering safepoint region: Cleanup
[2023-10-19T09:32:36.204+0000][3116.428s][info ][safepoint     ] Leaving safepoint region
[2023-10-19T09:32:36.205+0000][3116.429s][info ][safepoint     ] Total time for which application threads were stopped: 0.0017528 seconds, Stopping threads took: 0.0008255 seconds
[2023-10-19T09:32:37.206+0000][3117.430s][debug][safepoint     ] Safepoint synchronization initiated. (173 threads)
[2023-10-19T09:32:37.207+0000][3117.430s][info ][safepoint     ] Application time: 1.0011332 seconds
[2023-10-19T09:32:37.207+0000][3117.431s][info ][safepoint     ] Entering safepoint region: Cleanup
[2023-10-19T09:32:37.208+0000][3117.432s][info ][safepoint     ] Leaving safepoint region
[2023-10-19T09:32:37.209+0000][3117.433s][info ][safepoint     ] Total time for which application threads were stopped: 0.0017349 seconds, Stopping threads took: 0.0007550 seconds
[2023-10-19T09:32:38.210+0000][3118.434s][debug][safepoint     ] Safepoint synchronization initiated. (173 threads)
[2023-10-19T09:32:38.211+0000][3118.435s][info ][safepoint     ] Application time: 1.0016536 seconds
[2023-10-19T09:32:38.213+0000][3118.436s][info ][safepoint     ] Entering safepoint region: Cleanup
[2023-10-19T09:32:38.214+0000][3118.438s][info ][safepoint     ] Leaving safepoint region
[2023-10-19T09:32:38.215+0000][3118.439s][info ][safepoint     ] Total time for which application threads were stopped: 0.0023674 seconds, Stopping threads took: 0.0010759 seconds
[2023-10-19T09:32:39.216+0000][3119.440s][debug][safepoint     ] Safepoint synchronization initiated. (173 threads)
[2023-10-19T09:32:39.217+0000][3119.441s][info ][safepoint     ] Application time: 1.0011625 seconds
[2023-10-19T09:32:39.218+0000][3119.442s][info ][safepoint     ] Entering safepoint region: Cleanup
[2023-10-19T09:32:39.219+0000][3119.443s][info ][safepoint     ] Leaving safepoint region
[2023-10-19T09:32:39.220+0000][3119.444s][info ][safepoint     ] Total time for which application threads were stopped: 0.0020018 seconds, Stopping threads took: 0.0008696 seconds
[2023-10-19T09:32:40.221+0000][3120.444s][debug][safepoint     ] Safepoint synchronization initiated. (173 threads)
[2023-10-19T09:32:40.222+0000][3120.446s][info ][safepoint     ] Application time: 1.0017004 seconds
[2023-10-19T09:32:40.223+0000][3120.447s][info ][safepoint     ] Entering safepoint region: Cleanup
[2023-10-19T09:32:40.224+0000][3120.448s][info ][safepoint     ] Leaving safepoint region
[2023-10-19T09:32:40.225+0000][3120.449s][info ][safepoint     ] Total time for which application threads were stopped: 0.0021697 seconds, Stopping threads took: 0.0010304 seconds
[2023-10-19T09:32:41.227+0000][3121.450s][debug][safepoint     ] Safepoint synchronization initiated. (173 threads)
[2023-10-19T09:32:41.228+0000][3121.452s][info ][safepoint     ] Application time: 1.0016617 seconds
[2023-10-19T09:32:41.229+0000][3121.453s][info ][safepoint     ] Entering safepoint region: Cleanup
[2023-10-19T09:32:41.231+0000][3121.454s][info ][safepoint     ] Leaving safepoint region
[2023-10-19T09:32:41.231+0000][3121.455s][info ][safepoint     ] Total time for which application threads were stopped: 0.0023857 seconds, Stopping threads took: 0.0011341 seconds
[2023-10-19T09:32:42.233+0000][3122.456s][debug][safepoint     ] Safepoint synchronization initiated. (173 threads)
[2023-10-19T09:32:42.234+0000][3122.458s][info ][safepoint     ] Application time: 1.0013967 seconds
[2023-10-19T09:32:42.235+0000][3122.459s][info ][safepoint     ] Entering safepoint region: Cleanup
[2023-10-19T09:32:42.236+0000][3122.460s][info ][safepoint     ] Leaving safepoint region
[2023-10-19T09:32:42.237+0000][3122.461s][info ][safepoint     ] Total time for which application threads were stopped: 0.0021007 seconds, Stopping threads took: 0.0009611 seconds
[2023-10-19T09:32:43.238+0000][3123.462s][debug][safepoint     ] Safepoint synchronization initiated. (173 threads)
[2023-10-19T09:32:43.239+0000][3123.463s][info ][safepoint     ] Application time: 1.0015012 seconds
[2023-10-19T09:32:43.240+0000][3123.464s][info ][safepoint     ] Entering safepoint region: Cleanup
[2023-10-19T09:32:43.242+0000][3123.465s][info ][safepoint     ] Leaving safepoint region
[2023-10-19T09:32:43.242+0000][3123.466s][info ][safepoint     ] Total time for which application threads were stopped: 0.0021139 seconds, Stopping threads took: 0.0009687 seconds
[2023-10-19T09:32:43.242+0000][3123.465s][debug][safepoint     ] ... found polling page loop exception at pc = 0x00007f0de89fdd42, stub =0x00007f0de0843680
[2023-10-19T09:32:43.242+0000][3123.465s][debug][safepoint     ] ... found polling page return exception at pc = 0x00007f0de87cbbc4, stub =0x00007f0de0840600
[2023-10-19T09:32:44.243+0000][3124.467s][debug][safepoint     ] Safepoint synchronization initiated. (173 threads)
[2023-10-19T09:32:44.244+0000][3124.468s][info ][safepoint     ] Application time: 1.0011793 seconds
[2023-10-19T09:32:44.245+0000][3124.469s][info ][safepoint     ] Entering safepoint region: Cleanup
[2023-10-19T09:32:44.246+0000][3124.470s][info ][safepoint     ] Leaving safepoint region
[2023-10-19T09:32:44.247+0000][3124.471s][info ][safepoint     ] Total time for which application threads were stopped: 0.0016367 seconds, Stopping threads took: 0.0006758 seconds
[2023-10-19T09:32:45.248+0000][3125.472s][debug][safepoint     ] Safepoint synchronization initiated. (173 threads)
[2023-10-19T09:32:45.249+0000][3125.473s][info ][safepoint     ] Application time: 1.0014830 seconds
[2023-10-19T09:32:45.250+0000][3125.474s][info ][safepoint     ] Entering safepoint region: Cleanup
[2023-10-19T09:32:45.251+0000][3125.475s][info ][safepoint     ] Leaving safepoint region
[2023-10-19T09:32:45.252+0000][3125.476s][info ][safepoint     ] Total time for which application threads were stopped: 0.0023611 seconds, Stopping threads took: 0.0009980 seconds
[2023-10-19T09:32:46.253+0000][3126.477s][debug][safepoint     ] Safepoint synchronization initiated. (173 threads)
[2023-10-19T09:32:46.254+0000][3126.478s][info ][safepoint     ] Application time: 1.0006539 seconds
[2023-10-19T09:32:46.255+0000][3126.479s][info ][safepoint     ] Entering safepoint region: Cleanup
[2023-10-19T09:32:46.256+0000][3126.480s][info ][safepoint     ] Leaving safepoint region
[2023-10-19T09:32:46.256+0000][3126.480s][info ][safepoint     ] Total time for which application threads were stopped: 0.0009226 seconds, Stopping threads took: 0.0004065 seconds
[2023-10-19T09:32:47.257+0000][3127.481s][debug][safepoint     ] Safepoint synchronization initiated. (173 threads)
[2023-10-19T09:32:47.258+0000][3127.482s][info ][safepoint     ] Application time: 1.0014808 seconds
[2023-10-19T09:32:47.259+0000][3127.483s][info ][safepoint     ] Entering safepoint region: Cleanup
[2023-10-19T09:32:47.260+0000][3127.484s][info ][safepoint     ] Leaving safepoint region
[2023-10-19T09:32:47.261+0000][3127.484s][info ][safepoint     ] Total time for which application threads were stopped: 0.0019315 seconds, Stopping threads took: 0.0008553 seconds
[2023-10-19T09:32:48.262+0000][3128.486s][debug][safepoint     ] Safepoint synchronization initiated. (173 threads)
[2023-10-19T09:32:48.317+0000][3128.541s][info ][safepoint     ] Application time: 1.0559303 seconds
[2023-10-19T09:32:48.338+0000][3128.562s][info ][safepoint     ] Entering safepoint region: Cleanup
[2023-10-19T09:32:48.358+0000][3128.582s][info ][safepoint     ] Leaving safepoint region
[2023-10-19T09:32:48.384+0000][3128.608s][info ][safepoint     ] Total time for which application threads were stopped: 0.0462581 seconds, Stopping threads took: 0.0199318 seconds
[2023-10-19T09:32:49.391+0000][3129.615s][debug][safepoint     ] Safepoint synchronization initiated. (173 threads)
[2023-10-19T09:32:49.392+0000][3129.615s][info ][safepoint     ] Application time: 1.0009336 seconds
[2023-10-19T09:32:49.392+0000][3129.616s][info ][safepoint     ] Entering safepoint region: Cleanup
[2023-10-19T09:32:49.393+0000][3129.617s][info ][safepoint     ] Leaving safepoint region
[2023-10-19T09:32:49.393+0000][3129.617s][info ][safepoint     ] Total time for which application threads were stopped: 0.0012017 seconds, Stopping threads took: 0.0005048 seconds
[2023-10-19T09:32:50.394+0000][3130.618s][debug][safepoint     ] Safepoint synchronization initiated. (173 threads)
[2023-10-19T09:32:50.395+0000][3130.619s][info ][safepoint     ] Application time: 1.0010669 seconds
[2023-10-19T09:32:50.396+0000][3130.619s][info ][safepoint     ] Entering safepoint region: Cleanup
[2023-10-19T09:32:50.397+0000][3130.620s][info ][safepoint     ] Leaving safepoint region
[2023-10-19T09:32:50.397+0000][3130.621s][info ][safepoint     ] Total time for which application threads were stopped: 0.0013857 seconds, Stopping threads took: 0.0007025 seconds
[2023-10-19T09:32:51.398+0000][3131.622s][debug][safepoint     ] Safepoint synchronization initiated. (173 threads)
[2023-10-19T09:32:51.399+0000][3131.623s][info ][safepoint     ] Application time: 1.0013799 seconds
[2023-10-19T09:32:51.400+0000][3131.624s][info ][safepoint     ] Entering safepoint region: Cleanup
[2023-10-19T09:32:51.401+0000][3131.625s][info ][safepoint     ] Leaving safepoint region
[2023-10-19T09:32:51.402+0000][3131.626s][info ][safepoint     ] Total time for which application threads were stopped: 0.0022337 seconds, Stopping threads took: 0.0009846 seconds
[2023-10-19T09:32:52.403+0000][3132.627s][debug][safepoint     ] Safepoint synchronization initiated. (173 threads)
[2023-10-19T09:32:52.404+0000][3132.628s][info ][safepoint     ] Application time: 1.0009388 seconds
[2023-10-19T09:32:52.405+0000][3132.628s][info ][safepoint     ] Entering safepoint region: Cleanup
[2023-10-19T09:32:52.405+0000][3132.629s][info ][safepoint     ] Leaving safepoint region
[2023-10-19T09:32:52.406+0000][3132.630s][info ][safepoint     ] Total time for which application threads were stopped: 0.0012845 seconds, Stopping threads took: 0.0005749 seconds
[2023-10-19T09:32:53.407+0000][3133.631s][debug][safepoint     ] Safepoint synchronization initiated. (173 threads)
[2023-10-19T09:32:53.407+0000][3133.631s][info ][safepoint     ] Application time: 1.0007493 seconds
[2023-10-19T09:32:53.408+0000][3133.632s][info ][safepoint     ] Entering safepoint region: Cleanup
[2023-10-19T09:32:53.409+0000][3133.632s][info ][safepoint     ] Leaving safepoint region
[2023-10-19T09:32:53.409+0000][3133.633s][info ][safepoint     ] Total time for which application threads were stopped: 0.0013000 seconds, Stopping threads took: 0.0005662 seconds
[2023-10-19T09:32:54.410+0000][3134.634s][debug][safepoint     ] Safepoint synchronization initiated. (173 threads)
[2023-10-19T09:32:54.410+0000][3134.634s][info ][safepoint     ] Application time: 1.0007719 seconds
[2023-10-19T09:32:54.411+0000][3134.635s][info ][safepoint     ] Entering safepoint region: Cleanup
[2023-10-19T09:32:54.411+0000][3134.635s][info ][safepoint     ] Leaving safepoint region
[2023-10-19T09:32:54.412+0000][3134.636s][info ][safepoint     ] Total time for which application threads were stopped: 0.0009822 seconds, Stopping threads took: 0.0004101 seconds
[2023-10-19T09:32:55.412+0000][3135.636s][debug][safepoint     ] Safepoint synchronization initiated. (173 threads)
[2023-10-19T09:32:55.413+0000][3135.637s][info ][safepoint     ] Application time: 1.0013703 seconds
[2023-10-19T09:32:55.414+0000][3135.638s][info ][safepoint     ] Entering safepoint region: Cleanup
[2023-10-19T09:32:55.416+0000][3135.639s][info ][safepoint     ] Leaving safepoint region
[2023-10-19T09:32:55.416+0000][3135.640s][info ][safepoint     ] Total time for which application threads were stopped: 0.0019552 seconds, Stopping threads took: 0.0007963 seconds
[2023-10-19T09:32:56.417+0000][3136.641s][debug][safepoint     ] Safepoint synchronization initiated. (173 threads)
[2023-10-19T09:32:56.419+0000][3136.643s][info ][safepoint     ] Application time: 1.0018908 seconds
[2023-10-19T09:32:56.420+0000][3136.644s][info ][safepoint     ] Entering safepoint region: Cleanup
[2023-10-19T09:32:56.420+0000][3136.644s][info ][safepoint     ] Leaving safepoint region
[2023-10-19T09:32:56.421+0000][3136.645s][info ][safepoint     ] Total time for which application threads were stopped: 0.0013332 seconds, Stopping threads took: 0.0005280 seconds
[2023-10-19T09:32:57.422+0000][3137.646s][debug][safepoint     ] Safepoint synchronization initiated. (173 threads)
[2023-10-19T09:32:57.423+0000][3137.646s][info ][safepoint     ] Application time: 1.0010575 seconds
[2023-10-19T09:32:57.423+0000][3137.647s][info ][safepoint     ] Entering safepoint region: Cleanup
[2023-10-19T09:32:57.424+0000][3137.648s][info ][safepoint     ] Leaving safepoint region
[2023-10-19T09:32:57.425+0000][3137.648s][info ][safepoint     ] Total time for which application threads were stopped: 0.0012289 seconds, Stopping threads took: 0.0006075 seconds
[2023-10-19T09:32:58.425+0000][3138.649s][debug][safepoint     ] Safepoint synchronization initiated. (173 threads)
[2023-10-19T09:32:58.426+0000][3138.650s][info ][safepoint     ] Application time: 1.0004947 seconds
[2023-10-19T09:32:58.426+0000][3138.650s][info ][safepoint     ] Entering safepoint region: Cleanup
[2023-10-19T09:32:58.427+0000][3138.651s][info ][safepoint     ] Leaving safepoint region
[2023-10-19T09:32:58.427+0000][3138.651s][info ][safepoint     ] Total time for which application threads were stopped: 0.0009391 seconds, Stopping threads took: 0.0004895 seconds
[2023-10-19T09:32:59.428+0000][3139.651s][debug][safepoint     ] Safepoint synchronization initiated. (173 threads)
[2023-10-19T09:32:59.429+0000][3139.653s][info ][safepoint     ] Application time: 1.0014514 seconds
[2023-10-19T09:32:59.430+0000][3139.654s][info ][safepoint     ] Entering safepoint region: Cleanup
[2023-10-19T09:32:59.431+0000][3139.655s][info ][safepoint     ] Leaving safepoint region
[2023-10-19T09:32:59.432+0000][3139.656s][info ][safepoint     ] Total time for which application threads were stopped: 0.0022060 seconds, Stopping threads took: 0.0008896 seconds
[2023-10-19T09:33:00.433+0000][3140.657s][debug][safepoint     ] Safepoint synchronization initiated. (173 threads)
[2023-10-19T09:33:00.434+0000][3140.658s][info ][safepoint     ] Application time: 1.0013740 seconds
[2023-10-19T09:33:00.435+0000][3140.659s][info ][safepoint     ] Entering safepoint region: Cleanup
[2023-10-19T09:33:00.436+0000][3140.660s][info ][safepoint     ] Leaving safepoint region
[2023-10-19T09:33:00.437+0000][3140.661s][info ][safepoint     ] Total time for which application threads were stopped: 0.0021419 seconds, Stopping threads took: 0.0009350 seconds
[2023-10-19T09:33:01.438+0000][3141.662s][debug][safepoint     ] Safepoint synchronization initiated. (173 threads)
[2023-10-19T09:33:01.439+0000][3141.663s][info ][safepoint     ] Application time: 1.0010316 seconds
[2023-10-19T09:33:01.440+0000][3141.663s][info ][safepoint     ] Entering safepoint region: Cleanup
[2023-10-19T09:33:01.440+0000][3141.664s][info ][safepoint     ] Leaving safepoint region
[2023-10-19T09:33:01.441+0000][3141.665s][info ][safepoint     ] Total time for which application threads were stopped: 0.0012472 seconds, Stopping threads took: 0.0004793 seconds
[2023-10-19T09:33:02.442+0000][3142.665s][debug][safepoint     ] Safepoint synchronization initiated. (173 threads)
[2023-10-19T09:33:02.442+0000][3142.666s][info ][safepoint     ] Application time: 1.0008847 seconds
[2023-10-19T09:33:02.443+0000][3142.667s][info ][safepoint     ] Entering safepoint region: Cleanup
[2023-10-19T09:33:02.444+0000][3142.667s][info ][safepoint     ] Leaving safepoint region
[2023-10-19T09:33:02.444+0000][3142.668s][info ][safepoint     ] Total time for which application threads were stopped: 0.0013280 seconds, Stopping threads took: 0.0005965 seconds
[2023-10-19T09:33:03.445+0000][3143.669s][debug][safepoint     ] Safepoint synchronization initiated. (173 threads)
[2023-10-19T09:33:03.445+0000][3143.669s][info ][safepoint     ] Application time: 1.0006175 seconds
[2023-10-19T09:33:03.446+0000][3143.669s][info ][safepoint     ] Entering safepoint region: Cleanup
[2023-10-19T09:33:03.446+0000][3143.670s][info ][safepoint     ] Leaving safepoint region
[2023-10-19T09:33:03.447+0000][3143.670s][info ][safepoint     ] Total time for which application threads were stopped: 0.0009144 seconds, Stopping threads took: 0.0003800 seconds
[2023-10-19T09:33:04.447+0000][3144.671s][debug][safepoint     ] Safepoint synchronization initiated. (173 threads)
[2023-10-19T09:33:04.447+0000][3144.671s][info ][safepoint     ] Application time: 1.0005918 seconds
[2023-10-19T09:33:04.448+0000][3144.672s][info ][safepoint     ] Entering safepoint region: Cleanup
[2023-10-19T09:33:04.448+0000][3144.672s][info ][safepoint     ] Leaving safepoint region
[2023-10-19T09:33:04.449+0000][3144.673s][info ][safepoint     ] Total time for which application threads were stopped: 0.0008690 seconds, Stopping threads took: 0.0003524 seconds
[2023-10-19T09:33:05.449+0000][3145.673s][debug][safepoint     ] Safepoint synchronization initiated. (173 threads)
[2023-10-19T09:33:05.450+0000][3145.673s][info ][safepoint     ] Application time: 1.0005594 seconds
[2023-10-19T09:33:05.450+0000][3145.674s][info ][safepoint     ] Entering safepoint region: Cleanup
[2023-10-19T09:33:05.450+0000][3145.674s][info ][safepoint     ] Leaving safepoint region
[2023-10-19T09:33:05.451+0000][3145.674s][info ][safepoint     ] Total time for which application threads were stopped: 0.0008442 seconds, Stopping threads took: 0.0002757 seconds
[2023-10-19T09:33:06.451+0000][3146.675s][debug][safepoint     ] Safepoint synchronization initiated. (173 threads)
[2023-10-19T09:33:06.452+0000][3146.675s][info ][safepoint     ] Application time: 1.0005038 seconds
[2023-10-19T09:33:06.452+0000][3146.676s][info ][safepoint     ] Entering safepoint region: Cleanup
[2023-10-19T09:33:06.452+0000][3146.676s][info ][safepoint     ] Leaving safepoint region
[2023-10-19T09:33:06.452+0000][3146.676s][info ][safepoint     ] Total time for which application threads were stopped: 0.0007159 seconds, Stopping threads took: 0.0002825 seconds
[2023-10-19T09:33:07.453+0000][3147.677s][debug][safepoint     ] Safepoint synchronization initiated. (173 threads)
[2023-10-19T09:33:07.453+0000][3147.677s][info ][safepoint     ] Application time: 1.0006694 seconds
[2023-10-19T09:33:07.454+0000][3147.678s][info ][safepoint     ] Entering safepoint region: Cleanup
[2023-10-19T09:33:07.455+0000][3147.678s][info ][safepoint     ] Leaving safepoint region
[2023-10-19T09:33:07.455+0000][3147.679s][info ][safepoint     ] Total time for which application threads were stopped: 0.0010276 seconds, Stopping threads took: 0.0004943 seconds
[2023-10-19T09:33:08.456+0000][3148.679s][debug][safepoint     ] Safepoint synchronization initiated. (173 threads)
[2023-10-19T09:33:08.457+0000][3148.680s][info ][safepoint     ] Application time: 1.0013157 seconds
[2023-10-19T09:33:08.458+0000][3148.681s][info ][safepoint     ] Entering safepoint region: Cleanup
[2023-10-19T09:33:08.459+0000][3148.683s][info ][safepoint     ] Leaving safepoint region
[2023-10-19T09:33:08.460+0000][3148.684s][info ][safepoint     ] Total time for which application threads were stopped: 0.0024799 seconds, Stopping threads took: 0.0009498 seconds
[2023-10-19T09:33:09.461+0000][3149.685s][debug][safepoint     ] Safepoint synchronization initiated. (173 threads)
[2023-10-19T09:33:09.462+0000][3149.686s][info ][safepoint     ] Application time: 1.0013632 seconds
[2023-10-19T09:33:09.463+0000][3149.687s][info ][safepoint     ] Entering safepoint region: Cleanup
[2023-10-19T09:33:09.464+0000][3149.688s][info ][safepoint     ] Leaving safepoint region
[2023-10-19T09:33:09.465+0000][3149.689s][info ][safepoint     ] Total time for which application threads were stopped: 0.0018512 seconds, Stopping threads took: 0.0008134 seconds
[2023-10-19T09:33:10.466+0000][3150.690s][debug][safepoint     ] Safepoint synchronization initiated. (173 threads)
[2023-10-19T09:33:10.467+0000][3150.690s][info ][safepoint     ] Application time: 1.0009637 seconds
[2023-10-19T09:33:10.467+0000][3150.691s][info ][safepoint     ] Entering safepoint region: Cleanup
[2023-10-19T09:33:10.468+0000][3150.692s][info ][safepoint     ] Leaving safepoint region
[2023-10-19T09:33:10.469+0000][3150.693s][info ][safepoint     ] Total time for which application threads were stopped: 0.0014477 seconds, Stopping threads took: 0.0005510 seconds
[2023-10-19T09:33:10.468+0000][3150.692s][debug][safepoint     ] ... found polling page return exception at pc = 0x00007f0de87cbbc4, stub =0x00007f0de0840600
[2023-10-19T09:33:10.468+0000][3150.692s][debug][safepoint     ] ... found polling page return exception at pc = 0x00007f0de87cbbc4, stub =0x00007f0de0840600
[2023-10-19T09:33:10.468+0000][3150.692s][debug][safepoint     ] ... found polling page return exception at pc = 0x00007f0de87cbbc4, stub =0x00007f0de0840600
[2023-10-19T09:33:10.468+0000][3150.692s][debug][safepoint     ] ... found polling page return exception at pc = 0x00007f0de87cbbc4, stub =0x00007f0de0840600
[2023-10-19T09:33:11.470+0000][3151.693s][debug][safepoint     ] Safepoint synchronization initiated. (173 threads)
[2023-10-19T09:33:11.470+0000][3151.694s][info ][safepoint     ] Application time: 1.0011015 seconds
[2023-10-19T09:33:11.471+0000][3151.695s][info ][safepoint     ] Entering safepoint region: Cleanup
[2023-10-19T09:33:11.472+0000][3151.695s][info ][safepoint     ] Leaving safepoint region
[2023-10-19T09:33:11.472+0000][3151.696s][info ][safepoint     ] Total time for which application threads were stopped: 0.0011994 seconds, Stopping threads took: 0.0005045 seconds
[2023-10-19T09:33:12.473+0000][3152.697s][debug][safepoint     ] Safepoint synchronization initiated. (173 threads)
[2023-10-19T09:33:12.473+0000][3152.697s][info ][safepoint     ] Application time: 1.0006597 seconds
[2023-10-19T09:33:12.474+0000][3152.698s][info ][safepoint     ] Entering safepoint region: Cleanup
[2023-10-19T09:33:12.474+0000][3152.698s][info ][safepoint     ] Leaving safepoint region
[2023-10-19T09:33:12.475+0000][3152.699s][info ][safepoint     ] Total time for which application threads were stopped: 0.0009861 seconds, Stopping threads took: 0.0004520 seconds
[2023-10-19T09:33:13.475+0000][3153.699s][debug][safepoint     ] Safepoint synchronization initiated. (173 threads)
[2023-10-19T09:33:13.476+0000][3153.700s][info ][safepoint     ] Application time: 1.0013535 seconds
[2023-10-19T09:33:13.477+0000][3153.701s][info ][safepoint     ] Entering safepoint region: Cleanup
[2023-10-19T09:33:13.479+0000][3153.703s][info ][safepoint     ] Leaving safepoint region
[2023-10-19T09:33:13.480+0000][3153.704s][info ][safepoint     ] Total time for which application threads were stopped: 0.0023711 seconds, Stopping threads took: 0.0010118 seconds
[2023-10-19T09:33:14.481+0000][3154.704s][debug][safepoint     ] Safepoint synchronization initiated. (173 threads)
[2023-10-19T09:33:14.482+0000][3154.705s][info ][safepoint     ] Application time: 1.0012057 seconds
[2023-10-19T09:33:14.483+0000][3154.707s][info ][safepoint     ] Entering safepoint region: Cleanup
[2023-10-19T09:33:14.484+0000][3154.708s][info ][safepoint     ] Leaving safepoint region
[2023-10-19T09:33:14.485+0000][3154.709s][info ][safepoint     ] Total time for which application threads were stopped: 0.0022349 seconds, Stopping threads took: 0.0009022 seconds
[2023-10-19T09:33:15.486+0000][3155.710s][debug][safepoint     ] Safepoint synchronization initiated. (173 threads)
[2023-10-19T09:33:15.487+0000][3155.711s][info ][safepoint     ] Application time: 1.0011758 seconds
[2023-10-19T09:33:15.488+0000][3155.711s][info ][safepoint     ] Entering safepoint region: Cleanup
[2023-10-19T09:33:15.489+0000][3155.712s][info ][safepoint     ] Leaving safepoint region
[2023-10-19T09:33:15.489+0000][3155.713s][info ][safepoint     ] Total time for which application threads were stopped: 0.0016371 seconds, Stopping threads took: 0.0007537 seconds
[2023-10-19T09:33:16.490+0000][3156.714s][debug][safepoint     ] Safepoint synchronization initiated. (173 threads)
[2023-10-19T09:33:16.491+0000][3156.715s][info ][safepoint     ] Application time: 1.0015026 seconds
[2023-10-19T09:33:16.492+0000][3156.716s][info ][safepoint     ] Entering safepoint region: Cleanup
[2023-10-19T09:33:16.494+0000][3156.717s][info ][safepoint     ] Leaving safepoint region
[2023-10-19T09:33:16.494+0000][3156.718s][info ][safepoint     ] Total time for which application threads were stopped: 0.0021640 seconds, Stopping threads took: 0.0009202 seconds
[2023-10-19T09:33:17.495+0000][3157.719s][debug][safepoint     ] Safepoint synchronization initiated. (173 threads)
[2023-10-19T09:33:17.496+0000][3157.720s][info ][safepoint     ] Application time: 1.0007813 seconds
[2023-10-19T09:33:17.497+0000][3157.720s][info ][safepoint     ] Entering safepoint region: Cleanup
[2023-10-19T09:33:17.497+0000][3157.721s][info ][safepoint     ] Leaving safepoint region
[2023-10-19T09:33:17.498+0000][3157.721s][info ][safepoint     ] Total time for which application threads were stopped: 0.0011238 seconds, Stopping threads took: 0.0004679 seconds
[2023-10-19T09:33:18.498+0000][3158.722s][debug][safepoint     ] Safepoint synchronization initiated. (173 threads)
[2023-10-19T09:33:18.499+0000][3158.722s][info ][safepoint     ] Application time: 1.0006339 seconds
[2023-10-19T09:33:18.499+0000][3158.723s][info ][safepoint     ] Entering safepoint region: Cleanup
[2023-10-19T09:33:18.500+0000][3158.723s][info ][safepoint     ] Leaving safepoint region
[2023-10-19T09:33:18.500+0000][3158.724s][info ][safepoint     ] Total time for which application threads were stopped: 0.0010166 seconds, Stopping threads took: 0.0003714 seconds
[2023-10-19T09:33:19.501+0000][3159.724s][debug][safepoint     ] Safepoint synchronization initiated. (173 threads)
[2023-10-19T09:33:19.501+0000][3159.725s][info ][safepoint     ] Application time: 1.0006813 seconds
[2023-10-19T09:33:19.502+0000][3159.725s][info ][safepoint     ] Entering safepoint region: Cleanup
[2023-10-19T09:33:19.502+0000][3159.726s][info ][safepoint     ] Leaving safepoint region
[2023-10-19T09:33:19.503+0000][3159.726s][info ][safepoint     ] Total time for which application threads were stopped: 0.0010199 seconds, Stopping threads took: 0.0003732 seconds
[2023-10-19T09:33:20.503+0000][3160.727s][debug][safepoint     ] Safepoint synchronization initiated. (173 threads)
[2023-10-19T09:33:20.503+0000][3160.727s][info ][safepoint     ] Application time: 1.0005287 seconds
[2023-10-19T09:33:20.504+0000][3160.728s][info ][safepoint     ] Entering safepoint region: Cleanup
[2023-10-19T09:33:20.504+0000][3160.728s][info ][safepoint     ] Leaving safepoint region
[2023-10-19T09:33:20.505+0000][3160.728s][info ][safepoint     ] Total time for which application threads were stopped: 0.0008654 seconds, Stopping threads took: 0.0004193 seconds
[2023-10-19T09:33:21.505+0000][3161.729s][debug][safepoint     ] Safepoint synchronization initiated. (173 threads)
[2023-10-19T09:33:21.507+0000][3161.731s][info ][safepoint     ] Application time: 1.0020034 seconds
[2023-10-19T09:33:21.507+0000][3161.731s][info ][safepoint     ] Entering safepoint region: Cleanup
[2023-10-19T09:33:21.508+0000][3161.732s][info ][safepoint     ] Leaving safepoint region
[2023-10-19T09:33:21.508+0000][3161.732s][info ][safepoint     ] Total time for which application threads were stopped: 0.0009906 seconds, Stopping threads took: 0.0004363 seconds
[2023-10-19T09:33:22.509+0000][3162.733s][debug][safepoint     ] Safepoint synchronization initiated. (173 threads)
[2023-10-19T09:33:22.510+0000][3162.733s][info ][safepoint     ] Application time: 1.0008402 seconds
[2023-10-19T09:33:22.510+0000][3162.734s][info ][safepoint     ] Entering safepoint region: Cleanup
[2023-10-19T09:33:22.511+0000][3162.734s][info ][safepoint     ] Leaving safepoint region
[2023-10-19T09:33:22.511+0000][3162.735s][info ][safepoint     ] Total time for which application threads were stopped: 0.0009622 seconds, Stopping threads took: 0.0004280 seconds
[2023-10-19T09:33:23.511+0000][3163.735s][debug][safepoint     ] Safepoint synchronization initiated. (173 threads)
[2023-10-19T09:33:23.512+0000][3163.736s][info ][safepoint     ] Application time: 1.0008971 seconds
[2023-10-19T09:33:23.513+0000][3163.736s][info ][safepoint     ] Entering safepoint region: Cleanup
[2023-10-19T09:33:23.513+0000][3163.737s][info ][safepoint     ] Leaving safepoint region
[2023-10-19T09:33:23.514+0000][3163.738s][info ][safepoint     ] Total time for which application threads were stopped: 0.0011067 seconds, Stopping threads took: 0.0004504 seconds
[2023-10-19T09:33:24.514+0000][3164.738s][debug][safepoint     ] Safepoint synchronization initiated. (173 threads)
[2023-10-19T09:33:24.515+0000][3164.739s][info ][safepoint     ] Application time: 1.0008181 seconds
[2023-10-19T09:33:24.516+0000][3164.739s][info ][safepoint     ] Entering safepoint region: Cleanup
[2023-10-19T09:33:24.516+0000][3164.740s][info ][safepoint     ] Leaving safepoint region
[2023-10-19T09:33:24.517+0000][3164.741s][info ][safepoint     ] Total time for which application threads were stopped: 0.0013354 seconds, Stopping threads took: 0.0005371 seconds
[2023-10-19T09:33:25.517+0000][3165.741s][debug][safepoint     ] Safepoint synchronization initiated. (173 threads)
[2023-10-19T09:33:25.518+0000][3165.742s][info ][safepoint     ] Application time: 1.0008633 seconds
[2023-10-19T09:33:25.519+0000][3165.743s][info ][safepoint     ] Entering safepoint region: Cleanup
[2023-10-19T09:33:25.519+0000][3165.743s][info ][safepoint     ] Leaving safepoint region
[2023-10-19T09:33:25.520+0000][3165.744s][info ][safepoint     ] Total time for which application threads were stopped: 0.0013420 seconds, Stopping threads took: 0.0005927 seconds
[2023-10-19T09:33:26.521+0000][3166.745s][debug][safepoint     ] Safepoint synchronization initiated. (173 threads)
[2023-10-19T09:33:26.521+0000][3166.745s][info ][safepoint     ] Application time: 1.0007864 seconds
[2023-10-19T09:33:26.522+0000][3166.746s][info ][safepoint     ] Entering safepoint region: Cleanup
[2023-10-19T09:33:26.523+0000][3166.746s][info ][safepoint     ] Leaving safepoint region
[2023-10-19T09:33:26.523+0000][3166.747s][info ][safepoint     ] Total time for which application threads were stopped: 0.0011922 seconds, Stopping threads took: 0.0005067 seconds
[2023-10-19T09:33:27.524+0000][3167.748s][debug][safepoint     ] Safepoint synchronization initiated. (173 threads)
[2023-10-19T09:33:27.525+0000][3167.749s][info ][safepoint     ] Application time: 1.0016304 seconds
[2023-10-19T09:33:27.526+0000][3167.750s][info ][safepoint     ] Entering safepoint region: Cleanup
[2023-10-19T09:33:27.528+0000][3167.752s][info ][safepoint     ] Leaving safepoint region
[2023-10-19T09:33:27.529+0000][3167.753s][info ][safepoint     ] Total time for which application threads were stopped: 0.0026908 seconds, Stopping threads took: 0.0011638 seconds
[2023-10-19T09:33:28.530+0000][3168.754s][debug][safepoint     ] Safepoint synchronization initiated. (173 threads)
[2023-10-19T09:33:28.531+0000][3168.755s][info ][safepoint     ] Application time: 1.0016277 seconds
[2023-10-19T09:33:28.532+0000][3168.756s][info ][safepoint     ] Entering safepoint region: Cleanup
[2023-10-19T09:33:28.534+0000][3168.758s][info ][safepoint     ] Leaving safepoint region
[2023-10-19T09:33:28.535+0000][3168.759s][info ][safepoint     ] Total time for which application threads were stopped: 0.0025556 seconds, Stopping threads took: 0.0012660 seconds
[2023-10-19T09:33:29.536+0000][3169.760s][debug][safepoint     ] Safepoint synchronization initiated. (173 threads)
[2023-10-19T09:33:29.536+0000][3169.760s][info ][safepoint     ] Application time: 1.0007053 seconds
[2023-10-19T09:33:29.537+0000][3169.761s][info ][safepoint     ] Entering safepoint region: Cleanup
[2023-10-19T09:33:29.537+0000][3169.761s][info ][safepoint     ] Leaving safepoint region
[2023-10-19T09:33:29.538+0000][3169.762s][info ][safepoint     ] Total time for which application threads were stopped: 0.0009601 seconds, Stopping threads took: 0.0004183 seconds
[2023-10-19T09:33:30.538+0000][3170.762s][debug][safepoint     ] Safepoint synchronization initiated. (173 threads)
[2023-10-19T09:33:30.539+0000][3170.763s][info ][safepoint     ] Application time: 1.0011409 seconds
[2023-10-19T09:33:30.540+0000][3170.764s][info ][safepoint     ] Entering safepoint region: Cleanup
[2023-10-19T09:33:30.542+0000][3170.765s][info ][safepoint     ] Leaving safepoint region
[2023-10-19T09:33:30.542+0000][3170.766s][info ][safepoint     ] Total time for which application threads were stopped: 0.0022111 seconds, Stopping threads took: 0.0009768 seconds
[2023-10-19T09:33:31.543+0000][3171.767s][debug][safepoint     ] Safepoint synchronization initiated. (173 threads)
[2023-10-19T09:33:31.545+0000][3171.769s][info ][safepoint     ] Application time: 1.0013714 seconds
[2023-10-19T09:33:31.546+0000][3171.770s][info ][safepoint     ] Entering safepoint region: Cleanup
[2023-10-19T09:33:31.547+0000][3171.771s][info ][safepoint     ] Leaving safepoint region
[2023-10-19T09:33:31.548+0000][3171.772s][info ][safepoint     ] Total time for which application threads were stopped: 0.0022849 seconds, Stopping threads took: 0.0010485 seconds
[2023-10-19T09:33:32.549+0000][3172.773s][debug][safepoint     ] Safepoint synchronization initiated. (173 threads)
[2023-10-19T09:33:32.550+0000][3172.774s][info ][safepoint     ] Application time: 1.0013965 seconds
[2023-10-19T09:33:32.551+0000][3172.775s][info ][safepoint     ] Entering safepoint region: Cleanup
[2023-10-19T09:33:32.553+0000][3172.777s][info ][safepoint     ] Leaving safepoint region
[2023-10-19T09:33:32.554+0000][3172.778s][info ][safepoint     ] Total time for which application threads were stopped: 0.0024174 seconds, Stopping threads took: 0.0012192 seconds
[2023-10-19T09:33:33.555+0000][3173.779s][debug][safepoint     ] Safepoint synchronization initiated. (173 threads)
[2023-10-19T09:33:33.556+0000][3173.780s][info ][safepoint     ] Application time: 1.0013105 seconds
[2023-10-19T09:33:33.557+0000][3173.781s][info ][safepoint     ] Entering safepoint region: Cleanup
[2023-10-19T09:33:33.558+0000][3173.782s][info ][safepoint     ] Leaving safepoint region
[2023-10-19T09:33:33.559+0000][3173.783s][info ][safepoint     ] Total time for which application threads were stopped: 0.0019767 seconds, Stopping threads took: 0.0009237 seconds
[2023-10-19T09:33:34.560+0000][3174.784s][debug][safepoint     ] Safepoint synchronization initiated. (173 threads)
[2023-10-19T09:33:34.561+0000][3174.785s][info ][safepoint     ] Application time: 1.0012562 seconds
[2023-10-19T09:33:34.562+0000][3174.786s][info ][safepoint     ] Entering safepoint region: Cleanup
[2023-10-19T09:33:34.563+0000][3174.787s][info ][safepoint     ] Leaving safepoint region
[2023-10-19T09:33:34.564+0000][3174.787s][info ][safepoint     ] Total time for which application threads were stopped: 0.0016510 seconds, Stopping threads took: 0.0006493 seconds
[2023-10-19T09:33:35.565+0000][3175.788s][debug][safepoint     ] Safepoint synchronization initiated. (173 threads)
[2023-10-19T09:33:35.566+0000][3175.790s][info ][safepoint     ] Application time: 1.0013871 seconds
[2023-10-19T09:33:35.567+0000][3175.790s][info ][safepoint     ] Entering safepoint region: Cleanup
[2023-10-19T09:33:35.568+0000][3175.792s][info ][safepoint     ] Leaving safepoint region
[2023-10-19T09:33:35.569+0000][3175.793s][info ][safepoint     ] Total time for which application threads were stopped: 0.0020968 seconds, Stopping threads took: 0.0009544 seconds
[2023-10-19T09:33:36.570+0000][3176.794s][debug][safepoint     ] Safepoint synchronization initiated. (173 threads)
[2023-10-19T09:33:36.571+0000][3176.794s][info ][safepoint     ] Application time: 1.0011616 seconds
[2023-10-19T09:33:36.571+0000][3176.795s][info ][safepoint     ] Entering safepoint region: Cleanup
[2023-10-19T09:33:36.572+0000][3176.796s][info ][safepoint     ] Leaving safepoint region
[2023-10-19T09:33:36.573+0000][3176.797s][info ][safepoint     ] Total time for which application threads were stopped: 0.0015855 seconds, Stopping threads took: 0.0006626 seconds
[2023-10-19T09:33:37.574+0000][3177.798s][debug][safepoint     ] Safepoint synchronization initiated. (173 threads)
[2023-10-19T09:33:37.575+0000][3177.798s][info ][safepoint     ] Application time: 1.0011344 seconds
[2023-10-19T09:33:37.576+0000][3177.799s][info ][safepoint     ] Entering safepoint region: Cleanup
[2023-10-19T09:33:37.577+0000][3177.800s][info ][safepoint     ] Leaving safepoint region
[2023-10-19T09:33:37.577+0000][3177.801s][info ][safepoint     ] Total time for which application threads were stopped: 0.0018219 seconds, Stopping threads took: 0.0008539 seconds
[2023-10-19T09:33:38.578+0000][3178.802s][debug][safepoint     ] Safepoint synchronization initiated. (173 threads)
[2023-10-19T09:33:38.579+0000][3178.803s][info ][safepoint     ] Application time: 1.0012316 seconds
[2023-10-19T09:33:38.580+0000][3178.804s][info ][safepoint     ] Entering safepoint region: Cleanup
[2023-10-19T09:33:38.581+0000][3178.805s][info ][safepoint     ] Leaving safepoint region
[2023-10-19T09:33:38.582+0000][3178.806s][info ][safepoint     ] Total time for which application threads were stopped: 0.0017999 seconds, Stopping threads took: 0.0007712 seconds
[2023-10-19T09:33:39.583+0000][3179.807s][debug][safepoint     ] Safepoint synchronization initiated. (173 threads)
[2023-10-19T09:33:39.584+0000][3179.808s][info ][safepoint     ] Application time: 1.0016185 seconds
[2023-10-19T09:33:39.585+0000][3179.809s][info ][safepoint     ] Entering safepoint region: Cleanup
[2023-10-19T09:33:39.587+0000][3179.811s][info ][safepoint     ] Leaving safepoint region
[2023-10-19T09:33:39.588+0000][3179.812s][info ][safepoint     ] Total time for which application threads were stopped: 0.0025012 seconds, Stopping threads took: 0.0011459 seconds
[2023-10-19T09:33:40.589+0000][3180.813s][debug][safepoint     ] Safepoint synchronization initiated. (173 threads)
[2023-10-19T09:33:40.589+0000][3180.813s][info ][safepoint     ] Application time: 1.0007314 seconds
[2023-10-19T09:33:40.590+0000][3180.814s][info ][safepoint     ] Entering safepoint region: Cleanup
[2023-10-19T09:33:40.590+0000][3180.814s][info ][safepoint     ] Leaving safepoint region
[2023-10-19T09:33:40.591+0000][3180.814s][info ][safepoint     ] Total time for which application threads were stopped: 0.0008739 seconds, Stopping threads took: 0.0003207 seconds
[2023-10-19T09:33:41.591+0000][3181.815s][debug][safepoint     ] Safepoint synchronization initiated. (173 threads)
[2023-10-19T09:33:41.592+0000][3181.816s][info ][safepoint     ] Application time: 1.0007690 seconds
[2023-10-19T09:33:41.592+0000][3181.816s][info ][safepoint     ] Entering safepoint region: Cleanup
[2023-10-19T09:33:41.593+0000][3181.817s][info ][safepoint     ] Leaving safepoint region
[2023-10-19T09:33:41.594+0000][3181.817s][info ][safepoint     ] Total time for which application threads were stopped: 0.0012791 seconds, Stopping threads took: 0.0004818 seconds
[2023-10-19T09:33:42.594+0000][3182.818s][debug][safepoint     ] Safepoint synchronization initiated. (173 threads)
[2023-10-19T09:33:42.595+0000][3182.819s][info ][safepoint     ] Application time: 1.0005844 seconds
[2023-10-19T09:33:42.595+0000][3182.819s][info ][safepoint     ] Entering safepoint region: Cleanup
[2023-10-19T09:33:42.596+0000][3182.820s][info ][safepoint     ] Leaving safepoint region
[2023-10-19T09:33:42.596+0000][3182.820s][info ][safepoint     ] Total time for which application threads were stopped: 0.0008592 seconds, Stopping threads took: 0.0003718 seconds
[2023-10-19T09:33:43.597+0000][3183.820s][debug][safepoint     ] Safepoint synchronization initiated. (173 threads)
[2023-10-19T09:33:43.597+0000][3183.821s][info ][safepoint     ] Application time: 1.0007134 seconds
[2023-10-19T09:33:43.598+0000][3183.821s][info ][safepoint     ] Entering safepoint region: Cleanup
[2023-10-19T09:33:43.598+0000][3183.822s][info ][safepoint     ] Leaving safepoint region
[2023-10-19T09:33:43.598+0000][3183.822s][info ][safepoint     ] Total time for which application threads were stopped: 0.0009380 seconds, Stopping threads took: 0.0004333 seconds
[2023-10-19T09:33:44.599+0000][3184.823s][debug][safepoint     ] Safepoint synchronization initiated. (173 threads)
[2023-10-19T09:33:44.600+0000][3184.823s][info ][safepoint     ] Application time: 1.0008303 seconds
[2023-10-19T09:33:44.600+0000][3184.824s][info ][safepoint     ] Entering safepoint region: Cleanup
[2023-10-19T09:33:44.601+0000][3184.824s][info ][safepoint     ] Leaving safepoint region
[2023-10-19T09:33:44.601+0000][3184.825s][info ][safepoint     ] Total time for which application threads were stopped: 0.0011231 seconds, Stopping threads took: 0.0004945 seconds
[2023-10-19T09:33:45.602+0000][3185.826s][debug][safepoint     ] Safepoint synchronization initiated. (173 threads)
[2023-10-19T09:33:45.603+0000][3185.827s][info ][safepoint     ] Application time: 1.0013198 seconds
[2023-10-19T09:33:45.604+0000][3185.828s][info ][safepoint     ] Entering safepoint region: Cleanup
[2023-10-19T09:33:45.605+0000][3185.829s][info ][safepoint     ] Leaving safepoint region
[2023-10-19T09:33:45.606+0000][3185.830s][info ][safepoint     ] Total time for which application threads were stopped: 0.0023216 seconds, Stopping threads took: 0.0009481 seconds
[2023-10-19T09:33:46.607+0000][3186.831s][debug][safepoint     ] Safepoint synchronization initiated. (173 threads)
[2023-10-19T09:33:46.608+0000][3186.831s][info ][safepoint     ] Application time: 1.0009409 seconds
[2023-10-19T09:33:46.608+0000][3186.832s][info ][safepoint     ] Entering safepoint region: Cleanup
[2023-10-19T09:33:46.609+0000][3186.833s][info ][safepoint     ] Leaving safepoint region
[2023-10-19T09:33:46.610+0000][3186.834s][info ][safepoint     ] Total time for which application threads were stopped: 0.0014480 seconds, Stopping threads took: 0.0006431 seconds
[2023-10-19T09:33:47.538+0000][3187.762s][debug][safepoint     ] Safepoint synchronization initiated. (173 threads)
[2023-10-19T09:33:47.539+0000][3187.763s][info ][safepoint     ] Application time: 0.9287016 seconds
[2023-10-19T09:33:47.540+0000][3187.763s][info ][safepoint     ] Entering safepoint region: G1CollectForAllocation
[2023-10-19T09:33:47.540+0000][3187.764s][info ][gc,start      ] GC(90) Pause Young (Concurrent Start) (G1 Evacuation Pause)
[2023-10-19T09:33:47.541+0000][3187.764s][info ][gc,task       ] GC(90) Using 8 workers of 8 for evacuation
[2023-10-19T09:33:47.546+0000][3187.769s][info ][gc,phases     ] GC(90)   Pre Evacuate Collection Set: 0.7ms
[2023-10-19T09:33:47.546+0000][3187.770s][info ][gc,phases     ] GC(90)   Evacuate Collection Set: 1.7ms
[2023-10-19T09:33:47.546+0000][3187.770s][info ][gc,phases     ] GC(90)   Post Evacuate Collection Set: 2.0ms
[2023-10-19T09:33:47.547+0000][3187.771s][info ][gc,phases     ] GC(90)   Other: 1.0ms
[2023-10-19T09:33:47.547+0000][3187.771s][info ][gc,heap       ] GC(90) Eden regions: 136->0(138)
[2023-10-19T09:33:47.548+0000][3187.771s][info ][gc,heap       ] GC(90) Survivor regions: 1->1(18)
[2023-10-19T09:33:47.548+0000][3187.772s][info ][gc,heap       ] GC(90) Old regions: 131->131
[2023-10-19T09:33:47.548+0000][3187.772s][info ][gc,heap       ] GC(90) Humongous regions: 25->25
[2023-10-19T09:33:47.549+0000][3187.772s][info ][gc,metaspace  ] GC(90) Metaspace: 160658K(167632K)->160658K(167632K) NonClass: 142077K(146640K)->142077K(146640K) Class: 18581K(20992K)->18581K(20992K)
[2023-10-19T09:33:47.549+0000][3187.773s][info ][gc            ] GC(90) Pause Young (Concurrent Start) (G1 Evacuation Pause) 291M->155M(350M) 8.725ms
[2023-10-19T09:33:47.549+0000][3187.773s][info ][gc,cpu        ] GC(90) User=0.02s Sys=0.00s Real=0.01s
[2023-10-19T09:33:47.549+0000][3187.773s][info ][gc            ] GC(91) Concurrent Cycle
[2023-10-19T09:33:47.550+0000][3187.773s][info ][safepoint     ] Leaving safepoint region
[2023-10-19T09:33:47.550+0000][3187.774s][info ][safepoint     ] Total time for which application threads were stopped: 0.0104854 seconds, Stopping threads took: 0.0004221 seconds
[2023-10-19T09:33:47.550+0000][3187.774s][info ][gc,marking    ] GC(91) Concurrent Clear Claimed Marks
[2023-10-19T09:33:47.551+0000][3187.775s][info ][gc,marking    ] GC(91) Concurrent Clear Claimed Marks 1.244ms
[2023-10-19T09:33:47.551+0000][3187.775s][info ][gc,marking    ] GC(91) Concurrent Scan Root Regions
[2023-10-19T09:33:47.554+0000][3187.778s][info ][gc,marking    ] GC(91) Concurrent Scan Root Regions 3.075ms
[2023-10-19T09:33:47.555+0000][3187.778s][info ][gc,marking    ] GC(91) Concurrent Mark (3187.778s)
[2023-10-19T09:33:47.555+0000][3187.779s][info ][gc,marking    ] GC(91) Concurrent Mark From Roots
[2023-10-19T09:33:47.555+0000][3187.779s][info ][gc,task       ] GC(91) Using 2 workers of 2 for marking
[2023-10-19T09:33:47.661+0000][3187.885s][info ][gc,marking    ] GC(91) Concurrent Mark From Roots 105.857ms
[2023-10-19T09:33:47.661+0000][3187.885s][info ][gc,marking    ] GC(91) Concurrent Preclean
[2023-10-19T09:33:47.662+0000][3187.886s][info ][gc,marking    ] GC(91) Concurrent Preclean 0.646ms
[2023-10-19T09:33:47.662+0000][3187.886s][info ][gc,marking    ] GC(91) Concurrent Mark (3187.778s, 3187.886s) 107.795ms
[2023-10-19T09:33:47.663+0000][3187.887s][debug][safepoint     ] Safepoint synchronization initiated. (173 threads)
[2023-10-19T09:33:47.663+0000][3187.887s][info ][safepoint     ] Application time: 0.1132054 seconds
[2023-10-19T09:33:47.664+0000][3187.888s][debug][safepoint     ] ... found polling page loop exception at pc = 0x00007f0de92c9fcc, stub =0x00007f0de0843680
[2023-10-19T09:33:47.664+0000][3187.888s][debug][safepoint     ] ... found polling page loop exception at pc = 0x00007f0de83879a1, stub =0x00007f0de0843680
[2023-10-19T09:33:47.664+0000][3187.888s][debug][safepoint     ] ... found polling page return exception at pc = 0x00007f0de899359c, stub =0x00007f0de0840600
[2023-10-19T09:33:47.664+0000][3187.888s][debug][safepoint     ] ... found polling page return exception at pc = 0x00007f0de92ca2ee, stub =0x00007f0de0840600
[2023-10-19T09:33:47.664+0000][3187.888s][debug][safepoint     ] ... found polling page return exception at pc = 0x00007f0de93a8b5a, stub =0x00007f0de0840600
[2023-10-19T09:33:47.664+0000][3187.888s][debug][safepoint     ] ... found polling page return exception at pc = 0x00007f0de92ca2ee, stub =0x00007f0de0840600
[2023-10-19T09:33:47.667+0000][3187.890s][debug][safepoint     ] Waiting for 6 thread(s) to block
[2023-10-19T09:33:47.668+0000][3187.892s][info ][safepoint     ] Entering safepoint region: CGC_Operation
[2023-10-19T09:33:47.669+0000][3187.892s][info ][gc,start      ] GC(91) Pause Remark
[2023-10-19T09:33:47.686+0000][3187.909s][info ][gc,stringtable] GC(91) Cleaned string and symbol table, strings: 69165 processed, 0 removed, symbols: 401708 processed, 0 removed
[2023-10-19T09:33:47.687+0000][3187.911s][info ][gc            ] GC(91) Pause Remark 158M->158M(350M) 18.174ms
[2023-10-19T09:33:47.687+0000][3187.911s][info ][gc,cpu        ] GC(91) User=0.12s Sys=0.00s Real=0.02s
[2023-10-19T09:33:47.688+0000][3187.912s][info ][safepoint     ] Leaving safepoint region
[2023-10-19T09:33:47.688+0000][3187.912s][info ][safepoint     ] Total time for which application threads were stopped: 0.0242816 seconds, Stopping threads took: 0.0045072 seconds
[2023-10-19T09:33:47.689+0000][3187.912s][info ][gc,marking    ] GC(91) Concurrent Rebuild Remembered Sets
[2023-10-19T09:33:47.764+0000][3187.988s][info ][gc,marking    ] GC(91) Concurrent Rebuild Remembered Sets 75.723ms
[2023-10-19T09:33:47.765+0000][3187.989s][debug][safepoint     ] Safepoint synchronization initiated. (173 threads)
[2023-10-19T09:33:47.766+0000][3187.989s][info ][safepoint     ] Application time: 0.0769596 seconds
[2023-10-19T09:33:47.766+0000][3187.990s][info ][safepoint     ] Entering safepoint region: CGC_Operation
[2023-10-19T09:33:47.767+0000][3187.991s][info ][gc,start      ] GC(91) Pause Cleanup
[2023-10-19T09:33:47.768+0000][3187.992s][info ][gc            ] GC(91) Pause Cleanup 158M->158M(350M) 1.014ms
[2023-10-19T09:33:47.768+0000][3187.992s][info ][gc,cpu        ] GC(91) User=0.00s Sys=0.00s Real=0.00s
[2023-10-19T09:33:47.769+0000][3187.992s][info ][safepoint     ] Leaving safepoint region
[2023-10-19T09:33:47.769+0000][3187.993s][info ][safepoint     ] Total time for which application threads were stopped: 0.0031029 seconds, Stopping threads took: 0.0005319 seconds
[2023-10-19T09:33:47.770+0000][3187.993s][info ][gc,marking    ] GC(91) Concurrent Cleanup for Next Mark
[2023-10-19T09:33:47.771+0000][3187.995s][info ][gc,marking    ] GC(91) Concurrent Cleanup for Next Mark 1.390ms
[2023-10-19T09:33:47.771+0000][3187.995s][info ][gc            ] GC(91) Concurrent Cycle 221.935ms
[2023-10-19T09:33:48.770+0000][3188.993s][debug][safepoint     ] Safepoint synchronization initiated. (173 threads)
[2023-10-19T09:33:48.770+0000][3188.994s][info ][safepoint     ] Application time: 1.0006208 seconds
[2023-10-19T09:33:48.771+0000][3188.994s][info ][safepoint     ] Entering safepoint region: Cleanup
[2023-10-19T09:33:48.771+0000][3188.995s][info ][safepoint     ] Leaving safepoint region
[2023-10-19T09:33:48.771+0000][3188.995s][info ][safepoint     ] Total time for which application threads were stopped: 0.0010499 seconds, Stopping threads took: 0.0004888 seconds
[2023-10-19T09:33:49.772+0000][3189.996s][debug][safepoint     ] Safepoint synchronization initiated. (173 threads)
[2023-10-19T09:33:49.773+0000][3189.996s][info ][safepoint     ] Application time: 1.0008242 seconds
[2023-10-19T09:33:49.773+0000][3189.997s][info ][safepoint     ] Entering safepoint region: Cleanup
[2023-10-19T09:33:49.774+0000][3189.998s][info ][safepoint     ] Leaving safepoint region
[2023-10-19T09:33:49.775+0000][3189.998s][info ][safepoint     ] Total time for which application threads were stopped: 0.0014286 seconds, Stopping threads took: 0.0005638 seconds
[2023-10-19T09:33:50.775+0000][3190.999s][debug][safepoint     ] Safepoint synchronization initiated. (173 threads)
[2023-10-19T09:33:50.776+0000][3190.999s][info ][safepoint     ] Application time: 1.0005585 seconds
[2023-10-19T09:33:50.776+0000][3191.000s][info ][safepoint     ] Entering safepoint region: Cleanup
[2023-10-19T09:33:50.776+0000][3191.000s][info ][safepoint     ] Leaving safepoint region
[2023-10-19T09:33:50.777+0000][3191.000s][info ][safepoint     ] Total time for which application threads were stopped: 0.0007809 seconds, Stopping threads took: 0.0003325 seconds
[2023-10-19T09:33:51.777+0000][3192.001s][debug][safepoint     ] Safepoint synchronization initiated. (173 threads)
[2023-10-19T09:33:51.778+0000][3192.001s][info ][safepoint     ] Application time: 1.0006147 seconds
[2023-10-19T09:33:51.778+0000][3192.002s][info ][safepoint     ] Entering safepoint region: Cleanup
[2023-10-19T09:33:51.779+0000][3192.003s][info ][safepoint     ] Leaving safepoint region
[2023-10-19T09:33:51.779+0000][3192.003s][info ][safepoint     ] Total time for which application threads were stopped: 0.0011112 seconds, Stopping threads took: 0.0004829 seconds
[2023-10-19T09:33:52.780+0000][3193.004s][debug][safepoint     ] Safepoint synchronization initiated. (173 threads)
[2023-10-19T09:33:52.780+0000][3193.004s][info ][safepoint     ] Application time: 1.0006843 seconds
[2023-10-19T09:33:52.781+0000][3193.005s][info ][safepoint     ] Entering safepoint region: Cleanup
[2023-10-19T09:33:52.781+0000][3193.005s][info ][safepoint     ] Leaving safepoint region
[2023-10-19T09:33:52.782+0000][3193.006s][info ][safepoint     ] Total time for which application threads were stopped: 0.0009669 seconds, Stopping threads took: 0.0003885 seconds
[2023-10-19T09:33:53.782+0000][3194.006s][debug][safepoint     ] Safepoint synchronization initiated. (173 threads)
[2023-10-19T09:33:53.783+0000][3194.007s][info ][safepoint     ] Application time: 1.0009808 seconds
[2023-10-19T09:33:53.784+0000][3194.007s][info ][safepoint     ] Entering safepoint region: Cleanup
[2023-10-19T09:33:53.784+0000][3194.008s][info ][safepoint     ] Leaving safepoint region
[2023-10-19T09:33:53.785+0000][3194.008s][info ][safepoint     ] Total time for which application threads were stopped: 0.0010352 seconds, Stopping threads took: 0.0004879 seconds
[2023-10-19T09:33:54.785+0000][3195.009s][debug][safepoint     ] Safepoint synchronization initiated. (173 threads)
[2023-10-19T09:33:54.786+0000][3195.010s][info ][safepoint     ] Application time: 1.0007468 seconds
[2023-10-19T09:33:54.786+0000][3195.010s][info ][safepoint     ] Entering safepoint region: Cleanup
[2023-10-19T09:33:54.787+0000][3195.011s][info ][safepoint     ] Leaving safepoint region
[2023-10-19T09:33:54.787+0000][3195.011s][info ][safepoint     ] Total time for which application threads were stopped: 0.0011476 seconds, Stopping threads took: 0.0005166 seconds
[2023-10-19T09:33:55.788+0000][3196.012s][debug][safepoint     ] Safepoint synchronization initiated. (173 threads)
[2023-10-19T09:33:55.789+0000][3196.013s][info ][safepoint     ] Application time: 1.0009908 seconds
[2023-10-19T09:33:55.789+0000][3196.013s][info ][safepoint     ] Entering safepoint region: Cleanup
[2023-10-19T09:33:55.790+0000][3196.014s][info ][safepoint     ] Leaving safepoint region
[2023-10-19T09:33:55.790+0000][3196.014s][info ][safepoint     ] Total time for which application threads were stopped: 0.0011955 seconds, Stopping threads took: 0.0005113 seconds
[2023-10-19T09:33:56.791+0000][3197.015s][debug][safepoint     ] Safepoint synchronization initiated. (173 threads)
[2023-10-19T09:33:56.792+0000][3197.015s][info ][safepoint     ] Application time: 1.0009060 seconds
[2023-10-19T09:33:56.792+0000][3197.016s][info ][safepoint     ] Entering safepoint region: Cleanup
[2023-10-19T09:33:56.793+0000][3197.017s][info ][safepoint     ] Leaving safepoint region
[2023-10-19T09:33:56.794+0000][3197.017s][info ][safepoint     ] Total time for which application threads were stopped: 0.0012648 seconds, Stopping threads took: 0.0005337 seconds
[2023-10-19T09:33:57.794+0000][3198.018s][debug][safepoint     ] Safepoint synchronization initiated. (173 threads)
[2023-10-19T09:33:57.795+0000][3198.019s][info ][safepoint     ] Application time: 1.0009705 seconds
[2023-10-19T09:33:57.796+0000][3198.019s][info ][safepoint     ] Entering safepoint region: Cleanup
[2023-10-19T09:33:57.796+0000][3198.020s][info ][safepoint     ] Leaving safepoint region
[2023-10-19T09:33:57.797+0000][3198.021s][info ][safepoint     ] Total time for which application threads were stopped: 0.0012108 seconds, Stopping threads took: 0.0004692 seconds
[2023-10-19T09:33:58.798+0000][3199.021s][debug][safepoint     ] Safepoint synchronization initiated. (173 threads)
[2023-10-19T09:33:58.798+0000][3199.022s][info ][safepoint     ] Application time: 1.0009535 seconds
[2023-10-19T09:33:58.799+0000][3199.022s][info ][safepoint     ] Entering safepoint region: Cleanup
[2023-10-19T09:33:58.799+0000][3199.023s][info ][safepoint     ] Leaving safepoint region
[2023-10-19T09:33:58.800+0000][3199.024s][info ][safepoint     ] Total time for which application threads were stopped: 0.0013478 seconds, Stopping threads took: 0.0005753 seconds
[2023-10-19T09:33:59.801+0000][3200.025s][debug][safepoint     ] Safepoint synchronization initiated. (173 threads)
[2023-10-19T09:33:59.802+0000][3200.025s][info ][safepoint     ] Application time: 1.0009672 seconds
[2023-10-19T09:33:59.802+0000][3200.026s][info ][safepoint     ] Entering safepoint region: Cleanup
[2023-10-19T09:33:59.803+0000][3200.027s][info ][safepoint     ] Leaving safepoint region
[2023-10-19T09:33:59.803+0000][3200.027s][info ][safepoint     ] Total time for which application threads were stopped: 0.0013017 seconds, Stopping threads took: 0.0005425 seconds
[2023-10-19T09:34:00.804+0000][3201.028s][debug][safepoint     ] Safepoint synchronization initiated. (173 threads)
[2023-10-19T09:34:00.805+0000][3201.028s][info ][safepoint     ] Application time: 1.0006693 seconds
[2023-10-19T09:34:00.805+0000][3201.029s][info ][safepoint     ] Entering safepoint region: Cleanup
[2023-10-19T09:34:00.806+0000][3201.029s][info ][safepoint     ] Leaving safepoint region
[2023-10-19T09:34:00.806+0000][3201.030s][info ][safepoint     ] Total time for which application threads were stopped: 0.0010262 seconds, Stopping threads took: 0.0004076 seconds
[2023-10-19T09:34:01.807+0000][3202.030s][debug][safepoint     ] Safepoint synchronization initiated. (173 threads)
[2023-10-19T09:34:01.807+0000][3202.031s][info ][safepoint     ] Application time: 1.0010247 seconds
[2023-10-19T09:34:01.808+0000][3202.032s][info ][safepoint     ] Entering safepoint region: Cleanup
[2023-10-19T09:34:01.809+0000][3202.033s][info ][safepoint     ] Leaving safepoint region
[2023-10-19T09:34:01.809+0000][3202.033s][info ][safepoint     ] Total time for which application threads were stopped: 0.0012712 seconds, Stopping threads took: 0.0006517 seconds
[2023-10-19T09:34:02.810+0000][3203.034s][debug][safepoint     ] Safepoint synchronization initiated. (173 threads)
[2023-10-19T09:34:02.810+0000][3203.034s][info ][safepoint     ] Application time: 1.0006754 seconds
[2023-10-19T09:34:02.811+0000][3203.035s][info ][safepoint     ] Entering safepoint region: Cleanup
[2023-10-19T09:34:02.811+0000][3203.035s][info ][safepoint     ] Leaving safepoint region
[2023-10-19T09:34:02.812+0000][3203.036s][info ][safepoint     ] Total time for which application threads were stopped: 0.0010096 seconds, Stopping threads took: 0.0004471 seconds
[2023-10-19T09:34:03.813+0000][3204.036s][debug][safepoint     ] Safepoint synchronization initiated. (173 threads)
[2023-10-19T09:34:03.813+0000][3204.037s][info ][safepoint     ] Application time: 1.0011508 seconds
[2023-10-19T09:34:03.814+0000][3204.038s][info ][safepoint     ] Entering safepoint region: Cleanup
[2023-10-19T09:34:03.815+0000][3204.039s][info ][safepoint     ] Leaving safepoint region
[2023-10-19T09:34:03.815+0000][3204.039s][info ][safepoint     ] Total time for which application threads were stopped: 0.0011187 seconds, Stopping threads took: 0.0005282 seconds
[2023-10-19T09:34:04.816+0000][3205.040s][debug][safepoint     ] Safepoint synchronization initiated. (173 threads)
[2023-10-19T09:34:04.817+0000][3205.041s][info ][safepoint     ] Application time: 1.0011483 seconds
[2023-10-19T09:34:04.818+0000][3205.042s][info ][safepoint     ] Entering safepoint region: Cleanup
[2023-10-19T09:34:04.819+0000][3205.043s][info ][safepoint     ] Leaving safepoint region
[2023-10-19T09:34:04.819+0000][3205.043s][info ][safepoint     ] Total time for which application threads were stopped: 0.0015822 seconds, Stopping threads took: 0.0008572 seconds
[2023-10-19T09:34:05.820+0000][3206.044s][debug][safepoint     ] Safepoint synchronization initiated. (173 threads)
[2023-10-19T09:34:05.821+0000][3206.045s][info ][safepoint     ] Application time: 1.0013507 seconds
[2023-10-19T09:34:05.822+0000][3206.046s][info ][safepoint     ] Entering safepoint region: Cleanup
[2023-10-19T09:34:05.823+0000][3206.047s][info ][safepoint     ] Leaving safepoint region
[2023-10-19T09:34:05.824+0000][3206.048s][info ][safepoint     ] Total time for which application threads were stopped: 0.0018331 seconds, Stopping threads took: 0.0007855 seconds
[2023-10-19T09:34:06.825+0000][3207.048s][debug][safepoint     ] Safepoint synchronization initiated. (173 threads)
[2023-10-19T09:34:06.826+0000][3207.050s][info ][safepoint     ] Application time: 1.0012894 seconds
[2023-10-19T09:34:06.827+0000][3207.050s][info ][safepoint     ] Entering safepoint region: Cleanup
[2023-10-19T09:34:06.828+0000][3207.052s][info ][safepoint     ] Leaving safepoint region
[2023-10-19T09:34:06.829+0000][3207.052s][info ][safepoint     ] Total time for which application threads were stopped: 0.0019371 seconds, Stopping threads took: 0.0008345 seconds
[2023-10-19T09:34:07.830+0000][3208.053s][debug][safepoint     ] Safepoint synchronization initiated. (173 threads)
[2023-10-19T09:34:07.830+0000][3208.054s][info ][safepoint     ] Application time: 1.0009123 seconds
[2023-10-19T09:34:07.831+0000][3208.055s][info ][safepoint     ] Entering safepoint region: Cleanup
[2023-10-19T09:34:07.832+0000][3208.055s][info ][safepoint     ] Leaving safepoint region
[2023-10-19T09:34:07.832+0000][3208.056s][info ][safepoint     ] Total time for which application threads were stopped: 0.0014093 seconds, Stopping threads took: 0.0006460 seconds
[2023-10-19T09:34:08.833+0000][3209.057s][debug][safepoint     ] Safepoint synchronization initiated. (173 threads)
[2023-10-19T09:34:08.834+0000][3209.057s][info ][safepoint     ] Application time: 1.0007848 seconds
[2023-10-19T09:34:08.834+0000][3209.058s][info ][safepoint     ] Entering safepoint region: Cleanup
[2023-10-19T09:34:08.835+0000][3209.059s][info ][safepoint     ] Leaving safepoint region
[2023-10-19T09:34:08.835+0000][3209.059s][info ][safepoint     ] Total time for which application threads were stopped: 0.0012137 seconds, Stopping threads took: 0.0004715 seconds
[2023-10-19T09:34:09.836+0000][3210.060s][debug][safepoint     ] Safepoint synchronization initiated. (173 threads)
[2023-10-19T09:34:09.836+0000][3210.060s][info ][safepoint     ] Application time: 1.0005952 seconds
[2023-10-19T09:34:09.837+0000][3210.060s][info ][safepoint     ] Entering safepoint region: Cleanup
[2023-10-19T09:34:09.837+0000][3210.061s][info ][safepoint     ] Leaving safepoint region
[2023-10-19T09:34:09.838+0000][3210.061s][info ][safepoint     ] Total time for which application threads were stopped: 0.0008598 seconds, Stopping threads took: 0.0003680 seconds
[2023-10-19T09:34:10.838+0000][3211.062s][debug][safepoint     ] Safepoint synchronization initiated. (173 threads)
[2023-10-19T09:34:10.838+0000][3211.062s][info ][safepoint     ] Application time: 1.0005683 seconds
[2023-10-19T09:34:10.839+0000][3211.063s][info ][safepoint     ] Entering safepoint region: Cleanup
[2023-10-19T09:34:10.839+0000][3211.063s][info ][safepoint     ] Leaving safepoint region
[2023-10-19T09:34:10.840+0000][3211.063s][info ][safepoint     ] Total time for which application threads were stopped: 0.0007683 seconds, Stopping threads took: 0.0003205 seconds
[2023-10-19T09:34:11.840+0000][3212.064s][debug][safepoint     ] Safepoint synchronization initiated. (173 threads)
[2023-10-19T09:34:11.840+0000][3212.064s][info ][safepoint     ] Application time: 1.0006364 seconds
[2023-10-19T09:34:11.841+0000][3212.065s][info ][safepoint     ] Entering safepoint region: Cleanup
[2023-10-19T09:34:11.841+0000][3212.065s][info ][safepoint     ] Leaving safepoint region
[2023-10-19T09:34:11.842+0000][3212.065s][info ][safepoint     ] Total time for which application threads were stopped: 0.0008235 seconds, Stopping threads took: 0.0003609 seconds
[2023-10-19T09:34:12.842+0000][3213.066s][debug][safepoint     ] Safepoint synchronization initiated. (173 threads)
[2023-10-19T09:34:12.844+0000][3213.067s][info ][safepoint     ] Application time: 1.0014900 seconds
[2023-10-19T09:34:12.845+0000][3213.068s][info ][safepoint     ] Entering safepoint region: Cleanup
[2023-10-19T09:34:12.846+0000][3213.070s][info ][safepoint     ] Leaving safepoint region
[2023-10-19T09:34:12.847+0000][3213.071s][info ][safepoint     ] Total time for which application threads were stopped: 0.0022955 seconds, Stopping threads took: 0.0010312 seconds
[2023-10-19T09:34:13.848+0000][3214.072s][debug][safepoint     ] Safepoint synchronization initiated. (173 threads)
[2023-10-19T09:34:13.849+0000][3214.073s][info ][safepoint     ] Application time: 1.0016432 seconds
[2023-10-19T09:34:13.850+0000][3214.074s][info ][safepoint     ] Entering safepoint region: Cleanup
[2023-10-19T09:34:13.851+0000][3214.075s][info ][safepoint     ] Leaving safepoint region
[2023-10-19T09:34:13.852+0000][3214.076s][info ][safepoint     ] Total time for which application threads were stopped: 0.0017807 seconds, Stopping threads took: 0.0006572 seconds
[2023-10-19T09:34:14.853+0000][3215.077s][debug][safepoint     ] Safepoint synchronization initiated. (173 threads)
[2023-10-19T09:34:14.855+0000][3215.078s][info ][safepoint     ] Application time: 1.0015946 seconds
[2023-10-19T09:34:14.856+0000][3215.080s][info ][safepoint     ] Entering safepoint region: Cleanup
[2023-10-19T09:34:14.859+0000][3215.083s][info ][safepoint     ] Leaving safepoint region
[2023-10-19T09:34:14.860+0000][3215.083s][info ][safepoint     ] Total time for which application threads were stopped: 0.0039856 seconds, Stopping threads took: 0.0028330 seconds
[2023-10-19T09:34:15.861+0000][3216.085s][debug][safepoint     ] Safepoint synchronization initiated. (173 threads)
[2023-10-19T09:34:15.862+0000][3216.086s][info ][safepoint     ] Application time: 1.0016641 seconds
[2023-10-19T09:34:15.864+0000][3216.087s][info ][safepoint     ] Entering safepoint region: Cleanup
[2023-10-19T09:34:15.865+0000][3216.088s][info ][safepoint     ] Leaving safepoint region
[2023-10-19T09:34:15.866+0000][3216.089s][info ][safepoint     ] Total time for which application threads were stopped: 0.0020730 seconds, Stopping threads took: 0.0009188 seconds
[2023-10-19T09:34:16.866+0000][3217.090s][debug][safepoint     ] Safepoint synchronization initiated. (173 threads)
[2023-10-19T09:34:16.867+0000][3217.091s][info ][safepoint     ] Application time: 1.0006655 seconds
[2023-10-19T09:34:16.867+0000][3217.091s][info ][safepoint     ] Entering safepoint region: Cleanup
[2023-10-19T09:34:16.868+0000][3217.092s][info ][safepoint     ] Leaving safepoint region
[2023-10-19T09:34:16.868+0000][3217.092s][info ][safepoint     ] Total time for which application threads were stopped: 0.0008816 seconds, Stopping threads took: 0.0003797 seconds
[2023-10-19T09:34:17.869+0000][3218.092s][debug][safepoint     ] Safepoint synchronization initiated. (173 threads)
[2023-10-19T09:34:17.869+0000][3218.093s][info ][safepoint     ] Application time: 1.0005813 seconds
[2023-10-19T09:34:17.869+0000][3218.093s][info ][safepoint     ] Entering safepoint region: Cleanup
[2023-10-19T09:34:17.870+0000][3218.094s][info ][safepoint     ] Leaving safepoint region
[2023-10-19T09:34:17.870+0000][3218.094s][info ][safepoint     ] Total time for which application threads were stopped: 0.0008538 seconds, Stopping threads took: 0.0003382 seconds
[2023-10-19T09:34:18.871+0000][3219.094s][debug][safepoint     ] Safepoint synchronization initiated. (173 threads)
[2023-10-19T09:34:18.871+0000][3219.095s][info ][safepoint     ] Application time: 1.0006172 seconds
[2023-10-19T09:34:18.871+0000][3219.095s][info ][safepoint     ] Entering safepoint region: Cleanup
[2023-10-19T09:34:18.872+0000][3219.096s][info ][safepoint     ] Leaving safepoint region
[2023-10-19T09:34:18.872+0000][3219.096s][info ][safepoint     ] Total time for which application threads were stopped: 0.0008745 seconds, Stopping threads took: 0.0003761 seconds
[2023-10-19T09:34:19.873+0000][3220.096s][debug][safepoint     ] Safepoint synchronization initiated. (173 threads)
[2023-10-19T09:34:19.873+0000][3220.097s][info ][safepoint     ] Application time: 1.0006278 seconds
[2023-10-19T09:34:19.874+0000][3220.097s][info ][safepoint     ] Entering safepoint region: Cleanup
[2023-10-19T09:34:19.874+0000][3220.098s][info ][safepoint     ] Leaving safepoint region
[2023-10-19T09:34:19.874+0000][3220.098s][info ][safepoint     ] Total time for which application threads were stopped: 0.0009048 seconds, Stopping threads took: 0.0003504 seconds
[2023-10-19T09:34:20.875+0000][3221.099s][debug][safepoint     ] Safepoint synchronization initiated. (173 threads)
[2023-10-19T09:34:20.875+0000][3221.099s][info ][safepoint     ] Application time: 1.0005075 seconds
[2023-10-19T09:34:20.876+0000][3221.099s][info ][safepoint     ] Entering safepoint region: Cleanup
[2023-10-19T09:34:20.876+0000][3221.100s][info ][safepoint     ] Leaving safepoint region
[2023-10-19T09:34:20.876+0000][3221.100s][info ][safepoint     ] Total time for which application threads were stopped: 0.0007377 seconds, Stopping threads took: 0.0002992 seconds
[2023-10-19T09:34:21.877+0000][3222.101s][debug][safepoint     ] Safepoint synchronization initiated. (173 threads)
[2023-10-19T09:34:21.877+0000][3222.101s][info ][safepoint     ] Application time: 1.0006833 seconds
[2023-10-19T09:34:21.878+0000][3222.102s][info ][safepoint     ] Entering safepoint region: Cleanup
[2023-10-19T09:34:21.878+0000][3222.102s][info ][safepoint     ] Leaving safepoint region
[2023-10-19T09:34:21.879+0000][3222.103s][info ][safepoint     ] Total time for which application threads were stopped: 0.0009305 seconds, Stopping threads took: 0.0004050 seconds
[2023-10-19T09:34:22.879+0000][3223.103s][debug][safepoint     ] Safepoint synchronization initiated. (173 threads)
[2023-10-19T09:34:22.880+0000][3223.104s][info ][safepoint     ] Application time: 1.0008882 seconds
[2023-10-19T09:34:22.880+0000][3223.104s][info ][safepoint     ] Entering safepoint region: Cleanup
[2023-10-19T09:34:22.881+0000][3223.105s][info ][safepoint     ] Leaving safepoint region
[2023-10-19T09:34:22.882+0000][3223.105s][info ][safepoint     ] Total time for which application threads were stopped: 0.0011782 seconds, Stopping threads took: 0.0005170 seconds
[2023-10-19T09:34:23.882+0000][3224.106s][debug][safepoint     ] Safepoint synchronization initiated. (173 threads)
[2023-10-19T09:34:23.883+0000][3224.107s][info ][safepoint     ] Application time: 1.0009929 seconds
[2023-10-19T09:34:23.884+0000][3224.107s][info ][safepoint     ] Entering safepoint region: Cleanup
[2023-10-19T09:34:23.884+0000][3224.108s][info ][safepoint     ] Leaving safepoint region
[2023-10-19T09:34:23.885+0000][3224.108s][info ][safepoint     ] Total time for which application threads were stopped: 0.0011225 seconds, Stopping threads took: 0.0004944 seconds
[2023-10-19T09:34:24.885+0000][3225.109s][debug][safepoint     ] Safepoint synchronization initiated. (173 threads)
[2023-10-19T09:34:24.886+0000][3225.110s][info ][safepoint     ] Application time: 1.0006670 seconds
[2023-10-19T09:34:24.886+0000][3225.110s][info ][safepoint     ] Entering safepoint region: Cleanup
[2023-10-19T09:34:24.887+0000][3225.111s][info ][safepoint     ] Leaving safepoint region
[2023-10-19T09:34:24.887+0000][3225.111s][info ][safepoint     ] Total time for which application threads were stopped: 0.0011762 seconds, Stopping threads took: 0.0006463 seconds
[2023-10-19T09:34:25.888+0000][3226.112s][debug][safepoint     ] Safepoint synchronization initiated. (173 threads)
[2023-10-19T09:34:25.888+0000][3226.112s][info ][safepoint     ] Application time: 1.0006679 seconds
[2023-10-19T09:34:25.889+0000][3226.113s][info ][safepoint     ] Entering safepoint region: Cleanup
[2023-10-19T09:34:25.889+0000][3226.113s][info ][safepoint     ] Leaving safepoint region
[2023-10-19T09:34:25.890+0000][3226.113s][info ][safepoint     ] Total time for which application threads were stopped: 0.0008974 seconds, Stopping threads took: 0.0003793 seconds
[2023-10-19T09:34:26.890+0000][3227.114s][debug][safepoint     ] Safepoint synchronization initiated. (173 threads)
[2023-10-19T09:34:26.891+0000][3227.114s][info ][safepoint     ] Application time: 1.0006421 seconds
[2023-10-19T09:34:26.891+0000][3227.115s][info ][safepoint     ] Entering safepoint region: Cleanup
[2023-10-19T09:34:26.891+0000][3227.115s][info ][safepoint     ] Leaving safepoint region
[2023-10-19T09:34:26.892+0000][3227.115s][info ][safepoint     ] Total time for which application threads were stopped: 0.0008052 seconds, Stopping threads took: 0.0003738 seconds
[2023-10-19T09:34:27.892+0000][3228.116s][debug][safepoint     ] Safepoint synchronization initiated. (173 threads)
[2023-10-19T09:34:27.893+0000][3228.117s][info ][safepoint     ] Application time: 1.0009469 seconds
[2023-10-19T09:34:27.893+0000][3228.117s][info ][safepoint     ] Entering safepoint region: Cleanup
[2023-10-19T09:34:27.894+0000][3228.118s][info ][safepoint     ] Leaving safepoint region
[2023-10-19T09:34:27.894+0000][3228.118s][info ][safepoint     ] Total time for which application threads were stopped: 0.0010035 seconds, Stopping threads took: 0.0004222 seconds
[2023-10-19T09:34:28.895+0000][3229.119s][debug][safepoint     ] Safepoint synchronization initiated. (173 threads)
[2023-10-19T09:34:28.895+0000][3229.119s][info ][safepoint     ] Application time: 1.0005451 seconds
[2023-10-19T09:34:28.896+0000][3229.119s][info ][safepoint     ] Entering safepoint region: Cleanup
[2023-10-19T09:34:28.896+0000][3229.120s][info ][safepoint     ] Leaving safepoint region
[2023-10-19T09:34:28.896+0000][3229.120s][info ][safepoint     ] Total time for which application threads were stopped: 0.0007778 seconds, Stopping threads took: 0.0003150 seconds
[2023-10-19T09:34:29.897+0000][3230.120s][debug][safepoint     ] Safepoint synchronization initiated. (173 threads)
[2023-10-19T09:34:29.897+0000][3230.121s][info ][safepoint     ] Application time: 1.0006959 seconds
[2023-10-19T09:34:29.898+0000][3230.121s][info ][safepoint     ] Entering safepoint region: Cleanup
[2023-10-19T09:34:29.898+0000][3230.122s][info ][safepoint     ] Leaving safepoint region
[2023-10-19T09:34:29.899+0000][3230.122s][info ][safepoint     ] Total time for which application threads were stopped: 0.0009034 seconds, Stopping threads took: 0.0003870 seconds
[2023-10-19T09:34:30.899+0000][3231.123s][debug][safepoint     ] Safepoint synchronization initiated. (173 threads)
[2023-10-19T09:34:30.899+0000][3231.123s][info ][safepoint     ] Application time: 1.0006370 seconds
[2023-10-19T09:34:30.900+0000][3231.124s][info ][safepoint     ] Entering safepoint region: Cleanup
[2023-10-19T09:34:30.901+0000][3231.124s][info ][safepoint     ] Leaving safepoint region
[2023-10-19T09:34:30.901+0000][3231.125s][info ][safepoint     ] Total time for which application threads were stopped: 0.0010710 seconds, Stopping threads took: 0.0004337 seconds
[2023-10-19T09:34:31.901+0000][3232.125s][debug][safepoint     ] Safepoint synchronization initiated. (173 threads)
[2023-10-19T09:34:31.902+0000][3232.126s][info ][safepoint     ] Application time: 1.0005121 seconds
[2023-10-19T09:34:31.902+0000][3232.126s][info ][safepoint     ] Entering safepoint region: Cleanup
[2023-10-19T09:34:31.903+0000][3232.127s][info ][safepoint     ] Leaving safepoint region
[2023-10-19T09:34:31.903+0000][3232.127s][info ][safepoint     ] Total time for which application threads were stopped: 0.0007814 seconds, Stopping threads took: 0.0003298 seconds
[2023-10-19T09:34:32.904+0000][3233.128s][debug][safepoint     ] Safepoint synchronization initiated. (173 threads)
[2023-10-19T09:34:32.905+0000][3233.129s][info ][safepoint     ] Application time: 1.0013695 seconds
[2023-10-19T09:34:32.905+0000][3233.129s][info ][safepoint     ] Entering safepoint region: Cleanup
[2023-10-19T09:34:32.906+0000][3233.130s][info ][safepoint     ] Leaving safepoint region
[2023-10-19T09:34:32.907+0000][3233.131s][info ][safepoint     ] Total time for which application threads were stopped: 0.0020226 seconds, Stopping threads took: 0.0008334 seconds
[2023-10-19T09:34:33.908+0000][3234.132s][debug][safepoint     ] Safepoint synchronization initiated. (173 threads)
[2023-10-19T09:34:33.909+0000][3234.133s][info ][safepoint     ] Application time: 1.0008953 seconds
[2023-10-19T09:34:33.910+0000][3234.133s][info ][safepoint     ] Entering safepoint region: Cleanup
[2023-10-19T09:34:33.910+0000][3234.134s][info ][safepoint     ] Leaving safepoint region
[2023-10-19T09:34:33.911+0000][3234.135s][info ][safepoint     ] Total time for which application threads were stopped: 0.0011765 seconds, Stopping threads took: 0.0005342 seconds
[2023-10-19T09:34:34.911+0000][3235.135s][debug][safepoint     ] Safepoint synchronization initiated. (173 threads)
[2023-10-19T09:34:34.912+0000][3235.136s][info ][safepoint     ] Application time: 1.0010539 seconds
[2023-10-19T09:34:34.913+0000][3235.137s][info ][safepoint     ] Entering safepoint region: Cleanup
[2023-10-19T09:34:34.914+0000][3235.138s][info ][safepoint     ] Leaving safepoint region
[2023-10-19T09:34:34.915+0000][3235.139s][info ][safepoint     ] Total time for which application threads were stopped: 0.0017356 seconds, Stopping threads took: 0.0007425 seconds
[2023-10-19T09:34:35.916+0000][3236.140s][debug][safepoint     ] Safepoint synchronization initiated. (173 threads)
[2023-10-19T09:34:35.917+0000][3236.140s][info ][safepoint     ] Application time: 1.0011138 seconds
[2023-10-19T09:34:35.917+0000][3236.141s][info ][safepoint     ] Entering safepoint region: Cleanup
[2023-10-19T09:34:35.919+0000][3236.142s][info ][safepoint     ] Leaving safepoint region
[2023-10-19T09:34:35.919+0000][3236.143s][info ][safepoint     ] Total time for which application threads were stopped: 0.0018916 seconds, Stopping threads took: 0.0008593 seconds
[2023-10-19T09:34:36.920+0000][3237.144s][debug][safepoint     ] Safepoint synchronization initiated. (173 threads)
[2023-10-19T09:34:36.921+0000][3237.145s][info ][safepoint     ] Application time: 1.0009408 seconds
[2023-10-19T09:34:36.922+0000][3237.145s][info ][safepoint     ] Entering safepoint region: Cleanup
[2023-10-19T09:34:36.923+0000][3237.146s][info ][safepoint     ] Leaving safepoint region
[2023-10-19T09:34:36.923+0000][3237.147s][info ][safepoint     ] Total time for which application threads were stopped: 0.0016596 seconds, Stopping threads took: 0.0007563 seconds
[2023-10-19T09:34:37.924+0000][3238.148s][debug][safepoint     ] Safepoint synchronization initiated. (173 threads)
[2023-10-19T09:34:37.925+0000][3238.149s][info ][safepoint     ] Application time: 1.0012975 seconds
[2023-10-19T09:34:37.926+0000][3238.150s][info ][safepoint     ] Entering safepoint region: Cleanup
[2023-10-19T09:34:37.927+0000][3238.151s][info ][safepoint     ] Leaving safepoint region
[2023-10-19T09:34:37.928+0000][3238.151s][info ][safepoint     ] Total time for which application threads were stopped: 0.0018014 seconds, Stopping threads took: 0.0007385 seconds
[2023-10-19T09:34:38.929+0000][3239.152s][debug][safepoint     ] Safepoint synchronization initiated. (173 threads)
[2023-10-19T09:34:38.930+0000][3239.153s][info ][safepoint     ] Application time: 1.0013970 seconds
[2023-10-19T09:34:38.931+0000][3239.155s][info ][safepoint     ] Entering safepoint region: Cleanup
[2023-10-19T09:34:38.932+0000][3239.156s][info ][safepoint     ] Leaving safepoint region
[2023-10-19T09:34:38.933+0000][3239.156s][info ][safepoint     ] Total time for which application threads were stopped: 0.0019159 seconds, Stopping threads took: 0.0009293 seconds
[2023-10-19T09:34:39.934+0000][3240.158s][debug][safepoint     ] Safepoint synchronization initiated. (173 threads)
[2023-10-19T09:34:39.935+0000][3240.159s][info ][safepoint     ] Application time: 1.0015767 seconds
[2023-10-19T09:34:39.936+0000][3240.160s][info ][safepoint     ] Entering safepoint region: Cleanup
[2023-10-19T09:34:39.937+0000][3240.161s][info ][safepoint     ] Leaving safepoint region
[2023-10-19T09:34:39.937+0000][3240.161s][info ][safepoint     ] Total time for which application threads were stopped: 0.0013482 seconds, Stopping threads took: 0.0006561 seconds
[2023-10-19T09:34:40.938+0000][3241.162s][debug][safepoint     ] Safepoint synchronization initiated. (173 threads)
[2023-10-19T09:34:40.938+0000][3241.162s][info ][safepoint     ] Application time: 1.0005593 seconds
[2023-10-19T09:34:40.939+0000][3241.163s][info ][safepoint     ] Entering safepoint region: Cleanup
[2023-10-19T09:34:40.940+0000][3241.163s][info ][safepoint     ] Leaving safepoint region
[2023-10-19T09:34:40.940+0000][3241.164s][info ][safepoint     ] Total time for which application threads were stopped: 0.0011098 seconds, Stopping threads took: 0.0005142 seconds
[2023-10-19T09:34:41.941+0000][3242.165s][debug][safepoint     ] Safepoint synchronization initiated. (173 threads)
[2023-10-19T09:34:41.941+0000][3242.165s][info ][safepoint     ] Application time: 1.0009110 seconds
[2023-10-19T09:34:41.942+0000][3242.166s][info ][safepoint     ] Entering safepoint region: Cleanup
[2023-10-19T09:34:41.943+0000][3242.166s][info ][safepoint     ] Leaving safepoint region
[2023-10-19T09:34:41.943+0000][3242.167s][info ][safepoint     ] Total time for which application threads were stopped: 0.0011215 seconds, Stopping threads took: 0.0005626 seconds
[2023-10-19T09:34:42.944+0000][3243.168s][debug][safepoint     ] Safepoint synchronization initiated. (173 threads)
[2023-10-19T09:34:42.944+0000][3243.168s][info ][safepoint     ] Application time: 1.0010157 seconds
[2023-10-19T09:34:42.945+0000][3243.169s][debug][safepoint     ] ... found polling page return exception at pc = 0x00007f0de91b9492, stub =0x00007f0de0840600
[2023-10-19T09:34:42.946+0000][3243.169s][debug][safepoint     ] Waiting for 1 thread(s) to block
[2023-10-19T09:34:42.946+0000][3243.170s][info ][safepoint     ] Entering safepoint region: Cleanup
[2023-10-19T09:34:42.947+0000][3243.171s][info ][safepoint     ] Leaving safepoint region
[2023-10-19T09:34:42.947+0000][3243.171s][info ][safepoint     ] Total time for which application threads were stopped: 0.0023098 seconds, Stopping threads took: 0.0016507 seconds
[2023-10-19T09:34:43.948+0000][3244.172s][debug][safepoint     ] Safepoint synchronization initiated. (173 threads)
[2023-10-19T09:34:43.949+0000][3244.173s][info ][safepoint     ] Application time: 1.0009119 seconds
[2023-10-19T09:34:43.949+0000][3244.173s][info ][safepoint     ] Entering safepoint region: Cleanup
[2023-10-19T09:34:43.950+0000][3244.174s][info ][safepoint     ] Leaving safepoint region
[2023-10-19T09:34:43.950+0000][3244.174s][info ][safepoint     ] Total time for which application threads were stopped: 0.0011385 seconds, Stopping threads took: 0.0005001 seconds
[2023-10-19T09:34:44.951+0000][3245.175s][debug][safepoint     ] Safepoint synchronization initiated. (173 threads)
[2023-10-19T09:34:44.952+0000][3245.176s][info ][safepoint     ] Application time: 1.0013371 seconds
[2023-10-19T09:34:44.953+0000][3245.177s][info ][safepoint     ] Entering safepoint region: Cleanup
[2023-10-19T09:34:44.955+0000][3245.179s][info ][safepoint     ] Leaving safepoint region
[2023-10-19T09:34:44.956+0000][3245.180s][info ][safepoint     ] Total time for which application threads were stopped: 0.0026820 seconds, Stopping threads took: 0.0010877 seconds
[2023-10-19T09:34:45.957+0000][3246.181s][debug][safepoint     ] Safepoint synchronization initiated. (173 threads)
[2023-10-19T09:34:45.958+0000][3246.182s][info ][safepoint     ] Application time: 1.0013085 seconds
[2023-10-19T09:34:45.959+0000][3246.183s][info ][safepoint     ] Entering safepoint region: Cleanup
[2023-10-19T09:34:45.960+0000][3246.184s][info ][safepoint     ] Leaving safepoint region
[2023-10-19T09:34:45.961+0000][3246.185s][info ][safepoint     ] Total time for which application threads were stopped: 0.0020643 seconds, Stopping threads took: 0.0008666 seconds
[2023-10-19T09:34:46.962+0000][3247.186s][debug][safepoint     ] Safepoint synchronization initiated. (173 threads)
[2023-10-19T09:34:46.963+0000][3247.187s][info ][safepoint     ] Application time: 1.0007733 seconds
[2023-10-19T09:34:46.963+0000][3247.187s][info ][safepoint     ] Entering safepoint region: Cleanup
[2023-10-19T09:34:46.964+0000][3247.188s][info ][safepoint     ] Leaving safepoint region
[2023-10-19T09:34:46.964+0000][3247.188s][info ][safepoint     ] Total time for which application threads were stopped: 0.0010291 seconds, Stopping threads took: 0.0004482 seconds
[2023-10-19T09:34:47.965+0000][3248.189s][debug][safepoint     ] Safepoint synchronization initiated. (173 threads)
[2023-10-19T09:34:47.966+0000][3248.189s][info ][safepoint     ] Application time: 1.0009342 seconds
[2023-10-19T09:34:47.966+0000][3248.190s][info ][safepoint     ] Entering safepoint region: Cleanup
[2023-10-19T09:34:47.967+0000][3248.191s][info ][safepoint     ] Leaving safepoint region
[2023-10-19T09:34:47.967+0000][3248.191s][info ][safepoint     ] Total time for which application threads were stopped: 0.0012374 seconds, Stopping threads took: 0.0005466 seconds
[2023-10-19T09:34:48.968+0000][3249.192s][debug][safepoint     ] Safepoint synchronization initiated. (173 threads)
[2023-10-19T09:34:48.969+0000][3249.193s][info ][safepoint     ] Application time: 1.0012671 seconds
[2023-10-19T09:34:48.970+0000][3249.193s][info ][safepoint     ] Entering safepoint region: Cleanup
[2023-10-19T09:34:48.970+0000][3249.194s][info ][safepoint     ] Leaving safepoint region
[2023-10-19T09:34:48.971+0000][3249.195s][info ][safepoint     ] Total time for which application threads were stopped: 0.0013703 seconds, Stopping threads took: 0.0005337 seconds
[2023-10-19T09:34:49.972+0000][3250.196s][debug][safepoint     ] Safepoint synchronization initiated. (173 threads)
[2023-10-19T09:34:49.973+0000][3250.197s][info ][safepoint     ] Application time: 1.0010971 seconds
[2023-10-19T09:34:49.974+0000][3250.198s][info ][safepoint     ] Entering safepoint region: Cleanup
[2023-10-19T09:34:49.975+0000][3250.199s][info ][safepoint     ] Leaving safepoint region
[2023-10-19T09:34:49.976+0000][3250.200s][info ][safepoint     ] Total time for which application threads were stopped: 0.0019765 seconds, Stopping threads took: 0.0007974 seconds
[2023-10-19T09:34:50.977+0000][3251.201s][debug][safepoint     ] Safepoint synchronization initiated. (173 threads)
[2023-10-19T09:34:50.978+0000][3251.202s][info ][safepoint     ] Application time: 1.0015534 seconds
[2023-10-19T09:34:50.978+0000][3251.202s][info ][safepoint     ] Entering safepoint region: Cleanup
[2023-10-19T09:34:50.979+0000][3251.203s][info ][safepoint     ] Leaving safepoint region
[2023-10-19T09:34:50.979+0000][3251.203s][info ][safepoint     ] Total time for which application threads were stopped: 0.0009434 seconds, Stopping threads took: 0.0003765 seconds
[2023-10-19T09:34:51.980+0000][3252.204s][debug][safepoint     ] Safepoint synchronization initiated. (173 threads)
[2023-10-19T09:34:51.981+0000][3252.205s][info ][safepoint     ] Application time: 1.0014072 seconds
[2023-10-19T09:34:51.982+0000][3252.206s][info ][safepoint     ] Entering safepoint region: Cleanup
[2023-10-19T09:34:51.984+0000][3252.207s][info ][safepoint     ] Leaving safepoint region
[2023-10-19T09:34:51.984+0000][3252.208s][info ][safepoint     ] Total time for which application threads were stopped: 0.0020789 seconds, Stopping threads took: 0.0009150 seconds
[2023-10-19T09:34:52.985+0000][3253.209s][debug][safepoint     ] Safepoint synchronization initiated. (173 threads)
[2023-10-19T09:34:52.986+0000][3253.210s][info ][safepoint     ] Application time: 1.0012024 seconds
[2023-10-19T09:34:52.987+0000][3253.211s][info ][safepoint     ] Entering safepoint region: Cleanup
[2023-10-19T09:34:52.988+0000][3253.212s][info ][safepoint     ] Leaving safepoint region
[2023-10-19T09:34:52.989+0000][3253.213s][info ][safepoint     ] Total time for which application threads were stopped: 0.0016930 seconds, Stopping threads took: 0.0007420 seconds
[2023-10-19T09:34:53.990+0000][3254.214s][debug][safepoint     ] Safepoint synchronization initiated. (173 threads)
[2023-10-19T09:34:53.990+0000][3254.214s][info ][safepoint     ] Application time: 1.0008415 seconds
[2023-10-19T09:34:53.991+0000][3254.215s][info ][safepoint     ] Entering safepoint region: Cleanup
[2023-10-19T09:34:53.992+0000][3254.216s][info ][safepoint     ] Leaving safepoint region
[2023-10-19T09:34:53.992+0000][3254.216s][info ][safepoint     ] Total time for which application threads were stopped: 0.0012183 seconds, Stopping threads took: 0.0005518 seconds
[2023-10-19T09:34:54.993+0000][3255.217s][debug][safepoint     ] Safepoint synchronization initiated. (173 threads)
[2023-10-19T09:34:54.993+0000][3255.217s][info ][safepoint     ] Application time: 1.0005488 seconds
[2023-10-19T09:34:54.994+0000][3255.217s][info ][safepoint     ] Entering safepoint region: Cleanup
[2023-10-19T09:34:54.994+0000][3255.218s][info ][safepoint     ] Leaving safepoint region
[2023-10-19T09:34:54.994+0000][3255.218s][info ][safepoint     ] Total time for which application threads were stopped: 0.0007839 seconds, Stopping threads took: 0.0002916 seconds
[2023-10-19T09:34:55.995+0000][3256.219s][debug][safepoint     ] Safepoint synchronization initiated. (173 threads)
[2023-10-19T09:34:55.996+0000][3256.220s][info ][safepoint     ] Application time: 1.0010473 seconds
[2023-10-19T09:34:55.996+0000][3256.220s][info ][safepoint     ] Entering safepoint region: Cleanup
[2023-10-19T09:34:55.997+0000][3256.221s][info ][safepoint     ] Leaving safepoint region
[2023-10-19T09:34:55.997+0000][3256.221s][info ][safepoint     ] Total time for which application threads were stopped: 0.0012191 seconds, Stopping threads took: 0.0004684 seconds
[2023-10-19T09:34:56.998+0000][3257.222s][debug][safepoint     ] Safepoint synchronization initiated. (173 threads)
[2023-10-19T09:34:57.000+0000][3257.223s][info ][safepoint     ] Application time: 1.0016088 seconds
[2023-10-19T09:34:57.001+0000][3257.225s][debug][safepoint     ] ... found polling page return exception at pc = 0x00007f0de92cec98, stub =0x00007f0de0840600
[2023-10-19T09:34:57.002+0000][3257.226s][debug][safepoint     ] Waiting for 1 thread(s) to block
[2023-10-19T09:34:57.003+0000][3257.227s][info ][safepoint     ] Entering safepoint region: Cleanup
[2023-10-19T09:34:57.004+0000][3257.228s][info ][safepoint     ] Leaving safepoint region
[2023-10-19T09:34:57.005+0000][3257.229s][info ][safepoint     ] Total time for which application threads were stopped: 0.0041806 seconds, Stopping threads took: 0.0029801 seconds
[2023-10-19T09:34:58.006+0000][3258.229s][debug][safepoint     ] Safepoint synchronization initiated. (173 threads)
[2023-10-19T09:34:58.007+0000][3258.230s][info ][safepoint     ] Application time: 1.0010840 seconds
[2023-10-19T09:34:58.007+0000][3258.231s][info ][safepoint     ] Entering safepoint region: Cleanup
[2023-10-19T09:34:58.008+0000][3258.232s][info ][safepoint     ] Leaving safepoint region
[2023-10-19T09:34:58.009+0000][3258.233s][info ][safepoint     ] Total time for which application threads were stopped: 0.0015409 seconds, Stopping threads took: 0.0006572 seconds
[2023-10-19T09:34:59.010+0000][3259.234s][debug][safepoint     ] Safepoint synchronization initiated. (173 threads)
[2023-10-19T09:34:59.012+0000][3259.236s][info ][safepoint     ] Application time: 1.0027522 seconds
[2023-10-19T09:34:59.013+0000][3259.237s][info ][safepoint     ] Entering safepoint region: Cleanup
[2023-10-19T09:34:59.014+0000][3259.237s][info ][safepoint     ] Leaving safepoint region
[2023-10-19T09:34:59.014+0000][3259.238s][info ][safepoint     ] Total time for which application threads were stopped: 0.0013320 seconds, Stopping threads took: 0.0005675 seconds
[2023-10-19T09:35:00.015+0000][3260.239s][debug][safepoint     ] Safepoint synchronization initiated. (173 threads)
[2023-10-19T09:35:00.016+0000][3260.239s][info ][safepoint     ] Application time: 1.0009870 seconds
[2023-10-19T09:35:00.017+0000][3260.240s][info ][safepoint     ] Entering safepoint region: Cleanup
[2023-10-19T09:35:00.017+0000][3260.241s][info ][safepoint     ] Leaving safepoint region
[2023-10-19T09:35:00.018+0000][3260.242s][info ][safepoint     ] Total time for which application threads were stopped: 0.0013101 seconds, Stopping threads took: 0.0006146 seconds
[2023-10-19T09:35:01.018+0000][3261.242s][debug][safepoint     ] Safepoint synchronization initiated. (173 threads)
[2023-10-19T09:35:01.019+0000][3261.243s][info ][safepoint     ] Application time: 1.0008983 seconds
[2023-10-19T09:35:01.020+0000][3261.244s][info ][safepoint     ] Entering safepoint region: Cleanup
[2023-10-19T09:35:01.020+0000][3261.244s][info ][safepoint     ] Leaving safepoint region
[2023-10-19T09:35:01.021+0000][3261.245s][info ][safepoint     ] Total time for which application threads were stopped: 0.0012500 seconds, Stopping threads took: 0.0005274 seconds
[2023-10-19T09:35:02.022+0000][3262.245s][debug][safepoint     ] Safepoint synchronization initiated. (173 threads)
[2023-10-19T09:35:02.022+0000][3262.246s][info ][safepoint     ] Application time: 1.0008354 seconds
[2023-10-19T09:35:02.023+0000][3262.247s][info ][safepoint     ] Entering safepoint region: Cleanup
[2023-10-19T09:35:02.024+0000][3262.247s][info ][safepoint     ] Leaving safepoint region
[2023-10-19T09:35:02.024+0000][3262.248s][info ][safepoint     ] Total time for which application threads were stopped: 0.0011961 seconds, Stopping threads took: 0.0005217 seconds
[2023-10-19T09:35:03.016+0000][3263.249s][debug][safepoint     ] Safepoint synchronization initiated. (173 threads)
[2023-10-19T09:35:03.017+0000][3263.250s][info ][safepoint     ] Application time: 1.0012392 seconds
[2023-10-19T09:35:03.017+0000][3263.251s][info ][safepoint     ] Entering safepoint region: Cleanup
[2023-10-19T09:35:03.019+0000][3263.252s][info ][safepoint     ] Leaving safepoint region
[2023-10-19T09:35:03.019+0000][3263.252s][info ][safepoint     ] Total time for which application threads were stopped: 0.0018298 seconds, Stopping threads took: 0.0008298 seconds
[2023-10-19T09:35:04.020+0000][3264.253s][debug][safepoint     ] Safepoint synchronization initiated. (173 threads)
[2023-10-19T09:35:04.021+0000][3264.254s][info ][safepoint     ] Application time: 1.0005414 seconds
[2023-10-19T09:35:04.021+0000][3264.254s][info ][safepoint     ] Entering safepoint region: Cleanup
[2023-10-19T09:35:04.021+0000][3264.254s][info ][safepoint     ] Leaving safepoint region
[2023-10-19T09:35:04.022+0000][3264.255s][info ][safepoint     ] Total time for which application threads were stopped: 0.0007133 seconds, Stopping threads took: 0.0002800 seconds
[2023-10-19T09:35:05.022+0000][3265.255s][debug][safepoint     ] Safepoint synchronization initiated. (173 threads)
[2023-10-19T09:35:05.023+0000][3265.256s][info ][safepoint     ] Application time: 1.0007527 seconds
[2023-10-19T09:35:05.023+0000][3265.256s][info ][safepoint     ] Entering safepoint region: Cleanup
[2023-10-19T09:35:05.024+0000][3265.257s][info ][safepoint     ] Leaving safepoint region
[2023-10-19T09:35:05.024+0000][3265.257s][info ][safepoint     ] Total time for which application threads were stopped: 0.0010785 seconds, Stopping threads took: 0.0004223 seconds
[2023-10-19T09:35:06.025+0000][3266.258s][debug][safepoint     ] Safepoint synchronization initiated. (173 threads)
[2023-10-19T09:35:06.026+0000][3266.259s][info ][safepoint     ] Application time: 1.0013978 seconds
[2023-10-19T09:35:06.027+0000][3266.260s][info ][safepoint     ] Entering safepoint region: Cleanup
[2023-10-19T09:35:06.028+0000][3266.261s][info ][safepoint     ] Leaving safepoint region
[2023-10-19T09:35:06.029+0000][3266.262s][info ][safepoint     ] Total time for which application threads were stopped: 0.0023407 seconds, Stopping threads took: 0.0010051 seconds
[2023-10-19T09:35:07.030+0000][3267.264s][debug][safepoint     ] Safepoint synchronization initiated. (173 threads)
[2023-10-19T09:35:07.032+0000][3267.265s][info ][safepoint     ] Application time: 1.0016834 seconds
[2023-10-19T09:35:07.033+0000][3267.266s][info ][safepoint     ] Entering safepoint region: Cleanup
[2023-10-19T09:35:07.035+0000][3267.268s][info ][safepoint     ] Leaving safepoint region
[2023-10-19T09:35:07.036+0000][3267.269s][info ][safepoint     ] Total time for which application threads were stopped: 0.0025777 seconds, Stopping threads took: 0.0011338 seconds
[2023-10-19T09:35:08.037+0000][3268.270s][debug][safepoint     ] Safepoint synchronization initiated. (173 threads)
[2023-10-19T09:35:08.038+0000][3268.271s][info ][safepoint     ] Application time: 1.0015567 seconds
[2023-10-19T09:35:08.039+0000][3268.272s][info ][safepoint     ] Entering safepoint region: Cleanup
[2023-10-19T09:35:08.040+0000][3268.273s][info ][safepoint     ] Leaving safepoint region
[2023-10-19T09:35:08.041+0000][3268.274s][info ][safepoint     ] Total time for which application threads were stopped: 0.0023886 seconds, Stopping threads took: 0.0010220 seconds
[2023-10-19T09:35:09.042+0000][3269.275s][debug][safepoint     ] Safepoint synchronization initiated. (173 threads)
[2023-10-19T09:35:09.043+0000][3269.276s][info ][safepoint     ] Application time: 1.0013261 seconds
[2023-10-19T09:35:09.044+0000][3269.277s][info ][safepoint     ] Entering safepoint region: Cleanup
[2023-10-19T09:35:09.045+0000][3269.278s][info ][safepoint     ] Leaving safepoint region
[2023-10-19T09:35:09.045+0000][3269.278s][info ][safepoint     ] Total time for which application threads were stopped: 0.0014044 seconds, Stopping threads took: 0.0006847 seconds
[2023-10-19T09:35:10.046+0000][3270.279s][debug][safepoint     ] Safepoint synchronization initiated. (173 threads)
[2023-10-19T09:35:10.046+0000][3270.279s][info ][safepoint     ] Application time: 1.0005918 seconds
[2023-10-19T09:35:10.047+0000][3270.280s][info ][safepoint     ] Entering safepoint region: Cleanup
[2023-10-19T09:35:10.047+0000][3270.280s][info ][safepoint     ] Leaving safepoint region
[2023-10-19T09:35:10.048+0000][3270.281s][info ][safepoint     ] Total time for which application threads were stopped: 0.0009382 seconds, Stopping threads took: 0.0004214 seconds
[2023-10-19T09:35:11.048+0000][3271.281s][debug][safepoint     ] Safepoint synchronization initiated. (173 threads)
[2023-10-19T09:35:11.049+0000][3271.282s][info ][safepoint     ] Application time: 1.0007021 seconds
[2023-10-19T09:35:11.049+0000][3271.282s][info ][safepoint     ] Entering safepoint region: Cleanup
[2023-10-19T09:35:11.050+0000][3271.283s][info ][safepoint     ] Leaving safepoint region
[2023-10-19T09:35:11.051+0000][3271.284s][info ][safepoint     ] Total time for which application threads were stopped: 0.0014236 seconds, Stopping threads took: 0.0006094 seconds
[2023-10-19T09:35:12.051+0000][3272.284s][debug][safepoint     ] Safepoint synchronization initiated. (173 threads)
[2023-10-19T09:35:12.052+0000][3272.285s][info ][safepoint     ] Application time: 1.0006826 seconds
[2023-10-19T09:35:12.053+0000][3272.286s][info ][safepoint     ] Entering safepoint region: Cleanup
[2023-10-19T09:35:12.053+0000][3272.286s][info ][safepoint     ] Leaving safepoint region
[2023-10-19T09:35:12.053+0000][3272.286s][info ][safepoint     ] Total time for which application threads were stopped: 0.0009327 seconds, Stopping threads took: 0.0003354 seconds
[2023-10-19T09:35:13.054+0000][3273.287s][debug][safepoint     ] Safepoint synchronization initiated. (173 threads)
[2023-10-19T09:35:13.054+0000][3273.287s][info ][safepoint     ] Application time: 1.0006214 seconds
[2023-10-19T09:35:13.055+0000][3273.288s][info ][safepoint     ] Entering safepoint region: Cleanup
[2023-10-19T09:35:13.055+0000][3273.288s][info ][safepoint     ] Leaving safepoint region
[2023-10-19T09:35:13.056+0000][3273.289s][info ][safepoint     ] Total time for which application threads were stopped: 0.0010567 seconds, Stopping threads took: 0.0004919 seconds
[2023-10-19T09:35:14.056+0000][3274.289s][debug][safepoint     ] Safepoint synchronization initiated. (173 threads)
[2023-10-19T09:35:14.058+0000][3274.291s][info ][safepoint     ] Application time: 1.0014619 seconds
[2023-10-19T09:35:14.059+0000][3274.292s][info ][safepoint     ] Entering safepoint region: Cleanup
[2023-10-19T09:35:14.060+0000][3274.293s][info ][safepoint     ] Leaving safepoint region
[2023-10-19T09:35:14.061+0000][3274.294s][info ][safepoint     ] Total time for which application threads were stopped: 0.0027129 seconds, Stopping threads took: 0.0011838 seconds
[2023-10-19T09:35:15.062+0000][3275.295s][debug][safepoint     ] Safepoint synchronization initiated. (173 threads)
[2023-10-19T09:35:15.064+0000][3275.297s][info ][safepoint     ] Application time: 1.0013520 seconds
[2023-10-19T09:35:15.065+0000][3275.298s][info ][safepoint     ] Entering safepoint region: Cleanup
[2023-10-19T09:35:15.066+0000][3275.299s][info ][safepoint     ] Leaving safepoint region
[2023-10-19T09:35:15.067+0000][3275.300s][info ][safepoint     ] Total time for which application threads were stopped: 0.0021769 seconds, Stopping threads took: 0.0009185 seconds
[2023-10-19T09:35:16.068+0000][3276.301s][debug][safepoint     ] Safepoint synchronization initiated. (173 threads)
[2023-10-19T09:35:16.069+0000][3276.302s][info ][safepoint     ] Application time: 1.0013967 seconds
[2023-10-19T09:35:16.070+0000][3276.303s][info ][safepoint     ] Entering safepoint region: Cleanup
[2023-10-19T09:35:16.071+0000][3276.304s][info ][safepoint     ] Leaving safepoint region
[2023-10-19T09:35:16.072+0000][3276.305s][info ][safepoint     ] Total time for which application threads were stopped: 0.0019686 seconds, Stopping threads took: 0.0009610 seconds
[2023-10-19T09:35:17.073+0000][3277.306s][debug][safepoint     ] Safepoint synchronization initiated. (173 threads)
[2023-10-19T09:35:17.073+0000][3277.306s][info ][safepoint     ] Application time: 1.0006457 seconds
[2023-10-19T09:35:17.073+0000][3277.306s][info ][safepoint     ] Entering safepoint region: Cleanup
[2023-10-19T09:35:17.074+0000][3277.307s][info ][safepoint     ] Leaving safepoint region
[2023-10-19T09:35:17.074+0000][3277.307s][info ][safepoint     ] Total time for which application threads were stopped: 0.0008804 seconds, Stopping threads took: 0.0003054 seconds
[2023-10-19T09:35:18.075+0000][3278.308s][debug][safepoint     ] Safepoint synchronization initiated. (173 threads)
[2023-10-19T09:35:18.075+0000][3278.308s][info ][safepoint     ] Application time: 1.0006564 seconds
[2023-10-19T09:35:18.076+0000][3278.309s][info ][safepoint     ] Entering safepoint region: Cleanup
[2023-10-19T09:35:18.076+0000][3278.309s][info ][safepoint     ] Leaving safepoint region
[2023-10-19T09:35:18.077+0000][3278.310s][info ][safepoint     ] Total time for which application threads were stopped: 0.0011123 seconds, Stopping threads took: 0.0004465 seconds
[2023-10-19T09:35:19.077+0000][3279.310s][debug][safepoint     ] Safepoint synchronization initiated. (173 threads)
[2023-10-19T09:35:19.078+0000][3279.311s][info ][safepoint     ] Application time: 1.0007072 seconds
[2023-10-19T09:35:19.078+0000][3279.311s][info ][safepoint     ] Entering safepoint region: Cleanup
[2023-10-19T09:35:19.079+0000][3279.312s][info ][safepoint     ] Leaving safepoint region
[2023-10-19T09:35:19.079+0000][3279.312s][info ][safepoint     ] Total time for which application threads were stopped: 0.0007420 seconds, Stopping threads took: 0.0002900 seconds
[2023-10-19T09:35:20.079+0000][3280.312s][debug][safepoint     ] Safepoint synchronization initiated. (173 threads)
[2023-10-19T09:35:20.080+0000][3280.313s][info ][safepoint     ] Application time: 1.0006423 seconds
[2023-10-19T09:35:20.080+0000][3280.313s][info ][safepoint     ] Entering safepoint region: Cleanup
[2023-10-19T09:35:20.081+0000][3280.314s][info ][safepoint     ] Leaving safepoint region
[2023-10-19T09:35:20.081+0000][3280.314s][info ][safepoint     ] Total time for which application threads were stopped: 0.0007370 seconds, Stopping threads took: 0.0003176 seconds
[2023-10-19T09:35:21.081+0000][3281.314s][debug][safepoint     ] Safepoint synchronization initiated. (173 threads)
[2023-10-19T09:35:21.082+0000][3281.315s][info ][safepoint     ] Application time: 1.0007403 seconds
[2023-10-19T09:35:21.082+0000][3281.315s][info ][safepoint     ] Entering safepoint region: Cleanup
[2023-10-19T09:35:21.083+0000][3281.316s][info ][safepoint     ] Leaving safepoint region
[2023-10-19T09:35:21.084+0000][3281.317s][info ][safepoint     ] Total time for which application threads were stopped: 0.0011112 seconds, Stopping threads took: 0.0004904 seconds
[2023-10-19T09:35:22.084+0000][3282.317s][debug][safepoint     ] Safepoint synchronization initiated. (173 threads)
[2023-10-19T09:35:22.085+0000][3282.319s][info ][safepoint     ] Application time: 1.0014758 seconds
[2023-10-19T09:35:22.087+0000][3282.320s][info ][safepoint     ] Entering safepoint region: Cleanup
[2023-10-19T09:35:22.088+0000][3282.321s][info ][safepoint     ] Leaving safepoint region
[2023-10-19T09:35:22.088+0000][3282.321s][info ][safepoint     ] Total time for which application threads were stopped: 0.0018542 seconds, Stopping threads took: 0.0008802 seconds
[2023-10-19T09:35:23.089+0000][3283.322s][debug][safepoint     ] Safepoint synchronization initiated. (173 threads)
[2023-10-19T09:35:23.089+0000][3283.323s][info ][safepoint     ] Application time: 1.0005977 seconds
[2023-10-19T09:35:23.090+0000][3283.323s][info ][safepoint     ] Entering safepoint region: Cleanup
[2023-10-19T09:35:23.090+0000][3283.323s][info ][safepoint     ] Leaving safepoint region
[2023-10-19T09:35:23.091+0000][3283.324s][info ][safepoint     ] Total time for which application threads were stopped: 0.0008615 seconds, Stopping threads took: 0.0003378 seconds
[2023-10-19T09:35:24.091+0000][3284.324s][debug][safepoint     ] Safepoint synchronization initiated. (173 threads)
[2023-10-19T09:35:24.092+0000][3284.325s][info ][safepoint     ] Application time: 1.0005830 seconds
[2023-10-19T09:35:24.092+0000][3284.325s][info ][safepoint     ] Entering safepoint region: Cleanup
[2023-10-19T09:35:24.092+0000][3284.325s][info ][safepoint     ] Leaving safepoint region
[2023-10-19T09:35:24.093+0000][3284.326s][info ][safepoint     ] Total time for which application threads were stopped: 0.0007130 seconds, Stopping threads took: 0.0002840 seconds
[2023-10-19T09:35:25.093+0000][3285.326s][debug][safepoint     ] Safepoint synchronization initiated. (173 threads)
[2023-10-19T09:35:25.094+0000][3285.327s][info ][safepoint     ] Application time: 1.0012001 seconds
[2023-10-19T09:35:25.095+0000][3285.328s][info ][safepoint     ] Entering safepoint region: Cleanup
[2023-10-19T09:35:25.096+0000][3285.329s][info ][safepoint     ] Leaving safepoint region
[2023-10-19T09:35:25.096+0000][3285.329s][info ][safepoint     ] Total time for which application threads were stopped: 0.0015301 seconds, Stopping threads took: 0.0007554 seconds
[2023-10-19T09:35:26.097+0000][3286.330s][debug][safepoint     ] Safepoint synchronization initiated. (173 threads)
[2023-10-19T09:35:26.098+0000][3286.331s][info ][safepoint     ] Application time: 1.0012207 seconds
[2023-10-19T09:35:26.099+0000][3286.332s][info ][safepoint     ] Entering safepoint region: Cleanup
[2023-10-19T09:35:26.100+0000][3286.333s][info ][safepoint     ] Leaving safepoint region
[2023-10-19T09:35:26.101+0000][3286.334s][info ][safepoint     ] Total time for which application threads were stopped: 0.0020019 seconds, Stopping threads took: 0.0008696 seconds
[2023-10-19T09:35:27.102+0000][3287.335s][debug][safepoint     ] Safepoint synchronization initiated. (173 threads)
[2023-10-19T09:35:27.103+0000][3287.336s][info ][safepoint     ] Application time: 1.0015384 seconds
[2023-10-19T09:35:27.105+0000][3287.338s][info ][safepoint     ] Entering safepoint region: Cleanup
[2023-10-19T09:35:27.107+0000][3287.340s][info ][safepoint     ] Leaving safepoint region
[2023-10-19T09:35:27.108+0000][3287.341s][info ][safepoint     ] Total time for which application threads were stopped: 0.0024156 seconds, Stopping threads took: 0.0012412 seconds
[2023-10-19T09:35:28.109+0000][3288.342s][debug][safepoint     ] Safepoint synchronization initiated. (173 threads)
[2023-10-19T09:35:28.110+0000][3288.343s][info ][safepoint     ] Application time: 1.0011565 seconds
[2023-10-19T09:35:28.111+0000][3288.344s][info ][safepoint     ] Entering safepoint region: Cleanup
[2023-10-19T09:35:28.111+0000][3288.344s][info ][safepoint     ] Leaving safepoint region
[2023-10-19T09:35:28.112+0000][3288.345s][info ][safepoint     ] Total time for which application threads were stopped: 0.0012067 seconds, Stopping threads took: 0.0005536 seconds
[2023-10-19T09:35:29.112+0000][3289.345s][debug][safepoint     ] Safepoint synchronization initiated. (173 threads)
[2023-10-19T09:35:29.113+0000][3289.346s][info ][safepoint     ] Application time: 1.0006943 seconds
[2023-10-19T09:35:29.113+0000][3289.346s][info ][safepoint     ] Entering safepoint region: Cleanup
[2023-10-19T09:35:29.114+0000][3289.347s][info ][safepoint     ] Leaving safepoint region
[2023-10-19T09:35:29.114+0000][3289.347s][info ][safepoint     ] Total time for which application threads were stopped: 0.0007759 seconds, Stopping threads took: 0.0003365 seconds
[2023-10-19T09:35:30.115+0000][3290.348s][debug][safepoint     ] Safepoint synchronization initiated. (173 threads)
[2023-10-19T09:35:30.115+0000][3290.348s][info ][safepoint     ] Application time: 1.0009335 seconds
[2023-10-19T09:35:30.116+0000][3290.349s][info ][safepoint     ] Entering safepoint region: Cleanup
[2023-10-19T09:35:30.117+0000][3290.350s][info ][safepoint     ] Leaving safepoint region
[2023-10-19T09:35:30.117+0000][3290.350s][info ][safepoint     ] Total time for which application threads were stopped: 0.0012720 seconds, Stopping threads took: 0.0004989 seconds
[2023-10-19T09:35:31.118+0000][3291.352s][debug][safepoint     ] Safepoint synchronization initiated. (173 threads)
[2023-10-19T09:35:31.124+0000][3291.357s][info ][safepoint     ] Application time: 1.0057145 seconds
[2023-10-19T09:35:31.130+0000][3291.363s][info ][safepoint     ] Entering safepoint region: Cleanup
[2023-10-19T09:35:31.135+0000][3291.368s][info ][safepoint     ] Leaving safepoint region
[2023-10-19T09:35:31.137+0000][3291.370s][info ][safepoint     ] Total time for which application threads were stopped: 0.0073362 seconds, Stopping threads took: 0.0046787 seconds
[2023-10-19T09:35:32.140+0000][3292.373s][debug][safepoint     ] Safepoint synchronization initiated. (173 threads)
[2023-10-19T09:35:32.141+0000][3292.374s][info ][safepoint     ] Application time: 1.0006611 seconds
[2023-10-19T09:35:32.141+0000][3292.374s][info ][safepoint     ] Entering safepoint region: Cleanup
[2023-10-19T09:35:32.141+0000][3292.374s][info ][safepoint     ] Leaving safepoint region
[2023-10-19T09:35:32.142+0000][3292.375s][info ][safepoint     ] Total time for which application threads were stopped: 0.0007793 seconds, Stopping threads took: 0.0002869 seconds
[2023-10-19T09:35:33.152+0000][3293.375s][debug][safepoint     ] Safepoint synchronization initiated. (173 threads)
[2023-10-19T09:35:33.152+0000][3293.376s][info ][safepoint     ] Application time: 1.0006700 seconds
[2023-10-19T09:35:33.153+0000][3293.376s][info ][safepoint     ] Entering safepoint region: Cleanup
[2023-10-19T09:35:33.153+0000][3293.376s][info ][safepoint     ] Leaving safepoint region
[2023-10-19T09:35:33.154+0000][3293.377s][info ][safepoint     ] Total time for which application threads were stopped: 0.0007306 seconds, Stopping threads took: 0.0003073 seconds
[2023-10-19T09:35:34.154+0000][3294.377s][debug][safepoint     ] Safepoint synchronization initiated. (173 threads)
[2023-10-19T09:35:34.155+0000][3294.378s][info ][safepoint     ] Application time: 1.0010356 seconds
[2023-10-19T09:35:34.155+0000][3294.379s][info ][safepoint     ] Entering safepoint region: Cleanup
[2023-10-19T09:35:34.156+0000][3294.379s][info ][safepoint     ] Leaving safepoint region
[2023-10-19T09:35:34.157+0000][3294.380s][info ][safepoint     ] Total time for which application threads were stopped: 0.0012165 seconds, Stopping threads took: 0.0006841 seconds
[2023-10-19T09:35:34.156+0000][3294.379s][debug][safepoint     ] ... found polling page return exception at pc = 0x00007f0de87cbbc4, stub =0x00007f0de0840600
[2023-10-19T09:35:34.156+0000][3294.379s][debug][safepoint     ] ... found polling page return exception at pc = 0x00007f0de87cbbc4, stub =0x00007f0de0840600
[2023-10-19T09:35:34.156+0000][3294.380s][debug][safepoint     ] ... found polling page return exception at pc = 0x00007f0de87cbbc4, stub =0x00007f0de0840600
[2023-10-19T09:35:34.156+0000][3294.380s][debug][safepoint     ] ... found polling page return exception at pc = 0x00007f0de87cbbc4, stub =0x00007f0de0840600
[2023-10-19T09:35:34.156+0000][3294.379s][debug][safepoint     ] ... found polling page return exception at pc = 0x00007f0de87cbbc4, stub =0x00007f0de0840600
[2023-10-19T09:35:35.157+0000][3295.380s][debug][safepoint     ] Safepoint synchronization initiated. (173 threads)
[2023-10-19T09:35:35.158+0000][3295.381s][info ][safepoint     ] Application time: 1.0005428 seconds
[2023-10-19T09:35:35.158+0000][3295.381s][info ][safepoint     ] Entering safepoint region: Cleanup
[2023-10-19T09:35:35.158+0000][3295.382s][info ][safepoint     ] Leaving safepoint region
[2023-10-19T09:35:35.159+0000][3295.382s][info ][safepoint     ] Total time for which application threads were stopped: 0.0007765 seconds, Stopping threads took: 0.0002855 seconds
[2023-10-19T09:35:36.159+0000][3296.382s][debug][safepoint     ] Safepoint synchronization initiated. (173 threads)
[2023-10-19T09:35:36.160+0000][3296.383s][info ][safepoint     ] Application time: 1.0008210 seconds
[2023-10-19T09:35:36.160+0000][3296.383s][info ][safepoint     ] Entering safepoint region: Cleanup
[2023-10-19T09:35:36.161+0000][3296.384s][info ][safepoint     ] Leaving safepoint region
[2023-10-19T09:35:36.161+0000][3296.385s][info ][safepoint     ] Total time for which application threads were stopped: 0.0012920 seconds, Stopping threads took: 0.0004881 seconds
[2023-10-19T09:35:37.162+0000][3297.385s][debug][safepoint     ] Safepoint synchronization initiated. (173 threads)
[2023-10-19T09:35:37.163+0000][3297.386s][info ][safepoint     ] Application time: 1.0011681 seconds
[2023-10-19T09:35:37.164+0000][3297.387s][info ][safepoint     ] Entering safepoint region: Cleanup
[2023-10-19T09:35:37.165+0000][3297.388s][info ][safepoint     ] Leaving safepoint region
[2023-10-19T09:35:37.165+0000][3297.389s][info ][safepoint     ] Total time for which application threads were stopped: 0.0014932 seconds, Stopping threads took: 0.0006215 seconds
[2023-10-19T09:35:38.166+0000][3298.390s][debug][safepoint     ] Safepoint synchronization initiated. (173 threads)
[2023-10-19T09:35:38.167+0000][3298.390s][info ][safepoint     ] Application time: 1.0010335 seconds
[2023-10-19T09:35:38.168+0000][3298.391s][info ][safepoint     ] Entering safepoint region: Cleanup
[2023-10-19T09:35:38.169+0000][3298.392s][info ][safepoint     ] Leaving safepoint region
[2023-10-19T09:35:38.170+0000][3298.393s][info ][safepoint     ] Total time for which application threads were stopped: 0.0018332 seconds, Stopping threads took: 0.0005402 seconds
[2023-10-19T09:35:39.171+0000][3299.394s][debug][safepoint     ] Safepoint synchronization initiated. (173 threads)
[2023-10-19T09:35:39.190+0000][3299.414s][info ][safepoint     ] Application time: 1.0199184 seconds
[2023-10-19T09:35:39.201+0000][3299.424s][info ][safepoint     ] Entering safepoint region: Cleanup
[2023-10-19T09:35:39.202+0000][3299.425s][info ][safepoint     ] Leaving safepoint region
[2023-10-19T09:35:39.203+0000][3299.426s][info ][safepoint     ] Total time for which application threads were stopped: 0.0021126 seconds, Stopping threads took: 0.0005644 seconds
[2023-10-19T09:35:40.204+0000][3300.428s][debug][safepoint     ] Safepoint synchronization initiated. (173 threads)
[2023-10-19T09:35:40.205+0000][3300.428s][info ][safepoint     ] Application time: 1.0006904 seconds
[2023-10-19T09:35:40.205+0000][3300.429s][info ][safepoint     ] Entering safepoint region: Cleanup
[2023-10-19T09:35:40.206+0000][3300.429s][info ][safepoint     ] Leaving safepoint region
[2023-10-19T09:35:40.206+0000][3300.430s][info ][safepoint     ] Total time for which application threads were stopped: 0.0010034 seconds, Stopping threads took: 0.0004778 seconds
[2023-10-19T09:35:41.207+0000][3301.430s][debug][safepoint     ] Safepoint synchronization initiated. (173 threads)
[2023-10-19T09:35:41.208+0000][3301.431s][info ][safepoint     ] Application time: 1.0008300 seconds
[2023-10-19T09:35:41.209+0000][3301.432s][info ][safepoint     ] Entering safepoint region: Cleanup
[2023-10-19T09:35:41.210+0000][3301.433s][info ][safepoint     ] Leaving safepoint region
[2023-10-19T09:35:41.210+0000][3301.434s][info ][safepoint     ] Total time for which application threads were stopped: 0.0016078 seconds, Stopping threads took: 0.0005299 seconds
[2023-10-19T09:35:42.211+0000][3302.434s][debug][safepoint     ] Safepoint synchronization initiated. (173 threads)
[2023-10-19T09:35:42.212+0000][3302.435s][info ][safepoint     ] Application time: 1.0009140 seconds
[2023-10-19T09:35:42.212+0000][3302.436s][info ][safepoint     ] Entering safepoint region: Cleanup
[2023-10-19T09:35:42.213+0000][3302.436s][info ][safepoint     ] Leaving safepoint region
[2023-10-19T09:35:42.214+0000][3302.437s][info ][safepoint     ] Total time for which application threads were stopped: 0.0015478 seconds, Stopping threads took: 0.0005559 seconds
[2023-10-19T09:35:43.215+0000][3303.439s][debug][safepoint     ] Safepoint synchronization initiated. (173 threads)
[2023-10-19T09:35:43.217+0000][3303.440s][info ][safepoint     ] Application time: 1.0013631 seconds
[2023-10-19T09:35:43.217+0000][3303.441s][info ][safepoint     ] Entering safepoint region: Cleanup
[2023-10-19T09:35:43.219+0000][3303.442s][info ][safepoint     ] Leaving safepoint region
[2023-10-19T09:35:43.220+0000][3303.443s][info ][safepoint     ] Total time for which application threads were stopped: 0.0021049 seconds, Stopping threads took: 0.0008810 seconds
[2023-10-19T09:35:44.221+0000][3304.444s][debug][safepoint     ] Safepoint synchronization initiated. (173 threads)
[2023-10-19T09:35:44.222+0000][3304.445s][info ][safepoint     ] Application time: 1.0013655 seconds
[2023-10-19T09:35:44.223+0000][3304.446s][info ][safepoint     ] Entering safepoint region: Cleanup
[2023-10-19T09:35:44.223+0000][3304.447s][info ][safepoint     ] Leaving safepoint region
[2023-10-19T09:35:44.224+0000][3304.447s][info ][safepoint     ] Total time for which application threads were stopped: 0.0014929 seconds, Stopping threads took: 0.0006509 seconds
[2023-10-19T09:35:45.225+0000][3305.448s][debug][safepoint     ] Safepoint synchronization initiated. (173 threads)
[2023-10-19T09:35:45.226+0000][3305.450s][info ][safepoint     ] Application time: 1.0016439 seconds
[2023-10-19T09:35:45.227+0000][3305.451s][info ][safepoint     ] Entering safepoint region: Cleanup
[2023-10-19T09:35:45.229+0000][3305.452s][info ][safepoint     ] Leaving safepoint region
[2023-10-19T09:35:45.230+0000][3305.453s][info ][safepoint     ] Total time for which application threads were stopped: 0.0025773 seconds, Stopping threads took: 0.0011195 seconds
[2023-10-19T09:35:45.229+0000][3305.452s][debug][safepoint     ] ... found polling page return exception at pc = 0x00007f0de87cbbc4, stub =0x00007f0de0840600
[2023-10-19T09:35:45.229+0000][3305.452s][debug][safepoint     ] ... found polling page return exception at pc = 0x00007f0de87cbbc4, stub =0x00007f0de0840600
[2023-10-19T09:35:45.229+0000][3305.452s][debug][safepoint     ] ... found polling page return exception at pc = 0x00007f0de87cbbc4, stub =0x00007f0de0840600
[2023-10-19T09:35:45.229+0000][3305.452s][debug][safepoint     ] ... found polling page loop exception at pc = 0x00007f0de89fdd42, stub =0x00007f0de0843680
[2023-10-19T09:35:45.229+0000][3305.452s][debug][safepoint     ] ... found polling page return exception at pc = 0x00007f0de87cbbc4, stub =0x00007f0de0840600
[2023-10-19T09:35:45.229+0000][3305.452s][debug][safepoint     ] ... found polling page return exception at pc = 0x00007f0de87cbbc4, stub =0x00007f0de0840600
[2023-10-19T09:35:46.231+0000][3306.454s][debug][safepoint     ] Safepoint synchronization initiated. (173 threads)
[2023-10-19T09:35:46.232+0000][3306.456s][info ][safepoint     ] Application time: 1.0015556 seconds
[2023-10-19T09:35:46.234+0000][3306.457s][info ][safepoint     ] Entering safepoint region: Cleanup
[2023-10-19T09:35:46.235+0000][3306.458s][info ][safepoint     ] Leaving safepoint region
[2023-10-19T09:35:46.236+0000][3306.459s][info ][safepoint     ] Total time for which application threads were stopped: 0.0024379 seconds, Stopping threads took: 0.0011120 seconds
[2023-10-19T09:35:47.237+0000][3307.461s][debug][safepoint     ] Safepoint synchronization initiated. (173 threads)
[2023-10-19T09:35:47.239+0000][3307.462s][info ][safepoint     ] Application time: 1.0017464 seconds
[2023-10-19T09:35:47.240+0000][3307.463s][info ][safepoint     ] Entering safepoint region: Cleanup
[2023-10-19T09:35:47.240+0000][3307.464s][info ][safepoint     ] Leaving safepoint region
[2023-10-19T09:35:47.241+0000][3307.464s][info ][safepoint     ] Total time for which application threads were stopped: 0.0015510 seconds, Stopping threads took: 0.0007668 seconds
[2023-10-19T09:35:48.242+0000][3308.465s][debug][safepoint     ] Safepoint synchronization initiated. (173 threads)
[2023-10-19T09:35:48.243+0000][3308.466s][info ][safepoint     ] Application time: 1.0015265 seconds
[2023-10-19T09:35:48.244+0000][3308.467s][info ][safepoint     ] Entering safepoint region: Cleanup
[2023-10-19T09:35:48.245+0000][3308.469s][info ][safepoint     ] Leaving safepoint region
[2023-10-19T09:35:48.246+0000][3308.470s][info ][safepoint     ] Total time for which application threads were stopped: 0.0023092 seconds, Stopping threads took: 0.0010400 seconds
[2023-10-19T09:35:49.248+0000][3309.471s][debug][safepoint     ] Safepoint synchronization initiated. (173 threads)
[2023-10-19T09:35:49.249+0000][3309.472s][info ][safepoint     ] Application time: 1.0014735 seconds
[2023-10-19T09:35:49.250+0000][3309.473s][info ][safepoint     ] Entering safepoint region: Cleanup
[2023-10-19T09:35:49.251+0000][3309.474s][info ][safepoint     ] Leaving safepoint region
[2023-10-19T09:35:49.251+0000][3309.475s][info ][safepoint     ] Total time for which application threads were stopped: 0.0017187 seconds, Stopping threads took: 0.0007146 seconds
[2023-10-19T09:35:50.252+0000][3310.475s][debug][safepoint     ] Safepoint synchronization initiated. (173 threads)
[2023-10-19T09:35:50.253+0000][3310.476s][info ][safepoint     ] Application time: 1.0006920 seconds
[2023-10-19T09:35:50.253+0000][3310.476s][info ][safepoint     ] Entering safepoint region: Cleanup
[2023-10-19T09:35:50.254+0000][3310.477s][info ][safepoint     ] Leaving safepoint region
[2023-10-19T09:35:50.254+0000][3310.478s][info ][safepoint     ] Total time for which application threads were stopped: 0.0012399 seconds, Stopping threads took: 0.0005787 seconds
[2023-10-19T09:35:51.255+0000][3311.478s][debug][safepoint     ] Safepoint synchronization initiated. (173 threads)
[2023-10-19T09:35:51.256+0000][3311.479s][info ][safepoint     ] Application time: 1.0011833 seconds
[2023-10-19T09:35:51.257+0000][3311.480s][info ][safepoint     ] Entering safepoint region: Cleanup
[2023-10-19T09:35:51.258+0000][3311.481s][info ][safepoint     ] Leaving safepoint region
[2023-10-19T09:35:51.259+0000][3311.482s][info ][safepoint     ] Total time for which application threads were stopped: 0.0019751 seconds, Stopping threads took: 0.0009018 seconds
[2023-10-19T09:35:52.260+0000][3312.483s][debug][safepoint     ] Safepoint synchronization initiated. (173 threads)
[2023-10-19T09:35:52.262+0000][3312.485s][info ][safepoint     ] Application time: 1.0020939 seconds
[2023-10-19T09:35:52.262+0000][3312.485s][info ][safepoint     ] Entering safepoint region: Cleanup
[2023-10-19T09:35:52.263+0000][3312.486s][info ][safepoint     ] Leaving safepoint region
[2023-10-19T09:35:52.263+0000][3312.486s][info ][safepoint     ] Total time for which application threads were stopped: 0.0011766 seconds, Stopping threads took: 0.0004093 seconds
[2023-10-19T09:35:53.264+0000][3313.488s][debug][safepoint     ] Safepoint synchronization initiated. (173 threads)
[2023-10-19T09:35:53.265+0000][3313.489s][info ][safepoint     ] Application time: 1.0012013 seconds
[2023-10-19T09:35:53.266+0000][3313.489s][info ][safepoint     ] Entering safepoint region: Cleanup
[2023-10-19T09:35:53.267+0000][3313.490s][info ][safepoint     ] Leaving safepoint region
[2023-10-19T09:35:53.268+0000][3313.491s][info ][safepoint     ] Total time for which application threads were stopped: 0.0017238 seconds, Stopping threads took: 0.0007313 seconds
[2023-10-19T09:35:54.269+0000][3314.492s][debug][safepoint     ] Safepoint synchronization initiated. (173 threads)
[2023-10-19T09:35:54.269+0000][3314.493s][info ][safepoint     ] Application time: 1.0008772 seconds
[2023-10-19T09:35:54.271+0000][3314.494s][info ][safepoint     ] Entering safepoint region: Cleanup
[2023-10-19T09:35:54.271+0000][3314.495s][info ][safepoint     ] Leaving safepoint region
[2023-10-19T09:35:54.272+0000][3314.495s][info ][safepoint     ] Total time for which application threads were stopped: 0.0017291 seconds, Stopping threads took: 0.0010467 seconds
[2023-10-19T09:35:55.273+0000][3315.496s][debug][safepoint     ] Safepoint synchronization initiated. (173 threads)
[2023-10-19T09:35:55.274+0000][3315.497s][info ][safepoint     ] Application time: 1.0010693 seconds
[2023-10-19T09:35:55.274+0000][3315.497s][info ][safepoint     ] Entering safepoint region: Cleanup
[2023-10-19T09:35:55.275+0000][3315.498s][info ][safepoint     ] Leaving safepoint region
[2023-10-19T09:35:55.275+0000][3315.498s][info ][safepoint     ] Total time for which application threads were stopped: 0.0011797 seconds, Stopping threads took: 0.0004836 seconds
[2023-10-19T09:35:56.276+0000][3316.499s][debug][safepoint     ] Safepoint synchronization initiated. (173 threads)
[2023-10-19T09:35:56.276+0000][3316.500s][info ][safepoint     ] Application time: 1.0008171 seconds
[2023-10-19T09:35:56.277+0000][3316.500s][info ][safepoint     ] Entering safepoint region: Cleanup
[2023-10-19T09:35:56.278+0000][3316.501s][info ][safepoint     ] Leaving safepoint region
[2023-10-19T09:35:56.278+0000][3316.501s][info ][safepoint     ] Total time for which application threads were stopped: 0.0012249 seconds, Stopping threads took: 0.0004956 seconds
[2023-10-19T09:35:57.279+0000][3317.502s][debug][safepoint     ] Safepoint synchronization initiated. (173 threads)
[2023-10-19T09:35:57.279+0000][3317.502s][info ][safepoint     ] Application time: 1.0005729 seconds
[2023-10-19T09:35:57.280+0000][3317.503s][info ][safepoint     ] Entering safepoint region: Cleanup
[2023-10-19T09:35:57.280+0000][3317.503s][info ][safepoint     ] Leaving safepoint region
[2023-10-19T09:35:57.280+0000][3317.504s][info ][safepoint     ] Total time for which application threads were stopped: 0.0007299 seconds, Stopping threads took: 0.0002948 seconds
[2023-10-19T09:35:58.281+0000][3318.504s][debug][safepoint     ] Safepoint synchronization initiated. (173 threads)
[2023-10-19T09:35:58.281+0000][3318.504s][info ][safepoint     ] Application time: 1.0005759 seconds
[2023-10-19T09:35:58.282+0000][3318.505s][info ][safepoint     ] Entering safepoint region: Cleanup
[2023-10-19T09:35:58.282+0000][3318.505s][info ][safepoint     ] Leaving safepoint region
[2023-10-19T09:35:58.282+0000][3318.506s][info ][safepoint     ] Total time for which application threads were stopped: 0.0008326 seconds, Stopping threads took: 0.0003629 seconds
[2023-10-19T09:35:59.283+0000][3319.506s][debug][safepoint     ] Safepoint synchronization initiated. (173 threads)
[2023-10-19T09:35:59.284+0000][3319.507s][info ][safepoint     ] Application time: 1.0012500 seconds
[2023-10-19T09:35:59.285+0000][3319.508s][info ][safepoint     ] Entering safepoint region: Cleanup
[2023-10-19T09:35:59.286+0000][3319.509s][info ][safepoint     ] Leaving safepoint region
[2023-10-19T09:35:59.287+0000][3319.510s][info ][safepoint     ] Total time for which application threads were stopped: 0.0019751 seconds, Stopping threads took: 0.0009673 seconds
[2023-10-19T09:36:00.288+0000][3320.511s][debug][safepoint     ] Safepoint synchronization initiated. (173 threads)
[2023-10-19T09:36:00.289+0000][3320.512s][info ][safepoint     ] Application time: 1.0016289 seconds
[2023-10-19T09:36:00.290+0000][3320.514s][info ][safepoint     ] Entering safepoint region: Cleanup
[2023-10-19T09:36:00.292+0000][3320.515s][info ][safepoint     ] Leaving safepoint region
[2023-10-19T09:36:00.293+0000][3320.516s][info ][safepoint     ] Total time for which application threads were stopped: 0.0024417 seconds, Stopping threads took: 0.0011065 seconds
[2023-10-19T09:36:01.294+0000][3321.517s][debug][safepoint     ] Safepoint synchronization initiated. (173 threads)
[2023-10-19T09:36:01.295+0000][3321.518s][info ][safepoint     ] Application time: 1.0009592 seconds
[2023-10-19T09:36:01.295+0000][3321.519s][info ][safepoint     ] Entering safepoint region: Cleanup
[2023-10-19T09:36:01.296+0000][3321.520s][info ][safepoint     ] Leaving safepoint region
[2023-10-19T09:36:01.297+0000][3321.520s][info ][safepoint     ] Total time for which application threads were stopped: 0.0016964 seconds, Stopping threads took: 0.0007059 seconds
[2023-10-19T09:36:02.298+0000][3322.521s][debug][safepoint     ] Safepoint synchronization initiated. (173 threads)
[2023-10-19T09:36:02.298+0000][3322.521s][info ][safepoint     ] Application time: 1.0005408 seconds
[2023-10-19T09:36:02.299+0000][3322.522s][info ][safepoint     ] Entering safepoint region: Cleanup
[2023-10-19T09:36:02.299+0000][3322.522s][info ][safepoint     ] Leaving safepoint region
[2023-10-19T09:36:02.299+0000][3322.523s][info ][safepoint     ] Total time for which application threads were stopped: 0.0007392 seconds, Stopping threads took: 0.0002850 seconds
[2023-10-19T09:36:03.293+0000][3323.523s][debug][safepoint     ] Safepoint synchronization initiated. (173 threads)
[2023-10-19T09:36:03.293+0000][3323.524s][info ][safepoint     ] Application time: 1.0008706 seconds
[2023-10-19T09:36:03.294+0000][3323.524s][info ][safepoint     ] Entering safepoint region: Cleanup
[2023-10-19T09:36:03.295+0000][3323.525s][info ][safepoint     ] Leaving safepoint region
[2023-10-19T09:36:03.295+0000][3323.526s][info ][safepoint     ] Total time for which application threads were stopped: 0.0012682 seconds, Stopping threads took: 0.0005924 seconds
[2023-10-19T09:36:04.296+0000][3324.527s][debug][safepoint     ] Safepoint synchronization initiated. (173 threads)
[2023-10-19T09:36:04.297+0000][3324.528s][info ][safepoint     ] Application time: 1.0015248 seconds
[2023-10-19T09:36:04.298+0000][3324.529s][info ][safepoint     ] Entering safepoint region: Cleanup
[2023-10-19T09:36:04.300+0000][3324.530s][info ][safepoint     ] Leaving safepoint region
[2023-10-19T09:36:04.301+0000][3324.531s][info ][safepoint     ] Total time for which application threads were stopped: 0.0022925 seconds, Stopping threads took: 0.0010587 seconds
[2023-10-19T09:36:05.301+0000][3325.532s][debug][safepoint     ] Safepoint synchronization initiated. (173 threads)
[2023-10-19T09:36:05.303+0000][3325.533s][info ][safepoint     ] Application time: 1.0013720 seconds
[2023-10-19T09:36:05.304+0000][3325.534s][info ][safepoint     ] Entering safepoint region: Cleanup
[2023-10-19T09:36:05.305+0000][3325.535s][info ][safepoint     ] Leaving safepoint region
[2023-10-19T09:36:05.306+0000][3325.536s][info ][safepoint     ] Total time for which application threads were stopped: 0.0022746 seconds, Stopping threads took: 0.0009952 seconds
[2023-10-19T09:36:06.307+0000][3326.537s][debug][safepoint     ] Safepoint synchronization initiated. (173 threads)
[2023-10-19T09:36:06.308+0000][3326.538s][info ][safepoint     ] Application time: 1.0012976 seconds
[2023-10-19T09:36:06.309+0000][3326.539s][info ][safepoint     ] Entering safepoint region: Cleanup
[2023-10-19T09:36:06.310+0000][3326.541s][info ][safepoint     ] Leaving safepoint region
[2023-10-19T09:36:06.311+0000][3326.541s][info ][safepoint     ] Total time for which application threads were stopped: 0.0020144 seconds, Stopping threads took: 0.0009067 seconds
[2023-10-19T09:36:07.312+0000][3327.542s][debug][safepoint     ] Safepoint synchronization initiated. (173 threads)
[2023-10-19T09:36:07.312+0000][3327.543s][info ][safepoint     ] Application time: 1.0006074 seconds
[2023-10-19T09:36:07.312+0000][3327.543s][info ][safepoint     ] Entering safepoint region: Cleanup
[2023-10-19T09:36:07.313+0000][3327.543s][info ][safepoint     ] Leaving safepoint region
[2023-10-19T09:36:07.313+0000][3327.544s][info ][safepoint     ] Total time for which application threads were stopped: 0.0008306 seconds, Stopping threads took: 0.0004095 seconds
[2023-10-19T09:36:08.314+0000][3328.544s][debug][safepoint     ] Safepoint synchronization initiated. (173 threads)
[2023-10-19T09:36:08.315+0000][3328.545s][info ][safepoint     ] Application time: 1.0013146 seconds
[2023-10-19T09:36:08.316+0000][3328.546s][info ][safepoint     ] Entering safepoint region: Cleanup
[2023-10-19T09:36:08.317+0000][3328.547s][info ][safepoint     ] Leaving safepoint region
[2023-10-19T09:36:08.317+0000][3328.548s][info ][safepoint     ] Total time for which application threads were stopped: 0.0019048 seconds, Stopping threads took: 0.0008030 seconds
[2023-10-19T09:36:09.318+0000][3329.549s][debug][safepoint     ] Safepoint synchronization initiated. (173 threads)
[2023-10-19T09:36:09.319+0000][3329.549s][info ][safepoint     ] Application time: 1.0007651 seconds
[2023-10-19T09:36:09.319+0000][3329.550s][info ][safepoint     ] Entering safepoint region: Cleanup
[2023-10-19T09:36:09.320+0000][3329.550s][info ][safepoint     ] Leaving safepoint region
[2023-10-19T09:36:09.320+0000][3329.551s][info ][safepoint     ] Total time for which application threads were stopped: 0.0010862 seconds, Stopping threads took: 0.0004378 seconds
[2023-10-19T09:36:10.321+0000][3330.551s][debug][safepoint     ] Safepoint synchronization initiated. (173 threads)
[2023-10-19T09:36:10.337+0000][3330.567s][info ][safepoint     ] Application time: 1.0157693 seconds
[2023-10-19T09:36:10.338+0000][3330.568s][info ][safepoint     ] Entering safepoint region: Cleanup
[2023-10-19T09:36:10.339+0000][3330.569s][info ][safepoint     ] Leaving safepoint region
[2023-10-19T09:36:10.339+0000][3330.570s][info ][safepoint     ] Total time for which application threads were stopped: 0.0011875 seconds, Stopping threads took: 0.0005625 seconds
[2023-10-19T09:36:11.340+0000][3331.570s][debug][safepoint     ] Safepoint synchronization initiated. (173 threads)
[2023-10-19T09:36:11.340+0000][3331.571s][info ][safepoint     ] Application time: 1.0008706 seconds
[2023-10-19T09:36:11.341+0000][3331.571s][info ][safepoint     ] Entering safepoint region: Cleanup
[2023-10-19T09:36:11.341+0000][3331.572s][info ][safepoint     ] Leaving safepoint region
[2023-10-19T09:36:11.342+0000][3331.573s][info ][safepoint     ] Total time for which application threads were stopped: 0.0012822 seconds, Stopping threads took: 0.0004586 seconds
[2023-10-19T09:36:12.343+0000][3332.573s][debug][safepoint     ] Safepoint synchronization initiated. (173 threads)
[2023-10-19T09:36:12.344+0000][3332.575s][info ][safepoint     ] Application time: 1.0014974 seconds
[2023-10-19T09:36:12.345+0000][3332.576s][info ][safepoint     ] Entering safepoint region: Cleanup
[2023-10-19T09:36:12.346+0000][3332.577s][info ][safepoint     ] Leaving safepoint region
[2023-10-19T09:36:12.347+0000][3332.578s][info ][safepoint     ] Total time for which application threads were stopped: 0.0020938 seconds, Stopping threads took: 0.0009987 seconds
[2023-10-19T09:36:13.348+0000][3333.579s][debug][safepoint     ] Safepoint synchronization initiated. (173 threads)
[2023-10-19T09:36:13.349+0000][3333.579s][info ][safepoint     ] Application time: 1.0008061 seconds
[2023-10-19T09:36:13.349+0000][3333.580s][info ][safepoint     ] Entering safepoint region: Cleanup
[2023-10-19T09:36:13.350+0000][3333.581s][info ][safepoint     ] Leaving safepoint region
[2023-10-19T09:36:13.351+0000][3333.581s][info ][safepoint     ] Total time for which application threads were stopped: 0.0013007 seconds, Stopping threads took: 0.0005720 seconds
[2023-10-19T09:36:14.351+0000][3334.582s][debug][safepoint     ] Safepoint synchronization initiated. (173 threads)
[2023-10-19T09:36:14.352+0000][3334.583s][info ][safepoint     ] Application time: 1.0009425 seconds
[2023-10-19T09:36:14.353+0000][3334.583s][info ][safepoint     ] Entering safepoint region: Cleanup
[2023-10-19T09:36:14.353+0000][3334.584s][info ][safepoint     ] Leaving safepoint region
[2023-10-19T09:36:14.354+0000][3334.584s][info ][safepoint     ] Total time for which application threads were stopped: 0.0011965 seconds, Stopping threads took: 0.0005206 seconds
[2023-10-19T09:36:15.354+0000][3335.585s][debug][safepoint     ] Safepoint synchronization initiated. (173 threads)
[2023-10-19T09:36:15.355+0000][3335.585s][info ][safepoint     ] Application time: 1.0007807 seconds
[2023-10-19T09:36:15.355+0000][3335.586s][info ][safepoint     ] Entering safepoint region: Cleanup
[2023-10-19T09:36:15.356+0000][3335.587s][info ][safepoint     ] Leaving safepoint region
[2023-10-19T09:36:15.356+0000][3335.587s][info ][safepoint     ] Total time for which application threads were stopped: 0.0009156 seconds, Stopping threads took: 0.0004817 seconds
[2023-10-19T09:36:16.357+0000][3336.588s][debug][safepoint     ] Safepoint synchronization initiated. (173 threads)
[2023-10-19T09:36:16.358+0000][3336.589s][info ][safepoint     ] Application time: 1.0016540 seconds
[2023-10-19T09:36:16.360+0000][3336.590s][info ][safepoint     ] Entering safepoint region: Cleanup
[2023-10-19T09:36:16.361+0000][3336.591s][info ][safepoint     ] Leaving safepoint region
[2023-10-19T09:36:16.362+0000][3336.592s][info ][safepoint     ] Total time for which application threads were stopped: 0.0022479 seconds, Stopping threads took: 0.0009679 seconds
[2023-10-19T09:36:17.363+0000][3337.593s][debug][safepoint     ] Safepoint synchronization initiated. (173 threads)
[2023-10-19T09:36:17.364+0000][3337.594s][info ][safepoint     ] Application time: 1.0014136 seconds
[2023-10-19T09:36:17.365+0000][3337.595s][info ][safepoint     ] Entering safepoint region: Cleanup
[2023-10-19T09:36:17.366+0000][3337.597s][info ][safepoint     ] Leaving safepoint region
[2023-10-19T09:36:17.367+0000][3337.597s][info ][safepoint     ] Total time for which application threads were stopped: 0.0022122 seconds, Stopping threads took: 0.0008545 seconds
[2023-10-19T09:36:18.368+0000][3338.598s][debug][safepoint     ] Safepoint synchronization initiated. (173 threads)
[2023-10-19T09:36:18.368+0000][3338.599s][info ][safepoint     ] Application time: 1.0007028 seconds
[2023-10-19T09:36:18.370+0000][3338.600s][info ][safepoint     ] Entering safepoint region: Cleanup
[2023-10-19T09:36:18.370+0000][3338.601s][info ][safepoint     ] Leaving safepoint region
[2023-10-19T09:36:18.370+0000][3338.601s][info ][safepoint     ] Total time for which application threads were stopped: 0.0010301 seconds, Stopping threads took: 0.0005511 seconds
[2023-10-19T09:36:19.371+0000][3339.602s][debug][safepoint     ] Safepoint synchronization initiated. (173 threads)
[2023-10-19T09:36:19.372+0000][3339.603s][info ][safepoint     ] Application time: 1.0012681 seconds
[2023-10-19T09:36:19.373+0000][3339.603s][info ][safepoint     ] Entering safepoint region: Cleanup
[2023-10-19T09:36:19.374+0000][3339.604s][info ][safepoint     ] Leaving safepoint region
[2023-10-19T09:36:19.374+0000][3339.605s][info ][safepoint     ] Total time for which application threads were stopped: 0.0018384 seconds, Stopping threads took: 0.0008797 seconds
[2023-10-19T09:36:20.376+0000][3340.606s][debug][safepoint     ] Safepoint synchronization initiated. (173 threads)
[2023-10-19T09:36:20.376+0000][3340.607s][info ][safepoint     ] Application time: 1.0009188 seconds
[2023-10-19T09:36:20.377+0000][3340.607s][info ][safepoint     ] Entering safepoint region: Cleanup
[2023-10-19T09:36:20.377+0000][3340.608s][info ][safepoint     ] Leaving safepoint region
[2023-10-19T09:36:20.378+0000][3340.608s][info ][safepoint     ] Total time for which application threads were stopped: 0.0010930 seconds, Stopping threads took: 0.0005402 seconds
[2023-10-19T09:36:21.378+0000][3341.609s][debug][safepoint     ] Safepoint synchronization initiated. (173 threads)
[2023-10-19T09:36:21.379+0000][3341.610s][info ][safepoint     ] Application time: 1.0011870 seconds
[2023-10-19T09:36:21.384+0000][3341.615s][info ][safepoint     ] Entering safepoint region: Cleanup
[2023-10-19T09:36:21.385+0000][3341.616s][info ][safepoint     ] Leaving safepoint region
[2023-10-19T09:36:21.386+0000][3341.617s][info ][safepoint     ] Total time for which application threads were stopped: 0.0025594 seconds, Stopping threads took: 0.0018230 seconds
[2023-10-19T09:36:22.387+0000][3342.617s][debug][safepoint     ] Safepoint synchronization initiated. (173 threads)
[2023-10-19T09:36:22.388+0000][3342.619s][info ][safepoint     ] Application time: 1.0015676 seconds
[2023-10-19T09:36:22.389+0000][3342.620s][info ][safepoint     ] Entering safepoint region: Cleanup
[2023-10-19T09:36:22.390+0000][3342.621s][info ][safepoint     ] Leaving safepoint region
[2023-10-19T09:36:22.391+0000][3342.622s][info ][safepoint     ] Total time for which application threads were stopped: 0.0021337 seconds, Stopping threads took: 0.0008884 seconds
[2023-10-19T09:36:23.392+0000][3343.623s][debug][safepoint     ] Safepoint synchronization initiated. (173 threads)
[2023-10-19T09:36:23.394+0000][3343.624s][info ][safepoint     ] Application time: 1.0015995 seconds
[2023-10-19T09:36:23.394+0000][3343.625s][info ][safepoint     ] Entering safepoint region: Cleanup
[2023-10-19T09:36:23.396+0000][3343.627s][info ][safepoint     ] Leaving safepoint region
[2023-10-19T09:36:23.397+0000][3343.627s][info ][safepoint     ] Total time for which application threads were stopped: 0.0024786 seconds, Stopping threads took: 0.0011712 seconds
[2023-10-19T09:36:23.454+0000][3343.684s][debug][safepoint     ] Safepoint synchronization initiated. (173 threads)
[2023-10-19T09:36:23.454+0000][3343.685s][info ][safepoint     ] Application time: 0.0564577 seconds
[2023-10-19T09:36:23.455+0000][3343.685s][info ][safepoint     ] Entering safepoint region: G1CollectForAllocation
[2023-10-19T09:36:23.456+0000][3343.686s][info ][gc,start      ] GC(92) Pause Young (Prepare Mixed) (G1 Evacuation Pause)
[2023-10-19T09:36:23.456+0000][3343.687s][info ][gc,task       ] GC(92) Using 8 workers of 8 for evacuation
[2023-10-19T09:36:23.462+0000][3343.693s][info ][gc,phases     ] GC(92)   Pre Evacuate Collection Set: 0.0ms
[2023-10-19T09:36:23.463+0000][3343.693s][info ][gc,phases     ] GC(92)   Evacuate Collection Set: 2.8ms
[2023-10-19T09:36:23.463+0000][3343.694s][info ][gc,phases     ] GC(92)   Post Evacuate Collection Set: 2.3ms
[2023-10-19T09:36:23.464+0000][3343.694s][info ][gc,phases     ] GC(92)   Other: 1.2ms
[2023-10-19T09:36:23.464+0000][3343.695s][info ][gc,heap       ] GC(92) Eden regions: 138->0(16)
[2023-10-19T09:36:23.465+0000][3343.695s][info ][gc,heap       ] GC(92) Survivor regions: 1->1(18)
[2023-10-19T09:36:23.465+0000][3343.696s][info ][gc,heap       ] GC(92) Old regions: 131->131
[2023-10-19T09:36:23.466+0000][3343.696s][info ][gc,heap       ] GC(92) Humongous regions: 25->25
[2023-10-19T09:36:23.466+0000][3343.697s][info ][gc,metaspace  ] GC(92) Metaspace: 160674K(167632K)->160674K(167632K) NonClass: 142092K(146640K)->142092K(146640K) Class: 18581K(20992K)->18581K(20992K)
[2023-10-19T09:36:23.467+0000][3343.697s][info ][gc            ] GC(92) Pause Young (Prepare Mixed) (G1 Evacuation Pause) 293M->155M(350M) 11.042ms
[2023-10-19T09:36:23.467+0000][3343.698s][info ][gc,cpu        ] GC(92) User=0.03s Sys=0.00s Real=0.01s
[2023-10-19T09:36:23.468+0000][3343.698s][info ][safepoint     ] Leaving safepoint region
[2023-10-19T09:36:23.468+0000][3343.699s][info ][safepoint     ] Total time for which application threads were stopped: 0.0130674 seconds, Stopping threads took: 0.0005912 seconds
[2023-10-19T09:36:23.469+0000][3343.699s][info ][gc,stringdedup] Concurrent String Deduplication (3343.699s)
[2023-10-19T09:36:23.469+0000][3343.699s][info ][gc,stringdedup] Concurrent String Deduplication 24.0B->0.0B(24.0B) avg 54.5% (3343.699s, 3343.699s) 0.365ms
[2023-10-19T09:36:24.469+0000][3344.699s][debug][safepoint     ] Safepoint synchronization initiated. (173 threads)
[2023-10-19T09:36:24.469+0000][3344.700s][info ][safepoint     ] Application time: 1.0005505 seconds
[2023-10-19T09:36:24.469+0000][3344.700s][info ][safepoint     ] Entering safepoint region: Cleanup
[2023-10-19T09:36:24.470+0000][3344.700s][info ][safepoint     ] Leaving safepoint region
[2023-10-19T09:36:24.470+0000][3344.701s][info ][safepoint     ] Total time for which application threads were stopped: 0.0006878 seconds, Stopping threads took: 0.0002813 seconds
[2023-10-19T09:36:25.470+0000][3345.701s][debug][safepoint     ] Safepoint synchronization initiated. (173 threads)
[2023-10-19T09:36:25.471+0000][3345.701s][info ][safepoint     ] Application time: 1.0006189 seconds
[2023-10-19T09:36:25.471+0000][3345.702s][info ][safepoint     ] Entering safepoint region: Cleanup
[2023-10-19T09:36:25.472+0000][3345.703s][info ][safepoint     ] Leaving safepoint region
[2023-10-19T09:36:25.473+0000][3345.703s][info ][safepoint     ] Total time for which application threads were stopped: 0.0013325 seconds, Stopping threads took: 0.0006456 seconds
[2023-10-19T09:36:26.473+0000][3346.704s][debug][safepoint     ] Safepoint synchronization initiated. (173 threads)
[2023-10-19T09:36:26.474+0000][3346.704s][info ][safepoint     ] Application time: 1.0008039 seconds
[2023-10-19T09:36:26.474+0000][3346.705s][debug][safepoint     ] ... found polling page loop exception at pc = 0x00007f0de931fb6a, stub =0x00007f0de0843680
[2023-10-19T09:36:26.475+0000][3346.705s][debug][safepoint     ] Waiting for 2 thread(s) to block
[2023-10-19T09:36:26.475+0000][3346.706s][info ][safepoint     ] Entering safepoint region: Cleanup
[2023-10-19T09:36:26.476+0000][3346.706s][info ][safepoint     ] Leaving safepoint region
[2023-10-19T09:36:26.476+0000][3346.707s][info ][safepoint     ] Total time for which application threads were stopped: 0.0021433 seconds, Stopping threads took: 0.0014467 seconds
[2023-10-19T09:36:27.477+0000][3347.708s][debug][safepoint     ] Safepoint synchronization initiated. (173 threads)
[2023-10-19T09:36:27.478+0000][3347.708s][info ][safepoint     ] Application time: 1.0010031 seconds
[2023-10-19T09:36:27.478+0000][3347.709s][info ][safepoint     ] Entering safepoint region: Cleanup
[2023-10-19T09:36:27.479+0000][3347.710s][info ][safepoint     ] Leaving safepoint region
[2023-10-19T09:36:27.480+0000][3347.710s][info ][safepoint     ] Total time for which application threads were stopped: 0.0012683 seconds, Stopping threads took: 0.0005121 seconds
[2023-10-19T09:36:28.480+0000][3348.711s][debug][safepoint     ] Safepoint synchronization initiated. (173 threads)
[2023-10-19T09:36:28.481+0000][3348.712s][info ][safepoint     ] Application time: 1.0010386 seconds
[2023-10-19T09:36:28.482+0000][3348.712s][info ][safepoint     ] Entering safepoint region: Cleanup
[2023-10-19T09:36:28.483+0000][3348.713s][info ][safepoint     ] Leaving safepoint region
[2023-10-19T09:36:28.483+0000][3348.714s][info ][safepoint     ] Total time for which application threads were stopped: 0.0012833 seconds, Stopping threads took: 0.0006695 seconds
[2023-10-19T09:36:29.484+0000][3349.714s][debug][safepoint     ] Safepoint synchronization initiated. (173 threads)
[2023-10-19T09:36:29.485+0000][3349.715s][info ][safepoint     ] Application time: 1.0012197 seconds
[2023-10-19T09:36:29.486+0000][3349.716s][info ][safepoint     ] Entering safepoint region: Cleanup
[2023-10-19T09:36:29.487+0000][3349.717s][info ][safepoint     ] Leaving safepoint region
[2023-10-19T09:36:29.487+0000][3349.718s][info ][safepoint     ] Total time for which application threads were stopped: 0.0017962 seconds, Stopping threads took: 0.0008506 seconds
[2023-10-19T09:36:30.488+0000][3350.719s][debug][safepoint     ] Safepoint synchronization initiated. (173 threads)
[2023-10-19T09:36:30.489+0000][3350.719s][info ][safepoint     ] Application time: 1.0006910 seconds
[2023-10-19T09:36:30.489+0000][3350.720s][info ][safepoint     ] Entering safepoint region: Cleanup
[2023-10-19T09:36:30.490+0000][3350.721s][info ][safepoint     ] Leaving safepoint region
[2023-10-19T09:36:30.491+0000][3350.721s][info ][safepoint     ] Total time for which application threads were stopped: 0.0012330 seconds, Stopping threads took: 0.0005175 seconds
[2023-10-19T09:36:31.491+0000][3351.722s][debug][safepoint     ] Safepoint synchronization initiated. (173 threads)
[2023-10-19T09:36:31.492+0000][3351.723s][info ][safepoint     ] Application time: 1.0011953 seconds
[2023-10-19T09:36:31.493+0000][3351.724s][info ][safepoint     ] Entering safepoint region: Cleanup
[2023-10-19T09:36:31.494+0000][3351.725s][info ][safepoint     ] Leaving safepoint region
[2023-10-19T09:36:31.495+0000][3351.725s][info ][safepoint     ] Total time for which application threads were stopped: 0.0015050 seconds, Stopping threads took: 0.0008062 seconds
[2023-10-19T09:36:32.495+0000][3352.726s][debug][safepoint     ] Safepoint synchronization initiated. (173 threads)
[2023-10-19T09:36:32.496+0000][3352.727s][info ][safepoint     ] Application time: 1.0008612 seconds
[2023-10-19T09:36:32.496+0000][3352.727s][info ][safepoint     ] Entering safepoint region: Cleanup
[2023-10-19T09:36:32.497+0000][3352.727s][info ][safepoint     ] Leaving safepoint region
[2023-10-19T09:36:32.497+0000][3352.728s][info ][safepoint     ] Total time for which application threads were stopped: 0.0008091 seconds, Stopping threads took: 0.0003260 seconds
[2023-10-19T09:36:33.497+0000][3353.728s][debug][safepoint     ] Safepoint synchronization initiated. (173 threads)
[2023-10-19T09:36:33.498+0000][3353.729s][info ][safepoint     ] Application time: 1.0012932 seconds
[2023-10-19T09:36:33.499+0000][3353.730s][debug][safepoint     ] ... found polling page loop exception at pc = 0x00007f0de93b7fc7, stub =0x00007f0de0843680
[2023-10-19T09:36:33.499+0000][3353.730s][debug][safepoint     ] ... found polling page return exception at pc = 0x00007f0de8a93fc4, stub =0x00007f0de0840600
[2023-10-19T09:36:33.500+0000][3353.732s][debug][safepoint     ] Waiting for 3 thread(s) to block
[2023-10-19T09:36:33.502+0000][3353.733s][info ][safepoint     ] Entering safepoint region: Cleanup
[2023-10-19T09:36:33.503+0000][3353.734s][info ][safepoint     ] Leaving safepoint region
[2023-10-19T09:36:33.503+0000][3353.734s][info ][safepoint     ] Total time for which application threads were stopped: 0.0043306 seconds, Stopping threads took: 0.0034420 seconds
[2023-10-19T09:36:34.504+0000][3354.735s][debug][safepoint     ] Safepoint synchronization initiated. (173 threads)
[2023-10-19T09:36:34.505+0000][3354.736s][info ][safepoint     ] Application time: 1.0010369 seconds
[2023-10-19T09:36:34.505+0000][3354.737s][info ][safepoint     ] Entering safepoint region: Cleanup
[2023-10-19T09:36:34.506+0000][3354.738s][info ][safepoint     ] Leaving safepoint region
[2023-10-19T09:36:34.507+0000][3354.738s][info ][safepoint     ] Total time for which application threads were stopped: 0.0016382 seconds, Stopping threads took: 0.0006511 seconds
[2023-10-19T09:36:35.508+0000][3355.739s][debug][safepoint     ] Safepoint synchronization initiated. (173 threads)
[2023-10-19T09:36:35.508+0000][3355.739s][info ][safepoint     ] Application time: 1.0004934 seconds
[2023-10-19T09:36:35.508+0000][3355.740s][info ][safepoint     ] Entering safepoint region: Cleanup
[2023-10-19T09:36:35.509+0000][3355.740s][info ][safepoint     ] Leaving safepoint region
[2023-10-19T09:36:35.509+0000][3355.740s][info ][safepoint     ] Total time for which application threads were stopped: 0.0007026 seconds, Stopping threads took: 0.0002700 seconds
[2023-10-19T09:36:36.510+0000][3356.741s][debug][safepoint     ] Safepoint synchronization initiated. (173 threads)
[2023-10-19T09:36:36.511+0000][3356.742s][info ][safepoint     ] Application time: 1.0012113 seconds
[2023-10-19T09:36:36.511+0000][3356.743s][info ][safepoint     ] Entering safepoint region: Cleanup
[2023-10-19T09:36:36.513+0000][3356.744s][info ][safepoint     ] Leaving safepoint region
[2023-10-19T09:36:36.513+0000][3356.744s][info ][safepoint     ] Total time for which application threads were stopped: 0.0018813 seconds, Stopping threads took: 0.0008193 seconds
[2023-10-19T09:36:37.514+0000][3357.745s][debug][safepoint     ] Safepoint synchronization initiated. (173 threads)
[2023-10-19T09:36:37.515+0000][3357.746s][info ][safepoint     ] Application time: 1.0008359 seconds
[2023-10-19T09:36:37.515+0000][3357.747s][info ][safepoint     ] Entering safepoint region: Cleanup
[2023-10-19T09:36:37.516+0000][3357.747s][info ][safepoint     ] Leaving safepoint region
[2023-10-19T09:36:37.516+0000][3357.748s][info ][safepoint     ] Total time for which application threads were stopped: 0.0010347 seconds, Stopping threads took: 0.0005004 seconds
[2023-10-19T09:36:38.517+0000][3358.748s][debug][safepoint     ] Safepoint synchronization initiated. (173 threads)
[2023-10-19T09:36:38.517+0000][3358.748s][info ][safepoint     ] Application time: 1.0005125 seconds
[2023-10-19T09:36:38.517+0000][3358.749s][info ][safepoint     ] Entering safepoint region: Cleanup
[2023-10-19T09:36:38.518+0000][3358.749s][info ][safepoint     ] Leaving safepoint region
[2023-10-19T09:36:38.518+0000][3358.749s][info ][safepoint     ] Total time for which application threads were stopped: 0.0007410 seconds, Stopping threads took: 0.0002717 seconds
[2023-10-19T09:36:39.519+0000][3359.750s][debug][safepoint     ] Safepoint synchronization initiated. (173 threads)
[2023-10-19T09:36:39.519+0000][3359.750s][info ][safepoint     ] Application time: 1.0005312 seconds
[2023-10-19T09:36:39.519+0000][3359.751s][info ][safepoint     ] Entering safepoint region: Cleanup
[2023-10-19T09:36:39.520+0000][3359.751s][info ][safepoint     ] Leaving safepoint region
[2023-10-19T09:36:39.520+0000][3359.751s][info ][safepoint     ] Total time for which application threads were stopped: 0.0009047 seconds, Stopping threads took: 0.0003463 seconds
[2023-10-19T09:36:40.309+0000][3360.540s][debug][safepoint     ] Safepoint synchronization initiated. (173 threads)
[2023-10-19T09:36:40.309+0000][3360.541s][info ][safepoint     ] Application time: 0.7888602 seconds
[2023-10-19T09:36:40.310+0000][3360.541s][info ][safepoint     ] Entering safepoint region: G1CollectForAllocation
[2023-10-19T09:36:40.310+0000][3360.542s][info ][gc,start      ] GC(93) Pause Young (Mixed) (G1 Evacuation Pause)
[2023-10-19T09:36:40.311+0000][3360.542s][info ][gc,task       ] GC(93) Using 8 workers of 8 for evacuation
[2023-10-19T09:36:40.315+0000][3360.547s][info ][gc,phases     ] GC(93)   Pre Evacuate Collection Set: 0.0ms
[2023-10-19T09:36:40.316+0000][3360.547s][info ][gc,phases     ] GC(93)   Evacuate Collection Set: 2.3ms
[2023-10-19T09:36:40.316+0000][3360.548s][info ][gc,phases     ] GC(93)   Post Evacuate Collection Set: 1.9ms
[2023-10-19T09:36:40.317+0000][3360.548s][info ][gc,phases     ] GC(93)   Other: 0.8ms
[2023-10-19T09:36:40.317+0000][3360.548s][info ][gc,heap       ] GC(93) Eden regions: 16->0(139)
[2023-10-19T09:36:40.317+0000][3360.548s][info ][gc,heap       ] GC(93) Survivor regions: 1->1(3)
[2023-10-19T09:36:40.317+0000][3360.549s][info ][gc,heap       ] GC(93) Old regions: 131->131
[2023-10-19T09:36:40.318+0000][3360.549s][info ][gc,heap       ] GC(93) Humongous regions: 25->25
[2023-10-19T09:36:40.318+0000][3360.549s][info ][gc,metaspace  ] GC(93) Metaspace: 160678K(167632K)->160678K(167632K) NonClass: 142097K(146640K)->142097K(146640K) Class: 18581K(20992K)->18581K(20992K)
[2023-10-19T09:36:40.318+0000][3360.549s][info ][gc            ] GC(93) Pause Young (Mixed) (G1 Evacuation Pause) 171M->155M(350M) 7.819ms
[2023-10-19T09:36:40.318+0000][3360.550s][info ][gc,cpu        ] GC(93) User=0.03s Sys=0.00s Real=0.01s
[2023-10-19T09:36:40.319+0000][3360.550s][info ][safepoint     ] Leaving safepoint region
[2023-10-19T09:36:40.319+0000][3360.550s][info ][safepoint     ] Total time for which application threads were stopped: 0.0093146 seconds, Stopping threads took: 0.0003588 seconds
[2023-10-19T09:36:41.320+0000][3361.551s][debug][safepoint     ] Safepoint synchronization initiated. (173 threads)
[2023-10-19T09:36:41.320+0000][3361.552s][info ][safepoint     ] Application time: 1.0009787 seconds
[2023-10-19T09:36:41.321+0000][3361.552s][info ][safepoint     ] Entering safepoint region: Cleanup
[2023-10-19T09:36:41.322+0000][3361.553s][info ][safepoint     ] Leaving safepoint region
[2023-10-19T09:36:41.322+0000][3361.554s][info ][safepoint     ] Total time for which application threads were stopped: 0.0013426 seconds, Stopping threads took: 0.0006012 seconds
[2023-10-19T09:36:42.323+0000][3362.554s][debug][safepoint     ] Safepoint synchronization initiated. (173 threads)
[2023-10-19T09:36:42.324+0000][3362.556s][info ][safepoint     ] Application time: 1.0013293 seconds
[2023-10-19T09:36:42.325+0000][3362.557s][info ][safepoint     ] Entering safepoint region: Cleanup
[2023-10-19T09:36:42.327+0000][3362.558s][info ][safepoint     ] Leaving safepoint region
[2023-10-19T09:36:42.327+0000][3362.559s][info ][safepoint     ] Total time for which application threads were stopped: 0.0022871 seconds, Stopping threads took: 0.0011335 seconds
[2023-10-19T09:36:43.329+0000][3363.560s][debug][safepoint     ] Safepoint synchronization initiated. (173 threads)
[2023-10-19T09:36:43.329+0000][3363.560s][info ][safepoint     ] Application time: 1.0009675 seconds
[2023-10-19T09:36:43.329+0000][3363.561s][info ][safepoint     ] Entering safepoint region: Cleanup
[2023-10-19T09:36:43.330+0000][3363.561s][info ][safepoint     ] Leaving safepoint region
[2023-10-19T09:36:43.330+0000][3363.562s][info ][safepoint     ] Total time for which application threads were stopped: 0.0009028 seconds, Stopping threads took: 0.0003155 seconds
[2023-10-19T09:36:44.331+0000][3364.562s][debug][safepoint     ] Safepoint synchronization initiated. (173 threads)
[2023-10-19T09:36:44.331+0000][3364.562s][info ][safepoint     ] Application time: 1.0004704 seconds
[2023-10-19T09:36:44.331+0000][3364.563s][info ][safepoint     ] Entering safepoint region: Cleanup
[2023-10-19T09:36:44.332+0000][3364.563s][info ][safepoint     ] Leaving safepoint region
[2023-10-19T09:36:44.332+0000][3364.563s][info ][safepoint     ] Total time for which application threads were stopped: 0.0006894 seconds, Stopping threads took: 0.0002783 seconds
[2023-10-19T09:36:45.332+0000][3365.564s][debug][safepoint     ] Safepoint synchronization initiated. (173 threads)
[2023-10-19T09:36:45.333+0000][3365.564s][info ][safepoint     ] Application time: 1.0007935 seconds
[2023-10-19T09:36:45.333+0000][3365.565s][info ][safepoint     ] Entering safepoint region: Cleanup
[2023-10-19T09:36:45.334+0000][3365.565s][info ][safepoint     ] Leaving safepoint region
[2023-10-19T09:36:45.334+0000][3365.566s][info ][safepoint     ] Total time for which application threads were stopped: 0.0009898 seconds, Stopping threads took: 0.0004536 seconds
[2023-10-19T09:36:46.335+0000][3366.566s][debug][safepoint     ] Safepoint synchronization initiated. (173 threads)
[2023-10-19T09:36:46.336+0000][3366.567s][info ][safepoint     ] Application time: 1.0009705 seconds
[2023-10-19T09:36:46.336+0000][3366.568s][info ][safepoint     ] Entering safepoint region: Cleanup
[2023-10-19T09:36:46.337+0000][3366.568s][info ][safepoint     ] Leaving safepoint region
[2023-10-19T09:36:46.337+0000][3366.569s][info ][safepoint     ] Total time for which application threads were stopped: 0.0011085 seconds, Stopping threads took: 0.0005171 seconds
[2023-10-19T09:36:47.338+0000][3367.569s][debug][safepoint     ] Safepoint synchronization initiated. (173 threads)
[2023-10-19T09:36:47.339+0000][3367.570s][info ][safepoint     ] Application time: 1.0007298 seconds
[2023-10-19T09:36:47.339+0000][3367.570s][info ][safepoint     ] Entering safepoint region: Cleanup
[2023-10-19T09:36:47.340+0000][3367.571s][info ][safepoint     ] Leaving safepoint region
[2023-10-19T09:36:47.340+0000][3367.571s][info ][safepoint     ] Total time for which application threads were stopped: 0.0011359 seconds, Stopping threads took: 0.0005536 seconds
[2023-10-19T09:36:48.341+0000][3368.572s][debug][safepoint     ] Safepoint synchronization initiated. (173 threads)
[2023-10-19T09:36:48.342+0000][3368.573s][info ][safepoint     ] Application time: 1.0011321 seconds
[2023-10-19T09:36:48.342+0000][3368.574s][info ][safepoint     ] Entering safepoint region: Cleanup
[2023-10-19T09:36:48.343+0000][3368.575s][info ][safepoint     ] Leaving safepoint region
[2023-10-19T09:36:48.344+0000][3368.575s][info ][safepoint     ] Total time for which application threads were stopped: 0.0016797 seconds, Stopping threads took: 0.0007192 seconds
[2023-10-19T09:36:49.345+0000][3369.576s][debug][safepoint     ] Safepoint synchronization initiated. (173 threads)
[2023-10-19T09:36:49.345+0000][3369.577s][info ][safepoint     ] Application time: 1.0005953 seconds
[2023-10-19T09:36:49.346+0000][3369.577s][info ][safepoint     ] Entering safepoint region: Cleanup
[2023-10-19T09:36:49.346+0000][3369.578s][info ][safepoint     ] Leaving safepoint region
[2023-10-19T09:36:49.347+0000][3369.578s][info ][safepoint     ] Total time for which application threads were stopped: 0.0007651 seconds, Stopping threads took: 0.0003392 seconds
[2023-10-19T09:36:50.347+0000][3370.578s][debug][safepoint     ] Safepoint synchronization initiated. (173 threads)
[2023-10-19T09:36:50.348+0000][3370.579s][info ][safepoint     ] Application time: 1.0011410 seconds
[2023-10-19T09:36:50.349+0000][3370.580s][info ][safepoint     ] Entering safepoint region: Cleanup
[2023-10-19T09:36:50.350+0000][3370.581s][info ][safepoint     ] Leaving safepoint region
[2023-10-19T09:36:50.351+0000][3370.582s][info ][safepoint     ] Total time for which application threads were stopped: 0.0018645 seconds, Stopping threads took: 0.0008529 seconds
[2023-10-19T09:36:51.352+0000][3371.583s][debug][safepoint     ] Safepoint synchronization initiated. (173 threads)
[2023-10-19T09:36:51.352+0000][3371.584s][info ][safepoint     ] Application time: 1.0008530 seconds
[2023-10-19T09:36:51.353+0000][3371.584s][info ][safepoint     ] Entering safepoint region: Cleanup
[2023-10-19T09:36:51.354+0000][3371.586s][info ][safepoint     ] Leaving safepoint region
[2023-10-19T09:36:51.355+0000][3371.586s][info ][safepoint     ] Total time for which application threads were stopped: 0.0016500 seconds, Stopping threads took: 0.0008866 seconds
[2023-10-19T09:36:52.356+0000][3372.587s][debug][safepoint     ] Safepoint synchronization initiated. (173 threads)
[2023-10-19T09:36:52.356+0000][3372.587s][info ][safepoint     ] Application time: 1.0006679 seconds
[2023-10-19T09:36:52.357+0000][3372.588s][debug][safepoint     ] ... found polling page return exception at pc = 0x00007f0de89b8d08, stub =0x00007f0de0840600
[2023-10-19T09:36:52.357+0000][3372.588s][debug][safepoint     ] Waiting for 1 thread(s) to block
[2023-10-19T09:36:52.358+0000][3372.589s][info ][safepoint     ] Entering safepoint region: Cleanup
[2023-10-19T09:36:52.359+0000][3372.590s][info ][safepoint     ] Leaving safepoint region
[2023-10-19T09:36:52.359+0000][3372.591s][info ][safepoint     ] Total time for which application threads were stopped: 0.0025333 seconds, Stopping threads took: 0.0017482 seconds
[2023-10-19T09:36:53.360+0000][3373.591s][debug][safepoint     ] Safepoint synchronization initiated. (173 threads)
[2023-10-19T09:36:53.361+0000][3373.592s][info ][safepoint     ] Application time: 1.0009389 seconds
[2023-10-19T09:36:53.361+0000][3373.593s][info ][safepoint     ] Entering safepoint region: Cleanup
[2023-10-19T09:36:53.362+0000][3373.593s][info ][safepoint     ] Leaving safepoint region
[2023-10-19T09:36:53.363+0000][3373.594s][info ][safepoint     ] Total time for which application threads were stopped: 0.0013750 seconds, Stopping threads took: 0.0006203 seconds
[2023-10-19T09:36:54.364+0000][3374.595s][debug][safepoint     ] Safepoint synchronization initiated. (173 threads)
[2023-10-19T09:36:54.365+0000][3374.596s][info ][safepoint     ] Application time: 1.0017764 seconds
[2023-10-19T09:36:54.366+0000][3374.598s][info ][safepoint     ] Entering safepoint region: Cleanup
[2023-10-19T09:36:54.368+0000][3374.599s][info ][safepoint     ] Leaving safepoint region
[2023-10-19T09:36:54.369+0000][3374.600s][info ][safepoint     ] Total time for which application threads were stopped: 0.0024637 seconds, Stopping threads took: 0.0011831 seconds
[2023-10-19T09:36:55.370+0000][3375.601s][debug][safepoint     ] Safepoint synchronization initiated. (173 threads)
[2023-10-19T09:36:55.370+0000][3375.601s][info ][safepoint     ] Application time: 1.0005334 seconds
[2023-10-19T09:36:55.370+0000][3375.602s][info ][safepoint     ] Entering safepoint region: Cleanup
[2023-10-19T09:36:55.371+0000][3375.602s][info ][safepoint     ] Leaving safepoint region
[2023-10-19T09:36:55.371+0000][3375.602s][info ][safepoint     ] Total time for which application threads were stopped: 0.0007678 seconds, Stopping threads took: 0.0002928 seconds
[2023-10-19T09:36:56.371+0000][3376.603s][debug][safepoint     ] Safepoint synchronization initiated. (173 threads)
[2023-10-19T09:36:56.372+0000][3376.603s][info ][safepoint     ] Application time: 1.0006272 seconds
[2023-10-19T09:36:56.372+0000][3376.604s][info ][safepoint     ] Entering safepoint region: Cleanup
[2023-10-19T09:36:56.373+0000][3376.604s][info ][safepoint     ] Leaving safepoint region
[2023-10-19T09:36:56.373+0000][3376.605s][info ][safepoint     ] Total time for which application threads were stopped: 0.0009480 seconds, Stopping threads took: 0.0003631 seconds
[2023-10-19T09:36:57.374+0000][3377.605s][debug][safepoint     ] Safepoint synchronization initiated. (173 threads)
[2023-10-19T09:36:57.374+0000][3377.606s][info ][safepoint     ] Application time: 1.0007084 seconds
[2023-10-19T09:36:57.375+0000][3377.606s][info ][safepoint     ] Entering safepoint region: Cleanup
[2023-10-19T09:36:57.376+0000][3377.607s][info ][safepoint     ] Leaving safepoint region
[2023-10-19T09:36:57.376+0000][3377.607s][info ][safepoint     ] Total time for which application threads were stopped: 0.0009917 seconds, Stopping threads took: 0.0005016 seconds
[2023-10-19T09:36:58.377+0000][3378.608s][debug][safepoint     ] Safepoint synchronization initiated. (173 threads)
[2023-10-19T09:36:58.377+0000][3378.609s][info ][safepoint     ] Application time: 1.0010411 seconds
[2023-10-19T09:36:58.378+0000][3378.609s][info ][safepoint     ] Entering safepoint region: Cleanup
[2023-10-19T09:36:58.379+0000][3378.610s][info ][safepoint     ] Leaving safepoint region
[2023-10-19T09:36:58.379+0000][3378.611s][info ][safepoint     ] Total time for which application threads were stopped: 0.0012977 seconds, Stopping threads took: 0.0006019 seconds
[2023-10-19T09:36:59.380+0000][3379.611s][debug][safepoint     ] Safepoint synchronization initiated. (173 threads)
[2023-10-19T09:36:59.381+0000][3379.612s][info ][safepoint     ] Application time: 1.0011941 seconds
[2023-10-19T09:36:59.382+0000][3379.613s][info ][safepoint     ] Entering safepoint region: Cleanup
[2023-10-19T09:36:59.383+0000][3379.614s][info ][safepoint     ] Leaving safepoint region
[2023-10-19T09:36:59.384+0000][3379.615s][info ][safepoint     ] Total time for which application threads were stopped: 0.0021017 seconds, Stopping threads took: 0.0008594 seconds
[2023-10-19T09:37:00.385+0000][3380.616s][debug][safepoint     ] Safepoint synchronization initiated. (173 threads)
[2023-10-19T09:37:00.386+0000][3380.617s][info ][safepoint     ] Application time: 1.0013631 seconds
[2023-10-19T09:37:00.387+0000][3380.618s][info ][safepoint     ] Entering safepoint region: Cleanup
[2023-10-19T09:37:00.388+0000][3380.619s][info ][safepoint     ] Leaving safepoint region
[2023-10-19T09:37:00.389+0000][3380.620s][info ][safepoint     ] Total time for which application threads were stopped: 0.0020487 seconds, Stopping threads took: 0.0008097 seconds
[2023-10-19T09:37:01.390+0000][3381.621s][debug][safepoint     ] Safepoint synchronization initiated. (173 threads)
[2023-10-19T09:37:01.390+0000][3381.621s][info ][safepoint     ] Application time: 1.0004948 seconds
[2023-10-19T09:37:01.390+0000][3381.622s][info ][safepoint     ] Entering safepoint region: Cleanup
[2023-10-19T09:37:01.391+0000][3381.622s][info ][safepoint     ] Leaving safepoint region
[2023-10-19T09:37:01.391+0000][3381.622s][info ][safepoint     ] Total time for which application threads were stopped: 0.0007199 seconds, Stopping threads took: 0.0002813 seconds
[2023-10-19T09:37:02.392+0000][3382.623s][debug][safepoint     ] Safepoint synchronization initiated. (173 threads)
[2023-10-19T09:37:02.393+0000][3382.624s][info ][safepoint     ] Application time: 1.0012849 seconds
[2023-10-19T09:37:02.394+0000][3382.625s][info ][safepoint     ] Entering safepoint region: Cleanup
[2023-10-19T09:37:02.395+0000][3382.626s][info ][safepoint     ] Leaving safepoint region
[2023-10-19T09:37:02.396+0000][3382.627s][info ][safepoint     ] Total time for which application threads were stopped: 0.0021105 seconds, Stopping threads took: 0.0009348 seconds
[2023-10-19T09:37:03.397+0000][3383.628s][debug][safepoint     ] Safepoint synchronization initiated. (173 threads)
[2023-10-19T09:37:03.398+0000][3383.630s][info ][safepoint     ] Application time: 1.0015500 seconds
[2023-10-19T09:37:03.399+0000][3383.631s][info ][safepoint     ] Entering safepoint region: Cleanup
[2023-10-19T09:37:03.400+0000][3383.632s][info ][safepoint     ] Leaving safepoint region
[2023-10-19T09:37:03.401+0000][3383.633s][info ][safepoint     ] Total time for which application threads were stopped: 0.0020910 seconds, Stopping threads took: 0.0010038 seconds
[2023-10-19T09:37:04.402+0000][3384.634s][debug][safepoint     ] Safepoint synchronization initiated. (173 threads)
[2023-10-19T09:37:04.404+0000][3384.635s][info ][safepoint     ] Application time: 1.0016434 seconds
[2023-10-19T09:37:04.405+0000][3384.636s][info ][safepoint     ] Entering safepoint region: Cleanup
[2023-10-19T09:37:04.407+0000][3384.638s][info ][safepoint     ] Leaving safepoint region
[2023-10-19T09:37:04.407+0000][3384.639s][info ][safepoint     ] Total time for which application threads were stopped: 0.0025948 seconds, Stopping threads took: 0.0008470 seconds
[2023-10-19T09:37:05.409+0000][3385.640s][debug][safepoint     ] Safepoint synchronization initiated. (173 threads)
[2023-10-19T09:37:05.410+0000][3385.641s][info ][safepoint     ] Application time: 1.0015784 seconds
[2023-10-19T09:37:05.411+0000][3385.642s][info ][safepoint     ] Entering safepoint region: Cleanup
[2023-10-19T09:37:05.412+0000][3385.644s][info ][safepoint     ] Leaving safepoint region
[2023-10-19T09:37:05.413+0000][3385.644s][info ][safepoint     ] Total time for which application threads were stopped: 0.0019316 seconds, Stopping threads took: 0.0009107 seconds
[2023-10-19T09:37:06.414+0000][3386.645s][debug][safepoint     ] Safepoint synchronization initiated. (173 threads)
[2023-10-19T09:37:06.415+0000][3386.646s][info ][safepoint     ] Application time: 1.0012804 seconds
[2023-10-19T09:37:06.415+0000][3386.647s][info ][safepoint     ] Entering safepoint region: Cleanup
[2023-10-19T09:37:06.416+0000][3386.648s][info ][safepoint     ] Leaving safepoint region
[2023-10-19T09:37:06.416+0000][3386.648s][info ][safepoint     ] Total time for which application threads were stopped: 0.0012283 seconds, Stopping threads took: 0.0005361 seconds
[2023-10-19T09:37:07.417+0000][3387.649s][debug][safepoint     ] Safepoint synchronization initiated. (173 threads)
[2023-10-19T09:37:07.418+0000][3387.650s][info ][safepoint     ] Application time: 1.0012535 seconds
[2023-10-19T09:37:07.419+0000][3387.651s][info ][safepoint     ] Entering safepoint region: Cleanup
[2023-10-19T09:37:07.420+0000][3387.652s][info ][safepoint     ] Leaving safepoint region
[2023-10-19T09:37:07.421+0000][3387.653s][info ][safepoint     ] Total time for which application threads were stopped: 0.0019619 seconds, Stopping threads took: 0.0008239 seconds
[2023-10-19T09:37:08.422+0000][3388.654s][debug][safepoint     ] Safepoint synchronization initiated. (173 threads)
[2023-10-19T09:37:08.423+0000][3388.654s][info ][safepoint     ] Application time: 1.0010135 seconds
[2023-10-19T09:37:08.424+0000][3388.655s][info ][safepoint     ] Entering safepoint region: Cleanup
[2023-10-19T09:37:08.424+0000][3388.656s][info ][safepoint     ] Leaving safepoint region
[2023-10-19T09:37:08.425+0000][3388.657s][info ][safepoint     ] Total time for which application threads were stopped: 0.0017801 seconds, Stopping threads took: 0.0006296 seconds
[2023-10-19T09:37:09.427+0000][3389.658s][debug][safepoint     ] Safepoint synchronization initiated. (173 threads)
[2023-10-19T09:37:09.427+0000][3389.659s][info ][safepoint     ] Application time: 1.0010937 seconds
[2023-10-19T09:37:09.428+0000][3389.660s][info ][safepoint     ] Entering safepoint region: Cleanup
[2023-10-19T09:37:09.429+0000][3389.660s][info ][safepoint     ] Leaving safepoint region
[2023-10-19T09:37:09.429+0000][3389.661s][info ][safepoint     ] Total time for which application threads were stopped: 0.0013524 seconds, Stopping threads took: 0.0005959 seconds
[2023-10-19T09:37:10.430+0000][3390.662s][debug][safepoint     ] Safepoint synchronization initiated. (173 threads)
[2023-10-19T09:37:10.431+0000][3390.663s][info ][safepoint     ] Application time: 1.0013719 seconds
[2023-10-19T09:37:10.432+0000][3390.664s][info ][safepoint     ] Entering safepoint region: Cleanup
[2023-10-19T09:37:10.433+0000][3390.665s][info ][safepoint     ] Leaving safepoint region
[2023-10-19T09:37:10.434+0000][3390.666s][info ][safepoint     ] Total time for which application threads were stopped: 0.0022547 seconds, Stopping threads took: 0.0009275 seconds
[2023-10-19T09:37:11.435+0000][3391.667s][debug][safepoint     ] Safepoint synchronization initiated. (173 threads)
[2023-10-19T09:37:11.436+0000][3391.668s][info ][safepoint     ] Application time: 1.0008823 seconds
[2023-10-19T09:37:11.437+0000][3391.668s][info ][safepoint     ] Entering safepoint region: Cleanup
[2023-10-19T09:37:11.438+0000][3391.669s][info ][safepoint     ] Leaving safepoint region
[2023-10-19T09:37:11.438+0000][3391.670s][info ][safepoint     ] Total time for which application threads were stopped: 0.0014047 seconds, Stopping threads took: 0.0006302 seconds
[2023-10-19T09:37:12.439+0000][3392.670s][debug][safepoint     ] Safepoint synchronization initiated. (173 threads)
[2023-10-19T09:37:12.440+0000][3392.671s][info ][safepoint     ] Application time: 1.0008903 seconds
[2023-10-19T09:37:12.440+0000][3392.672s][info ][safepoint     ] Entering safepoint region: Cleanup
[2023-10-19T09:37:12.441+0000][3392.672s][info ][safepoint     ] Leaving safepoint region
[2023-10-19T09:37:12.441+0000][3392.673s][info ][safepoint     ] Total time for which application threads were stopped: 0.0013113 seconds, Stopping threads took: 0.0005684 seconds
[2023-10-19T09:37:13.442+0000][3393.674s][debug][safepoint     ] Safepoint synchronization initiated. (173 threads)
[2023-10-19T09:37:13.442+0000][3393.674s][info ][safepoint     ] Application time: 1.0005263 seconds
[2023-10-19T09:37:13.443+0000][3393.674s][info ][safepoint     ] Entering safepoint region: Cleanup
[2023-10-19T09:37:13.443+0000][3393.675s][info ][safepoint     ] Leaving safepoint region
[2023-10-19T09:37:13.444+0000][3393.675s][info ][safepoint     ] Total time for which application threads were stopped: 0.0008751 seconds, Stopping threads took: 0.0003422 seconds
[2023-10-19T09:37:14.444+0000][3394.676s][debug][safepoint     ] Safepoint synchronization initiated. (173 threads)
[2023-10-19T09:37:14.445+0000][3394.676s][info ][safepoint     ] Application time: 1.0007227 seconds
[2023-10-19T09:37:14.445+0000][3394.677s][info ][safepoint     ] Entering safepoint region: Cleanup
[2023-10-19T09:37:14.446+0000][3394.678s][info ][safepoint     ] Leaving safepoint region
[2023-10-19T09:37:14.446+0000][3394.678s][info ][safepoint     ] Total time for which application threads were stopped: 0.0010855 seconds, Stopping threads took: 0.0005276 seconds
[2023-10-19T09:37:15.447+0000][3395.678s][debug][safepoint     ] Safepoint synchronization initiated. (173 threads)
[2023-10-19T09:37:15.447+0000][3395.679s][info ][safepoint     ] Application time: 1.0006130 seconds
[2023-10-19T09:37:15.448+0000][3395.679s][info ][safepoint     ] Entering safepoint region: Cleanup
[2023-10-19T09:37:15.448+0000][3395.680s][info ][safepoint     ] Leaving safepoint region
[2023-10-19T09:37:15.448+0000][3395.680s][info ][safepoint     ] Total time for which application threads were stopped: 0.0007423 seconds, Stopping threads took: 0.0003291 seconds
[2023-10-19T09:37:16.449+0000][3396.680s][debug][safepoint     ] Safepoint synchronization initiated. (173 threads)
[2023-10-19T09:37:16.449+0000][3396.681s][info ][safepoint     ] Application time: 1.0005323 seconds
[2023-10-19T09:37:16.450+0000][3396.681s][info ][safepoint     ] Entering safepoint region: Cleanup
[2023-10-19T09:37:16.450+0000][3396.682s][info ][safepoint     ] Leaving safepoint region
[2023-10-19T09:37:16.451+0000][3396.682s][info ][safepoint     ] Total time for which application threads were stopped: 0.0012371 seconds, Stopping threads took: 0.0004146 seconds
[2023-10-19T09:37:17.451+0000][3397.683s][debug][safepoint     ] Safepoint synchronization initiated. (173 threads)
[2023-10-19T09:37:17.452+0000][3397.684s][info ][safepoint     ] Application time: 1.0007934 seconds
[2023-10-19T09:37:17.453+0000][3397.684s][debug][safepoint     ] ... found polling page return exception at pc = 0x00007f0de861aa74, stub =0x00007f0de0840600
[2023-10-19T09:37:17.453+0000][3397.684s][debug][safepoint     ] ... found polling page return exception at pc = 0x00007f0de89b6cdb, stub =0x00007f0de0840600
[2023-10-19T09:37:17.453+0000][3397.684s][debug][safepoint     ] ... found polling page return exception at pc = 0x00007f0de92ca2ee, stub =0x00007f0de0840600
[2023-10-19T09:37:17.453+0000][3397.684s][debug][safepoint     ] ... found polling page return exception at pc = 0x00007f0de8ab3e74, stub =0x00007f0de0840600
[2023-10-19T09:37:17.455+0000][3397.687s][debug][safepoint     ] Waiting for 5 thread(s) to block
[2023-10-19T09:37:17.456+0000][3397.687s][info ][safepoint     ] Entering safepoint region: Cleanup
[2023-10-19T09:37:17.456+0000][3397.688s][info ][safepoint     ] Leaving safepoint region
[2023-10-19T09:37:17.457+0000][3397.688s][info ][safepoint     ] Total time for which application threads were stopped: 0.0044277 seconds, Stopping threads took: 0.0037777 seconds
[2023-10-19T09:37:18.458+0000][3398.689s][debug][safepoint     ] Safepoint synchronization initiated. (173 threads)
[2023-10-19T09:37:18.460+0000][3398.691s][info ][safepoint     ] Application time: 1.0024043 seconds
[2023-10-19T09:37:18.460+0000][3398.692s][info ][safepoint     ] Entering safepoint region: Cleanup
[2023-10-19T09:37:18.461+0000][3398.692s][info ][safepoint     ] Leaving safepoint region
[2023-10-19T09:37:18.462+0000][3398.693s][info ][safepoint     ] Total time for which application threads were stopped: 0.0017340 seconds, Stopping threads took: 0.0005591 seconds
[2023-10-19T09:37:18.461+0000][3398.692s][debug][safepoint     ] ... found polling page return exception at pc = 0x00007f0de87cbbc4, stub =0x00007f0de0840600
[2023-10-19T09:37:19.462+0000][3399.694s][debug][safepoint     ] Safepoint synchronization initiated. (173 threads)
[2023-10-19T09:37:19.463+0000][3399.694s][info ][safepoint     ] Application time: 1.0006597 seconds
[2023-10-19T09:37:19.463+0000][3399.695s][info ][safepoint     ] Entering safepoint region: Cleanup
[2023-10-19T09:37:19.464+0000][3399.695s][info ][safepoint     ] Leaving safepoint region
[2023-10-19T09:37:19.464+0000][3399.696s][info ][safepoint     ] Total time for which application threads were stopped: 0.0009807 seconds, Stopping threads took: 0.0003924 seconds
[2023-10-19T09:37:20.465+0000][3400.696s][debug][safepoint     ] Safepoint synchronization initiated. (173 threads)
[2023-10-19T09:37:20.465+0000][3400.697s][info ][safepoint     ] Application time: 1.0005755 seconds
[2023-10-19T09:37:20.465+0000][3400.697s][info ][safepoint     ] Entering safepoint region: Cleanup
[2023-10-19T09:37:20.466+0000][3400.698s][info ][safepoint     ] Leaving safepoint region
[2023-10-19T09:37:20.466+0000][3400.698s][info ][safepoint     ] Total time for which application threads were stopped: 0.0009126 seconds, Stopping threads took: 0.0003445 seconds
[2023-10-19T09:37:21.467+0000][3401.698s][debug][safepoint     ] Safepoint synchronization initiated. (173 threads)
[2023-10-19T09:37:21.467+0000][3401.699s][info ][safepoint     ] Application time: 1.0006779 seconds
[2023-10-19T09:37:21.468+0000][3401.699s][info ][safepoint     ] Entering safepoint region: Cleanup
[2023-10-19T09:37:21.468+0000][3401.700s][info ][safepoint     ] Leaving safepoint region
[2023-10-19T09:37:21.469+0000][3401.700s][info ][safepoint     ] Total time for which application threads were stopped: 0.0009690 seconds, Stopping threads took: 0.0003547 seconds
[2023-10-19T09:37:22.469+0000][3402.701s][debug][safepoint     ] Safepoint synchronization initiated. (173 threads)
[2023-10-19T09:37:22.470+0000][3402.701s][info ][safepoint     ] Application time: 1.0005516 seconds
[2023-10-19T09:37:22.470+0000][3402.701s][info ][safepoint     ] Entering safepoint region: Cleanup
[2023-10-19T09:37:22.470+0000][3402.702s][info ][safepoint     ] Leaving safepoint region
[2023-10-19T09:37:22.471+0000][3402.702s][info ][safepoint     ] Total time for which application threads were stopped: 0.0009430 seconds, Stopping threads took: 0.0002865 seconds
[2023-10-19T09:37:23.471+0000][3403.703s][debug][safepoint     ] Safepoint synchronization initiated. (173 threads)
[2023-10-19T09:37:23.472+0000][3403.703s][info ][safepoint     ] Application time: 1.0005138 seconds
[2023-10-19T09:37:23.472+0000][3403.703s][info ][safepoint     ] Entering safepoint region: Cleanup
[2023-10-19T09:37:23.472+0000][3403.704s][info ][safepoint     ] Leaving safepoint region
[2023-10-19T09:37:23.473+0000][3403.704s][info ][safepoint     ] Total time for which application threads were stopped: 0.0008932 seconds, Stopping threads took: 0.0003282 seconds
[2023-10-19T09:37:24.473+0000][3404.705s][debug][safepoint     ] Safepoint synchronization initiated. (173 threads)
[2023-10-19T09:37:24.474+0000][3404.705s][info ][safepoint     ] Application time: 1.0005244 seconds
[2023-10-19T09:37:24.474+0000][3404.706s][info ][safepoint     ] Entering safepoint region: Cleanup
[2023-10-19T09:37:24.474+0000][3404.706s][info ][safepoint     ] Leaving safepoint region
[2023-10-19T09:37:24.475+0000][3404.706s][info ][safepoint     ] Total time for which application threads were stopped: 0.0007693 seconds, Stopping threads took: 0.0003392 seconds
[2023-10-19T09:37:25.475+0000][3405.707s][debug][safepoint     ] Safepoint synchronization initiated. (173 threads)
[2023-10-19T09:37:25.476+0000][3405.707s][info ][safepoint     ] Application time: 1.0008471 seconds
[2023-10-19T09:37:25.476+0000][3405.708s][info ][safepoint     ] Entering safepoint region: Cleanup
[2023-10-19T09:37:25.477+0000][3405.709s][info ][safepoint     ] Leaving safepoint region
[2023-10-19T09:37:25.478+0000][3405.709s][info ][safepoint     ] Total time for which application threads were stopped: 0.0012187 seconds, Stopping threads took: 0.0006342 seconds
[2023-10-19T09:37:26.478+0000][3406.710s][debug][safepoint     ] Safepoint synchronization initiated. (173 threads)
[2023-10-19T09:37:26.479+0000][3406.710s][info ][safepoint     ] Application time: 1.0005931 seconds
[2023-10-19T09:37:26.479+0000][3406.711s][info ][safepoint     ] Entering safepoint region: Cleanup
[2023-10-19T09:37:26.480+0000][3406.711s][info ][safepoint     ] Leaving safepoint region
[2023-10-19T09:37:26.480+0000][3406.711s][info ][safepoint     ] Total time for which application threads were stopped: 0.0009888 seconds, Stopping threads took: 0.0003419 seconds
[2023-10-19T09:37:27.481+0000][3407.712s][debug][safepoint     ] Safepoint synchronization initiated. (173 threads)
[2023-10-19T09:37:27.481+0000][3407.712s][info ][safepoint     ] Application time: 1.0006241 seconds
[2023-10-19T09:37:27.481+0000][3407.713s][info ][safepoint     ] Entering safepoint region: Cleanup
[2023-10-19T09:37:27.482+0000][3407.713s][info ][safepoint     ] Leaving safepoint region
[2023-10-19T09:37:27.482+0000][3407.714s][info ][safepoint     ] Total time for which application threads were stopped: 0.0009135 seconds, Stopping threads took: 0.0003021 seconds
[2023-10-19T09:37:28.483+0000][3408.714s][debug][safepoint     ] Safepoint synchronization initiated. (173 threads)
[2023-10-19T09:37:28.483+0000][3408.715s][info ][safepoint     ] Application time: 1.0008353 seconds
[2023-10-19T09:37:28.484+0000][3408.715s][info ][safepoint     ] Entering safepoint region: Cleanup
[2023-10-19T09:37:28.484+0000][3408.716s][info ][safepoint     ] Leaving safepoint region
[2023-10-19T09:37:28.485+0000][3408.716s][info ][safepoint     ] Total time for which application threads were stopped: 0.0010552 seconds, Stopping threads took: 0.0004117 seconds
[2023-10-19T09:37:29.485+0000][3409.717s][debug][safepoint     ] Safepoint synchronization initiated. (173 threads)
[2023-10-19T09:37:29.486+0000][3409.717s][info ][safepoint     ] Application time: 1.0006776 seconds
[2023-10-19T09:37:29.486+0000][3409.718s][info ][safepoint     ] Entering safepoint region: Cleanup
[2023-10-19T09:37:29.487+0000][3409.719s][info ][safepoint     ] Leaving safepoint region
[2023-10-19T09:37:29.488+0000][3409.719s][info ][safepoint     ] Total time for which application threads were stopped: 0.0011544 seconds, Stopping threads took: 0.0005000 seconds
[2023-10-19T09:37:30.488+0000][3410.720s][debug][safepoint     ] Safepoint synchronization initiated. (173 threads)
[2023-10-19T09:37:30.489+0000][3410.721s][info ][safepoint     ] Application time: 1.0010742 seconds
[2023-10-19T09:37:30.490+0000][3410.721s][info ][safepoint     ] Entering safepoint region: Cleanup
[2023-10-19T09:37:30.491+0000][3410.722s][info ][safepoint     ] Leaving safepoint region
[2023-10-19T09:37:30.492+0000][3410.723s][info ][safepoint     ] Total time for which application threads were stopped: 0.0023194 seconds, Stopping threads took: 0.0010472 seconds
[2023-10-19T09:37:31.493+0000][3411.725s][debug][safepoint     ] Safepoint synchronization initiated. (173 threads)
[2023-10-19T09:37:31.493+0000][3411.725s][info ][safepoint     ] Application time: 1.0006247 seconds
[2023-10-19T09:37:31.494+0000][3411.725s][info ][safepoint     ] Entering safepoint region: Cleanup
[2023-10-19T09:37:31.494+0000][3411.726s][info ][safepoint     ] Leaving safepoint region
[2023-10-19T09:37:31.495+0000][3411.726s][info ][safepoint     ] Total time for which application threads were stopped: 0.0008397 seconds, Stopping threads took: 0.0003588 seconds
[2023-10-19T09:37:32.495+0000][3412.727s][debug][safepoint     ] Safepoint synchronization initiated. (173 threads)
[2023-10-19T09:37:32.496+0000][3412.727s][info ][safepoint     ] Application time: 1.0004934 seconds
[2023-10-19T09:37:32.496+0000][3412.727s][info ][safepoint     ] Entering safepoint region: Cleanup
[2023-10-19T09:37:32.496+0000][3412.728s][info ][safepoint     ] Leaving safepoint region
[2023-10-19T09:37:32.497+0000][3412.728s][info ][safepoint     ] Total time for which application threads were stopped: 0.0007177 seconds, Stopping threads took: 0.0003105 seconds
[2023-10-19T09:37:33.497+0000][3413.729s][debug][safepoint     ] Safepoint synchronization initiated. (173 threads)
[2023-10-19T09:37:33.498+0000][3413.730s][info ][safepoint     ] Application time: 1.0012070 seconds
[2023-10-19T09:37:33.499+0000][3413.731s][info ][safepoint     ] Entering safepoint region: Cleanup
[2023-10-19T09:37:33.500+0000][3413.732s][info ][safepoint     ] Leaving safepoint region
[2023-10-19T09:37:33.501+0000][3413.732s][info ][safepoint     ] Total time for which application threads were stopped: 0.0019448 seconds, Stopping threads took: 0.0008772 seconds
[2023-10-19T09:37:34.502+0000][3414.733s][debug][safepoint     ] Safepoint synchronization initiated. (173 threads)
[2023-10-19T09:37:34.502+0000][3414.734s][info ][safepoint     ] Application time: 1.0008178 seconds
[2023-10-19T09:37:34.503+0000][3414.734s][info ][safepoint     ] Entering safepoint region: Cleanup
[2023-10-19T09:37:34.503+0000][3414.735s][info ][safepoint     ] Leaving safepoint region
[2023-10-19T09:37:34.504+0000][3414.735s][info ][safepoint     ] Total time for which application threads were stopped: 0.0009710 seconds, Stopping threads took: 0.0005023 seconds
[2023-10-19T09:37:35.504+0000][3415.736s][debug][safepoint     ] Safepoint synchronization initiated. (173 threads)
[2023-10-19T09:37:35.505+0000][3415.737s][info ][safepoint     ] Application time: 1.0010575 seconds
[2023-10-19T09:37:35.506+0000][3415.737s][info ][safepoint     ] Entering safepoint region: Cleanup
[2023-10-19T09:37:35.506+0000][3415.738s][info ][safepoint     ] Leaving safepoint region
[2023-10-19T09:37:35.507+0000][3415.739s][info ][safepoint     ] Total time for which application threads were stopped: 0.0012846 seconds, Stopping threads took: 0.0005905 seconds
[2023-10-19T09:37:36.507+0000][3416.739s][debug][safepoint     ] Safepoint synchronization initiated. (173 threads)
[2023-10-19T09:37:36.509+0000][3416.740s][info ][safepoint     ] Application time: 1.0012688 seconds
[2023-10-19T09:37:36.509+0000][3416.741s][info ][safepoint     ] Entering safepoint region: Cleanup
[2023-10-19T09:37:36.511+0000][3416.742s][info ][safepoint     ] Leaving safepoint region
[2023-10-19T09:37:36.511+0000][3416.743s][info ][safepoint     ] Total time for which application threads were stopped: 0.0020066 seconds, Stopping threads took: 0.0009221 seconds
[2023-10-19T09:37:37.512+0000][3417.744s][debug][safepoint     ] Safepoint synchronization initiated. (173 threads)
[2023-10-19T09:37:37.513+0000][3417.745s][info ][safepoint     ] Application time: 1.0005947 seconds
[2023-10-19T09:37:37.513+0000][3417.745s][info ][safepoint     ] Entering safepoint region: Cleanup
[2023-10-19T09:37:37.514+0000][3417.746s][info ][safepoint     ] Leaving safepoint region
[2023-10-19T09:37:37.514+0000][3417.746s][info ][safepoint     ] Total time for which application threads were stopped: 0.0008076 seconds, Stopping threads took: 0.0003581 seconds
[2023-10-19T09:37:38.515+0000][3418.746s][debug][safepoint     ] Safepoint synchronization initiated. (173 threads)
[2023-10-19T09:37:38.515+0000][3418.747s][info ][safepoint     ] Application time: 1.0006888 seconds
[2023-10-19T09:37:38.516+0000][3418.747s][info ][safepoint     ] Entering safepoint region: Cleanup
[2023-10-19T09:37:38.516+0000][3418.748s][info ][safepoint     ] Leaving safepoint region
[2023-10-19T09:37:38.517+0000][3418.748s][info ][safepoint     ] Total time for which application threads were stopped: 0.0009054 seconds, Stopping threads took: 0.0003819 seconds
[2023-10-19T09:37:39.517+0000][3419.749s][debug][safepoint     ] Safepoint synchronization initiated. (173 threads)
[2023-10-19T09:37:39.518+0000][3419.750s][info ][safepoint     ] Application time: 1.0008206 seconds
[2023-10-19T09:37:39.518+0000][3419.750s][info ][safepoint     ] Entering safepoint region: Cleanup
[2023-10-19T09:37:39.519+0000][3419.751s][info ][safepoint     ] Leaving safepoint region
[2023-10-19T09:37:39.520+0000][3419.751s][info ][safepoint     ] Total time for which application threads were stopped: 0.0013373 seconds, Stopping threads took: 0.0005543 seconds
[2023-10-19T09:37:40.520+0000][3420.752s][debug][safepoint     ] Safepoint synchronization initiated. (173 threads)
[2023-10-19T09:37:40.521+0000][3420.753s][info ][safepoint     ] Application time: 1.0006150 seconds
[2023-10-19T09:37:40.521+0000][3420.753s][info ][safepoint     ] Entering safepoint region: Cleanup
[2023-10-19T09:37:40.521+0000][3420.753s][info ][safepoint     ] Leaving safepoint region
[2023-10-19T09:37:40.522+0000][3420.754s][info ][safepoint     ] Total time for which application threads were stopped: 0.0007290 seconds, Stopping threads took: 0.0003060 seconds
[2023-10-19T09:37:41.522+0000][3421.754s][debug][safepoint     ] Safepoint synchronization initiated. (173 threads)
[2023-10-19T09:37:41.524+0000][3421.755s][info ][safepoint     ] Application time: 1.0015447 seconds
[2023-10-19T09:37:41.525+0000][3421.756s][info ][safepoint     ] Entering safepoint region: Cleanup
[2023-10-19T09:37:41.526+0000][3421.758s][info ][safepoint     ] Leaving safepoint region
[2023-10-19T09:37:41.527+0000][3421.759s][info ][safepoint     ] Total time for which application threads were stopped: 0.0023091 seconds, Stopping threads took: 0.0009781 seconds
[2023-10-19T09:37:42.528+0000][3422.760s][debug][safepoint     ] Safepoint synchronization initiated. (173 threads)
[2023-10-19T09:37:42.528+0000][3422.760s][info ][safepoint     ] Application time: 1.0007233 seconds
[2023-10-19T09:37:42.529+0000][3422.761s][info ][safepoint     ] Entering safepoint region: Cleanup
[2023-10-19T09:37:42.529+0000][3422.761s][info ][safepoint     ] Leaving safepoint region
[2023-10-19T09:37:42.530+0000][3422.761s][info ][safepoint     ] Total time for which application threads were stopped: 0.0008889 seconds, Stopping threads took: 0.0004034 seconds
[2023-10-19T09:37:43.530+0000][3423.762s][debug][safepoint     ] Safepoint synchronization initiated. (173 threads)
[2023-10-19T09:37:43.530+0000][3423.762s][info ][safepoint     ] Application time: 1.0005320 seconds
[2023-10-19T09:37:43.531+0000][3423.763s][info ][safepoint     ] Entering safepoint region: Cleanup
[2023-10-19T09:37:43.531+0000][3423.763s][info ][safepoint     ] Leaving safepoint region
[2023-10-19T09:37:43.532+0000][3423.763s][info ][safepoint     ] Total time for which application threads were stopped: 0.0007601 seconds, Stopping threads took: 0.0003328 seconds
[2023-10-19T09:37:44.532+0000][3424.764s][debug][safepoint     ] Safepoint synchronization initiated. (173 threads)
[2023-10-19T09:37:44.532+0000][3424.764s][info ][safepoint     ] Application time: 1.0005809 seconds
[2023-10-19T09:37:44.533+0000][3424.765s][info ][safepoint     ] Entering safepoint region: Cleanup
[2023-10-19T09:37:44.533+0000][3424.765s][info ][safepoint     ] Leaving safepoint region
[2023-10-19T09:37:44.533+0000][3424.765s][info ][safepoint     ] Total time for which application threads were stopped: 0.0008040 seconds, Stopping threads took: 0.0003314 seconds
[2023-10-19T09:37:45.534+0000][3425.766s][debug][safepoint     ] Safepoint synchronization initiated. (173 threads)
[2023-10-19T09:37:45.534+0000][3425.766s][info ][safepoint     ] Application time: 1.0005583 seconds
[2023-10-19T09:37:45.535+0000][3425.767s][info ][safepoint     ] Entering safepoint region: Cleanup
[2023-10-19T09:37:45.535+0000][3425.767s][info ][safepoint     ] Leaving safepoint region
[2023-10-19T09:37:45.536+0000][3425.767s][info ][safepoint     ] Total time for which application threads were stopped: 0.0008820 seconds, Stopping threads took: 0.0004098 seconds
[2023-10-19T09:37:46.536+0000][3426.768s][debug][safepoint     ] Safepoint synchronization initiated. (173 threads)
[2023-10-19T09:37:46.537+0000][3426.769s][info ][safepoint     ] Application time: 1.0014375 seconds
[2023-10-19T09:37:46.539+0000][3426.770s][info ][safepoint     ] Entering safepoint region: Cleanup
[2023-10-19T09:37:46.540+0000][3426.772s][info ][safepoint     ] Leaving safepoint region
[2023-10-19T09:37:46.541+0000][3426.773s][info ][safepoint     ] Total time for which application threads were stopped: 0.0023748 seconds, Stopping threads took: 0.0009896 seconds
[2023-10-19T09:37:47.542+0000][3427.774s][debug][safepoint     ] Safepoint synchronization initiated. (173 threads)
[2023-10-19T09:37:47.543+0000][3427.775s][info ][safepoint     ] Application time: 1.0016705 seconds
[2023-10-19T09:37:47.545+0000][3427.776s][info ][safepoint     ] Entering safepoint region: Cleanup
[2023-10-19T09:37:47.546+0000][3427.778s][info ][safepoint     ] Leaving safepoint region
[2023-10-19T09:37:47.547+0000][3427.779s][info ][safepoint     ] Total time for which application threads were stopped: 0.0024410 seconds, Stopping threads took: 0.0010008 seconds
[2023-10-19T09:37:48.548+0000][3428.780s][debug][safepoint     ] Safepoint synchronization initiated. (173 threads)
[2023-10-19T09:37:48.549+0000][3428.780s][info ][safepoint     ] Application time: 1.0007999 seconds
[2023-10-19T09:37:48.549+0000][3428.781s][info ][safepoint     ] Entering safepoint region: Cleanup
[2023-10-19T09:37:48.550+0000][3428.782s][info ][safepoint     ] Leaving safepoint region
[2023-10-19T09:37:48.551+0000][3428.783s][info ][safepoint     ] Total time for which application threads were stopped: 0.0019167 seconds, Stopping threads took: 0.0009445 seconds
[2023-10-19T09:37:48.551+0000][3428.782s][debug][safepoint     ] ... found polling page return exception at pc = 0x00007f0de87cbbc4, stub =0x00007f0de0840600
[2023-10-19T09:37:48.551+0000][3428.782s][debug][safepoint     ] ... found polling page return exception at pc = 0x00007f0de87cbbc4, stub =0x00007f0de0840600
[2023-10-19T09:37:48.551+0000][3428.782s][debug][safepoint     ] ... found polling page return exception at pc = 0x00007f0de87cbbc4, stub =0x00007f0de0840600
[2023-10-19T09:37:48.551+0000][3428.782s][debug][safepoint     ] ... found polling page return exception at pc = 0x00007f0de87cbbc4, stub =0x00007f0de0840600
[2023-10-19T09:37:48.551+0000][3428.782s][debug][safepoint     ] ... found polling page return exception at pc = 0x00007f0de87cbbc4, stub =0x00007f0de0840600
[2023-10-19T09:37:49.551+0000][3429.783s][debug][safepoint     ] Safepoint synchronization initiated. (173 threads)
[2023-10-19T09:37:49.552+0000][3429.784s][info ][safepoint     ] Application time: 1.0007840 seconds
[2023-10-19T09:37:49.553+0000][3429.784s][info ][safepoint     ] Entering safepoint region: Cleanup
[2023-10-19T09:37:49.553+0000][3429.785s][info ][safepoint     ] Leaving safepoint region
[2023-10-19T09:37:49.554+0000][3429.785s][info ][safepoint     ] Total time for which application threads were stopped: 0.0010654 seconds, Stopping threads took: 0.0004866 seconds
[2023-10-19T09:37:50.554+0000][3430.786s][debug][safepoint     ] Safepoint synchronization initiated. (173 threads)
[2023-10-19T09:37:50.555+0000][3430.787s][info ][safepoint     ] Application time: 1.0014149 seconds
[2023-10-19T09:37:50.557+0000][3430.788s][info ][safepoint     ] Entering safepoint region: Cleanup
[2023-10-19T09:37:50.558+0000][3430.790s][info ][safepoint     ] Leaving safepoint region
[2023-10-19T09:37:50.559+0000][3430.791s][info ][safepoint     ] Total time for which application threads were stopped: 0.0023201 seconds, Stopping threads took: 0.0011330 seconds
[2023-10-19T09:37:51.560+0000][3431.792s][debug][safepoint     ] Safepoint synchronization initiated. (173 threads)
[2023-10-19T09:37:51.561+0000][3431.793s][info ][safepoint     ] Application time: 1.0015887 seconds
[2023-10-19T09:37:51.562+0000][3431.794s][info ][safepoint     ] Entering safepoint region: Cleanup
[2023-10-19T09:37:51.563+0000][3431.795s][info ][safepoint     ] Leaving safepoint region
[2023-10-19T09:37:51.564+0000][3431.796s][info ][safepoint     ] Total time for which application threads were stopped: 0.0020998 seconds, Stopping threads took: 0.0008834 seconds
[2023-10-19T09:37:52.565+0000][3432.797s][debug][safepoint     ] Safepoint synchronization initiated. (173 threads)
[2023-10-19T09:37:52.566+0000][3432.797s][info ][safepoint     ] Application time: 1.0007094 seconds
[2023-10-19T09:37:52.566+0000][3432.798s][info ][safepoint     ] Entering safepoint region: Cleanup
[2023-10-19T09:37:52.567+0000][3432.799s][info ][safepoint     ] Leaving safepoint region
[2023-10-19T09:37:52.567+0000][3432.799s][info ][safepoint     ] Total time for which application threads were stopped: 0.0011382 seconds, Stopping threads took: 0.0005117 seconds
[2023-10-19T09:37:53.568+0000][3433.800s][debug][safepoint     ] Safepoint synchronization initiated. (173 threads)
[2023-10-19T09:37:53.569+0000][3433.801s][info ][safepoint     ] Application time: 1.0012967 seconds
[2023-10-19T09:37:53.570+0000][3433.802s][info ][safepoint     ] Entering safepoint region: Cleanup
[2023-10-19T09:37:53.571+0000][3433.803s][info ][safepoint     ] Leaving safepoint region
[2023-10-19T09:37:53.571+0000][3433.803s][info ][safepoint     ] Total time for which application threads were stopped: 0.0017507 seconds, Stopping threads took: 0.0007438 seconds
[2023-10-19T09:37:54.572+0000][3434.804s][debug][safepoint     ] Safepoint synchronization initiated. (173 threads)
[2023-10-19T09:37:54.573+0000][3434.805s][info ][safepoint     ] Application time: 1.0008910 seconds
[2023-10-19T09:37:54.574+0000][3434.806s][info ][safepoint     ] Entering safepoint region: Cleanup
[2023-10-19T09:37:54.574+0000][3434.806s][info ][safepoint     ] Leaving safepoint region
[2023-10-19T09:37:54.575+0000][3434.807s][info ][safepoint     ] Total time for which application threads were stopped: 0.0013292 seconds, Stopping threads took: 0.0005569 seconds
[2023-10-19T09:37:55.576+0000][3435.807s][debug][safepoint     ] Safepoint synchronization initiated. (173 threads)
[2023-10-19T09:37:55.577+0000][3435.808s][info ][safepoint     ] Application time: 1.0011572 seconds
[2023-10-19T09:37:55.578+0000][3435.809s][info ][safepoint     ] Entering safepoint region: Cleanup
[2023-10-19T09:37:55.579+0000][3435.810s][info ][safepoint     ] Leaving safepoint region
[2023-10-19T09:37:55.579+0000][3435.811s][info ][safepoint     ] Total time for which application threads were stopped: 0.0017937 seconds, Stopping threads took: 0.0009221 seconds
[2023-10-19T09:37:56.580+0000][3436.812s][debug][safepoint     ] Safepoint synchronization initiated. (173 threads)
[2023-10-19T09:37:56.581+0000][3436.813s][info ][safepoint     ] Application time: 1.0007420 seconds
[2023-10-19T09:37:56.581+0000][3436.813s][info ][safepoint     ] Entering safepoint region: Cleanup
[2023-10-19T09:37:56.582+0000][3436.814s][info ][safepoint     ] Leaving safepoint region
[2023-10-19T09:37:56.582+0000][3436.814s][info ][safepoint     ] Total time for which application threads were stopped: 0.0012544 seconds, Stopping threads took: 0.0006454 seconds
[2023-10-19T09:37:57.583+0000][3437.815s][debug][safepoint     ] Safepoint synchronization initiated. (173 threads)
[2023-10-19T09:37:57.584+0000][3437.816s][info ][safepoint     ] Application time: 1.0015015 seconds
[2023-10-19T09:37:57.586+0000][3437.817s][info ][safepoint     ] Entering safepoint region: Cleanup
[2023-10-19T09:37:57.587+0000][3437.819s][info ][safepoint     ] Leaving safepoint region
[2023-10-19T09:37:57.588+0000][3437.820s][info ][safepoint     ] Total time for which application threads were stopped: 0.0024672 seconds, Stopping threads took: 0.0010579 seconds
[2023-10-19T09:37:58.589+0000][3438.821s][debug][safepoint     ] Safepoint synchronization initiated. (173 threads)
[2023-10-19T09:37:58.590+0000][3438.822s][info ][safepoint     ] Application time: 1.0012586 seconds
[2023-10-19T09:37:58.591+0000][3438.823s][info ][safepoint     ] Entering safepoint region: Cleanup
[2023-10-19T09:37:58.592+0000][3438.824s][info ][safepoint     ] Leaving safepoint region
[2023-10-19T09:37:58.593+0000][3438.825s][info ][safepoint     ] Total time for which application threads were stopped: 0.0023825 seconds, Stopping threads took: 0.0009987 seconds
[2023-10-19T09:37:59.594+0000][3439.826s][debug][safepoint     ] Safepoint synchronization initiated. (173 threads)
[2023-10-19T09:37:59.595+0000][3439.827s][info ][safepoint     ] Application time: 1.0010642 seconds
[2023-10-19T09:37:59.596+0000][3439.828s][info ][safepoint     ] Entering safepoint region: Cleanup
[2023-10-19T09:37:59.597+0000][3439.829s][info ][safepoint     ] Leaving safepoint region
[2023-10-19T09:37:59.597+0000][3439.829s][info ][safepoint     ] Total time for which application threads were stopped: 0.0016897 seconds, Stopping threads took: 0.0007150 seconds
[2023-10-19T09:38:00.599+0000][3440.830s][debug][safepoint     ] Safepoint synchronization initiated. (173 threads)
[2023-10-19T09:38:00.600+0000][3440.831s][info ][safepoint     ] Application time: 1.0015520 seconds
[2023-10-19T09:38:00.601+0000][3440.832s][info ][safepoint     ] Entering safepoint region: Cleanup
[2023-10-19T09:38:00.602+0000][3440.834s][info ][safepoint     ] Leaving safepoint region
[2023-10-19T09:38:00.603+0000][3440.834s][info ][safepoint     ] Total time for which application threads were stopped: 0.0020101 seconds, Stopping threads took: 0.0009301 seconds
[2023-10-19T09:38:01.603+0000][3441.835s][debug][safepoint     ] Safepoint synchronization initiated. (173 threads)
[2023-10-19T09:38:01.604+0000][3441.836s][info ][safepoint     ] Application time: 1.0008029 seconds
[2023-10-19T09:38:01.605+0000][3441.836s][info ][safepoint     ] Entering safepoint region: Cleanup
[2023-10-19T09:38:01.605+0000][3441.837s][info ][safepoint     ] Leaving safepoint region
[2023-10-19T09:38:01.605+0000][3441.837s][info ][safepoint     ] Total time for which application threads were stopped: 0.0009973 seconds, Stopping threads took: 0.0003934 seconds
[2023-10-19T09:38:02.606+0000][3442.838s][debug][safepoint     ] Safepoint synchronization initiated. (173 threads)
[2023-10-19T09:38:02.606+0000][3442.838s][info ][safepoint     ] Application time: 1.0006064 seconds
[2023-10-19T09:38:02.607+0000][3442.839s][info ][safepoint     ] Entering safepoint region: Cleanup
[2023-10-19T09:38:02.607+0000][3442.839s][info ][safepoint     ] Leaving safepoint region
[2023-10-19T09:38:02.608+0000][3442.840s][info ][safepoint     ] Total time for which application threads were stopped: 0.0009496 seconds, Stopping threads took: 0.0003981 seconds
[2023-10-19T09:38:03.608+0000][3443.840s][debug][safepoint     ] Safepoint synchronization initiated. (173 threads)
[2023-10-19T09:38:03.613+0000][3443.845s][info ][safepoint     ] Application time: 1.0048834 seconds
[2023-10-19T09:38:03.613+0000][3443.845s][info ][safepoint     ] Entering safepoint region: Cleanup
[2023-10-19T09:38:03.614+0000][3443.846s][info ][safepoint     ] Leaving safepoint region
[2023-10-19T09:38:03.615+0000][3443.847s][info ][safepoint     ] Total time for which application threads were stopped: 0.0016433 seconds, Stopping threads took: 0.0005301 seconds
[2023-10-19T09:38:04.617+0000][3444.848s][debug][safepoint     ] Safepoint synchronization initiated. (173 threads)
[2023-10-19T09:38:04.617+0000][3444.849s][info ][safepoint     ] Application time: 1.0012015 seconds
[2023-10-19T09:38:04.618+0000][3444.850s][info ][safepoint     ] Entering safepoint region: Cleanup
[2023-10-19T09:38:04.620+0000][3444.852s][info ][safepoint     ] Leaving safepoint region
[2023-10-19T09:38:04.620+0000][3444.852s][info ][safepoint     ] Total time for which application threads were stopped: 0.0023223 seconds, Stopping threads took: 0.0010651 seconds
[2023-10-19T09:38:05.621+0000][3445.853s][debug][safepoint     ] Safepoint synchronization initiated. (173 threads)
[2023-10-19T09:38:05.622+0000][3445.854s][info ][safepoint     ] Application time: 1.0013203 seconds
[2023-10-19T09:38:05.623+0000][3445.855s][info ][safepoint     ] Entering safepoint region: Cleanup
[2023-10-19T09:38:05.624+0000][3445.856s][info ][safepoint     ] Leaving safepoint region
[2023-10-19T09:38:05.625+0000][3445.857s][info ][safepoint     ] Total time for which application threads were stopped: 0.0021068 seconds, Stopping threads took: 0.0008733 seconds
[2023-10-19T09:38:06.626+0000][3446.858s][debug][safepoint     ] Safepoint synchronization initiated. (173 threads)
[2023-10-19T09:38:06.627+0000][3446.859s][info ][safepoint     ] Application time: 1.0007948 seconds
[2023-10-19T09:38:06.627+0000][3446.859s][info ][safepoint     ] Entering safepoint region: Cleanup
[2023-10-19T09:38:06.628+0000][3446.860s][info ][safepoint     ] Leaving safepoint region
[2023-10-19T09:38:06.628+0000][3446.860s][info ][safepoint     ] Total time for which application threads were stopped: 0.0010613 seconds, Stopping threads took: 0.0004714 seconds
[2023-10-19T09:38:07.629+0000][3447.861s][debug][safepoint     ] Safepoint synchronization initiated. (173 threads)
[2023-10-19T09:38:07.630+0000][3447.862s][info ][safepoint     ] Application time: 1.0009801 seconds
[2023-10-19T09:38:07.630+0000][3447.862s][info ][safepoint     ] Entering safepoint region: Cleanup
[2023-10-19T09:38:07.632+0000][3447.864s][info ][safepoint     ] Leaving safepoint region
[2023-10-19T09:38:07.632+0000][3447.864s][info ][safepoint     ] Total time for which application threads were stopped: 0.0021512 seconds, Stopping threads took: 0.0010671 seconds
[2023-10-19T09:38:08.633+0000][3448.865s][debug][safepoint     ] Safepoint synchronization initiated. (173 threads)
[2023-10-19T09:38:08.633+0000][3448.865s][info ][safepoint     ] Application time: 1.0007681 seconds
[2023-10-19T09:38:08.634+0000][3448.866s][info ][safepoint     ] Entering safepoint region: Cleanup
[2023-10-19T09:38:08.635+0000][3448.867s][info ][safepoint     ] Leaving safepoint region
[2023-10-19T09:38:08.635+0000][3448.867s][info ][safepoint     ] Total time for which application threads were stopped: 0.0009368 seconds, Stopping threads took: 0.0004203 seconds
[2023-10-19T09:38:09.635+0000][3449.867s][debug][safepoint     ] Safepoint synchronization initiated. (173 threads)
[2023-10-19T09:38:09.636+0000][3449.868s][info ][safepoint     ] Application time: 1.0009530 seconds
[2023-10-19T09:38:09.637+0000][3449.869s][info ][safepoint     ] Entering safepoint region: Cleanup
[2023-10-19T09:38:09.638+0000][3449.870s][info ][safepoint     ] Leaving safepoint region
[2023-10-19T09:38:09.639+0000][3449.871s][info ][safepoint     ] Total time for which application threads were stopped: 0.0017131 seconds, Stopping threads took: 0.0008120 seconds
[2023-10-19T09:38:10.640+0000][3450.872s][debug][safepoint     ] Safepoint synchronization initiated. (173 threads)
[2023-10-19T09:38:10.641+0000][3450.873s][info ][safepoint     ] Application time: 1.0016573 seconds
[2023-10-19T09:38:10.642+0000][3450.874s][info ][safepoint     ] Entering safepoint region: Cleanup
[2023-10-19T09:38:10.644+0000][3450.876s][info ][safepoint     ] Leaving safepoint region
[2023-10-19T09:38:10.645+0000][3450.877s][info ][safepoint     ] Total time for which application threads were stopped: 0.0026895 seconds, Stopping threads took: 0.0011686 seconds
[2023-10-19T09:38:11.646+0000][3451.878s][debug][safepoint     ] Safepoint synchronization initiated. (173 threads)
[2023-10-19T09:38:11.647+0000][3451.879s][info ][safepoint     ] Application time: 1.0008762 seconds
[2023-10-19T09:38:11.647+0000][3451.879s][info ][safepoint     ] Entering safepoint region: Cleanup
[2023-10-19T09:38:11.648+0000][3451.880s][info ][safepoint     ] Leaving safepoint region
[2023-10-19T09:38:11.649+0000][3451.881s][info ][safepoint     ] Total time for which application threads were stopped: 0.0013513 seconds, Stopping threads took: 0.0005397 seconds
[2023-10-19T09:38:12.649+0000][3452.881s][debug][safepoint     ] Safepoint synchronization initiated. (173 threads)
[2023-10-19T09:38:12.650+0000][3452.882s][info ][safepoint     ] Application time: 1.0008547 seconds
[2023-10-19T09:38:12.651+0000][3452.883s][info ][safepoint     ] Entering safepoint region: Cleanup
[2023-10-19T09:38:12.651+0000][3452.883s][info ][safepoint     ] Leaving safepoint region
[2023-10-19T09:38:12.652+0000][3452.884s][info ][safepoint     ] Total time for which application threads were stopped: 0.0012087 seconds, Stopping threads took: 0.0005847 seconds
[2023-10-19T09:38:13.653+0000][3453.885s][debug][safepoint     ] Safepoint synchronization initiated. (173 threads)
[2023-10-19T09:38:13.654+0000][3453.886s][info ][safepoint     ] Application time: 1.0015154 seconds
[2023-10-19T09:38:13.655+0000][3453.887s][info ][safepoint     ] Entering safepoint region: Cleanup
[2023-10-19T09:38:13.656+0000][3453.888s][info ][safepoint     ] Leaving safepoint region
[2023-10-19T09:38:13.657+0000][3453.889s][info ][safepoint     ] Total time for which application threads were stopped: 0.0024024 seconds, Stopping threads took: 0.0009906 seconds
[2023-10-19T09:38:14.659+0000][3454.891s][debug][safepoint     ] Safepoint synchronization initiated. (173 threads)
[2023-10-19T09:38:14.660+0000][3454.892s][info ][safepoint     ] Application time: 1.0014551 seconds
[2023-10-19T09:38:14.661+0000][3454.893s][info ][safepoint     ] Entering safepoint region: Cleanup
[2023-10-19T09:38:14.662+0000][3454.894s][info ][safepoint     ] Leaving safepoint region
[2023-10-19T09:38:14.663+0000][3454.895s][info ][safepoint     ] Total time for which application threads were stopped: 0.0022130 seconds, Stopping threads took: 0.0011005 seconds
[2023-10-19T09:38:15.664+0000][3455.896s][debug][safepoint     ] Safepoint synchronization initiated. (173 threads)
[2023-10-19T09:38:15.665+0000][3455.897s][info ][safepoint     ] Application time: 1.0010034 seconds
[2023-10-19T09:38:15.665+0000][3455.897s][info ][safepoint     ] Entering safepoint region: Cleanup
[2023-10-19T09:38:15.666+0000][3455.898s][info ][safepoint     ] Leaving safepoint region
[2023-10-19T09:38:15.667+0000][3455.899s][info ][safepoint     ] Total time for which application threads were stopped: 0.0012761 seconds, Stopping threads took: 0.0005860 seconds
[2023-10-19T09:38:16.667+0000][3456.899s][debug][safepoint     ] Safepoint synchronization initiated. (173 threads)
[2023-10-19T09:38:16.668+0000][3456.900s][info ][safepoint     ] Application time: 1.0010001 seconds
[2023-10-19T09:38:16.669+0000][3456.901s][info ][safepoint     ] Entering safepoint region: Cleanup
[2023-10-19T09:38:16.669+0000][3456.901s][info ][safepoint     ] Leaving safepoint region
[2023-10-19T09:38:16.670+0000][3456.902s][info ][safepoint     ] Total time for which application threads were stopped: 0.0014928 seconds, Stopping threads took: 0.0005619 seconds
[2023-10-19T09:38:17.671+0000][3457.903s][debug][safepoint     ] Safepoint synchronization initiated. (173 threads)
[2023-10-19T09:38:17.671+0000][3457.903s][info ][safepoint     ] Application time: 1.0006201 seconds
[2023-10-19T09:38:17.672+0000][3457.904s][info ][safepoint     ] Entering safepoint region: Cleanup
[2023-10-19T09:38:17.672+0000][3457.904s][info ][safepoint     ] Leaving safepoint region
[2023-10-19T09:38:17.673+0000][3457.905s][info ][safepoint     ] Total time for which application threads were stopped: 0.0009089 seconds, Stopping threads took: 0.0003767 seconds
[2023-10-19T09:38:18.673+0000][3458.905s][debug][safepoint     ] Safepoint synchronization initiated. (173 threads)
[2023-10-19T09:38:18.674+0000][3458.906s][info ][safepoint     ] Application time: 1.0007240 seconds
[2023-10-19T09:38:18.674+0000][3458.906s][info ][safepoint     ] Entering safepoint region: Cleanup
[2023-10-19T09:38:18.675+0000][3458.907s][info ][safepoint     ] Leaving safepoint region
[2023-10-19T09:38:18.675+0000][3458.907s][info ][safepoint     ] Total time for which application threads were stopped: 0.0010883 seconds, Stopping threads took: 0.0005263 seconds
[2023-10-19T09:38:19.676+0000][3459.908s][debug][safepoint     ] Safepoint synchronization initiated. (173 threads)
[2023-10-19T09:38:19.676+0000][3459.908s][info ][safepoint     ] Application time: 1.0006368 seconds
[2023-10-19T09:38:19.677+0000][3459.909s][info ][safepoint     ] Entering safepoint region: Cleanup
[2023-10-19T09:38:19.677+0000][3459.909s][info ][safepoint     ] Leaving safepoint region
[2023-10-19T09:38:19.678+0000][3459.910s][info ][safepoint     ] Total time for which application threads were stopped: 0.0009176 seconds, Stopping threads took: 0.0003538 seconds
[2023-10-19T09:38:20.678+0000][3460.910s][debug][safepoint     ] Safepoint synchronization initiated. (173 threads)
[2023-10-19T09:38:20.679+0000][3460.911s][info ][safepoint     ] Application time: 1.0007510 seconds
[2023-10-19T09:38:20.679+0000][3460.911s][info ][safepoint     ] Entering safepoint region: Cleanup
[2023-10-19T09:38:20.680+0000][3460.912s][info ][safepoint     ] Leaving safepoint region
[2023-10-19T09:38:20.681+0000][3460.913s][info ][safepoint     ] Total time for which application threads were stopped: 0.0018935 seconds, Stopping threads took: 0.0006360 seconds
[2023-10-19T09:38:21.682+0000][3461.914s][debug][safepoint     ] Safepoint synchronization initiated. (173 threads)
[2023-10-19T09:38:21.682+0000][3461.914s][info ][safepoint     ] Application time: 1.0006884 seconds
[2023-10-19T09:38:21.682+0000][3461.914s][info ][safepoint     ] Entering safepoint region: Cleanup
[2023-10-19T09:38:21.683+0000][3461.915s][info ][safepoint     ] Leaving safepoint region
[2023-10-19T09:38:21.684+0000][3461.916s][info ][safepoint     ] Total time for which application threads were stopped: 0.0011492 seconds, Stopping threads took: 0.0005193 seconds
[2023-10-19T09:38:22.684+0000][3462.916s][debug][safepoint     ] Safepoint synchronization initiated. (173 threads)
[2023-10-19T09:38:22.685+0000][3462.917s][info ][safepoint     ] Application time: 1.0007147 seconds
[2023-10-19T09:38:22.685+0000][3462.917s][debug][safepoint     ] ... found polling page return exception at pc = 0x00007f0de8ab3e74, stub =0x00007f0de0840600
[2023-10-19T09:38:22.686+0000][3462.918s][debug][safepoint     ] Waiting for 1 thread(s) to block
[2023-10-19T09:38:22.686+0000][3462.918s][info ][safepoint     ] Entering safepoint region: Cleanup
[2023-10-19T09:38:22.687+0000][3462.919s][info ][safepoint     ] Leaving safepoint region
[2023-10-19T09:38:22.687+0000][3462.919s][info ][safepoint     ] Total time for which application threads were stopped: 0.0019997 seconds, Stopping threads took: 0.0013990 seconds
[2023-10-19T09:38:23.688+0000][3463.920s][debug][safepoint     ] Safepoint synchronization initiated. (173 threads)
[2023-10-19T09:38:23.689+0000][3463.921s][info ][safepoint     ] Application time: 1.0016379 seconds
[2023-10-19T09:38:23.690+0000][3463.922s][info ][safepoint     ] Entering safepoint region: Cleanup
[2023-10-19T09:38:23.692+0000][3463.924s][info ][safepoint     ] Leaving safepoint region
[2023-10-19T09:38:23.692+0000][3463.924s][info ][safepoint     ] Total time for which application threads were stopped: 0.0021904 seconds, Stopping threads took: 0.0008218 seconds
[2023-10-19T09:38:24.694+0000][3464.926s][debug][safepoint     ] Safepoint synchronization initiated. (173 threads)
[2023-10-19T09:38:24.694+0000][3464.926s][info ][safepoint     ] Application time: 1.0008880 seconds
[2023-10-19T09:38:24.695+0000][3464.927s][info ][safepoint     ] Entering safepoint region: Cleanup
[2023-10-19T09:38:24.695+0000][3464.927s][info ][safepoint     ] Leaving safepoint region
[2023-10-19T09:38:24.696+0000][3464.928s][info ][safepoint     ] Total time for which application threads were stopped: 0.0010608 seconds, Stopping threads took: 0.0004544 seconds
[2023-10-19T09:38:25.696+0000][3465.928s][debug][safepoint     ] Safepoint synchronization initiated. (173 threads)
[2023-10-19T09:38:25.697+0000][3465.929s][info ][safepoint     ] Application time: 1.0009704 seconds
[2023-10-19T09:38:25.698+0000][3465.930s][info ][safepoint     ] Entering safepoint region: Cleanup
[2023-10-19T09:38:25.698+0000][3465.930s][info ][safepoint     ] Leaving safepoint region
[2023-10-19T09:38:25.699+0000][3465.931s][info ][safepoint     ] Total time for which application threads were stopped: 0.0012265 seconds, Stopping threads took: 0.0005834 seconds
[2023-10-19T09:38:26.699+0000][3466.931s][debug][safepoint     ] Safepoint synchronization initiated. (173 threads)
[2023-10-19T09:38:26.700+0000][3466.932s][info ][safepoint     ] Application time: 1.0008268 seconds
[2023-10-19T09:38:26.701+0000][3466.933s][info ][safepoint     ] Entering safepoint region: Cleanup
[2023-10-19T09:38:26.701+0000][3466.933s][info ][safepoint     ] Leaving safepoint region
[2023-10-19T09:38:26.702+0000][3466.934s][info ][safepoint     ] Total time for which application threads were stopped: 0.0010649 seconds, Stopping threads took: 0.0005060 seconds
[2023-10-19T09:38:27.702+0000][3467.934s][debug][safepoint     ] Safepoint synchronization initiated. (173 threads)
[2023-10-19T09:38:27.703+0000][3467.935s][info ][safepoint     ] Application time: 1.0007445 seconds
[2023-10-19T09:38:27.703+0000][3467.935s][info ][safepoint     ] Entering safepoint region: Cleanup
[2023-10-19T09:38:27.704+0000][3467.936s][info ][safepoint     ] Leaving safepoint region
[2023-10-19T09:38:27.704+0000][3467.936s][info ][safepoint     ] Total time for which application threads were stopped: 0.0009847 seconds, Stopping threads took: 0.0004309 seconds
[2023-10-19T09:38:28.705+0000][3468.937s][debug][safepoint     ] Safepoint synchronization initiated. (173 threads)
[2023-10-19T09:38:28.706+0000][3468.938s][info ][safepoint     ] Application time: 1.0013619 seconds
[2023-10-19T09:38:28.706+0000][3468.938s][info ][safepoint     ] Entering safepoint region: Cleanup
[2023-10-19T09:38:28.707+0000][3468.939s][info ][safepoint     ] Leaving safepoint region
[2023-10-19T09:38:28.708+0000][3468.940s][info ][safepoint     ] Total time for which application threads were stopped: 0.0012424 seconds, Stopping threads took: 0.0005997 seconds
[2023-10-19T09:38:29.708+0000][3469.940s][debug][safepoint     ] Safepoint synchronization initiated. (173 threads)
[2023-10-19T09:38:29.709+0000][3469.941s][info ][safepoint     ] Application time: 1.0009571 seconds
[2023-10-19T09:38:29.709+0000][3469.941s][info ][safepoint     ] Entering safepoint region: Cleanup
[2023-10-19T09:38:29.710+0000][3469.942s][info ][safepoint     ] Leaving safepoint region
[2023-10-19T09:38:29.710+0000][3469.942s][info ][safepoint     ] Total time for which application threads were stopped: 0.0009542 seconds, Stopping threads took: 0.0003408 seconds
[2023-10-19T09:38:30.711+0000][3470.943s][debug][safepoint     ] Safepoint synchronization initiated. (173 threads)
[2023-10-19T09:38:30.711+0000][3470.943s][info ][safepoint     ] Application time: 1.0005122 seconds
[2023-10-19T09:38:30.712+0000][3470.944s][info ][safepoint     ] Entering safepoint region: Cleanup
[2023-10-19T09:38:30.712+0000][3470.944s][info ][safepoint     ] Leaving safepoint region
[2023-10-19T09:38:30.712+0000][3470.944s][info ][safepoint     ] Total time for which application threads were stopped: 0.0008143 seconds, Stopping threads took: 0.0003383 seconds
[2023-10-19T09:38:31.713+0000][3471.945s][debug][safepoint     ] Safepoint synchronization initiated. (173 threads)
[2023-10-19T09:38:31.714+0000][3471.946s][info ][safepoint     ] Application time: 1.0012362 seconds
[2023-10-19T09:38:31.715+0000][3471.947s][info ][safepoint     ] Entering safepoint region: Cleanup
[2023-10-19T09:38:31.716+0000][3471.948s][info ][safepoint     ] Leaving safepoint region
[2023-10-19T09:38:31.716+0000][3471.948s][info ][safepoint     ] Total time for which application threads were stopped: 0.0016355 seconds, Stopping threads took: 0.0007063 seconds
[2023-10-19T09:38:32.713+0000][3472.949s][debug][safepoint     ] Safepoint synchronization initiated. (173 threads)
[2023-10-19T09:38:32.721+0000][3472.957s][info ][safepoint     ] Application time: 1.0081154 seconds
[2023-10-19T09:38:32.729+0000][3472.965s][info ][safepoint     ] Entering safepoint region: Cleanup
[2023-10-19T09:38:32.737+0000][3472.972s][info ][safepoint     ] Leaving safepoint region
[2023-10-19T09:38:32.745+0000][3472.980s][info ][safepoint     ] Total time for which application threads were stopped: 0.0159430 seconds, Stopping threads took: 0.0073936 seconds
[2023-10-19T09:38:33.749+0000][3473.984s][debug][safepoint     ] Safepoint synchronization initiated. (173 threads)
[2023-10-19T09:38:33.750+0000][3473.985s][info ][safepoint     ] Application time: 1.0009304 seconds
[2023-10-19T09:38:33.750+0000][3473.986s][info ][safepoint     ] Entering safepoint region: Cleanup
[2023-10-19T09:38:33.751+0000][3473.987s][info ][safepoint     ] Leaving safepoint region
[2023-10-19T09:38:33.752+0000][3473.987s][info ][safepoint     ] Total time for which application threads were stopped: 0.0013048 seconds, Stopping threads took: 0.0005832 seconds
[2023-10-19T09:38:34.752+0000][3474.988s][debug][safepoint     ] Safepoint synchronization initiated. (173 threads)
[2023-10-19T09:38:34.753+0000][3474.988s][info ][safepoint     ] Application time: 1.0009449 seconds
[2023-10-19T09:38:34.754+0000][3474.989s][info ][safepoint     ] Entering safepoint region: Cleanup
[2023-10-19T09:38:34.754+0000][3474.990s][info ][safepoint     ] Leaving safepoint region
[2023-10-19T09:38:34.755+0000][3474.990s][info ][safepoint     ] Total time for which application threads were stopped: 0.0012967 seconds, Stopping threads took: 0.0005475 seconds
[2023-10-19T09:38:35.756+0000][3475.991s][debug][safepoint     ] Safepoint synchronization initiated. (173 threads)
[2023-10-19T09:38:35.756+0000][3475.992s][info ][safepoint     ] Application time: 1.0008945 seconds
[2023-10-19T09:38:35.757+0000][3475.992s][info ][safepoint     ] Entering safepoint region: Cleanup
[2023-10-19T09:38:35.758+0000][3475.993s][info ][safepoint     ] Leaving safepoint region
[2023-10-19T09:38:35.758+0000][3475.993s][info ][safepoint     ] Total time for which application threads were stopped: 0.0012614 seconds, Stopping threads took: 0.0005006 seconds
[2023-10-19T09:38:36.759+0000][3476.994s][debug][safepoint     ] Safepoint synchronization initiated. (173 threads)
[2023-10-19T09:38:36.759+0000][3476.995s][info ][safepoint     ] Application time: 1.0009076 seconds
[2023-10-19T09:38:36.760+0000][3476.995s][info ][safepoint     ] Entering safepoint region: Cleanup
[2023-10-19T09:38:36.761+0000][3476.996s][info ][safepoint     ] Leaving safepoint region
[2023-10-19T09:38:36.761+0000][3476.996s][info ][safepoint     ] Total time for which application threads were stopped: 0.0012057 seconds, Stopping threads took: 0.0005895 seconds
[2023-10-19T09:38:37.762+0000][3477.997s][debug][safepoint     ] Safepoint synchronization initiated. (173 threads)
[2023-10-19T09:38:37.770+0000][3478.005s][info ][safepoint     ] Application time: 1.0082419 seconds
[2023-10-19T09:38:37.776+0000][3478.012s][debug][safepoint     ] ... found polling page return exception at pc = 0x00007f0de93a8b5a, stub =0x00007f0de0840600
[2023-10-19T09:38:37.776+0000][3478.012s][debug][safepoint     ] ... found polling page return exception at pc = 0x00007f0de93a8b5a, stub =0x00007f0de0840600
[2023-10-19T09:38:37.776+0000][3478.012s][debug][safepoint     ] ... found polling page return exception at pc = 0x00007f0de92ca2ee, stub =0x00007f0de0840600
[2023-10-19T09:38:37.776+0000][3478.012s][debug][safepoint     ] ... found polling page return exception at pc = 0x00007f0de93a8b5a, stub =0x00007f0de0840600
[2023-10-19T09:38:37.776+0000][3478.012s][debug][safepoint     ] ... found polling page return exception at pc = 0x00007f0de93a8b5a, stub =0x00007f0de0840600
[2023-10-19T09:38:37.776+0000][3478.012s][debug][safepoint     ] ... found polling page loop exception at pc = 0x00007f0de92c9fcc, stub =0x00007f0de0843680
[2023-10-19T09:38:37.778+0000][3478.013s][debug][safepoint     ] ... found polling page return exception at pc = 0x00007f0de93a8b5a, stub =0x00007f0de0840600
[2023-10-19T09:38:37.850+0000][3478.085s][debug][safepoint     ] Waiting for 7 thread(s) to block
[2023-10-19T09:38:37.862+0000][3478.098s][info ][safepoint     ] Entering safepoint region: Cleanup
[2023-10-19T09:38:37.866+0000][3478.101s][info ][safepoint     ] Leaving safepoint region
[2023-10-19T09:38:37.889+0000][3478.124s][info ][safepoint     ] Total time for which application threads were stopped: 0.1127683 seconds, Stopping threads took: 0.0896455 seconds
[2023-10-19T09:38:38.903+0000][3479.138s][debug][safepoint     ] Safepoint synchronization initiated. (173 threads)
[2023-10-19T09:38:38.904+0000][3479.139s][info ][safepoint     ] Application time: 1.0008566 seconds
[2023-10-19T09:38:38.904+0000][3479.140s][info ][safepoint     ] Entering safepoint region: Cleanup
[2023-10-19T09:38:38.905+0000][3479.140s][info ][safepoint     ] Leaving safepoint region
[2023-10-19T09:38:38.905+0000][3479.141s][info ][safepoint     ] Total time for which application threads were stopped: 0.0010170 seconds, Stopping threads took: 0.0004378 seconds
[2023-10-19T09:38:39.906+0000][3480.141s][debug][safepoint     ] Safepoint synchronization initiated. (173 threads)
[2023-10-19T09:38:39.906+0000][3480.142s][info ][safepoint     ] Application time: 1.0008010 seconds
[2023-10-19T09:38:39.907+0000][3480.143s][info ][safepoint     ] Entering safepoint region: Cleanup
[2023-10-19T09:38:39.908+0000][3480.144s][info ][safepoint     ] Leaving safepoint region
[2023-10-19T09:38:39.909+0000][3480.144s][info ][safepoint     ] Total time for which application threads were stopped: 0.0017830 seconds, Stopping threads took: 0.0010244 seconds
[2023-10-19T09:38:40.909+0000][3481.145s][debug][safepoint     ] Safepoint synchronization initiated. (173 threads)
[2023-10-19T09:38:40.910+0000][3481.145s][info ][safepoint     ] Application time: 1.0005853 seconds
[2023-10-19T09:38:40.910+0000][3481.146s][info ][safepoint     ] Entering safepoint region: Cleanup
[2023-10-19T09:38:40.911+0000][3481.146s][info ][safepoint     ] Leaving safepoint region
[2023-10-19T09:38:40.911+0000][3481.147s][info ][safepoint     ] Total time for which application threads were stopped: 0.0010834 seconds, Stopping threads took: 0.0003878 seconds
[2023-10-19T09:38:41.912+0000][3482.147s][debug][safepoint     ] Safepoint synchronization initiated. (173 threads)
[2023-10-19T09:38:41.913+0000][3482.148s][info ][safepoint     ] Application time: 1.0007992 seconds
[2023-10-19T09:38:41.913+0000][3482.149s][info ][safepoint     ] Entering safepoint region: Cleanup
[2023-10-19T09:38:41.914+0000][3482.149s][info ][safepoint     ] Leaving safepoint region
[2023-10-19T09:38:41.914+0000][3482.150s][info ][safepoint     ] Total time for which application threads were stopped: 0.0010493 seconds, Stopping threads took: 0.0004425 seconds
[2023-10-19T09:38:42.915+0000][3483.150s][debug][safepoint     ] Safepoint synchronization initiated. (173 threads)
[2023-10-19T09:38:42.915+0000][3483.151s][info ][safepoint     ] Application time: 1.0007880 seconds
[2023-10-19T09:38:42.916+0000][3483.151s][info ][safepoint     ] Entering safepoint region: Cleanup
[2023-10-19T09:38:42.916+0000][3483.152s][info ][safepoint     ] Leaving safepoint region
[2023-10-19T09:38:42.917+0000][3483.152s][info ][safepoint     ] Total time for which application threads were stopped: 0.0010301 seconds, Stopping threads took: 0.0004548 seconds
[2023-10-19T09:38:43.917+0000][3484.153s][debug][safepoint     ] Safepoint synchronization initiated. (173 threads)
[2023-10-19T09:38:43.918+0000][3484.153s][info ][safepoint     ] Application time: 1.0007181 seconds
[2023-10-19T09:38:43.919+0000][3484.154s][info ][safepoint     ] Entering safepoint region: Cleanup
[2023-10-19T09:38:43.919+0000][3484.155s][info ][safepoint     ] Leaving safepoint region
[2023-10-19T09:38:43.920+0000][3484.155s][info ][safepoint     ] Total time for which application threads were stopped: 0.0012216 seconds, Stopping threads took: 0.0006053 seconds
[2023-10-19T09:38:44.920+0000][3485.156s][debug][safepoint     ] Safepoint synchronization initiated. (173 threads)
[2023-10-19T09:38:44.921+0000][3485.156s][info ][safepoint     ] Application time: 1.0008312 seconds
[2023-10-19T09:38:44.921+0000][3485.157s][info ][safepoint     ] Entering safepoint region: Cleanup
[2023-10-19T09:38:44.922+0000][3485.157s][info ][safepoint     ] Leaving safepoint region
[2023-10-19T09:38:44.922+0000][3485.158s][info ][safepoint     ] Total time for which application threads were stopped: 0.0010541 seconds, Stopping threads took: 0.0005256 seconds
[2023-10-19T09:38:45.923+0000][3486.158s][debug][safepoint     ] Safepoint synchronization initiated. (173 threads)
[2023-10-19T09:38:45.923+0000][3486.159s][info ][safepoint     ] Application time: 1.0006504 seconds
[2023-10-19T09:38:45.924+0000][3486.159s][info ][safepoint     ] Entering safepoint region: Cleanup
[2023-10-19T09:38:45.925+0000][3486.160s][info ][safepoint     ] Leaving safepoint region
[2023-10-19T09:38:45.925+0000][3486.160s][info ][safepoint     ] Total time for which application threads were stopped: 0.0010092 seconds, Stopping threads took: 0.0005220 seconds
[2023-10-19T09:38:46.925+0000][3487.161s][debug][safepoint     ] Safepoint synchronization initiated. (173 threads)
[2023-10-19T09:38:46.926+0000][3487.162s][info ][safepoint     ] Application time: 1.0009686 seconds
[2023-10-19T09:38:46.927+0000][3487.162s][debug][safepoint     ] Waiting for 2 thread(s) to block
[2023-10-19T09:38:46.927+0000][3487.163s][info ][safepoint     ] Entering safepoint region: Cleanup
[2023-10-19T09:38:46.928+0000][3487.163s][info ][safepoint     ] Leaving safepoint region
[2023-10-19T09:38:46.928+0000][3487.164s][info ][safepoint     ] Total time for which application threads were stopped: 0.0016671 seconds, Stopping threads took: 0.0011572 seconds
[2023-10-19T09:38:47.929+0000][3488.164s][debug][safepoint     ] Safepoint synchronization initiated. (173 threads)
[2023-10-19T09:38:47.929+0000][3488.165s][info ][safepoint     ] Application time: 1.0008375 seconds
[2023-10-19T09:38:47.930+0000][3488.166s][info ][safepoint     ] Entering safepoint region: Cleanup
[2023-10-19T09:38:47.931+0000][3488.166s][info ][safepoint     ] Leaving safepoint region
[2023-10-19T09:38:47.932+0000][3488.167s][info ][safepoint     ] Total time for which application threads were stopped: 0.0016124 seconds, Stopping threads took: 0.0009682 seconds
[2023-10-19T09:38:48.932+0000][3489.168s][debug][safepoint     ] Safepoint synchronization initiated. (173 threads)
[2023-10-19T09:38:48.933+0000][3489.168s][info ][safepoint     ] Application time: 1.0009887 seconds
[2023-10-19T09:38:48.933+0000][3489.169s][info ][safepoint     ] Entering safepoint region: Cleanup
[2023-10-19T09:38:48.934+0000][3489.169s][info ][safepoint     ] Leaving safepoint region
[2023-10-19T09:38:48.934+0000][3489.170s][info ][safepoint     ] Total time for which application threads were stopped: 0.0010860 seconds, Stopping threads took: 0.0004768 seconds
[2023-10-19T09:38:49.935+0000][3490.170s][debug][safepoint     ] Safepoint synchronization initiated. (173 threads)
[2023-10-19T09:38:49.935+0000][3490.171s][info ][safepoint     ] Application time: 1.0005461 seconds
[2023-10-19T09:38:49.936+0000][3490.171s][info ][safepoint     ] Entering safepoint region: Cleanup
[2023-10-19T09:38:49.936+0000][3490.172s][info ][safepoint     ] Leaving safepoint region
[2023-10-19T09:38:49.936+0000][3490.172s][info ][safepoint     ] Total time for which application threads were stopped: 0.0008491 seconds, Stopping threads took: 0.0003672 seconds
[2023-10-19T09:38:50.937+0000][3491.172s][debug][safepoint     ] Safepoint synchronization initiated. (173 threads)
[2023-10-19T09:38:50.938+0000][3491.173s][info ][safepoint     ] Application time: 1.0007805 seconds
[2023-10-19T09:38:50.938+0000][3491.173s][info ][safepoint     ] Entering safepoint region: Cleanup
[2023-10-19T09:38:50.939+0000][3491.174s][info ][safepoint     ] Leaving safepoint region
[2023-10-19T09:38:50.939+0000][3491.175s][info ][safepoint     ] Total time for which application threads were stopped: 0.0011844 seconds, Stopping threads took: 0.0004976 seconds
[2023-10-19T09:38:51.940+0000][3492.175s][debug][safepoint     ] Safepoint synchronization initiated. (173 threads)
[2023-10-19T09:38:51.941+0000][3492.176s][info ][safepoint     ] Application time: 1.0009989 seconds
[2023-10-19T09:38:51.941+0000][3492.177s][info ][safepoint     ] Entering safepoint region: Cleanup
[2023-10-19T09:38:51.942+0000][3492.177s][info ][safepoint     ] Leaving safepoint region
[2023-10-19T09:38:51.943+0000][3492.178s][info ][safepoint     ] Total time for which application threads were stopped: 0.0012268 seconds, Stopping threads took: 0.0005244 seconds
[2023-10-19T09:38:52.943+0000][3493.178s][debug][safepoint     ] Safepoint synchronization initiated. (173 threads)
[2023-10-19T09:38:52.943+0000][3493.179s][info ][safepoint     ] Application time: 1.0004713 seconds
[2023-10-19T09:38:52.944+0000][3493.179s][info ][safepoint     ] Entering safepoint region: Cleanup
[2023-10-19T09:38:52.944+0000][3493.180s][info ][safepoint     ] Leaving safepoint region
[2023-10-19T09:38:52.945+0000][3493.180s][info ][safepoint     ] Total time for which application threads were stopped: 0.0008233 seconds, Stopping threads took: 0.0003059 seconds
[2023-10-19T09:38:53.945+0000][3494.180s][debug][safepoint     ] Safepoint synchronization initiated. (173 threads)
[2023-10-19T09:38:53.947+0000][3494.182s][info ][safepoint     ] Application time: 1.0018562 seconds
[2023-10-19T09:38:53.947+0000][3494.183s][info ][safepoint     ] Entering safepoint region: Cleanup
[2023-10-19T09:38:53.948+0000][3494.183s][info ][safepoint     ] Leaving safepoint region
[2023-10-19T09:38:53.948+0000][3494.184s][info ][safepoint     ] Total time for which application threads were stopped: 0.0012372 seconds, Stopping threads took: 0.0005299 seconds
[2023-10-19T09:38:54.949+0000][3495.185s][debug][safepoint     ] Safepoint synchronization initiated. (173 threads)
[2023-10-19T09:38:54.951+0000][3495.186s][info ][safepoint     ] Application time: 1.0017547 seconds
[2023-10-19T09:38:54.951+0000][3495.187s][info ][safepoint     ] Entering safepoint region: Cleanup
[2023-10-19T09:38:54.952+0000][3495.187s][info ][safepoint     ] Leaving safepoint region
[2023-10-19T09:38:54.952+0000][3495.187s][info ][safepoint     ] Total time for which application threads were stopped: 0.0008234 seconds, Stopping threads took: 0.0003551 seconds
[2023-10-19T09:38:55.953+0000][3496.188s][debug][safepoint     ] Safepoint synchronization initiated. (173 threads)
[2023-10-19T09:38:55.953+0000][3496.189s][info ][safepoint     ] Application time: 1.0009539 seconds
[2023-10-19T09:38:55.954+0000][3496.190s][info ][safepoint     ] Entering safepoint region: Cleanup
[2023-10-19T09:38:55.955+0000][3496.190s][info ][safepoint     ] Leaving safepoint region
[2023-10-19T09:38:55.956+0000][3496.191s][info ][safepoint     ] Total time for which application threads were stopped: 0.0015386 seconds, Stopping threads took: 0.0006813 seconds
[2023-10-19T09:38:56.957+0000][3497.192s][debug][safepoint     ] Safepoint synchronization initiated. (173 threads)
[2023-10-19T09:38:56.958+0000][3497.194s][info ][safepoint     ] Application time: 1.0022918 seconds
[2023-10-19T09:38:56.959+0000][3497.194s][info ][safepoint     ] Entering safepoint region: Cleanup
[2023-10-19T09:38:56.960+0000][3497.195s][info ][safepoint     ] Leaving safepoint region
[2023-10-19T09:38:56.960+0000][3497.196s][info ][safepoint     ] Total time for which application threads were stopped: 0.0013271 seconds, Stopping threads took: 0.0006290 seconds
[2023-10-19T09:38:57.961+0000][3498.197s][debug][safepoint     ] Safepoint synchronization initiated. (173 threads)
[2023-10-19T09:38:57.962+0000][3498.197s][info ][safepoint     ] Application time: 1.0010371 seconds
[2023-10-19T09:38:57.962+0000][3498.198s][info ][safepoint     ] Entering safepoint region: Cleanup
[2023-10-19T09:38:57.963+0000][3498.199s][info ][safepoint     ] Leaving safepoint region
[2023-10-19T09:38:57.964+0000][3498.199s][info ][safepoint     ] Total time for which application threads were stopped: 0.0011608 seconds, Stopping threads took: 0.0005435 seconds
[2023-10-19T09:38:58.964+0000][3499.200s][debug][safepoint     ] Safepoint synchronization initiated. (173 threads)
[2023-10-19T09:38:58.965+0000][3499.200s][info ][safepoint     ] Application time: 1.0009378 seconds
[2023-10-19T09:38:58.966+0000][3499.201s][info ][safepoint     ] Entering safepoint region: Cleanup
[2023-10-19T09:38:58.966+0000][3499.202s][info ][safepoint     ] Leaving safepoint region
[2023-10-19T09:38:58.967+0000][3499.202s][info ][safepoint     ] Total time for which application threads were stopped: 0.0013341 seconds, Stopping threads took: 0.0005912 seconds
[2023-10-19T09:38:59.968+0000][3500.203s][debug][safepoint     ] Safepoint synchronization initiated. (173 threads)
[2023-10-19T09:38:59.969+0000][3500.204s][info ][safepoint     ] Application time: 1.0015781 seconds
[2023-10-19T09:38:59.970+0000][3500.205s][info ][safepoint     ] Entering safepoint region: Cleanup
[2023-10-19T09:38:59.971+0000][3500.207s][info ][safepoint     ] Leaving safepoint region
[2023-10-19T09:38:59.972+0000][3500.207s][info ][safepoint     ] Total time for which application threads were stopped: 0.0020630 seconds, Stopping threads took: 0.0008213 seconds
[2023-10-19T09:39:00.973+0000][3501.208s][debug][safepoint     ] Safepoint synchronization initiated. (173 threads)
[2023-10-19T09:39:00.974+0000][3501.209s][info ][safepoint     ] Application time: 1.0008117 seconds
[2023-10-19T09:39:00.974+0000][3501.209s][info ][safepoint     ] Entering safepoint region: Cleanup
[2023-10-19T09:39:00.975+0000][3501.210s][info ][safepoint     ] Leaving safepoint region
[2023-10-19T09:39:00.975+0000][3501.210s][info ][safepoint     ] Total time for which application threads were stopped: 0.0009852 seconds, Stopping threads took: 0.0003831 seconds
[2023-10-19T09:39:01.976+0000][3502.211s][debug][safepoint     ] Safepoint synchronization initiated. (173 threads)
[2023-10-19T09:39:01.977+0000][3502.213s][info ][safepoint     ] Application time: 1.0016041 seconds
[2023-10-19T09:39:01.978+0000][3502.214s][info ][safepoint     ] Entering safepoint region: Cleanup
[2023-10-19T09:39:01.980+0000][3502.215s][info ][safepoint     ] Leaving safepoint region
[2023-10-19T09:39:01.981+0000][3502.216s][info ][safepoint     ] Total time for which application threads were stopped: 0.0024498 seconds, Stopping threads took: 0.0010917 seconds
[2023-10-19T09:39:02.982+0000][3503.217s][debug][safepoint     ] Safepoint synchronization initiated. (173 threads)
[2023-10-19T09:39:02.983+0000][3503.218s][info ][safepoint     ] Application time: 1.0011823 seconds
[2023-10-19T09:39:02.984+0000][3503.219s][info ][safepoint     ] Entering safepoint region: Cleanup
[2023-10-19T09:39:02.985+0000][3503.220s][info ][safepoint     ] Leaving safepoint region
[2023-10-19T09:39:02.986+0000][3503.220s][info ][safepoint     ] Total time for which application threads were stopped: 0.0016009 seconds, Stopping threads took: 0.0007944 seconds
[2023-10-19T09:39:03.986+0000][3504.221s][debug][safepoint     ] Safepoint synchronization initiated. (173 threads)
[2023-10-19T09:39:03.987+0000][3504.222s][info ][safepoint     ] Application time: 1.0006076 seconds
[2023-10-19T09:39:03.987+0000][3504.222s][info ][safepoint     ] Entering safepoint region: Cleanup
[2023-10-19T09:39:03.988+0000][3504.223s][info ][safepoint     ] Leaving safepoint region
[2023-10-19T09:39:03.988+0000][3504.223s][info ][safepoint     ] Total time for which application threads were stopped: 0.0011259 seconds, Stopping threads took: 0.0004556 seconds
[2023-10-19T09:39:04.989+0000][3505.224s][debug][safepoint     ] Safepoint synchronization initiated. (173 threads)
[2023-10-19T09:39:04.990+0000][3505.225s][info ][safepoint     ] Application time: 1.0014854 seconds
[2023-10-19T09:39:04.991+0000][3505.226s][info ][safepoint     ] Entering safepoint region: Cleanup
[2023-10-19T09:39:04.993+0000][3505.227s][info ][safepoint     ] Leaving safepoint region
[2023-10-19T09:39:04.993+0000][3505.228s][info ][safepoint     ] Total time for which application threads were stopped: 0.0022239 seconds, Stopping threads took: 0.0010233 seconds
[2023-10-19T09:39:05.995+0000][3506.229s][debug][safepoint     ] Safepoint synchronization initiated. (173 threads)
[2023-10-19T09:39:05.995+0000][3506.230s][info ][safepoint     ] Application time: 1.0007662 seconds
[2023-10-19T09:39:05.996+0000][3506.230s][info ][safepoint     ] Entering safepoint region: Cleanup
[2023-10-19T09:39:05.996+0000][3506.231s][info ][safepoint     ] Leaving safepoint region
[2023-10-19T09:39:05.997+0000][3506.232s][info ][safepoint     ] Total time for which application threads were stopped: 0.0013123 seconds, Stopping threads took: 0.0005624 seconds
[2023-10-19T09:39:06.998+0000][3507.232s][debug][safepoint     ] Safepoint synchronization initiated. (173 threads)
[2023-10-19T09:39:06.998+0000][3507.233s][info ][safepoint     ] Application time: 1.0005458 seconds
[2023-10-19T09:39:06.998+0000][3507.233s][info ][safepoint     ] Entering safepoint region: Cleanup
[2023-10-19T09:39:06.999+0000][3507.234s][info ][safepoint     ] Leaving safepoint region
[2023-10-19T09:39:06.999+0000][3507.234s][info ][safepoint     ] Total time for which application threads were stopped: 0.0008413 seconds, Stopping threads took: 0.0003607 seconds
[2023-10-19T09:39:08.000+0000][3508.234s][debug][safepoint     ] Safepoint synchronization initiated. (173 threads)
[2023-10-19T09:39:08.000+0000][3508.235s][info ][safepoint     ] Application time: 1.0008639 seconds
[2023-10-19T09:39:08.001+0000][3508.236s][info ][safepoint     ] Entering safepoint region: Cleanup
[2023-10-19T09:39:08.002+0000][3508.236s][info ][safepoint     ] Leaving safepoint region
[2023-10-19T09:39:08.002+0000][3508.237s][info ][safepoint     ] Total time for which application threads were stopped: 0.0012823 seconds, Stopping threads took: 0.0005073 seconds
[2023-10-19T09:39:09.003+0000][3509.238s][debug][safepoint     ] Safepoint synchronization initiated. (173 threads)
[2023-10-19T09:39:09.004+0000][3509.239s][info ][safepoint     ] Application time: 1.0016380 seconds
[2023-10-19T09:39:09.005+0000][3509.240s][info ][safepoint     ] Entering safepoint region: Cleanup
[2023-10-19T09:39:09.007+0000][3509.242s][info ][safepoint     ] Leaving safepoint region
[2023-10-19T09:39:09.008+0000][3509.242s][info ][safepoint     ] Total time for which application threads were stopped: 0.0025286 seconds, Stopping threads took: 0.0010524 seconds
[2023-10-19T09:39:10.009+0000][3510.244s][debug][safepoint     ] Safepoint synchronization initiated. (173 threads)
[2023-10-19T09:39:10.009+0000][3510.244s][info ][safepoint     ] Application time: 1.0006935 seconds
[2023-10-19T09:39:10.010+0000][3510.244s][info ][safepoint     ] Entering safepoint region: Cleanup
[2023-10-19T09:39:10.010+0000][3510.245s][info ][safepoint     ] Leaving safepoint region
[2023-10-19T09:39:10.011+0000][3510.246s][info ][safepoint     ] Total time for which application threads were stopped: 0.0011007 seconds, Stopping threads took: 0.0004280 seconds
[2023-10-19T09:39:11.011+0000][3511.246s][debug][safepoint     ] Safepoint synchronization initiated. (173 threads)
[2023-10-19T09:39:11.012+0000][3511.246s][info ][safepoint     ] Application time: 1.0005656 seconds
[2023-10-19T09:39:11.012+0000][3511.247s][info ][safepoint     ] Entering safepoint region: Cleanup
[2023-10-19T09:39:11.013+0000][3511.248s][info ][safepoint     ] Leaving safepoint region
[2023-10-19T09:39:11.013+0000][3511.248s][info ][safepoint     ] Total time for which application threads were stopped: 0.0009843 seconds, Stopping threads took: 0.0004225 seconds
[2023-10-19T09:39:12.014+0000][3512.248s][debug][safepoint     ] Safepoint synchronization initiated. (173 threads)
[2023-10-19T09:39:12.014+0000][3512.249s][info ][safepoint     ] Application time: 1.0009824 seconds
[2023-10-19T09:39:12.015+0000][3512.250s][info ][safepoint     ] Entering safepoint region: Cleanup
[2023-10-19T09:39:12.016+0000][3512.250s][info ][safepoint     ] Leaving safepoint region
[2023-10-19T09:39:12.016+0000][3512.251s][info ][safepoint     ] Total time for which application threads were stopped: 0.0012121 seconds, Stopping threads took: 0.0004921 seconds
[2023-10-19T09:39:13.017+0000][3513.252s][debug][safepoint     ] Safepoint synchronization initiated. (173 threads)
[2023-10-19T09:39:13.018+0000][3513.252s][info ][safepoint     ] Application time: 1.0011157 seconds
[2023-10-19T09:39:13.019+0000][3513.253s][info ][safepoint     ] Entering safepoint region: Cleanup
[2023-10-19T09:39:13.020+0000][3513.254s][info ][safepoint     ] Leaving safepoint region
[2023-10-19T09:39:13.020+0000][3513.255s][info ][safepoint     ] Total time for which application threads were stopped: 0.0017406 seconds, Stopping threads took: 0.0007697 seconds
[2023-10-19T09:39:14.021+0000][3514.256s][debug][safepoint     ] Safepoint synchronization initiated. (173 threads)
[2023-10-19T09:39:14.022+0000][3514.257s][info ][safepoint     ] Application time: 1.0011774 seconds
[2023-10-19T09:39:14.023+0000][3514.258s][info ][safepoint     ] Entering safepoint region: Cleanup
[2023-10-19T09:39:14.024+0000][3514.259s][info ][safepoint     ] Leaving safepoint region
[2023-10-19T09:39:14.025+0000][3514.260s][info ][safepoint     ] Total time for which application threads were stopped: 0.0018980 seconds, Stopping threads took: 0.0007938 seconds
[2023-10-19T09:39:15.026+0000][3515.261s][debug][safepoint     ] Safepoint synchronization initiated. (173 threads)
[2023-10-19T09:39:15.027+0000][3515.261s][info ][safepoint     ] Application time: 1.0009939 seconds
[2023-10-19T09:39:15.027+0000][3515.262s][info ][safepoint     ] Entering safepoint region: Cleanup
[2023-10-19T09:39:15.028+0000][3515.262s][info ][safepoint     ] Leaving safepoint region
[2023-10-19T09:39:15.028+0000][3515.263s][info ][safepoint     ] Total time for which application threads were stopped: 0.0010761 seconds, Stopping threads took: 0.0004713 seconds
[2023-10-19T09:39:16.029+0000][3516.263s][debug][safepoint     ] Safepoint synchronization initiated. (173 threads)
[2023-10-19T09:39:16.029+0000][3516.264s][info ][safepoint     ] Application time: 1.0008730 seconds
[2023-10-19T09:39:16.030+0000][3516.265s][info ][safepoint     ] Entering safepoint region: Cleanup
[2023-10-19T09:39:16.031+0000][3516.265s][info ][safepoint     ] Leaving safepoint region
[2023-10-19T09:39:16.031+0000][3516.266s][info ][safepoint     ] Total time for which application threads were stopped: 0.0010829 seconds, Stopping threads took: 0.0004800 seconds
[2023-10-19T09:39:16.874+0000][3517.108s][debug][safepoint     ] Safepoint synchronization initiated. (173 threads)
[2023-10-19T09:39:16.874+0000][3517.109s][info ][safepoint     ] Application time: 0.8429966 seconds
[2023-10-19T09:39:16.875+0000][3517.110s][info ][safepoint     ] Entering safepoint region: G1CollectForAllocation
[2023-10-19T09:39:16.876+0000][3517.111s][info ][gc,start      ] GC(94) Pause Young (Concurrent Start) (G1 Evacuation Pause)
[2023-10-19T09:39:16.877+0000][3517.112s][info ][gc,task       ] GC(94) Using 8 workers of 8 for evacuation
[2023-10-19T09:39:16.884+0000][3517.118s][info ][gc,phases     ] GC(94)   Pre Evacuate Collection Set: 0.7ms
[2023-10-19T09:39:16.884+0000][3517.119s][info ][gc,phases     ] GC(94)   Evacuate Collection Set: 2.2ms
[2023-10-19T09:39:16.885+0000][3517.120s][info ][gc,phases     ] GC(94)   Post Evacuate Collection Set: 2.7ms
[2023-10-19T09:39:16.885+0000][3517.120s][info ][gc,phases     ] GC(94)   Other: 1.7ms
[2023-10-19T09:39:16.886+0000][3517.121s][info ][gc,heap       ] GC(94) Eden regions: 139->0(140)
[2023-10-19T09:39:16.886+0000][3517.121s][info ][gc,heap       ] GC(94) Survivor regions: 1->1(18)
[2023-10-19T09:39:16.887+0000][3517.122s][info ][gc,heap       ] GC(94) Old regions: 131->131
[2023-10-19T09:39:16.887+0000][3517.122s][info ][gc,heap       ] GC(94) Humongous regions: 25->25
[2023-10-19T09:39:16.888+0000][3517.123s][info ][gc,metaspace  ] GC(94) Metaspace: 160685K(167632K)->160685K(167632K) NonClass: 142103K(146640K)->142103K(146640K) Class: 18581K(20992K)->18581K(20992K)
[2023-10-19T09:39:16.888+0000][3517.123s][info ][gc            ] GC(94) Pause Young (Concurrent Start) (G1 Evacuation Pause) 294M->155M(350M) 11.803ms
[2023-10-19T09:39:16.889+0000][3517.123s][info ][gc,cpu        ] GC(94) User=0.03s Sys=0.00s Real=0.02s
[2023-10-19T09:39:16.889+0000][3517.124s][info ][gc            ] GC(95) Concurrent Cycle
[2023-10-19T09:39:16.889+0000][3517.124s][info ][safepoint     ] Leaving safepoint region
[2023-10-19T09:39:16.889+0000][3517.124s][info ][gc,marking    ] GC(95) Concurrent Clear Claimed Marks
[2023-10-19T09:39:16.890+0000][3517.124s][info ][safepoint     ] Total time for which application threads were stopped: 0.0144171 seconds, Stopping threads took: 0.0007453 seconds
[2023-10-19T09:39:16.891+0000][3517.126s][info ][gc,stringdedup] Concurrent String Deduplication (3517.126s)
[2023-10-19T09:39:16.891+0000][3517.126s][info ][gc,marking    ] GC(95) Concurrent Clear Claimed Marks 1.440ms
[2023-10-19T09:39:16.892+0000][3517.127s][info ][gc,marking    ] GC(95) Concurrent Scan Root Regions
[2023-10-19T09:39:16.891+0000][3517.126s][info ][gc,stringdedup] Concurrent String Deduplication 40.0B->40.0B(0.0B) avg 54.5% (3517.126s, 3517.126s) 0.535ms
[2023-10-19T09:39:16.897+0000][3517.132s][info ][gc,marking    ] GC(95) Concurrent Scan Root Regions 5.550ms
[2023-10-19T09:39:16.898+0000][3517.133s][info ][gc,marking    ] GC(95) Concurrent Mark (3517.133s)
[2023-10-19T09:39:16.899+0000][3517.133s][info ][gc,marking    ] GC(95) Concurrent Mark From Roots
[2023-10-19T09:39:16.899+0000][3517.134s][info ][gc,task       ] GC(95) Using 2 workers of 2 for marking
[2023-10-19T09:39:16.997+0000][3517.232s][info ][gc,marking    ] GC(95) Concurrent Mark From Roots 98.821ms
[2023-10-19T09:39:16.998+0000][3517.233s][info ][gc,marking    ] GC(95) Concurrent Preclean
[2023-10-19T09:39:16.999+0000][3517.234s][info ][gc,marking    ] GC(95) Concurrent Preclean 0.741ms
[2023-10-19T09:39:17.000+0000][3517.234s][info ][gc,marking    ] GC(95) Concurrent Mark (3517.133s, 3517.234s) 101.525ms
[2023-10-19T09:39:17.000+0000][3517.235s][debug][safepoint     ] Safepoint synchronization initiated. (173 threads)
[2023-10-19T09:39:17.001+0000][3517.235s][info ][safepoint     ] Application time: 0.1098477 seconds
[2023-10-19T09:39:17.001+0000][3517.236s][info ][safepoint     ] Entering safepoint region: CGC_Operation
[2023-10-19T09:39:17.002+0000][3517.237s][info ][gc,start      ] GC(95) Pause Remark
[2023-10-19T09:39:17.017+0000][3517.251s][info ][gc,stringtable] GC(95) Cleaned string and symbol table, strings: 69169 processed, 0 removed, symbols: 401708 processed, 0 removed
[2023-10-19T09:39:17.018+0000][3517.252s][info ][gc            ] GC(95) Pause Remark 158M->158M(350M) 15.713ms
[2023-10-19T09:39:17.018+0000][3517.253s][info ][gc,cpu        ] GC(95) User=0.10s Sys=0.01s Real=0.02s
[2023-10-19T09:39:17.019+0000][3517.254s][info ][safepoint     ] Leaving safepoint region
[2023-10-19T09:39:17.019+0000][3517.254s][info ][safepoint     ] Total time for which application threads were stopped: 0.0181978 seconds, Stopping threads took: 0.0005670 seconds
[2023-10-19T09:39:17.020+0000][3517.255s][info ][gc,marking    ] GC(95) Concurrent Rebuild Remembered Sets
[2023-10-19T09:39:17.087+0000][3517.321s][info ][gc,marking    ] GC(95) Concurrent Rebuild Remembered Sets 66.535ms
[2023-10-19T09:39:17.087+0000][3517.322s][debug][safepoint     ] Safepoint synchronization initiated. (173 threads)
[2023-10-19T09:39:17.088+0000][3517.323s][info ][safepoint     ] Application time: 0.0679192 seconds
[2023-10-19T09:39:17.088+0000][3517.323s][info ][safepoint     ] Entering safepoint region: CGC_Operation
[2023-10-19T09:39:17.089+0000][3517.324s][info ][gc,start      ] GC(95) Pause Cleanup
[2023-10-19T09:39:17.090+0000][3517.325s][info ][gc            ] GC(95) Pause Cleanup 158M->158M(350M) 0.800ms
[2023-10-19T09:39:17.090+0000][3517.325s][info ][gc,cpu        ] GC(95) User=0.00s Sys=0.00s Real=0.00s
[2023-10-19T09:39:17.091+0000][3517.325s][info ][safepoint     ] Leaving safepoint region
[2023-10-19T09:39:17.091+0000][3517.326s][info ][safepoint     ] Total time for which application threads were stopped: 0.0028456 seconds, Stopping threads took: 0.0005930 seconds
[2023-10-19T09:39:17.092+0000][3517.326s][info ][gc,marking    ] GC(95) Concurrent Cleanup for Next Mark
[2023-10-19T09:39:17.093+0000][3517.327s][info ][gc,marking    ] GC(95) Concurrent Cleanup for Next Mark 1.002ms
[2023-10-19T09:39:17.093+0000][3517.328s][info ][gc            ] GC(95) Concurrent Cycle 203.921ms
[2023-10-19T09:39:18.092+0000][3518.326s][debug][safepoint     ] Safepoint synchronization initiated. (173 threads)
[2023-10-19T09:39:18.092+0000][3518.327s][info ][safepoint     ] Application time: 1.0008881 seconds
[2023-10-19T09:39:18.093+0000][3518.328s][info ][safepoint     ] Entering safepoint region: Cleanup
[2023-10-19T09:39:18.094+0000][3518.329s][info ][safepoint     ] Leaving safepoint region
[2023-10-19T09:39:18.094+0000][3518.329s][info ][safepoint     ] Total time for which application threads were stopped: 0.0012552 seconds, Stopping threads took: 0.0005021 seconds
[2023-10-19T09:39:19.095+0000][3519.330s][debug][safepoint     ] Safepoint synchronization initiated. (173 threads)
[2023-10-19T09:39:19.096+0000][3519.331s][info ][safepoint     ] Application time: 1.0009123 seconds
[2023-10-19T09:39:19.096+0000][3519.331s][info ][safepoint     ] Entering safepoint region: Cleanup
[2023-10-19T09:39:19.097+0000][3519.332s][info ][safepoint     ] Leaving safepoint region
[2023-10-19T09:39:19.098+0000][3519.332s][info ][safepoint     ] Total time for which application threads were stopped: 0.0014451 seconds, Stopping threads took: 0.0005527 seconds
[2023-10-19T09:39:20.099+0000][3520.333s][debug][safepoint     ] Safepoint synchronization initiated. (173 threads)
[2023-10-19T09:39:20.099+0000][3520.334s][info ][safepoint     ] Application time: 1.0011706 seconds
[2023-10-19T09:39:20.100+0000][3520.334s][info ][safepoint     ] Entering safepoint region: Cleanup
[2023-10-19T09:39:20.100+0000][3520.335s][info ][safepoint     ] Leaving safepoint region
[2023-10-19T09:39:20.101+0000][3520.336s][info ][safepoint     ] Total time for which application threads were stopped: 0.0016137 seconds, Stopping threads took: 0.0004541 seconds
[2023-10-19T09:39:21.102+0000][3521.336s][debug][safepoint     ] Safepoint synchronization initiated. (173 threads)
[2023-10-19T09:39:21.102+0000][3521.337s][info ][safepoint     ] Application time: 1.0005612 seconds
[2023-10-19T09:39:21.102+0000][3521.337s][info ][safepoint     ] Entering safepoint region: Cleanup
[2023-10-19T09:39:21.103+0000][3521.337s][info ][safepoint     ] Leaving safepoint region
[2023-10-19T09:39:21.103+0000][3521.338s][info ][safepoint     ] Total time for which application threads were stopped: 0.0006948 seconds, Stopping threads took: 0.0002700 seconds
[2023-10-19T09:39:22.103+0000][3522.338s][debug][safepoint     ] Safepoint synchronization initiated. (173 threads)
[2023-10-19T09:39:22.104+0000][3522.339s][info ][safepoint     ] Application time: 1.0006338 seconds
[2023-10-19T09:39:22.104+0000][3522.339s][info ][safepoint     ] Entering safepoint region: Cleanup
[2023-10-19T09:39:22.105+0000][3522.339s][info ][safepoint     ] Leaving safepoint region
[2023-10-19T09:39:22.105+0000][3522.340s][info ][safepoint     ] Total time for which application threads were stopped: 0.0008104 seconds, Stopping threads took: 0.0003068 seconds
[2023-10-19T09:39:23.106+0000][3523.340s][debug][safepoint     ] Safepoint synchronization initiated. (173 threads)
[2023-10-19T09:39:23.107+0000][3523.342s][info ][safepoint     ] Application time: 1.0013959 seconds
[2023-10-19T09:39:23.108+0000][3523.343s][info ][safepoint     ] Entering safepoint region: Cleanup
[2023-10-19T09:39:23.109+0000][3523.344s][info ][safepoint     ] Leaving safepoint region
[2023-10-19T09:39:23.110+0000][3523.345s][info ][safepoint     ] Total time for which application threads were stopped: 0.0022753 seconds, Stopping threads took: 0.0010062 seconds
[2023-10-19T09:39:24.111+0000][3524.346s][debug][safepoint     ] Safepoint synchronization initiated. (173 threads)
[2023-10-19T09:39:24.112+0000][3524.346s][info ][safepoint     ] Application time: 1.0005431 seconds
[2023-10-19T09:39:24.112+0000][3524.347s][info ][safepoint     ] Entering safepoint region: Cleanup
[2023-10-19T09:39:24.112+0000][3524.347s][info ][safepoint     ] Leaving safepoint region
[2023-10-19T09:39:24.113+0000][3524.348s][info ][safepoint     ] Total time for which application threads were stopped: 0.0009850 seconds, Stopping threads took: 0.0003233 seconds
[2023-10-19T09:39:25.113+0000][3525.348s][debug][safepoint     ] Safepoint synchronization initiated. (173 threads)
[2023-10-19T09:39:25.114+0000][3525.349s][info ][safepoint     ] Application time: 1.0010123 seconds
[2023-10-19T09:39:25.115+0000][3525.349s][info ][safepoint     ] Entering safepoint region: Cleanup
[2023-10-19T09:39:25.115+0000][3525.350s][info ][safepoint     ] Leaving safepoint region
[2023-10-19T09:39:25.116+0000][3525.351s][info ][safepoint     ] Total time for which application threads were stopped: 0.0011181 seconds, Stopping threads took: 0.0004859 seconds
[2023-10-19T09:39:26.116+0000][3526.351s][debug][safepoint     ] Safepoint synchronization initiated. (174 threads)
[2023-10-19T09:39:26.117+0000][3526.352s][info ][safepoint     ] Application time: 1.0005140 seconds
[2023-10-19T09:39:26.117+0000][3526.352s][info ][safepoint     ] Entering safepoint region: Cleanup
[2023-10-19T09:39:26.118+0000][3526.352s][info ][safepoint     ] Leaving safepoint region
[2023-10-19T09:39:26.118+0000][3526.353s][info ][safepoint     ] Total time for which application threads were stopped: 0.0007744 seconds, Stopping threads took: 0.0003216 seconds
[2023-10-19T09:39:33.119+0000][3533.355s][debug][safepoint     ] Safepoint synchronization initiated. (174 threads)
[2023-10-19T09:39:33.120+0000][3533.356s][info ][safepoint     ] Application time: 7.0029969 seconds
[2023-10-19T09:39:33.121+0000][3533.357s][info ][safepoint     ] Entering safepoint region: Cleanup
[2023-10-19T09:39:33.122+0000][3533.357s][info ][safepoint     ] Leaving safepoint region
[2023-10-19T09:39:33.122+0000][3533.358s][info ][safepoint     ] Total time for which application threads were stopped: 0.0010720 seconds, Stopping threads took: 0.0005241 seconds
[2023-10-19T09:39:35.123+0000][3535.359s][debug][safepoint     ] Safepoint synchronization initiated. (174 threads)
[2023-10-19T09:39:35.124+0000][3535.359s][info ][safepoint     ] Application time: 2.0011708 seconds
[2023-10-19T09:39:35.124+0000][3535.360s][info ][safepoint     ] Entering safepoint region: Cleanup
[2023-10-19T09:39:35.125+0000][3535.360s][info ][safepoint     ] Leaving safepoint region
[2023-10-19T09:39:35.125+0000][3535.361s][info ][safepoint     ] Total time for which application threads were stopped: 0.0009831 seconds, Stopping threads took: 0.0003948 seconds
[2023-10-19T09:39:45.128+0000][3545.363s][debug][safepoint     ] Safepoint synchronization initiated. (172 threads)
[2023-10-19T09:39:45.129+0000][3545.365s][info ][safepoint     ] Application time: 10.0035810 seconds
[2023-10-19T09:39:45.130+0000][3545.366s][info ][safepoint     ] Entering safepoint region: Cleanup
[2023-10-19T09:39:45.131+0000][3545.367s][info ][safepoint     ] Leaving safepoint region
[2023-10-19T09:39:45.132+0000][3545.368s][info ][safepoint     ] Total time for which application threads were stopped: 0.0021938 seconds, Stopping threads took: 0.0009723 seconds
[2023-10-19T09:40:17.132+0000][3577.375s][debug][safepoint     ] Safepoint synchronization initiated. (174 threads)
[2023-10-19T09:40:17.133+0000][3577.376s][info ][safepoint     ] Application time: 32.0078808 seconds
[2023-10-19T09:40:17.134+0000][3577.377s][info ][safepoint     ] Entering safepoint region: Cleanup
[2023-10-19T09:40:17.135+0000][3577.378s][info ][safepoint     ] Leaving safepoint region
[2023-10-19T09:40:17.136+0000][3577.379s][info ][safepoint     ] Total time for which application threads were stopped: 0.0017772 seconds, Stopping threads took: 0.0007266 seconds
[2023-10-19T09:40:47.139+0000][3607.386s][debug][safepoint     ] Safepoint synchronization initiated. (173 threads)
[2023-10-19T09:40:47.140+0000][3607.387s][info ][safepoint     ] Application time: 30.0073627 seconds
[2023-10-19T09:40:47.141+0000][3607.388s][info ][safepoint     ] Entering safepoint region: Cleanup
[2023-10-19T09:40:47.143+0000][3607.390s][info ][safepoint     ] Leaving safepoint region
[2023-10-19T09:40:47.143+0000][3607.390s][info ][safepoint     ] Total time for which application threads were stopped: 0.0026091 seconds, Stopping threads took: 0.0015218 seconds
[2023-10-19T09:40:48.144+0000][3608.391s][debug][safepoint     ] Safepoint synchronization initiated. (173 threads)
[2023-10-19T09:40:48.146+0000][3608.393s][info ][safepoint     ] Application time: 1.0015593 seconds
[2023-10-19T09:40:48.147+0000][3608.394s][info ][safepoint     ] Entering safepoint region: Cleanup
[2023-10-19T09:40:48.148+0000][3608.395s][info ][safepoint     ] Leaving safepoint region
[2023-10-19T09:40:48.149+0000][3608.396s][info ][safepoint     ] Total time for which application threads were stopped: 0.0021905 seconds, Stopping threads took: 0.0009582 seconds
[2023-10-19T09:40:49.150+0000][3609.397s][debug][safepoint     ] Safepoint synchronization initiated. (173 threads)
[2023-10-19T09:40:49.151+0000][3609.397s][info ][safepoint     ] Application time: 1.0008350 seconds
[2023-10-19T09:40:49.151+0000][3609.398s][info ][safepoint     ] Entering safepoint region: Cleanup
[2023-10-19T09:40:49.152+0000][3609.399s][info ][safepoint     ] Leaving safepoint region
[2023-10-19T09:40:49.152+0000][3609.399s][info ][safepoint     ] Total time for which application threads were stopped: 0.0012176 seconds, Stopping threads took: 0.0005106 seconds
[2023-10-19T09:40:50.153+0000][3610.400s][debug][safepoint     ] Safepoint synchronization initiated. (173 threads)
[2023-10-19T09:40:50.154+0000][3610.401s][info ][safepoint     ] Application time: 1.0010414 seconds
[2023-10-19T09:40:50.154+0000][3610.401s][info ][safepoint     ] Entering safepoint region: Cleanup
[2023-10-19T09:40:50.155+0000][3610.402s][info ][safepoint     ] Leaving safepoint region
[2023-10-19T09:40:50.155+0000][3610.402s][info ][safepoint     ] Total time for which application threads were stopped: 0.0010110 seconds, Stopping threads took: 0.0004366 seconds
[2023-10-19T09:40:51.156+0000][3611.403s][debug][safepoint     ] Safepoint synchronization initiated. (173 threads)
[2023-10-19T09:40:51.156+0000][3611.403s][info ][safepoint     ] Application time: 1.0005202 seconds
[2023-10-19T09:40:51.157+0000][3611.404s][info ][safepoint     ] Entering safepoint region: Cleanup
[2023-10-19T09:40:51.157+0000][3611.404s][info ][safepoint     ] Leaving safepoint region
[2023-10-19T09:40:51.158+0000][3611.404s][info ][safepoint     ] Total time for which application threads were stopped: 0.0009682 seconds, Stopping threads took: 0.0004129 seconds
[2023-10-19T09:40:52.158+0000][3612.405s][debug][safepoint     ] Safepoint synchronization initiated. (173 threads)
[2023-10-19T09:40:52.159+0000][3612.406s][info ][safepoint     ] Application time: 1.0008496 seconds
[2023-10-19T09:40:52.159+0000][3612.406s][info ][safepoint     ] Entering safepoint region: Cleanup
[2023-10-19T09:40:52.160+0000][3612.407s][info ][safepoint     ] Leaving safepoint region
[2023-10-19T09:40:52.161+0000][3612.408s][info ][safepoint     ] Total time for which application threads were stopped: 0.0013477 seconds, Stopping threads took: 0.0005567 seconds
[2023-10-19T09:40:53.161+0000][3613.408s][debug][safepoint     ] Safepoint synchronization initiated. (173 threads)
[2023-10-19T09:40:53.162+0000][3613.409s][info ][safepoint     ] Application time: 1.0007478 seconds
[2023-10-19T09:40:53.162+0000][3613.409s][info ][safepoint     ] Entering safepoint region: Cleanup
[2023-10-19T09:40:53.163+0000][3613.410s][info ][safepoint     ] Leaving safepoint region
[2023-10-19T09:40:53.164+0000][3613.411s][info ][safepoint     ] Total time for which application threads were stopped: 0.0013771 seconds, Stopping threads took: 0.0006050 seconds
[2023-10-19T09:40:54.164+0000][3614.411s][debug][safepoint     ] Safepoint synchronization initiated. (173 threads)
[2023-10-19T09:40:54.165+0000][3614.412s][info ][safepoint     ] Application time: 1.0006414 seconds
[2023-10-19T09:40:54.165+0000][3614.412s][info ][safepoint     ] Entering safepoint region: Cleanup
[2023-10-19T09:40:54.166+0000][3614.413s][info ][safepoint     ] Leaving safepoint region
[2023-10-19T09:40:54.167+0000][3614.414s][info ][safepoint     ] Total time for which application threads were stopped: 0.0014667 seconds, Stopping threads took: 0.0006452 seconds
[2023-10-19T09:40:55.168+0000][3615.414s][debug][safepoint     ] Safepoint synchronization initiated. (173 threads)
[2023-10-19T09:40:55.168+0000][3615.415s][info ][safepoint     ] Application time: 1.0007368 seconds
[2023-10-19T09:40:55.168+0000][3615.415s][info ][safepoint     ] Entering safepoint region: Cleanup
[2023-10-19T09:40:55.169+0000][3615.416s][info ][safepoint     ] Leaving safepoint region
[2023-10-19T09:40:55.169+0000][3615.416s][info ][safepoint     ] Total time for which application threads were stopped: 0.0009471 seconds, Stopping threads took: 0.0003718 seconds
[2023-10-19T09:40:56.170+0000][3616.417s][debug][safepoint     ] Safepoint synchronization initiated. (173 threads)
[2023-10-19T09:40:56.171+0000][3616.418s][info ][safepoint     ] Application time: 1.0012965 seconds
[2023-10-19T09:40:56.172+0000][3616.419s][info ][safepoint     ] Entering safepoint region: Cleanup
[2023-10-19T09:40:56.173+0000][3616.420s][info ][safepoint     ] Leaving safepoint region
[2023-10-19T09:40:56.174+0000][3616.421s][info ][safepoint     ] Total time for which application threads were stopped: 0.0021783 seconds, Stopping threads took: 0.0010036 seconds
[2023-10-19T09:40:57.175+0000][3617.422s][debug][safepoint     ] Safepoint synchronization initiated. (173 threads)
[2023-10-19T09:40:57.176+0000][3617.423s][info ][safepoint     ] Application time: 1.0011332 seconds
[2023-10-19T09:40:57.177+0000][3617.424s][info ][safepoint     ] Entering safepoint region: Cleanup
[2023-10-19T09:40:57.178+0000][3617.425s][info ][safepoint     ] Leaving safepoint region
[2023-10-19T09:40:57.178+0000][3617.425s][info ][safepoint     ] Total time for which application threads were stopped: 0.0017515 seconds, Stopping threads took: 0.0008304 seconds
[2023-10-19T09:40:58.179+0000][3618.426s][debug][safepoint     ] Safepoint synchronization initiated. (173 threads)
[2023-10-19T09:40:58.180+0000][3618.427s][info ][safepoint     ] Application time: 1.0015385 seconds
[2023-10-19T09:40:58.181+0000][3618.428s][info ][safepoint     ] Entering safepoint region: Cleanup
[2023-10-19T09:40:58.183+0000][3618.430s][info ][safepoint     ] Leaving safepoint region
[2023-10-19T09:40:58.184+0000][3618.430s][info ][safepoint     ] Total time for which application threads were stopped: 0.0021893 seconds, Stopping threads took: 0.0008792 seconds
[2023-10-19T09:40:59.185+0000][3619.432s][debug][safepoint     ] Safepoint synchronization initiated. (173 threads)
[2023-10-19T09:40:59.186+0000][3619.433s][info ][safepoint     ] Application time: 1.0015201 seconds
[2023-10-19T09:40:59.187+0000][3619.434s][info ][safepoint     ] Entering safepoint region: Cleanup
[2023-10-19T09:40:59.188+0000][3619.435s][info ][safepoint     ] Leaving safepoint region
[2023-10-19T09:40:59.189+0000][3619.436s][info ][safepoint     ] Total time for which application threads were stopped: 0.0024617 seconds, Stopping threads took: 0.0010806 seconds
[2023-10-19T09:41:00.190+0000][3620.437s][debug][safepoint     ] Safepoint synchronization initiated. (173 threads)
[2023-10-19T09:41:00.191+0000][3620.438s][info ][safepoint     ] Application time: 1.0006432 seconds
[2023-10-19T09:41:00.191+0000][3620.438s][info ][safepoint     ] Entering safepoint region: Cleanup
[2023-10-19T09:41:00.192+0000][3620.439s][info ][safepoint     ] Leaving safepoint region
[2023-10-19T09:41:00.192+0000][3620.439s][info ][safepoint     ] Total time for which application threads were stopped: 0.0007707 seconds, Stopping threads took: 0.0002960 seconds
[2023-10-19T09:41:01.192+0000][3621.439s][debug][safepoint     ] Safepoint synchronization initiated. (173 threads)
[2023-10-19T09:41:01.193+0000][3621.440s][info ][safepoint     ] Application time: 1.0007750 seconds
[2023-10-19T09:41:01.194+0000][3621.440s][info ][safepoint     ] Entering safepoint region: Cleanup
[2023-10-19T09:41:01.194+0000][3621.441s][info ][safepoint     ] Leaving safepoint region
[2023-10-19T09:41:01.195+0000][3621.442s][info ][safepoint     ] Total time for which application threads were stopped: 0.0013034 seconds, Stopping threads took: 0.0005904 seconds
[2023-10-19T09:41:02.195+0000][3622.442s][debug][safepoint     ] Safepoint synchronization initiated. (173 threads)
[2023-10-19T09:41:02.196+0000][3622.443s][info ][safepoint     ] Application time: 1.0006274 seconds
[2023-10-19T09:41:02.196+0000][3622.443s][info ][safepoint     ] Entering safepoint region: Cleanup
[2023-10-19T09:41:02.197+0000][3622.444s][info ][safepoint     ] Leaving safepoint region
[2023-10-19T09:41:02.198+0000][3622.444s][info ][safepoint     ] Total time for which application threads were stopped: 0.0011196 seconds, Stopping threads took: 0.0004545 seconds
[2023-10-19T09:41:03.196+0000][3623.445s][debug][safepoint     ] Safepoint synchronization initiated. (173 threads)
[2023-10-19T09:41:03.197+0000][3623.446s][info ][safepoint     ] Application time: 1.0010990 seconds
[2023-10-19T09:41:03.198+0000][3623.447s][info ][safepoint     ] Entering safepoint region: Cleanup
[2023-10-19T09:41:03.199+0000][3623.448s][info ][safepoint     ] Leaving safepoint region
[2023-10-19T09:41:03.200+0000][3623.449s][info ][safepoint     ] Total time for which application threads were stopped: 0.0022405 seconds, Stopping threads took: 0.0009431 seconds
[2023-10-19T09:41:04.201+0000][3624.450s][debug][safepoint     ] Safepoint synchronization initiated. (173 threads)
[2023-10-19T09:41:04.202+0000][3624.451s][info ][safepoint     ] Application time: 1.0008646 seconds
[2023-10-19T09:41:04.202+0000][3624.451s][info ][safepoint     ] Entering safepoint region: Cleanup
[2023-10-19T09:41:04.203+0000][3624.452s][info ][safepoint     ] Leaving safepoint region
[2023-10-19T09:41:04.204+0000][3624.452s][info ][safepoint     ] Total time for which application threads were stopped: 0.0013362 seconds, Stopping threads took: 0.0006563 seconds
[2023-10-19T09:41:05.205+0000][3625.453s][debug][safepoint     ] Safepoint synchronization initiated. (173 threads)
[2023-10-19T09:41:05.206+0000][3625.454s][info ][safepoint     ] Application time: 1.0013761 seconds
[2023-10-19T09:41:05.207+0000][3625.455s][info ][safepoint     ] Entering safepoint region: Cleanup
[2023-10-19T09:41:05.208+0000][3625.457s][info ][safepoint     ] Leaving safepoint region
[2023-10-19T09:41:05.209+0000][3625.458s][info ][safepoint     ] Total time for which application threads were stopped: 0.0027449 seconds, Stopping threads took: 0.0012387 seconds
[2023-10-19T09:41:06.211+0000][3626.459s][debug][safepoint     ] Safepoint synchronization initiated. (173 threads)
[2023-10-19T09:41:06.212+0000][3626.461s][info ][safepoint     ] Application time: 1.0017223 seconds
[2023-10-19T09:41:06.213+0000][3626.462s][info ][safepoint     ] Entering safepoint region: Cleanup
[2023-10-19T09:41:06.215+0000][3626.463s][info ][safepoint     ] Leaving safepoint region
[2023-10-19T09:41:06.216+0000][3626.464s][info ][safepoint     ] Total time for which application threads were stopped: 0.0024833 seconds, Stopping threads took: 0.0011297 seconds
[2023-10-19T09:41:07.217+0000][3627.465s][debug][safepoint     ] Safepoint synchronization initiated. (173 threads)
[2023-10-19T09:41:07.218+0000][3627.466s][info ][safepoint     ] Application time: 1.0014360 seconds
[2023-10-19T09:41:07.219+0000][3627.468s][debug][safepoint     ] ... found polling page loop exception at pc = 0x00007f0de931f889, stub =0x00007f0de0843680
[2023-10-19T09:41:07.220+0000][3627.469s][debug][safepoint     ] Waiting for 2 thread(s) to block
[2023-10-19T09:41:07.221+0000][3627.470s][info ][safepoint     ] Entering safepoint region: Cleanup
[2023-10-19T09:41:07.222+0000][3627.471s][info ][safepoint     ] Leaving safepoint region
[2023-10-19T09:41:07.223+0000][3627.472s][info ][safepoint     ] Total time for which application threads were stopped: 0.0041355 seconds, Stopping threads took: 0.0032332 seconds
[2023-10-19T09:41:07.222+0000][3627.471s][debug][safepoint     ] ... found polling page return exception at pc = 0x00007f0de87cbbc4, stub =0x00007f0de0840600
[2023-10-19T09:41:07.222+0000][3627.471s][debug][safepoint     ] ... found polling page return exception at pc = 0x00007f0de87cbbc4, stub =0x00007f0de0840600
[2023-10-19T09:41:07.222+0000][3627.471s][debug][safepoint     ] ... found polling page return exception at pc = 0x00007f0de87cbbc4, stub =0x00007f0de0840600
[2023-10-19T09:41:07.222+0000][3627.471s][debug][safepoint     ] ... found polling page return exception at pc = 0x00007f0de87cbbc4, stub =0x00007f0de0840600
[2023-10-19T09:41:07.222+0000][3627.471s][debug][safepoint     ] ... found polling page return exception at pc = 0x00007f0de87cbbc4, stub =0x00007f0de0840600
[2023-10-19T09:41:08.224+0000][3628.473s][debug][safepoint     ] Safepoint synchronization initiated. (173 threads)
[2023-10-19T09:41:08.225+0000][3628.474s][info ][safepoint     ] Application time: 1.0013264 seconds
[2023-10-19T09:41:08.226+0000][3628.475s][info ][safepoint     ] Entering safepoint region: Cleanup
[2023-10-19T09:41:08.227+0000][3628.476s][info ][safepoint     ] Leaving safepoint region
[2023-10-19T09:41:08.228+0000][3628.476s][info ][safepoint     ] Total time for which application threads were stopped: 0.0019757 seconds, Stopping threads took: 0.0007553 seconds
[2023-10-19T09:41:09.229+0000][3629.477s][debug][safepoint     ] Safepoint synchronization initiated. (173 threads)
[2023-10-19T09:41:09.229+0000][3629.478s][info ][safepoint     ] Application time: 1.0008971 seconds
[2023-10-19T09:41:09.230+0000][3629.478s][info ][safepoint     ] Entering safepoint region: Cleanup
[2023-10-19T09:41:09.230+0000][3629.479s][info ][safepoint     ] Leaving safepoint region
[2023-10-19T09:41:09.231+0000][3629.479s][info ][safepoint     ] Total time for which application threads were stopped: 0.0009176 seconds, Stopping threads took: 0.0004080 seconds
[2023-10-19T09:41:10.231+0000][3630.480s][debug][safepoint     ] Safepoint synchronization initiated. (173 threads)
[2023-10-19T09:41:10.232+0000][3630.481s][info ][safepoint     ] Application time: 1.0012427 seconds
[2023-10-19T09:41:10.233+0000][3630.482s][info ][safepoint     ] Entering safepoint region: Cleanup
[2023-10-19T09:41:10.234+0000][3630.483s][info ][safepoint     ] Leaving safepoint region
[2023-10-19T09:41:10.235+0000][3630.484s][info ][safepoint     ] Total time for which application threads were stopped: 0.0021358 seconds, Stopping threads took: 0.0008680 seconds
[2023-10-19T09:41:11.236+0000][3631.485s][debug][safepoint     ] Safepoint synchronization initiated. (173 threads)
[2023-10-19T09:41:11.237+0000][3631.485s][info ][safepoint     ] Application time: 1.0004654 seconds
[2023-10-19T09:41:11.237+0000][3631.486s][info ][safepoint     ] Entering safepoint region: Cleanup
[2023-10-19T09:41:11.237+0000][3631.486s][info ][safepoint     ] Leaving safepoint region
[2023-10-19T09:41:11.238+0000][3631.486s][info ][safepoint     ] Total time for which application threads were stopped: 0.0009510 seconds, Stopping threads took: 0.0003676 seconds
[2023-10-19T09:41:12.238+0000][3632.487s][debug][safepoint     ] Safepoint synchronization initiated. (173 threads)
[2023-10-19T09:41:12.239+0000][3632.488s][info ][safepoint     ] Application time: 1.0010604 seconds
[2023-10-19T09:41:12.240+0000][3632.489s][info ][safepoint     ] Entering safepoint region: Cleanup
[2023-10-19T09:41:12.241+0000][3632.489s][info ][safepoint     ] Leaving safepoint region
[2023-10-19T09:41:12.241+0000][3632.490s][info ][safepoint     ] Total time for which application threads were stopped: 0.0015208 seconds, Stopping threads took: 0.0006367 seconds
[2023-10-19T09:41:12.241+0000][3632.489s][debug][safepoint     ] ... found polling page return exception at pc = 0x00007f0de87cbbc4, stub =0x00007f0de0840600
[2023-10-19T09:41:13.242+0000][3633.491s][debug][safepoint     ] Safepoint synchronization initiated. (173 threads)
[2023-10-19T09:41:13.243+0000][3633.492s][info ][safepoint     ] Application time: 1.0010699 seconds
[2023-10-19T09:41:13.244+0000][3633.492s][info ][safepoint     ] Entering safepoint region: Cleanup
[2023-10-19T09:41:13.244+0000][3633.493s][info ][safepoint     ] Leaving safepoint region
[2023-10-19T09:41:13.245+0000][3633.494s][info ][safepoint     ] Total time for which application threads were stopped: 0.0012696 seconds, Stopping threads took: 0.0005979 seconds
[2023-10-19T09:41:14.246+0000][3634.494s][debug][safepoint     ] Safepoint synchronization initiated. (173 threads)
[2023-10-19T09:41:14.246+0000][3634.495s][info ][safepoint     ] Application time: 1.0006358 seconds
[2023-10-19T09:41:14.247+0000][3634.495s][info ][safepoint     ] Entering safepoint region: Cleanup
[2023-10-19T09:41:14.247+0000][3634.496s][info ][safepoint     ] Leaving safepoint region
[2023-10-19T09:41:14.247+0000][3634.496s][info ][safepoint     ] Total time for which application threads were stopped: 0.0010162 seconds, Stopping threads took: 0.0004338 seconds
[2023-10-19T09:41:15.248+0000][3635.497s][debug][safepoint     ] Safepoint synchronization initiated. (173 threads)
[2023-10-19T09:41:15.249+0000][3635.498s][info ][safepoint     ] Application time: 1.0016511 seconds
[2023-10-19T09:41:15.250+0000][3635.499s][info ][safepoint     ] Entering safepoint region: Cleanup
[2023-10-19T09:41:15.252+0000][3635.500s][info ][safepoint     ] Leaving safepoint region
[2023-10-19T09:41:15.253+0000][3635.501s][info ][safepoint     ] Total time for which application threads were stopped: 0.0023467 seconds, Stopping threads took: 0.0009212 seconds
[2023-10-19T09:41:16.254+0000][3636.502s][debug][safepoint     ] Safepoint synchronization initiated. (173 threads)
[2023-10-19T09:41:16.255+0000][3636.503s][info ][safepoint     ] Application time: 1.0011412 seconds
[2023-10-19T09:41:16.255+0000][3636.504s][info ][safepoint     ] Entering safepoint region: Cleanup
[2023-10-19T09:41:16.256+0000][3636.505s][info ][safepoint     ] Leaving safepoint region
[2023-10-19T09:41:16.256+0000][3636.505s][info ][safepoint     ] Total time for which application threads were stopped: 0.0011116 seconds, Stopping threads took: 0.0005417 seconds
[2023-10-19T09:41:17.257+0000][3637.506s][debug][safepoint     ] Safepoint synchronization initiated. (175 threads)
[2023-10-19T09:41:17.258+0000][3637.506s][info ][safepoint     ] Application time: 1.0006594 seconds
[2023-10-19T09:41:17.258+0000][3637.507s][info ][safepoint     ] Entering safepoint region: Cleanup
[2023-10-19T09:41:17.259+0000][3637.507s][info ][safepoint     ] Leaving safepoint region
[2023-10-19T09:41:17.259+0000][3637.508s][info ][safepoint     ] Total time for which application threads were stopped: 0.0013083 seconds, Stopping threads took: 0.0004994 seconds
[2023-10-19T09:41:18.260+0000][3638.509s][debug][safepoint     ] Safepoint synchronization initiated. (175 threads)
[2023-10-19T09:41:18.260+0000][3638.509s][info ][safepoint     ] Application time: 1.0004941 seconds
[2023-10-19T09:41:18.261+0000][3638.509s][info ][safepoint     ] Entering safepoint region: Cleanup
[2023-10-19T09:41:18.261+0000][3638.510s][info ][safepoint     ] Leaving safepoint region
[2023-10-19T09:41:18.261+0000][3638.510s][info ][safepoint     ] Total time for which application threads were stopped: 0.0007834 seconds, Stopping threads took: 0.0003247 seconds
[2023-10-19T09:41:19.262+0000][3639.511s][debug][safepoint     ] Safepoint synchronization initiated. (175 threads)
[2023-10-19T09:41:19.262+0000][3639.511s][info ][safepoint     ] Application time: 1.0007781 seconds
[2023-10-19T09:41:19.263+0000][3639.512s][info ][safepoint     ] Entering safepoint region: Cleanup
[2023-10-19T09:41:19.264+0000][3639.513s][info ][safepoint     ] Leaving safepoint region
[2023-10-19T09:41:19.264+0000][3639.513s][info ][safepoint     ] Total time for which application threads were stopped: 0.0011976 seconds, Stopping threads took: 0.0005990 seconds
[2023-10-19T09:41:20.265+0000][3640.514s][debug][safepoint     ] Safepoint synchronization initiated. (175 threads)
[2023-10-19T09:41:20.265+0000][3640.514s][info ][safepoint     ] Application time: 1.0005374 seconds
[2023-10-19T09:41:20.266+0000][3640.514s][info ][safepoint     ] Entering safepoint region: Cleanup
[2023-10-19T09:41:20.266+0000][3640.515s][info ][safepoint     ] Leaving safepoint region
[2023-10-19T09:41:20.267+0000][3640.516s][info ][safepoint     ] Total time for which application threads were stopped: 0.0012015 seconds, Stopping threads took: 0.0004055 seconds
[2023-10-19T09:41:21.268+0000][3641.516s][debug][safepoint     ] Safepoint synchronization initiated. (175 threads)
[2023-10-19T09:41:21.268+0000][3641.517s][info ][safepoint     ] Application time: 1.0007528 seconds
[2023-10-19T09:41:21.269+0000][3641.517s][info ][safepoint     ] Entering safepoint region: Cleanup
[2023-10-19T09:41:21.269+0000][3641.518s][info ][safepoint     ] Leaving safepoint region
[2023-10-19T09:41:21.270+0000][3641.519s][info ][safepoint     ] Total time for which application threads were stopped: 0.0014319 seconds, Stopping threads took: 0.0006264 seconds
[2023-10-19T09:41:22.270+0000][3642.519s][debug][safepoint     ] Safepoint synchronization initiated. (175 threads)
[2023-10-19T09:41:22.271+0000][3642.520s][info ][safepoint     ] Application time: 1.0008858 seconds
[2023-10-19T09:41:22.272+0000][3642.520s][info ][safepoint     ] Entering safepoint region: Cleanup
[2023-10-19T09:41:22.273+0000][3642.521s][info ][safepoint     ] Leaving safepoint region
[2023-10-19T09:41:22.273+0000][3642.522s][info ][safepoint     ] Total time for which application threads were stopped: 0.0012679 seconds, Stopping threads took: 0.0006476 seconds
[2023-10-19T09:41:23.274+0000][3643.523s][debug][safepoint     ] Safepoint synchronization initiated. (175 threads)
[2023-10-19T09:41:23.275+0000][3643.523s][info ][safepoint     ] Application time: 1.0012245 seconds
[2023-10-19T09:41:23.275+0000][3643.524s][info ][safepoint     ] Entering safepoint region: Cleanup
[2023-10-19T09:41:23.276+0000][3643.525s][info ][safepoint     ] Leaving safepoint region
[2023-10-19T09:41:23.277+0000][3643.525s][info ][safepoint     ] Total time for which application threads were stopped: 0.0014672 seconds, Stopping threads took: 0.0006609 seconds
[2023-10-19T09:41:24.278+0000][3644.526s][debug][safepoint     ] Safepoint synchronization initiated. (175 threads)
[2023-10-19T09:41:24.278+0000][3644.527s][info ][safepoint     ] Application time: 1.0009055 seconds
[2023-10-19T09:41:24.279+0000][3644.527s][info ][safepoint     ] Entering safepoint region: Cleanup
[2023-10-19T09:41:24.279+0000][3644.528s][info ][safepoint     ] Leaving safepoint region
[2023-10-19T09:41:24.280+0000][3644.528s][info ][safepoint     ] Total time for which application threads were stopped: 0.0011380 seconds, Stopping threads took: 0.0004932 seconds
[2023-10-19T09:41:25.280+0000][3645.529s][debug][safepoint     ] Safepoint synchronization initiated. (175 threads)
[2023-10-19T09:41:25.281+0000][3645.530s][info ][safepoint     ] Application time: 1.0009649 seconds
[2023-10-19T09:41:25.282+0000][3645.530s][info ][safepoint     ] Entering safepoint region: Cleanup
[2023-10-19T09:41:25.283+0000][3645.531s][info ][safepoint     ] Leaving safepoint region
[2023-10-19T09:41:25.283+0000][3645.532s][info ][safepoint     ] Total time for which application threads were stopped: 0.0012618 seconds, Stopping threads took: 0.0006583 seconds
[2023-10-19T09:41:26.284+0000][3646.532s][debug][safepoint     ] Safepoint synchronization initiated. (175 threads)
[2023-10-19T09:41:26.284+0000][3646.533s][info ][safepoint     ] Application time: 1.0007324 seconds
[2023-10-19T09:41:26.285+0000][3646.533s][info ][safepoint     ] Entering safepoint region: Cleanup
[2023-10-19T09:41:26.285+0000][3646.534s][info ][safepoint     ] Leaving safepoint region
[2023-10-19T09:41:26.285+0000][3646.534s][info ][safepoint     ] Total time for which application threads were stopped: 0.0008240 seconds, Stopping threads took: 0.0003720 seconds
[2023-10-19T09:41:27.286+0000][3647.534s][debug][safepoint     ] Safepoint synchronization initiated. (175 threads)
[2023-10-19T09:41:27.286+0000][3647.535s][info ][safepoint     ] Application time: 1.0006741 seconds
[2023-10-19T09:41:27.287+0000][3647.536s][info ][safepoint     ] Entering safepoint region: Cleanup
[2023-10-19T09:41:27.288+0000][3647.536s][info ][safepoint     ] Leaving safepoint region
[2023-10-19T09:41:27.288+0000][3647.537s][info ][safepoint     ] Total time for which application threads were stopped: 0.0012954 seconds, Stopping threads took: 0.0005074 seconds
[2023-10-19T09:41:28.289+0000][3648.538s][debug][safepoint     ] Safepoint synchronization initiated. (175 threads)
[2023-10-19T09:41:28.289+0000][3648.538s][info ][safepoint     ] Application time: 1.0005938 seconds
[2023-10-19T09:41:28.290+0000][3648.538s][info ][safepoint     ] Entering safepoint region: Cleanup
[2023-10-19T09:41:28.290+0000][3648.539s][info ][safepoint     ] Leaving safepoint region
[2023-10-19T09:41:28.291+0000][3648.539s][info ][safepoint     ] Total time for which application threads were stopped: 0.0008459 seconds, Stopping threads took: 0.0002904 seconds
[2023-10-19T09:41:29.291+0000][3649.540s][debug][safepoint     ] Safepoint synchronization initiated. (175 threads)
[2023-10-19T09:41:29.292+0000][3649.541s][info ][safepoint     ] Application time: 1.0009906 seconds
[2023-10-19T09:41:29.293+0000][3649.541s][info ][safepoint     ] Entering safepoint region: Cleanup
[2023-10-19T09:41:29.293+0000][3649.542s][info ][safepoint     ] Leaving safepoint region
[2023-10-19T09:41:29.294+0000][3649.542s][info ][safepoint     ] Total time for which application threads were stopped: 0.0012090 seconds, Stopping threads took: 0.0005293 seconds
[2023-10-19T09:41:30.295+0000][3650.543s][debug][safepoint     ] Safepoint synchronization initiated. (175 threads)
[2023-10-19T09:41:30.295+0000][3650.544s][info ][safepoint     ] Application time: 1.0010940 seconds
[2023-10-19T09:41:30.296+0000][3650.545s][info ][safepoint     ] Entering safepoint region: Cleanup
[2023-10-19T09:41:30.297+0000][3650.545s][info ][safepoint     ] Leaving safepoint region
[2023-10-19T09:41:30.297+0000][3650.546s][info ][safepoint     ] Total time for which application threads were stopped: 0.0011299 seconds, Stopping threads took: 0.0005543 seconds
[2023-10-19T09:41:31.298+0000][3651.547s][debug][safepoint     ] Safepoint synchronization initiated. (175 threads)
[2023-10-19T09:41:31.299+0000][3651.548s][info ][safepoint     ] Application time: 1.0013802 seconds
[2023-10-19T09:41:31.300+0000][3651.549s][info ][safepoint     ] Entering safepoint region: Cleanup
[2023-10-19T09:41:31.301+0000][3651.550s][info ][safepoint     ] Leaving safepoint region
[2023-10-19T09:41:31.302+0000][3651.551s][info ][safepoint     ] Total time for which application threads were stopped: 0.0021409 seconds, Stopping threads took: 0.0009162 seconds
[2023-10-19T09:41:32.303+0000][3652.552s][debug][safepoint     ] Safepoint synchronization initiated. (175 threads)
[2023-10-19T09:41:32.304+0000][3652.552s][info ][safepoint     ] Application time: 1.0008560 seconds
[2023-10-19T09:41:32.304+0000][3652.553s][info ][safepoint     ] Entering safepoint region: Cleanup
[2023-10-19T09:41:32.305+0000][3652.554s][info ][safepoint     ] Leaving safepoint region
[2023-10-19T09:41:32.305+0000][3652.554s][info ][safepoint     ] Total time for which application threads were stopped: 0.0012108 seconds, Stopping threads took: 0.0006093 seconds
[2023-10-19T09:41:33.304+0000][3653.555s][debug][safepoint     ] Safepoint synchronization initiated. (175 threads)
[2023-10-19T09:41:33.305+0000][3653.555s][info ][safepoint     ] Application time: 1.0009163 seconds
[2023-10-19T09:41:33.306+0000][3653.556s][info ][safepoint     ] Entering safepoint region: Cleanup
[2023-10-19T09:41:33.307+0000][3653.557s][info ][safepoint     ] Leaving safepoint region
[2023-10-19T09:41:33.307+0000][3653.557s][info ][safepoint     ] Total time for which application threads were stopped: 0.0013756 seconds, Stopping threads took: 0.0005547 seconds
[2023-10-19T09:41:34.308+0000][3654.558s][debug][safepoint     ] Safepoint synchronization initiated. (175 threads)
[2023-10-19T09:41:34.309+0000][3654.560s][info ][safepoint     ] Application time: 1.0016180 seconds
[2023-10-19T09:41:34.311+0000][3654.561s][info ][safepoint     ] Entering safepoint region: Cleanup
[2023-10-19T09:41:34.312+0000][3654.562s][info ][safepoint     ] Leaving safepoint region
[2023-10-19T09:41:34.313+0000][3654.563s][info ][safepoint     ] Total time for which application threads were stopped: 0.0022683 seconds, Stopping threads took: 0.0010902 seconds
[2023-10-19T09:41:35.314+0000][3655.564s][debug][safepoint     ] Safepoint synchronization initiated. (175 threads)
[2023-10-19T09:41:35.315+0000][3655.565s][info ][safepoint     ] Application time: 1.0009002 seconds
[2023-10-19T09:41:35.315+0000][3655.565s][info ][safepoint     ] Entering safepoint region: Cleanup
[2023-10-19T09:41:35.316+0000][3655.566s][info ][safepoint     ] Leaving safepoint region
[2023-10-19T09:41:35.317+0000][3655.567s][info ][safepoint     ] Total time for which application threads were stopped: 0.0013494 seconds, Stopping threads took: 0.0005960 seconds
[2023-10-19T09:41:36.317+0000][3656.567s][debug][safepoint     ] Safepoint synchronization initiated. (175 threads)
[2023-10-19T09:41:36.318+0000][3656.568s][info ][safepoint     ] Application time: 1.0007153 seconds
[2023-10-19T09:41:36.319+0000][3656.569s][info ][safepoint     ] Entering safepoint region: Cleanup
[2023-10-19T09:41:36.319+0000][3656.569s][info ][safepoint     ] Leaving safepoint region
[2023-10-19T09:41:36.320+0000][3656.570s][info ][safepoint     ] Total time for which application threads were stopped: 0.0012815 seconds, Stopping threads took: 0.0005062 seconds
[2023-10-19T09:41:37.320+0000][3657.571s][debug][safepoint     ] Safepoint synchronization initiated. (175 threads)
[2023-10-19T09:41:37.321+0000][3657.571s][info ][safepoint     ] Application time: 1.0008661 seconds
[2023-10-19T09:41:37.322+0000][3657.572s][info ][safepoint     ] Entering safepoint region: Cleanup
[2023-10-19T09:41:37.322+0000][3657.573s][info ][safepoint     ] Leaving safepoint region
[2023-10-19T09:41:37.323+0000][3657.573s][info ][safepoint     ] Total time for which application threads were stopped: 0.0013790 seconds, Stopping threads took: 0.0006380 seconds
[2023-10-19T09:41:38.324+0000][3658.574s][debug][safepoint     ] Safepoint synchronization initiated. (175 threads)
[2023-10-19T09:41:38.324+0000][3658.575s][info ][safepoint     ] Application time: 1.0008687 seconds
[2023-10-19T09:41:38.325+0000][3658.575s][info ][safepoint     ] Entering safepoint region: Cleanup
[2023-10-19T09:41:38.326+0000][3658.576s][info ][safepoint     ] Leaving safepoint region
[2023-10-19T09:41:38.326+0000][3658.576s][info ][safepoint     ] Total time for which application threads were stopped: 0.0011154 seconds, Stopping threads took: 0.0004872 seconds
[2023-10-19T09:41:39.327+0000][3659.577s][debug][safepoint     ] Safepoint synchronization initiated. (175 threads)
[2023-10-19T09:41:39.327+0000][3659.577s][info ][safepoint     ] Application time: 1.0006958 seconds
[2023-10-19T09:41:39.328+0000][3659.578s][info ][safepoint     ] Entering safepoint region: Cleanup
[2023-10-19T09:41:39.328+0000][3659.578s][info ][safepoint     ] Leaving safepoint region
[2023-10-19T09:41:39.329+0000][3659.579s][info ][safepoint     ] Total time for which application threads were stopped: 0.0010449 seconds, Stopping threads took: 0.0004478 seconds
[2023-10-19T09:41:40.329+0000][3660.579s][debug][safepoint     ] Safepoint synchronization initiated. (175 threads)
[2023-10-19T09:41:40.330+0000][3660.580s][info ][safepoint     ] Application time: 1.0011048 seconds
[2023-10-19T09:41:40.331+0000][3660.581s][info ][safepoint     ] Entering safepoint region: Cleanup
[2023-10-19T09:41:40.331+0000][3660.581s][info ][safepoint     ] Leaving safepoint region
[2023-10-19T09:41:40.332+0000][3660.582s][info ][safepoint     ] Total time for which application threads were stopped: 0.0013142 seconds, Stopping threads took: 0.0005153 seconds
[2023-10-19T09:41:41.333+0000][3661.583s][debug][safepoint     ] Safepoint synchronization initiated. (175 threads)
[2023-10-19T09:41:41.334+0000][3661.584s][info ][safepoint     ] Application time: 1.0013564 seconds
[2023-10-19T09:41:41.335+0000][3661.585s][info ][safepoint     ] Entering safepoint region: Cleanup
[2023-10-19T09:41:41.336+0000][3661.586s][info ][safepoint     ] Leaving safepoint region
[2023-10-19T09:41:41.337+0000][3661.587s][info ][safepoint     ] Total time for which application threads were stopped: 0.0019324 seconds, Stopping threads took: 0.0007895 seconds
[2023-10-19T09:41:42.338+0000][3662.588s][debug][safepoint     ] Safepoint synchronization initiated. (175 threads)
[2023-10-19T09:41:42.339+0000][3662.589s][info ][safepoint     ] Application time: 1.0013769 seconds
[2023-10-19T09:41:42.340+0000][3662.590s][info ][safepoint     ] Entering safepoint region: Cleanup
[2023-10-19T09:41:42.341+0000][3662.591s][info ][safepoint     ] Leaving safepoint region
[2023-10-19T09:41:42.342+0000][3662.592s][info ][safepoint     ] Total time for which application threads were stopped: 0.0023205 seconds, Stopping threads took: 0.0010198 seconds
[2023-10-19T09:41:43.343+0000][3663.593s][debug][safepoint     ] Safepoint synchronization initiated. (175 threads)
[2023-10-19T09:41:43.343+0000][3663.593s][info ][safepoint     ] Application time: 1.0004381 seconds
[2023-10-19T09:41:43.343+0000][3663.594s][info ][safepoint     ] Entering safepoint region: Cleanup
[2023-10-19T09:41:43.344+0000][3663.594s][info ][safepoint     ] Leaving safepoint region
[2023-10-19T09:41:43.344+0000][3663.594s][info ][safepoint     ] Total time for which application threads were stopped: 0.0007766 seconds, Stopping threads took: 0.0003370 seconds
[2023-10-19T09:41:44.345+0000][3664.595s][debug][safepoint     ] Safepoint synchronization initiated. (175 threads)
[2023-10-19T09:41:44.346+0000][3664.596s][info ][safepoint     ] Application time: 1.0014763 seconds
[2023-10-19T09:41:44.347+0000][3664.597s][info ][safepoint     ] Entering safepoint region: Cleanup
[2023-10-19T09:41:44.348+0000][3664.598s][info ][safepoint     ] Leaving safepoint region
[2023-10-19T09:41:44.349+0000][3664.599s][info ][safepoint     ] Total time for which application threads were stopped: 0.0021254 seconds, Stopping threads took: 0.0009385 seconds
[2023-10-19T09:41:45.350+0000][3665.600s][debug][safepoint     ] Safepoint synchronization initiated. (175 threads)
[2023-10-19T09:41:45.351+0000][3665.602s][info ][safepoint     ] Application time: 1.0015840 seconds
[2023-10-19T09:41:45.353+0000][3665.603s][info ][safepoint     ] Entering safepoint region: Cleanup
[2023-10-19T09:41:45.354+0000][3665.604s][info ][safepoint     ] Leaving safepoint region
[2023-10-19T09:41:45.355+0000][3665.605s][info ][safepoint     ] Total time for which application threads were stopped: 0.0024105 seconds, Stopping threads took: 0.0010305 seconds
[2023-10-19T09:41:46.356+0000][3666.606s][debug][safepoint     ] Safepoint synchronization initiated. (175 threads)
[2023-10-19T09:41:46.357+0000][3666.607s][info ][safepoint     ] Application time: 1.0007896 seconds
[2023-10-19T09:41:46.357+0000][3666.607s][info ][safepoint     ] Entering safepoint region: Cleanup
[2023-10-19T09:41:46.358+0000][3666.608s][info ][safepoint     ] Leaving safepoint region
[2023-10-19T09:41:46.358+0000][3666.608s][info ][safepoint     ] Total time for which application threads were stopped: 0.0011020 seconds, Stopping threads took: 0.0004312 seconds
[2023-10-19T09:41:47.359+0000][3667.609s][debug][safepoint     ] Safepoint synchronization initiated. (175 threads)
[2023-10-19T09:41:47.360+0000][3667.610s][info ][safepoint     ] Application time: 1.0010093 seconds
[2023-10-19T09:41:47.360+0000][3667.611s][info ][safepoint     ] Entering safepoint region: Cleanup
[2023-10-19T09:41:47.361+0000][3667.612s][info ][safepoint     ] Leaving safepoint region
[2023-10-19T09:41:47.362+0000][3667.612s][info ][safepoint     ] Total time for which application threads were stopped: 0.0016710 seconds, Stopping threads took: 0.0006776 seconds
[2023-10-19T09:41:48.363+0000][3668.613s][debug][safepoint     ] Safepoint synchronization initiated. (175 threads)
[2023-10-19T09:41:48.364+0000][3668.614s][info ][safepoint     ] Application time: 1.0012946 seconds
[2023-10-19T09:41:48.365+0000][3668.615s][info ][safepoint     ] Entering safepoint region: Cleanup
[2023-10-19T09:41:48.366+0000][3668.617s][info ][safepoint     ] Leaving safepoint region
[2023-10-19T09:41:48.367+0000][3668.617s][info ][safepoint     ] Total time for which application threads were stopped: 0.0022459 seconds, Stopping threads took: 0.0011947 seconds
[2023-10-19T09:41:49.368+0000][3669.618s][debug][safepoint     ] Safepoint synchronization initiated. (175 threads)
[2023-10-19T09:41:49.369+0000][3669.619s][info ][safepoint     ] Application time: 1.0012407 seconds
[2023-10-19T09:41:49.370+0000][3669.620s][info ][safepoint     ] Entering safepoint region: Cleanup
[2023-10-19T09:41:49.371+0000][3669.621s][info ][safepoint     ] Leaving safepoint region
[2023-10-19T09:41:49.372+0000][3669.622s][info ][safepoint     ] Total time for which application threads were stopped: 0.0020064 seconds, Stopping threads took: 0.0009335 seconds
[2023-10-19T09:41:50.373+0000][3670.623s][debug][safepoint     ] Safepoint synchronization initiated. (175 threads)
[2023-10-19T09:41:50.374+0000][3670.625s][info ][safepoint     ] Application time: 1.0016008 seconds
[2023-10-19T09:41:50.375+0000][3670.626s][info ][safepoint     ] Entering safepoint region: Cleanup
[2023-10-19T09:41:50.377+0000][3670.627s][info ][safepoint     ] Leaving safepoint region
[2023-10-19T09:41:50.378+0000][3670.628s][info ][safepoint     ] Total time for which application threads were stopped: 0.0022612 seconds, Stopping threads took: 0.0008841 seconds
[2023-10-19T09:41:51.379+0000][3671.629s][debug][safepoint     ] Safepoint synchronization initiated. (175 threads)
[2023-10-19T09:41:51.380+0000][3671.630s][info ][safepoint     ] Application time: 1.0014176 seconds
[2023-10-19T09:41:51.381+0000][3671.631s][info ][safepoint     ] Entering safepoint region: Cleanup
[2023-10-19T09:41:51.382+0000][3671.633s][info ][safepoint     ] Leaving safepoint region
[2023-10-19T09:41:51.383+0000][3671.633s][info ][safepoint     ] Total time for which application threads were stopped: 0.0022865 seconds, Stopping threads took: 0.0009362 seconds
[2023-10-19T09:41:52.384+0000][3672.635s][debug][safepoint     ] Safepoint synchronization initiated. (175 threads)
[2023-10-19T09:41:52.386+0000][3672.636s][info ][safepoint     ] Application time: 1.0016943 seconds
[2023-10-19T09:41:52.387+0000][3672.637s][info ][safepoint     ] Entering safepoint region: Cleanup
[2023-10-19T09:41:52.388+0000][3672.638s][info ][safepoint     ] Leaving safepoint region
[2023-10-19T09:41:52.389+0000][3672.639s][info ][safepoint     ] Total time for which application threads were stopped: 0.0022718 seconds, Stopping threads took: 0.0008954 seconds
[2023-10-19T09:41:52.471+0000][3672.721s][debug][safepoint     ] Safepoint synchronization initiated. (175 threads)
[2023-10-19T09:41:52.472+0000][3672.722s][info ][safepoint     ] Application time: 0.0825854 seconds
[2023-10-19T09:41:52.473+0000][3672.723s][info ][safepoint     ] Entering safepoint region: G1CollectForAllocation
[2023-10-19T09:41:52.474+0000][3672.725s][info ][gc,start      ] GC(96) Pause Young (Normal) (G1 Evacuation Pause)
[2023-10-19T09:41:52.475+0000][3672.725s][info ][gc,task       ] GC(96) Using 8 workers of 8 for evacuation
[2023-10-19T09:41:52.481+0000][3672.731s][info ][gc,phases     ] GC(96)   Pre Evacuate Collection Set: 0.0ms
[2023-10-19T09:41:52.481+0000][3672.731s][info ][gc,phases     ] GC(96)   Evacuate Collection Set: 2.1ms
[2023-10-19T09:41:52.482+0000][3672.732s][info ][gc,phases     ] GC(96)   Post Evacuate Collection Set: 2.3ms
[2023-10-19T09:41:52.482+0000][3672.732s][info ][gc,phases     ] GC(96)   Other: 1.7ms
[2023-10-19T09:41:52.482+0000][3672.733s][info ][gc,heap       ] GC(96) Eden regions: 140->0(140)
[2023-10-19T09:41:52.483+0000][3672.733s][info ][gc,heap       ] GC(96) Survivor regions: 1->2(18)
[2023-10-19T09:41:52.483+0000][3672.733s][info ][gc,heap       ] GC(96) Old regions: 131->132
[2023-10-19T09:41:52.484+0000][3672.734s][info ][gc,heap       ] GC(96) Humongous regions: 25->25
[2023-10-19T09:41:52.484+0000][3672.734s][info ][gc,metaspace  ] GC(96) Metaspace: 160712K(167632K)->160712K(167632K) NonClass: 142128K(146640K)->142128K(146640K) Class: 18583K(20992K)->18583K(20992K)
[2023-10-19T09:41:52.485+0000][3672.735s][info ][gc            ] GC(96) Pause Young (Normal) (G1 Evacuation Pause) 295M->156M(350M) 10.118ms
[2023-10-19T09:41:52.485+0000][3672.735s][info ][gc,cpu        ] GC(96) User=0.03s Sys=0.01s Real=0.01s
[2023-10-19T09:41:52.485+0000][3672.736s][info ][safepoint     ] Leaving safepoint region
[2023-10-19T09:41:52.486+0000][3672.736s][info ][safepoint     ] Total time for which application threads were stopped: 0.0126590 seconds, Stopping threads took: 0.0009254 seconds
[2023-10-19T09:41:52.486+0000][3672.736s][info ][gc,stringdedup] Concurrent String Deduplication (3672.736s)
[2023-10-19T09:41:52.487+0000][3672.737s][info ][gc,stringdedup] Concurrent String Deduplication 0.0B->0.0B(0.0B) avg 54.5% (3672.736s, 3672.737s) 0.356ms
[2023-10-19T09:41:53.486+0000][3673.737s][debug][safepoint     ] Safepoint synchronization initiated. (175 threads)
[2023-10-19T09:41:53.488+0000][3673.738s][info ][safepoint     ] Application time: 1.0013542 seconds
[2023-10-19T09:41:53.489+0000][3673.739s][info ][safepoint     ] Entering safepoint region: Cleanup
[2023-10-19T09:41:53.490+0000][3673.740s][info ][safepoint     ] Leaving safepoint region
[2023-10-19T09:41:53.491+0000][3673.741s][info ][safepoint     ] Total time for which application threads were stopped: 0.0022588 seconds, Stopping threads took: 0.0009777 seconds
[2023-10-19T09:41:54.492+0000][3674.742s][debug][safepoint     ] Safepoint synchronization initiated. (175 threads)
[2023-10-19T09:41:54.493+0000][3674.743s][info ][safepoint     ] Application time: 1.0012757 seconds
[2023-10-19T09:41:54.494+0000][3674.744s][info ][safepoint     ] Entering safepoint region: Cleanup
[2023-10-19T09:41:54.495+0000][3674.746s][info ][safepoint     ] Leaving safepoint region
[2023-10-19T09:41:54.496+0000][3674.746s][info ][safepoint     ] Total time for which application threads were stopped: 0.0022171 seconds, Stopping threads took: 0.0009447 seconds
[2023-10-19T09:41:55.497+0000][3675.747s][debug][safepoint     ] Safepoint synchronization initiated. (175 threads)
[2023-10-19T09:41:55.498+0000][3675.748s][info ][safepoint     ] Application time: 1.0012380 seconds
[2023-10-19T09:41:55.499+0000][3675.749s][info ][safepoint     ] Entering safepoint region: Cleanup
[2023-10-19T09:41:55.501+0000][3675.751s][info ][safepoint     ] Leaving safepoint region
[2023-10-19T09:41:55.501+0000][3675.752s][info ][safepoint     ] Total time for which application threads were stopped: 0.0023377 seconds, Stopping threads took: 0.0010237 seconds
[2023-10-19T09:41:56.503+0000][3676.753s][debug][safepoint     ] Safepoint synchronization initiated. (175 threads)
[2023-10-19T09:41:56.503+0000][3676.753s][info ][safepoint     ] Application time: 1.0006630 seconds
[2023-10-19T09:41:56.503+0000][3676.754s][info ][safepoint     ] Entering safepoint region: Cleanup
[2023-10-19T09:41:56.504+0000][3676.754s][info ][safepoint     ] Leaving safepoint region
[2023-10-19T09:41:56.504+0000][3676.755s][info ][safepoint     ] Total time for which application threads were stopped: 0.0009918 seconds, Stopping threads took: 0.0004237 seconds
[2023-10-19T09:41:57.505+0000][3677.755s][debug][safepoint     ] Safepoint synchronization initiated. (175 threads)
[2023-10-19T09:41:57.505+0000][3677.756s][info ][safepoint     ] Application time: 1.0006966 seconds
[2023-10-19T09:41:57.506+0000][3677.756s][info ][safepoint     ] Entering safepoint region: Cleanup
[2023-10-19T09:41:57.507+0000][3677.757s][info ][safepoint     ] Leaving safepoint region
[2023-10-19T09:41:57.507+0000][3677.757s][info ][safepoint     ] Total time for which application threads were stopped: 0.0012497 seconds, Stopping threads took: 0.0005674 seconds
[2023-10-19T09:41:58.508+0000][3678.758s][debug][safepoint     ] Safepoint synchronization initiated. (175 threads)
[2023-10-19T09:41:58.516+0000][3678.766s][info ][safepoint     ] Application time: 1.0088393 seconds
[2023-10-19T09:41:58.521+0000][3678.771s][info ][safepoint     ] Entering safepoint region: Cleanup
[2023-10-19T09:41:58.531+0000][3678.781s][info ][safepoint     ] Leaving safepoint region
[2023-10-19T09:41:58.541+0000][3678.791s][info ][safepoint     ] Total time for which application threads were stopped: 0.0198230 seconds, Stopping threads took: 0.0095819 seconds
[2023-10-19T09:41:59.548+0000][3679.798s][debug][safepoint     ] Safepoint synchronization initiated. (175 threads)
[2023-10-19T09:41:59.548+0000][3679.798s][info ][safepoint     ] Application time: 1.0008876 seconds
[2023-10-19T09:41:59.549+0000][3679.799s][info ][safepoint     ] Entering safepoint region: Cleanup
[2023-10-19T09:41:59.549+0000][3679.799s][info ][safepoint     ] Leaving safepoint region
[2023-10-19T09:41:59.550+0000][3679.800s][info ][safepoint     ] Total time for which application threads were stopped: 0.0009753 seconds, Stopping threads took: 0.0004512 seconds
[2023-10-19T09:42:00.550+0000][3680.800s][debug][safepoint     ] Safepoint synchronization initiated. (175 threads)
[2023-10-19T09:42:00.561+0000][3680.811s][info ][safepoint     ] Application time: 1.0109707 seconds
[2023-10-19T09:42:00.575+0000][3680.826s][info ][safepoint     ] Entering safepoint region: Cleanup
[2023-10-19T09:42:00.591+0000][3680.841s][info ][safepoint     ] Leaving safepoint region
[2023-10-19T09:42:00.597+0000][3680.848s][info ][safepoint     ] Total time for which application threads were stopped: 0.0221235 seconds, Stopping threads took: 0.0156725 seconds
[2023-10-19T09:42:01.600+0000][3681.850s][debug][safepoint     ] Safepoint synchronization initiated. (175 threads)
[2023-10-19T09:42:01.600+0000][3681.851s][info ][safepoint     ] Application time: 1.0006252 seconds
[2023-10-19T09:42:01.601+0000][3681.851s][info ][safepoint     ] Entering safepoint region: Cleanup
[2023-10-19T09:42:01.601+0000][3681.851s][info ][safepoint     ] Leaving safepoint region
[2023-10-19T09:42:01.602+0000][3681.852s][info ][safepoint     ] Total time for which application threads were stopped: 0.0008609 seconds, Stopping threads took: 0.0003414 seconds
[2023-10-19T09:42:02.602+0000][3682.852s][debug][safepoint     ] Safepoint synchronization initiated. (175 threads)
[2023-10-19T09:42:02.603+0000][3682.853s][info ][safepoint     ] Application time: 1.0013782 seconds
[2023-10-19T09:42:02.604+0000][3682.854s][info ][safepoint     ] Entering safepoint region: Cleanup
[2023-10-19T09:42:02.605+0000][3682.856s][info ][safepoint     ] Leaving safepoint region
[2023-10-19T09:42:02.606+0000][3682.856s][info ][safepoint     ] Total time for which application threads were stopped: 0.0020436 seconds, Stopping threads took: 0.0009398 seconds
[2023-10-19T09:42:03.606+0000][3683.857s][debug][safepoint     ] Safepoint synchronization initiated. (175 threads)
[2023-10-19T09:42:03.607+0000][3683.858s][info ][safepoint     ] Application time: 1.0007983 seconds
[2023-10-19T09:42:03.607+0000][3683.858s][info ][safepoint     ] Entering safepoint region: Cleanup
[2023-10-19T09:42:03.608+0000][3683.859s][info ][safepoint     ] Leaving safepoint region
[2023-10-19T09:42:03.608+0000][3683.859s][info ][safepoint     ] Total time for which application threads were stopped: 0.0007628 seconds, Stopping threads took: 0.0003240 seconds
[2023-10-19T09:42:04.608+0000][3684.859s][debug][safepoint     ] Safepoint synchronization initiated. (175 threads)
[2023-10-19T09:42:04.609+0000][3684.860s][info ][safepoint     ] Application time: 1.0007183 seconds
[2023-10-19T09:42:04.609+0000][3684.860s][info ][safepoint     ] Entering safepoint region: Cleanup
[2023-10-19T09:42:04.610+0000][3684.861s][info ][safepoint     ] Leaving safepoint region
[2023-10-19T09:42:04.610+0000][3684.861s][info ][safepoint     ] Total time for which application threads were stopped: 0.0011353 seconds, Stopping threads took: 0.0004738 seconds
[2023-10-19T09:42:05.611+0000][3685.862s][debug][safepoint     ] Safepoint synchronization initiated. (175 threads)
[2023-10-19T09:42:05.612+0000][3685.863s][info ][safepoint     ] Application time: 1.0008340 seconds
[2023-10-19T09:42:05.612+0000][3685.863s][info ][safepoint     ] Entering safepoint region: Cleanup
[2023-10-19T09:42:05.613+0000][3685.864s][info ][safepoint     ] Leaving safepoint region
[2023-10-19T09:42:05.614+0000][3685.865s][info ][safepoint     ] Total time for which application threads were stopped: 0.0012373 seconds, Stopping threads took: 0.0005119 seconds
[2023-10-19T09:42:06.614+0000][3686.865s][debug][safepoint     ] Safepoint synchronization initiated. (175 threads)
[2023-10-19T09:42:06.615+0000][3686.866s][info ][safepoint     ] Application time: 1.0010498 seconds
[2023-10-19T09:42:06.616+0000][3686.867s][info ][safepoint     ] Entering safepoint region: Cleanup
[2023-10-19T09:42:06.617+0000][3686.868s][info ][safepoint     ] Leaving safepoint region
[2023-10-19T09:42:06.617+0000][3686.868s][info ][safepoint     ] Total time for which application threads were stopped: 0.0014978 seconds, Stopping threads took: 0.0007683 seconds
[2023-10-19T09:42:07.618+0000][3687.869s][debug][safepoint     ] Safepoint synchronization initiated. (175 threads)
[2023-10-19T09:42:07.619+0000][3687.869s][info ][safepoint     ] Application time: 1.0009066 seconds
[2023-10-19T09:42:07.619+0000][3687.870s][info ][safepoint     ] Entering safepoint region: Cleanup
[2023-10-19T09:42:07.620+0000][3687.871s][info ][safepoint     ] Leaving safepoint region
[2023-10-19T09:42:07.620+0000][3687.871s][info ][safepoint     ] Total time for which application threads were stopped: 0.0013173 seconds, Stopping threads took: 0.0005325 seconds
[2023-10-19T09:42:08.621+0000][3688.872s][debug][safepoint     ] Safepoint synchronization initiated. (175 threads)
[2023-10-19T09:42:08.622+0000][3688.873s][info ][safepoint     ] Application time: 1.0012660 seconds
[2023-10-19T09:42:08.623+0000][3688.874s][info ][safepoint     ] Entering safepoint region: Cleanup
[2023-10-19T09:42:08.624+0000][3688.875s][info ][safepoint     ] Leaving safepoint region
[2023-10-19T09:42:08.624+0000][3688.875s][info ][safepoint     ] Total time for which application threads were stopped: 0.0014980 seconds, Stopping threads took: 0.0005809 seconds
[2023-10-19T09:42:09.625+0000][3689.876s][debug][safepoint     ] Safepoint synchronization initiated. (175 threads)
[2023-10-19T09:42:09.627+0000][3689.878s][info ][safepoint     ] Application time: 1.0014330 seconds
[2023-10-19T09:42:09.627+0000][3689.878s][info ][safepoint     ] Entering safepoint region: Cleanup
[2023-10-19T09:42:09.628+0000][3689.879s][info ][safepoint     ] Leaving safepoint region
[2023-10-19T09:42:09.629+0000][3689.880s][info ][safepoint     ] Total time for which application threads were stopped: 0.0015657 seconds, Stopping threads took: 0.0007189 seconds
[2023-10-19T09:42:10.630+0000][3690.881s][debug][safepoint     ] Safepoint synchronization initiated. (175 threads)
[2023-10-19T09:42:10.630+0000][3690.881s][info ][safepoint     ] Application time: 1.0007670 seconds
[2023-10-19T09:42:10.631+0000][3690.882s][info ][safepoint     ] Entering safepoint region: Cleanup
[2023-10-19T09:42:10.631+0000][3690.882s][info ][safepoint     ] Leaving safepoint region
[2023-10-19T09:42:10.632+0000][3690.883s][info ][safepoint     ] Total time for which application threads were stopped: 0.0011247 seconds, Stopping threads took: 0.0003896 seconds
[2023-10-19T09:42:11.632+0000][3691.883s][debug][safepoint     ] Safepoint synchronization initiated. (175 threads)
[2023-10-19T09:42:11.633+0000][3691.884s][info ][safepoint     ] Application time: 1.0008510 seconds
[2023-10-19T09:42:11.634+0000][3691.885s][info ][safepoint     ] Entering safepoint region: Cleanup
[2023-10-19T09:42:11.634+0000][3691.885s][info ][safepoint     ] Leaving safepoint region
[2023-10-19T09:42:11.635+0000][3691.886s][info ][safepoint     ] Total time for which application threads were stopped: 0.0012583 seconds, Stopping threads took: 0.0005238 seconds
[2023-10-19T09:42:12.635+0000][3692.886s][debug][safepoint     ] Safepoint synchronization initiated. (175 threads)
[2023-10-19T09:42:12.636+0000][3692.887s][info ][safepoint     ] Application time: 1.0010134 seconds
[2023-10-19T09:42:12.637+0000][3692.888s][info ][safepoint     ] Entering safepoint region: Cleanup
[2023-10-19T09:42:12.638+0000][3692.889s][info ][safepoint     ] Leaving safepoint region
[2023-10-19T09:42:12.638+0000][3692.889s][info ][safepoint     ] Total time for which application threads were stopped: 0.0013003 seconds, Stopping threads took: 0.0005277 seconds
[2023-10-19T09:42:13.640+0000][3693.891s][debug][safepoint     ] Safepoint synchronization initiated. (175 threads)
[2023-10-19T09:42:13.641+0000][3693.892s][info ][safepoint     ] Application time: 1.0013909 seconds
[2023-10-19T09:42:13.642+0000][3693.893s][info ][safepoint     ] Entering safepoint region: Cleanup
[2023-10-19T09:42:13.643+0000][3693.893s][info ][safepoint     ] Leaving safepoint region
[2023-10-19T09:42:13.643+0000][3693.894s][info ][safepoint     ] Total time for which application threads were stopped: 0.0016435 seconds, Stopping threads took: 0.0007079 seconds
[2023-10-19T09:42:14.644+0000][3694.895s][debug][safepoint     ] Safepoint synchronization initiated. (175 threads)
[2023-10-19T09:42:14.645+0000][3694.896s][info ][safepoint     ] Application time: 1.0010456 seconds
[2023-10-19T09:42:14.645+0000][3694.896s][info ][safepoint     ] Entering safepoint region: Cleanup
[2023-10-19T09:42:14.646+0000][3694.897s][info ][safepoint     ] Leaving safepoint region
[2023-10-19T09:42:14.647+0000][3694.897s][info ][safepoint     ] Total time for which application threads were stopped: 0.0011632 seconds, Stopping threads took: 0.0004983 seconds
[2023-10-19T09:42:15.647+0000][3695.898s][debug][safepoint     ] Safepoint synchronization initiated. (175 threads)
[2023-10-19T09:42:15.649+0000][3695.900s][info ][safepoint     ] Application time: 1.0015446 seconds
[2023-10-19T09:42:15.650+0000][3695.900s][debug][safepoint     ] Waiting for 1 thread(s) to block
[2023-10-19T09:42:15.651+0000][3695.902s][info ][safepoint     ] Entering safepoint region: Cleanup
[2023-10-19T09:42:15.652+0000][3695.903s][info ][safepoint     ] Leaving safepoint region
[2023-10-19T09:42:15.653+0000][3695.904s][info ][safepoint     ] Total time for which application threads were stopped: 0.0031600 seconds, Stopping threads took: 0.0020372 seconds
[2023-10-19T09:42:16.654+0000][3696.905s][debug][safepoint     ] Safepoint synchronization initiated. (175 threads)
[2023-10-19T09:42:16.654+0000][3696.905s][info ][safepoint     ] Application time: 1.0010626 seconds
[2023-10-19T09:42:16.655+0000][3696.906s][info ][safepoint     ] Entering safepoint region: Cleanup
[2023-10-19T09:42:16.656+0000][3696.907s][info ][safepoint     ] Leaving safepoint region
[2023-10-19T09:42:16.656+0000][3696.907s][info ][safepoint     ] Total time for which application threads were stopped: 0.0010365 seconds, Stopping threads took: 0.0004772 seconds
[2023-10-19T09:42:17.656+0000][3697.907s][debug][safepoint     ] Safepoint synchronization initiated. (175 threads)
[2023-10-19T09:42:17.658+0000][3697.909s][info ][safepoint     ] Application time: 1.0013345 seconds
[2023-10-19T09:42:17.658+0000][3697.909s][info ][safepoint     ] Entering safepoint region: Cleanup
[2023-10-19T09:42:17.660+0000][3697.911s][info ][safepoint     ] Leaving safepoint region
[2023-10-19T09:42:17.660+0000][3697.911s][info ][safepoint     ] Total time for which application threads were stopped: 0.0020973 seconds, Stopping threads took: 0.0008319 seconds
[2023-10-19T09:42:18.661+0000][3698.912s][debug][safepoint     ] Safepoint synchronization initiated. (175 threads)
[2023-10-19T09:42:18.663+0000][3698.913s][info ][safepoint     ] Application time: 1.0014651 seconds
[2023-10-19T09:42:18.663+0000][3698.914s][info ][safepoint     ] Entering safepoint region: Cleanup
[2023-10-19T09:42:18.664+0000][3698.915s][info ][safepoint     ] Leaving safepoint region
[2023-10-19T09:42:18.665+0000][3698.916s][info ][safepoint     ] Total time for which application threads were stopped: 0.0018833 seconds, Stopping threads took: 0.0007436 seconds
[2023-10-19T09:42:19.666+0000][3699.917s][debug][safepoint     ] Safepoint synchronization initiated. (175 threads)
[2023-10-19T09:42:19.666+0000][3699.917s][info ][safepoint     ] Application time: 1.0007006 seconds
[2023-10-19T09:42:19.667+0000][3699.918s][info ][safepoint     ] Entering safepoint region: Cleanup
[2023-10-19T09:42:19.667+0000][3699.918s][info ][safepoint     ] Leaving safepoint region
[2023-10-19T09:42:19.668+0000][3699.919s][info ][safepoint     ] Total time for which application threads were stopped: 0.0009543 seconds, Stopping threads took: 0.0003861 seconds
[2023-10-19T09:42:20.668+0000][3700.919s][debug][safepoint     ] Safepoint synchronization initiated. (175 threads)
[2023-10-19T09:42:20.669+0000][3700.920s][info ][safepoint     ] Application time: 1.0007274 seconds
[2023-10-19T09:42:20.669+0000][3700.920s][info ][safepoint     ] Entering safepoint region: Cleanup
[2023-10-19T09:42:20.670+0000][3700.921s][info ][safepoint     ] Leaving safepoint region
[2023-10-19T09:42:20.670+0000][3700.921s][info ][safepoint     ] Total time for which application threads were stopped: 0.0009645 seconds, Stopping threads took: 0.0003968 seconds
[2023-10-19T09:42:21.671+0000][3701.922s][debug][safepoint     ] Safepoint synchronization initiated. (175 threads)
[2023-10-19T09:42:21.671+0000][3701.922s][info ][safepoint     ] Application time: 1.0008850 seconds
[2023-10-19T09:42:21.672+0000][3701.923s][info ][safepoint     ] Entering safepoint region: Cleanup
[2023-10-19T09:42:21.673+0000][3701.923s][info ][safepoint     ] Leaving safepoint region
[2023-10-19T09:42:21.673+0000][3701.924s][info ][safepoint     ] Total time for which application threads were stopped: 0.0012686 seconds, Stopping threads took: 0.0005665 seconds
[2023-10-19T09:42:22.674+0000][3702.925s][debug][safepoint     ] Safepoint synchronization initiated. (175 threads)
[2023-10-19T09:42:22.675+0000][3702.926s][info ][safepoint     ] Application time: 1.0013201 seconds
[2023-10-19T09:42:22.675+0000][3702.926s][info ][safepoint     ] Entering safepoint region: Cleanup
[2023-10-19T09:42:22.676+0000][3702.927s][info ][safepoint     ] Leaving safepoint region
[2023-10-19T09:42:22.676+0000][3702.927s][info ][safepoint     ] Total time for which application threads were stopped: 0.0008834 seconds, Stopping threads took: 0.0003894 seconds
[2023-10-19T09:42:23.677+0000][3703.928s][debug][safepoint     ] Safepoint synchronization initiated. (175 threads)
[2023-10-19T09:42:23.678+0000][3703.929s][info ][safepoint     ] Application time: 1.0013688 seconds
[2023-10-19T09:42:23.679+0000][3703.929s][info ][safepoint     ] Entering safepoint region: Cleanup
[2023-10-19T09:42:23.679+0000][3703.930s][info ][safepoint     ] Leaving safepoint region
[2023-10-19T09:42:23.680+0000][3703.931s][info ][safepoint     ] Total time for which application threads were stopped: 0.0013920 seconds, Stopping threads took: 0.0005782 seconds
[2023-10-19T09:42:24.680+0000][3704.931s][debug][safepoint     ] Safepoint synchronization initiated. (175 threads)
[2023-10-19T09:42:24.681+0000][3704.932s][info ][safepoint     ] Application time: 1.0004876 seconds
[2023-10-19T09:42:24.681+0000][3704.932s][info ][safepoint     ] Entering safepoint region: Cleanup
[2023-10-19T09:42:24.682+0000][3704.933s][info ][safepoint     ] Leaving safepoint region
[2023-10-19T09:42:24.682+0000][3704.933s][info ][safepoint     ] Total time for which application threads were stopped: 0.0007593 seconds, Stopping threads took: 0.0003218 seconds
[2023-10-19T09:42:25.682+0000][3705.933s][debug][safepoint     ] Safepoint synchronization initiated. (175 threads)
[2023-10-19T09:42:25.683+0000][3705.934s][info ][safepoint     ] Application time: 1.0007800 seconds
[2023-10-19T09:42:25.684+0000][3705.935s][info ][safepoint     ] Entering safepoint region: Cleanup
[2023-10-19T09:42:25.684+0000][3705.935s][info ][safepoint     ] Leaving safepoint region
[2023-10-19T09:42:25.685+0000][3705.936s][info ][safepoint     ] Total time for which application threads were stopped: 0.0011543 seconds, Stopping threads took: 0.0005086 seconds
[2023-10-19T09:42:26.685+0000][3706.936s][debug][safepoint     ] Safepoint synchronization initiated. (175 threads)
[2023-10-19T09:42:26.686+0000][3706.937s][info ][safepoint     ] Application time: 1.0010574 seconds
[2023-10-19T09:42:26.687+0000][3706.938s][info ][safepoint     ] Entering safepoint region: Cleanup
[2023-10-19T09:42:26.688+0000][3706.939s][info ][safepoint     ] Leaving safepoint region
[2023-10-19T09:42:26.689+0000][3706.940s][info ][safepoint     ] Total time for which application threads were stopped: 0.0017764 seconds, Stopping threads took: 0.0007970 seconds
[2023-10-19T09:42:27.690+0000][3707.941s][debug][safepoint     ] Safepoint synchronization initiated. (175 threads)
[2023-10-19T09:42:27.691+0000][3707.942s][info ][safepoint     ] Application time: 1.0011624 seconds
[2023-10-19T09:42:27.691+0000][3707.942s][info ][safepoint     ] Entering safepoint region: Cleanup
[2023-10-19T09:42:27.692+0000][3707.943s][debug][safepoint     ] ... found polling page return exception at pc = 0x00007f0de87cbbc4, stub =0x00007f0de0840600
[2023-10-19T09:42:27.692+0000][3707.943s][debug][safepoint     ] ... found polling page return exception at pc = 0x00007f0de87cbbc4, stub =0x00007f0de0840600
[2023-10-19T09:42:27.692+0000][3707.943s][debug][safepoint     ] ... found polling page return exception at pc = 0x00007f0de87cbbc4, stub =0x00007f0de0840600
[2023-10-19T09:42:27.692+0000][3707.943s][info ][safepoint     ] Leaving safepoint region
[2023-10-19T09:42:27.695+0000][3707.946s][info ][safepoint     ] Total time for which application threads were stopped: 0.0036331 seconds, Stopping threads took: 0.0007322 seconds
[2023-10-19T09:42:27.692+0000][3707.943s][debug][safepoint     ] ... found polling page return exception at pc = 0x00007f0de87cbbc4, stub =0x00007f0de0840600
[2023-10-19T09:42:28.696+0000][3708.947s][debug][safepoint     ] Safepoint synchronization initiated. (175 threads)
[2023-10-19T09:42:28.696+0000][3708.947s][info ][safepoint     ] Application time: 1.0007599 seconds
[2023-10-19T09:42:28.697+0000][3708.948s][info ][safepoint     ] Entering safepoint region: Cleanup
[2023-10-19T09:42:28.698+0000][3708.949s][info ][safepoint     ] Leaving safepoint region
[2023-10-19T09:42:28.698+0000][3708.949s][info ][safepoint     ] Total time for which application threads were stopped: 0.0012345 seconds, Stopping threads took: 0.0006237 seconds
[2023-10-19T09:42:29.699+0000][3709.950s][debug][safepoint     ] Safepoint synchronization initiated. (175 threads)
[2023-10-19T09:42:29.700+0000][3709.951s][info ][safepoint     ] Application time: 1.0015094 seconds
[2023-10-19T09:42:29.701+0000][3709.952s][info ][safepoint     ] Entering safepoint region: Cleanup
[2023-10-19T09:42:29.703+0000][3709.954s][info ][safepoint     ] Leaving safepoint region
[2023-10-19T09:42:29.704+0000][3709.955s][info ][safepoint     ] Total time for which application threads were stopped: 0.0023438 seconds, Stopping threads took: 0.0010685 seconds
[2023-10-19T09:42:30.705+0000][3710.956s][debug][safepoint     ] Safepoint synchronization initiated. (175 threads)
[2023-10-19T09:42:30.706+0000][3710.957s][info ][safepoint     ] Application time: 1.0012483 seconds
[2023-10-19T09:42:30.707+0000][3710.958s][info ][safepoint     ] Entering safepoint region: Cleanup
[2023-10-19T09:42:30.708+0000][3710.959s][info ][safepoint     ] Leaving safepoint region
[2023-10-19T09:42:30.709+0000][3710.960s][info ][safepoint     ] Total time for which application threads were stopped: 0.0020435 seconds, Stopping threads took: 0.0008668 seconds
[2023-10-19T09:42:31.710+0000][3711.961s][debug][safepoint     ] Safepoint synchronization initiated. (175 threads)
[2023-10-19T09:42:31.711+0000][3711.961s][info ][safepoint     ] Application time: 1.0009303 seconds
[2023-10-19T09:42:31.711+0000][3711.962s][info ][safepoint     ] Entering safepoint region: Cleanup
[2023-10-19T09:42:31.712+0000][3711.963s][info ][safepoint     ] Leaving safepoint region
[2023-10-19T09:42:31.713+0000][3711.964s][info ][safepoint     ] Total time for which application threads were stopped: 0.0014298 seconds, Stopping threads took: 0.0007039 seconds
[2023-10-19T09:42:32.713+0000][3712.964s][debug][safepoint     ] Safepoint synchronization initiated. (175 threads)
[2023-10-19T09:42:32.714+0000][3712.965s][info ][safepoint     ] Application time: 1.0008870 seconds
[2023-10-19T09:42:32.714+0000][3712.965s][info ][safepoint     ] Entering safepoint region: Cleanup
[2023-10-19T09:42:32.715+0000][3712.966s][info ][safepoint     ] Leaving safepoint region
[2023-10-19T09:42:32.715+0000][3712.966s][info ][safepoint     ] Total time for which application threads were stopped: 0.0010339 seconds, Stopping threads took: 0.0004727 seconds
[2023-10-19T09:42:33.716+0000][3713.967s][debug][safepoint     ] Safepoint synchronization initiated. (175 threads)
[2023-10-19T09:42:33.717+0000][3713.968s][info ][safepoint     ] Application time: 1.0009829 seconds
[2023-10-19T09:42:33.717+0000][3713.968s][info ][safepoint     ] Entering safepoint region: Cleanup
[2023-10-19T09:42:33.718+0000][3713.969s][info ][safepoint     ] Leaving safepoint region
[2023-10-19T09:42:33.719+0000][3713.970s][info ][safepoint     ] Total time for which application threads were stopped: 0.0016567 seconds, Stopping threads took: 0.0007298 seconds
[2023-10-19T09:42:34.720+0000][3714.971s][debug][safepoint     ] Safepoint synchronization initiated. (175 threads)
[2023-10-19T09:42:34.721+0000][3714.972s][info ][safepoint     ] Application time: 1.0014732 seconds
[2023-10-19T09:42:34.722+0000][3714.973s][info ][safepoint     ] Entering safepoint region: Cleanup
[2023-10-19T09:42:34.723+0000][3714.974s][info ][safepoint     ] Leaving safepoint region
[2023-10-19T09:42:34.724+0000][3714.975s][info ][safepoint     ] Total time for which application threads were stopped: 0.0019549 seconds, Stopping threads took: 0.0008950 seconds
[2023-10-19T09:42:35.725+0000][3715.976s][debug][safepoint     ] Safepoint synchronization initiated. (175 threads)
[2023-10-19T09:42:35.726+0000][3715.977s][info ][safepoint     ] Application time: 1.0014142 seconds
[2023-10-19T09:42:35.727+0000][3715.978s][info ][safepoint     ] Entering safepoint region: Cleanup
[2023-10-19T09:42:35.728+0000][3715.979s][info ][safepoint     ] Leaving safepoint region
[2023-10-19T09:42:35.729+0000][3715.980s][info ][safepoint     ] Total time for which application threads were stopped: 0.0018886 seconds, Stopping threads took: 0.0008287 seconds
[2023-10-19T09:42:36.730+0000][3716.981s][debug][safepoint     ] Safepoint synchronization initiated. (175 threads)
[2023-10-19T09:42:36.731+0000][3716.982s][info ][safepoint     ] Application time: 1.0014370 seconds
[2023-10-19T09:42:36.732+0000][3716.983s][info ][safepoint     ] Entering safepoint region: Cleanup
[2023-10-19T09:42:36.733+0000][3716.984s][info ][safepoint     ] Leaving safepoint region
[2023-10-19T09:42:36.734+0000][3716.985s][info ][safepoint     ] Total time for which application threads were stopped: 0.0017856 seconds, Stopping threads took: 0.0008457 seconds
[2023-10-19T09:42:37.735+0000][3717.986s][debug][safepoint     ] Safepoint synchronization initiated. (175 threads)
[2023-10-19T09:42:37.736+0000][3717.987s][info ][safepoint     ] Application time: 1.0009532 seconds
[2023-10-19T09:42:37.736+0000][3717.987s][info ][safepoint     ] Entering safepoint region: Cleanup
[2023-10-19T09:42:37.737+0000][3717.988s][info ][safepoint     ] Leaving safepoint region
[2023-10-19T09:42:37.737+0000][3717.988s][info ][safepoint     ] Total time for which application threads were stopped: 0.0011828 seconds, Stopping threads took: 0.0004724 seconds
[2023-10-19T09:42:38.738+0000][3718.989s][debug][safepoint     ] Safepoint synchronization initiated. (175 threads)
[2023-10-19T09:42:38.739+0000][3718.990s][info ][safepoint     ] Application time: 1.0009325 seconds
[2023-10-19T09:42:38.739+0000][3718.991s][info ][safepoint     ] Entering safepoint region: Cleanup
[2023-10-19T09:42:38.740+0000][3718.991s][info ][safepoint     ] Leaving safepoint region
[2023-10-19T09:42:38.741+0000][3718.992s][info ][safepoint     ] Total time for which application threads were stopped: 0.0012849 seconds, Stopping threads took: 0.0005843 seconds
[2023-10-19T09:42:39.742+0000][3719.993s][debug][safepoint     ] Safepoint synchronization initiated. (175 threads)
[2023-10-19T09:42:39.742+0000][3719.993s][info ][safepoint     ] Application time: 1.0011255 seconds
[2023-10-19T09:42:39.743+0000][3719.994s][info ][safepoint     ] Entering safepoint region: Cleanup
[2023-10-19T09:42:39.744+0000][3719.995s][info ][safepoint     ] Leaving safepoint region
[2023-10-19T09:42:39.744+0000][3719.995s][info ][safepoint     ] Total time for which application threads were stopped: 0.0013376 seconds, Stopping threads took: 0.0005299 seconds
[2023-10-19T09:42:40.745+0000][3720.996s][debug][safepoint     ] Safepoint synchronization initiated. (175 threads)
[2023-10-19T09:42:40.746+0000][3720.997s][info ][safepoint     ] Application time: 1.0014229 seconds
[2023-10-19T09:42:40.747+0000][3720.999s][info ][safepoint     ] Entering safepoint region: Cleanup
[2023-10-19T09:42:40.749+0000][3721.000s][info ][safepoint     ] Leaving safepoint region
[2023-10-19T09:42:40.749+0000][3721.001s][info ][safepoint     ] Total time for which application threads were stopped: 0.0020763 seconds, Stopping threads took: 0.0009664 seconds
[2023-10-19T09:42:41.750+0000][3722.001s][debug][safepoint     ] Safepoint synchronization initiated. (175 threads)
[2023-10-19T09:42:41.751+0000][3722.002s][info ][safepoint     ] Application time: 1.0007673 seconds
[2023-10-19T09:42:41.751+0000][3722.003s][info ][safepoint     ] Entering safepoint region: Cleanup
[2023-10-19T09:42:41.752+0000][3722.003s][info ][safepoint     ] Leaving safepoint region
[2023-10-19T09:42:41.752+0000][3722.004s][info ][safepoint     ] Total time for which application threads were stopped: 0.0010965 seconds, Stopping threads took: 0.0004867 seconds
[2023-10-19T09:42:42.753+0000][3723.004s][debug][safepoint     ] Safepoint synchronization initiated. (175 threads)
[2023-10-19T09:42:42.753+0000][3723.004s][info ][safepoint     ] Application time: 1.0005407 seconds
[2023-10-19T09:42:42.754+0000][3723.005s][info ][safepoint     ] Entering safepoint region: Cleanup
[2023-10-19T09:42:42.754+0000][3723.005s][info ][safepoint     ] Leaving safepoint region
[2023-10-19T09:42:42.754+0000][3723.006s][info ][safepoint     ] Total time for which application threads were stopped: 0.0008186 seconds, Stopping threads took: 0.0003367 seconds
[2023-10-19T09:42:43.755+0000][3724.006s][debug][safepoint     ] Safepoint synchronization initiated. (175 threads)
[2023-10-19T09:42:43.757+0000][3724.008s][info ][safepoint     ] Application time: 1.0021372 seconds
[2023-10-19T09:42:43.758+0000][3724.009s][info ][safepoint     ] Entering safepoint region: Cleanup
[2023-10-19T09:42:43.758+0000][3724.009s][info ][safepoint     ] Leaving safepoint region
[2023-10-19T09:42:43.759+0000][3724.010s][info ][safepoint     ] Total time for which application threads were stopped: 0.0012559 seconds, Stopping threads took: 0.0006030 seconds
[2023-10-19T09:42:44.759+0000][3725.011s][debug][safepoint     ] Safepoint synchronization initiated. (175 threads)
[2023-10-19T09:42:44.760+0000][3725.011s][info ][safepoint     ] Application time: 1.0005545 seconds
[2023-10-19T09:42:44.760+0000][3725.011s][info ][safepoint     ] Entering safepoint region: Cleanup
[2023-10-19T09:42:44.761+0000][3725.012s][info ][safepoint     ] Leaving safepoint region
[2023-10-19T09:42:44.761+0000][3725.012s][info ][safepoint     ] Total time for which application threads were stopped: 0.0009338 seconds, Stopping threads took: 0.0003883 seconds
[2023-10-19T09:42:45.762+0000][3726.013s][debug][safepoint     ] Safepoint synchronization initiated. (175 threads)
[2023-10-19T09:42:45.763+0000][3726.014s][info ][safepoint     ] Application time: 1.0013903 seconds
[2023-10-19T09:42:45.764+0000][3726.015s][info ][safepoint     ] Entering safepoint region: Cleanup
[2023-10-19T09:42:45.765+0000][3726.016s][info ][safepoint     ] Leaving safepoint region
[2023-10-19T09:42:45.765+0000][3726.017s][info ][safepoint     ] Total time for which application threads were stopped: 0.0017242 seconds, Stopping threads took: 0.0007424 seconds
[2023-10-19T09:42:46.766+0000][3727.017s][debug][safepoint     ] Safepoint synchronization initiated. (175 threads)
[2023-10-19T09:42:46.767+0000][3727.019s][info ][safepoint     ] Application time: 1.0013428 seconds
[2023-10-19T09:42:46.768+0000][3727.020s][info ][safepoint     ] Entering safepoint region: Cleanup
[2023-10-19T09:42:46.769+0000][3727.021s][info ][safepoint     ] Leaving safepoint region
[2023-10-19T09:42:46.770+0000][3727.021s][info ][safepoint     ] Total time for which application threads were stopped: 0.0017670 seconds, Stopping threads took: 0.0007767 seconds
[2023-10-19T09:42:47.771+0000][3728.022s][debug][safepoint     ] Safepoint synchronization initiated. (175 threads)
[2023-10-19T09:42:47.772+0000][3728.023s][info ][safepoint     ] Application time: 1.0010926 seconds
[2023-10-19T09:42:47.772+0000][3728.024s][info ][safepoint     ] Entering safepoint region: Cleanup
[2023-10-19T09:42:47.773+0000][3728.024s][info ][safepoint     ] Leaving safepoint region
[2023-10-19T09:42:47.774+0000][3728.025s][info ][safepoint     ] Total time for which application threads were stopped: 0.0013139 seconds, Stopping threads took: 0.0006473 seconds
[2023-10-19T09:42:48.775+0000][3729.026s][debug][safepoint     ] Safepoint synchronization initiated. (175 threads)
[2023-10-19T09:42:48.776+0000][3729.027s][info ][safepoint     ] Application time: 1.0015677 seconds
[2023-10-19T09:42:48.777+0000][3729.028s][info ][safepoint     ] Entering safepoint region: Cleanup
[2023-10-19T09:42:48.779+0000][3729.030s][info ][safepoint     ] Leaving safepoint region
[2023-10-19T09:42:48.780+0000][3729.031s][info ][safepoint     ] Total time for which application threads were stopped: 0.0025510 seconds, Stopping threads took: 0.0011135 seconds
[2023-10-19T09:42:49.781+0000][3730.032s][debug][safepoint     ] Safepoint synchronization initiated. (175 threads)
[2023-10-19T09:42:49.782+0000][3730.033s][info ][safepoint     ] Application time: 1.0014381 seconds
[2023-10-19T09:42:49.783+0000][3730.034s][info ][safepoint     ] Entering safepoint region: Cleanup
[2023-10-19T09:42:49.785+0000][3730.036s][info ][safepoint     ] Leaving safepoint region
[2023-10-19T09:42:49.786+0000][3730.037s][info ][safepoint     ] Total time for which application threads were stopped: 0.0028138 seconds, Stopping threads took: 0.0015867 seconds
[2023-10-19T09:42:50.787+0000][3731.038s][debug][safepoint     ] Safepoint synchronization initiated. (175 threads)
[2023-10-19T09:42:50.788+0000][3731.039s][info ][safepoint     ] Application time: 1.0014697 seconds
[2023-10-19T09:42:50.789+0000][3731.040s][info ][safepoint     ] Entering safepoint region: Cleanup
[2023-10-19T09:42:50.790+0000][3731.041s][info ][safepoint     ] Leaving safepoint region
[2023-10-19T09:42:50.791+0000][3731.042s][info ][safepoint     ] Total time for which application threads were stopped: 0.0017160 seconds, Stopping threads took: 0.0007046 seconds
[2023-10-19T09:42:51.792+0000][3732.043s][debug][safepoint     ] Safepoint synchronization initiated. (175 threads)
[2023-10-19T09:42:51.793+0000][3732.044s][info ][safepoint     ] Application time: 1.0014492 seconds
[2023-10-19T09:42:51.794+0000][3732.045s][info ][safepoint     ] Entering safepoint region: Cleanup
[2023-10-19T09:42:51.796+0000][3732.047s][info ][safepoint     ] Leaving safepoint region
[2023-10-19T09:42:51.796+0000][3732.048s][info ][safepoint     ] Total time for which application threads were stopped: 0.0024463 seconds, Stopping threads took: 0.0011444 seconds
[2023-10-19T09:42:52.798+0000][3733.049s][debug][safepoint     ] Safepoint synchronization initiated. (175 threads)
[2023-10-19T09:42:52.798+0000][3733.049s][info ][safepoint     ] Application time: 1.0006458 seconds
[2023-10-19T09:42:52.798+0000][3733.050s][info ][safepoint     ] Entering safepoint region: Cleanup
[2023-10-19T09:42:52.799+0000][3733.050s][info ][safepoint     ] Leaving safepoint region
[2023-10-19T09:42:52.799+0000][3733.050s][info ][safepoint     ] Total time for which application threads were stopped: 0.0008586 seconds, Stopping threads took: 0.0003517 seconds
[2023-10-19T09:42:53.800+0000][3734.051s][debug][safepoint     ] Safepoint synchronization initiated. (175 threads)
[2023-10-19T09:42:53.800+0000][3734.051s][info ][safepoint     ] Application time: 1.0007383 seconds
[2023-10-19T09:42:53.801+0000][3734.052s][info ][safepoint     ] Entering safepoint region: Cleanup
[2023-10-19T09:42:53.801+0000][3734.052s][info ][safepoint     ] Leaving safepoint region
[2023-10-19T09:42:53.802+0000][3734.053s][info ][safepoint     ] Total time for which application threads were stopped: 0.0009182 seconds, Stopping threads took: 0.0003813 seconds
[2023-10-19T09:42:54.802+0000][3735.053s][debug][safepoint     ] Safepoint synchronization initiated. (175 threads)
[2023-10-19T09:42:54.803+0000][3735.054s][info ][safepoint     ] Application time: 1.0010493 seconds
[2023-10-19T09:42:54.804+0000][3735.055s][info ][safepoint     ] Entering safepoint region: Cleanup
[2023-10-19T09:42:54.804+0000][3735.056s][info ][safepoint     ] Leaving safepoint region
[2023-10-19T09:42:54.805+0000][3735.056s][info ][safepoint     ] Total time for which application threads were stopped: 0.0012056 seconds, Stopping threads took: 0.0004963 seconds
[2023-10-19T09:42:55.806+0000][3736.057s][debug][safepoint     ] Safepoint synchronization initiated. (175 threads)
[2023-10-19T09:42:55.807+0000][3736.058s][info ][safepoint     ] Application time: 1.0012892 seconds
[2023-10-19T09:42:55.808+0000][3736.059s][info ][safepoint     ] Entering safepoint region: Cleanup
[2023-10-19T09:42:55.809+0000][3736.060s][info ][safepoint     ] Leaving safepoint region
[2023-10-19T09:42:55.810+0000][3736.061s][info ][safepoint     ] Total time for which application threads were stopped: 0.0025171 seconds, Stopping threads took: 0.0011156 seconds
[2023-10-19T09:42:56.811+0000][3737.063s][debug][safepoint     ] Safepoint synchronization initiated. (175 threads)
[2023-10-19T09:42:56.812+0000][3737.063s][info ][safepoint     ] Application time: 1.0010094 seconds
[2023-10-19T09:42:56.813+0000][3737.064s][info ][safepoint     ] Entering safepoint region: Cleanup
[2023-10-19T09:42:56.813+0000][3737.065s][info ][safepoint     ] Leaving safepoint region
[2023-10-19T09:42:56.814+0000][3737.065s][info ][safepoint     ] Total time for which application threads were stopped: 0.0011536 seconds, Stopping threads took: 0.0005377 seconds
[2023-10-19T09:42:57.815+0000][3738.066s][debug][safepoint     ] Safepoint synchronization initiated. (175 threads)
[2023-10-19T09:42:57.816+0000][3738.067s][info ][safepoint     ] Application time: 1.0017129 seconds
[2023-10-19T09:42:57.817+0000][3738.068s][info ][safepoint     ] Entering safepoint region: Cleanup
[2023-10-19T09:42:57.819+0000][3738.070s][info ][safepoint     ] Leaving safepoint region
[2023-10-19T09:42:57.820+0000][3738.071s][info ][safepoint     ] Total time for which application threads were stopped: 0.0026402 seconds, Stopping threads took: 0.0011981 seconds
[2023-10-19T09:42:58.821+0000][3739.072s][debug][safepoint     ] Safepoint synchronization initiated. (175 threads)
[2023-10-19T09:42:58.821+0000][3739.072s][info ][safepoint     ] Application time: 1.0008117 seconds
[2023-10-19T09:42:58.822+0000][3739.073s][info ][safepoint     ] Entering safepoint region: Cleanup
[2023-10-19T09:42:58.822+0000][3739.074s][info ][safepoint     ] Leaving safepoint region
[2023-10-19T09:42:58.823+0000][3739.074s][info ][safepoint     ] Total time for which application threads were stopped: 0.0010906 seconds, Stopping threads took: 0.0004595 seconds
[2023-10-19T09:42:59.824+0000][3740.075s][debug][safepoint     ] Safepoint synchronization initiated. (175 threads)
[2023-10-19T09:42:59.825+0000][3740.076s][info ][safepoint     ] Application time: 1.0016751 seconds
[2023-10-19T09:42:59.826+0000][3740.077s][info ][safepoint     ] Entering safepoint region: Cleanup
[2023-10-19T09:42:59.827+0000][3740.078s][info ][safepoint     ] Leaving safepoint region
[2023-10-19T09:42:59.828+0000][3740.079s][info ][safepoint     ] Total time for which application threads were stopped: 0.0021296 seconds, Stopping threads took: 0.0009277 seconds
[2023-10-19T09:43:00.829+0000][3741.080s][debug][safepoint     ] Safepoint synchronization initiated. (175 threads)
[2023-10-19T09:43:00.830+0000][3741.081s][info ][safepoint     ] Application time: 1.0012575 seconds
[2023-10-19T09:43:00.831+0000][3741.082s][info ][safepoint     ] Entering safepoint region: Cleanup
[2023-10-19T09:43:00.832+0000][3741.083s][info ][safepoint     ] Leaving safepoint region
[2023-10-19T09:43:00.833+0000][3741.084s][info ][safepoint     ] Total time for which application threads were stopped: 0.0018777 seconds, Stopping threads took: 0.0006947 seconds
[2023-10-19T09:43:01.834+0000][3742.085s][debug][safepoint     ] Safepoint synchronization initiated. (175 threads)
[2023-10-19T09:43:01.835+0000][3742.086s][info ][safepoint     ] Application time: 1.0017956 seconds
[2023-10-19T09:43:01.836+0000][3742.087s][info ][safepoint     ] Entering safepoint region: Cleanup
[2023-10-19T09:43:01.838+0000][3742.089s][info ][safepoint     ] Leaving safepoint region
[2023-10-19T09:43:01.838+0000][3742.090s][info ][safepoint     ] Total time for which application threads were stopped: 0.0024080 seconds, Stopping threads took: 0.0010631 seconds
[2023-10-19T09:43:02.839+0000][3743.091s][debug][safepoint     ] Safepoint synchronization initiated. (175 threads)
[2023-10-19T09:43:02.840+0000][3743.091s][info ][safepoint     ] Application time: 1.0006606 seconds
[2023-10-19T09:43:02.840+0000][3743.092s][info ][safepoint     ] Entering safepoint region: Cleanup
[2023-10-19T09:43:02.841+0000][3743.092s][info ][safepoint     ] Leaving safepoint region
[2023-10-19T09:43:02.842+0000][3743.093s][info ][safepoint     ] Total time for which application threads were stopped: 0.0011391 seconds, Stopping threads took: 0.0004184 seconds
[2023-10-19T09:43:03.842+0000][3744.094s][debug][safepoint     ] Safepoint synchronization initiated. (175 threads)
[2023-10-19T09:43:03.843+0000][3744.094s][info ][safepoint     ] Application time: 1.0010456 seconds
[2023-10-19T09:43:03.844+0000][3744.095s][info ][safepoint     ] Entering safepoint region: Cleanup
[2023-10-19T09:43:03.845+0000][3744.096s][info ][safepoint     ] Leaving safepoint region
[2023-10-19T09:43:03.845+0000][3744.096s][info ][safepoint     ] Total time for which application threads were stopped: 0.0015563 seconds, Stopping threads took: 0.0007442 seconds
[2023-10-19T09:43:04.846+0000][3745.097s][debug][safepoint     ] Safepoint synchronization initiated. (175 threads)
[2023-10-19T09:43:04.846+0000][3745.098s][info ][safepoint     ] Application time: 1.0008121 seconds
[2023-10-19T09:43:04.847+0000][3745.098s][info ][safepoint     ] Entering safepoint region: Cleanup
[2023-10-19T09:43:04.847+0000][3745.099s][info ][safepoint     ] Leaving safepoint region
[2023-10-19T09:43:04.848+0000][3745.099s][info ][safepoint     ] Total time for which application threads were stopped: 0.0010418 seconds, Stopping threads took: 0.0004343 seconds
[2023-10-19T09:43:05.848+0000][3746.100s][debug][safepoint     ] Safepoint synchronization initiated. (175 threads)
[2023-10-19T09:43:05.849+0000][3746.100s][info ][safepoint     ] Application time: 1.0007474 seconds
[2023-10-19T09:43:05.849+0000][3746.101s][info ][safepoint     ] Entering safepoint region: Cleanup
[2023-10-19T09:43:05.850+0000][3746.101s][info ][safepoint     ] Leaving safepoint region
[2023-10-19T09:43:05.850+0000][3746.102s][info ][safepoint     ] Total time for which application threads were stopped: 0.0009821 seconds, Stopping threads took: 0.0004121 seconds
[2023-10-19T09:43:06.851+0000][3747.102s][debug][safepoint     ] Safepoint synchronization initiated. (175 threads)
[2023-10-19T09:43:06.852+0000][3747.103s][info ][safepoint     ] Application time: 1.0009410 seconds
[2023-10-19T09:43:06.852+0000][3747.104s][info ][safepoint     ] Entering safepoint region: Cleanup
[2023-10-19T09:43:06.853+0000][3747.104s][info ][safepoint     ] Leaving safepoint region
[2023-10-19T09:43:06.854+0000][3747.105s][info ][safepoint     ] Total time for which application threads were stopped: 0.0012117 seconds, Stopping threads took: 0.0004958 seconds
[2023-10-19T09:43:07.854+0000][3748.105s][debug][safepoint     ] Safepoint synchronization initiated. (175 threads)
[2023-10-19T09:43:07.855+0000][3748.106s][info ][safepoint     ] Application time: 1.0008492 seconds
[2023-10-19T09:43:07.855+0000][3748.107s][info ][safepoint     ] Entering safepoint region: Cleanup
[2023-10-19T09:43:07.856+0000][3748.107s][info ][safepoint     ] Leaving safepoint region
[2023-10-19T09:43:07.856+0000][3748.107s][info ][safepoint     ] Total time for which application threads were stopped: 0.0010185 seconds, Stopping threads took: 0.0004280 seconds
[2023-10-19T09:43:08.857+0000][3749.108s][debug][safepoint     ] Safepoint synchronization initiated. (175 threads)
[2023-10-19T09:43:08.857+0000][3749.109s][info ][safepoint     ] Application time: 1.0007297 seconds
[2023-10-19T09:43:08.858+0000][3749.109s][info ][safepoint     ] Entering safepoint region: Cleanup
[2023-10-19T09:43:08.858+0000][3749.110s][info ][safepoint     ] Leaving safepoint region
[2023-10-19T09:43:08.859+0000][3749.110s][info ][safepoint     ] Total time for which application threads were stopped: 0.0008737 seconds, Stopping threads took: 0.0003927 seconds
[2023-10-19T09:43:09.859+0000][3750.111s][debug][safepoint     ] Safepoint synchronization initiated. (175 threads)
[2023-10-19T09:43:09.860+0000][3750.111s][info ][safepoint     ] Application time: 1.0008274 seconds
[2023-10-19T09:43:09.860+0000][3750.112s][info ][safepoint     ] Entering safepoint region: Cleanup
[2023-10-19T09:43:09.861+0000][3750.112s][info ][safepoint     ] Leaving safepoint region
[2023-10-19T09:43:09.861+0000][3750.112s][info ][safepoint     ] Total time for which application threads were stopped: 0.0009663 seconds, Stopping threads took: 0.0003867 seconds
[2023-10-19T09:43:10.862+0000][3751.113s][debug][safepoint     ] Safepoint synchronization initiated. (175 threads)
[2023-10-19T09:43:10.863+0000][3751.114s][info ][safepoint     ] Application time: 1.0016109 seconds
[2023-10-19T09:43:10.864+0000][3751.116s][info ][safepoint     ] Entering safepoint region: Cleanup
[2023-10-19T09:43:10.866+0000][3751.117s][info ][safepoint     ] Leaving safepoint region
[2023-10-19T09:43:10.867+0000][3751.118s][info ][safepoint     ] Total time for which application threads were stopped: 0.0022542 seconds, Stopping threads took: 0.0010201 seconds
[2023-10-19T09:43:11.868+0000][3752.119s][debug][safepoint     ] Safepoint synchronization initiated. (175 threads)
[2023-10-19T09:43:11.868+0000][3752.119s][info ][safepoint     ] Application time: 1.0005377 seconds
[2023-10-19T09:43:11.868+0000][3752.120s][info ][safepoint     ] Entering safepoint region: Cleanup
[2023-10-19T09:43:11.869+0000][3752.120s][info ][safepoint     ] Leaving safepoint region
[2023-10-19T09:43:11.869+0000][3752.121s][info ][safepoint     ] Total time for which application threads were stopped: 0.0009910 seconds, Stopping threads took: 0.0004577 seconds
[2023-10-19T09:43:12.870+0000][3753.121s][debug][safepoint     ] Safepoint synchronization initiated. (175 threads)
[2023-10-19T09:43:12.871+0000][3753.122s][info ][safepoint     ] Application time: 1.0007981 seconds
[2023-10-19T09:43:12.871+0000][3753.122s][info ][safepoint     ] Entering safepoint region: Cleanup
[2023-10-19T09:43:12.872+0000][3753.123s][info ][safepoint     ] Leaving safepoint region
[2023-10-19T09:43:12.872+0000][3753.124s][info ][safepoint     ] Total time for which application threads were stopped: 0.0013374 seconds, Stopping threads took: 0.0006705 seconds
[2023-10-19T09:43:13.873+0000][3754.124s][debug][safepoint     ] Safepoint synchronization initiated. (175 threads)
[2023-10-19T09:43:13.874+0000][3754.125s][info ][safepoint     ] Application time: 1.0010505 seconds
[2023-10-19T09:43:13.875+0000][3754.126s][info ][safepoint     ] Entering safepoint region: Cleanup
[2023-10-19T09:43:13.875+0000][3754.127s][info ][safepoint     ] Leaving safepoint region
[2023-10-19T09:43:13.876+0000][3754.127s][info ][safepoint     ] Total time for which application threads were stopped: 0.0014426 seconds, Stopping threads took: 0.0007002 seconds
[2023-10-19T09:43:14.877+0000][3755.128s][debug][safepoint     ] Safepoint synchronization initiated. (175 threads)
[2023-10-19T09:43:14.877+0000][3755.129s][info ][safepoint     ] Application time: 1.0008159 seconds
[2023-10-19T09:43:14.878+0000][3755.129s][info ][safepoint     ] Entering safepoint region: Cleanup
[2023-10-19T09:43:14.879+0000][3755.130s][info ][safepoint     ] Leaving safepoint region
[2023-10-19T09:43:14.879+0000][3755.131s][info ][safepoint     ] Total time for which application threads were stopped: 0.0014235 seconds, Stopping threads took: 0.0006588 seconds
[2023-10-19T09:43:15.880+0000][3756.131s][debug][safepoint     ] Safepoint synchronization initiated. (175 threads)
[2023-10-19T09:43:15.881+0000][3756.132s][info ][safepoint     ] Application time: 1.0005607 seconds
[2023-10-19T09:43:15.881+0000][3756.132s][info ][safepoint     ] Entering safepoint region: Cleanup
[2023-10-19T09:43:15.881+0000][3756.133s][info ][safepoint     ] Leaving safepoint region
[2023-10-19T09:43:15.882+0000][3756.133s][info ][safepoint     ] Total time for which application threads were stopped: 0.0007522 seconds, Stopping threads took: 0.0003176 seconds
[2023-10-19T09:43:16.882+0000][3757.133s][debug][safepoint     ] Safepoint synchronization initiated. (174 threads)
[2023-10-19T09:43:16.883+0000][3757.135s][info ][safepoint     ] Application time: 1.0013830 seconds
[2023-10-19T09:43:16.884+0000][3757.135s][info ][safepoint     ] Entering safepoint region: Cleanup
[2023-10-19T09:43:16.885+0000][3757.137s][info ][safepoint     ] Leaving safepoint region
[2023-10-19T09:43:16.886+0000][3757.138s][info ][safepoint     ] Total time for which application threads were stopped: 0.0022388 seconds, Stopping threads took: 0.0010242 seconds
[2023-10-19T09:43:17.887+0000][3758.139s][debug][safepoint     ] Safepoint synchronization initiated. (174 threads)
[2023-10-19T09:43:17.888+0000][3758.139s][info ][safepoint     ] Application time: 1.0009742 seconds
[2023-10-19T09:43:17.889+0000][3758.140s][info ][safepoint     ] Entering safepoint region: Cleanup
[2023-10-19T09:43:17.889+0000][3758.141s][info ][safepoint     ] Leaving safepoint region
[2023-10-19T09:43:17.890+0000][3758.141s][info ][safepoint     ] Total time for which application threads were stopped: 0.0013108 seconds, Stopping threads took: 0.0004692 seconds
[2023-10-19T09:43:18.891+0000][3759.142s][debug][safepoint     ] Safepoint synchronization initiated. (174 threads)
[2023-10-19T09:43:18.892+0000][3759.143s][info ][safepoint     ] Application time: 1.0010061 seconds
[2023-10-19T09:43:18.892+0000][3759.144s][info ][safepoint     ] Entering safepoint region: Cleanup
[2023-10-19T09:43:18.893+0000][3759.144s][info ][safepoint     ] Leaving safepoint region
[2023-10-19T09:43:18.894+0000][3759.145s][info ][safepoint     ] Total time for which application threads were stopped: 0.0013813 seconds, Stopping threads took: 0.0006547 seconds
[2023-10-19T09:43:19.894+0000][3760.146s][debug][safepoint     ] Safepoint synchronization initiated. (174 threads)
[2023-10-19T09:43:19.895+0000][3760.147s][info ][safepoint     ] Application time: 1.0012763 seconds
[2023-10-19T09:43:19.896+0000][3760.148s][info ][safepoint     ] Entering safepoint region: Cleanup
[2023-10-19T09:43:19.897+0000][3760.149s][info ][safepoint     ] Leaving safepoint region
[2023-10-19T09:43:19.898+0000][3760.149s][info ][safepoint     ] Total time for which application threads were stopped: 0.0018375 seconds, Stopping threads took: 0.0007589 seconds
[2023-10-19T09:43:20.899+0000][3761.150s][debug][safepoint     ] Safepoint synchronization initiated. (174 threads)
[2023-10-19T09:43:20.900+0000][3761.151s][info ][safepoint     ] Application time: 1.0011474 seconds
[2023-10-19T09:43:20.900+0000][3761.152s][info ][safepoint     ] Entering safepoint region: Cleanup
[2023-10-19T09:43:20.901+0000][3761.152s][info ][safepoint     ] Leaving safepoint region
[2023-10-19T09:43:20.902+0000][3761.153s][info ][safepoint     ] Total time for which application threads were stopped: 0.0014272 seconds, Stopping threads took: 0.0006896 seconds
[2023-10-19T09:43:21.903+0000][3762.154s][debug][safepoint     ] Safepoint synchronization initiated. (174 threads)
[2023-10-19T09:43:21.904+0000][3762.155s][info ][safepoint     ] Application time: 1.0014354 seconds
[2023-10-19T09:43:21.905+0000][3762.156s][info ][safepoint     ] Entering safepoint region: Cleanup
[2023-10-19T09:43:21.906+0000][3762.157s][info ][safepoint     ] Leaving safepoint region
[2023-10-19T09:43:21.907+0000][3762.158s][info ][safepoint     ] Total time for which application threads were stopped: 0.0022666 seconds, Stopping threads took: 0.0008906 seconds
[2023-10-19T09:43:22.908+0000][3763.159s][debug][safepoint     ] Safepoint synchronization initiated. (174 threads)
[2023-10-19T09:43:22.909+0000][3763.160s][info ][safepoint     ] Application time: 1.0010206 seconds
[2023-10-19T09:43:22.909+0000][3763.161s][info ][safepoint     ] Entering safepoint region: Cleanup
[2023-10-19T09:43:22.910+0000][3763.161s][info ][safepoint     ] Leaving safepoint region
[2023-10-19T09:43:22.910+0000][3763.162s][info ][safepoint     ] Total time for which application threads were stopped: 0.0011085 seconds, Stopping threads took: 0.0004720 seconds
[2023-10-19T09:43:23.911+0000][3764.162s][debug][safepoint     ] Safepoint synchronization initiated. (174 threads)
[2023-10-19T09:43:23.912+0000][3764.163s][info ][safepoint     ] Application time: 1.0012628 seconds
[2023-10-19T09:43:23.913+0000][3764.164s][info ][safepoint     ] Entering safepoint region: Cleanup
[2023-10-19T09:43:23.913+0000][3764.165s][info ][safepoint     ] Leaving safepoint region
[2023-10-19T09:43:23.914+0000][3764.165s][info ][safepoint     ] Total time for which application threads were stopped: 0.0012075 seconds, Stopping threads took: 0.0005514 seconds
[2023-10-19T09:43:24.915+0000][3765.166s][debug][safepoint     ] Safepoint synchronization initiated. (174 threads)
[2023-10-19T09:43:24.916+0000][3765.167s][info ][safepoint     ] Application time: 1.0013761 seconds
[2023-10-19T09:43:24.917+0000][3765.168s][info ][safepoint     ] Entering safepoint region: Cleanup
[2023-10-19T09:43:24.918+0000][3765.169s][info ][safepoint     ] Leaving safepoint region
[2023-10-19T09:43:24.919+0000][3765.170s][info ][safepoint     ] Total time for which application threads were stopped: 0.0024825 seconds, Stopping threads took: 0.0011507 seconds
[2023-10-19T09:43:25.920+0000][3766.172s][debug][safepoint     ] Safepoint synchronization initiated. (174 threads)
[2023-10-19T09:43:25.922+0000][3766.173s][info ][safepoint     ] Application time: 1.0014184 seconds
[2023-10-19T09:43:25.923+0000][3766.174s][info ][safepoint     ] Entering safepoint region: Cleanup
[2023-10-19T09:43:25.924+0000][3766.175s][info ][safepoint     ] Leaving safepoint region
[2023-10-19T09:43:25.925+0000][3766.176s][info ][safepoint     ] Total time for which application threads were stopped: 0.0020818 seconds, Stopping threads took: 0.0009636 seconds
[2023-10-19T09:43:26.926+0000][3767.177s][debug][safepoint     ] Safepoint synchronization initiated. (174 threads)
[2023-10-19T09:43:26.927+0000][3767.178s][info ][safepoint     ] Application time: 1.0011851 seconds
[2023-10-19T09:43:26.927+0000][3767.179s][info ][safepoint     ] Entering safepoint region: Cleanup
[2023-10-19T09:43:26.928+0000][3767.180s][info ][safepoint     ] Leaving safepoint region
[2023-10-19T09:43:26.929+0000][3767.180s][info ][safepoint     ] Total time for which application threads were stopped: 0.0018228 seconds, Stopping threads took: 0.0007556 seconds
[2023-10-19T09:43:27.930+0000][3768.181s][debug][safepoint     ] Safepoint synchronization initiated. (174 threads)
[2023-10-19T09:43:27.931+0000][3768.182s][info ][safepoint     ] Application time: 1.0005823 seconds
[2023-10-19T09:43:27.931+0000][3768.182s][info ][safepoint     ] Entering safepoint region: Cleanup
[2023-10-19T09:43:27.931+0000][3768.183s][info ][safepoint     ] Leaving safepoint region
[2023-10-19T09:43:27.932+0000][3768.183s][info ][safepoint     ] Total time for which application threads were stopped: 0.0008049 seconds, Stopping threads took: 0.0003145 seconds
[2023-10-19T09:43:28.932+0000][3769.183s][debug][safepoint     ] Safepoint synchronization initiated. (174 threads)
[2023-10-19T09:43:28.933+0000][3769.185s][info ][safepoint     ] Application time: 1.0014600 seconds
[2023-10-19T09:43:28.934+0000][3769.186s][info ][safepoint     ] Entering safepoint region: Cleanup
[2023-10-19T09:43:28.936+0000][3769.187s][info ][safepoint     ] Leaving safepoint region
[2023-10-19T09:43:28.937+0000][3769.188s][info ][safepoint     ] Total time for which application threads were stopped: 0.0023931 seconds, Stopping threads took: 0.0011004 seconds
[2023-10-19T09:43:29.938+0000][3770.189s][debug][safepoint     ] Safepoint synchronization initiated. (174 threads)
[2023-10-19T09:43:29.938+0000][3770.190s][info ][safepoint     ] Application time: 1.0007307 seconds
[2023-10-19T09:43:29.939+0000][3770.190s][info ][safepoint     ] Entering safepoint region: Cleanup
[2023-10-19T09:43:29.940+0000][3770.191s][info ][safepoint     ] Leaving safepoint region
[2023-10-19T09:43:29.940+0000][3770.191s][info ][safepoint     ] Total time for which application threads were stopped: 0.0010605 seconds, Stopping threads took: 0.0004674 seconds
[2023-10-19T09:43:30.941+0000][3771.192s][debug][safepoint     ] Safepoint synchronization initiated. (174 threads)
[2023-10-19T09:43:30.942+0000][3771.193s][info ][safepoint     ] Application time: 1.0015554 seconds
[2023-10-19T09:43:30.943+0000][3771.194s][info ][safepoint     ] Entering safepoint region: Cleanup
[2023-10-19T09:43:30.944+0000][3771.196s][info ][safepoint     ] Leaving safepoint region
[2023-10-19T09:43:30.945+0000][3771.197s][info ][safepoint     ] Total time for which application threads were stopped: 0.0023741 seconds, Stopping threads took: 0.0010563 seconds
[2023-10-19T09:43:31.946+0000][3772.198s][debug][safepoint     ] Safepoint synchronization initiated. (174 threads)
[2023-10-19T09:43:31.947+0000][3772.198s][info ][safepoint     ] Application time: 1.0008496 seconds
[2023-10-19T09:43:31.948+0000][3772.199s][info ][safepoint     ] Entering safepoint region: Cleanup
[2023-10-19T09:43:31.948+0000][3772.200s][info ][safepoint     ] Leaving safepoint region
[2023-10-19T09:43:31.949+0000][3772.200s][info ][safepoint     ] Total time for which application threads were stopped: 0.0013450 seconds, Stopping threads took: 0.0005420 seconds
[2023-10-19T09:43:32.950+0000][3773.201s][debug][safepoint     ] Safepoint synchronization initiated. (174 threads)
[2023-10-19T09:43:32.950+0000][3773.201s][info ][safepoint     ] Application time: 1.0007317 seconds
[2023-10-19T09:43:32.951+0000][3773.202s][info ][safepoint     ] Entering safepoint region: Cleanup
[2023-10-19T09:43:32.951+0000][3773.202s][info ][safepoint     ] Leaving safepoint region
[2023-10-19T09:43:32.952+0000][3773.203s][info ][safepoint     ] Total time for which application threads were stopped: 0.0010775 seconds, Stopping threads took: 0.0004291 seconds
[2023-10-19T09:43:33.952+0000][3774.204s][debug][safepoint     ] Safepoint synchronization initiated. (174 threads)
[2023-10-19T09:43:33.953+0000][3774.204s][info ][safepoint     ] Application time: 1.0011676 seconds
[2023-10-19T09:43:33.954+0000][3774.205s][info ][safepoint     ] Entering safepoint region: Cleanup
[2023-10-19T09:43:33.955+0000][3774.206s][info ][safepoint     ] Leaving safepoint region
[2023-10-19T09:43:33.956+0000][3774.207s][info ][safepoint     ] Total time for which application threads were stopped: 0.0015578 seconds, Stopping threads took: 0.0008207 seconds
[2023-10-19T09:43:34.956+0000][3775.208s][debug][safepoint     ] Safepoint synchronization initiated. (174 threads)
[2023-10-19T09:43:34.957+0000][3775.209s][info ][safepoint     ] Application time: 1.0013020 seconds
[2023-10-19T09:43:34.958+0000][3775.210s][info ][safepoint     ] Entering safepoint region: Cleanup
[2023-10-19T09:43:34.959+0000][3775.211s][info ][safepoint     ] Leaving safepoint region
[2023-10-19T09:43:34.960+0000][3775.212s][info ][safepoint     ] Total time for which application threads were stopped: 0.0019222 seconds, Stopping threads took: 0.0008044 seconds
[2023-10-19T09:43:35.961+0000][3776.212s][debug][safepoint     ] Safepoint synchronization initiated. (174 threads)
[2023-10-19T09:43:35.961+0000][3776.213s][info ][safepoint     ] Application time: 1.0005806 seconds
[2023-10-19T09:43:35.962+0000][3776.213s][info ][safepoint     ] Entering safepoint region: Cleanup
[2023-10-19T09:43:35.962+0000][3776.214s][info ][safepoint     ] Leaving safepoint region
[2023-10-19T09:43:35.963+0000][3776.214s][info ][safepoint     ] Total time for which application threads were stopped: 0.0008044 seconds, Stopping threads took: 0.0003054 seconds
[2023-10-19T09:43:36.963+0000][3777.214s][debug][safepoint     ] Safepoint synchronization initiated. (174 threads)
[2023-10-19T09:43:36.964+0000][3777.215s][info ][safepoint     ] Application time: 1.0007820 seconds
[2023-10-19T09:43:36.964+0000][3777.215s][info ][safepoint     ] Entering safepoint region: Cleanup
[2023-10-19T09:43:36.965+0000][3777.216s][info ][safepoint     ] Leaving safepoint region
[2023-10-19T09:43:36.966+0000][3777.217s][info ][safepoint     ] Total time for which application threads were stopped: 0.0013947 seconds, Stopping threads took: 0.0006426 seconds
[2023-10-19T09:43:37.966+0000][3778.217s][debug][safepoint     ] Safepoint synchronization initiated. (174 threads)
[2023-10-19T09:43:37.967+0000][3778.218s][info ][safepoint     ] Application time: 1.0008422 seconds
[2023-10-19T09:43:37.967+0000][3778.218s][info ][safepoint     ] Entering safepoint region: Cleanup
[2023-10-19T09:43:37.968+0000][3778.219s][info ][safepoint     ] Leaving safepoint region
[2023-10-19T09:43:37.968+0000][3778.219s][info ][safepoint     ] Total time for which application threads were stopped: 0.0009408 seconds, Stopping threads took: 0.0004711 seconds
[2023-10-19T09:43:38.969+0000][3779.220s][debug][safepoint     ] Safepoint synchronization initiated. (174 threads)
[2023-10-19T09:43:38.969+0000][3779.220s][info ][safepoint     ] Application time: 1.0006681 seconds
[2023-10-19T09:43:38.970+0000][3779.221s][info ][safepoint     ] Entering safepoint region: Cleanup
[2023-10-19T09:43:38.970+0000][3779.221s][info ][safepoint     ] Leaving safepoint region
[2023-10-19T09:43:38.971+0000][3779.222s][info ][safepoint     ] Total time for which application threads were stopped: 0.0010289 seconds, Stopping threads took: 0.0004515 seconds
[2023-10-19T09:43:39.971+0000][3780.222s][debug][safepoint     ] Safepoint synchronization initiated. (174 threads)
[2023-10-19T09:43:39.972+0000][3780.223s][info ][safepoint     ] Application time: 1.0007733 seconds
[2023-10-19T09:43:39.972+0000][3780.223s][info ][safepoint     ] Entering safepoint region: Cleanup
[2023-10-19T09:43:39.973+0000][3780.224s][info ][safepoint     ] Leaving safepoint region
[2023-10-19T09:43:39.973+0000][3780.224s][info ][safepoint     ] Total time for which application threads were stopped: 0.0011021 seconds, Stopping threads took: 0.0004630 seconds
[2023-10-19T09:43:40.974+0000][3781.225s][debug][safepoint     ] Safepoint synchronization initiated. (174 threads)
[2023-10-19T09:43:40.974+0000][3781.226s][info ][safepoint     ] Application time: 1.0007464 seconds
[2023-10-19T09:43:40.975+0000][3781.226s][info ][safepoint     ] Entering safepoint region: Cleanup
[2023-10-19T09:43:40.975+0000][3781.227s][info ][safepoint     ] Leaving safepoint region
[2023-10-19T09:43:40.976+0000][3781.227s][info ][safepoint     ] Total time for which application threads were stopped: 0.0011274 seconds, Stopping threads took: 0.0005411 seconds
[2023-10-19T09:43:41.977+0000][3782.228s][debug][safepoint     ] Safepoint synchronization initiated. (174 threads)
[2023-10-19T09:43:41.977+0000][3782.228s][info ][safepoint     ] Application time: 1.0010073 seconds
[2023-10-19T09:43:41.978+0000][3782.229s][info ][safepoint     ] Entering safepoint region: Cleanup
[2023-10-19T09:43:41.978+0000][3782.230s][info ][safepoint     ] Leaving safepoint region
[2023-10-19T09:43:41.979+0000][3782.230s][info ][safepoint     ] Total time for which application threads were stopped: 0.0011988 seconds, Stopping threads took: 0.0005201 seconds
[2023-10-19T09:43:42.979+0000][3783.231s][debug][safepoint     ] Safepoint synchronization initiated. (174 threads)
[2023-10-19T09:43:42.980+0000][3783.231s][info ][safepoint     ] Application time: 1.0006690 seconds
[2023-10-19T09:43:42.980+0000][3783.232s][info ][safepoint     ] Entering safepoint region: Cleanup
[2023-10-19T09:43:42.981+0000][3783.232s][info ][safepoint     ] Leaving safepoint region
[2023-10-19T09:43:42.981+0000][3783.233s][info ][safepoint     ] Total time for which application threads were stopped: 0.0011216 seconds, Stopping threads took: 0.0005706 seconds
[2023-10-19T09:43:43.982+0000][3784.233s][debug][safepoint     ] Safepoint synchronization initiated. (174 threads)
[2023-10-19T09:43:43.982+0000][3784.234s][info ][safepoint     ] Application time: 1.0005637 seconds
[2023-10-19T09:43:43.983+0000][3784.234s][info ][safepoint     ] Entering safepoint region: Cleanup
[2023-10-19T09:43:43.983+0000][3784.234s][info ][safepoint     ] Leaving safepoint region
[2023-10-19T09:43:43.984+0000][3784.235s][info ][safepoint     ] Total time for which application threads were stopped: 0.0009632 seconds, Stopping threads took: 0.0003222 seconds
[2023-10-19T09:43:44.984+0000][3785.235s][debug][safepoint     ] Safepoint synchronization initiated. (174 threads)
[2023-10-19T09:43:44.984+0000][3785.236s][info ][safepoint     ] Application time: 1.0005357 seconds
[2023-10-19T09:43:44.985+0000][3785.236s][info ][safepoint     ] Entering safepoint region: Cleanup
[2023-10-19T09:43:44.985+0000][3785.237s][info ][safepoint     ] Leaving safepoint region
[2023-10-19T09:43:44.986+0000][3785.237s][info ][safepoint     ] Total time for which application threads were stopped: 0.0009338 seconds, Stopping threads took: 0.0003857 seconds
[2023-10-19T09:43:45.986+0000][3786.237s][debug][safepoint     ] Safepoint synchronization initiated. (174 threads)
[2023-10-19T09:43:45.987+0000][3786.238s][info ][safepoint     ] Application time: 1.0008200 seconds
[2023-10-19T09:43:45.987+0000][3786.238s][info ][safepoint     ] Entering safepoint region: Cleanup
[2023-10-19T09:43:45.988+0000][3786.239s][info ][safepoint     ] Leaving safepoint region
[2023-10-19T09:43:45.988+0000][3786.240s][info ][safepoint     ] Total time for which application threads were stopped: 0.0011606 seconds, Stopping threads took: 0.0004864 seconds
[2023-10-19T09:43:46.989+0000][3787.240s][debug][safepoint     ] Safepoint synchronization initiated. (174 threads)
[2023-10-19T09:43:46.991+0000][3787.242s][info ][safepoint     ] Application time: 1.0018086 seconds
[2023-10-19T09:43:46.992+0000][3787.243s][info ][safepoint     ] Entering safepoint region: Cleanup
[2023-10-19T09:43:46.994+0000][3787.245s][info ][safepoint     ] Leaving safepoint region
[2023-10-19T09:43:46.994+0000][3787.245s][info ][safepoint     ] Total time for which application threads were stopped: 0.0026509 seconds, Stopping threads took: 0.0017774 seconds
[2023-10-19T09:43:47.995+0000][3788.247s][debug][safepoint     ] Safepoint synchronization initiated. (174 threads)
[2023-10-19T09:43:47.996+0000][3788.247s][info ][safepoint     ] Application time: 1.0008711 seconds
[2023-10-19T09:43:47.997+0000][3788.248s][info ][safepoint     ] Entering safepoint region: Cleanup
[2023-10-19T09:43:47.997+0000][3788.249s][info ][safepoint     ] Leaving safepoint region
[2023-10-19T09:43:47.998+0000][3788.249s][info ][safepoint     ] Total time for which application threads were stopped: 0.0009655 seconds, Stopping threads took: 0.0004403 seconds
[2023-10-19T09:43:48.998+0000][3789.249s][debug][safepoint     ] Safepoint synchronization initiated. (174 threads)
[2023-10-19T09:43:48.999+0000][3789.250s][info ][safepoint     ] Application time: 1.0007332 seconds
[2023-10-19T09:43:48.999+0000][3789.251s][info ][safepoint     ] Entering safepoint region: Cleanup
[2023-10-19T09:43:49.000+0000][3789.251s][info ][safepoint     ] Leaving safepoint region
[2023-10-19T09:43:49.000+0000][3789.251s][info ][safepoint     ] Total time for which application threads were stopped: 0.0009861 seconds, Stopping threads took: 0.0004246 seconds
[2023-10-19T09:43:50.001+0000][3790.252s][debug][safepoint     ] Safepoint synchronization initiated. (174 threads)
[2023-10-19T09:43:50.001+0000][3790.252s][info ][safepoint     ] Application time: 1.0005660 seconds
[2023-10-19T09:43:50.002+0000][3790.253s][info ][safepoint     ] Entering safepoint region: Cleanup
[2023-10-19T09:43:50.002+0000][3790.253s][info ][safepoint     ] Leaving safepoint region
[2023-10-19T09:43:50.002+0000][3790.254s][info ][safepoint     ] Total time for which application threads were stopped: 0.0008264 seconds, Stopping threads took: 0.0003547 seconds
[2023-10-19T09:43:51.003+0000][3791.254s][debug][safepoint     ] Safepoint synchronization initiated. (174 threads)
[2023-10-19T09:43:51.003+0000][3791.255s][info ][safepoint     ] Application time: 1.0007605 seconds
[2023-10-19T09:43:51.004+0000][3791.255s][info ][safepoint     ] Entering safepoint region: Cleanup
[2023-10-19T09:43:51.004+0000][3791.256s][info ][safepoint     ] Leaving safepoint region
[2023-10-19T09:43:51.005+0000][3791.256s][info ][safepoint     ] Total time for which application threads were stopped: 0.0009501 seconds, Stopping threads took: 0.0004205 seconds
[2023-10-19T09:43:52.005+0000][3792.256s][debug][safepoint     ] Safepoint synchronization initiated. (174 threads)
[2023-10-19T09:43:52.006+0000][3792.257s][info ][safepoint     ] Application time: 1.0008129 seconds
[2023-10-19T09:43:52.006+0000][3792.258s][info ][safepoint     ] Entering safepoint region: Cleanup
[2023-10-19T09:43:52.007+0000][3792.258s][info ][safepoint     ] Leaving safepoint region
[2023-10-19T09:43:52.007+0000][3792.259s][info ][safepoint     ] Total time for which application threads were stopped: 0.0011145 seconds, Stopping threads took: 0.0005192 seconds
[2023-10-19T09:43:53.008+0000][3793.259s][debug][safepoint     ] Safepoint synchronization initiated. (174 threads)
[2023-10-19T09:43:53.009+0000][3793.260s][info ][safepoint     ] Application time: 1.0007138 seconds
[2023-10-19T09:43:53.009+0000][3793.260s][info ][safepoint     ] Entering safepoint region: Cleanup
[2023-10-19T09:43:53.009+0000][3793.261s][info ][safepoint     ] Leaving safepoint region
[2023-10-19T09:43:53.010+0000][3793.261s][info ][safepoint     ] Total time for which application threads were stopped: 0.0009609 seconds, Stopping threads took: 0.0003542 seconds
[2023-10-19T09:43:54.010+0000][3794.262s][debug][safepoint     ] Safepoint synchronization initiated. (174 threads)
[2023-10-19T09:43:54.011+0000][3794.262s][info ][safepoint     ] Application time: 1.0005994 seconds
[2023-10-19T09:43:54.011+0000][3794.262s][info ][safepoint     ] Entering safepoint region: Cleanup
[2023-10-19T09:43:54.012+0000][3794.263s][info ][safepoint     ] Leaving safepoint region
[2023-10-19T09:43:54.012+0000][3794.263s][info ][safepoint     ] Total time for which application threads were stopped: 0.0010377 seconds, Stopping threads took: 0.0004148 seconds
[2023-10-19T09:43:55.013+0000][3795.264s][debug][safepoint     ] Safepoint synchronization initiated. (174 threads)
[2023-10-19T09:43:55.014+0000][3795.265s][info ][safepoint     ] Application time: 1.0009137 seconds
[2023-10-19T09:43:55.014+0000][3795.265s][info ][safepoint     ] Entering safepoint region: Cleanup
[2023-10-19T09:43:55.015+0000][3795.266s][info ][safepoint     ] Leaving safepoint region
[2023-10-19T09:43:55.015+0000][3795.267s][info ][safepoint     ] Total time for which application threads were stopped: 0.0013150 seconds, Stopping threads took: 0.0005126 seconds
[2023-10-19T09:43:56.016+0000][3796.267s][debug][safepoint     ] Safepoint synchronization initiated. (174 threads)
[2023-10-19T09:43:56.017+0000][3796.268s][info ][safepoint     ] Application time: 1.0009610 seconds
[2023-10-19T09:43:56.017+0000][3796.269s][info ][safepoint     ] Entering safepoint region: Cleanup
[2023-10-19T09:43:56.018+0000][3796.269s][info ][safepoint     ] Leaving safepoint region
[2023-10-19T09:43:56.019+0000][3796.270s][info ][safepoint     ] Total time for which application threads were stopped: 0.0013557 seconds, Stopping threads took: 0.0006334 seconds
[2023-10-19T09:43:57.020+0000][3797.271s][debug][safepoint     ] Safepoint synchronization initiated. (174 threads)
[2023-10-19T09:43:57.020+0000][3797.271s][info ][safepoint     ] Application time: 1.0008141 seconds
[2023-10-19T09:43:57.021+0000][3797.272s][info ][safepoint     ] Entering safepoint region: Cleanup
[2023-10-19T09:43:57.021+0000][3797.273s][info ][safepoint     ] Leaving safepoint region
[2023-10-19T09:43:57.022+0000][3797.273s][info ][safepoint     ] Total time for which application threads were stopped: 0.0011067 seconds, Stopping threads took: 0.0004840 seconds
[2023-10-19T09:43:58.022+0000][3798.274s][debug][safepoint     ] Safepoint synchronization initiated. (174 threads)
[2023-10-19T09:43:58.023+0000][3798.274s][info ][safepoint     ] Application time: 1.0010561 seconds
[2023-10-19T09:43:58.024+0000][3798.275s][info ][safepoint     ] Entering safepoint region: Cleanup
[2023-10-19T09:43:58.025+0000][3798.276s][info ][safepoint     ] Leaving safepoint region
[2023-10-19T09:43:58.025+0000][3798.276s][info ][safepoint     ] Total time for which application threads were stopped: 0.0014325 seconds, Stopping threads took: 0.0006077 seconds
[2023-10-19T09:43:59.026+0000][3799.277s][debug][safepoint     ] Safepoint synchronization initiated. (174 threads)
[2023-10-19T09:43:59.026+0000][3799.278s][info ][safepoint     ] Application time: 1.0007493 seconds
[2023-10-19T09:43:59.027+0000][3799.278s][info ][safepoint     ] Entering safepoint region: Cleanup
[2023-10-19T09:43:59.027+0000][3799.279s][info ][safepoint     ] Leaving safepoint region
[2023-10-19T09:43:59.028+0000][3799.279s][info ][safepoint     ] Total time for which application threads were stopped: 0.0011295 seconds, Stopping threads took: 0.0003920 seconds
[2023-10-19T09:44:00.029+0000][3800.280s][debug][safepoint     ] Safepoint synchronization initiated. (174 threads)
[2023-10-19T09:44:00.029+0000][3800.280s][info ][safepoint     ] Application time: 1.0006408 seconds
[2023-10-19T09:44:00.030+0000][3800.281s][info ][safepoint     ] Entering safepoint region: Cleanup
[2023-10-19T09:44:00.031+0000][3800.282s][info ][safepoint     ] Leaving safepoint region
[2023-10-19T09:44:00.031+0000][3800.283s][info ][safepoint     ] Total time for which application threads were stopped: 0.0014194 seconds, Stopping threads took: 0.0006686 seconds
[2023-10-19T09:44:01.032+0000][3801.283s][debug][safepoint     ] Safepoint synchronization initiated. (174 threads)
[2023-10-19T09:44:01.033+0000][3801.284s][info ][safepoint     ] Application time: 1.0009456 seconds
[2023-10-19T09:44:01.033+0000][3801.284s][info ][safepoint     ] Entering safepoint region: Cleanup
[2023-10-19T09:44:01.034+0000][3801.285s][info ][safepoint     ] Leaving safepoint region
[2023-10-19T09:44:01.034+0000][3801.286s][info ][safepoint     ] Total time for which application threads were stopped: 0.0013306 seconds, Stopping threads took: 0.0005918 seconds
[2023-10-19T09:44:02.035+0000][3802.286s][debug][safepoint     ] Safepoint synchronization initiated. (174 threads)
[2023-10-19T09:44:02.036+0000][3802.287s][info ][safepoint     ] Application time: 1.0005096 seconds
[2023-10-19T09:44:02.036+0000][3802.287s][info ][safepoint     ] Entering safepoint region: Cleanup
[2023-10-19T09:44:02.036+0000][3802.288s][info ][safepoint     ] Leaving safepoint region
[2023-10-19T09:44:02.037+0000][3802.288s][info ][safepoint     ] Total time for which application threads were stopped: 0.0008948 seconds, Stopping threads took: 0.0003669 seconds
[2023-10-19T09:44:03.038+0000][3803.289s][debug][safepoint     ] Safepoint synchronization initiated. (174 threads)
[2023-10-19T09:44:03.038+0000][3803.289s][info ][safepoint     ] Application time: 1.0009409 seconds
[2023-10-19T09:44:03.039+0000][3803.290s][info ][safepoint     ] Entering safepoint region: Cleanup
[2023-10-19T09:44:03.039+0000][3803.291s][info ][safepoint     ] Leaving safepoint region
[2023-10-19T09:44:03.040+0000][3803.291s][info ][safepoint     ] Total time for which application threads were stopped: 0.0013917 seconds, Stopping threads took: 0.0006535 seconds
[2023-10-19T09:44:04.041+0000][3804.292s][debug][safepoint     ] Safepoint synchronization initiated. (174 threads)
[2023-10-19T09:44:04.042+0000][3804.293s][info ][safepoint     ] Application time: 1.0011054 seconds
[2023-10-19T09:44:04.042+0000][3804.294s][info ][safepoint     ] Entering safepoint region: Cleanup
[2023-10-19T09:44:04.043+0000][3804.294s][info ][safepoint     ] Leaving safepoint region
[2023-10-19T09:44:04.044+0000][3804.295s][info ][safepoint     ] Total time for which application threads were stopped: 0.0013491 seconds, Stopping threads took: 0.0006590 seconds
[2023-10-19T09:44:05.044+0000][3805.296s][debug][safepoint     ] Safepoint synchronization initiated. (174 threads)
[2023-10-19T09:44:05.045+0000][3805.296s][info ][safepoint     ] Application time: 1.0011252 seconds
[2023-10-19T09:44:05.046+0000][3805.297s][info ][safepoint     ] Entering safepoint region: Cleanup
[2023-10-19T09:44:05.047+0000][3805.298s][info ][safepoint     ] Leaving safepoint region
[2023-10-19T09:44:05.047+0000][3805.299s][info ][safepoint     ] Total time for which application threads were stopped: 0.0014271 seconds, Stopping threads took: 0.0006024 seconds
[2023-10-19T09:44:06.048+0000][3806.299s][debug][safepoint     ] Safepoint synchronization initiated. (174 threads)
[2023-10-19T09:44:06.049+0000][3806.300s][info ][safepoint     ] Application time: 1.0008851 seconds
[2023-10-19T09:44:06.049+0000][3806.301s][info ][safepoint     ] Entering safepoint region: Cleanup
[2023-10-19T09:44:06.050+0000][3806.301s][info ][safepoint     ] Leaving safepoint region
[2023-10-19T09:44:06.050+0000][3806.302s][info ][safepoint     ] Total time for which application threads were stopped: 0.0011438 seconds, Stopping threads took: 0.0004417 seconds
[2023-10-19T09:44:07.051+0000][3807.302s][debug][safepoint     ] Safepoint synchronization initiated. (174 threads)
[2023-10-19T09:44:07.052+0000][3807.303s][info ][safepoint     ] Application time: 1.0008421 seconds
[2023-10-19T09:44:07.052+0000][3807.304s][info ][safepoint     ] Entering safepoint region: Cleanup
[2023-10-19T09:44:07.053+0000][3807.304s][info ][safepoint     ] Leaving safepoint region
[2023-10-19T09:44:07.054+0000][3807.305s][info ][safepoint     ] Total time for which application threads were stopped: 0.0012661 seconds, Stopping threads took: 0.0005512 seconds
[2023-10-19T09:44:08.054+0000][3808.306s][debug][safepoint     ] Safepoint synchronization initiated. (174 threads)
[2023-10-19T09:44:08.055+0000][3808.306s][info ][safepoint     ] Application time: 1.0010427 seconds
[2023-10-19T09:44:08.056+0000][3808.307s][info ][safepoint     ] Entering safepoint region: Cleanup
[2023-10-19T09:44:08.057+0000][3808.308s][info ][safepoint     ] Leaving safepoint region
[2023-10-19T09:44:08.057+0000][3808.308s][info ][safepoint     ] Total time for which application threads were stopped: 0.0012672 seconds, Stopping threads took: 0.0005404 seconds
[2023-10-19T09:44:09.058+0000][3809.309s][debug][safepoint     ] Safepoint synchronization initiated. (174 threads)
[2023-10-19T09:44:09.059+0000][3809.310s][info ][safepoint     ] Application time: 1.0010764 seconds
[2023-10-19T09:44:09.059+0000][3809.311s][info ][safepoint     ] Entering safepoint region: Cleanup
[2023-10-19T09:44:09.060+0000][3809.311s][info ][safepoint     ] Leaving safepoint region
[2023-10-19T09:44:09.061+0000][3809.312s][info ][safepoint     ] Total time for which application threads were stopped: 0.0012450 seconds, Stopping threads took: 0.0005722 seconds
[2023-10-19T09:44:10.061+0000][3810.312s][debug][safepoint     ] Safepoint synchronization initiated. (174 threads)
[2023-10-19T09:44:10.062+0000][3810.313s][info ][safepoint     ] Application time: 1.0009827 seconds
[2023-10-19T09:44:10.062+0000][3810.314s][info ][safepoint     ] Entering safepoint region: Cleanup
[2023-10-19T09:44:10.063+0000][3810.315s][info ][safepoint     ] Leaving safepoint region
[2023-10-19T09:44:10.064+0000][3810.315s][info ][safepoint     ] Total time for which application threads were stopped: 0.0013809 seconds, Stopping threads took: 0.0005908 seconds
[2023-10-19T09:44:11.065+0000][3811.316s][debug][safepoint     ] Safepoint synchronization initiated. (174 threads)
[2023-10-19T09:44:11.065+0000][3811.316s][info ][safepoint     ] Application time: 1.0007460 seconds
[2023-10-19T09:44:11.066+0000][3811.317s][info ][safepoint     ] Entering safepoint region: Cleanup
[2023-10-19T09:44:11.066+0000][3811.318s][info ][safepoint     ] Leaving safepoint region
[2023-10-19T09:44:11.067+0000][3811.318s][info ][safepoint     ] Total time for which application threads were stopped: 0.0012577 seconds, Stopping threads took: 0.0005928 seconds
[2023-10-19T09:44:12.067+0000][3812.319s][debug][safepoint     ] Safepoint synchronization initiated. (174 threads)
[2023-10-19T09:44:12.068+0000][3812.319s][info ][safepoint     ] Application time: 1.0006354 seconds
[2023-10-19T09:44:12.068+0000][3812.319s][info ][safepoint     ] Entering safepoint region: Cleanup
[2023-10-19T09:44:12.069+0000][3812.320s][info ][safepoint     ] Leaving safepoint region
[2023-10-19T09:44:12.069+0000][3812.320s][info ][safepoint     ] Total time for which application threads were stopped: 0.0008122 seconds, Stopping threads took: 0.0003250 seconds
[2023-10-19T09:44:13.070+0000][3813.321s][debug][safepoint     ] Safepoint synchronization initiated. (174 threads)
[2023-10-19T09:44:13.071+0000][3813.322s][info ][safepoint     ] Application time: 1.0014007 seconds
[2023-10-19T09:44:13.071+0000][3813.323s][info ][safepoint     ] Entering safepoint region: Cleanup
[2023-10-19T09:44:13.072+0000][3813.323s][info ][safepoint     ] Leaving safepoint region
[2023-10-19T09:44:13.073+0000][3813.324s][info ][safepoint     ] Total time for which application threads were stopped: 0.0013835 seconds, Stopping threads took: 0.0006047 seconds
[2023-10-19T09:44:14.073+0000][3814.325s][debug][safepoint     ] Safepoint synchronization initiated. (174 threads)
[2023-10-19T09:44:14.074+0000][3814.325s][info ][safepoint     ] Application time: 1.0006971 seconds
[2023-10-19T09:44:14.074+0000][3814.326s][info ][safepoint     ] Entering safepoint region: Cleanup
[2023-10-19T09:44:14.075+0000][3814.326s][info ][safepoint     ] Leaving safepoint region
[2023-10-19T09:44:14.075+0000][3814.327s][info ][safepoint     ] Total time for which application threads were stopped: 0.0010684 seconds, Stopping threads took: 0.0005024 seconds
[2023-10-19T09:44:15.076+0000][3815.327s][debug][safepoint     ] Safepoint synchronization initiated. (174 threads)
[2023-10-19T09:44:15.076+0000][3815.328s][info ][safepoint     ] Application time: 1.0005645 seconds
[2023-10-19T09:44:15.077+0000][3815.328s][info ][safepoint     ] Entering safepoint region: Cleanup
[2023-10-19T09:44:15.077+0000][3815.329s][info ][safepoint     ] Leaving safepoint region
[2023-10-19T09:44:15.078+0000][3815.329s][info ][safepoint     ] Total time for which application threads were stopped: 0.0010573 seconds, Stopping threads took: 0.0005121 seconds
[2023-10-19T09:44:16.079+0000][3816.330s][debug][safepoint     ] Safepoint synchronization initiated. (174 threads)
[2023-10-19T09:44:16.079+0000][3816.331s][info ][safepoint     ] Application time: 1.0007769 seconds
[2023-10-19T09:44:16.080+0000][3816.331s][info ][safepoint     ] Entering safepoint region: Cleanup
[2023-10-19T09:44:16.080+0000][3816.332s][info ][safepoint     ] Leaving safepoint region
[2023-10-19T09:44:16.081+0000][3816.332s][info ][safepoint     ] Total time for which application threads were stopped: 0.0011230 seconds, Stopping threads took: 0.0004176 seconds
[2023-10-19T09:44:17.081+0000][3817.333s][debug][safepoint     ] Safepoint synchronization initiated. (173 threads)
[2023-10-19T09:44:17.082+0000][3817.333s][info ][safepoint     ] Application time: 1.0006167 seconds
[2023-10-19T09:44:17.082+0000][3817.334s][info ][safepoint     ] Entering safepoint region: Cleanup
[2023-10-19T09:44:17.083+0000][3817.334s][info ][safepoint     ] Leaving safepoint region
[2023-10-19T09:44:17.083+0000][3817.335s][info ][safepoint     ] Total time for which application threads were stopped: 0.0009819 seconds, Stopping threads took: 0.0003786 seconds
[2023-10-19T09:44:18.084+0000][3818.335s][debug][safepoint     ] Safepoint synchronization initiated. (173 threads)
[2023-10-19T09:44:18.085+0000][3818.336s][info ][safepoint     ] Application time: 1.0013301 seconds
[2023-10-19T09:44:18.086+0000][3818.337s][info ][safepoint     ] Entering safepoint region: Cleanup
[2023-10-19T09:44:18.087+0000][3818.338s][info ][safepoint     ] Leaving safepoint region
[2023-10-19T09:44:18.087+0000][3818.338s][info ][safepoint     ] Total time for which application threads were stopped: 0.0014478 seconds, Stopping threads took: 0.0006408 seconds
[2023-10-19T09:44:19.088+0000][3819.339s][debug][safepoint     ] Safepoint synchronization initiated. (173 threads)
[2023-10-19T09:44:19.088+0000][3819.340s][info ][safepoint     ] Application time: 1.0008107 seconds
[2023-10-19T09:44:19.089+0000][3819.340s][info ][safepoint     ] Entering safepoint region: Cleanup
[2023-10-19T09:44:19.090+0000][3819.341s][info ][safepoint     ] Leaving safepoint region
[2023-10-19T09:44:19.090+0000][3819.341s][info ][safepoint     ] Total time for which application threads were stopped: 0.0011560 seconds, Stopping threads took: 0.0004919 seconds
[2023-10-19T09:44:20.091+0000][3820.342s][debug][safepoint     ] Safepoint synchronization initiated. (173 threads)
[2023-10-19T09:44:20.091+0000][3820.343s][info ][safepoint     ] Application time: 1.0007136 seconds
[2023-10-19T09:44:20.092+0000][3820.343s][info ][safepoint     ] Entering safepoint region: Cleanup
[2023-10-19T09:44:20.092+0000][3820.344s][info ][safepoint     ] Leaving safepoint region
[2023-10-19T09:44:20.093+0000][3820.344s][info ][safepoint     ] Total time for which application threads were stopped: 0.0008089 seconds, Stopping threads took: 0.0002978 seconds
[2023-10-19T09:44:21.093+0000][3821.345s][debug][safepoint     ] Safepoint synchronization initiated. (173 threads)
[2023-10-19T09:44:21.094+0000][3821.345s][info ][safepoint     ] Application time: 1.0011802 seconds
[2023-10-19T09:44:21.095+0000][3821.346s][info ][safepoint     ] Entering safepoint region: Cleanup
[2023-10-19T09:44:21.096+0000][3821.347s][info ][safepoint     ] Leaving safepoint region
[2023-10-19T09:44:21.096+0000][3821.348s][info ][safepoint     ] Total time for which application threads were stopped: 0.0015634 seconds, Stopping threads took: 0.0006816 seconds
[2023-10-19T09:44:22.097+0000][3822.348s][debug][safepoint     ] Safepoint synchronization initiated. (173 threads)
[2023-10-19T09:44:22.098+0000][3822.349s][info ][safepoint     ] Application time: 1.0007577 seconds
[2023-10-19T09:44:22.098+0000][3822.349s][info ][safepoint     ] Entering safepoint region: Cleanup
[2023-10-19T09:44:22.098+0000][3822.350s][info ][safepoint     ] Leaving safepoint region
[2023-10-19T09:44:22.099+0000][3822.350s][info ][safepoint     ] Total time for which application threads were stopped: 0.0009930 seconds, Stopping threads took: 0.0004150 seconds
[2023-10-19T09:44:22.098+0000][3822.350s][debug][safepoint     ] ... found polling page return exception at pc = 0x00007f0de87cbbc4, stub =0x00007f0de0840600
[2023-10-19T09:44:22.098+0000][3822.350s][debug][safepoint     ] ... found polling page return exception at pc = 0x00007f0de87cbbc4, stub =0x00007f0de0840600
[2023-10-19T09:44:23.100+0000][3823.351s][debug][safepoint     ] Safepoint synchronization initiated. (173 threads)
[2023-10-19T09:44:23.100+0000][3823.351s][info ][safepoint     ] Application time: 1.0007016 seconds
[2023-10-19T09:44:23.101+0000][3823.352s][info ][safepoint     ] Entering safepoint region: Cleanup
[2023-10-19T09:44:23.101+0000][3823.353s][info ][safepoint     ] Leaving safepoint region
[2023-10-19T09:44:23.102+0000][3823.353s][info ][safepoint     ] Total time for which application threads were stopped: 0.0012260 seconds, Stopping threads took: 0.0005837 seconds
[2023-10-19T09:44:24.102+0000][3824.354s][debug][safepoint     ] Safepoint synchronization initiated. (173 threads)
[2023-10-19T09:44:24.103+0000][3824.354s][info ][safepoint     ] Application time: 1.0008070 seconds
[2023-10-19T09:44:24.104+0000][3824.355s][info ][safepoint     ] Entering safepoint region: Cleanup
[2023-10-19T09:44:24.104+0000][3824.356s][info ][safepoint     ] Leaving safepoint region
[2023-10-19T09:44:24.105+0000][3824.356s][info ][safepoint     ] Total time for which application threads were stopped: 0.0012841 seconds, Stopping threads took: 0.0005930 seconds
[2023-10-19T09:44:25.105+0000][3825.357s][debug][safepoint     ] Safepoint synchronization initiated. (173 threads)
[2023-10-19T09:44:25.106+0000][3825.358s][info ][safepoint     ] Application time: 1.0011596 seconds
[2023-10-19T09:44:25.107+0000][3825.358s][info ][safepoint     ] Entering safepoint region: Cleanup
[2023-10-19T09:44:25.108+0000][3825.359s][info ][safepoint     ] Leaving safepoint region
[2023-10-19T09:44:25.109+0000][3825.360s][info ][safepoint     ] Total time for which application threads were stopped: 0.0017689 seconds, Stopping threads took: 0.0007812 seconds
[2023-10-19T09:44:26.110+0000][3826.361s][debug][safepoint     ] Safepoint synchronization initiated. (173 threads)
[2023-10-19T09:44:26.110+0000][3826.361s][info ][safepoint     ] Application time: 1.0005948 seconds
[2023-10-19T09:44:26.110+0000][3826.361s][info ][safepoint     ] Entering safepoint region: Cleanup
[2023-10-19T09:44:26.111+0000][3826.362s][info ][safepoint     ] Leaving safepoint region
[2023-10-19T09:44:26.111+0000][3826.362s][info ][safepoint     ] Total time for which application threads were stopped: 0.0008721 seconds, Stopping threads took: 0.0003198 seconds
[2023-10-19T09:44:27.112+0000][3827.363s][debug][safepoint     ] Safepoint synchronization initiated. (173 threads)
[2023-10-19T09:44:27.112+0000][3827.363s][info ][safepoint     ] Application time: 1.0006293 seconds
[2023-10-19T09:44:27.113+0000][3827.364s][info ][safepoint     ] Entering safepoint region: Cleanup
[2023-10-19T09:44:27.113+0000][3827.364s][info ][safepoint     ] Leaving safepoint region
[2023-10-19T09:44:27.114+0000][3827.365s][info ][safepoint     ] Total time for which application threads were stopped: 0.0012460 seconds, Stopping threads took: 0.0005037 seconds
[2023-10-19T09:44:28.114+0000][3828.365s][debug][safepoint     ] Safepoint synchronization initiated. (173 threads)
[2023-10-19T09:44:28.115+0000][3828.366s][info ][safepoint     ] Application time: 1.0006406 seconds
[2023-10-19T09:44:28.115+0000][3828.366s][info ][safepoint     ] Entering safepoint region: Cleanup
[2023-10-19T09:44:28.116+0000][3828.367s][info ][safepoint     ] Leaving safepoint region
[2023-10-19T09:44:28.116+0000][3828.367s][info ][safepoint     ] Total time for which application threads were stopped: 0.0009470 seconds, Stopping threads took: 0.0003805 seconds
[2023-10-19T09:44:29.117+0000][3829.368s][debug][safepoint     ] Safepoint synchronization initiated. (173 threads)
[2023-10-19T09:44:29.118+0000][3829.369s][info ][safepoint     ] Application time: 1.0011058 seconds
[2023-10-19T09:44:29.119+0000][3829.370s][info ][safepoint     ] Entering safepoint region: Cleanup
[2023-10-19T09:44:29.119+0000][3829.371s][info ][safepoint     ] Leaving safepoint region
[2023-10-19T09:44:29.120+0000][3829.371s][info ][safepoint     ] Total time for which application threads were stopped: 0.0016177 seconds, Stopping threads took: 0.0006716 seconds
[2023-10-19T09:44:30.121+0000][3830.372s][debug][safepoint     ] Safepoint synchronization initiated. (173 threads)
[2023-10-19T09:44:30.121+0000][3830.372s][info ][safepoint     ] Application time: 1.0005346 seconds
[2023-10-19T09:44:30.122+0000][3830.373s][info ][safepoint     ] Entering safepoint region: Cleanup
[2023-10-19T09:44:30.122+0000][3830.373s][info ][safepoint     ] Leaving safepoint region
[2023-10-19T09:44:30.122+0000][3830.374s][info ][safepoint     ] Total time for which application threads were stopped: 0.0008321 seconds, Stopping threads took: 0.0003419 seconds
[2023-10-19T09:44:30.516+0000][3830.768s][debug][safepoint     ] Safepoint synchronization initiated. (173 threads)
[2023-10-19T09:44:30.517+0000][3830.768s][info ][safepoint     ] Application time: 0.3943330 seconds
[2023-10-19T09:44:30.518+0000][3830.769s][info ][safepoint     ] Entering safepoint region: G1CollectForAllocation
[2023-10-19T09:44:30.518+0000][3830.770s][info ][gc,start      ] GC(97) Pause Young (Concurrent Start) (G1 Evacuation Pause)
[2023-10-19T09:44:30.519+0000][3830.770s][info ][gc,task       ] GC(97) Using 8 workers of 8 for evacuation
[2023-10-19T09:44:30.525+0000][3830.776s][info ][gc,phases     ] GC(97)   Pre Evacuate Collection Set: 0.9ms
[2023-10-19T09:44:30.526+0000][3830.777s][info ][gc,phases     ] GC(97)   Evacuate Collection Set: 2.0ms
[2023-10-19T09:44:30.526+0000][3830.777s][info ][gc,phases     ] GC(97)   Post Evacuate Collection Set: 2.6ms
[2023-10-19T09:44:30.527+0000][3830.778s][info ][gc,phases     ] GC(97)   Other: 1.2ms
[2023-10-19T09:44:30.527+0000][3830.779s][info ][gc,heap       ] GC(97) Eden regions: 140->0(141)
[2023-10-19T09:44:30.528+0000][3830.779s][info ][gc,heap       ] GC(97) Survivor regions: 2->2(18)
[2023-10-19T09:44:30.529+0000][3830.780s][info ][gc,heap       ] GC(97) Old regions: 132->132
[2023-10-19T09:44:30.529+0000][3830.780s][info ][gc,heap       ] GC(97) Humongous regions: 25->25
[2023-10-19T09:44:30.530+0000][3830.781s][info ][gc,metaspace  ] GC(97) Metaspace: 160744K(167632K)->160744K(167632K) NonClass: 142161K(146640K)->142161K(146640K) Class: 18583K(20992K)->18583K(20992K)
[2023-10-19T09:44:30.530+0000][3830.781s][info ][gc            ] GC(97) Pause Young (Concurrent Start) (G1 Evacuation Pause) 296M->156M(350M) 11.767ms
[2023-10-19T09:44:30.531+0000][3830.782s][info ][gc,cpu        ] GC(97) User=0.02s Sys=0.00s Real=0.01s
[2023-10-19T09:44:30.531+0000][3830.782s][info ][safepoint     ] Leaving safepoint region
[2023-10-19T09:44:30.532+0000][3830.783s][info ][safepoint     ] Total time for which application threads were stopped: 0.0145710 seconds, Stopping threads took: 0.0006183 seconds
[2023-10-19T09:44:30.531+0000][3830.782s][info ][gc            ] GC(98) Concurrent Cycle
[2023-10-19T09:44:30.534+0000][3830.785s][info ][gc,marking    ] GC(98) Concurrent Clear Claimed Marks
[2023-10-19T09:44:30.533+0000][3830.784s][info ][gc,stringdedup] Concurrent String Deduplication (3830.784s)
[2023-10-19T09:44:30.535+0000][3830.786s][info ][gc,stringdedup] Concurrent String Deduplication 40.0B->40.0B(0.0B) avg 54.5% (3830.784s, 3830.786s) 1.383ms
[2023-10-19T09:44:30.535+0000][3830.786s][info ][gc,marking    ] GC(98) Concurrent Clear Claimed Marks 0.989ms
[2023-10-19T09:44:30.536+0000][3830.787s][info ][gc,marking    ] GC(98) Concurrent Scan Root Regions
[2023-10-19T09:44:30.539+0000][3830.790s][info ][gc,marking    ] GC(98) Concurrent Scan Root Regions 2.996ms
[2023-10-19T09:44:30.539+0000][3830.790s][info ][gc,marking    ] GC(98) Concurrent Mark (3830.790s)
[2023-10-19T09:44:30.540+0000][3830.791s][info ][gc,marking    ] GC(98) Concurrent Mark From Roots
[2023-10-19T09:44:30.540+0000][3830.791s][info ][gc,task       ] GC(98) Using 2 workers of 2 for marking
[2023-10-19T09:44:30.672+0000][3830.923s][info ][gc,marking    ] GC(98) Concurrent Mark From Roots 132.292ms
[2023-10-19T09:44:30.673+0000][3830.924s][info ][gc,marking    ] GC(98) Concurrent Preclean
[2023-10-19T09:44:30.673+0000][3830.925s][info ][gc,marking    ] GC(98) Concurrent Preclean 0.654ms
[2023-10-19T09:44:30.674+0000][3830.925s][info ][gc,marking    ] GC(98) Concurrent Mark (3830.790s, 3830.925s) 134.470ms
[2023-10-19T09:44:30.674+0000][3830.925s][debug][safepoint     ] Safepoint synchronization initiated. (173 threads)
[2023-10-19T09:44:30.675+0000][3830.926s][info ][safepoint     ] Application time: 0.1414352 seconds
[2023-10-19T09:44:30.675+0000][3830.926s][info ][safepoint     ] Entering safepoint region: CGC_Operation
[2023-10-19T09:44:30.675+0000][3830.927s][info ][gc,start      ] GC(98) Pause Remark
[2023-10-19T09:44:30.701+0000][3830.953s][info ][gc,stringtable] GC(98) Cleaned string and symbol table, strings: 69269 processed, 1 removed, symbols: 401715 processed, 0 removed
[2023-10-19T09:44:30.702+0000][3830.953s][info ][gc            ] GC(98) Pause Remark 159M->159M(350M) 26.689ms
[2023-10-19T09:44:30.703+0000][3830.954s][info ][gc,cpu        ] GC(98) User=0.19s Sys=0.00s Real=0.03s
[2023-10-19T09:44:30.703+0000][3830.954s][info ][safepoint     ] Leaving safepoint region
[2023-10-19T09:44:30.703+0000][3830.954s][info ][safepoint     ] Total time for which application threads were stopped: 0.0283522 seconds, Stopping threads took: 0.0003973 seconds
[2023-10-19T09:44:30.704+0000][3830.955s][info ][gc,marking    ] GC(98) Concurrent Rebuild Remembered Sets
[2023-10-19T09:44:30.777+0000][3831.028s][info ][gc,marking    ] GC(98) Concurrent Rebuild Remembered Sets 73.440ms
[2023-10-19T09:44:30.778+0000][3831.029s][debug][safepoint     ] Safepoint synchronization initiated. (173 threads)
[2023-10-19T09:44:30.778+0000][3831.029s][info ][safepoint     ] Application time: 0.0744495 seconds
[2023-10-19T09:44:30.778+0000][3831.030s][info ][safepoint     ] Entering safepoint region: CGC_Operation
[2023-10-19T09:44:30.779+0000][3831.030s][info ][gc,start      ] GC(98) Pause Cleanup
[2023-10-19T09:44:30.779+0000][3831.031s][info ][gc            ] GC(98) Pause Cleanup 159M->159M(350M) 0.597ms
[2023-10-19T09:44:30.780+0000][3831.031s][info ][gc,cpu        ] GC(98) User=0.00s Sys=0.00s Real=0.00s
[2023-10-19T09:44:30.780+0000][3831.031s][info ][safepoint     ] Leaving safepoint region
[2023-10-19T09:44:30.780+0000][3831.032s][info ][safepoint     ] Total time for which application threads were stopped: 0.0020048 seconds, Stopping threads took: 0.0003114 seconds
[2023-10-19T09:44:30.780+0000][3831.031s][debug][safepoint     ] ... found polling page return exception at pc = 0x00007f0de87cbbc4, stub =0x00007f0de0840600
[2023-10-19T09:44:30.781+0000][3831.032s][info ][gc,marking    ] GC(98) Concurrent Cleanup for Next Mark
[2023-10-19T09:44:30.783+0000][3831.034s][info ][gc,marking    ] GC(98) Concurrent Cleanup for Next Mark 2.092ms
[2023-10-19T09:44:30.784+0000][3831.035s][info ][gc            ] GC(98) Concurrent Cycle 252.534ms
[2023-10-19T09:44:31.781+0000][3832.032s][debug][safepoint     ] Safepoint synchronization initiated. (173 threads)
[2023-10-19T09:44:31.782+0000][3832.033s][info ][safepoint     ] Application time: 1.0009762 seconds
[2023-10-19T09:44:31.782+0000][3832.034s][info ][safepoint     ] Entering safepoint region: Cleanup
[2023-10-19T09:44:31.783+0000][3832.034s][info ][safepoint     ] Leaving safepoint region
[2023-10-19T09:44:31.784+0000][3832.035s][info ][safepoint     ] Total time for which application threads were stopped: 0.0012651 seconds, Stopping threads took: 0.0005980 seconds
[2023-10-19T09:44:32.785+0000][3833.036s][debug][safepoint     ] Safepoint synchronization initiated. (173 threads)
[2023-10-19T09:44:32.786+0000][3833.037s][info ][safepoint     ] Application time: 1.0017003 seconds
[2023-10-19T09:44:32.787+0000][3833.038s][info ][safepoint     ] Entering safepoint region: Cleanup
[2023-10-19T09:44:32.788+0000][3833.039s][info ][safepoint     ] Leaving safepoint region
[2023-10-19T09:44:32.789+0000][3833.040s][info ][safepoint     ] Total time for which application threads were stopped: 0.0021981 seconds, Stopping threads took: 0.0010076 seconds
[2023-10-19T09:44:33.790+0000][3834.041s][debug][safepoint     ] Safepoint synchronization initiated. (173 threads)
[2023-10-19T09:44:33.791+0000][3834.042s][info ][safepoint     ] Application time: 1.0010128 seconds
[2023-10-19T09:44:33.792+0000][3834.043s][info ][safepoint     ] Entering safepoint region: Cleanup
[2023-10-19T09:44:33.792+0000][3834.043s][info ][safepoint     ] Leaving safepoint region
[2023-10-19T09:44:33.793+0000][3834.044s][info ][safepoint     ] Total time for which application threads were stopped: 0.0011885 seconds, Stopping threads took: 0.0005328 seconds
[2023-10-19T09:44:34.793+0000][3835.044s][debug][safepoint     ] Safepoint synchronization initiated. (173 threads)
[2023-10-19T09:44:34.794+0000][3835.046s][info ][safepoint     ] Application time: 1.0014187 seconds
[2023-10-19T09:44:34.795+0000][3835.046s][info ][safepoint     ] Entering safepoint region: Cleanup
[2023-10-19T09:44:34.796+0000][3835.047s][info ][safepoint     ] Leaving safepoint region
[2023-10-19T09:44:34.797+0000][3835.048s][info ][safepoint     ] Total time for which application threads were stopped: 0.0016689 seconds, Stopping threads took: 0.0006579 seconds
[2023-10-19T09:44:35.798+0000][3836.049s][debug][safepoint     ] Safepoint synchronization initiated. (173 threads)
[2023-10-19T09:44:35.799+0000][3836.050s][info ][safepoint     ] Application time: 1.0008121 seconds
[2023-10-19T09:44:35.800+0000][3836.051s][info ][safepoint     ] Entering safepoint region: Cleanup
[2023-10-19T09:44:35.800+0000][3836.051s][info ][safepoint     ] Leaving safepoint region
[2023-10-19T09:44:35.801+0000][3836.052s][info ][safepoint     ] Total time for which application threads were stopped: 0.0010722 seconds, Stopping threads took: 0.0004516 seconds
[2023-10-19T09:44:36.801+0000][3837.052s][debug][safepoint     ] Safepoint synchronization initiated. (173 threads)
[2023-10-19T09:44:36.802+0000][3837.053s][info ][safepoint     ] Application time: 1.0015234 seconds
[2023-10-19T09:44:36.803+0000][3837.054s][info ][safepoint     ] Entering safepoint region: Cleanup
[2023-10-19T09:44:36.805+0000][3837.056s][info ][safepoint     ] Leaving safepoint region
[2023-10-19T09:44:36.806+0000][3837.057s][info ][safepoint     ] Total time for which application threads were stopped: 0.0024101 seconds, Stopping threads took: 0.0010993 seconds
[2023-10-19T09:44:37.807+0000][3838.058s][debug][safepoint     ] Safepoint synchronization initiated. (173 threads)
[2023-10-19T09:44:37.807+0000][3838.058s][info ][safepoint     ] Application time: 1.0008080 seconds
[2023-10-19T09:44:37.808+0000][3838.059s][info ][safepoint     ] Entering safepoint region: Cleanup
[2023-10-19T09:44:37.808+0000][3838.060s][info ][safepoint     ] Leaving safepoint region
[2023-10-19T09:44:37.809+0000][3838.060s][info ][safepoint     ] Total time for which application threads were stopped: 0.0011860 seconds, Stopping threads took: 0.0004078 seconds
[2023-10-19T09:44:38.810+0000][3839.061s][debug][safepoint     ] Safepoint synchronization initiated. (173 threads)
[2023-10-19T09:44:38.811+0000][3839.062s][info ][safepoint     ] Application time: 1.0012210 seconds
[2023-10-19T09:44:38.812+0000][3839.063s][info ][safepoint     ] Entering safepoint region: Cleanup
[2023-10-19T09:44:38.813+0000][3839.064s][info ][safepoint     ] Leaving safepoint region
[2023-10-19T09:44:38.813+0000][3839.065s][info ][safepoint     ] Total time for which application threads were stopped: 0.0018936 seconds, Stopping threads took: 0.0008846 seconds
[2023-10-19T09:44:39.815+0000][3840.066s][debug][safepoint     ] Safepoint synchronization initiated. (173 threads)
[2023-10-19T09:44:39.816+0000][3840.067s][info ][safepoint     ] Application time: 1.0015215 seconds
[2023-10-19T09:44:39.817+0000][3840.068s][info ][safepoint     ] Entering safepoint region: Cleanup
[2023-10-19T09:44:39.818+0000][3840.069s][info ][safepoint     ] Leaving safepoint region
[2023-10-19T09:44:39.819+0000][3840.070s][info ][safepoint     ] Total time for which application threads were stopped: 0.0022547 seconds, Stopping threads took: 0.0010940 seconds
[2023-10-19T09:44:40.820+0000][3841.071s][debug][safepoint     ] Safepoint synchronization initiated. (173 threads)
[2023-10-19T09:44:40.821+0000][3841.072s][info ][safepoint     ] Application time: 1.0009356 seconds
[2023-10-19T09:44:40.822+0000][3841.073s][info ][safepoint     ] Entering safepoint region: Cleanup
[2023-10-19T09:44:40.822+0000][3841.073s][info ][safepoint     ] Leaving safepoint region
[2023-10-19T09:44:40.823+0000][3841.074s][info ][safepoint     ] Total time for which application threads were stopped: 0.0013117 seconds, Stopping threads took: 0.0005668 seconds
[2023-10-19T09:44:41.824+0000][3842.075s][debug][safepoint     ] Safepoint synchronization initiated. (173 threads)
[2023-10-19T09:44:41.824+0000][3842.075s][info ][safepoint     ] Application time: 1.0007971 seconds
[2023-10-19T09:44:41.825+0000][3842.076s][info ][safepoint     ] Entering safepoint region: Cleanup
[2023-10-19T09:44:41.825+0000][3842.076s][info ][safepoint     ] Leaving safepoint region
[2023-10-19T09:44:41.826+0000][3842.077s][info ][safepoint     ] Total time for which application threads were stopped: 0.0011584 seconds, Stopping threads took: 0.0005057 seconds
[2023-10-19T09:44:42.827+0000][3843.078s][debug][safepoint     ] Safepoint synchronization initiated. (173 threads)
[2023-10-19T09:44:42.829+0000][3843.080s][info ][safepoint     ] Application time: 1.0022078 seconds
[2023-10-19T09:44:42.829+0000][3843.080s][info ][safepoint     ] Entering safepoint region: Cleanup
[2023-10-19T09:44:42.830+0000][3843.081s][info ][safepoint     ] Leaving safepoint region
[2023-10-19T09:44:42.830+0000][3843.081s][info ][safepoint     ] Total time for which application threads were stopped: 0.0011117 seconds, Stopping threads took: 0.0005074 seconds
[2023-10-19T09:44:43.831+0000][3844.082s][debug][safepoint     ] Safepoint synchronization initiated. (173 threads)
[2023-10-19T09:44:43.832+0000][3844.083s][info ][safepoint     ] Application time: 1.0011072 seconds
[2023-10-19T09:44:43.833+0000][3844.084s][info ][safepoint     ] Entering safepoint region: Cleanup
[2023-10-19T09:44:43.834+0000][3844.085s][info ][safepoint     ] Leaving safepoint region
[2023-10-19T09:44:43.835+0000][3844.086s][info ][safepoint     ] Total time for which application threads were stopped: 0.0019641 seconds, Stopping threads took: 0.0008746 seconds
[2023-10-19T09:44:44.835+0000][3845.087s][debug][safepoint     ] Safepoint synchronization initiated. (173 threads)
[2023-10-19T09:44:44.836+0000][3845.087s][info ][safepoint     ] Application time: 1.0006057 seconds
[2023-10-19T09:44:44.837+0000][3845.088s][info ][safepoint     ] Entering safepoint region: Cleanup
[2023-10-19T09:44:44.837+0000][3845.088s][info ][safepoint     ] Leaving safepoint region
[2023-10-19T09:44:44.838+0000][3845.089s][info ][safepoint     ] Total time for which application threads were stopped: 0.0011520 seconds, Stopping threads took: 0.0005415 seconds
[2023-10-19T09:44:45.838+0000][3846.089s][debug][safepoint     ] Safepoint synchronization initiated. (173 threads)
[2023-10-19T09:44:45.839+0000][3846.090s][info ][safepoint     ] Application time: 1.0006600 seconds
[2023-10-19T09:44:45.839+0000][3846.091s][info ][safepoint     ] Entering safepoint region: Cleanup
[2023-10-19T09:44:45.840+0000][3846.091s][info ][safepoint     ] Leaving safepoint region
[2023-10-19T09:44:45.841+0000][3846.092s][info ][safepoint     ] Total time for which application threads were stopped: 0.0011059 seconds, Stopping threads took: 0.0004804 seconds
[2023-10-19T09:44:46.841+0000][3847.092s][debug][safepoint     ] Safepoint synchronization initiated. (173 threads)
[2023-10-19T09:44:46.842+0000][3847.093s][info ][safepoint     ] Application time: 1.0007337 seconds
[2023-10-19T09:44:46.842+0000][3847.093s][info ][safepoint     ] Entering safepoint region: Cleanup
[2023-10-19T09:44:46.843+0000][3847.094s][info ][safepoint     ] Leaving safepoint region
[2023-10-19T09:44:46.843+0000][3847.094s][info ][safepoint     ] Total time for which application threads were stopped: 0.0010314 seconds, Stopping threads took: 0.0005605 seconds
[2023-10-19T09:44:47.844+0000][3848.095s][debug][safepoint     ] Safepoint synchronization initiated. (173 threads)
[2023-10-19T09:44:47.844+0000][3848.095s][info ][safepoint     ] Application time: 1.0005818 seconds
[2023-10-19T09:44:47.845+0000][3848.096s][info ][safepoint     ] Entering safepoint region: Cleanup
[2023-10-19T09:44:47.845+0000][3848.096s][info ][safepoint     ] Leaving safepoint region
[2023-10-19T09:44:47.846+0000][3848.097s][info ][safepoint     ] Total time for which application threads were stopped: 0.0009675 seconds, Stopping threads took: 0.0003897 seconds
[2023-10-19T09:44:48.846+0000][3849.097s][debug][safepoint     ] Safepoint synchronization initiated. (173 threads)
[2023-10-19T09:44:48.846+0000][3849.097s][info ][safepoint     ] Application time: 1.0005714 seconds
[2023-10-19T09:44:48.847+0000][3849.098s][info ][safepoint     ] Entering safepoint region: Cleanup
[2023-10-19T09:44:48.847+0000][3849.098s][info ][safepoint     ] Leaving safepoint region
[2023-10-19T09:44:48.848+0000][3849.099s][info ][safepoint     ] Total time for which application threads were stopped: 0.0008846 seconds, Stopping threads took: 0.0003372 seconds
[2023-10-19T09:44:49.848+0000][3850.099s][debug][safepoint     ] Safepoint synchronization initiated. (173 threads)
[2023-10-19T09:44:49.850+0000][3850.101s][info ][safepoint     ] Application time: 1.0014647 seconds
[2023-10-19T09:44:49.851+0000][3850.102s][info ][safepoint     ] Entering safepoint region: Cleanup
[2023-10-19T09:44:49.852+0000][3850.103s][info ][safepoint     ] Leaving safepoint region
[2023-10-19T09:44:49.853+0000][3850.104s][info ][safepoint     ] Total time for which application threads were stopped: 0.0022632 seconds, Stopping threads took: 0.0010220 seconds
[2023-10-19T09:44:50.854+0000][3851.105s][debug][safepoint     ] Safepoint synchronization initiated. (173 threads)
[2023-10-19T09:44:50.854+0000][3851.105s][info ][safepoint     ] Application time: 1.0006698 seconds
[2023-10-19T09:44:50.855+0000][3851.106s][info ][safepoint     ] Entering safepoint region: Cleanup
[2023-10-19T09:44:50.855+0000][3851.106s][info ][safepoint     ] Leaving safepoint region
[2023-10-19T09:44:50.856+0000][3851.107s][info ][safepoint     ] Total time for which application threads were stopped: 0.0008472 seconds, Stopping threads took: 0.0003807 seconds
[2023-10-19T09:44:51.856+0000][3852.107s][debug][safepoint     ] Safepoint synchronization initiated. (173 threads)
[2023-10-19T09:44:51.857+0000][3852.108s][info ][safepoint     ] Application time: 1.0011382 seconds
[2023-10-19T09:44:51.858+0000][3852.109s][info ][safepoint     ] Entering safepoint region: Cleanup
[2023-10-19T09:44:51.859+0000][3852.110s][info ][safepoint     ] Leaving safepoint region
[2023-10-19T09:44:51.860+0000][3852.111s][info ][safepoint     ] Total time for which application threads were stopped: 0.0017684 seconds, Stopping threads took: 0.0008429 seconds
[2023-10-19T09:44:52.861+0000][3853.112s][debug][safepoint     ] Safepoint synchronization initiated. (173 threads)
[2023-10-19T09:44:52.861+0000][3853.112s][info ][safepoint     ] Application time: 1.0007468 seconds
[2023-10-19T09:44:52.862+0000][3853.113s][info ][safepoint     ] Entering safepoint region: Cleanup
[2023-10-19T09:44:52.862+0000][3853.113s][info ][safepoint     ] Leaving safepoint region
[2023-10-19T09:44:52.863+0000][3853.114s][info ][safepoint     ] Total time for which application threads were stopped: 0.0013567 seconds, Stopping threads took: 0.0005907 seconds
[2023-10-19T09:44:53.864+0000][3854.115s][debug][safepoint     ] Safepoint synchronization initiated. (173 threads)
[2023-10-19T09:44:53.865+0000][3854.116s][info ][safepoint     ] Application time: 1.0013635 seconds
[2023-10-19T09:44:53.866+0000][3854.117s][info ][safepoint     ] Entering safepoint region: Cleanup
[2023-10-19T09:44:53.867+0000][3854.118s][info ][safepoint     ] Leaving safepoint region
[2023-10-19T09:44:53.868+0000][3854.119s][info ][safepoint     ] Total time for which application threads were stopped: 0.0024305 seconds, Stopping threads took: 0.0010939 seconds
[2023-10-19T09:44:54.869+0000][3855.120s][debug][safepoint     ] Safepoint synchronization initiated. (173 threads)
[2023-10-19T09:44:54.870+0000][3855.121s][info ][safepoint     ] Application time: 1.0011369 seconds
[2023-10-19T09:44:54.871+0000][3855.122s][info ][safepoint     ] Entering safepoint region: Cleanup
[2023-10-19T09:44:54.871+0000][3855.123s][info ][safepoint     ] Leaving safepoint region
[2023-10-19T09:44:54.872+0000][3855.123s][info ][safepoint     ] Total time for which application threads were stopped: 0.0015749 seconds, Stopping threads took: 0.0005871 seconds
[2023-10-19T09:44:55.873+0000][3856.124s][debug][safepoint     ] Safepoint synchronization initiated. (173 threads)
[2023-10-19T09:44:55.874+0000][3856.125s][info ][safepoint     ] Application time: 1.0008214 seconds
[2023-10-19T09:44:55.874+0000][3856.125s][info ][safepoint     ] Entering safepoint region: Cleanup
[2023-10-19T09:44:55.875+0000][3856.126s][info ][safepoint     ] Leaving safepoint region
[2023-10-19T09:44:55.875+0000][3856.126s][info ][safepoint     ] Total time for which application threads were stopped: 0.0012080 seconds, Stopping threads took: 0.0004225 seconds
[2023-10-19T09:44:56.876+0000][3857.127s][debug][safepoint     ] Safepoint synchronization initiated. (173 threads)
[2023-10-19T09:44:56.877+0000][3857.128s][info ][safepoint     ] Application time: 1.0009666 seconds
[2023-10-19T09:44:56.877+0000][3857.128s][info ][safepoint     ] Entering safepoint region: Cleanup
[2023-10-19T09:44:56.878+0000][3857.129s][info ][safepoint     ] Leaving safepoint region
[2023-10-19T09:44:56.878+0000][3857.129s][info ][safepoint     ] Total time for which application threads were stopped: 0.0012507 seconds, Stopping threads took: 0.0004338 seconds
[2023-10-19T09:44:57.879+0000][3858.130s][debug][safepoint     ] Safepoint synchronization initiated. (173 threads)
[2023-10-19T09:44:57.880+0000][3858.131s][info ][safepoint     ] Application time: 1.0013295 seconds
[2023-10-19T09:44:57.881+0000][3858.132s][info ][safepoint     ] Entering safepoint region: Cleanup
[2023-10-19T09:44:57.882+0000][3858.133s][info ][safepoint     ] Leaving safepoint region
[2023-10-19T09:44:57.882+0000][3858.133s][info ][safepoint     ] Total time for which application threads were stopped: 0.0014392 seconds, Stopping threads took: 0.0006807 seconds
[2023-10-19T09:44:58.883+0000][3859.134s][debug][safepoint     ] Safepoint synchronization initiated. (173 threads)
[2023-10-19T09:44:58.884+0000][3859.135s][info ][safepoint     ] Application time: 1.0014462 seconds
[2023-10-19T09:44:58.885+0000][3859.136s][info ][safepoint     ] Entering safepoint region: Cleanup
[2023-10-19T09:44:58.886+0000][3859.138s][info ][safepoint     ] Leaving safepoint region
[2023-10-19T09:44:58.887+0000][3859.138s][info ][safepoint     ] Total time for which application threads were stopped: 0.0022008 seconds, Stopping threads took: 0.0009501 seconds
[2023-10-19T09:44:59.888+0000][3860.139s][debug][safepoint     ] Safepoint synchronization initiated. (173 threads)
[2023-10-19T09:44:59.889+0000][3860.140s][info ][safepoint     ] Application time: 1.0009103 seconds
[2023-10-19T09:44:59.889+0000][3860.140s][info ][safepoint     ] Entering safepoint region: Cleanup
[2023-10-19T09:44:59.890+0000][3860.141s][info ][safepoint     ] Leaving safepoint region
[2023-10-19T09:44:59.891+0000][3860.142s][info ][safepoint     ] Total time for which application threads were stopped: 0.0013972 seconds, Stopping threads took: 0.0005678 seconds
[2023-10-19T09:45:00.892+0000][3861.143s][debug][safepoint     ] Safepoint synchronization initiated. (173 threads)
[2023-10-19T09:45:00.893+0000][3861.144s][info ][safepoint     ] Application time: 1.0015921 seconds
[2023-10-19T09:45:00.894+0000][3861.145s][info ][safepoint     ] Entering safepoint region: Cleanup
[2023-10-19T09:45:00.895+0000][3861.146s][info ][safepoint     ] Leaving safepoint region
[2023-10-19T09:45:00.896+0000][3861.147s][info ][safepoint     ] Total time for which application threads were stopped: 0.0022382 seconds, Stopping threads took: 0.0011091 seconds
[2023-10-19T09:45:01.897+0000][3862.148s][debug][safepoint     ] Safepoint synchronization initiated. (173 threads)
[2023-10-19T09:45:01.898+0000][3862.149s][info ][safepoint     ] Application time: 1.0008951 seconds
[2023-10-19T09:45:01.898+0000][3862.150s][info ][safepoint     ] Entering safepoint region: Cleanup
[2023-10-19T09:45:01.899+0000][3862.150s][info ][safepoint     ] Leaving safepoint region
[2023-10-19T09:45:01.900+0000][3862.151s][info ][safepoint     ] Total time for which application threads were stopped: 0.0012182 seconds, Stopping threads took: 0.0004946 seconds
[2023-10-19T09:45:02.900+0000][3863.151s][debug][safepoint     ] Safepoint synchronization initiated. (173 threads)
[2023-10-19T09:45:02.901+0000][3863.152s][info ][safepoint     ] Application time: 1.0008418 seconds
[2023-10-19T09:45:02.901+0000][3863.153s][info ][safepoint     ] Entering safepoint region: Cleanup
[2023-10-19T09:45:02.902+0000][3863.153s][info ][safepoint     ] Leaving safepoint region
[2023-10-19T09:45:02.903+0000][3863.154s][info ][safepoint     ] Total time for which application threads were stopped: 0.0011755 seconds, Stopping threads took: 0.0004616 seconds
[2023-10-19T09:45:03.903+0000][3864.155s][debug][safepoint     ] Safepoint synchronization initiated. (173 threads)
[2023-10-19T09:45:03.905+0000][3864.156s][info ][safepoint     ] Application time: 1.0016130 seconds
[2023-10-19T09:45:03.906+0000][3864.157s][info ][safepoint     ] Entering safepoint region: Cleanup
[2023-10-19T09:45:03.907+0000][3864.158s][info ][safepoint     ] Leaving safepoint region
[2023-10-19T09:45:03.908+0000][3864.159s][info ][safepoint     ] Total time for which application threads were stopped: 0.0022078 seconds, Stopping threads took: 0.0010395 seconds
[2023-10-19T09:45:04.909+0000][3865.160s][debug][safepoint     ] Safepoint synchronization initiated. (173 threads)
[2023-10-19T09:45:04.910+0000][3865.161s][info ][safepoint     ] Application time: 1.0007702 seconds
[2023-10-19T09:45:04.910+0000][3865.162s][info ][safepoint     ] Entering safepoint region: Cleanup
[2023-10-19T09:45:04.911+0000][3865.162s][info ][safepoint     ] Leaving safepoint region
[2023-10-19T09:45:04.912+0000][3865.163s][info ][safepoint     ] Total time for which application threads were stopped: 0.0013510 seconds, Stopping threads took: 0.0005585 seconds
[2023-10-19T09:45:05.912+0000][3866.164s][debug][safepoint     ] Safepoint synchronization initiated. (173 threads)
[2023-10-19T09:45:05.914+0000][3866.165s][info ][safepoint     ] Application time: 1.0014918 seconds
[2023-10-19T09:45:05.915+0000][3866.166s][info ][safepoint     ] Entering safepoint region: Cleanup
[2023-10-19T09:45:05.916+0000][3866.167s][info ][safepoint     ] Leaving safepoint region
[2023-10-19T09:45:05.917+0000][3866.168s][info ][safepoint     ] Total time for which application threads were stopped: 0.0016119 seconds, Stopping threads took: 0.0006900 seconds
[2023-10-19T09:45:06.917+0000][3867.168s][debug][safepoint     ] Safepoint synchronization initiated. (173 threads)
[2023-10-19T09:45:06.918+0000][3867.169s][info ][safepoint     ] Application time: 1.0005406 seconds
[2023-10-19T09:45:06.918+0000][3867.169s][info ][safepoint     ] Entering safepoint region: Cleanup
[2023-10-19T09:45:06.919+0000][3867.170s][info ][safepoint     ] Leaving safepoint region
[2023-10-19T09:45:06.919+0000][3867.170s][info ][safepoint     ] Total time for which application threads were stopped: 0.0009013 seconds, Stopping threads took: 0.0003802 seconds
[2023-10-19T09:45:07.919+0000][3868.170s][debug][safepoint     ] Safepoint synchronization initiated. (173 threads)
[2023-10-19T09:45:07.920+0000][3868.171s][info ][safepoint     ] Application time: 1.0005359 seconds
[2023-10-19T09:45:07.920+0000][3868.171s][info ][safepoint     ] Entering safepoint region: Cleanup
[2023-10-19T09:45:07.921+0000][3868.172s][info ][safepoint     ] Leaving safepoint region
[2023-10-19T09:45:07.921+0000][3868.172s][info ][safepoint     ] Total time for which application threads were stopped: 0.0009241 seconds, Stopping threads took: 0.0003600 seconds
[2023-10-19T09:45:08.922+0000][3869.173s][debug][safepoint     ] Safepoint synchronization initiated. (173 threads)
[2023-10-19T09:45:08.923+0000][3869.174s][info ][safepoint     ] Application time: 1.0010911 seconds
[2023-10-19T09:45:08.923+0000][3869.174s][info ][safepoint     ] Entering safepoint region: Cleanup
[2023-10-19T09:45:08.924+0000][3869.175s][info ][safepoint     ] Leaving safepoint region
[2023-10-19T09:45:08.924+0000][3869.175s][info ][safepoint     ] Total time for which application threads were stopped: 0.0013037 seconds, Stopping threads took: 0.0007087 seconds
[2023-10-19T09:45:09.925+0000][3870.176s][debug][safepoint     ] Safepoint synchronization initiated. (173 threads)
[2023-10-19T09:45:09.935+0000][3870.186s][info ][safepoint     ] Application time: 1.0099522 seconds
[2023-10-19T09:45:09.948+0000][3870.199s][info ][safepoint     ] Entering safepoint region: Cleanup
[2023-10-19T09:45:09.976+0000][3870.227s][info ][safepoint     ] Leaving safepoint region
[2023-10-19T09:45:09.986+0000][3870.237s][info ][safepoint     ] Total time for which application threads were stopped: 0.0386274 seconds, Stopping threads took: 0.0033411 seconds
[2023-10-19T09:45:11.005+0000][3871.256s][debug][safepoint     ] Safepoint synchronization initiated. (173 threads)
[2023-10-19T09:45:11.016+0000][3871.267s][info ][safepoint     ] Application time: 1.0115150 seconds
[2023-10-19T09:45:11.031+0000][3871.282s][info ][safepoint     ] Entering safepoint region: Cleanup
[2023-10-19T09:45:11.039+0000][3871.290s][info ][safepoint     ] Leaving safepoint region
[2023-10-19T09:45:11.055+0000][3871.306s][info ][safepoint     ] Total time for which application threads were stopped: 0.0238037 seconds, Stopping threads took: 0.0076862 seconds
[2023-10-19T09:45:12.062+0000][3872.314s][debug][safepoint     ] Safepoint synchronization initiated. (173 threads)
[2023-10-19T09:45:12.063+0000][3872.314s][info ][safepoint     ] Application time: 1.0007372 seconds
[2023-10-19T09:45:12.063+0000][3872.314s][info ][safepoint     ] Entering safepoint region: Cleanup
[2023-10-19T09:45:12.064+0000][3872.315s][info ][safepoint     ] Leaving safepoint region
[2023-10-19T09:45:12.064+0000][3872.315s][info ][safepoint     ] Total time for which application threads were stopped: 0.0008636 seconds, Stopping threads took: 0.0003407 seconds
[2023-10-19T09:45:13.065+0000][3873.316s][debug][safepoint     ] Safepoint synchronization initiated. (173 threads)
[2023-10-19T09:45:13.065+0000][3873.316s][info ][safepoint     ] Application time: 1.0009553 seconds
[2023-10-19T09:45:13.066+0000][3873.317s][info ][safepoint     ] Entering safepoint region: Cleanup
[2023-10-19T09:45:13.067+0000][3873.318s][info ][safepoint     ] Leaving safepoint region
[2023-10-19T09:45:13.067+0000][3873.318s][info ][safepoint     ] Total time for which application threads were stopped: 0.0013344 seconds, Stopping threads took: 0.0005645 seconds
[2023-10-19T09:45:14.068+0000][3874.319s][debug][safepoint     ] Safepoint synchronization initiated. (173 threads)
[2023-10-19T09:45:14.068+0000][3874.319s][info ][safepoint     ] Application time: 1.0005491 seconds
[2023-10-19T09:45:14.069+0000][3874.320s][info ][safepoint     ] Entering safepoint region: Cleanup
[2023-10-19T09:45:14.069+0000][3874.320s][info ][safepoint     ] Leaving safepoint region
[2023-10-19T09:45:14.069+0000][3874.320s][info ][safepoint     ] Total time for which application threads were stopped: 0.0008773 seconds, Stopping threads took: 0.0003202 seconds
[2023-10-19T09:45:15.070+0000][3875.321s][debug][safepoint     ] Safepoint synchronization initiated. (173 threads)
[2023-10-19T09:45:15.070+0000][3875.321s][info ][safepoint     ] Application time: 1.0006674 seconds
[2023-10-19T09:45:15.071+0000][3875.322s][info ][safepoint     ] Entering safepoint region: Cleanup
[2023-10-19T09:45:15.071+0000][3875.322s][info ][safepoint     ] Leaving safepoint region
[2023-10-19T09:45:15.072+0000][3875.323s][info ][safepoint     ] Total time for which application threads were stopped: 0.0010213 seconds, Stopping threads took: 0.0003714 seconds
[2023-10-19T09:45:16.072+0000][3876.323s][debug][safepoint     ] Safepoint synchronization initiated. (173 threads)
[2023-10-19T09:45:16.073+0000][3876.324s][info ][safepoint     ] Application time: 1.0005773 seconds
[2023-10-19T09:45:16.073+0000][3876.324s][info ][safepoint     ] Entering safepoint region: Cleanup
[2023-10-19T09:45:16.074+0000][3876.325s][info ][safepoint     ] Leaving safepoint region
[2023-10-19T09:45:16.074+0000][3876.325s][info ][safepoint     ] Total time for which application threads were stopped: 0.0008131 seconds, Stopping threads took: 0.0003401 seconds
[2023-10-19T09:45:17.074+0000][3877.326s][debug][safepoint     ] Safepoint synchronization initiated. (173 threads)
[2023-10-19T09:45:17.075+0000][3877.326s][info ][safepoint     ] Application time: 1.0009617 seconds
[2023-10-19T09:45:17.076+0000][3877.327s][info ][safepoint     ] Entering safepoint region: Cleanup
[2023-10-19T09:45:17.076+0000][3877.328s][info ][safepoint     ] Leaving safepoint region
[2023-10-19T09:45:17.077+0000][3877.328s][info ][safepoint     ] Total time for which application threads were stopped: 0.0013879 seconds, Stopping threads took: 0.0005907 seconds
[2023-10-19T09:45:18.078+0000][3878.329s][debug][safepoint     ] Safepoint synchronization initiated. (173 threads)
[2023-10-19T09:45:18.078+0000][3878.330s][info ][safepoint     ] Application time: 1.0009957 seconds
[2023-10-19T09:45:18.079+0000][3878.330s][info ][safepoint     ] Entering safepoint region: Cleanup
[2023-10-19T09:45:18.080+0000][3878.331s][info ][safepoint     ] Leaving safepoint region
[2023-10-19T09:45:18.080+0000][3878.332s][info ][safepoint     ] Total time for which application threads were stopped: 0.0014129 seconds, Stopping threads took: 0.0007024 seconds
[2023-10-19T09:45:19.081+0000][3879.332s][debug][safepoint     ] Safepoint synchronization initiated. (173 threads)
[2023-10-19T09:45:19.082+0000][3879.333s][info ][safepoint     ] Application time: 1.0009969 seconds
[2023-10-19T09:45:19.083+0000][3879.334s][info ][safepoint     ] Entering safepoint region: Cleanup
[2023-10-19T09:45:19.083+0000][3879.335s][info ][safepoint     ] Leaving safepoint region
[2023-10-19T09:45:19.084+0000][3879.335s][info ][safepoint     ] Total time for which application threads were stopped: 0.0012897 seconds, Stopping threads took: 0.0006257 seconds
[2023-10-19T09:45:20.085+0000][3880.336s][debug][safepoint     ] Safepoint synchronization initiated. (173 threads)
[2023-10-19T09:45:20.085+0000][3880.336s][info ][safepoint     ] Application time: 1.0007544 seconds
[2023-10-19T09:45:20.086+0000][3880.337s][info ][safepoint     ] Entering safepoint region: Cleanup
[2023-10-19T09:45:20.086+0000][3880.337s][info ][safepoint     ] Leaving safepoint region
[2023-10-19T09:45:20.087+0000][3880.338s][info ][safepoint     ] Total time for which application threads were stopped: 0.0011178 seconds, Stopping threads took: 0.0004642 seconds
[2023-10-19T09:45:21.088+0000][3881.339s][debug][safepoint     ] Safepoint synchronization initiated. (173 threads)
[2023-10-19T09:45:21.088+0000][3881.339s][info ][safepoint     ] Application time: 1.0009236 seconds
[2023-10-19T09:45:21.089+0000][3881.340s][info ][safepoint     ] Entering safepoint region: Cleanup
[2023-10-19T09:45:21.089+0000][3881.340s][info ][safepoint     ] Leaving safepoint region
[2023-10-19T09:45:21.090+0000][3881.341s][info ][safepoint     ] Total time for which application threads were stopped: 0.0011273 seconds, Stopping threads took: 0.0004953 seconds
[2023-10-19T09:45:22.090+0000][3882.342s][debug][safepoint     ] Safepoint synchronization initiated. (173 threads)
[2023-10-19T09:45:22.091+0000][3882.342s][info ][safepoint     ] Application time: 1.0010111 seconds
[2023-10-19T09:45:22.092+0000][3882.343s][info ][safepoint     ] Entering safepoint region: Cleanup
[2023-10-19T09:45:22.092+0000][3882.344s][info ][safepoint     ] Leaving safepoint region
[2023-10-19T09:45:22.093+0000][3882.344s][info ][safepoint     ] Total time for which application threads were stopped: 0.0011731 seconds, Stopping threads took: 0.0005554 seconds
[2023-10-19T09:45:23.094+0000][3883.345s][debug][safepoint     ] Safepoint synchronization initiated. (173 threads)
[2023-10-19T09:45:23.094+0000][3883.346s][info ][safepoint     ] Application time: 1.0010171 seconds
[2023-10-19T09:45:23.095+0000][3883.346s][info ][safepoint     ] Entering safepoint region: Cleanup
[2023-10-19T09:45:23.096+0000][3883.347s][info ][safepoint     ] Leaving safepoint region
[2023-10-19T09:45:23.096+0000][3883.348s][info ][safepoint     ] Total time for which application threads were stopped: 0.0014292 seconds, Stopping threads took: 0.0006362 seconds
[2023-10-19T09:45:24.097+0000][3884.348s][debug][safepoint     ] Safepoint synchronization initiated. (173 threads)
[2023-10-19T09:45:24.098+0000][3884.349s][info ][safepoint     ] Application time: 1.0008241 seconds
[2023-10-19T09:45:24.098+0000][3884.349s][info ][safepoint     ] Entering safepoint region: Cleanup
[2023-10-19T09:45:24.099+0000][3884.350s][info ][safepoint     ] Leaving safepoint region
[2023-10-19T09:45:24.099+0000][3884.350s][info ][safepoint     ] Total time for which application threads were stopped: 0.0011309 seconds, Stopping threads took: 0.0004967 seconds
[2023-10-19T09:45:25.100+0000][3885.351s][debug][safepoint     ] Safepoint synchronization initiated. (173 threads)
[2023-10-19T09:45:25.101+0000][3885.352s][info ][safepoint     ] Application time: 1.0009065 seconds
[2023-10-19T09:45:25.102+0000][3885.353s][info ][safepoint     ] Entering safepoint region: Cleanup
[2023-10-19T09:45:25.102+0000][3885.353s][info ][safepoint     ] Leaving safepoint region
[2023-10-19T09:45:25.103+0000][3885.354s][info ][safepoint     ] Total time for which application threads were stopped: 0.0011772 seconds, Stopping threads took: 0.0004914 seconds
[2023-10-19T09:45:26.103+0000][3886.354s][debug][safepoint     ] Safepoint synchronization initiated. (173 threads)
[2023-10-19T09:45:26.104+0000][3886.355s][info ][safepoint     ] Application time: 1.0007910 seconds
[2023-10-19T09:45:26.104+0000][3886.356s][info ][safepoint     ] Entering safepoint region: Cleanup
[2023-10-19T09:45:26.105+0000][3886.356s][info ][safepoint     ] Leaving safepoint region
[2023-10-19T09:45:26.106+0000][3886.357s][info ][safepoint     ] Total time for which application threads were stopped: 0.0011478 seconds, Stopping threads took: 0.0004891 seconds
[2023-10-19T09:45:27.106+0000][3887.357s][debug][safepoint     ] Safepoint synchronization initiated. (173 threads)
[2023-10-19T09:45:27.107+0000][3887.358s][info ][safepoint     ] Application time: 1.0011165 seconds
[2023-10-19T09:45:27.108+0000][3887.359s][info ][safepoint     ] Entering safepoint region: Cleanup
[2023-10-19T09:45:27.109+0000][3887.360s][info ][safepoint     ] Leaving safepoint region
[2023-10-19T09:45:27.110+0000][3887.361s][info ][safepoint     ] Total time for which application threads were stopped: 0.0017146 seconds, Stopping threads took: 0.0007837 seconds
[2023-10-19T09:45:28.110+0000][3888.362s][debug][safepoint     ] Safepoint synchronization initiated. (173 threads)
[2023-10-19T09:45:28.111+0000][3888.362s][info ][safepoint     ] Application time: 1.0010202 seconds
[2023-10-19T09:45:28.112+0000][3888.363s][info ][safepoint     ] Entering safepoint region: Cleanup
[2023-10-19T09:45:28.113+0000][3888.364s][info ][safepoint     ] Leaving safepoint region
[2023-10-19T09:45:28.114+0000][3888.365s][info ][safepoint     ] Total time for which application threads were stopped: 0.0019064 seconds, Stopping threads took: 0.0007229 seconds
[2023-10-19T09:45:29.115+0000][3889.366s][debug][safepoint     ] Safepoint synchronization initiated. (173 threads)
[2023-10-19T09:45:29.115+0000][3889.367s][info ][safepoint     ] Application time: 1.0008131 seconds
[2023-10-19T09:45:29.116+0000][3889.367s][info ][safepoint     ] Entering safepoint region: Cleanup
[2023-10-19T09:45:29.117+0000][3889.368s][info ][safepoint     ] Leaving safepoint region
[2023-10-19T09:45:29.117+0000][3889.368s][info ][safepoint     ] Total time for which application threads were stopped: 0.0012517 seconds, Stopping threads took: 0.0005429 seconds
[2023-10-19T09:45:30.119+0000][3890.370s][debug][safepoint     ] Safepoint synchronization initiated. (173 threads)
[2023-10-19T09:45:30.119+0000][3890.370s][info ][safepoint     ] Application time: 1.0013961 seconds
[2023-10-19T09:45:30.120+0000][3890.371s][info ][safepoint     ] Entering safepoint region: Cleanup
[2023-10-19T09:45:30.120+0000][3890.371s][info ][safepoint     ] Leaving safepoint region
[2023-10-19T09:45:30.121+0000][3890.372s][info ][safepoint     ] Total time for which application threads were stopped: 0.0009959 seconds, Stopping threads took: 0.0004606 seconds
[2023-10-19T09:45:31.121+0000][3891.373s][debug][safepoint     ] Safepoint synchronization initiated. (173 threads)
[2023-10-19T09:45:31.122+0000][3891.373s][info ][safepoint     ] Application time: 1.0008818 seconds
[2023-10-19T09:45:31.123+0000][3891.374s][info ][safepoint     ] Entering safepoint region: Cleanup
[2023-10-19T09:45:31.123+0000][3891.374s][info ][safepoint     ] Leaving safepoint region
[2023-10-19T09:45:31.124+0000][3891.375s][info ][safepoint     ] Total time for which application threads were stopped: 0.0011503 seconds, Stopping threads took: 0.0004926 seconds
[2023-10-19T09:45:32.124+0000][3892.375s][debug][safepoint     ] Safepoint synchronization initiated. (173 threads)
[2023-10-19T09:45:32.125+0000][3892.376s][info ][safepoint     ] Application time: 1.0005770 seconds
[2023-10-19T09:45:32.125+0000][3892.376s][info ][safepoint     ] Entering safepoint region: Cleanup
[2023-10-19T09:45:32.126+0000][3892.377s][info ][safepoint     ] Leaving safepoint region
[2023-10-19T09:45:32.126+0000][3892.377s][info ][safepoint     ] Total time for which application threads were stopped: 0.0010427 seconds, Stopping threads took: 0.0004999 seconds
[2023-10-19T09:45:33.127+0000][3893.378s][debug][safepoint     ] Safepoint synchronization initiated. (173 threads)
[2023-10-19T09:45:33.128+0000][3893.379s][info ][safepoint     ] Application time: 1.0010685 seconds
[2023-10-19T09:45:33.128+0000][3893.379s][info ][safepoint     ] Entering safepoint region: Cleanup
[2023-10-19T09:45:33.129+0000][3893.380s][info ][safepoint     ] Leaving safepoint region
[2023-10-19T09:45:33.130+0000][3893.381s][info ][safepoint     ] Total time for which application threads were stopped: 0.0014214 seconds, Stopping threads took: 0.0006246 seconds
[2023-10-19T09:45:34.130+0000][3894.381s][debug][safepoint     ] Safepoint synchronization initiated. (173 threads)
[2023-10-19T09:45:34.132+0000][3894.383s][info ][safepoint     ] Application time: 1.0016402 seconds
[2023-10-19T09:45:34.133+0000][3894.384s][info ][safepoint     ] Entering safepoint region: Cleanup
[2023-10-19T09:45:34.134+0000][3894.386s][info ][safepoint     ] Leaving safepoint region
[2023-10-19T09:45:34.135+0000][3894.386s][info ][safepoint     ] Total time for which application threads were stopped: 0.0024324 seconds, Stopping threads took: 0.0013751 seconds
[2023-10-19T09:45:35.136+0000][3895.387s][debug][safepoint     ] Safepoint synchronization initiated. (173 threads)
[2023-10-19T09:45:35.137+0000][3895.388s][info ][safepoint     ] Application time: 1.0007042 seconds
[2023-10-19T09:45:35.137+0000][3895.388s][info ][safepoint     ] Entering safepoint region: Cleanup
[2023-10-19T09:45:35.138+0000][3895.389s][info ][safepoint     ] Leaving safepoint region
[2023-10-19T09:45:35.138+0000][3895.389s][info ][safepoint     ] Total time for which application threads were stopped: 0.0011950 seconds, Stopping threads took: 0.0005031 seconds
[2023-10-19T09:45:36.139+0000][3896.390s][debug][safepoint     ] Safepoint synchronization initiated. (173 threads)
[2023-10-19T09:45:36.140+0000][3896.391s][info ][safepoint     ] Application time: 1.0010882 seconds
[2023-10-19T09:45:36.141+0000][3896.392s][info ][safepoint     ] Entering safepoint region: Cleanup
[2023-10-19T09:45:36.142+0000][3896.393s][info ][safepoint     ] Leaving safepoint region
[2023-10-19T09:45:36.142+0000][3896.393s][info ][safepoint     ] Total time for which application threads were stopped: 0.0015864 seconds, Stopping threads took: 0.0007314 seconds
[2023-10-19T09:45:37.143+0000][3897.394s][debug][safepoint     ] Safepoint synchronization initiated. (173 threads)
[2023-10-19T09:45:37.144+0000][3897.395s][info ][safepoint     ] Application time: 1.0015253 seconds
[2023-10-19T09:45:37.145+0000][3897.396s][info ][safepoint     ] Entering safepoint region: Cleanup
[2023-10-19T09:45:37.146+0000][3897.397s][info ][safepoint     ] Leaving safepoint region
[2023-10-19T09:45:37.147+0000][3897.398s][info ][safepoint     ] Total time for which application threads were stopped: 0.0021929 seconds, Stopping threads took: 0.0008228 seconds
[2023-10-19T09:45:38.149+0000][3898.400s][debug][safepoint     ] Safepoint synchronization initiated. (173 threads)
[2023-10-19T09:45:38.150+0000][3898.401s][info ][safepoint     ] Application time: 1.0017667 seconds
[2023-10-19T09:45:38.151+0000][3898.402s][info ][safepoint     ] Entering safepoint region: Cleanup
[2023-10-19T09:45:38.152+0000][3898.404s][info ][safepoint     ] Leaving safepoint region
[2023-10-19T09:45:38.153+0000][3898.405s][info ][safepoint     ] Total time for which application threads were stopped: 0.0024669 seconds, Stopping threads took: 0.0009933 seconds
[2023-10-19T09:45:39.155+0000][3899.406s][debug][safepoint     ] Safepoint synchronization initiated. (173 threads)
[2023-10-19T09:45:39.157+0000][3899.408s][info ][safepoint     ] Application time: 1.0026877 seconds
[2023-10-19T09:45:39.158+0000][3899.409s][info ][safepoint     ] Entering safepoint region: Cleanup
[2023-10-19T09:45:39.159+0000][3899.410s][info ][safepoint     ] Leaving safepoint region
[2023-10-19T09:45:39.160+0000][3899.411s][info ][safepoint     ] Total time for which application threads were stopped: 0.0022099 seconds, Stopping threads took: 0.0009510 seconds
[2023-10-19T09:45:40.161+0000][3900.412s][debug][safepoint     ] Safepoint synchronization initiated. (173 threads)
[2023-10-19T09:45:40.162+0000][3900.413s][info ][safepoint     ] Application time: 1.0007567 seconds
[2023-10-19T09:45:40.162+0000][3900.413s][info ][safepoint     ] Entering safepoint region: Cleanup
[2023-10-19T09:45:40.163+0000][3900.414s][info ][safepoint     ] Leaving safepoint region
[2023-10-19T09:45:40.164+0000][3900.415s][info ][safepoint     ] Total time for which application threads were stopped: 0.0014171 seconds, Stopping threads took: 0.0006505 seconds
[2023-10-19T09:45:41.164+0000][3901.415s][debug][safepoint     ] Safepoint synchronization initiated. (173 threads)
[2023-10-19T09:45:41.165+0000][3901.416s][info ][safepoint     ] Application time: 1.0005595 seconds
[2023-10-19T09:45:41.165+0000][3901.416s][info ][safepoint     ] Entering safepoint region: Cleanup
[2023-10-19T09:45:41.166+0000][3901.417s][info ][safepoint     ] Leaving safepoint region
[2023-10-19T09:45:41.166+0000][3901.417s][info ][safepoint     ] Total time for which application threads were stopped: 0.0010885 seconds, Stopping threads took: 0.0004940 seconds
[2023-10-19T09:45:42.167+0000][3902.418s][debug][safepoint     ] Safepoint synchronization initiated. (173 threads)
[2023-10-19T09:45:42.168+0000][3902.419s][info ][safepoint     ] Application time: 1.0011715 seconds
[2023-10-19T09:45:42.168+0000][3902.420s][info ][safepoint     ] Entering safepoint region: Cleanup
[2023-10-19T09:45:42.170+0000][3902.421s][info ][safepoint     ] Leaving safepoint region
[2023-10-19T09:45:42.170+0000][3902.421s][info ][safepoint     ] Total time for which application threads were stopped: 0.0017742 seconds, Stopping threads took: 0.0009162 seconds
[2023-10-19T09:45:43.171+0000][3903.422s][debug][safepoint     ] Safepoint synchronization initiated. (173 threads)
[2023-10-19T09:45:43.172+0000][3903.423s][info ][safepoint     ] Application time: 1.0007857 seconds
[2023-10-19T09:45:43.172+0000][3903.423s][info ][safepoint     ] Entering safepoint region: Cleanup
[2023-10-19T09:45:43.173+0000][3903.424s][info ][safepoint     ] Leaving safepoint region
[2023-10-19T09:45:43.173+0000][3903.424s][info ][safepoint     ] Total time for which application threads were stopped: 0.0010682 seconds, Stopping threads took: 0.0005333 seconds
[2023-10-19T09:45:44.174+0000][3904.425s][debug][safepoint     ] Safepoint synchronization initiated. (173 threads)
[2023-10-19T09:45:44.174+0000][3904.425s][info ][safepoint     ] Application time: 1.0004997 seconds
[2023-10-19T09:45:44.174+0000][3904.426s][info ][safepoint     ] Entering safepoint region: Cleanup
[2023-10-19T09:45:44.175+0000][3904.426s][info ][safepoint     ] Leaving safepoint region
[2023-10-19T09:45:44.175+0000][3904.426s][info ][safepoint     ] Total time for which application threads were stopped: 0.0007940 seconds, Stopping threads took: 0.0003166 seconds
[2023-10-19T09:45:45.176+0000][3905.427s][debug][safepoint     ] Safepoint synchronization initiated. (173 threads)
[2023-10-19T09:45:45.176+0000][3905.427s][info ][safepoint     ] Application time: 1.0005027 seconds
[2023-10-19T09:45:45.176+0000][3905.427s][info ][safepoint     ] Entering safepoint region: Cleanup
[2023-10-19T09:45:45.177+0000][3905.428s][info ][safepoint     ] Leaving safepoint region
[2023-10-19T09:45:45.177+0000][3905.428s][info ][safepoint     ] Total time for which application threads were stopped: 0.0008132 seconds, Stopping threads took: 0.0003465 seconds
[2023-10-19T09:45:46.178+0000][3906.429s][debug][safepoint     ] Safepoint synchronization initiated. (173 threads)
[2023-10-19T09:45:46.178+0000][3906.429s][info ][safepoint     ] Application time: 1.0007028 seconds
[2023-10-19T09:45:46.179+0000][3906.430s][info ][safepoint     ] Entering safepoint region: Cleanup
[2023-10-19T09:45:46.179+0000][3906.431s][info ][safepoint     ] Leaving safepoint region
[2023-10-19T09:45:46.180+0000][3906.431s][info ][safepoint     ] Total time for which application threads were stopped: 0.0010401 seconds, Stopping threads took: 0.0004627 seconds
[2023-10-19T09:45:47.180+0000][3907.432s][debug][safepoint     ] Safepoint synchronization initiated. (173 threads)
[2023-10-19T09:45:47.181+0000][3907.432s][info ][safepoint     ] Application time: 1.0005815 seconds
[2023-10-19T09:45:47.181+0000][3907.432s][info ][safepoint     ] Entering safepoint region: Cleanup
[2023-10-19T09:45:47.182+0000][3907.433s][info ][safepoint     ] Leaving safepoint region
[2023-10-19T09:45:47.182+0000][3907.434s][info ][safepoint     ] Total time for which application threads were stopped: 0.0011439 seconds, Stopping threads took: 0.0004864 seconds
[2023-10-19T09:45:48.183+0000][3908.434s][debug][safepoint     ] Safepoint synchronization initiated. (173 threads)
[2023-10-19T09:45:48.184+0000][3908.435s][info ][safepoint     ] Application time: 1.0007659 seconds
[2023-10-19T09:45:48.184+0000][3908.435s][info ][safepoint     ] Entering safepoint region: Cleanup
[2023-10-19T09:45:48.185+0000][3908.436s][info ][safepoint     ] Leaving safepoint region
[2023-10-19T09:45:48.186+0000][3908.437s][info ][safepoint     ] Total time for which application threads were stopped: 0.0013827 seconds, Stopping threads took: 0.0005080 seconds
[2023-10-19T09:45:49.186+0000][3909.437s][debug][safepoint     ] Safepoint synchronization initiated. (173 threads)
[2023-10-19T09:45:49.187+0000][3909.438s][info ][safepoint     ] Application time: 1.0009024 seconds
[2023-10-19T09:45:49.188+0000][3909.439s][info ][safepoint     ] Entering safepoint region: Cleanup
[2023-10-19T09:45:49.188+0000][3909.439s][info ][safepoint     ] Leaving safepoint region
[2023-10-19T09:45:49.189+0000][3909.440s][info ][safepoint     ] Total time for which application threads were stopped: 0.0012823 seconds, Stopping threads took: 0.0005481 seconds
[2023-10-19T09:45:50.189+0000][3910.441s][debug][safepoint     ] Safepoint synchronization initiated. (173 threads)
[2023-10-19T09:45:50.190+0000][3910.441s][info ][safepoint     ] Application time: 1.0005536 seconds
[2023-10-19T09:45:50.190+0000][3910.441s][info ][safepoint     ] Entering safepoint region: Cleanup
[2023-10-19T09:45:50.191+0000][3910.442s][info ][safepoint     ] Leaving safepoint region
[2023-10-19T09:45:50.191+0000][3910.442s][info ][safepoint     ] Total time for which application threads were stopped: 0.0007637 seconds, Stopping threads took: 0.0003177 seconds
[2023-10-19T09:45:51.192+0000][3911.443s][debug][safepoint     ] Safepoint synchronization initiated. (173 threads)
[2023-10-19T09:45:51.192+0000][3911.443s][info ][safepoint     ] Application time: 1.0007664 seconds
[2023-10-19T09:45:51.193+0000][3911.444s][info ][safepoint     ] Entering safepoint region: Cleanup
[2023-10-19T09:45:51.193+0000][3911.444s][info ][safepoint     ] Leaving safepoint region
[2023-10-19T09:45:51.194+0000][3911.445s][info ][safepoint     ] Total time for which application threads were stopped: 0.0009309 seconds, Stopping threads took: 0.0004109 seconds
[2023-10-19T09:45:52.194+0000][3912.445s][debug][safepoint     ] Safepoint synchronization initiated. (173 threads)
[2023-10-19T09:45:52.195+0000][3912.446s][info ][safepoint     ] Application time: 1.0009438 seconds
[2023-10-19T09:45:52.195+0000][3912.447s][info ][safepoint     ] Entering safepoint region: Cleanup
[2023-10-19T09:45:52.196+0000][3912.447s][info ][safepoint     ] Leaving safepoint region
[2023-10-19T09:45:52.197+0000][3912.448s][info ][safepoint     ] Total time for which application threads were stopped: 0.0015372 seconds, Stopping threads took: 0.0006813 seconds
[2023-10-19T09:45:53.198+0000][3913.449s][debug][safepoint     ] Safepoint synchronization initiated. (173 threads)
[2023-10-19T09:45:53.199+0000][3913.450s][info ][safepoint     ] Application time: 1.0012083 seconds
[2023-10-19T09:45:53.200+0000][3913.451s][info ][safepoint     ] Entering safepoint region: Cleanup
[2023-10-19T09:45:53.200+0000][3913.452s][info ][safepoint     ] Leaving safepoint region
[2023-10-19T09:45:53.201+0000][3913.452s][info ][safepoint     ] Total time for which application threads were stopped: 0.0016209 seconds, Stopping threads took: 0.0007827 seconds
[2023-10-19T09:45:54.202+0000][3914.453s][debug][safepoint     ] Safepoint synchronization initiated. (173 threads)
[2023-10-19T09:45:54.203+0000][3914.454s][info ][safepoint     ] Application time: 1.0014470 seconds
[2023-10-19T09:45:54.204+0000][3914.455s][info ][safepoint     ] Entering safepoint region: Cleanup
[2023-10-19T09:45:54.205+0000][3914.456s][info ][safepoint     ] Leaving safepoint region
[2023-10-19T09:45:54.206+0000][3914.457s][info ][safepoint     ] Total time for which application threads were stopped: 0.0017701 seconds, Stopping threads took: 0.0008148 seconds
[2023-10-19T09:45:55.207+0000][3915.458s][debug][safepoint     ] Safepoint synchronization initiated. (173 threads)
[2023-10-19T09:45:55.207+0000][3915.458s][info ][safepoint     ] Application time: 1.0008259 seconds
[2023-10-19T09:45:55.208+0000][3915.459s][info ][safepoint     ] Entering safepoint region: Cleanup
[2023-10-19T09:45:55.209+0000][3915.460s][info ][safepoint     ] Leaving safepoint region
[2023-10-19T09:45:55.210+0000][3915.461s][info ][safepoint     ] Total time for which application threads were stopped: 0.0015939 seconds, Stopping threads took: 0.0008675 seconds
[2023-10-19T09:45:56.210+0000][3916.462s][debug][safepoint     ] Safepoint synchronization initiated. (173 threads)
[2023-10-19T09:45:56.211+0000][3916.462s][info ][safepoint     ] Application time: 1.0007659 seconds
[2023-10-19T09:45:56.211+0000][3916.463s][info ][safepoint     ] Entering safepoint region: Cleanup
[2023-10-19T09:45:56.212+0000][3916.463s][info ][safepoint     ] Leaving safepoint region
[2023-10-19T09:45:56.212+0000][3916.464s][info ][safepoint     ] Total time for which application threads were stopped: 0.0010360 seconds, Stopping threads took: 0.0005443 seconds
[2023-10-19T09:45:57.213+0000][3917.464s][debug][safepoint     ] Safepoint synchronization initiated. (173 threads)
[2023-10-19T09:45:57.214+0000][3917.465s][info ][safepoint     ] Application time: 1.0007658 seconds
[2023-10-19T09:45:57.214+0000][3917.465s][info ][safepoint     ] Entering safepoint region: Cleanup
[2023-10-19T09:45:57.215+0000][3917.466s][info ][safepoint     ] Leaving safepoint region
[2023-10-19T09:45:57.215+0000][3917.466s][info ][safepoint     ] Total time for which application threads were stopped: 0.0010219 seconds, Stopping threads took: 0.0003990 seconds
[2023-10-19T09:45:58.216+0000][3918.467s][debug][safepoint     ] Safepoint synchronization initiated. (173 threads)
[2023-10-19T09:45:58.216+0000][3918.467s][info ][safepoint     ] Application time: 1.0006001 seconds
[2023-10-19T09:45:58.216+0000][3918.467s][info ][safepoint     ] Entering safepoint region: Cleanup
[2023-10-19T09:45:58.217+0000][3918.468s][info ][safepoint     ] Leaving safepoint region
[2023-10-19T09:45:58.217+0000][3918.468s][info ][safepoint     ] Total time for which application threads were stopped: 0.0008297 seconds, Stopping threads took: 0.0003642 seconds
[2023-10-19T09:45:59.218+0000][3919.469s][debug][safepoint     ] Safepoint synchronization initiated. (173 threads)
[2023-10-19T09:45:59.218+0000][3919.469s][info ][safepoint     ] Application time: 1.0008085 seconds
[2023-10-19T09:45:59.219+0000][3919.470s][info ][safepoint     ] Entering safepoint region: Cleanup
[2023-10-19T09:45:59.219+0000][3919.470s][info ][safepoint     ] Leaving safepoint region
[2023-10-19T09:45:59.220+0000][3919.471s][info ][safepoint     ] Total time for which application threads were stopped: 0.0010202 seconds, Stopping threads took: 0.0004353 seconds
[2023-10-19T09:46:00.220+0000][3920.471s][debug][safepoint     ] Safepoint synchronization initiated. (173 threads)
[2023-10-19T09:46:00.221+0000][3920.472s][info ][safepoint     ] Application time: 1.0006388 seconds
[2023-10-19T09:46:00.221+0000][3920.472s][info ][safepoint     ] Entering safepoint region: Cleanup
[2023-10-19T09:46:00.222+0000][3920.473s][info ][safepoint     ] Leaving safepoint region
[2023-10-19T09:46:00.222+0000][3920.473s][info ][safepoint     ] Total time for which application threads were stopped: 0.0008469 seconds, Stopping threads took: 0.0003468 seconds
[2023-10-19T09:46:01.222+0000][3921.473s][debug][safepoint     ] Safepoint synchronization initiated. (173 threads)
[2023-10-19T09:46:01.223+0000][3921.474s][info ][safepoint     ] Application time: 1.0007588 seconds
[2023-10-19T09:46:01.224+0000][3921.475s][debug][safepoint     ] Waiting for 1 thread(s) to block
[2023-10-19T09:46:01.224+0000][3921.475s][info ][safepoint     ] Entering safepoint region: Cleanup
[2023-10-19T09:46:01.225+0000][3921.476s][info ][safepoint     ] Leaving safepoint region
[2023-10-19T09:46:01.225+0000][3921.476s][info ][safepoint     ] Total time for which application threads were stopped: 0.0015421 seconds, Stopping threads took: 0.0009844 seconds
[2023-10-19T09:46:02.225+0000][3922.476s][debug][safepoint     ] Safepoint synchronization initiated. (173 threads)
[2023-10-19T09:46:02.226+0000][3922.477s][info ][safepoint     ] Application time: 1.0007709 seconds
[2023-10-19T09:46:02.227+0000][3922.478s][info ][safepoint     ] Entering safepoint region: Cleanup
[2023-10-19T09:46:02.227+0000][3922.478s][info ][safepoint     ] Leaving safepoint region
[2023-10-19T09:46:02.227+0000][3922.479s][info ][safepoint     ] Total time for which application threads were stopped: 0.0009398 seconds, Stopping threads took: 0.0003735 seconds
[2023-10-19T09:46:03.228+0000][3923.479s][debug][safepoint     ] Safepoint synchronization initiated. (173 threads)
[2023-10-19T09:46:03.229+0000][3923.480s][info ][safepoint     ] Application time: 1.0009276 seconds
[2023-10-19T09:46:03.230+0000][3923.481s][info ][safepoint     ] Entering safepoint region: Cleanup
[2023-10-19T09:46:03.230+0000][3923.481s][info ][safepoint     ] Leaving safepoint region
[2023-10-19T09:46:03.231+0000][3923.482s][info ][safepoint     ] Total time for which application threads were stopped: 0.0013297 seconds, Stopping threads took: 0.0005167 seconds
[2023-10-19T09:46:04.232+0000][3924.482s][debug][safepoint     ] Safepoint synchronization initiated. (173 threads)
[2023-10-19T09:46:04.232+0000][3924.483s][info ][safepoint     ] Application time: 1.0006069 seconds
[2023-10-19T09:46:04.232+0000][3924.483s][info ][safepoint     ] Entering safepoint region: Cleanup
[2023-10-19T09:46:04.233+0000][3924.484s][info ][safepoint     ] Leaving safepoint region
[2023-10-19T09:46:04.233+0000][3924.484s][info ][safepoint     ] Total time for which application threads were stopped: 0.0008543 seconds, Stopping threads took: 0.0003915 seconds
[2023-10-19T09:46:05.234+0000][3925.485s][debug][safepoint     ] Safepoint synchronization initiated. (173 threads)
[2023-10-19T09:46:05.234+0000][3925.485s][info ][safepoint     ] Application time: 1.0007408 seconds
[2023-10-19T09:46:05.235+0000][3925.486s][info ][safepoint     ] Entering safepoint region: Cleanup
[2023-10-19T09:46:05.235+0000][3925.486s][info ][safepoint     ] Leaving safepoint region
[2023-10-19T09:46:05.236+0000][3925.487s][info ][safepoint     ] Total time for which application threads were stopped: 0.0010860 seconds, Stopping threads took: 0.0004259 seconds
[2023-10-19T09:46:06.236+0000][3926.487s][debug][safepoint     ] Safepoint synchronization initiated. (173 threads)
[2023-10-19T09:46:06.237+0000][3926.488s][info ][safepoint     ] Application time: 1.0005295 seconds
[2023-10-19T09:46:06.237+0000][3926.488s][info ][safepoint     ] Entering safepoint region: Cleanup
[2023-10-19T09:46:06.237+0000][3926.488s][info ][safepoint     ] Leaving safepoint region
[2023-10-19T09:46:06.238+0000][3926.489s][info ][safepoint     ] Total time for which application threads were stopped: 0.0007182 seconds, Stopping threads took: 0.0002890 seconds
[2023-10-19T09:46:07.238+0000][3927.489s][debug][safepoint     ] Safepoint synchronization initiated. (173 threads)
[2023-10-19T09:46:07.239+0000][3927.490s][info ][safepoint     ] Application time: 1.0010175 seconds
[2023-10-19T09:46:07.240+0000][3927.491s][info ][safepoint     ] Entering safepoint region: Cleanup
[2023-10-19T09:46:07.240+0000][3927.491s][info ][safepoint     ] Leaving safepoint region
[2023-10-19T09:46:07.241+0000][3927.492s][info ][safepoint     ] Total time for which application threads were stopped: 0.0012606 seconds, Stopping threads took: 0.0005484 seconds
[2023-10-19T09:46:08.242+0000][3928.493s][debug][safepoint     ] Safepoint synchronization initiated. (173 threads)
[2023-10-19T09:46:08.242+0000][3928.493s][info ][safepoint     ] Application time: 1.0008596 seconds
[2023-10-19T09:46:08.243+0000][3928.494s][info ][safepoint     ] Entering safepoint region: Cleanup
[2023-10-19T09:46:08.243+0000][3928.494s][info ][safepoint     ] Leaving safepoint region
[2023-10-19T09:46:08.244+0000][3928.495s][info ][safepoint     ] Total time for which application threads were stopped: 0.0011784 seconds, Stopping threads took: 0.0005547 seconds
[2023-10-19T09:46:09.245+0000][3929.496s][debug][safepoint     ] Safepoint synchronization initiated. (173 threads)
[2023-10-19T09:46:09.245+0000][3929.496s][info ][safepoint     ] Application time: 1.0009264 seconds
[2023-10-19T09:46:09.246+0000][3929.497s][info ][safepoint     ] Entering safepoint region: Cleanup
[2023-10-19T09:46:09.246+0000][3929.497s][info ][safepoint     ] Leaving safepoint region
[2023-10-19T09:46:09.247+0000][3929.498s][info ][safepoint     ] Total time for which application threads were stopped: 0.0011037 seconds, Stopping threads took: 0.0004907 seconds
[2023-10-19T09:46:10.247+0000][3930.498s][debug][safepoint     ] Safepoint synchronization initiated. (173 threads)
[2023-10-19T09:46:10.248+0000][3930.499s][info ][safepoint     ] Application time: 1.0009074 seconds
[2023-10-19T09:46:10.249+0000][3930.500s][info ][safepoint     ] Entering safepoint region: Cleanup
[2023-10-19T09:46:10.249+0000][3930.500s][info ][safepoint     ] Leaving safepoint region
[2023-10-19T09:46:10.250+0000][3930.501s][info ][safepoint     ] Total time for which application threads were stopped: 0.0010509 seconds, Stopping threads took: 0.0005013 seconds
[2023-10-19T09:46:11.251+0000][3931.502s][debug][safepoint     ] Safepoint synchronization initiated. (173 threads)
[2023-10-19T09:46:11.252+0000][3931.503s][info ][safepoint     ] Application time: 1.0016486 seconds
[2023-10-19T09:46:11.252+0000][3931.503s][info ][safepoint     ] Entering safepoint region: Cleanup
[2023-10-19T09:46:11.253+0000][3931.504s][info ][safepoint     ] Leaving safepoint region
[2023-10-19T09:46:11.253+0000][3931.504s][info ][safepoint     ] Total time for which application threads were stopped: 0.0011478 seconds, Stopping threads took: 0.0004906 seconds
[2023-10-19T09:46:12.254+0000][3932.505s][debug][safepoint     ] Safepoint synchronization initiated. (173 threads)
[2023-10-19T09:46:12.255+0000][3932.506s][info ][safepoint     ] Application time: 1.0007625 seconds
[2023-10-19T09:46:12.255+0000][3932.506s][info ][safepoint     ] Entering safepoint region: Cleanup
[2023-10-19T09:46:12.256+0000][3932.507s][info ][safepoint     ] Leaving safepoint region
[2023-10-19T09:46:12.257+0000][3932.508s][info ][safepoint     ] Total time for which application threads were stopped: 0.0014796 seconds, Stopping threads took: 0.0006749 seconds
[2023-10-19T09:46:13.258+0000][3933.509s][debug][safepoint     ] Safepoint synchronization initiated. (173 threads)
[2023-10-19T09:46:13.259+0000][3933.510s][info ][safepoint     ] Application time: 1.0013204 seconds
[2023-10-19T09:46:13.260+0000][3933.511s][info ][safepoint     ] Entering safepoint region: Cleanup
[2023-10-19T09:46:13.261+0000][3933.512s][info ][safepoint     ] Leaving safepoint region
[2023-10-19T09:46:13.262+0000][3933.513s][info ][safepoint     ] Total time for which application threads were stopped: 0.0021057 seconds, Stopping threads took: 0.0008720 seconds
[2023-10-19T09:46:14.263+0000][3934.514s][debug][safepoint     ] Safepoint synchronization initiated. (173 threads)
[2023-10-19T09:46:14.264+0000][3934.515s][info ][safepoint     ] Application time: 1.0015934 seconds
[2023-10-19T09:46:14.265+0000][3934.516s][info ][safepoint     ] Entering safepoint region: Cleanup
[2023-10-19T09:46:14.267+0000][3934.518s][info ][safepoint     ] Leaving safepoint region
[2023-10-19T09:46:14.268+0000][3934.519s][info ][safepoint     ] Total time for which application threads were stopped: 0.0024504 seconds, Stopping threads took: 0.0010523 seconds
[2023-10-19T09:46:15.269+0000][3935.520s][debug][safepoint     ] Safepoint synchronization initiated. (173 threads)
[2023-10-19T09:46:15.270+0000][3935.521s][info ][safepoint     ] Application time: 1.0008626 seconds
[2023-10-19T09:46:15.270+0000][3935.521s][info ][safepoint     ] Entering safepoint region: Cleanup
[2023-10-19T09:46:15.271+0000][3935.522s][info ][safepoint     ] Leaving safepoint region
[2023-10-19T09:46:15.271+0000][3935.522s][info ][safepoint     ] Total time for which application threads were stopped: 0.0011624 seconds, Stopping threads took: 0.0003447 seconds
[2023-10-19T09:46:16.272+0000][3936.523s][debug][safepoint     ] Safepoint synchronization initiated. (173 threads)
[2023-10-19T09:46:16.272+0000][3936.523s][info ][safepoint     ] Application time: 1.0006939 seconds
[2023-10-19T09:46:16.273+0000][3936.524s][info ][safepoint     ] Entering safepoint region: Cleanup
[2023-10-19T09:46:16.274+0000][3936.525s][info ][safepoint     ] Leaving safepoint region
[2023-10-19T09:46:16.274+0000][3936.525s][info ][safepoint     ] Total time for which application threads were stopped: 0.0009167 seconds, Stopping threads took: 0.0003972 seconds
[2023-10-19T09:46:17.275+0000][3937.526s][debug][safepoint     ] Safepoint synchronization initiated. (173 threads)
[2023-10-19T09:46:17.275+0000][3937.526s][info ][safepoint     ] Application time: 1.0009478 seconds
[2023-10-19T09:46:17.276+0000][3937.527s][info ][safepoint     ] Entering safepoint region: Cleanup
[2023-10-19T09:46:17.276+0000][3937.527s][info ][safepoint     ] Leaving safepoint region
[2023-10-19T09:46:17.277+0000][3937.527s][info ][safepoint     ] Total time for which application threads were stopped: 0.0008064 seconds, Stopping threads took: 0.0003603 seconds
[2023-10-19T09:46:18.277+0000][3938.528s][debug][safepoint     ] Safepoint synchronization initiated. (173 threads)
[2023-10-19T09:46:18.277+0000][3938.528s][info ][safepoint     ] Application time: 1.0006500 seconds
[2023-10-19T09:46:18.278+0000][3938.529s][info ][safepoint     ] Entering safepoint region: Cleanup
[2023-10-19T09:46:18.278+0000][3938.529s][info ][safepoint     ] Leaving safepoint region
[2023-10-19T09:46:18.279+0000][3938.530s][info ][safepoint     ] Total time for which application threads were stopped: 0.0008912 seconds, Stopping threads took: 0.0003833 seconds
[2023-10-19T09:46:19.279+0000][3939.530s][debug][safepoint     ] Safepoint synchronization initiated. (173 threads)
[2023-10-19T09:46:19.281+0000][3939.532s][info ][safepoint     ] Application time: 1.0015088 seconds
[2023-10-19T09:46:19.282+0000][3939.533s][info ][safepoint     ] Entering safepoint region: Cleanup
[2023-10-19T09:46:19.282+0000][3939.533s][info ][safepoint     ] Leaving safepoint region
[2023-10-19T09:46:19.283+0000][3939.534s][info ][safepoint     ] Total time for which application threads were stopped: 0.0011368 seconds, Stopping threads took: 0.0004351 seconds
[2023-10-19T09:46:20.284+0000][3940.535s][debug][safepoint     ] Safepoint synchronization initiated. (173 threads)
[2023-10-19T09:46:20.285+0000][3940.536s][info ][safepoint     ] Application time: 1.0011605 seconds
[2023-10-19T09:46:20.285+0000][3940.536s][info ][safepoint     ] Entering safepoint region: Cleanup
[2023-10-19T09:46:20.286+0000][3940.537s][info ][safepoint     ] Leaving safepoint region
[2023-10-19T09:46:20.287+0000][3940.538s][info ][safepoint     ] Total time for which application threads were stopped: 0.0011827 seconds, Stopping threads took: 0.0005003 seconds
[2023-10-19T09:46:21.287+0000][3941.538s][debug][safepoint     ] Safepoint synchronization initiated. (173 threads)
[2023-10-19T09:46:21.288+0000][3941.539s][info ][safepoint     ] Application time: 1.0007632 seconds
[2023-10-19T09:46:21.288+0000][3941.539s][info ][safepoint     ] Entering safepoint region: Cleanup
[2023-10-19T09:46:21.289+0000][3941.540s][info ][safepoint     ] Leaving safepoint region
[2023-10-19T09:46:21.289+0000][3941.540s][info ][safepoint     ] Total time for which application threads were stopped: 0.0011838 seconds, Stopping threads took: 0.0005683 seconds
[2023-10-19T09:46:22.290+0000][3942.541s][debug][safepoint     ] Safepoint synchronization initiated. (173 threads)
[2023-10-19T09:46:22.291+0000][3942.542s][info ][safepoint     ] Application time: 1.0010154 seconds
[2023-10-19T09:46:22.292+0000][3942.543s][info ][safepoint     ] Entering safepoint region: Cleanup
[2023-10-19T09:46:22.293+0000][3942.544s][info ][safepoint     ] Leaving safepoint region
[2023-10-19T09:46:22.293+0000][3942.544s][info ][safepoint     ] Total time for which application threads were stopped: 0.0012932 seconds, Stopping threads took: 0.0005869 seconds
[2023-10-19T09:46:23.294+0000][3943.545s][debug][safepoint     ] Safepoint synchronization initiated. (173 threads)
[2023-10-19T09:46:23.295+0000][3943.546s][info ][safepoint     ] Application time: 1.0010017 seconds
[2023-10-19T09:46:23.295+0000][3943.546s][info ][safepoint     ] Entering safepoint region: Cleanup
[2023-10-19T09:46:23.296+0000][3943.547s][info ][safepoint     ] Leaving safepoint region
[2023-10-19T09:46:23.297+0000][3943.548s][info ][safepoint     ] Total time for which application threads were stopped: 0.0015135 seconds, Stopping threads took: 0.0005128 seconds
[2023-10-19T09:46:24.297+0000][3944.548s][debug][safepoint     ] Safepoint synchronization initiated. (173 threads)
[2023-10-19T09:46:24.298+0000][3944.549s][info ][safepoint     ] Application time: 1.0009065 seconds
[2023-10-19T09:46:24.299+0000][3944.550s][info ][safepoint     ] Entering safepoint region: Cleanup
[2023-10-19T09:46:24.299+0000][3944.550s][info ][safepoint     ] Leaving safepoint region
[2023-10-19T09:46:24.300+0000][3944.551s][info ][safepoint     ] Total time for which application threads were stopped: 0.0013379 seconds, Stopping threads took: 0.0005666 seconds
[2023-10-19T09:46:25.301+0000][3945.552s][debug][safepoint     ] Safepoint synchronization initiated. (173 threads)
[2023-10-19T09:46:25.302+0000][3945.553s][info ][safepoint     ] Application time: 1.0015942 seconds
[2023-10-19T09:46:25.303+0000][3945.554s][info ][safepoint     ] Entering safepoint region: Cleanup
[2023-10-19T09:46:25.305+0000][3945.556s][info ][safepoint     ] Leaving safepoint region
[2023-10-19T09:46:25.305+0000][3945.556s][info ][safepoint     ] Total time for which application threads were stopped: 0.0023794 seconds, Stopping threads took: 0.0010826 seconds
[2023-10-19T09:46:26.307+0000][3946.558s][debug][safepoint     ] Safepoint synchronization initiated. (173 threads)
[2023-10-19T09:46:26.307+0000][3946.558s][info ][safepoint     ] Application time: 1.0009590 seconds
[2023-10-19T09:46:26.308+0000][3946.559s][info ][safepoint     ] Entering safepoint region: Cleanup
[2023-10-19T09:46:26.309+0000][3946.560s][info ][safepoint     ] Leaving safepoint region
[2023-10-19T09:46:26.309+0000][3946.560s][info ][safepoint     ] Total time for which application threads were stopped: 0.0013977 seconds, Stopping threads took: 0.0006593 seconds
[2023-10-19T09:46:27.310+0000][3947.561s][debug][safepoint     ] Safepoint synchronization initiated. (173 threads)
[2023-10-19T09:46:27.311+0000][3947.562s][info ][safepoint     ] Application time: 1.0006496 seconds
[2023-10-19T09:46:27.311+0000][3947.562s][info ][safepoint     ] Entering safepoint region: Cleanup
[2023-10-19T09:46:27.311+0000][3947.562s][info ][safepoint     ] Leaving safepoint region
[2023-10-19T09:46:27.312+0000][3947.563s][info ][safepoint     ] Total time for which application threads were stopped: 0.0008074 seconds, Stopping threads took: 0.0003826 seconds
[2023-10-19T09:46:28.312+0000][3948.563s][debug][safepoint     ] Safepoint synchronization initiated. (173 threads)
[2023-10-19T09:46:28.312+0000][3948.563s][info ][safepoint     ] Application time: 1.0004851 seconds
[2023-10-19T09:46:28.313+0000][3948.564s][info ][safepoint     ] Entering safepoint region: Cleanup
[2023-10-19T09:46:28.313+0000][3948.564s][info ][safepoint     ] Leaving safepoint region
[2023-10-19T09:46:28.314+0000][3948.565s][info ][safepoint     ] Total time for which application threads were stopped: 0.0008302 seconds, Stopping threads took: 0.0003399 seconds
[2023-10-19T09:46:29.314+0000][3949.565s][debug][safepoint     ] Safepoint synchronization initiated. (173 threads)
[2023-10-19T09:46:29.315+0000][3949.566s][info ][safepoint     ] Application time: 1.0010190 seconds
[2023-10-19T09:46:29.316+0000][3949.567s][info ][safepoint     ] Entering safepoint region: Cleanup
[2023-10-19T09:46:29.317+0000][3949.568s][info ][safepoint     ] Leaving safepoint region
[2023-10-19T09:46:29.318+0000][3949.569s][info ][safepoint     ] Total time for which application threads were stopped: 0.0019774 seconds, Stopping threads took: 0.0008151 seconds
[2023-10-19T09:46:30.318+0000][3950.569s][debug][safepoint     ] Safepoint synchronization initiated. (173 threads)
[2023-10-19T09:46:30.319+0000][3950.570s][info ][safepoint     ] Application time: 1.0008871 seconds
[2023-10-19T09:46:30.320+0000][3950.571s][info ][safepoint     ] Entering safepoint region: Cleanup
[2023-10-19T09:46:30.320+0000][3950.571s][info ][safepoint     ] Leaving safepoint region
[2023-10-19T09:46:30.321+0000][3950.572s][info ][safepoint     ] Total time for which application threads were stopped: 0.0013842 seconds, Stopping threads took: 0.0005457 seconds
[2023-10-19T09:46:31.322+0000][3951.573s][debug][safepoint     ] Safepoint synchronization initiated. (173 threads)
[2023-10-19T09:46:31.324+0000][3951.575s][info ][safepoint     ] Application time: 1.0021294 seconds
[2023-10-19T09:46:31.325+0000][3951.576s][info ][safepoint     ] Entering safepoint region: Cleanup
[2023-10-19T09:46:31.326+0000][3951.577s][info ][safepoint     ] Leaving safepoint region
[2023-10-19T09:46:31.326+0000][3951.577s][info ][safepoint     ] Total time for which application threads were stopped: 0.0012542 seconds, Stopping threads took: 0.0006603 seconds
[2023-10-19T09:46:32.327+0000][3952.578s][debug][safepoint     ] Safepoint synchronization initiated. (173 threads)
[2023-10-19T09:46:32.327+0000][3952.578s][info ][safepoint     ] Application time: 1.0006438 seconds
[2023-10-19T09:46:32.328+0000][3952.579s][info ][safepoint     ] Entering safepoint region: Cleanup
[2023-10-19T09:46:32.328+0000][3952.579s][info ][safepoint     ] Leaving safepoint region
[2023-10-19T09:46:32.328+0000][3952.579s][info ][safepoint     ] Total time for which application threads were stopped: 0.0008411 seconds, Stopping threads took: 0.0003713 seconds
[2023-10-19T09:46:33.329+0000][3953.580s][debug][safepoint     ] Safepoint synchronization initiated. (173 threads)
[2023-10-19T09:46:33.330+0000][3953.581s][info ][safepoint     ] Application time: 1.0009769 seconds
[2023-10-19T09:46:33.331+0000][3953.582s][info ][safepoint     ] Entering safepoint region: Cleanup
[2023-10-19T09:46:33.332+0000][3953.583s][info ][safepoint     ] Leaving safepoint region
[2023-10-19T09:46:33.333+0000][3953.584s][info ][safepoint     ] Total time for which application threads were stopped: 0.0020995 seconds, Stopping threads took: 0.0013798 seconds
[2023-10-19T09:46:34.334+0000][3954.585s][debug][safepoint     ] Safepoint synchronization initiated. (173 threads)
[2023-10-19T09:46:34.335+0000][3954.586s][info ][safepoint     ] Application time: 1.0013791 seconds
[2023-10-19T09:46:34.336+0000][3954.587s][info ][safepoint     ] Entering safepoint region: Cleanup
[2023-10-19T09:46:34.337+0000][3954.588s][info ][safepoint     ] Leaving safepoint region
[2023-10-19T09:46:34.338+0000][3954.588s][info ][safepoint     ] Total time for which application threads were stopped: 0.0018475 seconds, Stopping threads took: 0.0007888 seconds
[2023-10-19T09:46:35.339+0000][3955.590s][debug][safepoint     ] Safepoint synchronization initiated. (173 threads)
[2023-10-19T09:46:35.340+0000][3955.591s][info ][safepoint     ] Application time: 1.0016805 seconds
[2023-10-19T09:46:35.341+0000][3955.592s][info ][safepoint     ] Entering safepoint region: Cleanup
[2023-10-19T09:46:35.343+0000][3955.594s][info ][safepoint     ] Leaving safepoint region
[2023-10-19T09:46:35.344+0000][3955.595s][info ][safepoint     ] Total time for which application threads were stopped: 0.0028089 seconds, Stopping threads took: 0.0011873 seconds
[2023-10-19T09:46:36.345+0000][3956.596s][debug][safepoint     ] Safepoint synchronization initiated. (173 threads)
[2023-10-19T09:46:36.346+0000][3956.597s][info ][safepoint     ] Application time: 1.0009576 seconds
[2023-10-19T09:46:36.347+0000][3956.598s][info ][safepoint     ] Entering safepoint region: Cleanup
[2023-10-19T09:46:36.348+0000][3956.599s][info ][safepoint     ] Leaving safepoint region
[2023-10-19T09:46:36.348+0000][3956.599s][info ][safepoint     ] Total time for which application threads were stopped: 0.0017638 seconds, Stopping threads took: 0.0007264 seconds
[2023-10-19T09:46:37.349+0000][3957.600s][debug][safepoint     ] Safepoint synchronization initiated. (173 threads)
[2023-10-19T09:46:37.350+0000][3957.601s][info ][safepoint     ] Application time: 1.0008904 seconds
[2023-10-19T09:46:37.351+0000][3957.601s][info ][safepoint     ] Entering safepoint region: Cleanup
[2023-10-19T09:46:37.351+0000][3957.602s][info ][safepoint     ] Leaving safepoint region
[2023-10-19T09:46:37.352+0000][3957.603s][info ][safepoint     ] Total time for which application threads were stopped: 0.0011036 seconds, Stopping threads took: 0.0005222 seconds
[2023-10-19T09:46:38.352+0000][3958.603s][debug][safepoint     ] Safepoint synchronization initiated. (173 threads)
[2023-10-19T09:46:38.353+0000][3958.604s][info ][safepoint     ] Application time: 1.0009451 seconds
[2023-10-19T09:46:38.354+0000][3958.605s][info ][safepoint     ] Entering safepoint region: Cleanup
[2023-10-19T09:46:38.355+0000][3958.606s][info ][safepoint     ] Leaving safepoint region
[2023-10-19T09:46:38.356+0000][3958.607s][info ][safepoint     ] Total time for which application threads were stopped: 0.0018908 seconds, Stopping threads took: 0.0007748 seconds
[2023-10-19T09:46:39.356+0000][3959.607s][debug][safepoint     ] Safepoint synchronization initiated. (173 threads)
[2023-10-19T09:46:39.357+0000][3959.608s][info ][safepoint     ] Application time: 1.0005510 seconds
[2023-10-19T09:46:39.357+0000][3959.608s][info ][safepoint     ] Entering safepoint region: Cleanup
[2023-10-19T09:46:39.358+0000][3959.609s][info ][safepoint     ] Leaving safepoint region
[2023-10-19T09:46:39.358+0000][3959.609s][info ][safepoint     ] Total time for which application threads were stopped: 0.0008672 seconds, Stopping threads took: 0.0004000 seconds
[2023-10-19T09:46:40.358+0000][3960.609s][debug][safepoint     ] Safepoint synchronization initiated. (173 threads)
[2023-10-19T09:46:40.359+0000][3960.610s][info ][safepoint     ] Application time: 1.0007456 seconds
[2023-10-19T09:46:40.360+0000][3960.611s][info ][safepoint     ] Entering safepoint region: Cleanup
[2023-10-19T09:46:40.360+0000][3960.611s][info ][safepoint     ] Leaving safepoint region
[2023-10-19T09:46:40.362+0000][3960.613s][info ][safepoint     ] Total time for which application threads were stopped: 0.0022101 seconds, Stopping threads took: 0.0006304 seconds
[2023-10-19T09:46:41.363+0000][3961.614s][debug][safepoint     ] Safepoint synchronization initiated. (173 threads)
[2023-10-19T09:46:41.364+0000][3961.615s][info ][safepoint     ] Application time: 1.0010734 seconds
[2023-10-19T09:46:41.365+0000][3961.616s][info ][safepoint     ] Entering safepoint region: Cleanup
[2023-10-19T09:46:41.366+0000][3961.617s][info ][safepoint     ] Leaving safepoint region
[2023-10-19T09:46:41.367+0000][3961.618s][info ][safepoint     ] Total time for which application threads were stopped: 0.0013136 seconds, Stopping threads took: 0.0006179 seconds
[2023-10-19T09:46:42.367+0000][3962.618s][debug][safepoint     ] Safepoint synchronization initiated. (173 threads)
[2023-10-19T09:46:42.368+0000][3962.619s][info ][safepoint     ] Application time: 1.0008415 seconds
[2023-10-19T09:46:42.368+0000][3962.619s][info ][safepoint     ] Entering safepoint region: Cleanup
[2023-10-19T09:46:42.369+0000][3962.620s][info ][safepoint     ] Leaving safepoint region
[2023-10-19T09:46:42.370+0000][3962.620s][info ][safepoint     ] Total time for which application threads were stopped: 0.0011673 seconds, Stopping threads took: 0.0005134 seconds
[2023-10-19T09:46:43.370+0000][3963.621s][debug][safepoint     ] Safepoint synchronization initiated. (173 threads)
[2023-10-19T09:46:43.371+0000][3963.622s][info ][safepoint     ] Application time: 1.0010270 seconds
[2023-10-19T09:46:43.372+0000][3963.622s][info ][safepoint     ] Entering safepoint region: Cleanup
[2023-10-19T09:46:43.372+0000][3963.623s][info ][safepoint     ] Leaving safepoint region
[2023-10-19T09:46:43.373+0000][3963.624s][info ][safepoint     ] Total time for which application threads were stopped: 0.0015092 seconds, Stopping threads took: 0.0006067 seconds
[2023-10-19T09:46:44.374+0000][3964.625s][debug][safepoint     ] Safepoint synchronization initiated. (173 threads)
[2023-10-19T09:46:44.375+0000][3964.626s][info ][safepoint     ] Application time: 1.0010188 seconds
[2023-10-19T09:46:44.375+0000][3964.626s][info ][safepoint     ] Entering safepoint region: Cleanup
[2023-10-19T09:46:44.376+0000][3964.627s][info ][safepoint     ] Leaving safepoint region
[2023-10-19T09:46:44.377+0000][3964.628s][info ][safepoint     ] Total time for which application threads were stopped: 0.0013376 seconds, Stopping threads took: 0.0006166 seconds
[2023-10-19T09:46:45.377+0000][3965.628s][debug][safepoint     ] Safepoint synchronization initiated. (173 threads)
[2023-10-19T09:46:45.378+0000][3965.629s][info ][safepoint     ] Application time: 1.0005165 seconds
[2023-10-19T09:46:45.378+0000][3965.629s][info ][safepoint     ] Entering safepoint region: Cleanup
[2023-10-19T09:46:45.378+0000][3965.629s][info ][safepoint     ] Leaving safepoint region
[2023-10-19T09:46:45.379+0000][3965.630s][info ][safepoint     ] Total time for which application threads were stopped: 0.0008862 seconds, Stopping threads took: 0.0003239 seconds
[2023-10-19T09:46:46.380+0000][3966.630s][debug][safepoint     ] Safepoint synchronization initiated. (173 threads)
[2023-10-19T09:46:46.381+0000][3966.632s][info ][safepoint     ] Application time: 1.0015811 seconds
[2023-10-19T09:46:46.382+0000][3966.633s][info ][safepoint     ] Entering safepoint region: Cleanup
[2023-10-19T09:46:46.383+0000][3966.634s][info ][safepoint     ] Leaving safepoint region
[2023-10-19T09:46:46.384+0000][3966.635s][info ][safepoint     ] Total time for which application threads were stopped: 0.0024970 seconds, Stopping threads took: 0.0011096 seconds
[2023-10-19T09:46:47.385+0000][3967.636s][debug][safepoint     ] Safepoint synchronization initiated. (173 threads)
[2023-10-19T09:46:47.386+0000][3967.637s][info ][safepoint     ] Application time: 1.0007190 seconds
[2023-10-19T09:46:47.386+0000][3967.637s][info ][safepoint     ] Entering safepoint region: Cleanup
[2023-10-19T09:46:47.387+0000][3967.638s][info ][safepoint     ] Leaving safepoint region
[2023-10-19T09:46:47.388+0000][3967.639s][info ][safepoint     ] Total time for which application threads were stopped: 0.0013776 seconds, Stopping threads took: 0.0005152 seconds
[2023-10-19T09:46:48.389+0000][3968.639s][debug][safepoint     ] Safepoint synchronization initiated. (173 threads)
[2023-10-19T09:46:48.389+0000][3968.640s][info ][safepoint     ] Application time: 1.0010121 seconds
[2023-10-19T09:46:48.390+0000][3968.641s][info ][safepoint     ] Entering safepoint region: Cleanup
[2023-10-19T09:46:48.390+0000][3968.641s][info ][safepoint     ] Leaving safepoint region
[2023-10-19T09:46:48.391+0000][3968.642s][info ][safepoint     ] Total time for which application threads were stopped: 0.0011746 seconds, Stopping threads took: 0.0004885 seconds
[2023-10-19T09:46:49.392+0000][3969.643s][debug][safepoint     ] Safepoint synchronization initiated. (173 threads)
[2023-10-19T09:46:49.392+0000][3969.643s][info ][safepoint     ] Application time: 1.0007009 seconds
[2023-10-19T09:46:49.393+0000][3969.644s][info ][safepoint     ] Entering safepoint region: Cleanup
[2023-10-19T09:46:49.393+0000][3969.644s][info ][safepoint     ] Leaving safepoint region
[2023-10-19T09:46:49.394+0000][3969.644s][info ][safepoint     ] Total time for which application threads were stopped: 0.0009431 seconds, Stopping threads took: 0.0003948 seconds
[2023-10-19T09:46:50.394+0000][3970.645s][debug][safepoint     ] Safepoint synchronization initiated. (173 threads)
[2023-10-19T09:46:50.395+0000][3970.646s][info ][safepoint     ] Application time: 1.0008012 seconds
[2023-10-19T09:46:50.395+0000][3970.646s][info ][safepoint     ] Entering safepoint region: Cleanup
[2023-10-19T09:46:50.396+0000][3970.647s][info ][safepoint     ] Leaving safepoint region
[2023-10-19T09:46:50.396+0000][3970.647s][info ][safepoint     ] Total time for which application threads were stopped: 0.0008735 seconds, Stopping threads took: 0.0003812 seconds
[2023-10-19T09:46:51.396+0000][3971.647s][debug][safepoint     ] Safepoint synchronization initiated. (173 threads)
[2023-10-19T09:46:51.397+0000][3971.648s][info ][safepoint     ] Application time: 1.0006240 seconds
[2023-10-19T09:46:51.397+0000][3971.648s][info ][safepoint     ] Entering safepoint region: Cleanup
[2023-10-19T09:46:51.398+0000][3971.649s][info ][safepoint     ] Leaving safepoint region
[2023-10-19T09:46:51.398+0000][3971.649s][info ][safepoint     ] Total time for which application threads were stopped: 0.0009733 seconds, Stopping threads took: 0.0004191 seconds
[2023-10-19T09:46:52.399+0000][3972.650s][debug][safepoint     ] Safepoint synchronization initiated. (173 threads)
[2023-10-19T09:46:52.400+0000][3972.651s][info ][safepoint     ] Application time: 1.0009552 seconds
[2023-10-19T09:46:52.400+0000][3972.651s][info ][safepoint     ] Entering safepoint region: Cleanup
[2023-10-19T09:46:52.401+0000][3972.652s][info ][safepoint     ] Leaving safepoint region
[2023-10-19T09:46:52.401+0000][3972.652s][info ][safepoint     ] Total time for which application threads were stopped: 0.0013084 seconds, Stopping threads took: 0.0006073 seconds
[2023-10-19T09:46:53.402+0000][3973.653s][debug][safepoint     ] Safepoint synchronization initiated. (173 threads)
[2023-10-19T09:46:53.403+0000][3973.653s][info ][safepoint     ] Application time: 1.0005567 seconds
[2023-10-19T09:46:53.403+0000][3973.654s][info ][safepoint     ] Entering safepoint region: Cleanup
[2023-10-19T09:46:53.403+0000][3973.654s][info ][safepoint     ] Leaving safepoint region
[2023-10-19T09:46:53.404+0000][3973.655s][info ][safepoint     ] Total time for which application threads were stopped: 0.0007990 seconds, Stopping threads took: 0.0003389 seconds
[2023-10-19T09:46:54.404+0000][3974.655s][debug][safepoint     ] Safepoint synchronization initiated. (173 threads)
[2023-10-19T09:46:54.406+0000][3974.656s][info ][safepoint     ] Application time: 1.0015848 seconds
[2023-10-19T09:46:54.407+0000][3974.658s][info ][safepoint     ] Entering safepoint region: Cleanup
[2023-10-19T09:46:54.408+0000][3974.659s][info ][safepoint     ] Leaving safepoint region
[2023-10-19T09:46:54.409+0000][3974.660s][info ][safepoint     ] Total time for which application threads were stopped: 0.0023596 seconds, Stopping threads took: 0.0011590 seconds
[2023-10-19T09:46:55.410+0000][3975.661s][debug][safepoint     ] Safepoint synchronization initiated. (173 threads)
[2023-10-19T09:46:55.411+0000][3975.662s][info ][safepoint     ] Application time: 1.0010368 seconds
[2023-10-19T09:46:55.412+0000][3975.663s][info ][safepoint     ] Entering safepoint region: Cleanup
[2023-10-19T09:46:55.413+0000][3975.663s][info ][safepoint     ] Leaving safepoint region
[2023-10-19T09:46:55.413+0000][3975.664s][info ][safepoint     ] Total time for which application threads were stopped: 0.0016129 seconds, Stopping threads took: 0.0007460 seconds
[2023-10-19T09:46:56.414+0000][3976.665s][debug][safepoint     ] Safepoint synchronization initiated. (173 threads)
[2023-10-19T09:46:56.415+0000][3976.666s][info ][safepoint     ] Application time: 1.0013101 seconds
[2023-10-19T09:46:56.416+0000][3976.667s][info ][safepoint     ] Entering safepoint region: Cleanup
[2023-10-19T09:46:56.417+0000][3976.668s][info ][safepoint     ] Leaving safepoint region
[2023-10-19T09:46:56.418+0000][3976.669s][info ][safepoint     ] Total time for which application threads were stopped: 0.0018106 seconds, Stopping threads took: 0.0008690 seconds
[2023-10-19T09:46:57.419+0000][3977.670s][debug][safepoint     ] Safepoint synchronization initiated. (173 threads)
[2023-10-19T09:46:57.420+0000][3977.671s][info ][safepoint     ] Application time: 1.0013002 seconds
[2023-10-19T09:46:57.421+0000][3977.672s][info ][safepoint     ] Entering safepoint region: Cleanup
[2023-10-19T09:46:57.422+0000][3977.673s][info ][safepoint     ] Leaving safepoint region
[2023-10-19T09:46:57.423+0000][3977.674s][info ][safepoint     ] Total time for which application threads were stopped: 0.0024984 seconds, Stopping threads took: 0.0009582 seconds
[2023-10-19T09:46:58.424+0000][3978.675s][debug][safepoint     ] Safepoint synchronization initiated. (173 threads)
[2023-10-19T09:46:58.425+0000][3978.676s][info ][safepoint     ] Application time: 1.0012416 seconds
[2023-10-19T09:46:58.426+0000][3978.677s][info ][safepoint     ] Entering safepoint region: Cleanup
[2023-10-19T09:46:58.427+0000][3978.678s][info ][safepoint     ] Leaving safepoint region
[2023-10-19T09:46:58.428+0000][3978.679s][info ][safepoint     ] Total time for which application threads were stopped: 0.0018390 seconds, Stopping threads took: 0.0007829 seconds
[2023-10-19T09:46:59.429+0000][3979.680s][debug][safepoint     ] Safepoint synchronization initiated. (173 threads)
[2023-10-19T09:46:59.429+0000][3979.680s][info ][safepoint     ] Application time: 1.0007811 seconds
[2023-10-19T09:46:59.430+0000][3979.681s][info ][safepoint     ] Entering safepoint region: Cleanup
[2023-10-19T09:46:59.430+0000][3979.681s][info ][safepoint     ] Leaving safepoint region
[2023-10-19T09:46:59.431+0000][3979.682s][info ][safepoint     ] Total time for which application threads were stopped: 0.0009789 seconds, Stopping threads took: 0.0003783 seconds
[2023-10-19T09:47:00.431+0000][3980.682s][debug][safepoint     ] Safepoint synchronization initiated. (173 threads)
[2023-10-19T09:47:00.432+0000][3980.683s][info ][safepoint     ] Application time: 1.0015567 seconds
[2023-10-19T09:47:00.433+0000][3980.684s][info ][safepoint     ] Entering safepoint region: Cleanup
[2023-10-19T09:47:00.435+0000][3980.686s][info ][safepoint     ] Leaving safepoint region
[2023-10-19T09:47:00.436+0000][3980.686s][info ][safepoint     ] Total time for which application threads were stopped: 0.0022383 seconds, Stopping threads took: 0.0009424 seconds
[2023-10-19T09:47:01.436+0000][3981.687s][debug][safepoint     ] Safepoint synchronization initiated. (173 threads)
[2023-10-19T09:47:01.437+0000][3981.688s][info ][safepoint     ] Application time: 1.0004824 seconds
[2023-10-19T09:47:01.437+0000][3981.688s][info ][safepoint     ] Entering safepoint region: Cleanup
[2023-10-19T09:47:01.437+0000][3981.688s][info ][safepoint     ] Leaving safepoint region
[2023-10-19T09:47:01.438+0000][3981.689s][info ][safepoint     ] Total time for which application threads were stopped: 0.0007113 seconds, Stopping threads took: 0.0002699 seconds
[2023-10-19T09:47:02.438+0000][3982.689s][debug][safepoint     ] Safepoint synchronization initiated. (173 threads)
[2023-10-19T09:47:02.438+0000][3982.689s][info ][safepoint     ] Application time: 1.0004679 seconds
[2023-10-19T09:47:02.439+0000][3982.690s][info ][safepoint     ] Entering safepoint region: Cleanup
[2023-10-19T09:47:02.439+0000][3982.690s][info ][safepoint     ] Leaving safepoint region
[2023-10-19T09:47:02.439+0000][3982.690s][info ][safepoint     ] Total time for which application threads were stopped: 0.0007614 seconds, Stopping threads took: 0.0003289 seconds
[2023-10-19T09:47:03.440+0000][3983.691s][debug][safepoint     ] Safepoint synchronization initiated. (173 threads)
[2023-10-19T09:47:03.441+0000][3983.692s][info ][safepoint     ] Application time: 1.0009919 seconds
[2023-10-19T09:47:03.441+0000][3983.692s][info ][safepoint     ] Entering safepoint region: Cleanup
[2023-10-19T09:47:03.442+0000][3983.693s][info ][safepoint     ] Leaving safepoint region
[2023-10-19T09:47:03.442+0000][3983.693s][info ][safepoint     ] Total time for which application threads were stopped: 0.0011176 seconds, Stopping threads took: 0.0004808 seconds
[2023-10-19T09:47:04.443+0000][3984.694s][debug][safepoint     ] Safepoint synchronization initiated. (173 threads)
[2023-10-19T09:47:04.444+0000][3984.694s][info ][safepoint     ] Application time: 1.0007735 seconds
[2023-10-19T09:47:04.444+0000][3984.695s][info ][safepoint     ] Entering safepoint region: Cleanup
[2023-10-19T09:47:04.445+0000][3984.696s][info ][safepoint     ] Leaving safepoint region
[2023-10-19T09:47:04.445+0000][3984.696s][info ][safepoint     ] Total time for which application threads were stopped: 0.0013874 seconds, Stopping threads took: 0.0005489 seconds
[2023-10-19T09:47:04.445+0000][3984.696s][debug][safepoint     ] ... found polling page return exception at pc = 0x00007f0de87cbbc4, stub =0x00007f0de0840600
[2023-10-19T09:47:05.446+0000][3985.697s][debug][safepoint     ] Safepoint synchronization initiated. (173 threads)
[2023-10-19T09:47:05.447+0000][3985.698s][info ][safepoint     ] Application time: 1.0008355 seconds
[2023-10-19T09:47:05.447+0000][3985.698s][info ][safepoint     ] Entering safepoint region: Cleanup
[2023-10-19T09:47:05.448+0000][3985.699s][info ][safepoint     ] Leaving safepoint region
[2023-10-19T09:47:05.448+0000][3985.699s][info ][safepoint     ] Total time for which application threads were stopped: 0.0011002 seconds, Stopping threads took: 0.0005026 seconds
[2023-10-19T09:47:06.449+0000][3986.700s][debug][safepoint     ] Safepoint synchronization initiated. (173 threads)
[2023-10-19T09:47:06.450+0000][3986.701s][info ][safepoint     ] Application time: 1.0009319 seconds
[2023-10-19T09:47:06.450+0000][3986.701s][info ][safepoint     ] Entering safepoint region: Cleanup
[2023-10-19T09:47:06.451+0000][3986.702s][info ][safepoint     ] Leaving safepoint region
[2023-10-19T09:47:06.452+0000][3986.702s][info ][safepoint     ] Total time for which application threads were stopped: 0.0013309 seconds, Stopping threads took: 0.0005508 seconds
[2023-10-19T09:47:07.452+0000][3987.703s][debug][safepoint     ] Safepoint synchronization initiated. (173 threads)
[2023-10-19T09:47:07.453+0000][3987.704s][info ][safepoint     ] Application time: 1.0006973 seconds
[2023-10-19T09:47:07.453+0000][3987.704s][info ][safepoint     ] Entering safepoint region: Cleanup
[2023-10-19T09:47:07.454+0000][3987.705s][info ][safepoint     ] Leaving safepoint region
[2023-10-19T09:47:07.454+0000][3987.705s][info ][safepoint     ] Total time for which application threads were stopped: 0.0008735 seconds, Stopping threads took: 0.0003920 seconds
[2023-10-19T09:47:08.455+0000][3988.706s][debug][safepoint     ] Safepoint synchronization initiated. (173 threads)
[2023-10-19T09:47:08.456+0000][3988.707s][info ][safepoint     ] Application time: 1.0013180 seconds
[2023-10-19T09:47:08.456+0000][3988.707s][info ][safepoint     ] Entering safepoint region: Cleanup
[2023-10-19T09:47:08.457+0000][3988.708s][info ][safepoint     ] Leaving safepoint region
[2023-10-19T09:47:08.458+0000][3988.709s][info ][safepoint     ] Total time for which application threads were stopped: 0.0015500 seconds, Stopping threads took: 0.0008033 seconds
[2023-10-19T09:47:09.459+0000][3989.710s][debug][safepoint     ] Safepoint synchronization initiated. (173 threads)
[2023-10-19T09:47:09.460+0000][3989.711s][info ][safepoint     ] Application time: 1.0009040 seconds
[2023-10-19T09:47:09.460+0000][3989.711s][info ][safepoint     ] Entering safepoint region: Cleanup
[2023-10-19T09:47:09.461+0000][3989.712s][info ][safepoint     ] Leaving safepoint region
[2023-10-19T09:47:09.461+0000][3989.712s][info ][safepoint     ] Total time for which application threads were stopped: 0.0012696 seconds, Stopping threads took: 0.0005399 seconds
[2023-10-19T09:47:10.121+0000][3990.372s][debug][safepoint     ] Safepoint synchronization initiated. (173 threads)
[2023-10-19T09:47:10.122+0000][3990.373s][info ][safepoint     ] Application time: 0.6602049 seconds
[2023-10-19T09:47:10.123+0000][3990.374s][info ][safepoint     ] Entering safepoint region: G1CollectForAllocation
[2023-10-19T09:47:10.124+0000][3990.375s][info ][gc,start      ] GC(99) Pause Young (Normal) (G1 Evacuation Pause)
[2023-10-19T09:47:10.124+0000][3990.375s][info ][gc,task       ] GC(99) Using 8 workers of 8 for evacuation
[2023-10-19T09:47:10.130+0000][3990.381s][info ][gc,phases     ] GC(99)   Pre Evacuate Collection Set: 0.1ms
[2023-10-19T09:47:10.130+0000][3990.381s][info ][gc,phases     ] GC(99)   Evacuate Collection Set: 2.0ms
[2023-10-19T09:47:10.131+0000][3990.382s][info ][gc,phases     ] GC(99)   Post Evacuate Collection Set: 2.5ms
[2023-10-19T09:47:10.131+0000][3990.382s][info ][gc,phases     ] GC(99)   Other: 1.5ms
[2023-10-19T09:47:10.132+0000][3990.383s][info ][gc,heap       ] GC(99) Eden regions: 141->0(142)
[2023-10-19T09:47:10.132+0000][3990.383s][info ][gc,heap       ] GC(99) Survivor regions: 2->2(18)
[2023-10-19T09:47:10.133+0000][3990.384s][info ][gc,heap       ] GC(99) Old regions: 132->132
[2023-10-19T09:47:10.133+0000][3990.384s][info ][gc,heap       ] GC(99) Humongous regions: 25->25
[2023-10-19T09:47:10.134+0000][3990.384s][info ][gc,metaspace  ] GC(99) Metaspace: 160766K(167632K)->160766K(167632K) NonClass: 142183K(146640K)->142183K(146640K) Class: 18583K(20992K)->18583K(20992K)
[2023-10-19T09:47:10.134+0000][3990.385s][info ][gc            ] GC(99) Pause Young (Normal) (G1 Evacuation Pause) 297M->156M(350M) 10.332ms
[2023-10-19T09:47:10.134+0000][3990.385s][info ][gc,cpu        ] GC(99) User=0.03s Sys=0.01s Real=0.01s
[2023-10-19T09:47:10.135+0000][3990.386s][info ][safepoint     ] Leaving safepoint region
[2023-10-19T09:47:10.135+0000][3990.386s][info ][safepoint     ] Total time for which application threads were stopped: 0.0127237 seconds, Stopping threads took: 0.0007893 seconds
[2023-10-19T09:47:10.136+0000][3990.387s][info ][gc,stringdedup] Concurrent String Deduplication (3990.387s)
[2023-10-19T09:47:10.136+0000][3990.387s][info ][gc,stringdedup] Concurrent String Deduplication 35288.0B->2336.0B(32952.0B) avg 54.5% (3990.387s, 3990.387s) 0.580ms
[2023-10-19T09:47:11.136+0000][3991.387s][debug][safepoint     ] Safepoint synchronization initiated. (173 threads)
[2023-10-19T09:47:11.137+0000][3991.388s][info ][safepoint     ] Application time: 1.0011527 seconds
[2023-10-19T09:47:11.138+0000][3991.389s][info ][safepoint     ] Entering safepoint region: Cleanup
[2023-10-19T09:47:11.139+0000][3991.390s][info ][safepoint     ] Leaving safepoint region
[2023-10-19T09:47:11.139+0000][3991.390s][info ][safepoint     ] Total time for which application threads were stopped: 0.0016764 seconds, Stopping threads took: 0.0007440 seconds
[2023-10-19T09:47:12.140+0000][3992.391s][debug][safepoint     ] Safepoint synchronization initiated. (173 threads)
[2023-10-19T09:47:12.141+0000][3992.392s][info ][safepoint     ] Application time: 1.0007859 seconds
[2023-10-19T09:47:12.141+0000][3992.392s][info ][safepoint     ] Entering safepoint region: Cleanup
[2023-10-19T09:47:12.142+0000][3992.393s][info ][safepoint     ] Leaving safepoint region
[2023-10-19T09:47:12.142+0000][3992.393s][info ][safepoint     ] Total time for which application threads were stopped: 0.0012991 seconds, Stopping threads took: 0.0005293 seconds
[2023-10-19T09:47:13.143+0000][3993.394s][debug][safepoint     ] Safepoint synchronization initiated. (173 threads)
[2023-10-19T09:47:13.144+0000][3993.395s][info ][safepoint     ] Application time: 1.0009941 seconds
[2023-10-19T09:47:13.145+0000][3993.396s][info ][safepoint     ] Entering safepoint region: Cleanup
[2023-10-19T09:47:13.145+0000][3993.396s][info ][safepoint     ] Leaving safepoint region
[2023-10-19T09:47:13.146+0000][3993.397s][info ][safepoint     ] Total time for which application threads were stopped: 0.0012947 seconds, Stopping threads took: 0.0005862 seconds
[2023-10-19T09:47:14.147+0000][3994.397s][debug][safepoint     ] Safepoint synchronization initiated. (173 threads)
[2023-10-19T09:47:14.148+0000][3994.398s][info ][safepoint     ] Application time: 1.0011860 seconds
[2023-10-19T09:47:14.148+0000][3994.399s][info ][safepoint     ] Entering safepoint region: Cleanup
[2023-10-19T09:47:14.149+0000][3994.400s][info ][safepoint     ] Leaving safepoint region
[2023-10-19T09:47:14.150+0000][3994.401s][info ][safepoint     ] Total time for which application threads were stopped: 0.0016609 seconds, Stopping threads took: 0.0006976 seconds
[2023-10-19T09:47:15.151+0000][3995.402s][debug][safepoint     ] Safepoint synchronization initiated. (173 threads)
[2023-10-19T09:47:15.151+0000][3995.402s][info ][safepoint     ] Application time: 1.0005396 seconds
[2023-10-19T09:47:15.151+0000][3995.402s][info ][safepoint     ] Entering safepoint region: Cleanup
[2023-10-19T09:47:15.152+0000][3995.403s][info ][safepoint     ] Leaving safepoint region
[2023-10-19T09:47:15.152+0000][3995.403s][info ][safepoint     ] Total time for which application threads were stopped: 0.0007999 seconds, Stopping threads took: 0.0003597 seconds
[2023-10-19T09:47:16.153+0000][3996.404s][debug][safepoint     ] Safepoint synchronization initiated. (173 threads)
[2023-10-19T09:47:16.153+0000][3996.404s][info ][safepoint     ] Application time: 1.0007002 seconds
[2023-10-19T09:47:16.154+0000][3996.405s][info ][safepoint     ] Entering safepoint region: Cleanup
[2023-10-19T09:47:16.154+0000][3996.405s][info ][safepoint     ] Leaving safepoint region
[2023-10-19T09:47:16.155+0000][3996.406s][info ][safepoint     ] Total time for which application threads were stopped: 0.0010641 seconds, Stopping threads took: 0.0004492 seconds
[2023-10-19T09:47:17.155+0000][3997.406s][debug][safepoint     ] Safepoint synchronization initiated. (173 threads)
[2023-10-19T09:47:17.156+0000][3997.406s][info ][safepoint     ] Application time: 1.0004769 seconds
[2023-10-19T09:47:17.156+0000][3997.407s][info ][safepoint     ] Entering safepoint region: Cleanup
[2023-10-19T09:47:17.156+0000][3997.407s][info ][safepoint     ] Leaving safepoint region
[2023-10-19T09:47:17.157+0000][3997.408s][info ][safepoint     ] Total time for which application threads were stopped: 0.0008726 seconds, Stopping threads took: 0.0003702 seconds
[2023-10-19T09:47:18.157+0000][3998.408s][debug][safepoint     ] Safepoint synchronization initiated. (173 threads)
[2023-10-19T09:47:18.159+0000][3998.410s][info ][safepoint     ] Application time: 1.0015905 seconds
[2023-10-19T09:47:18.160+0000][3998.411s][info ][safepoint     ] Entering safepoint region: Cleanup
[2023-10-19T09:47:18.161+0000][3998.412s][info ][safepoint     ] Leaving safepoint region
[2023-10-19T09:47:18.162+0000][3998.413s][info ][safepoint     ] Total time for which application threads were stopped: 0.0023662 seconds, Stopping threads took: 0.0010792 seconds
[2023-10-19T09:47:19.163+0000][3999.414s][debug][safepoint     ] Safepoint synchronization initiated. (173 threads)
[2023-10-19T09:47:19.164+0000][3999.415s][info ][safepoint     ] Application time: 1.0010942 seconds
[2023-10-19T09:47:19.164+0000][3999.415s][info ][safepoint     ] Entering safepoint region: Cleanup
[2023-10-19T09:47:19.165+0000][3999.416s][info ][safepoint     ] Leaving safepoint region
[2023-10-19T09:47:19.166+0000][3999.417s][info ][safepoint     ] Total time for which application threads were stopped: 0.0013143 seconds, Stopping threads took: 0.0004872 seconds
[2023-10-19T09:47:20.167+0000][4000.418s][debug][safepoint     ] Safepoint synchronization initiated. (173 threads)
[2023-10-19T09:47:20.167+0000][4000.418s][info ][safepoint     ] Application time: 1.0009761 seconds
[2023-10-19T09:47:20.168+0000][4000.419s][info ][safepoint     ] Entering safepoint region: Cleanup
[2023-10-19T09:47:20.169+0000][4000.420s][info ][safepoint     ] Leaving safepoint region
[2023-10-19T09:47:20.169+0000][4000.420s][info ][safepoint     ] Total time for which application threads were stopped: 0.0012022 seconds, Stopping threads took: 0.0005250 seconds
[2023-10-19T09:47:21.170+0000][4001.421s][debug][safepoint     ] Safepoint synchronization initiated. (173 threads)
[2023-10-19T09:47:21.170+0000][4001.421s][info ][safepoint     ] Application time: 1.0008632 seconds
[2023-10-19T09:47:21.171+0000][4001.422s][info ][safepoint     ] Entering safepoint region: Cleanup
[2023-10-19T09:47:21.172+0000][4001.423s][info ][safepoint     ] Leaving safepoint region
[2023-10-19T09:47:21.172+0000][4001.423s][info ][safepoint     ] Total time for which application threads were stopped: 0.0011420 seconds, Stopping threads took: 0.0005067 seconds
[2023-10-19T09:47:22.173+0000][4002.424s][debug][safepoint     ] Safepoint synchronization initiated. (173 threads)
[2023-10-19T09:47:22.173+0000][4002.424s][info ][safepoint     ] Application time: 1.0007370 seconds
[2023-10-19T09:47:22.174+0000][4002.425s][info ][safepoint     ] Entering safepoint region: Cleanup
[2023-10-19T09:47:22.175+0000][4002.425s][info ][safepoint     ] Leaving safepoint region
[2023-10-19T09:47:22.175+0000][4002.426s][info ][safepoint     ] Total time for which application threads were stopped: 0.0011462 seconds, Stopping threads took: 0.0004970 seconds
[2023-10-19T09:47:22.175+0000][4002.426s][debug][safepoint     ] ... found polling page return exception at pc = 0x00007f0de87cbbc4, stub =0x00007f0de0840600
[2023-10-19T09:47:23.176+0000][4003.427s][debug][safepoint     ] Safepoint synchronization initiated. (173 threads)
[2023-10-19T09:47:23.176+0000][4003.427s][info ][safepoint     ] Application time: 1.0007250 seconds
[2023-10-19T09:47:23.177+0000][4003.428s][info ][safepoint     ] Entering safepoint region: Cleanup
[2023-10-19T09:47:23.178+0000][4003.429s][info ][safepoint     ] Leaving safepoint region
[2023-10-19T09:47:23.178+0000][4003.429s][info ][safepoint     ] Total time for which application threads were stopped: 0.0013914 seconds, Stopping threads took: 0.0006212 seconds
[2023-10-19T09:47:24.179+0000][4004.430s][debug][safepoint     ] Safepoint synchronization initiated. (173 threads)
[2023-10-19T09:47:24.179+0000][4004.430s][info ][safepoint     ] Application time: 1.0007458 seconds
[2023-10-19T09:47:24.180+0000][4004.431s][info ][safepoint     ] Entering safepoint region: Cleanup
[2023-10-19T09:47:24.181+0000][4004.431s][info ][safepoint     ] Leaving safepoint region
[2023-10-19T09:47:24.181+0000][4004.432s][info ][safepoint     ] Total time for which application threads were stopped: 0.0010901 seconds, Stopping threads took: 0.0004921 seconds
[2023-10-19T09:47:25.181+0000][4005.432s][debug][safepoint     ] Safepoint synchronization initiated. (173 threads)
[2023-10-19T09:47:25.182+0000][4005.433s][info ][safepoint     ] Application time: 1.0005629 seconds
[2023-10-19T09:47:25.182+0000][4005.433s][info ][safepoint     ] Entering safepoint region: Cleanup
[2023-10-19T09:47:25.183+0000][4005.434s][info ][safepoint     ] Leaving safepoint region
[2023-10-19T09:47:25.183+0000][4005.434s][info ][safepoint     ] Total time for which application threads were stopped: 0.0007912 seconds, Stopping threads took: 0.0003185 seconds
[2023-10-19T09:47:26.183+0000][4006.434s][debug][safepoint     ] Safepoint synchronization initiated. (173 threads)
[2023-10-19T09:47:26.184+0000][4006.435s][info ][safepoint     ] Application time: 1.0009529 seconds
[2023-10-19T09:47:26.185+0000][4006.436s][info ][safepoint     ] Entering safepoint region: Cleanup
[2023-10-19T09:47:26.185+0000][4006.436s][info ][safepoint     ] Leaving safepoint region
[2023-10-19T09:47:26.186+0000][4006.437s][info ][safepoint     ] Total time for which application threads were stopped: 0.0010126 seconds, Stopping threads took: 0.0004711 seconds
[2023-10-19T09:47:27.186+0000][4007.437s][debug][safepoint     ] Safepoint synchronization initiated. (173 threads)
[2023-10-19T09:47:27.187+0000][4007.438s][info ][safepoint     ] Application time: 1.0009303 seconds
[2023-10-19T09:47:27.188+0000][4007.439s][info ][safepoint     ] Entering safepoint region: Cleanup
[2023-10-19T09:47:27.188+0000][4007.439s][info ][safepoint     ] Leaving safepoint region
[2023-10-19T09:47:27.189+0000][4007.440s][info ][safepoint     ] Total time for which application threads were stopped: 0.0011089 seconds, Stopping threads took: 0.0004741 seconds
[2023-10-19T09:47:28.190+0000][4008.441s][debug][safepoint     ] Safepoint synchronization initiated. (173 threads)
[2023-10-19T09:47:28.191+0000][4008.442s][info ][safepoint     ] Application time: 1.0016191 seconds
[2023-10-19T09:47:28.192+0000][4008.443s][info ][safepoint     ] Entering safepoint region: Cleanup
[2023-10-19T09:47:28.193+0000][4008.444s][info ][safepoint     ] Leaving safepoint region
[2023-10-19T09:47:28.194+0000][4008.445s][info ][safepoint     ] Total time for which application threads were stopped: 0.0023381 seconds, Stopping threads took: 0.0011002 seconds
[2023-10-19T09:47:29.195+0000][4009.446s][debug][safepoint     ] Safepoint synchronization initiated. (173 threads)
[2023-10-19T09:47:29.196+0000][4009.447s][info ][safepoint     ] Application time: 1.0007534 seconds
[2023-10-19T09:47:29.196+0000][4009.447s][info ][safepoint     ] Entering safepoint region: Cleanup
[2023-10-19T09:47:29.197+0000][4009.448s][info ][safepoint     ] Leaving safepoint region
[2023-10-19T09:47:29.197+0000][4009.448s][info ][safepoint     ] Total time for which application threads were stopped: 0.0010369 seconds, Stopping threads took: 0.0004545 seconds
[2023-10-19T09:47:30.198+0000][4010.449s][debug][safepoint     ] Safepoint synchronization initiated. (173 threads)
[2023-10-19T09:47:30.198+0000][4010.449s][info ][safepoint     ] Application time: 1.0005416 seconds
[2023-10-19T09:47:30.198+0000][4010.449s][info ][safepoint     ] Entering safepoint region: Cleanup
[2023-10-19T09:47:30.199+0000][4010.450s][info ][safepoint     ] Leaving safepoint region
[2023-10-19T09:47:30.199+0000][4010.450s][info ][safepoint     ] Total time for which application threads were stopped: 0.0007148 seconds, Stopping threads took: 0.0002811 seconds
[2023-10-19T09:47:31.200+0000][4011.450s][debug][safepoint     ] Safepoint synchronization initiated. (173 threads)
[2023-10-19T09:47:31.200+0000][4011.451s][info ][safepoint     ] Application time: 1.0008595 seconds
[2023-10-19T09:47:31.201+0000][4011.452s][info ][safepoint     ] Entering safepoint region: Cleanup
[2023-10-19T09:47:31.201+0000][4011.452s][info ][safepoint     ] Leaving safepoint region
[2023-10-19T09:47:31.202+0000][4011.453s][info ][safepoint     ] Total time for which application threads were stopped: 0.0010407 seconds, Stopping threads took: 0.0005837 seconds
[2023-10-19T09:47:32.202+0000][4012.453s][debug][safepoint     ] Safepoint synchronization initiated. (173 threads)
[2023-10-19T09:47:32.203+0000][4012.454s][info ][safepoint     ] Application time: 1.0012291 seconds
[2023-10-19T09:47:32.204+0000][4012.455s][info ][safepoint     ] Entering safepoint region: Cleanup
[2023-10-19T09:47:32.205+0000][4012.456s][info ][safepoint     ] Leaving safepoint region
[2023-10-19T09:47:32.206+0000][4012.456s][info ][safepoint     ] Total time for which application threads were stopped: 0.0016571 seconds, Stopping threads took: 0.0007763 seconds
[2023-10-19T09:47:33.207+0000][4013.458s][debug][safepoint     ] Safepoint synchronization initiated. (173 threads)
[2023-10-19T09:47:33.208+0000][4013.459s][info ][safepoint     ] Application time: 1.0018847 seconds
[2023-10-19T09:47:33.209+0000][4013.460s][info ][safepoint     ] Entering safepoint region: Cleanup
[2023-10-19T09:47:33.211+0000][4013.462s][info ][safepoint     ] Leaving safepoint region
[2023-10-19T09:47:33.211+0000][4013.462s][info ][safepoint     ] Total time for which application threads were stopped: 0.0019923 seconds, Stopping threads took: 0.0009721 seconds
[2023-10-19T09:47:34.212+0000][4014.463s][debug][safepoint     ] Safepoint synchronization initiated. (173 threads)
[2023-10-19T09:47:34.213+0000][4014.464s][info ][safepoint     ] Application time: 1.0012459 seconds
[2023-10-19T09:47:34.214+0000][4014.465s][info ][safepoint     ] Entering safepoint region: Cleanup
[2023-10-19T09:47:34.215+0000][4014.466s][info ][safepoint     ] Leaving safepoint region
[2023-10-19T09:47:34.215+0000][4014.466s][info ][safepoint     ] Total time for which application threads were stopped: 0.0013166 seconds, Stopping threads took: 0.0006381 seconds
[2023-10-19T09:47:35.216+0000][4015.467s][debug][safepoint     ] Safepoint synchronization initiated. (173 threads)
[2023-10-19T09:47:35.217+0000][4015.468s][info ][safepoint     ] Application time: 1.0012400 seconds
[2023-10-19T09:47:35.218+0000][4015.469s][info ][safepoint     ] Entering safepoint region: Cleanup
[2023-10-19T09:47:35.219+0000][4015.470s][info ][safepoint     ] Leaving safepoint region
[2023-10-19T09:47:35.220+0000][4015.471s][info ][safepoint     ] Total time for which application threads were stopped: 0.0016963 seconds, Stopping threads took: 0.0008482 seconds
[2023-10-19T09:47:36.220+0000][4016.471s][debug][safepoint     ] Safepoint synchronization initiated. (173 threads)
[2023-10-19T09:47:36.221+0000][4016.472s][info ][safepoint     ] Application time: 1.0006508 seconds
[2023-10-19T09:47:36.221+0000][4016.472s][info ][safepoint     ] Entering safepoint region: Cleanup
[2023-10-19T09:47:36.222+0000][4016.473s][info ][safepoint     ] Leaving safepoint region
[2023-10-19T09:47:36.222+0000][4016.473s][info ][safepoint     ] Total time for which application threads were stopped: 0.0008206 seconds, Stopping threads took: 0.0003211 seconds
[2023-10-19T09:47:37.223+0000][4017.474s][debug][safepoint     ] Safepoint synchronization initiated. (173 threads)
[2023-10-19T09:47:37.224+0000][4017.475s][info ][safepoint     ] Application time: 1.0012756 seconds
[2023-10-19T09:47:37.225+0000][4017.475s][info ][safepoint     ] Entering safepoint region: Cleanup
[2023-10-19T09:47:37.225+0000][4017.476s][info ][safepoint     ] Leaving safepoint region
[2023-10-19T09:47:37.226+0000][4017.477s][info ][safepoint     ] Total time for which application threads were stopped: 0.0013568 seconds, Stopping threads took: 0.0006263 seconds
[2023-10-19T09:47:38.227+0000][4018.478s][debug][safepoint     ] Safepoint synchronization initiated. (173 threads)
[2023-10-19T09:47:38.227+0000][4018.478s][info ][safepoint     ] Application time: 1.0008580 seconds
[2023-10-19T09:47:38.228+0000][4018.479s][info ][safepoint     ] Entering safepoint region: Cleanup
[2023-10-19T09:47:38.229+0000][4018.480s][info ][safepoint     ] Leaving safepoint region
[2023-10-19T09:47:38.230+0000][4018.481s][info ][safepoint     ] Total time for which application threads were stopped: 0.0016616 seconds, Stopping threads took: 0.0009177 seconds
[2023-10-19T09:47:39.231+0000][4019.482s][debug][safepoint     ] Safepoint synchronization initiated. (173 threads)
[2023-10-19T09:47:39.231+0000][4019.482s][info ][safepoint     ] Application time: 1.0008839 seconds
[2023-10-19T09:47:39.232+0000][4019.483s][info ][safepoint     ] Entering safepoint region: Cleanup
[2023-10-19T09:47:39.233+0000][4019.484s][info ][safepoint     ] Leaving safepoint region
[2023-10-19T09:47:39.233+0000][4019.484s][info ][safepoint     ] Total time for which application threads were stopped: 0.0013410 seconds, Stopping threads took: 0.0005951 seconds
[2023-10-19T09:47:40.234+0000][4020.485s][debug][safepoint     ] Safepoint synchronization initiated. (173 threads)
[2023-10-19T09:47:40.235+0000][4020.486s][info ][safepoint     ] Application time: 1.0013749 seconds
[2023-10-19T09:47:40.236+0000][4020.487s][info ][safepoint     ] Entering safepoint region: Cleanup
[2023-10-19T09:47:40.237+0000][4020.488s][info ][safepoint     ] Leaving safepoint region
[2023-10-19T09:47:40.238+0000][4020.489s][info ][safepoint     ] Total time for which application threads were stopped: 0.0020604 seconds, Stopping threads took: 0.0008477 seconds
[2023-10-19T09:47:41.239+0000][4021.490s][debug][safepoint     ] Safepoint synchronization initiated. (173 threads)
[2023-10-19T09:47:41.239+0000][4021.490s][info ][safepoint     ] Application time: 1.0008615 seconds
[2023-10-19T09:47:41.240+0000][4021.491s][info ][safepoint     ] Entering safepoint region: Cleanup
[2023-10-19T09:47:41.241+0000][4021.492s][info ][safepoint     ] Leaving safepoint region
[2023-10-19T09:47:41.241+0000][4021.492s][info ][safepoint     ] Total time for which application threads were stopped: 0.0015101 seconds, Stopping threads took: 0.0006225 seconds
[2023-10-19T09:47:42.242+0000][4022.493s][debug][safepoint     ] Safepoint synchronization initiated. (173 threads)
[2023-10-19T09:47:42.243+0000][4022.494s][info ][safepoint     ] Application time: 1.0005795 seconds
[2023-10-19T09:47:42.243+0000][4022.494s][info ][safepoint     ] Entering safepoint region: Cleanup
[2023-10-19T09:47:42.243+0000][4022.494s][info ][safepoint     ] Leaving safepoint region
[2023-10-19T09:47:42.244+0000][4022.495s][info ][safepoint     ] Total time for which application threads were stopped: 0.0008351 seconds, Stopping threads took: 0.0003004 seconds
[2023-10-19T09:47:43.244+0000][4023.495s][debug][safepoint     ] Safepoint synchronization initiated. (173 threads)
[2023-10-19T09:47:43.245+0000][4023.496s][info ][safepoint     ] Application time: 1.0009334 seconds
[2023-10-19T09:47:43.246+0000][4023.497s][info ][safepoint     ] Entering safepoint region: Cleanup
[2023-10-19T09:47:43.247+0000][4023.498s][info ][safepoint     ] Leaving safepoint region
[2023-10-19T09:47:43.247+0000][4023.498s][info ][safepoint     ] Total time for which application threads were stopped: 0.0014226 seconds, Stopping threads took: 0.0007946 seconds
[2023-10-19T09:47:44.248+0000][4024.499s][debug][safepoint     ] Safepoint synchronization initiated. (173 threads)
[2023-10-19T09:47:44.248+0000][4024.499s][info ][safepoint     ] Application time: 1.0005074 seconds
[2023-10-19T09:47:44.248+0000][4024.499s][info ][safepoint     ] Entering safepoint region: Cleanup
[2023-10-19T09:47:44.249+0000][4024.500s][info ][safepoint     ] Leaving safepoint region
[2023-10-19T09:47:44.249+0000][4024.500s][info ][safepoint     ] Total time for which application threads were stopped: 0.0008084 seconds, Stopping threads took: 0.0003441 seconds
[2023-10-19T09:47:45.250+0000][4025.501s][debug][safepoint     ] Safepoint synchronization initiated. (173 threads)
[2023-10-19T09:47:45.250+0000][4025.501s][info ][safepoint     ] Application time: 1.0007336 seconds
[2023-10-19T09:47:45.251+0000][4025.502s][info ][safepoint     ] Entering safepoint region: Cleanup
[2023-10-19T09:47:45.251+0000][4025.502s][info ][safepoint     ] Leaving safepoint region
[2023-10-19T09:47:45.252+0000][4025.503s][info ][safepoint     ] Total time for which application threads were stopped: 0.0009378 seconds, Stopping threads took: 0.0003995 seconds
[2023-10-19T09:47:46.252+0000][4026.503s][debug][safepoint     ] Safepoint synchronization initiated. (173 threads)
[2023-10-19T09:47:46.253+0000][4026.504s][info ][safepoint     ] Application time: 1.0006607 seconds
[2023-10-19T09:47:46.253+0000][4026.504s][info ][safepoint     ] Entering safepoint region: Cleanup
[2023-10-19T09:47:46.254+0000][4026.505s][info ][safepoint     ] Leaving safepoint region
[2023-10-19T09:47:46.254+0000][4026.505s][info ][safepoint     ] Total time for which application threads were stopped: 0.0009655 seconds, Stopping threads took: 0.0003878 seconds
[2023-10-19T09:47:47.255+0000][4027.505s][debug][safepoint     ] Safepoint synchronization initiated. (173 threads)
[2023-10-19T09:47:47.255+0000][4027.506s][info ][safepoint     ] Application time: 1.0011327 seconds
[2023-10-19T09:47:47.256+0000][4027.507s][info ][safepoint     ] Entering safepoint region: Cleanup
[2023-10-19T09:47:47.257+0000][4027.508s][info ][safepoint     ] Leaving safepoint region
[2023-10-19T09:47:47.258+0000][4027.509s][info ][safepoint     ] Total time for which application threads were stopped: 0.0019022 seconds, Stopping threads took: 0.0008523 seconds
[2023-10-19T09:47:48.259+0000][4028.510s][debug][safepoint     ] Safepoint synchronization initiated. (173 threads)
[2023-10-19T09:47:48.260+0000][4028.511s][info ][safepoint     ] Application time: 1.0011715 seconds
[2023-10-19T09:47:48.261+0000][4028.512s][info ][safepoint     ] Entering safepoint region: Cleanup
[2023-10-19T09:47:48.262+0000][4028.513s][info ][safepoint     ] Leaving safepoint region
[2023-10-19T09:47:48.263+0000][4028.514s][info ][safepoint     ] Total time for which application threads were stopped: 0.0017524 seconds, Stopping threads took: 0.0007609 seconds
[2023-10-19T09:47:49.263+0000][4029.514s][debug][safepoint     ] Safepoint synchronization initiated. (173 threads)
[2023-10-19T09:47:49.264+0000][4029.515s][info ][safepoint     ] Application time: 1.0010749 seconds
[2023-10-19T09:47:49.265+0000][4029.516s][info ][safepoint     ] Entering safepoint region: Cleanup
[2023-10-19T09:47:49.266+0000][4029.517s][info ][safepoint     ] Leaving safepoint region
[2023-10-19T09:47:49.266+0000][4029.517s][info ][safepoint     ] Total time for which application threads were stopped: 0.0011306 seconds, Stopping threads took: 0.0005450 seconds
[2023-10-19T09:47:50.267+0000][4030.518s][debug][safepoint     ] Safepoint synchronization initiated. (173 threads)
[2023-10-19T09:47:50.267+0000][4030.518s][info ][safepoint     ] Application time: 1.0006533 seconds
[2023-10-19T09:47:50.268+0000][4030.519s][info ][safepoint     ] Entering safepoint region: Cleanup
[2023-10-19T09:47:50.268+0000][4030.519s][info ][safepoint     ] Leaving safepoint region
[2023-10-19T09:47:50.269+0000][4030.520s][info ][safepoint     ] Total time for which application threads were stopped: 0.0009344 seconds, Stopping threads took: 0.0003440 seconds
[2023-10-19T09:47:51.269+0000][4031.520s][debug][safepoint     ] Safepoint synchronization initiated. (173 threads)
[2023-10-19T09:47:51.270+0000][4031.521s][info ][safepoint     ] Application time: 1.0011301 seconds
[2023-10-19T09:47:51.271+0000][4031.522s][info ][safepoint     ] Entering safepoint region: Cleanup
[2023-10-19T09:47:51.272+0000][4031.523s][info ][safepoint     ] Leaving safepoint region
[2023-10-19T09:47:51.272+0000][4031.523s][info ][safepoint     ] Total time for which application threads were stopped: 0.0012889 seconds, Stopping threads took: 0.0006769 seconds
[2023-10-19T09:47:52.273+0000][4032.524s][debug][safepoint     ] Safepoint synchronization initiated. (173 threads)
[2023-10-19T09:47:52.273+0000][4032.524s][info ][safepoint     ] Application time: 1.0008864 seconds
[2023-10-19T09:47:52.274+0000][4032.525s][info ][safepoint     ] Entering safepoint region: Cleanup
[2023-10-19T09:47:52.275+0000][4032.526s][info ][safepoint     ] Leaving safepoint region
[2023-10-19T09:47:52.275+0000][4032.526s][info ][safepoint     ] Total time for which application threads were stopped: 0.0012548 seconds, Stopping threads took: 0.0005319 seconds
[2023-10-19T09:47:53.276+0000][4033.527s][debug][safepoint     ] Safepoint synchronization initiated. (173 threads)
[2023-10-19T09:47:53.276+0000][4033.527s][info ][safepoint     ] Application time: 1.0006843 seconds
[2023-10-19T09:47:53.277+0000][4033.528s][info ][safepoint     ] Entering safepoint region: Cleanup
[2023-10-19T09:47:53.278+0000][4033.528s][info ][safepoint     ] Leaving safepoint region
[2023-10-19T09:47:53.278+0000][4033.529s][info ][safepoint     ] Total time for which application threads were stopped: 0.0010664 seconds, Stopping threads took: 0.0004037 seconds
[2023-10-19T09:47:54.278+0000][4034.529s][debug][safepoint     ] Safepoint synchronization initiated. (173 threads)
[2023-10-19T09:47:54.279+0000][4034.530s][info ][safepoint     ] Application time: 1.0006774 seconds
[2023-10-19T09:47:54.279+0000][4034.530s][info ][safepoint     ] Entering safepoint region: Cleanup
[2023-10-19T09:47:54.280+0000][4034.531s][info ][safepoint     ] Leaving safepoint region
[2023-10-19T09:47:54.281+0000][4034.532s][info ][safepoint     ] Total time for which application threads were stopped: 0.0011578 seconds, Stopping threads took: 0.0004575 seconds
[2023-10-19T09:47:55.281+0000][4035.532s][debug][safepoint     ] Safepoint synchronization initiated. (173 threads)
[2023-10-19T09:47:55.282+0000][4035.533s][info ][safepoint     ] Application time: 1.0008446 seconds
[2023-10-19T09:47:55.283+0000][4035.533s][info ][safepoint     ] Entering safepoint region: Cleanup
[2023-10-19T09:47:55.283+0000][4035.534s][info ][safepoint     ] Leaving safepoint region
[2023-10-19T09:47:55.284+0000][4035.535s][info ][safepoint     ] Total time for which application threads were stopped: 0.0012490 seconds, Stopping threads took: 0.0005514 seconds
[2023-10-19T09:47:56.284+0000][4036.535s][debug][safepoint     ] Safepoint synchronization initiated. (173 threads)
[2023-10-19T09:47:56.285+0000][4036.536s][info ][safepoint     ] Application time: 1.0009564 seconds
[2023-10-19T09:47:56.286+0000][4036.537s][info ][safepoint     ] Entering safepoint region: Cleanup
[2023-10-19T09:47:56.287+0000][4036.538s][info ][safepoint     ] Leaving safepoint region
[2023-10-19T09:47:56.287+0000][4036.538s][info ][safepoint     ] Total time for which application threads were stopped: 0.0013740 seconds, Stopping threads took: 0.0005956 seconds
[2023-10-19T09:47:57.288+0000][4037.539s][debug][safepoint     ] Safepoint synchronization initiated. (173 threads)
[2023-10-19T09:47:57.288+0000][4037.539s][info ][safepoint     ] Application time: 1.0005960 seconds
[2023-10-19T09:47:57.289+0000][4037.540s][info ][safepoint     ] Entering safepoint region: Cleanup
[2023-10-19T09:47:57.289+0000][4037.540s][info ][safepoint     ] Leaving safepoint region
[2023-10-19T09:47:57.290+0000][4037.541s][info ][safepoint     ] Total time for which application threads were stopped: 0.0008548 seconds, Stopping threads took: 0.0003656 seconds
[2023-10-19T09:47:58.290+0000][4038.541s][debug][safepoint     ] Safepoint synchronization initiated. (173 threads)
[2023-10-19T09:47:58.291+0000][4038.542s][info ][safepoint     ] Application time: 1.0006984 seconds
[2023-10-19T09:47:58.291+0000][4038.542s][info ][safepoint     ] Entering safepoint region: Cleanup
[2023-10-19T09:47:58.292+0000][4038.543s][info ][safepoint     ] Leaving safepoint region
[2023-10-19T09:47:58.292+0000][4038.543s][info ][safepoint     ] Total time for which application threads were stopped: 0.0009382 seconds, Stopping threads took: 0.0004290 seconds
[2023-10-19T09:47:59.293+0000][4039.544s][debug][safepoint     ] Safepoint synchronization initiated. (173 threads)
[2023-10-19T09:47:59.293+0000][4039.544s][info ][safepoint     ] Application time: 1.0007969 seconds
[2023-10-19T09:47:59.294+0000][4039.545s][info ][safepoint     ] Entering safepoint region: Cleanup
[2023-10-19T09:47:59.294+0000][4039.545s][info ][safepoint     ] Leaving safepoint region
[2023-10-19T09:47:59.295+0000][4039.546s][info ][safepoint     ] Total time for which application threads were stopped: 0.0009334 seconds, Stopping threads took: 0.0003987 seconds
[2023-10-19T09:48:00.295+0000][4040.546s][debug][safepoint     ] Safepoint synchronization initiated. (173 threads)
[2023-10-19T09:48:00.296+0000][4040.547s][info ][safepoint     ] Application time: 1.0012598 seconds
[2023-10-19T09:48:00.297+0000][4040.548s][info ][safepoint     ] Entering safepoint region: Cleanup
[2023-10-19T09:48:00.298+0000][4040.549s][info ][safepoint     ] Leaving safepoint region
[2023-10-19T09:48:00.299+0000][4040.550s][info ][safepoint     ] Total time for which application threads were stopped: 0.0018108 seconds, Stopping threads took: 0.0008185 seconds
[2023-10-19T09:48:01.300+0000][4041.551s][debug][safepoint     ] Safepoint synchronization initiated. (173 threads)
[2023-10-19T09:48:01.301+0000][4041.552s][info ][safepoint     ] Application time: 1.0013185 seconds
[2023-10-19T09:48:01.302+0000][4041.553s][info ][safepoint     ] Entering safepoint region: Cleanup
[2023-10-19T09:48:01.303+0000][4041.554s][info ][safepoint     ] Leaving safepoint region
[2023-10-19T09:48:01.303+0000][4041.554s][info ][safepoint     ] Total time for which application threads were stopped: 0.0016917 seconds, Stopping threads took: 0.0008164 seconds
[2023-10-19T09:48:02.304+0000][4042.555s][debug][safepoint     ] Safepoint synchronization initiated. (173 threads)
[2023-10-19T09:48:02.305+0000][4042.556s][info ][safepoint     ] Application time: 1.0007512 seconds
[2023-10-19T09:48:02.305+0000][4042.556s][info ][safepoint     ] Entering safepoint region: Cleanup
[2023-10-19T09:48:02.306+0000][4042.557s][info ][safepoint     ] Leaving safepoint region
[2023-10-19T09:48:02.307+0000][4042.558s][info ][safepoint     ] Total time for which application threads were stopped: 0.0013110 seconds, Stopping threads took: 0.0006283 seconds
[2023-10-19T09:48:03.307+0000][4043.558s][debug][safepoint     ] Safepoint synchronization initiated. (173 threads)
[2023-10-19T09:48:03.308+0000][4043.559s][info ][safepoint     ] Application time: 1.0009002 seconds
[2023-10-19T09:48:03.309+0000][4043.559s][info ][safepoint     ] Entering safepoint region: Cleanup
[2023-10-19T09:48:03.309+0000][4043.560s][info ][safepoint     ] Leaving safepoint region
[2023-10-19T09:48:03.310+0000][4043.561s][info ][safepoint     ] Total time for which application threads were stopped: 0.0012331 seconds, Stopping threads took: 0.0005942 seconds
[2023-10-19T09:48:04.310+0000][4044.561s][debug][safepoint     ] Safepoint synchronization initiated. (173 threads)
[2023-10-19T09:48:04.311+0000][4044.562s][info ][safepoint     ] Application time: 1.0005929 seconds
[2023-10-19T09:48:04.311+0000][4044.562s][info ][safepoint     ] Entering safepoint region: Cleanup
[2023-10-19T09:48:04.312+0000][4044.563s][info ][safepoint     ] Leaving safepoint region
[2023-10-19T09:48:04.312+0000][4044.563s][info ][safepoint     ] Total time for which application threads were stopped: 0.0008283 seconds, Stopping threads took: 0.0003280 seconds
[2023-10-19T09:48:05.312+0000][4045.563s][debug][safepoint     ] Safepoint synchronization initiated. (173 threads)
[2023-10-19T09:48:05.313+0000][4045.564s][info ][safepoint     ] Application time: 1.0011032 seconds
[2023-10-19T09:48:05.314+0000][4045.565s][info ][safepoint     ] Entering safepoint region: Cleanup
[2023-10-19T09:48:05.315+0000][4045.566s][info ][safepoint     ] Leaving safepoint region
[2023-10-19T09:48:05.316+0000][4045.567s][info ][safepoint     ] Total time for which application threads were stopped: 0.0017228 seconds, Stopping threads took: 0.0007138 seconds
[2023-10-19T09:48:06.316+0000][4046.567s][debug][safepoint     ] Safepoint synchronization initiated. (173 threads)
[2023-10-19T09:48:06.317+0000][4046.568s][info ][safepoint     ] Application time: 1.0011836 seconds
[2023-10-19T09:48:06.318+0000][4046.569s][info ][safepoint     ] Entering safepoint region: Cleanup
[2023-10-19T09:48:06.319+0000][4046.570s][info ][safepoint     ] Leaving safepoint region
[2023-10-19T09:48:06.320+0000][4046.571s][info ][safepoint     ] Total time for which application threads were stopped: 0.0014967 seconds, Stopping threads took: 0.0006817 seconds
[2023-10-19T09:48:07.321+0000][4047.571s][debug][safepoint     ] Safepoint synchronization initiated. (173 threads)
[2023-10-19T09:48:07.321+0000][4047.572s][info ][safepoint     ] Application time: 1.0007325 seconds
[2023-10-19T09:48:07.322+0000][4047.572s][info ][safepoint     ] Entering safepoint region: Cleanup
[2023-10-19T09:48:07.322+0000][4047.573s][info ][safepoint     ] Leaving safepoint region
[2023-10-19T09:48:07.322+0000][4047.573s][info ][safepoint     ] Total time for which application threads were stopped: 0.0008418 seconds, Stopping threads took: 0.0003516 seconds
[2023-10-19T09:48:08.323+0000][4048.574s][debug][safepoint     ] Safepoint synchronization initiated. (173 threads)
[2023-10-19T09:48:08.323+0000][4048.574s][info ][safepoint     ] Application time: 1.0005159 seconds
[2023-10-19T09:48:08.324+0000][4048.575s][info ][safepoint     ] Entering safepoint region: Cleanup
[2023-10-19T09:48:08.324+0000][4048.575s][info ][safepoint     ] Leaving safepoint region
[2023-10-19T09:48:08.324+0000][4048.575s][info ][safepoint     ] Total time for which application threads were stopped: 0.0008405 seconds, Stopping threads took: 0.0003560 seconds
[2023-10-19T09:48:09.325+0000][4049.576s][debug][safepoint     ] Safepoint synchronization initiated. (173 threads)
[2023-10-19T09:48:09.325+0000][4049.576s][info ][safepoint     ] Application time: 1.0007536 seconds
[2023-10-19T09:48:09.326+0000][4049.577s][info ][safepoint     ] Entering safepoint region: Cleanup
[2023-10-19T09:48:09.327+0000][4049.577s][info ][safepoint     ] Leaving safepoint region
[2023-10-19T09:48:09.327+0000][4049.578s][info ][safepoint     ] Total time for which application threads were stopped: 0.0011566 seconds, Stopping threads took: 0.0004222 seconds
[2023-10-19T09:48:10.328+0000][4050.579s][debug][safepoint     ] Safepoint synchronization initiated. (173 threads)
[2023-10-19T09:48:10.328+0000][4050.579s][info ][safepoint     ] Application time: 1.0006183 seconds
[2023-10-19T09:48:10.329+0000][4050.579s][info ][safepoint     ] Entering safepoint region: Cleanup
[2023-10-19T09:48:10.329+0000][4050.580s][info ][safepoint     ] Leaving safepoint region
[2023-10-19T09:48:10.330+0000][4050.580s][info ][safepoint     ] Total time for which application threads were stopped: 0.0010247 seconds, Stopping threads took: 0.0004513 seconds
[2023-10-19T09:48:11.330+0000][4051.581s][debug][safepoint     ] Safepoint synchronization initiated. (173 threads)
[2023-10-19T09:48:11.331+0000][4051.582s][info ][safepoint     ] Application time: 1.0007720 seconds
[2023-10-19T09:48:11.331+0000][4051.582s][info ][safepoint     ] Entering safepoint region: Cleanup
[2023-10-19T09:48:11.332+0000][4051.583s][info ][safepoint     ] Leaving safepoint region
[2023-10-19T09:48:11.332+0000][4051.583s][info ][safepoint     ] Total time for which application threads were stopped: 0.0011190 seconds, Stopping threads took: 0.0003645 seconds
[2023-10-19T09:48:12.333+0000][4052.584s][debug][safepoint     ] Safepoint synchronization initiated. (173 threads)
[2023-10-19T09:48:12.333+0000][4052.584s][info ][safepoint     ] Application time: 1.0006678 seconds
[2023-10-19T09:48:12.334+0000][4052.585s][info ][safepoint     ] Entering safepoint region: Cleanup
[2023-10-19T09:48:12.334+0000][4052.585s][info ][safepoint     ] Leaving safepoint region
[2023-10-19T09:48:12.335+0000][4052.586s][info ][safepoint     ] Total time for which application threads were stopped: 0.0010680 seconds, Stopping threads took: 0.0004298 seconds
[2023-10-19T09:48:13.335+0000][4053.586s][debug][safepoint     ] Safepoint synchronization initiated. (173 threads)
[2023-10-19T09:48:13.336+0000][4053.587s][info ][safepoint     ] Application time: 1.0006764 seconds
[2023-10-19T09:48:13.337+0000][4053.587s][info ][safepoint     ] Entering safepoint region: Cleanup
[2023-10-19T09:48:13.337+0000][4053.588s][info ][safepoint     ] Leaving safepoint region
[2023-10-19T09:48:13.338+0000][4053.589s][info ][safepoint     ] Total time for which application threads were stopped: 0.0011346 seconds, Stopping threads took: 0.0004666 seconds
[2023-10-19T09:48:14.338+0000][4054.589s][debug][safepoint     ] Safepoint synchronization initiated. (173 threads)
[2023-10-19T09:48:14.339+0000][4054.590s][info ][safepoint     ] Application time: 1.0011808 seconds
[2023-10-19T09:48:14.340+0000][4054.591s][info ][safepoint     ] Entering safepoint region: Cleanup
[2023-10-19T09:48:14.341+0000][4054.592s][info ][safepoint     ] Leaving safepoint region
[2023-10-19T09:48:14.342+0000][4054.593s][info ][safepoint     ] Total time for which application threads were stopped: 0.0016817 seconds, Stopping threads took: 0.0007597 seconds
[2023-10-19T09:48:15.343+0000][4055.593s][debug][safepoint     ] Safepoint synchronization initiated. (173 threads)
[2023-10-19T09:48:15.343+0000][4055.594s][info ][safepoint     ] Application time: 1.0009826 seconds
[2023-10-19T09:48:15.344+0000][4055.595s][info ][safepoint     ] Entering safepoint region: Cleanup
[2023-10-19T09:48:15.345+0000][4055.596s][info ][safepoint     ] Leaving safepoint region
[2023-10-19T09:48:15.346+0000][4055.597s][info ][safepoint     ] Total time for which application threads were stopped: 0.0018357 seconds, Stopping threads took: 0.0007434 seconds
[2023-10-19T09:48:16.346+0000][4056.597s][debug][safepoint     ] Safepoint synchronization initiated. (173 threads)
[2023-10-19T09:48:16.347+0000][4056.598s][info ][safepoint     ] Application time: 1.0010320 seconds
[2023-10-19T09:48:16.348+0000][4056.599s][info ][safepoint     ] Entering safepoint region: Cleanup
[2023-10-19T09:48:16.349+0000][4056.600s][info ][safepoint     ] Leaving safepoint region
[2023-10-19T09:48:16.350+0000][4056.601s][info ][safepoint     ] Total time for which application threads were stopped: 0.0015527 seconds, Stopping threads took: 0.0007077 seconds
[2023-10-19T09:48:17.351+0000][4057.602s][debug][safepoint     ] Safepoint synchronization initiated. (173 threads)
[2023-10-19T09:48:17.352+0000][4057.603s][info ][safepoint     ] Application time: 1.0014211 seconds
[2023-10-19T09:48:17.353+0000][4057.604s][info ][safepoint     ] Entering safepoint region: Cleanup
[2023-10-19T09:48:17.354+0000][4057.605s][info ][safepoint     ] Leaving safepoint region
[2023-10-19T09:48:17.355+0000][4057.606s][info ][safepoint     ] Total time for which application threads were stopped: 0.0021539 seconds, Stopping threads took: 0.0009771 seconds
[2023-10-19T09:48:18.356+0000][4058.607s][debug][safepoint     ] Safepoint synchronization initiated. (173 threads)
[2023-10-19T09:48:18.357+0000][4058.608s][info ][safepoint     ] Application time: 1.0011854 seconds
[2023-10-19T09:48:18.358+0000][4058.609s][info ][safepoint     ] Entering safepoint region: Cleanup
[2023-10-19T09:48:18.359+0000][4058.610s][info ][safepoint     ] Leaving safepoint region
[2023-10-19T09:48:18.360+0000][4058.611s][info ][safepoint     ] Total time for which application threads were stopped: 0.0019537 seconds, Stopping threads took: 0.0009397 seconds
[2023-10-19T09:48:19.361+0000][4059.612s][debug][safepoint     ] Safepoint synchronization initiated. (173 threads)
[2023-10-19T09:48:19.362+0000][4059.613s][info ][safepoint     ] Application time: 1.0012511 seconds
[2023-10-19T09:48:19.363+0000][4059.614s][info ][safepoint     ] Entering safepoint region: Cleanup
[2023-10-19T09:48:19.364+0000][4059.615s][info ][safepoint     ] Leaving safepoint region
[2023-10-19T09:48:19.365+0000][4059.616s][info ][safepoint     ] Total time for which application threads were stopped: 0.0019371 seconds, Stopping threads took: 0.0010535 seconds
[2023-10-19T09:48:20.366+0000][4060.617s][debug][safepoint     ] Safepoint synchronization initiated. (173 threads)
[2023-10-19T09:48:20.367+0000][4060.618s][info ][safepoint     ] Application time: 1.0012577 seconds
[2023-10-19T09:48:20.368+0000][4060.618s][info ][safepoint     ] Entering safepoint region: Cleanup
[2023-10-19T09:48:20.369+0000][4060.620s][info ][safepoint     ] Leaving safepoint region
[2023-10-19T09:48:20.369+0000][4060.620s][info ][safepoint     ] Total time for which application threads were stopped: 0.0020175 seconds, Stopping threads took: 0.0009188 seconds
[2023-10-19T09:48:21.371+0000][4061.622s][debug][safepoint     ] Safepoint synchronization initiated. (173 threads)
[2023-10-19T09:48:21.372+0000][4061.623s][info ][safepoint     ] Application time: 1.0014312 seconds
[2023-10-19T09:48:21.373+0000][4061.623s][info ][safepoint     ] Entering safepoint region: Cleanup
[2023-10-19T09:48:21.374+0000][4061.625s][info ][safepoint     ] Leaving safepoint region
[2023-10-19T09:48:21.375+0000][4061.626s][info ][safepoint     ] Total time for which application threads were stopped: 0.0030152 seconds, Stopping threads took: 0.0009249 seconds
[2023-10-19T09:48:22.377+0000][4062.628s][debug][safepoint     ] Safepoint synchronization initiated. (173 threads)
[2023-10-19T09:48:22.378+0000][4062.629s][info ][safepoint     ] Application time: 1.0012856 seconds
[2023-10-19T09:48:22.378+0000][4062.629s][info ][safepoint     ] Entering safepoint region: Cleanup
[2023-10-19T09:48:22.380+0000][4062.631s][info ][safepoint     ] Leaving safepoint region
[2023-10-19T09:48:22.380+0000][4062.631s][info ][safepoint     ] Total time for which application threads were stopped: 0.0019550 seconds, Stopping threads took: 0.0007982 seconds
[2023-10-19T09:48:23.381+0000][4063.632s][debug][safepoint     ] Safepoint synchronization initiated. (173 threads)
[2023-10-19T09:48:23.382+0000][4063.633s][info ][safepoint     ] Application time: 1.0009112 seconds
[2023-10-19T09:48:23.382+0000][4063.633s][info ][safepoint     ] Entering safepoint region: Cleanup
[2023-10-19T09:48:23.383+0000][4063.634s][info ][safepoint     ] Leaving safepoint region
[2023-10-19T09:48:23.384+0000][4063.635s][info ][safepoint     ] Total time for which application threads were stopped: 0.0012178 seconds, Stopping threads took: 0.0005856 seconds
[2023-10-19T09:48:24.384+0000][4064.635s][debug][safepoint     ] Safepoint synchronization initiated. (173 threads)
[2023-10-19T09:48:24.385+0000][4064.636s][info ][safepoint     ] Application time: 1.0012849 seconds
[2023-10-19T09:48:24.386+0000][4064.637s][info ][safepoint     ] Entering safepoint region: Cleanup
[2023-10-19T09:48:24.387+0000][4064.638s][info ][safepoint     ] Leaving safepoint region
[2023-10-19T09:48:24.388+0000][4064.639s][info ][safepoint     ] Total time for which application threads were stopped: 0.0016779 seconds, Stopping threads took: 0.0006738 seconds
[2023-10-19T09:48:25.389+0000][4065.640s][debug][safepoint     ] Safepoint synchronization initiated. (173 threads)
[2023-10-19T09:48:25.390+0000][4065.641s][info ][safepoint     ] Application time: 1.0013255 seconds
[2023-10-19T09:48:25.391+0000][4065.642s][info ][safepoint     ] Entering safepoint region: Cleanup
[2023-10-19T09:48:25.392+0000][4065.643s][info ][safepoint     ] Leaving safepoint region
[2023-10-19T09:48:25.393+0000][4065.644s][info ][safepoint     ] Total time for which application threads were stopped: 0.0023893 seconds, Stopping threads took: 0.0010258 seconds
[2023-10-19T09:48:26.394+0000][4066.645s][debug][safepoint     ] Safepoint synchronization initiated. (173 threads)
[2023-10-19T09:48:26.394+0000][4066.645s][info ][safepoint     ] Application time: 1.0007853 seconds
[2023-10-19T09:48:26.395+0000][4066.646s][info ][safepoint     ] Entering safepoint region: Cleanup
[2023-10-19T09:48:26.395+0000][4066.646s][info ][safepoint     ] Leaving safepoint region
[2023-10-19T09:48:26.396+0000][4066.647s][info ][safepoint     ] Total time for which application threads were stopped: 0.0010412 seconds, Stopping threads took: 0.0004385 seconds
[2023-10-19T09:48:27.396+0000][4067.647s][debug][safepoint     ] Safepoint synchronization initiated. (173 threads)
[2023-10-19T09:48:27.397+0000][4067.648s][info ][safepoint     ] Application time: 1.0009378 seconds
[2023-10-19T09:48:27.398+0000][4067.649s][info ][safepoint     ] Entering safepoint region: Cleanup
[2023-10-19T09:48:27.399+0000][4067.650s][info ][safepoint     ] Leaving safepoint region
[2023-10-19T09:48:27.399+0000][4067.650s][info ][safepoint     ] Total time for which application threads were stopped: 0.0016461 seconds, Stopping threads took: 0.0007617 seconds
[2023-10-19T09:48:28.400+0000][4068.651s][debug][safepoint     ] Safepoint synchronization initiated. (173 threads)
[2023-10-19T09:48:28.401+0000][4068.652s][info ][safepoint     ] Application time: 1.0014316 seconds
[2023-10-19T09:48:28.402+0000][4068.653s][info ][safepoint     ] Entering safepoint region: Cleanup
[2023-10-19T09:48:28.403+0000][4068.654s][info ][safepoint     ] Leaving safepoint region
[2023-10-19T09:48:28.404+0000][4068.655s][info ][safepoint     ] Total time for which application threads were stopped: 0.0021098 seconds, Stopping threads took: 0.0009235 seconds
[2023-10-19T09:48:29.405+0000][4069.656s][debug][safepoint     ] Safepoint synchronization initiated. (173 threads)
[2023-10-19T09:48:29.406+0000][4069.657s][info ][safepoint     ] Application time: 1.0011172 seconds
[2023-10-19T09:48:29.407+0000][4069.658s][info ][safepoint     ] Entering safepoint region: Cleanup
[2023-10-19T09:48:29.408+0000][4069.659s][info ][safepoint     ] Leaving safepoint region
[2023-10-19T09:48:29.409+0000][4069.660s][info ][safepoint     ] Total time for which application threads were stopped: 0.0021977 seconds, Stopping threads took: 0.0008798 seconds
[2023-10-19T09:48:30.410+0000][4070.661s][debug][safepoint     ] Safepoint synchronization initiated. (173 threads)
[2023-10-19T09:48:30.410+0000][4070.661s][info ][safepoint     ] Application time: 1.0005966 seconds
[2023-10-19T09:48:30.411+0000][4070.662s][info ][safepoint     ] Entering safepoint region: Cleanup
[2023-10-19T09:48:30.412+0000][4070.662s][info ][safepoint     ] Leaving safepoint region
[2023-10-19T09:48:30.412+0000][4070.663s][info ][safepoint     ] Total time for which application threads were stopped: 0.0011502 seconds, Stopping threads took: 0.0004738 seconds
[2023-10-19T09:48:31.413+0000][4071.663s][debug][safepoint     ] Safepoint synchronization initiated. (173 threads)
[2023-10-19T09:48:31.413+0000][4071.664s][info ][safepoint     ] Application time: 1.0005075 seconds
[2023-10-19T09:48:31.413+0000][4071.664s][info ][safepoint     ] Entering safepoint region: Cleanup
[2023-10-19T09:48:31.414+0000][4071.665s][info ][safepoint     ] Leaving safepoint region
[2023-10-19T09:48:31.414+0000][4071.665s][info ][safepoint     ] Total time for which application threads were stopped: 0.0010086 seconds, Stopping threads took: 0.0004919 seconds
[2023-10-19T09:48:32.415+0000][4072.666s][debug][safepoint     ] Safepoint synchronization initiated. (173 threads)
[2023-10-19T09:48:32.416+0000][4072.667s][info ][safepoint     ] Application time: 1.0008523 seconds
[2023-10-19T09:48:32.416+0000][4072.667s][info ][safepoint     ] Entering safepoint region: Cleanup
[2023-10-19T09:48:32.417+0000][4072.668s][info ][safepoint     ] Leaving safepoint region
[2023-10-19T09:48:32.417+0000][4072.668s][info ][safepoint     ] Total time for which application threads were stopped: 0.0012681 seconds, Stopping threads took: 0.0005408 seconds
[2023-10-19T09:48:33.418+0000][4073.669s][debug][safepoint     ] Safepoint synchronization initiated. (173 threads)
[2023-10-19T09:48:33.419+0000][4073.670s][info ][safepoint     ] Application time: 1.0014056 seconds
[2023-10-19T09:48:33.420+0000][4073.671s][info ][safepoint     ] Entering safepoint region: Cleanup
[2023-10-19T09:48:33.422+0000][4073.673s][info ][safepoint     ] Leaving safepoint region
[2023-10-19T09:48:33.423+0000][4073.674s][info ][safepoint     ] Total time for which application threads were stopped: 0.0025066 seconds, Stopping threads took: 0.0010844 seconds
[2023-10-19T09:48:34.424+0000][4074.675s][debug][safepoint     ] Safepoint synchronization initiated. (173 threads)
[2023-10-19T09:48:34.425+0000][4074.676s][info ][safepoint     ] Application time: 1.0011169 seconds
[2023-10-19T09:48:34.426+0000][4074.677s][info ][safepoint     ] Entering safepoint region: Cleanup
[2023-10-19T09:48:34.427+0000][4074.678s][info ][safepoint     ] Leaving safepoint region
[2023-10-19T09:48:34.428+0000][4074.679s][info ][safepoint     ] Total time for which application threads were stopped: 0.0017005 seconds, Stopping threads took: 0.0007894 seconds
[2023-10-19T09:48:35.429+0000][4075.680s][debug][safepoint     ] Safepoint synchronization initiated. (173 threads)
[2023-10-19T09:48:35.430+0000][4075.681s][info ][safepoint     ] Application time: 1.0016345 seconds
[2023-10-19T09:48:35.431+0000][4075.682s][info ][safepoint     ] Entering safepoint region: Cleanup
[2023-10-19T09:48:35.432+0000][4075.683s][info ][safepoint     ] Leaving safepoint region
[2023-10-19T09:48:35.433+0000][4075.684s][info ][safepoint     ] Total time for which application threads were stopped: 0.0024586 seconds, Stopping threads took: 0.0009334 seconds
[2023-10-19T09:48:36.435+0000][4076.686s][debug][safepoint     ] Safepoint synchronization initiated. (173 threads)
[2023-10-19T09:48:36.435+0000][4076.686s][info ][safepoint     ] Application time: 1.0009668 seconds
[2023-10-19T09:48:36.436+0000][4076.687s][info ][safepoint     ] Entering safepoint region: Cleanup
[2023-10-19T09:48:36.437+0000][4076.688s][info ][safepoint     ] Leaving safepoint region
[2023-10-19T09:48:36.437+0000][4076.688s][info ][safepoint     ] Total time for which application threads were stopped: 0.0013577 seconds, Stopping threads took: 0.0006565 seconds
[2023-10-19T09:48:37.438+0000][4077.689s][debug][safepoint     ] Safepoint synchronization initiated. (173 threads)
[2023-10-19T09:48:37.439+0000][4077.690s][info ][safepoint     ] Application time: 1.0011296 seconds
[2023-10-19T09:48:37.440+0000][4077.691s][info ][safepoint     ] Entering safepoint region: Cleanup
[2023-10-19T09:48:37.441+0000][4077.692s][info ][safepoint     ] Leaving safepoint region
[2023-10-19T09:48:37.441+0000][4077.692s][info ][safepoint     ] Total time for which application threads were stopped: 0.0017229 seconds, Stopping threads took: 0.0007467 seconds
[2023-10-19T09:48:38.442+0000][4078.693s][debug][safepoint     ] Safepoint synchronization initiated. (173 threads)
[2023-10-19T09:48:38.443+0000][4078.694s][info ][safepoint     ] Application time: 1.0009591 seconds
[2023-10-19T09:48:38.443+0000][4078.694s][info ][safepoint     ] Entering safepoint region: Cleanup
[2023-10-19T09:48:38.444+0000][4078.695s][info ][safepoint     ] Leaving safepoint region
[2023-10-19T09:48:38.445+0000][4078.696s][info ][safepoint     ] Total time for which application threads were stopped: 0.0012530 seconds, Stopping threads took: 0.0005475 seconds
[2023-10-19T09:48:39.446+0000][4079.696s][debug][safepoint     ] Safepoint synchronization initiated. (173 threads)
[2023-10-19T09:48:39.447+0000][4079.698s][info ][safepoint     ] Application time: 1.0014305 seconds
[2023-10-19T09:48:39.448+0000][4079.699s][info ][safepoint     ] Entering safepoint region: Cleanup
[2023-10-19T09:48:39.449+0000][4079.700s][info ][safepoint     ] Leaving safepoint region
[2023-10-19T09:48:39.450+0000][4079.701s][info ][safepoint     ] Total time for which application threads were stopped: 0.0026647 seconds, Stopping threads took: 0.0012160 seconds
[2023-10-19T09:48:40.451+0000][4080.702s][debug][safepoint     ] Safepoint synchronization initiated. (173 threads)
[2023-10-19T09:48:40.453+0000][4080.704s][info ][safepoint     ] Application time: 1.0014405 seconds
[2023-10-19T09:48:40.454+0000][4080.705s][info ][safepoint     ] Entering safepoint region: Cleanup
[2023-10-19T09:48:40.455+0000][4080.706s][info ][safepoint     ] Leaving safepoint region
[2023-10-19T09:48:40.456+0000][4080.707s][info ][safepoint     ] Total time for which application threads were stopped: 0.0027269 seconds, Stopping threads took: 0.0011246 seconds
[2023-10-19T09:48:41.458+0000][4081.709s][debug][safepoint     ] Safepoint synchronization initiated. (173 threads)
[2023-10-19T09:48:41.458+0000][4081.709s][info ][safepoint     ] Application time: 1.0008097 seconds
[2023-10-19T09:48:41.459+0000][4081.710s][info ][safepoint     ] Entering safepoint region: Cleanup
[2023-10-19T09:48:41.459+0000][4081.710s][info ][safepoint     ] Leaving safepoint region
[2023-10-19T09:48:41.460+0000][4081.711s][info ][safepoint     ] Total time for which application threads were stopped: 0.0012829 seconds, Stopping threads took: 0.0004968 seconds
[2023-10-19T09:48:42.461+0000][4082.712s][debug][safepoint     ] Safepoint synchronization initiated. (173 threads)
[2023-10-19T09:48:42.462+0000][4082.713s][info ][safepoint     ] Application time: 1.0019313 seconds
[2023-10-19T09:48:42.464+0000][4082.714s][info ][safepoint     ] Entering safepoint region: Cleanup
[2023-10-19T09:48:42.465+0000][4082.716s][info ][safepoint     ] Leaving safepoint region
[2023-10-19T09:48:42.466+0000][4082.717s][info ][safepoint     ] Total time for which application threads were stopped: 0.0023820 seconds, Stopping threads took: 0.0011758 seconds
[2023-10-19T09:48:43.467+0000][4083.718s][debug][safepoint     ] Safepoint synchronization initiated. (173 threads)
[2023-10-19T09:48:43.468+0000][4083.719s][info ][safepoint     ] Application time: 1.0012445 seconds
[2023-10-19T09:48:43.469+0000][4083.720s][info ][safepoint     ] Entering safepoint region: Cleanup
[2023-10-19T09:48:43.470+0000][4083.721s][info ][safepoint     ] Leaving safepoint region
[2023-10-19T09:48:43.471+0000][4083.722s][info ][safepoint     ] Total time for which application threads were stopped: 0.0018410 seconds, Stopping threads took: 0.0007867 seconds
[2023-10-19T09:48:44.472+0000][4084.723s][debug][safepoint     ] Safepoint synchronization initiated. (173 threads)
[2023-10-19T09:48:44.473+0000][4084.724s][info ][safepoint     ] Application time: 1.0015255 seconds
[2023-10-19T09:48:44.474+0000][4084.725s][info ][safepoint     ] Entering safepoint region: Cleanup
[2023-10-19T09:48:44.476+0000][4084.727s][info ][safepoint     ] Leaving safepoint region
[2023-10-19T09:48:44.477+0000][4084.728s][info ][safepoint     ] Total time for which application threads were stopped: 0.0024788 seconds, Stopping threads took: 0.0011698 seconds
[2023-10-19T09:48:45.478+0000][4085.728s][debug][safepoint     ] Safepoint synchronization initiated. (173 threads)
[2023-10-19T09:48:45.479+0000][4085.730s][info ][safepoint     ] Application time: 1.0014011 seconds
[2023-10-19T09:48:45.480+0000][4085.731s][info ][safepoint     ] Entering safepoint region: Cleanup
[2023-10-19T09:48:45.481+0000][4085.732s][info ][safepoint     ] Leaving safepoint region
[2023-10-19T09:48:45.482+0000][4085.733s][info ][safepoint     ] Total time for which application threads were stopped: 0.0019843 seconds, Stopping threads took: 0.0008224 seconds
[2023-10-19T09:48:46.483+0000][4086.734s][debug][safepoint     ] Safepoint synchronization initiated. (173 threads)
[2023-10-19T09:48:46.483+0000][4086.734s][info ][safepoint     ] Application time: 1.0007978 seconds
[2023-10-19T09:48:46.484+0000][4086.735s][info ][safepoint     ] Entering safepoint region: Cleanup
[2023-10-19T09:48:46.484+0000][4086.735s][info ][safepoint     ] Leaving safepoint region
[2023-10-19T09:48:46.485+0000][4086.736s][info ][safepoint     ] Total time for which application threads were stopped: 0.0010892 seconds, Stopping threads took: 0.0004583 seconds
[2023-10-19T09:48:47.486+0000][4087.736s][debug][safepoint     ] Safepoint synchronization initiated. (173 threads)
[2023-10-19T09:48:47.487+0000][4087.738s][info ][safepoint     ] Application time: 1.0017327 seconds
[2023-10-19T09:48:47.488+0000][4087.739s][info ][safepoint     ] Entering safepoint region: Cleanup
[2023-10-19T09:48:47.489+0000][4087.740s][info ][safepoint     ] Leaving safepoint region
[2023-10-19T09:48:47.490+0000][4087.741s][info ][safepoint     ] Total time for which application threads were stopped: 0.0021453 seconds, Stopping threads took: 0.0010332 seconds
[2023-10-19T09:48:48.491+0000][4088.742s][debug][safepoint     ] Safepoint synchronization initiated. (173 threads)
[2023-10-19T09:48:48.492+0000][4088.743s][info ][safepoint     ] Application time: 1.0015093 seconds
[2023-10-19T09:48:48.493+0000][4088.744s][info ][safepoint     ] Entering safepoint region: Cleanup
[2023-10-19T09:48:48.494+0000][4088.745s][info ][safepoint     ] Leaving safepoint region
[2023-10-19T09:48:48.495+0000][4088.746s][info ][safepoint     ] Total time for which application threads were stopped: 0.0021264 seconds, Stopping threads took: 0.0008971 seconds
[2023-10-19T09:48:49.496+0000][4089.747s][debug][safepoint     ] Safepoint synchronization initiated. (173 threads)
[2023-10-19T09:48:49.497+0000][4089.748s][info ][safepoint     ] Application time: 1.0015801 seconds
[2023-10-19T09:48:49.499+0000][4089.749s][info ][safepoint     ] Entering safepoint region: Cleanup
[2023-10-19T09:48:49.500+0000][4089.751s][info ][safepoint     ] Leaving safepoint region
[2023-10-19T09:48:49.501+0000][4089.752s][info ][safepoint     ] Total time for which application threads were stopped: 0.0028556 seconds, Stopping threads took: 0.0011474 seconds
[2023-10-19T09:48:50.503+0000][4090.754s][debug][safepoint     ] Safepoint synchronization initiated. (173 threads)
[2023-10-19T09:48:50.504+0000][4090.755s][info ][safepoint     ] Application time: 1.0014955 seconds
[2023-10-19T09:48:50.505+0000][4090.756s][info ][safepoint     ] Entering safepoint region: Cleanup
[2023-10-19T09:48:50.507+0000][4090.758s][info ][safepoint     ] Leaving safepoint region
[2023-10-19T09:48:50.507+0000][4090.758s][info ][safepoint     ] Total time for which application threads were stopped: 0.0024231 seconds, Stopping threads took: 0.0011959 seconds
[2023-10-19T09:48:51.508+0000][4091.759s][debug][safepoint     ] Safepoint synchronization initiated. (173 threads)
[2023-10-19T09:48:51.509+0000][4091.760s][info ][safepoint     ] Application time: 1.0009752 seconds
[2023-10-19T09:48:51.510+0000][4091.761s][info ][safepoint     ] Entering safepoint region: Cleanup
[2023-10-19T09:48:51.510+0000][4091.761s][info ][safepoint     ] Leaving safepoint region
[2023-10-19T09:48:51.511+0000][4091.762s][info ][safepoint     ] Total time for which application threads were stopped: 0.0010668 seconds, Stopping threads took: 0.0004472 seconds
[2023-10-19T09:48:52.511+0000][4092.762s][debug][safepoint     ] Safepoint synchronization initiated. (173 threads)
[2023-10-19T09:48:52.512+0000][4092.763s][info ][safepoint     ] Application time: 1.0005935 seconds
[2023-10-19T09:48:52.512+0000][4092.763s][info ][safepoint     ] Entering safepoint region: Cleanup
[2023-10-19T09:48:52.513+0000][4092.764s][info ][safepoint     ] Leaving safepoint region
[2023-10-19T09:48:52.513+0000][4092.764s][info ][safepoint     ] Total time for which application threads were stopped: 0.0008726 seconds, Stopping threads took: 0.0003743 seconds
[2023-10-19T09:48:53.514+0000][4093.765s][debug][safepoint     ] Safepoint synchronization initiated. (173 threads)
[2023-10-19T09:48:53.515+0000][4093.766s][info ][safepoint     ] Application time: 1.0017407 seconds
[2023-10-19T09:48:53.516+0000][4093.767s][info ][safepoint     ] Entering safepoint region: Cleanup
[2023-10-19T09:48:53.517+0000][4093.768s][info ][safepoint     ] Leaving safepoint region
[2023-10-19T09:48:53.518+0000][4093.769s][info ][safepoint     ] Total time for which application threads were stopped: 0.0022231 seconds, Stopping threads took: 0.0009625 seconds
[2023-10-19T09:48:54.519+0000][4094.770s][debug][safepoint     ] Safepoint synchronization initiated. (173 threads)
[2023-10-19T09:48:54.521+0000][4094.771s][info ][safepoint     ] Application time: 1.0015505 seconds
[2023-10-19T09:48:54.522+0000][4094.773s][info ][safepoint     ] Entering safepoint region: Cleanup
[2023-10-19T09:48:54.523+0000][4094.774s][info ][safepoint     ] Leaving safepoint region
[2023-10-19T09:48:54.524+0000][4094.775s][info ][safepoint     ] Total time for which application threads were stopped: 0.0022996 seconds, Stopping threads took: 0.0010589 seconds
[2023-10-19T09:48:55.525+0000][4095.776s][debug][safepoint     ] Safepoint synchronization initiated. (173 threads)
[2023-10-19T09:48:55.526+0000][4095.777s][info ][safepoint     ] Application time: 1.0014642 seconds
[2023-10-19T09:48:55.527+0000][4095.778s][info ][safepoint     ] Entering safepoint region: Cleanup
[2023-10-19T09:48:55.529+0000][4095.780s][info ][safepoint     ] Leaving safepoint region
[2023-10-19T09:48:55.530+0000][4095.781s][info ][safepoint     ] Total time for which application threads were stopped: 0.0022787 seconds, Stopping threads took: 0.0010234 seconds
[2023-10-19T09:48:56.531+0000][4096.782s][debug][safepoint     ] Safepoint synchronization initiated. (173 threads)
[2023-10-19T09:48:56.532+0000][4096.783s][info ][safepoint     ] Application time: 1.0009950 seconds
[2023-10-19T09:48:56.532+0000][4096.783s][info ][safepoint     ] Entering safepoint region: Cleanup
[2023-10-19T09:48:56.533+0000][4096.784s][info ][safepoint     ] Leaving safepoint region
[2023-10-19T09:48:56.534+0000][4096.785s][info ][safepoint     ] Total time for which application threads were stopped: 0.0016657 seconds, Stopping threads took: 0.0007267 seconds
[2023-10-19T09:48:57.535+0000][4097.786s][debug][safepoint     ] Safepoint synchronization initiated. (173 threads)
[2023-10-19T09:48:57.536+0000][4097.787s][info ][safepoint     ] Application time: 1.0016512 seconds
[2023-10-19T09:48:57.537+0000][4097.788s][info ][safepoint     ] Entering safepoint region: Cleanup
[2023-10-19T09:48:57.539+0000][4097.790s][info ][safepoint     ] Leaving safepoint region
[2023-10-19T09:48:57.539+0000][4097.790s][info ][safepoint     ] Total time for which application threads were stopped: 0.0021906 seconds, Stopping threads took: 0.0010622 seconds
[2023-10-19T09:48:58.541+0000][4098.792s][debug][safepoint     ] Safepoint synchronization initiated. (173 threads)
[2023-10-19T09:48:58.542+0000][4098.793s][info ][safepoint     ] Application time: 1.0016975 seconds
[2023-10-19T09:48:58.543+0000][4098.794s][info ][safepoint     ] Entering safepoint region: Cleanup
[2023-10-19T09:48:58.544+0000][4098.795s][info ][safepoint     ] Leaving safepoint region
[2023-10-19T09:48:58.545+0000][4098.796s][info ][safepoint     ] Total time for which application threads were stopped: 0.0023166 seconds, Stopping threads took: 0.0010242 seconds
[2023-10-19T09:48:59.546+0000][4099.797s][debug][safepoint     ] Safepoint synchronization initiated. (173 threads)
[2023-10-19T09:48:59.548+0000][4099.799s][info ][safepoint     ] Application time: 1.0015053 seconds
[2023-10-19T09:48:59.549+0000][4099.799s][info ][safepoint     ] Entering safepoint region: Cleanup
[2023-10-19T09:48:59.550+0000][4099.801s][info ][safepoint     ] Leaving safepoint region
[2023-10-19T09:48:59.552+0000][4099.803s][info ][safepoint     ] Total time for which application threads were stopped: 0.0036176 seconds, Stopping threads took: 0.0013258 seconds
[2023-10-19T09:49:00.553+0000][4100.804s][debug][safepoint     ] Safepoint synchronization initiated. (173 threads)
[2023-10-19T09:49:00.554+0000][4100.805s][info ][safepoint     ] Application time: 1.0007993 seconds
[2023-10-19T09:49:00.554+0000][4100.805s][info ][safepoint     ] Entering safepoint region: Cleanup
[2023-10-19T09:49:00.555+0000][4100.806s][info ][safepoint     ] Leaving safepoint region
[2023-10-19T09:49:00.556+0000][4100.807s][info ][safepoint     ] Total time for which application threads were stopped: 0.0015108 seconds, Stopping threads took: 0.0005990 seconds
[2023-10-19T09:49:01.557+0000][4101.808s][debug][safepoint     ] Safepoint synchronization initiated. (173 threads)
[2023-10-19T09:49:01.557+0000][4101.808s][info ][safepoint     ] Application time: 1.0008697 seconds
[2023-10-19T09:49:01.558+0000][4101.809s][info ][safepoint     ] Entering safepoint region: Cleanup
[2023-10-19T09:49:01.559+0000][4101.809s][info ][safepoint     ] Leaving safepoint region
[2023-10-19T09:49:01.559+0000][4101.810s][info ][safepoint     ] Total time for which application threads were stopped: 0.0012815 seconds, Stopping threads took: 0.0005679 seconds
[2023-10-19T09:49:02.560+0000][4102.811s][debug][safepoint     ] Safepoint synchronization initiated. (173 threads)
[2023-10-19T09:49:02.561+0000][4102.812s][info ][safepoint     ] Application time: 1.0014241 seconds
[2023-10-19T09:49:02.562+0000][4102.813s][info ][safepoint     ] Entering safepoint region: Cleanup
[2023-10-19T09:49:02.563+0000][4102.814s][info ][safepoint     ] Leaving safepoint region
[2023-10-19T09:49:02.564+0000][4102.815s][info ][safepoint     ] Total time for which application threads were stopped: 0.0017184 seconds, Stopping threads took: 0.0007447 seconds
[2023-10-19T09:49:03.564+0000][4103.815s][debug][safepoint     ] Safepoint synchronization initiated. (173 threads)
[2023-10-19T09:49:03.565+0000][4103.816s][info ][safepoint     ] Application time: 1.0007288 seconds
[2023-10-19T09:49:03.565+0000][4103.817s][info ][safepoint     ] Entering safepoint region: Cleanup
[2023-10-19T09:49:03.566+0000][4103.817s][info ][safepoint     ] Leaving safepoint region
[2023-10-19T09:49:03.567+0000][4103.818s][info ][safepoint     ] Total time for which application threads were stopped: 0.0012807 seconds, Stopping threads took: 0.0005794 seconds
[2023-10-19T09:49:04.567+0000][4104.819s][debug][safepoint     ] Safepoint synchronization initiated. (173 threads)
[2023-10-19T09:49:04.569+0000][4104.820s][info ][safepoint     ] Application time: 1.0013725 seconds
[2023-10-19T09:49:04.570+0000][4104.821s][info ][safepoint     ] Entering safepoint region: Cleanup
[2023-10-19T09:49:04.571+0000][4104.822s][info ][safepoint     ] Leaving safepoint region
[2023-10-19T09:49:04.572+0000][4104.823s][info ][safepoint     ] Total time for which application threads were stopped: 0.0022456 seconds, Stopping threads took: 0.0010253 seconds
[2023-10-19T09:49:05.573+0000][4105.824s][debug][safepoint     ] Safepoint synchronization initiated. (173 threads)
[2023-10-19T09:49:05.573+0000][4105.824s][info ][safepoint     ] Application time: 1.0006080 seconds
[2023-10-19T09:49:05.573+0000][4105.824s][info ][safepoint     ] Entering safepoint region: Cleanup
[2023-10-19T09:49:05.574+0000][4105.825s][info ][safepoint     ] Leaving safepoint region
[2023-10-19T09:49:05.574+0000][4105.825s][info ][safepoint     ] Total time for which application threads were stopped: 0.0007950 seconds, Stopping threads took: 0.0003075 seconds
[2023-10-19T09:49:06.575+0000][4106.826s][debug][safepoint     ] Safepoint synchronization initiated. (173 threads)
[2023-10-19T09:49:06.575+0000][4106.826s][info ][safepoint     ] Application time: 1.0007933 seconds
[2023-10-19T09:49:06.576+0000][4106.827s][info ][safepoint     ] Entering safepoint region: Cleanup
[2023-10-19T09:49:06.576+0000][4106.828s][info ][safepoint     ] Leaving safepoint region
[2023-10-19T09:49:06.577+0000][4106.828s][info ][safepoint     ] Total time for which application threads were stopped: 0.0010961 seconds, Stopping threads took: 0.0004707 seconds
[2023-10-19T09:49:07.578+0000][4107.829s][debug][safepoint     ] Safepoint synchronization initiated. (173 threads)
[2023-10-19T09:49:07.579+0000][4107.830s][info ][safepoint     ] Application time: 1.0015113 seconds
[2023-10-19T09:49:07.580+0000][4107.831s][info ][safepoint     ] Entering safepoint region: Cleanup
[2023-10-19T09:49:07.581+0000][4107.832s][info ][safepoint     ] Leaving safepoint region
[2023-10-19T09:49:07.582+0000][4107.833s][info ][safepoint     ] Total time for which application threads were stopped: 0.0020770 seconds, Stopping threads took: 0.0009903 seconds
[2023-10-19T09:49:08.583+0000][4108.834s][debug][safepoint     ] Safepoint synchronization initiated. (173 threads)
[2023-10-19T09:49:08.584+0000][4108.835s][info ][safepoint     ] Application time: 1.0017726 seconds
[2023-10-19T09:49:08.585+0000][4108.836s][info ][safepoint     ] Entering safepoint region: Cleanup
[2023-10-19T09:49:08.587+0000][4108.838s][info ][safepoint     ] Leaving safepoint region
[2023-10-19T09:49:08.588+0000][4108.839s][info ][safepoint     ] Total time for which application threads were stopped: 0.0022535 seconds, Stopping threads took: 0.0009322 seconds
[2023-10-19T09:49:09.589+0000][4109.840s][debug][safepoint     ] Safepoint synchronization initiated. (173 threads)
[2023-10-19T09:49:09.590+0000][4109.841s][info ][safepoint     ] Application time: 1.0015282 seconds
[2023-10-19T09:49:09.591+0000][4109.842s][info ][safepoint     ] Entering safepoint region: Cleanup
[2023-10-19T09:49:09.593+0000][4109.844s][info ][safepoint     ] Leaving safepoint region
[2023-10-19T09:49:09.594+0000][4109.845s][info ][safepoint     ] Total time for which application threads were stopped: 0.0026336 seconds, Stopping threads took: 0.0011114 seconds
[2023-10-19T09:49:10.595+0000][4110.846s][debug][safepoint     ] Safepoint synchronization initiated. (173 threads)
[2023-10-19T09:49:10.596+0000][4110.847s][info ][safepoint     ] Application time: 1.0016201 seconds
[2023-10-19T09:49:10.597+0000][4110.848s][info ][safepoint     ] Entering safepoint region: Cleanup
[2023-10-19T09:49:10.599+0000][4110.850s][info ][safepoint     ] Leaving safepoint region
[2023-10-19T09:49:10.600+0000][4110.851s][info ][safepoint     ] Total time for which application threads were stopped: 0.0022017 seconds, Stopping threads took: 0.0009198 seconds
[2023-10-19T09:49:11.600+0000][4111.851s][debug][safepoint     ] Safepoint synchronization initiated. (173 threads)
[2023-10-19T09:49:11.601+0000][4111.852s][info ][safepoint     ] Application time: 1.0005040 seconds
[2023-10-19T09:49:11.601+0000][4111.852s][info ][safepoint     ] Entering safepoint region: Cleanup
[2023-10-19T09:49:11.602+0000][4111.853s][info ][safepoint     ] Leaving safepoint region
[2023-10-19T09:49:11.602+0000][4111.853s][info ][safepoint     ] Total time for which application threads were stopped: 0.0010735 seconds, Stopping threads took: 0.0004466 seconds
[2023-10-19T09:49:12.603+0000][4112.854s][debug][safepoint     ] Safepoint synchronization initiated. (173 threads)
[2023-10-19T09:49:12.604+0000][4112.855s][info ][safepoint     ] Application time: 1.0012829 seconds
[2023-10-19T09:49:12.605+0000][4112.856s][info ][safepoint     ] Entering safepoint region: Cleanup
[2023-10-19T09:49:12.606+0000][4112.857s][info ][safepoint     ] Leaving safepoint region
[2023-10-19T09:49:12.607+0000][4112.858s][info ][safepoint     ] Total time for which application threads were stopped: 0.0017083 seconds, Stopping threads took: 0.0006777 seconds
[2023-10-19T09:49:13.607+0000][4113.859s][debug][safepoint     ] Safepoint synchronization initiated. (173 threads)
[2023-10-19T09:49:13.609+0000][4113.860s][info ][safepoint     ] Application time: 1.0014605 seconds
[2023-10-19T09:49:13.610+0000][4113.861s][info ][safepoint     ] Entering safepoint region: Cleanup
[2023-10-19T09:49:13.611+0000][4113.862s][info ][safepoint     ] Leaving safepoint region
[2023-10-19T09:49:13.612+0000][4113.863s][info ][safepoint     ] Total time for which application threads were stopped: 0.0026220 seconds, Stopping threads took: 0.0012060 seconds
[2023-10-19T09:49:14.613+0000][4114.864s][debug][safepoint     ] Safepoint synchronization initiated. (173 threads)
[2023-10-19T09:49:14.614+0000][4114.865s][info ][safepoint     ] Application time: 1.0009113 seconds
[2023-10-19T09:49:14.615+0000][4114.866s][info ][safepoint     ] Entering safepoint region: Cleanup
[2023-10-19T09:49:14.615+0000][4114.866s][info ][safepoint     ] Leaving safepoint region
[2023-10-19T09:49:14.616+0000][4114.867s][info ][safepoint     ] Total time for which application threads were stopped: 0.0013914 seconds, Stopping threads took: 0.0006276 seconds
[2023-10-19T09:49:15.617+0000][4115.868s][debug][safepoint     ] Safepoint synchronization initiated. (173 threads)
[2023-10-19T09:49:15.617+0000][4115.868s][info ][safepoint     ] Application time: 1.0005478 seconds
[2023-10-19T09:49:15.617+0000][4115.868s][info ][safepoint     ] Entering safepoint region: Cleanup
[2023-10-19T09:49:15.618+0000][4115.869s][info ][safepoint     ] Leaving safepoint region
[2023-10-19T09:49:15.618+0000][4115.869s][info ][safepoint     ] Total time for which application threads were stopped: 0.0007612 seconds, Stopping threads took: 0.0003216 seconds
[2023-10-19T09:49:16.619+0000][4116.870s][debug][safepoint     ] Safepoint synchronization initiated. (173 threads)
[2023-10-19T09:49:16.619+0000][4116.870s][info ][safepoint     ] Application time: 1.0009533 seconds
[2023-10-19T09:49:16.620+0000][4116.871s][info ][safepoint     ] Entering safepoint region: Cleanup
[2023-10-19T09:49:16.620+0000][4116.872s][info ][safepoint     ] Leaving safepoint region
[2023-10-19T09:49:16.621+0000][4116.872s][info ][safepoint     ] Total time for which application threads were stopped: 0.0012128 seconds, Stopping threads took: 0.0004667 seconds
[2023-10-19T09:49:17.622+0000][4117.873s][debug][safepoint     ] Safepoint synchronization initiated. (173 threads)
[2023-10-19T09:49:17.622+0000][4117.873s][info ][safepoint     ] Application time: 1.0008813 seconds
[2023-10-19T09:49:17.623+0000][4117.874s][info ][safepoint     ] Entering safepoint region: Cleanup
[2023-10-19T09:49:17.623+0000][4117.875s][info ][safepoint     ] Leaving safepoint region
[2023-10-19T09:49:17.624+0000][4117.875s][info ][safepoint     ] Total time for which application threads were stopped: 0.0010820 seconds, Stopping threads took: 0.0004914 seconds
[2023-10-19T09:49:18.625+0000][4118.876s][debug][safepoint     ] Safepoint synchronization initiated. (173 threads)
[2023-10-19T09:49:18.626+0000][4118.877s][info ][safepoint     ] Application time: 1.0020351 seconds
[2023-10-19T09:49:18.627+0000][4118.878s][info ][safepoint     ] Entering safepoint region: Cleanup
[2023-10-19T09:49:18.628+0000][4118.880s][info ][safepoint     ] Leaving safepoint region
[2023-10-19T09:49:18.629+0000][4118.880s][info ][safepoint     ] Total time for which application threads were stopped: 0.0021900 seconds, Stopping threads took: 0.0009605 seconds
[2023-10-19T09:49:19.631+0000][4119.882s][debug][safepoint     ] Safepoint synchronization initiated. (173 threads)
[2023-10-19T09:49:19.632+0000][4119.883s][info ][safepoint     ] Application time: 1.0017188 seconds
[2023-10-19T09:49:19.633+0000][4119.884s][info ][safepoint     ] Entering safepoint region: Cleanup
[2023-10-19T09:49:19.634+0000][4119.885s][info ][safepoint     ] Leaving safepoint region
[2023-10-19T09:49:19.635+0000][4119.886s][info ][safepoint     ] Total time for which application threads were stopped: 0.0022123 seconds, Stopping threads took: 0.0009280 seconds
[2023-10-19T09:49:20.636+0000][4120.887s][debug][safepoint     ] Safepoint synchronization initiated. (173 threads)
[2023-10-19T09:49:20.637+0000][4120.888s][info ][safepoint     ] Application time: 1.0013077 seconds
[2023-10-19T09:49:20.638+0000][4120.889s][info ][safepoint     ] Entering safepoint region: Cleanup
[2023-10-19T09:49:20.639+0000][4120.890s][info ][safepoint     ] Leaving safepoint region
[2023-10-19T09:49:20.640+0000][4120.891s][info ][safepoint     ] Total time for which application threads were stopped: 0.0018528 seconds, Stopping threads took: 0.0009592 seconds
[2023-10-19T09:49:21.641+0000][4121.892s][debug][safepoint     ] Safepoint synchronization initiated. (173 threads)
[2023-10-19T09:49:21.641+0000][4121.893s][info ][safepoint     ] Application time: 1.0010152 seconds
[2023-10-19T09:49:21.642+0000][4121.893s][info ][safepoint     ] Entering safepoint region: Cleanup
[2023-10-19T09:49:21.643+0000][4121.894s][info ][safepoint     ] Leaving safepoint region
[2023-10-19T09:49:21.643+0000][4121.894s][info ][safepoint     ] Total time for which application threads were stopped: 0.0013446 seconds, Stopping threads took: 0.0006644 seconds
[2023-10-19T09:49:22.644+0000][4122.895s][debug][safepoint     ] Safepoint synchronization initiated. (173 threads)
[2023-10-19T09:49:22.645+0000][4122.896s][info ][safepoint     ] Application time: 1.0013625 seconds
[2023-10-19T09:49:22.647+0000][4122.898s][info ][safepoint     ] Entering safepoint region: Cleanup
[2023-10-19T09:49:22.648+0000][4122.899s][info ][safepoint     ] Leaving safepoint region
[2023-10-19T09:49:22.649+0000][4122.900s][info ][safepoint     ] Total time for which application threads were stopped: 0.0022113 seconds, Stopping threads took: 0.0011320 seconds
[2023-10-19T09:49:23.650+0000][4123.901s][debug][safepoint     ] Safepoint synchronization initiated. (173 threads)
[2023-10-19T09:49:23.651+0000][4123.902s][info ][safepoint     ] Application time: 1.0015365 seconds
[2023-10-19T09:49:23.652+0000][4123.903s][info ][safepoint     ] Entering safepoint region: Cleanup
[2023-10-19T09:49:23.653+0000][4123.904s][info ][safepoint     ] Leaving safepoint region
[2023-10-19T09:49:23.654+0000][4123.905s][info ][safepoint     ] Total time for which application threads were stopped: 0.0022147 seconds, Stopping threads took: 0.0009886 seconds
[2023-10-19T09:49:24.655+0000][4124.906s][debug][safepoint     ] Safepoint synchronization initiated. (173 threads)
[2023-10-19T09:49:24.656+0000][4124.907s][info ][safepoint     ] Application time: 1.0012370 seconds
[2023-10-19T09:49:24.657+0000][4124.908s][info ][safepoint     ] Entering safepoint region: Cleanup
[2023-10-19T09:49:24.658+0000][4124.910s][info ][safepoint     ] Leaving safepoint region
[2023-10-19T09:49:24.659+0000][4124.910s][info ][safepoint     ] Total time for which application threads were stopped: 0.0021713 seconds, Stopping threads took: 0.0009520 seconds
[2023-10-19T09:49:25.660+0000][4125.911s][debug][safepoint     ] Safepoint synchronization initiated. (173 threads)
[2023-10-19T09:49:25.662+0000][4125.913s][info ][safepoint     ] Application time: 1.0015566 seconds
[2023-10-19T09:49:25.663+0000][4125.914s][info ][safepoint     ] Entering safepoint region: Cleanup
[2023-10-19T09:49:25.664+0000][4125.915s][info ][safepoint     ] Leaving safepoint region
[2023-10-19T09:49:25.665+0000][4125.916s][info ][safepoint     ] Total time for which application threads were stopped: 0.0023450 seconds, Stopping threads took: 0.0010010 seconds
[2023-10-19T09:49:26.666+0000][4126.917s][debug][safepoint     ] Safepoint synchronization initiated. (173 threads)
[2023-10-19T09:49:26.667+0000][4126.918s][info ][safepoint     ] Application time: 1.0009289 seconds
[2023-10-19T09:49:26.667+0000][4126.918s][info ][safepoint     ] Entering safepoint region: Cleanup
[2023-10-19T09:49:26.668+0000][4126.919s][info ][safepoint     ] Leaving safepoint region
[2023-10-19T09:49:26.668+0000][4126.919s][info ][safepoint     ] Total time for which application threads were stopped: 0.0012268 seconds, Stopping threads took: 0.0006011 seconds
[2023-10-19T09:49:27.669+0000][4127.920s][debug][safepoint     ] Safepoint synchronization initiated. (173 threads)
[2023-10-19T09:49:27.670+0000][4127.921s][info ][safepoint     ] Application time: 1.0006596 seconds
[2023-10-19T09:49:27.670+0000][4127.921s][info ][safepoint     ] Entering safepoint region: Cleanup
[2023-10-19T09:49:27.671+0000][4127.922s][info ][safepoint     ] Leaving safepoint region
[2023-10-19T09:49:27.671+0000][4127.922s][info ][safepoint     ] Total time for which application threads were stopped: 0.0012562 seconds, Stopping threads took: 0.0006078 seconds
[2023-10-19T09:49:28.672+0000][4128.923s][debug][safepoint     ] Safepoint synchronization initiated. (173 threads)
[2023-10-19T09:49:28.673+0000][4128.924s][info ][safepoint     ] Application time: 1.0010454 seconds
[2023-10-19T09:49:28.674+0000][4128.925s][info ][safepoint     ] Entering safepoint region: Cleanup
[2023-10-19T09:49:28.674+0000][4128.925s][info ][safepoint     ] Leaving safepoint region
[2023-10-19T09:49:28.675+0000][4128.926s][info ][safepoint     ] Total time for which application threads were stopped: 0.0013318 seconds, Stopping threads took: 0.0005940 seconds
[2023-10-19T09:49:29.676+0000][4129.927s][debug][safepoint     ] Safepoint synchronization initiated. (173 threads)
[2023-10-19T09:49:29.676+0000][4129.927s][info ][safepoint     ] Application time: 1.0007702 seconds
[2023-10-19T09:49:29.677+0000][4129.928s][info ][safepoint     ] Entering safepoint region: Cleanup
[2023-10-19T09:49:29.677+0000][4129.929s][info ][safepoint     ] Leaving safepoint region
[2023-10-19T09:49:29.678+0000][4129.929s][info ][safepoint     ] Total time for which application threads were stopped: 0.0011791 seconds, Stopping threads took: 0.0005146 seconds
[2023-10-19T09:49:30.679+0000][4130.930s][debug][safepoint     ] Safepoint synchronization initiated. (173 threads)
[2023-10-19T09:49:30.680+0000][4130.931s][info ][safepoint     ] Application time: 1.0011843 seconds
[2023-10-19T09:49:30.680+0000][4130.931s][debug][safepoint     ] ... found polling page return exception at pc = 0x00007f0de93048be, stub =0x00007f0de0840600
[2023-10-19T09:49:30.681+0000][4130.932s][debug][safepoint     ] Waiting for 1 thread(s) to block
[2023-10-19T09:49:30.682+0000][4130.933s][info ][safepoint     ] Entering safepoint region: Cleanup
[2023-10-19T09:49:30.683+0000][4130.934s][info ][safepoint     ] Leaving safepoint region
[2023-10-19T09:49:30.683+0000][4130.935s][info ][safepoint     ] Total time for which application threads were stopped: 0.0031741 seconds, Stopping threads took: 0.0023455 seconds
[2023-10-19T09:49:31.684+0000][4131.935s][debug][safepoint     ] Safepoint synchronization initiated. (173 threads)
[2023-10-19T09:49:31.685+0000][4131.936s][info ][safepoint     ] Application time: 1.0009951 seconds
[2023-10-19T09:49:31.686+0000][4131.937s][info ][safepoint     ] Entering safepoint region: Cleanup
[2023-10-19T09:49:31.687+0000][4131.938s][info ][safepoint     ] Leaving safepoint region
[2023-10-19T09:49:31.687+0000][4131.938s][info ][safepoint     ] Total time for which application threads were stopped: 0.0011716 seconds, Stopping threads took: 0.0004877 seconds
[2023-10-19T09:49:32.688+0000][4132.939s][debug][safepoint     ] Safepoint synchronization initiated. (173 threads)
[2023-10-19T09:49:32.688+0000][4132.939s][info ][safepoint     ] Application time: 1.0009570 seconds
[2023-10-19T09:49:32.689+0000][4132.940s][info ][safepoint     ] Entering safepoint region: Cleanup
[2023-10-19T09:49:32.690+0000][4132.941s][info ][safepoint     ] Leaving safepoint region
[2023-10-19T09:49:32.690+0000][4132.941s][info ][safepoint     ] Total time for which application threads were stopped: 0.0013519 seconds, Stopping threads took: 0.0006188 seconds
[2023-10-19T09:49:33.691+0000][4133.942s][debug][safepoint     ] Safepoint synchronization initiated. (173 threads)
[2023-10-19T09:49:33.692+0000][4133.943s][info ][safepoint     ] Application time: 1.0010308 seconds
[2023-10-19T09:49:33.693+0000][4133.944s][info ][safepoint     ] Entering safepoint region: Cleanup
[2023-10-19T09:49:33.693+0000][4133.944s][info ][safepoint     ] Leaving safepoint region
[2023-10-19T09:49:33.694+0000][4133.945s][info ][safepoint     ] Total time for which application threads were stopped: 0.0012197 seconds, Stopping threads took: 0.0005659 seconds
[2023-10-19T09:49:34.695+0000][4134.946s][debug][safepoint     ] Safepoint synchronization initiated. (173 threads)
[2023-10-19T09:49:34.696+0000][4134.947s][info ][safepoint     ] Application time: 1.0012351 seconds
[2023-10-19T09:49:34.696+0000][4134.947s][info ][safepoint     ] Entering safepoint region: Cleanup
[2023-10-19T09:49:34.697+0000][4134.948s][info ][safepoint     ] Leaving safepoint region
[2023-10-19T09:49:34.698+0000][4134.949s][info ][safepoint     ] Total time for which application threads were stopped: 0.0014593 seconds, Stopping threads took: 0.0006828 seconds
[2023-10-19T09:49:35.699+0000][4135.950s][debug][safepoint     ] Safepoint synchronization initiated. (173 threads)
[2023-10-19T09:49:35.700+0000][4135.951s][info ][safepoint     ] Application time: 1.0012758 seconds
[2023-10-19T09:49:35.701+0000][4135.952s][info ][safepoint     ] Entering safepoint region: Cleanup
[2023-10-19T09:49:35.702+0000][4135.953s][info ][safepoint     ] Leaving safepoint region
[2023-10-19T09:49:35.702+0000][4135.953s][info ][safepoint     ] Total time for which application threads were stopped: 0.0017061 seconds, Stopping threads took: 0.0008102 seconds
[2023-10-19T09:49:36.703+0000][4136.954s][debug][safepoint     ] Safepoint synchronization initiated. (173 threads)
[2023-10-19T09:49:36.704+0000][4136.956s][info ][safepoint     ] Application time: 1.0015353 seconds
[2023-10-19T09:49:36.705+0000][4136.957s][info ][safepoint     ] Entering safepoint region: Cleanup
[2023-10-19T09:49:36.706+0000][4136.957s][info ][safepoint     ] Leaving safepoint region
[2023-10-19T09:49:36.707+0000][4136.958s][info ][safepoint     ] Total time for which application threads were stopped: 0.0017715 seconds, Stopping threads took: 0.0007925 seconds
[2023-10-19T09:49:37.708+0000][4137.959s][debug][safepoint     ] Safepoint synchronization initiated. (173 threads)
[2023-10-19T09:49:37.709+0000][4137.960s][info ][safepoint     ] Application time: 1.0012105 seconds
[2023-10-19T09:49:37.710+0000][4137.961s][info ][safepoint     ] Entering safepoint region: Cleanup
[2023-10-19T09:49:37.711+0000][4137.962s][info ][safepoint     ] Leaving safepoint region
[2023-10-19T09:49:37.712+0000][4137.963s][info ][safepoint     ] Total time for which application threads were stopped: 0.0016812 seconds, Stopping threads took: 0.0006716 seconds
[2023-10-19T09:49:38.712+0000][4138.963s][debug][safepoint     ] Safepoint synchronization initiated. (173 threads)
[2023-10-19T09:49:38.714+0000][4138.965s][info ][safepoint     ] Application time: 1.0014435 seconds
[2023-10-19T09:49:38.714+0000][4138.966s][info ][safepoint     ] Entering safepoint region: Cleanup
[2023-10-19T09:49:38.716+0000][4138.967s][info ][safepoint     ] Leaving safepoint region
[2023-10-19T09:49:38.716+0000][4138.967s][info ][safepoint     ] Total time for which application threads were stopped: 0.0020165 seconds, Stopping threads took: 0.0008424 seconds
[2023-10-19T09:49:39.717+0000][4139.968s][debug][safepoint     ] Safepoint synchronization initiated. (173 threads)
[2023-10-19T09:49:39.718+0000][4139.969s][info ][safepoint     ] Application time: 1.0009989 seconds
[2023-10-19T09:49:39.719+0000][4139.970s][info ][safepoint     ] Entering safepoint region: Cleanup
[2023-10-19T09:49:39.719+0000][4139.970s][info ][safepoint     ] Leaving safepoint region
[2023-10-19T09:49:39.720+0000][4139.971s][info ][safepoint     ] Total time for which application threads were stopped: 0.0010919 seconds, Stopping threads took: 0.0004934 seconds
[2023-10-19T09:49:40.720+0000][4140.971s][debug][safepoint     ] Safepoint synchronization initiated. (173 threads)
[2023-10-19T09:49:40.721+0000][4140.972s][info ][safepoint     ] Application time: 1.0006821 seconds
[2023-10-19T09:49:40.722+0000][4140.973s][info ][safepoint     ] Entering safepoint region: Cleanup
[2023-10-19T09:49:40.722+0000][4140.973s][info ][safepoint     ] Leaving safepoint region
[2023-10-19T09:49:40.722+0000][4140.973s][info ][safepoint     ] Total time for which application threads were stopped: 0.0008768 seconds, Stopping threads took: 0.0003910 seconds
[2023-10-19T09:49:41.723+0000][4141.974s][debug][safepoint     ] Safepoint synchronization initiated. (173 threads)
[2023-10-19T09:49:41.724+0000][4141.975s][info ][safepoint     ] Application time: 1.0009586 seconds
[2023-10-19T09:49:41.724+0000][4141.975s][info ][safepoint     ] Entering safepoint region: Cleanup
[2023-10-19T09:49:41.725+0000][4141.976s][info ][safepoint     ] Leaving safepoint region
[2023-10-19T09:49:41.725+0000][4141.976s][info ][safepoint     ] Total time for which application threads were stopped: 0.0011521 seconds, Stopping threads took: 0.0004846 seconds
[2023-10-19T09:49:42.726+0000][4142.977s][debug][safepoint     ] Safepoint synchronization initiated. (173 threads)
[2023-10-19T09:49:42.727+0000][4142.978s][info ][safepoint     ] Application time: 1.0008946 seconds
[2023-10-19T09:49:42.727+0000][4142.978s][info ][safepoint     ] Entering safepoint region: Cleanup
[2023-10-19T09:49:42.728+0000][4142.979s][info ][safepoint     ] Leaving safepoint region
[2023-10-19T09:49:42.729+0000][4142.980s][info ][safepoint     ] Total time for which application threads were stopped: 0.0014547 seconds, Stopping threads took: 0.0006747 seconds
[2023-10-19T09:49:43.730+0000][4143.981s][debug][safepoint     ] Safepoint synchronization initiated. (173 threads)
[2023-10-19T09:49:43.731+0000][4143.982s][info ][safepoint     ] Application time: 1.0012950 seconds
[2023-10-19T09:49:43.732+0000][4143.983s][info ][safepoint     ] Entering safepoint region: Cleanup
[2023-10-19T09:49:43.733+0000][4143.984s][info ][safepoint     ] Leaving safepoint region
[2023-10-19T09:49:43.733+0000][4143.984s][info ][safepoint     ] Total time for which application threads were stopped: 0.0018827 seconds, Stopping threads took: 0.0008609 seconds
[2023-10-19T09:49:44.734+0000][4144.985s][debug][safepoint     ] Safepoint synchronization initiated. (173 threads)
[2023-10-19T09:49:44.735+0000][4144.986s][info ][safepoint     ] Application time: 1.0012969 seconds
[2023-10-19T09:49:44.736+0000][4144.987s][info ][safepoint     ] Entering safepoint region: Cleanup
[2023-10-19T09:49:44.737+0000][4144.988s][info ][safepoint     ] Leaving safepoint region
[2023-10-19T09:49:44.738+0000][4144.989s][info ][safepoint     ] Total time for which application threads were stopped: 0.0018175 seconds, Stopping threads took: 0.0009435 seconds
[2023-10-19T09:49:44.737+0000][4144.988s][debug][safepoint     ] ... found polling page return exception at pc = 0x00007f0de87cbbc4, stub =0x00007f0de0840600
[2023-10-19T09:49:44.737+0000][4144.988s][debug][safepoint     ] ... found polling page return exception at pc = 0x00007f0de87cbbc4, stub =0x00007f0de0840600
[2023-10-19T09:49:44.737+0000][4144.988s][debug][safepoint     ] ... found polling page return exception at pc = 0x00007f0de87cbbc4, stub =0x00007f0de0840600
[2023-10-19T09:49:45.739+0000][4145.990s][debug][safepoint     ] Safepoint synchronization initiated. (173 threads)
[2023-10-19T09:49:45.740+0000][4145.991s][info ][safepoint     ] Application time: 1.0010717 seconds
[2023-10-19T09:49:45.741+0000][4145.992s][info ][safepoint     ] Entering safepoint region: Cleanup
[2023-10-19T09:49:45.741+0000][4145.992s][info ][safepoint     ] Leaving safepoint region
[2023-10-19T09:49:45.742+0000][4145.993s][info ][safepoint     ] Total time for which application threads were stopped: 0.0012617 seconds, Stopping threads took: 0.0005764 seconds
[2023-10-19T09:49:46.743+0000][4146.994s][debug][safepoint     ] Safepoint synchronization initiated. (173 threads)
[2023-10-19T09:49:46.744+0000][4146.995s][info ][safepoint     ] Application time: 1.0016404 seconds
[2023-10-19T09:49:46.745+0000][4146.996s][info ][safepoint     ] Entering safepoint region: Cleanup
[2023-10-19T09:49:46.746+0000][4146.997s][info ][safepoint     ] Leaving safepoint region
[2023-10-19T09:49:46.747+0000][4146.998s][info ][safepoint     ] Total time for which application threads were stopped: 0.0021840 seconds, Stopping threads took: 0.0009576 seconds
[2023-10-19T09:49:47.748+0000][4147.999s][debug][safepoint     ] Safepoint synchronization initiated. (173 threads)
[2023-10-19T09:49:47.750+0000][4148.001s][info ][safepoint     ] Application time: 1.0015425 seconds
[2023-10-19T09:49:47.751+0000][4148.002s][info ][safepoint     ] Entering safepoint region: Cleanup
[2023-10-19T09:49:47.752+0000][4148.003s][info ][safepoint     ] Leaving safepoint region
[2023-10-19T09:49:47.753+0000][4148.004s][info ][safepoint     ] Total time for which application threads were stopped: 0.0023497 seconds, Stopping threads took: 0.0011082 seconds
[2023-10-19T09:49:48.754+0000][4149.005s][debug][safepoint     ] Safepoint synchronization initiated. (173 threads)
[2023-10-19T09:49:48.756+0000][4149.007s][info ][safepoint     ] Application time: 1.0015538 seconds
[2023-10-19T09:49:48.757+0000][4149.008s][info ][safepoint     ] Entering safepoint region: Cleanup
[2023-10-19T09:49:48.758+0000][4149.009s][info ][safepoint     ] Leaving safepoint region
[2023-10-19T09:49:48.759+0000][4149.010s][info ][safepoint     ] Total time for which application threads were stopped: 0.0024121 seconds, Stopping threads took: 0.0011289 seconds
[2023-10-19T09:49:49.760+0000][4150.011s][debug][safepoint     ] Safepoint synchronization initiated. (173 threads)
[2023-10-19T09:49:49.761+0000][4150.012s][info ][safepoint     ] Application time: 1.0015310 seconds
[2023-10-19T09:49:49.762+0000][4150.013s][info ][safepoint     ] Entering safepoint region: Cleanup
[2023-10-19T09:49:49.763+0000][4150.014s][info ][safepoint     ] Leaving safepoint region
[2023-10-19T09:49:49.764+0000][4150.015s][info ][safepoint     ] Total time for which application threads were stopped: 0.0021085 seconds, Stopping threads took: 0.0010216 seconds
[2023-10-19T09:49:50.353+0000][4150.604s][debug][safepoint     ] Safepoint synchronization initiated. (173 threads)
[2023-10-19T09:49:50.354+0000][4150.605s][info ][safepoint     ] Application time: 0.5891779 seconds
[2023-10-19T09:49:50.355+0000][4150.606s][info ][safepoint     ] Entering safepoint region: G1CollectForAllocation
[2023-10-19T09:49:50.356+0000][4150.607s][info ][gc,start      ] GC(100) Pause Young (Concurrent Start) (G1 Evacuation Pause)
[2023-10-19T09:49:50.357+0000][4150.608s][info ][gc,task       ] GC(100) Using 8 workers of 8 for evacuation
[2023-10-19T09:49:50.363+0000][4150.614s][info ][gc,phases     ] GC(100)   Pre Evacuate Collection Set: 1.0ms
[2023-10-19T09:49:50.363+0000][4150.614s][info ][gc,phases     ] GC(100)   Evacuate Collection Set: 2.0ms
[2023-10-19T09:49:50.364+0000][4150.615s][info ][gc,phases     ] GC(100)   Post Evacuate Collection Set: 2.2ms
[2023-10-19T09:49:50.364+0000][4150.615s][info ][gc,phases     ] GC(100)   Other: 1.7ms
[2023-10-19T09:49:50.364+0000][4150.616s][info ][gc,heap       ] GC(100) Eden regions: 142->0(144)
[2023-10-19T09:49:50.365+0000][4150.616s][info ][gc,heap       ] GC(100) Survivor regions: 2->2(18)
[2023-10-19T09:49:50.365+0000][4150.616s][info ][gc,heap       ] GC(100) Old regions: 132->132
[2023-10-19T09:49:50.366+0000][4150.617s][info ][gc,heap       ] GC(100) Humongous regions: 25->25
[2023-10-19T09:49:50.366+0000][4150.617s][info ][gc,metaspace  ] GC(100) Metaspace: 160777K(167888K)->160777K(167888K) NonClass: 142194K(146896K)->142194K(146896K) Class: 18583K(20992K)->18583K(20992K)
[2023-10-19T09:49:50.366+0000][4150.617s][info ][gc            ] GC(100) Pause Young (Concurrent Start) (G1 Evacuation Pause) 298M->156M(350M) 10.222ms
[2023-10-19T09:49:50.367+0000][4150.618s][info ][gc,cpu        ] GC(100) User=0.02s Sys=0.00s Real=0.01s
[2023-10-19T09:49:50.367+0000][4150.618s][info ][safepoint     ] Leaving safepoint region
[2023-10-19T09:49:50.368+0000][4150.619s][info ][safepoint     ] Total time for which application threads were stopped: 0.0127475 seconds, Stopping threads took: 0.0007827 seconds
[2023-10-19T09:49:50.367+0000][4150.618s][info ][gc            ] GC(101) Concurrent Cycle
[2023-10-19T09:49:50.368+0000][4150.619s][info ][gc,marking    ] GC(101) Concurrent Clear Claimed Marks
[2023-10-19T09:49:50.368+0000][4150.619s][info ][gc,stringdedup] Concurrent String Deduplication (4150.619s)
[2023-10-19T09:49:50.369+0000][4150.620s][info ][gc,stringdedup] Concurrent String Deduplication 24.0B->0.0B(24.0B) avg 54.5% (4150.619s, 4150.620s) 1.225ms
[2023-10-19T09:49:50.370+0000][4150.621s][info ][gc,marking    ] GC(101) Concurrent Clear Claimed Marks 1.179ms
[2023-10-19T09:49:50.370+0000][4150.621s][info ][gc,marking    ] GC(101) Concurrent Scan Root Regions
[2023-10-19T09:49:50.374+0000][4150.625s][info ][gc,marking    ] GC(101) Concurrent Scan Root Regions 3.414ms
[2023-10-19T09:49:50.374+0000][4150.625s][info ][gc,marking    ] GC(101) Concurrent Mark (4150.625s)
[2023-10-19T09:49:50.375+0000][4150.626s][info ][gc,marking    ] GC(101) Concurrent Mark From Roots
[2023-10-19T09:49:50.375+0000][4150.626s][info ][gc,task       ] GC(101) Using 2 workers of 2 for marking
[2023-10-19T09:49:50.464+0000][4150.715s][info ][gc,marking    ] GC(101) Concurrent Mark From Roots 88.865ms
[2023-10-19T09:49:50.464+0000][4150.715s][info ][gc,marking    ] GC(101) Concurrent Preclean
[2023-10-19T09:49:50.465+0000][4150.716s][info ][gc,marking    ] GC(101) Concurrent Preclean 0.653ms
[2023-10-19T09:49:50.466+0000][4150.717s][info ][gc,marking    ] GC(101) Concurrent Mark (4150.625s, 4150.717s) 91.221ms
[2023-10-19T09:49:50.466+0000][4150.717s][debug][safepoint     ] Safepoint synchronization initiated. (173 threads)
[2023-10-19T09:49:50.466+0000][4150.717s][info ][safepoint     ] Application time: 0.0985163 seconds
[2023-10-19T09:49:50.467+0000][4150.718s][info ][safepoint     ] Entering safepoint region: CGC_Operation
[2023-10-19T09:49:50.468+0000][4150.719s][info ][gc,start      ] GC(101) Pause Remark
[2023-10-19T09:49:50.535+0000][4150.786s][info ][gc,stringtable] GC(101) Cleaned string and symbol table, strings: 69277 processed, 17 removed, symbols: 401716 processed, 1 removed
[2023-10-19T09:49:50.536+0000][4150.787s][info ][gc            ] GC(101) Pause Remark 159M->159M(350M) 68.864ms
[2023-10-19T09:49:50.537+0000][4150.788s][info ][gc,cpu        ] GC(101) User=0.50s Sys=0.00s Real=0.07s
[2023-10-19T09:49:50.538+0000][4150.789s][info ][safepoint     ] Leaving safepoint region
[2023-10-19T09:49:50.538+0000][4150.789s][info ][safepoint     ] Total time for which application threads were stopped: 0.0712684 seconds, Stopping threads took: 0.0004410 seconds
[2023-10-19T09:49:50.539+0000][4150.790s][info ][gc,marking    ] GC(101) Concurrent Rebuild Remembered Sets
[2023-10-19T09:49:50.606+0000][4150.857s][info ][gc,marking    ] GC(101) Concurrent Rebuild Remembered Sets 67.395ms
[2023-10-19T09:49:50.607+0000][4150.858s][debug][safepoint     ] Safepoint synchronization initiated. (173 threads)
[2023-10-19T09:49:50.608+0000][4150.859s][info ][safepoint     ] Application time: 0.0687674 seconds
[2023-10-19T09:49:50.608+0000][4150.859s][info ][safepoint     ] Entering safepoint region: CGC_Operation
[2023-10-19T09:49:50.609+0000][4150.860s][info ][gc,start      ] GC(101) Pause Cleanup
[2023-10-19T09:49:50.610+0000][4150.861s][info ][gc            ] GC(101) Pause Cleanup 159M->159M(350M) 0.702ms
[2023-10-19T09:49:50.610+0000][4150.861s][info ][gc,cpu        ] GC(101) User=0.00s Sys=0.00s Real=0.00s
[2023-10-19T09:49:50.610+0000][4150.861s][info ][safepoint     ] Leaving safepoint region
[2023-10-19T09:49:50.611+0000][4150.862s][info ][safepoint     ] Total time for which application threads were stopped: 0.0026459 seconds, Stopping threads took: 0.0006715 seconds
[2023-10-19T09:49:50.611+0000][4150.862s][info ][gc,marking    ] GC(101) Concurrent Cleanup for Next Mark
[2023-10-19T09:49:50.612+0000][4150.863s][info ][gc,marking    ] GC(101) Concurrent Cleanup for Next Mark 0.970ms
[2023-10-19T09:49:50.613+0000][4150.864s][info ][gc            ] GC(101) Concurrent Cycle 245.382ms
[2023-10-19T09:49:51.611+0000][4151.862s][debug][safepoint     ] Safepoint synchronization initiated. (173 threads)
[2023-10-19T09:49:51.612+0000][4151.863s][info ][safepoint     ] Application time: 1.0009068 seconds
[2023-10-19T09:49:51.613+0000][4151.864s][info ][safepoint     ] Entering safepoint region: Cleanup
[2023-10-19T09:49:51.613+0000][4151.864s][info ][safepoint     ] Leaving safepoint region
[2023-10-19T09:49:51.614+0000][4151.865s][info ][safepoint     ] Total time for which application threads were stopped: 0.0011443 seconds, Stopping threads took: 0.0004773 seconds
[2023-10-19T09:49:52.614+0000][4152.865s][debug][safepoint     ] Safepoint synchronization initiated. (173 threads)
[2023-10-19T09:49:52.616+0000][4152.867s][info ][safepoint     ] Application time: 1.0017089 seconds
[2023-10-19T09:49:52.617+0000][4152.868s][info ][safepoint     ] Entering safepoint region: Cleanup
[2023-10-19T09:49:52.618+0000][4152.869s][info ][safepoint     ] Leaving safepoint region
[2023-10-19T09:49:52.619+0000][4152.870s][info ][safepoint     ] Total time for which application threads were stopped: 0.0022418 seconds, Stopping threads took: 0.0010808 seconds
[2023-10-19T09:49:53.620+0000][4153.871s][debug][safepoint     ] Safepoint synchronization initiated. (173 threads)
[2023-10-19T09:49:53.621+0000][4153.872s][info ][safepoint     ] Application time: 1.0014565 seconds
[2023-10-19T09:49:53.622+0000][4153.874s][info ][safepoint     ] Entering safepoint region: Cleanup
[2023-10-19T09:49:53.624+0000][4153.875s][info ][safepoint     ] Leaving safepoint region
[2023-10-19T09:49:53.625+0000][4153.876s][info ][safepoint     ] Total time for which application threads were stopped: 0.0021782 seconds, Stopping threads took: 0.0011285 seconds
[2023-10-19T09:49:54.626+0000][4154.877s][debug][safepoint     ] Safepoint synchronization initiated. (173 threads)
[2023-10-19T09:49:54.627+0000][4154.878s][info ][safepoint     ] Application time: 1.0012667 seconds
[2023-10-19T09:49:54.628+0000][4154.879s][info ][safepoint     ] Entering safepoint region: Cleanup
[2023-10-19T09:49:54.629+0000][4154.880s][info ][safepoint     ] Leaving safepoint region
[2023-10-19T09:49:54.630+0000][4154.881s][info ][safepoint     ] Total time for which application threads were stopped: 0.0024231 seconds, Stopping threads took: 0.0010851 seconds
[2023-10-19T09:49:55.631+0000][4155.882s][debug][safepoint     ] Safepoint synchronization initiated. (173 threads)
[2023-10-19T09:49:55.632+0000][4155.883s][info ][safepoint     ] Application time: 1.0013910 seconds
[2023-10-19T09:49:55.633+0000][4155.884s][info ][safepoint     ] Entering safepoint region: Cleanup
[2023-10-19T09:49:55.635+0000][4155.886s][info ][safepoint     ] Leaving safepoint region
[2023-10-19T09:49:55.635+0000][4155.886s][info ][safepoint     ] Total time for which application threads were stopped: 0.0018609 seconds, Stopping threads took: 0.0009696 seconds
[2023-10-19T09:49:56.636+0000][4156.887s][debug][safepoint     ] Safepoint synchronization initiated. (173 threads)
[2023-10-19T09:49:56.637+0000][4156.888s][info ][safepoint     ] Application time: 1.0007431 seconds
[2023-10-19T09:49:56.637+0000][4156.888s][info ][safepoint     ] Entering safepoint region: Cleanup
[2023-10-19T09:49:56.638+0000][4156.889s][info ][safepoint     ] Leaving safepoint region
[2023-10-19T09:49:56.638+0000][4156.889s][info ][safepoint     ] Total time for which application threads were stopped: 0.0011092 seconds, Stopping threads took: 0.0004539 seconds
[2023-10-19T09:49:57.639+0000][4157.890s][debug][safepoint     ] Safepoint synchronization initiated. (173 threads)
[2023-10-19T09:49:57.639+0000][4157.891s][info ][safepoint     ] Application time: 1.0010087 seconds
[2023-10-19T09:49:57.640+0000][4157.891s][info ][safepoint     ] Entering safepoint region: Cleanup
[2023-10-19T09:49:57.641+0000][4157.892s][info ][safepoint     ] Leaving safepoint region
[2023-10-19T09:49:57.642+0000][4157.893s][info ][safepoint     ] Total time for which application threads were stopped: 0.0015781 seconds, Stopping threads took: 0.0006799 seconds
[2023-10-19T09:49:58.643+0000][4158.894s][debug][safepoint     ] Safepoint synchronization initiated. (173 threads)
[2023-10-19T09:49:58.644+0000][4158.895s][info ][safepoint     ] Application time: 1.0016442 seconds
[2023-10-19T09:49:58.645+0000][4158.896s][info ][safepoint     ] Entering safepoint region: Cleanup
[2023-10-19T09:49:58.647+0000][4158.898s][info ][safepoint     ] Leaving safepoint region
[2023-10-19T09:49:58.648+0000][4158.899s][info ][safepoint     ] Total time for which application threads were stopped: 0.0026303 seconds, Stopping threads took: 0.0011737 seconds
[2023-10-19T09:49:59.649+0000][4159.900s][debug][safepoint     ] Safepoint synchronization initiated. (173 threads)
[2023-10-19T09:49:59.650+0000][4159.901s][info ][safepoint     ] Application time: 1.0013129 seconds
[2023-10-19T09:49:59.651+0000][4159.902s][info ][safepoint     ] Entering safepoint region: Cleanup
[2023-10-19T09:49:59.652+0000][4159.903s][info ][safepoint     ] Leaving safepoint region
[2023-10-19T09:49:59.653+0000][4159.904s][info ][safepoint     ] Total time for which application threads were stopped: 0.0018978 seconds, Stopping threads took: 0.0008779 seconds
[2023-10-19T09:50:00.654+0000][4160.905s][debug][safepoint     ] Safepoint synchronization initiated. (173 threads)
[2023-10-19T09:50:00.654+0000][4160.905s][info ][safepoint     ] Application time: 1.0006235 seconds
[2023-10-19T09:50:00.655+0000][4160.906s][info ][safepoint     ] Entering safepoint region: Cleanup
[2023-10-19T09:50:00.655+0000][4160.906s][info ][safepoint     ] Leaving safepoint region
[2023-10-19T09:50:00.655+0000][4160.906s][info ][safepoint     ] Total time for which application threads were stopped: 0.0008622 seconds, Stopping threads took: 0.0003503 seconds
[2023-10-19T09:50:01.656+0000][4161.907s][debug][safepoint     ] Safepoint synchronization initiated. (173 threads)
[2023-10-19T09:50:01.657+0000][4161.908s][info ][safepoint     ] Application time: 1.0010672 seconds
[2023-10-19T09:50:01.658+0000][4161.909s][info ][safepoint     ] Entering safepoint region: Cleanup
[2023-10-19T09:50:01.658+0000][4161.909s][info ][safepoint     ] Leaving safepoint region
[2023-10-19T09:50:01.659+0000][4161.910s][info ][safepoint     ] Total time for which application threads were stopped: 0.0013455 seconds, Stopping threads took: 0.0006805 seconds
[2023-10-19T09:50:02.660+0000][4162.911s][debug][safepoint     ] Safepoint synchronization initiated. (173 threads)
[2023-10-19T09:50:02.660+0000][4162.911s][info ][safepoint     ] Application time: 1.0008364 seconds
[2023-10-19T09:50:02.661+0000][4162.912s][info ][safepoint     ] Entering safepoint region: Cleanup
[2023-10-19T09:50:02.661+0000][4162.912s][info ][safepoint     ] Leaving safepoint region
[2023-10-19T09:50:02.662+0000][4162.913s][info ][safepoint     ] Total time for which application threads were stopped: 0.0011589 seconds, Stopping threads took: 0.0005008 seconds
[2023-10-19T09:50:03.662+0000][4163.913s][debug][safepoint     ] Safepoint synchronization initiated. (173 threads)
[2023-10-19T09:50:03.663+0000][4163.914s][info ][safepoint     ] Application time: 1.0009893 seconds
[2023-10-19T09:50:03.664+0000][4163.915s][info ][safepoint     ] Entering safepoint region: Cleanup
[2023-10-19T09:50:03.665+0000][4163.916s][info ][safepoint     ] Leaving safepoint region
[2023-10-19T09:50:03.665+0000][4163.916s][info ][safepoint     ] Total time for which application threads were stopped: 0.0015190 seconds, Stopping threads took: 0.0008185 seconds
[2023-10-19T09:50:04.666+0000][4164.917s][debug][safepoint     ] Safepoint synchronization initiated. (173 threads)
[2023-10-19T09:50:04.667+0000][4164.918s][info ][safepoint     ] Application time: 1.0010306 seconds
[2023-10-19T09:50:04.668+0000][4164.919s][info ][safepoint     ] Entering safepoint region: Cleanup
[2023-10-19T09:50:04.668+0000][4164.919s][info ][safepoint     ] Leaving safepoint region
[2023-10-19T09:50:04.669+0000][4164.920s][info ][safepoint     ] Total time for which application threads were stopped: 0.0011975 seconds, Stopping threads took: 0.0005766 seconds
[2023-10-19T09:50:04.668+0000][4164.919s][debug][safepoint     ] ... found polling page return exception at pc = 0x00007f0de87cbbc4, stub =0x00007f0de0840600
[2023-10-19T09:50:04.668+0000][4164.919s][debug][safepoint     ] ... found polling page return exception at pc = 0x00007f0de87cbbc4, stub =0x00007f0de0840600
[2023-10-19T09:50:04.668+0000][4164.919s][debug][safepoint     ] ... found polling page return exception at pc = 0x00007f0de87cbbc4, stub =0x00007f0de0840600
[2023-10-19T09:50:05.670+0000][4165.921s][debug][safepoint     ] Safepoint synchronization initiated. (173 threads)
[2023-10-19T09:50:05.671+0000][4165.922s][info ][safepoint     ] Application time: 1.0014094 seconds
[2023-10-19T09:50:05.672+0000][4165.923s][info ][safepoint     ] Entering safepoint region: Cleanup
[2023-10-19T09:50:05.673+0000][4165.924s][info ][safepoint     ] Leaving safepoint region
[2023-10-19T09:50:05.674+0000][4165.925s][info ][safepoint     ] Total time for which application threads were stopped: 0.0024348 seconds, Stopping threads took: 0.0011551 seconds
[2023-10-19T09:50:06.675+0000][4166.926s][debug][safepoint     ] Safepoint synchronization initiated. (173 threads)
[2023-10-19T09:50:06.676+0000][4166.927s][info ][safepoint     ] Application time: 1.0007722 seconds
[2023-10-19T09:50:06.677+0000][4166.928s][info ][safepoint     ] Entering safepoint region: Cleanup
[2023-10-19T09:50:06.677+0000][4166.928s][info ][safepoint     ] Leaving safepoint region
[2023-10-19T09:50:06.678+0000][4166.929s][info ][safepoint     ] Total time for which application threads were stopped: 0.0011925 seconds, Stopping threads took: 0.0004416 seconds
[2023-10-19T09:50:07.678+0000][4167.929s][debug][safepoint     ] Safepoint synchronization initiated. (173 threads)
[2023-10-19T09:50:07.680+0000][4167.931s][info ][safepoint     ] Application time: 1.0013560 seconds
[2023-10-19T09:50:07.681+0000][4167.932s][info ][safepoint     ] Entering safepoint region: Cleanup
[2023-10-19T09:50:07.682+0000][4167.933s][info ][safepoint     ] Leaving safepoint region
[2023-10-19T09:50:07.683+0000][4167.934s][info ][safepoint     ] Total time for which application threads were stopped: 0.0020561 seconds, Stopping threads took: 0.0008262 seconds
[2023-10-19T09:50:08.683+0000][4168.934s][debug][safepoint     ] Safepoint synchronization initiated. (173 threads)
[2023-10-19T09:50:08.684+0000][4168.935s][info ][safepoint     ] Application time: 1.0007279 seconds
[2023-10-19T09:50:08.685+0000][4168.936s][info ][safepoint     ] Entering safepoint region: Cleanup
[2023-10-19T09:50:08.685+0000][4168.936s][info ][safepoint     ] Leaving safepoint region
[2023-10-19T09:50:08.686+0000][4168.937s][info ][safepoint     ] Total time for which application threads were stopped: 0.0013070 seconds, Stopping threads took: 0.0006442 seconds
[2023-10-19T09:50:09.687+0000][4169.938s][debug][safepoint     ] Safepoint synchronization initiated. (173 threads)
[2023-10-19T09:50:09.688+0000][4169.939s][info ][safepoint     ] Application time: 1.0010405 seconds
[2023-10-19T09:50:09.688+0000][4169.939s][info ][safepoint     ] Entering safepoint region: Cleanup
[2023-10-19T09:50:09.690+0000][4169.941s][info ][safepoint     ] Leaving safepoint region
[2023-10-19T09:50:09.690+0000][4169.941s][info ][safepoint     ] Total time for which application threads were stopped: 0.0022634 seconds, Stopping threads took: 0.0008253 seconds
[2023-10-19T09:50:10.691+0000][4170.942s][debug][safepoint     ] Safepoint synchronization initiated. (173 threads)
[2023-10-19T09:50:10.692+0000][4170.943s][info ][safepoint     ] Application time: 1.0013546 seconds
[2023-10-19T09:50:10.693+0000][4170.944s][info ][safepoint     ] Entering safepoint region: Cleanup
[2023-10-19T09:50:10.694+0000][4170.945s][info ][safepoint     ] Leaving safepoint region
[2023-10-19T09:50:10.695+0000][4170.946s][info ][safepoint     ] Total time for which application threads were stopped: 0.0013392 seconds, Stopping threads took: 0.0005737 seconds
[2023-10-19T09:50:11.696+0000][4171.947s][debug][safepoint     ] Safepoint synchronization initiated. (173 threads)
[2023-10-19T09:50:11.697+0000][4171.948s][info ][safepoint     ] Application time: 1.0017680 seconds
[2023-10-19T09:50:11.698+0000][4171.949s][info ][safepoint     ] Entering safepoint region: Cleanup
[2023-10-19T09:50:11.699+0000][4171.950s][info ][safepoint     ] Leaving safepoint region
[2023-10-19T09:50:11.699+0000][4171.950s][info ][safepoint     ] Total time for which application threads were stopped: 0.0012783 seconds, Stopping threads took: 0.0006107 seconds
[2023-10-19T09:50:12.700+0000][4172.951s][debug][safepoint     ] Safepoint synchronization initiated. (173 threads)
[2023-10-19T09:50:12.700+0000][4172.951s][info ][safepoint     ] Application time: 1.0008343 seconds
[2023-10-19T09:50:12.701+0000][4172.952s][info ][safepoint     ] Entering safepoint region: Cleanup
[2023-10-19T09:50:12.702+0000][4172.953s][info ][safepoint     ] Leaving safepoint region
[2023-10-19T09:50:12.702+0000][4172.953s][info ][safepoint     ] Total time for which application threads were stopped: 0.0012903 seconds, Stopping threads took: 0.0005352 seconds
[2023-10-19T09:50:13.703+0000][4173.954s][debug][safepoint     ] Safepoint synchronization initiated. (173 threads)
[2023-10-19T09:50:13.710+0000][4173.961s][info ][safepoint     ] Application time: 1.0068875 seconds
[2023-10-19T09:50:13.722+0000][4173.973s][info ][safepoint     ] Entering safepoint region: Cleanup
[2023-10-19T09:50:13.728+0000][4173.979s][info ][safepoint     ] Leaving safepoint region
[2023-10-19T09:50:13.738+0000][4173.989s][info ][safepoint     ] Total time for which application threads were stopped: 0.0159017 seconds, Stopping threads took: 0.0058194 seconds
[2023-10-19T09:50:14.751+0000][4175.002s][debug][safepoint     ] Safepoint synchronization initiated. (173 threads)
[2023-10-19T09:50:14.752+0000][4175.003s][info ][safepoint     ] Application time: 1.0013509 seconds
[2023-10-19T09:50:14.753+0000][4175.004s][info ][safepoint     ] Entering safepoint region: Cleanup
[2023-10-19T09:50:14.754+0000][4175.005s][info ][safepoint     ] Leaving safepoint region
[2023-10-19T09:50:14.755+0000][4175.006s][info ][safepoint     ] Total time for which application threads were stopped: 0.0017966 seconds, Stopping threads took: 0.0008471 seconds
[2023-10-19T09:50:15.756+0000][4176.007s][debug][safepoint     ] Safepoint synchronization initiated. (173 threads)
[2023-10-19T09:50:15.762+0000][4176.013s][info ][safepoint     ] Application time: 1.0067235 seconds
[2023-10-19T09:50:15.767+0000][4176.018s][info ][safepoint     ] Entering safepoint region: Cleanup
[2023-10-19T09:50:15.772+0000][4176.023s][info ][safepoint     ] Leaving safepoint region
[2023-10-19T09:50:15.780+0000][4176.031s][info ][safepoint     ] Total time for which application threads were stopped: 0.0140000 seconds, Stopping threads took: 0.0049911 seconds
[2023-10-19T09:50:16.785+0000][4177.036s][debug][safepoint     ] Safepoint synchronization initiated. (173 threads)
[2023-10-19T09:50:16.786+0000][4177.037s][info ][safepoint     ] Application time: 1.0010399 seconds
[2023-10-19T09:50:16.786+0000][4177.037s][info ][safepoint     ] Entering safepoint region: Cleanup
[2023-10-19T09:50:16.787+0000][4177.038s][info ][safepoint     ] Leaving safepoint region
[2023-10-19T09:50:16.788+0000][4177.039s][info ][safepoint     ] Total time for which application threads were stopped: 0.0016205 seconds, Stopping threads took: 0.0006178 seconds
[2023-10-19T09:50:17.789+0000][4178.040s][debug][safepoint     ] Safepoint synchronization initiated. (173 threads)
[2023-10-19T09:50:17.790+0000][4178.041s][info ][safepoint     ] Application time: 1.0010576 seconds
[2023-10-19T09:50:17.790+0000][4178.041s][info ][safepoint     ] Entering safepoint region: Cleanup
[2023-10-19T09:50:17.791+0000][4178.042s][info ][safepoint     ] Leaving safepoint region
[2023-10-19T09:50:17.791+0000][4178.042s][info ][safepoint     ] Total time for which application threads were stopped: 0.0011773 seconds, Stopping threads took: 0.0004875 seconds
[2023-10-19T09:50:18.792+0000][4179.043s][debug][safepoint     ] Safepoint synchronization initiated. (173 threads)
[2023-10-19T09:50:18.792+0000][4179.043s][info ][safepoint     ] Application time: 1.0005925 seconds
[2023-10-19T09:50:18.793+0000][4179.044s][info ][safepoint     ] Entering safepoint region: Cleanup
[2023-10-19T09:50:18.793+0000][4179.044s][info ][safepoint     ] Leaving safepoint region
[2023-10-19T09:50:18.794+0000][4179.045s][info ][safepoint     ] Total time for which application threads were stopped: 0.0008928 seconds, Stopping threads took: 0.0003799 seconds
[2023-10-19T09:50:19.795+0000][4180.046s][debug][safepoint     ] Safepoint synchronization initiated. (173 threads)
[2023-10-19T09:50:19.796+0000][4180.047s][info ][safepoint     ] Application time: 1.0013684 seconds
[2023-10-19T09:50:19.797+0000][4180.048s][info ][safepoint     ] Entering safepoint region: Cleanup
[2023-10-19T09:50:19.798+0000][4180.049s][info ][safepoint     ] Leaving safepoint region
[2023-10-19T09:50:19.799+0000][4180.050s][info ][safepoint     ] Total time for which application threads were stopped: 0.0020660 seconds, Stopping threads took: 0.0009079 seconds
[2023-10-19T09:50:20.800+0000][4181.051s][debug][safepoint     ] Safepoint synchronization initiated. (173 threads)
[2023-10-19T09:50:20.800+0000][4181.051s][info ][safepoint     ] Application time: 1.0008188 seconds
[2023-10-19T09:50:20.801+0000][4181.052s][info ][safepoint     ] Entering safepoint region: Cleanup
[2023-10-19T09:50:20.802+0000][4181.053s][info ][safepoint     ] Leaving safepoint region
[2023-10-19T09:50:20.802+0000][4181.053s][info ][safepoint     ] Total time for which application threads were stopped: 0.0012724 seconds, Stopping threads took: 0.0005461 seconds
[2023-10-19T09:50:21.803+0000][4182.054s][debug][safepoint     ] Safepoint synchronization initiated. (173 threads)
[2023-10-19T09:50:21.804+0000][4182.055s][info ][safepoint     ] Application time: 1.0012018 seconds
[2023-10-19T09:50:21.805+0000][4182.056s][info ][safepoint     ] Entering safepoint region: Cleanup
[2023-10-19T09:50:21.805+0000][4182.056s][info ][safepoint     ] Leaving safepoint region
[2023-10-19T09:50:21.806+0000][4182.057s][info ][safepoint     ] Total time for which application threads were stopped: 0.0012746 seconds, Stopping threads took: 0.0005354 seconds
[2023-10-19T09:50:22.806+0000][4183.057s][debug][safepoint     ] Safepoint synchronization initiated. (173 threads)
[2023-10-19T09:50:22.808+0000][4183.059s][info ][safepoint     ] Application time: 1.0014655 seconds
[2023-10-19T09:50:22.809+0000][4183.060s][info ][safepoint     ] Entering safepoint region: Cleanup
[2023-10-19T09:50:22.810+0000][4183.061s][info ][safepoint     ] Leaving safepoint region
[2023-10-19T09:50:22.811+0000][4183.062s][info ][safepoint     ] Total time for which application threads were stopped: 0.0027237 seconds, Stopping threads took: 0.0011418 seconds
[2023-10-19T09:50:23.813+0000][4184.064s][debug][safepoint     ] Safepoint synchronization initiated. (173 threads)
[2023-10-19T09:50:23.814+0000][4184.065s][info ][safepoint     ] Application time: 1.0018150 seconds
[2023-10-19T09:50:23.816+0000][4184.067s][info ][safepoint     ] Entering safepoint region: Cleanup
[2023-10-19T09:50:23.817+0000][4184.068s][info ][safepoint     ] Leaving safepoint region
[2023-10-19T09:50:23.818+0000][4184.069s][info ][safepoint     ] Total time for which application threads were stopped: 0.0025131 seconds, Stopping threads took: 0.0010730 seconds
[2023-10-19T09:50:24.819+0000][4185.070s][debug][safepoint     ] Safepoint synchronization initiated. (173 threads)
[2023-10-19T09:50:24.821+0000][4185.072s][info ][safepoint     ] Application time: 1.0017047 seconds
[2023-10-19T09:50:24.822+0000][4185.073s][info ][safepoint     ] Entering safepoint region: Cleanup
[2023-10-19T09:50:24.824+0000][4185.075s][info ][safepoint     ] Leaving safepoint region
[2023-10-19T09:50:24.825+0000][4185.076s][info ][safepoint     ] Total time for which application threads were stopped: 0.0026997 seconds, Stopping threads took: 0.0012805 seconds
[2023-10-19T09:50:25.826+0000][4186.077s][debug][safepoint     ] Safepoint synchronization initiated. (173 threads)
[2023-10-19T09:50:25.827+0000][4186.078s][info ][safepoint     ] Application time: 1.0015182 seconds
[2023-10-19T09:50:25.828+0000][4186.079s][info ][safepoint     ] Entering safepoint region: Cleanup
[2023-10-19T09:50:25.829+0000][4186.080s][info ][safepoint     ] Leaving safepoint region
[2023-10-19T09:50:25.830+0000][4186.081s][info ][safepoint     ] Total time for which application threads were stopped: 0.0023668 seconds, Stopping threads took: 0.0008882 seconds
[2023-10-19T09:50:26.831+0000][4187.082s][debug][safepoint     ] Safepoint synchronization initiated. (173 threads)
[2023-10-19T09:50:26.832+0000][4187.083s][info ][safepoint     ] Application time: 1.0005953 seconds
[2023-10-19T09:50:26.832+0000][4187.083s][info ][safepoint     ] Entering safepoint region: Cleanup
[2023-10-19T09:50:26.833+0000][4187.084s][info ][safepoint     ] Leaving safepoint region
[2023-10-19T09:50:26.833+0000][4187.084s][info ][safepoint     ] Total time for which application threads were stopped: 0.0009082 seconds, Stopping threads took: 0.0003298 seconds
[2023-10-19T09:50:27.834+0000][4188.085s][debug][safepoint     ] Safepoint synchronization initiated. (173 threads)
[2023-10-19T09:50:27.835+0000][4188.086s][info ][safepoint     ] Application time: 1.0012865 seconds
[2023-10-19T09:50:27.836+0000][4188.087s][info ][safepoint     ] Entering safepoint region: Cleanup
[2023-10-19T09:50:27.837+0000][4188.088s][info ][safepoint     ] Leaving safepoint region
[2023-10-19T09:50:27.838+0000][4188.089s][info ][safepoint     ] Total time for which application threads were stopped: 0.0019192 seconds, Stopping threads took: 0.0008274 seconds
[2023-10-19T09:50:28.838+0000][4189.089s][debug][safepoint     ] Safepoint synchronization initiated. (173 threads)
[2023-10-19T09:50:28.839+0000][4189.090s][info ][safepoint     ] Application time: 1.0008686 seconds
[2023-10-19T09:50:28.840+0000][4189.091s][info ][safepoint     ] Entering safepoint region: Cleanup
[2023-10-19T09:50:28.840+0000][4189.091s][info ][safepoint     ] Leaving safepoint region
[2023-10-19T09:50:28.841+0000][4189.092s][info ][safepoint     ] Total time for which application threads were stopped: 0.0013665 seconds, Stopping threads took: 0.0006141 seconds
[2023-10-19T09:50:29.842+0000][4190.093s][debug][safepoint     ] Safepoint synchronization initiated. (173 threads)
[2023-10-19T09:50:29.842+0000][4190.093s][info ][safepoint     ] Application time: 1.0005946 seconds
[2023-10-19T09:50:29.842+0000][4190.093s][info ][safepoint     ] Entering safepoint region: Cleanup
[2023-10-19T09:50:29.843+0000][4190.094s][info ][safepoint     ] Leaving safepoint region
[2023-10-19T09:50:29.843+0000][4190.094s][info ][safepoint     ] Total time for which application threads were stopped: 0.0007318 seconds, Stopping threads took: 0.0002989 seconds
[2023-10-19T09:50:30.844+0000][4191.095s][debug][safepoint     ] Safepoint synchronization initiated. (173 threads)
[2023-10-19T09:50:30.845+0000][4191.096s][info ][safepoint     ] Application time: 1.0016253 seconds
[2023-10-19T09:50:30.846+0000][4191.097s][info ][safepoint     ] Entering safepoint region: Cleanup
[2023-10-19T09:50:30.847+0000][4191.098s][info ][safepoint     ] Leaving safepoint region
[2023-10-19T09:50:30.848+0000][4191.099s][info ][safepoint     ] Total time for which application threads were stopped: 0.0015677 seconds, Stopping threads took: 0.0006135 seconds
[2023-10-19T09:50:31.848+0000][4192.099s][debug][safepoint     ] Safepoint synchronization initiated. (173 threads)
[2023-10-19T09:50:31.849+0000][4192.100s][info ][safepoint     ] Application time: 1.0005599 seconds
[2023-10-19T09:50:31.849+0000][4192.100s][info ][safepoint     ] Entering safepoint region: Cleanup
[2023-10-19T09:50:31.850+0000][4192.101s][info ][safepoint     ] Leaving safepoint region
[2023-10-19T09:50:31.850+0000][4192.101s][info ][safepoint     ] Total time for which application threads were stopped: 0.0007717 seconds, Stopping threads took: 0.0003065 seconds
[2023-10-19T09:50:32.850+0000][4193.101s][debug][safepoint     ] Safepoint synchronization initiated. (173 threads)
[2023-10-19T09:50:32.851+0000][4193.102s][info ][safepoint     ] Application time: 1.0008187 seconds
[2023-10-19T09:50:32.851+0000][4193.102s][info ][safepoint     ] Entering safepoint region: Cleanup
[2023-10-19T09:50:32.852+0000][4193.103s][info ][safepoint     ] Leaving safepoint region
[2023-10-19T09:50:32.852+0000][4193.103s][info ][safepoint     ] Total time for which application threads were stopped: 0.0010166 seconds, Stopping threads took: 0.0004162 seconds
[2023-10-19T09:50:33.853+0000][4194.104s][debug][safepoint     ] Safepoint synchronization initiated. (173 threads)
[2023-10-19T09:50:33.854+0000][4194.105s][info ][safepoint     ] Application time: 1.0007916 seconds
[2023-10-19T09:50:33.854+0000][4194.105s][info ][safepoint     ] Entering safepoint region: Cleanup
[2023-10-19T09:50:33.855+0000][4194.106s][info ][safepoint     ] Leaving safepoint region
[2023-10-19T09:50:33.855+0000][4194.106s][info ][safepoint     ] Total time for which application threads were stopped: 0.0011658 seconds, Stopping threads took: 0.0004693 seconds
[2023-10-19T09:50:34.856+0000][4195.107s][debug][safepoint     ] Safepoint synchronization initiated. (173 threads)
[2023-10-19T09:50:34.857+0000][4195.108s][info ][safepoint     ] Application time: 1.0006503 seconds
[2023-10-19T09:50:34.857+0000][4195.108s][info ][safepoint     ] Entering safepoint region: Cleanup
[2023-10-19T09:50:34.858+0000][4195.109s][info ][safepoint     ] Leaving safepoint region
[2023-10-19T09:50:34.858+0000][4195.109s][info ][safepoint     ] Total time for which application threads were stopped: 0.0009999 seconds, Stopping threads took: 0.0004516 seconds
[2023-10-19T09:50:35.858+0000][4196.109s][debug][safepoint     ] Safepoint synchronization initiated. (173 threads)
[2023-10-19T09:50:35.859+0000][4196.110s][info ][safepoint     ] Application time: 1.0006753 seconds
[2023-10-19T09:50:35.859+0000][4196.110s][info ][safepoint     ] Entering safepoint region: Cleanup
[2023-10-19T09:50:35.860+0000][4196.111s][info ][safepoint     ] Leaving safepoint region
[2023-10-19T09:50:35.860+0000][4196.111s][info ][safepoint     ] Total time for which application threads were stopped: 0.0009468 seconds, Stopping threads took: 0.0004421 seconds
[2023-10-19T09:50:36.861+0000][4197.112s][debug][safepoint     ] Safepoint synchronization initiated. (173 threads)
[2023-10-19T09:50:36.862+0000][4197.113s][info ][safepoint     ] Application time: 1.0011824 seconds
[2023-10-19T09:50:36.863+0000][4197.114s][info ][safepoint     ] Entering safepoint region: Cleanup
[2023-10-19T09:50:36.864+0000][4197.115s][info ][safepoint     ] Leaving safepoint region
[2023-10-19T09:50:36.865+0000][4197.116s][info ][safepoint     ] Total time for which application threads were stopped: 0.0018845 seconds, Stopping threads took: 0.0008530 seconds
[2023-10-19T09:50:37.865+0000][4198.116s][debug][safepoint     ] Safepoint synchronization initiated. (173 threads)
[2023-10-19T09:50:37.867+0000][4198.118s][info ][safepoint     ] Application time: 1.0013902 seconds
[2023-10-19T09:50:37.868+0000][4198.119s][debug][safepoint     ] ... found polling page return exception at pc = 0x00007f0de8c11706, stub =0x00007f0de0840600
[2023-10-19T09:50:37.869+0000][4198.120s][debug][safepoint     ] Waiting for 1 thread(s) to block
[2023-10-19T09:50:37.870+0000][4198.121s][info ][safepoint     ] Entering safepoint region: Cleanup
[2023-10-19T09:50:37.871+0000][4198.122s][info ][safepoint     ] Leaving safepoint region
[2023-10-19T09:50:37.872+0000][4198.123s][info ][safepoint     ] Total time for which application threads were stopped: 0.0043749 seconds, Stopping threads took: 0.0032523 seconds
[2023-10-19T09:50:38.873+0000][4199.124s][debug][safepoint     ] Safepoint synchronization initiated. (173 threads)
[2023-10-19T09:50:38.874+0000][4199.125s][info ][safepoint     ] Application time: 1.0014598 seconds
[2023-10-19T09:50:38.875+0000][4199.126s][info ][safepoint     ] Entering safepoint region: Cleanup
[2023-10-19T09:50:38.877+0000][4199.128s][info ][safepoint     ] Leaving safepoint region
[2023-10-19T09:50:38.878+0000][4199.129s][info ][safepoint     ] Total time for which application threads were stopped: 0.0023619 seconds, Stopping threads took: 0.0010147 seconds
[2023-10-19T09:50:39.879+0000][4200.130s][debug][safepoint     ] Safepoint synchronization initiated. (173 threads)
[2023-10-19T09:50:39.880+0000][4200.131s][info ][safepoint     ] Application time: 1.0017870 seconds
[2023-10-19T09:50:39.882+0000][4200.133s][info ][safepoint     ] Entering safepoint region: Cleanup
[2023-10-19T09:50:39.883+0000][4200.134s][info ][safepoint     ] Leaving safepoint region
[2023-10-19T09:50:39.884+0000][4200.135s][info ][safepoint     ] Total time for which application threads were stopped: 0.0026469 seconds, Stopping threads took: 0.0012111 seconds
[2023-10-19T09:50:40.885+0000][4201.136s][debug][safepoint     ] Safepoint synchronization initiated. (173 threads)
[2023-10-19T09:50:40.886+0000][4201.137s][info ][safepoint     ] Application time: 1.0004985 seconds
[2023-10-19T09:50:40.886+0000][4201.137s][info ][safepoint     ] Entering safepoint region: Cleanup
[2023-10-19T09:50:40.886+0000][4201.137s][info ][safepoint     ] Leaving safepoint region
[2023-10-19T09:50:40.887+0000][4201.138s][info ][safepoint     ] Total time for which application threads were stopped: 0.0007865 seconds, Stopping threads took: 0.0003497 seconds
[2023-10-19T09:50:41.887+0000][4202.138s][debug][safepoint     ] Safepoint synchronization initiated. (173 threads)
[2023-10-19T09:50:41.888+0000][4202.139s][info ][safepoint     ] Application time: 1.0009165 seconds
[2023-10-19T09:50:41.889+0000][4202.140s][info ][safepoint     ] Entering safepoint region: Cleanup
[2023-10-19T09:50:41.889+0000][4202.140s][info ][safepoint     ] Leaving safepoint region
[2023-10-19T09:50:41.890+0000][4202.141s][info ][safepoint     ] Total time for which application threads were stopped: 0.0012219 seconds, Stopping threads took: 0.0005836 seconds
[2023-10-19T09:50:42.890+0000][4203.141s][debug][safepoint     ] Safepoint synchronization initiated. (173 threads)
[2023-10-19T09:50:42.891+0000][4203.142s][info ][safepoint     ] Application time: 1.0005257 seconds
[2023-10-19T09:50:42.891+0000][4203.142s][info ][safepoint     ] Entering safepoint region: Cleanup
[2023-10-19T09:50:42.891+0000][4203.142s][info ][safepoint     ] Leaving safepoint region
[2023-10-19T09:50:42.892+0000][4203.143s][info ][safepoint     ] Total time for which application threads were stopped: 0.0007815 seconds, Stopping threads took: 0.0002942 seconds
[2023-10-19T09:50:43.892+0000][4204.143s][debug][safepoint     ] Safepoint synchronization initiated. (173 threads)
[2023-10-19T09:50:43.893+0000][4204.144s][info ][safepoint     ] Application time: 1.0012314 seconds
[2023-10-19T09:50:43.894+0000][4204.145s][info ][safepoint     ] Entering safepoint region: Cleanup
[2023-10-19T09:50:43.896+0000][4204.147s][info ][safepoint     ] Leaving safepoint region
[2023-10-19T09:50:43.896+0000][4204.147s][info ][safepoint     ] Total time for which application threads were stopped: 0.0020610 seconds, Stopping threads took: 0.0008377 seconds
[2023-10-19T09:50:44.898+0000][4205.149s][debug][safepoint     ] Safepoint synchronization initiated. (173 threads)
[2023-10-19T09:50:44.898+0000][4205.149s][info ][safepoint     ] Application time: 1.0010835 seconds
[2023-10-19T09:50:44.899+0000][4205.150s][info ][safepoint     ] Entering safepoint region: Cleanup
[2023-10-19T09:50:44.900+0000][4205.151s][info ][safepoint     ] Leaving safepoint region
[2023-10-19T09:50:44.901+0000][4205.152s][info ][safepoint     ] Total time for which application threads were stopped: 0.0016158 seconds, Stopping threads took: 0.0008212 seconds
[2023-10-19T09:50:45.902+0000][4206.153s][debug][safepoint     ] Safepoint synchronization initiated. (173 threads)
[2023-10-19T09:50:45.903+0000][4206.154s][info ][safepoint     ] Application time: 1.0014466 seconds
[2023-10-19T09:50:45.904+0000][4206.155s][info ][safepoint     ] Entering safepoint region: Cleanup
[2023-10-19T09:50:45.905+0000][4206.156s][info ][safepoint     ] Leaving safepoint region
[2023-10-19T09:50:45.906+0000][4206.157s][info ][safepoint     ] Total time for which application threads were stopped: 0.0023857 seconds, Stopping threads took: 0.0010425 seconds
[2023-10-19T09:50:46.908+0000][4207.159s][debug][safepoint     ] Safepoint synchronization initiated. (173 threads)
[2023-10-19T09:50:46.909+0000][4207.160s][info ][safepoint     ] Application time: 1.0014131 seconds
[2023-10-19T09:50:46.910+0000][4207.161s][info ][safepoint     ] Entering safepoint region: Cleanup
[2023-10-19T09:50:46.911+0000][4207.162s][info ][safepoint     ] Leaving safepoint region
[2023-10-19T09:50:46.912+0000][4207.163s][info ][safepoint     ] Total time for which application threads were stopped: 0.0019746 seconds, Stopping threads took: 0.0008879 seconds
[2023-10-19T09:50:47.913+0000][4208.164s][debug][safepoint     ] Safepoint synchronization initiated. (173 threads)
[2023-10-19T09:50:47.914+0000][4208.165s][info ][safepoint     ] Application time: 1.0015907 seconds
[2023-10-19T09:50:47.915+0000][4208.166s][info ][safepoint     ] Entering safepoint region: Cleanup
[2023-10-19T09:50:47.916+0000][4208.167s][info ][safepoint     ] Leaving safepoint region
[2023-10-19T09:50:47.917+0000][4208.168s][info ][safepoint     ] Total time for which application threads were stopped: 0.0021845 seconds, Stopping threads took: 0.0010511 seconds
[2023-10-19T09:50:48.918+0000][4209.169s][debug][safepoint     ] Safepoint synchronization initiated. (173 threads)
[2023-10-19T09:50:48.919+0000][4209.170s][info ][safepoint     ] Application time: 1.0010057 seconds
[2023-10-19T09:50:48.919+0000][4209.170s][info ][safepoint     ] Entering safepoint region: Cleanup
[2023-10-19T09:50:48.920+0000][4209.171s][info ][safepoint     ] Leaving safepoint region
[2023-10-19T09:50:48.920+0000][4209.171s][info ][safepoint     ] Total time for which application threads were stopped: 0.0012121 seconds, Stopping threads took: 0.0005297 seconds
[2023-10-19T09:50:49.921+0000][4210.172s][debug][safepoint     ] Safepoint synchronization initiated. (173 threads)
[2023-10-19T09:50:49.922+0000][4210.173s][info ][safepoint     ] Application time: 1.0008225 seconds
[2023-10-19T09:50:49.923+0000][4210.174s][info ][safepoint     ] Entering safepoint region: Cleanup
[2023-10-19T09:50:49.923+0000][4210.174s][info ][safepoint     ] Leaving safepoint region
[2023-10-19T09:50:49.924+0000][4210.175s][info ][safepoint     ] Total time for which application threads were stopped: 0.0011287 seconds, Stopping threads took: 0.0006021 seconds
[2023-10-19T09:50:50.924+0000][4211.175s][debug][safepoint     ] Safepoint synchronization initiated. (173 threads)
[2023-10-19T09:50:50.925+0000][4211.176s][info ][safepoint     ] Application time: 1.0007958 seconds
[2023-10-19T09:50:50.925+0000][4211.176s][info ][safepoint     ] Entering safepoint region: Cleanup
[2023-10-19T09:50:50.926+0000][4211.177s][info ][safepoint     ] Leaving safepoint region
[2023-10-19T09:50:50.926+0000][4211.177s][info ][safepoint     ] Total time for which application threads were stopped: 0.0011386 seconds, Stopping threads took: 0.0005168 seconds
[2023-10-19T09:50:51.928+0000][4212.179s][debug][safepoint     ] Safepoint synchronization initiated. (173 threads)
[2023-10-19T09:50:51.929+0000][4212.180s][info ][safepoint     ] Application time: 1.0021672 seconds
[2023-10-19T09:50:51.929+0000][4212.180s][info ][safepoint     ] Entering safepoint region: Cleanup
[2023-10-19T09:50:51.931+0000][4212.182s][info ][safepoint     ] Leaving safepoint region
[2023-10-19T09:50:51.931+0000][4212.182s][info ][safepoint     ] Total time for which application threads were stopped: 0.0020411 seconds, Stopping threads took: 0.0006435 seconds
[2023-10-19T09:50:52.932+0000][4213.183s][debug][safepoint     ] Safepoint synchronization initiated. (173 threads)
[2023-10-19T09:50:52.933+0000][4213.184s][info ][safepoint     ] Application time: 1.0007987 seconds
[2023-10-19T09:50:52.933+0000][4213.184s][info ][safepoint     ] Entering safepoint region: Cleanup
[2023-10-19T09:50:52.934+0000][4213.185s][info ][safepoint     ] Leaving safepoint region
[2023-10-19T09:50:52.934+0000][4213.185s][info ][safepoint     ] Total time for which application threads were stopped: 0.0009316 seconds, Stopping threads took: 0.0003800 seconds
[2023-10-19T09:50:53.935+0000][4214.186s][debug][safepoint     ] Safepoint synchronization initiated. (173 threads)
[2023-10-19T09:50:53.935+0000][4214.186s][info ][safepoint     ] Application time: 1.0006021 seconds
[2023-10-19T09:50:53.935+0000][4214.186s][info ][safepoint     ] Entering safepoint region: Cleanup
[2023-10-19T09:50:53.936+0000][4214.187s][info ][safepoint     ] Leaving safepoint region
[2023-10-19T09:50:53.936+0000][4214.187s][info ][safepoint     ] Total time for which application threads were stopped: 0.0007596 seconds, Stopping threads took: 0.0003410 seconds
[2023-10-19T09:50:54.936+0000][4215.187s][debug][safepoint     ] Safepoint synchronization initiated. (173 threads)
[2023-10-19T09:50:54.937+0000][4215.188s][info ][safepoint     ] Application time: 1.0005300 seconds
[2023-10-19T09:50:54.937+0000][4215.188s][info ][safepoint     ] Entering safepoint region: Cleanup
[2023-10-19T09:50:54.938+0000][4215.189s][info ][safepoint     ] Leaving safepoint region
[2023-10-19T09:50:54.938+0000][4215.189s][info ][safepoint     ] Total time for which application threads were stopped: 0.0006827 seconds, Stopping threads took: 0.0002824 seconds
[2023-10-19T09:50:55.938+0000][4216.189s][debug][safepoint     ] Safepoint synchronization initiated. (173 threads)
[2023-10-19T09:50:55.939+0000][4216.190s][info ][safepoint     ] Application time: 1.0005272 seconds
[2023-10-19T09:50:55.939+0000][4216.190s][info ][safepoint     ] Entering safepoint region: Cleanup
[2023-10-19T09:50:55.939+0000][4216.190s][info ][safepoint     ] Leaving safepoint region
[2023-10-19T09:50:55.940+0000][4216.191s][info ][safepoint     ] Total time for which application threads were stopped: 0.0007760 seconds, Stopping threads took: 0.0003208 seconds
[2023-10-19T09:50:56.940+0000][4217.191s][debug][safepoint     ] Safepoint synchronization initiated. (173 threads)
[2023-10-19T09:50:56.941+0000][4217.192s][info ][safepoint     ] Application time: 1.0006614 seconds
[2023-10-19T09:50:56.941+0000][4217.192s][info ][safepoint     ] Entering safepoint region: Cleanup
[2023-10-19T09:50:56.942+0000][4217.193s][info ][safepoint     ] Leaving safepoint region
[2023-10-19T09:50:56.942+0000][4217.193s][info ][safepoint     ] Total time for which application threads were stopped: 0.0009082 seconds, Stopping threads took: 0.0003681 seconds
[2023-10-19T09:50:57.942+0000][4218.193s][debug][safepoint     ] Safepoint synchronization initiated. (173 threads)
[2023-10-19T09:50:57.943+0000][4218.194s][info ][safepoint     ] Application time: 1.0009086 seconds
[2023-10-19T09:50:57.944+0000][4218.195s][info ][safepoint     ] Entering safepoint region: Cleanup
[2023-10-19T09:50:57.944+0000][4218.195s][info ][safepoint     ] Leaving safepoint region
[2023-10-19T09:50:57.945+0000][4218.196s][info ][safepoint     ] Total time for which application threads were stopped: 0.0011581 seconds, Stopping threads took: 0.0004666 seconds
[2023-10-19T09:50:58.946+0000][4219.197s][debug][safepoint     ] Safepoint synchronization initiated. (173 threads)
[2023-10-19T09:50:58.946+0000][4219.197s][info ][safepoint     ] Application time: 1.0007227 seconds
[2023-10-19T09:50:58.947+0000][4219.198s][info ][safepoint     ] Entering safepoint region: Cleanup
[2023-10-19T09:50:58.947+0000][4219.198s][info ][safepoint     ] Leaving safepoint region
[2023-10-19T09:50:58.948+0000][4219.199s][info ][safepoint     ] Total time for which application threads were stopped: 0.0010014 seconds, Stopping threads took: 0.0004482 seconds
[2023-10-19T09:50:59.948+0000][4220.199s][debug][safepoint     ] Safepoint synchronization initiated. (173 threads)
[2023-10-19T09:50:59.949+0000][4220.200s][info ][safepoint     ] Application time: 1.0008860 seconds
[2023-10-19T09:50:59.949+0000][4220.200s][info ][safepoint     ] Entering safepoint region: Cleanup
[2023-10-19T09:50:59.950+0000][4220.201s][info ][safepoint     ] Leaving safepoint region
[2023-10-19T09:50:59.950+0000][4220.201s][info ][safepoint     ] Total time for which application threads were stopped: 0.0010404 seconds, Stopping threads took: 0.0004963 seconds
[2023-10-19T09:51:00.951+0000][4221.202s][debug][safepoint     ] Safepoint synchronization initiated. (173 threads)
[2023-10-19T09:51:00.952+0000][4221.203s][info ][safepoint     ] Application time: 1.0010053 seconds
[2023-10-19T09:51:00.952+0000][4221.203s][info ][safepoint     ] Entering safepoint region: Cleanup
[2023-10-19T09:51:00.953+0000][4221.204s][info ][safepoint     ] Leaving safepoint region
[2023-10-19T09:51:00.953+0000][4221.204s][info ][safepoint     ] Total time for which application threads were stopped: 0.0011663 seconds, Stopping threads took: 0.0005243 seconds
[2023-10-19T09:51:01.954+0000][4222.205s][debug][safepoint     ] Safepoint synchronization initiated. (173 threads)
[2023-10-19T09:51:01.955+0000][4222.206s][info ][safepoint     ] Application time: 1.0008314 seconds
[2023-10-19T09:51:01.955+0000][4222.206s][info ][safepoint     ] Entering safepoint region: Cleanup
[2023-10-19T09:51:01.956+0000][4222.207s][info ][safepoint     ] Leaving safepoint region
[2023-10-19T09:51:01.956+0000][4222.207s][info ][safepoint     ] Total time for which application threads were stopped: 0.0011632 seconds, Stopping threads took: 0.0005430 seconds
[2023-10-19T09:51:02.951+0000][4223.208s][debug][safepoint     ] Safepoint synchronization initiated. (173 threads)
[2023-10-19T09:51:02.951+0000][4223.208s][info ][safepoint     ] Application time: 1.0007281 seconds
[2023-10-19T09:51:02.951+0000][4223.209s][info ][safepoint     ] Entering safepoint region: Cleanup
[2023-10-19T09:51:02.952+0000][4223.209s][info ][safepoint     ] Leaving safepoint region
[2023-10-19T09:51:02.952+0000][4223.209s][info ][safepoint     ] Total time for which application threads were stopped: 0.0007403 seconds, Stopping threads took: 0.0003093 seconds
[2023-10-19T09:51:03.953+0000][4224.210s][debug][safepoint     ] Safepoint synchronization initiated. (173 threads)
[2023-10-19T09:51:03.953+0000][4224.211s][info ][safepoint     ] Application time: 1.0008034 seconds
[2023-10-19T09:51:03.954+0000][4224.211s][info ][safepoint     ] Entering safepoint region: Cleanup
[2023-10-19T09:51:03.955+0000][4224.212s][info ][safepoint     ] Leaving safepoint region
[2023-10-19T09:51:03.955+0000][4224.213s][info ][safepoint     ] Total time for which application threads were stopped: 0.0012969 seconds, Stopping threads took: 0.0005186 seconds
[2023-10-19T09:51:04.956+0000][4225.213s][debug][safepoint     ] Safepoint synchronization initiated. (173 threads)
[2023-10-19T09:51:04.956+0000][4225.213s][info ][safepoint     ] Application time: 1.0005242 seconds
[2023-10-19T09:51:04.957+0000][4225.214s][info ][safepoint     ] Entering safepoint region: Cleanup
[2023-10-19T09:51:04.957+0000][4225.214s][info ][safepoint     ] Leaving safepoint region
[2023-10-19T09:51:04.957+0000][4225.215s][info ][safepoint     ] Total time for which application threads were stopped: 0.0009803 seconds, Stopping threads took: 0.0003404 seconds
[2023-10-19T09:51:05.958+0000][4226.215s][debug][safepoint     ] Safepoint synchronization initiated. (173 threads)
[2023-10-19T09:51:05.958+0000][4226.216s][info ][safepoint     ] Application time: 1.0006358 seconds
[2023-10-19T09:51:05.959+0000][4226.216s][info ][safepoint     ] Entering safepoint region: Cleanup
[2023-10-19T09:51:05.959+0000][4226.217s][info ][safepoint     ] Leaving safepoint region
[2023-10-19T09:51:05.960+0000][4226.217s][info ][safepoint     ] Total time for which application threads were stopped: 0.0009466 seconds, Stopping threads took: 0.0003347 seconds
[2023-10-19T09:51:06.960+0000][4227.218s][debug][safepoint     ] Safepoint synchronization initiated. (173 threads)
[2023-10-19T09:51:06.961+0000][4227.218s][info ][safepoint     ] Application time: 1.0008980 seconds
[2023-10-19T09:51:06.962+0000][4227.219s][info ][safepoint     ] Entering safepoint region: Cleanup
[2023-10-19T09:51:06.962+0000][4227.220s][info ][safepoint     ] Leaving safepoint region
[2023-10-19T09:51:06.963+0000][4227.220s][info ][safepoint     ] Total time for which application threads were stopped: 0.0013260 seconds, Stopping threads took: 0.0005993 seconds
[2023-10-19T09:51:07.964+0000][4228.221s][debug][safepoint     ] Safepoint synchronization initiated. (173 threads)
[2023-10-19T09:51:07.965+0000][4228.222s][info ][safepoint     ] Application time: 1.0014041 seconds
[2023-10-19T09:51:07.966+0000][4228.223s][info ][safepoint     ] Entering safepoint region: Cleanup
[2023-10-19T09:51:07.966+0000][4228.224s][info ][safepoint     ] Leaving safepoint region
[2023-10-19T09:51:07.967+0000][4228.224s][info ][safepoint     ] Total time for which application threads were stopped: 0.0014421 seconds, Stopping threads took: 0.0006671 seconds
[2023-10-19T09:51:08.968+0000][4229.225s][debug][safepoint     ] Safepoint synchronization initiated. (173 threads)
[2023-10-19T09:51:08.968+0000][4229.226s][info ][safepoint     ] Application time: 1.0006459 seconds
[2023-10-19T09:51:08.969+0000][4229.226s][info ][safepoint     ] Entering safepoint region: Cleanup
[2023-10-19T09:51:08.969+0000][4229.227s][info ][safepoint     ] Leaving safepoint region
[2023-10-19T09:51:08.970+0000][4229.227s][info ][safepoint     ] Total time for which application threads were stopped: 0.0011165 seconds, Stopping threads took: 0.0004085 seconds
[2023-10-19T09:51:09.970+0000][4230.228s][debug][safepoint     ] Safepoint synchronization initiated. (173 threads)
[2023-10-19T09:51:09.971+0000][4230.228s][info ][safepoint     ] Application time: 1.0008873 seconds
[2023-10-19T09:51:09.972+0000][4230.229s][info ][safepoint     ] Entering safepoint region: Cleanup
[2023-10-19T09:51:09.973+0000][4230.230s][info ][safepoint     ] Leaving safepoint region
[2023-10-19T09:51:09.973+0000][4230.230s][info ][safepoint     ] Total time for which application threads were stopped: 0.0011160 seconds, Stopping threads took: 0.0005254 seconds
[2023-10-19T09:51:10.974+0000][4231.231s][debug][safepoint     ] Safepoint synchronization initiated. (173 threads)
[2023-10-19T09:51:10.975+0000][4231.232s][info ][safepoint     ] Application time: 1.0016128 seconds
[2023-10-19T09:51:10.976+0000][4231.233s][info ][safepoint     ] Entering safepoint region: Cleanup
[2023-10-19T09:51:10.976+0000][4231.234s][info ][safepoint     ] Leaving safepoint region
[2023-10-19T09:51:10.977+0000][4231.234s][info ][safepoint     ] Total time for which application threads were stopped: 0.0012533 seconds, Stopping threads took: 0.0005269 seconds
[2023-10-19T09:51:11.978+0000][4232.235s][debug][safepoint     ] Safepoint synchronization initiated. (173 threads)
[2023-10-19T09:51:11.978+0000][4232.236s][info ][safepoint     ] Application time: 1.0008565 seconds
[2023-10-19T09:51:11.979+0000][4232.236s][info ][safepoint     ] Entering safepoint region: Cleanup
[2023-10-19T09:51:11.980+0000][4232.237s][info ][safepoint     ] Leaving safepoint region
[2023-10-19T09:51:11.980+0000][4232.237s][info ][safepoint     ] Total time for which application threads were stopped: 0.0011708 seconds, Stopping threads took: 0.0005762 seconds
[2023-10-19T09:51:12.981+0000][4233.238s][debug][safepoint     ] Safepoint synchronization initiated. (173 threads)
[2023-10-19T09:51:12.981+0000][4233.239s][info ][safepoint     ] Application time: 1.0009374 seconds
[2023-10-19T09:51:12.982+0000][4233.239s][info ][safepoint     ] Entering safepoint region: Cleanup
[2023-10-19T09:51:12.983+0000][4233.240s][info ][safepoint     ] Leaving safepoint region
[2023-10-19T09:51:12.983+0000][4233.241s][info ][safepoint     ] Total time for which application threads were stopped: 0.0014039 seconds, Stopping threads took: 0.0006339 seconds
[2023-10-19T09:51:13.984+0000][4234.241s][debug][safepoint     ] Safepoint synchronization initiated. (173 threads)
[2023-10-19T09:51:13.984+0000][4234.242s][info ][safepoint     ] Application time: 1.0006284 seconds
[2023-10-19T09:51:13.985+0000][4234.242s][info ][safepoint     ] Entering safepoint region: Cleanup
[2023-10-19T09:51:13.985+0000][4234.243s][info ][safepoint     ] Leaving safepoint region
[2023-10-19T09:51:13.986+0000][4234.243s][info ][safepoint     ] Total time for which application threads were stopped: 0.0008780 seconds, Stopping threads took: 0.0003160 seconds
[2023-10-19T09:51:14.986+0000][4235.243s][debug][safepoint     ] Safepoint synchronization initiated. (173 threads)
[2023-10-19T09:51:14.987+0000][4235.244s][info ][safepoint     ] Application time: 1.0006753 seconds
[2023-10-19T09:51:14.987+0000][4235.245s][info ][safepoint     ] Entering safepoint region: Cleanup
[2023-10-19T09:51:14.988+0000][4235.245s][info ][safepoint     ] Leaving safepoint region
[2023-10-19T09:51:14.988+0000][4235.246s][info ][safepoint     ] Total time for which application threads were stopped: 0.0011860 seconds, Stopping threads took: 0.0005615 seconds
[2023-10-19T09:51:15.989+0000][4236.246s][debug][safepoint     ] Safepoint synchronization initiated. (173 threads)
[2023-10-19T09:51:15.989+0000][4236.247s][info ][safepoint     ] Application time: 1.0005966 seconds
[2023-10-19T09:51:15.990+0000][4236.247s][info ][safepoint     ] Entering safepoint region: Cleanup
[2023-10-19T09:51:15.991+0000][4236.248s][info ][safepoint     ] Leaving safepoint region
[2023-10-19T09:51:15.991+0000][4236.248s][info ][safepoint     ] Total time for which application threads were stopped: 0.0011793 seconds, Stopping threads took: 0.0004873 seconds
[2023-10-19T09:51:16.992+0000][4237.249s][debug][safepoint     ] Safepoint synchronization initiated. (173 threads)
[2023-10-19T09:51:16.992+0000][4237.249s][info ][safepoint     ] Application time: 1.0006569 seconds
[2023-10-19T09:51:16.993+0000][4237.250s][info ][safepoint     ] Entering safepoint region: Cleanup
[2023-10-19T09:51:16.993+0000][4237.251s][info ][safepoint     ] Leaving safepoint region
[2023-10-19T09:51:16.994+0000][4237.251s][info ][safepoint     ] Total time for which application threads were stopped: 0.0012804 seconds, Stopping threads took: 0.0005395 seconds
[2023-10-19T09:51:17.995+0000][4238.252s][debug][safepoint     ] Safepoint synchronization initiated. (173 threads)
[2023-10-19T09:51:17.995+0000][4238.252s][info ][safepoint     ] Application time: 1.0007546 seconds
[2023-10-19T09:51:17.995+0000][4238.253s][info ][safepoint     ] Entering safepoint region: Cleanup
[2023-10-19T09:51:17.996+0000][4238.253s][info ][safepoint     ] Leaving safepoint region
[2023-10-19T09:51:17.996+0000][4238.254s][info ][safepoint     ] Total time for which application threads were stopped: 0.0010950 seconds, Stopping threads took: 0.0003745 seconds
[2023-10-19T09:51:18.997+0000][4239.254s][debug][safepoint     ] Safepoint synchronization initiated. (173 threads)
[2023-10-19T09:51:18.998+0000][4239.255s][info ][safepoint     ] Application time: 1.0006216 seconds
[2023-10-19T09:51:18.998+0000][4239.255s][info ][safepoint     ] Entering safepoint region: Cleanup
[2023-10-19T09:51:18.999+0000][4239.256s][info ][safepoint     ] Leaving safepoint region
[2023-10-19T09:51:18.999+0000][4239.256s][info ][safepoint     ] Total time for which application threads were stopped: 0.0010278 seconds, Stopping threads took: 0.0003730 seconds
[2023-10-19T09:51:20.000+0000][4240.257s][debug][safepoint     ] Safepoint synchronization initiated. (173 threads)
[2023-10-19T09:51:20.000+0000][4240.258s][info ][safepoint     ] Application time: 1.0011552 seconds
[2023-10-19T09:51:20.001+0000][4240.259s][info ][safepoint     ] Entering safepoint region: Cleanup
[2023-10-19T09:51:20.002+0000][4240.260s][info ][safepoint     ] Leaving safepoint region
[2023-10-19T09:51:20.003+0000][4240.260s][info ][safepoint     ] Total time for which application threads were stopped: 0.0015808 seconds, Stopping threads took: 0.0007656 seconds
[2023-10-19T09:51:21.004+0000][4241.261s][debug][safepoint     ] Safepoint synchronization initiated. (173 threads)
[2023-10-19T09:51:21.005+0000][4241.262s][info ][safepoint     ] Application time: 1.0014389 seconds
[2023-10-19T09:51:21.006+0000][4241.264s][info ][safepoint     ] Entering safepoint region: Cleanup
[2023-10-19T09:51:21.008+0000][4241.265s][info ][safepoint     ] Leaving safepoint region
[2023-10-19T09:51:21.009+0000][4241.266s][info ][safepoint     ] Total time for which application threads were stopped: 0.0024153 seconds, Stopping threads took: 0.0011191 seconds
[2023-10-19T09:51:22.010+0000][4242.267s][debug][safepoint     ] Safepoint synchronization initiated. (173 threads)
[2023-10-19T09:51:22.012+0000][4242.269s][info ][safepoint     ] Application time: 1.0019735 seconds
[2023-10-19T09:51:22.013+0000][4242.270s][info ][safepoint     ] Entering safepoint region: Cleanup
[2023-10-19T09:51:22.014+0000][4242.272s][info ][safepoint     ] Leaving safepoint region
[2023-10-19T09:51:22.016+0000][4242.273s][info ][safepoint     ] Total time for which application threads were stopped: 0.0027310 seconds, Stopping threads took: 0.0011167 seconds
[2023-10-19T09:51:23.017+0000][4243.274s][debug][safepoint     ] Safepoint synchronization initiated. (173 threads)
[2023-10-19T09:51:23.017+0000][4243.274s][info ][safepoint     ] Application time: 1.0006315 seconds
[2023-10-19T09:51:23.018+0000][4243.275s][info ][safepoint     ] Entering safepoint region: Cleanup
[2023-10-19T09:51:23.018+0000][4243.275s][info ][safepoint     ] Leaving safepoint region
[2023-10-19T09:51:23.018+0000][4243.276s][info ][safepoint     ] Total time for which application threads were stopped: 0.0009518 seconds, Stopping threads took: 0.0004408 seconds
[2023-10-19T09:51:24.019+0000][4244.276s][debug][safepoint     ] Safepoint synchronization initiated. (173 threads)
[2023-10-19T09:51:24.019+0000][4244.277s][info ][safepoint     ] Application time: 1.0005720 seconds
[2023-10-19T09:51:24.020+0000][4244.277s][info ][safepoint     ] Entering safepoint region: Cleanup
[2023-10-19T09:51:24.020+0000][4244.278s][info ][safepoint     ] Leaving safepoint region
[2023-10-19T09:51:24.021+0000][4244.278s][info ][safepoint     ] Total time for which application threads were stopped: 0.0010040 seconds, Stopping threads took: 0.0004344 seconds
[2023-10-19T09:51:25.021+0000][4245.279s][debug][safepoint     ] Safepoint synchronization initiated. (173 threads)
[2023-10-19T09:51:25.024+0000][4245.281s][info ][safepoint     ] Application time: 1.0026023 seconds
[2023-10-19T09:51:25.025+0000][4245.283s][info ][safepoint     ] Entering safepoint region: Cleanup
[2023-10-19T09:51:25.026+0000][4245.284s][info ][safepoint     ] Leaving safepoint region
[2023-10-19T09:51:25.027+0000][4245.284s][info ][safepoint     ] Total time for which application threads were stopped: 0.0017106 seconds, Stopping threads took: 0.0009264 seconds
[2023-10-19T09:51:26.028+0000][4246.285s][debug][safepoint     ] Safepoint synchronization initiated. (173 threads)
[2023-10-19T09:51:26.028+0000][4246.285s][info ][safepoint     ] Application time: 1.0006050 seconds
[2023-10-19T09:51:26.028+0000][4246.286s][info ][safepoint     ] Entering safepoint region: Cleanup
[2023-10-19T09:51:26.029+0000][4246.286s][info ][safepoint     ] Leaving safepoint region
[2023-10-19T09:51:26.029+0000][4246.287s][info ][safepoint     ] Total time for which application threads were stopped: 0.0009612 seconds, Stopping threads took: 0.0004159 seconds
[2023-10-19T09:51:27.030+0000][4247.287s][debug][safepoint     ] Safepoint synchronization initiated. (173 threads)
[2023-10-19T09:51:27.031+0000][4247.288s][info ][safepoint     ] Application time: 1.0009802 seconds
[2023-10-19T09:51:27.031+0000][4247.289s][info ][safepoint     ] Entering safepoint region: Cleanup
[2023-10-19T09:51:27.033+0000][4247.290s][info ][safepoint     ] Leaving safepoint region
[2023-10-19T09:51:27.034+0000][4247.291s][info ][safepoint     ] Total time for which application threads were stopped: 0.0022822 seconds, Stopping threads took: 0.0005598 seconds
[2023-10-19T09:51:28.034+0000][4248.292s][debug][safepoint     ] Safepoint synchronization initiated. (173 threads)
[2023-10-19T09:51:28.035+0000][4248.292s][info ][safepoint     ] Application time: 1.0006079 seconds
[2023-10-19T09:51:28.035+0000][4248.292s][info ][safepoint     ] Entering safepoint region: Cleanup
[2023-10-19T09:51:28.036+0000][4248.293s][info ][safepoint     ] Leaving safepoint region
[2023-10-19T09:51:28.036+0000][4248.293s][info ][safepoint     ] Total time for which application threads were stopped: 0.0008306 seconds, Stopping threads took: 0.0003505 seconds
[2023-10-19T09:51:29.036+0000][4249.294s][debug][safepoint     ] Safepoint synchronization initiated. (173 threads)
[2023-10-19T09:51:29.037+0000][4249.294s][info ][safepoint     ] Application time: 1.0007578 seconds
[2023-10-19T09:51:29.038+0000][4249.295s][info ][safepoint     ] Entering safepoint region: Cleanup
[2023-10-19T09:51:29.038+0000][4249.296s][info ][safepoint     ] Leaving safepoint region
[2023-10-19T09:51:29.039+0000][4249.296s][info ][safepoint     ] Total time for which application threads were stopped: 0.0012596 seconds, Stopping threads took: 0.0005179 seconds
[2023-10-19T09:51:30.039+0000][4250.297s][debug][safepoint     ] Safepoint synchronization initiated. (173 threads)
[2023-10-19T09:51:30.040+0000][4250.297s][info ][safepoint     ] Application time: 1.0005949 seconds
[2023-10-19T09:51:30.040+0000][4250.298s][info ][safepoint     ] Entering safepoint region: Cleanup
[2023-10-19T09:51:30.041+0000][4250.298s][info ][safepoint     ] Leaving safepoint region
[2023-10-19T09:51:30.041+0000][4250.298s][info ][safepoint     ] Total time for which application threads were stopped: 0.0009527 seconds, Stopping threads took: 0.0003726 seconds
[2023-10-19T09:51:31.042+0000][4251.299s][debug][safepoint     ] Safepoint synchronization initiated. (173 threads)
[2023-10-19T09:51:31.042+0000][4251.300s][info ][safepoint     ] Application time: 1.0006317 seconds
[2023-10-19T09:51:31.043+0000][4251.300s][info ][safepoint     ] Entering safepoint region: Cleanup
[2023-10-19T09:51:31.043+0000][4251.301s][info ][safepoint     ] Leaving safepoint region
[2023-10-19T09:51:31.044+0000][4251.301s][info ][safepoint     ] Total time for which application threads were stopped: 0.0009010 seconds, Stopping threads took: 0.0004286 seconds
[2023-10-19T09:51:32.044+0000][4252.301s][debug][safepoint     ] Safepoint synchronization initiated. (173 threads)
[2023-10-19T09:51:32.046+0000][4252.303s][info ][safepoint     ] Application time: 1.0017045 seconds
[2023-10-19T09:51:32.047+0000][4252.304s][info ][safepoint     ] Entering safepoint region: Cleanup
[2023-10-19T09:51:32.048+0000][4252.305s][info ][safepoint     ] Leaving safepoint region
[2023-10-19T09:51:32.049+0000][4252.306s][info ][safepoint     ] Total time for which application threads were stopped: 0.0023379 seconds, Stopping threads took: 0.0012920 seconds
[2023-10-19T09:51:33.049+0000][4253.307s][debug][safepoint     ] Safepoint synchronization initiated. (173 threads)
[2023-10-19T09:51:33.049+0000][4253.308s][info ][safepoint     ] Application time: 1.0008252 seconds
[2023-10-19T09:51:33.050+0000][4253.308s][info ][safepoint     ] Entering safepoint region: Cleanup
[2023-10-19T09:51:33.050+0000][4253.309s][info ][safepoint     ] Leaving safepoint region
[2023-10-19T09:51:33.051+0000][4253.309s][info ][safepoint     ] Total time for which application threads were stopped: 0.0010289 seconds, Stopping threads took: 0.0004787 seconds
[2023-10-19T09:51:34.051+0000][4254.310s][debug][safepoint     ] Safepoint synchronization initiated. (173 threads)
[2023-10-19T09:51:34.052+0000][4254.310s][info ][safepoint     ] Application time: 1.0005557 seconds
[2023-10-19T09:51:34.052+0000][4254.310s][info ][safepoint     ] Entering safepoint region: Cleanup
[2023-10-19T09:51:34.052+0000][4254.311s][info ][safepoint     ] Leaving safepoint region
[2023-10-19T09:51:34.053+0000][4254.311s][info ][safepoint     ] Total time for which application threads were stopped: 0.0009348 seconds, Stopping threads took: 0.0003314 seconds
[2023-10-19T09:51:35.053+0000][4255.312s][debug][safepoint     ] Safepoint synchronization initiated. (173 threads)
[2023-10-19T09:51:35.054+0000][4255.313s][info ][safepoint     ] Application time: 1.0008992 seconds
[2023-10-19T09:51:35.055+0000][4255.313s][info ][safepoint     ] Entering safepoint region: Cleanup
[2023-10-19T09:51:35.055+0000][4255.314s][info ][safepoint     ] Leaving safepoint region
[2023-10-19T09:51:35.056+0000][4255.314s][info ][safepoint     ] Total time for which application threads were stopped: 0.0013797 seconds, Stopping threads took: 0.0005105 seconds
[2023-10-19T09:51:36.057+0000][4256.315s][debug][safepoint     ] Safepoint synchronization initiated. (173 threads)
[2023-10-19T09:51:36.058+0000][4256.316s][info ][safepoint     ] Application time: 1.0014467 seconds
[2023-10-19T09:51:36.059+0000][4256.318s][info ][safepoint     ] Entering safepoint region: Cleanup
[2023-10-19T09:51:36.060+0000][4256.319s][info ][safepoint     ] Leaving safepoint region
[2023-10-19T09:51:36.061+0000][4256.319s][info ][safepoint     ] Total time for which application threads were stopped: 0.0018980 seconds, Stopping threads took: 0.0009693 seconds
[2023-10-19T09:51:37.062+0000][4257.320s][debug][safepoint     ] Safepoint synchronization initiated. (173 threads)
[2023-10-19T09:51:37.062+0000][4257.321s][info ][safepoint     ] Application time: 1.0006090 seconds
[2023-10-19T09:51:37.062+0000][4257.321s][info ][safepoint     ] Entering safepoint region: Cleanup
[2023-10-19T09:51:37.063+0000][4257.322s][info ][safepoint     ] Leaving safepoint region
[2023-10-19T09:51:37.064+0000][4257.322s][info ][safepoint     ] Total time for which application threads were stopped: 0.0011507 seconds, Stopping threads took: 0.0003899 seconds
[2023-10-19T09:51:38.064+0000][4258.323s][debug][safepoint     ] Safepoint synchronization initiated. (173 threads)
[2023-10-19T09:51:38.066+0000][4258.324s][info ][safepoint     ] Application time: 1.0016944 seconds
[2023-10-19T09:51:38.067+0000][4258.325s][info ][safepoint     ] Entering safepoint region: Cleanup
[2023-10-19T09:51:38.068+0000][4258.327s][info ][safepoint     ] Leaving safepoint region
[2023-10-19T09:51:38.069+0000][4258.328s][info ][safepoint     ] Total time for which application threads were stopped: 0.0022140 seconds, Stopping threads took: 0.0009689 seconds
[2023-10-19T09:51:39.070+0000][4259.328s][debug][safepoint     ] Safepoint synchronization initiated. (173 threads)
[2023-10-19T09:51:39.071+0000][4259.330s][info ][safepoint     ] Application time: 1.0017590 seconds
[2023-10-19T09:51:39.073+0000][4259.332s][info ][safepoint     ] Entering safepoint region: Cleanup
[2023-10-19T09:51:39.074+0000][4259.332s][info ][safepoint     ] Leaving safepoint region
[2023-10-19T09:51:39.074+0000][4259.333s][info ][safepoint     ] Total time for which application threads were stopped: 0.0013366 seconds, Stopping threads took: 0.0005580 seconds
[2023-10-19T09:51:40.075+0000][4260.333s][debug][safepoint     ] Safepoint synchronization initiated. (173 threads)
[2023-10-19T09:51:40.076+0000][4260.334s][info ][safepoint     ] Application time: 1.0007684 seconds
[2023-10-19T09:51:40.076+0000][4260.335s][info ][safepoint     ] Entering safepoint region: Cleanup
[2023-10-19T09:51:40.077+0000][4260.335s][info ][safepoint     ] Leaving safepoint region
[2023-10-19T09:51:40.077+0000][4260.336s][info ][safepoint     ] Total time for which application threads were stopped: 0.0010137 seconds, Stopping threads took: 0.0004419 seconds
[2023-10-19T09:51:41.078+0000][4261.336s][debug][safepoint     ] Safepoint synchronization initiated. (173 threads)
[2023-10-19T09:51:41.078+0000][4261.337s][info ][safepoint     ] Application time: 1.0009740 seconds
[2023-10-19T09:51:41.079+0000][4261.338s][info ][safepoint     ] Entering safepoint region: Cleanup
[2023-10-19T09:51:41.080+0000][4261.338s][info ][safepoint     ] Leaving safepoint region
[2023-10-19T09:51:41.080+0000][4261.339s][info ][safepoint     ] Total time for which application threads were stopped: 0.0015473 seconds, Stopping threads took: 0.0007305 seconds
[2023-10-19T09:51:42.081+0000][4262.340s][debug][safepoint     ] Safepoint synchronization initiated. (173 threads)
[2023-10-19T09:51:42.081+0000][4262.340s][info ][safepoint     ] Application time: 1.0005895 seconds
[2023-10-19T09:51:42.082+0000][4262.340s][info ][safepoint     ] Entering safepoint region: Cleanup
[2023-10-19T09:51:42.082+0000][4262.341s][info ][safepoint     ] Leaving safepoint region
[2023-10-19T09:51:42.083+0000][4262.341s][info ][safepoint     ] Total time for which application threads were stopped: 0.0009259 seconds, Stopping threads took: 0.0003948 seconds
[2023-10-19T09:51:43.083+0000][4263.342s][debug][safepoint     ] Safepoint synchronization initiated. (173 threads)
[2023-10-19T09:51:43.084+0000][4263.342s][info ][safepoint     ] Application time: 1.0008566 seconds
[2023-10-19T09:51:43.084+0000][4263.343s][info ][safepoint     ] Entering safepoint region: Cleanup
[2023-10-19T09:51:43.085+0000][4263.343s][info ][safepoint     ] Leaving safepoint region
[2023-10-19T09:51:43.085+0000][4263.344s][info ][safepoint     ] Total time for which application threads were stopped: 0.0009385 seconds, Stopping threads took: 0.0004088 seconds
[2023-10-19T09:51:44.086+0000][4264.344s][debug][safepoint     ] Safepoint synchronization initiated. (173 threads)
[2023-10-19T09:51:44.086+0000][4264.345s][info ][safepoint     ] Application time: 1.0008465 seconds
[2023-10-19T09:51:44.087+0000][4264.345s][info ][safepoint     ] Entering safepoint region: Cleanup
[2023-10-19T09:51:44.088+0000][4264.346s][info ][safepoint     ] Leaving safepoint region
[2023-10-19T09:51:44.088+0000][4264.347s][info ][safepoint     ] Total time for which application threads were stopped: 0.0012102 seconds, Stopping threads took: 0.0005484 seconds
[2023-10-19T09:51:45.089+0000][4265.347s][debug][safepoint     ] Safepoint synchronization initiated. (173 threads)
[2023-10-19T09:51:45.089+0000][4265.348s][info ][safepoint     ] Application time: 1.0005575 seconds
[2023-10-19T09:51:45.089+0000][4265.348s][info ][safepoint     ] Entering safepoint region: Cleanup
[2023-10-19T09:51:45.090+0000][4265.348s][info ][safepoint     ] Leaving safepoint region
[2023-10-19T09:51:45.090+0000][4265.349s][info ][safepoint     ] Total time for which application threads were stopped: 0.0007479 seconds, Stopping threads took: 0.0003184 seconds
[2023-10-19T09:51:46.091+0000][4266.349s][debug][safepoint     ] Safepoint synchronization initiated. (173 threads)
[2023-10-19T09:51:46.091+0000][4266.350s][info ][safepoint     ] Application time: 1.0008364 seconds
[2023-10-19T09:51:46.092+0000][4266.350s][info ][safepoint     ] Entering safepoint region: Cleanup
[2023-10-19T09:51:46.092+0000][4266.351s][info ][safepoint     ] Leaving safepoint region
[2023-10-19T09:51:46.093+0000][4266.351s][info ][safepoint     ] Total time for which application threads were stopped: 0.0011879 seconds, Stopping threads took: 0.0004262 seconds
[2023-10-19T09:51:47.094+0000][4267.352s][debug][safepoint     ] Safepoint synchronization initiated. (173 threads)
[2023-10-19T09:51:47.095+0000][4267.354s][info ][safepoint     ] Application time: 1.0020663 seconds
[2023-10-19T09:51:47.097+0000][4267.356s][info ][safepoint     ] Entering safepoint region: Cleanup
[2023-10-19T09:51:47.098+0000][4267.356s][info ][safepoint     ] Leaving safepoint region
[2023-10-19T09:51:47.098+0000][4267.357s][info ][safepoint     ] Total time for which application threads were stopped: 0.0011748 seconds, Stopping threads took: 0.0005629 seconds
[2023-10-19T09:51:48.099+0000][4268.357s][debug][safepoint     ] Safepoint synchronization initiated. (173 threads)
[2023-10-19T09:51:48.100+0000][4268.358s][info ][safepoint     ] Application time: 1.0012940 seconds
[2023-10-19T09:51:48.100+0000][4268.359s][info ][safepoint     ] Entering safepoint region: Cleanup
[2023-10-19T09:51:48.101+0000][4268.360s][info ][safepoint     ] Leaving safepoint region
[2023-10-19T09:51:48.102+0000][4268.360s][info ][safepoint     ] Total time for which application threads were stopped: 0.0012458 seconds, Stopping threads took: 0.0005721 seconds
[2023-10-19T09:51:49.102+0000][4269.361s][debug][safepoint     ] Safepoint synchronization initiated. (173 threads)
[2023-10-19T09:51:49.103+0000][4269.361s][info ][safepoint     ] Application time: 1.0007602 seconds
[2023-10-19T09:51:49.103+0000][4269.362s][info ][safepoint     ] Entering safepoint region: Cleanup
[2023-10-19T09:51:49.104+0000][4269.363s][info ][safepoint     ] Leaving safepoint region
[2023-10-19T09:51:49.105+0000][4269.364s][info ][safepoint     ] Total time for which application threads were stopped: 0.0016247 seconds, Stopping threads took: 0.0004812 seconds
[2023-10-19T09:51:50.107+0000][4270.365s][debug][safepoint     ] Safepoint synchronization initiated. (173 threads)
[2023-10-19T09:51:50.107+0000][4270.366s][info ][safepoint     ] Application time: 1.0008055 seconds
[2023-10-19T09:51:50.108+0000][4270.366s][info ][safepoint     ] Entering safepoint region: Cleanup
[2023-10-19T09:51:50.109+0000][4270.367s][info ][safepoint     ] Leaving safepoint region
[2023-10-19T09:51:50.109+0000][4270.368s][info ][safepoint     ] Total time for which application threads were stopped: 0.0015337 seconds, Stopping threads took: 0.0006816 seconds
[2023-10-19T09:51:51.110+0000][4271.369s][debug][safepoint     ] Safepoint synchronization initiated. (173 threads)
[2023-10-19T09:51:51.111+0000][4271.369s][info ][safepoint     ] Application time: 1.0008682 seconds
[2023-10-19T09:51:51.111+0000][4271.370s][info ][safepoint     ] Entering safepoint region: Cleanup
[2023-10-19T09:51:51.112+0000][4271.370s][info ][safepoint     ] Leaving safepoint region
[2023-10-19T09:51:51.112+0000][4271.371s][info ][safepoint     ] Total time for which application threads were stopped: 0.0013136 seconds, Stopping threads took: 0.0006450 seconds
[2023-10-19T09:51:52.113+0000][4272.372s][debug][safepoint     ] Safepoint synchronization initiated. (173 threads)
[2023-10-19T09:51:52.115+0000][4272.373s][info ][safepoint     ] Application time: 1.0015778 seconds
[2023-10-19T09:51:52.116+0000][4272.374s][info ][safepoint     ] Entering safepoint region: Cleanup
[2023-10-19T09:51:52.116+0000][4272.375s][info ][safepoint     ] Leaving safepoint region
[2023-10-19T09:51:52.117+0000][4272.376s][info ][safepoint     ] Total time for which application threads were stopped: 0.0012315 seconds, Stopping threads took: 0.0005720 seconds
[2023-10-19T09:51:53.118+0000][4273.376s][debug][safepoint     ] Safepoint synchronization initiated. (173 threads)
[2023-10-19T09:51:53.118+0000][4273.377s][info ][safepoint     ] Application time: 1.0005856 seconds
[2023-10-19T09:51:53.118+0000][4273.377s][info ][safepoint     ] Entering safepoint region: Cleanup
[2023-10-19T09:51:53.119+0000][4273.378s][info ][safepoint     ] Leaving safepoint region
[2023-10-19T09:51:53.120+0000][4273.378s][info ][safepoint     ] Total time for which application threads were stopped: 0.0012563 seconds, Stopping threads took: 0.0004050 seconds
[2023-10-19T09:51:54.121+0000][4274.379s][debug][safepoint     ] Safepoint synchronization initiated. (173 threads)
[2023-10-19T09:51:54.122+0000][4274.380s][info ][safepoint     ] Application time: 1.0015876 seconds
[2023-10-19T09:51:54.123+0000][4274.381s][info ][safepoint     ] Entering safepoint region: Cleanup
[2023-10-19T09:51:54.123+0000][4274.382s][info ][safepoint     ] Leaving safepoint region
[2023-10-19T09:51:54.124+0000][4274.382s][info ][safepoint     ] Total time for which application threads were stopped: 0.0012342 seconds, Stopping threads took: 0.0006538 seconds
[2023-10-19T09:51:55.124+0000][4275.383s][debug][safepoint     ] Safepoint synchronization initiated. (173 threads)
[2023-10-19T09:51:55.125+0000][4275.383s][info ][safepoint     ] Application time: 1.0007795 seconds
[2023-10-19T09:51:55.125+0000][4275.384s][info ][safepoint     ] Entering safepoint region: Cleanup
[2023-10-19T09:51:55.126+0000][4275.385s][info ][safepoint     ] Leaving safepoint region
[2023-10-19T09:51:55.127+0000][4275.385s][info ][safepoint     ] Total time for which application threads were stopped: 0.0012330 seconds, Stopping threads took: 0.0005786 seconds
[2023-10-19T09:51:56.127+0000][4276.386s][debug][safepoint     ] Safepoint synchronization initiated. (173 threads)
[2023-10-19T09:51:56.128+0000][4276.387s][info ][safepoint     ] Application time: 1.0010753 seconds
[2023-10-19T09:51:56.129+0000][4276.388s][info ][safepoint     ] Entering safepoint region: Cleanup
[2023-10-19T09:51:56.130+0000][4276.388s][info ][safepoint     ] Leaving safepoint region
[2023-10-19T09:51:56.130+0000][4276.389s][info ][safepoint     ] Total time for which application threads were stopped: 0.0011930 seconds, Stopping threads took: 0.0005165 seconds
[2023-10-19T09:51:57.131+0000][4277.389s][debug][safepoint     ] Safepoint synchronization initiated. (173 threads)
[2023-10-19T09:51:57.132+0000][4277.390s][info ][safepoint     ] Application time: 1.0011701 seconds
[2023-10-19T09:51:57.133+0000][4277.391s][info ][safepoint     ] Entering safepoint region: Cleanup
[2023-10-19T09:51:57.134+0000][4277.392s][info ][safepoint     ] Leaving safepoint region
[2023-10-19T09:51:57.134+0000][4277.393s][info ][safepoint     ] Total time for which application threads were stopped: 0.0017519 seconds, Stopping threads took: 0.0007477 seconds
[2023-10-19T09:51:58.135+0000][4278.394s][debug][safepoint     ] Safepoint synchronization initiated. (173 threads)
[2023-10-19T09:51:58.136+0000][4278.395s][info ][safepoint     ] Application time: 1.0011237 seconds
[2023-10-19T09:51:58.137+0000][4278.395s][info ][safepoint     ] Entering safepoint region: Cleanup
[2023-10-19T09:51:58.138+0000][4278.396s][info ][safepoint     ] Leaving safepoint region
[2023-10-19T09:51:58.138+0000][4278.397s][info ][safepoint     ] Total time for which application threads were stopped: 0.0016314 seconds, Stopping threads took: 0.0007218 seconds
[2023-10-19T09:51:59.139+0000][4279.398s][debug][safepoint     ] Safepoint synchronization initiated. (173 threads)
[2023-10-19T09:51:59.140+0000][4279.399s][info ][safepoint     ] Application time: 1.0013774 seconds
[2023-10-19T09:51:59.141+0000][4279.400s][info ][safepoint     ] Entering safepoint region: Cleanup
[2023-10-19T09:51:59.142+0000][4279.401s][info ][safepoint     ] Leaving safepoint region
[2023-10-19T09:51:59.143+0000][4279.402s][info ][safepoint     ] Total time for which application threads were stopped: 0.0019966 seconds, Stopping threads took: 0.0009373 seconds
[2023-10-19T09:52:00.144+0000][4280.403s][debug][safepoint     ] Safepoint synchronization initiated. (173 threads)
[2023-10-19T09:52:00.145+0000][4280.404s][info ][safepoint     ] Application time: 1.0012567 seconds
[2023-10-19T09:52:00.146+0000][4280.405s][info ][safepoint     ] Entering safepoint region: Cleanup
[2023-10-19T09:52:00.148+0000][4280.406s][info ][safepoint     ] Leaving safepoint region
[2023-10-19T09:52:00.149+0000][4280.407s][info ][safepoint     ] Total time for which application threads were stopped: 0.0025602 seconds, Stopping threads took: 0.0010411 seconds
[2023-10-19T09:52:01.150+0000][4281.408s][debug][safepoint     ] Safepoint synchronization initiated. (173 threads)
[2023-10-19T09:52:01.151+0000][4281.409s][info ][safepoint     ] Application time: 1.0008683 seconds
[2023-10-19T09:52:01.151+0000][4281.410s][info ][safepoint     ] Entering safepoint region: Cleanup
[2023-10-19T09:52:01.152+0000][4281.411s][info ][safepoint     ] Leaving safepoint region
[2023-10-19T09:52:01.153+0000][4281.411s][info ][safepoint     ] Total time for which application threads were stopped: 0.0013092 seconds, Stopping threads took: 0.0006364 seconds
[2023-10-19T09:52:02.153+0000][4282.412s][debug][safepoint     ] Safepoint synchronization initiated. (173 threads)
[2023-10-19T09:52:02.154+0000][4282.413s][info ][safepoint     ] Application time: 1.0010266 seconds
[2023-10-19T09:52:02.155+0000][4282.413s][info ][safepoint     ] Entering safepoint region: Cleanup
[2023-10-19T09:52:02.156+0000][4282.414s][info ][safepoint     ] Leaving safepoint region
[2023-10-19T09:52:02.156+0000][4282.415s][info ][safepoint     ] Total time for which application threads were stopped: 0.0015801 seconds, Stopping threads took: 0.0007044 seconds
[2023-10-19T09:52:03.158+0000][4283.416s][debug][safepoint     ] Safepoint synchronization initiated. (173 threads)
[2023-10-19T09:52:03.160+0000][4283.417s][info ][safepoint     ] Application time: 1.0016142 seconds
[2023-10-19T09:52:03.161+0000][4283.418s][info ][safepoint     ] Entering safepoint region: Cleanup
[2023-10-19T09:52:03.162+0000][4283.420s][info ][safepoint     ] Leaving safepoint region
[2023-10-19T09:52:03.163+0000][4283.421s][info ][safepoint     ] Total time for which application threads were stopped: 0.0022580 seconds, Stopping threads took: 0.0009720 seconds
[2023-10-19T09:52:04.164+0000][4284.422s][debug][safepoint     ] Safepoint synchronization initiated. (173 threads)
[2023-10-19T09:52:04.165+0000][4284.423s][info ][safepoint     ] Application time: 1.0014137 seconds
[2023-10-19T09:52:04.166+0000][4284.424s][info ][safepoint     ] Entering safepoint region: Cleanup
[2023-10-19T09:52:04.168+0000][4284.425s][info ][safepoint     ] Leaving safepoint region
[2023-10-19T09:52:04.169+0000][4284.426s][info ][safepoint     ] Total time for which application threads were stopped: 0.0023708 seconds, Stopping threads took: 0.0010729 seconds
[2023-10-19T09:52:05.170+0000][4285.427s][debug][safepoint     ] Safepoint synchronization initiated. (173 threads)
[2023-10-19T09:52:05.171+0000][4285.428s][info ][safepoint     ] Application time: 1.0014604 seconds
[2023-10-19T09:52:05.172+0000][4285.430s][info ][safepoint     ] Entering safepoint region: Cleanup
[2023-10-19T09:52:05.173+0000][4285.431s][info ][safepoint     ] Leaving safepoint region
[2023-10-19T09:52:05.174+0000][4285.431s][info ][safepoint     ] Total time for which application threads were stopped: 0.0015452 seconds, Stopping threads took: 0.0008305 seconds
[2023-10-19T09:52:06.174+0000][4286.432s][debug][safepoint     ] Safepoint synchronization initiated. (173 threads)
[2023-10-19T09:52:06.176+0000][4286.433s][info ][safepoint     ] Application time: 1.0015096 seconds
[2023-10-19T09:52:06.177+0000][4286.434s][info ][safepoint     ] Entering safepoint region: Cleanup
[2023-10-19T09:52:06.178+0000][4286.436s][info ][safepoint     ] Leaving safepoint region
[2023-10-19T09:52:06.179+0000][4286.437s][info ][safepoint     ] Total time for which application threads were stopped: 0.0023300 seconds, Stopping threads took: 0.0010839 seconds
[2023-10-19T09:52:07.180+0000][4287.438s][debug][safepoint     ] Safepoint synchronization initiated. (173 threads)
[2023-10-19T09:52:07.182+0000][4287.439s][info ][safepoint     ] Application time: 1.0015158 seconds
[2023-10-19T09:52:07.183+0000][4287.440s][info ][safepoint     ] Entering safepoint region: Cleanup
[2023-10-19T09:52:07.184+0000][4287.442s][info ][safepoint     ] Leaving safepoint region
[2023-10-19T09:52:07.185+0000][4287.443s][info ][safepoint     ] Total time for which application threads were stopped: 0.0024346 seconds, Stopping threads took: 0.0010364 seconds
[2023-10-19T09:52:08.186+0000][4288.444s][debug][safepoint     ] Safepoint synchronization initiated. (173 threads)
[2023-10-19T09:52:08.188+0000][4288.445s][info ][safepoint     ] Application time: 1.0015761 seconds
[2023-10-19T09:52:08.189+0000][4288.446s][info ][safepoint     ] Entering safepoint region: Cleanup
[2023-10-19T09:52:08.190+0000][4288.448s][info ][safepoint     ] Leaving safepoint region
[2023-10-19T09:52:08.191+0000][4288.448s][info ][safepoint     ] Total time for which application threads were stopped: 0.0024191 seconds, Stopping threads took: 0.0011470 seconds
[2023-10-19T09:52:09.192+0000][4289.450s][debug][safepoint     ] Safepoint synchronization initiated. (173 threads)
[2023-10-19T09:52:09.193+0000][4289.450s][info ][safepoint     ] Application time: 1.0010233 seconds
[2023-10-19T09:52:09.193+0000][4289.451s][info ][safepoint     ] Entering safepoint region: Cleanup
[2023-10-19T09:52:09.194+0000][4289.452s][info ][safepoint     ] Leaving safepoint region
[2023-10-19T09:52:09.195+0000][4289.452s][info ][safepoint     ] Total time for which application threads were stopped: 0.0013884 seconds, Stopping threads took: 0.0006340 seconds
[2023-10-19T09:52:10.195+0000][4290.453s][debug][safepoint     ] Safepoint synchronization initiated. (173 threads)
[2023-10-19T09:52:10.197+0000][4290.454s][info ][safepoint     ] Application time: 1.0014503 seconds
[2023-10-19T09:52:10.198+0000][4290.455s][info ][safepoint     ] Entering safepoint region: Cleanup
[2023-10-19T09:52:10.199+0000][4290.457s][info ][safepoint     ] Leaving safepoint region
[2023-10-19T09:52:10.200+0000][4290.458s][info ][safepoint     ] Total time for which application threads were stopped: 0.0024886 seconds, Stopping threads took: 0.0010397 seconds
[2023-10-19T09:52:11.202+0000][4291.459s][debug][safepoint     ] Safepoint synchronization initiated. (173 threads)
[2023-10-19T09:52:11.203+0000][4291.460s][info ][safepoint     ] Application time: 1.0015841 seconds
[2023-10-19T09:52:11.204+0000][4291.461s][info ][safepoint     ] Entering safepoint region: Cleanup
[2023-10-19T09:52:11.205+0000][4291.463s][info ][safepoint     ] Leaving safepoint region
[2023-10-19T09:52:11.207+0000][4291.464s][info ][safepoint     ] Total time for which application threads were stopped: 0.0027062 seconds, Stopping threads took: 0.0011085 seconds
[2023-10-19T09:52:12.208+0000][4292.465s][debug][safepoint     ] Safepoint synchronization initiated. (173 threads)
[2023-10-19T09:52:12.209+0000][4292.467s][info ][safepoint     ] Application time: 1.0014412 seconds
[2023-10-19T09:52:12.210+0000][4292.468s][info ][safepoint     ] Entering safepoint region: Cleanup
[2023-10-19T09:52:12.211+0000][4292.469s][info ][safepoint     ] Leaving safepoint region
[2023-10-19T09:52:12.212+0000][4292.470s][info ][safepoint     ] Total time for which application threads were stopped: 0.0021825 seconds, Stopping threads took: 0.0009237 seconds
[2023-10-19T09:52:13.213+0000][4293.471s][debug][safepoint     ] Safepoint synchronization initiated. (173 threads)
[2023-10-19T09:52:13.214+0000][4293.472s][info ][safepoint     ] Application time: 1.0015574 seconds
[2023-10-19T09:52:13.215+0000][4293.473s][info ][safepoint     ] Entering safepoint region: Cleanup
[2023-10-19T09:52:13.217+0000][4293.474s][info ][safepoint     ] Leaving safepoint region
[2023-10-19T09:52:13.218+0000][4293.475s][info ][safepoint     ] Total time for which application threads were stopped: 0.0025273 seconds, Stopping threads took: 0.0009988 seconds
[2023-10-19T09:52:14.219+0000][4294.476s][debug][safepoint     ] Safepoint synchronization initiated. (173 threads)
[2023-10-19T09:52:14.219+0000][4294.477s][info ][safepoint     ] Application time: 1.0009562 seconds
[2023-10-19T09:52:14.220+0000][4294.478s][info ][safepoint     ] Entering safepoint region: Cleanup
[2023-10-19T09:52:14.221+0000][4294.478s][info ][safepoint     ] Leaving safepoint region
[2023-10-19T09:52:14.221+0000][4294.479s][info ][safepoint     ] Total time for which application threads were stopped: 0.0012084 seconds, Stopping threads took: 0.0005129 seconds
[2023-10-19T09:52:15.222+0000][4295.479s][debug][safepoint     ] Safepoint synchronization initiated. (173 threads)
[2023-10-19T09:52:15.223+0000][4295.481s][info ][safepoint     ] Application time: 1.0016038 seconds
[2023-10-19T09:52:15.224+0000][4295.482s][info ][safepoint     ] Entering safepoint region: Cleanup
[2023-10-19T09:52:15.226+0000][4295.483s][info ][safepoint     ] Leaving safepoint region
[2023-10-19T09:52:15.227+0000][4295.484s][info ][safepoint     ] Total time for which application threads were stopped: 0.0024138 seconds, Stopping threads took: 0.0011410 seconds
[2023-10-19T09:52:16.228+0000][4296.485s][debug][safepoint     ] Safepoint synchronization initiated. (173 threads)
[2023-10-19T09:52:16.229+0000][4296.486s][info ][safepoint     ] Application time: 1.0014859 seconds
[2023-10-19T09:52:16.230+0000][4296.488s][info ][safepoint     ] Entering safepoint region: Cleanup
[2023-10-19T09:52:16.232+0000][4296.489s][info ][safepoint     ] Leaving safepoint region
[2023-10-19T09:52:16.233+0000][4296.490s][info ][safepoint     ] Total time for which application threads were stopped: 0.0025332 seconds, Stopping threads took: 0.0011441 seconds
[2023-10-19T09:52:17.234+0000][4297.492s][debug][safepoint     ] Safepoint synchronization initiated. (173 threads)
[2023-10-19T09:52:17.235+0000][4297.493s][info ][safepoint     ] Application time: 1.0017500 seconds
[2023-10-19T09:52:17.236+0000][4297.494s][info ][safepoint     ] Entering safepoint region: Cleanup
[2023-10-19T09:52:17.238+0000][4297.495s][info ][safepoint     ] Leaving safepoint region
[2023-10-19T09:52:17.239+0000][4297.496s][info ][safepoint     ] Total time for which application threads were stopped: 0.0023850 seconds, Stopping threads took: 0.0011215 seconds
[2023-10-19T09:52:18.240+0000][4298.497s][debug][safepoint     ] Safepoint synchronization initiated. (173 threads)
[2023-10-19T09:52:18.240+0000][4298.498s][info ][safepoint     ] Application time: 1.0009962 seconds
[2023-10-19T09:52:18.241+0000][4298.499s][info ][safepoint     ] Entering safepoint region: Cleanup
[2023-10-19T09:52:18.242+0000][4298.500s][info ][safepoint     ] Leaving safepoint region
[2023-10-19T09:52:18.243+0000][4298.500s][info ][safepoint     ] Total time for which application threads were stopped: 0.0017353 seconds, Stopping threads took: 0.0008085 seconds
[2023-10-19T09:52:19.244+0000][4299.501s][debug][safepoint     ] Safepoint synchronization initiated. (173 threads)
[2023-10-19T09:52:19.245+0000][4299.503s][info ][safepoint     ] Application time: 1.0018878 seconds
[2023-10-19T09:52:19.247+0000][4299.504s][info ][safepoint     ] Entering safepoint region: Cleanup
[2023-10-19T09:52:19.248+0000][4299.505s][info ][safepoint     ] Leaving safepoint region
[2023-10-19T09:52:19.249+0000][4299.506s][info ][safepoint     ] Total time for which application threads were stopped: 0.0022664 seconds, Stopping threads took: 0.0010304 seconds
[2023-10-19T09:52:20.250+0000][4300.507s][debug][safepoint     ] Safepoint synchronization initiated. (173 threads)
[2023-10-19T09:52:20.251+0000][4300.509s][info ][safepoint     ] Application time: 1.0014170 seconds
[2023-10-19T09:52:20.252+0000][4300.510s][info ][safepoint     ] Entering safepoint region: Cleanup
[2023-10-19T09:52:20.254+0000][4300.511s][info ][safepoint     ] Leaving safepoint region
[2023-10-19T09:52:20.254+0000][4300.512s][info ][safepoint     ] Total time for which application threads were stopped: 0.0022572 seconds, Stopping threads took: 0.0011068 seconds
[2023-10-19T09:52:21.255+0000][4301.513s][debug][safepoint     ] Safepoint synchronization initiated. (173 threads)
[2023-10-19T09:52:21.256+0000][4301.514s][info ][safepoint     ] Application time: 1.0011835 seconds
[2023-10-19T09:52:21.257+0000][4301.515s][info ][safepoint     ] Entering safepoint region: Cleanup
[2023-10-19T09:52:21.258+0000][4301.515s][info ][safepoint     ] Leaving safepoint region
[2023-10-19T09:52:21.258+0000][4301.516s][info ][safepoint     ] Total time for which application threads were stopped: 0.0015116 seconds, Stopping threads took: 0.0006278 seconds
[2023-10-19T09:52:22.259+0000][4302.517s][debug][safepoint     ] Safepoint synchronization initiated. (173 threads)
[2023-10-19T09:52:22.260+0000][4302.518s][info ][safepoint     ] Application time: 1.0012639 seconds
[2023-10-19T09:52:22.261+0000][4302.519s][info ][safepoint     ] Entering safepoint region: Cleanup
[2023-10-19T09:52:22.262+0000][4302.520s][info ][safepoint     ] Leaving safepoint region
[2023-10-19T09:52:22.263+0000][4302.521s][info ][safepoint     ] Total time for which application threads were stopped: 0.0017915 seconds, Stopping threads took: 0.0008377 seconds
[2023-10-19T09:52:23.264+0000][4303.521s][debug][safepoint     ] Safepoint synchronization initiated. (173 threads)
[2023-10-19T09:52:23.264+0000][4303.522s][info ][safepoint     ] Application time: 1.0006258 seconds
[2023-10-19T09:52:23.264+0000][4303.522s][info ][safepoint     ] Entering safepoint region: Cleanup
[2023-10-19T09:52:23.265+0000][4303.523s][info ][safepoint     ] Leaving safepoint region
[2023-10-19T09:52:23.265+0000][4303.523s][info ][safepoint     ] Total time for which application threads were stopped: 0.0009252 seconds, Stopping threads took: 0.0003405 seconds
[2023-10-19T09:52:24.266+0000][4304.524s][debug][safepoint     ] Safepoint synchronization initiated. (173 threads)
[2023-10-19T09:52:24.267+0000][4304.525s][info ][safepoint     ] Application time: 1.0015451 seconds
[2023-10-19T09:52:24.268+0000][4304.526s][info ][safepoint     ] Entering safepoint region: Cleanup
[2023-10-19T09:52:24.270+0000][4304.527s][info ][safepoint     ] Leaving safepoint region
[2023-10-19T09:52:24.271+0000][4304.528s][info ][safepoint     ] Total time for which application threads were stopped: 0.0024081 seconds, Stopping threads took: 0.0010503 seconds
[2023-10-19T09:52:25.272+0000][4305.529s][debug][safepoint     ] Safepoint synchronization initiated. (173 threads)
[2023-10-19T09:52:25.273+0000][4305.530s][info ][safepoint     ] Application time: 1.0008798 seconds
[2023-10-19T09:52:25.273+0000][4305.531s][info ][safepoint     ] Entering safepoint region: Cleanup
[2023-10-19T09:52:25.274+0000][4305.531s][info ][safepoint     ] Leaving safepoint region
[2023-10-19T09:52:25.274+0000][4305.532s][info ][safepoint     ] Total time for which application threads were stopped: 0.0011758 seconds, Stopping threads took: 0.0005253 seconds
[2023-10-19T09:52:26.275+0000][4306.532s][debug][safepoint     ] Safepoint synchronization initiated. (173 threads)
[2023-10-19T09:52:26.275+0000][4306.533s][info ][safepoint     ] Application time: 1.0006701 seconds
[2023-10-19T09:52:26.276+0000][4306.533s][info ][safepoint     ] Entering safepoint region: Cleanup
[2023-10-19T09:52:26.276+0000][4306.534s][info ][safepoint     ] Leaving safepoint region
[2023-10-19T09:52:26.277+0000][4306.534s][info ][safepoint     ] Total time for which application threads were stopped: 0.0009537 seconds, Stopping threads took: 0.0004248 seconds
[2023-10-19T09:52:27.277+0000][4307.535s][debug][safepoint     ] Safepoint synchronization initiated. (173 threads)
[2023-10-19T09:52:27.278+0000][4307.535s][info ][safepoint     ] Application time: 1.0007123 seconds
[2023-10-19T09:52:27.278+0000][4307.536s][debug][safepoint     ] ... found polling page return exception at pc = 0x00007f0de92cec98, stub =0x00007f0de0840600
[2023-10-19T09:52:27.279+0000][4307.536s][debug][safepoint     ] Waiting for 1 thread(s) to block
[2023-10-19T09:52:27.279+0000][4307.537s][info ][safepoint     ] Entering safepoint region: Cleanup
[2023-10-19T09:52:27.280+0000][4307.537s][info ][safepoint     ] Leaving safepoint region
[2023-10-19T09:52:27.280+0000][4307.538s][info ][safepoint     ] Total time for which application threads were stopped: 0.0021020 seconds, Stopping threads took: 0.0015440 seconds
[2023-10-19T09:52:28.281+0000][4308.538s][debug][safepoint     ] Safepoint synchronization initiated. (173 threads)
[2023-10-19T09:52:28.282+0000][4308.539s][info ][safepoint     ] Application time: 1.0009513 seconds
[2023-10-19T09:52:28.282+0000][4308.540s][info ][safepoint     ] Entering safepoint region: Cleanup
[2023-10-19T09:52:28.283+0000][4308.541s][info ][safepoint     ] Leaving safepoint region
[2023-10-19T09:52:28.284+0000][4308.541s][info ][safepoint     ] Total time for which application threads were stopped: 0.0016028 seconds, Stopping threads took: 0.0007648 seconds
[2023-10-19T09:52:29.285+0000][4309.542s][debug][safepoint     ] Safepoint synchronization initiated. (173 threads)
[2023-10-19T09:52:29.285+0000][4309.543s][info ][safepoint     ] Application time: 1.0007023 seconds
[2023-10-19T09:52:29.286+0000][4309.543s][info ][safepoint     ] Entering safepoint region: Cleanup
[2023-10-19T09:52:29.287+0000][4309.544s][info ][safepoint     ] Leaving safepoint region
[2023-10-19T09:52:29.287+0000][4309.545s][info ][safepoint     ] Total time for which application threads were stopped: 0.0013644 seconds, Stopping threads took: 0.0005790 seconds
[2023-10-19T09:52:30.288+0000][4310.545s][debug][safepoint     ] Safepoint synchronization initiated. (173 threads)
[2023-10-19T09:52:30.289+0000][4310.546s][info ][safepoint     ] Application time: 1.0008249 seconds
[2023-10-19T09:52:30.289+0000][4310.547s][info ][safepoint     ] Entering safepoint region: Cleanup
[2023-10-19T09:52:30.290+0000][4310.548s][info ][safepoint     ] Leaving safepoint region
[2023-10-19T09:52:30.291+0000][4310.549s][info ][safepoint     ] Total time for which application threads were stopped: 0.0017403 seconds, Stopping threads took: 0.0008061 seconds
[2023-10-19T09:52:31.292+0000][4311.549s][debug][safepoint     ] Safepoint synchronization initiated. (173 threads)
[2023-10-19T09:52:31.293+0000][4311.550s][info ][safepoint     ] Application time: 1.0012959 seconds
[2023-10-19T09:52:31.294+0000][4311.551s][info ][safepoint     ] Entering safepoint region: Cleanup
[2023-10-19T09:52:31.295+0000][4311.552s][info ][safepoint     ] Leaving safepoint region
[2023-10-19T09:52:31.295+0000][4311.553s][info ][safepoint     ] Total time for which application threads were stopped: 0.0016763 seconds, Stopping threads took: 0.0007555 seconds
[2023-10-19T09:52:32.296+0000][4312.554s][debug][safepoint     ] Safepoint synchronization initiated. (173 threads)
[2023-10-19T09:52:32.297+0000][4312.554s][info ][safepoint     ] Application time: 1.0006281 seconds
[2023-10-19T09:52:32.297+0000][4312.554s][info ][safepoint     ] Entering safepoint region: Cleanup
[2023-10-19T09:52:32.297+0000][4312.555s][info ][safepoint     ] Leaving safepoint region
[2023-10-19T09:52:32.298+0000][4312.555s][info ][safepoint     ] Total time for which application threads were stopped: 0.0008631 seconds, Stopping threads took: 0.0003520 seconds
[2023-10-19T09:52:32.921+0000][4313.178s][debug][safepoint     ] Safepoint synchronization initiated. (173 threads)
[2023-10-19T09:52:32.922+0000][4313.179s][info ][safepoint     ] Application time: 0.6233423 seconds
[2023-10-19T09:52:32.922+0000][4313.179s][info ][safepoint     ] Entering safepoint region: G1CollectForAllocation
[2023-10-19T09:52:32.923+0000][4313.180s][info ][gc,start      ] GC(102) Pause Young (Prepare Mixed) (G1 Evacuation Pause)
[2023-10-19T09:52:32.924+0000][4313.181s][info ][gc,task       ] GC(102) Using 8 workers of 8 for evacuation
[2023-10-19T09:52:32.938+0000][4313.195s][info ][gc,phases     ] GC(102)   Pre Evacuate Collection Set: 0.0ms
[2023-10-19T09:52:32.938+0000][4313.196s][info ][gc,phases     ] GC(102)   Evacuate Collection Set: 11.2ms
[2023-10-19T09:52:32.939+0000][4313.196s][info ][gc,phases     ] GC(102)   Post Evacuate Collection Set: 2.3ms
[2023-10-19T09:52:32.939+0000][4313.197s][info ][gc,phases     ] GC(102)   Other: 1.3ms
[2023-10-19T09:52:32.940+0000][4313.197s][info ][gc,heap       ] GC(102) Eden regions: 144->0(15)
[2023-10-19T09:52:32.940+0000][4313.198s][info ][gc,heap       ] GC(102) Survivor regions: 2->2(19)
[2023-10-19T09:52:32.941+0000][4313.198s][info ][gc,heap       ] GC(102) Old regions: 132->132
[2023-10-19T09:52:32.941+0000][4313.198s][info ][gc,heap       ] GC(102) Humongous regions: 25->25
[2023-10-19T09:52:32.942+0000][4313.199s][info ][gc,metaspace  ] GC(102) Metaspace: 160771K(167888K)->160771K(167888K) NonClass: 142194K(146896K)->142194K(146896K) Class: 18577K(20992K)->18577K(20992K)
[2023-10-19T09:52:32.942+0000][4313.199s][info ][gc            ] GC(102) Pause Young (Prepare Mixed) (G1 Evacuation Pause) 300M->156M(350M) 19.131ms
[2023-10-19T09:52:32.943+0000][4313.200s][info ][gc,cpu        ] GC(102) User=0.09s Sys=0.01s Real=0.02s
[2023-10-19T09:52:32.943+0000][4313.200s][info ][safepoint     ] Leaving safepoint region
[2023-10-19T09:52:32.944+0000][4313.201s][info ][safepoint     ] Total time for which application threads were stopped: 0.0213910 seconds, Stopping threads took: 0.0005757 seconds
[2023-10-19T09:52:32.944+0000][4313.201s][info ][gc,stringdedup] Concurrent String Deduplication (4313.201s)
[2023-10-19T09:52:32.945+0000][4313.202s][info ][gc,stringdedup] Concurrent String Deduplication 48.0B->0.0B(48.0B) avg 54.5% (4313.201s, 4313.202s) 0.418ms
[2023-10-19T09:52:33.944+0000][4314.202s][debug][safepoint     ] Safepoint synchronization initiated. (173 threads)
[2023-10-19T09:52:33.945+0000][4314.202s][info ][safepoint     ] Application time: 1.0010112 seconds
[2023-10-19T09:52:33.946+0000][4314.203s][info ][safepoint     ] Entering safepoint region: Cleanup
[2023-10-19T09:52:33.947+0000][4314.204s][info ][safepoint     ] Leaving safepoint region
[2023-10-19T09:52:33.947+0000][4314.205s][info ][safepoint     ] Total time for which application threads were stopped: 0.0019008 seconds, Stopping threads took: 0.0005325 seconds
[2023-10-19T09:52:34.948+0000][4315.206s][debug][safepoint     ] Safepoint synchronization initiated. (173 threads)
[2023-10-19T09:52:34.950+0000][4315.207s][info ][safepoint     ] Application time: 1.0016545 seconds
[2023-10-19T09:52:34.951+0000][4315.208s][info ][safepoint     ] Entering safepoint region: Cleanup
[2023-10-19T09:52:34.953+0000][4315.210s][info ][safepoint     ] Leaving safepoint region
[2023-10-19T09:52:34.953+0000][4315.211s][info ][safepoint     ] Total time for which application threads were stopped: 0.0024591 seconds, Stopping threads took: 0.0011014 seconds
[2023-10-19T09:52:35.955+0000][4316.212s][debug][safepoint     ] Safepoint synchronization initiated. (173 threads)
[2023-10-19T09:52:35.955+0000][4316.212s][info ][safepoint     ] Application time: 1.0007668 seconds
[2023-10-19T09:52:35.956+0000][4316.213s][info ][safepoint     ] Entering safepoint region: Cleanup
[2023-10-19T09:52:35.956+0000][4316.213s][info ][safepoint     ] Leaving safepoint region
[2023-10-19T09:52:35.957+0000][4316.214s][info ][safepoint     ] Total time for which application threads were stopped: 0.0010767 seconds, Stopping threads took: 0.0004678 seconds
[2023-10-19T09:52:36.957+0000][4317.215s][debug][safepoint     ] Safepoint synchronization initiated. (173 threads)
[2023-10-19T09:52:36.959+0000][4317.216s][info ][safepoint     ] Application time: 1.0015858 seconds
[2023-10-19T09:52:36.960+0000][4317.217s][info ][safepoint     ] Entering safepoint region: Cleanup
[2023-10-19T09:52:36.961+0000][4317.218s][info ][safepoint     ] Leaving safepoint region
[2023-10-19T09:52:36.962+0000][4317.219s][info ][safepoint     ] Total time for which application threads were stopped: 0.0022256 seconds, Stopping threads took: 0.0010286 seconds
[2023-10-19T09:52:37.963+0000][4318.221s][debug][safepoint     ] Safepoint synchronization initiated. (173 threads)
[2023-10-19T09:52:37.965+0000][4318.222s][info ][safepoint     ] Application time: 1.0018546 seconds
[2023-10-19T09:52:37.966+0000][4318.223s][info ][safepoint     ] Entering safepoint region: Cleanup
[2023-10-19T09:52:37.967+0000][4318.225s][info ][safepoint     ] Leaving safepoint region
[2023-10-19T09:52:37.968+0000][4318.226s][info ][safepoint     ] Total time for which application threads were stopped: 0.0026972 seconds, Stopping threads took: 0.0011778 seconds
[2023-10-19T09:52:38.970+0000][4319.227s][debug][safepoint     ] Safepoint synchronization initiated. (173 threads)
[2023-10-19T09:52:38.971+0000][4319.228s][info ][safepoint     ] Application time: 1.0013868 seconds
[2023-10-19T09:52:38.972+0000][4319.229s][info ][safepoint     ] Entering safepoint region: Cleanup
[2023-10-19T09:52:38.974+0000][4319.231s][info ][safepoint     ] Leaving safepoint region
[2023-10-19T09:52:38.975+0000][4319.232s][info ][safepoint     ] Total time for which application threads were stopped: 0.0026873 seconds, Stopping threads took: 0.0010892 seconds
[2023-10-19T09:52:39.976+0000][4320.234s][debug][safepoint     ] Safepoint synchronization initiated. (173 threads)
[2023-10-19T09:52:39.978+0000][4320.235s][info ][safepoint     ] Application time: 1.0019948 seconds
[2023-10-19T09:52:39.978+0000][4320.235s][info ][safepoint     ] Entering safepoint region: Cleanup
[2023-10-19T09:52:39.979+0000][4320.236s][info ][safepoint     ] Leaving safepoint region
[2023-10-19T09:52:39.980+0000][4320.238s][info ][safepoint     ] Total time for which application threads were stopped: 0.0022701 seconds, Stopping threads took: 0.0005430 seconds
[2023-10-19T09:52:40.981+0000][4321.239s][debug][safepoint     ] Safepoint synchronization initiated. (173 threads)
[2023-10-19T09:52:40.982+0000][4321.239s][info ][safepoint     ] Application time: 1.0011055 seconds
[2023-10-19T09:52:40.983+0000][4321.240s][info ][safepoint     ] Entering safepoint region: Cleanup
[2023-10-19T09:52:40.984+0000][4321.241s][info ][safepoint     ] Leaving safepoint region
[2023-10-19T09:52:40.984+0000][4321.242s][info ][safepoint     ] Total time for which application threads were stopped: 0.0014435 seconds, Stopping threads took: 0.0006481 seconds
[2023-10-19T09:52:41.985+0000][4322.242s][debug][safepoint     ] Safepoint synchronization initiated. (173 threads)
[2023-10-19T09:52:41.986+0000][4322.244s][info ][safepoint     ] Application time: 1.0014552 seconds
[2023-10-19T09:52:41.987+0000][4322.245s][info ][safepoint     ] Entering safepoint region: Cleanup
[2023-10-19T09:52:41.989+0000][4322.246s][info ][safepoint     ] Leaving safepoint region
[2023-10-19T09:52:41.989+0000][4322.247s][info ][safepoint     ] Total time for which application threads were stopped: 0.0021268 seconds, Stopping threads took: 0.0009878 seconds
[2023-10-19T09:52:42.990+0000][4323.247s][debug][safepoint     ] Safepoint synchronization initiated. (173 threads)
[2023-10-19T09:52:42.991+0000][4323.248s][info ][safepoint     ] Application time: 1.0006788 seconds
[2023-10-19T09:52:42.991+0000][4323.248s][info ][safepoint     ] Entering safepoint region: Cleanup
[2023-10-19T09:52:42.992+0000][4323.249s][info ][safepoint     ] Leaving safepoint region
[2023-10-19T09:52:42.992+0000][4323.249s][info ][safepoint     ] Total time for which application threads were stopped: 0.0010337 seconds, Stopping threads took: 0.0004489 seconds
[2023-10-19T09:52:43.993+0000][4324.250s][debug][safepoint     ] Safepoint synchronization initiated. (173 threads)
[2023-10-19T09:52:43.993+0000][4324.250s][info ][safepoint     ] Application time: 1.0007122 seconds
[2023-10-19T09:52:43.994+0000][4324.251s][info ][safepoint     ] Entering safepoint region: Cleanup
[2023-10-19T09:52:43.994+0000][4324.251s][info ][safepoint     ] Leaving safepoint region
[2023-10-19T09:52:43.995+0000][4324.252s][info ][safepoint     ] Total time for which application threads were stopped: 0.0010969 seconds, Stopping threads took: 0.0005004 seconds
[2023-10-19T09:52:44.995+0000][4325.252s][debug][safepoint     ] Safepoint synchronization initiated. (173 threads)
[2023-10-19T09:52:44.996+0000][4325.253s][info ][safepoint     ] Application time: 1.0006926 seconds
[2023-10-19T09:52:44.996+0000][4325.254s][info ][safepoint     ] Entering safepoint region: Cleanup
[2023-10-19T09:52:44.997+0000][4325.254s][info ][safepoint     ] Leaving safepoint region
[2023-10-19T09:52:44.997+0000][4325.255s][info ][safepoint     ] Total time for which application threads were stopped: 0.0011072 seconds, Stopping threads took: 0.0004531 seconds
[2023-10-19T09:52:45.998+0000][4326.255s][debug][safepoint     ] Safepoint synchronization initiated. (173 threads)
[2023-10-19T09:52:45.998+0000][4326.256s][info ][safepoint     ] Application time: 1.0005345 seconds
[2023-10-19T09:52:45.999+0000][4326.256s][info ][safepoint     ] Entering safepoint region: Cleanup
[2023-10-19T09:52:45.999+0000][4326.256s][info ][safepoint     ] Leaving safepoint region
[2023-10-19T09:52:45.999+0000][4326.257s][info ][safepoint     ] Total time for which application threads were stopped: 0.0008396 seconds, Stopping threads took: 0.0003597 seconds
[2023-10-19T09:52:47.000+0000][4327.257s][debug][safepoint     ] Safepoint synchronization initiated. (173 threads)
[2023-10-19T09:52:47.000+0000][4327.258s][info ][safepoint     ] Application time: 1.0007441 seconds
[2023-10-19T09:52:47.001+0000][4327.258s][info ][safepoint     ] Entering safepoint region: Cleanup
[2023-10-19T09:52:47.002+0000][4327.259s][info ][safepoint     ] Leaving safepoint region
[2023-10-19T09:52:47.002+0000][4327.259s][info ][safepoint     ] Total time for which application threads were stopped: 0.0010970 seconds, Stopping threads took: 0.0004932 seconds
[2023-10-19T09:52:48.003+0000][4328.260s][debug][safepoint     ] Safepoint synchronization initiated. (173 threads)
[2023-10-19T09:52:48.003+0000][4328.261s][info ][safepoint     ] Application time: 1.0008166 seconds
[2023-10-19T09:52:48.004+0000][4328.261s][info ][safepoint     ] Entering safepoint region: Cleanup
[2023-10-19T09:52:48.004+0000][4328.262s][info ][safepoint     ] Leaving safepoint region
[2023-10-19T09:52:48.005+0000][4328.263s][info ][safepoint     ] Total time for which application threads were stopped: 0.0015837 seconds, Stopping threads took: 0.0005030 seconds
[2023-10-19T09:52:48.621+0000][4328.878s][debug][safepoint     ] Safepoint synchronization initiated. (173 threads)
[2023-10-19T09:52:48.621+0000][4328.879s][info ][safepoint     ] Application time: 0.6149537 seconds
[2023-10-19T09:52:48.622+0000][4328.879s][info ][safepoint     ] Entering safepoint region: G1CollectForAllocation
[2023-10-19T09:52:48.623+0000][4328.880s][info ][gc,start      ] GC(103) Pause Young (Mixed) (G1 Evacuation Pause)
[2023-10-19T09:52:48.623+0000][4328.881s][info ][gc,task       ] GC(103) Using 8 workers of 8 for evacuation
[2023-10-19T09:52:48.642+0000][4328.899s][info ][gc,phases     ] GC(103)   Pre Evacuate Collection Set: 0.3ms
[2023-10-19T09:52:48.643+0000][4328.900s][info ][gc,phases     ] GC(103)   Evacuate Collection Set: 13.7ms
[2023-10-19T09:52:48.643+0000][4328.900s][info ][gc,phases     ] GC(103)   Post Evacuate Collection Set: 3.9ms
[2023-10-19T09:52:48.644+0000][4328.901s][info ][gc,phases     ] GC(103)   Other: 1.4ms
[2023-10-19T09:52:48.644+0000][4328.902s][info ][gc,heap       ] GC(103) Eden regions: 15->0(146)
[2023-10-19T09:52:48.645+0000][4328.902s][info ][gc,heap       ] GC(103) Survivor regions: 2->2(3)
[2023-10-19T09:52:48.645+0000][4328.902s][info ][gc,heap       ] GC(103) Old regions: 132->131
[2023-10-19T09:52:48.646+0000][4328.903s][info ][gc,heap       ] GC(103) Humongous regions: 25->25
[2023-10-19T09:52:48.646+0000][4328.903s][info ][gc,metaspace  ] GC(103) Metaspace: 160771K(167888K)->160771K(167888K) NonClass: 142194K(146896K)->142194K(146896K) Class: 18577K(20992K)->18577K(20992K)
[2023-10-19T09:52:48.647+0000][4328.904s][info ][gc            ] GC(103) Pause Young (Mixed) (G1 Evacuation Pause) 171M->155M(350M) 23.768ms
[2023-10-19T09:52:48.647+0000][4328.904s][info ][gc,cpu        ] GC(103) User=0.13s Sys=0.00s Real=0.03s
[2023-10-19T09:52:48.648+0000][4328.905s][info ][safepoint     ] Leaving safepoint region
[2023-10-19T09:52:48.648+0000][4328.905s][info ][safepoint     ] Total time for which application threads were stopped: 0.0259987 seconds, Stopping threads took: 0.0004371 seconds
[2023-10-19T09:52:48.649+0000][4328.906s][info ][gc,stringdedup] Concurrent String Deduplication (4328.906s)
[2023-10-19T09:52:48.649+0000][4328.906s][info ][gc,stringdedup] Concurrent String Deduplication 0.0B->0.0B(0.0B) avg 54.5% (4328.906s, 4328.906s) 0.427ms
[2023-10-19T09:52:49.649+0000][4329.906s][debug][safepoint     ] Safepoint synchronization initiated. (173 threads)
[2023-10-19T09:52:49.649+0000][4329.907s][info ][safepoint     ] Application time: 1.0007216 seconds
[2023-10-19T09:52:49.650+0000][4329.907s][info ][safepoint     ] Entering safepoint region: Cleanup
[2023-10-19T09:52:49.650+0000][4329.908s][info ][safepoint     ] Leaving safepoint region
[2023-10-19T09:52:49.651+0000][4329.908s][info ][safepoint     ] Total time for which application threads were stopped: 0.0010605 seconds, Stopping threads took: 0.0004565 seconds
[2023-10-19T09:52:50.652+0000][4330.909s][debug][safepoint     ] Safepoint synchronization initiated. (173 threads)
[2023-10-19T09:52:50.653+0000][4330.910s][info ][safepoint     ] Application time: 1.0016353 seconds
[2023-10-19T09:52:50.654+0000][4330.911s][info ][safepoint     ] Entering safepoint region: Cleanup
[2023-10-19T09:52:50.655+0000][4330.913s][info ][safepoint     ] Leaving safepoint region
[2023-10-19T09:52:50.656+0000][4330.914s][info ][safepoint     ] Total time for which application threads were stopped: 0.0024010 seconds, Stopping threads took: 0.0011243 seconds
[2023-10-19T09:52:51.657+0000][4331.915s][debug][safepoint     ] Safepoint synchronization initiated. (173 threads)
[2023-10-19T09:52:51.658+0000][4331.915s][info ][safepoint     ] Application time: 1.0008446 seconds
[2023-10-19T09:52:51.659+0000][4331.916s][info ][safepoint     ] Entering safepoint region: Cleanup
[2023-10-19T09:52:51.659+0000][4331.916s][info ][safepoint     ] Leaving safepoint region
[2023-10-19T09:52:51.660+0000][4331.917s][info ][safepoint     ] Total time for which application threads were stopped: 0.0014747 seconds, Stopping threads took: 0.0004670 seconds
[2023-10-19T09:52:52.661+0000][4332.918s][debug][safepoint     ] Safepoint synchronization initiated. (173 threads)
[2023-10-19T09:52:52.661+0000][4332.918s][info ][safepoint     ] Application time: 1.0007064 seconds
[2023-10-19T09:52:52.663+0000][4332.921s][info ][safepoint     ] Entering safepoint region: Cleanup
[2023-10-19T09:52:52.664+0000][4332.922s][info ][safepoint     ] Leaving safepoint region
[2023-10-19T09:52:52.665+0000][4332.922s][info ][safepoint     ] Total time for which application threads were stopped: 0.0014741 seconds, Stopping threads took: 0.0007250 seconds
[2023-10-19T09:52:53.665+0000][4333.923s][debug][safepoint     ] Safepoint synchronization initiated. (173 threads)
[2023-10-19T09:52:53.666+0000][4333.924s][info ][safepoint     ] Application time: 1.0011016 seconds
[2023-10-19T09:52:53.667+0000][4333.924s][info ][safepoint     ] Entering safepoint region: Cleanup
[2023-10-19T09:52:53.668+0000][4333.925s][info ][safepoint     ] Leaving safepoint region
[2023-10-19T09:52:53.668+0000][4333.926s][info ][safepoint     ] Total time for which application threads were stopped: 0.0014368 seconds, Stopping threads took: 0.0006640 seconds
[2023-10-19T09:52:54.669+0000][4334.926s][debug][safepoint     ] Safepoint synchronization initiated. (173 threads)
[2023-10-19T09:52:54.671+0000][4334.928s][info ][safepoint     ] Application time: 1.0016334 seconds
[2023-10-19T09:52:54.672+0000][4334.929s][info ][safepoint     ] Entering safepoint region: Cleanup
[2023-10-19T09:52:54.673+0000][4334.930s][info ][safepoint     ] Leaving safepoint region
[2023-10-19T09:52:54.674+0000][4334.931s][info ][safepoint     ] Total time for which application threads were stopped: 0.0024949 seconds, Stopping threads took: 0.0011117 seconds
[2023-10-19T09:52:55.675+0000][4335.932s][debug][safepoint     ] Safepoint synchronization initiated. (173 threads)
[2023-10-19T09:52:55.676+0000][4335.933s][info ][safepoint     ] Application time: 1.0006579 seconds
[2023-10-19T09:52:55.676+0000][4335.933s][info ][safepoint     ] Entering safepoint region: Cleanup
[2023-10-19T09:52:55.677+0000][4335.934s][info ][safepoint     ] Leaving safepoint region
[2023-10-19T09:52:55.677+0000][4335.934s][info ][safepoint     ] Total time for which application threads were stopped: 0.0010274 seconds, Stopping threads took: 0.0004397 seconds
[2023-10-19T09:52:56.678+0000][4336.935s][debug][safepoint     ] Safepoint synchronization initiated. (173 threads)
[2023-10-19T09:52:56.679+0000][4336.936s][info ][safepoint     ] Application time: 1.0011289 seconds
[2023-10-19T09:52:56.679+0000][4336.936s][info ][safepoint     ] Entering safepoint region: Cleanup
[2023-10-19T09:52:56.680+0000][4336.937s][info ][safepoint     ] Leaving safepoint region
[2023-10-19T09:52:56.680+0000][4336.938s][info ][safepoint     ] Total time for which application threads were stopped: 0.0012838 seconds, Stopping threads took: 0.0005934 seconds
[2023-10-19T09:52:57.681+0000][4337.939s][debug][safepoint     ] Safepoint synchronization initiated. (173 threads)
[2023-10-19T09:52:57.682+0000][4337.940s][info ][safepoint     ] Application time: 1.0015375 seconds
[2023-10-19T09:52:57.684+0000][4337.941s][info ][safepoint     ] Entering safepoint region: Cleanup
[2023-10-19T09:52:57.685+0000][4337.942s][info ][safepoint     ] Leaving safepoint region
[2023-10-19T09:52:57.686+0000][4337.943s][info ][safepoint     ] Total time for which application threads were stopped: 0.0025019 seconds, Stopping threads took: 0.0010372 seconds
[2023-10-19T09:52:58.687+0000][4338.944s][debug][safepoint     ] Safepoint synchronization initiated. (173 threads)
[2023-10-19T09:52:58.688+0000][4338.945s][info ][safepoint     ] Application time: 1.0007993 seconds
[2023-10-19T09:52:58.688+0000][4338.946s][info ][safepoint     ] Entering safepoint region: Cleanup
[2023-10-19T09:52:58.689+0000][4338.946s][info ][safepoint     ] Leaving safepoint region
[2023-10-19T09:52:58.690+0000][4338.947s][info ][safepoint     ] Total time for which application threads were stopped: 0.0013488 seconds, Stopping threads took: 0.0005275 seconds
[2023-10-19T09:52:59.690+0000][4339.947s][debug][safepoint     ] Safepoint synchronization initiated. (173 threads)
[2023-10-19T09:52:59.691+0000][4339.948s][info ][safepoint     ] Application time: 1.0006648 seconds
[2023-10-19T09:52:59.691+0000][4339.948s][info ][safepoint     ] Entering safepoint region: Cleanup
[2023-10-19T09:52:59.691+0000][4339.949s][info ][safepoint     ] Leaving safepoint region
[2023-10-19T09:52:59.692+0000][4339.949s][info ][safepoint     ] Total time for which application threads were stopped: 0.0009158 seconds, Stopping threads took: 0.0003024 seconds
[2023-10-19T09:53:00.693+0000][4340.950s][debug][safepoint     ] Safepoint synchronization initiated. (173 threads)
[2023-10-19T09:53:00.694+0000][4340.951s][info ][safepoint     ] Application time: 1.0018239 seconds
[2023-10-19T09:53:00.695+0000][4340.952s][info ][safepoint     ] Entering safepoint region: Cleanup
[2023-10-19T09:53:00.696+0000][4340.954s][info ][safepoint     ] Leaving safepoint region
[2023-10-19T09:53:00.697+0000][4340.955s][info ][safepoint     ] Total time for which application threads were stopped: 0.0022529 seconds, Stopping threads took: 0.0009496 seconds
[2023-10-19T09:53:01.698+0000][4341.955s][debug][safepoint     ] Safepoint synchronization initiated. (173 threads)
[2023-10-19T09:53:01.699+0000][4341.956s][info ][safepoint     ] Application time: 1.0005888 seconds
[2023-10-19T09:53:01.699+0000][4341.957s][info ][safepoint     ] Entering safepoint region: Cleanup
[2023-10-19T09:53:01.700+0000][4341.957s][info ][safepoint     ] Leaving safepoint region
[2023-10-19T09:53:01.700+0000][4341.958s][info ][safepoint     ] Total time for which application threads were stopped: 0.0010947 seconds, Stopping threads took: 0.0005430 seconds
[2023-10-19T09:53:02.701+0000][4342.958s][debug][safepoint     ] Safepoint synchronization initiated. (173 threads)
[2023-10-19T09:53:02.702+0000][4342.960s][info ][safepoint     ] Application time: 1.0015169 seconds
[2023-10-19T09:53:02.703+0000][4342.961s][info ][safepoint     ] Entering safepoint region: Cleanup
[2023-10-19T09:53:02.705+0000][4342.962s][info ][safepoint     ] Leaving safepoint region
[2023-10-19T09:53:02.706+0000][4342.963s][info ][safepoint     ] Total time for which application threads were stopped: 0.0024465 seconds, Stopping threads took: 0.0010612 seconds
[2023-10-19T09:53:03.700+0000][4343.964s][debug][safepoint     ] Safepoint synchronization initiated. (173 threads)
[2023-10-19T09:53:03.701+0000][4343.965s][info ][safepoint     ] Application time: 1.0007533 seconds
[2023-10-19T09:53:03.701+0000][4343.965s][info ][safepoint     ] Entering safepoint region: Cleanup
[2023-10-19T09:53:03.702+0000][4343.966s][info ][safepoint     ] Leaving safepoint region
[2023-10-19T09:53:03.703+0000][4343.966s][info ][safepoint     ] Total time for which application threads were stopped: 0.0012864 seconds, Stopping threads took: 0.0005710 seconds
[2023-10-19T09:53:04.703+0000][4344.967s][debug][safepoint     ] Safepoint synchronization initiated. (173 threads)
[2023-10-19T09:53:04.704+0000][4344.968s][info ][safepoint     ] Application time: 1.0010492 seconds
[2023-10-19T09:53:04.705+0000][4344.969s][info ][safepoint     ] Entering safepoint region: Cleanup
[2023-10-19T09:53:04.706+0000][4344.970s][info ][safepoint     ] Leaving safepoint region
[2023-10-19T09:53:04.706+0000][4344.970s][info ][safepoint     ] Total time for which application threads were stopped: 0.0015084 seconds, Stopping threads took: 0.0006908 seconds
[2023-10-19T09:53:05.707+0000][4345.971s][debug][safepoint     ] Safepoint synchronization initiated. (173 threads)
[2023-10-19T09:53:05.708+0000][4345.972s][info ][safepoint     ] Application time: 1.0009862 seconds
[2023-10-19T09:53:05.708+0000][4345.972s][info ][safepoint     ] Entering safepoint region: Cleanup
[2023-10-19T09:53:05.709+0000][4345.973s][info ][safepoint     ] Leaving safepoint region
[2023-10-19T09:53:05.710+0000][4345.974s][info ][safepoint     ] Total time for which application threads were stopped: 0.0014055 seconds, Stopping threads took: 0.0007610 seconds
[2023-10-19T09:53:06.710+0000][4346.974s][debug][safepoint     ] Safepoint synchronization initiated. (173 threads)
[2023-10-19T09:53:06.711+0000][4346.975s][info ][safepoint     ] Application time: 1.0009158 seconds
[2023-10-19T09:53:06.712+0000][4346.976s][info ][safepoint     ] Entering safepoint region: Cleanup
[2023-10-19T09:53:06.713+0000][4346.977s][info ][safepoint     ] Leaving safepoint region
[2023-10-19T09:53:06.713+0000][4346.977s][info ][safepoint     ] Total time for which application threads were stopped: 0.0014279 seconds, Stopping threads took: 0.0006716 seconds
[2023-10-19T09:53:07.714+0000][4347.978s][debug][safepoint     ] Safepoint synchronization initiated. (173 threads)
[2023-10-19T09:53:07.716+0000][4347.979s][info ][safepoint     ] Application time: 1.0017533 seconds
[2023-10-19T09:53:07.717+0000][4347.981s][info ][safepoint     ] Entering safepoint region: Cleanup
[2023-10-19T09:53:07.718+0000][4347.982s][info ][safepoint     ] Leaving safepoint region
[2023-10-19T09:53:07.719+0000][4347.983s][info ][safepoint     ] Total time for which application threads were stopped: 0.0026497 seconds, Stopping threads took: 0.0012309 seconds
[2023-10-19T09:53:08.721+0000][4348.985s][debug][safepoint     ] Safepoint synchronization initiated. (173 threads)
[2023-10-19T09:53:08.722+0000][4348.986s][info ][safepoint     ] Application time: 1.0017988 seconds
[2023-10-19T09:53:08.723+0000][4348.987s][info ][safepoint     ] Entering safepoint region: Cleanup
[2023-10-19T09:53:08.724+0000][4348.988s][info ][safepoint     ] Leaving safepoint region
[2023-10-19T09:53:08.725+0000][4348.989s][info ][safepoint     ] Total time for which application threads were stopped: 0.0022829 seconds, Stopping threads took: 0.0010038 seconds
[2023-10-19T09:53:09.727+0000][4349.990s][debug][safepoint     ] Safepoint synchronization initiated. (173 threads)
[2023-10-19T09:53:09.728+0000][4349.992s][info ][safepoint     ] Application time: 1.0017708 seconds
[2023-10-19T09:53:09.729+0000][4349.993s][info ][safepoint     ] Entering safepoint region: Cleanup
[2023-10-19T09:53:09.731+0000][4349.995s][info ][safepoint     ] Leaving safepoint region
[2023-10-19T09:53:09.732+0000][4349.996s][info ][safepoint     ] Total time for which application threads were stopped: 0.0025707 seconds, Stopping threads took: 0.0010716 seconds
[2023-10-19T09:53:10.733+0000][4350.997s][debug][safepoint     ] Safepoint synchronization initiated. (173 threads)
[2023-10-19T09:53:10.734+0000][4350.998s][info ][safepoint     ] Application time: 1.0016932 seconds
[2023-10-19T09:53:10.736+0000][4351.000s][info ][safepoint     ] Entering safepoint region: Cleanup
[2023-10-19T09:53:10.737+0000][4351.001s][info ][safepoint     ] Leaving safepoint region
[2023-10-19T09:53:10.738+0000][4351.002s][info ][safepoint     ] Total time for which application threads were stopped: 0.0025679 seconds, Stopping threads took: 0.0010583 seconds
[2023-10-19T09:53:11.739+0000][4352.003s][debug][safepoint     ] Safepoint synchronization initiated. (173 threads)
[2023-10-19T09:53:11.740+0000][4352.003s][info ][safepoint     ] Application time: 1.0005148 seconds
[2023-10-19T09:53:11.740+0000][4352.004s][info ][safepoint     ] Entering safepoint region: Cleanup
[2023-10-19T09:53:11.741+0000][4352.004s][info ][safepoint     ] Leaving safepoint region
[2023-10-19T09:53:11.741+0000][4352.005s][info ][safepoint     ] Total time for which application threads were stopped: 0.0009498 seconds, Stopping threads took: 0.0004101 seconds
[2023-10-19T09:53:12.741+0000][4353.005s][debug][safepoint     ] Safepoint synchronization initiated. (173 threads)
[2023-10-19T09:53:12.742+0000][4353.006s][info ][safepoint     ] Application time: 1.0007983 seconds
[2023-10-19T09:53:12.743+0000][4353.006s][info ][safepoint     ] Entering safepoint region: Cleanup
[2023-10-19T09:53:12.743+0000][4353.007s][info ][safepoint     ] Leaving safepoint region
[2023-10-19T09:53:12.744+0000][4353.008s][info ][safepoint     ] Total time for which application threads were stopped: 0.0013373 seconds, Stopping threads took: 0.0005892 seconds
[2023-10-19T09:53:13.745+0000][4354.009s][debug][safepoint     ] Safepoint synchronization initiated. (173 threads)
[2023-10-19T09:53:13.746+0000][4354.010s][info ][safepoint     ] Application time: 1.0017821 seconds
[2023-10-19T09:53:13.747+0000][4354.011s][info ][safepoint     ] Entering safepoint region: Cleanup
[2023-10-19T09:53:13.749+0000][4354.013s][info ][safepoint     ] Leaving safepoint region
[2023-10-19T09:53:13.750+0000][4354.014s][info ][safepoint     ] Total time for which application threads were stopped: 0.0026027 seconds, Stopping threads took: 0.0010845 seconds
[2023-10-19T09:53:14.751+0000][4355.015s][debug][safepoint     ] Safepoint synchronization initiated. (173 threads)
[2023-10-19T09:53:14.752+0000][4355.015s][info ][safepoint     ] Application time: 1.0008450 seconds
[2023-10-19T09:53:14.752+0000][4355.016s][info ][safepoint     ] Entering safepoint region: Cleanup
[2023-10-19T09:53:14.753+0000][4355.017s][info ][safepoint     ] Leaving safepoint region
[2023-10-19T09:53:14.753+0000][4355.017s][info ][safepoint     ] Total time for which application threads were stopped: 0.0010634 seconds, Stopping threads took: 0.0005446 seconds
[2023-10-19T09:53:15.754+0000][4356.018s][debug][safepoint     ] Safepoint synchronization initiated. (173 threads)
[2023-10-19T09:53:15.755+0000][4356.019s][info ][safepoint     ] Application time: 1.0010074 seconds
[2023-10-19T09:53:15.755+0000][4356.019s][info ][safepoint     ] Entering safepoint region: Cleanup
[2023-10-19T09:53:15.756+0000][4356.020s][info ][safepoint     ] Leaving safepoint region
[2023-10-19T09:53:15.757+0000][4356.020s][info ][safepoint     ] Total time for which application threads were stopped: 0.0012309 seconds, Stopping threads took: 0.0006305 seconds
[2023-10-19T09:53:15.756+0000][4356.020s][debug][safepoint     ] ... found polling page return exception at pc = 0x00007f0de87cbbc4, stub =0x00007f0de0840600
[2023-10-19T09:53:15.756+0000][4356.020s][debug][safepoint     ] ... found polling page return exception at pc = 0x00007f0de87cbbc4, stub =0x00007f0de0840600
[2023-10-19T09:53:15.756+0000][4356.020s][debug][safepoint     ] ... found polling page return exception at pc = 0x00007f0de87cbbc4, stub =0x00007f0de0840600
[2023-10-19T09:53:15.756+0000][4356.020s][debug][safepoint     ] ... found polling page return exception at pc = 0x00007f0de87cbbc4, stub =0x00007f0de0840600
[2023-10-19T09:53:16.757+0000][4357.021s][debug][safepoint     ] Safepoint synchronization initiated. (173 threads)
[2023-10-19T09:53:16.758+0000][4357.022s][info ][safepoint     ] Application time: 1.0010839 seconds
[2023-10-19T09:53:16.759+0000][4357.023s][info ][safepoint     ] Entering safepoint region: Cleanup
[2023-10-19T09:53:16.759+0000][4357.023s][info ][safepoint     ] Leaving safepoint region
[2023-10-19T09:53:16.760+0000][4357.024s][info ][safepoint     ] Total time for which application threads were stopped: 0.0012698 seconds, Stopping threads took: 0.0005104 seconds
[2023-10-19T09:53:17.761+0000][4358.025s][debug][safepoint     ] Safepoint synchronization initiated. (173 threads)
[2023-10-19T09:53:17.762+0000][4358.026s][info ][safepoint     ] Application time: 1.0015372 seconds
[2023-10-19T09:53:17.763+0000][4358.027s][info ][safepoint     ] Entering safepoint region: Cleanup
[2023-10-19T09:53:17.765+0000][4358.029s][info ][safepoint     ] Leaving safepoint region
[2023-10-19T09:53:17.766+0000][4358.029s][info ][safepoint     ] Total time for which application threads were stopped: 0.0024373 seconds, Stopping threads took: 0.0012336 seconds
[2023-10-19T09:53:18.767+0000][4359.031s][debug][safepoint     ] Safepoint synchronization initiated. (173 threads)
[2023-10-19T09:53:18.768+0000][4359.032s][info ][safepoint     ] Application time: 1.0016094 seconds
[2023-10-19T09:53:18.769+0000][4359.033s][info ][safepoint     ] Entering safepoint region: Cleanup
[2023-10-19T09:53:18.771+0000][4359.034s][info ][safepoint     ] Leaving safepoint region
[2023-10-19T09:53:18.771+0000][4359.035s][info ][safepoint     ] Total time for which application threads were stopped: 0.0021884 seconds, Stopping threads took: 0.0011187 seconds
[2023-10-19T09:53:19.773+0000][4360.036s][debug][safepoint     ] Safepoint synchronization initiated. (173 threads)
[2023-10-19T09:53:19.774+0000][4360.038s][info ][safepoint     ] Application time: 1.0019584 seconds
[2023-10-19T09:53:19.775+0000][4360.039s][info ][safepoint     ] Entering safepoint region: Cleanup
[2023-10-19T09:53:19.776+0000][4360.040s][info ][safepoint     ] Leaving safepoint region
[2023-10-19T09:53:19.777+0000][4360.041s][info ][safepoint     ] Total time for which application threads were stopped: 0.0021563 seconds, Stopping threads took: 0.0008238 seconds
[2023-10-19T09:53:20.778+0000][4361.042s][debug][safepoint     ] Safepoint synchronization initiated. (173 threads)
[2023-10-19T09:53:20.779+0000][4361.043s][info ][safepoint     ] Application time: 1.0014140 seconds
[2023-10-19T09:53:20.780+0000][4361.044s][info ][safepoint     ] Entering safepoint region: Cleanup
[2023-10-19T09:53:20.782+0000][4361.046s][info ][safepoint     ] Leaving safepoint region
[2023-10-19T09:53:20.782+0000][4361.046s][info ][safepoint     ] Total time for which application threads were stopped: 0.0020463 seconds, Stopping threads took: 0.0009841 seconds
[2023-10-19T09:53:21.783+0000][4362.047s][debug][safepoint     ] Safepoint synchronization initiated. (173 threads)
[2023-10-19T09:53:21.784+0000][4362.048s][info ][safepoint     ] Application time: 1.0004862 seconds
[2023-10-19T09:53:21.784+0000][4362.048s][debug][safepoint     ] ... found polling page loop exception at pc = 0x00007f0de931f889, stub =0x00007f0de0843680
[2023-10-19T09:53:21.785+0000][4362.049s][debug][safepoint     ] Waiting for 1 thread(s) to block
[2023-10-19T09:53:21.785+0000][4362.049s][info ][safepoint     ] Entering safepoint region: Cleanup
[2023-10-19T09:53:21.786+0000][4362.049s][info ][safepoint     ] Leaving safepoint region
[2023-10-19T09:53:21.786+0000][4362.050s][info ][safepoint     ] Total time for which application threads were stopped: 0.0016478 seconds, Stopping threads took: 0.0012032 seconds
[2023-10-19T09:53:22.786+0000][4363.050s][debug][safepoint     ] Safepoint synchronization initiated. (173 threads)
[2023-10-19T09:53:22.787+0000][4363.051s][info ][safepoint     ] Application time: 1.0005538 seconds
[2023-10-19T09:53:22.787+0000][4363.051s][info ][safepoint     ] Entering safepoint region: Cleanup
[2023-10-19T09:53:22.788+0000][4363.051s][info ][safepoint     ] Leaving safepoint region
[2023-10-19T09:53:22.788+0000][4363.052s][info ][safepoint     ] Total time for which application threads were stopped: 0.0008764 seconds, Stopping threads took: 0.0003615 seconds
[2023-10-19T09:53:23.788+0000][4364.052s][debug][safepoint     ] Safepoint synchronization initiated. (173 threads)
[2023-10-19T09:53:23.789+0000][4364.053s][info ][safepoint     ] Application time: 1.0005252 seconds
[2023-10-19T09:53:23.789+0000][4364.053s][info ][safepoint     ] Entering safepoint region: Cleanup
[2023-10-19T09:53:23.789+0000][4364.053s][info ][safepoint     ] Leaving safepoint region
[2023-10-19T09:53:23.790+0000][4364.054s][info ][safepoint     ] Total time for which application threads were stopped: 0.0007221 seconds, Stopping threads took: 0.0002961 seconds
[2023-10-19T09:53:24.790+0000][4365.054s][debug][safepoint     ] Safepoint synchronization initiated. (173 threads)
[2023-10-19T09:53:24.791+0000][4365.055s][info ][safepoint     ] Application time: 1.0007914 seconds
[2023-10-19T09:53:24.791+0000][4365.055s][info ][safepoint     ] Entering safepoint region: Cleanup
[2023-10-19T09:53:24.792+0000][4365.056s][info ][safepoint     ] Leaving safepoint region
[2023-10-19T09:53:24.792+0000][4365.056s][info ][safepoint     ] Total time for which application threads were stopped: 0.0009527 seconds, Stopping threads took: 0.0004425 seconds
[2023-10-19T09:53:25.793+0000][4366.057s][debug][safepoint     ] Safepoint synchronization initiated. (173 threads)
[2023-10-19T09:53:25.794+0000][4366.058s][info ][safepoint     ] Application time: 1.0012666 seconds
[2023-10-19T09:53:25.795+0000][4366.059s][info ][safepoint     ] Entering safepoint region: Cleanup
[2023-10-19T09:53:25.796+0000][4366.060s][info ][safepoint     ] Leaving safepoint region
[2023-10-19T09:53:25.796+0000][4366.060s][info ][safepoint     ] Total time for which application threads were stopped: 0.0015751 seconds, Stopping threads took: 0.0007781 seconds
[2023-10-19T09:53:26.797+0000][4367.061s][debug][safepoint     ] Safepoint synchronization initiated. (173 threads)
[2023-10-19T09:53:26.801+0000][4367.065s][info ][safepoint     ] Application time: 1.0039881 seconds
[2023-10-19T09:53:26.808+0000][4367.072s][info ][safepoint     ] Entering safepoint region: Cleanup
[2023-10-19T09:53:26.813+0000][4367.077s][info ][safepoint     ] Leaving safepoint region
[2023-10-19T09:53:26.814+0000][4367.078s][info ][safepoint     ] Total time for which application threads were stopped: 0.0064603 seconds, Stopping threads took: 0.0046393 seconds
[2023-10-19T09:53:27.817+0000][4368.081s][debug][safepoint     ] Safepoint synchronization initiated. (173 threads)
[2023-10-19T09:53:27.818+0000][4368.082s][info ][safepoint     ] Application time: 1.0011695 seconds
[2023-10-19T09:53:27.819+0000][4368.083s][info ][safepoint     ] Entering safepoint region: Cleanup
[2023-10-19T09:53:27.820+0000][4368.084s][info ][safepoint     ] Leaving safepoint region
[2023-10-19T09:53:27.821+0000][4368.084s][info ][safepoint     ] Total time for which application threads were stopped: 0.0019096 seconds, Stopping threads took: 0.0007772 seconds
[2023-10-19T09:53:28.822+0000][4369.085s][debug][safepoint     ] Safepoint synchronization initiated. (173 threads)
[2023-10-19T09:53:28.822+0000][4369.086s][info ][safepoint     ] Application time: 1.0010356 seconds
[2023-10-19T09:53:28.823+0000][4369.087s][info ][safepoint     ] Entering safepoint region: Cleanup
[2023-10-19T09:53:28.824+0000][4369.088s][info ][safepoint     ] Leaving safepoint region
[2023-10-19T09:53:28.824+0000][4369.088s][info ][safepoint     ] Total time for which application threads were stopped: 0.0013815 seconds, Stopping threads took: 0.0006767 seconds
[2023-10-19T09:53:29.825+0000][4370.089s][debug][safepoint     ] Safepoint synchronization initiated. (173 threads)
[2023-10-19T09:53:29.826+0000][4370.090s][info ][safepoint     ] Application time: 1.0010162 seconds
[2023-10-19T09:53:29.827+0000][4370.091s][info ][safepoint     ] Entering safepoint region: Cleanup
[2023-10-19T09:53:29.827+0000][4370.091s][info ][safepoint     ] Leaving safepoint region
[2023-10-19T09:53:29.828+0000][4370.092s][info ][safepoint     ] Total time for which application threads were stopped: 0.0014346 seconds, Stopping threads took: 0.0006669 seconds
[2023-10-19T09:53:30.829+0000][4371.093s][debug][safepoint     ] Safepoint synchronization initiated. (173 threads)
[2023-10-19T09:53:30.829+0000][4371.093s][info ][safepoint     ] Application time: 1.0009380 seconds
[2023-10-19T09:53:30.830+0000][4371.094s][info ][safepoint     ] Entering safepoint region: Cleanup
[2023-10-19T09:53:30.831+0000][4371.094s][info ][safepoint     ] Leaving safepoint region
[2023-10-19T09:53:30.831+0000][4371.095s][info ][safepoint     ] Total time for which application threads were stopped: 0.0010603 seconds, Stopping threads took: 0.0004983 seconds
[2023-10-19T09:53:31.831+0000][4372.095s][debug][safepoint     ] Safepoint synchronization initiated. (173 threads)
[2023-10-19T09:53:31.832+0000][4372.096s][info ][safepoint     ] Application time: 1.0005409 seconds
[2023-10-19T09:53:31.832+0000][4372.096s][info ][safepoint     ] Entering safepoint region: Cleanup
[2023-10-19T09:53:31.833+0000][4372.097s][info ][safepoint     ] Leaving safepoint region
[2023-10-19T09:53:31.833+0000][4372.097s][info ][safepoint     ] Total time for which application threads were stopped: 0.0008284 seconds, Stopping threads took: 0.0003217 seconds
[2023-10-19T09:53:32.832+0000][4373.097s][debug][safepoint     ] Safepoint synchronization initiated. (173 threads)
[2023-10-19T09:53:32.833+0000][4373.098s][info ][safepoint     ] Application time: 1.0005247 seconds
[2023-10-19T09:53:32.833+0000][4373.098s][info ][safepoint     ] Entering safepoint region: Cleanup
[2023-10-19T09:53:32.834+0000][4373.099s][info ][safepoint     ] Leaving safepoint region
[2023-10-19T09:53:32.834+0000][4373.099s][info ][safepoint     ] Total time for which application threads were stopped: 0.0010738 seconds, Stopping threads took: 0.0004032 seconds
[2023-10-19T09:53:33.835+0000][4374.100s][debug][safepoint     ] Safepoint synchronization initiated. (173 threads)
[2023-10-19T09:53:33.836+0000][4374.101s][info ][safepoint     ] Application time: 1.0017708 seconds
[2023-10-19T09:53:33.837+0000][4374.102s][info ][safepoint     ] Entering safepoint region: Cleanup
[2023-10-19T09:53:33.839+0000][4374.103s][info ][safepoint     ] Leaving safepoint region
[2023-10-19T09:53:33.839+0000][4374.104s][info ][safepoint     ] Total time for which application threads were stopped: 0.0021949 seconds, Stopping threads took: 0.0009825 seconds
[2023-10-19T09:53:34.840+0000][4375.105s][debug][safepoint     ] Safepoint synchronization initiated. (173 threads)
[2023-10-19T09:53:34.841+0000][4375.106s][info ][safepoint     ] Application time: 1.0005415 seconds
[2023-10-19T09:53:34.841+0000][4375.106s][info ][safepoint     ] Entering safepoint region: Cleanup
[2023-10-19T09:53:34.842+0000][4375.106s][info ][safepoint     ] Leaving safepoint region
[2023-10-19T09:53:34.842+0000][4375.107s][info ][safepoint     ] Total time for which application threads were stopped: 0.0009507 seconds, Stopping threads took: 0.0003801 seconds
[2023-10-19T09:53:35.842+0000][4376.107s][debug][safepoint     ] Safepoint synchronization initiated. (173 threads)
[2023-10-19T09:53:35.843+0000][4376.108s][info ][safepoint     ] Application time: 1.0006801 seconds
[2023-10-19T09:53:35.843+0000][4376.108s][info ][safepoint     ] Entering safepoint region: Cleanup
[2023-10-19T09:53:35.844+0000][4376.109s][info ][safepoint     ] Leaving safepoint region
[2023-10-19T09:53:35.844+0000][4376.109s][info ][safepoint     ] Total time for which application threads were stopped: 0.0010144 seconds, Stopping threads took: 0.0004074 seconds
[2023-10-19T09:53:36.845+0000][4377.110s][debug][safepoint     ] Safepoint synchronization initiated. (173 threads)
[2023-10-19T09:53:36.846+0000][4377.111s][info ][safepoint     ] Application time: 1.0009525 seconds
[2023-10-19T09:53:36.846+0000][4377.111s][info ][safepoint     ] Entering safepoint region: Cleanup
[2023-10-19T09:53:36.847+0000][4377.112s][info ][safepoint     ] Leaving safepoint region
[2023-10-19T09:53:36.847+0000][4377.112s][info ][safepoint     ] Total time for which application threads were stopped: 0.0011767 seconds, Stopping threads took: 0.0005034 seconds
[2023-10-19T09:53:37.848+0000][4378.113s][debug][safepoint     ] Safepoint synchronization initiated. (173 threads)
[2023-10-19T09:53:37.849+0000][4378.114s][info ][safepoint     ] Application time: 1.0015109 seconds
[2023-10-19T09:53:37.850+0000][4378.115s][info ][safepoint     ] Entering safepoint region: Cleanup
[2023-10-19T09:53:37.852+0000][4378.116s][info ][safepoint     ] Leaving safepoint region
[2023-10-19T09:53:37.852+0000][4378.117s][info ][safepoint     ] Total time for which application threads were stopped: 0.0019869 seconds, Stopping threads took: 0.0008152 seconds
[2023-10-19T09:53:38.853+0000][4379.118s][debug][safepoint     ] Safepoint synchronization initiated. (173 threads)
[2023-10-19T09:53:38.854+0000][4379.119s][info ][safepoint     ] Application time: 1.0010768 seconds
[2023-10-19T09:53:38.855+0000][4379.120s][info ][safepoint     ] Entering safepoint region: Cleanup
[2023-10-19T09:53:38.856+0000][4379.121s][info ][safepoint     ] Leaving safepoint region
[2023-10-19T09:53:38.856+0000][4379.121s][info ][safepoint     ] Total time for which application threads were stopped: 0.0013436 seconds, Stopping threads took: 0.0006900 seconds
[2023-10-19T09:53:39.857+0000][4380.122s][debug][safepoint     ] Safepoint synchronization initiated. (173 threads)
[2023-10-19T09:53:39.858+0000][4380.123s][info ][safepoint     ] Application time: 1.0012363 seconds
[2023-10-19T09:53:39.859+0000][4380.124s][info ][safepoint     ] Entering safepoint region: Cleanup
[2023-10-19T09:53:39.860+0000][4380.125s][info ][safepoint     ] Leaving safepoint region
[2023-10-19T09:53:39.861+0000][4380.125s][info ][safepoint     ] Total time for which application threads were stopped: 0.0017450 seconds, Stopping threads took: 0.0006104 seconds
[2023-10-19T09:53:40.862+0000][4381.127s][debug][safepoint     ] Safepoint synchronization initiated. (173 threads)
[2023-10-19T09:53:40.862+0000][4381.127s][info ][safepoint     ] Application time: 1.0011475 seconds
[2023-10-19T09:53:40.863+0000][4381.128s][info ][safepoint     ] Entering safepoint region: Cleanup
[2023-10-19T09:53:40.864+0000][4381.128s][info ][safepoint     ] Leaving safepoint region
[2023-10-19T09:53:40.864+0000][4381.129s][info ][safepoint     ] Total time for which application threads were stopped: 0.0011481 seconds, Stopping threads took: 0.0004996 seconds
[2023-10-19T09:53:41.865+0000][4382.130s][debug][safepoint     ] Safepoint synchronization initiated. (173 threads)
[2023-10-19T09:53:41.865+0000][4382.130s][info ][safepoint     ] Application time: 1.0006998 seconds
[2023-10-19T09:53:41.866+0000][4382.131s][info ][safepoint     ] Entering safepoint region: Cleanup
[2023-10-19T09:53:41.866+0000][4382.131s][info ][safepoint     ] Leaving safepoint region
[2023-10-19T09:53:41.867+0000][4382.132s][info ][safepoint     ] Total time for which application threads were stopped: 0.0013022 seconds, Stopping threads took: 0.0005225 seconds
[2023-10-19T09:53:42.868+0000][4383.133s][debug][safepoint     ] Safepoint synchronization initiated. (173 threads)
[2023-10-19T09:53:42.868+0000][4383.133s][info ][safepoint     ] Application time: 1.0007591 seconds
[2023-10-19T09:53:42.869+0000][4383.134s][info ][safepoint     ] Entering safepoint region: Cleanup
[2023-10-19T09:53:42.869+0000][4383.134s][info ][safepoint     ] Leaving safepoint region
[2023-10-19T09:53:42.870+0000][4383.134s][info ][safepoint     ] Total time for which application threads were stopped: 0.0007366 seconds, Stopping threads took: 0.0003138 seconds
[2023-10-19T09:53:43.870+0000][4384.135s][debug][safepoint     ] Safepoint synchronization initiated. (173 threads)
[2023-10-19T09:53:43.871+0000][4384.136s][info ][safepoint     ] Application time: 1.0009269 seconds
[2023-10-19T09:53:43.871+0000][4384.136s][info ][safepoint     ] Entering safepoint region: Cleanup
[2023-10-19T09:53:43.872+0000][4384.137s][info ][safepoint     ] Leaving safepoint region
[2023-10-19T09:53:43.873+0000][4384.137s][info ][safepoint     ] Total time for which application threads were stopped: 0.0011717 seconds, Stopping threads took: 0.0004940 seconds
[2023-10-19T09:53:44.873+0000][4385.138s][debug][safepoint     ] Safepoint synchronization initiated. (173 threads)
[2023-10-19T09:53:44.875+0000][4385.140s][info ][safepoint     ] Application time: 1.0018303 seconds
[2023-10-19T09:53:44.876+0000][4385.141s][info ][safepoint     ] Entering safepoint region: Cleanup
[2023-10-19T09:53:44.878+0000][4385.142s][info ][safepoint     ] Leaving safepoint region
[2023-10-19T09:53:44.878+0000][4385.143s][info ][safepoint     ] Total time for which application threads were stopped: 0.0025756 seconds, Stopping threads took: 0.0012720 seconds
[2023-10-19T09:53:45.879+0000][4386.144s][debug][safepoint     ] Safepoint synchronization initiated. (173 threads)
[2023-10-19T09:53:45.880+0000][4386.145s][info ][safepoint     ] Application time: 1.0006720 seconds
[2023-10-19T09:53:45.880+0000][4386.145s][info ][safepoint     ] Entering safepoint region: Cleanup
[2023-10-19T09:53:45.881+0000][4386.146s][info ][safepoint     ] Leaving safepoint region
[2023-10-19T09:53:45.881+0000][4386.146s][info ][safepoint     ] Total time for which application threads were stopped: 0.0010573 seconds, Stopping threads took: 0.0004393 seconds
[2023-10-19T09:53:46.882+0000][4387.147s][debug][safepoint     ] Safepoint synchronization initiated. (173 threads)
[2023-10-19T09:53:46.883+0000][4387.148s][info ][safepoint     ] Application time: 1.0008942 seconds
[2023-10-19T09:53:46.883+0000][4387.148s][info ][safepoint     ] Entering safepoint region: Cleanup
[2023-10-19T09:53:46.884+0000][4387.149s][info ][safepoint     ] Leaving safepoint region
[2023-10-19T09:53:46.884+0000][4387.149s][info ][safepoint     ] Total time for which application threads were stopped: 0.0013114 seconds, Stopping threads took: 0.0006008 seconds
[2023-10-19T09:53:47.885+0000][4388.150s][debug][safepoint     ] Safepoint synchronization initiated. (173 threads)
[2023-10-19T09:53:47.886+0000][4388.151s][info ][safepoint     ] Application time: 1.0006407 seconds
[2023-10-19T09:53:47.886+0000][4388.151s][info ][safepoint     ] Entering safepoint region: Cleanup
[2023-10-19T09:53:47.887+0000][4388.152s][info ][safepoint     ] Leaving safepoint region
[2023-10-19T09:53:47.887+0000][4388.152s][info ][safepoint     ] Total time for which application threads were stopped: 0.0011508 seconds, Stopping threads took: 0.0004670 seconds
[2023-10-19T09:53:48.888+0000][4389.153s][debug][safepoint     ] Safepoint synchronization initiated. (173 threads)
[2023-10-19T09:53:48.889+0000][4389.154s][info ][safepoint     ] Application time: 1.0010463 seconds
[2023-10-19T09:53:48.889+0000][4389.154s][info ][safepoint     ] Entering safepoint region: Cleanup
[2023-10-19T09:53:48.890+0000][4389.155s][info ][safepoint     ] Leaving safepoint region
[2023-10-19T09:53:48.891+0000][4389.156s][info ][safepoint     ] Total time for which application threads were stopped: 0.0014365 seconds, Stopping threads took: 0.0006191 seconds
[2023-10-19T09:53:49.892+0000][4390.157s][debug][safepoint     ] Safepoint synchronization initiated. (173 threads)
[2023-10-19T09:53:49.893+0000][4390.158s][info ][safepoint     ] Application time: 1.0013827 seconds
[2023-10-19T09:53:49.894+0000][4390.159s][info ][safepoint     ] Entering safepoint region: Cleanup
[2023-10-19T09:53:49.896+0000][4390.161s][info ][safepoint     ] Leaving safepoint region
[2023-10-19T09:53:49.897+0000][4390.162s][info ][safepoint     ] Total time for which application threads were stopped: 0.0032287 seconds, Stopping threads took: 0.0016775 seconds
[2023-10-19T09:53:50.898+0000][4391.163s][debug][safepoint     ] Safepoint synchronization initiated. (173 threads)
[2023-10-19T09:53:50.899+0000][4391.164s][info ][safepoint     ] Application time: 1.0015200 seconds
[2023-10-19T09:53:50.899+0000][4391.164s][info ][safepoint     ] Entering safepoint region: Cleanup
[2023-10-19T09:53:50.900+0000][4391.165s][info ][safepoint     ] Leaving safepoint region
[2023-10-19T09:53:50.901+0000][4391.166s][info ][safepoint     ] Total time for which application threads were stopped: 0.0013320 seconds, Stopping threads took: 0.0005886 seconds
[2023-10-19T09:53:51.901+0000][4392.166s][debug][safepoint     ] Safepoint synchronization initiated. (173 threads)
[2023-10-19T09:53:51.902+0000][4392.167s][info ][safepoint     ] Application time: 1.0007367 seconds
[2023-10-19T09:53:51.903+0000][4392.167s][info ][safepoint     ] Entering safepoint region: Cleanup
[2023-10-19T09:53:51.904+0000][4392.169s][info ][safepoint     ] Leaving safepoint region
[2023-10-19T09:53:51.905+0000][4392.170s][info ][safepoint     ] Total time for which application threads were stopped: 0.0022293 seconds, Stopping threads took: 0.0006832 seconds
[2023-10-19T09:53:52.905+0000][4393.170s][debug][safepoint     ] Safepoint synchronization initiated. (173 threads)
[2023-10-19T09:53:52.906+0000][4393.171s][info ][safepoint     ] Application time: 1.0006630 seconds
[2023-10-19T09:53:52.906+0000][4393.171s][info ][safepoint     ] Entering safepoint region: Cleanup
[2023-10-19T09:53:52.907+0000][4393.172s][info ][safepoint     ] Leaving safepoint region
[2023-10-19T09:53:52.907+0000][4393.172s][info ][safepoint     ] Total time for which application threads were stopped: 0.0010721 seconds, Stopping threads took: 0.0004674 seconds
[2023-10-19T09:53:53.908+0000][4394.173s][debug][safepoint     ] Safepoint synchronization initiated. (173 threads)
[2023-10-19T09:53:53.908+0000][4394.173s][info ][safepoint     ] Application time: 1.0006077 seconds
[2023-10-19T09:53:53.909+0000][4394.174s][info ][safepoint     ] Entering safepoint region: Cleanup
[2023-10-19T09:53:53.909+0000][4394.174s][info ][safepoint     ] Leaving safepoint region
[2023-10-19T09:53:53.910+0000][4394.174s][info ][safepoint     ] Total time for which application threads were stopped: 0.0007658 seconds, Stopping threads took: 0.0003264 seconds
[2023-10-19T09:53:54.910+0000][4395.175s][debug][safepoint     ] Safepoint synchronization initiated. (173 threads)
[2023-10-19T09:53:54.911+0000][4395.176s][info ][safepoint     ] Application time: 1.0008497 seconds
[2023-10-19T09:53:54.911+0000][4395.176s][info ][safepoint     ] Entering safepoint region: Cleanup
[2023-10-19T09:53:54.912+0000][4395.177s][info ][safepoint     ] Leaving safepoint region
[2023-10-19T09:53:54.912+0000][4395.177s][info ][safepoint     ] Total time for which application threads were stopped: 0.0012630 seconds, Stopping threads took: 0.0005645 seconds
[2023-10-19T09:53:55.913+0000][4396.178s][debug][safepoint     ] Safepoint synchronization initiated. (173 threads)
[2023-10-19T09:53:55.914+0000][4396.179s][info ][safepoint     ] Application time: 1.0007267 seconds
[2023-10-19T09:53:55.914+0000][4396.179s][info ][safepoint     ] Entering safepoint region: Cleanup
[2023-10-19T09:53:55.915+0000][4396.180s][info ][safepoint     ] Leaving safepoint region
[2023-10-19T09:53:55.915+0000][4396.180s][info ][safepoint     ] Total time for which application threads were stopped: 0.0010972 seconds, Stopping threads took: 0.0004864 seconds
[2023-10-19T09:53:56.916+0000][4397.181s][debug][safepoint     ] Safepoint synchronization initiated. (173 threads)
[2023-10-19T09:53:56.917+0000][4397.182s][info ][safepoint     ] Application time: 1.0011641 seconds
[2023-10-19T09:53:56.918+0000][4397.183s][info ][safepoint     ] Entering safepoint region: Cleanup
[2023-10-19T09:53:56.919+0000][4397.184s][info ][safepoint     ] Leaving safepoint region
[2023-10-19T09:53:56.919+0000][4397.184s][info ][safepoint     ] Total time for which application threads were stopped: 0.0017871 seconds, Stopping threads took: 0.0008696 seconds
[2023-10-19T09:53:57.920+0000][4398.185s][debug][safepoint     ] Safepoint synchronization initiated. (173 threads)
[2023-10-19T09:53:57.921+0000][4398.186s][info ][safepoint     ] Application time: 1.0012114 seconds
[2023-10-19T09:53:57.922+0000][4398.187s][info ][safepoint     ] Entering safepoint region: Cleanup
[2023-10-19T09:53:57.923+0000][4398.188s][info ][safepoint     ] Leaving safepoint region
[2023-10-19T09:53:57.924+0000][4398.189s][info ][safepoint     ] Total time for which application threads were stopped: 0.0018209 seconds, Stopping threads took: 0.0007493 seconds
[2023-10-19T09:53:58.925+0000][4399.190s][debug][safepoint     ] Safepoint synchronization initiated. (173 threads)
[2023-10-19T09:53:58.925+0000][4399.190s][info ][safepoint     ] Application time: 1.0007481 seconds
[2023-10-19T09:53:58.926+0000][4399.191s][info ][safepoint     ] Entering safepoint region: Cleanup
[2023-10-19T09:53:58.927+0000][4399.191s][info ][safepoint     ] Leaving safepoint region
[2023-10-19T09:53:58.927+0000][4399.192s][info ][safepoint     ] Total time for which application threads were stopped: 0.0009419 seconds, Stopping threads took: 0.0004359 seconds
[2023-10-19T09:53:59.927+0000][4400.192s][debug][safepoint     ] Safepoint synchronization initiated. (173 threads)
[2023-10-19T09:53:59.928+0000][4400.193s][info ][safepoint     ] Application time: 1.0007778 seconds
[2023-10-19T09:53:59.928+0000][4400.193s][info ][safepoint     ] Entering safepoint region: Cleanup
[2023-10-19T09:53:59.929+0000][4400.194s][info ][safepoint     ] Leaving safepoint region
[2023-10-19T09:53:59.930+0000][4400.195s][info ][safepoint     ] Total time for which application threads were stopped: 0.0011900 seconds, Stopping threads took: 0.0005285 seconds
[2023-10-19T09:54:00.930+0000][4401.195s][debug][safepoint     ] Safepoint synchronization initiated. (173 threads)
[2023-10-19T09:54:00.931+0000][4401.196s][info ][safepoint     ] Application time: 1.0009544 seconds
[2023-10-19T09:54:00.932+0000][4401.197s][info ][safepoint     ] Entering safepoint region: Cleanup
[2023-10-19T09:54:00.932+0000][4401.197s][info ][safepoint     ] Leaving safepoint region
[2023-10-19T09:54:00.933+0000][4401.198s][info ][safepoint     ] Total time for which application threads were stopped: 0.0013759 seconds, Stopping threads took: 0.0006541 seconds
[2023-10-19T09:54:01.934+0000][4402.199s][debug][safepoint     ] Safepoint synchronization initiated. (173 threads)
[2023-10-19T09:54:01.934+0000][4402.199s][info ][safepoint     ] Application time: 1.0006494 seconds
[2023-10-19T09:54:01.935+0000][4402.199s][info ][safepoint     ] Entering safepoint region: Cleanup
[2023-10-19T09:54:01.935+0000][4402.200s][info ][safepoint     ] Leaving safepoint region
[2023-10-19T09:54:01.935+0000][4402.200s][info ][safepoint     ] Total time for which application threads were stopped: 0.0008954 seconds, Stopping threads took: 0.0004058 seconds
[2023-10-19T09:54:02.936+0000][4403.201s][debug][safepoint     ] Safepoint synchronization initiated. (173 threads)
[2023-10-19T09:54:02.936+0000][4403.201s][info ][safepoint     ] Application time: 1.0005702 seconds
[2023-10-19T09:54:02.936+0000][4403.202s][info ][safepoint     ] Entering safepoint region: Cleanup
[2023-10-19T09:54:02.937+0000][4403.202s][info ][safepoint     ] Leaving safepoint region
[2023-10-19T09:54:02.937+0000][4403.202s][info ][safepoint     ] Total time for which application threads were stopped: 0.0007888 seconds, Stopping threads took: 0.0003030 seconds
[2023-10-19T09:54:03.938+0000][4404.203s][debug][safepoint     ] Safepoint synchronization initiated. (173 threads)
[2023-10-19T09:54:03.938+0000][4404.203s][info ][safepoint     ] Application time: 1.0005153 seconds
[2023-10-19T09:54:03.938+0000][4404.204s][info ][safepoint     ] Entering safepoint region: Cleanup
[2023-10-19T09:54:03.939+0000][4404.204s][info ][safepoint     ] Leaving safepoint region
[2023-10-19T09:54:03.939+0000][4404.204s][info ][safepoint     ] Total time for which application threads were stopped: 0.0009693 seconds, Stopping threads took: 0.0004757 seconds
[2023-10-19T09:54:04.940+0000][4405.205s][debug][safepoint     ] Safepoint synchronization initiated. (173 threads)
[2023-10-19T09:54:04.941+0000][4405.206s][info ][safepoint     ] Application time: 1.0015075 seconds
[2023-10-19T09:54:04.942+0000][4405.208s][info ][safepoint     ] Entering safepoint region: Cleanup
[2023-10-19T09:54:04.943+0000][4405.209s][info ][safepoint     ] Leaving safepoint region
[2023-10-19T09:54:04.944+0000][4405.210s][info ][safepoint     ] Total time for which application threads were stopped: 0.0020617 seconds, Stopping threads took: 0.0009069 seconds
[2023-10-19T09:54:05.945+0000][4406.211s][debug][safepoint     ] Safepoint synchronization initiated. (173 threads)
[2023-10-19T09:54:05.947+0000][4406.212s][info ][safepoint     ] Application time: 1.0013930 seconds
[2023-10-19T09:54:05.948+0000][4406.213s][info ][safepoint     ] Entering safepoint region: Cleanup
[2023-10-19T09:54:05.949+0000][4406.214s][info ][safepoint     ] Leaving safepoint region
[2023-10-19T09:54:05.950+0000][4406.215s][info ][safepoint     ] Total time for which application threads were stopped: 0.0020922 seconds, Stopping threads took: 0.0009465 seconds
[2023-10-19T09:54:06.951+0000][4407.216s][debug][safepoint     ] Safepoint synchronization initiated. (173 threads)
[2023-10-19T09:54:06.952+0000][4407.217s][info ][safepoint     ] Application time: 1.0012999 seconds
[2023-10-19T09:54:06.953+0000][4407.218s][info ][safepoint     ] Entering safepoint region: Cleanup
[2023-10-19T09:54:06.954+0000][4407.219s][info ][safepoint     ] Leaving safepoint region
[2023-10-19T09:54:06.955+0000][4407.220s][info ][safepoint     ] Total time for which application threads were stopped: 0.0021047 seconds, Stopping threads took: 0.0010011 seconds
[2023-10-19T09:54:07.956+0000][4408.221s][debug][safepoint     ] Safepoint synchronization initiated. (173 threads)
[2023-10-19T09:54:07.957+0000][4408.222s][info ][safepoint     ] Application time: 1.0009849 seconds
[2023-10-19T09:54:07.958+0000][4408.223s][info ][safepoint     ] Entering safepoint region: Cleanup
[2023-10-19T09:54:07.958+0000][4408.224s][info ][safepoint     ] Leaving safepoint region
[2023-10-19T09:54:07.959+0000][4408.224s][info ][safepoint     ] Total time for which application threads were stopped: 0.0013548 seconds, Stopping threads took: 0.0006419 seconds
[2023-10-19T09:54:08.960+0000][4409.225s][debug][safepoint     ] Safepoint synchronization initiated. (173 threads)
[2023-10-19T09:54:08.961+0000][4409.226s][info ][safepoint     ] Application time: 1.0012266 seconds
[2023-10-19T09:54:08.962+0000][4409.227s][info ][safepoint     ] Entering safepoint region: Cleanup
[2023-10-19T09:54:08.963+0000][4409.228s][info ][safepoint     ] Leaving safepoint region
[2023-10-19T09:54:08.963+0000][4409.228s][info ][safepoint     ] Total time for which application threads were stopped: 0.0016165 seconds, Stopping threads took: 0.0007989 seconds
[2023-10-19T09:54:09.964+0000][4410.229s][debug][safepoint     ] Safepoint synchronization initiated. (173 threads)
[2023-10-19T09:54:09.965+0000][4410.230s][info ][safepoint     ] Application time: 1.0013315 seconds
[2023-10-19T09:54:09.966+0000][4410.231s][info ][safepoint     ] Entering safepoint region: Cleanup
[2023-10-19T09:54:09.966+0000][4410.231s][info ][safepoint     ] Leaving safepoint region
[2023-10-19T09:54:09.967+0000][4410.232s][info ][safepoint     ] Total time for which application threads were stopped: 0.0009136 seconds, Stopping threads took: 0.0003599 seconds
[2023-10-19T09:54:10.967+0000][4411.233s][debug][safepoint     ] Safepoint synchronization initiated. (173 threads)
[2023-10-19T09:54:10.968+0000][4411.233s][info ][safepoint     ] Application time: 1.0011849 seconds
[2023-10-19T09:54:10.969+0000][4411.234s][info ][safepoint     ] Entering safepoint region: Cleanup
[2023-10-19T09:54:10.970+0000][4411.235s][info ][safepoint     ] Leaving safepoint region
[2023-10-19T09:54:10.971+0000][4411.236s][info ][safepoint     ] Total time for which application threads were stopped: 0.0016730 seconds, Stopping threads took: 0.0007664 seconds
[2023-10-19T09:54:11.972+0000][4412.237s][debug][safepoint     ] Safepoint synchronization initiated. (173 threads)
[2023-10-19T09:54:11.973+0000][4412.238s][info ][safepoint     ] Application time: 1.0013074 seconds
[2023-10-19T09:54:11.974+0000][4412.239s][info ][safepoint     ] Entering safepoint region: Cleanup
[2023-10-19T09:54:11.975+0000][4412.240s][info ][safepoint     ] Leaving safepoint region
[2023-10-19T09:54:11.976+0000][4412.241s][info ][safepoint     ] Total time for which application threads were stopped: 0.0024132 seconds, Stopping threads took: 0.0011031 seconds
[2023-10-19T09:54:12.977+0000][4413.242s][debug][safepoint     ] Safepoint synchronization initiated. (173 threads)
[2023-10-19T09:54:12.978+0000][4413.243s][info ][safepoint     ] Application time: 1.0015178 seconds
[2023-10-19T09:54:12.979+0000][4413.244s][info ][safepoint     ] Entering safepoint region: Cleanup
[2023-10-19T09:54:12.981+0000][4413.246s][info ][safepoint     ] Leaving safepoint region
[2023-10-19T09:54:12.981+0000][4413.247s][info ][safepoint     ] Total time for which application threads were stopped: 0.0021980 seconds, Stopping threads took: 0.0009086 seconds
[2023-10-19T09:54:13.982+0000][4414.247s][debug][safepoint     ] Safepoint synchronization initiated. (173 threads)
[2023-10-19T09:54:13.983+0000][4414.248s][info ][safepoint     ] Application time: 1.0005811 seconds
[2023-10-19T09:54:13.983+0000][4414.248s][info ][safepoint     ] Entering safepoint region: Cleanup
[2023-10-19T09:54:13.984+0000][4414.249s][info ][safepoint     ] Leaving safepoint region
[2023-10-19T09:54:13.984+0000][4414.249s][info ][safepoint     ] Total time for which application threads were stopped: 0.0008916 seconds, Stopping threads took: 0.0003845 seconds
[2023-10-19T09:54:14.985+0000][4415.250s][debug][safepoint     ] Safepoint synchronization initiated. (173 threads)
[2023-10-19T09:54:14.986+0000][4415.251s][info ][safepoint     ] Application time: 1.0014256 seconds
[2023-10-19T09:54:14.987+0000][4415.252s][info ][safepoint     ] Entering safepoint region: Cleanup
[2023-10-19T09:54:14.988+0000][4415.253s][info ][safepoint     ] Leaving safepoint region
[2023-10-19T09:54:14.989+0000][4415.254s][info ][safepoint     ] Total time for which application threads were stopped: 0.0022578 seconds, Stopping threads took: 0.0009367 seconds
[2023-10-19T09:54:15.990+0000][4416.255s][debug][safepoint     ] Safepoint synchronization initiated. (173 threads)
[2023-10-19T09:54:15.991+0000][4416.256s][info ][safepoint     ] Application time: 1.0011464 seconds
[2023-10-19T09:54:15.991+0000][4416.256s][info ][safepoint     ] Entering safepoint region: Cleanup
[2023-10-19T09:54:15.992+0000][4416.257s][info ][safepoint     ] Leaving safepoint region
[2023-10-19T09:54:15.993+0000][4416.258s][info ][safepoint     ] Total time for which application threads were stopped: 0.0012595 seconds, Stopping threads took: 0.0005349 seconds
[2023-10-19T09:54:16.994+0000][4417.259s][debug][safepoint     ] Safepoint synchronization initiated. (173 threads)
[2023-10-19T09:54:16.995+0000][4417.260s][info ][safepoint     ] Application time: 1.0017282 seconds
[2023-10-19T09:54:16.996+0000][4417.261s][info ][safepoint     ] Entering safepoint region: Cleanup
[2023-10-19T09:54:16.997+0000][4417.262s][info ][safepoint     ] Leaving safepoint region
[2023-10-19T09:54:16.998+0000][4417.263s][info ][safepoint     ] Total time for which application threads were stopped: 0.0024330 seconds, Stopping threads took: 0.0009482 seconds
[2023-10-19T09:54:17.999+0000][4418.264s][debug][safepoint     ] Safepoint synchronization initiated. (173 threads)
[2023-10-19T09:54:18.000+0000][4418.265s][info ][safepoint     ] Application time: 1.0008488 seconds
[2023-10-19T09:54:18.001+0000][4418.266s][info ][safepoint     ] Entering safepoint region: Cleanup
[2023-10-19T09:54:18.001+0000][4418.267s][info ][safepoint     ] Leaving safepoint region
[2023-10-19T09:54:18.002+0000][4418.267s][info ][safepoint     ] Total time for which application threads were stopped: 0.0013074 seconds, Stopping threads took: 0.0005767 seconds
[2023-10-19T09:54:19.003+0000][4419.268s][debug][safepoint     ] Safepoint synchronization initiated. (173 threads)
[2023-10-19T09:54:19.003+0000][4419.268s][info ][safepoint     ] Application time: 1.0010252 seconds
[2023-10-19T09:54:19.004+0000][4419.269s][info ][safepoint     ] Entering safepoint region: Cleanup
[2023-10-19T09:54:19.005+0000][4419.270s][info ][safepoint     ] Leaving safepoint region
[2023-10-19T09:54:19.005+0000][4419.270s][info ][safepoint     ] Total time for which application threads were stopped: 0.0011361 seconds, Stopping threads took: 0.0005688 seconds
[2023-10-19T09:54:20.005+0000][4420.271s][debug][safepoint     ] Safepoint synchronization initiated. (173 threads)
[2023-10-19T09:54:20.007+0000][4420.272s][info ][safepoint     ] Application time: 1.0012310 seconds
[2023-10-19T09:54:20.007+0000][4420.273s][info ][safepoint     ] Entering safepoint region: Cleanup
[2023-10-19T09:54:20.009+0000][4420.274s][info ][safepoint     ] Leaving safepoint region
[2023-10-19T09:54:20.009+0000][4420.275s][info ][safepoint     ] Total time for which application threads were stopped: 0.0020375 seconds, Stopping threads took: 0.0009708 seconds
[2023-10-19T09:54:21.010+0000][4421.276s][debug][safepoint     ] Safepoint synchronization initiated. (173 threads)
[2023-10-19T09:54:21.012+0000][4421.277s][info ][safepoint     ] Application time: 1.0015784 seconds
[2023-10-19T09:54:21.012+0000][4421.278s][debug][safepoint     ] ... found polling page return exception at pc = 0x00007f0de93a8b5a, stub =0x00007f0de0840600
[2023-10-19T09:54:21.013+0000][4421.278s][debug][safepoint     ] Waiting for 2 thread(s) to block
[2023-10-19T09:54:21.014+0000][4421.279s][info ][safepoint     ] Entering safepoint region: Cleanup
[2023-10-19T09:54:21.015+0000][4421.280s][info ][safepoint     ] Leaving safepoint region
[2023-10-19T09:54:21.016+0000][4421.281s][info ][safepoint     ] Total time for which application threads were stopped: 0.0032120 seconds, Stopping threads took: 0.0023833 seconds
[2023-10-19T09:54:22.016+0000][4422.281s][debug][safepoint     ] Safepoint synchronization initiated. (173 threads)
[2023-10-19T09:54:22.017+0000][4422.282s][info ][safepoint     ] Application time: 1.0007258 seconds
[2023-10-19T09:54:22.017+0000][4422.283s][info ][safepoint     ] Entering safepoint region: Cleanup
[2023-10-19T09:54:22.018+0000][4422.283s][info ][safepoint     ] Leaving safepoint region
[2023-10-19T09:54:22.019+0000][4422.284s][info ][safepoint     ] Total time for which application threads were stopped: 0.0012081 seconds, Stopping threads took: 0.0004942 seconds
[2023-10-19T09:54:23.019+0000][4423.284s][debug][safepoint     ] Safepoint synchronization initiated. (173 threads)
[2023-10-19T09:54:23.020+0000][4423.285s][info ][safepoint     ] Application time: 1.0005271 seconds
[2023-10-19T09:54:23.020+0000][4423.285s][info ][safepoint     ] Entering safepoint region: Cleanup
[2023-10-19T09:54:23.020+0000][4423.286s][info ][safepoint     ] Leaving safepoint region
[2023-10-19T09:54:23.021+0000][4423.286s][info ][safepoint     ] Total time for which application threads were stopped: 0.0007612 seconds, Stopping threads took: 0.0003209 seconds
[2023-10-19T09:54:24.021+0000][4424.286s][debug][safepoint     ] Safepoint synchronization initiated. (173 threads)
[2023-10-19T09:54:24.022+0000][4424.287s][info ][safepoint     ] Application time: 1.0007263 seconds
[2023-10-19T09:54:24.022+0000][4424.287s][info ][safepoint     ] Entering safepoint region: Cleanup
[2023-10-19T09:54:24.023+0000][4424.288s][info ][safepoint     ] Leaving safepoint region
[2023-10-19T09:54:24.023+0000][4424.288s][info ][safepoint     ] Total time for which application threads were stopped: 0.0009262 seconds, Stopping threads took: 0.0003580 seconds
[2023-10-19T09:54:25.024+0000][4425.289s][debug][safepoint     ] Safepoint synchronization initiated. (173 threads)
[2023-10-19T09:54:25.024+0000][4425.289s][info ][safepoint     ] Application time: 1.0007118 seconds
[2023-10-19T09:54:25.025+0000][4425.290s][info ][safepoint     ] Entering safepoint region: Cleanup
[2023-10-19T09:54:25.025+0000][4425.290s][info ][safepoint     ] Leaving safepoint region
[2023-10-19T09:54:25.026+0000][4425.291s][info ][safepoint     ] Total time for which application threads were stopped: 0.0011153 seconds, Stopping threads took: 0.0004315 seconds
[2023-10-19T09:54:26.026+0000][4426.291s][debug][safepoint     ] Safepoint synchronization initiated. (173 threads)
[2023-10-19T09:54:26.027+0000][4426.292s][info ][safepoint     ] Application time: 1.0006006 seconds
[2023-10-19T09:54:26.027+0000][4426.292s][info ][safepoint     ] Entering safepoint region: Cleanup
[2023-10-19T09:54:26.028+0000][4426.293s][info ][safepoint     ] Leaving safepoint region
[2023-10-19T09:54:26.028+0000][4426.293s][info ][safepoint     ] Total time for which application threads were stopped: 0.0008964 seconds, Stopping threads took: 0.0003633 seconds
[2023-10-19T09:54:27.028+0000][4427.294s][debug][safepoint     ] Safepoint synchronization initiated. (173 threads)
[2023-10-19T09:54:27.029+0000][4427.295s][info ][safepoint     ] Application time: 1.0011637 seconds
[2023-10-19T09:54:27.030+0000][4427.295s][info ][safepoint     ] Entering safepoint region: Cleanup
[2023-10-19T09:54:27.031+0000][4427.296s][info ][safepoint     ] Leaving safepoint region
[2023-10-19T09:54:27.032+0000][4427.297s][info ][safepoint     ] Total time for which application threads were stopped: 0.0015458 seconds, Stopping threads took: 0.0006894 seconds
[2023-10-19T09:54:28.032+0000][4428.298s][debug][safepoint     ] Safepoint synchronization initiated. (173 threads)
[2023-10-19T09:54:28.033+0000][4428.298s][info ][safepoint     ] Application time: 1.0007350 seconds
[2023-10-19T09:54:28.033+0000][4428.299s][info ][safepoint     ] Entering safepoint region: Cleanup
[2023-10-19T09:54:28.034+0000][4428.299s][info ][safepoint     ] Leaving safepoint region
[2023-10-19T09:54:28.034+0000][4428.300s][info ][safepoint     ] Total time for which application threads were stopped: 0.0009999 seconds, Stopping threads took: 0.0004080 seconds
[2023-10-19T09:54:29.035+0000][4429.300s][debug][safepoint     ] Safepoint synchronization initiated. (173 threads)
[2023-10-19T09:54:29.036+0000][4429.301s][info ][safepoint     ] Application time: 1.0007635 seconds
[2023-10-19T09:54:29.036+0000][4429.301s][info ][safepoint     ] Entering safepoint region: Cleanup
[2023-10-19T09:54:29.037+0000][4429.302s][info ][safepoint     ] Leaving safepoint region
[2023-10-19T09:54:29.037+0000][4429.302s][info ][safepoint     ] Total time for which application threads were stopped: 0.0012098 seconds, Stopping threads took: 0.0004559 seconds
[2023-10-19T09:54:30.038+0000][4430.303s][debug][safepoint     ] Safepoint synchronization initiated. (173 threads)
[2023-10-19T09:54:30.038+0000][4430.304s][info ][safepoint     ] Application time: 1.0008829 seconds
[2023-10-19T09:54:30.039+0000][4430.304s][info ][safepoint     ] Entering safepoint region: Cleanup
[2023-10-19T09:54:30.040+0000][4430.305s][info ][safepoint     ] Leaving safepoint region
[2023-10-19T09:54:30.040+0000][4430.305s][info ][safepoint     ] Total time for which application threads were stopped: 0.0012993 seconds, Stopping threads took: 0.0005669 seconds
[2023-10-19T09:54:31.041+0000][4431.306s][debug][safepoint     ] Safepoint synchronization initiated. (173 threads)
[2023-10-19T09:54:31.042+0000][4431.307s][info ][safepoint     ] Application time: 1.0008465 seconds
[2023-10-19T09:54:31.042+0000][4431.307s][info ][safepoint     ] Entering safepoint region: Cleanup
[2023-10-19T09:54:31.043+0000][4431.308s][info ][safepoint     ] Leaving safepoint region
[2023-10-19T09:54:31.043+0000][4431.309s][info ][safepoint     ] Total time for which application threads were stopped: 0.0012557 seconds, Stopping threads took: 0.0005228 seconds
[2023-10-19T09:54:32.044+0000][4432.309s][debug][safepoint     ] Safepoint synchronization initiated. (173 threads)
[2023-10-19T09:54:32.044+0000][4432.310s][info ][safepoint     ] Application time: 1.0006270 seconds
[2023-10-19T09:54:32.045+0000][4432.310s][info ][safepoint     ] Entering safepoint region: Cleanup
[2023-10-19T09:54:32.045+0000][4432.311s][info ][safepoint     ] Leaving safepoint region
[2023-10-19T09:54:32.046+0000][4432.311s][info ][safepoint     ] Total time for which application threads were stopped: 0.0009779 seconds, Stopping threads took: 0.0004330 seconds
[2023-10-19T09:54:33.046+0000][4433.311s][debug][safepoint     ] Safepoint synchronization initiated. (173 threads)
[2023-10-19T09:54:33.047+0000][4433.312s][info ][safepoint     ] Application time: 1.0006383 seconds
[2023-10-19T09:54:33.047+0000][4433.312s][info ][safepoint     ] Entering safepoint region: Cleanup
[2023-10-19T09:54:33.047+0000][4433.313s][info ][safepoint     ] Leaving safepoint region
[2023-10-19T09:54:33.048+0000][4433.313s][info ][safepoint     ] Total time for which application threads were stopped: 0.0008650 seconds, Stopping threads took: 0.0003651 seconds
[2023-10-19T09:54:34.048+0000][4434.314s][debug][safepoint     ] Safepoint synchronization initiated. (173 threads)
[2023-10-19T09:54:34.049+0000][4434.314s][info ][safepoint     ] Application time: 1.0005897 seconds
[2023-10-19T09:54:34.049+0000][4434.314s][info ][safepoint     ] Entering safepoint region: Cleanup
[2023-10-19T09:54:34.049+0000][4434.315s][info ][safepoint     ] Leaving safepoint region
[2023-10-19T09:54:34.050+0000][4434.315s][info ][safepoint     ] Total time for which application threads were stopped: 0.0007568 seconds, Stopping threads took: 0.0003173 seconds
[2023-10-19T09:54:35.050+0000][4435.316s][debug][safepoint     ] Safepoint synchronization initiated. (173 threads)
[2023-10-19T09:54:35.051+0000][4435.316s][info ][safepoint     ] Application time: 1.0010749 seconds
[2023-10-19T09:54:35.052+0000][4435.317s][info ][safepoint     ] Entering safepoint region: Cleanup
[2023-10-19T09:54:35.053+0000][4435.318s][info ][safepoint     ] Leaving safepoint region
[2023-10-19T09:54:35.053+0000][4435.319s][info ][safepoint     ] Total time for which application threads were stopped: 0.0015508 seconds, Stopping threads took: 0.0007447 seconds
[2023-10-19T09:54:36.054+0000][4436.319s][debug][safepoint     ] Safepoint synchronization initiated. (173 threads)
[2023-10-19T09:54:36.056+0000][4436.321s][info ][safepoint     ] Application time: 1.0014911 seconds
[2023-10-19T09:54:36.057+0000][4436.322s][info ][safepoint     ] Entering safepoint region: Cleanup
[2023-10-19T09:54:36.058+0000][4436.323s][info ][safepoint     ] Leaving safepoint region
[2023-10-19T09:54:36.059+0000][4436.324s][info ][safepoint     ] Total time for which application threads were stopped: 0.0020811 seconds, Stopping threads took: 0.0009776 seconds
[2023-10-19T09:54:37.059+0000][4437.325s][debug][safepoint     ] Safepoint synchronization initiated. (173 threads)
[2023-10-19T09:54:37.060+0000][4437.326s][info ][safepoint     ] Application time: 1.0011439 seconds
[2023-10-19T09:54:37.061+0000][4437.326s][info ][safepoint     ] Entering safepoint region: Cleanup
[2023-10-19T09:54:37.062+0000][4437.327s][info ][safepoint     ] Leaving safepoint region
[2023-10-19T09:54:37.063+0000][4437.328s][info ][safepoint     ] Total time for which application threads were stopped: 0.0017132 seconds, Stopping threads took: 0.0007178 seconds
[2023-10-19T09:54:38.064+0000][4438.329s][debug][safepoint     ] Safepoint synchronization initiated. (173 threads)
[2023-10-19T09:54:38.064+0000][4438.330s][info ][safepoint     ] Application time: 1.0009822 seconds
[2023-10-19T09:54:38.065+0000][4438.330s][info ][safepoint     ] Entering safepoint region: Cleanup
[2023-10-19T09:54:38.066+0000][4438.331s][info ][safepoint     ] Leaving safepoint region
[2023-10-19T09:54:38.066+0000][4438.332s][info ][safepoint     ] Total time for which application threads were stopped: 0.0012166 seconds, Stopping threads took: 0.0004483 seconds
[2023-10-19T09:54:39.067+0000][4439.332s][debug][safepoint     ] Safepoint synchronization initiated. (173 threads)
[2023-10-19T09:54:39.068+0000][4439.333s][info ][safepoint     ] Application time: 1.0013439 seconds
[2023-10-19T09:54:39.069+0000][4439.334s][info ][safepoint     ] Entering safepoint region: Cleanup
[2023-10-19T09:54:39.070+0000][4439.336s][info ][safepoint     ] Leaving safepoint region
[2023-10-19T09:54:39.071+0000][4439.336s][info ][safepoint     ] Total time for which application threads were stopped: 0.0020757 seconds, Stopping threads took: 0.0010035 seconds
[2023-10-19T09:54:40.072+0000][4440.337s][debug][safepoint     ] Safepoint synchronization initiated. (173 threads)
[2023-10-19T09:54:40.073+0000][4440.338s][info ][safepoint     ] Application time: 1.0009106 seconds
[2023-10-19T09:54:40.073+0000][4440.338s][info ][safepoint     ] Entering safepoint region: Cleanup
[2023-10-19T09:54:40.074+0000][4440.339s][info ][safepoint     ] Leaving safepoint region
[2023-10-19T09:54:40.074+0000][4440.340s][info ][safepoint     ] Total time for which application threads were stopped: 0.0011175 seconds, Stopping threads took: 0.0004877 seconds
[2023-10-19T09:54:41.075+0000][4441.340s][debug][safepoint     ] Safepoint synchronization initiated. (173 threads)
[2023-10-19T09:54:41.075+0000][4441.341s][info ][safepoint     ] Application time: 1.0007837 seconds
[2023-10-19T09:54:41.076+0000][4441.341s][info ][safepoint     ] Entering safepoint region: Cleanup
[2023-10-19T09:54:41.077+0000][4441.342s][info ][safepoint     ] Leaving safepoint region
[2023-10-19T09:54:41.077+0000][4441.343s][info ][safepoint     ] Total time for which application threads were stopped: 0.0012577 seconds, Stopping threads took: 0.0004671 seconds
[2023-10-19T09:54:42.078+0000][4442.343s][debug][safepoint     ] Safepoint synchronization initiated. (173 threads)
[2023-10-19T09:54:42.078+0000][4442.344s][info ][safepoint     ] Application time: 1.0007646 seconds
[2023-10-19T09:54:42.079+0000][4442.344s][info ][safepoint     ] Entering safepoint region: Cleanup
[2023-10-19T09:54:42.079+0000][4442.345s][info ][safepoint     ] Leaving safepoint region
[2023-10-19T09:54:42.080+0000][4442.345s][info ][safepoint     ] Total time for which application threads were stopped: 0.0010470 seconds, Stopping threads took: 0.0004037 seconds
[2023-10-19T09:54:43.081+0000][4443.346s][debug][safepoint     ] Safepoint synchronization initiated. (173 threads)
[2023-10-19T09:54:43.081+0000][4443.347s][info ][safepoint     ] Application time: 1.0008175 seconds
[2023-10-19T09:54:43.082+0000][4443.347s][info ][safepoint     ] Entering safepoint region: Cleanup
[2023-10-19T09:54:43.082+0000][4443.348s][info ][safepoint     ] Leaving safepoint region
[2023-10-19T09:54:43.083+0000][4443.348s][info ][safepoint     ] Total time for which application threads were stopped: 0.0012864 seconds, Stopping threads took: 0.0005657 seconds
[2023-10-19T09:54:44.083+0000][4444.349s][debug][safepoint     ] Safepoint synchronization initiated. (173 threads)
[2023-10-19T09:54:44.084+0000][4444.349s][info ][safepoint     ] Application time: 1.0006843 seconds
[2023-10-19T09:54:44.084+0000][4444.350s][info ][safepoint     ] Entering safepoint region: Cleanup
[2023-10-19T09:54:44.085+0000][4444.351s][info ][safepoint     ] Leaving safepoint region
[2023-10-19T09:54:44.086+0000][4444.351s][info ][safepoint     ] Total time for which application threads were stopped: 0.0015684 seconds, Stopping threads took: 0.0006364 seconds
[2023-10-19T09:54:45.087+0000][4445.352s][debug][safepoint     ] Safepoint synchronization initiated. (173 threads)
[2023-10-19T09:54:45.088+0000][4445.353s][info ][safepoint     ] Application time: 1.0015117 seconds
[2023-10-19T09:54:45.088+0000][4445.353s][info ][safepoint     ] Entering safepoint region: Cleanup
[2023-10-19T09:54:45.088+0000][4445.354s][info ][safepoint     ] Leaving safepoint region
[2023-10-19T09:54:45.089+0000][4445.354s][info ][safepoint     ] Total time for which application threads were stopped: 0.0007569 seconds, Stopping threads took: 0.0003165 seconds
[2023-10-19T09:54:46.089+0000][4446.354s][debug][safepoint     ] Safepoint synchronization initiated. (173 threads)
[2023-10-19T09:54:46.090+0000][4446.355s][info ][safepoint     ] Application time: 1.0005661 seconds
[2023-10-19T09:54:46.090+0000][4446.355s][info ][safepoint     ] Entering safepoint region: Cleanup
[2023-10-19T09:54:46.091+0000][4446.356s][info ][safepoint     ] Leaving safepoint region
[2023-10-19T09:54:46.091+0000][4446.356s][info ][safepoint     ] Total time for which application threads were stopped: 0.0008283 seconds, Stopping threads took: 0.0003590 seconds
[2023-10-19T09:54:47.091+0000][4447.357s][debug][safepoint     ] Safepoint synchronization initiated. (173 threads)
[2023-10-19T09:54:47.092+0000][4447.357s][info ][safepoint     ] Application time: 1.0005874 seconds
[2023-10-19T09:54:47.092+0000][4447.357s][info ][safepoint     ] Entering safepoint region: Cleanup
[2023-10-19T09:54:47.092+0000][4447.358s][info ][safepoint     ] Leaving safepoint region
[2023-10-19T09:54:47.093+0000][4447.358s][info ][safepoint     ] Total time for which application threads were stopped: 0.0007584 seconds, Stopping threads took: 0.0002766 seconds
[2023-10-19T09:54:48.093+0000][4448.359s][debug][safepoint     ] Safepoint synchronization initiated. (173 threads)
[2023-10-19T09:54:48.094+0000][4448.359s][info ][safepoint     ] Application time: 1.0011288 seconds
[2023-10-19T09:54:48.095+0000][4448.360s][info ][safepoint     ] Entering safepoint region: Cleanup
[2023-10-19T09:54:48.095+0000][4448.361s][info ][safepoint     ] Leaving safepoint region
[2023-10-19T09:54:48.096+0000][4448.361s][info ][safepoint     ] Total time for which application threads were stopped: 0.0014164 seconds, Stopping threads took: 0.0005351 seconds
[2023-10-19T09:54:49.097+0000][4449.362s][debug][safepoint     ] Safepoint synchronization initiated. (173 threads)
[2023-10-19T09:54:49.098+0000][4449.363s][info ][safepoint     ] Application time: 1.0011478 seconds
[2023-10-19T09:54:49.098+0000][4449.364s][info ][safepoint     ] Entering safepoint region: Cleanup
[2023-10-19T09:54:49.099+0000][4449.365s][info ][safepoint     ] Leaving safepoint region
[2023-10-19T09:54:49.100+0000][4449.365s][info ][safepoint     ] Total time for which application threads were stopped: 0.0017560 seconds, Stopping threads took: 0.0007850 seconds
[2023-10-19T09:54:50.101+0000][4450.366s][debug][safepoint     ] Safepoint synchronization initiated. (173 threads)
[2023-10-19T09:54:50.101+0000][4450.367s][info ][safepoint     ] Application time: 1.0008768 seconds
[2023-10-19T09:54:50.102+0000][4450.367s][info ][safepoint     ] Entering safepoint region: Cleanup
[2023-10-19T09:54:50.103+0000][4450.368s][info ][safepoint     ] Leaving safepoint region
[2023-10-19T09:54:50.103+0000][4450.368s][info ][safepoint     ] Total time for which application threads were stopped: 0.0009783 seconds, Stopping threads took: 0.0004061 seconds
[2023-10-19T09:54:51.103+0000][4451.369s][debug][safepoint     ] Safepoint synchronization initiated. (173 threads)
[2023-10-19T09:54:51.104+0000][4451.369s][info ][safepoint     ] Application time: 1.0006391 seconds
[2023-10-19T09:54:51.104+0000][4451.370s][info ][safepoint     ] Entering safepoint region: Cleanup
[2023-10-19T09:54:51.105+0000][4451.370s][info ][safepoint     ] Leaving safepoint region
[2023-10-19T09:54:51.105+0000][4451.370s][info ][safepoint     ] Total time for which application threads were stopped: 0.0009320 seconds, Stopping threads took: 0.0003660 seconds
[2023-10-19T09:54:52.106+0000][4452.371s][debug][safepoint     ] Safepoint synchronization initiated. (173 threads)
[2023-10-19T09:54:52.106+0000][4452.371s][info ][safepoint     ] Application time: 1.0006788 seconds
[2023-10-19T09:54:52.107+0000][4452.372s][info ][safepoint     ] Entering safepoint region: Cleanup
[2023-10-19T09:54:52.107+0000][4452.373s][info ][safepoint     ] Leaving safepoint region
[2023-10-19T09:54:52.108+0000][4452.373s][info ][safepoint     ] Total time for which application threads were stopped: 0.0012672 seconds, Stopping threads took: 0.0006163 seconds
[2023-10-19T09:54:53.109+0000][4453.374s][debug][safepoint     ] Safepoint synchronization initiated. (173 threads)
[2023-10-19T09:54:53.109+0000][4453.374s][info ][safepoint     ] Application time: 1.0007010 seconds
[2023-10-19T09:54:53.109+0000][4453.375s][info ][safepoint     ] Entering safepoint region: Cleanup
[2023-10-19T09:54:53.110+0000][4453.375s][info ][safepoint     ] Leaving safepoint region
[2023-10-19T09:54:53.110+0000][4453.375s][info ][safepoint     ] Total time for which application threads were stopped: 0.0007932 seconds, Stopping threads took: 0.0003288 seconds
[2023-10-19T09:54:54.111+0000][4454.376s][debug][safepoint     ] Safepoint synchronization initiated. (173 threads)
[2023-10-19T09:54:54.111+0000][4454.376s][info ][safepoint     ] Application time: 1.0006650 seconds
[2023-10-19T09:54:54.112+0000][4454.377s][info ][safepoint     ] Entering safepoint region: Cleanup
[2023-10-19T09:54:54.112+0000][4454.378s][info ][safepoint     ] Leaving safepoint region
[2023-10-19T09:54:54.113+0000][4454.378s][info ][safepoint     ] Total time for which application threads were stopped: 0.0016151 seconds, Stopping threads took: 0.0005402 seconds
[2023-10-19T09:54:55.115+0000][4455.380s][debug][safepoint     ] Safepoint synchronization initiated. (173 threads)
[2023-10-19T09:54:55.116+0000][4455.381s][info ][safepoint     ] Application time: 1.0012693 seconds
[2023-10-19T09:54:55.117+0000][4455.382s][info ][safepoint     ] Entering safepoint region: Cleanup
[2023-10-19T09:54:55.118+0000][4455.383s][info ][safepoint     ] Leaving safepoint region
[2023-10-19T09:54:55.119+0000][4455.384s][info ][safepoint     ] Total time for which application threads were stopped: 0.0020753 seconds, Stopping threads took: 0.0009814 seconds
[2023-10-19T09:54:56.119+0000][4456.385s][debug][safepoint     ] Safepoint synchronization initiated. (173 threads)
[2023-10-19T09:54:56.120+0000][4456.385s][info ][safepoint     ] Application time: 1.0006767 seconds
[2023-10-19T09:54:56.120+0000][4456.386s][info ][safepoint     ] Entering safepoint region: Cleanup
[2023-10-19T09:54:56.121+0000][4456.387s][info ][safepoint     ] Leaving safepoint region
[2023-10-19T09:54:56.122+0000][4456.388s][info ][safepoint     ] Total time for which application threads were stopped: 0.0019764 seconds, Stopping threads took: 0.0006086 seconds
[2023-10-19T09:54:57.123+0000][4457.389s][debug][safepoint     ] Safepoint synchronization initiated. (173 threads)
[2023-10-19T09:54:57.124+0000][4457.389s][info ][safepoint     ] Application time: 1.0008063 seconds
[2023-10-19T09:54:57.124+0000][4457.390s][info ][safepoint     ] Entering safepoint region: Cleanup
[2023-10-19T09:54:57.125+0000][4457.391s][info ][safepoint     ] Leaving safepoint region
[2023-10-19T09:54:57.126+0000][4457.391s][info ][safepoint     ] Total time for which application threads were stopped: 0.0017108 seconds, Stopping threads took: 0.0007598 seconds
[2023-10-19T09:54:58.127+0000][4458.392s][debug][safepoint     ] Safepoint synchronization initiated. (173 threads)
[2023-10-19T09:54:58.128+0000][4458.393s][info ][safepoint     ] Application time: 1.0010338 seconds
[2023-10-19T09:54:58.129+0000][4458.394s][info ][safepoint     ] Entering safepoint region: Cleanup
[2023-10-19T09:54:58.129+0000][4458.395s][info ][safepoint     ] Leaving safepoint region
[2023-10-19T09:54:58.130+0000][4458.395s][info ][safepoint     ] Total time for which application threads were stopped: 0.0014197 seconds, Stopping threads took: 0.0006064 seconds
[2023-10-19T09:54:59.131+0000][4459.396s][debug][safepoint     ] Safepoint synchronization initiated. (173 threads)
[2023-10-19T09:54:59.131+0000][4459.397s][info ][safepoint     ] Application time: 1.0006844 seconds
[2023-10-19T09:54:59.132+0000][4459.397s][info ][safepoint     ] Entering safepoint region: Cleanup
[2023-10-19T09:54:59.133+0000][4459.398s][info ][safepoint     ] Leaving safepoint region
[2023-10-19T09:54:59.133+0000][4459.398s][info ][safepoint     ] Total time for which application threads were stopped: 0.0013739 seconds, Stopping threads took: 0.0006936 seconds
[2023-10-19T09:55:00.134+0000][4460.399s][debug][safepoint     ] Safepoint synchronization initiated. (173 threads)
[2023-10-19T09:55:00.134+0000][4460.400s][info ][safepoint     ] Application time: 1.0008752 seconds
[2023-10-19T09:55:00.135+0000][4460.400s][info ][safepoint     ] Entering safepoint region: Cleanup
[2023-10-19T09:55:00.136+0000][4460.401s][info ][safepoint     ] Leaving safepoint region
[2023-10-19T09:55:00.136+0000][4460.402s][info ][safepoint     ] Total time for which application threads were stopped: 0.0015116 seconds, Stopping threads took: 0.0006197 seconds
[2023-10-19T09:55:01.137+0000][4461.402s][debug][safepoint     ] Safepoint synchronization initiated. (173 threads)
[2023-10-19T09:55:01.137+0000][4461.403s][info ][safepoint     ] Application time: 1.0007165 seconds
[2023-10-19T09:55:01.138+0000][4461.403s][info ][safepoint     ] Entering safepoint region: Cleanup
[2023-10-19T09:55:01.139+0000][4461.404s][info ][safepoint     ] Leaving safepoint region
[2023-10-19T09:55:01.139+0000][4461.405s][info ][safepoint     ] Total time for which application threads were stopped: 0.0012543 seconds, Stopping threads took: 0.0005914 seconds
[2023-10-19T09:55:02.140+0000][4462.405s][debug][safepoint     ] Safepoint synchronization initiated. (173 threads)
[2023-10-19T09:55:02.142+0000][4462.407s][info ][safepoint     ] Application time: 1.0024213 seconds
[2023-10-19T09:55:02.143+0000][4462.408s][info ][safepoint     ] Entering safepoint region: Cleanup
[2023-10-19T09:55:02.144+0000][4462.409s][info ][safepoint     ] Leaving safepoint region
[2023-10-19T09:55:02.144+0000][4462.410s][info ][safepoint     ] Total time for which application threads were stopped: 0.0018654 seconds, Stopping threads took: 0.0012472 seconds
[2023-10-19T09:55:03.145+0000][4463.411s][debug][safepoint     ] Safepoint synchronization initiated. (173 threads)
[2023-10-19T09:55:03.146+0000][4463.412s][info ][safepoint     ] Application time: 1.0013919 seconds
[2023-10-19T09:55:03.147+0000][4463.412s][info ][safepoint     ] Entering safepoint region: Cleanup
[2023-10-19T09:55:03.148+0000][4463.413s][info ][safepoint     ] Leaving safepoint region
[2023-10-19T09:55:03.148+0000][4463.413s][info ][safepoint     ] Total time for which application threads were stopped: 0.0012683 seconds, Stopping threads took: 0.0005037 seconds
[2023-10-19T09:55:04.149+0000][4464.414s][debug][safepoint     ] Safepoint synchronization initiated. (173 threads)
[2023-10-19T09:55:04.150+0000][4464.415s][info ][safepoint     ] Application time: 1.0009413 seconds
[2023-10-19T09:55:04.150+0000][4464.415s][info ][safepoint     ] Entering safepoint region: Cleanup
[2023-10-19T09:55:04.151+0000][4464.416s][info ][safepoint     ] Leaving safepoint region
[2023-10-19T09:55:04.151+0000][4464.416s][info ][safepoint     ] Total time for which application threads were stopped: 0.0011491 seconds, Stopping threads took: 0.0005014 seconds
[2023-10-19T09:55:05.152+0000][4465.417s][debug][safepoint     ] Safepoint synchronization initiated. (173 threads)
[2023-10-19T09:55:05.152+0000][4465.418s][info ][safepoint     ] Application time: 1.0008778 seconds
[2023-10-19T09:55:05.153+0000][4465.418s][info ][safepoint     ] Entering safepoint region: Cleanup
[2023-10-19T09:55:05.154+0000][4465.419s][info ][safepoint     ] Leaving safepoint region
[2023-10-19T09:55:05.154+0000][4465.420s][info ][safepoint     ] Total time for which application threads were stopped: 0.0012504 seconds, Stopping threads took: 0.0005383 seconds
[2023-10-19T09:55:06.155+0000][4466.420s][debug][safepoint     ] Safepoint synchronization initiated. (173 threads)
[2023-10-19T09:55:06.156+0000][4466.421s][info ][safepoint     ] Application time: 1.0008783 seconds
[2023-10-19T09:55:06.156+0000][4466.421s][info ][safepoint     ] Entering safepoint region: Cleanup
[2023-10-19T09:55:06.157+0000][4466.422s][info ][safepoint     ] Leaving safepoint region
[2023-10-19T09:55:06.157+0000][4466.423s][info ][safepoint     ] Total time for which application threads were stopped: 0.0013032 seconds, Stopping threads took: 0.0005509 seconds
[2023-10-19T09:55:07.158+0000][4467.424s][debug][safepoint     ] Safepoint synchronization initiated. (173 threads)
[2023-10-19T09:55:07.159+0000][4467.424s][info ][safepoint     ] Application time: 1.0008634 seconds
[2023-10-19T09:55:07.159+0000][4467.425s][debug][safepoint     ] ... found polling page return exception at pc = 0x00007f0de93a8b5a, stub =0x00007f0de0840600
[2023-10-19T09:55:07.160+0000][4467.425s][debug][safepoint     ] Waiting for 1 thread(s) to block
[2023-10-19T09:55:07.161+0000][4467.426s][info ][safepoint     ] Entering safepoint region: Cleanup
[2023-10-19T09:55:07.161+0000][4467.427s][info ][safepoint     ] Leaving safepoint region
[2023-10-19T09:55:07.162+0000][4467.427s][info ][safepoint     ] Total time for which application threads were stopped: 0.0023352 seconds, Stopping threads took: 0.0016819 seconds
[2023-10-19T09:55:08.162+0000][4468.428s][debug][safepoint     ] Safepoint synchronization initiated. (173 threads)
[2023-10-19T09:55:08.163+0000][4468.428s][info ][safepoint     ] Application time: 1.0008315 seconds
[2023-10-19T09:55:08.164+0000][4468.429s][info ][safepoint     ] Entering safepoint region: Cleanup
[2023-10-19T09:55:08.164+0000][4468.430s][info ][safepoint     ] Leaving safepoint region
[2023-10-19T09:55:08.165+0000][4468.430s][info ][safepoint     ] Total time for which application threads were stopped: 0.0012398 seconds, Stopping threads took: 0.0005424 seconds
[2023-10-19T09:55:09.165+0000][4469.431s][debug][safepoint     ] Safepoint synchronization initiated. (173 threads)
[2023-10-19T09:55:09.175+0000][4469.440s][info ][safepoint     ] Application time: 1.0095362 seconds
[2023-10-19T09:55:09.175+0000][4469.441s][info ][safepoint     ] Entering safepoint region: Cleanup
[2023-10-19T09:55:09.177+0000][4469.442s][info ][safepoint     ] Leaving safepoint region
[2023-10-19T09:55:09.177+0000][4469.442s][info ][safepoint     ] Total time for which application threads were stopped: 0.0018164 seconds, Stopping threads took: 0.0010995 seconds
[2023-10-19T09:55:10.178+0000][4470.443s][debug][safepoint     ] Safepoint synchronization initiated. (173 threads)
[2023-10-19T09:55:10.178+0000][4470.443s][info ][safepoint     ] Application time: 1.0006650 seconds
[2023-10-19T09:55:10.178+0000][4470.444s][info ][safepoint     ] Entering safepoint region: Cleanup
[2023-10-19T09:55:10.179+0000][4470.444s][info ][safepoint     ] Leaving safepoint region
[2023-10-19T09:55:10.179+0000][4470.445s][info ][safepoint     ] Total time for which application threads were stopped: 0.0008663 seconds, Stopping threads took: 0.0003477 seconds
[2023-10-19T09:55:11.180+0000][4471.445s][debug][safepoint     ] Safepoint synchronization initiated. (173 threads)
[2023-10-19T09:55:11.181+0000][4471.446s][info ][safepoint     ] Application time: 1.0013250 seconds
[2023-10-19T09:55:11.181+0000][4471.447s][info ][safepoint     ] Entering safepoint region: Cleanup
[2023-10-19T09:55:11.182+0000][4471.447s][info ][safepoint     ] Leaving safepoint region
[2023-10-19T09:55:11.183+0000][4471.448s][info ][safepoint     ] Total time for which application threads were stopped: 0.0013029 seconds, Stopping threads took: 0.0005344 seconds
[2023-10-19T09:55:12.183+0000][4472.449s][debug][safepoint     ] Safepoint synchronization initiated. (173 threads)
[2023-10-19T09:55:12.184+0000][4472.449s][info ][safepoint     ] Application time: 1.0008830 seconds
[2023-10-19T09:55:12.185+0000][4472.450s][info ][safepoint     ] Entering safepoint region: Cleanup
[2023-10-19T09:55:12.185+0000][4472.451s][info ][safepoint     ] Leaving safepoint region
[2023-10-19T09:55:12.186+0000][4472.451s][info ][safepoint     ] Total time for which application threads were stopped: 0.0013314 seconds, Stopping threads took: 0.0006973 seconds
[2023-10-19T09:55:13.187+0000][4473.452s][debug][safepoint     ] Safepoint synchronization initiated. (173 threads)
[2023-10-19T09:55:13.187+0000][4473.453s][info ][safepoint     ] Application time: 1.0011593 seconds
[2023-10-19T09:55:13.188+0000][4473.453s][info ][safepoint     ] Entering safepoint region: Cleanup
[2023-10-19T09:55:13.189+0000][4473.454s][info ][safepoint     ] Leaving safepoint region
[2023-10-19T09:55:13.189+0000][4473.455s][info ][safepoint     ] Total time for which application threads were stopped: 0.0012305 seconds, Stopping threads took: 0.0005430 seconds
[2023-10-19T09:55:14.190+0000][4474.455s][debug][safepoint     ] Safepoint synchronization initiated. (173 threads)
[2023-10-19T09:55:14.191+0000][4474.456s][info ][safepoint     ] Application time: 1.0011361 seconds
[2023-10-19T09:55:14.192+0000][4474.457s][info ][safepoint     ] Entering safepoint region: Cleanup
[2023-10-19T09:55:14.192+0000][4474.458s][info ][safepoint     ] Leaving safepoint region
[2023-10-19T09:55:14.193+0000][4474.458s][info ][safepoint     ] Total time for which application threads were stopped: 0.0012914 seconds, Stopping threads took: 0.0006270 seconds
[2023-10-19T09:55:15.193+0000][4475.459s][debug][safepoint     ] Safepoint synchronization initiated. (173 threads)
[2023-10-19T09:55:15.194+0000][4475.460s][info ][safepoint     ] Application time: 1.0011461 seconds
[2023-10-19T09:55:15.195+0000][4475.460s][info ][safepoint     ] Entering safepoint region: Cleanup
[2023-10-19T09:55:15.196+0000][4475.461s][info ][safepoint     ] Leaving safepoint region
[2023-10-19T09:55:15.197+0000][4475.462s][info ][safepoint     ] Total time for which application threads were stopped: 0.0014347 seconds, Stopping threads took: 0.0005999 seconds
[2023-10-19T09:55:16.198+0000][4476.463s][debug][safepoint     ] Safepoint synchronization initiated. (173 threads)
[2023-10-19T09:55:16.199+0000][4476.464s][info ][safepoint     ] Application time: 1.0012226 seconds
[2023-10-19T09:55:16.199+0000][4476.465s][info ][safepoint     ] Entering safepoint region: Cleanup
[2023-10-19T09:55:16.200+0000][4476.466s][info ][safepoint     ] Leaving safepoint region
[2023-10-19T09:55:16.201+0000][4476.466s][info ][safepoint     ] Total time for which application threads were stopped: 0.0018703 seconds, Stopping threads took: 0.0008569 seconds
[2023-10-19T09:55:17.202+0000][4477.468s][debug][safepoint     ] Safepoint synchronization initiated. (173 threads)
[2023-10-19T09:55:17.203+0000][4477.468s][info ][safepoint     ] Application time: 1.0011697 seconds
[2023-10-19T09:55:17.204+0000][4477.469s][info ][safepoint     ] Entering safepoint region: Cleanup
[2023-10-19T09:55:17.205+0000][4477.470s][info ][safepoint     ] Leaving safepoint region
[2023-10-19T09:55:17.206+0000][4477.471s][info ][safepoint     ] Total time for which application threads were stopped: 0.0017964 seconds, Stopping threads took: 0.0007256 seconds
[2023-10-19T09:55:18.206+0000][4478.472s][debug][safepoint     ] Safepoint synchronization initiated. (173 threads)
[2023-10-19T09:55:18.207+0000][4478.473s][info ][safepoint     ] Application time: 1.0010002 seconds
[2023-10-19T09:55:18.208+0000][4478.473s][info ][safepoint     ] Entering safepoint region: Cleanup
[2023-10-19T09:55:18.209+0000][4478.474s][info ][safepoint     ] Leaving safepoint region
[2023-10-19T09:55:18.209+0000][4478.475s][info ][safepoint     ] Total time for which application threads were stopped: 0.0013598 seconds, Stopping threads took: 0.0006023 seconds
[2023-10-19T09:55:19.210+0000][4479.475s][debug][safepoint     ] Safepoint synchronization initiated. (173 threads)
[2023-10-19T09:55:19.211+0000][4479.476s][info ][safepoint     ] Application time: 1.0008606 seconds
[2023-10-19T09:55:19.211+0000][4479.477s][info ][safepoint     ] Entering safepoint region: Cleanup
[2023-10-19T09:55:19.213+0000][4479.478s][info ][safepoint     ] Leaving safepoint region
[2023-10-19T09:55:19.213+0000][4479.479s][info ][safepoint     ] Total time for which application threads were stopped: 0.0018582 seconds, Stopping threads took: 0.0008709 seconds
[2023-10-19T09:55:20.214+0000][4480.480s][debug][safepoint     ] Safepoint synchronization initiated. (173 threads)
[2023-10-19T09:55:20.216+0000][4480.481s][info ][safepoint     ] Application time: 1.0017061 seconds
[2023-10-19T09:55:20.217+0000][4480.482s][info ][safepoint     ] Entering safepoint region: Cleanup
[2023-10-19T09:55:20.218+0000][4480.483s][info ][safepoint     ] Leaving safepoint region
[2023-10-19T09:55:20.218+0000][4480.484s][info ][safepoint     ] Total time for which application threads were stopped: 0.0018851 seconds, Stopping threads took: 0.0007482 seconds
[2023-10-19T09:55:21.219+0000][4481.485s][debug][safepoint     ] Safepoint synchronization initiated. (173 threads)
[2023-10-19T09:55:21.221+0000][4481.486s][info ][safepoint     ] Application time: 1.0013138 seconds
[2023-10-19T09:55:21.221+0000][4481.487s][info ][safepoint     ] Entering safepoint region: Cleanup
[2023-10-19T09:55:21.223+0000][4481.488s][info ][safepoint     ] Leaving safepoint region
[2023-10-19T09:55:21.223+0000][4481.488s][info ][safepoint     ] Total time for which application threads were stopped: 0.0017533 seconds, Stopping threads took: 0.0008034 seconds
[2023-10-19T09:55:22.224+0000][4482.489s][debug][safepoint     ] Safepoint synchronization initiated. (173 threads)
[2023-10-19T09:55:22.225+0000][4482.491s][info ][safepoint     ] Application time: 1.0014749 seconds
[2023-10-19T09:55:22.226+0000][4482.492s][info ][safepoint     ] Entering safepoint region: Cleanup
[2023-10-19T09:55:22.227+0000][4482.493s][info ][safepoint     ] Leaving safepoint region
[2023-10-19T09:55:22.228+0000][4482.494s][info ][safepoint     ] Total time for which application threads were stopped: 0.0021392 seconds, Stopping threads took: 0.0009301 seconds
[2023-10-19T09:55:23.229+0000][4483.495s][debug][safepoint     ] Safepoint synchronization initiated. (173 threads)
[2023-10-19T09:55:23.230+0000][4483.496s][info ][safepoint     ] Application time: 1.0011000 seconds
[2023-10-19T09:55:23.231+0000][4483.496s][info ][safepoint     ] Entering safepoint region: Cleanup
[2023-10-19T09:55:23.232+0000][4483.497s][info ][safepoint     ] Leaving safepoint region
[2023-10-19T09:55:23.233+0000][4483.498s][info ][safepoint     ] Total time for which application threads were stopped: 0.0015761 seconds, Stopping threads took: 0.0007208 seconds
[2023-10-19T09:55:24.234+0000][4484.499s][debug][safepoint     ] Safepoint synchronization initiated. (173 threads)
[2023-10-19T09:55:24.234+0000][4484.499s][info ][safepoint     ] Application time: 1.0007766 seconds
[2023-10-19T09:55:24.235+0000][4484.500s][info ][safepoint     ] Entering safepoint region: Cleanup
[2023-10-19T09:55:24.235+0000][4484.501s][info ][safepoint     ] Leaving safepoint region
[2023-10-19T09:55:24.236+0000][4484.501s][info ][safepoint     ] Total time for which application threads were stopped: 0.0011638 seconds, Stopping threads took: 0.0006088 seconds
[2023-10-19T09:55:25.236+0000][4485.501s][debug][safepoint     ] Safepoint synchronization initiated. (173 threads)
[2023-10-19T09:55:25.237+0000][4485.502s][info ][safepoint     ] Application time: 1.0005236 seconds
[2023-10-19T09:55:25.237+0000][4485.502s][info ][safepoint     ] Entering safepoint region: Cleanup
[2023-10-19T09:55:25.237+0000][4485.503s][info ][safepoint     ] Leaving safepoint region
[2023-10-19T09:55:25.238+0000][4485.503s][info ][safepoint     ] Total time for which application threads were stopped: 0.0006876 seconds, Stopping threads took: 0.0002767 seconds
[2023-10-19T09:55:26.238+0000][4486.504s][debug][safepoint     ] Safepoint synchronization initiated. (173 threads)
[2023-10-19T09:55:26.239+0000][4486.504s][info ][safepoint     ] Application time: 1.0013414 seconds
[2023-10-19T09:55:26.240+0000][4486.505s][info ][safepoint     ] Entering safepoint region: Cleanup
[2023-10-19T09:55:26.241+0000][4486.506s][info ][safepoint     ] Leaving safepoint region
[2023-10-19T09:55:26.241+0000][4486.506s][info ][safepoint     ] Total time for which application threads were stopped: 0.0013592 seconds, Stopping threads took: 0.0005971 seconds
[2023-10-19T09:55:27.242+0000][4487.507s][debug][safepoint     ] Safepoint synchronization initiated. (173 threads)
[2023-10-19T09:55:27.242+0000][4487.508s][info ][safepoint     ] Application time: 1.0006081 seconds
[2023-10-19T09:55:27.243+0000][4487.508s][info ][safepoint     ] Entering safepoint region: Cleanup
[2023-10-19T09:55:27.243+0000][4487.508s][info ][safepoint     ] Leaving safepoint region
[2023-10-19T09:55:27.243+0000][4487.509s][info ][safepoint     ] Total time for which application threads were stopped: 0.0009400 seconds, Stopping threads took: 0.0004303 seconds
[2023-10-19T09:55:28.244+0000][4488.509s][debug][safepoint     ] Safepoint synchronization initiated. (173 threads)
[2023-10-19T09:55:28.245+0000][4488.510s][info ][safepoint     ] Application time: 1.0011677 seconds
[2023-10-19T09:55:28.246+0000][4488.511s][info ][safepoint     ] Entering safepoint region: Cleanup
[2023-10-19T09:55:28.246+0000][4488.512s][info ][safepoint     ] Leaving safepoint region
[2023-10-19T09:55:28.247+0000][4488.512s][info ][safepoint     ] Total time for which application threads were stopped: 0.0013873 seconds, Stopping threads took: 0.0005841 seconds
[2023-10-19T09:55:29.248+0000][4489.513s][debug][safepoint     ] Safepoint synchronization initiated. (173 threads)
[2023-10-19T09:55:29.248+0000][4489.514s][info ][safepoint     ] Application time: 1.0007506 seconds
[2023-10-19T09:55:29.249+0000][4489.514s][info ][safepoint     ] Entering safepoint region: Cleanup
[2023-10-19T09:55:29.250+0000][4489.515s][info ][safepoint     ] Leaving safepoint region
[2023-10-19T09:55:29.250+0000][4489.515s][info ][safepoint     ] Total time for which application threads were stopped: 0.0013575 seconds, Stopping threads took: 0.0005801 seconds
[2023-10-19T09:55:30.251+0000][4490.516s][debug][safepoint     ] Safepoint synchronization initiated. (173 threads)
[2023-10-19T09:55:30.252+0000][4490.517s][info ][safepoint     ] Application time: 1.0013234 seconds
[2023-10-19T09:55:30.253+0000][4490.519s][info ][safepoint     ] Entering safepoint region: Cleanup
[2023-10-19T09:55:30.254+0000][4490.520s][info ][safepoint     ] Leaving safepoint region
[2023-10-19T09:55:30.255+0000][4490.520s][info ][safepoint     ] Total time for which application threads were stopped: 0.0017496 seconds, Stopping threads took: 0.0009324 seconds
[2023-10-19T09:55:31.256+0000][4491.521s][debug][safepoint     ] Safepoint synchronization initiated. (173 threads)
[2023-10-19T09:55:31.256+0000][4491.521s][info ][safepoint     ] Application time: 1.0005696 seconds
[2023-10-19T09:55:31.257+0000][4491.522s][info ][safepoint     ] Entering safepoint region: Cleanup
[2023-10-19T09:55:31.257+0000][4491.522s][info ][safepoint     ] Leaving safepoint region
[2023-10-19T09:55:31.257+0000][4491.523s][info ][safepoint     ] Total time for which application threads were stopped: 0.0009653 seconds, Stopping threads took: 0.0004722 seconds
[2023-10-19T09:55:32.258+0000][4492.523s][debug][safepoint     ] Safepoint synchronization initiated. (173 threads)
[2023-10-19T09:55:32.258+0000][4492.524s][info ][safepoint     ] Application time: 1.0005472 seconds
[2023-10-19T09:55:32.259+0000][4492.524s][info ][safepoint     ] Entering safepoint region: Cleanup
[2023-10-19T09:55:32.259+0000][4492.524s][info ][safepoint     ] Leaving safepoint region
[2023-10-19T09:55:32.259+0000][4492.525s][info ][safepoint     ] Total time for which application threads were stopped: 0.0007583 seconds, Stopping threads took: 0.0003195 seconds
[2023-10-19T09:55:33.260+0000][4493.525s][debug][safepoint     ] Safepoint synchronization initiated. (173 threads)
[2023-10-19T09:55:33.260+0000][4493.526s][info ][safepoint     ] Application time: 1.0007939 seconds
[2023-10-19T09:55:33.261+0000][4493.526s][info ][safepoint     ] Entering safepoint region: Cleanup
[2023-10-19T09:55:33.261+0000][4493.527s][info ][safepoint     ] Leaving safepoint region
[2023-10-19T09:55:33.262+0000][4493.527s][info ][safepoint     ] Total time for which application threads were stopped: 0.0008675 seconds, Stopping threads took: 0.0004089 seconds
[2023-10-19T09:55:33.306+0000][4493.571s][debug][safepoint     ] Safepoint synchronization initiated. (173 threads)
[2023-10-19T09:55:33.306+0000][4493.572s][info ][safepoint     ] Application time: 0.0444141 seconds
[2023-10-19T09:55:33.307+0000][4493.572s][info ][safepoint     ] Entering safepoint region: G1CollectForAllocation
[2023-10-19T09:55:33.308+0000][4493.573s][info ][gc,start      ] GC(104) Pause Young (Concurrent Start) (G1 Evacuation Pause)
[2023-10-19T09:55:33.308+0000][4493.574s][info ][gc,task       ] GC(104) Using 8 workers of 8 for evacuation
[2023-10-19T09:55:33.315+0000][4493.581s][info ][gc,phases     ] GC(104)   Pre Evacuate Collection Set: 0.9ms
[2023-10-19T09:55:33.316+0000][4493.581s][info ][gc,phases     ] GC(104)   Evacuate Collection Set: 2.6ms
[2023-10-19T09:55:33.316+0000][4493.582s][info ][gc,phases     ] GC(104)   Post Evacuate Collection Set: 2.5ms
[2023-10-19T09:55:33.317+0000][4493.582s][info ][gc,phases     ] GC(104)   Other: 1.4ms
[2023-10-19T09:55:33.317+0000][4493.583s][info ][gc,heap       ] GC(104) Eden regions: 146->0(147)
[2023-10-19T09:55:33.318+0000][4493.583s][info ][gc,heap       ] GC(104) Survivor regions: 2->2(19)
[2023-10-19T09:55:33.318+0000][4493.583s][info ][gc,heap       ] GC(104) Old regions: 131->131
[2023-10-19T09:55:33.318+0000][4493.584s][info ][gc,heap       ] GC(104) Humongous regions: 25->25
[2023-10-19T09:55:33.319+0000][4493.584s][info ][gc,metaspace  ] GC(104) Metaspace: 160775K(167888K)->160775K(167888K) NonClass: 142198K(146896K)->142198K(146896K) Class: 18577K(20992K)->18577K(20992K)
[2023-10-19T09:55:33.319+0000][4493.584s][info ][gc            ] GC(104) Pause Young (Concurrent Start) (G1 Evacuation Pause) 301M->155M(350M) 11.216ms
[2023-10-19T09:55:33.319+0000][4493.585s][info ][gc,cpu        ] GC(104) User=0.02s Sys=0.01s Real=0.01s
[2023-10-19T09:55:33.320+0000][4493.585s][info ][gc            ] GC(105) Concurrent Cycle
[2023-10-19T09:55:33.320+0000][4493.586s][info ][gc,marking    ] GC(105) Concurrent Clear Claimed Marks
[2023-10-19T09:55:33.320+0000][4493.585s][info ][safepoint     ] Leaving safepoint region
[2023-10-19T09:55:33.321+0000][4493.586s][info ][safepoint     ] Total time for which application threads were stopped: 0.0142789 seconds, Stopping threads took: 0.0007454 seconds
[2023-10-19T09:55:33.321+0000][4493.587s][info ][gc,marking    ] GC(105) Concurrent Clear Claimed Marks 1.052ms
[2023-10-19T09:55:33.322+0000][4493.587s][info ][gc,marking    ] GC(105) Concurrent Scan Root Regions
[2023-10-19T09:55:33.321+0000][4493.587s][info ][gc,stringdedup] Concurrent String Deduplication (4493.587s)
[2023-10-19T09:55:33.323+0000][4493.588s][info ][gc,stringdedup] Concurrent String Deduplication 0.0B->0.0B(0.0B) avg 54.5% (4493.587s, 4493.588s) 1.150ms
[2023-10-19T09:55:33.326+0000][4493.592s][info ][gc,marking    ] GC(105) Concurrent Scan Root Regions 4.568ms
[2023-10-19T09:55:33.327+0000][4493.592s][info ][gc,marking    ] GC(105) Concurrent Mark (4493.592s)
[2023-10-19T09:55:33.327+0000][4493.592s][info ][gc,marking    ] GC(105) Concurrent Mark From Roots
[2023-10-19T09:55:33.328+0000][4493.593s][info ][gc,task       ] GC(105) Using 2 workers of 2 for marking
[2023-10-19T09:55:33.433+0000][4493.699s][info ][gc,marking    ] GC(105) Concurrent Mark From Roots 106.018ms
[2023-10-19T09:55:33.434+0000][4493.699s][info ][gc,marking    ] GC(105) Concurrent Preclean
[2023-10-19T09:55:33.434+0000][4493.700s][info ][gc,marking    ] GC(105) Concurrent Preclean 0.628ms
[2023-10-19T09:55:33.435+0000][4493.700s][info ][gc,marking    ] GC(105) Concurrent Mark (4493.592s, 4493.700s) 107.906ms
[2023-10-19T09:55:33.435+0000][4493.701s][debug][safepoint     ] Safepoint synchronization initiated. (173 threads)
[2023-10-19T09:55:33.436+0000][4493.701s][info ][safepoint     ] Application time: 0.1140735 seconds
[2023-10-19T09:55:33.436+0000][4493.701s][info ][safepoint     ] Entering safepoint region: CGC_Operation
[2023-10-19T09:55:33.437+0000][4493.702s][info ][gc,start      ] GC(105) Pause Remark
[2023-10-19T09:55:33.453+0000][4493.719s][info ][gc,stringtable] GC(105) Cleaned string and symbol table, strings: 69264 processed, 38 removed, symbols: 401715 processed, 5 removed
[2023-10-19T09:55:33.454+0000][4493.720s][info ][gc            ] GC(105) Pause Remark 158M->158M(350M) 17.601ms
[2023-10-19T09:55:33.455+0000][4493.720s][info ][gc,cpu        ] GC(105) User=0.10s Sys=0.01s Real=0.02s
[2023-10-19T09:55:33.455+0000][4493.721s][info ][safepoint     ] Leaving safepoint region
[2023-10-19T09:55:33.456+0000][4493.721s][info ][safepoint     ] Total time for which application threads were stopped: 0.0200011 seconds, Stopping threads took: 0.0004510 seconds
[2023-10-19T09:55:33.456+0000][4493.722s][info ][gc,marking    ] GC(105) Concurrent Rebuild Remembered Sets
[2023-10-19T09:55:33.534+0000][4493.799s][info ][gc,marking    ] GC(105) Concurrent Rebuild Remembered Sets 77.124ms
[2023-10-19T09:55:33.534+0000][4493.799s][debug][safepoint     ] Safepoint synchronization initiated. (173 threads)
[2023-10-19T09:55:33.535+0000][4493.800s][info ][safepoint     ] Application time: 0.0781596 seconds
[2023-10-19T09:55:33.535+0000][4493.800s][info ][safepoint     ] Entering safepoint region: CGC_Operation
[2023-10-19T09:55:33.536+0000][4493.801s][info ][gc,start      ] GC(105) Pause Cleanup
[2023-10-19T09:55:33.536+0000][4493.802s][info ][gc            ] GC(105) Pause Cleanup 158M->158M(350M) 0.730ms
[2023-10-19T09:55:33.537+0000][4493.802s][info ][gc,cpu        ] GC(105) User=0.00s Sys=0.00s Real=0.00s
[2023-10-19T09:55:33.537+0000][4493.803s][info ][safepoint     ] Leaving safepoint region
[2023-10-19T09:55:33.538+0000][4493.803s][info ][safepoint     ] Total time for which application threads were stopped: 0.0029661 seconds, Stopping threads took: 0.0004236 seconds
[2023-10-19T09:55:33.538+0000][4493.804s][info ][gc,marking    ] GC(105) Concurrent Cleanup for Next Mark
[2023-10-19T09:55:33.539+0000][4493.805s][info ][gc,marking    ] GC(105) Concurrent Cleanup for Next Mark 0.862ms
[2023-10-19T09:55:33.540+0000][4493.805s][info ][gc            ] GC(105) Concurrent Cycle 219.745ms
[2023-10-19T09:55:34.539+0000][4494.804s][debug][safepoint     ] Safepoint synchronization initiated. (173 threads)
[2023-10-19T09:55:34.539+0000][4494.805s][info ][safepoint     ] Application time: 1.0008481 seconds
[2023-10-19T09:55:34.540+0000][4494.805s][info ][safepoint     ] Entering safepoint region: Cleanup
[2023-10-19T09:55:34.540+0000][4494.806s][info ][safepoint     ] Leaving safepoint region
[2023-10-19T09:55:34.541+0000][4494.806s][info ][safepoint     ] Total time for which application threads were stopped: 0.0009216 seconds, Stopping threads took: 0.0004001 seconds
[2023-10-19T09:55:34.540+0000][4494.806s][debug][safepoint     ] ... found polling page return exception at pc = 0x00007f0de87cbbc4, stub =0x00007f0de0840600
[2023-10-19T09:55:35.541+0000][4495.807s][debug][safepoint     ] Safepoint synchronization initiated. (173 threads)
[2023-10-19T09:55:35.542+0000][4495.808s][info ][safepoint     ] Application time: 1.0011655 seconds
[2023-10-19T09:55:35.543+0000][4495.808s][info ][safepoint     ] Entering safepoint region: Cleanup
[2023-10-19T09:55:35.544+0000][4495.809s][info ][safepoint     ] Leaving safepoint region
[2023-10-19T09:55:35.544+0000][4495.810s][info ][safepoint     ] Total time for which application threads were stopped: 0.0013934 seconds, Stopping threads took: 0.0007335 seconds
[2023-10-19T09:55:36.545+0000][4496.810s][debug][safepoint     ] Safepoint synchronization initiated. (173 threads)
[2023-10-19T09:55:36.545+0000][4496.811s][info ][safepoint     ] Application time: 1.0004978 seconds
[2023-10-19T09:55:36.546+0000][4496.811s][info ][safepoint     ] Entering safepoint region: Cleanup
[2023-10-19T09:55:36.546+0000][4496.811s][info ][safepoint     ] Leaving safepoint region
[2023-10-19T09:55:36.546+0000][4496.812s][info ][safepoint     ] Total time for which application threads were stopped: 0.0007601 seconds, Stopping threads took: 0.0003341 seconds
[2023-10-19T09:55:37.547+0000][4497.812s][debug][safepoint     ] Safepoint synchronization initiated. (173 threads)
[2023-10-19T09:55:37.547+0000][4497.813s][info ][safepoint     ] Application time: 1.0006049 seconds
[2023-10-19T09:55:37.548+0000][4497.813s][info ][safepoint     ] Entering safepoint region: Cleanup
[2023-10-19T09:55:37.548+0000][4497.813s][info ][safepoint     ] Leaving safepoint region
[2023-10-19T09:55:37.548+0000][4497.814s][info ][safepoint     ] Total time for which application threads were stopped: 0.0009568 seconds, Stopping threads took: 0.0004097 seconds
[2023-10-19T09:55:38.549+0000][4498.814s][debug][safepoint     ] Safepoint synchronization initiated. (173 threads)
[2023-10-19T09:55:38.550+0000][4498.816s][info ][safepoint     ] Application time: 1.0014846 seconds
[2023-10-19T09:55:38.551+0000][4498.817s][info ][safepoint     ] Entering safepoint region: Cleanup
[2023-10-19T09:55:38.552+0000][4498.818s][info ][safepoint     ] Leaving safepoint region
[2023-10-19T09:55:38.553+0000][4498.819s][info ][safepoint     ] Total time for which application threads were stopped: 0.0019694 seconds, Stopping threads took: 0.0008658 seconds
[2023-10-19T09:55:39.554+0000][4499.820s][debug][safepoint     ] Safepoint synchronization initiated. (173 threads)
[2023-10-19T09:55:39.555+0000][4499.821s][info ][safepoint     ] Application time: 1.0015028 seconds
[2023-10-19T09:55:39.557+0000][4499.822s][info ][safepoint     ] Entering safepoint region: Cleanup
[2023-10-19T09:55:39.558+0000][4499.823s][info ][safepoint     ] Leaving safepoint region
[2023-10-19T09:55:39.559+0000][4499.824s][info ][safepoint     ] Total time for which application threads were stopped: 0.0023790 seconds, Stopping threads took: 0.0011509 seconds
[2023-10-19T09:55:40.560+0000][4500.825s][debug][safepoint     ] Safepoint synchronization initiated. (173 threads)
[2023-10-19T09:55:40.561+0000][4500.826s][info ][safepoint     ] Application time: 1.0008598 seconds
[2023-10-19T09:55:40.561+0000][4500.826s][info ][safepoint     ] Entering safepoint region: Cleanup
[2023-10-19T09:55:40.562+0000][4500.827s][info ][safepoint     ] Leaving safepoint region
[2023-10-19T09:55:40.562+0000][4500.827s][info ][safepoint     ] Total time for which application threads were stopped: 0.0011341 seconds, Stopping threads took: 0.0005341 seconds
[2023-10-19T09:55:41.563+0000][4501.828s][debug][safepoint     ] Safepoint synchronization initiated. (173 threads)
[2023-10-19T09:55:41.563+0000][4501.829s][info ][safepoint     ] Application time: 1.0006471 seconds
[2023-10-19T09:55:41.564+0000][4501.829s][info ][safepoint     ] Entering safepoint region: Cleanup
[2023-10-19T09:55:41.564+0000][4501.829s][info ][safepoint     ] Leaving safepoint region
[2023-10-19T09:55:41.564+0000][4501.830s][info ][safepoint     ] Total time for which application threads were stopped: 0.0008171 seconds, Stopping threads took: 0.0003398 seconds
[2023-10-19T09:55:42.565+0000][4502.830s][debug][safepoint     ] Safepoint synchronization initiated. (173 threads)
[2023-10-19T09:55:42.565+0000][4502.831s][info ][safepoint     ] Application time: 1.0006540 seconds
[2023-10-19T09:55:42.566+0000][4502.831s][info ][safepoint     ] Entering safepoint region: Cleanup
[2023-10-19T09:55:42.566+0000][4502.832s][info ][safepoint     ] Leaving safepoint region
[2023-10-19T09:55:42.567+0000][4502.832s][info ][safepoint     ] Total time for which application threads were stopped: 0.0010902 seconds, Stopping threads took: 0.0004644 seconds
[2023-10-19T09:55:43.567+0000][4503.833s][debug][safepoint     ] Safepoint synchronization initiated. (173 threads)
[2023-10-19T09:55:43.568+0000][4503.833s][info ][safepoint     ] Application time: 1.0007181 seconds
[2023-10-19T09:55:43.568+0000][4503.834s][info ][safepoint     ] Entering safepoint region: Cleanup
[2023-10-19T09:55:43.569+0000][4503.834s][info ][safepoint     ] Leaving safepoint region
[2023-10-19T09:55:43.569+0000][4503.835s][info ][safepoint     ] Total time for which application threads were stopped: 0.0009257 seconds, Stopping threads took: 0.0003831 seconds
[2023-10-19T09:55:44.570+0000][4504.835s][debug][safepoint     ] Safepoint synchronization initiated. (173 threads)
[2023-10-19T09:55:44.571+0000][4504.836s][info ][safepoint     ] Application time: 1.0013563 seconds
[2023-10-19T09:55:44.572+0000][4504.837s][info ][safepoint     ] Entering safepoint region: Cleanup
[2023-10-19T09:55:44.573+0000][4504.839s][info ][safepoint     ] Leaving safepoint region
[2023-10-19T09:55:44.574+0000][4504.840s][info ][safepoint     ] Total time for which application threads were stopped: 0.0022638 seconds, Stopping threads took: 0.0009816 seconds
[2023-10-19T09:55:45.575+0000][4505.841s][debug][safepoint     ] Safepoint synchronization initiated. (173 threads)
[2023-10-19T09:55:45.576+0000][4505.841s][info ][safepoint     ] Application time: 1.0008967 seconds
[2023-10-19T09:55:45.577+0000][4505.842s][info ][safepoint     ] Entering safepoint region: Cleanup
[2023-10-19T09:55:45.578+0000][4505.843s][info ][safepoint     ] Leaving safepoint region
[2023-10-19T09:55:45.579+0000][4505.844s][info ][safepoint     ] Total time for which application threads were stopped: 0.0020320 seconds, Stopping threads took: 0.0008836 seconds
[2023-10-19T09:55:46.579+0000][4506.845s][debug][safepoint     ] Safepoint synchronization initiated. (173 threads)
[2023-10-19T09:55:46.580+0000][4506.845s][info ][safepoint     ] Application time: 1.0006836 seconds
[2023-10-19T09:55:46.580+0000][4506.845s][info ][safepoint     ] Entering safepoint region: Cleanup
[2023-10-19T09:55:46.580+0000][4506.846s][info ][safepoint     ] Leaving safepoint region
[2023-10-19T09:55:46.581+0000][4506.846s][info ][safepoint     ] Total time for which application threads were stopped: 0.0007906 seconds, Stopping threads took: 0.0003347 seconds
[2023-10-19T09:55:47.581+0000][4507.846s][debug][safepoint     ] Safepoint synchronization initiated. (173 threads)
[2023-10-19T09:55:47.582+0000][4507.847s][info ][safepoint     ] Application time: 1.0005142 seconds
[2023-10-19T09:55:47.582+0000][4507.847s][info ][safepoint     ] Entering safepoint region: Cleanup
[2023-10-19T09:55:47.582+0000][4507.848s][info ][safepoint     ] Leaving safepoint region
[2023-10-19T09:55:47.583+0000][4507.848s][info ][safepoint     ] Total time for which application threads were stopped: 0.0007982 seconds, Stopping threads took: 0.0003602 seconds
[2023-10-19T09:55:48.583+0000][4508.849s][debug][safepoint     ] Safepoint synchronization initiated. (173 threads)
[2023-10-19T09:55:48.584+0000][4508.849s][info ][safepoint     ] Application time: 1.0006478 seconds
[2023-10-19T09:55:48.584+0000][4508.850s][info ][safepoint     ] Entering safepoint region: Cleanup
[2023-10-19T09:55:48.585+0000][4508.850s][info ][safepoint     ] Leaving safepoint region
[2023-10-19T09:55:48.585+0000][4508.851s][info ][safepoint     ] Total time for which application threads were stopped: 0.0010677 seconds, Stopping threads took: 0.0004280 seconds
[2023-10-19T09:55:49.586+0000][4509.852s][debug][safepoint     ] Safepoint synchronization initiated. (173 threads)
[2023-10-19T09:55:49.588+0000][4509.853s][info ][safepoint     ] Application time: 1.0024872 seconds
[2023-10-19T09:55:49.590+0000][4509.855s][info ][safepoint     ] Entering safepoint region: Cleanup
[2023-10-19T09:55:49.591+0000][4509.856s][info ][safepoint     ] Leaving safepoint region
[2023-10-19T09:55:49.591+0000][4509.856s][info ][safepoint     ] Total time for which application threads were stopped: 0.0017124 seconds, Stopping threads took: 0.0012092 seconds
[2023-10-19T09:55:50.591+0000][4510.857s][debug][safepoint     ] Safepoint synchronization initiated. (173 threads)
[2023-10-19T09:55:50.593+0000][4510.858s][info ][safepoint     ] Application time: 1.0013100 seconds
[2023-10-19T09:55:50.593+0000][4510.859s][info ][safepoint     ] Entering safepoint region: Cleanup
[2023-10-19T09:55:50.594+0000][4510.860s][info ][safepoint     ] Leaving safepoint region
[2023-10-19T09:55:50.595+0000][4510.860s][info ][safepoint     ] Total time for which application threads were stopped: 0.0014584 seconds, Stopping threads took: 0.0008673 seconds
[2023-10-19T09:55:51.595+0000][4511.860s][debug][safepoint     ] Safepoint synchronization initiated. (173 threads)
[2023-10-19T09:55:51.596+0000][4511.861s][info ][safepoint     ] Application time: 1.0006581 seconds
[2023-10-19T09:55:51.596+0000][4511.861s][info ][safepoint     ] Entering safepoint region: Cleanup
[2023-10-19T09:55:51.597+0000][4511.862s][info ][safepoint     ] Leaving safepoint region
[2023-10-19T09:55:51.597+0000][4511.862s][info ][safepoint     ] Total time for which application threads were stopped: 0.0010142 seconds, Stopping threads took: 0.0004556 seconds
[2023-10-19T09:55:52.597+0000][4512.863s][debug][safepoint     ] Safepoint synchronization initiated. (173 threads)
[2023-10-19T09:55:52.598+0000][4512.863s][info ][safepoint     ] Application time: 1.0006671 seconds
[2023-10-19T09:55:52.598+0000][4512.864s][info ][safepoint     ] Entering safepoint region: Cleanup
[2023-10-19T09:55:52.599+0000][4512.864s][info ][safepoint     ] Leaving safepoint region
[2023-10-19T09:55:52.599+0000][4512.865s][info ][safepoint     ] Total time for which application threads were stopped: 0.0008989 seconds, Stopping threads took: 0.0003867 seconds
[2023-10-19T09:55:52.599+0000][4512.864s][debug][safepoint     ] ... found polling page return exception at pc = 0x00007f0de87cbbc4, stub =0x00007f0de0840600
[2023-10-19T09:55:53.600+0000][4513.865s][debug][safepoint     ] Safepoint synchronization initiated. (173 threads)
[2023-10-19T09:55:53.600+0000][4513.866s][info ][safepoint     ] Application time: 1.0006176 seconds
[2023-10-19T09:55:53.601+0000][4513.866s][info ][safepoint     ] Entering safepoint region: Cleanup
[2023-10-19T09:55:53.601+0000][4513.867s][info ][safepoint     ] Leaving safepoint region
[2023-10-19T09:55:53.602+0000][4513.867s][info ][safepoint     ] Total time for which application threads were stopped: 0.0012282 seconds, Stopping threads took: 0.0004182 seconds
[2023-10-19T09:55:54.602+0000][4514.868s][debug][safepoint     ] Safepoint synchronization initiated. (173 threads)
[2023-10-19T09:55:54.603+0000][4514.868s][info ][safepoint     ] Application time: 1.0007467 seconds
[2023-10-19T09:55:54.604+0000][4514.869s][info ][safepoint     ] Entering safepoint region: Cleanup
[2023-10-19T09:55:54.605+0000][4514.870s][info ][safepoint     ] Leaving safepoint region
[2023-10-19T09:55:54.605+0000][4514.871s][info ][safepoint     ] Total time for which application threads were stopped: 0.0015402 seconds, Stopping threads took: 0.0007171 seconds
[2023-10-19T09:55:55.606+0000][4515.871s][debug][safepoint     ] Safepoint synchronization initiated. (173 threads)
[2023-10-19T09:55:55.606+0000][4515.872s][info ][safepoint     ] Application time: 1.0007972 seconds
[2023-10-19T09:55:55.607+0000][4515.872s][info ][safepoint     ] Entering safepoint region: Cleanup
[2023-10-19T09:55:55.608+0000][4515.873s][info ][safepoint     ] Leaving safepoint region
[2023-10-19T09:55:55.608+0000][4515.873s][info ][safepoint     ] Total time for which application threads were stopped: 0.0010441 seconds, Stopping threads took: 0.0005003 seconds
[2023-10-19T09:55:56.608+0000][4516.874s][debug][safepoint     ] Safepoint synchronization initiated. (173 threads)
[2023-10-19T09:55:56.609+0000][4516.874s][info ][safepoint     ] Application time: 1.0005754 seconds
[2023-10-19T09:55:56.609+0000][4516.875s][info ][safepoint     ] Entering safepoint region: Cleanup
[2023-10-19T09:55:56.610+0000][4516.875s][info ][safepoint     ] Leaving safepoint region
[2023-10-19T09:55:56.611+0000][4516.876s][info ][safepoint     ] Total time for which application threads were stopped: 0.0013272 seconds, Stopping threads took: 0.0005485 seconds
[2023-10-19T09:55:57.611+0000][4517.877s][debug][safepoint     ] Safepoint synchronization initiated. (173 threads)
[2023-10-19T09:55:57.612+0000][4517.877s][info ][safepoint     ] Application time: 1.0006853 seconds
[2023-10-19T09:55:57.612+0000][4517.878s][info ][safepoint     ] Entering safepoint region: Cleanup
[2023-10-19T09:55:57.613+0000][4517.878s][info ][safepoint     ] Leaving safepoint region
[2023-10-19T09:55:57.614+0000][4517.879s][info ][safepoint     ] Total time for which application threads were stopped: 0.0012073 seconds, Stopping threads took: 0.0005180 seconds
[2023-10-19T09:55:58.614+0000][4518.880s][debug][safepoint     ] Safepoint synchronization initiated. (173 threads)
[2023-10-19T09:55:58.615+0000][4518.880s][info ][safepoint     ] Application time: 1.0007290 seconds
[2023-10-19T09:55:58.615+0000][4518.881s][info ][safepoint     ] Entering safepoint region: Cleanup
[2023-10-19T09:55:58.616+0000][4518.881s][info ][safepoint     ] Leaving safepoint region
[2023-10-19T09:55:58.616+0000][4518.882s][info ][safepoint     ] Total time for which application threads were stopped: 0.0011281 seconds, Stopping threads took: 0.0004553 seconds
[2023-10-19T09:55:59.617+0000][4519.882s][debug][safepoint     ] Safepoint synchronization initiated. (173 threads)
[2023-10-19T09:55:59.618+0000][4519.883s][info ][safepoint     ] Application time: 1.0012837 seconds
[2023-10-19T09:55:59.619+0000][4519.884s][info ][safepoint     ] Entering safepoint region: Cleanup
[2023-10-19T09:55:59.620+0000][4519.885s][info ][safepoint     ] Leaving safepoint region
[2023-10-19T09:55:59.621+0000][4519.886s][info ][safepoint     ] Total time for which application threads were stopped: 0.0018852 seconds, Stopping threads took: 0.0007390 seconds
[2023-10-19T09:56:00.622+0000][4520.887s][debug][safepoint     ] Safepoint synchronization initiated. (173 threads)
[2023-10-19T09:56:00.622+0000][4520.888s][info ][safepoint     ] Application time: 1.0006518 seconds
[2023-10-19T09:56:00.623+0000][4520.888s][info ][safepoint     ] Entering safepoint region: Cleanup
[2023-10-19T09:56:00.623+0000][4520.888s][info ][safepoint     ] Leaving safepoint region
[2023-10-19T09:56:00.623+0000][4520.889s][info ][safepoint     ] Total time for which application threads were stopped: 0.0008938 seconds, Stopping threads took: 0.0003385 seconds
[2023-10-19T09:56:01.624+0000][4521.889s][debug][safepoint     ] Safepoint synchronization initiated. (173 threads)
[2023-10-19T09:56:01.624+0000][4521.890s][info ][safepoint     ] Application time: 1.0006103 seconds
[2023-10-19T09:56:01.625+0000][4521.890s][info ][safepoint     ] Entering safepoint region: Cleanup
[2023-10-19T09:56:01.625+0000][4521.891s][info ][safepoint     ] Leaving safepoint region
[2023-10-19T09:56:01.626+0000][4521.891s][info ][safepoint     ] Total time for which application threads were stopped: 0.0009147 seconds, Stopping threads took: 0.0003866 seconds
[2023-10-19T09:56:02.626+0000][4522.892s][debug][safepoint     ] Safepoint synchronization initiated. (173 threads)
[2023-10-19T09:56:02.627+0000][4522.892s][info ][safepoint     ] Application time: 1.0006418 seconds
[2023-10-19T09:56:02.627+0000][4522.892s][info ][safepoint     ] Entering safepoint region: Cleanup
[2023-10-19T09:56:02.628+0000][4522.893s][info ][safepoint     ] Leaving safepoint region
[2023-10-19T09:56:02.628+0000][4522.894s][info ][safepoint     ] Total time for which application threads were stopped: 0.0010625 seconds, Stopping threads took: 0.0003300 seconds
[2023-10-19T09:56:03.629+0000][4523.894s][debug][safepoint     ] Safepoint synchronization initiated. (173 threads)
[2023-10-19T09:56:03.629+0000][4523.895s][info ][safepoint     ] Application time: 1.0007380 seconds
[2023-10-19T09:56:03.630+0000][4523.895s][info ][safepoint     ] Entering safepoint region: Cleanup
[2023-10-19T09:56:03.631+0000][4523.896s][info ][safepoint     ] Leaving safepoint region
[2023-10-19T09:56:03.631+0000][4523.897s][info ][safepoint     ] Total time for which application threads were stopped: 0.0012568 seconds, Stopping threads took: 0.0006281 seconds
[2023-10-19T09:56:04.632+0000][4524.897s][debug][safepoint     ] Safepoint synchronization initiated. (173 threads)
[2023-10-19T09:56:04.633+0000][4524.898s][info ][safepoint     ] Application time: 1.0008626 seconds
[2023-10-19T09:56:04.633+0000][4524.899s][info ][safepoint     ] Entering safepoint region: Cleanup
[2023-10-19T09:56:04.634+0000][4524.899s][info ][safepoint     ] Leaving safepoint region
[2023-10-19T09:56:04.634+0000][4524.900s][info ][safepoint     ] Total time for which application threads were stopped: 0.0011399 seconds, Stopping threads took: 0.0005858 seconds
[2023-10-19T09:56:05.635+0000][4525.901s][debug][safepoint     ] Safepoint synchronization initiated. (173 threads)
[2023-10-19T09:56:05.636+0000][4525.902s][info ][safepoint     ] Application time: 1.0012343 seconds
[2023-10-19T09:56:05.637+0000][4525.903s][info ][safepoint     ] Entering safepoint region: Cleanup
[2023-10-19T09:56:05.638+0000][4525.904s][info ][safepoint     ] Leaving safepoint region
[2023-10-19T09:56:05.639+0000][4525.904s][info ][safepoint     ] Total time for which application threads were stopped: 0.0018743 seconds, Stopping threads took: 0.0008296 seconds
[2023-10-19T09:56:06.640+0000][4526.905s][debug][safepoint     ] Safepoint synchronization initiated. (173 threads)
[2023-10-19T09:56:06.640+0000][4526.906s][info ][safepoint     ] Application time: 1.0007656 seconds
[2023-10-19T09:56:06.641+0000][4526.906s][info ][safepoint     ] Entering safepoint region: Cleanup
[2023-10-19T09:56:06.641+0000][4526.907s][info ][safepoint     ] Leaving safepoint region
[2023-10-19T09:56:06.642+0000][4526.907s][info ][safepoint     ] Total time for which application threads were stopped: 0.0011497 seconds, Stopping threads took: 0.0004891 seconds
[2023-10-19T09:56:07.642+0000][4527.908s][debug][safepoint     ] Safepoint synchronization initiated. (173 threads)
[2023-10-19T09:56:07.643+0000][4527.909s][info ][safepoint     ] Application time: 1.0008983 seconds
[2023-10-19T09:56:07.644+0000][4527.909s][info ][safepoint     ] Entering safepoint region: Cleanup
[2023-10-19T09:56:07.644+0000][4527.910s][info ][safepoint     ] Leaving safepoint region
[2023-10-19T09:56:07.645+0000][4527.910s][info ][safepoint     ] Total time for which application threads were stopped: 0.0012157 seconds, Stopping threads took: 0.0005352 seconds
[2023-10-19T09:56:08.646+0000][4528.911s][debug][safepoint     ] Safepoint synchronization initiated. (173 threads)
[2023-10-19T09:56:08.646+0000][4528.912s][info ][safepoint     ] Application time: 1.0010160 seconds
[2023-10-19T09:56:08.647+0000][4528.912s][info ][safepoint     ] Entering safepoint region: Cleanup
[2023-10-19T09:56:08.648+0000][4528.913s][info ][safepoint     ] Leaving safepoint region
[2023-10-19T09:56:08.648+0000][4528.914s][info ][safepoint     ] Total time for which application threads were stopped: 0.0012514 seconds, Stopping threads took: 0.0005857 seconds
[2023-10-19T09:56:09.649+0000][4529.914s][debug][safepoint     ] Safepoint synchronization initiated. (173 threads)
[2023-10-19T09:56:09.650+0000][4529.916s][info ][safepoint     ] Application time: 1.0015504 seconds
[2023-10-19T09:56:09.651+0000][4529.917s][info ][safepoint     ] Entering safepoint region: Cleanup
[2023-10-19T09:56:09.653+0000][4529.918s][info ][safepoint     ] Leaving safepoint region
[2023-10-19T09:56:09.654+0000][4529.919s][info ][safepoint     ] Total time for which application threads were stopped: 0.0023965 seconds, Stopping threads took: 0.0010264 seconds
[2023-10-19T09:56:10.655+0000][4530.920s][debug][safepoint     ] Safepoint synchronization initiated. (173 threads)
[2023-10-19T09:56:10.655+0000][4530.921s][info ][safepoint     ] Application time: 1.0010735 seconds
[2023-10-19T09:56:10.656+0000][4530.922s][info ][safepoint     ] Entering safepoint region: Cleanup
[2023-10-19T09:56:10.657+0000][4530.923s][info ][safepoint     ] Leaving safepoint region
[2023-10-19T09:56:10.658+0000][4530.923s][info ][safepoint     ] Total time for which application threads were stopped: 0.0017704 seconds, Stopping threads took: 0.0008607 seconds
[2023-10-19T09:56:11.659+0000][4531.924s][debug][safepoint     ] Safepoint synchronization initiated. (173 threads)
[2023-10-19T09:56:11.659+0000][4531.925s][info ][safepoint     ] Application time: 1.0006908 seconds
[2023-10-19T09:56:11.660+0000][4531.925s][info ][safepoint     ] Entering safepoint region: Cleanup
[2023-10-19T09:56:11.661+0000][4531.926s][info ][safepoint     ] Leaving safepoint region
[2023-10-19T09:56:11.661+0000][4531.927s][info ][safepoint     ] Total time for which application threads were stopped: 0.0013297 seconds, Stopping threads took: 0.0006940 seconds
[2023-10-19T09:56:12.662+0000][4532.928s][debug][safepoint     ] Safepoint synchronization initiated. (173 threads)
[2023-10-19T09:56:12.663+0000][4532.929s][info ][safepoint     ] Application time: 1.0015601 seconds
[2023-10-19T09:56:12.665+0000][4532.930s][info ][safepoint     ] Entering safepoint region: Cleanup
[2023-10-19T09:56:12.666+0000][4532.931s][info ][safepoint     ] Leaving safepoint region
[2023-10-19T09:56:12.667+0000][4532.932s][info ][safepoint     ] Total time for which application threads were stopped: 0.0020934 seconds, Stopping threads took: 0.0010295 seconds
[2023-10-19T09:56:13.668+0000][4533.933s][debug][safepoint     ] Safepoint synchronization initiated. (173 threads)
[2023-10-19T09:56:13.669+0000][4533.934s][info ][safepoint     ] Application time: 1.0011855 seconds
[2023-10-19T09:56:13.669+0000][4533.935s][info ][safepoint     ] Entering safepoint region: Cleanup
[2023-10-19T09:56:13.670+0000][4533.935s][info ][safepoint     ] Leaving safepoint region
[2023-10-19T09:56:13.671+0000][4533.936s][info ][safepoint     ] Total time for which application threads were stopped: 0.0013215 seconds, Stopping threads took: 0.0005433 seconds
[2023-10-19T09:56:14.671+0000][4534.937s][debug][safepoint     ] Safepoint synchronization initiated. (173 threads)
[2023-10-19T09:56:14.672+0000][4534.938s][info ][safepoint     ] Application time: 1.0011311 seconds
[2023-10-19T09:56:14.673+0000][4534.938s][info ][safepoint     ] Entering safepoint region: Cleanup
[2023-10-19T09:56:14.674+0000][4534.940s][info ][safepoint     ] Leaving safepoint region
[2023-10-19T09:56:14.675+0000][4534.940s][info ][safepoint     ] Total time for which application threads were stopped: 0.0017976 seconds, Stopping threads took: 0.0007763 seconds
[2023-10-19T09:56:15.676+0000][4535.941s][debug][safepoint     ] Safepoint synchronization initiated. (173 threads)
[2023-10-19T09:56:15.677+0000][4535.942s][info ][safepoint     ] Application time: 1.0010065 seconds
[2023-10-19T09:56:15.677+0000][4535.943s][info ][safepoint     ] Entering safepoint region: Cleanup
[2023-10-19T09:56:15.678+0000][4535.943s][info ][safepoint     ] Leaving safepoint region
[2023-10-19T09:56:15.678+0000][4535.944s][info ][safepoint     ] Total time for which application threads were stopped: 0.0012369 seconds, Stopping threads took: 0.0005577 seconds
[2023-10-19T09:56:16.679+0000][4536.944s][debug][safepoint     ] Safepoint synchronization initiated. (173 threads)
[2023-10-19T09:56:16.680+0000][4536.945s][info ][safepoint     ] Application time: 1.0007819 seconds
[2023-10-19T09:56:16.680+0000][4536.945s][info ][safepoint     ] Entering safepoint region: Cleanup
[2023-10-19T09:56:16.681+0000][4536.946s][info ][safepoint     ] Leaving safepoint region
[2023-10-19T09:56:16.681+0000][4536.947s][info ][safepoint     ] Total time for which application threads were stopped: 0.0011646 seconds, Stopping threads took: 0.0004244 seconds
[2023-10-19T09:56:17.682+0000][4537.947s][debug][safepoint     ] Safepoint synchronization initiated. (173 threads)
[2023-10-19T09:56:17.683+0000][4537.948s][info ][safepoint     ] Application time: 1.0010189 seconds
[2023-10-19T09:56:17.683+0000][4537.949s][info ][safepoint     ] Entering safepoint region: Cleanup
[2023-10-19T09:56:17.684+0000][4537.949s][info ][safepoint     ] Leaving safepoint region
[2023-10-19T09:56:17.684+0000][4537.950s][info ][safepoint     ] Total time for which application threads were stopped: 0.0013378 seconds, Stopping threads took: 0.0006479 seconds
[2023-10-19T09:56:18.685+0000][4538.950s][debug][safepoint     ] Safepoint synchronization initiated. (173 threads)
[2023-10-19T09:56:18.686+0000][4538.952s][info ][safepoint     ] Application time: 1.0012369 seconds
[2023-10-19T09:56:18.687+0000][4538.953s][info ][safepoint     ] Entering safepoint region: Cleanup
[2023-10-19T09:56:18.689+0000][4538.954s][info ][safepoint     ] Leaving safepoint region
[2023-10-19T09:56:18.690+0000][4538.955s][info ][safepoint     ] Total time for which application threads were stopped: 0.0022884 seconds, Stopping threads took: 0.0010346 seconds
[2023-10-19T09:56:19.691+0000][4539.956s][debug][safepoint     ] Safepoint synchronization initiated. (173 threads)
[2023-10-19T09:56:19.692+0000][4539.957s][info ][safepoint     ] Application time: 1.0012368 seconds
[2023-10-19T09:56:19.692+0000][4539.958s][info ][safepoint     ] Entering safepoint region: Cleanup
[2023-10-19T09:56:19.693+0000][4539.959s][info ][safepoint     ] Leaving safepoint region
[2023-10-19T09:56:19.694+0000][4539.959s][info ][safepoint     ] Total time for which application threads were stopped: 0.0016058 seconds, Stopping threads took: 0.0006319 seconds
[2023-10-19T09:56:20.695+0000][4540.960s][debug][safepoint     ] Safepoint synchronization initiated. (173 threads)
[2023-10-19T09:56:20.695+0000][4540.961s][info ][safepoint     ] Application time: 1.0008545 seconds
[2023-10-19T09:56:20.696+0000][4540.961s][info ][safepoint     ] Entering safepoint region: Cleanup
[2023-10-19T09:56:20.697+0000][4540.962s][info ][safepoint     ] Leaving safepoint region
[2023-10-19T09:56:20.698+0000][4540.963s][info ][safepoint     ] Total time for which application threads were stopped: 0.0015895 seconds, Stopping threads took: 0.0007577 seconds
[2023-10-19T09:56:21.698+0000][4541.964s][debug][safepoint     ] Safepoint synchronization initiated. (173 threads)
[2023-10-19T09:56:21.699+0000][4541.964s][info ][safepoint     ] Application time: 1.0008847 seconds
[2023-10-19T09:56:21.700+0000][4541.965s][info ][safepoint     ] Entering safepoint region: Cleanup
[2023-10-19T09:56:21.700+0000][4541.966s][info ][safepoint     ] Leaving safepoint region
[2023-10-19T09:56:21.701+0000][4541.966s][info ][safepoint     ] Total time for which application threads were stopped: 0.0012503 seconds, Stopping threads took: 0.0005901 seconds
[2023-10-19T09:56:22.702+0000][4542.967s][debug][safepoint     ] Safepoint synchronization initiated. (173 threads)
[2023-10-19T09:56:22.703+0000][4542.968s][info ][safepoint     ] Application time: 1.0013670 seconds
[2023-10-19T09:56:22.704+0000][4542.969s][info ][safepoint     ] Entering safepoint region: Cleanup
[2023-10-19T09:56:22.705+0000][4542.970s][info ][safepoint     ] Leaving safepoint region
[2023-10-19T09:56:22.706+0000][4542.971s][info ][safepoint     ] Total time for which application threads were stopped: 0.0021367 seconds, Stopping threads took: 0.0009189 seconds
[2023-10-19T09:56:23.707+0000][4543.972s][debug][safepoint     ] Safepoint synchronization initiated. (173 threads)
[2023-10-19T09:56:23.707+0000][4543.973s][info ][safepoint     ] Application time: 1.0008699 seconds
[2023-10-19T09:56:23.708+0000][4543.973s][info ][safepoint     ] Entering safepoint region: Cleanup
[2023-10-19T09:56:23.709+0000][4543.974s][info ][safepoint     ] Leaving safepoint region
[2023-10-19T09:56:23.709+0000][4543.975s][info ][safepoint     ] Total time for which application threads were stopped: 0.0013029 seconds, Stopping threads took: 0.0005724 seconds
[2023-10-19T09:56:24.710+0000][4544.975s][debug][safepoint     ] Safepoint synchronization initiated. (173 threads)
[2023-10-19T09:56:24.710+0000][4544.976s][info ][safepoint     ] Application time: 1.0005959 seconds
[2023-10-19T09:56:24.711+0000][4544.976s][info ][safepoint     ] Entering safepoint region: Cleanup
[2023-10-19T09:56:24.711+0000][4544.977s][info ][safepoint     ] Leaving safepoint region
[2023-10-19T09:56:24.712+0000][4544.977s][info ][safepoint     ] Total time for which application threads were stopped: 0.0009213 seconds, Stopping threads took: 0.0003324 seconds
[2023-10-19T09:56:25.712+0000][4545.977s][debug][safepoint     ] Safepoint synchronization initiated. (173 threads)
[2023-10-19T09:56:25.712+0000][4545.978s][info ][safepoint     ] Application time: 1.0005945 seconds
[2023-10-19T09:56:25.713+0000][4545.978s][info ][safepoint     ] Entering safepoint region: Cleanup
[2023-10-19T09:56:25.713+0000][4545.979s][info ][safepoint     ] Leaving safepoint region
[2023-10-19T09:56:25.714+0000][4545.979s][info ][safepoint     ] Total time for which application threads were stopped: 0.0008488 seconds, Stopping threads took: 0.0003404 seconds
[2023-10-19T09:56:26.714+0000][4546.980s][debug][safepoint     ] Safepoint synchronization initiated. (173 threads)
[2023-10-19T09:56:26.715+0000][4546.981s][info ][safepoint     ] Application time: 1.0013052 seconds
[2023-10-19T09:56:26.716+0000][4546.981s][debug][safepoint     ] ... found polling page loop exception at pc = 0x00007f0de93b88e7, stub =0x00007f0de0843680
[2023-10-19T09:56:26.716+0000][4546.981s][debug][safepoint     ] ... found polling page return exception at pc = 0x00007f0de89b8d08, stub =0x00007f0de0840600
[2023-10-19T09:56:26.716+0000][4546.982s][debug][safepoint     ] ... found polling page return exception at pc = 0x00007f0de92ca2ee, stub =0x00007f0de0840600
[2023-10-19T09:56:26.718+0000][4546.984s][debug][safepoint     ] Waiting for 3 thread(s) to block
[2023-10-19T09:56:26.719+0000][4546.985s][info ][safepoint     ] Entering safepoint region: Cleanup
[2023-10-19T09:56:26.720+0000][4546.986s][info ][safepoint     ] Leaving safepoint region
[2023-10-19T09:56:26.721+0000][4546.986s][info ][safepoint     ] Total time for which application threads were stopped: 0.0047997 seconds, Stopping threads took: 0.0040798 seconds
[2023-10-19T09:56:27.722+0000][4547.987s][debug][safepoint     ] Safepoint synchronization initiated. (173 threads)
[2023-10-19T09:56:27.723+0000][4547.988s][info ][safepoint     ] Application time: 1.0013470 seconds
[2023-10-19T09:56:27.724+0000][4547.989s][info ][safepoint     ] Entering safepoint region: Cleanup
[2023-10-19T09:56:27.725+0000][4547.990s][info ][safepoint     ] Leaving safepoint region
[2023-10-19T09:56:27.726+0000][4547.991s][info ][safepoint     ] Total time for which application threads were stopped: 0.0018558 seconds, Stopping threads took: 0.0009391 seconds
[2023-10-19T09:56:28.726+0000][4548.992s][debug][safepoint     ] Safepoint synchronization initiated. (173 threads)
[2023-10-19T09:56:28.727+0000][4548.992s][info ][safepoint     ] Application time: 1.0009333 seconds
[2023-10-19T09:56:28.728+0000][4548.993s][info ][safepoint     ] Entering safepoint region: Cleanup
[2023-10-19T09:56:28.728+0000][4548.994s][info ][safepoint     ] Leaving safepoint region
[2023-10-19T09:56:28.729+0000][4548.994s][info ][safepoint     ] Total time for which application threads were stopped: 0.0012142 seconds, Stopping threads took: 0.0005534 seconds
[2023-10-19T09:56:29.729+0000][4549.995s][debug][safepoint     ] Safepoint synchronization initiated. (173 threads)
[2023-10-19T09:56:29.730+0000][4549.995s][info ][safepoint     ] Application time: 1.0006503 seconds
[2023-10-19T09:56:29.730+0000][4549.996s][info ][safepoint     ] Entering safepoint region: Cleanup
[2023-10-19T09:56:29.731+0000][4549.996s][info ][safepoint     ] Leaving safepoint region
[2023-10-19T09:56:29.731+0000][4549.997s][info ][safepoint     ] Total time for which application threads were stopped: 0.0010573 seconds, Stopping threads took: 0.0004960 seconds
[2023-10-19T09:56:30.732+0000][4550.997s][debug][safepoint     ] Safepoint synchronization initiated. (173 threads)
[2023-10-19T09:56:30.733+0000][4550.998s][info ][safepoint     ] Application time: 1.0013391 seconds
[2023-10-19T09:56:30.734+0000][4551.000s][info ][safepoint     ] Entering safepoint region: Cleanup
[2023-10-19T09:56:30.735+0000][4551.001s][info ][safepoint     ] Leaving safepoint region
[2023-10-19T09:56:30.736+0000][4551.002s][info ][safepoint     ] Total time for which application threads were stopped: 0.0021996 seconds, Stopping threads took: 0.0009175 seconds
[2023-10-19T09:56:31.737+0000][4552.003s][debug][safepoint     ] Safepoint synchronization initiated. (173 threads)
[2023-10-19T09:56:31.738+0000][4552.004s][info ][safepoint     ] Application time: 1.0011043 seconds
[2023-10-19T09:56:31.739+0000][4552.004s][debug][safepoint     ] ... found polling page return exception at pc = 0x00007f0de92ca2ee, stub =0x00007f0de0840600
[2023-10-19T09:56:31.739+0000][4552.005s][debug][safepoint     ] Waiting for 1 thread(s) to block
[2023-10-19T09:56:31.740+0000][4552.006s][info ][safepoint     ] Entering safepoint region: Cleanup
[2023-10-19T09:56:31.741+0000][4552.007s][info ][safepoint     ] Leaving safepoint region
[2023-10-19T09:56:31.742+0000][4552.007s][info ][safepoint     ] Total time for which application threads were stopped: 0.0029834 seconds, Stopping threads took: 0.0021067 seconds
[2023-10-19T09:56:32.743+0000][4553.008s][debug][safepoint     ] Safepoint synchronization initiated. (173 threads)
[2023-10-19T09:56:32.743+0000][4553.009s][info ][safepoint     ] Application time: 1.0008108 seconds
[2023-10-19T09:56:32.744+0000][4553.009s][info ][safepoint     ] Entering safepoint region: Cleanup
[2023-10-19T09:56:32.744+0000][4553.010s][info ][safepoint     ] Leaving safepoint region
[2023-10-19T09:56:32.745+0000][4553.010s][info ][safepoint     ] Total time for which application threads were stopped: 0.0010357 seconds, Stopping threads took: 0.0004354 seconds
[2023-10-19T09:56:33.745+0000][4554.011s][debug][safepoint     ] Safepoint synchronization initiated. (173 threads)
[2023-10-19T09:56:33.746+0000][4554.012s][info ][safepoint     ] Application time: 1.0013908 seconds
[2023-10-19T09:56:33.747+0000][4554.013s][info ][safepoint     ] Entering safepoint region: Cleanup
[2023-10-19T09:56:33.749+0000][4554.014s][info ][safepoint     ] Leaving safepoint region
[2023-10-19T09:56:33.750+0000][4554.015s][info ][safepoint     ] Total time for which application threads were stopped: 0.0022063 seconds, Stopping threads took: 0.0009762 seconds
[2023-10-19T09:56:34.751+0000][4555.016s][debug][safepoint     ] Safepoint synchronization initiated. (173 threads)
[2023-10-19T09:56:34.751+0000][4555.017s][info ][safepoint     ] Application time: 1.0010101 seconds
[2023-10-19T09:56:34.752+0000][4555.018s][info ][safepoint     ] Entering safepoint region: Cleanup
[2023-10-19T09:56:34.753+0000][4555.018s][info ][safepoint     ] Leaving safepoint region
[2023-10-19T09:56:34.754+0000][4555.019s][info ][safepoint     ] Total time for which application threads were stopped: 0.0016851 seconds, Stopping threads took: 0.0007294 seconds
[2023-10-19T09:56:35.755+0000][4556.020s][debug][safepoint     ] Safepoint synchronization initiated. (173 threads)
[2023-10-19T09:56:35.756+0000][4556.021s][info ][safepoint     ] Application time: 1.0011549 seconds
[2023-10-19T09:56:35.757+0000][4556.022s][info ][safepoint     ] Entering safepoint region: Cleanup
[2023-10-19T09:56:35.758+0000][4556.023s][info ][safepoint     ] Leaving safepoint region
[2023-10-19T09:56:35.758+0000][4556.024s][info ][safepoint     ] Total time for which application threads were stopped: 0.0018172 seconds, Stopping threads took: 0.0007763 seconds
[2023-10-19T09:56:36.759+0000][4557.025s][debug][safepoint     ] Safepoint synchronization initiated. (173 threads)
[2023-10-19T09:56:36.760+0000][4557.025s][info ][safepoint     ] Application time: 1.0008160 seconds
[2023-10-19T09:56:36.760+0000][4557.026s][info ][safepoint     ] Entering safepoint region: Cleanup
[2023-10-19T09:56:36.761+0000][4557.026s][info ][safepoint     ] Leaving safepoint region
[2023-10-19T09:56:36.761+0000][4557.027s][info ][safepoint     ] Total time for which application threads were stopped: 0.0010161 seconds, Stopping threads took: 0.0004542 seconds
[2023-10-19T09:56:37.762+0000][4558.027s][debug][safepoint     ] Safepoint synchronization initiated. (173 threads)
[2023-10-19T09:56:37.763+0000][4558.028s][info ][safepoint     ] Application time: 1.0007329 seconds
[2023-10-19T09:56:37.763+0000][4558.028s][info ][safepoint     ] Entering safepoint region: Cleanup
[2023-10-19T09:56:37.764+0000][4558.029s][info ][safepoint     ] Leaving safepoint region
[2023-10-19T09:56:37.764+0000][4558.030s][info ][safepoint     ] Total time for which application threads were stopped: 0.0011365 seconds, Stopping threads took: 0.0006220 seconds
[2023-10-19T09:56:38.765+0000][4559.030s][debug][safepoint     ] Safepoint synchronization initiated. (173 threads)
[2023-10-19T09:56:38.765+0000][4559.031s][info ][safepoint     ] Application time: 1.0006763 seconds
[2023-10-19T09:56:38.766+0000][4559.031s][info ][safepoint     ] Entering safepoint region: Cleanup
[2023-10-19T09:56:38.766+0000][4559.032s][info ][safepoint     ] Leaving safepoint region
[2023-10-19T09:56:38.767+0000][4559.032s][info ][safepoint     ] Total time for which application threads were stopped: 0.0013007 seconds, Stopping threads took: 0.0005764 seconds
[2023-10-19T09:56:39.768+0000][4560.033s][debug][safepoint     ] Safepoint synchronization initiated. (173 threads)
[2023-10-19T09:56:39.768+0000][4560.034s][info ][safepoint     ] Application time: 1.0006592 seconds
[2023-10-19T09:56:39.769+0000][4560.034s][info ][safepoint     ] Entering safepoint region: Cleanup
[2023-10-19T09:56:39.769+0000][4560.035s][info ][safepoint     ] Leaving safepoint region
[2023-10-19T09:56:39.770+0000][4560.035s][info ][safepoint     ] Total time for which application threads were stopped: 0.0010054 seconds, Stopping threads took: 0.0003878 seconds
[2023-10-19T09:56:40.770+0000][4561.036s][debug][safepoint     ] Safepoint synchronization initiated. (173 threads)
[2023-10-19T09:56:40.771+0000][4561.037s][info ][safepoint     ] Application time: 1.0011183 seconds
[2023-10-19T09:56:40.772+0000][4561.037s][info ][safepoint     ] Entering safepoint region: Cleanup
[2023-10-19T09:56:40.773+0000][4561.038s][info ][safepoint     ] Leaving safepoint region
[2023-10-19T09:56:40.774+0000][4561.039s][info ][safepoint     ] Total time for which application threads were stopped: 0.0016796 seconds, Stopping threads took: 0.0007258 seconds
[2023-10-19T09:56:41.775+0000][4562.040s][debug][safepoint     ] Safepoint synchronization initiated. (173 threads)
[2023-10-19T09:56:41.776+0000][4562.041s][info ][safepoint     ] Application time: 1.0013722 seconds
[2023-10-19T09:56:41.777+0000][4562.042s][info ][safepoint     ] Entering safepoint region: Cleanup
[2023-10-19T09:56:41.778+0000][4562.043s][info ][safepoint     ] Leaving safepoint region
[2023-10-19T09:56:41.779+0000][4562.044s][info ][safepoint     ] Total time for which application threads were stopped: 0.0018633 seconds, Stopping threads took: 0.0008852 seconds
[2023-10-19T09:56:42.780+0000][4563.045s][debug][safepoint     ] Safepoint synchronization initiated. (173 threads)
[2023-10-19T09:56:42.780+0000][4563.046s][info ][safepoint     ] Application time: 1.0011770 seconds
[2023-10-19T09:56:42.781+0000][4563.047s][info ][safepoint     ] Entering safepoint region: Cleanup
[2023-10-19T09:56:42.782+0000][4563.048s][info ][safepoint     ] Leaving safepoint region
[2023-10-19T09:56:42.783+0000][4563.048s][info ][safepoint     ] Total time for which application threads were stopped: 0.0017081 seconds, Stopping threads took: 0.0007952 seconds
[2023-10-19T09:56:43.784+0000][4564.049s][debug][safepoint     ] Safepoint synchronization initiated. (173 threads)
[2023-10-19T09:56:43.785+0000][4564.050s][info ][safepoint     ] Application time: 1.0009953 seconds
[2023-10-19T09:56:43.786+0000][4564.051s][info ][safepoint     ] Entering safepoint region: Cleanup
[2023-10-19T09:56:43.786+0000][4564.052s][info ][safepoint     ] Leaving safepoint region
[2023-10-19T09:56:43.787+0000][4564.052s][info ][safepoint     ] Total time for which application threads were stopped: 0.0014801 seconds, Stopping threads took: 0.0006391 seconds
[2023-10-19T09:56:44.788+0000][4565.053s][debug][safepoint     ] Safepoint synchronization initiated. (173 threads)
[2023-10-19T09:56:44.789+0000][4565.054s][info ][safepoint     ] Application time: 1.0012531 seconds
[2023-10-19T09:56:44.790+0000][4565.055s][info ][safepoint     ] Entering safepoint region: Cleanup
[2023-10-19T09:56:44.791+0000][4565.056s][info ][safepoint     ] Leaving safepoint region
[2023-10-19T09:56:44.791+0000][4565.057s][info ][safepoint     ] Total time for which application threads were stopped: 0.0017968 seconds, Stopping threads took: 0.0008669 seconds
[2023-10-19T09:56:45.792+0000][4566.058s][debug][safepoint     ] Safepoint synchronization initiated. (173 threads)
[2023-10-19T09:56:45.793+0000][4566.059s][info ][safepoint     ] Application time: 1.0010681 seconds
[2023-10-19T09:56:45.794+0000][4566.059s][info ][safepoint     ] Entering safepoint region: Cleanup
[2023-10-19T09:56:45.795+0000][4566.060s][info ][safepoint     ] Leaving safepoint region
[2023-10-19T09:56:45.796+0000][4566.061s][info ][safepoint     ] Total time for which application threads were stopped: 0.0016966 seconds, Stopping threads took: 0.0007307 seconds
[2023-10-19T09:56:46.797+0000][4567.062s][debug][safepoint     ] Safepoint synchronization initiated. (173 threads)
[2023-10-19T09:56:46.798+0000][4567.063s][info ][safepoint     ] Application time: 1.0012507 seconds
[2023-10-19T09:56:46.798+0000][4567.064s][info ][safepoint     ] Entering safepoint region: Cleanup
[2023-10-19T09:56:46.799+0000][4567.065s][info ][safepoint     ] Leaving safepoint region
[2023-10-19T09:56:46.800+0000][4567.065s][info ][safepoint     ] Total time for which application threads were stopped: 0.0016042 seconds, Stopping threads took: 0.0008615 seconds
[2023-10-19T09:56:47.801+0000][4568.066s][debug][safepoint     ] Safepoint synchronization initiated. (173 threads)
[2023-10-19T09:56:47.801+0000][4568.066s][info ][safepoint     ] Application time: 1.0004977 seconds
[2023-10-19T09:56:47.801+0000][4568.067s][info ][safepoint     ] Entering safepoint region: Cleanup
[2023-10-19T09:56:47.802+0000][4568.067s][info ][safepoint     ] Leaving safepoint region
[2023-10-19T09:56:47.802+0000][4568.068s][info ][safepoint     ] Total time for which application threads were stopped: 0.0007761 seconds, Stopping threads took: 0.0003309 seconds
[2023-10-19T09:56:48.803+0000][4569.068s][debug][safepoint     ] Safepoint synchronization initiated. (173 threads)
[2023-10-19T09:56:48.803+0000][4569.069s][info ][safepoint     ] Application time: 1.0010035 seconds
[2023-10-19T09:56:48.804+0000][4569.070s][info ][safepoint     ] Entering safepoint region: Cleanup
[2023-10-19T09:56:48.805+0000][4569.070s][info ][safepoint     ] Leaving safepoint region
[2023-10-19T09:56:48.805+0000][4569.071s][info ][safepoint     ] Total time for which application threads were stopped: 0.0014105 seconds, Stopping threads took: 0.0007032 seconds
[2023-10-19T09:56:49.806+0000][4570.072s][debug][safepoint     ] Safepoint synchronization initiated. (173 threads)
[2023-10-19T09:56:49.807+0000][4570.073s][info ][safepoint     ] Application time: 1.0009298 seconds
[2023-10-19T09:56:49.808+0000][4570.073s][info ][safepoint     ] Entering safepoint region: Cleanup
[2023-10-19T09:56:49.808+0000][4570.074s][info ][safepoint     ] Leaving safepoint region
[2023-10-19T09:56:49.809+0000][4570.074s][info ][safepoint     ] Total time for which application threads were stopped: 0.0012897 seconds, Stopping threads took: 0.0006442 seconds
[2023-10-19T09:56:50.809+0000][4571.075s][debug][safepoint     ] Safepoint synchronization initiated. (173 threads)
[2023-10-19T09:56:50.810+0000][4571.075s][info ][safepoint     ] Application time: 1.0006630 seconds
[2023-10-19T09:56:50.810+0000][4571.076s][info ][safepoint     ] Entering safepoint region: Cleanup
[2023-10-19T09:56:50.811+0000][4571.076s][info ][safepoint     ] Leaving safepoint region
[2023-10-19T09:56:50.812+0000][4571.077s][info ][safepoint     ] Total time for which application threads were stopped: 0.0012022 seconds, Stopping threads took: 0.0004502 seconds
[2023-10-19T09:56:51.812+0000][4572.078s][debug][safepoint     ] Safepoint synchronization initiated. (173 threads)
[2023-10-19T09:56:51.813+0000][4572.078s][info ][safepoint     ] Application time: 1.0007438 seconds
[2023-10-19T09:56:51.813+0000][4572.079s][info ][safepoint     ] Entering safepoint region: Cleanup
[2023-10-19T09:56:51.814+0000][4572.079s][info ][safepoint     ] Leaving safepoint region
[2023-10-19T09:56:51.814+0000][4572.080s][info ][safepoint     ] Total time for which application threads were stopped: 0.0009127 seconds, Stopping threads took: 0.0003765 seconds
[2023-10-19T09:56:52.815+0000][4573.080s][debug][safepoint     ] Safepoint synchronization initiated. (173 threads)
[2023-10-19T09:56:52.816+0000][4573.081s][info ][safepoint     ] Application time: 1.0010633 seconds
[2023-10-19T09:56:52.816+0000][4573.082s][info ][safepoint     ] Entering safepoint region: Cleanup
[2023-10-19T09:56:52.817+0000][4573.083s][info ][safepoint     ] Leaving safepoint region
[2023-10-19T09:56:52.818+0000][4573.083s][info ][safepoint     ] Total time for which application threads were stopped: 0.0014657 seconds, Stopping threads took: 0.0007091 seconds
[2023-10-19T09:56:53.819+0000][4574.084s][debug][safepoint     ] Safepoint synchronization initiated. (173 threads)
[2023-10-19T09:56:53.820+0000][4574.085s][info ][safepoint     ] Application time: 1.0012771 seconds
[2023-10-19T09:56:53.820+0000][4574.086s][info ][safepoint     ] Entering safepoint region: Cleanup
[2023-10-19T09:56:53.821+0000][4574.087s][info ][safepoint     ] Leaving safepoint region
[2023-10-19T09:56:53.822+0000][4574.087s][info ][safepoint     ] Total time for which application threads were stopped: 0.0015722 seconds, Stopping threads took: 0.0007424 seconds
[2023-10-19T09:56:54.823+0000][4575.088s][debug][safepoint     ] Safepoint synchronization initiated. (173 threads)
[2023-10-19T09:56:54.824+0000][4575.089s][info ][safepoint     ] Application time: 1.0013049 seconds
[2023-10-19T09:56:54.825+0000][4575.090s][info ][safepoint     ] Entering safepoint region: Cleanup
[2023-10-19T09:56:54.826+0000][4575.091s][info ][safepoint     ] Leaving safepoint region
[2023-10-19T09:56:54.827+0000][4575.092s][info ][safepoint     ] Total time for which application threads were stopped: 0.0018907 seconds, Stopping threads took: 0.0007729 seconds
[2023-10-19T09:56:55.828+0000][4576.093s][debug][safepoint     ] Safepoint synchronization initiated. (173 threads)
[2023-10-19T09:56:55.829+0000][4576.094s][info ][safepoint     ] Application time: 1.0011705 seconds
[2023-10-19T09:56:55.830+0000][4576.095s][info ][safepoint     ] Entering safepoint region: Cleanup
[2023-10-19T09:56:55.830+0000][4576.096s][info ][safepoint     ] Leaving safepoint region
[2023-10-19T09:56:55.831+0000][4576.096s][info ][safepoint     ] Total time for which application threads were stopped: 0.0013014 seconds, Stopping threads took: 0.0006204 seconds
[2023-10-19T09:56:56.832+0000][4577.097s][debug][safepoint     ] Safepoint synchronization initiated. (173 threads)
[2023-10-19T09:56:56.833+0000][4577.098s][info ][safepoint     ] Application time: 1.0013057 seconds
[2023-10-19T09:56:56.833+0000][4577.099s][info ][safepoint     ] Entering safepoint region: Cleanup
[2023-10-19T09:56:56.834+0000][4577.099s][info ][safepoint     ] Leaving safepoint region
[2023-10-19T09:56:56.834+0000][4577.100s][info ][safepoint     ] Total time for which application threads were stopped: 0.0011673 seconds, Stopping threads took: 0.0005409 seconds
[2023-10-19T09:56:57.835+0000][4578.100s][debug][safepoint     ] Safepoint synchronization initiated. (173 threads)
[2023-10-19T09:56:57.836+0000][4578.102s][info ][safepoint     ] Application time: 1.0013430 seconds
[2023-10-19T09:56:57.837+0000][4578.102s][info ][safepoint     ] Entering safepoint region: Cleanup
[2023-10-19T09:56:57.838+0000][4578.103s][info ][safepoint     ] Leaving safepoint region
[2023-10-19T09:56:57.838+0000][4578.104s][info ][safepoint     ] Total time for which application threads were stopped: 0.0017518 seconds, Stopping threads took: 0.0005596 seconds
[2023-10-19T09:56:58.839+0000][4579.105s][debug][safepoint     ] Safepoint synchronization initiated. (173 threads)
[2023-10-19T09:56:58.840+0000][4579.106s][info ][safepoint     ] Application time: 1.0011316 seconds
[2023-10-19T09:56:58.842+0000][4579.107s][info ][safepoint     ] Entering safepoint region: Cleanup
[2023-10-19T09:56:58.842+0000][4579.108s][info ][safepoint     ] Leaving safepoint region
[2023-10-19T09:56:58.843+0000][4579.108s][info ][safepoint     ] Total time for which application threads were stopped: 0.0013142 seconds, Stopping threads took: 0.0005615 seconds
[2023-10-19T09:56:59.844+0000][4580.109s][debug][safepoint     ] Safepoint synchronization initiated. (173 threads)
[2023-10-19T09:56:59.844+0000][4580.110s][info ][safepoint     ] Application time: 1.0007466 seconds
[2023-10-19T09:56:59.845+0000][4580.110s][info ][safepoint     ] Entering safepoint region: Cleanup
[2023-10-19T09:56:59.845+0000][4580.111s][info ][safepoint     ] Leaving safepoint region
[2023-10-19T09:56:59.846+0000][4580.111s][info ][safepoint     ] Total time for which application threads were stopped: 0.0010120 seconds, Stopping threads took: 0.0004220 seconds
[2023-10-19T09:57:00.846+0000][4581.112s][debug][safepoint     ] Safepoint synchronization initiated. (173 threads)
[2023-10-19T09:57:00.847+0000][4581.113s][info ][safepoint     ] Application time: 1.0008578 seconds
[2023-10-19T09:57:00.848+0000][4581.113s][info ][safepoint     ] Entering safepoint region: Cleanup
[2023-10-19T09:57:00.849+0000][4581.114s][info ][safepoint     ] Leaving safepoint region
[2023-10-19T09:57:00.849+0000][4581.114s][info ][safepoint     ] Total time for which application threads were stopped: 0.0012767 seconds, Stopping threads took: 0.0005969 seconds
[2023-10-19T09:57:01.850+0000][4582.115s][debug][safepoint     ] Safepoint synchronization initiated. (173 threads)
[2023-10-19T09:57:01.851+0000][4582.116s][info ][safepoint     ] Application time: 1.0011284 seconds
[2023-10-19T09:57:01.851+0000][4582.117s][info ][safepoint     ] Entering safepoint region: Cleanup
[2023-10-19T09:57:01.852+0000][4582.118s][info ][safepoint     ] Leaving safepoint region
[2023-10-19T09:57:01.853+0000][4582.118s][info ][safepoint     ] Total time for which application threads were stopped: 0.0015012 seconds, Stopping threads took: 0.0007001 seconds
[2023-10-19T09:57:02.853+0000][4583.119s][debug][safepoint     ] Safepoint synchronization initiated. (173 threads)
[2023-10-19T09:57:02.854+0000][4583.120s][info ][safepoint     ] Application time: 1.0007891 seconds
[2023-10-19T09:57:02.855+0000][4583.120s][info ][safepoint     ] Entering safepoint region: Cleanup
[2023-10-19T09:57:02.855+0000][4583.121s][info ][safepoint     ] Leaving safepoint region
[2023-10-19T09:57:02.856+0000][4583.121s][info ][safepoint     ] Total time for which application threads were stopped: 0.0009830 seconds, Stopping threads took: 0.0004134 seconds
[2023-10-19T09:57:03.856+0000][4584.122s][debug][safepoint     ] Safepoint synchronization initiated. (173 threads)
[2023-10-19T09:57:03.857+0000][4584.123s][info ][safepoint     ] Application time: 1.0011570 seconds
[2023-10-19T09:57:03.858+0000][4584.124s][info ][safepoint     ] Entering safepoint region: Cleanup
[2023-10-19T09:57:03.859+0000][4584.125s][info ][safepoint     ] Leaving safepoint region
[2023-10-19T09:57:03.860+0000][4584.125s][info ][safepoint     ] Total time for which application threads were stopped: 0.0018271 seconds, Stopping threads took: 0.0008454 seconds
[2023-10-19T09:57:04.861+0000][4585.127s][debug][safepoint     ] Safepoint synchronization initiated. (173 threads)
[2023-10-19T09:57:04.862+0000][4585.127s][info ][safepoint     ] Application time: 1.0011908 seconds
[2023-10-19T09:57:04.863+0000][4585.128s][info ][safepoint     ] Entering safepoint region: Cleanup
[2023-10-19T09:57:04.863+0000][4585.129s][info ][safepoint     ] Leaving safepoint region
[2023-10-19T09:57:04.864+0000][4585.130s][info ][safepoint     ] Total time for which application threads were stopped: 0.0015347 seconds, Stopping threads took: 0.0006915 seconds
[2023-10-19T09:57:05.865+0000][4586.131s][debug][safepoint     ] Safepoint synchronization initiated. (173 threads)
[2023-10-19T09:57:05.866+0000][4586.131s][info ][safepoint     ] Application time: 1.0010724 seconds
[2023-10-19T09:57:05.867+0000][4586.132s][info ][safepoint     ] Entering safepoint region: Cleanup
[2023-10-19T09:57:05.868+0000][4586.133s][info ][safepoint     ] Leaving safepoint region
[2023-10-19T09:57:05.869+0000][4586.134s][info ][safepoint     ] Total time for which application threads were stopped: 0.0018719 seconds, Stopping threads took: 0.0008627 seconds
[2023-10-19T09:57:06.869+0000][4587.135s][debug][safepoint     ] Safepoint synchronization initiated. (173 threads)
[2023-10-19T09:57:06.870+0000][4587.136s][info ][safepoint     ] Application time: 1.0007868 seconds
[2023-10-19T09:57:06.871+0000][4587.136s][info ][safepoint     ] Entering safepoint region: Cleanup
[2023-10-19T09:57:06.871+0000][4587.137s][info ][safepoint     ] Leaving safepoint region
[2023-10-19T09:57:06.872+0000][4587.137s][info ][safepoint     ] Total time for which application threads were stopped: 0.0014037 seconds, Stopping threads took: 0.0005350 seconds
[2023-10-19T09:57:07.873+0000][4588.138s][debug][safepoint     ] Safepoint synchronization initiated. (173 threads)
[2023-10-19T09:57:07.873+0000][4588.139s][info ][safepoint     ] Application time: 1.0005642 seconds
[2023-10-19T09:57:07.873+0000][4588.139s][info ][safepoint     ] Entering safepoint region: Cleanup
[2023-10-19T09:57:07.874+0000][4588.139s][info ][safepoint     ] Leaving safepoint region
[2023-10-19T09:57:07.874+0000][4588.140s][info ][safepoint     ] Total time for which application threads were stopped: 0.0008107 seconds, Stopping threads took: 0.0003342 seconds
[2023-10-19T09:57:08.875+0000][4589.140s][debug][safepoint     ] Safepoint synchronization initiated. (173 threads)
[2023-10-19T09:57:08.875+0000][4589.141s][info ][safepoint     ] Application time: 1.0009424 seconds
[2023-10-19T09:57:08.876+0000][4589.141s][info ][safepoint     ] Entering safepoint region: Cleanup
[2023-10-19T09:57:08.877+0000][4589.142s][info ][safepoint     ] Leaving safepoint region
[2023-10-19T09:57:08.877+0000][4589.143s][info ][safepoint     ] Total time for which application threads were stopped: 0.0012391 seconds, Stopping threads took: 0.0006201 seconds
[2023-10-19T09:57:09.878+0000][4590.143s][debug][safepoint     ] Safepoint synchronization initiated. (173 threads)
[2023-10-19T09:57:09.879+0000][4590.144s][info ][safepoint     ] Application time: 1.0009953 seconds
[2023-10-19T09:57:09.879+0000][4590.145s][info ][safepoint     ] Entering safepoint region: Cleanup
[2023-10-19T09:57:09.880+0000][4590.146s][info ][safepoint     ] Leaving safepoint region
[2023-10-19T09:57:09.881+0000][4590.146s][info ][safepoint     ] Total time for which application threads were stopped: 0.0014001 seconds, Stopping threads took: 0.0005970 seconds
[2023-10-19T09:57:10.881+0000][4591.147s][debug][safepoint     ] Safepoint synchronization initiated. (173 threads)
[2023-10-19T09:57:10.882+0000][4591.148s][info ][safepoint     ] Application time: 1.0010315 seconds
[2023-10-19T09:57:10.883+0000][4591.148s][info ][safepoint     ] Entering safepoint region: Cleanup
[2023-10-19T09:57:10.884+0000][4591.149s][info ][safepoint     ] Leaving safepoint region
[2023-10-19T09:57:10.884+0000][4591.150s][info ][safepoint     ] Total time for which application threads were stopped: 0.0013486 seconds, Stopping threads took: 0.0005606 seconds
[2023-10-19T09:57:11.885+0000][4592.150s][debug][safepoint     ] Safepoint synchronization initiated. (173 threads)
[2023-10-19T09:57:11.886+0000][4592.151s][info ][safepoint     ] Application time: 1.0013074 seconds
[2023-10-19T09:57:11.887+0000][4592.152s][info ][safepoint     ] Entering safepoint region: Cleanup
[2023-10-19T09:57:11.888+0000][4592.153s][info ][safepoint     ] Leaving safepoint region
[2023-10-19T09:57:11.889+0000][4592.154s][info ][safepoint     ] Total time for which application threads were stopped: 0.0021206 seconds, Stopping threads took: 0.0010770 seconds
[2023-10-19T09:57:12.890+0000][4593.155s][debug][safepoint     ] Safepoint synchronization initiated. (173 threads)
[2023-10-19T09:57:12.890+0000][4593.156s][info ][safepoint     ] Application time: 1.0008192 seconds
[2023-10-19T09:57:12.891+0000][4593.156s][info ][safepoint     ] Entering safepoint region: Cleanup
[2023-10-19T09:57:12.892+0000][4593.157s][info ][safepoint     ] Leaving safepoint region
[2023-10-19T09:57:12.892+0000][4593.158s][info ][safepoint     ] Total time for which application threads were stopped: 0.0015862 seconds, Stopping threads took: 0.0008305 seconds
[2023-10-19T09:57:13.893+0000][4594.159s][debug][safepoint     ] Safepoint synchronization initiated. (173 threads)
[2023-10-19T09:57:13.894+0000][4594.159s][info ][safepoint     ] Application time: 1.0010305 seconds
[2023-10-19T09:57:13.894+0000][4594.160s][debug][safepoint     ] ... found polling page return exception at pc = 0x00007f0de8afa176, stub =0x00007f0de0840600
[2023-10-19T09:57:13.894+0000][4594.160s][debug][safepoint     ] ... found polling page return exception at pc = 0x00007f0de8afa176, stub =0x00007f0de0840600
[2023-10-19T09:57:13.894+0000][4594.160s][debug][safepoint     ] ... found polling page return exception at pc = 0x00007f0de8afa176, stub =0x00007f0de0840600
[2023-10-19T09:57:13.894+0000][4594.160s][debug][safepoint     ] ... found polling page return exception at pc = 0x00007f0de8ab3e74, stub =0x00007f0de0840600
[2023-10-19T09:57:13.894+0000][4594.160s][debug][safepoint     ] ... found polling page return exception at pc = 0x00007f0de8ab3e74, stub =0x00007f0de0840600
[2023-10-19T09:57:13.894+0000][4594.160s][debug][safepoint     ] ... found polling page return exception at pc = 0x00007f0de8ab3e74, stub =0x00007f0de0840600
[2023-10-19T09:57:13.895+0000][4594.160s][debug][safepoint     ] ... found polling page return exception at pc = 0x00007f0de8afa176, stub =0x00007f0de0840600
[2023-10-19T09:57:13.898+0000][4594.164s][debug][safepoint     ] Waiting for 7 thread(s) to block
[2023-10-19T09:57:13.899+0000][4594.165s][info ][safepoint     ] Entering safepoint region: Cleanup
[2023-10-19T09:57:13.900+0000][4594.165s][info ][safepoint     ] Leaving safepoint region
[2023-10-19T09:57:13.900+0000][4594.166s][info ][safepoint     ] Total time for which application threads were stopped: 0.0056746 seconds, Stopping threads took: 0.0051367 seconds
[2023-10-19T09:57:14.901+0000][4595.166s][debug][safepoint     ] Safepoint synchronization initiated. (173 threads)
[2023-10-19T09:57:14.901+0000][4595.167s][info ][safepoint     ] Application time: 1.0009681 seconds
[2023-10-19T09:57:14.902+0000][4595.168s][info ][safepoint     ] Entering safepoint region: Cleanup
[2023-10-19T09:57:14.903+0000][4595.168s][info ][safepoint     ] Leaving safepoint region
[2023-10-19T09:57:14.903+0000][4595.169s][info ][safepoint     ] Total time for which application threads were stopped: 0.0013058 seconds, Stopping threads took: 0.0005766 seconds
[2023-10-19T09:57:15.904+0000][4596.169s][debug][safepoint     ] Safepoint synchronization initiated. (173 threads)
[2023-10-19T09:57:15.904+0000][4596.170s][info ][safepoint     ] Application time: 1.0006636 seconds
[2023-10-19T09:57:15.905+0000][4596.170s][info ][safepoint     ] Entering safepoint region: Cleanup
[2023-10-19T09:57:15.905+0000][4596.171s][info ][safepoint     ] Leaving safepoint region
[2023-10-19T09:57:15.906+0000][4596.171s][info ][safepoint     ] Total time for which application threads were stopped: 0.0011000 seconds, Stopping threads took: 0.0004498 seconds
[2023-10-19T09:57:16.906+0000][4597.172s][debug][safepoint     ] Safepoint synchronization initiated. (173 threads)
[2023-10-19T09:57:16.907+0000][4597.173s][info ][safepoint     ] Application time: 1.0008480 seconds
[2023-10-19T09:57:16.908+0000][4597.173s][info ][safepoint     ] Entering safepoint region: Cleanup
[2023-10-19T09:57:16.908+0000][4597.174s][info ][safepoint     ] Leaving safepoint region
[2023-10-19T09:57:16.909+0000][4597.175s][info ][safepoint     ] Total time for which application threads were stopped: 0.0015032 seconds, Stopping threads took: 0.0006029 seconds
[2023-10-19T09:57:17.910+0000][4598.175s][debug][safepoint     ] Safepoint synchronization initiated. (173 threads)
[2023-10-19T09:57:17.911+0000][4598.176s][info ][safepoint     ] Application time: 1.0009081 seconds
[2023-10-19T09:57:17.911+0000][4598.177s][info ][safepoint     ] Entering safepoint region: Cleanup
[2023-10-19T09:57:17.912+0000][4598.178s][info ][safepoint     ] Leaving safepoint region
[2023-10-19T09:57:17.913+0000][4598.178s][info ][safepoint     ] Total time for which application threads were stopped: 0.0015206 seconds, Stopping threads took: 0.0007812 seconds
[2023-10-19T09:57:18.913+0000][4599.179s][debug][safepoint     ] Safepoint synchronization initiated. (173 threads)
[2023-10-19T09:57:18.914+0000][4599.179s][info ][safepoint     ] Application time: 1.0006809 seconds
[2023-10-19T09:57:18.914+0000][4599.180s][info ][safepoint     ] Entering safepoint region: Cleanup
[2023-10-19T09:57:18.915+0000][4599.181s][info ][safepoint     ] Leaving safepoint region
[2023-10-19T09:57:18.916+0000][4599.181s][info ][safepoint     ] Total time for which application threads were stopped: 0.0012250 seconds, Stopping threads took: 0.0004876 seconds
[2023-10-19T09:57:19.916+0000][4600.182s][debug][safepoint     ] Safepoint synchronization initiated. (173 threads)
[2023-10-19T09:57:19.917+0000][4600.182s][info ][safepoint     ] Application time: 1.0008872 seconds
[2023-10-19T09:57:19.918+0000][4600.183s][info ][safepoint     ] Entering safepoint region: Cleanup
[2023-10-19T09:57:19.918+0000][4600.184s][info ][safepoint     ] Leaving safepoint region
[2023-10-19T09:57:19.919+0000][4600.184s][info ][safepoint     ] Total time for which application threads were stopped: 0.0012699 seconds, Stopping threads took: 0.0005781 seconds
[2023-10-19T09:57:20.919+0000][4601.185s][debug][safepoint     ] Safepoint synchronization initiated. (173 threads)
[2023-10-19T09:57:20.920+0000][4601.186s][info ][safepoint     ] Application time: 1.0012509 seconds
[2023-10-19T09:57:20.921+0000][4601.187s][info ][safepoint     ] Entering safepoint region: Cleanup
[2023-10-19T09:57:20.922+0000][4601.187s][info ][safepoint     ] Leaving safepoint region
[2023-10-19T09:57:20.922+0000][4601.188s][info ][safepoint     ] Total time for which application threads were stopped: 0.0013169 seconds, Stopping threads took: 0.0005368 seconds
[2023-10-19T09:57:21.923+0000][4602.189s][debug][safepoint     ] Safepoint synchronization initiated. (173 threads)
[2023-10-19T09:57:21.924+0000][4602.189s][info ][safepoint     ] Application time: 1.0007240 seconds
[2023-10-19T09:57:21.924+0000][4602.190s][info ][safepoint     ] Entering safepoint region: Cleanup
[2023-10-19T09:57:21.925+0000][4602.190s][info ][safepoint     ] Leaving safepoint region
[2023-10-19T09:57:21.925+0000][4602.190s][info ][safepoint     ] Total time for which application threads were stopped: 0.0008234 seconds, Stopping threads took: 0.0003536 seconds
[2023-10-19T09:57:22.925+0000][4603.191s][debug][safepoint     ] Safepoint synchronization initiated. (173 threads)
[2023-10-19T09:57:22.926+0000][4603.192s][info ][safepoint     ] Application time: 1.0008470 seconds
[2023-10-19T09:57:22.927+0000][4603.192s][info ][safepoint     ] Entering safepoint region: Cleanup
[2023-10-19T09:57:22.927+0000][4603.193s][info ][safepoint     ] Leaving safepoint region
[2023-10-19T09:57:22.928+0000][4603.193s][info ][safepoint     ] Total time for which application threads were stopped: 0.0011767 seconds, Stopping threads took: 0.0005138 seconds
[2023-10-19T09:57:23.929+0000][4604.194s][debug][safepoint     ] Safepoint synchronization initiated. (173 threads)
[2023-10-19T09:57:23.929+0000][4604.195s][info ][safepoint     ] Application time: 1.0009758 seconds
[2023-10-19T09:57:23.930+0000][4604.195s][info ][safepoint     ] Entering safepoint region: Cleanup
[2023-10-19T09:57:23.930+0000][4604.196s][info ][safepoint     ] Leaving safepoint region
[2023-10-19T09:57:23.931+0000][4604.196s][info ][safepoint     ] Total time for which application threads were stopped: 0.0010264 seconds, Stopping threads took: 0.0004340 seconds
[2023-10-19T09:57:24.931+0000][4605.197s][debug][safepoint     ] Safepoint synchronization initiated. (173 threads)
[2023-10-19T09:57:24.932+0000][4605.197s][info ][safepoint     ] Application time: 1.0007859 seconds
[2023-10-19T09:57:24.932+0000][4605.198s][info ][safepoint     ] Entering safepoint region: Cleanup
[2023-10-19T09:57:24.933+0000][4605.199s][info ][safepoint     ] Leaving safepoint region
[2023-10-19T09:57:24.933+0000][4605.199s][info ][safepoint     ] Total time for which application threads were stopped: 0.0011405 seconds, Stopping threads took: 0.0004635 seconds
[2023-10-19T09:57:25.934+0000][4606.200s][debug][safepoint     ] Safepoint synchronization initiated. (173 threads)
[2023-10-19T09:57:25.935+0000][4606.200s][info ][safepoint     ] Application time: 1.0009785 seconds
[2023-10-19T09:57:25.935+0000][4606.201s][info ][safepoint     ] Entering safepoint region: Cleanup
[2023-10-19T09:57:25.936+0000][4606.202s][info ][safepoint     ] Leaving safepoint region
[2023-10-19T09:57:25.937+0000][4606.202s][info ][safepoint     ] Total time for which application threads were stopped: 0.0014101 seconds, Stopping threads took: 0.0005993 seconds
[2023-10-19T09:57:26.937+0000][4607.203s][debug][safepoint     ] Safepoint synchronization initiated. (173 threads)
[2023-10-19T09:57:26.938+0000][4607.203s][info ][safepoint     ] Application time: 1.0007698 seconds
[2023-10-19T09:57:26.938+0000][4607.204s][info ][safepoint     ] Entering safepoint region: Cleanup
[2023-10-19T09:57:26.939+0000][4607.205s][info ][safepoint     ] Leaving safepoint region
[2023-10-19T09:57:26.940+0000][4607.205s][info ][safepoint     ] Total time for which application threads were stopped: 0.0013437 seconds, Stopping threads took: 0.0005611 seconds
[2023-10-19T09:57:27.940+0000][4608.206s][debug][safepoint     ] Safepoint synchronization initiated. (173 threads)
[2023-10-19T09:57:27.941+0000][4608.206s][info ][safepoint     ] Application time: 1.0006816 seconds
[2023-10-19T09:57:27.941+0000][4608.207s][info ][safepoint     ] Entering safepoint region: Cleanup
[2023-10-19T09:57:27.942+0000][4608.208s][info ][safepoint     ] Leaving safepoint region
[2023-10-19T09:57:27.943+0000][4608.208s][info ][safepoint     ] Total time for which application threads were stopped: 0.0012024 seconds, Stopping threads took: 0.0004513 seconds
[2023-10-19T09:57:28.943+0000][4609.209s][debug][safepoint     ] Safepoint synchronization initiated. (173 threads)
[2023-10-19T09:57:28.944+0000][4609.209s][info ][safepoint     ] Application time: 1.0009600 seconds
[2023-10-19T09:57:28.945+0000][4609.210s][info ][safepoint     ] Entering safepoint region: Cleanup
[2023-10-19T09:57:28.945+0000][4609.211s][info ][safepoint     ] Leaving safepoint region
[2023-10-19T09:57:28.946+0000][4609.211s][info ][safepoint     ] Total time for which application threads were stopped: 0.0011653 seconds, Stopping threads took: 0.0005094 seconds
[2023-10-19T09:57:29.946+0000][4610.212s][debug][safepoint     ] Safepoint synchronization initiated. (173 threads)
[2023-10-19T09:57:29.948+0000][4610.213s][info ][safepoint     ] Application time: 1.0015152 seconds
[2023-10-19T09:57:29.949+0000][4610.214s][info ][safepoint     ] Entering safepoint region: Cleanup
[2023-10-19T09:57:29.950+0000][4610.215s][info ][safepoint     ] Leaving safepoint region
[2023-10-19T09:57:29.951+0000][4610.216s][info ][safepoint     ] Total time for which application threads were stopped: 0.0021018 seconds, Stopping threads took: 0.0009522 seconds
[2023-10-19T09:57:30.952+0000][4611.217s][debug][safepoint     ] Safepoint synchronization initiated. (173 threads)
[2023-10-19T09:57:30.952+0000][4611.218s][info ][safepoint     ] Application time: 1.0009089 seconds
[2023-10-19T09:57:30.953+0000][4611.219s][info ][safepoint     ] Entering safepoint region: Cleanup
[2023-10-19T09:57:30.954+0000][4611.220s][info ][safepoint     ] Leaving safepoint region
[2023-10-19T09:57:30.955+0000][4611.220s][info ][safepoint     ] Total time for which application threads were stopped: 0.0014363 seconds, Stopping threads took: 0.0005743 seconds
[2023-10-19T09:57:31.955+0000][4612.221s][debug][safepoint     ] Safepoint synchronization initiated. (173 threads)
[2023-10-19T09:57:31.956+0000][4612.222s][info ][safepoint     ] Application time: 1.0007921 seconds
[2023-10-19T09:57:31.957+0000][4612.222s][info ][safepoint     ] Entering safepoint region: Cleanup
[2023-10-19T09:57:31.957+0000][4612.223s][info ][safepoint     ] Leaving safepoint region
[2023-10-19T09:57:31.958+0000][4612.223s][info ][safepoint     ] Total time for which application threads were stopped: 0.0011906 seconds, Stopping threads took: 0.0004595 seconds
[2023-10-19T09:57:32.958+0000][4613.224s][debug][safepoint     ] Safepoint synchronization initiated. (173 threads)
[2023-10-19T09:57:32.959+0000][4613.224s][info ][safepoint     ] Application time: 1.0006693 seconds
[2023-10-19T09:57:32.960+0000][4613.225s][info ][safepoint     ] Entering safepoint region: Cleanup
[2023-10-19T09:57:32.961+0000][4613.226s][info ][safepoint     ] Leaving safepoint region
[2023-10-19T09:57:32.961+0000][4613.226s][info ][safepoint     ] Total time for which application threads were stopped: 0.0010919 seconds, Stopping threads took: 0.0005540 seconds
[2023-10-19T09:57:33.962+0000][4614.227s][debug][safepoint     ] Safepoint synchronization initiated. (173 threads)
[2023-10-19T09:57:33.963+0000][4614.228s][info ][safepoint     ] Application time: 1.0011431 seconds
[2023-10-19T09:57:33.963+0000][4614.228s][info ][safepoint     ] Entering safepoint region: Cleanup
[2023-10-19T09:57:33.964+0000][4614.229s][info ][safepoint     ] Leaving safepoint region
[2023-10-19T09:57:33.964+0000][4614.230s][info ][safepoint     ] Total time for which application threads were stopped: 0.0011972 seconds, Stopping threads took: 0.0005568 seconds
[2023-10-19T09:57:34.965+0000][4615.230s][debug][safepoint     ] Safepoint synchronization initiated. (173 threads)
[2023-10-19T09:57:34.966+0000][4615.232s][info ][safepoint     ] Application time: 1.0014923 seconds
[2023-10-19T09:57:34.967+0000][4615.233s][info ][safepoint     ] Entering safepoint region: Cleanup
[2023-10-19T09:57:34.969+0000][4615.234s][info ][safepoint     ] Leaving safepoint region
[2023-10-19T09:57:34.970+0000][4615.235s][info ][safepoint     ] Total time for which application threads were stopped: 0.0021820 seconds, Stopping threads took: 0.0010544 seconds
[2023-10-19T09:57:35.970+0000][4616.236s][debug][safepoint     ] Safepoint synchronization initiated. (173 threads)
[2023-10-19T09:57:35.972+0000][4616.237s][info ][safepoint     ] Application time: 1.0014519 seconds
[2023-10-19T09:57:35.973+0000][4616.238s][info ][safepoint     ] Entering safepoint region: Cleanup
[2023-10-19T09:57:35.974+0000][4616.239s][info ][safepoint     ] Leaving safepoint region
[2023-10-19T09:57:35.974+0000][4616.240s][info ][safepoint     ] Total time for which application threads were stopped: 0.0018273 seconds, Stopping threads took: 0.0007687 seconds
[2023-10-19T09:57:36.976+0000][4617.241s][debug][safepoint     ] Safepoint synchronization initiated. (173 threads)
[2023-10-19T09:57:36.976+0000][4617.242s][info ][safepoint     ] Application time: 1.0011264 seconds
[2023-10-19T09:57:36.977+0000][4617.243s][info ][safepoint     ] Entering safepoint region: Cleanup
[2023-10-19T09:57:36.978+0000][4617.244s][info ][safepoint     ] Leaving safepoint region
[2023-10-19T09:57:36.979+0000][4617.244s][info ][safepoint     ] Total time for which application threads were stopped: 0.0017975 seconds, Stopping threads took: 0.0008704 seconds
[2023-10-19T09:57:37.980+0000][4618.245s][debug][safepoint     ] Safepoint synchronization initiated. (173 threads)
[2023-10-19T09:57:37.981+0000][4618.246s][info ][safepoint     ] Application time: 1.0008006 seconds
[2023-10-19T09:57:37.981+0000][4618.246s][info ][safepoint     ] Entering safepoint region: Cleanup
[2023-10-19T09:57:37.982+0000][4618.247s][info ][safepoint     ] Leaving safepoint region
[2023-10-19T09:57:37.982+0000][4618.248s][info ][safepoint     ] Total time for which application threads were stopped: 0.0011992 seconds, Stopping threads took: 0.0006535 seconds
[2023-10-19T09:57:38.983+0000][4619.248s][debug][safepoint     ] Safepoint synchronization initiated. (173 threads)
[2023-10-19T09:57:38.984+0000][4619.249s][info ][safepoint     ] Application time: 1.0008912 seconds
[2023-10-19T09:57:38.984+0000][4619.250s][info ][safepoint     ] Entering safepoint region: Cleanup
[2023-10-19T09:57:38.985+0000][4619.250s][info ][safepoint     ] Leaving safepoint region
[2023-10-19T09:57:38.985+0000][4619.251s][info ][safepoint     ] Total time for which application threads were stopped: 0.0011403 seconds, Stopping threads took: 0.0005908 seconds
[2023-10-19T09:57:39.986+0000][4620.251s][debug][safepoint     ] Safepoint synchronization initiated. (173 threads)
[2023-10-19T09:57:39.987+0000][4620.252s][info ][safepoint     ] Application time: 1.0007700 seconds
[2023-10-19T09:57:39.987+0000][4620.252s][info ][safepoint     ] Entering safepoint region: Cleanup
[2023-10-19T09:57:39.988+0000][4620.253s][info ][safepoint     ] Leaving safepoint region
[2023-10-19T09:57:39.988+0000][4620.253s][info ][safepoint     ] Total time for which application threads were stopped: 0.0010630 seconds, Stopping threads took: 0.0004607 seconds
[2023-10-19T09:57:40.989+0000][4621.254s][debug][safepoint     ] Safepoint synchronization initiated. (173 threads)
[2023-10-19T09:57:40.990+0000][4621.255s][info ][safepoint     ] Application time: 1.0011440 seconds
[2023-10-19T09:57:40.990+0000][4621.256s][info ][safepoint     ] Entering safepoint region: Cleanup
[2023-10-19T09:57:40.991+0000][4621.257s][info ][safepoint     ] Leaving safepoint region
[2023-10-19T09:57:40.992+0000][4621.257s][info ][safepoint     ] Total time for which application threads were stopped: 0.0017139 seconds, Stopping threads took: 0.0007335 seconds
[2023-10-19T09:57:41.993+0000][4622.258s][debug][safepoint     ] Safepoint synchronization initiated. (173 threads)
[2023-10-19T09:57:41.993+0000][4622.259s][info ][safepoint     ] Application time: 1.0006694 seconds
[2023-10-19T09:57:41.994+0000][4622.259s][info ][safepoint     ] Entering safepoint region: Cleanup
[2023-10-19T09:57:41.994+0000][4622.260s][info ][safepoint     ] Leaving safepoint region
[2023-10-19T09:57:41.995+0000][4622.260s][info ][safepoint     ] Total time for which application threads were stopped: 0.0011436 seconds, Stopping threads took: 0.0004994 seconds
[2023-10-19T09:57:42.995+0000][4623.261s][debug][safepoint     ] Safepoint synchronization initiated. (173 threads)
[2023-10-19T09:57:42.996+0000][4623.262s][info ][safepoint     ] Application time: 1.0010805 seconds
[2023-10-19T09:57:42.997+0000][4623.262s][info ][safepoint     ] Entering safepoint region: Cleanup
[2023-10-19T09:57:42.998+0000][4623.263s][info ][safepoint     ] Leaving safepoint region
[2023-10-19T09:57:42.999+0000][4623.264s][info ][safepoint     ] Total time for which application threads were stopped: 0.0017282 seconds, Stopping threads took: 0.0007604 seconds
[2023-10-19T09:57:43.999+0000][4624.265s][debug][safepoint     ] Safepoint synchronization initiated. (173 threads)
[2023-10-19T09:57:44.000+0000][4624.266s][info ][safepoint     ] Application time: 1.0009753 seconds
[2023-10-19T09:57:44.001+0000][4624.266s][info ][safepoint     ] Entering safepoint region: Cleanup
[2023-10-19T09:57:44.001+0000][4624.267s][info ][safepoint     ] Leaving safepoint region
[2023-10-19T09:57:44.002+0000][4624.267s][info ][safepoint     ] Total time for which application threads were stopped: 0.0012374 seconds, Stopping threads took: 0.0005184 seconds
[2023-10-19T09:57:45.003+0000][4625.268s][debug][safepoint     ] Safepoint synchronization initiated. (173 threads)
[2023-10-19T09:57:45.003+0000][4625.269s][info ][safepoint     ] Application time: 1.0010622 seconds
[2023-10-19T09:57:45.004+0000][4625.269s][info ][safepoint     ] Entering safepoint region: Cleanup
[2023-10-19T09:57:45.005+0000][4625.270s][info ][safepoint     ] Leaving safepoint region
[2023-10-19T09:57:45.005+0000][4625.271s][info ][safepoint     ] Total time for which application threads were stopped: 0.0013676 seconds, Stopping threads took: 0.0005757 seconds
[2023-10-19T09:57:46.006+0000][4626.271s][debug][safepoint     ] Safepoint synchronization initiated. (173 threads)
[2023-10-19T09:57:46.007+0000][4626.272s][info ][safepoint     ] Application time: 1.0006710 seconds
[2023-10-19T09:57:46.007+0000][4626.273s][info ][safepoint     ] Entering safepoint region: Cleanup
[2023-10-19T09:57:46.008+0000][4626.273s][info ][safepoint     ] Leaving safepoint region
[2023-10-19T09:57:46.008+0000][4626.273s][info ][safepoint     ] Total time for which application threads were stopped: 0.0009934 seconds, Stopping threads took: 0.0004263 seconds
[2023-10-19T09:57:47.009+0000][4627.274s][debug][safepoint     ] Safepoint synchronization initiated. (173 threads)
[2023-10-19T09:57:47.009+0000][4627.275s][info ][safepoint     ] Application time: 1.0006919 seconds
[2023-10-19T09:57:47.010+0000][4627.275s][info ][safepoint     ] Entering safepoint region: Cleanup
[2023-10-19T09:57:47.010+0000][4627.275s][info ][safepoint     ] Leaving safepoint region
[2023-10-19T09:57:47.010+0000][4627.276s][info ][safepoint     ] Total time for which application threads were stopped: 0.0007773 seconds, Stopping threads took: 0.0002962 seconds
[2023-10-19T09:57:48.011+0000][4628.276s][debug][safepoint     ] Safepoint synchronization initiated. (173 threads)
[2023-10-19T09:57:48.011+0000][4628.277s][info ][safepoint     ] Application time: 1.0006321 seconds
[2023-10-19T09:57:48.012+0000][4628.277s][info ][safepoint     ] Entering safepoint region: Cleanup
[2023-10-19T09:57:48.012+0000][4628.278s][info ][safepoint     ] Leaving safepoint region
[2023-10-19T09:57:48.013+0000][4628.278s][info ][safepoint     ] Total time for which application threads were stopped: 0.0008991 seconds, Stopping threads took: 0.0003890 seconds
[2023-10-19T09:57:49.013+0000][4629.279s][debug][safepoint     ] Safepoint synchronization initiated. (173 threads)
[2023-10-19T09:57:49.014+0000][4629.279s][info ][safepoint     ] Application time: 1.0010274 seconds
[2023-10-19T09:57:49.015+0000][4629.280s][info ][safepoint     ] Entering safepoint region: Cleanup
[2023-10-19T09:57:49.015+0000][4629.281s][info ][safepoint     ] Leaving safepoint region
[2023-10-19T09:57:49.016+0000][4629.281s][info ][safepoint     ] Total time for which application threads were stopped: 0.0015110 seconds, Stopping threads took: 0.0007491 seconds
[2023-10-19T09:57:50.017+0000][4630.282s][debug][safepoint     ] Safepoint synchronization initiated. (173 threads)
[2023-10-19T09:57:50.018+0000][4630.283s][info ][safepoint     ] Application time: 1.0012072 seconds
[2023-10-19T09:57:50.019+0000][4630.284s][info ][safepoint     ] Entering safepoint region: Cleanup
[2023-10-19T09:57:50.020+0000][4630.285s][info ][safepoint     ] Leaving safepoint region
[2023-10-19T09:57:50.020+0000][4630.286s][info ][safepoint     ] Total time for which application threads were stopped: 0.0017050 seconds, Stopping threads took: 0.0007655 seconds
[2023-10-19T09:57:51.021+0000][4631.287s][debug][safepoint     ] Safepoint synchronization initiated. (173 threads)
[2023-10-19T09:57:51.022+0000][4631.287s][info ][safepoint     ] Application time: 1.0007792 seconds
[2023-10-19T09:57:51.022+0000][4631.288s][info ][safepoint     ] Entering safepoint region: Cleanup
[2023-10-19T09:57:51.023+0000][4631.288s][info ][safepoint     ] Leaving safepoint region
[2023-10-19T09:57:51.023+0000][4631.289s][info ][safepoint     ] Total time for which application threads were stopped: 0.0011157 seconds, Stopping threads took: 0.0004907 seconds
[2023-10-19T09:57:52.024+0000][4632.289s][debug][safepoint     ] Safepoint synchronization initiated. (173 threads)
[2023-10-19T09:57:52.024+0000][4632.290s][info ][safepoint     ] Application time: 1.0005232 seconds
[2023-10-19T09:57:52.025+0000][4632.290s][info ][safepoint     ] Entering safepoint region: Cleanup
[2023-10-19T09:57:52.025+0000][4632.290s][info ][safepoint     ] Leaving safepoint region
[2023-10-19T09:57:52.026+0000][4632.291s][info ][safepoint     ] Total time for which application threads were stopped: 0.0009056 seconds, Stopping threads took: 0.0003286 seconds
[2023-10-19T09:57:53.026+0000][4633.292s][debug][safepoint     ] Safepoint synchronization initiated. (173 threads)
[2023-10-19T09:57:53.027+0000][4633.293s][info ][safepoint     ] Application time: 1.0012237 seconds
[2023-10-19T09:57:53.029+0000][4633.294s][info ][safepoint     ] Entering safepoint region: Cleanup
[2023-10-19T09:57:53.030+0000][4633.295s][info ][safepoint     ] Leaving safepoint region
[2023-10-19T09:57:53.030+0000][4633.296s][info ][safepoint     ] Total time for which application threads were stopped: 0.0014567 seconds, Stopping threads took: 0.0006740 seconds
[2023-10-19T09:57:54.031+0000][4634.297s][debug][safepoint     ] Safepoint synchronization initiated. (173 threads)
[2023-10-19T09:57:54.032+0000][4634.297s][info ][safepoint     ] Application time: 1.0008996 seconds
[2023-10-19T09:57:54.032+0000][4634.298s][info ][safepoint     ] Entering safepoint region: Cleanup
[2023-10-19T09:57:54.033+0000][4634.298s][info ][safepoint     ] Leaving safepoint region
[2023-10-19T09:57:54.033+0000][4634.299s][info ][safepoint     ] Total time for which application threads were stopped: 0.0012099 seconds, Stopping threads took: 0.0005990 seconds
[2023-10-19T09:57:55.034+0000][4635.299s][debug][safepoint     ] Safepoint synchronization initiated. (173 threads)
[2023-10-19T09:57:55.035+0000][4635.300s][info ][safepoint     ] Application time: 1.0009791 seconds
[2023-10-19T09:57:55.036+0000][4635.301s][info ][safepoint     ] Entering safepoint region: Cleanup
[2023-10-19T09:57:55.036+0000][4635.302s][info ][safepoint     ] Leaving safepoint region
[2023-10-19T09:57:55.037+0000][4635.303s][info ][safepoint     ] Total time for which application threads were stopped: 0.0016250 seconds, Stopping threads took: 0.0005577 seconds
[2023-10-19T09:57:56.038+0000][4636.304s][debug][safepoint     ] Safepoint synchronization initiated. (173 threads)
[2023-10-19T09:57:56.039+0000][4636.304s][info ][safepoint     ] Application time: 1.0011560 seconds
[2023-10-19T09:57:56.039+0000][4636.305s][info ][safepoint     ] Entering safepoint region: Cleanup
[2023-10-19T09:57:56.040+0000][4636.305s][info ][safepoint     ] Leaving safepoint region
[2023-10-19T09:57:56.041+0000][4636.306s][info ][safepoint     ] Total time for which application threads were stopped: 0.0013708 seconds, Stopping threads took: 0.0005740 seconds
[2023-10-19T09:57:57.042+0000][4637.307s][debug][safepoint     ] Safepoint synchronization initiated. (173 threads)
[2023-10-19T09:57:57.042+0000][4637.308s][info ][safepoint     ] Application time: 1.0009515 seconds
[2023-10-19T09:57:57.043+0000][4637.308s][info ][safepoint     ] Entering safepoint region: Cleanup
[2023-10-19T09:57:57.043+0000][4637.309s][info ][safepoint     ] Leaving safepoint region
[2023-10-19T09:57:57.044+0000][4637.309s][info ][safepoint     ] Total time for which application threads were stopped: 0.0011332 seconds, Stopping threads took: 0.0004226 seconds
[2023-10-19T09:57:58.044+0000][4638.310s][debug][safepoint     ] Safepoint synchronization initiated. (173 threads)
[2023-10-19T09:57:58.045+0000][4638.310s][info ][safepoint     ] Application time: 1.0007831 seconds
[2023-10-19T09:57:58.046+0000][4638.311s][info ][safepoint     ] Entering safepoint region: Cleanup
[2023-10-19T09:57:58.046+0000][4638.311s][info ][safepoint     ] Leaving safepoint region
[2023-10-19T09:57:58.046+0000][4638.312s][info ][safepoint     ] Total time for which application threads were stopped: 0.0008832 seconds, Stopping threads took: 0.0003539 seconds
[2023-10-19T09:57:59.047+0000][4639.312s][debug][safepoint     ] Safepoint synchronization initiated. (173 threads)
[2023-10-19T09:57:59.047+0000][4639.313s][info ][safepoint     ] Application time: 1.0006474 seconds
[2023-10-19T09:57:59.048+0000][4639.314s][info ][safepoint     ] Entering safepoint region: Cleanup
[2023-10-19T09:57:59.049+0000][4639.314s][info ][safepoint     ] Leaving safepoint region
[2023-10-19T09:57:59.049+0000][4639.315s][info ][safepoint     ] Total time for which application threads were stopped: 0.0012008 seconds, Stopping threads took: 0.0005624 seconds
[2023-10-19T09:58:00.050+0000][4640.315s][debug][safepoint     ] Safepoint synchronization initiated. (173 threads)
[2023-10-19T09:58:00.051+0000][4640.316s][info ][safepoint     ] Application time: 1.0008318 seconds
[2023-10-19T09:58:00.051+0000][4640.317s][info ][safepoint     ] Entering safepoint region: Cleanup
[2023-10-19T09:58:00.052+0000][4640.317s][info ][safepoint     ] Leaving safepoint region
[2023-10-19T09:58:00.052+0000][4640.318s][info ][safepoint     ] Total time for which application threads were stopped: 0.0010976 seconds, Stopping threads took: 0.0004920 seconds
[2023-10-19T09:58:01.053+0000][4641.318s][debug][safepoint     ] Safepoint synchronization initiated. (173 threads)
[2023-10-19T09:58:01.053+0000][4641.319s][info ][safepoint     ] Application time: 1.0006213 seconds
[2023-10-19T09:58:01.054+0000][4641.319s][info ][safepoint     ] Entering safepoint region: Cleanup
[2023-10-19T09:58:01.054+0000][4641.320s][info ][safepoint     ] Leaving safepoint region
[2023-10-19T09:58:01.055+0000][4641.320s][info ][safepoint     ] Total time for which application threads were stopped: 0.0009952 seconds, Stopping threads took: 0.0004174 seconds
[2023-10-19T09:58:02.055+0000][4642.321s][debug][safepoint     ] Safepoint synchronization initiated. (173 threads)
[2023-10-19T09:58:02.056+0000][4642.321s][info ][safepoint     ] Application time: 1.0005072 seconds
[2023-10-19T09:58:02.056+0000][4642.321s][info ][safepoint     ] Entering safepoint region: Cleanup
[2023-10-19T09:58:02.057+0000][4642.322s][info ][safepoint     ] Leaving safepoint region
[2023-10-19T09:58:02.057+0000][4642.322s][info ][safepoint     ] Total time for which application threads were stopped: 0.0008373 seconds, Stopping threads took: 0.0003898 seconds
[2023-10-19T09:58:03.057+0000][4643.323s][debug][safepoint     ] Safepoint synchronization initiated. (173 threads)
[2023-10-19T09:58:03.058+0000][4643.323s][info ][safepoint     ] Application time: 1.0006348 seconds
[2023-10-19T09:58:03.058+0000][4643.323s][info ][safepoint     ] Entering safepoint region: Cleanup
[2023-10-19T09:58:03.059+0000][4643.324s][info ][safepoint     ] Leaving safepoint region
[2023-10-19T09:58:03.059+0000][4643.324s][info ][safepoint     ] Total time for which application threads were stopped: 0.0008663 seconds, Stopping threads took: 0.0003137 seconds
[2023-10-19T09:58:04.060+0000][4644.325s][debug][safepoint     ] Safepoint synchronization initiated. (173 threads)
[2023-10-19T09:58:04.060+0000][4644.326s][info ][safepoint     ] Application time: 1.0012217 seconds
[2023-10-19T09:58:04.061+0000][4644.327s][info ][safepoint     ] Entering safepoint region: Cleanup
[2023-10-19T09:58:04.063+0000][4644.328s][info ][safepoint     ] Leaving safepoint region
[2023-10-19T09:58:04.064+0000][4644.329s][info ][safepoint     ] Total time for which application threads were stopped: 0.0022413 seconds, Stopping threads took: 0.0009356 seconds
[2023-10-19T09:58:05.065+0000][4645.330s][debug][safepoint     ] Safepoint synchronization initiated. (173 threads)
[2023-10-19T09:58:05.066+0000][4645.331s][info ][safepoint     ] Application time: 1.0014191 seconds
[2023-10-19T09:58:05.067+0000][4645.332s][info ][safepoint     ] Entering safepoint region: Cleanup
[2023-10-19T09:58:05.068+0000][4645.334s][info ][safepoint     ] Leaving safepoint region
[2023-10-19T09:58:05.069+0000][4645.335s][info ][safepoint     ] Total time for which application threads were stopped: 0.0024976 seconds, Stopping threads took: 0.0010483 seconds
[2023-10-19T09:58:06.070+0000][4646.336s][debug][safepoint     ] Safepoint synchronization initiated. (173 threads)
[2023-10-19T09:58:06.071+0000][4646.337s][info ][safepoint     ] Application time: 1.0011325 seconds
[2023-10-19T09:58:06.072+0000][4646.337s][info ][safepoint     ] Entering safepoint region: Cleanup
[2023-10-19T09:58:06.073+0000][4646.338s][info ][safepoint     ] Leaving safepoint region
[2023-10-19T09:58:06.074+0000][4646.339s][info ][safepoint     ] Total time for which application threads were stopped: 0.0017828 seconds, Stopping threads took: 0.0007014 seconds
[2023-10-19T09:58:07.075+0000][4647.340s][debug][safepoint     ] Safepoint synchronization initiated. (173 threads)
[2023-10-19T09:58:07.075+0000][4647.341s][info ][safepoint     ] Application time: 1.0009456 seconds
[2023-10-19T09:58:07.076+0000][4647.341s][info ][safepoint     ] Entering safepoint region: Cleanup
[2023-10-19T09:58:07.077+0000][4647.342s][info ][safepoint     ] Leaving safepoint region
[2023-10-19T09:58:07.077+0000][4647.342s][info ][safepoint     ] Total time for which application threads were stopped: 0.0011764 seconds, Stopping threads took: 0.0004708 seconds
[2023-10-19T09:58:08.078+0000][4648.343s][debug][safepoint     ] Safepoint synchronization initiated. (173 threads)
[2023-10-19T09:58:08.079+0000][4648.344s][info ][safepoint     ] Application time: 1.0013237 seconds
[2023-10-19T09:58:08.080+0000][4648.345s][info ][safepoint     ] Entering safepoint region: Cleanup
[2023-10-19T09:58:08.081+0000][4648.346s][info ][safepoint     ] Leaving safepoint region
[2023-10-19T09:58:08.081+0000][4648.347s][info ][safepoint     ] Total time for which application threads were stopped: 0.0017891 seconds, Stopping threads took: 0.0008100 seconds
[2023-10-19T09:58:09.082+0000][4649.348s][debug][safepoint     ] Safepoint synchronization initiated. (173 threads)
[2023-10-19T09:58:09.084+0000][4649.349s][info ][safepoint     ] Application time: 1.0015309 seconds
[2023-10-19T09:58:09.085+0000][4649.350s][info ][safepoint     ] Entering safepoint region: Cleanup
[2023-10-19T09:58:09.086+0000][4649.351s][info ][safepoint     ] Leaving safepoint region
[2023-10-19T09:58:09.087+0000][4649.352s][info ][safepoint     ] Total time for which application threads were stopped: 0.0020378 seconds, Stopping threads took: 0.0009329 seconds
[2023-10-19T09:58:10.088+0000][4650.353s][debug][safepoint     ] Safepoint synchronization initiated. (173 threads)
[2023-10-19T09:58:10.088+0000][4650.354s][info ][safepoint     ] Application time: 1.0008496 seconds
[2023-10-19T09:58:10.089+0000][4650.354s][info ][safepoint     ] Entering safepoint region: Cleanup
[2023-10-19T09:58:10.089+0000][4650.355s][info ][safepoint     ] Leaving safepoint region
[2023-10-19T09:58:10.090+0000][4650.355s][info ][safepoint     ] Total time for which application threads were stopped: 0.0010897 seconds, Stopping threads took: 0.0005020 seconds
[2023-10-19T09:58:11.090+0000][4651.356s][debug][safepoint     ] Safepoint synchronization initiated. (173 threads)
[2023-10-19T09:58:11.091+0000][4651.356s][info ][safepoint     ] Application time: 1.0005487 seconds
[2023-10-19T09:58:11.091+0000][4651.357s][info ][safepoint     ] Entering safepoint region: Cleanup
[2023-10-19T09:58:11.092+0000][4651.357s][info ][safepoint     ] Leaving safepoint region
[2023-10-19T09:58:11.092+0000][4651.357s][info ][safepoint     ] Total time for which application threads were stopped: 0.0007953 seconds, Stopping threads took: 0.0003455 seconds
[2023-10-19T09:58:12.092+0000][4652.358s][debug][safepoint     ] Safepoint synchronization initiated. (173 threads)
[2023-10-19T09:58:12.093+0000][4652.358s][info ][safepoint     ] Application time: 1.0007883 seconds
[2023-10-19T09:58:12.093+0000][4652.359s][info ][safepoint     ] Entering safepoint region: Cleanup
[2023-10-19T09:58:12.094+0000][4652.360s][info ][safepoint     ] Leaving safepoint region
[2023-10-19T09:58:12.095+0000][4652.360s][info ][safepoint     ] Total time for which application threads were stopped: 0.0012388 seconds, Stopping threads took: 0.0005586 seconds
[2023-10-19T09:58:13.096+0000][4653.361s][debug][safepoint     ] Safepoint synchronization initiated. (173 threads)
[2023-10-19T09:58:13.097+0000][4653.362s][info ][safepoint     ] Application time: 1.0013044 seconds
[2023-10-19T09:58:13.098+0000][4653.363s][info ][safepoint     ] Entering safepoint region: Cleanup
[2023-10-19T09:58:13.099+0000][4653.364s][info ][safepoint     ] Leaving safepoint region
[2023-10-19T09:58:13.100+0000][4653.365s][info ][safepoint     ] Total time for which application threads were stopped: 0.0020753 seconds, Stopping threads took: 0.0008879 seconds
[2023-10-19T09:58:14.101+0000][4654.366s][debug][safepoint     ] Safepoint synchronization initiated. (173 threads)
[2023-10-19T09:58:14.101+0000][4654.367s][info ][safepoint     ] Application time: 1.0008462 seconds
[2023-10-19T09:58:14.102+0000][4654.367s][info ][safepoint     ] Entering safepoint region: Cleanup
[2023-10-19T09:58:14.102+0000][4654.368s][info ][safepoint     ] Leaving safepoint region
[2023-10-19T09:58:14.103+0000][4654.368s][info ][safepoint     ] Total time for which application threads were stopped: 0.0011587 seconds, Stopping threads took: 0.0005302 seconds
[2023-10-19T09:58:15.104+0000][4655.369s][debug][safepoint     ] Safepoint synchronization initiated. (173 threads)
[2023-10-19T09:58:15.104+0000][4655.370s][info ][safepoint     ] Application time: 1.0009828 seconds
[2023-10-19T09:58:15.105+0000][4655.371s][info ][safepoint     ] Entering safepoint region: Cleanup
[2023-10-19T09:58:15.106+0000][4655.371s][info ][safepoint     ] Leaving safepoint region
[2023-10-19T09:58:15.107+0000][4655.372s][info ][safepoint     ] Total time for which application threads were stopped: 0.0014943 seconds, Stopping threads took: 0.0005937 seconds
[2023-10-19T09:58:16.107+0000][4656.373s][debug][safepoint     ] Safepoint synchronization initiated. (173 threads)
[2023-10-19T09:58:16.108+0000][4656.374s][info ][safepoint     ] Application time: 1.0011074 seconds
[2023-10-19T09:58:16.109+0000][4656.375s][info ][safepoint     ] Entering safepoint region: Cleanup
[2023-10-19T09:58:16.110+0000][4656.376s][info ][safepoint     ] Leaving safepoint region
[2023-10-19T09:58:16.111+0000][4656.376s][info ][safepoint     ] Total time for which application threads were stopped: 0.0016532 seconds, Stopping threads took: 0.0007742 seconds
[2023-10-19T09:58:17.112+0000][4657.377s][debug][safepoint     ] Safepoint synchronization initiated. (173 threads)
[2023-10-19T09:58:17.113+0000][4657.378s][info ][safepoint     ] Application time: 1.0015562 seconds
[2023-10-19T09:58:17.114+0000][4657.379s][info ][safepoint     ] Entering safepoint region: Cleanup
[2023-10-19T09:58:17.115+0000][4657.381s][info ][safepoint     ] Leaving safepoint region
[2023-10-19T09:58:17.116+0000][4657.382s][info ][safepoint     ] Total time for which application threads were stopped: 0.0024825 seconds, Stopping threads took: 0.0010431 seconds
[2023-10-19T09:58:18.118+0000][4658.383s][debug][safepoint     ] Safepoint synchronization initiated. (173 threads)
[2023-10-19T09:58:18.119+0000][4658.384s][info ][safepoint     ] Application time: 1.0014313 seconds
[2023-10-19T09:58:18.120+0000][4658.385s][info ][safepoint     ] Entering safepoint region: Cleanup
[2023-10-19T09:58:18.121+0000][4658.386s][info ][safepoint     ] Leaving safepoint region
[2023-10-19T09:58:18.122+0000][4658.387s][info ][safepoint     ] Total time for which application threads were stopped: 0.0021705 seconds, Stopping threads took: 0.0009362 seconds
[2023-10-19T09:58:19.123+0000][4659.388s][debug][safepoint     ] Safepoint synchronization initiated. (173 threads)
[2023-10-19T09:58:19.124+0000][4659.390s][info ][safepoint     ] Application time: 1.0015124 seconds
[2023-10-19T09:58:19.125+0000][4659.391s][info ][safepoint     ] Entering safepoint region: Cleanup
[2023-10-19T09:58:19.127+0000][4659.392s][info ][safepoint     ] Leaving safepoint region
[2023-10-19T09:58:19.128+0000][4659.393s][info ][safepoint     ] Total time for which application threads were stopped: 0.0024290 seconds, Stopping threads took: 0.0011767 seconds
[2023-10-19T09:58:19.275+0000][4659.540s][debug][safepoint     ] Safepoint synchronization initiated. (173 threads)
[2023-10-19T09:58:19.275+0000][4659.541s][info ][safepoint     ] Application time: 0.1468248 seconds
[2023-10-19T09:58:19.276+0000][4659.541s][info ][safepoint     ] Entering safepoint region: G1CollectForAllocation
[2023-10-19T09:58:19.277+0000][4659.542s][info ][gc,start      ] GC(106) Pause Young (Normal) (G1 Evacuation Pause)
[2023-10-19T09:58:19.277+0000][4659.543s][info ][gc,task       ] GC(106) Using 8 workers of 8 for evacuation
[2023-10-19T09:58:19.284+0000][4659.549s][info ][gc,phases     ] GC(106)   Pre Evacuate Collection Set: 0.1ms
[2023-10-19T09:58:19.285+0000][4659.550s][info ][gc,phases     ] GC(106)   Evacuate Collection Set: 2.9ms
[2023-10-19T09:58:19.285+0000][4659.550s][info ][gc,phases     ] GC(106)   Post Evacuate Collection Set: 2.9ms
[2023-10-19T09:58:19.285+0000][4659.551s][info ][gc,phases     ] GC(106)   Other: 1.4ms
[2023-10-19T09:58:19.286+0000][4659.551s][info ][gc,heap       ] GC(106) Eden regions: 147->0(148)
[2023-10-19T09:58:19.286+0000][4659.552s][info ][gc,heap       ] GC(106) Survivor regions: 2->2(19)
[2023-10-19T09:58:19.287+0000][4659.552s][info ][gc,heap       ] GC(106) Old regions: 131->131
[2023-10-19T09:58:19.288+0000][4659.553s][info ][gc,heap       ] GC(106) Humongous regions: 25->25
[2023-10-19T09:58:19.288+0000][4659.554s][info ][gc,metaspace  ] GC(106) Metaspace: 160787K(167888K)->160787K(167888K) NonClass: 142210K(146896K)->142210K(146896K) Class: 18577K(20992K)->18577K(20992K)
[2023-10-19T09:58:19.289+0000][4659.554s][info ][gc            ] GC(106) Pause Young (Normal) (G1 Evacuation Pause) 302M->155M(350M) 12.098ms
[2023-10-19T09:58:19.289+0000][4659.555s][info ][gc,cpu        ] GC(106) User=0.03s Sys=0.01s Real=0.02s
[2023-10-19T09:58:19.290+0000][4659.555s][info ][safepoint     ] Leaving safepoint region
[2023-10-19T09:58:19.290+0000][4659.556s][info ][safepoint     ] Total time for which application threads were stopped: 0.0144280 seconds, Stopping threads took: 0.0006037 seconds
[2023-10-19T09:58:20.291+0000][4660.556s][debug][safepoint     ] Safepoint synchronization initiated. (173 threads)
[2023-10-19T09:58:20.292+0000][4660.557s][info ][safepoint     ] Application time: 1.0011001 seconds
[2023-10-19T09:58:20.292+0000][4660.558s][info ][safepoint     ] Entering safepoint region: Cleanup
[2023-10-19T09:58:20.293+0000][4660.559s][info ][safepoint     ] Leaving safepoint region
[2023-10-19T09:58:20.294+0000][4660.559s][info ][safepoint     ] Total time for which application threads were stopped: 0.0013437 seconds, Stopping threads took: 0.0006610 seconds
[2023-10-19T09:58:21.295+0000][4661.560s][debug][safepoint     ] Safepoint synchronization initiated. (173 threads)
[2023-10-19T09:58:21.296+0000][4661.561s][info ][safepoint     ] Application time: 1.0014532 seconds
[2023-10-19T09:58:21.297+0000][4661.562s][debug][safepoint     ] ... found polling page loop exception at pc = 0x00007f0de931fb6a, stub =0x00007f0de0843680
[2023-10-19T09:58:21.298+0000][4661.563s][debug][safepoint     ] Waiting for 1 thread(s) to block
[2023-10-19T09:58:21.299+0000][4661.564s][info ][safepoint     ] Entering safepoint region: Cleanup
[2023-10-19T09:58:21.300+0000][4661.565s][info ][safepoint     ] Leaving safepoint region
[2023-10-19T09:58:21.300+0000][4661.566s][info ][safepoint     ] Total time for which application threads were stopped: 0.0036218 seconds, Stopping threads took: 0.0024506 seconds
[2023-10-19T09:58:22.301+0000][4662.567s][debug][safepoint     ] Safepoint synchronization initiated. (173 threads)
[2023-10-19T09:58:22.302+0000][4662.568s][info ][safepoint     ] Application time: 1.0011035 seconds
[2023-10-19T09:58:22.303+0000][4662.568s][info ][safepoint     ] Entering safepoint region: Cleanup
[2023-10-19T09:58:22.303+0000][4662.569s][info ][safepoint     ] Leaving safepoint region
[2023-10-19T09:58:22.304+0000][4662.569s][info ][safepoint     ] Total time for which application threads were stopped: 0.0011216 seconds, Stopping threads took: 0.0004906 seconds
[2023-10-19T09:58:23.305+0000][4663.570s][debug][safepoint     ] Safepoint synchronization initiated. (173 threads)
[2023-10-19T09:58:23.306+0000][4663.571s][info ][safepoint     ] Application time: 1.0013915 seconds
[2023-10-19T09:58:23.307+0000][4663.572s][info ][safepoint     ] Entering safepoint region: Cleanup
[2023-10-19T09:58:23.308+0000][4663.573s][info ][safepoint     ] Leaving safepoint region
[2023-10-19T09:58:23.308+0000][4663.574s][info ][safepoint     ] Total time for which application threads were stopped: 0.0017380 seconds, Stopping threads took: 0.0007594 seconds
[2023-10-19T09:58:24.309+0000][4664.575s][debug][safepoint     ] Safepoint synchronization initiated. (173 threads)
[2023-10-19T09:58:24.310+0000][4664.575s][info ][safepoint     ] Application time: 1.0007881 seconds
[2023-10-19T09:58:24.310+0000][4664.576s][info ][safepoint     ] Entering safepoint region: Cleanup
[2023-10-19T09:58:24.311+0000][4664.577s][info ][safepoint     ] Leaving safepoint region
[2023-10-19T09:58:24.312+0000][4664.577s][info ][safepoint     ] Total time for which application threads were stopped: 0.0011664 seconds, Stopping threads took: 0.0005138 seconds
[2023-10-19T09:58:25.312+0000][4665.578s][debug][safepoint     ] Safepoint synchronization initiated. (173 threads)
[2023-10-19T09:58:25.313+0000][4665.578s][info ][safepoint     ] Application time: 1.0008690 seconds
[2023-10-19T09:58:25.314+0000][4665.579s][info ][safepoint     ] Entering safepoint region: Cleanup
[2023-10-19T09:58:25.314+0000][4665.580s][info ][safepoint     ] Leaving safepoint region
[2023-10-19T09:58:25.315+0000][4665.580s][info ][safepoint     ] Total time for which application threads were stopped: 0.0009887 seconds, Stopping threads took: 0.0004293 seconds
[2023-10-19T09:58:26.315+0000][4666.581s][debug][safepoint     ] Safepoint synchronization initiated. (173 threads)
[2023-10-19T09:58:26.316+0000][4666.581s][info ][safepoint     ] Application time: 1.0009867 seconds
[2023-10-19T09:58:26.316+0000][4666.582s][info ][safepoint     ] Entering safepoint region: Cleanup
[2023-10-19T09:58:26.317+0000][4666.583s][info ][safepoint     ] Leaving safepoint region
[2023-10-19T09:58:26.318+0000][4666.583s][info ][safepoint     ] Total time for which application threads were stopped: 0.0013246 seconds, Stopping threads took: 0.0006242 seconds
[2023-10-19T09:58:27.319+0000][4667.584s][debug][safepoint     ] Safepoint synchronization initiated. (173 threads)
[2023-10-19T09:58:27.320+0000][4667.585s][info ][safepoint     ] Application time: 1.0014702 seconds
[2023-10-19T09:58:27.321+0000][4667.586s][info ][safepoint     ] Entering safepoint region: Cleanup
[2023-10-19T09:58:27.322+0000][4667.588s][info ][safepoint     ] Leaving safepoint region
[2023-10-19T09:58:27.323+0000][4667.588s][info ][safepoint     ] Total time for which application threads were stopped: 0.0021819 seconds, Stopping threads took: 0.0009774 seconds
[2023-10-19T09:58:28.324+0000][4668.590s][debug][safepoint     ] Safepoint synchronization initiated. (173 threads)
[2023-10-19T09:58:28.325+0000][4668.591s][info ][safepoint     ] Application time: 1.0014702 seconds
[2023-10-19T09:58:28.326+0000][4668.592s][info ][safepoint     ] Entering safepoint region: Cleanup
[2023-10-19T09:58:28.327+0000][4668.593s][info ][safepoint     ] Leaving safepoint region
[2023-10-19T09:58:28.328+0000][4668.594s][info ][safepoint     ] Total time for which application threads were stopped: 0.0019179 seconds, Stopping threads took: 0.0008308 seconds
[2023-10-19T09:58:29.329+0000][4669.595s][debug][safepoint     ] Safepoint synchronization initiated. (173 threads)
[2023-10-19T09:58:29.330+0000][4669.595s][info ][safepoint     ] Application time: 1.0006947 seconds
[2023-10-19T09:58:29.330+0000][4669.596s][info ][safepoint     ] Entering safepoint region: Cleanup
[2023-10-19T09:58:29.331+0000][4669.596s][info ][safepoint     ] Leaving safepoint region
[2023-10-19T09:58:29.331+0000][4669.596s][info ][safepoint     ] Total time for which application threads were stopped: 0.0008386 seconds, Stopping threads took: 0.0003503 seconds
[2023-10-19T09:58:30.332+0000][4670.597s][debug][safepoint     ] Safepoint synchronization initiated. (173 threads)
[2023-10-19T09:58:30.333+0000][4670.598s][info ][safepoint     ] Application time: 1.0012826 seconds
[2023-10-19T09:58:30.334+0000][4670.599s][info ][safepoint     ] Entering safepoint region: Cleanup
[2023-10-19T09:58:30.335+0000][4670.600s][info ][safepoint     ] Leaving safepoint region
[2023-10-19T09:58:30.335+0000][4670.601s][info ][safepoint     ] Total time for which application threads were stopped: 0.0017441 seconds, Stopping threads took: 0.0007444 seconds
[2023-10-19T09:58:31.336+0000][4671.602s][debug][safepoint     ] Safepoint synchronization initiated. (173 threads)
[2023-10-19T09:58:31.337+0000][4671.602s][info ][safepoint     ] Application time: 1.0009033 seconds
[2023-10-19T09:58:31.337+0000][4671.603s][info ][safepoint     ] Entering safepoint region: Cleanup
[2023-10-19T09:58:31.338+0000][4671.604s][info ][safepoint     ] Leaving safepoint region
[2023-10-19T09:58:31.339+0000][4671.604s][info ][safepoint     ] Total time for which application threads were stopped: 0.0011999 seconds, Stopping threads took: 0.0005526 seconds
[2023-10-19T09:58:32.339+0000][4672.605s][debug][safepoint     ] Safepoint synchronization initiated. (173 threads)
[2023-10-19T09:58:32.340+0000][4672.605s][info ][safepoint     ] Application time: 1.0009308 seconds
[2023-10-19T09:58:32.341+0000][4672.606s][info ][safepoint     ] Entering safepoint region: Cleanup
[2023-10-19T09:58:32.341+0000][4672.607s][info ][safepoint     ] Leaving safepoint region
[2023-10-19T09:58:32.342+0000][4672.607s][info ][safepoint     ] Total time for which application threads were stopped: 0.0012774 seconds, Stopping threads took: 0.0005877 seconds
[2023-10-19T09:58:33.341+0000][4673.608s][debug][safepoint     ] Safepoint synchronization initiated. (173 threads)
[2023-10-19T09:58:33.342+0000][4673.608s][info ][safepoint     ] Application time: 1.0008643 seconds
[2023-10-19T09:58:33.343+0000][4673.609s][info ][safepoint     ] Entering safepoint region: Cleanup
[2023-10-19T09:58:33.344+0000][4673.610s][info ][safepoint     ] Leaving safepoint region
[2023-10-19T09:58:33.344+0000][4673.611s][info ][safepoint     ] Total time for which application threads were stopped: 0.0015482 seconds, Stopping threads took: 0.0007657 seconds
[2023-10-19T09:58:34.345+0000][4674.611s][debug][safepoint     ] Safepoint synchronization initiated. (173 threads)
[2023-10-19T09:58:34.346+0000][4674.612s][info ][safepoint     ] Application time: 1.0007881 seconds
[2023-10-19T09:58:34.346+0000][4674.612s][info ][safepoint     ] Entering safepoint region: Cleanup
[2023-10-19T09:58:34.347+0000][4674.613s][info ][safepoint     ] Leaving safepoint region
[2023-10-19T09:58:34.347+0000][4674.613s][info ][safepoint     ] Total time for which application threads were stopped: 0.0009965 seconds, Stopping threads took: 0.0003948 seconds
[2023-10-19T09:58:35.348+0000][4675.614s][debug][safepoint     ] Safepoint synchronization initiated. (173 threads)
[2023-10-19T09:58:35.348+0000][4675.615s][info ][safepoint     ] Application time: 1.0010085 seconds
[2023-10-19T09:58:35.349+0000][4675.615s][info ][safepoint     ] Entering safepoint region: Cleanup
[2023-10-19T09:58:35.350+0000][4675.616s][info ][safepoint     ] Leaving safepoint region
[2023-10-19T09:58:35.350+0000][4675.616s][info ][safepoint     ] Total time for which application threads were stopped: 0.0010658 seconds, Stopping threads took: 0.0005235 seconds
[2023-10-19T09:58:36.350+0000][4676.617s][debug][safepoint     ] Safepoint synchronization initiated. (173 threads)
[2023-10-19T09:58:36.351+0000][4676.617s][info ][safepoint     ] Application time: 1.0005647 seconds
[2023-10-19T09:58:36.351+0000][4676.618s][info ][safepoint     ] Entering safepoint region: Cleanup
[2023-10-19T09:58:36.352+0000][4676.618s][info ][safepoint     ] Leaving safepoint region
[2023-10-19T09:58:36.352+0000][4676.619s][info ][safepoint     ] Total time for which application threads were stopped: 0.0009069 seconds, Stopping threads took: 0.0004097 seconds
[2023-10-19T09:58:37.353+0000][4677.619s][debug][safepoint     ] Safepoint synchronization initiated. (173 threads)
[2023-10-19T09:58:37.354+0000][4677.620s][info ][safepoint     ] Application time: 1.0010306 seconds
[2023-10-19T09:58:37.354+0000][4677.621s][info ][safepoint     ] Entering safepoint region: Cleanup
[2023-10-19T09:58:37.355+0000][4677.622s][info ][safepoint     ] Leaving safepoint region
[2023-10-19T09:58:37.356+0000][4677.622s][info ][safepoint     ] Total time for which application threads were stopped: 0.0014842 seconds, Stopping threads took: 0.0006409 seconds
[2023-10-19T09:58:38.357+0000][4678.623s][debug][safepoint     ] Safepoint synchronization initiated. (173 threads)
[2023-10-19T09:58:38.357+0000][4678.624s][info ][safepoint     ] Application time: 1.0008294 seconds
[2023-10-19T09:58:38.358+0000][4678.624s][info ][safepoint     ] Entering safepoint region: Cleanup
[2023-10-19T09:58:38.358+0000][4678.625s][info ][safepoint     ] Leaving safepoint region
[2023-10-19T09:58:38.359+0000][4678.625s][info ][safepoint     ] Total time for which application threads were stopped: 0.0012087 seconds, Stopping threads took: 0.0005929 seconds
[2023-10-19T09:58:39.360+0000][4679.626s][debug][safepoint     ] Safepoint synchronization initiated. (173 threads)
[2023-10-19T09:58:39.361+0000][4679.627s][info ][safepoint     ] Application time: 1.0012268 seconds
[2023-10-19T09:58:39.361+0000][4679.628s][info ][safepoint     ] Entering safepoint region: Cleanup
[2023-10-19T09:58:39.362+0000][4679.628s][info ][safepoint     ] Leaving safepoint region
[2023-10-19T09:58:39.362+0000][4679.629s][info ][safepoint     ] Total time for which application threads were stopped: 0.0012491 seconds, Stopping threads took: 0.0006642 seconds
[2023-10-19T09:58:40.363+0000][4680.630s][debug][safepoint     ] Safepoint synchronization initiated. (173 threads)
[2023-10-19T09:58:40.364+0000][4680.631s][info ][safepoint     ] Application time: 1.0015950 seconds
[2023-10-19T09:58:40.365+0000][4680.632s][info ][safepoint     ] Entering safepoint region: Cleanup
[2023-10-19T09:58:40.367+0000][4680.633s][info ][safepoint     ] Leaving safepoint region
[2023-10-19T09:58:40.368+0000][4680.634s][info ][safepoint     ] Total time for which application threads were stopped: 0.0025577 seconds, Stopping threads took: 0.0011009 seconds
[2023-10-19T09:58:41.369+0000][4681.635s][debug][safepoint     ] Safepoint synchronization initiated. (173 threads)
[2023-10-19T09:58:41.369+0000][4681.636s][info ][safepoint     ] Application time: 1.0006171 seconds
[2023-10-19T09:58:41.370+0000][4681.636s][info ][safepoint     ] Entering safepoint region: Cleanup
[2023-10-19T09:58:41.370+0000][4681.637s][info ][safepoint     ] Leaving safepoint region
[2023-10-19T09:58:41.371+0000][4681.637s][info ][safepoint     ] Total time for which application threads were stopped: 0.0010697 seconds, Stopping threads took: 0.0004157 seconds
[2023-10-19T09:58:42.371+0000][4682.638s][debug][safepoint     ] Safepoint synchronization initiated. (173 threads)
[2023-10-19T09:58:42.372+0000][4682.638s][info ][safepoint     ] Application time: 1.0009004 seconds
[2023-10-19T09:58:42.373+0000][4682.639s][info ][safepoint     ] Entering safepoint region: Cleanup
[2023-10-19T09:58:42.374+0000][4682.640s][info ][safepoint     ] Leaving safepoint region
[2023-10-19T09:58:42.374+0000][4682.641s][info ][safepoint     ] Total time for which application threads were stopped: 0.0013228 seconds, Stopping threads took: 0.0005466 seconds
[2023-10-19T09:58:43.375+0000][4683.641s][debug][safepoint     ] Safepoint synchronization initiated. (173 threads)
[2023-10-19T09:58:43.376+0000][4683.642s][info ][safepoint     ] Application time: 1.0008381 seconds
[2023-10-19T09:58:43.376+0000][4683.643s][info ][safepoint     ] Entering safepoint region: Cleanup
[2023-10-19T09:58:43.377+0000][4683.643s][info ][safepoint     ] Leaving safepoint region
[2023-10-19T09:58:43.378+0000][4683.644s][info ][safepoint     ] Total time for which application threads were stopped: 0.0015276 seconds, Stopping threads took: 0.0006218 seconds
[2023-10-19T09:58:44.379+0000][4684.645s][debug][safepoint     ] Safepoint synchronization initiated. (173 threads)
[2023-10-19T09:58:44.380+0000][4684.646s][info ][safepoint     ] Application time: 1.0015319 seconds
[2023-10-19T09:58:44.381+0000][4684.648s][info ][safepoint     ] Entering safepoint region: Cleanup
[2023-10-19T09:58:44.383+0000][4684.649s][info ][safepoint     ] Leaving safepoint region
[2023-10-19T09:58:44.383+0000][4684.650s][info ][safepoint     ] Total time for which application threads were stopped: 0.0022515 seconds, Stopping threads took: 0.0010798 seconds
[2023-10-19T09:58:45.384+0000][4685.651s][debug][safepoint     ] Safepoint synchronization initiated. (173 threads)
[2023-10-19T09:58:45.386+0000][4685.652s][info ][safepoint     ] Application time: 1.0015476 seconds
[2023-10-19T09:58:45.387+0000][4685.653s][info ][safepoint     ] Entering safepoint region: Cleanup
[2023-10-19T09:58:45.388+0000][4685.654s][info ][safepoint     ] Leaving safepoint region
[2023-10-19T09:58:45.389+0000][4685.655s][info ][safepoint     ] Total time for which application threads were stopped: 0.0021875 seconds, Stopping threads took: 0.0010074 seconds
[2023-10-19T09:58:46.390+0000][4686.656s][debug][safepoint     ] Safepoint synchronization initiated. (173 threads)
[2023-10-19T09:58:46.391+0000][4686.657s][info ][safepoint     ] Application time: 1.0014693 seconds
[2023-10-19T09:58:46.392+0000][4686.658s][info ][safepoint     ] Entering safepoint region: Cleanup
[2023-10-19T09:58:46.393+0000][4686.659s][info ][safepoint     ] Leaving safepoint region
[2023-10-19T09:58:46.394+0000][4686.660s][info ][safepoint     ] Total time for which application threads were stopped: 0.0020015 seconds, Stopping threads took: 0.0008243 seconds
[2023-10-19T09:58:47.395+0000][4687.661s][debug][safepoint     ] Safepoint synchronization initiated. (173 threads)
[2023-10-19T09:58:47.396+0000][4687.662s][info ][safepoint     ] Application time: 1.0008153 seconds
[2023-10-19T09:58:47.396+0000][4687.663s][info ][safepoint     ] Entering safepoint region: Cleanup
[2023-10-19T09:58:47.397+0000][4687.663s][info ][safepoint     ] Leaving safepoint region
[2023-10-19T09:58:47.397+0000][4687.664s][info ][safepoint     ] Total time for which application threads were stopped: 0.0012993 seconds, Stopping threads took: 0.0005183 seconds
[2023-10-19T09:58:48.398+0000][4688.665s][debug][safepoint     ] Safepoint synchronization initiated. (173 threads)
[2023-10-19T09:58:48.400+0000][4688.666s][info ][safepoint     ] Application time: 1.0017576 seconds
[2023-10-19T09:58:48.401+0000][4688.667s][info ][safepoint     ] Entering safepoint region: Cleanup
[2023-10-19T09:58:48.402+0000][4688.668s][info ][safepoint     ] Leaving safepoint region
[2023-10-19T09:58:48.403+0000][4688.669s][info ][safepoint     ] Total time for which application threads were stopped: 0.0023559 seconds, Stopping threads took: 0.0010519 seconds
[2023-10-19T09:58:49.404+0000][4689.670s][debug][safepoint     ] Safepoint synchronization initiated. (173 threads)
[2023-10-19T09:58:49.404+0000][4689.671s][info ][safepoint     ] Application time: 1.0006055 seconds
[2023-10-19T09:58:49.405+0000][4689.671s][info ][safepoint     ] Entering safepoint region: Cleanup
[2023-10-19T09:58:49.405+0000][4689.672s][info ][safepoint     ] Leaving safepoint region
[2023-10-19T09:58:49.405+0000][4689.672s][info ][safepoint     ] Total time for which application threads were stopped: 0.0008077 seconds, Stopping threads took: 0.0002746 seconds
[2023-10-19T09:58:50.406+0000][4690.672s][debug][safepoint     ] Safepoint synchronization initiated. (173 threads)
[2023-10-19T09:58:50.407+0000][4690.673s][info ][safepoint     ] Application time: 1.0008984 seconds
[2023-10-19T09:58:50.407+0000][4690.673s][info ][safepoint     ] Entering safepoint region: Cleanup
[2023-10-19T09:58:50.408+0000][4690.674s][info ][safepoint     ] Leaving safepoint region
[2023-10-19T09:58:50.408+0000][4690.675s][info ][safepoint     ] Total time for which application threads were stopped: 0.0012392 seconds, Stopping threads took: 0.0005705 seconds
[2023-10-19T09:58:51.409+0000][4691.675s][debug][safepoint     ] Safepoint synchronization initiated. (173 threads)
[2023-10-19T09:58:51.410+0000][4691.676s][info ][safepoint     ] Application time: 1.0009560 seconds
[2023-10-19T09:58:51.410+0000][4691.677s][info ][safepoint     ] Entering safepoint region: Cleanup
[2023-10-19T09:58:51.411+0000][4691.677s][info ][safepoint     ] Leaving safepoint region
[2023-10-19T09:58:51.411+0000][4691.678s][info ][safepoint     ] Total time for which application threads were stopped: 0.0011577 seconds, Stopping threads took: 0.0005482 seconds
[2023-10-19T09:58:52.412+0000][4692.678s][debug][safepoint     ] Safepoint synchronization initiated. (173 threads)
[2023-10-19T09:58:52.413+0000][4692.680s][info ][safepoint     ] Application time: 1.0014806 seconds
[2023-10-19T09:58:52.414+0000][4692.681s][info ][safepoint     ] Entering safepoint region: Cleanup
[2023-10-19T09:58:52.416+0000][4692.683s][info ][safepoint     ] Leaving safepoint region
[2023-10-19T09:58:52.417+0000][4692.683s][info ][safepoint     ] Total time for which application threads were stopped: 0.0026288 seconds, Stopping threads took: 0.0013194 seconds
[2023-10-19T09:58:53.418+0000][4693.685s][debug][safepoint     ] Safepoint synchronization initiated. (173 threads)
[2023-10-19T09:58:53.419+0000][4693.685s][info ][safepoint     ] Application time: 1.0009545 seconds
[2023-10-19T09:58:53.419+0000][4693.686s][info ][safepoint     ] Entering safepoint region: Cleanup
[2023-10-19T09:58:53.420+0000][4693.686s][info ][safepoint     ] Leaving safepoint region
[2023-10-19T09:58:53.421+0000][4693.687s][info ][safepoint     ] Total time for which application threads were stopped: 0.0012979 seconds, Stopping threads took: 0.0005494 seconds
[2023-10-19T09:58:54.421+0000][4694.688s][debug][safepoint     ] Safepoint synchronization initiated. (173 threads)
[2023-10-19T09:58:54.423+0000][4694.689s][info ][safepoint     ] Application time: 1.0016961 seconds
[2023-10-19T09:58:54.424+0000][4694.690s][info ][safepoint     ] Entering safepoint region: Cleanup
[2023-10-19T09:58:54.425+0000][4694.691s][info ][safepoint     ] Leaving safepoint region
[2023-10-19T09:58:54.426+0000][4694.692s][info ][safepoint     ] Total time for which application threads were stopped: 0.0020932 seconds, Stopping threads took: 0.0009479 seconds
[2023-10-19T09:58:55.427+0000][4695.693s][debug][safepoint     ] Safepoint synchronization initiated. (173 threads)
[2023-10-19T09:58:55.428+0000][4695.695s][info ][safepoint     ] Application time: 1.0016755 seconds
[2023-10-19T09:58:55.429+0000][4695.696s][info ][safepoint     ] Entering safepoint region: Cleanup
[2023-10-19T09:58:55.431+0000][4695.697s][info ][safepoint     ] Leaving safepoint region
[2023-10-19T09:58:55.432+0000][4695.698s][info ][safepoint     ] Total time for which application threads were stopped: 0.0024675 seconds, Stopping threads took: 0.0011080 seconds
[2023-10-19T09:58:56.433+0000][4696.699s][debug][safepoint     ] Safepoint synchronization initiated. (173 threads)
[2023-10-19T09:58:56.434+0000][4696.700s][info ][safepoint     ] Application time: 1.0010499 seconds
[2023-10-19T09:58:56.435+0000][4696.701s][info ][safepoint     ] Entering safepoint region: Cleanup
[2023-10-19T09:58:56.435+0000][4696.702s][info ][safepoint     ] Leaving safepoint region
[2023-10-19T09:58:56.436+0000][4696.702s][info ][safepoint     ] Total time for which application threads were stopped: 0.0014022 seconds, Stopping threads took: 0.0007276 seconds
[2023-10-19T09:58:57.437+0000][4697.703s][debug][safepoint     ] Safepoint synchronization initiated. (173 threads)
[2023-10-19T09:58:57.438+0000][4697.704s][info ][safepoint     ] Application time: 1.0011983 seconds
[2023-10-19T09:58:57.438+0000][4697.705s][info ][safepoint     ] Entering safepoint region: Cleanup
[2023-10-19T09:58:57.439+0000][4697.706s][info ][safepoint     ] Leaving safepoint region
[2023-10-19T09:58:57.440+0000][4697.706s][info ][safepoint     ] Total time for which application threads were stopped: 0.0015992 seconds, Stopping threads took: 0.0006893 seconds
[2023-10-19T09:58:58.441+0000][4698.707s][debug][safepoint     ] Safepoint synchronization initiated. (173 threads)
[2023-10-19T09:58:58.441+0000][4698.708s][info ][safepoint     ] Application time: 1.0007132 seconds
[2023-10-19T09:58:58.442+0000][4698.708s][info ][safepoint     ] Entering safepoint region: Cleanup
[2023-10-19T09:58:58.442+0000][4698.708s][info ][safepoint     ] Leaving safepoint region
[2023-10-19T09:58:58.442+0000][4698.709s][info ][safepoint     ] Total time for which application threads were stopped: 0.0008405 seconds, Stopping threads took: 0.0003457 seconds
[2023-10-19T09:58:59.443+0000][4699.709s][debug][safepoint     ] Safepoint synchronization initiated. (173 threads)
[2023-10-19T09:58:59.444+0000][4699.710s][info ][safepoint     ] Application time: 1.0009049 seconds
[2023-10-19T09:58:59.444+0000][4699.710s][info ][safepoint     ] Entering safepoint region: Cleanup
[2023-10-19T09:58:59.445+0000][4699.711s][info ][safepoint     ] Leaving safepoint region
[2023-10-19T09:58:59.445+0000][4699.712s][info ][safepoint     ] Total time for which application threads were stopped: 0.0011305 seconds, Stopping threads took: 0.0004434 seconds
[2023-10-19T09:59:00.446+0000][4700.712s][debug][safepoint     ] Safepoint synchronization initiated. (173 threads)
[2023-10-19T09:59:00.446+0000][4700.713s][info ][safepoint     ] Application time: 1.0007568 seconds
[2023-10-19T09:59:00.447+0000][4700.713s][info ][safepoint     ] Entering safepoint region: Cleanup
[2023-10-19T09:59:00.448+0000][4700.714s][info ][safepoint     ] Leaving safepoint region
[2023-10-19T09:59:00.448+0000][4700.715s][info ][safepoint     ] Total time for which application threads were stopped: 0.0013504 seconds, Stopping threads took: 0.0005440 seconds
[2023-10-19T09:59:01.449+0000][4701.715s][debug][safepoint     ] Safepoint synchronization initiated. (173 threads)
[2023-10-19T09:59:01.450+0000][4701.717s][info ][safepoint     ] Application time: 1.0013141 seconds
[2023-10-19T09:59:01.451+0000][4701.717s][info ][safepoint     ] Entering safepoint region: Cleanup
[2023-10-19T09:59:01.452+0000][4701.719s][info ][safepoint     ] Leaving safepoint region
[2023-10-19T09:59:01.453+0000][4701.719s][info ][safepoint     ] Total time for which application threads were stopped: 0.0018407 seconds, Stopping threads took: 0.0008846 seconds
[2023-10-19T09:59:02.454+0000][4702.720s][debug][safepoint     ] Safepoint synchronization initiated. (173 threads)
[2023-10-19T09:59:02.454+0000][4702.721s][info ][safepoint     ] Application time: 1.0007335 seconds
[2023-10-19T09:59:02.455+0000][4702.721s][info ][safepoint     ] Entering safepoint region: Cleanup
[2023-10-19T09:59:02.455+0000][4702.722s][info ][safepoint     ] Leaving safepoint region
[2023-10-19T09:59:02.456+0000][4702.722s][info ][safepoint     ] Total time for which application threads were stopped: 0.0011107 seconds, Stopping threads took: 0.0004277 seconds
[2023-10-19T09:59:03.456+0000][4703.723s][debug][safepoint     ] Safepoint synchronization initiated. (173 threads)
[2023-10-19T09:59:03.457+0000][4703.724s][info ][safepoint     ] Application time: 1.0013458 seconds
[2023-10-19T09:59:03.458+0000][4703.725s][info ][safepoint     ] Entering safepoint region: Cleanup
[2023-10-19T09:59:03.460+0000][4703.726s][info ][safepoint     ] Leaving safepoint region
[2023-10-19T09:59:03.461+0000][4703.727s][info ][safepoint     ] Total time for which application threads were stopped: 0.0022736 seconds, Stopping threads took: 0.0010989 seconds
[2023-10-19T09:59:04.462+0000][4704.728s][debug][safepoint     ] Safepoint synchronization initiated. (173 threads)
[2023-10-19T09:59:04.463+0000][4704.730s][info ][safepoint     ] Application time: 1.0014086 seconds
[2023-10-19T09:59:04.464+0000][4704.731s][info ][safepoint     ] Entering safepoint region: Cleanup
[2023-10-19T09:59:04.466+0000][4704.732s][info ][safepoint     ] Leaving safepoint region
[2023-10-19T09:59:04.466+0000][4704.733s][info ][safepoint     ] Total time for which application threads were stopped: 0.0023632 seconds, Stopping threads took: 0.0011351 seconds
[2023-10-19T09:59:05.468+0000][4705.734s][debug][safepoint     ] Safepoint synchronization initiated. (173 threads)
[2023-10-19T09:59:05.469+0000][4705.735s][info ][safepoint     ] Application time: 1.0012742 seconds
[2023-10-19T09:59:05.470+0000][4705.736s][info ][safepoint     ] Entering safepoint region: Cleanup
[2023-10-19T09:59:05.471+0000][4705.737s][info ][safepoint     ] Leaving safepoint region
[2023-10-19T09:59:05.471+0000][4705.738s][info ][safepoint     ] Total time for which application threads were stopped: 0.0019969 seconds, Stopping threads took: 0.0008358 seconds
[2023-10-19T09:59:06.473+0000][4706.739s][debug][safepoint     ] Safepoint synchronization initiated. (173 threads)
[2023-10-19T09:59:06.474+0000][4706.740s][info ][safepoint     ] Application time: 1.0013103 seconds
[2023-10-19T09:59:06.475+0000][4706.741s][info ][safepoint     ] Entering safepoint region: Cleanup
[2023-10-19T09:59:06.476+0000][4706.743s][info ][safepoint     ] Leaving safepoint region
[2023-10-19T09:59:06.477+0000][4706.743s][info ][safepoint     ] Total time for which application threads were stopped: 0.0023637 seconds, Stopping threads took: 0.0010054 seconds
[2023-10-19T09:59:06.476+0000][4706.743s][debug][safepoint     ] ... found polling page return exception at pc = 0x00007f0de87cbbc4, stub =0x00007f0de0840600
[2023-10-19T09:59:06.476+0000][4706.743s][debug][safepoint     ] ... found polling page return exception at pc = 0x00007f0de87cbbc4, stub =0x00007f0de0840600
[2023-10-19T09:59:06.476+0000][4706.743s][debug][safepoint     ] ... found polling page return exception at pc = 0x00007f0de87cbbc4, stub =0x00007f0de0840600
[2023-10-19T09:59:06.476+0000][4706.743s][debug][safepoint     ] ... found polling page return exception at pc = 0x00007f0de87cbbc4, stub =0x00007f0de0840600
[2023-10-19T09:59:07.478+0000][4707.745s][debug][safepoint     ] Safepoint synchronization initiated. (173 threads)
[2023-10-19T09:59:07.480+0000][4707.746s][info ][safepoint     ] Application time: 1.0017332 seconds
[2023-10-19T09:59:07.480+0000][4707.747s][info ][safepoint     ] Entering safepoint region: Cleanup
[2023-10-19T09:59:07.482+0000][4707.748s][info ][safepoint     ] Leaving safepoint region
[2023-10-19T09:59:07.482+0000][4707.749s][info ][safepoint     ] Total time for which application threads were stopped: 0.0019571 seconds, Stopping threads took: 0.0008176 seconds
[2023-10-19T09:59:08.483+0000][4708.750s][debug][safepoint     ] Safepoint synchronization initiated. (173 threads)
[2023-10-19T09:59:08.484+0000][4708.751s][info ][safepoint     ] Application time: 1.0011817 seconds
[2023-10-19T09:59:08.485+0000][4708.752s][info ][safepoint     ] Entering safepoint region: Cleanup
[2023-10-19T09:59:08.486+0000][4708.753s][info ][safepoint     ] Leaving safepoint region
[2023-10-19T09:59:08.486+0000][4708.753s][info ][safepoint     ] Total time for which application threads were stopped: 0.0012514 seconds, Stopping threads took: 0.0005712 seconds
[2023-10-19T09:59:09.487+0000][4709.754s][debug][safepoint     ] Safepoint synchronization initiated. (173 threads)
[2023-10-19T09:59:09.488+0000][4709.754s][info ][safepoint     ] Application time: 1.0007972 seconds
[2023-10-19T09:59:09.488+0000][4709.755s][info ][safepoint     ] Entering safepoint region: Cleanup
[2023-10-19T09:59:09.489+0000][4709.756s][info ][safepoint     ] Leaving safepoint region
[2023-10-19T09:59:09.489+0000][4709.756s][info ][safepoint     ] Total time for which application threads were stopped: 0.0011390 seconds, Stopping threads took: 0.0004665 seconds
[2023-10-19T09:59:10.490+0000][4710.757s][debug][safepoint     ] Safepoint synchronization initiated. (173 threads)
[2023-10-19T09:59:10.491+0000][4710.758s][info ][safepoint     ] Application time: 1.0015544 seconds
[2023-10-19T09:59:10.493+0000][4710.759s][info ][safepoint     ] Entering safepoint region: Cleanup
[2023-10-19T09:59:10.494+0000][4710.761s][info ][safepoint     ] Leaving safepoint region
[2023-10-19T09:59:10.495+0000][4710.762s][info ][safepoint     ] Total time for which application threads were stopped: 0.0025242 seconds, Stopping threads took: 0.0011051 seconds
[2023-10-19T09:59:11.496+0000][4711.763s][debug][safepoint     ] Safepoint synchronization initiated. (173 threads)
[2023-10-19T09:59:11.497+0000][4711.764s][info ][safepoint     ] Application time: 1.0013015 seconds
[2023-10-19T09:59:11.498+0000][4711.765s][info ][safepoint     ] Entering safepoint region: Cleanup
[2023-10-19T09:59:11.499+0000][4711.766s][info ][safepoint     ] Leaving safepoint region
[2023-10-19T09:59:11.500+0000][4711.767s][info ][safepoint     ] Total time for which application threads were stopped: 0.0019188 seconds, Stopping threads took: 0.0008308 seconds
[2023-10-19T09:59:12.501+0000][4712.767s][debug][safepoint     ] Safepoint synchronization initiated. (173 threads)
[2023-10-19T09:59:12.501+0000][4712.768s][info ][safepoint     ] Application time: 1.0007652 seconds
[2023-10-19T09:59:12.502+0000][4712.769s][info ][safepoint     ] Entering safepoint region: Cleanup
[2023-10-19T09:59:12.503+0000][4712.769s][info ][safepoint     ] Leaving safepoint region
[2023-10-19T09:59:12.503+0000][4712.770s][info ][safepoint     ] Total time for which application threads were stopped: 0.0012492 seconds, Stopping threads took: 0.0005791 seconds
[2023-10-19T09:59:13.504+0000][4713.771s][debug][safepoint     ] Safepoint synchronization initiated. (173 threads)
[2023-10-19T09:59:13.505+0000][4713.772s][info ][safepoint     ] Application time: 1.0016308 seconds
[2023-10-19T09:59:13.506+0000][4713.773s][info ][safepoint     ] Entering safepoint region: Cleanup
[2023-10-19T09:59:13.508+0000][4713.775s][info ][safepoint     ] Leaving safepoint region
[2023-10-19T09:59:13.509+0000][4713.776s][info ][safepoint     ] Total time for which application threads were stopped: 0.0025464 seconds, Stopping threads took: 0.0011085 seconds
[2023-10-19T09:59:14.510+0000][4714.777s][debug][safepoint     ] Safepoint synchronization initiated. (173 threads)
[2023-10-19T09:59:14.512+0000][4714.778s][info ][safepoint     ] Application time: 1.0017981 seconds
[2023-10-19T09:59:14.513+0000][4714.779s][info ][safepoint     ] Entering safepoint region: Cleanup
