[2023-10-19T20:38:45.591+0000][0.119s][info][gc,heap] Heap region size: 1M
[2023-10-19T20:38:45.596+0000][0.124s][info][gc     ] Using G1
[2023-10-19T20:38:45.596+0000][0.124s][info][gc,heap,coops] Heap address: 0x0000000085a00000, size: 1958 MB, Compressed Oops mode: 32-bit
[2023-10-19T20:38:45.597+0000][0.125s][info][gc,cds       ] Mark closed archive regions in map: [0x00000000ffc00000, 0x00000000ffc6aff8]
[2023-10-19T20:38:45.598+0000][0.126s][info][gc,cds       ] Mark open archive regions in map: [0x00000000ff800000, 0x00000000ff847ff8]
[2023-10-19T20:38:45.667+0000][0.195s][debug][safepoint    ] Safepoint synchronization initiated. (9 threads)
[2023-10-19T20:38:45.668+0000][0.195s][info ][safepoint    ] Application time: 0.0386964 seconds
[2023-10-19T20:38:45.668+0000][0.196s][info ][safepoint    ] Entering safepoint region: Deoptimize
[2023-10-19T20:38:45.669+0000][0.197s][info ][safepoint    ] Leaving safepoint region
[2023-10-19T20:38:45.669+0000][0.197s][info ][safepoint    ] Total time for which application threads were stopped: 0.0010565 seconds, Stopping threads took: 0.0004211 seconds
[2023-10-19T20:38:46.167+0000][0.695s][debug][safepoint    ] Safepoint synchronization initiated. (11 threads)
[2023-10-19T20:38:46.168+0000][0.696s][info ][safepoint    ] Application time: 0.4984336 seconds
[2023-10-19T20:38:46.168+0000][0.696s][info ][safepoint    ] Entering safepoint region: G1CollectForAllocation
[2023-10-19T20:38:46.169+0000][0.697s][info ][gc,start     ] GC(0) Pause Young (Normal) (G1 Evacuation Pause)
[2023-10-19T20:38:46.170+0000][0.698s][info ][gc,task      ] GC(0) Using 3 workers of 8 for evacuation
[2023-10-19T20:38:46.181+0000][0.709s][info ][gc,phases    ] GC(0)   Pre Evacuate Collection Set: 0.0ms
[2023-10-19T20:38:46.181+0000][0.709s][info ][gc,phases    ] GC(0)   Evacuate Collection Set: 9.3ms
[2023-10-19T20:38:46.182+0000][0.710s][info ][gc,phases    ] GC(0)   Post Evacuate Collection Set: 1.0ms
[2023-10-19T20:38:46.182+0000][0.710s][info ][gc,phases    ] GC(0)   Other: 1.4ms
[2023-10-19T20:38:46.182+0000][0.710s][info ][gc,heap      ] GC(0) Eden regions: 59->0(66)
[2023-10-19T20:38:46.183+0000][0.711s][info ][gc,heap      ] GC(0) Survivor regions: 0->8(8)
[2023-10-19T20:38:46.183+0000][0.711s][info ][gc,heap      ] GC(0) Old regions: 2->2
[2023-10-19T20:38:46.184+0000][0.711s][info ][gc,heap      ] GC(0) Humongous regions: 2->0
[2023-10-19T20:38:46.184+0000][0.712s][info ][gc,metaspace ] GC(0) Metaspace: 2379K(5760K)->2379K(5760K) NonClass: 2180K(5120K)->2180K(5120K) Class: 199K(640K)->199K(640K)
[2023-10-19T20:38:46.184+0000][0.712s][info ][gc           ] GC(0) Pause Young (Normal) (G1 Evacuation Pause) 61M->8M(126M) 15.598ms
[2023-10-19T20:38:46.185+0000][0.713s][info ][gc,cpu       ] GC(0) User=0.07s Sys=0.01s Real=0.02s
[2023-10-19T20:38:46.185+0000][0.713s][info ][safepoint    ] Leaving safepoint region
[2023-10-19T20:38:46.186+0000][0.714s][info ][safepoint    ] Total time for which application threads were stopped: 0.0176005 seconds, Stopping threads took: 0.0003726 seconds
[2023-10-19T20:38:46.290+0000][0.818s][debug][safepoint    ] Safepoint synchronization initiated. (11 threads)
[2023-10-19T20:38:46.291+0000][0.819s][info ][safepoint    ] Application time: 0.1045785 seconds
[2023-10-19T20:38:46.291+0000][0.819s][info ][safepoint    ] Entering safepoint region: Deoptimize
[2023-10-19T20:38:46.292+0000][0.820s][info ][safepoint    ] Leaving safepoint region
[2023-10-19T20:38:46.293+0000][0.821s][info ][safepoint    ] Total time for which application threads were stopped: 0.0013442 seconds, Stopping threads took: 0.0005339 seconds
[2023-10-19T20:38:46.300+0000][0.828s][debug][safepoint    ] Safepoint synchronization initiated. (11 threads)
[2023-10-19T20:38:46.301+0000][0.829s][info ][safepoint    ] Application time: 0.0078698 seconds
[2023-10-19T20:38:46.302+0000][0.829s][info ][safepoint    ] Entering safepoint region: Deoptimize
[2023-10-19T20:38:46.302+0000][0.830s][info ][safepoint    ] Leaving safepoint region
[2023-10-19T20:38:46.303+0000][0.831s][info ][safepoint    ] Total time for which application threads were stopped: 0.0012041 seconds, Stopping threads took: 0.0004664 seconds
[2023-10-19T20:38:46.382+0000][0.910s][debug][safepoint    ] Safepoint synchronization initiated. (11 threads)
[2023-10-19T20:38:46.382+0000][0.910s][info ][safepoint    ] Application time: 0.0789329 seconds
[2023-10-19T20:38:46.383+0000][0.911s][info ][safepoint    ] Entering safepoint region: Deoptimize
[2023-10-19T20:38:46.384+0000][0.911s][info ][safepoint    ] Leaving safepoint region
[2023-10-19T20:38:46.384+0000][0.912s][info ][safepoint    ] Total time for which application threads were stopped: 0.0013430 seconds, Stopping threads took: 0.0004942 seconds
[2023-10-19T20:38:46.395+0000][0.923s][debug][safepoint    ] Safepoint synchronization initiated. (11 threads)
[2023-10-19T20:38:46.396+0000][0.924s][info ][safepoint    ] Application time: 0.0113844 seconds
[2023-10-19T20:38:46.397+0000][0.924s][info ][safepoint    ] Entering safepoint region: Deoptimize
[2023-10-19T20:38:46.397+0000][0.925s][info ][safepoint    ] Leaving safepoint region
[2023-10-19T20:38:46.398+0000][0.926s][info ][safepoint    ] Total time for which application threads were stopped: 0.0012170 seconds, Stopping threads took: 0.0004432 seconds
[2023-10-19T20:38:46.651+0000][1.179s][debug][safepoint    ] Safepoint synchronization initiated. (12 threads)
[2023-10-19T20:38:46.652+0000][1.180s][info ][safepoint    ] Application time: 0.2533554 seconds
[2023-10-19T20:38:46.652+0000][1.180s][info ][safepoint    ] Entering safepoint region: G1CollectForAllocation
[2023-10-19T20:38:46.653+0000][1.181s][info ][gc,start     ] GC(1) Pause Young (Normal) (G1 Evacuation Pause)
[2023-10-19T20:38:46.654+0000][1.182s][info ][gc,task      ] GC(1) Using 3 workers of 8 for evacuation
[2023-10-19T20:38:46.670+0000][1.198s][info ][gc,phases    ] GC(1)   Pre Evacuate Collection Set: 0.0ms
[2023-10-19T20:38:46.671+0000][1.198s][info ][gc,phases    ] GC(1)   Evacuate Collection Set: 13.3ms
[2023-10-19T20:38:46.671+0000][1.199s][info ][gc,phases    ] GC(1)   Post Evacuate Collection Set: 1.2ms
[2023-10-19T20:38:46.672+0000][1.200s][info ][gc,phases    ] GC(1)   Other: 2.0ms
[2023-10-19T20:38:46.672+0000][1.200s][info ][gc,heap      ] GC(1) Eden regions: 66->0(69)
[2023-10-19T20:38:46.673+0000][1.201s][info ][gc,heap      ] GC(1) Survivor regions: 8->2(10)
[2023-10-19T20:38:46.673+0000][1.201s][info ][gc,heap      ] GC(1) Old regions: 2->10
[2023-10-19T20:38:46.674+0000][1.202s][info ][gc,heap      ] GC(1) Humongous regions: 0->0
[2023-10-19T20:38:46.674+0000][1.202s][info ][gc,metaspace ] GC(1) Metaspace: 5154K(7424K)->5154K(7424K) NonClass: 4600K(6656K)->4600K(6656K) Class: 553K(768K)->553K(768K)
[2023-10-19T20:38:46.675+0000][1.203s][info ][gc           ] GC(1) Pause Young (Normal) (G1 Evacuation Pause) 74M->9M(126M) 21.690ms
[2023-10-19T20:38:46.676+0000][1.203s][info ][gc,cpu       ] GC(1) User=0.09s Sys=0.01s Real=0.02s
[2023-10-19T20:38:46.676+0000][1.204s][info ][safepoint    ] Leaving safepoint region
[2023-10-19T20:38:46.677+0000][1.204s][info ][safepoint    ] Total time for which application threads were stopped: 0.0243925 seconds, Stopping threads took: 0.0008164 seconds
[2023-10-19T20:38:46.677+0000][1.205s][info ][gc,stringdedup] Concurrent String Deduplication (1.205s)
[2023-10-19T20:38:46.707+0000][1.235s][info ][gc,stringdedup] Concurrent String Deduplication 2182.8K->2008.8K(174.0K) avg 7.1% (1.205s, 1.235s) 29.500ms
[2023-10-19T20:38:47.323+0000][1.851s][debug][safepoint     ] Safepoint synchronization initiated. (12 threads)
[2023-10-19T20:38:47.324+0000][1.851s][info ][safepoint     ] Application time: 0.6465188 seconds
[2023-10-19T20:38:47.324+0000][1.852s][info ][safepoint     ] Entering safepoint region: G1CollectForAllocation
[2023-10-19T20:38:47.325+0000][1.853s][info ][gc,start      ] GC(2) Pause Young (Normal) (G1 Evacuation Pause)
[2023-10-19T20:38:47.325+0000][1.853s][info ][gc,task       ] GC(2) Using 3 workers of 8 for evacuation
[2023-10-19T20:38:47.332+0000][1.859s][info ][gc,phases     ] GC(2)   Pre Evacuate Collection Set: 0.0ms
[2023-10-19T20:38:47.332+0000][1.860s][info ][gc,phases     ] GC(2)   Evacuate Collection Set: 3.9ms
[2023-10-19T20:38:47.333+0000][1.861s][info ][gc,phases     ] GC(2)   Post Evacuate Collection Set: 1.6ms
[2023-10-19T20:38:47.333+0000][1.861s][info ][gc,phases     ] GC(2)   Other: 1.0ms
[2023-10-19T20:38:47.334+0000][1.861s][info ][gc,heap       ] GC(2) Eden regions: 69->0(72)
[2023-10-19T20:38:47.334+0000][1.862s][info ][gc,heap       ] GC(2) Survivor regions: 2->2(9)
[2023-10-19T20:38:47.335+0000][1.862s][info ][gc,heap       ] GC(2) Old regions: 10->10
[2023-10-19T20:38:47.335+0000][1.863s][info ][gc,heap       ] GC(2) Humongous regions: 0->0
[2023-10-19T20:38:47.335+0000][1.863s][info ][gc,metaspace  ] GC(2) Metaspace: 7224K(9088K)->7224K(9088K) NonClass: 6394K(7936K)->6394K(7936K) Class: 830K(1152K)->830K(1152K)
[2023-10-19T20:38:47.336+0000][1.864s][info ][gc            ] GC(2) Pause Young (Normal) (G1 Evacuation Pause) 78M->10M(126M) 10.845ms
[2023-10-19T20:38:47.336+0000][1.864s][info ][gc,cpu        ] GC(2) User=0.02s Sys=0.00s Real=0.01s
[2023-10-19T20:38:47.337+0000][1.865s][info ][safepoint     ] Leaving safepoint region
[2023-10-19T20:38:47.337+0000][1.865s][info ][safepoint     ] Total time for which application threads were stopped: 0.0129886 seconds, Stopping threads took: 0.0005648 seconds
[2023-10-19T20:38:47.789+0000][2.317s][debug][safepoint     ] Safepoint synchronization initiated. (12 threads)
[2023-10-19T20:38:47.789+0000][2.317s][info ][safepoint     ] Application time: 0.4517171 seconds
[2023-10-19T20:38:47.790+0000][2.318s][debug][safepoint     ] Waiting for 1 thread(s) to block
[2023-10-19T20:38:47.790+0000][2.318s][info ][safepoint     ] Entering safepoint region: G1CollectForAllocation
[2023-10-19T20:38:47.791+0000][2.319s][info ][gc,start      ] GC(3) Pause Young (Normal) (G1 Evacuation Pause)
[2023-10-19T20:38:47.791+0000][2.319s][info ][gc,task       ] GC(3) Using 3 workers of 8 for evacuation
[2023-10-19T20:38:47.799+0000][2.327s][info ][gc,phases     ] GC(3)   Pre Evacuate Collection Set: 0.0ms
[2023-10-19T20:38:47.799+0000][2.327s][info ][gc,phases     ] GC(3)   Evacuate Collection Set: 5.4ms
[2023-10-19T20:38:47.800+0000][2.328s][info ][gc,phases     ] GC(3)   Post Evacuate Collection Set: 1.6ms
[2023-10-19T20:38:47.800+0000][2.328s][info ][gc,phases     ] GC(3)   Other: 0.9ms
[2023-10-19T20:38:47.801+0000][2.328s][info ][gc,heap       ] GC(3) Eden regions: 72->0(71)
[2023-10-19T20:38:47.801+0000][2.329s][info ][gc,heap       ] GC(3) Survivor regions: 2->3(10)
[2023-10-19T20:38:47.801+0000][2.329s][info ][gc,heap       ] GC(3) Old regions: 10->10
[2023-10-19T20:38:47.802+0000][2.330s][info ][gc,heap       ] GC(3) Humongous regions: 0->0
[2023-10-19T20:38:47.802+0000][2.330s][info ][gc,metaspace  ] GC(3) Metaspace: 10408K(11776K)->10408K(11776K) NonClass: 9132K(10240K)->9132K(10240K) Class: 1276K(1536K)->1276K(1536K)
[2023-10-19T20:38:47.803+0000][2.331s][info ][gc            ] GC(3) Pause Young (Normal) (G1 Evacuation Pause) 82M->11M(126M) 12.010ms
[2023-10-19T20:38:47.803+0000][2.331s][info ][gc,cpu        ] GC(3) User=0.03s Sys=0.00s Real=0.02s
[2023-10-19T20:38:47.804+0000][2.332s][info ][safepoint     ] Leaving safepoint region
[2023-10-19T20:38:47.804+0000][2.332s][info ][safepoint     ] Total time for which application threads were stopped: 0.0145128 seconds, Stopping threads took: 0.0008719 seconds
[2023-10-19T20:38:47.805+0000][2.333s][info ][gc,stringdedup] Concurrent String Deduplication (2.333s)
[2023-10-19T20:38:47.807+0000][2.334s][info ][gc,stringdedup] Concurrent String Deduplication 55312.0B->21904.0B(33408.0B) avg 8.2% (2.333s, 2.334s) 1.845ms
[2023-10-19T20:38:48.072+0000][2.600s][debug][safepoint     ] Safepoint synchronization initiated. (12 threads)
[2023-10-19T20:38:48.073+0000][2.601s][info ][safepoint     ] Application time: 0.2682827 seconds
[2023-10-19T20:38:48.074+0000][2.602s][info ][safepoint     ] Entering safepoint region: Deoptimize
[2023-10-19T20:38:48.075+0000][2.603s][info ][safepoint     ] Leaving safepoint region
[2023-10-19T20:38:48.075+0000][2.603s][info ][safepoint     ] Total time for which application threads were stopped: 0.0016247 seconds, Stopping threads took: 0.0005997 seconds
[2023-10-19T20:38:48.194+0000][2.722s][debug][safepoint     ] Safepoint synchronization initiated. (12 threads)
[2023-10-19T20:38:48.196+0000][2.724s][info ][safepoint     ] Application time: 0.1205428 seconds
[2023-10-19T20:38:48.197+0000][2.725s][info ][safepoint     ] Entering safepoint region: ICBufferFull
[2023-10-19T20:38:48.207+0000][2.735s][info ][safepoint     ] Leaving safepoint region
[2023-10-19T20:38:48.208+0000][2.736s][info ][safepoint     ] Total time for which application threads were stopped: 0.0113190 seconds, Stopping threads took: 0.0099087 seconds
[2023-10-19T20:38:48.333+0000][2.860s][debug][safepoint     ] Safepoint synchronization initiated. (12 threads)
[2023-10-19T20:38:48.334+0000][2.861s][info ][safepoint     ] Application time: 0.1243604 seconds
[2023-10-19T20:38:48.335+0000][2.862s][debug][safepoint     ] ... found polling page return exception at pc = 0x00007fbdb0363bb6, stub =0x00007fbda8840600
[2023-10-19T20:38:48.335+0000][2.863s][debug][safepoint     ] Waiting for 1 thread(s) to block
[2023-10-19T20:38:48.336+0000][2.864s][info ][safepoint     ] Entering safepoint region: G1CollectForAllocation
[2023-10-19T20:38:48.336+0000][2.864s][info ][gc,start      ] GC(4) Pause Young (Normal) (G1 Evacuation Pause)
[2023-10-19T20:38:48.337+0000][2.865s][info ][gc,task       ] GC(4) Using 3 workers of 8 for evacuation
[2023-10-19T20:38:48.347+0000][2.875s][info ][gc,phases     ] GC(4)   Pre Evacuate Collection Set: 0.0ms
[2023-10-19T20:38:48.348+0000][2.876s][info ][gc,phases     ] GC(4)   Evacuate Collection Set: 7.2ms
[2023-10-19T20:38:48.348+0000][2.876s][info ][gc,phases     ] GC(4)   Post Evacuate Collection Set: 2.4ms
[2023-10-19T20:38:48.349+0000][2.877s][info ][gc,phases     ] GC(4)   Other: 1.2ms
[2023-10-19T20:38:48.349+0000][2.877s][info ][gc,heap       ] GC(4) Eden regions: 71->0(83)
[2023-10-19T20:38:48.350+0000][2.878s][info ][gc,heap       ] GC(4) Survivor regions: 3->5(10)
[2023-10-19T20:38:48.350+0000][2.878s][info ][gc,heap       ] GC(4) Old regions: 10->10
[2023-10-19T20:38:48.351+0000][2.879s][info ][gc,heap       ] GC(4) Humongous regions: 0->0
[2023-10-19T20:38:48.351+0000][2.879s][info ][gc,metaspace  ] GC(4) Metaspace: 12132K(13056K)->12132K(13056K) NonClass: 10637K(11264K)->10637K(11264K) Class: 1495K(1792K)->1495K(1792K)
[2023-10-19T20:38:48.352+0000][2.880s][info ][gc            ] GC(4) Pause Young (Normal) (G1 Evacuation Pause) 82M->13M(153M) 15.486ms
[2023-10-19T20:38:48.353+0000][2.880s][info ][gc,cpu        ] GC(4) User=0.03s Sys=0.00s Real=0.01s
[2023-10-19T20:38:48.353+0000][2.881s][info ][safepoint     ] Leaving safepoint region
[2023-10-19T20:38:48.354+0000][2.882s][info ][safepoint     ] Total time for which application threads were stopped: 0.0190568 seconds, Stopping threads took: 0.0016555 seconds
[2023-10-19T20:38:48.354+0000][2.882s][info ][gc,stringdedup] Concurrent String Deduplication (2.882s)
[2023-10-19T20:38:48.357+0000][2.885s][info ][gc,stringdedup] Concurrent String Deduplication 114.4K->35848.0B(81256.0B) avg 10.9% (2.882s, 2.885s) 2.673ms
[2023-10-19T20:38:48.671+0000][3.199s][debug][safepoint     ] Safepoint synchronization initiated. (12 threads)
[2023-10-19T20:38:48.671+0000][3.199s][info ][safepoint     ] Application time: 0.3171774 seconds
[2023-10-19T20:38:48.672+0000][3.200s][debug][safepoint     ] Waiting for 1 thread(s) to block
[2023-10-19T20:38:48.673+0000][3.200s][info ][safepoint     ] Entering safepoint region: G1CollectForAllocation
[2023-10-19T20:38:48.673+0000][3.201s][info ][gc,start      ] GC(5) Pause Young (Normal) (G1 Evacuation Pause)
[2023-10-19T20:38:48.674+0000][3.202s][info ][gc,task       ] GC(5) Using 4 workers of 8 for evacuation
[2023-10-19T20:38:48.682+0000][3.210s][info ][gc,phases     ] GC(5)   Pre Evacuate Collection Set: 0.0ms
[2023-10-19T20:38:48.683+0000][3.211s][info ][gc,phases     ] GC(5)   Evacuate Collection Set: 6.4ms
[2023-10-19T20:38:48.684+0000][3.212s][info ][gc,phases     ] GC(5)   Post Evacuate Collection Set: 1.5ms
[2023-10-19T20:38:48.685+0000][3.212s][info ][gc,phases     ] GC(5)   Other: 1.3ms
[2023-10-19T20:38:48.685+0000][3.213s][info ][gc,heap       ] GC(5) Eden regions: 83->0(85)
[2023-10-19T20:38:48.686+0000][3.213s][info ][gc,heap       ] GC(5) Survivor regions: 5->6(11)
[2023-10-19T20:38:48.686+0000][3.214s][info ][gc,heap       ] GC(5) Old regions: 10->10
[2023-10-19T20:38:48.687+0000][3.214s][info ][gc,heap       ] GC(5) Humongous regions: 0->0
[2023-10-19T20:38:48.687+0000][3.215s][info ][gc,metaspace  ] GC(5) Metaspace: 15091K(16000K)->15091K(16000K) NonClass: 13207K(13824K)->13207K(13824K) Class: 1883K(2176K)->1883K(2176K)
[2023-10-19T20:38:48.688+0000][3.215s][info ][gc            ] GC(5) Pause Young (Normal) (G1 Evacuation Pause) 96M->14M(153M) 14.264ms
[2023-10-19T20:38:48.688+0000][3.216s][info ][gc,cpu        ] GC(5) User=0.03s Sys=0.00s Real=0.01s
[2023-10-19T20:38:48.688+0000][3.216s][info ][safepoint     ] Leaving safepoint region
[2023-10-19T20:38:48.689+0000][3.217s][info ][safepoint     ] Total time for which application threads were stopped: 0.0169113 seconds, Stopping threads took: 0.0009943 seconds
[2023-10-19T20:38:48.689+0000][3.217s][info ][gc,stringdedup] Concurrent String Deduplication (3.217s)
[2023-10-19T20:38:48.691+0000][3.219s][info ][gc,stringdedup] Concurrent String Deduplication 97160.0B->32896.0B(64264.0B) avg 12.8% (3.217s, 3.219s) 1.260ms
[2023-10-19T20:38:48.880+0000][3.407s][debug][safepoint     ] Safepoint synchronization initiated. (12 threads)
[2023-10-19T20:38:48.880+0000][3.408s][info ][safepoint     ] Application time: 0.1907768 seconds
[2023-10-19T20:38:48.881+0000][3.408s][info ][safepoint     ] Entering safepoint region: G1CollectForAllocation
[2023-10-19T20:38:48.881+0000][3.409s][info ][gc,start      ] GC(6) Pause Young (Normal) (G1 Evacuation Pause)
[2023-10-19T20:38:48.882+0000][3.410s][info ][gc,task       ] GC(6) Using 4 workers of 8 for evacuation
[2023-10-19T20:38:48.890+0000][3.418s][info ][gc,phases     ] GC(6)   Pre Evacuate Collection Set: 0.0ms
[2023-10-19T20:38:48.890+0000][3.418s][info ][gc,phases     ] GC(6)   Evacuate Collection Set: 6.3ms
[2023-10-19T20:38:48.891+0000][3.419s][info ][gc,phases     ] GC(6)   Post Evacuate Collection Set: 1.4ms
[2023-10-19T20:38:48.891+0000][3.419s][info ][gc,phases     ] GC(6)   Other: 0.9ms
[2023-10-19T20:38:48.892+0000][3.420s][info ][gc,heap       ] GC(6) Eden regions: 85->0(84)
[2023-10-19T20:38:48.892+0000][3.420s][info ][gc,heap       ] GC(6) Survivor regions: 6->7(12)
[2023-10-19T20:38:48.893+0000][3.421s][info ][gc,heap       ] GC(6) Old regions: 10->10
[2023-10-19T20:38:48.893+0000][3.421s][info ][gc,heap       ] GC(6) Humongous regions: 0->0
[2023-10-19T20:38:48.894+0000][3.422s][info ][gc,metaspace  ] GC(6) Metaspace: 17060K(17920K)->17060K(17920K) NonClass: 14830K(15360K)->14830K(15360K) Class: 2229K(2560K)->2229K(2560K)
[2023-10-19T20:38:48.894+0000][3.422s][info ][gc            ] GC(6) Pause Young (Normal) (G1 Evacuation Pause) 99M->14M(153M) 12.949ms
[2023-10-19T20:38:48.895+0000][3.423s][info ][gc,cpu        ] GC(6) User=0.03s Sys=0.00s Real=0.02s
[2023-10-19T20:38:48.895+0000][3.423s][info ][safepoint     ] Leaving safepoint region
[2023-10-19T20:38:48.896+0000][3.424s][info ][safepoint     ] Total time for which application threads were stopped: 0.0150315 seconds, Stopping threads took: 0.0004953 seconds
[2023-10-19T20:38:48.896+0000][3.424s][info ][gc,stringdedup] Concurrent String Deduplication (3.424s)
[2023-10-19T20:38:48.898+0000][3.426s][info ][gc,stringdedup] Concurrent String Deduplication 118.3K->97184.0B(23936.0B) avg 13.1% (3.424s, 3.426s) 1.818ms
[2023-10-19T20:38:48.899+0000][3.427s][debug][safepoint     ] Safepoint synchronization initiated. (12 threads)
[2023-10-19T20:38:48.899+0000][3.427s][info ][safepoint     ] Application time: 0.0031498 seconds
[2023-10-19T20:38:48.900+0000][3.428s][info ][safepoint     ] Entering safepoint region: Deoptimize
[2023-10-19T20:38:48.901+0000][3.429s][info ][safepoint     ] Leaving safepoint region
[2023-10-19T20:38:48.901+0000][3.429s][info ][safepoint     ] Total time for which application threads were stopped: 0.0017352 seconds, Stopping threads took: 0.0004837 seconds
[2023-10-19T20:38:49.128+0000][3.656s][debug][safepoint     ] Safepoint synchronization initiated. (13 threads)
[2023-10-19T20:38:49.129+0000][3.657s][info ][safepoint     ] Application time: 0.2268480 seconds
[2023-10-19T20:38:49.130+0000][3.657s][debug][safepoint     ] ... found polling page return exception at pc = 0x00007fbdb03f2ac3, stub =0x00007fbda8840600
[2023-10-19T20:38:49.130+0000][3.658s][debug][safepoint     ] Waiting for 1 thread(s) to block
[2023-10-19T20:38:49.131+0000][3.659s][info ][safepoint     ] Entering safepoint region: Deoptimize
[2023-10-19T20:38:49.132+0000][3.660s][info ][safepoint     ] Leaving safepoint region
[2023-10-19T20:38:49.133+0000][3.660s][info ][safepoint     ] Total time for which application threads were stopped: 0.0029899 seconds, Stopping threads took: 0.0017293 seconds
[2023-10-19T20:38:49.253+0000][3.781s][debug][safepoint     ] Safepoint synchronization initiated. (13 threads)
[2023-10-19T20:38:49.254+0000][3.782s][info ][safepoint     ] Application time: 0.1209291 seconds
[2023-10-19T20:38:49.255+0000][3.782s][debug][safepoint     ] ... found polling page loop exception at pc = 0x00007fbdb02d667b, stub =0x00007fbda8843680
[2023-10-19T20:38:49.255+0000][3.783s][debug][safepoint     ] Waiting for 1 thread(s) to block
[2023-10-19T20:38:49.256+0000][3.784s][info ][safepoint     ] Entering safepoint region: G1CollectForAllocation
[2023-10-19T20:38:49.257+0000][3.784s][info ][gc,start      ] GC(7) Pause Young (Normal) (G1 Evacuation Pause)
[2023-10-19T20:38:49.257+0000][3.785s][info ][gc,task       ] GC(7) Using 4 workers of 8 for evacuation
[2023-10-19T20:38:49.270+0000][3.798s][info ][gc,phases     ] GC(7)   Pre Evacuate Collection Set: 0.0ms
[2023-10-19T20:38:49.270+0000][3.798s][info ][gc,phases     ] GC(7)   Evacuate Collection Set: 10.3ms
[2023-10-19T20:38:49.271+0000][3.799s][info ][gc,phases     ] GC(7)   Post Evacuate Collection Set: 1.8ms
[2023-10-19T20:38:49.272+0000][3.799s][info ][gc,phases     ] GC(7)   Other: 1.1ms
[2023-10-19T20:38:49.272+0000][3.800s][info ][gc,heap       ] GC(7) Eden regions: 84->0(83)
[2023-10-19T20:38:49.272+0000][3.800s][info ][gc,heap       ] GC(7) Survivor regions: 7->8(12)
[2023-10-19T20:38:49.273+0000][3.801s][info ][gc,heap       ] GC(7) Old regions: 10->10
[2023-10-19T20:38:49.273+0000][3.801s][info ][gc,heap       ] GC(7) Humongous regions: 0->0
[2023-10-19T20:38:49.274+0000][3.802s][info ][gc,metaspace  ] GC(7) Metaspace: 19633K(20480K)->19633K(20480K) NonClass: 17127K(17664K)->17127K(17664K) Class: 2506K(2816K)->2506K(2816K)
[2023-10-19T20:38:49.274+0000][3.802s][info ][gc            ] GC(7) Pause Young (Normal) (G1 Evacuation Pause) 98M->16M(153M) 17.909ms
[2023-10-19T20:38:49.275+0000][3.803s][info ][gc,cpu        ] GC(7) User=0.07s Sys=0.00s Real=0.02s
[2023-10-19T20:38:49.275+0000][3.803s][info ][safepoint     ] Leaving safepoint region
[2023-10-19T20:38:49.276+0000][3.804s][info ][safepoint     ] Total time for which application threads were stopped: 0.0212950 seconds, Stopping threads took: 0.0017457 seconds
[2023-10-19T20:38:49.276+0000][3.804s][info ][gc,stringdedup] Concurrent String Deduplication (3.804s)
[2023-10-19T20:38:49.278+0000][3.806s][info ][gc,stringdedup] Concurrent String Deduplication 76128.0B->24912.0B(51216.0B) avg 14.5% (3.804s, 3.806s) 1.601ms
[2023-10-19T20:38:49.349+0000][3.877s][debug][safepoint     ] Safepoint synchronization initiated. (13 threads)
[2023-10-19T20:38:49.350+0000][3.878s][info ][safepoint     ] Application time: 0.0739135 seconds
[2023-10-19T20:38:49.351+0000][3.879s][debug][safepoint     ] Waiting for 1 thread(s) to block
[2023-10-19T20:38:49.351+0000][3.879s][info ][safepoint     ] Entering safepoint region: CollectForMetadataAllocation
[2023-10-19T20:38:49.352+0000][3.880s][info ][gc,start      ] GC(8) Pause Young (Concurrent Start) (Metadata GC Threshold)
[2023-10-19T20:38:49.353+0000][3.881s][info ][gc,task       ] GC(8) Using 4 workers of 8 for evacuation
[2023-10-19T20:38:49.370+0000][3.898s][info ][gc,phases     ] GC(8)   Pre Evacuate Collection Set: 0.1ms
[2023-10-19T20:38:49.370+0000][3.898s][info ][gc,phases     ] GC(8)   Evacuate Collection Set: 13.9ms
[2023-10-19T20:38:49.371+0000][3.899s][info ][gc,phases     ] GC(8)   Post Evacuate Collection Set: 2.2ms
[2023-10-19T20:38:49.371+0000][3.899s][info ][gc,phases     ] GC(8)   Other: 1.3ms
[2023-10-19T20:38:49.372+0000][3.900s][info ][gc,heap       ] GC(8) Eden regions: 15->0(99)
[2023-10-19T20:38:49.372+0000][3.900s][info ][gc,heap       ] GC(8) Survivor regions: 8->7(12)
[2023-10-19T20:38:49.373+0000][3.901s][info ][gc,heap       ] GC(8) Old regions: 10->12
[2023-10-19T20:38:49.373+0000][3.901s][info ][gc,heap       ] GC(8) Humongous regions: 0->0
[2023-10-19T20:38:49.374+0000][3.902s][info ][gc,metaspace  ] GC(8) Metaspace: 20458K(21248K)->20458K(21248K) NonClass: 17878K(18432K)->17878K(18432K) Class: 2580K(2816K)->2580K(2816K)
[2023-10-19T20:38:49.374+0000][3.902s][info ][gc            ] GC(8) Pause Young (Concurrent Start) (Metadata GC Threshold) 30M->16M(184M) 21.891ms
[2023-10-19T20:38:49.375+0000][3.903s][info ][gc,cpu        ] GC(8) User=0.12s Sys=0.00s Real=0.03s
[2023-10-19T20:38:49.375+0000][3.903s][info ][gc            ] GC(9) Concurrent Cycle
[2023-10-19T20:38:49.375+0000][3.903s][info ][safepoint     ] Leaving safepoint region
[2023-10-19T20:38:49.376+0000][3.904s][info ][safepoint     ] Total time for which application threads were stopped: 0.0253040 seconds, Stopping threads took: 0.0011923 seconds
[2023-10-19T20:38:49.376+0000][3.904s][info ][gc,marking    ] GC(9) Concurrent Clear Claimed Marks
[2023-10-19T20:38:49.377+0000][3.905s][info ][gc,marking    ] GC(9) Concurrent Clear Claimed Marks 1.648ms
[2023-10-19T20:38:49.378+0000][3.906s][info ][gc,marking    ] GC(9) Concurrent Scan Root Regions
[2023-10-19T20:38:49.377+0000][3.905s][info ][gc,stringdedup] Concurrent String Deduplication (3.905s)
[2023-10-19T20:38:49.383+0000][3.910s][info ][gc,marking    ] GC(9) Concurrent Scan Root Regions 4.639ms
[2023-10-19T20:38:49.385+0000][3.913s][info ][gc,marking    ] GC(9) Concurrent Mark (3.913s)
[2023-10-19T20:38:49.385+0000][3.913s][info ][gc,marking    ] GC(9) Concurrent Mark From Roots
[2023-10-19T20:38:49.386+0000][3.914s][info ][gc,task       ] GC(9) Using 2 workers of 2 for marking
[2023-10-19T20:38:49.384+0000][3.912s][info ][gc,stringdedup] Concurrent String Deduplication 104.5K->14896.0B(92080.0B) avg 17.0% (3.905s, 3.912s) 7.239ms
[2023-10-19T20:38:49.405+0000][3.933s][info ][gc,marking    ] GC(9) Concurrent Mark From Roots 19.924ms
[2023-10-19T20:38:49.410+0000][3.938s][info ][gc,marking    ] GC(9) Concurrent Preclean
[2023-10-19T20:38:49.411+0000][3.939s][info ][gc,marking    ] GC(9) Concurrent Preclean 0.851ms
[2023-10-19T20:38:49.413+0000][3.940s][info ][gc,marking    ] GC(9) Concurrent Mark (3.913s, 3.940s) 27.868ms
[2023-10-19T20:38:49.413+0000][3.941s][debug][safepoint     ] Safepoint synchronization initiated. (13 threads)
[2023-10-19T20:38:49.414+0000][3.942s][info ][safepoint     ] Application time: 0.0377921 seconds
[2023-10-19T20:38:49.417+0000][3.945s][debug][safepoint     ] Waiting for 1 thread(s) to block
[2023-10-19T20:38:49.418+0000][3.946s][info ][safepoint     ] Entering safepoint region: CGC_Operation
[2023-10-19T20:38:49.418+0000][3.946s][info ][gc,start      ] GC(9) Pause Remark
[2023-10-19T20:38:49.424+0000][3.952s][info ][gc,stringtable] GC(9) Cleaned string and symbol table, strings: 8287 processed, 6 removed, symbols: 55343 processed, 115 removed
[2023-10-19T20:38:49.425+0000][3.953s][info ][gc            ] GC(9) Pause Remark 22M->22M(184M) 6.681ms
[2023-10-19T20:38:49.426+0000][3.953s][info ][gc,cpu        ] GC(9) User=0.05s Sys=0.00s Real=0.01s
[2023-10-19T20:38:49.426+0000][3.954s][info ][safepoint     ] Leaving safepoint region
[2023-10-19T20:38:49.427+0000][3.954s][info ][safepoint     ] Total time for which application threads were stopped: 0.0097130 seconds, Stopping threads took: 0.0013194 seconds
[2023-10-19T20:38:49.427+0000][3.955s][info ][gc,marking    ] GC(9) Concurrent Rebuild Remembered Sets
[2023-10-19T20:38:49.437+0000][3.965s][info ][gc,marking    ] GC(9) Concurrent Rebuild Remembered Sets 9.597ms
[2023-10-19T20:38:49.439+0000][3.967s][debug][safepoint     ] Safepoint synchronization initiated. (13 threads)
[2023-10-19T20:38:49.439+0000][3.967s][info ][safepoint     ] Application time: 0.0123250 seconds
[2023-10-19T20:38:49.442+0000][3.970s][debug][safepoint     ] ... found polling page return exception at pc = 0x00007fbdb043c2ef, stub =0x00007fbda8840600
[2023-10-19T20:38:49.442+0000][3.970s][debug][safepoint     ] ... found polling page return exception at pc = 0x00007fbdb0393044, stub =0x00007fbda8840600
[2023-10-19T20:38:49.443+0000][3.971s][debug][safepoint     ] Waiting for 2 thread(s) to block
[2023-10-19T20:38:49.444+0000][3.972s][info ][safepoint     ] Entering safepoint region: CGC_Operation
[2023-10-19T20:38:49.445+0000][3.973s][info ][gc,start      ] GC(9) Pause Cleanup
[2023-10-19T20:38:49.446+0000][3.974s][info ][gc            ] GC(9) Pause Cleanup 25M->25M(184M) 0.745ms
[2023-10-19T20:38:49.447+0000][3.975s][info ][gc,cpu        ] GC(9) User=0.00s Sys=0.00s Real=0.00s
[2023-10-19T20:38:49.447+0000][3.975s][info ][safepoint     ] Leaving safepoint region
[2023-10-19T20:38:49.448+0000][3.976s][info ][safepoint     ] Total time for which application threads were stopped: 0.0062947 seconds, Stopping threads took: 0.0035793 seconds
[2023-10-19T20:38:49.448+0000][3.976s][info ][gc,marking    ] GC(9) Concurrent Cleanup for Next Mark
[2023-10-19T20:38:49.451+0000][3.979s][info ][gc,marking    ] GC(9) Concurrent Cleanup for Next Mark 2.220ms
[2023-10-19T20:38:49.452+0000][3.979s][info ][gc            ] GC(9) Concurrent Cycle 76.456ms
[2023-10-19T20:38:49.725+0000][4.253s][debug][safepoint     ] Safepoint synchronization initiated. (13 threads)
[2023-10-19T20:38:49.725+0000][4.253s][info ][safepoint     ] Application time: 0.2769435 seconds
[2023-10-19T20:38:49.726+0000][4.254s][debug][safepoint     ] ... found polling page loop exception at pc = 0x00007fbda93b97f0, stub =0x00007fbda8843680
[2023-10-19T20:38:49.726+0000][4.254s][debug][safepoint     ] Waiting for 1 thread(s) to block
[2023-10-19T20:38:49.727+0000][4.255s][info ][safepoint     ] Entering safepoint region: Deoptimize
[2023-10-19T20:38:49.728+0000][4.256s][info ][safepoint     ] Leaving safepoint region
[2023-10-19T20:38:49.728+0000][4.256s][info ][safepoint     ] Total time for which application threads were stopped: 0.0024895 seconds, Stopping threads took: 0.0014940 seconds
[2023-10-19T20:38:49.828+0000][4.356s][debug][safepoint     ] Safepoint synchronization initiated. (12 threads)
[2023-10-19T20:38:49.828+0000][4.356s][info ][safepoint     ] Application time: 0.0996932 seconds
[2023-10-19T20:38:49.829+0000][4.357s][info ][safepoint     ] Entering safepoint region: G1CollectForAllocation
[2023-10-19T20:38:49.830+0000][4.358s][info ][gc,start      ] GC(10) Pause Young (Normal) (G1 Evacuation Pause)
[2023-10-19T20:38:49.830+0000][4.358s][info ][gc,task       ] GC(10) Using 4 workers of 8 for evacuation
[2023-10-19T20:38:49.843+0000][4.371s][info ][gc,phases     ] GC(10)   Pre Evacuate Collection Set: 0.0ms
[2023-10-19T20:38:49.844+0000][4.371s][info ][gc,phases     ] GC(10)   Evacuate Collection Set: 10.7ms
[2023-10-19T20:38:49.844+0000][4.372s][info ][gc,phases     ] GC(10)   Post Evacuate Collection Set: 1.5ms
[2023-10-19T20:38:49.844+0000][4.372s][info ][gc,phases     ] GC(10)   Other: 1.1ms
[2023-10-19T20:38:49.845+0000][4.373s][info ][gc,heap       ] GC(10) Eden regions: 99->0(101)
[2023-10-19T20:38:49.845+0000][4.373s][info ][gc,heap       ] GC(10) Survivor regions: 7->9(14)
[2023-10-19T20:38:49.846+0000][4.374s][info ][gc,heap       ] GC(10) Old regions: 12->12
[2023-10-19T20:38:49.846+0000][4.374s][info ][gc,heap       ] GC(10) Humongous regions: 0->0
[2023-10-19T20:38:49.847+0000][4.375s][info ][gc,metaspace  ] GC(10) Metaspace: 23932K(24828K)->23932K(24828K) NonClass: 20914K(21500K)->20914K(21500K) Class: 3018K(3328K)->3018K(3328K)
[2023-10-19T20:38:49.847+0000][4.375s][info ][gc            ] GC(10) Pause Young (Normal) (G1 Evacuation Pause) 115M->18M(184M) 17.467ms
[2023-10-19T20:38:49.848+0000][4.376s][info ][gc,cpu        ] GC(10) User=0.10s Sys=0.00s Real=0.02s
[2023-10-19T20:38:49.848+0000][4.376s][info ][safepoint     ] Leaving safepoint region
[2023-10-19T20:38:49.849+0000][4.377s][info ][safepoint     ] Total time for which application threads were stopped: 0.0196199 seconds, Stopping threads took: 0.0004691 seconds
[2023-10-19T20:38:49.849+0000][4.377s][info ][gc,stringdedup] Concurrent String Deduplication (4.377s)
[2023-10-19T20:38:49.854+0000][4.382s][info ][gc,stringdedup] Concurrent String Deduplication 778.2K->742.3K(36712.0B) avg 14.4% (4.377s, 4.382s) 4.483ms
[2023-10-19T20:38:50.236+0000][4.764s][debug][safepoint     ] Safepoint synchronization initiated. (12 threads)
[2023-10-19T20:38:50.237+0000][4.765s][info ][safepoint     ] Application time: 0.3876863 seconds
[2023-10-19T20:38:50.237+0000][4.765s][info ][safepoint     ] Entering safepoint region: G1CollectForAllocation
[2023-10-19T20:38:50.238+0000][4.766s][info ][gc,start      ] GC(11) Pause Young (Normal) (G1 Evacuation Pause)
[2023-10-19T20:38:50.238+0000][4.766s][info ][gc,task       ] GC(11) Using 4 workers of 8 for evacuation
[2023-10-19T20:38:50.252+0000][4.780s][info ][gc,phases     ] GC(11)   Pre Evacuate Collection Set: 0.0ms
[2023-10-19T20:38:50.252+0000][4.780s][info ][gc,phases     ] GC(11)   Evacuate Collection Set: 11.3ms
[2023-10-19T20:38:50.253+0000][4.781s][info ][gc,phases     ] GC(11)   Post Evacuate Collection Set: 1.6ms
[2023-10-19T20:38:50.253+0000][4.781s][info ][gc,phases     ] GC(11)   Other: 1.0ms
[2023-10-19T20:38:50.254+0000][4.781s][info ][gc,heap       ] GC(11) Eden regions: 101->0(101)
[2023-10-19T20:38:50.254+0000][4.782s][info ][gc,heap       ] GC(11) Survivor regions: 9->9(14)
[2023-10-19T20:38:50.254+0000][4.782s][info ][gc,heap       ] GC(11) Old regions: 12->15
[2023-10-19T20:38:50.255+0000][4.783s][info ][gc,heap       ] GC(11) Humongous regions: 0->0
[2023-10-19T20:38:50.255+0000][4.783s][info ][gc,metaspace  ] GC(11) Metaspace: 24215K(25212K)->24215K(25212K) NonClass: 21152K(21756K)->21152K(21756K) Class: 3063K(3456K)->3063K(3456K)
[2023-10-19T20:38:50.256+0000][4.784s][info ][gc            ] GC(11) Pause Young (Normal) (G1 Evacuation Pause) 119M->21M(184M) 17.794ms
[2023-10-19T20:38:50.256+0000][4.784s][info ][gc,cpu        ] GC(11) User=0.11s Sys=0.00s Real=0.02s
[2023-10-19T20:38:50.256+0000][4.784s][info ][safepoint     ] Leaving safepoint region
[2023-10-19T20:38:50.257+0000][4.785s][info ][safepoint     ] Total time for which application threads were stopped: 0.0196682 seconds, Stopping threads took: 0.0005105 seconds
[2023-10-19T20:38:50.257+0000][4.785s][info ][gc,stringdedup] Concurrent String Deduplication (4.785s)
[2023-10-19T20:38:50.258+0000][4.786s][info ][gc,stringdedup] Concurrent String Deduplication 37144.0B->20408.0B(16736.0B) avg 14.7% (4.785s, 4.786s) 0.869ms
[2023-10-19T20:38:50.729+0000][5.257s][debug][safepoint     ] Safepoint synchronization initiated. (12 threads)
[2023-10-19T20:38:50.729+0000][5.257s][info ][safepoint     ] Application time: 0.4721635 seconds
[2023-10-19T20:38:50.730+0000][5.258s][info ][safepoint     ] Entering safepoint region: G1CollectForAllocation
[2023-10-19T20:38:50.731+0000][5.259s][info ][gc,start      ] GC(12) Pause Young (Normal) (G1 Evacuation Pause)
[2023-10-19T20:38:50.731+0000][5.259s][info ][gc,task       ] GC(12) Using 4 workers of 8 for evacuation
[2023-10-19T20:38:50.743+0000][5.271s][info ][gc,phases     ] GC(12)   Pre Evacuate Collection Set: 0.0ms
[2023-10-19T20:38:50.744+0000][5.272s][info ][gc,phases     ] GC(12)   Evacuate Collection Set: 9.9ms
[2023-10-19T20:38:50.744+0000][5.272s][info ][gc,phases     ] GC(12)   Post Evacuate Collection Set: 1.7ms
[2023-10-19T20:38:50.745+0000][5.273s][info ][gc,phases     ] GC(12)   Other: 1.1ms
[2023-10-19T20:38:50.745+0000][5.273s][info ][gc,heap       ] GC(12) Eden regions: 101->0(99)
[2023-10-19T20:38:50.746+0000][5.274s][info ][gc,heap       ] GC(12) Survivor regions: 9->11(14)
[2023-10-19T20:38:50.746+0000][5.274s][info ][gc,heap       ] GC(12) Old regions: 15->16
[2023-10-19T20:38:50.747+0000][5.275s][info ][gc,heap       ] GC(12) Humongous regions: 0->0
[2023-10-19T20:38:50.747+0000][5.275s][info ][gc,metaspace  ] GC(12) Metaspace: 24620K(25724K)->24620K(25724K) NonClass: 21533K(22268K)->21533K(22268K) Class: 3087K(3456K)->3087K(3456K)
[2023-10-19T20:38:50.748+0000][5.275s][info ][gc            ] GC(12) Pause Young (Normal) (G1 Evacuation Pause) 122M->24M(184M) 16.875ms
[2023-10-19T20:38:50.748+0000][5.276s][info ][gc,cpu        ] GC(12) User=0.09s Sys=0.01s Real=0.02s
[2023-10-19T20:38:50.748+0000][5.276s][info ][safepoint     ] Leaving safepoint region
[2023-10-19T20:38:50.749+0000][5.277s][info ][safepoint     ] Total time for which application threads were stopped: 0.0189378 seconds, Stopping threads took: 0.0004809 seconds
[2023-10-19T20:38:50.749+0000][5.277s][info ][gc,stringdedup] Concurrent String Deduplication (5.277s)
[2023-10-19T20:38:50.755+0000][5.283s][info ][gc,stringdedup] Concurrent String Deduplication 677.3K->440.6K(236.7K) avg 17.8% (5.277s, 5.283s) 5.436ms
[2023-10-19T20:38:51.211+0000][5.739s][debug][safepoint     ] Safepoint synchronization initiated. (12 threads)
[2023-10-19T20:38:51.212+0000][5.740s][info ][safepoint     ] Application time: 0.4627997 seconds
[2023-10-19T20:38:51.213+0000][5.740s][info ][safepoint     ] Entering safepoint region: G1CollectForAllocation
[2023-10-19T20:38:51.213+0000][5.741s][info ][gc,start      ] GC(13) Pause Young (Normal) (G1 Evacuation Pause)
[2023-10-19T20:38:51.214+0000][5.742s][info ][gc,task       ] GC(13) Using 4 workers of 8 for evacuation
[2023-10-19T20:38:51.227+0000][5.755s][info ][gc,phases     ] GC(13)   Pre Evacuate Collection Set: 0.0ms
[2023-10-19T20:38:51.227+0000][5.755s][info ][gc,phases     ] GC(13)   Evacuate Collection Set: 9.8ms
[2023-10-19T20:38:51.228+0000][5.756s][info ][gc,phases     ] GC(13)   Post Evacuate Collection Set: 2.4ms
[2023-10-19T20:38:51.228+0000][5.756s][info ][gc,phases     ] GC(13)   Other: 1.1ms
[2023-10-19T20:38:51.229+0000][5.756s][info ][gc,heap       ] GC(13) Eden regions: 99->0(128)
[2023-10-19T20:38:51.229+0000][5.757s][info ][gc,heap       ] GC(13) Survivor regions: 11->9(14)
[2023-10-19T20:38:51.229+0000][5.757s][info ][gc,heap       ] GC(13) Old regions: 16->20
[2023-10-19T20:38:51.230+0000][5.758s][info ][gc,heap       ] GC(13) Humongous regions: 0->0
[2023-10-19T20:38:51.230+0000][5.758s][info ][gc,metaspace  ] GC(13) Metaspace: 24754K(25724K)->24754K(25724K) NonClass: 21651K(22268K)->21651K(22268K) Class: 3103K(3456K)->3103K(3456K)
[2023-10-19T20:38:51.231+0000][5.758s][info ][gc            ] GC(13) Pause Young (Normal) (G1 Evacuation Pause) 123M->26M(229M) 17.166ms
[2023-10-19T20:38:51.231+0000][5.759s][info ][gc,cpu        ] GC(13) User=0.06s Sys=0.00s Real=0.01s
[2023-10-19T20:38:51.231+0000][5.759s][info ][safepoint     ] Leaving safepoint region
[2023-10-19T20:38:51.232+0000][5.760s][info ][safepoint     ] Total time for which application threads were stopped: 0.0192045 seconds, Stopping threads took: 0.0005362 seconds
[2023-10-19T20:38:51.232+0000][5.760s][info ][gc,stringdedup] Concurrent String Deduplication (5.760s)
[2023-10-19T20:38:51.239+0000][5.767s][info ][gc,stringdedup] Concurrent String Deduplication 891.0K->388.5K(502.5K) avg 24.2% (5.760s, 5.767s) 6.492ms
[2023-10-19T20:38:51.638+0000][6.165s][debug][safepoint     ] Safepoint synchronization initiated. (13 threads)
[2023-10-19T20:38:51.639+0000][6.167s][info ][safepoint     ] Application time: 0.4069836 seconds
[2023-10-19T20:38:51.647+0000][6.175s][info ][safepoint     ] Entering safepoint region: G1CollectForAllocation
[2023-10-19T20:38:51.653+0000][6.181s][info ][gc,start      ] GC(14) Pause Young (Normal) (G1 Evacuation Pause)
[2023-10-19T20:38:51.655+0000][6.183s][info ][gc,task       ] GC(14) Using 5 workers of 8 for evacuation
[2023-10-19T20:38:51.678+0000][6.206s][info ][gc,phases     ] GC(14)   Pre Evacuate Collection Set: 0.0ms
[2023-10-19T20:38:51.680+0000][6.208s][info ][gc,phases     ] GC(14)   Evacuate Collection Set: 16.8ms
[2023-10-19T20:38:51.680+0000][6.208s][info ][gc,phases     ] GC(14)   Post Evacuate Collection Set: 5.9ms
[2023-10-19T20:38:51.681+0000][6.209s][info ][gc,phases     ] GC(14)   Other: 2.4ms
[2023-10-19T20:38:51.682+0000][6.209s][info ][gc,heap       ] GC(14) Eden regions: 128->0(129)
[2023-10-19T20:38:51.682+0000][6.210s][info ][gc,heap       ] GC(14) Survivor regions: 9->8(18)
[2023-10-19T20:38:51.683+0000][6.210s][info ][gc,heap       ] GC(14) Old regions: 20->20
[2023-10-19T20:38:51.683+0000][6.211s][info ][gc,heap       ] GC(14) Humongous regions: 0->0
[2023-10-19T20:38:51.683+0000][6.211s][info ][gc,metaspace  ] GC(14) Metaspace: 26106K(27132K)->26106K(27132K) NonClass: 22908K(23548K)->22908K(23548K) Class: 3198K(3584K)->3198K(3584K)
[2023-10-19T20:38:51.684+0000][6.212s][info ][gc            ] GC(14) Pause Young (Normal) (G1 Evacuation Pause) 154M->26M(229M) 30.759ms
[2023-10-19T20:38:51.685+0000][6.212s][info ][gc,cpu        ] GC(14) User=0.12s Sys=0.02s Real=0.03s
[2023-10-19T20:38:51.685+0000][6.213s][info ][safepoint     ] Leaving safepoint region
[2023-10-19T20:38:51.685+0000][6.213s][info ][safepoint     ] Total time for which application threads were stopped: 0.0382479 seconds, Stopping threads took: 0.0057252 seconds
[2023-10-19T20:38:51.686+0000][6.214s][info ][gc,stringdedup] Concurrent String Deduplication (6.214s)
[2023-10-19T20:38:51.695+0000][6.223s][info ][gc,stringdedup] Concurrent String Deduplication 794.0K->186.4K(607.6K) avg 30.9% (6.214s, 6.222s) 8.664ms
[2023-10-19T20:38:51.972+0000][6.500s][debug][safepoint     ] Safepoint synchronization initiated. (13 threads)
[2023-10-19T20:38:51.973+0000][6.500s][info ][safepoint     ] Application time: 0.2867862 seconds
[2023-10-19T20:38:51.973+0000][6.501s][info ][safepoint     ] Entering safepoint region: G1CollectForAllocation
[2023-10-19T20:38:51.974+0000][6.502s][info ][gc,start      ] GC(15) Pause Young (Normal) (G1 Evacuation Pause)
[2023-10-19T20:38:51.974+0000][6.502s][info ][gc,task       ] GC(15) Using 5 workers of 8 for evacuation
[2023-10-19T20:38:51.981+0000][6.509s][info ][gc,phases     ] GC(15)   Pre Evacuate Collection Set: 0.0ms
[2023-10-19T20:38:51.982+0000][6.510s][info ][gc,phases     ] GC(15)   Evacuate Collection Set: 5.1ms
[2023-10-19T20:38:51.982+0000][6.510s][info ][gc,phases     ] GC(15)   Post Evacuate Collection Set: 1.4ms
[2023-10-19T20:38:51.983+0000][6.511s][info ][gc,phases     ] GC(15)   Other: 1.1ms
[2023-10-19T20:38:51.983+0000][6.511s][info ][gc,heap       ] GC(15) Eden regions: 129->0(129)
[2023-10-19T20:38:51.984+0000][6.512s][info ][gc,heap       ] GC(15) Survivor regions: 8->8(18)
[2023-10-19T20:38:51.984+0000][6.512s][info ][gc,heap       ] GC(15) Old regions: 20->20
[2023-10-19T20:38:51.985+0000][6.513s][info ][gc,heap       ] GC(15) Humongous regions: 0->0
[2023-10-19T20:38:51.985+0000][6.513s][info ][gc,metaspace  ] GC(15) Metaspace: 26282K(27388K)->26282K(27388K) NonClass: 23061K(23804K)->23061K(23804K) Class: 3220K(3584K)->3220K(3584K)
[2023-10-19T20:38:51.986+0000][6.513s][info ][gc            ] GC(15) Pause Young (Normal) (G1 Evacuation Pause) 155M->26M(229M) 11.686ms
[2023-10-19T20:38:51.986+0000][6.514s][info ][gc,cpu        ] GC(15) User=0.03s Sys=0.00s Real=0.01s
[2023-10-19T20:38:51.986+0000][6.514s][info ][safepoint     ] Leaving safepoint region
[2023-10-19T20:38:51.987+0000][6.515s][info ][safepoint     ] Total time for which application threads were stopped: 0.0135733 seconds, Stopping threads took: 0.0003980 seconds
[2023-10-19T20:38:51.987+0000][6.515s][info ][gc,stringdedup] Concurrent String Deduplication (6.515s)
[2023-10-19T20:38:51.992+0000][6.520s][info ][gc,stringdedup] Concurrent String Deduplication 1187.6K->243.8K(943.8K) avg 38.7% (6.515s, 6.520s) 4.937ms
[2023-10-19T20:38:52.426+0000][6.954s][debug][safepoint     ] Safepoint synchronization initiated. (12 threads)
[2023-10-19T20:38:52.427+0000][6.955s][info ][safepoint     ] Application time: 0.4403052 seconds
[2023-10-19T20:38:52.428+0000][6.956s][info ][safepoint     ] Entering safepoint region: G1CollectForAllocation
[2023-10-19T20:38:52.429+0000][6.957s][info ][gc,start      ] GC(16) Pause Young (Normal) (G1 Evacuation Pause)
[2023-10-19T20:38:52.430+0000][6.957s][info ][gc,task       ] GC(16) Using 5 workers of 8 for evacuation
[2023-10-19T20:38:52.446+0000][6.974s][info ][gc,phases     ] GC(16)   Pre Evacuate Collection Set: 0.1ms
[2023-10-19T20:38:52.447+0000][6.975s][info ][gc,phases     ] GC(16)   Evacuate Collection Set: 9.6ms
[2023-10-19T20:38:52.448+0000][6.976s][info ][gc,phases     ] GC(16)   Post Evacuate Collection Set: 6.1ms
[2023-10-19T20:38:52.449+0000][6.976s][info ][gc,phases     ] GC(16)   Other: 1.7ms
[2023-10-19T20:38:52.449+0000][6.977s][info ][gc,heap       ] GC(16) Eden regions: 129->0(129)
[2023-10-19T20:38:52.450+0000][6.978s][info ][gc,heap       ] GC(16) Survivor regions: 8->8(18)
[2023-10-19T20:38:52.450+0000][6.978s][info ][gc,heap       ] GC(16) Old regions: 20->20
[2023-10-19T20:38:52.451+0000][6.979s][info ][gc,heap       ] GC(16) Humongous regions: 0->0
[2023-10-19T20:38:52.452+0000][6.980s][info ][gc,metaspace  ] GC(16) Metaspace: 27059K(28028K)->27059K(28028K) NonClass: 23757K(24316K)->23757K(24316K) Class: 3301K(3712K)->3301K(3712K)
[2023-10-19T20:38:52.453+0000][6.980s][info ][gc            ] GC(16) Pause Young (Normal) (G1 Evacuation Pause) 155M->25M(229M) 23.539ms
[2023-10-19T20:38:52.453+0000][6.981s][info ][gc,cpu        ] GC(16) User=0.07s Sys=0.01s Real=0.02s
[2023-10-19T20:38:52.454+0000][6.982s][info ][safepoint     ] Leaving safepoint region
[2023-10-19T20:38:52.455+0000][6.982s][info ][safepoint     ] Total time for which application threads were stopped: 0.0264265 seconds, Stopping threads took: 0.0005846 seconds
[2023-10-19T20:38:52.455+0000][6.983s][info ][gc,stringdedup] Concurrent String Deduplication (6.983s)
[2023-10-19T20:38:52.457+0000][6.985s][info ][gc,stringdedup] Concurrent String Deduplication 140.1K->39344.0B(101.7K) avg 39.3% (6.983s, 6.985s) 1.751ms
[2023-10-19T20:38:53.260+0000][7.788s][debug][safepoint     ] Safepoint synchronization initiated. (11 threads)
[2023-10-19T20:38:53.261+0000][7.789s][info ][safepoint     ] Application time: 0.8056631 seconds
[2023-10-19T20:38:53.262+0000][7.789s][info ][safepoint     ] Entering safepoint region: G1CollectForAllocation
[2023-10-19T20:38:53.262+0000][7.790s][info ][gc,start      ] GC(17) Pause Young (Normal) (G1 Evacuation Pause)
[2023-10-19T20:38:53.263+0000][7.791s][info ][gc,task       ] GC(17) Using 5 workers of 8 for evacuation
[2023-10-19T20:38:53.275+0000][7.803s][info ][gc,phases     ] GC(17)   Pre Evacuate Collection Set: 0.0ms
[2023-10-19T20:38:53.276+0000][7.803s][info ][gc,phases     ] GC(17)   Evacuate Collection Set: 8.3ms
[2023-10-19T20:38:53.276+0000][7.804s][info ][gc,phases     ] GC(17)   Post Evacuate Collection Set: 3.3ms
[2023-10-19T20:38:53.277+0000][7.804s][info ][gc,phases     ] GC(17)   Other: 1.2ms
[2023-10-19T20:38:53.277+0000][7.805s][info ][gc,heap       ] GC(17) Eden regions: 129->0(163)
[2023-10-19T20:38:53.278+0000][7.805s][info ][gc,heap       ] GC(17) Survivor regions: 8->9(18)
[2023-10-19T20:38:53.278+0000][7.806s][info ][gc,heap       ] GC(17) Old regions: 20->20
[2023-10-19T20:38:53.279+0000][7.806s][info ][gc,heap       ] GC(17) Humongous regions: 0->0
[2023-10-19T20:38:53.279+0000][7.807s][info ][gc,metaspace  ] GC(17) Metaspace: 32029K(33148K)->32029K(33148K) NonClass: 28184K(28924K)->28184K(28924K) Class: 3844K(4224K)->3844K(4224K)
[2023-10-19T20:38:53.279+0000][7.807s][info ][gc            ] GC(17) Pause Young (Normal) (G1 Evacuation Pause) 154M->26M(288M) 17.108ms
[2023-10-19T20:38:53.280+0000][7.807s][info ][gc,cpu        ] GC(17) User=0.06s Sys=0.00s Real=0.02s
[2023-10-19T20:38:53.280+0000][7.808s][info ][safepoint     ] Leaving safepoint region
[2023-10-19T20:38:53.281+0000][7.808s][info ][safepoint     ] Total time for which application threads were stopped: 0.0192101 seconds, Stopping threads took: 0.0005184 seconds
[2023-10-19T20:38:53.281+0000][7.809s][info ][gc,stringdedup] Concurrent String Deduplication (7.809s)
[2023-10-19T20:38:53.282+0000][7.810s][info ][gc,stringdedup] Concurrent String Deduplication 32808.0B->4416.0B(28392.0B) avg 39.5% (7.809s, 7.810s) 0.708ms
[2023-10-19T20:38:53.652+0000][8.179s][debug][safepoint     ] Safepoint synchronization initiated. (12 threads)
[2023-10-19T20:38:53.652+0000][8.180s][info ][safepoint     ] Application time: 0.3711346 seconds
[2023-10-19T20:38:53.653+0000][8.181s][info ][safepoint     ] Entering safepoint region: Deoptimize
[2023-10-19T20:38:53.654+0000][8.182s][info ][safepoint     ] Leaving safepoint region
[2023-10-19T20:38:53.655+0000][8.183s][info ][safepoint     ] Total time for which application threads were stopped: 0.0020450 seconds, Stopping threads took: 0.0006131 seconds
[2023-10-19T20:38:54.032+0000][8.559s][debug][safepoint     ] Safepoint synchronization initiated. (12 threads)
[2023-10-19T20:38:54.039+0000][8.567s][info ][safepoint     ] Application time: 0.3838133 seconds
[2023-10-19T20:38:54.041+0000][8.569s][debug][safepoint     ] Waiting for 1 thread(s) to block
[2023-10-19T20:38:54.042+0000][8.570s][info ][safepoint     ] Entering safepoint region: G1CollectForAllocation
[2023-10-19T20:38:54.043+0000][8.571s][info ][gc,start      ] GC(18) Pause Young (Normal) (G1 Evacuation Pause)
[2023-10-19T20:38:54.044+0000][8.572s][info ][gc,task       ] GC(18) Using 6 workers of 8 for evacuation
[2023-10-19T20:38:54.071+0000][8.598s][info ][gc,phases     ] GC(18)   Pre Evacuate Collection Set: 0.0ms
[2023-10-19T20:38:54.071+0000][8.599s][info ][gc,phases     ] GC(18)   Evacuate Collection Set: 22.8ms
[2023-10-19T20:38:54.072+0000][8.599s][info ][gc,phases     ] GC(18)   Post Evacuate Collection Set: 2.3ms
[2023-10-19T20:38:54.072+0000][8.600s][info ][gc,phases     ] GC(18)   Other: 1.9ms
[2023-10-19T20:38:54.075+0000][8.603s][info ][gc,heap       ] GC(18) Eden regions: 163->0(162)
[2023-10-19T20:38:54.076+0000][8.604s][info ][gc,heap       ] GC(18) Survivor regions: 9->10(22)
[2023-10-19T20:38:54.077+0000][8.604s][info ][gc,heap       ] GC(18) Old regions: 20->20
[2023-10-19T20:38:54.077+0000][8.605s][info ][gc,heap       ] GC(18) Humongous regions: 0->0
[2023-10-19T20:38:54.078+0000][8.605s][info ][gc,metaspace  ] GC(18) Metaspace: 32808K(34044K)->32808K(34044K) NonClass: 28854K(29692K)->28854K(29692K) Class: 3953K(4352K)->3953K(4352K)
[2023-10-19T20:38:54.078+0000][8.606s][info ][gc            ] GC(18) Pause Young (Normal) (G1 Evacuation Pause) 189M->28M(288M) 34.945ms
[2023-10-19T20:38:54.079+0000][8.607s][info ][gc,cpu        ] GC(18) User=0.20s Sys=0.00s Real=0.03s
[2023-10-19T20:38:54.080+0000][8.607s][info ][safepoint     ] Leaving safepoint region
[2023-10-19T20:38:54.082+0000][8.610s][info ][safepoint     ] Total time for which application threads were stopped: 0.0410891 seconds, Stopping threads took: 0.0018902 seconds
[2023-10-19T20:38:54.083+0000][8.611s][info ][gc,stringdedup] Concurrent String Deduplication (8.611s)
[2023-10-19T20:38:54.085+0000][8.613s][info ][gc,stringdedup] Concurrent String Deduplication 301.7K->14864.0B(287.2K) avg 41.7% (8.611s, 8.613s) 2.011ms
[2023-10-19T20:38:54.427+0000][8.954s][debug][safepoint     ] Safepoint synchronization initiated. (12 threads)
[2023-10-19T20:38:54.427+0000][8.955s][info ][safepoint     ] Application time: 0.3443808 seconds
[2023-10-19T20:38:54.428+0000][8.956s][info ][safepoint     ] Entering safepoint region: Deoptimize
[2023-10-19T20:38:54.429+0000][8.957s][info ][safepoint     ] Leaving safepoint region
[2023-10-19T20:38:54.429+0000][8.957s][info ][safepoint     ] Total time for which application threads were stopped: 0.0015015 seconds, Stopping threads took: 0.0004502 seconds
[2023-10-19T20:38:54.806+0000][9.334s][debug][safepoint     ] Safepoint synchronization initiated. (12 threads)
[2023-10-19T20:38:54.806+0000][9.334s][info ][safepoint     ] Application time: 0.3766634 seconds
[2023-10-19T20:38:54.807+0000][9.335s][info ][safepoint     ] Entering safepoint region: G1CollectForAllocation
[2023-10-19T20:38:54.808+0000][9.335s][info ][gc,start      ] GC(19) Pause Young (Normal) (G1 Evacuation Pause)
[2023-10-19T20:38:54.808+0000][9.336s][info ][gc,task       ] GC(19) Using 6 workers of 8 for evacuation
[2023-10-19T20:38:54.829+0000][9.357s][info ][gc,phases     ] GC(19)   Pre Evacuate Collection Set: 0.0ms
[2023-10-19T20:38:54.830+0000][9.357s][info ][gc,phases     ] GC(19)   Evacuate Collection Set: 17.5ms
[2023-10-19T20:38:54.830+0000][9.358s][info ][gc,phases     ] GC(19)   Post Evacuate Collection Set: 2.5ms
[2023-10-19T20:38:54.831+0000][9.358s][info ][gc,phases     ] GC(19)   Other: 1.2ms
[2023-10-19T20:38:54.831+0000][9.359s][info ][gc,heap       ] GC(19) Eden regions: 162->0(162)
[2023-10-19T20:38:54.832+0000][9.359s][info ][gc,heap       ] GC(19) Survivor regions: 10->10(22)
[2023-10-19T20:38:54.832+0000][9.360s][info ][gc,heap       ] GC(19) Old regions: 20->20
[2023-10-19T20:38:54.833+0000][9.360s][info ][gc,heap       ] GC(19) Humongous regions: 0->0
[2023-10-19T20:38:54.833+0000][9.361s][info ][gc,metaspace  ] GC(19) Metaspace: 34311K(35452K)->34311K(35452K) NonClass: 30170K(30972K)->30170K(30972K) Class: 4140K(4480K)->4140K(4480K)
[2023-10-19T20:38:54.834+0000][9.361s][info ][gc            ] GC(19) Pause Young (Normal) (G1 Evacuation Pause) 190M->28M(288M) 25.770ms
[2023-10-19T20:38:54.834+0000][9.362s][info ][gc,cpu        ] GC(19) User=0.16s Sys=0.01s Real=0.03s
[2023-10-19T20:38:54.835+0000][9.362s][info ][safepoint     ] Leaving safepoint region
[2023-10-19T20:38:54.835+0000][9.363s][info ][safepoint     ] Total time for which application threads were stopped: 0.0282501 seconds, Stopping threads took: 0.0005036 seconds
[2023-10-19T20:38:54.836+0000][9.363s][info ][gc,stringdedup] Concurrent String Deduplication (9.363s)
[2023-10-19T20:38:54.838+0000][9.366s][info ][gc,stringdedup] Concurrent String Deduplication 153.2K->33912.0B(120.1K) avg 42.4% (9.363s, 9.365s) 2.078ms
[2023-10-19T20:38:54.863+0000][9.391s][debug][safepoint     ] Safepoint synchronization initiated. (12 threads)
[2023-10-19T20:38:54.864+0000][9.392s][info ][safepoint     ] Application time: 0.0286073 seconds
[2023-10-19T20:38:54.865+0000][9.393s][info ][safepoint     ] Entering safepoint region: Deoptimize
[2023-10-19T20:38:54.866+0000][9.394s][info ][safepoint     ] Leaving safepoint region
[2023-10-19T20:38:54.867+0000][9.394s][info ][safepoint     ] Total time for which application threads were stopped: 0.0017010 seconds, Stopping threads took: 0.0005041 seconds
[2023-10-19T20:38:54.877+0000][9.405s][debug][safepoint     ] Safepoint synchronization initiated. (12 threads)
[2023-10-19T20:38:54.878+0000][9.405s][info ][safepoint     ] Application time: 0.0106045 seconds
[2023-10-19T20:38:54.878+0000][9.406s][info ][safepoint     ] Entering safepoint region: Deoptimize
[2023-10-19T20:38:54.879+0000][9.407s][info ][safepoint     ] Leaving safepoint region
[2023-10-19T20:38:54.880+0000][9.407s][info ][safepoint     ] Total time for which application threads were stopped: 0.0016718 seconds, Stopping threads took: 0.0004396 seconds
[2023-10-19T20:38:54.908+0000][9.436s][debug][safepoint     ] Safepoint synchronization initiated. (12 threads)
[2023-10-19T20:38:54.909+0000][9.437s][info ][safepoint     ] Application time: 0.0288981 seconds
[2023-10-19T20:38:54.910+0000][9.437s][info ][safepoint     ] Entering safepoint region: Deoptimize
[2023-10-19T20:38:54.911+0000][9.439s][info ][safepoint     ] Leaving safepoint region
[2023-10-19T20:38:54.911+0000][9.439s][info ][safepoint     ] Total time for which application threads were stopped: 0.0018304 seconds, Stopping threads took: 0.0004985 seconds
[2023-10-19T20:38:54.973+0000][9.501s][debug][safepoint     ] Safepoint synchronization initiated. (12 threads)
[2023-10-19T20:38:54.974+0000][9.501s][info ][safepoint     ] Application time: 0.0616371 seconds
[2023-10-19T20:38:54.974+0000][9.502s][info ][safepoint     ] Entering safepoint region: Deoptimize
[2023-10-19T20:38:54.976+0000][9.503s][info ][safepoint     ] Leaving safepoint region
[2023-10-19T20:38:54.976+0000][9.504s][info ][safepoint     ] Total time for which application threads were stopped: 0.0020025 seconds, Stopping threads took: 0.0006486 seconds
[2023-10-19T20:38:55.062+0000][9.589s][debug][safepoint     ] Safepoint synchronization initiated. (12 threads)
[2023-10-19T20:38:55.063+0000][9.590s][info ][safepoint     ] Application time: 0.0857085 seconds
[2023-10-19T20:38:55.063+0000][9.591s][info ][safepoint     ] Entering safepoint region: CollectForMetadataAllocation
[2023-10-19T20:38:55.064+0000][9.592s][info ][gc,start      ] GC(20) Pause Young (Concurrent Start) (Metadata GC Threshold)
[2023-10-19T20:38:55.064+0000][9.592s][info ][gc,task       ] GC(20) Using 6 workers of 8 for evacuation
[2023-10-19T20:38:55.086+0000][9.614s][info ][gc,phases     ] GC(20)   Pre Evacuate Collection Set: 0.1ms
[2023-10-19T20:38:55.087+0000][9.614s][info ][gc,phases     ] GC(20)   Evacuate Collection Set: 18.0ms
[2023-10-19T20:38:55.087+0000][9.615s][info ][gc,phases     ] GC(20)   Post Evacuate Collection Set: 2.8ms
[2023-10-19T20:38:55.088+0000][9.616s][info ][gc,phases     ] GC(20)   Other: 1.3ms
[2023-10-19T20:38:55.088+0000][9.616s][info ][gc,heap       ] GC(20) Eden regions: 40->0(144)
[2023-10-19T20:38:55.089+0000][9.616s][info ][gc,heap       ] GC(20) Survivor regions: 10->11(22)
[2023-10-19T20:38:55.089+0000][9.617s][info ][gc,heap       ] GC(20) Old regions: 20->20
[2023-10-19T20:38:55.090+0000][9.617s][info ][gc,heap       ] GC(20) Humongous regions: 0->0
[2023-10-19T20:38:55.090+0000][9.618s][info ][gc,metaspace  ] GC(20) Metaspace: 35135K(36048K)->35135K(36048K) NonClass: 30888K(31440K)->30888K(31440K) Class: 4246K(4608K)->4246K(4608K)
[2023-10-19T20:38:55.091+0000][9.618s][info ][gc            ] GC(20) Pause Young (Concurrent Start) (Metadata GC Threshold) 67M->28M(288M) 26.744ms
[2023-10-19T20:38:55.091+0000][9.619s][info ][gc,cpu        ] GC(20) User=0.11s Sys=0.01s Real=0.02s
[2023-10-19T20:38:55.092+0000][9.619s][info ][gc            ] GC(21) Concurrent Cycle
[2023-10-19T20:38:55.092+0000][9.619s][info ][safepoint     ] Leaving safepoint region
[2023-10-19T20:38:55.092+0000][9.620s][info ][gc,marking    ] GC(21) Concurrent Clear Claimed Marks
[2023-10-19T20:38:55.093+0000][9.620s][info ][safepoint     ] Total time for which application threads were stopped: 0.0294539 seconds, Stopping threads took: 0.0005568 seconds
[2023-10-19T20:38:55.093+0000][9.621s][info ][gc,marking    ] GC(21) Concurrent Clear Claimed Marks 1.104ms
[2023-10-19T20:38:55.094+0000][9.622s][info ][gc,marking    ] GC(21) Concurrent Scan Root Regions
[2023-10-19T20:38:55.094+0000][9.621s][info ][gc,stringdedup] Concurrent String Deduplication (9.621s)
[2023-10-19T20:38:55.098+0000][9.626s][info ][gc,stringdedup] Concurrent String Deduplication 359.2K->166.1K(193.1K) avg 42.9% (9.621s, 9.626s) 4.489ms
[2023-10-19T20:38:55.102+0000][9.629s][info ][gc,marking    ] GC(21) Concurrent Scan Root Regions 7.669ms
[2023-10-19T20:38:55.103+0000][9.631s][info ][gc,marking    ] GC(21) Concurrent Mark (9.631s)
[2023-10-19T20:38:55.104+0000][9.631s][info ][gc,marking    ] GC(21) Concurrent Mark From Roots
[2023-10-19T20:38:55.105+0000][9.632s][info ][gc,task       ] GC(21) Using 2 workers of 2 for marking
[2023-10-19T20:38:55.129+0000][9.657s][info ][gc,marking    ] GC(21) Concurrent Mark From Roots 25.859ms
[2023-10-19T20:38:55.130+0000][9.658s][info ][gc,marking    ] GC(21) Concurrent Preclean
[2023-10-19T20:38:55.131+0000][9.658s][info ][gc,marking    ] GC(21) Concurrent Preclean 0.629ms
[2023-10-19T20:38:55.131+0000][9.659s][info ][gc,marking    ] GC(21) Concurrent Mark (9.631s, 9.659s) 28.172ms
[2023-10-19T20:38:55.132+0000][9.659s][debug][safepoint     ] Safepoint synchronization initiated. (12 threads)
[2023-10-19T20:38:55.132+0000][9.660s][info ][safepoint     ] Application time: 0.0385973 seconds
[2023-10-19T20:38:55.133+0000][9.660s][debug][safepoint     ] Waiting for 1 thread(s) to block
[2023-10-19T20:38:55.133+0000][9.661s][info ][safepoint     ] Entering safepoint region: CGC_Operation
[2023-10-19T20:38:55.134+0000][9.661s][info ][gc,start      ] GC(21) Pause Remark
[2023-10-19T20:38:55.139+0000][9.667s][info ][gc,stringtable] GC(21) Cleaned string and symbol table, strings: 12733 processed, 31 removed, symbols: 123075 processed, 336 removed
[2023-10-19T20:38:55.140+0000][9.668s][info ][gc            ] GC(21) Pause Remark 35M->35M(288M) 6.492ms
[2023-10-19T20:38:55.141+0000][9.668s][info ][gc,cpu        ] GC(21) User=0.03s Sys=0.00s Real=0.00s
[2023-10-19T20:38:55.141+0000][9.669s][info ][safepoint     ] Leaving safepoint region
[2023-10-19T20:38:55.142+0000][9.669s][info ][safepoint     ] Total time for which application threads were stopped: 0.0089860 seconds, Stopping threads took: 0.0009776 seconds
[2023-10-19T20:38:55.142+0000][9.670s][info ][gc,marking    ] GC(21) Concurrent Rebuild Remembered Sets
[2023-10-19T20:38:55.156+0000][9.683s][info ][gc,marking    ] GC(21) Concurrent Rebuild Remembered Sets 13.692ms
[2023-10-19T20:38:55.156+0000][9.684s][debug][safepoint     ] Safepoint synchronization initiated. (12 threads)
[2023-10-19T20:38:55.157+0000][9.685s][info ][safepoint     ] Application time: 0.0148952 seconds
[2023-10-19T20:38:55.158+0000][9.685s][info ][safepoint     ] Entering safepoint region: CGC_Operation
[2023-10-19T20:38:55.158+0000][9.686s][info ][gc,start      ] GC(21) Pause Cleanup
[2023-10-19T20:38:55.159+0000][9.686s][info ][gc            ] GC(21) Pause Cleanup 38M->38M(288M) 0.599ms
[2023-10-19T20:38:55.159+0000][9.687s][info ][gc,cpu        ] GC(21) User=0.00s Sys=0.00s Real=0.00s
[2023-10-19T20:38:55.160+0000][9.687s][info ][safepoint     ] Leaving safepoint region
[2023-10-19T20:38:55.160+0000][9.688s][info ][safepoint     ] Total time for which application threads were stopped: 0.0024313 seconds, Stopping threads took: 0.0004638 seconds
[2023-10-19T20:38:55.160+0000][9.688s][info ][gc,marking    ] GC(21) Concurrent Cleanup for Next Mark
[2023-10-19T20:38:55.162+0000][9.690s][info ][gc,marking    ] GC(21) Concurrent Cleanup for Next Mark 1.946ms
[2023-10-19T20:38:55.163+0000][9.690s][info ][gc            ] GC(21) Concurrent Cycle 71.161ms
[2023-10-19T20:38:55.314+0000][9.842s][debug][safepoint     ] Safepoint synchronization initiated. (10 threads)
[2023-10-19T20:38:55.315+0000][9.843s][info ][safepoint     ] Application time: 0.1546798 seconds
[2023-10-19T20:38:55.315+0000][9.843s][info ][safepoint     ] Entering safepoint region: Deoptimize
[2023-10-19T20:38:55.317+0000][9.844s][info ][safepoint     ] Leaving safepoint region
[2023-10-19T20:38:55.317+0000][9.845s][info ][safepoint     ] Total time for which application threads were stopped: 0.0016198 seconds, Stopping threads took: 0.0005445 seconds
[2023-10-19T20:38:55.588+0000][10.115s][debug][safepoint     ] Safepoint synchronization initiated. (11 threads)
[2023-10-19T20:38:55.588+0000][10.116s][info ][safepoint     ] Application time: 0.2709882 seconds
[2023-10-19T20:38:55.589+0000][10.117s][info ][safepoint     ] Entering safepoint region: G1CollectForAllocation
[2023-10-19T20:38:55.590+0000][10.117s][info ][gc,start      ] GC(22) Pause Young (Normal) (G1 Evacuation Pause)
[2023-10-19T20:38:55.590+0000][10.118s][info ][gc,task       ] GC(22) Using 6 workers of 8 for evacuation
[2023-10-19T20:38:55.601+0000][10.129s][info ][gc,phases     ] GC(22)   Pre Evacuate Collection Set: 0.0ms
[2023-10-19T20:38:55.602+0000][10.130s][info ][gc,phases     ] GC(22)   Evacuate Collection Set: 8.2ms
[2023-10-19T20:38:55.603+0000][10.130s][info ][gc,phases     ] GC(22)   Post Evacuate Collection Set: 2.3ms
[2023-10-19T20:38:55.603+0000][10.131s][info ][gc,phases     ] GC(22)   Other: 1.1ms
[2023-10-19T20:38:55.604+0000][10.131s][info ][gc,heap       ] GC(22) Eden regions: 144->0(188)
[2023-10-19T20:38:55.604+0000][10.132s][info ][gc,heap       ] GC(22) Survivor regions: 11->9(20)
[2023-10-19T20:38:55.605+0000][10.133s][info ][gc,heap       ] GC(22) Old regions: 20->22
[2023-10-19T20:38:55.606+0000][10.133s][info ][gc,heap       ] GC(22) Humongous regions: 0->0
[2023-10-19T20:38:55.606+0000][10.134s][info ][gc,metaspace  ] GC(22) Metaspace: 37281K(38480K)->37281K(38480K) NonClass: 32702K(33488K)->32702K(33488K) Class: 4579K(4992K)->4579K(4992K)
[2023-10-19T20:38:55.607+0000][10.134s][info ][gc            ] GC(22) Pause Young (Normal) (G1 Evacuation Pause) 172M->29M(350M) 17.121ms
[2023-10-19T20:38:55.607+0000][10.135s][info ][gc,cpu        ] GC(22) User=0.05s Sys=0.01s Real=0.02s
[2023-10-19T20:38:55.608+0000][10.136s][info ][safepoint     ] Leaving safepoint region
[2023-10-19T20:38:55.608+0000][10.136s][info ][safepoint     ] Total time for which application threads were stopped: 0.0195267 seconds, Stopping threads took: 0.0004990 seconds
[2023-10-19T20:38:55.609+0000][10.137s][info ][gc,stringdedup] Concurrent String Deduplication (10.137s)
[2023-10-19T20:38:55.611+0000][10.139s][info ][gc,stringdedup] Concurrent String Deduplication 211.9K->96856.0B(117.3K) avg 43.2% (10.137s, 10.139s) 1.988ms
[2023-10-19T20:38:55.784+0000][10.311s][debug][safepoint     ] Safepoint synchronization initiated. (11 threads)
[2023-10-19T20:38:55.785+0000][10.312s][info ][safepoint     ] Application time: 0.1756293 seconds
[2023-10-19T20:38:55.785+0000][10.313s][info ][safepoint     ] Entering safepoint region: Deoptimize
[2023-10-19T20:38:55.787+0000][10.314s][info ][safepoint     ] Leaving safepoint region
[2023-10-19T20:38:55.787+0000][10.315s][info ][safepoint     ] Total time for which application threads were stopped: 0.0018439 seconds, Stopping threads took: 0.0004662 seconds
[2023-10-19T20:38:56.496+0000][11.023s][debug][safepoint     ] Safepoint synchronization initiated. (12 threads)
[2023-10-19T20:38:56.496+0000][11.024s][info ][safepoint     ] Application time: 0.7084267 seconds
[2023-10-19T20:38:56.497+0000][11.024s][info ][safepoint     ] Entering safepoint region: ICBufferFull
[2023-10-19T20:38:56.497+0000][11.025s][info ][safepoint     ] Leaving safepoint region
[2023-10-19T20:38:56.498+0000][11.025s][info ][safepoint     ] Total time for which application threads were stopped: 0.0010874 seconds, Stopping threads took: 0.0003901 seconds
[2023-10-19T20:38:56.678+0000][11.205s][debug][safepoint     ] Safepoint synchronization initiated. (12 threads)
[2023-10-19T20:38:56.678+0000][11.206s][info ][safepoint     ] Application time: 0.1802110 seconds
[2023-10-19T20:38:56.679+0000][11.206s][info ][safepoint     ] Entering safepoint region: G1CollectForAllocation
[2023-10-19T20:38:56.680+0000][11.207s][info ][gc,start      ] GC(23) Pause Young (Normal) (G1 Evacuation Pause)
[2023-10-19T20:38:56.680+0000][11.208s][info ][gc,task       ] GC(23) Using 8 workers of 8 for evacuation
[2023-10-19T20:38:56.706+0000][11.234s][info ][gc,phases     ] GC(23)   Pre Evacuate Collection Set: 0.0ms
[2023-10-19T20:38:56.707+0000][11.235s][info ][gc,phases     ] GC(23)   Evacuate Collection Set: 22.3ms
[2023-10-19T20:38:56.708+0000][11.236s][info ][gc,phases     ] GC(23)   Post Evacuate Collection Set: 2.8ms
[2023-10-19T20:38:56.708+0000][11.236s][info ][gc,phases     ] GC(23)   Other: 1.5ms
[2023-10-19T20:38:56.709+0000][11.237s][info ][gc,heap       ] GC(23) Eden regions: 188->0(201)
[2023-10-19T20:38:56.709+0000][11.237s][info ][gc,heap       ] GC(23) Survivor regions: 9->9(25)
[2023-10-19T20:38:56.710+0000][11.237s][info ][gc,heap       ] GC(23) Old regions: 22->24
[2023-10-19T20:38:56.710+0000][11.238s][info ][gc,heap       ] GC(23) Humongous regions: 0->0
[2023-10-19T20:38:56.711+0000][11.238s][info ][gc,metaspace  ] GC(23) Metaspace: 39986K(41168K)->39986K(41168K) NonClass: 35080K(35792K)->35080K(35792K) Class: 4906K(5376K)->4906K(5376K)
[2023-10-19T20:38:56.711+0000][11.239s][info ][gc            ] GC(23) Pause Young (Normal) (G1 Evacuation Pause) 217M->31M(350M) 31.602ms
[2023-10-19T20:38:56.712+0000][11.239s][info ][gc,cpu        ] GC(23) User=0.19s Sys=0.01s Real=0.03s
[2023-10-19T20:38:56.713+0000][11.240s][info ][safepoint     ] Leaving safepoint region
[2023-10-19T20:38:56.714+0000][11.241s][info ][safepoint     ] Total time for which application threads were stopped: 0.0349192 seconds, Stopping threads took: 0.0004716 seconds
[2023-10-19T20:38:56.715+0000][11.242s][info ][gc,stringdedup] Concurrent String Deduplication (11.242s)
[2023-10-19T20:38:56.717+0000][11.245s][info ][gc,stringdedup] Concurrent String Deduplication 44880.0B->14304.0B(30576.0B) avg 43.3% (11.242s, 11.245s) 2.197ms
[2023-10-19T20:38:57.296+0000][11.824s][debug][safepoint     ] Safepoint synchronization initiated. (12 threads)
[2023-10-19T20:38:57.297+0000][11.825s][info ][safepoint     ] Application time: 0.5826189 seconds
[2023-10-19T20:38:57.298+0000][11.825s][info ][safepoint     ] Entering safepoint region: Deoptimize
[2023-10-19T20:38:57.299+0000][11.827s][info ][safepoint     ] Leaving safepoint region
[2023-10-19T20:38:57.300+0000][11.827s][info ][safepoint     ] Total time for which application threads were stopped: 0.0016907 seconds, Stopping threads took: 0.0004270 seconds
[2023-10-19T20:38:57.313+0000][11.841s][debug][safepoint     ] Safepoint synchronization initiated. (12 threads)
[2023-10-19T20:38:57.314+0000][11.842s][info ][safepoint     ] Application time: 0.0140042 seconds
[2023-10-19T20:38:57.314+0000][11.842s][info ][safepoint     ] Entering safepoint region: Deoptimize
[2023-10-19T20:38:57.316+0000][11.843s][info ][safepoint     ] Leaving safepoint region
[2023-10-19T20:38:57.316+0000][11.844s][info ][safepoint     ] Total time for which application threads were stopped: 0.0017779 seconds, Stopping threads took: 0.0004863 seconds
[2023-10-19T20:38:57.345+0000][11.873s][debug][safepoint     ] Safepoint synchronization initiated. (12 threads)
[2023-10-19T20:38:57.346+0000][11.873s][info ][safepoint     ] Application time: 0.0291782 seconds
[2023-10-19T20:38:57.346+0000][11.874s][info ][safepoint     ] Entering safepoint region: Deoptimize
[2023-10-19T20:38:57.348+0000][11.875s][info ][safepoint     ] Leaving safepoint region
[2023-10-19T20:38:57.348+0000][11.876s][info ][safepoint     ] Total time for which application threads were stopped: 0.0018016 seconds, Stopping threads took: 0.0004479 seconds
[2023-10-19T20:38:57.730+0000][12.258s][debug][safepoint     ] Safepoint synchronization initiated. (12 threads)
[2023-10-19T20:38:57.731+0000][12.259s][info ][safepoint     ] Application time: 0.3825080 seconds
[2023-10-19T20:38:57.732+0000][12.259s][info ][safepoint     ] Entering safepoint region: Deoptimize
[2023-10-19T20:38:57.733+0000][12.261s][info ][safepoint     ] Leaving safepoint region
[2023-10-19T20:38:57.734+0000][12.261s][info ][safepoint     ] Total time for which application threads were stopped: 0.0018925 seconds, Stopping threads took: 0.0004825 seconds
[2023-10-19T20:38:57.736+0000][12.264s][debug][safepoint     ] Safepoint synchronization initiated. (12 threads)
[2023-10-19T20:38:57.737+0000][12.264s][info ][safepoint     ] Application time: 0.0024170 seconds
[2023-10-19T20:38:57.737+0000][12.265s][info ][safepoint     ] Entering safepoint region: Deoptimize
[2023-10-19T20:38:57.738+0000][12.266s][info ][safepoint     ] Leaving safepoint region
[2023-10-19T20:38:57.739+0000][12.267s][info ][safepoint     ] Total time for which application threads were stopped: 0.0019983 seconds, Stopping threads took: 0.0004956 seconds
[2023-10-19T20:38:57.852+0000][12.380s][debug][safepoint     ] Safepoint synchronization initiated. (12 threads)
[2023-10-19T20:38:57.853+0000][12.380s][info ][safepoint     ] Application time: 0.1131164 seconds
[2023-10-19T20:38:57.853+0000][12.381s][info ][safepoint     ] Entering safepoint region: Deoptimize
[2023-10-19T20:38:57.856+0000][12.384s][info ][safepoint     ] Leaving safepoint region
[2023-10-19T20:38:57.857+0000][12.384s][info ][safepoint     ] Total time for which application threads were stopped: 0.0035197 seconds, Stopping threads took: 0.0006531 seconds
[2023-10-19T20:38:58.139+0000][12.667s][debug][safepoint     ] Safepoint synchronization initiated. (12 threads)
[2023-10-19T20:38:58.140+0000][12.667s][info ][safepoint     ] Application time: 0.2825443 seconds
[2023-10-19T20:38:58.140+0000][12.668s][info ][safepoint     ] Entering safepoint region: G1CollectForAllocation
[2023-10-19T20:38:58.141+0000][12.669s][info ][gc,start      ] GC(24) Pause Young (Normal) (G1 Evacuation Pause)
[2023-10-19T20:38:58.142+0000][12.669s][info ][gc,task       ] GC(24) Using 8 workers of 8 for evacuation
[2023-10-19T20:38:58.157+0000][12.685s][info ][gc,phases     ] GC(24)   Pre Evacuate Collection Set: 0.0ms
[2023-10-19T20:38:58.158+0000][12.685s][info ][gc,phases     ] GC(24)   Evacuate Collection Set: 11.3ms
[2023-10-19T20:38:58.158+0000][12.686s][info ][gc,phases     ] GC(24)   Post Evacuate Collection Set: 3.5ms
[2023-10-19T20:38:58.159+0000][12.686s][info ][gc,phases     ] GC(24)   Other: 1.1ms
[2023-10-19T20:38:58.159+0000][12.687s][info ][gc,heap       ] GC(24) Eden regions: 201->0(198)
[2023-10-19T20:38:58.160+0000][12.687s][info ][gc,heap       ] GC(24) Survivor regions: 9->12(27)
[2023-10-19T20:38:58.160+0000][12.688s][info ][gc,heap       ] GC(24) Old regions: 24->25
[2023-10-19T20:38:58.160+0000][12.688s][info ][gc,heap       ] GC(24) Humongous regions: 0->0
[2023-10-19T20:38:58.161+0000][12.688s][info ][gc,metaspace  ] GC(24) Metaspace: 44459K(45648K)->44459K(45648K) NonClass: 38931K(39632K)->38931K(39632K) Class: 5528K(6016K)->5528K(6016K)
[2023-10-19T20:38:58.161+0000][12.689s][info ][gc            ] GC(24) Pause Young (Normal) (G1 Evacuation Pause) 232M->34M(350M) 20.001ms
[2023-10-19T20:38:58.162+0000][12.689s][info ][gc,cpu        ] GC(24) User=0.11s Sys=0.00s Real=0.02s
[2023-10-19T20:38:58.162+0000][12.690s][info ][safepoint     ] Leaving safepoint region
[2023-10-19T20:38:58.163+0000][12.690s][info ][safepoint     ] Total time for which application threads were stopped: 0.0222390 seconds, Stopping threads took: 0.0005537 seconds
[2023-10-19T20:38:58.163+0000][12.691s][info ][gc,stringdedup] Concurrent String Deduplication (12.691s)
[2023-10-19T20:38:58.165+0000][12.693s][info ][gc,stringdedup] Concurrent String Deduplication 85064.0B->25512.0B(59552.0B) avg 43.5% (12.691s, 12.693s) 2.020ms
[2023-10-19T20:38:58.367+0000][12.894s][debug][safepoint     ] Safepoint synchronization initiated. (13 threads)
[2023-10-19T20:38:58.368+0000][12.895s][info ][safepoint     ] Application time: 0.2045393 seconds
[2023-10-19T20:38:58.368+0000][12.896s][info ][safepoint     ] Entering safepoint region: Deoptimize
[2023-10-19T20:38:58.370+0000][12.898s][info ][safepoint     ] Leaving safepoint region
[2023-10-19T20:38:58.371+0000][12.898s][info ][safepoint     ] Total time for which application threads were stopped: 0.0024598 seconds, Stopping threads took: 0.0006157 seconds
[2023-10-19T20:38:58.373+0000][12.900s][debug][safepoint     ] Safepoint synchronization initiated. (13 threads)
[2023-10-19T20:38:58.373+0000][12.901s][info ][safepoint     ] Application time: 0.0019339 seconds
[2023-10-19T20:38:58.374+0000][12.902s][debug][safepoint     ] Waiting for 1 thread(s) to block
[2023-10-19T20:38:58.375+0000][12.902s][info ][safepoint     ] Entering safepoint region: Deoptimize
[2023-10-19T20:38:58.377+0000][12.905s][info ][safepoint     ] Leaving safepoint region
[2023-10-19T20:38:58.378+0000][12.906s][info ][safepoint     ] Total time for which application threads were stopped: 0.0043206 seconds, Stopping threads took: 0.0020934 seconds
[2023-10-19T20:38:58.684+0000][13.212s][debug][safepoint     ] Safepoint synchronization initiated. (13 threads)
[2023-10-19T20:38:58.685+0000][13.213s][info ][safepoint     ] Application time: 0.3062017 seconds
[2023-10-19T20:38:58.686+0000][13.213s][info ][safepoint     ] Entering safepoint region: Deoptimize
[2023-10-19T20:38:58.687+0000][13.215s][info ][safepoint     ] Leaving safepoint region
[2023-10-19T20:38:58.688+0000][13.215s][info ][safepoint     ] Total time for which application threads were stopped: 0.0020845 seconds, Stopping threads took: 0.0004758 seconds
[2023-10-19T20:38:58.882+0000][13.410s][debug][safepoint     ] Safepoint synchronization initiated. (13 threads)
[2023-10-19T20:38:58.883+0000][13.411s][info ][safepoint     ] Application time: 0.1950666 seconds
[2023-10-19T20:38:58.884+0000][13.411s][info ][safepoint     ] Entering safepoint region: Deoptimize
[2023-10-19T20:38:58.885+0000][13.413s][info ][safepoint     ] Leaving safepoint region
[2023-10-19T20:38:58.886+0000][13.413s][info ][safepoint     ] Total time for which application threads were stopped: 0.0019569 seconds, Stopping threads took: 0.0005719 seconds
[2023-10-19T20:38:59.273+0000][13.801s][debug][safepoint     ] Safepoint synchronization initiated. (13 threads)
[2023-10-19T20:38:59.274+0000][13.802s][info ][safepoint     ] Application time: 0.3877025 seconds
[2023-10-19T20:38:59.275+0000][13.802s][info ][safepoint     ] Entering safepoint region: Deoptimize
[2023-10-19T20:38:59.277+0000][13.804s][info ][safepoint     ] Leaving safepoint region
[2023-10-19T20:38:59.277+0000][13.805s][info ][safepoint     ] Total time for which application threads were stopped: 0.0026379 seconds, Stopping threads took: 0.0007002 seconds
[2023-10-19T20:39:00.278+0000][14.806s][debug][safepoint     ] Safepoint synchronization initiated. (15 threads)
[2023-10-19T20:39:00.279+0000][14.806s][info ][safepoint     ] Application time: 1.0008407 seconds
[2023-10-19T20:39:00.279+0000][14.807s][info ][safepoint     ] Entering safepoint region: Cleanup
[2023-10-19T20:39:00.280+0000][14.808s][info ][safepoint     ] Leaving safepoint region
[2023-10-19T20:39:00.280+0000][14.808s][info ][safepoint     ] Total time for which application threads were stopped: 0.0012910 seconds, Stopping threads took: 0.0004910 seconds
[2023-10-19T20:39:00.372+0000][14.899s][debug][safepoint     ] Safepoint synchronization initiated. (14 threads)
[2023-10-19T20:39:00.372+0000][14.900s][info ][safepoint     ] Application time: 0.0913377 seconds
[2023-10-19T20:39:00.373+0000][14.900s][info ][safepoint     ] Entering safepoint region: Deoptimize
[2023-10-19T20:39:00.374+0000][14.902s][info ][safepoint     ] Leaving safepoint region
[2023-10-19T20:39:00.374+0000][14.902s][info ][safepoint     ] Total time for which application threads were stopped: 0.0016696 seconds, Stopping threads took: 0.0004336 seconds
[2023-10-19T20:39:00.447+0000][14.975s][debug][safepoint     ] Safepoint synchronization initiated. (15 threads)
[2023-10-19T20:39:00.448+0000][14.975s][info ][safepoint     ] Application time: 0.0728457 seconds
[2023-10-19T20:39:00.448+0000][14.976s][info ][safepoint     ] Entering safepoint region: Deoptimize
[2023-10-19T20:39:00.449+0000][14.977s][info ][safepoint     ] Leaving safepoint region
[2023-10-19T20:39:00.450+0000][14.977s][info ][safepoint     ] Total time for which application threads were stopped: 0.0015283 seconds, Stopping threads took: 0.0004231 seconds
[2023-10-19T20:39:00.541+0000][15.068s][debug][safepoint     ] Safepoint synchronization initiated. (15 threads)
[2023-10-19T20:39:00.541+0000][15.069s][info ][safepoint     ] Application time: 0.0912171 seconds
[2023-10-19T20:39:00.542+0000][15.069s][debug][safepoint     ] Waiting for 2 thread(s) to block
[2023-10-19T20:39:00.542+0000][15.070s][info ][safepoint     ] Entering safepoint region: G1CollectForAllocation
[2023-10-19T20:39:00.543+0000][15.070s][info ][gc,start      ] GC(25) Pause Young (Normal) (G1 Evacuation Pause)
[2023-10-19T20:39:00.543+0000][15.071s][info ][gc,task       ] GC(25) Using 8 workers of 8 for evacuation
[2023-10-19T20:39:00.554+0000][15.082s][info ][gc,phases     ] GC(25)   Pre Evacuate Collection Set: 0.0ms
[2023-10-19T20:39:00.555+0000][15.082s][info ][gc,phases     ] GC(25)   Evacuate Collection Set: 8.9ms
[2023-10-19T20:39:00.555+0000][15.083s][info ][gc,phases     ] GC(25)   Post Evacuate Collection Set: 1.9ms
[2023-10-19T20:39:00.556+0000][15.083s][info ][gc,phases     ] GC(25)   Other: 0.9ms
[2023-10-19T20:39:00.556+0000][15.083s][info ][gc,heap       ] GC(25) Eden regions: 198->0(196)
[2023-10-19T20:39:00.556+0000][15.084s][info ][gc,heap       ] GC(25) Survivor regions: 12->14(27)
[2023-10-19T20:39:00.557+0000][15.084s][info ][gc,heap       ] GC(25) Old regions: 25->26
[2023-10-19T20:39:00.557+0000][15.085s][info ][gc,heap       ] GC(25) Humongous regions: 0->0
[2023-10-19T20:39:00.557+0000][15.085s][info ][gc,metaspace  ] GC(25) Metaspace: 52259K(53712K)->52259K(53712K) NonClass: 45812K(46800K)->45812K(46800K) Class: 6446K(6912K)->6446K(6912K)
[2023-10-19T20:39:00.558+0000][15.085s][info ][gc            ] GC(25) Pause Young (Normal) (G1 Evacuation Pause) 232M->37M(350M) 14.855ms
[2023-10-19T20:39:00.558+0000][15.085s][info ][gc,cpu        ] GC(25) User=0.09s Sys=0.00s Real=0.02s
[2023-10-19T20:39:00.558+0000][15.086s][info ][safepoint     ] Leaving safepoint region
[2023-10-19T20:39:00.559+0000][15.086s][info ][safepoint     ] Total time for which application threads were stopped: 0.0168579 seconds, Stopping threads took: 0.0008366 seconds
[2023-10-19T20:39:00.559+0000][15.087s][info ][gc,stringdedup] Concurrent String Deduplication (15.087s)
[2023-10-19T20:39:00.561+0000][15.089s][info ][gc,stringdedup] Concurrent String Deduplication 296.2K->86744.0B(211.5K) avg 44.5% (15.087s, 15.089s) 2.567ms
[2023-10-19T20:39:00.757+0000][15.285s][debug][safepoint     ] Safepoint synchronization initiated. (15 threads)
[2023-10-19T20:39:00.758+0000][15.286s][info ][safepoint     ] Application time: 0.1991160 seconds
[2023-10-19T20:39:00.758+0000][15.286s][info ][safepoint     ] Entering safepoint region: ICBufferFull
[2023-10-19T20:39:00.759+0000][15.287s][info ][safepoint     ] Leaving safepoint region
[2023-10-19T20:39:00.760+0000][15.287s][info ][safepoint     ] Total time for which application threads were stopped: 0.0012051 seconds, Stopping threads took: 0.0004390 seconds
[2023-10-19T20:39:01.403+0000][15.931s][debug][safepoint     ] Safepoint synchronization initiated. (15 threads)
[2023-10-19T20:39:01.404+0000][15.931s][info ][safepoint     ] Application time: 0.6436547 seconds
[2023-10-19T20:39:01.404+0000][15.932s][info ][safepoint     ] Entering safepoint region: G1CollectForAllocation
[2023-10-19T20:39:01.405+0000][15.933s][info ][gc,start      ] GC(26) Pause Young (Normal) (G1 Evacuation Pause)
[2023-10-19T20:39:01.405+0000][15.933s][info ][gc,task       ] GC(26) Using 8 workers of 8 for evacuation
[2023-10-19T20:39:01.426+0000][15.954s][info ][gc,phases     ] GC(26)   Pre Evacuate Collection Set: 0.0ms
[2023-10-19T20:39:01.427+0000][15.954s][info ][gc,phases     ] GC(26)   Evacuate Collection Set: 18.2ms
[2023-10-19T20:39:01.427+0000][15.955s][info ][gc,phases     ] GC(26)   Post Evacuate Collection Set: 2.0ms
[2023-10-19T20:39:01.427+0000][15.955s][info ][gc,phases     ] GC(26)   Other: 0.9ms
[2023-10-19T20:39:01.428+0000][15.955s][info ][gc,heap       ] GC(26) Eden regions: 196->0(194)
[2023-10-19T20:39:01.428+0000][15.956s][info ][gc,heap       ] GC(26) Survivor regions: 14->16(27)
[2023-10-19T20:39:01.429+0000][15.956s][info ][gc,heap       ] GC(26) Old regions: 26->26
[2023-10-19T20:39:01.429+0000][15.957s][info ][gc,heap       ] GC(26) Humongous regions: 0->0
[2023-10-19T20:39:01.429+0000][15.957s][info ][gc,metaspace  ] GC(26) Metaspace: 55527K(57040K)->55527K(57040K) NonClass: 48655K(49616K)->48655K(49616K) Class: 6871K(7424K)->6871K(7424K)
[2023-10-19T20:39:01.430+0000][15.957s][info ][gc            ] GC(26) Pause Young (Normal) (G1 Evacuation Pause) 233M->39M(350M) 24.901ms
[2023-10-19T20:39:01.430+0000][15.958s][info ][gc,cpu        ] GC(26) User=0.15s Sys=0.00s Real=0.02s
[2023-10-19T20:39:01.431+0000][15.958s][info ][safepoint     ] Leaving safepoint region
[2023-10-19T20:39:01.431+0000][15.959s][info ][safepoint     ] Total time for which application threads were stopped: 0.0270290 seconds, Stopping threads took: 0.0004794 seconds
[2023-10-19T20:39:01.432+0000][15.959s][info ][gc,stringdedup] Concurrent String Deduplication (15.959s)
[2023-10-19T20:39:01.437+0000][15.964s][info ][gc,stringdedup] Concurrent String Deduplication 233.9K->100072.0B(136.2K) avg 44.8% (15.959s, 15.964s) 4.865ms
[2023-10-19T20:39:01.910+0000][16.438s][debug][safepoint     ] Safepoint synchronization initiated. (14 threads)
[2023-10-19T20:39:01.911+0000][16.439s][info ][safepoint     ] Application time: 0.4792596 seconds
[2023-10-19T20:39:01.912+0000][16.439s][info ][safepoint     ] Entering safepoint region: Deoptimize
[2023-10-19T20:39:01.913+0000][16.441s][info ][safepoint     ] Leaving safepoint region
[2023-10-19T20:39:01.914+0000][16.442s][info ][safepoint     ] Total time for which application threads were stopped: 0.0029585 seconds, Stopping threads took: 0.0005470 seconds
[2023-10-19T20:39:01.991+0000][16.519s][debug][safepoint     ] Safepoint synchronization initiated. (14 threads)
[2023-10-19T20:39:01.992+0000][16.519s][info ][safepoint     ] Application time: 0.0758849 seconds
[2023-10-19T20:39:01.992+0000][16.520s][info ][safepoint     ] Entering safepoint region: CollectForMetadataAllocation
[2023-10-19T20:39:01.993+0000][16.521s][info ][gc,start      ] GC(27) Pause Young (Concurrent Start) (Metadata GC Threshold)
[2023-10-19T20:39:01.993+0000][16.521s][info ][gc,task       ] GC(27) Using 8 workers of 8 for evacuation
[2023-10-19T20:39:02.026+0000][16.554s][info ][gc,phases     ] GC(27)   Pre Evacuate Collection Set: 0.2ms
[2023-10-19T20:39:02.027+0000][16.554s][info ][gc,phases     ] GC(27)   Evacuate Collection Set: 28.9ms
[2023-10-19T20:39:02.027+0000][16.555s][info ][gc,phases     ] GC(27)   Post Evacuate Collection Set: 3.0ms
[2023-10-19T20:39:02.028+0000][16.555s][info ][gc,phases     ] GC(27)   Other: 1.2ms
[2023-10-19T20:39:02.028+0000][16.556s][info ][gc,heap       ] GC(27) Eden regions: 142->0(194)
[2023-10-19T20:39:02.029+0000][16.556s][info ][gc,heap       ] GC(27) Survivor regions: 16->16(27)
[2023-10-19T20:39:02.029+0000][16.557s][info ][gc,heap       ] GC(27) Old regions: 26->26
[2023-10-19T20:39:02.030+0000][16.557s][info ][gc,heap       ] GC(27) Humongous regions: 0->0
[2023-10-19T20:39:02.030+0000][16.558s][info ][gc,metaspace  ] GC(27) Metaspace: 58991K(60496K)->58991K(60496K) NonClass: 51519K(52432K)->51519K(52432K) Class: 7471K(8064K)->7471K(8064K)
[2023-10-19T20:39:02.031+0000][16.558s][info ][gc            ] GC(27) Pause Young (Concurrent Start) (Metadata GC Threshold) 181M->40M(350M) 37.727ms
[2023-10-19T20:39:02.031+0000][16.559s][info ][gc,cpu        ] GC(27) User=0.20s Sys=0.00s Real=0.04s
[2023-10-19T20:39:02.032+0000][16.559s][info ][gc            ] GC(28) Concurrent Cycle
[2023-10-19T20:39:02.032+0000][16.559s][info ][safepoint     ] Leaving safepoint region
[2023-10-19T20:39:02.033+0000][16.560s][info ][safepoint     ] Total time for which application threads were stopped: 0.0407641 seconds, Stopping threads took: 0.0005171 seconds
[2023-10-19T20:39:02.032+0000][16.560s][info ][gc,marking    ] GC(28) Concurrent Clear Claimed Marks
[2023-10-19T20:39:02.034+0000][16.561s][info ][gc,stringdedup] Concurrent String Deduplication (16.561s)
[2023-10-19T20:39:02.035+0000][16.563s][info ][gc,marking    ] GC(28) Concurrent Clear Claimed Marks 3.008ms
[2023-10-19T20:39:02.037+0000][16.565s][info ][gc,marking    ] GC(28) Concurrent Scan Root Regions
[2023-10-19T20:39:02.043+0000][16.570s][info ][gc,stringdedup] Concurrent String Deduplication 313.6K->143.3K(170.3K) avg 45.1% (16.561s, 16.570s) 8.996ms
[2023-10-19T20:39:02.053+0000][16.581s][info ][gc,marking    ] GC(28) Concurrent Scan Root Regions 16.264ms
[2023-10-19T20:39:02.054+0000][16.581s][info ][gc,marking    ] GC(28) Concurrent Mark (16.581s)
[2023-10-19T20:39:02.054+0000][16.582s][info ][gc,marking    ] GC(28) Concurrent Mark From Roots
[2023-10-19T20:39:02.055+0000][16.583s][info ][gc,task       ] GC(28) Using 2 workers of 2 for marking
[2023-10-19T20:39:02.096+0000][16.624s][info ][gc,marking    ] GC(28) Concurrent Mark From Roots 41.871ms
[2023-10-19T20:39:02.097+0000][16.625s][info ][gc,marking    ] GC(28) Concurrent Preclean
[2023-10-19T20:39:02.098+0000][16.625s][info ][gc,marking    ] GC(28) Concurrent Preclean 0.815ms
[2023-10-19T20:39:02.099+0000][16.627s][info ][gc,marking    ] GC(28) Concurrent Mark (16.581s, 16.627s) 45.311ms
[2023-10-19T20:39:02.100+0000][16.628s][debug][safepoint     ] Safepoint synchronization initiated. (14 threads)
[2023-10-19T20:39:02.101+0000][16.628s][info ][safepoint     ] Application time: 0.0674166 seconds
[2023-10-19T20:39:02.101+0000][16.629s][info ][safepoint     ] Entering safepoint region: CGC_Operation
[2023-10-19T20:39:02.102+0000][16.630s][info ][gc,start      ] GC(28) Pause Remark
[2023-10-19T20:39:02.125+0000][16.653s][info ][gc,stringtable] GC(28) Cleaned string and symbol table, strings: 23355 processed, 0 removed, symbols: 191603 processed, 181 removed
[2023-10-19T20:39:02.127+0000][16.654s][info ][gc            ] GC(28) Pause Remark 40M->40M(350M) 24.349ms
[2023-10-19T20:39:02.127+0000][16.655s][info ][gc,cpu        ] GC(28) User=0.13s Sys=0.01s Real=0.03s
[2023-10-19T20:39:02.128+0000][16.656s][info ][safepoint     ] Leaving safepoint region
[2023-10-19T20:39:02.129+0000][16.656s][info ][safepoint     ] Total time for which application threads were stopped: 0.0273350 seconds, Stopping threads took: 0.0006381 seconds
[2023-10-19T20:39:02.129+0000][16.657s][info ][gc,marking    ] GC(28) Concurrent Rebuild Remembered Sets
[2023-10-19T20:39:02.159+0000][16.687s][info ][gc,marking    ] GC(28) Concurrent Rebuild Remembered Sets 29.428ms
[2023-10-19T20:39:02.160+0000][16.687s][debug][safepoint     ] Safepoint synchronization initiated. (14 threads)
[2023-10-19T20:39:02.160+0000][16.688s][info ][safepoint     ] Application time: 0.0311346 seconds
[2023-10-19T20:39:02.162+0000][16.689s][info ][safepoint     ] Entering safepoint region: CGC_Operation
[2023-10-19T20:39:02.163+0000][16.690s][info ][gc,start      ] GC(28) Pause Cleanup
[2023-10-19T20:39:02.164+0000][16.692s][info ][gc            ] GC(28) Pause Cleanup 40M->40M(350M) 1.528ms
[2023-10-19T20:39:02.165+0000][16.693s][info ][gc,cpu        ] GC(28) User=0.01s Sys=0.00s Real=0.01s
[2023-10-19T20:39:02.166+0000][16.694s][info ][safepoint     ] Leaving safepoint region
[2023-10-19T20:39:02.167+0000][16.695s][info ][safepoint     ] Total time for which application threads were stopped: 0.0054525 seconds, Stopping threads took: 0.0007029 seconds
[2023-10-19T20:39:02.168+0000][16.695s][info ][gc,marking    ] GC(28) Concurrent Cleanup for Next Mark
[2023-10-19T20:39:02.172+0000][16.700s][info ][gc,marking    ] GC(28) Concurrent Cleanup for Next Mark 4.271ms
[2023-10-19T20:39:02.173+0000][16.700s][info ][gc            ] GC(28) Concurrent Cycle 140.753ms
[2023-10-19T20:39:03.001+0000][17.529s][debug][safepoint     ] Safepoint synchronization initiated. (17 threads)
[2023-10-19T20:39:03.002+0000][17.530s][info ][safepoint     ] Application time: 0.8343662 seconds
[2023-10-19T20:39:03.002+0000][17.530s][info ][safepoint     ] Entering safepoint region: ICBufferFull
[2023-10-19T20:39:03.003+0000][17.531s][info ][safepoint     ] Leaving safepoint region
[2023-10-19T20:39:03.004+0000][17.531s][info ][safepoint     ] Total time for which application threads were stopped: 0.0013294 seconds, Stopping threads took: 0.0004871 seconds
[2023-10-19T20:39:03.375+0000][17.903s][debug][safepoint     ] Safepoint synchronization initiated. (17 threads)
[2023-10-19T20:39:03.376+0000][17.904s][info ][safepoint     ] Application time: 0.3718664 seconds
[2023-10-19T20:39:03.377+0000][17.904s][info ][safepoint     ] Entering safepoint region: Deoptimize
[2023-10-19T20:39:03.381+0000][17.908s][info ][safepoint     ] Leaving safepoint region
[2023-10-19T20:39:03.381+0000][17.909s][info ][safepoint     ] Total time for which application threads were stopped: 0.0045399 seconds, Stopping threads took: 0.0005294 seconds
[2023-10-19T20:39:03.692+0000][18.220s][debug][safepoint     ] Safepoint synchronization initiated. (17 threads)
[2023-10-19T20:39:03.694+0000][18.222s][info ][safepoint     ] Application time: 0.3119678 seconds
[2023-10-19T20:39:03.695+0000][18.223s][info ][safepoint     ] Entering safepoint region: G1CollectForAllocation
[2023-10-19T20:39:03.696+0000][18.224s][info ][gc,start      ] GC(29) Pause Young (Normal) (G1 Evacuation Pause)
[2023-10-19T20:39:03.697+0000][18.224s][info ][gc,task       ] GC(29) Using 8 workers of 8 for evacuation
[2023-10-19T20:39:03.744+0000][18.272s][info ][gc,phases     ] GC(29)   Pre Evacuate Collection Set: 0.0ms
[2023-10-19T20:39:03.745+0000][18.272s][info ][gc,phases     ] GC(29)   Evacuate Collection Set: 42.9ms
[2023-10-19T20:39:03.745+0000][18.273s][info ][gc,phases     ] GC(29)   Post Evacuate Collection Set: 3.2ms
[2023-10-19T20:39:03.746+0000][18.274s][info ][gc,phases     ] GC(29)   Other: 1.7ms
[2023-10-19T20:39:03.747+0000][18.274s][info ][gc,heap       ] GC(29) Eden regions: 194->0(192)
[2023-10-19T20:39:03.747+0000][18.275s][info ][gc,heap       ] GC(29) Survivor regions: 16->18(27)
[2023-10-19T20:39:03.748+0000][18.275s][info ][gc,heap       ] GC(29) Old regions: 26->28
[2023-10-19T20:39:03.749+0000][18.276s][info ][gc,heap       ] GC(29) Humongous regions: 0->0
[2023-10-19T20:39:03.749+0000][18.277s][info ][gc,metaspace  ] GC(29) Metaspace: 65103K(66896K)->65103K(66896K) NonClass: 56828K(58064K)->56828K(58064K) Class: 8275K(8832K)->8275K(8832K)
[2023-10-19T20:39:03.750+0000][18.278s][info ][gc            ] GC(29) Pause Young (Normal) (G1 Evacuation Pause) 234M->43M(350M) 54.015ms
[2023-10-19T20:39:03.751+0000][18.279s][info ][gc,cpu        ] GC(29) User=0.35s Sys=0.00s Real=0.05s
[2023-10-19T20:39:03.751+0000][18.279s][info ][safepoint     ] Leaving safepoint region
[2023-10-19T20:39:03.752+0000][18.280s][info ][safepoint     ] Total time for which application threads were stopped: 0.0570870 seconds, Stopping threads took: 0.0007268 seconds
[2023-10-19T20:39:03.753+0000][18.281s][info ][gc,stringdedup] Concurrent String Deduplication (18.281s)
[2023-10-19T20:39:03.757+0000][18.285s][info ][gc,stringdedup] Concurrent String Deduplication 152.8K->44416.0B(109.4K) avg 45.5% (18.281s, 18.284s) 3.973ms
[2023-10-19T20:39:04.117+0000][18.645s][debug][safepoint     ] Safepoint synchronization initiated. (17 threads)
[2023-10-19T20:39:04.118+0000][18.645s][info ][safepoint     ] Application time: 0.3648606 seconds
[2023-10-19T20:39:04.118+0000][18.646s][info ][safepoint     ] Entering safepoint region: ICBufferFull
[2023-10-19T20:39:04.119+0000][18.647s][info ][safepoint     ] Leaving safepoint region
[2023-10-19T20:39:04.120+0000][18.647s][info ][safepoint     ] Total time for which application threads were stopped: 0.0014362 seconds, Stopping threads took: 0.0005585 seconds
[2023-10-19T20:39:04.902+0000][19.430s][debug][safepoint     ] Safepoint synchronization initiated. (16 threads)
[2023-10-19T20:39:04.903+0000][19.430s][info ][safepoint     ] Application time: 0.7823395 seconds
[2023-10-19T20:39:04.903+0000][19.431s][debug][safepoint     ] Waiting for 1 thread(s) to block
[2023-10-19T20:39:04.904+0000][19.432s][info ][safepoint     ] Entering safepoint region: G1CollectForAllocation
[2023-10-19T20:39:04.905+0000][19.432s][info ][gc,start      ] GC(30) Pause Young (Normal) (G1 Evacuation Pause)
[2023-10-19T20:39:04.905+0000][19.433s][info ][gc,task       ] GC(30) Using 8 workers of 8 for evacuation
[2023-10-19T20:39:04.944+0000][19.471s][info ][gc,phases     ] GC(30)   Pre Evacuate Collection Set: 0.0ms
[2023-10-19T20:39:04.944+0000][19.472s][info ][gc,phases     ] GC(30)   Evacuate Collection Set: 33.9ms
[2023-10-19T20:39:04.945+0000][19.472s][info ][gc,phases     ] GC(30)   Post Evacuate Collection Set: 3.5ms
[2023-10-19T20:39:04.945+0000][19.473s][info ][gc,phases     ] GC(30)   Other: 1.4ms
[2023-10-19T20:39:04.946+0000][19.473s][info ][gc,heap       ] GC(30) Eden regions: 192->0(194)
[2023-10-19T20:39:04.946+0000][19.474s][info ][gc,heap       ] GC(30) Survivor regions: 18->16(27)
[2023-10-19T20:39:04.947+0000][19.475s][info ][gc,heap       ] GC(30) Old regions: 28->31
[2023-10-19T20:39:04.947+0000][19.475s][info ][gc,heap       ] GC(30) Humongous regions: 0->0
[2023-10-19T20:39:04.948+0000][19.476s][info ][gc,metaspace  ] GC(30) Metaspace: 68542K(70352K)->68542K(70352K) NonClass: 59735K(60880K)->59735K(60880K) Class: 8807K(9472K)->8807K(9472K)
[2023-10-19T20:39:04.949+0000][19.476s][info ][gc            ] GC(30) Pause Young (Normal) (G1 Evacuation Pause) 235M->45M(350M) 43.776ms
[2023-10-19T20:39:04.949+0000][19.477s][info ][gc,cpu        ] GC(30) User=0.26s Sys=0.02s Real=0.04s
[2023-10-19T20:39:04.950+0000][19.477s][info ][safepoint     ] Leaving safepoint region
[2023-10-19T20:39:04.950+0000][19.478s][info ][safepoint     ] Total time for which application threads were stopped: 0.0470116 seconds, Stopping threads took: 0.0011545 seconds
[2023-10-19T20:39:04.951+0000][19.478s][info ][gc,stringdedup] Concurrent String Deduplication (19.478s)
[2023-10-19T20:39:04.952+0000][19.480s][info ][gc,stringdedup] Concurrent String Deduplication 73496.0B->18784.0B(54712.0B) avg 45.8% (19.478s, 19.480s) 1.537ms
[2023-10-19T20:39:05.249+0000][19.776s][debug][safepoint     ] Safepoint synchronization initiated. (17 threads)
[2023-10-19T20:39:05.249+0000][19.777s][info ][safepoint     ] Application time: 0.2987400 seconds
[2023-10-19T20:39:05.250+0000][19.778s][info ][safepoint     ] Entering safepoint region: ICBufferFull
[2023-10-19T20:39:05.251+0000][19.779s][info ][safepoint     ] Leaving safepoint region
[2023-10-19T20:39:05.252+0000][19.780s][info ][safepoint     ] Total time for which application threads were stopped: 0.0020197 seconds, Stopping threads took: 0.0006790 seconds
[2023-10-19T20:39:05.405+0000][19.933s][debug][safepoint     ] Safepoint synchronization initiated. (17 threads)
[2023-10-19T20:39:05.407+0000][19.935s][info ][safepoint     ] Application time: 0.1542282 seconds
[2023-10-19T20:39:05.412+0000][19.940s][info ][safepoint     ] Entering safepoint region: ICBufferFull
[2023-10-19T20:39:05.413+0000][19.941s][info ][safepoint     ] Leaving safepoint region
[2023-10-19T20:39:05.414+0000][19.942s][info ][safepoint     ] Total time for which application threads were stopped: 0.0020932 seconds, Stopping threads took: 0.0008688 seconds
[2023-10-19T20:39:05.526+0000][20.054s][debug][safepoint     ] Safepoint synchronization initiated. (17 threads)
[2023-10-19T20:39:05.527+0000][20.055s][info ][safepoint     ] Application time: 0.1122087 seconds
[2023-10-19T20:39:05.528+0000][20.055s][info ][safepoint     ] Entering safepoint region: ICBufferFull
[2023-10-19T20:39:05.529+0000][20.056s][info ][safepoint     ] Leaving safepoint region
[2023-10-19T20:39:05.529+0000][20.057s][info ][safepoint     ] Total time for which application threads were stopped: 0.0016661 seconds, Stopping threads took: 0.0006691 seconds
[2023-10-19T20:39:05.715+0000][20.243s][debug][safepoint     ] Safepoint synchronization initiated. (17 threads)
[2023-10-19T20:39:05.716+0000][20.244s][info ][safepoint     ] Application time: 0.1860985 seconds
[2023-10-19T20:39:05.717+0000][20.244s][info ][safepoint     ] Entering safepoint region: ICBufferFull
[2023-10-19T20:39:05.718+0000][20.245s][info ][safepoint     ] Leaving safepoint region
[2023-10-19T20:39:05.719+0000][20.246s][info ][safepoint     ] Total time for which application threads were stopped: 0.0018825 seconds, Stopping threads took: 0.0007068 seconds
[2023-10-19T20:39:05.929+0000][20.457s][debug][safepoint     ] Safepoint synchronization initiated. (17 threads)
[2023-10-19T20:39:05.930+0000][20.457s][info ][safepoint     ] Application time: 0.2101752 seconds
[2023-10-19T20:39:05.930+0000][20.458s][info ][safepoint     ] Entering safepoint region: ICBufferFull
[2023-10-19T20:39:05.931+0000][20.459s][info ][safepoint     ] Leaving safepoint region
[2023-10-19T20:39:05.932+0000][20.459s][info ][safepoint     ] Total time for which application threads were stopped: 0.0014338 seconds, Stopping threads took: 0.0005802 seconds
[2023-10-19T20:39:06.405+0000][20.932s][debug][safepoint     ] Safepoint synchronization initiated. (15 threads)
[2023-10-19T20:39:06.405+0000][20.933s][info ][safepoint     ] Application time: 0.4730147 seconds
[2023-10-19T20:39:06.406+0000][20.933s][info ][safepoint     ] Entering safepoint region: G1CollectForAllocation
[2023-10-19T20:39:06.406+0000][20.934s][info ][gc,start      ] GC(31) Pause Young (Normal) (G1 Evacuation Pause)
[2023-10-19T20:39:06.407+0000][20.935s][info ][gc,task       ] GC(31) Using 8 workers of 8 for evacuation
[2023-10-19T20:39:06.424+0000][20.952s][info ][gc,phases     ] GC(31)   Pre Evacuate Collection Set: 0.1ms
[2023-10-19T20:39:06.425+0000][20.952s][info ][gc,phases     ] GC(31)   Evacuate Collection Set: 13.0ms
[2023-10-19T20:39:06.425+0000][20.953s][info ][gc,phases     ] GC(31)   Post Evacuate Collection Set: 3.5ms
[2023-10-19T20:39:06.426+0000][20.953s][info ][gc,phases     ] GC(31)   Other: 1.0ms
[2023-10-19T20:39:06.426+0000][20.954s][info ][gc,heap       ] GC(31) Eden regions: 194->0(235)
[2023-10-19T20:39:06.427+0000][20.954s][info ][gc,heap       ] GC(31) Survivor regions: 16->14(27)
[2023-10-19T20:39:06.427+0000][20.955s][info ][gc,heap       ] GC(31) Old regions: 31->35
[2023-10-19T20:39:06.428+0000][20.955s][info ][gc,heap       ] GC(31) Humongous regions: 0->0
[2023-10-19T20:39:06.428+0000][20.956s][info ][gc,metaspace  ] GC(31) Metaspace: 71381K(73168K)->71381K(73168K) NonClass: 62258K(63440K)->62258K(63440K) Class: 9122K(9728K)->9122K(9728K)
[2023-10-19T20:39:06.429+0000][20.956s][info ][gc            ] GC(31) Pause Young (Normal) (G1 Evacuation Pause) 239M->46M(415M) 22.233ms
[2023-10-19T20:39:06.429+0000][20.957s][info ][gc,cpu        ] GC(31) User=0.11s Sys=0.00s Real=0.02s
[2023-10-19T20:39:06.430+0000][20.957s][info ][safepoint     ] Leaving safepoint region
[2023-10-19T20:39:06.430+0000][20.958s][info ][safepoint     ] Total time for which application threads were stopped: 0.0243747 seconds, Stopping threads took: 0.0004320 seconds
[2023-10-19T20:39:06.431+0000][20.958s][info ][gc,stringdedup] Concurrent String Deduplication (20.958s)
[2023-10-19T20:39:06.434+0000][20.962s][info ][gc,stringdedup] Concurrent String Deduplication 212.7K->59168.0B(154.9K) avg 46.3% (20.958s, 20.962s) 3.357ms
[2023-10-19T20:39:06.611+0000][21.139s][debug][safepoint     ] Safepoint synchronization initiated. (17 threads)
[2023-10-19T20:39:06.612+0000][21.140s][info ][safepoint     ] Application time: 0.1815301 seconds
[2023-10-19T20:39:06.613+0000][21.141s][info ][safepoint     ] Entering safepoint region: Deoptimize
[2023-10-19T20:39:06.618+0000][21.146s][info ][safepoint     ] Leaving safepoint region
[2023-10-19T20:39:06.619+0000][21.147s][info ][safepoint     ] Total time for which application threads were stopped: 0.0064120 seconds, Stopping threads took: 0.0007936 seconds
[2023-10-19T20:39:06.622+0000][21.149s][debug][safepoint     ] Safepoint synchronization initiated. (17 threads)
[2023-10-19T20:39:06.622+0000][21.150s][info ][safepoint     ] Application time: 0.0023345 seconds
[2023-10-19T20:39:06.623+0000][21.151s][info ][safepoint     ] Entering safepoint region: Deoptimize
[2023-10-19T20:39:06.626+0000][21.154s][info ][safepoint     ] Leaving safepoint region
[2023-10-19T20:39:06.627+0000][21.155s][info ][safepoint     ] Total time for which application threads were stopped: 0.0040820 seconds, Stopping threads took: 0.0006066 seconds
[2023-10-19T20:39:07.102+0000][21.630s][debug][safepoint     ] Safepoint synchronization initiated. (17 threads)
[2023-10-19T20:39:07.103+0000][21.630s][info ][safepoint     ] Application time: 0.4739281 seconds
[2023-10-19T20:39:07.103+0000][21.631s][info ][safepoint     ] Entering safepoint region: Deoptimize
[2023-10-19T20:39:07.105+0000][21.633s][info ][safepoint     ] Leaving safepoint region
[2023-10-19T20:39:07.106+0000][21.633s][info ][safepoint     ] Total time for which application threads were stopped: 0.0025775 seconds, Stopping threads took: 0.0005494 seconds
[2023-10-19T20:39:07.384+0000][21.911s][debug][safepoint     ] Safepoint synchronization initiated. (17 threads)
[2023-10-19T20:39:07.385+0000][21.912s][info ][safepoint     ] Application time: 0.2782792 seconds
[2023-10-19T20:39:07.385+0000][21.913s][info ][safepoint     ] Entering safepoint region: Deoptimize
[2023-10-19T20:39:07.387+0000][21.914s][info ][safepoint     ] Leaving safepoint region
[2023-10-19T20:39:07.387+0000][21.915s][info ][safepoint     ] Total time for which application threads were stopped: 0.0022488 seconds, Stopping threads took: 0.0004560 seconds
[2023-10-19T20:39:07.555+0000][22.083s][debug][safepoint     ] Safepoint synchronization initiated. (17 threads)
[2023-10-19T20:39:07.556+0000][22.083s][info ][safepoint     ] Application time: 0.1677773 seconds
[2023-10-19T20:39:07.556+0000][22.084s][info ][safepoint     ] Entering safepoint region: Deoptimize
[2023-10-19T20:39:07.558+0000][22.085s][info ][safepoint     ] Leaving safepoint region
[2023-10-19T20:39:07.558+0000][22.086s][info ][safepoint     ] Total time for which application threads were stopped: 0.0024193 seconds, Stopping threads took: 0.0004311 seconds
[2023-10-19T20:39:07.942+0000][22.470s][debug][safepoint     ] Safepoint synchronization initiated. (17 threads)
[2023-10-19T20:39:07.943+0000][22.471s][info ][safepoint     ] Application time: 0.3835227 seconds
[2023-10-19T20:39:07.944+0000][22.471s][info ][safepoint     ] Entering safepoint region: ICBufferFull
[2023-10-19T20:39:07.945+0000][22.472s][info ][safepoint     ] Leaving safepoint region
[2023-10-19T20:39:07.945+0000][22.473s][info ][safepoint     ] Total time for which application threads were stopped: 0.0015962 seconds, Stopping threads took: 0.0006151 seconds
[2023-10-19T20:39:08.190+0000][22.718s][debug][safepoint     ] Safepoint synchronization initiated. (17 threads)
[2023-10-19T20:39:08.191+0000][22.718s][info ][safepoint     ] Application time: 0.2451003 seconds
[2023-10-19T20:39:08.191+0000][22.719s][debug][safepoint     ] Waiting for 1 thread(s) to block
[2023-10-19T20:39:08.192+0000][22.720s][info ][safepoint     ] Entering safepoint region: ICBufferFull
[2023-10-19T20:39:08.193+0000][22.721s][info ][safepoint     ] Leaving safepoint region
[2023-10-19T20:39:08.194+0000][22.721s][info ][safepoint     ] Total time for which application threads were stopped: 0.0022489 seconds, Stopping threads took: 0.0012755 seconds
[2023-10-19T20:39:08.435+0000][22.963s][debug][safepoint     ] Safepoint synchronization initiated. (18 threads)
[2023-10-19T20:39:08.436+0000][22.964s][info ][safepoint     ] Application time: 0.2418418 seconds
[2023-10-19T20:39:08.437+0000][22.964s][info ][safepoint     ] Entering safepoint region: G1CollectForAllocation
[2023-10-19T20:39:08.438+0000][22.965s][info ][gc,start      ] GC(32) Pause Young (Normal) (G1 Evacuation Pause)
[2023-10-19T20:39:08.438+0000][22.966s][info ][gc,task       ] GC(32) Using 8 workers of 8 for evacuation
[2023-10-19T20:39:08.458+0000][22.986s][info ][gc,phases     ] GC(32)   Pre Evacuate Collection Set: 0.0ms
[2023-10-19T20:39:08.459+0000][22.987s][info ][gc,phases     ] GC(32)   Evacuate Collection Set: 17.1ms
[2023-10-19T20:39:08.460+0000][22.987s][info ][gc,phases     ] GC(32)   Post Evacuate Collection Set: 2.7ms
[2023-10-19T20:39:08.460+0000][22.988s][info ][gc,phases     ] GC(32)   Other: 1.2ms
[2023-10-19T20:39:08.461+0000][22.989s][info ][gc,heap       ] GC(32) Eden regions: 235->0(233)
[2023-10-19T20:39:08.461+0000][22.989s][info ][gc,heap       ] GC(32) Survivor regions: 14->16(32)
[2023-10-19T20:39:08.462+0000][22.989s][info ][gc,heap       ] GC(32) Old regions: 35->35
[2023-10-19T20:39:08.462+0000][22.990s][info ][gc,heap       ] GC(32) Humongous regions: 0->0
[2023-10-19T20:39:08.463+0000][22.990s][info ][gc,metaspace  ] GC(32) Metaspace: 77562K(79696K)->77562K(79696K) NonClass: 67725K(69072K)->67725K(69072K) Class: 9837K(10624K)->9837K(10624K)
[2023-10-19T20:39:08.463+0000][22.991s][info ][gc            ] GC(32) Pause Young (Normal) (G1 Evacuation Pause) 281M->49M(415M) 25.863ms
[2023-10-19T20:39:08.464+0000][22.991s][info ][gc,cpu        ] GC(32) User=0.16s Sys=0.00s Real=0.03s
[2023-10-19T20:39:08.464+0000][22.992s][info ][safepoint     ] Leaving safepoint region
[2023-10-19T20:39:08.465+0000][22.992s][info ][safepoint     ] Total time for which application threads were stopped: 0.0281866 seconds, Stopping threads took: 0.0005237 seconds
[2023-10-19T20:39:08.465+0000][22.993s][info ][gc,stringdedup] Concurrent String Deduplication (22.993s)
[2023-10-19T20:39:08.468+0000][22.995s][info ][gc,stringdedup] Concurrent String Deduplication 190.9K->42280.0B(149.6K) avg 46.9% (22.993s, 22.995s) 2.316ms
[2023-10-19T20:39:09.209+0000][23.736s][debug][safepoint     ] Safepoint synchronization initiated. (18 threads)
[2023-10-19T20:39:09.210+0000][23.737s][info ][safepoint     ] Application time: 0.7443170 seconds
[2023-10-19T20:39:09.210+0000][23.738s][info ][safepoint     ] Entering safepoint region: ICBufferFull
[2023-10-19T20:39:09.211+0000][23.739s][info ][safepoint     ] Leaving safepoint region
[2023-10-19T20:39:09.212+0000][23.739s][info ][safepoint     ] Total time for which application threads were stopped: 0.0014983 seconds, Stopping threads took: 0.0006012 seconds
[2023-10-19T20:39:09.696+0000][24.223s][debug][safepoint     ] Safepoint synchronization initiated. (18 threads)
[2023-10-19T20:39:09.696+0000][24.224s][info ][safepoint     ] Application time: 0.4842451 seconds
[2023-10-19T20:39:09.697+0000][24.225s][info ][safepoint     ] Entering safepoint region: ICBufferFull
[2023-10-19T20:39:09.698+0000][24.225s][info ][safepoint     ] Leaving safepoint region
[2023-10-19T20:39:09.698+0000][24.226s][info ][safepoint     ] Total time for which application threads were stopped: 0.0013604 seconds, Stopping threads took: 0.0005209 seconds
[2023-10-19T20:39:09.842+0000][24.369s][debug][safepoint     ] Safepoint synchronization initiated. (18 threads)
[2023-10-19T20:39:09.842+0000][24.370s][info ][safepoint     ] Application time: 0.1433448 seconds
[2023-10-19T20:39:09.843+0000][24.370s][info ][safepoint     ] Entering safepoint region: ICBufferFull
[2023-10-19T20:39:09.844+0000][24.371s][info ][safepoint     ] Leaving safepoint region
[2023-10-19T20:39:09.844+0000][24.372s][info ][safepoint     ] Total time for which application threads were stopped: 0.0012965 seconds, Stopping threads took: 0.0005744 seconds
[2023-10-19T20:39:10.197+0000][24.725s][debug][safepoint     ] Safepoint synchronization initiated. (18 threads)
[2023-10-19T20:39:10.198+0000][24.726s][info ][safepoint     ] Application time: 0.3532475 seconds
[2023-10-19T20:39:10.198+0000][24.726s][info ][safepoint     ] Entering safepoint region: G1CollectForAllocation
[2023-10-19T20:39:10.199+0000][24.727s][info ][gc,start      ] GC(33) Pause Young (Normal) (G1 Evacuation Pause)
[2023-10-19T20:39:10.200+0000][24.728s][info ][gc,task       ] GC(33) Using 8 workers of 8 for evacuation
[2023-10-19T20:39:10.225+0000][24.753s][info ][gc,phases     ] GC(33)   Pre Evacuate Collection Set: 0.0ms
[2023-10-19T20:39:10.226+0000][24.754s][info ][gc,phases     ] GC(33)   Evacuate Collection Set: 22.2ms
[2023-10-19T20:39:10.227+0000][24.754s][info ][gc,phases     ] GC(33)   Post Evacuate Collection Set: 2.8ms
[2023-10-19T20:39:10.227+0000][24.755s][info ][gc,phases     ] GC(33)   Other: 1.1ms
[2023-10-19T20:39:10.228+0000][24.755s][info ][gc,heap       ] GC(33) Eden regions: 233->0(226)
[2023-10-19T20:39:10.228+0000][24.756s][info ][gc,heap       ] GC(33) Survivor regions: 16->23(32)
[2023-10-19T20:39:10.228+0000][24.756s][info ][gc,heap       ] GC(33) Old regions: 35->35
[2023-10-19T20:39:10.229+0000][24.756s][info ][gc,heap       ] GC(33) Humongous regions: 0->0
[2023-10-19T20:39:10.229+0000][24.757s][info ][gc,metaspace  ] GC(33) Metaspace: 79772K(81872K)->79772K(81872K) NonClass: 69841K(71120K)->69841K(71120K) Class: 9931K(10752K)->9931K(10752K)
[2023-10-19T20:39:10.230+0000][24.757s][info ][gc            ] GC(33) Pause Young (Normal) (G1 Evacuation Pause) 282M->56M(415M) 30.319ms
[2023-10-19T20:39:10.230+0000][24.758s][info ][gc,cpu        ] GC(33) User=0.19s Sys=0.01s Real=0.03s
[2023-10-19T20:39:10.231+0000][24.758s][info ][safepoint     ] Leaving safepoint region
[2023-10-19T20:39:10.231+0000][24.759s][info ][safepoint     ] Total time for which application threads were stopped: 0.0325660 seconds, Stopping threads took: 0.0005238 seconds
[2023-10-19T20:39:10.232+0000][24.759s][info ][gc,stringdedup] Concurrent String Deduplication (24.759s)
[2023-10-19T20:39:10.235+0000][24.763s][info ][gc,stringdedup] Concurrent String Deduplication 230.1K->164.5K(67240.0B) avg 46.5% (24.759s, 24.763s) 3.421ms
[2023-10-19T20:39:10.580+0000][25.108s][debug][safepoint     ] Safepoint synchronization initiated. (18 threads)
[2023-10-19T20:39:10.581+0000][25.109s][info ][safepoint     ] Application time: 0.3496148 seconds
[2023-10-19T20:39:10.582+0000][25.109s][info ][safepoint     ] Entering safepoint region: Deoptimize
[2023-10-19T20:39:10.584+0000][25.112s][info ][safepoint     ] Leaving safepoint region
[2023-10-19T20:39:10.585+0000][25.112s][info ][safepoint     ] Total time for which application threads were stopped: 0.0028555 seconds, Stopping threads took: 0.0005347 seconds
[2023-10-19T20:39:11.391+0000][25.918s][debug][safepoint     ] Safepoint synchronization initiated. (17 threads)
[2023-10-19T20:39:11.391+0000][25.919s][info ][safepoint     ] Application time: 0.8063124 seconds
[2023-10-19T20:39:11.392+0000][25.920s][info ][safepoint     ] Entering safepoint region: Deoptimize
[2023-10-19T20:39:11.394+0000][25.922s][info ][safepoint     ] Leaving safepoint region
[2023-10-19T20:39:11.395+0000][25.922s][info ][safepoint     ] Total time for which application threads were stopped: 0.0025593 seconds, Stopping threads took: 0.0004788 seconds
[2023-10-19T20:39:11.543+0000][26.071s][debug][safepoint     ] Safepoint synchronization initiated. (21 threads)
[2023-10-19T20:39:11.544+0000][26.072s][info ][safepoint     ] Application time: 0.1490642 seconds
[2023-10-19T20:39:11.545+0000][26.072s][info ][safepoint     ] Entering safepoint region: ICBufferFull
[2023-10-19T20:39:11.545+0000][26.073s][info ][safepoint     ] Leaving safepoint region
[2023-10-19T20:39:11.546+0000][26.074s][info ][safepoint     ] Total time for which application threads were stopped: 0.0013047 seconds, Stopping threads took: 0.0005359 seconds
[2023-10-19T20:39:11.730+0000][26.257s][debug][safepoint     ] Safepoint synchronization initiated. (21 threads)
[2023-10-19T20:39:11.730+0000][26.258s][info ][safepoint     ] Application time: 0.1840554 seconds
[2023-10-19T20:39:11.731+0000][26.259s][info ][safepoint     ] Entering safepoint region: G1CollectForAllocation
[2023-10-19T20:39:11.732+0000][26.259s][info ][gc,start      ] GC(34) Pause Young (Normal) (G1 Evacuation Pause)
[2023-10-19T20:39:11.732+0000][26.260s][info ][gc,task       ] GC(34) Using 8 workers of 8 for evacuation
[2023-10-19T20:39:11.773+0000][26.301s][info ][gc,phases     ] GC(34)   Pre Evacuate Collection Set: 0.0ms
[2023-10-19T20:39:11.774+0000][26.301s][info ][gc,phases     ] GC(34)   Evacuate Collection Set: 37.0ms
[2023-10-19T20:39:11.774+0000][26.302s][info ][gc,phases     ] GC(34)   Post Evacuate Collection Set: 3.2ms
[2023-10-19T20:39:11.775+0000][26.302s][info ][gc,phases     ] GC(34)   Other: 1.1ms
[2023-10-19T20:39:11.775+0000][26.303s][info ][gc,heap       ] GC(34) Eden regions: 226->0(227)
[2023-10-19T20:39:11.776+0000][26.303s][info ][gc,heap       ] GC(34) Survivor regions: 23->22(32)
[2023-10-19T20:39:11.776+0000][26.304s][info ][gc,heap       ] GC(34) Old regions: 35->42
[2023-10-19T20:39:11.777+0000][26.304s][info ][gc,heap       ] GC(34) Humongous regions: 0->0
[2023-10-19T20:39:11.777+0000][26.305s][info ][gc,metaspace  ] GC(34) Metaspace: 82907K(85328K)->82907K(85328K) NonClass: 72607K(74192K)->72607K(74192K) Class: 10300K(11136K)->10300K(11136K)
[2023-10-19T20:39:11.778+0000][26.305s][info ][gc            ] GC(34) Pause Young (Normal) (G1 Evacuation Pause) 282M->62M(415M) 45.792ms
[2023-10-19T20:39:11.778+0000][26.306s][info ][gc,cpu        ] GC(34) User=0.34s Sys=0.01s Real=0.05s
[2023-10-19T20:39:11.778+0000][26.306s][info ][safepoint     ] Leaving safepoint region
[2023-10-19T20:39:11.779+0000][26.307s][info ][safepoint     ] Total time for which application threads were stopped: 0.0479580 seconds, Stopping threads took: 0.0004667 seconds
[2023-10-19T20:39:11.779+0000][26.307s][info ][gc,stringdedup] Concurrent String Deduplication (26.307s)
[2023-10-19T20:39:11.783+0000][26.311s][info ][gc,stringdedup] Concurrent String Deduplication 310.5K->101.5K(209.0K) avg 47.1% (26.307s, 26.311s) 3.640ms
[2023-10-19T20:39:12.505+0000][27.032s][debug][safepoint     ] Safepoint synchronization initiated. (21 threads)
[2023-10-19T20:39:12.506+0000][27.033s][info ][safepoint     ] Application time: 0.7261797 seconds
[2023-10-19T20:39:12.506+0000][27.034s][info ][safepoint     ] Entering safepoint region: ICBufferFull
[2023-10-19T20:39:12.507+0000][27.035s][info ][safepoint     ] Leaving safepoint region
[2023-10-19T20:39:12.507+0000][27.035s][info ][safepoint     ] Total time for which application threads were stopped: 0.0013462 seconds, Stopping threads took: 0.0005316 seconds
[2023-10-19T20:39:12.609+0000][27.137s][debug][safepoint     ] Safepoint synchronization initiated. (21 threads)
[2023-10-19T20:39:12.610+0000][27.137s][info ][safepoint     ] Application time: 0.1017344 seconds
[2023-10-19T20:39:12.610+0000][27.138s][info ][safepoint     ] Entering safepoint region: Deoptimize
[2023-10-19T20:39:12.612+0000][27.140s][info ][safepoint     ] Leaving safepoint region
[2023-10-19T20:39:12.613+0000][27.140s][info ][safepoint     ] Total time for which application threads were stopped: 0.0026235 seconds, Stopping threads took: 0.0004989 seconds
[2023-10-19T20:39:12.988+0000][27.515s][debug][safepoint     ] Safepoint synchronization initiated. (21 threads)
[2023-10-19T20:39:12.988+0000][27.516s][info ][safepoint     ] Application time: 0.3751045 seconds
[2023-10-19T20:39:12.989+0000][27.517s][info ][safepoint     ] Entering safepoint region: ICBufferFull
[2023-10-19T20:39:12.990+0000][27.518s][info ][safepoint     ] Leaving safepoint region
[2023-10-19T20:39:12.990+0000][27.518s][info ][safepoint     ] Total time for which application threads were stopped: 0.0014692 seconds, Stopping threads took: 0.0006514 seconds
[2023-10-19T20:39:13.048+0000][27.576s][debug][safepoint     ] Safepoint synchronization initiated. (21 threads)
[2023-10-19T20:39:13.049+0000][27.576s][info ][safepoint     ] Application time: 0.0576945 seconds
[2023-10-19T20:39:13.049+0000][27.577s][info ][safepoint     ] Entering safepoint region: Deoptimize
[2023-10-19T20:39:13.051+0000][27.579s][info ][safepoint     ] Leaving safepoint region
[2023-10-19T20:39:13.052+0000][27.580s][info ][safepoint     ] Total time for which application threads were stopped: 0.0027797 seconds, Stopping threads took: 0.0005329 seconds
[2023-10-19T20:39:13.089+0000][27.617s][debug][safepoint     ] Safepoint synchronization initiated. (21 threads)
[2023-10-19T20:39:13.090+0000][27.617s][info ][safepoint     ] Application time: 0.0371664 seconds
[2023-10-19T20:39:13.090+0000][27.618s][info ][safepoint     ] Entering safepoint region: G1CollectForAllocation
[2023-10-19T20:39:13.091+0000][27.618s][info ][gc,start      ] GC(35) Pause Young (Normal) (G1 Evacuation Pause)
[2023-10-19T20:39:13.091+0000][27.619s][info ][gc,task       ] GC(35) Using 8 workers of 8 for evacuation
[2023-10-19T20:39:13.135+0000][27.662s][info ][gc,phases     ] GC(35)   Pre Evacuate Collection Set: 0.0ms
[2023-10-19T20:39:13.135+0000][27.663s][info ][gc,phases     ] GC(35)   Evacuate Collection Set: 39.4ms
[2023-10-19T20:39:13.136+0000][27.663s][info ][gc,phases     ] GC(35)   Post Evacuate Collection Set: 3.1ms
[2023-10-19T20:39:13.136+0000][27.664s][info ][gc,phases     ] GC(35)   Other: 1.2ms
[2023-10-19T20:39:13.137+0000][27.664s][info ][gc,heap       ] GC(35) Eden regions: 227->0(230)
[2023-10-19T20:39:13.137+0000][27.665s][info ][gc,heap       ] GC(35) Survivor regions: 22->19(32)
[2023-10-19T20:39:13.138+0000][27.665s][info ][gc,heap       ] GC(35) Old regions: 42->50
[2023-10-19T20:39:13.138+0000][27.666s][info ][gc,heap       ] GC(35) Humongous regions: 0->0
[2023-10-19T20:39:13.139+0000][27.666s][info ][gc,metaspace  ] GC(35) Metaspace: 84989K(87376K)->84989K(87376K) NonClass: 74496K(75984K)->74496K(75984K) Class: 10493K(11392K)->10493K(11392K)
[2023-10-19T20:39:13.139+0000][27.667s][info ][gc            ] GC(35) Pause Young (Normal) (G1 Evacuation Pause) 289M->66M(415M) 48.359ms
[2023-10-19T20:39:13.140+0000][27.667s][info ][gc,cpu        ] GC(35) User=0.30s Sys=0.05s Real=0.05s
[2023-10-19T20:39:13.140+0000][27.668s][info ][safepoint     ] Leaving safepoint region
[2023-10-19T20:39:13.141+0000][27.668s][info ][safepoint     ] Total time for which application threads were stopped: 0.0504993 seconds, Stopping threads took: 0.0004868 seconds
[2023-10-19T20:39:13.141+0000][27.669s][info ][gc,stringdedup] Concurrent String Deduplication (27.669s)
[2023-10-19T20:39:13.147+0000][27.675s][info ][gc,stringdedup] Concurrent String Deduplication 746.6K->166.6K(580.0K) avg 49.1% (27.669s, 27.675s) 6.220ms
[2023-10-19T20:39:13.266+0000][27.794s][debug][safepoint     ] Safepoint synchronization initiated. (22 threads)
[2023-10-19T20:39:13.267+0000][27.794s][info ][safepoint     ] Application time: 0.1256939 seconds
[2023-10-19T20:39:13.267+0000][27.795s][info ][safepoint     ] Entering safepoint region: Deoptimize
[2023-10-19T20:39:13.269+0000][27.797s][info ][safepoint     ] Leaving safepoint region
[2023-10-19T20:39:13.270+0000][27.797s][info ][safepoint     ] Total time for which application threads were stopped: 0.0023931 seconds, Stopping threads took: 0.0003880 seconds
[2023-10-19T20:39:13.498+0000][28.026s][debug][safepoint     ] Safepoint synchronization initiated. (22 threads)
[2023-10-19T20:39:13.499+0000][28.026s][info ][safepoint     ] Application time: 0.2286224 seconds
[2023-10-19T20:39:13.499+0000][28.027s][info ][safepoint     ] Entering safepoint region: Deoptimize
[2023-10-19T20:39:13.501+0000][28.028s][info ][safepoint     ] Leaving safepoint region
[2023-10-19T20:39:13.501+0000][28.029s][info ][safepoint     ] Total time for which application threads were stopped: 0.0023588 seconds, Stopping threads took: 0.0004706 seconds
[2023-10-19T20:39:13.925+0000][28.453s][debug][safepoint     ] Safepoint synchronization initiated. (24 threads)
[2023-10-19T20:39:13.926+0000][28.454s][info ][safepoint     ] Application time: 0.4241814 seconds
[2023-10-19T20:39:13.927+0000][28.454s][info ][safepoint     ] Entering safepoint region: Deoptimize
[2023-10-19T20:39:13.929+0000][28.457s][info ][safepoint     ] Leaving safepoint region
[2023-10-19T20:39:13.929+0000][28.457s][info ][safepoint     ] Total time for which application threads were stopped: 0.0028127 seconds, Stopping threads took: 0.0005300 seconds
[2023-10-19T20:39:13.942+0000][28.469s][debug][safepoint     ] Safepoint synchronization initiated. (24 threads)
[2023-10-19T20:39:13.942+0000][28.470s][info ][safepoint     ] Application time: 0.0125244 seconds
[2023-10-19T20:39:13.943+0000][28.471s][info ][safepoint     ] Entering safepoint region: Deoptimize
[2023-10-19T20:39:13.945+0000][28.473s][info ][safepoint     ] Leaving safepoint region
[2023-10-19T20:39:13.946+0000][28.473s][info ][safepoint     ] Total time for which application threads were stopped: 0.0026566 seconds, Stopping threads took: 0.0005257 seconds
[2023-10-19T20:39:14.178+0000][28.705s][debug][safepoint     ] Safepoint synchronization initiated. (24 threads)
[2023-10-19T20:39:14.178+0000][28.706s][info ][safepoint     ] Application time: 0.2323713 seconds
[2023-10-19T20:39:14.179+0000][28.707s][info ][safepoint     ] Entering safepoint region: Deoptimize
[2023-10-19T20:39:14.181+0000][28.709s][info ][safepoint     ] Leaving safepoint region
[2023-10-19T20:39:14.182+0000][28.709s][info ][safepoint     ] Total time for which application threads were stopped: 0.0025847 seconds, Stopping threads took: 0.0005522 seconds
[2023-10-19T20:39:14.294+0000][28.822s][debug][safepoint     ] Safepoint synchronization initiated. (24 threads)
[2023-10-19T20:39:14.295+0000][28.822s][info ][safepoint     ] Application time: 0.1127888 seconds
[2023-10-19T20:39:14.295+0000][28.823s][info ][safepoint     ] Entering safepoint region: Deoptimize
[2023-10-19T20:39:14.297+0000][28.825s][info ][safepoint     ] Leaving safepoint region
[2023-10-19T20:39:14.298+0000][28.825s][info ][safepoint     ] Total time for which application threads were stopped: 0.0025568 seconds, Stopping threads took: 0.0004517 seconds
[2023-10-19T20:39:14.381+0000][28.909s][debug][safepoint     ] Safepoint synchronization initiated. (24 threads)
[2023-10-19T20:39:14.382+0000][28.910s][info ][safepoint     ] Application time: 0.0837962 seconds
[2023-10-19T20:39:14.383+0000][28.910s][info ][safepoint     ] Entering safepoint region: ICBufferFull
[2023-10-19T20:39:14.384+0000][28.911s][info ][safepoint     ] Leaving safepoint region
[2023-10-19T20:39:14.384+0000][28.912s][info ][safepoint     ] Total time for which application threads were stopped: 0.0014429 seconds, Stopping threads took: 0.0004956 seconds
[2023-10-19T20:39:14.813+0000][29.340s][debug][safepoint     ] Safepoint synchronization initiated. (24 threads)
[2023-10-19T20:39:14.813+0000][29.341s][info ][safepoint     ] Application time: 0.4286971 seconds
[2023-10-19T20:39:14.814+0000][29.342s][info ][safepoint     ] Entering safepoint region: Deoptimize
[2023-10-19T20:39:14.816+0000][29.344s][info ][safepoint     ] Leaving safepoint region
[2023-10-19T20:39:14.816+0000][29.344s][info ][safepoint     ] Total time for which application threads were stopped: 0.0025618 seconds, Stopping threads took: 0.0005386 seconds
[2023-10-19T20:39:14.867+0000][29.394s][debug][safepoint     ] Safepoint synchronization initiated. (24 threads)
[2023-10-19T20:39:14.867+0000][29.395s][info ][safepoint     ] Application time: 0.0502969 seconds
[2023-10-19T20:39:14.868+0000][29.395s][info ][safepoint     ] Entering safepoint region: G1CollectForAllocation
[2023-10-19T20:39:14.868+0000][29.396s][info ][gc,start      ] GC(36) Pause Young (Normal) (G1 Evacuation Pause)
[2023-10-19T20:39:14.869+0000][29.396s][info ][gc,task       ] GC(36) Using 8 workers of 8 for evacuation
[2023-10-19T20:39:14.898+0000][29.426s][info ][gc,phases     ] GC(36)   Pre Evacuate Collection Set: 0.0ms
[2023-10-19T20:39:14.899+0000][29.426s][info ][gc,phases     ] GC(36)   Evacuate Collection Set: 24.8ms
[2023-10-19T20:39:14.899+0000][29.427s][info ][gc,phases     ] GC(36)   Post Evacuate Collection Set: 4.0ms
[2023-10-19T20:39:14.899+0000][29.427s][info ][gc,phases     ] GC(36)   Other: 1.1ms
[2023-10-19T20:39:14.900+0000][29.427s][info ][gc,heap       ] GC(36) Eden regions: 230->0(232)
[2023-10-19T20:39:14.900+0000][29.428s][info ][gc,heap       ] GC(36) Survivor regions: 19->17(32)
[2023-10-19T20:39:14.901+0000][29.428s][info ][gc,heap       ] GC(36) Old regions: 50->57
[2023-10-19T20:39:14.901+0000][29.429s][info ][gc,heap       ] GC(36) Humongous regions: 0->0
[2023-10-19T20:39:14.901+0000][29.429s][info ][gc,metaspace  ] GC(36) Metaspace: 94201K(97232K)->94201K(97232K) NonClass: 82493K(84432K)->82493K(84432K) Class: 11708K(12800K)->11708K(12800K)
[2023-10-19T20:39:14.902+0000][29.429s][info ][gc            ] GC(36) Pause Young (Normal) (G1 Evacuation Pause) 296M->71M(415M) 33.398ms
[2023-10-19T20:39:14.902+0000][29.430s][info ][gc,cpu        ] GC(36) User=0.22s Sys=0.00s Real=0.03s
[2023-10-19T20:39:14.903+0000][29.430s][info ][safepoint     ] Leaving safepoint region
[2023-10-19T20:39:14.903+0000][29.431s][info ][safepoint     ] Total time for which application threads were stopped: 0.0352401 seconds, Stopping threads took: 0.0004180 seconds
[2023-10-19T20:39:14.903+0000][29.431s][info ][gc,stringdedup] Concurrent String Deduplication (29.431s)
[2023-10-19T20:39:14.908+0000][29.436s][info ][gc,stringdedup] Concurrent String Deduplication 414.8K->125.4K(289.4K) avg 49.8% (29.431s, 29.435s) 4.449ms
[2023-10-19T20:39:14.951+0000][29.479s][debug][safepoint     ] Safepoint synchronization initiated. (24 threads)
[2023-10-19T20:39:14.952+0000][29.480s][info ][safepoint     ] Application time: 0.0485407 seconds
[2023-10-19T20:39:14.952+0000][29.480s][info ][safepoint     ] Entering safepoint region: Deoptimize
[2023-10-19T20:39:14.954+0000][29.482s][info ][safepoint     ] Leaving safepoint region
[2023-10-19T20:39:14.955+0000][29.483s][info ][safepoint     ] Total time for which application threads were stopped: 0.0026944 seconds, Stopping threads took: 0.0004920 seconds
[2023-10-19T20:39:15.045+0000][29.573s][debug][safepoint     ] Safepoint synchronization initiated. (24 threads)
[2023-10-19T20:39:15.046+0000][29.573s][info ][safepoint     ] Application time: 0.0902266 seconds
[2023-10-19T20:39:15.046+0000][29.574s][info ][safepoint     ] Entering safepoint region: Deoptimize
[2023-10-19T20:39:15.048+0000][29.576s][info ][safepoint     ] Leaving safepoint region
[2023-10-19T20:39:15.049+0000][29.576s][info ][safepoint     ] Total time for which application threads were stopped: 0.0025036 seconds, Stopping threads took: 0.0005505 seconds
[2023-10-19T20:39:15.573+0000][30.100s][debug][safepoint     ] Safepoint synchronization initiated. (27 threads)
[2023-10-19T20:39:15.573+0000][30.101s][info ][safepoint     ] Application time: 0.5242258 seconds
[2023-10-19T20:39:15.574+0000][30.102s][info ][safepoint     ] Entering safepoint region: ICBufferFull
[2023-10-19T20:39:15.575+0000][30.102s][info ][safepoint     ] Leaving safepoint region
[2023-10-19T20:39:15.575+0000][30.103s][info ][safepoint     ] Total time for which application threads were stopped: 0.0013776 seconds, Stopping threads took: 0.0005189 seconds
[2023-10-19T20:39:15.992+0000][30.519s][debug][safepoint     ] Safepoint synchronization initiated. (34 threads)
[2023-10-19T20:39:15.992+0000][30.520s][info ][safepoint     ] Application time: 0.4165785 seconds
[2023-10-19T20:39:15.993+0000][30.521s][info ][safepoint     ] Entering safepoint region: Deoptimize
[2023-10-19T20:39:15.995+0000][30.523s][info ][safepoint     ] Leaving safepoint region
[2023-10-19T20:39:15.996+0000][30.523s][info ][safepoint     ] Total time for which application threads were stopped: 0.0028296 seconds, Stopping threads took: 0.0005142 seconds
[2023-10-19T20:39:16.096+0000][30.624s][debug][safepoint     ] Safepoint synchronization initiated. (34 threads)
[2023-10-19T20:39:16.097+0000][30.624s][info ][safepoint     ] Application time: 0.0998663 seconds
[2023-10-19T20:39:16.097+0000][30.625s][info ][safepoint     ] Entering safepoint region: Deoptimize
[2023-10-19T20:39:16.099+0000][30.627s][info ][safepoint     ] Leaving safepoint region
[2023-10-19T20:39:16.100+0000][30.627s][info ][safepoint     ] Total time for which application threads were stopped: 0.0026549 seconds, Stopping threads took: 0.0005084 seconds
[2023-10-19T20:39:16.290+0000][30.817s][debug][safepoint     ] Safepoint synchronization initiated. (34 threads)
[2023-10-19T20:39:16.290+0000][30.818s][info ][safepoint     ] Application time: 0.1902487 seconds
[2023-10-19T20:39:16.291+0000][30.819s][info ][safepoint     ] Entering safepoint region: G1CollectForAllocation
[2023-10-19T20:39:16.292+0000][30.819s][info ][gc,start      ] GC(37) Pause Young (Normal) (G1 Evacuation Pause)
[2023-10-19T20:39:16.292+0000][30.820s][info ][gc,task       ] GC(37) Using 8 workers of 8 for evacuation
[2023-10-19T20:39:16.335+0000][30.863s][info ][gc,phases     ] GC(37)   Pre Evacuate Collection Set: 0.0ms
[2023-10-19T20:39:16.336+0000][30.864s][info ][gc,phases     ] GC(37)   Evacuate Collection Set: 38.6ms
[2023-10-19T20:39:16.337+0000][30.864s][info ][gc,phases     ] GC(37)   Post Evacuate Collection Set: 4.0ms
[2023-10-19T20:39:16.337+0000][30.865s][info ][gc,phases     ] GC(37)   Other: 1.2ms
[2023-10-19T20:39:16.338+0000][30.865s][info ][gc,heap       ] GC(37) Eden regions: 232->0(227)
[2023-10-19T20:39:16.338+0000][30.866s][info ][gc,heap       ] GC(37) Survivor regions: 17->22(32)
[2023-10-19T20:39:16.339+0000][30.866s][info ][gc,heap       ] GC(37) Old regions: 57->57
[2023-10-19T20:39:16.339+0000][30.867s][info ][gc,heap       ] GC(37) Humongous regions: 0->0
[2023-10-19T20:39:16.340+0000][30.867s][info ][gc,metaspace  ] GC(37) Metaspace: 97718K(100688K)->97718K(100688K) NonClass: 85646K(87504K)->85646K(87504K) Class: 12072K(13184K)->12072K(13184K)
[2023-10-19T20:39:16.340+0000][30.868s][info ][gc            ] GC(37) Pause Young (Normal) (G1 Evacuation Pause) 303M->76M(415M) 48.456ms
[2023-10-19T20:39:16.341+0000][30.868s][info ][gc,cpu        ] GC(37) User=0.34s Sys=0.01s Real=0.05s
[2023-10-19T20:39:16.341+0000][30.869s][info ][safepoint     ] Leaving safepoint region
[2023-10-19T20:39:16.341+0000][30.869s][info ][safepoint     ] Total time for which application threads were stopped: 0.0505051 seconds, Stopping threads took: 0.0005788 seconds
[2023-10-19T20:39:16.342+0000][30.870s][info ][gc,stringdedup] Concurrent String Deduplication (30.870s)
[2023-10-19T20:39:16.345+0000][30.873s][info ][gc,stringdedup] Concurrent String Deduplication 290.4K->83672.0B(208.7K) avg 50.4% (30.870s, 30.873s) 3.209ms
[2023-10-19T20:39:16.600+0000][31.127s][debug][safepoint     ] Safepoint synchronization initiated. (34 threads)
[2023-10-19T20:39:16.600+0000][31.128s][info ][safepoint     ] Application time: 0.2583986 seconds
[2023-10-19T20:39:16.601+0000][31.128s][info ][safepoint     ] Entering safepoint region: ICBufferFull
[2023-10-19T20:39:16.602+0000][31.129s][info ][safepoint     ] Leaving safepoint region
[2023-10-19T20:39:16.602+0000][31.130s][info ][safepoint     ] Total time for which application threads were stopped: 0.0013729 seconds, Stopping threads took: 0.0005733 seconds
[2023-10-19T20:39:16.757+0000][31.284s][debug][safepoint     ] Safepoint synchronization initiated. (34 threads)
[2023-10-19T20:39:16.757+0000][31.285s][info ][safepoint     ] Application time: 0.1544863 seconds
[2023-10-19T20:39:16.758+0000][31.285s][info ][safepoint     ] Entering safepoint region: CollectForMetadataAllocation
[2023-10-19T20:39:16.759+0000][31.286s][info ][gc,start      ] GC(38) Pause Young (Concurrent Start) (Metadata GC Threshold)
[2023-10-19T20:39:16.759+0000][31.287s][info ][gc,task       ] GC(38) Using 8 workers of 8 for evacuation
[2023-10-19T20:39:16.799+0000][31.327s][info ][gc,phases     ] GC(38)   Pre Evacuate Collection Set: 0.5ms
[2023-10-19T20:39:16.800+0000][31.328s][info ][gc,phases     ] GC(38)   Evacuate Collection Set: 35.7ms
[2023-10-19T20:39:16.801+0000][31.328s][info ][gc,phases     ] GC(38)   Post Evacuate Collection Set: 3.5ms
[2023-10-19T20:39:16.801+0000][31.329s][info ][gc,phases     ] GC(38)   Other: 1.3ms
[2023-10-19T20:39:16.802+0000][31.329s][info ][gc,heap       ] GC(38) Eden regions: 62->0(231)
[2023-10-19T20:39:16.802+0000][31.330s][info ][gc,heap       ] GC(38) Survivor regions: 22->18(32)
[2023-10-19T20:39:16.803+0000][31.330s][info ][gc,heap       ] GC(38) Old regions: 57->62
[2023-10-19T20:39:16.803+0000][31.331s][info ][gc,heap       ] GC(38) Humongous regions: 0->0
[2023-10-19T20:39:16.804+0000][31.331s][info ][gc,metaspace  ] GC(38) Metaspace: 98424K(101200K)->98424K(101200K) NonClass: 86282K(88016K)->86282K(88016K) Class: 12141K(13184K)->12141K(13184K)
[2023-10-19T20:39:16.804+0000][31.332s][info ][gc            ] GC(38) Pause Young (Concurrent Start) (Metadata GC Threshold) 137M->77M(415M) 45.870ms
[2023-10-19T20:39:16.805+0000][31.333s][info ][gc,cpu        ] GC(38) User=0.31s Sys=0.01s Real=0.05s
[2023-10-19T20:39:16.805+0000][31.333s][info ][gc            ] GC(39) Concurrent Cycle
[2023-10-19T20:39:16.806+0000][31.333s][info ][safepoint     ] Leaving safepoint region
[2023-10-19T20:39:16.806+0000][31.334s][info ][safepoint     ] Total time for which application threads were stopped: 0.0487863 seconds, Stopping threads took: 0.0005465 seconds
[2023-10-19T20:39:16.806+0000][31.334s][info ][gc,marking    ] GC(39) Concurrent Clear Claimed Marks
[2023-10-19T20:39:16.807+0000][31.335s][info ][gc,stringdedup] Concurrent String Deduplication (31.335s)
[2023-10-19T20:39:16.808+0000][31.336s][info ][gc,marking    ] GC(39) Concurrent Clear Claimed Marks 2.116ms
[2023-10-19T20:39:16.809+0000][31.336s][info ][gc,marking    ] GC(39) Concurrent Scan Root Regions
[2023-10-19T20:39:16.827+0000][31.355s][info ][gc,marking    ] GC(39) Concurrent Scan Root Regions 18.333ms
[2023-10-19T20:39:16.828+0000][31.355s][info ][gc,marking    ] GC(39) Concurrent Mark (31.355s)
[2023-10-19T20:39:16.828+0000][31.355s][info ][gc,stringdedup] Concurrent String Deduplication 702.4K->450.5K(251.9K) avg 49.6% (31.335s, 31.355s) 20.329ms
[2023-10-19T20:39:16.828+0000][31.356s][info ][gc,marking    ] GC(39) Concurrent Mark From Roots
[2023-10-19T20:39:16.830+0000][31.357s][info ][gc,task       ] GC(39) Using 2 workers of 2 for marking
[2023-10-19T20:39:16.939+0000][31.467s][debug][safepoint     ] Safepoint synchronization initiated. (34 threads)
[2023-10-19T20:39:16.940+0000][31.468s][info ][safepoint     ] Application time: 0.1329327 seconds
[2023-10-19T20:39:16.941+0000][31.468s][info ][safepoint     ] Entering safepoint region: CollectForMetadataAllocation
[2023-10-19T20:39:16.941+0000][31.469s][info ][safepoint     ] Leaving safepoint region
[2023-10-19T20:39:16.942+0000][31.470s][info ][safepoint     ] Total time for which application threads were stopped: 0.0013884 seconds, Stopping threads took: 0.0005852 seconds
[2023-10-19T20:39:16.968+0000][31.496s][info ][gc,marking    ] GC(39) Concurrent Mark From Roots 139.630ms
[2023-10-19T20:39:16.969+0000][31.496s][info ][gc,marking    ] GC(39) Concurrent Preclean
[2023-10-19T20:39:16.968+0000][31.496s][debug][safepoint     ] Safepoint synchronization initiated. (34 threads)
[2023-10-19T20:39:16.970+0000][31.498s][info ][safepoint     ] Application time: 0.0276081 seconds
[2023-10-19T20:39:16.971+0000][31.498s][info ][safepoint     ] Entering safepoint region: CollectForMetadataAllocation
[2023-10-19T20:39:16.971+0000][31.499s][info ][safepoint     ] Leaving safepoint region
[2023-10-19T20:39:16.972+0000][31.500s][info ][safepoint     ] Total time for which application threads were stopped: 0.0012650 seconds, Stopping threads took: 0.0005392 seconds
[2023-10-19T20:39:16.973+0000][31.500s][info ][gc,marking    ] GC(39) Concurrent Preclean 4.048ms
[2023-10-19T20:39:16.973+0000][31.501s][info ][gc,marking    ] GC(39) Concurrent Mark (31.355s, 31.501s) 145.578ms
[2023-10-19T20:39:16.974+0000][31.502s][debug][safepoint     ] Safepoint synchronization initiated. (34 threads)
[2023-10-19T20:39:16.974+0000][31.502s][info ][safepoint     ] Application time: 0.0018705 seconds
[2023-10-19T20:39:16.975+0000][31.503s][debug][safepoint     ] Waiting for 1 thread(s) to block
[2023-10-19T20:39:16.976+0000][31.503s][info ][safepoint     ] Entering safepoint region: CGC_Operation
[2023-10-19T20:39:16.976+0000][31.504s][info ][gc,start      ] GC(39) Pause Remark
[2023-10-19T20:39:16.998+0000][31.526s][info ][gc,stringtable] GC(39) Cleaned string and symbol table, strings: 48539 processed, 69 removed, symbols: 278744 processed, 321 removed
[2023-10-19T20:39:16.999+0000][31.527s][info ][gc            ] GC(39) Pause Remark 97M->97M(415M) 22.785ms
[2023-10-19T20:39:17.000+0000][31.527s][info ][gc,cpu        ] GC(39) User=0.13s Sys=0.00s Real=0.02s
[2023-10-19T20:39:17.000+0000][31.528s][info ][safepoint     ] Leaving safepoint region
[2023-10-19T20:39:17.001+0000][31.528s][info ][safepoint     ] Total time for which application threads were stopped: 0.0258223 seconds, Stopping threads took: 0.0011324 seconds
[2023-10-19T20:39:17.002+0000][31.529s][info ][gc,marking    ] GC(39) Concurrent Rebuild Remembered Sets
[2023-10-19T20:39:17.005+0000][31.532s][debug][safepoint     ] Safepoint synchronization initiated. (34 threads)
[2023-10-19T20:39:17.005+0000][31.533s][info ][safepoint     ] Application time: 0.0041297 seconds
[2023-10-19T20:39:17.006+0000][31.534s][info ][safepoint     ] Entering safepoint region: Deoptimize
[2023-10-19T20:39:17.008+0000][31.536s][info ][safepoint     ] Leaving safepoint region
[2023-10-19T20:39:17.009+0000][31.537s][info ][safepoint     ] Total time for which application threads were stopped: 0.0030337 seconds, Stopping threads took: 0.0007216 seconds
[2023-10-19T20:39:17.088+0000][31.615s][info ][gc,marking    ] GC(39) Concurrent Rebuild Remembered Sets 86.078ms
[2023-10-19T20:39:17.088+0000][31.616s][debug][safepoint     ] Safepoint synchronization initiated. (34 threads)
[2023-10-19T20:39:17.089+0000][31.617s][info ][safepoint     ] Application time: 0.0792854 seconds
[2023-10-19T20:39:17.090+0000][31.617s][debug][safepoint     ] Waiting for 1 thread(s) to block
[2023-10-19T20:39:17.090+0000][31.618s][info ][safepoint     ] Entering safepoint region: CGC_Operation
[2023-10-19T20:39:17.091+0000][31.619s][info ][gc,start      ] GC(39) Pause Cleanup
[2023-10-19T20:39:17.092+0000][31.620s][info ][gc            ] GC(39) Pause Cleanup 101M->101M(415M) 0.892ms
[2023-10-19T20:39:17.092+0000][31.620s][info ][gc,cpu        ] GC(39) User=0.01s Sys=0.00s Real=0.00s
[2023-10-19T20:39:17.093+0000][31.621s][info ][safepoint     ] Leaving safepoint region
[2023-10-19T20:39:17.093+0000][31.621s][info ][safepoint     ] Total time for which application threads were stopped: 0.0037309 seconds, Stopping threads took: 0.0011304 seconds
[2023-10-19T20:39:17.094+0000][31.622s][info ][gc,marking    ] GC(39) Concurrent Cleanup for Next Mark
[2023-10-19T20:39:17.096+0000][31.623s][info ][gc,marking    ] GC(39) Concurrent Cleanup for Next Mark 1.722ms
[2023-10-19T20:39:17.096+0000][31.624s][info ][gc            ] GC(39) Concurrent Cycle 290.896ms
[2023-10-19T20:39:17.352+0000][31.879s][debug][safepoint     ] Safepoint synchronization initiated. (37 threads)
[2023-10-19T20:39:17.352+0000][31.880s][info ][safepoint     ] Application time: 0.2585372 seconds
[2023-10-19T20:39:17.353+0000][31.881s][info ][safepoint     ] Entering safepoint region: Deoptimize
[2023-10-19T20:39:17.355+0000][31.883s][info ][safepoint     ] Leaving safepoint region
[2023-10-19T20:39:17.355+0000][31.883s][info ][safepoint     ] Total time for which application threads were stopped: 0.0025131 seconds, Stopping threads took: 0.0004847 seconds
[2023-10-19T20:39:18.059+0000][32.586s][debug][safepoint     ] Safepoint synchronization initiated. (38 threads)
[2023-10-19T20:39:18.059+0000][32.587s][info ][safepoint     ] Application time: 0.7034425 seconds
[2023-10-19T20:39:18.060+0000][32.588s][info ][safepoint     ] Entering safepoint region: G1CollectForAllocation
[2023-10-19T20:39:18.061+0000][32.588s][info ][gc,start      ] GC(40) Pause Young (Concurrent Start) (G1 Evacuation Pause)
[2023-10-19T20:39:18.061+0000][32.589s][info ][gc,task       ] GC(40) Using 8 workers of 8 for evacuation
[2023-10-19T20:39:18.090+0000][32.618s][info ][gc,phases     ] GC(40)   Pre Evacuate Collection Set: 0.3ms
[2023-10-19T20:39:18.091+0000][32.618s][info ][gc,phases     ] GC(40)   Evacuate Collection Set: 24.8ms
[2023-10-19T20:39:18.091+0000][32.619s][info ][gc,phases     ] GC(40)   Post Evacuate Collection Set: 2.9ms
[2023-10-19T20:39:18.091+0000][32.619s][info ][gc,phases     ] GC(40)   Other: 1.2ms
[2023-10-19T20:39:18.092+0000][32.619s][info ][gc,heap       ] GC(40) Eden regions: 231->0(227)
[2023-10-19T20:39:18.092+0000][32.620s][info ][gc,heap       ] GC(40) Survivor regions: 18->22(32)
[2023-10-19T20:39:18.093+0000][32.620s][info ][gc,heap       ] GC(40) Old regions: 62->62
[2023-10-19T20:39:18.093+0000][32.621s][info ][gc,heap       ] GC(40) Humongous regions: 1->0
[2023-10-19T20:39:18.094+0000][32.621s][info ][gc,metaspace  ] GC(40) Metaspace: 103216K(106320K)->103216K(106320K) NonClass: 90660K(92624K)->90660K(92624K) Class: 12556K(13696K)->12556K(13696K)
[2023-10-19T20:39:18.094+0000][32.622s][info ][gc            ] GC(40) Pause Young (Concurrent Start) (G1 Evacuation Pause) 309M->81M(415M) 33.568ms
[2023-10-19T20:39:18.095+0000][32.622s][info ][gc,cpu        ] GC(40) User=0.19s Sys=0.01s Real=0.04s
[2023-10-19T20:39:18.095+0000][32.623s][info ][safepoint     ] Leaving safepoint region
[2023-10-19T20:39:18.096+0000][32.623s][info ][safepoint     ] Total time for which application threads were stopped: 0.0357613 seconds, Stopping threads took: 0.0004733 seconds
[2023-10-19T20:39:18.095+0000][32.623s][info ][gc            ] GC(41) Concurrent Cycle
[2023-10-19T20:39:18.097+0000][32.625s][info ][gc,marking    ] GC(41) Concurrent Clear Claimed Marks
[2023-10-19T20:39:18.096+0000][32.624s][info ][gc,stringdedup] Concurrent String Deduplication (32.624s)
[2023-10-19T20:39:18.098+0000][32.626s][info ][gc,marking    ] GC(41) Concurrent Clear Claimed Marks 1.502ms
[2023-10-19T20:39:18.099+0000][32.627s][info ][gc,marking    ] GC(41) Concurrent Scan Root Regions
[2023-10-19T20:39:18.106+0000][32.634s][info ][gc,stringdedup] Concurrent String Deduplication 449.7K->146.3K(303.4K) avg 50.2% (32.624s, 32.634s) 10.131ms
[2023-10-19T20:39:18.117+0000][32.645s][info ][gc,marking    ] GC(41) Concurrent Scan Root Regions 17.627ms
[2023-10-19T20:39:18.118+0000][32.645s][info ][gc,marking    ] GC(41) Concurrent Mark (32.645s)
[2023-10-19T20:39:18.118+0000][32.646s][info ][gc,marking    ] GC(41) Concurrent Mark From Roots
[2023-10-19T20:39:18.119+0000][32.646s][info ][gc,task       ] GC(41) Using 2 workers of 2 for marking
[2023-10-19T20:39:18.230+0000][32.757s][info ][gc,marking    ] GC(41) Concurrent Mark From Roots 111.560ms
[2023-10-19T20:39:18.230+0000][32.758s][info ][gc,marking    ] GC(41) Concurrent Preclean
[2023-10-19T20:39:18.231+0000][32.759s][info ][gc,marking    ] GC(41) Concurrent Preclean 0.542ms
[2023-10-19T20:39:18.231+0000][32.759s][info ][gc,marking    ] GC(41) Concurrent Mark (32.645s, 32.759s) 113.743ms
[2023-10-19T20:39:18.232+0000][32.760s][debug][safepoint     ] Safepoint synchronization initiated. (38 threads)
[2023-10-19T20:39:18.232+0000][32.760s][info ][safepoint     ] Application time: 0.1363729 seconds
[2023-10-19T20:39:18.233+0000][32.761s][debug][safepoint     ] ... found polling page loop exception at pc = 0x00007fbdb0b63ee0, stub =0x00007fbda8843680
[2023-10-19T20:39:18.234+0000][32.762s][debug][safepoint     ] Waiting for 1 thread(s) to block
[2023-10-19T20:39:18.234+0000][32.762s][info ][safepoint     ] Entering safepoint region: CGC_Operation
[2023-10-19T20:39:18.235+0000][32.763s][info ][gc,start      ] GC(41) Pause Remark
[2023-10-19T20:39:18.261+0000][32.789s][info ][gc,stringtable] GC(41) Cleaned string and symbol table, strings: 50626 processed, 13 removed, symbols: 293826 processed, 26 removed
[2023-10-19T20:39:18.262+0000][32.790s][info ][gc            ] GC(41) Pause Remark 97M->97M(415M) 27.196ms
[2023-10-19T20:39:18.263+0000][32.791s][info ][gc,cpu        ] GC(41) User=0.16s Sys=0.02s Real=0.02s
[2023-10-19T20:39:18.263+0000][32.791s][info ][safepoint     ] Leaving safepoint region
[2023-10-19T20:39:18.264+0000][32.792s][info ][safepoint     ] Total time for which application threads were stopped: 0.0307964 seconds, Stopping threads took: 0.0016800 seconds
[2023-10-19T20:39:18.265+0000][32.792s][info ][gc,marking    ] GC(41) Concurrent Rebuild Remembered Sets
[2023-10-19T20:39:18.329+0000][32.856s][info ][gc,marking    ] GC(41) Concurrent Rebuild Remembered Sets 63.936ms
[2023-10-19T20:39:18.329+0000][32.857s][debug][safepoint     ] Safepoint synchronization initiated. (38 threads)
[2023-10-19T20:39:18.330+0000][32.858s][info ][safepoint     ] Application time: 0.0653732 seconds
[2023-10-19T20:39:18.331+0000][32.858s][debug][safepoint     ] ... found polling page return exception at pc = 0x00007fbdb0d09289, stub =0x00007fbda8840600
[2023-10-19T20:39:18.331+0000][32.859s][debug][safepoint     ] Waiting for 1 thread(s) to block
[2023-10-19T20:39:18.332+0000][32.859s][info ][safepoint     ] Entering safepoint region: CGC_Operation
[2023-10-19T20:39:18.332+0000][32.860s][info ][gc,start      ] GC(41) Pause Cleanup
[2023-10-19T20:39:18.333+0000][32.861s][info ][gc            ] GC(41) Pause Cleanup 104M->104M(415M) 0.799ms
[2023-10-19T20:39:18.334+0000][32.861s][info ][gc,cpu        ] GC(41) User=0.00s Sys=0.01s Real=0.01s
[2023-10-19T20:39:18.334+0000][32.862s][info ][safepoint     ] Leaving safepoint region
[2023-10-19T20:39:18.335+0000][32.862s][info ][safepoint     ] Total time for which application threads were stopped: 0.0041941 seconds, Stopping threads took: 0.0016470 seconds
[2023-10-19T20:39:18.335+0000][32.863s][info ][gc,marking    ] GC(41) Concurrent Cleanup for Next Mark
[2023-10-19T20:39:18.337+0000][32.865s][info ][gc,marking    ] GC(41) Concurrent Cleanup for Next Mark 2.055ms
[2023-10-19T20:39:18.338+0000][32.866s][info ][gc            ] GC(41) Concurrent Cycle 242.898ms
[2023-10-19T20:39:18.747+0000][33.275s][debug][safepoint     ] Safepoint synchronization initiated. (39 threads)
[2023-10-19T20:39:18.748+0000][33.275s][info ][safepoint     ] Application time: 0.4123766 seconds
[2023-10-19T20:39:18.748+0000][33.276s][info ][safepoint     ] Entering safepoint region: ICBufferFull
[2023-10-19T20:39:18.749+0000][33.277s][info ][safepoint     ] Leaving safepoint region
[2023-10-19T20:39:18.750+0000][33.277s][info ][safepoint     ] Total time for which application threads were stopped: 0.0013441 seconds, Stopping threads took: 0.0004729 seconds
[2023-10-19T20:39:19.203+0000][33.730s][debug][safepoint     ] Safepoint synchronization initiated. (39 threads)
[2023-10-19T20:39:19.204+0000][33.731s][info ][safepoint     ] Application time: 0.4536146 seconds
[2023-10-19T20:39:19.204+0000][33.732s][info ][safepoint     ] Entering safepoint region: Deoptimize
[2023-10-19T20:39:19.206+0000][33.734s][info ][safepoint     ] Leaving safepoint region
[2023-10-19T20:39:19.207+0000][33.734s][info ][safepoint     ] Total time for which application threads were stopped: 0.0025212 seconds, Stopping threads took: 0.0004800 seconds
[2023-10-19T20:39:19.271+0000][33.799s][debug][safepoint     ] Safepoint synchronization initiated. (39 threads)
[2023-10-19T20:39:19.272+0000][33.800s][info ][safepoint     ] Application time: 0.0648995 seconds
[2023-10-19T20:39:19.273+0000][33.800s][info ][safepoint     ] Entering safepoint region: Deoptimize
[2023-10-19T20:39:19.275+0000][33.803s][info ][safepoint     ] Leaving safepoint region
[2023-10-19T20:39:19.276+0000][33.803s][info ][safepoint     ] Total time for which application threads were stopped: 0.0032330 seconds, Stopping threads took: 0.0004873 seconds
[2023-10-19T20:39:19.623+0000][34.150s][debug][safepoint     ] Safepoint synchronization initiated. (42 threads)
[2023-10-19T20:39:19.623+0000][34.151s][info ][safepoint     ] Application time: 0.3471779 seconds
[2023-10-19T20:39:19.624+0000][34.152s][info ][safepoint     ] Entering safepoint region: G1CollectForAllocation
[2023-10-19T20:39:19.625+0000][34.153s][info ][gc,start      ] GC(42) Pause Young (Normal) (G1 Evacuation Pause)
[2023-10-19T20:39:19.625+0000][34.153s][info ][gc,task       ] GC(42) Using 8 workers of 8 for evacuation
[2023-10-19T20:39:19.659+0000][34.186s][info ][gc,phases     ] GC(42)   Pre Evacuate Collection Set: 0.0ms
[2023-10-19T20:39:19.659+0000][34.187s][info ][gc,phases     ] GC(42)   Evacuate Collection Set: 28.3ms
[2023-10-19T20:39:19.660+0000][34.187s][info ][gc,phases     ] GC(42)   Post Evacuate Collection Set: 4.3ms
[2023-10-19T20:39:19.660+0000][34.188s][info ][gc,phases     ] GC(42)   Other: 1.0ms
[2023-10-19T20:39:19.660+0000][34.188s][info ][gc,heap       ] GC(42) Eden regions: 227->0(226)
[2023-10-19T20:39:19.661+0000][34.188s][info ][gc,heap       ] GC(42) Survivor regions: 22->23(32)
[2023-10-19T20:39:19.661+0000][34.189s][info ][gc,heap       ] GC(42) Old regions: 62->66
[2023-10-19T20:39:19.662+0000][34.189s][info ][gc,heap       ] GC(42) Humongous regions: 0->0
[2023-10-19T20:39:19.662+0000][34.190s][info ][gc,metaspace  ] GC(42) Metaspace: 105336K(108240K)->105336K(108240K) NonClass: 92560K(94416K)->92560K(94416K) Class: 12776K(13824K)->12776K(13824K)
[2023-10-19T20:39:19.662+0000][34.190s][info ][gc            ] GC(42) Pause Young (Normal) (G1 Evacuation Pause) 308M->86M(415M) 37.568ms
[2023-10-19T20:39:19.663+0000][34.191s][info ][gc,cpu        ] GC(42) User=0.23s Sys=0.01s Real=0.03s
[2023-10-19T20:39:19.663+0000][34.191s][info ][safepoint     ] Leaving safepoint region
[2023-10-19T20:39:19.664+0000][34.191s][info ][safepoint     ] Total time for which application threads were stopped: 0.0397432 seconds, Stopping threads took: 0.0004923 seconds
[2023-10-19T20:39:19.664+0000][34.192s][info ][gc,stringdedup] Concurrent String Deduplication (34.192s)
[2023-10-19T20:39:19.667+0000][34.194s][info ][gc,stringdedup] Concurrent String Deduplication 141.1K->53976.0B(90544.0B) avg 50.3% (34.192s, 34.194s) 2.385ms
[2023-10-19T20:39:20.003+0000][34.531s][debug][safepoint     ] Safepoint synchronization initiated. (41 threads)
[2023-10-19T20:39:20.004+0000][34.531s][info ][safepoint     ] Application time: 0.3395006 seconds
[2023-10-19T20:39:20.004+0000][34.532s][info ][safepoint     ] Entering safepoint region: Deoptimize
[2023-10-19T20:39:20.006+0000][34.534s][info ][safepoint     ] Leaving safepoint region
[2023-10-19T20:39:20.007+0000][34.534s][info ][safepoint     ] Total time for which application threads were stopped: 0.0024308 seconds, Stopping threads took: 0.0004489 seconds
[2023-10-19T20:39:20.317+0000][34.845s][debug][safepoint     ] Safepoint synchronization initiated. (41 threads)
[2023-10-19T20:39:20.318+0000][34.845s][info ][safepoint     ] Application time: 0.3104972 seconds
[2023-10-19T20:39:20.318+0000][34.846s][debug][safepoint     ] Waiting for 1 thread(s) to block
[2023-10-19T20:39:20.319+0000][34.846s][info ][safepoint     ] Entering safepoint region: ICBufferFull
[2023-10-19T20:39:20.319+0000][34.847s][info ][safepoint     ] Leaving safepoint region
[2023-10-19T20:39:20.320+0000][34.847s][info ][safepoint     ] Total time for which application threads were stopped: 0.0018041 seconds, Stopping threads took: 0.0009774 seconds
[2023-10-19T20:39:20.840+0000][35.368s][debug][safepoint     ] Safepoint synchronization initiated. (43 threads)
[2023-10-19T20:39:20.841+0000][35.368s][info ][safepoint     ] Application time: 0.5202141 seconds
[2023-10-19T20:39:20.841+0000][35.369s][debug][safepoint     ] Waiting for 1 thread(s) to block
[2023-10-19T20:39:20.842+0000][35.369s][info ][safepoint     ] Entering safepoint region: ICBufferFull
[2023-10-19T20:39:20.842+0000][35.370s][info ][safepoint     ] Leaving safepoint region
[2023-10-19T20:39:20.843+0000][35.370s][info ][safepoint     ] Total time for which application threads were stopped: 0.0017022 seconds, Stopping threads took: 0.0009560 seconds
[2023-10-19T20:39:21.208+0000][35.735s][debug][safepoint     ] Safepoint synchronization initiated. (43 threads)
[2023-10-19T20:39:21.208+0000][35.736s][info ][safepoint     ] Application time: 0.3650735 seconds
[2023-10-19T20:39:21.209+0000][35.736s][info ][safepoint     ] Entering safepoint region: G1CollectForAllocation
[2023-10-19T20:39:21.210+0000][35.737s][info ][gc,start      ] GC(43) Pause Young (Normal) (G1 Evacuation Pause)
[2023-10-19T20:39:21.210+0000][35.738s][info ][gc,task       ] GC(43) Using 8 workers of 8 for evacuation
[2023-10-19T20:39:21.251+0000][35.778s][info ][gc,phases     ] GC(43)   Pre Evacuate Collection Set: 0.0ms
[2023-10-19T20:39:21.251+0000][35.779s][info ][gc,phases     ] GC(43)   Evacuate Collection Set: 35.7ms
[2023-10-19T20:39:21.252+0000][35.779s][info ][gc,phases     ] GC(43)   Post Evacuate Collection Set: 4.2ms
[2023-10-19T20:39:21.252+0000][35.780s][info ][gc,phases     ] GC(43)   Other: 1.1ms
[2023-10-19T20:39:21.253+0000][35.780s][info ][gc,heap       ] GC(43) Eden regions: 226->0(231)
[2023-10-19T20:39:21.253+0000][35.781s][info ][gc,heap       ] GC(43) Survivor regions: 23->18(32)
[2023-10-19T20:39:21.254+0000][35.781s][info ][gc,heap       ] GC(43) Old regions: 66->76
[2023-10-19T20:39:21.254+0000][35.782s][info ][gc,heap       ] GC(43) Humongous regions: 0->0
[2023-10-19T20:39:21.255+0000][35.782s][info ][gc,metaspace  ] GC(43) Metaspace: 111501K(114512K)->111501K(114512K) NonClass: 98207K(100048K)->98207K(100048K) Class: 13294K(14464K)->13294K(14464K)
[2023-10-19T20:39:21.255+0000][35.783s][info ][gc            ] GC(43) Pause Young (Normal) (G1 Evacuation Pause) 312M->92M(415M) 45.664ms
[2023-10-19T20:39:21.256+0000][35.783s][info ][gc,cpu        ] GC(43) User=0.32s Sys=0.00s Real=0.05s
[2023-10-19T20:39:21.256+0000][35.784s][info ][safepoint     ] Leaving safepoint region
[2023-10-19T20:39:21.257+0000][35.784s][info ][safepoint     ] Total time for which application threads were stopped: 0.0478837 seconds, Stopping threads took: 0.0005055 seconds
[2023-10-19T20:39:21.257+0000][35.785s][info ][gc,stringdedup] Concurrent String Deduplication (35.785s)
[2023-10-19T20:39:21.268+0000][35.795s][info ][gc,stringdedup] Concurrent String Deduplication 569.2K->394.1K(175.0K) avg 49.5% (35.785s, 35.795s) 10.322ms
[2023-10-19T20:39:21.575+0000][36.103s][debug][safepoint     ] Safepoint synchronization initiated. (43 threads)
[2023-10-19T20:39:21.576+0000][36.103s][info ][safepoint     ] Application time: 0.3187352 seconds
[2023-10-19T20:39:21.576+0000][36.104s][info ][safepoint     ] Entering safepoint region: Deoptimize
[2023-10-19T20:39:21.579+0000][36.106s][info ][safepoint     ] Leaving safepoint region
[2023-10-19T20:39:21.579+0000][36.107s][info ][safepoint     ] Total time for which application threads were stopped: 0.0029487 seconds, Stopping threads took: 0.0007236 seconds
[2023-10-19T20:39:21.670+0000][36.198s][debug][safepoint     ] Safepoint synchronization initiated. (43 threads)
[2023-10-19T20:39:21.671+0000][36.198s][info ][safepoint     ] Application time: 0.0909250 seconds
[2023-10-19T20:39:21.671+0000][36.199s][info ][safepoint     ] Entering safepoint region: Deoptimize
[2023-10-19T20:39:21.673+0000][36.201s][info ][safepoint     ] Leaving safepoint region
[2023-10-19T20:39:21.674+0000][36.201s][info ][safepoint     ] Total time for which application threads were stopped: 0.0026107 seconds, Stopping threads took: 0.0004010 seconds
[2023-10-19T20:39:21.718+0000][36.246s][debug][safepoint     ] Safepoint synchronization initiated. (43 threads)
[2023-10-19T20:39:21.719+0000][36.246s][info ][safepoint     ] Application time: 0.0444317 seconds
[2023-10-19T20:39:21.719+0000][36.247s][info ][safepoint     ] Entering safepoint region: Deoptimize
[2023-10-19T20:39:21.721+0000][36.249s][info ][safepoint     ] Leaving safepoint region
[2023-10-19T20:39:21.722+0000][36.249s][info ][safepoint     ] Total time for which application threads were stopped: 0.0026743 seconds, Stopping threads took: 0.0004904 seconds
[2023-10-19T20:39:21.772+0000][36.300s][debug][safepoint     ] Safepoint synchronization initiated. (43 threads)
[2023-10-19T20:39:21.773+0000][36.300s][info ][safepoint     ] Application time: 0.0503629 seconds
[2023-10-19T20:39:21.773+0000][36.301s][info ][safepoint     ] Entering safepoint region: Deoptimize
[2023-10-19T20:39:21.776+0000][36.303s][info ][safepoint     ] Leaving safepoint region
[2023-10-19T20:39:21.776+0000][36.304s][info ][safepoint     ] Total time for which application threads were stopped: 0.0032305 seconds, Stopping threads took: 0.0004217 seconds
[2023-10-19T20:39:21.947+0000][36.474s][debug][safepoint     ] Safepoint synchronization initiated. (43 threads)
[2023-10-19T20:39:21.947+0000][36.475s][info ][safepoint     ] Application time: 0.1706310 seconds
[2023-10-19T20:39:21.948+0000][36.476s][info ][safepoint     ] Entering safepoint region: Deoptimize
[2023-10-19T20:39:21.950+0000][36.478s][info ][safepoint     ] Leaving safepoint region
[2023-10-19T20:39:21.950+0000][36.478s][info ][safepoint     ] Total time for which application threads were stopped: 0.0026344 seconds, Stopping threads took: 0.0003946 seconds
[2023-10-19T20:39:21.953+0000][36.480s][debug][safepoint     ] Safepoint synchronization initiated. (43 threads)
[2023-10-19T20:39:21.953+0000][36.481s][info ][safepoint     ] Application time: 0.0022546 seconds
[2023-10-19T20:39:21.954+0000][36.481s][info ][safepoint     ] Entering safepoint region: Deoptimize
[2023-10-19T20:39:21.956+0000][36.483s][info ][safepoint     ] Leaving safepoint region
[2023-10-19T20:39:21.956+0000][36.484s][info ][safepoint     ] Total time for which application threads were stopped: 0.0025663 seconds, Stopping threads took: 0.0004610 seconds
[2023-10-19T20:39:22.812+0000][37.340s][debug][safepoint     ] Safepoint synchronization initiated. (43 threads)
[2023-10-19T20:39:22.813+0000][37.341s][info ][safepoint     ] Application time: 0.8563708 seconds
[2023-10-19T20:39:22.814+0000][37.341s][info ][safepoint     ] Entering safepoint region: Deoptimize
[2023-10-19T20:39:22.816+0000][37.344s][info ][safepoint     ] Leaving safepoint region
[2023-10-19T20:39:22.817+0000][37.344s][info ][safepoint     ] Total time for which application threads were stopped: 0.0032132 seconds, Stopping threads took: 0.0005373 seconds
[2023-10-19T20:39:22.978+0000][37.506s][debug][safepoint     ] Safepoint synchronization initiated. (43 threads)
[2023-10-19T20:39:22.979+0000][37.506s][info ][safepoint     ] Application time: 0.1613889 seconds
[2023-10-19T20:39:22.979+0000][37.507s][info ][safepoint     ] Entering safepoint region: G1CollectForAllocation
[2023-10-19T20:39:22.980+0000][37.508s][info ][gc,start      ] GC(44) Pause Young (Normal) (G1 Evacuation Pause)
[2023-10-19T20:39:22.980+0000][37.508s][info ][gc,task       ] GC(44) Using 8 workers of 8 for evacuation
[2023-10-19T20:39:23.033+0000][37.561s][info ][gc,phases     ] GC(44)   Pre Evacuate Collection Set: 0.0ms
[2023-10-19T20:39:23.034+0000][37.561s][info ][gc,phases     ] GC(44)   Evacuate Collection Set: 46.2ms
[2023-10-19T20:39:23.034+0000][37.562s][info ][gc,phases     ] GC(44)   Post Evacuate Collection Set: 5.9ms
[2023-10-19T20:39:23.035+0000][37.562s][info ][gc,phases     ] GC(44)   Other: 1.1ms
[2023-10-19T20:39:23.035+0000][37.563s][info ][gc,heap       ] GC(44) Eden regions: 231->0(227)
[2023-10-19T20:39:23.036+0000][37.563s][info ][gc,heap       ] GC(44) Survivor regions: 18->22(32)
[2023-10-19T20:39:23.036+0000][37.564s][info ][gc,heap       ] GC(44) Old regions: 76->78
[2023-10-19T20:39:23.036+0000][37.564s][info ][gc,heap       ] GC(44) Humongous regions: 0->0
[2023-10-19T20:39:23.037+0000][37.565s][info ][gc,metaspace  ] GC(44) Metaspace: 121219K(124752K)->121219K(124752K) NonClass: 106762K(109008K)->106762K(109008K) Class: 14456K(15744K)->14456K(15744K)
[2023-10-19T20:39:23.037+0000][37.565s][info ][gc            ] GC(44) Pause Young (Normal) (G1 Evacuation Pause) 323M->98M(415M) 57.321ms
[2023-10-19T20:39:23.038+0000][37.565s][info ][gc,cpu        ] GC(44) User=0.36s Sys=0.00s Real=0.06s
[2023-10-19T20:39:23.038+0000][37.566s][info ][safepoint     ] Leaving safepoint region
[2023-10-19T20:39:23.039+0000][37.566s][info ][safepoint     ] Total time for which application threads were stopped: 0.0593553 seconds, Stopping threads took: 0.0004887 seconds
[2023-10-19T20:39:23.039+0000][37.567s][info ][gc,stringdedup] Concurrent String Deduplication (37.567s)
[2023-10-19T20:39:23.043+0000][37.571s][info ][gc,stringdedup] Concurrent String Deduplication 467.4K->151.4K(316.0K) avg 50.1% (37.567s, 37.571s) 3.891ms
[2023-10-19T20:39:23.185+0000][37.713s][debug][safepoint     ] Safepoint synchronization initiated. (42 threads)
[2023-10-19T20:39:23.186+0000][37.714s][info ][safepoint     ] Application time: 0.1469162 seconds
[2023-10-19T20:39:23.186+0000][37.714s][info ][safepoint     ] Entering safepoint region: Deoptimize
[2023-10-19T20:39:23.189+0000][37.716s][info ][safepoint     ] Leaving safepoint region
[2023-10-19T20:39:23.189+0000][37.717s][info ][safepoint     ] Total time for which application threads were stopped: 0.0028261 seconds, Stopping threads took: 0.0005384 seconds
[2023-10-19T20:39:24.190+0000][38.717s][debug][safepoint     ] Safepoint synchronization initiated. (44 threads)
[2023-10-19T20:39:24.190+0000][38.718s][info ][safepoint     ] Application time: 1.0007552 seconds
[2023-10-19T20:39:24.191+0000][38.719s][info ][safepoint     ] Entering safepoint region: Cleanup
[2023-10-19T20:39:24.192+0000][38.719s][info ][safepoint     ] Leaving safepoint region
[2023-10-19T20:39:24.192+0000][38.720s][info ][safepoint     ] Total time for which application threads were stopped: 0.0012649 seconds, Stopping threads took: 0.0004807 seconds
[2023-10-19T20:39:24.520+0000][39.047s][debug][safepoint     ] Safepoint synchronization initiated. (47 threads)
[2023-10-19T20:39:24.520+0000][39.048s][info ][safepoint     ] Application time: 0.3276001 seconds
[2023-10-19T20:39:24.521+0000][39.048s][info ][safepoint     ] Entering safepoint region: G1CollectForAllocation
[2023-10-19T20:39:24.521+0000][39.049s][info ][gc,start      ] GC(45) Pause Young (Normal) (G1 Evacuation Pause)
[2023-10-19T20:39:24.522+0000][39.050s][info ][gc,task       ] GC(45) Using 8 workers of 8 for evacuation
[2023-10-19T20:39:24.563+0000][39.090s][info ][gc,phases     ] GC(45)   Pre Evacuate Collection Set: 0.0ms
[2023-10-19T20:39:24.563+0000][39.091s][info ][gc,phases     ] GC(45)   Evacuate Collection Set: 36.0ms
[2023-10-19T20:39:24.564+0000][39.091s][info ][gc,phases     ] GC(45)   Post Evacuate Collection Set: 4.3ms
[2023-10-19T20:39:24.564+0000][39.092s][info ][gc,phases     ] GC(45)   Other: 1.1ms
[2023-10-19T20:39:24.565+0000][39.092s][info ][gc,heap       ] GC(45) Eden regions: 227->0(224)
[2023-10-19T20:39:24.565+0000][39.093s][info ][gc,heap       ] GC(45) Survivor regions: 22->25(32)
[2023-10-19T20:39:24.566+0000][39.093s][info ][gc,heap       ] GC(45) Old regions: 78->83
[2023-10-19T20:39:24.566+0000][39.094s][info ][gc,heap       ] GC(45) Humongous regions: 0->0
[2023-10-19T20:39:24.566+0000][39.094s][info ][gc,metaspace  ] GC(45) Metaspace: 127253K(130896K)->127253K(130896K) NonClass: 112365K(114640K)->112365K(114640K) Class: 14887K(16256K)->14887K(16256K)
[2023-10-19T20:39:24.567+0000][39.095s][info ][gc            ] GC(45) Pause Young (Normal) (G1 Evacuation Pause) 325M->105M(415M) 45.500ms
[2023-10-19T20:39:24.567+0000][39.095s][info ][gc,cpu        ] GC(45) User=0.31s Sys=0.01s Real=0.05s
[2023-10-19T20:39:24.568+0000][39.095s][info ][safepoint     ] Leaving safepoint region
[2023-10-19T20:39:24.568+0000][39.096s][info ][safepoint     ] Total time for which application threads were stopped: 0.0475334 seconds, Stopping threads took: 0.0004736 seconds
[2023-10-19T20:39:24.569+0000][39.096s][info ][gc,stringdedup] Concurrent String Deduplication (39.096s)
[2023-10-19T20:39:24.574+0000][39.102s][info ][gc,stringdedup] Concurrent String Deduplication 560.3K->180.2K(380.1K) avg 50.8% (39.096s, 39.102s) 5.765ms
[2023-10-19T20:39:24.921+0000][39.448s][debug][safepoint     ] Safepoint synchronization initiated. (48 threads)
[2023-10-19T20:39:24.922+0000][39.449s][info ][safepoint     ] Application time: 0.3530624 seconds
[2023-10-19T20:39:24.922+0000][39.450s][info ][safepoint     ] Entering safepoint region: Deoptimize
[2023-10-19T20:39:24.924+0000][39.452s][info ][safepoint     ] Leaving safepoint region
[2023-10-19T20:39:24.925+0000][39.452s][info ][safepoint     ] Total time for which application threads were stopped: 0.0027222 seconds, Stopping threads took: 0.0004331 seconds
[2023-10-19T20:39:25.685+0000][40.212s][debug][safepoint     ] Safepoint synchronization initiated. (54 threads)
[2023-10-19T20:39:25.685+0000][40.213s][info ][safepoint     ] Application time: 0.7600714 seconds
[2023-10-19T20:39:25.686+0000][40.214s][info ][safepoint     ] Entering safepoint region: ICBufferFull
[2023-10-19T20:39:25.687+0000][40.214s][info ][safepoint     ] Leaving safepoint region
[2023-10-19T20:39:25.687+0000][40.215s][info ][safepoint     ] Total time for which application threads were stopped: 0.0014270 seconds, Stopping threads took: 0.0005490 seconds
[2023-10-19T20:39:25.948+0000][40.476s][debug][safepoint     ] Safepoint synchronization initiated. (54 threads)
[2023-10-19T20:39:25.949+0000][40.477s][info ][safepoint     ] Application time: 0.2613017 seconds
[2023-10-19T20:39:25.950+0000][40.477s][debug][safepoint     ] Waiting for 1 thread(s) to block
[2023-10-19T20:39:25.950+0000][40.478s][info ][safepoint     ] Entering safepoint region: ICBufferFull
[2023-10-19T20:39:25.951+0000][40.479s][info ][safepoint     ] Leaving safepoint region
[2023-10-19T20:39:25.951+0000][40.479s][info ][safepoint     ] Total time for which application threads were stopped: 0.0017470 seconds, Stopping threads took: 0.0010266 seconds
[2023-10-19T20:39:26.053+0000][40.580s][debug][safepoint     ] Safepoint synchronization initiated. (54 threads)
[2023-10-19T20:39:26.053+0000][40.581s][info ][safepoint     ] Application time: 0.1015714 seconds
[2023-10-19T20:39:26.054+0000][40.582s][info ][safepoint     ] Entering safepoint region: Deoptimize
[2023-10-19T20:39:26.056+0000][40.584s][info ][safepoint     ] Leaving safepoint region
[2023-10-19T20:39:26.057+0000][40.584s][info ][safepoint     ] Total time for which application threads were stopped: 0.0027560 seconds, Stopping threads took: 0.0006127 seconds
[2023-10-19T20:39:26.388+0000][40.916s][debug][safepoint     ] Safepoint synchronization initiated. (66 threads)
[2023-10-19T20:39:26.389+0000][40.917s][info ][safepoint     ] Application time: 0.3319379 seconds
[2023-10-19T20:39:26.390+0000][40.917s][info ][safepoint     ] Entering safepoint region: G1CollectForAllocation
[2023-10-19T20:39:26.390+0000][40.918s][info ][gc,start      ] GC(46) Pause Young (Normal) (G1 Evacuation Pause)
[2023-10-19T20:39:26.391+0000][40.918s][info ][gc,task       ] GC(46) Using 8 workers of 8 for evacuation
[2023-10-19T20:39:26.445+0000][40.973s][info ][gc,phases     ] GC(46)   Pre Evacuate Collection Set: 0.0ms
[2023-10-19T20:39:26.446+0000][40.973s][info ][gc,phases     ] GC(46)   Evacuate Collection Set: 47.7ms
[2023-10-19T20:39:26.446+0000][40.974s][info ][gc,phases     ] GC(46)   Post Evacuate Collection Set: 5.9ms
[2023-10-19T20:39:26.447+0000][40.974s][info ][gc,phases     ] GC(46)   Other: 1.2ms
[2023-10-19T20:39:26.447+0000][40.975s][info ][gc,heap       ] GC(46) Eden regions: 224->0(229)
[2023-10-19T20:39:26.448+0000][40.975s][info ][gc,heap       ] GC(46) Survivor regions: 25->20(32)
[2023-10-19T20:39:26.448+0000][40.976s][info ][gc,heap       ] GC(46) Old regions: 83->93
[2023-10-19T20:39:26.449+0000][40.976s][info ][gc,heap       ] GC(46) Humongous regions: 0->0
[2023-10-19T20:39:26.449+0000][40.977s][info ][gc,metaspace  ] GC(46) Metaspace: 135388K(139216K)->135388K(139216K) NonClass: 119622K(122064K)->119622K(122064K) Class: 15765K(17152K)->15765K(17152K)
[2023-10-19T20:39:26.450+0000][40.977s][info ][gc            ] GC(46) Pause Young (Normal) (G1 Evacuation Pause) 329M->110M(415M) 59.329ms
[2023-10-19T20:39:26.450+0000][40.978s][info ][gc,cpu        ] GC(46) User=0.38s Sys=0.03s Real=0.06s
[2023-10-19T20:39:26.451+0000][40.978s][info ][safepoint     ] Leaving safepoint region
[2023-10-19T20:39:26.451+0000][40.979s][info ][safepoint     ] Total time for which application threads were stopped: 0.0614445 seconds, Stopping threads took: 0.0004739 seconds
[2023-10-19T20:39:26.452+0000][40.979s][info ][gc,stringdedup] Concurrent String Deduplication (40.979s)
[2023-10-19T20:39:26.459+0000][40.986s][info ][gc,stringdedup] Concurrent String Deduplication 312.0K->120.7K(191.3K) avg 51.0% (40.979s, 40.986s) 7.167ms
[2023-10-19T20:39:27.040+0000][41.568s][debug][safepoint     ] Safepoint synchronization initiated. (66 threads)
[2023-10-19T20:39:27.041+0000][41.568s][info ][safepoint     ] Application time: 0.5893531 seconds
[2023-10-19T20:39:27.042+0000][41.569s][info ][safepoint     ] Entering safepoint region: Deoptimize
[2023-10-19T20:39:27.044+0000][41.572s][info ][safepoint     ] Leaving safepoint region
[2023-10-19T20:39:27.045+0000][41.573s][info ][safepoint     ] Total time for which application threads were stopped: 0.0034381 seconds, Stopping threads took: 0.0009317 seconds
[2023-10-19T20:39:27.046+0000][41.573s][debug][safepoint     ] Safepoint synchronization initiated. (66 threads)
[2023-10-19T20:39:27.046+0000][41.574s][info ][safepoint     ] Application time: 0.0008592 seconds
[2023-10-19T20:39:27.047+0000][41.574s][info ][safepoint     ] Entering safepoint region: Deoptimize
[2023-10-19T20:39:27.049+0000][41.577s][info ][safepoint     ] Leaving safepoint region
[2023-10-19T20:39:27.050+0000][41.577s][info ][safepoint     ] Total time for which application threads were stopped: 0.0028524 seconds, Stopping threads took: 0.0005020 seconds
[2023-10-19T20:39:27.052+0000][41.579s][debug][safepoint     ] Safepoint synchronization initiated. (66 threads)
[2023-10-19T20:39:27.052+0000][41.580s][info ][safepoint     ] Application time: 0.0022295 seconds
[2023-10-19T20:39:27.053+0000][41.580s][info ][safepoint     ] Entering safepoint region: Deoptimize
[2023-10-19T20:39:27.055+0000][41.583s][info ][safepoint     ] Leaving safepoint region
[2023-10-19T20:39:27.056+0000][41.583s][info ][safepoint     ] Total time for which application threads were stopped: 0.0029367 seconds, Stopping threads took: 0.0004561 seconds
[2023-10-19T20:39:27.085+0000][41.613s][debug][safepoint     ] Safepoint synchronization initiated. (66 threads)
[2023-10-19T20:39:27.086+0000][41.613s][info ][safepoint     ] Application time: 0.0294951 seconds
[2023-10-19T20:39:27.086+0000][41.614s][info ][safepoint     ] Entering safepoint region: Deoptimize
[2023-10-19T20:39:27.089+0000][41.616s][info ][safepoint     ] Leaving safepoint region
[2023-10-19T20:39:27.089+0000][41.617s][info ][safepoint     ] Total time for which application threads were stopped: 0.0028101 seconds, Stopping threads took: 0.0004539 seconds
[2023-10-19T20:39:27.331+0000][41.859s][debug][safepoint     ] Safepoint synchronization initiated. (66 threads)
[2023-10-19T20:39:27.332+0000][41.860s][info ][safepoint     ] Application time: 0.2425960 seconds
[2023-10-19T20:39:27.333+0000][41.860s][info ][safepoint     ] Entering safepoint region: Deoptimize
[2023-10-19T20:39:27.335+0000][41.863s][info ][safepoint     ] Leaving safepoint region
[2023-10-19T20:39:27.336+0000][41.864s][info ][safepoint     ] Total time for which application threads were stopped: 0.0031800 seconds, Stopping threads took: 0.0005034 seconds
[2023-10-19T20:39:27.881+0000][42.409s][debug][safepoint     ] Safepoint synchronization initiated. (66 threads)
[2023-10-19T20:39:27.882+0000][42.409s][info ][safepoint     ] Application time: 0.5451987 seconds
[2023-10-19T20:39:27.882+0000][42.410s][info ][safepoint     ] Entering safepoint region: G1CollectForAllocation
[2023-10-19T20:39:27.883+0000][42.411s][info ][gc,start      ] GC(47) Pause Young (Normal) (G1 Evacuation Pause)
[2023-10-19T20:39:27.884+0000][42.411s][info ][gc,task       ] GC(47) Using 8 workers of 8 for evacuation
[2023-10-19T20:39:27.912+0000][42.439s][info ][gc,phases     ] GC(47)   Pre Evacuate Collection Set: 0.0ms
[2023-10-19T20:39:27.912+0000][42.440s][info ][gc,phases     ] GC(47)   Evacuate Collection Set: 23.8ms
[2023-10-19T20:39:27.913+0000][42.440s][info ][gc,phases     ] GC(47)   Post Evacuate Collection Set: 3.7ms
[2023-10-19T20:39:27.913+0000][42.441s][info ][gc,phases     ] GC(47)   Other: 1.2ms
[2023-10-19T20:39:27.913+0000][42.441s][info ][gc,heap       ] GC(47) Eden regions: 229->0(230)
[2023-10-19T20:39:27.914+0000][42.442s][info ][gc,heap       ] GC(47) Survivor regions: 20->19(32)
[2023-10-19T20:39:27.914+0000][42.442s][info ][gc,heap       ] GC(47) Old regions: 93->98
[2023-10-19T20:39:27.915+0000][42.442s][info ][gc,heap       ] GC(47) Humongous regions: 0->0
[2023-10-19T20:39:27.915+0000][42.443s][info ][gc,metaspace  ] GC(47) Metaspace: 137881K(141648K)->137881K(141648K) NonClass: 121799K(124112K)->121799K(124112K) Class: 16081K(17536K)->16081K(17536K)
[2023-10-19T20:39:27.916+0000][42.443s][info ][gc            ] GC(47) Pause Young (Normal) (G1 Evacuation Pause) 339M->115M(415M) 32.546ms
[2023-10-19T20:39:27.916+0000][42.444s][info ][gc,cpu        ] GC(47) User=0.25s Sys=0.00s Real=0.04s
[2023-10-19T20:39:27.916+0000][42.444s][info ][safepoint     ] Leaving safepoint region
[2023-10-19T20:39:27.917+0000][42.444s][info ][safepoint     ] Total time for which application threads were stopped: 0.0346166 seconds, Stopping threads took: 0.0005145 seconds
[2023-10-19T20:39:27.917+0000][42.445s][info ][gc,stringdedup] Concurrent String Deduplication (42.445s)
[2023-10-19T20:39:27.922+0000][42.450s][info ][gc,stringdedup] Concurrent String Deduplication 497.7K->70872.0B(428.5K) avg 52.1% (42.445s, 42.450s) 5.114ms
[2023-10-19T20:39:28.325+0000][42.853s][debug][safepoint     ] Safepoint synchronization initiated. (66 threads)
[2023-10-19T20:39:28.326+0000][42.853s][info ][safepoint     ] Application time: 0.4084945 seconds
[2023-10-19T20:39:28.326+0000][42.854s][info ][safepoint     ] Entering safepoint region: Deoptimize
[2023-10-19T20:39:28.329+0000][42.856s][info ][safepoint     ] Leaving safepoint region
[2023-10-19T20:39:28.329+0000][42.857s][info ][safepoint     ] Total time for which application threads were stopped: 0.0029023 seconds, Stopping threads took: 0.0005085 seconds
[2023-10-19T20:39:28.805+0000][43.332s][debug][safepoint     ] Safepoint synchronization initiated. (67 threads)
[2023-10-19T20:39:28.805+0000][43.333s][info ][safepoint     ] Application time: 0.4758159 seconds
[2023-10-19T20:39:28.806+0000][43.334s][info ][safepoint     ] Entering safepoint region: Deoptimize
[2023-10-19T20:39:28.808+0000][43.336s][info ][safepoint     ] Leaving safepoint region
[2023-10-19T20:39:28.809+0000][43.337s][info ][safepoint     ] Total time for which application threads were stopped: 0.0029044 seconds, Stopping threads took: 0.0004972 seconds
[2023-10-19T20:39:28.876+0000][43.404s][debug][safepoint     ] Safepoint synchronization initiated. (67 threads)
[2023-10-19T20:39:28.877+0000][43.404s][info ][safepoint     ] Application time: 0.0674964 seconds
[2023-10-19T20:39:28.877+0000][43.405s][info ][safepoint     ] Entering safepoint region: Deoptimize
[2023-10-19T20:39:28.880+0000][43.407s][info ][safepoint     ] Leaving safepoint region
[2023-10-19T20:39:28.880+0000][43.408s][info ][safepoint     ] Total time for which application threads were stopped: 0.0027749 seconds, Stopping threads took: 0.0005361 seconds
[2023-10-19T20:39:29.044+0000][43.572s][debug][safepoint     ] Safepoint synchronization initiated. (67 threads)
[2023-10-19T20:39:29.045+0000][43.572s][info ][safepoint     ] Application time: 0.1640140 seconds
[2023-10-19T20:39:29.045+0000][43.573s][debug][safepoint     ] Waiting for 1 thread(s) to block
[2023-10-19T20:39:29.046+0000][43.573s][info ][safepoint     ] Entering safepoint region: G1CollectForAllocation
[2023-10-19T20:39:29.046+0000][43.574s][info ][gc,start      ] GC(48) Pause Young (Normal) (G1 Evacuation Pause)
[2023-10-19T20:39:29.047+0000][43.574s][info ][gc,task       ] GC(48) Using 8 workers of 8 for evacuation
[2023-10-19T20:39:29.090+0000][43.617s][info ][gc,phases     ] GC(48)   Pre Evacuate Collection Set: 0.0ms
[2023-10-19T20:39:29.090+0000][43.618s][info ][gc,phases     ] GC(48)   Evacuate Collection Set: 38.9ms
[2023-10-19T20:39:29.091+0000][43.619s][info ][gc,phases     ] GC(48)   Post Evacuate Collection Set: 3.8ms
[2023-10-19T20:39:29.091+0000][43.619s][info ][gc,phases     ] GC(48)   Other: 1.0ms
[2023-10-19T20:39:29.092+0000][43.619s][info ][gc,heap       ] GC(48) Eden regions: 230->0(232)
[2023-10-19T20:39:29.092+0000][43.620s][info ][gc,heap       ] GC(48) Survivor regions: 19->14(32)
[2023-10-19T20:39:29.093+0000][43.620s][info ][gc,heap       ] GC(48) Old regions: 98->107
[2023-10-19T20:39:29.093+0000][43.621s][info ][gc,heap       ] GC(48) Humongous regions: 0->0
[2023-10-19T20:39:29.094+0000][43.621s][info ][gc,metaspace  ] GC(48) Metaspace: 140240K(144080K)->140240K(144080K) NonClass: 123805K(126160K)->123805K(126160K) Class: 16434K(17920K)->16434K(17920K)
[2023-10-19T20:39:29.094+0000][43.622s][info ][gc            ] GC(48) Pause Young (Normal) (G1 Evacuation Pause) 345M->118M(415M) 48.158ms
[2023-10-19T20:39:29.095+0000][43.622s][info ][gc,cpu        ] GC(48) User=0.31s Sys=0.01s Real=0.05s
[2023-10-19T20:39:29.095+0000][43.623s][info ][safepoint     ] Leaving safepoint region
[2023-10-19T20:39:29.096+0000][43.623s][info ][safepoint     ] Total time for which application threads were stopped: 0.0506130 seconds, Stopping threads took: 0.0009605 seconds
[2023-10-19T20:39:29.096+0000][43.624s][info ][gc,stringdedup] Concurrent String Deduplication (43.624s)
[2023-10-19T20:39:29.101+0000][43.629s][info ][gc,stringdedup] Concurrent String Deduplication 414.3K->159.7K(254.7K) avg 52.3% (43.624s, 43.629s) 4.935ms
[2023-10-19T20:39:29.941+0000][44.469s][debug][safepoint     ] Safepoint synchronization initiated. (76 threads)
[2023-10-19T20:39:29.942+0000][44.470s][info ][safepoint     ] Application time: 0.8458577 seconds
[2023-10-19T20:39:29.942+0000][44.470s][info ][safepoint     ] Entering safepoint region: Deoptimize
[2023-10-19T20:39:29.945+0000][44.473s][info ][safepoint     ] Leaving safepoint region
[2023-10-19T20:39:29.945+0000][44.473s][info ][safepoint     ] Total time for which application threads were stopped: 0.0030691 seconds, Stopping threads took: 0.0004718 seconds
[2023-10-19T20:39:30.242+0000][44.770s][debug][safepoint     ] Safepoint synchronization initiated. (88 threads)
[2023-10-19T20:39:30.243+0000][44.771s][info ][safepoint     ] Application time: 0.2970161 seconds
[2023-10-19T20:39:30.243+0000][44.771s][info ][safepoint     ] Entering safepoint region: G1CollectForAllocation
[2023-10-19T20:39:30.244+0000][44.772s][info ][gc,start      ] GC(49) Pause Young (Normal) (G1 Evacuation Pause)
[2023-10-19T20:39:30.245+0000][44.772s][info ][gc,task       ] GC(49) Using 8 workers of 8 for evacuation
[2023-10-19T20:39:30.270+0000][44.798s][info ][gc,phases     ] GC(49)   Pre Evacuate Collection Set: 0.0ms
[2023-10-19T20:39:30.271+0000][44.799s][info ][gc,phases     ] GC(49)   Evacuate Collection Set: 20.1ms
[2023-10-19T20:39:30.271+0000][44.799s][info ][gc,phases     ] GC(49)   Post Evacuate Collection Set: 4.8ms
[2023-10-19T20:39:30.272+0000][44.799s][info ][gc,phases     ] GC(49)   Other: 1.1ms
[2023-10-19T20:39:30.272+0000][44.800s][info ][gc,heap       ] GC(49) Eden regions: 232->0(226)
[2023-10-19T20:39:30.273+0000][44.800s][info ][gc,heap       ] GC(49) Survivor regions: 14->20(31)
[2023-10-19T20:39:30.273+0000][44.801s][info ][gc,heap       ] GC(49) Old regions: 107->107
[2023-10-19T20:39:30.273+0000][44.801s][info ][gc,heap       ] GC(49) Humongous regions: 0->0
[2023-10-19T20:39:30.274+0000][44.801s][info ][gc,metaspace  ] GC(49) Metaspace: 143130K(147024K)->143130K(147024K) NonClass: 126308K(128720K)->126308K(128720K) Class: 16821K(18304K)->16821K(18304K)
[2023-10-19T20:39:30.274+0000][44.802s][info ][gc            ] GC(49) Pause Young (Normal) (G1 Evacuation Pause) 350M->124M(415M) 29.978ms
[2023-10-19T20:39:30.275+0000][44.802s][info ][gc,cpu        ] GC(49) User=0.18s Sys=0.00s Real=0.03s
[2023-10-19T20:39:30.275+0000][44.803s][info ][safepoint     ] Leaving safepoint region
[2023-10-19T20:39:30.276+0000][44.803s][info ][safepoint     ] Total time for which application threads were stopped: 0.0320959 seconds, Stopping threads took: 0.0005326 seconds
[2023-10-19T20:39:30.276+0000][44.804s][info ][gc,stringdedup] Concurrent String Deduplication (44.804s)
[2023-10-19T20:39:30.280+0000][44.808s][info ][gc,stringdedup] Concurrent String Deduplication 368.2K->204.4K(163.8K) avg 52.1% (44.804s, 44.808s) 4.309ms
[2023-10-19T20:39:30.805+0000][45.333s][debug][safepoint     ] Safepoint synchronization initiated. (88 threads)
[2023-10-19T20:39:30.806+0000][45.333s][info ][safepoint     ] Application time: 0.5297152 seconds
[2023-10-19T20:39:30.806+0000][45.334s][info ][safepoint     ] Entering safepoint region: ICBufferFull
[2023-10-19T20:39:30.807+0000][45.335s][info ][safepoint     ] Leaving safepoint region
[2023-10-19T20:39:30.808+0000][45.335s][info ][safepoint     ] Total time for which application threads were stopped: 0.0013798 seconds, Stopping threads took: 0.0005547 seconds
[2023-10-19T20:39:31.443+0000][45.971s][debug][safepoint     ] Safepoint synchronization initiated. (88 threads)
[2023-10-19T20:39:31.444+0000][45.972s][info ][safepoint     ] Application time: 0.6359758 seconds
[2023-10-19T20:39:31.445+0000][45.972s][info ][safepoint     ] Entering safepoint region: ICBufferFull
[2023-10-19T20:39:31.445+0000][45.973s][info ][safepoint     ] Leaving safepoint region
[2023-10-19T20:39:31.446+0000][45.974s][info ][safepoint     ] Total time for which application threads were stopped: 0.0013613 seconds, Stopping threads took: 0.0005211 seconds
[2023-10-19T20:39:31.637+0000][46.164s][debug][safepoint     ] Safepoint synchronization initiated. (88 threads)
[2023-10-19T20:39:31.637+0000][46.165s][info ][safepoint     ] Application time: 0.1909468 seconds
[2023-10-19T20:39:31.638+0000][46.166s][debug][safepoint     ] ... found polling page return exception at pc = 0x00007fbdaae27528, stub =0x00007fbda8840600
[2023-10-19T20:39:31.639+0000][46.166s][debug][safepoint     ] Waiting for 1 thread(s) to block
[2023-10-19T20:39:31.639+0000][46.167s][info ][safepoint     ] Entering safepoint region: ICBufferFull
[2023-10-19T20:39:31.640+0000][46.168s][info ][safepoint     ] Leaving safepoint region
[2023-10-19T20:39:31.640+0000][46.168s][info ][safepoint     ] Total time for which application threads were stopped: 0.0024816 seconds, Stopping threads took: 0.0016375 seconds
[2023-10-19T20:39:31.861+0000][46.388s][debug][safepoint     ] Safepoint synchronization initiated. (88 threads)
[2023-10-19T20:39:31.861+0000][46.389s][info ][safepoint     ] Application time: 0.2203593 seconds
[2023-10-19T20:39:31.862+0000][46.389s][debug][safepoint     ] Waiting for 1 thread(s) to block
[2023-10-19T20:39:31.862+0000][46.390s][info ][safepoint     ] Entering safepoint region: ICBufferFull
[2023-10-19T20:39:31.863+0000][46.391s][info ][safepoint     ] Leaving safepoint region
[2023-10-19T20:39:31.864+0000][46.392s][info ][safepoint     ] Total time for which application threads were stopped: 0.0021851 seconds, Stopping threads took: 0.0011718 seconds
[2023-10-19T20:39:32.011+0000][46.538s][debug][safepoint     ] Safepoint synchronization initiated. (88 threads)
[2023-10-19T20:39:32.011+0000][46.539s][info ][safepoint     ] Application time: 0.1466167 seconds
[2023-10-19T20:39:32.012+0000][46.539s][info ][safepoint     ] Entering safepoint region: G1CollectForAllocation
[2023-10-19T20:39:32.012+0000][46.540s][info ][gc,start      ] GC(50) Pause Young (Normal) (G1 Evacuation Pause)
[2023-10-19T20:39:32.013+0000][46.541s][info ][gc,task       ] GC(50) Using 8 workers of 8 for evacuation
[2023-10-19T20:39:32.054+0000][46.582s][info ][gc,phases     ] GC(50)   Pre Evacuate Collection Set: 0.0ms
[2023-10-19T20:39:32.055+0000][46.582s][info ][gc,phases     ] GC(50)   Evacuate Collection Set: 36.4ms
[2023-10-19T20:39:32.055+0000][46.583s][info ][gc,phases     ] GC(50)   Post Evacuate Collection Set: 4.1ms
[2023-10-19T20:39:32.056+0000][46.583s][info ][gc,phases     ] GC(50)   Other: 1.1ms
[2023-10-19T20:39:32.056+0000][46.584s][info ][gc,heap       ] GC(50) Eden regions: 226->0(220)
[2023-10-19T20:39:32.057+0000][46.584s][info ][gc,heap       ] GC(50) Survivor regions: 20->21(31)
[2023-10-19T20:39:32.057+0000][46.585s][info ][gc,heap       ] GC(50) Old regions: 107->111
[2023-10-19T20:39:32.059+0000][46.586s][info ][gc,heap       ] GC(50) Humongous regions: 0->0
[2023-10-19T20:39:32.059+0000][46.587s][info ][gc,metaspace  ] GC(50) Metaspace: 145414K(149840K)->145414K(149840K) NonClass: 128307K(131024K)->128307K(131024K) Class: 17106K(18816K)->17106K(18816K)
[2023-10-19T20:39:32.060+0000][46.587s][info ][gc            ] GC(50) Pause Young (Normal) (G1 Evacuation Pause) 350M->130M(415M) 47.368ms
[2023-10-19T20:39:32.060+0000][46.588s][info ][gc,cpu        ] GC(50) User=0.32s Sys=0.00s Real=0.05s
[2023-10-19T20:39:32.061+0000][46.588s][info ][safepoint     ] Leaving safepoint region
[2023-10-19T20:39:32.061+0000][46.589s][info ][safepoint     ] Total time for which application threads were stopped: 0.0497047 seconds, Stopping threads took: 0.0005001 seconds
[2023-10-19T20:39:32.062+0000][46.589s][info ][gc,stringdedup] Concurrent String Deduplication (46.589s)
[2023-10-19T20:39:32.066+0000][46.593s][info ][gc,stringdedup] Concurrent String Deduplication 245.2K->102016.0B(145.6K) avg 52.2% (46.589s, 46.593s) 3.760ms
[2023-10-19T20:39:32.858+0000][47.386s][debug][safepoint     ] Safepoint synchronization initiated. (88 threads)
[2023-10-19T20:39:32.859+0000][47.387s][info ][safepoint     ] Application time: 0.7971471 seconds
[2023-10-19T20:39:32.859+0000][47.387s][info ][safepoint     ] Entering safepoint region: ICBufferFull
[2023-10-19T20:39:32.860+0000][47.388s][info ][safepoint     ] Leaving safepoint region
[2023-10-19T20:39:32.861+0000][47.389s][info ][safepoint     ] Total time for which application threads were stopped: 0.0014238 seconds, Stopping threads took: 0.0005636 seconds
[2023-10-19T20:39:33.095+0000][47.623s][debug][safepoint     ] Safepoint synchronization initiated. (88 threads)
[2023-10-19T20:39:33.096+0000][47.624s][info ][safepoint     ] Application time: 0.2348447 seconds
[2023-10-19T20:39:33.097+0000][47.624s][debug][safepoint     ] ... found polling page return exception at pc = 0x00007fbdb0a0bde7, stub =0x00007fbda8840600
[2023-10-19T20:39:33.097+0000][47.625s][debug][safepoint     ] Waiting for 2 thread(s) to block
[2023-10-19T20:39:33.098+0000][47.626s][info ][safepoint     ] Entering safepoint region: G1CollectForAllocation
[2023-10-19T20:39:33.099+0000][47.626s][info ][gc,start      ] GC(51) Pause Young (Normal) (G1 Evacuation Pause)
[2023-10-19T20:39:33.099+0000][47.627s][info ][gc,task       ] GC(51) Using 8 workers of 8 for evacuation
[2023-10-19T20:39:33.138+0000][47.666s][info ][gc,phases     ] GC(51)   Pre Evacuate Collection Set: 0.0ms
[2023-10-19T20:39:33.139+0000][47.666s][info ][gc,phases     ] GC(51)   Evacuate Collection Set: 33.2ms
[2023-10-19T20:39:33.139+0000][47.667s][info ][gc,phases     ] GC(51)   Post Evacuate Collection Set: 4.9ms
[2023-10-19T20:39:33.140+0000][47.667s][info ][gc,phases     ] GC(51)   Other: 1.2ms
[2023-10-19T20:39:33.140+0000][47.668s][info ][gc,heap       ] GC(51) Eden regions: 220->0(215)
[2023-10-19T20:39:33.141+0000][47.668s][info ][gc,heap       ] GC(51) Survivor regions: 21->21(31)
[2023-10-19T20:39:33.141+0000][47.669s][info ][gc,heap       ] GC(51) Old regions: 111->116
[2023-10-19T20:39:33.142+0000][47.669s][info ][gc,heap       ] GC(51) Humongous regions: 0->0
[2023-10-19T20:39:33.142+0000][47.670s][info ][gc,metaspace  ] GC(51) Metaspace: 145986K(150480K)->145986K(150480K) NonClass: 128823K(131536K)->128823K(131536K) Class: 17163K(18944K)->17163K(18944K)
[2023-10-19T20:39:33.143+0000][47.670s][info ][gc            ] GC(51) Pause Young (Normal) (G1 Evacuation Pause) 350M->134M(415M) 43.819ms
[2023-10-19T20:39:33.143+0000][47.671s][info ][gc,cpu        ] GC(51) User=0.29s Sys=0.01s Real=0.04s
[2023-10-19T20:39:33.144+0000][47.671s][info ][safepoint     ] Leaving safepoint region
[2023-10-19T20:39:33.144+0000][47.672s][info ][safepoint     ] Total time for which application threads were stopped: 0.0473606 seconds, Stopping threads took: 0.0016533 seconds
[2023-10-19T20:39:33.145+0000][47.672s][info ][gc,stringdedup] Concurrent String Deduplication (47.672s)
[2023-10-19T20:39:33.150+0000][47.678s][info ][gc,stringdedup] Concurrent String Deduplication 549.7K->110.3K(439.4K) avg 53.1% (47.672s, 47.678s) 5.397ms
[2023-10-19T20:39:33.975+0000][48.503s][debug][safepoint     ] Safepoint synchronization initiated. (88 threads)
[2023-10-19T20:39:33.976+0000][48.503s][info ][safepoint     ] Application time: 0.8310380 seconds
[2023-10-19T20:39:33.976+0000][48.504s][info ][safepoint     ] Entering safepoint region: G1CollectForAllocation
[2023-10-19T20:39:33.977+0000][48.505s][info ][gc,start      ] GC(52) Pause Young (Normal) (G1 Evacuation Pause)
[2023-10-19T20:39:33.978+0000][48.505s][info ][gc,task       ] GC(52) Using 8 workers of 8 for evacuation
[2023-10-19T20:39:34.017+0000][48.544s][info ][gc,phases     ] GC(52)   Pre Evacuate Collection Set: 0.0ms
[2023-10-19T20:39:34.017+0000][48.545s][info ][gc,phases     ] GC(52)   Evacuate Collection Set: 33.6ms
[2023-10-19T20:39:34.018+0000][48.546s][info ][gc,phases     ] GC(52)   Post Evacuate Collection Set: 4.8ms
[2023-10-19T20:39:34.018+0000][48.546s][info ][gc,phases     ] GC(52)   Other: 1.2ms
[2023-10-19T20:39:34.019+0000][48.546s][info ][gc,heap       ] GC(52) Eden regions: 215->0(218)
[2023-10-19T20:39:34.019+0000][48.547s][info ][gc,heap       ] GC(52) Survivor regions: 21->14(30)
[2023-10-19T20:39:34.020+0000][48.547s][info ][gc,heap       ] GC(52) Old regions: 116->126
[2023-10-19T20:39:34.020+0000][48.548s][info ][gc,heap       ] GC(52) Humongous regions: 0->0
[2023-10-19T20:39:34.021+0000][48.548s][info ][gc,metaspace  ] GC(52) Metaspace: 146208K(150736K)->146208K(150736K) NonClass: 129024K(131792K)->129024K(131792K) Class: 17184K(18944K)->17184K(18944K)
[2023-10-19T20:39:34.021+0000][48.549s][info ][gc            ] GC(52) Pause Young (Normal) (G1 Evacuation Pause) 349M->137M(415M) 44.245ms
[2023-10-19T20:39:34.022+0000][48.549s][info ][gc,cpu        ] GC(52) User=0.30s Sys=0.00s Real=0.04s
[2023-10-19T20:39:34.022+0000][48.550s][info ][safepoint     ] Leaving safepoint region
[2023-10-19T20:39:34.023+0000][48.550s][info ][safepoint     ] Total time for which application threads were stopped: 0.0466345 seconds, Stopping threads took: 0.0005473 seconds
[2023-10-19T20:39:34.023+0000][48.551s][info ][gc,stringdedup] Concurrent String Deduplication (48.551s)
[2023-10-19T20:39:34.029+0000][48.557s][info ][gc,stringdedup] Concurrent String Deduplication 480.2K->195.5K(284.8K) avg 53.3% (48.551s, 48.557s) 6.031ms
[2023-10-19T20:39:34.795+0000][49.323s][debug][safepoint     ] Safepoint synchronization initiated. (89 threads)
[2023-10-19T20:39:34.796+0000][49.324s][info ][safepoint     ] Application time: 0.7727907 seconds
[2023-10-19T20:39:34.797+0000][49.324s][debug][safepoint     ] ... found polling page return exception at pc = 0x00007fbdb1055e43, stub =0x00007fbda8840600
[2023-10-19T20:39:34.797+0000][49.325s][debug][safepoint     ] Waiting for 1 thread(s) to block
[2023-10-19T20:39:34.798+0000][49.325s][info ][safepoint     ] Entering safepoint region: Deoptimize
[2023-10-19T20:39:34.800+0000][49.328s][info ][safepoint     ] Leaving safepoint region
[2023-10-19T20:39:34.801+0000][49.328s][info ][safepoint     ] Total time for which application threads were stopped: 0.0040924 seconds, Stopping threads took: 0.0014845 seconds
[2023-10-19T20:39:34.826+0000][49.354s][debug][safepoint     ] Safepoint synchronization initiated. (89 threads)
[2023-10-19T20:39:34.827+0000][49.355s][info ][safepoint     ] Application time: 0.0260221 seconds
[2023-10-19T20:39:34.828+0000][49.355s][debug][safepoint     ] Waiting for 1 thread(s) to block
[2023-10-19T20:39:34.828+0000][49.356s][info ][safepoint     ] Entering safepoint region: G1CollectForAllocation
[2023-10-19T20:39:34.829+0000][49.357s][info ][gc,start      ] GC(53) Pause Young (Normal) (G1 Evacuation Pause)
[2023-10-19T20:39:34.829+0000][49.357s][info ][gc,task       ] GC(53) Using 8 workers of 8 for evacuation
[2023-10-19T20:39:34.862+0000][49.390s][info ][gc,phases     ] GC(53)   Pre Evacuate Collection Set: 0.0ms
[2023-10-19T20:39:34.863+0000][49.391s][info ][gc,phases     ] GC(53)   Evacuate Collection Set: 24.5ms
[2023-10-19T20:39:34.864+0000][49.391s][info ][gc,phases     ] GC(53)   Post Evacuate Collection Set: 7.8ms
[2023-10-19T20:39:34.864+0000][49.392s][info ][gc,phases     ] GC(53)   Other: 1.0ms
[2023-10-19T20:39:34.865+0000][49.392s][info ][gc,heap       ] GC(53) Eden regions: 218->0(215)
[2023-10-19T20:39:34.865+0000][49.393s][info ][gc,heap       ] GC(53) Survivor regions: 14->16(29)
[2023-10-19T20:39:34.866+0000][49.393s][info ][gc,heap       ] GC(53) Old regions: 126->126
[2023-10-19T20:39:34.866+0000][49.394s][info ][gc,heap       ] GC(53) Humongous regions: 0->0
[2023-10-19T20:39:34.867+0000][49.394s][info ][gc,metaspace  ] GC(53) Metaspace: 148068K(152528K)->148068K(152528K) NonClass: 130654K(133328K)->130654K(133328K) Class: 17413K(19200K)->17413K(19200K)
[2023-10-19T20:39:34.867+0000][49.395s][info ][gc            ] GC(53) Pause Young (Normal) (G1 Evacuation Pause) 355M->139M(415M) 38.055ms
[2023-10-19T20:39:34.867+0000][49.395s][info ][gc,cpu        ] GC(53) User=0.23s Sys=0.01s Real=0.04s
[2023-10-19T20:39:34.868+0000][49.396s][info ][safepoint     ] Leaving safepoint region
[2023-10-19T20:39:34.868+0000][49.396s][info ][safepoint     ] Total time for which application threads were stopped: 0.0407463 seconds, Stopping threads took: 0.0010330 seconds
[2023-10-19T20:39:34.869+0000][49.397s][info ][gc,stringdedup] Concurrent String Deduplication (49.397s)
[2023-10-19T20:39:34.874+0000][49.402s][info ][gc,stringdedup] Concurrent String Deduplication 461.8K->162.7K(299.0K) avg 53.6% (49.397s, 49.402s) 4.861ms
[2023-10-19T20:39:34.908+0000][49.435s][debug][safepoint     ] Safepoint synchronization initiated. (89 threads)
[2023-10-19T20:39:34.908+0000][49.436s][info ][safepoint     ] Application time: 0.0393946 seconds
[2023-10-19T20:39:34.909+0000][49.437s][debug][safepoint     ] ... found polling page return exception at pc = 0x00007fbdaadac16b, stub =0x00007fbda8840600
[2023-10-19T20:39:34.909+0000][49.437s][debug][safepoint     ] Waiting for 1 thread(s) to block
[2023-10-19T20:39:34.910+0000][49.438s][info ][safepoint     ] Entering safepoint region: Deoptimize
[2023-10-19T20:39:34.913+0000][49.440s][info ][safepoint     ] Leaving safepoint region
[2023-10-19T20:39:34.913+0000][49.441s][info ][safepoint     ] Total time for which application threads were stopped: 0.0043742 seconds, Stopping threads took: 0.0017709 seconds
[2023-10-19T20:39:34.933+0000][49.461s][debug][safepoint     ] Safepoint synchronization initiated. (89 threads)
[2023-10-19T20:39:34.934+0000][49.461s][info ][safepoint     ] Application time: 0.0199969 seconds
[2023-10-19T20:39:34.934+0000][49.462s][debug][safepoint     ] ... found polling page return exception at pc = 0x00007fbdb0625431, stub =0x00007fbda8840600
[2023-10-19T20:39:34.935+0000][49.463s][debug][safepoint     ] Waiting for 1 thread(s) to block
[2023-10-19T20:39:34.936+0000][49.463s][info ][safepoint     ] Entering safepoint region: Deoptimize
[2023-10-19T20:39:34.938+0000][49.466s][info ][safepoint     ] Leaving safepoint region
[2023-10-19T20:39:34.939+0000][49.466s][info ][safepoint     ] Total time for which application threads were stopped: 0.0043380 seconds, Stopping threads took: 0.0016601 seconds
[2023-10-19T20:39:35.424+0000][49.951s][debug][safepoint     ] Safepoint synchronization initiated. (89 threads)
[2023-10-19T20:39:35.424+0000][49.952s][info ][safepoint     ] Application time: 0.4851228 seconds
[2023-10-19T20:39:35.425+0000][49.953s][debug][safepoint     ] ... found polling page return exception at pc = 0x00007fbdb0392daf, stub =0x00007fbda8840600
[2023-10-19T20:39:35.426+0000][49.953s][debug][safepoint     ] Waiting for 1 thread(s) to block
[2023-10-19T20:39:35.426+0000][49.954s][info ][safepoint     ] Entering safepoint region: Deoptimize
[2023-10-19T20:39:35.429+0000][49.957s][info ][safepoint     ] Leaving safepoint region
[2023-10-19T20:39:35.430+0000][49.957s][info ][safepoint     ] Total time for which application threads were stopped: 0.0046757 seconds, Stopping threads took: 0.0018263 seconds
[2023-10-19T20:39:35.569+0000][50.096s][debug][safepoint     ] Safepoint synchronization initiated. (89 threads)
[2023-10-19T20:39:35.569+0000][50.097s][info ][safepoint     ] Application time: 0.1392324 seconds
[2023-10-19T20:39:35.570+0000][50.098s][info ][safepoint     ] Entering safepoint region: G1CollectForAllocation
[2023-10-19T20:39:35.571+0000][50.099s][info ][gc,start      ] GC(54) Pause Young (Normal) (G1 Evacuation Pause)
[2023-10-19T20:39:35.571+0000][50.099s][info ][gc,task       ] GC(54) Using 8 workers of 8 for evacuation
[2023-10-19T20:39:35.596+0000][50.123s][info ][gc,phases     ] GC(54)   Pre Evacuate Collection Set: 0.0ms
[2023-10-19T20:39:35.596+0000][50.124s][info ][gc,phases     ] GC(54)   Evacuate Collection Set: 19.3ms
[2023-10-19T20:39:35.597+0000][50.125s][info ][gc,phases     ] GC(54)   Post Evacuate Collection Set: 4.3ms
[2023-10-19T20:39:35.597+0000][50.125s][info ][gc,phases     ] GC(54)   Other: 1.2ms
[2023-10-19T20:39:35.598+0000][50.126s][info ][gc,heap       ] GC(54) Eden regions: 215->0(209)
[2023-10-19T20:39:35.598+0000][50.126s][info ][gc,heap       ] GC(54) Survivor regions: 16->14(29)
[2023-10-19T20:39:35.599+0000][50.127s][info ][gc,heap       ] GC(54) Old regions: 126->131
[2023-10-19T20:39:35.599+0000][50.127s][info ][gc,heap       ] GC(54) Humongous regions: 5->5
[2023-10-19T20:39:35.600+0000][50.128s][info ][gc,metaspace  ] GC(54) Metaspace: 150814K(155344K)->150814K(155344K) NonClass: 133078K(135888K)->133078K(135888K) Class: 17735K(19456K)->17735K(19456K)
[2023-10-19T20:39:35.600+0000][50.128s][info ][gc            ] GC(54) Pause Young (Normal) (G1 Evacuation Pause) 359M->147M(415M) 29.583ms
[2023-10-19T20:39:35.601+0000][50.129s][info ][gc,cpu        ] GC(54) User=0.19s Sys=0.00s Real=0.03s
[2023-10-19T20:39:35.601+0000][50.129s][info ][safepoint     ] Leaving safepoint region
[2023-10-19T20:39:35.602+0000][50.130s][info ][safepoint     ] Total time for which application threads were stopped: 0.0319602 seconds, Stopping threads took: 0.0005954 seconds
[2023-10-19T20:39:35.603+0000][50.130s][info ][gc,stringdedup] Concurrent String Deduplication (50.130s)
[2023-10-19T20:39:35.607+0000][50.135s][info ][gc,stringdedup] Concurrent String Deduplication 339.0K->109.6K(229.4K) avg 53.8% (50.130s, 50.135s) 4.498ms
[2023-10-19T20:39:36.110+0000][50.638s][debug][safepoint     ] Safepoint synchronization initiated. (89 threads)
[2023-10-19T20:39:36.112+0000][50.640s][info ][safepoint     ] Application time: 0.5094297 seconds
[2023-10-19T20:39:36.113+0000][50.640s][debug][safepoint     ] ... found polling page return exception at pc = 0x00007fbdb0abf5f7, stub =0x00007fbda8840600
[2023-10-19T20:39:36.113+0000][50.641s][debug][safepoint     ] Waiting for 1 thread(s) to block
[2023-10-19T20:39:36.114+0000][50.642s][info ][safepoint     ] Entering safepoint region: ICBufferFull
[2023-10-19T20:39:36.115+0000][50.643s][info ][safepoint     ] Leaving safepoint region
[2023-10-19T20:39:36.116+0000][50.643s][info ][safepoint     ] Total time for which application threads were stopped: 0.0030914 seconds, Stopping threads took: 0.0018057 seconds
[2023-10-19T20:39:36.491+0000][51.018s][debug][safepoint     ] Safepoint synchronization initiated. (89 threads)
[2023-10-19T20:39:36.491+0000][51.019s][info ][safepoint     ] Application time: 0.3750213 seconds
[2023-10-19T20:39:36.492+0000][51.020s][debug][safepoint     ] ... found polling page return exception at pc = 0x00007fbdb0f9b8b9, stub =0x00007fbda8840600
[2023-10-19T20:39:36.493+0000][51.020s][debug][safepoint     ] Waiting for 1 thread(s) to block
[2023-10-19T20:39:36.494+0000][51.021s][info ][safepoint     ] Entering safepoint region: Deoptimize
[2023-10-19T20:39:36.497+0000][51.025s][info ][safepoint     ] Leaving safepoint region
[2023-10-19T20:39:36.499+0000][51.027s][info ][safepoint     ] Total time for which application threads were stopped: 0.0071002 seconds, Stopping threads took: 0.0026638 seconds
[2023-10-19T20:39:36.505+0000][51.032s][debug][safepoint     ] Safepoint synchronization initiated. (89 threads)
[2023-10-19T20:39:36.505+0000][51.033s][info ][safepoint     ] Application time: 0.0043954 seconds
[2023-10-19T20:39:36.506+0000][51.034s][debug][safepoint     ] Waiting for 1 thread(s) to block
[2023-10-19T20:39:36.507+0000][51.034s][info ][safepoint     ] Entering safepoint region: G1CollectForAllocation
[2023-10-19T20:39:36.508+0000][51.035s][info ][gc,start      ] GC(55) Pause Young (Normal) (G1 Evacuation Pause)
[2023-10-19T20:39:36.508+0000][51.036s][info ][gc,task       ] GC(55) Using 8 workers of 8 for evacuation
[2023-10-19T20:39:36.539+0000][51.067s][info ][gc,phases     ] GC(55)   Pre Evacuate Collection Set: 0.0ms
[2023-10-19T20:39:36.540+0000][51.067s][info ][gc,phases     ] GC(55)   Evacuate Collection Set: 25.5ms
[2023-10-19T20:39:36.540+0000][51.068s][info ][gc,phases     ] GC(55)   Post Evacuate Collection Set: 4.6ms
[2023-10-19T20:39:36.541+0000][51.069s][info ][gc,phases     ] GC(55)   Other: 1.3ms
[2023-10-19T20:39:36.542+0000][51.069s][info ][gc,heap       ] GC(55) Eden regions: 209->0(205)
[2023-10-19T20:39:36.542+0000][51.070s][info ][gc,heap       ] GC(55) Survivor regions: 14->16(28)
[2023-10-19T20:39:36.543+0000][51.071s][info ][gc,heap       ] GC(55) Old regions: 131->131
[2023-10-19T20:39:36.544+0000][51.072s][info ][gc,heap       ] GC(55) Humongous regions: 5->5
[2023-10-19T20:39:36.545+0000][51.072s][info ][gc,metaspace  ] GC(55) Metaspace: 152247K(156880K)->152247K(156880K) NonClass: 134335K(137168K)->134335K(137168K) Class: 17911K(19712K)->17911K(19712K)
[2023-10-19T20:39:36.545+0000][51.073s][info ][gc            ] GC(55) Pause Young (Normal) (G1 Evacuation Pause) 356M->149M(415M) 37.842ms
[2023-10-19T20:39:36.546+0000][51.074s][info ][gc,cpu        ] GC(55) User=0.23s Sys=0.01s Real=0.04s
[2023-10-19T20:39:36.547+0000][51.074s][info ][safepoint     ] Leaving safepoint region
[2023-10-19T20:39:36.547+0000][51.075s][info ][safepoint     ] Total time for which application threads were stopped: 0.0412442 seconds, Stopping threads took: 0.0013564 seconds
[2023-10-19T20:39:36.548+0000][51.076s][info ][gc,stringdedup] Concurrent String Deduplication (51.076s)
[2023-10-19T20:39:36.553+0000][51.080s][info ][gc,stringdedup] Concurrent String Deduplication 275.9K->101288.0B(177.0K) avg 54.0% (51.076s, 51.080s) 4.960ms
[2023-10-19T20:39:36.585+0000][51.112s][debug][safepoint     ] Safepoint synchronization initiated. (89 threads)
[2023-10-19T20:39:36.586+0000][51.113s][info ][safepoint     ] Application time: 0.0379321 seconds
[2023-10-19T20:39:36.586+0000][51.114s][debug][safepoint     ] ... found polling page return exception at pc = 0x00007fbdb0fa10ff, stub =0x00007fbda8840600
[2023-10-19T20:39:36.587+0000][51.115s][debug][safepoint     ] Waiting for 2 thread(s) to block
[2023-10-19T20:39:36.588+0000][51.115s][info ][safepoint     ] Entering safepoint region: Deoptimize
[2023-10-19T20:39:36.590+0000][51.118s][info ][safepoint     ] Leaving safepoint region
[2023-10-19T20:39:36.591+0000][51.119s][info ][safepoint     ] Total time for which application threads were stopped: 0.0047391 seconds, Stopping threads took: 0.0019732 seconds
[2023-10-19T20:39:37.027+0000][51.555s][debug][safepoint     ] Safepoint synchronization initiated. (90 threads)
[2023-10-19T20:39:37.029+0000][51.556s][info ][safepoint     ] Application time: 0.4371281 seconds
[2023-10-19T20:39:37.030+0000][51.558s][debug][safepoint     ] ... found polling page return exception at pc = 0x00007fbdb0e8f2fa, stub =0x00007fbda8840600
[2023-10-19T20:39:37.031+0000][51.559s][debug][safepoint     ] Waiting for 1 thread(s) to block
[2023-10-19T20:39:37.032+0000][51.559s][info ][safepoint     ] Entering safepoint region: Deoptimize
[2023-10-19T20:39:37.036+0000][51.564s][info ][safepoint     ] Leaving safepoint region
[2023-10-19T20:39:37.037+0000][51.564s][info ][safepoint     ] Total time for which application threads were stopped: 0.0072236 seconds, Stopping threads took: 0.0031432 seconds
[2023-10-19T20:39:37.600+0000][52.128s][debug][safepoint     ] Safepoint synchronization initiated. (90 threads)
[2023-10-19T20:39:37.605+0000][52.133s][info ][safepoint     ] Application time: 0.5675488 seconds
[2023-10-19T20:39:37.606+0000][52.134s][info ][safepoint     ] Entering safepoint region: G1CollectForAllocation
[2023-10-19T20:39:37.607+0000][52.135s][info ][gc,start      ] GC(56) Pause Young (Normal) (G1 Evacuation Pause)
[2023-10-19T20:39:37.608+0000][52.135s][info ][gc,task       ] GC(56) Using 8 workers of 8 for evacuation
[2023-10-19T20:39:37.639+0000][52.167s][info ][gc,phases     ] GC(56)   Pre Evacuate Collection Set: 0.0ms
[2023-10-19T20:39:37.640+0000][52.167s][info ][gc,phases     ] GC(56)   Evacuate Collection Set: 24.4ms
[2023-10-19T20:39:37.640+0000][52.168s][info ][gc,phases     ] GC(56)   Post Evacuate Collection Set: 5.5ms
[2023-10-19T20:39:37.641+0000][52.169s][info ][gc,phases     ] GC(56)   Other: 1.9ms
[2023-10-19T20:39:37.642+0000][52.169s][info ][gc,heap       ] GC(56) Eden regions: 205->0(204)
[2023-10-19T20:39:37.642+0000][52.170s][info ][gc,heap       ] GC(56) Survivor regions: 16->15(28)
[2023-10-19T20:39:37.643+0000][52.170s][info ][gc,heap       ] GC(56) Old regions: 131->134
[2023-10-19T20:39:37.644+0000][52.171s][info ][gc,heap       ] GC(56) Humongous regions: 5->5
[2023-10-19T20:39:37.644+0000][52.172s][info ][gc,metaspace  ] GC(56) Metaspace: 153545K(158288K)->153545K(158288K) NonClass: 135510K(138448K)->135510K(138448K) Class: 18034K(19840K)->18034K(19840K)
[2023-10-19T20:39:37.645+0000][52.173s][info ][gc            ] GC(56) Pause Young (Normal) (G1 Evacuation Pause) 354M->151M(415M) 37.978ms
[2023-10-19T20:39:37.647+0000][52.175s][info ][gc,cpu        ] GC(56) User=0.24s Sys=0.01s Real=0.04s
[2023-10-19T20:39:37.648+0000][52.176s][info ][safepoint     ] Leaving safepoint region
[2023-10-19T20:39:37.649+0000][52.177s][info ][safepoint     ] Total time for which application threads were stopped: 0.0432090 seconds, Stopping threads took: 0.0007110 seconds
[2023-10-19T20:39:37.651+0000][52.178s][info ][gc,stringdedup] Concurrent String Deduplication (52.178s)
[2023-10-19T20:39:37.674+0000][52.202s][info ][gc,stringdedup] Concurrent String Deduplication 287.3K->91672.0B(197.8K) avg 54.2% (52.178s, 52.202s) 23.333ms
[2023-10-19T20:39:38.443+0000][52.971s][debug][safepoint     ] Safepoint synchronization initiated. (93 threads)
[2023-10-19T20:39:38.444+0000][52.972s][info ][safepoint     ] Application time: 0.7938985 seconds
[2023-10-19T20:39:38.445+0000][52.972s][info ][safepoint     ] Entering safepoint region: G1CollectForAllocation
[2023-10-19T20:39:38.446+0000][52.973s][info ][gc,start      ] GC(57) Pause Young (Normal) (G1 Evacuation Pause)
[2023-10-19T20:39:38.446+0000][52.974s][info ][gc,task       ] GC(57) Using 8 workers of 8 for evacuation
[2023-10-19T20:39:38.475+0000][53.003s][info ][gc,phases     ] GC(57)   Pre Evacuate Collection Set: 0.0ms
[2023-10-19T20:39:38.476+0000][53.004s][info ][gc,phases     ] GC(57)   Evacuate Collection Set: 21.3ms
[2023-10-19T20:39:38.477+0000][53.004s][info ][gc,phases     ] GC(57)   Post Evacuate Collection Set: 6.6ms
[2023-10-19T20:39:38.477+0000][53.005s][info ][gc,phases     ] GC(57)   Other: 1.5ms
[2023-10-19T20:39:38.478+0000][53.006s][info ][gc,heap       ] GC(57) Eden regions: 204->0(202)
[2023-10-19T20:39:38.479+0000][53.006s][info ][gc,heap       ] GC(57) Survivor regions: 15->16(28)
[2023-10-19T20:39:38.480+0000][53.007s][info ][gc,heap       ] GC(57) Old regions: 134->134
[2023-10-19T20:39:38.480+0000][53.008s][info ][gc,heap       ] GC(57) Humongous regions: 5->5
[2023-10-19T20:39:38.481+0000][53.009s][info ][gc,metaspace  ] GC(57) Metaspace: 154247K(158928K)->154247K(158928K) NonClass: 136128K(138960K)->136128K(138960K) Class: 18119K(19968K)->18119K(19968K)
[2023-10-19T20:39:38.482+0000][53.009s][info ][gc            ] GC(57) Pause Young (Normal) (G1 Evacuation Pause) 355M->153M(415M) 36.080ms
[2023-10-19T20:39:38.482+0000][53.010s][info ][gc,cpu        ] GC(57) User=0.22s Sys=0.00s Real=0.03s
[2023-10-19T20:39:38.483+0000][53.011s][info ][safepoint     ] Leaving safepoint region
[2023-10-19T20:39:38.483+0000][53.011s][info ][safepoint     ] Total time for which application threads were stopped: 0.0388821 seconds, Stopping threads took: 0.0007036 seconds
[2023-10-19T20:39:38.484+0000][53.012s][info ][gc,stringdedup] Concurrent String Deduplication (53.012s)
[2023-10-19T20:39:38.489+0000][53.016s][info ][gc,stringdedup] Concurrent String Deduplication 271.5K->94968.0B(178.7K) avg 54.4% (53.012s, 53.016s) 4.572ms
[2023-10-19T20:39:38.599+0000][53.127s][debug][safepoint     ] Safepoint synchronization initiated. (94 threads)
[2023-10-19T20:39:38.601+0000][53.129s][info ][safepoint     ] Application time: 0.1170389 seconds
[2023-10-19T20:39:38.607+0000][53.135s][debug][safepoint     ] ... found polling page return exception at pc = 0x00007fbdb087ded0, stub =0x00007fbda8840600
[2023-10-19T20:39:38.610+0000][53.137s][debug][safepoint     ] Waiting for 1 thread(s) to block
[2023-10-19T20:39:38.610+0000][53.138s][info ][safepoint     ] Entering safepoint region: Deoptimize
[2023-10-19T20:39:38.613+0000][53.141s][info ][safepoint     ] Leaving safepoint region
[2023-10-19T20:39:38.614+0000][53.142s][info ][safepoint     ] Total time for which application threads were stopped: 0.0102669 seconds, Stopping threads took: 0.0070626 seconds
[2023-10-19T20:39:39.629+0000][54.157s][debug][safepoint     ] Safepoint synchronization initiated. (95 threads)
[2023-10-19T20:39:39.633+0000][54.160s][info ][safepoint     ] Application time: 1.0176061 seconds
[2023-10-19T20:39:39.634+0000][54.162s][debug][safepoint     ] ... found polling page return exception at pc = 0x00007fbdb0a92f9e, stub =0x00007fbda8840600
[2023-10-19T20:39:39.636+0000][54.163s][debug][safepoint     ] Waiting for 2 thread(s) to block
[2023-10-19T20:39:39.637+0000][54.165s][info ][safepoint     ] Entering safepoint region: Cleanup
[2023-10-19T20:39:39.638+0000][54.166s][info ][safepoint     ] Leaving safepoint region
[2023-10-19T20:39:39.639+0000][54.166s][info ][safepoint     ] Total time for which application threads were stopped: 0.0048625 seconds, Stopping threads took: 0.0036181 seconds
[2023-10-19T20:39:39.670+0000][54.198s][debug][safepoint     ] Safepoint synchronization initiated. (95 threads)
[2023-10-19T20:39:39.671+0000][54.199s][info ][safepoint     ] Application time: 0.0316332 seconds
[2023-10-19T20:39:39.673+0000][54.200s][debug][safepoint     ] ... found polling page return exception at pc = 0x00007fbdb075bf24, stub =0x00007fbda8840600
[2023-10-19T20:39:39.673+0000][54.201s][debug][safepoint     ] Waiting for 1 thread(s) to block
[2023-10-19T20:39:39.675+0000][54.203s][info ][safepoint     ] Entering safepoint region: G1CollectForAllocation
[2023-10-19T20:39:39.677+0000][54.204s][info ][gc,start      ] GC(58) Pause Young (Normal) (G1 Evacuation Pause)
[2023-10-19T20:39:39.677+0000][54.205s][info ][gc,task       ] GC(58) Using 8 workers of 8 for evacuation
[2023-10-19T20:39:39.715+0000][54.243s][info ][gc,phases     ] GC(58)   Pre Evacuate Collection Set: 0.1ms
[2023-10-19T20:39:39.716+0000][54.244s][info ][gc,phases     ] GC(58)   Evacuate Collection Set: 31.6ms
[2023-10-19T20:39:39.717+0000][54.244s][info ][gc,phases     ] GC(58)   Post Evacuate Collection Set: 5.3ms
[2023-10-19T20:39:39.717+0000][54.245s][info ][gc,phases     ] GC(58)   Other: 1.8ms
[2023-10-19T20:39:39.718+0000][54.246s][info ][gc,heap       ] GC(58) Eden regions: 202->0(201)
[2023-10-19T20:39:39.718+0000][54.246s][info ][gc,heap       ] GC(58) Survivor regions: 16->15(28)
[2023-10-19T20:39:39.719+0000][54.247s][info ][gc,heap       ] GC(58) Old regions: 134->137
[2023-10-19T20:39:39.720+0000][54.247s][info ][gc,heap       ] GC(58) Humongous regions: 5->5
[2023-10-19T20:39:39.720+0000][54.248s][info ][gc,metaspace  ] GC(58) Metaspace: 155239K(159952K)->155239K(159952K) NonClass: 137054K(139984K)->137054K(139984K) Class: 18185K(19968K)->18185K(19968K)
[2023-10-19T20:39:39.721+0000][54.249s][info ][gc            ] GC(58) Pause Young (Normal) (G1 Evacuation Pause) 355M->154M(415M) 44.378ms
[2023-10-19T20:39:39.722+0000][54.249s][info ][gc,cpu        ] GC(58) User=0.26s Sys=0.01s Real=0.04s
[2023-10-19T20:39:39.722+0000][54.250s][info ][safepoint     ] Leaving safepoint region
[2023-10-19T20:39:39.723+0000][54.251s][info ][safepoint     ] Total time for which application threads were stopped: 0.0504197 seconds, Stopping threads took: 0.0033374 seconds
[2023-10-19T20:39:39.724+0000][54.252s][info ][gc,stringdedup] Concurrent String Deduplication (54.252s)
[2023-10-19T20:39:39.732+0000][54.260s][info ][gc,stringdedup] Concurrent String Deduplication 250.6K->126.7K(123.9K) avg 54.3% (54.252s, 54.260s) 8.397ms
[2023-10-19T20:39:40.596+0000][55.124s][debug][safepoint     ] Safepoint synchronization initiated. (103 threads)
[2023-10-19T20:39:40.597+0000][55.125s][info ][safepoint     ] Application time: 0.8731244 seconds
[2023-10-19T20:39:40.598+0000][55.125s][info ][safepoint     ] Entering safepoint region: Deoptimize
[2023-10-19T20:39:40.601+0000][55.128s][info ][safepoint     ] Leaving safepoint region
[2023-10-19T20:39:40.602+0000][55.129s][info ][safepoint     ] Total time for which application threads were stopped: 0.0040657 seconds, Stopping threads took: 0.0006587 seconds
[2023-10-19T20:39:40.734+0000][55.261s][debug][safepoint     ] Safepoint synchronization initiated. (106 threads)
[2023-10-19T20:39:40.735+0000][55.263s][info ][safepoint     ] Application time: 0.1329333 seconds
[2023-10-19T20:39:40.737+0000][55.265s][debug][safepoint     ] ... found polling page return exception at pc = 0x00007fbdaaafb6dc, stub =0x00007fbda8840600
[2023-10-19T20:39:40.738+0000][55.266s][debug][safepoint     ] Waiting for 3 thread(s) to block
[2023-10-19T20:39:40.739+0000][55.267s][info ][safepoint     ] Entering safepoint region: Deoptimize
[2023-10-19T20:39:40.744+0000][55.271s][info ][safepoint     ] Leaving safepoint region
[2023-10-19T20:39:40.745+0000][55.272s][info ][safepoint     ] Total time for which application threads were stopped: 0.0075473 seconds, Stopping threads took: 0.0029558 seconds
[2023-10-19T20:39:41.334+0000][55.862s][debug][safepoint     ] Safepoint synchronization initiated. (136 threads)
[2023-10-19T20:39:41.335+0000][55.863s][info ][safepoint     ] Application time: 0.5897660 seconds
[2023-10-19T20:39:41.340+0000][55.868s][info ][safepoint     ] Entering safepoint region: G1CollectForAllocation
[2023-10-19T20:39:41.346+0000][55.873s][info ][gc,start      ] GC(59) Pause Young (Normal) (G1 Evacuation Pause)
[2023-10-19T20:39:41.347+0000][55.875s][info ][gc,task       ] GC(59) Using 8 workers of 8 for evacuation
[2023-10-19T20:39:41.390+0000][55.918s][info ][gc,phases     ] GC(59)   Pre Evacuate Collection Set: 0.0ms
[2023-10-19T20:39:41.391+0000][55.919s][info ][gc,phases     ] GC(59)   Evacuate Collection Set: 34.1ms
[2023-10-19T20:39:41.392+0000][55.920s][info ][gc,phases     ] GC(59)   Post Evacuate Collection Set: 8.4ms
[2023-10-19T20:39:41.393+0000][55.920s][info ][gc,phases     ] GC(59)   Other: 3.0ms
[2023-10-19T20:39:41.393+0000][55.921s][info ][gc,heap       ] GC(59) Eden regions: 201->0(195)
[2023-10-19T20:39:41.395+0000][55.922s][info ][gc,heap       ] GC(59) Survivor regions: 15->18(27)
[2023-10-19T20:39:41.395+0000][55.923s][info ][gc,heap       ] GC(59) Old regions: 137->137
[2023-10-19T20:39:41.396+0000][55.924s][info ][gc,heap       ] GC(59) Humongous regions: 5->5
[2023-10-19T20:39:41.397+0000][55.924s][info ][gc,metaspace  ] GC(59) Metaspace: 158563K(163664K)->158563K(163664K) NonClass: 139953K(143056K)->139953K(143056K) Class: 18609K(20608K)->18609K(20608K)
[2023-10-19T20:39:41.397+0000][55.925s][info ][gc            ] GC(59) Pause Young (Normal) (G1 Evacuation Pause) 355M->157M(415M) 51.829ms
[2023-10-19T20:39:41.398+0000][55.926s][info ][gc,cpu        ] GC(59) User=0.32s Sys=0.01s Real=0.05s
[2023-10-19T20:39:41.399+0000][55.926s][info ][safepoint     ] Leaving safepoint region
[2023-10-19T20:39:41.399+0000][55.927s][info ][safepoint     ] Total time for which application threads were stopped: 0.0591230 seconds, Stopping threads took: 0.0020094 seconds
[2023-10-19T20:39:41.400+0000][55.928s][info ][gc,stringdedup] Concurrent String Deduplication (55.928s)
[2023-10-19T20:39:41.403+0000][55.931s][info ][gc,stringdedup] Concurrent String Deduplication 146.6K->57792.0B(92336.0B) avg 54.3% (55.928s, 55.931s) 2.799ms
[2023-10-19T20:39:41.802+0000][56.329s][debug][safepoint     ] Safepoint synchronization initiated. (145 threads)
[2023-10-19T20:39:41.803+0000][56.330s][info ][safepoint     ] Application time: 0.4025382 seconds
[2023-10-19T20:39:41.804+0000][56.332s][info ][safepoint     ] Entering safepoint region: Deoptimize
[2023-10-19T20:39:41.808+0000][56.336s][info ][safepoint     ] Leaving safepoint region
[2023-10-19T20:39:41.809+0000][56.337s][info ][safepoint     ] Total time for which application threads were stopped: 0.0045281 seconds, Stopping threads took: 0.0006709 seconds
[2023-10-19T20:39:41.959+0000][56.487s][debug][safepoint     ] Safepoint synchronization initiated. (168 threads)
[2023-10-19T20:39:41.960+0000][56.488s][info ][safepoint     ] Application time: 0.1498929 seconds
[2023-10-19T20:39:41.961+0000][56.488s][info ][safepoint     ] Entering safepoint region: Deoptimize
[2023-10-19T20:39:41.964+0000][56.491s][info ][safepoint     ] Leaving safepoint region
[2023-10-19T20:39:41.964+0000][56.492s][info ][safepoint     ] Total time for which application threads were stopped: 0.0037555 seconds, Stopping threads took: 0.0007381 seconds
[2023-10-19T20:39:42.163+0000][56.691s][debug][safepoint     ] Safepoint synchronization initiated. (181 threads)
[2023-10-19T20:39:42.164+0000][56.692s][info ][safepoint     ] Application time: 0.1994506 seconds
[2023-10-19T20:39:42.165+0000][56.692s][info ][safepoint     ] Entering safepoint region: Deoptimize
[2023-10-19T20:39:42.168+0000][56.695s][info ][safepoint     ] Leaving safepoint region
[2023-10-19T20:39:42.168+0000][56.696s][info ][safepoint     ] Total time for which application threads were stopped: 0.0035222 seconds, Stopping threads took: 0.0005827 seconds
[2023-10-19T20:39:42.227+0000][56.755s][debug][safepoint     ] Safepoint synchronization initiated. (181 threads)
[2023-10-19T20:39:42.228+0000][56.756s][info ][safepoint     ] Application time: 0.0593494 seconds
[2023-10-19T20:39:42.229+0000][56.757s][info ][safepoint     ] Entering safepoint region: Deoptimize
[2023-10-19T20:39:42.232+0000][56.760s][info ][safepoint     ] Leaving safepoint region
[2023-10-19T20:39:42.233+0000][56.761s][info ][safepoint     ] Total time for which application threads were stopped: 0.0043650 seconds, Stopping threads took: 0.0008462 seconds
[2023-10-19T20:39:42.236+0000][56.764s][debug][safepoint     ] Safepoint synchronization initiated. (181 threads)
[2023-10-19T20:39:42.237+0000][56.764s][info ][safepoint     ] Application time: 0.0023389 seconds
[2023-10-19T20:39:42.238+0000][56.765s][info ][safepoint     ] Entering safepoint region: Deoptimize
[2023-10-19T20:39:42.242+0000][56.769s][info ][safepoint     ] Leaving safepoint region
[2023-10-19T20:39:42.243+0000][56.771s][info ][safepoint     ] Total time for which application threads were stopped: 0.0054743 seconds, Stopping threads took: 0.0008496 seconds
[2023-10-19T20:39:42.249+0000][56.777s][debug][safepoint     ] Safepoint synchronization initiated. (181 threads)
[2023-10-19T20:39:42.250+0000][56.778s][info ][safepoint     ] Application time: 0.0061633 seconds
[2023-10-19T20:39:42.251+0000][56.778s][info ][safepoint     ] Entering safepoint region: Deoptimize
[2023-10-19T20:39:42.254+0000][56.782s][info ][safepoint     ] Leaving safepoint region
[2023-10-19T20:39:42.255+0000][56.783s][info ][safepoint     ] Total time for which application threads were stopped: 0.0045594 seconds, Stopping threads took: 0.0008576 seconds
[2023-10-19T20:39:42.353+0000][56.881s][debug][safepoint     ] Safepoint synchronization initiated. (181 threads)
[2023-10-19T20:39:42.354+0000][56.882s][info ][safepoint     ] Application time: 0.0979977 seconds
[2023-10-19T20:39:42.355+0000][56.882s][info ][safepoint     ] Entering safepoint region: Deoptimize
[2023-10-19T20:39:42.358+0000][56.886s][info ][safepoint     ] Leaving safepoint region
[2023-10-19T20:39:42.359+0000][56.886s][info ][safepoint     ] Total time for which application threads were stopped: 0.0039531 seconds, Stopping threads took: 0.0006198 seconds
[2023-10-19T20:39:42.368+0000][56.896s][debug][safepoint     ] Safepoint synchronization initiated. (181 threads)
[2023-10-19T20:39:42.369+0000][56.896s][info ][safepoint     ] Application time: 0.0094838 seconds
[2023-10-19T20:39:42.369+0000][56.897s][info ][safepoint     ] Entering safepoint region: Deoptimize
[2023-10-19T20:39:42.372+0000][56.900s][info ][safepoint     ] Leaving safepoint region
[2023-10-19T20:39:42.373+0000][56.901s][info ][safepoint     ] Total time for which application threads were stopped: 0.0037557 seconds, Stopping threads took: 0.0005993 seconds
[2023-10-19T20:39:43.374+0000][57.901s][debug][safepoint     ] Safepoint synchronization initiated. (181 threads)
[2023-10-19T20:39:43.374+0000][57.902s][info ][safepoint     ] Application time: 1.0007784 seconds
[2023-10-19T20:39:43.375+0000][57.902s][info ][safepoint     ] Entering safepoint region: Cleanup
[2023-10-19T20:39:43.375+0000][57.903s][info ][safepoint     ] Leaving safepoint region
[2023-10-19T20:39:43.376+0000][57.904s][info ][safepoint     ] Total time for which application threads were stopped: 0.0011958 seconds, Stopping threads took: 0.0004815 seconds
[2023-10-19T20:39:44.377+0000][58.904s][debug][safepoint     ] Safepoint synchronization initiated. (180 threads)
[2023-10-19T20:39:44.377+0000][58.905s][info ][safepoint     ] Application time: 1.0008858 seconds
[2023-10-19T20:39:44.378+0000][58.905s][info ][safepoint     ] Entering safepoint region: Cleanup
[2023-10-19T20:39:44.378+0000][58.906s][info ][safepoint     ] Leaving safepoint region
[2023-10-19T20:39:44.379+0000][58.907s][info ][safepoint     ] Total time for which application threads were stopped: 0.0012465 seconds, Stopping threads took: 0.0005026 seconds
[2023-10-19T20:39:45.380+0000][59.907s][debug][safepoint     ] Safepoint synchronization initiated. (182 threads)
[2023-10-19T20:39:45.380+0000][59.908s][info ][safepoint     ] Application time: 1.0006762 seconds
[2023-10-19T20:39:45.381+0000][59.908s][info ][safepoint     ] Entering safepoint region: Cleanup
[2023-10-19T20:39:45.381+0000][59.909s][info ][safepoint     ] Leaving safepoint region
[2023-10-19T20:39:45.382+0000][59.910s][info ][safepoint     ] Total time for which application threads were stopped: 0.0011606 seconds, Stopping threads took: 0.0004677 seconds
[2023-10-19T20:39:46.383+0000][60.910s][debug][safepoint     ] Safepoint synchronization initiated. (182 threads)
[2023-10-19T20:39:46.383+0000][60.911s][info ][safepoint     ] Application time: 1.0008828 seconds
[2023-10-19T20:39:46.384+0000][60.911s][info ][safepoint     ] Entering safepoint region: Cleanup
[2023-10-19T20:39:46.384+0000][60.912s][info ][safepoint     ] Leaving safepoint region
[2023-10-19T20:39:46.385+0000][60.913s][info ][safepoint     ] Total time for which application threads were stopped: 0.0011858 seconds, Stopping threads took: 0.0004708 seconds
[2023-10-19T20:39:47.386+0000][61.913s][debug][safepoint     ] Safepoint synchronization initiated. (181 threads)
[2023-10-19T20:39:47.386+0000][61.914s][info ][safepoint     ] Application time: 1.0008319 seconds
[2023-10-19T20:39:47.387+0000][61.914s][info ][safepoint     ] Entering safepoint region: Cleanup
[2023-10-19T20:39:47.387+0000][61.915s][info ][safepoint     ] Leaving safepoint region
[2023-10-19T20:39:47.388+0000][61.916s][info ][safepoint     ] Total time for which application threads were stopped: 0.0011550 seconds, Stopping threads took: 0.0004684 seconds
[2023-10-19T20:39:48.389+0000][62.916s][debug][safepoint     ] Safepoint synchronization initiated. (182 threads)
[2023-10-19T20:39:48.389+0000][62.917s][info ][safepoint     ] Application time: 1.0006966 seconds
[2023-10-19T20:39:48.390+0000][62.917s][info ][safepoint     ] Entering safepoint region: Cleanup
[2023-10-19T20:39:48.390+0000][62.918s][info ][safepoint     ] Leaving safepoint region
[2023-10-19T20:39:48.391+0000][62.919s][info ][safepoint     ] Total time for which application threads were stopped: 0.0013748 seconds, Stopping threads took: 0.0005373 seconds
[2023-10-19T20:39:49.392+0000][63.920s][debug][safepoint     ] Safepoint synchronization initiated. (182 threads)
[2023-10-19T20:39:49.392+0000][63.920s][info ][safepoint     ] Application time: 1.0007182 seconds
[2023-10-19T20:39:49.393+0000][63.921s][info ][safepoint     ] Entering safepoint region: Cleanup
[2023-10-19T20:39:49.394+0000][63.921s][info ][safepoint     ] Leaving safepoint region
[2023-10-19T20:39:49.394+0000][63.922s][info ][safepoint     ] Total time for which application threads were stopped: 0.0011332 seconds, Stopping threads took: 0.0004725 seconds
[2023-10-19T20:39:50.395+0000][64.922s][debug][safepoint     ] Safepoint synchronization initiated. (182 threads)
[2023-10-19T20:39:50.395+0000][64.923s][info ][safepoint     ] Application time: 1.0009246 seconds
[2023-10-19T20:39:50.396+0000][64.924s][info ][safepoint     ] Entering safepoint region: Cleanup
[2023-10-19T20:39:50.397+0000][64.924s][info ][safepoint     ] Leaving safepoint region
[2023-10-19T20:39:50.397+0000][64.925s][info ][safepoint     ] Total time for which application threads were stopped: 0.0011669 seconds, Stopping threads took: 0.0005078 seconds
[2023-10-19T20:39:51.398+0000][65.926s][debug][safepoint     ] Safepoint synchronization initiated. (182 threads)
[2023-10-19T20:39:51.399+0000][65.926s][info ][safepoint     ] Application time: 1.0009161 seconds
[2023-10-19T20:39:51.399+0000][65.927s][info ][safepoint     ] Entering safepoint region: Cleanup
[2023-10-19T20:39:51.400+0000][65.927s][info ][safepoint     ] Leaving safepoint region
[2023-10-19T20:39:51.400+0000][65.928s][info ][safepoint     ] Total time for which application threads were stopped: 0.0010987 seconds, Stopping threads took: 0.0004487 seconds
[2023-10-19T20:39:52.401+0000][66.928s][debug][safepoint     ] Safepoint synchronization initiated. (182 threads)
[2023-10-19T20:39:52.401+0000][66.929s][info ][safepoint     ] Application time: 1.0008586 seconds
[2023-10-19T20:39:52.402+0000][66.930s][info ][safepoint     ] Entering safepoint region: Cleanup
[2023-10-19T20:39:52.403+0000][66.930s][info ][safepoint     ] Leaving safepoint region
[2023-10-19T20:39:52.403+0000][66.931s][info ][safepoint     ] Total time for which application threads were stopped: 0.0012268 seconds, Stopping threads took: 0.0004997 seconds
[2023-10-19T20:39:53.404+0000][67.931s][debug][safepoint     ] Safepoint synchronization initiated. (182 threads)
[2023-10-19T20:39:53.404+0000][67.932s][info ][safepoint     ] Application time: 1.0007304 seconds
[2023-10-19T20:39:53.405+0000][67.932s][info ][safepoint     ] Entering safepoint region: Cleanup
[2023-10-19T20:39:53.405+0000][67.933s][info ][safepoint     ] Leaving safepoint region
[2023-10-19T20:39:53.406+0000][67.933s][info ][safepoint     ] Total time for which application threads were stopped: 0.0010969 seconds, Stopping threads took: 0.0004275 seconds
[2023-10-19T20:39:54.406+0000][68.934s][debug][safepoint     ] Safepoint synchronization initiated. (182 threads)
[2023-10-19T20:39:54.407+0000][68.934s][info ][safepoint     ] Application time: 1.0004866 seconds
[2023-10-19T20:39:54.407+0000][68.935s][info ][safepoint     ] Entering safepoint region: Cleanup
[2023-10-19T20:39:54.408+0000][68.935s][info ][safepoint     ] Leaving safepoint region
[2023-10-19T20:39:54.408+0000][68.936s][info ][safepoint     ] Total time for which application threads were stopped: 0.0010515 seconds, Stopping threads took: 0.0004087 seconds
[2023-10-19T20:39:55.409+0000][69.936s][debug][safepoint     ] Safepoint synchronization initiated. (182 threads)
[2023-10-19T20:39:55.409+0000][69.937s][info ][safepoint     ] Application time: 1.0007231 seconds
[2023-10-19T20:39:55.410+0000][69.937s][info ][safepoint     ] Entering safepoint region: Cleanup
[2023-10-19T20:39:55.410+0000][69.938s][info ][safepoint     ] Leaving safepoint region
[2023-10-19T20:39:55.411+0000][69.938s][info ][safepoint     ] Total time for which application threads were stopped: 0.0011508 seconds, Stopping threads took: 0.0004794 seconds
[2023-10-19T20:39:56.411+0000][70.939s][debug][safepoint     ] Safepoint synchronization initiated. (182 threads)
[2023-10-19T20:39:56.412+0000][70.940s][info ][safepoint     ] Application time: 1.0008732 seconds
[2023-10-19T20:39:56.413+0000][70.940s][info ][safepoint     ] Entering safepoint region: Cleanup
[2023-10-19T20:39:56.413+0000][70.941s][info ][safepoint     ] Leaving safepoint region
[2023-10-19T20:39:56.414+0000][70.942s][info ][safepoint     ] Total time for which application threads were stopped: 0.0012800 seconds, Stopping threads took: 0.0005778 seconds
[2023-10-19T20:39:57.414+0000][71.942s][debug][safepoint     ] Safepoint synchronization initiated. (182 threads)
[2023-10-19T20:39:57.415+0000][71.943s][info ][safepoint     ] Application time: 1.0007405 seconds
[2023-10-19T20:39:57.416+0000][71.943s][info ][safepoint     ] Entering safepoint region: Cleanup
[2023-10-19T20:39:57.416+0000][71.944s][info ][safepoint     ] Leaving safepoint region
[2023-10-19T20:39:57.417+0000][71.945s][info ][safepoint     ] Total time for which application threads were stopped: 0.0013300 seconds, Stopping threads took: 0.0005943 seconds
[2023-10-19T20:39:58.417+0000][72.945s][debug][safepoint     ] Safepoint synchronization initiated. (183 threads)
[2023-10-19T20:39:58.418+0000][72.946s][info ][safepoint     ] Application time: 1.0007130 seconds
[2023-10-19T20:39:58.419+0000][72.946s][info ][safepoint     ] Entering safepoint region: Cleanup
[2023-10-19T20:39:58.419+0000][72.947s][info ][safepoint     ] Leaving safepoint region
[2023-10-19T20:39:58.420+0000][72.948s][info ][safepoint     ] Total time for which application threads were stopped: 0.0013263 seconds, Stopping threads took: 0.0005590 seconds
[2023-10-19T20:39:59.420+0000][73.948s][debug][safepoint     ] Safepoint synchronization initiated. (182 threads)
[2023-10-19T20:39:59.421+0000][73.949s][info ][safepoint     ] Application time: 1.0006693 seconds
[2023-10-19T20:39:59.421+0000][73.949s][info ][safepoint     ] Entering safepoint region: Cleanup
[2023-10-19T20:39:59.422+0000][73.950s][info ][safepoint     ] Leaving safepoint region
[2023-10-19T20:39:59.423+0000][73.950s][info ][safepoint     ] Total time for which application threads were stopped: 0.0011173 seconds, Stopping threads took: 0.0004315 seconds
[2023-10-19T20:40:00.423+0000][74.951s][debug][safepoint     ] Safepoint synchronization initiated. (182 threads)
[2023-10-19T20:40:00.424+0000][74.952s][info ][safepoint     ] Application time: 1.0008205 seconds
[2023-10-19T20:40:00.424+0000][74.952s][info ][safepoint     ] Entering safepoint region: Cleanup
[2023-10-19T20:40:00.425+0000][74.953s][info ][safepoint     ] Leaving safepoint region
[2023-10-19T20:40:00.425+0000][74.953s][info ][safepoint     ] Total time for which application threads were stopped: 0.0011177 seconds, Stopping threads took: 0.0004926 seconds
[2023-10-19T20:40:01.426+0000][75.954s][debug][safepoint     ] Safepoint synchronization initiated. (182 threads)
[2023-10-19T20:40:01.427+0000][75.954s][info ][safepoint     ] Application time: 1.0006670 seconds
[2023-10-19T20:40:01.427+0000][75.955s][info ][safepoint     ] Entering safepoint region: Cleanup
[2023-10-19T20:40:01.427+0000][75.955s][info ][safepoint     ] Leaving safepoint region
[2023-10-19T20:40:01.428+0000][75.956s][info ][safepoint     ] Total time for which application threads were stopped: 0.0009946 seconds, Stopping threads took: 0.0003893 seconds
[2023-10-19T20:40:02.428+0000][76.956s][debug][safepoint     ] Safepoint synchronization initiated. (182 threads)
[2023-10-19T20:40:02.429+0000][76.957s][info ][safepoint     ] Application time: 1.0009240 seconds
[2023-10-19T20:40:02.430+0000][76.957s][info ][safepoint     ] Entering safepoint region: Cleanup
[2023-10-19T20:40:02.431+0000][76.958s][info ][safepoint     ] Leaving safepoint region
[2023-10-19T20:40:02.431+0000][76.959s][info ][safepoint     ] Total time for which application threads were stopped: 0.0014385 seconds, Stopping threads took: 0.0006845 seconds
[2023-10-19T20:40:03.432+0000][77.959s][debug][safepoint     ] Safepoint synchronization initiated. (182 threads)
[2023-10-19T20:40:03.432+0000][77.960s][info ][safepoint     ] Application time: 1.0007422 seconds
[2023-10-19T20:40:03.433+0000][77.961s][info ][safepoint     ] Entering safepoint region: Cleanup
[2023-10-19T20:40:03.434+0000][77.961s][info ][safepoint     ] Leaving safepoint region
[2023-10-19T20:40:03.434+0000][77.962s][info ][safepoint     ] Total time for which application threads were stopped: 0.0013960 seconds, Stopping threads took: 0.0006513 seconds
[2023-10-19T20:40:04.435+0000][78.963s][debug][safepoint     ] Safepoint synchronization initiated. (182 threads)
[2023-10-19T20:40:04.436+0000][78.963s][info ][safepoint     ] Application time: 1.0008650 seconds
[2023-10-19T20:40:04.436+0000][78.964s][info ][safepoint     ] Entering safepoint region: Cleanup
[2023-10-19T20:40:04.437+0000][78.964s][info ][safepoint     ] Leaving safepoint region
[2023-10-19T20:40:04.437+0000][78.965s][info ][safepoint     ] Total time for which application threads were stopped: 0.0011074 seconds, Stopping threads took: 0.0005181 seconds
[2023-10-19T20:40:05.438+0000][79.965s][debug][safepoint     ] Safepoint synchronization initiated. (182 threads)
[2023-10-19T20:40:05.438+0000][79.966s][info ][safepoint     ] Application time: 1.0006848 seconds
[2023-10-19T20:40:05.439+0000][79.966s][info ][safepoint     ] Entering safepoint region: Cleanup
[2023-10-19T20:40:05.439+0000][79.967s][info ][safepoint     ] Leaving safepoint region
[2023-10-19T20:40:05.440+0000][79.967s][info ][safepoint     ] Total time for which application threads were stopped: 0.0009957 seconds, Stopping threads took: 0.0004048 seconds
[2023-10-19T20:40:06.440+0000][80.968s][debug][safepoint     ] Safepoint synchronization initiated. (182 threads)
[2023-10-19T20:40:06.441+0000][80.969s][info ][safepoint     ] Application time: 1.0008625 seconds
[2023-10-19T20:40:06.441+0000][80.969s][info ][safepoint     ] Entering safepoint region: Cleanup
[2023-10-19T20:40:06.442+0000][80.970s][info ][safepoint     ] Leaving safepoint region
[2023-10-19T20:40:06.442+0000][80.970s][info ][safepoint     ] Total time for which application threads were stopped: 0.0011894 seconds, Stopping threads took: 0.0004922 seconds
[2023-10-19T20:40:07.443+0000][81.971s][debug][safepoint     ] Safepoint synchronization initiated. (182 threads)
[2023-10-19T20:40:07.444+0000][81.971s][info ][safepoint     ] Application time: 1.0006586 seconds
[2023-10-19T20:40:07.444+0000][81.972s][info ][safepoint     ] Entering safepoint region: Cleanup
[2023-10-19T20:40:07.445+0000][81.972s][info ][safepoint     ] Leaving safepoint region
[2023-10-19T20:40:07.445+0000][81.973s][info ][safepoint     ] Total time for which application threads were stopped: 0.0009882 seconds, Stopping threads took: 0.0004197 seconds
[2023-10-19T20:40:08.445+0000][82.973s][debug][safepoint     ] Safepoint synchronization initiated. (182 threads)
[2023-10-19T20:40:08.446+0000][82.974s][info ][safepoint     ] Application time: 1.0006621 seconds
[2023-10-19T20:40:08.446+0000][82.974s][info ][safepoint     ] Entering safepoint region: Cleanup
[2023-10-19T20:40:08.447+0000][82.975s][info ][safepoint     ] Leaving safepoint region
[2023-10-19T20:40:08.448+0000][82.975s][info ][safepoint     ] Total time for which application threads were stopped: 0.0012552 seconds, Stopping threads took: 0.0005214 seconds
[2023-10-19T20:40:09.448+0000][83.976s][debug][safepoint     ] Safepoint synchronization initiated. (182 threads)
[2023-10-19T20:40:09.449+0000][83.977s][info ][safepoint     ] Application time: 1.0007973 seconds
[2023-10-19T20:40:09.449+0000][83.977s][info ][safepoint     ] Entering safepoint region: Cleanup
[2023-10-19T20:40:09.450+0000][83.978s][info ][safepoint     ] Leaving safepoint region
[2023-10-19T20:40:09.450+0000][83.978s][info ][safepoint     ] Total time for which application threads were stopped: 0.0011969 seconds, Stopping threads took: 0.0005275 seconds
[2023-10-19T20:40:10.451+0000][84.979s][debug][safepoint     ] Safepoint synchronization initiated. (182 threads)
[2023-10-19T20:40:10.452+0000][84.980s][info ][safepoint     ] Application time: 1.0008142 seconds
[2023-10-19T20:40:10.452+0000][84.980s][info ][safepoint     ] Entering safepoint region: Cleanup
[2023-10-19T20:40:10.453+0000][84.981s][info ][safepoint     ] Leaving safepoint region
[2023-10-19T20:40:10.454+0000][84.981s][info ][safepoint     ] Total time for which application threads were stopped: 0.0012535 seconds, Stopping threads took: 0.0004967 seconds
[2023-10-19T20:40:11.454+0000][85.982s][debug][safepoint     ] Safepoint synchronization initiated. (182 threads)
[2023-10-19T20:40:11.455+0000][85.982s][info ][safepoint     ] Application time: 1.0007455 seconds
[2023-10-19T20:40:11.455+0000][85.983s][info ][safepoint     ] Entering safepoint region: Cleanup
[2023-10-19T20:40:11.456+0000][85.984s][info ][safepoint     ] Leaving safepoint region
[2023-10-19T20:40:11.457+0000][85.984s][info ][safepoint     ] Total time for which application threads were stopped: 0.0011251 seconds, Stopping threads took: 0.0004717 seconds
[2023-10-19T20:40:12.457+0000][86.985s][debug][safepoint     ] Safepoint synchronization initiated. (182 threads)
[2023-10-19T20:40:12.458+0000][86.986s][info ][safepoint     ] Application time: 1.0008931 seconds
[2023-10-19T20:40:12.458+0000][86.986s][info ][safepoint     ] Entering safepoint region: Cleanup
[2023-10-19T20:40:12.459+0000][86.987s][info ][safepoint     ] Leaving safepoint region
[2023-10-19T20:40:12.460+0000][86.987s][info ][safepoint     ] Total time for which application threads were stopped: 0.0012184 seconds, Stopping threads took: 0.0004679 seconds
[2023-10-19T20:40:13.460+0000][87.988s][debug][safepoint     ] Safepoint synchronization initiated. (182 threads)
[2023-10-19T20:40:13.461+0000][87.989s][info ][safepoint     ] Application time: 1.0006024 seconds
[2023-10-19T20:40:13.461+0000][87.989s][info ][safepoint     ] Entering safepoint region: Cleanup
[2023-10-19T20:40:13.462+0000][87.990s][info ][safepoint     ] Leaving safepoint region
[2023-10-19T20:40:13.462+0000][87.990s][info ][safepoint     ] Total time for which application threads were stopped: 0.0010082 seconds, Stopping threads took: 0.0004736 seconds
[2023-10-19T20:40:14.463+0000][88.990s][debug][safepoint     ] Safepoint synchronization initiated. (182 threads)
[2023-10-19T20:40:14.463+0000][88.991s][info ][safepoint     ] Application time: 1.0008949 seconds
[2023-10-19T20:40:14.464+0000][88.992s][info ][safepoint     ] Entering safepoint region: Cleanup
[2023-10-19T20:40:14.465+0000][88.992s][info ][safepoint     ] Leaving safepoint region
[2023-10-19T20:40:14.465+0000][88.993s][info ][safepoint     ] Total time for which application threads were stopped: 0.0011119 seconds, Stopping threads took: 0.0005138 seconds
[2023-10-19T20:40:15.466+0000][89.993s][debug][safepoint     ] Safepoint synchronization initiated. (182 threads)
[2023-10-19T20:40:15.466+0000][89.994s][info ][safepoint     ] Application time: 1.0005200 seconds
[2023-10-19T20:40:15.466+0000][89.994s][info ][safepoint     ] Entering safepoint region: Cleanup
[2023-10-19T20:40:15.467+0000][89.995s][info ][safepoint     ] Leaving safepoint region
[2023-10-19T20:40:15.467+0000][89.995s][info ][safepoint     ] Total time for which application threads were stopped: 0.0010797 seconds, Stopping threads took: 0.0003866 seconds
[2023-10-19T20:40:16.468+0000][90.996s][debug][safepoint     ] Safepoint synchronization initiated. (182 threads)
[2023-10-19T20:40:16.469+0000][90.996s][info ][safepoint     ] Application time: 1.0006191 seconds
[2023-10-19T20:40:16.469+0000][90.997s][info ][safepoint     ] Entering safepoint region: Cleanup
[2023-10-19T20:40:16.469+0000][90.997s][info ][safepoint     ] Leaving safepoint region
[2023-10-19T20:40:16.470+0000][90.998s][info ][safepoint     ] Total time for which application threads were stopped: 0.0009689 seconds, Stopping threads took: 0.0003589 seconds
[2023-10-19T20:40:17.470+0000][91.998s][debug][safepoint     ] Safepoint synchronization initiated. (182 threads)
[2023-10-19T20:40:17.471+0000][91.999s][info ][safepoint     ] Application time: 1.0006807 seconds
[2023-10-19T20:40:17.471+0000][91.999s][info ][safepoint     ] Entering safepoint region: Cleanup
[2023-10-19T20:40:17.472+0000][92.000s][info ][safepoint     ] Leaving safepoint region
[2023-10-19T20:40:17.472+0000][92.000s][info ][safepoint     ] Total time for which application threads were stopped: 0.0010908 seconds, Stopping threads took: 0.0004709 seconds
[2023-10-19T20:40:18.473+0000][93.001s][debug][safepoint     ] Safepoint synchronization initiated. (182 threads)
[2023-10-19T20:40:18.474+0000][93.001s][info ][safepoint     ] Application time: 1.0006389 seconds
[2023-10-19T20:40:18.474+0000][93.002s][info ][safepoint     ] Entering safepoint region: Cleanup
[2023-10-19T20:40:18.475+0000][93.002s][info ][safepoint     ] Leaving safepoint region
[2023-10-19T20:40:18.475+0000][93.003s][info ][safepoint     ] Total time for which application threads were stopped: 0.0010127 seconds, Stopping threads took: 0.0004159 seconds
[2023-10-19T20:40:19.476+0000][94.003s][debug][safepoint     ] Safepoint synchronization initiated. (182 threads)
[2023-10-19T20:40:19.476+0000][94.004s][info ][safepoint     ] Application time: 1.0007748 seconds
[2023-10-19T20:40:19.477+0000][94.004s][info ][safepoint     ] Entering safepoint region: Cleanup
[2023-10-19T20:40:19.477+0000][94.005s][info ][safepoint     ] Leaving safepoint region
[2023-10-19T20:40:19.478+0000][94.005s][info ][safepoint     ] Total time for which application threads were stopped: 0.0010636 seconds, Stopping threads took: 0.0004634 seconds
[2023-10-19T20:40:20.478+0000][95.006s][debug][safepoint     ] Safepoint synchronization initiated. (182 threads)
[2023-10-19T20:40:20.479+0000][95.006s][info ][safepoint     ] Application time: 1.0007115 seconds
[2023-10-19T20:40:20.479+0000][95.007s][info ][safepoint     ] Entering safepoint region: Cleanup
[2023-10-19T20:40:20.480+0000][95.008s][info ][safepoint     ] Leaving safepoint region
[2023-10-19T20:40:20.480+0000][95.008s][info ][safepoint     ] Total time for which application threads were stopped: 0.0012355 seconds, Stopping threads took: 0.0004925 seconds
[2023-10-19T20:40:21.481+0000][96.009s][debug][safepoint     ] Safepoint synchronization initiated. (182 threads)
[2023-10-19T20:40:21.482+0000][96.009s][info ][safepoint     ] Application time: 1.0008595 seconds
[2023-10-19T20:40:21.482+0000][96.010s][info ][safepoint     ] Entering safepoint region: Cleanup
[2023-10-19T20:40:21.483+0000][96.011s][info ][safepoint     ] Leaving safepoint region
[2023-10-19T20:40:21.483+0000][96.011s][info ][safepoint     ] Total time for which application threads were stopped: 0.0012431 seconds, Stopping threads took: 0.0005841 seconds
[2023-10-19T20:40:22.484+0000][97.012s][debug][safepoint     ] Safepoint synchronization initiated. (182 threads)
[2023-10-19T20:40:22.485+0000][97.012s][info ][safepoint     ] Application time: 1.0007448 seconds
[2023-10-19T20:40:22.485+0000][97.013s][info ][safepoint     ] Entering safepoint region: Cleanup
[2023-10-19T20:40:22.486+0000][97.014s][info ][safepoint     ] Leaving safepoint region
[2023-10-19T20:40:22.487+0000][97.014s][info ][safepoint     ] Total time for which application threads were stopped: 0.0012792 seconds, Stopping threads took: 0.0006153 seconds
[2023-10-19T20:40:23.487+0000][98.015s][debug][safepoint     ] Safepoint synchronization initiated. (182 threads)
[2023-10-19T20:40:23.488+0000][98.016s][info ][safepoint     ] Application time: 1.0009018 seconds
[2023-10-19T20:40:23.488+0000][98.016s][info ][safepoint     ] Entering safepoint region: Cleanup
[2023-10-19T20:40:23.489+0000][98.017s][info ][safepoint     ] Leaving safepoint region
[2023-10-19T20:40:23.490+0000][98.017s][info ][safepoint     ] Total time for which application threads were stopped: 0.0011491 seconds, Stopping threads took: 0.0005003 seconds
[2023-10-19T20:40:24.490+0000][99.018s][debug][safepoint     ] Safepoint synchronization initiated. (182 threads)
[2023-10-19T20:40:24.491+0000][99.019s][info ][safepoint     ] Application time: 1.0008162 seconds
[2023-10-19T20:40:24.491+0000][99.019s][info ][safepoint     ] Entering safepoint region: Cleanup
[2023-10-19T20:40:24.492+0000][99.020s][info ][safepoint     ] Leaving safepoint region
[2023-10-19T20:40:24.492+0000][99.020s][info ][safepoint     ] Total time for which application threads were stopped: 0.0011493 seconds, Stopping threads took: 0.0005012 seconds
[2023-10-19T20:40:25.493+0000][100.021s][debug][safepoint     ] Safepoint synchronization initiated. (182 threads)
[2023-10-19T20:40:25.494+0000][100.022s][info ][safepoint     ] Application time: 1.0008755 seconds
[2023-10-19T20:40:25.494+0000][100.022s][info ][safepoint     ] Entering safepoint region: Cleanup
[2023-10-19T20:40:25.495+0000][100.023s][info ][safepoint     ] Leaving safepoint region
[2023-10-19T20:40:25.495+0000][100.023s][info ][safepoint     ] Total time for which application threads were stopped: 0.0010949 seconds, Stopping threads took: 0.0004625 seconds
[2023-10-19T20:40:26.496+0000][101.024s][debug][safepoint     ] Safepoint synchronization initiated. (182 threads)
[2023-10-19T20:40:26.497+0000][101.025s][info ][safepoint     ] Application time: 1.0008598 seconds
[2023-10-19T20:40:26.497+0000][101.025s][info ][safepoint     ] Entering safepoint region: Cleanup
[2023-10-19T20:40:26.498+0000][101.026s][info ][safepoint     ] Leaving safepoint region
[2023-10-19T20:40:26.499+0000][101.026s][info ][safepoint     ] Total time for which application threads were stopped: 0.0012533 seconds, Stopping threads took: 0.0005416 seconds
[2023-10-19T20:40:27.499+0000][102.027s][debug][safepoint     ] Safepoint synchronization initiated. (182 threads)
[2023-10-19T20:40:27.500+0000][102.028s][info ][safepoint     ] Application time: 1.0010743 seconds
[2023-10-19T20:40:27.501+0000][102.029s][info ][safepoint     ] Entering safepoint region: Cleanup
[2023-10-19T20:40:27.502+0000][102.030s][info ][safepoint     ] Leaving safepoint region
[2023-10-19T20:40:27.502+0000][102.030s][info ][safepoint     ] Total time for which application threads were stopped: 0.0012585 seconds, Stopping threads took: 0.0005703 seconds
[2023-10-19T20:40:28.503+0000][103.031s][debug][safepoint     ] Safepoint synchronization initiated. (182 threads)
[2023-10-19T20:40:28.504+0000][103.031s][info ][safepoint     ] Application time: 1.0008506 seconds
[2023-10-19T20:40:28.504+0000][103.032s][info ][safepoint     ] Entering safepoint region: Cleanup
[2023-10-19T20:40:28.505+0000][103.033s][info ][safepoint     ] Leaving safepoint region
[2023-10-19T20:40:28.505+0000][103.033s][info ][safepoint     ] Total time for which application threads were stopped: 0.0012385 seconds, Stopping threads took: 0.0005174 seconds
[2023-10-19T20:40:29.506+0000][104.034s][debug][safepoint     ] Safepoint synchronization initiated. (182 threads)
[2023-10-19T20:40:29.507+0000][104.034s][info ][safepoint     ] Application time: 1.0008538 seconds
[2023-10-19T20:40:29.507+0000][104.035s][info ][safepoint     ] Entering safepoint region: Cleanup
[2023-10-19T20:40:29.508+0000][104.036s][info ][safepoint     ] Leaving safepoint region
[2023-10-19T20:40:29.508+0000][104.036s][info ][safepoint     ] Total time for which application threads were stopped: 0.0010527 seconds, Stopping threads took: 0.0004944 seconds
[2023-10-19T20:40:30.509+0000][105.037s][debug][safepoint     ] Safepoint synchronization initiated. (182 threads)
[2023-10-19T20:40:30.509+0000][105.037s][info ][safepoint     ] Application time: 1.0007431 seconds
[2023-10-19T20:40:30.510+0000][105.038s][info ][safepoint     ] Entering safepoint region: Cleanup
[2023-10-19T20:40:30.511+0000][105.038s][info ][safepoint     ] Leaving safepoint region
[2023-10-19T20:40:30.511+0000][105.039s][info ][safepoint     ] Total time for which application threads were stopped: 0.0012587 seconds, Stopping threads took: 0.0005328 seconds
[2023-10-19T20:40:31.512+0000][106.040s][debug][safepoint     ] Safepoint synchronization initiated. (182 threads)
[2023-10-19T20:40:31.513+0000][106.040s][info ][safepoint     ] Application time: 1.0008825 seconds
[2023-10-19T20:40:31.513+0000][106.041s][info ][safepoint     ] Entering safepoint region: Cleanup
[2023-10-19T20:40:31.514+0000][106.042s][info ][safepoint     ] Leaving safepoint region
[2023-10-19T20:40:31.514+0000][106.042s][info ][safepoint     ] Total time for which application threads were stopped: 0.0012091 seconds, Stopping threads took: 0.0005261 seconds
[2023-10-19T20:40:32.515+0000][107.043s][debug][safepoint     ] Safepoint synchronization initiated. (182 threads)
[2023-10-19T20:40:32.516+0000][107.043s][info ][safepoint     ] Application time: 1.0008898 seconds
[2023-10-19T20:40:32.516+0000][107.044s][info ][safepoint     ] Entering safepoint region: Cleanup
[2023-10-19T20:40:32.517+0000][107.045s][info ][safepoint     ] Leaving safepoint region
[2023-10-19T20:40:32.517+0000][107.045s][info ][safepoint     ] Total time for which application threads were stopped: 0.0012349 seconds, Stopping threads took: 0.0005150 seconds
[2023-10-19T20:40:33.518+0000][108.046s][debug][safepoint     ] Safepoint synchronization initiated. (182 threads)
[2023-10-19T20:40:33.519+0000][108.046s][info ][safepoint     ] Application time: 1.0008390 seconds
[2023-10-19T20:40:33.519+0000][108.047s][info ][safepoint     ] Entering safepoint region: Cleanup
[2023-10-19T20:40:33.520+0000][108.048s][info ][safepoint     ] Leaving safepoint region
[2023-10-19T20:40:33.520+0000][108.048s][info ][safepoint     ] Total time for which application threads were stopped: 0.0013086 seconds, Stopping threads took: 0.0006354 seconds
[2023-10-19T20:40:34.521+0000][109.049s][debug][safepoint     ] Safepoint synchronization initiated. (182 threads)
[2023-10-19T20:40:34.522+0000][109.050s][info ][safepoint     ] Application time: 1.0009414 seconds
[2023-10-19T20:40:34.523+0000][109.050s][info ][safepoint     ] Entering safepoint region: Cleanup
[2023-10-19T20:40:34.523+0000][109.051s][info ][safepoint     ] Leaving safepoint region
[2023-10-19T20:40:34.524+0000][109.052s][info ][safepoint     ] Total time for which application threads were stopped: 0.0013625 seconds, Stopping threads took: 0.0005923 seconds
[2023-10-19T20:40:35.525+0000][110.052s][debug][safepoint     ] Safepoint synchronization initiated. (182 threads)
[2023-10-19T20:40:35.525+0000][110.053s][info ][safepoint     ] Application time: 1.0006538 seconds
[2023-10-19T20:40:35.526+0000][110.053s][info ][safepoint     ] Entering safepoint region: Cleanup
[2023-10-19T20:40:35.526+0000][110.054s][info ][safepoint     ] Leaving safepoint region
[2023-10-19T20:40:35.527+0000][110.055s][info ][safepoint     ] Total time for which application threads were stopped: 0.0012309 seconds, Stopping threads took: 0.0005279 seconds
[2023-10-19T20:40:36.528+0000][111.055s][debug][safepoint     ] Safepoint synchronization initiated. (182 threads)
[2023-10-19T20:40:36.528+0000][111.056s][info ][safepoint     ] Application time: 1.0006473 seconds
[2023-10-19T20:40:36.528+0000][111.056s][info ][safepoint     ] Entering safepoint region: Cleanup
[2023-10-19T20:40:36.529+0000][111.057s][info ][safepoint     ] Leaving safepoint region
[2023-10-19T20:40:36.529+0000][111.057s][info ][safepoint     ] Total time for which application threads were stopped: 0.0010811 seconds, Stopping threads took: 0.0004521 seconds
[2023-10-19T20:40:37.530+0000][112.058s][debug][safepoint     ] Safepoint synchronization initiated. (182 threads)
[2023-10-19T20:40:37.531+0000][112.058s][info ][safepoint     ] Application time: 1.0007942 seconds
[2023-10-19T20:40:37.531+0000][112.059s][info ][safepoint     ] Entering safepoint region: Cleanup
[2023-10-19T20:40:37.532+0000][112.060s][info ][safepoint     ] Leaving safepoint region
[2023-10-19T20:40:37.532+0000][112.060s][info ][safepoint     ] Total time for which application threads were stopped: 0.0011982 seconds, Stopping threads took: 0.0004954 seconds
[2023-10-19T20:40:38.533+0000][113.060s][debug][safepoint     ] Safepoint synchronization initiated. (182 threads)
[2023-10-19T20:40:38.533+0000][113.061s][info ][safepoint     ] Application time: 1.0005666 seconds
[2023-10-19T20:40:38.534+0000][113.061s][info ][safepoint     ] Entering safepoint region: Cleanup
[2023-10-19T20:40:38.534+0000][113.062s][info ][safepoint     ] Leaving safepoint region
[2023-10-19T20:40:38.535+0000][113.062s][info ][safepoint     ] Total time for which application threads were stopped: 0.0010005 seconds, Stopping threads took: 0.0004568 seconds
[2023-10-19T20:40:39.535+0000][114.063s][debug][safepoint     ] Safepoint synchronization initiated. (182 threads)
[2023-10-19T20:40:39.536+0000][114.063s][info ][safepoint     ] Application time: 1.0007806 seconds
[2023-10-19T20:40:39.536+0000][114.064s][info ][safepoint     ] Entering safepoint region: Cleanup
[2023-10-19T20:40:39.537+0000][114.065s][info ][safepoint     ] Leaving safepoint region
[2023-10-19T20:40:39.537+0000][114.065s][info ][safepoint     ] Total time for which application threads were stopped: 0.0010344 seconds, Stopping threads took: 0.0005005 seconds
[2023-10-19T20:40:40.538+0000][115.066s][debug][safepoint     ] Safepoint synchronization initiated. (182 threads)
[2023-10-19T20:40:40.538+0000][115.066s][info ][safepoint     ] Application time: 1.0006170 seconds
[2023-10-19T20:40:40.539+0000][115.067s][info ][safepoint     ] Entering safepoint region: Cleanup
[2023-10-19T20:40:40.540+0000][115.067s][info ][safepoint     ] Leaving safepoint region
[2023-10-19T20:40:40.540+0000][115.068s][info ][safepoint     ] Total time for which application threads were stopped: 0.0012004 seconds, Stopping threads took: 0.0005615 seconds
[2023-10-19T20:40:41.540+0000][116.068s][debug][safepoint     ] Safepoint synchronization initiated. (182 threads)
[2023-10-19T20:40:41.541+0000][116.069s][info ][safepoint     ] Application time: 1.0006690 seconds
[2023-10-19T20:40:41.541+0000][116.069s][info ][safepoint     ] Entering safepoint region: Cleanup
[2023-10-19T20:40:41.542+0000][116.070s][info ][safepoint     ] Leaving safepoint region
[2023-10-19T20:40:41.542+0000][116.070s][info ][safepoint     ] Total time for which application threads were stopped: 0.0010085 seconds, Stopping threads took: 0.0004333 seconds
[2023-10-19T20:40:42.543+0000][117.071s][debug][safepoint     ] Safepoint synchronization initiated. (179 threads)
[2023-10-19T20:40:42.543+0000][117.071s][info ][safepoint     ] Application time: 1.0006184 seconds
[2023-10-19T20:40:42.544+0000][117.072s][info ][safepoint     ] Entering safepoint region: Cleanup
[2023-10-19T20:40:42.545+0000][117.072s][info ][safepoint     ] Leaving safepoint region
[2023-10-19T20:40:42.545+0000][117.073s][info ][safepoint     ] Total time for which application threads were stopped: 0.0012851 seconds, Stopping threads took: 0.0004936 seconds
[2023-10-19T20:40:43.546+0000][118.074s][debug][safepoint     ] Safepoint synchronization initiated. (179 threads)
[2023-10-19T20:40:43.546+0000][118.074s][info ][safepoint     ] Application time: 1.0008708 seconds
[2023-10-19T20:40:43.547+0000][118.075s][info ][safepoint     ] Entering safepoint region: Cleanup
[2023-10-19T20:40:43.548+0000][118.076s][info ][safepoint     ] Leaving safepoint region
[2023-10-19T20:40:43.548+0000][118.076s][info ][safepoint     ] Total time for which application threads were stopped: 0.0013434 seconds, Stopping threads took: 0.0005823 seconds
[2023-10-19T20:40:44.549+0000][119.077s][debug][safepoint     ] Safepoint synchronization initiated. (179 threads)
[2023-10-19T20:40:44.550+0000][119.077s][info ][safepoint     ] Application time: 1.0008560 seconds
[2023-10-19T20:40:44.550+0000][119.078s][info ][safepoint     ] Entering safepoint region: Cleanup
[2023-10-19T20:40:44.551+0000][119.079s][info ][safepoint     ] Leaving safepoint region
[2023-10-19T20:40:44.551+0000][119.079s][info ][safepoint     ] Total time for which application threads were stopped: 0.0012301 seconds, Stopping threads took: 0.0006240 seconds
[2023-10-19T20:40:45.552+0000][120.080s][debug][safepoint     ] Safepoint synchronization initiated. (179 threads)
[2023-10-19T20:40:45.553+0000][120.080s][info ][safepoint     ] Application time: 1.0006811 seconds
[2023-10-19T20:40:45.553+0000][120.081s][info ][safepoint     ] Entering safepoint region: Cleanup
[2023-10-19T20:40:45.554+0000][120.082s][info ][safepoint     ] Leaving safepoint region
[2023-10-19T20:40:45.555+0000][120.082s][info ][safepoint     ] Total time for which application threads were stopped: 0.0015654 seconds, Stopping threads took: 0.0005456 seconds
[2023-10-19T20:40:46.555+0000][121.083s][debug][safepoint     ] Safepoint synchronization initiated. (179 threads)
[2023-10-19T20:40:46.556+0000][121.084s][info ][safepoint     ] Application time: 1.0007574 seconds
[2023-10-19T20:40:46.557+0000][121.084s][info ][safepoint     ] Entering safepoint region: Cleanup
[2023-10-19T20:40:46.557+0000][121.085s][info ][safepoint     ] Leaving safepoint region
[2023-10-19T20:40:46.558+0000][121.086s][info ][safepoint     ] Total time for which application threads were stopped: 0.0012189 seconds, Stopping threads took: 0.0005227 seconds
[2023-10-19T20:40:47.558+0000][122.086s][debug][safepoint     ] Safepoint synchronization initiated. (179 threads)
[2023-10-19T20:40:47.559+0000][122.087s][info ][safepoint     ] Application time: 1.0007910 seconds
[2023-10-19T20:40:47.560+0000][122.087s][info ][safepoint     ] Entering safepoint region: Cleanup
[2023-10-19T20:40:47.560+0000][122.088s][info ][safepoint     ] Leaving safepoint region
[2023-10-19T20:40:47.561+0000][122.089s][info ][safepoint     ] Total time for which application threads were stopped: 0.0011759 seconds, Stopping threads took: 0.0005221 seconds
[2023-10-19T20:40:48.561+0000][123.089s][debug][safepoint     ] Safepoint synchronization initiated. (179 threads)
[2023-10-19T20:40:48.562+0000][123.090s][info ][safepoint     ] Application time: 1.0007578 seconds
[2023-10-19T20:40:48.563+0000][123.090s][info ][safepoint     ] Entering safepoint region: Cleanup
[2023-10-19T20:40:48.563+0000][123.091s][info ][safepoint     ] Leaving safepoint region
[2023-10-19T20:40:48.564+0000][123.091s][info ][safepoint     ] Total time for which application threads were stopped: 0.0010341 seconds, Stopping threads took: 0.0004304 seconds
[2023-10-19T20:40:49.564+0000][124.092s][debug][safepoint     ] Safepoint synchronization initiated. (179 threads)
[2023-10-19T20:40:49.565+0000][124.093s][info ][safepoint     ] Application time: 1.0009037 seconds
[2023-10-19T20:40:49.565+0000][124.093s][info ][safepoint     ] Entering safepoint region: Cleanup
[2023-10-19T20:40:49.566+0000][124.094s][info ][safepoint     ] Leaving safepoint region
[2023-10-19T20:40:49.567+0000][124.094s][info ][safepoint     ] Total time for which application threads were stopped: 0.0012185 seconds, Stopping threads took: 0.0005278 seconds
[2023-10-19T20:40:50.567+0000][125.095s][debug][safepoint     ] Safepoint synchronization initiated. (179 threads)
[2023-10-19T20:40:50.568+0000][125.096s][info ][safepoint     ] Application time: 1.0008291 seconds
[2023-10-19T20:40:50.568+0000][125.096s][info ][safepoint     ] Entering safepoint region: Cleanup
[2023-10-19T20:40:50.569+0000][125.097s][info ][safepoint     ] Leaving safepoint region
[2023-10-19T20:40:50.570+0000][125.097s][info ][safepoint     ] Total time for which application threads were stopped: 0.0013151 seconds, Stopping threads took: 0.0005875 seconds
[2023-10-19T20:40:51.571+0000][126.098s][debug][safepoint     ] Safepoint synchronization initiated. (179 threads)
[2023-10-19T20:40:51.571+0000][126.099s][info ][safepoint     ] Application time: 1.0009438 seconds
[2023-10-19T20:40:51.572+0000][126.100s][info ][safepoint     ] Entering safepoint region: Cleanup
[2023-10-19T20:40:51.572+0000][126.100s][info ][safepoint     ] Leaving safepoint region
[2023-10-19T20:40:51.573+0000][126.101s][info ][safepoint     ] Total time for which application threads were stopped: 0.0011186 seconds, Stopping threads took: 0.0004497 seconds
[2023-10-19T20:40:51.939+0000][126.467s][debug][safepoint     ] Safepoint synchronization initiated. (179 threads)
[2023-10-19T20:40:51.940+0000][126.468s][info ][safepoint     ] Application time: 0.3666106 seconds
[2023-10-19T20:40:51.940+0000][126.468s][info ][safepoint     ] Entering safepoint region: G1CollectForAllocation
[2023-10-19T20:40:51.941+0000][126.469s][info ][gc,start      ] GC(60) Pause Young (Normal) (G1 Evacuation Pause)
[2023-10-19T20:40:51.941+0000][126.469s][info ][gc,task       ] GC(60) Using 8 workers of 8 for evacuation
[2023-10-19T20:40:51.957+0000][126.485s][info ][gc,phases     ] GC(60)   Pre Evacuate Collection Set: 0.0ms
[2023-10-19T20:40:51.958+0000][126.486s][info ][gc,phases     ] GC(60)   Evacuate Collection Set: 12.3ms
[2023-10-19T20:40:51.958+0000][126.486s][info ][gc,phases     ] GC(60)   Post Evacuate Collection Set: 3.2ms
[2023-10-19T20:40:51.959+0000][126.487s][info ][gc,phases     ] GC(60)   Other: 0.8ms
[2023-10-19T20:40:51.959+0000][126.487s][info ][gc,heap       ] GC(60) Eden regions: 195->0(190)
[2023-10-19T20:40:51.960+0000][126.488s][info ][gc,heap       ] GC(60) Survivor regions: 18->19(27)
[2023-10-19T20:40:51.960+0000][126.488s][info ][gc,heap       ] GC(60) Old regions: 137->140
[2023-10-19T20:40:51.961+0000][126.489s][info ][gc,heap       ] GC(60) Humongous regions: 5->5
[2023-10-19T20:40:51.961+0000][126.489s][info ][gc,metaspace  ] GC(60) Metaspace: 165532K(170832K)->165532K(170832K) NonClass: 146171K(149456K)->146171K(149456K) Class: 19360K(21376K)->19360K(21376K)
[2023-10-19T20:40:51.962+0000][126.490s][info ][gc            ] GC(60) Pause Young (Normal) (G1 Evacuation Pause) 352M->161M(415M) 20.935ms
[2023-10-19T20:40:51.962+0000][126.490s][info ][gc,cpu        ] GC(60) User=0.10s Sys=0.00s Real=0.02s
[2023-10-19T20:40:51.963+0000][126.491s][info ][safepoint     ] Leaving safepoint region
[2023-10-19T20:40:51.963+0000][126.491s][info ][safepoint     ] Total time for which application threads were stopped: 0.0229811 seconds, Stopping threads took: 0.0003551 seconds
[2023-10-19T20:40:51.964+0000][126.492s][info ][gc,stringdedup] Concurrent String Deduplication (126.492s)
[2023-10-19T20:40:51.965+0000][126.493s][info ][gc,stringdedup] Concurrent String Deduplication 172.3K->59488.0B(114.2K) avg 54.5% (126.492s, 126.493s) 1.502ms
[2023-10-19T20:40:52.964+0000][127.492s][debug][safepoint     ] Safepoint synchronization initiated. (179 threads)
[2023-10-19T20:40:52.964+0000][127.492s][info ][safepoint     ] Application time: 1.0007512 seconds
[2023-10-19T20:40:52.965+0000][127.493s][info ][safepoint     ] Entering safepoint region: Cleanup
[2023-10-19T20:40:52.966+0000][127.493s][info ][safepoint     ] Leaving safepoint region
[2023-10-19T20:40:52.966+0000][127.494s][info ][safepoint     ] Total time for which application threads were stopped: 0.0012245 seconds, Stopping threads took: 0.0004646 seconds
[2023-10-19T20:40:53.967+0000][128.495s][debug][safepoint     ] Safepoint synchronization initiated. (179 threads)
[2023-10-19T20:40:53.968+0000][128.496s][info ][safepoint     ] Application time: 1.0011889 seconds
[2023-10-19T20:40:53.968+0000][128.496s][info ][safepoint     ] Entering safepoint region: Cleanup
[2023-10-19T20:40:53.969+0000][128.497s][info ][safepoint     ] Leaving safepoint region
[2023-10-19T20:40:53.970+0000][128.497s][info ][safepoint     ] Total time for which application threads were stopped: 0.0012278 seconds, Stopping threads took: 0.0005440 seconds
[2023-10-19T20:40:54.970+0000][129.498s][debug][safepoint     ] Safepoint synchronization initiated. (179 threads)
[2023-10-19T20:40:54.971+0000][129.499s][info ][safepoint     ] Application time: 1.0009403 seconds
[2023-10-19T20:40:54.972+0000][129.500s][debug][safepoint     ] Waiting for 1 thread(s) to block
[2023-10-19T20:40:54.972+0000][129.500s][info ][safepoint     ] Entering safepoint region: Cleanup
[2023-10-19T20:40:54.973+0000][129.501s][info ][safepoint     ] Leaving safepoint region
[2023-10-19T20:40:54.974+0000][129.502s][info ][safepoint     ] Total time for which application threads were stopped: 0.0020615 seconds, Stopping threads took: 0.0012980 seconds
[2023-10-19T20:40:55.974+0000][130.502s][debug][safepoint     ] Safepoint synchronization initiated. (179 threads)
[2023-10-19T20:40:55.975+0000][130.503s][info ][safepoint     ] Application time: 1.0007189 seconds
[2023-10-19T20:40:55.976+0000][130.503s][info ][safepoint     ] Entering safepoint region: Cleanup
[2023-10-19T20:40:55.976+0000][130.504s][info ][safepoint     ] Leaving safepoint region
[2023-10-19T20:40:55.977+0000][130.505s][info ][safepoint     ] Total time for which application threads were stopped: 0.0013456 seconds, Stopping threads took: 0.0006316 seconds
[2023-10-19T20:40:56.978+0000][131.505s][debug][safepoint     ] Safepoint synchronization initiated. (179 threads)
[2023-10-19T20:40:56.978+0000][131.506s][info ][safepoint     ] Application time: 1.0008307 seconds
[2023-10-19T20:40:56.979+0000][131.507s][info ][safepoint     ] Entering safepoint region: Cleanup
[2023-10-19T20:40:56.980+0000][131.507s][info ][safepoint     ] Leaving safepoint region
[2023-10-19T20:40:56.980+0000][131.508s][info ][safepoint     ] Total time for which application threads were stopped: 0.0013253 seconds, Stopping threads took: 0.0006347 seconds
[2023-10-19T20:40:57.981+0000][132.509s][debug][safepoint     ] Safepoint synchronization initiated. (179 threads)
[2023-10-19T20:40:57.982+0000][132.509s][info ][safepoint     ] Application time: 1.0009069 seconds
[2023-10-19T20:40:57.982+0000][132.510s][info ][safepoint     ] Entering safepoint region: Cleanup
[2023-10-19T20:40:57.983+0000][132.511s][info ][safepoint     ] Leaving safepoint region
[2023-10-19T20:40:57.983+0000][132.511s][info ][safepoint     ] Total time for which application threads were stopped: 0.0012471 seconds, Stopping threads took: 0.0005793 seconds
[2023-10-19T20:40:58.984+0000][133.512s][debug][safepoint     ] Safepoint synchronization initiated. (179 threads)
[2023-10-19T20:40:58.985+0000][133.513s][info ][safepoint     ] Application time: 1.0009573 seconds
[2023-10-19T20:40:58.986+0000][133.514s][info ][safepoint     ] Entering safepoint region: Cleanup
[2023-10-19T20:40:58.986+0000][133.514s][info ][safepoint     ] Leaving safepoint region
[2023-10-19T20:40:58.987+0000][133.515s][info ][safepoint     ] Total time for which application threads were stopped: 0.0011737 seconds, Stopping threads took: 0.0005315 seconds
[2023-10-19T20:40:59.987+0000][134.515s][debug][safepoint     ] Safepoint synchronization initiated. (179 threads)
[2023-10-19T20:40:59.988+0000][134.516s][info ][safepoint     ] Application time: 1.0007613 seconds
[2023-10-19T20:40:59.988+0000][134.516s][info ][safepoint     ] Entering safepoint region: Cleanup
[2023-10-19T20:40:59.989+0000][134.517s][info ][safepoint     ] Leaving safepoint region
[2023-10-19T20:40:59.990+0000][134.518s][info ][safepoint     ] Total time for which application threads were stopped: 0.0012400 seconds, Stopping threads took: 0.0005312 seconds
[2023-10-19T20:41:00.990+0000][135.518s][debug][safepoint     ] Safepoint synchronization initiated. (179 threads)
[2023-10-19T20:41:00.991+0000][135.519s][info ][safepoint     ] Application time: 1.0007242 seconds
[2023-10-19T20:41:00.991+0000][135.519s][info ][safepoint     ] Entering safepoint region: Cleanup
[2023-10-19T20:41:00.992+0000][135.520s][info ][safepoint     ] Leaving safepoint region
[2023-10-19T20:41:00.992+0000][135.520s][info ][safepoint     ] Total time for which application threads were stopped: 0.0011200 seconds, Stopping threads took: 0.0004253 seconds
[2023-10-19T20:41:01.896+0000][136.424s][debug][safepoint     ] Safepoint synchronization initiated. (181 threads)
[2023-10-19T20:41:01.896+0000][136.424s][info ][safepoint     ] Application time: 0.9034659 seconds
[2023-10-19T20:41:01.897+0000][136.425s][info ][safepoint     ] Entering safepoint region: Deoptimize
[2023-10-19T20:41:01.900+0000][136.428s][info ][safepoint     ] Leaving safepoint region
[2023-10-19T20:41:01.900+0000][136.428s][info ][safepoint     ] Total time for which application threads were stopped: 0.0035999 seconds, Stopping threads took: 0.0004135 seconds
[2023-10-19T20:41:02.901+0000][137.429s][debug][safepoint     ] Safepoint synchronization initiated. (180 threads)
[2023-10-19T20:41:02.901+0000][137.429s][info ][safepoint     ] Application time: 1.0007082 seconds
[2023-10-19T20:41:02.902+0000][137.430s][info ][safepoint     ] Entering safepoint region: Cleanup
[2023-10-19T20:41:02.902+0000][137.430s][info ][safepoint     ] Leaving safepoint region
[2023-10-19T20:41:02.903+0000][137.431s][info ][safepoint     ] Total time for which application threads were stopped: 0.0010305 seconds, Stopping threads took: 0.0003940 seconds
[2023-10-19T20:41:03.903+0000][138.431s][debug][safepoint     ] Safepoint synchronization initiated. (180 threads)
[2023-10-19T20:41:03.904+0000][138.432s][info ][safepoint     ] Application time: 1.0006954 seconds
[2023-10-19T20:41:03.904+0000][138.432s][info ][safepoint     ] Entering safepoint region: Cleanup
[2023-10-19T20:41:03.905+0000][138.433s][info ][safepoint     ] Leaving safepoint region
[2023-10-19T20:41:03.906+0000][138.433s][info ][safepoint     ] Total time for which application threads were stopped: 0.0012230 seconds, Stopping threads took: 0.0005818 seconds
[2023-10-19T20:41:04.906+0000][139.434s][debug][safepoint     ] Safepoint synchronization initiated. (179 threads)
[2023-10-19T20:41:04.907+0000][139.435s][info ][safepoint     ] Application time: 1.0007090 seconds
[2023-10-19T20:41:04.907+0000][139.435s][info ][safepoint     ] Entering safepoint region: Cleanup
[2023-10-19T20:41:04.908+0000][139.436s][info ][safepoint     ] Leaving safepoint region
[2023-10-19T20:41:04.908+0000][139.436s][info ][safepoint     ] Total time for which application threads were stopped: 0.0011814 seconds, Stopping threads took: 0.0004754 seconds
[2023-10-19T20:41:05.909+0000][140.437s][debug][safepoint     ] Safepoint synchronization initiated. (182 threads)
[2023-10-19T20:41:05.910+0000][140.437s][info ][safepoint     ] Application time: 1.0007728 seconds
[2023-10-19T20:41:05.910+0000][140.438s][debug][safepoint     ] ... found polling page return exception at pc = 0x00007fbdb0676c61, stub =0x00007fbda8840600
[2023-10-19T20:41:05.911+0000][140.439s][debug][safepoint     ] Waiting for 1 thread(s) to block
[2023-10-19T20:41:05.911+0000][140.439s][info ][safepoint     ] Entering safepoint region: Cleanup
[2023-10-19T20:41:05.912+0000][140.440s][info ][safepoint     ] Leaving safepoint region
[2023-10-19T20:41:05.913+0000][140.440s][info ][safepoint     ] Total time for which application threads were stopped: 0.0023553 seconds, Stopping threads took: 0.0015615 seconds
[2023-10-19T20:41:06.913+0000][141.441s][debug][safepoint     ] Safepoint synchronization initiated. (183 threads)
[2023-10-19T20:41:06.914+0000][141.442s][info ][safepoint     ] Application time: 1.0006984 seconds
[2023-10-19T20:41:06.914+0000][141.442s][info ][safepoint     ] Entering safepoint region: Cleanup
[2023-10-19T20:41:06.915+0000][141.443s][info ][safepoint     ] Leaving safepoint region
[2023-10-19T20:41:06.915+0000][141.443s][info ][safepoint     ] Total time for which application threads were stopped: 0.0012090 seconds, Stopping threads took: 0.0005280 seconds
[2023-10-19T20:41:07.916+0000][142.444s][debug][safepoint     ] Safepoint synchronization initiated. (181 threads)
[2023-10-19T20:41:07.917+0000][142.445s][info ][safepoint     ] Application time: 1.0008230 seconds
[2023-10-19T20:41:07.917+0000][142.445s][info ][safepoint     ] Entering safepoint region: Cleanup
[2023-10-19T20:41:07.918+0000][142.446s][info ][safepoint     ] Leaving safepoint region
[2023-10-19T20:41:07.919+0000][142.447s][info ][safepoint     ] Total time for which application threads were stopped: 0.0014323 seconds, Stopping threads took: 0.0005677 seconds
[2023-10-19T20:41:08.919+0000][143.447s][debug][safepoint     ] Safepoint synchronization initiated. (181 threads)
[2023-10-19T20:41:08.920+0000][143.448s][info ][safepoint     ] Application time: 1.0006895 seconds
[2023-10-19T20:41:08.920+0000][143.448s][info ][safepoint     ] Entering safepoint region: Cleanup
[2023-10-19T20:41:08.922+0000][143.449s][info ][safepoint     ] Leaving safepoint region
[2023-10-19T20:41:08.922+0000][143.450s][info ][safepoint     ] Total time for which application threads were stopped: 0.0017418 seconds, Stopping threads took: 0.0010434 seconds
[2023-10-19T20:41:09.923+0000][144.450s][debug][safepoint     ] Safepoint synchronization initiated. (181 threads)
[2023-10-19T20:41:09.923+0000][144.451s][info ][safepoint     ] Application time: 1.0008504 seconds
[2023-10-19T20:41:09.924+0000][144.452s][debug][safepoint     ] ... found polling page return exception at pc = 0x00007fbdb0cad018, stub =0x00007fbda8840600
[2023-10-19T20:41:09.924+0000][144.452s][debug][safepoint     ] Waiting for 1 thread(s) to block
[2023-10-19T20:41:09.925+0000][144.453s][info ][safepoint     ] Entering safepoint region: Cleanup
[2023-10-19T20:41:09.925+0000][144.453s][info ][safepoint     ] Leaving safepoint region
[2023-10-19T20:41:09.926+0000][144.454s][info ][safepoint     ] Total time for which application threads were stopped: 0.0021991 seconds, Stopping threads took: 0.0014108 seconds
[2023-10-19T20:41:10.926+0000][145.454s][debug][safepoint     ] Safepoint synchronization initiated. (181 threads)
[2023-10-19T20:41:10.927+0000][145.455s][info ][safepoint     ] Application time: 1.0006567 seconds
[2023-10-19T20:41:10.927+0000][145.455s][info ][safepoint     ] Entering safepoint region: Cleanup
[2023-10-19T20:41:10.928+0000][145.456s][info ][safepoint     ] Leaving safepoint region
[2023-10-19T20:41:10.929+0000][145.457s][info ][safepoint     ] Total time for which application threads were stopped: 0.0014388 seconds, Stopping threads took: 0.0006339 seconds
[2023-10-19T20:41:11.929+0000][146.457s][debug][safepoint     ] Safepoint synchronization initiated. (181 threads)
[2023-10-19T20:41:11.930+0000][146.458s][info ][safepoint     ] Application time: 1.0011133 seconds
[2023-10-19T20:41:11.931+0000][146.459s][info ][safepoint     ] Entering safepoint region: Cleanup
[2023-10-19T20:41:11.932+0000][146.460s][info ][safepoint     ] Leaving safepoint region
[2023-10-19T20:41:11.933+0000][146.461s][info ][safepoint     ] Total time for which application threads were stopped: 0.0023219 seconds, Stopping threads took: 0.0005855 seconds
[2023-10-19T20:41:12.934+0000][147.462s][debug][safepoint     ] Safepoint synchronization initiated. (181 threads)
[2023-10-19T20:41:12.934+0000][147.462s][info ][safepoint     ] Application time: 1.0006281 seconds
[2023-10-19T20:41:12.935+0000][147.463s][info ][safepoint     ] Entering safepoint region: Cleanup
[2023-10-19T20:41:12.935+0000][147.463s][info ][safepoint     ] Leaving safepoint region
[2023-10-19T20:41:12.936+0000][147.464s][info ][safepoint     ] Total time for which application threads were stopped: 0.0011250 seconds, Stopping threads took: 0.0004993 seconds
[2023-10-19T20:41:13.937+0000][148.465s][debug][safepoint     ] Safepoint synchronization initiated. (181 threads)
[2023-10-19T20:41:13.938+0000][148.466s][info ][safepoint     ] Application time: 1.0016670 seconds
[2023-10-19T20:41:13.939+0000][148.466s][info ][safepoint     ] Entering safepoint region: Cleanup
[2023-10-19T20:41:13.939+0000][148.467s][info ][safepoint     ] Leaving safepoint region
[2023-10-19T20:41:13.940+0000][148.468s][info ][safepoint     ] Total time for which application threads were stopped: 0.0013383 seconds, Stopping threads took: 0.0004640 seconds
[2023-10-19T20:41:14.941+0000][149.468s][debug][safepoint     ] Safepoint synchronization initiated. (181 threads)
[2023-10-19T20:41:14.941+0000][149.469s][info ][safepoint     ] Application time: 1.0009102 seconds
[2023-10-19T20:41:14.942+0000][149.470s][info ][safepoint     ] Entering safepoint region: Cleanup
[2023-10-19T20:41:14.942+0000][149.470s][info ][safepoint     ] Leaving safepoint region
[2023-10-19T20:41:14.943+0000][149.471s][info ][safepoint     ] Total time for which application threads were stopped: 0.0012692 seconds, Stopping threads took: 0.0006004 seconds
[2023-10-19T20:41:15.943+0000][150.471s][debug][safepoint     ] Safepoint synchronization initiated. (181 threads)
[2023-10-19T20:41:15.951+0000][150.479s][info ][safepoint     ] Application time: 1.0074761 seconds
[2023-10-19T20:41:15.952+0000][150.479s][info ][safepoint     ] Entering safepoint region: Cleanup
[2023-10-19T20:41:15.952+0000][150.480s][info ][safepoint     ] Leaving safepoint region
[2023-10-19T20:41:15.953+0000][150.481s][info ][safepoint     ] Total time for which application threads were stopped: 0.0015874 seconds, Stopping threads took: 0.0006519 seconds
[2023-10-19T20:41:16.959+0000][151.487s][debug][safepoint     ] Safepoint synchronization initiated. (181 threads)
[2023-10-19T20:41:16.960+0000][151.488s][info ][safepoint     ] Application time: 1.0009070 seconds
[2023-10-19T20:41:16.961+0000][151.488s][info ][safepoint     ] Entering safepoint region: Cleanup
[2023-10-19T20:41:16.961+0000][151.489s][info ][safepoint     ] Leaving safepoint region
[2023-10-19T20:41:16.962+0000][151.490s][info ][safepoint     ] Total time for which application threads were stopped: 0.0011785 seconds, Stopping threads took: 0.0005361 seconds
[2023-10-19T20:41:17.962+0000][152.490s][debug][safepoint     ] Safepoint synchronization initiated. (181 threads)
[2023-10-19T20:41:17.963+0000][152.491s][info ][safepoint     ] Application time: 1.0007843 seconds
[2023-10-19T20:41:17.963+0000][152.491s][info ][safepoint     ] Entering safepoint region: Cleanup
[2023-10-19T20:41:17.964+0000][152.492s][info ][safepoint     ] Leaving safepoint region
[2023-10-19T20:41:17.964+0000][152.492s][info ][safepoint     ] Total time for which application threads were stopped: 0.0009964 seconds, Stopping threads took: 0.0004394 seconds
[2023-10-19T20:41:18.965+0000][153.493s][debug][safepoint     ] Safepoint synchronization initiated. (181 threads)
[2023-10-19T20:41:18.966+0000][153.494s][info ][safepoint     ] Application time: 1.0009158 seconds
[2023-10-19T20:41:18.966+0000][153.494s][info ][safepoint     ] Entering safepoint region: Cleanup
[2023-10-19T20:41:18.967+0000][153.495s][info ][safepoint     ] Leaving safepoint region
[2023-10-19T20:41:18.968+0000][153.495s][info ][safepoint     ] Total time for which application threads were stopped: 0.0012124 seconds, Stopping threads took: 0.0004604 seconds
[2023-10-19T20:41:19.968+0000][154.496s][debug][safepoint     ] Safepoint synchronization initiated. (181 threads)
[2023-10-19T20:41:19.969+0000][154.497s][info ][safepoint     ] Application time: 1.0011273 seconds
[2023-10-19T20:41:19.970+0000][154.497s][info ][safepoint     ] Entering safepoint region: Cleanup
[2023-10-19T20:41:19.970+0000][154.498s][info ][safepoint     ] Leaving safepoint region
[2023-10-19T20:41:19.971+0000][154.499s][info ][safepoint     ] Total time for which application threads were stopped: 0.0013074 seconds, Stopping threads took: 0.0006017 seconds
[2023-10-19T20:41:20.971+0000][155.499s][debug][safepoint     ] Safepoint synchronization initiated. (181 threads)
[2023-10-19T20:41:20.972+0000][155.500s][info ][safepoint     ] Application time: 1.0007909 seconds
[2023-10-19T20:41:20.973+0000][155.500s][info ][safepoint     ] Entering safepoint region: Cleanup
[2023-10-19T20:41:20.973+0000][155.501s][info ][safepoint     ] Leaving safepoint region
[2023-10-19T20:41:20.974+0000][155.502s][info ][safepoint     ] Total time for which application threads were stopped: 0.0011497 seconds, Stopping threads took: 0.0004913 seconds
[2023-10-19T20:41:21.974+0000][156.502s][debug][safepoint     ] Safepoint synchronization initiated. (181 threads)
[2023-10-19T20:41:21.976+0000][156.504s][info ][safepoint     ] Application time: 1.0016236 seconds
[2023-10-19T20:41:21.976+0000][156.504s][info ][safepoint     ] Entering safepoint region: Cleanup
[2023-10-19T20:41:21.977+0000][156.505s][info ][safepoint     ] Leaving safepoint region
[2023-10-19T20:41:21.978+0000][156.506s][info ][safepoint     ] Total time for which application threads were stopped: 0.0015797 seconds, Stopping threads took: 0.0004555 seconds
[2023-10-19T20:41:22.978+0000][157.506s][debug][safepoint     ] Safepoint synchronization initiated. (181 threads)
[2023-10-19T20:41:22.978+0000][157.507s][info ][safepoint     ] Application time: 1.0008283 seconds
[2023-10-19T20:41:22.979+0000][157.507s][info ][safepoint     ] Entering safepoint region: Cleanup
[2023-10-19T20:41:22.980+0000][157.508s][info ][safepoint     ] Leaving safepoint region
[2023-10-19T20:41:22.980+0000][157.509s][info ][safepoint     ] Total time for which application threads were stopped: 0.0013517 seconds, Stopping threads took: 0.0005923 seconds
[2023-10-19T20:41:23.981+0000][158.509s][debug][safepoint     ] Safepoint synchronization initiated. (181 threads)
[2023-10-19T20:41:23.981+0000][158.510s][info ][safepoint     ] Application time: 1.0007467 seconds
[2023-10-19T20:41:23.982+0000][158.510s][info ][safepoint     ] Entering safepoint region: Cleanup
[2023-10-19T20:41:23.983+0000][158.511s][info ][safepoint     ] Leaving safepoint region
[2023-10-19T20:41:23.983+0000][158.512s][info ][safepoint     ] Total time for which application threads were stopped: 0.0011702 seconds, Stopping threads took: 0.0004807 seconds
[2023-10-19T20:41:24.984+0000][159.512s][debug][safepoint     ] Safepoint synchronization initiated. (181 threads)
[2023-10-19T20:41:24.986+0000][159.514s][info ][safepoint     ] Application time: 1.0021930 seconds
[2023-10-19T20:41:24.986+0000][159.515s][info ][safepoint     ] Entering safepoint region: Cleanup
[2023-10-19T20:41:24.988+0000][159.516s][info ][safepoint     ] Leaving safepoint region
[2023-10-19T20:41:24.988+0000][159.517s][info ][safepoint     ] Total time for which application threads were stopped: 0.0020172 seconds, Stopping threads took: 0.0007406 seconds
[2023-10-19T20:41:25.989+0000][160.518s][debug][safepoint     ] Safepoint synchronization initiated. (181 threads)
[2023-10-19T20:41:25.990+0000][160.518s][info ][safepoint     ] Application time: 1.0009862 seconds
[2023-10-19T20:41:25.991+0000][160.519s][info ][safepoint     ] Entering safepoint region: Cleanup
[2023-10-19T20:41:25.992+0000][160.520s][info ][safepoint     ] Leaving safepoint region
[2023-10-19T20:41:25.993+0000][160.521s][info ][safepoint     ] Total time for which application threads were stopped: 0.0019948 seconds, Stopping threads took: 0.0007927 seconds
[2023-10-19T20:41:26.994+0000][161.523s][debug][safepoint     ] Safepoint synchronization initiated. (181 threads)
[2023-10-19T20:41:27.001+0000][161.530s][info ][safepoint     ] Application time: 1.0072655 seconds
[2023-10-19T20:41:27.009+0000][161.537s][info ][safepoint     ] Entering safepoint region: Cleanup
[2023-10-19T20:41:27.010+0000][161.539s][info ][safepoint     ] Leaving safepoint region
[2023-10-19T20:41:27.011+0000][161.539s][info ][safepoint     ] Total time for which application threads were stopped: 0.0020314 seconds, Stopping threads took: 0.0010237 seconds
[2023-10-19T20:41:28.012+0000][162.540s][debug][safepoint     ] Safepoint synchronization initiated. (181 threads)
[2023-10-19T20:41:28.016+0000][162.545s][info ][safepoint     ] Application time: 1.0047709 seconds
[2023-10-19T20:41:28.019+0000][162.548s][info ][safepoint     ] Entering safepoint region: Cleanup
[2023-10-19T20:41:28.021+0000][162.549s][info ][safepoint     ] Leaving safepoint region
[2023-10-19T20:41:28.022+0000][162.551s][info ][safepoint     ] Total time for which application threads were stopped: 0.0029289 seconds, Stopping threads took: 0.0013134 seconds
[2023-10-19T20:41:29.023+0000][163.552s][debug][safepoint     ] Safepoint synchronization initiated. (181 threads)
[2023-10-19T20:41:29.024+0000][163.553s][info ][safepoint     ] Application time: 1.0009566 seconds
[2023-10-19T20:41:29.025+0000][163.553s][info ][safepoint     ] Entering safepoint region: Cleanup
[2023-10-19T20:41:29.026+0000][163.554s][info ][safepoint     ] Leaving safepoint region
[2023-10-19T20:41:29.026+0000][163.555s][info ][safepoint     ] Total time for which application threads were stopped: 0.0017023 seconds, Stopping threads took: 0.0006977 seconds
[2023-10-19T20:41:30.027+0000][164.556s][debug][safepoint     ] Safepoint synchronization initiated. (181 threads)
[2023-10-19T20:41:30.038+0000][164.567s][info ][safepoint     ] Application time: 1.0112054 seconds
[2023-10-19T20:41:30.041+0000][164.570s][info ][safepoint     ] Entering safepoint region: Cleanup
[2023-10-19T20:41:30.042+0000][164.571s][info ][safepoint     ] Leaving safepoint region
[2023-10-19T20:41:30.043+0000][164.572s][info ][safepoint     ] Total time for which application threads were stopped: 0.0019094 seconds, Stopping threads took: 0.0007915 seconds
[2023-10-19T20:41:31.044+0000][165.573s][debug][safepoint     ] Safepoint synchronization initiated. (181 threads)
[2023-10-19T20:41:31.072+0000][165.601s][info ][safepoint     ] Application time: 1.0281510 seconds
[2023-10-19T20:41:31.086+0000][165.615s][info ][safepoint     ] Entering safepoint region: Cleanup
[2023-10-19T20:41:31.114+0000][165.643s][info ][safepoint     ] Leaving safepoint region
[2023-10-19T20:41:31.130+0000][165.659s][info ][safepoint     ] Total time for which application threads were stopped: 0.0435911 seconds, Stopping threads took: 0.0277590 seconds
[2023-10-19T20:41:32.148+0000][166.677s][debug][safepoint     ] Safepoint synchronization initiated. (181 threads)
[2023-10-19T20:41:32.175+0000][166.704s][info ][safepoint     ] Application time: 1.0270489 seconds
[2023-10-19T20:41:32.190+0000][166.719s][info ][safepoint     ] Entering safepoint region: Cleanup
[2023-10-19T20:41:32.201+0000][166.730s][info ][safepoint     ] Leaving safepoint region
[2023-10-19T20:41:32.216+0000][166.744s][info ][safepoint     ] Total time for which application threads were stopped: 0.0256327 seconds, Stopping threads took: 0.0110208 seconds
[2023-10-19T20:41:33.221+0000][167.749s][debug][safepoint     ] Safepoint synchronization initiated. (181 threads)
[2023-10-19T20:41:33.222+0000][167.750s][info ][safepoint     ] Application time: 1.0010501 seconds
[2023-10-19T20:41:33.222+0000][167.751s][info ][safepoint     ] Entering safepoint region: Cleanup
[2023-10-19T20:41:33.223+0000][167.752s][info ][safepoint     ] Leaving safepoint region
[2023-10-19T20:41:33.224+0000][167.752s][info ][safepoint     ] Total time for which application threads were stopped: 0.0015893 seconds, Stopping threads took: 0.0006729 seconds
[2023-10-19T20:41:34.224+0000][168.753s][debug][safepoint     ] Safepoint synchronization initiated. (181 threads)
[2023-10-19T20:41:34.225+0000][168.754s][info ][safepoint     ] Application time: 1.0006596 seconds
[2023-10-19T20:41:34.226+0000][168.754s][info ][safepoint     ] Entering safepoint region: Cleanup
[2023-10-19T20:41:34.226+0000][168.755s][info ][safepoint     ] Leaving safepoint region
[2023-10-19T20:41:34.227+0000][168.755s][info ][safepoint     ] Total time for which application threads were stopped: 0.0013274 seconds, Stopping threads took: 0.0005133 seconds
[2023-10-19T20:41:35.227+0000][169.756s][debug][safepoint     ] Safepoint synchronization initiated. (181 threads)
[2023-10-19T20:41:35.228+0000][169.757s][info ][safepoint     ] Application time: 1.0008672 seconds
[2023-10-19T20:41:35.229+0000][169.757s][info ][safepoint     ] Entering safepoint region: Cleanup
[2023-10-19T20:41:35.231+0000][169.759s][info ][safepoint     ] Leaving safepoint region
[2023-10-19T20:41:35.232+0000][169.760s][info ][safepoint     ] Total time for which application threads were stopped: 0.0029279 seconds, Stopping threads took: 0.0009546 seconds
[2023-10-19T20:41:36.233+0000][170.761s][debug][safepoint     ] Safepoint synchronization initiated. (181 threads)
[2023-10-19T20:41:36.233+0000][170.762s][info ][safepoint     ] Application time: 1.0007842 seconds
[2023-10-19T20:41:36.234+0000][170.762s][info ][safepoint     ] Entering safepoint region: Cleanup
[2023-10-19T20:41:36.235+0000][170.763s][info ][safepoint     ] Leaving safepoint region
[2023-10-19T20:41:36.235+0000][170.764s][info ][safepoint     ] Total time for which application threads were stopped: 0.0014831 seconds, Stopping threads took: 0.0005794 seconds
[2023-10-19T20:41:37.236+0000][171.765s][debug][safepoint     ] Safepoint synchronization initiated. (181 threads)
[2023-10-19T20:41:37.237+0000][171.765s][info ][safepoint     ] Application time: 1.0008579 seconds
[2023-10-19T20:41:37.237+0000][171.766s][info ][safepoint     ] Entering safepoint region: Cleanup
[2023-10-19T20:41:37.238+0000][171.767s][info ][safepoint     ] Leaving safepoint region
[2023-10-19T20:41:37.240+0000][171.768s][info ][safepoint     ] Total time for which application threads were stopped: 0.0023875 seconds, Stopping threads took: 0.0005528 seconds
[2023-10-19T20:41:38.241+0000][172.769s][debug][safepoint     ] Safepoint synchronization initiated. (181 threads)
[2023-10-19T20:41:38.242+0000][172.770s][info ][safepoint     ] Application time: 1.0013845 seconds
[2023-10-19T20:41:38.242+0000][172.771s][info ][safepoint     ] Entering safepoint region: Cleanup
[2023-10-19T20:41:38.243+0000][172.771s][info ][safepoint     ] Leaving safepoint region
[2023-10-19T20:41:38.243+0000][172.772s][info ][safepoint     ] Total time for which application threads were stopped: 0.0012745 seconds, Stopping threads took: 0.0005008 seconds
[2023-10-19T20:41:39.244+0000][173.773s][debug][safepoint     ] Safepoint synchronization initiated. (181 threads)
[2023-10-19T20:41:39.245+0000][173.773s][info ][safepoint     ] Application time: 1.0008577 seconds
[2023-10-19T20:41:39.245+0000][173.774s][info ][safepoint     ] Entering safepoint region: Cleanup
[2023-10-19T20:41:39.246+0000][173.775s][info ][safepoint     ] Leaving safepoint region
[2023-10-19T20:41:39.247+0000][173.775s][info ][safepoint     ] Total time for which application threads were stopped: 0.0013286 seconds, Stopping threads took: 0.0006077 seconds
[2023-10-19T20:41:40.247+0000][174.776s][debug][safepoint     ] Safepoint synchronization initiated. (181 threads)
[2023-10-19T20:41:40.248+0000][174.776s][info ][safepoint     ] Application time: 1.0008227 seconds
[2023-10-19T20:41:40.248+0000][174.777s][info ][safepoint     ] Entering safepoint region: Cleanup
[2023-10-19T20:41:40.249+0000][174.778s][info ][safepoint     ] Leaving safepoint region
[2023-10-19T20:41:40.250+0000][174.778s][info ][safepoint     ] Total time for which application threads were stopped: 0.0013991 seconds, Stopping threads took: 0.0005687 seconds
[2023-10-19T20:41:41.251+0000][175.779s][debug][safepoint     ] Safepoint synchronization initiated. (181 threads)
[2023-10-19T20:41:41.251+0000][175.780s][info ][safepoint     ] Application time: 1.0007208 seconds
[2023-10-19T20:41:41.251+0000][175.780s][info ][safepoint     ] Entering safepoint region: Cleanup
[2023-10-19T20:41:41.252+0000][175.781s][info ][safepoint     ] Leaving safepoint region
[2023-10-19T20:41:41.252+0000][175.781s][info ][safepoint     ] Total time for which application threads were stopped: 0.0009795 seconds, Stopping threads took: 0.0003865 seconds
[2023-10-19T20:41:42.253+0000][176.782s][debug][safepoint     ] Safepoint synchronization initiated. (180 threads)
[2023-10-19T20:41:42.254+0000][176.782s][info ][safepoint     ] Application time: 1.0009773 seconds
[2023-10-19T20:41:42.254+0000][176.783s][info ][safepoint     ] Entering safepoint region: Cleanup
[2023-10-19T20:41:42.255+0000][176.784s][info ][safepoint     ] Leaving safepoint region
[2023-10-19T20:41:42.256+0000][176.784s][info ][safepoint     ] Total time for which application threads were stopped: 0.0013677 seconds, Stopping threads took: 0.0005648 seconds
[2023-10-19T20:41:43.256+0000][177.785s][debug][safepoint     ] Safepoint synchronization initiated. (178 threads)
[2023-10-19T20:41:43.257+0000][177.786s][info ][safepoint     ] Application time: 1.0007399 seconds
[2023-10-19T20:41:43.258+0000][177.786s][info ][safepoint     ] Entering safepoint region: Cleanup
[2023-10-19T20:41:43.258+0000][177.787s][info ][safepoint     ] Leaving safepoint region
[2023-10-19T20:41:43.259+0000][177.788s][info ][safepoint     ] Total time for which application threads were stopped: 0.0013306 seconds, Stopping threads took: 0.0006117 seconds
[2023-10-19T20:41:44.260+0000][178.788s][debug][safepoint     ] Safepoint synchronization initiated. (178 threads)
[2023-10-19T20:41:44.260+0000][178.789s][info ][safepoint     ] Application time: 1.0008766 seconds
[2023-10-19T20:41:44.261+0000][178.790s][info ][safepoint     ] Entering safepoint region: Cleanup
[2023-10-19T20:41:44.262+0000][178.790s][info ][safepoint     ] Leaving safepoint region
[2023-10-19T20:41:44.262+0000][178.791s][info ][safepoint     ] Total time for which application threads were stopped: 0.0012088 seconds, Stopping threads took: 0.0005323 seconds
[2023-10-19T20:41:45.263+0000][179.791s][debug][safepoint     ] Safepoint synchronization initiated. (178 threads)
[2023-10-19T20:41:45.263+0000][179.792s][info ][safepoint     ] Application time: 1.0007817 seconds
[2023-10-19T20:41:45.264+0000][179.793s][info ][safepoint     ] Entering safepoint region: Cleanup
[2023-10-19T20:41:45.265+0000][179.793s][info ][safepoint     ] Leaving safepoint region
[2023-10-19T20:41:45.265+0000][179.794s][info ][safepoint     ] Total time for which application threads were stopped: 0.0010865 seconds, Stopping threads took: 0.0004825 seconds
[2023-10-19T20:41:46.266+0000][180.794s][debug][safepoint     ] Safepoint synchronization initiated. (179 threads)
[2023-10-19T20:41:46.266+0000][180.795s][info ][safepoint     ] Application time: 1.0008261 seconds
[2023-10-19T20:41:46.267+0000][180.795s][info ][safepoint     ] Entering safepoint region: Cleanup
[2023-10-19T20:41:46.268+0000][180.796s][info ][safepoint     ] Leaving safepoint region
[2023-10-19T20:41:46.268+0000][180.797s][info ][safepoint     ] Total time for which application threads were stopped: 0.0012944 seconds, Stopping threads took: 0.0005402 seconds
[2023-10-19T20:41:47.269+0000][181.797s][debug][safepoint     ] Safepoint synchronization initiated. (179 threads)
[2023-10-19T20:41:47.269+0000][181.798s][info ][safepoint     ] Application time: 1.0008885 seconds
[2023-10-19T20:41:47.270+0000][181.799s][info ][safepoint     ] Entering safepoint region: Cleanup
[2023-10-19T20:41:47.271+0000][181.799s][info ][safepoint     ] Leaving safepoint region
[2023-10-19T20:41:47.271+0000][181.800s][info ][safepoint     ] Total time for which application threads were stopped: 0.0013490 seconds, Stopping threads took: 0.0005621 seconds
[2023-10-19T20:41:48.272+0000][182.800s][debug][safepoint     ] Safepoint synchronization initiated. (179 threads)
[2023-10-19T20:41:48.273+0000][182.801s][info ][safepoint     ] Application time: 1.0008723 seconds
[2023-10-19T20:41:48.273+0000][182.802s][info ][safepoint     ] Entering safepoint region: Cleanup
[2023-10-19T20:41:48.274+0000][182.802s][info ][safepoint     ] Leaving safepoint region
[2023-10-19T20:41:48.274+0000][182.803s][info ][safepoint     ] Total time for which application threads were stopped: 0.0012690 seconds, Stopping threads took: 0.0005697 seconds
[2023-10-19T20:41:49.275+0000][183.804s][debug][safepoint     ] Safepoint synchronization initiated. (179 threads)
[2023-10-19T20:41:49.276+0000][183.804s][info ][safepoint     ] Application time: 1.0009282 seconds
[2023-10-19T20:41:49.276+0000][183.805s][info ][safepoint     ] Entering safepoint region: Cleanup
[2023-10-19T20:41:49.277+0000][183.806s][info ][safepoint     ] Leaving safepoint region
[2023-10-19T20:41:49.277+0000][183.806s][info ][safepoint     ] Total time for which application threads were stopped: 0.0011501 seconds, Stopping threads took: 0.0005098 seconds
[2023-10-19T20:41:50.278+0000][184.807s][debug][safepoint     ] Safepoint synchronization initiated. (179 threads)
[2023-10-19T20:41:50.279+0000][184.807s][info ][safepoint     ] Application time: 1.0008262 seconds
[2023-10-19T20:41:50.279+0000][184.808s][info ][safepoint     ] Entering safepoint region: Cleanup
[2023-10-19T20:41:50.280+0000][184.808s][info ][safepoint     ] Leaving safepoint region
[2023-10-19T20:41:50.280+0000][184.809s][info ][safepoint     ] Total time for which application threads were stopped: 0.0012229 seconds, Stopping threads took: 0.0004695 seconds
[2023-10-19T20:41:51.281+0000][185.809s][debug][safepoint     ] Safepoint synchronization initiated. (179 threads)
[2023-10-19T20:41:51.281+0000][185.810s][info ][safepoint     ] Application time: 1.0005937 seconds
[2023-10-19T20:41:51.282+0000][185.810s][info ][safepoint     ] Entering safepoint region: Cleanup
[2023-10-19T20:41:51.282+0000][185.811s][info ][safepoint     ] Leaving safepoint region
[2023-10-19T20:41:51.283+0000][185.811s][info ][safepoint     ] Total time for which application threads were stopped: 0.0010896 seconds, Stopping threads took: 0.0004394 seconds
[2023-10-19T20:41:52.283+0000][186.812s][debug][safepoint     ] Safepoint synchronization initiated. (179 threads)
[2023-10-19T20:41:52.284+0000][186.812s][info ][safepoint     ] Application time: 1.0006428 seconds
[2023-10-19T20:41:52.284+0000][186.813s][info ][safepoint     ] Entering safepoint region: Cleanup
[2023-10-19T20:41:52.285+0000][186.813s][info ][safepoint     ] Leaving safepoint region
[2023-10-19T20:41:52.285+0000][186.814s][info ][safepoint     ] Total time for which application threads were stopped: 0.0009825 seconds, Stopping threads took: 0.0004223 seconds
[2023-10-19T20:41:53.286+0000][187.814s][debug][safepoint     ] Safepoint synchronization initiated. (179 threads)
[2023-10-19T20:41:53.287+0000][187.815s][info ][safepoint     ] Application time: 1.0007102 seconds
[2023-10-19T20:41:53.287+0000][187.815s][info ][safepoint     ] Entering safepoint region: Cleanup
[2023-10-19T20:41:53.288+0000][187.816s][info ][safepoint     ] Leaving safepoint region
[2023-10-19T20:41:53.288+0000][187.817s][info ][safepoint     ] Total time for which application threads were stopped: 0.0012186 seconds, Stopping threads took: 0.0005292 seconds
[2023-10-19T20:41:54.289+0000][188.817s][debug][safepoint     ] Safepoint synchronization initiated. (179 threads)
[2023-10-19T20:41:54.289+0000][188.817s][info ][safepoint     ] Application time: 1.0006170 seconds
[2023-10-19T20:41:54.290+0000][188.818s][info ][safepoint     ] Entering safepoint region: Cleanup
[2023-10-19T20:41:54.290+0000][188.819s][info ][safepoint     ] Leaving safepoint region
[2023-10-19T20:41:54.291+0000][188.819s][info ][safepoint     ] Total time for which application threads were stopped: 0.0011193 seconds, Stopping threads took: 0.0004277 seconds
[2023-10-19T20:41:55.291+0000][189.820s][debug][safepoint     ] Safepoint synchronization initiated. (179 threads)
[2023-10-19T20:41:55.292+0000][189.820s][info ][safepoint     ] Application time: 1.0007897 seconds
[2023-10-19T20:41:55.293+0000][189.821s][info ][safepoint     ] Entering safepoint region: Cleanup
[2023-10-19T20:41:55.293+0000][189.821s][info ][safepoint     ] Leaving safepoint region
[2023-10-19T20:41:55.294+0000][189.822s][info ][safepoint     ] Total time for which application threads were stopped: 0.0012314 seconds, Stopping threads took: 0.0005147 seconds
[2023-10-19T20:41:56.294+0000][190.822s][debug][safepoint     ] Safepoint synchronization initiated. (179 threads)
[2023-10-19T20:41:56.295+0000][190.823s][info ][safepoint     ] Application time: 1.0007056 seconds
[2023-10-19T20:41:56.296+0000][190.824s][info ][safepoint     ] Entering safepoint region: Cleanup
[2023-10-19T20:41:56.296+0000][190.824s][info ][safepoint     ] Leaving safepoint region
[2023-10-19T20:41:56.297+0000][190.825s][info ][safepoint     ] Total time for which application threads were stopped: 0.0013030 seconds, Stopping threads took: 0.0005794 seconds
[2023-10-19T20:41:57.298+0000][191.826s][debug][safepoint     ] Safepoint synchronization initiated. (179 threads)
[2023-10-19T20:41:57.298+0000][191.826s][info ][safepoint     ] Application time: 1.0009359 seconds
[2023-10-19T20:41:57.299+0000][191.827s][info ][safepoint     ] Entering safepoint region: Cleanup
[2023-10-19T20:41:57.299+0000][191.828s][info ][safepoint     ] Leaving safepoint region
[2023-10-19T20:41:57.300+0000][191.828s][info ][safepoint     ] Total time for which application threads were stopped: 0.0011110 seconds, Stopping threads took: 0.0004596 seconds
[2023-10-19T20:41:58.301+0000][192.829s][debug][safepoint     ] Safepoint synchronization initiated. (179 threads)
[2023-10-19T20:41:58.301+0000][192.829s][info ][safepoint     ] Application time: 1.0007072 seconds
[2023-10-19T20:41:58.302+0000][192.830s][info ][safepoint     ] Entering safepoint region: Cleanup
[2023-10-19T20:41:58.302+0000][192.830s][info ][safepoint     ] Leaving safepoint region
[2023-10-19T20:41:58.303+0000][192.831s][info ][safepoint     ] Total time for which application threads were stopped: 0.0011531 seconds, Stopping threads took: 0.0004495 seconds
[2023-10-19T20:41:59.303+0000][193.831s][debug][safepoint     ] Safepoint synchronization initiated. (179 threads)
[2023-10-19T20:41:59.304+0000][193.832s][info ][safepoint     ] Application time: 1.0007794 seconds
[2023-10-19T20:41:59.305+0000][193.833s][info ][safepoint     ] Entering safepoint region: Cleanup
[2023-10-19T20:41:59.305+0000][193.833s][info ][safepoint     ] Leaving safepoint region
[2023-10-19T20:41:59.306+0000][193.834s][info ][safepoint     ] Total time for which application threads were stopped: 0.0011779 seconds, Stopping threads took: 0.0005119 seconds
[2023-10-19T20:41:59.305+0000][193.833s][debug][safepoint     ] ... found polling page return exception at pc = 0x00007fbdb0cb92c4, stub =0x00007fbda8840600
[2023-10-19T20:42:00.306+0000][194.834s][debug][safepoint     ] Safepoint synchronization initiated. (179 threads)
[2023-10-19T20:42:00.307+0000][194.835s][info ][safepoint     ] Application time: 1.0008041 seconds
[2023-10-19T20:42:00.307+0000][194.836s][info ][safepoint     ] Entering safepoint region: Cleanup
[2023-10-19T20:42:00.309+0000][194.837s][info ][safepoint     ] Leaving safepoint region
[2023-10-19T20:42:00.310+0000][194.838s][info ][safepoint     ] Total time for which application threads were stopped: 0.0022528 seconds, Stopping threads took: 0.0009088 seconds
[2023-10-19T20:42:01.310+0000][195.838s][debug][safepoint     ] Safepoint synchronization initiated. (179 threads)
[2023-10-19T20:42:01.311+0000][195.839s][info ][safepoint     ] Application time: 1.0006001 seconds
[2023-10-19T20:42:01.311+0000][195.839s][info ][safepoint     ] Entering safepoint region: Cleanup
[2023-10-19T20:42:01.312+0000][195.840s][info ][safepoint     ] Leaving safepoint region
[2023-10-19T20:42:01.312+0000][195.840s][info ][safepoint     ] Total time for which application threads were stopped: 0.0008416 seconds, Stopping threads took: 0.0003429 seconds
[2023-10-19T20:42:02.312+0000][196.841s][debug][safepoint     ] Safepoint synchronization initiated. (179 threads)
[2023-10-19T20:42:02.313+0000][196.841s][info ][safepoint     ] Application time: 1.0004962 seconds
[2023-10-19T20:42:02.313+0000][196.841s][info ][safepoint     ] Entering safepoint region: Cleanup
[2023-10-19T20:42:02.314+0000][196.842s][info ][safepoint     ] Leaving safepoint region
[2023-10-19T20:42:02.314+0000][196.842s][info ][safepoint     ] Total time for which application threads were stopped: 0.0010008 seconds, Stopping threads took: 0.0003921 seconds
[2023-10-19T20:42:03.315+0000][197.843s][debug][safepoint     ] Safepoint synchronization initiated. (179 threads)
[2023-10-19T20:42:03.315+0000][197.843s][info ][safepoint     ] Application time: 1.0007258 seconds
[2023-10-19T20:42:03.316+0000][197.844s][info ][safepoint     ] Entering safepoint region: Cleanup
[2023-10-19T20:42:03.317+0000][197.845s][info ][safepoint     ] Leaving safepoint region
[2023-10-19T20:42:03.317+0000][197.845s][info ][safepoint     ] Total time for which application threads were stopped: 0.0012646 seconds, Stopping threads took: 0.0005413 seconds
[2023-10-19T20:42:04.318+0000][198.846s][debug][safepoint     ] Safepoint synchronization initiated. (179 threads)
[2023-10-19T20:42:04.318+0000][198.846s][info ][safepoint     ] Application time: 1.0005492 seconds
[2023-10-19T20:42:04.319+0000][198.847s][info ][safepoint     ] Entering safepoint region: Cleanup
[2023-10-19T20:42:04.319+0000][198.847s][info ][safepoint     ] Leaving safepoint region
[2023-10-19T20:42:04.320+0000][198.848s][info ][safepoint     ] Total time for which application threads were stopped: 0.0010700 seconds, Stopping threads took: 0.0004546 seconds
[2023-10-19T20:42:05.322+0000][199.850s][debug][safepoint     ] Safepoint synchronization initiated. (179 threads)
[2023-10-19T20:42:05.322+0000][199.851s][info ][safepoint     ] Application time: 1.0008713 seconds
[2023-10-19T20:42:05.323+0000][199.851s][info ][safepoint     ] Entering safepoint region: Cleanup
[2023-10-19T20:42:05.324+0000][199.852s][info ][safepoint     ] Leaving safepoint region
[2023-10-19T20:42:05.324+0000][199.852s][info ][safepoint     ] Total time for which application threads were stopped: 0.0012612 seconds, Stopping threads took: 0.0005526 seconds
[2023-10-19T20:42:06.325+0000][200.853s][debug][safepoint     ] Safepoint synchronization initiated. (179 threads)
[2023-10-19T20:42:06.325+0000][200.854s][info ][safepoint     ] Application time: 1.0007565 seconds
[2023-10-19T20:42:06.326+0000][200.854s][info ][safepoint     ] Entering safepoint region: Cleanup
[2023-10-19T20:42:06.327+0000][200.855s][info ][safepoint     ] Leaving safepoint region
[2023-10-19T20:42:06.327+0000][200.855s][info ][safepoint     ] Total time for which application threads were stopped: 0.0012294 seconds, Stopping threads took: 0.0005972 seconds
[2023-10-19T20:42:07.328+0000][201.856s][debug][safepoint     ] Safepoint synchronization initiated. (179 threads)
[2023-10-19T20:42:07.329+0000][201.857s][info ][safepoint     ] Application time: 1.0008167 seconds
[2023-10-19T20:42:07.329+0000][201.857s][info ][safepoint     ] Entering safepoint region: Cleanup
[2023-10-19T20:42:07.330+0000][201.858s][info ][safepoint     ] Leaving safepoint region
[2023-10-19T20:42:07.330+0000][201.858s][info ][safepoint     ] Total time for which application threads were stopped: 0.0012165 seconds, Stopping threads took: 0.0005087 seconds
[2023-10-19T20:42:08.331+0000][202.859s][debug][safepoint     ] Safepoint synchronization initiated. (179 threads)
[2023-10-19T20:42:08.332+0000][202.860s][info ][safepoint     ] Application time: 1.0010483 seconds
[2023-10-19T20:42:08.332+0000][202.861s][info ][safepoint     ] Entering safepoint region: Cleanup
[2023-10-19T20:42:08.333+0000][202.861s][info ][safepoint     ] Leaving safepoint region
[2023-10-19T20:42:08.334+0000][202.862s][info ][safepoint     ] Total time for which application threads were stopped: 0.0012514 seconds, Stopping threads took: 0.0005916 seconds
[2023-10-19T20:42:09.334+0000][203.862s][debug][safepoint     ] Safepoint synchronization initiated. (179 threads)
[2023-10-19T20:42:09.335+0000][203.863s][info ][safepoint     ] Application time: 1.0006517 seconds
[2023-10-19T20:42:09.335+0000][203.863s][info ][safepoint     ] Entering safepoint region: Cleanup
[2023-10-19T20:42:09.336+0000][203.864s][info ][safepoint     ] Leaving safepoint region
[2023-10-19T20:42:09.336+0000][203.864s][info ][safepoint     ] Total time for which application threads were stopped: 0.0010454 seconds, Stopping threads took: 0.0004234 seconds
[2023-10-19T20:42:10.337+0000][204.865s][debug][safepoint     ] Safepoint synchronization initiated. (179 threads)
[2023-10-19T20:42:10.337+0000][204.865s][info ][safepoint     ] Application time: 1.0005705 seconds
[2023-10-19T20:42:10.338+0000][204.866s][info ][safepoint     ] Entering safepoint region: Cleanup
[2023-10-19T20:42:10.338+0000][204.866s][info ][safepoint     ] Leaving safepoint region
[2023-10-19T20:42:10.339+0000][204.867s][info ][safepoint     ] Total time for which application threads were stopped: 0.0011284 seconds, Stopping threads took: 0.0003891 seconds
[2023-10-19T20:42:11.339+0000][205.867s][debug][safepoint     ] Safepoint synchronization initiated. (179 threads)
[2023-10-19T20:42:11.340+0000][205.868s][info ][safepoint     ] Application time: 1.0006979 seconds
[2023-10-19T20:42:11.340+0000][205.868s][info ][safepoint     ] Entering safepoint region: Cleanup
[2023-10-19T20:42:11.341+0000][205.869s][info ][safepoint     ] Leaving safepoint region
[2023-10-19T20:42:11.341+0000][205.870s][info ][safepoint     ] Total time for which application threads were stopped: 0.0011203 seconds, Stopping threads took: 0.0004912 seconds
[2023-10-19T20:42:12.342+0000][206.870s][debug][safepoint     ] Safepoint synchronization initiated. (179 threads)
[2023-10-19T20:42:12.343+0000][206.871s][info ][safepoint     ] Application time: 1.0009158 seconds
[2023-10-19T20:42:12.343+0000][206.871s][info ][safepoint     ] Entering safepoint region: Cleanup
[2023-10-19T20:42:12.344+0000][206.872s][info ][safepoint     ] Leaving safepoint region
[2023-10-19T20:42:12.345+0000][206.873s][info ][safepoint     ] Total time for which application threads were stopped: 0.0014124 seconds, Stopping threads took: 0.0006278 seconds
[2023-10-19T20:42:13.345+0000][207.874s][debug][safepoint     ] Safepoint synchronization initiated. (179 threads)
[2023-10-19T20:42:13.346+0000][207.874s][info ][safepoint     ] Application time: 1.0006489 seconds
[2023-10-19T20:42:13.346+0000][207.875s][info ][safepoint     ] Entering safepoint region: Cleanup
[2023-10-19T20:42:13.347+0000][207.875s][info ][safepoint     ] Leaving safepoint region
[2023-10-19T20:42:13.347+0000][207.876s][info ][safepoint     ] Total time for which application threads were stopped: 0.0010517 seconds, Stopping threads took: 0.0004449 seconds
[2023-10-19T20:42:14.348+0000][208.876s][debug][safepoint     ] Safepoint synchronization initiated. (179 threads)
[2023-10-19T20:42:14.349+0000][208.877s][info ][safepoint     ] Application time: 1.0008874 seconds
[2023-10-19T20:42:14.349+0000][208.877s][info ][safepoint     ] Entering safepoint region: Cleanup
[2023-10-19T20:42:14.350+0000][208.878s][info ][safepoint     ] Leaving safepoint region
[2023-10-19T20:42:14.350+0000][208.879s][info ][safepoint     ] Total time for which application threads were stopped: 0.0011979 seconds, Stopping threads took: 0.0005625 seconds
[2023-10-19T20:42:15.351+0000][209.879s][debug][safepoint     ] Safepoint synchronization initiated. (179 threads)
[2023-10-19T20:42:15.352+0000][209.880s][info ][safepoint     ] Application time: 1.0009019 seconds
[2023-10-19T20:42:15.352+0000][209.881s][info ][safepoint     ] Entering safepoint region: Cleanup
[2023-10-19T20:42:15.353+0000][209.881s][info ][safepoint     ] Leaving safepoint region
[2023-10-19T20:42:15.354+0000][209.882s][info ][safepoint     ] Total time for which application threads were stopped: 0.0011491 seconds, Stopping threads took: 0.0005666 seconds
[2023-10-19T20:42:16.354+0000][210.882s][debug][safepoint     ] Safepoint synchronization initiated. (179 threads)
[2023-10-19T20:42:16.355+0000][210.883s][info ][safepoint     ] Application time: 1.0006857 seconds
[2023-10-19T20:42:16.355+0000][210.884s][info ][safepoint     ] Entering safepoint region: Cleanup
[2023-10-19T20:42:16.356+0000][210.884s][info ][safepoint     ] Leaving safepoint region
[2023-10-19T20:42:16.357+0000][210.885s][info ][safepoint     ] Total time for which application threads were stopped: 0.0014875 seconds, Stopping threads took: 0.0006338 seconds
[2023-10-19T20:42:17.358+0000][211.886s][debug][safepoint     ] Safepoint synchronization initiated. (179 threads)
[2023-10-19T20:42:17.359+0000][211.887s][info ][safepoint     ] Application time: 1.0010962 seconds
[2023-10-19T20:42:17.359+0000][211.887s][info ][safepoint     ] Entering safepoint region: Cleanup
[2023-10-19T20:42:17.360+0000][211.888s][info ][safepoint     ] Leaving safepoint region
[2023-10-19T20:42:17.361+0000][211.889s][info ][safepoint     ] Total time for which application threads were stopped: 0.0013540 seconds, Stopping threads took: 0.0006125 seconds
[2023-10-19T20:42:18.361+0000][212.889s][debug][safepoint     ] Safepoint synchronization initiated. (179 threads)
[2023-10-19T20:42:18.362+0000][212.890s][info ][safepoint     ] Application time: 1.0008177 seconds
[2023-10-19T20:42:18.362+0000][212.891s][info ][safepoint     ] Entering safepoint region: Cleanup
[2023-10-19T20:42:18.363+0000][212.891s][info ][safepoint     ] Leaving safepoint region
[2023-10-19T20:42:18.364+0000][212.892s][info ][safepoint     ] Total time for which application threads were stopped: 0.0011927 seconds, Stopping threads took: 0.0005527 seconds
[2023-10-19T20:42:19.364+0000][213.892s][debug][safepoint     ] Safepoint synchronization initiated. (179 threads)
[2023-10-19T20:42:19.365+0000][213.893s][info ][safepoint     ] Application time: 1.0006659 seconds
[2023-10-19T20:42:19.365+0000][213.893s][info ][safepoint     ] Entering safepoint region: Cleanup
[2023-10-19T20:42:19.366+0000][213.894s][info ][safepoint     ] Leaving safepoint region
[2023-10-19T20:42:19.366+0000][213.894s][info ][safepoint     ] Total time for which application threads were stopped: 0.0010683 seconds, Stopping threads took: 0.0004813 seconds
[2023-10-19T20:42:20.367+0000][214.895s][debug][safepoint     ] Safepoint synchronization initiated. (179 threads)
[2023-10-19T20:42:20.367+0000][214.895s][info ][safepoint     ] Application time: 1.0006017 seconds
[2023-10-19T20:42:20.368+0000][214.896s][info ][safepoint     ] Entering safepoint region: Cleanup
[2023-10-19T20:42:20.368+0000][214.896s][info ][safepoint     ] Leaving safepoint region
[2023-10-19T20:42:20.369+0000][214.897s][info ][safepoint     ] Total time for which application threads were stopped: 0.0009530 seconds, Stopping threads took: 0.0004317 seconds
[2023-10-19T20:42:21.369+0000][215.897s][debug][safepoint     ] Safepoint synchronization initiated. (179 threads)
[2023-10-19T20:42:21.370+0000][215.898s][info ][safepoint     ] Application time: 1.0007649 seconds
[2023-10-19T20:42:21.370+0000][215.898s][info ][safepoint     ] Entering safepoint region: Cleanup
[2023-10-19T20:42:21.371+0000][215.899s][info ][safepoint     ] Leaving safepoint region
[2023-10-19T20:42:21.372+0000][215.900s][info ][safepoint     ] Total time for which application threads were stopped: 0.0012548 seconds, Stopping threads took: 0.0005888 seconds
[2023-10-19T20:42:22.372+0000][216.900s][debug][safepoint     ] Safepoint synchronization initiated. (179 threads)
[2023-10-19T20:42:22.373+0000][216.901s][info ][safepoint     ] Application time: 1.0007317 seconds
[2023-10-19T20:42:22.373+0000][216.901s][info ][safepoint     ] Entering safepoint region: Cleanup
[2023-10-19T20:42:22.374+0000][216.902s][info ][safepoint     ] Leaving safepoint region
[2023-10-19T20:42:22.375+0000][216.903s][info ][safepoint     ] Total time for which application threads were stopped: 0.0015515 seconds, Stopping threads took: 0.0005510 seconds
[2023-10-19T20:42:23.375+0000][217.903s][debug][safepoint     ] Safepoint synchronization initiated. (179 threads)
[2023-10-19T20:42:23.376+0000][217.904s][info ][safepoint     ] Application time: 1.0007422 seconds
[2023-10-19T20:42:23.376+0000][217.904s][info ][safepoint     ] Entering safepoint region: Cleanup
[2023-10-19T20:42:23.377+0000][217.905s][info ][safepoint     ] Leaving safepoint region
[2023-10-19T20:42:23.377+0000][217.905s][info ][safepoint     ] Total time for which application threads were stopped: 0.0010400 seconds, Stopping threads took: 0.0004510 seconds
[2023-10-19T20:42:24.378+0000][218.906s][debug][safepoint     ] Safepoint synchronization initiated. (179 threads)
[2023-10-19T20:42:24.378+0000][218.906s][info ][safepoint     ] Application time: 1.0006395 seconds
[2023-10-19T20:42:24.379+0000][218.907s][info ][safepoint     ] Entering safepoint region: Cleanup
[2023-10-19T20:42:24.380+0000][218.908s][info ][safepoint     ] Leaving safepoint region
[2023-10-19T20:42:24.380+0000][218.908s][info ][safepoint     ] Total time for which application threads were stopped: 0.0012634 seconds, Stopping threads took: 0.0005506 seconds
[2023-10-19T20:42:25.381+0000][219.909s][debug][safepoint     ] Safepoint synchronization initiated. (179 threads)
[2023-10-19T20:42:25.381+0000][219.909s][info ][safepoint     ] Application time: 1.0007457 seconds
[2023-10-19T20:42:25.382+0000][219.910s][info ][safepoint     ] Entering safepoint region: Cleanup
[2023-10-19T20:42:25.383+0000][219.911s][info ][safepoint     ] Leaving safepoint region
[2023-10-19T20:42:25.383+0000][219.911s][info ][safepoint     ] Total time for which application threads were stopped: 0.0013271 seconds, Stopping threads took: 0.0005789 seconds
[2023-10-19T20:42:26.384+0000][220.912s][debug][safepoint     ] Safepoint synchronization initiated. (179 threads)
[2023-10-19T20:42:26.384+0000][220.912s][info ][safepoint     ] Application time: 1.0006212 seconds
[2023-10-19T20:42:26.385+0000][220.913s][info ][safepoint     ] Entering safepoint region: Cleanup
[2023-10-19T20:42:26.385+0000][220.913s][info ][safepoint     ] Leaving safepoint region
[2023-10-19T20:42:26.386+0000][220.914s][info ][safepoint     ] Total time for which application threads were stopped: 0.0010660 seconds, Stopping threads took: 0.0004562 seconds
[2023-10-19T20:42:27.386+0000][221.914s][debug][safepoint     ] Safepoint synchronization initiated. (179 threads)
[2023-10-19T20:42:27.387+0000][221.915s][info ][safepoint     ] Application time: 1.0011704 seconds
[2023-10-19T20:42:27.388+0000][221.916s][info ][safepoint     ] Entering safepoint region: Cleanup
[2023-10-19T20:42:27.389+0000][221.917s][info ][safepoint     ] Leaving safepoint region
[2023-10-19T20:42:27.390+0000][221.918s][info ][safepoint     ] Total time for which application threads were stopped: 0.0016633 seconds, Stopping threads took: 0.0009897 seconds
[2023-10-19T20:42:28.390+0000][222.918s][debug][safepoint     ] Safepoint synchronization initiated. (179 threads)
[2023-10-19T20:42:28.391+0000][222.919s][info ][safepoint     ] Application time: 1.0009003 seconds
[2023-10-19T20:42:28.392+0000][222.920s][info ][safepoint     ] Entering safepoint region: Cleanup
[2023-10-19T20:42:28.392+0000][222.920s][info ][safepoint     ] Leaving safepoint region
[2023-10-19T20:42:28.393+0000][222.921s][info ][safepoint     ] Total time for which application threads were stopped: 0.0013601 seconds, Stopping threads took: 0.0005720 seconds
[2023-10-19T20:42:29.394+0000][223.922s][debug][safepoint     ] Safepoint synchronization initiated. (179 threads)
[2023-10-19T20:42:29.394+0000][223.922s][info ][safepoint     ] Application time: 1.0008705 seconds
[2023-10-19T20:42:29.395+0000][223.923s][info ][safepoint     ] Entering safepoint region: Cleanup
[2023-10-19T20:42:29.396+0000][223.924s][info ][safepoint     ] Leaving safepoint region
[2023-10-19T20:42:29.396+0000][223.924s][info ][safepoint     ] Total time for which application threads were stopped: 0.0013704 seconds, Stopping threads took: 0.0005805 seconds
[2023-10-19T20:42:30.397+0000][224.925s][debug][safepoint     ] Safepoint synchronization initiated. (179 threads)
[2023-10-19T20:42:30.398+0000][224.926s][info ][safepoint     ] Application time: 1.0008460 seconds
[2023-10-19T20:42:30.398+0000][224.926s][info ][safepoint     ] Entering safepoint region: Cleanup
[2023-10-19T20:42:30.399+0000][224.927s][info ][safepoint     ] Leaving safepoint region
[2023-10-19T20:42:30.399+0000][224.927s][info ][safepoint     ] Total time for which application threads were stopped: 0.0012763 seconds, Stopping threads took: 0.0006036 seconds
[2023-10-19T20:42:31.400+0000][225.928s][debug][safepoint     ] Safepoint synchronization initiated. (179 threads)
[2023-10-19T20:42:31.401+0000][225.929s][info ][safepoint     ] Application time: 1.0006327 seconds
[2023-10-19T20:42:31.401+0000][225.929s][info ][safepoint     ] Entering safepoint region: Cleanup
[2023-10-19T20:42:31.402+0000][225.930s][info ][safepoint     ] Leaving safepoint region
[2023-10-19T20:42:31.402+0000][225.930s][info ][safepoint     ] Total time for which application threads were stopped: 0.0011202 seconds, Stopping threads took: 0.0004205 seconds
[2023-10-19T20:42:32.403+0000][226.931s][debug][safepoint     ] Safepoint synchronization initiated. (179 threads)
[2023-10-19T20:42:32.403+0000][226.931s][info ][safepoint     ] Application time: 1.0008463 seconds
[2023-10-19T20:42:32.404+0000][226.932s][info ][safepoint     ] Entering safepoint region: Cleanup
[2023-10-19T20:42:32.405+0000][226.933s][info ][safepoint     ] Leaving safepoint region
[2023-10-19T20:42:32.405+0000][226.933s][info ][safepoint     ] Total time for which application threads were stopped: 0.0012550 seconds, Stopping threads took: 0.0005764 seconds
[2023-10-19T20:42:33.406+0000][227.934s][debug][safepoint     ] Safepoint synchronization initiated. (179 threads)
[2023-10-19T20:42:33.406+0000][227.934s][info ][safepoint     ] Application time: 1.0006226 seconds
[2023-10-19T20:42:33.407+0000][227.935s][info ][safepoint     ] Entering safepoint region: Cleanup
[2023-10-19T20:42:33.407+0000][227.935s][info ][safepoint     ] Leaving safepoint region
[2023-10-19T20:42:33.408+0000][227.936s][info ][safepoint     ] Total time for which application threads were stopped: 0.0009669 seconds, Stopping threads took: 0.0003973 seconds
[2023-10-19T20:42:34.408+0000][228.936s][debug][safepoint     ] Safepoint synchronization initiated. (179 threads)
[2023-10-19T20:42:34.409+0000][228.937s][info ][safepoint     ] Application time: 1.0009041 seconds
[2023-10-19T20:42:34.410+0000][228.938s][info ][safepoint     ] Entering safepoint region: Cleanup
[2023-10-19T20:42:34.410+0000][228.938s][info ][safepoint     ] Leaving safepoint region
[2023-10-19T20:42:34.411+0000][228.939s][info ][safepoint     ] Total time for which application threads were stopped: 0.0013416 seconds, Stopping threads took: 0.0006120 seconds
[2023-10-19T20:42:35.412+0000][229.940s][debug][safepoint     ] Safepoint synchronization initiated. (179 threads)
[2023-10-19T20:42:35.412+0000][229.940s][info ][safepoint     ] Application time: 1.0008191 seconds
[2023-10-19T20:42:35.413+0000][229.941s][info ][safepoint     ] Entering safepoint region: Cleanup
[2023-10-19T20:42:35.414+0000][229.942s][info ][safepoint     ] Leaving safepoint region
[2023-10-19T20:42:35.414+0000][229.942s][info ][safepoint     ] Total time for which application threads were stopped: 0.0011840 seconds, Stopping threads took: 0.0005590 seconds
[2023-10-19T20:42:35.414+0000][229.942s][debug][safepoint     ] ... found polling page return exception at pc = 0x00007fbdb0cb92c4, stub =0x00007fbda8840600
[2023-10-19T20:42:35.414+0000][229.942s][debug][safepoint     ] ... found polling page return exception at pc = 0x00007fbdb0cb92c4, stub =0x00007fbda8840600
[2023-10-19T20:42:35.414+0000][229.942s][debug][safepoint     ] ... found polling page return exception at pc = 0x00007fbdb0cb92c4, stub =0x00007fbda8840600
[2023-10-19T20:42:35.414+0000][229.942s][debug][safepoint     ] ... found polling page return exception at pc = 0x00007fbdb0cb92c4, stub =0x00007fbda8840600
[2023-10-19T20:42:35.414+0000][229.942s][debug][safepoint     ] ... found polling page return exception at pc = 0x00007fbdb0cb92c4, stub =0x00007fbda8840600
[2023-10-19T20:42:35.414+0000][229.942s][debug][safepoint     ] ... found polling page return exception at pc = 0x00007fbdb0cb92c4, stub =0x00007fbda8840600
[2023-10-19T20:42:36.415+0000][230.943s][debug][safepoint     ] Safepoint synchronization initiated. (179 threads)
[2023-10-19T20:42:36.415+0000][230.943s][info ][safepoint     ] Application time: 1.0006456 seconds
[2023-10-19T20:42:36.416+0000][230.944s][info ][safepoint     ] Entering safepoint region: Cleanup
[2023-10-19T20:42:36.416+0000][230.944s][info ][safepoint     ] Leaving safepoint region
[2023-10-19T20:42:36.416+0000][230.944s][info ][safepoint     ] Total time for which application threads were stopped: 0.0008885 seconds, Stopping threads took: 0.0003515 seconds
[2023-10-19T20:42:37.417+0000][231.945s][debug][safepoint     ] Safepoint synchronization initiated. (179 threads)
[2023-10-19T20:42:37.418+0000][231.946s][info ][safepoint     ] Application time: 1.0008212 seconds
[2023-10-19T20:42:37.418+0000][231.946s][info ][safepoint     ] Entering safepoint region: Cleanup
[2023-10-19T20:42:37.419+0000][231.947s][info ][safepoint     ] Leaving safepoint region
[2023-10-19T20:42:37.419+0000][231.947s][info ][safepoint     ] Total time for which application threads were stopped: 0.0013513 seconds, Stopping threads took: 0.0005577 seconds
[2023-10-19T20:42:38.420+0000][232.948s][debug][safepoint     ] Safepoint synchronization initiated. (179 threads)
[2023-10-19T20:42:38.421+0000][232.949s][info ][safepoint     ] Application time: 1.0006598 seconds
[2023-10-19T20:42:38.421+0000][232.949s][info ][safepoint     ] Entering safepoint region: Cleanup
[2023-10-19T20:42:38.422+0000][232.950s][info ][safepoint     ] Leaving safepoint region
[2023-10-19T20:42:38.422+0000][232.950s][info ][safepoint     ] Total time for which application threads were stopped: 0.0012784 seconds, Stopping threads took: 0.0005744 seconds
[2023-10-19T20:42:39.423+0000][233.951s][debug][safepoint     ] Safepoint synchronization initiated. (179 threads)
[2023-10-19T20:42:39.424+0000][233.952s][info ][safepoint     ] Application time: 1.0007247 seconds
[2023-10-19T20:42:39.424+0000][233.952s][info ][safepoint     ] Entering safepoint region: Cleanup
[2023-10-19T20:42:39.425+0000][233.953s][info ][safepoint     ] Leaving safepoint region
[2023-10-19T20:42:39.425+0000][233.953s][info ][safepoint     ] Total time for which application threads were stopped: 0.0012006 seconds, Stopping threads took: 0.0004924 seconds
[2023-10-19T20:42:40.426+0000][234.954s][debug][safepoint     ] Safepoint synchronization initiated. (179 threads)
[2023-10-19T20:42:40.427+0000][234.955s][info ][safepoint     ] Application time: 1.0008908 seconds
[2023-10-19T20:42:40.427+0000][234.955s][info ][safepoint     ] Entering safepoint region: Cleanup
[2023-10-19T20:42:40.428+0000][234.956s][info ][safepoint     ] Leaving safepoint region
[2023-10-19T20:42:40.429+0000][234.957s][info ][safepoint     ] Total time for which application threads were stopped: 0.0015389 seconds, Stopping threads took: 0.0006133 seconds
[2023-10-19T20:42:41.429+0000][235.957s][debug][safepoint     ] Safepoint synchronization initiated. (179 threads)
[2023-10-19T20:42:41.430+0000][235.958s][info ][safepoint     ] Application time: 1.0006455 seconds
[2023-10-19T20:42:41.430+0000][235.958s][info ][safepoint     ] Entering safepoint region: Cleanup
[2023-10-19T20:42:41.431+0000][235.959s][info ][safepoint     ] Leaving safepoint region
[2023-10-19T20:42:41.431+0000][235.959s][info ][safepoint     ] Total time for which application threads were stopped: 0.0010835 seconds, Stopping threads took: 0.0004614 seconds
[2023-10-19T20:42:42.432+0000][236.960s][debug][safepoint     ] Safepoint synchronization initiated. (178 threads)
[2023-10-19T20:42:42.433+0000][236.961s][info ][safepoint     ] Application time: 1.0007839 seconds
[2023-10-19T20:42:42.433+0000][236.961s][info ][safepoint     ] Entering safepoint region: Cleanup
[2023-10-19T20:42:42.434+0000][236.962s][info ][safepoint     ] Leaving safepoint region
[2023-10-19T20:42:42.435+0000][236.963s][info ][safepoint     ] Total time for which application threads were stopped: 0.0012603 seconds, Stopping threads took: 0.0004927 seconds
[2023-10-19T20:42:43.435+0000][237.963s][debug][safepoint     ] Safepoint synchronization initiated. (178 threads)
[2023-10-19T20:42:43.436+0000][237.964s][info ][safepoint     ] Application time: 1.0007004 seconds
[2023-10-19T20:42:43.436+0000][237.964s][info ][safepoint     ] Entering safepoint region: Cleanup
[2023-10-19T20:42:43.437+0000][237.965s][info ][safepoint     ] Leaving safepoint region
[2023-10-19T20:42:43.437+0000][237.965s][info ][safepoint     ] Total time for which application threads were stopped: 0.0012670 seconds, Stopping threads took: 0.0005903 seconds
[2023-10-19T20:42:44.438+0000][238.966s][debug][safepoint     ] Safepoint synchronization initiated. (178 threads)
[2023-10-19T20:42:44.439+0000][238.967s][info ][safepoint     ] Application time: 1.0007297 seconds
[2023-10-19T20:42:44.439+0000][238.967s][info ][safepoint     ] Entering safepoint region: Cleanup
[2023-10-19T20:42:44.440+0000][238.968s][info ][safepoint     ] Leaving safepoint region
[2023-10-19T20:42:44.441+0000][238.969s][info ][safepoint     ] Total time for which application threads were stopped: 0.0016198 seconds, Stopping threads took: 0.0005291 seconds
[2023-10-19T20:42:45.442+0000][239.970s][debug][safepoint     ] Safepoint synchronization initiated. (178 threads)
[2023-10-19T20:42:45.442+0000][239.970s][info ][safepoint     ] Application time: 1.0005364 seconds
[2023-10-19T20:42:45.443+0000][239.971s][info ][safepoint     ] Entering safepoint region: Cleanup
[2023-10-19T20:42:45.443+0000][239.971s][info ][safepoint     ] Leaving safepoint region
[2023-10-19T20:42:45.444+0000][239.972s][info ][safepoint     ] Total time for which application threads were stopped: 0.0010704 seconds, Stopping threads took: 0.0004980 seconds
[2023-10-19T20:42:46.444+0000][240.972s][debug][safepoint     ] Safepoint synchronization initiated. (178 threads)
[2023-10-19T20:42:46.445+0000][240.973s][info ][safepoint     ] Application time: 1.0007298 seconds
[2023-10-19T20:42:46.445+0000][240.973s][info ][safepoint     ] Entering safepoint region: Cleanup
[2023-10-19T20:42:46.446+0000][240.974s][info ][safepoint     ] Leaving safepoint region
[2023-10-19T20:42:46.446+0000][240.974s][info ][safepoint     ] Total time for which application threads were stopped: 0.0012845 seconds, Stopping threads took: 0.0005167 seconds
[2023-10-19T20:42:47.447+0000][241.975s][debug][safepoint     ] Safepoint synchronization initiated. (178 threads)
[2023-10-19T20:42:47.449+0000][241.977s][info ][safepoint     ] Application time: 1.0017560 seconds
[2023-10-19T20:42:47.449+0000][241.977s][info ][safepoint     ] Entering safepoint region: Cleanup
[2023-10-19T20:42:47.450+0000][241.978s][info ][safepoint     ] Leaving safepoint region
[2023-10-19T20:42:47.450+0000][241.978s][info ][safepoint     ] Total time for which application threads were stopped: 0.0011308 seconds, Stopping threads took: 0.0004568 seconds
[2023-10-19T20:42:48.451+0000][242.979s][debug][safepoint     ] Safepoint synchronization initiated. (178 threads)
[2023-10-19T20:42:48.452+0000][242.980s][info ][safepoint     ] Application time: 1.0007374 seconds
[2023-10-19T20:42:48.452+0000][242.980s][info ][safepoint     ] Entering safepoint region: Cleanup
[2023-10-19T20:42:48.453+0000][242.981s][info ][safepoint     ] Leaving safepoint region
[2023-10-19T20:42:48.453+0000][242.981s][info ][safepoint     ] Total time for which application threads were stopped: 0.0011550 seconds, Stopping threads took: 0.0004510 seconds
[2023-10-19T20:42:49.454+0000][243.982s][debug][safepoint     ] Safepoint synchronization initiated. (178 threads)
[2023-10-19T20:42:49.454+0000][243.982s][info ][safepoint     ] Application time: 1.0006148 seconds
[2023-10-19T20:42:49.455+0000][243.983s][info ][safepoint     ] Entering safepoint region: Cleanup
[2023-10-19T20:42:49.456+0000][243.984s][info ][safepoint     ] Leaving safepoint region
[2023-10-19T20:42:49.456+0000][243.984s][info ][safepoint     ] Total time for which application threads were stopped: 0.0011235 seconds, Stopping threads took: 0.0004097 seconds
[2023-10-19T20:42:50.457+0000][244.985s][debug][safepoint     ] Safepoint synchronization initiated. (178 threads)
[2023-10-19T20:42:50.457+0000][244.985s][info ][safepoint     ] Application time: 1.0009269 seconds
[2023-10-19T20:42:50.458+0000][244.986s][info ][safepoint     ] Entering safepoint region: Cleanup
[2023-10-19T20:42:50.459+0000][244.987s][info ][safepoint     ] Leaving safepoint region
[2023-10-19T20:42:50.459+0000][244.987s][info ][safepoint     ] Total time for which application threads were stopped: 0.0012603 seconds, Stopping threads took: 0.0005697 seconds
[2023-10-19T20:42:51.460+0000][245.988s][debug][safepoint     ] Safepoint synchronization initiated. (178 threads)
[2023-10-19T20:42:51.461+0000][245.989s][info ][safepoint     ] Application time: 1.0007305 seconds
[2023-10-19T20:42:51.461+0000][245.989s][info ][safepoint     ] Entering safepoint region: Cleanup
[2023-10-19T20:42:51.462+0000][245.990s][info ][safepoint     ] Leaving safepoint region
[2023-10-19T20:42:51.462+0000][245.990s][info ][safepoint     ] Total time for which application threads were stopped: 0.0012164 seconds, Stopping threads took: 0.0005490 seconds
[2023-10-19T20:42:52.463+0000][246.991s][debug][safepoint     ] Safepoint synchronization initiated. (178 threads)
[2023-10-19T20:42:52.464+0000][246.992s][info ][safepoint     ] Application time: 1.0008933 seconds
[2023-10-19T20:42:52.464+0000][246.992s][info ][safepoint     ] Entering safepoint region: Cleanup
[2023-10-19T20:42:52.465+0000][246.993s][info ][safepoint     ] Leaving safepoint region
[2023-10-19T20:42:52.465+0000][246.993s][info ][safepoint     ] Total time for which application threads were stopped: 0.0012644 seconds, Stopping threads took: 0.0005430 seconds
[2023-10-19T20:42:53.466+0000][247.994s][debug][safepoint     ] Safepoint synchronization initiated. (178 threads)
[2023-10-19T20:42:53.467+0000][247.995s][info ][safepoint     ] Application time: 1.0009264 seconds
[2023-10-19T20:42:53.467+0000][247.995s][info ][safepoint     ] Entering safepoint region: Cleanup
[2023-10-19T20:42:53.468+0000][247.996s][info ][safepoint     ] Leaving safepoint region
[2023-10-19T20:42:53.469+0000][247.997s][info ][safepoint     ] Total time for which application threads were stopped: 0.0013703 seconds, Stopping threads took: 0.0007277 seconds
[2023-10-19T20:42:54.469+0000][248.997s][debug][safepoint     ] Safepoint synchronization initiated. (178 threads)
[2023-10-19T20:42:54.470+0000][248.998s][info ][safepoint     ] Application time: 1.0010536 seconds
[2023-10-19T20:42:54.471+0000][248.999s][info ][safepoint     ] Entering safepoint region: Cleanup
[2023-10-19T20:42:54.471+0000][248.999s][info ][safepoint     ] Leaving safepoint region
[2023-10-19T20:42:54.472+0000][249.000s][info ][safepoint     ] Total time for which application threads were stopped: 0.0011960 seconds, Stopping threads took: 0.0004866 seconds
[2023-10-19T20:42:55.472+0000][250.000s][debug][safepoint     ] Safepoint synchronization initiated. (178 threads)
[2023-10-19T20:42:55.473+0000][250.001s][info ][safepoint     ] Application time: 1.0006600 seconds
[2023-10-19T20:42:55.473+0000][250.001s][info ][safepoint     ] Entering safepoint region: Cleanup
[2023-10-19T20:42:55.474+0000][250.002s][info ][safepoint     ] Leaving safepoint region
[2023-10-19T20:42:55.475+0000][250.003s][info ][safepoint     ] Total time for which application threads were stopped: 0.0012277 seconds, Stopping threads took: 0.0005158 seconds
[2023-10-19T20:42:56.475+0000][251.003s][debug][safepoint     ] Safepoint synchronization initiated. (178 threads)
[2023-10-19T20:42:56.476+0000][251.004s][info ][safepoint     ] Application time: 1.0007718 seconds
[2023-10-19T20:42:56.476+0000][251.004s][info ][safepoint     ] Entering safepoint region: Cleanup
[2023-10-19T20:42:56.477+0000][251.005s][info ][safepoint     ] Leaving safepoint region
[2023-10-19T20:42:56.478+0000][251.005s][info ][safepoint     ] Total time for which application threads were stopped: 0.0011445 seconds, Stopping threads took: 0.0004865 seconds
[2023-10-19T20:42:57.478+0000][252.006s][debug][safepoint     ] Safepoint synchronization initiated. (178 threads)
[2023-10-19T20:42:57.479+0000][252.007s][info ][safepoint     ] Application time: 1.0007218 seconds
[2023-10-19T20:42:57.479+0000][252.007s][info ][safepoint     ] Entering safepoint region: Cleanup
[2023-10-19T20:42:57.480+0000][252.008s][info ][safepoint     ] Leaving safepoint region
[2023-10-19T20:42:57.480+0000][252.008s][info ][safepoint     ] Total time for which application threads were stopped: 0.0010829 seconds, Stopping threads took: 0.0004185 seconds
[2023-10-19T20:42:58.481+0000][253.009s][debug][safepoint     ] Safepoint synchronization initiated. (178 threads)
[2023-10-19T20:42:58.482+0000][253.009s][info ][safepoint     ] Application time: 1.0008369 seconds
[2023-10-19T20:42:58.482+0000][253.010s][info ][safepoint     ] Entering safepoint region: Cleanup
[2023-10-19T20:42:58.483+0000][253.011s][info ][safepoint     ] Leaving safepoint region
[2023-10-19T20:42:58.484+0000][253.011s][info ][safepoint     ] Total time for which application threads were stopped: 0.0014110 seconds, Stopping threads took: 0.0006052 seconds
[2023-10-19T20:42:59.484+0000][254.012s][debug][safepoint     ] Safepoint synchronization initiated. (178 threads)
[2023-10-19T20:42:59.485+0000][254.013s][info ][safepoint     ] Application time: 1.0006412 seconds
[2023-10-19T20:42:59.485+0000][254.013s][info ][safepoint     ] Entering safepoint region: Cleanup
[2023-10-19T20:42:59.486+0000][254.014s][info ][safepoint     ] Leaving safepoint region
[2023-10-19T20:42:59.487+0000][254.015s][info ][safepoint     ] Total time for which application threads were stopped: 0.0012827 seconds, Stopping threads took: 0.0006023 seconds
[2023-10-19T20:43:00.487+0000][255.015s][debug][safepoint     ] Safepoint synchronization initiated. (178 threads)
[2023-10-19T20:43:00.488+0000][255.016s][info ][safepoint     ] Application time: 1.0008865 seconds
[2023-10-19T20:43:00.488+0000][255.016s][info ][safepoint     ] Entering safepoint region: Cleanup
[2023-10-19T20:43:00.489+0000][255.017s][info ][safepoint     ] Leaving safepoint region
[2023-10-19T20:43:00.490+0000][255.018s][info ][safepoint     ] Total time for which application threads were stopped: 0.0013066 seconds, Stopping threads took: 0.0006118 seconds
[2023-10-19T20:43:01.490+0000][256.018s][debug][safepoint     ] Safepoint synchronization initiated. (178 threads)
[2023-10-19T20:43:01.491+0000][256.019s][info ][safepoint     ] Application time: 1.0009628 seconds
[2023-10-19T20:43:01.492+0000][256.020s][info ][safepoint     ] Entering safepoint region: Cleanup
[2023-10-19T20:43:01.493+0000][256.020s][info ][safepoint     ] Leaving safepoint region
[2023-10-19T20:43:01.493+0000][256.021s][info ][safepoint     ] Total time for which application threads were stopped: 0.0013717 seconds, Stopping threads took: 0.0006659 seconds
[2023-10-19T20:43:02.494+0000][257.022s][debug][safepoint     ] Safepoint synchronization initiated. (178 threads)
[2023-10-19T20:43:02.495+0000][257.023s][info ][safepoint     ] Application time: 1.0010868 seconds
[2023-10-19T20:43:02.495+0000][257.023s][info ][safepoint     ] Entering safepoint region: Cleanup
[2023-10-19T20:43:02.496+0000][257.024s][info ][safepoint     ] Leaving safepoint region
[2023-10-19T20:43:02.497+0000][257.025s][info ][safepoint     ] Total time for which application threads were stopped: 0.0015232 seconds, Stopping threads took: 0.0008756 seconds
[2023-10-19T20:43:03.497+0000][258.025s][debug][safepoint     ] Safepoint synchronization initiated. (178 threads)
[2023-10-19T20:43:03.498+0000][258.026s][info ][safepoint     ] Application time: 1.0010206 seconds
[2023-10-19T20:43:03.499+0000][258.027s][info ][safepoint     ] Entering safepoint region: Cleanup
[2023-10-19T20:43:03.500+0000][258.028s][info ][safepoint     ] Leaving safepoint region
[2023-10-19T20:43:03.500+0000][258.028s][info ][safepoint     ] Total time for which application threads were stopped: 0.0014305 seconds, Stopping threads took: 0.0007270 seconds
[2023-10-19T20:43:04.501+0000][259.029s][debug][safepoint     ] Safepoint synchronization initiated. (178 threads)
[2023-10-19T20:43:04.502+0000][259.029s][info ][safepoint     ] Application time: 1.0006706 seconds
[2023-10-19T20:43:04.502+0000][259.030s][info ][safepoint     ] Entering safepoint region: Cleanup
[2023-10-19T20:43:04.503+0000][259.031s][info ][safepoint     ] Leaving safepoint region
[2023-10-19T20:43:04.503+0000][259.031s][info ][safepoint     ] Total time for which application threads were stopped: 0.0011924 seconds, Stopping threads took: 0.0005137 seconds
[2023-10-19T20:43:05.504+0000][260.032s][debug][safepoint     ] Safepoint synchronization initiated. (178 threads)
[2023-10-19T20:43:05.505+0000][260.032s][info ][safepoint     ] Application time: 1.0008954 seconds
[2023-10-19T20:43:05.505+0000][260.033s][info ][safepoint     ] Entering safepoint region: Cleanup
[2023-10-19T20:43:05.506+0000][260.034s][info ][safepoint     ] Leaving safepoint region
[2023-10-19T20:43:05.506+0000][260.034s][info ][safepoint     ] Total time for which application threads were stopped: 0.0013336 seconds, Stopping threads took: 0.0005963 seconds
[2023-10-19T20:43:05.506+0000][260.034s][debug][safepoint     ] ... found polling page return exception at pc = 0x00007fbdb0cb92c4, stub =0x00007fbda8840600
[2023-10-19T20:43:05.506+0000][260.034s][debug][safepoint     ] ... found polling page return exception at pc = 0x00007fbdb0cb92c4, stub =0x00007fbda8840600
[2023-10-19T20:43:05.506+0000][260.034s][debug][safepoint     ] ... found polling page return exception at pc = 0x00007fbdb0cb92c4, stub =0x00007fbda8840600
[2023-10-19T20:43:05.506+0000][260.034s][debug][safepoint     ] ... found polling page return exception at pc = 0x00007fbdb0cb92c4, stub =0x00007fbda8840600
[2023-10-19T20:43:05.506+0000][260.034s][debug][safepoint     ] ... found polling page return exception at pc = 0x00007fbdb0cb92c4, stub =0x00007fbda8840600
[2023-10-19T20:43:06.507+0000][261.035s][debug][safepoint     ] Safepoint synchronization initiated. (178 threads)
[2023-10-19T20:43:06.508+0000][261.036s][info ][safepoint     ] Application time: 1.0008045 seconds
[2023-10-19T20:43:06.508+0000][261.036s][info ][safepoint     ] Entering safepoint region: Cleanup
[2023-10-19T20:43:06.509+0000][261.037s][info ][safepoint     ] Leaving safepoint region
[2023-10-19T20:43:06.509+0000][261.037s][info ][safepoint     ] Total time for which application threads were stopped: 0.0012408 seconds, Stopping threads took: 0.0005366 seconds
[2023-10-19T20:43:07.510+0000][262.038s][debug][safepoint     ] Safepoint synchronization initiated. (178 threads)
[2023-10-19T20:43:07.511+0000][262.039s][info ][safepoint     ] Application time: 1.0008311 seconds
[2023-10-19T20:43:07.511+0000][262.039s][info ][safepoint     ] Entering safepoint region: Cleanup
[2023-10-19T20:43:07.512+0000][262.040s][info ][safepoint     ] Leaving safepoint region
[2023-10-19T20:43:07.513+0000][262.041s][info ][safepoint     ] Total time for which application threads were stopped: 0.0014491 seconds, Stopping threads took: 0.0006501 seconds
[2023-10-19T20:43:08.514+0000][263.042s][debug][safepoint     ] Safepoint synchronization initiated. (178 threads)
[2023-10-19T20:43:08.515+0000][263.043s][info ][safepoint     ] Application time: 1.0013879 seconds
[2023-10-19T20:43:08.515+0000][263.043s][info ][safepoint     ] Entering safepoint region: Cleanup
[2023-10-19T20:43:08.516+0000][263.044s][info ][safepoint     ] Leaving safepoint region
[2023-10-19T20:43:08.516+0000][263.044s][info ][safepoint     ] Total time for which application threads were stopped: 0.0010328 seconds, Stopping threads took: 0.0004159 seconds
[2023-10-19T20:43:09.517+0000][264.045s][debug][safepoint     ] Safepoint synchronization initiated. (178 threads)
[2023-10-19T20:43:09.518+0000][264.046s][info ][safepoint     ] Application time: 1.0009723 seconds
[2023-10-19T20:43:09.518+0000][264.046s][info ][safepoint     ] Entering safepoint region: Cleanup
[2023-10-19T20:43:09.519+0000][264.047s][info ][safepoint     ] Leaving safepoint region
[2023-10-19T20:43:09.519+0000][264.047s][info ][safepoint     ] Total time for which application threads were stopped: 0.0013275 seconds, Stopping threads took: 0.0006047 seconds
[2023-10-19T20:43:10.520+0000][265.048s][debug][safepoint     ] Safepoint synchronization initiated. (178 threads)
[2023-10-19T20:43:10.521+0000][265.049s][info ][safepoint     ] Application time: 1.0006861 seconds
[2023-10-19T20:43:10.521+0000][265.049s][info ][safepoint     ] Entering safepoint region: Cleanup
[2023-10-19T20:43:10.522+0000][265.050s][info ][safepoint     ] Leaving safepoint region
[2023-10-19T20:43:10.522+0000][265.050s][info ][safepoint     ] Total time for which application threads were stopped: 0.0010951 seconds, Stopping threads took: 0.0004234 seconds
[2023-10-19T20:43:11.523+0000][266.051s][debug][safepoint     ] Safepoint synchronization initiated. (178 threads)
[2023-10-19T20:43:11.523+0000][266.051s][info ][safepoint     ] Application time: 1.0005880 seconds
[2023-10-19T20:43:11.524+0000][266.052s][info ][safepoint     ] Entering safepoint region: Cleanup
[2023-10-19T20:43:11.524+0000][266.052s][info ][safepoint     ] Leaving safepoint region
[2023-10-19T20:43:11.525+0000][266.053s][info ][safepoint     ] Total time for which application threads were stopped: 0.0011161 seconds, Stopping threads took: 0.0005142 seconds
[2023-10-19T20:43:12.525+0000][267.053s][debug][safepoint     ] Safepoint synchronization initiated. (178 threads)
[2023-10-19T20:43:12.526+0000][267.054s][info ][safepoint     ] Application time: 1.0006961 seconds
[2023-10-19T20:43:12.527+0000][267.054s][info ][safepoint     ] Entering safepoint region: Cleanup
[2023-10-19T20:43:12.527+0000][267.055s][info ][safepoint     ] Leaving safepoint region
[2023-10-19T20:43:12.528+0000][267.056s][info ][safepoint     ] Total time for which application threads were stopped: 0.0011427 seconds, Stopping threads took: 0.0004679 seconds
[2023-10-19T20:43:13.528+0000][268.056s][debug][safepoint     ] Safepoint synchronization initiated. (178 threads)
[2023-10-19T20:43:13.529+0000][268.057s][info ][safepoint     ] Application time: 1.0007875 seconds
[2023-10-19T20:43:13.529+0000][268.057s][info ][safepoint     ] Entering safepoint region: Cleanup
[2023-10-19T20:43:13.530+0000][268.058s][info ][safepoint     ] Leaving safepoint region
[2023-10-19T20:43:13.531+0000][268.058s][info ][safepoint     ] Total time for which application threads were stopped: 0.0011444 seconds, Stopping threads took: 0.0005557 seconds
[2023-10-19T20:43:14.531+0000][269.059s][debug][safepoint     ] Safepoint synchronization initiated. (178 threads)
[2023-10-19T20:43:14.532+0000][269.060s][info ][safepoint     ] Application time: 1.0009079 seconds
[2023-10-19T20:43:14.532+0000][269.060s][info ][safepoint     ] Entering safepoint region: Cleanup
[2023-10-19T20:43:14.533+0000][269.061s][info ][safepoint     ] Leaving safepoint region
[2023-10-19T20:43:14.533+0000][269.061s][info ][safepoint     ] Total time for which application threads were stopped: 0.0011313 seconds, Stopping threads took: 0.0005202 seconds
[2023-10-19T20:43:15.534+0000][270.062s][debug][safepoint     ] Safepoint synchronization initiated. (178 threads)
[2023-10-19T20:43:15.534+0000][270.062s][info ][safepoint     ] Application time: 1.0006638 seconds
[2023-10-19T20:43:15.535+0000][270.063s][info ][safepoint     ] Entering safepoint region: Cleanup
[2023-10-19T20:43:15.536+0000][270.063s][info ][safepoint     ] Leaving safepoint region
[2023-10-19T20:43:15.536+0000][270.064s][info ][safepoint     ] Total time for which application threads were stopped: 0.0010394 seconds, Stopping threads took: 0.0004589 seconds
[2023-10-19T20:43:16.537+0000][271.065s][debug][safepoint     ] Safepoint synchronization initiated. (178 threads)
[2023-10-19T20:43:16.538+0000][271.066s][info ][safepoint     ] Application time: 1.0013192 seconds
[2023-10-19T20:43:16.538+0000][271.066s][info ][safepoint     ] Entering safepoint region: Cleanup
[2023-10-19T20:43:16.539+0000][271.067s][info ][safepoint     ] Leaving safepoint region
[2023-10-19T20:43:16.540+0000][271.068s][info ][safepoint     ] Total time for which application threads were stopped: 0.0015081 seconds, Stopping threads took: 0.0008069 seconds
[2023-10-19T20:43:17.541+0000][272.069s][debug][safepoint     ] Safepoint synchronization initiated. (178 threads)
[2023-10-19T20:43:17.542+0000][272.070s][info ][safepoint     ] Application time: 1.0015063 seconds
[2023-10-19T20:43:17.542+0000][272.070s][info ][safepoint     ] Entering safepoint region: Cleanup
[2023-10-19T20:43:17.543+0000][272.071s][info ][safepoint     ] Leaving safepoint region
[2023-10-19T20:43:17.543+0000][272.071s][info ][safepoint     ] Total time for which application threads were stopped: 0.0010448 seconds, Stopping threads took: 0.0004802 seconds
[2023-10-19T20:43:18.544+0000][273.072s][debug][safepoint     ] Safepoint synchronization initiated. (178 threads)
[2023-10-19T20:43:18.544+0000][273.072s][info ][safepoint     ] Application time: 1.0008360 seconds
[2023-10-19T20:43:18.545+0000][273.073s][info ][safepoint     ] Entering safepoint region: Cleanup
[2023-10-19T20:43:18.546+0000][273.073s][info ][safepoint     ] Leaving safepoint region
[2023-10-19T20:43:18.546+0000][273.074s][info ][safepoint     ] Total time for which application threads were stopped: 0.0012242 seconds, Stopping threads took: 0.0005076 seconds
[2023-10-19T20:43:19.547+0000][274.075s][debug][safepoint     ] Safepoint synchronization initiated. (178 threads)
[2023-10-19T20:43:19.547+0000][274.075s][info ][safepoint     ] Application time: 1.0008163 seconds
[2023-10-19T20:43:19.548+0000][274.076s][info ][safepoint     ] Entering safepoint region: Cleanup
[2023-10-19T20:43:19.549+0000][274.077s][info ][safepoint     ] Leaving safepoint region
[2023-10-19T20:43:19.549+0000][274.077s][info ][safepoint     ] Total time for which application threads were stopped: 0.0012454 seconds, Stopping threads took: 0.0005817 seconds
[2023-10-19T20:43:20.550+0000][275.078s][debug][safepoint     ] Safepoint synchronization initiated. (178 threads)
[2023-10-19T20:43:20.551+0000][275.079s][info ][safepoint     ] Application time: 1.0010785 seconds
[2023-10-19T20:43:20.551+0000][275.079s][info ][safepoint     ] Entering safepoint region: Cleanup
[2023-10-19T20:43:20.553+0000][275.081s][info ][safepoint     ] Leaving safepoint region
[2023-10-19T20:43:20.554+0000][275.082s][info ][safepoint     ] Total time for which application threads were stopped: 0.0023878 seconds, Stopping threads took: 0.0009602 seconds
[2023-10-19T20:43:21.554+0000][276.082s][debug][safepoint     ] Safepoint synchronization initiated. (178 threads)
[2023-10-19T20:43:21.555+0000][276.083s][info ][safepoint     ] Application time: 1.0007555 seconds
[2023-10-19T20:43:21.556+0000][276.084s][info ][safepoint     ] Entering safepoint region: Cleanup
[2023-10-19T20:43:21.556+0000][276.084s][info ][safepoint     ] Leaving safepoint region
[2023-10-19T20:43:21.557+0000][276.085s][info ][safepoint     ] Total time for which application threads were stopped: 0.0011502 seconds, Stopping threads took: 0.0005267 seconds
[2023-10-19T20:43:22.557+0000][277.085s][debug][safepoint     ] Safepoint synchronization initiated. (178 threads)
[2023-10-19T20:43:22.558+0000][277.086s][info ][safepoint     ] Application time: 1.0009167 seconds
[2023-10-19T20:43:22.559+0000][277.087s][info ][safepoint     ] Entering safepoint region: Cleanup
[2023-10-19T20:43:22.559+0000][277.087s][info ][safepoint     ] Leaving safepoint region
[2023-10-19T20:43:22.560+0000][277.088s][info ][safepoint     ] Total time for which application threads were stopped: 0.0013323 seconds, Stopping threads took: 0.0005055 seconds
[2023-10-19T20:43:23.561+0000][278.089s][debug][safepoint     ] Safepoint synchronization initiated. (178 threads)
[2023-10-19T20:43:23.561+0000][278.089s][info ][safepoint     ] Application time: 1.0006801 seconds
[2023-10-19T20:43:23.562+0000][278.090s][info ][safepoint     ] Entering safepoint region: Cleanup
[2023-10-19T20:43:23.562+0000][278.090s][info ][safepoint     ] Leaving safepoint region
[2023-10-19T20:43:23.563+0000][278.091s][info ][safepoint     ] Total time for which application threads were stopped: 0.0013050 seconds, Stopping threads took: 0.0005203 seconds
[2023-10-19T20:43:24.564+0000][279.091s][debug][safepoint     ] Safepoint synchronization initiated. (178 threads)
[2023-10-19T20:43:24.564+0000][279.092s][info ][safepoint     ] Application time: 1.0006252 seconds
[2023-10-19T20:43:24.565+0000][279.092s][info ][safepoint     ] Entering safepoint region: Cleanup
[2023-10-19T20:43:24.565+0000][279.093s][info ][safepoint     ] Leaving safepoint region
[2023-10-19T20:43:24.566+0000][279.094s][info ][safepoint     ] Total time for which application threads were stopped: 0.0012338 seconds, Stopping threads took: 0.0004914 seconds
[2023-10-19T20:43:25.566+0000][280.094s][debug][safepoint     ] Safepoint synchronization initiated. (178 threads)
[2023-10-19T20:43:25.567+0000][280.095s][info ][safepoint     ] Application time: 1.0006423 seconds
[2023-10-19T20:43:25.567+0000][280.095s][info ][safepoint     ] Entering safepoint region: Cleanup
[2023-10-19T20:43:25.568+0000][280.096s][info ][safepoint     ] Leaving safepoint region
[2023-10-19T20:43:25.568+0000][280.096s][info ][safepoint     ] Total time for which application threads were stopped: 0.0011662 seconds, Stopping threads took: 0.0004559 seconds
[2023-10-19T20:43:26.569+0000][281.097s][debug][safepoint     ] Safepoint synchronization initiated. (178 threads)
[2023-10-19T20:43:26.570+0000][281.098s][info ][safepoint     ] Application time: 1.0006782 seconds
[2023-10-19T20:43:26.570+0000][281.098s][info ][safepoint     ] Entering safepoint region: Cleanup
[2023-10-19T20:43:26.571+0000][281.099s][info ][safepoint     ] Leaving safepoint region
[2023-10-19T20:43:26.571+0000][281.099s][info ][safepoint     ] Total time for which application threads were stopped: 0.0010516 seconds, Stopping threads took: 0.0004634 seconds
[2023-10-19T20:43:27.572+0000][282.100s][debug][safepoint     ] Safepoint synchronization initiated. (178 threads)
[2023-10-19T20:43:27.572+0000][282.100s][info ][safepoint     ] Application time: 1.0005590 seconds
[2023-10-19T20:43:27.573+0000][282.100s][info ][safepoint     ] Entering safepoint region: Cleanup
[2023-10-19T20:43:27.573+0000][282.101s][info ][safepoint     ] Leaving safepoint region
[2023-10-19T20:43:27.574+0000][282.101s][info ][safepoint     ] Total time for which application threads were stopped: 0.0010304 seconds, Stopping threads took: 0.0004094 seconds
[2023-10-19T20:43:28.574+0000][283.102s][debug][safepoint     ] Safepoint synchronization initiated. (178 threads)
[2023-10-19T20:43:28.575+0000][283.103s][info ][safepoint     ] Application time: 1.0006984 seconds
[2023-10-19T20:43:28.575+0000][283.103s][info ][safepoint     ] Entering safepoint region: Cleanup
[2023-10-19T20:43:28.576+0000][283.104s][info ][safepoint     ] Leaving safepoint region
[2023-10-19T20:43:28.576+0000][283.104s][info ][safepoint     ] Total time for which application threads were stopped: 0.0011180 seconds, Stopping threads took: 0.0004803 seconds
[2023-10-19T20:43:29.577+0000][284.105s][debug][safepoint     ] Safepoint synchronization initiated. (178 threads)
[2023-10-19T20:43:29.577+0000][284.105s][info ][safepoint     ] Application time: 1.0008110 seconds
[2023-10-19T20:43:29.578+0000][284.106s][info ][safepoint     ] Entering safepoint region: Cleanup
[2023-10-19T20:43:29.579+0000][284.107s][info ][safepoint     ] Leaving safepoint region
[2023-10-19T20:43:29.579+0000][284.107s][info ][safepoint     ] Total time for which application threads were stopped: 0.0011473 seconds, Stopping threads took: 0.0004472 seconds
[2023-10-19T20:43:30.580+0000][285.108s][debug][safepoint     ] Safepoint synchronization initiated. (178 threads)
[2023-10-19T20:43:30.580+0000][285.108s][info ][safepoint     ] Application time: 1.0008826 seconds
[2023-10-19T20:43:30.581+0000][285.109s][info ][safepoint     ] Entering safepoint region: Cleanup
[2023-10-19T20:43:30.582+0000][285.110s][info ][safepoint     ] Leaving safepoint region
[2023-10-19T20:43:30.582+0000][285.110s][info ][safepoint     ] Total time for which application threads were stopped: 0.0012665 seconds, Stopping threads took: 0.0005269 seconds
[2023-10-19T20:43:31.583+0000][286.111s][debug][safepoint     ] Safepoint synchronization initiated. (178 threads)
[2023-10-19T20:43:31.584+0000][286.111s][info ][safepoint     ] Application time: 1.0008666 seconds
[2023-10-19T20:43:31.584+0000][286.112s][info ][safepoint     ] Entering safepoint region: Cleanup
[2023-10-19T20:43:31.585+0000][286.113s][info ][safepoint     ] Leaving safepoint region
[2023-10-19T20:43:31.585+0000][286.113s][info ][safepoint     ] Total time for which application threads were stopped: 0.0013182 seconds, Stopping threads took: 0.0005271 seconds
[2023-10-19T20:43:32.586+0000][287.114s][debug][safepoint     ] Safepoint synchronization initiated. (178 threads)
[2023-10-19T20:43:32.588+0000][287.116s][info ][safepoint     ] Application time: 1.0019824 seconds
[2023-10-19T20:43:32.588+0000][287.116s][info ][safepoint     ] Entering safepoint region: Cleanup
[2023-10-19T20:43:32.589+0000][287.117s][info ][safepoint     ] Leaving safepoint region
[2023-10-19T20:43:32.590+0000][287.118s][info ][safepoint     ] Total time for which application threads were stopped: 0.0015181 seconds, Stopping threads took: 0.0007638 seconds
[2023-10-19T20:43:33.591+0000][288.118s][debug][safepoint     ] Safepoint synchronization initiated. (178 threads)
[2023-10-19T20:43:33.591+0000][288.119s][info ][safepoint     ] Application time: 1.0007273 seconds
[2023-10-19T20:43:33.592+0000][288.120s][info ][safepoint     ] Entering safepoint region: Cleanup
[2023-10-19T20:43:33.594+0000][288.122s][info ][safepoint     ] Leaving safepoint region
[2023-10-19T20:43:33.594+0000][288.122s][info ][safepoint     ] Total time for which application threads were stopped: 0.0025370 seconds, Stopping threads took: 0.0012608 seconds
[2023-10-19T20:43:34.595+0000][289.123s][debug][safepoint     ] Safepoint synchronization initiated. (178 threads)
[2023-10-19T20:43:34.595+0000][289.123s][info ][safepoint     ] Application time: 1.0007947 seconds
[2023-10-19T20:43:34.596+0000][289.124s][info ][safepoint     ] Entering safepoint region: Cleanup
[2023-10-19T20:43:34.597+0000][289.124s][info ][safepoint     ] Leaving safepoint region
[2023-10-19T20:43:34.597+0000][289.125s][info ][safepoint     ] Total time for which application threads were stopped: 0.0011377 seconds, Stopping threads took: 0.0005250 seconds
[2023-10-19T20:43:35.598+0000][290.125s][debug][safepoint     ] Safepoint synchronization initiated. (178 threads)
[2023-10-19T20:43:35.598+0000][290.126s][info ][safepoint     ] Application time: 1.0008371 seconds
[2023-10-19T20:43:35.599+0000][290.127s][info ][safepoint     ] Entering safepoint region: Cleanup
[2023-10-19T20:43:35.599+0000][290.127s][info ][safepoint     ] Leaving safepoint region
[2023-10-19T20:43:35.600+0000][290.128s][info ][safepoint     ] Total time for which application threads were stopped: 0.0011325 seconds, Stopping threads took: 0.0004760 seconds
[2023-10-19T20:43:36.600+0000][291.128s][debug][safepoint     ] Safepoint synchronization initiated. (178 threads)
[2023-10-19T20:43:36.601+0000][291.129s][info ][safepoint     ] Application time: 1.0007266 seconds
[2023-10-19T20:43:36.602+0000][291.130s][info ][safepoint     ] Entering safepoint region: Cleanup
[2023-10-19T20:43:36.602+0000][291.130s][info ][safepoint     ] Leaving safepoint region
[2023-10-19T20:43:36.603+0000][291.131s][info ][safepoint     ] Total time for which application threads were stopped: 0.0012799 seconds, Stopping threads took: 0.0005221 seconds
[2023-10-19T20:43:37.603+0000][292.131s][debug][safepoint     ] Safepoint synchronization initiated. (178 threads)
[2023-10-19T20:43:37.604+0000][292.132s][info ][safepoint     ] Application time: 1.0006214 seconds
[2023-10-19T20:43:37.605+0000][292.132s][info ][safepoint     ] Entering safepoint region: Cleanup
[2023-10-19T20:43:37.605+0000][292.133s][info ][safepoint     ] Leaving safepoint region
[2023-10-19T20:43:37.606+0000][292.134s][info ][safepoint     ] Total time for which application threads were stopped: 0.0011558 seconds, Stopping threads took: 0.0005219 seconds
[2023-10-19T20:43:38.606+0000][293.134s][debug][safepoint     ] Safepoint synchronization initiated. (178 threads)
[2023-10-19T20:43:38.607+0000][293.135s][info ][safepoint     ] Application time: 1.0008116 seconds
[2023-10-19T20:43:38.607+0000][293.135s][info ][safepoint     ] Entering safepoint region: Cleanup
[2023-10-19T20:43:38.608+0000][293.136s][info ][safepoint     ] Leaving safepoint region
[2023-10-19T20:43:38.609+0000][293.137s][info ][safepoint     ] Total time for which application threads were stopped: 0.0011699 seconds, Stopping threads took: 0.0005134 seconds
[2023-10-19T20:43:39.609+0000][294.137s][debug][safepoint     ] Safepoint synchronization initiated. (178 threads)
[2023-10-19T20:43:39.610+0000][294.138s][info ][safepoint     ] Application time: 1.0007376 seconds
[2023-10-19T20:43:39.610+0000][294.138s][info ][safepoint     ] Entering safepoint region: Cleanup
[2023-10-19T20:43:39.611+0000][294.139s][info ][safepoint     ] Leaving safepoint region
[2023-10-19T20:43:39.611+0000][294.139s][info ][safepoint     ] Total time for which application threads were stopped: 0.0012404 seconds, Stopping threads took: 0.0005207 seconds
[2023-10-19T20:43:40.612+0000][295.140s][debug][safepoint     ] Safepoint synchronization initiated. (178 threads)
[2023-10-19T20:43:40.613+0000][295.141s][info ][safepoint     ] Application time: 1.0009336 seconds
[2023-10-19T20:43:40.613+0000][295.141s][info ][safepoint     ] Entering safepoint region: Cleanup
[2023-10-19T20:43:40.614+0000][295.142s][info ][safepoint     ] Leaving safepoint region
[2023-10-19T20:43:40.615+0000][295.143s][info ][safepoint     ] Total time for which application threads were stopped: 0.0013231 seconds, Stopping threads took: 0.0005226 seconds
[2023-10-19T20:43:41.615+0000][296.143s][debug][safepoint     ] Safepoint synchronization initiated. (178 threads)
[2023-10-19T20:43:41.616+0000][296.144s][info ][safepoint     ] Application time: 1.0007662 seconds
[2023-10-19T20:43:41.617+0000][296.144s][info ][safepoint     ] Entering safepoint region: Cleanup
[2023-10-19T20:43:41.617+0000][296.145s][info ][safepoint     ] Leaving safepoint region
[2023-10-19T20:43:41.618+0000][296.146s][info ][safepoint     ] Total time for which application threads were stopped: 0.0012909 seconds, Stopping threads took: 0.0005681 seconds
[2023-10-19T20:43:42.619+0000][297.146s][debug][safepoint     ] Safepoint synchronization initiated. (177 threads)
[2023-10-19T20:43:42.619+0000][297.147s][info ][safepoint     ] Application time: 1.0010404 seconds
[2023-10-19T20:43:42.620+0000][297.148s][info ][safepoint     ] Entering safepoint region: Cleanup
[2023-10-19T20:43:42.621+0000][297.149s][info ][safepoint     ] Leaving safepoint region
[2023-10-19T20:43:42.622+0000][297.150s][info ][safepoint     ] Total time for which application threads were stopped: 0.0016111 seconds, Stopping threads took: 0.0007617 seconds
[2023-10-19T20:43:43.623+0000][298.150s][debug][safepoint     ] Safepoint synchronization initiated. (177 threads)
[2023-10-19T20:43:43.623+0000][298.151s][info ][safepoint     ] Application time: 1.0007769 seconds
[2023-10-19T20:43:43.624+0000][298.152s][info ][safepoint     ] Entering safepoint region: Cleanup
[2023-10-19T20:43:43.624+0000][298.152s][info ][safepoint     ] Leaving safepoint region
[2023-10-19T20:43:43.625+0000][298.153s][info ][safepoint     ] Total time for which application threads were stopped: 0.0013556 seconds, Stopping threads took: 0.0005365 seconds
[2023-10-19T20:43:44.626+0000][299.154s][debug][safepoint     ] Safepoint synchronization initiated. (177 threads)
[2023-10-19T20:43:44.627+0000][299.155s][info ][safepoint     ] Application time: 1.0014626 seconds
[2023-10-19T20:43:44.628+0000][299.156s][info ][safepoint     ] Entering safepoint region: Cleanup
[2023-10-19T20:43:44.630+0000][299.158s][info ][safepoint     ] Leaving safepoint region
[2023-10-19T20:43:44.631+0000][299.159s][info ][safepoint     ] Total time for which application threads were stopped: 0.0024514 seconds, Stopping threads took: 0.0010389 seconds
[2023-10-19T20:43:45.632+0000][300.160s][debug][safepoint     ] Safepoint synchronization initiated. (177 threads)
[2023-10-19T20:43:45.632+0000][300.160s][info ][safepoint     ] Application time: 1.0007263 seconds
[2023-10-19T20:43:45.633+0000][300.161s][info ][safepoint     ] Entering safepoint region: Cleanup
[2023-10-19T20:43:45.633+0000][300.161s][info ][safepoint     ] Leaving safepoint region
[2023-10-19T20:43:45.634+0000][300.162s][info ][safepoint     ] Total time for which application threads were stopped: 0.0010940 seconds, Stopping threads took: 0.0004062 seconds
[2023-10-19T20:43:46.634+0000][301.162s][debug][safepoint     ] Safepoint synchronization initiated. (177 threads)
[2023-10-19T20:43:46.635+0000][301.163s][info ][safepoint     ] Application time: 1.0005937 seconds
[2023-10-19T20:43:46.635+0000][301.163s][info ][safepoint     ] Entering safepoint region: Cleanup
[2023-10-19T20:43:46.636+0000][301.164s][info ][safepoint     ] Leaving safepoint region
[2023-10-19T20:43:46.636+0000][301.164s][info ][safepoint     ] Total time for which application threads were stopped: 0.0009241 seconds, Stopping threads took: 0.0004026 seconds
[2023-10-19T20:43:47.637+0000][302.165s][debug][safepoint     ] Safepoint synchronization initiated. (177 threads)
[2023-10-19T20:43:47.637+0000][302.165s][info ][safepoint     ] Application time: 1.0007514 seconds
[2023-10-19T20:43:47.638+0000][302.166s][info ][safepoint     ] Entering safepoint region: Cleanup
[2023-10-19T20:43:47.639+0000][302.166s][info ][safepoint     ] Leaving safepoint region
[2023-10-19T20:43:47.639+0000][302.167s][info ][safepoint     ] Total time for which application threads were stopped: 0.0012515 seconds, Stopping threads took: 0.0005321 seconds
[2023-10-19T20:43:48.640+0000][303.168s][debug][safepoint     ] Safepoint synchronization initiated. (177 threads)
[2023-10-19T20:43:48.641+0000][303.169s][info ][safepoint     ] Application time: 1.0012030 seconds
[2023-10-19T20:43:48.641+0000][303.169s][info ][safepoint     ] Entering safepoint region: Cleanup
[2023-10-19T20:43:48.642+0000][303.170s][info ][safepoint     ] Leaving safepoint region
[2023-10-19T20:43:48.643+0000][303.170s][info ][safepoint     ] Total time for which application threads were stopped: 0.0012351 seconds, Stopping threads took: 0.0005376 seconds
[2023-10-19T20:43:49.643+0000][304.171s][debug][safepoint     ] Safepoint synchronization initiated. (177 threads)
[2023-10-19T20:43:49.645+0000][304.172s][info ][safepoint     ] Application time: 1.0015540 seconds
[2023-10-19T20:43:49.646+0000][304.174s][info ][safepoint     ] Entering safepoint region: Cleanup
[2023-10-19T20:43:49.647+0000][304.175s][info ][safepoint     ] Leaving safepoint region
[2023-10-19T20:43:49.648+0000][304.176s][info ][safepoint     ] Total time for which application threads were stopped: 0.0021662 seconds, Stopping threads took: 0.0009509 seconds
[2023-10-19T20:43:50.649+0000][305.176s][debug][safepoint     ] Safepoint synchronization initiated. (177 threads)
[2023-10-19T20:43:50.649+0000][305.177s][info ][safepoint     ] Application time: 1.0006299 seconds
[2023-10-19T20:43:50.649+0000][305.177s][info ][safepoint     ] Entering safepoint region: Cleanup
[2023-10-19T20:43:50.650+0000][305.178s][info ][safepoint     ] Leaving safepoint region
[2023-10-19T20:43:50.650+0000][305.178s][info ][safepoint     ] Total time for which application threads were stopped: 0.0010911 seconds, Stopping threads took: 0.0005199 seconds
[2023-10-19T20:43:51.651+0000][306.179s][debug][safepoint     ] Safepoint synchronization initiated. (177 threads)
[2023-10-19T20:43:51.652+0000][306.180s][info ][safepoint     ] Application time: 1.0014350 seconds
[2023-10-19T20:43:51.653+0000][306.181s][info ][safepoint     ] Entering safepoint region: Cleanup
[2023-10-19T20:43:51.655+0000][306.183s][info ][safepoint     ] Leaving safepoint region
[2023-10-19T20:43:51.656+0000][306.184s][info ][safepoint     ] Total time for which application threads were stopped: 0.0024588 seconds, Stopping threads took: 0.0009637 seconds
[2023-10-19T20:43:52.657+0000][307.185s][debug][safepoint     ] Safepoint synchronization initiated. (177 threads)
[2023-10-19T20:43:52.658+0000][307.186s][info ][safepoint     ] Application time: 1.0011508 seconds
[2023-10-19T20:43:52.658+0000][307.186s][info ][safepoint     ] Entering safepoint region: Cleanup
[2023-10-19T20:43:52.659+0000][307.187s][info ][safepoint     ] Leaving safepoint region
[2023-10-19T20:43:52.660+0000][307.188s][info ][safepoint     ] Total time for which application threads were stopped: 0.0015012 seconds, Stopping threads took: 0.0007751 seconds
[2023-10-19T20:43:53.661+0000][308.188s][debug][safepoint     ] Safepoint synchronization initiated. (177 threads)
[2023-10-19T20:43:53.661+0000][308.189s][info ][safepoint     ] Application time: 1.0004808 seconds
[2023-10-19T20:43:53.661+0000][308.189s][info ][safepoint     ] Entering safepoint region: Cleanup
[2023-10-19T20:43:53.662+0000][308.190s][info ][safepoint     ] Leaving safepoint region
[2023-10-19T20:43:53.662+0000][308.190s][info ][safepoint     ] Total time for which application threads were stopped: 0.0007510 seconds, Stopping threads took: 0.0003376 seconds
[2023-10-19T20:43:54.662+0000][309.190s][debug][safepoint     ] Safepoint synchronization initiated. (177 threads)
[2023-10-19T20:43:54.663+0000][309.191s][info ][safepoint     ] Application time: 1.0006732 seconds
[2023-10-19T20:43:54.663+0000][309.191s][info ][safepoint     ] Entering safepoint region: Cleanup
[2023-10-19T20:43:54.664+0000][309.192s][info ][safepoint     ] Leaving safepoint region
[2023-10-19T20:43:54.664+0000][309.192s][info ][safepoint     ] Total time for which application threads were stopped: 0.0011055 seconds, Stopping threads took: 0.0003584 seconds
[2023-10-19T20:43:55.665+0000][310.193s][debug][safepoint     ] Safepoint synchronization initiated. (177 threads)
[2023-10-19T20:43:55.665+0000][310.193s][info ][safepoint     ] Application time: 1.0006089 seconds
[2023-10-19T20:43:55.666+0000][310.194s][info ][safepoint     ] Entering safepoint region: Cleanup
[2023-10-19T20:43:55.666+0000][310.194s][info ][safepoint     ] Leaving safepoint region
[2023-10-19T20:43:55.667+0000][310.195s][info ][safepoint     ] Total time for which application threads were stopped: 0.0008693 seconds, Stopping threads took: 0.0003200 seconds
[2023-10-19T20:43:56.667+0000][311.195s][debug][safepoint     ] Safepoint synchronization initiated. (177 threads)
[2023-10-19T20:43:56.668+0000][311.196s][info ][safepoint     ] Application time: 1.0009144 seconds
[2023-10-19T20:43:56.669+0000][311.197s][info ][safepoint     ] Entering safepoint region: Cleanup
[2023-10-19T20:43:56.669+0000][311.197s][info ][safepoint     ] Leaving safepoint region
[2023-10-19T20:43:56.670+0000][311.198s][info ][safepoint     ] Total time for which application threads were stopped: 0.0014819 seconds, Stopping threads took: 0.0006404 seconds
[2023-10-19T20:43:56.862+0000][311.390s][debug][safepoint     ] Safepoint synchronization initiated. (177 threads)
[2023-10-19T20:43:56.863+0000][311.391s][info ][safepoint     ] Application time: 0.1925255 seconds
[2023-10-19T20:43:56.864+0000][311.392s][info ][safepoint     ] Entering safepoint region: G1CollectForAllocation
[2023-10-19T20:43:56.865+0000][311.392s][info ][gc,start      ] GC(61) Pause Young (Normal) (G1 Evacuation Pause)
[2023-10-19T20:43:56.865+0000][311.393s][info ][gc,task       ] GC(61) Using 8 workers of 8 for evacuation
[2023-10-19T20:43:56.879+0000][311.406s][info ][gc,phases     ] GC(61)   Pre Evacuate Collection Set: 0.1ms
[2023-10-19T20:43:56.879+0000][311.407s][info ][gc,phases     ] GC(61)   Evacuate Collection Set: 9.6ms
[2023-10-19T20:43:56.880+0000][311.408s][info ][gc,phases     ] GC(61)   Post Evacuate Collection Set: 3.4ms
[2023-10-19T20:43:56.880+0000][311.408s][info ][gc,phases     ] GC(61)   Other: 1.0ms
[2023-10-19T20:43:56.881+0000][311.408s][info ][gc,heap       ] GC(61) Eden regions: 190->0(196)
[2023-10-19T20:43:56.881+0000][311.409s][info ][gc,heap       ] GC(61) Survivor regions: 19->14(27)
[2023-10-19T20:43:56.882+0000][311.410s][info ][gc,heap       ] GC(61) Old regions: 140->144
[2023-10-19T20:43:56.882+0000][311.410s][info ][gc,heap       ] GC(61) Humongous regions: 5->5
[2023-10-19T20:43:56.883+0000][311.411s][info ][gc,metaspace  ] GC(61) Metaspace: 166292K(171728K)->166292K(171728K) NonClass: 146881K(150224K)->146881K(150224K) Class: 19410K(21504K)->19410K(21504K)
[2023-10-19T20:43:56.883+0000][311.411s][info ][gc            ] GC(61) Pause Young (Normal) (G1 Evacuation Pause) 351M->161M(415M) 18.961ms
[2023-10-19T20:43:56.884+0000][311.412s][info ][gc,cpu        ] GC(61) User=0.09s Sys=0.00s Real=0.02s
[2023-10-19T20:43:56.884+0000][311.412s][info ][safepoint     ] Leaving safepoint region
[2023-10-19T20:43:56.885+0000][311.413s][info ][safepoint     ] Total time for which application threads were stopped: 0.0212026 seconds, Stopping threads took: 0.0006721 seconds
[2023-10-19T20:43:56.885+0000][311.413s][info ][gc,stringdedup] Concurrent String Deduplication (311.413s)
[2023-10-19T20:43:56.887+0000][311.415s][info ][gc,stringdedup] Concurrent String Deduplication 271.7K->147.4K(124.3K) avg 54.3% (311.413s, 311.415s) 1.887ms
[2023-10-19T20:43:57.885+0000][312.413s][debug][safepoint     ] Safepoint synchronization initiated. (177 threads)
[2023-10-19T20:43:57.886+0000][312.414s][info ][safepoint     ] Application time: 1.0010484 seconds
[2023-10-19T20:43:57.887+0000][312.415s][info ][safepoint     ] Entering safepoint region: Cleanup
[2023-10-19T20:43:57.888+0000][312.415s][info ][safepoint     ] Leaving safepoint region
[2023-10-19T20:43:57.888+0000][312.416s][info ][safepoint     ] Total time for which application threads were stopped: 0.0013912 seconds, Stopping threads took: 0.0006785 seconds
[2023-10-19T20:43:58.889+0000][313.417s][debug][safepoint     ] Safepoint synchronization initiated. (177 threads)
[2023-10-19T20:43:58.890+0000][313.418s][info ][safepoint     ] Application time: 1.0009109 seconds
[2023-10-19T20:43:58.890+0000][313.418s][info ][safepoint     ] Entering safepoint region: Cleanup
[2023-10-19T20:43:58.891+0000][313.419s][info ][safepoint     ] Leaving safepoint region
[2023-10-19T20:43:58.892+0000][313.420s][info ][safepoint     ] Total time for which application threads were stopped: 0.0014801 seconds, Stopping threads took: 0.0008313 seconds
[2023-10-19T20:43:59.892+0000][314.420s][debug][safepoint     ] Safepoint synchronization initiated. (177 threads)
[2023-10-19T20:43:59.893+0000][314.421s][info ][safepoint     ] Application time: 1.0007034 seconds
[2023-10-19T20:43:59.893+0000][314.421s][info ][safepoint     ] Entering safepoint region: Cleanup
[2023-10-19T20:43:59.894+0000][314.422s][info ][safepoint     ] Leaving safepoint region
[2023-10-19T20:43:59.895+0000][314.422s][info ][safepoint     ] Total time for which application threads were stopped: 0.0012456 seconds, Stopping threads took: 0.0004762 seconds
[2023-10-19T20:44:00.895+0000][315.423s][debug][safepoint     ] Safepoint synchronization initiated. (177 threads)
[2023-10-19T20:44:00.896+0000][315.424s][info ][safepoint     ] Application time: 1.0008569 seconds
[2023-10-19T20:44:00.896+0000][315.424s][info ][safepoint     ] Entering safepoint region: Cleanup
[2023-10-19T20:44:00.897+0000][315.425s][info ][safepoint     ] Leaving safepoint region
[2023-10-19T20:44:00.897+0000][315.425s][info ][safepoint     ] Total time for which application threads were stopped: 0.0011363 seconds, Stopping threads took: 0.0005271 seconds
[2023-10-19T20:44:01.898+0000][316.426s][debug][safepoint     ] Safepoint synchronization initiated. (177 threads)
[2023-10-19T20:44:01.899+0000][316.427s][info ][safepoint     ] Application time: 1.0008036 seconds
[2023-10-19T20:44:01.899+0000][316.427s][info ][safepoint     ] Entering safepoint region: Cleanup
[2023-10-19T20:44:01.900+0000][316.428s][info ][safepoint     ] Leaving safepoint region
[2023-10-19T20:44:01.900+0000][316.428s][info ][safepoint     ] Total time for which application threads were stopped: 0.0011197 seconds, Stopping threads took: 0.0005674 seconds
[2023-10-19T20:44:02.901+0000][317.429s][debug][safepoint     ] Safepoint synchronization initiated. (177 threads)
[2023-10-19T20:44:02.902+0000][317.429s][info ][safepoint     ] Application time: 1.0006093 seconds
[2023-10-19T20:44:02.902+0000][317.430s][info ][safepoint     ] Entering safepoint region: Cleanup
[2023-10-19T20:44:02.903+0000][317.431s][info ][safepoint     ] Leaving safepoint region
[2023-10-19T20:44:02.903+0000][317.431s][info ][safepoint     ] Total time for which application threads were stopped: 0.0011850 seconds, Stopping threads took: 0.0005555 seconds
[2023-10-19T20:44:03.904+0000][318.432s][debug][safepoint     ] Safepoint synchronization initiated. (177 threads)
[2023-10-19T20:44:03.904+0000][318.432s][info ][safepoint     ] Application time: 1.0009114 seconds
[2023-10-19T20:44:03.905+0000][318.433s][info ][safepoint     ] Entering safepoint region: Cleanup
[2023-10-19T20:44:03.906+0000][318.434s][info ][safepoint     ] Leaving safepoint region
[2023-10-19T20:44:03.906+0000][318.434s][info ][safepoint     ] Total time for which application threads were stopped: 0.0011247 seconds, Stopping threads took: 0.0005092 seconds
[2023-10-19T20:44:04.907+0000][319.435s][debug][safepoint     ] Safepoint synchronization initiated. (177 threads)
[2023-10-19T20:44:04.908+0000][319.436s][info ][safepoint     ] Application time: 1.0014541 seconds
[2023-10-19T20:44:04.909+0000][319.437s][info ][safepoint     ] Entering safepoint region: Cleanup
[2023-10-19T20:44:04.910+0000][319.438s][info ][safepoint     ] Leaving safepoint region
[2023-10-19T20:44:04.911+0000][319.438s][info ][safepoint     ] Total time for which application threads were stopped: 0.0015622 seconds, Stopping threads took: 0.0006611 seconds
[2023-10-19T20:44:05.912+0000][320.440s][debug][safepoint     ] Safepoint synchronization initiated. (177 threads)
[2023-10-19T20:44:05.913+0000][320.441s][info ][safepoint     ] Application time: 1.0015127 seconds
[2023-10-19T20:44:05.914+0000][320.442s][info ][safepoint     ] Entering safepoint region: Cleanup
[2023-10-19T20:44:05.915+0000][320.443s][info ][safepoint     ] Leaving safepoint region
[2023-10-19T20:44:05.916+0000][320.444s][info ][safepoint     ] Total time for which application threads were stopped: 0.0020541 seconds, Stopping threads took: 0.0009118 seconds
[2023-10-19T20:44:06.917+0000][321.444s][debug][safepoint     ] Safepoint synchronization initiated. (177 threads)
[2023-10-19T20:44:06.917+0000][321.445s][info ][safepoint     ] Application time: 1.0004466 seconds
[2023-10-19T20:44:06.917+0000][321.445s][info ][safepoint     ] Entering safepoint region: Cleanup
[2023-10-19T20:44:06.918+0000][321.446s][info ][safepoint     ] Leaving safepoint region
[2023-10-19T20:44:06.918+0000][321.446s][info ][safepoint     ] Total time for which application threads were stopped: 0.0007800 seconds, Stopping threads took: 0.0003406 seconds
[2023-10-19T20:44:07.919+0000][322.447s][debug][safepoint     ] Safepoint synchronization initiated. (177 threads)
[2023-10-19T20:44:07.920+0000][322.447s][info ][safepoint     ] Application time: 1.0012763 seconds
[2023-10-19T20:44:07.920+0000][322.448s][info ][safepoint     ] Entering safepoint region: Cleanup
[2023-10-19T20:44:07.921+0000][322.449s][info ][safepoint     ] Leaving safepoint region
[2023-10-19T20:44:07.922+0000][322.450s][info ][safepoint     ] Total time for which application threads were stopped: 0.0017952 seconds, Stopping threads took: 0.0007669 seconds
[2023-10-19T20:44:08.923+0000][323.451s][debug][safepoint     ] Safepoint synchronization initiated. (177 threads)
[2023-10-19T20:44:08.924+0000][323.452s][info ][safepoint     ] Application time: 1.0015220 seconds
[2023-10-19T20:44:08.926+0000][323.453s][info ][safepoint     ] Entering safepoint region: Cleanup
[2023-10-19T20:44:08.927+0000][323.455s][info ][safepoint     ] Leaving safepoint region
[2023-10-19T20:44:08.928+0000][323.456s][info ][safepoint     ] Total time for which application threads were stopped: 0.0027448 seconds, Stopping threads took: 0.0012124 seconds
[2023-10-19T20:44:09.929+0000][324.457s][debug][safepoint     ] Safepoint synchronization initiated. (177 threads)
[2023-10-19T20:44:09.930+0000][324.458s][info ][safepoint     ] Application time: 1.0006063 seconds
[2023-10-19T20:44:09.930+0000][324.458s][info ][safepoint     ] Entering safepoint region: Cleanup
[2023-10-19T20:44:09.931+0000][324.458s][info ][safepoint     ] Leaving safepoint region
[2023-10-19T20:44:09.931+0000][324.459s][info ][safepoint     ] Total time for which application threads were stopped: 0.0007481 seconds, Stopping threads took: 0.0003323 seconds
[2023-10-19T20:44:10.931+0000][325.459s][debug][safepoint     ] Safepoint synchronization initiated. (177 threads)
[2023-10-19T20:44:10.932+0000][325.460s][info ][safepoint     ] Application time: 1.0007581 seconds
[2023-10-19T20:44:10.932+0000][325.460s][info ][safepoint     ] Entering safepoint region: Cleanup
[2023-10-19T20:44:10.933+0000][325.461s][info ][safepoint     ] Leaving safepoint region
[2023-10-19T20:44:10.933+0000][325.461s][info ][safepoint     ] Total time for which application threads were stopped: 0.0010505 seconds, Stopping threads took: 0.0004932 seconds
[2023-10-19T20:44:11.934+0000][326.461s][debug][safepoint     ] Safepoint synchronization initiated. (177 threads)
[2023-10-19T20:44:11.934+0000][326.462s][info ][safepoint     ] Application time: 1.0004717 seconds
[2023-10-19T20:44:11.934+0000][326.462s][info ][safepoint     ] Entering safepoint region: Cleanup
[2023-10-19T20:44:11.935+0000][326.463s][info ][safepoint     ] Leaving safepoint region
[2023-10-19T20:44:11.935+0000][326.463s][info ][safepoint     ] Total time for which application threads were stopped: 0.0007667 seconds, Stopping threads took: 0.0003435 seconds
[2023-10-19T20:44:12.936+0000][327.464s][debug][safepoint     ] Safepoint synchronization initiated. (177 threads)
[2023-10-19T20:44:12.937+0000][327.465s][info ][safepoint     ] Application time: 1.0015714 seconds
[2023-10-19T20:44:12.938+0000][327.466s][info ][safepoint     ] Entering safepoint region: Cleanup
[2023-10-19T20:44:12.939+0000][327.467s][info ][safepoint     ] Leaving safepoint region
[2023-10-19T20:44:12.940+0000][327.468s][info ][safepoint     ] Total time for which application threads were stopped: 0.0023302 seconds, Stopping threads took: 0.0009453 seconds
[2023-10-19T20:44:13.941+0000][328.469s][debug][safepoint     ] Safepoint synchronization initiated. (177 threads)
[2023-10-19T20:44:13.942+0000][328.470s][info ][safepoint     ] Application time: 1.0011384 seconds
[2023-10-19T20:44:13.943+0000][328.471s][info ][safepoint     ] Entering safepoint region: Cleanup
[2023-10-19T20:44:13.944+0000][328.471s][info ][safepoint     ] Leaving safepoint region
[2023-10-19T20:44:13.944+0000][328.472s][info ][safepoint     ] Total time for which application threads were stopped: 0.0012572 seconds, Stopping threads took: 0.0005736 seconds
[2023-10-19T20:44:14.945+0000][329.473s][debug][safepoint     ] Safepoint synchronization initiated. (177 threads)
[2023-10-19T20:44:14.946+0000][329.474s][info ][safepoint     ] Application time: 1.0012840 seconds
[2023-10-19T20:44:14.947+0000][329.475s][info ][safepoint     ] Entering safepoint region: Cleanup
[2023-10-19T20:44:14.948+0000][329.476s][info ][safepoint     ] Leaving safepoint region
[2023-10-19T20:44:14.949+0000][329.477s][info ][safepoint     ] Total time for which application threads were stopped: 0.0024410 seconds, Stopping threads took: 0.0010840 seconds
[2023-10-19T20:44:15.950+0000][330.478s][debug][safepoint     ] Safepoint synchronization initiated. (177 threads)
[2023-10-19T20:44:15.951+0000][330.479s][info ][safepoint     ] Application time: 1.0008161 seconds
[2023-10-19T20:44:15.952+0000][330.479s][info ][safepoint     ] Entering safepoint region: Cleanup
[2023-10-19T20:44:15.952+0000][330.480s][info ][safepoint     ] Leaving safepoint region
[2023-10-19T20:44:15.953+0000][330.481s][info ][safepoint     ] Total time for which application threads were stopped: 0.0012386 seconds, Stopping threads took: 0.0005752 seconds
[2023-10-19T20:44:16.953+0000][331.481s][debug][safepoint     ] Safepoint synchronization initiated. (177 threads)
[2023-10-19T20:44:16.954+0000][331.482s][info ][safepoint     ] Application time: 1.0008132 seconds
[2023-10-19T20:44:16.955+0000][331.482s][info ][safepoint     ] Entering safepoint region: Cleanup
[2023-10-19T20:44:16.955+0000][331.483s][info ][safepoint     ] Leaving safepoint region
[2023-10-19T20:44:16.956+0000][331.483s][info ][safepoint     ] Total time for which application threads were stopped: 0.0011098 seconds, Stopping threads took: 0.0004868 seconds
[2023-10-19T20:44:17.956+0000][332.484s][debug][safepoint     ] Safepoint synchronization initiated. (177 threads)
[2023-10-19T20:44:17.957+0000][332.485s][info ][safepoint     ] Application time: 1.0008284 seconds
[2023-10-19T20:44:17.957+0000][332.485s][info ][safepoint     ] Entering safepoint region: Cleanup
[2023-10-19T20:44:17.958+0000][332.486s][info ][safepoint     ] Leaving safepoint region
[2023-10-19T20:44:17.959+0000][332.487s][info ][safepoint     ] Total time for which application threads were stopped: 0.0013599 seconds, Stopping threads took: 0.0005660 seconds
[2023-10-19T20:44:18.960+0000][333.488s][debug][safepoint     ] Safepoint synchronization initiated. (177 threads)
[2023-10-19T20:44:18.961+0000][333.489s][info ][safepoint     ] Application time: 1.0016374 seconds
[2023-10-19T20:44:18.962+0000][333.490s][info ][safepoint     ] Entering safepoint region: Cleanup
[2023-10-19T20:44:18.964+0000][333.491s][info ][safepoint     ] Leaving safepoint region
[2023-10-19T20:44:18.964+0000][333.492s][info ][safepoint     ] Total time for which application threads were stopped: 0.0023837 seconds, Stopping threads took: 0.0012282 seconds
[2023-10-19T20:44:19.966+0000][334.493s][debug][safepoint     ] Safepoint synchronization initiated. (177 threads)
[2023-10-19T20:44:19.966+0000][334.494s][info ][safepoint     ] Application time: 1.0011288 seconds
[2023-10-19T20:44:19.967+0000][334.495s][info ][safepoint     ] Entering safepoint region: Cleanup
[2023-10-19T20:44:19.968+0000][334.496s][info ][safepoint     ] Leaving safepoint region
[2023-10-19T20:44:19.969+0000][334.496s][info ][safepoint     ] Total time for which application threads were stopped: 0.0015270 seconds, Stopping threads took: 0.0007054 seconds
[2023-10-19T20:44:19.968+0000][334.496s][debug][safepoint     ] ... found polling page return exception at pc = 0x00007fbdb0cb92c4, stub =0x00007fbda8840600
[2023-10-19T20:44:19.968+0000][334.496s][debug][safepoint     ] ... found polling page return exception at pc = 0x00007fbdb0cb92c4, stub =0x00007fbda8840600
[2023-10-19T20:44:19.968+0000][334.496s][debug][safepoint     ] ... found polling page return exception at pc = 0x00007fbdb0cb92c4, stub =0x00007fbda8840600
[2023-10-19T20:44:19.968+0000][334.496s][debug][safepoint     ] ... found polling page return exception at pc = 0x00007fbdb0cb92c4, stub =0x00007fbda8840600
[2023-10-19T20:44:19.968+0000][334.496s][debug][safepoint     ] ... found polling page return exception at pc = 0x00007fbdb0cb92c4, stub =0x00007fbda8840600
[2023-10-19T20:44:20.969+0000][335.497s][debug][safepoint     ] Safepoint synchronization initiated. (177 threads)
[2023-10-19T20:44:20.970+0000][335.498s][info ][safepoint     ] Application time: 1.0008124 seconds
[2023-10-19T20:44:20.971+0000][335.498s][debug][safepoint     ] ... found polling page return exception at pc = 0x00007fbdb0723c6f, stub =0x00007fbda8840600
[2023-10-19T20:44:20.971+0000][335.499s][debug][safepoint     ] Waiting for 1 thread(s) to block
[2023-10-19T20:44:20.972+0000][335.500s][info ][safepoint     ] Entering safepoint region: Cleanup
[2023-10-19T20:44:20.972+0000][335.500s][info ][safepoint     ] Leaving safepoint region
[2023-10-19T20:44:20.973+0000][335.501s][info ][safepoint     ] Total time for which application threads were stopped: 0.0021889 seconds, Stopping threads took: 0.0015606 seconds
[2023-10-19T20:44:21.974+0000][336.501s][debug][safepoint     ] Safepoint synchronization initiated. (177 threads)
[2023-10-19T20:44:21.974+0000][336.502s][info ][safepoint     ] Application time: 1.0011101 seconds
[2023-10-19T20:44:21.975+0000][336.503s][info ][safepoint     ] Entering safepoint region: Cleanup
[2023-10-19T20:44:21.976+0000][336.504s][info ][safepoint     ] Leaving safepoint region
[2023-10-19T20:44:21.977+0000][336.505s][info ][safepoint     ] Total time for which application threads were stopped: 0.0016646 seconds, Stopping threads took: 0.0007002 seconds
[2023-10-19T20:44:22.978+0000][337.506s][debug][safepoint     ] Safepoint synchronization initiated. (177 threads)
[2023-10-19T20:44:22.979+0000][337.507s][info ][safepoint     ] Application time: 1.0014439 seconds
[2023-10-19T20:44:22.980+0000][337.508s][info ][safepoint     ] Entering safepoint region: Cleanup
[2023-10-19T20:44:22.981+0000][337.509s][info ][safepoint     ] Leaving safepoint region
[2023-10-19T20:44:22.982+0000][337.510s][info ][safepoint     ] Total time for which application threads were stopped: 0.0021711 seconds, Stopping threads took: 0.0010570 seconds
[2023-10-19T20:44:23.983+0000][338.511s][debug][safepoint     ] Safepoint synchronization initiated. (177 threads)
[2023-10-19T20:44:23.984+0000][338.511s][info ][safepoint     ] Application time: 1.0008710 seconds
[2023-10-19T20:44:23.984+0000][338.512s][info ][safepoint     ] Entering safepoint region: Cleanup
[2023-10-19T20:44:23.985+0000][338.513s][info ][safepoint     ] Leaving safepoint region
[2023-10-19T20:44:23.985+0000][338.513s][info ][safepoint     ] Total time for which application threads were stopped: 0.0012814 seconds, Stopping threads took: 0.0005881 seconds
[2023-10-19T20:44:24.986+0000][339.514s][debug][safepoint     ] Safepoint synchronization initiated. (177 threads)
[2023-10-19T20:44:24.987+0000][339.515s][info ][safepoint     ] Application time: 1.0013151 seconds
[2023-10-19T20:44:24.988+0000][339.516s][info ][safepoint     ] Entering safepoint region: Cleanup
[2023-10-19T20:44:24.989+0000][339.517s][info ][safepoint     ] Leaving safepoint region
[2023-10-19T20:44:24.990+0000][339.518s][info ][safepoint     ] Total time for which application threads were stopped: 0.0016723 seconds, Stopping threads took: 0.0007906 seconds
[2023-10-19T20:44:25.991+0000][340.519s][debug][safepoint     ] Safepoint synchronization initiated. (177 threads)
[2023-10-19T20:44:25.991+0000][340.519s][info ][safepoint     ] Application time: 1.0009226 seconds
[2023-10-19T20:44:25.992+0000][340.520s][info ][safepoint     ] Entering safepoint region: Cleanup
[2023-10-19T20:44:25.993+0000][340.521s][info ][safepoint     ] Leaving safepoint region
[2023-10-19T20:44:25.993+0000][340.521s][info ][safepoint     ] Total time for which application threads were stopped: 0.0012709 seconds, Stopping threads took: 0.0005676 seconds
[2023-10-19T20:44:26.994+0000][341.522s][debug][safepoint     ] Safepoint synchronization initiated. (177 threads)
[2023-10-19T20:44:26.994+0000][341.522s][info ][safepoint     ] Application time: 1.0007160 seconds
[2023-10-19T20:44:26.995+0000][341.523s][info ][safepoint     ] Entering safepoint region: Cleanup
[2023-10-19T20:44:26.995+0000][341.523s][info ][safepoint     ] Leaving safepoint region
[2023-10-19T20:44:26.996+0000][341.524s][info ][safepoint     ] Total time for which application threads were stopped: 0.0011583 seconds, Stopping threads took: 0.0005060 seconds
[2023-10-19T20:44:27.996+0000][342.524s][debug][safepoint     ] Safepoint synchronization initiated. (177 threads)
[2023-10-19T20:44:27.997+0000][342.525s][info ][safepoint     ] Application time: 1.0009711 seconds
[2023-10-19T20:44:27.998+0000][342.526s][info ][safepoint     ] Entering safepoint region: Cleanup
[2023-10-19T20:44:27.999+0000][342.527s][info ][safepoint     ] Leaving safepoint region
[2023-10-19T20:44:27.999+0000][342.527s][info ][safepoint     ] Total time for which application threads were stopped: 0.0013895 seconds, Stopping threads took: 0.0005591 seconds
[2023-10-19T20:44:29.000+0000][343.528s][debug][safepoint     ] Safepoint synchronization initiated. (177 threads)
[2023-10-19T20:44:29.001+0000][343.529s][info ][safepoint     ] Application time: 1.0005889 seconds
[2023-10-19T20:44:29.001+0000][343.529s][info ][safepoint     ] Entering safepoint region: Cleanup
[2023-10-19T20:44:29.002+0000][343.530s][info ][safepoint     ] Leaving safepoint region
[2023-10-19T20:44:29.002+0000][343.530s][info ][safepoint     ] Total time for which application threads were stopped: 0.0007972 seconds, Stopping threads took: 0.0003611 seconds
[2023-10-19T20:44:30.002+0000][344.530s][debug][safepoint     ] Safepoint synchronization initiated. (177 threads)
[2023-10-19T20:44:30.003+0000][344.531s][info ][safepoint     ] Application time: 1.0006669 seconds
[2023-10-19T20:44:30.004+0000][344.531s][info ][safepoint     ] Entering safepoint region: Cleanup
[2023-10-19T20:44:30.004+0000][344.532s][info ][safepoint     ] Leaving safepoint region
[2023-10-19T20:44:30.005+0000][344.533s][info ][safepoint     ] Total time for which application threads were stopped: 0.0012815 seconds, Stopping threads took: 0.0006192 seconds
[2023-10-19T20:44:31.005+0000][345.533s][debug][safepoint     ] Safepoint synchronization initiated. (177 threads)
[2023-10-19T20:44:31.006+0000][345.534s][info ][safepoint     ] Application time: 1.0007783 seconds
[2023-10-19T20:44:31.006+0000][345.534s][info ][safepoint     ] Entering safepoint region: Cleanup
[2023-10-19T20:44:31.007+0000][345.535s][info ][safepoint     ] Leaving safepoint region
[2023-10-19T20:44:31.007+0000][345.535s][info ][safepoint     ] Total time for which application threads were stopped: 0.0009021 seconds, Stopping threads took: 0.0004020 seconds
[2023-10-19T20:44:32.008+0000][346.536s][debug][safepoint     ] Safepoint synchronization initiated. (177 threads)
[2023-10-19T20:44:32.008+0000][346.536s][info ][safepoint     ] Application time: 1.0007419 seconds
[2023-10-19T20:44:32.009+0000][346.537s][info ][safepoint     ] Entering safepoint region: Cleanup
[2023-10-19T20:44:32.009+0000][346.537s][info ][safepoint     ] Leaving safepoint region
[2023-10-19T20:44:32.010+0000][346.537s][info ][safepoint     ] Total time for which application threads were stopped: 0.0009551 seconds, Stopping threads took: 0.0003796 seconds
[2023-10-19T20:44:33.010+0000][347.538s][debug][safepoint     ] Safepoint synchronization initiated. (177 threads)
[2023-10-19T20:44:33.011+0000][347.539s][info ][safepoint     ] Application time: 1.0009720 seconds
[2023-10-19T20:44:33.012+0000][347.539s][info ][safepoint     ] Entering safepoint region: Cleanup
[2023-10-19T20:44:33.013+0000][347.540s][info ][safepoint     ] Leaving safepoint region
[2023-10-19T20:44:33.013+0000][347.541s][info ][safepoint     ] Total time for which application threads were stopped: 0.0014741 seconds, Stopping threads took: 0.0006566 seconds
[2023-10-19T20:44:34.014+0000][348.542s][debug][safepoint     ] Safepoint synchronization initiated. (177 threads)
[2023-10-19T20:44:34.015+0000][348.543s][info ][safepoint     ] Application time: 1.0013639 seconds
[2023-10-19T20:44:34.016+0000][348.544s][info ][safepoint     ] Entering safepoint region: Cleanup
[2023-10-19T20:44:34.017+0000][348.545s][info ][safepoint     ] Leaving safepoint region
[2023-10-19T20:44:34.018+0000][348.546s][info ][safepoint     ] Total time for which application threads were stopped: 0.0020052 seconds, Stopping threads took: 0.0008642 seconds
[2023-10-19T20:44:35.019+0000][349.547s][debug][safepoint     ] Safepoint synchronization initiated. (177 threads)
[2023-10-19T20:44:35.019+0000][349.547s][info ][safepoint     ] Application time: 1.0004925 seconds
[2023-10-19T20:44:35.019+0000][349.547s][info ][safepoint     ] Entering safepoint region: Cleanup
[2023-10-19T20:44:35.020+0000][349.548s][info ][safepoint     ] Leaving safepoint region
[2023-10-19T20:44:35.020+0000][349.548s][info ][safepoint     ] Total time for which application threads were stopped: 0.0007595 seconds, Stopping threads took: 0.0002950 seconds
[2023-10-19T20:44:36.021+0000][350.548s][debug][safepoint     ] Safepoint synchronization initiated. (177 threads)
[2023-10-19T20:44:36.021+0000][350.549s][info ][safepoint     ] Application time: 1.0007790 seconds
[2023-10-19T20:44:36.022+0000][350.550s][info ][safepoint     ] Entering safepoint region: Cleanup
[2023-10-19T20:44:36.022+0000][350.550s][info ][safepoint     ] Leaving safepoint region
[2023-10-19T20:44:36.023+0000][350.551s][info ][safepoint     ] Total time for which application threads were stopped: 0.0012535 seconds, Stopping threads took: 0.0005231 seconds
[2023-10-19T20:44:37.024+0000][351.551s][debug][safepoint     ] Safepoint synchronization initiated. (177 threads)
[2023-10-19T20:44:37.024+0000][351.552s][info ][safepoint     ] Application time: 1.0006101 seconds
[2023-10-19T20:44:37.025+0000][351.552s][info ][safepoint     ] Entering safepoint region: Cleanup
[2023-10-19T20:44:37.025+0000][351.553s][info ][safepoint     ] Leaving safepoint region
[2023-10-19T20:44:37.025+0000][351.553s][info ][safepoint     ] Total time for which application threads were stopped: 0.0009205 seconds, Stopping threads took: 0.0003984 seconds
[2023-10-19T20:44:38.026+0000][352.554s][debug][safepoint     ] Safepoint synchronization initiated. (177 threads)
[2023-10-19T20:44:38.026+0000][352.554s][info ][safepoint     ] Application time: 1.0006392 seconds
[2023-10-19T20:44:38.027+0000][352.555s][info ][safepoint     ] Entering safepoint region: Cleanup
[2023-10-19T20:44:38.027+0000][352.555s][info ][safepoint     ] Leaving safepoint region
[2023-10-19T20:44:38.027+0000][352.555s][info ][safepoint     ] Total time for which application threads were stopped: 0.0007964 seconds, Stopping threads took: 0.0003132 seconds
[2023-10-19T20:44:39.028+0000][353.556s][debug][safepoint     ] Safepoint synchronization initiated. (177 threads)
[2023-10-19T20:44:39.029+0000][353.557s][info ][safepoint     ] Application time: 1.0015934 seconds
[2023-10-19T20:44:39.031+0000][353.558s][info ][safepoint     ] Entering safepoint region: Cleanup
[2023-10-19T20:44:39.032+0000][353.560s][info ][safepoint     ] Leaving safepoint region
[2023-10-19T20:44:39.033+0000][353.561s][info ][safepoint     ] Total time for which application threads were stopped: 0.0026825 seconds, Stopping threads took: 0.0011658 seconds
[2023-10-19T20:44:40.034+0000][354.562s][debug][safepoint     ] Safepoint synchronization initiated. (177 threads)
[2023-10-19T20:44:40.035+0000][354.563s][info ][safepoint     ] Application time: 1.0007516 seconds
[2023-10-19T20:44:40.035+0000][354.563s][info ][safepoint     ] Entering safepoint region: Cleanup
[2023-10-19T20:44:40.036+0000][354.564s][info ][safepoint     ] Leaving safepoint region
[2023-10-19T20:44:40.037+0000][354.565s][info ][safepoint     ] Total time for which application threads were stopped: 0.0013234 seconds, Stopping threads took: 0.0006297 seconds
[2023-10-19T20:44:41.038+0000][355.566s][debug][safepoint     ] Safepoint synchronization initiated. (177 threads)
[2023-10-19T20:44:41.051+0000][355.579s][info ][safepoint     ] Application time: 1.0139859 seconds
[2023-10-19T20:44:41.056+0000][355.584s][info ][safepoint     ] Entering safepoint region: Cleanup
[2023-10-19T20:44:41.057+0000][355.585s][info ][safepoint     ] Leaving safepoint region
[2023-10-19T20:44:41.057+0000][355.585s][info ][safepoint     ] Total time for which application threads were stopped: 0.0012643 seconds, Stopping threads took: 0.0005571 seconds
[2023-10-19T20:44:42.058+0000][356.586s][debug][safepoint     ] Safepoint synchronization initiated. (177 threads)
[2023-10-19T20:44:42.058+0000][356.586s][info ][safepoint     ] Application time: 1.0006299 seconds
[2023-10-19T20:44:42.059+0000][356.587s][info ][safepoint     ] Entering safepoint region: Cleanup
[2023-10-19T20:44:42.059+0000][356.587s][info ][safepoint     ] Leaving safepoint region
[2023-10-19T20:44:42.060+0000][356.588s][info ][safepoint     ] Total time for which application threads were stopped: 0.0012558 seconds, Stopping threads took: 0.0003596 seconds
[2023-10-19T20:44:45.062+0000][359.590s][debug][safepoint     ] Safepoint synchronization initiated. (177 threads)
[2023-10-19T20:44:45.063+0000][359.591s][info ][safepoint     ] Application time: 3.0020048 seconds
[2023-10-19T20:44:45.064+0000][359.592s][info ][safepoint     ] Entering safepoint region: Cleanup
[2023-10-19T20:44:45.065+0000][359.593s][info ][safepoint     ] Leaving safepoint region
[2023-10-19T20:44:45.066+0000][359.594s][info ][safepoint     ] Total time for which application threads were stopped: 0.0020647 seconds, Stopping threads took: 0.0007536 seconds
[2023-10-19T20:44:51.067+0000][365.595s][debug][safepoint     ] Safepoint synchronization initiated. (177 threads)
[2023-10-19T20:44:51.068+0000][365.596s][info ][safepoint     ] Application time: 6.0010148 seconds
[2023-10-19T20:44:51.068+0000][365.596s][info ][safepoint     ] Entering safepoint region: Cleanup
[2023-10-19T20:44:51.069+0000][365.596s][info ][safepoint     ] Leaving safepoint region
[2023-10-19T20:44:51.069+0000][365.597s][info ][safepoint     ] Total time for which application threads were stopped: 0.0007685 seconds, Stopping threads took: 0.0003208 seconds
[2023-10-19T20:45:15.074+0000][389.602s][debug][safepoint     ] Safepoint synchronization initiated. (177 threads)
[2023-10-19T20:45:15.075+0000][389.603s][info ][safepoint     ] Application time: 24.0061895 seconds
[2023-10-19T20:45:15.076+0000][389.604s][info ][safepoint     ] Entering safepoint region: Cleanup
[2023-10-19T20:45:15.078+0000][389.606s][info ][safepoint     ] Leaving safepoint region
[2023-10-19T20:45:15.079+0000][389.607s][info ][safepoint     ] Total time for which application threads were stopped: 0.0025065 seconds, Stopping threads took: 0.0010300 seconds
[2023-10-19T20:45:41.084+0000][415.613s][debug][safepoint     ] Safepoint synchronization initiated. (177 threads)
[2023-10-19T20:45:41.084+0000][415.614s][info ][safepoint     ] Application time: 26.0063283 seconds
[2023-10-19T20:45:41.085+0000][415.614s][info ][safepoint     ] Entering safepoint region: Cleanup
[2023-10-19T20:45:41.086+0000][415.615s][info ][safepoint     ] Leaving safepoint region
[2023-10-19T20:45:41.086+0000][415.615s][info ][safepoint     ] Total time for which application threads were stopped: 0.0011926 seconds, Stopping threads took: 0.0004825 seconds
[2023-10-19T20:45:42.087+0000][416.616s][debug][safepoint     ] Safepoint synchronization initiated. (177 threads)
[2023-10-19T20:45:42.088+0000][416.617s][info ][safepoint     ] Application time: 1.0012457 seconds
[2023-10-19T20:45:42.089+0000][416.618s][info ][safepoint     ] Entering safepoint region: Cleanup
[2023-10-19T20:45:42.090+0000][416.619s][info ][safepoint     ] Leaving safepoint region
[2023-10-19T20:45:42.090+0000][416.620s][info ][safepoint     ] Total time for which application threads were stopped: 0.0017805 seconds, Stopping threads took: 0.0009767 seconds
[2023-10-19T20:45:43.091+0000][417.620s][debug][safepoint     ] Safepoint synchronization initiated. (177 threads)
[2023-10-19T20:45:43.092+0000][417.621s][info ][safepoint     ] Application time: 1.0008793 seconds
[2023-10-19T20:45:43.092+0000][417.622s][info ][safepoint     ] Entering safepoint region: Cleanup
[2023-10-19T20:45:43.093+0000][417.623s][info ][safepoint     ] Leaving safepoint region
[2023-10-19T20:45:43.094+0000][417.623s][info ][safepoint     ] Total time for which application threads were stopped: 0.0013750 seconds, Stopping threads took: 0.0006598 seconds
[2023-10-19T20:45:44.094+0000][418.624s][debug][safepoint     ] Safepoint synchronization initiated. (177 threads)
[2023-10-19T20:45:44.095+0000][418.624s][info ][safepoint     ] Application time: 1.0007640 seconds
[2023-10-19T20:45:44.095+0000][418.625s][info ][safepoint     ] Entering safepoint region: Cleanup
[2023-10-19T20:45:44.096+0000][418.625s][info ][safepoint     ] Leaving safepoint region
[2023-10-19T20:45:44.096+0000][418.626s][info ][safepoint     ] Total time for which application threads were stopped: 0.0010053 seconds, Stopping threads took: 0.0004633 seconds
[2023-10-19T20:45:45.097+0000][419.626s][debug][safepoint     ] Safepoint synchronization initiated. (177 threads)
[2023-10-19T20:45:45.097+0000][419.626s][info ][safepoint     ] Application time: 1.0004366 seconds
[2023-10-19T20:45:45.097+0000][419.627s][info ][safepoint     ] Entering safepoint region: Cleanup
[2023-10-19T20:45:45.098+0000][419.627s][info ][safepoint     ] Leaving safepoint region
[2023-10-19T20:45:45.098+0000][419.627s][info ][safepoint     ] Total time for which application threads were stopped: 0.0007985 seconds, Stopping threads took: 0.0003125 seconds
[2023-10-19T20:45:46.099+0000][420.628s][debug][safepoint     ] Safepoint synchronization initiated. (177 threads)
[2023-10-19T20:45:46.100+0000][420.629s][info ][safepoint     ] Application time: 1.0010455 seconds
[2023-10-19T20:45:46.100+0000][420.630s][info ][safepoint     ] Entering safepoint region: Cleanup
[2023-10-19T20:45:46.101+0000][420.630s][info ][safepoint     ] Leaving safepoint region
[2023-10-19T20:45:46.102+0000][420.631s][info ][safepoint     ] Total time for which application threads were stopped: 0.0016441 seconds, Stopping threads took: 0.0006406 seconds
[2023-10-19T20:45:47.103+0000][421.632s][debug][safepoint     ] Safepoint synchronization initiated. (177 threads)
[2023-10-19T20:45:47.103+0000][421.632s][info ][safepoint     ] Application time: 1.0004706 seconds
[2023-10-19T20:45:47.103+0000][421.633s][info ][safepoint     ] Entering safepoint region: Cleanup
[2023-10-19T20:45:47.104+0000][421.633s][info ][safepoint     ] Leaving safepoint region
[2023-10-19T20:45:47.104+0000][421.633s][info ][safepoint     ] Total time for which application threads were stopped: 0.0008678 seconds, Stopping threads took: 0.0003012 seconds
[2023-10-19T20:45:48.105+0000][422.634s][debug][safepoint     ] Safepoint synchronization initiated. (177 threads)
[2023-10-19T20:45:48.105+0000][422.634s][info ][safepoint     ] Application time: 1.0005304 seconds
[2023-10-19T20:45:48.105+0000][422.635s][info ][safepoint     ] Entering safepoint region: Cleanup
[2023-10-19T20:45:48.106+0000][422.635s][info ][safepoint     ] Leaving safepoint region
[2023-10-19T20:45:48.106+0000][422.635s][info ][safepoint     ] Total time for which application threads were stopped: 0.0008299 seconds, Stopping threads took: 0.0003528 seconds
[2023-10-19T20:45:49.107+0000][423.636s][debug][safepoint     ] Safepoint synchronization initiated. (177 threads)
[2023-10-19T20:45:49.108+0000][423.637s][info ][safepoint     ] Application time: 1.0014339 seconds
[2023-10-19T20:45:49.109+0000][423.638s][info ][safepoint     ] Entering safepoint region: Cleanup
[2023-10-19T20:45:49.110+0000][423.639s][info ][safepoint     ] Leaving safepoint region
[2023-10-19T20:45:49.111+0000][423.640s][info ][safepoint     ] Total time for which application threads were stopped: 0.0019740 seconds, Stopping threads took: 0.0008975 seconds
[2023-10-19T20:45:50.112+0000][424.641s][debug][safepoint     ] Safepoint synchronization initiated. (177 threads)
[2023-10-19T20:45:50.112+0000][424.642s][info ][safepoint     ] Application time: 1.0009762 seconds
[2023-10-19T20:45:50.113+0000][424.643s][info ][safepoint     ] Entering safepoint region: Cleanup
[2023-10-19T20:45:50.114+0000][424.644s][info ][safepoint     ] Leaving safepoint region
[2023-10-19T20:45:50.115+0000][424.644s][info ][safepoint     ] Total time for which application threads were stopped: 0.0017720 seconds, Stopping threads took: 0.0011096 seconds
[2023-10-19T20:45:51.116+0000][425.645s][debug][safepoint     ] Safepoint synchronization initiated. (177 threads)
[2023-10-19T20:45:51.117+0000][425.646s][info ][safepoint     ] Application time: 1.0012680 seconds
[2023-10-19T20:45:51.118+0000][425.647s][info ][safepoint     ] Entering safepoint region: Cleanup
[2023-10-19T20:45:51.119+0000][425.648s][info ][safepoint     ] Leaving safepoint region
[2023-10-19T20:45:51.119+0000][425.649s][info ][safepoint     ] Total time for which application threads were stopped: 0.0019301 seconds, Stopping threads took: 0.0008582 seconds
[2023-10-19T20:45:52.120+0000][426.650s][debug][safepoint     ] Safepoint synchronization initiated. (177 threads)
[2023-10-19T20:45:52.121+0000][426.650s][info ][safepoint     ] Application time: 1.0008356 seconds
[2023-10-19T20:45:52.122+0000][426.651s][info ][safepoint     ] Entering safepoint region: Cleanup
[2023-10-19T20:45:52.122+0000][426.652s][info ][safepoint     ] Leaving safepoint region
[2023-10-19T20:45:52.123+0000][426.652s][info ][safepoint     ] Total time for which application threads were stopped: 0.0012643 seconds, Stopping threads took: 0.0005616 seconds
[2023-10-19T20:45:53.125+0000][427.653s][debug][safepoint     ] Safepoint synchronization initiated. (177 threads)
[2023-10-19T20:45:53.125+0000][427.653s][info ][safepoint     ] Application time: 1.0009050 seconds
[2023-10-19T20:45:53.126+0000][427.654s][info ][safepoint     ] Entering safepoint region: Cleanup
[2023-10-19T20:45:53.127+0000][427.655s][info ][safepoint     ] Leaving safepoint region
[2023-10-19T20:45:53.127+0000][427.655s][info ][safepoint     ] Total time for which application threads were stopped: 0.0011921 seconds, Stopping threads took: 0.0005533 seconds
[2023-10-19T20:45:54.128+0000][428.656s][debug][safepoint     ] Safepoint synchronization initiated. (177 threads)
[2023-10-19T20:45:54.128+0000][428.656s][info ][safepoint     ] Application time: 1.0007749 seconds
[2023-10-19T20:45:54.129+0000][428.657s][info ][safepoint     ] Entering safepoint region: Cleanup
[2023-10-19T20:45:54.129+0000][428.658s][info ][safepoint     ] Leaving safepoint region
[2023-10-19T20:45:54.130+0000][428.658s][info ][safepoint     ] Total time for which application threads were stopped: 0.0012572 seconds, Stopping threads took: 0.0005400 seconds
[2023-10-19T20:45:55.131+0000][429.659s][debug][safepoint     ] Safepoint synchronization initiated. (177 threads)
[2023-10-19T20:45:55.132+0000][429.660s][info ][safepoint     ] Application time: 1.0013480 seconds
[2023-10-19T20:45:55.133+0000][429.661s][info ][safepoint     ] Entering safepoint region: Cleanup
[2023-10-19T20:45:55.135+0000][429.663s][info ][safepoint     ] Leaving safepoint region
[2023-10-19T20:45:55.136+0000][429.664s][info ][safepoint     ] Total time for which application threads were stopped: 0.0024181 seconds, Stopping threads took: 0.0010513 seconds
[2023-10-19T20:45:56.137+0000][430.665s][debug][safepoint     ] Safepoint synchronization initiated. (177 threads)
[2023-10-19T20:45:56.137+0000][430.665s][info ][safepoint     ] Application time: 1.0005580 seconds
[2023-10-19T20:45:56.137+0000][430.666s][info ][safepoint     ] Entering safepoint region: Cleanup
[2023-10-19T20:45:56.138+0000][430.666s][info ][safepoint     ] Leaving safepoint region
[2023-10-19T20:45:56.138+0000][430.666s][info ][safepoint     ] Total time for which application threads were stopped: 0.0008248 seconds, Stopping threads took: 0.0003779 seconds
[2023-10-19T20:45:57.139+0000][431.667s][debug][safepoint     ] Safepoint synchronization initiated. (177 threads)
[2023-10-19T20:45:57.139+0000][431.667s][info ][safepoint     ] Application time: 1.0005701 seconds
[2023-10-19T20:45:57.139+0000][431.667s][info ][safepoint     ] Entering safepoint region: Cleanup
[2023-10-19T20:45:57.140+0000][431.668s][info ][safepoint     ] Leaving safepoint region
[2023-10-19T20:45:57.140+0000][431.668s][info ][safepoint     ] Total time for which application threads were stopped: 0.0007096 seconds, Stopping threads took: 0.0002873 seconds
[2023-10-19T20:45:58.141+0000][432.669s][debug][safepoint     ] Safepoint synchronization initiated. (177 threads)
[2023-10-19T20:45:58.141+0000][432.669s][info ][safepoint     ] Application time: 1.0008388 seconds
[2023-10-19T20:45:58.142+0000][432.670s][info ][safepoint     ] Entering safepoint region: Cleanup
[2023-10-19T20:45:58.142+0000][432.670s][info ][safepoint     ] Leaving safepoint region
[2023-10-19T20:45:58.143+0000][432.671s][info ][safepoint     ] Total time for which application threads were stopped: 0.0010563 seconds, Stopping threads took: 0.0003762 seconds
[2023-10-19T20:45:59.143+0000][433.672s][debug][safepoint     ] Safepoint synchronization initiated. (177 threads)
[2023-10-19T20:45:59.145+0000][433.673s][info ][safepoint     ] Application time: 1.0016710 seconds
[2023-10-19T20:45:59.146+0000][433.674s][info ][safepoint     ] Entering safepoint region: Cleanup
[2023-10-19T20:45:59.147+0000][433.675s][info ][safepoint     ] Leaving safepoint region
[2023-10-19T20:45:59.148+0000][433.676s][info ][safepoint     ] Total time for which application threads were stopped: 0.0027119 seconds, Stopping threads took: 0.0011778 seconds
[2023-10-19T20:46:00.150+0000][434.678s][debug][safepoint     ] Safepoint synchronization initiated. (177 threads)
[2023-10-19T20:46:00.151+0000][434.679s][info ][safepoint     ] Application time: 1.0010906 seconds
[2023-10-19T20:46:00.151+0000][434.679s][info ][safepoint     ] Entering safepoint region: Cleanup
[2023-10-19T20:46:00.153+0000][434.681s][info ][safepoint     ] Leaving safepoint region
[2023-10-19T20:46:00.153+0000][434.681s][info ][safepoint     ] Total time for which application threads were stopped: 0.0016920 seconds, Stopping threads took: 0.0007061 seconds
[2023-10-19T20:46:01.154+0000][435.682s][debug][safepoint     ] Safepoint synchronization initiated. (177 threads)
[2023-10-19T20:46:01.155+0000][435.683s][info ][safepoint     ] Application time: 1.0011465 seconds
[2023-10-19T20:46:01.155+0000][435.684s][info ][safepoint     ] Entering safepoint region: Cleanup
[2023-10-19T20:46:01.156+0000][435.684s][info ][safepoint     ] Leaving safepoint region
[2023-10-19T20:46:01.157+0000][435.685s][info ][safepoint     ] Total time for which application threads were stopped: 0.0016591 seconds, Stopping threads took: 0.0007160 seconds
[2023-10-19T20:46:02.158+0000][436.686s][debug][safepoint     ] Safepoint synchronization initiated. (177 threads)
[2023-10-19T20:46:02.159+0000][436.687s][info ][safepoint     ] Application time: 1.0013761 seconds
[2023-10-19T20:46:02.160+0000][436.688s][info ][safepoint     ] Entering safepoint region: Cleanup
[2023-10-19T20:46:02.161+0000][436.689s][info ][safepoint     ] Leaving safepoint region
[2023-10-19T20:46:02.162+0000][436.690s][info ][safepoint     ] Total time for which application threads were stopped: 0.0020118 seconds, Stopping threads took: 0.0009315 seconds
[2023-10-19T20:46:03.163+0000][437.691s][debug][safepoint     ] Safepoint synchronization initiated. (177 threads)
[2023-10-19T20:46:03.164+0000][437.692s][info ][safepoint     ] Application time: 1.0008415 seconds
[2023-10-19T20:46:03.164+0000][437.692s][info ][safepoint     ] Entering safepoint region: Cleanup
[2023-10-19T20:46:03.165+0000][437.693s][info ][safepoint     ] Leaving safepoint region
[2023-10-19T20:46:03.166+0000][437.694s][info ][safepoint     ] Total time for which application threads were stopped: 0.0017812 seconds, Stopping threads took: 0.0005945 seconds
[2023-10-19T20:46:04.167+0000][438.695s][debug][safepoint     ] Safepoint synchronization initiated. (177 threads)
[2023-10-19T20:46:04.167+0000][438.695s][info ][safepoint     ] Application time: 1.0008851 seconds
[2023-10-19T20:46:04.168+0000][438.696s][info ][safepoint     ] Entering safepoint region: Cleanup
[2023-10-19T20:46:04.169+0000][438.697s][info ][safepoint     ] Leaving safepoint region
[2023-10-19T20:46:04.169+0000][438.697s][info ][safepoint     ] Total time for which application threads were stopped: 0.0011489 seconds, Stopping threads took: 0.0005128 seconds
[2023-10-19T20:46:05.170+0000][439.698s][debug][safepoint     ] Safepoint synchronization initiated. (177 threads)
[2023-10-19T20:46:05.171+0000][439.699s][info ][safepoint     ] Application time: 1.0018041 seconds
[2023-10-19T20:46:05.172+0000][439.700s][info ][safepoint     ] Entering safepoint region: Cleanup
[2023-10-19T20:46:05.174+0000][439.702s][info ][safepoint     ] Leaving safepoint region
[2023-10-19T20:46:05.175+0000][439.703s][info ][safepoint     ] Total time for which application threads were stopped: 0.0026824 seconds, Stopping threads took: 0.0011951 seconds
[2023-10-19T20:46:06.176+0000][440.704s][debug][safepoint     ] Safepoint synchronization initiated. (177 threads)
[2023-10-19T20:46:06.177+0000][440.705s][info ][safepoint     ] Application time: 1.0007828 seconds
[2023-10-19T20:46:06.177+0000][440.705s][info ][safepoint     ] Entering safepoint region: Cleanup
[2023-10-19T20:46:06.178+0000][440.706s][info ][safepoint     ] Leaving safepoint region
[2023-10-19T20:46:06.178+0000][440.706s][info ][safepoint     ] Total time for which application threads were stopped: 0.0010833 seconds, Stopping threads took: 0.0005043 seconds
[2023-10-19T20:46:07.179+0000][441.707s][debug][safepoint     ] Safepoint synchronization initiated. (177 threads)
[2023-10-19T20:46:07.180+0000][441.708s][info ][safepoint     ] Application time: 1.0010873 seconds
[2023-10-19T20:46:07.181+0000][441.709s][info ][safepoint     ] Entering safepoint region: Cleanup
[2023-10-19T20:46:07.182+0000][441.710s][info ][safepoint     ] Leaving safepoint region
[2023-10-19T20:46:07.183+0000][441.711s][info ][safepoint     ] Total time for which application threads were stopped: 0.0021046 seconds, Stopping threads took: 0.0008599 seconds
[2023-10-19T20:46:08.184+0000][442.712s][debug][safepoint     ] Safepoint synchronization initiated. (177 threads)
[2023-10-19T20:46:08.184+0000][442.712s][info ][safepoint     ] Application time: 1.0006657 seconds
[2023-10-19T20:46:08.185+0000][442.713s][info ][safepoint     ] Entering safepoint region: Cleanup
[2023-10-19T20:46:08.185+0000][442.713s][info ][safepoint     ] Leaving safepoint region
[2023-10-19T20:46:08.186+0000][442.714s][info ][safepoint     ] Total time for which application threads were stopped: 0.0010569 seconds, Stopping threads took: 0.0004977 seconds
[2023-10-19T20:46:09.186+0000][443.714s][debug][safepoint     ] Safepoint synchronization initiated. (177 threads)
[2023-10-19T20:46:09.187+0000][443.715s][info ][safepoint     ] Application time: 1.0009927 seconds
[2023-10-19T20:46:09.188+0000][443.716s][info ][safepoint     ] Entering safepoint region: Cleanup
[2023-10-19T20:46:09.188+0000][443.716s][info ][safepoint     ] Leaving safepoint region
[2023-10-19T20:46:09.189+0000][443.717s][info ][safepoint     ] Total time for which application threads were stopped: 0.0012202 seconds, Stopping threads took: 0.0004703 seconds
[2023-10-19T20:46:10.189+0000][444.718s][debug][safepoint     ] Safepoint synchronization initiated. (177 threads)
[2023-10-19T20:46:10.190+0000][444.718s][info ][safepoint     ] Application time: 1.0008729 seconds
[2023-10-19T20:46:10.191+0000][444.719s][info ][safepoint     ] Entering safepoint region: Cleanup
[2023-10-19T20:46:10.191+0000][444.720s][info ][safepoint     ] Leaving safepoint region
[2023-10-19T20:46:10.192+0000][444.720s][info ][safepoint     ] Total time for which application threads were stopped: 0.0012676 seconds, Stopping threads took: 0.0005850 seconds
[2023-10-19T20:46:11.193+0000][445.721s][debug][safepoint     ] Safepoint synchronization initiated. (177 threads)
[2023-10-19T20:46:11.194+0000][445.722s][info ][safepoint     ] Application time: 1.0010608 seconds
[2023-10-19T20:46:11.194+0000][445.722s][info ][safepoint     ] Entering safepoint region: Cleanup
[2023-10-19T20:46:11.195+0000][445.723s][info ][safepoint     ] Leaving safepoint region
[2023-10-19T20:46:11.195+0000][445.723s][info ][safepoint     ] Total time for which application threads were stopped: 0.0013003 seconds, Stopping threads took: 0.0005518 seconds
[2023-10-19T20:46:12.196+0000][446.724s][debug][safepoint     ] Safepoint synchronization initiated. (177 threads)
[2023-10-19T20:46:12.197+0000][446.725s][info ][safepoint     ] Application time: 1.0009511 seconds
[2023-10-19T20:46:12.197+0000][446.725s][info ][safepoint     ] Entering safepoint region: Cleanup
[2023-10-19T20:46:12.198+0000][446.726s][info ][safepoint     ] Leaving safepoint region
[2023-10-19T20:46:12.199+0000][446.727s][info ][safepoint     ] Total time for which application threads were stopped: 0.0013054 seconds, Stopping threads took: 0.0005883 seconds
[2023-10-19T20:46:13.199+0000][447.727s][debug][safepoint     ] Safepoint synchronization initiated. (177 threads)
[2023-10-19T20:46:13.200+0000][447.728s][info ][safepoint     ] Application time: 1.0011089 seconds
[2023-10-19T20:46:13.201+0000][447.729s][info ][safepoint     ] Entering safepoint region: Cleanup
[2023-10-19T20:46:13.202+0000][447.730s][info ][safepoint     ] Leaving safepoint region
[2023-10-19T20:46:13.203+0000][447.731s][info ][safepoint     ] Total time for which application threads were stopped: 0.0019373 seconds, Stopping threads took: 0.0009711 seconds
[2023-10-19T20:46:14.204+0000][448.732s][debug][safepoint     ] Safepoint synchronization initiated. (177 threads)
[2023-10-19T20:46:14.204+0000][448.732s][info ][safepoint     ] Application time: 1.0007128 seconds
[2023-10-19T20:46:14.205+0000][448.733s][info ][safepoint     ] Entering safepoint region: Cleanup
[2023-10-19T20:46:14.205+0000][448.733s][info ][safepoint     ] Leaving safepoint region
[2023-10-19T20:46:14.206+0000][448.734s][info ][safepoint     ] Total time for which application threads were stopped: 0.0009892 seconds, Stopping threads took: 0.0004073 seconds
[2023-10-19T20:46:15.206+0000][449.734s][debug][safepoint     ] Safepoint synchronization initiated. (177 threads)
[2023-10-19T20:46:15.207+0000][449.735s][info ][safepoint     ] Application time: 1.0013399 seconds
[2023-10-19T20:46:15.208+0000][449.736s][info ][safepoint     ] Entering safepoint region: Cleanup
[2023-10-19T20:46:15.210+0000][449.738s][info ][safepoint     ] Leaving safepoint region
[2023-10-19T20:46:15.210+0000][449.738s][info ][safepoint     ] Total time for which application threads were stopped: 0.0021724 seconds, Stopping threads took: 0.0009621 seconds
[2023-10-19T20:46:16.211+0000][450.740s][debug][safepoint     ] Safepoint synchronization initiated. (177 threads)
[2023-10-19T20:46:16.212+0000][450.740s][info ][safepoint     ] Application time: 1.0009373 seconds
[2023-10-19T20:46:16.213+0000][450.741s][info ][safepoint     ] Entering safepoint region: Cleanup
[2023-10-19T20:46:16.214+0000][450.742s][info ][safepoint     ] Leaving safepoint region
[2023-10-19T20:46:16.214+0000][450.742s][info ][safepoint     ] Total time for which application threads were stopped: 0.0011037 seconds, Stopping threads took: 0.0005155 seconds
[2023-10-19T20:46:17.215+0000][451.743s][debug][safepoint     ] Safepoint synchronization initiated. (177 threads)
[2023-10-19T20:46:17.216+0000][451.744s][info ][safepoint     ] Application time: 1.0014006 seconds
[2023-10-19T20:46:17.217+0000][451.745s][info ][safepoint     ] Entering safepoint region: Cleanup
[2023-10-19T20:46:17.218+0000][451.746s][info ][safepoint     ] Leaving safepoint region
[2023-10-19T20:46:17.219+0000][451.747s][info ][safepoint     ] Total time for which application threads were stopped: 0.0019408 seconds, Stopping threads took: 0.0009402 seconds
[2023-10-19T20:46:18.220+0000][452.748s][debug][safepoint     ] Safepoint synchronization initiated. (177 threads)
[2023-10-19T20:46:18.220+0000][452.748s][info ][safepoint     ] Application time: 1.0011276 seconds
[2023-10-19T20:46:18.221+0000][452.749s][info ][safepoint     ] Entering safepoint region: Cleanup
[2023-10-19T20:46:18.222+0000][452.750s][info ][safepoint     ] Leaving safepoint region
[2023-10-19T20:46:18.223+0000][452.751s][info ][safepoint     ] Total time for which application threads were stopped: 0.0017132 seconds, Stopping threads took: 0.0008273 seconds
[2023-10-19T20:46:19.224+0000][453.752s][debug][safepoint     ] Safepoint synchronization initiated. (177 threads)
[2023-10-19T20:46:19.224+0000][453.752s][info ][safepoint     ] Application time: 1.0006736 seconds
[2023-10-19T20:46:19.225+0000][453.753s][info ][safepoint     ] Entering safepoint region: Cleanup
[2023-10-19T20:46:19.225+0000][453.753s][info ][safepoint     ] Leaving safepoint region
[2023-10-19T20:46:19.226+0000][453.754s][info ][safepoint     ] Total time for which application threads were stopped: 0.0012636 seconds, Stopping threads took: 0.0006635 seconds
[2023-10-19T20:46:20.227+0000][454.755s][debug][safepoint     ] Safepoint synchronization initiated. (177 threads)
[2023-10-19T20:46:20.228+0000][454.756s][info ][safepoint     ] Application time: 1.0016191 seconds
[2023-10-19T20:46:20.229+0000][454.757s][info ][safepoint     ] Entering safepoint region: Cleanup
[2023-10-19T20:46:20.230+0000][454.759s][info ][safepoint     ] Leaving safepoint region
[2023-10-19T20:46:20.231+0000][454.760s][info ][safepoint     ] Total time for which application threads were stopped: 0.0023988 seconds, Stopping threads took: 0.0010553 seconds
[2023-10-19T20:46:21.233+0000][455.761s][debug][safepoint     ] Safepoint synchronization initiated. (177 threads)
[2023-10-19T20:46:21.233+0000][455.761s][info ][safepoint     ] Application time: 1.0005149 seconds
[2023-10-19T20:46:21.233+0000][455.762s][info ][safepoint     ] Entering safepoint region: Cleanup
[2023-10-19T20:46:21.234+0000][455.762s][info ][safepoint     ] Leaving safepoint region
[2023-10-19T20:46:21.234+0000][455.762s][info ][safepoint     ] Total time for which application threads were stopped: 0.0009724 seconds, Stopping threads took: 0.0004319 seconds
[2023-10-19T20:46:22.235+0000][456.763s][debug][safepoint     ] Safepoint synchronization initiated. (177 threads)
[2023-10-19T20:46:22.236+0000][456.764s][info ][safepoint     ] Application time: 1.0008590 seconds
[2023-10-19T20:46:22.236+0000][456.764s][info ][safepoint     ] Entering safepoint region: Cleanup
[2023-10-19T20:46:22.237+0000][456.765s][info ][safepoint     ] Leaving safepoint region
[2023-10-19T20:46:22.238+0000][456.766s][info ][safepoint     ] Total time for which application threads were stopped: 0.0014568 seconds, Stopping threads took: 0.0006443 seconds
[2023-10-19T20:46:23.239+0000][457.767s][debug][safepoint     ] Safepoint synchronization initiated. (177 threads)
[2023-10-19T20:46:23.239+0000][457.767s][info ][safepoint     ] Application time: 1.0009413 seconds
[2023-10-19T20:46:23.240+0000][457.768s][info ][safepoint     ] Entering safepoint region: Cleanup
[2023-10-19T20:46:23.241+0000][457.769s][info ][safepoint     ] Leaving safepoint region
[2023-10-19T20:46:23.241+0000][457.769s][info ][safepoint     ] Total time for which application threads were stopped: 0.0014841 seconds, Stopping threads took: 0.0007036 seconds
[2023-10-19T20:46:24.242+0000][458.770s][debug][safepoint     ] Safepoint synchronization initiated. (177 threads)
[2023-10-19T20:46:24.243+0000][458.771s][info ][safepoint     ] Application time: 1.0010323 seconds
[2023-10-19T20:46:24.244+0000][458.772s][info ][safepoint     ] Entering safepoint region: Cleanup
[2023-10-19T20:46:24.244+0000][458.772s][info ][safepoint     ] Leaving safepoint region
[2023-10-19T20:46:24.245+0000][458.773s][info ][safepoint     ] Total time for which application threads were stopped: 0.0014874 seconds, Stopping threads took: 0.0005926 seconds
[2023-10-19T20:46:25.246+0000][459.774s][debug][safepoint     ] Safepoint synchronization initiated. (177 threads)
[2023-10-19T20:46:25.246+0000][459.774s][info ][safepoint     ] Application time: 1.0007610 seconds
[2023-10-19T20:46:25.247+0000][459.775s][info ][safepoint     ] Entering safepoint region: Cleanup
[2023-10-19T20:46:25.248+0000][459.776s][info ][safepoint     ] Leaving safepoint region
[2023-10-19T20:46:25.248+0000][459.776s][info ][safepoint     ] Total time for which application threads were stopped: 0.0014268 seconds, Stopping threads took: 0.0005661 seconds
[2023-10-19T20:46:26.249+0000][460.777s][debug][safepoint     ] Safepoint synchronization initiated. (177 threads)
[2023-10-19T20:46:26.250+0000][460.778s][info ][safepoint     ] Application time: 1.0011394 seconds
[2023-10-19T20:46:26.251+0000][460.779s][info ][safepoint     ] Entering safepoint region: Cleanup
[2023-10-19T20:46:26.252+0000][460.780s][info ][safepoint     ] Leaving safepoint region
[2023-10-19T20:46:26.253+0000][460.781s][info ][safepoint     ] Total time for which application threads were stopped: 0.0020685 seconds, Stopping threads took: 0.0007793 seconds
[2023-10-19T20:46:27.254+0000][461.782s][debug][safepoint     ] Safepoint synchronization initiated. (177 threads)
[2023-10-19T20:46:27.255+0000][461.783s][info ][safepoint     ] Application time: 1.0016195 seconds
[2023-10-19T20:46:27.256+0000][461.784s][info ][safepoint     ] Entering safepoint region: Cleanup
[2023-10-19T20:46:27.258+0000][461.786s][info ][safepoint     ] Leaving safepoint region
[2023-10-19T20:46:27.259+0000][461.787s][info ][safepoint     ] Total time for which application threads were stopped: 0.0025015 seconds, Stopping threads took: 0.0011074 seconds
[2023-10-19T20:46:28.260+0000][462.788s][debug][safepoint     ] Safepoint synchronization initiated. (177 threads)
[2023-10-19T20:46:28.261+0000][462.789s][info ][safepoint     ] Application time: 1.0014143 seconds
[2023-10-19T20:46:28.262+0000][462.790s][info ][safepoint     ] Entering safepoint region: Cleanup
[2023-10-19T20:46:28.263+0000][462.791s][info ][safepoint     ] Leaving safepoint region
[2023-10-19T20:46:28.264+0000][462.792s][info ][safepoint     ] Total time for which application threads were stopped: 0.0019121 seconds, Stopping threads took: 0.0008582 seconds
[2023-10-19T20:46:29.265+0000][463.793s][debug][safepoint     ] Safepoint synchronization initiated. (177 threads)
[2023-10-19T20:46:29.267+0000][463.795s][info ][safepoint     ] Application time: 1.0016782 seconds
[2023-10-19T20:46:29.268+0000][463.796s][info ][safepoint     ] Entering safepoint region: Cleanup
[2023-10-19T20:46:29.269+0000][463.797s][info ][safepoint     ] Leaving safepoint region
[2023-10-19T20:46:29.270+0000][463.798s][info ][safepoint     ] Total time for which application threads were stopped: 0.0024767 seconds, Stopping threads took: 0.0010416 seconds
[2023-10-19T20:46:30.271+0000][464.799s][debug][safepoint     ] Safepoint synchronization initiated. (177 threads)
[2023-10-19T20:46:30.273+0000][464.801s][info ][safepoint     ] Application time: 1.0016537 seconds
[2023-10-19T20:46:30.274+0000][464.802s][info ][safepoint     ] Entering safepoint region: Cleanup
[2023-10-19T20:46:30.275+0000][464.803s][info ][safepoint     ] Leaving safepoint region
[2023-10-19T20:46:30.276+0000][464.804s][info ][safepoint     ] Total time for which application threads were stopped: 0.0021904 seconds, Stopping threads took: 0.0008984 seconds
[2023-10-19T20:46:31.277+0000][465.805s][debug][safepoint     ] Safepoint synchronization initiated. (177 threads)
[2023-10-19T20:46:31.278+0000][465.806s][info ][safepoint     ] Application time: 1.0013965 seconds
[2023-10-19T20:46:31.280+0000][465.808s][info ][safepoint     ] Entering safepoint region: Cleanup
[2023-10-19T20:46:31.281+0000][465.809s][info ][safepoint     ] Leaving safepoint region
[2023-10-19T20:46:31.282+0000][465.810s][info ][safepoint     ] Total time for which application threads were stopped: 0.0027621 seconds, Stopping threads took: 0.0012186 seconds
[2023-10-19T20:46:32.283+0000][466.811s][debug][safepoint     ] Safepoint synchronization initiated. (177 threads)
[2023-10-19T20:46:32.285+0000][466.813s][info ][safepoint     ] Application time: 1.0013862 seconds
[2023-10-19T20:46:32.286+0000][466.814s][info ][safepoint     ] Entering safepoint region: Cleanup
[2023-10-19T20:46:32.287+0000][466.815s][info ][safepoint     ] Leaving safepoint region
[2023-10-19T20:46:32.288+0000][466.816s][info ][safepoint     ] Total time for which application threads were stopped: 0.0021636 seconds, Stopping threads took: 0.0010255 seconds
[2023-10-19T20:46:33.289+0000][467.817s][debug][safepoint     ] Safepoint synchronization initiated. (177 threads)
[2023-10-19T20:46:33.290+0000][467.818s][info ][safepoint     ] Application time: 1.0009620 seconds
[2023-10-19T20:46:33.290+0000][467.818s][info ][safepoint     ] Entering safepoint region: Cleanup
[2023-10-19T20:46:33.291+0000][467.819s][info ][safepoint     ] Leaving safepoint region
[2023-10-19T20:46:33.292+0000][467.820s][info ][safepoint     ] Total time for which application threads were stopped: 0.0012994 seconds, Stopping threads took: 0.0006234 seconds
[2023-10-19T20:46:34.292+0000][468.820s][debug][safepoint     ] Safepoint synchronization initiated. (177 threads)
[2023-10-19T20:46:34.293+0000][468.821s][info ][safepoint     ] Application time: 1.0009628 seconds
[2023-10-19T20:46:34.294+0000][468.822s][info ][safepoint     ] Entering safepoint region: Cleanup
[2023-10-19T20:46:34.295+0000][468.822s][info ][safepoint     ] Leaving safepoint region
[2023-10-19T20:46:34.295+0000][468.823s][info ][safepoint     ] Total time for which application threads were stopped: 0.0014212 seconds, Stopping threads took: 0.0006672 seconds
[2023-10-19T20:46:35.296+0000][469.824s][debug][safepoint     ] Safepoint synchronization initiated. (177 threads)
[2023-10-19T20:46:35.296+0000][469.824s][info ][safepoint     ] Application time: 1.0006516 seconds
[2023-10-19T20:46:35.297+0000][469.825s][debug][safepoint     ] ... found polling page return exception at pc = 0x00007fbdb0a26cda, stub =0x00007fbda8840600
[2023-10-19T20:46:35.297+0000][469.825s][debug][safepoint     ] Waiting for 1 thread(s) to block
[2023-10-19T20:46:35.298+0000][469.826s][info ][safepoint     ] Entering safepoint region: Cleanup
[2023-10-19T20:46:35.298+0000][469.826s][info ][safepoint     ] Leaving safepoint region
[2023-10-19T20:46:35.298+0000][469.826s][info ][safepoint     ] Total time for which application threads were stopped: 0.0017858 seconds, Stopping threads took: 0.0012446 seconds
[2023-10-19T20:46:36.299+0000][470.827s][debug][safepoint     ] Safepoint synchronization initiated. (177 threads)
[2023-10-19T20:46:36.299+0000][470.827s][info ][safepoint     ] Application time: 1.0007319 seconds
[2023-10-19T20:46:36.300+0000][470.828s][info ][safepoint     ] Entering safepoint region: Cleanup
[2023-10-19T20:46:36.300+0000][470.828s][info ][safepoint     ] Leaving safepoint region
[2023-10-19T20:46:36.301+0000][470.829s][info ][safepoint     ] Total time for which application threads were stopped: 0.0008502 seconds, Stopping threads took: 0.0003393 seconds
[2023-10-19T20:46:37.301+0000][471.829s][debug][safepoint     ] Safepoint synchronization initiated. (177 threads)
[2023-10-19T20:46:37.303+0000][471.831s][info ][safepoint     ] Application time: 1.0017205 seconds
[2023-10-19T20:46:37.304+0000][471.832s][info ][safepoint     ] Entering safepoint region: Cleanup
[2023-10-19T20:46:37.305+0000][471.833s][info ][safepoint     ] Leaving safepoint region
[2023-10-19T20:46:37.306+0000][471.834s][info ][safepoint     ] Total time for which application threads were stopped: 0.0024761 seconds, Stopping threads took: 0.0009306 seconds
[2023-10-19T20:46:38.307+0000][472.835s][debug][safepoint     ] Safepoint synchronization initiated. (177 threads)
[2023-10-19T20:46:38.309+0000][472.837s][info ][safepoint     ] Application time: 1.0015891 seconds
[2023-10-19T20:46:38.310+0000][472.838s][info ][safepoint     ] Entering safepoint region: Cleanup
[2023-10-19T20:46:38.311+0000][472.839s][info ][safepoint     ] Leaving safepoint region
[2023-10-19T20:46:38.312+0000][472.840s][info ][safepoint     ] Total time for which application threads were stopped: 0.0023498 seconds, Stopping threads took: 0.0010856 seconds
[2023-10-19T20:46:39.313+0000][473.841s][debug][safepoint     ] Safepoint synchronization initiated. (177 threads)
[2023-10-19T20:46:39.314+0000][473.842s][info ][safepoint     ] Application time: 1.0010979 seconds
[2023-10-19T20:46:39.315+0000][473.843s][info ][safepoint     ] Entering safepoint region: Cleanup
[2023-10-19T20:46:39.316+0000][473.844s][info ][safepoint     ] Leaving safepoint region
[2023-10-19T20:46:39.316+0000][473.844s][info ][safepoint     ] Total time for which application threads were stopped: 0.0014509 seconds, Stopping threads took: 0.0006340 seconds
[2023-10-19T20:46:40.317+0000][474.845s][debug][safepoint     ] Safepoint synchronization initiated. (177 threads)
[2023-10-19T20:46:40.318+0000][474.846s][info ][safepoint     ] Application time: 1.0012521 seconds
[2023-10-19T20:46:40.319+0000][474.847s][info ][safepoint     ] Entering safepoint region: Cleanup
[2023-10-19T20:46:40.320+0000][474.848s][info ][safepoint     ] Leaving safepoint region
[2023-10-19T20:46:40.321+0000][474.849s][info ][safepoint     ] Total time for which application threads were stopped: 0.0018347 seconds, Stopping threads took: 0.0007986 seconds
[2023-10-19T20:46:41.322+0000][475.850s][debug][safepoint     ] Safepoint synchronization initiated. (177 threads)
[2023-10-19T20:46:41.323+0000][475.851s][info ][safepoint     ] Application time: 1.0012704 seconds
[2023-10-19T20:46:41.324+0000][475.852s][info ][safepoint     ] Entering safepoint region: Cleanup
[2023-10-19T20:46:41.325+0000][475.853s][info ][safepoint     ] Leaving safepoint region
[2023-10-19T20:46:41.325+0000][475.853s][info ][safepoint     ] Total time for which application threads were stopped: 0.0018356 seconds, Stopping threads took: 0.0007777 seconds
[2023-10-19T20:46:42.327+0000][476.855s][debug][safepoint     ] Safepoint synchronization initiated. (177 threads)
[2023-10-19T20:46:42.328+0000][476.856s][info ][safepoint     ] Application time: 1.0016409 seconds
[2023-10-19T20:46:42.329+0000][476.857s][info ][safepoint     ] Entering safepoint region: Cleanup
[2023-10-19T20:46:42.331+0000][476.859s][info ][safepoint     ] Leaving safepoint region
[2023-10-19T20:46:42.332+0000][476.860s][info ][safepoint     ] Total time for which application threads were stopped: 0.0027083 seconds, Stopping threads took: 0.0011324 seconds
[2023-10-19T20:46:46.333+0000][480.861s][debug][safepoint     ] Safepoint synchronization initiated. (176 threads)
[2023-10-19T20:46:46.334+0000][480.862s][info ][safepoint     ] Application time: 4.0015107 seconds
[2023-10-19T20:46:46.335+0000][480.863s][info ][safepoint     ] Entering safepoint region: Cleanup
[2023-10-19T20:46:46.335+0000][480.863s][info ][safepoint     ] Leaving safepoint region
[2023-10-19T20:46:46.336+0000][480.864s][info ][safepoint     ] Total time for which application threads were stopped: 0.0013727 seconds, Stopping threads took: 0.0005607 seconds
[2023-10-19T20:46:49.337+0000][483.865s][debug][safepoint     ] Safepoint synchronization initiated. (177 threads)
[2023-10-19T20:46:49.338+0000][483.866s][info ][safepoint     ] Application time: 3.0011455 seconds
[2023-10-19T20:46:49.338+0000][483.866s][info ][safepoint     ] Entering safepoint region: Cleanup
[2023-10-19T20:46:49.339+0000][483.867s][info ][safepoint     ] Leaving safepoint region
[2023-10-19T20:46:49.339+0000][483.867s][info ][safepoint     ] Total time for which application threads were stopped: 0.0009236 seconds, Stopping threads took: 0.0003122 seconds
[2023-10-19T20:46:51.340+0000][485.868s][debug][safepoint     ] Safepoint synchronization initiated. (177 threads)
[2023-10-19T20:46:51.340+0000][485.868s][info ][safepoint     ] Application time: 2.0009269 seconds
[2023-10-19T20:46:51.341+0000][485.869s][info ][safepoint     ] Entering safepoint region: Cleanup
[2023-10-19T20:46:51.341+0000][485.869s][info ][safepoint     ] Leaving safepoint region
[2023-10-19T20:46:51.342+0000][485.870s][info ][safepoint     ] Total time for which application threads were stopped: 0.0009503 seconds, Stopping threads took: 0.0004246 seconds
[2023-10-19T20:46:55.343+0000][489.871s][debug][safepoint     ] Safepoint synchronization initiated. (177 threads)
[2023-10-19T20:46:55.343+0000][489.872s][info ][safepoint     ] Application time: 4.0015101 seconds
[2023-10-19T20:46:55.344+0000][489.872s][info ][safepoint     ] Entering safepoint region: Cleanup
[2023-10-19T20:46:55.344+0000][489.873s][info ][safepoint     ] Leaving safepoint region
[2023-10-19T20:46:55.345+0000][489.873s][info ][safepoint     ] Total time for which application threads were stopped: 0.0010701 seconds, Stopping threads took: 0.0005329 seconds
[2023-10-19T20:47:15.350+0000][509.879s][debug][safepoint     ] Safepoint synchronization initiated. (177 threads)
[2023-10-19T20:47:15.351+0000][509.879s][info ][safepoint     ] Application time: 20.0055907 seconds
[2023-10-19T20:47:15.351+0000][509.879s][info ][safepoint     ] Entering safepoint region: Cleanup
[2023-10-19T20:47:15.352+0000][509.880s][info ][safepoint     ] Leaving safepoint region
[2023-10-19T20:47:15.352+0000][509.880s][info ][safepoint     ] Total time for which application threads were stopped: 0.0008571 seconds, Stopping threads took: 0.0003195 seconds
[2023-10-19T20:47:21.354+0000][515.883s][debug][safepoint     ] Safepoint synchronization initiated. (177 threads)
[2023-10-19T20:47:21.355+0000][515.884s][info ][safepoint     ] Application time: 6.0030011 seconds
[2023-10-19T20:47:21.357+0000][515.885s][info ][safepoint     ] Entering safepoint region: Cleanup
[2023-10-19T20:47:21.358+0000][515.886s][info ][safepoint     ] Leaving safepoint region
[2023-10-19T20:47:21.359+0000][515.887s][info ][safepoint     ] Total time for which application threads were stopped: 0.0023000 seconds, Stopping threads took: 0.0010322 seconds
[2023-10-19T20:47:36.208+0000][530.737s][debug][safepoint     ] Safepoint synchronization initiated. (177 threads)
[2023-10-19T20:47:36.209+0000][530.737s][info ][safepoint     ] Application time: 14.8491377 seconds
[2023-10-19T20:47:36.209+0000][530.738s][info ][safepoint     ] Entering safepoint region: G1CollectForAllocation
[2023-10-19T20:47:36.210+0000][530.739s][info ][gc,start      ] GC(62) Pause Young (Normal) (G1 Evacuation Pause)
[2023-10-19T20:47:36.211+0000][530.739s][info ][gc,task       ] GC(62) Using 8 workers of 8 for evacuation
[2023-10-19T20:47:36.220+0000][530.749s][info ][gc,phases     ] GC(62)   Pre Evacuate Collection Set: 0.0ms
[2023-10-19T20:47:36.221+0000][530.750s][info ][gc,phases     ] GC(62)   Evacuate Collection Set: 5.9ms
[2023-10-19T20:47:36.222+0000][530.750s][info ][gc,phases     ] GC(62)   Post Evacuate Collection Set: 3.1ms
[2023-10-19T20:47:36.222+0000][530.751s][info ][gc,phases     ] GC(62)   Other: 1.2ms
[2023-10-19T20:47:36.223+0000][530.751s][info ][gc,heap       ] GC(62) Eden regions: 196->0(196)
[2023-10-19T20:47:36.223+0000][530.752s][info ][gc,heap       ] GC(62) Survivor regions: 14->14(27)
[2023-10-19T20:47:36.224+0000][530.752s][info ][gc,heap       ] GC(62) Old regions: 144->144
[2023-10-19T20:47:36.224+0000][530.753s][info ][gc,heap       ] GC(62) Humongous regions: 5->5
[2023-10-19T20:47:36.225+0000][530.753s][info ][gc,metaspace  ] GC(62) Metaspace: 166442K(171728K)->166442K(171728K) NonClass: 147030K(150224K)->147030K(150224K) Class: 19411K(21504K)->19411K(21504K)
[2023-10-19T20:47:36.225+0000][530.754s][info ][gc            ] GC(62) Pause Young (Normal) (G1 Evacuation Pause) 357M->161M(415M) 15.027ms
[2023-10-19T20:47:36.226+0000][530.754s][info ][gc,cpu        ] GC(62) User=0.06s Sys=0.00s Real=0.02s
[2023-10-19T20:47:36.226+0000][530.755s][info ][safepoint     ] Leaving safepoint region
[2023-10-19T20:47:36.227+0000][530.755s][info ][safepoint     ] Total time for which application threads were stopped: 0.0175234 seconds, Stopping threads took: 0.0006761 seconds
[2023-10-19T20:47:36.227+0000][530.756s][info ][gc,stringdedup] Concurrent String Deduplication (530.756s)
[2023-10-19T20:47:36.230+0000][530.758s][info ][gc,stringdedup] Concurrent String Deduplication 233.0K->105.8K(127.1K) avg 54.3% (530.756s, 530.758s) 2.158ms
[2023-10-19T20:47:41.228+0000][535.757s][debug][safepoint     ] Safepoint synchronization initiated. (177 threads)
[2023-10-19T20:47:41.230+0000][535.758s][info ][safepoint     ] Application time: 5.0022307 seconds
[2023-10-19T20:47:41.231+0000][535.759s][info ][safepoint     ] Entering safepoint region: Cleanup
[2023-10-19T20:47:41.232+0000][535.761s][info ][safepoint     ] Leaving safepoint region
[2023-10-19T20:47:41.233+0000][535.762s][info ][safepoint     ] Total time for which application threads were stopped: 0.0025697 seconds, Stopping threads took: 0.0011615 seconds
[2023-10-19T20:47:42.234+0000][536.763s][debug][safepoint     ] Safepoint synchronization initiated. (177 threads)
[2023-10-19T20:47:42.236+0000][536.764s][info ][safepoint     ] Application time: 1.0013037 seconds
[2023-10-19T20:47:42.237+0000][536.765s][info ][safepoint     ] Entering safepoint region: Cleanup
[2023-10-19T20:47:42.238+0000][536.766s][info ][safepoint     ] Leaving safepoint region
[2023-10-19T20:47:42.238+0000][536.767s][info ][safepoint     ] Total time for which application threads were stopped: 0.0017078 seconds, Stopping threads took: 0.0008247 seconds
[2023-10-19T20:47:42.238+0000][536.766s][debug][safepoint     ] ... found polling page return exception at pc = 0x00007fbdb0cb92c4, stub =0x00007fbda8840600
[2023-10-19T20:47:42.238+0000][536.766s][debug][safepoint     ] ... found polling page return exception at pc = 0x00007fbdb0cb92c4, stub =0x00007fbda8840600
[2023-10-19T20:47:42.238+0000][536.766s][debug][safepoint     ] ... found polling page return exception at pc = 0x00007fbdb0cb92c4, stub =0x00007fbda8840600
[2023-10-19T20:47:42.238+0000][536.766s][debug][safepoint     ] ... found polling page return exception at pc = 0x00007fbdb0cb92c4, stub =0x00007fbda8840600
[2023-10-19T20:47:42.238+0000][536.766s][debug][safepoint     ] ... found polling page return exception at pc = 0x00007fbdb0cb92c4, stub =0x00007fbda8840600
[2023-10-19T20:47:42.238+0000][536.766s][debug][safepoint     ] ... found polling page return exception at pc = 0x00007fbdb0cb92c4, stub =0x00007fbda8840600
[2023-10-19T20:47:42.238+0000][536.766s][debug][safepoint     ] ... found polling page return exception at pc = 0x00007fbdb0cb92c4, stub =0x00007fbda8840600
[2023-10-19T20:47:43.239+0000][537.768s][debug][safepoint     ] Safepoint synchronization initiated. (177 threads)
[2023-10-19T20:47:43.240+0000][537.769s][info ][safepoint     ] Application time: 1.0012275 seconds
[2023-10-19T20:47:43.241+0000][537.770s][info ][safepoint     ] Entering safepoint region: Cleanup
[2023-10-19T20:47:43.242+0000][537.771s][info ][safepoint     ] Leaving safepoint region
[2023-10-19T20:47:43.243+0000][537.771s][info ][safepoint     ] Total time for which application threads were stopped: 0.0016870 seconds, Stopping threads took: 0.0008093 seconds
[2023-10-19T20:47:44.244+0000][538.772s][debug][safepoint     ] Safepoint synchronization initiated. (177 threads)
[2023-10-19T20:47:44.244+0000][538.773s][info ][safepoint     ] Application time: 1.0006359 seconds
[2023-10-19T20:47:44.244+0000][538.773s][info ][safepoint     ] Entering safepoint region: Cleanup
[2023-10-19T20:47:44.245+0000][538.773s][info ][safepoint     ] Leaving safepoint region
[2023-10-19T20:47:44.245+0000][538.774s][info ][safepoint     ] Total time for which application threads were stopped: 0.0008942 seconds, Stopping threads took: 0.0003995 seconds
[2023-10-19T20:47:45.246+0000][539.775s][debug][safepoint     ] Safepoint synchronization initiated. (177 threads)
[2023-10-19T20:47:45.247+0000][539.776s][info ][safepoint     ] Application time: 1.0013913 seconds
[2023-10-19T20:47:45.248+0000][539.776s][info ][safepoint     ] Entering safepoint region: Cleanup
[2023-10-19T20:47:45.249+0000][539.777s][info ][safepoint     ] Leaving safepoint region
[2023-10-19T20:47:45.249+0000][539.778s][info ][safepoint     ] Total time for which application threads were stopped: 0.0016723 seconds, Stopping threads took: 0.0007442 seconds
[2023-10-19T20:47:46.250+0000][540.779s][debug][safepoint     ] Safepoint synchronization initiated. (177 threads)
[2023-10-19T20:47:46.251+0000][540.780s][info ][safepoint     ] Application time: 1.0011737 seconds
[2023-10-19T20:47:46.252+0000][540.781s][info ][safepoint     ] Entering safepoint region: Cleanup
[2023-10-19T20:47:46.253+0000][540.782s][info ][safepoint     ] Leaving safepoint region
[2023-10-19T20:47:46.254+0000][540.782s][info ][safepoint     ] Total time for which application threads were stopped: 0.0018556 seconds, Stopping threads took: 0.0008240 seconds
[2023-10-19T20:47:47.255+0000][541.783s][debug][safepoint     ] Safepoint synchronization initiated. (177 threads)
[2023-10-19T20:47:47.255+0000][541.784s][info ][safepoint     ] Application time: 1.0006014 seconds
[2023-10-19T20:47:47.256+0000][541.784s][info ][safepoint     ] Entering safepoint region: Cleanup
[2023-10-19T20:47:47.256+0000][541.785s][info ][safepoint     ] Leaving safepoint region
[2023-10-19T20:47:47.256+0000][541.785s][info ][safepoint     ] Total time for which application threads were stopped: 0.0008320 seconds, Stopping threads took: 0.0003341 seconds
[2023-10-19T20:47:48.257+0000][542.785s][debug][safepoint     ] Safepoint synchronization initiated. (177 threads)
[2023-10-19T20:47:48.258+0000][542.786s][info ][safepoint     ] Application time: 1.0008421 seconds
[2023-10-19T20:47:48.258+0000][542.787s][info ][safepoint     ] Entering safepoint region: Cleanup
[2023-10-19T20:47:48.259+0000][542.787s][info ][safepoint     ] Leaving safepoint region
[2023-10-19T20:47:48.259+0000][542.788s][info ][safepoint     ] Total time for which application threads were stopped: 0.0011141 seconds, Stopping threads took: 0.0004728 seconds
[2023-10-19T20:47:49.260+0000][543.788s][debug][safepoint     ] Safepoint synchronization initiated. (177 threads)
[2023-10-19T20:47:49.261+0000][543.789s][info ][safepoint     ] Application time: 1.0010718 seconds
[2023-10-19T20:47:49.261+0000][543.790s][info ][safepoint     ] Entering safepoint region: Cleanup
[2023-10-19T20:47:49.262+0000][543.791s][info ][safepoint     ] Leaving safepoint region
[2023-10-19T20:47:49.263+0000][543.792s][info ][safepoint     ] Total time for which application threads were stopped: 0.0018597 seconds, Stopping threads took: 0.0007851 seconds
[2023-10-19T20:47:50.264+0000][544.792s][debug][safepoint     ] Safepoint synchronization initiated. (177 threads)
[2023-10-19T20:47:50.265+0000][544.793s][info ][safepoint     ] Application time: 1.0006892 seconds
[2023-10-19T20:47:50.265+0000][544.794s][info ][safepoint     ] Entering safepoint region: Cleanup
[2023-10-19T20:47:50.266+0000][544.794s][info ][safepoint     ] Leaving safepoint region
[2023-10-19T20:47:50.266+0000][544.795s][info ][safepoint     ] Total time for which application threads were stopped: 0.0010649 seconds, Stopping threads took: 0.0004910 seconds
[2023-10-19T20:47:51.267+0000][545.795s][debug][safepoint     ] Safepoint synchronization initiated. (177 threads)
[2023-10-19T20:47:51.268+0000][545.796s][info ][safepoint     ] Application time: 1.0012935 seconds
[2023-10-19T20:47:51.269+0000][545.797s][info ][safepoint     ] Entering safepoint region: Cleanup
[2023-10-19T20:47:51.270+0000][545.799s][info ][safepoint     ] Leaving safepoint region
[2023-10-19T20:47:51.271+0000][545.800s][info ][safepoint     ] Total time for which application threads were stopped: 0.0022224 seconds, Stopping threads took: 0.0009913 seconds
[2023-10-19T20:47:52.272+0000][546.800s][debug][safepoint     ] Safepoint synchronization initiated. (177 threads)
[2023-10-19T20:47:52.272+0000][546.801s][info ][safepoint     ] Application time: 1.0005471 seconds
[2023-10-19T20:47:52.273+0000][546.801s][info ][safepoint     ] Entering safepoint region: Cleanup
[2023-10-19T20:47:52.273+0000][546.802s][info ][safepoint     ] Leaving safepoint region
[2023-10-19T20:47:52.274+0000][546.802s][info ][safepoint     ] Total time for which application threads were stopped: 0.0008430 seconds, Stopping threads took: 0.0003720 seconds
[2023-10-19T20:47:53.274+0000][547.802s][debug][safepoint     ] Safepoint synchronization initiated. (177 threads)
[2023-10-19T20:47:53.274+0000][547.803s][info ][safepoint     ] Application time: 1.0005462 seconds
[2023-10-19T20:47:53.275+0000][547.803s][info ][safepoint     ] Entering safepoint region: Cleanup
[2023-10-19T20:47:53.275+0000][547.804s][info ][safepoint     ] Leaving safepoint region
[2023-10-19T20:47:53.275+0000][547.804s][info ][safepoint     ] Total time for which application threads were stopped: 0.0008031 seconds, Stopping threads took: 0.0003380 seconds
[2023-10-19T20:47:54.276+0000][548.805s][debug][safepoint     ] Safepoint synchronization initiated. (177 threads)
[2023-10-19T20:47:54.277+0000][548.805s][info ][safepoint     ] Application time: 1.0010239 seconds
[2023-10-19T20:47:54.277+0000][548.806s][info ][safepoint     ] Entering safepoint region: Cleanup
[2023-10-19T20:47:54.278+0000][548.807s][info ][safepoint     ] Leaving safepoint region
[2023-10-19T20:47:54.278+0000][548.807s][info ][safepoint     ] Total time for which application threads were stopped: 0.0011229 seconds, Stopping threads took: 0.0004713 seconds
[2023-10-19T20:47:55.279+0000][549.808s][debug][safepoint     ] Safepoint synchronization initiated. (177 threads)
[2023-10-19T20:47:55.279+0000][549.808s][info ][safepoint     ] Application time: 1.0004979 seconds
[2023-10-19T20:47:55.280+0000][549.808s][info ][safepoint     ] Entering safepoint region: Cleanup
[2023-10-19T20:47:55.280+0000][549.809s][info ][safepoint     ] Leaving safepoint region
[2023-10-19T20:47:55.281+0000][549.809s][info ][safepoint     ] Total time for which application threads were stopped: 0.0007431 seconds, Stopping threads took: 0.0003005 seconds
[2023-10-19T20:47:56.281+0000][550.810s][debug][safepoint     ] Safepoint synchronization initiated. (177 threads)
[2023-10-19T20:47:56.282+0000][550.811s][info ][safepoint     ] Application time: 1.0014632 seconds
[2023-10-19T20:47:56.284+0000][550.812s][info ][safepoint     ] Entering safepoint region: Cleanup
[2023-10-19T20:47:56.285+0000][550.814s][info ][safepoint     ] Leaving safepoint region
[2023-10-19T20:47:56.286+0000][550.814s][info ][safepoint     ] Total time for which application threads were stopped: 0.0023549 seconds, Stopping threads took: 0.0010001 seconds
[2023-10-19T20:47:57.287+0000][551.815s][debug][safepoint     ] Safepoint synchronization initiated. (177 threads)
[2023-10-19T20:47:57.288+0000][551.816s][info ][safepoint     ] Application time: 1.0009353 seconds
[2023-10-19T20:47:57.288+0000][551.817s][info ][safepoint     ] Entering safepoint region: Cleanup
[2023-10-19T20:47:57.289+0000][551.818s][info ][safepoint     ] Leaving safepoint region
[2023-10-19T20:47:57.289+0000][551.818s][info ][safepoint     ] Total time for which application threads were stopped: 0.0011401 seconds, Stopping threads took: 0.0005510 seconds
[2023-10-19T20:47:58.290+0000][552.818s][debug][safepoint     ] Safepoint synchronization initiated. (177 threads)
[2023-10-19T20:47:58.290+0000][552.819s][info ][safepoint     ] Application time: 1.0006658 seconds
[2023-10-19T20:47:58.291+0000][552.819s][info ][safepoint     ] Entering safepoint region: Cleanup
[2023-10-19T20:47:58.291+0000][552.820s][info ][safepoint     ] Leaving safepoint region
[2023-10-19T20:47:58.292+0000][552.820s][info ][safepoint     ] Total time for which application threads were stopped: 0.0008164 seconds, Stopping threads took: 0.0003478 seconds
[2023-10-19T20:47:59.292+0000][553.821s][debug][safepoint     ] Safepoint synchronization initiated. (177 threads)
[2023-10-19T20:47:59.293+0000][553.822s][info ][safepoint     ] Application time: 1.0011425 seconds
[2023-10-19T20:47:59.294+0000][553.822s][info ][safepoint     ] Entering safepoint region: Cleanup
[2023-10-19T20:47:59.295+0000][553.823s][info ][safepoint     ] Leaving safepoint region
[2023-10-19T20:47:59.295+0000][553.824s][info ][safepoint     ] Total time for which application threads were stopped: 0.0016569 seconds, Stopping threads took: 0.0007679 seconds
[2023-10-19T20:48:00.296+0000][554.825s][debug][safepoint     ] Safepoint synchronization initiated. (177 threads)
[2023-10-19T20:48:00.297+0000][554.825s][info ][safepoint     ] Application time: 1.0006030 seconds
[2023-10-19T20:48:00.297+0000][554.826s][info ][safepoint     ] Entering safepoint region: Cleanup
[2023-10-19T20:48:00.298+0000][554.826s][info ][safepoint     ] Leaving safepoint region
[2023-10-19T20:48:00.298+0000][554.827s][info ][safepoint     ] Total time for which application threads were stopped: 0.0007395 seconds, Stopping threads took: 0.0003008 seconds
[2023-10-19T20:48:01.299+0000][555.827s][debug][safepoint     ] Safepoint synchronization initiated. (177 threads)
[2023-10-19T20:48:01.300+0000][555.828s][info ][safepoint     ] Application time: 1.0013348 seconds
[2023-10-19T20:48:01.301+0000][555.829s][info ][safepoint     ] Entering safepoint region: Cleanup
[2023-10-19T20:48:01.302+0000][555.831s][info ][safepoint     ] Leaving safepoint region
[2023-10-19T20:48:01.303+0000][555.832s][info ][safepoint     ] Total time for which application threads were stopped: 0.0023640 seconds, Stopping threads took: 0.0010409 seconds
[2023-10-19T20:48:02.304+0000][556.833s][debug][safepoint     ] Safepoint synchronization initiated. (177 threads)
[2023-10-19T20:48:02.305+0000][556.834s][info ][safepoint     ] Application time: 1.0013177 seconds
[2023-10-19T20:48:02.306+0000][556.835s][info ][safepoint     ] Entering safepoint region: Cleanup
[2023-10-19T20:48:02.307+0000][556.836s][info ][safepoint     ] Leaving safepoint region
[2023-10-19T20:48:02.308+0000][556.837s][info ][safepoint     ] Total time for which application threads were stopped: 0.0021808 seconds, Stopping threads took: 0.0009738 seconds
[2023-10-19T20:48:03.309+0000][557.838s][debug][safepoint     ] Safepoint synchronization initiated. (177 threads)
[2023-10-19T20:48:03.310+0000][557.838s][info ][safepoint     ] Application time: 1.0004933 seconds
[2023-10-19T20:48:03.310+0000][557.839s][info ][safepoint     ] Entering safepoint region: Cleanup
[2023-10-19T20:48:03.310+0000][557.839s][info ][safepoint     ] Leaving safepoint region
[2023-10-19T20:48:03.311+0000][557.839s][info ][safepoint     ] Total time for which application threads were stopped: 0.0007537 seconds, Stopping threads took: 0.0003222 seconds
[2023-10-19T20:48:04.311+0000][558.840s][debug][safepoint     ] Safepoint synchronization initiated. (177 threads)
[2023-10-19T20:48:04.312+0000][558.841s][info ][safepoint     ] Application time: 1.0011060 seconds
[2023-10-19T20:48:04.313+0000][558.841s][info ][safepoint     ] Entering safepoint region: Cleanup
[2023-10-19T20:48:04.313+0000][558.842s][info ][safepoint     ] Leaving safepoint region
[2023-10-19T20:48:04.314+0000][558.843s][info ][safepoint     ] Total time for which application threads were stopped: 0.0013339 seconds, Stopping threads took: 0.0004945 seconds
[2023-10-19T20:48:05.315+0000][559.843s][debug][safepoint     ] Safepoint synchronization initiated. (177 threads)
[2023-10-19T20:48:05.316+0000][559.845s][info ][safepoint     ] Application time: 1.0018629 seconds
[2023-10-19T20:48:05.317+0000][559.846s][info ][safepoint     ] Entering safepoint region: Cleanup
[2023-10-19T20:48:05.318+0000][559.847s][info ][safepoint     ] Leaving safepoint region
[2023-10-19T20:48:05.319+0000][559.847s][info ][safepoint     ] Total time for which application threads were stopped: 0.0014546 seconds, Stopping threads took: 0.0006756 seconds
[2023-10-19T20:48:06.320+0000][560.848s][debug][safepoint     ] Safepoint synchronization initiated. (177 threads)
[2023-10-19T20:48:06.321+0000][560.849s][info ][safepoint     ] Application time: 1.0014075 seconds
[2023-10-19T20:48:06.322+0000][560.850s][info ][safepoint     ] Entering safepoint region: Cleanup
[2023-10-19T20:48:06.323+0000][560.852s][info ][safepoint     ] Leaving safepoint region
[2023-10-19T20:48:06.324+0000][560.853s][info ][safepoint     ] Total time for which application threads were stopped: 0.0022597 seconds, Stopping threads took: 0.0007918 seconds
[2023-10-19T20:48:07.325+0000][561.853s][debug][safepoint     ] Safepoint synchronization initiated. (177 threads)
[2023-10-19T20:48:07.325+0000][561.854s][info ][safepoint     ] Application time: 1.0007978 seconds
[2023-10-19T20:48:07.326+0000][561.855s][info ][safepoint     ] Entering safepoint region: Cleanup
[2023-10-19T20:48:07.327+0000][561.856s][info ][safepoint     ] Leaving safepoint region
[2023-10-19T20:48:07.328+0000][561.856s][info ][safepoint     ] Total time for which application threads were stopped: 0.0016803 seconds, Stopping threads took: 0.0007909 seconds
[2023-10-19T20:48:08.329+0000][562.857s][debug][safepoint     ] Safepoint synchronization initiated. (177 threads)
[2023-10-19T20:48:08.330+0000][562.858s][info ][safepoint     ] Application time: 1.0012577 seconds
[2023-10-19T20:48:08.330+0000][562.859s][info ][safepoint     ] Entering safepoint region: Cleanup
[2023-10-19T20:48:08.331+0000][562.860s][info ][safepoint     ] Leaving safepoint region
[2023-10-19T20:48:08.332+0000][562.861s][info ][safepoint     ] Total time for which application threads were stopped: 0.0016506 seconds, Stopping threads took: 0.0007676 seconds
[2023-10-19T20:48:09.333+0000][563.862s][debug][safepoint     ] Safepoint synchronization initiated. (177 threads)
[2023-10-19T20:48:09.334+0000][563.863s][info ][safepoint     ] Application time: 1.0014327 seconds
[2023-10-19T20:48:09.335+0000][563.864s][info ][safepoint     ] Entering safepoint region: Cleanup
[2023-10-19T20:48:09.336+0000][563.865s][info ][safepoint     ] Leaving safepoint region
[2023-10-19T20:48:09.337+0000][563.866s][info ][safepoint     ] Total time for which application threads were stopped: 0.0020880 seconds, Stopping threads took: 0.0008666 seconds
[2023-10-19T20:48:10.338+0000][564.867s][debug][safepoint     ] Safepoint synchronization initiated. (177 threads)
[2023-10-19T20:48:10.340+0000][564.868s][info ][safepoint     ] Application time: 1.0016090 seconds
[2023-10-19T20:48:10.341+0000][564.869s][info ][safepoint     ] Entering safepoint region: Cleanup
[2023-10-19T20:48:10.342+0000][564.871s][info ][safepoint     ] Leaving safepoint region
[2023-10-19T20:48:10.343+0000][564.871s][info ][safepoint     ] Total time for which application threads were stopped: 0.0021326 seconds, Stopping threads took: 0.0009745 seconds
[2023-10-19T20:48:11.344+0000][565.872s][debug][safepoint     ] Safepoint synchronization initiated. (177 threads)
[2023-10-19T20:48:11.344+0000][565.873s][info ][safepoint     ] Application time: 1.0007979 seconds
[2023-10-19T20:48:11.345+0000][565.873s][info ][safepoint     ] Entering safepoint region: Cleanup
[2023-10-19T20:48:11.345+0000][565.874s][info ][safepoint     ] Leaving safepoint region
[2023-10-19T20:48:11.346+0000][565.874s][info ][safepoint     ] Total time for which application threads were stopped: 0.0011560 seconds, Stopping threads took: 0.0004284 seconds
[2023-10-19T20:48:12.346+0000][566.875s][debug][safepoint     ] Safepoint synchronization initiated. (177 threads)
[2023-10-19T20:48:12.348+0000][566.876s][info ][safepoint     ] Application time: 1.0016501 seconds
[2023-10-19T20:48:12.349+0000][566.878s][info ][safepoint     ] Entering safepoint region: Cleanup
[2023-10-19T20:48:12.350+0000][566.879s][info ][safepoint     ] Leaving safepoint region
[2023-10-19T20:48:12.351+0000][566.880s][info ][safepoint     ] Total time for which application threads were stopped: 0.0022243 seconds, Stopping threads took: 0.0009917 seconds
[2023-10-19T20:48:13.352+0000][567.881s][debug][safepoint     ] Safepoint synchronization initiated. (177 threads)
[2023-10-19T20:48:13.353+0000][567.882s][info ][safepoint     ] Application time: 1.0008408 seconds
[2023-10-19T20:48:13.354+0000][567.882s][info ][safepoint     ] Entering safepoint region: Cleanup
[2023-10-19T20:48:13.354+0000][567.883s][info ][safepoint     ] Leaving safepoint region
[2023-10-19T20:48:13.355+0000][567.883s][info ][safepoint     ] Total time for which application threads were stopped: 0.0011819 seconds, Stopping threads took: 0.0005405 seconds
[2023-10-19T20:48:14.355+0000][568.884s][debug][safepoint     ] Safepoint synchronization initiated. (177 threads)
[2023-10-19T20:48:14.357+0000][568.885s][info ][safepoint     ] Application time: 1.0014513 seconds
[2023-10-19T20:48:14.358+0000][568.886s][info ][safepoint     ] Entering safepoint region: Cleanup
[2023-10-19T20:48:14.359+0000][568.887s][info ][safepoint     ] Leaving safepoint region
[2023-10-19T20:48:14.360+0000][568.888s][info ][safepoint     ] Total time for which application threads were stopped: 0.0021487 seconds, Stopping threads took: 0.0008766 seconds
[2023-10-19T20:48:15.361+0000][569.889s][debug][safepoint     ] Safepoint synchronization initiated. (177 threads)
[2023-10-19T20:48:15.362+0000][569.890s][info ][safepoint     ] Application time: 1.0012593 seconds
[2023-10-19T20:48:15.363+0000][569.891s][info ][safepoint     ] Entering safepoint region: Cleanup
[2023-10-19T20:48:15.364+0000][569.893s][info ][safepoint     ] Leaving safepoint region
[2023-10-19T20:48:15.365+0000][569.894s][info ][safepoint     ] Total time for which application threads were stopped: 0.0023412 seconds, Stopping threads took: 0.0010243 seconds
[2023-10-19T20:48:16.366+0000][570.895s][debug][safepoint     ] Safepoint synchronization initiated. (177 threads)
[2023-10-19T20:48:16.368+0000][570.896s][info ][safepoint     ] Application time: 1.0016668 seconds
[2023-10-19T20:48:16.369+0000][570.898s][info ][safepoint     ] Entering safepoint region: Cleanup
[2023-10-19T20:48:16.371+0000][570.899s][info ][safepoint     ] Leaving safepoint region
[2023-10-19T20:48:16.372+0000][570.900s][info ][safepoint     ] Total time for which application threads were stopped: 0.0028729 seconds, Stopping threads took: 0.0011836 seconds
[2023-10-19T20:48:17.373+0000][571.901s][debug][safepoint     ] Safepoint synchronization initiated. (177 threads)
[2023-10-19T20:48:17.373+0000][571.902s][info ][safepoint     ] Application time: 1.0007003 seconds
[2023-10-19T20:48:17.374+0000][571.903s][info ][safepoint     ] Entering safepoint region: Cleanup
[2023-10-19T20:48:17.375+0000][571.903s][info ][safepoint     ] Leaving safepoint region
[2023-10-19T20:48:17.375+0000][571.904s][info ][safepoint     ] Total time for which application threads were stopped: 0.0011132 seconds, Stopping threads took: 0.0004653 seconds
[2023-10-19T20:48:18.376+0000][572.904s][debug][safepoint     ] Safepoint synchronization initiated. (177 threads)
[2023-10-19T20:48:18.377+0000][572.906s][info ][safepoint     ] Application time: 1.0015182 seconds
[2023-10-19T20:48:18.378+0000][572.907s][info ][safepoint     ] Entering safepoint region: Cleanup
[2023-10-19T20:48:18.380+0000][572.908s][info ][safepoint     ] Leaving safepoint region
[2023-10-19T20:48:18.381+0000][572.909s][info ][safepoint     ] Total time for which application threads were stopped: 0.0026440 seconds, Stopping threads took: 0.0012338 seconds
[2023-10-19T20:48:19.382+0000][573.911s][debug][safepoint     ] Safepoint synchronization initiated. (177 threads)
[2023-10-19T20:48:19.383+0000][573.911s][info ][safepoint     ] Application time: 1.0011145 seconds
[2023-10-19T20:48:19.384+0000][573.912s][info ][safepoint     ] Entering safepoint region: Cleanup
[2023-10-19T20:48:19.385+0000][573.913s][info ][safepoint     ] Leaving safepoint region
[2023-10-19T20:48:19.386+0000][573.914s][info ][safepoint     ] Total time for which application threads were stopped: 0.0020083 seconds, Stopping threads took: 0.0008624 seconds
[2023-10-19T20:48:20.387+0000][574.915s][debug][safepoint     ] Safepoint synchronization initiated. (177 threads)
[2023-10-19T20:48:20.388+0000][574.916s][info ][safepoint     ] Application time: 1.0011934 seconds
[2023-10-19T20:48:20.388+0000][574.917s][info ][safepoint     ] Entering safepoint region: Cleanup
[2023-10-19T20:48:20.389+0000][574.918s][info ][safepoint     ] Leaving safepoint region
[2023-10-19T20:48:20.390+0000][574.919s][info ][safepoint     ] Total time for which application threads were stopped: 0.0017627 seconds, Stopping threads took: 0.0005667 seconds
[2023-10-19T20:48:21.391+0000][575.919s][debug][safepoint     ] Safepoint synchronization initiated. (177 threads)
[2023-10-19T20:48:21.392+0000][575.920s][info ][safepoint     ] Application time: 1.0009215 seconds
[2023-10-19T20:48:21.392+0000][575.921s][info ][safepoint     ] Entering safepoint region: Cleanup
[2023-10-19T20:48:21.393+0000][575.921s][info ][safepoint     ] Leaving safepoint region
[2023-10-19T20:48:21.393+0000][575.922s][info ][safepoint     ] Total time for which application threads were stopped: 0.0013221 seconds, Stopping threads took: 0.0005394 seconds
[2023-10-19T20:48:22.394+0000][576.923s][debug][safepoint     ] Safepoint synchronization initiated. (177 threads)
[2023-10-19T20:48:22.395+0000][576.924s][info ][safepoint     ] Application time: 1.0014292 seconds
[2023-10-19T20:48:22.397+0000][576.925s][info ][safepoint     ] Entering safepoint region: Cleanup
[2023-10-19T20:48:22.398+0000][576.927s][info ][safepoint     ] Leaving safepoint region
[2023-10-19T20:48:22.399+0000][576.927s][info ][safepoint     ] Total time for which application threads were stopped: 0.0024226 seconds, Stopping threads took: 0.0011604 seconds
[2023-10-19T20:48:23.400+0000][577.929s][debug][safepoint     ] Safepoint synchronization initiated. (177 threads)
[2023-10-19T20:48:23.401+0000][577.929s][info ][safepoint     ] Application time: 1.0009250 seconds
[2023-10-19T20:48:23.401+0000][577.930s][info ][safepoint     ] Entering safepoint region: Cleanup
[2023-10-19T20:48:23.402+0000][577.931s][info ][safepoint     ] Leaving safepoint region
[2023-10-19T20:48:23.402+0000][577.931s][info ][safepoint     ] Total time for which application threads were stopped: 0.0013876 seconds, Stopping threads took: 0.0006704 seconds
[2023-10-19T20:48:24.403+0000][578.932s][debug][safepoint     ] Safepoint synchronization initiated. (177 threads)
[2023-10-19T20:48:24.404+0000][578.933s][info ][safepoint     ] Application time: 1.0013724 seconds
[2023-10-19T20:48:24.405+0000][578.934s][info ][safepoint     ] Entering safepoint region: Cleanup
[2023-10-19T20:48:24.407+0000][578.936s][info ][safepoint     ] Leaving safepoint region
[2023-10-19T20:48:24.408+0000][578.936s][info ][safepoint     ] Total time for which application threads were stopped: 0.0023256 seconds, Stopping threads took: 0.0011298 seconds
[2023-10-19T20:48:25.409+0000][579.938s][debug][safepoint     ] Safepoint synchronization initiated. (177 threads)
[2023-10-19T20:48:25.411+0000][579.939s][info ][safepoint     ] Application time: 1.0020939 seconds
[2023-10-19T20:48:25.411+0000][579.940s][info ][safepoint     ] Entering safepoint region: Cleanup
[2023-10-19T20:48:25.412+0000][579.941s][info ][safepoint     ] Leaving safepoint region
[2023-10-19T20:48:25.413+0000][579.942s][info ][safepoint     ] Total time for which application threads were stopped: 0.0016068 seconds, Stopping threads took: 0.0003816 seconds
[2023-10-19T20:48:26.414+0000][580.942s][debug][safepoint     ] Safepoint synchronization initiated. (177 threads)
[2023-10-19T20:48:26.415+0000][580.944s][info ][safepoint     ] Application time: 1.0016004 seconds
[2023-10-19T20:48:26.416+0000][580.945s][info ][safepoint     ] Entering safepoint region: Cleanup
[2023-10-19T20:48:26.417+0000][580.946s][info ][safepoint     ] Leaving safepoint region
[2023-10-19T20:48:26.418+0000][580.947s][info ][safepoint     ] Total time for which application threads were stopped: 0.0022744 seconds, Stopping threads took: 0.0009812 seconds
[2023-10-19T20:48:27.419+0000][581.948s][debug][safepoint     ] Safepoint synchronization initiated. (177 threads)
[2023-10-19T20:48:27.420+0000][581.949s][info ][safepoint     ] Application time: 1.0011226 seconds
[2023-10-19T20:48:27.421+0000][581.950s][info ][safepoint     ] Entering safepoint region: Cleanup
[2023-10-19T20:48:27.422+0000][581.950s][info ][safepoint     ] Leaving safepoint region
[2023-10-19T20:48:27.422+0000][581.951s][info ][safepoint     ] Total time for which application threads were stopped: 0.0012118 seconds, Stopping threads took: 0.0006221 seconds
[2023-10-19T20:48:28.423+0000][582.951s][debug][safepoint     ] Safepoint synchronization initiated. (177 threads)
[2023-10-19T20:48:28.423+0000][582.952s][info ][safepoint     ] Application time: 1.0008244 seconds
[2023-10-19T20:48:28.424+0000][582.953s][info ][safepoint     ] Entering safepoint region: Cleanup
[2023-10-19T20:48:28.425+0000][582.953s][info ][safepoint     ] Leaving safepoint region
[2023-10-19T20:48:28.425+0000][582.954s][info ][safepoint     ] Total time for which application threads were stopped: 0.0013084 seconds, Stopping threads took: 0.0005168 seconds
[2023-10-19T20:48:29.426+0000][583.955s][debug][safepoint     ] Safepoint synchronization initiated. (177 threads)
[2023-10-19T20:48:29.426+0000][583.955s][info ][safepoint     ] Application time: 1.0008120 seconds
[2023-10-19T20:48:29.427+0000][583.956s][info ][safepoint     ] Entering safepoint region: Cleanup
[2023-10-19T20:48:29.428+0000][583.956s][info ][safepoint     ] Leaving safepoint region
[2023-10-19T20:48:29.428+0000][583.957s][info ][safepoint     ] Total time for which application threads were stopped: 0.0012291 seconds, Stopping threads took: 0.0005461 seconds
[2023-10-19T20:48:30.429+0000][584.958s][debug][safepoint     ] Safepoint synchronization initiated. (177 threads)
[2023-10-19T20:48:30.429+0000][584.958s][info ][safepoint     ] Application time: 1.0008374 seconds
[2023-10-19T20:48:30.430+0000][584.959s][info ][safepoint     ] Entering safepoint region: Cleanup
[2023-10-19T20:48:30.430+0000][584.959s][info ][safepoint     ] Leaving safepoint region
[2023-10-19T20:48:30.431+0000][584.960s][info ][safepoint     ] Total time for which application threads were stopped: 0.0011066 seconds, Stopping threads took: 0.0004019 seconds
[2023-10-19T20:48:31.431+0000][585.960s][debug][safepoint     ] Safepoint synchronization initiated. (177 threads)
[2023-10-19T20:48:31.432+0000][585.961s][info ][safepoint     ] Application time: 1.0008420 seconds
[2023-10-19T20:48:31.432+0000][585.961s][info ][safepoint     ] Entering safepoint region: Cleanup
[2023-10-19T20:48:31.433+0000][585.962s][info ][safepoint     ] Leaving safepoint region
[2023-10-19T20:48:31.434+0000][585.962s][info ][safepoint     ] Total time for which application threads were stopped: 0.0011899 seconds, Stopping threads took: 0.0004632 seconds
[2023-10-19T20:48:32.434+0000][586.963s][debug][safepoint     ] Safepoint synchronization initiated. (177 threads)
[2023-10-19T20:48:32.435+0000][586.963s][info ][safepoint     ] Application time: 1.0005764 seconds
[2023-10-19T20:48:32.435+0000][586.964s][info ][safepoint     ] Entering safepoint region: Cleanup
[2023-10-19T20:48:32.436+0000][586.964s][info ][safepoint     ] Leaving safepoint region
[2023-10-19T20:48:32.436+0000][586.965s][info ][safepoint     ] Total time for which application threads were stopped: 0.0010028 seconds, Stopping threads took: 0.0004466 seconds
[2023-10-19T20:48:33.437+0000][587.965s][debug][safepoint     ] Safepoint synchronization initiated. (177 threads)
[2023-10-19T20:48:33.437+0000][587.966s][info ][safepoint     ] Application time: 1.0005658 seconds
[2023-10-19T20:48:33.437+0000][587.966s][info ][safepoint     ] Entering safepoint region: Cleanup
[2023-10-19T20:48:33.438+0000][587.967s][info ][safepoint     ] Leaving safepoint region
[2023-10-19T20:48:33.438+0000][587.967s][info ][safepoint     ] Total time for which application threads were stopped: 0.0008306 seconds, Stopping threads took: 0.0003269 seconds
[2023-10-19T20:48:34.439+0000][588.967s][debug][safepoint     ] Safepoint synchronization initiated. (177 threads)
[2023-10-19T20:48:34.439+0000][588.968s][info ][safepoint     ] Application time: 1.0009463 seconds
[2023-10-19T20:48:34.440+0000][588.969s][info ][safepoint     ] Entering safepoint region: Cleanup
[2023-10-19T20:48:34.441+0000][588.969s][info ][safepoint     ] Leaving safepoint region
[2023-10-19T20:48:34.441+0000][588.970s][info ][safepoint     ] Total time for which application threads were stopped: 0.0010670 seconds, Stopping threads took: 0.0004666 seconds
[2023-10-19T20:48:35.442+0000][589.970s][debug][safepoint     ] Safepoint synchronization initiated. (177 threads)
[2023-10-19T20:48:35.442+0000][589.971s][info ][safepoint     ] Application time: 1.0005153 seconds
[2023-10-19T20:48:35.442+0000][589.971s][info ][safepoint     ] Entering safepoint region: Cleanup
[2023-10-19T20:48:35.443+0000][589.972s][info ][safepoint     ] Leaving safepoint region
[2023-10-19T20:48:35.443+0000][589.972s][info ][safepoint     ] Total time for which application threads were stopped: 0.0007727 seconds, Stopping threads took: 0.0003167 seconds
[2023-10-19T20:48:36.444+0000][590.972s][debug][safepoint     ] Safepoint synchronization initiated. (177 threads)
[2023-10-19T20:48:36.445+0000][590.974s][info ][safepoint     ] Application time: 1.0015310 seconds
[2023-10-19T20:48:36.446+0000][590.975s][info ][safepoint     ] Entering safepoint region: Cleanup
[2023-10-19T20:48:36.448+0000][590.976s][info ][safepoint     ] Leaving safepoint region
[2023-10-19T20:48:36.449+0000][590.978s][info ][safepoint     ] Total time for which application threads were stopped: 0.0027523 seconds, Stopping threads took: 0.0012029 seconds
[2023-10-19T20:48:37.450+0000][591.979s][debug][safepoint     ] Safepoint synchronization initiated. (177 threads)
[2023-10-19T20:48:37.451+0000][591.980s][info ][safepoint     ] Application time: 1.0014115 seconds
[2023-10-19T20:48:37.452+0000][591.981s][info ][safepoint     ] Entering safepoint region: Cleanup
[2023-10-19T20:48:37.454+0000][591.983s][info ][safepoint     ] Leaving safepoint region
[2023-10-19T20:48:37.455+0000][591.983s][info ][safepoint     ] Total time for which application threads were stopped: 0.0023993 seconds, Stopping threads took: 0.0011831 seconds
[2023-10-19T20:48:38.456+0000][592.985s][debug][safepoint     ] Safepoint synchronization initiated. (177 threads)
[2023-10-19T20:48:38.456+0000][592.985s][info ][safepoint     ] Application time: 1.0009638 seconds
[2023-10-19T20:48:38.457+0000][592.986s][info ][safepoint     ] Entering safepoint region: Cleanup
[2023-10-19T20:48:38.458+0000][592.987s][info ][safepoint     ] Leaving safepoint region
[2023-10-19T20:48:38.459+0000][592.987s][info ][safepoint     ] Total time for which application threads were stopped: 0.0017800 seconds, Stopping threads took: 0.0006937 seconds
[2023-10-19T20:48:39.459+0000][593.988s][debug][safepoint     ] Safepoint synchronization initiated. (177 threads)
[2023-10-19T20:48:39.460+0000][593.988s][info ][safepoint     ] Application time: 1.0006861 seconds
[2023-10-19T20:48:39.460+0000][593.989s][info ][safepoint     ] Entering safepoint region: Cleanup
[2023-10-19T20:48:39.461+0000][593.989s][info ][safepoint     ] Leaving safepoint region
[2023-10-19T20:48:39.461+0000][593.990s][info ][safepoint     ] Total time for which application threads were stopped: 0.0011326 seconds, Stopping threads took: 0.0004850 seconds
[2023-10-19T20:48:40.462+0000][594.990s][debug][safepoint     ] Safepoint synchronization initiated. (177 threads)
[2023-10-19T20:48:40.462+0000][594.991s][info ][safepoint     ] Application time: 1.0008306 seconds
[2023-10-19T20:48:40.463+0000][594.992s][info ][safepoint     ] Entering safepoint region: Cleanup
[2023-10-19T20:48:40.464+0000][594.992s][info ][safepoint     ] Leaving safepoint region
[2023-10-19T20:48:40.464+0000][594.993s][info ][safepoint     ] Total time for which application threads were stopped: 0.0010836 seconds, Stopping threads took: 0.0004970 seconds
[2023-10-19T20:48:41.464+0000][595.993s][debug][safepoint     ] Safepoint synchronization initiated. (177 threads)
[2023-10-19T20:48:41.465+0000][595.994s][info ][safepoint     ] Application time: 1.0004895 seconds
[2023-10-19T20:48:41.465+0000][595.994s][info ][safepoint     ] Entering safepoint region: Cleanup
[2023-10-19T20:48:41.466+0000][595.995s][info ][safepoint     ] Leaving safepoint region
[2023-10-19T20:48:41.466+0000][595.995s][info ][safepoint     ] Total time for which application threads were stopped: 0.0007816 seconds, Stopping threads took: 0.0003202 seconds
[2023-10-19T20:48:42.467+0000][596.995s][debug][safepoint     ] Safepoint synchronization initiated. (177 threads)
[2023-10-19T20:48:42.468+0000][596.997s][info ][safepoint     ] Application time: 1.0016378 seconds
[2023-10-19T20:48:42.469+0000][596.998s][info ][safepoint     ] Entering safepoint region: Cleanup
[2023-10-19T20:48:42.471+0000][596.999s][info ][safepoint     ] Leaving safepoint region
[2023-10-19T20:48:42.472+0000][597.000s][info ][safepoint     ] Total time for which application threads were stopped: 0.0024830 seconds, Stopping threads took: 0.0010220 seconds
[2023-10-19T20:48:43.473+0000][598.001s][debug][safepoint     ] Safepoint synchronization initiated. (177 threads)
[2023-10-19T20:48:43.474+0000][598.002s][info ][safepoint     ] Application time: 1.0012859 seconds
[2023-10-19T20:48:43.474+0000][598.003s][info ][safepoint     ] Entering safepoint region: Cleanup
[2023-10-19T20:48:43.475+0000][598.004s][info ][safepoint     ] Leaving safepoint region
[2023-10-19T20:48:43.476+0000][598.004s][info ][safepoint     ] Total time for which application threads were stopped: 0.0014840 seconds, Stopping threads took: 0.0004785 seconds
[2023-10-19T20:48:44.477+0000][599.006s][debug][safepoint     ] Safepoint synchronization initiated. (177 threads)
[2023-10-19T20:48:44.478+0000][599.007s][info ][safepoint     ] Application time: 1.0013777 seconds
[2023-10-19T20:48:44.479+0000][599.008s][info ][safepoint     ] Entering safepoint region: Cleanup
[2023-10-19T20:48:44.481+0000][599.009s][info ][safepoint     ] Leaving safepoint region
[2023-10-19T20:48:44.482+0000][599.010s][info ][safepoint     ] Total time for which application threads were stopped: 0.0025439 seconds, Stopping threads took: 0.0012310 seconds
[2023-10-19T20:48:45.482+0000][600.011s][debug][safepoint     ] Safepoint synchronization initiated. (177 threads)
[2023-10-19T20:48:45.483+0000][600.012s][info ][safepoint     ] Application time: 1.0007570 seconds
[2023-10-19T20:48:45.484+0000][600.012s][info ][safepoint     ] Entering safepoint region: Cleanup
[2023-10-19T20:48:45.484+0000][600.013s][info ][safepoint     ] Leaving safepoint region
[2023-10-19T20:48:45.485+0000][600.014s][info ][safepoint     ] Total time for which application threads were stopped: 0.0012477 seconds, Stopping threads took: 0.0005419 seconds
[2023-10-19T20:48:46.486+0000][601.014s][debug][safepoint     ] Safepoint synchronization initiated. (177 threads)
[2023-10-19T20:48:46.486+0000][601.015s][info ][safepoint     ] Application time: 1.0006006 seconds
[2023-10-19T20:48:46.486+0000][601.015s][info ][safepoint     ] Entering safepoint region: Cleanup
[2023-10-19T20:48:46.487+0000][601.016s][info ][safepoint     ] Leaving safepoint region
[2023-10-19T20:48:46.487+0000][601.016s][info ][safepoint     ] Total time for which application threads were stopped: 0.0009333 seconds, Stopping threads took: 0.0003963 seconds
[2023-10-19T20:48:47.488+0000][602.017s][debug][safepoint     ] Safepoint synchronization initiated. (177 threads)
[2023-10-19T20:48:47.489+0000][602.018s][info ][safepoint     ] Application time: 1.0014626 seconds
[2023-10-19T20:48:47.490+0000][602.019s][info ][safepoint     ] Entering safepoint region: Cleanup
[2023-10-19T20:48:47.491+0000][602.020s][info ][safepoint     ] Leaving safepoint region
[2023-10-19T20:48:47.492+0000][602.021s][info ][safepoint     ] Total time for which application threads were stopped: 0.0020970 seconds, Stopping threads took: 0.0009295 seconds
[2023-10-19T20:48:48.493+0000][603.022s][debug][safepoint     ] Safepoint synchronization initiated. (177 threads)
[2023-10-19T20:48:48.494+0000][603.023s][info ][safepoint     ] Application time: 1.0010495 seconds
[2023-10-19T20:48:48.495+0000][603.023s][info ][safepoint     ] Entering safepoint region: Cleanup
[2023-10-19T20:48:48.496+0000][603.024s][info ][safepoint     ] Leaving safepoint region
[2023-10-19T20:48:48.496+0000][603.025s][info ][safepoint     ] Total time for which application threads were stopped: 0.0015983 seconds, Stopping threads took: 0.0007881 seconds
[2023-10-19T20:48:49.497+0000][604.026s][debug][safepoint     ] Safepoint synchronization initiated. (177 threads)
[2023-10-19T20:48:49.498+0000][604.027s][info ][safepoint     ] Application time: 1.0010338 seconds
[2023-10-19T20:48:49.498+0000][604.027s][info ][safepoint     ] Entering safepoint region: Cleanup
[2023-10-19T20:48:49.499+0000][604.028s][info ][safepoint     ] Leaving safepoint region
[2023-10-19T20:48:49.500+0000][604.028s][info ][safepoint     ] Total time for which application threads were stopped: 0.0011796 seconds, Stopping threads took: 0.0004730 seconds
[2023-10-19T20:48:50.500+0000][605.029s][debug][safepoint     ] Safepoint synchronization initiated. (177 threads)
[2023-10-19T20:48:50.501+0000][605.030s][info ][safepoint     ] Application time: 1.0009383 seconds
[2023-10-19T20:48:50.502+0000][605.030s][info ][safepoint     ] Entering safepoint region: Cleanup
[2023-10-19T20:48:50.502+0000][605.031s][info ][safepoint     ] Leaving safepoint region
[2023-10-19T20:48:50.503+0000][605.032s][info ][safepoint     ] Total time for which application threads were stopped: 0.0013987 seconds, Stopping threads took: 0.0006327 seconds
[2023-10-19T20:48:51.504+0000][606.032s][debug][safepoint     ] Safepoint synchronization initiated. (177 threads)
[2023-10-19T20:48:51.504+0000][606.033s][info ][safepoint     ] Application time: 1.0005661 seconds
[2023-10-19T20:48:51.504+0000][606.033s][info ][safepoint     ] Entering safepoint region: Cleanup
[2023-10-19T20:48:51.505+0000][606.034s][info ][safepoint     ] Leaving safepoint region
[2023-10-19T20:48:51.505+0000][606.034s][info ][safepoint     ] Total time for which application threads were stopped: 0.0008207 seconds, Stopping threads took: 0.0003546 seconds
[2023-10-19T20:48:52.506+0000][607.034s][debug][safepoint     ] Safepoint synchronization initiated. (177 threads)
[2023-10-19T20:48:52.506+0000][607.035s][info ][safepoint     ] Application time: 1.0006807 seconds
[2023-10-19T20:48:52.507+0000][607.036s][info ][safepoint     ] Entering safepoint region: Cleanup
[2023-10-19T20:48:52.507+0000][607.036s][info ][safepoint     ] Leaving safepoint region
[2023-10-19T20:48:52.508+0000][607.036s][info ][safepoint     ] Total time for which application threads were stopped: 0.0009849 seconds, Stopping threads took: 0.0004141 seconds
[2023-10-19T20:48:53.508+0000][608.037s][debug][safepoint     ] Safepoint synchronization initiated. (177 threads)
[2023-10-19T20:48:53.509+0000][608.037s][info ][safepoint     ] Application time: 1.0005729 seconds
[2023-10-19T20:48:53.509+0000][608.038s][info ][safepoint     ] Entering safepoint region: Cleanup
[2023-10-19T20:48:53.509+0000][608.038s][info ][safepoint     ] Leaving safepoint region
[2023-10-19T20:48:53.510+0000][608.038s][info ][safepoint     ] Total time for which application threads were stopped: 0.0007423 seconds, Stopping threads took: 0.0003205 seconds
[2023-10-19T20:48:54.510+0000][609.039s][debug][safepoint     ] Safepoint synchronization initiated. (177 threads)
[2023-10-19T20:48:54.511+0000][609.039s][info ][safepoint     ] Application time: 1.0006683 seconds
[2023-10-19T20:48:54.511+0000][609.040s][info ][safepoint     ] Entering safepoint region: Cleanup
[2023-10-19T20:48:54.512+0000][609.040s][info ][safepoint     ] Leaving safepoint region
[2023-10-19T20:48:54.512+0000][609.041s][info ][safepoint     ] Total time for which application threads were stopped: 0.0008033 seconds, Stopping threads took: 0.0003521 seconds
[2023-10-19T20:48:55.512+0000][610.041s][debug][safepoint     ] Safepoint synchronization initiated. (177 threads)
[2023-10-19T20:48:55.514+0000][610.042s][info ][safepoint     ] Application time: 1.0016327 seconds
[2023-10-19T20:48:55.515+0000][610.044s][info ][safepoint     ] Entering safepoint region: Cleanup
[2023-10-19T20:48:55.516+0000][610.045s][info ][safepoint     ] Leaving safepoint region
[2023-10-19T20:48:55.517+0000][610.046s][info ][safepoint     ] Total time for which application threads were stopped: 0.0026769 seconds, Stopping threads took: 0.0011059 seconds
[2023-10-19T20:48:56.519+0000][611.047s][debug][safepoint     ] Safepoint synchronization initiated. (177 threads)
[2023-10-19T20:48:56.519+0000][611.048s][info ][safepoint     ] Application time: 1.0007036 seconds
[2023-10-19T20:48:56.520+0000][611.048s][info ][safepoint     ] Entering safepoint region: Cleanup
[2023-10-19T20:48:56.520+0000][611.049s][info ][safepoint     ] Leaving safepoint region
[2023-10-19T20:48:56.521+0000][611.049s][info ][safepoint     ] Total time for which application threads were stopped: 0.0010219 seconds, Stopping threads took: 0.0004352 seconds
[2023-10-19T20:48:57.521+0000][612.050s][debug][safepoint     ] Safepoint synchronization initiated. (177 threads)
[2023-10-19T20:48:57.522+0000][612.051s][info ][safepoint     ] Application time: 1.0012159 seconds
[2023-10-19T20:48:57.523+0000][612.052s][info ][safepoint     ] Entering safepoint region: Cleanup
[2023-10-19T20:48:57.524+0000][612.053s][info ][safepoint     ] Leaving safepoint region
[2023-10-19T20:48:57.525+0000][612.053s][info ][safepoint     ] Total time for which application threads were stopped: 0.0016211 seconds, Stopping threads took: 0.0007575 seconds
[2023-10-19T20:48:58.525+0000][613.054s][debug][safepoint     ] Safepoint synchronization initiated. (177 threads)
[2023-10-19T20:48:58.526+0000][613.055s][info ][safepoint     ] Application time: 1.0008251 seconds
[2023-10-19T20:48:58.526+0000][613.055s][info ][safepoint     ] Entering safepoint region: Cleanup
[2023-10-19T20:48:58.527+0000][613.056s][info ][safepoint     ] Leaving safepoint region
[2023-10-19T20:48:58.528+0000][613.056s][info ][safepoint     ] Total time for which application threads were stopped: 0.0013202 seconds, Stopping threads took: 0.0005985 seconds
[2023-10-19T20:48:59.528+0000][614.057s][debug][safepoint     ] Safepoint synchronization initiated. (177 threads)
[2023-10-19T20:48:59.529+0000][614.058s][info ][safepoint     ] Application time: 1.0009528 seconds
[2023-10-19T20:48:59.530+0000][614.059s][info ][safepoint     ] Entering safepoint region: Cleanup
[2023-10-19T20:48:59.531+0000][614.060s][info ][safepoint     ] Leaving safepoint region
[2023-10-19T20:48:59.532+0000][614.061s][info ][safepoint     ] Total time for which application threads were stopped: 0.0018002 seconds, Stopping threads took: 0.0008107 seconds
[2023-10-19T20:49:00.533+0000][615.061s][debug][safepoint     ] Safepoint synchronization initiated. (177 threads)
[2023-10-19T20:49:00.533+0000][615.062s][info ][safepoint     ] Application time: 1.0010723 seconds
[2023-10-19T20:49:00.534+0000][615.063s][info ][safepoint     ] Entering safepoint region: Cleanup
[2023-10-19T20:49:00.535+0000][615.063s][info ][safepoint     ] Leaving safepoint region
[2023-10-19T20:49:00.535+0000][615.064s][info ][safepoint     ] Total time for which application threads were stopped: 0.0011909 seconds, Stopping threads took: 0.0005566 seconds
[2023-10-19T20:49:01.536+0000][616.065s][debug][safepoint     ] Safepoint synchronization initiated. (177 threads)
[2023-10-19T20:49:01.537+0000][616.066s][info ][safepoint     ] Application time: 1.0015583 seconds
[2023-10-19T20:49:01.538+0000][616.067s][info ][safepoint     ] Entering safepoint region: Cleanup
[2023-10-19T20:49:01.540+0000][616.068s][info ][safepoint     ] Leaving safepoint region
[2023-10-19T20:49:01.540+0000][616.069s][info ][safepoint     ] Total time for which application threads were stopped: 0.0023332 seconds, Stopping threads took: 0.0010915 seconds
[2023-10-19T20:49:02.542+0000][617.070s][debug][safepoint     ] Safepoint synchronization initiated. (177 threads)
[2023-10-19T20:49:02.543+0000][617.072s][info ][safepoint     ] Application time: 1.0015390 seconds
[2023-10-19T20:49:02.544+0000][617.073s][info ][safepoint     ] Entering safepoint region: Cleanup
[2023-10-19T20:49:02.545+0000][617.074s][info ][safepoint     ] Leaving safepoint region
[2023-10-19T20:49:02.546+0000][617.075s][info ][safepoint     ] Total time for which application threads were stopped: 0.0022496 seconds, Stopping threads took: 0.0009057 seconds
[2023-10-19T20:49:03.547+0000][618.076s][debug][safepoint     ] Safepoint synchronization initiated. (177 threads)
[2023-10-19T20:49:03.548+0000][618.077s][info ][safepoint     ] Application time: 1.0009509 seconds
[2023-10-19T20:49:03.549+0000][618.077s][info ][safepoint     ] Entering safepoint region: Cleanup
[2023-10-19T20:49:03.549+0000][618.078s][info ][safepoint     ] Leaving safepoint region
[2023-10-19T20:49:03.549+0000][618.078s][info ][safepoint     ] Total time for which application threads were stopped: 0.0008420 seconds, Stopping threads took: 0.0003564 seconds
[2023-10-19T20:49:04.550+0000][619.079s][debug][safepoint     ] Safepoint synchronization initiated. (177 threads)
[2023-10-19T20:49:04.551+0000][619.079s][info ][safepoint     ] Application time: 1.0009839 seconds
[2023-10-19T20:49:04.551+0000][619.080s][info ][safepoint     ] Entering safepoint region: Cleanup
[2023-10-19T20:49:04.552+0000][619.081s][info ][safepoint     ] Leaving safepoint region
[2023-10-19T20:49:04.553+0000][619.082s][info ][safepoint     ] Total time for which application threads were stopped: 0.0014945 seconds, Stopping threads took: 0.0006970 seconds
[2023-10-19T20:49:05.554+0000][620.082s][debug][safepoint     ] Safepoint synchronization initiated. (177 threads)
[2023-10-19T20:49:05.554+0000][620.083s][info ][safepoint     ] Application time: 1.0009784 seconds
[2023-10-19T20:49:05.555+0000][620.084s][info ][safepoint     ] Entering safepoint region: Cleanup
[2023-10-19T20:49:05.556+0000][620.085s][info ][safepoint     ] Leaving safepoint region
[2023-10-19T20:49:05.557+0000][620.086s][info ][safepoint     ] Total time for which application threads were stopped: 0.0018721 seconds, Stopping threads took: 0.0008511 seconds
[2023-10-19T20:49:06.559+0000][621.088s][debug][safepoint     ] Safepoint synchronization initiated. (177 threads)
[2023-10-19T20:49:06.560+0000][621.089s][info ][safepoint     ] Application time: 1.0013337 seconds
[2023-10-19T20:49:06.561+0000][621.090s][info ][safepoint     ] Entering safepoint region: Cleanup
[2023-10-19T20:49:06.562+0000][621.091s][info ][safepoint     ] Leaving safepoint region
[2023-10-19T20:49:06.563+0000][621.092s][info ][safepoint     ] Total time for which application threads were stopped: 0.0021669 seconds, Stopping threads took: 0.0008834 seconds
[2023-10-19T20:49:07.564+0000][622.093s][debug][safepoint     ] Safepoint synchronization initiated. (177 threads)
[2023-10-19T20:49:07.565+0000][622.094s][info ][safepoint     ] Application time: 1.0007789 seconds
[2023-10-19T20:49:07.566+0000][622.094s][info ][safepoint     ] Entering safepoint region: Cleanup
[2023-10-19T20:49:07.567+0000][622.095s][info ][safepoint     ] Leaving safepoint region
[2023-10-19T20:49:07.567+0000][622.096s][info ][safepoint     ] Total time for which application threads were stopped: 0.0014333 seconds, Stopping threads took: 0.0007114 seconds
[2023-10-19T20:49:08.568+0000][623.097s][debug][safepoint     ] Safepoint synchronization initiated. (177 threads)
[2023-10-19T20:49:08.569+0000][623.098s][info ][safepoint     ] Application time: 1.0015139 seconds
[2023-10-19T20:49:08.570+0000][623.099s][info ][safepoint     ] Entering safepoint region: Cleanup
[2023-10-19T20:49:08.571+0000][623.100s][info ][safepoint     ] Leaving safepoint region
[2023-10-19T20:49:08.572+0000][623.101s][info ][safepoint     ] Total time for which application threads were stopped: 0.0021896 seconds, Stopping threads took: 0.0009700 seconds
[2023-10-19T20:49:09.573+0000][624.102s][debug][safepoint     ] Safepoint synchronization initiated. (177 threads)
[2023-10-19T20:49:09.574+0000][624.103s][info ][safepoint     ] Application time: 1.0014416 seconds
[2023-10-19T20:49:09.575+0000][624.104s][info ][safepoint     ] Entering safepoint region: Cleanup
[2023-10-19T20:49:09.577+0000][624.106s][info ][safepoint     ] Leaving safepoint region
[2023-10-19T20:49:09.578+0000][624.107s][info ][safepoint     ] Total time for which application threads were stopped: 0.0024971 seconds, Stopping threads took: 0.0011956 seconds
[2023-10-19T20:49:10.579+0000][625.108s][debug][safepoint     ] Safepoint synchronization initiated. (177 threads)
[2023-10-19T20:49:10.580+0000][625.109s][info ][safepoint     ] Application time: 1.0016364 seconds
[2023-10-19T20:49:10.582+0000][625.110s][info ][safepoint     ] Entering safepoint region: Cleanup
[2023-10-19T20:49:10.583+0000][625.112s][info ][safepoint     ] Leaving safepoint region
[2023-10-19T20:49:10.584+0000][625.113s][info ][safepoint     ] Total time for which application threads were stopped: 0.0026193 seconds, Stopping threads took: 0.0011471 seconds
[2023-10-19T20:49:11.585+0000][626.114s][debug][safepoint     ] Safepoint synchronization initiated. (177 threads)
[2023-10-19T20:49:11.586+0000][626.114s][info ][safepoint     ] Application time: 1.0006848 seconds
[2023-10-19T20:49:11.586+0000][626.115s][info ][safepoint     ] Entering safepoint region: Cleanup
[2023-10-19T20:49:11.587+0000][626.116s][info ][safepoint     ] Leaving safepoint region
[2023-10-19T20:49:11.588+0000][626.116s][info ][safepoint     ] Total time for which application threads were stopped: 0.0014075 seconds, Stopping threads took: 0.0005933 seconds
[2023-10-19T20:49:12.588+0000][627.117s][debug][safepoint     ] Safepoint synchronization initiated. (177 threads)
[2023-10-19T20:49:12.590+0000][627.119s][info ][safepoint     ] Application time: 1.0018221 seconds
[2023-10-19T20:49:12.591+0000][627.120s][info ][safepoint     ] Entering safepoint region: Cleanup
[2023-10-19T20:49:12.593+0000][627.121s][info ][safepoint     ] Leaving safepoint region
[2023-10-19T20:49:12.594+0000][627.122s][info ][safepoint     ] Total time for which application threads were stopped: 0.0025810 seconds, Stopping threads took: 0.0011033 seconds
[2023-10-19T20:49:13.595+0000][628.123s][debug][safepoint     ] Safepoint synchronization initiated. (177 threads)
[2023-10-19T20:49:13.595+0000][628.124s][info ][safepoint     ] Application time: 1.0008377 seconds
[2023-10-19T20:49:13.596+0000][628.125s][info ][safepoint     ] Entering safepoint region: Cleanup
[2023-10-19T20:49:13.597+0000][628.125s][info ][safepoint     ] Leaving safepoint region
[2023-10-19T20:49:13.597+0000][628.126s][info ][safepoint     ] Total time for which application threads were stopped: 0.0012478 seconds, Stopping threads took: 0.0005615 seconds
[2023-10-19T20:49:14.598+0000][629.127s][debug][safepoint     ] Safepoint synchronization initiated. (177 threads)
[2023-10-19T20:49:14.599+0000][629.128s][info ][safepoint     ] Application time: 1.0017189 seconds
[2023-10-19T20:49:14.600+0000][629.129s][info ][safepoint     ] Entering safepoint region: Cleanup
[2023-10-19T20:49:14.602+0000][629.130s][info ][safepoint     ] Leaving safepoint region
[2023-10-19T20:49:14.603+0000][629.131s][info ][safepoint     ] Total time for which application threads were stopped: 0.0022389 seconds, Stopping threads took: 0.0010742 seconds
[2023-10-19T20:49:15.604+0000][630.133s][debug][safepoint     ] Safepoint synchronization initiated. (177 threads)
[2023-10-19T20:49:15.604+0000][630.133s][info ][safepoint     ] Application time: 1.0008120 seconds
[2023-10-19T20:49:15.605+0000][630.134s][info ][safepoint     ] Entering safepoint region: Cleanup
[2023-10-19T20:49:15.605+0000][630.134s][info ][safepoint     ] Leaving safepoint region
[2023-10-19T20:49:15.606+0000][630.135s][info ][safepoint     ] Total time for which application threads were stopped: 0.0010421 seconds, Stopping threads took: 0.0004319 seconds
[2023-10-19T20:49:16.606+0000][631.135s][debug][safepoint     ] Safepoint synchronization initiated. (177 threads)
[2023-10-19T20:49:16.607+0000][631.136s][info ][safepoint     ] Application time: 1.0009253 seconds
[2023-10-19T20:49:16.608+0000][631.137s][info ][safepoint     ] Entering safepoint region: Cleanup
[2023-10-19T20:49:16.609+0000][631.137s][info ][safepoint     ] Leaving safepoint region
[2023-10-19T20:49:16.609+0000][631.138s][info ][safepoint     ] Total time for which application threads were stopped: 0.0012253 seconds, Stopping threads took: 0.0006273 seconds
[2023-10-19T20:49:17.610+0000][632.138s][debug][safepoint     ] Safepoint synchronization initiated. (177 threads)
[2023-10-19T20:49:17.610+0000][632.139s][info ][safepoint     ] Application time: 1.0006655 seconds
[2023-10-19T20:49:17.611+0000][632.139s][info ][safepoint     ] Entering safepoint region: Cleanup
[2023-10-19T20:49:17.611+0000][632.140s][info ][safepoint     ] Leaving safepoint region
[2023-10-19T20:49:17.612+0000][632.141s][info ][safepoint     ] Total time for which application threads were stopped: 0.0012463 seconds, Stopping threads took: 0.0005752 seconds
[2023-10-19T20:49:18.613+0000][633.141s][debug][safepoint     ] Safepoint synchronization initiated. (177 threads)
[2023-10-19T20:49:18.614+0000][633.143s][info ][safepoint     ] Application time: 1.0016356 seconds
[2023-10-19T20:49:18.615+0000][633.144s][info ][safepoint     ] Entering safepoint region: Cleanup
[2023-10-19T20:49:18.616+0000][633.145s][info ][safepoint     ] Leaving safepoint region
[2023-10-19T20:49:18.617+0000][633.146s][info ][safepoint     ] Total time for which application threads were stopped: 0.0022798 seconds, Stopping threads took: 0.0010441 seconds
[2023-10-19T20:49:19.618+0000][634.147s][debug][safepoint     ] Safepoint synchronization initiated. (177 threads)
[2023-10-19T20:49:19.619+0000][634.147s][info ][safepoint     ] Application time: 1.0008401 seconds
[2023-10-19T20:49:19.619+0000][634.148s][info ][safepoint     ] Entering safepoint region: Cleanup
[2023-10-19T20:49:19.620+0000][634.148s][info ][safepoint     ] Leaving safepoint region
[2023-10-19T20:49:19.620+0000][634.149s][info ][safepoint     ] Total time for which application threads were stopped: 0.0011524 seconds, Stopping threads took: 0.0004640 seconds
[2023-10-19T20:49:20.621+0000][635.150s][debug][safepoint     ] Safepoint synchronization initiated. (177 threads)
[2023-10-19T20:49:20.621+0000][635.150s][info ][safepoint     ] Application time: 1.0007483 seconds
[2023-10-19T20:49:20.622+0000][635.151s][info ][safepoint     ] Entering safepoint region: Cleanup
[2023-10-19T20:49:20.623+0000][635.151s][info ][safepoint     ] Leaving safepoint region
[2023-10-19T20:49:20.623+0000][635.152s][info ][safepoint     ] Total time for which application threads were stopped: 0.0010652 seconds, Stopping threads took: 0.0005009 seconds
[2023-10-19T20:49:21.623+0000][636.152s][debug][safepoint     ] Safepoint synchronization initiated. (177 threads)
[2023-10-19T20:49:21.624+0000][636.153s][info ][safepoint     ] Application time: 1.0005333 seconds
[2023-10-19T20:49:21.624+0000][636.153s][info ][safepoint     ] Entering safepoint region: Cleanup
[2023-10-19T20:49:21.625+0000][636.154s][info ][safepoint     ] Leaving safepoint region
[2023-10-19T20:49:21.625+0000][636.154s][info ][safepoint     ] Total time for which application threads were stopped: 0.0008355 seconds, Stopping threads took: 0.0003510 seconds
[2023-10-19T20:49:22.626+0000][637.154s][debug][safepoint     ] Safepoint synchronization initiated. (177 threads)
[2023-10-19T20:49:22.626+0000][637.155s][info ][safepoint     ] Application time: 1.0006287 seconds
[2023-10-19T20:49:22.626+0000][637.155s][info ][safepoint     ] Entering safepoint region: Cleanup
[2023-10-19T20:49:22.627+0000][637.156s][info ][safepoint     ] Leaving safepoint region
[2023-10-19T20:49:22.627+0000][637.156s][info ][safepoint     ] Total time for which application threads were stopped: 0.0010158 seconds, Stopping threads took: 0.0004379 seconds
[2023-10-19T20:49:23.627+0000][638.157s][debug][safepoint     ] Safepoint synchronization initiated. (177 threads)
[2023-10-19T20:49:23.628+0000][638.157s][info ][safepoint     ] Application time: 1.0008629 seconds
[2023-10-19T20:49:23.629+0000][638.158s][info ][safepoint     ] Entering safepoint region: Cleanup
[2023-10-19T20:49:23.629+0000][638.159s][info ][safepoint     ] Leaving safepoint region
[2023-10-19T20:49:23.630+0000][638.159s][info ][safepoint     ] Total time for which application threads were stopped: 0.0013559 seconds, Stopping threads took: 0.0006003 seconds
[2023-10-19T20:49:23.629+0000][638.159s][debug][safepoint     ] ... found polling page return exception at pc = 0x00007fbdb0cb92c4, stub =0x00007fbda8840600
[2023-10-19T20:49:23.629+0000][638.159s][debug][safepoint     ] ... found polling page return exception at pc = 0x00007fbdb0cb92c4, stub =0x00007fbda8840600
[2023-10-19T20:49:23.629+0000][638.159s][debug][safepoint     ] ... found polling page return exception at pc = 0x00007fbdb0cb92c4, stub =0x00007fbda8840600
[2023-10-19T20:49:24.631+0000][639.160s][debug][safepoint     ] Safepoint synchronization initiated. (177 threads)
[2023-10-19T20:49:24.631+0000][639.161s][info ][safepoint     ] Application time: 1.0009116 seconds
[2023-10-19T20:49:24.632+0000][639.161s][info ][safepoint     ] Entering safepoint region: Cleanup
[2023-10-19T20:49:24.633+0000][639.162s][info ][safepoint     ] Leaving safepoint region
[2023-10-19T20:49:24.633+0000][639.162s][info ][safepoint     ] Total time for which application threads were stopped: 0.0012481 seconds, Stopping threads took: 0.0005335 seconds
[2023-10-19T20:49:25.634+0000][640.163s][debug][safepoint     ] Safepoint synchronization initiated. (177 threads)
[2023-10-19T20:49:25.634+0000][640.164s][info ][safepoint     ] Application time: 1.0008159 seconds
[2023-10-19T20:49:25.635+0000][640.164s][info ][safepoint     ] Entering safepoint region: Cleanup
[2023-10-19T20:49:25.636+0000][640.165s][info ][safepoint     ] Leaving safepoint region
[2023-10-19T20:49:25.637+0000][640.166s][info ][safepoint     ] Total time for which application threads were stopped: 0.0014183 seconds, Stopping threads took: 0.0006676 seconds
[2023-10-19T20:49:26.637+0000][641.167s][debug][safepoint     ] Safepoint synchronization initiated. (177 threads)
[2023-10-19T20:49:26.638+0000][641.168s][info ][safepoint     ] Application time: 1.0012385 seconds
[2023-10-19T20:49:26.639+0000][641.168s][info ][safepoint     ] Entering safepoint region: Cleanup
[2023-10-19T20:49:26.640+0000][641.170s][info ][safepoint     ] Leaving safepoint region
[2023-10-19T20:49:26.641+0000][641.170s][info ][safepoint     ] Total time for which application threads were stopped: 0.0020033 seconds, Stopping threads took: 0.0008250 seconds
[2023-10-19T20:49:27.642+0000][642.171s][debug][safepoint     ] Safepoint synchronization initiated. (177 threads)
[2023-10-19T20:49:27.643+0000][642.172s][info ][safepoint     ] Application time: 1.0010269 seconds
[2023-10-19T20:49:27.644+0000][642.173s][info ][safepoint     ] Entering safepoint region: Cleanup
[2023-10-19T20:49:27.645+0000][642.174s][info ][safepoint     ] Leaving safepoint region
[2023-10-19T20:49:27.645+0000][642.175s][info ][safepoint     ] Total time for which application threads were stopped: 0.0018432 seconds, Stopping threads took: 0.0008570 seconds
[2023-10-19T20:49:28.646+0000][643.176s][debug][safepoint     ] Safepoint synchronization initiated. (177 threads)
[2023-10-19T20:49:28.647+0000][643.176s][info ][safepoint     ] Application time: 1.0010434 seconds
[2023-10-19T20:49:28.648+0000][643.177s][info ][safepoint     ] Entering safepoint region: Cleanup
[2023-10-19T20:49:28.649+0000][643.178s][info ][safepoint     ] Leaving safepoint region
[2023-10-19T20:49:28.649+0000][643.178s][info ][safepoint     ] Total time for which application threads were stopped: 0.0013059 seconds, Stopping threads took: 0.0006720 seconds
[2023-10-19T20:49:29.650+0000][644.179s][debug][safepoint     ] Safepoint synchronization initiated. (177 threads)
[2023-10-19T20:49:29.651+0000][644.180s][info ][safepoint     ] Application time: 1.0009685 seconds
[2023-10-19T20:49:29.651+0000][644.181s][info ][safepoint     ] Entering safepoint region: Cleanup
[2023-10-19T20:49:29.652+0000][644.181s][info ][safepoint     ] Leaving safepoint region
[2023-10-19T20:49:29.652+0000][644.182s][info ][safepoint     ] Total time for which application threads were stopped: 0.0010912 seconds, Stopping threads took: 0.0005108 seconds
[2023-10-19T20:49:30.653+0000][645.182s][debug][safepoint     ] Safepoint synchronization initiated. (177 threads)
[2023-10-19T20:49:30.654+0000][645.183s][info ][safepoint     ] Application time: 1.0011462 seconds
[2023-10-19T20:49:30.654+0000][645.184s][info ][safepoint     ] Entering safepoint region: Cleanup
[2023-10-19T20:49:30.655+0000][645.185s][info ][safepoint     ] Leaving safepoint region
[2023-10-19T20:49:30.656+0000][645.185s][info ][safepoint     ] Total time for which application threads were stopped: 0.0016518 seconds, Stopping threads took: 0.0007492 seconds
[2023-10-19T20:49:31.657+0000][646.186s][debug][safepoint     ] Safepoint synchronization initiated. (177 threads)
[2023-10-19T20:49:31.658+0000][646.187s][info ][safepoint     ] Application time: 1.0009228 seconds
[2023-10-19T20:49:31.658+0000][646.187s][info ][safepoint     ] Entering safepoint region: Cleanup
[2023-10-19T20:49:31.659+0000][646.188s][info ][safepoint     ] Leaving safepoint region
[2023-10-19T20:49:31.659+0000][646.189s][info ][safepoint     ] Total time for which application threads were stopped: 0.0011429 seconds, Stopping threads took: 0.0004846 seconds
[2023-10-19T20:49:32.660+0000][647.189s][debug][safepoint     ] Safepoint synchronization initiated. (177 threads)
[2023-10-19T20:49:32.661+0000][647.190s][info ][safepoint     ] Application time: 1.0010345 seconds
[2023-10-19T20:49:32.662+0000][647.191s][info ][safepoint     ] Entering safepoint region: Cleanup
[2023-10-19T20:49:32.662+0000][647.192s][info ][safepoint     ] Leaving safepoint region
[2023-10-19T20:49:32.663+0000][647.192s][info ][safepoint     ] Total time for which application threads were stopped: 0.0012493 seconds, Stopping threads took: 0.0005663 seconds
[2023-10-19T20:49:33.663+0000][648.193s][debug][safepoint     ] Safepoint synchronization initiated. (177 threads)
[2023-10-19T20:49:33.664+0000][648.193s][info ][safepoint     ] Application time: 1.0006401 seconds
[2023-10-19T20:49:33.664+0000][648.194s][info ][safepoint     ] Entering safepoint region: Cleanup
[2023-10-19T20:49:33.665+0000][648.194s][info ][safepoint     ] Leaving safepoint region
[2023-10-19T20:49:33.665+0000][648.194s][info ][safepoint     ] Total time for which application threads were stopped: 0.0008664 seconds, Stopping threads took: 0.0003717 seconds
[2023-10-19T20:49:34.666+0000][649.195s][debug][safepoint     ] Safepoint synchronization initiated. (177 threads)
[2023-10-19T20:49:34.667+0000][649.196s][info ][safepoint     ] Application time: 1.0015960 seconds
[2023-10-19T20:49:34.668+0000][649.198s][info ][safepoint     ] Entering safepoint region: Cleanup
[2023-10-19T20:49:34.670+0000][649.199s][info ][safepoint     ] Leaving safepoint region
[2023-10-19T20:49:34.671+0000][649.200s][info ][safepoint     ] Total time for which application threads were stopped: 0.0025442 seconds, Stopping threads took: 0.0011909 seconds
[2023-10-19T20:49:35.672+0000][650.201s][debug][safepoint     ] Safepoint synchronization initiated. (177 threads)
[2023-10-19T20:49:35.673+0000][650.202s][info ][safepoint     ] Application time: 1.0011897 seconds
[2023-10-19T20:49:35.674+0000][650.203s][info ][safepoint     ] Entering safepoint region: Cleanup
[2023-10-19T20:49:35.674+0000][650.204s][info ][safepoint     ] Leaving safepoint region
[2023-10-19T20:49:35.675+0000][650.204s][info ][safepoint     ] Total time for which application threads were stopped: 0.0013410 seconds, Stopping threads took: 0.0004781 seconds
[2023-10-19T20:49:36.676+0000][651.205s][debug][safepoint     ] Safepoint synchronization initiated. (177 threads)
[2023-10-19T20:49:36.676+0000][651.206s][info ][safepoint     ] Application time: 1.0006660 seconds
[2023-10-19T20:49:36.677+0000][651.206s][info ][safepoint     ] Entering safepoint region: Cleanup
[2023-10-19T20:49:36.677+0000][651.207s][info ][safepoint     ] Leaving safepoint region
[2023-10-19T20:49:36.678+0000][651.207s][info ][safepoint     ] Total time for which application threads were stopped: 0.0010869 seconds, Stopping threads took: 0.0004548 seconds
[2023-10-19T20:49:37.678+0000][652.208s][debug][safepoint     ] Safepoint synchronization initiated. (177 threads)
[2023-10-19T20:49:37.679+0000][652.208s][info ][safepoint     ] Application time: 1.0008120 seconds
[2023-10-19T20:49:37.679+0000][652.209s][info ][safepoint     ] Entering safepoint region: Cleanup
[2023-10-19T20:49:37.680+0000][652.209s][info ][safepoint     ] Leaving safepoint region
[2023-10-19T20:49:37.681+0000][652.210s][info ][safepoint     ] Total time for which application threads were stopped: 0.0012034 seconds, Stopping threads took: 0.0005299 seconds
[2023-10-19T20:49:38.681+0000][653.211s][debug][safepoint     ] Safepoint synchronization initiated. (177 threads)
[2023-10-19T20:49:38.682+0000][653.212s][info ][safepoint     ] Application time: 1.0013341 seconds
[2023-10-19T20:49:38.683+0000][653.213s][info ][safepoint     ] Entering safepoint region: Cleanup
[2023-10-19T20:49:38.684+0000][653.214s][info ][safepoint     ] Leaving safepoint region
[2023-10-19T20:49:38.685+0000][653.214s][info ][safepoint     ] Total time for which application threads were stopped: 0.0018681 seconds, Stopping threads took: 0.0007805 seconds
[2023-10-19T20:49:39.686+0000][654.215s][debug][safepoint     ] Safepoint synchronization initiated. (177 threads)
[2023-10-19T20:49:39.687+0000][654.216s][info ][safepoint     ] Application time: 1.0007051 seconds
[2023-10-19T20:49:39.687+0000][654.216s][info ][safepoint     ] Entering safepoint region: Cleanup
[2023-10-19T20:49:39.688+0000][654.217s][info ][safepoint     ] Leaving safepoint region
[2023-10-19T20:49:39.688+0000][654.218s][info ][safepoint     ] Total time for which application threads were stopped: 0.0012219 seconds, Stopping threads took: 0.0005209 seconds
[2023-10-19T20:49:40.689+0000][655.218s][debug][safepoint     ] Safepoint synchronization initiated. (177 threads)
[2023-10-19T20:49:40.690+0000][655.219s][info ][safepoint     ] Application time: 1.0010643 seconds
[2023-10-19T20:49:40.691+0000][655.220s][info ][safepoint     ] Entering safepoint region: Cleanup
[2023-10-19T20:49:40.691+0000][655.221s][info ][safepoint     ] Leaving safepoint region
[2023-10-19T20:49:40.692+0000][655.221s][info ][safepoint     ] Total time for which application threads were stopped: 0.0014176 seconds, Stopping threads took: 0.0006674 seconds
[2023-10-19T20:49:41.693+0000][656.222s][debug][safepoint     ] Safepoint synchronization initiated. (177 threads)
[2023-10-19T20:49:41.694+0000][656.223s][info ][safepoint     ] Application time: 1.0013816 seconds
[2023-10-19T20:49:41.695+0000][656.224s][info ][safepoint     ] Entering safepoint region: Cleanup
[2023-10-19T20:49:41.696+0000][656.226s][info ][safepoint     ] Leaving safepoint region
[2023-10-19T20:49:41.697+0000][656.227s][info ][safepoint     ] Total time for which application threads were stopped: 0.0026487 seconds, Stopping threads took: 0.0011566 seconds
[2023-10-19T20:49:42.698+0000][657.228s][debug][safepoint     ] Safepoint synchronization initiated. (177 threads)
[2023-10-19T20:49:42.699+0000][657.228s][info ][safepoint     ] Application time: 1.0008130 seconds
[2023-10-19T20:49:42.700+0000][657.229s][info ][safepoint     ] Entering safepoint region: Cleanup
[2023-10-19T20:49:42.700+0000][657.230s][info ][safepoint     ] Leaving safepoint region
[2023-10-19T20:49:42.701+0000][657.230s][info ][safepoint     ] Total time for which application threads were stopped: 0.0011658 seconds, Stopping threads took: 0.0005418 seconds
[2023-10-19T20:49:43.701+0000][658.231s][debug][safepoint     ] Safepoint synchronization initiated. (177 threads)
[2023-10-19T20:49:43.702+0000][658.232s][info ][safepoint     ] Application time: 1.0010221 seconds
[2023-10-19T20:49:43.703+0000][658.232s][info ][safepoint     ] Entering safepoint region: Cleanup
[2023-10-19T20:49:43.704+0000][658.233s][info ][safepoint     ] Leaving safepoint region
[2023-10-19T20:49:43.705+0000][658.234s][info ][safepoint     ] Total time for which application threads were stopped: 0.0018357 seconds, Stopping threads took: 0.0007474 seconds
[2023-10-19T20:49:44.705+0000][659.235s][debug][safepoint     ] Safepoint synchronization initiated. (177 threads)
[2023-10-19T20:49:44.706+0000][659.235s][info ][safepoint     ] Application time: 1.0007405 seconds
[2023-10-19T20:49:44.707+0000][659.236s][info ][safepoint     ] Entering safepoint region: Cleanup
[2023-10-19T20:49:44.707+0000][659.237s][info ][safepoint     ] Leaving safepoint region
[2023-10-19T20:49:44.708+0000][659.237s][info ][safepoint     ] Total time for which application threads were stopped: 0.0013311 seconds, Stopping threads took: 0.0006580 seconds
[2023-10-19T20:49:45.708+0000][660.238s][debug][safepoint     ] Safepoint synchronization initiated. (177 threads)
[2023-10-19T20:49:45.709+0000][660.238s][info ][safepoint     ] Application time: 1.0005273 seconds
[2023-10-19T20:49:45.709+0000][660.239s][info ][safepoint     ] Entering safepoint region: Cleanup
[2023-10-19T20:49:45.710+0000][660.239s][info ][safepoint     ] Leaving safepoint region
[2023-10-19T20:49:45.711+0000][660.240s][info ][safepoint     ] Total time for which application threads were stopped: 0.0012268 seconds, Stopping threads took: 0.0006195 seconds
[2023-10-19T20:49:46.711+0000][661.240s][debug][safepoint     ] Safepoint synchronization initiated. (177 threads)
[2023-10-19T20:49:46.712+0000][661.242s][info ][safepoint     ] Application time: 1.0014539 seconds
[2023-10-19T20:49:46.714+0000][661.243s][info ][safepoint     ] Entering safepoint region: Cleanup
[2023-10-19T20:49:46.715+0000][661.244s][info ][safepoint     ] Leaving safepoint region
[2023-10-19T20:49:46.716+0000][661.245s][info ][safepoint     ] Total time for which application threads were stopped: 0.0023700 seconds, Stopping threads took: 0.0008837 seconds
[2023-10-19T20:49:47.717+0000][662.247s][debug][safepoint     ] Safepoint synchronization initiated. (177 threads)
[2023-10-19T20:49:47.719+0000][662.248s][info ][safepoint     ] Application time: 1.0015779 seconds
[2023-10-19T20:49:47.720+0000][662.249s][info ][safepoint     ] Entering safepoint region: Cleanup
[2023-10-19T20:49:47.721+0000][662.250s][info ][safepoint     ] Leaving safepoint region
[2023-10-19T20:49:47.722+0000][662.251s][info ][safepoint     ] Total time for which application threads were stopped: 0.0021780 seconds, Stopping threads took: 0.0010260 seconds
[2023-10-19T20:49:48.723+0000][663.252s][debug][safepoint     ] Safepoint synchronization initiated. (177 threads)
[2023-10-19T20:49:48.723+0000][663.253s][info ][safepoint     ] Application time: 1.0008011 seconds
[2023-10-19T20:49:48.724+0000][663.253s][info ][safepoint     ] Entering safepoint region: Cleanup
[2023-10-19T20:49:48.725+0000][663.254s][info ][safepoint     ] Leaving safepoint region
[2023-10-19T20:49:48.725+0000][663.254s][info ][safepoint     ] Total time for which application threads were stopped: 0.0013460 seconds, Stopping threads took: 0.0006122 seconds
[2023-10-19T20:49:49.726+0000][664.255s][debug][safepoint     ] Safepoint synchronization initiated. (177 threads)
[2023-10-19T20:49:49.727+0000][664.256s][info ][safepoint     ] Application time: 1.0010630 seconds
[2023-10-19T20:49:49.727+0000][664.257s][info ][safepoint     ] Entering safepoint region: Cleanup
[2023-10-19T20:49:49.728+0000][664.258s][info ][safepoint     ] Leaving safepoint region
[2023-10-19T20:49:49.729+0000][664.258s][info ][safepoint     ] Total time for which application threads were stopped: 0.0015724 seconds, Stopping threads took: 0.0006128 seconds
[2023-10-19T20:49:50.730+0000][665.259s][debug][safepoint     ] Safepoint synchronization initiated. (177 threads)
[2023-10-19T20:49:50.731+0000][665.260s][info ][safepoint     ] Application time: 1.0011636 seconds
[2023-10-19T20:49:50.732+0000][665.261s][info ][safepoint     ] Entering safepoint region: Cleanup
[2023-10-19T20:49:50.733+0000][665.262s][info ][safepoint     ] Leaving safepoint region
[2023-10-19T20:49:50.733+0000][665.263s][info ][safepoint     ] Total time for which application threads were stopped: 0.0018842 seconds, Stopping threads took: 0.0008268 seconds
[2023-10-19T20:49:51.734+0000][666.264s][debug][safepoint     ] Safepoint synchronization initiated. (177 threads)
[2023-10-19T20:49:51.735+0000][666.264s][info ][safepoint     ] Application time: 1.0008199 seconds
[2023-10-19T20:49:51.735+0000][666.265s][info ][safepoint     ] Entering safepoint region: Cleanup
[2023-10-19T20:49:51.736+0000][666.265s][info ][safepoint     ] Leaving safepoint region
[2023-10-19T20:49:51.737+0000][666.266s][info ][safepoint     ] Total time for which application threads were stopped: 0.0011304 seconds, Stopping threads took: 0.0004921 seconds
[2023-10-19T20:49:52.738+0000][667.267s][debug][safepoint     ] Safepoint synchronization initiated. (177 threads)
[2023-10-19T20:49:52.738+0000][667.267s][info ][safepoint     ] Application time: 1.0009322 seconds
[2023-10-19T20:49:52.739+0000][667.268s][info ][safepoint     ] Entering safepoint region: Cleanup
[2023-10-19T20:49:52.740+0000][667.269s][info ][safepoint     ] Leaving safepoint region
[2023-10-19T20:49:52.740+0000][667.269s][info ][safepoint     ] Total time for which application threads were stopped: 0.0014014 seconds, Stopping threads took: 0.0006053 seconds
[2023-10-19T20:49:53.741+0000][668.270s][debug][safepoint     ] Safepoint synchronization initiated. (177 threads)
[2023-10-19T20:49:53.741+0000][668.270s][info ][safepoint     ] Application time: 1.0004605 seconds
[2023-10-19T20:49:53.742+0000][668.271s][info ][safepoint     ] Entering safepoint region: Cleanup
[2023-10-19T20:49:53.742+0000][668.271s][info ][safepoint     ] Leaving safepoint region
[2023-10-19T20:49:53.742+0000][668.271s][info ][safepoint     ] Total time for which application threads were stopped: 0.0007521 seconds, Stopping threads took: 0.0002863 seconds
[2023-10-19T20:49:54.743+0000][669.272s][debug][safepoint     ] Safepoint synchronization initiated. (177 threads)
[2023-10-19T20:49:54.743+0000][669.272s][info ][safepoint     ] Application time: 1.0007629 seconds
[2023-10-19T20:49:54.744+0000][669.273s][info ][safepoint     ] Entering safepoint region: Cleanup
[2023-10-19T20:49:54.745+0000][669.273s][info ][safepoint     ] Leaving safepoint region
[2023-10-19T20:49:54.745+0000][669.274s][info ][safepoint     ] Total time for which application threads were stopped: 0.0010713 seconds, Stopping threads took: 0.0004738 seconds
[2023-10-19T20:49:55.746+0000][670.274s][debug][safepoint     ] Safepoint synchronization initiated. (177 threads)
[2023-10-19T20:49:55.746+0000][670.275s][info ][safepoint     ] Application time: 1.0007599 seconds
[2023-10-19T20:49:55.747+0000][670.275s][info ][safepoint     ] Entering safepoint region: Cleanup
[2023-10-19T20:49:55.747+0000][670.276s][info ][safepoint     ] Leaving safepoint region
[2023-10-19T20:49:55.747+0000][670.276s][info ][safepoint     ] Total time for which application threads were stopped: 0.0009694 seconds, Stopping threads took: 0.0004166 seconds
[2023-10-19T20:49:56.748+0000][671.277s][debug][safepoint     ] Safepoint synchronization initiated. (177 threads)
[2023-10-19T20:49:56.749+0000][671.278s][info ][safepoint     ] Application time: 1.0009051 seconds
[2023-10-19T20:49:56.749+0000][671.278s][info ][safepoint     ] Entering safepoint region: Cleanup
[2023-10-19T20:49:56.750+0000][671.279s][info ][safepoint     ] Leaving safepoint region
[2023-10-19T20:49:56.750+0000][671.279s][info ][safepoint     ] Total time for which application threads were stopped: 0.0011734 seconds, Stopping threads took: 0.0005986 seconds
[2023-10-19T20:49:57.751+0000][672.280s][debug][safepoint     ] Safepoint synchronization initiated. (177 threads)
[2023-10-19T20:49:57.752+0000][672.280s][info ][safepoint     ] Application time: 1.0007058 seconds
[2023-10-19T20:49:57.752+0000][672.281s][info ][safepoint     ] Entering safepoint region: Cleanup
[2023-10-19T20:49:57.752+0000][672.281s][info ][safepoint     ] Leaving safepoint region
[2023-10-19T20:49:57.753+0000][672.282s][info ][safepoint     ] Total time for which application threads were stopped: 0.0008425 seconds, Stopping threads took: 0.0003318 seconds
[2023-10-19T20:49:58.753+0000][673.282s][debug][safepoint     ] Safepoint synchronization initiated. (177 threads)
[2023-10-19T20:49:58.754+0000][673.283s][info ][safepoint     ] Application time: 1.0006425 seconds
[2023-10-19T20:49:58.754+0000][673.283s][info ][safepoint     ] Entering safepoint region: Cleanup
[2023-10-19T20:49:58.755+0000][673.284s][info ][safepoint     ] Leaving safepoint region
[2023-10-19T20:49:58.755+0000][673.284s][info ][safepoint     ] Total time for which application threads were stopped: 0.0009239 seconds, Stopping threads took: 0.0004191 seconds
[2023-10-19T20:49:59.756+0000][674.284s][debug][safepoint     ] Safepoint synchronization initiated. (177 threads)
[2023-10-19T20:49:59.756+0000][674.285s][info ][safepoint     ] Application time: 1.0007450 seconds
[2023-10-19T20:49:59.757+0000][674.286s][info ][safepoint     ] Entering safepoint region: Cleanup
[2023-10-19T20:49:59.757+0000][674.286s][info ][safepoint     ] Leaving safepoint region
[2023-10-19T20:49:59.758+0000][674.287s][info ][safepoint     ] Total time for which application threads were stopped: 0.0010583 seconds, Stopping threads took: 0.0004806 seconds
[2023-10-19T20:50:00.758+0000][675.287s][debug][safepoint     ] Safepoint synchronization initiated. (177 threads)
[2023-10-19T20:50:00.760+0000][675.288s][info ][safepoint     ] Application time: 1.0016531 seconds
[2023-10-19T20:50:00.761+0000][675.290s][info ][safepoint     ] Entering safepoint region: Cleanup
[2023-10-19T20:50:00.762+0000][675.291s][info ][safepoint     ] Leaving safepoint region
[2023-10-19T20:50:00.763+0000][675.292s][info ][safepoint     ] Total time for which application threads were stopped: 0.0025774 seconds, Stopping threads took: 0.0011342 seconds
[2023-10-19T20:50:01.764+0000][676.293s][debug][safepoint     ] Safepoint synchronization initiated. (177 threads)
[2023-10-19T20:50:01.765+0000][676.294s][info ][safepoint     ] Application time: 1.0007289 seconds
[2023-10-19T20:50:01.766+0000][676.294s][info ][safepoint     ] Entering safepoint region: Cleanup
[2023-10-19T20:50:01.766+0000][676.295s][info ][safepoint     ] Leaving safepoint region
[2023-10-19T20:50:01.767+0000][676.295s][info ][safepoint     ] Total time for which application threads were stopped: 0.0011337 seconds, Stopping threads took: 0.0005053 seconds
[2023-10-19T20:50:02.767+0000][677.296s][debug][safepoint     ] Safepoint synchronization initiated. (177 threads)
[2023-10-19T20:50:02.768+0000][677.297s][info ][safepoint     ] Application time: 1.0009452 seconds
[2023-10-19T20:50:02.769+0000][677.297s][info ][safepoint     ] Entering safepoint region: Cleanup
[2023-10-19T20:50:02.769+0000][677.298s][info ][safepoint     ] Leaving safepoint region
[2023-10-19T20:50:02.770+0000][677.299s][info ][safepoint     ] Total time for which application threads were stopped: 0.0012754 seconds, Stopping threads took: 0.0005282 seconds
[2023-10-19T20:50:02.769+0000][677.298s][debug][safepoint     ] ... found polling page return exception at pc = 0x00007fbdb0cb92c4, stub =0x00007fbda8840600
[2023-10-19T20:50:02.769+0000][677.298s][debug][safepoint     ] ... found polling page return exception at pc = 0x00007fbdb0cb92c4, stub =0x00007fbda8840600
[2023-10-19T20:50:02.769+0000][677.298s][debug][safepoint     ] ... found polling page return exception at pc = 0x00007fbdb0cb92c4, stub =0x00007fbda8840600
[2023-10-19T20:50:02.769+0000][677.298s][debug][safepoint     ] ... found polling page return exception at pc = 0x00007fbdb0cb92c4, stub =0x00007fbda8840600
[2023-10-19T20:50:03.771+0000][678.300s][debug][safepoint     ] Safepoint synchronization initiated. (177 threads)
[2023-10-19T20:50:03.771+0000][678.300s][info ][safepoint     ] Application time: 1.0010686 seconds
[2023-10-19T20:50:03.772+0000][678.301s][info ][safepoint     ] Entering safepoint region: Cleanup
[2023-10-19T20:50:03.773+0000][678.301s][info ][safepoint     ] Leaving safepoint region
[2023-10-19T20:50:03.773+0000][678.302s][info ][safepoint     ] Total time for which application threads were stopped: 0.0011791 seconds, Stopping threads took: 0.0004950 seconds
[2023-10-19T20:50:04.774+0000][679.303s][debug][safepoint     ] Safepoint synchronization initiated. (177 threads)
[2023-10-19T20:50:04.775+0000][679.304s][info ][safepoint     ] Application time: 1.0016405 seconds
[2023-10-19T20:50:04.776+0000][679.305s][info ][safepoint     ] Entering safepoint region: Cleanup
[2023-10-19T20:50:04.778+0000][679.307s][info ][safepoint     ] Leaving safepoint region
[2023-10-19T20:50:04.779+0000][679.307s][info ][safepoint     ] Total time for which application threads were stopped: 0.0021856 seconds, Stopping threads took: 0.0009690 seconds
[2023-10-19T20:50:05.780+0000][680.309s][debug][safepoint     ] Safepoint synchronization initiated. (177 threads)
[2023-10-19T20:50:05.781+0000][680.310s][info ][safepoint     ] Application time: 1.0012998 seconds
[2023-10-19T20:50:05.782+0000][680.310s][info ][safepoint     ] Entering safepoint region: Cleanup
[2023-10-19T20:50:05.783+0000][680.312s][info ][safepoint     ] Leaving safepoint region
[2023-10-19T20:50:05.783+0000][680.312s][info ][safepoint     ] Total time for which application threads were stopped: 0.0018956 seconds, Stopping threads took: 0.0008745 seconds
[2023-10-19T20:50:06.785+0000][681.313s][debug][safepoint     ] Safepoint synchronization initiated. (177 threads)
[2023-10-19T20:50:06.786+0000][681.315s][info ][safepoint     ] Application time: 1.0015114 seconds
[2023-10-19T20:50:06.787+0000][681.316s][info ][safepoint     ] Entering safepoint region: Cleanup
[2023-10-19T20:50:06.788+0000][681.317s][info ][safepoint     ] Leaving safepoint region
[2023-10-19T20:50:06.789+0000][681.318s][info ][safepoint     ] Total time for which application threads were stopped: 0.0019520 seconds, Stopping threads took: 0.0007520 seconds
[2023-10-19T20:50:07.790+0000][682.319s][debug][safepoint     ] Safepoint synchronization initiated. (177 threads)
[2023-10-19T20:50:07.791+0000][682.320s][info ][safepoint     ] Application time: 1.0010473 seconds
[2023-10-19T20:50:07.792+0000][682.320s][debug][safepoint     ] ... found polling page return exception at pc = 0x00007fbdb0cb92c4, stub =0x00007fbda8840600
[2023-10-19T20:50:07.792+0000][682.320s][debug][safepoint     ] ... found polling page return exception at pc = 0x00007fbdb0504168, stub =0x00007fbda8840600
[2023-10-19T20:50:07.792+0000][682.320s][debug][safepoint     ] ... found polling page return exception at pc = 0x00007fbdb0cb92c4, stub =0x00007fbda8840600
[2023-10-19T20:50:07.794+0000][682.323s][debug][safepoint     ] Waiting for 3 thread(s) to block
[2023-10-19T20:50:07.795+0000][682.324s][info ][safepoint     ] Entering safepoint region: Cleanup
[2023-10-19T20:50:07.796+0000][682.325s][info ][safepoint     ] Leaving safepoint region
[2023-10-19T20:50:07.796+0000][682.325s][info ][safepoint     ] Total time for which application threads were stopped: 0.0046454 seconds, Stopping threads took: 0.0040212 seconds
[2023-10-19T20:50:08.797+0000][683.325s][debug][safepoint     ] Safepoint synchronization initiated. (177 threads)
[2023-10-19T20:50:08.797+0000][683.326s][info ][safepoint     ] Application time: 1.0005449 seconds
[2023-10-19T20:50:08.797+0000][683.326s][info ][safepoint     ] Entering safepoint region: Cleanup
[2023-10-19T20:50:08.798+0000][683.327s][info ][safepoint     ] Leaving safepoint region
[2023-10-19T20:50:08.798+0000][683.327s][info ][safepoint     ] Total time for which application threads were stopped: 0.0009435 seconds, Stopping threads took: 0.0003753 seconds
[2023-10-19T20:50:09.799+0000][684.328s][debug][safepoint     ] Safepoint synchronization initiated. (177 threads)
[2023-10-19T20:50:09.800+0000][684.329s][info ][safepoint     ] Application time: 1.0012925 seconds
[2023-10-19T20:50:09.801+0000][684.330s][info ][safepoint     ] Entering safepoint region: Cleanup
[2023-10-19T20:50:09.803+0000][684.332s][info ][safepoint     ] Leaving safepoint region
[2023-10-19T20:50:09.803+0000][684.332s][info ][safepoint     ] Total time for which application threads were stopped: 0.0023840 seconds, Stopping threads took: 0.0011342 seconds
[2023-10-19T20:50:10.804+0000][685.333s][debug][safepoint     ] Safepoint synchronization initiated. (177 threads)
[2023-10-19T20:50:10.805+0000][685.334s][info ][safepoint     ] Application time: 1.0007667 seconds
[2023-10-19T20:50:10.806+0000][685.335s][info ][safepoint     ] Entering safepoint region: Cleanup
[2023-10-19T20:50:10.807+0000][685.335s][info ][safepoint     ] Leaving safepoint region
[2023-10-19T20:50:10.807+0000][685.336s][info ][safepoint     ] Total time for which application threads were stopped: 0.0013332 seconds, Stopping threads took: 0.0006279 seconds
[2023-10-19T20:50:11.808+0000][686.337s][debug][safepoint     ] Safepoint synchronization initiated. (177 threads)
[2023-10-19T20:50:11.809+0000][686.338s][info ][safepoint     ] Application time: 1.0011366 seconds
[2023-10-19T20:50:11.810+0000][686.338s][info ][safepoint     ] Entering safepoint region: Cleanup
[2023-10-19T20:50:11.810+0000][686.339s][info ][safepoint     ] Leaving safepoint region
[2023-10-19T20:50:11.811+0000][686.340s][info ][safepoint     ] Total time for which application threads were stopped: 0.0017410 seconds, Stopping threads took: 0.0006869 seconds
[2023-10-19T20:50:12.812+0000][687.341s][debug][safepoint     ] Safepoint synchronization initiated. (177 threads)
[2023-10-19T20:50:12.813+0000][687.341s][info ][safepoint     ] Application time: 1.0006402 seconds
[2023-10-19T20:50:12.813+0000][687.342s][info ][safepoint     ] Entering safepoint region: Cleanup
[2023-10-19T20:50:12.814+0000][687.343s][info ][safepoint     ] Leaving safepoint region
[2023-10-19T20:50:12.814+0000][687.343s][info ][safepoint     ] Total time for which application threads were stopped: 0.0011642 seconds, Stopping threads took: 0.0004957 seconds
[2023-10-19T20:50:13.815+0000][688.344s][debug][safepoint     ] Safepoint synchronization initiated. (177 threads)
[2023-10-19T20:50:13.816+0000][688.344s][info ][safepoint     ] Application time: 1.0008017 seconds
[2023-10-19T20:50:13.816+0000][688.345s][info ][safepoint     ] Entering safepoint region: Cleanup
[2023-10-19T20:50:13.817+0000][688.346s][info ][safepoint     ] Leaving safepoint region
[2023-10-19T20:50:13.817+0000][688.346s][info ][safepoint     ] Total time for which application threads were stopped: 0.0011680 seconds, Stopping threads took: 0.0004463 seconds
[2023-10-19T20:50:14.818+0000][689.347s][debug][safepoint     ] Safepoint synchronization initiated. (177 threads)
[2023-10-19T20:50:14.819+0000][689.348s][info ][safepoint     ] Application time: 1.0008383 seconds
[2023-10-19T20:50:14.819+0000][689.348s][info ][safepoint     ] Entering safepoint region: Cleanup
[2023-10-19T20:50:14.820+0000][689.349s][info ][safepoint     ] Leaving safepoint region
[2023-10-19T20:50:14.821+0000][689.349s][info ][safepoint     ] Total time for which application threads were stopped: 0.0014026 seconds, Stopping threads took: 0.0006015 seconds
[2023-10-19T20:50:15.821+0000][690.350s][debug][safepoint     ] Safepoint synchronization initiated. (177 threads)
[2023-10-19T20:50:15.822+0000][690.351s][info ][safepoint     ] Application time: 1.0005282 seconds
[2023-10-19T20:50:15.822+0000][690.351s][info ][safepoint     ] Entering safepoint region: Cleanup
[2023-10-19T20:50:15.822+0000][690.351s][info ][safepoint     ] Leaving safepoint region
[2023-10-19T20:50:15.823+0000][690.352s][info ][safepoint     ] Total time for which application threads were stopped: 0.0007657 seconds, Stopping threads took: 0.0003031 seconds
[2023-10-19T20:50:16.823+0000][691.352s][debug][safepoint     ] Safepoint synchronization initiated. (177 threads)
[2023-10-19T20:50:16.824+0000][691.353s][info ][safepoint     ] Application time: 1.0008415 seconds
[2023-10-19T20:50:16.824+0000][691.353s][info ][safepoint     ] Entering safepoint region: Cleanup
[2023-10-19T20:50:16.825+0000][691.354s][info ][safepoint     ] Leaving safepoint region
[2023-10-19T20:50:16.826+0000][691.355s][info ][safepoint     ] Total time for which application threads were stopped: 0.0014336 seconds, Stopping threads took: 0.0005522 seconds
[2023-10-19T20:50:16.825+0000][691.354s][debug][safepoint     ] ... found polling page return exception at pc = 0x00007fbdb0cb92c4, stub =0x00007fbda8840600
[2023-10-19T20:50:16.825+0000][691.354s][debug][safepoint     ] ... found polling page return exception at pc = 0x00007fbdb0cb92c4, stub =0x00007fbda8840600
[2023-10-19T20:50:16.825+0000][691.354s][debug][safepoint     ] ... found polling page return exception at pc = 0x00007fbdb0cb92c4, stub =0x00007fbda8840600
[2023-10-19T20:50:16.825+0000][691.354s][debug][safepoint     ] ... found polling page return exception at pc = 0x00007fbdb0cb92c4, stub =0x00007fbda8840600
[2023-10-19T20:50:16.825+0000][691.354s][debug][safepoint     ] ... found polling page return exception at pc = 0x00007fbdb0cb92c4, stub =0x00007fbda8840600
[2023-10-19T20:50:16.825+0000][691.354s][debug][safepoint     ] ... found polling page return exception at pc = 0x00007fbdb0cb92c4, stub =0x00007fbda8840600
[2023-10-19T20:50:17.827+0000][692.356s][debug][safepoint     ] Safepoint synchronization initiated. (177 threads)
[2023-10-19T20:50:17.827+0000][692.356s][info ][safepoint     ] Application time: 1.0010139 seconds
[2023-10-19T20:50:17.828+0000][692.357s][info ][safepoint     ] Entering safepoint region: Cleanup
[2023-10-19T20:50:17.829+0000][692.358s][info ][safepoint     ] Leaving safepoint region
[2023-10-19T20:50:17.830+0000][692.359s][info ][safepoint     ] Total time for which application threads were stopped: 0.0015863 seconds, Stopping threads took: 0.0007490 seconds
[2023-10-19T20:50:18.830+0000][693.359s][debug][safepoint     ] Safepoint synchronization initiated. (177 threads)
[2023-10-19T20:50:18.831+0000][693.360s][info ][safepoint     ] Application time: 1.0008046 seconds
[2023-10-19T20:50:18.832+0000][693.361s][info ][safepoint     ] Entering safepoint region: Cleanup
[2023-10-19T20:50:18.832+0000][693.361s][info ][safepoint     ] Leaving safepoint region
[2023-10-19T20:50:18.833+0000][693.362s][info ][safepoint     ] Total time for which application threads were stopped: 0.0011381 seconds, Stopping threads took: 0.0005687 seconds
[2023-10-19T20:50:19.833+0000][694.362s][debug][safepoint     ] Safepoint synchronization initiated. (177 threads)
[2023-10-19T20:50:19.835+0000][694.364s][info ][safepoint     ] Application time: 1.0016232 seconds
[2023-10-19T20:50:19.836+0000][694.365s][info ][safepoint     ] Entering safepoint region: Cleanup
[2023-10-19T20:50:19.836+0000][694.365s][info ][safepoint     ] Leaving safepoint region
[2023-10-19T20:50:19.837+0000][694.366s][info ][safepoint     ] Total time for which application threads were stopped: 0.0012964 seconds, Stopping threads took: 0.0005431 seconds
[2023-10-19T20:50:20.838+0000][695.367s][debug][safepoint     ] Safepoint synchronization initiated. (177 threads)
[2023-10-19T20:50:20.839+0000][695.368s][info ][safepoint     ] Application time: 1.0018786 seconds
[2023-10-19T20:50:20.840+0000][695.369s][info ][safepoint     ] Entering safepoint region: Cleanup
[2023-10-19T20:50:20.842+0000][695.371s][info ][safepoint     ] Leaving safepoint region
[2023-10-19T20:50:20.843+0000][695.372s][info ][safepoint     ] Total time for which application threads were stopped: 0.0026608 seconds, Stopping threads took: 0.0011405 seconds
[2023-10-19T20:50:21.844+0000][696.373s][debug][safepoint     ] Safepoint synchronization initiated. (177 threads)
[2023-10-19T20:50:21.845+0000][696.373s][info ][safepoint     ] Application time: 1.0005114 seconds
[2023-10-19T20:50:21.845+0000][696.374s][info ][safepoint     ] Entering safepoint region: Cleanup
[2023-10-19T20:50:21.845+0000][696.374s][info ][safepoint     ] Leaving safepoint region
[2023-10-19T20:50:21.846+0000][696.375s][info ][safepoint     ] Total time for which application threads were stopped: 0.0008581 seconds, Stopping threads took: 0.0004049 seconds
[2023-10-19T20:50:22.846+0000][697.375s][debug][safepoint     ] Safepoint synchronization initiated. (177 threads)
[2023-10-19T20:50:22.847+0000][697.375s][info ][safepoint     ] Application time: 1.0005402 seconds
[2023-10-19T20:50:22.847+0000][697.376s][info ][safepoint     ] Entering safepoint region: Cleanup
[2023-10-19T20:50:22.848+0000][697.376s][info ][safepoint     ] Leaving safepoint region
[2023-10-19T20:50:22.848+0000][697.377s][info ][safepoint     ] Total time for which application threads were stopped: 0.0008823 seconds, Stopping threads took: 0.0003329 seconds
[2023-10-19T20:50:23.848+0000][698.377s][debug][safepoint     ] Safepoint synchronization initiated. (177 threads)
[2023-10-19T20:50:23.849+0000][698.378s][info ][safepoint     ] Application time: 1.0006943 seconds
[2023-10-19T20:50:23.849+0000][698.378s][info ][safepoint     ] Entering safepoint region: Cleanup
[2023-10-19T20:50:23.850+0000][698.379s][info ][safepoint     ] Leaving safepoint region
[2023-10-19T20:50:23.851+0000][698.379s][info ][safepoint     ] Total time for which application threads were stopped: 0.0011277 seconds, Stopping threads took: 0.0004881 seconds
[2023-10-19T20:50:24.851+0000][699.380s][debug][safepoint     ] Safepoint synchronization initiated. (177 threads)
[2023-10-19T20:50:24.852+0000][699.381s][info ][safepoint     ] Application time: 1.0008682 seconds
[2023-10-19T20:50:24.852+0000][699.381s][info ][safepoint     ] Entering safepoint region: Cleanup
[2023-10-19T20:50:24.853+0000][699.382s][info ][safepoint     ] Leaving safepoint region
[2023-10-19T20:50:24.854+0000][699.383s][info ][safepoint     ] Total time for which application threads were stopped: 0.0013487 seconds, Stopping threads took: 0.0006619 seconds
[2023-10-19T20:50:25.854+0000][700.383s][debug][safepoint     ] Safepoint synchronization initiated. (177 threads)
[2023-10-19T20:50:25.856+0000][700.385s][info ][safepoint     ] Application time: 1.0015059 seconds
[2023-10-19T20:50:25.857+0000][700.386s][info ][safepoint     ] Entering safepoint region: Cleanup
[2023-10-19T20:50:25.858+0000][700.387s][info ][safepoint     ] Leaving safepoint region
[2023-10-19T20:50:25.859+0000][700.388s][info ][safepoint     ] Total time for which application threads were stopped: 0.0024570 seconds, Stopping threads took: 0.0011711 seconds
[2023-10-19T20:50:26.861+0000][701.389s][debug][safepoint     ] Safepoint synchronization initiated. (177 threads)
[2023-10-19T20:50:26.862+0000][701.391s][info ][safepoint     ] Application time: 1.0014810 seconds
[2023-10-19T20:50:26.863+0000][701.392s][info ][safepoint     ] Entering safepoint region: Cleanup
[2023-10-19T20:50:26.864+0000][701.393s][info ][safepoint     ] Leaving safepoint region
[2023-10-19T20:50:26.865+0000][701.394s][info ][safepoint     ] Total time for which application threads were stopped: 0.0022275 seconds, Stopping threads took: 0.0009302 seconds
[2023-10-19T20:50:27.866+0000][702.395s][debug][safepoint     ] Safepoint synchronization initiated. (177 threads)
[2023-10-19T20:50:27.867+0000][702.396s][info ][safepoint     ] Application time: 1.0007832 seconds
[2023-10-19T20:50:27.867+0000][702.396s][info ][safepoint     ] Entering safepoint region: Cleanup
[2023-10-19T20:50:27.868+0000][702.397s][info ][safepoint     ] Leaving safepoint region
[2023-10-19T20:50:27.869+0000][702.397s][info ][safepoint     ] Total time for which application threads were stopped: 0.0012303 seconds, Stopping threads took: 0.0005100 seconds
[2023-10-19T20:50:28.869+0000][703.398s][debug][safepoint     ] Safepoint synchronization initiated. (177 threads)
[2023-10-19T20:50:28.870+0000][703.399s][info ][safepoint     ] Application time: 1.0006573 seconds
[2023-10-19T20:50:28.870+0000][703.399s][info ][safepoint     ] Entering safepoint region: Cleanup
[2023-10-19T20:50:28.871+0000][703.399s][info ][safepoint     ] Leaving safepoint region
[2023-10-19T20:50:28.871+0000][703.400s][info ][safepoint     ] Total time for which application threads were stopped: 0.0008147 seconds, Stopping threads took: 0.0003454 seconds
[2023-10-19T20:50:29.872+0000][704.400s][debug][safepoint     ] Safepoint synchronization initiated. (177 threads)
[2023-10-19T20:50:29.873+0000][704.401s][info ][safepoint     ] Application time: 1.0013146 seconds
[2023-10-19T20:50:29.873+0000][704.402s][info ][safepoint     ] Entering safepoint region: Cleanup
[2023-10-19T20:50:29.874+0000][704.403s][info ][safepoint     ] Leaving safepoint region
[2023-10-19T20:50:29.875+0000][704.404s][info ][safepoint     ] Total time for which application threads were stopped: 0.0016344 seconds, Stopping threads took: 0.0007557 seconds
[2023-10-19T20:50:30.876+0000][705.405s][debug][safepoint     ] Safepoint synchronization initiated. (177 threads)
[2023-10-19T20:50:30.877+0000][705.405s][info ][safepoint     ] Application time: 1.0010355 seconds
[2023-10-19T20:50:30.877+0000][705.406s][info ][safepoint     ] Entering safepoint region: Cleanup
[2023-10-19T20:50:30.878+0000][705.407s][info ][safepoint     ] Leaving safepoint region
[2023-10-19T20:50:30.878+0000][705.407s][info ][safepoint     ] Total time for which application threads were stopped: 0.0011499 seconds, Stopping threads took: 0.0005308 seconds
[2023-10-19T20:50:31.879+0000][706.408s][debug][safepoint     ] Safepoint synchronization initiated. (177 threads)
[2023-10-19T20:50:31.880+0000][706.409s][info ][safepoint     ] Application time: 1.0012125 seconds
[2023-10-19T20:50:31.881+0000][706.409s][info ][safepoint     ] Entering safepoint region: Cleanup
[2023-10-19T20:50:31.881+0000][706.410s][info ][safepoint     ] Leaving safepoint region
[2023-10-19T20:50:31.882+0000][706.411s][info ][safepoint     ] Total time for which application threads were stopped: 0.0011291 seconds, Stopping threads took: 0.0005663 seconds
[2023-10-19T20:50:32.882+0000][707.411s][debug][safepoint     ] Safepoint synchronization initiated. (177 threads)
[2023-10-19T20:50:32.883+0000][707.412s][info ][safepoint     ] Application time: 1.0007517 seconds
[2023-10-19T20:50:32.884+0000][707.412s][info ][safepoint     ] Entering safepoint region: Cleanup
[2023-10-19T20:50:32.885+0000][707.413s][info ][safepoint     ] Leaving safepoint region
[2023-10-19T20:50:32.885+0000][707.414s][info ][safepoint     ] Total time for which application threads were stopped: 0.0014048 seconds, Stopping threads took: 0.0006582 seconds
[2023-10-19T20:50:33.886+0000][708.415s][debug][safepoint     ] Safepoint synchronization initiated. (177 threads)
[2023-10-19T20:50:33.887+0000][708.416s][info ][safepoint     ] Application time: 1.0014063 seconds
[2023-10-19T20:50:33.888+0000][708.417s][info ][safepoint     ] Entering safepoint region: Cleanup
[2023-10-19T20:50:33.889+0000][708.418s][info ][safepoint     ] Leaving safepoint region
[2023-10-19T20:50:33.890+0000][708.419s][info ][safepoint     ] Total time for which application threads were stopped: 0.0021403 seconds, Stopping threads took: 0.0009249 seconds
[2023-10-19T20:50:34.891+0000][709.420s][debug][safepoint     ] Safepoint synchronization initiated. (177 threads)
[2023-10-19T20:50:34.892+0000][709.421s][info ][safepoint     ] Application time: 1.0014108 seconds
[2023-10-19T20:50:34.893+0000][709.422s][info ][safepoint     ] Entering safepoint region: Cleanup
[2023-10-19T20:50:34.894+0000][709.423s][info ][safepoint     ] Leaving safepoint region
[2023-10-19T20:50:34.895+0000][709.424s][info ][safepoint     ] Total time for which application threads were stopped: 0.0020390 seconds, Stopping threads took: 0.0009296 seconds
[2023-10-19T20:50:35.896+0000][710.425s][debug][safepoint     ] Safepoint synchronization initiated. (177 threads)
[2023-10-19T20:50:35.897+0000][710.426s][info ][safepoint     ] Application time: 1.0011051 seconds
[2023-10-19T20:50:35.898+0000][710.426s][info ][safepoint     ] Entering safepoint region: Cleanup
[2023-10-19T20:50:35.898+0000][710.427s][info ][safepoint     ] Leaving safepoint region
[2023-10-19T20:50:35.899+0000][710.428s][info ][safepoint     ] Total time for which application threads were stopped: 0.0014507 seconds, Stopping threads took: 0.0007085 seconds
[2023-10-19T20:50:36.900+0000][711.429s][debug][safepoint     ] Safepoint synchronization initiated. (177 threads)
[2023-10-19T20:50:36.901+0000][711.430s][info ][safepoint     ] Application time: 1.0011302 seconds
[2023-10-19T20:50:36.901+0000][711.430s][info ][safepoint     ] Entering safepoint region: Cleanup
[2023-10-19T20:50:36.902+0000][711.431s][info ][safepoint     ] Leaving safepoint region
[2023-10-19T20:50:36.903+0000][711.432s][info ][safepoint     ] Total time for which application threads were stopped: 0.0014420 seconds, Stopping threads took: 0.0006601 seconds
[2023-10-19T20:50:37.903+0000][712.432s][debug][safepoint     ] Safepoint synchronization initiated. (177 threads)
[2023-10-19T20:50:37.904+0000][712.433s][info ][safepoint     ] Application time: 1.0007850 seconds
[2023-10-19T20:50:37.904+0000][712.433s][info ][safepoint     ] Entering safepoint region: Cleanup
[2023-10-19T20:50:37.905+0000][712.434s][info ][safepoint     ] Leaving safepoint region
[2023-10-19T20:50:37.905+0000][712.434s][info ][safepoint     ] Total time for which application threads were stopped: 0.0010691 seconds, Stopping threads took: 0.0005401 seconds
[2023-10-19T20:50:38.906+0000][713.435s][debug][safepoint     ] Safepoint synchronization initiated. (177 threads)
[2023-10-19T20:50:38.906+0000][713.435s][info ][safepoint     ] Application time: 1.0007328 seconds
[2023-10-19T20:50:38.907+0000][713.436s][info ][safepoint     ] Entering safepoint region: Cleanup
[2023-10-19T20:50:38.908+0000][713.436s][info ][safepoint     ] Leaving safepoint region
[2023-10-19T20:50:38.908+0000][713.437s][info ][safepoint     ] Total time for which application threads were stopped: 0.0011844 seconds, Stopping threads took: 0.0004768 seconds
[2023-10-19T20:50:39.909+0000][714.437s][debug][safepoint     ] Safepoint synchronization initiated. (177 threads)
[2023-10-19T20:50:39.909+0000][714.438s][info ][safepoint     ] Application time: 1.0005539 seconds
[2023-10-19T20:50:39.910+0000][714.438s][info ][safepoint     ] Entering safepoint region: Cleanup
[2023-10-19T20:50:39.910+0000][714.439s][info ][safepoint     ] Leaving safepoint region
[2023-10-19T20:50:39.910+0000][714.439s][info ][safepoint     ] Total time for which application threads were stopped: 0.0009345 seconds, Stopping threads took: 0.0003581 seconds
[2023-10-19T20:50:39.910+0000][714.439s][debug][safepoint     ] ... found polling page return exception at pc = 0x00007fbdb0cb92c4, stub =0x00007fbda8840600
[2023-10-19T20:50:40.911+0000][715.440s][debug][safepoint     ] Safepoint synchronization initiated. (177 threads)
[2023-10-19T20:50:40.911+0000][715.440s][info ][safepoint     ] Application time: 1.0006511 seconds
[2023-10-19T20:50:40.912+0000][715.441s][info ][safepoint     ] Entering safepoint region: Cleanup
[2023-10-19T20:50:40.913+0000][715.441s][info ][safepoint     ] Leaving safepoint region
[2023-10-19T20:50:40.913+0000][715.442s][info ][safepoint     ] Total time for which application threads were stopped: 0.0013188 seconds, Stopping threads took: 0.0005146 seconds
[2023-10-19T20:50:41.914+0000][716.443s][debug][safepoint     ] Safepoint synchronization initiated. (177 threads)
[2023-10-19T20:50:41.915+0000][716.444s][info ][safepoint     ] Application time: 1.0010102 seconds
[2023-10-19T20:50:41.916+0000][716.445s][info ][safepoint     ] Entering safepoint region: Cleanup
[2023-10-19T20:50:41.917+0000][716.446s][info ][safepoint     ] Leaving safepoint region
[2023-10-19T20:50:41.917+0000][716.446s][info ][safepoint     ] Total time for which application threads were stopped: 0.0014511 seconds, Stopping threads took: 0.0006003 seconds
[2023-10-19T20:50:42.918+0000][717.447s][debug][safepoint     ] Safepoint synchronization initiated. (177 threads)
[2023-10-19T20:50:42.919+0000][717.447s][info ][safepoint     ] Application time: 1.0007375 seconds
[2023-10-19T20:50:42.919+0000][717.448s][info ][safepoint     ] Entering safepoint region: Cleanup
[2023-10-19T20:50:42.920+0000][717.448s][info ][safepoint     ] Leaving safepoint region
[2023-10-19T20:50:42.920+0000][717.449s][info ][safepoint     ] Total time for which application threads were stopped: 0.0010592 seconds, Stopping threads took: 0.0004293 seconds
[2023-10-19T20:50:43.921+0000][718.449s][debug][safepoint     ] Safepoint synchronization initiated. (177 threads)
[2023-10-19T20:50:43.921+0000][718.450s][info ][safepoint     ] Application time: 1.0005046 seconds
[2023-10-19T20:50:43.921+0000][718.450s][info ][safepoint     ] Entering safepoint region: Cleanup
[2023-10-19T20:50:43.922+0000][718.451s][info ][safepoint     ] Leaving safepoint region
[2023-10-19T20:50:43.922+0000][718.451s][info ][safepoint     ] Total time for which application threads were stopped: 0.0011232 seconds, Stopping threads took: 0.0005625 seconds
[2023-10-19T20:50:44.923+0000][719.452s][debug][safepoint     ] Safepoint synchronization initiated. (177 threads)
[2023-10-19T20:50:44.923+0000][719.452s][info ][safepoint     ] Application time: 1.0005437 seconds
[2023-10-19T20:50:44.924+0000][719.452s][info ][safepoint     ] Entering safepoint region: Cleanup
[2023-10-19T20:50:44.924+0000][719.453s][info ][safepoint     ] Leaving safepoint region
[2023-10-19T20:50:44.925+0000][719.453s][info ][safepoint     ] Total time for which application threads were stopped: 0.0009167 seconds, Stopping threads took: 0.0004362 seconds
[2023-10-19T20:50:45.925+0000][720.454s][debug][safepoint     ] Safepoint synchronization initiated. (177 threads)
[2023-10-19T20:50:45.926+0000][720.455s][info ][safepoint     ] Application time: 1.0011444 seconds
[2023-10-19T20:50:45.927+0000][720.455s][info ][safepoint     ] Entering safepoint region: Cleanup
[2023-10-19T20:50:45.928+0000][720.456s][info ][safepoint     ] Leaving safepoint region
[2023-10-19T20:50:45.928+0000][720.457s][info ][safepoint     ] Total time for which application threads were stopped: 0.0014663 seconds, Stopping threads took: 0.0006377 seconds
[2023-10-19T20:50:46.929+0000][721.458s][debug][safepoint     ] Safepoint synchronization initiated. (177 threads)
[2023-10-19T20:50:46.930+0000][721.459s][info ][safepoint     ] Application time: 1.0013043 seconds
[2023-10-19T20:50:46.931+0000][721.460s][info ][safepoint     ] Entering safepoint region: Cleanup
[2023-10-19T20:50:46.932+0000][721.461s][info ][safepoint     ] Leaving safepoint region
[2023-10-19T20:50:46.933+0000][721.462s][info ][safepoint     ] Total time for which application threads were stopped: 0.0021710 seconds, Stopping threads took: 0.0008912 seconds
[2023-10-19T20:50:47.934+0000][722.463s][debug][safepoint     ] Safepoint synchronization initiated. (177 threads)
[2023-10-19T20:50:47.935+0000][722.464s][info ][safepoint     ] Application time: 1.0009772 seconds
[2023-10-19T20:50:47.936+0000][722.465s][info ][safepoint     ] Entering safepoint region: Cleanup
[2023-10-19T20:50:47.937+0000][722.466s][info ][safepoint     ] Leaving safepoint region
[2023-10-19T20:50:47.938+0000][722.466s][info ][safepoint     ] Total time for which application threads were stopped: 0.0017649 seconds, Stopping threads took: 0.0009080 seconds
[2023-10-19T20:50:47.937+0000][722.466s][debug][safepoint     ] ... found polling page return exception at pc = 0x00007fbdb0cb92c4, stub =0x00007fbda8840600
[2023-10-19T20:50:47.937+0000][722.466s][debug][safepoint     ] ... found polling page return exception at pc = 0x00007fbdb0cb92c4, stub =0x00007fbda8840600
[2023-10-19T20:50:47.937+0000][722.466s][debug][safepoint     ] ... found polling page return exception at pc = 0x00007fbdb0cb92c4, stub =0x00007fbda8840600
[2023-10-19T20:50:48.938+0000][723.467s][debug][safepoint     ] Safepoint synchronization initiated. (177 threads)
[2023-10-19T20:50:48.939+0000][723.468s][info ][safepoint     ] Application time: 1.0009498 seconds
[2023-10-19T20:50:48.940+0000][723.469s][info ][safepoint     ] Entering safepoint region: Cleanup
[2023-10-19T20:50:48.941+0000][723.469s][info ][safepoint     ] Leaving safepoint region
[2023-10-19T20:50:48.941+0000][723.470s][info ][safepoint     ] Total time for which application threads were stopped: 0.0014181 seconds, Stopping threads took: 0.0006233 seconds
[2023-10-19T20:50:49.942+0000][724.471s][debug][safepoint     ] Safepoint synchronization initiated. (177 threads)
[2023-10-19T20:50:49.942+0000][724.471s][info ][safepoint     ] Application time: 1.0005535 seconds
[2023-10-19T20:50:49.943+0000][724.472s][info ][safepoint     ] Entering safepoint region: Cleanup
[2023-10-19T20:50:49.943+0000][724.472s][info ][safepoint     ] Leaving safepoint region
[2023-10-19T20:50:49.944+0000][724.472s][info ][safepoint     ] Total time for which application threads were stopped: 0.0008351 seconds, Stopping threads took: 0.0003427 seconds
[2023-10-19T20:50:50.944+0000][725.473s][debug][safepoint     ] Safepoint synchronization initiated. (177 threads)
[2023-10-19T20:50:50.945+0000][725.474s][info ][safepoint     ] Application time: 1.0011270 seconds
[2023-10-19T20:50:50.946+0000][725.475s][info ][safepoint     ] Entering safepoint region: Cleanup
[2023-10-19T20:50:50.947+0000][725.476s][info ][safepoint     ] Leaving safepoint region
[2023-10-19T20:50:50.948+0000][725.477s][info ][safepoint     ] Total time for which application threads were stopped: 0.0020328 seconds, Stopping threads took: 0.0009107 seconds
[2023-10-19T20:50:51.949+0000][726.478s][debug][safepoint     ] Safepoint synchronization initiated. (177 threads)
[2023-10-19T20:50:51.950+0000][726.478s][info ][safepoint     ] Application time: 1.0010767 seconds
[2023-10-19T20:50:51.950+0000][726.479s][info ][safepoint     ] Entering safepoint region: Cleanup
[2023-10-19T20:50:51.951+0000][726.480s][info ][safepoint     ] Leaving safepoint region
[2023-10-19T20:50:51.952+0000][726.481s][info ][safepoint     ] Total time for which application threads were stopped: 0.0014133 seconds, Stopping threads took: 0.0007641 seconds
[2023-10-19T20:50:52.953+0000][727.481s][debug][safepoint     ] Safepoint synchronization initiated. (177 threads)
[2023-10-19T20:50:52.954+0000][727.483s][info ][safepoint     ] Application time: 1.0016307 seconds
[2023-10-19T20:50:52.955+0000][727.483s][info ][safepoint     ] Entering safepoint region: Cleanup
[2023-10-19T20:50:52.956+0000][727.484s][info ][safepoint     ] Leaving safepoint region
[2023-10-19T20:50:52.956+0000][727.485s][info ][safepoint     ] Total time for which application threads were stopped: 0.0015586 seconds, Stopping threads took: 0.0006440 seconds
[2023-10-19T20:50:53.957+0000][728.486s][debug][safepoint     ] Safepoint synchronization initiated. (177 threads)
[2023-10-19T20:50:53.958+0000][728.487s][info ][safepoint     ] Application time: 1.0015450 seconds
[2023-10-19T20:50:53.960+0000][728.488s][info ][safepoint     ] Entering safepoint region: Cleanup
[2023-10-19T20:50:53.962+0000][728.490s][info ][safepoint     ] Leaving safepoint region
[2023-10-19T20:50:53.963+0000][728.491s][info ][safepoint     ] Total time for which application threads were stopped: 0.0031025 seconds, Stopping threads took: 0.0013687 seconds
[2023-10-19T20:50:54.964+0000][729.492s][debug][safepoint     ] Safepoint synchronization initiated. (177 threads)
[2023-10-19T20:50:54.965+0000][729.493s][info ][safepoint     ] Application time: 1.0011080 seconds
[2023-10-19T20:50:54.966+0000][729.495s][info ][safepoint     ] Entering safepoint region: Cleanup
[2023-10-19T20:50:54.967+0000][729.495s][info ][safepoint     ] Leaving safepoint region
[2023-10-19T20:50:54.967+0000][729.495s][info ][safepoint     ] Total time for which application threads were stopped: 0.0008480 seconds, Stopping threads took: 0.0003337 seconds
[2023-10-19T20:50:55.967+0000][730.496s][debug][safepoint     ] Safepoint synchronization initiated. (177 threads)
[2023-10-19T20:50:55.968+0000][730.497s][info ][safepoint     ] Application time: 1.0008333 seconds
[2023-10-19T20:50:55.969+0000][730.497s][info ][safepoint     ] Entering safepoint region: Cleanup
[2023-10-19T20:50:55.969+0000][730.498s][info ][safepoint     ] Leaving safepoint region
[2023-10-19T20:50:55.970+0000][730.498s][info ][safepoint     ] Total time for which application threads were stopped: 0.0011640 seconds, Stopping threads took: 0.0004476 seconds
[2023-10-19T20:50:56.970+0000][731.499s][debug][safepoint     ] Safepoint synchronization initiated. (177 threads)
[2023-10-19T20:50:56.972+0000][731.500s][info ][safepoint     ] Application time: 1.0016512 seconds
[2023-10-19T20:50:56.973+0000][731.501s][info ][safepoint     ] Entering safepoint region: Cleanup
[2023-10-19T20:50:56.974+0000][731.503s][info ][safepoint     ] Leaving safepoint region
[2023-10-19T20:50:56.975+0000][731.504s][info ][safepoint     ] Total time for which application threads were stopped: 0.0023727 seconds, Stopping threads took: 0.0009539 seconds
[2023-10-19T20:50:56.974+0000][731.503s][debug][safepoint     ] ... found polling page return exception at pc = 0x00007fbdb0cb92c4, stub =0x00007fbda8840600
[2023-10-19T20:50:57.976+0000][732.505s][debug][safepoint     ] Safepoint synchronization initiated. (177 threads)
[2023-10-19T20:50:57.977+0000][732.505s][info ][safepoint     ] Application time: 1.0005349 seconds
[2023-10-19T20:50:57.977+0000][732.506s][info ][safepoint     ] Entering safepoint region: Cleanup
[2023-10-19T20:50:57.977+0000][732.506s][info ][safepoint     ] Leaving safepoint region
[2023-10-19T20:50:57.978+0000][732.506s][info ][safepoint     ] Total time for which application threads were stopped: 0.0007649 seconds, Stopping threads took: 0.0003326 seconds
[2023-10-19T20:50:58.978+0000][733.507s][debug][safepoint     ] Safepoint synchronization initiated. (177 threads)
[2023-10-19T20:50:58.979+0000][733.507s][info ][safepoint     ] Application time: 1.0006209 seconds
[2023-10-19T20:50:58.979+0000][733.508s][info ][safepoint     ] Entering safepoint region: Cleanup
[2023-10-19T20:50:58.980+0000][733.508s][info ][safepoint     ] Leaving safepoint region
[2023-10-19T20:50:58.980+0000][733.509s][info ][safepoint     ] Total time for which application threads were stopped: 0.0010041 seconds, Stopping threads took: 0.0004030 seconds
[2023-10-19T20:50:59.981+0000][734.509s][debug][safepoint     ] Safepoint synchronization initiated. (177 threads)
[2023-10-19T20:50:59.982+0000][734.510s][info ][safepoint     ] Application time: 1.0013392 seconds
[2023-10-19T20:50:59.983+0000][734.511s][info ][safepoint     ] Entering safepoint region: Cleanup
[2023-10-19T20:50:59.984+0000][734.513s][info ][safepoint     ] Leaving safepoint region
[2023-10-19T20:50:59.985+0000][734.513s][info ][safepoint     ] Total time for which application threads were stopped: 0.0021444 seconds, Stopping threads took: 0.0009022 seconds
[2023-10-19T20:51:00.986+0000][735.514s][debug][safepoint     ] Safepoint synchronization initiated. (177 threads)
[2023-10-19T20:51:00.986+0000][735.515s][info ][safepoint     ] Application time: 1.0006955 seconds
[2023-10-19T20:51:00.987+0000][735.515s][info ][safepoint     ] Entering safepoint region: Cleanup
[2023-10-19T20:51:00.987+0000][735.516s][info ][safepoint     ] Leaving safepoint region
[2023-10-19T20:51:00.987+0000][735.516s][info ][safepoint     ] Total time for which application threads were stopped: 0.0008607 seconds, Stopping threads took: 0.0003417 seconds
[2023-10-19T20:51:01.988+0000][736.517s][debug][safepoint     ] Safepoint synchronization initiated. (177 threads)
[2023-10-19T20:51:01.989+0000][736.518s][info ][safepoint     ] Application time: 1.0013035 seconds
[2023-10-19T20:51:01.990+0000][736.519s][info ][safepoint     ] Entering safepoint region: Cleanup
[2023-10-19T20:51:01.991+0000][736.520s][info ][safepoint     ] Leaving safepoint region
[2023-10-19T20:51:01.992+0000][736.520s][info ][safepoint     ] Total time for which application threads were stopped: 0.0019665 seconds, Stopping threads took: 0.0007799 seconds
[2023-10-19T20:51:02.993+0000][737.521s][debug][safepoint     ] Safepoint synchronization initiated. (177 threads)
[2023-10-19T20:51:02.993+0000][737.522s][info ][safepoint     ] Application time: 1.0007992 seconds
[2023-10-19T20:51:02.994+0000][737.522s][info ][safepoint     ] Entering safepoint region: Cleanup
[2023-10-19T20:51:02.995+0000][737.523s][info ][safepoint     ] Leaving safepoint region
[2023-10-19T20:51:02.995+0000][737.524s][info ][safepoint     ] Total time for which application threads were stopped: 0.0012898 seconds, Stopping threads took: 0.0005256 seconds
[2023-10-19T20:51:03.996+0000][738.524s][debug][safepoint     ] Safepoint synchronization initiated. (177 threads)
[2023-10-19T20:51:03.997+0000][738.525s][info ][safepoint     ] Application time: 1.0009146 seconds
[2023-10-19T20:51:03.997+0000][738.526s][info ][safepoint     ] Entering safepoint region: Cleanup
[2023-10-19T20:51:03.998+0000][738.527s][info ][safepoint     ] Leaving safepoint region
[2023-10-19T20:51:03.998+0000][738.527s][info ][safepoint     ] Total time for which application threads were stopped: 0.0012915 seconds, Stopping threads took: 0.0005933 seconds
[2023-10-19T20:51:04.999+0000][739.528s][debug][safepoint     ] Safepoint synchronization initiated. (177 threads)
[2023-10-19T20:51:05.001+0000][739.529s][info ][safepoint     ] Application time: 1.0015685 seconds
[2023-10-19T20:51:05.002+0000][739.530s][info ][safepoint     ] Entering safepoint region: Cleanup
[2023-10-19T20:51:05.003+0000][739.532s][info ][safepoint     ] Leaving safepoint region
[2023-10-19T20:51:05.004+0000][739.532s][info ][safepoint     ] Total time for which application threads were stopped: 0.0019806 seconds, Stopping threads took: 0.0009004 seconds
[2023-10-19T20:51:06.005+0000][740.534s][debug][safepoint     ] Safepoint synchronization initiated. (177 threads)
[2023-10-19T20:51:06.006+0000][740.535s][info ][safepoint     ] Application time: 1.0013382 seconds
[2023-10-19T20:51:06.007+0000][740.536s][info ][safepoint     ] Entering safepoint region: Cleanup
[2023-10-19T20:51:06.009+0000][740.537s][info ][safepoint     ] Leaving safepoint region
[2023-10-19T20:51:06.010+0000][740.538s][info ][safepoint     ] Total time for which application threads were stopped: 0.0026413 seconds, Stopping threads took: 0.0011426 seconds
[2023-10-19T20:51:07.011+0000][741.539s][debug][safepoint     ] Safepoint synchronization initiated. (177 threads)
[2023-10-19T20:51:07.012+0000][741.541s][info ][safepoint     ] Application time: 1.0015532 seconds
[2023-10-19T20:51:07.013+0000][741.542s][info ][safepoint     ] Entering safepoint region: Cleanup
[2023-10-19T20:51:07.015+0000][741.543s][info ][safepoint     ] Leaving safepoint region
[2023-10-19T20:51:07.016+0000][741.544s][info ][safepoint     ] Total time for which application threads were stopped: 0.0024872 seconds, Stopping threads took: 0.0010772 seconds
[2023-10-19T20:51:08.017+0000][742.546s][debug][safepoint     ] Safepoint synchronization initiated. (177 threads)
[2023-10-19T20:51:08.018+0000][742.547s][info ][safepoint     ] Application time: 1.0011577 seconds
[2023-10-19T20:51:08.019+0000][742.547s][info ][safepoint     ] Entering safepoint region: Cleanup
[2023-10-19T20:51:08.020+0000][742.548s][info ][safepoint     ] Leaving safepoint region
[2023-10-19T20:51:08.020+0000][742.549s][info ][safepoint     ] Total time for which application threads were stopped: 0.0014303 seconds, Stopping threads took: 0.0006310 seconds
[2023-10-19T20:51:09.021+0000][743.550s][debug][safepoint     ] Safepoint synchronization initiated. (177 threads)
[2023-10-19T20:51:09.022+0000][743.551s][info ][safepoint     ] Application time: 1.0014427 seconds
[2023-10-19T20:51:09.023+0000][743.552s][info ][safepoint     ] Entering safepoint region: Cleanup
[2023-10-19T20:51:09.024+0000][743.553s][info ][safepoint     ] Leaving safepoint region
[2023-10-19T20:51:09.025+0000][743.554s][info ][safepoint     ] Total time for which application threads were stopped: 0.0020493 seconds, Stopping threads took: 0.0009722 seconds
[2023-10-19T20:51:10.026+0000][744.555s][debug][safepoint     ] Safepoint synchronization initiated. (177 threads)
[2023-10-19T20:51:10.027+0000][744.556s][info ][safepoint     ] Application time: 1.0010639 seconds
[2023-10-19T20:51:10.028+0000][744.556s][info ][safepoint     ] Entering safepoint region: Cleanup
[2023-10-19T20:51:10.029+0000][744.557s][info ][safepoint     ] Leaving safepoint region
[2023-10-19T20:51:10.029+0000][744.558s][info ][safepoint     ] Total time for which application threads were stopped: 0.0016551 seconds, Stopping threads took: 0.0007632 seconds
[2023-10-19T20:51:11.030+0000][745.559s][debug][safepoint     ] Safepoint synchronization initiated. (177 threads)
[2023-10-19T20:51:11.031+0000][745.559s][info ][safepoint     ] Application time: 1.0006107 seconds
[2023-10-19T20:51:11.031+0000][745.560s][info ][safepoint     ] Entering safepoint region: Cleanup
[2023-10-19T20:51:11.031+0000][745.560s][info ][safepoint     ] Leaving safepoint region
[2023-10-19T20:51:11.032+0000][745.560s][info ][safepoint     ] Total time for which application threads were stopped: 0.0007758 seconds, Stopping threads took: 0.0003284 seconds
[2023-10-19T20:51:12.032+0000][746.561s][debug][safepoint     ] Safepoint synchronization initiated. (177 threads)
[2023-10-19T20:51:12.033+0000][746.561s][info ][safepoint     ] Application time: 1.0007088 seconds
[2023-10-19T20:51:12.033+0000][746.562s][info ][safepoint     ] Entering safepoint region: Cleanup
[2023-10-19T20:51:12.033+0000][746.562s][info ][safepoint     ] Leaving safepoint region
[2023-10-19T20:51:12.034+0000][746.562s][info ][safepoint     ] Total time for which application threads were stopped: 0.0007503 seconds, Stopping threads took: 0.0002991 seconds
[2023-10-19T20:51:13.034+0000][747.563s][debug][safepoint     ] Safepoint synchronization initiated. (177 threads)
[2023-10-19T20:51:13.035+0000][747.564s][info ][safepoint     ] Application time: 1.0013382 seconds
[2023-10-19T20:51:13.037+0000][747.565s][info ][safepoint     ] Entering safepoint region: Cleanup
[2023-10-19T20:51:13.038+0000][747.567s][info ][safepoint     ] Leaving safepoint region
[2023-10-19T20:51:13.039+0000][747.568s][info ][safepoint     ] Total time for which application threads were stopped: 0.0024224 seconds, Stopping threads took: 0.0010533 seconds
[2023-10-19T20:51:14.040+0000][748.569s][debug][safepoint     ] Safepoint synchronization initiated. (177 threads)
[2023-10-19T20:51:14.041+0000][748.570s][info ][safepoint     ] Application time: 1.0015546 seconds
[2023-10-19T20:51:14.043+0000][748.571s][info ][safepoint     ] Entering safepoint region: Cleanup
[2023-10-19T20:51:14.044+0000][748.573s][info ][safepoint     ] Leaving safepoint region
[2023-10-19T20:51:14.045+0000][748.573s][info ][safepoint     ] Total time for which application threads were stopped: 0.0024056 seconds, Stopping threads took: 0.0011554 seconds
[2023-10-19T20:51:15.046+0000][749.574s][debug][safepoint     ] Safepoint synchronization initiated. (177 threads)
[2023-10-19T20:51:15.046+0000][749.575s][info ][safepoint     ] Application time: 1.0007629 seconds
[2023-10-19T20:51:15.047+0000][749.576s][info ][safepoint     ] Entering safepoint region: Cleanup
[2023-10-19T20:51:15.048+0000][749.576s][info ][safepoint     ] Leaving safepoint region
[2023-10-19T20:51:15.048+0000][749.577s][info ][safepoint     ] Total time for which application threads were stopped: 0.0014295 seconds, Stopping threads took: 0.0005408 seconds
[2023-10-19T20:51:16.049+0000][750.578s][debug][safepoint     ] Safepoint synchronization initiated. (177 threads)
[2023-10-19T20:51:16.050+0000][750.579s][info ][safepoint     ] Application time: 1.0011968 seconds
[2023-10-19T20:51:16.051+0000][750.580s][info ][safepoint     ] Entering safepoint region: Cleanup
[2023-10-19T20:51:16.052+0000][750.581s][info ][safepoint     ] Leaving safepoint region
[2023-10-19T20:51:16.053+0000][750.581s][info ][safepoint     ] Total time for which application threads were stopped: 0.0018331 seconds, Stopping threads took: 0.0008528 seconds
[2023-10-19T20:51:16.637+0000][751.166s][debug][safepoint     ] Safepoint synchronization initiated. (177 threads)
[2023-10-19T20:51:16.639+0000][751.167s][info ][safepoint     ] Application time: 0.5850485 seconds
[2023-10-19T20:51:16.640+0000][751.168s][info ][safepoint     ] Entering safepoint region: G1CollectForAllocation
[2023-10-19T20:51:16.641+0000][751.170s][info ][gc,start      ] GC(63) Pause Young (Normal) (G1 Evacuation Pause)
[2023-10-19T20:51:16.642+0000][751.171s][info ][gc,task       ] GC(63) Using 8 workers of 8 for evacuation
[2023-10-19T20:51:16.652+0000][751.181s][info ][gc,phases     ] GC(63)   Pre Evacuate Collection Set: 0.1ms
[2023-10-19T20:51:16.653+0000][751.182s][info ][gc,phases     ] GC(63)   Evacuate Collection Set: 6.3ms
[2023-10-19T20:51:16.654+0000][751.182s][info ][gc,phases     ] GC(63)   Post Evacuate Collection Set: 2.9ms
[2023-10-19T20:51:16.654+0000][751.183s][info ][gc,phases     ] GC(63)   Other: 1.8ms
[2023-10-19T20:51:16.655+0000][751.183s][info ][gc,heap       ] GC(63) Eden regions: 196->0(198)
[2023-10-19T20:51:16.655+0000][751.184s][info ][gc,heap       ] GC(63) Survivor regions: 14->13(27)
[2023-10-19T20:51:16.656+0000][751.184s][info ][gc,heap       ] GC(63) Old regions: 144->144
[2023-10-19T20:51:16.656+0000][751.185s][info ][gc,heap       ] GC(63) Humongous regions: 5->5
[2023-10-19T20:51:16.657+0000][751.185s][info ][gc,metaspace  ] GC(63) Metaspace: 166549K(171984K)->166549K(171984K) NonClass: 147137K(150480K)->147137K(150480K) Class: 19411K(21504K)->19411K(21504K)
[2023-10-19T20:51:16.657+0000][751.186s][info ][gc            ] GC(63) Pause Young (Normal) (G1 Evacuation Pause) 357M->160M(415M) 16.126ms
[2023-10-19T20:51:16.658+0000][751.187s][info ][gc,cpu        ] GC(63) User=0.07s Sys=0.00s Real=0.02s
[2023-10-19T20:51:16.658+0000][751.187s][info ][safepoint     ] Leaving safepoint region
[2023-10-19T20:51:16.659+0000][751.188s][info ][safepoint     ] Total time for which application threads were stopped: 0.0191423 seconds, Stopping threads took: 0.0009313 seconds
[2023-10-19T20:51:16.660+0000][751.188s][info ][gc,stringdedup] Concurrent String Deduplication (751.188s)
[2023-10-19T20:51:16.660+0000][751.189s][info ][gc,stringdedup] Concurrent String Deduplication 40728.0B->19056.0B(21672.0B) avg 54.3% (751.188s, 751.189s) 0.776ms
[2023-10-19T20:51:17.660+0000][752.188s][debug][safepoint     ] Safepoint synchronization initiated. (177 threads)
[2023-10-19T20:51:17.661+0000][752.190s][info ][safepoint     ] Application time: 1.0015832 seconds
[2023-10-19T20:51:17.662+0000][752.191s][info ][safepoint     ] Entering safepoint region: Cleanup
[2023-10-19T20:51:17.664+0000][752.192s][info ][safepoint     ] Leaving safepoint region
[2023-10-19T20:51:17.664+0000][752.193s][info ][safepoint     ] Total time for which application threads were stopped: 0.0022704 seconds, Stopping threads took: 0.0010610 seconds
[2023-10-19T20:51:18.666+0000][753.194s][debug][safepoint     ] Safepoint synchronization initiated. (177 threads)
[2023-10-19T20:51:18.667+0000][753.195s][info ][safepoint     ] Application time: 1.0014403 seconds
[2023-10-19T20:51:18.668+0000][753.196s][info ][safepoint     ] Entering safepoint region: Cleanup
[2023-10-19T20:51:18.669+0000][753.198s][info ][safepoint     ] Leaving safepoint region
[2023-10-19T20:51:18.670+0000][753.198s][info ][safepoint     ] Total time for which application threads were stopped: 0.0022221 seconds, Stopping threads took: 0.0009410 seconds
[2023-10-19T20:51:19.671+0000][754.200s][debug][safepoint     ] Safepoint synchronization initiated. (177 threads)
[2023-10-19T20:51:19.672+0000][754.201s][info ][safepoint     ] Application time: 1.0015356 seconds
[2023-10-19T20:51:19.673+0000][754.202s][info ][safepoint     ] Entering safepoint region: Cleanup
[2023-10-19T20:51:19.674+0000][754.203s][info ][safepoint     ] Leaving safepoint region
[2023-10-19T20:51:19.675+0000][754.204s][info ][safepoint     ] Total time for which application threads were stopped: 0.0020850 seconds, Stopping threads took: 0.0008650 seconds
[2023-10-19T20:51:20.676+0000][755.205s][debug][safepoint     ] Safepoint synchronization initiated. (177 threads)
[2023-10-19T20:51:20.677+0000][755.206s][info ][safepoint     ] Application time: 1.0013356 seconds
[2023-10-19T20:51:20.678+0000][755.207s][info ][safepoint     ] Entering safepoint region: Cleanup
[2023-10-19T20:51:20.679+0000][755.208s][info ][safepoint     ] Leaving safepoint region
[2023-10-19T20:51:20.680+0000][755.209s][info ][safepoint     ] Total time for which application threads were stopped: 0.0020925 seconds, Stopping threads took: 0.0008845 seconds
[2023-10-19T20:51:20.680+0000][755.208s][debug][safepoint     ] ... found polling page return exception at pc = 0x00007fbdb0cb92c4, stub =0x00007fbda8840600
[2023-10-19T20:51:20.680+0000][755.208s][debug][safepoint     ] ... found polling page return exception at pc = 0x00007fbdb0cb92c4, stub =0x00007fbda8840600
[2023-10-19T20:51:20.680+0000][755.208s][debug][safepoint     ] ... found polling page return exception at pc = 0x00007fbdb0cb92c4, stub =0x00007fbda8840600
[2023-10-19T20:51:20.680+0000][755.208s][debug][safepoint     ] ... found polling page return exception at pc = 0x00007fbdb0cb92c4, stub =0x00007fbda8840600
[2023-10-19T20:51:20.680+0000][755.208s][debug][safepoint     ] ... found polling page return exception at pc = 0x00007fbdb0cb92c4, stub =0x00007fbda8840600
[2023-10-19T20:51:20.680+0000][755.208s][debug][safepoint     ] ... found polling page return exception at pc = 0x00007fbdb0cb92c4, stub =0x00007fbda8840600
[2023-10-19T20:51:21.681+0000][756.210s][debug][safepoint     ] Safepoint synchronization initiated. (177 threads)
[2023-10-19T20:51:21.682+0000][756.211s][info ][safepoint     ] Application time: 1.0013531 seconds
[2023-10-19T20:51:21.683+0000][756.212s][info ][safepoint     ] Entering safepoint region: Cleanup
[2023-10-19T20:51:21.685+0000][756.213s][info ][safepoint     ] Leaving safepoint region
[2023-10-19T20:51:21.686+0000][756.214s][info ][safepoint     ] Total time for which application threads were stopped: 0.0022973 seconds, Stopping threads took: 0.0009296 seconds
[2023-10-19T20:51:22.687+0000][757.215s][debug][safepoint     ] Safepoint synchronization initiated. (177 threads)
[2023-10-19T20:51:22.688+0000][757.216s][info ][safepoint     ] Application time: 1.0010394 seconds
[2023-10-19T20:51:22.689+0000][757.217s][info ][safepoint     ] Entering safepoint region: Cleanup
[2023-10-19T20:51:22.689+0000][757.218s][info ][safepoint     ] Leaving safepoint region
[2023-10-19T20:51:22.690+0000][757.218s][info ][safepoint     ] Total time for which application threads were stopped: 0.0009995 seconds, Stopping threads took: 0.0004270 seconds
[2023-10-19T20:51:23.690+0000][758.219s][debug][safepoint     ] Safepoint synchronization initiated. (177 threads)
[2023-10-19T20:51:23.691+0000][758.220s][info ][safepoint     ] Application time: 1.0009126 seconds
[2023-10-19T20:51:23.692+0000][758.220s][info ][safepoint     ] Entering safepoint region: Cleanup
[2023-10-19T20:51:23.692+0000][758.221s][info ][safepoint     ] Leaving safepoint region
[2023-10-19T20:51:23.693+0000][758.222s][info ][safepoint     ] Total time for which application threads were stopped: 0.0016747 seconds, Stopping threads took: 0.0008391 seconds
[2023-10-19T20:51:24.694+0000][759.223s][debug][safepoint     ] Safepoint synchronization initiated. (177 threads)
[2023-10-19T20:51:24.695+0000][759.224s][info ][safepoint     ] Application time: 1.0012903 seconds
[2023-10-19T20:51:24.696+0000][759.225s][info ][safepoint     ] Entering safepoint region: Cleanup
[2023-10-19T20:51:24.697+0000][759.225s][info ][safepoint     ] Leaving safepoint region
[2023-10-19T20:51:24.697+0000][759.226s][info ][safepoint     ] Total time for which application threads were stopped: 0.0016906 seconds, Stopping threads took: 0.0007180 seconds
[2023-10-19T20:51:25.698+0000][760.227s][debug][safepoint     ] Safepoint synchronization initiated. (177 threads)
[2023-10-19T20:51:25.699+0000][760.228s][info ][safepoint     ] Application time: 1.0009507 seconds
[2023-10-19T20:51:25.700+0000][760.229s][info ][safepoint     ] Entering safepoint region: Cleanup
[2023-10-19T20:51:25.701+0000][760.229s][info ][safepoint     ] Leaving safepoint region
[2023-10-19T20:51:25.701+0000][760.230s][info ][safepoint     ] Total time for which application threads were stopped: 0.0014645 seconds, Stopping threads took: 0.0007487 seconds
[2023-10-19T20:51:26.702+0000][761.231s][debug][safepoint     ] Safepoint synchronization initiated. (177 threads)
[2023-10-19T20:51:26.703+0000][761.232s][info ][safepoint     ] Application time: 1.0011856 seconds
[2023-10-19T20:51:26.704+0000][761.233s][info ][safepoint     ] Entering safepoint region: Cleanup
[2023-10-19T20:51:26.705+0000][761.233s][info ][safepoint     ] Leaving safepoint region
[2023-10-19T20:51:26.705+0000][761.234s][info ][safepoint     ] Total time for which application threads were stopped: 0.0016253 seconds, Stopping threads took: 0.0006472 seconds
[2023-10-19T20:51:27.706+0000][762.235s][debug][safepoint     ] Safepoint synchronization initiated. (177 threads)
[2023-10-19T20:51:27.707+0000][762.236s][info ][safepoint     ] Application time: 1.0011051 seconds
[2023-10-19T20:51:27.708+0000][762.237s][info ][safepoint     ] Entering safepoint region: Cleanup
[2023-10-19T20:51:27.709+0000][762.238s][info ][safepoint     ] Leaving safepoint region
[2023-10-19T20:51:27.709+0000][762.238s][info ][safepoint     ] Total time for which application threads were stopped: 0.0012728 seconds, Stopping threads took: 0.0005883 seconds
[2023-10-19T20:51:28.710+0000][763.239s][debug][safepoint     ] Safepoint synchronization initiated. (177 threads)
[2023-10-19T20:51:28.712+0000][763.240s][info ][safepoint     ] Application time: 1.0018431 seconds
[2023-10-19T20:51:28.713+0000][763.242s][info ][safepoint     ] Entering safepoint region: Cleanup
[2023-10-19T20:51:28.714+0000][763.243s][info ][safepoint     ] Leaving safepoint region
[2023-10-19T20:51:28.715+0000][763.244s][info ][safepoint     ] Total time for which application threads were stopped: 0.0024952 seconds, Stopping threads took: 0.0011624 seconds
[2023-10-19T20:51:29.717+0000][764.245s][debug][safepoint     ] Safepoint synchronization initiated. (177 threads)
[2023-10-19T20:51:29.718+0000][764.246s][info ][safepoint     ] Application time: 1.0014190 seconds
[2023-10-19T20:51:29.719+0000][764.247s][info ][safepoint     ] Entering safepoint region: Cleanup
[2023-10-19T20:51:29.720+0000][764.248s][info ][safepoint     ] Leaving safepoint region
[2023-10-19T20:51:29.720+0000][764.249s][info ][safepoint     ] Total time for which application threads were stopped: 0.0018599 seconds, Stopping threads took: 0.0008641 seconds
[2023-10-19T20:51:30.721+0000][765.250s][debug][safepoint     ] Safepoint synchronization initiated. (177 threads)
[2023-10-19T20:51:30.723+0000][765.251s][info ][safepoint     ] Application time: 1.0015069 seconds
[2023-10-19T20:51:30.724+0000][765.252s][info ][safepoint     ] Entering safepoint region: Cleanup
[2023-10-19T20:51:30.725+0000][765.254s][info ][safepoint     ] Leaving safepoint region
[2023-10-19T20:51:30.726+0000][765.255s][info ][safepoint     ] Total time for which application threads were stopped: 0.0025240 seconds, Stopping threads took: 0.0010048 seconds
[2023-10-19T20:51:31.728+0000][766.256s][debug][safepoint     ] Safepoint synchronization initiated. (177 threads)
[2023-10-19T20:51:31.729+0000][766.257s][info ][safepoint     ] Application time: 1.0014230 seconds
[2023-10-19T20:51:31.729+0000][766.258s][info ][safepoint     ] Entering safepoint region: Cleanup
[2023-10-19T20:51:31.730+0000][766.259s][info ][safepoint     ] Leaving safepoint region
[2023-10-19T20:51:31.730+0000][766.259s][info ][safepoint     ] Total time for which application threads were stopped: 0.0013624 seconds, Stopping threads took: 0.0006337 seconds
[2023-10-19T20:51:32.731+0000][767.260s][debug][safepoint     ] Safepoint synchronization initiated. (177 threads)
[2023-10-19T20:51:32.732+0000][767.260s][info ][safepoint     ] Application time: 1.0007465 seconds
[2023-10-19T20:51:32.732+0000][767.261s][info ][safepoint     ] Entering safepoint region: Cleanup
[2023-10-19T20:51:32.733+0000][767.261s][info ][safepoint     ] Leaving safepoint region
[2023-10-19T20:51:32.733+0000][767.262s][info ][safepoint     ] Total time for which application threads were stopped: 0.0009784 seconds, Stopping threads took: 0.0004148 seconds
[2023-10-19T20:51:33.733+0000][768.262s][debug][safepoint     ] Safepoint synchronization initiated. (177 threads)
[2023-10-19T20:51:33.735+0000][768.264s][info ][safepoint     ] Application time: 1.0018358 seconds
[2023-10-19T20:51:33.736+0000][768.265s][info ][safepoint     ] Entering safepoint region: Cleanup
[2023-10-19T20:51:33.737+0000][768.266s][info ][safepoint     ] Leaving safepoint region
[2023-10-19T20:51:33.738+0000][768.267s][info ][safepoint     ] Total time for which application threads were stopped: 0.0020104 seconds, Stopping threads took: 0.0009568 seconds
[2023-10-19T20:51:34.739+0000][769.268s][debug][safepoint     ] Safepoint synchronization initiated. (177 threads)
[2023-10-19T20:51:34.741+0000][769.269s][info ][safepoint     ] Application time: 1.0016039 seconds
[2023-10-19T20:51:34.742+0000][769.270s][info ][safepoint     ] Entering safepoint region: Cleanup
[2023-10-19T20:51:34.743+0000][769.272s][info ][safepoint     ] Leaving safepoint region
[2023-10-19T20:51:34.744+0000][769.273s][info ][safepoint     ] Total time for which application threads were stopped: 0.0025295 seconds, Stopping threads took: 0.0012711 seconds
[2023-10-19T20:51:35.745+0000][770.274s][debug][safepoint     ] Safepoint synchronization initiated. (177 threads)
[2023-10-19T20:51:35.746+0000][770.275s][info ][safepoint     ] Application time: 1.0008656 seconds
[2023-10-19T20:51:35.746+0000][770.275s][info ][safepoint     ] Entering safepoint region: Cleanup
[2023-10-19T20:51:35.747+0000][770.276s][info ][safepoint     ] Leaving safepoint region
[2023-10-19T20:51:35.747+0000][770.276s][info ][safepoint     ] Total time for which application threads were stopped: 0.0012046 seconds, Stopping threads took: 0.0005081 seconds
[2023-10-19T20:51:36.748+0000][771.277s][debug][safepoint     ] Safepoint synchronization initiated. (177 threads)
[2023-10-19T20:51:36.750+0000][771.278s][info ][safepoint     ] Application time: 1.0015152 seconds
[2023-10-19T20:51:36.751+0000][771.279s][info ][safepoint     ] Entering safepoint region: Cleanup
[2023-10-19T20:51:36.752+0000][771.281s][info ][safepoint     ] Leaving safepoint region
[2023-10-19T20:51:36.753+0000][771.282s][info ][safepoint     ] Total time for which application threads were stopped: 0.0024478 seconds, Stopping threads took: 0.0011239 seconds
[2023-10-19T20:51:37.754+0000][772.283s][debug][safepoint     ] Safepoint synchronization initiated. (177 threads)
[2023-10-19T20:51:37.756+0000][772.284s][info ][safepoint     ] Application time: 1.0017144 seconds
[2023-10-19T20:51:37.757+0000][772.285s][info ][safepoint     ] Entering safepoint region: Cleanup
[2023-10-19T20:51:37.758+0000][772.287s][info ][safepoint     ] Leaving safepoint region
[2023-10-19T20:51:37.759+0000][772.287s][info ][safepoint     ] Total time for which application threads were stopped: 0.0021981 seconds, Stopping threads took: 0.0008962 seconds
[2023-10-19T20:51:38.760+0000][773.289s][debug][safepoint     ] Safepoint synchronization initiated. (177 threads)
[2023-10-19T20:51:38.761+0000][773.290s][info ][safepoint     ] Application time: 1.0017090 seconds
[2023-10-19T20:51:38.763+0000][773.291s][info ][safepoint     ] Entering safepoint region: Cleanup
[2023-10-19T20:51:38.764+0000][773.293s][info ][safepoint     ] Leaving safepoint region
[2023-10-19T20:51:38.765+0000][773.294s][info ][safepoint     ] Total time for which application threads were stopped: 0.0028149 seconds, Stopping threads took: 0.0012297 seconds
[2023-10-19T20:51:39.767+0000][774.295s][debug][safepoint     ] Safepoint synchronization initiated. (177 threads)
[2023-10-19T20:51:39.768+0000][774.296s][info ][safepoint     ] Application time: 1.0010517 seconds
[2023-10-19T20:51:39.768+0000][774.297s][info ][safepoint     ] Entering safepoint region: Cleanup
[2023-10-19T20:51:39.770+0000][774.298s][info ][safepoint     ] Leaving safepoint region
[2023-10-19T20:51:39.770+0000][774.299s][info ][safepoint     ] Total time for which application threads were stopped: 0.0018388 seconds, Stopping threads took: 0.0008249 seconds
[2023-10-19T20:51:40.771+0000][775.300s][debug][safepoint     ] Safepoint synchronization initiated. (177 threads)
[2023-10-19T20:51:40.772+0000][775.301s][info ][safepoint     ] Application time: 1.0014541 seconds
[2023-10-19T20:51:40.773+0000][775.302s][info ][safepoint     ] Entering safepoint region: Cleanup
[2023-10-19T20:51:40.775+0000][775.303s][info ][safepoint     ] Leaving safepoint region
[2023-10-19T20:51:40.776+0000][775.304s][info ][safepoint     ] Total time for which application threads were stopped: 0.0022341 seconds, Stopping threads took: 0.0009434 seconds
[2023-10-19T20:51:41.777+0000][776.305s][debug][safepoint     ] Safepoint synchronization initiated. (177 threads)
[2023-10-19T20:51:41.777+0000][776.306s][info ][safepoint     ] Application time: 1.0008620 seconds
[2023-10-19T20:51:41.778+0000][776.306s][info ][safepoint     ] Entering safepoint region: Cleanup
[2023-10-19T20:51:41.778+0000][776.307s][info ][safepoint     ] Leaving safepoint region
[2023-10-19T20:51:41.779+0000][776.307s][info ][safepoint     ] Total time for which application threads were stopped: 0.0010818 seconds, Stopping threads took: 0.0004706 seconds
[2023-10-19T20:51:42.779+0000][777.308s][debug][safepoint     ] Safepoint synchronization initiated. (177 threads)
[2023-10-19T20:51:42.781+0000][777.310s][info ][safepoint     ] Application time: 1.0017058 seconds
[2023-10-19T20:51:42.782+0000][777.311s][info ][safepoint     ] Entering safepoint region: Cleanup
[2023-10-19T20:51:42.783+0000][777.312s][info ][safepoint     ] Leaving safepoint region
[2023-10-19T20:51:42.784+0000][777.313s][info ][safepoint     ] Total time for which application threads were stopped: 0.0023425 seconds, Stopping threads took: 0.0011471 seconds
[2023-10-19T20:51:43.785+0000][778.314s][debug][safepoint     ] Safepoint synchronization initiated. (177 threads)
[2023-10-19T20:51:43.786+0000][778.315s][info ][safepoint     ] Application time: 1.0014395 seconds
[2023-10-19T20:51:43.787+0000][778.316s][info ][safepoint     ] Entering safepoint region: Cleanup
[2023-10-19T20:51:43.789+0000][778.317s][info ][safepoint     ] Leaving safepoint region
[2023-10-19T20:51:43.789+0000][778.318s][info ][safepoint     ] Total time for which application threads were stopped: 0.0023395 seconds, Stopping threads took: 0.0010504 seconds
[2023-10-19T20:51:44.791+0000][779.319s][debug][safepoint     ] Safepoint synchronization initiated. (177 threads)
[2023-10-19T20:51:44.792+0000][779.321s][info ][safepoint     ] Application time: 1.0015536 seconds
[2023-10-19T20:51:44.793+0000][779.322s][info ][safepoint     ] Entering safepoint region: Cleanup
[2023-10-19T20:51:44.794+0000][779.323s][info ][safepoint     ] Leaving safepoint region
[2023-10-19T20:51:44.796+0000][779.324s][info ][safepoint     ] Total time for which application threads were stopped: 0.0026334 seconds, Stopping threads took: 0.0011388 seconds
[2023-10-19T20:51:45.797+0000][780.326s][debug][safepoint     ] Safepoint synchronization initiated. (177 threads)
[2023-10-19T20:51:45.797+0000][780.326s][info ][safepoint     ] Application time: 1.0008041 seconds
[2023-10-19T20:51:45.798+0000][780.327s][info ][safepoint     ] Entering safepoint region: Cleanup
[2023-10-19T20:51:45.799+0000][780.328s][info ][safepoint     ] Leaving safepoint region
[2023-10-19T20:51:45.799+0000][780.328s][info ][safepoint     ] Total time for which application threads were stopped: 0.0012790 seconds, Stopping threads took: 0.0005676 seconds
[2023-10-19T20:51:46.800+0000][781.329s][debug][safepoint     ] Safepoint synchronization initiated. (177 threads)
[2023-10-19T20:51:46.801+0000][781.329s][info ][safepoint     ] Application time: 1.0006759 seconds
[2023-10-19T20:51:46.801+0000][781.330s][info ][safepoint     ] Entering safepoint region: Cleanup
[2023-10-19T20:51:46.802+0000][781.331s][info ][safepoint     ] Leaving safepoint region
[2023-10-19T20:51:46.802+0000][781.331s][info ][safepoint     ] Total time for which application threads were stopped: 0.0011002 seconds, Stopping threads took: 0.0004831 seconds
[2023-10-19T20:51:47.803+0000][782.332s][debug][safepoint     ] Safepoint synchronization initiated. (177 threads)
[2023-10-19T20:51:47.804+0000][782.333s][info ][safepoint     ] Application time: 1.0018165 seconds
[2023-10-19T20:51:47.806+0000][782.334s][info ][safepoint     ] Entering safepoint region: Cleanup
[2023-10-19T20:51:47.807+0000][782.336s][info ][safepoint     ] Leaving safepoint region
[2023-10-19T20:51:47.808+0000][782.337s][info ][safepoint     ] Total time for which application threads were stopped: 0.0022450 seconds, Stopping threads took: 0.0010730 seconds
[2023-10-19T20:51:48.809+0000][783.338s][debug][safepoint     ] Safepoint synchronization initiated. (176 threads)
[2023-10-19T20:51:48.810+0000][783.339s][info ][safepoint     ] Application time: 1.0012743 seconds
[2023-10-19T20:51:48.811+0000][783.340s][info ][safepoint     ] Entering safepoint region: Cleanup
[2023-10-19T20:51:48.812+0000][783.341s][info ][safepoint     ] Leaving safepoint region
[2023-10-19T20:51:48.813+0000][783.342s][info ][safepoint     ] Total time for which application threads were stopped: 0.0021597 seconds, Stopping threads took: 0.0009473 seconds
[2023-10-19T20:51:49.814+0000][784.343s][debug][safepoint     ] Safepoint synchronization initiated. (176 threads)
[2023-10-19T20:51:49.815+0000][784.344s][info ][safepoint     ] Application time: 1.0014128 seconds
[2023-10-19T20:51:49.816+0000][784.345s][info ][safepoint     ] Entering safepoint region: Cleanup
[2023-10-19T20:51:49.818+0000][784.347s][info ][safepoint     ] Leaving safepoint region
[2023-10-19T20:51:49.819+0000][784.347s][info ][safepoint     ] Total time for which application threads were stopped: 0.0021934 seconds, Stopping threads took: 0.0009442 seconds
[2023-10-19T20:51:50.820+0000][785.348s][debug][safepoint     ] Safepoint synchronization initiated. (176 threads)
[2023-10-19T20:51:50.821+0000][785.350s][info ][safepoint     ] Application time: 1.0013867 seconds
[2023-10-19T20:51:50.822+0000][785.351s][info ][safepoint     ] Entering safepoint region: Cleanup
[2023-10-19T20:51:50.823+0000][785.352s][info ][safepoint     ] Leaving safepoint region
[2023-10-19T20:51:50.824+0000][785.353s][info ][safepoint     ] Total time for which application threads were stopped: 0.0021382 seconds, Stopping threads took: 0.0010459 seconds
[2023-10-19T20:51:51.825+0000][786.354s][debug][safepoint     ] Safepoint synchronization initiated. (177 threads)
[2023-10-19T20:51:51.825+0000][786.354s][info ][safepoint     ] Application time: 1.0006798 seconds
[2023-10-19T20:51:51.827+0000][786.355s][info ][safepoint     ] Entering safepoint region: Cleanup
[2023-10-19T20:51:51.828+0000][786.356s][info ][safepoint     ] Leaving safepoint region
[2023-10-19T20:51:51.828+0000][786.357s][info ][safepoint     ] Total time for which application threads were stopped: 0.0021206 seconds, Stopping threads took: 0.0010347 seconds
[2023-10-19T20:51:52.829+0000][787.358s][debug][safepoint     ] Safepoint synchronization initiated. (177 threads)
[2023-10-19T20:51:52.830+0000][787.358s][info ][safepoint     ] Application time: 1.0008107 seconds
[2023-10-19T20:51:52.830+0000][787.359s][info ][safepoint     ] Entering safepoint region: Cleanup
[2023-10-19T20:51:52.831+0000][787.359s][info ][safepoint     ] Leaving safepoint region
[2023-10-19T20:51:52.831+0000][787.360s][info ][safepoint     ] Total time for which application threads were stopped: 0.0010392 seconds, Stopping threads took: 0.0004762 seconds
[2023-10-19T20:51:53.832+0000][788.361s][debug][safepoint     ] Safepoint synchronization initiated. (177 threads)
[2023-10-19T20:51:53.833+0000][788.362s][info ][safepoint     ] Application time: 1.0016355 seconds
[2023-10-19T20:51:53.834+0000][788.363s][info ][safepoint     ] Entering safepoint region: Cleanup
[2023-10-19T20:51:53.836+0000][788.364s][info ][safepoint     ] Leaving safepoint region
[2023-10-19T20:51:53.837+0000][788.366s][info ][safepoint     ] Total time for which application threads were stopped: 0.0025858 seconds, Stopping threads took: 0.0010137 seconds
[2023-10-19T20:51:54.838+0000][789.367s][debug][safepoint     ] Safepoint synchronization initiated. (177 threads)
[2023-10-19T20:51:54.839+0000][789.368s][info ][safepoint     ] Application time: 1.0012847 seconds
[2023-10-19T20:51:54.840+0000][789.369s][info ][safepoint     ] Entering safepoint region: Cleanup
[2023-10-19T20:51:54.841+0000][789.370s][info ][safepoint     ] Leaving safepoint region
[2023-10-19T20:51:54.842+0000][789.371s][info ][safepoint     ] Total time for which application threads were stopped: 0.0020870 seconds, Stopping threads took: 0.0009342 seconds
[2023-10-19T20:51:55.843+0000][790.372s][debug][safepoint     ] Safepoint synchronization initiated. (177 threads)
[2023-10-19T20:51:55.844+0000][790.372s][info ][safepoint     ] Application time: 1.0005087 seconds
[2023-10-19T20:51:55.844+0000][790.373s][info ][safepoint     ] Entering safepoint region: Cleanup
[2023-10-19T20:51:55.844+0000][790.373s][info ][safepoint     ] Leaving safepoint region
[2023-10-19T20:51:55.845+0000][790.373s][info ][safepoint     ] Total time for which application threads were stopped: 0.0008830 seconds, Stopping threads took: 0.0003814 seconds
[2023-10-19T20:51:56.845+0000][791.374s][debug][safepoint     ] Safepoint synchronization initiated. (177 threads)
[2023-10-19T20:51:56.846+0000][791.375s][info ][safepoint     ] Application time: 1.0007328 seconds
[2023-10-19T20:51:56.846+0000][791.375s][info ][safepoint     ] Entering safepoint region: Cleanup
[2023-10-19T20:51:56.847+0000][791.376s][info ][safepoint     ] Leaving safepoint region
[2023-10-19T20:51:56.847+0000][791.376s][info ][safepoint     ] Total time for which application threads were stopped: 0.0010733 seconds, Stopping threads took: 0.0004964 seconds
[2023-10-19T20:51:57.848+0000][792.377s][debug][safepoint     ] Safepoint synchronization initiated. (177 threads)
[2023-10-19T20:51:57.848+0000][792.377s][info ][safepoint     ] Application time: 1.0005589 seconds
[2023-10-19T20:51:57.849+0000][792.377s][info ][safepoint     ] Entering safepoint region: Cleanup
[2023-10-19T20:51:57.849+0000][792.378s][info ][safepoint     ] Leaving safepoint region
[2023-10-19T20:51:57.849+0000][792.378s][info ][safepoint     ] Total time for which application threads were stopped: 0.0008127 seconds, Stopping threads took: 0.0003156 seconds
[2023-10-19T20:51:58.850+0000][793.379s][debug][safepoint     ] Safepoint synchronization initiated. (177 threads)
[2023-10-19T20:51:58.851+0000][793.379s][info ][safepoint     ] Application time: 1.0008686 seconds
[2023-10-19T20:51:58.851+0000][793.380s][info ][safepoint     ] Entering safepoint region: Cleanup
[2023-10-19T20:51:58.852+0000][793.381s][info ][safepoint     ] Leaving safepoint region
[2023-10-19T20:51:58.852+0000][793.381s][debug][safepoint     ] ... found polling page return exception at pc = 0x00007fbdb0cb92c4, stub =0x00007fbda8840600
[2023-10-19T20:51:58.852+0000][793.381s][debug][safepoint     ] ... found polling page return exception at pc = 0x00007fbdb0cb92c4, stub =0x00007fbda8840600
[2023-10-19T20:51:58.852+0000][793.381s][debug][safepoint     ] ... found polling page return exception at pc = 0x00007fbdb0cb92c4, stub =0x00007fbda8840600
[2023-10-19T20:51:58.852+0000][793.381s][debug][safepoint     ] ... found polling page return exception at pc = 0x00007fbdb0cb92c4, stub =0x00007fbda8840600
[2023-10-19T20:51:58.852+0000][793.381s][debug][safepoint     ] ... found polling page return exception at pc = 0x00007fbdb0cb92c4, stub =0x00007fbda8840600
[2023-10-19T20:51:58.852+0000][793.381s][debug][safepoint     ] ... found polling page return exception at pc = 0x00007fbdb0cb92c4, stub =0x00007fbda8840600
[2023-10-19T20:51:58.852+0000][793.381s][debug][safepoint     ] ... found polling page return exception at pc = 0x00007fbdb0cb92c4, stub =0x00007fbda8840600
[2023-10-19T20:51:58.852+0000][793.381s][info ][safepoint     ] Total time for which application threads were stopped: 0.0012967 seconds, Stopping threads took: 0.0006687 seconds
[2023-10-19T20:51:59.857+0000][794.386s][debug][safepoint     ] Safepoint synchronization initiated. (177 threads)
[2023-10-19T20:51:59.858+0000][794.387s][info ][safepoint     ] Application time: 1.0015861 seconds
[2023-10-19T20:51:59.860+0000][794.388s][info ][safepoint     ] Entering safepoint region: Cleanup
[2023-10-19T20:51:59.861+0000][794.390s][info ][safepoint     ] Leaving safepoint region
[2023-10-19T20:51:59.862+0000][794.391s][info ][safepoint     ] Total time for which application threads were stopped: 0.0024694 seconds, Stopping threads took: 0.0009979 seconds
[2023-10-19T20:52:00.863+0000][795.392s][debug][safepoint     ] Safepoint synchronization initiated. (177 threads)
[2023-10-19T20:52:00.864+0000][795.392s][info ][safepoint     ] Application time: 1.0008964 seconds
[2023-10-19T20:52:00.864+0000][795.393s][info ][safepoint     ] Entering safepoint region: Cleanup
[2023-10-19T20:52:00.865+0000][795.394s][info ][safepoint     ] Leaving safepoint region
[2023-10-19T20:52:00.865+0000][795.394s][info ][safepoint     ] Total time for which application threads were stopped: 0.0013614 seconds, Stopping threads took: 0.0005742 seconds
[2023-10-19T20:52:01.866+0000][796.395s][debug][safepoint     ] Safepoint synchronization initiated. (177 threads)
[2023-10-19T20:52:01.867+0000][796.396s][info ][safepoint     ] Application time: 1.0012288 seconds
[2023-10-19T20:52:01.868+0000][796.397s][info ][safepoint     ] Entering safepoint region: Cleanup
[2023-10-19T20:52:01.869+0000][796.398s][info ][safepoint     ] Leaving safepoint region
[2023-10-19T20:52:01.870+0000][796.399s][info ][safepoint     ] Total time for which application threads were stopped: 0.0020306 seconds, Stopping threads took: 0.0008870 seconds
[2023-10-19T20:52:02.871+0000][797.400s][debug][safepoint     ] Safepoint synchronization initiated. (177 threads)
[2023-10-19T20:52:02.871+0000][797.400s][info ][safepoint     ] Application time: 1.0005349 seconds
[2023-10-19T20:52:02.872+0000][797.400s][info ][safepoint     ] Entering safepoint region: Cleanup
[2023-10-19T20:52:02.872+0000][797.401s][info ][safepoint     ] Leaving safepoint region
[2023-10-19T20:52:02.872+0000][797.401s][info ][safepoint     ] Total time for which application threads were stopped: 0.0008421 seconds, Stopping threads took: 0.0003206 seconds
[2023-10-19T20:52:03.873+0000][798.402s][debug][safepoint     ] Safepoint synchronization initiated. (177 threads)
[2023-10-19T20:52:03.873+0000][798.402s][info ][safepoint     ] Application time: 1.0006180 seconds
[2023-10-19T20:52:03.874+0000][798.402s][info ][safepoint     ] Entering safepoint region: Cleanup
[2023-10-19T20:52:03.874+0000][798.403s][info ][safepoint     ] Leaving safepoint region
[2023-10-19T20:52:03.874+0000][798.403s][info ][safepoint     ] Total time for which application threads were stopped: 0.0008625 seconds, Stopping threads took: 0.0003402 seconds
[2023-10-19T20:52:04.875+0000][799.404s][debug][safepoint     ] Safepoint synchronization initiated. (177 threads)
[2023-10-19T20:52:04.876+0000][799.405s][info ][safepoint     ] Application time: 1.0014217 seconds
[2023-10-19T20:52:04.877+0000][799.406s][info ][safepoint     ] Entering safepoint region: Cleanup
[2023-10-19T20:52:04.879+0000][799.407s][info ][safepoint     ] Leaving safepoint region
[2023-10-19T20:52:04.879+0000][799.408s][info ][safepoint     ] Total time for which application threads were stopped: 0.0023112 seconds, Stopping threads took: 0.0010978 seconds
[2023-10-19T20:52:05.881+0000][800.409s][debug][safepoint     ] Safepoint synchronization initiated. (177 threads)
[2023-10-19T20:52:05.881+0000][800.410s][info ][safepoint     ] Application time: 1.0009245 seconds
[2023-10-19T20:52:05.882+0000][800.411s][info ][safepoint     ] Entering safepoint region: Cleanup
[2023-10-19T20:52:05.882+0000][800.411s][info ][safepoint     ] Leaving safepoint region
[2023-10-19T20:52:05.883+0000][800.412s][info ][safepoint     ] Total time for which application threads were stopped: 0.0012355 seconds, Stopping threads took: 0.0005178 seconds
[2023-10-19T20:52:06.883+0000][801.412s][debug][safepoint     ] Safepoint synchronization initiated. (177 threads)
[2023-10-19T20:52:06.884+0000][801.413s][info ][safepoint     ] Application time: 1.0006211 seconds
[2023-10-19T20:52:06.884+0000][801.413s][info ][safepoint     ] Entering safepoint region: Cleanup
[2023-10-19T20:52:06.885+0000][801.414s][info ][safepoint     ] Leaving safepoint region
[2023-10-19T20:52:06.886+0000][801.414s][info ][safepoint     ] Total time for which application threads were stopped: 0.0011659 seconds, Stopping threads took: 0.0004446 seconds
[2023-10-19T20:52:07.886+0000][802.415s][debug][safepoint     ] Safepoint synchronization initiated. (177 threads)
[2023-10-19T20:52:07.887+0000][802.416s][info ][safepoint     ] Application time: 1.0007780 seconds
[2023-10-19T20:52:07.887+0000][802.416s][info ][safepoint     ] Entering safepoint region: Cleanup
[2023-10-19T20:52:07.888+0000][802.417s][info ][safepoint     ] Leaving safepoint region
[2023-10-19T20:52:07.889+0000][802.418s][info ][safepoint     ] Total time for which application threads were stopped: 0.0013282 seconds, Stopping threads took: 0.0005667 seconds
[2023-10-19T20:52:08.889+0000][803.418s][debug][safepoint     ] Safepoint synchronization initiated. (177 threads)
[2023-10-19T20:52:08.890+0000][803.419s][info ][safepoint     ] Application time: 1.0011793 seconds
[2023-10-19T20:52:08.891+0000][803.420s][info ][safepoint     ] Entering safepoint region: Cleanup
[2023-10-19T20:52:08.892+0000][803.421s][info ][safepoint     ] Leaving safepoint region
[2023-10-19T20:52:08.893+0000][803.422s][info ][safepoint     ] Total time for which application threads were stopped: 0.0017560 seconds, Stopping threads took: 0.0007629 seconds
[2023-10-19T20:52:09.894+0000][804.423s][debug][safepoint     ] Safepoint synchronization initiated. (177 threads)
[2023-10-19T20:52:09.894+0000][804.423s][info ][safepoint     ] Application time: 1.0009161 seconds
[2023-10-19T20:52:09.895+0000][804.424s][info ][safepoint     ] Entering safepoint region: Cleanup
[2023-10-19T20:52:09.896+0000][804.425s][info ][safepoint     ] Leaving safepoint region
[2023-10-19T20:52:09.897+0000][804.425s][info ][safepoint     ] Total time for which application threads were stopped: 0.0013259 seconds, Stopping threads took: 0.0005764 seconds
[2023-10-19T20:52:10.897+0000][805.426s][debug][safepoint     ] Safepoint synchronization initiated. (177 threads)
[2023-10-19T20:52:10.898+0000][805.426s][info ][safepoint     ] Application time: 1.0006217 seconds
[2023-10-19T20:52:10.898+0000][805.427s][info ][safepoint     ] Entering safepoint region: Cleanup
[2023-10-19T20:52:10.899+0000][805.427s][info ][safepoint     ] Leaving safepoint region
[2023-10-19T20:52:10.899+0000][805.428s][info ][safepoint     ] Total time for which application threads were stopped: 0.0008334 seconds, Stopping threads took: 0.0003268 seconds
[2023-10-19T20:52:11.899+0000][806.428s][debug][safepoint     ] Safepoint synchronization initiated. (177 threads)
[2023-10-19T20:52:11.900+0000][806.428s][info ][safepoint     ] Application time: 1.0005533 seconds
[2023-10-19T20:52:11.900+0000][806.429s][info ][safepoint     ] Entering safepoint region: Cleanup
[2023-10-19T20:52:11.902+0000][806.430s][info ][safepoint     ] Leaving safepoint region
[2023-10-19T20:52:11.902+0000][806.431s][info ][safepoint     ] Total time for which application threads were stopped: 0.0020971 seconds, Stopping threads took: 0.0006884 seconds
[2023-10-19T20:52:12.903+0000][807.432s][debug][safepoint     ] Safepoint synchronization initiated. (177 threads)
[2023-10-19T20:52:12.904+0000][807.433s][info ][safepoint     ] Application time: 1.0012019 seconds
[2023-10-19T20:52:12.905+0000][807.434s][info ][safepoint     ] Entering safepoint region: Cleanup
[2023-10-19T20:52:12.906+0000][807.435s][info ][safepoint     ] Leaving safepoint region
[2023-10-19T20:52:12.907+0000][807.435s][info ][safepoint     ] Total time for which application threads were stopped: 0.0021774 seconds, Stopping threads took: 0.0015191 seconds
[2023-10-19T20:52:13.908+0000][808.436s][debug][safepoint     ] Safepoint synchronization initiated. (177 threads)
[2023-10-19T20:52:13.909+0000][808.438s][info ][safepoint     ] Application time: 1.0016089 seconds
[2023-10-19T20:52:13.910+0000][808.439s][info ][safepoint     ] Entering safepoint region: Cleanup
[2023-10-19T20:52:13.911+0000][808.440s][info ][safepoint     ] Leaving safepoint region
[2023-10-19T20:52:13.912+0000][808.441s][info ][safepoint     ] Total time for which application threads were stopped: 0.0023106 seconds, Stopping threads took: 0.0010172 seconds
[2023-10-19T20:52:14.913+0000][809.442s][debug][safepoint     ] Safepoint synchronization initiated. (177 threads)
[2023-10-19T20:52:14.914+0000][809.443s][info ][safepoint     ] Application time: 1.0010514 seconds
[2023-10-19T20:52:14.914+0000][809.443s][info ][safepoint     ] Entering safepoint region: Cleanup
[2023-10-19T20:52:14.915+0000][809.444s][info ][safepoint     ] Leaving safepoint region
[2023-10-19T20:52:14.916+0000][809.445s][info ][safepoint     ] Total time for which application threads were stopped: 0.0013567 seconds, Stopping threads took: 0.0005977 seconds
[2023-10-19T20:52:15.917+0000][810.445s][debug][safepoint     ] Safepoint synchronization initiated. (177 threads)
[2023-10-19T20:52:15.917+0000][810.446s][info ][safepoint     ] Application time: 1.0009283 seconds
[2023-10-19T20:52:15.918+0000][810.447s][info ][safepoint     ] Entering safepoint region: Cleanup
[2023-10-19T20:52:15.918+0000][810.447s][info ][safepoint     ] Leaving safepoint region
[2023-10-19T20:52:15.919+0000][810.448s][info ][safepoint     ] Total time for which application threads were stopped: 0.0011286 seconds, Stopping threads took: 0.0005203 seconds
[2023-10-19T20:52:16.919+0000][811.448s][debug][safepoint     ] Safepoint synchronization initiated. (177 threads)
[2023-10-19T20:52:16.920+0000][811.449s][info ][safepoint     ] Application time: 1.0008170 seconds
[2023-10-19T20:52:16.921+0000][811.449s][info ][safepoint     ] Entering safepoint region: Cleanup
[2023-10-19T20:52:16.921+0000][811.450s][info ][safepoint     ] Leaving safepoint region
[2023-10-19T20:52:16.922+0000][811.450s][info ][safepoint     ] Total time for which application threads were stopped: 0.0010960 seconds, Stopping threads took: 0.0004144 seconds
[2023-10-19T20:52:17.922+0000][812.451s][debug][safepoint     ] Safepoint synchronization initiated. (177 threads)
[2023-10-19T20:52:17.923+0000][812.452s][info ][safepoint     ] Application time: 1.0009261 seconds
[2023-10-19T20:52:17.924+0000][812.452s][info ][safepoint     ] Entering safepoint region: Cleanup
[2023-10-19T20:52:17.924+0000][812.453s][info ][safepoint     ] Leaving safepoint region
[2023-10-19T20:52:17.925+0000][812.454s][info ][safepoint     ] Total time for which application threads were stopped: 0.0012816 seconds, Stopping threads took: 0.0006080 seconds
[2023-10-19T20:52:17.924+0000][812.453s][debug][safepoint     ] ... found polling page return exception at pc = 0x00007fbdb0cb92c4, stub =0x00007fbda8840600
[2023-10-19T20:52:17.924+0000][812.453s][debug][safepoint     ] ... found polling page return exception at pc = 0x00007fbdb0cb92c4, stub =0x00007fbda8840600
[2023-10-19T20:52:18.926+0000][813.454s][debug][safepoint     ] Safepoint synchronization initiated. (177 threads)
[2023-10-19T20:52:18.926+0000][813.455s][info ][safepoint     ] Application time: 1.0008087 seconds
[2023-10-19T20:52:18.927+0000][813.455s][info ][safepoint     ] Entering safepoint region: Cleanup
[2023-10-19T20:52:18.927+0000][813.456s][info ][safepoint     ] Leaving safepoint region
[2023-10-19T20:52:18.927+0000][813.456s][info ][safepoint     ] Total time for which application threads were stopped: 0.0008426 seconds, Stopping threads took: 0.0003699 seconds
[2023-10-19T20:52:19.928+0000][814.457s][debug][safepoint     ] Safepoint synchronization initiated. (177 threads)
[2023-10-19T20:52:19.929+0000][814.458s][info ][safepoint     ] Application time: 1.0011926 seconds
[2023-10-19T20:52:19.930+0000][814.459s][info ][safepoint     ] Entering safepoint region: Cleanup
[2023-10-19T20:52:19.931+0000][814.460s][info ][safepoint     ] Leaving safepoint region
[2023-10-19T20:52:19.932+0000][814.461s][info ][safepoint     ] Total time for which application threads were stopped: 0.0021119 seconds, Stopping threads took: 0.0009161 seconds
[2023-10-19T20:52:20.933+0000][815.461s][debug][safepoint     ] Safepoint synchronization initiated. (177 threads)
[2023-10-19T20:52:20.933+0000][815.462s][info ][safepoint     ] Application time: 1.0005810 seconds
[2023-10-19T20:52:20.934+0000][815.462s][info ][safepoint     ] Entering safepoint region: Cleanup
[2023-10-19T20:52:20.934+0000][815.463s][info ][safepoint     ] Leaving safepoint region
[2023-10-19T20:52:20.935+0000][815.463s][info ][safepoint     ] Total time for which application threads were stopped: 0.0010544 seconds, Stopping threads took: 0.0003914 seconds
[2023-10-19T20:52:21.935+0000][816.464s][debug][safepoint     ] Safepoint synchronization initiated. (177 threads)
[2023-10-19T20:52:21.936+0000][816.465s][info ][safepoint     ] Application time: 1.0008934 seconds
[2023-10-19T20:52:21.936+0000][816.465s][info ][safepoint     ] Entering safepoint region: Cleanup
[2023-10-19T20:52:21.937+0000][816.466s][info ][safepoint     ] Leaving safepoint region
[2023-10-19T20:52:21.938+0000][816.466s][info ][safepoint     ] Total time for which application threads were stopped: 0.0012763 seconds, Stopping threads took: 0.0005460 seconds
[2023-10-19T20:52:22.938+0000][817.467s][debug][safepoint     ] Safepoint synchronization initiated. (177 threads)
[2023-10-19T20:52:22.939+0000][817.468s][info ][safepoint     ] Application time: 1.0009269 seconds
[2023-10-19T20:52:22.940+0000][817.468s][info ][safepoint     ] Entering safepoint region: Cleanup
[2023-10-19T20:52:22.940+0000][817.469s][info ][safepoint     ] Leaving safepoint region
[2023-10-19T20:52:22.941+0000][817.470s][info ][safepoint     ] Total time for which application threads were stopped: 0.0012753 seconds, Stopping threads took: 0.0006048 seconds
[2023-10-19T20:52:23.942+0000][818.470s][debug][safepoint     ] Safepoint synchronization initiated. (177 threads)
[2023-10-19T20:52:23.943+0000][818.471s][info ][safepoint     ] Application time: 1.0013206 seconds
[2023-10-19T20:52:23.943+0000][818.472s][info ][safepoint     ] Entering safepoint region: Cleanup
[2023-10-19T20:52:23.945+0000][818.473s][info ][safepoint     ] Leaving safepoint region
[2023-10-19T20:52:23.945+0000][818.474s][info ][safepoint     ] Total time for which application threads were stopped: 0.0019890 seconds, Stopping threads took: 0.0008789 seconds
[2023-10-19T20:52:24.947+0000][819.475s][debug][safepoint     ] Safepoint synchronization initiated. (177 threads)
[2023-10-19T20:52:24.948+0000][819.476s][info ][safepoint     ] Application time: 1.0015748 seconds
[2023-10-19T20:52:24.949+0000][819.478s][info ][safepoint     ] Entering safepoint region: Cleanup
[2023-10-19T20:52:24.950+0000][819.479s][info ][safepoint     ] Leaving safepoint region
[2023-10-19T20:52:24.951+0000][819.480s][info ][safepoint     ] Total time for which application threads were stopped: 0.0023915 seconds, Stopping threads took: 0.0011096 seconds
[2023-10-19T20:52:25.953+0000][820.481s][debug][safepoint     ] Safepoint synchronization initiated. (177 threads)
[2023-10-19T20:52:25.954+0000][820.483s][info ][safepoint     ] Application time: 1.0016106 seconds
[2023-10-19T20:52:25.955+0000][820.484s][info ][safepoint     ] Entering safepoint region: Cleanup
[2023-10-19T20:52:25.956+0000][820.485s][info ][safepoint     ] Leaving safepoint region
[2023-10-19T20:52:25.957+0000][820.485s][info ][safepoint     ] Total time for which application threads were stopped: 0.0018707 seconds, Stopping threads took: 0.0008181 seconds
[2023-10-19T20:52:26.957+0000][821.486s][debug][safepoint     ] Safepoint synchronization initiated. (177 threads)
[2023-10-19T20:52:26.958+0000][821.487s][info ][safepoint     ] Application time: 1.0009289 seconds
[2023-10-19T20:52:26.959+0000][821.488s][info ][safepoint     ] Entering safepoint region: Cleanup
[2023-10-19T20:52:26.959+0000][821.488s][info ][safepoint     ] Leaving safepoint region
[2023-10-19T20:52:26.960+0000][821.489s][info ][safepoint     ] Total time for which application threads were stopped: 0.0011805 seconds, Stopping threads took: 0.0005124 seconds
[2023-10-19T20:52:27.961+0000][822.489s][debug][safepoint     ] Safepoint synchronization initiated. (177 threads)
[2023-10-19T20:52:27.962+0000][822.491s][info ][safepoint     ] Application time: 1.0016928 seconds
[2023-10-19T20:52:27.963+0000][822.492s][info ][safepoint     ] Entering safepoint region: Cleanup
[2023-10-19T20:52:27.965+0000][822.493s][info ][safepoint     ] Leaving safepoint region
[2023-10-19T20:52:27.966+0000][822.494s][info ][safepoint     ] Total time for which application threads were stopped: 0.0025137 seconds, Stopping threads took: 0.0010519 seconds
[2023-10-19T20:52:28.967+0000][823.496s][debug][safepoint     ] Safepoint synchronization initiated. (177 threads)
[2023-10-19T20:52:28.968+0000][823.497s][info ][safepoint     ] Application time: 1.0009018 seconds
[2023-10-19T20:52:28.968+0000][823.497s][info ][safepoint     ] Entering safepoint region: Cleanup
[2023-10-19T20:52:28.969+0000][823.498s][info ][safepoint     ] Leaving safepoint region
[2023-10-19T20:52:28.969+0000][823.498s][info ][safepoint     ] Total time for which application threads were stopped: 0.0010770 seconds, Stopping threads took: 0.0004343 seconds
[2023-10-19T20:52:29.970+0000][824.499s][debug][safepoint     ] Safepoint synchronization initiated. (177 threads)
[2023-10-19T20:52:29.971+0000][824.500s][info ][safepoint     ] Application time: 1.0010133 seconds
[2023-10-19T20:52:29.972+0000][824.500s][info ][safepoint     ] Entering safepoint region: Cleanup
[2023-10-19T20:52:29.972+0000][824.501s][info ][safepoint     ] Leaving safepoint region
[2023-10-19T20:52:29.973+0000][824.502s][info ][safepoint     ] Total time for which application threads were stopped: 0.0013815 seconds, Stopping threads took: 0.0006334 seconds
[2023-10-19T20:52:30.974+0000][825.502s][debug][safepoint     ] Safepoint synchronization initiated. (177 threads)
[2023-10-19T20:52:30.974+0000][825.503s][info ][safepoint     ] Application time: 1.0008123 seconds
[2023-10-19T20:52:30.975+0000][825.504s][info ][safepoint     ] Entering safepoint region: Cleanup
[2023-10-19T20:52:30.976+0000][825.505s][info ][safepoint     ] Leaving safepoint region
[2023-10-19T20:52:30.977+0000][825.505s][info ][safepoint     ] Total time for which application threads were stopped: 0.0015582 seconds, Stopping threads took: 0.0007759 seconds
[2023-10-19T20:52:31.977+0000][826.506s][debug][safepoint     ] Safepoint synchronization initiated. (177 threads)
[2023-10-19T20:52:31.978+0000][826.507s][info ][safepoint     ] Application time: 1.0007566 seconds
[2023-10-19T20:52:31.978+0000][826.507s][info ][safepoint     ] Entering safepoint region: Cleanup
[2023-10-19T20:52:31.979+0000][826.508s][info ][safepoint     ] Leaving safepoint region
[2023-10-19T20:52:31.979+0000][826.508s][info ][safepoint     ] Total time for which application threads were stopped: 0.0009340 seconds, Stopping threads took: 0.0004550 seconds
[2023-10-19T20:52:32.980+0000][827.508s][debug][safepoint     ] Safepoint synchronization initiated. (177 threads)
[2023-10-19T20:52:32.980+0000][827.509s][info ][safepoint     ] Application time: 1.0006270 seconds
[2023-10-19T20:52:32.981+0000][827.509s][info ][safepoint     ] Entering safepoint region: Cleanup
[2023-10-19T20:52:32.981+0000][827.510s][info ][safepoint     ] Leaving safepoint region
[2023-10-19T20:52:32.981+0000][827.510s][info ][safepoint     ] Total time for which application threads were stopped: 0.0008369 seconds, Stopping threads took: 0.0003445 seconds
[2023-10-19T20:52:33.982+0000][828.511s][debug][safepoint     ] Safepoint synchronization initiated. (177 threads)
[2023-10-19T20:52:33.983+0000][828.512s][info ][safepoint     ] Application time: 1.0014794 seconds
[2023-10-19T20:52:33.984+0000][828.513s][info ][safepoint     ] Entering safepoint region: Cleanup
[2023-10-19T20:52:33.985+0000][828.514s][info ][safepoint     ] Leaving safepoint region
[2023-10-19T20:52:33.986+0000][828.515s][info ][safepoint     ] Total time for which application threads were stopped: 0.0018982 seconds, Stopping threads took: 0.0007086 seconds
[2023-10-19T20:52:34.987+0000][829.516s][debug][safepoint     ] Safepoint synchronization initiated. (177 threads)
[2023-10-19T20:52:34.989+0000][829.517s][info ][safepoint     ] Application time: 1.0014346 seconds
[2023-10-19T20:52:34.990+0000][829.518s][info ][safepoint     ] Entering safepoint region: Cleanup
[2023-10-19T20:52:34.991+0000][829.520s][info ][safepoint     ] Leaving safepoint region
[2023-10-19T20:52:34.992+0000][829.521s][info ][safepoint     ] Total time for which application threads were stopped: 0.0025157 seconds, Stopping threads took: 0.0012034 seconds
[2023-10-19T20:52:35.993+0000][830.522s][debug][safepoint     ] Safepoint synchronization initiated. (177 threads)
[2023-10-19T20:52:35.994+0000][830.523s][info ][safepoint     ] Application time: 1.0007893 seconds
[2023-10-19T20:52:35.994+0000][830.523s][info ][safepoint     ] Entering safepoint region: Cleanup
[2023-10-19T20:52:35.995+0000][830.524s][info ][safepoint     ] Leaving safepoint region
[2023-10-19T20:52:35.996+0000][830.524s][info ][safepoint     ] Total time for which application threads were stopped: 0.0012526 seconds, Stopping threads took: 0.0005731 seconds
[2023-10-19T20:52:36.996+0000][831.525s][debug][safepoint     ] Safepoint synchronization initiated. (177 threads)
[2023-10-19T20:52:36.997+0000][831.525s][info ][safepoint     ] Application time: 1.0005867 seconds
[2023-10-19T20:52:36.997+0000][831.526s][info ][safepoint     ] Entering safepoint region: Cleanup
[2023-10-19T20:52:36.997+0000][831.526s][info ][safepoint     ] Leaving safepoint region
[2023-10-19T20:52:36.998+0000][831.526s][info ][safepoint     ] Total time for which application threads were stopped: 0.0007730 seconds, Stopping threads took: 0.0003417 seconds
[2023-10-19T20:52:37.998+0000][832.527s][debug][safepoint     ] Safepoint synchronization initiated. (177 threads)
[2023-10-19T20:52:37.999+0000][832.528s][info ][safepoint     ] Application time: 1.0009916 seconds
[2023-10-19T20:52:38.000+0000][832.528s][info ][safepoint     ] Entering safepoint region: Cleanup
[2023-10-19T20:52:38.000+0000][832.529s][info ][safepoint     ] Leaving safepoint region
[2023-10-19T20:52:38.001+0000][832.530s][info ][safepoint     ] Total time for which application threads were stopped: 0.0014292 seconds, Stopping threads took: 0.0006541 seconds
[2023-10-19T20:52:39.002+0000][833.530s][debug][safepoint     ] Safepoint synchronization initiated. (177 threads)
[2023-10-19T20:52:39.002+0000][833.531s][info ][safepoint     ] Application time: 1.0008497 seconds
[2023-10-19T20:52:39.003+0000][833.532s][info ][safepoint     ] Entering safepoint region: Cleanup
[2023-10-19T20:52:39.004+0000][833.532s][info ][safepoint     ] Leaving safepoint region
[2023-10-19T20:52:39.004+0000][833.533s][info ][safepoint     ] Total time for which application threads were stopped: 0.0013113 seconds, Stopping threads took: 0.0007516 seconds
[2023-10-19T20:52:40.004+0000][834.533s][debug][safepoint     ] Safepoint synchronization initiated. (177 threads)
[2023-10-19T20:52:40.005+0000][834.534s][info ][safepoint     ] Application time: 1.0005598 seconds
[2023-10-19T20:52:40.005+0000][834.534s][info ][safepoint     ] Entering safepoint region: Cleanup
[2023-10-19T20:52:40.006+0000][834.535s][info ][safepoint     ] Leaving safepoint region
[2023-10-19T20:52:40.006+0000][834.535s][info ][safepoint     ] Total time for which application threads were stopped: 0.0009447 seconds, Stopping threads took: 0.0003779 seconds
[2023-10-19T20:52:41.007+0000][835.536s][debug][safepoint     ] Safepoint synchronization initiated. (177 threads)
[2023-10-19T20:52:41.008+0000][835.537s][info ][safepoint     ] Application time: 1.0014294 seconds
[2023-10-19T20:52:41.009+0000][835.538s][info ][safepoint     ] Entering safepoint region: Cleanup
[2023-10-19T20:52:41.011+0000][835.539s][info ][safepoint     ] Leaving safepoint region
[2023-10-19T20:52:41.012+0000][835.540s][info ][safepoint     ] Total time for which application threads were stopped: 0.0025860 seconds, Stopping threads took: 0.0010040 seconds
[2023-10-19T20:52:42.013+0000][836.542s][debug][safepoint     ] Safepoint synchronization initiated. (177 threads)
[2023-10-19T20:52:42.014+0000][836.543s][info ][safepoint     ] Application time: 1.0011274 seconds
[2023-10-19T20:52:42.015+0000][836.544s][info ][safepoint     ] Entering safepoint region: Cleanup
[2023-10-19T20:52:42.016+0000][836.544s][info ][safepoint     ] Leaving safepoint region
[2023-10-19T20:52:42.016+0000][836.545s][info ][safepoint     ] Total time for which application threads were stopped: 0.0014861 seconds, Stopping threads took: 0.0007536 seconds
[2023-10-19T20:52:43.017+0000][837.546s][debug][safepoint     ] Safepoint synchronization initiated. (177 threads)
[2023-10-19T20:52:43.018+0000][837.547s][info ][safepoint     ] Application time: 1.0012973 seconds
[2023-10-19T20:52:43.019+0000][837.548s][info ][safepoint     ] Entering safepoint region: Cleanup
[2023-10-19T20:52:43.020+0000][837.549s][info ][safepoint     ] Leaving safepoint region
[2023-10-19T20:52:43.021+0000][837.550s][info ][safepoint     ] Total time for which application threads were stopped: 0.0020098 seconds, Stopping threads took: 0.0009107 seconds
[2023-10-19T20:52:44.022+0000][838.551s][debug][safepoint     ] Safepoint synchronization initiated. (177 threads)
[2023-10-19T20:52:44.023+0000][838.551s][info ][safepoint     ] Application time: 1.0008866 seconds
[2023-10-19T20:52:44.023+0000][838.552s][info ][safepoint     ] Entering safepoint region: Cleanup
[2023-10-19T20:52:44.024+0000][838.553s][info ][safepoint     ] Leaving safepoint region
[2023-10-19T20:52:44.025+0000][838.553s][info ][safepoint     ] Total time for which application threads were stopped: 0.0014419 seconds, Stopping threads took: 0.0005430 seconds
[2023-10-19T20:52:45.026+0000][839.555s][debug][safepoint     ] Safepoint synchronization initiated. (177 threads)
[2023-10-19T20:52:45.027+0000][839.556s][info ][safepoint     ] Application time: 1.0012726 seconds
[2023-10-19T20:52:45.028+0000][839.556s][info ][safepoint     ] Entering safepoint region: Cleanup
[2023-10-19T20:52:45.029+0000][839.557s][info ][safepoint     ] Leaving safepoint region
[2023-10-19T20:52:45.031+0000][839.560s][info ][safepoint     ] Total time for which application threads were stopped: 0.0030861 seconds, Stopping threads took: 0.0006553 seconds
[2023-10-19T20:52:46.032+0000][840.561s][debug][safepoint     ] Safepoint synchronization initiated. (177 threads)
[2023-10-19T20:52:46.033+0000][840.562s][info ][safepoint     ] Application time: 1.0015217 seconds
[2023-10-19T20:52:46.034+0000][840.563s][info ][safepoint     ] Entering safepoint region: Cleanup
[2023-10-19T20:52:46.036+0000][840.565s][info ][safepoint     ] Leaving safepoint region
[2023-10-19T20:52:46.037+0000][840.565s][info ][safepoint     ] Total time for which application threads were stopped: 0.0023595 seconds, Stopping threads took: 0.0011256 seconds
[2023-10-19T20:52:47.038+0000][841.566s][debug][safepoint     ] Safepoint synchronization initiated. (177 threads)
[2023-10-19T20:52:47.038+0000][841.567s][info ][safepoint     ] Application time: 1.0007906 seconds
[2023-10-19T20:52:47.039+0000][841.567s][info ][safepoint     ] Entering safepoint region: Cleanup
[2023-10-19T20:52:47.039+0000][841.568s][info ][safepoint     ] Leaving safepoint region
[2023-10-19T20:52:47.039+0000][841.568s][info ][safepoint     ] Total time for which application threads were stopped: 0.0009139 seconds, Stopping threads took: 0.0004128 seconds
[2023-10-19T20:52:48.040+0000][842.569s][debug][safepoint     ] Safepoint synchronization initiated. (177 threads)
[2023-10-19T20:52:48.042+0000][842.570s][info ][safepoint     ] Application time: 1.0016850 seconds
[2023-10-19T20:52:48.043+0000][842.572s][info ][safepoint     ] Entering safepoint region: Cleanup
[2023-10-19T20:52:48.044+0000][842.573s][info ][safepoint     ] Leaving safepoint region
[2023-10-19T20:52:48.045+0000][842.574s][info ][safepoint     ] Total time for which application threads were stopped: 0.0024200 seconds, Stopping threads took: 0.0011097 seconds
[2023-10-19T20:52:49.046+0000][843.575s][debug][safepoint     ] Safepoint synchronization initiated. (177 threads)
[2023-10-19T20:52:49.047+0000][843.576s][info ][safepoint     ] Application time: 1.0008652 seconds
[2023-10-19T20:52:49.048+0000][843.576s][info ][safepoint     ] Entering safepoint region: Cleanup
[2023-10-19T20:52:49.048+0000][843.577s][info ][safepoint     ] Leaving safepoint region
[2023-10-19T20:52:49.049+0000][843.578s][info ][safepoint     ] Total time for which application threads were stopped: 0.0012548 seconds, Stopping threads took: 0.0005310 seconds
[2023-10-19T20:52:50.049+0000][844.578s][debug][safepoint     ] Safepoint synchronization initiated. (177 threads)
[2023-10-19T20:52:50.051+0000][844.579s][info ][safepoint     ] Application time: 1.0012996 seconds
[2023-10-19T20:52:50.052+0000][844.581s][info ][safepoint     ] Entering safepoint region: Cleanup
[2023-10-19T20:52:50.053+0000][844.582s][info ][safepoint     ] Leaving safepoint region
[2023-10-19T20:52:50.054+0000][844.583s][info ][safepoint     ] Total time for which application threads were stopped: 0.0025206 seconds, Stopping threads took: 0.0011060 seconds
[2023-10-19T20:52:51.055+0000][845.584s][debug][safepoint     ] Safepoint synchronization initiated. (177 threads)
[2023-10-19T20:52:51.056+0000][845.585s][info ][safepoint     ] Application time: 1.0007017 seconds
[2023-10-19T20:52:51.057+0000][845.585s][info ][safepoint     ] Entering safepoint region: Cleanup
[2023-10-19T20:52:51.057+0000][845.586s][info ][safepoint     ] Leaving safepoint region
[2023-10-19T20:52:51.058+0000][845.587s][info ][safepoint     ] Total time for which application threads were stopped: 0.0013119 seconds, Stopping threads took: 0.0005152 seconds
[2023-10-19T20:52:52.058+0000][846.587s][debug][safepoint     ] Safepoint synchronization initiated. (177 threads)
[2023-10-19T20:52:52.059+0000][846.588s][info ][safepoint     ] Application time: 1.0006161 seconds
[2023-10-19T20:52:52.059+0000][846.588s][info ][safepoint     ] Entering safepoint region: Cleanup
[2023-10-19T20:52:52.060+0000][846.589s][info ][safepoint     ] Leaving safepoint region
[2023-10-19T20:52:52.060+0000][846.589s][info ][safepoint     ] Total time for which application threads were stopped: 0.0009562 seconds, Stopping threads took: 0.0004237 seconds
[2023-10-19T20:52:53.061+0000][847.590s][debug][safepoint     ] Safepoint synchronization initiated. (177 threads)
[2023-10-19T20:52:53.061+0000][847.590s][info ][safepoint     ] Application time: 1.0007046 seconds
[2023-10-19T20:52:53.062+0000][847.591s][info ][safepoint     ] Entering safepoint region: Cleanup
[2023-10-19T20:52:53.063+0000][847.591s][info ][safepoint     ] Leaving safepoint region
[2023-10-19T20:52:53.063+0000][847.592s][info ][safepoint     ] Total time for which application threads were stopped: 0.0011280 seconds, Stopping threads took: 0.0005212 seconds
[2023-10-19T20:52:54.064+0000][848.592s][debug][safepoint     ] Safepoint synchronization initiated. (177 threads)
[2023-10-19T20:52:54.064+0000][848.593s][info ][safepoint     ] Application time: 1.0007072 seconds
[2023-10-19T20:52:54.065+0000][848.593s][info ][safepoint     ] Entering safepoint region: Cleanup
[2023-10-19T20:52:54.065+0000][848.594s][info ][safepoint     ] Leaving safepoint region
[2023-10-19T20:52:54.066+0000][848.595s][info ][safepoint     ] Total time for which application threads were stopped: 0.0012079 seconds, Stopping threads took: 0.0004942 seconds
[2023-10-19T20:52:55.066+0000][849.595s][debug][safepoint     ] Safepoint synchronization initiated. (177 threads)
[2023-10-19T20:52:55.067+0000][849.596s][info ][safepoint     ] Application time: 1.0007183 seconds
[2023-10-19T20:52:55.067+0000][849.596s][info ][safepoint     ] Entering safepoint region: Cleanup
[2023-10-19T20:52:55.068+0000][849.597s][info ][safepoint     ] Leaving safepoint region
[2023-10-19T20:52:55.069+0000][849.597s][info ][safepoint     ] Total time for which application threads were stopped: 0.0011360 seconds, Stopping threads took: 0.0005280 seconds
[2023-10-19T20:52:56.069+0000][850.598s][debug][safepoint     ] Safepoint synchronization initiated. (177 threads)
[2023-10-19T20:52:56.070+0000][850.598s][info ][safepoint     ] Application time: 1.0007888 seconds
[2023-10-19T20:52:56.070+0000][850.599s][info ][safepoint     ] Entering safepoint region: Cleanup
[2023-10-19T20:52:56.071+0000][850.599s][info ][safepoint     ] Leaving safepoint region
[2023-10-19T20:52:56.071+0000][850.600s][info ][safepoint     ] Total time for which application threads were stopped: 0.0010132 seconds, Stopping threads took: 0.0004677 seconds
[2023-10-19T20:52:57.071+0000][851.600s][debug][safepoint     ] Safepoint synchronization initiated. (177 threads)
[2023-10-19T20:52:57.072+0000][851.601s][info ][safepoint     ] Application time: 1.0008754 seconds
[2023-10-19T20:52:57.073+0000][851.602s][debug][safepoint     ] Waiting for 1 thread(s) to block
[2023-10-19T20:52:57.074+0000][851.602s][info ][safepoint     ] Entering safepoint region: Cleanup
[2023-10-19T20:52:57.074+0000][851.603s][info ][safepoint     ] Leaving safepoint region
[2023-10-19T20:52:57.075+0000][851.604s][info ][safepoint     ] Total time for which application threads were stopped: 0.0021145 seconds, Stopping threads took: 0.0014340 seconds
[2023-10-19T20:52:58.076+0000][852.605s][debug][safepoint     ] Safepoint synchronization initiated. (177 threads)
[2023-10-19T20:52:58.077+0000][852.606s][info ][safepoint     ] Application time: 1.0016624 seconds
[2023-10-19T20:52:58.078+0000][852.607s][info ][safepoint     ] Entering safepoint region: Cleanup
[2023-10-19T20:52:58.080+0000][852.609s][info ][safepoint     ] Leaving safepoint region
[2023-10-19T20:52:58.081+0000][852.610s][info ][safepoint     ] Total time for which application threads were stopped: 0.0025069 seconds, Stopping threads took: 0.0011981 seconds
[2023-10-19T20:52:59.082+0000][853.611s][debug][safepoint     ] Safepoint synchronization initiated. (177 threads)
[2023-10-19T20:52:59.083+0000][853.611s][info ][safepoint     ] Application time: 1.0008335 seconds
[2023-10-19T20:52:59.083+0000][853.612s][info ][safepoint     ] Entering safepoint region: Cleanup
[2023-10-19T20:52:59.084+0000][853.612s][info ][safepoint     ] Leaving safepoint region
[2023-10-19T20:52:59.084+0000][853.613s][info ][safepoint     ] Total time for which application threads were stopped: 0.0010714 seconds, Stopping threads took: 0.0004655 seconds
[2023-10-19T20:53:00.085+0000][854.613s][debug][safepoint     ] Safepoint synchronization initiated. (177 threads)
[2023-10-19T20:53:00.085+0000][854.614s][info ][safepoint     ] Application time: 1.0008327 seconds
[2023-10-19T20:53:00.086+0000][854.615s][info ][safepoint     ] Entering safepoint region: Cleanup
[2023-10-19T20:53:00.086+0000][854.615s][info ][safepoint     ] Leaving safepoint region
[2023-10-19T20:53:00.087+0000][854.616s][info ][safepoint     ] Total time for which application threads were stopped: 0.0011718 seconds, Stopping threads took: 0.0004799 seconds
[2023-10-19T20:53:01.088+0000][855.616s][debug][safepoint     ] Safepoint synchronization initiated. (177 threads)
[2023-10-19T20:53:01.088+0000][855.617s][info ][safepoint     ] Application time: 1.0008115 seconds
[2023-10-19T20:53:01.089+0000][855.618s][info ][safepoint     ] Entering safepoint region: Cleanup
[2023-10-19T20:53:01.090+0000][855.618s][info ][safepoint     ] Leaving safepoint region
[2023-10-19T20:53:01.090+0000][855.619s][info ][safepoint     ] Total time for which application threads were stopped: 0.0013314 seconds, Stopping threads took: 0.0005900 seconds
[2023-10-19T20:53:02.091+0000][856.619s][debug][safepoint     ] Safepoint synchronization initiated. (177 threads)
[2023-10-19T20:53:02.092+0000][856.621s][info ][safepoint     ] Application time: 1.0013161 seconds
[2023-10-19T20:53:02.093+0000][856.621s][info ][safepoint     ] Entering safepoint region: Cleanup
[2023-10-19T20:53:02.094+0000][856.622s][info ][safepoint     ] Leaving safepoint region
[2023-10-19T20:53:02.094+0000][856.623s][info ][safepoint     ] Total time for which application threads were stopped: 0.0017367 seconds, Stopping threads took: 0.0008354 seconds
[2023-10-19T20:53:03.095+0000][857.624s][debug][safepoint     ] Safepoint synchronization initiated. (177 threads)
[2023-10-19T20:53:03.096+0000][857.625s][info ][safepoint     ] Application time: 1.0010725 seconds
[2023-10-19T20:53:03.097+0000][857.626s][info ][safepoint     ] Entering safepoint region: Cleanup
[2023-10-19T20:53:03.098+0000][857.627s][info ][safepoint     ] Leaving safepoint region
[2023-10-19T20:53:03.099+0000][857.627s][info ][safepoint     ] Total time for which application threads were stopped: 0.0018243 seconds, Stopping threads took: 0.0008208 seconds
[2023-10-19T20:53:04.100+0000][858.628s][debug][safepoint     ] Safepoint synchronization initiated. (177 threads)
[2023-10-19T20:53:04.100+0000][858.629s][info ][safepoint     ] Application time: 1.0007417 seconds
[2023-10-19T20:53:04.101+0000][858.629s][info ][safepoint     ] Entering safepoint region: Cleanup
[2023-10-19T20:53:04.101+0000][858.630s][info ][safepoint     ] Leaving safepoint region
[2023-10-19T20:53:04.101+0000][858.630s][info ][safepoint     ] Total time for which application threads were stopped: 0.0009445 seconds, Stopping threads took: 0.0004902 seconds
[2023-10-19T20:53:05.102+0000][859.631s][debug][safepoint     ] Safepoint synchronization initiated. (177 threads)
[2023-10-19T20:53:05.102+0000][859.631s][info ][safepoint     ] Application time: 1.0005566 seconds
[2023-10-19T20:53:05.103+0000][859.631s][info ][safepoint     ] Entering safepoint region: Cleanup
[2023-10-19T20:53:05.103+0000][859.632s][info ][safepoint     ] Leaving safepoint region
[2023-10-19T20:53:05.103+0000][859.632s][info ][safepoint     ] Total time for which application threads were stopped: 0.0007891 seconds, Stopping threads took: 0.0003223 seconds
[2023-10-19T20:53:06.104+0000][860.633s][debug][safepoint     ] Safepoint synchronization initiated. (177 threads)
[2023-10-19T20:53:06.105+0000][860.634s][info ][safepoint     ] Application time: 1.0012601 seconds
[2023-10-19T20:53:06.106+0000][860.635s][info ][safepoint     ] Entering safepoint region: Cleanup
[2023-10-19T20:53:06.107+0000][860.636s][info ][safepoint     ] Leaving safepoint region
[2023-10-19T20:53:06.108+0000][860.636s][info ][safepoint     ] Total time for which application threads were stopped: 0.0017197 seconds, Stopping threads took: 0.0007665 seconds
[2023-10-19T20:53:07.108+0000][861.637s][debug][safepoint     ] Safepoint synchronization initiated. (177 threads)
[2023-10-19T20:53:07.109+0000][861.638s][info ][safepoint     ] Application time: 1.0009750 seconds
[2023-10-19T20:53:07.110+0000][861.638s][info ][safepoint     ] Entering safepoint region: Cleanup
[2023-10-19T20:53:07.110+0000][861.639s][info ][safepoint     ] Leaving safepoint region
[2023-10-19T20:53:07.111+0000][861.639s][info ][safepoint     ] Total time for which application threads were stopped: 0.0011458 seconds, Stopping threads took: 0.0005484 seconds
[2023-10-19T20:53:08.111+0000][862.640s][debug][safepoint     ] Safepoint synchronization initiated. (177 threads)
[2023-10-19T20:53:08.112+0000][862.641s][info ][safepoint     ] Application time: 1.0008937 seconds
[2023-10-19T20:53:08.112+0000][862.641s][info ][safepoint     ] Entering safepoint region: Cleanup
[2023-10-19T20:53:08.113+0000][862.642s][info ][safepoint     ] Leaving safepoint region
[2023-10-19T20:53:08.114+0000][862.643s][info ][safepoint     ] Total time for which application threads were stopped: 0.0018309 seconds, Stopping threads took: 0.0005090 seconds
[2023-10-19T20:53:09.116+0000][863.644s][debug][safepoint     ] Safepoint synchronization initiated. (177 threads)
[2023-10-19T20:53:09.116+0000][863.645s][info ][safepoint     ] Application time: 1.0013478 seconds
[2023-10-19T20:53:09.117+0000][863.646s][info ][safepoint     ] Entering safepoint region: Cleanup
[2023-10-19T20:53:09.118+0000][863.646s][info ][safepoint     ] Leaving safepoint region
[2023-10-19T20:53:09.118+0000][863.647s][info ][safepoint     ] Total time for which application threads were stopped: 0.0010119 seconds, Stopping threads took: 0.0004193 seconds
[2023-10-19T20:53:10.118+0000][864.647s][debug][safepoint     ] Safepoint synchronization initiated. (177 threads)
[2023-10-19T20:53:10.119+0000][864.648s][info ][safepoint     ] Application time: 1.0005478 seconds
[2023-10-19T20:53:10.120+0000][864.648s][info ][safepoint     ] Entering safepoint region: Cleanup
[2023-10-19T20:53:10.121+0000][864.649s][info ][safepoint     ] Leaving safepoint region
[2023-10-19T20:53:10.121+0000][864.650s][info ][safepoint     ] Total time for which application threads were stopped: 0.0017257 seconds, Stopping threads took: 0.0011785 seconds
[2023-10-19T20:53:11.122+0000][865.650s][debug][safepoint     ] Safepoint synchronization initiated. (177 threads)
[2023-10-19T20:53:11.123+0000][865.652s][info ][safepoint     ] Application time: 1.0015372 seconds
[2023-10-19T20:53:11.124+0000][865.653s][info ][safepoint     ] Entering safepoint region: Cleanup
[2023-10-19T20:53:11.126+0000][865.654s][info ][safepoint     ] Leaving safepoint region
[2023-10-19T20:53:11.127+0000][865.655s][info ][safepoint     ] Total time for which application threads were stopped: 0.0024633 seconds, Stopping threads took: 0.0010339 seconds
[2023-10-19T20:53:12.128+0000][866.656s][debug][safepoint     ] Safepoint synchronization initiated. (177 threads)
[2023-10-19T20:53:12.128+0000][866.657s][info ][safepoint     ] Application time: 1.0008231 seconds
[2023-10-19T20:53:12.129+0000][866.658s][info ][safepoint     ] Entering safepoint region: Cleanup
[2023-10-19T20:53:12.130+0000][866.658s][info ][safepoint     ] Leaving safepoint region
[2023-10-19T20:53:12.130+0000][866.659s][info ][safepoint     ] Total time for which application threads were stopped: 0.0014328 seconds, Stopping threads took: 0.0006099 seconds
[2023-10-19T20:53:13.131+0000][867.660s][debug][safepoint     ] Safepoint synchronization initiated. (177 threads)
[2023-10-19T20:53:13.132+0000][867.660s][info ][safepoint     ] Application time: 1.0007839 seconds
[2023-10-19T20:53:13.132+0000][867.661s][info ][safepoint     ] Entering safepoint region: Cleanup
[2023-10-19T20:53:13.133+0000][867.662s][info ][safepoint     ] Leaving safepoint region
[2023-10-19T20:53:13.133+0000][867.662s][info ][safepoint     ] Total time for which application threads were stopped: 0.0011476 seconds, Stopping threads took: 0.0004739 seconds
[2023-10-19T20:53:14.134+0000][868.663s][debug][safepoint     ] Safepoint synchronization initiated. (177 threads)
[2023-10-19T20:53:14.135+0000][868.664s][info ][safepoint     ] Application time: 1.0013066 seconds
[2023-10-19T20:53:14.136+0000][868.665s][info ][safepoint     ] Entering safepoint region: Cleanup
[2023-10-19T20:53:14.138+0000][868.667s][info ][safepoint     ] Leaving safepoint region
[2023-10-19T20:53:14.139+0000][868.667s][info ][safepoint     ] Total time for which application threads were stopped: 0.0025190 seconds, Stopping threads took: 0.0012088 seconds
[2023-10-19T20:53:15.140+0000][869.668s][debug][safepoint     ] Safepoint synchronization initiated. (177 threads)
[2023-10-19T20:53:15.141+0000][869.669s][info ][safepoint     ] Application time: 1.0009413 seconds
[2023-10-19T20:53:15.141+0000][869.670s][info ][safepoint     ] Entering safepoint region: Cleanup
[2023-10-19T20:53:15.142+0000][869.671s][info ][safepoint     ] Leaving safepoint region
[2023-10-19T20:53:15.143+0000][869.672s][info ][safepoint     ] Total time for which application threads were stopped: 0.0018598 seconds, Stopping threads took: 0.0007210 seconds
[2023-10-19T20:53:16.144+0000][870.673s][debug][safepoint     ] Safepoint synchronization initiated. (177 threads)
[2023-10-19T20:53:16.145+0000][870.674s][info ][safepoint     ] Application time: 1.0015023 seconds
[2023-10-19T20:53:16.146+0000][870.675s][info ][safepoint     ] Entering safepoint region: Cleanup
[2023-10-19T20:53:16.148+0000][870.676s][info ][safepoint     ] Leaving safepoint region
[2023-10-19T20:53:16.148+0000][870.677s][info ][safepoint     ] Total time for which application threads were stopped: 0.0022779 seconds, Stopping threads took: 0.0010703 seconds
[2023-10-19T20:53:17.149+0000][871.678s][debug][safepoint     ] Safepoint synchronization initiated. (177 threads)
[2023-10-19T20:53:17.150+0000][871.678s][info ][safepoint     ] Application time: 1.0004987 seconds
[2023-10-19T20:53:17.150+0000][871.679s][info ][safepoint     ] Entering safepoint region: Cleanup
[2023-10-19T20:53:17.150+0000][871.679s][info ][safepoint     ] Leaving safepoint region
[2023-10-19T20:53:17.151+0000][871.679s][info ][safepoint     ] Total time for which application threads were stopped: 0.0007898 seconds, Stopping threads took: 0.0002971 seconds
[2023-10-19T20:53:18.151+0000][872.680s][debug][safepoint     ] Safepoint synchronization initiated. (177 threads)
[2023-10-19T20:53:18.152+0000][872.681s][info ][safepoint     ] Application time: 1.0008943 seconds
[2023-10-19T20:53:18.152+0000][872.681s][info ][safepoint     ] Entering safepoint region: Cleanup
[2023-10-19T20:53:18.153+0000][872.682s][info ][safepoint     ] Leaving safepoint region
[2023-10-19T20:53:18.154+0000][872.682s][info ][safepoint     ] Total time for which application threads were stopped: 0.0011874 seconds, Stopping threads took: 0.0005355 seconds
[2023-10-19T20:53:19.154+0000][873.683s][debug][safepoint     ] Safepoint synchronization initiated. (177 threads)
[2023-10-19T20:53:19.155+0000][873.684s][info ][safepoint     ] Application time: 1.0011924 seconds
[2023-10-19T20:53:19.156+0000][873.685s][info ][safepoint     ] Entering safepoint region: Cleanup
[2023-10-19T20:53:19.157+0000][873.686s][info ][safepoint     ] Leaving safepoint region
[2023-10-19T20:53:19.158+0000][873.687s][info ][safepoint     ] Total time for which application threads were stopped: 0.0020564 seconds, Stopping threads took: 0.0008970 seconds
[2023-10-19T20:53:20.159+0000][874.688s][debug][safepoint     ] Safepoint synchronization initiated. (177 threads)
[2023-10-19T20:53:20.161+0000][874.689s][info ][safepoint     ] Application time: 1.0013983 seconds
[2023-10-19T20:53:20.162+0000][874.690s][info ][safepoint     ] Entering safepoint region: Cleanup
[2023-10-19T20:53:20.163+0000][874.691s][info ][safepoint     ] Leaving safepoint region
[2023-10-19T20:53:20.163+0000][874.692s][info ][safepoint     ] Total time for which application threads were stopped: 0.0018847 seconds, Stopping threads took: 0.0009075 seconds
[2023-10-19T20:53:21.164+0000][875.693s][debug][safepoint     ] Safepoint synchronization initiated. (177 threads)
[2023-10-19T20:53:21.166+0000][875.694s][info ][safepoint     ] Application time: 1.0016202 seconds
[2023-10-19T20:53:21.167+0000][875.696s][info ][safepoint     ] Entering safepoint region: Cleanup
[2023-10-19T20:53:21.168+0000][875.697s][info ][safepoint     ] Leaving safepoint region
[2023-10-19T20:53:21.169+0000][875.698s][info ][safepoint     ] Total time for which application threads were stopped: 0.0023929 seconds, Stopping threads took: 0.0010899 seconds
[2023-10-19T20:53:22.170+0000][876.699s][debug][safepoint     ] Safepoint synchronization initiated. (177 threads)
[2023-10-19T20:53:22.171+0000][876.700s][info ][safepoint     ] Application time: 1.0012523 seconds
[2023-10-19T20:53:22.172+0000][876.701s][info ][safepoint     ] Entering safepoint region: Cleanup
[2023-10-19T20:53:22.173+0000][876.702s][info ][safepoint     ] Leaving safepoint region
[2023-10-19T20:53:22.174+0000][876.703s][info ][safepoint     ] Total time for which application threads were stopped: 0.0017812 seconds, Stopping threads took: 0.0008124 seconds
[2023-10-19T20:53:23.175+0000][877.704s][debug][safepoint     ] Safepoint synchronization initiated. (177 threads)
[2023-10-19T20:53:23.176+0000][877.704s][info ][safepoint     ] Application time: 1.0008579 seconds
[2023-10-19T20:53:23.176+0000][877.705s][info ][safepoint     ] Entering safepoint region: Cleanup
[2023-10-19T20:53:23.177+0000][877.706s][info ][safepoint     ] Leaving safepoint region
[2023-10-19T20:53:23.178+0000][877.706s][info ][safepoint     ] Total time for which application threads were stopped: 0.0012457 seconds, Stopping threads took: 0.0004287 seconds
[2023-10-19T20:53:24.178+0000][878.707s][debug][safepoint     ] Safepoint synchronization initiated. (177 threads)
[2023-10-19T20:53:24.179+0000][878.707s][info ][safepoint     ] Application time: 1.0010231 seconds
[2023-10-19T20:53:24.180+0000][878.708s][info ][safepoint     ] Entering safepoint region: Cleanup
[2023-10-19T20:53:24.181+0000][878.709s][info ][safepoint     ] Leaving safepoint region
[2023-10-19T20:53:24.181+0000][878.709s][info ][safepoint     ] Total time for which application threads were stopped: 0.0013450 seconds, Stopping threads took: 0.0007609 seconds
[2023-10-19T20:53:25.182+0000][879.710s][debug][safepoint     ] Safepoint synchronization initiated. (177 threads)
[2023-10-19T20:53:25.182+0000][879.711s][info ][safepoint     ] Application time: 1.0007601 seconds
[2023-10-19T20:53:25.183+0000][879.711s][info ][safepoint     ] Entering safepoint region: Cleanup
[2023-10-19T20:53:25.183+0000][879.712s][info ][safepoint     ] Leaving safepoint region
[2023-10-19T20:53:25.184+0000][879.712s][info ][safepoint     ] Total time for which application threads were stopped: 0.0010828 seconds, Stopping threads took: 0.0005334 seconds
[2023-10-19T20:53:26.184+0000][880.713s][debug][safepoint     ] Safepoint synchronization initiated. (177 threads)
[2023-10-19T20:53:26.185+0000][880.713s][info ][safepoint     ] Application time: 1.0007372 seconds
[2023-10-19T20:53:26.186+0000][880.714s][info ][safepoint     ] Entering safepoint region: Cleanup
[2023-10-19T20:53:26.186+0000][880.715s][info ][safepoint     ] Leaving safepoint region
[2023-10-19T20:53:26.187+0000][880.715s][info ][safepoint     ] Total time for which application threads were stopped: 0.0012430 seconds, Stopping threads took: 0.0005999 seconds
[2023-10-19T20:53:27.188+0000][881.716s][debug][safepoint     ] Safepoint synchronization initiated. (177 threads)
[2023-10-19T20:53:27.189+0000][881.717s][info ][safepoint     ] Application time: 1.0013723 seconds
[2023-10-19T20:53:27.190+0000][881.718s][info ][safepoint     ] Entering safepoint region: Cleanup
[2023-10-19T20:53:27.191+0000][881.719s][info ][safepoint     ] Leaving safepoint region
[2023-10-19T20:53:27.191+0000][881.720s][info ][safepoint     ] Total time for which application threads were stopped: 0.0017132 seconds, Stopping threads took: 0.0007399 seconds
[2023-10-19T20:53:28.193+0000][882.721s][debug][safepoint     ] Safepoint synchronization initiated. (177 threads)
[2023-10-19T20:53:28.194+0000][882.722s][info ][safepoint     ] Application time: 1.0015590 seconds
[2023-10-19T20:53:28.195+0000][882.723s][info ][safepoint     ] Entering safepoint region: Cleanup
[2023-10-19T20:53:28.196+0000][882.724s][info ][safepoint     ] Leaving safepoint region
[2023-10-19T20:53:28.197+0000][882.725s][info ][safepoint     ] Total time for which application threads were stopped: 0.0022337 seconds, Stopping threads took: 0.0008919 seconds
[2023-10-19T20:53:29.198+0000][883.726s][debug][safepoint     ] Safepoint synchronization initiated. (177 threads)
[2023-10-19T20:53:29.198+0000][883.727s][info ][safepoint     ] Application time: 1.0007155 seconds
[2023-10-19T20:53:29.199+0000][883.727s][info ][safepoint     ] Entering safepoint region: Cleanup
[2023-10-19T20:53:29.199+0000][883.728s][info ][safepoint     ] Leaving safepoint region
[2023-10-19T20:53:29.200+0000][883.728s][info ][safepoint     ] Total time for which application threads were stopped: 0.0009115 seconds, Stopping threads took: 0.0003904 seconds
[2023-10-19T20:53:30.200+0000][884.729s][debug][safepoint     ] Safepoint synchronization initiated. (177 threads)
[2023-10-19T20:53:30.201+0000][884.729s][info ][safepoint     ] Application time: 1.0006818 seconds
[2023-10-19T20:53:30.201+0000][884.729s][info ][safepoint     ] Entering safepoint region: Cleanup
[2023-10-19T20:53:30.202+0000][884.730s][info ][safepoint     ] Leaving safepoint region
[2023-10-19T20:53:30.202+0000][884.730s][info ][safepoint     ] Total time for which application threads were stopped: 0.0007419 seconds, Stopping threads took: 0.0003052 seconds
[2023-10-19T20:53:31.202+0000][885.731s][debug][safepoint     ] Safepoint synchronization initiated. (177 threads)
[2023-10-19T20:53:31.203+0000][885.732s][info ][safepoint     ] Application time: 1.0010557 seconds
[2023-10-19T20:53:31.204+0000][885.732s][info ][safepoint     ] Entering safepoint region: Cleanup
[2023-10-19T20:53:31.205+0000][885.733s][info ][safepoint     ] Leaving safepoint region
[2023-10-19T20:53:31.205+0000][885.733s][info ][safepoint     ] Total time for which application threads were stopped: 0.0012447 seconds, Stopping threads took: 0.0005738 seconds
[2023-10-19T20:53:32.206+0000][886.734s][debug][safepoint     ] Safepoint synchronization initiated. (177 threads)
[2023-10-19T20:53:32.207+0000][886.735s][info ][safepoint     ] Application time: 1.0014186 seconds
[2023-10-19T20:53:32.208+0000][886.736s][info ][safepoint     ] Entering safepoint region: Cleanup
[2023-10-19T20:53:32.209+0000][886.738s][info ][safepoint     ] Leaving safepoint region
[2023-10-19T20:53:32.210+0000][886.739s][info ][safepoint     ] Total time for which application threads were stopped: 0.0023056 seconds, Stopping threads took: 0.0009683 seconds
[2023-10-19T20:53:33.211+0000][887.740s][debug][safepoint     ] Safepoint synchronization initiated. (177 threads)
[2023-10-19T20:53:33.213+0000][887.741s][info ][safepoint     ] Application time: 1.0015855 seconds
[2023-10-19T20:53:33.214+0000][887.742s][info ][safepoint     ] Entering safepoint region: Cleanup
[2023-10-19T20:53:33.215+0000][887.744s][info ][safepoint     ] Leaving safepoint region
[2023-10-19T20:53:33.216+0000][887.745s][info ][safepoint     ] Total time for which application threads were stopped: 0.0025245 seconds, Stopping threads took: 0.0010492 seconds
[2023-10-19T20:53:34.218+0000][888.746s][debug][safepoint     ] Safepoint synchronization initiated. (177 threads)
[2023-10-19T20:53:34.219+0000][888.747s][info ][safepoint     ] Application time: 1.0012235 seconds
[2023-10-19T20:53:34.219+0000][888.748s][info ][safepoint     ] Entering safepoint region: Cleanup
[2023-10-19T20:53:34.220+0000][888.748s][info ][safepoint     ] Leaving safepoint region
[2023-10-19T20:53:34.221+0000][888.749s][info ][safepoint     ] Total time for which application threads were stopped: 0.0012277 seconds, Stopping threads took: 0.0005213 seconds
[2023-10-19T20:53:35.221+0000][889.750s][debug][safepoint     ] Safepoint synchronization initiated. (177 threads)
[2023-10-19T20:53:35.223+0000][889.751s][info ][safepoint     ] Application time: 1.0016300 seconds
[2023-10-19T20:53:35.224+0000][889.752s][info ][safepoint     ] Entering safepoint region: Cleanup
[2023-10-19T20:53:35.225+0000][889.754s][info ][safepoint     ] Leaving safepoint region
[2023-10-19T20:53:35.226+0000][889.755s][info ][safepoint     ] Total time for which application threads were stopped: 0.0024172 seconds, Stopping threads took: 0.0010396 seconds
[2023-10-19T20:53:36.228+0000][890.756s][debug][safepoint     ] Safepoint synchronization initiated. (177 threads)
[2023-10-19T20:53:36.229+0000][890.757s][info ][safepoint     ] Application time: 1.0017983 seconds
[2023-10-19T20:53:36.230+0000][890.758s][info ][safepoint     ] Entering safepoint region: Cleanup
[2023-10-19T20:53:36.232+0000][890.760s][info ][safepoint     ] Leaving safepoint region
[2023-10-19T20:53:36.233+0000][890.761s][info ][safepoint     ] Total time for which application threads were stopped: 0.0026432 seconds, Stopping threads took: 0.0010697 seconds
[2023-10-19T20:53:37.234+0000][891.762s][debug][safepoint     ] Safepoint synchronization initiated. (177 threads)
[2023-10-19T20:53:37.235+0000][891.763s][info ][safepoint     ] Application time: 1.0014243 seconds
[2023-10-19T20:53:37.236+0000][891.764s][info ][safepoint     ] Entering safepoint region: Cleanup
[2023-10-19T20:53:37.238+0000][891.766s][info ][safepoint     ] Leaving safepoint region
[2023-10-19T20:53:37.239+0000][891.767s][info ][safepoint     ] Total time for which application threads were stopped: 0.0025434 seconds, Stopping threads took: 0.0011988 seconds
[2023-10-19T20:53:38.240+0000][892.768s][debug][safepoint     ] Safepoint synchronization initiated. (177 threads)
[2023-10-19T20:53:38.241+0000][892.769s][info ][safepoint     ] Application time: 1.0011711 seconds
[2023-10-19T20:53:38.241+0000][892.770s][info ][safepoint     ] Entering safepoint region: Cleanup
[2023-10-19T20:53:38.242+0000][892.771s][info ][safepoint     ] Leaving safepoint region
[2023-10-19T20:53:38.243+0000][892.771s][info ][safepoint     ] Total time for which application threads were stopped: 0.0016850 seconds, Stopping threads took: 0.0008158 seconds
[2023-10-19T20:53:39.244+0000][893.773s][debug][safepoint     ] Safepoint synchronization initiated. (177 threads)
[2023-10-19T20:53:39.245+0000][893.773s][info ][safepoint     ] Application time: 1.0012650 seconds
[2023-10-19T20:53:39.246+0000][893.774s][info ][safepoint     ] Entering safepoint region: Cleanup
[2023-10-19T20:53:39.247+0000][893.775s][info ][safepoint     ] Leaving safepoint region
[2023-10-19T20:53:39.247+0000][893.776s][info ][safepoint     ] Total time for which application threads were stopped: 0.0015095 seconds, Stopping threads took: 0.0006873 seconds
[2023-10-19T20:53:40.248+0000][894.776s][debug][safepoint     ] Safepoint synchronization initiated. (177 threads)
[2023-10-19T20:53:40.248+0000][894.777s][info ][safepoint     ] Application time: 1.0006072 seconds
[2023-10-19T20:53:40.249+0000][894.777s][info ][safepoint     ] Entering safepoint region: Cleanup
[2023-10-19T20:53:40.249+0000][894.778s][info ][safepoint     ] Leaving safepoint region
[2023-10-19T20:53:40.250+0000][894.778s][info ][safepoint     ] Total time for which application threads were stopped: 0.0008703 seconds, Stopping threads took: 0.0003595 seconds
[2023-10-19T20:53:41.250+0000][895.778s][debug][safepoint     ] Safepoint synchronization initiated. (177 threads)
[2023-10-19T20:53:41.251+0000][895.779s][info ][safepoint     ] Application time: 1.0009850 seconds
[2023-10-19T20:53:41.253+0000][895.781s][info ][safepoint     ] Entering safepoint region: Cleanup
[2023-10-19T20:53:41.254+0000][895.782s][info ][safepoint     ] Leaving safepoint region
[2023-10-19T20:53:41.254+0000][895.782s][info ][safepoint     ] Total time for which application threads were stopped: 0.0014334 seconds, Stopping threads took: 0.0006850 seconds
[2023-10-19T20:53:42.255+0000][896.783s][debug][safepoint     ] Safepoint synchronization initiated. (177 threads)
[2023-10-19T20:53:42.255+0000][896.784s][info ][safepoint     ] Application time: 1.0006173 seconds
[2023-10-19T20:53:42.256+0000][896.784s][info ][safepoint     ] Entering safepoint region: Cleanup
[2023-10-19T20:53:42.256+0000][896.784s][info ][safepoint     ] Leaving safepoint region
[2023-10-19T20:53:42.256+0000][896.785s][info ][safepoint     ] Total time for which application threads were stopped: 0.0009385 seconds, Stopping threads took: 0.0003575 seconds
[2023-10-19T20:53:43.257+0000][897.785s][debug][safepoint     ] Safepoint synchronization initiated. (177 threads)
[2023-10-19T20:53:43.258+0000][897.786s][info ][safepoint     ] Application time: 1.0008339 seconds
[2023-10-19T20:53:43.258+0000][897.787s][info ][safepoint     ] Entering safepoint region: Cleanup
[2023-10-19T20:53:43.259+0000][897.787s][info ][safepoint     ] Leaving safepoint region
[2023-10-19T20:53:43.260+0000][897.788s][info ][safepoint     ] Total time for which application threads were stopped: 0.0014762 seconds, Stopping threads took: 0.0006138 seconds
[2023-10-19T20:53:44.261+0000][898.789s][debug][safepoint     ] Safepoint synchronization initiated. (177 threads)
[2023-10-19T20:53:44.261+0000][898.789s][info ][safepoint     ] Application time: 1.0006159 seconds
[2023-10-19T20:53:44.261+0000][898.790s][info ][safepoint     ] Entering safepoint region: Cleanup
[2023-10-19T20:53:44.262+0000][898.790s][info ][safepoint     ] Leaving safepoint region
[2023-10-19T20:53:44.263+0000][898.791s][info ][safepoint     ] Total time for which application threads were stopped: 0.0011061 seconds, Stopping threads took: 0.0004740 seconds
[2023-10-19T20:53:45.263+0000][899.792s][debug][safepoint     ] Safepoint synchronization initiated. (177 threads)
[2023-10-19T20:53:45.264+0000][899.792s][info ][safepoint     ] Application time: 1.0004922 seconds
[2023-10-19T20:53:45.264+0000][899.792s][info ][safepoint     ] Entering safepoint region: Cleanup
[2023-10-19T20:53:45.265+0000][899.793s][info ][safepoint     ] Leaving safepoint region
[2023-10-19T20:53:45.265+0000][899.793s][info ][safepoint     ] Total time for which application threads were stopped: 0.0008240 seconds, Stopping threads took: 0.0003502 seconds
[2023-10-19T20:53:46.265+0000][900.794s][debug][safepoint     ] Safepoint synchronization initiated. (177 threads)
[2023-10-19T20:53:46.267+0000][900.795s][info ][safepoint     ] Application time: 1.0014104 seconds
[2023-10-19T20:53:46.268+0000][900.796s][info ][safepoint     ] Entering safepoint region: Cleanup
[2023-10-19T20:53:46.269+0000][900.798s][info ][safepoint     ] Leaving safepoint region
[2023-10-19T20:53:46.270+0000][900.798s][info ][safepoint     ] Total time for which application threads were stopped: 0.0022970 seconds, Stopping threads took: 0.0015450 seconds
[2023-10-19T20:53:47.271+0000][901.799s][debug][safepoint     ] Safepoint synchronization initiated. (177 threads)
[2023-10-19T20:53:47.272+0000][901.800s][info ][safepoint     ] Application time: 1.0017337 seconds
[2023-10-19T20:53:47.273+0000][901.801s][info ][safepoint     ] Entering safepoint region: Cleanup
[2023-10-19T20:53:47.273+0000][901.802s][info ][safepoint     ] Leaving safepoint region
[2023-10-19T20:53:47.274+0000][901.803s][info ][safepoint     ] Total time for which application threads were stopped: 0.0014961 seconds, Stopping threads took: 0.0006560 seconds
[2023-10-19T20:53:48.275+0000][902.803s][debug][safepoint     ] Safepoint synchronization initiated. (177 threads)
[2023-10-19T20:53:48.275+0000][902.804s][info ][safepoint     ] Application time: 1.0008048 seconds
[2023-10-19T20:53:48.276+0000][902.804s][info ][safepoint     ] Entering safepoint region: Cleanup
[2023-10-19T20:53:48.277+0000][902.805s][info ][safepoint     ] Leaving safepoint region
[2023-10-19T20:53:48.277+0000][902.806s][info ][safepoint     ] Total time for which application threads were stopped: 0.0012731 seconds, Stopping threads took: 0.0005712 seconds
[2023-10-19T20:53:49.278+0000][903.806s][debug][safepoint     ] Safepoint synchronization initiated. (177 threads)
[2023-10-19T20:53:49.278+0000][903.807s][info ][safepoint     ] Application time: 1.0007103 seconds
[2023-10-19T20:53:49.279+0000][903.807s][info ][safepoint     ] Entering safepoint region: Cleanup
[2023-10-19T20:53:49.280+0000][903.808s][info ][safepoint     ] Leaving safepoint region
[2023-10-19T20:53:49.280+0000][903.808s][info ][safepoint     ] Total time for which application threads were stopped: 0.0011059 seconds, Stopping threads took: 0.0005042 seconds
[2023-10-19T20:53:50.281+0000][904.809s][debug][safepoint     ] Safepoint synchronization initiated. (177 threads)
[2023-10-19T20:53:50.281+0000][904.809s][info ][safepoint     ] Application time: 1.0005378 seconds
[2023-10-19T20:53:50.281+0000][904.810s][info ][safepoint     ] Entering safepoint region: Cleanup
[2023-10-19T20:53:50.282+0000][904.810s][info ][safepoint     ] Leaving safepoint region
[2023-10-19T20:53:50.282+0000][904.811s][info ][safepoint     ] Total time for which application threads were stopped: 0.0007946 seconds, Stopping threads took: 0.0003287 seconds
[2023-10-19T20:53:51.283+0000][905.811s][debug][safepoint     ] Safepoint synchronization initiated. (177 threads)
[2023-10-19T20:53:51.283+0000][905.811s][info ][safepoint     ] Application time: 1.0005617 seconds
[2023-10-19T20:53:51.283+0000][905.812s][info ][safepoint     ] Entering safepoint region: Cleanup
[2023-10-19T20:53:51.284+0000][905.812s][info ][safepoint     ] Leaving safepoint region
[2023-10-19T20:53:51.284+0000][905.812s][info ][safepoint     ] Total time for which application threads were stopped: 0.0008312 seconds, Stopping threads took: 0.0002972 seconds
[2023-10-19T20:53:52.285+0000][906.813s][debug][safepoint     ] Safepoint synchronization initiated. (177 threads)
[2023-10-19T20:53:52.286+0000][906.814s][info ][safepoint     ] Application time: 1.0011725 seconds
[2023-10-19T20:53:52.287+0000][906.815s][info ][safepoint     ] Entering safepoint region: Cleanup
[2023-10-19T20:53:52.288+0000][906.816s][info ][safepoint     ] Leaving safepoint region
[2023-10-19T20:53:52.289+0000][906.817s][info ][safepoint     ] Total time for which application threads were stopped: 0.0020908 seconds, Stopping threads took: 0.0009836 seconds
[2023-10-19T20:53:53.289+0000][907.818s][debug][safepoint     ] Safepoint synchronization initiated. (177 threads)
[2023-10-19T20:53:53.290+0000][907.818s][info ][safepoint     ] Application time: 1.0004807 seconds
[2023-10-19T20:53:53.290+0000][907.819s][info ][safepoint     ] Entering safepoint region: Cleanup
[2023-10-19T20:53:53.291+0000][907.819s][info ][safepoint     ] Leaving safepoint region
[2023-10-19T20:53:53.291+0000][907.820s][info ][safepoint     ] Total time for which application threads were stopped: 0.0007475 seconds, Stopping threads took: 0.0003258 seconds
[2023-10-19T20:53:54.291+0000][908.820s][debug][safepoint     ] Safepoint synchronization initiated. (177 threads)
[2023-10-19T20:53:54.292+0000][908.821s][info ][safepoint     ] Application time: 1.0007404 seconds
[2023-10-19T20:53:54.293+0000][908.821s][info ][safepoint     ] Entering safepoint region: Cleanup
[2023-10-19T20:53:54.293+0000][908.822s][info ][safepoint     ] Leaving safepoint region
[2023-10-19T20:53:54.294+0000][908.822s][info ][safepoint     ] Total time for which application threads were stopped: 0.0009694 seconds, Stopping threads took: 0.0004210 seconds
[2023-10-19T20:53:55.294+0000][909.823s][debug][safepoint     ] Safepoint synchronization initiated. (177 threads)
[2023-10-19T20:53:55.295+0000][909.824s][info ][safepoint     ] Application time: 1.0012352 seconds
[2023-10-19T20:53:55.296+0000][909.825s][info ][safepoint     ] Entering safepoint region: Cleanup
[2023-10-19T20:53:55.298+0000][909.826s][info ][safepoint     ] Leaving safepoint region
[2023-10-19T20:53:55.298+0000][909.827s][info ][safepoint     ] Total time for which application threads were stopped: 0.0021450 seconds, Stopping threads took: 0.0010182 seconds
[2023-10-19T20:53:56.299+0000][910.828s][debug][safepoint     ] Safepoint synchronization initiated. (177 threads)
[2023-10-19T20:53:56.300+0000][910.828s][info ][safepoint     ] Application time: 1.0007366 seconds
[2023-10-19T20:53:56.301+0000][910.829s][info ][safepoint     ] Entering safepoint region: Cleanup
[2023-10-19T20:53:56.301+0000][910.830s][info ][safepoint     ] Leaving safepoint region
[2023-10-19T20:53:56.302+0000][910.830s][info ][safepoint     ] Total time for which application threads were stopped: 0.0012608 seconds, Stopping threads took: 0.0005807 seconds
[2023-10-19T20:53:57.303+0000][911.831s][debug][safepoint     ] Safepoint synchronization initiated. (177 threads)
[2023-10-19T20:53:57.304+0000][911.833s][info ][safepoint     ] Application time: 1.0016340 seconds
[2023-10-19T20:53:57.305+0000][911.833s][info ][safepoint     ] Entering safepoint region: Cleanup
[2023-10-19T20:53:57.306+0000][911.834s][info ][safepoint     ] Leaving safepoint region
[2023-10-19T20:53:57.307+0000][911.835s][info ][safepoint     ] Total time for which application threads were stopped: 0.0019554 seconds, Stopping threads took: 0.0008404 seconds
[2023-10-19T20:53:58.308+0000][912.836s][debug][safepoint     ] Safepoint synchronization initiated. (177 threads)
[2023-10-19T20:53:58.308+0000][912.837s][info ][safepoint     ] Application time: 1.0008625 seconds
[2023-10-19T20:53:58.309+0000][912.837s][info ][safepoint     ] Entering safepoint region: Cleanup
[2023-10-19T20:53:58.309+0000][912.838s][info ][safepoint     ] Leaving safepoint region
[2023-10-19T20:53:58.310+0000][912.838s][info ][safepoint     ] Total time for which application threads were stopped: 0.0010621 seconds, Stopping threads took: 0.0004514 seconds
[2023-10-19T20:53:59.310+0000][913.839s][debug][safepoint     ] Safepoint synchronization initiated. (177 threads)
[2023-10-19T20:53:59.311+0000][913.840s][info ][safepoint     ] Application time: 1.0012074 seconds
[2023-10-19T20:53:59.312+0000][913.841s][info ][safepoint     ] Entering safepoint region: Cleanup
[2023-10-19T20:53:59.313+0000][913.842s][info ][safepoint     ] Leaving safepoint region
[2023-10-19T20:53:59.314+0000][913.843s][info ][safepoint     ] Total time for which application threads were stopped: 0.0019005 seconds, Stopping threads took: 0.0008486 seconds
[2023-10-19T20:54:00.315+0000][914.843s][debug][safepoint     ] Safepoint synchronization initiated. (177 threads)
[2023-10-19T20:54:00.316+0000][914.845s][info ][safepoint     ] Application time: 1.0012042 seconds
[2023-10-19T20:54:00.316+0000][914.845s][info ][safepoint     ] Entering safepoint region: Cleanup
[2023-10-19T20:54:00.318+0000][914.847s][info ][safepoint     ] Leaving safepoint region
[2023-10-19T20:54:00.319+0000][914.847s][info ][safepoint     ] Total time for which application threads were stopped: 0.0023975 seconds, Stopping threads took: 0.0008231 seconds
[2023-10-19T20:54:01.320+0000][915.848s][debug][safepoint     ] Safepoint synchronization initiated. (177 threads)
[2023-10-19T20:54:01.320+0000][915.849s][info ][safepoint     ] Application time: 1.0010467 seconds
[2023-10-19T20:54:01.321+0000][915.849s][info ][safepoint     ] Entering safepoint region: Cleanup
[2023-10-19T20:54:01.322+0000][915.850s][info ][safepoint     ] Leaving safepoint region
[2023-10-19T20:54:01.322+0000][915.850s][info ][safepoint     ] Total time for which application threads were stopped: 0.0012076 seconds, Stopping threads took: 0.0005543 seconds
[2023-10-19T20:54:02.323+0000][916.851s][debug][safepoint     ] Safepoint synchronization initiated. (177 threads)
[2023-10-19T20:54:02.324+0000][916.852s][info ][safepoint     ] Application time: 1.0011285 seconds
[2023-10-19T20:54:02.324+0000][916.853s][info ][safepoint     ] Entering safepoint region: Cleanup
[2023-10-19T20:54:02.325+0000][916.854s][info ][safepoint     ] Leaving safepoint region
[2023-10-19T20:54:02.326+0000][916.854s][info ][safepoint     ] Total time for which application threads were stopped: 0.0014028 seconds, Stopping threads took: 0.0006252 seconds
[2023-10-19T20:54:03.326+0000][917.855s][debug][safepoint     ] Safepoint synchronization initiated. (177 threads)
[2023-10-19T20:54:03.327+0000][917.855s][info ][safepoint     ] Application time: 1.0005238 seconds
[2023-10-19T20:54:03.327+0000][917.856s][info ][safepoint     ] Entering safepoint region: Cleanup
[2023-10-19T20:54:03.328+0000][917.856s][info ][safepoint     ] Leaving safepoint region
[2023-10-19T20:54:03.328+0000][917.856s][info ][safepoint     ] Total time for which application threads were stopped: 0.0008518 seconds, Stopping threads took: 0.0004066 seconds
[2023-10-19T20:54:04.328+0000][918.857s][debug][safepoint     ] Safepoint synchronization initiated. (177 threads)
[2023-10-19T20:54:04.329+0000][918.857s][info ][safepoint     ] Application time: 1.0005895 seconds
[2023-10-19T20:54:04.329+0000][918.858s][info ][safepoint     ] Entering safepoint region: Cleanup
[2023-10-19T20:54:04.330+0000][918.858s][info ][safepoint     ] Leaving safepoint region
[2023-10-19T20:54:04.330+0000][918.859s][info ][safepoint     ] Total time for which application threads were stopped: 0.0009737 seconds, Stopping threads took: 0.0004513 seconds
[2023-10-19T20:54:05.331+0000][919.859s][debug][safepoint     ] Safepoint synchronization initiated. (177 threads)
[2023-10-19T20:54:05.331+0000][919.860s][info ][safepoint     ] Application time: 1.0006719 seconds
[2023-10-19T20:54:05.332+0000][919.860s][info ][safepoint     ] Entering safepoint region: Cleanup
[2023-10-19T20:54:05.332+0000][919.861s][info ][safepoint     ] Leaving safepoint region
[2023-10-19T20:54:05.333+0000][919.861s][info ][safepoint     ] Total time for which application threads were stopped: 0.0009305 seconds, Stopping threads took: 0.0003965 seconds
[2023-10-19T20:54:06.333+0000][920.862s][debug][safepoint     ] Safepoint synchronization initiated. (177 threads)
[2023-10-19T20:54:06.334+0000][920.862s][info ][safepoint     ] Application time: 1.0005970 seconds
[2023-10-19T20:54:06.334+0000][920.863s][info ][safepoint     ] Entering safepoint region: Cleanup
[2023-10-19T20:54:06.335+0000][920.863s][info ][safepoint     ] Leaving safepoint region
[2023-10-19T20:54:06.335+0000][920.864s][info ][safepoint     ] Total time for which application threads were stopped: 0.0010940 seconds, Stopping threads took: 0.0004871 seconds
[2023-10-19T20:54:07.336+0000][921.864s][debug][safepoint     ] Safepoint synchronization initiated. (177 threads)
[2023-10-19T20:54:07.336+0000][921.865s][info ][safepoint     ] Application time: 1.0007655 seconds
[2023-10-19T20:54:07.337+0000][921.865s][info ][safepoint     ] Entering safepoint region: Cleanup
[2023-10-19T20:54:07.338+0000][921.866s][info ][safepoint     ] Leaving safepoint region
[2023-10-19T20:54:07.338+0000][921.866s][info ][safepoint     ] Total time for which application threads were stopped: 0.0011885 seconds, Stopping threads took: 0.0005039 seconds
[2023-10-19T20:54:08.339+0000][922.867s][debug][safepoint     ] Safepoint synchronization initiated. (177 threads)
[2023-10-19T20:54:08.339+0000][922.868s][info ][safepoint     ] Application time: 1.0007342 seconds
[2023-10-19T20:54:08.340+0000][922.868s][info ][safepoint     ] Entering safepoint region: Cleanup
[2023-10-19T20:54:08.340+0000][922.869s][info ][safepoint     ] Leaving safepoint region
[2023-10-19T20:54:08.341+0000][922.869s][info ][safepoint     ] Total time for which application threads were stopped: 0.0011007 seconds, Stopping threads took: 0.0004245 seconds
[2023-10-19T20:54:09.341+0000][923.870s][debug][safepoint     ] Safepoint synchronization initiated. (177 threads)
[2023-10-19T20:54:09.342+0000][923.870s][info ][safepoint     ] Application time: 1.0005287 seconds
[2023-10-19T20:54:09.342+0000][923.871s][info ][safepoint     ] Entering safepoint region: Cleanup
[2023-10-19T20:54:09.343+0000][923.871s][info ][safepoint     ] Leaving safepoint region
[2023-10-19T20:54:09.343+0000][923.871s][info ][safepoint     ] Total time for which application threads were stopped: 0.0008971 seconds, Stopping threads took: 0.0003828 seconds
[2023-10-19T20:54:10.343+0000][924.872s][debug][safepoint     ] Safepoint synchronization initiated. (177 threads)
[2023-10-19T20:54:10.344+0000][924.872s][info ][safepoint     ] Application time: 1.0007944 seconds
[2023-10-19T20:54:10.345+0000][924.873s][info ][safepoint     ] Entering safepoint region: Cleanup
[2023-10-19T20:54:10.345+0000][924.874s][info ][safepoint     ] Leaving safepoint region
[2023-10-19T20:54:10.346+0000][924.874s][info ][safepoint     ] Total time for which application threads were stopped: 0.0010423 seconds, Stopping threads took: 0.0004406 seconds
[2023-10-19T20:54:11.347+0000][925.876s][debug][safepoint     ] Safepoint synchronization initiated. (177 threads)
[2023-10-19T20:54:11.348+0000][925.876s][info ][safepoint     ] Application time: 1.0005990 seconds
[2023-10-19T20:54:11.348+0000][925.877s][info ][safepoint     ] Entering safepoint region: Cleanup
[2023-10-19T20:54:11.349+0000][925.877s][info ][safepoint     ] Leaving safepoint region
[2023-10-19T20:54:11.349+0000][925.878s][info ][safepoint     ] Total time for which application threads were stopped: 0.0009370 seconds, Stopping threads took: 0.0004096 seconds
[2023-10-19T20:54:12.350+0000][926.878s][debug][safepoint     ] Safepoint synchronization initiated. (177 threads)
[2023-10-19T20:54:12.350+0000][926.879s][info ][safepoint     ] Application time: 1.0007376 seconds
[2023-10-19T20:54:12.351+0000][926.879s][info ][safepoint     ] Entering safepoint region: Cleanup
[2023-10-19T20:54:12.351+0000][926.880s][info ][safepoint     ] Leaving safepoint region
[2023-10-19T20:54:12.352+0000][926.880s][info ][safepoint     ] Total time for which application threads were stopped: 0.0010967 seconds, Stopping threads took: 0.0004030 seconds
[2023-10-19T20:54:12.351+0000][926.880s][debug][safepoint     ] ... found polling page return exception at pc = 0x00007fbdb0cb92c4, stub =0x00007fbda8840600
[2023-10-19T20:54:12.351+0000][926.880s][debug][safepoint     ] ... found polling page return exception at pc = 0x00007fbdb0cb92c4, stub =0x00007fbda8840600
[2023-10-19T20:54:12.351+0000][926.880s][debug][safepoint     ] ... found polling page return exception at pc = 0x00007fbdb0cb92c4, stub =0x00007fbda8840600
[2023-10-19T20:54:12.351+0000][926.880s][debug][safepoint     ] ... found polling page return exception at pc = 0x00007fbdb0cb92c4, stub =0x00007fbda8840600
[2023-10-19T20:54:12.351+0000][926.880s][debug][safepoint     ] ... found polling page return exception at pc = 0x00007fbdb0cb92c4, stub =0x00007fbda8840600
[2023-10-19T20:54:13.352+0000][927.881s][debug][safepoint     ] Safepoint synchronization initiated. (177 threads)
[2023-10-19T20:54:13.353+0000][927.881s][info ][safepoint     ] Application time: 1.0005383 seconds
[2023-10-19T20:54:13.353+0000][927.882s][info ][safepoint     ] Entering safepoint region: Cleanup
[2023-10-19T20:54:13.354+0000][927.882s][info ][safepoint     ] Leaving safepoint region
[2023-10-19T20:54:13.354+0000][927.883s][info ][safepoint     ] Total time for which application threads were stopped: 0.0010302 seconds, Stopping threads took: 0.0004239 seconds
[2023-10-19T20:54:14.355+0000][928.883s][debug][safepoint     ] Safepoint synchronization initiated. (177 threads)
[2023-10-19T20:54:14.355+0000][928.884s][info ][safepoint     ] Application time: 1.0007347 seconds
[2023-10-19T20:54:14.356+0000][928.884s][info ][safepoint     ] Entering safepoint region: Cleanup
[2023-10-19T20:54:14.357+0000][928.885s][info ][safepoint     ] Leaving safepoint region
[2023-10-19T20:54:14.357+0000][928.885s][info ][safepoint     ] Total time for which application threads were stopped: 0.0012309 seconds, Stopping threads took: 0.0005468 seconds
[2023-10-19T20:54:15.358+0000][929.886s][debug][safepoint     ] Safepoint synchronization initiated. (177 threads)
[2023-10-19T20:54:15.358+0000][929.886s][info ][safepoint     ] Application time: 1.0006631 seconds
[2023-10-19T20:54:15.358+0000][929.887s][info ][safepoint     ] Entering safepoint region: Cleanup
[2023-10-19T20:54:15.359+0000][929.888s][info ][safepoint     ] Leaving safepoint region
[2023-10-19T20:54:15.360+0000][929.888s][info ][safepoint     ] Total time for which application threads were stopped: 0.0011193 seconds, Stopping threads took: 0.0004538 seconds
[2023-10-19T20:54:16.360+0000][930.889s][debug][safepoint     ] Safepoint synchronization initiated. (177 threads)
[2023-10-19T20:54:16.366+0000][930.894s][info ][safepoint     ] Application time: 1.0058984 seconds
[2023-10-19T20:54:16.369+0000][930.897s][info ][safepoint     ] Entering safepoint region: Cleanup
[2023-10-19T20:54:16.370+0000][930.898s][info ][safepoint     ] Leaving safepoint region
[2023-10-19T20:54:16.371+0000][930.900s][info ][safepoint     ] Total time for which application threads were stopped: 0.0025584 seconds, Stopping threads took: 0.0010847 seconds
[2023-10-19T20:54:17.372+0000][931.900s][debug][safepoint     ] Safepoint synchronization initiated. (177 threads)
[2023-10-19T20:54:17.414+0000][931.942s][info ][safepoint     ] Application time: 1.0422159 seconds
[2023-10-19T20:54:17.468+0000][931.997s][info ][safepoint     ] Entering safepoint region: Cleanup
[2023-10-19T20:54:17.480+0000][932.008s][info ][safepoint     ] Leaving safepoint region
[2023-10-19T20:54:17.488+0000][932.017s][info ][safepoint     ] Total time for which application threads were stopped: 0.0200813 seconds, Stopping threads took: 0.0115782 seconds
[2023-10-19T20:54:18.522+0000][933.050s][debug][safepoint     ] Safepoint synchronization initiated. (177 threads)
[2023-10-19T20:54:18.536+0000][933.064s][info ][safepoint     ] Application time: 1.0143875 seconds
[2023-10-19T20:54:18.549+0000][933.077s][info ][safepoint     ] Entering safepoint region: Cleanup
[2023-10-19T20:54:18.551+0000][933.080s][info ][safepoint     ] Leaving safepoint region
[2023-10-19T20:54:18.555+0000][933.083s][info ][safepoint     ] Total time for which application threads were stopped: 0.0058596 seconds, Stopping threads took: 0.0024771 seconds
[2023-10-19T20:54:19.570+0000][934.099s][debug][safepoint     ] Safepoint synchronization initiated. (177 threads)
[2023-10-19T20:54:19.579+0000][934.107s][info ][safepoint     ] Application time: 1.0082703 seconds
[2023-10-19T20:54:19.584+0000][934.113s][info ][safepoint     ] Entering safepoint region: Cleanup
[2023-10-19T20:54:19.593+0000][934.122s][info ][safepoint     ] Leaving safepoint region
[2023-10-19T20:54:19.605+0000][934.133s][info ][safepoint     ] Total time for which application threads were stopped: 0.0206646 seconds, Stopping threads took: 0.0087772 seconds
[2023-10-19T20:54:20.612+0000][935.141s][debug][safepoint     ] Safepoint synchronization initiated. (177 threads)
[2023-10-19T20:54:20.616+0000][935.144s][info ][safepoint     ] Application time: 1.0037373 seconds
[2023-10-19T20:54:20.619+0000][935.148s][info ][safepoint     ] Entering safepoint region: Cleanup
[2023-10-19T20:54:20.620+0000][935.149s][info ][safepoint     ] Leaving safepoint region
[2023-10-19T20:54:20.621+0000][935.149s][info ][safepoint     ] Total time for which application threads were stopped: 0.0013824 seconds, Stopping threads took: 0.0007942 seconds
[2023-10-19T20:54:21.621+0000][936.150s][debug][safepoint     ] Safepoint synchronization initiated. (177 threads)
[2023-10-19T20:54:21.649+0000][936.177s][info ][safepoint     ] Application time: 1.0275110 seconds
[2023-10-19T20:54:21.653+0000][936.182s][info ][safepoint     ] Entering safepoint region: Cleanup
[2023-10-19T20:54:21.658+0000][936.187s][info ][safepoint     ] Leaving safepoint region
[2023-10-19T20:54:21.697+0000][936.225s][info ][safepoint     ] Total time for which application threads were stopped: 0.0439028 seconds, Stopping threads took: 0.0048845 seconds
[2023-10-19T20:54:22.704+0000][937.232s][debug][safepoint     ] Safepoint synchronization initiated. (177 threads)
[2023-10-19T20:54:22.737+0000][937.265s][info ][safepoint     ] Application time: 1.0331588 seconds
[2023-10-19T20:54:22.777+0000][937.305s][info ][safepoint     ] Entering safepoint region: Cleanup
[2023-10-19T20:54:22.825+0000][937.353s][info ][safepoint     ] Leaving safepoint region
[2023-10-19T20:54:22.837+0000][937.365s][info ][safepoint     ] Total time for which application threads were stopped: 0.0601568 seconds, Stopping threads took: 0.0477269 seconds
[2023-10-19T20:54:23.858+0000][938.386s][debug][safepoint     ] Safepoint synchronization initiated. (177 threads)
[2023-10-19T20:54:23.873+0000][938.401s][info ][safepoint     ] Application time: 1.0153023 seconds
[2023-10-19T20:54:23.882+0000][938.409s][info ][safepoint     ] Entering safepoint region: Cleanup
[2023-10-19T20:54:23.890+0000][938.418s][info ][safepoint     ] Leaving safepoint region
[2023-10-19T20:54:23.891+0000][938.419s][info ][safepoint     ] Total time for which application threads were stopped: 0.0097271 seconds, Stopping threads took: 0.0086167 seconds
[2023-10-19T20:54:24.894+0000][939.422s][debug][safepoint     ] Safepoint synchronization initiated. (177 threads)
[2023-10-19T20:54:24.898+0000][939.425s][info ][safepoint     ] Application time: 1.0037797 seconds
[2023-10-19T20:54:24.910+0000][939.438s][info ][safepoint     ] Entering safepoint region: Cleanup
[2023-10-19T20:54:24.919+0000][939.447s][info ][safepoint     ] Leaving safepoint region
[2023-10-19T20:54:24.926+0000][939.454s][info ][safepoint     ] Total time for which application threads were stopped: 0.0162685 seconds, Stopping threads took: 0.0089672 seconds
[2023-10-19T20:54:25.931+0000][940.459s][debug][safepoint     ] Safepoint synchronization initiated. (177 threads)
[2023-10-19T20:54:25.967+0000][940.494s][info ][safepoint     ] Application time: 1.0355413 seconds
[2023-10-19T20:54:25.982+0000][940.510s][debug][safepoint     ] ... found polling page loop exception at pc = 0x00007fbdab5dd419, stub =0x00007fbda8843680
[2023-10-19T20:54:25.982+0000][940.510s][debug][safepoint     ] ... found polling page return exception at pc = 0x00007fbdb034b01d, stub =0x00007fbda8840600
[2023-10-19T20:54:25.982+0000][940.510s][debug][safepoint     ] ... found polling page return exception at pc = 0x00007fbdb0a9d3f6, stub =0x00007fbda8840600
[2023-10-19T20:54:26.004+0000][940.532s][debug][safepoint     ] Waiting for 3 thread(s) to block
[2023-10-19T20:54:26.027+0000][940.555s][info ][safepoint     ] Entering safepoint region: Cleanup
[2023-10-19T20:54:26.033+0000][940.561s][info ][safepoint     ] Leaving safepoint region
[2023-10-19T20:54:26.051+0000][940.579s][info ][safepoint     ] Total time for which application threads were stopped: 0.0689930 seconds, Stopping threads took: 0.0506632 seconds
[2023-10-19T20:54:27.061+0000][941.589s][debug][safepoint     ] Safepoint synchronization initiated. (177 threads)
[2023-10-19T20:54:27.084+0000][941.612s][info ][safepoint     ] Application time: 1.0238889 seconds
[2023-10-19T20:54:27.106+0000][941.634s][info ][safepoint     ] Entering safepoint region: Cleanup
[2023-10-19T20:54:27.132+0000][941.660s][info ][safepoint     ] Leaving safepoint region
[2023-10-19T20:54:27.184+0000][941.712s][info ][safepoint     ] Total time for which application threads were stopped: 0.0780554 seconds, Stopping threads took: 0.0260656 seconds
[2023-10-19T20:54:28.211+0000][942.739s][debug][safepoint     ] Safepoint synchronization initiated. (177 threads)
[2023-10-19T20:54:28.219+0000][942.747s][info ][safepoint     ] Application time: 1.0082456 seconds
[2023-10-19T20:54:28.274+0000][942.802s][info ][safepoint     ] Entering safepoint region: Cleanup
[2023-10-19T20:54:28.321+0000][942.849s][info ][safepoint     ] Leaving safepoint region
[2023-10-19T20:54:28.368+0000][942.895s][info ][safepoint     ] Total time for which application threads were stopped: 0.0933761 seconds, Stopping threads took: 0.0460886 seconds
[2023-10-19T20:54:29.447+0000][943.975s][debug][safepoint     ] Safepoint synchronization initiated. (177 threads)
[2023-10-19T20:54:29.457+0000][943.984s][info ][safepoint     ] Application time: 1.0095112 seconds
[2023-10-19T20:54:29.470+0000][943.997s][debug][safepoint     ] Waiting for 1 thread(s) to block
[2023-10-19T20:54:29.488+0000][944.016s][info ][safepoint     ] Entering safepoint region: Cleanup
[2023-10-19T20:54:29.496+0000][944.024s][info ][safepoint     ] Leaving safepoint region
[2023-10-19T20:54:29.511+0000][944.039s][info ][safepoint     ] Total time for which application threads were stopped: 0.0413428 seconds, Stopping threads took: 0.0258307 seconds
[2023-10-19T20:54:30.520+0000][945.048s][debug][safepoint     ] Safepoint synchronization initiated. (177 threads)
[2023-10-19T20:54:30.530+0000][945.058s][info ][safepoint     ] Application time: 1.0101166 seconds
[2023-10-19T20:54:30.572+0000][945.100s][info ][safepoint     ] Entering safepoint region: Cleanup
[2023-10-19T20:54:30.583+0000][945.111s][info ][safepoint     ] Leaving safepoint region
[2023-10-19T20:54:30.591+0000][945.118s][info ][safepoint     ] Total time for which application threads were stopped: 0.0186972 seconds, Stopping threads took: 0.0111040 seconds
[2023-10-19T20:54:31.603+0000][946.131s][debug][safepoint     ] Safepoint synchronization initiated. (177 threads)
[2023-10-19T20:54:31.604+0000][946.132s][info ][safepoint     ] Application time: 1.0016128 seconds
[2023-10-19T20:54:31.607+0000][946.135s][info ][safepoint     ] Entering safepoint region: Cleanup
[2023-10-19T20:54:31.609+0000][946.137s][info ][safepoint     ] Leaving safepoint region
[2023-10-19T20:54:31.610+0000][946.138s][info ][safepoint     ] Total time for which application threads were stopped: 0.0030697 seconds, Stopping threads took: 0.0009646 seconds
[2023-10-19T20:54:32.611+0000][947.139s][debug][safepoint     ] Safepoint synchronization initiated. (177 threads)
[2023-10-19T20:54:32.612+0000][947.140s][info ][safepoint     ] Application time: 1.0007521 seconds
[2023-10-19T20:54:32.612+0000][947.140s][info ][safepoint     ] Entering safepoint region: Cleanup
[2023-10-19T20:54:32.613+0000][947.141s][info ][safepoint     ] Leaving safepoint region
[2023-10-19T20:54:32.614+0000][947.142s][info ][safepoint     ] Total time for which application threads were stopped: 0.0013547 seconds, Stopping threads took: 0.0005668 seconds
[2023-10-19T20:54:33.614+0000][948.142s][debug][safepoint     ] Safepoint synchronization initiated. (177 threads)
[2023-10-19T20:54:33.615+0000][948.143s][info ][safepoint     ] Application time: 1.0007974 seconds
[2023-10-19T20:54:33.616+0000][948.144s][info ][safepoint     ] Entering safepoint region: Cleanup
[2023-10-19T20:54:33.616+0000][948.144s][info ][safepoint     ] Leaving safepoint region
[2023-10-19T20:54:33.617+0000][948.145s][info ][safepoint     ] Total time for which application threads were stopped: 0.0013387 seconds, Stopping threads took: 0.0005726 seconds
[2023-10-19T20:54:34.618+0000][949.146s][debug][safepoint     ] Safepoint synchronization initiated. (177 threads)
[2023-10-19T20:54:34.618+0000][949.146s][info ][safepoint     ] Application time: 1.0006467 seconds
[2023-10-19T20:54:34.619+0000][949.147s][info ][safepoint     ] Entering safepoint region: Cleanup
[2023-10-19T20:54:34.619+0000][949.147s][info ][safepoint     ] Leaving safepoint region
[2023-10-19T20:54:34.620+0000][949.148s][info ][safepoint     ] Total time for which application threads were stopped: 0.0011685 seconds, Stopping threads took: 0.0004997 seconds
[2023-10-19T20:54:35.621+0000][950.149s][debug][safepoint     ] Safepoint synchronization initiated. (177 threads)
[2023-10-19T20:54:35.621+0000][950.149s][info ][safepoint     ] Application time: 1.0008014 seconds
[2023-10-19T20:54:35.622+0000][950.150s][info ][safepoint     ] Entering safepoint region: Cleanup
[2023-10-19T20:54:35.622+0000][950.150s][info ][safepoint     ] Leaving safepoint region
[2023-10-19T20:54:35.623+0000][950.151s][info ][safepoint     ] Total time for which application threads were stopped: 0.0011199 seconds, Stopping threads took: 0.0004816 seconds
[2023-10-19T20:54:36.623+0000][951.151s][debug][safepoint     ] Safepoint synchronization initiated. (177 threads)
[2023-10-19T20:54:36.624+0000][951.152s][info ][safepoint     ] Application time: 1.0006940 seconds
[2023-10-19T20:54:36.625+0000][951.152s][info ][safepoint     ] Entering safepoint region: Cleanup
[2023-10-19T20:54:36.625+0000][951.153s][info ][safepoint     ] Leaving safepoint region
[2023-10-19T20:54:36.626+0000][951.154s][info ][safepoint     ] Total time for which application threads were stopped: 0.0012100 seconds, Stopping threads took: 0.0005157 seconds
[2023-10-19T20:54:37.626+0000][952.154s][debug][safepoint     ] Safepoint synchronization initiated. (177 threads)
[2023-10-19T20:54:37.644+0000][952.172s][info ][safepoint     ] Application time: 1.0176471 seconds
[2023-10-19T20:54:37.645+0000][952.173s][info ][safepoint     ] Entering safepoint region: Cleanup
[2023-10-19T20:54:37.647+0000][952.175s][info ][safepoint     ] Leaving safepoint region
[2023-10-19T20:54:37.648+0000][952.175s][info ][safepoint     ] Total time for which application threads were stopped: 0.0021786 seconds, Stopping threads took: 0.0011295 seconds
[2023-10-19T20:54:38.649+0000][953.177s][debug][safepoint     ] Safepoint synchronization initiated. (177 threads)
[2023-10-19T20:54:38.649+0000][953.177s][info ][safepoint     ] Application time: 1.0007134 seconds
[2023-10-19T20:54:38.650+0000][953.178s][info ][safepoint     ] Entering safepoint region: Cleanup
[2023-10-19T20:54:38.651+0000][953.179s][info ][safepoint     ] Leaving safepoint region
[2023-10-19T20:54:38.651+0000][953.179s][info ][safepoint     ] Total time for which application threads were stopped: 0.0012334 seconds, Stopping threads took: 0.0005494 seconds
[2023-10-19T20:54:39.652+0000][954.180s][debug][safepoint     ] Safepoint synchronization initiated. (177 threads)
[2023-10-19T20:54:39.653+0000][954.180s][info ][safepoint     ] Application time: 1.0009949 seconds
[2023-10-19T20:54:39.653+0000][954.181s][info ][safepoint     ] Entering safepoint region: Cleanup
[2023-10-19T20:54:39.654+0000][954.182s][info ][safepoint     ] Leaving safepoint region
[2023-10-19T20:54:39.655+0000][954.183s][info ][safepoint     ] Total time for which application threads were stopped: 0.0019069 seconds, Stopping threads took: 0.0006302 seconds
[2023-10-19T20:54:40.656+0000][955.184s][debug][safepoint     ] Safepoint synchronization initiated. (177 threads)
[2023-10-19T20:54:40.658+0000][955.186s][info ][safepoint     ] Application time: 1.0016839 seconds
[2023-10-19T20:54:40.659+0000][955.186s][info ][safepoint     ] Entering safepoint region: Cleanup
[2023-10-19T20:54:40.660+0000][955.187s][info ][safepoint     ] Leaving safepoint region
[2023-10-19T20:54:40.660+0000][955.188s][info ][safepoint     ] Total time for which application threads were stopped: 0.0017473 seconds, Stopping threads took: 0.0009073 seconds
[2023-10-19T20:54:41.661+0000][956.189s][debug][safepoint     ] Safepoint synchronization initiated. (177 threads)
[2023-10-19T20:54:41.662+0000][956.190s][info ][safepoint     ] Application time: 1.0014604 seconds
[2023-10-19T20:54:41.663+0000][956.191s][info ][safepoint     ] Entering safepoint region: Cleanup
[2023-10-19T20:54:41.663+0000][956.191s][info ][safepoint     ] Leaving safepoint region
[2023-10-19T20:54:41.664+0000][956.192s][info ][safepoint     ] Total time for which application threads were stopped: 0.0012856 seconds, Stopping threads took: 0.0004884 seconds
[2023-10-19T20:54:42.665+0000][957.192s][debug][safepoint     ] Safepoint synchronization initiated. (177 threads)
[2023-10-19T20:54:42.665+0000][957.193s][info ][safepoint     ] Application time: 1.0007923 seconds
[2023-10-19T20:54:42.666+0000][957.194s][info ][safepoint     ] Entering safepoint region: Cleanup
[2023-10-19T20:54:42.667+0000][957.195s][info ][safepoint     ] Leaving safepoint region
[2023-10-19T20:54:42.667+0000][957.195s][info ][safepoint     ] Total time for which application threads were stopped: 0.0014953 seconds, Stopping threads took: 0.0006655 seconds
[2023-10-19T20:54:43.668+0000][958.196s][debug][safepoint     ] Safepoint synchronization initiated. (177 threads)
[2023-10-19T20:54:43.669+0000][958.197s][info ][safepoint     ] Application time: 1.0008871 seconds
[2023-10-19T20:54:43.669+0000][958.197s][info ][safepoint     ] Entering safepoint region: Cleanup
[2023-10-19T20:54:43.670+0000][958.198s][info ][safepoint     ] Leaving safepoint region
[2023-10-19T20:54:43.671+0000][958.199s][info ][safepoint     ] Total time for which application threads were stopped: 0.0014021 seconds, Stopping threads took: 0.0005471 seconds
[2023-10-19T20:54:44.671+0000][959.199s][debug][safepoint     ] Safepoint synchronization initiated. (177 threads)
[2023-10-19T20:54:44.678+0000][959.206s][info ][safepoint     ] Application time: 1.0069129 seconds
[2023-10-19T20:54:44.686+0000][959.214s][info ][safepoint     ] Entering safepoint region: Cleanup
[2023-10-19T20:54:44.691+0000][959.219s][info ][safepoint     ] Leaving safepoint region
[2023-10-19T20:54:44.706+0000][959.234s][info ][safepoint     ] Total time for which application threads were stopped: 0.0199538 seconds, Stopping threads took: 0.0041657 seconds
[2023-10-19T20:54:45.723+0000][960.251s][debug][safepoint     ] Safepoint synchronization initiated. (177 threads)
[2023-10-19T20:54:45.729+0000][960.257s][info ][safepoint     ] Application time: 1.0063362 seconds
[2023-10-19T20:54:45.734+0000][960.262s][info ][safepoint     ] Entering safepoint region: Cleanup
[2023-10-19T20:54:45.736+0000][960.264s][info ][safepoint     ] Leaving safepoint region
[2023-10-19T20:54:45.737+0000][960.265s][info ][safepoint     ] Total time for which application threads were stopped: 0.0032424 seconds, Stopping threads took: 0.0014480 seconds
[2023-10-19T20:54:46.739+0000][961.266s][debug][safepoint     ] Safepoint synchronization initiated. (177 threads)
[2023-10-19T20:54:46.746+0000][961.273s][info ][safepoint     ] Application time: 1.0072565 seconds
[2023-10-19T20:54:46.746+0000][961.274s][info ][safepoint     ] Entering safepoint region: Cleanup
[2023-10-19T20:54:46.747+0000][961.275s][info ][safepoint     ] Leaving safepoint region
[2023-10-19T20:54:46.748+0000][961.276s][info ][safepoint     ] Total time for which application threads were stopped: 0.0015514 seconds, Stopping threads took: 0.0007345 seconds
[2023-10-19T20:54:47.748+0000][962.276s][debug][safepoint     ] Safepoint synchronization initiated. (177 threads)
[2023-10-19T20:54:47.767+0000][962.295s][info ][safepoint     ] Application time: 1.0184835 seconds
[2023-10-19T20:54:47.769+0000][962.297s][info ][safepoint     ] Entering safepoint region: Cleanup
[2023-10-19T20:54:47.770+0000][962.298s][info ][safepoint     ] Leaving safepoint region
[2023-10-19T20:54:47.770+0000][962.298s][info ][safepoint     ] Total time for which application threads were stopped: 0.0016207 seconds, Stopping threads took: 0.0007595 seconds
[2023-10-19T20:54:48.771+0000][963.299s][debug][safepoint     ] Safepoint synchronization initiated. (177 threads)
[2023-10-19T20:54:48.772+0000][963.300s][info ][safepoint     ] Application time: 1.0010235 seconds
[2023-10-19T20:54:48.773+0000][963.301s][info ][safepoint     ] Entering safepoint region: Cleanup
[2023-10-19T20:54:48.774+0000][963.302s][info ][safepoint     ] Leaving safepoint region
[2023-10-19T20:54:48.779+0000][963.307s][info ][safepoint     ] Total time for which application threads were stopped: 0.0064200 seconds, Stopping threads took: 0.0007573 seconds
[2023-10-19T20:54:49.781+0000][964.309s][debug][safepoint     ] Safepoint synchronization initiated. (177 threads)
[2023-10-19T20:54:49.793+0000][964.321s][info ][safepoint     ] Application time: 1.0128644 seconds
[2023-10-19T20:54:49.798+0000][964.326s][info ][safepoint     ] Entering safepoint region: Cleanup
[2023-10-19T20:54:49.805+0000][964.333s][info ][safepoint     ] Leaving safepoint region
[2023-10-19T20:54:49.839+0000][964.367s][info ][safepoint     ] Total time for which application threads were stopped: 0.0410619 seconds, Stopping threads took: 0.0068469 seconds
[2023-10-19T20:54:50.884+0000][965.412s][debug][safepoint     ] Safepoint synchronization initiated. (177 threads)
[2023-10-19T20:54:50.886+0000][965.414s][info ][safepoint     ] Application time: 1.0028379 seconds
[2023-10-19T20:54:50.887+0000][965.415s][info ][safepoint     ] Entering safepoint region: Cleanup
[2023-10-19T20:54:50.888+0000][965.416s][info ][safepoint     ] Leaving safepoint region
[2023-10-19T20:54:50.890+0000][965.417s][info ][safepoint     ] Total time for which application threads were stopped: 0.0026062 seconds, Stopping threads took: 0.0008089 seconds
[2023-10-19T20:54:51.890+0000][966.418s][debug][safepoint     ] Safepoint synchronization initiated. (177 threads)
[2023-10-19T20:54:51.891+0000][966.419s][info ][safepoint     ] Application time: 1.0008702 seconds
[2023-10-19T20:54:51.892+0000][966.420s][info ][safepoint     ] Entering safepoint region: Cleanup
[2023-10-19T20:54:51.893+0000][966.421s][info ][safepoint     ] Leaving safepoint region
[2023-10-19T20:54:51.893+0000][966.421s][info ][safepoint     ] Total time for which application threads were stopped: 0.0015505 seconds, Stopping threads took: 0.0007233 seconds
[2023-10-19T20:54:52.898+0000][967.422s][debug][safepoint     ] Safepoint synchronization initiated. (177 threads)
[2023-10-19T20:54:52.904+0000][967.428s][info ][safepoint     ] Application time: 1.0062064 seconds
[2023-10-19T20:54:52.909+0000][967.432s][info ][safepoint     ] Entering safepoint region: Cleanup
[2023-10-19T20:54:52.910+0000][967.434s][info ][safepoint     ] Leaving safepoint region
[2023-10-19T20:54:52.911+0000][967.434s][info ][safepoint     ] Total time for which application threads were stopped: 0.0026397 seconds, Stopping threads took: 0.0016402 seconds
[2023-10-19T20:54:53.912+0000][968.435s][debug][safepoint     ] Safepoint synchronization initiated. (177 threads)
[2023-10-19T20:54:53.912+0000][968.436s][info ][safepoint     ] Application time: 1.0008096 seconds
[2023-10-19T20:54:53.913+0000][968.436s][info ][safepoint     ] Entering safepoint region: Cleanup
[2023-10-19T20:54:53.916+0000][968.440s][info ][safepoint     ] Leaving safepoint region
[2023-10-19T20:54:53.933+0000][968.457s][info ][safepoint     ] Total time for which application threads were stopped: 0.0200786 seconds, Stopping threads took: 0.0030256 seconds
[2023-10-19T20:54:54.939+0000][969.463s][debug][safepoint     ] Safepoint synchronization initiated. (177 threads)
[2023-10-19T20:54:54.955+0000][969.479s][info ][safepoint     ] Application time: 1.0162216 seconds
[2023-10-19T20:54:54.965+0000][969.488s][info ][safepoint     ] Entering safepoint region: Cleanup
[2023-10-19T20:54:54.967+0000][969.491s][info ][safepoint     ] Leaving safepoint region
[2023-10-19T20:54:54.968+0000][969.492s][info ][safepoint     ] Total time for which application threads were stopped: 0.0035698 seconds, Stopping threads took: 0.0021239 seconds
[2023-10-19T20:54:55.970+0000][970.493s][debug][safepoint     ] Safepoint synchronization initiated. (177 threads)
[2023-10-19T20:54:55.977+0000][970.501s][info ][safepoint     ] Application time: 1.0076663 seconds
[2023-10-19T20:54:55.978+0000][970.502s][info ][safepoint     ] Entering safepoint region: Cleanup
[2023-10-19T20:54:55.982+0000][970.505s][info ][safepoint     ] Leaving safepoint region
[2023-10-19T20:54:55.982+0000][970.506s][info ][safepoint     ] Total time for which application threads were stopped: 0.0042127 seconds, Stopping threads took: 0.0032945 seconds
[2023-10-19T20:54:55.982+0000][970.505s][debug][safepoint     ] ... found polling page return exception at pc = 0x00007fbdb0cb92c4, stub =0x00007fbda8840600
[2023-10-19T20:54:55.982+0000][970.505s][debug][safepoint     ] ... found polling page return exception at pc = 0x00007fbdb0cb92c4, stub =0x00007fbda8840600
[2023-10-19T20:54:55.982+0000][970.505s][debug][safepoint     ] ... found polling page return exception at pc = 0x00007fbdb0cb92c4, stub =0x00007fbda8840600
[2023-10-19T20:54:56.983+0000][971.507s][debug][safepoint     ] Safepoint synchronization initiated. (177 threads)
[2023-10-19T20:54:56.984+0000][971.507s][info ][safepoint     ] Application time: 1.0008526 seconds
[2023-10-19T20:54:56.985+0000][971.508s][info ][safepoint     ] Entering safepoint region: Cleanup
[2023-10-19T20:54:56.985+0000][971.509s][info ][safepoint     ] Leaving safepoint region
[2023-10-19T20:54:56.991+0000][971.514s][info ][safepoint     ] Total time for which application threads were stopped: 0.0064112 seconds, Stopping threads took: 0.0006598 seconds
[2023-10-19T20:54:57.992+0000][972.515s][debug][safepoint     ] Safepoint synchronization initiated. (177 threads)
[2023-10-19T20:54:58.000+0000][972.523s][info ][safepoint     ] Application time: 1.0082001 seconds
[2023-10-19T20:54:58.003+0000][972.527s][info ][safepoint     ] Entering safepoint region: Cleanup
[2023-10-19T20:54:58.004+0000][972.528s][info ][safepoint     ] Leaving safepoint region
[2023-10-19T20:54:58.008+0000][972.531s][info ][safepoint     ] Total time for which application threads were stopped: 0.0042590 seconds, Stopping threads took: 0.0007017 seconds
[2023-10-19T20:54:59.009+0000][973.533s][debug][safepoint     ] Safepoint synchronization initiated. (177 threads)
[2023-10-19T20:54:59.010+0000][973.533s][info ][safepoint     ] Application time: 1.0010082 seconds
[2023-10-19T20:54:59.011+0000][973.534s][info ][safepoint     ] Entering safepoint region: Cleanup
[2023-10-19T20:54:59.012+0000][973.535s][info ][safepoint     ] Leaving safepoint region
[2023-10-19T20:54:59.012+0000][973.536s][info ][safepoint     ] Total time for which application threads were stopped: 0.0017610 seconds, Stopping threads took: 0.0009007 seconds
[2023-10-19T20:55:00.013+0000][974.537s][debug][safepoint     ] Safepoint synchronization initiated. (177 threads)
[2023-10-19T20:55:00.041+0000][974.565s][info ][safepoint     ] Application time: 1.0282737 seconds
[2023-10-19T20:55:00.110+0000][974.633s][info ][safepoint     ] Entering safepoint region: Cleanup
[2023-10-19T20:55:00.195+0000][974.719s][info ][safepoint     ] Leaving safepoint region
[2023-10-19T20:55:00.234+0000][974.757s][info ][safepoint     ] Total time for which application threads were stopped: 0.1240071 seconds, Stopping threads took: 0.0608499 seconds
[2023-10-19T20:55:00.251+0000][974.775s][debug][safepoint     ] Safepoint synchronization initiated. (177 threads)
[2023-10-19T20:55:00.260+0000][974.783s][info ][safepoint     ] Application time: 0.0086640 seconds
[2023-10-19T20:55:00.293+0000][974.817s][info ][safepoint     ] Entering safepoint region: G1CollectForAllocation
[2023-10-19T20:55:00.360+0000][974.884s][info ][gc,start      ] GC(64) Pause Young (Normal) (G1 Evacuation Pause)
[2023-10-19T20:55:00.392+0000][974.915s][info ][gc,task       ] GC(64) Using 8 workers of 8 for evacuation
[2023-10-19T20:55:00.482+0000][975.005s][info ][gc,phases     ] GC(64)   Pre Evacuate Collection Set: 0.1ms
[2023-10-19T20:55:00.483+0000][975.006s][info ][gc,phases     ] GC(64)   Evacuate Collection Set: 67.0ms
[2023-10-19T20:55:00.484+0000][975.007s][info ][gc,phases     ] GC(64)   Post Evacuate Collection Set: 18.0ms
[2023-10-19T20:55:00.484+0000][975.008s][info ][gc,phases     ] GC(64)   Other: 36.7ms
[2023-10-19T20:55:00.485+0000][975.008s][info ][gc,heap       ] GC(64) Eden regions: 198->0(196)
[2023-10-19T20:55:00.486+0000][975.009s][info ][gc,heap       ] GC(64) Survivor regions: 13->14(27)
[2023-10-19T20:55:00.486+0000][975.010s][info ][gc,heap       ] GC(64) Old regions: 144->144
[2023-10-19T20:55:00.487+0000][975.010s][info ][gc,heap       ] GC(64) Humongous regions: 5->5
[2023-10-19T20:55:00.488+0000][975.011s][info ][gc,metaspace  ] GC(64) Metaspace: 166779K(172240K)->166779K(172240K) NonClass: 147364K(150736K)->147364K(150736K) Class: 19414K(21504K)->19414K(21504K)
[2023-10-19T20:55:00.492+0000][975.015s][info ][gc            ] GC(64) Pause Young (Normal) (G1 Evacuation Pause) 358M->161M(415M) 131.274ms
[2023-10-19T20:55:00.493+0000][975.017s][info ][gc,cpu        ] GC(64) User=0.54s Sys=0.02s Real=0.13s
[2023-10-19T20:55:00.494+0000][975.017s][info ][safepoint     ] Leaving safepoint region
[2023-10-19T20:55:00.494+0000][975.018s][info ][safepoint     ] Total time for which application threads were stopped: 0.2010155 seconds, Stopping threads took: 0.0663730 seconds
[2023-10-19T20:55:00.495+0000][975.019s][info ][gc,stringdedup] Concurrent String Deduplication (975.018s)
[2023-10-19T20:55:00.496+0000][975.020s][info ][gc,stringdedup] Concurrent String Deduplication 112.0B->40.0B(72.0B) avg 54.3% (975.018s, 975.020s) 1.004ms
[2023-10-19T20:55:01.495+0000][976.019s][debug][safepoint     ] Safepoint synchronization initiated. (177 threads)
[2023-10-19T20:55:01.503+0000][976.026s][info ][safepoint     ] Application time: 1.0079849 seconds
[2023-10-19T20:55:01.504+0000][976.027s][info ][safepoint     ] Entering safepoint region: Cleanup
[2023-10-19T20:55:01.507+0000][976.031s][info ][safepoint     ] Leaving safepoint region
[2023-10-19T20:55:01.512+0000][976.035s][info ][safepoint     ] Total time for which application threads were stopped: 0.0078568 seconds, Stopping threads took: 0.0008386 seconds
[2023-10-19T20:55:02.513+0000][977.036s][debug][safepoint     ] Safepoint synchronization initiated. (177 threads)
[2023-10-19T20:55:02.515+0000][977.038s][info ][safepoint     ] Application time: 1.0025940 seconds
[2023-10-19T20:55:02.516+0000][977.039s][info ][safepoint     ] Entering safepoint region: Cleanup
[2023-10-19T20:55:02.517+0000][977.040s][info ][safepoint     ] Leaving safepoint region
[2023-10-19T20:55:02.519+0000][977.043s][info ][safepoint     ] Total time for which application threads were stopped: 0.0037253 seconds, Stopping threads took: 0.0007249 seconds
[2023-10-19T20:55:03.524+0000][978.047s][debug][safepoint     ] Safepoint synchronization initiated. (177 threads)
[2023-10-19T20:55:03.526+0000][978.049s][info ][safepoint     ] Application time: 1.0020665 seconds
[2023-10-19T20:55:03.527+0000][978.050s][info ][safepoint     ] Entering safepoint region: Cleanup
[2023-10-19T20:55:03.533+0000][978.057s][info ][safepoint     ] Leaving safepoint region
[2023-10-19T20:55:03.534+0000][978.057s][info ][safepoint     ] Total time for which application threads were stopped: 0.0072276 seconds, Stopping threads took: 0.0064360 seconds
[2023-10-19T20:55:04.536+0000][979.059s][debug][safepoint     ] Safepoint synchronization initiated. (177 threads)
[2023-10-19T20:55:04.540+0000][979.063s][info ][safepoint     ] Application time: 1.0038272 seconds
[2023-10-19T20:55:04.541+0000][979.064s][info ][safepoint     ] Entering safepoint region: Cleanup
[2023-10-19T20:55:04.575+0000][979.098s][info ][safepoint     ] Leaving safepoint region
[2023-10-19T20:55:04.579+0000][979.102s][info ][safepoint     ] Total time for which application threads were stopped: 0.0383324 seconds, Stopping threads took: 0.0342071 seconds
[2023-10-19T20:55:05.581+0000][980.104s][debug][safepoint     ] Safepoint synchronization initiated. (177 threads)
[2023-10-19T20:55:05.583+0000][980.107s][info ][safepoint     ] Application time: 1.0028357 seconds
[2023-10-19T20:55:05.608+0000][980.132s][info ][safepoint     ] Entering safepoint region: Cleanup
[2023-10-19T20:55:05.642+0000][980.166s][info ][safepoint     ] Leaving safepoint region
[2023-10-19T20:55:05.646+0000][980.169s][info ][safepoint     ] Total time for which application threads were stopped: 0.0614066 seconds, Stopping threads took: 0.0311207 seconds
[2023-10-19T20:55:06.649+0000][981.172s][debug][safepoint     ] Safepoint synchronization initiated. (177 threads)
[2023-10-19T20:55:06.661+0000][981.184s][info ][safepoint     ] Application time: 1.0127383 seconds
[2023-10-19T20:55:06.668+0000][981.192s][info ][safepoint     ] Entering safepoint region: Cleanup
[2023-10-19T20:55:06.670+0000][981.193s][info ][safepoint     ] Leaving safepoint region
[2023-10-19T20:55:06.671+0000][981.194s][info ][safepoint     ] Total time for which application threads were stopped: 0.0029988 seconds, Stopping threads took: 0.0012781 seconds
[2023-10-19T20:55:07.678+0000][982.202s][debug][safepoint     ] Safepoint synchronization initiated. (177 threads)
[2023-10-19T20:55:07.690+0000][982.214s][info ][safepoint     ] Application time: 1.0120717 seconds
[2023-10-19T20:55:07.701+0000][982.225s][info ][safepoint     ] Entering safepoint region: Cleanup
[2023-10-19T20:55:07.703+0000][982.226s][info ][safepoint     ] Leaving safepoint region
[2023-10-19T20:55:07.707+0000][982.231s][info ][safepoint     ] Total time for which application threads were stopped: 0.0059966 seconds, Stopping threads took: 0.0013651 seconds
[2023-10-19T20:55:08.708+0000][983.232s][debug][safepoint     ] Safepoint synchronization initiated. (177 threads)
[2023-10-19T20:55:08.711+0000][983.234s][info ][safepoint     ] Application time: 1.0025898 seconds
[2023-10-19T20:55:08.724+0000][983.248s][info ][safepoint     ] Entering safepoint region: Cleanup
[2023-10-19T20:55:08.730+0000][983.253s][info ][safepoint     ] Leaving safepoint region
[2023-10-19T20:55:08.739+0000][983.263s][info ][safepoint     ] Total time for which application threads were stopped: 0.0151927 seconds, Stopping threads took: 0.0054487 seconds
[2023-10-19T20:55:09.746+0000][984.269s][debug][safepoint     ] Safepoint synchronization initiated. (177 threads)
[2023-10-19T20:55:09.748+0000][984.271s][info ][safepoint     ] Application time: 1.0021355 seconds
[2023-10-19T20:55:09.748+0000][984.272s][info ][safepoint     ] Entering safepoint region: Cleanup
[2023-10-19T20:55:09.750+0000][984.273s][info ][safepoint     ] Leaving safepoint region
[2023-10-19T20:55:09.750+0000][984.273s][info ][safepoint     ] Total time for which application threads were stopped: 0.0019026 seconds, Stopping threads took: 0.0010592 seconds
[2023-10-19T20:55:10.752+0000][985.276s][debug][safepoint     ] Safepoint synchronization initiated. (177 threads)
[2023-10-19T20:55:10.755+0000][985.278s][info ][safepoint     ] Application time: 1.0022680 seconds
[2023-10-19T20:55:10.755+0000][985.279s][debug][safepoint     ] ... found polling page loop exception at pc = 0x00007fbdb12cd30a, stub =0x00007fbda8843680
[2023-10-19T20:55:10.756+0000][985.279s][debug][safepoint     ] Waiting for 2 thread(s) to block
[2023-10-19T20:55:10.764+0000][985.287s][info ][safepoint     ] Entering safepoint region: Cleanup
[2023-10-19T20:55:10.769+0000][985.293s][info ][safepoint     ] Leaving safepoint region
[2023-10-19T20:55:10.771+0000][985.295s][info ][safepoint     ] Total time for which application threads were stopped: 0.0160287 seconds, Stopping threads took: 0.0138607 seconds
[2023-10-19T20:55:11.775+0000][986.299s][debug][safepoint     ] Safepoint synchronization initiated. (177 threads)
[2023-10-19T20:55:11.778+0000][986.302s][info ][safepoint     ] Application time: 1.0029183 seconds
[2023-10-19T20:55:11.779+0000][986.303s][info ][safepoint     ] Entering safepoint region: Cleanup
[2023-10-19T20:55:11.784+0000][986.307s][info ][safepoint     ] Leaving safepoint region
[2023-10-19T20:55:11.786+0000][986.309s][info ][safepoint     ] Total time for which application threads were stopped: 0.0064659 seconds, Stopping threads took: 0.0038493 seconds
[2023-10-19T20:55:12.789+0000][987.313s][debug][safepoint     ] Safepoint synchronization initiated. (177 threads)
[2023-10-19T20:55:12.791+0000][987.314s][info ][safepoint     ] Application time: 1.0015260 seconds
[2023-10-19T20:55:12.792+0000][987.316s][info ][safepoint     ] Entering safepoint region: Cleanup
[2023-10-19T20:55:12.797+0000][987.321s][info ][safepoint     ] Leaving safepoint region
[2023-10-19T20:55:12.797+0000][987.321s][debug][safepoint     ] ... found polling page return exception at pc = 0x00007fbdb0cb92c4, stub =0x00007fbda8840600
[2023-10-19T20:55:12.806+0000][987.330s][info ][safepoint     ] Total time for which application threads were stopped: 0.0138962 seconds, Stopping threads took: 0.0046389 seconds
[2023-10-19T20:55:13.831+0000][988.354s][debug][safepoint     ] Safepoint synchronization initiated. (177 threads)
[2023-10-19T20:55:13.833+0000][988.357s][info ][safepoint     ] Application time: 1.0026352 seconds
[2023-10-19T20:55:13.835+0000][988.359s][info ][safepoint     ] Entering safepoint region: Cleanup
[2023-10-19T20:55:13.838+0000][988.361s][info ][safepoint     ] Leaving safepoint region
[2023-10-19T20:55:13.839+0000][988.363s][info ][safepoint     ] Total time for which application threads were stopped: 0.0039662 seconds, Stopping threads took: 0.0019252 seconds
[2023-10-19T20:55:14.840+0000][989.364s][debug][safepoint     ] Safepoint synchronization initiated. (177 threads)
[2023-10-19T20:55:14.860+0000][989.383s][info ][safepoint     ] Application time: 1.0199501 seconds
[2023-10-19T20:55:14.871+0000][989.395s][info ][safepoint     ] Entering safepoint region: Cleanup
[2023-10-19T20:55:14.881+0000][989.405s][info ][safepoint     ] Leaving safepoint region
[2023-10-19T20:55:14.884+0000][989.407s][info ][safepoint     ] Total time for which application threads were stopped: 0.0125748 seconds, Stopping threads took: 0.0096409 seconds
[2023-10-19T20:55:15.901+0000][990.424s][debug][safepoint     ] Safepoint synchronization initiated. (177 threads)
[2023-10-19T20:55:15.902+0000][990.425s][info ][safepoint     ] Application time: 1.0012793 seconds
[2023-10-19T20:55:15.902+0000][990.426s][info ][safepoint     ] Entering safepoint region: Cleanup
[2023-10-19T20:55:15.903+0000][990.427s][info ][safepoint     ] Leaving safepoint region
[2023-10-19T20:55:15.904+0000][990.427s][info ][safepoint     ] Total time for which application threads were stopped: 0.0015540 seconds, Stopping threads took: 0.0006436 seconds
[2023-10-19T20:55:16.905+0000][991.428s][debug][safepoint     ] Safepoint synchronization initiated. (177 threads)
[2023-10-19T20:55:16.918+0000][991.441s][info ][safepoint     ] Application time: 1.0135323 seconds
[2023-10-19T20:55:16.920+0000][991.443s][info ][safepoint     ] Entering safepoint region: Cleanup
[2023-10-19T20:55:16.921+0000][991.445s][info ][safepoint     ] Leaving safepoint region
[2023-10-19T20:55:16.959+0000][991.482s][info ][safepoint     ] Total time for which application threads were stopped: 0.0389423 seconds, Stopping threads took: 0.0013895 seconds
[2023-10-19T20:55:17.968+0000][992.491s][debug][safepoint     ] Safepoint synchronization initiated. (177 threads)
[2023-10-19T20:55:17.984+0000][992.507s][info ][safepoint     ] Application time: 1.0159324 seconds
[2023-10-19T20:55:18.001+0000][992.525s][info ][safepoint     ] Entering safepoint region: Cleanup
[2023-10-19T20:55:18.019+0000][992.542s][info ][safepoint     ] Leaving safepoint region
[2023-10-19T20:55:18.020+0000][992.543s][info ][safepoint     ] Total time for which application threads were stopped: 0.0181926 seconds, Stopping threads took: 0.0172315 seconds
[2023-10-19T20:55:19.020+0000][993.544s][debug][safepoint     ] Safepoint synchronization initiated. (177 threads)
[2023-10-19T20:55:19.057+0000][993.581s][info ][safepoint     ] Application time: 1.0368054 seconds
[2023-10-19T20:55:19.070+0000][993.594s][info ][safepoint     ] Entering safepoint region: Cleanup
[2023-10-19T20:55:19.097+0000][993.621s][info ][safepoint     ] Leaving safepoint region
[2023-10-19T20:55:19.112+0000][993.635s][info ][safepoint     ] Total time for which application threads were stopped: 0.0414435 seconds, Stopping threads took: 0.0267128 seconds
[2023-10-19T20:55:20.113+0000][994.636s][debug][safepoint     ] Safepoint synchronization initiated. (177 threads)
[2023-10-19T20:55:20.116+0000][994.639s][info ][safepoint     ] Application time: 1.0034625 seconds
[2023-10-19T20:55:20.119+0000][994.643s][info ][safepoint     ] Entering safepoint region: Cleanup
[2023-10-19T20:55:20.130+0000][994.653s][info ][safepoint     ] Leaving safepoint region
[2023-10-19T20:55:20.158+0000][994.681s][info ][safepoint     ] Total time for which application threads were stopped: 0.0389110 seconds, Stopping threads took: 0.0103082 seconds
[2023-10-19T20:55:21.163+0000][995.686s][debug][safepoint     ] Safepoint synchronization initiated. (177 threads)
[2023-10-19T20:55:21.173+0000][995.697s][info ][safepoint     ] Application time: 1.0109325 seconds
[2023-10-19T20:55:21.175+0000][995.699s][info ][safepoint     ] Entering safepoint region: Cleanup
[2023-10-19T20:55:21.178+0000][995.701s][info ][safepoint     ] Leaving safepoint region
[2023-10-19T20:55:21.179+0000][995.702s][info ][safepoint     ] Total time for which application threads were stopped: 0.0032966 seconds, Stopping threads took: 0.0020313 seconds
[2023-10-19T20:55:22.180+0000][996.703s][debug][safepoint     ] Safepoint synchronization initiated. (177 threads)
[2023-10-19T20:55:22.180+0000][996.704s][info ][safepoint     ] Application time: 1.0009615 seconds
[2023-10-19T20:55:22.181+0000][996.704s][info ][safepoint     ] Entering safepoint region: Cleanup
[2023-10-19T20:55:22.182+0000][996.705s][info ][safepoint     ] Leaving safepoint region
[2023-10-19T20:55:22.182+0000][996.706s][info ][safepoint     ] Total time for which application threads were stopped: 0.0014522 seconds, Stopping threads took: 0.0006225 seconds
[2023-10-19T20:55:23.179+0000][997.706s][debug][safepoint     ] Safepoint synchronization initiated. (177 threads)
[2023-10-19T20:55:23.209+0000][997.736s][info ][safepoint     ] Application time: 1.0296461 seconds
[2023-10-19T20:55:23.218+0000][997.746s][info ][safepoint     ] Entering safepoint region: Cleanup
[2023-10-19T20:55:23.226+0000][997.753s][info ][safepoint     ] Leaving safepoint region
[2023-10-19T20:55:23.227+0000][997.754s][info ][safepoint     ] Total time for which application threads were stopped: 0.0083910 seconds, Stopping threads took: 0.0075595 seconds
[2023-10-19T20:55:24.230+0000][998.757s][debug][safepoint     ] Safepoint synchronization initiated. (177 threads)
[2023-10-19T20:55:24.235+0000][998.762s][info ][safepoint     ] Application time: 1.0055066 seconds
[2023-10-19T20:55:24.236+0000][998.764s][info ][safepoint     ] Entering safepoint region: Cleanup
[2023-10-19T20:55:24.239+0000][998.766s][info ][safepoint     ] Leaving safepoint region
[2023-10-19T20:55:24.276+0000][998.803s][info ][safepoint     ] Total time for which application threads were stopped: 0.0394274 seconds, Stopping threads took: 0.0025596 seconds
[2023-10-19T20:55:25.281+0000][999.808s][debug][safepoint     ] Safepoint synchronization initiated. (177 threads)
[2023-10-19T20:55:25.282+0000][999.809s][info ][safepoint     ] Application time: 1.0010591 seconds
[2023-10-19T20:55:25.289+0000][999.817s][info ][safepoint     ] Entering safepoint region: Cleanup
[2023-10-19T20:55:25.296+0000][999.824s][info ][safepoint     ] Leaving safepoint region
[2023-10-19T20:55:25.298+0000][999.825s][info ][safepoint     ] Total time for which application threads were stopped: 0.0087849 seconds, Stopping threads took: 0.0066034 seconds
[2023-10-19T20:55:26.305+0000][1000.833s][debug][safepoint     ] Safepoint synchronization initiated. (177 threads)
[2023-10-19T20:55:26.307+0000][1000.834s][info ][safepoint     ] Application time: 1.0016631 seconds
[2023-10-19T20:55:26.313+0000][1000.840s][info ][safepoint     ] Entering safepoint region: Cleanup
[2023-10-19T20:55:26.316+0000][1000.843s][info ][safepoint     ] Leaving safepoint region
[2023-10-19T20:55:26.317+0000][1000.844s][info ][safepoint     ] Total time for which application threads were stopped: 0.0042130 seconds, Stopping threads took: 0.0026955 seconds
[2023-10-19T20:55:27.326+0000][1001.853s][debug][safepoint     ] Safepoint synchronization initiated. (177 threads)
[2023-10-19T20:55:27.354+0000][1001.882s][info ][safepoint     ] Application time: 1.0288292 seconds
[2023-10-19T20:55:27.364+0000][1001.892s][info ][safepoint     ] Entering safepoint region: Cleanup
[2023-10-19T20:55:27.377+0000][1001.904s][info ][safepoint     ] Leaving safepoint region
[2023-10-19T20:55:27.388+0000][1001.916s][info ][safepoint     ] Total time for which application threads were stopped: 0.0239198 seconds, Stopping threads took: 0.0120219 seconds
[2023-10-19T20:55:28.390+0000][1002.917s][debug][safepoint     ] Safepoint synchronization initiated. (177 threads)
[2023-10-19T20:55:28.393+0000][1002.920s][info ][safepoint     ] Application time: 1.0028618 seconds
[2023-10-19T20:55:28.394+0000][1002.922s][info ][safepoint     ] Entering safepoint region: Cleanup
[2023-10-19T20:55:28.407+0000][1002.934s][info ][safepoint     ] Leaving safepoint region
[2023-10-19T20:55:28.411+0000][1002.939s][info ][safepoint     ] Total time for which application threads were stopped: 0.0170485 seconds, Stopping threads took: 0.0122566 seconds
[2023-10-19T20:55:29.413+0000][1003.940s][debug][safepoint     ] Safepoint synchronization initiated. (177 threads)
[2023-10-19T20:55:29.419+0000][1003.946s][info ][safepoint     ] Application time: 1.0058055 seconds
[2023-10-19T20:55:29.430+0000][1003.957s][info ][safepoint     ] Entering safepoint region: Cleanup
[2023-10-19T20:55:29.437+0000][1003.964s][info ][safepoint     ] Leaving safepoint region
[2023-10-19T20:55:29.439+0000][1003.966s][info ][safepoint     ] Total time for which application threads were stopped: 0.0089950 seconds, Stopping threads took: 0.0070453 seconds
[2023-10-19T20:55:30.439+0000][1004.967s][debug][safepoint     ] Safepoint synchronization initiated. (177 threads)
[2023-10-19T20:55:30.448+0000][1004.976s][info ][safepoint     ] Application time: 1.0093031 seconds
[2023-10-19T20:55:30.454+0000][1004.982s][info ][safepoint     ] Entering safepoint region: Cleanup
[2023-10-19T20:55:30.456+0000][1004.983s][info ][safepoint     ] Leaving safepoint region
[2023-10-19T20:55:30.457+0000][1004.984s][info ][safepoint     ] Total time for which application threads were stopped: 0.0024805 seconds, Stopping threads took: 0.0011223 seconds
[2023-10-19T20:55:31.458+0000][1005.986s][debug][safepoint     ] Safepoint synchronization initiated. (177 threads)
[2023-10-19T20:55:31.470+0000][1005.997s][info ][safepoint     ] Application time: 1.0114364 seconds
[2023-10-19T20:55:31.472+0000][1005.999s][info ][safepoint     ] Entering safepoint region: Cleanup
[2023-10-19T20:55:31.484+0000][1006.012s][info ][safepoint     ] Leaving safepoint region
[2023-10-19T20:55:31.486+0000][1006.013s][info ][safepoint     ] Total time for which application threads were stopped: 0.0141677 seconds, Stopping threads took: 0.0121619 seconds
[2023-10-19T20:55:32.494+0000][1007.021s][debug][safepoint     ] Safepoint synchronization initiated. (177 threads)
[2023-10-19T20:55:32.496+0000][1007.023s][info ][safepoint     ] Application time: 1.0018375 seconds
[2023-10-19T20:55:32.508+0000][1007.035s][info ][safepoint     ] Entering safepoint region: Cleanup
[2023-10-19T20:55:32.511+0000][1007.038s][info ][safepoint     ] Leaving safepoint region
[2023-10-19T20:55:32.513+0000][1007.040s][info ][safepoint     ] Total time for which application threads were stopped: 0.0048874 seconds, Stopping threads took: 0.0026100 seconds
[2023-10-19T20:55:33.514+0000][1008.041s][debug][safepoint     ] Safepoint synchronization initiated. (177 threads)
[2023-10-19T20:55:33.515+0000][1008.042s][info ][safepoint     ] Application time: 1.0010643 seconds
[2023-10-19T20:55:33.530+0000][1008.057s][info ][safepoint     ] Entering safepoint region: Cleanup
[2023-10-19T20:55:33.531+0000][1008.058s][info ][safepoint     ] Leaving safepoint region
[2023-10-19T20:55:33.533+0000][1008.060s][info ][safepoint     ] Total time for which application threads were stopped: 0.0033570 seconds, Stopping threads took: 0.0006664 seconds
[2023-10-19T20:55:34.534+0000][1009.062s][debug][safepoint     ] Safepoint synchronization initiated. (177 threads)
[2023-10-19T20:55:34.537+0000][1009.064s][info ][safepoint     ] Application time: 1.0028080 seconds
[2023-10-19T20:55:34.538+0000][1009.066s][info ][safepoint     ] Entering safepoint region: Cleanup
[2023-10-19T20:55:34.541+0000][1009.068s][info ][safepoint     ] Leaving safepoint region
[2023-10-19T20:55:34.542+0000][1009.069s][info ][safepoint     ] Total time for which application threads were stopped: 0.0037113 seconds, Stopping threads took: 0.0024823 seconds
[2023-10-19T20:55:35.548+0000][1010.075s][debug][safepoint     ] Safepoint synchronization initiated. (177 threads)
[2023-10-19T20:55:35.550+0000][1010.077s][info ][safepoint     ] Application time: 1.0022366 seconds
[2023-10-19T20:55:35.552+0000][1010.079s][info ][safepoint     ] Entering safepoint region: Cleanup
[2023-10-19T20:55:35.553+0000][1010.080s][info ][safepoint     ] Leaving safepoint region
[2023-10-19T20:55:35.554+0000][1010.081s][info ][safepoint     ] Total time for which application threads were stopped: 0.0018596 seconds, Stopping threads took: 0.0007168 seconds
[2023-10-19T20:55:36.555+0000][1011.082s][debug][safepoint     ] Safepoint synchronization initiated. (177 threads)
[2023-10-19T20:55:36.556+0000][1011.083s][info ][safepoint     ] Application time: 1.0014638 seconds
[2023-10-19T20:55:36.570+0000][1011.097s][info ][safepoint     ] Entering safepoint region: Cleanup
[2023-10-19T20:55:36.572+0000][1011.099s][info ][safepoint     ] Leaving safepoint region
[2023-10-19T20:55:36.572+0000][1011.100s][info ][safepoint     ] Total time for which application threads were stopped: 0.0028492 seconds, Stopping threads took: 0.0018389 seconds
[2023-10-19T20:55:37.573+0000][1012.101s][debug][safepoint     ] Safepoint synchronization initiated. (177 threads)
[2023-10-19T20:55:37.592+0000][1012.119s][info ][safepoint     ] Application time: 1.0188708 seconds
[2023-10-19T20:55:37.593+0000][1012.121s][info ][safepoint     ] Entering safepoint region: Cleanup
[2023-10-19T20:55:37.595+0000][1012.122s][info ][safepoint     ] Leaving safepoint region
[2023-10-19T20:55:37.598+0000][1012.125s][info ][safepoint     ] Total time for which application threads were stopped: 0.0047680 seconds, Stopping threads took: 0.0014586 seconds
[2023-10-19T20:55:38.599+0000][1013.127s][debug][safepoint     ] Safepoint synchronization initiated. (177 threads)
[2023-10-19T20:55:38.601+0000][1013.128s][info ][safepoint     ] Application time: 1.0013218 seconds
[2023-10-19T20:55:38.601+0000][1013.129s][info ][safepoint     ] Entering safepoint region: Cleanup
[2023-10-19T20:55:38.602+0000][1013.130s][info ][safepoint     ] Leaving safepoint region
[2023-10-19T20:55:38.603+0000][1013.130s][info ][safepoint     ] Total time for which application threads were stopped: 0.0018640 seconds, Stopping threads took: 0.0006745 seconds
[2023-10-19T20:55:39.604+0000][1014.131s][debug][safepoint     ] Safepoint synchronization initiated. (177 threads)
[2023-10-19T20:55:39.610+0000][1014.138s][info ][safepoint     ] Application time: 1.0065046 seconds
[2023-10-19T20:55:39.615+0000][1014.142s][info ][safepoint     ] Entering safepoint region: Cleanup
[2023-10-19T20:55:39.617+0000][1014.144s][info ][safepoint     ] Leaving safepoint region
[2023-10-19T20:55:39.620+0000][1014.147s][info ][safepoint     ] Total time for which application threads were stopped: 0.0051192 seconds, Stopping threads took: 0.0015763 seconds
[2023-10-19T20:55:40.624+0000][1015.152s][debug][safepoint     ] Safepoint synchronization initiated. (177 threads)
[2023-10-19T20:55:40.633+0000][1015.160s][info ][safepoint     ] Application time: 1.0087871 seconds
[2023-10-19T20:55:40.635+0000][1015.163s][info ][safepoint     ] Entering safepoint region: Cleanup
[2023-10-19T20:55:40.637+0000][1015.164s][info ][safepoint     ] Leaving safepoint region
[2023-10-19T20:55:40.638+0000][1015.165s][info ][safepoint     ] Total time for which application threads were stopped: 0.0027555 seconds, Stopping threads took: 0.0016172 seconds
[2023-10-19T20:55:41.639+0000][1016.166s][debug][safepoint     ] Safepoint synchronization initiated. (177 threads)
[2023-10-19T20:55:41.641+0000][1016.169s][info ][safepoint     ] Application time: 1.0028311 seconds
[2023-10-19T20:55:41.646+0000][1016.174s][info ][safepoint     ] Entering safepoint region: Cleanup
[2023-10-19T20:55:41.647+0000][1016.175s][info ][safepoint     ] Leaving safepoint region
[2023-10-19T20:55:41.654+0000][1016.181s][info ][safepoint     ] Total time for which application threads were stopped: 0.0079874 seconds, Stopping threads took: 0.0010604 seconds
[2023-10-19T20:55:42.659+0000][1017.186s][debug][safepoint     ] Safepoint synchronization initiated. (177 threads)
[2023-10-19T20:55:42.676+0000][1017.203s][info ][safepoint     ] Application time: 1.0176961 seconds
[2023-10-19T20:55:42.702+0000][1017.230s][info ][safepoint     ] Entering safepoint region: Cleanup
[2023-10-19T20:55:42.727+0000][1017.254s][info ][safepoint     ] Leaving safepoint region
[2023-10-19T20:55:42.728+0000][1017.255s][info ][safepoint     ] Total time for which application threads were stopped: 0.0255370 seconds, Stopping threads took: 0.0244330 seconds
[2023-10-19T20:55:43.729+0000][1018.256s][debug][safepoint     ] Safepoint synchronization initiated. (177 threads)
[2023-10-19T20:55:43.738+0000][1018.265s][info ][safepoint     ] Application time: 1.0093449 seconds
[2023-10-19T20:55:43.739+0000][1018.266s][info ][safepoint     ] Entering safepoint region: Cleanup
[2023-10-19T20:55:43.744+0000][1018.271s][info ][safepoint     ] Leaving safepoint region
[2023-10-19T20:55:43.751+0000][1018.278s][info ][safepoint     ] Total time for which application threads were stopped: 0.0116255 seconds, Stopping threads took: 0.0042967 seconds
[2023-10-19T20:55:44.752+0000][1019.279s][debug][safepoint     ] Safepoint synchronization initiated. (177 threads)
[2023-10-19T20:55:44.754+0000][1019.281s][info ][safepoint     ] Application time: 1.0021507 seconds
[2023-10-19T20:55:44.754+0000][1019.281s][info ][safepoint     ] Entering safepoint region: Cleanup
[2023-10-19T20:55:44.755+0000][1019.282s][info ][safepoint     ] Leaving safepoint region
[2023-10-19T20:55:44.756+0000][1019.283s][info ][safepoint     ] Total time for which application threads were stopped: 0.0015085 seconds, Stopping threads took: 0.0006211 seconds
[2023-10-19T20:55:45.756+0000][1020.284s][debug][safepoint     ] Safepoint synchronization initiated. (177 threads)
[2023-10-19T20:55:45.786+0000][1020.313s][info ][safepoint     ] Application time: 1.0294901 seconds
[2023-10-19T20:55:45.795+0000][1020.323s][info ][safepoint     ] Entering safepoint region: Cleanup
[2023-10-19T20:55:45.796+0000][1020.324s][info ][safepoint     ] Leaving safepoint region
[2023-10-19T20:55:45.811+0000][1020.339s][info ][safepoint     ] Total time for which application threads were stopped: 0.0159872 seconds, Stopping threads took: 0.0007939 seconds
[2023-10-19T20:55:46.833+0000][1021.361s][debug][safepoint     ] Safepoint synchronization initiated. (177 threads)
[2023-10-19T20:55:46.834+0000][1021.361s][info ][safepoint     ] Application time: 1.0010372 seconds
[2023-10-19T20:55:46.835+0000][1021.362s][info ][safepoint     ] Entering safepoint region: Cleanup
[2023-10-19T20:55:46.836+0000][1021.363s][info ][safepoint     ] Leaving safepoint region
[2023-10-19T20:55:46.837+0000][1021.364s][info ][safepoint     ] Total time for which application threads were stopped: 0.0018884 seconds, Stopping threads took: 0.0007378 seconds
[2023-10-19T20:55:47.838+0000][1022.365s][debug][safepoint     ] Safepoint synchronization initiated. (177 threads)
[2023-10-19T20:55:47.838+0000][1022.366s][info ][safepoint     ] Application time: 1.0009452 seconds
[2023-10-19T20:55:47.839+0000][1022.366s][info ][safepoint     ] Entering safepoint region: Cleanup
[2023-10-19T20:55:47.841+0000][1022.369s][info ][safepoint     ] Leaving safepoint region
[2023-10-19T20:55:47.842+0000][1022.369s][info ][safepoint     ] Total time for which application threads were stopped: 0.0027602 seconds, Stopping threads took: 0.0007883 seconds
[2023-10-19T20:55:48.843+0000][1023.370s][debug][safepoint     ] Safepoint synchronization initiated. (177 threads)
[2023-10-19T20:55:48.843+0000][1023.370s][info ][safepoint     ] Application time: 1.0007881 seconds
[2023-10-19T20:55:48.844+0000][1023.371s][info ][safepoint     ] Entering safepoint region: Cleanup
[2023-10-19T20:55:48.845+0000][1023.372s][info ][safepoint     ] Leaving safepoint region
[2023-10-19T20:55:48.845+0000][1023.373s][info ][safepoint     ] Total time for which application threads were stopped: 0.0015089 seconds, Stopping threads took: 0.0005963 seconds
[2023-10-19T20:55:49.846+0000][1024.374s][debug][safepoint     ] Safepoint synchronization initiated. (177 threads)
[2023-10-19T20:55:49.847+0000][1024.374s][info ][safepoint     ] Application time: 1.0007013 seconds
[2023-10-19T20:55:49.848+0000][1024.375s][info ][safepoint     ] Entering safepoint region: Cleanup
[2023-10-19T20:55:49.849+0000][1024.377s][info ][safepoint     ] Leaving safepoint region
[2023-10-19T20:55:49.850+0000][1024.377s][info ][safepoint     ] Total time for which application threads were stopped: 0.0023823 seconds, Stopping threads took: 0.0010557 seconds
[2023-10-19T20:55:50.851+0000][1025.378s][debug][safepoint     ] Safepoint synchronization initiated. (177 threads)
[2023-10-19T20:55:50.852+0000][1025.380s][info ][safepoint     ] Application time: 1.0018704 seconds
[2023-10-19T20:55:50.853+0000][1025.380s][info ][safepoint     ] Entering safepoint region: Cleanup
[2023-10-19T20:55:50.854+0000][1025.381s][info ][safepoint     ] Leaving safepoint region
[2023-10-19T20:55:50.854+0000][1025.381s][info ][safepoint     ] Total time for which application threads were stopped: 0.0013784 seconds, Stopping threads took: 0.0006553 seconds
[2023-10-19T20:55:51.855+0000][1026.382s][debug][safepoint     ] Safepoint synchronization initiated. (177 threads)
[2023-10-19T20:55:51.855+0000][1026.383s][info ][safepoint     ] Application time: 1.0008842 seconds
[2023-10-19T20:55:51.856+0000][1026.383s][info ][safepoint     ] Entering safepoint region: Cleanup
[2023-10-19T20:55:51.857+0000][1026.384s][info ][safepoint     ] Leaving safepoint region
[2023-10-19T20:55:51.857+0000][1026.385s][info ][safepoint     ] Total time for which application threads were stopped: 0.0013510 seconds, Stopping threads took: 0.0006627 seconds
[2023-10-19T20:55:52.857+0000][1027.385s][debug][safepoint     ] Safepoint synchronization initiated. (177 threads)
[2023-10-19T20:55:52.858+0000][1027.386s][info ][safepoint     ] Application time: 1.0008965 seconds
[2023-10-19T20:55:52.859+0000][1027.387s][info ][safepoint     ] Entering safepoint region: Cleanup
[2023-10-19T20:55:52.859+0000][1027.387s][info ][safepoint     ] Leaving safepoint region
[2023-10-19T20:55:52.860+0000][1027.388s][info ][safepoint     ] Total time for which application threads were stopped: 0.0013124 seconds, Stopping threads took: 0.0005644 seconds
[2023-10-19T20:55:53.861+0000][1028.389s][debug][safepoint     ] Safepoint synchronization initiated. (177 threads)
[2023-10-19T20:55:53.861+0000][1028.389s][info ][safepoint     ] Application time: 1.0008700 seconds
[2023-10-19T20:55:53.862+0000][1028.390s][info ][safepoint     ] Entering safepoint region: Cleanup
[2023-10-19T20:55:53.863+0000][1028.391s][info ][safepoint     ] Leaving safepoint region
[2023-10-19T20:55:53.863+0000][1028.391s][info ][safepoint     ] Total time for which application threads were stopped: 0.0013649 seconds, Stopping threads took: 0.0005493 seconds
[2023-10-19T20:55:54.864+0000][1029.392s][debug][safepoint     ] Safepoint synchronization initiated. (177 threads)
[2023-10-19T20:55:54.865+0000][1029.393s][info ][safepoint     ] Application time: 1.0012429 seconds
[2023-10-19T20:55:54.866+0000][1029.394s][info ][safepoint     ] Entering safepoint region: Cleanup
[2023-10-19T20:55:54.867+0000][1029.395s][info ][safepoint     ] Leaving safepoint region
[2023-10-19T20:55:54.868+0000][1029.396s][info ][safepoint     ] Total time for which application threads were stopped: 0.0020816 seconds, Stopping threads took: 0.0006681 seconds
[2023-10-19T20:55:55.869+0000][1030.397s][debug][safepoint     ] Safepoint synchronization initiated. (177 threads)
[2023-10-19T20:55:55.877+0000][1030.405s][info ][safepoint     ] Application time: 1.0081773 seconds
[2023-10-19T20:55:55.878+0000][1030.406s][info ][safepoint     ] Entering safepoint region: Cleanup
[2023-10-19T20:55:55.881+0000][1030.409s][info ][safepoint     ] Leaving safepoint region
[2023-10-19T20:55:55.881+0000][1030.409s][info ][safepoint     ] Total time for which application threads were stopped: 0.0034035 seconds, Stopping threads took: 0.0025594 seconds
[2023-10-19T20:55:56.882+0000][1031.410s][debug][safepoint     ] Safepoint synchronization initiated. (177 threads)
[2023-10-19T20:55:56.883+0000][1031.411s][info ][safepoint     ] Application time: 1.0014346 seconds
[2023-10-19T20:55:56.884+0000][1031.412s][info ][safepoint     ] Entering safepoint region: Cleanup
[2023-10-19T20:55:56.885+0000][1031.413s][info ][safepoint     ] Leaving safepoint region
[2023-10-19T20:55:56.886+0000][1031.414s][info ][safepoint     ] Total time for which application threads were stopped: 0.0017413 seconds, Stopping threads took: 0.0007267 seconds
[2023-10-19T20:55:57.889+0000][1032.417s][debug][safepoint     ] Safepoint synchronization initiated. (177 threads)
[2023-10-19T20:55:57.901+0000][1032.429s][info ][safepoint     ] Application time: 1.0104611 seconds
[2023-10-19T20:55:57.907+0000][1032.435s][info ][safepoint     ] Entering safepoint region: Cleanup
[2023-10-19T20:55:57.909+0000][1032.437s][info ][safepoint     ] Leaving safepoint region
[2023-10-19T20:55:57.910+0000][1032.438s][info ][safepoint     ] Total time for which application threads were stopped: 0.0022170 seconds, Stopping threads took: 0.0010198 seconds
[2023-10-19T20:55:58.914+0000][1033.442s][debug][safepoint     ] Safepoint synchronization initiated. (177 threads)
[2023-10-19T20:55:58.916+0000][1033.444s][info ][safepoint     ] Application time: 1.0020927 seconds
[2023-10-19T20:55:58.923+0000][1033.451s][info ][safepoint     ] Entering safepoint region: Cleanup
[2023-10-19T20:55:58.924+0000][1033.452s][info ][safepoint     ] Leaving safepoint region
[2023-10-19T20:55:58.933+0000][1033.461s][info ][safepoint     ] Total time for which application threads were stopped: 0.0101407 seconds, Stopping threads took: 0.0008289 seconds
[2023-10-19T20:55:59.934+0000][1034.462s][debug][safepoint     ] Safepoint synchronization initiated. (177 threads)
[2023-10-19T20:55:59.943+0000][1034.471s][info ][safepoint     ] Application time: 1.0086432 seconds
[2023-10-19T20:55:59.944+0000][1034.472s][info ][safepoint     ] Entering safepoint region: Cleanup
[2023-10-19T20:55:59.946+0000][1034.474s][info ][safepoint     ] Leaving safepoint region
[2023-10-19T20:55:59.949+0000][1034.477s][info ][safepoint     ] Total time for which application threads were stopped: 0.0048635 seconds, Stopping threads took: 0.0016213 seconds
[2023-10-19T20:56:00.964+0000][1035.492s][debug][safepoint     ] Safepoint synchronization initiated. (177 threads)
[2023-10-19T20:56:00.966+0000][1035.494s][info ][safepoint     ] Application time: 1.0018228 seconds
[2023-10-19T20:56:00.968+0000][1035.496s][info ][safepoint     ] Entering safepoint region: Cleanup
[2023-10-19T20:56:00.983+0000][1035.511s][info ][safepoint     ] Leaving safepoint region
[2023-10-19T20:56:00.985+0000][1035.513s][info ][safepoint     ] Total time for which application threads were stopped: 0.0166761 seconds, Stopping threads took: 0.0145296 seconds
[2023-10-19T20:56:01.989+0000][1036.517s][debug][safepoint     ] Safepoint synchronization initiated. (177 threads)
[2023-10-19T20:56:01.991+0000][1036.519s][info ][safepoint     ] Application time: 1.0025816 seconds
[2023-10-19T20:56:01.994+0000][1036.522s][info ][safepoint     ] Entering safepoint region: Cleanup
[2023-10-19T20:56:01.995+0000][1036.523s][info ][safepoint     ] Leaving safepoint region
[2023-10-19T20:56:01.996+0000][1036.524s][info ][safepoint     ] Total time for which application threads were stopped: 0.0025907 seconds, Stopping threads took: 0.0013489 seconds
[2023-10-19T20:56:02.998+0000][1037.526s][debug][safepoint     ] Safepoint synchronization initiated. (177 threads)
[2023-10-19T20:56:03.008+0000][1037.536s][info ][safepoint     ] Application time: 1.0098177 seconds
[2023-10-19T20:56:03.009+0000][1037.537s][info ][safepoint     ] Entering safepoint region: Cleanup
[2023-10-19T20:56:03.010+0000][1037.538s][info ][safepoint     ] Leaving safepoint region
[2023-10-19T20:56:03.010+0000][1037.538s][info ][safepoint     ] Total time for which application threads were stopped: 0.0015987 seconds, Stopping threads took: 0.0006774 seconds
[2023-10-19T20:56:04.011+0000][1038.539s][debug][safepoint     ] Safepoint synchronization initiated. (177 threads)
[2023-10-19T20:56:04.017+0000][1038.545s][info ][safepoint     ] Application time: 1.0061186 seconds
[2023-10-19T20:56:04.019+0000][1038.547s][info ][safepoint     ] Entering safepoint region: Cleanup
[2023-10-19T20:56:04.020+0000][1038.548s][info ][safepoint     ] Leaving safepoint region
[2023-10-19T20:56:04.062+0000][1038.590s][info ][safepoint     ] Total time for which application threads were stopped: 0.0434120 seconds, Stopping threads took: 0.0010093 seconds
[2023-10-19T20:56:05.097+0000][1039.625s][debug][safepoint     ] Safepoint synchronization initiated. (177 threads)
[2023-10-19T20:56:05.100+0000][1039.628s][info ][safepoint     ] Application time: 1.0026471 seconds
[2023-10-19T20:56:05.103+0000][1039.632s][info ][safepoint     ] Entering safepoint region: Cleanup
[2023-10-19T20:56:05.105+0000][1039.633s][info ][safepoint     ] Leaving safepoint region
[2023-10-19T20:56:05.110+0000][1039.638s][info ][safepoint     ] Total time for which application threads were stopped: 0.0070302 seconds, Stopping threads took: 0.0015044 seconds
[2023-10-19T20:56:06.112+0000][1040.640s][debug][safepoint     ] Safepoint synchronization initiated. (177 threads)
[2023-10-19T20:56:06.113+0000][1040.641s][info ][safepoint     ] Application time: 1.0012716 seconds
[2023-10-19T20:56:06.116+0000][1040.644s][info ][safepoint     ] Entering safepoint region: Cleanup
[2023-10-19T20:56:06.127+0000][1040.655s][info ][safepoint     ] Leaving safepoint region
[2023-10-19T20:56:06.132+0000][1040.660s][info ][safepoint     ] Total time for which application threads were stopped: 0.0160302 seconds, Stopping threads took: 0.0113402 seconds
[2023-10-19T20:56:07.134+0000][1041.662s][debug][safepoint     ] Safepoint synchronization initiated. (177 threads)
[2023-10-19T20:56:07.145+0000][1041.673s][info ][safepoint     ] Application time: 1.0119904 seconds
[2023-10-19T20:56:07.146+0000][1041.674s][info ][safepoint     ] Entering safepoint region: Cleanup
[2023-10-19T20:56:07.148+0000][1041.676s][info ][safepoint     ] Leaving safepoint region
[2023-10-19T20:56:07.149+0000][1041.677s][info ][safepoint     ] Total time for which application threads were stopped: 0.0026283 seconds, Stopping threads took: 0.0009359 seconds
[2023-10-19T20:56:08.164+0000][1042.692s][debug][safepoint     ] Safepoint synchronization initiated. (177 threads)
[2023-10-19T20:56:08.165+0000][1042.693s][info ][safepoint     ] Application time: 1.0009805 seconds
[2023-10-19T20:56:08.166+0000][1042.694s][info ][safepoint     ] Entering safepoint region: Cleanup
[2023-10-19T20:56:08.181+0000][1042.709s][info ][safepoint     ] Leaving safepoint region
[2023-10-19T20:56:08.190+0000][1042.718s][info ][safepoint     ] Total time for which application threads were stopped: 0.0242338 seconds, Stopping threads took: 0.0147301 seconds
[2023-10-19T20:56:09.196+0000][1043.724s][debug][safepoint     ] Safepoint synchronization initiated. (177 threads)
[2023-10-19T20:56:09.198+0000][1043.726s][info ][safepoint     ] Application time: 1.0025602 seconds
[2023-10-19T20:56:09.199+0000][1043.727s][info ][safepoint     ] Entering safepoint region: Cleanup
[2023-10-19T20:56:09.200+0000][1043.728s][info ][safepoint     ] Leaving safepoint region
[2023-10-19T20:56:09.202+0000][1043.730s][info ][safepoint     ] Total time for which application threads were stopped: 0.0023454 seconds, Stopping threads took: 0.0007872 seconds
[2023-10-19T20:56:10.203+0000][1044.731s][debug][safepoint     ] Safepoint synchronization initiated. (177 threads)
[2023-10-19T20:56:10.207+0000][1044.735s][info ][safepoint     ] Application time: 1.0048116 seconds
[2023-10-19T20:56:10.208+0000][1044.736s][info ][safepoint     ] Entering safepoint region: Cleanup
[2023-10-19T20:56:10.213+0000][1044.741s][info ][safepoint     ] Leaving safepoint region
[2023-10-19T20:56:10.213+0000][1044.741s][info ][safepoint     ] Total time for which application threads were stopped: 0.0055883 seconds, Stopping threads took: 0.0039292 seconds
[2023-10-19T20:56:11.221+0000][1045.749s][debug][safepoint     ] Safepoint synchronization initiated. (177 threads)
[2023-10-19T20:56:11.224+0000][1045.752s][info ][safepoint     ] Application time: 1.0032732 seconds
[2023-10-19T20:56:11.225+0000][1045.753s][info ][safepoint     ] Entering safepoint region: Cleanup
[2023-10-19T20:56:11.227+0000][1045.755s][info ][safepoint     ] Leaving safepoint region
[2023-10-19T20:56:11.229+0000][1045.757s][info ][safepoint     ] Total time for which application threads were stopped: 0.0041949 seconds, Stopping threads took: 0.0018773 seconds
[2023-10-19T20:56:12.234+0000][1046.762s][debug][safepoint     ] Safepoint synchronization initiated. (177 threads)
[2023-10-19T20:56:12.240+0000][1046.768s][info ][safepoint     ] Application time: 1.0055628 seconds
[2023-10-19T20:56:12.241+0000][1046.769s][info ][safepoint     ] Entering safepoint region: Cleanup
[2023-10-19T20:56:12.248+0000][1046.776s][info ][safepoint     ] Leaving safepoint region
[2023-10-19T20:56:12.259+0000][1046.787s][info ][safepoint     ] Total time for which application threads were stopped: 0.0175040 seconds, Stopping threads took: 0.0070104 seconds
[2023-10-19T20:56:13.262+0000][1047.790s][debug][safepoint     ] Safepoint synchronization initiated. (177 threads)
[2023-10-19T20:56:13.273+0000][1047.801s][info ][safepoint     ] Application time: 1.0116923 seconds
[2023-10-19T20:56:13.275+0000][1047.803s][info ][safepoint     ] Entering safepoint region: Cleanup
[2023-10-19T20:56:13.276+0000][1047.804s][info ][safepoint     ] Leaving safepoint region
[2023-10-19T20:56:13.277+0000][1047.805s][info ][safepoint     ] Total time for which application threads were stopped: 0.0020010 seconds, Stopping threads took: 0.0007453 seconds
[2023-10-19T20:56:14.278+0000][1048.806s][debug][safepoint     ] Safepoint synchronization initiated. (177 threads)
[2023-10-19T20:56:14.307+0000][1048.835s][info ][safepoint     ] Application time: 1.0291041 seconds
[2023-10-19T20:56:14.309+0000][1048.837s][info ][safepoint     ] Entering safepoint region: Cleanup
[2023-10-19T20:56:14.310+0000][1048.838s][info ][safepoint     ] Leaving safepoint region
[2023-10-19T20:56:14.311+0000][1048.839s][info ][safepoint     ] Total time for which application threads were stopped: 0.0019699 seconds, Stopping threads took: 0.0009706 seconds
[2023-10-19T20:56:15.312+0000][1049.840s][debug][safepoint     ] Safepoint synchronization initiated. (177 threads)
[2023-10-19T20:56:15.325+0000][1049.853s][info ][safepoint     ] Application time: 1.0133561 seconds
[2023-10-19T20:56:15.333+0000][1049.861s][info ][safepoint     ] Entering safepoint region: Cleanup
[2023-10-19T20:56:15.334+0000][1049.862s][info ][safepoint     ] Leaving safepoint region
[2023-10-19T20:56:15.334+0000][1049.862s][info ][safepoint     ] Total time for which application threads were stopped: 0.0017339 seconds, Stopping threads took: 0.0008217 seconds
[2023-10-19T20:56:16.336+0000][1050.864s][debug][safepoint     ] Safepoint synchronization initiated. (177 threads)
[2023-10-19T20:56:16.344+0000][1050.872s][info ][safepoint     ] Application time: 1.0084419 seconds
[2023-10-19T20:56:16.346+0000][1050.874s][info ][safepoint     ] Entering safepoint region: Cleanup
[2023-10-19T20:56:16.347+0000][1050.875s][info ][safepoint     ] Leaving safepoint region
[2023-10-19T20:56:16.348+0000][1050.876s][info ][safepoint     ] Total time for which application threads were stopped: 0.0027500 seconds, Stopping threads took: 0.0013187 seconds
[2023-10-19T20:56:17.353+0000][1051.881s][debug][safepoint     ] Safepoint synchronization initiated. (177 threads)
[2023-10-19T20:56:17.354+0000][1051.882s][info ][safepoint     ] Application time: 1.0013729 seconds
[2023-10-19T20:56:17.356+0000][1051.884s][info ][safepoint     ] Entering safepoint region: Cleanup
[2023-10-19T20:56:17.358+0000][1051.886s][info ][safepoint     ] Leaving safepoint region
[2023-10-19T20:56:17.359+0000][1051.887s][info ][safepoint     ] Total time for which application threads were stopped: 0.0026015 seconds, Stopping threads took: 0.0011272 seconds
[2023-10-19T20:56:18.385+0000][1052.913s][debug][safepoint     ] Safepoint synchronization initiated. (177 threads)
[2023-10-19T20:56:18.396+0000][1052.924s][info ][safepoint     ] Application time: 1.0113722 seconds
[2023-10-19T20:56:18.401+0000][1052.929s][info ][safepoint     ] Entering safepoint region: Cleanup
[2023-10-19T20:56:18.406+0000][1052.934s][info ][safepoint     ] Leaving safepoint region
[2023-10-19T20:56:18.408+0000][1052.936s][info ][safepoint     ] Total time for which application threads were stopped: 0.0064697 seconds, Stopping threads took: 0.0039956 seconds
[2023-10-19T20:56:19.409+0000][1053.937s][debug][safepoint     ] Safepoint synchronization initiated. (177 threads)
[2023-10-19T20:56:19.411+0000][1053.939s][info ][safepoint     ] Application time: 1.0021623 seconds
[2023-10-19T20:56:19.412+0000][1053.940s][info ][safepoint     ] Entering safepoint region: Cleanup
[2023-10-19T20:56:19.414+0000][1053.942s][info ][safepoint     ] Leaving safepoint region
[2023-10-19T20:56:19.421+0000][1053.949s][info ][safepoint     ] Total time for which application threads were stopped: 0.0085137 seconds, Stopping threads took: 0.0020940 seconds
[2023-10-19T20:56:20.422+0000][1054.950s][debug][safepoint     ] Safepoint synchronization initiated. (177 threads)
[2023-10-19T20:56:20.423+0000][1054.951s][info ][safepoint     ] Application time: 1.0009969 seconds
[2023-10-19T20:56:20.424+0000][1054.952s][info ][safepoint     ] Entering safepoint region: Cleanup
[2023-10-19T20:56:20.425+0000][1054.953s][info ][safepoint     ] Leaving safepoint region
[2023-10-19T20:56:20.426+0000][1054.954s][info ][safepoint     ] Total time for which application threads were stopped: 0.0018869 seconds, Stopping threads took: 0.0007884 seconds
[2023-10-19T20:56:21.427+0000][1055.955s][debug][safepoint     ] Safepoint synchronization initiated. (177 threads)
[2023-10-19T20:56:21.429+0000][1055.957s][info ][safepoint     ] Application time: 1.0022729 seconds
[2023-10-19T20:56:21.430+0000][1055.958s][info ][safepoint     ] Entering safepoint region: Cleanup
[2023-10-19T20:56:21.431+0000][1055.959s][info ][safepoint     ] Leaving safepoint region
[2023-10-19T20:56:21.432+0000][1055.960s][info ][safepoint     ] Total time for which application threads were stopped: 0.0021718 seconds, Stopping threads took: 0.0010051 seconds
[2023-10-19T20:56:22.433+0000][1056.961s][debug][safepoint     ] Safepoint synchronization initiated. (177 threads)
[2023-10-19T20:56:22.433+0000][1056.961s][info ][safepoint     ] Application time: 1.0008847 seconds
[2023-10-19T20:56:22.434+0000][1056.962s][info ][safepoint     ] Entering safepoint region: Cleanup
[2023-10-19T20:56:22.435+0000][1056.963s][info ][safepoint     ] Leaving safepoint region
[2023-10-19T20:56:22.436+0000][1056.964s][info ][safepoint     ] Total time for which application threads were stopped: 0.0018639 seconds, Stopping threads took: 0.0009190 seconds
[2023-10-19T20:56:23.438+0000][1057.965s][debug][safepoint     ] Safepoint synchronization initiated. (177 threads)
[2023-10-19T20:56:23.438+0000][1057.966s][info ][safepoint     ] Application time: 1.0009235 seconds
[2023-10-19T20:56:23.439+0000][1057.966s][info ][safepoint     ] Entering safepoint region: Cleanup
[2023-10-19T20:56:23.440+0000][1057.967s][info ][safepoint     ] Leaving safepoint region
[2023-10-19T20:56:23.441+0000][1057.968s][info ][safepoint     ] Total time for which application threads were stopped: 0.0015584 seconds, Stopping threads took: 0.0006846 seconds
[2023-10-19T20:56:24.441+0000][1058.969s][debug][safepoint     ] Safepoint synchronization initiated. (177 threads)
[2023-10-19T20:56:24.442+0000][1058.969s][info ][safepoint     ] Application time: 1.0009181 seconds
[2023-10-19T20:56:24.443+0000][1058.970s][info ][safepoint     ] Entering safepoint region: Cleanup
[2023-10-19T20:56:24.443+0000][1058.971s][info ][safepoint     ] Leaving safepoint region
[2023-10-19T20:56:24.444+0000][1058.971s][info ][safepoint     ] Total time for which application threads were stopped: 0.0013883 seconds, Stopping threads took: 0.0006618 seconds
[2023-10-19T20:56:25.445+0000][1059.973s][debug][safepoint     ] Safepoint synchronization initiated. (177 threads)
[2023-10-19T20:56:25.446+0000][1059.973s][info ][safepoint     ] Application time: 1.0007785 seconds
[2023-10-19T20:56:25.446+0000][1059.974s][info ][safepoint     ] Entering safepoint region: Cleanup
[2023-10-19T20:56:25.448+0000][1059.975s][info ][safepoint     ] Leaving safepoint region
[2023-10-19T20:56:25.448+0000][1059.976s][info ][safepoint     ] Total time for which application threads were stopped: 0.0020193 seconds, Stopping threads took: 0.0008747 seconds
[2023-10-19T20:56:26.449+0000][1060.976s][debug][safepoint     ] Safepoint synchronization initiated. (177 threads)
[2023-10-19T20:56:26.449+0000][1060.977s][info ][safepoint     ] Application time: 1.0005940 seconds
[2023-10-19T20:56:26.450+0000][1060.977s][info ][safepoint     ] Entering safepoint region: Cleanup
[2023-10-19T20:56:26.451+0000][1060.979s][info ][safepoint     ] Leaving safepoint region
[2023-10-19T20:56:26.452+0000][1060.979s][info ][safepoint     ] Total time for which application threads were stopped: 0.0021000 seconds, Stopping threads took: 0.0007039 seconds
[2023-10-19T20:56:27.453+0000][1061.980s][debug][safepoint     ] Safepoint synchronization initiated. (177 threads)
[2023-10-19T20:56:27.453+0000][1061.980s][info ][safepoint     ] Application time: 1.0008417 seconds
[2023-10-19T20:56:27.454+0000][1061.981s][info ][safepoint     ] Entering safepoint region: Cleanup
[2023-10-19T20:56:27.455+0000][1061.982s][info ][safepoint     ] Leaving safepoint region
[2023-10-19T20:56:27.455+0000][1061.982s][info ][safepoint     ] Total time for which application threads were stopped: 0.0012267 seconds, Stopping threads took: 0.0005244 seconds
[2023-10-19T20:56:28.456+0000][1062.983s][debug][safepoint     ] Safepoint synchronization initiated. (177 threads)
[2023-10-19T20:56:28.456+0000][1062.984s][info ][safepoint     ] Application time: 1.0007093 seconds
[2023-10-19T20:56:28.457+0000][1062.984s][info ][safepoint     ] Entering safepoint region: Cleanup
[2023-10-19T20:56:28.457+0000][1062.985s][info ][safepoint     ] Leaving safepoint region
[2023-10-19T20:56:28.458+0000][1062.985s][info ][safepoint     ] Total time for which application threads were stopped: 0.0010001 seconds, Stopping threads took: 0.0004722 seconds
[2023-10-19T20:56:29.458+0000][1063.985s][debug][safepoint     ] Safepoint synchronization initiated. (177 threads)
[2023-10-19T20:56:29.459+0000][1063.986s][info ][safepoint     ] Application time: 1.0006313 seconds
[2023-10-19T20:56:29.459+0000][1063.986s][info ][safepoint     ] Entering safepoint region: Cleanup
[2023-10-19T20:56:29.460+0000][1063.987s][info ][safepoint     ] Leaving safepoint region
[2023-10-19T20:56:29.460+0000][1063.988s][info ][safepoint     ] Total time for which application threads were stopped: 0.0014427 seconds, Stopping threads took: 0.0004000 seconds
[2023-10-19T20:56:30.461+0000][1064.988s][debug][safepoint     ] Safepoint synchronization initiated. (177 threads)
[2023-10-19T20:56:30.462+0000][1064.989s][info ][safepoint     ] Application time: 1.0008787 seconds
[2023-10-19T20:56:30.462+0000][1064.990s][info ][safepoint     ] Entering safepoint region: Cleanup
[2023-10-19T20:56:30.463+0000][1064.990s][info ][safepoint     ] Leaving safepoint region
[2023-10-19T20:56:30.463+0000][1064.991s][info ][safepoint     ] Total time for which application threads were stopped: 0.0010701 seconds, Stopping threads took: 0.0005373 seconds
[2023-10-19T20:56:31.464+0000][1065.991s][debug][safepoint     ] Safepoint synchronization initiated. (177 threads)
[2023-10-19T20:56:31.464+0000][1065.992s][info ][safepoint     ] Application time: 1.0007387 seconds
[2023-10-19T20:56:31.465+0000][1065.992s][info ][safepoint     ] Entering safepoint region: Cleanup
[2023-10-19T20:56:31.466+0000][1065.993s][info ][safepoint     ] Leaving safepoint region
[2023-10-19T20:56:31.466+0000][1065.993s][info ][safepoint     ] Total time for which application threads were stopped: 0.0011576 seconds, Stopping threads took: 0.0004576 seconds
[2023-10-19T20:56:32.467+0000][1066.994s][debug][safepoint     ] Safepoint synchronization initiated. (177 threads)
[2023-10-19T20:56:32.467+0000][1066.995s][info ][safepoint     ] Application time: 1.0006372 seconds
[2023-10-19T20:56:32.468+0000][1066.995s][info ][safepoint     ] Entering safepoint region: Cleanup
[2023-10-19T20:56:32.468+0000][1066.995s][info ][safepoint     ] Leaving safepoint region
[2023-10-19T20:56:32.469+0000][1066.996s][info ][safepoint     ] Total time for which application threads were stopped: 0.0010070 seconds, Stopping threads took: 0.0003814 seconds
[2023-10-19T20:56:33.469+0000][1067.996s][debug][safepoint     ] Safepoint synchronization initiated. (177 threads)
[2023-10-19T20:56:33.470+0000][1067.997s][info ][safepoint     ] Application time: 1.0008770 seconds
[2023-10-19T20:56:33.470+0000][1067.998s][info ][safepoint     ] Entering safepoint region: Cleanup
[2023-10-19T20:56:33.471+0000][1067.998s][info ][safepoint     ] Leaving safepoint region
[2023-10-19T20:56:33.472+0000][1067.999s][info ][safepoint     ] Total time for which application threads were stopped: 0.0015037 seconds, Stopping threads took: 0.0005911 seconds
[2023-10-19T20:56:34.472+0000][1069.000s][debug][safepoint     ] Safepoint synchronization initiated. (177 threads)
[2023-10-19T20:56:34.473+0000][1069.000s][info ][safepoint     ] Application time: 1.0006720 seconds
[2023-10-19T20:56:34.473+0000][1069.001s][info ][safepoint     ] Entering safepoint region: Cleanup
[2023-10-19T20:56:34.474+0000][1069.001s][info ][safepoint     ] Leaving safepoint region
[2023-10-19T20:56:34.474+0000][1069.002s][info ][safepoint     ] Total time for which application threads were stopped: 0.0010875 seconds, Stopping threads took: 0.0004965 seconds
[2023-10-19T20:56:35.475+0000][1070.002s][debug][safepoint     ] Safepoint synchronization initiated. (177 threads)
[2023-10-19T20:56:35.475+0000][1070.003s][info ][safepoint     ] Application time: 1.0006197 seconds
[2023-10-19T20:56:35.476+0000][1070.003s][info ][safepoint     ] Entering safepoint region: Cleanup
[2023-10-19T20:56:35.476+0000][1070.004s][info ][safepoint     ] Leaving safepoint region
[2023-10-19T20:56:35.477+0000][1070.004s][info ][safepoint     ] Total time for which application threads were stopped: 0.0009402 seconds, Stopping threads took: 0.0003911 seconds
[2023-10-19T20:56:36.477+0000][1071.005s][debug][safepoint     ] Safepoint synchronization initiated. (177 threads)
[2023-10-19T20:56:36.478+0000][1071.005s][info ][safepoint     ] Application time: 1.0007635 seconds
[2023-10-19T20:56:36.478+0000][1071.006s][info ][safepoint     ] Entering safepoint region: Cleanup
[2023-10-19T20:56:36.479+0000][1071.006s][info ][safepoint     ] Leaving safepoint region
[2023-10-19T20:56:36.479+0000][1071.007s][info ][safepoint     ] Total time for which application threads were stopped: 0.0010668 seconds, Stopping threads took: 0.0004450 seconds
[2023-10-19T20:56:37.480+0000][1072.007s][debug][safepoint     ] Safepoint synchronization initiated. (177 threads)
[2023-10-19T20:56:37.481+0000][1072.008s][info ][safepoint     ] Application time: 1.0006983 seconds
[2023-10-19T20:56:37.481+0000][1072.009s][info ][safepoint     ] Entering safepoint region: Cleanup
[2023-10-19T20:56:37.482+0000][1072.009s][info ][safepoint     ] Leaving safepoint region
[2023-10-19T20:56:37.483+0000][1072.010s][info ][safepoint     ] Total time for which application threads were stopped: 0.0013866 seconds, Stopping threads took: 0.0006467 seconds
[2023-10-19T20:56:38.483+0000][1073.011s][debug][safepoint     ] Safepoint synchronization initiated. (177 threads)
[2023-10-19T20:56:38.484+0000][1073.011s][info ][safepoint     ] Application time: 1.0008044 seconds
[2023-10-19T20:56:38.485+0000][1073.012s][info ][safepoint     ] Entering safepoint region: Cleanup
[2023-10-19T20:56:38.485+0000][1073.012s][info ][safepoint     ] Leaving safepoint region
[2023-10-19T20:56:38.486+0000][1073.013s][info ][safepoint     ] Total time for which application threads were stopped: 0.0012821 seconds, Stopping threads took: 0.0005413 seconds
[2023-10-19T20:56:39.486+0000][1074.014s][debug][safepoint     ] Safepoint synchronization initiated. (177 threads)
[2023-10-19T20:56:39.487+0000][1074.014s][info ][safepoint     ] Application time: 1.0007355 seconds
[2023-10-19T20:56:39.487+0000][1074.015s][info ][safepoint     ] Entering safepoint region: Cleanup
[2023-10-19T20:56:39.488+0000][1074.015s][info ][safepoint     ] Leaving safepoint region
[2023-10-19T20:56:39.489+0000][1074.016s][info ][safepoint     ] Total time for which application threads were stopped: 0.0012645 seconds, Stopping threads took: 0.0005908 seconds
[2023-10-19T20:56:40.489+0000][1075.017s][debug][safepoint     ] Safepoint synchronization initiated. (177 threads)
[2023-10-19T20:56:40.490+0000][1075.017s][info ][safepoint     ] Application time: 1.0006482 seconds
[2023-10-19T20:56:40.490+0000][1075.017s][info ][safepoint     ] Entering safepoint region: Cleanup
[2023-10-19T20:56:40.491+0000][1075.018s][info ][safepoint     ] Leaving safepoint region
[2023-10-19T20:56:40.491+0000][1075.018s][info ][safepoint     ] Total time for which application threads were stopped: 0.0009498 seconds, Stopping threads took: 0.0003888 seconds
[2023-10-19T20:56:41.492+0000][1076.019s][debug][safepoint     ] Safepoint synchronization initiated. (177 threads)
[2023-10-19T20:56:41.492+0000][1076.019s][info ][safepoint     ] Application time: 1.0008022 seconds
[2023-10-19T20:56:41.493+0000][1076.020s][info ][safepoint     ] Entering safepoint region: Cleanup
[2023-10-19T20:56:41.493+0000][1076.021s][info ][safepoint     ] Leaving safepoint region
[2023-10-19T20:56:41.494+0000][1076.021s][info ][safepoint     ] Total time for which application threads were stopped: 0.0011116 seconds, Stopping threads took: 0.0005342 seconds
[2023-10-19T20:56:42.494+0000][1077.022s][debug][safepoint     ] Safepoint synchronization initiated. (177 threads)
[2023-10-19T20:56:42.495+0000][1077.022s][info ][safepoint     ] Application time: 1.0008778 seconds
[2023-10-19T20:56:42.496+0000][1077.023s][info ][safepoint     ] Entering safepoint region: Cleanup
[2023-10-19T20:56:42.497+0000][1077.024s][info ][safepoint     ] Leaving safepoint region
[2023-10-19T20:56:42.497+0000][1077.024s][info ][safepoint     ] Total time for which application threads were stopped: 0.0015449 seconds, Stopping threads took: 0.0007922 seconds
[2023-10-19T20:56:43.498+0000][1078.025s][debug][safepoint     ] Safepoint synchronization initiated. (177 threads)
[2023-10-19T20:56:43.503+0000][1078.030s][info ][safepoint     ] Application time: 1.0052243 seconds
[2023-10-19T20:56:43.505+0000][1078.032s][info ][safepoint     ] Entering safepoint region: Cleanup
[2023-10-19T20:56:43.507+0000][1078.035s][info ][safepoint     ] Leaving safepoint region
[2023-10-19T20:56:43.509+0000][1078.036s][info ][safepoint     ] Total time for which application threads were stopped: 0.0040035 seconds, Stopping threads took: 0.0021668 seconds
[2023-10-19T20:56:44.512+0000][1079.039s][debug][safepoint     ] Safepoint synchronization initiated. (177 threads)
[2023-10-19T20:56:44.513+0000][1079.041s][info ][safepoint     ] Application time: 1.0017487 seconds
[2023-10-19T20:56:44.514+0000][1079.041s][info ][safepoint     ] Entering safepoint region: Cleanup
[2023-10-19T20:56:44.515+0000][1079.042s][info ][safepoint     ] Leaving safepoint region
[2023-10-19T20:56:44.515+0000][1079.042s][info ][safepoint     ] Total time for which application threads were stopped: 0.0012017 seconds, Stopping threads took: 0.0004940 seconds
[2023-10-19T20:56:45.515+0000][1080.043s][debug][safepoint     ] Safepoint synchronization initiated. (177 threads)
[2023-10-19T20:56:45.521+0000][1080.049s][info ][safepoint     ] Application time: 1.0061547 seconds
[2023-10-19T20:56:45.523+0000][1080.051s][info ][safepoint     ] Entering safepoint region: Cleanup
[2023-10-19T20:56:45.532+0000][1080.060s][info ][safepoint     ] Leaving safepoint region
[2023-10-19T20:56:45.533+0000][1080.060s][info ][safepoint     ] Total time for which application threads were stopped: 0.0097025 seconds, Stopping threads took: 0.0087388 seconds
[2023-10-19T20:56:46.537+0000][1081.064s][debug][safepoint     ] Safepoint synchronization initiated. (177 threads)
[2023-10-19T20:56:46.537+0000][1081.065s][info ][safepoint     ] Application time: 1.0006792 seconds
[2023-10-19T20:56:46.538+0000][1081.065s][info ][safepoint     ] Entering safepoint region: Cleanup
[2023-10-19T20:56:46.538+0000][1081.066s][info ][safepoint     ] Leaving safepoint region
[2023-10-19T20:56:46.539+0000][1081.066s][info ][safepoint     ] Total time for which application threads were stopped: 0.0011424 seconds, Stopping threads took: 0.0004202 seconds
[2023-10-19T20:56:47.539+0000][1082.067s][debug][safepoint     ] Safepoint synchronization initiated. (177 threads)
[2023-10-19T20:56:47.540+0000][1082.067s][info ][safepoint     ] Application time: 1.0006254 seconds
[2023-10-19T20:56:47.540+0000][1082.068s][info ][safepoint     ] Entering safepoint region: Cleanup
[2023-10-19T20:56:47.541+0000][1082.068s][info ][safepoint     ] Leaving safepoint region
[2023-10-19T20:56:47.541+0000][1082.069s][info ][safepoint     ] Total time for which application threads were stopped: 0.0010263 seconds, Stopping threads took: 0.0004715 seconds
[2023-10-19T20:56:48.542+0000][1083.069s][debug][safepoint     ] Safepoint synchronization initiated. (177 threads)
[2023-10-19T20:56:48.542+0000][1083.070s][info ][safepoint     ] Application time: 1.0009210 seconds
[2023-10-19T20:56:48.543+0000][1083.070s][info ][safepoint     ] Entering safepoint region: Cleanup
[2023-10-19T20:56:48.544+0000][1083.071s][info ][safepoint     ] Leaving safepoint region
[2023-10-19T20:56:48.544+0000][1083.072s][info ][safepoint     ] Total time for which application threads were stopped: 0.0012198 seconds, Stopping threads took: 0.0005573 seconds
[2023-10-19T20:56:49.545+0000][1084.072s][debug][safepoint     ] Safepoint synchronization initiated. (177 threads)
[2023-10-19T20:56:49.545+0000][1084.073s][info ][safepoint     ] Application time: 1.0005820 seconds
[2023-10-19T20:56:49.546+0000][1084.073s][info ][safepoint     ] Entering safepoint region: Cleanup
[2023-10-19T20:56:49.547+0000][1084.074s][info ][safepoint     ] Leaving safepoint region
[2023-10-19T20:56:49.547+0000][1084.075s][info ][safepoint     ] Total time for which application threads were stopped: 0.0014481 seconds, Stopping threads took: 0.0006471 seconds
[2023-10-19T20:56:50.548+0000][1085.076s][debug][safepoint     ] Safepoint synchronization initiated. (177 threads)
[2023-10-19T20:56:50.549+0000][1085.076s][info ][safepoint     ] Application time: 1.0006992 seconds
[2023-10-19T20:56:50.549+0000][1085.077s][info ][safepoint     ] Entering safepoint region: Cleanup
[2023-10-19T20:56:50.550+0000][1085.077s][info ][safepoint     ] Leaving safepoint region
[2023-10-19T20:56:50.550+0000][1085.078s][info ][safepoint     ] Total time for which application threads were stopped: 0.0011460 seconds, Stopping threads took: 0.0004754 seconds
[2023-10-19T20:56:51.551+0000][1086.078s][debug][safepoint     ] Safepoint synchronization initiated. (177 threads)
[2023-10-19T20:56:51.552+0000][1086.079s][info ][safepoint     ] Application time: 1.0007226 seconds
[2023-10-19T20:56:51.552+0000][1086.079s][info ][safepoint     ] Entering safepoint region: Cleanup
[2023-10-19T20:56:51.553+0000][1086.080s][info ][safepoint     ] Leaving safepoint region
[2023-10-19T20:56:51.553+0000][1086.081s][info ][safepoint     ] Total time for which application threads were stopped: 0.0012874 seconds, Stopping threads took: 0.0005640 seconds
[2023-10-19T20:56:52.554+0000][1087.081s][debug][safepoint     ] Safepoint synchronization initiated. (176 threads)
[2023-10-19T20:56:52.554+0000][1087.082s][info ][safepoint     ] Application time: 1.0005876 seconds
[2023-10-19T20:56:52.555+0000][1087.082s][info ][safepoint     ] Entering safepoint region: Cleanup
[2023-10-19T20:56:52.555+0000][1087.083s][info ][safepoint     ] Leaving safepoint region
[2023-10-19T20:56:52.556+0000][1087.083s][info ][safepoint     ] Total time for which application threads were stopped: 0.0010093 seconds, Stopping threads took: 0.0004248 seconds
[2023-10-19T20:56:53.557+0000][1088.084s][debug][safepoint     ] Safepoint synchronization initiated. (176 threads)
[2023-10-19T20:56:53.558+0000][1088.084s][info ][safepoint     ] Application time: 1.0008534 seconds
[2023-10-19T20:56:53.558+0000][1088.085s][info ][safepoint     ] Entering safepoint region: Cleanup
[2023-10-19T20:56:53.559+0000][1088.086s][info ][safepoint     ] Leaving safepoint region
[2023-10-19T20:56:53.559+0000][1088.086s][info ][safepoint     ] Total time for which application threads were stopped: 0.0011889 seconds, Stopping threads took: 0.0004991 seconds
[2023-10-19T20:56:54.560+0000][1089.087s][debug][safepoint     ] Safepoint synchronization initiated. (176 threads)
[2023-10-19T20:56:54.561+0000][1089.088s][info ][safepoint     ] Application time: 1.0009191 seconds
[2023-10-19T20:56:54.561+0000][1089.088s][info ][safepoint     ] Entering safepoint region: Cleanup
[2023-10-19T20:56:54.562+0000][1089.089s][info ][safepoint     ] Leaving safepoint region
[2023-10-19T20:56:54.562+0000][1089.089s][info ][safepoint     ] Total time for which application threads were stopped: 0.0012365 seconds, Stopping threads took: 0.0005334 seconds
[2023-10-19T20:56:55.563+0000][1090.090s][debug][safepoint     ] Safepoint synchronization initiated. (177 threads)
[2023-10-19T20:56:55.564+0000][1090.091s][info ][safepoint     ] Application time: 1.0009027 seconds
[2023-10-19T20:56:55.565+0000][1090.091s][info ][safepoint     ] Entering safepoint region: Cleanup
[2023-10-19T20:56:55.565+0000][1090.092s][info ][safepoint     ] Leaving safepoint region
[2023-10-19T20:56:55.566+0000][1090.093s][info ][safepoint     ] Total time for which application threads were stopped: 0.0012309 seconds, Stopping threads took: 0.0005081 seconds
[2023-10-19T20:56:56.566+0000][1091.093s][debug][safepoint     ] Safepoint synchronization initiated. (177 threads)
[2023-10-19T20:56:56.567+0000][1091.093s][info ][safepoint     ] Application time: 1.0005255 seconds
[2023-10-19T20:56:56.567+0000][1091.094s][info ][safepoint     ] Entering safepoint region: Cleanup
[2023-10-19T20:56:56.568+0000][1091.095s][info ][safepoint     ] Leaving safepoint region
[2023-10-19T20:56:56.568+0000][1091.095s][info ][safepoint     ] Total time for which application threads were stopped: 0.0009613 seconds, Stopping threads took: 0.0004284 seconds
[2023-10-19T20:56:57.568+0000][1092.095s][debug][safepoint     ] Safepoint synchronization initiated. (177 threads)
[2023-10-19T20:56:57.569+0000][1092.096s][info ][safepoint     ] Application time: 1.0006101 seconds
[2023-10-19T20:56:57.569+0000][1092.096s][info ][safepoint     ] Entering safepoint region: Cleanup
[2023-10-19T20:56:57.570+0000][1092.097s][info ][safepoint     ] Leaving safepoint region
[2023-10-19T20:56:57.570+0000][1092.097s][info ][safepoint     ] Total time for which application threads were stopped: 0.0009721 seconds, Stopping threads took: 0.0003848 seconds
[2023-10-19T20:56:58.571+0000][1093.098s][debug][safepoint     ] Safepoint synchronization initiated. (177 threads)
[2023-10-19T20:56:58.571+0000][1093.098s][info ][safepoint     ] Application time: 1.0005856 seconds
[2023-10-19T20:56:58.572+0000][1093.099s][info ][safepoint     ] Entering safepoint region: Cleanup
[2023-10-19T20:56:58.573+0000][1093.099s][info ][safepoint     ] Leaving safepoint region
[2023-10-19T20:56:58.573+0000][1093.100s][info ][safepoint     ] Total time for which application threads were stopped: 0.0010626 seconds, Stopping threads took: 0.0004878 seconds
[2023-10-19T20:56:59.573+0000][1094.100s][debug][safepoint     ] Safepoint synchronization initiated. (177 threads)
[2023-10-19T20:56:59.574+0000][1094.101s][info ][safepoint     ] Application time: 1.0007090 seconds
[2023-10-19T20:56:59.575+0000][1094.102s][debug][safepoint     ] ... found polling page return exception at pc = 0x00007fbdb0c8ae7f, stub =0x00007fbda8840600
[2023-10-19T20:56:59.576+0000][1094.103s][debug][safepoint     ] Waiting for 1 thread(s) to block
[2023-10-19T20:56:59.576+0000][1094.103s][info ][safepoint     ] Entering safepoint region: Cleanup
[2023-10-19T20:56:59.577+0000][1094.104s][info ][safepoint     ] Leaving safepoint region
[2023-10-19T20:56:59.578+0000][1094.105s][info ][safepoint     ] Total time for which application threads were stopped: 0.0030458 seconds, Stopping threads took: 0.0022304 seconds
[2023-10-19T20:57:00.579+0000][1095.106s][debug][safepoint     ] Safepoint synchronization initiated. (177 threads)
[2023-10-19T20:57:00.579+0000][1095.106s][info ][safepoint     ] Application time: 1.0010533 seconds
[2023-10-19T20:57:00.580+0000][1095.107s][info ][safepoint     ] Entering safepoint region: Cleanup
[2023-10-19T20:57:00.581+0000][1095.108s][info ][safepoint     ] Leaving safepoint region
[2023-10-19T20:57:00.582+0000][1095.109s][info ][safepoint     ] Total time for which application threads were stopped: 0.0016447 seconds, Stopping threads took: 0.0007094 seconds
[2023-10-19T20:57:01.583+0000][1096.109s][debug][safepoint     ] Safepoint synchronization initiated. (177 threads)
[2023-10-19T20:57:01.583+0000][1096.110s][info ][safepoint     ] Application time: 1.0009225 seconds
[2023-10-19T20:57:01.584+0000][1096.111s][info ][safepoint     ] Entering safepoint region: Cleanup
[2023-10-19T20:57:01.584+0000][1096.111s][info ][safepoint     ] Leaving safepoint region
[2023-10-19T20:57:01.585+0000][1096.112s][info ][safepoint     ] Total time for which application threads were stopped: 0.0011513 seconds, Stopping threads took: 0.0004246 seconds
[2023-10-19T20:57:02.585+0000][1097.112s][debug][safepoint     ] Safepoint synchronization initiated. (177 threads)
[2023-10-19T20:57:02.586+0000][1097.113s][info ][safepoint     ] Application time: 1.0005544 seconds
[2023-10-19T20:57:02.587+0000][1097.113s][info ][safepoint     ] Entering safepoint region: Cleanup
[2023-10-19T20:57:02.587+0000][1097.114s][info ][safepoint     ] Leaving safepoint region
[2023-10-19T20:57:02.587+0000][1097.114s][info ][safepoint     ] Total time for which application threads were stopped: 0.0010076 seconds, Stopping threads took: 0.0004199 seconds
[2023-10-19T20:57:03.588+0000][1098.115s][debug][safepoint     ] Safepoint synchronization initiated. (177 threads)
[2023-10-19T20:57:03.588+0000][1098.115s][info ][safepoint     ] Application time: 1.0006625 seconds
[2023-10-19T20:57:03.589+0000][1098.116s][info ][safepoint     ] Entering safepoint region: Cleanup
[2023-10-19T20:57:03.590+0000][1098.117s][info ][safepoint     ] Leaving safepoint region
[2023-10-19T20:57:03.590+0000][1098.117s][info ][safepoint     ] Total time for which application threads were stopped: 0.0011788 seconds, Stopping threads took: 0.0006354 seconds
[2023-10-19T20:57:03.590+0000][1098.117s][debug][safepoint     ] ... found polling page return exception at pc = 0x00007fbdb0cb92c4, stub =0x00007fbda8840600
[2023-10-19T20:57:04.591+0000][1099.118s][debug][safepoint     ] Safepoint synchronization initiated. (177 threads)
[2023-10-19T20:57:04.593+0000][1099.119s][info ][safepoint     ] Application time: 1.0019166 seconds
[2023-10-19T20:57:04.593+0000][1099.120s][info ][safepoint     ] Entering safepoint region: Cleanup
[2023-10-19T20:57:04.594+0000][1099.121s][info ][safepoint     ] Leaving safepoint region
[2023-10-19T20:57:04.594+0000][1099.121s][info ][safepoint     ] Total time for which application threads were stopped: 0.0012229 seconds, Stopping threads took: 0.0004727 seconds
[2023-10-19T20:57:05.595+0000][1100.122s][debug][safepoint     ] Safepoint synchronization initiated. (177 threads)
[2023-10-19T20:57:05.595+0000][1100.122s][info ][safepoint     ] Application time: 1.0006686 seconds
[2023-10-19T20:57:05.596+0000][1100.123s][info ][safepoint     ] Entering safepoint region: Cleanup
[2023-10-19T20:57:05.597+0000][1100.123s][info ][safepoint     ] Leaving safepoint region
[2023-10-19T20:57:05.597+0000][1100.124s][info ][safepoint     ] Total time for which application threads were stopped: 0.0012320 seconds, Stopping threads took: 0.0004987 seconds
[2023-10-19T20:57:06.598+0000][1101.125s][debug][safepoint     ] Safepoint synchronization initiated. (177 threads)
[2023-10-19T20:57:06.599+0000][1101.126s][info ][safepoint     ] Application time: 1.0014429 seconds
[2023-10-19T20:57:06.600+0000][1101.127s][info ][safepoint     ] Entering safepoint region: Cleanup
[2023-10-19T20:57:06.601+0000][1101.128s][info ][safepoint     ] Leaving safepoint region
[2023-10-19T20:57:06.602+0000][1101.129s][info ][safepoint     ] Total time for which application threads were stopped: 0.0022152 seconds, Stopping threads took: 0.0009894 seconds
[2023-10-19T20:57:07.603+0000][1102.130s][debug][safepoint     ] Safepoint synchronization initiated. (177 threads)
[2023-10-19T20:57:07.604+0000][1102.131s][info ][safepoint     ] Application time: 1.0014393 seconds
[2023-10-19T20:57:07.605+0000][1102.132s][info ][safepoint     ] Entering safepoint region: Cleanup
[2023-10-19T20:57:07.607+0000][1102.133s][info ][safepoint     ] Leaving safepoint region
[2023-10-19T20:57:07.607+0000][1102.134s][info ][safepoint     ] Total time for which application threads were stopped: 0.0020579 seconds, Stopping threads took: 0.0008283 seconds
[2023-10-19T20:57:08.608+0000][1103.135s][debug][safepoint     ] Safepoint synchronization initiated. (177 threads)
[2023-10-19T20:57:08.609+0000][1103.136s][info ][safepoint     ] Application time: 1.0011441 seconds
[2023-10-19T20:57:08.610+0000][1103.137s][info ][safepoint     ] Entering safepoint region: Cleanup
[2023-10-19T20:57:08.611+0000][1103.138s][info ][safepoint     ] Leaving safepoint region
[2023-10-19T20:57:08.612+0000][1103.139s][info ][safepoint     ] Total time for which application threads were stopped: 0.0020851 seconds, Stopping threads took: 0.0008541 seconds
[2023-10-19T20:57:09.613+0000][1104.140s][debug][safepoint     ] Safepoint synchronization initiated. (177 threads)
[2023-10-19T20:57:09.614+0000][1104.141s][info ][safepoint     ] Application time: 1.0012743 seconds
[2023-10-19T20:57:09.615+0000][1104.142s][info ][safepoint     ] Entering safepoint region: Cleanup
[2023-10-19T20:57:09.617+0000][1104.144s][info ][safepoint     ] Leaving safepoint region
[2023-10-19T20:57:09.617+0000][1104.144s][info ][safepoint     ] Total time for which application threads were stopped: 0.0019528 seconds, Stopping threads took: 0.0010072 seconds
[2023-10-19T20:57:10.618+0000][1105.145s][debug][safepoint     ] Safepoint synchronization initiated. (177 threads)
[2023-10-19T20:57:10.619+0000][1105.146s][info ][safepoint     ] Application time: 1.0012017 seconds
[2023-10-19T20:57:10.620+0000][1105.147s][info ][safepoint     ] Entering safepoint region: Cleanup
[2023-10-19T20:57:10.621+0000][1105.148s][info ][safepoint     ] Leaving safepoint region
[2023-10-19T20:57:10.621+0000][1105.148s][info ][safepoint     ] Total time for which application threads were stopped: 0.0018735 seconds, Stopping threads took: 0.0008089 seconds
[2023-10-19T20:57:11.622+0000][1106.149s][debug][safepoint     ] Safepoint synchronization initiated. (177 threads)
[2023-10-19T20:57:11.623+0000][1106.150s][info ][safepoint     ] Application time: 1.0014200 seconds
[2023-10-19T20:57:11.624+0000][1106.151s][info ][safepoint     ] Entering safepoint region: Cleanup
[2023-10-19T20:57:11.626+0000][1106.153s][info ][safepoint     ] Leaving safepoint region
[2023-10-19T20:57:11.627+0000][1106.154s][info ][safepoint     ] Total time for which application threads were stopped: 0.0024204 seconds, Stopping threads took: 0.0009179 seconds
[2023-10-19T20:57:12.628+0000][1107.155s][debug][safepoint     ] Safepoint synchronization initiated. (177 threads)
[2023-10-19T20:57:12.629+0000][1107.156s][info ][safepoint     ] Application time: 1.0008587 seconds
[2023-10-19T20:57:12.629+0000][1107.156s][info ][safepoint     ] Entering safepoint region: Cleanup
[2023-10-19T20:57:12.630+0000][1107.157s][info ][safepoint     ] Leaving safepoint region
[2023-10-19T20:57:12.631+0000][1107.158s][info ][safepoint     ] Total time for which application threads were stopped: 0.0016404 seconds, Stopping threads took: 0.0007392 seconds
[2023-10-19T20:57:13.632+0000][1108.159s][debug][safepoint     ] Safepoint synchronization initiated. (177 threads)
[2023-10-19T20:57:13.633+0000][1108.160s][info ][safepoint     ] Application time: 1.0013779 seconds
[2023-10-19T20:57:13.634+0000][1108.161s][info ][safepoint     ] Entering safepoint region: Cleanup
[2023-10-19T20:57:13.636+0000][1108.162s][info ][safepoint     ] Leaving safepoint region
[2023-10-19T20:57:13.636+0000][1108.163s][info ][safepoint     ] Total time for which application threads were stopped: 0.0023213 seconds, Stopping threads took: 0.0009993 seconds
[2023-10-19T20:57:14.638+0000][1109.164s][debug][safepoint     ] Safepoint synchronization initiated. (177 threads)
[2023-10-19T20:57:14.638+0000][1109.165s][info ][safepoint     ] Application time: 1.0006475 seconds
[2023-10-19T20:57:14.638+0000][1109.165s][info ][safepoint     ] Entering safepoint region: Cleanup
[2023-10-19T20:57:14.639+0000][1109.166s][info ][safepoint     ] Leaving safepoint region
[2023-10-19T20:57:14.639+0000][1109.166s][info ][safepoint     ] Total time for which application threads were stopped: 0.0010318 seconds, Stopping threads took: 0.0004337 seconds
[2023-10-19T20:57:15.640+0000][1110.167s][debug][safepoint     ] Safepoint synchronization initiated. (177 threads)
[2023-10-19T20:57:15.641+0000][1110.168s][info ][safepoint     ] Application time: 1.0013609 seconds
[2023-10-19T20:57:15.642+0000][1110.169s][info ][safepoint     ] Entering safepoint region: Cleanup
[2023-10-19T20:57:15.643+0000][1110.170s][info ][safepoint     ] Leaving safepoint region
[2023-10-19T20:57:15.644+0000][1110.171s][info ][safepoint     ] Total time for which application threads were stopped: 0.0021251 seconds, Stopping threads took: 0.0009154 seconds
[2023-10-19T20:57:16.645+0000][1111.172s][debug][safepoint     ] Safepoint synchronization initiated. (177 threads)
[2023-10-19T20:57:16.646+0000][1111.173s][info ][safepoint     ] Application time: 1.0008349 seconds
[2023-10-19T20:57:16.646+0000][1111.173s][info ][safepoint     ] Entering safepoint region: Cleanup
[2023-10-19T20:57:16.647+0000][1111.174s][info ][safepoint     ] Leaving safepoint region
[2023-10-19T20:57:16.648+0000][1111.175s][info ][safepoint     ] Total time for which application threads were stopped: 0.0017314 seconds, Stopping threads took: 0.0007958 seconds
[2023-10-19T20:57:17.649+0000][1112.176s][debug][safepoint     ] Safepoint synchronization initiated. (177 threads)
[2023-10-19T20:57:17.650+0000][1112.176s][info ][safepoint     ] Application time: 1.0006657 seconds
[2023-10-19T20:57:17.650+0000][1112.177s][info ][safepoint     ] Entering safepoint region: Cleanup
[2023-10-19T20:57:17.651+0000][1112.178s][info ][safepoint     ] Leaving safepoint region
[2023-10-19T20:57:17.651+0000][1112.178s][info ][safepoint     ] Total time for which application threads were stopped: 0.0012976 seconds, Stopping threads took: 0.0007385 seconds
[2023-10-19T20:57:18.652+0000][1113.179s][debug][safepoint     ] Safepoint synchronization initiated. (177 threads)
[2023-10-19T20:57:18.653+0000][1113.180s][info ][safepoint     ] Application time: 1.0010781 seconds
[2023-10-19T20:57:18.654+0000][1113.181s][info ][safepoint     ] Entering safepoint region: Cleanup
[2023-10-19T20:57:18.655+0000][1113.181s][info ][safepoint     ] Leaving safepoint region
[2023-10-19T20:57:18.655+0000][1113.182s][info ][safepoint     ] Total time for which application threads were stopped: 0.0015650 seconds, Stopping threads took: 0.0006773 seconds
[2023-10-19T20:57:19.656+0000][1114.183s][debug][safepoint     ] Safepoint synchronization initiated. (177 threads)
[2023-10-19T20:57:19.657+0000][1114.184s][info ][safepoint     ] Application time: 1.0013434 seconds
[2023-10-19T20:57:19.658+0000][1114.185s][info ][safepoint     ] Entering safepoint region: Cleanup
[2023-10-19T20:57:19.659+0000][1114.186s][info ][safepoint     ] Leaving safepoint region
[2023-10-19T20:57:19.660+0000][1114.187s][info ][safepoint     ] Total time for which application threads were stopped: 0.0019572 seconds, Stopping threads took: 0.0008790 seconds
[2023-10-19T20:57:20.661+0000][1115.188s][debug][safepoint     ] Safepoint synchronization initiated. (177 threads)
[2023-10-19T20:57:20.662+0000][1115.189s][info ][safepoint     ] Application time: 1.0009496 seconds
[2023-10-19T20:57:20.662+0000][1115.189s][info ][safepoint     ] Entering safepoint region: Cleanup
[2023-10-19T20:57:20.663+0000][1115.190s][info ][safepoint     ] Leaving safepoint region
[2023-10-19T20:57:20.664+0000][1115.190s][info ][safepoint     ] Total time for which application threads were stopped: 0.0012487 seconds, Stopping threads took: 0.0006239 seconds
[2023-10-19T20:57:21.664+0000][1116.191s][debug][safepoint     ] Safepoint synchronization initiated. (177 threads)
[2023-10-19T20:57:21.665+0000][1116.192s][info ][safepoint     ] Application time: 1.0011230 seconds
[2023-10-19T20:57:21.666+0000][1116.193s][info ][safepoint     ] Entering safepoint region: Cleanup
[2023-10-19T20:57:21.667+0000][1116.194s][info ][safepoint     ] Leaving safepoint region
[2023-10-19T20:57:21.668+0000][1116.195s][info ][safepoint     ] Total time for which application threads were stopped: 0.0023009 seconds, Stopping threads took: 0.0009752 seconds
[2023-10-19T20:57:22.669+0000][1117.196s][debug][safepoint     ] Safepoint synchronization initiated. (177 threads)
[2023-10-19T20:57:22.670+0000][1117.197s][info ][safepoint     ] Application time: 1.0008588 seconds
[2023-10-19T20:57:22.670+0000][1117.197s][info ][safepoint     ] Entering safepoint region: Cleanup
[2023-10-19T20:57:22.671+0000][1117.198s][info ][safepoint     ] Leaving safepoint region
[2023-10-19T20:57:22.671+0000][1117.198s][info ][safepoint     ] Total time for which application threads were stopped: 0.0009039 seconds, Stopping threads took: 0.0003589 seconds
[2023-10-19T20:57:23.672+0000][1118.199s][debug][safepoint     ] Safepoint synchronization initiated. (177 threads)
[2023-10-19T20:57:23.673+0000][1118.200s][info ][safepoint     ] Application time: 1.0013715 seconds
[2023-10-19T20:57:23.674+0000][1118.201s][info ][safepoint     ] Entering safepoint region: Cleanup
[2023-10-19T20:57:23.676+0000][1118.202s][info ][safepoint     ] Leaving safepoint region
[2023-10-19T20:57:23.677+0000][1118.203s][info ][safepoint     ] Total time for which application threads were stopped: 0.0025067 seconds, Stopping threads took: 0.0011145 seconds
[2023-10-19T20:57:24.678+0000][1119.204s][debug][safepoint     ] Safepoint synchronization initiated. (177 threads)
[2023-10-19T20:57:24.679+0000][1119.206s][info ][safepoint     ] Application time: 1.0014876 seconds
[2023-10-19T20:57:24.680+0000][1119.207s][info ][safepoint     ] Entering safepoint region: Cleanup
[2023-10-19T20:57:24.681+0000][1119.208s][info ][safepoint     ] Leaving safepoint region
[2023-10-19T20:57:24.682+0000][1119.209s][info ][safepoint     ] Total time for which application threads were stopped: 0.0020381 seconds, Stopping threads took: 0.0010624 seconds
[2023-10-19T20:57:25.683+0000][1120.209s][debug][safepoint     ] Safepoint synchronization initiated. (177 threads)
[2023-10-19T20:57:25.684+0000][1120.211s][info ][safepoint     ] Application time: 1.0013433 seconds
[2023-10-19T20:57:25.685+0000][1120.212s][info ][safepoint     ] Entering safepoint region: Cleanup
[2023-10-19T20:57:25.686+0000][1120.213s][info ][safepoint     ] Leaving safepoint region
[2023-10-19T20:57:25.687+0000][1120.214s][info ][safepoint     ] Total time for which application threads were stopped: 0.0020660 seconds, Stopping threads took: 0.0009141 seconds
[2023-10-19T20:57:26.688+0000][1121.215s][debug][safepoint     ] Safepoint synchronization initiated. (177 threads)
[2023-10-19T20:57:26.689+0000][1121.216s][info ][safepoint     ] Application time: 1.0014285 seconds
[2023-10-19T20:57:26.690+0000][1121.217s][info ][safepoint     ] Entering safepoint region: Cleanup
[2023-10-19T20:57:26.692+0000][1121.218s][info ][safepoint     ] Leaving safepoint region
[2023-10-19T20:57:26.693+0000][1121.219s][info ][safepoint     ] Total time for which application threads were stopped: 0.0022560 seconds, Stopping threads took: 0.0010078 seconds
[2023-10-19T20:57:27.693+0000][1122.220s][debug][safepoint     ] Safepoint synchronization initiated. (177 threads)
[2023-10-19T20:57:27.694+0000][1122.220s][info ][safepoint     ] Application time: 1.0005393 seconds
[2023-10-19T20:57:27.694+0000][1122.221s][info ][safepoint     ] Entering safepoint region: Cleanup
[2023-10-19T20:57:27.695+0000][1122.221s][info ][safepoint     ] Leaving safepoint region
[2023-10-19T20:57:27.695+0000][1122.222s][info ][safepoint     ] Total time for which application threads were stopped: 0.0008420 seconds, Stopping threads took: 0.0003559 seconds
[2023-10-19T20:57:28.696+0000][1123.222s][debug][safepoint     ] Safepoint synchronization initiated. (177 threads)
[2023-10-19T20:57:28.696+0000][1123.223s][info ][safepoint     ] Application time: 1.0009196 seconds
[2023-10-19T20:57:28.697+0000][1123.223s][info ][safepoint     ] Entering safepoint region: Cleanup
[2023-10-19T20:57:28.698+0000][1123.224s][info ][safepoint     ] Leaving safepoint region
[2023-10-19T20:57:28.698+0000][1123.225s][info ][safepoint     ] Total time for which application threads were stopped: 0.0012372 seconds, Stopping threads took: 0.0005047 seconds
[2023-10-19T20:57:29.699+0000][1124.225s][debug][safepoint     ] Safepoint synchronization initiated. (177 threads)
[2023-10-19T20:57:29.700+0000][1124.227s][info ][safepoint     ] Application time: 1.0016224 seconds
[2023-10-19T20:57:29.701+0000][1124.228s][info ][safepoint     ] Entering safepoint region: Cleanup
[2023-10-19T20:57:29.703+0000][1124.229s][info ][safepoint     ] Leaving safepoint region
[2023-10-19T20:57:29.704+0000][1124.230s][info ][safepoint     ] Total time for which application threads were stopped: 0.0026642 seconds, Stopping threads took: 0.0011119 seconds
[2023-10-19T20:57:30.705+0000][1125.231s][debug][safepoint     ] Safepoint synchronization initiated. (177 threads)
[2023-10-19T20:57:30.705+0000][1125.232s][info ][safepoint     ] Application time: 1.0006935 seconds
[2023-10-19T20:57:30.706+0000][1125.233s][info ][safepoint     ] Entering safepoint region: Cleanup
[2023-10-19T20:57:30.707+0000][1125.233s][info ][safepoint     ] Leaving safepoint region
[2023-10-19T20:57:30.707+0000][1125.234s][info ][safepoint     ] Total time for which application threads were stopped: 0.0010394 seconds, Stopping threads took: 0.0005326 seconds
[2023-10-19T20:57:31.708+0000][1126.235s][debug][safepoint     ] Safepoint synchronization initiated. (177 threads)
[2023-10-19T20:57:31.709+0000][1126.236s][info ][safepoint     ] Application time: 1.0015359 seconds
[2023-10-19T20:57:31.710+0000][1126.237s][info ][safepoint     ] Entering safepoint region: Cleanup
[2023-10-19T20:57:31.712+0000][1126.238s][info ][safepoint     ] Leaving safepoint region
[2023-10-19T20:57:31.713+0000][1126.239s][info ][safepoint     ] Total time for which application threads were stopped: 0.0024843 seconds, Stopping threads took: 0.0011302 seconds
[2023-10-19T20:57:32.714+0000][1127.240s][debug][safepoint     ] Safepoint synchronization initiated. (177 threads)
[2023-10-19T20:57:32.715+0000][1127.241s][info ][safepoint     ] Application time: 1.0011394 seconds
[2023-10-19T20:57:32.715+0000][1127.242s][info ][safepoint     ] Entering safepoint region: Cleanup
[2023-10-19T20:57:32.716+0000][1127.243s][info ][safepoint     ] Leaving safepoint region
[2023-10-19T20:57:32.716+0000][1127.243s][info ][safepoint     ] Total time for which application threads were stopped: 0.0012337 seconds, Stopping threads took: 0.0006137 seconds
[2023-10-19T20:57:33.717+0000][1128.244s][debug][safepoint     ] Safepoint synchronization initiated. (177 threads)
[2023-10-19T20:57:33.718+0000][1128.245s][info ][safepoint     ] Application time: 1.0014347 seconds
[2023-10-19T20:57:33.720+0000][1128.246s][info ][safepoint     ] Entering safepoint region: Cleanup
[2023-10-19T20:57:33.721+0000][1128.248s][info ][safepoint     ] Leaving safepoint region
[2023-10-19T20:57:33.722+0000][1128.249s][info ][safepoint     ] Total time for which application threads were stopped: 0.0024183 seconds, Stopping threads took: 0.0010709 seconds
[2023-10-19T20:57:34.723+0000][1129.250s][debug][safepoint     ] Safepoint synchronization initiated. (177 threads)
[2023-10-19T20:57:34.724+0000][1129.251s][info ][safepoint     ] Application time: 1.0015298 seconds
[2023-10-19T20:57:34.725+0000][1129.252s][info ][safepoint     ] Entering safepoint region: Cleanup
[2023-10-19T20:57:34.727+0000][1129.253s][info ][safepoint     ] Leaving safepoint region
[2023-10-19T20:57:34.728+0000][1129.254s][info ][safepoint     ] Total time for which application threads were stopped: 0.0021700 seconds, Stopping threads took: 0.0009075 seconds
[2023-10-19T20:57:35.729+0000][1130.255s][debug][safepoint     ] Safepoint synchronization initiated. (177 threads)
[2023-10-19T20:57:35.730+0000][1130.256s][info ][safepoint     ] Application time: 1.0015256 seconds
[2023-10-19T20:57:35.731+0000][1130.258s][info ][safepoint     ] Entering safepoint region: Cleanup
[2023-10-19T20:57:35.733+0000][1130.259s][info ][safepoint     ] Leaving safepoint region
[2023-10-19T20:57:35.734+0000][1130.260s][info ][safepoint     ] Total time for which application threads were stopped: 0.0027196 seconds, Stopping threads took: 0.0011392 seconds
[2023-10-19T20:57:36.735+0000][1131.261s][debug][safepoint     ] Safepoint synchronization initiated. (177 threads)
[2023-10-19T20:57:36.736+0000][1131.263s][info ][safepoint     ] Application time: 1.0014620 seconds
[2023-10-19T20:57:36.737+0000][1131.264s][info ][safepoint     ] Entering safepoint region: Cleanup
[2023-10-19T20:57:36.739+0000][1131.265s][info ][safepoint     ] Leaving safepoint region
[2023-10-19T20:57:36.740+0000][1131.266s][info ][safepoint     ] Total time for which application threads were stopped: 0.0026759 seconds, Stopping threads took: 0.0012048 seconds
[2023-10-19T20:57:37.741+0000][1132.267s][debug][safepoint     ] Safepoint synchronization initiated. (177 threads)
[2023-10-19T20:57:37.741+0000][1132.268s][info ][safepoint     ] Application time: 1.0005409 seconds
[2023-10-19T20:57:37.742+0000][1132.268s][info ][safepoint     ] Entering safepoint region: Cleanup
[2023-10-19T20:57:37.742+0000][1132.269s][info ][safepoint     ] Leaving safepoint region
[2023-10-19T20:57:37.743+0000][1132.269s][info ][safepoint     ] Total time for which application threads were stopped: 0.0010623 seconds, Stopping threads took: 0.0003847 seconds
[2023-10-19T20:57:38.743+0000][1133.270s][debug][safepoint     ] Safepoint synchronization initiated. (177 threads)
[2023-10-19T20:57:38.744+0000][1133.271s][info ][safepoint     ] Application time: 1.0014333 seconds
[2023-10-19T20:57:38.746+0000][1133.272s][info ][safepoint     ] Entering safepoint region: Cleanup
[2023-10-19T20:57:38.747+0000][1133.273s][info ][safepoint     ] Leaving safepoint region
[2023-10-19T20:57:38.748+0000][1133.274s][info ][safepoint     ] Total time for which application threads were stopped: 0.0021096 seconds, Stopping threads took: 0.0009572 seconds
[2023-10-19T20:57:39.749+0000][1134.275s][debug][safepoint     ] Safepoint synchronization initiated. (177 threads)
[2023-10-19T20:57:39.750+0000][1134.276s][info ][safepoint     ] Application time: 1.0015109 seconds
[2023-10-19T20:57:39.751+0000][1134.278s][info ][safepoint     ] Entering safepoint region: Cleanup
[2023-10-19T20:57:39.753+0000][1134.279s][info ][safepoint     ] Leaving safepoint region
[2023-10-19T20:57:39.754+0000][1134.280s][info ][safepoint     ] Total time for which application threads were stopped: 0.0026895 seconds, Stopping threads took: 0.0012829 seconds
[2023-10-19T20:57:40.755+0000][1135.281s][debug][safepoint     ] Safepoint synchronization initiated. (177 threads)
[2023-10-19T20:57:40.756+0000][1135.282s][info ][safepoint     ] Application time: 1.0012646 seconds
[2023-10-19T20:57:40.757+0000][1135.284s][info ][safepoint     ] Entering safepoint region: Cleanup
[2023-10-19T20:57:40.758+0000][1135.285s][info ][safepoint     ] Leaving safepoint region
[2023-10-19T20:57:40.759+0000][1135.286s][info ][safepoint     ] Total time for which application threads were stopped: 0.0024578 seconds, Stopping threads took: 0.0010444 seconds
[2023-10-19T20:57:41.761+0000][1136.287s][debug][safepoint     ] Safepoint synchronization initiated. (177 threads)
[2023-10-19T20:57:41.761+0000][1136.288s][info ][safepoint     ] Application time: 1.0008305 seconds
[2023-10-19T20:57:41.762+0000][1136.288s][info ][safepoint     ] Entering safepoint region: Cleanup
[2023-10-19T20:57:41.763+0000][1136.289s][info ][safepoint     ] Leaving safepoint region
[2023-10-19T20:57:41.763+0000][1136.290s][info ][safepoint     ] Total time for which application threads were stopped: 0.0012355 seconds, Stopping threads took: 0.0005904 seconds
[2023-10-19T20:57:42.764+0000][1137.290s][debug][safepoint     ] Safepoint synchronization initiated. (177 threads)
[2023-10-19T20:57:42.765+0000][1137.292s][info ][safepoint     ] Application time: 1.0015028 seconds
[2023-10-19T20:57:42.766+0000][1137.293s][info ][safepoint     ] Entering safepoint region: Cleanup
[2023-10-19T20:57:42.768+0000][1137.294s][info ][safepoint     ] Leaving safepoint region
[2023-10-19T20:57:42.769+0000][1137.295s][info ][safepoint     ] Total time for which application threads were stopped: 0.0026701 seconds, Stopping threads took: 0.0011754 seconds
[2023-10-19T20:57:43.770+0000][1138.296s][debug][safepoint     ] Safepoint synchronization initiated. (177 threads)
[2023-10-19T20:57:43.771+0000][1138.297s][info ][safepoint     ] Application time: 1.0011210 seconds
[2023-10-19T20:57:43.771+0000][1138.298s][info ][safepoint     ] Entering safepoint region: Cleanup
[2023-10-19T20:57:43.772+0000][1138.299s][info ][safepoint     ] Leaving safepoint region
[2023-10-19T20:57:43.773+0000][1138.299s][info ][safepoint     ] Total time for which application threads were stopped: 0.0013590 seconds, Stopping threads took: 0.0005761 seconds
[2023-10-19T20:57:44.774+0000][1139.300s][debug][safepoint     ] Safepoint synchronization initiated. (177 threads)
[2023-10-19T20:57:44.775+0000][1139.301s][info ][safepoint     ] Application time: 1.0012451 seconds
[2023-10-19T20:57:44.775+0000][1139.302s][info ][safepoint     ] Entering safepoint region: Cleanup
[2023-10-19T20:57:44.777+0000][1139.303s][info ][safepoint     ] Leaving safepoint region
[2023-10-19T20:57:44.778+0000][1139.304s][info ][safepoint     ] Total time for which application threads were stopped: 0.0020786 seconds, Stopping threads took: 0.0008398 seconds
[2023-10-19T20:57:45.778+0000][1140.305s][debug][safepoint     ] Safepoint synchronization initiated. (177 threads)
[2023-10-19T20:57:45.779+0000][1140.305s][info ][safepoint     ] Application time: 1.0006722 seconds
[2023-10-19T20:57:45.780+0000][1140.306s][info ][safepoint     ] Entering safepoint region: Cleanup
[2023-10-19T20:57:45.780+0000][1140.307s][info ][safepoint     ] Leaving safepoint region
[2023-10-19T20:57:45.781+0000][1140.307s][info ][safepoint     ] Total time for which application threads were stopped: 0.0013340 seconds, Stopping threads took: 0.0005345 seconds
[2023-10-19T20:57:46.781+0000][1141.308s][debug][safepoint     ] Safepoint synchronization initiated. (177 threads)
[2023-10-19T20:57:46.782+0000][1141.309s][info ][safepoint     ] Application time: 1.0009502 seconds
[2023-10-19T20:57:46.783+0000][1141.309s][info ][safepoint     ] Entering safepoint region: Cleanup
[2023-10-19T20:57:46.784+0000][1141.310s][info ][safepoint     ] Leaving safepoint region
[2023-10-19T20:57:46.784+0000][1141.311s][info ][safepoint     ] Total time for which application threads were stopped: 0.0014532 seconds, Stopping threads took: 0.0006853 seconds
[2023-10-19T20:57:47.785+0000][1142.311s][debug][safepoint     ] Safepoint synchronization initiated. (177 threads)
[2023-10-19T20:57:47.785+0000][1142.312s][info ][safepoint     ] Application time: 1.0006372 seconds
[2023-10-19T20:57:47.786+0000][1142.312s][info ][safepoint     ] Entering safepoint region: Cleanup
[2023-10-19T20:57:47.786+0000][1142.313s][info ][safepoint     ] Leaving safepoint region
[2023-10-19T20:57:47.787+0000][1142.313s][info ][safepoint     ] Total time for which application threads were stopped: 0.0008920 seconds, Stopping threads took: 0.0003698 seconds
[2023-10-19T20:57:48.787+0000][1143.314s][debug][safepoint     ] Safepoint synchronization initiated. (177 threads)
[2023-10-19T20:57:48.788+0000][1143.314s][info ][safepoint     ] Application time: 1.0006496 seconds
[2023-10-19T20:57:48.788+0000][1143.315s][info ][safepoint     ] Entering safepoint region: Cleanup
[2023-10-19T20:57:48.788+0000][1143.315s][info ][safepoint     ] Leaving safepoint region
[2023-10-19T20:57:48.789+0000][1143.315s][info ][safepoint     ] Total time for which application threads were stopped: 0.0008812 seconds, Stopping threads took: 0.0003639 seconds
[2023-10-19T20:57:49.789+0000][1144.316s][debug][safepoint     ] Safepoint synchronization initiated. (177 threads)
[2023-10-19T20:57:49.791+0000][1144.317s][info ][safepoint     ] Application time: 1.0014354 seconds
[2023-10-19T20:57:49.792+0000][1144.318s][info ][safepoint     ] Entering safepoint region: Cleanup
[2023-10-19T20:57:49.793+0000][1144.320s][info ][safepoint     ] Leaving safepoint region
[2023-10-19T20:57:49.794+0000][1144.320s][info ][safepoint     ] Total time for which application threads were stopped: 0.0022521 seconds, Stopping threads took: 0.0010475 seconds
[2023-10-19T20:57:50.795+0000][1145.321s][debug][safepoint     ] Safepoint synchronization initiated. (177 threads)
[2023-10-19T20:57:50.796+0000][1145.322s][info ][safepoint     ] Application time: 1.0012481 seconds
[2023-10-19T20:57:50.797+0000][1145.323s][info ][safepoint     ] Entering safepoint region: Cleanup
[2023-10-19T20:57:50.798+0000][1145.324s][info ][safepoint     ] Leaving safepoint region
[2023-10-19T20:57:50.798+0000][1145.325s][info ][safepoint     ] Total time for which application threads were stopped: 0.0016769 seconds, Stopping threads took: 0.0008866 seconds
[2023-10-19T20:57:51.799+0000][1146.326s][debug][safepoint     ] Safepoint synchronization initiated. (177 threads)
[2023-10-19T20:57:51.800+0000][1146.326s][info ][safepoint     ] Application time: 1.0006448 seconds
[2023-10-19T20:57:51.800+0000][1146.326s][info ][safepoint     ] Entering safepoint region: Cleanup
[2023-10-19T20:57:51.800+0000][1146.327s][info ][safepoint     ] Leaving safepoint region
[2023-10-19T20:57:51.801+0000][1146.327s][info ][safepoint     ] Total time for which application threads were stopped: 0.0007721 seconds, Stopping threads took: 0.0003116 seconds
[2023-10-19T20:57:52.800+0000][1147.328s][debug][safepoint     ] Safepoint synchronization initiated. (177 threads)
[2023-10-19T20:57:52.802+0000][1147.329s][info ][safepoint     ] Application time: 1.0016671 seconds
[2023-10-19T20:57:52.803+0000][1147.330s][info ][safepoint     ] Entering safepoint region: Cleanup
[2023-10-19T20:57:52.804+0000][1147.332s][info ][safepoint     ] Leaving safepoint region
[2023-10-19T20:57:52.806+0000][1147.333s][info ][safepoint     ] Total time for which application threads were stopped: 0.0025256 seconds, Stopping threads took: 0.0010665 seconds
[2023-10-19T20:57:53.807+0000][1148.334s][debug][safepoint     ] Safepoint synchronization initiated. (177 threads)
[2023-10-19T20:57:53.808+0000][1148.335s][info ][safepoint     ] Application time: 1.0015765 seconds
[2023-10-19T20:57:53.809+0000][1148.337s][info ][safepoint     ] Entering safepoint region: Cleanup
[2023-10-19T20:57:53.811+0000][1148.338s][info ][safepoint     ] Leaving safepoint region
[2023-10-19T20:57:53.812+0000][1148.339s][info ][safepoint     ] Total time for which application threads were stopped: 0.0026807 seconds, Stopping threads took: 0.0011751 seconds
[2023-10-19T20:57:54.813+0000][1149.341s][debug][safepoint     ] Safepoint synchronization initiated. (177 threads)
[2023-10-19T20:57:54.814+0000][1149.342s][info ][safepoint     ] Application time: 1.0012573 seconds
[2023-10-19T20:57:54.815+0000][1149.343s][info ][safepoint     ] Entering safepoint region: Cleanup
[2023-10-19T20:57:54.817+0000][1149.344s][info ][safepoint     ] Leaving safepoint region
[2023-10-19T20:57:54.818+0000][1149.345s][info ][safepoint     ] Total time for which application threads were stopped: 0.0024228 seconds, Stopping threads took: 0.0011040 seconds
[2023-10-19T20:57:55.819+0000][1150.346s][debug][safepoint     ] Safepoint synchronization initiated. (177 threads)
[2023-10-19T20:57:55.819+0000][1150.347s][info ][safepoint     ] Application time: 1.0005403 seconds
[2023-10-19T20:57:55.819+0000][1150.347s][info ][safepoint     ] Entering safepoint region: Cleanup
[2023-10-19T20:57:55.820+0000][1150.347s][info ][safepoint     ] Leaving safepoint region
[2023-10-19T20:57:55.820+0000][1150.348s][info ][safepoint     ] Total time for which application threads were stopped: 0.0008088 seconds, Stopping threads took: 0.0003512 seconds
[2023-10-19T20:57:56.821+0000][1151.348s][debug][safepoint     ] Safepoint synchronization initiated. (177 threads)
[2023-10-19T20:57:56.822+0000][1151.349s][info ][safepoint     ] Application time: 1.0014727 seconds
[2023-10-19T20:57:56.823+0000][1151.351s][info ][safepoint     ] Entering safepoint region: Cleanup
[2023-10-19T20:57:56.825+0000][1151.352s][info ][safepoint     ] Leaving safepoint region
[2023-10-19T20:57:56.826+0000][1151.353s][info ][safepoint     ] Total time for which application threads were stopped: 0.0024113 seconds, Stopping threads took: 0.0011105 seconds
[2023-10-19T20:57:57.827+0000][1152.354s][debug][safepoint     ] Safepoint synchronization initiated. (177 threads)
[2023-10-19T20:57:57.827+0000][1152.355s][info ][safepoint     ] Application time: 1.0008402 seconds
[2023-10-19T20:57:57.828+0000][1152.355s][info ][safepoint     ] Entering safepoint region: Cleanup
[2023-10-19T20:57:57.829+0000][1152.356s][info ][safepoint     ] Leaving safepoint region
[2023-10-19T20:57:57.829+0000][1152.357s][info ][safepoint     ] Total time for which application threads were stopped: 0.0011845 seconds, Stopping threads took: 0.0005215 seconds
[2023-10-19T20:57:58.830+0000][1153.357s][debug][safepoint     ] Safepoint synchronization initiated. (177 threads)
[2023-10-19T20:57:58.831+0000][1153.358s][info ][safepoint     ] Application time: 1.0012747 seconds
[2023-10-19T20:57:58.832+0000][1153.360s][info ][safepoint     ] Entering safepoint region: Cleanup
[2023-10-19T20:57:58.833+0000][1153.361s][info ][safepoint     ] Leaving safepoint region
[2023-10-19T20:57:58.834+0000][1153.361s][info ][safepoint     ] Total time for which application threads were stopped: 0.0018897 seconds, Stopping threads took: 0.0009547 seconds
[2023-10-19T20:57:59.835+0000][1154.363s][debug][safepoint     ] Safepoint synchronization initiated. (177 threads)
[2023-10-19T20:57:59.836+0000][1154.364s][info ][safepoint     ] Application time: 1.0017287 seconds
[2023-10-19T20:57:59.838+0000][1154.365s][info ][safepoint     ] Entering safepoint region: Cleanup
[2023-10-19T20:57:59.839+0000][1154.367s][info ][safepoint     ] Leaving safepoint region
[2023-10-19T20:57:59.840+0000][1154.368s][info ][safepoint     ] Total time for which application threads were stopped: 0.0026996 seconds, Stopping threads took: 0.0011791 seconds
[2023-10-19T20:58:00.842+0000][1155.369s][debug][safepoint     ] Safepoint synchronization initiated. (177 threads)
[2023-10-19T20:58:00.843+0000][1155.370s][info ][safepoint     ] Application time: 1.0012043 seconds
[2023-10-19T20:58:00.843+0000][1155.371s][info ][safepoint     ] Entering safepoint region: Cleanup
[2023-10-19T20:58:00.844+0000][1155.372s][info ][safepoint     ] Leaving safepoint region
[2023-10-19T20:58:00.845+0000][1155.373s][info ][safepoint     ] Total time for which application threads were stopped: 0.0017264 seconds, Stopping threads took: 0.0006907 seconds
[2023-10-19T20:58:01.846+0000][1156.373s][debug][safepoint     ] Safepoint synchronization initiated. (177 threads)
[2023-10-19T20:58:01.847+0000][1156.375s][info ][safepoint     ] Application time: 1.0013587 seconds
[2023-10-19T20:58:01.848+0000][1156.376s][info ][safepoint     ] Entering safepoint region: Cleanup
[2023-10-19T20:58:01.849+0000][1156.377s][info ][safepoint     ] Leaving safepoint region
[2023-10-19T20:58:01.850+0000][1156.377s][info ][safepoint     ] Total time for which application threads were stopped: 0.0018244 seconds, Stopping threads took: 0.0007720 seconds
[2023-10-19T20:58:02.851+0000][1157.378s][debug][safepoint     ] Safepoint synchronization initiated. (177 threads)
[2023-10-19T20:58:02.851+0000][1157.379s][info ][safepoint     ] Application time: 1.0005547 seconds
[2023-10-19T20:58:02.852+0000][1157.379s][info ][safepoint     ] Entering safepoint region: Cleanup
[2023-10-19T20:58:02.852+0000][1157.380s][info ][safepoint     ] Leaving safepoint region
[2023-10-19T20:58:02.853+0000][1157.380s][info ][safepoint     ] Total time for which application threads were stopped: 0.0012186 seconds, Stopping threads took: 0.0005508 seconds
[2023-10-19T20:58:03.853+0000][1158.381s][debug][safepoint     ] Safepoint synchronization initiated. (177 threads)
[2023-10-19T20:58:03.854+0000][1158.381s][info ][safepoint     ] Application time: 1.0005898 seconds
[2023-10-19T20:58:03.854+0000][1158.382s][info ][safepoint     ] Entering safepoint region: Cleanup
[2023-10-19T20:58:03.855+0000][1158.382s][info ][safepoint     ] Leaving safepoint region
[2023-10-19T20:58:03.855+0000][1158.383s][info ][safepoint     ] Total time for which application threads were stopped: 0.0009863 seconds, Stopping threads took: 0.0004172 seconds
[2023-10-19T20:58:04.856+0000][1159.383s][debug][safepoint     ] Safepoint synchronization initiated. (177 threads)
[2023-10-19T20:58:04.857+0000][1159.384s][info ][safepoint     ] Application time: 1.0012896 seconds
[2023-10-19T20:58:04.858+0000][1159.385s][info ][safepoint     ] Entering safepoint region: Cleanup
[2023-10-19T20:58:04.860+0000][1159.387s][info ][safepoint     ] Leaving safepoint region
[2023-10-19T20:58:04.862+0000][1159.389s][info ][safepoint     ] Total time for which application threads were stopped: 0.0038093 seconds, Stopping threads took: 0.0011743 seconds
[2023-10-19T20:58:05.863+0000][1160.391s][debug][safepoint     ] Safepoint synchronization initiated. (177 threads)
[2023-10-19T20:58:05.864+0000][1160.392s][info ][safepoint     ] Application time: 1.0015175 seconds
[2023-10-19T20:58:05.865+0000][1160.393s][info ][safepoint     ] Entering safepoint region: Cleanup
[2023-10-19T20:58:05.867+0000][1160.394s][info ][safepoint     ] Leaving safepoint region
[2023-10-19T20:58:05.868+0000][1160.395s][info ][safepoint     ] Total time for which application threads were stopped: 0.0025378 seconds, Stopping threads took: 0.0010900 seconds
[2023-10-19T20:58:06.869+0000][1161.397s][debug][safepoint     ] Safepoint synchronization initiated. (177 threads)
[2023-10-19T20:58:06.871+0000][1161.398s][info ][safepoint     ] Application time: 1.0016361 seconds
[2023-10-19T20:58:06.872+0000][1161.399s][info ][safepoint     ] Entering safepoint region: Cleanup
[2023-10-19T20:58:06.873+0000][1161.401s][info ][safepoint     ] Leaving safepoint region
[2023-10-19T20:58:06.874+0000][1161.401s][info ][safepoint     ] Total time for which application threads were stopped: 0.0022446 seconds, Stopping threads took: 0.0010194 seconds
[2023-10-19T20:58:07.875+0000][1162.403s][debug][safepoint     ] Safepoint synchronization initiated. (177 threads)
[2023-10-19T20:58:07.876+0000][1162.403s][info ][safepoint     ] Application time: 1.0007073 seconds
[2023-10-19T20:58:07.876+0000][1162.404s][info ][safepoint     ] Entering safepoint region: Cleanup
[2023-10-19T20:58:07.877+0000][1162.404s][info ][safepoint     ] Leaving safepoint region
[2023-10-19T20:58:07.877+0000][1162.405s][info ][safepoint     ] Total time for which application threads were stopped: 0.0012218 seconds, Stopping threads took: 0.0005179 seconds
[2023-10-19T20:58:08.878+0000][1163.406s][debug][safepoint     ] Safepoint synchronization initiated. (177 threads)
[2023-10-19T20:58:08.879+0000][1163.406s][info ][safepoint     ] Application time: 1.0009593 seconds
[2023-10-19T20:58:08.880+0000][1163.407s][info ][safepoint     ] Entering safepoint region: Cleanup
[2023-10-19T20:58:08.880+0000][1163.408s][info ][safepoint     ] Leaving safepoint region
[2023-10-19T20:58:08.881+0000][1163.408s][info ][safepoint     ] Total time for which application threads were stopped: 0.0013086 seconds, Stopping threads took: 0.0005860 seconds
[2023-10-19T20:58:09.882+0000][1164.409s][debug][safepoint     ] Safepoint synchronization initiated. (177 threads)
[2023-10-19T20:58:09.883+0000][1164.410s][info ][safepoint     ] Application time: 1.0014860 seconds
[2023-10-19T20:58:09.884+0000][1164.411s][info ][safepoint     ] Entering safepoint region: Cleanup
[2023-10-19T20:58:09.885+0000][1164.413s][info ][safepoint     ] Leaving safepoint region
[2023-10-19T20:58:09.886+0000][1164.413s][info ][safepoint     ] Total time for which application threads were stopped: 0.0022202 seconds, Stopping threads took: 0.0011200 seconds
[2023-10-19T20:58:10.887+0000][1165.414s][debug][safepoint     ] Safepoint synchronization initiated. (177 threads)
[2023-10-19T20:58:10.887+0000][1165.415s][info ][safepoint     ] Application time: 1.0007773 seconds
[2023-10-19T20:58:10.888+0000][1165.415s][info ][safepoint     ] Entering safepoint region: Cleanup
[2023-10-19T20:58:10.889+0000][1165.416s][info ][safepoint     ] Leaving safepoint region
[2023-10-19T20:58:10.889+0000][1165.417s][info ][safepoint     ] Total time for which application threads were stopped: 0.0012816 seconds, Stopping threads took: 0.0005727 seconds
[2023-10-19T20:58:11.890+0000][1166.417s][debug][safepoint     ] Safepoint synchronization initiated. (177 threads)
[2023-10-19T20:58:11.890+0000][1166.418s][info ][safepoint     ] Application time: 1.0005993 seconds
[2023-10-19T20:58:11.891+0000][1166.418s][info ][safepoint     ] Entering safepoint region: Cleanup
[2023-10-19T20:58:11.891+0000][1166.419s][info ][safepoint     ] Leaving safepoint region
[2023-10-19T20:58:11.892+0000][1166.419s][info ][safepoint     ] Total time for which application threads were stopped: 0.0008188 seconds, Stopping threads took: 0.0003739 seconds
[2023-10-19T20:58:12.892+0000][1167.419s][debug][safepoint     ] Safepoint synchronization initiated. (177 threads)
[2023-10-19T20:58:12.893+0000][1167.420s][info ][safepoint     ] Application time: 1.0006926 seconds
[2023-10-19T20:58:12.893+0000][1167.421s][info ][safepoint     ] Entering safepoint region: Cleanup
[2023-10-19T20:58:12.894+0000][1167.421s][info ][safepoint     ] Leaving safepoint region
[2023-10-19T20:58:12.894+0000][1167.422s][info ][safepoint     ] Total time for which application threads were stopped: 0.0010794 seconds, Stopping threads took: 0.0005153 seconds
[2023-10-19T20:58:13.895+0000][1168.422s][debug][safepoint     ] Safepoint synchronization initiated. (177 threads)
[2023-10-19T20:58:13.896+0000][1168.423s][info ][safepoint     ] Application time: 1.0013232 seconds
[2023-10-19T20:58:13.897+0000][1168.424s][info ][safepoint     ] Entering safepoint region: Cleanup
[2023-10-19T20:58:13.898+0000][1168.426s][info ][safepoint     ] Leaving safepoint region
[2023-10-19T20:58:13.899+0000][1168.426s][info ][safepoint     ] Total time for which application threads were stopped: 0.0021957 seconds, Stopping threads took: 0.0010013 seconds
[2023-10-19T20:58:14.900+0000][1169.428s][debug][safepoint     ] Safepoint synchronization initiated. (177 threads)
[2023-10-19T20:58:14.901+0000][1169.428s][info ][safepoint     ] Application time: 1.0011010 seconds
[2023-10-19T20:58:14.901+0000][1169.429s][info ][safepoint     ] Entering safepoint region: Cleanup
[2023-10-19T20:58:14.902+0000][1169.430s][info ][safepoint     ] Leaving safepoint region
[2023-10-19T20:58:14.903+0000][1169.430s][info ][safepoint     ] Total time for which application threads were stopped: 0.0013666 seconds, Stopping threads took: 0.0006854 seconds
[2023-10-19T20:58:15.903+0000][1170.431s][debug][safepoint     ] Safepoint synchronization initiated. (177 threads)
[2023-10-19T20:58:15.904+0000][1170.431s][info ][safepoint     ] Application time: 1.0004861 seconds
[2023-10-19T20:58:15.904+0000][1170.431s][info ][safepoint     ] Entering safepoint region: Cleanup
[2023-10-19T20:58:15.905+0000][1170.432s][info ][safepoint     ] Leaving safepoint region
[2023-10-19T20:58:15.905+0000][1170.432s][info ][safepoint     ] Total time for which application threads were stopped: 0.0010146 seconds, Stopping threads took: 0.0004210 seconds
[2023-10-19T20:58:16.906+0000][1171.433s][debug][safepoint     ] Safepoint synchronization initiated. (177 threads)
[2023-10-19T20:58:16.907+0000][1171.434s][info ][safepoint     ] Application time: 1.0015404 seconds
[2023-10-19T20:58:16.908+0000][1171.435s][info ][safepoint     ] Entering safepoint region: Cleanup
[2023-10-19T20:58:16.910+0000][1171.437s][info ][safepoint     ] Leaving safepoint region
[2023-10-19T20:58:16.911+0000][1171.438s][info ][safepoint     ] Total time for which application threads were stopped: 0.0027433 seconds, Stopping threads took: 0.0012598 seconds
[2023-10-19T20:58:17.912+0000][1172.439s][debug][safepoint     ] Safepoint synchronization initiated. (177 threads)
[2023-10-19T20:58:17.913+0000][1172.440s][info ][safepoint     ] Application time: 1.0009933 seconds
[2023-10-19T20:58:17.913+0000][1172.441s][info ][safepoint     ] Entering safepoint region: Cleanup
[2023-10-19T20:58:17.914+0000][1172.441s][info ][safepoint     ] Leaving safepoint region
[2023-10-19T20:58:17.915+0000][1172.442s][info ][safepoint     ] Total time for which application threads were stopped: 0.0012505 seconds, Stopping threads took: 0.0005745 seconds
[2023-10-19T20:58:18.915+0000][1173.443s][debug][safepoint     ] Safepoint synchronization initiated. (177 threads)
[2023-10-19T20:58:18.917+0000][1173.444s][info ][safepoint     ] Application time: 1.0014419 seconds
[2023-10-19T20:58:18.918+0000][1173.445s][info ][safepoint     ] Entering safepoint region: Cleanup
[2023-10-19T20:58:18.919+0000][1173.447s][info ][safepoint     ] Leaving safepoint region
[2023-10-19T20:58:18.920+0000][1173.448s][info ][safepoint     ] Total time for which application threads were stopped: 0.0026269 seconds, Stopping threads took: 0.0012139 seconds
[2023-10-19T20:58:19.922+0000][1174.449s][debug][safepoint     ] Safepoint synchronization initiated. (177 threads)
[2023-10-19T20:58:19.923+0000][1174.450s][info ][safepoint     ] Application time: 1.0017334 seconds
[2023-10-19T20:58:19.924+0000][1174.452s][info ][safepoint     ] Entering safepoint region: Cleanup
[2023-10-19T20:58:19.925+0000][1174.453s][info ][safepoint     ] Leaving safepoint region
[2023-10-19T20:58:19.926+0000][1174.454s][info ][safepoint     ] Total time for which application threads were stopped: 0.0021286 seconds, Stopping threads took: 0.0010736 seconds
[2023-10-19T20:58:20.927+0000][1175.454s][debug][safepoint     ] Safepoint synchronization initiated. (177 threads)
[2023-10-19T20:58:20.928+0000][1175.455s][info ][safepoint     ] Application time: 1.0011503 seconds
[2023-10-19T20:58:20.929+0000][1175.456s][info ][safepoint     ] Entering safepoint region: Cleanup
[2023-10-19T20:58:20.930+0000][1175.457s][info ][safepoint     ] Leaving safepoint region
[2023-10-19T20:58:20.931+0000][1175.458s][info ][safepoint     ] Total time for which application threads were stopped: 0.0019208 seconds, Stopping threads took: 0.0008564 seconds
[2023-10-19T20:58:21.932+0000][1176.459s][debug][safepoint     ] Safepoint synchronization initiated. (177 threads)
[2023-10-19T20:58:21.933+0000][1176.460s][info ][safepoint     ] Application time: 1.0014747 seconds
[2023-10-19T20:58:21.934+0000][1176.462s][info ][safepoint     ] Entering safepoint region: Cleanup
[2023-10-19T20:58:21.936+0000][1176.463s][info ][safepoint     ] Leaving safepoint region
[2023-10-19T20:58:21.937+0000][1176.464s][info ][safepoint     ] Total time for which application threads were stopped: 0.0022927 seconds, Stopping threads took: 0.0011637 seconds
[2023-10-19T20:58:22.937+0000][1177.465s][debug][safepoint     ] Safepoint synchronization initiated. (177 threads)
[2023-10-19T20:58:22.939+0000][1177.467s][info ][safepoint     ] Application time: 1.0016424 seconds
[2023-10-19T20:58:22.940+0000][1177.468s][info ][safepoint     ] Entering safepoint region: Cleanup
[2023-10-19T20:58:22.941+0000][1177.469s][info ][safepoint     ] Leaving safepoint region
[2023-10-19T20:58:22.942+0000][1177.470s][info ][safepoint     ] Total time for which application threads were stopped: 0.0025040 seconds, Stopping threads took: 0.0011536 seconds
[2023-10-19T20:58:23.943+0000][1178.471s][debug][safepoint     ] Safepoint synchronization initiated. (177 threads)
[2023-10-19T20:58:23.945+0000][1178.473s][info ][safepoint     ] Application time: 1.0014056 seconds
[2023-10-19T20:58:23.946+0000][1178.474s][info ][safepoint     ] Entering safepoint region: Cleanup
[2023-10-19T20:58:23.947+0000][1178.475s][info ][safepoint     ] Leaving safepoint region
[2023-10-19T20:58:23.948+0000][1178.476s][info ][safepoint     ] Total time for which application threads were stopped: 0.0026996 seconds, Stopping threads took: 0.0011384 seconds
[2023-10-19T20:58:24.949+0000][1179.477s][debug][safepoint     ] Safepoint synchronization initiated. (177 threads)
[2023-10-19T20:58:24.951+0000][1179.479s][info ][safepoint     ] Application time: 1.0016467 seconds
[2023-10-19T20:58:24.952+0000][1179.480s][info ][safepoint     ] Entering safepoint region: Cleanup
[2023-10-19T20:58:24.953+0000][1179.481s][info ][safepoint     ] Leaving safepoint region
[2023-10-19T20:58:24.954+0000][1179.482s][info ][safepoint     ] Total time for which application threads were stopped: 0.0024537 seconds, Stopping threads took: 0.0011362 seconds
[2023-10-19T20:58:25.956+0000][1180.484s][debug][safepoint     ] Safepoint synchronization initiated. (177 threads)
[2023-10-19T20:58:25.957+0000][1180.485s][info ][safepoint     ] Application time: 1.0014264 seconds
[2023-10-19T20:58:25.958+0000][1180.486s][info ][safepoint     ] Entering safepoint region: Cleanup
[2023-10-19T20:58:25.960+0000][1180.488s][info ][safepoint     ] Leaving safepoint region
[2023-10-19T20:58:25.961+0000][1180.489s][info ][safepoint     ] Total time for which application threads were stopped: 0.0027291 seconds, Stopping threads took: 0.0012353 seconds
[2023-10-19T20:58:26.962+0000][1181.490s][debug][safepoint     ] Safepoint synchronization initiated. (177 threads)
[2023-10-19T20:58:26.963+0000][1181.491s][info ][safepoint     ] Application time: 1.0015076 seconds
[2023-10-19T20:58:26.964+0000][1181.492s][info ][safepoint     ] Entering safepoint region: Cleanup
[2023-10-19T20:58:26.966+0000][1181.494s][info ][safepoint     ] Leaving safepoint region
[2023-10-19T20:58:26.967+0000][1181.495s][info ][safepoint     ] Total time for which application threads were stopped: 0.0024528 seconds, Stopping threads took: 0.0010626 seconds
[2023-10-19T20:58:27.968+0000][1182.496s][debug][safepoint     ] Safepoint synchronization initiated. (177 threads)
[2023-10-19T20:58:27.969+0000][1182.497s][info ][safepoint     ] Application time: 1.0013552 seconds
[2023-10-19T20:58:27.970+0000][1182.498s][info ][safepoint     ] Entering safepoint region: Cleanup
[2023-10-19T20:58:27.971+0000][1182.499s][info ][safepoint     ] Leaving safepoint region
[2023-10-19T20:58:27.972+0000][1182.500s][info ][safepoint     ] Total time for which application threads were stopped: 0.0025551 seconds, Stopping threads took: 0.0010905 seconds
[2023-10-19T20:58:28.974+0000][1183.502s][debug][safepoint     ] Safepoint synchronization initiated. (177 threads)
[2023-10-19T20:58:28.975+0000][1183.503s][info ][safepoint     ] Application time: 1.0012604 seconds
[2023-10-19T20:58:28.976+0000][1183.504s][info ][safepoint     ] Entering safepoint region: Cleanup
[2023-10-19T20:58:28.977+0000][1183.505s][info ][safepoint     ] Leaving safepoint region
[2023-10-19T20:58:28.978+0000][1183.506s][info ][safepoint     ] Total time for which application threads were stopped: 0.0024113 seconds, Stopping threads took: 0.0011288 seconds
[2023-10-19T20:58:29.979+0000][1184.507s][debug][safepoint     ] Safepoint synchronization initiated. (177 threads)
[2023-10-19T20:58:29.980+0000][1184.508s][info ][safepoint     ] Application time: 1.0012890 seconds
[2023-10-19T20:58:29.981+0000][1184.509s][info ][safepoint     ] Entering safepoint region: Cleanup
[2023-10-19T20:58:29.983+0000][1184.511s][info ][safepoint     ] Leaving safepoint region
[2023-10-19T20:58:29.984+0000][1184.512s][info ][safepoint     ] Total time for which application threads were stopped: 0.0023069 seconds, Stopping threads took: 0.0010093 seconds
[2023-10-19T20:58:30.984+0000][1185.512s][debug][safepoint     ] Safepoint synchronization initiated. (177 threads)
[2023-10-19T20:58:30.985+0000][1185.513s][info ][safepoint     ] Application time: 1.0011894 seconds
[2023-10-19T20:58:30.986+0000][1185.514s][info ][safepoint     ] Entering safepoint region: Cleanup
[2023-10-19T20:58:30.988+0000][1185.516s][info ][safepoint     ] Leaving safepoint region
[2023-10-19T20:58:30.988+0000][1185.516s][info ][safepoint     ] Total time for which application threads were stopped: 0.0020075 seconds, Stopping threads took: 0.0008526 seconds
[2023-10-19T20:58:31.990+0000][1186.518s][debug][safepoint     ] Safepoint synchronization initiated. (177 threads)
[2023-10-19T20:58:31.991+0000][1186.519s][info ][safepoint     ] Application time: 1.0015247 seconds
[2023-10-19T20:58:31.992+0000][1186.520s][info ][safepoint     ] Entering safepoint region: Cleanup
[2023-10-19T20:58:31.993+0000][1186.521s][info ][safepoint     ] Leaving safepoint region
[2023-10-19T20:58:31.995+0000][1186.522s][info ][safepoint     ] Total time for which application threads were stopped: 0.0026880 seconds, Stopping threads took: 0.0012825 seconds
[2023-10-19T20:58:32.996+0000][1187.524s][debug][safepoint     ] Safepoint synchronization initiated. (177 threads)
[2023-10-19T20:58:32.997+0000][1187.525s][info ][safepoint     ] Application time: 1.0015576 seconds
[2023-10-19T20:58:32.998+0000][1187.526s][info ][safepoint     ] Entering safepoint region: Cleanup
[2023-10-19T20:58:32.999+0000][1187.527s][info ][safepoint     ] Leaving safepoint region
[2023-10-19T20:58:33.000+0000][1187.528s][info ][safepoint     ] Total time for which application threads were stopped: 0.0019902 seconds, Stopping threads took: 0.0009966 seconds
[2023-10-19T20:58:34.001+0000][1188.529s][debug][safepoint     ] Safepoint synchronization initiated. (177 threads)
[2023-10-19T20:58:34.002+0000][1188.530s][info ][safepoint     ] Application time: 1.0015736 seconds
[2023-10-19T20:58:34.004+0000][1188.531s][info ][safepoint     ] Entering safepoint region: Cleanup
[2023-10-19T20:58:34.005+0000][1188.533s][info ][safepoint     ] Leaving safepoint region
[2023-10-19T20:58:34.006+0000][1188.534s][info ][safepoint     ] Total time for which application threads were stopped: 0.0026586 seconds, Stopping threads took: 0.0010864 seconds
[2023-10-19T20:58:35.007+0000][1189.535s][debug][safepoint     ] Safepoint synchronization initiated. (177 threads)
[2023-10-19T20:58:35.008+0000][1189.536s][info ][safepoint     ] Application time: 1.0010171 seconds
[2023-10-19T20:58:35.009+0000][1189.537s][info ][safepoint     ] Entering safepoint region: Cleanup
[2023-10-19T20:58:35.009+0000][1189.537s][info ][safepoint     ] Leaving safepoint region
[2023-10-19T20:58:35.010+0000][1189.538s][info ][safepoint     ] Total time for which application threads were stopped: 0.0013164 seconds, Stopping threads took: 0.0005763 seconds
[2023-10-19T20:58:36.011+0000][1190.539s][debug][safepoint     ] Safepoint synchronization initiated. (177 threads)
[2023-10-19T20:58:36.012+0000][1190.540s][info ][safepoint     ] Application time: 1.0014124 seconds
[2023-10-19T20:58:36.013+0000][1190.541s][info ][safepoint     ] Entering safepoint region: Cleanup
[2023-10-19T20:58:36.015+0000][1190.543s][info ][safepoint     ] Leaving safepoint region
[2023-10-19T20:58:36.016+0000][1190.544s][info ][safepoint     ] Total time for which application threads were stopped: 0.0025285 seconds, Stopping threads took: 0.0012012 seconds
[2023-10-19T20:58:37.017+0000][1191.545s][debug][safepoint     ] Safepoint synchronization initiated. (177 threads)
[2023-10-19T20:58:37.018+0000][1191.546s][info ][safepoint     ] Application time: 1.0015090 seconds
[2023-10-19T20:58:37.019+0000][1191.547s][info ][safepoint     ] Entering safepoint region: Cleanup
[2023-10-19T20:58:37.021+0000][1191.549s][info ][safepoint     ] Leaving safepoint region
[2023-10-19T20:58:37.022+0000][1191.550s][info ][safepoint     ] Total time for which application threads were stopped: 0.0026827 seconds, Stopping threads took: 0.0011396 seconds
[2023-10-19T20:58:38.023+0000][1192.551s][debug][safepoint     ] Safepoint synchronization initiated. (177 threads)
[2023-10-19T20:58:38.025+0000][1192.553s][info ][safepoint     ] Application time: 1.0015495 seconds
[2023-10-19T20:58:38.026+0000][1192.554s][info ][safepoint     ] Entering safepoint region: Cleanup
[2023-10-19T20:58:38.027+0000][1192.555s][info ][safepoint     ] Leaving safepoint region
[2023-10-19T20:58:38.028+0000][1192.556s][info ][safepoint     ] Total time for which application threads were stopped: 0.0023392 seconds, Stopping threads took: 0.0009239 seconds
[2023-10-19T20:58:39.029+0000][1193.557s][debug][safepoint     ] Safepoint synchronization initiated. (177 threads)
[2023-10-19T20:58:39.030+0000][1193.558s][info ][safepoint     ] Application time: 1.0013909 seconds
[2023-10-19T20:58:39.031+0000][1193.559s][info ][safepoint     ] Entering safepoint region: Cleanup
[2023-10-19T20:58:39.033+0000][1193.561s][info ][safepoint     ] Leaving safepoint region
[2023-10-19T20:58:39.034+0000][1193.562s][info ][safepoint     ] Total time for which application threads were stopped: 0.0022866 seconds, Stopping threads took: 0.0010297 seconds
[2023-10-19T20:58:40.035+0000][1194.563s][debug][safepoint     ] Safepoint synchronization initiated. (177 threads)
[2023-10-19T20:58:40.035+0000][1194.563s][info ][safepoint     ] Application time: 1.0008650 seconds
[2023-10-19T20:58:40.036+0000][1194.564s][info ][safepoint     ] Entering safepoint region: Cleanup
[2023-10-19T20:58:40.037+0000][1194.565s][info ][safepoint     ] Leaving safepoint region
[2023-10-19T20:58:40.038+0000][1194.566s][info ][safepoint     ] Total time for which application threads were stopped: 0.0015735 seconds, Stopping threads took: 0.0005191 seconds
[2023-10-19T20:58:41.038+0000][1195.566s][debug][safepoint     ] Safepoint synchronization initiated. (177 threads)
[2023-10-19T20:58:41.039+0000][1195.567s][info ][safepoint     ] Application time: 1.0011749 seconds
[2023-10-19T20:58:41.040+0000][1195.568s][info ][safepoint     ] Entering safepoint region: Cleanup
[2023-10-19T20:58:41.041+0000][1195.569s][info ][safepoint     ] Leaving safepoint region
[2023-10-19T20:58:41.042+0000][1195.570s][info ][safepoint     ] Total time for which application threads were stopped: 0.0020021 seconds, Stopping threads took: 0.0008699 seconds
[2023-10-19T20:58:41.692+0000][1196.220s][debug][safepoint     ] Safepoint synchronization initiated. (177 threads)
[2023-10-19T20:58:41.693+0000][1196.221s][info ][safepoint     ] Application time: 0.6499276 seconds
[2023-10-19T20:58:41.693+0000][1196.221s][info ][safepoint     ] Entering safepoint region: G1CollectForAllocation
[2023-10-19T20:58:41.694+0000][1196.222s][info ][gc,start      ] GC(65) Pause Young (Normal) (G1 Evacuation Pause)
[2023-10-19T20:58:41.694+0000][1196.222s][info ][gc,task       ] GC(65) Using 8 workers of 8 for evacuation
[2023-10-19T20:58:41.711+0000][1196.239s][info ][gc,phases     ] GC(65)   Pre Evacuate Collection Set: 0.1ms
[2023-10-19T20:58:41.711+0000][1196.239s][info ][gc,phases     ] GC(65)   Evacuate Collection Set: 12.5ms
[2023-10-19T20:58:41.712+0000][1196.240s][info ][gc,phases     ] GC(65)   Post Evacuate Collection Set: 3.3ms
[2023-10-19T20:58:41.712+0000][1196.240s][info ][gc,phases     ] GC(65)   Other: 1.1ms
[2023-10-19T20:58:41.713+0000][1196.241s][info ][gc,heap       ] GC(65) Eden regions: 196->0(198)
[2023-10-19T20:58:41.713+0000][1196.241s][info ][gc,heap       ] GC(65) Survivor regions: 14->13(27)
[2023-10-19T20:58:41.713+0000][1196.241s][info ][gc,heap       ] GC(65) Old regions: 144->144
[2023-10-19T20:58:41.714+0000][1196.242s][info ][gc,heap       ] GC(65) Humongous regions: 5->5
[2023-10-19T20:58:41.714+0000][1196.242s][info ][gc,metaspace  ] GC(65) Metaspace: 166890K(172240K)->166890K(172240K) NonClass: 147476K(150736K)->147476K(150736K) Class: 19414K(21504K)->19414K(21504K)
[2023-10-19T20:58:41.715+0000][1196.243s][info ][gc            ] GC(65) Pause Young (Normal) (G1 Evacuation Pause) 357M->160M(415M) 21.021ms
[2023-10-19T20:58:41.715+0000][1196.243s][info ][gc,cpu        ] GC(65) User=0.11s Sys=0.00s Real=0.02s
[2023-10-19T20:58:41.716+0000][1196.244s][info ][safepoint     ] Leaving safepoint region
[2023-10-19T20:58:41.716+0000][1196.244s][info ][safepoint     ] Total time for which application threads were stopped: 0.0231442 seconds, Stopping threads took: 0.0003444 seconds
[2023-10-19T20:58:41.717+0000][1196.245s][info ][gc,stringdedup] Concurrent String Deduplication (1196.245s)
[2023-10-19T20:58:41.717+0000][1196.245s][info ][gc,stringdedup] Concurrent String Deduplication 0.0B->0.0B(0.0B) avg 54.3% (1196.245s, 1196.245s) 0.408ms
[2023-10-19T20:58:42.717+0000][1197.245s][debug][safepoint     ] Safepoint synchronization initiated. (177 threads)
[2023-10-19T20:58:42.718+0000][1197.246s][info ][safepoint     ] Application time: 1.0013919 seconds
[2023-10-19T20:58:42.719+0000][1197.247s][info ][safepoint     ] Entering safepoint region: Cleanup
[2023-10-19T20:58:42.720+0000][1197.248s][info ][safepoint     ] Leaving safepoint region
[2023-10-19T20:58:42.721+0000][1197.249s][info ][safepoint     ] Total time for which application threads were stopped: 0.0021717 seconds, Stopping threads took: 0.0008978 seconds
[2023-10-19T20:58:43.722+0000][1198.250s][debug][safepoint     ] Safepoint synchronization initiated. (177 threads)
[2023-10-19T20:58:43.723+0000][1198.251s][info ][safepoint     ] Application time: 1.0008338 seconds
[2023-10-19T20:58:43.724+0000][1198.251s][info ][safepoint     ] Entering safepoint region: Cleanup
[2023-10-19T20:58:43.724+0000][1198.252s][info ][safepoint     ] Leaving safepoint region
[2023-10-19T20:58:43.725+0000][1198.253s][info ][safepoint     ] Total time for which application threads were stopped: 0.0013803 seconds, Stopping threads took: 0.0005990 seconds
[2023-10-19T20:58:44.726+0000][1199.254s][debug][safepoint     ] Safepoint synchronization initiated. (177 threads)
[2023-10-19T20:58:44.726+0000][1199.254s][info ][safepoint     ] Application time: 1.0010762 seconds
[2023-10-19T20:58:44.727+0000][1199.255s][info ][safepoint     ] Entering safepoint region: Cleanup
[2023-10-19T20:58:44.729+0000][1199.257s][info ][safepoint     ] Leaving safepoint region
[2023-10-19T20:58:44.730+0000][1199.258s][info ][safepoint     ] Total time for which application threads were stopped: 0.0022227 seconds, Stopping threads took: 0.0010076 seconds
[2023-10-19T20:58:45.731+0000][1200.259s][debug][safepoint     ] Safepoint synchronization initiated. (177 threads)
[2023-10-19T20:58:45.732+0000][1200.260s][info ][safepoint     ] Application time: 1.0011169 seconds
[2023-10-19T20:58:45.732+0000][1200.260s][info ][safepoint     ] Entering safepoint region: Cleanup
[2023-10-19T20:58:45.733+0000][1200.261s][info ][safepoint     ] Leaving safepoint region
[2023-10-19T20:58:45.733+0000][1200.261s][info ][safepoint     ] Total time for which application threads were stopped: 0.0012597 seconds, Stopping threads took: 0.0005498 seconds
[2023-10-19T20:58:46.735+0000][1201.262s][debug][safepoint     ] Safepoint synchronization initiated. (177 threads)
[2023-10-19T20:58:46.735+0000][1201.263s][info ][safepoint     ] Application time: 1.0009590 seconds
[2023-10-19T20:58:46.736+0000][1201.264s][info ][safepoint     ] Entering safepoint region: Cleanup
[2023-10-19T20:58:46.736+0000][1201.264s][info ][safepoint     ] Leaving safepoint region
[2023-10-19T20:58:46.737+0000][1201.265s][info ][safepoint     ] Total time for which application threads were stopped: 0.0012731 seconds, Stopping threads took: 0.0005191 seconds
[2023-10-19T20:58:47.738+0000][1202.266s][debug][safepoint     ] Safepoint synchronization initiated. (177 threads)
[2023-10-19T20:58:47.738+0000][1202.266s][info ][safepoint     ] Application time: 1.0007610 seconds
[2023-10-19T20:58:47.740+0000][1202.268s][info ][safepoint     ] Entering safepoint region: Cleanup
[2023-10-19T20:58:47.741+0000][1202.269s][info ][safepoint     ] Leaving safepoint region
[2023-10-19T20:58:47.741+0000][1202.269s][info ][safepoint     ] Total time for which application threads were stopped: 0.0019204 seconds, Stopping threads took: 0.0012033 seconds
[2023-10-19T20:58:48.742+0000][1203.270s][debug][safepoint     ] Safepoint synchronization initiated. (177 threads)
[2023-10-19T20:58:48.743+0000][1203.271s][info ][safepoint     ] Application time: 1.0017612 seconds
[2023-10-19T20:58:48.745+0000][1203.273s][debug][safepoint     ] ... found polling page loop exception at pc = 0x00007fbdb12cd30a, stub =0x00007fbda8843680
[2023-10-19T20:58:48.746+0000][1203.274s][debug][safepoint     ] Waiting for 1 thread(s) to block
[2023-10-19T20:58:48.746+0000][1203.274s][info ][safepoint     ] Entering safepoint region: Cleanup
[2023-10-19T20:58:48.747+0000][1203.275s][info ][safepoint     ] Leaving safepoint region
[2023-10-19T20:58:48.748+0000][1203.276s][info ][safepoint     ] Total time for which application threads were stopped: 0.0029136 seconds, Stopping threads took: 0.0022719 seconds
[2023-10-19T20:58:49.748+0000][1204.276s][debug][safepoint     ] Safepoint synchronization initiated. (177 threads)
[2023-10-19T20:58:49.749+0000][1204.277s][info ][safepoint     ] Application time: 1.0008490 seconds
[2023-10-19T20:58:49.750+0000][1204.278s][info ][safepoint     ] Entering safepoint region: Cleanup
[2023-10-19T20:58:49.750+0000][1204.278s][info ][safepoint     ] Leaving safepoint region
[2023-10-19T20:58:49.751+0000][1204.279s][info ][safepoint     ] Total time for which application threads were stopped: 0.0014367 seconds, Stopping threads took: 0.0005708 seconds
[2023-10-19T20:58:50.752+0000][1205.279s][debug][safepoint     ] Safepoint synchronization initiated. (177 threads)
[2023-10-19T20:58:50.752+0000][1205.280s][info ][safepoint     ] Application time: 1.0010082 seconds
[2023-10-19T20:58:50.753+0000][1205.281s][info ][safepoint     ] Entering safepoint region: Cleanup
[2023-10-19T20:58:50.754+0000][1205.282s][info ][safepoint     ] Leaving safepoint region
[2023-10-19T20:58:50.755+0000][1205.283s][info ][safepoint     ] Total time for which application threads were stopped: 0.0018808 seconds, Stopping threads took: 0.0008512 seconds
[2023-10-19T20:58:51.756+0000][1206.284s][debug][safepoint     ] Safepoint synchronization initiated. (177 threads)
[2023-10-19T20:58:51.757+0000][1206.285s][info ][safepoint     ] Application time: 1.0013116 seconds
[2023-10-19T20:58:51.758+0000][1206.286s][info ][safepoint     ] Entering safepoint region: Cleanup
[2023-10-19T20:58:51.759+0000][1206.287s][info ][safepoint     ] Leaving safepoint region
[2023-10-19T20:58:51.760+0000][1206.288s][info ][safepoint     ] Total time for which application threads were stopped: 0.0021986 seconds, Stopping threads took: 0.0010715 seconds
[2023-10-19T20:58:52.761+0000][1207.289s][debug][safepoint     ] Safepoint synchronization initiated. (177 threads)
[2023-10-19T20:58:52.762+0000][1207.290s][info ][safepoint     ] Application time: 1.0007993 seconds
[2023-10-19T20:58:52.762+0000][1207.290s][info ][safepoint     ] Entering safepoint region: Cleanup
[2023-10-19T20:58:52.763+0000][1207.291s][info ][safepoint     ] Leaving safepoint region
[2023-10-19T20:58:52.763+0000][1207.291s][info ][safepoint     ] Total time for which application threads were stopped: 0.0011173 seconds, Stopping threads took: 0.0005000 seconds
[2023-10-19T20:58:53.764+0000][1208.292s][debug][safepoint     ] Safepoint synchronization initiated. (177 threads)
[2023-10-19T20:58:53.764+0000][1208.293s][info ][safepoint     ] Application time: 1.0007174 seconds
[2023-10-19T20:58:53.765+0000][1208.293s][info ][safepoint     ] Entering safepoint region: Cleanup
[2023-10-19T20:58:53.765+0000][1208.293s][info ][safepoint     ] Leaving safepoint region
[2023-10-19T20:58:53.766+0000][1208.294s][info ][safepoint     ] Total time for which application threads were stopped: 0.0009542 seconds, Stopping threads took: 0.0004301 seconds
[2023-10-19T20:58:54.766+0000][1209.294s][debug][safepoint     ] Safepoint synchronization initiated. (177 threads)
[2023-10-19T20:58:54.767+0000][1209.295s][info ][safepoint     ] Application time: 1.0008575 seconds
[2023-10-19T20:58:54.767+0000][1209.296s][info ][safepoint     ] Entering safepoint region: Cleanup
[2023-10-19T20:58:54.768+0000][1209.297s][info ][safepoint     ] Leaving safepoint region
[2023-10-19T20:58:54.769+0000][1209.297s][info ][safepoint     ] Total time for which application threads were stopped: 0.0014642 seconds, Stopping threads took: 0.0007030 seconds
[2023-10-19T20:58:55.769+0000][1210.298s][debug][safepoint     ] Safepoint synchronization initiated. (177 threads)
[2023-10-19T20:58:55.770+0000][1210.298s][info ][safepoint     ] Application time: 1.0006175 seconds
[2023-10-19T20:58:55.770+0000][1210.298s][info ][safepoint     ] Entering safepoint region: Cleanup
[2023-10-19T20:58:55.771+0000][1210.299s][info ][safepoint     ] Leaving safepoint region
[2023-10-19T20:58:55.771+0000][1210.299s][info ][safepoint     ] Total time for which application threads were stopped: 0.0008201 seconds, Stopping threads took: 0.0003871 seconds
[2023-10-19T20:58:56.772+0000][1211.300s][debug][safepoint     ] Safepoint synchronization initiated. (177 threads)
[2023-10-19T20:58:56.773+0000][1211.301s][info ][safepoint     ] Application time: 1.0012601 seconds
[2023-10-19T20:58:56.773+0000][1211.302s][info ][safepoint     ] Entering safepoint region: Cleanup
[2023-10-19T20:58:56.774+0000][1211.303s][info ][safepoint     ] Leaving safepoint region
[2023-10-19T20:58:56.775+0000][1211.303s][info ][safepoint     ] Total time for which application threads were stopped: 0.0017650 seconds, Stopping threads took: 0.0008110 seconds
[2023-10-19T20:58:57.776+0000][1212.304s][debug][safepoint     ] Safepoint synchronization initiated. (177 threads)
[2023-10-19T20:58:57.776+0000][1212.304s][info ][safepoint     ] Application time: 1.0005606 seconds
[2023-10-19T20:58:57.777+0000][1212.305s][info ][safepoint     ] Entering safepoint region: Cleanup
[2023-10-19T20:58:57.777+0000][1212.305s][info ][safepoint     ] Leaving safepoint region
[2023-10-19T20:58:57.778+0000][1212.306s][info ][safepoint     ] Total time for which application threads were stopped: 0.0009382 seconds, Stopping threads took: 0.0003875 seconds
[2023-10-19T20:58:58.778+0000][1213.306s][debug][safepoint     ] Safepoint synchronization initiated. (177 threads)
[2023-10-19T20:58:58.778+0000][1213.307s][info ][safepoint     ] Application time: 1.0005370 seconds
[2023-10-19T20:58:58.779+0000][1213.307s][info ][safepoint     ] Entering safepoint region: Cleanup
[2023-10-19T20:58:58.779+0000][1213.308s][info ][safepoint     ] Leaving safepoint region
[2023-10-19T20:58:58.780+0000][1213.308s][info ][safepoint     ] Total time for which application threads were stopped: 0.0008614 seconds, Stopping threads took: 0.0003936 seconds
[2023-10-19T20:58:59.780+0000][1214.308s][debug][safepoint     ] Safepoint synchronization initiated. (177 threads)
[2023-10-19T20:58:59.781+0000][1214.309s][info ][safepoint     ] Application time: 1.0009154 seconds
[2023-10-19T20:58:59.782+0000][1214.310s][info ][safepoint     ] Entering safepoint region: Cleanup
[2023-10-19T20:58:59.782+0000][1214.311s][info ][safepoint     ] Leaving safepoint region
[2023-10-19T20:58:59.783+0000][1214.311s][info ][safepoint     ] Total time for which application threads were stopped: 0.0014563 seconds, Stopping threads took: 0.0007719 seconds
[2023-10-19T20:59:00.784+0000][1215.312s][debug][safepoint     ] Safepoint synchronization initiated. (177 threads)
[2023-10-19T20:59:00.785+0000][1215.313s][info ][safepoint     ] Application time: 1.0017153 seconds
[2023-10-19T20:59:00.786+0000][1215.314s][info ][safepoint     ] Entering safepoint region: Cleanup
[2023-10-19T20:59:00.786+0000][1215.315s][info ][safepoint     ] Leaving safepoint region
[2023-10-19T20:59:00.787+0000][1215.315s][info ][safepoint     ] Total time for which application threads were stopped: 0.0013282 seconds, Stopping threads took: 0.0006224 seconds
[2023-10-19T20:59:01.788+0000][1216.316s][debug][safepoint     ] Safepoint synchronization initiated. (177 threads)
[2023-10-19T20:59:01.789+0000][1216.317s][info ][safepoint     ] Application time: 1.0011222 seconds
[2023-10-19T20:59:01.789+0000][1216.317s][info ][safepoint     ] Entering safepoint region: Cleanup
[2023-10-19T20:59:01.790+0000][1216.318s][info ][safepoint     ] Leaving safepoint region
[2023-10-19T20:59:01.791+0000][1216.319s][info ][safepoint     ] Total time for which application threads were stopped: 0.0016977 seconds, Stopping threads took: 0.0007264 seconds
[2023-10-19T20:59:02.792+0000][1217.320s][debug][safepoint     ] Safepoint synchronization initiated. (177 threads)
[2023-10-19T20:59:02.792+0000][1217.321s][info ][safepoint     ] Application time: 1.0009624 seconds
[2023-10-19T20:59:02.793+0000][1217.321s][info ][safepoint     ] Entering safepoint region: Cleanup
[2023-10-19T20:59:02.794+0000][1217.322s][info ][safepoint     ] Leaving safepoint region
[2023-10-19T20:59:02.795+0000][1217.323s][info ][safepoint     ] Total time for which application threads were stopped: 0.0016176 seconds, Stopping threads took: 0.0007257 seconds
[2023-10-19T20:59:03.795+0000][1218.324s][debug][safepoint     ] Safepoint synchronization initiated. (177 threads)
[2023-10-19T20:59:03.797+0000][1218.325s][info ][safepoint     ] Application time: 1.0012534 seconds
[2023-10-19T20:59:03.798+0000][1218.326s][info ][safepoint     ] Entering safepoint region: Cleanup
[2023-10-19T20:59:03.799+0000][1218.327s][info ][safepoint     ] Leaving safepoint region
[2023-10-19T20:59:03.800+0000][1218.328s][info ][safepoint     ] Total time for which application threads were stopped: 0.0023315 seconds, Stopping threads took: 0.0010990 seconds
[2023-10-19T20:59:04.801+0000][1219.329s][debug][safepoint     ] Safepoint synchronization initiated. (177 threads)
[2023-10-19T20:59:04.802+0000][1219.330s][info ][safepoint     ] Application time: 1.0014181 seconds
[2023-10-19T20:59:04.803+0000][1219.331s][info ][safepoint     ] Entering safepoint region: Cleanup
[2023-10-19T20:59:04.805+0000][1219.333s][info ][safepoint     ] Leaving safepoint region
[2023-10-19T20:59:04.805+0000][1219.334s][info ][safepoint     ] Total time for which application threads were stopped: 0.0021739 seconds, Stopping threads took: 0.0010435 seconds
[2023-10-19T20:59:05.807+0000][1220.335s][debug][safepoint     ] Safepoint synchronization initiated. (177 threads)
[2023-10-19T20:59:05.808+0000][1220.336s][info ][safepoint     ] Application time: 1.0014349 seconds
[2023-10-19T20:59:05.809+0000][1220.337s][info ][safepoint     ] Entering safepoint region: Cleanup
[2023-10-19T20:59:05.810+0000][1220.338s][info ][safepoint     ] Leaving safepoint region
[2023-10-19T20:59:05.810+0000][1220.339s][info ][safepoint     ] Total time for which application threads were stopped: 0.0018843 seconds, Stopping threads took: 0.0008445 seconds
[2023-10-19T20:59:05.810+0000][1220.338s][debug][safepoint     ] ... found polling page return exception at pc = 0x00007fbdb0cb92c4, stub =0x00007fbda8840600
[2023-10-19T20:59:05.810+0000][1220.338s][debug][safepoint     ] ... found polling page return exception at pc = 0x00007fbdb0cb92c4, stub =0x00007fbda8840600
[2023-10-19T20:59:05.810+0000][1220.338s][debug][safepoint     ] ... found polling page return exception at pc = 0x00007fbdb0cb92c4, stub =0x00007fbda8840600
[2023-10-19T20:59:05.810+0000][1220.338s][debug][safepoint     ] ... found polling page return exception at pc = 0x00007fbdb0cb92c4, stub =0x00007fbda8840600
[2023-10-19T20:59:05.810+0000][1220.338s][debug][safepoint     ] ... found polling page return exception at pc = 0x00007fbdb0cb92c4, stub =0x00007fbda8840600
[2023-10-19T20:59:05.810+0000][1220.338s][debug][safepoint     ] ... found polling page return exception at pc = 0x00007fbdb0cb92c4, stub =0x00007fbda8840600
[2023-10-19T20:59:05.810+0000][1220.338s][debug][safepoint     ] ... found polling page return exception at pc = 0x00007fbdb0cb92c4, stub =0x00007fbda8840600
[2023-10-19T20:59:06.811+0000][1221.340s][debug][safepoint     ] Safepoint synchronization initiated. (177 threads)
[2023-10-19T20:59:06.812+0000][1221.340s][info ][safepoint     ] Application time: 1.0005532 seconds
[2023-10-19T20:59:06.812+0000][1221.340s][info ][safepoint     ] Entering safepoint region: Cleanup
[2023-10-19T20:59:06.813+0000][1221.341s][info ][safepoint     ] Leaving safepoint region
[2023-10-19T20:59:06.813+0000][1221.341s][info ][safepoint     ] Total time for which application threads were stopped: 0.0008538 seconds, Stopping threads took: 0.0003642 seconds
[2023-10-19T20:59:07.813+0000][1222.342s][debug][safepoint     ] Safepoint synchronization initiated. (177 threads)
[2023-10-19T20:59:07.814+0000][1222.342s][info ][safepoint     ] Application time: 1.0006782 seconds
[2023-10-19T20:59:07.815+0000][1222.343s][info ][safepoint     ] Entering safepoint region: Cleanup
[2023-10-19T20:59:07.815+0000][1222.343s][info ][safepoint     ] Leaving safepoint region
[2023-10-19T20:59:07.815+0000][1222.344s][info ][safepoint     ] Total time for which application threads were stopped: 0.0009584 seconds, Stopping threads took: 0.0004295 seconds
[2023-10-19T20:59:08.816+0000][1223.344s][debug][safepoint     ] Safepoint synchronization initiated. (177 threads)
[2023-10-19T20:59:08.816+0000][1223.345s][info ][safepoint     ] Application time: 1.0006006 seconds
[2023-10-19T20:59:08.817+0000][1223.345s][info ][safepoint     ] Entering safepoint region: Cleanup
[2023-10-19T20:59:08.817+0000][1223.345s][info ][safepoint     ] Leaving safepoint region
[2023-10-19T20:59:08.817+0000][1223.346s][info ][safepoint     ] Total time for which application threads were stopped: 0.0008110 seconds, Stopping threads took: 0.0003637 seconds
[2023-10-19T20:59:09.818+0000][1224.346s][debug][safepoint     ] Safepoint synchronization initiated. (177 threads)
[2023-10-19T20:59:09.819+0000][1224.347s][info ][safepoint     ] Application time: 1.0008733 seconds
[2023-10-19T20:59:09.819+0000][1224.347s][info ][safepoint     ] Entering safepoint region: Cleanup
[2023-10-19T20:59:09.820+0000][1224.348s][info ][safepoint     ] Leaving safepoint region
[2023-10-19T20:59:09.821+0000][1224.349s][info ][safepoint     ] Total time for which application threads were stopped: 0.0013776 seconds, Stopping threads took: 0.0005790 seconds
[2023-10-19T20:59:10.821+0000][1225.350s][debug][safepoint     ] Safepoint synchronization initiated. (177 threads)
[2023-10-19T20:59:10.823+0000][1225.351s][info ][safepoint     ] Application time: 1.0018423 seconds
[2023-10-19T20:59:10.824+0000][1225.352s][info ][safepoint     ] Entering safepoint region: Cleanup
[2023-10-19T20:59:10.825+0000][1225.353s][info ][safepoint     ] Leaving safepoint region
[2023-10-19T20:59:10.826+0000][1225.354s][info ][safepoint     ] Total time for which application threads were stopped: 0.0022947 seconds, Stopping threads took: 0.0009314 seconds
[2023-10-19T20:59:11.827+0000][1226.355s][debug][safepoint     ] Safepoint synchronization initiated. (177 threads)
[2023-10-19T20:59:11.828+0000][1226.357s][info ][safepoint     ] Application time: 1.0014181 seconds
[2023-10-19T20:59:11.829+0000][1226.357s][info ][safepoint     ] Entering safepoint region: Cleanup
[2023-10-19T20:59:11.830+0000][1226.358s][info ][safepoint     ] Leaving safepoint region
[2023-10-19T20:59:11.830+0000][1226.358s][info ][safepoint     ] Total time for which application threads were stopped: 0.0011473 seconds, Stopping threads took: 0.0004429 seconds
[2023-10-19T20:59:12.830+0000][1227.358s][debug][safepoint     ] Safepoint synchronization initiated. (177 threads)
[2023-10-19T20:59:12.831+0000][1227.359s][info ][safepoint     ] Application time: 1.0005498 seconds
[2023-10-19T20:59:12.831+0000][1227.359s][info ][safepoint     ] Entering safepoint region: Cleanup
[2023-10-19T20:59:12.832+0000][1227.360s][info ][safepoint     ] Leaving safepoint region
[2023-10-19T20:59:12.832+0000][1227.360s][info ][safepoint     ] Total time for which application threads were stopped: 0.0009171 seconds, Stopping threads took: 0.0004208 seconds
[2023-10-19T20:59:13.833+0000][1228.361s][debug][safepoint     ] Safepoint synchronization initiated. (177 threads)
[2023-10-19T20:59:13.833+0000][1228.362s][info ][safepoint     ] Application time: 1.0010404 seconds
[2023-10-19T20:59:13.835+0000][1228.363s][debug][safepoint     ] ... found polling page return exception at pc = 0x00007fbdb0c8ae7f, stub =0x00007fbda8840600
[2023-10-19T20:59:13.836+0000][1228.364s][debug][safepoint     ] Waiting for 1 thread(s) to block
[2023-10-19T20:59:13.836+0000][1228.365s][info ][safepoint     ] Entering safepoint region: Cleanup
[2023-10-19T20:59:13.837+0000][1228.365s][info ][safepoint     ] Leaving safepoint region
[2023-10-19T20:59:13.838+0000][1228.366s][info ][safepoint     ] Total time for which application threads were stopped: 0.0032205 seconds, Stopping threads took: 0.0024300 seconds
[2023-10-19T20:59:14.839+0000][1229.367s][debug][safepoint     ] Safepoint synchronization initiated. (177 threads)
[2023-10-19T20:59:14.839+0000][1229.367s][info ][safepoint     ] Application time: 1.0006779 seconds
[2023-10-19T20:59:14.840+0000][1229.368s][info ][safepoint     ] Entering safepoint region: Cleanup
[2023-10-19T20:59:14.840+0000][1229.369s][info ][safepoint     ] Leaving safepoint region
[2023-10-19T20:59:14.841+0000][1229.369s][info ][safepoint     ] Total time for which application threads were stopped: 0.0013141 seconds, Stopping threads took: 0.0005960 seconds
[2023-10-19T20:59:15.842+0000][1230.370s][debug][safepoint     ] Safepoint synchronization initiated. (177 threads)
[2023-10-19T20:59:15.842+0000][1230.370s][info ][safepoint     ] Application time: 1.0005353 seconds
[2023-10-19T20:59:15.842+0000][1230.371s][info ][safepoint     ] Entering safepoint region: Cleanup
[2023-10-19T20:59:15.843+0000][1230.371s][info ][safepoint     ] Leaving safepoint region
[2023-10-19T20:59:15.843+0000][1230.372s][info ][safepoint     ] Total time for which application threads were stopped: 0.0010134 seconds, Stopping threads took: 0.0004868 seconds
[2023-10-19T20:59:16.844+0000][1231.372s][debug][safepoint     ] Safepoint synchronization initiated. (177 threads)
[2023-10-19T20:59:16.844+0000][1231.372s][info ][safepoint     ] Application time: 1.0005641 seconds
[2023-10-19T20:59:16.845+0000][1231.373s][info ][safepoint     ] Entering safepoint region: Cleanup
[2023-10-19T20:59:16.845+0000][1231.373s][info ][safepoint     ] Leaving safepoint region
[2023-10-19T20:59:16.846+0000][1231.374s][info ][safepoint     ] Total time for which application threads were stopped: 0.0008371 seconds, Stopping threads took: 0.0003500 seconds
[2023-10-19T20:59:17.846+0000][1232.374s][debug][safepoint     ] Safepoint synchronization initiated. (177 threads)
[2023-10-19T20:59:17.846+0000][1232.374s][info ][safepoint     ] Application time: 1.0004835 seconds
[2023-10-19T20:59:17.847+0000][1232.375s][info ][safepoint     ] Entering safepoint region: Cleanup
[2023-10-19T20:59:17.847+0000][1232.375s][info ][safepoint     ] Leaving safepoint region
[2023-10-19T20:59:17.847+0000][1232.376s][info ][safepoint     ] Total time for which application threads were stopped: 0.0008181 seconds, Stopping threads took: 0.0003379 seconds
[2023-10-19T20:59:18.848+0000][1233.376s][debug][safepoint     ] Safepoint synchronization initiated. (177 threads)
[2023-10-19T20:59:18.848+0000][1233.377s][info ][safepoint     ] Application time: 1.0006692 seconds
[2023-10-19T20:59:18.849+0000][1233.377s][debug][safepoint     ] ... found polling page return exception at pc = 0x00007fbdb04ea3fd, stub =0x00007fbda8840600
[2023-10-19T20:59:18.849+0000][1233.377s][debug][safepoint     ] Waiting for 1 thread(s) to block
[2023-10-19T20:59:18.850+0000][1233.378s][info ][safepoint     ] Entering safepoint region: Cleanup
[2023-10-19T20:59:18.850+0000][1233.378s][info ][safepoint     ] Leaving safepoint region
[2023-10-19T20:59:18.850+0000][1233.379s][info ][safepoint     ] Total time for which application threads were stopped: 0.0016629 seconds, Stopping threads took: 0.0011243 seconds
[2023-10-19T20:59:19.851+0000][1234.379s][debug][safepoint     ] Safepoint synchronization initiated. (177 threads)
[2023-10-19T20:59:19.852+0000][1234.380s][info ][safepoint     ] Application time: 1.0008862 seconds
[2023-10-19T20:59:19.852+0000][1234.380s][info ][safepoint     ] Entering safepoint region: Cleanup
[2023-10-19T20:59:19.853+0000][1234.381s][info ][safepoint     ] Leaving safepoint region
[2023-10-19T20:59:19.854+0000][1234.382s][info ][safepoint     ] Total time for which application threads were stopped: 0.0013986 seconds, Stopping threads took: 0.0006899 seconds
[2023-10-19T20:59:20.855+0000][1235.383s][debug][safepoint     ] Safepoint synchronization initiated. (177 threads)
[2023-10-19T20:59:20.856+0000][1235.384s][info ][safepoint     ] Application time: 1.0015334 seconds
[2023-10-19T20:59:20.857+0000][1235.385s][info ][safepoint     ] Entering safepoint region: Cleanup
[2023-10-19T20:59:20.858+0000][1235.387s][info ][safepoint     ] Leaving safepoint region
[2023-10-19T20:59:20.859+0000][1235.388s][info ][safepoint     ] Total time for which application threads were stopped: 0.0026066 seconds, Stopping threads took: 0.0011934 seconds
[2023-10-19T20:59:21.860+0000][1236.389s][debug][safepoint     ] Safepoint synchronization initiated. (177 threads)
[2023-10-19T20:59:21.861+0000][1236.389s][info ][safepoint     ] Application time: 1.0005642 seconds
[2023-10-19T20:59:21.861+0000][1236.389s][info ][safepoint     ] Entering safepoint region: Cleanup
[2023-10-19T20:59:21.862+0000][1236.390s][info ][safepoint     ] Leaving safepoint region
[2023-10-19T20:59:21.862+0000][1236.390s][info ][safepoint     ] Total time for which application threads were stopped: 0.0008859 seconds, Stopping threads took: 0.0003909 seconds
[2023-10-19T20:59:22.863+0000][1237.391s][debug][safepoint     ] Safepoint synchronization initiated. (177 threads)
[2023-10-19T20:59:22.863+0000][1237.391s][info ][safepoint     ] Application time: 1.0007452 seconds
[2023-10-19T20:59:22.864+0000][1237.392s][info ][safepoint     ] Entering safepoint region: Cleanup
[2023-10-19T20:59:22.864+0000][1237.393s][info ][safepoint     ] Leaving safepoint region
[2023-10-19T20:59:22.865+0000][1237.393s][info ][safepoint     ] Total time for which application threads were stopped: 0.0013207 seconds, Stopping threads took: 0.0006262 seconds
[2023-10-19T20:59:23.866+0000][1238.394s][debug][safepoint     ] Safepoint synchronization initiated. (177 threads)
[2023-10-19T20:59:23.867+0000][1238.395s][info ][safepoint     ] Application time: 1.0015990 seconds
[2023-10-19T20:59:23.868+0000][1238.396s][info ][safepoint     ] Entering safepoint region: Cleanup
[2023-10-19T20:59:23.870+0000][1238.398s][info ][safepoint     ] Leaving safepoint region
[2023-10-19T20:59:23.871+0000][1238.399s][info ][safepoint     ] Total time for which application threads were stopped: 0.0025631 seconds, Stopping threads took: 0.0011093 seconds
[2023-10-19T20:59:24.872+0000][1239.400s][debug][safepoint     ] Safepoint synchronization initiated. (177 threads)
[2023-10-19T20:59:24.873+0000][1239.401s][info ][safepoint     ] Application time: 1.0012797 seconds
[2023-10-19T20:59:24.874+0000][1239.402s][info ][safepoint     ] Entering safepoint region: Cleanup
[2023-10-19T20:59:24.875+0000][1239.403s][info ][safepoint     ] Leaving safepoint region
[2023-10-19T20:59:24.876+0000][1239.404s][info ][safepoint     ] Total time for which application threads were stopped: 0.0022487 seconds, Stopping threads took: 0.0010129 seconds
[2023-10-19T20:59:25.877+0000][1240.406s][debug][safepoint     ] Safepoint synchronization initiated. (177 threads)
[2023-10-19T20:59:25.878+0000][1240.407s][info ][safepoint     ] Application time: 1.0013172 seconds
[2023-10-19T20:59:25.879+0000][1240.407s][info ][safepoint     ] Entering safepoint region: Cleanup
[2023-10-19T20:59:25.880+0000][1240.409s][info ][safepoint     ] Leaving safepoint region
[2023-10-19T20:59:25.881+0000][1240.409s][info ][safepoint     ] Total time for which application threads were stopped: 0.0019369 seconds, Stopping threads took: 0.0008629 seconds
[2023-10-19T20:59:26.882+0000][1241.410s][debug][safepoint     ] Safepoint synchronization initiated. (177 threads)
[2023-10-19T20:59:26.883+0000][1241.412s][info ][safepoint     ] Application time: 1.0015273 seconds
[2023-10-19T20:59:26.884+0000][1241.413s][info ][safepoint     ] Entering safepoint region: Cleanup
[2023-10-19T20:59:26.886+0000][1241.414s][info ][safepoint     ] Leaving safepoint region
[2023-10-19T20:59:26.887+0000][1241.415s][info ][safepoint     ] Total time for which application threads were stopped: 0.0022410 seconds, Stopping threads took: 0.0010338 seconds
[2023-10-19T20:59:27.888+0000][1242.416s][debug][safepoint     ] Safepoint synchronization initiated. (177 threads)
[2023-10-19T20:59:27.888+0000][1242.416s][info ][safepoint     ] Application time: 1.0006671 seconds
[2023-10-19T20:59:27.889+0000][1242.417s][info ][safepoint     ] Entering safepoint region: Cleanup
[2023-10-19T20:59:27.889+0000][1242.418s][info ][safepoint     ] Leaving safepoint region
[2023-10-19T20:59:27.890+0000][1242.418s][info ][safepoint     ] Total time for which application threads were stopped: 0.0012808 seconds, Stopping threads took: 0.0005924 seconds
[2023-10-19T20:59:28.891+0000][1243.419s][debug][safepoint     ] Safepoint synchronization initiated. (177 threads)
[2023-10-19T20:59:28.891+0000][1243.420s][info ][safepoint     ] Application time: 1.0007906 seconds
[2023-10-19T20:59:28.892+0000][1243.420s][info ][safepoint     ] Entering safepoint region: Cleanup
[2023-10-19T20:59:28.892+0000][1243.421s][info ][safepoint     ] Leaving safepoint region
[2023-10-19T20:59:28.893+0000][1243.421s][info ][safepoint     ] Total time for which application threads were stopped: 0.0011147 seconds, Stopping threads took: 0.0004510 seconds
[2023-10-19T20:59:29.894+0000][1244.422s][debug][safepoint     ] Safepoint synchronization initiated. (177 threads)
[2023-10-19T20:59:29.895+0000][1244.423s][info ][safepoint     ] Application time: 1.0015191 seconds
[2023-10-19T20:59:29.896+0000][1244.424s][info ][safepoint     ] Entering safepoint region: Cleanup
[2023-10-19T20:59:29.898+0000][1244.426s][info ][safepoint     ] Leaving safepoint region
[2023-10-19T20:59:29.898+0000][1244.427s][info ][safepoint     ] Total time for which application threads were stopped: 0.0024436 seconds, Stopping threads took: 0.0011002 seconds
[2023-10-19T20:59:30.900+0000][1245.428s][debug][safepoint     ] Safepoint synchronization initiated. (177 threads)
[2023-10-19T20:59:30.901+0000][1245.429s][info ][safepoint     ] Application time: 1.0016313 seconds
[2023-10-19T20:59:30.902+0000][1245.430s][info ][safepoint     ] Entering safepoint region: Cleanup
[2023-10-19T20:59:30.904+0000][1245.432s][info ][safepoint     ] Leaving safepoint region
[2023-10-19T20:59:30.905+0000][1245.433s][info ][safepoint     ] Total time for which application threads were stopped: 0.0026985 seconds, Stopping threads took: 0.0010957 seconds
[2023-10-19T20:59:31.906+0000][1246.434s][debug][safepoint     ] Safepoint synchronization initiated. (177 threads)
[2023-10-19T20:59:31.908+0000][1246.436s][info ][safepoint     ] Application time: 1.0017659 seconds
[2023-10-19T20:59:31.909+0000][1246.437s][info ][safepoint     ] Entering safepoint region: Cleanup
[2023-10-19T20:59:31.910+0000][1246.438s][info ][safepoint     ] Leaving safepoint region
[2023-10-19T20:59:31.911+0000][1246.439s][info ][safepoint     ] Total time for which application threads were stopped: 0.0026700 seconds, Stopping threads took: 0.0011534 seconds
[2023-10-19T20:59:32.912+0000][1247.441s][debug][safepoint     ] Safepoint synchronization initiated. (177 threads)
[2023-10-19T20:59:32.913+0000][1247.442s][info ][safepoint     ] Application time: 1.0012289 seconds
[2023-10-19T20:59:32.914+0000][1247.442s][info ][safepoint     ] Entering safepoint region: Cleanup
[2023-10-19T20:59:32.915+0000][1247.443s][info ][safepoint     ] Leaving safepoint region
[2023-10-19T20:59:32.915+0000][1247.443s][info ][safepoint     ] Total time for which application threads were stopped: 0.0010826 seconds, Stopping threads took: 0.0004054 seconds
[2023-10-19T20:59:33.916+0000][1248.444s][debug][safepoint     ] Safepoint synchronization initiated. (177 threads)
[2023-10-19T20:59:33.917+0000][1248.445s][info ][safepoint     ] Application time: 1.0013342 seconds
[2023-10-19T20:59:33.918+0000][1248.446s][info ][safepoint     ] Entering safepoint region: Cleanup
[2023-10-19T20:59:33.919+0000][1248.448s][info ][safepoint     ] Leaving safepoint region
[2023-10-19T20:59:33.920+0000][1248.449s][info ][safepoint     ] Total time for which application threads were stopped: 0.0023888 seconds, Stopping threads took: 0.0010697 seconds
[2023-10-19T20:59:34.922+0000][1249.450s][debug][safepoint     ] Safepoint synchronization initiated. (177 threads)
[2023-10-19T20:59:34.923+0000][1249.451s][info ][safepoint     ] Application time: 1.0017968 seconds
[2023-10-19T20:59:34.924+0000][1249.452s][info ][safepoint     ] Entering safepoint region: Cleanup
[2023-10-19T20:59:34.926+0000][1249.454s][info ][safepoint     ] Leaving safepoint region
[2023-10-19T20:59:34.927+0000][1249.455s][info ][safepoint     ] Total time for which application threads were stopped: 0.0025182 seconds, Stopping threads took: 0.0010102 seconds
[2023-10-19T20:59:35.928+0000][1250.456s][debug][safepoint     ] Safepoint synchronization initiated. (177 threads)
[2023-10-19T20:59:35.929+0000][1250.457s][info ][safepoint     ] Application time: 1.0014940 seconds
[2023-10-19T20:59:35.930+0000][1250.458s][info ][safepoint     ] Entering safepoint region: Cleanup
[2023-10-19T20:59:35.931+0000][1250.459s][info ][safepoint     ] Leaving safepoint region
[2023-10-19T20:59:35.932+0000][1250.460s][info ][safepoint     ] Total time for which application threads were stopped: 0.0021387 seconds, Stopping threads took: 0.0008936 seconds
[2023-10-19T20:59:36.933+0000][1251.461s][debug][safepoint     ] Safepoint synchronization initiated. (177 threads)
[2023-10-19T20:59:36.934+0000][1251.462s][info ][safepoint     ] Application time: 1.0013335 seconds
[2023-10-19T20:59:36.935+0000][1251.463s][info ][safepoint     ] Entering safepoint region: Cleanup
[2023-10-19T20:59:36.937+0000][1251.465s][info ][safepoint     ] Leaving safepoint region
[2023-10-19T20:59:36.937+0000][1251.466s][info ][safepoint     ] Total time for which application threads were stopped: 0.0023772 seconds, Stopping threads took: 0.0010446 seconds
[2023-10-19T20:59:37.939+0000][1252.467s][debug][safepoint     ] Safepoint synchronization initiated. (177 threads)
[2023-10-19T20:59:37.940+0000][1252.468s][info ][safepoint     ] Application time: 1.0015116 seconds
[2023-10-19T20:59:37.941+0000][1252.470s][info ][safepoint     ] Entering safepoint region: Cleanup
[2023-10-19T20:59:37.943+0000][1252.471s][info ][safepoint     ] Leaving safepoint region
[2023-10-19T20:59:37.944+0000][1252.472s][info ][safepoint     ] Total time for which application threads were stopped: 0.0024355 seconds, Stopping threads took: 0.0011084 seconds
[2023-10-19T20:59:38.945+0000][1253.473s][debug][safepoint     ] Safepoint synchronization initiated. (177 threads)
[2023-10-19T20:59:38.945+0000][1253.473s][info ][safepoint     ] Application time: 1.0007260 seconds
[2023-10-19T20:59:38.946+0000][1253.474s][info ][safepoint     ] Entering safepoint region: Cleanup
[2023-10-19T20:59:38.946+0000][1253.474s][info ][safepoint     ] Leaving safepoint region
[2023-10-19T20:59:38.947+0000][1253.475s][info ][safepoint     ] Total time for which application threads were stopped: 0.0010968 seconds, Stopping threads took: 0.0004568 seconds
[2023-10-19T20:59:39.947+0000][1254.476s][debug][safepoint     ] Safepoint synchronization initiated. (177 threads)
[2023-10-19T20:59:39.949+0000][1254.477s][info ][safepoint     ] Application time: 1.0020109 seconds
[2023-10-19T20:59:39.950+0000][1254.478s][info ][safepoint     ] Entering safepoint region: Cleanup
[2023-10-19T20:59:39.952+0000][1254.480s][info ][safepoint     ] Leaving safepoint region
[2023-10-19T20:59:39.953+0000][1254.481s][info ][safepoint     ] Total time for which application threads were stopped: 0.0028058 seconds, Stopping threads took: 0.0011215 seconds
[2023-10-19T20:59:40.954+0000][1255.482s][debug][safepoint     ] Safepoint synchronization initiated. (177 threads)
[2023-10-19T20:59:40.955+0000][1255.484s][info ][safepoint     ] Application time: 1.0015072 seconds
[2023-10-19T20:59:40.957+0000][1255.485s][info ][safepoint     ] Entering safepoint region: Cleanup
[2023-10-19T20:59:40.958+0000][1255.486s][info ][safepoint     ] Leaving safepoint region
[2023-10-19T20:59:40.959+0000][1255.487s][info ][safepoint     ] Total time for which application threads were stopped: 0.0026283 seconds, Stopping threads took: 0.0012054 seconds
[2023-10-19T20:59:41.960+0000][1256.489s][debug][safepoint     ] Safepoint synchronization initiated. (177 threads)
[2023-10-19T20:59:41.961+0000][1256.489s][info ][safepoint     ] Application time: 1.0009263 seconds
[2023-10-19T20:59:41.962+0000][1256.490s][info ][safepoint     ] Entering safepoint region: Cleanup
[2023-10-19T20:59:41.963+0000][1256.491s][info ][safepoint     ] Leaving safepoint region
[2023-10-19T20:59:41.963+0000][1256.491s][info ][safepoint     ] Total time for which application threads were stopped: 0.0012848 seconds, Stopping threads took: 0.0005607 seconds
[2023-10-19T20:59:42.964+0000][1257.492s][debug][safepoint     ] Safepoint synchronization initiated. (177 threads)
[2023-10-19T20:59:42.965+0000][1257.494s][info ][safepoint     ] Application time: 1.0015606 seconds
[2023-10-19T20:59:42.966+0000][1257.495s][info ][safepoint     ] Entering safepoint region: Cleanup
[2023-10-19T20:59:42.968+0000][1257.496s][info ][safepoint     ] Leaving safepoint region
[2023-10-19T20:59:42.968+0000][1257.497s][info ][safepoint     ] Total time for which application threads were stopped: 0.0020810 seconds, Stopping threads took: 0.0009487 seconds
[2023-10-19T20:59:43.970+0000][1258.498s][debug][safepoint     ] Safepoint synchronization initiated. (177 threads)
[2023-10-19T20:59:43.971+0000][1258.499s][info ][safepoint     ] Application time: 1.0017720 seconds
[2023-10-19T20:59:43.972+0000][1258.500s][info ][safepoint     ] Entering safepoint region: Cleanup
[2023-10-19T20:59:43.974+0000][1258.502s][info ][safepoint     ] Leaving safepoint region
[2023-10-19T20:59:43.975+0000][1258.503s][info ][safepoint     ] Total time for which application threads were stopped: 0.0025387 seconds, Stopping threads took: 0.0012679 seconds
[2023-10-19T20:59:44.975+0000][1259.504s][debug][safepoint     ] Safepoint synchronization initiated. (177 threads)
[2023-10-19T20:59:44.976+0000][1259.504s][info ][safepoint     ] Application time: 1.0010249 seconds
[2023-10-19T20:59:44.977+0000][1259.505s][info ][safepoint     ] Entering safepoint region: Cleanup
[2023-10-19T20:59:44.977+0000][1259.506s][info ][safepoint     ] Leaving safepoint region
[2023-10-19T20:59:44.978+0000][1259.506s][info ][safepoint     ] Total time for which application threads were stopped: 0.0012035 seconds, Stopping threads took: 0.0004885 seconds
[2023-10-19T20:59:45.978+0000][1260.507s][debug][safepoint     ] Safepoint synchronization initiated. (177 threads)
[2023-10-19T20:59:45.981+0000][1260.509s][info ][safepoint     ] Application time: 1.0026074 seconds
[2023-10-19T20:59:45.982+0000][1260.510s][info ][safepoint     ] Entering safepoint region: Cleanup
[2023-10-19T20:59:45.982+0000][1260.511s][info ][safepoint     ] Leaving safepoint region
[2023-10-19T20:59:45.983+0000][1260.511s][info ][safepoint     ] Total time for which application threads were stopped: 0.0011356 seconds, Stopping threads took: 0.0005324 seconds
[2023-10-19T20:59:46.984+0000][1261.512s][debug][safepoint     ] Safepoint synchronization initiated. (177 threads)
[2023-10-19T20:59:46.984+0000][1261.512s][info ][safepoint     ] Application time: 1.0007254 seconds
[2023-10-19T20:59:46.985+0000][1261.513s][info ][safepoint     ] Entering safepoint region: Cleanup
[2023-10-19T20:59:46.986+0000][1261.514s][info ][safepoint     ] Leaving safepoint region
[2023-10-19T20:59:46.986+0000][1261.514s][info ][safepoint     ] Total time for which application threads were stopped: 0.0011818 seconds, Stopping threads took: 0.0005044 seconds
[2023-10-19T20:59:47.987+0000][1262.515s][debug][safepoint     ] Safepoint synchronization initiated. (177 threads)
[2023-10-19T20:59:47.988+0000][1262.516s][info ][safepoint     ] Application time: 1.0013541 seconds
[2023-10-19T20:59:47.989+0000][1262.517s][info ][safepoint     ] Entering safepoint region: Cleanup
[2023-10-19T20:59:47.990+0000][1262.518s][info ][safepoint     ] Leaving safepoint region
[2023-10-19T20:59:47.991+0000][1262.519s][info ][safepoint     ] Total time for which application threads were stopped: 0.0019634 seconds, Stopping threads took: 0.0008727 seconds
[2023-10-19T20:59:48.992+0000][1263.520s][debug][safepoint     ] Safepoint synchronization initiated. (177 threads)
[2023-10-19T20:59:48.992+0000][1263.520s][info ][safepoint     ] Application time: 1.0009145 seconds
[2023-10-19T20:59:48.993+0000][1263.521s][info ][safepoint     ] Entering safepoint region: Cleanup
[2023-10-19T20:59:48.994+0000][1263.522s][info ][safepoint     ] Leaving safepoint region
[2023-10-19T20:59:48.994+0000][1263.522s][info ][safepoint     ] Total time for which application threads were stopped: 0.0011999 seconds, Stopping threads took: 0.0005256 seconds
[2023-10-19T20:59:49.995+0000][1264.523s][debug][safepoint     ] Safepoint synchronization initiated. (177 threads)
[2023-10-19T20:59:49.996+0000][1264.524s][info ][safepoint     ] Application time: 1.0012715 seconds
[2023-10-19T20:59:49.997+0000][1264.525s][info ][safepoint     ] Entering safepoint region: Cleanup
[2023-10-19T20:59:49.998+0000][1264.527s][info ][safepoint     ] Leaving safepoint region
[2023-10-19T20:59:49.999+0000][1264.528s][info ][safepoint     ] Total time for which application threads were stopped: 0.0024849 seconds, Stopping threads took: 0.0011425 seconds
[2023-10-19T20:59:51.001+0000][1265.529s][debug][safepoint     ] Safepoint synchronization initiated. (177 threads)
[2023-10-19T20:59:51.002+0000][1265.530s][info ][safepoint     ] Application time: 1.0015440 seconds
[2023-10-19T20:59:51.003+0000][1265.531s][info ][safepoint     ] Entering safepoint region: Cleanup
[2023-10-19T20:59:51.004+0000][1265.533s][info ][safepoint     ] Leaving safepoint region
[2023-10-19T20:59:51.005+0000][1265.533s][info ][safepoint     ] Total time for which application threads were stopped: 0.0022836 seconds, Stopping threads took: 0.0010958 seconds
[2023-10-19T20:59:52.006+0000][1266.534s][debug][safepoint     ] Safepoint synchronization initiated. (177 threads)
[2023-10-19T20:59:52.006+0000][1266.535s][info ][safepoint     ] Application time: 1.0005659 seconds
[2023-10-19T20:59:52.007+0000][1266.535s][info ][safepoint     ] Entering safepoint region: Cleanup
[2023-10-19T20:59:52.008+0000][1266.536s][info ][safepoint     ] Leaving safepoint region
[2023-10-19T20:59:52.008+0000][1266.536s][info ][safepoint     ] Total time for which application threads were stopped: 0.0012780 seconds, Stopping threads took: 0.0005130 seconds
[2023-10-19T20:59:53.009+0000][1267.537s][debug][safepoint     ] Safepoint synchronization initiated. (177 threads)
[2023-10-19T20:59:53.010+0000][1267.538s][info ][safepoint     ] Application time: 1.0014117 seconds
[2023-10-19T20:59:53.011+0000][1267.539s][info ][safepoint     ] Entering safepoint region: Cleanup
[2023-10-19T20:59:53.012+0000][1267.541s][info ][safepoint     ] Leaving safepoint region
[2023-10-19T20:59:53.013+0000][1267.541s][info ][safepoint     ] Total time for which application threads were stopped: 0.0023072 seconds, Stopping threads took: 0.0010093 seconds
[2023-10-19T20:59:54.014+0000][1268.542s][debug][safepoint     ] Safepoint synchronization initiated. (177 threads)
[2023-10-19T20:59:54.015+0000][1268.543s][info ][safepoint     ] Application time: 1.0011636 seconds
[2023-10-19T20:59:54.016+0000][1268.544s][info ][safepoint     ] Entering safepoint region: Cleanup
[2023-10-19T20:59:54.017+0000][1268.545s][info ][safepoint     ] Leaving safepoint region
[2023-10-19T20:59:54.018+0000][1268.546s][info ][safepoint     ] Total time for which application threads were stopped: 0.0018135 seconds, Stopping threads took: 0.0008464 seconds
[2023-10-19T20:59:55.019+0000][1269.547s][debug][safepoint     ] Safepoint synchronization initiated. (177 threads)
[2023-10-19T20:59:55.020+0000][1269.548s][info ][safepoint     ] Application time: 1.0013079 seconds
[2023-10-19T20:59:55.021+0000][1269.549s][info ][safepoint     ] Entering safepoint region: Cleanup
[2023-10-19T20:59:55.022+0000][1269.550s][info ][safepoint     ] Leaving safepoint region
[2023-10-19T20:59:55.023+0000][1269.551s][info ][safepoint     ] Total time for which application threads were stopped: 0.0025139 seconds, Stopping threads took: 0.0009884 seconds
[2023-10-19T20:59:56.024+0000][1270.553s][debug][safepoint     ] Safepoint synchronization initiated. (177 threads)
[2023-10-19T20:59:56.026+0000][1270.554s][info ][safepoint     ] Application time: 1.0013874 seconds
[2023-10-19T20:59:56.026+0000][1270.555s][info ][safepoint     ] Entering safepoint region: Cleanup
[2023-10-19T20:59:56.028+0000][1270.556s][info ][safepoint     ] Leaving safepoint region
[2023-10-19T20:59:56.029+0000][1270.557s][info ][safepoint     ] Total time for which application threads were stopped: 0.0021893 seconds, Stopping threads took: 0.0009629 seconds
[2023-10-19T20:59:57.030+0000][1271.558s][debug][safepoint     ] Safepoint synchronization initiated. (177 threads)
[2023-10-19T20:59:57.031+0000][1271.559s][info ][safepoint     ] Application time: 1.0012808 seconds
[2023-10-19T20:59:57.032+0000][1271.560s][info ][safepoint     ] Entering safepoint region: Cleanup
[2023-10-19T20:59:57.033+0000][1271.561s][info ][safepoint     ] Leaving safepoint region
[2023-10-19T20:59:57.034+0000][1271.562s][info ][safepoint     ] Total time for which application threads were stopped: 0.0023327 seconds, Stopping threads took: 0.0009721 seconds
[2023-10-19T20:59:58.035+0000][1272.563s][debug][safepoint     ] Safepoint synchronization initiated. (177 threads)
[2023-10-19T20:59:58.036+0000][1272.564s][info ][safepoint     ] Application time: 1.0012577 seconds
[2023-10-19T20:59:58.037+0000][1272.565s][info ][safepoint     ] Entering safepoint region: Cleanup
[2023-10-19T20:59:58.038+0000][1272.566s][info ][safepoint     ] Leaving safepoint region
[2023-10-19T20:59:58.039+0000][1272.567s][info ][safepoint     ] Total time for which application threads were stopped: 0.0020385 seconds, Stopping threads took: 0.0009104 seconds
[2023-10-19T20:59:59.040+0000][1273.568s][debug][safepoint     ] Safepoint synchronization initiated. (177 threads)
[2023-10-19T20:59:59.041+0000][1273.569s][info ][safepoint     ] Application time: 1.0010296 seconds
[2023-10-19T20:59:59.042+0000][1273.570s][info ][safepoint     ] Entering safepoint region: Cleanup
[2023-10-19T20:59:59.043+0000][1273.571s][info ][safepoint     ] Leaving safepoint region
[2023-10-19T20:59:59.043+0000][1273.571s][info ][safepoint     ] Total time for which application threads were stopped: 0.0015597 seconds, Stopping threads took: 0.0007499 seconds
[2023-10-19T21:00:00.044+0000][1274.572s][debug][safepoint     ] Safepoint synchronization initiated. (177 threads)
[2023-10-19T21:00:00.045+0000][1274.573s][info ][safepoint     ] Application time: 1.0012641 seconds
[2023-10-19T21:00:00.046+0000][1274.574s][info ][safepoint     ] Entering safepoint region: Cleanup
[2023-10-19T21:00:00.047+0000][1274.575s][info ][safepoint     ] Leaving safepoint region
[2023-10-19T21:00:00.048+0000][1274.576s][info ][safepoint     ] Total time for which application threads were stopped: 0.0019917 seconds, Stopping threads took: 0.0008921 seconds
[2023-10-19T21:00:01.049+0000][1275.577s][debug][safepoint     ] Safepoint synchronization initiated. (177 threads)
[2023-10-19T21:00:01.050+0000][1275.578s][info ][safepoint     ] Application time: 1.0016792 seconds
[2023-10-19T21:00:01.051+0000][1275.580s][info ][safepoint     ] Entering safepoint region: Cleanup
[2023-10-19T21:00:01.053+0000][1275.581s][info ][safepoint     ] Leaving safepoint region
[2023-10-19T21:00:01.054+0000][1275.582s][info ][safepoint     ] Total time for which application threads were stopped: 0.0026998 seconds, Stopping threads took: 0.0012615 seconds
[2023-10-19T21:00:02.055+0000][1276.583s][debug][safepoint     ] Safepoint synchronization initiated. (177 threads)
[2023-10-19T21:00:02.056+0000][1276.585s][info ][safepoint     ] Application time: 1.0013373 seconds
[2023-10-19T21:00:02.058+0000][1276.586s][info ][safepoint     ] Entering safepoint region: Cleanup
[2023-10-19T21:00:02.059+0000][1276.587s][info ][safepoint     ] Leaving safepoint region
[2023-10-19T21:00:02.060+0000][1276.589s][info ][safepoint     ] Total time for which application threads were stopped: 0.0028788 seconds, Stopping threads took: 0.0012852 seconds
[2023-10-19T21:00:03.062+0000][1277.590s][debug][safepoint     ] Safepoint synchronization initiated. (177 threads)
[2023-10-19T21:00:03.063+0000][1277.591s][info ][safepoint     ] Application time: 1.0013294 seconds
[2023-10-19T21:00:03.064+0000][1277.592s][info ][safepoint     ] Entering safepoint region: Cleanup
[2023-10-19T21:00:03.065+0000][1277.593s][info ][safepoint     ] Leaving safepoint region
[2023-10-19T21:00:03.066+0000][1277.594s][info ][safepoint     ] Total time for which application threads were stopped: 0.0021490 seconds, Stopping threads took: 0.0009708 seconds
[2023-10-19T21:00:04.067+0000][1278.595s][debug][safepoint     ] Safepoint synchronization initiated. (177 threads)
[2023-10-19T21:00:04.068+0000][1278.596s][info ][safepoint     ] Application time: 1.0015733 seconds
[2023-10-19T21:00:04.069+0000][1278.597s][info ][safepoint     ] Entering safepoint region: Cleanup
[2023-10-19T21:00:04.071+0000][1278.599s][info ][safepoint     ] Leaving safepoint region
[2023-10-19T21:00:04.072+0000][1278.600s][info ][safepoint     ] Total time for which application threads were stopped: 0.0030644 seconds, Stopping threads took: 0.0013410 seconds
[2023-10-19T21:00:05.074+0000][1279.602s][debug][safepoint     ] Safepoint synchronization initiated. (177 threads)
[2023-10-19T21:00:05.075+0000][1279.603s][info ][safepoint     ] Application time: 1.0014732 seconds
[2023-10-19T21:00:05.076+0000][1279.604s][info ][safepoint     ] Entering safepoint region: Cleanup
[2023-10-19T21:00:05.077+0000][1279.606s][info ][safepoint     ] Leaving safepoint region
[2023-10-19T21:00:05.078+0000][1279.607s][info ][safepoint     ] Total time for which application threads were stopped: 0.0025953 seconds, Stopping threads took: 0.0011752 seconds
[2023-10-19T21:00:06.080+0000][1280.608s][debug][safepoint     ] Safepoint synchronization initiated. (177 threads)
[2023-10-19T21:00:06.081+0000][1280.609s][info ][safepoint     ] Application time: 1.0013911 seconds
[2023-10-19T21:00:06.082+0000][1280.610s][info ][safepoint     ] Entering safepoint region: Cleanup
[2023-10-19T21:00:06.083+0000][1280.611s][info ][safepoint     ] Leaving safepoint region
[2023-10-19T21:00:06.083+0000][1280.611s][info ][safepoint     ] Total time for which application threads were stopped: 0.0016497 seconds, Stopping threads took: 0.0007045 seconds
[2023-10-19T21:00:07.084+0000][1281.612s][debug][safepoint     ] Safepoint synchronization initiated. (177 threads)
[2023-10-19T21:00:07.085+0000][1281.613s][info ][safepoint     ] Application time: 1.0010717 seconds
[2023-10-19T21:00:07.086+0000][1281.614s][info ][safepoint     ] Entering safepoint region: Cleanup
[2023-10-19T21:00:07.087+0000][1281.615s][info ][safepoint     ] Leaving safepoint region
[2023-10-19T21:00:07.088+0000][1281.616s][info ][safepoint     ] Total time for which application threads were stopped: 0.0021907 seconds, Stopping threads took: 0.0010174 seconds
[2023-10-19T21:00:08.089+0000][1282.617s][debug][safepoint     ] Safepoint synchronization initiated. (177 threads)
[2023-10-19T21:00:08.091+0000][1282.619s][info ][safepoint     ] Application time: 1.0018618 seconds
[2023-10-19T21:00:08.092+0000][1282.620s][info ][safepoint     ] Entering safepoint region: Cleanup
[2023-10-19T21:00:08.093+0000][1282.622s][info ][safepoint     ] Leaving safepoint region
[2023-10-19T21:00:08.094+0000][1282.622s][info ][safepoint     ] Total time for which application threads were stopped: 0.0025909 seconds, Stopping threads took: 0.0012899 seconds
[2023-10-19T21:00:09.096+0000][1283.624s][debug][safepoint     ] Safepoint synchronization initiated. (177 threads)
[2023-10-19T21:00:09.096+0000][1283.624s][info ][safepoint     ] Application time: 1.0008713 seconds
[2023-10-19T21:00:09.097+0000][1283.625s][info ][safepoint     ] Entering safepoint region: Cleanup
[2023-10-19T21:00:09.098+0000][1283.626s][info ][safepoint     ] Leaving safepoint region
[2023-10-19T21:00:09.098+0000][1283.626s][info ][safepoint     ] Total time for which application threads were stopped: 0.0013047 seconds, Stopping threads took: 0.0005434 seconds
[2023-10-19T21:00:10.099+0000][1284.627s][debug][safepoint     ] Safepoint synchronization initiated. (177 threads)
[2023-10-19T21:00:10.101+0000][1284.629s][info ][safepoint     ] Application time: 1.0017634 seconds
[2023-10-19T21:00:10.102+0000][1284.630s][info ][safepoint     ] Entering safepoint region: Cleanup
[2023-10-19T21:00:10.103+0000][1284.631s][info ][safepoint     ] Leaving safepoint region
[2023-10-19T21:00:10.104+0000][1284.632s][info ][safepoint     ] Total time for which application threads were stopped: 0.0024489 seconds, Stopping threads took: 0.0011285 seconds
[2023-10-19T21:00:11.105+0000][1285.633s][debug][safepoint     ] Safepoint synchronization initiated. (177 threads)
[2023-10-19T21:00:11.106+0000][1285.634s][info ][safepoint     ] Application time: 1.0007156 seconds
[2023-10-19T21:00:11.106+0000][1285.634s][info ][safepoint     ] Entering safepoint region: Cleanup
[2023-10-19T21:00:11.107+0000][1285.635s][info ][safepoint     ] Leaving safepoint region
[2023-10-19T21:00:11.107+0000][1285.636s][info ][safepoint     ] Total time for which application threads were stopped: 0.0012467 seconds, Stopping threads took: 0.0005430 seconds
[2023-10-19T21:00:12.108+0000][1286.636s][debug][safepoint     ] Safepoint synchronization initiated. (177 threads)
[2023-10-19T21:00:12.110+0000][1286.638s][info ][safepoint     ] Application time: 1.0016824 seconds
[2023-10-19T21:00:12.111+0000][1286.639s][info ][safepoint     ] Entering safepoint region: Cleanup
[2023-10-19T21:00:12.112+0000][1286.641s][info ][safepoint     ] Leaving safepoint region
[2023-10-19T21:00:12.113+0000][1286.641s][info ][safepoint     ] Total time for which application threads were stopped: 0.0025993 seconds, Stopping threads took: 0.0012460 seconds
[2023-10-19T21:00:13.114+0000][1287.643s][debug][safepoint     ] Safepoint synchronization initiated. (177 threads)
[2023-10-19T21:00:13.115+0000][1287.643s][info ][safepoint     ] Application time: 1.0005128 seconds
[2023-10-19T21:00:13.115+0000][1287.643s][info ][safepoint     ] Entering safepoint region: Cleanup
[2023-10-19T21:00:13.116+0000][1287.644s][info ][safepoint     ] Leaving safepoint region
[2023-10-19T21:00:13.116+0000][1287.644s][info ][safepoint     ] Total time for which application threads were stopped: 0.0008982 seconds, Stopping threads took: 0.0003716 seconds
[2023-10-19T21:00:14.117+0000][1288.645s][debug][safepoint     ] Safepoint synchronization initiated. (177 threads)
[2023-10-19T21:00:14.118+0000][1288.646s][info ][safepoint     ] Application time: 1.0010167 seconds
[2023-10-19T21:00:14.118+0000][1288.646s][info ][safepoint     ] Entering safepoint region: Cleanup
[2023-10-19T21:00:14.119+0000][1288.647s][info ][safepoint     ] Leaving safepoint region
[2023-10-19T21:00:14.120+0000][1288.648s][info ][safepoint     ] Total time for which application threads were stopped: 0.0014420 seconds, Stopping threads took: 0.0005992 seconds
[2023-10-19T21:00:15.120+0000][1289.648s][debug][safepoint     ] Safepoint synchronization initiated. (177 threads)
[2023-10-19T21:00:15.121+0000][1289.649s][info ][safepoint     ] Application time: 1.0008070 seconds
[2023-10-19T21:00:15.121+0000][1289.650s][info ][safepoint     ] Entering safepoint region: Cleanup
[2023-10-19T21:00:15.123+0000][1289.651s][info ][safepoint     ] Leaving safepoint region
[2023-10-19T21:00:15.124+0000][1289.652s][info ][safepoint     ] Total time for which application threads were stopped: 0.0026138 seconds, Stopping threads took: 0.0006412 seconds
[2023-10-19T21:00:16.125+0000][1290.653s][debug][safepoint     ] Safepoint synchronization initiated. (177 threads)
[2023-10-19T21:00:16.126+0000][1290.654s][info ][safepoint     ] Application time: 1.0009624 seconds
[2023-10-19T21:00:16.126+0000][1290.655s][info ][safepoint     ] Entering safepoint region: Cleanup
[2023-10-19T21:00:16.127+0000][1290.655s][info ][safepoint     ] Leaving safepoint region
[2023-10-19T21:00:16.128+0000][1290.656s][info ][safepoint     ] Total time for which application threads were stopped: 0.0012204 seconds, Stopping threads took: 0.0005759 seconds
[2023-10-19T21:00:16.127+0000][1290.655s][debug][safepoint     ] ... found polling page return exception at pc = 0x00007fbdb0cb92c4, stub =0x00007fbda8840600
[2023-10-19T21:00:16.127+0000][1290.655s][debug][safepoint     ] ... found polling page return exception at pc = 0x00007fbdb0cb92c4, stub =0x00007fbda8840600
[2023-10-19T21:00:17.128+0000][1291.656s][debug][safepoint     ] Safepoint synchronization initiated. (177 threads)
[2023-10-19T21:00:17.129+0000][1291.657s][info ][safepoint     ] Application time: 1.0009939 seconds
[2023-10-19T21:00:17.130+0000][1291.658s][info ][safepoint     ] Entering safepoint region: Cleanup
[2023-10-19T21:00:17.131+0000][1291.659s][info ][safepoint     ] Leaving safepoint region
[2023-10-19T21:00:17.131+0000][1291.659s][info ][safepoint     ] Total time for which application threads were stopped: 0.0016138 seconds, Stopping threads took: 0.0008619 seconds
[2023-10-19T21:00:18.132+0000][1292.660s][debug][safepoint     ] Safepoint synchronization initiated. (177 threads)
[2023-10-19T21:00:18.133+0000][1292.661s][info ][safepoint     ] Application time: 1.0015920 seconds
[2023-10-19T21:00:18.135+0000][1292.663s][info ][safepoint     ] Entering safepoint region: Cleanup
[2023-10-19T21:00:18.136+0000][1292.664s][info ][safepoint     ] Leaving safepoint region
[2023-10-19T21:00:18.137+0000][1292.665s][info ][safepoint     ] Total time for which application threads were stopped: 0.0026329 seconds, Stopping threads took: 0.0011174 seconds
[2023-10-19T21:00:19.138+0000][1293.666s][debug][safepoint     ] Safepoint synchronization initiated. (177 threads)
[2023-10-19T21:00:19.139+0000][1293.667s][info ][safepoint     ] Application time: 1.0010273 seconds
[2023-10-19T21:00:19.140+0000][1293.668s][info ][safepoint     ] Entering safepoint region: Cleanup
[2023-10-19T21:00:19.141+0000][1293.669s][info ][safepoint     ] Leaving safepoint region
[2023-10-19T21:00:19.141+0000][1293.669s][info ][safepoint     ] Total time for which application threads were stopped: 0.0014981 seconds, Stopping threads took: 0.0007099 seconds
[2023-10-19T21:00:20.142+0000][1294.670s][debug][safepoint     ] Safepoint synchronization initiated. (177 threads)
[2023-10-19T21:00:20.143+0000][1294.671s][info ][safepoint     ] Application time: 1.0011607 seconds
[2023-10-19T21:00:20.144+0000][1294.672s][info ][safepoint     ] Entering safepoint region: Cleanup
[2023-10-19T21:00:20.145+0000][1294.673s][info ][safepoint     ] Leaving safepoint region
[2023-10-19T21:00:20.145+0000][1294.673s][info ][safepoint     ] Total time for which application threads were stopped: 0.0014256 seconds, Stopping threads took: 0.0006643 seconds
[2023-10-19T21:00:21.146+0000][1295.674s][debug][safepoint     ] Safepoint synchronization initiated. (177 threads)
[2023-10-19T21:00:21.147+0000][1295.676s][info ][safepoint     ] Application time: 1.0014718 seconds
[2023-10-19T21:00:21.148+0000][1295.677s][info ][safepoint     ] Entering safepoint region: Cleanup
[2023-10-19T21:00:21.150+0000][1295.678s][info ][safepoint     ] Leaving safepoint region
[2023-10-19T21:00:21.151+0000][1295.679s][info ][safepoint     ] Total time for which application threads were stopped: 0.0024798 seconds, Stopping threads took: 0.0011177 seconds
[2023-10-19T21:00:22.152+0000][1296.680s][debug][safepoint     ] Safepoint synchronization initiated. (177 threads)
[2023-10-19T21:00:22.153+0000][1296.681s][info ][safepoint     ] Application time: 1.0009805 seconds
[2023-10-19T21:00:22.153+0000][1296.681s][info ][safepoint     ] Entering safepoint region: Cleanup
[2023-10-19T21:00:22.154+0000][1296.682s][info ][safepoint     ] Leaving safepoint region
[2023-10-19T21:00:22.155+0000][1296.683s][info ][safepoint     ] Total time for which application threads were stopped: 0.0013052 seconds, Stopping threads took: 0.0006308 seconds
[2023-10-19T21:00:23.155+0000][1297.683s][debug][safepoint     ] Safepoint synchronization initiated. (177 threads)
[2023-10-19T21:00:23.157+0000][1297.685s][info ][safepoint     ] Application time: 1.0015266 seconds
[2023-10-19T21:00:23.157+0000][1297.686s][info ][safepoint     ] Entering safepoint region: Cleanup
[2023-10-19T21:00:23.159+0000][1297.687s][info ][safepoint     ] Leaving safepoint region
[2023-10-19T21:00:23.159+0000][1297.687s][info ][safepoint     ] Total time for which application threads were stopped: 0.0019313 seconds, Stopping threads took: 0.0008610 seconds
[2023-10-19T21:00:24.160+0000][1298.688s][debug][safepoint     ] Safepoint synchronization initiated. (177 threads)
[2023-10-19T21:00:24.161+0000][1298.689s][info ][safepoint     ] Application time: 1.0011698 seconds
[2023-10-19T21:00:24.162+0000][1298.690s][info ][safepoint     ] Entering safepoint region: Cleanup
[2023-10-19T21:00:24.162+0000][1298.691s][info ][safepoint     ] Leaving safepoint region
[2023-10-19T21:00:24.163+0000][1298.691s][info ][safepoint     ] Total time for which application threads were stopped: 0.0011304 seconds, Stopping threads took: 0.0004917 seconds
[2023-10-19T21:00:25.164+0000][1299.692s][debug][safepoint     ] Safepoint synchronization initiated. (177 threads)
[2023-10-19T21:00:25.165+0000][1299.693s][info ][safepoint     ] Application time: 1.0013068 seconds
[2023-10-19T21:00:25.165+0000][1299.694s][info ][safepoint     ] Entering safepoint region: Cleanup
[2023-10-19T21:00:25.167+0000][1299.695s][info ][safepoint     ] Leaving safepoint region
[2023-10-19T21:00:25.168+0000][1299.696s][info ][safepoint     ] Total time for which application threads were stopped: 0.0021389 seconds, Stopping threads took: 0.0008788 seconds
[2023-10-19T21:00:26.168+0000][1300.696s][debug][safepoint     ] Safepoint synchronization initiated. (177 threads)
[2023-10-19T21:00:26.169+0000][1300.697s][info ][safepoint     ] Application time: 1.0010683 seconds
[2023-10-19T21:00:26.170+0000][1300.698s][info ][safepoint     ] Entering safepoint region: Cleanup
[2023-10-19T21:00:26.171+0000][1300.699s][info ][safepoint     ] Leaving safepoint region
[2023-10-19T21:00:26.171+0000][1300.700s][info ][safepoint     ] Total time for which application threads were stopped: 0.0015885 seconds, Stopping threads took: 0.0007157 seconds
[2023-10-19T21:00:27.172+0000][1301.700s][debug][safepoint     ] Safepoint synchronization initiated. (177 threads)
[2023-10-19T21:00:27.173+0000][1301.701s][info ][safepoint     ] Application time: 1.0010166 seconds
[2023-10-19T21:00:27.174+0000][1301.702s][info ][safepoint     ] Entering safepoint region: Cleanup
[2023-10-19T21:00:27.174+0000][1301.703s][info ][safepoint     ] Leaving safepoint region
[2023-10-19T21:00:27.175+0000][1301.703s][info ][safepoint     ] Total time for which application threads were stopped: 0.0013403 seconds, Stopping threads took: 0.0005875 seconds
[2023-10-19T21:00:28.176+0000][1302.704s][debug][safepoint     ] Safepoint synchronization initiated. (177 threads)
[2023-10-19T21:00:28.177+0000][1302.705s][info ][safepoint     ] Application time: 1.0012636 seconds
[2023-10-19T21:00:28.177+0000][1302.706s][info ][safepoint     ] Entering safepoint region: Cleanup
[2023-10-19T21:00:28.178+0000][1302.707s][info ][safepoint     ] Leaving safepoint region
[2023-10-19T21:00:28.179+0000][1302.707s][info ][safepoint     ] Total time for which application threads were stopped: 0.0016021 seconds, Stopping threads took: 0.0008144 seconds
[2023-10-19T21:00:29.180+0000][1303.708s][debug][safepoint     ] Safepoint synchronization initiated. (177 threads)
[2023-10-19T21:00:29.181+0000][1303.709s][info ][safepoint     ] Application time: 1.0009062 seconds
[2023-10-19T21:00:29.182+0000][1303.710s][info ][safepoint     ] Entering safepoint region: Cleanup
[2023-10-19T21:00:29.182+0000][1303.711s][info ][safepoint     ] Leaving safepoint region
[2023-10-19T21:00:29.183+0000][1303.711s][info ][safepoint     ] Total time for which application threads were stopped: 0.0013992 seconds, Stopping threads took: 0.0006343 seconds
[2023-10-19T21:00:30.183+0000][1304.711s][debug][safepoint     ] Safepoint synchronization initiated. (177 threads)
[2023-10-19T21:00:30.184+0000][1304.712s][info ][safepoint     ] Application time: 1.0007382 seconds
[2023-10-19T21:00:30.185+0000][1304.713s][info ][safepoint     ] Entering safepoint region: Cleanup
[2023-10-19T21:00:30.185+0000][1304.713s][info ][safepoint     ] Leaving safepoint region
[2023-10-19T21:00:30.186+0000][1304.714s][info ][safepoint     ] Total time for which application threads were stopped: 0.0013355 seconds, Stopping threads took: 0.0005766 seconds
[2023-10-19T21:00:31.187+0000][1305.715s][debug][safepoint     ] Safepoint synchronization initiated. (177 threads)
[2023-10-19T21:00:31.188+0000][1305.716s][info ][safepoint     ] Application time: 1.0015646 seconds
[2023-10-19T21:00:31.189+0000][1305.717s][info ][safepoint     ] Entering safepoint region: Cleanup
[2023-10-19T21:00:31.190+0000][1305.718s][info ][safepoint     ] Leaving safepoint region
[2023-10-19T21:00:31.191+0000][1305.719s][info ][safepoint     ] Total time for which application threads were stopped: 0.0019671 seconds, Stopping threads took: 0.0009169 seconds
[2023-10-19T21:00:32.192+0000][1306.720s][debug][safepoint     ] Safepoint synchronization initiated. (177 threads)
[2023-10-19T21:00:32.193+0000][1306.721s][info ][safepoint     ] Application time: 1.0008871 seconds
[2023-10-19T21:00:32.193+0000][1306.721s][info ][safepoint     ] Entering safepoint region: Cleanup
[2023-10-19T21:00:32.194+0000][1306.722s][info ][safepoint     ] Leaving safepoint region
[2023-10-19T21:00:32.194+0000][1306.723s][info ][safepoint     ] Total time for which application threads were stopped: 0.0012002 seconds, Stopping threads took: 0.0005505 seconds
[2023-10-19T21:00:33.195+0000][1307.723s][debug][safepoint     ] Safepoint synchronization initiated. (177 threads)
[2023-10-19T21:00:33.196+0000][1307.724s][info ][safepoint     ] Application time: 1.0012740 seconds
[2023-10-19T21:00:33.197+0000][1307.725s][info ][safepoint     ] Entering safepoint region: Cleanup
[2023-10-19T21:00:33.198+0000][1307.726s][info ][safepoint     ] Leaving safepoint region
[2023-10-19T21:00:33.199+0000][1307.727s][info ][safepoint     ] Total time for which application threads were stopped: 0.0019508 seconds, Stopping threads took: 0.0008481 seconds
[2023-10-19T21:00:34.200+0000][1308.728s][debug][safepoint     ] Safepoint synchronization initiated. (177 threads)
[2023-10-19T21:00:34.201+0000][1308.729s][info ][safepoint     ] Application time: 1.0008806 seconds
[2023-10-19T21:00:34.201+0000][1308.729s][info ][safepoint     ] Entering safepoint region: Cleanup
[2023-10-19T21:00:34.202+0000][1308.730s][info ][safepoint     ] Leaving safepoint region
[2023-10-19T21:00:34.202+0000][1308.731s][info ][safepoint     ] Total time for which application threads were stopped: 0.0012581 seconds, Stopping threads took: 0.0005608 seconds
[2023-10-19T21:00:35.203+0000][1309.731s][debug][safepoint     ] Safepoint synchronization initiated. (177 threads)
[2023-10-19T21:00:35.204+0000][1309.732s][info ][safepoint     ] Application time: 1.0013318 seconds
[2023-10-19T21:00:35.205+0000][1309.733s][info ][safepoint     ] Entering safepoint region: Cleanup
[2023-10-19T21:00:35.207+0000][1309.735s][info ][safepoint     ] Leaving safepoint region
[2023-10-19T21:00:35.208+0000][1309.736s][info ][safepoint     ] Total time for which application threads were stopped: 0.0026186 seconds, Stopping threads took: 0.0011353 seconds
[2023-10-19T21:00:36.209+0000][1310.737s][debug][safepoint     ] Safepoint synchronization initiated. (177 threads)
[2023-10-19T21:00:36.210+0000][1310.738s][info ][safepoint     ] Application time: 1.0016700 seconds
[2023-10-19T21:00:36.212+0000][1310.740s][info ][safepoint     ] Entering safepoint region: Cleanup
[2023-10-19T21:00:36.213+0000][1310.741s][info ][safepoint     ] Leaving safepoint region
[2023-10-19T21:00:36.213+0000][1310.741s][info ][safepoint     ] Total time for which application threads were stopped: 0.0018051 seconds, Stopping threads took: 0.0009777 seconds
[2023-10-19T21:00:37.214+0000][1311.743s][debug][safepoint     ] Safepoint synchronization initiated. (177 threads)
[2023-10-19T21:00:37.215+0000][1311.743s][info ][safepoint     ] Application time: 1.0009662 seconds
[2023-10-19T21:00:37.216+0000][1311.744s][info ][safepoint     ] Entering safepoint region: Cleanup
[2023-10-19T21:00:37.217+0000][1311.745s][info ][safepoint     ] Leaving safepoint region
[2023-10-19T21:00:37.217+0000][1311.745s][info ][safepoint     ] Total time for which application threads were stopped: 0.0014779 seconds, Stopping threads took: 0.0006803 seconds
[2023-10-19T21:00:38.218+0000][1312.746s][debug][safepoint     ] Safepoint synchronization initiated. (177 threads)
[2023-10-19T21:00:38.219+0000][1312.747s][info ][safepoint     ] Application time: 1.0009875 seconds
[2023-10-19T21:00:38.219+0000][1312.748s][info ][safepoint     ] Entering safepoint region: Cleanup
[2023-10-19T21:00:38.220+0000][1312.748s][info ][safepoint     ] Leaving safepoint region
[2023-10-19T21:00:38.221+0000][1312.749s][info ][safepoint     ] Total time for which application threads were stopped: 0.0013079 seconds, Stopping threads took: 0.0005270 seconds
[2023-10-19T21:00:39.221+0000][1313.749s][debug][safepoint     ] Safepoint synchronization initiated. (177 threads)
[2023-10-19T21:00:39.222+0000][1313.750s][info ][safepoint     ] Application time: 1.0007453 seconds
[2023-10-19T21:00:39.222+0000][1313.751s][info ][safepoint     ] Entering safepoint region: Cleanup
[2023-10-19T21:00:39.223+0000][1313.751s][info ][safepoint     ] Leaving safepoint region
[2023-10-19T21:00:39.223+0000][1313.752s][info ][safepoint     ] Total time for which application threads were stopped: 0.0010737 seconds, Stopping threads took: 0.0004446 seconds
[2023-10-19T21:00:40.224+0000][1314.752s][debug][safepoint     ] Safepoint synchronization initiated. (177 threads)
[2023-10-19T21:00:40.225+0000][1314.753s][info ][safepoint     ] Application time: 1.0012967 seconds
[2023-10-19T21:00:40.226+0000][1314.754s][info ][safepoint     ] Entering safepoint region: Cleanup
[2023-10-19T21:00:40.227+0000][1314.755s][info ][safepoint     ] Leaving safepoint region
[2023-10-19T21:00:40.227+0000][1314.755s][info ][safepoint     ] Total time for which application threads were stopped: 0.0011317 seconds, Stopping threads took: 0.0006113 seconds
[2023-10-19T21:00:41.227+0000][1315.756s][debug][safepoint     ] Safepoint synchronization initiated. (177 threads)
[2023-10-19T21:00:41.249+0000][1315.777s][info ][safepoint     ] Application time: 1.0214830 seconds
[2023-10-19T21:00:41.249+0000][1315.777s][info ][safepoint     ] Entering safepoint region: Cleanup
[2023-10-19T21:00:41.250+0000][1315.778s][info ][safepoint     ] Leaving safepoint region
[2023-10-19T21:00:41.250+0000][1315.778s][info ][safepoint     ] Total time for which application threads were stopped: 0.0011175 seconds, Stopping threads took: 0.0004493 seconds
[2023-10-19T21:00:42.251+0000][1316.779s][debug][safepoint     ] Safepoint synchronization initiated. (177 threads)
[2023-10-19T21:00:42.252+0000][1316.780s][info ][safepoint     ] Application time: 1.0007200 seconds
[2023-10-19T21:00:42.252+0000][1316.780s][info ][safepoint     ] Entering safepoint region: Cleanup
[2023-10-19T21:00:42.253+0000][1316.781s][info ][safepoint     ] Leaving safepoint region
[2023-10-19T21:00:42.253+0000][1316.781s][info ][safepoint     ] Total time for which application threads were stopped: 0.0011035 seconds, Stopping threads took: 0.0005310 seconds
[2023-10-19T21:00:43.254+0000][1317.782s][debug][safepoint     ] Safepoint synchronization initiated. (177 threads)
[2023-10-19T21:00:43.254+0000][1317.782s][info ][safepoint     ] Application time: 1.0006218 seconds
[2023-10-19T21:00:43.255+0000][1317.783s][info ][safepoint     ] Entering safepoint region: Cleanup
[2023-10-19T21:00:43.255+0000][1317.784s][info ][safepoint     ] Leaving safepoint region
[2023-10-19T21:00:43.256+0000][1317.784s][info ][safepoint     ] Total time for which application threads were stopped: 0.0012039 seconds, Stopping threads took: 0.0005148 seconds
[2023-10-19T21:00:44.256+0000][1318.785s][debug][safepoint     ] Safepoint synchronization initiated. (177 threads)
[2023-10-19T21:00:44.257+0000][1318.785s][info ][safepoint     ] Application time: 1.0007142 seconds
[2023-10-19T21:00:44.258+0000][1318.786s][info ][safepoint     ] Entering safepoint region: Cleanup
[2023-10-19T21:00:44.259+0000][1318.787s][info ][safepoint     ] Leaving safepoint region
[2023-10-19T21:00:44.259+0000][1318.787s][info ][safepoint     ] Total time for which application threads were stopped: 0.0014722 seconds, Stopping threads took: 0.0006687 seconds
[2023-10-19T21:00:45.260+0000][1319.788s][debug][safepoint     ] Safepoint synchronization initiated. (177 threads)
[2023-10-19T21:00:45.262+0000][1319.790s][info ][safepoint     ] Application time: 1.0017693 seconds
[2023-10-19T21:00:45.263+0000][1319.791s][info ][safepoint     ] Entering safepoint region: Cleanup
[2023-10-19T21:00:45.265+0000][1319.793s][info ][safepoint     ] Leaving safepoint region
[2023-10-19T21:00:45.266+0000][1319.794s][info ][safepoint     ] Total time for which application threads were stopped: 0.0029289 seconds, Stopping threads took: 0.0012787 seconds
[2023-10-19T21:00:46.267+0000][1320.795s][debug][safepoint     ] Safepoint synchronization initiated. (177 threads)
[2023-10-19T21:00:46.268+0000][1320.796s][info ][safepoint     ] Application time: 1.0010549 seconds
[2023-10-19T21:00:46.268+0000][1320.797s][info ][safepoint     ] Entering safepoint region: Cleanup
[2023-10-19T21:00:46.269+0000][1320.797s][info ][safepoint     ] Leaving safepoint region
[2023-10-19T21:00:46.270+0000][1320.798s][info ][safepoint     ] Total time for which application threads were stopped: 0.0012899 seconds, Stopping threads took: 0.0005908 seconds
[2023-10-19T21:00:47.270+0000][1321.799s][debug][safepoint     ] Safepoint synchronization initiated. (177 threads)
[2023-10-19T21:00:47.271+0000][1321.799s][info ][safepoint     ] Application time: 1.0011181 seconds
[2023-10-19T21:00:47.272+0000][1321.800s][info ][safepoint     ] Entering safepoint region: Cleanup
[2023-10-19T21:00:47.273+0000][1321.801s][info ][safepoint     ] Leaving safepoint region
[2023-10-19T21:00:47.273+0000][1321.801s][info ][safepoint     ] Total time for which application threads were stopped: 0.0013903 seconds, Stopping threads took: 0.0006027 seconds
[2023-10-19T21:00:48.274+0000][1322.802s][debug][safepoint     ] Safepoint synchronization initiated. (177 threads)
[2023-10-19T21:00:48.275+0000][1322.803s][info ][safepoint     ] Application time: 1.0009197 seconds
[2023-10-19T21:00:48.275+0000][1322.803s][info ][safepoint     ] Entering safepoint region: Cleanup
[2023-10-19T21:00:48.276+0000][1322.804s][info ][safepoint     ] Leaving safepoint region
[2023-10-19T21:00:48.277+0000][1322.805s][info ][safepoint     ] Total time for which application threads were stopped: 0.0015250 seconds, Stopping threads took: 0.0007186 seconds
[2023-10-19T21:00:49.278+0000][1323.806s][debug][safepoint     ] Safepoint synchronization initiated. (177 threads)
[2023-10-19T21:00:49.278+0000][1323.806s][info ][safepoint     ] Application time: 1.0006619 seconds
[2023-10-19T21:00:49.279+0000][1323.807s][info ][safepoint     ] Entering safepoint region: Cleanup
[2023-10-19T21:00:49.279+0000][1323.807s][info ][safepoint     ] Leaving safepoint region
[2023-10-19T21:00:49.280+0000][1323.808s][info ][safepoint     ] Total time for which application threads were stopped: 0.0009616 seconds, Stopping threads took: 0.0004173 seconds
[2023-10-19T21:00:50.280+0000][1324.808s][debug][safepoint     ] Safepoint synchronization initiated. (177 threads)
[2023-10-19T21:00:50.281+0000][1324.809s][info ][safepoint     ] Application time: 1.0011375 seconds
[2023-10-19T21:00:50.282+0000][1324.810s][info ][safepoint     ] Entering safepoint region: Cleanup
[2023-10-19T21:00:50.283+0000][1324.811s][info ][safepoint     ] Leaving safepoint region
[2023-10-19T21:00:50.283+0000][1324.811s][info ][safepoint     ] Total time for which application threads were stopped: 0.0013706 seconds, Stopping threads took: 0.0007028 seconds
[2023-10-19T21:00:51.284+0000][1325.812s][debug][safepoint     ] Safepoint synchronization initiated. (177 threads)
[2023-10-19T21:00:51.284+0000][1325.813s][info ][safepoint     ] Application time: 1.0006909 seconds
[2023-10-19T21:00:51.285+0000][1325.813s][info ][safepoint     ] Entering safepoint region: Cleanup
[2023-10-19T21:00:51.286+0000][1325.814s][info ][safepoint     ] Leaving safepoint region
[2023-10-19T21:00:51.286+0000][1325.814s][info ][safepoint     ] Total time for which application threads were stopped: 0.0011047 seconds, Stopping threads took: 0.0004491 seconds
[2023-10-19T21:00:52.287+0000][1326.815s][debug][safepoint     ] Safepoint synchronization initiated. (177 threads)
[2023-10-19T21:00:52.287+0000][1326.816s][info ][safepoint     ] Application time: 1.0011509 seconds
[2023-10-19T21:00:52.288+0000][1326.816s][info ][safepoint     ] Entering safepoint region: Cleanup
[2023-10-19T21:00:52.289+0000][1326.817s][info ][safepoint     ] Leaving safepoint region
[2023-10-19T21:00:52.290+0000][1326.818s][info ][safepoint     ] Total time for which application threads were stopped: 0.0015577 seconds, Stopping threads took: 0.0006407 seconds
[2023-10-19T21:00:53.290+0000][1327.819s][debug][safepoint     ] Safepoint synchronization initiated. (177 threads)
[2023-10-19T21:00:53.291+0000][1327.820s][info ][safepoint     ] Application time: 1.0011839 seconds
[2023-10-19T21:00:53.293+0000][1327.821s][info ][safepoint     ] Entering safepoint region: Cleanup
[2023-10-19T21:00:53.294+0000][1327.822s][info ][safepoint     ] Leaving safepoint region
[2023-10-19T21:00:53.295+0000][1327.823s][info ][safepoint     ] Total time for which application threads were stopped: 0.0024488 seconds, Stopping threads took: 0.0013556 seconds
[2023-10-19T21:00:54.296+0000][1328.824s][debug][safepoint     ] Safepoint synchronization initiated. (177 threads)
[2023-10-19T21:00:54.296+0000][1328.825s][info ][safepoint     ] Application time: 1.0006510 seconds
[2023-10-19T21:00:54.296+0000][1328.825s][info ][safepoint     ] Entering safepoint region: Cleanup
[2023-10-19T21:00:54.297+0000][1328.825s][info ][safepoint     ] Leaving safepoint region
[2023-10-19T21:00:54.297+0000][1328.826s][info ][safepoint     ] Total time for which application threads were stopped: 0.0007504 seconds, Stopping threads took: 0.0003086 seconds
[2023-10-19T21:00:55.297+0000][1329.826s][debug][safepoint     ] Safepoint synchronization initiated. (176 threads)
[2023-10-19T21:00:55.299+0000][1329.827s][info ][safepoint     ] Application time: 1.0013885 seconds
[2023-10-19T21:00:55.300+0000][1329.828s][info ][safepoint     ] Entering safepoint region: Cleanup
[2023-10-19T21:00:55.301+0000][1329.830s][info ][safepoint     ] Leaving safepoint region
[2023-10-19T21:00:55.302+0000][1329.831s][info ][safepoint     ] Total time for which application threads were stopped: 0.0023985 seconds, Stopping threads took: 0.0010764 seconds
[2023-10-19T21:00:56.303+0000][1330.832s][debug][safepoint     ] Safepoint synchronization initiated. (176 threads)
[2023-10-19T21:00:56.305+0000][1330.833s][info ][safepoint     ] Application time: 1.0014488 seconds
[2023-10-19T21:00:56.306+0000][1330.834s][info ][safepoint     ] Entering safepoint region: Cleanup
[2023-10-19T21:00:56.307+0000][1330.836s][info ][safepoint     ] Leaving safepoint region
[2023-10-19T21:00:56.308+0000][1330.837s][info ][safepoint     ] Total time for which application threads were stopped: 0.0027110 seconds, Stopping threads took: 0.0011678 seconds
[2023-10-19T21:00:57.310+0000][1331.838s][debug][safepoint     ] Safepoint synchronization initiated. (176 threads)
[2023-10-19T21:00:57.310+0000][1331.839s][info ][safepoint     ] Application time: 1.0011151 seconds
[2023-10-19T21:00:57.311+0000][1331.840s][info ][safepoint     ] Entering safepoint region: Cleanup
[2023-10-19T21:00:57.312+0000][1331.841s][info ][safepoint     ] Leaving safepoint region
[2023-10-19T21:00:57.313+0000][1331.842s][info ][safepoint     ] Total time for which application threads were stopped: 0.0018101 seconds, Stopping threads took: 0.0008250 seconds
[2023-10-19T21:00:58.314+0000][1332.842s][debug][safepoint     ] Safepoint synchronization initiated. (177 threads)
[2023-10-19T21:00:58.315+0000][1332.844s][info ][safepoint     ] Application time: 1.0014001 seconds
[2023-10-19T21:00:58.316+0000][1332.845s][info ][safepoint     ] Entering safepoint region: Cleanup
[2023-10-19T21:00:58.317+0000][1332.846s][info ][safepoint     ] Leaving safepoint region
[2023-10-19T21:00:58.318+0000][1332.847s][info ][safepoint     ] Total time for which application threads were stopped: 0.0020926 seconds, Stopping threads took: 0.0009194 seconds
[2023-10-19T21:00:59.319+0000][1333.848s][debug][safepoint     ] Safepoint synchronization initiated. (177 threads)
[2023-10-19T21:00:59.320+0000][1333.848s][info ][safepoint     ] Application time: 1.0005611 seconds
[2023-10-19T21:00:59.320+0000][1333.848s][info ][safepoint     ] Entering safepoint region: Cleanup
[2023-10-19T21:00:59.320+0000][1333.849s][info ][safepoint     ] Leaving safepoint region
[2023-10-19T21:00:59.321+0000][1333.849s][info ][safepoint     ] Total time for which application threads were stopped: 0.0008591 seconds, Stopping threads took: 0.0003658 seconds
[2023-10-19T21:01:00.321+0000][1334.850s][debug][safepoint     ] Safepoint synchronization initiated. (177 threads)
[2023-10-19T21:01:00.322+0000][1334.851s][info ][safepoint     ] Application time: 1.0013015 seconds
[2023-10-19T21:01:00.323+0000][1334.852s][info ][safepoint     ] Entering safepoint region: Cleanup
[2023-10-19T21:01:00.324+0000][1334.853s][info ][safepoint     ] Leaving safepoint region
[2023-10-19T21:01:00.325+0000][1334.853s][info ][safepoint     ] Total time for which application threads were stopped: 0.0018314 seconds, Stopping threads took: 0.0007699 seconds
[2023-10-19T21:01:01.326+0000][1335.854s][debug][safepoint     ] Safepoint synchronization initiated. (177 threads)
[2023-10-19T21:01:01.327+0000][1335.856s][info ][safepoint     ] Application time: 1.0016562 seconds
[2023-10-19T21:01:01.328+0000][1335.857s][debug][safepoint     ] Waiting for 1 thread(s) to block
[2023-10-19T21:01:01.330+0000][1335.858s][info ][safepoint     ] Entering safepoint region: Cleanup
[2023-10-19T21:01:01.331+0000][1335.859s][info ][safepoint     ] Leaving safepoint region
[2023-10-19T21:01:01.332+0000][1335.860s][info ][safepoint     ] Total time for which application threads were stopped: 0.0033912 seconds, Stopping threads took: 0.0022587 seconds
[2023-10-19T21:01:02.333+0000][1336.861s][debug][safepoint     ] Safepoint synchronization initiated. (177 threads)
[2023-10-19T21:01:02.333+0000][1336.862s][info ][safepoint     ] Application time: 1.0008920 seconds
[2023-10-19T21:01:02.334+0000][1336.862s][info ][safepoint     ] Entering safepoint region: Cleanup
[2023-10-19T21:01:02.335+0000][1336.863s][info ][safepoint     ] Leaving safepoint region
[2023-10-19T21:01:02.335+0000][1336.864s][info ][safepoint     ] Total time for which application threads were stopped: 0.0012210 seconds, Stopping threads took: 0.0005620 seconds
[2023-10-19T21:01:03.336+0000][1337.864s][debug][safepoint     ] Safepoint synchronization initiated. (177 threads)
[2023-10-19T21:01:03.336+0000][1337.865s][info ][safepoint     ] Application time: 1.0005479 seconds
[2023-10-19T21:01:03.336+0000][1337.865s][info ][safepoint     ] Entering safepoint region: Cleanup
[2023-10-19T21:01:03.337+0000][1337.866s][info ][safepoint     ] Leaving safepoint region
[2023-10-19T21:01:03.337+0000][1337.866s][info ][safepoint     ] Total time for which application threads were stopped: 0.0009593 seconds, Stopping threads took: 0.0004155 seconds
[2023-10-19T21:01:04.338+0000][1338.866s][debug][safepoint     ] Safepoint synchronization initiated. (177 threads)
[2023-10-19T21:01:04.339+0000][1338.867s][info ][safepoint     ] Application time: 1.0009958 seconds
[2023-10-19T21:01:04.339+0000][1338.868s][info ][safepoint     ] Entering safepoint region: Cleanup
[2023-10-19T21:01:04.340+0000][1338.868s][info ][safepoint     ] Leaving safepoint region
[2023-10-19T21:01:04.340+0000][1338.868s][info ][safepoint     ] Total time for which application threads were stopped: 0.0009057 seconds, Stopping threads took: 0.0003614 seconds
[2023-10-19T21:01:05.340+0000][1339.869s][debug][safepoint     ] Safepoint synchronization initiated. (177 threads)
[2023-10-19T21:01:05.341+0000][1339.869s][info ][safepoint     ] Application time: 1.0004514 seconds
[2023-10-19T21:01:05.341+0000][1339.870s][info ][safepoint     ] Entering safepoint region: Cleanup
[2023-10-19T21:01:05.342+0000][1339.870s][info ][safepoint     ] Leaving safepoint region
[2023-10-19T21:01:05.342+0000][1339.870s][info ][safepoint     ] Total time for which application threads were stopped: 0.0007312 seconds, Stopping threads took: 0.0002989 seconds
[2023-10-19T21:01:06.342+0000][1340.871s][debug][safepoint     ] Safepoint synchronization initiated. (177 threads)
[2023-10-19T21:01:06.343+0000][1340.872s][info ][safepoint     ] Application time: 1.0012396 seconds
[2023-10-19T21:01:06.344+0000][1340.873s][info ][safepoint     ] Entering safepoint region: Cleanup
[2023-10-19T21:01:06.345+0000][1340.874s][info ][safepoint     ] Leaving safepoint region
[2023-10-19T21:01:06.346+0000][1340.874s][info ][safepoint     ] Total time for which application threads were stopped: 0.0018046 seconds, Stopping threads took: 0.0008774 seconds
[2023-10-19T21:01:06.345+0000][1340.874s][debug][safepoint     ] ... found polling page return exception at pc = 0x00007fbdb0cb92c4, stub =0x00007fbda8840600
[2023-10-19T21:01:06.345+0000][1340.874s][debug][safepoint     ] ... found polling page return exception at pc = 0x00007fbdb0cb92c4, stub =0x00007fbda8840600
[2023-10-19T21:01:06.345+0000][1340.874s][debug][safepoint     ] ... found polling page return exception at pc = 0x00007fbdb0cb92c4, stub =0x00007fbda8840600
[2023-10-19T21:01:07.347+0000][1341.875s][debug][safepoint     ] Safepoint synchronization initiated. (177 threads)
[2023-10-19T21:01:07.348+0000][1341.876s][info ][safepoint     ] Application time: 1.0009958 seconds
[2023-10-19T21:01:07.348+0000][1341.877s][info ][safepoint     ] Entering safepoint region: Cleanup
[2023-10-19T21:01:07.349+0000][1341.877s][info ][safepoint     ] Leaving safepoint region
[2023-10-19T21:01:07.349+0000][1341.878s][info ][safepoint     ] Total time for which application threads were stopped: 0.0012727 seconds, Stopping threads took: 0.0005699 seconds
[2023-10-19T21:01:08.350+0000][1342.879s][debug][safepoint     ] Safepoint synchronization initiated. (177 threads)
[2023-10-19T21:01:08.351+0000][1342.879s][info ][safepoint     ] Application time: 1.0008549 seconds
[2023-10-19T21:01:08.351+0000][1342.880s][info ][safepoint     ] Entering safepoint region: Cleanup
[2023-10-19T21:01:08.352+0000][1342.881s][info ][safepoint     ] Leaving safepoint region
[2023-10-19T21:01:08.353+0000][1342.881s][info ][safepoint     ] Total time for which application threads were stopped: 0.0013818 seconds, Stopping threads took: 0.0006733 seconds
[2023-10-19T21:01:09.354+0000][1343.882s][debug][safepoint     ] Safepoint synchronization initiated. (177 threads)
[2023-10-19T21:01:09.354+0000][1343.883s][info ][safepoint     ] Application time: 1.0007107 seconds
[2023-10-19T21:01:09.355+0000][1343.883s][info ][safepoint     ] Entering safepoint region: Cleanup
[2023-10-19T21:01:09.355+0000][1343.884s][info ][safepoint     ] Leaving safepoint region
[2023-10-19T21:01:09.356+0000][1343.884s][info ][safepoint     ] Total time for which application threads were stopped: 0.0010812 seconds, Stopping threads took: 0.0005040 seconds
[2023-10-19T21:01:10.356+0000][1344.885s][debug][safepoint     ] Safepoint synchronization initiated. (177 threads)
[2023-10-19T21:01:10.357+0000][1344.885s][info ][safepoint     ] Application time: 1.0008336 seconds
[2023-10-19T21:01:10.358+0000][1344.886s][info ][safepoint     ] Entering safepoint region: Cleanup
[2023-10-19T21:01:10.358+0000][1344.887s][info ][safepoint     ] Leaving safepoint region
[2023-10-19T21:01:10.359+0000][1344.887s][info ][safepoint     ] Total time for which application threads were stopped: 0.0011495 seconds, Stopping threads took: 0.0004885 seconds
[2023-10-19T21:01:11.359+0000][1345.888s][debug][safepoint     ] Safepoint synchronization initiated. (177 threads)
[2023-10-19T21:01:11.360+0000][1345.888s][info ][safepoint     ] Application time: 1.0008276 seconds
[2023-10-19T21:01:11.360+0000][1345.889s][info ][safepoint     ] Entering safepoint region: Cleanup
[2023-10-19T21:01:11.361+0000][1345.890s][info ][safepoint     ] Leaving safepoint region
[2023-10-19T21:01:11.361+0000][1345.890s][info ][safepoint     ] Total time for which application threads were stopped: 0.0010095 seconds, Stopping threads took: 0.0004757 seconds
[2023-10-19T21:01:11.361+0000][1345.890s][debug][safepoint     ] ... found polling page return exception at pc = 0x00007fbdb0cb92c4, stub =0x00007fbda8840600
[2023-10-19T21:01:11.361+0000][1345.890s][debug][safepoint     ] ... found polling page return exception at pc = 0x00007fbdb0cb92c4, stub =0x00007fbda8840600
[2023-10-19T21:01:11.361+0000][1345.890s][debug][safepoint     ] ... found polling page return exception at pc = 0x00007fbdb0cb92c4, stub =0x00007fbda8840600
[2023-10-19T21:01:12.362+0000][1346.890s][debug][safepoint     ] Safepoint synchronization initiated. (177 threads)
[2023-10-19T21:01:12.363+0000][1346.891s][info ][safepoint     ] Application time: 1.0009954 seconds
[2023-10-19T21:01:12.363+0000][1346.892s][info ][safepoint     ] Entering safepoint region: Cleanup
[2023-10-19T21:01:12.364+0000][1346.893s][info ][safepoint     ] Leaving safepoint region
[2023-10-19T21:01:12.364+0000][1346.893s][info ][safepoint     ] Total time for which application threads were stopped: 0.0011358 seconds, Stopping threads took: 0.0004868 seconds
[2023-10-19T21:01:13.365+0000][1347.894s][debug][safepoint     ] Safepoint synchronization initiated. (177 threads)
[2023-10-19T21:01:13.367+0000][1347.895s][info ][safepoint     ] Application time: 1.0017478 seconds
[2023-10-19T21:01:13.368+0000][1347.896s][info ][safepoint     ] Entering safepoint region: Cleanup
[2023-10-19T21:01:13.369+0000][1347.898s][info ][safepoint     ] Leaving safepoint region
[2023-10-19T21:01:13.370+0000][1347.899s][info ][safepoint     ] Total time for which application threads were stopped: 0.0024313 seconds, Stopping threads took: 0.0011258 seconds
[2023-10-19T21:01:14.371+0000][1348.900s][debug][safepoint     ] Safepoint synchronization initiated. (177 threads)
[2023-10-19T21:01:14.372+0000][1348.901s][info ][safepoint     ] Application time: 1.0011914 seconds
[2023-10-19T21:01:14.373+0000][1348.902s][info ][safepoint     ] Entering safepoint region: Cleanup
[2023-10-19T21:01:14.374+0000][1348.903s][info ][safepoint     ] Leaving safepoint region
[2023-10-19T21:01:14.375+0000][1348.903s][info ][safepoint     ] Total time for which application threads were stopped: 0.0020075 seconds, Stopping threads took: 0.0009637 seconds
[2023-10-19T21:01:15.376+0000][1349.904s][debug][safepoint     ] Safepoint synchronization initiated. (177 threads)
[2023-10-19T21:01:15.377+0000][1349.905s][info ][safepoint     ] Application time: 1.0008400 seconds
[2023-10-19T21:01:15.377+0000][1349.906s][info ][safepoint     ] Entering safepoint region: Cleanup
[2023-10-19T21:01:15.378+0000][1349.906s][info ][safepoint     ] Leaving safepoint region
[2023-10-19T21:01:15.378+0000][1349.907s][info ][safepoint     ] Total time for which application threads were stopped: 0.0013887 seconds, Stopping threads took: 0.0006004 seconds
[2023-10-19T21:01:16.379+0000][1350.908s][debug][safepoint     ] Safepoint synchronization initiated. (177 threads)
[2023-10-19T21:01:16.380+0000][1350.909s][info ][safepoint     ] Application time: 1.0013524 seconds
[2023-10-19T21:01:16.381+0000][1350.910s][info ][safepoint     ] Entering safepoint region: Cleanup
[2023-10-19T21:01:16.382+0000][1350.911s][info ][safepoint     ] Leaving safepoint region
[2023-10-19T21:01:16.383+0000][1350.912s][info ][safepoint     ] Total time for which application threads were stopped: 0.0019205 seconds, Stopping threads took: 0.0008523 seconds
[2023-10-19T21:01:17.384+0000][1351.912s][debug][safepoint     ] Safepoint synchronization initiated. (177 threads)
[2023-10-19T21:01:17.385+0000][1351.913s][info ][safepoint     ] Application time: 1.0010399 seconds
[2023-10-19T21:01:17.385+0000][1351.914s][info ][safepoint     ] Entering safepoint region: Cleanup
[2023-10-19T21:01:17.386+0000][1351.915s][info ][safepoint     ] Leaving safepoint region
[2023-10-19T21:01:17.387+0000][1351.915s][info ][safepoint     ] Total time for which application threads were stopped: 0.0015304 seconds, Stopping threads took: 0.0006693 seconds
[2023-10-19T21:01:18.388+0000][1352.916s][debug][safepoint     ] Safepoint synchronization initiated. (177 threads)
[2023-10-19T21:01:18.389+0000][1352.917s][info ][safepoint     ] Application time: 1.0015382 seconds
[2023-10-19T21:01:18.390+0000][1352.919s][info ][safepoint     ] Entering safepoint region: Cleanup
[2023-10-19T21:01:18.392+0000][1352.920s][info ][safepoint     ] Leaving safepoint region
[2023-10-19T21:01:18.393+0000][1352.921s][info ][safepoint     ] Total time for which application threads were stopped: 0.0025451 seconds, Stopping threads took: 0.0011350 seconds
[2023-10-19T21:01:19.394+0000][1353.922s][debug][safepoint     ] Safepoint synchronization initiated. (177 threads)
[2023-10-19T21:01:19.394+0000][1353.923s][info ][safepoint     ] Application time: 1.0009913 seconds
[2023-10-19T21:01:19.395+0000][1353.924s][info ][safepoint     ] Entering safepoint region: Cleanup
[2023-10-19T21:01:19.396+0000][1353.924s][info ][safepoint     ] Leaving safepoint region
[2023-10-19T21:01:19.396+0000][1353.925s][info ][safepoint     ] Total time for which application threads were stopped: 0.0013360 seconds, Stopping threads took: 0.0005373 seconds
[2023-10-19T21:01:20.397+0000][1354.926s][debug][safepoint     ] Safepoint synchronization initiated. (177 threads)
[2023-10-19T21:01:20.399+0000][1354.927s][info ][safepoint     ] Application time: 1.0016221 seconds
[2023-10-19T21:01:20.400+0000][1354.928s][info ][safepoint     ] Entering safepoint region: Cleanup
[2023-10-19T21:01:20.401+0000][1354.930s][info ][safepoint     ] Leaving safepoint region
[2023-10-19T21:01:20.402+0000][1354.930s][info ][safepoint     ] Total time for which application threads were stopped: 0.0022714 seconds, Stopping threads took: 0.0010675 seconds
[2023-10-19T21:01:21.403+0000][1355.931s][debug][safepoint     ] Safepoint synchronization initiated. (177 threads)
[2023-10-19T21:01:21.404+0000][1355.932s][info ][safepoint     ] Application time: 1.0011701 seconds
[2023-10-19T21:01:21.405+0000][1355.933s][debug][safepoint     ] ... found polling page return exception at pc = 0x00007fbdb0a9d3f6, stub =0x00007fbda8840600
[2023-10-19T21:01:21.406+0000][1355.934s][debug][safepoint     ] Waiting for 3 thread(s) to block
[2023-10-19T21:01:21.407+0000][1355.935s][info ][safepoint     ] Entering safepoint region: Cleanup
[2023-10-19T21:01:21.408+0000][1355.936s][info ][safepoint     ] Leaving safepoint region
[2023-10-19T21:01:21.409+0000][1355.937s][info ][safepoint     ] Total time for which application threads were stopped: 0.0037356 seconds, Stopping threads took: 0.0027642 seconds
[2023-10-19T21:01:22.409+0000][1356.938s][debug][safepoint     ] Safepoint synchronization initiated. (177 threads)
[2023-10-19T21:01:22.410+0000][1356.939s][info ][safepoint     ] Application time: 1.0009308 seconds
[2023-10-19T21:01:22.411+0000][1356.939s][info ][safepoint     ] Entering safepoint region: Cleanup
[2023-10-19T21:01:22.411+0000][1356.940s][info ][safepoint     ] Leaving safepoint region
[2023-10-19T21:01:22.412+0000][1356.940s][info ][safepoint     ] Total time for which application threads were stopped: 0.0011818 seconds, Stopping threads took: 0.0004879 seconds
[2023-10-19T21:01:23.413+0000][1357.941s][debug][safepoint     ] Safepoint synchronization initiated. (177 threads)
[2023-10-19T21:01:23.414+0000][1357.942s][info ][safepoint     ] Application time: 1.0013942 seconds
[2023-10-19T21:01:23.415+0000][1357.943s][info ][safepoint     ] Entering safepoint region: Cleanup
[2023-10-19T21:01:23.416+0000][1357.944s][info ][safepoint     ] Leaving safepoint region
[2023-10-19T21:01:23.417+0000][1357.945s][info ][safepoint     ] Total time for which application threads were stopped: 0.0016792 seconds, Stopping threads took: 0.0007200 seconds
[2023-10-19T21:01:24.418+0000][1358.946s][debug][safepoint     ] Safepoint synchronization initiated. (177 threads)
[2023-10-19T21:01:24.418+0000][1358.946s][info ][safepoint     ] Application time: 1.0007936 seconds
[2023-10-19T21:01:24.419+0000][1358.947s][info ][safepoint     ] Entering safepoint region: Cleanup
[2023-10-19T21:01:24.419+0000][1358.947s][info ][safepoint     ] Leaving safepoint region
[2023-10-19T21:01:24.420+0000][1358.948s][info ][safepoint     ] Total time for which application threads were stopped: 0.0009046 seconds, Stopping threads took: 0.0003842 seconds
[2023-10-19T21:01:25.420+0000][1359.948s][debug][safepoint     ] Safepoint synchronization initiated. (177 threads)
[2023-10-19T21:01:25.422+0000][1359.949s][info ][safepoint     ] Application time: 1.0015594 seconds
[2023-10-19T21:01:25.423+0000][1359.951s][info ][safepoint     ] Entering safepoint region: Cleanup
[2023-10-19T21:01:25.424+0000][1359.952s][info ][safepoint     ] Leaving safepoint region
[2023-10-19T21:01:25.425+0000][1359.953s][info ][safepoint     ] Total time for which application threads were stopped: 0.0024994 seconds, Stopping threads took: 0.0012577 seconds
[2023-10-19T21:01:26.426+0000][1360.954s][debug][safepoint     ] Safepoint synchronization initiated. (177 threads)
[2023-10-19T21:01:26.427+0000][1360.955s][info ][safepoint     ] Application time: 1.0006614 seconds
[2023-10-19T21:01:26.427+0000][1360.955s][info ][safepoint     ] Entering safepoint region: Cleanup
[2023-10-19T21:01:26.428+0000][1360.956s][info ][safepoint     ] Leaving safepoint region
[2023-10-19T21:01:26.428+0000][1360.956s][info ][safepoint     ] Total time for which application threads were stopped: 0.0007380 seconds, Stopping threads took: 0.0003248 seconds
[2023-10-19T21:01:27.428+0000][1361.956s][debug][safepoint     ] Safepoint synchronization initiated. (177 threads)
[2023-10-19T21:01:27.429+0000][1361.957s][info ][safepoint     ] Application time: 1.0013395 seconds
[2023-10-19T21:01:27.431+0000][1361.959s][info ][safepoint     ] Entering safepoint region: Cleanup
[2023-10-19T21:01:27.432+0000][1361.960s][info ][safepoint     ] Leaving safepoint region
[2023-10-19T21:01:27.433+0000][1361.961s][info ][safepoint     ] Total time for which application threads were stopped: 0.0023931 seconds, Stopping threads took: 0.0010633 seconds
[2023-10-19T21:01:28.434+0000][1362.962s][debug][safepoint     ] Safepoint synchronization initiated. (177 threads)
[2023-10-19T21:01:28.435+0000][1362.963s][info ][safepoint     ] Application time: 1.0009759 seconds
[2023-10-19T21:01:28.435+0000][1362.963s][info ][safepoint     ] Entering safepoint region: Cleanup
[2023-10-19T21:01:28.436+0000][1362.964s][info ][safepoint     ] Leaving safepoint region
[2023-10-19T21:01:28.436+0000][1362.964s][info ][safepoint     ] Total time for which application threads were stopped: 0.0011987 seconds, Stopping threads took: 0.0005025 seconds
[2023-10-19T21:01:29.437+0000][1363.965s][debug][safepoint     ] Safepoint synchronization initiated. (177 threads)
[2023-10-19T21:01:29.438+0000][1363.966s][info ][safepoint     ] Application time: 1.0007502 seconds
[2023-10-19T21:01:29.438+0000][1363.966s][info ][safepoint     ] Entering safepoint region: Cleanup
[2023-10-19T21:01:29.439+0000][1363.967s][info ][safepoint     ] Leaving safepoint region
[2023-10-19T21:01:29.440+0000][1363.968s][info ][safepoint     ] Total time for which application threads were stopped: 0.0013432 seconds, Stopping threads took: 0.0005881 seconds
[2023-10-19T21:01:30.440+0000][1364.968s][debug][safepoint     ] Safepoint synchronization initiated. (177 threads)
[2023-10-19T21:01:30.442+0000][1364.970s][info ][safepoint     ] Application time: 1.0012703 seconds
[2023-10-19T21:01:30.443+0000][1364.971s][info ][safepoint     ] Entering safepoint region: Cleanup
[2023-10-19T21:01:30.444+0000][1364.972s][info ][safepoint     ] Leaving safepoint region
[2023-10-19T21:01:30.445+0000][1364.973s][info ][safepoint     ] Total time for which application threads were stopped: 0.0021312 seconds, Stopping threads took: 0.0010070 seconds
[2023-10-19T21:01:31.446+0000][1365.974s][debug][safepoint     ] Safepoint synchronization initiated. (177 threads)
[2023-10-19T21:01:31.447+0000][1365.975s][info ][safepoint     ] Application time: 1.0012861 seconds
[2023-10-19T21:01:31.448+0000][1365.976s][info ][safepoint     ] Entering safepoint region: Cleanup
[2023-10-19T21:01:31.449+0000][1365.977s][info ][safepoint     ] Leaving safepoint region
[2023-10-19T21:01:31.450+0000][1365.978s][info ][safepoint     ] Total time for which application threads were stopped: 0.0022326 seconds, Stopping threads took: 0.0009874 seconds
[2023-10-19T21:01:32.451+0000][1366.979s][debug][safepoint     ] Safepoint synchronization initiated. (177 threads)
[2023-10-19T21:01:32.452+0000][1366.980s][info ][safepoint     ] Application time: 1.0015724 seconds
[2023-10-19T21:01:32.454+0000][1366.981s][info ][safepoint     ] Entering safepoint region: Cleanup
[2023-10-19T21:01:32.455+0000][1366.983s][info ][safepoint     ] Leaving safepoint region
[2023-10-19T21:01:32.456+0000][1366.984s][info ][safepoint     ] Total time for which application threads were stopped: 0.0023563 seconds, Stopping threads took: 0.0010412 seconds
[2023-10-19T21:01:33.457+0000][1367.985s][debug][safepoint     ] Safepoint synchronization initiated. (177 threads)
[2023-10-19T21:01:33.457+0000][1367.985s][info ][safepoint     ] Application time: 1.0005733 seconds
[2023-10-19T21:01:33.457+0000][1367.985s][info ][safepoint     ] Entering safepoint region: Cleanup
[2023-10-19T21:01:33.458+0000][1367.986s][info ][safepoint     ] Leaving safepoint region
[2023-10-19T21:01:33.458+0000][1367.986s][info ][safepoint     ] Total time for which application threads were stopped: 0.0007798 seconds, Stopping threads took: 0.0003372 seconds
[2023-10-19T21:01:34.459+0000][1368.987s][debug][safepoint     ] Safepoint synchronization initiated. (177 threads)
[2023-10-19T21:01:34.461+0000][1368.989s][info ][safepoint     ] Application time: 1.0021139 seconds
[2023-10-19T21:01:34.461+0000][1368.989s][info ][safepoint     ] Entering safepoint region: Cleanup
[2023-10-19T21:01:34.462+0000][1368.990s][info ][safepoint     ] Leaving safepoint region
[2023-10-19T21:01:34.462+0000][1368.990s][info ][safepoint     ] Total time for which application threads were stopped: 0.0012133 seconds, Stopping threads took: 0.0005975 seconds
[2023-10-19T21:01:35.463+0000][1369.991s][debug][safepoint     ] Safepoint synchronization initiated. (177 threads)
[2023-10-19T21:01:35.464+0000][1369.991s][info ][safepoint     ] Application time: 1.0007660 seconds
[2023-10-19T21:01:35.464+0000][1369.992s][info ][safepoint     ] Entering safepoint region: Cleanup
[2023-10-19T21:01:35.465+0000][1369.993s][info ][safepoint     ] Leaving safepoint region
[2023-10-19T21:01:35.465+0000][1369.993s][info ][safepoint     ] Total time for which application threads were stopped: 0.0010413 seconds, Stopping threads took: 0.0004329 seconds
[2023-10-19T21:01:36.466+0000][1370.994s][debug][safepoint     ] Safepoint synchronization initiated. (177 threads)
[2023-10-19T21:01:36.466+0000][1370.994s][info ][safepoint     ] Application time: 1.0009915 seconds
[2023-10-19T21:01:36.467+0000][1370.995s][info ][safepoint     ] Entering safepoint region: Cleanup
[2023-10-19T21:01:36.468+0000][1370.996s][info ][safepoint     ] Leaving safepoint region
[2023-10-19T21:01:36.469+0000][1370.997s][info ][safepoint     ] Total time for which application threads were stopped: 0.0014950 seconds, Stopping threads took: 0.0005587 seconds
[2023-10-19T21:01:37.469+0000][1371.997s][debug][safepoint     ] Safepoint synchronization initiated. (177 threads)
[2023-10-19T21:01:37.470+0000][1371.998s][info ][safepoint     ] Application time: 1.0007401 seconds
[2023-10-19T21:01:37.471+0000][1371.999s][info ][safepoint     ] Entering safepoint region: Cleanup
[2023-10-19T21:01:37.471+0000][1371.999s][info ][safepoint     ] Leaving safepoint region
[2023-10-19T21:01:37.472+0000][1372.000s][info ][safepoint     ] Total time for which application threads were stopped: 0.0011395 seconds, Stopping threads took: 0.0005191 seconds
[2023-10-19T21:01:38.472+0000][1373.000s][debug][safepoint     ] Safepoint synchronization initiated. (177 threads)
[2023-10-19T21:01:38.473+0000][1373.001s][info ][safepoint     ] Application time: 1.0008300 seconds
[2023-10-19T21:01:38.473+0000][1373.001s][info ][safepoint     ] Entering safepoint region: Cleanup
[2023-10-19T21:01:38.474+0000][1373.002s][info ][safepoint     ] Leaving safepoint region
[2023-10-19T21:01:38.474+0000][1373.002s][info ][safepoint     ] Total time for which application threads were stopped: 0.0009478 seconds, Stopping threads took: 0.0004291 seconds
[2023-10-19T21:01:39.475+0000][1374.003s][debug][safepoint     ] Safepoint synchronization initiated. (177 threads)
[2023-10-19T21:01:39.475+0000][1374.003s][info ][safepoint     ] Application time: 1.0007481 seconds
[2023-10-19T21:01:39.476+0000][1374.004s][info ][safepoint     ] Entering safepoint region: Cleanup
[2023-10-19T21:01:39.476+0000][1374.004s][info ][safepoint     ] Leaving safepoint region
[2023-10-19T21:01:39.477+0000][1374.005s][info ][safepoint     ] Total time for which application threads were stopped: 0.0011316 seconds, Stopping threads took: 0.0005277 seconds
[2023-10-19T21:01:40.477+0000][1375.005s][debug][safepoint     ] Safepoint synchronization initiated. (177 threads)
[2023-10-19T21:01:40.478+0000][1375.006s][info ][safepoint     ] Application time: 1.0007622 seconds
[2023-10-19T21:01:40.478+0000][1375.006s][info ][safepoint     ] Entering safepoint region: Cleanup
[2023-10-19T21:01:40.479+0000][1375.007s][info ][safepoint     ] Leaving safepoint region
[2023-10-19T21:01:40.480+0000][1375.007s][info ][safepoint     ] Total time for which application threads were stopped: 0.0010448 seconds, Stopping threads took: 0.0004713 seconds
[2023-10-19T21:01:41.480+0000][1376.008s][debug][safepoint     ] Safepoint synchronization initiated. (177 threads)
[2023-10-19T21:01:41.481+0000][1376.009s][info ][safepoint     ] Application time: 1.0014952 seconds
[2023-10-19T21:01:41.483+0000][1376.011s][info ][safepoint     ] Entering safepoint region: Cleanup
[2023-10-19T21:01:41.484+0000][1376.012s][info ][safepoint     ] Leaving safepoint region
[2023-10-19T21:01:41.485+0000][1376.013s][info ][safepoint     ] Total time for which application threads were stopped: 0.0024251 seconds, Stopping threads took: 0.0011347 seconds
[2023-10-19T21:01:42.486+0000][1377.014s][debug][safepoint     ] Safepoint synchronization initiated. (177 threads)
[2023-10-19T21:01:42.487+0000][1377.015s][info ][safepoint     ] Application time: 1.0008520 seconds
[2023-10-19T21:01:42.487+0000][1377.015s][info ][safepoint     ] Entering safepoint region: Cleanup
[2023-10-19T21:01:42.488+0000][1377.016s][info ][safepoint     ] Leaving safepoint region
[2023-10-19T21:01:42.488+0000][1377.016s][info ][safepoint     ] Total time for which application threads were stopped: 0.0008655 seconds, Stopping threads took: 0.0003959 seconds
[2023-10-19T21:01:43.489+0000][1378.017s][debug][safepoint     ] Safepoint synchronization initiated. (177 threads)
[2023-10-19T21:01:43.490+0000][1378.018s][info ][safepoint     ] Application time: 1.0015165 seconds
[2023-10-19T21:01:43.491+0000][1378.019s][info ][safepoint     ] Entering safepoint region: Cleanup
[2023-10-19T21:01:43.493+0000][1378.020s][info ][safepoint     ] Leaving safepoint region
[2023-10-19T21:01:43.493+0000][1378.021s][info ][safepoint     ] Total time for which application threads were stopped: 0.0023971 seconds, Stopping threads took: 0.0010217 seconds
[2023-10-19T21:01:44.495+0000][1379.023s][debug][safepoint     ] Safepoint synchronization initiated. (177 threads)
[2023-10-19T21:01:44.496+0000][1379.024s][info ][safepoint     ] Application time: 1.0014559 seconds
[2023-10-19T21:01:44.497+0000][1379.025s][info ][safepoint     ] Entering safepoint region: Cleanup
[2023-10-19T21:01:44.498+0000][1379.026s][info ][safepoint     ] Leaving safepoint region
[2023-10-19T21:01:44.499+0000][1379.027s][info ][safepoint     ] Total time for which application threads were stopped: 0.0019271 seconds, Stopping threads took: 0.0008649 seconds
[2023-10-19T21:01:45.500+0000][1380.027s][debug][safepoint     ] Safepoint synchronization initiated. (177 threads)
[2023-10-19T21:01:45.501+0000][1380.029s][info ][safepoint     ] Application time: 1.0016064 seconds
[2023-10-19T21:01:45.502+0000][1380.030s][info ][safepoint     ] Entering safepoint region: Cleanup
[2023-10-19T21:01:45.504+0000][1380.032s][info ][safepoint     ] Leaving safepoint region
[2023-10-19T21:01:45.505+0000][1380.032s][info ][safepoint     ] Total time for which application threads were stopped: 0.0025167 seconds, Stopping threads took: 0.0011786 seconds
[2023-10-19T21:01:46.505+0000][1381.033s][debug][safepoint     ] Safepoint synchronization initiated. (177 threads)
[2023-10-19T21:01:46.507+0000][1381.035s][info ][safepoint     ] Application time: 1.0014895 seconds
[2023-10-19T21:01:46.508+0000][1381.036s][info ][safepoint     ] Entering safepoint region: Cleanup
[2023-10-19T21:01:46.510+0000][1381.037s][info ][safepoint     ] Leaving safepoint region
[2023-10-19T21:01:46.510+0000][1381.038s][info ][safepoint     ] Total time for which application threads were stopped: 0.0026798 seconds, Stopping threads took: 0.0012456 seconds
[2023-10-19T21:01:47.512+0000][1382.040s][debug][safepoint     ] Safepoint synchronization initiated. (177 threads)
[2023-10-19T21:01:47.513+0000][1382.041s][info ][safepoint     ] Application time: 1.0015823 seconds
[2023-10-19T21:01:47.514+0000][1382.042s][info ][safepoint     ] Entering safepoint region: Cleanup
[2023-10-19T21:01:47.516+0000][1382.044s][info ][safepoint     ] Leaving safepoint region
[2023-10-19T21:01:47.517+0000][1382.045s][info ][safepoint     ] Total time for which application threads were stopped: 0.0024918 seconds, Stopping threads took: 0.0010405 seconds
[2023-10-19T21:01:48.518+0000][1383.046s][debug][safepoint     ] Safepoint synchronization initiated. (177 threads)
[2023-10-19T21:01:48.519+0000][1383.047s][info ][safepoint     ] Application time: 1.0015926 seconds
[2023-10-19T21:01:48.521+0000][1383.049s][info ][safepoint     ] Entering safepoint region: Cleanup
[2023-10-19T21:01:48.522+0000][1383.050s][info ][safepoint     ] Leaving safepoint region
[2023-10-19T21:01:48.523+0000][1383.051s][info ][safepoint     ] Total time for which application threads were stopped: 0.0027895 seconds, Stopping threads took: 0.0011141 seconds
[2023-10-19T21:01:49.525+0000][1384.053s][debug][safepoint     ] Safepoint synchronization initiated. (177 threads)
[2023-10-19T21:01:49.525+0000][1384.053s][info ][safepoint     ] Application time: 1.0006503 seconds
[2023-10-19T21:01:49.526+0000][1384.054s][info ][safepoint     ] Entering safepoint region: Cleanup
[2023-10-19T21:01:49.526+0000][1384.054s][info ][safepoint     ] Leaving safepoint region
[2023-10-19T21:01:49.527+0000][1384.055s][info ][safepoint     ] Total time for which application threads were stopped: 0.0011854 seconds, Stopping threads took: 0.0005119 seconds
[2023-10-19T21:01:50.528+0000][1385.055s][debug][safepoint     ] Safepoint synchronization initiated. (177 threads)
[2023-10-19T21:01:50.529+0000][1385.057s][info ][safepoint     ] Application time: 1.0014281 seconds
[2023-10-19T21:01:50.530+0000][1385.058s][info ][safepoint     ] Entering safepoint region: Cleanup
[2023-10-19T21:01:50.531+0000][1385.059s][info ][safepoint     ] Leaving safepoint region
[2023-10-19T21:01:50.532+0000][1385.060s][info ][safepoint     ] Total time for which application threads were stopped: 0.0023599 seconds, Stopping threads took: 0.0010179 seconds
[2023-10-19T21:01:51.533+0000][1386.061s][debug][safepoint     ] Safepoint synchronization initiated. (177 threads)
[2023-10-19T21:01:51.534+0000][1386.062s][info ][safepoint     ] Application time: 1.0010708 seconds
[2023-10-19T21:01:51.535+0000][1386.063s][info ][safepoint     ] Entering safepoint region: Cleanup
[2023-10-19T21:01:51.536+0000][1386.064s][info ][safepoint     ] Leaving safepoint region
[2023-10-19T21:01:51.536+0000][1386.064s][info ][safepoint     ] Total time for which application threads were stopped: 0.0016597 seconds, Stopping threads took: 0.0007241 seconds
[2023-10-19T21:01:52.537+0000][1387.065s][debug][safepoint     ] Safepoint synchronization initiated. (177 threads)
[2023-10-19T21:01:52.539+0000][1387.067s][info ][safepoint     ] Application time: 1.0016920 seconds
[2023-10-19T21:01:52.540+0000][1387.068s][info ][safepoint     ] Entering safepoint region: Cleanup
[2023-10-19T21:01:52.541+0000][1387.069s][info ][safepoint     ] Leaving safepoint region
[2023-10-19T21:01:52.542+0000][1387.070s][info ][safepoint     ] Total time for which application threads were stopped: 0.0026356 seconds, Stopping threads took: 0.0012425 seconds
[2023-10-19T21:01:53.544+0000][1388.072s][debug][safepoint     ] Safepoint synchronization initiated. (177 threads)
[2023-10-19T21:01:53.546+0000][1388.074s][info ][safepoint     ] Application time: 1.0021004 seconds
[2023-10-19T21:01:53.547+0000][1388.075s][info ][safepoint     ] Entering safepoint region: Cleanup
[2023-10-19T21:01:53.548+0000][1388.076s][info ][safepoint     ] Leaving safepoint region
[2023-10-19T21:01:53.549+0000][1388.077s][info ][safepoint     ] Total time for which application threads were stopped: 0.0026745 seconds, Stopping threads took: 0.0010857 seconds
[2023-10-19T21:01:54.551+0000][1389.079s][debug][safepoint     ] Safepoint synchronization initiated. (177 threads)
[2023-10-19T21:01:54.552+0000][1389.080s][info ][safepoint     ] Application time: 1.0016803 seconds
[2023-10-19T21:01:54.553+0000][1389.081s][info ][safepoint     ] Entering safepoint region: Cleanup
[2023-10-19T21:01:54.555+0000][1389.083s][info ][safepoint     ] Leaving safepoint region
[2023-10-19T21:01:54.556+0000][1389.084s][info ][safepoint     ] Total time for which application threads were stopped: 0.0026988 seconds, Stopping threads took: 0.0012408 seconds
[2023-10-19T21:01:55.557+0000][1390.085s][debug][safepoint     ] Safepoint synchronization initiated. (177 threads)
[2023-10-19T21:01:55.559+0000][1390.086s][info ][safepoint     ] Application time: 1.0016427 seconds
[2023-10-19T21:01:55.560+0000][1390.088s][info ][safepoint     ] Entering safepoint region: Cleanup
[2023-10-19T21:01:55.561+0000][1390.089s][info ][safepoint     ] Leaving safepoint region
[2023-10-19T21:01:55.563+0000][1390.090s][info ][safepoint     ] Total time for which application threads were stopped: 0.0028400 seconds, Stopping threads took: 0.0012910 seconds
[2023-10-19T21:01:56.564+0000][1391.092s][debug][safepoint     ] Safepoint synchronization initiated. (177 threads)
[2023-10-19T21:01:56.565+0000][1391.093s][info ][safepoint     ] Application time: 1.0015857 seconds
[2023-10-19T21:01:56.567+0000][1391.094s][info ][safepoint     ] Entering safepoint region: Cleanup
[2023-10-19T21:01:56.568+0000][1391.096s][info ][safepoint     ] Leaving safepoint region
[2023-10-19T21:01:56.569+0000][1391.097s][info ][safepoint     ] Total time for which application threads were stopped: 0.0028124 seconds, Stopping threads took: 0.0013012 seconds
[2023-10-19T21:01:57.570+0000][1392.098s][debug][safepoint     ] Safepoint synchronization initiated. (177 threads)
[2023-10-19T21:01:57.572+0000][1392.100s][info ][safepoint     ] Application time: 1.0016562 seconds
[2023-10-19T21:01:57.573+0000][1392.101s][info ][safepoint     ] Entering safepoint region: Cleanup
[2023-10-19T21:01:57.575+0000][1392.103s][info ][safepoint     ] Leaving safepoint region
[2023-10-19T21:01:57.575+0000][1392.103s][info ][safepoint     ] Total time for which application threads were stopped: 0.0023911 seconds, Stopping threads took: 0.0012020 seconds
[2023-10-19T21:01:58.576+0000][1393.104s][debug][safepoint     ] Safepoint synchronization initiated. (177 threads)
[2023-10-19T21:01:58.578+0000][1393.106s][info ][safepoint     ] Application time: 1.0021634 seconds
[2023-10-19T21:01:58.580+0000][1393.107s][info ][safepoint     ] Entering safepoint region: Cleanup
[2023-10-19T21:01:58.581+0000][1393.109s][info ][safepoint     ] Leaving safepoint region
[2023-10-19T21:01:58.582+0000][1393.110s][info ][safepoint     ] Total time for which application threads were stopped: 0.0026639 seconds, Stopping threads took: 0.0012141 seconds
[2023-10-19T21:01:59.583+0000][1394.111s][debug][safepoint     ] Safepoint synchronization initiated. (177 threads)
[2023-10-19T21:01:59.584+0000][1394.112s][info ][safepoint     ] Application time: 1.0007853 seconds
[2023-10-19T21:01:59.584+0000][1394.112s][info ][safepoint     ] Entering safepoint region: Cleanup
[2023-10-19T21:01:59.585+0000][1394.113s][info ][safepoint     ] Leaving safepoint region
[2023-10-19T21:01:59.586+0000][1394.113s][info ][safepoint     ] Total time for which application threads were stopped: 0.0011669 seconds, Stopping threads took: 0.0005457 seconds
[2023-10-19T21:02:00.586+0000][1395.114s][debug][safepoint     ] Safepoint synchronization initiated. (177 threads)
[2023-10-19T21:02:00.587+0000][1395.115s][info ][safepoint     ] Application time: 1.0012782 seconds
[2023-10-19T21:02:00.588+0000][1395.116s][info ][safepoint     ] Entering safepoint region: Cleanup
[2023-10-19T21:02:00.590+0000][1395.118s][info ][safepoint     ] Leaving safepoint region
[2023-10-19T21:02:00.591+0000][1395.119s][info ][safepoint     ] Total time for which application threads were stopped: 0.0024644 seconds, Stopping threads took: 0.0012765 seconds
[2023-10-19T21:02:01.592+0000][1396.120s][debug][safepoint     ] Safepoint synchronization initiated. (177 threads)
[2023-10-19T21:02:01.593+0000][1396.121s][info ][safepoint     ] Application time: 1.0014511 seconds
[2023-10-19T21:02:01.594+0000][1396.122s][info ][safepoint     ] Entering safepoint region: Cleanup
[2023-10-19T21:02:01.595+0000][1396.123s][info ][safepoint     ] Leaving safepoint region
[2023-10-19T21:02:01.596+0000][1396.124s][info ][safepoint     ] Total time for which application threads were stopped: 0.0019598 seconds, Stopping threads took: 0.0009681 seconds
[2023-10-19T21:02:02.597+0000][1397.125s][debug][safepoint     ] Safepoint synchronization initiated. (177 threads)
[2023-10-19T21:02:02.598+0000][1397.126s][info ][safepoint     ] Application time: 1.0016061 seconds
[2023-10-19T21:02:02.599+0000][1397.127s][info ][safepoint     ] Entering safepoint region: Cleanup
[2023-10-19T21:02:02.601+0000][1397.129s][info ][safepoint     ] Leaving safepoint region
[2023-10-19T21:02:02.602+0000][1397.130s][info ][safepoint     ] Total time for which application threads were stopped: 0.0025106 seconds, Stopping threads took: 0.0011211 seconds
[2023-10-19T21:02:03.603+0000][1398.131s][debug][safepoint     ] Safepoint synchronization initiated. (177 threads)
[2023-10-19T21:02:03.604+0000][1398.132s][info ][safepoint     ] Application time: 1.0015074 seconds
[2023-10-19T21:02:03.605+0000][1398.133s][info ][safepoint     ] Entering safepoint region: Cleanup
[2023-10-19T21:02:03.607+0000][1398.135s][info ][safepoint     ] Leaving safepoint region
[2023-10-19T21:02:03.608+0000][1398.136s][info ][safepoint     ] Total time for which application threads were stopped: 0.0024620 seconds, Stopping threads took: 0.0010719 seconds
[2023-10-19T21:02:04.609+0000][1399.137s][debug][safepoint     ] Safepoint synchronization initiated. (177 threads)
[2023-10-19T21:02:04.611+0000][1399.138s][info ][safepoint     ] Application time: 1.0018155 seconds
[2023-10-19T21:02:04.612+0000][1399.140s][info ][safepoint     ] Entering safepoint region: Cleanup
[2023-10-19T21:02:04.613+0000][1399.141s][info ][safepoint     ] Leaving safepoint region
[2023-10-19T21:02:04.614+0000][1399.142s][info ][safepoint     ] Total time for which application threads were stopped: 0.0026366 seconds, Stopping threads took: 0.0011780 seconds
[2023-10-19T21:02:05.616+0000][1400.143s][debug][safepoint     ] Safepoint synchronization initiated. (177 threads)
[2023-10-19T21:02:05.617+0000][1400.145s][info ][safepoint     ] Application time: 1.0014313 seconds
[2023-10-19T21:02:05.618+0000][1400.146s][info ][safepoint     ] Entering safepoint region: Cleanup
[2023-10-19T21:02:05.619+0000][1400.147s][info ][safepoint     ] Leaving safepoint region
[2023-10-19T21:02:05.620+0000][1400.148s][info ][safepoint     ] Total time for which application threads were stopped: 0.0024441 seconds, Stopping threads took: 0.0010575 seconds
[2023-10-19T21:02:06.621+0000][1401.149s][debug][safepoint     ] Safepoint synchronization initiated. (177 threads)
[2023-10-19T21:02:06.623+0000][1401.151s][info ][safepoint     ] Application time: 1.0015229 seconds
[2023-10-19T21:02:06.624+0000][1401.152s][info ][safepoint     ] Entering safepoint region: Cleanup
[2023-10-19T21:02:06.625+0000][1401.153s][info ][safepoint     ] Leaving safepoint region
[2023-10-19T21:02:06.626+0000][1401.154s][info ][safepoint     ] Total time for which application threads were stopped: 0.0022113 seconds, Stopping threads took: 0.0009483 seconds
[2023-10-19T21:02:07.627+0000][1402.155s][debug][safepoint     ] Safepoint synchronization initiated. (177 threads)
[2023-10-19T21:02:07.628+0000][1402.156s][info ][safepoint     ] Application time: 1.0010638 seconds
[2023-10-19T21:02:07.629+0000][1402.157s][info ][safepoint     ] Entering safepoint region: Cleanup
[2023-10-19T21:02:07.630+0000][1402.158s][info ][safepoint     ] Leaving safepoint region
[2023-10-19T21:02:07.630+0000][1402.158s][info ][safepoint     ] Total time for which application threads were stopped: 0.0016797 seconds, Stopping threads took: 0.0007738 seconds
[2023-10-19T21:02:08.631+0000][1403.159s][debug][safepoint     ] Safepoint synchronization initiated. (177 threads)
[2023-10-19T21:02:08.632+0000][1403.160s][info ][safepoint     ] Application time: 1.0010779 seconds
[2023-10-19T21:02:08.633+0000][1403.160s][info ][safepoint     ] Entering safepoint region: Cleanup
[2023-10-19T21:02:08.633+0000][1403.161s][info ][safepoint     ] Leaving safepoint region
[2023-10-19T21:02:08.634+0000][1403.162s][info ][safepoint     ] Total time for which application threads were stopped: 0.0015298 seconds, Stopping threads took: 0.0006828 seconds
[2023-10-19T21:02:09.635+0000][1404.163s][debug][safepoint     ] Safepoint synchronization initiated. (177 threads)
[2023-10-19T21:02:09.635+0000][1404.163s][info ][safepoint     ] Application time: 1.0006653 seconds
[2023-10-19T21:02:09.636+0000][1404.164s][info ][safepoint     ] Entering safepoint region: Cleanup
[2023-10-19T21:02:09.636+0000][1404.164s][info ][safepoint     ] Leaving safepoint region
[2023-10-19T21:02:09.637+0000][1404.165s][info ][safepoint     ] Total time for which application threads were stopped: 0.0011704 seconds, Stopping threads took: 0.0004901 seconds
[2023-10-19T21:02:10.637+0000][1405.165s][debug][safepoint     ] Safepoint synchronization initiated. (177 threads)
[2023-10-19T21:02:10.638+0000][1405.166s][info ][safepoint     ] Application time: 1.0007696 seconds
[2023-10-19T21:02:10.639+0000][1405.166s][info ][safepoint     ] Entering safepoint region: Cleanup
[2023-10-19T21:02:10.639+0000][1405.167s][info ][safepoint     ] Leaving safepoint region
[2023-10-19T21:02:10.639+0000][1405.167s][info ][safepoint     ] Total time for which application threads were stopped: 0.0009760 seconds, Stopping threads took: 0.0004074 seconds
[2023-10-19T21:02:11.640+0000][1406.168s][debug][safepoint     ] Safepoint synchronization initiated. (177 threads)
[2023-10-19T21:02:11.641+0000][1406.169s][info ][safepoint     ] Application time: 1.0007706 seconds
[2023-10-19T21:02:11.641+0000][1406.169s][info ][safepoint     ] Entering safepoint region: Cleanup
[2023-10-19T21:02:11.642+0000][1406.170s][info ][safepoint     ] Leaving safepoint region
[2023-10-19T21:02:11.642+0000][1406.170s][info ][safepoint     ] Total time for which application threads were stopped: 0.0012369 seconds, Stopping threads took: 0.0006014 seconds
[2023-10-19T21:02:12.643+0000][1407.171s][debug][safepoint     ] Safepoint synchronization initiated. (177 threads)
[2023-10-19T21:02:12.644+0000][1407.172s][info ][safepoint     ] Application time: 1.0015309 seconds
[2023-10-19T21:02:12.645+0000][1407.173s][info ][safepoint     ] Entering safepoint region: Cleanup
[2023-10-19T21:02:12.647+0000][1407.175s][info ][safepoint     ] Leaving safepoint region
[2023-10-19T21:02:12.648+0000][1407.176s][info ][safepoint     ] Total time for which application threads were stopped: 0.0024627 seconds, Stopping threads took: 0.0010826 seconds
[2023-10-19T21:02:13.649+0000][1408.177s][debug][safepoint     ] Safepoint synchronization initiated. (177 threads)
[2023-10-19T21:02:13.649+0000][1408.177s][info ][safepoint     ] Application time: 1.0007072 seconds
[2023-10-19T21:02:13.650+0000][1408.178s][info ][safepoint     ] Entering safepoint region: Cleanup
[2023-10-19T21:02:13.650+0000][1408.178s][info ][safepoint     ] Leaving safepoint region
[2023-10-19T21:02:13.651+0000][1408.179s][info ][safepoint     ] Total time for which application threads were stopped: 0.0008842 seconds, Stopping threads took: 0.0003845 seconds
[2023-10-19T21:02:14.651+0000][1409.179s][debug][safepoint     ] Safepoint synchronization initiated. (177 threads)
[2023-10-19T21:02:14.652+0000][1409.179s][info ][safepoint     ] Application time: 1.0005793 seconds
[2023-10-19T21:02:14.652+0000][1409.180s][info ][safepoint     ] Entering safepoint region: Cleanup
[2023-10-19T21:02:14.652+0000][1409.180s][info ][safepoint     ] Leaving safepoint region
[2023-10-19T21:02:14.653+0000][1409.181s][info ][safepoint     ] Total time for which application threads were stopped: 0.0008815 seconds, Stopping threads took: 0.0003866 seconds
[2023-10-19T21:02:15.653+0000][1410.181s][debug][safepoint     ] Safepoint synchronization initiated. (177 threads)
[2023-10-19T21:02:15.654+0000][1410.182s][info ][safepoint     ] Application time: 1.0012254 seconds
[2023-10-19T21:02:15.655+0000][1410.183s][info ][safepoint     ] Entering safepoint region: Cleanup
[2023-10-19T21:02:15.656+0000][1410.184s][info ][safepoint     ] Leaving safepoint region
[2023-10-19T21:02:15.657+0000][1410.185s][info ][safepoint     ] Total time for which application threads were stopped: 0.0021265 seconds, Stopping threads took: 0.0009186 seconds
[2023-10-19T21:02:16.658+0000][1411.186s][debug][safepoint     ] Safepoint synchronization initiated. (177 threads)
[2023-10-19T21:02:16.659+0000][1411.187s][info ][safepoint     ] Application time: 1.0012360 seconds
[2023-10-19T21:02:16.660+0000][1411.188s][info ][safepoint     ] Entering safepoint region: Cleanup
[2023-10-19T21:02:16.662+0000][1411.190s][info ][safepoint     ] Leaving safepoint region
[2023-10-19T21:02:16.663+0000][1411.191s][info ][safepoint     ] Total time for which application threads were stopped: 0.0025369 seconds, Stopping threads took: 0.0010659 seconds
[2023-10-19T21:02:17.664+0000][1412.192s][debug][safepoint     ] Safepoint synchronization initiated. (177 threads)
[2023-10-19T21:02:17.664+0000][1412.192s][info ][safepoint     ] Application time: 1.0004884 seconds
[2023-10-19T21:02:17.664+0000][1412.192s][info ][safepoint     ] Entering safepoint region: Cleanup
[2023-10-19T21:02:17.665+0000][1412.193s][info ][safepoint     ] Leaving safepoint region
[2023-10-19T21:02:17.665+0000][1412.193s][info ][safepoint     ] Total time for which application threads were stopped: 0.0008312 seconds, Stopping threads took: 0.0003239 seconds
[2023-10-19T21:02:18.666+0000][1413.194s][debug][safepoint     ] Safepoint synchronization initiated. (177 threads)
[2023-10-19T21:02:18.666+0000][1413.194s][info ][safepoint     ] Application time: 1.0006803 seconds
[2023-10-19T21:02:18.667+0000][1413.195s][info ][safepoint     ] Entering safepoint region: Cleanup
[2023-10-19T21:02:18.667+0000][1413.195s][info ][safepoint     ] Leaving safepoint region
[2023-10-19T21:02:18.668+0000][1413.196s][info ][safepoint     ] Total time for which application threads were stopped: 0.0010615 seconds, Stopping threads took: 0.0004270 seconds
[2023-10-19T21:02:19.668+0000][1414.196s][debug][safepoint     ] Safepoint synchronization initiated. (177 threads)
[2023-10-19T21:02:19.669+0000][1414.197s][info ][safepoint     ] Application time: 1.0012153 seconds
[2023-10-19T21:02:19.670+0000][1414.198s][info ][safepoint     ] Entering safepoint region: Cleanup
[2023-10-19T21:02:19.671+0000][1414.199s][info ][safepoint     ] Leaving safepoint region
[2023-10-19T21:02:19.672+0000][1414.200s][info ][safepoint     ] Total time for which application threads were stopped: 0.0018591 seconds, Stopping threads took: 0.0007719 seconds
[2023-10-19T21:02:20.673+0000][1415.201s][debug][safepoint     ] Safepoint synchronization initiated. (177 threads)
[2023-10-19T21:02:20.673+0000][1415.201s][info ][safepoint     ] Application time: 1.0005560 seconds
[2023-10-19T21:02:20.674+0000][1415.202s][info ][safepoint     ] Entering safepoint region: Cleanup
[2023-10-19T21:02:20.674+0000][1415.202s][info ][safepoint     ] Leaving safepoint region
[2023-10-19T21:02:20.675+0000][1415.203s][info ][safepoint     ] Total time for which application threads were stopped: 0.0010340 seconds, Stopping threads took: 0.0003513 seconds
[2023-10-19T21:02:21.675+0000][1416.203s][debug][safepoint     ] Safepoint synchronization initiated. (177 threads)
[2023-10-19T21:02:21.676+0000][1416.203s][info ][safepoint     ] Application time: 1.0005429 seconds
[2023-10-19T21:02:21.676+0000][1416.204s][info ][safepoint     ] Entering safepoint region: Cleanup
[2023-10-19T21:02:21.676+0000][1416.204s][info ][safepoint     ] Leaving safepoint region
[2023-10-19T21:02:21.677+0000][1416.205s][info ][safepoint     ] Total time for which application threads were stopped: 0.0008007 seconds, Stopping threads took: 0.0003322 seconds
[2023-10-19T21:02:22.677+0000][1417.205s][debug][safepoint     ] Safepoint synchronization initiated. (177 threads)
[2023-10-19T21:02:22.678+0000][1417.206s][info ][safepoint     ] Application time: 1.0006428 seconds
[2023-10-19T21:02:22.678+0000][1417.206s][info ][safepoint     ] Entering safepoint region: Cleanup
[2023-10-19T21:02:22.679+0000][1417.206s][info ][safepoint     ] Leaving safepoint region
[2023-10-19T21:02:22.679+0000][1417.207s][info ][safepoint     ] Total time for which application threads were stopped: 0.0008675 seconds, Stopping threads took: 0.0003713 seconds
[2023-10-19T21:02:23.679+0000][1418.207s][debug][safepoint     ] Safepoint synchronization initiated. (177 threads)
[2023-10-19T21:02:23.679+0000][1418.208s][info ][safepoint     ] Application time: 1.0006224 seconds
[2023-10-19T21:02:23.680+0000][1418.208s][info ][safepoint     ] Entering safepoint region: Cleanup
[2023-10-19T21:02:23.681+0000][1418.209s][info ][safepoint     ] Leaving safepoint region
[2023-10-19T21:02:23.681+0000][1418.209s][info ][safepoint     ] Total time for which application threads were stopped: 0.0010512 seconds, Stopping threads took: 0.0005394 seconds
[2023-10-19T21:02:24.668+0000][1419.197s][debug][safepoint     ] Safepoint synchronization initiated. (177 threads)
[2023-10-19T21:02:24.669+0000][1419.197s][info ][safepoint     ] Application time: 0.9876936 seconds
[2023-10-19T21:02:24.669+0000][1419.198s][info ][safepoint     ] Entering safepoint region: G1CollectForAllocation
[2023-10-19T21:02:24.670+0000][1419.199s][info ][gc,start      ] GC(66) Pause Young (Normal) (G1 Evacuation Pause)
[2023-10-19T21:02:24.671+0000][1419.199s][info ][gc,task       ] GC(66) Using 8 workers of 8 for evacuation
[2023-10-19T21:02:24.689+0000][1419.217s][info ][gc,phases     ] GC(66)   Pre Evacuate Collection Set: 0.0ms
[2023-10-19T21:02:24.689+0000][1419.217s][info ][gc,phases     ] GC(66)   Evacuate Collection Set: 13.6ms
[2023-10-19T21:02:24.690+0000][1419.218s][info ][gc,phases     ] GC(66)   Post Evacuate Collection Set: 3.5ms
[2023-10-19T21:02:24.690+0000][1419.218s][info ][gc,phases     ] GC(66)   Other: 1.1ms
[2023-10-19T21:02:24.691+0000][1419.219s][info ][gc,heap       ] GC(66) Eden regions: 198->0(199)
[2023-10-19T21:02:24.691+0000][1419.219s][info ][gc,heap       ] GC(66) Survivor regions: 13->11(27)
[2023-10-19T21:02:24.692+0000][1419.220s][info ][gc,heap       ] GC(66) Old regions: 144->147
[2023-10-19T21:02:24.692+0000][1419.221s][info ][gc,heap       ] GC(66) Humongous regions: 5->5
[2023-10-19T21:02:24.693+0000][1419.221s][info ][gc,metaspace  ] GC(66) Metaspace: 167005K(172496K)->167005K(172496K) NonClass: 147588K(150992K)->147588K(150992K) Class: 19417K(21504K)->19417K(21504K)
[2023-10-19T21:02:24.693+0000][1419.222s][info ][gc            ] GC(66) Pause Young (Normal) (G1 Evacuation Pause) 358M->160M(415M) 23.008ms
[2023-10-19T21:02:24.694+0000][1419.222s][info ][gc,cpu        ] GC(66) User=0.08s Sys=0.04s Real=0.03s
[2023-10-19T21:02:24.694+0000][1419.223s][info ][safepoint     ] Leaving safepoint region
[2023-10-19T21:02:24.695+0000][1419.223s][info ][safepoint     ] Total time for which application threads were stopped: 0.0251981 seconds, Stopping threads took: 0.0004765 seconds
[2023-10-19T21:02:24.695+0000][1419.223s][info ][gc,stringdedup] Concurrent String Deduplication (1419.223s)
[2023-10-19T21:02:24.695+0000][1419.224s][info ][gc,stringdedup] Concurrent String Deduplication 360.0B->360.0B(0.0B) avg 54.3% (1419.223s, 1419.224s) 0.371ms
[2023-10-19T21:02:25.695+0000][1420.223s][debug][safepoint     ] Safepoint synchronization initiated. (177 threads)
[2023-10-19T21:02:25.696+0000][1420.224s][info ][safepoint     ] Application time: 1.0011795 seconds
[2023-10-19T21:02:25.697+0000][1420.225s][info ][safepoint     ] Entering safepoint region: Cleanup
[2023-10-19T21:02:25.698+0000][1420.226s][info ][safepoint     ] Leaving safepoint region
[2023-10-19T21:02:25.698+0000][1420.226s][info ][safepoint     ] Total time for which application threads were stopped: 0.0014558 seconds, Stopping threads took: 0.0007450 seconds
[2023-10-19T21:02:26.699+0000][1421.227s][debug][safepoint     ] Safepoint synchronization initiated. (177 threads)
[2023-10-19T21:02:26.700+0000][1421.228s][info ][safepoint     ] Application time: 1.0013497 seconds
[2023-10-19T21:02:26.701+0000][1421.229s][info ][safepoint     ] Entering safepoint region: Cleanup
[2023-10-19T21:02:26.702+0000][1421.231s][info ][safepoint     ] Leaving safepoint region
[2023-10-19T21:02:26.703+0000][1421.231s][info ][safepoint     ] Total time for which application threads were stopped: 0.0022532 seconds, Stopping threads took: 0.0010567 seconds
[2023-10-19T21:02:27.704+0000][1422.233s][debug][safepoint     ] Safepoint synchronization initiated. (177 threads)
[2023-10-19T21:02:27.705+0000][1422.234s][info ][safepoint     ] Application time: 1.0013663 seconds
[2023-10-19T21:02:27.707+0000][1422.235s][info ][safepoint     ] Entering safepoint region: Cleanup
[2023-10-19T21:02:27.708+0000][1422.236s][info ][safepoint     ] Leaving safepoint region
[2023-10-19T21:02:27.709+0000][1422.237s][info ][safepoint     ] Total time for which application threads were stopped: 0.0024530 seconds, Stopping threads took: 0.0011498 seconds
[2023-10-19T21:02:28.710+0000][1423.239s][debug][safepoint     ] Safepoint synchronization initiated. (177 threads)
[2023-10-19T21:02:28.711+0000][1423.239s][info ][safepoint     ] Application time: 1.0011504 seconds
[2023-10-19T21:02:28.712+0000][1423.240s][info ][safepoint     ] Entering safepoint region: Cleanup
[2023-10-19T21:02:28.713+0000][1423.241s][info ][safepoint     ] Leaving safepoint region
[2023-10-19T21:02:28.713+0000][1423.242s][info ][safepoint     ] Total time for which application threads were stopped: 0.0013916 seconds, Stopping threads took: 0.0006828 seconds
[2023-10-19T21:02:29.714+0000][1424.242s][debug][safepoint     ] Safepoint synchronization initiated. (177 threads)
[2023-10-19T21:02:29.715+0000][1424.243s][info ][safepoint     ] Application time: 1.0010852 seconds
[2023-10-19T21:02:29.716+0000][1424.244s][info ][safepoint     ] Entering safepoint region: Cleanup
[2023-10-19T21:02:29.716+0000][1424.245s][info ][safepoint     ] Leaving safepoint region
[2023-10-19T21:02:29.717+0000][1424.245s][info ][safepoint     ] Total time for which application threads were stopped: 0.0013027 seconds, Stopping threads took: 0.0006041 seconds
[2023-10-19T21:02:30.717+0000][1425.246s][debug][safepoint     ] Safepoint synchronization initiated. (177 threads)
[2023-10-19T21:02:30.719+0000][1425.247s][info ][safepoint     ] Application time: 1.0014159 seconds
[2023-10-19T21:02:30.720+0000][1425.248s][info ][safepoint     ] Entering safepoint region: Cleanup
[2023-10-19T21:02:30.721+0000][1425.250s][info ][safepoint     ] Leaving safepoint region
[2023-10-19T21:02:30.722+0000][1425.251s][info ][safepoint     ] Total time for which application threads were stopped: 0.0024290 seconds, Stopping threads took: 0.0011059 seconds
[2023-10-19T21:02:31.723+0000][1426.252s][debug][safepoint     ] Safepoint synchronization initiated. (177 threads)
[2023-10-19T21:02:31.724+0000][1426.252s][info ][safepoint     ] Application time: 1.0011440 seconds
[2023-10-19T21:02:31.725+0000][1426.253s][info ][safepoint     ] Entering safepoint region: Cleanup
[2023-10-19T21:02:31.726+0000][1426.254s][info ][safepoint     ] Leaving safepoint region
[2023-10-19T21:02:31.727+0000][1426.255s][info ][safepoint     ] Total time for which application threads were stopped: 0.0021025 seconds, Stopping threads took: 0.0009340 seconds
[2023-10-19T21:02:32.728+0000][1427.256s][debug][safepoint     ] Safepoint synchronization initiated. (177 threads)
[2023-10-19T21:02:32.729+0000][1427.258s][info ][safepoint     ] Application time: 1.0015086 seconds
[2023-10-19T21:02:32.730+0000][1427.259s][info ][safepoint     ] Entering safepoint region: Cleanup
[2023-10-19T21:02:32.732+0000][1427.260s][info ][safepoint     ] Leaving safepoint region
[2023-10-19T21:02:32.733+0000][1427.261s][info ][safepoint     ] Total time for which application threads were stopped: 0.0024419 seconds, Stopping threads took: 0.0011416 seconds
[2023-10-19T21:02:33.734+0000][1428.262s][debug][safepoint     ] Safepoint synchronization initiated. (177 threads)
[2023-10-19T21:02:33.734+0000][1428.263s][info ][safepoint     ] Application time: 1.0009270 seconds
[2023-10-19T21:02:33.735+0000][1428.264s][info ][safepoint     ] Entering safepoint region: Cleanup
[2023-10-19T21:02:33.737+0000][1428.265s][info ][safepoint     ] Leaving safepoint region
[2023-10-19T21:02:33.737+0000][1428.266s][info ][safepoint     ] Total time for which application threads were stopped: 0.0020788 seconds, Stopping threads took: 0.0009910 seconds
[2023-10-19T21:02:34.738+0000][1429.266s][debug][safepoint     ] Safepoint synchronization initiated. (177 threads)
[2023-10-19T21:02:34.739+0000][1429.267s][info ][safepoint     ] Application time: 1.0009141 seconds
[2023-10-19T21:02:34.739+0000][1429.268s][info ][safepoint     ] Entering safepoint region: Cleanup
[2023-10-19T21:02:34.740+0000][1429.268s][info ][safepoint     ] Leaving safepoint region
[2023-10-19T21:02:34.741+0000][1429.269s][info ][safepoint     ] Total time for which application threads were stopped: 0.0012582 seconds, Stopping threads took: 0.0005461 seconds
[2023-10-19T21:02:35.741+0000][1430.270s][debug][safepoint     ] Safepoint synchronization initiated. (177 threads)
[2023-10-19T21:02:35.742+0000][1430.270s][info ][safepoint     ] Application time: 1.0007518 seconds
[2023-10-19T21:02:35.742+0000][1430.271s][info ][safepoint     ] Entering safepoint region: Cleanup
[2023-10-19T21:02:35.743+0000][1430.271s][info ][safepoint     ] Leaving safepoint region
[2023-10-19T21:02:35.743+0000][1430.271s][info ][safepoint     ] Total time for which application threads were stopped: 0.0009219 seconds, Stopping threads took: 0.0003600 seconds
[2023-10-19T21:02:36.744+0000][1431.272s][debug][safepoint     ] Safepoint synchronization initiated. (177 threads)
[2023-10-19T21:02:36.745+0000][1431.273s][info ][safepoint     ] Application time: 1.0014542 seconds
[2023-10-19T21:02:36.746+0000][1431.274s][info ][safepoint     ] Entering safepoint region: Cleanup
[2023-10-19T21:02:36.747+0000][1431.276s][info ][safepoint     ] Leaving safepoint region
[2023-10-19T21:02:36.748+0000][1431.277s][info ][safepoint     ] Total time for which application threads were stopped: 0.0022517 seconds, Stopping threads took: 0.0010087 seconds
[2023-10-19T21:02:37.749+0000][1432.277s][debug][safepoint     ] Safepoint synchronization initiated. (177 threads)
[2023-10-19T21:02:37.750+0000][1432.278s][info ][safepoint     ] Application time: 1.0007712 seconds
[2023-10-19T21:02:37.750+0000][1432.279s][info ][safepoint     ] Entering safepoint region: Cleanup
[2023-10-19T21:02:37.751+0000][1432.279s][info ][safepoint     ] Leaving safepoint region
[2023-10-19T21:02:37.751+0000][1432.280s][info ][safepoint     ] Total time for which application threads were stopped: 0.0011385 seconds, Stopping threads took: 0.0004697 seconds
[2023-10-19T21:02:38.752+0000][1433.280s][debug][safepoint     ] Safepoint synchronization initiated. (177 threads)
[2023-10-19T21:02:38.753+0000][1433.282s][info ][safepoint     ] Application time: 1.0013396 seconds
[2023-10-19T21:02:38.754+0000][1433.282s][info ][safepoint     ] Entering safepoint region: Cleanup
[2023-10-19T21:02:38.755+0000][1433.283s][info ][safepoint     ] Leaving safepoint region
[2023-10-19T21:02:38.756+0000][1433.284s][info ][safepoint     ] Total time for which application threads were stopped: 0.0017439 seconds, Stopping threads took: 0.0007359 seconds
[2023-10-19T21:02:39.757+0000][1434.285s][debug][safepoint     ] Safepoint synchronization initiated. (177 threads)
[2023-10-19T21:02:39.758+0000][1434.286s][info ][safepoint     ] Application time: 1.0012006 seconds
[2023-10-19T21:02:39.758+0000][1434.287s][info ][safepoint     ] Entering safepoint region: Cleanup
[2023-10-19T21:02:39.759+0000][1434.287s][info ][safepoint     ] Leaving safepoint region
[2023-10-19T21:02:39.760+0000][1434.288s][info ][safepoint     ] Total time for which application threads were stopped: 0.0014689 seconds, Stopping threads took: 0.0005634 seconds
[2023-10-19T21:02:40.760+0000][1435.289s][debug][safepoint     ] Safepoint synchronization initiated. (177 threads)
[2023-10-19T21:02:40.761+0000][1435.289s][info ][safepoint     ] Application time: 1.0006763 seconds
[2023-10-19T21:02:40.761+0000][1435.290s][info ][safepoint     ] Entering safepoint region: Cleanup
[2023-10-19T21:02:40.762+0000][1435.290s][info ][safepoint     ] Leaving safepoint region
[2023-10-19T21:02:40.762+0000][1435.290s][info ][safepoint     ] Total time for which application threads were stopped: 0.0008340 seconds, Stopping threads took: 0.0004111 seconds
[2023-10-19T21:02:41.763+0000][1436.291s][debug][safepoint     ] Safepoint synchronization initiated. (177 threads)
[2023-10-19T21:02:41.763+0000][1436.291s][info ][safepoint     ] Application time: 1.0007336 seconds
[2023-10-19T21:02:41.764+0000][1436.292s][info ][safepoint     ] Entering safepoint region: Cleanup
[2023-10-19T21:02:41.765+0000][1436.293s][info ][safepoint     ] Leaving safepoint region
[2023-10-19T21:02:41.765+0000][1436.293s][info ][safepoint     ] Total time for which application threads were stopped: 0.0012477 seconds, Stopping threads took: 0.0005014 seconds
[2023-10-19T21:02:42.766+0000][1437.294s][debug][safepoint     ] Safepoint synchronization initiated. (177 threads)
[2023-10-19T21:02:42.767+0000][1437.295s][info ][safepoint     ] Application time: 1.0014263 seconds
[2023-10-19T21:02:42.768+0000][1437.296s][info ][safepoint     ] Entering safepoint region: Cleanup
[2023-10-19T21:02:42.770+0000][1437.298s][info ][safepoint     ] Leaving safepoint region
[2023-10-19T21:02:42.770+0000][1437.299s][info ][safepoint     ] Total time for which application threads were stopped: 0.0025635 seconds, Stopping threads took: 0.0012853 seconds
[2023-10-19T21:02:43.772+0000][1438.300s][debug][safepoint     ] Safepoint synchronization initiated. (177 threads)
[2023-10-19T21:02:43.773+0000][1438.301s][info ][safepoint     ] Application time: 1.0013233 seconds
[2023-10-19T21:02:43.774+0000][1438.302s][info ][safepoint     ] Entering safepoint region: Cleanup
[2023-10-19T21:02:43.775+0000][1438.303s][info ][safepoint     ] Leaving safepoint region
[2023-10-19T21:02:43.776+0000][1438.304s][info ][safepoint     ] Total time for which application threads were stopped: 0.0021677 seconds, Stopping threads took: 0.0010905 seconds
[2023-10-19T21:02:44.777+0000][1439.305s][debug][safepoint     ] Safepoint synchronization initiated. (177 threads)
[2023-10-19T21:02:44.778+0000][1439.306s][info ][safepoint     ] Application time: 1.0012729 seconds
[2023-10-19T21:02:44.779+0000][1439.307s][info ][safepoint     ] Entering safepoint region: Cleanup
[2023-10-19T21:02:44.780+0000][1439.308s][info ][safepoint     ] Leaving safepoint region
[2023-10-19T21:02:44.781+0000][1439.309s][info ][safepoint     ] Total time for which application threads were stopped: 0.0022189 seconds, Stopping threads took: 0.0009996 seconds
[2023-10-19T21:02:45.782+0000][1440.310s][debug][safepoint     ] Safepoint synchronization initiated. (177 threads)
[2023-10-19T21:02:45.782+0000][1440.311s][info ][safepoint     ] Application time: 1.0007343 seconds
[2023-10-19T21:02:45.783+0000][1440.311s][info ][safepoint     ] Entering safepoint region: Cleanup
[2023-10-19T21:02:45.784+0000][1440.312s][info ][safepoint     ] Leaving safepoint region
[2023-10-19T21:02:45.784+0000][1440.312s][info ][safepoint     ] Total time for which application threads were stopped: 0.0013682 seconds, Stopping threads took: 0.0005588 seconds
[2023-10-19T21:02:46.785+0000][1441.313s][debug][safepoint     ] Safepoint synchronization initiated. (177 threads)
[2023-10-19T21:02:46.785+0000][1441.314s][info ][safepoint     ] Application time: 1.0009013 seconds
[2023-10-19T21:02:46.786+0000][1441.314s][info ][safepoint     ] Entering safepoint region: Cleanup
[2023-10-19T21:02:46.787+0000][1441.315s][info ][safepoint     ] Leaving safepoint region
[2023-10-19T21:02:46.787+0000][1441.315s][info ][safepoint     ] Total time for which application threads were stopped: 0.0010737 seconds, Stopping threads took: 0.0005535 seconds
[2023-10-19T21:02:47.788+0000][1442.316s][debug][safepoint     ] Safepoint synchronization initiated. (177 threads)
[2023-10-19T21:02:47.789+0000][1442.317s][info ][safepoint     ] Application time: 1.0014224 seconds
[2023-10-19T21:02:47.790+0000][1442.318s][info ][safepoint     ] Entering safepoint region: Cleanup
[2023-10-19T21:02:47.792+0000][1442.320s][info ][safepoint     ] Leaving safepoint region
[2023-10-19T21:02:47.793+0000][1442.321s][info ][safepoint     ] Total time for which application threads were stopped: 0.0025583 seconds, Stopping threads took: 0.0010927 seconds
[2023-10-19T21:02:48.794+0000][1443.322s][debug][safepoint     ] Safepoint synchronization initiated. (177 threads)
[2023-10-19T21:02:48.794+0000][1443.323s][info ][safepoint     ] Application time: 1.0007321 seconds
[2023-10-19T21:02:48.795+0000][1443.323s][info ][safepoint     ] Entering safepoint region: Cleanup
[2023-10-19T21:02:48.795+0000][1443.324s][info ][safepoint     ] Leaving safepoint region
[2023-10-19T21:02:48.796+0000][1443.324s][info ][safepoint     ] Total time for which application threads were stopped: 0.0010380 seconds, Stopping threads took: 0.0004809 seconds
[2023-10-19T21:02:49.796+0000][1444.325s][debug][safepoint     ] Safepoint synchronization initiated. (177 threads)
[2023-10-19T21:02:49.797+0000][1444.326s][info ][safepoint     ] Application time: 1.0011904 seconds
[2023-10-19T21:02:49.798+0000][1444.327s][info ][safepoint     ] Entering safepoint region: Cleanup
[2023-10-19T21:02:49.800+0000][1444.328s][info ][safepoint     ] Leaving safepoint region
[2023-10-19T21:02:49.800+0000][1444.329s][info ][safepoint     ] Total time for which application threads were stopped: 0.0020424 seconds, Stopping threads took: 0.0009239 seconds
[2023-10-19T21:02:50.801+0000][1445.330s][debug][safepoint     ] Safepoint synchronization initiated. (177 threads)
[2023-10-19T21:02:50.802+0000][1445.330s][info ][safepoint     ] Application time: 1.0010018 seconds
[2023-10-19T21:02:50.803+0000][1445.331s][info ][safepoint     ] Entering safepoint region: Cleanup
[2023-10-19T21:02:50.804+0000][1445.332s][info ][safepoint     ] Leaving safepoint region
[2023-10-19T21:02:50.804+0000][1445.332s][info ][safepoint     ] Total time for which application threads were stopped: 0.0014510 seconds, Stopping threads took: 0.0006715 seconds
[2023-10-19T21:02:51.805+0000][1446.333s][debug][safepoint     ] Safepoint synchronization initiated. (177 threads)
[2023-10-19T21:02:51.806+0000][1446.334s][info ][safepoint     ] Application time: 1.0013916 seconds
[2023-10-19T21:02:51.807+0000][1446.335s][info ][safepoint     ] Entering safepoint region: Cleanup
[2023-10-19T21:02:51.809+0000][1446.337s][info ][safepoint     ] Leaving safepoint region
[2023-10-19T21:02:51.810+0000][1446.338s][info ][safepoint     ] Total time for which application threads were stopped: 0.0027300 seconds, Stopping threads took: 0.0012312 seconds
[2023-10-19T21:02:52.811+0000][1447.339s][debug][safepoint     ] Safepoint synchronization initiated. (177 threads)
[2023-10-19T21:02:52.812+0000][1447.341s][info ][safepoint     ] Application time: 1.0018191 seconds
[2023-10-19T21:02:52.813+0000][1447.342s][info ][safepoint     ] Entering safepoint region: Cleanup
[2023-10-19T21:02:52.815+0000][1447.344s][info ][safepoint     ] Leaving safepoint region
[2023-10-19T21:02:52.816+0000][1447.345s][info ][safepoint     ] Total time for which application threads were stopped: 0.0027240 seconds, Stopping threads took: 0.0012316 seconds
[2023-10-19T21:02:53.817+0000][1448.346s][debug][safepoint     ] Safepoint synchronization initiated. (177 threads)
[2023-10-19T21:02:53.818+0000][1448.346s][info ][safepoint     ] Application time: 1.0007901 seconds
[2023-10-19T21:02:53.818+0000][1448.347s][info ][safepoint     ] Entering safepoint region: Cleanup
[2023-10-19T21:02:53.819+0000][1448.348s][info ][safepoint     ] Leaving safepoint region
[2023-10-19T21:02:53.819+0000][1448.348s][info ][safepoint     ] Total time for which application threads were stopped: 0.0009384 seconds, Stopping threads took: 0.0004023 seconds
[2023-10-19T21:02:54.820+0000][1449.349s][debug][safepoint     ] Safepoint synchronization initiated. (177 threads)
[2023-10-19T21:02:54.821+0000][1449.349s][info ][safepoint     ] Application time: 1.0010414 seconds
[2023-10-19T21:02:54.821+0000][1449.350s][info ][safepoint     ] Entering safepoint region: Cleanup
[2023-10-19T21:02:54.822+0000][1449.351s][info ][safepoint     ] Leaving safepoint region
[2023-10-19T21:02:54.823+0000][1449.351s][info ][safepoint     ] Total time for which application threads were stopped: 0.0014930 seconds, Stopping threads took: 0.0006919 seconds
[2023-10-19T21:02:55.823+0000][1450.352s][debug][safepoint     ] Safepoint synchronization initiated. (177 threads)
[2023-10-19T21:02:55.824+0000][1450.353s][info ][safepoint     ] Application time: 1.0006109 seconds
[2023-10-19T21:02:55.824+0000][1450.353s][info ][safepoint     ] Entering safepoint region: Cleanup
[2023-10-19T21:02:55.825+0000][1450.353s][info ][safepoint     ] Leaving safepoint region
[2023-10-19T21:02:55.825+0000][1450.354s][info ][safepoint     ] Total time for which application threads were stopped: 0.0008828 seconds, Stopping threads took: 0.0003697 seconds
[2023-10-19T21:02:56.826+0000][1451.354s][debug][safepoint     ] Safepoint synchronization initiated. (177 threads)
[2023-10-19T21:02:56.826+0000][1451.355s][info ][safepoint     ] Application time: 1.0010346 seconds
[2023-10-19T21:02:56.827+0000][1451.356s][info ][safepoint     ] Entering safepoint region: Cleanup
[2023-10-19T21:02:56.828+0000][1451.357s][info ][safepoint     ] Leaving safepoint region
[2023-10-19T21:02:56.829+0000][1451.357s][info ][safepoint     ] Total time for which application threads were stopped: 0.0015665 seconds, Stopping threads took: 0.0006856 seconds
[2023-10-19T21:02:57.830+0000][1452.358s][debug][safepoint     ] Safepoint synchronization initiated. (177 threads)
[2023-10-19T21:02:57.831+0000][1452.360s][info ][safepoint     ] Application time: 1.0016360 seconds
[2023-10-19T21:02:57.832+0000][1452.361s][info ][safepoint     ] Entering safepoint region: Cleanup
[2023-10-19T21:02:57.834+0000][1452.362s][info ][safepoint     ] Leaving safepoint region
[2023-10-19T21:02:57.834+0000][1452.363s][info ][safepoint     ] Total time for which application threads were stopped: 0.0022492 seconds, Stopping threads took: 0.0011390 seconds
[2023-10-19T21:02:58.835+0000][1453.364s][debug][safepoint     ] Safepoint synchronization initiated. (177 threads)
[2023-10-19T21:02:58.836+0000][1453.365s][info ][safepoint     ] Application time: 1.0008685 seconds
[2023-10-19T21:02:58.836+0000][1453.365s][info ][safepoint     ] Entering safepoint region: Cleanup
[2023-10-19T21:02:58.837+0000][1453.366s][info ][safepoint     ] Leaving safepoint region
[2023-10-19T21:02:58.838+0000][1453.367s][info ][safepoint     ] Total time for which application threads were stopped: 0.0014806 seconds, Stopping threads took: 0.0006377 seconds
[2023-10-19T21:02:59.839+0000][1454.368s][debug][safepoint     ] Safepoint synchronization initiated. (177 threads)
[2023-10-19T21:02:59.840+0000][1454.369s][info ][safepoint     ] Application time: 1.0016457 seconds
[2023-10-19T21:02:59.841+0000][1454.370s][info ][safepoint     ] Entering safepoint region: Cleanup
[2023-10-19T21:02:59.843+0000][1454.372s][info ][safepoint     ] Leaving safepoint region
[2023-10-19T21:02:59.844+0000][1454.373s][info ][safepoint     ] Total time for which application threads were stopped: 0.0026856 seconds, Stopping threads took: 0.0011624 seconds
[2023-10-19T21:03:00.845+0000][1455.374s][debug][safepoint     ] Safepoint synchronization initiated. (177 threads)
[2023-10-19T21:03:00.846+0000][1455.374s][info ][safepoint     ] Application time: 1.0008875 seconds
[2023-10-19T21:03:00.846+0000][1455.375s][info ][safepoint     ] Entering safepoint region: Cleanup
[2023-10-19T21:03:00.847+0000][1455.376s][info ][safepoint     ] Leaving safepoint region
[2023-10-19T21:03:00.847+0000][1455.376s][info ][safepoint     ] Total time for which application threads were stopped: 0.0013204 seconds, Stopping threads took: 0.0005532 seconds
[2023-10-19T21:03:01.848+0000][1456.377s][debug][safepoint     ] Safepoint synchronization initiated. (177 threads)
[2023-10-19T21:03:01.849+0000][1456.377s][info ][safepoint     ] Application time: 1.0007854 seconds
[2023-10-19T21:03:01.849+0000][1456.378s][info ][safepoint     ] Entering safepoint region: Cleanup
[2023-10-19T21:03:01.850+0000][1456.379s][info ][safepoint     ] Leaving safepoint region
[2023-10-19T21:03:01.850+0000][1456.379s][info ][safepoint     ] Total time for which application threads were stopped: 0.0011583 seconds, Stopping threads took: 0.0004543 seconds
[2023-10-19T21:03:02.851+0000][1457.380s][debug][safepoint     ] Safepoint synchronization initiated. (177 threads)
[2023-10-19T21:03:02.851+0000][1457.380s][info ][safepoint     ] Application time: 1.0005157 seconds
[2023-10-19T21:03:02.852+0000][1457.381s][info ][safepoint     ] Entering safepoint region: Cleanup
[2023-10-19T21:03:02.852+0000][1457.381s][info ][safepoint     ] Leaving safepoint region
[2023-10-19T21:03:02.853+0000][1457.381s][info ][safepoint     ] Total time for which application threads were stopped: 0.0009178 seconds, Stopping threads took: 0.0003407 seconds
[2023-10-19T21:03:03.853+0000][1458.382s][debug][safepoint     ] Safepoint synchronization initiated. (177 threads)
[2023-10-19T21:03:03.854+0000][1458.383s][info ][safepoint     ] Application time: 1.0010563 seconds
[2023-10-19T21:03:03.855+0000][1458.384s][info ][safepoint     ] Entering safepoint region: Cleanup
[2023-10-19T21:03:03.856+0000][1458.384s][info ][safepoint     ] Leaving safepoint region
[2023-10-19T21:03:03.856+0000][1458.385s][info ][safepoint     ] Total time for which application threads were stopped: 0.0012445 seconds, Stopping threads took: 0.0005715 seconds
[2023-10-19T21:03:04.857+0000][1459.385s][debug][safepoint     ] Safepoint synchronization initiated. (177 threads)
[2023-10-19T21:03:04.857+0000][1459.386s][info ][safepoint     ] Application time: 1.0005016 seconds
[2023-10-19T21:03:04.857+0000][1459.386s][info ][safepoint     ] Entering safepoint region: Cleanup
[2023-10-19T21:03:04.858+0000][1459.387s][info ][safepoint     ] Leaving safepoint region
[2023-10-19T21:03:04.858+0000][1459.387s][info ][safepoint     ] Total time for which application threads were stopped: 0.0008253 seconds, Stopping threads took: 0.0003630 seconds
[2023-10-19T21:03:05.859+0000][1460.387s][debug][safepoint     ] Safepoint synchronization initiated. (177 threads)
[2023-10-19T21:03:05.859+0000][1460.388s][info ][safepoint     ] Application time: 1.0005966 seconds
[2023-10-19T21:03:05.859+0000][1460.388s][info ][safepoint     ] Entering safepoint region: Cleanup
[2023-10-19T21:03:05.860+0000][1460.389s][info ][safepoint     ] Leaving safepoint region
[2023-10-19T21:03:05.860+0000][1460.389s][info ][safepoint     ] Total time for which application threads were stopped: 0.0008305 seconds, Stopping threads took: 0.0003726 seconds
[2023-10-19T21:03:06.861+0000][1461.390s][debug][safepoint     ] Safepoint synchronization initiated. (177 threads)
[2023-10-19T21:03:06.862+0000][1461.391s][info ][safepoint     ] Application time: 1.0015772 seconds
[2023-10-19T21:03:06.864+0000][1461.392s][debug][safepoint     ] ... found polling page return exception at pc = 0x00007fbdb04ea3fd, stub =0x00007fbda8840600
[2023-10-19T21:03:06.864+0000][1461.392s][debug][safepoint     ] ... found polling page return exception at pc = 0x00007fbdb04ea3fd, stub =0x00007fbda8840600
[2023-10-19T21:03:06.864+0000][1461.392s][debug][safepoint     ] ... found polling page return exception at pc = 0x00007fbdb0a9d3f6, stub =0x00007fbda8840600
[2023-10-19T21:03:06.864+0000][1461.392s][debug][safepoint     ] ... found polling page return exception at pc = 0x00007fbdb0a9d3f6, stub =0x00007fbda8840600
[2023-10-19T21:03:06.864+0000][1461.392s][debug][safepoint     ] ... found polling page return exception at pc = 0x00007fbdb04ea3fd, stub =0x00007fbda8840600
[2023-10-19T21:03:06.864+0000][1461.392s][debug][safepoint     ] ... found polling page return exception at pc = 0x00007fbdb04ea3fd, stub =0x00007fbda8840600
[2023-10-19T21:03:06.864+0000][1461.392s][debug][safepoint     ] ... found polling page return exception at pc = 0x00007fbdb0a934f4, stub =0x00007fbda8840600
[2023-10-19T21:03:06.871+0000][1461.399s][debug][safepoint     ] Waiting for 7 thread(s) to block
[2023-10-19T21:03:06.872+0000][1461.401s][info ][safepoint     ] Entering safepoint region: Cleanup
[2023-10-19T21:03:06.873+0000][1461.402s][info ][safepoint     ] Leaving safepoint region
[2023-10-19T21:03:06.874+0000][1461.403s][info ][safepoint     ] Total time for which application threads were stopped: 0.0105979 seconds, Stopping threads took: 0.0097287 seconds
[2023-10-19T21:03:07.874+0000][1462.403s][debug][safepoint     ] Safepoint synchronization initiated. (177 threads)
[2023-10-19T21:03:07.875+0000][1462.404s][info ][safepoint     ] Application time: 1.0007881 seconds
[2023-10-19T21:03:07.876+0000][1462.404s][info ][safepoint     ] Entering safepoint region: Cleanup
[2023-10-19T21:03:07.876+0000][1462.405s][info ][safepoint     ] Leaving safepoint region
[2023-10-19T21:03:07.877+0000][1462.406s][info ][safepoint     ] Total time for which application threads were stopped: 0.0012709 seconds, Stopping threads took: 0.0005558 seconds
[2023-10-19T21:03:08.878+0000][1463.406s][debug][safepoint     ] Safepoint synchronization initiated. (177 threads)
[2023-10-19T21:03:08.879+0000][1463.408s][info ][safepoint     ] Application time: 1.0013682 seconds
[2023-10-19T21:03:08.880+0000][1463.409s][info ][safepoint     ] Entering safepoint region: Cleanup
[2023-10-19T21:03:08.881+0000][1463.410s][info ][safepoint     ] Leaving safepoint region
[2023-10-19T21:03:08.882+0000][1463.411s][info ][safepoint     ] Total time for which application threads were stopped: 0.0023905 seconds, Stopping threads took: 0.0010543 seconds
[2023-10-19T21:03:09.884+0000][1464.412s][debug][safepoint     ] Safepoint synchronization initiated. (177 threads)
[2023-10-19T21:03:09.885+0000][1464.413s][info ][safepoint     ] Application time: 1.0014621 seconds
[2023-10-19T21:03:09.886+0000][1464.414s][info ][safepoint     ] Entering safepoint region: Cleanup
[2023-10-19T21:03:09.887+0000][1464.416s][info ][safepoint     ] Leaving safepoint region
[2023-10-19T21:03:09.888+0000][1464.417s][info ][safepoint     ] Total time for which application threads were stopped: 0.0027888 seconds, Stopping threads took: 0.0012548 seconds
[2023-10-19T21:03:10.890+0000][1465.419s][debug][safepoint     ] Safepoint synchronization initiated. (177 threads)
[2023-10-19T21:03:10.891+0000][1465.420s][info ][safepoint     ] Application time: 1.0016210 seconds
[2023-10-19T21:03:10.893+0000][1465.421s][info ][safepoint     ] Entering safepoint region: Cleanup
[2023-10-19T21:03:10.894+0000][1465.423s][info ][safepoint     ] Leaving safepoint region
[2023-10-19T21:03:10.895+0000][1465.424s][info ][safepoint     ] Total time for which application threads were stopped: 0.0026700 seconds, Stopping threads took: 0.0011640 seconds
[2023-10-19T21:03:11.897+0000][1466.425s][debug][safepoint     ] Safepoint synchronization initiated. (177 threads)
[2023-10-19T21:03:11.898+0000][1466.427s][info ][safepoint     ] Application time: 1.0015183 seconds
[2023-10-19T21:03:11.899+0000][1466.428s][info ][safepoint     ] Entering safepoint region: Cleanup
[2023-10-19T21:03:11.900+0000][1466.429s][info ][safepoint     ] Leaving safepoint region
[2023-10-19T21:03:11.901+0000][1466.430s][info ][safepoint     ] Total time for which application threads were stopped: 0.0025300 seconds, Stopping threads took: 0.0011864 seconds
[2023-10-19T21:03:12.903+0000][1467.431s][debug][safepoint     ] Safepoint synchronization initiated. (177 threads)
[2023-10-19T21:03:12.903+0000][1467.432s][info ][safepoint     ] Application time: 1.0010321 seconds
[2023-10-19T21:03:12.904+0000][1467.433s][info ][safepoint     ] Entering safepoint region: Cleanup
[2023-10-19T21:03:12.905+0000][1467.434s][info ][safepoint     ] Leaving safepoint region
[2023-10-19T21:03:12.905+0000][1467.434s][info ][safepoint     ] Total time for which application threads were stopped: 0.0014172 seconds, Stopping threads took: 0.0006411 seconds
[2023-10-19T21:03:13.906+0000][1468.435s][debug][safepoint     ] Safepoint synchronization initiated. (177 threads)
[2023-10-19T21:03:13.907+0000][1468.436s][info ][safepoint     ] Application time: 1.0009065 seconds
[2023-10-19T21:03:13.908+0000][1468.436s][info ][safepoint     ] Entering safepoint region: Cleanup
[2023-10-19T21:03:13.908+0000][1468.437s][info ][safepoint     ] Leaving safepoint region
[2023-10-19T21:03:13.909+0000][1468.438s][info ][safepoint     ] Total time for which application threads were stopped: 0.0012943 seconds, Stopping threads took: 0.0005635 seconds
[2023-10-19T21:03:14.910+0000][1469.438s][debug][safepoint     ] Safepoint synchronization initiated. (177 threads)
[2023-10-19T21:03:14.911+0000][1469.440s][info ][safepoint     ] Application time: 1.0015629 seconds
[2023-10-19T21:03:14.912+0000][1469.441s][info ][safepoint     ] Entering safepoint region: Cleanup
[2023-10-19T21:03:14.914+0000][1469.442s][info ][safepoint     ] Leaving safepoint region
[2023-10-19T21:03:14.914+0000][1469.443s][info ][safepoint     ] Total time for which application threads were stopped: 0.0024560 seconds, Stopping threads took: 0.0010377 seconds
[2023-10-19T21:03:15.915+0000][1470.444s][debug][safepoint     ] Safepoint synchronization initiated. (177 threads)
[2023-10-19T21:03:15.916+0000][1470.444s][info ][safepoint     ] Application time: 1.0006426 seconds
[2023-10-19T21:03:15.916+0000][1470.445s][info ][safepoint     ] Entering safepoint region: Cleanup
[2023-10-19T21:03:15.917+0000][1470.445s][info ][safepoint     ] Leaving safepoint region
[2023-10-19T21:03:15.917+0000][1470.446s][info ][safepoint     ] Total time for which application threads were stopped: 0.0010377 seconds, Stopping threads took: 0.0004239 seconds
[2023-10-19T21:03:16.918+0000][1471.447s][debug][safepoint     ] Safepoint synchronization initiated. (177 threads)
[2023-10-19T21:03:16.919+0000][1471.448s][info ][safepoint     ] Application time: 1.0013536 seconds
[2023-10-19T21:03:16.920+0000][1471.449s][info ][safepoint     ] Entering safepoint region: Cleanup
[2023-10-19T21:03:16.921+0000][1471.450s][info ][safepoint     ] Leaving safepoint region
[2023-10-19T21:03:16.922+0000][1471.451s][info ][safepoint     ] Total time for which application threads were stopped: 0.0023755 seconds, Stopping threads took: 0.0009953 seconds
[2023-10-19T21:03:17.923+0000][1472.452s][debug][safepoint     ] Safepoint synchronization initiated. (177 threads)
[2023-10-19T21:03:17.924+0000][1472.452s][info ][safepoint     ] Application time: 1.0006752 seconds
[2023-10-19T21:03:17.924+0000][1472.453s][info ][safepoint     ] Entering safepoint region: Cleanup
[2023-10-19T21:03:17.925+0000][1472.454s][info ][safepoint     ] Leaving safepoint region
[2023-10-19T21:03:17.925+0000][1472.454s][info ][safepoint     ] Total time for which application threads were stopped: 0.0011145 seconds, Stopping threads took: 0.0004992 seconds
[2023-10-19T21:03:18.926+0000][1473.455s][debug][safepoint     ] Safepoint synchronization initiated. (177 threads)
[2023-10-19T21:03:18.927+0000][1473.456s][info ][safepoint     ] Application time: 1.0011599 seconds
[2023-10-19T21:03:18.927+0000][1473.456s][info ][safepoint     ] Entering safepoint region: Cleanup
[2023-10-19T21:03:18.928+0000][1473.457s][info ][safepoint     ] Leaving safepoint region
[2023-10-19T21:03:18.928+0000][1473.457s][info ][safepoint     ] Total time for which application threads were stopped: 0.0011499 seconds, Stopping threads took: 0.0004912 seconds
[2023-10-19T21:03:19.929+0000][1474.458s][debug][safepoint     ] Safepoint synchronization initiated. (177 threads)
[2023-10-19T21:03:19.930+0000][1474.459s][info ][safepoint     ] Application time: 1.0012212 seconds
[2023-10-19T21:03:19.931+0000][1474.460s][info ][safepoint     ] Entering safepoint region: Cleanup
[2023-10-19T21:03:19.932+0000][1474.461s][info ][safepoint     ] Leaving safepoint region
[2023-10-19T21:03:19.933+0000][1474.462s][info ][safepoint     ] Total time for which application threads were stopped: 0.0021409 seconds, Stopping threads took: 0.0008655 seconds
[2023-10-19T21:03:20.934+0000][1475.463s][debug][safepoint     ] Safepoint synchronization initiated. (177 threads)
[2023-10-19T21:03:20.935+0000][1475.464s][info ][safepoint     ] Application time: 1.0012387 seconds
[2023-10-19T21:03:20.936+0000][1475.465s][info ][safepoint     ] Entering safepoint region: Cleanup
[2023-10-19T21:03:20.938+0000][1475.466s][info ][safepoint     ] Leaving safepoint region
[2023-10-19T21:03:20.938+0000][1475.467s][info ][safepoint     ] Total time for which application threads were stopped: 0.0020655 seconds, Stopping threads took: 0.0010381 seconds
[2023-10-19T21:03:21.939+0000][1476.468s][debug][safepoint     ] Safepoint synchronization initiated. (177 threads)
[2023-10-19T21:03:21.941+0000][1476.469s][info ][safepoint     ] Application time: 1.0015545 seconds
[2023-10-19T21:03:21.942+0000][1476.470s][info ][safepoint     ] Entering safepoint region: Cleanup
[2023-10-19T21:03:21.943+0000][1476.472s][info ][safepoint     ] Leaving safepoint region
[2023-10-19T21:03:21.944+0000][1476.473s][info ][safepoint     ] Total time for which application threads were stopped: 0.0024578 seconds, Stopping threads took: 0.0009729 seconds
[2023-10-19T21:03:22.944+0000][1477.474s][debug][safepoint     ] Safepoint synchronization initiated. (177 threads)
[2023-10-19T21:03:22.944+0000][1477.475s][info ][safepoint     ] Application time: 1.0010842 seconds
[2023-10-19T21:03:22.945+0000][1477.476s][info ][safepoint     ] Entering safepoint region: Cleanup
[2023-10-19T21:03:22.946+0000][1477.477s][info ][safepoint     ] Leaving safepoint region
[2023-10-19T21:03:22.947+0000][1477.478s][info ][safepoint     ] Total time for which application threads were stopped: 0.0018105 seconds, Stopping threads took: 0.0007928 seconds
[2023-10-19T21:03:23.948+0000][1478.479s][debug][safepoint     ] Safepoint synchronization initiated. (177 threads)
[2023-10-19T21:03:23.949+0000][1478.479s][info ][safepoint     ] Application time: 1.0007737 seconds
[2023-10-19T21:03:23.949+0000][1478.480s][info ][safepoint     ] Entering safepoint region: Cleanup
[2023-10-19T21:03:23.950+0000][1478.480s][info ][safepoint     ] Leaving safepoint region
[2023-10-19T21:03:23.951+0000][1478.481s][info ][safepoint     ] Total time for which application threads were stopped: 0.0013869 seconds, Stopping threads took: 0.0005933 seconds
[2023-10-19T21:03:24.951+0000][1479.482s][debug][safepoint     ] Safepoint synchronization initiated. (177 threads)
[2023-10-19T21:03:24.952+0000][1479.482s][info ][safepoint     ] Application time: 1.0006919 seconds
[2023-10-19T21:03:24.952+0000][1479.483s][info ][safepoint     ] Entering safepoint region: Cleanup
[2023-10-19T21:03:24.953+0000][1479.484s][info ][safepoint     ] Leaving safepoint region
[2023-10-19T21:03:24.954+0000][1479.484s][info ][safepoint     ] Total time for which application threads were stopped: 0.0012250 seconds, Stopping threads took: 0.0005389 seconds
[2023-10-19T21:03:25.954+0000][1480.485s][debug][safepoint     ] Safepoint synchronization initiated. (177 threads)
[2023-10-19T21:03:25.955+0000][1480.485s][info ][safepoint     ] Application time: 1.0006938 seconds
[2023-10-19T21:03:25.955+0000][1480.486s][info ][safepoint     ] Entering safepoint region: Cleanup
[2023-10-19T21:03:25.956+0000][1480.486s][info ][safepoint     ] Leaving safepoint region
[2023-10-19T21:03:25.956+0000][1480.487s][info ][safepoint     ] Total time for which application threads were stopped: 0.0010059 seconds, Stopping threads took: 0.0004688 seconds
[2023-10-19T21:03:26.957+0000][1481.487s][debug][safepoint     ] Safepoint synchronization initiated. (177 threads)
[2023-10-19T21:03:26.958+0000][1481.489s][info ][safepoint     ] Application time: 1.0015369 seconds
[2023-10-19T21:03:26.959+0000][1481.490s][info ][safepoint     ] Entering safepoint region: Cleanup
[2023-10-19T21:03:26.960+0000][1481.491s][info ][safepoint     ] Leaving safepoint region
[2023-10-19T21:03:26.961+0000][1481.491s][info ][safepoint     ] Total time for which application threads were stopped: 0.0018602 seconds, Stopping threads took: 0.0008822 seconds
[2023-10-19T21:03:27.962+0000][1482.492s][debug][safepoint     ] Safepoint synchronization initiated. (177 threads)
[2023-10-19T21:03:27.962+0000][1482.493s][info ][safepoint     ] Application time: 1.0005805 seconds
[2023-10-19T21:03:27.963+0000][1482.493s][info ][safepoint     ] Entering safepoint region: Cleanup
[2023-10-19T21:03:27.963+0000][1482.494s][info ][safepoint     ] Leaving safepoint region
[2023-10-19T21:03:27.964+0000][1482.494s][info ][safepoint     ] Total time for which application threads were stopped: 0.0010122 seconds, Stopping threads took: 0.0004141 seconds
[2023-10-19T21:03:28.964+0000][1483.495s][debug][safepoint     ] Safepoint synchronization initiated. (177 threads)
[2023-10-19T21:03:28.965+0000][1483.496s][info ][safepoint     ] Application time: 1.0013720 seconds
[2023-10-19T21:03:28.966+0000][1483.497s][info ][safepoint     ] Entering safepoint region: Cleanup
[2023-10-19T21:03:28.967+0000][1483.498s][info ][safepoint     ] Leaving safepoint region
[2023-10-19T21:03:28.968+0000][1483.499s][info ][safepoint     ] Total time for which application threads were stopped: 0.0020233 seconds, Stopping threads took: 0.0009417 seconds
[2023-10-19T21:03:29.969+0000][1484.500s][debug][safepoint     ] Safepoint synchronization initiated. (177 threads)
[2023-10-19T21:03:29.969+0000][1484.500s][info ][safepoint     ] Application time: 1.0005000 seconds
[2023-10-19T21:03:29.970+0000][1484.500s][info ][safepoint     ] Entering safepoint region: Cleanup
[2023-10-19T21:03:29.970+0000][1484.501s][info ][safepoint     ] Leaving safepoint region
[2023-10-19T21:03:29.971+0000][1484.501s][info ][safepoint     ] Total time for which application threads were stopped: 0.0008325 seconds, Stopping threads took: 0.0003573 seconds
[2023-10-19T21:03:30.971+0000][1485.501s][debug][safepoint     ] Safepoint synchronization initiated. (177 threads)
[2023-10-19T21:03:30.971+0000][1485.502s][info ][safepoint     ] Application time: 1.0005585 seconds
[2023-10-19T21:03:30.972+0000][1485.502s][info ][safepoint     ] Entering safepoint region: Cleanup
[2023-10-19T21:03:30.972+0000][1485.503s][info ][safepoint     ] Leaving safepoint region
[2023-10-19T21:03:30.973+0000][1485.503s][info ][safepoint     ] Total time for which application threads were stopped: 0.0008858 seconds, Stopping threads took: 0.0003587 seconds
[2023-10-19T21:03:31.973+0000][1486.504s][debug][safepoint     ] Safepoint synchronization initiated. (177 threads)
[2023-10-19T21:03:31.974+0000][1486.504s][info ][safepoint     ] Application time: 1.0004660 seconds
[2023-10-19T21:03:31.974+0000][1486.504s][info ][safepoint     ] Entering safepoint region: Cleanup
[2023-10-19T21:03:31.974+0000][1486.505s][info ][safepoint     ] Leaving safepoint region
[2023-10-19T21:03:31.975+0000][1486.505s][info ][safepoint     ] Total time for which application threads were stopped: 0.0008153 seconds, Stopping threads took: 0.0003357 seconds
[2023-10-19T21:03:32.975+0000][1487.506s][debug][safepoint     ] Safepoint synchronization initiated. (177 threads)
[2023-10-19T21:03:32.975+0000][1487.506s][info ][safepoint     ] Application time: 1.0004584 seconds
[2023-10-19T21:03:32.976+0000][1487.507s][info ][safepoint     ] Entering safepoint region: Cleanup
[2023-10-19T21:03:32.977+0000][1487.507s][info ][safepoint     ] Leaving safepoint region
[2023-10-19T21:03:32.977+0000][1487.507s][info ][safepoint     ] Total time for which application threads were stopped: 0.0010129 seconds, Stopping threads took: 0.0004815 seconds
[2023-10-19T21:03:33.978+0000][1488.508s][debug][safepoint     ] Safepoint synchronization initiated. (177 threads)
[2023-10-19T21:03:33.978+0000][1488.509s][info ][safepoint     ] Application time: 1.0006377 seconds
[2023-10-19T21:03:33.979+0000][1488.509s][info ][safepoint     ] Entering safepoint region: Cleanup
[2023-10-19T21:03:33.979+0000][1488.510s][info ][safepoint     ] Leaving safepoint region
[2023-10-19T21:03:33.979+0000][1488.510s][info ][safepoint     ] Total time for which application threads were stopped: 0.0009399 seconds, Stopping threads took: 0.0004213 seconds
[2023-10-19T21:03:34.980+0000][1489.510s][debug][safepoint     ] Safepoint synchronization initiated. (177 threads)
[2023-10-19T21:03:34.980+0000][1489.511s][info ][safepoint     ] Application time: 1.0006093 seconds
[2023-10-19T21:03:34.981+0000][1489.511s][info ][safepoint     ] Entering safepoint region: Cleanup
[2023-10-19T21:03:34.981+0000][1489.512s][info ][safepoint     ] Leaving safepoint region
[2023-10-19T21:03:34.982+0000][1489.512s][info ][safepoint     ] Total time for which application threads were stopped: 0.0010216 seconds, Stopping threads took: 0.0004067 seconds
[2023-10-19T21:03:35.982+0000][1490.513s][debug][safepoint     ] Safepoint synchronization initiated. (177 threads)
[2023-10-19T21:03:35.983+0000][1490.513s][info ][safepoint     ] Application time: 1.0006527 seconds
[2023-10-19T21:03:35.983+0000][1490.514s][info ][safepoint     ] Entering safepoint region: Cleanup
[2023-10-19T21:03:35.984+0000][1490.514s][info ][safepoint     ] Leaving safepoint region
[2023-10-19T21:03:35.984+0000][1490.515s][info ][safepoint     ] Total time for which application threads were stopped: 0.0009005 seconds, Stopping threads took: 0.0003767 seconds
[2023-10-19T21:03:36.985+0000][1491.515s][debug][safepoint     ] Safepoint synchronization initiated. (177 threads)
[2023-10-19T21:03:36.985+0000][1491.516s][info ][safepoint     ] Application time: 1.0007637 seconds
[2023-10-19T21:03:36.986+0000][1491.516s][info ][safepoint     ] Entering safepoint region: Cleanup
[2023-10-19T21:03:36.986+0000][1491.517s][info ][safepoint     ] Leaving safepoint region
[2023-10-19T21:03:36.987+0000][1491.517s][info ][safepoint     ] Total time for which application threads were stopped: 0.0010842 seconds, Stopping threads took: 0.0004398 seconds
[2023-10-19T21:03:37.987+0000][1492.518s][debug][safepoint     ] Safepoint synchronization initiated. (177 threads)
[2023-10-19T21:03:37.988+0000][1492.518s][info ][safepoint     ] Application time: 1.0006084 seconds
[2023-10-19T21:03:37.988+0000][1492.519s][info ][safepoint     ] Entering safepoint region: Cleanup
[2023-10-19T21:03:37.989+0000][1492.519s][info ][safepoint     ] Leaving safepoint region
[2023-10-19T21:03:37.989+0000][1492.519s][info ][safepoint     ] Total time for which application threads were stopped: 0.0008974 seconds, Stopping threads took: 0.0003631 seconds
[2023-10-19T21:03:38.989+0000][1493.520s][debug][safepoint     ] Safepoint synchronization initiated. (177 threads)
[2023-10-19T21:03:38.990+0000][1493.520s][info ][safepoint     ] Application time: 1.0005312 seconds
[2023-10-19T21:03:38.990+0000][1493.521s][info ][safepoint     ] Entering safepoint region: Cleanup
[2023-10-19T21:03:38.991+0000][1493.521s][info ][safepoint     ] Leaving safepoint region
[2023-10-19T21:03:38.991+0000][1493.522s][info ][safepoint     ] Total time for which application threads were stopped: 0.0008688 seconds, Stopping threads took: 0.0003921 seconds
[2023-10-19T21:03:39.991+0000][1494.522s][debug][safepoint     ] Safepoint synchronization initiated. (177 threads)
[2023-10-19T21:03:39.992+0000][1494.522s][info ][safepoint     ] Application time: 1.0005943 seconds
[2023-10-19T21:03:39.992+0000][1494.523s][info ][safepoint     ] Entering safepoint region: Cleanup
[2023-10-19T21:03:39.993+0000][1494.523s][info ][safepoint     ] Leaving safepoint region
[2023-10-19T21:03:39.993+0000][1494.524s][info ][safepoint     ] Total time for which application threads were stopped: 0.0009516 seconds, Stopping threads took: 0.0003848 seconds
[2023-10-19T21:03:40.994+0000][1495.524s][debug][safepoint     ] Safepoint synchronization initiated. (177 threads)
[2023-10-19T21:03:40.994+0000][1495.524s][info ][safepoint     ] Application time: 1.0004365 seconds
[2023-10-19T21:03:40.994+0000][1495.525s][info ][safepoint     ] Entering safepoint region: Cleanup
[2023-10-19T21:03:40.995+0000][1495.525s][info ][safepoint     ] Leaving safepoint region
[2023-10-19T21:03:40.995+0000][1495.526s][info ][safepoint     ] Total time for which application threads were stopped: 0.0007969 seconds, Stopping threads took: 0.0003161 seconds
[2023-10-19T21:03:41.996+0000][1496.526s][debug][safepoint     ] Safepoint synchronization initiated. (177 threads)
[2023-10-19T21:03:41.996+0000][1496.527s][info ][safepoint     ] Application time: 1.0008668 seconds
[2023-10-19T21:03:41.997+0000][1496.527s][info ][safepoint     ] Entering safepoint region: Cleanup
[2023-10-19T21:03:41.998+0000][1496.528s][info ][safepoint     ] Leaving safepoint region
[2023-10-19T21:03:41.998+0000][1496.529s][info ][safepoint     ] Total time for which application threads were stopped: 0.0012823 seconds, Stopping threads took: 0.0006190 seconds
[2023-10-19T21:03:42.999+0000][1497.529s][debug][safepoint     ] Safepoint synchronization initiated. (177 threads)
[2023-10-19T21:03:43.000+0000][1497.530s][info ][safepoint     ] Application time: 1.0013234 seconds
[2023-10-19T21:03:43.001+0000][1497.531s][info ][safepoint     ] Entering safepoint region: Cleanup
[2023-10-19T21:03:43.002+0000][1497.533s][info ][safepoint     ] Leaving safepoint region
[2023-10-19T21:03:43.003+0000][1497.534s][info ][safepoint     ] Total time for which application threads were stopped: 0.0021389 seconds, Stopping threads took: 0.0009276 seconds
[2023-10-19T21:03:44.004+0000][1498.534s][debug][safepoint     ] Safepoint synchronization initiated. (177 threads)
[2023-10-19T21:03:44.004+0000][1498.535s][info ][safepoint     ] Application time: 1.0006012 seconds
[2023-10-19T21:03:44.005+0000][1498.535s][info ][safepoint     ] Entering safepoint region: Cleanup
[2023-10-19T21:03:44.005+0000][1498.536s][info ][safepoint     ] Leaving safepoint region
[2023-10-19T21:03:44.006+0000][1498.536s][info ][safepoint     ] Total time for which application threads were stopped: 0.0009711 seconds, Stopping threads took: 0.0004383 seconds
[2023-10-19T21:03:45.006+0000][1499.537s][debug][safepoint     ] Safepoint synchronization initiated. (177 threads)
[2023-10-19T21:03:45.007+0000][1499.537s][info ][safepoint     ] Application time: 1.0006308 seconds
[2023-10-19T21:03:45.007+0000][1499.538s][info ][safepoint     ] Entering safepoint region: Cleanup
[2023-10-19T21:03:45.008+0000][1499.538s][info ][safepoint     ] Leaving safepoint region
[2023-10-19T21:03:45.008+0000][1499.539s][info ][safepoint     ] Total time for which application threads were stopped: 0.0012291 seconds, Stopping threads took: 0.0005873 seconds
[2023-10-19T21:03:46.009+0000][1500.539s][debug][safepoint     ] Safepoint synchronization initiated. (177 threads)
[2023-10-19T21:03:46.009+0000][1500.540s][info ][safepoint     ] Application time: 1.0005571 seconds
[2023-10-19T21:03:46.010+0000][1500.540s][info ][safepoint     ] Entering safepoint region: Cleanup
[2023-10-19T21:03:46.011+0000][1500.541s][info ][safepoint     ] Leaving safepoint region
[2023-10-19T21:03:46.011+0000][1500.541s][info ][safepoint     ] Total time for which application threads were stopped: 0.0013181 seconds, Stopping threads took: 0.0005498 seconds
[2023-10-19T21:03:47.012+0000][1501.542s][debug][safepoint     ] Safepoint synchronization initiated. (177 threads)
[2023-10-19T21:03:47.013+0000][1501.543s][info ][safepoint     ] Application time: 1.0012241 seconds
[2023-10-19T21:03:47.013+0000][1501.544s][info ][safepoint     ] Entering safepoint region: Cleanup
[2023-10-19T21:03:47.015+0000][1501.545s][info ][safepoint     ] Leaving safepoint region
[2023-10-19T21:03:47.015+0000][1501.546s][info ][safepoint     ] Total time for which application threads were stopped: 0.0020136 seconds, Stopping threads took: 0.0008622 seconds
[2023-10-19T21:03:48.016+0000][1502.547s][debug][safepoint     ] Safepoint synchronization initiated. (177 threads)
[2023-10-19T21:03:48.016+0000][1502.547s][info ][safepoint     ] Application time: 1.0004378 seconds
[2023-10-19T21:03:48.017+0000][1502.547s][info ][safepoint     ] Entering safepoint region: Cleanup
[2023-10-19T21:03:48.017+0000][1502.548s][info ][safepoint     ] Leaving safepoint region
[2023-10-19T21:03:48.017+0000][1502.548s][info ][safepoint     ] Total time for which application threads were stopped: 0.0007229 seconds, Stopping threads took: 0.0003225 seconds
[2023-10-19T21:03:49.018+0000][1503.548s][debug][safepoint     ] Safepoint synchronization initiated. (177 threads)
[2023-10-19T21:03:49.019+0000][1503.549s][info ][safepoint     ] Application time: 1.0011920 seconds
[2023-10-19T21:03:49.020+0000][1503.550s][info ][safepoint     ] Entering safepoint region: Cleanup
[2023-10-19T21:03:49.021+0000][1503.551s][info ][safepoint     ] Leaving safepoint region
[2023-10-19T21:03:49.021+0000][1503.551s][info ][safepoint     ] Total time for which application threads were stopped: 0.0013367 seconds, Stopping threads took: 0.0006151 seconds
[2023-10-19T21:03:50.022+0000][1504.552s][debug][safepoint     ] Safepoint synchronization initiated. (177 threads)
[2023-10-19T21:03:50.023+0000][1504.554s][info ][safepoint     ] Application time: 1.0017589 seconds
[2023-10-19T21:03:50.024+0000][1504.555s][info ][safepoint     ] Entering safepoint region: Cleanup
[2023-10-19T21:03:50.026+0000][1504.556s][info ][safepoint     ] Leaving safepoint region
[2023-10-19T21:03:50.027+0000][1504.557s][info ][safepoint     ] Total time for which application threads were stopped: 0.0025776 seconds, Stopping threads took: 0.0011464 seconds
[2023-10-19T21:03:51.028+0000][1505.558s][debug][safepoint     ] Safepoint synchronization initiated. (177 threads)
[2023-10-19T21:03:51.029+0000][1505.559s][info ][safepoint     ] Application time: 1.0008704 seconds
[2023-10-19T21:03:51.029+0000][1505.560s][info ][safepoint     ] Entering safepoint region: Cleanup
[2023-10-19T21:03:51.030+0000][1505.560s][info ][safepoint     ] Leaving safepoint region
[2023-10-19T21:03:51.030+0000][1505.561s][info ][safepoint     ] Total time for which application threads were stopped: 0.0011635 seconds, Stopping threads took: 0.0004784 seconds
[2023-10-19T21:03:52.031+0000][1506.561s][debug][safepoint     ] Safepoint synchronization initiated. (177 threads)
[2023-10-19T21:03:52.032+0000][1506.563s][info ][safepoint     ] Application time: 1.0014545 seconds
[2023-10-19T21:03:52.033+0000][1506.564s][info ][safepoint     ] Entering safepoint region: Cleanup
[2023-10-19T21:03:52.035+0000][1506.565s][info ][safepoint     ] Leaving safepoint region
[2023-10-19T21:03:52.036+0000][1506.566s][info ][safepoint     ] Total time for which application threads were stopped: 0.0021557 seconds, Stopping threads took: 0.0009382 seconds
[2023-10-19T21:03:53.038+0000][1507.567s][debug][safepoint     ] Safepoint synchronization initiated. (177 threads)
[2023-10-19T21:03:53.039+0000][1507.568s][info ][safepoint     ] Application time: 1.0013379 seconds
[2023-10-19T21:03:53.040+0000][1507.569s][info ][safepoint     ] Entering safepoint region: Cleanup
[2023-10-19T21:03:53.041+0000][1507.571s][info ][safepoint     ] Leaving safepoint region
[2023-10-19T21:03:53.042+0000][1507.572s][info ][safepoint     ] Total time for which application threads were stopped: 0.0022616 seconds, Stopping threads took: 0.0010391 seconds
[2023-10-19T21:03:54.043+0000][1508.573s][debug][safepoint     ] Safepoint synchronization initiated. (177 threads)
[2023-10-19T21:03:54.045+0000][1508.574s][info ][safepoint     ] Application time: 1.0016102 seconds
[2023-10-19T21:03:54.046+0000][1508.575s][info ][safepoint     ] Entering safepoint region: Cleanup
[2023-10-19T21:03:54.047+0000][1508.577s][info ][safepoint     ] Leaving safepoint region
[2023-10-19T21:03:54.048+0000][1508.577s][info ][safepoint     ] Total time for which application threads were stopped: 0.0024586 seconds, Stopping threads took: 0.0010642 seconds
[2023-10-19T21:03:55.049+0000][1509.579s][debug][safepoint     ] Safepoint synchronization initiated. (177 threads)
[2023-10-19T21:03:55.051+0000][1509.580s][info ][safepoint     ] Application time: 1.0015562 seconds
[2023-10-19T21:03:55.052+0000][1509.581s][info ][safepoint     ] Entering safepoint region: Cleanup
[2023-10-19T21:03:55.053+0000][1509.583s][info ][safepoint     ] Leaving safepoint region
[2023-10-19T21:03:55.054+0000][1509.584s][info ][safepoint     ] Total time for which application threads were stopped: 0.0024761 seconds, Stopping threads took: 0.0010521 seconds
[2023-10-19T21:03:56.055+0000][1510.585s][debug][safepoint     ] Safepoint synchronization initiated. (177 threads)
[2023-10-19T21:03:56.057+0000][1510.586s][info ][safepoint     ] Application time: 1.0014947 seconds
[2023-10-19T21:03:56.057+0000][1510.587s][info ][safepoint     ] Entering safepoint region: Cleanup
[2023-10-19T21:03:56.059+0000][1510.588s][info ][safepoint     ] Leaving safepoint region
[2023-10-19T21:03:56.059+0000][1510.589s][info ][safepoint     ] Total time for which application threads were stopped: 0.0022185 seconds, Stopping threads took: 0.0010152 seconds
[2023-10-19T21:03:57.061+0000][1511.590s][debug][safepoint     ] Safepoint synchronization initiated. (177 threads)
[2023-10-19T21:03:57.062+0000][1511.591s][info ][safepoint     ] Application time: 1.0016147 seconds
[2023-10-19T21:03:57.063+0000][1511.593s][info ][safepoint     ] Entering safepoint region: Cleanup
[2023-10-19T21:03:57.065+0000][1511.594s][info ][safepoint     ] Leaving safepoint region
[2023-10-19T21:03:57.066+0000][1511.595s][info ][safepoint     ] Total time for which application threads were stopped: 0.0026503 seconds, Stopping threads took: 0.0011665 seconds
[2023-10-19T21:03:58.067+0000][1512.596s][debug][safepoint     ] Safepoint synchronization initiated. (177 threads)
[2023-10-19T21:03:58.068+0000][1512.597s][info ][safepoint     ] Application time: 1.0013490 seconds
[2023-10-19T21:03:58.069+0000][1512.598s][info ][safepoint     ] Entering safepoint region: Cleanup
[2023-10-19T21:03:58.070+0000][1512.600s][info ][safepoint     ] Leaving safepoint region
[2023-10-19T21:03:58.071+0000][1512.600s][info ][safepoint     ] Total time for which application threads were stopped: 0.0019932 seconds, Stopping threads took: 0.0009257 seconds
[2023-10-19T21:03:59.072+0000][1513.601s][debug][safepoint     ] Safepoint synchronization initiated. (177 threads)
[2023-10-19T21:03:59.073+0000][1513.603s][info ][safepoint     ] Application time: 1.0014902 seconds
[2023-10-19T21:03:59.074+0000][1513.604s][info ][safepoint     ] Entering safepoint region: Cleanup
[2023-10-19T21:03:59.075+0000][1513.605s][info ][safepoint     ] Leaving safepoint region
[2023-10-19T21:03:59.076+0000][1513.606s][info ][safepoint     ] Total time for which application threads were stopped: 0.0021405 seconds, Stopping threads took: 0.0008642 seconds
[2023-10-19T21:04:00.077+0000][1514.607s][debug][safepoint     ] Safepoint synchronization initiated. (177 threads)
[2023-10-19T21:04:00.078+0000][1514.607s][info ][safepoint     ] Application time: 1.0008899 seconds
[2023-10-19T21:04:00.079+0000][1514.608s][info ][safepoint     ] Entering safepoint region: Cleanup
[2023-10-19T21:04:00.080+0000][1514.609s][info ][safepoint     ] Leaving safepoint region
[2023-10-19T21:04:00.080+0000][1514.610s][info ][safepoint     ] Total time for which application threads were stopped: 0.0014174 seconds, Stopping threads took: 0.0006255 seconds
[2023-10-19T21:04:01.081+0000][1515.610s][debug][safepoint     ] Safepoint synchronization initiated. (177 threads)
[2023-10-19T21:04:01.082+0000][1515.612s][info ][safepoint     ] Application time: 1.0014951 seconds
[2023-10-19T21:04:01.083+0000][1515.613s][info ][safepoint     ] Entering safepoint region: Cleanup
[2023-10-19T21:04:01.085+0000][1515.614s][info ][safepoint     ] Leaving safepoint region
[2023-10-19T21:04:01.086+0000][1515.615s][info ][safepoint     ] Total time for which application threads were stopped: 0.0023147 seconds, Stopping threads took: 0.0010680 seconds
[2023-10-19T21:04:02.087+0000][1516.616s][debug][safepoint     ] Safepoint synchronization initiated. (177 threads)
[2023-10-19T21:04:02.088+0000][1516.617s][info ][safepoint     ] Application time: 1.0013923 seconds
[2023-10-19T21:04:02.089+0000][1516.618s][info ][safepoint     ] Entering safepoint region: Cleanup
[2023-10-19T21:04:02.090+0000][1516.620s][info ][safepoint     ] Leaving safepoint region
[2023-10-19T21:04:02.091+0000][1516.621s][info ][safepoint     ] Total time for which application threads were stopped: 0.0022293 seconds, Stopping threads took: 0.0008967 seconds
[2023-10-19T21:04:03.092+0000][1517.622s][debug][safepoint     ] Safepoint synchronization initiated. (177 threads)
[2023-10-19T21:04:03.093+0000][1517.623s][info ][safepoint     ] Application time: 1.0015015 seconds
[2023-10-19T21:04:03.094+0000][1517.624s][info ][safepoint     ] Entering safepoint region: Cleanup
[2023-10-19T21:04:03.096+0000][1517.625s][info ][safepoint     ] Leaving safepoint region
[2023-10-19T21:04:03.096+0000][1517.626s][info ][safepoint     ] Total time for which application threads were stopped: 0.0020534 seconds, Stopping threads took: 0.0008621 seconds
[2023-10-19T21:04:04.097+0000][1518.627s][debug][safepoint     ] Safepoint synchronization initiated. (177 threads)
[2023-10-19T21:04:04.098+0000][1518.628s][info ][safepoint     ] Application time: 1.0012412 seconds
[2023-10-19T21:04:04.099+0000][1518.629s][info ][safepoint     ] Entering safepoint region: Cleanup
[2023-10-19T21:04:04.101+0000][1518.630s][info ][safepoint     ] Leaving safepoint region
[2023-10-19T21:04:04.102+0000][1518.631s][info ][safepoint     ] Total time for which application threads were stopped: 0.0022421 seconds, Stopping threads took: 0.0009896 seconds
[2023-10-19T21:04:05.103+0000][1519.632s][debug][safepoint     ] Safepoint synchronization initiated. (177 threads)
[2023-10-19T21:04:05.104+0000][1519.633s][info ][safepoint     ] Application time: 1.0016496 seconds
[2023-10-19T21:04:05.105+0000][1519.635s][info ][safepoint     ] Entering safepoint region: Cleanup
[2023-10-19T21:04:05.107+0000][1519.636s][info ][safepoint     ] Leaving safepoint region
[2023-10-19T21:04:05.107+0000][1519.637s][info ][safepoint     ] Total time for which application threads were stopped: 0.0024028 seconds, Stopping threads took: 0.0010426 seconds
[2023-10-19T21:04:06.109+0000][1520.638s][debug][safepoint     ] Safepoint synchronization initiated. (177 threads)
[2023-10-19T21:04:06.110+0000][1520.639s][info ][safepoint     ] Application time: 1.0014486 seconds
[2023-10-19T21:04:06.111+0000][1520.640s][info ][safepoint     ] Entering safepoint region: Cleanup
[2023-10-19T21:04:06.112+0000][1520.642s][info ][safepoint     ] Leaving safepoint region
[2023-10-19T21:04:06.113+0000][1520.643s][info ][safepoint     ] Total time for which application threads were stopped: 0.0023695 seconds, Stopping threads took: 0.0010505 seconds
[2023-10-19T21:04:07.114+0000][1521.644s][debug][safepoint     ] Safepoint synchronization initiated. (177 threads)
[2023-10-19T21:04:07.115+0000][1521.645s][info ][safepoint     ] Application time: 1.0015490 seconds
[2023-10-19T21:04:07.117+0000][1521.646s][info ][safepoint     ] Entering safepoint region: Cleanup
[2023-10-19T21:04:07.118+0000][1521.647s][info ][safepoint     ] Leaving safepoint region
[2023-10-19T21:04:07.119+0000][1521.648s][info ][safepoint     ] Total time for which application threads were stopped: 0.0020355 seconds, Stopping threads took: 0.0009487 seconds
[2023-10-19T21:04:08.120+0000][1522.649s][debug][safepoint     ] Safepoint synchronization initiated. (177 threads)
[2023-10-19T21:04:08.121+0000][1522.650s][info ][safepoint     ] Application time: 1.0016416 seconds
[2023-10-19T21:04:08.122+0000][1522.651s][info ][safepoint     ] Entering safepoint region: Cleanup
[2023-10-19T21:04:08.123+0000][1522.653s][info ][safepoint     ] Leaving safepoint region
[2023-10-19T21:04:08.124+0000][1522.654s][info ][safepoint     ] Total time for which application threads were stopped: 0.0024201 seconds, Stopping threads took: 0.0011249 seconds
[2023-10-19T21:04:09.125+0000][1523.655s][debug][safepoint     ] Safepoint synchronization initiated. (177 threads)
[2023-10-19T21:04:09.126+0000][1523.656s][info ][safepoint     ] Application time: 1.0012370 seconds
[2023-10-19T21:04:09.127+0000][1523.657s][info ][safepoint     ] Entering safepoint region: Cleanup
[2023-10-19T21:04:09.128+0000][1523.658s][info ][safepoint     ] Leaving safepoint region
[2023-10-19T21:04:09.129+0000][1523.659s][info ][safepoint     ] Total time for which application threads were stopped: 0.0019672 seconds, Stopping threads took: 0.0008452 seconds
[2023-10-19T21:04:10.130+0000][1524.660s][debug][safepoint     ] Safepoint synchronization initiated. (177 threads)
[2023-10-19T21:04:10.132+0000][1524.661s][info ][safepoint     ] Application time: 1.0017836 seconds
[2023-10-19T21:04:10.133+0000][1524.662s][info ][safepoint     ] Entering safepoint region: Cleanup
[2023-10-19T21:04:10.134+0000][1524.664s][info ][safepoint     ] Leaving safepoint region
[2023-10-19T21:04:10.135+0000][1524.664s][info ][safepoint     ] Total time for which application threads were stopped: 0.0022708 seconds, Stopping threads took: 0.0010100 seconds
[2023-10-19T21:04:11.136+0000][1525.665s][debug][safepoint     ] Safepoint synchronization initiated. (177 threads)
[2023-10-19T21:04:11.137+0000][1525.667s][info ][safepoint     ] Application time: 1.0015837 seconds
[2023-10-19T21:04:11.139+0000][1525.668s][info ][safepoint     ] Entering safepoint region: Cleanup
[2023-10-19T21:04:11.140+0000][1525.669s][info ][safepoint     ] Leaving safepoint region
[2023-10-19T21:04:11.141+0000][1525.670s][info ][safepoint     ] Total time for which application threads were stopped: 0.0023470 seconds, Stopping threads took: 0.0010320 seconds
[2023-10-19T21:04:12.142+0000][1526.672s][debug][safepoint     ] Safepoint synchronization initiated. (177 threads)
[2023-10-19T21:04:12.143+0000][1526.673s][info ][safepoint     ] Application time: 1.0015021 seconds
[2023-10-19T21:04:12.144+0000][1526.674s][info ][safepoint     ] Entering safepoint region: Cleanup
[2023-10-19T21:04:12.146+0000][1526.675s][info ][safepoint     ] Leaving safepoint region
[2023-10-19T21:04:12.146+0000][1526.676s][info ][safepoint     ] Total time for which application threads were stopped: 0.0020225 seconds, Stopping threads took: 0.0009643 seconds
[2023-10-19T21:04:13.147+0000][1527.677s][debug][safepoint     ] Safepoint synchronization initiated. (177 threads)
[2023-10-19T21:04:13.148+0000][1527.677s][info ][safepoint     ] Application time: 1.0009558 seconds
[2023-10-19T21:04:13.149+0000][1527.678s][info ][safepoint     ] Entering safepoint region: Cleanup
[2023-10-19T21:04:13.149+0000][1527.679s][info ][safepoint     ] Leaving safepoint region
[2023-10-19T21:04:13.150+0000][1527.679s][info ][safepoint     ] Total time for which application threads were stopped: 0.0013409 seconds, Stopping threads took: 0.0005808 seconds
[2023-10-19T21:04:14.151+0000][1528.680s][debug][safepoint     ] Safepoint synchronization initiated. (177 threads)
[2023-10-19T21:04:14.152+0000][1528.681s][info ][safepoint     ] Application time: 1.0013816 seconds
[2023-10-19T21:04:14.153+0000][1528.682s][info ][safepoint     ] Entering safepoint region: Cleanup
[2023-10-19T21:04:14.154+0000][1528.684s][info ][safepoint     ] Leaving safepoint region
[2023-10-19T21:04:14.155+0000][1528.685s][info ][safepoint     ] Total time for which application threads were stopped: 0.0024319 seconds, Stopping threads took: 0.0011619 seconds
[2023-10-19T21:04:15.156+0000][1529.686s][debug][safepoint     ] Safepoint synchronization initiated. (177 threads)
[2023-10-19T21:04:15.157+0000][1529.686s][info ][safepoint     ] Application time: 1.0005835 seconds
[2023-10-19T21:04:15.157+0000][1529.686s][info ][safepoint     ] Entering safepoint region: Cleanup
[2023-10-19T21:04:15.158+0000][1529.688s][info ][safepoint     ] Leaving safepoint region
[2023-10-19T21:04:15.159+0000][1529.688s][info ][safepoint     ] Total time for which application threads were stopped: 0.0019771 seconds, Stopping threads took: 0.0006294 seconds
[2023-10-19T21:04:16.159+0000][1530.689s][debug][safepoint     ] Safepoint synchronization initiated. (177 threads)
[2023-10-19T21:04:16.160+0000][1530.689s][info ][safepoint     ] Application time: 1.0005165 seconds
[2023-10-19T21:04:16.160+0000][1530.690s][info ][safepoint     ] Entering safepoint region: Cleanup
[2023-10-19T21:04:16.161+0000][1530.690s][info ][safepoint     ] Leaving safepoint region
[2023-10-19T21:04:16.161+0000][1530.691s][info ][safepoint     ] Total time for which application threads were stopped: 0.0009852 seconds, Stopping threads took: 0.0004311 seconds
[2023-10-19T21:04:17.162+0000][1531.691s][debug][safepoint     ] Safepoint synchronization initiated. (177 threads)
[2023-10-19T21:04:17.163+0000][1531.692s][info ][safepoint     ] Application time: 1.0010704 seconds
[2023-10-19T21:04:17.163+0000][1531.693s][info ][safepoint     ] Entering safepoint region: Cleanup
[2023-10-19T21:04:17.164+0000][1531.693s][info ][safepoint     ] Leaving safepoint region
[2023-10-19T21:04:17.164+0000][1531.694s][info ][safepoint     ] Total time for which application threads were stopped: 0.0013790 seconds, Stopping threads took: 0.0006963 seconds
[2023-10-19T21:04:18.165+0000][1532.695s][debug][safepoint     ] Safepoint synchronization initiated. (177 threads)
[2023-10-19T21:04:18.166+0000][1532.695s][info ][safepoint     ] Application time: 1.0008174 seconds
[2023-10-19T21:04:18.166+0000][1532.696s][info ][safepoint     ] Entering safepoint region: Cleanup
[2023-10-19T21:04:18.167+0000][1532.696s][info ][safepoint     ] Leaving safepoint region
[2023-10-19T21:04:18.167+0000][1532.697s][info ][safepoint     ] Total time for which application threads were stopped: 0.0011262 seconds, Stopping threads took: 0.0004145 seconds
[2023-10-19T21:04:19.168+0000][1533.697s][debug][safepoint     ] Safepoint synchronization initiated. (177 threads)
[2023-10-19T21:04:19.169+0000][1533.698s][info ][safepoint     ] Application time: 1.0008000 seconds
[2023-10-19T21:04:19.169+0000][1533.699s][info ][safepoint     ] Entering safepoint region: Cleanup
[2023-10-19T21:04:19.170+0000][1533.699s][info ][safepoint     ] Leaving safepoint region
[2023-10-19T21:04:19.170+0000][1533.700s][info ][safepoint     ] Total time for which application threads were stopped: 0.0010721 seconds, Stopping threads took: 0.0004379 seconds
[2023-10-19T21:04:20.171+0000][1534.700s][debug][safepoint     ] Safepoint synchronization initiated. (177 threads)
[2023-10-19T21:04:20.172+0000][1534.701s][info ][safepoint     ] Application time: 1.0012796 seconds
[2023-10-19T21:04:20.173+0000][1534.702s][info ][safepoint     ] Entering safepoint region: Cleanup
[2023-10-19T21:04:20.174+0000][1534.703s][info ][safepoint     ] Leaving safepoint region
[2023-10-19T21:04:20.175+0000][1534.704s][info ][safepoint     ] Total time for which application threads were stopped: 0.0019845 seconds, Stopping threads took: 0.0009073 seconds
[2023-10-19T21:04:21.176+0000][1535.705s][debug][safepoint     ] Safepoint synchronization initiated. (177 threads)
[2023-10-19T21:04:21.177+0000][1535.706s][info ][safepoint     ] Application time: 1.0010753 seconds
[2023-10-19T21:04:21.177+0000][1535.707s][info ][safepoint     ] Entering safepoint region: Cleanup
[2023-10-19T21:04:21.178+0000][1535.708s][info ][safepoint     ] Leaving safepoint region
[2023-10-19T21:04:21.179+0000][1535.708s][info ][safepoint     ] Total time for which application threads were stopped: 0.0013590 seconds, Stopping threads took: 0.0006451 seconds
[2023-10-19T21:04:22.179+0000][1536.709s][debug][safepoint     ] Safepoint synchronization initiated. (177 threads)
[2023-10-19T21:04:22.180+0000][1536.709s][info ][safepoint     ] Application time: 1.0008014 seconds
[2023-10-19T21:04:22.181+0000][1536.710s][info ][safepoint     ] Entering safepoint region: Cleanup
[2023-10-19T21:04:22.181+0000][1536.711s][info ][safepoint     ] Leaving safepoint region
[2023-10-19T21:04:22.182+0000][1536.711s][info ][safepoint     ] Total time for which application threads were stopped: 0.0013317 seconds, Stopping threads took: 0.0006425 seconds
[2023-10-19T21:04:23.182+0000][1537.712s][debug][safepoint     ] Safepoint synchronization initiated. (177 threads)
[2023-10-19T21:04:23.182+0000][1537.712s][info ][safepoint     ] Application time: 1.0007381 seconds
[2023-10-19T21:04:23.183+0000][1537.713s][info ][safepoint     ] Entering safepoint region: Cleanup
[2023-10-19T21:04:23.183+0000][1537.714s][info ][safepoint     ] Leaving safepoint region
[2023-10-19T21:04:23.184+0000][1537.714s][info ][safepoint     ] Total time for which application threads were stopped: 0.0010918 seconds, Stopping threads took: 0.0004612 seconds
[2023-10-19T21:04:24.184+0000][1538.715s][debug][safepoint     ] Safepoint synchronization initiated. (177 threads)
[2023-10-19T21:04:24.185+0000][1538.715s][info ][safepoint     ] Application time: 1.0006389 seconds
[2023-10-19T21:04:24.185+0000][1538.716s][info ][safepoint     ] Entering safepoint region: Cleanup
[2023-10-19T21:04:24.186+0000][1538.716s][info ][safepoint     ] Leaving safepoint region
[2023-10-19T21:04:24.186+0000][1538.716s][info ][safepoint     ] Total time for which application threads were stopped: 0.0009657 seconds, Stopping threads took: 0.0004613 seconds
[2023-10-19T21:04:25.187+0000][1539.717s][debug][safepoint     ] Safepoint synchronization initiated. (177 threads)
[2023-10-19T21:04:25.187+0000][1539.717s][info ][safepoint     ] Application time: 1.0006674 seconds
[2023-10-19T21:04:25.188+0000][1539.718s][debug][safepoint     ] ... found polling page return exception at pc = 0x00007fbdb0a26cda, stub =0x00007fbda8840600
[2023-10-19T21:04:25.188+0000][1539.718s][debug][safepoint     ] ... found polling page return exception at pc = 0x00007fbdb0a26cda, stub =0x00007fbda8840600
[2023-10-19T21:04:25.188+0000][1539.718s][debug][safepoint     ] ... found polling page return exception at pc = 0x00007fbdb098b108, stub =0x00007fbda8840600
[2023-10-19T21:04:25.188+0000][1539.718s][debug][safepoint     ] ... found polling page return exception at pc = 0x00007fbdb0a26cda, stub =0x00007fbda8840600
[2023-10-19T21:04:25.188+0000][1539.718s][debug][safepoint     ] ... found polling page return exception at pc = 0x00007fbdb0a26cda, stub =0x00007fbda8840600
[2023-10-19T21:04:25.188+0000][1539.718s][debug][safepoint     ] ... found polling page return exception at pc = 0x00007fbdb034b01d, stub =0x00007fbda8840600
[2023-10-19T21:04:25.192+0000][1539.722s][debug][safepoint     ] Waiting for 6 thread(s) to block
[2023-10-19T21:04:25.192+0000][1539.723s][info ][safepoint     ] Entering safepoint region: Cleanup
[2023-10-19T21:04:25.193+0000][1539.723s][info ][safepoint     ] Leaving safepoint region
[2023-10-19T21:04:25.194+0000][1539.724s][info ][safepoint     ] Total time for which application threads were stopped: 0.0057406 seconds, Stopping threads took: 0.0050561 seconds
[2023-10-19T21:04:26.194+0000][1540.724s][debug][safepoint     ] Safepoint synchronization initiated. (177 threads)
[2023-10-19T21:04:26.195+0000][1540.725s][info ][safepoint     ] Application time: 1.0012996 seconds
[2023-10-19T21:04:26.196+0000][1540.727s][info ][safepoint     ] Entering safepoint region: Cleanup
[2023-10-19T21:04:26.197+0000][1540.728s][info ][safepoint     ] Leaving safepoint region
[2023-10-19T21:04:26.198+0000][1540.728s][info ][safepoint     ] Total time for which application threads were stopped: 0.0018001 seconds, Stopping threads took: 0.0008584 seconds
[2023-10-19T21:04:27.199+0000][1541.729s][debug][safepoint     ] Safepoint synchronization initiated. (177 threads)
[2023-10-19T21:04:27.200+0000][1541.731s][info ][safepoint     ] Application time: 1.0014637 seconds
[2023-10-19T21:04:27.201+0000][1541.732s][info ][safepoint     ] Entering safepoint region: Cleanup
[2023-10-19T21:04:27.203+0000][1541.733s][info ][safepoint     ] Leaving safepoint region
[2023-10-19T21:04:27.204+0000][1541.734s][info ][safepoint     ] Total time for which application threads were stopped: 0.0025114 seconds, Stopping threads took: 0.0011424 seconds
[2023-10-19T21:04:28.205+0000][1542.735s][debug][safepoint     ] Safepoint synchronization initiated. (177 threads)
[2023-10-19T21:04:28.206+0000][1542.736s][info ][safepoint     ] Application time: 1.0013413 seconds
[2023-10-19T21:04:28.207+0000][1542.738s][info ][safepoint     ] Entering safepoint region: Cleanup
[2023-10-19T21:04:28.209+0000][1542.739s][info ][safepoint     ] Leaving safepoint region
[2023-10-19T21:04:28.210+0000][1542.740s][info ][safepoint     ] Total time for which application threads were stopped: 0.0022680 seconds, Stopping threads took: 0.0010786 seconds
[2023-10-19T21:04:29.211+0000][1543.741s][debug][safepoint     ] Safepoint synchronization initiated. (177 threads)
[2023-10-19T21:04:29.212+0000][1543.742s][info ][safepoint     ] Application time: 1.0017478 seconds
[2023-10-19T21:04:29.213+0000][1543.743s][info ][safepoint     ] Entering safepoint region: Cleanup
[2023-10-19T21:04:29.215+0000][1543.745s][info ][safepoint     ] Leaving safepoint region
[2023-10-19T21:04:29.215+0000][1543.746s][info ][safepoint     ] Total time for which application threads were stopped: 0.0022665 seconds, Stopping threads took: 0.0010780 seconds
[2023-10-19T21:04:30.216+0000][1544.747s][debug][safepoint     ] Safepoint synchronization initiated. (177 threads)
[2023-10-19T21:04:30.218+0000][1544.748s][info ][safepoint     ] Application time: 1.0016453 seconds
[2023-10-19T21:04:30.219+0000][1544.749s][info ][safepoint     ] Entering safepoint region: Cleanup
[2023-10-19T21:04:30.220+0000][1544.750s][info ][safepoint     ] Leaving safepoint region
[2023-10-19T21:04:30.221+0000][1544.751s][info ][safepoint     ] Total time for which application threads were stopped: 0.0022947 seconds, Stopping threads took: 0.0010304 seconds
[2023-10-19T21:04:31.222+0000][1545.752s][debug][safepoint     ] Safepoint synchronization initiated. (177 threads)
[2023-10-19T21:04:31.223+0000][1545.753s][info ][safepoint     ] Application time: 1.0013534 seconds
[2023-10-19T21:04:31.224+0000][1545.754s][info ][safepoint     ] Entering safepoint region: Cleanup
[2023-10-19T21:04:31.225+0000][1545.755s][info ][safepoint     ] Leaving safepoint region
[2023-10-19T21:04:31.226+0000][1545.756s][info ][safepoint     ] Total time for which application threads were stopped: 0.0020041 seconds, Stopping threads took: 0.0008285 seconds
[2023-10-19T21:04:32.227+0000][1546.757s][debug][safepoint     ] Safepoint synchronization initiated. (177 threads)
[2023-10-19T21:04:32.228+0000][1546.758s][info ][safepoint     ] Application time: 1.0010094 seconds
[2023-10-19T21:04:32.228+0000][1546.759s][info ][safepoint     ] Entering safepoint region: Cleanup
[2023-10-19T21:04:32.229+0000][1546.759s][info ][safepoint     ] Leaving safepoint region
[2023-10-19T21:04:32.230+0000][1546.760s][info ][safepoint     ] Total time for which application threads were stopped: 0.0013167 seconds, Stopping threads took: 0.0005930 seconds
[2023-10-19T21:04:33.230+0000][1547.761s][debug][safepoint     ] Safepoint synchronization initiated. (177 threads)
[2023-10-19T21:04:33.232+0000][1547.762s][info ][safepoint     ] Application time: 1.0015945 seconds
[2023-10-19T21:04:33.233+0000][1547.763s][info ][safepoint     ] Entering safepoint region: Cleanup
[2023-10-19T21:04:33.235+0000][1547.765s][info ][safepoint     ] Leaving safepoint region
[2023-10-19T21:04:33.235+0000][1547.766s][info ][safepoint     ] Total time for which application threads were stopped: 0.0025537 seconds, Stopping threads took: 0.0011632 seconds
[2023-10-19T21:04:34.237+0000][1548.767s][debug][safepoint     ] Safepoint synchronization initiated. (177 threads)
[2023-10-19T21:04:34.238+0000][1548.768s][info ][safepoint     ] Application time: 1.0015272 seconds
[2023-10-19T21:04:34.239+0000][1548.769s][info ][safepoint     ] Entering safepoint region: Cleanup
[2023-10-19T21:04:34.241+0000][1548.771s][info ][safepoint     ] Leaving safepoint region
[2023-10-19T21:04:34.242+0000][1548.772s][info ][safepoint     ] Total time for which application threads were stopped: 0.0026112 seconds, Stopping threads took: 0.0011379 seconds
[2023-10-19T21:04:35.243+0000][1549.773s][debug][safepoint     ] Safepoint synchronization initiated. (177 threads)
[2023-10-19T21:04:35.244+0000][1549.774s][info ][safepoint     ] Application time: 1.0013856 seconds
[2023-10-19T21:04:35.245+0000][1549.775s][info ][safepoint     ] Entering safepoint region: Cleanup
[2023-10-19T21:04:35.246+0000][1549.776s][info ][safepoint     ] Leaving safepoint region
[2023-10-19T21:04:35.247+0000][1549.777s][info ][safepoint     ] Total time for which application threads were stopped: 0.0018960 seconds, Stopping threads took: 0.0009282 seconds
[2023-10-19T21:04:36.248+0000][1550.778s][debug][safepoint     ] Safepoint synchronization initiated. (177 threads)
[2023-10-19T21:04:36.249+0000][1550.779s][info ][safepoint     ] Application time: 1.0014981 seconds
[2023-10-19T21:04:36.250+0000][1550.780s][info ][safepoint     ] Entering safepoint region: Cleanup
[2023-10-19T21:04:36.252+0000][1550.782s][info ][safepoint     ] Leaving safepoint region
[2023-10-19T21:04:36.253+0000][1550.783s][info ][safepoint     ] Total time for which application threads were stopped: 0.0026110 seconds, Stopping threads took: 0.0011309 seconds
[2023-10-19T21:04:37.254+0000][1551.784s][debug][safepoint     ] Safepoint synchronization initiated. (177 threads)
[2023-10-19T21:04:37.255+0000][1551.785s][info ][safepoint     ] Application time: 1.0014079 seconds
[2023-10-19T21:04:37.256+0000][1551.786s][info ][safepoint     ] Entering safepoint region: Cleanup
[2023-10-19T21:04:37.258+0000][1551.788s][info ][safepoint     ] Leaving safepoint region
[2023-10-19T21:04:37.259+0000][1551.789s][info ][safepoint     ] Total time for which application threads were stopped: 0.0025210 seconds, Stopping threads took: 0.0010759 seconds
[2023-10-19T21:04:38.260+0000][1552.790s][debug][safepoint     ] Safepoint synchronization initiated. (177 threads)
[2023-10-19T21:04:38.261+0000][1552.791s][info ][safepoint     ] Application time: 1.0016492 seconds
[2023-10-19T21:04:38.262+0000][1552.792s][info ][safepoint     ] Entering safepoint region: Cleanup
[2023-10-19T21:04:38.264+0000][1552.794s][info ][safepoint     ] Leaving safepoint region
[2023-10-19T21:04:38.265+0000][1552.795s][info ][safepoint     ] Total time for which application threads were stopped: 0.0025775 seconds, Stopping threads took: 0.0011423 seconds
[2023-10-19T21:04:39.266+0000][1553.796s][debug][safepoint     ] Safepoint synchronization initiated. (177 threads)
[2023-10-19T21:04:39.267+0000][1553.797s][info ][safepoint     ] Application time: 1.0015580 seconds
[2023-10-19T21:04:39.268+0000][1553.799s][info ][safepoint     ] Entering safepoint region: Cleanup
[2023-10-19T21:04:39.270+0000][1553.800s][info ][safepoint     ] Leaving safepoint region
[2023-10-19T21:04:39.271+0000][1553.801s][info ][safepoint     ] Total time for which application threads were stopped: 0.0025896 seconds, Stopping threads took: 0.0011172 seconds
[2023-10-19T21:04:40.272+0000][1554.802s][debug][safepoint     ] Safepoint synchronization initiated. (177 threads)
[2023-10-19T21:04:40.273+0000][1554.803s][info ][safepoint     ] Application time: 1.0012196 seconds
[2023-10-19T21:04:40.274+0000][1554.804s][info ][safepoint     ] Entering safepoint region: Cleanup
[2023-10-19T21:04:40.276+0000][1554.806s][info ][safepoint     ] Leaving safepoint region
[2023-10-19T21:04:40.277+0000][1554.807s][info ][safepoint     ] Total time for which application threads were stopped: 0.0025552 seconds, Stopping threads took: 0.0010350 seconds
[2023-10-19T21:04:41.278+0000][1555.808s][debug][safepoint     ] Safepoint synchronization initiated. (177 threads)
[2023-10-19T21:04:41.279+0000][1555.809s][info ][safepoint     ] Application time: 1.0013464 seconds
[2023-10-19T21:04:41.280+0000][1555.810s][info ][safepoint     ] Entering safepoint region: Cleanup
[2023-10-19T21:04:41.281+0000][1555.811s][info ][safepoint     ] Leaving safepoint region
[2023-10-19T21:04:41.282+0000][1555.812s][info ][safepoint     ] Total time for which application threads were stopped: 0.0022859 seconds, Stopping threads took: 0.0010755 seconds
[2023-10-19T21:04:42.283+0000][1556.814s][debug][safepoint     ] Safepoint synchronization initiated. (177 threads)
[2023-10-19T21:04:42.285+0000][1556.815s][info ][safepoint     ] Application time: 1.0014511 seconds
[2023-10-19T21:04:42.286+0000][1556.816s][info ][safepoint     ] Entering safepoint region: Cleanup
[2023-10-19T21:04:42.287+0000][1556.818s][info ][safepoint     ] Leaving safepoint region
[2023-10-19T21:04:42.288+0000][1556.818s][info ][safepoint     ] Total time for which application threads were stopped: 0.0026318 seconds, Stopping threads took: 0.0011487 seconds
[2023-10-19T21:04:43.290+0000][1557.820s][debug][safepoint     ] Safepoint synchronization initiated. (177 threads)
[2023-10-19T21:04:43.291+0000][1557.821s][info ][safepoint     ] Application time: 1.0016524 seconds
[2023-10-19T21:04:43.292+0000][1557.822s][info ][safepoint     ] Entering safepoint region: Cleanup
[2023-10-19T21:04:43.293+0000][1557.823s][info ][safepoint     ] Leaving safepoint region
[2023-10-19T21:04:43.294+0000][1557.824s][info ][safepoint     ] Total time for which application threads were stopped: 0.0021895 seconds, Stopping threads took: 0.0010576 seconds
[2023-10-19T21:04:44.295+0000][1558.825s][debug][safepoint     ] Safepoint synchronization initiated. (177 threads)
[2023-10-19T21:04:44.296+0000][1558.826s][info ][safepoint     ] Application time: 1.0014764 seconds
[2023-10-19T21:04:44.297+0000][1558.827s][info ][safepoint     ] Entering safepoint region: Cleanup
[2023-10-19T21:04:44.299+0000][1558.829s][info ][safepoint     ] Leaving safepoint region
[2023-10-19T21:04:44.300+0000][1558.830s][info ][safepoint     ] Total time for which application threads were stopped: 0.0024275 seconds, Stopping threads took: 0.0010334 seconds
[2023-10-19T21:04:45.301+0000][1559.831s][debug][safepoint     ] Safepoint synchronization initiated. (177 threads)
[2023-10-19T21:04:45.301+0000][1559.831s][info ][safepoint     ] Application time: 1.0007076 seconds
[2023-10-19T21:04:45.302+0000][1559.832s][info ][safepoint     ] Entering safepoint region: Cleanup
[2023-10-19T21:04:45.302+0000][1559.832s][info ][safepoint     ] Leaving safepoint region
[2023-10-19T21:04:45.302+0000][1559.832s][info ][safepoint     ] Total time for which application threads were stopped: 0.0007499 seconds, Stopping threads took: 0.0002901 seconds
[2023-10-19T21:04:46.303+0000][1560.833s][debug][safepoint     ] Safepoint synchronization initiated. (177 threads)
[2023-10-19T21:04:46.304+0000][1560.834s][info ][safepoint     ] Application time: 1.0013719 seconds
[2023-10-19T21:04:46.305+0000][1560.835s][info ][safepoint     ] Entering safepoint region: Cleanup
[2023-10-19T21:04:46.307+0000][1560.837s][info ][safepoint     ] Leaving safepoint region
[2023-10-19T21:04:46.308+0000][1560.838s][info ][safepoint     ] Total time for which application threads were stopped: 0.0025158 seconds, Stopping threads took: 0.0012110 seconds
[2023-10-19T21:04:47.309+0000][1561.839s][debug][safepoint     ] Safepoint synchronization initiated. (177 threads)
[2023-10-19T21:04:47.309+0000][1561.840s][info ][safepoint     ] Application time: 1.0009633 seconds
[2023-10-19T21:04:47.310+0000][1561.840s][info ][safepoint     ] Entering safepoint region: Cleanup
[2023-10-19T21:04:47.311+0000][1561.841s][info ][safepoint     ] Leaving safepoint region
[2023-10-19T21:04:47.311+0000][1561.841s][info ][safepoint     ] Total time for which application threads were stopped: 0.0011250 seconds, Stopping threads took: 0.0004559 seconds
[2023-10-19T21:04:48.312+0000][1562.842s][debug][safepoint     ] Safepoint synchronization initiated. (177 threads)
[2023-10-19T21:04:48.312+0000][1562.843s][info ][safepoint     ] Application time: 1.0007136 seconds
[2023-10-19T21:04:48.313+0000][1562.843s][info ][safepoint     ] Entering safepoint region: Cleanup
[2023-10-19T21:04:48.314+0000][1562.844s][info ][safepoint     ] Leaving safepoint region
[2023-10-19T21:04:48.314+0000][1562.844s][info ][safepoint     ] Total time for which application threads were stopped: 0.0014403 seconds, Stopping threads took: 0.0006563 seconds
[2023-10-19T21:04:49.315+0000][1563.845s][debug][safepoint     ] Safepoint synchronization initiated. (177 threads)
[2023-10-19T21:04:49.315+0000][1563.846s][info ][safepoint     ] Application time: 1.0007492 seconds
[2023-10-19T21:04:49.316+0000][1563.846s][info ][safepoint     ] Entering safepoint region: Cleanup
[2023-10-19T21:04:49.317+0000][1563.847s][info ][safepoint     ] Leaving safepoint region
[2023-10-19T21:04:49.317+0000][1563.847s][info ][safepoint     ] Total time for which application threads were stopped: 0.0012212 seconds, Stopping threads took: 0.0005505 seconds
[2023-10-19T21:04:50.318+0000][1564.848s][debug][safepoint     ] Safepoint synchronization initiated. (177 threads)
[2023-10-19T21:04:50.318+0000][1564.848s][info ][safepoint     ] Application time: 1.0006069 seconds
[2023-10-19T21:04:50.319+0000][1564.849s][info ][safepoint     ] Entering safepoint region: Cleanup
[2023-10-19T21:04:50.319+0000][1564.849s][info ][safepoint     ] Leaving safepoint region
[2023-10-19T21:04:50.319+0000][1564.850s][info ][safepoint     ] Total time for which application threads were stopped: 0.0008124 seconds, Stopping threads took: 0.0003365 seconds
[2023-10-19T21:04:51.320+0000][1565.850s][debug][safepoint     ] Safepoint synchronization initiated. (177 threads)
[2023-10-19T21:04:51.321+0000][1565.851s][info ][safepoint     ] Application time: 1.0008172 seconds
[2023-10-19T21:04:51.321+0000][1565.851s][info ][safepoint     ] Entering safepoint region: Cleanup
[2023-10-19T21:04:51.322+0000][1565.852s][info ][safepoint     ] Leaving safepoint region
[2023-10-19T21:04:51.322+0000][1565.853s][info ][safepoint     ] Total time for which application threads were stopped: 0.0013516 seconds, Stopping threads took: 0.0005684 seconds
[2023-10-19T21:04:52.323+0000][1566.853s][debug][safepoint     ] Safepoint synchronization initiated. (177 threads)
[2023-10-19T21:04:52.323+0000][1566.854s][info ][safepoint     ] Application time: 1.0004980 seconds
[2023-10-19T21:04:52.324+0000][1566.854s][info ][safepoint     ] Entering safepoint region: Cleanup
[2023-10-19T21:04:52.324+0000][1566.854s][info ][safepoint     ] Leaving safepoint region
[2023-10-19T21:04:52.325+0000][1566.855s][info ][safepoint     ] Total time for which application threads were stopped: 0.0007844 seconds, Stopping threads took: 0.0003410 seconds
[2023-10-19T21:04:53.325+0000][1567.855s][debug][safepoint     ] Safepoint synchronization initiated. (177 threads)
[2023-10-19T21:04:53.325+0000][1567.856s][info ][safepoint     ] Application time: 1.0008611 seconds
[2023-10-19T21:04:53.326+0000][1567.856s][info ][safepoint     ] Entering safepoint region: Cleanup
[2023-10-19T21:04:53.327+0000][1567.857s][info ][safepoint     ] Leaving safepoint region
[2023-10-19T21:04:53.328+0000][1567.858s][info ][safepoint     ] Total time for which application threads were stopped: 0.0016651 seconds, Stopping threads took: 0.0006138 seconds
[2023-10-19T21:04:53.327+0000][1567.857s][debug][safepoint     ] ... found polling page return exception at pc = 0x00007fbdb0cb92c4, stub =0x00007fbda8840600
[2023-10-19T21:04:54.328+0000][1568.859s][debug][safepoint     ] Safepoint synchronization initiated. (177 threads)
[2023-10-19T21:04:54.329+0000][1568.860s][info ][safepoint     ] Application time: 1.0012951 seconds
[2023-10-19T21:04:54.330+0000][1568.861s][info ][safepoint     ] Entering safepoint region: Cleanup
[2023-10-19T21:04:54.331+0000][1568.862s][info ][safepoint     ] Leaving safepoint region
[2023-10-19T21:04:54.332+0000][1568.863s][info ][safepoint     ] Total time for which application threads were stopped: 0.0017690 seconds, Stopping threads took: 0.0007710 seconds
[2023-10-19T21:04:55.333+0000][1569.863s][debug][safepoint     ] Safepoint synchronization initiated. (177 threads)
[2023-10-19T21:04:55.334+0000][1569.864s][info ][safepoint     ] Application time: 1.0009202 seconds
[2023-10-19T21:04:55.334+0000][1569.865s][info ][safepoint     ] Entering safepoint region: Cleanup
[2023-10-19T21:04:55.335+0000][1569.866s][info ][safepoint     ] Leaving safepoint region
[2023-10-19T21:04:55.336+0000][1569.866s][info ][safepoint     ] Total time for which application threads were stopped: 0.0012193 seconds, Stopping threads took: 0.0005644 seconds
[2023-10-19T21:04:56.336+0000][1570.867s][debug][safepoint     ] Safepoint synchronization initiated. (177 threads)
[2023-10-19T21:04:56.337+0000][1570.868s][info ][safepoint     ] Application time: 1.0014962 seconds
[2023-10-19T21:04:56.338+0000][1570.869s][info ][safepoint     ] Entering safepoint region: Cleanup
[2023-10-19T21:04:56.340+0000][1570.870s][info ][safepoint     ] Leaving safepoint region
[2023-10-19T21:04:56.340+0000][1570.871s][info ][safepoint     ] Total time for which application threads were stopped: 0.0019440 seconds, Stopping threads took: 0.0009287 seconds
[2023-10-19T21:04:57.341+0000][1571.872s][debug][safepoint     ] Safepoint synchronization initiated. (177 threads)
[2023-10-19T21:04:57.342+0000][1571.873s][info ][safepoint     ] Application time: 1.0013857 seconds
[2023-10-19T21:04:57.344+0000][1571.874s][info ][safepoint     ] Entering safepoint region: Cleanup
[2023-10-19T21:04:57.345+0000][1571.875s][info ][safepoint     ] Leaving safepoint region
[2023-10-19T21:04:57.346+0000][1571.876s][info ][safepoint     ] Total time for which application threads were stopped: 0.0020765 seconds, Stopping threads took: 0.0008920 seconds
[2023-10-19T21:04:58.347+0000][1572.877s][debug][safepoint     ] Safepoint synchronization initiated. (177 threads)
[2023-10-19T21:04:58.348+0000][1572.878s][info ][safepoint     ] Application time: 1.0015455 seconds
[2023-10-19T21:04:58.349+0000][1572.880s][info ][safepoint     ] Entering safepoint region: Cleanup
[2023-10-19T21:04:58.350+0000][1572.881s][info ][safepoint     ] Leaving safepoint region
[2023-10-19T21:04:58.351+0000][1572.882s][info ][safepoint     ] Total time for which application threads were stopped: 0.0021587 seconds, Stopping threads took: 0.0010306 seconds
[2023-10-19T21:04:59.352+0000][1573.883s][debug][safepoint     ] Safepoint synchronization initiated. (177 threads)
[2023-10-19T21:04:59.354+0000][1573.884s][info ][safepoint     ] Application time: 1.0017547 seconds
[2023-10-19T21:04:59.355+0000][1573.885s][info ][safepoint     ] Entering safepoint region: Cleanup
[2023-10-19T21:04:59.356+0000][1573.887s][info ][safepoint     ] Leaving safepoint region
[2023-10-19T21:04:59.357+0000][1573.888s][info ][safepoint     ] Total time for which application threads were stopped: 0.0026598 seconds, Stopping threads took: 0.0010942 seconds
[2023-10-19T21:05:00.359+0000][1574.889s][debug][safepoint     ] Safepoint synchronization initiated. (177 threads)
[2023-10-19T21:05:00.360+0000][1574.890s][info ][safepoint     ] Application time: 1.0014500 seconds
[2023-10-19T21:05:00.361+0000][1574.891s][info ][safepoint     ] Entering safepoint region: Cleanup
[2023-10-19T21:05:00.362+0000][1574.892s][info ][safepoint     ] Leaving safepoint region
[2023-10-19T21:05:00.363+0000][1574.893s][info ][safepoint     ] Total time for which application threads were stopped: 0.0021221 seconds, Stopping threads took: 0.0009616 seconds
[2023-10-19T21:05:01.364+0000][1575.894s][debug][safepoint     ] Safepoint synchronization initiated. (177 threads)
[2023-10-19T21:05:01.365+0000][1575.896s][info ][safepoint     ] Application time: 1.0014283 seconds
[2023-10-19T21:05:01.366+0000][1575.896s][info ][safepoint     ] Entering safepoint region: Cleanup
[2023-10-19T21:05:01.367+0000][1575.897s][info ][safepoint     ] Leaving safepoint region
[2023-10-19T21:05:01.368+0000][1575.898s][info ][safepoint     ] Total time for which application threads were stopped: 0.0017750 seconds, Stopping threads took: 0.0007954 seconds
[2023-10-19T21:05:02.369+0000][1576.900s][debug][safepoint     ] Safepoint synchronization initiated. (177 threads)
[2023-10-19T21:05:02.370+0000][1576.901s][info ][safepoint     ] Application time: 1.0017028 seconds
[2023-10-19T21:05:02.371+0000][1576.902s][info ][safepoint     ] Entering safepoint region: Cleanup
[2023-10-19T21:05:02.373+0000][1576.903s][info ][safepoint     ] Leaving safepoint region
[2023-10-19T21:05:02.374+0000][1576.904s][info ][safepoint     ] Total time for which application threads were stopped: 0.0024830 seconds, Stopping threads took: 0.0010679 seconds
[2023-10-19T21:05:03.375+0000][1577.905s][debug][safepoint     ] Safepoint synchronization initiated. (177 threads)
[2023-10-19T21:05:03.376+0000][1577.907s][info ][safepoint     ] Application time: 1.0015075 seconds
[2023-10-19T21:05:03.377+0000][1577.908s][info ][safepoint     ] Entering safepoint region: Cleanup
[2023-10-19T21:05:03.379+0000][1577.909s][info ][safepoint     ] Leaving safepoint region
[2023-10-19T21:05:03.380+0000][1577.910s][info ][safepoint     ] Total time for which application threads were stopped: 0.0024856 seconds, Stopping threads took: 0.0010303 seconds
[2023-10-19T21:05:04.381+0000][1578.911s][debug][safepoint     ] Safepoint synchronization initiated. (177 threads)
[2023-10-19T21:05:04.382+0000][1578.912s][info ][safepoint     ] Application time: 1.0014051 seconds
[2023-10-19T21:05:04.383+0000][1578.913s][info ][safepoint     ] Entering safepoint region: Cleanup
[2023-10-19T21:05:04.384+0000][1578.915s][info ][safepoint     ] Leaving safepoint region
[2023-10-19T21:05:04.385+0000][1578.915s][info ][safepoint     ] Total time for which application threads were stopped: 0.0020671 seconds, Stopping threads took: 0.0009688 seconds
[2023-10-19T21:05:05.386+0000][1579.916s][debug][safepoint     ] Safepoint synchronization initiated. (177 threads)
[2023-10-19T21:05:05.387+0000][1579.917s][info ][safepoint     ] Application time: 1.0010486 seconds
[2023-10-19T21:05:05.387+0000][1579.918s][info ][safepoint     ] Entering safepoint region: Cleanup
[2023-10-19T21:05:05.388+0000][1579.919s][info ][safepoint     ] Leaving safepoint region
[2023-10-19T21:05:05.389+0000][1579.919s][info ][safepoint     ] Total time for which application threads were stopped: 0.0014197 seconds, Stopping threads took: 0.0006993 seconds
[2023-10-19T21:05:06.390+0000][1580.920s][debug][safepoint     ] Safepoint synchronization initiated. (177 threads)
[2023-10-19T21:05:06.391+0000][1580.921s][info ][safepoint     ] Application time: 1.0015534 seconds
[2023-10-19T21:05:06.392+0000][1580.923s][info ][safepoint     ] Entering safepoint region: Cleanup
[2023-10-19T21:05:06.394+0000][1580.924s][info ][safepoint     ] Leaving safepoint region
[2023-10-19T21:05:06.394+0000][1580.925s][info ][safepoint     ] Total time for which application threads were stopped: 0.0025100 seconds, Stopping threads took: 0.0011939 seconds
[2023-10-19T21:05:07.395+0000][1581.926s][debug][safepoint     ] Safepoint synchronization initiated. (177 threads)
[2023-10-19T21:05:07.397+0000][1581.927s][info ][safepoint     ] Application time: 1.0014251 seconds
[2023-10-19T21:05:07.398+0000][1581.928s][info ][safepoint     ] Entering safepoint region: Cleanup
[2023-10-19T21:05:07.399+0000][1581.929s][info ][safepoint     ] Leaving safepoint region
[2023-10-19T21:05:07.400+0000][1581.930s][info ][safepoint     ] Total time for which application threads were stopped: 0.0022586 seconds, Stopping threads took: 0.0009199 seconds
[2023-10-19T21:05:08.401+0000][1582.931s][debug][safepoint     ] Safepoint synchronization initiated. (177 threads)
[2023-10-19T21:05:08.402+0000][1582.932s][info ][safepoint     ] Application time: 1.0015536 seconds
[2023-10-19T21:05:08.403+0000][1582.934s][info ][safepoint     ] Entering safepoint region: Cleanup
[2023-10-19T21:05:08.405+0000][1582.935s][info ][safepoint     ] Leaving safepoint region
[2023-10-19T21:05:08.405+0000][1582.936s][info ][safepoint     ] Total time for which application threads were stopped: 0.0024173 seconds, Stopping threads took: 0.0011560 seconds
[2023-10-19T21:05:09.407+0000][1583.937s][debug][safepoint     ] Safepoint synchronization initiated. (177 threads)
[2023-10-19T21:05:09.408+0000][1583.938s][info ][safepoint     ] Application time: 1.0015118 seconds
[2023-10-19T21:05:09.409+0000][1583.940s][info ][safepoint     ] Entering safepoint region: Cleanup
[2023-10-19T21:05:09.411+0000][1583.941s][info ][safepoint     ] Leaving safepoint region
[2023-10-19T21:05:09.412+0000][1583.942s][info ][safepoint     ] Total time for which application threads were stopped: 0.0024424 seconds, Stopping threads took: 0.0010623 seconds
[2023-10-19T21:05:10.413+0000][1584.943s][debug][safepoint     ] Safepoint synchronization initiated. (177 threads)
[2023-10-19T21:05:10.414+0000][1584.945s][info ][safepoint     ] Application time: 1.0017030 seconds
[2023-10-19T21:05:10.415+0000][1584.946s][info ][safepoint     ] Entering safepoint region: Cleanup
[2023-10-19T21:05:10.417+0000][1584.947s][info ][safepoint     ] Leaving safepoint region
[2023-10-19T21:05:10.418+0000][1584.948s][info ][safepoint     ] Total time for which application threads were stopped: 0.0027199 seconds, Stopping threads took: 0.0011446 seconds
[2023-10-19T21:05:11.419+0000][1585.949s][debug][safepoint     ] Safepoint synchronization initiated. (177 threads)
[2023-10-19T21:05:11.419+0000][1585.950s][info ][safepoint     ] Application time: 1.0005744 seconds
[2023-10-19T21:05:11.420+0000][1585.950s][info ][safepoint     ] Entering safepoint region: Cleanup
[2023-10-19T21:05:11.420+0000][1585.951s][info ][safepoint     ] Leaving safepoint region
[2023-10-19T21:05:11.420+0000][1585.951s][info ][safepoint     ] Total time for which application threads were stopped: 0.0007733 seconds, Stopping threads took: 0.0002975 seconds
[2023-10-19T21:05:12.421+0000][1586.951s][debug][safepoint     ] Safepoint synchronization initiated. (177 threads)
[2023-10-19T21:05:12.422+0000][1586.953s][info ][safepoint     ] Application time: 1.0013383 seconds
[2023-10-19T21:05:12.423+0000][1586.954s][info ][safepoint     ] Entering safepoint region: Cleanup
[2023-10-19T21:05:12.424+0000][1586.955s][info ][safepoint     ] Leaving safepoint region
[2023-10-19T21:05:12.425+0000][1586.956s][info ][safepoint     ] Total time for which application threads were stopped: 0.0022750 seconds, Stopping threads took: 0.0010021 seconds
[2023-10-19T21:05:13.426+0000][1587.957s][debug][safepoint     ] Safepoint synchronization initiated. (177 threads)
[2023-10-19T21:05:13.427+0000][1587.958s][info ][safepoint     ] Application time: 1.0013714 seconds
[2023-10-19T21:05:13.428+0000][1587.959s][info ][safepoint     ] Entering safepoint region: Cleanup
[2023-10-19T21:05:13.430+0000][1587.960s][info ][safepoint     ] Leaving safepoint region
[2023-10-19T21:05:13.431+0000][1587.961s][info ][safepoint     ] Total time for which application threads were stopped: 0.0022014 seconds, Stopping threads took: 0.0010190 seconds
[2023-10-19T21:05:14.432+0000][1588.962s][debug][safepoint     ] Safepoint synchronization initiated. (177 threads)
[2023-10-19T21:05:14.433+0000][1588.963s][info ][safepoint     ] Application time: 1.0014925 seconds
[2023-10-19T21:05:14.434+0000][1588.965s][info ][safepoint     ] Entering safepoint region: Cleanup
[2023-10-19T21:05:14.436+0000][1588.966s][info ][safepoint     ] Leaving safepoint region
[2023-10-19T21:05:14.437+0000][1588.967s][info ][safepoint     ] Total time for which application threads were stopped: 0.0026932 seconds, Stopping threads took: 0.0010749 seconds
[2023-10-19T21:05:15.438+0000][1589.968s][debug][safepoint     ] Safepoint synchronization initiated. (177 threads)
[2023-10-19T21:05:15.439+0000][1589.969s][info ][safepoint     ] Application time: 1.0012028 seconds
[2023-10-19T21:05:15.440+0000][1589.970s][info ][safepoint     ] Entering safepoint region: Cleanup
[2023-10-19T21:05:15.441+0000][1589.972s][info ][safepoint     ] Leaving safepoint region
[2023-10-19T21:05:15.442+0000][1589.973s][info ][safepoint     ] Total time for which application threads were stopped: 0.0021942 seconds, Stopping threads took: 0.0010450 seconds
[2023-10-19T21:05:16.443+0000][1590.974s][debug][safepoint     ] Safepoint synchronization initiated. (177 threads)
[2023-10-19T21:05:16.444+0000][1590.974s][info ][safepoint     ] Application time: 1.0008679 seconds
[2023-10-19T21:05:16.444+0000][1590.975s][info ][safepoint     ] Entering safepoint region: Cleanup
[2023-10-19T21:05:16.445+0000][1590.975s][info ][safepoint     ] Leaving safepoint region
[2023-10-19T21:05:16.445+0000][1590.976s][info ][safepoint     ] Total time for which application threads were stopped: 0.0011670 seconds, Stopping threads took: 0.0005271 seconds
[2023-10-19T21:05:17.446+0000][1591.977s][debug][safepoint     ] Safepoint synchronization initiated. (177 threads)
[2023-10-19T21:05:17.447+0000][1591.977s][info ][safepoint     ] Application time: 1.0008694 seconds
[2023-10-19T21:05:17.448+0000][1591.978s][info ][safepoint     ] Entering safepoint region: Cleanup
[2023-10-19T21:05:17.449+0000][1591.979s][info ][safepoint     ] Leaving safepoint region
[2023-10-19T21:05:17.449+0000][1591.980s][info ][safepoint     ] Total time for which application threads were stopped: 0.0014597 seconds, Stopping threads took: 0.0007159 seconds
[2023-10-19T21:05:18.450+0000][1592.980s][debug][safepoint     ] Safepoint synchronization initiated. (177 threads)
[2023-10-19T21:05:18.450+0000][1592.981s][info ][safepoint     ] Application time: 1.0008992 seconds
[2023-10-19T21:05:18.451+0000][1592.982s][info ][safepoint     ] Entering safepoint region: Cleanup
[2023-10-19T21:05:18.452+0000][1592.982s][info ][safepoint     ] Leaving safepoint region
[2023-10-19T21:05:18.452+0000][1592.983s][info ][safepoint     ] Total time for which application threads were stopped: 0.0012842 seconds, Stopping threads took: 0.0005804 seconds
[2023-10-19T21:05:19.453+0000][1593.984s][debug][safepoint     ] Safepoint synchronization initiated. (177 threads)
[2023-10-19T21:05:19.454+0000][1593.985s][info ][safepoint     ] Application time: 1.0014807 seconds
[2023-10-19T21:05:19.455+0000][1593.986s][info ][safepoint     ] Entering safepoint region: Cleanup
[2023-10-19T21:05:19.457+0000][1593.987s][info ][safepoint     ] Leaving safepoint region
[2023-10-19T21:05:19.457+0000][1593.988s][info ][safepoint     ] Total time for which application threads were stopped: 0.0020570 seconds, Stopping threads took: 0.0010327 seconds
[2023-10-19T21:05:20.459+0000][1594.989s][debug][safepoint     ] Safepoint synchronization initiated. (177 threads)
[2023-10-19T21:05:20.460+0000][1594.990s][info ][safepoint     ] Application time: 1.0013119 seconds
[2023-10-19T21:05:20.460+0000][1594.991s][info ][safepoint     ] Entering safepoint region: Cleanup
[2023-10-19T21:05:20.462+0000][1594.992s][info ][safepoint     ] Leaving safepoint region
[2023-10-19T21:05:20.462+0000][1594.993s][info ][safepoint     ] Total time for which application threads were stopped: 0.0019675 seconds, Stopping threads took: 0.0008498 seconds
[2023-10-19T21:05:21.464+0000][1595.994s][debug][safepoint     ] Safepoint synchronization initiated. (177 threads)
[2023-10-19T21:05:21.465+0000][1595.995s][info ][safepoint     ] Application time: 1.0016885 seconds
[2023-10-19T21:05:21.466+0000][1595.996s][info ][safepoint     ] Entering safepoint region: Cleanup
[2023-10-19T21:05:21.467+0000][1595.998s][info ][safepoint     ] Leaving safepoint region
[2023-10-19T21:05:21.468+0000][1595.999s][info ][safepoint     ] Total time for which application threads were stopped: 0.0022835 seconds, Stopping threads took: 0.0010348 seconds
[2023-10-19T21:05:22.469+0000][1597.000s][debug][safepoint     ] Safepoint synchronization initiated. (177 threads)
[2023-10-19T21:05:22.470+0000][1597.001s][info ][safepoint     ] Application time: 1.0012170 seconds
[2023-10-19T21:05:22.471+0000][1597.001s][info ][safepoint     ] Entering safepoint region: Cleanup
[2023-10-19T21:05:22.471+0000][1597.002s][info ][safepoint     ] Leaving safepoint region
[2023-10-19T21:05:22.472+0000][1597.002s][info ][safepoint     ] Total time for which application threads were stopped: 0.0011840 seconds, Stopping threads took: 0.0004579 seconds
[2023-10-19T21:05:23.472+0000][1598.003s][debug][safepoint     ] Safepoint synchronization initiated. (177 threads)
[2023-10-19T21:05:23.473+0000][1598.005s][info ][safepoint     ] Application time: 1.0015639 seconds
[2023-10-19T21:05:23.474+0000][1598.006s][info ][safepoint     ] Entering safepoint region: Cleanup
[2023-10-19T21:05:23.476+0000][1598.007s][info ][safepoint     ] Leaving safepoint region
[2023-10-19T21:05:23.477+0000][1598.008s][info ][safepoint     ] Total time for which application threads were stopped: 0.0024564 seconds, Stopping threads took: 0.0010110 seconds
[2023-10-19T21:05:24.478+0000][1599.009s][debug][safepoint     ] Safepoint synchronization initiated. (177 threads)
[2023-10-19T21:05:24.479+0000][1599.010s][info ][safepoint     ] Application time: 1.0009340 seconds
[2023-10-19T21:05:24.479+0000][1599.011s][info ][safepoint     ] Entering safepoint region: Cleanup
[2023-10-19T21:05:24.480+0000][1599.012s][info ][safepoint     ] Leaving safepoint region
[2023-10-19T21:05:24.481+0000][1599.013s][info ][safepoint     ] Total time for which application threads were stopped: 0.0020647 seconds, Stopping threads took: 0.0004911 seconds
[2023-10-19T21:05:25.483+0000][1600.014s][debug][safepoint     ] Safepoint synchronization initiated. (177 threads)
[2023-10-19T21:05:25.484+0000][1600.015s][info ][safepoint     ] Application time: 1.0014726 seconds
[2023-10-19T21:05:25.485+0000][1600.016s][info ][safepoint     ] Entering safepoint region: Cleanup
[2023-10-19T21:05:25.486+0000][1600.017s][info ][safepoint     ] Leaving safepoint region
[2023-10-19T21:05:25.487+0000][1600.018s][info ][safepoint     ] Total time for which application threads were stopped: 0.0021087 seconds, Stopping threads took: 0.0007832 seconds
[2023-10-19T21:05:25.486+0000][1600.017s][debug][safepoint     ] ... found polling page return exception at pc = 0x00007fbdb0cb92c4, stub =0x00007fbda8840600
[2023-10-19T21:05:25.486+0000][1600.017s][debug][safepoint     ] ... found polling page return exception at pc = 0x00007fbdb0cb92c4, stub =0x00007fbda8840600
[2023-10-19T21:05:26.488+0000][1601.019s][debug][safepoint     ] Safepoint synchronization initiated. (177 threads)
[2023-10-19T21:05:26.489+0000][1601.021s][info ][safepoint     ] Application time: 1.0013838 seconds
[2023-10-19T21:05:26.490+0000][1601.022s][info ][safepoint     ] Entering safepoint region: Cleanup
[2023-10-19T21:05:26.492+0000][1601.023s][info ][safepoint     ] Leaving safepoint region
[2023-10-19T21:05:26.493+0000][1601.024s][info ][safepoint     ] Total time for which application threads were stopped: 0.0024810 seconds, Stopping threads took: 0.0011339 seconds
[2023-10-19T21:05:27.494+0000][1602.025s][debug][safepoint     ] Safepoint synchronization initiated. (177 threads)
[2023-10-19T21:05:27.495+0000][1602.026s][info ][safepoint     ] Application time: 1.0013542 seconds
[2023-10-19T21:05:27.496+0000][1602.027s][info ][safepoint     ] Entering safepoint region: Cleanup
[2023-10-19T21:05:27.498+0000][1602.029s][info ][safepoint     ] Leaving safepoint region
[2023-10-19T21:05:27.498+0000][1602.030s][info ][safepoint     ] Total time for which application threads were stopped: 0.0024391 seconds, Stopping threads took: 0.0010031 seconds
[2023-10-19T21:05:28.500+0000][1603.031s][debug][safepoint     ] Safepoint synchronization initiated. (177 threads)
[2023-10-19T21:05:28.501+0000][1603.032s][info ][safepoint     ] Application time: 1.0015658 seconds
[2023-10-19T21:05:28.502+0000][1603.033s][info ][safepoint     ] Entering safepoint region: Cleanup
[2023-10-19T21:05:28.504+0000][1603.035s][info ][safepoint     ] Leaving safepoint region
[2023-10-19T21:05:28.505+0000][1603.036s][info ][safepoint     ] Total time for which application threads were stopped: 0.0027226 seconds, Stopping threads took: 0.0013136 seconds
[2023-10-19T21:05:29.506+0000][1604.037s][debug][safepoint     ] Safepoint synchronization initiated. (177 threads)
[2023-10-19T21:05:29.507+0000][1604.039s][info ][safepoint     ] Application time: 1.0016770 seconds
[2023-10-19T21:05:29.509+0000][1604.040s][debug][safepoint     ] ... found polling page return exception at pc = 0x00007fbdb0a9d3f6, stub =0x00007fbda8840600
[2023-10-19T21:05:29.509+0000][1604.040s][debug][safepoint     ] ... found polling page return exception at pc = 0x00007fbdb0a934f4, stub =0x00007fbda8840600
[2023-10-19T21:05:29.511+0000][1604.042s][debug][safepoint     ] Waiting for 2 thread(s) to block
[2023-10-19T21:05:29.512+0000][1604.044s][info ][safepoint     ] Entering safepoint region: Cleanup
[2023-10-19T21:05:29.513+0000][1604.045s][info ][safepoint     ] Leaving safepoint region
[2023-10-19T21:05:29.514+0000][1604.045s][info ][safepoint     ] Total time for which application threads were stopped: 0.0055273 seconds, Stopping threads took: 0.0044028 seconds
[2023-10-19T21:05:30.515+0000][1605.046s][debug][safepoint     ] Safepoint synchronization initiated. (177 threads)
[2023-10-19T21:05:30.516+0000][1605.048s][info ][safepoint     ] Application time: 1.0015436 seconds
[2023-10-19T21:05:30.518+0000][1605.049s][info ][safepoint     ] Entering safepoint region: Cleanup
[2023-10-19T21:05:30.519+0000][1605.051s][info ][safepoint     ] Leaving safepoint region
[2023-10-19T21:05:30.520+0000][1605.052s][info ][safepoint     ] Total time for which application threads were stopped: 0.0026946 seconds, Stopping threads took: 0.0012128 seconds
[2023-10-19T21:05:30.519+0000][1605.051s][debug][safepoint     ] ... found polling page return exception at pc = 0x00007fbdb0cb92c4, stub =0x00007fbda8840600
[2023-10-19T21:05:30.519+0000][1605.051s][debug][safepoint     ] ... found polling page return exception at pc = 0x00007fbdb0cb92c4, stub =0x00007fbda8840600
[2023-10-19T21:05:30.519+0000][1605.051s][debug][safepoint     ] ... found polling page return exception at pc = 0x00007fbdb0cb92c4, stub =0x00007fbda8840600
[2023-10-19T21:05:30.519+0000][1605.051s][debug][safepoint     ] ... found polling page return exception at pc = 0x00007fbdb0cb92c4, stub =0x00007fbda8840600
[2023-10-19T21:05:30.519+0000][1605.051s][debug][safepoint     ] ... found polling page return exception at pc = 0x00007fbdb0cb92c4, stub =0x00007fbda8840600
[2023-10-19T21:05:30.519+0000][1605.051s][debug][safepoint     ] ... found polling page return exception at pc = 0x00007fbdb0cb92c4, stub =0x00007fbda8840600
[2023-10-19T21:05:30.519+0000][1605.051s][debug][safepoint     ] ... found polling page return exception at pc = 0x00007fbdb0cb92c4, stub =0x00007fbda8840600
[2023-10-19T21:05:31.522+0000][1606.053s][debug][safepoint     ] Safepoint synchronization initiated. (177 threads)
[2023-10-19T21:05:31.523+0000][1606.054s][info ][safepoint     ] Application time: 1.0015897 seconds
[2023-10-19T21:05:31.524+0000][1606.056s][info ][safepoint     ] Entering safepoint region: Cleanup
[2023-10-19T21:05:31.525+0000][1606.057s][info ][safepoint     ] Leaving safepoint region
[2023-10-19T21:05:31.527+0000][1606.058s][info ][safepoint     ] Total time for which application threads were stopped: 0.0024978 seconds, Stopping threads took: 0.0009338 seconds
[2023-10-19T21:05:32.528+0000][1607.059s][debug][safepoint     ] Safepoint synchronization initiated. (177 threads)
[2023-10-19T21:05:32.529+0000][1607.061s][info ][safepoint     ] Application time: 1.0015310 seconds
[2023-10-19T21:05:32.530+0000][1607.061s][info ][safepoint     ] Entering safepoint region: Cleanup
[2023-10-19T21:05:32.531+0000][1607.063s][info ][safepoint     ] Leaving safepoint region
[2023-10-19T21:05:32.532+0000][1607.063s][info ][safepoint     ] Total time for which application threads were stopped: 0.0019946 seconds, Stopping threads took: 0.0009287 seconds
[2023-10-19T21:05:33.533+0000][1608.064s][debug][safepoint     ] Safepoint synchronization initiated. (177 threads)
[2023-10-19T21:05:33.534+0000][1608.065s][info ][safepoint     ] Application time: 1.0013367 seconds
[2023-10-19T21:05:33.535+0000][1608.066s][info ][safepoint     ] Entering safepoint region: Cleanup
[2023-10-19T21:05:33.536+0000][1608.067s][info ][safepoint     ] Leaving safepoint region
[2023-10-19T21:05:33.536+0000][1608.068s][info ][safepoint     ] Total time for which application threads were stopped: 0.0017029 seconds, Stopping threads took: 0.0009339 seconds
[2023-10-19T21:05:34.537+0000][1609.069s][debug][safepoint     ] Safepoint synchronization initiated. (177 threads)
[2023-10-19T21:05:34.538+0000][1609.070s][info ][safepoint     ] Application time: 1.0014209 seconds
[2023-10-19T21:05:34.540+0000][1609.071s][info ][safepoint     ] Entering safepoint region: Cleanup
[2023-10-19T21:05:34.541+0000][1609.073s][info ][safepoint     ] Leaving safepoint region
[2023-10-19T21:05:34.542+0000][1609.073s][info ][safepoint     ] Total time for which application threads were stopped: 0.0023924 seconds, Stopping threads took: 0.0012640 seconds
[2023-10-19T21:05:35.543+0000][1610.074s][debug][safepoint     ] Safepoint synchronization initiated. (177 threads)
[2023-10-19T21:05:35.544+0000][1610.076s][info ][safepoint     ] Application time: 1.0014655 seconds
[2023-10-19T21:05:35.545+0000][1610.077s][info ][safepoint     ] Entering safepoint region: Cleanup
[2023-10-19T21:05:35.547+0000][1610.078s][info ][safepoint     ] Leaving safepoint region
[2023-10-19T21:05:35.547+0000][1610.079s][info ][safepoint     ] Total time for which application threads were stopped: 0.0023833 seconds, Stopping threads took: 0.0011631 seconds
[2023-10-19T21:05:36.549+0000][1611.080s][debug][safepoint     ] Safepoint synchronization initiated. (177 threads)
[2023-10-19T21:05:36.550+0000][1611.081s][info ][safepoint     ] Application time: 1.0015949 seconds
[2023-10-19T21:05:36.551+0000][1611.082s][info ][safepoint     ] Entering safepoint region: Cleanup
[2023-10-19T21:05:36.553+0000][1611.084s][info ][safepoint     ] Leaving safepoint region
[2023-10-19T21:05:36.554+0000][1611.085s][info ][safepoint     ] Total time for which application threads were stopped: 0.0025546 seconds, Stopping threads took: 0.0011653 seconds
[2023-10-19T21:05:37.555+0000][1612.086s][debug][safepoint     ] Safepoint synchronization initiated. (177 threads)
[2023-10-19T21:05:37.556+0000][1612.087s][info ][safepoint     ] Application time: 1.0012514 seconds
[2023-10-19T21:05:37.557+0000][1612.088s][info ][safepoint     ] Entering safepoint region: Cleanup
[2023-10-19T21:05:37.558+0000][1612.089s][info ][safepoint     ] Leaving safepoint region
[2023-10-19T21:05:37.559+0000][1612.090s][info ][safepoint     ] Total time for which application threads were stopped: 0.0017697 seconds, Stopping threads took: 0.0007388 seconds
[2023-10-19T21:05:38.559+0000][1613.091s][debug][safepoint     ] Safepoint synchronization initiated. (177 threads)
[2023-10-19T21:05:38.561+0000][1613.092s][info ][safepoint     ] Application time: 1.0014868 seconds
[2023-10-19T21:05:38.562+0000][1613.093s][info ][safepoint     ] Entering safepoint region: Cleanup
[2023-10-19T21:05:38.563+0000][1613.094s][info ][safepoint     ] Leaving safepoint region
[2023-10-19T21:05:38.564+0000][1613.095s][info ][safepoint     ] Total time for which application threads were stopped: 0.0022551 seconds, Stopping threads took: 0.0010388 seconds
[2023-10-19T21:05:39.565+0000][1614.096s][debug][safepoint     ] Safepoint synchronization initiated. (177 threads)
[2023-10-19T21:05:39.566+0000][1614.097s][info ][safepoint     ] Application time: 1.0013617 seconds
[2023-10-19T21:05:39.567+0000][1614.098s][info ][safepoint     ] Entering safepoint region: Cleanup
[2023-10-19T21:05:39.568+0000][1614.100s][info ][safepoint     ] Leaving safepoint region
[2023-10-19T21:05:39.569+0000][1614.100s][info ][safepoint     ] Total time for which application threads were stopped: 0.0021001 seconds, Stopping threads took: 0.0008647 seconds
[2023-10-19T21:05:40.570+0000][1615.101s][debug][safepoint     ] Safepoint synchronization initiated. (177 threads)
[2023-10-19T21:05:40.571+0000][1615.102s][info ][safepoint     ] Application time: 1.0011215 seconds
[2023-10-19T21:05:40.572+0000][1615.103s][info ][safepoint     ] Entering safepoint region: Cleanup
[2023-10-19T21:05:40.573+0000][1615.104s][info ][safepoint     ] Leaving safepoint region
[2023-10-19T21:05:40.573+0000][1615.105s][info ][safepoint     ] Total time for which application threads were stopped: 0.0017445 seconds, Stopping threads took: 0.0007808 seconds
[2023-10-19T21:05:41.574+0000][1616.106s][debug][safepoint     ] Safepoint synchronization initiated. (177 threads)
[2023-10-19T21:05:41.575+0000][1616.107s][info ][safepoint     ] Application time: 1.0010038 seconds
[2023-10-19T21:05:41.576+0000][1616.107s][info ][safepoint     ] Entering safepoint region: Cleanup
[2023-10-19T21:05:41.577+0000][1616.108s][info ][safepoint     ] Leaving safepoint region
[2023-10-19T21:05:41.577+0000][1616.109s][info ][safepoint     ] Total time for which application threads were stopped: 0.0015134 seconds, Stopping threads took: 0.0006638 seconds
[2023-10-19T21:05:42.578+0000][1617.110s][debug][safepoint     ] Safepoint synchronization initiated. (177 threads)
[2023-10-19T21:05:42.580+0000][1617.111s][info ][safepoint     ] Application time: 1.0016508 seconds
[2023-10-19T21:05:42.581+0000][1617.112s][info ][safepoint     ] Entering safepoint region: Cleanup
[2023-10-19T21:05:42.582+0000][1617.114s][info ][safepoint     ] Leaving safepoint region
[2023-10-19T21:05:42.583+0000][1617.115s][info ][safepoint     ] Total time for which application threads were stopped: 0.0024454 seconds, Stopping threads took: 0.0011478 seconds
[2023-10-19T21:05:43.584+0000][1618.116s][debug][safepoint     ] Safepoint synchronization initiated. (177 threads)
[2023-10-19T21:05:43.586+0000][1618.117s][info ][safepoint     ] Application time: 1.0014655 seconds
[2023-10-19T21:05:43.587+0000][1618.118s][info ][safepoint     ] Entering safepoint region: Cleanup
[2023-10-19T21:05:43.588+0000][1618.119s][info ][safepoint     ] Leaving safepoint region
[2023-10-19T21:05:43.589+0000][1618.120s][info ][safepoint     ] Total time for which application threads were stopped: 0.0022844 seconds, Stopping threads took: 0.0010023 seconds
[2023-10-19T21:05:44.590+0000][1619.121s][debug][safepoint     ] Safepoint synchronization initiated. (177 threads)
[2023-10-19T21:05:44.591+0000][1619.123s][info ][safepoint     ] Application time: 1.0014900 seconds
[2023-10-19T21:05:44.592+0000][1619.124s][info ][safepoint     ] Entering safepoint region: Cleanup
[2023-10-19T21:05:44.594+0000][1619.125s][info ][safepoint     ] Leaving safepoint region
[2023-10-19T21:05:44.594+0000][1619.126s][info ][safepoint     ] Total time for which application threads were stopped: 0.0021073 seconds, Stopping threads took: 0.0010487 seconds
[2023-10-19T21:05:45.595+0000][1620.127s][debug][safepoint     ] Safepoint synchronization initiated. (177 threads)
[2023-10-19T21:05:45.596+0000][1620.127s][info ][safepoint     ] Application time: 1.0006655 seconds
[2023-10-19T21:05:45.596+0000][1620.127s][info ][safepoint     ] Entering safepoint region: Cleanup
[2023-10-19T21:05:45.597+0000][1620.128s][info ][safepoint     ] Leaving safepoint region
[2023-10-19T21:05:45.597+0000][1620.128s][info ][safepoint     ] Total time for which application threads were stopped: 0.0011025 seconds, Stopping threads took: 0.0004278 seconds
[2023-10-19T21:05:46.598+0000][1621.129s][debug][safepoint     ] Safepoint synchronization initiated. (177 threads)
[2023-10-19T21:05:46.599+0000][1621.130s][info ][safepoint     ] Application time: 1.0013238 seconds
[2023-10-19T21:05:46.600+0000][1621.131s][info ][safepoint     ] Entering safepoint region: Cleanup
[2023-10-19T21:05:46.601+0000][1621.132s][info ][safepoint     ] Leaving safepoint region
[2023-10-19T21:05:46.602+0000][1621.133s][info ][safepoint     ] Total time for which application threads were stopped: 0.0019149 seconds, Stopping threads took: 0.0007843 seconds
[2023-10-19T21:05:47.603+0000][1622.134s][debug][safepoint     ] Safepoint synchronization initiated. (177 threads)
[2023-10-19T21:05:47.603+0000][1622.135s][info ][safepoint     ] Application time: 1.0008738 seconds
[2023-10-19T21:05:47.604+0000][1622.135s][info ][safepoint     ] Entering safepoint region: Cleanup
[2023-10-19T21:05:47.604+0000][1622.136s][info ][safepoint     ] Leaving safepoint region
[2023-10-19T21:05:47.605+0000][1622.136s][info ][safepoint     ] Total time for which application threads were stopped: 0.0010562 seconds, Stopping threads took: 0.0004374 seconds
[2023-10-19T21:05:48.605+0000][1623.136s][debug][safepoint     ] Safepoint synchronization initiated. (177 threads)
[2023-10-19T21:05:48.606+0000][1623.137s][info ][safepoint     ] Application time: 1.0010425 seconds
[2023-10-19T21:05:48.607+0000][1623.138s][info ][safepoint     ] Entering safepoint region: Cleanup
[2023-10-19T21:05:48.608+0000][1623.140s][info ][safepoint     ] Leaving safepoint region
[2023-10-19T21:05:48.609+0000][1623.141s][info ][safepoint     ] Total time for which application threads were stopped: 0.0023079 seconds, Stopping threads took: 0.0010675 seconds
[2023-10-19T21:05:49.610+0000][1624.142s][debug][safepoint     ] Safepoint synchronization initiated. (177 threads)
[2023-10-19T21:05:49.611+0000][1624.143s][info ][safepoint     ] Application time: 1.0014442 seconds
[2023-10-19T21:05:49.613+0000][1624.144s][info ][safepoint     ] Entering safepoint region: Cleanup
[2023-10-19T21:05:49.614+0000][1624.145s][info ][safepoint     ] Leaving safepoint region
[2023-10-19T21:05:49.614+0000][1624.146s][info ][safepoint     ] Total time for which application threads were stopped: 0.0019367 seconds, Stopping threads took: 0.0009482 seconds
[2023-10-19T21:05:50.615+0000][1625.146s][debug][safepoint     ] Safepoint synchronization initiated. (177 threads)
[2023-10-19T21:05:50.616+0000][1625.147s][info ][safepoint     ] Application time: 1.0010813 seconds
[2023-10-19T21:05:50.617+0000][1625.148s][info ][safepoint     ] Entering safepoint region: Cleanup
[2023-10-19T21:05:50.618+0000][1625.149s][info ][safepoint     ] Leaving safepoint region
[2023-10-19T21:05:50.618+0000][1625.150s][info ][safepoint     ] Total time for which application threads were stopped: 0.0016280 seconds, Stopping threads took: 0.0007424 seconds
[2023-10-19T21:05:51.619+0000][1626.151s][debug][safepoint     ] Safepoint synchronization initiated. (177 threads)
[2023-10-19T21:05:51.621+0000][1626.152s][info ][safepoint     ] Application time: 1.0015026 seconds
[2023-10-19T21:05:51.622+0000][1626.153s][info ][safepoint     ] Entering safepoint region: Cleanup
[2023-10-19T21:05:51.623+0000][1626.154s][info ][safepoint     ] Leaving safepoint region
[2023-10-19T21:05:51.624+0000][1626.155s][info ][safepoint     ] Total time for which application threads were stopped: 0.0024686 seconds, Stopping threads took: 0.0011520 seconds
[2023-10-19T21:05:52.625+0000][1627.156s][debug][safepoint     ] Safepoint synchronization initiated. (177 threads)
[2023-10-19T21:05:52.626+0000][1627.157s][info ][safepoint     ] Application time: 1.0009003 seconds
[2023-10-19T21:05:52.626+0000][1627.158s][info ][safepoint     ] Entering safepoint region: Cleanup
[2023-10-19T21:05:52.627+0000][1627.158s][info ][safepoint     ] Leaving safepoint region
[2023-10-19T21:05:52.627+0000][1627.159s][info ][safepoint     ] Total time for which application threads were stopped: 0.0012791 seconds, Stopping threads took: 0.0005790 seconds
[2023-10-19T21:05:53.628+0000][1628.160s][debug][safepoint     ] Safepoint synchronization initiated. (177 threads)
[2023-10-19T21:05:53.630+0000][1628.161s][info ][safepoint     ] Application time: 1.0015963 seconds
[2023-10-19T21:05:53.631+0000][1628.162s][info ][safepoint     ] Entering safepoint region: Cleanup
[2023-10-19T21:05:53.632+0000][1628.163s][info ][safepoint     ] Leaving safepoint region
[2023-10-19T21:05:53.633+0000][1628.164s][info ][safepoint     ] Total time for which application threads were stopped: 0.0024908 seconds, Stopping threads took: 0.0010479 seconds
[2023-10-19T21:05:54.634+0000][1629.166s][debug][safepoint     ] Safepoint synchronization initiated. (177 threads)
[2023-10-19T21:05:54.635+0000][1629.166s][info ][safepoint     ] Application time: 1.0007260 seconds
[2023-10-19T21:05:54.635+0000][1629.167s][info ][safepoint     ] Entering safepoint region: Cleanup
[2023-10-19T21:05:54.636+0000][1629.167s][info ][safepoint     ] Leaving safepoint region
[2023-10-19T21:05:54.636+0000][1629.168s][info ][safepoint     ] Total time for which application threads were stopped: 0.0011489 seconds, Stopping threads took: 0.0004960 seconds
[2023-10-19T21:05:55.637+0000][1630.168s][debug][safepoint     ] Safepoint synchronization initiated. (177 threads)
[2023-10-19T21:05:55.638+0000][1630.169s][info ][safepoint     ] Application time: 1.0011015 seconds
[2023-10-19T21:05:55.639+0000][1630.170s][info ][safepoint     ] Entering safepoint region: Cleanup
[2023-10-19T21:05:55.640+0000][1630.171s][info ][safepoint     ] Leaving safepoint region
[2023-10-19T21:05:55.640+0000][1630.172s][info ][safepoint     ] Total time for which application threads were stopped: 0.0017170 seconds, Stopping threads took: 0.0007247 seconds
[2023-10-19T21:05:56.641+0000][1631.172s][debug][safepoint     ] Safepoint synchronization initiated. (177 threads)
[2023-10-19T21:05:56.643+0000][1631.174s][info ][safepoint     ] Application time: 1.0014241 seconds
[2023-10-19T21:05:56.644+0000][1631.175s][info ][safepoint     ] Entering safepoint region: Cleanup
[2023-10-19T21:05:56.645+0000][1631.177s][info ][safepoint     ] Leaving safepoint region
[2023-10-19T21:05:56.646+0000][1631.178s][info ][safepoint     ] Total time for which application threads were stopped: 0.0026568 seconds, Stopping threads took: 0.0011018 seconds
[2023-10-19T21:05:57.647+0000][1632.179s][debug][safepoint     ] Safepoint synchronization initiated. (177 threads)
[2023-10-19T21:05:57.649+0000][1632.180s][info ][safepoint     ] Application time: 1.0016884 seconds
[2023-10-19T21:05:57.650+0000][1632.181s][info ][safepoint     ] Entering safepoint region: Cleanup
[2023-10-19T21:05:57.651+0000][1632.183s][info ][safepoint     ] Leaving safepoint region
[2023-10-19T21:05:57.652+0000][1632.184s][info ][safepoint     ] Total time for which application threads were stopped: 0.0024005 seconds, Stopping threads took: 0.0010405 seconds
[2023-10-19T21:05:58.654+0000][1633.185s][debug][safepoint     ] Safepoint synchronization initiated. (176 threads)
[2023-10-19T21:05:58.655+0000][1633.186s][info ][safepoint     ] Application time: 1.0013962 seconds
[2023-10-19T21:05:58.656+0000][1633.187s][info ][safepoint     ] Entering safepoint region: Cleanup
[2023-10-19T21:05:58.657+0000][1633.189s][info ][safepoint     ] Leaving safepoint region
[2023-10-19T21:05:58.658+0000][1633.189s][info ][safepoint     ] Total time for which application threads were stopped: 0.0022700 seconds, Stopping threads took: 0.0010966 seconds
[2023-10-19T21:05:59.659+0000][1634.190s][debug][safepoint     ] Safepoint synchronization initiated. (176 threads)
[2023-10-19T21:05:59.660+0000][1634.191s][info ][safepoint     ] Application time: 1.0006398 seconds
[2023-10-19T21:05:59.660+0000][1634.191s][info ][safepoint     ] Entering safepoint region: Cleanup
[2023-10-19T21:05:59.661+0000][1634.192s][info ][safepoint     ] Leaving safepoint region
[2023-10-19T21:05:59.661+0000][1634.192s][info ][safepoint     ] Total time for which application threads were stopped: 0.0009974 seconds, Stopping threads took: 0.0004255 seconds
[2023-10-19T21:06:00.661+0000][1635.193s][debug][safepoint     ] Safepoint synchronization initiated. (176 threads)
[2023-10-19T21:06:00.663+0000][1635.194s][info ][safepoint     ] Application time: 1.0014673 seconds
[2023-10-19T21:06:00.664+0000][1635.195s][info ][safepoint     ] Entering safepoint region: Cleanup
[2023-10-19T21:06:00.665+0000][1635.196s][info ][safepoint     ] Leaving safepoint region
[2023-10-19T21:06:00.666+0000][1635.197s][info ][safepoint     ] Total time for which application threads were stopped: 0.0025817 seconds, Stopping threads took: 0.0010946 seconds
[2023-10-19T21:06:01.667+0000][1636.198s][debug][safepoint     ] Safepoint synchronization initiated. (177 threads)
[2023-10-19T21:06:01.669+0000][1636.200s][info ][safepoint     ] Application time: 1.0015828 seconds
[2023-10-19T21:06:01.670+0000][1636.201s][info ][safepoint     ] Entering safepoint region: Cleanup
[2023-10-19T21:06:01.671+0000][1636.202s][info ][safepoint     ] Leaving safepoint region
[2023-10-19T21:06:01.672+0000][1636.203s][info ][safepoint     ] Total time for which application threads were stopped: 0.0023620 seconds, Stopping threads took: 0.0009034 seconds
[2023-10-19T21:06:02.673+0000][1637.204s][debug][safepoint     ] Safepoint synchronization initiated. (177 threads)
[2023-10-19T21:06:02.674+0000][1637.206s][info ][safepoint     ] Application time: 1.0016717 seconds
[2023-10-19T21:06:02.675+0000][1637.207s][info ][safepoint     ] Entering safepoint region: Cleanup
[2023-10-19T21:06:02.677+0000][1637.208s][info ][safepoint     ] Leaving safepoint region
[2023-10-19T21:06:02.678+0000][1637.209s][info ][safepoint     ] Total time for which application threads were stopped: 0.0022641 seconds, Stopping threads took: 0.0009491 seconds
[2023-10-19T21:06:03.679+0000][1638.210s][debug][safepoint     ] Safepoint synchronization initiated. (177 threads)
[2023-10-19T21:06:03.680+0000][1638.211s][info ][safepoint     ] Application time: 1.0017117 seconds
[2023-10-19T21:06:03.681+0000][1638.212s][info ][safepoint     ] Entering safepoint region: Cleanup
[2023-10-19T21:06:03.683+0000][1638.214s][info ][safepoint     ] Leaving safepoint region
[2023-10-19T21:06:03.684+0000][1638.215s][info ][safepoint     ] Total time for which application threads were stopped: 0.0025215 seconds, Stopping threads took: 0.0009845 seconds
[2023-10-19T21:06:04.685+0000][1639.216s][debug][safepoint     ] Safepoint synchronization initiated. (177 threads)
[2023-10-19T21:06:04.686+0000][1639.217s][info ][safepoint     ] Application time: 1.0013453 seconds
[2023-10-19T21:06:04.687+0000][1639.218s][debug][safepoint     ] ... found polling page loop exception at pc = 0x00007fbdb12cd5e6, stub =0x00007fbda8843680
[2023-10-19T21:06:04.688+0000][1639.219s][debug][safepoint     ] Waiting for 1 thread(s) to block
[2023-10-19T21:06:04.689+0000][1639.220s][info ][safepoint     ] Entering safepoint region: Cleanup
[2023-10-19T21:06:04.690+0000][1639.221s][info ][safepoint     ] Leaving safepoint region
[2023-10-19T21:06:04.691+0000][1639.222s][info ][safepoint     ] Total time for which application threads were stopped: 0.0037629 seconds, Stopping threads took: 0.0029927 seconds
[2023-10-19T21:06:05.691+0000][1640.223s][debug][safepoint     ] Safepoint synchronization initiated. (177 threads)
[2023-10-19T21:06:05.692+0000][1640.224s][info ][safepoint     ] Application time: 1.0011302 seconds
[2023-10-19T21:06:05.693+0000][1640.224s][info ][safepoint     ] Entering safepoint region: Cleanup
[2023-10-19T21:06:05.694+0000][1640.225s][info ][safepoint     ] Leaving safepoint region
[2023-10-19T21:06:05.695+0000][1640.226s][info ][safepoint     ] Total time for which application threads were stopped: 0.0016878 seconds, Stopping threads took: 0.0008289 seconds
[2023-10-19T21:06:06.696+0000][1641.227s][debug][safepoint     ] Safepoint synchronization initiated. (177 threads)
[2023-10-19T21:06:06.697+0000][1641.228s][info ][safepoint     ] Application time: 1.0014485 seconds
[2023-10-19T21:06:06.698+0000][1641.229s][info ][safepoint     ] Entering safepoint region: Cleanup
[2023-10-19T21:06:06.699+0000][1641.230s][info ][safepoint     ] Leaving safepoint region
[2023-10-19T21:06:06.700+0000][1641.231s][info ][safepoint     ] Total time for which application threads were stopped: 0.0023336 seconds, Stopping threads took: 0.0009998 seconds
[2023-10-19T21:06:07.701+0000][1642.232s][debug][safepoint     ] Safepoint synchronization initiated. (177 threads)
[2023-10-19T21:06:07.702+0000][1642.233s][info ][safepoint     ] Application time: 1.0007232 seconds
[2023-10-19T21:06:07.702+0000][1642.233s][info ][safepoint     ] Entering safepoint region: Cleanup
[2023-10-19T21:06:07.703+0000][1642.234s][info ][safepoint     ] Leaving safepoint region
[2023-10-19T21:06:07.703+0000][1642.234s][info ][safepoint     ] Total time for which application threads were stopped: 0.0010352 seconds, Stopping threads took: 0.0004484 seconds
[2023-10-19T21:06:08.704+0000][1643.235s][debug][safepoint     ] Safepoint synchronization initiated. (177 threads)
[2023-10-19T21:06:08.704+0000][1643.236s][info ][safepoint     ] Application time: 1.0009367 seconds
[2023-10-19T21:06:08.705+0000][1643.236s][info ][safepoint     ] Entering safepoint region: Cleanup
[2023-10-19T21:06:08.706+0000][1643.237s][info ][safepoint     ] Leaving safepoint region
[2023-10-19T21:06:08.706+0000][1643.237s][info ][safepoint     ] Total time for which application threads were stopped: 0.0012459 seconds, Stopping threads took: 0.0005236 seconds
[2023-10-19T21:06:09.484+0000][1644.015s][debug][safepoint     ] Safepoint synchronization initiated. (177 threads)
[2023-10-19T21:06:09.485+0000][1644.016s][info ][safepoint     ] Application time: 0.7778975 seconds
[2023-10-19T21:06:09.485+0000][1644.016s][info ][safepoint     ] Entering safepoint region: G1CollectForAllocation
[2023-10-19T21:06:09.486+0000][1644.017s][info ][gc,start      ] GC(67) Pause Young (Normal) (G1 Evacuation Pause)
[2023-10-19T21:06:09.487+0000][1644.018s][info ][gc,task       ] GC(67) Using 8 workers of 8 for evacuation
[2023-10-19T21:06:09.502+0000][1644.033s][info ][gc,phases     ] GC(67)   Pre Evacuate Collection Set: 0.1ms
[2023-10-19T21:06:09.502+0000][1644.034s][info ][gc,phases     ] GC(67)   Evacuate Collection Set: 10.0ms
[2023-10-19T21:06:09.503+0000][1644.034s][info ][gc,phases     ] GC(67)   Post Evacuate Collection Set: 4.1ms
[2023-10-19T21:06:09.503+0000][1644.035s][info ][gc,phases     ] GC(67)   Other: 1.5ms
[2023-10-19T21:06:09.504+0000][1644.035s][info ][gc,heap       ] GC(67) Eden regions: 199->0(200)
[2023-10-19T21:06:09.504+0000][1644.036s][info ][gc,heap       ] GC(67) Survivor regions: 11->10(27)
[2023-10-19T21:06:09.505+0000][1644.036s][info ][gc,heap       ] GC(67) Old regions: 147->148
[2023-10-19T21:06:09.505+0000][1644.037s][info ][gc,heap       ] GC(67) Humongous regions: 5->5
[2023-10-19T21:06:09.506+0000][1644.037s][info ][gc,metaspace  ] GC(67) Metaspace: 167092K(172496K)->167092K(172496K) NonClass: 147675K(150992K)->147675K(150992K) Class: 19417K(21504K)->19417K(21504K)
[2023-10-19T21:06:09.506+0000][1644.038s][info ][gc            ] GC(67) Pause Young (Normal) (G1 Evacuation Pause) 359M->160M(415M) 20.288ms
[2023-10-19T21:06:09.507+0000][1644.038s][info ][gc,cpu        ] GC(67) User=0.10s Sys=0.00s Real=0.02s
[2023-10-19T21:06:09.507+0000][1644.039s][info ][safepoint     ] Leaving safepoint region
[2023-10-19T21:06:09.508+0000][1644.039s][info ][safepoint     ] Total time for which application threads were stopped: 0.0227736 seconds, Stopping threads took: 0.0005647 seconds
[2023-10-19T21:06:09.509+0000][1644.040s][info ][gc,stringdedup] Concurrent String Deduplication (1644.040s)
[2023-10-19T21:06:09.509+0000][1644.040s][info ][gc,stringdedup] Concurrent String Deduplication 72.0B->72.0B(0.0B) avg 54.3% (1644.040s, 1644.040s) 0.468ms
[2023-10-19T21:06:10.509+0000][1645.040s][debug][safepoint     ] Safepoint synchronization initiated. (177 threads)
[2023-10-19T21:06:10.510+0000][1645.041s][info ][safepoint     ] Application time: 1.0015596 seconds
[2023-10-19T21:06:10.511+0000][1645.042s][info ][safepoint     ] Entering safepoint region: Cleanup
[2023-10-19T21:06:10.513+0000][1645.044s][info ][safepoint     ] Leaving safepoint region
[2023-10-19T21:06:10.514+0000][1645.045s][info ][safepoint     ] Total time for which application threads were stopped: 0.0025564 seconds, Stopping threads took: 0.0010525 seconds
[2023-10-19T21:06:11.515+0000][1646.046s][debug][safepoint     ] Safepoint synchronization initiated. (177 threads)
[2023-10-19T21:06:11.516+0000][1646.047s][info ][safepoint     ] Application time: 1.0012533 seconds
[2023-10-19T21:06:11.517+0000][1646.048s][info ][safepoint     ] Entering safepoint region: Cleanup
[2023-10-19T21:06:11.517+0000][1646.048s][info ][safepoint     ] Leaving safepoint region
[2023-10-19T21:06:11.518+0000][1646.049s][info ][safepoint     ] Total time for which application threads were stopped: 0.0014127 seconds, Stopping threads took: 0.0004924 seconds
[2023-10-19T21:06:12.519+0000][1647.050s][debug][safepoint     ] Safepoint synchronization initiated. (177 threads)
[2023-10-19T21:06:12.519+0000][1647.051s][info ][safepoint     ] Application time: 1.0008292 seconds
[2023-10-19T21:06:12.520+0000][1647.051s][info ][safepoint     ] Entering safepoint region: Cleanup
[2023-10-19T21:06:12.521+0000][1647.052s][info ][safepoint     ] Leaving safepoint region
[2023-10-19T21:06:12.521+0000][1647.052s][info ][safepoint     ] Total time for which application threads were stopped: 0.0011869 seconds, Stopping threads took: 0.0004417 seconds
[2023-10-19T21:06:13.522+0000][1648.053s][debug][safepoint     ] Safepoint synchronization initiated. (177 threads)
[2023-10-19T21:06:13.522+0000][1648.054s][info ][safepoint     ] Application time: 1.0009068 seconds
[2023-10-19T21:06:13.523+0000][1648.054s][info ][safepoint     ] Entering safepoint region: Cleanup
[2023-10-19T21:06:13.524+0000][1648.055s][info ][safepoint     ] Leaving safepoint region
[2023-10-19T21:06:13.524+0000][1648.055s][info ][safepoint     ] Total time for which application threads were stopped: 0.0011562 seconds, Stopping threads took: 0.0005211 seconds
[2023-10-19T21:06:14.525+0000][1649.056s][debug][safepoint     ] Safepoint synchronization initiated. (177 threads)
[2023-10-19T21:06:14.526+0000][1649.058s][info ][safepoint     ] Application time: 1.0014910 seconds
[2023-10-19T21:06:14.527+0000][1649.059s][info ][safepoint     ] Entering safepoint region: Cleanup
[2023-10-19T21:06:14.529+0000][1649.060s][info ][safepoint     ] Leaving safepoint region
[2023-10-19T21:06:14.529+0000][1649.061s][info ][safepoint     ] Total time for which application threads were stopped: 0.0020856 seconds, Stopping threads took: 0.0009675 seconds
[2023-10-19T21:06:15.530+0000][1650.061s][debug][safepoint     ] Safepoint synchronization initiated. (177 threads)
[2023-10-19T21:06:15.531+0000][1650.062s][info ][safepoint     ] Application time: 1.0010074 seconds
[2023-10-19T21:06:15.532+0000][1650.063s][info ][safepoint     ] Entering safepoint region: Cleanup
[2023-10-19T21:06:15.532+0000][1650.064s][info ][safepoint     ] Leaving safepoint region
[2023-10-19T21:06:15.533+0000][1650.064s][info ][safepoint     ] Total time for which application threads were stopped: 0.0013318 seconds, Stopping threads took: 0.0006170 seconds
[2023-10-19T21:06:16.534+0000][1651.065s][debug][safepoint     ] Safepoint synchronization initiated. (177 threads)
[2023-10-19T21:06:16.535+0000][1651.066s][info ][safepoint     ] Application time: 1.0016330 seconds
[2023-10-19T21:06:16.536+0000][1651.067s][info ][safepoint     ] Entering safepoint region: Cleanup
[2023-10-19T21:06:16.538+0000][1651.069s][info ][safepoint     ] Leaving safepoint region
[2023-10-19T21:06:16.539+0000][1651.070s][info ][safepoint     ] Total time for which application threads were stopped: 0.0025333 seconds, Stopping threads took: 0.0010789 seconds
[2023-10-19T21:06:17.540+0000][1652.071s][debug][safepoint     ] Safepoint synchronization initiated. (177 threads)
[2023-10-19T21:06:17.541+0000][1652.072s][info ][safepoint     ] Application time: 1.0013900 seconds
[2023-10-19T21:06:17.542+0000][1652.074s][info ][safepoint     ] Entering safepoint region: Cleanup
[2023-10-19T21:06:17.544+0000][1652.075s][info ][safepoint     ] Leaving safepoint region
[2023-10-19T21:06:17.545+0000][1652.076s][info ][safepoint     ] Total time for which application threads were stopped: 0.0023341 seconds, Stopping threads took: 0.0009782 seconds
[2023-10-19T21:06:18.545+0000][1653.077s][debug][safepoint     ] Safepoint synchronization initiated. (177 threads)
[2023-10-19T21:06:18.547+0000][1653.078s][info ][safepoint     ] Application time: 1.0013983 seconds
[2023-10-19T21:06:18.548+0000][1653.079s][info ][safepoint     ] Entering safepoint region: Cleanup
[2023-10-19T21:06:18.549+0000][1653.080s][info ][safepoint     ] Leaving safepoint region
[2023-10-19T21:06:18.550+0000][1653.081s][info ][safepoint     ] Total time for which application threads were stopped: 0.0021824 seconds, Stopping threads took: 0.0010093 seconds
[2023-10-19T21:06:19.551+0000][1654.082s][debug][safepoint     ] Safepoint synchronization initiated. (177 threads)
[2023-10-19T21:06:19.552+0000][1654.084s][info ][safepoint     ] Application time: 1.0015761 seconds
[2023-10-19T21:06:19.553+0000][1654.085s][info ][safepoint     ] Entering safepoint region: Cleanup
[2023-10-19T21:06:19.555+0000][1654.086s][info ][safepoint     ] Leaving safepoint region
[2023-10-19T21:06:19.555+0000][1654.086s][info ][safepoint     ] Total time for which application threads were stopped: 0.0018408 seconds, Stopping threads took: 0.0008399 seconds
[2023-10-19T21:06:20.556+0000][1655.088s][debug][safepoint     ] Safepoint synchronization initiated. (177 threads)
[2023-10-19T21:06:20.558+0000][1655.089s][info ][safepoint     ] Application time: 1.0016350 seconds
[2023-10-19T21:06:20.559+0000][1655.090s][debug][safepoint     ] ... found polling page return exception at pc = 0x00007fbdb1214a9d, stub =0x00007fbda8840600
[2023-10-19T21:06:20.560+0000][1655.091s][debug][safepoint     ] Waiting for 1 thread(s) to block
[2023-10-19T21:06:20.561+0000][1655.092s][info ][safepoint     ] Entering safepoint region: Cleanup
[2023-10-19T21:06:20.562+0000][1655.093s][info ][safepoint     ] Leaving safepoint region
[2023-10-19T21:06:20.562+0000][1655.094s][info ][safepoint     ] Total time for which application threads were stopped: 0.0038320 seconds, Stopping threads took: 0.0028638 seconds
[2023-10-19T21:06:21.563+0000][1656.095s][debug][safepoint     ] Safepoint synchronization initiated. (177 threads)
[2023-10-19T21:06:21.565+0000][1656.096s][info ][safepoint     ] Application time: 1.0016188 seconds
[2023-10-19T21:06:21.566+0000][1656.097s][info ][safepoint     ] Entering safepoint region: Cleanup
[2023-10-19T21:06:21.567+0000][1656.098s][info ][safepoint     ] Leaving safepoint region
[2023-10-19T21:06:21.568+0000][1656.099s][info ][safepoint     ] Total time for which application threads were stopped: 0.0020854 seconds, Stopping threads took: 0.0008710 seconds
[2023-10-19T21:06:22.569+0000][1657.100s][debug][safepoint     ] Safepoint synchronization initiated. (177 threads)
[2023-10-19T21:06:22.570+0000][1657.101s][info ][safepoint     ] Application time: 1.0010960 seconds
[2023-10-19T21:06:22.570+0000][1657.102s][info ][safepoint     ] Entering safepoint region: Cleanup
[2023-10-19T21:06:22.571+0000][1657.103s][info ][safepoint     ] Leaving safepoint region
[2023-10-19T21:06:22.572+0000][1657.103s][info ][safepoint     ] Total time for which application threads were stopped: 0.0015132 seconds, Stopping threads took: 0.0007242 seconds
[2023-10-19T21:06:23.573+0000][1658.104s][debug][safepoint     ] Safepoint synchronization initiated. (177 threads)
[2023-10-19T21:06:23.574+0000][1658.105s][info ][safepoint     ] Application time: 1.0015958 seconds
[2023-10-19T21:06:23.575+0000][1658.106s][info ][safepoint     ] Entering safepoint region: Cleanup
[2023-10-19T21:06:23.576+0000][1658.108s][info ][safepoint     ] Leaving safepoint region
[2023-10-19T21:06:23.577+0000][1658.109s][info ][safepoint     ] Total time for which application threads were stopped: 0.0025777 seconds, Stopping threads took: 0.0011947 seconds
[2023-10-19T21:06:24.579+0000][1659.110s][debug][safepoint     ] Safepoint synchronization initiated. (177 threads)
[2023-10-19T21:06:24.580+0000][1659.111s][info ][safepoint     ] Application time: 1.0015518 seconds
[2023-10-19T21:06:24.581+0000][1659.113s][debug][safepoint     ] ... found polling page return exception at pc = 0x00007fbdb0ae4574, stub =0x00007fbda8840600
[2023-10-19T21:06:24.582+0000][1659.114s][debug][safepoint     ] Waiting for 2 thread(s) to block
[2023-10-19T21:06:24.583+0000][1659.115s][info ][safepoint     ] Entering safepoint region: Cleanup
[2023-10-19T21:06:24.585+0000][1659.116s][info ][safepoint     ] Leaving safepoint region
[2023-10-19T21:06:24.585+0000][1659.117s][info ][safepoint     ] Total time for which application threads were stopped: 0.0043970 seconds, Stopping threads took: 0.0034003 seconds
[2023-10-19T21:06:25.587+0000][1660.118s][debug][safepoint     ] Safepoint synchronization initiated. (177 threads)
[2023-10-19T21:06:25.588+0000][1660.119s][info ][safepoint     ] Application time: 1.0017540 seconds
[2023-10-19T21:06:25.589+0000][1660.121s][info ][safepoint     ] Entering safepoint region: Cleanup
[2023-10-19T21:06:25.591+0000][1660.122s][info ][safepoint     ] Leaving safepoint region
[2023-10-19T21:06:25.592+0000][1660.123s][info ][safepoint     ] Total time for which application threads were stopped: 0.0024605 seconds, Stopping threads took: 0.0009039 seconds
[2023-10-19T21:06:26.593+0000][1661.124s][debug][safepoint     ] Safepoint synchronization initiated. (177 threads)
[2023-10-19T21:06:26.593+0000][1661.125s][info ][safepoint     ] Application time: 1.0006765 seconds
[2023-10-19T21:06:26.594+0000][1661.125s][info ][safepoint     ] Entering safepoint region: Cleanup
[2023-10-19T21:06:26.594+0000][1661.126s][info ][safepoint     ] Leaving safepoint region
[2023-10-19T21:06:26.595+0000][1661.126s][info ][safepoint     ] Total time for which application threads were stopped: 0.0010239 seconds, Stopping threads took: 0.0003855 seconds
[2023-10-19T21:06:27.595+0000][1662.127s][debug][safepoint     ] Safepoint synchronization initiated. (177 threads)
[2023-10-19T21:06:27.596+0000][1662.127s][info ][safepoint     ] Application time: 1.0007498 seconds
[2023-10-19T21:06:27.596+0000][1662.128s][info ][safepoint     ] Entering safepoint region: Cleanup
[2023-10-19T21:06:27.597+0000][1662.129s][info ][safepoint     ] Leaving safepoint region
[2023-10-19T21:06:27.598+0000][1662.129s][info ][safepoint     ] Total time for which application threads were stopped: 0.0014702 seconds, Stopping threads took: 0.0006412 seconds
[2023-10-19T21:06:28.598+0000][1663.130s][debug][safepoint     ] Safepoint synchronization initiated. (177 threads)
[2023-10-19T21:06:28.600+0000][1663.131s][info ][safepoint     ] Application time: 1.0014753 seconds
[2023-10-19T21:06:28.601+0000][1663.132s][info ][safepoint     ] Entering safepoint region: Cleanup
[2023-10-19T21:06:28.602+0000][1663.134s][info ][safepoint     ] Leaving safepoint region
[2023-10-19T21:06:28.603+0000][1663.135s][info ][safepoint     ] Total time for which application threads were stopped: 0.0024341 seconds, Stopping threads took: 0.0010987 seconds
[2023-10-19T21:06:29.604+0000][1664.136s][debug][safepoint     ] Safepoint synchronization initiated. (177 threads)
[2023-10-19T21:06:29.605+0000][1664.136s][info ][safepoint     ] Application time: 1.0006911 seconds
[2023-10-19T21:06:29.605+0000][1664.137s][info ][safepoint     ] Entering safepoint region: Cleanup
[2023-10-19T21:06:29.606+0000][1664.138s][info ][safepoint     ] Leaving safepoint region
[2023-10-19T21:06:29.607+0000][1664.138s][info ][safepoint     ] Total time for which application threads were stopped: 0.0013415 seconds, Stopping threads took: 0.0006865 seconds
[2023-10-19T21:06:30.607+0000][1665.139s][debug][safepoint     ] Safepoint synchronization initiated. (177 threads)
[2023-10-19T21:06:30.608+0000][1665.139s][info ][safepoint     ] Application time: 1.0006140 seconds
[2023-10-19T21:06:30.608+0000][1665.140s][info ][safepoint     ] Entering safepoint region: Cleanup
[2023-10-19T21:06:30.609+0000][1665.140s][info ][safepoint     ] Leaving safepoint region
[2023-10-19T21:06:30.609+0000][1665.141s][info ][safepoint     ] Total time for which application threads were stopped: 0.0009372 seconds, Stopping threads took: 0.0004643 seconds
[2023-10-19T21:06:31.610+0000][1666.142s][debug][safepoint     ] Safepoint synchronization initiated. (177 threads)
[2023-10-19T21:06:31.611+0000][1666.143s][info ][safepoint     ] Application time: 1.0018177 seconds
[2023-10-19T21:06:31.613+0000][1666.144s][info ][safepoint     ] Entering safepoint region: Cleanup
[2023-10-19T21:06:31.614+0000][1666.146s][info ][safepoint     ] Leaving safepoint region
[2023-10-19T21:06:31.615+0000][1666.147s][info ][safepoint     ] Total time for which application threads were stopped: 0.0028285 seconds, Stopping threads took: 0.0011096 seconds
[2023-10-19T21:06:31.614+0000][1666.146s][debug][safepoint     ] ... found polling page return exception at pc = 0x00007fbdb0cb92c4, stub =0x00007fbda8840600
[2023-10-19T21:06:31.614+0000][1666.146s][debug][safepoint     ] ... found polling page return exception at pc = 0x00007fbdb0cb92c4, stub =0x00007fbda8840600
[2023-10-19T21:06:32.617+0000][1667.148s][debug][safepoint     ] Safepoint synchronization initiated. (177 threads)
[2023-10-19T21:06:32.618+0000][1667.149s][info ][safepoint     ] Application time: 1.0012015 seconds
[2023-10-19T21:06:32.619+0000][1667.150s][info ][safepoint     ] Entering safepoint region: Cleanup
[2023-10-19T21:06:32.620+0000][1667.151s][info ][safepoint     ] Leaving safepoint region
[2023-10-19T21:06:32.620+0000][1667.152s][info ][safepoint     ] Total time for which application threads were stopped: 0.0016644 seconds, Stopping threads took: 0.0007230 seconds
[2023-10-19T21:06:33.621+0000][1668.152s][debug][safepoint     ] Safepoint synchronization initiated. (177 threads)
[2023-10-19T21:06:33.621+0000][1668.153s][info ][safepoint     ] Application time: 1.0007050 seconds
[2023-10-19T21:06:33.622+0000][1668.154s][info ][safepoint     ] Entering safepoint region: Cleanup
[2023-10-19T21:06:33.623+0000][1668.154s][info ][safepoint     ] Leaving safepoint region
[2023-10-19T21:06:33.623+0000][1668.155s][info ][safepoint     ] Total time for which application threads were stopped: 0.0012689 seconds, Stopping threads took: 0.0005496 seconds
[2023-10-19T21:06:34.624+0000][1669.155s][debug][safepoint     ] Safepoint synchronization initiated. (177 threads)
[2023-10-19T21:06:34.625+0000][1669.156s][info ][safepoint     ] Application time: 1.0008481 seconds
[2023-10-19T21:06:34.625+0000][1669.157s][info ][safepoint     ] Entering safepoint region: Cleanup
[2023-10-19T21:06:34.626+0000][1669.158s][info ][safepoint     ] Leaving safepoint region
[2023-10-19T21:06:34.627+0000][1669.158s][info ][safepoint     ] Total time for which application threads were stopped: 0.0017773 seconds, Stopping threads took: 0.0008337 seconds
[2023-10-19T21:06:35.628+0000][1670.159s][debug][safepoint     ] Safepoint synchronization initiated. (177 threads)
[2023-10-19T21:06:35.629+0000][1670.160s][info ][safepoint     ] Application time: 1.0012250 seconds
[2023-10-19T21:06:35.630+0000][1670.161s][info ][safepoint     ] Entering safepoint region: Cleanup
[2023-10-19T21:06:35.631+0000][1670.162s][info ][safepoint     ] Leaving safepoint region
[2023-10-19T21:06:35.631+0000][1670.163s][info ][safepoint     ] Total time for which application threads were stopped: 0.0016969 seconds, Stopping threads took: 0.0007501 seconds
[2023-10-19T21:06:36.632+0000][1671.164s][debug][safepoint     ] Safepoint synchronization initiated. (177 threads)
[2023-10-19T21:06:36.633+0000][1671.165s][info ][safepoint     ] Application time: 1.0011596 seconds
[2023-10-19T21:06:36.634+0000][1671.165s][info ][safepoint     ] Entering safepoint region: Cleanup
[2023-10-19T21:06:36.635+0000][1671.166s][info ][safepoint     ] Leaving safepoint region
[2023-10-19T21:06:36.635+0000][1671.167s][info ][safepoint     ] Total time for which application threads were stopped: 0.0016117 seconds, Stopping threads took: 0.0007127 seconds
[2023-10-19T21:06:37.636+0000][1672.168s][debug][safepoint     ] Safepoint synchronization initiated. (177 threads)
[2023-10-19T21:06:37.638+0000][1672.169s][info ][safepoint     ] Application time: 1.0016463 seconds
[2023-10-19T21:06:37.639+0000][1672.170s][info ][safepoint     ] Entering safepoint region: Cleanup
[2023-10-19T21:06:37.640+0000][1672.172s][info ][safepoint     ] Leaving safepoint region
[2023-10-19T21:06:37.641+0000][1672.173s][info ][safepoint     ] Total time for which application threads were stopped: 0.0025649 seconds, Stopping threads took: 0.0011248 seconds
[2023-10-19T21:06:38.642+0000][1673.174s][debug][safepoint     ] Safepoint synchronization initiated. (177 threads)
[2023-10-19T21:06:38.644+0000][1673.175s][info ][safepoint     ] Application time: 1.0016342 seconds
[2023-10-19T21:06:38.645+0000][1673.177s][info ][safepoint     ] Entering safepoint region: Cleanup
[2023-10-19T21:06:38.646+0000][1673.178s][info ][safepoint     ] Leaving safepoint region
[2023-10-19T21:06:38.647+0000][1673.179s][info ][safepoint     ] Total time for which application threads were stopped: 0.0021192 seconds, Stopping threads took: 0.0009413 seconds
[2023-10-19T21:06:39.648+0000][1674.180s][debug][safepoint     ] Safepoint synchronization initiated. (177 threads)
[2023-10-19T21:06:39.649+0000][1674.181s][info ][safepoint     ] Application time: 1.0013780 seconds
[2023-10-19T21:06:39.650+0000][1674.182s][info ][safepoint     ] Entering safepoint region: Cleanup
[2023-10-19T21:06:39.651+0000][1674.183s][info ][safepoint     ] Leaving safepoint region
[2023-10-19T21:06:39.652+0000][1674.184s][info ][safepoint     ] Total time for which application threads were stopped: 0.0019621 seconds, Stopping threads took: 0.0008882 seconds
[2023-10-19T21:06:40.653+0000][1675.185s][debug][safepoint     ] Safepoint synchronization initiated. (177 threads)
[2023-10-19T21:06:40.654+0000][1675.186s][info ][safepoint     ] Application time: 1.0016193 seconds
[2023-10-19T21:06:40.656+0000][1675.187s][info ][safepoint     ] Entering safepoint region: Cleanup
[2023-10-19T21:06:40.657+0000][1675.188s][info ][safepoint     ] Leaving safepoint region
[2023-10-19T21:06:40.658+0000][1675.189s][info ][safepoint     ] Total time for which application threads were stopped: 0.0021908 seconds, Stopping threads took: 0.0010577 seconds
[2023-10-19T21:06:41.659+0000][1676.190s][debug][safepoint     ] Safepoint synchronization initiated. (177 threads)
[2023-10-19T21:06:41.660+0000][1676.192s][info ][safepoint     ] Application time: 1.0016040 seconds
[2023-10-19T21:06:41.661+0000][1676.193s][info ][safepoint     ] Entering safepoint region: Cleanup
[2023-10-19T21:06:41.663+0000][1676.194s][info ][safepoint     ] Leaving safepoint region
[2023-10-19T21:06:41.664+0000][1676.195s][info ][safepoint     ] Total time for which application threads were stopped: 0.0026381 seconds, Stopping threads took: 0.0011871 seconds
[2023-10-19T21:06:42.665+0000][1677.196s][debug][safepoint     ] Safepoint synchronization initiated. (178 threads)
[2023-10-19T21:06:42.666+0000][1677.197s][info ][safepoint     ] Application time: 1.0010197 seconds
[2023-10-19T21:06:42.667+0000][1677.198s][info ][safepoint     ] Entering safepoint region: Cleanup
[2023-10-19T21:06:42.668+0000][1677.199s][info ][safepoint     ] Leaving safepoint region
[2023-10-19T21:06:42.668+0000][1677.200s][info ][safepoint     ] Total time for which application threads were stopped: 0.0017018 seconds, Stopping threads took: 0.0007075 seconds
[2023-10-19T21:06:43.669+0000][1678.201s][debug][safepoint     ] Safepoint synchronization initiated. (178 threads)
[2023-10-19T21:06:43.669+0000][1678.201s][info ][safepoint     ] Application time: 1.0005397 seconds
[2023-10-19T21:06:43.670+0000][1678.201s][info ][safepoint     ] Entering safepoint region: Cleanup
[2023-10-19T21:06:43.670+0000][1678.202s][info ][safepoint     ] Leaving safepoint region
[2023-10-19T21:06:43.671+0000][1678.202s][info ][safepoint     ] Total time for which application threads were stopped: 0.0008267 seconds, Stopping threads took: 0.0003618 seconds
[2023-10-19T21:06:44.671+0000][1679.203s][debug][safepoint     ] Safepoint synchronization initiated. (178 threads)
[2023-10-19T21:06:44.672+0000][1679.204s][info ][safepoint     ] Application time: 1.0013221 seconds
[2023-10-19T21:06:44.673+0000][1679.205s][info ][safepoint     ] Entering safepoint region: Cleanup
[2023-10-19T21:06:44.674+0000][1679.206s][info ][safepoint     ] Leaving safepoint region
[2023-10-19T21:06:44.675+0000][1679.207s][info ][safepoint     ] Total time for which application threads were stopped: 0.0020748 seconds, Stopping threads took: 0.0008344 seconds
[2023-10-19T21:06:45.676+0000][1680.208s][debug][safepoint     ] Safepoint synchronization initiated. (178 threads)
[2023-10-19T21:06:45.677+0000][1680.208s][info ][safepoint     ] Application time: 1.0007395 seconds
[2023-10-19T21:06:45.677+0000][1680.209s][info ][safepoint     ] Entering safepoint region: Cleanup
[2023-10-19T21:06:45.678+0000][1680.209s][info ][safepoint     ] Leaving safepoint region
[2023-10-19T21:06:45.678+0000][1680.210s][info ][safepoint     ] Total time for which application threads were stopped: 0.0011774 seconds, Stopping threads took: 0.0005172 seconds
[2023-10-19T21:06:46.679+0000][1681.211s][debug][safepoint     ] Safepoint synchronization initiated. (178 threads)
[2023-10-19T21:06:46.680+0000][1681.212s][info ][safepoint     ] Application time: 1.0015240 seconds
[2023-10-19T21:06:46.681+0000][1681.213s][info ][safepoint     ] Entering safepoint region: Cleanup
[2023-10-19T21:06:46.683+0000][1681.214s][info ][safepoint     ] Leaving safepoint region
[2023-10-19T21:06:46.684+0000][1681.215s][info ][safepoint     ] Total time for which application threads were stopped: 0.0024132 seconds, Stopping threads took: 0.0010329 seconds
[2023-10-19T21:06:47.685+0000][1682.216s][debug][safepoint     ] Safepoint synchronization initiated. (178 threads)
[2023-10-19T21:06:47.685+0000][1682.217s][info ][safepoint     ] Application time: 1.0005772 seconds
[2023-10-19T21:06:47.685+0000][1682.217s][info ][safepoint     ] Entering safepoint region: Cleanup
[2023-10-19T21:06:47.686+0000][1682.217s][info ][safepoint     ] Leaving safepoint region
[2023-10-19T21:06:47.686+0000][1682.218s][info ][safepoint     ] Total time for which application threads were stopped: 0.0009213 seconds, Stopping threads took: 0.0003741 seconds
[2023-10-19T21:06:48.687+0000][1683.219s][debug][safepoint     ] Safepoint synchronization initiated. (178 threads)
[2023-10-19T21:06:48.688+0000][1683.220s][info ][safepoint     ] Application time: 1.0013601 seconds
[2023-10-19T21:06:48.689+0000][1683.221s][info ][safepoint     ] Entering safepoint region: Cleanup
[2023-10-19T21:06:48.690+0000][1683.222s][info ][safepoint     ] Leaving safepoint region
[2023-10-19T21:06:48.691+0000][1683.222s][info ][safepoint     ] Total time for which application threads were stopped: 0.0019521 seconds, Stopping threads took: 0.0008040 seconds
[2023-10-19T21:06:49.692+0000][1684.223s][debug][safepoint     ] Safepoint synchronization initiated. (178 threads)
[2023-10-19T21:06:49.692+0000][1684.224s][info ][safepoint     ] Application time: 1.0006524 seconds
[2023-10-19T21:06:49.693+0000][1684.224s][info ][safepoint     ] Entering safepoint region: Cleanup
[2023-10-19T21:06:49.693+0000][1684.225s][info ][safepoint     ] Leaving safepoint region
[2023-10-19T21:06:49.694+0000][1684.225s][info ][safepoint     ] Total time for which application threads were stopped: 0.0010719 seconds, Stopping threads took: 0.0004696 seconds
[2023-10-19T21:06:50.695+0000][1685.226s][debug][safepoint     ] Safepoint synchronization initiated. (178 threads)
[2023-10-19T21:06:50.695+0000][1685.227s][info ][safepoint     ] Application time: 1.0011496 seconds
[2023-10-19T21:06:50.696+0000][1685.228s][info ][safepoint     ] Entering safepoint region: Cleanup
[2023-10-19T21:06:50.697+0000][1685.229s][info ][safepoint     ] Leaving safepoint region
[2023-10-19T21:06:50.698+0000][1685.229s][info ][safepoint     ] Total time for which application threads were stopped: 0.0015535 seconds, Stopping threads took: 0.0007745 seconds
[2023-10-19T21:06:51.699+0000][1686.230s][debug][safepoint     ] Safepoint synchronization initiated. (178 threads)
[2023-10-19T21:06:51.699+0000][1686.231s][info ][safepoint     ] Application time: 1.0007878 seconds
[2023-10-19T21:06:51.700+0000][1686.231s][info ][safepoint     ] Entering safepoint region: Cleanup
[2023-10-19T21:06:51.700+0000][1686.232s][info ][safepoint     ] Leaving safepoint region
[2023-10-19T21:06:51.701+0000][1686.232s][info ][safepoint     ] Total time for which application threads were stopped: 0.0013573 seconds, Stopping threads took: 0.0005933 seconds
[2023-10-19T21:06:52.702+0000][1687.233s][debug][safepoint     ] Safepoint synchronization initiated. (178 threads)
[2023-10-19T21:06:52.703+0000][1687.235s][info ][safepoint     ] Application time: 1.0017026 seconds
[2023-10-19T21:06:52.704+0000][1687.236s][info ][safepoint     ] Entering safepoint region: Cleanup
[2023-10-19T21:06:52.706+0000][1687.237s][info ][safepoint     ] Leaving safepoint region
[2023-10-19T21:06:52.707+0000][1687.238s][info ][safepoint     ] Total time for which application threads were stopped: 0.0022519 seconds, Stopping threads took: 0.0009680 seconds
[2023-10-19T21:06:53.708+0000][1688.239s][debug][safepoint     ] Safepoint synchronization initiated. (178 threads)
[2023-10-19T21:06:53.708+0000][1688.240s][info ][safepoint     ] Application time: 1.0005419 seconds
[2023-10-19T21:06:53.708+0000][1688.240s][info ][safepoint     ] Entering safepoint region: Cleanup
[2023-10-19T21:06:53.709+0000][1688.240s][info ][safepoint     ] Leaving safepoint region
[2023-10-19T21:06:53.709+0000][1688.241s][info ][safepoint     ] Total time for which application threads were stopped: 0.0008661 seconds, Stopping threads took: 0.0003079 seconds
[2023-10-19T21:06:54.710+0000][1689.241s][debug][safepoint     ] Safepoint synchronization initiated. (178 threads)
[2023-10-19T21:06:54.711+0000][1689.242s][info ][safepoint     ] Application time: 1.0009847 seconds
[2023-10-19T21:06:54.711+0000][1689.243s][info ][safepoint     ] Entering safepoint region: Cleanup
[2023-10-19T21:06:54.712+0000][1689.244s][info ][safepoint     ] Leaving safepoint region
[2023-10-19T21:06:54.713+0000][1689.244s][info ][safepoint     ] Total time for which application threads were stopped: 0.0015958 seconds, Stopping threads took: 0.0007428 seconds
[2023-10-19T21:06:55.714+0000][1690.245s][debug][safepoint     ] Safepoint synchronization initiated. (178 threads)
[2023-10-19T21:06:55.714+0000][1690.246s][info ][safepoint     ] Application time: 1.0009870 seconds
[2023-10-19T21:06:55.715+0000][1690.246s][info ][safepoint     ] Entering safepoint region: Cleanup
[2023-10-19T21:06:55.716+0000][1690.247s][info ][safepoint     ] Leaving safepoint region
[2023-10-19T21:06:55.716+0000][1690.248s][info ][safepoint     ] Total time for which application threads were stopped: 0.0013301 seconds, Stopping threads took: 0.0005422 seconds
[2023-10-19T21:06:56.717+0000][1691.248s][debug][safepoint     ] Safepoint synchronization initiated. (178 threads)
[2023-10-19T21:06:56.717+0000][1691.249s][info ][safepoint     ] Application time: 1.0005157 seconds
[2023-10-19T21:06:56.718+0000][1691.249s][info ][safepoint     ] Entering safepoint region: Cleanup
[2023-10-19T21:06:56.718+0000][1691.250s][info ][safepoint     ] Leaving safepoint region
[2023-10-19T21:06:56.718+0000][1691.250s][info ][safepoint     ] Total time for which application threads were stopped: 0.0008088 seconds, Stopping threads took: 0.0003197 seconds
[2023-10-19T21:06:57.719+0000][1692.250s][debug][safepoint     ] Safepoint synchronization initiated. (178 threads)
[2023-10-19T21:06:57.719+0000][1692.251s][info ][safepoint     ] Application time: 1.0005140 seconds
[2023-10-19T21:06:57.719+0000][1692.251s][info ][safepoint     ] Entering safepoint region: Cleanup
[2023-10-19T21:06:57.720+0000][1692.251s][info ][safepoint     ] Leaving safepoint region
[2023-10-19T21:06:57.720+0000][1692.252s][info ][safepoint     ] Total time for which application threads were stopped: 0.0008116 seconds, Stopping threads took: 0.0003341 seconds
[2023-10-19T21:06:58.721+0000][1693.252s][debug][safepoint     ] Safepoint synchronization initiated. (178 threads)
[2023-10-19T21:06:58.722+0000][1693.253s][info ][safepoint     ] Application time: 1.0013735 seconds
[2023-10-19T21:06:58.723+0000][1693.254s][info ][safepoint     ] Entering safepoint region: Cleanup
[2023-10-19T21:06:58.724+0000][1693.256s][info ][safepoint     ] Leaving safepoint region
[2023-10-19T21:06:58.725+0000][1693.257s][info ][safepoint     ] Total time for which application threads were stopped: 0.0021917 seconds, Stopping threads took: 0.0009199 seconds
[2023-10-19T21:06:59.726+0000][1694.257s][debug][safepoint     ] Safepoint synchronization initiated. (178 threads)
[2023-10-19T21:06:59.726+0000][1694.258s][info ][safepoint     ] Application time: 1.0006849 seconds
[2023-10-19T21:06:59.727+0000][1694.258s][info ][safepoint     ] Entering safepoint region: Cleanup
[2023-10-19T21:06:59.728+0000][1694.259s][info ][safepoint     ] Leaving safepoint region
[2023-10-19T21:06:59.728+0000][1694.259s][info ][safepoint     ] Total time for which application threads were stopped: 0.0010880 seconds, Stopping threads took: 0.0005022 seconds
[2023-10-19T21:07:00.728+0000][1695.260s][debug][safepoint     ] Safepoint synchronization initiated. (178 threads)
[2023-10-19T21:07:00.729+0000][1695.261s][info ][safepoint     ] Application time: 1.0008062 seconds
[2023-10-19T21:07:00.730+0000][1695.261s][info ][safepoint     ] Entering safepoint region: Cleanup
[2023-10-19T21:07:00.730+0000][1695.262s][info ][safepoint     ] Leaving safepoint region
[2023-10-19T21:07:00.731+0000][1695.263s][info ][safepoint     ] Total time for which application threads were stopped: 0.0012593 seconds, Stopping threads took: 0.0005487 seconds
[2023-10-19T21:07:01.732+0000][1696.263s][debug][safepoint     ] Safepoint synchronization initiated. (178 threads)
[2023-10-19T21:07:01.732+0000][1696.264s][info ][safepoint     ] Application time: 1.0007402 seconds
[2023-10-19T21:07:01.733+0000][1696.264s][info ][safepoint     ] Entering safepoint region: Cleanup
[2023-10-19T21:07:01.734+0000][1696.265s][info ][safepoint     ] Leaving safepoint region
[2023-10-19T21:07:01.734+0000][1696.265s][info ][safepoint     ] Total time for which application threads were stopped: 0.0011360 seconds, Stopping threads took: 0.0005412 seconds
[2023-10-19T21:07:02.735+0000][1697.266s][debug][safepoint     ] Safepoint synchronization initiated. (178 threads)
[2023-10-19T21:07:02.736+0000][1697.267s][info ][safepoint     ] Application time: 1.0011746 seconds
[2023-10-19T21:07:02.736+0000][1697.268s][info ][safepoint     ] Entering safepoint region: Cleanup
[2023-10-19T21:07:02.738+0000][1697.269s][info ][safepoint     ] Leaving safepoint region
[2023-10-19T21:07:02.738+0000][1697.270s][info ][safepoint     ] Total time for which application threads were stopped: 0.0017646 seconds, Stopping threads took: 0.0008033 seconds
[2023-10-19T21:07:03.739+0000][1698.271s][debug][safepoint     ] Safepoint synchronization initiated. (178 threads)
[2023-10-19T21:07:03.740+0000][1698.271s][info ][safepoint     ] Application time: 1.0010038 seconds
[2023-10-19T21:07:03.741+0000][1698.272s][info ][safepoint     ] Entering safepoint region: Cleanup
[2023-10-19T21:07:03.741+0000][1698.273s][info ][safepoint     ] Leaving safepoint region
[2023-10-19T21:07:03.742+0000][1698.273s][info ][safepoint     ] Total time for which application threads were stopped: 0.0014410 seconds, Stopping threads took: 0.0006352 seconds
[2023-10-19T21:07:04.743+0000][1699.274s][debug][safepoint     ] Safepoint synchronization initiated. (178 threads)
[2023-10-19T21:07:04.743+0000][1699.275s][info ][safepoint     ] Application time: 1.0008661 seconds
[2023-10-19T21:07:04.744+0000][1699.275s][info ][safepoint     ] Entering safepoint region: Cleanup
[2023-10-19T21:07:04.744+0000][1699.276s][info ][safepoint     ] Leaving safepoint region
[2023-10-19T21:07:04.745+0000][1699.277s][info ][safepoint     ] Total time for which application threads were stopped: 0.0012683 seconds, Stopping threads took: 0.0005056 seconds
[2023-10-19T21:07:05.746+0000][1700.278s][debug][safepoint     ] Safepoint synchronization initiated. (178 threads)
[2023-10-19T21:07:05.747+0000][1700.278s][info ][safepoint     ] Application time: 1.0006791 seconds
[2023-10-19T21:07:05.747+0000][1700.279s][info ][safepoint     ] Entering safepoint region: Cleanup
[2023-10-19T21:07:05.748+0000][1700.279s][info ][safepoint     ] Leaving safepoint region
[2023-10-19T21:07:05.748+0000][1700.280s][info ][safepoint     ] Total time for which application threads were stopped: 0.0011337 seconds, Stopping threads took: 0.0004882 seconds
[2023-10-19T21:07:06.749+0000][1701.280s][debug][safepoint     ] Safepoint synchronization initiated. (178 threads)
[2023-10-19T21:07:06.750+0000][1701.282s][info ][safepoint     ] Application time: 1.0014163 seconds
[2023-10-19T21:07:06.751+0000][1701.283s][info ][safepoint     ] Entering safepoint region: Cleanup
[2023-10-19T21:07:06.752+0000][1701.284s][info ][safepoint     ] Leaving safepoint region
[2023-10-19T21:07:06.753+0000][1701.285s][info ][safepoint     ] Total time for which application threads were stopped: 0.0020985 seconds, Stopping threads took: 0.0009163 seconds
[2023-10-19T21:07:07.754+0000][1702.286s][debug][safepoint     ] Safepoint synchronization initiated. (178 threads)
[2023-10-19T21:07:07.755+0000][1702.286s][info ][safepoint     ] Application time: 1.0006661 seconds
[2023-10-19T21:07:07.755+0000][1702.287s][info ][safepoint     ] Entering safepoint region: Cleanup
[2023-10-19T21:07:07.756+0000][1702.287s][info ][safepoint     ] Leaving safepoint region
[2023-10-19T21:07:07.756+0000][1702.287s][info ][safepoint     ] Total time for which application threads were stopped: 0.0008774 seconds, Stopping threads took: 0.0004158 seconds
[2023-10-19T21:07:08.756+0000][1703.288s][debug][safepoint     ] Safepoint synchronization initiated. (178 threads)
[2023-10-19T21:07:08.757+0000][1703.289s][info ][safepoint     ] Application time: 1.0012714 seconds
[2023-10-19T21:07:08.758+0000][1703.290s][info ][safepoint     ] Entering safepoint region: Cleanup
[2023-10-19T21:07:08.759+0000][1703.291s][info ][safepoint     ] Leaving safepoint region
[2023-10-19T21:07:08.760+0000][1703.292s][info ][safepoint     ] Total time for which application threads were stopped: 0.0017581 seconds, Stopping threads took: 0.0006459 seconds
[2023-10-19T21:07:09.761+0000][1704.293s][debug][safepoint     ] Safepoint synchronization initiated. (178 threads)
[2023-10-19T21:07:09.762+0000][1704.293s][info ][safepoint     ] Application time: 1.0006204 seconds
[2023-10-19T21:07:09.762+0000][1704.293s][info ][safepoint     ] Entering safepoint region: Cleanup
[2023-10-19T21:07:09.762+0000][1704.294s][info ][safepoint     ] Leaving safepoint region
[2023-10-19T21:07:09.763+0000][1704.294s][info ][safepoint     ] Total time for which application threads were stopped: 0.0009555 seconds, Stopping threads took: 0.0003533 seconds
[2023-10-19T21:07:10.763+0000][1705.295s][debug][safepoint     ] Safepoint synchronization initiated. (178 threads)
[2023-10-19T21:07:10.764+0000][1705.295s][info ][safepoint     ] Application time: 1.0007281 seconds
[2023-10-19T21:07:10.764+0000][1705.296s][info ][safepoint     ] Entering safepoint region: Cleanup
[2023-10-19T21:07:10.765+0000][1705.297s][info ][safepoint     ] Leaving safepoint region
[2023-10-19T21:07:10.766+0000][1705.297s][info ][safepoint     ] Total time for which application threads were stopped: 0.0012521 seconds, Stopping threads took: 0.0004429 seconds
[2023-10-19T21:07:11.766+0000][1706.298s][debug][safepoint     ] Safepoint synchronization initiated. (178 threads)
[2023-10-19T21:07:11.767+0000][1706.299s][info ][safepoint     ] Application time: 1.0009341 seconds
[2023-10-19T21:07:11.768+0000][1706.299s][info ][safepoint     ] Entering safepoint region: Cleanup
[2023-10-19T21:07:11.769+0000][1706.300s][info ][safepoint     ] Leaving safepoint region
[2023-10-19T21:07:11.769+0000][1706.301s][info ][safepoint     ] Total time for which application threads were stopped: 0.0014186 seconds, Stopping threads took: 0.0006985 seconds
[2023-10-19T21:07:12.770+0000][1707.301s][debug][safepoint     ] Safepoint synchronization initiated. (178 threads)
[2023-10-19T21:07:12.771+0000][1707.302s][info ][safepoint     ] Application time: 1.0010544 seconds
[2023-10-19T21:07:12.771+0000][1707.303s][info ][safepoint     ] Entering safepoint region: Cleanup
[2023-10-19T21:07:12.773+0000][1707.304s][info ][safepoint     ] Leaving safepoint region
[2023-10-19T21:07:12.773+0000][1707.305s][info ][safepoint     ] Total time for which application threads were stopped: 0.0016394 seconds, Stopping threads took: 0.0008122 seconds
[2023-10-19T21:07:13.774+0000][1708.305s][debug][safepoint     ] Safepoint synchronization initiated. (178 threads)
[2023-10-19T21:07:13.774+0000][1708.306s][info ][safepoint     ] Application time: 1.0006612 seconds
[2023-10-19T21:07:13.775+0000][1708.306s][info ][safepoint     ] Entering safepoint region: Cleanup
[2023-10-19T21:07:13.775+0000][1708.307s][info ][safepoint     ] Leaving safepoint region
[2023-10-19T21:07:13.776+0000][1708.307s][info ][safepoint     ] Total time for which application threads were stopped: 0.0010835 seconds, Stopping threads took: 0.0004254 seconds
[2023-10-19T21:07:14.777+0000][1709.308s][debug][safepoint     ] Safepoint synchronization initiated. (178 threads)
[2023-10-19T21:07:14.778+0000][1709.309s][info ][safepoint     ] Application time: 1.0016589 seconds
[2023-10-19T21:07:14.779+0000][1709.311s][info ][safepoint     ] Entering safepoint region: Cleanup
[2023-10-19T21:07:14.781+0000][1709.312s][info ][safepoint     ] Leaving safepoint region
[2023-10-19T21:07:14.782+0000][1709.313s][info ][safepoint     ] Total time for which application threads were stopped: 0.0026920 seconds, Stopping threads took: 0.0011633 seconds
[2023-10-19T21:07:15.783+0000][1710.314s][debug][safepoint     ] Safepoint synchronization initiated. (178 threads)
[2023-10-19T21:07:15.784+0000][1710.315s][info ][safepoint     ] Application time: 1.0012712 seconds
[2023-10-19T21:07:15.785+0000][1710.316s][info ][safepoint     ] Entering safepoint region: Cleanup
[2023-10-19T21:07:15.786+0000][1710.317s][info ][safepoint     ] Leaving safepoint region
[2023-10-19T21:07:15.787+0000][1710.318s][info ][safepoint     ] Total time for which application threads were stopped: 0.0019611 seconds, Stopping threads took: 0.0008531 seconds
[2023-10-19T21:07:16.788+0000][1711.319s][debug][safepoint     ] Safepoint synchronization initiated. (178 threads)
[2023-10-19T21:07:16.789+0000][1711.320s][info ][safepoint     ] Application time: 1.0010538 seconds
[2023-10-19T21:07:16.789+0000][1711.321s][info ][safepoint     ] Entering safepoint region: Cleanup
[2023-10-19T21:07:16.790+0000][1711.322s][info ][safepoint     ] Leaving safepoint region
[2023-10-19T21:07:16.791+0000][1711.323s][info ][safepoint     ] Total time for which application threads were stopped: 0.0018272 seconds, Stopping threads took: 0.0008644 seconds
[2023-10-19T21:07:17.792+0000][1712.324s][debug][safepoint     ] Safepoint synchronization initiated. (178 threads)
[2023-10-19T21:07:17.793+0000][1712.324s][info ][safepoint     ] Application time: 1.0009627 seconds
[2023-10-19T21:07:17.794+0000][1712.325s][info ][safepoint     ] Entering safepoint region: Cleanup
[2023-10-19T21:07:17.795+0000][1712.326s][info ][safepoint     ] Leaving safepoint region
[2023-10-19T21:07:17.795+0000][1712.327s][info ][safepoint     ] Total time for which application threads were stopped: 0.0017749 seconds, Stopping threads took: 0.0007092 seconds
[2023-10-19T21:07:18.796+0000][1713.327s][debug][safepoint     ] Safepoint synchronization initiated. (178 threads)
[2023-10-19T21:07:18.797+0000][1713.328s][info ][safepoint     ] Application time: 1.0009820 seconds
[2023-10-19T21:07:18.797+0000][1713.329s][info ][safepoint     ] Entering safepoint region: Cleanup
[2023-10-19T21:07:18.798+0000][1713.330s][info ][safepoint     ] Leaving safepoint region
[2023-10-19T21:07:18.799+0000][1713.330s][info ][safepoint     ] Total time for which application threads were stopped: 0.0013595 seconds, Stopping threads took: 0.0006287 seconds
[2023-10-19T21:07:19.799+0000][1714.331s][debug][safepoint     ] Safepoint synchronization initiated. (178 threads)
[2023-10-19T21:07:19.800+0000][1714.331s][info ][safepoint     ] Application time: 1.0009397 seconds
[2023-10-19T21:07:19.801+0000][1714.332s][info ][safepoint     ] Entering safepoint region: Cleanup
[2023-10-19T21:07:19.801+0000][1714.333s][info ][safepoint     ] Leaving safepoint region
[2023-10-19T21:07:19.802+0000][1714.333s][info ][safepoint     ] Total time for which application threads were stopped: 0.0011653 seconds, Stopping threads took: 0.0005155 seconds
[2023-10-19T21:07:20.802+0000][1715.334s][debug][safepoint     ] Safepoint synchronization initiated. (178 threads)
[2023-10-19T21:07:20.803+0000][1715.334s][info ][safepoint     ] Application time: 1.0006090 seconds
[2023-10-19T21:07:20.803+0000][1715.335s][info ][safepoint     ] Entering safepoint region: Cleanup
[2023-10-19T21:07:20.803+0000][1715.335s][info ][safepoint     ] Leaving safepoint region
[2023-10-19T21:07:20.804+0000][1715.335s][info ][safepoint     ] Total time for which application threads were stopped: 0.0007411 seconds, Stopping threads took: 0.0003304 seconds
[2023-10-19T21:07:21.804+0000][1716.336s][debug][safepoint     ] Safepoint synchronization initiated. (178 threads)
[2023-10-19T21:07:21.805+0000][1716.336s][info ][safepoint     ] Application time: 1.0008406 seconds
[2023-10-19T21:07:21.805+0000][1716.337s][info ][safepoint     ] Entering safepoint region: Cleanup
[2023-10-19T21:07:21.806+0000][1716.337s][info ][safepoint     ] Leaving safepoint region
[2023-10-19T21:07:21.806+0000][1716.338s][info ][safepoint     ] Total time for which application threads were stopped: 0.0010442 seconds, Stopping threads took: 0.0004850 seconds
[2023-10-19T21:07:22.807+0000][1717.338s][debug][safepoint     ] Safepoint synchronization initiated. (178 threads)
[2023-10-19T21:07:22.807+0000][1717.339s][info ][safepoint     ] Application time: 1.0011181 seconds
[2023-10-19T21:07:22.808+0000][1717.340s][info ][safepoint     ] Entering safepoint region: Cleanup
[2023-10-19T21:07:22.810+0000][1717.341s][info ][safepoint     ] Leaving safepoint region
[2023-10-19T21:07:22.810+0000][1717.342s][info ][safepoint     ] Total time for which application threads were stopped: 0.0021190 seconds, Stopping threads took: 0.0009710 seconds
[2023-10-19T21:07:23.811+0000][1718.343s][debug][safepoint     ] Safepoint synchronization initiated. (178 threads)
[2023-10-19T21:07:23.812+0000][1718.344s][info ][safepoint     ] Application time: 1.0011866 seconds
[2023-10-19T21:07:23.813+0000][1718.345s][info ][safepoint     ] Entering safepoint region: Cleanup
[2023-10-19T21:07:23.814+0000][1718.346s][info ][safepoint     ] Leaving safepoint region
[2023-10-19T21:07:23.815+0000][1718.347s][info ][safepoint     ] Total time for which application threads were stopped: 0.0013563 seconds, Stopping threads took: 0.0006436 seconds
[2023-10-19T21:07:24.815+0000][1719.347s][debug][safepoint     ] Safepoint synchronization initiated. (178 threads)
[2023-10-19T21:07:24.816+0000][1719.348s][info ][safepoint     ] Application time: 1.0011756 seconds
[2023-10-19T21:07:24.817+0000][1719.349s][info ][safepoint     ] Entering safepoint region: Cleanup
[2023-10-19T21:07:24.818+0000][1719.350s][info ][safepoint     ] Leaving safepoint region
[2023-10-19T21:07:24.818+0000][1719.350s][info ][safepoint     ] Total time for which application threads were stopped: 0.0012516 seconds, Stopping threads took: 0.0005185 seconds
[2023-10-19T21:07:25.819+0000][1720.351s][debug][safepoint     ] Safepoint synchronization initiated. (178 threads)
[2023-10-19T21:07:25.820+0000][1720.352s][info ][safepoint     ] Application time: 1.0014574 seconds
[2023-10-19T21:07:25.821+0000][1720.353s][info ][safepoint     ] Entering safepoint region: Cleanup
[2023-10-19T21:07:25.823+0000][1720.355s][info ][safepoint     ] Leaving safepoint region
[2023-10-19T21:07:25.823+0000][1720.355s][info ][safepoint     ] Total time for which application threads were stopped: 0.0021191 seconds, Stopping threads took: 0.0010713 seconds
[2023-10-19T21:07:26.824+0000][1721.356s][debug][safepoint     ] Safepoint synchronization initiated. (178 threads)
[2023-10-19T21:07:26.825+0000][1721.357s][info ][safepoint     ] Application time: 1.0011662 seconds
[2023-10-19T21:07:26.826+0000][1721.358s][info ][safepoint     ] Entering safepoint region: Cleanup
[2023-10-19T21:07:26.828+0000][1721.360s][info ][safepoint     ] Leaving safepoint region
[2023-10-19T21:07:26.829+0000][1721.361s][info ][safepoint     ] Total time for which application threads were stopped: 0.0024490 seconds, Stopping threads took: 0.0010051 seconds
[2023-10-19T21:07:27.830+0000][1722.362s][debug][safepoint     ] Safepoint synchronization initiated. (178 threads)
[2023-10-19T21:07:27.831+0000][1722.363s][info ][safepoint     ] Application time: 1.0015259 seconds
[2023-10-19T21:07:27.832+0000][1722.364s][info ][safepoint     ] Entering safepoint region: Cleanup
[2023-10-19T21:07:27.834+0000][1722.365s][info ][safepoint     ] Leaving safepoint region
[2023-10-19T21:07:27.834+0000][1722.366s][info ][safepoint     ] Total time for which application threads were stopped: 0.0022058 seconds, Stopping threads took: 0.0010239 seconds
[2023-10-19T21:07:28.835+0000][1723.367s][debug][safepoint     ] Safepoint synchronization initiated. (178 threads)
[2023-10-19T21:07:28.836+0000][1723.368s][info ][safepoint     ] Application time: 1.0013533 seconds
[2023-10-19T21:07:28.837+0000][1723.369s][info ][safepoint     ] Entering safepoint region: Cleanup
[2023-10-19T21:07:28.838+0000][1723.370s][info ][safepoint     ] Leaving safepoint region
[2023-10-19T21:07:28.839+0000][1723.371s][info ][safepoint     ] Total time for which application threads were stopped: 0.0016816 seconds, Stopping threads took: 0.0008117 seconds
[2023-10-19T21:07:29.840+0000][1724.372s][debug][safepoint     ] Safepoint synchronization initiated. (178 threads)
[2023-10-19T21:07:29.840+0000][1724.372s][info ][safepoint     ] Application time: 1.0006451 seconds
[2023-10-19T21:07:29.841+0000][1724.373s][info ][safepoint     ] Entering safepoint region: Cleanup
[2023-10-19T21:07:29.841+0000][1724.373s][info ][safepoint     ] Leaving safepoint region
[2023-10-19T21:07:29.842+0000][1724.374s][info ][safepoint     ] Total time for which application threads were stopped: 0.0010531 seconds, Stopping threads took: 0.0004836 seconds
[2023-10-19T21:07:30.843+0000][1725.374s][debug][safepoint     ] Safepoint synchronization initiated. (178 threads)
[2023-10-19T21:07:30.844+0000][1725.376s][info ][safepoint     ] Application time: 1.0018242 seconds
[2023-10-19T21:07:30.845+0000][1725.377s][info ][safepoint     ] Entering safepoint region: Cleanup
[2023-10-19T21:07:30.847+0000][1725.378s][info ][safepoint     ] Leaving safepoint region
[2023-10-19T21:07:30.847+0000][1725.379s][info ][safepoint     ] Total time for which application threads were stopped: 0.0025361 seconds, Stopping threads took: 0.0011747 seconds
[2023-10-19T21:07:31.849+0000][1726.381s][debug][safepoint     ] Safepoint synchronization initiated. (178 threads)
[2023-10-19T21:07:31.849+0000][1726.381s][info ][safepoint     ] Application time: 1.0008673 seconds
[2023-10-19T21:07:31.850+0000][1726.382s][info ][safepoint     ] Entering safepoint region: Cleanup
[2023-10-19T21:07:31.850+0000][1726.382s][info ][safepoint     ] Leaving safepoint region
[2023-10-19T21:07:31.851+0000][1726.382s][info ][safepoint     ] Total time for which application threads were stopped: 0.0009226 seconds, Stopping threads took: 0.0003823 seconds
[2023-10-19T21:07:32.851+0000][1727.383s][debug][safepoint     ] Safepoint synchronization initiated. (178 threads)
[2023-10-19T21:07:32.851+0000][1727.383s][info ][safepoint     ] Application time: 1.0005358 seconds
[2023-10-19T21:07:32.852+0000][1727.384s][info ][safepoint     ] Entering safepoint region: Cleanup
[2023-10-19T21:07:32.852+0000][1727.384s][info ][safepoint     ] Leaving safepoint region
[2023-10-19T21:07:32.853+0000][1727.385s][info ][safepoint     ] Total time for which application threads were stopped: 0.0011038 seconds, Stopping threads took: 0.0004064 seconds
[2023-10-19T21:07:33.854+0000][1728.385s][debug][safepoint     ] Safepoint synchronization initiated. (178 threads)
[2023-10-19T21:07:33.854+0000][1728.386s][info ][safepoint     ] Application time: 1.0007301 seconds
[2023-10-19T21:07:33.855+0000][1728.387s][info ][safepoint     ] Entering safepoint region: Cleanup
[2023-10-19T21:07:33.855+0000][1728.387s][info ][safepoint     ] Leaving safepoint region
[2023-10-19T21:07:33.856+0000][1728.387s][info ][safepoint     ] Total time for which application threads were stopped: 0.0009746 seconds, Stopping threads took: 0.0004663 seconds
[2023-10-19T21:07:34.856+0000][1729.388s][debug][safepoint     ] Safepoint synchronization initiated. (178 threads)
[2023-10-19T21:07:34.857+0000][1729.389s][info ][safepoint     ] Application time: 1.0009911 seconds
[2023-10-19T21:07:34.858+0000][1729.390s][info ][safepoint     ] Entering safepoint region: Cleanup
[2023-10-19T21:07:34.859+0000][1729.391s][info ][safepoint     ] Leaving safepoint region
[2023-10-19T21:07:34.860+0000][1729.391s][info ][safepoint     ] Total time for which application threads were stopped: 0.0017532 seconds, Stopping threads took: 0.0008981 seconds
[2023-10-19T21:07:35.860+0000][1730.392s][debug][safepoint     ] Safepoint synchronization initiated. (178 threads)
[2023-10-19T21:07:35.861+0000][1730.393s][info ][safepoint     ] Application time: 1.0008691 seconds
[2023-10-19T21:07:35.862+0000][1730.394s][info ][safepoint     ] Entering safepoint region: Cleanup
[2023-10-19T21:07:35.862+0000][1730.394s][info ][safepoint     ] Leaving safepoint region
[2023-10-19T21:07:35.863+0000][1730.395s][info ][safepoint     ] Total time for which application threads were stopped: 0.0011398 seconds, Stopping threads took: 0.0004840 seconds
[2023-10-19T21:07:36.863+0000][1731.395s][debug][safepoint     ] Safepoint synchronization initiated. (178 threads)
[2023-10-19T21:07:36.864+0000][1731.396s][info ][safepoint     ] Application time: 1.0008158 seconds
[2023-10-19T21:07:36.866+0000][1731.397s][info ][safepoint     ] Entering safepoint region: Cleanup
[2023-10-19T21:07:36.866+0000][1731.398s][info ][safepoint     ] Leaving safepoint region
[2023-10-19T21:07:36.867+0000][1731.399s][info ][safepoint     ] Total time for which application threads were stopped: 0.0014183 seconds, Stopping threads took: 0.0007792 seconds
[2023-10-19T21:07:37.867+0000][1732.399s][debug][safepoint     ] Safepoint synchronization initiated. (178 threads)
[2023-10-19T21:07:37.868+0000][1732.400s][info ][safepoint     ] Application time: 1.0007445 seconds
[2023-10-19T21:07:37.868+0000][1732.400s][info ][safepoint     ] Entering safepoint region: Cleanup
[2023-10-19T21:07:37.869+0000][1732.401s][info ][safepoint     ] Leaving safepoint region
[2023-10-19T21:07:37.870+0000][1732.402s][info ][safepoint     ] Total time for which application threads were stopped: 0.0016939 seconds, Stopping threads took: 0.0009757 seconds
[2023-10-19T21:07:38.871+0000][1733.403s][debug][safepoint     ] Safepoint synchronization initiated. (178 threads)
[2023-10-19T21:07:38.872+0000][1733.404s][info ][safepoint     ] Application time: 1.0016421 seconds
[2023-10-19T21:07:38.873+0000][1733.405s][debug][safepoint     ] ... found polling page return exception at pc = 0x00007fbdb0a9d3f6, stub =0x00007fbda8840600
[2023-10-19T21:07:38.874+0000][1733.406s][debug][safepoint     ] Waiting for 2 thread(s) to block
[2023-10-19T21:07:38.876+0000][1733.408s][info ][safepoint     ] Entering safepoint region: Cleanup
[2023-10-19T21:07:38.877+0000][1733.409s][info ][safepoint     ] Leaving safepoint region
[2023-10-19T21:07:38.878+0000][1733.410s][info ][safepoint     ] Total time for which application threads were stopped: 0.0045598 seconds, Stopping threads took: 0.0034771 seconds
[2023-10-19T21:07:39.879+0000][1734.411s][debug][safepoint     ] Safepoint synchronization initiated. (178 threads)
[2023-10-19T21:07:39.879+0000][1734.411s][info ][safepoint     ] Application time: 1.0006520 seconds
[2023-10-19T21:07:39.880+0000][1734.412s][info ][safepoint     ] Entering safepoint region: Cleanup
[2023-10-19T21:07:39.880+0000][1734.412s][info ][safepoint     ] Leaving safepoint region
[2023-10-19T21:07:39.881+0000][1734.412s][info ][safepoint     ] Total time for which application threads were stopped: 0.0009750 seconds, Stopping threads took: 0.0003781 seconds
[2023-10-19T21:07:40.881+0000][1735.413s][debug][safepoint     ] Safepoint synchronization initiated. (178 threads)
[2023-10-19T21:07:40.882+0000][1735.414s][info ][safepoint     ] Application time: 1.0008565 seconds
[2023-10-19T21:07:40.882+0000][1735.414s][info ][safepoint     ] Entering safepoint region: Cleanup
[2023-10-19T21:07:40.883+0000][1735.415s][info ][safepoint     ] Leaving safepoint region
[2023-10-19T21:07:40.883+0000][1735.415s][info ][safepoint     ] Total time for which application threads were stopped: 0.0011389 seconds, Stopping threads took: 0.0005476 seconds
[2023-10-19T21:07:41.884+0000][1736.416s][debug][safepoint     ] Safepoint synchronization initiated. (178 threads)
[2023-10-19T21:07:41.885+0000][1736.417s][info ][safepoint     ] Application time: 1.0015645 seconds
[2023-10-19T21:07:41.886+0000][1736.418s][info ][safepoint     ] Entering safepoint region: Cleanup
[2023-10-19T21:07:41.888+0000][1736.420s][info ][safepoint     ] Leaving safepoint region
[2023-10-19T21:07:41.889+0000][1736.420s][info ][safepoint     ] Total time for which application threads were stopped: 0.0021858 seconds, Stopping threads took: 0.0010424 seconds
[2023-10-19T21:07:42.889+0000][1737.421s][debug][safepoint     ] Safepoint synchronization initiated. (178 threads)
[2023-10-19T21:07:42.890+0000][1737.422s][info ][safepoint     ] Application time: 1.0007191 seconds
[2023-10-19T21:07:42.891+0000][1737.422s][info ][safepoint     ] Entering safepoint region: Cleanup
[2023-10-19T21:07:42.891+0000][1737.423s][info ][safepoint     ] Leaving safepoint region
[2023-10-19T21:07:42.892+0000][1737.424s][info ][safepoint     ] Total time for which application threads were stopped: 0.0011903 seconds, Stopping threads took: 0.0004712 seconds
[2023-10-19T21:07:43.893+0000][1738.424s][debug][safepoint     ] Safepoint synchronization initiated. (178 threads)
[2023-10-19T21:07:43.894+0000][1738.426s][info ][safepoint     ] Application time: 1.0015896 seconds
[2023-10-19T21:07:43.895+0000][1738.427s][info ][safepoint     ] Entering safepoint region: Cleanup
[2023-10-19T21:07:43.896+0000][1738.428s][info ][safepoint     ] Leaving safepoint region
[2023-10-19T21:07:43.897+0000][1738.429s][info ][safepoint     ] Total time for which application threads were stopped: 0.0024372 seconds, Stopping threads took: 0.0011921 seconds
[2023-10-19T21:07:44.898+0000][1739.430s][debug][safepoint     ] Safepoint synchronization initiated. (178 threads)
[2023-10-19T21:07:44.899+0000][1739.431s][info ][safepoint     ] Application time: 1.0007828 seconds
[2023-10-19T21:07:44.899+0000][1739.431s][info ][safepoint     ] Entering safepoint region: Cleanup
[2023-10-19T21:07:44.900+0000][1739.432s][info ][safepoint     ] Leaving safepoint region
[2023-10-19T21:07:44.900+0000][1739.432s][info ][safepoint     ] Total time for which application threads were stopped: 0.0009076 seconds, Stopping threads took: 0.0004165 seconds
[2023-10-19T21:07:45.901+0000][1740.432s][debug][safepoint     ] Safepoint synchronization initiated. (178 threads)
[2023-10-19T21:07:45.902+0000][1740.434s][info ][safepoint     ] Application time: 1.0011776 seconds
[2023-10-19T21:07:45.902+0000][1740.434s][info ][safepoint     ] Entering safepoint region: Cleanup
[2023-10-19T21:07:45.903+0000][1740.435s][info ][safepoint     ] Leaving safepoint region
[2023-10-19T21:07:45.903+0000][1740.435s][info ][safepoint     ] Total time for which application threads were stopped: 0.0009210 seconds, Stopping threads took: 0.0004150 seconds
[2023-10-19T21:07:46.904+0000][1741.435s][debug][safepoint     ] Safepoint synchronization initiated. (178 threads)
[2023-10-19T21:07:46.904+0000][1741.436s][info ][safepoint     ] Application time: 1.0008397 seconds
[2023-10-19T21:07:46.905+0000][1741.437s][info ][safepoint     ] Entering safepoint region: Cleanup
[2023-10-19T21:07:46.906+0000][1741.438s][info ][safepoint     ] Leaving safepoint region
[2023-10-19T21:07:46.906+0000][1741.438s][info ][safepoint     ] Total time for which application threads were stopped: 0.0014146 seconds, Stopping threads took: 0.0006262 seconds
[2023-10-19T21:07:47.907+0000][1742.439s][debug][safepoint     ] Safepoint synchronization initiated. (178 threads)
[2023-10-19T21:07:47.908+0000][1742.439s][info ][safepoint     ] Application time: 1.0006826 seconds
[2023-10-19T21:07:47.908+0000][1742.440s][info ][safepoint     ] Entering safepoint region: Cleanup
[2023-10-19T21:07:47.909+0000][1742.441s][info ][safepoint     ] Leaving safepoint region
[2023-10-19T21:07:47.909+0000][1742.441s][info ][safepoint     ] Total time for which application threads were stopped: 0.0012611 seconds, Stopping threads took: 0.0005857 seconds
[2023-10-19T21:07:48.910+0000][1743.442s][debug][safepoint     ] Safepoint synchronization initiated. (178 threads)
[2023-10-19T21:07:48.911+0000][1743.443s][info ][safepoint     ] Application time: 1.0009434 seconds
[2023-10-19T21:07:48.911+0000][1743.443s][info ][safepoint     ] Entering safepoint region: Cleanup
[2023-10-19T21:07:48.912+0000][1743.444s][info ][safepoint     ] Leaving safepoint region
[2023-10-19T21:07:48.912+0000][1743.444s][info ][safepoint     ] Total time for which application threads were stopped: 0.0011435 seconds, Stopping threads took: 0.0005375 seconds
[2023-10-19T21:07:49.913+0000][1744.445s][debug][safepoint     ] Safepoint synchronization initiated. (178 threads)
[2023-10-19T21:07:49.914+0000][1744.446s][info ][safepoint     ] Application time: 1.0010707 seconds
[2023-10-19T21:07:49.915+0000][1744.446s][info ][safepoint     ] Entering safepoint region: Cleanup
[2023-10-19T21:07:49.915+0000][1744.447s][info ][safepoint     ] Leaving safepoint region
[2023-10-19T21:07:49.916+0000][1744.448s][info ][safepoint     ] Total time for which application threads were stopped: 0.0014437 seconds, Stopping threads took: 0.0005570 seconds
[2023-10-19T21:07:50.917+0000][1745.449s][debug][safepoint     ] Safepoint synchronization initiated. (178 threads)
[2023-10-19T21:07:50.917+0000][1745.449s][info ][safepoint     ] Application time: 1.0007291 seconds
[2023-10-19T21:07:50.918+0000][1745.450s][info ][safepoint     ] Entering safepoint region: Cleanup
[2023-10-19T21:07:50.918+0000][1745.450s][info ][safepoint     ] Leaving safepoint region
[2023-10-19T21:07:50.919+0000][1745.451s][info ][safepoint     ] Total time for which application threads were stopped: 0.0010375 seconds, Stopping threads took: 0.0004166 seconds
[2023-10-19T21:07:51.919+0000][1746.451s][debug][safepoint     ] Safepoint synchronization initiated. (178 threads)
[2023-10-19T21:07:51.920+0000][1746.452s][info ][safepoint     ] Application time: 1.0007246 seconds
[2023-10-19T21:07:51.920+0000][1746.452s][info ][safepoint     ] Entering safepoint region: Cleanup
[2023-10-19T21:07:51.921+0000][1746.453s][info ][safepoint     ] Leaving safepoint region
[2023-10-19T21:07:51.922+0000][1746.454s][info ][safepoint     ] Total time for which application threads were stopped: 0.0013272 seconds, Stopping threads took: 0.0005599 seconds
[2023-10-19T21:07:52.923+0000][1747.454s][debug][safepoint     ] Safepoint synchronization initiated. (178 threads)
[2023-10-19T21:07:52.923+0000][1747.455s][info ][safepoint     ] Application time: 1.0010721 seconds
[2023-10-19T21:07:52.924+0000][1747.456s][info ][safepoint     ] Entering safepoint region: Cleanup
[2023-10-19T21:07:52.925+0000][1747.457s][info ][safepoint     ] Leaving safepoint region
[2023-10-19T21:07:52.925+0000][1747.457s][info ][safepoint     ] Total time for which application threads were stopped: 0.0011951 seconds, Stopping threads took: 0.0006016 seconds
[2023-10-19T21:07:53.926+0000][1748.458s][debug][safepoint     ] Safepoint synchronization initiated. (178 threads)
[2023-10-19T21:07:53.927+0000][1748.458s][info ][safepoint     ] Application time: 1.0009368 seconds
[2023-10-19T21:07:53.927+0000][1748.459s][info ][safepoint     ] Entering safepoint region: Cleanup
[2023-10-19T21:07:53.928+0000][1748.460s][info ][safepoint     ] Leaving safepoint region
[2023-10-19T21:07:53.928+0000][1748.460s][info ][safepoint     ] Total time for which application threads were stopped: 0.0014044 seconds, Stopping threads took: 0.0006757 seconds
[2023-10-19T21:07:54.929+0000][1749.461s][debug][safepoint     ] Safepoint synchronization initiated. (178 threads)
[2023-10-19T21:07:54.929+0000][1749.461s][info ][safepoint     ] Application time: 1.0004673 seconds
[2023-10-19T21:07:54.930+0000][1749.462s][info ][safepoint     ] Entering safepoint region: Cleanup
[2023-10-19T21:07:54.930+0000][1749.462s][info ][safepoint     ] Leaving safepoint region
[2023-10-19T21:07:54.931+0000][1749.462s][info ][safepoint     ] Total time for which application threads were stopped: 0.0008080 seconds, Stopping threads took: 0.0003593 seconds
[2023-10-19T21:07:55.931+0000][1750.463s][debug][safepoint     ] Safepoint synchronization initiated. (178 threads)
[2023-10-19T21:07:55.932+0000][1750.464s][info ][safepoint     ] Application time: 1.0015185 seconds
[2023-10-19T21:07:55.934+0000][1750.465s][info ][safepoint     ] Entering safepoint region: Cleanup
[2023-10-19T21:07:55.935+0000][1750.467s][info ][safepoint     ] Leaving safepoint region
[2023-10-19T21:07:55.936+0000][1750.468s][info ][safepoint     ] Total time for which application threads were stopped: 0.0025990 seconds, Stopping threads took: 0.0011294 seconds
[2023-10-19T21:07:56.937+0000][1751.469s][debug][safepoint     ] Safepoint synchronization initiated. (178 threads)
[2023-10-19T21:07:56.938+0000][1751.470s][info ][safepoint     ] Application time: 1.0013586 seconds
[2023-10-19T21:07:56.939+0000][1751.471s][info ][safepoint     ] Entering safepoint region: Cleanup
[2023-10-19T21:07:56.940+0000][1751.472s][info ][safepoint     ] Leaving safepoint region
[2023-10-19T21:07:56.941+0000][1751.473s][info ][safepoint     ] Total time for which application threads were stopped: 0.0017355 seconds, Stopping threads took: 0.0007650 seconds
[2023-10-19T21:07:57.942+0000][1752.474s][debug][safepoint     ] Safepoint synchronization initiated. (178 threads)
[2023-10-19T21:07:57.943+0000][1752.475s][info ][safepoint     ] Application time: 1.0011686 seconds
[2023-10-19T21:07:57.944+0000][1752.476s][info ][safepoint     ] Entering safepoint region: Cleanup
[2023-10-19T21:07:57.945+0000][1752.477s][info ][safepoint     ] Leaving safepoint region
[2023-10-19T21:07:57.946+0000][1752.478s][info ][safepoint     ] Total time for which application threads were stopped: 0.0021263 seconds, Stopping threads took: 0.0009414 seconds
[2023-10-19T21:07:58.947+0000][1753.479s][debug][safepoint     ] Safepoint synchronization initiated. (178 threads)
[2023-10-19T21:07:58.947+0000][1753.479s][info ][safepoint     ] Application time: 1.0006655 seconds
[2023-10-19T21:07:58.948+0000][1753.480s][info ][safepoint     ] Entering safepoint region: Cleanup
[2023-10-19T21:07:58.949+0000][1753.481s][info ][safepoint     ] Leaving safepoint region
[2023-10-19T21:07:58.949+0000][1753.481s][info ][safepoint     ] Total time for which application threads were stopped: 0.0012291 seconds, Stopping threads took: 0.0004981 seconds
[2023-10-19T21:07:59.950+0000][1754.482s][debug][safepoint     ] Safepoint synchronization initiated. (178 threads)
[2023-10-19T21:07:59.951+0000][1754.483s][info ][safepoint     ] Application time: 1.0014817 seconds
[2023-10-19T21:07:59.952+0000][1754.484s][info ][safepoint     ] Entering safepoint region: Cleanup
[2023-10-19T21:07:59.954+0000][1754.486s][info ][safepoint     ] Leaving safepoint region
[2023-10-19T21:07:59.955+0000][1754.487s][info ][safepoint     ] Total time for which application threads were stopped: 0.0026863 seconds, Stopping threads took: 0.0011955 seconds
[2023-10-19T21:08:00.956+0000][1755.488s][debug][safepoint     ] Safepoint synchronization initiated. (178 threads)
[2023-10-19T21:08:00.957+0000][1755.489s][info ][safepoint     ] Application time: 1.0015088 seconds
[2023-10-19T21:08:00.958+0000][1755.490s][info ][safepoint     ] Entering safepoint region: Cleanup
[2023-10-19T21:08:00.960+0000][1755.492s][info ][safepoint     ] Leaving safepoint region
[2023-10-19T21:08:00.961+0000][1755.492s][info ][safepoint     ] Total time for which application threads were stopped: 0.0022250 seconds, Stopping threads took: 0.0009619 seconds
[2023-10-19T21:08:01.962+0000][1756.494s][debug][safepoint     ] Safepoint synchronization initiated. (178 threads)
[2023-10-19T21:08:01.963+0000][1756.495s][info ][safepoint     ] Application time: 1.0014649 seconds
[2023-10-19T21:08:01.964+0000][1756.496s][info ][safepoint     ] Entering safepoint region: Cleanup
[2023-10-19T21:08:01.965+0000][1756.497s][info ][safepoint     ] Leaving safepoint region
[2023-10-19T21:08:01.966+0000][1756.498s][info ][safepoint     ] Total time for which application threads were stopped: 0.0020872 seconds, Stopping threads took: 0.0008963 seconds
[2023-10-19T21:08:02.967+0000][1757.499s][debug][safepoint     ] Safepoint synchronization initiated. (178 threads)
[2023-10-19T21:08:02.968+0000][1757.500s][info ][safepoint     ] Application time: 1.0014750 seconds
[2023-10-19T21:08:02.969+0000][1757.501s][info ][safepoint     ] Entering safepoint region: Cleanup
[2023-10-19T21:08:02.970+0000][1757.502s][info ][safepoint     ] Leaving safepoint region
[2023-10-19T21:08:02.971+0000][1757.503s][info ][safepoint     ] Total time for which application threads were stopped: 0.0021249 seconds, Stopping threads took: 0.0008893 seconds
[2023-10-19T21:08:03.973+0000][1758.505s][debug][safepoint     ] Safepoint synchronization initiated. (178 threads)
[2023-10-19T21:08:03.974+0000][1758.506s][info ][safepoint     ] Application time: 1.0014685 seconds
[2023-10-19T21:08:03.975+0000][1758.507s][info ][safepoint     ] Entering safepoint region: Cleanup
[2023-10-19T21:08:03.976+0000][1758.508s][info ][safepoint     ] Leaving safepoint region
[2023-10-19T21:08:03.977+0000][1758.509s][info ][safepoint     ] Total time for which application threads were stopped: 0.0025003 seconds, Stopping threads took: 0.0010712 seconds
[2023-10-19T21:08:04.978+0000][1759.510s][debug][safepoint     ] Safepoint synchronization initiated. (178 threads)
[2023-10-19T21:08:04.980+0000][1759.512s][info ][safepoint     ] Application time: 1.0014428 seconds
[2023-10-19T21:08:04.981+0000][1759.513s][info ][safepoint     ] Entering safepoint region: Cleanup
[2023-10-19T21:08:04.982+0000][1759.514s][info ][safepoint     ] Leaving safepoint region
[2023-10-19T21:08:04.983+0000][1759.515s][info ][safepoint     ] Total time for which application threads were stopped: 0.0025731 seconds, Stopping threads took: 0.0010557 seconds
[2023-10-19T21:08:05.985+0000][1760.517s][debug][safepoint     ] Safepoint synchronization initiated. (178 threads)
[2023-10-19T21:08:05.985+0000][1760.517s][info ][safepoint     ] Application time: 1.0010583 seconds
[2023-10-19T21:08:05.986+0000][1760.518s][info ][safepoint     ] Entering safepoint region: Cleanup
[2023-10-19T21:08:05.987+0000][1760.519s][info ][safepoint     ] Leaving safepoint region
[2023-10-19T21:08:05.988+0000][1760.520s][info ][safepoint     ] Total time for which application threads were stopped: 0.0015584 seconds, Stopping threads took: 0.0006856 seconds
[2023-10-19T21:08:06.988+0000][1761.520s][debug][safepoint     ] Safepoint synchronization initiated. (178 threads)
[2023-10-19T21:08:06.989+0000][1761.521s][info ][safepoint     ] Application time: 1.0007275 seconds
[2023-10-19T21:08:06.990+0000][1761.521s][info ][safepoint     ] Entering safepoint region: Cleanup
[2023-10-19T21:08:06.990+0000][1761.522s][info ][safepoint     ] Leaving safepoint region
[2023-10-19T21:08:06.991+0000][1761.522s][info ][safepoint     ] Total time for which application threads were stopped: 0.0010958 seconds, Stopping threads took: 0.0004858 seconds
[2023-10-19T21:08:07.991+0000][1762.523s][debug][safepoint     ] Safepoint synchronization initiated. (178 threads)
[2023-10-19T21:08:07.993+0000][1762.524s][info ][safepoint     ] Application time: 1.0014921 seconds
[2023-10-19T21:08:07.994+0000][1762.526s][info ][safepoint     ] Entering safepoint region: Cleanup
[2023-10-19T21:08:07.995+0000][1762.527s][info ][safepoint     ] Leaving safepoint region
[2023-10-19T21:08:07.996+0000][1762.528s][info ][safepoint     ] Total time for which application threads were stopped: 0.0024001 seconds, Stopping threads took: 0.0011138 seconds
[2023-10-19T21:08:08.997+0000][1763.529s][debug][safepoint     ] Safepoint synchronization initiated. (178 threads)
[2023-10-19T21:08:08.999+0000][1763.530s][info ][safepoint     ] Application time: 1.0015024 seconds
[2023-10-19T21:08:09.000+0000][1763.532s][info ][safepoint     ] Entering safepoint region: Cleanup
[2023-10-19T21:08:09.001+0000][1763.533s][info ][safepoint     ] Leaving safepoint region
[2023-10-19T21:08:09.002+0000][1763.534s][info ][safepoint     ] Total time for which application threads were stopped: 0.0022987 seconds, Stopping threads took: 0.0010888 seconds
[2023-10-19T21:08:10.003+0000][1764.535s][debug][safepoint     ] Safepoint synchronization initiated. (178 threads)
[2023-10-19T21:08:10.004+0000][1764.536s][info ][safepoint     ] Application time: 1.0014061 seconds
[2023-10-19T21:08:10.005+0000][1764.537s][info ][safepoint     ] Entering safepoint region: Cleanup
[2023-10-19T21:08:10.007+0000][1764.538s][info ][safepoint     ] Leaving safepoint region
[2023-10-19T21:08:10.007+0000][1764.539s][info ][safepoint     ] Total time for which application threads were stopped: 0.0021769 seconds, Stopping threads took: 0.0009931 seconds
[2023-10-19T21:08:11.008+0000][1765.540s][debug][safepoint     ] Safepoint synchronization initiated. (178 threads)
[2023-10-19T21:08:11.009+0000][1765.541s][info ][safepoint     ] Application time: 1.0012196 seconds
[2023-10-19T21:08:11.010+0000][1765.542s][info ][safepoint     ] Entering safepoint region: Cleanup
[2023-10-19T21:08:11.012+0000][1765.544s][info ][safepoint     ] Leaving safepoint region
[2023-10-19T21:08:11.013+0000][1765.545s][info ][safepoint     ] Total time for which application threads were stopped: 0.0023876 seconds, Stopping threads took: 0.0011113 seconds
[2023-10-19T21:08:12.014+0000][1766.546s][debug][safepoint     ] Safepoint synchronization initiated. (178 threads)
[2023-10-19T21:08:12.015+0000][1766.546s][info ][safepoint     ] Application time: 1.0011880 seconds
[2023-10-19T21:08:12.015+0000][1766.547s][info ][safepoint     ] Entering safepoint region: Cleanup
[2023-10-19T21:08:12.016+0000][1766.548s][info ][safepoint     ] Leaving safepoint region
[2023-10-19T21:08:12.017+0000][1766.549s][info ][safepoint     ] Total time for which application threads were stopped: 0.0017580 seconds, Stopping threads took: 0.0007526 seconds
[2023-10-19T21:08:13.018+0000][1767.550s][debug][safepoint     ] Safepoint synchronization initiated. (178 threads)
[2023-10-19T21:08:13.020+0000][1767.552s][info ][safepoint     ] Application time: 1.0017405 seconds
[2023-10-19T21:08:13.021+0000][1767.553s][info ][safepoint     ] Entering safepoint region: Cleanup
[2023-10-19T21:08:13.022+0000][1767.554s][info ][safepoint     ] Leaving safepoint region
[2023-10-19T21:08:13.023+0000][1767.555s][info ][safepoint     ] Total time for which application threads were stopped: 0.0023803 seconds, Stopping threads took: 0.0011184 seconds
[2023-10-19T21:08:14.024+0000][1768.556s][debug][safepoint     ] Safepoint synchronization initiated. (178 threads)
[2023-10-19T21:08:14.025+0000][1768.557s][info ][safepoint     ] Application time: 1.0010013 seconds
[2023-10-19T21:08:14.026+0000][1768.557s][info ][safepoint     ] Entering safepoint region: Cleanup
[2023-10-19T21:08:14.026+0000][1768.558s][info ][safepoint     ] Leaving safepoint region
[2023-10-19T21:08:14.027+0000][1768.559s][info ][safepoint     ] Total time for which application threads were stopped: 0.0017248 seconds, Stopping threads took: 0.0005528 seconds
[2023-10-19T21:08:15.028+0000][1769.560s][debug][safepoint     ] Safepoint synchronization initiated. (178 threads)
[2023-10-19T21:08:15.029+0000][1769.561s][info ][safepoint     ] Application time: 1.0012493 seconds
[2023-10-19T21:08:15.030+0000][1769.562s][info ][safepoint     ] Entering safepoint region: Cleanup
[2023-10-19T21:08:15.031+0000][1769.563s][info ][safepoint     ] Leaving safepoint region
[2023-10-19T21:08:15.032+0000][1769.564s][info ][safepoint     ] Total time for which application threads were stopped: 0.0018802 seconds, Stopping threads took: 0.0007899 seconds
[2023-10-19T21:08:16.033+0000][1770.564s][debug][safepoint     ] Safepoint synchronization initiated. (178 threads)
[2023-10-19T21:08:16.033+0000][1770.565s][info ][safepoint     ] Application time: 1.0006375 seconds
[2023-10-19T21:08:16.033+0000][1770.565s][info ][safepoint     ] Entering safepoint region: Cleanup
[2023-10-19T21:08:16.034+0000][1770.566s][info ][safepoint     ] Leaving safepoint region
[2023-10-19T21:08:16.035+0000][1770.567s][info ][safepoint     ] Total time for which application threads were stopped: 0.0013204 seconds, Stopping threads took: 0.0004772 seconds
[2023-10-19T21:08:17.035+0000][1771.567s][debug][safepoint     ] Safepoint synchronization initiated. (178 threads)
[2023-10-19T21:08:17.037+0000][1771.569s][info ][safepoint     ] Application time: 1.0021991 seconds
[2023-10-19T21:08:17.038+0000][1771.570s][info ][safepoint     ] Entering safepoint region: Cleanup
[2023-10-19T21:08:17.039+0000][1771.571s][info ][safepoint     ] Leaving safepoint region
[2023-10-19T21:08:17.040+0000][1771.572s][info ][safepoint     ] Total time for which application threads were stopped: 0.0016910 seconds, Stopping threads took: 0.0008153 seconds
[2023-10-19T21:08:18.041+0000][1772.573s][debug][safepoint     ] Safepoint synchronization initiated. (178 threads)
[2023-10-19T21:08:18.042+0000][1772.574s][info ][safepoint     ] Application time: 1.0015775 seconds
[2023-10-19T21:08:18.043+0000][1772.575s][info ][safepoint     ] Entering safepoint region: Cleanup
[2023-10-19T21:08:18.045+0000][1772.577s][info ][safepoint     ] Leaving safepoint region
[2023-10-19T21:08:18.046+0000][1772.578s][info ][safepoint     ] Total time for which application threads were stopped: 0.0026617 seconds, Stopping threads took: 0.0012118 seconds
[2023-10-19T21:08:19.047+0000][1773.579s][debug][safepoint     ] Safepoint synchronization initiated. (178 threads)
[2023-10-19T21:08:19.048+0000][1773.580s][info ][safepoint     ] Application time: 1.0010509 seconds
[2023-10-19T21:08:19.049+0000][1773.581s][info ][safepoint     ] Entering safepoint region: Cleanup
[2023-10-19T21:08:19.050+0000][1773.582s][info ][safepoint     ] Leaving safepoint region
[2023-10-19T21:08:19.050+0000][1773.582s][info ][safepoint     ] Total time for which application threads were stopped: 0.0013650 seconds, Stopping threads took: 0.0006280 seconds
[2023-10-19T21:08:20.051+0000][1774.583s][debug][safepoint     ] Safepoint synchronization initiated. (178 threads)
[2023-10-19T21:08:20.052+0000][1774.584s][info ][safepoint     ] Application time: 1.0016151 seconds
[2023-10-19T21:08:20.054+0000][1774.585s][info ][safepoint     ] Entering safepoint region: Cleanup
[2023-10-19T21:08:20.055+0000][1774.587s][info ][safepoint     ] Leaving safepoint region
[2023-10-19T21:08:20.055+0000][1774.587s][info ][safepoint     ] Total time for which application threads were stopped: 0.0019928 seconds, Stopping threads took: 0.0008317 seconds
[2023-10-19T21:08:21.057+0000][1775.588s][debug][safepoint     ] Safepoint synchronization initiated. (178 threads)
[2023-10-19T21:08:21.058+0000][1775.590s][info ][safepoint     ] Application time: 1.0013679 seconds
[2023-10-19T21:08:21.059+0000][1775.591s][info ][safepoint     ] Entering safepoint region: Cleanup
[2023-10-19T21:08:21.060+0000][1775.592s][info ][safepoint     ] Leaving safepoint region
[2023-10-19T21:08:21.061+0000][1775.593s][info ][safepoint     ] Total time for which application threads were stopped: 0.0021569 seconds, Stopping threads took: 0.0008325 seconds
[2023-10-19T21:08:22.062+0000][1776.594s][debug][safepoint     ] Safepoint synchronization initiated. (178 threads)
[2023-10-19T21:08:22.063+0000][1776.595s][info ][safepoint     ] Application time: 1.0015051 seconds
[2023-10-19T21:08:22.064+0000][1776.596s][info ][safepoint     ] Entering safepoint region: Cleanup
[2023-10-19T21:08:22.065+0000][1776.597s][info ][safepoint     ] Leaving safepoint region
[2023-10-19T21:08:22.066+0000][1776.598s][info ][safepoint     ] Total time for which application threads were stopped: 0.0022173 seconds, Stopping threads took: 0.0009219 seconds
[2023-10-19T21:08:23.067+0000][1777.599s][debug][safepoint     ] Safepoint synchronization initiated. (180 threads)
[2023-10-19T21:08:23.068+0000][1777.600s][info ][safepoint     ] Application time: 1.0010219 seconds
[2023-10-19T21:08:23.068+0000][1777.600s][info ][safepoint     ] Entering safepoint region: Cleanup
[2023-10-19T21:08:23.070+0000][1777.601s][info ][safepoint     ] Leaving safepoint region
[2023-10-19T21:08:23.070+0000][1777.602s][info ][safepoint     ] Total time for which application threads were stopped: 0.0018132 seconds, Stopping threads took: 0.0008370 seconds
[2023-10-19T21:08:24.071+0000][1778.603s][debug][safepoint     ] Safepoint synchronization initiated. (180 threads)
[2023-10-19T21:08:24.072+0000][1778.604s][info ][safepoint     ] Application time: 1.0014862 seconds
[2023-10-19T21:08:24.073+0000][1778.605s][info ][safepoint     ] Entering safepoint region: Cleanup
[2023-10-19T21:08:24.075+0000][1778.607s][info ][safepoint     ] Leaving safepoint region
[2023-10-19T21:08:24.076+0000][1778.608s][info ][safepoint     ] Total time for which application threads were stopped: 0.0023284 seconds, Stopping threads took: 0.0009923 seconds
[2023-10-19T21:08:25.077+0000][1779.609s][debug][safepoint     ] Safepoint synchronization initiated. (180 threads)
[2023-10-19T21:08:25.078+0000][1779.610s][info ][safepoint     ] Application time: 1.0010284 seconds
[2023-10-19T21:08:25.078+0000][1779.610s][info ][safepoint     ] Entering safepoint region: Cleanup
[2023-10-19T21:08:25.079+0000][1779.611s][info ][safepoint     ] Leaving safepoint region
[2023-10-19T21:08:25.079+0000][1779.611s][info ][safepoint     ] Total time for which application threads were stopped: 0.0012454 seconds, Stopping threads took: 0.0005873 seconds
[2023-10-19T21:08:26.080+0000][1780.612s][debug][safepoint     ] Safepoint synchronization initiated. (180 threads)
[2023-10-19T21:08:26.081+0000][1780.613s][info ][safepoint     ] Application time: 1.0013561 seconds
[2023-10-19T21:08:26.082+0000][1780.614s][info ][safepoint     ] Entering safepoint region: Cleanup
[2023-10-19T21:08:26.083+0000][1780.615s][info ][safepoint     ] Leaving safepoint region
[2023-10-19T21:08:26.084+0000][1780.616s][info ][safepoint     ] Total time for which application threads were stopped: 0.0021888 seconds, Stopping threads took: 0.0009588 seconds
[2023-10-19T21:08:27.086+0000][1781.617s][debug][safepoint     ] Safepoint synchronization initiated. (180 threads)
[2023-10-19T21:08:27.086+0000][1781.618s][info ][safepoint     ] Application time: 1.0008838 seconds
[2023-10-19T21:08:27.087+0000][1781.619s][info ][safepoint     ] Entering safepoint region: Cleanup
[2023-10-19T21:08:27.087+0000][1781.619s][info ][safepoint     ] Leaving safepoint region
[2023-10-19T21:08:27.088+0000][1781.620s][info ][safepoint     ] Total time for which application threads were stopped: 0.0011625 seconds, Stopping threads took: 0.0005380 seconds
[2023-10-19T21:08:28.088+0000][1782.620s][debug][safepoint     ] Safepoint synchronization initiated. (178 threads)
[2023-10-19T21:08:28.089+0000][1782.621s][info ][safepoint     ] Application time: 1.0004712 seconds
[2023-10-19T21:08:28.089+0000][1782.621s][info ][safepoint     ] Entering safepoint region: Cleanup
[2023-10-19T21:08:28.090+0000][1782.622s][info ][safepoint     ] Leaving safepoint region
[2023-10-19T21:08:28.090+0000][1782.622s][info ][safepoint     ] Total time for which application threads were stopped: 0.0010354 seconds, Stopping threads took: 0.0004574 seconds
[2023-10-19T21:08:29.091+0000][1783.623s][debug][safepoint     ] Safepoint synchronization initiated. (178 threads)
[2023-10-19T21:08:29.092+0000][1783.624s][info ][safepoint     ] Application time: 1.0012272 seconds
[2023-10-19T21:08:29.092+0000][1783.624s][info ][safepoint     ] Entering safepoint region: Cleanup
[2023-10-19T21:08:29.093+0000][1783.625s][info ][safepoint     ] Leaving safepoint region
[2023-10-19T21:08:29.094+0000][1783.626s][info ][safepoint     ] Total time for which application threads were stopped: 0.0015000 seconds, Stopping threads took: 0.0007815 seconds
[2023-10-19T21:08:30.094+0000][1784.626s][debug][safepoint     ] Safepoint synchronization initiated. (180 threads)
[2023-10-19T21:08:30.095+0000][1784.627s][info ][safepoint     ] Application time: 1.0011216 seconds
[2023-10-19T21:08:30.096+0000][1784.628s][info ][safepoint     ] Entering safepoint region: Cleanup
[2023-10-19T21:08:30.097+0000][1784.629s][info ][safepoint     ] Leaving safepoint region
[2023-10-19T21:08:30.098+0000][1784.630s][info ][safepoint     ] Total time for which application threads were stopped: 0.0021324 seconds, Stopping threads took: 0.0009315 seconds
[2023-10-19T21:08:31.099+0000][1785.631s][debug][safepoint     ] Safepoint synchronization initiated. (180 threads)
[2023-10-19T21:08:31.099+0000][1785.631s][info ][safepoint     ] Application time: 1.0005657 seconds
[2023-10-19T21:08:31.100+0000][1785.632s][info ][safepoint     ] Entering safepoint region: Cleanup
[2023-10-19T21:08:31.100+0000][1785.632s][info ][safepoint     ] Leaving safepoint region
[2023-10-19T21:08:31.100+0000][1785.632s][info ][safepoint     ] Total time for which application threads were stopped: 0.0007289 seconds, Stopping threads took: 0.0003065 seconds
[2023-10-19T21:08:32.101+0000][1786.633s][debug][safepoint     ] Safepoint synchronization initiated. (180 threads)
[2023-10-19T21:08:32.102+0000][1786.634s][info ][safepoint     ] Application time: 1.0014382 seconds
[2023-10-19T21:08:32.103+0000][1786.635s][info ][safepoint     ] Entering safepoint region: Cleanup
[2023-10-19T21:08:32.105+0000][1786.637s][info ][safepoint     ] Leaving safepoint region
[2023-10-19T21:08:32.106+0000][1786.638s][info ][safepoint     ] Total time for which application threads were stopped: 0.0023821 seconds, Stopping threads took: 0.0010481 seconds
[2023-10-19T21:08:33.107+0000][1787.639s][debug][safepoint     ] Safepoint synchronization initiated. (180 threads)
[2023-10-19T21:08:33.108+0000][1787.640s][info ][safepoint     ] Application time: 1.0013915 seconds
[2023-10-19T21:08:33.109+0000][1787.641s][info ][safepoint     ] Entering safepoint region: Cleanup
[2023-10-19T21:08:33.111+0000][1787.643s][info ][safepoint     ] Leaving safepoint region
[2023-10-19T21:08:33.111+0000][1787.643s][info ][safepoint     ] Total time for which application threads were stopped: 0.0023503 seconds, Stopping threads took: 0.0009767 seconds
[2023-10-19T21:08:34.113+0000][1788.645s][debug][safepoint     ] Safepoint synchronization initiated. (180 threads)
[2023-10-19T21:08:34.114+0000][1788.646s][info ][safepoint     ] Application time: 1.0014832 seconds
[2023-10-19T21:08:34.115+0000][1788.647s][info ][safepoint     ] Entering safepoint region: Cleanup
[2023-10-19T21:08:34.116+0000][1788.648s][info ][safepoint     ] Leaving safepoint region
[2023-10-19T21:08:34.117+0000][1788.649s][info ][safepoint     ] Total time for which application threads were stopped: 0.0023122 seconds, Stopping threads took: 0.0008859 seconds
[2023-10-19T21:08:35.118+0000][1789.650s][debug][safepoint     ] Safepoint synchronization initiated. (180 threads)
[2023-10-19T21:08:35.119+0000][1789.651s][info ][safepoint     ] Application time: 1.0013513 seconds
[2023-10-19T21:08:35.120+0000][1789.652s][info ][safepoint     ] Entering safepoint region: Cleanup
[2023-10-19T21:08:35.121+0000][1789.653s][info ][safepoint     ] Leaving safepoint region
[2023-10-19T21:08:35.122+0000][1789.654s][info ][safepoint     ] Total time for which application threads were stopped: 0.0020366 seconds, Stopping threads took: 0.0009163 seconds
[2023-10-19T21:08:36.123+0000][1790.655s][debug][safepoint     ] Safepoint synchronization initiated. (180 threads)
[2023-10-19T21:08:36.124+0000][1790.656s][info ][safepoint     ] Application time: 1.0013546 seconds
[2023-10-19T21:08:36.125+0000][1790.657s][info ][safepoint     ] Entering safepoint region: Cleanup
[2023-10-19T21:08:36.126+0000][1790.658s][info ][safepoint     ] Leaving safepoint region
[2023-10-19T21:08:36.127+0000][1790.659s][info ][safepoint     ] Total time for which application threads were stopped: 0.0024673 seconds, Stopping threads took: 0.0010204 seconds
[2023-10-19T21:08:37.128+0000][1791.660s][debug][safepoint     ] Safepoint synchronization initiated. (180 threads)
[2023-10-19T21:08:37.129+0000][1791.661s][info ][safepoint     ] Application time: 1.0010887 seconds
[2023-10-19T21:08:37.130+0000][1791.662s][info ][safepoint     ] Entering safepoint region: Cleanup
[2023-10-19T21:08:37.130+0000][1791.662s][info ][safepoint     ] Leaving safepoint region
[2023-10-19T21:08:37.131+0000][1791.663s][info ][safepoint     ] Total time for which application threads were stopped: 0.0011796 seconds, Stopping threads took: 0.0005254 seconds
[2023-10-19T21:08:38.132+0000][1792.663s][debug][safepoint     ] Safepoint synchronization initiated. (180 threads)
[2023-10-19T21:08:38.132+0000][1792.664s][info ][safepoint     ] Application time: 1.0006788 seconds
[2023-10-19T21:08:38.133+0000][1792.665s][info ][safepoint     ] Entering safepoint region: Cleanup
[2023-10-19T21:08:38.133+0000][1792.665s][info ][safepoint     ] Leaving safepoint region
[2023-10-19T21:08:38.134+0000][1792.666s][info ][safepoint     ] Total time for which application threads were stopped: 0.0010534 seconds, Stopping threads took: 0.0004893 seconds
[2023-10-19T21:08:39.134+0000][1793.666s][debug][safepoint     ] Safepoint synchronization initiated. (180 threads)
[2023-10-19T21:08:39.135+0000][1793.667s][info ][safepoint     ] Application time: 1.0013131 seconds
[2023-10-19T21:08:39.136+0000][1793.668s][info ][safepoint     ] Entering safepoint region: Cleanup
[2023-10-19T21:08:39.138+0000][1793.670s][info ][safepoint     ] Leaving safepoint region
[2023-10-19T21:08:39.139+0000][1793.671s][info ][safepoint     ] Total time for which application threads were stopped: 0.0023236 seconds, Stopping threads took: 0.0011451 seconds
[2023-10-19T21:08:40.140+0000][1794.672s][debug][safepoint     ] Safepoint synchronization initiated. (180 threads)
[2023-10-19T21:08:40.140+0000][1794.672s][info ][safepoint     ] Application time: 1.0010105 seconds
[2023-10-19T21:08:40.141+0000][1794.673s][info ][safepoint     ] Entering safepoint region: Cleanup
[2023-10-19T21:08:40.142+0000][1794.674s][info ][safepoint     ] Leaving safepoint region
[2023-10-19T21:08:40.143+0000][1794.675s][info ][safepoint     ] Total time for which application threads were stopped: 0.0017086 seconds, Stopping threads took: 0.0007062 seconds
[2023-10-19T21:08:41.143+0000][1795.675s][debug][safepoint     ] Safepoint synchronization initiated. (180 threads)
[2023-10-19T21:08:41.144+0000][1795.676s][info ][safepoint     ] Application time: 1.0006515 seconds
[2023-10-19T21:08:41.144+0000][1795.676s][info ][safepoint     ] Entering safepoint region: Cleanup
[2023-10-19T21:08:41.145+0000][1795.677s][info ][safepoint     ] Leaving safepoint region
[2023-10-19T21:08:41.145+0000][1795.677s][info ][safepoint     ] Total time for which application threads were stopped: 0.0008992 seconds, Stopping threads took: 0.0004494 seconds
[2023-10-19T21:08:42.146+0000][1796.678s][debug][safepoint     ] Safepoint synchronization initiated. (179 threads)
[2023-10-19T21:08:42.147+0000][1796.679s][info ][safepoint     ] Application time: 1.0015081 seconds
[2023-10-19T21:08:42.148+0000][1796.680s][info ][safepoint     ] Entering safepoint region: Cleanup
[2023-10-19T21:08:42.150+0000][1796.682s][info ][safepoint     ] Leaving safepoint region
[2023-10-19T21:08:42.151+0000][1796.683s][info ][safepoint     ] Total time for which application threads were stopped: 0.0025393 seconds, Stopping threads took: 0.0010834 seconds
[2023-10-19T21:08:43.152+0000][1797.684s][debug][safepoint     ] Safepoint synchronization initiated. (179 threads)
[2023-10-19T21:08:43.153+0000][1797.685s][info ][safepoint     ] Application time: 1.0015903 seconds
[2023-10-19T21:08:43.154+0000][1797.686s][info ][safepoint     ] Entering safepoint region: Cleanup
[2023-10-19T21:08:43.155+0000][1797.687s][info ][safepoint     ] Leaving safepoint region
[2023-10-19T21:08:43.156+0000][1797.688s][info ][safepoint     ] Total time for which application threads were stopped: 0.0022844 seconds, Stopping threads took: 0.0009237 seconds
[2023-10-19T21:08:44.158+0000][1798.690s][debug][safepoint     ] Safepoint synchronization initiated. (179 threads)
[2023-10-19T21:08:44.159+0000][1798.691s][info ][safepoint     ] Application time: 1.0015165 seconds
[2023-10-19T21:08:44.160+0000][1798.692s][info ][safepoint     ] Entering safepoint region: Cleanup
[2023-10-19T21:08:44.161+0000][1798.693s][info ][safepoint     ] Leaving safepoint region
[2023-10-19T21:08:44.162+0000][1798.694s][info ][safepoint     ] Total time for which application threads were stopped: 0.0024973 seconds, Stopping threads took: 0.0010960 seconds
[2023-10-19T21:08:45.163+0000][1799.695s][debug][safepoint     ] Safepoint synchronization initiated. (179 threads)
[2023-10-19T21:08:45.164+0000][1799.696s][info ][safepoint     ] Application time: 1.0009281 seconds
[2023-10-19T21:08:45.165+0000][1799.697s][info ][safepoint     ] Entering safepoint region: Cleanup
[2023-10-19T21:08:45.165+0000][1799.697s][info ][safepoint     ] Leaving safepoint region
[2023-10-19T21:08:45.166+0000][1799.698s][info ][safepoint     ] Total time for which application threads were stopped: 0.0010367 seconds, Stopping threads took: 0.0005398 seconds
[2023-10-19T21:08:46.166+0000][1800.698s][debug][safepoint     ] Safepoint synchronization initiated. (179 threads)
[2023-10-19T21:08:46.167+0000][1800.699s][info ][safepoint     ] Application time: 1.0008319 seconds
[2023-10-19T21:08:46.167+0000][1800.699s][info ][safepoint     ] Entering safepoint region: Cleanup
[2023-10-19T21:08:46.168+0000][1800.700s][info ][safepoint     ] Leaving safepoint region
[2023-10-19T21:08:46.169+0000][1800.701s][info ][safepoint     ] Total time for which application threads were stopped: 0.0013786 seconds, Stopping threads took: 0.0004646 seconds
[2023-10-19T21:08:47.169+0000][1801.701s][debug][safepoint     ] Safepoint synchronization initiated. (177 threads)
[2023-10-19T21:08:47.170+0000][1801.702s][info ][safepoint     ] Application time: 1.0012897 seconds
[2023-10-19T21:08:47.171+0000][1801.703s][info ][safepoint     ] Entering safepoint region: Cleanup
[2023-10-19T21:08:47.173+0000][1801.705s][info ][safepoint     ] Leaving safepoint region
[2023-10-19T21:08:47.173+0000][1801.705s][info ][safepoint     ] Total time for which application threads were stopped: 0.0020316 seconds, Stopping threads took: 0.0009597 seconds
[2023-10-19T21:08:48.174+0000][1802.706s][debug][safepoint     ] Safepoint synchronization initiated. (179 threads)
[2023-10-19T21:08:48.175+0000][1802.707s][info ][safepoint     ] Application time: 1.0006615 seconds
[2023-10-19T21:08:48.175+0000][1802.707s][debug][safepoint     ] ... found polling page return exception at pc = 0x00007fbdb12d82fb, stub =0x00007fbda8840600
[2023-10-19T21:08:48.175+0000][1802.707s][debug][safepoint     ] ... found polling page return exception at pc = 0x00007fbdb0b4fbc4, stub =0x00007fbda8840600
[2023-10-19T21:08:48.176+0000][1802.708s][debug][safepoint     ] Waiting for 2 thread(s) to block
[2023-10-19T21:08:48.176+0000][1802.708s][info ][safepoint     ] Entering safepoint region: Cleanup
[2023-10-19T21:08:48.177+0000][1802.708s][info ][safepoint     ] Leaving safepoint region
[2023-10-19T21:08:48.177+0000][1802.709s][info ][safepoint     ] Total time for which application threads were stopped: 0.0018156 seconds, Stopping threads took: 0.0013103 seconds
[2023-10-19T21:08:49.177+0000][1803.709s][debug][safepoint     ] Safepoint synchronization initiated. (179 threads)
[2023-10-19T21:08:49.178+0000][1803.710s][info ][safepoint     ] Application time: 1.0008455 seconds
[2023-10-19T21:08:49.179+0000][1803.711s][info ][safepoint     ] Entering safepoint region: Cleanup
[2023-10-19T21:08:49.179+0000][1803.711s][info ][safepoint     ] Leaving safepoint region
[2023-10-19T21:08:49.180+0000][1803.712s][info ][safepoint     ] Total time for which application threads were stopped: 0.0013104 seconds, Stopping threads took: 0.0005982 seconds
[2023-10-19T21:08:50.181+0000][1804.713s][debug][safepoint     ] Safepoint synchronization initiated. (179 threads)
[2023-10-19T21:08:50.182+0000][1804.714s][info ][safepoint     ] Application time: 1.0013881 seconds
[2023-10-19T21:08:50.183+0000][1804.715s][info ][safepoint     ] Entering safepoint region: Cleanup
[2023-10-19T21:08:50.184+0000][1804.716s][info ][safepoint     ] Leaving safepoint region
[2023-10-19T21:08:50.185+0000][1804.717s][info ][safepoint     ] Total time for which application threads were stopped: 0.0020502 seconds, Stopping threads took: 0.0009335 seconds
[2023-10-19T21:08:51.186+0000][1805.718s][debug][safepoint     ] Safepoint synchronization initiated. (179 threads)
[2023-10-19T21:08:51.187+0000][1805.719s][info ][safepoint     ] Application time: 1.0011552 seconds
[2023-10-19T21:08:51.188+0000][1805.720s][info ][safepoint     ] Entering safepoint region: Cleanup
[2023-10-19T21:08:51.189+0000][1805.721s][info ][safepoint     ] Leaving safepoint region
[2023-10-19T21:08:51.190+0000][1805.722s][info ][safepoint     ] Total time for which application threads were stopped: 0.0020220 seconds, Stopping threads took: 0.0009439 seconds
[2023-10-19T21:08:52.191+0000][1806.723s][debug][safepoint     ] Safepoint synchronization initiated. (179 threads)
[2023-10-19T21:08:52.192+0000][1806.724s][info ][safepoint     ] Application time: 1.0013599 seconds
[2023-10-19T21:08:52.193+0000][1806.725s][info ][safepoint     ] Entering safepoint region: Cleanup
[2023-10-19T21:08:52.194+0000][1806.726s][info ][safepoint     ] Leaving safepoint region
[2023-10-19T21:08:52.195+0000][1806.727s][info ][safepoint     ] Total time for which application threads were stopped: 0.0020412 seconds, Stopping threads took: 0.0009734 seconds
[2023-10-19T21:08:53.196+0000][1807.728s][debug][safepoint     ] Safepoint synchronization initiated. (179 threads)
[2023-10-19T21:08:53.197+0000][1807.729s][info ][safepoint     ] Application time: 1.0015353 seconds
[2023-10-19T21:08:53.198+0000][1807.730s][info ][safepoint     ] Entering safepoint region: Cleanup
[2023-10-19T21:08:53.200+0000][1807.732s][info ][safepoint     ] Leaving safepoint region
[2023-10-19T21:08:53.201+0000][1807.733s][info ][safepoint     ] Total time for which application threads were stopped: 0.0024738 seconds, Stopping threads took: 0.0011109 seconds
[2023-10-19T21:08:54.202+0000][1808.734s][debug][safepoint     ] Safepoint synchronization initiated. (179 threads)
[2023-10-19T21:08:54.203+0000][1808.735s][info ][safepoint     ] Application time: 1.0010475 seconds
[2023-10-19T21:08:54.204+0000][1808.735s][info ][safepoint     ] Entering safepoint region: Cleanup
[2023-10-19T21:08:54.204+0000][1808.736s][info ][safepoint     ] Leaving safepoint region
[2023-10-19T21:08:54.205+0000][1808.737s][info ][safepoint     ] Total time for which application threads were stopped: 0.0012788 seconds, Stopping threads took: 0.0005890 seconds
[2023-10-19T21:08:55.205+0000][1809.737s][debug][safepoint     ] Safepoint synchronization initiated. (179 threads)
[2023-10-19T21:08:55.206+0000][1809.738s][info ][safepoint     ] Application time: 1.0007887 seconds
[2023-10-19T21:08:55.207+0000][1809.738s][info ][safepoint     ] Entering safepoint region: Cleanup
[2023-10-19T21:08:55.207+0000][1809.739s][info ][safepoint     ] Leaving safepoint region
[2023-10-19T21:08:55.208+0000][1809.740s][info ][safepoint     ] Total time for which application threads were stopped: 0.0014055 seconds, Stopping threads took: 0.0006613 seconds
[2023-10-19T21:08:56.209+0000][1810.741s][debug][safepoint     ] Safepoint synchronization initiated. (178 threads)
[2023-10-19T21:08:56.211+0000][1810.743s][info ][safepoint     ] Application time: 1.0023227 seconds
[2023-10-19T21:08:56.211+0000][1810.743s][info ][safepoint     ] Entering safepoint region: Cleanup
[2023-10-19T21:08:56.212+0000][1810.744s][info ][safepoint     ] Leaving safepoint region
[2023-10-19T21:08:56.212+0000][1810.744s][info ][safepoint     ] Total time for which application threads were stopped: 0.0012403 seconds, Stopping threads took: 0.0003754 seconds
[2023-10-19T21:08:57.213+0000][1811.745s][debug][safepoint     ] Safepoint synchronization initiated. (178 threads)
[2023-10-19T21:08:57.214+0000][1811.746s][info ][safepoint     ] Application time: 1.0006362 seconds
[2023-10-19T21:08:57.214+0000][1811.746s][info ][safepoint     ] Entering safepoint region: Cleanup
[2023-10-19T21:08:57.215+0000][1811.746s][info ][safepoint     ] Leaving safepoint region
[2023-10-19T21:08:57.215+0000][1811.747s][info ][safepoint     ] Total time for which application threads were stopped: 0.0009941 seconds, Stopping threads took: 0.0003891 seconds
[2023-10-19T21:08:58.215+0000][1812.747s][debug][safepoint     ] Safepoint synchronization initiated. (178 threads)
[2023-10-19T21:08:58.216+0000][1812.748s][info ][safepoint     ] Application time: 1.0005736 seconds
[2023-10-19T21:08:58.216+0000][1812.748s][info ][safepoint     ] Entering safepoint region: Cleanup
[2023-10-19T21:08:58.217+0000][1812.749s][info ][safepoint     ] Leaving safepoint region
[2023-10-19T21:08:58.217+0000][1812.749s][info ][safepoint     ] Total time for which application threads were stopped: 0.0010116 seconds, Stopping threads took: 0.0004733 seconds
[2023-10-19T21:08:59.218+0000][1813.750s][debug][safepoint     ] Safepoint synchronization initiated. (178 threads)
[2023-10-19T21:08:59.219+0000][1813.751s][info ][safepoint     ] Application time: 1.0014611 seconds
[2023-10-19T21:08:59.220+0000][1813.752s][info ][safepoint     ] Entering safepoint region: Cleanup
[2023-10-19T21:08:59.222+0000][1813.754s][info ][safepoint     ] Leaving safepoint region
[2023-10-19T21:08:59.223+0000][1813.755s][info ][safepoint     ] Total time for which application threads were stopped: 0.0024872 seconds, Stopping threads took: 0.0010909 seconds
[2023-10-19T21:09:00.224+0000][1814.756s][debug][safepoint     ] Safepoint synchronization initiated. (178 threads)
[2023-10-19T21:09:00.225+0000][1814.756s][info ][safepoint     ] Application time: 1.0011344 seconds
[2023-10-19T21:09:00.225+0000][1814.757s][info ][safepoint     ] Entering safepoint region: Cleanup
[2023-10-19T21:09:00.226+0000][1814.758s][info ][safepoint     ] Leaving safepoint region
[2023-10-19T21:09:00.227+0000][1814.759s][info ][safepoint     ] Total time for which application threads were stopped: 0.0015020 seconds, Stopping threads took: 0.0007282 seconds
[2023-10-19T21:09:01.227+0000][1815.759s][debug][safepoint     ] Safepoint synchronization initiated. (178 threads)
[2023-10-19T21:09:01.228+0000][1815.760s][info ][safepoint     ] Application time: 1.0008840 seconds
[2023-10-19T21:09:01.229+0000][1815.761s][info ][safepoint     ] Entering safepoint region: Cleanup
[2023-10-19T21:09:01.230+0000][1815.761s][info ][safepoint     ] Leaving safepoint region
[2023-10-19T21:09:01.230+0000][1815.762s][info ][safepoint     ] Total time for which application threads were stopped: 0.0013714 seconds, Stopping threads took: 0.0006122 seconds
[2023-10-19T21:09:02.231+0000][1816.763s][debug][safepoint     ] Safepoint synchronization initiated. (178 threads)
[2023-10-19T21:09:02.232+0000][1816.764s][info ][safepoint     ] Application time: 1.0011798 seconds
[2023-10-19T21:09:02.232+0000][1816.764s][info ][safepoint     ] Entering safepoint region: Cleanup
[2023-10-19T21:09:02.233+0000][1816.765s][info ][safepoint     ] Leaving safepoint region
[2023-10-19T21:09:02.234+0000][1816.766s][info ][safepoint     ] Total time for which application threads were stopped: 0.0014951 seconds, Stopping threads took: 0.0005406 seconds
[2023-10-19T21:09:03.235+0000][1817.767s][debug][safepoint     ] Safepoint synchronization initiated. (178 threads)
[2023-10-19T21:09:03.236+0000][1817.768s][info ][safepoint     ] Application time: 1.0012657 seconds
[2023-10-19T21:09:03.237+0000][1817.769s][info ][safepoint     ] Entering safepoint region: Cleanup
[2023-10-19T21:09:03.239+0000][1817.771s][info ][safepoint     ] Leaving safepoint region
[2023-10-19T21:09:03.240+0000][1817.772s][info ][safepoint     ] Total time for which application threads were stopped: 0.0024299 seconds, Stopping threads took: 0.0011031 seconds
[2023-10-19T21:09:03.239+0000][1817.771s][debug][safepoint     ] ... found polling page return exception at pc = 0x00007fbdb0cb92c4, stub =0x00007fbda8840600
[2023-10-19T21:09:04.241+0000][1818.773s][debug][safepoint     ] Safepoint synchronization initiated. (178 threads)
[2023-10-19T21:09:04.242+0000][1818.774s][info ][safepoint     ] Application time: 1.0015885 seconds
[2023-10-19T21:09:04.243+0000][1818.775s][info ][safepoint     ] Entering safepoint region: Cleanup
[2023-10-19T21:09:04.243+0000][1818.775s][info ][safepoint     ] Leaving safepoint region
[2023-10-19T21:09:04.244+0000][1818.776s][info ][safepoint     ] Total time for which application threads were stopped: 0.0011520 seconds, Stopping threads took: 0.0004872 seconds
[2023-10-19T21:09:05.245+0000][1819.776s][debug][safepoint     ] Safepoint synchronization initiated. (178 threads)
[2023-10-19T21:09:05.245+0000][1819.777s][info ][safepoint     ] Application time: 1.0004716 seconds
[2023-10-19T21:09:05.245+0000][1819.777s][info ][safepoint     ] Entering safepoint region: Cleanup
[2023-10-19T21:09:05.246+0000][1819.778s][info ][safepoint     ] Leaving safepoint region
[2023-10-19T21:09:05.246+0000][1819.778s][info ][safepoint     ] Total time for which application threads were stopped: 0.0009443 seconds, Stopping threads took: 0.0003988 seconds
[2023-10-19T21:09:06.247+0000][1820.779s][debug][safepoint     ] Safepoint synchronization initiated. (178 threads)
[2023-10-19T21:09:06.247+0000][1820.779s][info ][safepoint     ] Application time: 1.0006724 seconds
[2023-10-19T21:09:06.248+0000][1820.780s][info ][safepoint     ] Entering safepoint region: Cleanup
[2023-10-19T21:09:06.248+0000][1820.780s][info ][safepoint     ] Leaving safepoint region
[2023-10-19T21:09:06.249+0000][1820.781s][info ][safepoint     ] Total time for which application threads were stopped: 0.0011133 seconds, Stopping threads took: 0.0004610 seconds
[2023-10-19T21:09:07.249+0000][1821.781s][debug][safepoint     ] Safepoint synchronization initiated. (176 threads)
[2023-10-19T21:09:07.251+0000][1821.782s][info ][safepoint     ] Application time: 1.0014062 seconds
[2023-10-19T21:09:07.252+0000][1821.784s][info ][safepoint     ] Entering safepoint region: Cleanup
[2023-10-19T21:09:07.253+0000][1821.785s][info ][safepoint     ] Leaving safepoint region
[2023-10-19T21:09:07.254+0000][1821.786s][info ][safepoint     ] Total time for which application threads were stopped: 0.0024120 seconds, Stopping threads took: 0.0011057 seconds
[2023-10-19T21:09:08.255+0000][1822.787s][debug][safepoint     ] Safepoint synchronization initiated. (176 threads)
[2023-10-19T21:09:08.255+0000][1822.787s][info ][safepoint     ] Application time: 1.0005706 seconds
[2023-10-19T21:09:08.256+0000][1822.788s][info ][safepoint     ] Entering safepoint region: Cleanup
[2023-10-19T21:09:08.256+0000][1822.788s][info ][safepoint     ] Leaving safepoint region
[2023-10-19T21:09:08.257+0000][1822.789s][info ][safepoint     ] Total time for which application threads were stopped: 0.0009201 seconds, Stopping threads took: 0.0004258 seconds
[2023-10-19T21:09:09.257+0000][1823.789s][debug][safepoint     ] Safepoint synchronization initiated. (176 threads)
[2023-10-19T21:09:09.258+0000][1823.790s][info ][safepoint     ] Application time: 1.0010985 seconds
[2023-10-19T21:09:09.259+0000][1823.791s][info ][safepoint     ] Entering safepoint region: Cleanup
[2023-10-19T21:09:09.259+0000][1823.791s][info ][safepoint     ] Leaving safepoint region
[2023-10-19T21:09:09.260+0000][1823.792s][info ][safepoint     ] Total time for which application threads were stopped: 0.0013459 seconds, Stopping threads took: 0.0005655 seconds
[2023-10-19T21:09:10.261+0000][1824.793s][debug][safepoint     ] Safepoint synchronization initiated. (176 threads)
[2023-10-19T21:09:10.262+0000][1824.793s][info ][safepoint     ] Application time: 1.0011077 seconds
[2023-10-19T21:09:10.262+0000][1824.794s][info ][safepoint     ] Entering safepoint region: Cleanup
[2023-10-19T21:09:10.263+0000][1824.795s][info ][safepoint     ] Leaving safepoint region
[2023-10-19T21:09:10.264+0000][1824.796s][info ][safepoint     ] Total time for which application threads were stopped: 0.0017317 seconds, Stopping threads took: 0.0007415 seconds
[2023-10-19T21:09:11.265+0000][1825.797s][debug][safepoint     ] Safepoint synchronization initiated. (176 threads)
[2023-10-19T21:09:11.266+0000][1825.798s][info ][safepoint     ] Application time: 1.0011266 seconds
[2023-10-19T21:09:11.267+0000][1825.799s][info ][safepoint     ] Entering safepoint region: Cleanup
[2023-10-19T21:09:11.268+0000][1825.800s][info ][safepoint     ] Leaving safepoint region
[2023-10-19T21:09:11.269+0000][1825.800s][info ][safepoint     ] Total time for which application threads were stopped: 0.0017687 seconds, Stopping threads took: 0.0008524 seconds
[2023-10-19T21:09:12.270+0000][1826.802s][debug][safepoint     ] Safepoint synchronization initiated. (176 threads)
[2023-10-19T21:09:12.270+0000][1826.802s][info ][safepoint     ] Application time: 1.0008604 seconds
[2023-10-19T21:09:12.271+0000][1826.803s][info ][safepoint     ] Entering safepoint region: Cleanup
[2023-10-19T21:09:12.272+0000][1826.804s][info ][safepoint     ] Leaving safepoint region
[2023-10-19T21:09:12.272+0000][1826.804s][info ][safepoint     ] Total time for which application threads were stopped: 0.0012221 seconds, Stopping threads took: 0.0006398 seconds
[2023-10-19T21:09:13.273+0000][1827.805s][debug][safepoint     ] Safepoint synchronization initiated. (176 threads)
[2023-10-19T21:09:13.273+0000][1827.805s][info ][safepoint     ] Application time: 1.0007448 seconds
[2023-10-19T21:09:13.274+0000][1827.806s][info ][safepoint     ] Entering safepoint region: Cleanup
[2023-10-19T21:09:13.275+0000][1827.807s][info ][safepoint     ] Leaving safepoint region
[2023-10-19T21:09:13.275+0000][1827.807s][info ][safepoint     ] Total time for which application threads were stopped: 0.0012586 seconds, Stopping threads took: 0.0006010 seconds
[2023-10-19T21:09:14.276+0000][1828.808s][debug][safepoint     ] Safepoint synchronization initiated. (176 threads)
[2023-10-19T21:09:14.276+0000][1828.808s][info ][safepoint     ] Application time: 1.0006578 seconds
[2023-10-19T21:09:14.277+0000][1828.809s][info ][safepoint     ] Entering safepoint region: Cleanup
[2023-10-19T21:09:14.277+0000][1828.809s][info ][safepoint     ] Leaving safepoint region
[2023-10-19T21:09:14.278+0000][1828.810s][info ][safepoint     ] Total time for which application threads were stopped: 0.0010841 seconds, Stopping threads took: 0.0004585 seconds
[2023-10-19T21:09:15.278+0000][1829.810s][debug][safepoint     ] Safepoint synchronization initiated. (176 threads)
[2023-10-19T21:09:15.279+0000][1829.811s][info ][safepoint     ] Application time: 1.0008306 seconds
[2023-10-19T21:09:15.279+0000][1829.811s][info ][safepoint     ] Entering safepoint region: Cleanup
[2023-10-19T21:09:15.280+0000][1829.812s][info ][safepoint     ] Leaving safepoint region
[2023-10-19T21:09:15.280+0000][1829.812s][info ][safepoint     ] Total time for which application threads were stopped: 0.0010757 seconds, Stopping threads took: 0.0004743 seconds
[2023-10-19T21:09:16.281+0000][1830.813s][debug][safepoint     ] Safepoint synchronization initiated. (176 threads)
[2023-10-19T21:09:16.282+0000][1830.814s][info ][safepoint     ] Application time: 1.0008038 seconds
[2023-10-19T21:09:16.282+0000][1830.814s][info ][safepoint     ] Entering safepoint region: Cleanup
[2023-10-19T21:09:16.283+0000][1830.815s][info ][safepoint     ] Leaving safepoint region
[2023-10-19T21:09:16.283+0000][1830.815s][info ][safepoint     ] Total time for which application threads were stopped: 0.0010125 seconds, Stopping threads took: 0.0004574 seconds
[2023-10-19T21:09:17.284+0000][1831.816s][debug][safepoint     ] Safepoint synchronization initiated. (176 threads)
[2023-10-19T21:09:17.285+0000][1831.817s][info ][safepoint     ] Application time: 1.0012285 seconds
[2023-10-19T21:09:17.286+0000][1831.817s][info ][safepoint     ] Entering safepoint region: Cleanup
[2023-10-19T21:09:17.287+0000][1831.819s][info ][safepoint     ] Leaving safepoint region
[2023-10-19T21:09:17.288+0000][1831.820s][info ][safepoint     ] Total time for which application threads were stopped: 0.0022226 seconds, Stopping threads took: 0.0009853 seconds
[2023-10-19T21:09:18.289+0000][1832.821s][debug][safepoint     ] Safepoint synchronization initiated. (176 threads)
[2023-10-19T21:09:18.289+0000][1832.821s][info ][safepoint     ] Application time: 1.0006754 seconds
[2023-10-19T21:09:18.290+0000][1832.822s][info ][safepoint     ] Entering safepoint region: Cleanup
[2023-10-19T21:09:18.290+0000][1832.822s][info ][safepoint     ] Leaving safepoint region
[2023-10-19T21:09:18.291+0000][1832.823s][info ][safepoint     ] Total time for which application threads were stopped: 0.0010093 seconds, Stopping threads took: 0.0004376 seconds
[2023-10-19T21:09:19.291+0000][1833.823s][debug][safepoint     ] Safepoint synchronization initiated. (176 threads)
[2023-10-19T21:09:19.292+0000][1833.824s][info ][safepoint     ] Application time: 1.0008828 seconds
[2023-10-19T21:09:19.293+0000][1833.825s][info ][safepoint     ] Entering safepoint region: Cleanup
[2023-10-19T21:09:19.294+0000][1833.826s][info ][safepoint     ] Leaving safepoint region
[2023-10-19T21:09:19.295+0000][1833.827s][info ][safepoint     ] Total time for which application threads were stopped: 0.0018630 seconds, Stopping threads took: 0.0007658 seconds
[2023-10-19T21:09:20.296+0000][1834.827s][debug][safepoint     ] Safepoint synchronization initiated. (176 threads)
[2023-10-19T21:09:20.297+0000][1834.828s][info ][safepoint     ] Application time: 1.0012057 seconds
[2023-10-19T21:09:20.297+0000][1834.829s][info ][safepoint     ] Entering safepoint region: Cleanup
[2023-10-19T21:09:20.298+0000][1834.830s][info ][safepoint     ] Leaving safepoint region
[2023-10-19T21:09:20.298+0000][1834.830s][info ][safepoint     ] Total time for which application threads were stopped: 0.0013881 seconds, Stopping threads took: 0.0006392 seconds
[2023-10-19T21:09:21.299+0000][1835.831s][debug][safepoint     ] Safepoint synchronization initiated. (176 threads)
[2023-10-19T21:09:21.300+0000][1835.831s][info ][safepoint     ] Application time: 1.0006158 seconds
[2023-10-19T21:09:21.300+0000][1835.832s][info ][safepoint     ] Entering safepoint region: Cleanup
[2023-10-19T21:09:21.300+0000][1835.832s][info ][safepoint     ] Leaving safepoint region
[2023-10-19T21:09:21.301+0000][1835.833s][info ][safepoint     ] Total time for which application threads were stopped: 0.0008882 seconds, Stopping threads took: 0.0003504 seconds
[2023-10-19T21:09:22.301+0000][1836.833s][debug][safepoint     ] Safepoint synchronization initiated. (176 threads)
[2023-10-19T21:09:22.302+0000][1836.834s][info ][safepoint     ] Application time: 1.0011493 seconds
[2023-10-19T21:09:22.303+0000][1836.835s][info ][safepoint     ] Entering safepoint region: Cleanup
[2023-10-19T21:09:22.304+0000][1836.836s][info ][safepoint     ] Leaving safepoint region
[2023-10-19T21:09:22.305+0000][1836.837s][info ][safepoint     ] Total time for which application threads were stopped: 0.0018579 seconds, Stopping threads took: 0.0008864 seconds
[2023-10-19T21:09:23.306+0000][1837.838s][debug][safepoint     ] Safepoint synchronization initiated. (176 threads)
[2023-10-19T21:09:23.307+0000][1837.839s][info ][safepoint     ] Application time: 1.0008506 seconds
[2023-10-19T21:09:23.307+0000][1837.839s][info ][safepoint     ] Entering safepoint region: Cleanup
[2023-10-19T21:09:23.308+0000][1837.840s][info ][safepoint     ] Leaving safepoint region
[2023-10-19T21:09:23.308+0000][1837.840s][info ][safepoint     ] Total time for which application threads were stopped: 0.0009888 seconds, Stopping threads took: 0.0004627 seconds
[2023-10-19T21:09:24.309+0000][1838.841s][debug][safepoint     ] Safepoint synchronization initiated. (176 threads)
[2023-10-19T21:09:24.309+0000][1838.841s][info ][safepoint     ] Application time: 1.0006536 seconds
[2023-10-19T21:09:24.310+0000][1838.842s][info ][safepoint     ] Entering safepoint region: Cleanup
[2023-10-19T21:09:24.310+0000][1838.842s][info ][safepoint     ] Leaving safepoint region
[2023-10-19T21:09:24.311+0000][1838.843s][info ][safepoint     ] Total time for which application threads were stopped: 0.0011701 seconds, Stopping threads took: 0.0004204 seconds
[2023-10-19T21:09:25.312+0000][1839.843s][debug][safepoint     ] Safepoint synchronization initiated. (176 threads)
[2023-10-19T21:09:25.312+0000][1839.844s][info ][safepoint     ] Application time: 1.0007248 seconds
[2023-10-19T21:09:25.312+0000][1839.844s][info ][safepoint     ] Entering safepoint region: Cleanup
[2023-10-19T21:09:25.313+0000][1839.845s][info ][safepoint     ] Leaving safepoint region
[2023-10-19T21:09:25.313+0000][1839.845s][info ][safepoint     ] Total time for which application threads were stopped: 0.0010004 seconds, Stopping threads took: 0.0004870 seconds
[2023-10-19T21:09:26.314+0000][1840.846s][debug][safepoint     ] Safepoint synchronization initiated. (176 threads)
[2023-10-19T21:09:26.314+0000][1840.846s][info ][safepoint     ] Application time: 1.0007485 seconds
[2023-10-19T21:09:26.315+0000][1840.847s][info ][safepoint     ] Entering safepoint region: Cleanup
[2023-10-19T21:09:26.316+0000][1840.847s][info ][safepoint     ] Leaving safepoint region
[2023-10-19T21:09:26.316+0000][1840.848s][info ][safepoint     ] Total time for which application threads were stopped: 0.0010623 seconds, Stopping threads took: 0.0004857 seconds
[2023-10-19T21:09:27.317+0000][1841.848s][debug][safepoint     ] Safepoint synchronization initiated. (176 threads)
[2023-10-19T21:09:27.317+0000][1841.849s][info ][safepoint     ] Application time: 1.0008398 seconds
[2023-10-19T21:09:27.318+0000][1841.850s][info ][safepoint     ] Entering safepoint region: Cleanup
[2023-10-19T21:09:27.319+0000][1841.850s][info ][safepoint     ] Leaving safepoint region
[2023-10-19T21:09:27.319+0000][1841.851s][info ][safepoint     ] Total time for which application threads were stopped: 0.0013624 seconds, Stopping threads took: 0.0006456 seconds
[2023-10-19T21:09:28.320+0000][1842.852s][debug][safepoint     ] Safepoint synchronization initiated. (176 threads)
[2023-10-19T21:09:28.321+0000][1842.852s][info ][safepoint     ] Application time: 1.0008218 seconds
[2023-10-19T21:09:28.321+0000][1842.853s][info ][safepoint     ] Entering safepoint region: Cleanup
[2023-10-19T21:09:28.322+0000][1842.853s][info ][safepoint     ] Leaving safepoint region
[2023-10-19T21:09:28.322+0000][1842.854s][info ][safepoint     ] Total time for which application threads were stopped: 0.0012030 seconds, Stopping threads took: 0.0005060 seconds
[2023-10-19T21:09:29.323+0000][1843.855s][debug][safepoint     ] Safepoint synchronization initiated. (176 threads)
[2023-10-19T21:09:29.324+0000][1843.855s][info ][safepoint     ] Application time: 1.0010319 seconds
[2023-10-19T21:09:29.325+0000][1843.857s][info ][safepoint     ] Entering safepoint region: Cleanup
[2023-10-19T21:09:29.326+0000][1843.857s][info ][safepoint     ] Leaving safepoint region
[2023-10-19T21:09:29.326+0000][1843.858s][info ][safepoint     ] Total time for which application threads were stopped: 0.0010247 seconds, Stopping threads took: 0.0004099 seconds
[2023-10-19T21:09:30.327+0000][1844.858s][debug][safepoint     ] Safepoint synchronization initiated. (176 threads)
[2023-10-19T21:09:30.327+0000][1844.859s][info ][safepoint     ] Application time: 1.0007782 seconds
[2023-10-19T21:09:30.328+0000][1844.860s][info ][safepoint     ] Entering safepoint region: Cleanup
[2023-10-19T21:09:30.329+0000][1844.860s][info ][safepoint     ] Leaving safepoint region
[2023-10-19T21:09:30.329+0000][1844.861s][info ][safepoint     ] Total time for which application threads were stopped: 0.0011848 seconds, Stopping threads took: 0.0005600 seconds
[2023-10-19T21:09:31.330+0000][1845.862s][debug][safepoint     ] Safepoint synchronization initiated. (176 threads)
[2023-10-19T21:09:31.331+0000][1845.863s][info ][safepoint     ] Application time: 1.0014465 seconds
[2023-10-19T21:09:31.332+0000][1845.864s][info ][safepoint     ] Entering safepoint region: Cleanup
[2023-10-19T21:09:31.333+0000][1845.865s][info ][safepoint     ] Leaving safepoint region
[2023-10-19T21:09:31.334+0000][1845.866s][info ][safepoint     ] Total time for which application threads were stopped: 0.0023127 seconds, Stopping threads took: 0.0009916 seconds
[2023-10-19T21:09:32.335+0000][1846.867s][debug][safepoint     ] Safepoint synchronization initiated. (177 threads)
[2023-10-19T21:09:32.336+0000][1846.868s][info ][safepoint     ] Application time: 1.0012081 seconds
[2023-10-19T21:09:32.337+0000][1846.869s][info ][safepoint     ] Entering safepoint region: Cleanup
[2023-10-19T21:09:32.338+0000][1846.870s][info ][safepoint     ] Leaving safepoint region
[2023-10-19T21:09:32.339+0000][1846.871s][info ][safepoint     ] Total time for which application threads were stopped: 0.0019795 seconds, Stopping threads took: 0.0008444 seconds
[2023-10-19T21:09:33.340+0000][1847.872s][debug][safepoint     ] Safepoint synchronization initiated. (177 threads)
[2023-10-19T21:09:33.341+0000][1847.873s][info ][safepoint     ] Application time: 1.0011136 seconds
[2023-10-19T21:09:33.342+0000][1847.874s][info ][safepoint     ] Entering safepoint region: Cleanup
[2023-10-19T21:09:33.343+0000][1847.875s][info ][safepoint     ] Leaving safepoint region
[2023-10-19T21:09:33.344+0000][1847.875s][info ][safepoint     ] Total time for which application threads were stopped: 0.0015867 seconds, Stopping threads took: 0.0007443 seconds
[2023-10-19T21:09:34.345+0000][1848.876s][debug][safepoint     ] Safepoint synchronization initiated. (177 threads)
[2023-10-19T21:09:34.346+0000][1848.877s][info ][safepoint     ] Application time: 1.0013481 seconds
[2023-10-19T21:09:34.347+0000][1848.879s][info ][safepoint     ] Entering safepoint region: Cleanup
[2023-10-19T21:09:34.348+0000][1848.880s][info ][safepoint     ] Leaving safepoint region
[2023-10-19T21:09:34.349+0000][1848.881s][info ][safepoint     ] Total time for which application threads were stopped: 0.0021857 seconds, Stopping threads took: 0.0010321 seconds
[2023-10-19T21:09:35.350+0000][1849.882s][debug][safepoint     ] Safepoint synchronization initiated. (177 threads)
[2023-10-19T21:09:35.351+0000][1849.883s][info ][safepoint     ] Application time: 1.0011328 seconds
[2023-10-19T21:09:35.352+0000][1849.883s][info ][safepoint     ] Entering safepoint region: Cleanup
[2023-10-19T21:09:35.353+0000][1849.884s][info ][safepoint     ] Leaving safepoint region
[2023-10-19T21:09:35.354+0000][1849.885s][info ][safepoint     ] Total time for which application threads were stopped: 0.0020375 seconds, Stopping threads took: 0.0008728 seconds
[2023-10-19T21:09:36.355+0000][1850.886s][debug][safepoint     ] Safepoint synchronization initiated. (177 threads)
[2023-10-19T21:09:36.356+0000][1850.887s][info ][safepoint     ] Application time: 1.0014397 seconds
[2023-10-19T21:09:36.357+0000][1850.888s][info ][safepoint     ] Entering safepoint region: Cleanup
[2023-10-19T21:09:36.358+0000][1850.890s][info ][safepoint     ] Leaving safepoint region
[2023-10-19T21:09:36.359+0000][1850.890s][info ][safepoint     ] Total time for which application threads were stopped: 0.0019538 seconds, Stopping threads took: 0.0009430 seconds
[2023-10-19T21:09:37.360+0000][1851.891s][debug][safepoint     ] Safepoint synchronization initiated. (177 threads)
[2023-10-19T21:09:37.361+0000][1851.893s][info ][safepoint     ] Application time: 1.0015521 seconds
[2023-10-19T21:09:37.362+0000][1851.894s][info ][safepoint     ] Entering safepoint region: Cleanup
[2023-10-19T21:09:37.364+0000][1851.895s][info ][safepoint     ] Leaving safepoint region
[2023-10-19T21:09:37.365+0000][1851.896s][info ][safepoint     ] Total time for which application threads were stopped: 0.0025311 seconds, Stopping threads took: 0.0012234 seconds
[2023-10-19T21:09:38.366+0000][1852.897s][debug][safepoint     ] Safepoint synchronization initiated. (177 threads)
[2023-10-19T21:09:38.366+0000][1852.898s][info ][safepoint     ] Application time: 1.0008595 seconds
[2023-10-19T21:09:38.367+0000][1852.899s][info ][safepoint     ] Entering safepoint region: Cleanup
[2023-10-19T21:09:38.368+0000][1852.900s][info ][safepoint     ] Leaving safepoint region
[2023-10-19T21:09:38.369+0000][1852.900s][info ][safepoint     ] Total time for which application threads were stopped: 0.0016927 seconds, Stopping threads took: 0.0006999 seconds
[2023-10-19T21:09:39.370+0000][1853.901s][debug][safepoint     ] Safepoint synchronization initiated. (177 threads)
[2023-10-19T21:09:39.371+0000][1853.903s][info ][safepoint     ] Application time: 1.0016033 seconds
[2023-10-19T21:09:39.372+0000][1853.904s][info ][safepoint     ] Entering safepoint region: Cleanup
[2023-10-19T21:09:39.374+0000][1853.905s][info ][safepoint     ] Leaving safepoint region
[2023-10-19T21:09:39.375+0000][1853.906s][info ][safepoint     ] Total time for which application threads were stopped: 0.0026748 seconds, Stopping threads took: 0.0012190 seconds
[2023-10-19T21:09:40.376+0000][1854.908s][debug][safepoint     ] Safepoint synchronization initiated. (177 threads)
[2023-10-19T21:09:40.376+0000][1854.908s][info ][safepoint     ] Application time: 1.0008376 seconds
[2023-10-19T21:09:40.377+0000][1854.909s][info ][safepoint     ] Entering safepoint region: Cleanup
[2023-10-19T21:09:40.378+0000][1854.910s][info ][safepoint     ] Leaving safepoint region
[2023-10-19T21:09:40.379+0000][1854.911s][info ][safepoint     ] Total time for which application threads were stopped: 0.0015325 seconds, Stopping threads took: 0.0007580 seconds
[2023-10-19T21:09:41.380+0000][1855.911s][debug][safepoint     ] Safepoint synchronization initiated. (177 threads)
[2023-10-19T21:09:41.381+0000][1855.912s][info ][safepoint     ] Application time: 1.0013106 seconds
[2023-10-19T21:09:41.382+0000][1855.913s][info ][safepoint     ] Entering safepoint region: Cleanup
[2023-10-19T21:09:41.383+0000][1855.915s][info ][safepoint     ] Leaving safepoint region
[2023-10-19T21:09:41.384+0000][1855.915s][info ][safepoint     ] Total time for which application threads were stopped: 0.0019404 seconds, Stopping threads took: 0.0008812 seconds
[2023-10-19T21:09:42.385+0000][1856.916s][debug][safepoint     ] Safepoint synchronization initiated. (177 threads)
[2023-10-19T21:09:42.385+0000][1856.917s][info ][safepoint     ] Application time: 1.0005500 seconds
[2023-10-19T21:09:42.385+0000][1856.917s][info ][safepoint     ] Entering safepoint region: Cleanup
[2023-10-19T21:09:42.386+0000][1856.918s][info ][safepoint     ] Leaving safepoint region
[2023-10-19T21:09:42.386+0000][1856.918s][info ][safepoint     ] Total time for which application threads were stopped: 0.0010369 seconds, Stopping threads took: 0.0004234 seconds
[2023-10-19T21:09:43.387+0000][1857.919s][debug][safepoint     ] Safepoint synchronization initiated. (177 threads)
[2023-10-19T21:09:43.387+0000][1857.919s][info ][safepoint     ] Application time: 1.0005776 seconds
[2023-10-19T21:09:43.388+0000][1857.919s][info ][safepoint     ] Entering safepoint region: Cleanup
[2023-10-19T21:09:43.388+0000][1857.920s][info ][safepoint     ] Leaving safepoint region
[2023-10-19T21:09:43.389+0000][1857.920s][info ][safepoint     ] Total time for which application threads were stopped: 0.0008749 seconds, Stopping threads took: 0.0003801 seconds
[2023-10-19T21:09:44.389+0000][1858.921s][debug][safepoint     ] Safepoint synchronization initiated. (177 threads)
[2023-10-19T21:09:44.390+0000][1858.921s][info ][safepoint     ] Application time: 1.0007620 seconds
[2023-10-19T21:09:44.390+0000][1858.922s][info ][safepoint     ] Entering safepoint region: Cleanup
[2023-10-19T21:09:44.391+0000][1858.923s][info ][safepoint     ] Leaving safepoint region
[2023-10-19T21:09:44.391+0000][1858.923s][info ][safepoint     ] Total time for which application threads were stopped: 0.0012389 seconds, Stopping threads took: 0.0005408 seconds
[2023-10-19T21:09:45.392+0000][1859.924s][debug][safepoint     ] Safepoint synchronization initiated. (177 threads)
[2023-10-19T21:09:45.393+0000][1859.924s][info ][safepoint     ] Application time: 1.0008978 seconds
[2023-10-19T21:09:45.393+0000][1859.925s][info ][safepoint     ] Entering safepoint region: Cleanup
[2023-10-19T21:09:45.394+0000][1859.926s][info ][safepoint     ] Leaving safepoint region
[2023-10-19T21:09:45.395+0000][1859.926s][info ][safepoint     ] Total time for which application threads were stopped: 0.0012802 seconds, Stopping threads took: 0.0005366 seconds
[2023-10-19T21:09:46.395+0000][1860.927s][debug][safepoint     ] Safepoint synchronization initiated. (177 threads)
[2023-10-19T21:09:46.397+0000][1860.928s][info ][safepoint     ] Application time: 1.0014790 seconds
[2023-10-19T21:09:46.398+0000][1860.929s][info ][safepoint     ] Entering safepoint region: Cleanup
[2023-10-19T21:09:46.399+0000][1860.931s][info ][safepoint     ] Leaving safepoint region
[2023-10-19T21:09:46.400+0000][1860.932s][info ][safepoint     ] Total time for which application threads were stopped: 0.0023781 seconds, Stopping threads took: 0.0010470 seconds
[2023-10-19T21:09:47.401+0000][1861.933s][debug][safepoint     ] Safepoint synchronization initiated. (177 threads)
[2023-10-19T21:09:47.402+0000][1861.933s][info ][safepoint     ] Application time: 1.0008586 seconds
[2023-10-19T21:09:47.402+0000][1861.934s][info ][safepoint     ] Entering safepoint region: Cleanup
[2023-10-19T21:09:47.403+0000][1861.935s][info ][safepoint     ] Leaving safepoint region
[2023-10-19T21:09:47.403+0000][1861.935s][info ][safepoint     ] Total time for which application threads were stopped: 0.0013373 seconds, Stopping threads took: 0.0006081 seconds
[2023-10-19T21:09:48.404+0000][1862.936s][debug][safepoint     ] Safepoint synchronization initiated. (177 threads)
[2023-10-19T21:09:48.405+0000][1862.936s][info ][safepoint     ] Application time: 1.0006333 seconds
[2023-10-19T21:09:48.405+0000][1862.937s][info ][safepoint     ] Entering safepoint region: Cleanup
[2023-10-19T21:09:48.406+0000][1862.938s][info ][safepoint     ] Leaving safepoint region
[2023-10-19T21:09:48.406+0000][1862.938s][info ][safepoint     ] Total time for which application threads were stopped: 0.0012391 seconds, Stopping threads took: 0.0006619 seconds
[2023-10-19T21:09:49.407+0000][1863.939s][debug][safepoint     ] Safepoint synchronization initiated. (177 threads)
[2023-10-19T21:09:49.408+0000][1863.939s][info ][safepoint     ] Application time: 1.0009737 seconds
[2023-10-19T21:09:49.408+0000][1863.940s][debug][safepoint     ] ... found polling page return exception at pc = 0x00007fbdb0a9d3f6, stub =0x00007fbda8840600
[2023-10-19T21:09:49.408+0000][1863.940s][debug][safepoint     ] ... found polling page return exception at pc = 0x00007fbdb0a9d3f6, stub =0x00007fbda8840600
[2023-10-19T21:09:49.408+0000][1863.940s][debug][safepoint     ] ... found polling page return exception at pc = 0x00007fbdb0ae4574, stub =0x00007fbda8840600
[2023-10-19T21:09:49.408+0000][1863.940s][debug][safepoint     ] ... found polling page return exception at pc = 0x00007fbdb0b4fbc4, stub =0x00007fbda8840600
[2023-10-19T21:09:49.409+0000][1863.940s][debug][safepoint     ] ... found polling page return exception at pc = 0x00007fbdb0ae4574, stub =0x00007fbda8840600
[2023-10-19T21:09:49.411+0000][1863.943s][debug][safepoint     ] Waiting for 5 thread(s) to block
[2023-10-19T21:09:49.412+0000][1863.944s][info ][safepoint     ] Entering safepoint region: Cleanup
[2023-10-19T21:09:49.413+0000][1863.945s][info ][safepoint     ] Leaving safepoint region
[2023-10-19T21:09:49.413+0000][1863.945s][info ][safepoint     ] Total time for which application threads were stopped: 0.0048813 seconds, Stopping threads took: 0.0043250 seconds
[2023-10-19T21:09:50.414+0000][1864.946s][debug][safepoint     ] Safepoint synchronization initiated. (177 threads)
[2023-10-19T21:09:50.415+0000][1864.947s][info ][safepoint     ] Application time: 1.0014368 seconds
[2023-10-19T21:09:50.416+0000][1864.948s][info ][safepoint     ] Entering safepoint region: Cleanup
[2023-10-19T21:09:50.418+0000][1864.949s][info ][safepoint     ] Leaving safepoint region
[2023-10-19T21:09:50.418+0000][1864.950s][info ][safepoint     ] Total time for which application threads were stopped: 0.0023132 seconds, Stopping threads took: 0.0011501 seconds
[2023-10-19T21:09:51.419+0000][1865.951s][debug][safepoint     ] Safepoint synchronization initiated. (177 threads)
[2023-10-19T21:09:51.420+0000][1865.952s][info ][safepoint     ] Application time: 1.0006880 seconds
[2023-10-19T21:09:51.420+0000][1865.952s][info ][safepoint     ] Entering safepoint region: Cleanup
[2023-10-19T21:09:51.421+0000][1865.953s][info ][safepoint     ] Leaving safepoint region
[2023-10-19T21:09:51.421+0000][1865.953s][info ][safepoint     ] Total time for which application threads were stopped: 0.0010087 seconds, Stopping threads took: 0.0003927 seconds
[2023-10-19T21:09:52.422+0000][1866.954s][debug][safepoint     ] Safepoint synchronization initiated. (177 threads)
[2023-10-19T21:09:52.423+0000][1866.955s][info ][safepoint     ] Application time: 1.0010638 seconds
[2023-10-19T21:09:52.424+0000][1866.955s][info ][safepoint     ] Entering safepoint region: Cleanup
[2023-10-19T21:09:52.425+0000][1866.956s][info ][safepoint     ] Leaving safepoint region
[2023-10-19T21:09:52.425+0000][1866.957s][info ][safepoint     ] Total time for which application threads were stopped: 0.0013288 seconds, Stopping threads took: 0.0007093 seconds
[2023-10-19T21:09:53.426+0000][1867.958s][debug][safepoint     ] Safepoint synchronization initiated. (177 threads)
[2023-10-19T21:09:53.427+0000][1867.959s][info ][safepoint     ] Application time: 1.0012853 seconds
[2023-10-19T21:09:53.428+0000][1867.959s][info ][safepoint     ] Entering safepoint region: Cleanup
[2023-10-19T21:09:53.429+0000][1867.961s][info ][safepoint     ] Leaving safepoint region
[2023-10-19T21:09:53.430+0000][1867.961s][info ][safepoint     ] Total time for which application threads were stopped: 0.0020701 seconds, Stopping threads took: 0.0010663 seconds
[2023-10-19T21:09:53.736+0000][1868.267s][debug][safepoint     ] Safepoint synchronization initiated. (177 threads)
[2023-10-19T21:09:53.737+0000][1868.268s][info ][safepoint     ] Application time: 0.3059445 seconds
[2023-10-19T21:09:53.737+0000][1868.269s][info ][safepoint     ] Entering safepoint region: G1CollectForAllocation
[2023-10-19T21:09:53.738+0000][1868.270s][info ][gc,start      ] GC(68) Pause Young (Normal) (G1 Evacuation Pause)
[2023-10-19T21:09:53.739+0000][1868.270s][info ][gc,task       ] GC(68) Using 8 workers of 8 for evacuation
[2023-10-19T21:09:53.749+0000][1868.280s][info ][gc,phases     ] GC(68)   Pre Evacuate Collection Set: 0.2ms
[2023-10-19T21:09:53.749+0000][1868.281s][info ][gc,phases     ] GC(68)   Evacuate Collection Set: 5.8ms
[2023-10-19T21:09:53.750+0000][1868.282s][info ][gc,phases     ] GC(68)   Post Evacuate Collection Set: 3.1ms
[2023-10-19T21:09:53.750+0000][1868.282s][info ][gc,phases     ] GC(68)   Other: 1.2ms
[2023-10-19T21:09:53.751+0000][1868.283s][info ][gc,heap       ] GC(68) Eden regions: 200->0(200)
[2023-10-19T21:09:53.752+0000][1868.283s][info ][gc,heap       ] GC(68) Survivor regions: 10->9(27)
[2023-10-19T21:09:53.752+0000][1868.284s][info ][gc,heap       ] GC(68) Old regions: 148->150
[2023-10-19T21:09:53.752+0000][1868.284s][info ][gc,heap       ] GC(68) Humongous regions: 5->5
[2023-10-19T21:09:53.753+0000][1868.284s][info ][gc,metaspace  ] GC(68) Metaspace: 167181K(172752K)->167181K(172752K) NonClass: 147763K(151248K)->147763K(151248K) Class: 19417K(21504K)->19417K(21504K)
[2023-10-19T21:09:53.753+0000][1868.285s][info ][gc            ] GC(68) Pause Young (Normal) (G1 Evacuation Pause) 360M->161M(415M) 14.951ms
[2023-10-19T21:09:53.754+0000][1868.285s][info ][gc,cpu        ] GC(68) User=0.06s Sys=0.00s Real=0.02s
[2023-10-19T21:09:53.754+0000][1868.286s][info ][safepoint     ] Leaving safepoint region
[2023-10-19T21:09:53.755+0000][1868.286s][info ][safepoint     ] Total time for which application threads were stopped: 0.0173608 seconds, Stopping threads took: 0.0006598 seconds
[2023-10-19T21:09:53.755+0000][1868.287s][info ][gc,stringdedup] Concurrent String Deduplication (1868.287s)
[2023-10-19T21:09:53.756+0000][1868.287s][info ][gc,stringdedup] Concurrent String Deduplication 2152.0B->864.0B(1288.0B) avg 54.3% (1868.287s, 1868.287s) 0.468ms
[2023-10-19T21:09:54.755+0000][1869.287s][debug][safepoint     ] Safepoint synchronization initiated. (177 threads)
[2023-10-19T21:09:54.757+0000][1869.288s][info ][safepoint     ] Application time: 1.0014342 seconds
[2023-10-19T21:09:54.758+0000][1869.289s][info ][safepoint     ] Entering safepoint region: Cleanup
[2023-10-19T21:09:54.759+0000][1869.290s][info ][safepoint     ] Leaving safepoint region
[2023-10-19T21:09:54.760+0000][1869.291s][info ][safepoint     ] Total time for which application threads were stopped: 0.0021449 seconds, Stopping threads took: 0.0010140 seconds
[2023-10-19T21:09:55.760+0000][1870.292s][debug][safepoint     ] Safepoint synchronization initiated. (177 threads)
[2023-10-19T21:09:55.761+0000][1870.293s][info ][safepoint     ] Application time: 1.0009750 seconds
[2023-10-19T21:09:55.762+0000][1870.294s][info ][safepoint     ] Entering safepoint region: Cleanup
[2023-10-19T21:09:55.763+0000][1870.294s][info ][safepoint     ] Leaving safepoint region
[2023-10-19T21:09:55.763+0000][1870.295s][info ][safepoint     ] Total time for which application threads were stopped: 0.0012788 seconds, Stopping threads took: 0.0006004 seconds
[2023-10-19T21:09:56.764+0000][1871.295s][debug][safepoint     ] Safepoint synchronization initiated. (177 threads)
[2023-10-19T21:09:56.764+0000][1871.296s][info ][safepoint     ] Application time: 1.0010171 seconds
[2023-10-19T21:09:56.765+0000][1871.297s][info ][safepoint     ] Entering safepoint region: Cleanup
[2023-10-19T21:09:56.766+0000][1871.298s][info ][safepoint     ] Leaving safepoint region
[2023-10-19T21:09:56.767+0000][1871.298s][info ][safepoint     ] Total time for which application threads were stopped: 0.0015758 seconds, Stopping threads took: 0.0007205 seconds
[2023-10-19T21:09:57.768+0000][1872.299s][debug][safepoint     ] Safepoint synchronization initiated. (177 threads)
[2023-10-19T21:09:57.769+0000][1872.301s][info ][safepoint     ] Application time: 1.0017848 seconds
[2023-10-19T21:09:57.770+0000][1872.302s][info ][safepoint     ] Entering safepoint region: Cleanup
[2023-10-19T21:09:57.771+0000][1872.303s][info ][safepoint     ] Leaving safepoint region
[2023-10-19T21:09:57.772+0000][1872.303s][info ][safepoint     ] Total time for which application threads were stopped: 0.0017918 seconds, Stopping threads took: 0.0008341 seconds
[2023-10-19T21:09:58.772+0000][1873.304s][debug][safepoint     ] Safepoint synchronization initiated. (177 threads)
[2023-10-19T21:09:58.774+0000][1873.305s][info ][safepoint     ] Application time: 1.0013063 seconds
[2023-10-19T21:09:58.775+0000][1873.306s][info ][safepoint     ] Entering safepoint region: Cleanup
[2023-10-19T21:09:58.776+0000][1873.307s][info ][safepoint     ] Leaving safepoint region
[2023-10-19T21:09:58.776+0000][1873.308s][info ][safepoint     ] Total time for which application threads were stopped: 0.0016670 seconds, Stopping threads took: 0.0008406 seconds
[2023-10-19T21:09:59.777+0000][1874.309s][debug][safepoint     ] Safepoint synchronization initiated. (177 threads)
[2023-10-19T21:09:59.778+0000][1874.309s][info ][safepoint     ] Application time: 1.0009416 seconds
[2023-10-19T21:09:59.779+0000][1874.310s][info ][safepoint     ] Entering safepoint region: Cleanup
[2023-10-19T21:09:59.779+0000][1874.311s][info ][safepoint     ] Leaving safepoint region
[2023-10-19T21:09:59.780+0000][1874.311s][info ][safepoint     ] Total time for which application threads were stopped: 0.0013003 seconds, Stopping threads took: 0.0006535 seconds
[2023-10-19T21:10:00.780+0000][1875.312s][debug][safepoint     ] Safepoint synchronization initiated. (177 threads)
[2023-10-19T21:10:00.781+0000][1875.312s][info ][safepoint     ] Application time: 1.0006476 seconds
[2023-10-19T21:10:00.782+0000][1875.313s][info ][safepoint     ] Entering safepoint region: Cleanup
[2023-10-19T21:10:00.782+0000][1875.314s][info ][safepoint     ] Leaving safepoint region
[2023-10-19T21:10:00.783+0000][1875.314s][info ][safepoint     ] Total time for which application threads were stopped: 0.0010892 seconds, Stopping threads took: 0.0003783 seconds
[2023-10-19T21:10:01.783+0000][1876.315s][debug][safepoint     ] Safepoint synchronization initiated. (177 threads)
[2023-10-19T21:10:01.785+0000][1876.316s][info ][safepoint     ] Application time: 1.0015931 seconds
[2023-10-19T21:10:01.786+0000][1876.317s][info ][safepoint     ] Entering safepoint region: Cleanup
[2023-10-19T21:10:01.787+0000][1876.319s][info ][safepoint     ] Leaving safepoint region
[2023-10-19T21:10:01.788+0000][1876.319s][info ][safepoint     ] Total time for which application threads were stopped: 0.0021518 seconds, Stopping threads took: 0.0010393 seconds
[2023-10-19T21:10:02.789+0000][1877.321s][debug][safepoint     ] Safepoint synchronization initiated. (177 threads)
[2023-10-19T21:10:02.790+0000][1877.322s][info ][safepoint     ] Application time: 1.0012819 seconds
[2023-10-19T21:10:02.791+0000][1877.322s][info ][safepoint     ] Entering safepoint region: Cleanup
[2023-10-19T21:10:02.792+0000][1877.323s][info ][safepoint     ] Leaving safepoint region
[2023-10-19T21:10:02.792+0000][1877.324s][info ][safepoint     ] Total time for which application threads were stopped: 0.0018569 seconds, Stopping threads took: 0.0007612 seconds
[2023-10-19T21:10:03.793+0000][1878.325s][debug][safepoint     ] Safepoint synchronization initiated. (177 threads)
[2023-10-19T21:10:03.794+0000][1878.325s][info ][safepoint     ] Application time: 1.0004768 seconds
[2023-10-19T21:10:03.794+0000][1878.326s][info ][safepoint     ] Entering safepoint region: Cleanup
[2023-10-19T21:10:03.794+0000][1878.326s][info ][safepoint     ] Leaving safepoint region
[2023-10-19T21:10:03.795+0000][1878.326s][info ][safepoint     ] Total time for which application threads were stopped: 0.0008183 seconds, Stopping threads took: 0.0002926 seconds
[2023-10-19T21:10:04.795+0000][1879.327s][debug][safepoint     ] Safepoint synchronization initiated. (177 threads)
[2023-10-19T21:10:04.796+0000][1879.328s][info ][safepoint     ] Application time: 1.0009777 seconds
[2023-10-19T21:10:04.797+0000][1879.328s][info ][safepoint     ] Entering safepoint region: Cleanup
[2023-10-19T21:10:04.798+0000][1879.330s][info ][safepoint     ] Leaving safepoint region
[2023-10-19T21:10:04.799+0000][1879.330s][info ][safepoint     ] Total time for which application threads were stopped: 0.0020285 seconds, Stopping threads took: 0.0007688 seconds
[2023-10-19T21:10:05.800+0000][1880.331s][debug][safepoint     ] Safepoint synchronization initiated. (177 threads)
[2023-10-19T21:10:05.800+0000][1880.332s][info ][safepoint     ] Application time: 1.0010977 seconds
[2023-10-19T21:10:05.801+0000][1880.333s][info ][safepoint     ] Entering safepoint region: Cleanup
[2023-10-19T21:10:05.802+0000][1880.333s][info ][safepoint     ] Leaving safepoint region
[2023-10-19T21:10:05.802+0000][1880.333s][info ][safepoint     ] Total time for which application threads were stopped: 0.0010149 seconds, Stopping threads took: 0.0004957 seconds
[2023-10-19T21:10:06.802+0000][1881.334s][debug][safepoint     ] Safepoint synchronization initiated. (177 threads)
[2023-10-19T21:10:06.803+0000][1881.334s][info ][safepoint     ] Application time: 1.0006762 seconds
[2023-10-19T21:10:06.803+0000][1881.335s][info ][safepoint     ] Entering safepoint region: Cleanup
[2023-10-19T21:10:06.804+0000][1881.335s][info ][safepoint     ] Leaving safepoint region
[2023-10-19T21:10:06.804+0000][1881.336s][info ][safepoint     ] Total time for which application threads were stopped: 0.0012321 seconds, Stopping threads took: 0.0004695 seconds
[2023-10-19T21:10:07.805+0000][1882.337s][debug][safepoint     ] Safepoint synchronization initiated. (177 threads)
[2023-10-19T21:10:07.806+0000][1882.337s][info ][safepoint     ] Application time: 1.0010272 seconds
[2023-10-19T21:10:07.807+0000][1882.338s][debug][safepoint     ] ... found polling page loop exception at pc = 0x00007fbdb0fe5ca4, stub =0x00007fbda8843680
[2023-10-19T21:10:07.807+0000][1882.338s][debug][safepoint     ] ... found polling page return exception at pc = 0x00007fbdb0b4fbc4, stub =0x00007fbda8840600
[2023-10-19T21:10:07.807+0000][1882.338s][debug][safepoint     ] ... found polling page return exception at pc = 0x00007fbdb0e1c8a0, stub =0x00007fbda8840600
[2023-10-19T21:10:07.807+0000][1882.338s][debug][safepoint     ] ... found polling page return exception at pc = 0x00007fbdb0886906, stub =0x00007fbda8840600
[2023-10-19T21:10:07.807+0000][1882.338s][debug][safepoint     ] ... found polling page return exception at pc = 0x00007fbdb098b108, stub =0x00007fbda8840600
[2023-10-19T21:10:07.810+0000][1882.342s][debug][safepoint     ] Waiting for 5 thread(s) to block
[2023-10-19T21:10:07.811+0000][1882.343s][info ][safepoint     ] Entering safepoint region: Cleanup
[2023-10-19T21:10:07.812+0000][1882.343s][info ][safepoint     ] Leaving safepoint region
[2023-10-19T21:10:07.812+0000][1882.344s][info ][safepoint     ] Total time for which application threads were stopped: 0.0055446 seconds, Stopping threads took: 0.0049823 seconds
[2023-10-19T21:10:08.813+0000][1883.344s][debug][safepoint     ] Safepoint synchronization initiated. (177 threads)
[2023-10-19T21:10:08.813+0000][1883.345s][info ][safepoint     ] Application time: 1.0006905 seconds
[2023-10-19T21:10:08.814+0000][1883.345s][info ][safepoint     ] Entering safepoint region: Cleanup
[2023-10-19T21:10:08.814+0000][1883.346s][info ][safepoint     ] Leaving safepoint region
[2023-10-19T21:10:08.815+0000][1883.347s][info ][safepoint     ] Total time for which application threads were stopped: 0.0018332 seconds, Stopping threads took: 0.0004617 seconds
[2023-10-19T21:10:08.814+0000][1883.346s][debug][safepoint     ] ... found polling page return exception at pc = 0x00007fbdb0cb92c4, stub =0x00007fbda8840600
[2023-10-19T21:10:09.817+0000][1884.348s][debug][safepoint     ] Safepoint synchronization initiated. (177 threads)
[2023-10-19T21:10:09.818+0000][1884.349s][info ][safepoint     ] Application time: 1.0013237 seconds
[2023-10-19T21:10:09.819+0000][1884.350s][info ][safepoint     ] Entering safepoint region: Cleanup
[2023-10-19T21:10:09.820+0000][1884.351s][info ][safepoint     ] Leaving safepoint region
[2023-10-19T21:10:09.820+0000][1884.352s][info ][safepoint     ] Total time for which application threads were stopped: 0.0016893 seconds, Stopping threads took: 0.0007478 seconds
[2023-10-19T21:10:10.821+0000][1885.353s][debug][safepoint     ] Safepoint synchronization initiated. (177 threads)
[2023-10-19T21:10:10.822+0000][1885.353s][info ][safepoint     ] Application time: 1.0008063 seconds
[2023-10-19T21:10:10.822+0000][1885.354s][info ][safepoint     ] Entering safepoint region: Cleanup
[2023-10-19T21:10:10.823+0000][1885.355s][info ][safepoint     ] Leaving safepoint region
[2023-10-19T21:10:10.823+0000][1885.355s][info ][safepoint     ] Total time for which application threads were stopped: 0.0011176 seconds, Stopping threads took: 0.0005156 seconds
[2023-10-19T21:10:11.824+0000][1886.356s][debug][safepoint     ] Safepoint synchronization initiated. (177 threads)
[2023-10-19T21:10:11.824+0000][1886.356s][info ][safepoint     ] Application time: 1.0005708 seconds
[2023-10-19T21:10:11.825+0000][1886.356s][info ][safepoint     ] Entering safepoint region: Cleanup
[2023-10-19T21:10:11.825+0000][1886.357s][info ][safepoint     ] Leaving safepoint region
[2023-10-19T21:10:11.825+0000][1886.357s][info ][safepoint     ] Total time for which application threads were stopped: 0.0007961 seconds, Stopping threads took: 0.0003587 seconds
[2023-10-19T21:10:12.826+0000][1887.357s][debug][safepoint     ] Safepoint synchronization initiated. (177 threads)
[2023-10-19T21:10:12.826+0000][1887.358s][info ][safepoint     ] Application time: 1.0005261 seconds
[2023-10-19T21:10:12.827+0000][1887.358s][info ][safepoint     ] Entering safepoint region: Cleanup
[2023-10-19T21:10:12.827+0000][1887.359s][info ][safepoint     ] Leaving safepoint region
[2023-10-19T21:10:12.828+0000][1887.359s][info ][safepoint     ] Total time for which application threads were stopped: 0.0010423 seconds, Stopping threads took: 0.0005591 seconds
[2023-10-19T21:10:13.828+0000][1888.360s][debug][safepoint     ] Safepoint synchronization initiated. (177 threads)
[2023-10-19T21:10:13.829+0000][1888.361s][info ][safepoint     ] Application time: 1.0013982 seconds
[2023-10-19T21:10:13.830+0000][1888.362s][info ][safepoint     ] Entering safepoint region: Cleanup
[2023-10-19T21:10:13.831+0000][1888.363s][info ][safepoint     ] Leaving safepoint region
[2023-10-19T21:10:13.832+0000][1888.364s][info ][safepoint     ] Total time for which application threads were stopped: 0.0020427 seconds, Stopping threads took: 0.0008647 seconds
[2023-10-19T21:10:14.833+0000][1889.365s][debug][safepoint     ] Safepoint synchronization initiated. (177 threads)
[2023-10-19T21:10:14.834+0000][1889.366s][info ][safepoint     ] Application time: 1.0009463 seconds
[2023-10-19T21:10:14.834+0000][1889.366s][info ][safepoint     ] Entering safepoint region: Cleanup
[2023-10-19T21:10:14.835+0000][1889.367s][info ][safepoint     ] Leaving safepoint region
[2023-10-19T21:10:14.835+0000][1889.367s][info ][safepoint     ] Total time for which application threads were stopped: 0.0010410 seconds, Stopping threads took: 0.0004581 seconds
[2023-10-19T21:10:15.836+0000][1890.368s][debug][safepoint     ] Safepoint synchronization initiated. (177 threads)
[2023-10-19T21:10:15.837+0000][1890.369s][info ][safepoint     ] Application time: 1.0011865 seconds
[2023-10-19T21:10:15.838+0000][1890.369s][info ][safepoint     ] Entering safepoint region: Cleanup
[2023-10-19T21:10:15.839+0000][1890.371s][info ][safepoint     ] Leaving safepoint region
[2023-10-19T21:10:15.840+0000][1890.371s][info ][safepoint     ] Total time for which application threads were stopped: 0.0018507 seconds, Stopping threads took: 0.0008889 seconds
[2023-10-19T21:10:16.840+0000][1891.372s][debug][safepoint     ] Safepoint synchronization initiated. (177 threads)
[2023-10-19T21:10:16.841+0000][1891.373s][info ][safepoint     ] Application time: 1.0006783 seconds
[2023-10-19T21:10:16.841+0000][1891.373s][info ][safepoint     ] Entering safepoint region: Cleanup
[2023-10-19T21:10:16.842+0000][1891.374s][info ][safepoint     ] Leaving safepoint region
[2023-10-19T21:10:16.842+0000][1891.374s][info ][safepoint     ] Total time for which application threads were stopped: 0.0010284 seconds, Stopping threads took: 0.0004183 seconds
[2023-10-19T21:10:17.843+0000][1892.374s][debug][safepoint     ] Safepoint synchronization initiated. (177 threads)
[2023-10-19T21:10:17.843+0000][1892.375s][info ][safepoint     ] Application time: 1.0004967 seconds
[2023-10-19T21:10:17.844+0000][1892.375s][info ][safepoint     ] Entering safepoint region: Cleanup
[2023-10-19T21:10:17.844+0000][1892.376s][info ][safepoint     ] Leaving safepoint region
[2023-10-19T21:10:17.845+0000][1892.376s][info ][safepoint     ] Total time for which application threads were stopped: 0.0010452 seconds, Stopping threads took: 0.0003238 seconds
[2023-10-19T21:10:18.845+0000][1893.377s][debug][safepoint     ] Safepoint synchronization initiated. (177 threads)
[2023-10-19T21:10:18.846+0000][1893.377s][info ][safepoint     ] Application time: 1.0006312 seconds
[2023-10-19T21:10:18.846+0000][1893.378s][info ][safepoint     ] Entering safepoint region: Cleanup
[2023-10-19T21:10:18.847+0000][1893.378s][info ][safepoint     ] Leaving safepoint region
[2023-10-19T21:10:18.847+0000][1893.379s][info ][safepoint     ] Total time for which application threads were stopped: 0.0010060 seconds, Stopping threads took: 0.0003794 seconds
[2023-10-19T21:10:19.847+0000][1894.379s][debug][safepoint     ] Safepoint synchronization initiated. (177 threads)
[2023-10-19T21:10:19.848+0000][1894.380s][info ][safepoint     ] Application time: 1.0008190 seconds
[2023-10-19T21:10:19.849+0000][1894.381s][info ][safepoint     ] Entering safepoint region: Cleanup
[2023-10-19T21:10:19.850+0000][1894.381s][info ][safepoint     ] Leaving safepoint region
[2023-10-19T21:10:19.850+0000][1894.382s][info ][safepoint     ] Total time for which application threads were stopped: 0.0012830 seconds, Stopping threads took: 0.0007229 seconds
[2023-10-19T21:10:20.851+0000][1895.382s][debug][safepoint     ] Safepoint synchronization initiated. (177 threads)
[2023-10-19T21:10:20.851+0000][1895.383s][info ][safepoint     ] Application time: 1.0004971 seconds
[2023-10-19T21:10:20.851+0000][1895.383s][info ][safepoint     ] Entering safepoint region: Cleanup
[2023-10-19T21:10:20.852+0000][1895.383s][info ][safepoint     ] Leaving safepoint region
[2023-10-19T21:10:20.852+0000][1895.384s][info ][safepoint     ] Total time for which application threads were stopped: 0.0008163 seconds, Stopping threads took: 0.0003659 seconds
[2023-10-19T21:10:21.853+0000][1896.384s][debug][safepoint     ] Safepoint synchronization initiated. (177 threads)
[2023-10-19T21:10:21.853+0000][1896.385s][info ][safepoint     ] Application time: 1.0007563 seconds
[2023-10-19T21:10:21.854+0000][1896.385s][info ][safepoint     ] Entering safepoint region: Cleanup
[2023-10-19T21:10:21.855+0000][1896.386s][info ][safepoint     ] Leaving safepoint region
[2023-10-19T21:10:21.855+0000][1896.387s][info ][safepoint     ] Total time for which application threads were stopped: 0.0015316 seconds, Stopping threads took: 0.0005769 seconds
[2023-10-19T21:10:22.856+0000][1897.387s][debug][safepoint     ] Safepoint synchronization initiated. (177 threads)
[2023-10-19T21:10:22.856+0000][1897.388s][info ][safepoint     ] Application time: 1.0006965 seconds
[2023-10-19T21:10:22.857+0000][1897.389s][info ][safepoint     ] Entering safepoint region: Cleanup
[2023-10-19T21:10:22.858+0000][1897.389s][info ][safepoint     ] Leaving safepoint region
[2023-10-19T21:10:22.858+0000][1897.390s][info ][safepoint     ] Total time for which application threads were stopped: 0.0010682 seconds, Stopping threads took: 0.0004426 seconds
[2023-10-19T21:10:23.859+0000][1898.390s][debug][safepoint     ] Safepoint synchronization initiated. (177 threads)
[2023-10-19T21:10:23.859+0000][1898.391s][info ][safepoint     ] Application time: 1.0006429 seconds
[2023-10-19T21:10:23.860+0000][1898.391s][info ][safepoint     ] Entering safepoint region: Cleanup
[2023-10-19T21:10:23.861+0000][1898.392s][info ][safepoint     ] Leaving safepoint region
[2023-10-19T21:10:23.861+0000][1898.392s][info ][safepoint     ] Total time for which application threads were stopped: 0.0010167 seconds, Stopping threads took: 0.0004946 seconds
[2023-10-19T21:10:24.861+0000][1899.393s][debug][safepoint     ] Safepoint synchronization initiated. (177 threads)
[2023-10-19T21:10:24.862+0000][1899.394s][info ][safepoint     ] Application time: 1.0011908 seconds
[2023-10-19T21:10:24.863+0000][1899.395s][debug][safepoint     ] Waiting for 3 thread(s) to block
[2023-10-19T21:10:24.864+0000][1899.395s][info ][safepoint     ] Entering safepoint region: Cleanup
[2023-10-19T21:10:24.865+0000][1899.396s][info ][safepoint     ] Leaving safepoint region
[2023-10-19T21:10:24.865+0000][1899.397s][info ][safepoint     ] Total time for which application threads were stopped: 0.0023835 seconds, Stopping threads took: 0.0017214 seconds
[2023-10-19T21:10:25.866+0000][1900.398s][debug][safepoint     ] Safepoint synchronization initiated. (177 threads)
[2023-10-19T21:10:25.867+0000][1900.398s][info ][safepoint     ] Application time: 1.0008136 seconds
[2023-10-19T21:10:25.867+0000][1900.399s][info ][safepoint     ] Entering safepoint region: Cleanup
[2023-10-19T21:10:25.868+0000][1900.399s][info ][safepoint     ] Leaving safepoint region
[2023-10-19T21:10:25.868+0000][1900.399s][info ][safepoint     ] Total time for which application threads were stopped: 0.0008765 seconds, Stopping threads took: 0.0003817 seconds
[2023-10-19T21:10:26.868+0000][1901.400s][debug][safepoint     ] Safepoint synchronization initiated. (177 threads)
[2023-10-19T21:10:26.869+0000][1901.401s][info ][safepoint     ] Application time: 1.0009043 seconds
[2023-10-19T21:10:26.870+0000][1901.401s][info ][safepoint     ] Entering safepoint region: Cleanup
[2023-10-19T21:10:26.870+0000][1901.402s][info ][safepoint     ] Leaving safepoint region
[2023-10-19T21:10:26.871+0000][1901.402s][info ][safepoint     ] Total time for which application threads were stopped: 0.0010831 seconds, Stopping threads took: 0.0005010 seconds
[2023-10-19T21:10:27.871+0000][1902.403s][debug][safepoint     ] Safepoint synchronization initiated. (177 threads)
[2023-10-19T21:10:27.872+0000][1902.403s][info ][safepoint     ] Application time: 1.0008211 seconds
[2023-10-19T21:10:27.872+0000][1902.404s][info ][safepoint     ] Entering safepoint region: Cleanup
[2023-10-19T21:10:27.873+0000][1902.405s][info ][safepoint     ] Leaving safepoint region
[2023-10-19T21:10:27.873+0000][1902.405s][info ][safepoint     ] Total time for which application threads were stopped: 0.0011915 seconds, Stopping threads took: 0.0005057 seconds
[2023-10-19T21:10:28.874+0000][1903.406s][debug][safepoint     ] Safepoint synchronization initiated. (177 threads)
[2023-10-19T21:10:28.875+0000][1903.406s][info ][safepoint     ] Application time: 1.0007683 seconds
[2023-10-19T21:10:28.875+0000][1903.407s][info ][safepoint     ] Entering safepoint region: Cleanup
[2023-10-19T21:10:28.876+0000][1903.408s][info ][safepoint     ] Leaving safepoint region
[2023-10-19T21:10:28.876+0000][1903.408s][info ][safepoint     ] Total time for which application threads were stopped: 0.0011973 seconds, Stopping threads took: 0.0005428 seconds
[2023-10-19T21:10:29.877+0000][1904.409s][debug][safepoint     ] Safepoint synchronization initiated. (177 threads)
[2023-10-19T21:10:29.878+0000][1904.410s][info ][safepoint     ] Application time: 1.0010846 seconds
[2023-10-19T21:10:29.879+0000][1904.410s][info ][safepoint     ] Entering safepoint region: Cleanup
[2023-10-19T21:10:29.879+0000][1904.411s][info ][safepoint     ] Leaving safepoint region
[2023-10-19T21:10:29.880+0000][1904.411s][info ][safepoint     ] Total time for which application threads were stopped: 0.0012171 seconds, Stopping threads took: 0.0005189 seconds
[2023-10-19T21:10:30.880+0000][1905.412s][debug][safepoint     ] Safepoint synchronization initiated. (177 threads)
[2023-10-19T21:10:30.881+0000][1905.413s][info ][safepoint     ] Application time: 1.0006551 seconds
[2023-10-19T21:10:30.882+0000][1905.413s][info ][safepoint     ] Entering safepoint region: Cleanup
[2023-10-19T21:10:30.882+0000][1905.414s][info ][safepoint     ] Leaving safepoint region
[2023-10-19T21:10:30.883+0000][1905.414s][info ][safepoint     ] Total time for which application threads were stopped: 0.0011030 seconds, Stopping threads took: 0.0004849 seconds
[2023-10-19T21:10:31.883+0000][1906.415s][debug][safepoint     ] Safepoint synchronization initiated. (177 threads)
[2023-10-19T21:10:31.884+0000][1906.415s][info ][safepoint     ] Application time: 1.0008575 seconds
[2023-10-19T21:10:31.884+0000][1906.416s][info ][safepoint     ] Entering safepoint region: Cleanup
[2023-10-19T21:10:31.885+0000][1906.417s][info ][safepoint     ] Leaving safepoint region
[2023-10-19T21:10:31.886+0000][1906.417s][info ][safepoint     ] Total time for which application threads were stopped: 0.0013749 seconds, Stopping threads took: 0.0007217 seconds
[2023-10-19T21:10:32.886+0000][1907.418s][debug][safepoint     ] Safepoint synchronization initiated. (179 threads)
[2023-10-19T21:10:32.887+0000][1907.418s][info ][safepoint     ] Application time: 1.0006465 seconds
[2023-10-19T21:10:32.887+0000][1907.419s][info ][safepoint     ] Entering safepoint region: Cleanup
[2023-10-19T21:10:32.888+0000][1907.420s][info ][safepoint     ] Leaving safepoint region
[2023-10-19T21:10:32.889+0000][1907.420s][info ][safepoint     ] Total time for which application threads were stopped: 0.0012840 seconds, Stopping threads took: 0.0005356 seconds
[2023-10-19T21:10:33.889+0000][1908.421s][debug][safepoint     ] Safepoint synchronization initiated. (179 threads)
[2023-10-19T21:10:33.890+0000][1908.421s][info ][safepoint     ] Application time: 1.0006176 seconds
[2023-10-19T21:10:33.890+0000][1908.422s][info ][safepoint     ] Entering safepoint region: Cleanup
[2023-10-19T21:10:33.891+0000][1908.422s][info ][safepoint     ] Leaving safepoint region
[2023-10-19T21:10:33.891+0000][1908.423s][info ][safepoint     ] Total time for which application threads were stopped: 0.0009203 seconds, Stopping threads took: 0.0003990 seconds
[2023-10-19T21:10:34.891+0000][1909.423s][debug][safepoint     ] Safepoint synchronization initiated. (179 threads)
[2023-10-19T21:10:34.892+0000][1909.424s][info ][safepoint     ] Application time: 1.0007781 seconds
[2023-10-19T21:10:34.893+0000][1909.424s][info ][safepoint     ] Entering safepoint region: Cleanup
[2023-10-19T21:10:34.893+0000][1909.425s][info ][safepoint     ] Leaving safepoint region
[2023-10-19T21:10:34.894+0000][1909.425s][info ][safepoint     ] Total time for which application threads were stopped: 0.0011238 seconds, Stopping threads took: 0.0005273 seconds
[2023-10-19T21:10:35.894+0000][1910.426s][debug][safepoint     ] Safepoint synchronization initiated. (179 threads)
[2023-10-19T21:10:35.895+0000][1910.426s][info ][safepoint     ] Application time: 1.0007046 seconds
[2023-10-19T21:10:35.895+0000][1910.427s][info ][safepoint     ] Entering safepoint region: Cleanup
[2023-10-19T21:10:35.896+0000][1910.427s][info ][safepoint     ] Leaving safepoint region
[2023-10-19T21:10:35.896+0000][1910.428s][info ][safepoint     ] Total time for which application threads were stopped: 0.0010651 seconds, Stopping threads took: 0.0004862 seconds
[2023-10-19T21:10:36.897+0000][1911.428s][debug][safepoint     ] Safepoint synchronization initiated. (178 threads)
[2023-10-19T21:10:36.898+0000][1911.429s][info ][safepoint     ] Application time: 1.0010573 seconds
[2023-10-19T21:10:36.898+0000][1911.430s][info ][safepoint     ] Entering safepoint region: Cleanup
[2023-10-19T21:10:36.899+0000][1911.430s][info ][safepoint     ] Leaving safepoint region
[2023-10-19T21:10:36.899+0000][1911.431s][info ][safepoint     ] Total time for which application threads were stopped: 0.0012074 seconds, Stopping threads took: 0.0005797 seconds
[2023-10-19T21:10:37.900+0000][1912.431s][debug][safepoint     ] Safepoint synchronization initiated. (178 threads)
[2023-10-19T21:10:37.901+0000][1912.432s][info ][safepoint     ] Application time: 1.0011652 seconds
[2023-10-19T21:10:37.902+0000][1912.433s][info ][safepoint     ] Entering safepoint region: Cleanup
[2023-10-19T21:10:37.902+0000][1912.434s][info ][safepoint     ] Leaving safepoint region
[2023-10-19T21:10:37.903+0000][1912.435s][info ][safepoint     ] Total time for which application threads were stopped: 0.0015951 seconds, Stopping threads took: 0.0006405 seconds
[2023-10-19T21:10:38.904+0000][1913.435s][debug][safepoint     ] Safepoint synchronization initiated. (177 threads)
[2023-10-19T21:10:38.905+0000][1913.436s][info ][safepoint     ] Application time: 1.0009982 seconds
[2023-10-19T21:10:38.905+0000][1913.437s][info ][safepoint     ] Entering safepoint region: Cleanup
[2023-10-19T21:10:38.906+0000][1913.438s][info ][safepoint     ] Leaving safepoint region
[2023-10-19T21:10:38.907+0000][1913.438s][info ][safepoint     ] Total time for which application threads were stopped: 0.0013051 seconds, Stopping threads took: 0.0006289 seconds
[2023-10-19T21:10:39.907+0000][1914.439s][debug][safepoint     ] Safepoint synchronization initiated. (177 threads)
[2023-10-19T21:10:39.908+0000][1914.439s][info ][safepoint     ] Application time: 1.0005169 seconds
[2023-10-19T21:10:39.908+0000][1914.440s][info ][safepoint     ] Entering safepoint region: Cleanup
[2023-10-19T21:10:39.908+0000][1914.440s][info ][safepoint     ] Leaving safepoint region
[2023-10-19T21:10:39.909+0000][1914.440s][info ][safepoint     ] Total time for which application threads were stopped: 0.0007560 seconds, Stopping threads took: 0.0003265 seconds
[2023-10-19T21:10:40.909+0000][1915.441s][debug][safepoint     ] Safepoint synchronization initiated. (177 threads)
[2023-10-19T21:10:40.910+0000][1915.441s][info ][safepoint     ] Application time: 1.0006289 seconds
[2023-10-19T21:10:40.910+0000][1915.442s][info ][safepoint     ] Entering safepoint region: Cleanup
[2023-10-19T21:10:40.910+0000][1915.442s][info ][safepoint     ] Leaving safepoint region
[2023-10-19T21:10:40.911+0000][1915.442s][info ][safepoint     ] Total time for which application threads were stopped: 0.0008495 seconds, Stopping threads took: 0.0003775 seconds
[2023-10-19T21:10:41.911+0000][1916.443s][debug][safepoint     ] Safepoint synchronization initiated. (177 threads)
[2023-10-19T21:10:41.912+0000][1916.444s][info ][safepoint     ] Application time: 1.0011017 seconds
[2023-10-19T21:10:41.913+0000][1916.445s][info ][safepoint     ] Entering safepoint region: Cleanup
[2023-10-19T21:10:41.914+0000][1916.446s][info ][safepoint     ] Leaving safepoint region
[2023-10-19T21:10:41.915+0000][1916.446s][info ][safepoint     ] Total time for which application threads were stopped: 0.0015623 seconds, Stopping threads took: 0.0007690 seconds
[2023-10-19T21:10:42.915+0000][1917.447s][debug][safepoint     ] Safepoint synchronization initiated. (177 threads)
[2023-10-19T21:10:42.922+0000][1917.453s][info ][safepoint     ] Application time: 1.0067244 seconds
[2023-10-19T21:10:42.934+0000][1917.466s][info ][safepoint     ] Entering safepoint region: Cleanup
[2023-10-19T21:10:42.948+0000][1917.479s][info ][safepoint     ] Leaving safepoint region
[2023-10-19T21:10:42.950+0000][1917.481s][info ][safepoint     ] Total time for which application threads were stopped: 0.0157838 seconds, Stopping threads took: 0.0127365 seconds
[2023-10-19T21:10:43.951+0000][1918.482s][debug][safepoint     ] Safepoint synchronization initiated. (177 threads)
[2023-10-19T21:10:43.951+0000][1918.483s][info ][safepoint     ] Application time: 1.0007568 seconds
[2023-10-19T21:10:43.952+0000][1918.483s][info ][safepoint     ] Entering safepoint region: Cleanup
[2023-10-19T21:10:43.952+0000][1918.484s][info ][safepoint     ] Leaving safepoint region
[2023-10-19T21:10:43.953+0000][1918.484s][info ][safepoint     ] Total time for which application threads were stopped: 0.0011941 seconds, Stopping threads took: 0.0006051 seconds
[2023-10-19T21:10:44.953+0000][1919.485s][debug][safepoint     ] Safepoint synchronization initiated. (177 threads)
[2023-10-19T21:10:44.954+0000][1919.485s][info ][safepoint     ] Application time: 1.0006270 seconds
[2023-10-19T21:10:44.954+0000][1919.486s][info ][safepoint     ] Entering safepoint region: Cleanup
[2023-10-19T21:10:44.955+0000][1919.486s][info ][safepoint     ] Leaving safepoint region
[2023-10-19T21:10:44.955+0000][1919.487s][info ][safepoint     ] Total time for which application threads were stopped: 0.0010194 seconds, Stopping threads took: 0.0004043 seconds
[2023-10-19T21:10:45.956+0000][1920.487s][debug][safepoint     ] Safepoint synchronization initiated. (177 threads)
[2023-10-19T21:10:45.962+0000][1920.494s][info ][safepoint     ] Application time: 1.0066173 seconds
[2023-10-19T21:10:45.972+0000][1920.503s][info ][safepoint     ] Entering safepoint region: Cleanup
[2023-10-19T21:10:45.976+0000][1920.507s][info ][safepoint     ] Leaving safepoint region
[2023-10-19T21:10:45.989+0000][1920.521s][info ][safepoint     ] Total time for which application threads were stopped: 0.0176522 seconds, Stopping threads took: 0.0036350 seconds
[2023-10-19T21:10:47.000+0000][1921.531s][debug][safepoint     ] Safepoint synchronization initiated. (177 threads)
[2023-10-19T21:10:47.000+0000][1921.532s][info ][safepoint     ] Application time: 1.0008817 seconds
[2023-10-19T21:10:47.000+0000][1921.532s][info ][safepoint     ] Entering safepoint region: Cleanup
[2023-10-19T21:10:47.001+0000][1921.533s][info ][safepoint     ] Leaving safepoint region
[2023-10-19T21:10:47.002+0000][1921.533s][info ][safepoint     ] Total time for which application threads were stopped: 0.0011466 seconds, Stopping threads took: 0.0004920 seconds
[2023-10-19T21:10:48.002+0000][1922.534s][debug][safepoint     ] Safepoint synchronization initiated. (177 threads)
[2023-10-19T21:10:48.003+0000][1922.535s][info ][safepoint     ] Application time: 1.0010151 seconds
[2023-10-19T21:10:48.004+0000][1922.535s][info ][safepoint     ] Entering safepoint region: Cleanup
[2023-10-19T21:10:48.005+0000][1922.537s][info ][safepoint     ] Leaving safepoint region
[2023-10-19T21:10:48.007+0000][1922.539s][info ][safepoint     ] Total time for which application threads were stopped: 0.0033724 seconds, Stopping threads took: 0.0007859 seconds
[2023-10-19T21:10:49.008+0000][1923.539s][debug][safepoint     ] Safepoint synchronization initiated. (177 threads)
[2023-10-19T21:10:49.008+0000][1923.540s][info ][safepoint     ] Application time: 1.0007161 seconds
[2023-10-19T21:10:49.009+0000][1923.540s][info ][safepoint     ] Entering safepoint region: Cleanup
[2023-10-19T21:10:49.010+0000][1923.541s][info ][safepoint     ] Leaving safepoint region
[2023-10-19T21:10:49.010+0000][1923.542s][info ][safepoint     ] Total time for which application threads were stopped: 0.0010896 seconds, Stopping threads took: 0.0004624 seconds
[2023-10-19T21:10:50.010+0000][1924.542s][debug][safepoint     ] Safepoint synchronization initiated. (177 threads)
[2023-10-19T21:10:50.011+0000][1924.542s][info ][safepoint     ] Application time: 1.0006297 seconds
[2023-10-19T21:10:50.011+0000][1924.543s][info ][safepoint     ] Entering safepoint region: Cleanup
[2023-10-19T21:10:50.012+0000][1924.544s][info ][safepoint     ] Leaving safepoint region
[2023-10-19T21:10:50.012+0000][1924.544s][info ][safepoint     ] Total time for which application threads were stopped: 0.0010825 seconds, Stopping threads took: 0.0005086 seconds
[2023-10-19T21:10:51.013+0000][1925.545s][debug][safepoint     ] Safepoint synchronization initiated. (177 threads)
[2023-10-19T21:10:51.014+0000][1925.545s][info ][safepoint     ] Application time: 1.0009044 seconds
[2023-10-19T21:10:51.014+0000][1925.546s][info ][safepoint     ] Entering safepoint region: Cleanup
[2023-10-19T21:10:51.015+0000][1925.547s][info ][safepoint     ] Leaving safepoint region
[2023-10-19T21:10:51.016+0000][1925.547s][info ][safepoint     ] Total time for which application threads were stopped: 0.0013827 seconds, Stopping threads took: 0.0006270 seconds
[2023-10-19T21:10:52.016+0000][1926.548s][debug][safepoint     ] Safepoint synchronization initiated. (177 threads)
[2023-10-19T21:10:52.019+0000][1926.551s][info ][safepoint     ] Application time: 1.0029238 seconds
[2023-10-19T21:10:52.020+0000][1926.551s][info ][safepoint     ] Entering safepoint region: Cleanup
[2023-10-19T21:10:52.021+0000][1926.552s][info ][safepoint     ] Leaving safepoint region
[2023-10-19T21:10:52.021+0000][1926.553s][info ][safepoint     ] Total time for which application threads were stopped: 0.0013044 seconds, Stopping threads took: 0.0005483 seconds
[2023-10-19T21:10:53.022+0000][1927.553s][debug][safepoint     ] Safepoint synchronization initiated. (177 threads)
[2023-10-19T21:10:53.023+0000][1927.554s][info ][safepoint     ] Application time: 1.0013897 seconds
[2023-10-19T21:10:53.024+0000][1927.555s][info ][safepoint     ] Entering safepoint region: Cleanup
[2023-10-19T21:10:53.025+0000][1927.557s][info ][safepoint     ] Leaving safepoint region
[2023-10-19T21:10:53.026+0000][1927.557s][info ][safepoint     ] Total time for which application threads were stopped: 0.0018627 seconds, Stopping threads took: 0.0008107 seconds
[2023-10-19T21:10:54.027+0000][1928.558s][debug][safepoint     ] Safepoint synchronization initiated. (177 threads)
[2023-10-19T21:10:54.027+0000][1928.559s][info ][safepoint     ] Application time: 1.0006736 seconds
[2023-10-19T21:10:54.027+0000][1928.559s][info ][safepoint     ] Entering safepoint region: Cleanup
[2023-10-19T21:10:54.028+0000][1928.559s][info ][safepoint     ] Leaving safepoint region
[2023-10-19T21:10:54.028+0000][1928.560s][info ][safepoint     ] Total time for which application threads were stopped: 0.0007823 seconds, Stopping threads took: 0.0003340 seconds
[2023-10-19T21:10:55.029+0000][1929.560s][debug][safepoint     ] Safepoint synchronization initiated. (177 threads)
[2023-10-19T21:10:55.029+0000][1929.561s][info ][safepoint     ] Application time: 1.0011181 seconds
[2023-10-19T21:10:55.030+0000][1929.562s][info ][safepoint     ] Entering safepoint region: Cleanup
[2023-10-19T21:10:55.031+0000][1929.563s][info ][safepoint     ] Leaving safepoint region
[2023-10-19T21:10:55.032+0000][1929.564s][info ][safepoint     ] Total time for which application threads were stopped: 0.0018956 seconds, Stopping threads took: 0.0008289 seconds
[2023-10-19T21:10:56.033+0000][1930.565s][debug][safepoint     ] Safepoint synchronization initiated. (177 threads)
[2023-10-19T21:10:56.034+0000][1930.565s][info ][safepoint     ] Application time: 1.0007279 seconds
[2023-10-19T21:10:56.034+0000][1930.566s][info ][safepoint     ] Entering safepoint region: Cleanup
[2023-10-19T21:10:56.035+0000][1930.566s][info ][safepoint     ] Leaving safepoint region
[2023-10-19T21:10:56.035+0000][1930.567s][info ][safepoint     ] Total time for which application threads were stopped: 0.0012314 seconds, Stopping threads took: 0.0004754 seconds
[2023-10-19T21:10:57.036+0000][1931.568s][debug][safepoint     ] Safepoint synchronization initiated. (177 threads)
[2023-10-19T21:10:57.037+0000][1931.568s][info ][safepoint     ] Application time: 1.0011450 seconds
[2023-10-19T21:10:57.038+0000][1931.569s][info ][safepoint     ] Entering safepoint region: Cleanup
[2023-10-19T21:10:57.039+0000][1931.570s][info ][safepoint     ] Leaving safepoint region
[2023-10-19T21:10:57.039+0000][1931.571s][info ][safepoint     ] Total time for which application threads were stopped: 0.0016898 seconds, Stopping threads took: 0.0008227 seconds
[2023-10-19T21:10:58.040+0000][1932.572s][debug][safepoint     ] Safepoint synchronization initiated. (177 threads)
[2023-10-19T21:10:58.042+0000][1932.573s][info ][safepoint     ] Application time: 1.0014510 seconds
[2023-10-19T21:10:58.042+0000][1932.574s][info ][safepoint     ] Entering safepoint region: Cleanup
[2023-10-19T21:10:58.043+0000][1932.575s][info ][safepoint     ] Leaving safepoint region
[2023-10-19T21:10:58.044+0000][1932.576s][info ][safepoint     ] Total time for which application threads were stopped: 0.0018782 seconds, Stopping threads took: 0.0008114 seconds
[2023-10-19T21:10:59.045+0000][1933.577s][debug][safepoint     ] Safepoint synchronization initiated. (177 threads)
[2023-10-19T21:10:59.046+0000][1933.578s][info ][safepoint     ] Application time: 1.0013040 seconds
[2023-10-19T21:10:59.047+0000][1933.579s][info ][safepoint     ] Entering safepoint region: Cleanup
[2023-10-19T21:10:59.048+0000][1933.580s][info ][safepoint     ] Leaving safepoint region
[2023-10-19T21:10:59.049+0000][1933.581s][info ][safepoint     ] Total time for which application threads were stopped: 0.0020105 seconds, Stopping threads took: 0.0009323 seconds
[2023-10-19T21:11:00.050+0000][1934.582s][debug][safepoint     ] Safepoint synchronization initiated. (177 threads)
[2023-10-19T21:11:00.051+0000][1934.582s][info ][safepoint     ] Application time: 1.0007848 seconds
[2023-10-19T21:11:00.051+0000][1934.583s][info ][safepoint     ] Entering safepoint region: Cleanup
[2023-10-19T21:11:00.052+0000][1934.583s][info ][safepoint     ] Leaving safepoint region
[2023-10-19T21:11:00.052+0000][1934.584s][info ][safepoint     ] Total time for which application threads were stopped: 0.0011235 seconds, Stopping threads took: 0.0004338 seconds
[2023-10-19T21:11:01.053+0000][1935.584s][debug][safepoint     ] Safepoint synchronization initiated. (176 threads)
[2023-10-19T21:11:01.054+0000][1935.585s][info ][safepoint     ] Application time: 1.0009872 seconds
[2023-10-19T21:11:01.054+0000][1935.586s][info ][safepoint     ] Entering safepoint region: Cleanup
[2023-10-19T21:11:01.055+0000][1935.587s][info ][safepoint     ] Leaving safepoint region
[2023-10-19T21:11:01.055+0000][1935.587s][info ][safepoint     ] Total time for which application threads were stopped: 0.0010827 seconds, Stopping threads took: 0.0005185 seconds
[2023-10-19T21:11:02.056+0000][1936.587s][debug][safepoint     ] Safepoint synchronization initiated. (176 threads)
[2023-10-19T21:11:02.056+0000][1936.588s][info ][safepoint     ] Application time: 1.0006525 seconds
[2023-10-19T21:11:02.057+0000][1936.588s][info ][safepoint     ] Entering safepoint region: Cleanup
[2023-10-19T21:11:02.057+0000][1936.589s][info ][safepoint     ] Leaving safepoint region
[2023-10-19T21:11:02.057+0000][1936.589s][info ][safepoint     ] Total time for which application threads were stopped: 0.0007477 seconds, Stopping threads took: 0.0003157 seconds
[2023-10-19T21:11:03.058+0000][1937.590s][debug][safepoint     ] Safepoint synchronization initiated. (176 threads)
[2023-10-19T21:11:03.059+0000][1937.591s][info ][safepoint     ] Application time: 1.0013619 seconds
[2023-10-19T21:11:03.060+0000][1937.591s][info ][safepoint     ] Entering safepoint region: Cleanup
[2023-10-19T21:11:03.060+0000][1937.592s][info ][safepoint     ] Leaving safepoint region
[2023-10-19T21:11:03.061+0000][1937.593s][info ][safepoint     ] Total time for which application threads were stopped: 0.0013466 seconds, Stopping threads took: 0.0005772 seconds
[2023-10-19T21:11:04.062+0000][1938.593s][debug][safepoint     ] Safepoint synchronization initiated. (177 threads)
[2023-10-19T21:11:04.062+0000][1938.594s][info ][safepoint     ] Application time: 1.0010193 seconds
[2023-10-19T21:11:04.063+0000][1938.594s][info ][safepoint     ] Entering safepoint region: Cleanup
[2023-10-19T21:11:04.064+0000][1938.595s][info ][safepoint     ] Leaving safepoint region
[2023-10-19T21:11:04.064+0000][1938.596s][info ][safepoint     ] Total time for which application threads were stopped: 0.0014421 seconds, Stopping threads took: 0.0007933 seconds
[2023-10-19T21:11:05.065+0000][1939.596s][debug][safepoint     ] Safepoint synchronization initiated. (177 threads)
[2023-10-19T21:11:05.066+0000][1939.597s][info ][safepoint     ] Application time: 1.0009599 seconds
[2023-10-19T21:11:05.066+0000][1939.598s][info ][safepoint     ] Entering safepoint region: Cleanup
[2023-10-19T21:11:05.067+0000][1939.599s][info ][safepoint     ] Leaving safepoint region
[2023-10-19T21:11:05.068+0000][1939.600s][info ][safepoint     ] Total time for which application threads were stopped: 0.0018812 seconds, Stopping threads took: 0.0006531 seconds
[2023-10-19T21:11:06.069+0000][1940.601s][debug][safepoint     ] Safepoint synchronization initiated. (177 threads)
[2023-10-19T21:11:06.070+0000][1940.602s][info ][safepoint     ] Application time: 1.0013449 seconds
[2023-10-19T21:11:06.071+0000][1940.602s][info ][safepoint     ] Entering safepoint region: Cleanup
[2023-10-19T21:11:06.072+0000][1940.603s][info ][safepoint     ] Leaving safepoint region
[2023-10-19T21:11:06.073+0000][1940.604s][info ][safepoint     ] Total time for which application threads were stopped: 0.0017197 seconds, Stopping threads took: 0.0006408 seconds
[2023-10-19T21:11:07.073+0000][1941.605s][debug][safepoint     ] Safepoint synchronization initiated. (177 threads)
[2023-10-19T21:11:07.074+0000][1941.606s][info ][safepoint     ] Application time: 1.0010274 seconds
[2023-10-19T21:11:07.075+0000][1941.607s][info ][safepoint     ] Entering safepoint region: Cleanup
[2023-10-19T21:11:07.076+0000][1941.607s][info ][safepoint     ] Leaving safepoint region
[2023-10-19T21:11:07.076+0000][1941.608s][info ][safepoint     ] Total time for which application threads were stopped: 0.0012792 seconds, Stopping threads took: 0.0004764 seconds
[2023-10-19T21:11:08.078+0000][1942.609s][debug][safepoint     ] Safepoint synchronization initiated. (177 threads)
[2023-10-19T21:11:08.079+0000][1942.610s][info ][safepoint     ] Application time: 1.0013584 seconds
[2023-10-19T21:11:08.080+0000][1942.611s][info ][safepoint     ] Entering safepoint region: Cleanup
[2023-10-19T21:11:08.081+0000][1942.613s][info ][safepoint     ] Leaving safepoint region
[2023-10-19T21:11:08.082+0000][1942.613s][info ][safepoint     ] Total time for which application threads were stopped: 0.0021377 seconds, Stopping threads took: 0.0009283 seconds
[2023-10-19T21:11:09.083+0000][1943.615s][debug][safepoint     ] Safepoint synchronization initiated. (177 threads)
[2023-10-19T21:11:09.084+0000][1943.615s][info ][safepoint     ] Application time: 1.0011796 seconds
[2023-10-19T21:11:09.085+0000][1943.616s][info ][safepoint     ] Entering safepoint region: Cleanup
[2023-10-19T21:11:09.085+0000][1943.617s][info ][safepoint     ] Leaving safepoint region
[2023-10-19T21:11:09.086+0000][1943.617s][info ][safepoint     ] Total time for which application threads were stopped: 0.0012626 seconds, Stopping threads took: 0.0004513 seconds
[2023-10-19T21:11:10.086+0000][1944.618s][debug][safepoint     ] Safepoint synchronization initiated. (177 threads)
[2023-10-19T21:11:10.087+0000][1944.619s][info ][safepoint     ] Application time: 1.0011938 seconds
[2023-10-19T21:11:10.088+0000][1944.620s][info ][safepoint     ] Entering safepoint region: Cleanup
[2023-10-19T21:11:10.090+0000][1944.621s][info ][safepoint     ] Leaving safepoint region
[2023-10-19T21:11:10.090+0000][1944.622s][info ][safepoint     ] Total time for which application threads were stopped: 0.0021314 seconds, Stopping threads took: 0.0009797 seconds
[2023-10-19T21:11:11.091+0000][1945.623s][debug][safepoint     ] Safepoint synchronization initiated. (177 threads)
[2023-10-19T21:11:11.092+0000][1945.623s][info ][safepoint     ] Application time: 1.0011748 seconds
[2023-10-19T21:11:11.093+0000][1945.624s][info ][safepoint     ] Entering safepoint region: Cleanup
[2023-10-19T21:11:11.094+0000][1945.625s][info ][safepoint     ] Leaving safepoint region
[2023-10-19T21:11:11.094+0000][1945.626s][info ][safepoint     ] Total time for which application threads were stopped: 0.0017137 seconds, Stopping threads took: 0.0007684 seconds
[2023-10-19T21:11:12.095+0000][1946.627s][debug][safepoint     ] Safepoint synchronization initiated. (177 threads)
[2023-10-19T21:11:12.096+0000][1946.628s][info ][safepoint     ] Application time: 1.0011045 seconds
[2023-10-19T21:11:12.097+0000][1946.628s][info ][safepoint     ] Entering safepoint region: Cleanup
[2023-10-19T21:11:12.098+0000][1946.629s][info ][safepoint     ] Leaving safepoint region
[2023-10-19T21:11:12.098+0000][1946.630s][info ][safepoint     ] Total time for which application threads were stopped: 0.0018083 seconds, Stopping threads took: 0.0007676 seconds
[2023-10-19T21:11:13.099+0000][1947.631s][debug][safepoint     ] Safepoint synchronization initiated. (177 threads)
[2023-10-19T21:11:13.101+0000][1947.632s][info ][safepoint     ] Application time: 1.0014839 seconds
[2023-10-19T21:11:13.102+0000][1947.633s][info ][safepoint     ] Entering safepoint region: Cleanup
[2023-10-19T21:11:13.103+0000][1947.635s][info ][safepoint     ] Leaving safepoint region
[2023-10-19T21:11:13.104+0000][1947.636s][info ][safepoint     ] Total time for which application threads were stopped: 0.0024840 seconds, Stopping threads took: 0.0010693 seconds
[2023-10-19T21:11:14.105+0000][1948.637s][debug][safepoint     ] Safepoint synchronization initiated. (177 threads)
[2023-10-19T21:11:14.106+0000][1948.638s][info ][safepoint     ] Application time: 1.0013235 seconds
[2023-10-19T21:11:14.107+0000][1948.639s][info ][safepoint     ] Entering safepoint region: Cleanup
[2023-10-19T21:11:14.108+0000][1948.640s][info ][safepoint     ] Leaving safepoint region
[2023-10-19T21:11:14.109+0000][1948.641s][info ][safepoint     ] Total time for which application threads were stopped: 0.0019006 seconds, Stopping threads took: 0.0007738 seconds
[2023-10-19T21:11:15.110+0000][1949.642s][debug][safepoint     ] Safepoint synchronization initiated. (177 threads)
[2023-10-19T21:11:15.111+0000][1949.643s][info ][safepoint     ] Application time: 1.0010749 seconds
[2023-10-19T21:11:15.112+0000][1949.643s][info ][safepoint     ] Entering safepoint region: Cleanup
[2023-10-19T21:11:15.113+0000][1949.645s][info ][safepoint     ] Leaving safepoint region
[2023-10-19T21:11:15.114+0000][1949.645s][info ][safepoint     ] Total time for which application threads were stopped: 0.0020350 seconds, Stopping threads took: 0.0008970 seconds
[2023-10-19T21:11:16.115+0000][1950.646s][debug][safepoint     ] Safepoint synchronization initiated. (177 threads)
[2023-10-19T21:11:16.115+0000][1950.647s][info ][safepoint     ] Application time: 1.0006473 seconds
[2023-10-19T21:11:16.116+0000][1950.647s][info ][safepoint     ] Entering safepoint region: Cleanup
[2023-10-19T21:11:16.116+0000][1950.648s][info ][safepoint     ] Leaving safepoint region
[2023-10-19T21:11:16.116+0000][1950.648s][info ][safepoint     ] Total time for which application threads were stopped: 0.0009765 seconds, Stopping threads took: 0.0004217 seconds
[2023-10-19T21:11:17.117+0000][1951.649s][debug][safepoint     ] Safepoint synchronization initiated. (177 threads)
[2023-10-19T21:11:17.118+0000][1951.650s][info ][safepoint     ] Application time: 1.0011314 seconds
[2023-10-19T21:11:17.119+0000][1951.650s][info ][safepoint     ] Entering safepoint region: Cleanup
[2023-10-19T21:11:17.120+0000][1951.651s][info ][safepoint     ] Leaving safepoint region
[2023-10-19T21:11:17.120+0000][1951.652s][info ][safepoint     ] Total time for which application threads were stopped: 0.0013901 seconds, Stopping threads took: 0.0007151 seconds
[2023-10-19T21:11:18.121+0000][1952.653s][debug][safepoint     ] Safepoint synchronization initiated. (177 threads)
[2023-10-19T21:11:18.121+0000][1952.653s][info ][safepoint     ] Application time: 1.0007011 seconds
[2023-10-19T21:11:18.122+0000][1952.654s][info ][safepoint     ] Entering safepoint region: Cleanup
[2023-10-19T21:11:18.123+0000][1952.654s][info ][safepoint     ] Leaving safepoint region
[2023-10-19T21:11:18.123+0000][1952.655s][info ][safepoint     ] Total time for which application threads were stopped: 0.0011911 seconds, Stopping threads took: 0.0005220 seconds
[2023-10-19T21:11:19.124+0000][1953.655s][debug][safepoint     ] Safepoint synchronization initiated. (177 threads)
[2023-10-19T21:11:19.124+0000][1953.656s][info ][safepoint     ] Application time: 1.0007805 seconds
[2023-10-19T21:11:19.125+0000][1953.657s][info ][safepoint     ] Entering safepoint region: Cleanup
[2023-10-19T21:11:19.126+0000][1953.657s][info ][safepoint     ] Leaving safepoint region
[2023-10-19T21:11:19.126+0000][1953.658s][info ][safepoint     ] Total time for which application threads were stopped: 0.0011796 seconds, Stopping threads took: 0.0005720 seconds
[2023-10-19T21:11:20.127+0000][1954.658s][debug][safepoint     ] Safepoint synchronization initiated. (177 threads)
[2023-10-19T21:11:20.127+0000][1954.659s][info ][safepoint     ] Application time: 1.0007980 seconds
[2023-10-19T21:11:20.128+0000][1954.660s][info ][safepoint     ] Entering safepoint region: Cleanup
[2023-10-19T21:11:20.129+0000][1954.660s][info ][safepoint     ] Leaving safepoint region
[2023-10-19T21:11:20.129+0000][1954.661s][info ][safepoint     ] Total time for which application threads were stopped: 0.0013132 seconds, Stopping threads took: 0.0006517 seconds
[2023-10-19T21:11:21.130+0000][1955.662s][debug][safepoint     ] Safepoint synchronization initiated. (177 threads)
[2023-10-19T21:11:21.131+0000][1955.663s][info ][safepoint     ] Application time: 1.0011650 seconds
[2023-10-19T21:11:21.132+0000][1955.663s][info ][safepoint     ] Entering safepoint region: Cleanup
[2023-10-19T21:11:21.133+0000][1955.665s][info ][safepoint     ] Leaving safepoint region
[2023-10-19T21:11:21.134+0000][1955.665s][info ][safepoint     ] Total time for which application threads were stopped: 0.0018997 seconds, Stopping threads took: 0.0008273 seconds
[2023-10-19T21:11:22.135+0000][1956.666s][debug][safepoint     ] Safepoint synchronization initiated. (177 threads)
[2023-10-19T21:11:22.136+0000][1956.667s][info ][safepoint     ] Application time: 1.0011159 seconds
[2023-10-19T21:11:22.137+0000][1956.668s][info ][safepoint     ] Entering safepoint region: Cleanup
[2023-10-19T21:11:22.138+0000][1956.669s][info ][safepoint     ] Leaving safepoint region
[2023-10-19T21:11:22.139+0000][1956.670s][info ][safepoint     ] Total time for which application threads were stopped: 0.0021027 seconds, Stopping threads took: 0.0009076 seconds
[2023-10-19T21:11:23.140+0000][1957.671s][debug][safepoint     ] Safepoint synchronization initiated. (177 threads)
[2023-10-19T21:11:23.140+0000][1957.672s][info ][safepoint     ] Application time: 1.0006393 seconds
[2023-10-19T21:11:23.141+0000][1957.672s][info ][safepoint     ] Entering safepoint region: Cleanup
[2023-10-19T21:11:23.141+0000][1957.673s][info ][safepoint     ] Leaving safepoint region
[2023-10-19T21:11:23.142+0000][1957.673s][info ][safepoint     ] Total time for which application threads were stopped: 0.0011058 seconds, Stopping threads took: 0.0004753 seconds
[2023-10-19T21:11:24.142+0000][1958.674s][debug][safepoint     ] Safepoint synchronization initiated. (177 threads)
[2023-10-19T21:11:24.143+0000][1958.674s][info ][safepoint     ] Application time: 1.0008608 seconds
[2023-10-19T21:11:24.144+0000][1958.675s][info ][safepoint     ] Entering safepoint region: Cleanup
[2023-10-19T21:11:24.145+0000][1958.676s][info ][safepoint     ] Leaving safepoint region
[2023-10-19T21:11:24.145+0000][1958.676s][info ][safepoint     ] Total time for which application threads were stopped: 0.0012768 seconds, Stopping threads took: 0.0006578 seconds
[2023-10-19T21:11:25.146+0000][1959.677s][debug][safepoint     ] Safepoint synchronization initiated. (177 threads)
[2023-10-19T21:11:25.146+0000][1959.677s][info ][safepoint     ] Application time: 1.0005644 seconds
[2023-10-19T21:11:25.146+0000][1959.678s][info ][safepoint     ] Entering safepoint region: Cleanup
[2023-10-19T21:11:25.147+0000][1959.678s][info ][safepoint     ] Leaving safepoint region
[2023-10-19T21:11:25.147+0000][1959.678s][info ][safepoint     ] Total time for which application threads were stopped: 0.0007162 seconds, Stopping threads took: 0.0002917 seconds
[2023-10-19T21:11:26.147+0000][1960.679s][debug][safepoint     ] Safepoint synchronization initiated. (177 threads)
[2023-10-19T21:11:26.148+0000][1960.679s][info ][safepoint     ] Application time: 1.0006467 seconds
[2023-10-19T21:11:26.148+0000][1960.680s][info ][safepoint     ] Entering safepoint region: Cleanup
[2023-10-19T21:11:26.149+0000][1960.680s][info ][safepoint     ] Leaving safepoint region
[2023-10-19T21:11:26.149+0000][1960.681s][info ][safepoint     ] Total time for which application threads were stopped: 0.0009816 seconds, Stopping threads took: 0.0004230 seconds
[2023-10-19T21:11:27.150+0000][1961.681s][debug][safepoint     ] Safepoint synchronization initiated. (177 threads)
[2023-10-19T21:11:27.151+0000][1961.682s][info ][safepoint     ] Application time: 1.0011615 seconds
[2023-10-19T21:11:27.152+0000][1961.683s][info ][safepoint     ] Entering safepoint region: Cleanup
[2023-10-19T21:11:27.153+0000][1961.684s][info ][safepoint     ] Leaving safepoint region
[2023-10-19T21:11:27.153+0000][1961.685s][info ][safepoint     ] Total time for which application threads were stopped: 0.0017645 seconds, Stopping threads took: 0.0008345 seconds
[2023-10-19T21:11:28.154+0000][1962.686s][debug][safepoint     ] Safepoint synchronization initiated. (177 threads)
[2023-10-19T21:11:28.155+0000][1962.686s][info ][safepoint     ] Application time: 1.0007747 seconds
[2023-10-19T21:11:28.155+0000][1962.687s][info ][safepoint     ] Entering safepoint region: Cleanup
[2023-10-19T21:11:28.156+0000][1962.687s][info ][safepoint     ] Leaving safepoint region
[2023-10-19T21:11:28.157+0000][1962.688s][info ][safepoint     ] Total time for which application threads were stopped: 0.0012392 seconds, Stopping threads took: 0.0005214 seconds
[2023-10-19T21:11:29.157+0000][1963.689s][debug][safepoint     ] Safepoint synchronization initiated. (177 threads)
[2023-10-19T21:11:29.158+0000][1963.690s][info ][safepoint     ] Application time: 1.0011915 seconds
[2023-10-19T21:11:29.159+0000][1963.690s][info ][safepoint     ] Entering safepoint region: Cleanup
[2023-10-19T21:11:29.159+0000][1963.691s][info ][safepoint     ] Leaving safepoint region
[2023-10-19T21:11:29.160+0000][1963.692s][info ][safepoint     ] Total time for which application threads were stopped: 0.0012397 seconds, Stopping threads took: 0.0004027 seconds
[2023-10-19T21:11:30.161+0000][1964.693s][debug][safepoint     ] Safepoint synchronization initiated. (177 threads)
[2023-10-19T21:11:30.162+0000][1964.693s][info ][safepoint     ] Application time: 1.0007795 seconds
[2023-10-19T21:11:30.162+0000][1964.693s][info ][safepoint     ] Entering safepoint region: Cleanup
[2023-10-19T21:11:30.162+0000][1964.694s][info ][safepoint     ] Leaving safepoint region
[2023-10-19T21:11:30.163+0000][1964.694s][info ][safepoint     ] Total time for which application threads were stopped: 0.0010324 seconds, Stopping threads took: 0.0004019 seconds
[2023-10-19T21:11:31.164+0000][1965.695s][debug][safepoint     ] Safepoint synchronization initiated. (177 threads)
[2023-10-19T21:11:31.164+0000][1965.696s][info ][safepoint     ] Application time: 1.0008654 seconds
[2023-10-19T21:11:31.165+0000][1965.696s][info ][safepoint     ] Entering safepoint region: Cleanup
[2023-10-19T21:11:31.166+0000][1965.697s][info ][safepoint     ] Leaving safepoint region
[2023-10-19T21:11:31.167+0000][1965.698s][info ][safepoint     ] Total time for which application threads were stopped: 0.0018576 seconds, Stopping threads took: 0.0008450 seconds
[2023-10-19T21:11:32.167+0000][1966.699s][debug][safepoint     ] Safepoint synchronization initiated. (177 threads)
[2023-10-19T21:11:32.168+0000][1966.700s][info ][safepoint     ] Application time: 1.0011237 seconds
[2023-10-19T21:11:32.169+0000][1966.700s][info ][safepoint     ] Entering safepoint region: Cleanup
[2023-10-19T21:11:32.170+0000][1966.701s][info ][safepoint     ] Leaving safepoint region
[2023-10-19T21:11:32.171+0000][1966.702s][info ][safepoint     ] Total time for which application threads were stopped: 0.0016638 seconds, Stopping threads took: 0.0007799 seconds
[2023-10-19T21:11:33.171+0000][1967.703s][debug][safepoint     ] Safepoint synchronization initiated. (177 threads)
[2023-10-19T21:11:33.172+0000][1967.704s][info ][safepoint     ] Application time: 1.0012786 seconds
[2023-10-19T21:11:33.174+0000][1967.705s][info ][safepoint     ] Entering safepoint region: Cleanup
[2023-10-19T21:11:33.175+0000][1967.706s][info ][safepoint     ] Leaving safepoint region
[2023-10-19T21:11:33.175+0000][1967.707s][info ][safepoint     ] Total time for which application threads were stopped: 0.0016603 seconds, Stopping threads took: 0.0009674 seconds
[2023-10-19T21:11:34.176+0000][1968.707s][debug][safepoint     ] Safepoint synchronization initiated. (177 threads)
[2023-10-19T21:11:34.176+0000][1968.708s][info ][safepoint     ] Application time: 1.0008682 seconds
[2023-10-19T21:11:34.177+0000][1968.709s][info ][safepoint     ] Entering safepoint region: Cleanup
[2023-10-19T21:11:34.178+0000][1968.709s][info ][safepoint     ] Leaving safepoint region
[2023-10-19T21:11:34.179+0000][1968.710s][info ][safepoint     ] Total time for which application threads were stopped: 0.0015677 seconds, Stopping threads took: 0.0006570 seconds
[2023-10-19T21:11:35.179+0000][1969.711s][debug][safepoint     ] Safepoint synchronization initiated. (177 threads)
[2023-10-19T21:11:35.180+0000][1969.711s][info ][safepoint     ] Application time: 1.0007096 seconds
[2023-10-19T21:11:35.181+0000][1969.712s][info ][safepoint     ] Entering safepoint region: Cleanup
[2023-10-19T21:11:35.181+0000][1969.713s][info ][safepoint     ] Leaving safepoint region
[2023-10-19T21:11:35.182+0000][1969.713s][info ][safepoint     ] Total time for which application threads were stopped: 0.0011638 seconds, Stopping threads took: 0.0005722 seconds
[2023-10-19T21:11:36.182+0000][1970.714s][debug][safepoint     ] Safepoint synchronization initiated. (177 threads)
[2023-10-19T21:11:36.183+0000][1970.714s][info ][safepoint     ] Application time: 1.0005573 seconds
[2023-10-19T21:11:36.183+0000][1970.714s][info ][safepoint     ] Entering safepoint region: Cleanup
[2023-10-19T21:11:36.183+0000][1970.715s][info ][safepoint     ] Leaving safepoint region
[2023-10-19T21:11:36.184+0000][1970.715s][info ][safepoint     ] Total time for which application threads were stopped: 0.0007314 seconds, Stopping threads took: 0.0002923 seconds
[2023-10-19T21:11:37.184+0000][1971.716s][debug][safepoint     ] Safepoint synchronization initiated. (177 threads)
[2023-10-19T21:11:37.185+0000][1971.717s][info ][safepoint     ] Application time: 1.0013092 seconds
[2023-10-19T21:11:37.186+0000][1971.718s][info ][safepoint     ] Entering safepoint region: Cleanup
[2023-10-19T21:11:37.187+0000][1971.719s][info ][safepoint     ] Leaving safepoint region
[2023-10-19T21:11:37.188+0000][1971.719s][info ][safepoint     ] Total time for which application threads were stopped: 0.0018358 seconds, Stopping threads took: 0.0008980 seconds
[2023-10-19T21:11:38.189+0000][1972.721s][debug][safepoint     ] Safepoint synchronization initiated. (177 threads)
[2023-10-19T21:11:38.190+0000][1972.721s][info ][safepoint     ] Application time: 1.0011884 seconds
[2023-10-19T21:11:38.191+0000][1972.722s][info ][safepoint     ] Entering safepoint region: Cleanup
[2023-10-19T21:11:38.192+0000][1972.723s][info ][safepoint     ] Leaving safepoint region
[2023-10-19T21:11:38.192+0000][1972.724s][info ][safepoint     ] Total time for which application threads were stopped: 0.0016419 seconds, Stopping threads took: 0.0007084 seconds
[2023-10-19T21:11:39.193+0000][1973.725s][debug][safepoint     ] Safepoint synchronization initiated. (177 threads)
[2023-10-19T21:11:39.194+0000][1973.725s][info ][safepoint     ] Application time: 1.0008281 seconds
[2023-10-19T21:11:39.194+0000][1973.726s][info ][safepoint     ] Entering safepoint region: Cleanup
[2023-10-19T21:11:39.195+0000][1973.726s][info ][safepoint     ] Leaving safepoint region
[2023-10-19T21:11:39.196+0000][1973.727s][info ][safepoint     ] Total time for which application threads were stopped: 0.0012092 seconds, Stopping threads took: 0.0004544 seconds
[2023-10-19T21:11:40.196+0000][1974.728s][debug][safepoint     ] Safepoint synchronization initiated. (177 threads)
[2023-10-19T21:11:40.197+0000][1974.728s][info ][safepoint     ] Application time: 1.0005846 seconds
[2023-10-19T21:11:40.197+0000][1974.728s][info ][safepoint     ] Entering safepoint region: Cleanup
[2023-10-19T21:11:40.197+0000][1974.729s][info ][safepoint     ] Leaving safepoint region
[2023-10-19T21:11:40.198+0000][1974.729s][info ][safepoint     ] Total time for which application threads were stopped: 0.0008149 seconds, Stopping threads took: 0.0003534 seconds
[2023-10-19T21:11:41.198+0000][1975.730s][debug][safepoint     ] Safepoint synchronization initiated. (177 threads)
[2023-10-19T21:11:41.199+0000][1975.731s][info ][safepoint     ] Application time: 1.0011245 seconds
[2023-10-19T21:11:41.200+0000][1975.731s][info ][safepoint     ] Entering safepoint region: Cleanup
[2023-10-19T21:11:41.201+0000][1975.732s][info ][safepoint     ] Leaving safepoint region
[2023-10-19T21:11:41.202+0000][1975.733s][info ][safepoint     ] Total time for which application threads were stopped: 0.0017722 seconds, Stopping threads took: 0.0007838 seconds
[2023-10-19T21:11:42.202+0000][1976.734s][debug][safepoint     ] Safepoint synchronization initiated. (178 threads)
[2023-10-19T21:11:42.203+0000][1976.734s][info ][safepoint     ] Application time: 1.0007664 seconds
[2023-10-19T21:11:42.203+0000][1976.735s][info ][safepoint     ] Entering safepoint region: Cleanup
[2023-10-19T21:11:42.204+0000][1976.736s][info ][safepoint     ] Leaving safepoint region
[2023-10-19T21:11:42.205+0000][1976.736s][info ][safepoint     ] Total time for which application threads were stopped: 0.0011027 seconds, Stopping threads took: 0.0004286 seconds
[2023-10-19T21:11:43.205+0000][1977.737s][debug][safepoint     ] Safepoint synchronization initiated. (178 threads)
[2023-10-19T21:11:43.206+0000][1977.737s][info ][safepoint     ] Application time: 1.0007488 seconds
[2023-10-19T21:11:43.206+0000][1977.738s][info ][safepoint     ] Entering safepoint region: Cleanup
[2023-10-19T21:11:43.207+0000][1977.739s][info ][safepoint     ] Leaving safepoint region
[2023-10-19T21:11:43.208+0000][1977.739s][info ][safepoint     ] Total time for which application threads were stopped: 0.0013364 seconds, Stopping threads took: 0.0005776 seconds
[2023-10-19T21:11:44.208+0000][1978.740s][debug][safepoint     ] Safepoint synchronization initiated. (178 threads)
[2023-10-19T21:11:44.209+0000][1978.741s][info ][safepoint     ] Application time: 1.0008950 seconds
[2023-10-19T21:11:44.210+0000][1978.741s][info ][safepoint     ] Entering safepoint region: Cleanup
[2023-10-19T21:11:44.211+0000][1978.743s][info ][safepoint     ] Leaving safepoint region
[2023-10-19T21:11:44.212+0000][1978.744s][info ][safepoint     ] Total time for which application threads were stopped: 0.0022938 seconds, Stopping threads took: 0.0005186 seconds
[2023-10-19T21:11:45.213+0000][1979.745s][debug][safepoint     ] Safepoint synchronization initiated. (178 threads)
[2023-10-19T21:11:45.214+0000][1979.745s][info ][safepoint     ] Application time: 1.0010359 seconds
[2023-10-19T21:11:45.215+0000][1979.746s][info ][safepoint     ] Entering safepoint region: Cleanup
[2023-10-19T21:11:45.216+0000][1979.747s][info ][safepoint     ] Leaving safepoint region
[2023-10-19T21:11:45.216+0000][1979.748s][info ][safepoint     ] Total time for which application threads were stopped: 0.0018101 seconds, Stopping threads took: 0.0007637 seconds
[2023-10-19T21:11:46.217+0000][1980.749s][debug][safepoint     ] Safepoint synchronization initiated. (178 threads)
[2023-10-19T21:11:46.218+0000][1980.749s][info ][safepoint     ] Application time: 1.0005776 seconds
[2023-10-19T21:11:46.218+0000][1980.750s][info ][safepoint     ] Entering safepoint region: Cleanup
[2023-10-19T21:11:46.219+0000][1980.750s][info ][safepoint     ] Leaving safepoint region
[2023-10-19T21:11:46.219+0000][1980.751s][info ][safepoint     ] Total time for which application threads were stopped: 0.0010900 seconds, Stopping threads took: 0.0004331 seconds
[2023-10-19T21:11:47.220+0000][1981.751s][debug][safepoint     ] Safepoint synchronization initiated. (178 threads)
[2023-10-19T21:11:47.221+0000][1981.752s][info ][safepoint     ] Application time: 1.0009826 seconds
[2023-10-19T21:11:47.221+0000][1981.753s][info ][safepoint     ] Entering safepoint region: Cleanup
[2023-10-19T21:11:47.222+0000][1981.754s][info ][safepoint     ] Leaving safepoint region
[2023-10-19T21:11:47.223+0000][1981.754s][info ][safepoint     ] Total time for which application threads were stopped: 0.0014009 seconds, Stopping threads took: 0.0007110 seconds
[2023-10-19T21:11:48.223+0000][1982.755s][debug][safepoint     ] Safepoint synchronization initiated. (178 threads)
[2023-10-19T21:11:48.224+0000][1982.755s][info ][safepoint     ] Application time: 1.0007850 seconds
[2023-10-19T21:11:48.225+0000][1982.756s][info ][safepoint     ] Entering safepoint region: Cleanup
[2023-10-19T21:11:48.225+0000][1982.757s][info ][safepoint     ] Leaving safepoint region
[2023-10-19T21:11:48.226+0000][1982.757s][info ][safepoint     ] Total time for which application threads were stopped: 0.0011207 seconds, Stopping threads took: 0.0004190 seconds
[2023-10-19T21:11:49.226+0000][1983.758s][debug][safepoint     ] Safepoint synchronization initiated. (178 threads)
[2023-10-19T21:11:49.227+0000][1983.759s][info ][safepoint     ] Application time: 1.0011293 seconds
[2023-10-19T21:11:49.228+0000][1983.759s][info ][safepoint     ] Entering safepoint region: Cleanup
[2023-10-19T21:11:49.229+0000][1983.760s][info ][safepoint     ] Leaving safepoint region
[2023-10-19T21:11:49.229+0000][1983.761s][info ][safepoint     ] Total time for which application threads were stopped: 0.0012772 seconds, Stopping threads took: 0.0006632 seconds
[2023-10-19T21:11:50.230+0000][1984.761s][debug][safepoint     ] Safepoint synchronization initiated. (178 threads)
[2023-10-19T21:11:50.231+0000][1984.763s][info ][safepoint     ] Application time: 1.0015791 seconds
[2023-10-19T21:11:50.232+0000][1984.764s][info ][safepoint     ] Entering safepoint region: Cleanup
[2023-10-19T21:11:50.234+0000][1984.765s][info ][safepoint     ] Leaving safepoint region
[2023-10-19T21:11:50.234+0000][1984.766s][info ][safepoint     ] Total time for which application threads were stopped: 0.0022065 seconds, Stopping threads took: 0.0008574 seconds
[2023-10-19T21:11:51.235+0000][1985.767s][debug][safepoint     ] Safepoint synchronization initiated. (178 threads)
[2023-10-19T21:11:51.236+0000][1985.767s][info ][safepoint     ] Application time: 1.0006184 seconds
[2023-10-19T21:11:51.236+0000][1985.768s][info ][safepoint     ] Entering safepoint region: Cleanup
[2023-10-19T21:11:51.237+0000][1985.768s][info ][safepoint     ] Leaving safepoint region
[2023-10-19T21:11:51.237+0000][1985.769s][info ][safepoint     ] Total time for which application threads were stopped: 0.0010357 seconds, Stopping threads took: 0.0005254 seconds
[2023-10-19T21:11:52.238+0000][1986.769s][debug][safepoint     ] Safepoint synchronization initiated. (178 threads)
[2023-10-19T21:11:52.239+0000][1986.770s][info ][safepoint     ] Application time: 1.0013653 seconds
[2023-10-19T21:11:52.240+0000][1986.771s][info ][safepoint     ] Entering safepoint region: Cleanup
[2023-10-19T21:11:52.241+0000][1986.772s][info ][safepoint     ] Leaving safepoint region
[2023-10-19T21:11:52.242+0000][1986.773s][info ][safepoint     ] Total time for which application threads were stopped: 0.0020987 seconds, Stopping threads took: 0.0009363 seconds
[2023-10-19T21:11:53.243+0000][1987.774s][debug][safepoint     ] Safepoint synchronization initiated. (178 threads)
[2023-10-19T21:11:53.244+0000][1987.775s][info ][safepoint     ] Application time: 1.0010179 seconds
[2023-10-19T21:11:53.244+0000][1987.776s][info ][safepoint     ] Entering safepoint region: Cleanup
[2023-10-19T21:11:53.245+0000][1987.776s][info ][safepoint     ] Leaving safepoint region
[2023-10-19T21:11:53.246+0000][1987.777s][info ][safepoint     ] Total time for which application threads were stopped: 0.0014703 seconds, Stopping threads took: 0.0006139 seconds
[2023-10-19T21:11:54.246+0000][1988.778s][debug][safepoint     ] Safepoint synchronization initiated. (178 threads)
[2023-10-19T21:11:54.247+0000][1988.779s][info ][safepoint     ] Application time: 1.0013701 seconds
[2023-10-19T21:11:54.248+0000][1988.780s][info ][safepoint     ] Entering safepoint region: Cleanup
[2023-10-19T21:11:54.250+0000][1988.781s][info ][safepoint     ] Leaving safepoint region
[2023-10-19T21:11:54.251+0000][1988.782s][info ][safepoint     ] Total time for which application threads were stopped: 0.0021930 seconds, Stopping threads took: 0.0009038 seconds
[2023-10-19T21:11:55.252+0000][1989.783s][debug][safepoint     ] Safepoint synchronization initiated. (178 threads)
[2023-10-19T21:11:55.252+0000][1989.784s][info ][safepoint     ] Application time: 1.0010045 seconds
[2023-10-19T21:11:55.253+0000][1989.785s][info ][safepoint     ] Entering safepoint region: Cleanup
[2023-10-19T21:11:55.254+0000][1989.786s][info ][safepoint     ] Leaving safepoint region
[2023-10-19T21:11:55.255+0000][1989.786s][info ][safepoint     ] Total time for which application threads were stopped: 0.0015422 seconds, Stopping threads took: 0.0007814 seconds
[2023-10-19T21:11:56.256+0000][1990.787s][debug][safepoint     ] Safepoint synchronization initiated. (178 threads)
[2023-10-19T21:11:56.256+0000][1990.788s][info ][safepoint     ] Application time: 1.0007308 seconds
[2023-10-19T21:11:56.257+0000][1990.788s][info ][safepoint     ] Entering safepoint region: Cleanup
[2023-10-19T21:11:56.257+0000][1990.789s][info ][safepoint     ] Leaving safepoint region
[2023-10-19T21:11:56.258+0000][1990.789s][info ][safepoint     ] Total time for which application threads were stopped: 0.0010336 seconds, Stopping threads took: 0.0004491 seconds
[2023-10-19T21:11:57.258+0000][1991.790s][debug][safepoint     ] Safepoint synchronization initiated. (178 threads)
[2023-10-19T21:11:57.259+0000][1991.791s][info ][safepoint     ] Application time: 1.0011295 seconds
[2023-10-19T21:11:57.290+0000][1991.822s][info ][safepoint     ] Entering safepoint region: Cleanup
[2023-10-19T21:11:57.291+0000][1991.822s][info ][safepoint     ] Leaving safepoint region
[2023-10-19T21:11:57.292+0000][1991.823s][info ][safepoint     ] Total time for which application threads were stopped: 0.0014431 seconds, Stopping threads took: 0.0006921 seconds
[2023-10-19T21:11:58.292+0000][1992.824s][debug][safepoint     ] Safepoint synchronization initiated. (178 threads)
[2023-10-19T21:11:58.293+0000][1992.825s][info ][safepoint     ] Application time: 1.0010832 seconds
[2023-10-19T21:11:58.294+0000][1992.825s][info ][safepoint     ] Entering safepoint region: Cleanup
[2023-10-19T21:11:58.295+0000][1992.826s][info ][safepoint     ] Leaving safepoint region
[2023-10-19T21:11:58.295+0000][1992.826s][info ][safepoint     ] Total time for which application threads were stopped: 0.0014143 seconds, Stopping threads took: 0.0007686 seconds
[2023-10-19T21:11:59.296+0000][1993.827s][debug][safepoint     ] Safepoint synchronization initiated. (178 threads)
[2023-10-19T21:11:59.297+0000][1993.828s][info ][safepoint     ] Application time: 1.0012329 seconds
[2023-10-19T21:11:59.298+0000][1993.829s][info ][safepoint     ] Entering safepoint region: Cleanup
[2023-10-19T21:11:59.299+0000][1993.830s][info ][safepoint     ] Leaving safepoint region
[2023-10-19T21:11:59.299+0000][1993.831s][info ][safepoint     ] Total time for which application threads were stopped: 0.0019391 seconds, Stopping threads took: 0.0008296 seconds
[2023-10-19T21:12:00.300+0000][1994.832s][debug][safepoint     ] Safepoint synchronization initiated. (178 threads)
[2023-10-19T21:12:00.302+0000][1994.833s][info ][safepoint     ] Application time: 1.0013933 seconds
[2023-10-19T21:12:00.303+0000][1994.834s][info ][safepoint     ] Entering safepoint region: Cleanup
[2023-10-19T21:12:00.304+0000][1994.836s][info ][safepoint     ] Leaving safepoint region
[2023-10-19T21:12:00.305+0000][1994.836s][info ][safepoint     ] Total time for which application threads were stopped: 0.0021776 seconds, Stopping threads took: 0.0010914 seconds
[2023-10-19T21:12:01.306+0000][1995.837s][debug][safepoint     ] Safepoint synchronization initiated. (178 threads)
[2023-10-19T21:12:01.307+0000][1995.839s][info ][safepoint     ] Application time: 1.0015744 seconds
[2023-10-19T21:12:01.308+0000][1995.840s][info ][safepoint     ] Entering safepoint region: Cleanup
[2023-10-19T21:12:01.310+0000][1995.841s][info ][safepoint     ] Leaving safepoint region
[2023-10-19T21:12:01.311+0000][1995.842s][info ][safepoint     ] Total time for which application threads were stopped: 0.0023114 seconds, Stopping threads took: 0.0010321 seconds
[2023-10-19T21:12:02.312+0000][1996.843s][debug][safepoint     ] Safepoint synchronization initiated. (178 threads)
[2023-10-19T21:12:02.312+0000][1996.844s][info ][safepoint     ] Application time: 1.0009799 seconds
[2023-10-19T21:12:02.313+0000][1996.845s][info ][safepoint     ] Entering safepoint region: Cleanup
[2023-10-19T21:12:02.314+0000][1996.845s][info ][safepoint     ] Leaving safepoint region
[2023-10-19T21:12:02.314+0000][1996.846s][info ][safepoint     ] Total time for which application threads were stopped: 0.0012804 seconds, Stopping threads took: 0.0006576 seconds
[2023-10-19T21:12:03.315+0000][1997.846s][debug][safepoint     ] Safepoint synchronization initiated. (178 threads)
[2023-10-19T21:12:03.316+0000][1997.847s][info ][safepoint     ] Application time: 1.0007451 seconds
[2023-10-19T21:12:03.316+0000][1997.848s][info ][safepoint     ] Entering safepoint region: Cleanup
[2023-10-19T21:12:03.317+0000][1997.848s][info ][safepoint     ] Leaving safepoint region
[2023-10-19T21:12:03.317+0000][1997.849s][info ][safepoint     ] Total time for which application threads were stopped: 0.0011107 seconds, Stopping threads took: 0.0004892 seconds
[2023-10-19T21:12:04.318+0000][1998.849s][debug][safepoint     ] Safepoint synchronization initiated. (178 threads)
[2023-10-19T21:12:04.319+0000][1998.850s][info ][safepoint     ] Application time: 1.0008454 seconds
[2023-10-19T21:12:04.319+0000][1998.851s][info ][safepoint     ] Entering safepoint region: Cleanup
[2023-10-19T21:12:04.320+0000][1998.852s][info ][safepoint     ] Leaving safepoint region
[2023-10-19T21:12:04.321+0000][1998.852s][info ][safepoint     ] Total time for which application threads were stopped: 0.0012924 seconds, Stopping threads took: 0.0006616 seconds
[2023-10-19T21:12:05.321+0000][1999.853s][debug][safepoint     ] Safepoint synchronization initiated. (178 threads)
[2023-10-19T21:12:05.321+0000][1999.853s][info ][safepoint     ] Application time: 1.0005411 seconds
[2023-10-19T21:12:05.322+0000][1999.853s][info ][safepoint     ] Entering safepoint region: Cleanup
[2023-10-19T21:12:05.322+0000][1999.854s][info ][safepoint     ] Leaving safepoint region
[2023-10-19T21:12:05.322+0000][1999.854s][info ][safepoint     ] Total time for which application threads were stopped: 0.0007110 seconds, Stopping threads took: 0.0002573 seconds
[2023-10-19T21:12:06.323+0000][2000.854s][debug][safepoint     ] Safepoint synchronization initiated. (178 threads)
[2023-10-19T21:12:06.323+0000][2000.855s][info ][safepoint     ] Application time: 1.0007005 seconds
[2023-10-19T21:12:06.324+0000][2000.855s][info ][safepoint     ] Entering safepoint region: Cleanup
[2023-10-19T21:12:06.325+0000][2000.856s][info ][safepoint     ] Leaving safepoint region
[2023-10-19T21:12:06.325+0000][2000.856s][info ][safepoint     ] Total time for which application threads were stopped: 0.0011349 seconds, Stopping threads took: 0.0004684 seconds
[2023-10-19T21:12:07.326+0000][2001.857s][debug][safepoint     ] Safepoint synchronization initiated. (178 threads)
[2023-10-19T21:12:07.326+0000][2001.857s][info ][safepoint     ] Application time: 1.0005401 seconds
[2023-10-19T21:12:07.326+0000][2001.858s][info ][safepoint     ] Entering safepoint region: Cleanup
[2023-10-19T21:12:07.327+0000][2001.858s][info ][safepoint     ] Leaving safepoint region
[2023-10-19T21:12:07.327+0000][2001.859s][info ][safepoint     ] Total time for which application threads were stopped: 0.0009296 seconds, Stopping threads took: 0.0003125 seconds
[2023-10-19T21:12:08.328+0000][2002.859s][debug][safepoint     ] Safepoint synchronization initiated. (178 threads)
[2023-10-19T21:12:08.328+0000][2002.860s][info ][safepoint     ] Application time: 1.0006718 seconds
[2023-10-19T21:12:08.329+0000][2002.860s][info ][safepoint     ] Entering safepoint region: Cleanup
[2023-10-19T21:12:08.329+0000][2002.861s][info ][safepoint     ] Leaving safepoint region
[2023-10-19T21:12:08.330+0000][2002.861s][info ][safepoint     ] Total time for which application threads were stopped: 0.0010228 seconds, Stopping threads took: 0.0003670 seconds
[2023-10-19T21:12:09.330+0000][2003.862s][debug][safepoint     ] Safepoint synchronization initiated. (178 threads)
[2023-10-19T21:12:09.332+0000][2003.863s][info ][safepoint     ] Application time: 1.0014025 seconds
[2023-10-19T21:12:09.332+0000][2003.864s][info ][safepoint     ] Entering safepoint region: Cleanup
[2023-10-19T21:12:09.334+0000][2003.865s][info ][safepoint     ] Leaving safepoint region
[2023-10-19T21:12:09.335+0000][2003.866s][info ][safepoint     ] Total time for which application threads were stopped: 0.0022402 seconds, Stopping threads took: 0.0010006 seconds
[2023-10-19T21:12:10.336+0000][2004.867s][debug][safepoint     ] Safepoint synchronization initiated. (178 threads)
[2023-10-19T21:12:10.337+0000][2004.868s][info ][safepoint     ] Application time: 1.0012414 seconds
[2023-10-19T21:12:10.337+0000][2004.869s][info ][safepoint     ] Entering safepoint region: Cleanup
[2023-10-19T21:12:10.339+0000][2004.870s][info ][safepoint     ] Leaving safepoint region
[2023-10-19T21:12:10.340+0000][2004.871s][info ][safepoint     ] Total time for which application threads were stopped: 0.0021751 seconds, Stopping threads took: 0.0009401 seconds
[2023-10-19T21:12:11.341+0000][2005.872s][debug][safepoint     ] Safepoint synchronization initiated. (178 threads)
[2023-10-19T21:12:11.342+0000][2005.873s][info ][safepoint     ] Application time: 1.0014913 seconds
[2023-10-19T21:12:11.343+0000][2005.874s][info ][safepoint     ] Entering safepoint region: Cleanup
[2023-10-19T21:12:11.344+0000][2005.875s][info ][safepoint     ] Leaving safepoint region
[2023-10-19T21:12:11.345+0000][2005.876s][info ][safepoint     ] Total time for which application threads were stopped: 0.0018610 seconds, Stopping threads took: 0.0009124 seconds
[2023-10-19T21:12:12.345+0000][2006.877s][debug][safepoint     ] Safepoint synchronization initiated. (178 threads)
[2023-10-19T21:12:12.346+0000][2006.878s][info ][safepoint     ] Application time: 1.0007304 seconds
[2023-10-19T21:12:12.346+0000][2006.878s][info ][safepoint     ] Entering safepoint region: Cleanup
[2023-10-19T21:12:12.347+0000][2006.878s][info ][safepoint     ] Leaving safepoint region
[2023-10-19T21:12:12.347+0000][2006.879s][info ][safepoint     ] Total time for which application threads were stopped: 0.0009131 seconds, Stopping threads took: 0.0003965 seconds
[2023-10-19T21:12:13.348+0000][2007.879s][debug][safepoint     ] Safepoint synchronization initiated. (178 threads)
[2023-10-19T21:12:13.349+0000][2007.881s][info ][safepoint     ] Application time: 1.0013904 seconds
[2023-10-19T21:12:13.350+0000][2007.881s][info ][safepoint     ] Entering safepoint region: Cleanup
[2023-10-19T21:12:13.351+0000][2007.883s][info ][safepoint     ] Leaving safepoint region
[2023-10-19T21:12:13.352+0000][2007.883s][info ][safepoint     ] Total time for which application threads were stopped: 0.0020076 seconds, Stopping threads took: 0.0009203 seconds
[2023-10-19T21:12:14.353+0000][2008.884s][debug][safepoint     ] Safepoint synchronization initiated. (178 threads)
[2023-10-19T21:12:14.354+0000][2008.885s][info ][safepoint     ] Application time: 1.0014718 seconds
[2023-10-19T21:12:14.355+0000][2008.886s][info ][safepoint     ] Entering safepoint region: Cleanup
[2023-10-19T21:12:14.356+0000][2008.888s][info ][safepoint     ] Leaving safepoint region
[2023-10-19T21:12:14.357+0000][2008.889s][info ][safepoint     ] Total time for which application threads were stopped: 0.0022251 seconds, Stopping threads took: 0.0010232 seconds
[2023-10-19T21:12:15.358+0000][2009.890s][debug][safepoint     ] Safepoint synchronization initiated. (178 threads)
[2023-10-19T21:12:15.359+0000][2009.891s][info ][safepoint     ] Application time: 1.0011765 seconds
[2023-10-19T21:12:15.360+0000][2009.892s][info ][safepoint     ] Entering safepoint region: Cleanup
[2023-10-19T21:12:15.361+0000][2009.893s][info ][safepoint     ] Leaving safepoint region
[2023-10-19T21:12:15.362+0000][2009.893s][info ][safepoint     ] Total time for which application threads were stopped: 0.0018935 seconds, Stopping threads took: 0.0008311 seconds
[2023-10-19T21:12:16.363+0000][2010.894s][debug][safepoint     ] Safepoint synchronization initiated. (178 threads)
[2023-10-19T21:12:16.363+0000][2010.895s][info ][safepoint     ] Application time: 1.0005117 seconds
[2023-10-19T21:12:16.364+0000][2010.895s][info ][safepoint     ] Entering safepoint region: Cleanup
[2023-10-19T21:12:16.364+0000][2010.895s][info ][safepoint     ] Leaving safepoint region
[2023-10-19T21:12:16.364+0000][2010.896s][info ][safepoint     ] Total time for which application threads were stopped: 0.0008081 seconds, Stopping threads took: 0.0003594 seconds
[2023-10-19T21:12:17.365+0000][2011.896s][debug][safepoint     ] Safepoint synchronization initiated. (178 threads)
[2023-10-19T21:12:17.366+0000][2011.897s][info ][safepoint     ] Application time: 1.0008945 seconds
[2023-10-19T21:12:17.366+0000][2011.898s][info ][safepoint     ] Entering safepoint region: Cleanup
[2023-10-19T21:12:17.367+0000][2011.898s][info ][safepoint     ] Leaving safepoint region
[2023-10-19T21:12:17.367+0000][2011.899s][info ][safepoint     ] Total time for which application threads were stopped: 0.0011896 seconds, Stopping threads took: 0.0005094 seconds
[2023-10-19T21:12:18.368+0000][2012.899s][debug][safepoint     ] Safepoint synchronization initiated. (178 threads)
[2023-10-19T21:12:18.368+0000][2012.900s][info ][safepoint     ] Application time: 1.0005492 seconds
[2023-10-19T21:12:18.369+0000][2012.900s][info ][safepoint     ] Entering safepoint region: Cleanup
[2023-10-19T21:12:18.369+0000][2012.901s][info ][safepoint     ] Leaving safepoint region
[2023-10-19T21:12:18.370+0000][2012.901s][info ][safepoint     ] Total time for which application threads were stopped: 0.0009193 seconds, Stopping threads took: 0.0003670 seconds
[2023-10-19T21:12:19.370+0000][2013.902s][debug][safepoint     ] Safepoint synchronization initiated. (178 threads)
[2023-10-19T21:12:19.371+0000][2013.902s][info ][safepoint     ] Application time: 1.0011330 seconds
[2023-10-19T21:12:19.372+0000][2013.903s][info ][safepoint     ] Entering safepoint region: Cleanup
[2023-10-19T21:12:19.373+0000][2013.904s][info ][safepoint     ] Leaving safepoint region
[2023-10-19T21:12:19.374+0000][2013.905s][info ][safepoint     ] Total time for which application threads were stopped: 0.0017840 seconds, Stopping threads took: 0.0007986 seconds
[2023-10-19T21:12:20.374+0000][2014.906s][debug][safepoint     ] Safepoint synchronization initiated. (178 threads)
[2023-10-19T21:12:20.375+0000][2014.906s][info ][safepoint     ] Application time: 1.0006419 seconds
[2023-10-19T21:12:20.375+0000][2014.907s][info ][safepoint     ] Entering safepoint region: Cleanup
[2023-10-19T21:12:20.376+0000][2014.907s][info ][safepoint     ] Leaving safepoint region
[2023-10-19T21:12:20.376+0000][2014.908s][info ][safepoint     ] Total time for which application threads were stopped: 0.0009026 seconds, Stopping threads took: 0.0004015 seconds
[2023-10-19T21:12:21.377+0000][2015.908s][debug][safepoint     ] Safepoint synchronization initiated. (178 threads)
[2023-10-19T21:12:21.378+0000][2015.909s][info ][safepoint     ] Application time: 1.0010636 seconds
[2023-10-19T21:12:21.379+0000][2015.910s][info ][safepoint     ] Entering safepoint region: Cleanup
[2023-10-19T21:12:21.380+0000][2015.911s][info ][safepoint     ] Leaving safepoint region
[2023-10-19T21:12:21.380+0000][2015.912s][info ][safepoint     ] Total time for which application threads were stopped: 0.0019936 seconds, Stopping threads took: 0.0008969 seconds
[2023-10-19T21:12:22.381+0000][2016.913s][debug][safepoint     ] Safepoint synchronization initiated. (178 threads)
[2023-10-19T21:12:22.382+0000][2016.914s][info ][safepoint     ] Application time: 1.0009944 seconds
[2023-10-19T21:12:22.383+0000][2016.914s][debug][safepoint     ] ... found polling page return exception at pc = 0x00007fbdb034b01d, stub =0x00007fbda8840600
[2023-10-19T21:12:22.383+0000][2016.915s][debug][safepoint     ] Waiting for 1 thread(s) to block
[2023-10-19T21:12:22.384+0000][2016.915s][info ][safepoint     ] Entering safepoint region: Cleanup
[2023-10-19T21:12:22.385+0000][2016.916s][info ][safepoint     ] Leaving safepoint region
[2023-10-19T21:12:22.385+0000][2016.916s][info ][safepoint     ] Total time for which application threads were stopped: 0.0022672 seconds, Stopping threads took: 0.0016811 seconds
[2023-10-19T21:12:23.386+0000][2017.917s][debug][safepoint     ] Safepoint synchronization initiated. (178 threads)
[2023-10-19T21:12:23.386+0000][2017.918s][info ][safepoint     ] Application time: 1.0007075 seconds
[2023-10-19T21:12:23.386+0000][2017.918s][info ][safepoint     ] Entering safepoint region: Cleanup
[2023-10-19T21:12:23.387+0000][2017.918s][info ][safepoint     ] Leaving safepoint region
[2023-10-19T21:12:23.387+0000][2017.919s][info ][safepoint     ] Total time for which application threads were stopped: 0.0008644 seconds, Stopping threads took: 0.0003504 seconds
[2023-10-19T21:12:24.388+0000][2018.919s][debug][safepoint     ] Safepoint synchronization initiated. (178 threads)
[2023-10-19T21:12:24.388+0000][2018.920s][info ][safepoint     ] Application time: 1.0007383 seconds
[2023-10-19T21:12:24.389+0000][2018.920s][info ][safepoint     ] Entering safepoint region: Cleanup
[2023-10-19T21:12:24.390+0000][2018.921s][info ][safepoint     ] Leaving safepoint region
[2023-10-19T21:12:24.390+0000][2018.921s][info ][safepoint     ] Total time for which application threads were stopped: 0.0010546 seconds, Stopping threads took: 0.0004467 seconds
[2023-10-19T21:12:25.391+0000][2019.922s][debug][safepoint     ] Safepoint synchronization initiated. (178 threads)
[2023-10-19T21:12:25.391+0000][2019.923s][info ][safepoint     ] Application time: 1.0011368 seconds
[2023-10-19T21:12:25.392+0000][2019.924s][info ][safepoint     ] Entering safepoint region: Cleanup
[2023-10-19T21:12:25.394+0000][2019.925s][info ][safepoint     ] Leaving safepoint region
[2023-10-19T21:12:25.394+0000][2019.926s][info ][safepoint     ] Total time for which application threads were stopped: 0.0017769 seconds, Stopping threads took: 0.0008707 seconds
[2023-10-19T21:12:26.395+0000][2020.926s][debug][safepoint     ] Safepoint synchronization initiated. (178 threads)
[2023-10-19T21:12:26.396+0000][2020.928s][info ][safepoint     ] Application time: 1.0012796 seconds
[2023-10-19T21:12:26.397+0000][2020.928s][info ][safepoint     ] Entering safepoint region: Cleanup
[2023-10-19T21:12:26.398+0000][2020.929s][info ][safepoint     ] Leaving safepoint region
[2023-10-19T21:12:26.398+0000][2020.930s][info ][safepoint     ] Total time for which application threads were stopped: 0.0017299 seconds, Stopping threads took: 0.0007826 seconds
[2023-10-19T21:12:27.400+0000][2021.931s][debug][safepoint     ] Safepoint synchronization initiated. (178 threads)
[2023-10-19T21:12:27.400+0000][2021.932s][info ][safepoint     ] Application time: 1.0008696 seconds
[2023-10-19T21:12:27.401+0000][2021.932s][info ][safepoint     ] Entering safepoint region: Cleanup
[2023-10-19T21:12:27.401+0000][2021.933s][info ][safepoint     ] Leaving safepoint region
[2023-10-19T21:12:27.402+0000][2021.934s][info ][safepoint     ] Total time for which application threads were stopped: 0.0015336 seconds, Stopping threads took: 0.0006146 seconds
[2023-10-19T21:12:28.403+0000][2022.934s][debug][safepoint     ] Safepoint synchronization initiated. (178 threads)
[2023-10-19T21:12:28.403+0000][2022.935s][info ][safepoint     ] Application time: 1.0004818 seconds
[2023-10-19T21:12:28.404+0000][2022.935s][info ][safepoint     ] Entering safepoint region: Cleanup
[2023-10-19T21:12:28.404+0000][2022.936s][info ][safepoint     ] Leaving safepoint region
[2023-10-19T21:12:28.404+0000][2022.936s][info ][safepoint     ] Total time for which application threads were stopped: 0.0008345 seconds, Stopping threads took: 0.0003131 seconds
[2023-10-19T21:12:29.405+0000][2023.936s][debug][safepoint     ] Safepoint synchronization initiated. (178 threads)
[2023-10-19T21:12:29.406+0000][2023.937s][info ][safepoint     ] Application time: 1.0007481 seconds
[2023-10-19T21:12:29.406+0000][2023.938s][info ][safepoint     ] Entering safepoint region: Cleanup
[2023-10-19T21:12:29.407+0000][2023.938s][info ][safepoint     ] Leaving safepoint region
[2023-10-19T21:12:29.407+0000][2023.939s][info ][safepoint     ] Total time for which application threads were stopped: 0.0010584 seconds, Stopping threads took: 0.0004853 seconds
[2023-10-19T21:12:30.408+0000][2024.939s][debug][safepoint     ] Safepoint synchronization initiated. (178 threads)
[2023-10-19T21:12:30.409+0000][2024.940s][info ][safepoint     ] Application time: 1.0009580 seconds
[2023-10-19T21:12:30.409+0000][2024.941s][info ][safepoint     ] Entering safepoint region: Cleanup
[2023-10-19T21:12:30.410+0000][2024.941s][info ][safepoint     ] Leaving safepoint region
[2023-10-19T21:12:30.410+0000][2024.942s][info ][safepoint     ] Total time for which application threads were stopped: 0.0012428 seconds, Stopping threads took: 0.0005911 seconds
[2023-10-19T21:12:31.411+0000][2025.943s][debug][safepoint     ] Safepoint synchronization initiated. (178 threads)
[2023-10-19T21:12:31.412+0000][2025.944s][info ][safepoint     ] Application time: 1.0014716 seconds
[2023-10-19T21:12:31.413+0000][2025.945s][info ][safepoint     ] Entering safepoint region: Cleanup
[2023-10-19T21:12:31.415+0000][2025.946s][info ][safepoint     ] Leaving safepoint region
[2023-10-19T21:12:31.416+0000][2025.947s][info ][safepoint     ] Total time for which application threads were stopped: 0.0022561 seconds, Stopping threads took: 0.0010150 seconds
[2023-10-19T21:12:32.417+0000][2026.948s][debug][safepoint     ] Safepoint synchronization initiated. (178 threads)
[2023-10-19T21:12:32.418+0000][2026.949s][info ][safepoint     ] Application time: 1.0011322 seconds
[2023-10-19T21:12:32.418+0000][2026.950s][info ][safepoint     ] Entering safepoint region: Cleanup
[2023-10-19T21:12:32.419+0000][2026.951s][info ][safepoint     ] Leaving safepoint region
[2023-10-19T21:12:32.420+0000][2026.952s][info ][safepoint     ] Total time for which application threads were stopped: 0.0018053 seconds, Stopping threads took: 0.0007785 seconds
[2023-10-19T21:12:33.421+0000][2027.952s][debug][safepoint     ] Safepoint synchronization initiated. (178 threads)
[2023-10-19T21:12:33.422+0000][2027.954s][info ][safepoint     ] Application time: 1.0011634 seconds
[2023-10-19T21:12:33.423+0000][2027.955s][info ][safepoint     ] Entering safepoint region: Cleanup
[2023-10-19T21:12:33.424+0000][2027.956s][info ][safepoint     ] Leaving safepoint region
[2023-10-19T21:12:33.425+0000][2027.957s][info ][safepoint     ] Total time for which application threads were stopped: 0.0021830 seconds, Stopping threads took: 0.0010309 seconds
[2023-10-19T21:12:34.426+0000][2028.957s][debug][safepoint     ] Safepoint synchronization initiated. (178 threads)
[2023-10-19T21:12:34.427+0000][2028.958s][info ][safepoint     ] Application time: 1.0011394 seconds
[2023-10-19T21:12:34.428+0000][2028.959s][info ][safepoint     ] Entering safepoint region: Cleanup
[2023-10-19T21:12:34.429+0000][2028.960s][info ][safepoint     ] Leaving safepoint region
[2023-10-19T21:12:34.430+0000][2028.961s][info ][safepoint     ] Total time for which application threads were stopped: 0.0019004 seconds, Stopping threads took: 0.0008667 seconds
[2023-10-19T21:12:35.431+0000][2029.962s][debug][safepoint     ] Safepoint synchronization initiated. (178 threads)
[2023-10-19T21:12:35.432+0000][2029.963s][info ][safepoint     ] Application time: 1.0013627 seconds
[2023-10-19T21:12:35.433+0000][2029.964s][info ][safepoint     ] Entering safepoint region: Cleanup
[2023-10-19T21:12:35.434+0000][2029.966s][info ][safepoint     ] Leaving safepoint region
[2023-10-19T21:12:35.435+0000][2029.966s][info ][safepoint     ] Total time for which application threads were stopped: 0.0021206 seconds, Stopping threads took: 0.0009520 seconds
[2023-10-19T21:12:36.436+0000][2030.967s][debug][safepoint     ] Safepoint synchronization initiated. (178 threads)
[2023-10-19T21:12:36.436+0000][2030.968s][info ][safepoint     ] Application time: 1.0007209 seconds
[2023-10-19T21:12:36.437+0000][2030.968s][info ][safepoint     ] Entering safepoint region: Cleanup
[2023-10-19T21:12:36.437+0000][2030.969s][info ][safepoint     ] Leaving safepoint region
[2023-10-19T21:12:36.437+0000][2030.969s][info ][safepoint     ] Total time for which application threads were stopped: 0.0007419 seconds, Stopping threads took: 0.0003042 seconds
[2023-10-19T21:12:37.438+0000][2031.969s][debug][safepoint     ] Safepoint synchronization initiated. (178 threads)
[2023-10-19T21:12:37.438+0000][2031.970s][info ][safepoint     ] Application time: 1.0007055 seconds
[2023-10-19T21:12:37.439+0000][2031.970s][info ][safepoint     ] Entering safepoint region: Cleanup
[2023-10-19T21:12:37.439+0000][2031.971s][info ][safepoint     ] Leaving safepoint region
[2023-10-19T21:12:37.440+0000][2031.971s][info ][safepoint     ] Total time for which application threads were stopped: 0.0009508 seconds, Stopping threads took: 0.0004573 seconds
[2023-10-19T21:12:38.440+0000][2032.972s][debug][safepoint     ] Safepoint synchronization initiated. (178 threads)
[2023-10-19T21:12:38.441+0000][2032.972s][info ][safepoint     ] Application time: 1.0005281 seconds
[2023-10-19T21:12:38.441+0000][2032.972s][info ][safepoint     ] Entering safepoint region: Cleanup
[2023-10-19T21:12:38.441+0000][2032.973s][info ][safepoint     ] Leaving safepoint region
[2023-10-19T21:12:38.442+0000][2032.973s][info ][safepoint     ] Total time for which application threads were stopped: 0.0007759 seconds, Stopping threads took: 0.0003364 seconds
[2023-10-19T21:12:39.442+0000][2033.973s][debug][safepoint     ] Safepoint synchronization initiated. (178 threads)
[2023-10-19T21:12:39.442+0000][2033.974s][info ][safepoint     ] Application time: 1.0004920 seconds
[2023-10-19T21:12:39.443+0000][2033.974s][info ][safepoint     ] Entering safepoint region: Cleanup
[2023-10-19T21:12:39.443+0000][2033.975s][info ][safepoint     ] Leaving safepoint region
[2023-10-19T21:12:39.444+0000][2033.975s][info ][safepoint     ] Total time for which application threads were stopped: 0.0009550 seconds, Stopping threads took: 0.0003285 seconds
[2023-10-19T21:12:40.444+0000][2034.976s][debug][safepoint     ] Safepoint synchronization initiated. (178 threads)
[2023-10-19T21:12:40.445+0000][2034.976s][info ][safepoint     ] Application time: 1.0007043 seconds
[2023-10-19T21:12:40.445+0000][2034.977s][info ][safepoint     ] Entering safepoint region: Cleanup
[2023-10-19T21:12:40.446+0000][2034.977s][info ][safepoint     ] Leaving safepoint region
[2023-10-19T21:12:40.446+0000][2034.977s][info ][safepoint     ] Total time for which application threads were stopped: 0.0008103 seconds, Stopping threads took: 0.0003687 seconds
[2023-10-19T21:12:41.446+0000][2035.978s][debug][safepoint     ] Safepoint synchronization initiated. (178 threads)
[2023-10-19T21:12:41.447+0000][2035.978s][info ][safepoint     ] Application time: 1.0008459 seconds
[2023-10-19T21:12:41.447+0000][2035.979s][info ][safepoint     ] Entering safepoint region: Cleanup
[2023-10-19T21:12:41.448+0000][2035.980s][info ][safepoint     ] Leaving safepoint region
[2023-10-19T21:12:41.449+0000][2035.980s][info ][safepoint     ] Total time for which application threads were stopped: 0.0011344 seconds, Stopping threads took: 0.0005004 seconds
[2023-10-19T21:12:42.449+0000][2036.981s][debug][safepoint     ] Safepoint synchronization initiated. (177 threads)
[2023-10-19T21:12:42.450+0000][2036.981s][info ][safepoint     ] Application time: 1.0010321 seconds
[2023-10-19T21:12:42.450+0000][2036.982s][info ][safepoint     ] Entering safepoint region: Cleanup
[2023-10-19T21:12:42.451+0000][2036.983s][info ][safepoint     ] Leaving safepoint region
[2023-10-19T21:12:42.452+0000][2036.983s][info ][safepoint     ] Total time for which application threads were stopped: 0.0012707 seconds, Stopping threads took: 0.0005814 seconds
[2023-10-19T21:12:43.453+0000][2037.984s][debug][safepoint     ] Safepoint synchronization initiated. (177 threads)
[2023-10-19T21:12:43.453+0000][2037.985s][info ][safepoint     ] Application time: 1.0011783 seconds
[2023-10-19T21:12:43.454+0000][2037.986s][info ][safepoint     ] Entering safepoint region: Cleanup
[2023-10-19T21:12:43.455+0000][2037.987s][info ][safepoint     ] Leaving safepoint region
[2023-10-19T21:12:43.456+0000][2037.987s][info ][safepoint     ] Total time for which application threads were stopped: 0.0014703 seconds, Stopping threads took: 0.0005919 seconds
[2023-10-19T21:12:44.457+0000][2038.988s][debug][safepoint     ] Safepoint synchronization initiated. (177 threads)
[2023-10-19T21:12:44.458+0000][2038.989s][info ][safepoint     ] Application time: 1.0012563 seconds
[2023-10-19T21:12:44.459+0000][2038.990s][info ][safepoint     ] Entering safepoint region: Cleanup
[2023-10-19T21:12:44.460+0000][2038.991s][info ][safepoint     ] Leaving safepoint region
[2023-10-19T21:12:44.460+0000][2038.992s][info ][safepoint     ] Total time for which application threads were stopped: 0.0017534 seconds, Stopping threads took: 0.0007292 seconds
[2023-10-19T21:12:45.461+0000][2039.993s][debug][safepoint     ] Safepoint synchronization initiated. (177 threads)
[2023-10-19T21:12:45.461+0000][2039.993s][info ][safepoint     ] Application time: 1.0004691 seconds
[2023-10-19T21:12:45.462+0000][2039.993s][info ][safepoint     ] Entering safepoint region: Cleanup
[2023-10-19T21:12:45.462+0000][2039.994s][info ][safepoint     ] Leaving safepoint region
[2023-10-19T21:12:45.463+0000][2039.994s][info ][safepoint     ] Total time for which application threads were stopped: 0.0007495 seconds, Stopping threads took: 0.0003214 seconds
[2023-10-19T21:12:46.463+0000][2040.995s][debug][safepoint     ] Safepoint synchronization initiated. (177 threads)
[2023-10-19T21:12:46.464+0000][2040.996s][info ][safepoint     ] Application time: 1.0013055 seconds
[2023-10-19T21:12:46.465+0000][2040.996s][info ][safepoint     ] Entering safepoint region: Cleanup
[2023-10-19T21:12:46.466+0000][2040.997s][info ][safepoint     ] Leaving safepoint region
[2023-10-19T21:12:46.466+0000][2040.998s][info ][safepoint     ] Total time for which application threads were stopped: 0.0016796 seconds, Stopping threads took: 0.0006844 seconds
[2023-10-19T21:12:47.467+0000][2041.998s][debug][safepoint     ] Safepoint synchronization initiated. (177 threads)
[2023-10-19T21:12:47.468+0000][2041.999s][info ][safepoint     ] Application time: 1.0007584 seconds
[2023-10-19T21:12:47.469+0000][2042.001s][debug][safepoint     ] ... found polling page loop exception at pc = 0x00007fbdab731481, stub =0x00007fbda8843680
[2023-10-19T21:12:47.469+0000][2042.001s][debug][safepoint     ] ... found polling page return exception at pc = 0x00007fbdb034b01d, stub =0x00007fbda8840600
[2023-10-19T21:12:47.470+0000][2042.002s][debug][safepoint     ] Waiting for 2 thread(s) to block
[2023-10-19T21:12:47.471+0000][2042.002s][info ][safepoint     ] Entering safepoint region: Cleanup
[2023-10-19T21:12:47.472+0000][2042.003s][info ][safepoint     ] Leaving safepoint region
[2023-10-19T21:12:47.472+0000][2042.003s][info ][safepoint     ] Total time for which application threads were stopped: 0.0027411 seconds, Stopping threads took: 0.0021310 seconds
[2023-10-19T21:12:48.473+0000][2043.004s][debug][safepoint     ] Safepoint synchronization initiated. (177 threads)
[2023-10-19T21:12:48.474+0000][2043.006s][info ][safepoint     ] Application time: 1.0015514 seconds
[2023-10-19T21:12:48.474+0000][2043.006s][info ][safepoint     ] Entering safepoint region: Cleanup
[2023-10-19T21:12:48.475+0000][2043.006s][info ][safepoint     ] Leaving safepoint region
[2023-10-19T21:12:48.475+0000][2043.007s][info ][safepoint     ] Total time for which application threads were stopped: 0.0007523 seconds, Stopping threads took: 0.0003397 seconds
[2023-10-19T21:12:49.476+0000][2044.007s][debug][safepoint     ] Safepoint synchronization initiated. (177 threads)
[2023-10-19T21:12:49.476+0000][2044.007s][info ][safepoint     ] Application time: 1.0004837 seconds
[2023-10-19T21:12:49.476+0000][2044.008s][info ][safepoint     ] Entering safepoint region: Cleanup
[2023-10-19T21:12:49.477+0000][2044.008s][info ][safepoint     ] Leaving safepoint region
[2023-10-19T21:12:49.477+0000][2044.009s][info ][safepoint     ] Total time for which application threads were stopped: 0.0008579 seconds, Stopping threads took: 0.0003448 seconds
[2023-10-19T21:12:50.478+0000][2045.009s][debug][safepoint     ] Safepoint synchronization initiated. (177 threads)
[2023-10-19T21:12:50.479+0000][2045.010s][info ][safepoint     ] Application time: 1.0011106 seconds
[2023-10-19T21:12:50.479+0000][2045.011s][info ][safepoint     ] Entering safepoint region: Cleanup
[2023-10-19T21:12:50.481+0000][2045.012s][info ][safepoint     ] Leaving safepoint region
[2023-10-19T21:12:50.481+0000][2045.013s][info ][safepoint     ] Total time for which application threads were stopped: 0.0018125 seconds, Stopping threads took: 0.0007863 seconds
[2023-10-19T21:12:51.482+0000][2046.014s][debug][safepoint     ] Safepoint synchronization initiated. (177 threads)
[2023-10-19T21:12:51.483+0000][2046.014s][info ][safepoint     ] Application time: 1.0007727 seconds
[2023-10-19T21:12:51.483+0000][2046.015s][info ][safepoint     ] Entering safepoint region: Cleanup
[2023-10-19T21:12:51.484+0000][2046.015s][info ][safepoint     ] Leaving safepoint region
[2023-10-19T21:12:51.484+0000][2046.016s][info ][safepoint     ] Total time for which application threads were stopped: 0.0010322 seconds, Stopping threads took: 0.0004518 seconds
[2023-10-19T21:12:52.485+0000][2047.016s][debug][safepoint     ] Safepoint synchronization initiated. (177 threads)
[2023-10-19T21:12:52.485+0000][2047.017s][info ][safepoint     ] Application time: 1.0008173 seconds
[2023-10-19T21:12:52.486+0000][2047.017s][info ][safepoint     ] Entering safepoint region: Cleanup
[2023-10-19T21:12:52.487+0000][2047.018s][info ][safepoint     ] Leaving safepoint region
[2023-10-19T21:12:52.487+0000][2047.019s][info ][safepoint     ] Total time for which application threads were stopped: 0.0013397 seconds, Stopping threads took: 0.0005659 seconds
[2023-10-19T21:12:53.488+0000][2048.019s][debug][safepoint     ] Safepoint synchronization initiated. (177 threads)
[2023-10-19T21:12:53.489+0000][2048.020s][info ][safepoint     ] Application time: 1.0008951 seconds
[2023-10-19T21:12:53.489+0000][2048.020s][info ][safepoint     ] Entering safepoint region: Cleanup
[2023-10-19T21:12:53.490+0000][2048.021s][info ][safepoint     ] Leaving safepoint region
[2023-10-19T21:12:53.490+0000][2048.022s][info ][safepoint     ] Total time for which application threads were stopped: 0.0012513 seconds, Stopping threads took: 0.0005967 seconds
[2023-10-19T21:12:54.491+0000][2049.022s][debug][safepoint     ] Safepoint synchronization initiated. (177 threads)
[2023-10-19T21:12:54.491+0000][2049.023s][info ][safepoint     ] Application time: 1.0006357 seconds
[2023-10-19T21:12:54.492+0000][2049.023s][info ][safepoint     ] Entering safepoint region: Cleanup
[2023-10-19T21:12:54.492+0000][2049.024s][info ][safepoint     ] Leaving safepoint region
[2023-10-19T21:12:54.492+0000][2049.024s][info ][safepoint     ] Total time for which application threads were stopped: 0.0007920 seconds, Stopping threads took: 0.0003377 seconds
[2023-10-19T21:12:55.493+0000][2050.025s][debug][safepoint     ] Safepoint synchronization initiated. (177 threads)
[2023-10-19T21:12:55.494+0000][2050.026s][info ][safepoint     ] Application time: 1.0017177 seconds
[2023-10-19T21:12:55.495+0000][2050.027s][info ][safepoint     ] Entering safepoint region: Cleanup
[2023-10-19T21:12:55.497+0000][2050.028s][info ][safepoint     ] Leaving safepoint region
[2023-10-19T21:12:55.497+0000][2050.029s][info ][safepoint     ] Total time for which application threads were stopped: 0.0021432 seconds, Stopping threads took: 0.0009456 seconds
[2023-10-19T21:12:56.498+0000][2051.030s][debug][safepoint     ] Safepoint synchronization initiated. (177 threads)
[2023-10-19T21:12:56.499+0000][2051.030s][info ][safepoint     ] Application time: 1.0006009 seconds
[2023-10-19T21:12:56.499+0000][2051.031s][info ][safepoint     ] Entering safepoint region: Cleanup
[2023-10-19T21:12:56.500+0000][2051.031s][info ][safepoint     ] Leaving safepoint region
[2023-10-19T21:12:56.500+0000][2051.031s][info ][safepoint     ] Total time for which application threads were stopped: 0.0007645 seconds, Stopping threads took: 0.0003132 seconds
[2023-10-19T21:12:57.500+0000][2052.032s][debug][safepoint     ] Safepoint synchronization initiated. (177 threads)
[2023-10-19T21:12:57.502+0000][2052.033s][info ][safepoint     ] Application time: 1.0014314 seconds
[2023-10-19T21:12:57.503+0000][2052.034s][info ][safepoint     ] Entering safepoint region: Cleanup
[2023-10-19T21:12:57.504+0000][2052.036s][info ][safepoint     ] Leaving safepoint region
[2023-10-19T21:12:57.505+0000][2052.036s][info ][safepoint     ] Total time for which application threads were stopped: 0.0022693 seconds, Stopping threads took: 0.0012080 seconds
[2023-10-19T21:12:58.506+0000][2053.037s][debug][safepoint     ] Safepoint synchronization initiated. (177 threads)
[2023-10-19T21:12:58.507+0000][2053.038s][info ][safepoint     ] Application time: 1.0010067 seconds
[2023-10-19T21:12:58.507+0000][2053.039s][info ][safepoint     ] Entering safepoint region: Cleanup
[2023-10-19T21:12:58.508+0000][2053.040s][info ][safepoint     ] Leaving safepoint region
[2023-10-19T21:12:58.509+0000][2053.040s][info ][safepoint     ] Total time for which application threads were stopped: 0.0012649 seconds, Stopping threads took: 0.0005777 seconds
[2023-10-19T21:12:59.509+0000][2054.040s][debug][safepoint     ] Safepoint synchronization initiated. (177 threads)
[2023-10-19T21:12:59.510+0000][2054.041s][info ][safepoint     ] Application time: 1.0011129 seconds
[2023-10-19T21:12:59.510+0000][2054.042s][info ][safepoint     ] Entering safepoint region: Cleanup
[2023-10-19T21:12:59.511+0000][2054.042s][info ][safepoint     ] Leaving safepoint region
[2023-10-19T21:12:59.511+0000][2054.043s][info ][safepoint     ] Total time for which application threads were stopped: 0.0009981 seconds, Stopping threads took: 0.0004183 seconds
[2023-10-19T21:13:00.512+0000][2055.043s][debug][safepoint     ] Safepoint synchronization initiated. (177 threads)
[2023-10-19T21:13:00.513+0000][2055.044s][info ][safepoint     ] Application time: 1.0012576 seconds
[2023-10-19T21:13:00.514+0000][2055.045s][info ][safepoint     ] Entering safepoint region: Cleanup
[2023-10-19T21:13:00.515+0000][2055.046s][info ][safepoint     ] Leaving safepoint region
[2023-10-19T21:13:00.516+0000][2055.047s][info ][safepoint     ] Total time for which application threads were stopped: 0.0019958 seconds, Stopping threads took: 0.0008938 seconds
[2023-10-19T21:13:01.517+0000][2056.048s][debug][safepoint     ] Safepoint synchronization initiated. (177 threads)
[2023-10-19T21:13:01.517+0000][2056.049s][info ][safepoint     ] Application time: 1.0011030 seconds
[2023-10-19T21:13:01.518+0000][2056.050s][info ][safepoint     ] Entering safepoint region: Cleanup
[2023-10-19T21:13:01.519+0000][2056.050s][info ][safepoint     ] Leaving safepoint region
[2023-10-19T21:13:01.520+0000][2056.051s][info ][safepoint     ] Total time for which application threads were stopped: 0.0014029 seconds, Stopping threads took: 0.0005481 seconds
[2023-10-19T21:13:02.520+0000][2057.052s][debug][safepoint     ] Safepoint synchronization initiated. (177 threads)
[2023-10-19T21:13:02.521+0000][2057.052s][info ][safepoint     ] Application time: 1.0007956 seconds
[2023-10-19T21:13:02.521+0000][2057.053s][info ][safepoint     ] Entering safepoint region: Cleanup
[2023-10-19T21:13:02.522+0000][2057.053s][info ][safepoint     ] Leaving safepoint region
[2023-10-19T21:13:02.522+0000][2057.054s][info ][safepoint     ] Total time for which application threads were stopped: 0.0011303 seconds, Stopping threads took: 0.0005032 seconds
[2023-10-19T21:13:03.523+0000][2058.054s][debug][safepoint     ] Safepoint synchronization initiated. (177 threads)
[2023-10-19T21:13:03.524+0000][2058.055s][info ][safepoint     ] Application time: 1.0008960 seconds
[2023-10-19T21:13:03.524+0000][2058.056s][info ][safepoint     ] Entering safepoint region: Cleanup
[2023-10-19T21:13:03.525+0000][2058.056s][info ][safepoint     ] Leaving safepoint region
[2023-10-19T21:13:03.525+0000][2058.057s][info ][safepoint     ] Total time for which application threads were stopped: 0.0010843 seconds, Stopping threads took: 0.0004264 seconds
[2023-10-19T21:13:04.526+0000][2059.057s][debug][safepoint     ] Safepoint synchronization initiated. (177 threads)
[2023-10-19T21:13:04.527+0000][2059.058s][info ][safepoint     ] Application time: 1.0008586 seconds
[2023-10-19T21:13:04.527+0000][2059.059s][info ][safepoint     ] Entering safepoint region: Cleanup
[2023-10-19T21:13:04.528+0000][2059.060s][info ][safepoint     ] Leaving safepoint region
[2023-10-19T21:13:04.529+0000][2059.061s][info ][safepoint     ] Total time for which application threads were stopped: 0.0018765 seconds, Stopping threads took: 0.0008801 seconds
[2023-10-19T21:13:05.530+0000][2060.061s][debug][safepoint     ] Safepoint synchronization initiated. (177 threads)
[2023-10-19T21:13:05.531+0000][2060.062s][info ][safepoint     ] Application time: 1.0010815 seconds
[2023-10-19T21:13:05.532+0000][2060.063s][info ][safepoint     ] Entering safepoint region: Cleanup
[2023-10-19T21:13:05.533+0000][2060.064s][info ][safepoint     ] Leaving safepoint region
[2023-10-19T21:13:05.534+0000][2060.065s][info ][safepoint     ] Total time for which application threads were stopped: 0.0017517 seconds, Stopping threads took: 0.0007003 seconds
[2023-10-19T21:13:06.534+0000][2061.066s][debug][safepoint     ] Safepoint synchronization initiated. (177 threads)
[2023-10-19T21:13:06.535+0000][2061.066s][info ][safepoint     ] Application time: 1.0007211 seconds
[2023-10-19T21:13:06.535+0000][2061.067s][info ][safepoint     ] Entering safepoint region: Cleanup
[2023-10-19T21:13:06.536+0000][2061.067s][info ][safepoint     ] Leaving safepoint region
[2023-10-19T21:13:06.536+0000][2061.067s][info ][safepoint     ] Total time for which application threads were stopped: 0.0008093 seconds, Stopping threads took: 0.0003262 seconds
[2023-10-19T21:13:07.536+0000][2062.068s][debug][safepoint     ] Safepoint synchronization initiated. (177 threads)
[2023-10-19T21:13:07.537+0000][2062.069s][info ][safepoint     ] Application time: 1.0008125 seconds
[2023-10-19T21:13:07.538+0000][2062.069s][info ][safepoint     ] Entering safepoint region: Cleanup
[2023-10-19T21:13:07.538+0000][2062.070s][info ][safepoint     ] Leaving safepoint region
[2023-10-19T21:13:07.539+0000][2062.070s][info ][safepoint     ] Total time for which application threads were stopped: 0.0011823 seconds, Stopping threads took: 0.0005303 seconds
[2023-10-19T21:13:08.539+0000][2063.071s][debug][safepoint     ] Safepoint synchronization initiated. (177 threads)
[2023-10-19T21:13:08.540+0000][2063.071s][info ][safepoint     ] Application time: 1.0005830 seconds
[2023-10-19T21:13:08.540+0000][2063.072s][info ][safepoint     ] Entering safepoint region: Cleanup
[2023-10-19T21:13:08.541+0000][2063.072s][info ][safepoint     ] Leaving safepoint region
[2023-10-19T21:13:08.541+0000][2063.073s][info ][safepoint     ] Total time for which application threads were stopped: 0.0009155 seconds, Stopping threads took: 0.0004232 seconds
[2023-10-19T21:13:09.542+0000][2064.073s][debug][safepoint     ] Safepoint synchronization initiated. (177 threads)
[2023-10-19T21:13:09.543+0000][2064.075s][info ][safepoint     ] Application time: 1.0016089 seconds
[2023-10-19T21:13:09.544+0000][2064.076s][info ][safepoint     ] Entering safepoint region: Cleanup
[2023-10-19T21:13:09.545+0000][2064.077s][info ][safepoint     ] Leaving safepoint region
[2023-10-19T21:13:09.546+0000][2064.078s][info ][safepoint     ] Total time for which application threads were stopped: 0.0019329 seconds, Stopping threads took: 0.0009907 seconds
[2023-10-19T21:13:10.547+0000][2065.079s][debug][safepoint     ] Safepoint synchronization initiated. (177 threads)
[2023-10-19T21:13:10.548+0000][2065.079s][info ][safepoint     ] Application time: 1.0009002 seconds
[2023-10-19T21:13:10.548+0000][2065.080s][info ][safepoint     ] Entering safepoint region: Cleanup
[2023-10-19T21:13:10.549+0000][2065.080s][info ][safepoint     ] Leaving safepoint region
[2023-10-19T21:13:10.550+0000][2065.081s][info ][safepoint     ] Total time for which application threads were stopped: 0.0012151 seconds, Stopping threads took: 0.0004453 seconds
[2023-10-19T21:13:11.550+0000][2066.082s][debug][safepoint     ] Safepoint synchronization initiated. (177 threads)
[2023-10-19T21:13:11.550+0000][2066.082s][info ][safepoint     ] Application time: 1.0005050 seconds
[2023-10-19T21:13:11.551+0000][2066.082s][info ][safepoint     ] Entering safepoint region: Cleanup
[2023-10-19T21:13:11.551+0000][2066.083s][info ][safepoint     ] Leaving safepoint region
[2023-10-19T21:13:11.552+0000][2066.083s][info ][safepoint     ] Total time for which application threads were stopped: 0.0007663 seconds, Stopping threads took: 0.0003138 seconds
[2023-10-19T21:13:12.552+0000][2067.084s][debug][safepoint     ] Safepoint synchronization initiated. (177 threads)
[2023-10-19T21:13:12.553+0000][2067.085s][info ][safepoint     ] Application time: 1.0012755 seconds
[2023-10-19T21:13:12.554+0000][2067.085s][info ][safepoint     ] Entering safepoint region: Cleanup
[2023-10-19T21:13:12.555+0000][2067.086s][info ][safepoint     ] Leaving safepoint region
[2023-10-19T21:13:12.556+0000][2067.087s][info ][safepoint     ] Total time for which application threads were stopped: 0.0016723 seconds, Stopping threads took: 0.0006466 seconds
[2023-10-19T21:13:13.556+0000][2068.088s][debug][safepoint     ] Safepoint synchronization initiated. (177 threads)
[2023-10-19T21:13:13.557+0000][2068.089s][info ][safepoint     ] Application time: 1.0012529 seconds
[2023-10-19T21:13:13.558+0000][2068.090s][info ][safepoint     ] Entering safepoint region: Cleanup
[2023-10-19T21:13:13.560+0000][2068.091s][info ][safepoint     ] Leaving safepoint region
[2023-10-19T21:13:13.560+0000][2068.092s][info ][safepoint     ] Total time for which application threads were stopped: 0.0022355 seconds, Stopping threads took: 0.0010636 seconds
[2023-10-19T21:13:14.561+0000][2069.093s][debug][safepoint     ] Safepoint synchronization initiated. (177 threads)
[2023-10-19T21:13:14.562+0000][2069.094s][info ][safepoint     ] Application time: 1.0013569 seconds
[2023-10-19T21:13:14.563+0000][2069.095s][info ][safepoint     ] Entering safepoint region: Cleanup
[2023-10-19T21:13:14.565+0000][2069.096s][info ][safepoint     ] Leaving safepoint region
[2023-10-19T21:13:14.565+0000][2069.097s][info ][safepoint     ] Total time for which application threads were stopped: 0.0018932 seconds, Stopping threads took: 0.0009804 seconds
[2023-10-19T21:13:15.566+0000][2070.098s][debug][safepoint     ] Safepoint synchronization initiated. (177 threads)
[2023-10-19T21:13:15.567+0000][2070.098s][info ][safepoint     ] Application time: 1.0007741 seconds
[2023-10-19T21:13:15.567+0000][2070.099s][info ][safepoint     ] Entering safepoint region: Cleanup
[2023-10-19T21:13:15.568+0000][2070.099s][info ][safepoint     ] Leaving safepoint region
[2023-10-19T21:13:15.568+0000][2070.100s][info ][safepoint     ] Total time for which application threads were stopped: 0.0010225 seconds, Stopping threads took: 0.0004219 seconds
[2023-10-19T21:13:16.569+0000][2071.101s][debug][safepoint     ] Safepoint synchronization initiated. (177 threads)
[2023-10-19T21:13:16.570+0000][2071.101s][info ][safepoint     ] Application time: 1.0010863 seconds
[2023-10-19T21:13:16.571+0000][2071.102s][info ][safepoint     ] Entering safepoint region: Cleanup
[2023-10-19T21:13:16.572+0000][2071.103s][info ][safepoint     ] Leaving safepoint region
[2023-10-19T21:13:16.572+0000][2071.104s][info ][safepoint     ] Total time for which application threads were stopped: 0.0017256 seconds, Stopping threads took: 0.0007680 seconds
[2023-10-19T21:13:17.573+0000][2072.105s][debug][safepoint     ] Safepoint synchronization initiated. (177 threads)
[2023-10-19T21:13:17.575+0000][2072.106s][info ][safepoint     ] Application time: 1.0018298 seconds
[2023-10-19T21:13:17.575+0000][2072.107s][info ][safepoint     ] Entering safepoint region: Cleanup
[2023-10-19T21:13:17.576+0000][2072.108s][info ][safepoint     ] Leaving safepoint region
[2023-10-19T21:13:17.577+0000][2072.108s][info ][safepoint     ] Total time for which application threads were stopped: 0.0014247 seconds, Stopping threads took: 0.0006151 seconds
[2023-10-19T21:13:18.578+0000][2073.109s][debug][safepoint     ] Safepoint synchronization initiated. (177 threads)
[2023-10-19T21:13:18.579+0000][2073.110s][info ][safepoint     ] Application time: 1.0010773 seconds
[2023-10-19T21:13:18.579+0000][2073.111s][info ][safepoint     ] Entering safepoint region: Cleanup
[2023-10-19T21:13:18.580+0000][2073.112s][info ][safepoint     ] Leaving safepoint region
[2023-10-19T21:13:18.581+0000][2073.112s][info ][safepoint     ] Total time for which application threads were stopped: 0.0014608 seconds, Stopping threads took: 0.0006522 seconds
[2023-10-19T21:13:19.470+0000][2074.002s][debug][safepoint     ] Safepoint synchronization initiated. (177 threads)
[2023-10-19T21:13:19.471+0000][2074.002s][info ][safepoint     ] Application time: 0.8896173 seconds
[2023-10-19T21:13:19.472+0000][2074.003s][info ][safepoint     ] Entering safepoint region: G1CollectForAllocation
[2023-10-19T21:13:19.472+0000][2074.004s][info ][gc,start      ] GC(69) Pause Young (Normal) (G1 Evacuation Pause)
[2023-10-19T21:13:19.473+0000][2074.004s][info ][gc,task       ] GC(69) Using 8 workers of 8 for evacuation
[2023-10-19T21:13:19.490+0000][2074.022s][info ][gc,phases     ] GC(69)   Pre Evacuate Collection Set: 0.2ms
[2023-10-19T21:13:19.491+0000][2074.023s][info ][gc,phases     ] GC(69)   Evacuate Collection Set: 11.8ms
[2023-10-19T21:13:19.492+0000][2074.023s][info ][gc,phases     ] GC(69)   Post Evacuate Collection Set: 4.8ms
[2023-10-19T21:13:19.492+0000][2074.024s][info ][gc,phases     ] GC(69)   Other: 1.4ms
[2023-10-19T21:13:19.493+0000][2074.024s][info ][gc,heap       ] GC(69) Eden regions: 200->0(201)
[2023-10-19T21:13:19.494+0000][2074.025s][info ][gc,heap       ] GC(69) Survivor regions: 9->7(27)
[2023-10-19T21:13:19.494+0000][2074.025s][info ][gc,heap       ] GC(69) Old regions: 150->153
[2023-10-19T21:13:19.495+0000][2074.026s][info ][gc,heap       ] GC(69) Humongous regions: 5->5
[2023-10-19T21:13:19.495+0000][2074.027s][info ][gc,metaspace  ] GC(69) Metaspace: 167269K(172752K)->167269K(172752K) NonClass: 147851K(151248K)->147851K(151248K) Class: 19418K(21504K)->19418K(21504K)
[2023-10-19T21:13:19.496+0000][2074.027s][info ][gc            ] GC(69) Pause Young (Normal) (G1 Evacuation Pause) 361M->162M(415M) 23.243ms
[2023-10-19T21:13:19.496+0000][2074.028s][info ][gc,cpu        ] GC(69) User=0.11s Sys=0.00s Real=0.02s
[2023-10-19T21:13:19.497+0000][2074.028s][info ][safepoint     ] Leaving safepoint region
[2023-10-19T21:13:19.497+0000][2074.029s][info ][safepoint     ] Total time for which application threads were stopped: 0.0256996 seconds, Stopping threads took: 0.0006006 seconds
[2023-10-19T21:13:19.498+0000][2074.029s][info ][gc,stringdedup] Concurrent String Deduplication (2074.029s)
[2023-10-19T21:13:19.498+0000][2074.029s][info ][gc,stringdedup] Concurrent String Deduplication 0.0B->0.0B(0.0B) avg 54.3% (2074.029s, 2074.029s) 0.352ms
[2023-10-19T21:13:20.498+0000][2075.029s][debug][safepoint     ] Safepoint synchronization initiated. (177 threads)
[2023-10-19T21:13:20.499+0000][2075.030s][info ][safepoint     ] Application time: 1.0014300 seconds
[2023-10-19T21:13:20.500+0000][2075.031s][info ][safepoint     ] Entering safepoint region: Cleanup
[2023-10-19T21:13:20.501+0000][2075.033s][info ][safepoint     ] Leaving safepoint region
[2023-10-19T21:13:20.502+0000][2075.033s][info ][safepoint     ] Total time for which application threads were stopped: 0.0021590 seconds, Stopping threads took: 0.0009362 seconds
[2023-10-19T21:13:21.503+0000][2076.034s][debug][safepoint     ] Safepoint synchronization initiated. (177 threads)
[2023-10-19T21:13:21.504+0000][2076.035s][info ][safepoint     ] Application time: 1.0011055 seconds
[2023-10-19T21:13:21.505+0000][2076.036s][info ][safepoint     ] Entering safepoint region: Cleanup
[2023-10-19T21:13:21.506+0000][2076.037s][info ][safepoint     ] Leaving safepoint region
[2023-10-19T21:13:21.507+0000][2076.038s][info ][safepoint     ] Total time for which application threads were stopped: 0.0019328 seconds, Stopping threads took: 0.0006887 seconds
[2023-10-19T21:13:22.507+0000][2077.039s][debug][safepoint     ] Safepoint synchronization initiated. (177 threads)
[2023-10-19T21:13:22.508+0000][2077.039s][info ][safepoint     ] Application time: 1.0004763 seconds
[2023-10-19T21:13:22.508+0000][2077.039s][info ][safepoint     ] Entering safepoint region: Cleanup
[2023-10-19T21:13:22.508+0000][2077.040s][info ][safepoint     ] Leaving safepoint region
[2023-10-19T21:13:22.509+0000][2077.040s][info ][safepoint     ] Total time for which application threads were stopped: 0.0007526 seconds, Stopping threads took: 0.0003287 seconds
[2023-10-19T21:13:23.509+0000][2078.040s][debug][safepoint     ] Safepoint synchronization initiated. (177 threads)
[2023-10-19T21:13:23.510+0000][2078.041s][info ][safepoint     ] Application time: 1.0009560 seconds
[2023-10-19T21:13:23.511+0000][2078.042s][info ][safepoint     ] Entering safepoint region: Cleanup
[2023-10-19T21:13:23.512+0000][2078.043s][info ][safepoint     ] Leaving safepoint region
[2023-10-19T21:13:23.512+0000][2078.044s][info ][safepoint     ] Total time for which application threads were stopped: 0.0018635 seconds, Stopping threads took: 0.0008132 seconds
[2023-10-19T21:13:23.512+0000][2078.043s][debug][safepoint     ] ... found polling page return exception at pc = 0x00007fbdb0cb92c4, stub =0x00007fbda8840600
[2023-10-19T21:13:23.512+0000][2078.043s][debug][safepoint     ] ... found polling page return exception at pc = 0x00007fbdb0cb92c4, stub =0x00007fbda8840600
[2023-10-19T21:13:23.512+0000][2078.043s][debug][safepoint     ] ... found polling page return exception at pc = 0x00007fbdb0cb92c4, stub =0x00007fbda8840600
[2023-10-19T21:13:23.512+0000][2078.043s][debug][safepoint     ] ... found polling page return exception at pc = 0x00007fbdb0cb92c4, stub =0x00007fbda8840600
[2023-10-19T21:13:23.512+0000][2078.043s][debug][safepoint     ] ... found polling page return exception at pc = 0x00007fbdb0cb92c4, stub =0x00007fbda8840600
[2023-10-19T21:13:23.512+0000][2078.043s][debug][safepoint     ] ... found polling page return exception at pc = 0x00007fbdb0cb92c4, stub =0x00007fbda8840600
[2023-10-19T21:13:24.513+0000][2079.045s][debug][safepoint     ] Safepoint synchronization initiated. (177 threads)
[2023-10-19T21:13:24.514+0000][2079.046s][info ][safepoint     ] Application time: 1.0013383 seconds
[2023-10-19T21:13:24.515+0000][2079.047s][info ][safepoint     ] Entering safepoint region: Cleanup
[2023-10-19T21:13:24.517+0000][2079.048s][info ][safepoint     ] Leaving safepoint region
[2023-10-19T21:13:24.517+0000][2079.049s][info ][safepoint     ] Total time for which application threads were stopped: 0.0021294 seconds, Stopping threads took: 0.0008920 seconds
[2023-10-19T21:13:25.518+0000][2080.050s][debug][safepoint     ] Safepoint synchronization initiated. (177 threads)
[2023-10-19T21:13:25.519+0000][2080.050s][info ][safepoint     ] Application time: 1.0006502 seconds
[2023-10-19T21:13:25.519+0000][2080.050s][info ][safepoint     ] Entering safepoint region: Cleanup
[2023-10-19T21:13:25.519+0000][2080.051s][info ][safepoint     ] Leaving safepoint region
[2023-10-19T21:13:25.520+0000][2080.051s][info ][safepoint     ] Total time for which application threads were stopped: 0.0008233 seconds, Stopping threads took: 0.0003487 seconds
[2023-10-19T21:13:26.520+0000][2081.052s][debug][safepoint     ] Safepoint synchronization initiated. (177 threads)
[2023-10-19T21:13:26.521+0000][2081.052s][info ][safepoint     ] Application time: 1.0006289 seconds
[2023-10-19T21:13:26.521+0000][2081.053s][info ][safepoint     ] Entering safepoint region: Cleanup
[2023-10-19T21:13:26.522+0000][2081.053s][info ][safepoint     ] Leaving safepoint region
[2023-10-19T21:13:26.522+0000][2081.054s][info ][safepoint     ] Total time for which application threads were stopped: 0.0012160 seconds, Stopping threads took: 0.0004870 seconds
[2023-10-19T21:13:27.523+0000][2082.055s][debug][safepoint     ] Safepoint synchronization initiated. (177 threads)
[2023-10-19T21:13:27.524+0000][2082.055s][info ][safepoint     ] Application time: 1.0009802 seconds
[2023-10-19T21:13:27.524+0000][2082.056s][info ][safepoint     ] Entering safepoint region: Cleanup
[2023-10-19T21:13:27.525+0000][2082.057s][info ][safepoint     ] Leaving safepoint region
[2023-10-19T21:13:27.525+0000][2082.057s][info ][safepoint     ] Total time for which application threads were stopped: 0.0011556 seconds, Stopping threads took: 0.0004853 seconds
[2023-10-19T21:13:28.526+0000][2083.058s][debug][safepoint     ] Safepoint synchronization initiated. (177 threads)
[2023-10-19T21:13:28.527+0000][2083.058s][info ][safepoint     ] Application time: 1.0006614 seconds
[2023-10-19T21:13:28.527+0000][2083.058s][info ][safepoint     ] Entering safepoint region: Cleanup
[2023-10-19T21:13:28.527+0000][2083.059s][info ][safepoint     ] Leaving safepoint region
[2023-10-19T21:13:28.528+0000][2083.059s][info ][safepoint     ] Total time for which application threads were stopped: 0.0008694 seconds, Stopping threads took: 0.0003658 seconds
[2023-10-19T21:13:29.528+0000][2084.060s][debug][safepoint     ] Safepoint synchronization initiated. (177 threads)
[2023-10-19T21:13:29.529+0000][2084.061s][info ][safepoint     ] Application time: 1.0011627 seconds
[2023-10-19T21:13:29.530+0000][2084.062s][info ][safepoint     ] Entering safepoint region: Cleanup
[2023-10-19T21:13:29.532+0000][2084.063s][info ][safepoint     ] Leaving safepoint region
[2023-10-19T21:13:29.532+0000][2084.064s][info ][safepoint     ] Total time for which application threads were stopped: 0.0023690 seconds, Stopping threads took: 0.0011003 seconds
[2023-10-19T21:13:30.534+0000][2085.065s][debug][safepoint     ] Safepoint synchronization initiated. (177 threads)
[2023-10-19T21:13:30.535+0000][2085.066s][info ][safepoint     ] Application time: 1.0014728 seconds
[2023-10-19T21:13:30.536+0000][2085.068s][info ][safepoint     ] Entering safepoint region: Cleanup
[2023-10-19T21:13:30.537+0000][2085.069s][info ][safepoint     ] Leaving safepoint region
[2023-10-19T21:13:30.538+0000][2085.069s][info ][safepoint     ] Total time for which application threads were stopped: 0.0020367 seconds, Stopping threads took: 0.0009228 seconds
[2023-10-19T21:13:31.539+0000][2086.070s][debug][safepoint     ] Safepoint synchronization initiated. (177 threads)
[2023-10-19T21:13:31.539+0000][2086.071s][info ][safepoint     ] Application time: 1.0006374 seconds
[2023-10-19T21:13:31.540+0000][2086.071s][info ][safepoint     ] Entering safepoint region: Cleanup
[2023-10-19T21:13:31.540+0000][2086.072s][info ][safepoint     ] Leaving safepoint region
[2023-10-19T21:13:31.540+0000][2086.072s][info ][safepoint     ] Total time for which application threads were stopped: 0.0008287 seconds, Stopping threads took: 0.0003878 seconds
[2023-10-19T21:13:32.541+0000][2087.072s][debug][safepoint     ] Safepoint synchronization initiated. (177 threads)
[2023-10-19T21:13:32.542+0000][2087.073s][info ][safepoint     ] Application time: 1.0013382 seconds
[2023-10-19T21:13:32.543+0000][2087.074s][debug][safepoint     ] ... found polling page return exception at pc = 0x00007fbdb04ea3fd, stub =0x00007fbda8840600
[2023-10-19T21:13:32.543+0000][2087.075s][debug][safepoint     ] ... found polling page return exception at pc = 0x00007fbdb0b4fbc4, stub =0x00007fbda8840600
[2023-10-19T21:13:32.543+0000][2087.075s][debug][safepoint     ] ... found polling page return exception at pc = 0x00007fbdb0b4fbc4, stub =0x00007fbda8840600
[2023-10-19T21:13:32.545+0000][2087.077s][debug][safepoint     ] Waiting for 4 thread(s) to block
[2023-10-19T21:13:32.546+0000][2087.078s][info ][safepoint     ] Entering safepoint region: Cleanup
[2023-10-19T21:13:32.547+0000][2087.079s][info ][safepoint     ] Leaving safepoint region
[2023-10-19T21:13:32.547+0000][2087.079s][info ][safepoint     ] Total time for which application threads were stopped: 0.0046457 seconds, Stopping threads took: 0.0040772 seconds
[2023-10-19T21:13:33.548+0000][2088.080s][debug][safepoint     ] Safepoint synchronization initiated. (177 threads)
[2023-10-19T21:13:33.549+0000][2088.081s][info ][safepoint     ] Application time: 1.0012922 seconds
[2023-10-19T21:13:33.550+0000][2088.081s][info ][safepoint     ] Entering safepoint region: Cleanup
[2023-10-19T21:13:33.551+0000][2088.082s][info ][safepoint     ] Leaving safepoint region
[2023-10-19T21:13:33.551+0000][2088.083s][info ][safepoint     ] Total time for which application threads were stopped: 0.0016503 seconds, Stopping threads took: 0.0006771 seconds
[2023-10-19T21:13:34.552+0000][2089.084s][debug][safepoint     ] Safepoint synchronization initiated. (177 threads)
[2023-10-19T21:13:34.553+0000][2089.085s][info ][safepoint     ] Application time: 1.0013563 seconds
[2023-10-19T21:13:34.555+0000][2089.086s][info ][safepoint     ] Entering safepoint region: Cleanup
[2023-10-19T21:13:34.556+0000][2089.087s][info ][safepoint     ] Leaving safepoint region
[2023-10-19T21:13:34.556+0000][2089.088s][info ][safepoint     ] Total time for which application threads were stopped: 0.0018088 seconds, Stopping threads took: 0.0007656 seconds
[2023-10-19T21:13:35.557+0000][2090.089s][debug][safepoint     ] Safepoint synchronization initiated. (177 threads)
[2023-10-19T21:13:35.558+0000][2090.090s][info ][safepoint     ] Application time: 1.0013305 seconds
[2023-10-19T21:13:35.559+0000][2090.091s][info ][safepoint     ] Entering safepoint region: Cleanup
[2023-10-19T21:13:35.561+0000][2090.092s][info ][safepoint     ] Leaving safepoint region
[2023-10-19T21:13:35.562+0000][2090.093s][info ][safepoint     ] Total time for which application threads were stopped: 0.0022472 seconds, Stopping threads took: 0.0009985 seconds
[2023-10-19T21:13:36.562+0000][2091.094s][debug][safepoint     ] Safepoint synchronization initiated. (177 threads)
[2023-10-19T21:13:36.563+0000][2091.095s][info ][safepoint     ] Application time: 1.0007115 seconds
[2023-10-19T21:13:36.564+0000][2091.095s][info ][safepoint     ] Entering safepoint region: Cleanup
[2023-10-19T21:13:36.564+0000][2091.096s][info ][safepoint     ] Leaving safepoint region
[2023-10-19T21:13:36.564+0000][2091.096s][info ][safepoint     ] Total time for which application threads were stopped: 0.0008597 seconds, Stopping threads took: 0.0003895 seconds
[2023-10-19T21:13:37.565+0000][2092.097s][debug][safepoint     ] Safepoint synchronization initiated. (177 threads)
[2023-10-19T21:13:37.566+0000][2092.097s][info ][safepoint     ] Application time: 1.0011131 seconds
[2023-10-19T21:13:37.567+0000][2092.098s][info ][safepoint     ] Entering safepoint region: Cleanup
[2023-10-19T21:13:37.568+0000][2092.099s][info ][safepoint     ] Leaving safepoint region
[2023-10-19T21:13:37.569+0000][2092.100s][info ][safepoint     ] Total time for which application threads were stopped: 0.0018660 seconds, Stopping threads took: 0.0007378 seconds
[2023-10-19T21:13:38.569+0000][2093.101s][debug][safepoint     ] Safepoint synchronization initiated. (177 threads)
[2023-10-19T21:13:38.570+0000][2093.102s][info ][safepoint     ] Application time: 1.0005908 seconds
[2023-10-19T21:13:38.570+0000][2093.102s][info ][safepoint     ] Entering safepoint region: Cleanup
[2023-10-19T21:13:38.571+0000][2093.102s][info ][safepoint     ] Leaving safepoint region
[2023-10-19T21:13:38.571+0000][2093.103s][info ][safepoint     ] Total time for which application threads were stopped: 0.0010313 seconds, Stopping threads took: 0.0003808 seconds
[2023-10-19T21:13:39.572+0000][2094.103s][debug][safepoint     ] Safepoint synchronization initiated. (177 threads)
[2023-10-19T21:13:39.572+0000][2094.104s][info ][safepoint     ] Application time: 1.0005141 seconds
[2023-10-19T21:13:39.573+0000][2094.104s][info ][safepoint     ] Entering safepoint region: Cleanup
[2023-10-19T21:13:39.573+0000][2094.105s][info ][safepoint     ] Leaving safepoint region
[2023-10-19T21:13:39.573+0000][2094.105s][info ][safepoint     ] Total time for which application threads were stopped: 0.0007675 seconds, Stopping threads took: 0.0003299 seconds
[2023-10-19T21:13:40.574+0000][2095.105s][debug][safepoint     ] Safepoint synchronization initiated. (177 threads)
[2023-10-19T21:13:40.574+0000][2095.106s][info ][safepoint     ] Application time: 1.0009235 seconds
[2023-10-19T21:13:40.575+0000][2095.107s][info ][safepoint     ] Entering safepoint region: Cleanup
[2023-10-19T21:13:40.576+0000][2095.107s][info ][safepoint     ] Leaving safepoint region
[2023-10-19T21:13:40.576+0000][2095.108s][info ][safepoint     ] Total time for which application threads were stopped: 0.0013090 seconds, Stopping threads took: 0.0006447 seconds
[2023-10-19T21:13:41.577+0000][2096.109s][debug][safepoint     ] Safepoint synchronization initiated. (177 threads)
[2023-10-19T21:13:41.578+0000][2096.110s][info ][safepoint     ] Application time: 1.0016017 seconds
[2023-10-19T21:13:41.579+0000][2096.111s][info ][safepoint     ] Entering safepoint region: Cleanup
[2023-10-19T21:13:41.580+0000][2096.112s][info ][safepoint     ] Leaving safepoint region
[2023-10-19T21:13:41.581+0000][2096.112s][info ][safepoint     ] Total time for which application threads were stopped: 0.0016682 seconds, Stopping threads took: 0.0007270 seconds
[2023-10-19T21:13:42.582+0000][2097.113s][debug][safepoint     ] Safepoint synchronization initiated. (177 threads)
[2023-10-19T21:13:42.583+0000][2097.115s][info ][safepoint     ] Application time: 1.0016710 seconds
[2023-10-19T21:13:42.584+0000][2097.116s][info ][safepoint     ] Entering safepoint region: Cleanup
[2023-10-19T21:13:42.586+0000][2097.117s][info ][safepoint     ] Leaving safepoint region
[2023-10-19T21:13:42.587+0000][2097.118s][info ][safepoint     ] Total time for which application threads were stopped: 0.0023038 seconds, Stopping threads took: 0.0010321 seconds
[2023-10-19T21:13:43.587+0000][2098.119s][debug][safepoint     ] Safepoint synchronization initiated. (177 threads)
[2023-10-19T21:13:43.588+0000][2098.120s][info ][safepoint     ] Application time: 1.0006729 seconds
[2023-10-19T21:13:43.588+0000][2098.120s][info ][safepoint     ] Entering safepoint region: Cleanup
[2023-10-19T21:13:43.589+0000][2098.120s][info ][safepoint     ] Leaving safepoint region
[2023-10-19T21:13:43.589+0000][2098.121s][info ][safepoint     ] Total time for which application threads were stopped: 0.0008092 seconds, Stopping threads took: 0.0003454 seconds
[2023-10-19T21:13:44.590+0000][2099.121s][debug][safepoint     ] Safepoint synchronization initiated. (177 threads)
[2023-10-19T21:13:44.590+0000][2099.122s][info ][safepoint     ] Application time: 1.0007506 seconds
[2023-10-19T21:13:44.591+0000][2099.122s][info ][safepoint     ] Entering safepoint region: Cleanup
[2023-10-19T21:13:44.591+0000][2099.123s][info ][safepoint     ] Leaving safepoint region
[2023-10-19T21:13:44.592+0000][2099.123s][info ][safepoint     ] Total time for which application threads were stopped: 0.0009949 seconds, Stopping threads took: 0.0004164 seconds
[2023-10-19T21:13:45.592+0000][2100.124s][debug][safepoint     ] Safepoint synchronization initiated. (177 threads)
[2023-10-19T21:13:45.593+0000][2100.124s][info ][safepoint     ] Application time: 1.0009045 seconds
[2023-10-19T21:13:45.593+0000][2100.125s][info ][safepoint     ] Entering safepoint region: Cleanup
[2023-10-19T21:13:45.594+0000][2100.126s][info ][safepoint     ] Leaving safepoint region
[2023-10-19T21:13:45.595+0000][2100.126s][info ][safepoint     ] Total time for which application threads were stopped: 0.0011854 seconds, Stopping threads took: 0.0004934 seconds
[2023-10-19T21:13:46.595+0000][2101.127s][debug][safepoint     ] Safepoint synchronization initiated. (177 threads)
[2023-10-19T21:13:46.596+0000][2101.128s][info ][safepoint     ] Application time: 1.0011544 seconds
[2023-10-19T21:13:46.597+0000][2101.129s][info ][safepoint     ] Entering safepoint region: Cleanup
[2023-10-19T21:13:46.598+0000][2101.130s][info ][safepoint     ] Leaving safepoint region
[2023-10-19T21:13:46.599+0000][2101.131s][info ][safepoint     ] Total time for which application threads were stopped: 0.0019896 seconds, Stopping threads took: 0.0008805 seconds
[2023-10-19T21:13:47.600+0000][2102.131s][debug][safepoint     ] Safepoint synchronization initiated. (177 threads)
[2023-10-19T21:13:47.600+0000][2102.132s][info ][safepoint     ] Application time: 1.0005097 seconds
[2023-10-19T21:13:47.601+0000][2102.132s][info ][safepoint     ] Entering safepoint region: Cleanup
[2023-10-19T21:13:47.601+0000][2102.133s][info ][safepoint     ] Leaving safepoint region
[2023-10-19T21:13:47.601+0000][2102.133s][info ][safepoint     ] Total time for which application threads were stopped: 0.0009124 seconds, Stopping threads took: 0.0004590 seconds
[2023-10-19T21:13:48.602+0000][2103.133s][debug][safepoint     ] Safepoint synchronization initiated. (177 threads)
[2023-10-19T21:13:48.603+0000][2103.134s][info ][safepoint     ] Application time: 1.0009240 seconds
[2023-10-19T21:13:48.604+0000][2103.135s][info ][safepoint     ] Entering safepoint region: Cleanup
[2023-10-19T21:13:48.605+0000][2103.136s][info ][safepoint     ] Leaving safepoint region
[2023-10-19T21:13:48.605+0000][2103.137s][info ][safepoint     ] Total time for which application threads were stopped: 0.0016252 seconds, Stopping threads took: 0.0008606 seconds
[2023-10-19T21:13:49.606+0000][2104.137s][debug][safepoint     ] Safepoint synchronization initiated. (177 threads)
[2023-10-19T21:13:49.606+0000][2104.138s][info ][safepoint     ] Application time: 1.0005341 seconds
[2023-10-19T21:13:49.606+0000][2104.138s][info ][safepoint     ] Entering safepoint region: Cleanup
[2023-10-19T21:13:49.607+0000][2104.138s][info ][safepoint     ] Leaving safepoint region
[2023-10-19T21:13:49.607+0000][2104.139s][info ][safepoint     ] Total time for which application threads were stopped: 0.0007464 seconds, Stopping threads took: 0.0002993 seconds
[2023-10-19T21:13:50.608+0000][2105.139s][debug][safepoint     ] Safepoint synchronization initiated. (177 threads)
[2023-10-19T21:13:50.609+0000][2105.140s][info ][safepoint     ] Application time: 1.0012598 seconds
[2023-10-19T21:13:50.610+0000][2105.141s][info ][safepoint     ] Entering safepoint region: Cleanup
[2023-10-19T21:13:50.611+0000][2105.142s][info ][safepoint     ] Leaving safepoint region
[2023-10-19T21:13:50.611+0000][2105.143s][info ][safepoint     ] Total time for which application threads were stopped: 0.0018905 seconds, Stopping threads took: 0.0008485 seconds
[2023-10-19T21:13:51.612+0000][2106.144s][debug][safepoint     ] Safepoint synchronization initiated. (177 threads)
[2023-10-19T21:13:51.613+0000][2106.145s][info ][safepoint     ] Application time: 1.0011528 seconds
[2023-10-19T21:13:51.614+0000][2106.145s][info ][safepoint     ] Entering safepoint region: Cleanup
[2023-10-19T21:13:51.615+0000][2106.146s][info ][safepoint     ] Leaving safepoint region
[2023-10-19T21:13:51.615+0000][2106.147s][info ][safepoint     ] Total time for which application threads were stopped: 0.0013764 seconds, Stopping threads took: 0.0006317 seconds
[2023-10-19T21:13:52.616+0000][2107.147s][debug][safepoint     ] Safepoint synchronization initiated. (177 threads)
[2023-10-19T21:13:52.616+0000][2107.148s][info ][safepoint     ] Application time: 1.0005675 seconds
[2023-10-19T21:13:52.616+0000][2107.148s][info ][safepoint     ] Entering safepoint region: Cleanup
[2023-10-19T21:13:52.617+0000][2107.148s][info ][safepoint     ] Leaving safepoint region
[2023-10-19T21:13:52.617+0000][2107.149s][info ][safepoint     ] Total time for which application threads were stopped: 0.0007110 seconds, Stopping threads took: 0.0002976 seconds
[2023-10-19T21:13:53.618+0000][2108.149s][debug][safepoint     ] Safepoint synchronization initiated. (177 threads)
[2023-10-19T21:13:53.619+0000][2108.150s][info ][safepoint     ] Application time: 1.0014295 seconds
[2023-10-19T21:13:53.620+0000][2108.151s][info ][safepoint     ] Entering safepoint region: Cleanup
[2023-10-19T21:13:53.621+0000][2108.152s][info ][safepoint     ] Leaving safepoint region
[2023-10-19T21:13:53.621+0000][2108.153s][info ][safepoint     ] Total time for which application threads were stopped: 0.0019384 seconds, Stopping threads took: 0.0009133 seconds
[2023-10-19T21:13:54.622+0000][2109.154s][debug][safepoint     ] Safepoint synchronization initiated. (177 threads)
[2023-10-19T21:13:54.624+0000][2109.155s][info ][safepoint     ] Application time: 1.0014549 seconds
[2023-10-19T21:13:54.625+0000][2109.156s][info ][safepoint     ] Entering safepoint region: Cleanup
[2023-10-19T21:13:54.626+0000][2109.157s][info ][safepoint     ] Leaving safepoint region
[2023-10-19T21:13:54.626+0000][2109.158s][info ][safepoint     ] Total time for which application threads were stopped: 0.0019639 seconds, Stopping threads took: 0.0007265 seconds
[2023-10-19T21:13:55.627+0000][2110.159s][debug][safepoint     ] Safepoint synchronization initiated. (177 threads)
[2023-10-19T21:13:55.628+0000][2110.160s][info ][safepoint     ] Application time: 1.0008850 seconds
[2023-10-19T21:13:55.629+0000][2110.160s][info ][safepoint     ] Entering safepoint region: Cleanup
[2023-10-19T21:13:55.629+0000][2110.161s][info ][safepoint     ] Leaving safepoint region
[2023-10-19T21:13:55.630+0000][2110.161s][info ][safepoint     ] Total time for which application threads were stopped: 0.0011522 seconds, Stopping threads took: 0.0004748 seconds
[2023-10-19T21:13:56.630+0000][2111.162s][debug][safepoint     ] Safepoint synchronization initiated. (177 threads)
[2023-10-19T21:13:56.633+0000][2111.164s][info ][safepoint     ] Application time: 1.0026003 seconds
[2023-10-19T21:13:56.633+0000][2111.165s][info ][safepoint     ] Entering safepoint region: Cleanup
[2023-10-19T21:13:56.634+0000][2111.166s][info ][safepoint     ] Leaving safepoint region
[2023-10-19T21:13:56.634+0000][2111.166s][info ][safepoint     ] Total time for which application threads were stopped: 0.0009697 seconds, Stopping threads took: 0.0004389 seconds
[2023-10-19T21:13:57.635+0000][2112.167s][debug][safepoint     ] Safepoint synchronization initiated. (177 threads)
[2023-10-19T21:13:57.636+0000][2112.168s][info ][safepoint     ] Application time: 1.0006681 seconds
[2023-10-19T21:13:57.637+0000][2112.168s][info ][safepoint     ] Entering safepoint region: Cleanup
[2023-10-19T21:13:57.637+0000][2112.169s][info ][safepoint     ] Leaving safepoint region
[2023-10-19T21:13:57.637+0000][2112.169s][info ][safepoint     ] Total time for which application threads were stopped: 0.0009814 seconds, Stopping threads took: 0.0004269 seconds
[2023-10-19T21:13:58.638+0000][2113.170s][debug][safepoint     ] Safepoint synchronization initiated. (177 threads)
[2023-10-19T21:13:58.639+0000][2113.170s][info ][safepoint     ] Application time: 1.0006960 seconds
[2023-10-19T21:13:58.639+0000][2113.171s][info ][safepoint     ] Entering safepoint region: Cleanup
[2023-10-19T21:13:58.640+0000][2113.171s][info ][safepoint     ] Leaving safepoint region
[2023-10-19T21:13:58.640+0000][2113.171s][info ][safepoint     ] Total time for which application threads were stopped: 0.0008965 seconds, Stopping threads took: 0.0003905 seconds
[2023-10-19T21:13:59.640+0000][2114.172s][debug][safepoint     ] Safepoint synchronization initiated. (177 threads)
[2023-10-19T21:13:59.641+0000][2114.172s][info ][safepoint     ] Application time: 1.0005990 seconds
[2023-10-19T21:13:59.641+0000][2114.173s][info ][safepoint     ] Entering safepoint region: Cleanup
[2023-10-19T21:13:59.642+0000][2114.173s][info ][safepoint     ] Leaving safepoint region
[2023-10-19T21:13:59.642+0000][2114.174s][info ][safepoint     ] Total time for which application threads were stopped: 0.0007990 seconds, Stopping threads took: 0.0003547 seconds
[2023-10-19T21:14:00.642+0000][2115.174s][debug][safepoint     ] Safepoint synchronization initiated. (177 threads)
[2023-10-19T21:14:00.643+0000][2115.174s][info ][safepoint     ] Application time: 1.0007078 seconds
[2023-10-19T21:14:00.643+0000][2115.175s][info ][safepoint     ] Entering safepoint region: Cleanup
[2023-10-19T21:14:00.644+0000][2115.176s][info ][safepoint     ] Leaving safepoint region
[2023-10-19T21:14:00.645+0000][2115.176s][info ][safepoint     ] Total time for which application threads were stopped: 0.0011400 seconds, Stopping threads took: 0.0005005 seconds
[2023-10-19T21:14:01.645+0000][2116.177s][debug][safepoint     ] Safepoint synchronization initiated. (177 threads)
[2023-10-19T21:14:01.650+0000][2116.182s][info ][safepoint     ] Application time: 1.0052578 seconds
[2023-10-19T21:14:01.653+0000][2116.185s][info ][safepoint     ] Entering safepoint region: Cleanup
[2023-10-19T21:14:01.661+0000][2116.193s][info ][safepoint     ] Leaving safepoint region
[2023-10-19T21:14:01.668+0000][2116.200s][info ][safepoint     ] Total time for which application threads were stopped: 0.0148050 seconds, Stopping threads took: 0.0076528 seconds
[2023-10-19T21:14:02.678+0000][2117.210s][debug][safepoint     ] Safepoint synchronization initiated. (177 threads)
[2023-10-19T21:14:02.679+0000][2117.211s][info ][safepoint     ] Application time: 1.0014672 seconds
[2023-10-19T21:14:02.680+0000][2117.212s][info ][safepoint     ] Entering safepoint region: Cleanup
[2023-10-19T21:14:02.681+0000][2117.213s][info ][safepoint     ] Leaving safepoint region
[2023-10-19T21:14:02.681+0000][2117.213s][info ][safepoint     ] Total time for which application threads were stopped: 0.0016877 seconds, Stopping threads took: 0.0009173 seconds
[2023-10-19T21:14:03.682+0000][2118.214s][debug][safepoint     ] Safepoint synchronization initiated. (177 threads)
[2023-10-19T21:14:03.692+0000][2118.224s][info ][safepoint     ] Application time: 1.0101851 seconds
[2023-10-19T21:14:03.698+0000][2118.230s][info ][safepoint     ] Entering safepoint region: Cleanup
[2023-10-19T21:14:03.707+0000][2118.239s][info ][safepoint     ] Leaving safepoint region
[2023-10-19T21:14:03.714+0000][2118.246s][info ][safepoint     ] Total time for which application threads were stopped: 0.0161331 seconds, Stopping threads took: 0.0088442 seconds
[2023-10-19T21:14:04.722+0000][2119.254s][debug][safepoint     ] Safepoint synchronization initiated. (177 threads)
[2023-10-19T21:14:04.723+0000][2119.255s][info ][safepoint     ] Application time: 1.0010620 seconds
[2023-10-19T21:14:04.724+0000][2119.255s][info ][safepoint     ] Entering safepoint region: Cleanup
[2023-10-19T21:14:04.725+0000][2119.256s][info ][safepoint     ] Leaving safepoint region
[2023-10-19T21:14:04.725+0000][2119.257s][info ][safepoint     ] Total time for which application threads were stopped: 0.0013469 seconds, Stopping threads took: 0.0006300 seconds
[2023-10-19T21:14:05.726+0000][2120.257s][debug][safepoint     ] Safepoint synchronization initiated. (177 threads)
[2023-10-19T21:14:05.726+0000][2120.258s][info ][safepoint     ] Application time: 1.0006692 seconds
[2023-10-19T21:14:05.727+0000][2120.258s][info ][safepoint     ] Entering safepoint region: Cleanup
[2023-10-19T21:14:05.727+0000][2120.259s][info ][safepoint     ] Leaving safepoint region
[2023-10-19T21:14:05.727+0000][2120.259s][info ][safepoint     ] Total time for which application threads were stopped: 0.0010634 seconds, Stopping threads took: 0.0004845 seconds
[2023-10-19T21:14:06.728+0000][2121.260s][debug][safepoint     ] Safepoint synchronization initiated. (177 threads)
[2023-10-19T21:14:06.729+0000][2121.260s][info ][safepoint     ] Application time: 1.0009010 seconds
[2023-10-19T21:14:06.729+0000][2121.261s][info ][safepoint     ] Entering safepoint region: Cleanup
[2023-10-19T21:14:06.730+0000][2121.262s][info ][safepoint     ] Leaving safepoint region
[2023-10-19T21:14:06.731+0000][2121.262s][info ][safepoint     ] Total time for which application threads were stopped: 0.0012058 seconds, Stopping threads took: 0.0005895 seconds
[2023-10-19T21:14:07.731+0000][2122.263s][debug][safepoint     ] Safepoint synchronization initiated. (177 threads)
[2023-10-19T21:14:07.732+0000][2122.263s][info ][safepoint     ] Application time: 1.0007827 seconds
[2023-10-19T21:14:07.732+0000][2122.264s][info ][safepoint     ] Entering safepoint region: Cleanup
[2023-10-19T21:14:07.733+0000][2122.265s][info ][safepoint     ] Leaving safepoint region
[2023-10-19T21:14:07.734+0000][2122.265s][info ][safepoint     ] Total time for which application threads were stopped: 0.0012840 seconds, Stopping threads took: 0.0005663 seconds
[2023-10-19T21:14:08.734+0000][2123.266s][debug][safepoint     ] Safepoint synchronization initiated. (177 threads)
[2023-10-19T21:14:08.735+0000][2123.266s][info ][safepoint     ] Application time: 1.0007496 seconds
[2023-10-19T21:14:08.735+0000][2123.267s][info ][safepoint     ] Entering safepoint region: Cleanup
[2023-10-19T21:14:08.736+0000][2123.268s][info ][safepoint     ] Leaving safepoint region
[2023-10-19T21:14:08.737+0000][2123.268s][info ][safepoint     ] Total time for which application threads were stopped: 0.0012993 seconds, Stopping threads took: 0.0005712 seconds
[2023-10-19T21:14:09.738+0000][2124.269s][debug][safepoint     ] Safepoint synchronization initiated. (177 threads)
[2023-10-19T21:14:09.738+0000][2124.270s][info ][safepoint     ] Application time: 1.0008078 seconds
[2023-10-19T21:14:09.739+0000][2124.270s][info ][safepoint     ] Entering safepoint region: Cleanup
[2023-10-19T21:14:09.739+0000][2124.271s][info ][safepoint     ] Leaving safepoint region
[2023-10-19T21:14:09.739+0000][2124.271s][info ][safepoint     ] Total time for which application threads were stopped: 0.0009071 seconds, Stopping threads took: 0.0003661 seconds
[2023-10-19T21:14:10.740+0000][2125.272s][debug][safepoint     ] Safepoint synchronization initiated. (177 threads)
[2023-10-19T21:14:10.740+0000][2125.272s][info ][safepoint     ] Application time: 1.0004708 seconds
[2023-10-19T21:14:10.741+0000][2125.272s][info ][safepoint     ] Entering safepoint region: Cleanup
[2023-10-19T21:14:10.741+0000][2125.273s][info ][safepoint     ] Leaving safepoint region
[2023-10-19T21:14:10.741+0000][2125.273s][info ][safepoint     ] Total time for which application threads were stopped: 0.0007947 seconds, Stopping threads took: 0.0003014 seconds
[2023-10-19T21:14:11.742+0000][2126.274s][debug][safepoint     ] Safepoint synchronization initiated. (177 threads)
[2023-10-19T21:14:11.743+0000][2126.275s][info ][safepoint     ] Application time: 1.0015403 seconds
[2023-10-19T21:14:11.744+0000][2126.276s][info ][safepoint     ] Entering safepoint region: Cleanup
[2023-10-19T21:14:11.745+0000][2126.277s][info ][safepoint     ] Leaving safepoint region
[2023-10-19T21:14:11.746+0000][2126.278s][info ][safepoint     ] Total time for which application threads were stopped: 0.0018177 seconds, Stopping threads took: 0.0007703 seconds
[2023-10-19T21:14:12.747+0000][2127.279s][debug][safepoint     ] Safepoint synchronization initiated. (177 threads)
[2023-10-19T21:14:12.748+0000][2127.280s][info ][safepoint     ] Application time: 1.0012924 seconds
[2023-10-19T21:14:12.749+0000][2127.281s][info ][safepoint     ] Entering safepoint region: Cleanup
[2023-10-19T21:14:12.750+0000][2127.282s][info ][safepoint     ] Leaving safepoint region
[2023-10-19T21:14:12.751+0000][2127.283s][info ][safepoint     ] Total time for which application threads were stopped: 0.0020554 seconds, Stopping threads took: 0.0009048 seconds
[2023-10-19T21:14:13.752+0000][2128.284s][debug][safepoint     ] Safepoint synchronization initiated. (177 threads)
[2023-10-19T21:14:13.753+0000][2128.285s][info ][safepoint     ] Application time: 1.0014828 seconds
[2023-10-19T21:14:13.754+0000][2128.286s][info ][safepoint     ] Entering safepoint region: Cleanup
[2023-10-19T21:14:13.756+0000][2128.287s][info ][safepoint     ] Leaving safepoint region
[2023-10-19T21:14:13.756+0000][2128.288s][info ][safepoint     ] Total time for which application threads were stopped: 0.0019449 seconds, Stopping threads took: 0.0010855 seconds
[2023-10-19T21:14:14.757+0000][2129.289s][debug][safepoint     ] Safepoint synchronization initiated. (177 threads)
[2023-10-19T21:14:14.758+0000][2129.290s][info ][safepoint     ] Application time: 1.0012019 seconds
[2023-10-19T21:14:14.759+0000][2129.290s][info ][safepoint     ] Entering safepoint region: Cleanup
[2023-10-19T21:14:14.760+0000][2129.291s][info ][safepoint     ] Leaving safepoint region
[2023-10-19T21:14:14.761+0000][2129.292s][info ][safepoint     ] Total time for which application threads were stopped: 0.0017408 seconds, Stopping threads took: 0.0007664 seconds
[2023-10-19T21:14:15.761+0000][2130.293s][debug][safepoint     ] Safepoint synchronization initiated. (177 threads)
[2023-10-19T21:14:15.762+0000][2130.293s][info ][safepoint     ] Application time: 1.0006585 seconds
[2023-10-19T21:14:15.762+0000][2130.294s][info ][safepoint     ] Entering safepoint region: Cleanup
[2023-10-19T21:14:15.763+0000][2130.295s][info ][safepoint     ] Leaving safepoint region
[2023-10-19T21:14:15.763+0000][2130.295s][info ][safepoint     ] Total time for which application threads were stopped: 0.0010692 seconds, Stopping threads took: 0.0004641 seconds
[2023-10-19T21:14:16.764+0000][2131.296s][debug][safepoint     ] Safepoint synchronization initiated. (177 threads)
[2023-10-19T21:14:16.765+0000][2131.296s][info ][safepoint     ] Application time: 1.0007958 seconds
[2023-10-19T21:14:16.765+0000][2131.297s][info ][safepoint     ] Entering safepoint region: Cleanup
[2023-10-19T21:14:16.766+0000][2131.298s][info ][safepoint     ] Leaving safepoint region
[2023-10-19T21:14:16.766+0000][2131.298s][info ][safepoint     ] Total time for which application threads were stopped: 0.0011009 seconds, Stopping threads took: 0.0005001 seconds
[2023-10-19T21:14:17.767+0000][2132.299s][debug][safepoint     ] Safepoint synchronization initiated. (177 threads)
[2023-10-19T21:14:17.767+0000][2132.299s][info ][safepoint     ] Application time: 1.0007144 seconds
[2023-10-19T21:14:17.768+0000][2132.299s][info ][safepoint     ] Entering safepoint region: Cleanup
[2023-10-19T21:14:17.768+0000][2132.300s][info ][safepoint     ] Leaving safepoint region
[2023-10-19T21:14:17.769+0000][2132.300s][info ][safepoint     ] Total time for which application threads were stopped: 0.0010025 seconds, Stopping threads took: 0.0003954 seconds
[2023-10-19T21:14:18.769+0000][2133.301s][debug][safepoint     ] Safepoint synchronization initiated. (177 threads)
[2023-10-19T21:14:18.771+0000][2133.302s][info ][safepoint     ] Application time: 1.0015311 seconds
[2023-10-19T21:14:18.772+0000][2133.303s][info ][safepoint     ] Entering safepoint region: Cleanup
[2023-10-19T21:14:18.773+0000][2133.305s][info ][safepoint     ] Leaving safepoint region
[2023-10-19T21:14:18.774+0000][2133.306s][info ][safepoint     ] Total time for which application threads were stopped: 0.0022268 seconds, Stopping threads took: 0.0011075 seconds
[2023-10-19T21:14:19.775+0000][2134.306s][debug][safepoint     ] Safepoint synchronization initiated. (177 threads)
[2023-10-19T21:14:19.775+0000][2134.307s][info ][safepoint     ] Application time: 1.0008180 seconds
[2023-10-19T21:14:19.776+0000][2134.308s][info ][safepoint     ] Entering safepoint region: Cleanup
[2023-10-19T21:14:19.777+0000][2134.309s][info ][safepoint     ] Leaving safepoint region
[2023-10-19T21:14:19.778+0000][2134.309s][info ][safepoint     ] Total time for which application threads were stopped: 0.0014258 seconds, Stopping threads took: 0.0006778 seconds
[2023-10-19T21:14:20.778+0000][2135.310s][debug][safepoint     ] Safepoint synchronization initiated. (177 threads)
[2023-10-19T21:14:20.779+0000][2135.311s][info ][safepoint     ] Application time: 1.0012922 seconds
[2023-10-19T21:14:20.780+0000][2135.312s][info ][safepoint     ] Entering safepoint region: Cleanup
[2023-10-19T21:14:20.781+0000][2135.313s][info ][safepoint     ] Leaving safepoint region
[2023-10-19T21:14:20.782+0000][2135.314s][info ][safepoint     ] Total time for which application threads were stopped: 0.0018537 seconds, Stopping threads took: 0.0009032 seconds
[2023-10-19T21:14:21.783+0000][2136.314s][debug][safepoint     ] Safepoint synchronization initiated. (177 threads)
[2023-10-19T21:14:21.784+0000][2136.315s][info ][safepoint     ] Application time: 1.0011928 seconds
[2023-10-19T21:14:21.785+0000][2136.316s][info ][safepoint     ] Entering safepoint region: Cleanup
[2023-10-19T21:14:21.786+0000][2136.317s][info ][safepoint     ] Leaving safepoint region
[2023-10-19T21:14:21.786+0000][2136.318s][info ][safepoint     ] Total time for which application threads were stopped: 0.0017745 seconds, Stopping threads took: 0.0006013 seconds
[2023-10-19T21:14:22.787+0000][2137.319s][debug][safepoint     ] Safepoint synchronization initiated. (177 threads)
[2023-10-19T21:14:22.788+0000][2137.319s][info ][safepoint     ] Application time: 1.0006898 seconds
[2023-10-19T21:14:22.788+0000][2137.320s][info ][safepoint     ] Entering safepoint region: Cleanup
[2023-10-19T21:14:22.789+0000][2137.321s][info ][safepoint     ] Leaving safepoint region
[2023-10-19T21:14:22.790+0000][2137.321s][info ][safepoint     ] Total time for which application threads were stopped: 0.0012934 seconds, Stopping threads took: 0.0005875 seconds
[2023-10-19T21:14:23.790+0000][2138.322s][debug][safepoint     ] Safepoint synchronization initiated. (177 threads)
[2023-10-19T21:14:23.790+0000][2138.322s][info ][safepoint     ] Application time: 1.0005660 seconds
[2023-10-19T21:14:23.791+0000][2138.323s][info ][safepoint     ] Entering safepoint region: Cleanup
[2023-10-19T21:14:23.791+0000][2138.323s][info ][safepoint     ] Leaving safepoint region
[2023-10-19T21:14:23.792+0000][2138.323s][info ][safepoint     ] Total time for which application threads were stopped: 0.0010242 seconds, Stopping threads took: 0.0003991 seconds
[2023-10-19T21:14:24.792+0000][2139.324s][debug][safepoint     ] Safepoint synchronization initiated. (177 threads)
[2023-10-19T21:14:24.794+0000][2139.325s][info ][safepoint     ] Application time: 1.0013802 seconds
[2023-10-19T21:14:24.794+0000][2139.326s][info ][safepoint     ] Entering safepoint region: Cleanup
[2023-10-19T21:14:24.795+0000][2139.326s][info ][safepoint     ] Leaving safepoint region
[2023-10-19T21:14:24.795+0000][2139.327s][info ][safepoint     ] Total time for which application threads were stopped: 0.0011341 seconds, Stopping threads took: 0.0004641 seconds
[2023-10-19T21:14:25.796+0000][2140.328s][debug][safepoint     ] Safepoint synchronization initiated. (177 threads)
[2023-10-19T21:14:25.796+0000][2140.328s][info ][safepoint     ] Application time: 1.0007861 seconds
[2023-10-19T21:14:25.797+0000][2140.329s][info ][safepoint     ] Entering safepoint region: Cleanup
[2023-10-19T21:14:25.798+0000][2140.329s][info ][safepoint     ] Leaving safepoint region
[2023-10-19T21:14:25.798+0000][2140.330s][info ][safepoint     ] Total time for which application threads were stopped: 0.0011668 seconds, Stopping threads took: 0.0005609 seconds
[2023-10-19T21:14:26.799+0000][2141.330s][debug][safepoint     ] Safepoint synchronization initiated. (177 threads)
[2023-10-19T21:14:26.799+0000][2141.331s][info ][safepoint     ] Application time: 1.0005583 seconds
[2023-10-19T21:14:26.800+0000][2141.331s][info ][safepoint     ] Entering safepoint region: Cleanup
[2023-10-19T21:14:26.800+0000][2141.332s][info ][safepoint     ] Leaving safepoint region
[2023-10-19T21:14:26.800+0000][2141.332s][info ][safepoint     ] Total time for which application threads were stopped: 0.0007619 seconds, Stopping threads took: 0.0003384 seconds
[2023-10-19T21:14:27.801+0000][2142.332s][debug][safepoint     ] Safepoint synchronization initiated. (177 threads)
[2023-10-19T21:14:27.802+0000][2142.334s][info ][safepoint     ] Application time: 1.0014658 seconds
[2023-10-19T21:14:27.803+0000][2142.335s][debug][safepoint     ] ... found polling page return exception at pc = 0x00007fbdb0a9d3f6, stub =0x00007fbda8840600
[2023-10-19T21:14:27.803+0000][2142.335s][debug][safepoint     ] ... found polling page return exception at pc = 0x00007fbdb0b4fbc4, stub =0x00007fbda8840600
[2023-10-19T21:14:27.803+0000][2142.335s][debug][safepoint     ] ... found polling page return exception at pc = 0x00007fbdb096b01c, stub =0x00007fbda8840600
[2023-10-19T21:14:27.805+0000][2142.337s][debug][safepoint     ] Waiting for 3 thread(s) to block
[2023-10-19T21:14:27.807+0000][2142.338s][info ][safepoint     ] Entering safepoint region: Cleanup
[2023-10-19T21:14:27.808+0000][2142.339s][info ][safepoint     ] Leaving safepoint region
[2023-10-19T21:14:27.808+0000][2142.340s][info ][safepoint     ] Total time for which application threads were stopped: 0.0054521 seconds, Stopping threads took: 0.0045225 seconds
[2023-10-19T21:14:28.809+0000][2143.341s][debug][safepoint     ] Safepoint synchronization initiated. (177 threads)
[2023-10-19T21:14:28.811+0000][2143.342s][info ][safepoint     ] Application time: 1.0015264 seconds
[2023-10-19T21:14:28.812+0000][2143.343s][info ][safepoint     ] Entering safepoint region: Cleanup
[2023-10-19T21:14:28.813+0000][2143.345s][info ][safepoint     ] Leaving safepoint region
[2023-10-19T21:14:28.814+0000][2143.346s][info ][safepoint     ] Total time for which application threads were stopped: 0.0026155 seconds, Stopping threads took: 0.0011827 seconds
[2023-10-19T21:14:29.815+0000][2144.347s][debug][safepoint     ] Safepoint synchronization initiated. (177 threads)
[2023-10-19T21:14:29.816+0000][2144.347s][info ][safepoint     ] Application time: 1.0006057 seconds
[2023-10-19T21:14:29.816+0000][2144.348s][info ][safepoint     ] Entering safepoint region: Cleanup
[2023-10-19T21:14:29.817+0000][2144.348s][info ][safepoint     ] Leaving safepoint region
[2023-10-19T21:14:29.817+0000][2144.349s][info ][safepoint     ] Total time for which application threads were stopped: 0.0010172 seconds, Stopping threads took: 0.0004502 seconds
[2023-10-19T21:14:30.817+0000][2145.349s][debug][safepoint     ] Safepoint synchronization initiated. (177 threads)
[2023-10-19T21:14:30.818+0000][2145.350s][info ][safepoint     ] Application time: 1.0006060 seconds
[2023-10-19T21:14:30.818+0000][2145.350s][info ][safepoint     ] Entering safepoint region: Cleanup
[2023-10-19T21:14:30.819+0000][2145.351s][info ][safepoint     ] Leaving safepoint region
[2023-10-19T21:14:30.819+0000][2145.351s][info ][safepoint     ] Total time for which application threads were stopped: 0.0007852 seconds, Stopping threads took: 0.0003140 seconds
[2023-10-19T21:14:31.820+0000][2146.351s][debug][safepoint     ] Safepoint synchronization initiated. (177 threads)
[2023-10-19T21:14:31.821+0000][2146.352s][info ][safepoint     ] Application time: 1.0010662 seconds
[2023-10-19T21:14:31.821+0000][2146.353s][info ][safepoint     ] Entering safepoint region: Cleanup
[2023-10-19T21:14:31.822+0000][2146.354s][info ][safepoint     ] Leaving safepoint region
[2023-10-19T21:14:31.823+0000][2146.354s][info ][safepoint     ] Total time for which application threads were stopped: 0.0014632 seconds, Stopping threads took: 0.0006350 seconds
[2023-10-19T21:14:32.824+0000][2147.355s][debug][safepoint     ] Safepoint synchronization initiated. (177 threads)
[2023-10-19T21:14:32.824+0000][2147.356s][info ][safepoint     ] Application time: 1.0006596 seconds
[2023-10-19T21:14:32.824+0000][2147.356s][info ][safepoint     ] Entering safepoint region: Cleanup
[2023-10-19T21:14:32.825+0000][2147.357s][info ][safepoint     ] Leaving safepoint region
[2023-10-19T21:14:32.825+0000][2147.357s][info ][safepoint     ] Total time for which application threads were stopped: 0.0008212 seconds, Stopping threads took: 0.0003424 seconds
[2023-10-19T21:14:33.826+0000][2148.357s][debug][safepoint     ] Safepoint synchronization initiated. (177 threads)
[2023-10-19T21:14:33.827+0000][2148.358s][info ][safepoint     ] Application time: 1.0013132 seconds
[2023-10-19T21:14:33.828+0000][2148.359s][info ][safepoint     ] Entering safepoint region: Cleanup
[2023-10-19T21:14:33.829+0000][2148.361s][info ][safepoint     ] Leaving safepoint region
[2023-10-19T21:14:33.830+0000][2148.361s][info ][safepoint     ] Total time for which application threads were stopped: 0.0019360 seconds, Stopping threads took: 0.0008223 seconds
[2023-10-19T21:14:34.831+0000][2149.362s][debug][safepoint     ] Safepoint synchronization initiated. (177 threads)
[2023-10-19T21:14:34.831+0000][2149.363s][info ][safepoint     ] Application time: 1.0008659 seconds
[2023-10-19T21:14:34.832+0000][2149.363s][info ][safepoint     ] Entering safepoint region: Cleanup
[2023-10-19T21:14:34.832+0000][2149.364s][info ][safepoint     ] Leaving safepoint region
[2023-10-19T21:14:34.833+0000][2149.365s][info ][safepoint     ] Total time for which application threads were stopped: 0.0011529 seconds, Stopping threads took: 0.0005488 seconds
[2023-10-19T21:14:35.833+0000][2150.365s][debug][safepoint     ] Safepoint synchronization initiated. (177 threads)
[2023-10-19T21:14:35.834+0000][2150.366s][info ][safepoint     ] Application time: 1.0006908 seconds
[2023-10-19T21:14:35.835+0000][2150.366s][info ][safepoint     ] Entering safepoint region: Cleanup
[2023-10-19T21:14:35.835+0000][2150.367s][info ][safepoint     ] Leaving safepoint region
[2023-10-19T21:14:35.836+0000][2150.367s][info ][safepoint     ] Total time for which application threads were stopped: 0.0012071 seconds, Stopping threads took: 0.0005824 seconds
[2023-10-19T21:14:36.836+0000][2151.368s][debug][safepoint     ] Safepoint synchronization initiated. (177 threads)
[2023-10-19T21:14:36.837+0000][2151.369s][info ][safepoint     ] Application time: 1.0013915 seconds
[2023-10-19T21:14:36.838+0000][2151.370s][info ][safepoint     ] Entering safepoint region: Cleanup
[2023-10-19T21:14:36.839+0000][2151.371s][info ][safepoint     ] Leaving safepoint region
[2023-10-19T21:14:36.840+0000][2151.372s][info ][safepoint     ] Total time for which application threads were stopped: 0.0016303 seconds, Stopping threads took: 0.0007074 seconds
[2023-10-19T21:14:37.840+0000][2152.372s][debug][safepoint     ] Safepoint synchronization initiated. (177 threads)
[2023-10-19T21:14:37.857+0000][2152.388s][info ][safepoint     ] Application time: 1.0164328 seconds
[2023-10-19T21:14:37.869+0000][2152.400s][info ][safepoint     ] Entering safepoint region: Cleanup
[2023-10-19T21:14:37.869+0000][2152.401s][info ][safepoint     ] Leaving safepoint region
[2023-10-19T21:14:37.873+0000][2152.405s][info ][safepoint     ] Total time for which application threads were stopped: 0.0043774 seconds, Stopping threads took: 0.0005208 seconds
[2023-10-19T21:14:38.874+0000][2153.406s][debug][safepoint     ] Safepoint synchronization initiated. (177 threads)
[2023-10-19T21:14:38.875+0000][2153.407s][info ][safepoint     ] Application time: 1.0009091 seconds
[2023-10-19T21:14:38.876+0000][2153.408s][info ][safepoint     ] Entering safepoint region: Cleanup
[2023-10-19T21:14:38.876+0000][2153.408s][info ][safepoint     ] Leaving safepoint region
[2023-10-19T21:14:38.877+0000][2153.409s][info ][safepoint     ] Total time for which application threads were stopped: 0.0012188 seconds, Stopping threads took: 0.0004443 seconds
[2023-10-19T21:14:39.878+0000][2154.409s][debug][safepoint     ] Safepoint synchronization initiated. (177 threads)
[2023-10-19T21:14:39.879+0000][2154.411s][info ][safepoint     ] Application time: 1.0016487 seconds
[2023-10-19T21:14:39.880+0000][2154.412s][info ][safepoint     ] Entering safepoint region: Cleanup
[2023-10-19T21:14:39.881+0000][2154.413s][info ][safepoint     ] Leaving safepoint region
[2023-10-19T21:14:39.882+0000][2154.414s][info ][safepoint     ] Total time for which application threads were stopped: 0.0021873 seconds, Stopping threads took: 0.0009960 seconds
[2023-10-19T21:14:40.883+0000][2155.415s][debug][safepoint     ] Safepoint synchronization initiated. (177 threads)
[2023-10-19T21:14:40.884+0000][2155.416s][info ][safepoint     ] Application time: 1.0008778 seconds
[2023-10-19T21:14:40.884+0000][2155.416s][info ][safepoint     ] Entering safepoint region: Cleanup
[2023-10-19T21:14:40.885+0000][2155.417s][info ][safepoint     ] Leaving safepoint region
[2023-10-19T21:14:40.886+0000][2155.418s][info ][safepoint     ] Total time for which application threads were stopped: 0.0014021 seconds, Stopping threads took: 0.0005822 seconds
[2023-10-19T21:14:41.887+0000][2156.418s][debug][safepoint     ] Safepoint synchronization initiated. (177 threads)
[2023-10-19T21:14:41.888+0000][2156.419s][info ][safepoint     ] Application time: 1.0013077 seconds
[2023-10-19T21:14:41.888+0000][2156.420s][info ][safepoint     ] Entering safepoint region: Cleanup
[2023-10-19T21:14:41.889+0000][2156.421s][info ][safepoint     ] Leaving safepoint region
[2023-10-19T21:14:41.890+0000][2156.422s][info ][safepoint     ] Total time for which application threads were stopped: 0.0016506 seconds, Stopping threads took: 0.0006561 seconds
[2023-10-19T21:14:42.891+0000][2157.423s][debug][safepoint     ] Safepoint synchronization initiated. (177 threads)
[2023-10-19T21:14:42.892+0000][2157.423s][info ][safepoint     ] Application time: 1.0009765 seconds
[2023-10-19T21:14:42.892+0000][2157.424s][info ][safepoint     ] Entering safepoint region: Cleanup
[2023-10-19T21:14:42.893+0000][2157.425s][info ][safepoint     ] Leaving safepoint region
[2023-10-19T21:14:42.893+0000][2157.425s][info ][safepoint     ] Total time for which application threads were stopped: 0.0012299 seconds, Stopping threads took: 0.0005427 seconds
[2023-10-19T21:14:43.894+0000][2158.426s][debug][safepoint     ] Safepoint synchronization initiated. (177 threads)
[2023-10-19T21:14:43.896+0000][2158.427s][info ][safepoint     ] Application time: 1.0016247 seconds
[2023-10-19T21:14:43.897+0000][2158.428s][info ][safepoint     ] Entering safepoint region: Cleanup
[2023-10-19T21:14:43.898+0000][2158.430s][info ][safepoint     ] Leaving safepoint region
[2023-10-19T21:14:43.899+0000][2158.430s][info ][safepoint     ] Total time for which application threads were stopped: 0.0021538 seconds, Stopping threads took: 0.0009676 seconds
[2023-10-19T21:14:44.900+0000][2159.431s][debug][safepoint     ] Safepoint synchronization initiated. (177 threads)
[2023-10-19T21:14:44.901+0000][2159.432s][info ][safepoint     ] Application time: 1.0012974 seconds
[2023-10-19T21:14:44.902+0000][2159.433s][info ][safepoint     ] Entering safepoint region: Cleanup
[2023-10-19T21:14:44.903+0000][2159.434s][info ][safepoint     ] Leaving safepoint region
[2023-10-19T21:14:44.903+0000][2159.435s][info ][safepoint     ] Total time for which application threads were stopped: 0.0017376 seconds, Stopping threads took: 0.0008717 seconds
[2023-10-19T21:14:45.904+0000][2160.436s][debug][safepoint     ] Safepoint synchronization initiated. (177 threads)
[2023-10-19T21:14:45.905+0000][2160.437s][info ][safepoint     ] Application time: 1.0012569 seconds
[2023-10-19T21:14:45.906+0000][2160.438s][info ][safepoint     ] Entering safepoint region: Cleanup
[2023-10-19T21:14:45.907+0000][2160.439s][info ][safepoint     ] Leaving safepoint region
[2023-10-19T21:14:45.908+0000][2160.439s][info ][safepoint     ] Total time for which application threads were stopped: 0.0015145 seconds, Stopping threads took: 0.0007140 seconds
[2023-10-19T21:14:46.909+0000][2161.440s][debug][safepoint     ] Safepoint synchronization initiated. (177 threads)
[2023-10-19T21:14:46.910+0000][2161.441s][info ][safepoint     ] Application time: 1.0014388 seconds
[2023-10-19T21:14:46.911+0000][2161.442s][info ][safepoint     ] Entering safepoint region: Cleanup
[2023-10-19T21:14:46.912+0000][2161.444s][info ][safepoint     ] Leaving safepoint region
[2023-10-19T21:14:46.913+0000][2161.445s][info ][safepoint     ] Total time for which application threads were stopped: 0.0024072 seconds, Stopping threads took: 0.0010792 seconds
[2023-10-19T21:14:47.914+0000][2162.446s][debug][safepoint     ] Safepoint synchronization initiated. (177 threads)
[2023-10-19T21:14:47.915+0000][2162.447s][info ][safepoint     ] Application time: 1.0013526 seconds
[2023-10-19T21:14:47.916+0000][2162.448s][info ][safepoint     ] Entering safepoint region: Cleanup
[2023-10-19T21:14:47.917+0000][2162.449s][info ][safepoint     ] Leaving safepoint region
[2023-10-19T21:14:47.917+0000][2162.449s][info ][safepoint     ] Total time for which application threads were stopped: 0.0012752 seconds, Stopping threads took: 0.0006164 seconds
[2023-10-19T21:14:48.918+0000][2163.450s][debug][safepoint     ] Safepoint synchronization initiated. (177 threads)
[2023-10-19T21:14:48.919+0000][2163.450s][info ][safepoint     ] Application time: 1.0010140 seconds
[2023-10-19T21:14:48.920+0000][2163.451s][info ][safepoint     ] Entering safepoint region: Cleanup
[2023-10-19T21:14:48.921+0000][2163.452s][info ][safepoint     ] Leaving safepoint region
[2023-10-19T21:14:48.921+0000][2163.453s][info ][safepoint     ] Total time for which application threads were stopped: 0.0018028 seconds, Stopping threads took: 0.0009100 seconds
[2023-10-19T21:14:49.922+0000][2164.454s][debug][safepoint     ] Safepoint synchronization initiated. (177 threads)
[2023-10-19T21:14:49.923+0000][2164.455s][info ][safepoint     ] Application time: 1.0014534 seconds
[2023-10-19T21:14:49.925+0000][2164.456s][info ][safepoint     ] Entering safepoint region: Cleanup
[2023-10-19T21:14:49.926+0000][2164.458s][info ][safepoint     ] Leaving safepoint region
[2023-10-19T21:14:49.927+0000][2164.459s][info ][safepoint     ] Total time for which application threads were stopped: 0.0023815 seconds, Stopping threads took: 0.0010528 seconds
[2023-10-19T21:14:50.928+0000][2165.460s][debug][safepoint     ] Safepoint synchronization initiated. (177 threads)
[2023-10-19T21:14:50.929+0000][2165.461s][info ][safepoint     ] Application time: 1.0014149 seconds
[2023-10-19T21:14:50.930+0000][2165.462s][info ][safepoint     ] Entering safepoint region: Cleanup
[2023-10-19T21:14:50.931+0000][2165.463s][info ][safepoint     ] Leaving safepoint region
[2023-10-19T21:14:50.932+0000][2165.464s][info ][safepoint     ] Total time for which application threads were stopped: 0.0023837 seconds, Stopping threads took: 0.0010183 seconds
[2023-10-19T21:14:51.934+0000][2166.465s][debug][safepoint     ] Safepoint synchronization initiated. (177 threads)
[2023-10-19T21:14:51.935+0000][2166.467s][info ][safepoint     ] Application time: 1.0015268 seconds
[2023-10-19T21:14:51.936+0000][2166.468s][info ][safepoint     ] Entering safepoint region: Cleanup
[2023-10-19T21:14:51.937+0000][2166.469s][info ][safepoint     ] Leaving safepoint region
[2023-10-19T21:14:51.938+0000][2166.470s][info ][safepoint     ] Total time for which application threads were stopped: 0.0020356 seconds, Stopping threads took: 0.0008203 seconds
[2023-10-19T21:14:52.939+0000][2167.471s][debug][safepoint     ] Safepoint synchronization initiated. (177 threads)
[2023-10-19T21:14:52.939+0000][2167.471s][info ][safepoint     ] Application time: 1.0007098 seconds
[2023-10-19T21:14:52.940+0000][2167.472s][info ][safepoint     ] Entering safepoint region: Cleanup
[2023-10-19T21:14:52.941+0000][2167.472s][info ][safepoint     ] Leaving safepoint region
[2023-10-19T21:14:52.941+0000][2167.473s][info ][safepoint     ] Total time for which application threads were stopped: 0.0009056 seconds, Stopping threads took: 0.0003813 seconds
[2023-10-19T21:14:53.941+0000][2168.473s][debug][safepoint     ] Safepoint synchronization initiated. (177 threads)
[2023-10-19T21:14:53.942+0000][2168.474s][info ][safepoint     ] Application time: 1.0012877 seconds
[2023-10-19T21:14:53.943+0000][2168.475s][info ][safepoint     ] Entering safepoint region: Cleanup
[2023-10-19T21:14:53.945+0000][2168.477s][info ][safepoint     ] Leaving safepoint region
[2023-10-19T21:14:53.946+0000][2168.477s][info ][safepoint     ] Total time for which application threads were stopped: 0.0023939 seconds, Stopping threads took: 0.0010657 seconds
[2023-10-19T21:14:54.947+0000][2169.479s][debug][safepoint     ] Safepoint synchronization initiated. (177 threads)
[2023-10-19T21:14:54.948+0000][2169.480s][info ][safepoint     ] Application time: 1.0014473 seconds
[2023-10-19T21:14:54.949+0000][2169.481s][info ][safepoint     ] Entering safepoint region: Cleanup
[2023-10-19T21:14:54.951+0000][2169.482s][info ][safepoint     ] Leaving safepoint region
[2023-10-19T21:14:54.951+0000][2169.483s][info ][safepoint     ] Total time for which application threads were stopped: 0.0023188 seconds, Stopping threads took: 0.0010177 seconds
[2023-10-19T21:14:55.952+0000][2170.484s][debug][safepoint     ] Safepoint synchronization initiated. (177 threads)
[2023-10-19T21:14:55.955+0000][2170.486s][info ][safepoint     ] Application time: 1.0023272 seconds
[2023-10-19T21:14:55.960+0000][2170.491s][info ][safepoint     ] Entering safepoint region: Cleanup
[2023-10-19T21:14:55.965+0000][2170.496s][info ][safepoint     ] Leaving safepoint region
[2023-10-19T21:14:55.965+0000][2170.497s][info ][safepoint     ] Total time for which application threads were stopped: 0.0057553 seconds, Stopping threads took: 0.0048674 seconds
[2023-10-19T21:14:56.968+0000][2171.500s][debug][safepoint     ] Safepoint synchronization initiated. (177 threads)
[2023-10-19T21:14:56.969+0000][2171.501s][info ][safepoint     ] Application time: 1.0012379 seconds
[2023-10-19T21:14:56.970+0000][2171.501s][info ][safepoint     ] Entering safepoint region: Cleanup
[2023-10-19T21:14:56.971+0000][2171.502s][info ][safepoint     ] Leaving safepoint region
[2023-10-19T21:14:56.971+0000][2171.503s][info ][safepoint     ] Total time for which application threads were stopped: 0.0014410 seconds, Stopping threads took: 0.0006298 seconds
[2023-10-19T21:14:57.570+0000][2172.102s][debug][safepoint     ] Safepoint synchronization initiated. (177 threads)
[2023-10-19T21:14:57.571+0000][2172.103s][info ][safepoint     ] Application time: 0.5993094 seconds
[2023-10-19T21:14:57.572+0000][2172.103s][info ][safepoint     ] Entering safepoint region: Deoptimize
[2023-10-19T21:14:57.621+0000][2172.153s][info ][safepoint     ] Leaving safepoint region
[2023-10-19T21:14:57.622+0000][2172.154s][info ][safepoint     ] Total time for which application threads were stopped: 0.0504014 seconds, Stopping threads took: 0.0005696 seconds
[2023-10-19T21:14:58.623+0000][2173.155s][debug][safepoint     ] Safepoint synchronization initiated. (177 threads)
[2023-10-19T21:14:58.624+0000][2173.156s][info ][safepoint     ] Application time: 1.0013509 seconds
[2023-10-19T21:14:58.625+0000][2173.157s][info ][safepoint     ] Entering safepoint region: Cleanup
[2023-10-19T21:14:58.626+0000][2173.158s][info ][safepoint     ] Leaving safepoint region
[2023-10-19T21:14:58.627+0000][2173.158s][info ][safepoint     ] Total time for which application threads were stopped: 0.0018944 seconds, Stopping threads took: 0.0009044 seconds
[2023-10-19T21:14:59.628+0000][2174.160s][debug][safepoint     ] Safepoint synchronization initiated. (177 threads)
[2023-10-19T21:14:59.629+0000][2174.160s][info ][safepoint     ] Application time: 1.0009975 seconds
[2023-10-19T21:14:59.629+0000][2174.161s][info ][safepoint     ] Entering safepoint region: Cleanup
[2023-10-19T21:14:59.630+0000][2174.162s][info ][safepoint     ] Leaving safepoint region
[2023-10-19T21:14:59.631+0000][2174.162s][info ][safepoint     ] Total time for which application threads were stopped: 0.0013320 seconds, Stopping threads took: 0.0005141 seconds
[2023-10-19T21:15:00.631+0000][2175.163s][debug][safepoint     ] Safepoint synchronization initiated. (177 threads)
[2023-10-19T21:15:00.632+0000][2175.164s][info ][safepoint     ] Application time: 1.0014370 seconds
[2023-10-19T21:15:00.633+0000][2175.165s][info ][safepoint     ] Entering safepoint region: Cleanup
[2023-10-19T21:15:00.635+0000][2175.166s][info ][safepoint     ] Leaving safepoint region
[2023-10-19T21:15:00.636+0000][2175.167s][info ][safepoint     ] Total time for which application threads were stopped: 0.0022303 seconds, Stopping threads took: 0.0008750 seconds
[2023-10-19T21:15:01.637+0000][2176.168s][debug][safepoint     ] Safepoint synchronization initiated. (177 threads)
[2023-10-19T21:15:01.637+0000][2176.169s][info ][safepoint     ] Application time: 1.0009727 seconds
[2023-10-19T21:15:01.638+0000][2176.170s][info ][safepoint     ] Entering safepoint region: Cleanup
[2023-10-19T21:15:01.639+0000][2176.170s][info ][safepoint     ] Leaving safepoint region
[2023-10-19T21:15:01.639+0000][2176.171s][info ][safepoint     ] Total time for which application threads were stopped: 0.0012244 seconds, Stopping threads took: 0.0005569 seconds
[2023-10-19T21:15:02.640+0000][2177.171s][debug][safepoint     ] Safepoint synchronization initiated. (177 threads)
[2023-10-19T21:15:02.641+0000][2177.172s][info ][safepoint     ] Application time: 1.0011628 seconds
[2023-10-19T21:15:02.642+0000][2177.173s][info ][safepoint     ] Entering safepoint region: Cleanup
[2023-10-19T21:15:02.643+0000][2177.174s][info ][safepoint     ] Leaving safepoint region
[2023-10-19T21:15:02.643+0000][2177.175s][info ][safepoint     ] Total time for which application threads were stopped: 0.0017062 seconds, Stopping threads took: 0.0007636 seconds
[2023-10-19T21:15:03.644+0000][2178.176s][debug][safepoint     ] Safepoint synchronization initiated. (177 threads)
[2023-10-19T21:15:03.645+0000][2178.176s][info ][safepoint     ] Application time: 1.0007139 seconds
[2023-10-19T21:15:03.645+0000][2178.177s][info ][safepoint     ] Entering safepoint region: Cleanup
[2023-10-19T21:15:03.646+0000][2178.178s][info ][safepoint     ] Leaving safepoint region
[2023-10-19T21:15:03.646+0000][2178.178s][info ][safepoint     ] Total time for which application threads were stopped: 0.0013062 seconds, Stopping threads took: 0.0006969 seconds
[2023-10-19T21:15:04.647+0000][2179.179s][debug][safepoint     ] Safepoint synchronization initiated. (177 threads)
[2023-10-19T21:15:04.648+0000][2179.180s][info ][safepoint     ] Application time: 1.0012420 seconds
[2023-10-19T21:15:04.649+0000][2179.181s][info ][safepoint     ] Entering safepoint region: Cleanup
[2023-10-19T21:15:04.650+0000][2179.182s][info ][safepoint     ] Leaving safepoint region
[2023-10-19T21:15:04.651+0000][2179.182s][info ][safepoint     ] Total time for which application threads were stopped: 0.0016888 seconds, Stopping threads took: 0.0007377 seconds
[2023-10-19T21:15:05.651+0000][2180.183s][debug][safepoint     ] Safepoint synchronization initiated. (177 threads)
[2023-10-19T21:15:05.652+0000][2180.184s][info ][safepoint     ] Application time: 1.0006871 seconds
[2023-10-19T21:15:05.653+0000][2180.184s][info ][safepoint     ] Entering safepoint region: Cleanup
[2023-10-19T21:15:05.653+0000][2180.185s][info ][safepoint     ] Leaving safepoint region
[2023-10-19T21:15:05.654+0000][2180.186s][info ][safepoint     ] Total time for which application threads were stopped: 0.0012660 seconds, Stopping threads took: 0.0005696 seconds
[2023-10-19T21:15:06.655+0000][2181.186s][debug][safepoint     ] Safepoint synchronization initiated. (177 threads)
[2023-10-19T21:15:06.655+0000][2181.187s][info ][safepoint     ] Application time: 1.0007955 seconds
[2023-10-19T21:15:06.656+0000][2181.187s][info ][safepoint     ] Entering safepoint region: Cleanup
[2023-10-19T21:15:06.656+0000][2181.188s][info ][safepoint     ] Leaving safepoint region
[2023-10-19T21:15:06.657+0000][2181.189s][info ][safepoint     ] Total time for which application threads were stopped: 0.0012559 seconds, Stopping threads took: 0.0005092 seconds
[2023-10-19T21:15:07.658+0000][2182.189s][debug][safepoint     ] Safepoint synchronization initiated. (177 threads)
[2023-10-19T21:15:07.659+0000][2182.190s][info ][safepoint     ] Application time: 1.0012081 seconds
[2023-10-19T21:15:07.659+0000][2182.191s][info ][safepoint     ] Entering safepoint region: Cleanup
[2023-10-19T21:15:07.660+0000][2182.192s][info ][safepoint     ] Leaving safepoint region
[2023-10-19T21:15:07.661+0000][2182.193s][info ][safepoint     ] Total time for which application threads were stopped: 0.0016337 seconds, Stopping threads took: 0.0008204 seconds
[2023-10-19T21:15:08.662+0000][2183.194s][debug][safepoint     ] Safepoint synchronization initiated. (177 threads)
[2023-10-19T21:15:08.663+0000][2183.194s][info ][safepoint     ] Application time: 1.0011268 seconds
[2023-10-19T21:15:08.664+0000][2183.195s][info ][safepoint     ] Entering safepoint region: Cleanup
[2023-10-19T21:15:08.665+0000][2183.196s][info ][safepoint     ] Leaving safepoint region
[2023-10-19T21:15:08.665+0000][2183.197s][info ][safepoint     ] Total time for which application threads were stopped: 0.0018586 seconds, Stopping threads took: 0.0008604 seconds
[2023-10-19T21:15:09.666+0000][2184.198s][debug][safepoint     ] Safepoint synchronization initiated. (177 threads)
[2023-10-19T21:15:09.667+0000][2184.199s][info ][safepoint     ] Application time: 1.0012868 seconds
[2023-10-19T21:15:09.668+0000][2184.200s][info ][safepoint     ] Entering safepoint region: Cleanup
[2023-10-19T21:15:09.669+0000][2184.201s][info ][safepoint     ] Leaving safepoint region
[2023-10-19T21:15:09.670+0000][2184.202s][info ][safepoint     ] Total time for which application threads were stopped: 0.0018953 seconds, Stopping threads took: 0.0008592 seconds
[2023-10-19T21:15:10.671+0000][2185.203s][debug][safepoint     ] Safepoint synchronization initiated. (177 threads)
[2023-10-19T21:15:10.672+0000][2185.204s][info ][safepoint     ] Application time: 1.0012153 seconds
[2023-10-19T21:15:10.673+0000][2185.205s][info ][safepoint     ] Entering safepoint region: Cleanup
[2023-10-19T21:15:10.674+0000][2185.206s][info ][safepoint     ] Leaving safepoint region
[2023-10-19T21:15:10.675+0000][2185.207s][info ][safepoint     ] Total time for which application threads were stopped: 0.0019202 seconds, Stopping threads took: 0.0008435 seconds
[2023-10-19T21:15:11.676+0000][2186.207s][debug][safepoint     ] Safepoint synchronization initiated. (177 threads)
[2023-10-19T21:15:11.676+0000][2186.208s][info ][safepoint     ] Application time: 1.0007635 seconds
[2023-10-19T21:15:11.677+0000][2186.208s][info ][safepoint     ] Entering safepoint region: Cleanup
[2023-10-19T21:15:11.677+0000][2186.209s][info ][safepoint     ] Leaving safepoint region
[2023-10-19T21:15:11.678+0000][2186.210s][info ][safepoint     ] Total time for which application threads were stopped: 0.0012121 seconds, Stopping threads took: 0.0005323 seconds
[2023-10-19T21:15:12.679+0000][2187.210s][debug][safepoint     ] Safepoint synchronization initiated. (177 threads)
[2023-10-19T21:15:12.680+0000][2187.212s][info ][safepoint     ] Application time: 1.0016813 seconds
[2023-10-19T21:15:12.681+0000][2187.213s][info ][safepoint     ] Entering safepoint region: Cleanup
[2023-10-19T21:15:12.682+0000][2187.214s][info ][safepoint     ] Leaving safepoint region
[2023-10-19T21:15:12.683+0000][2187.214s][info ][safepoint     ] Total time for which application threads were stopped: 0.0018762 seconds, Stopping threads took: 0.0008554 seconds
[2023-10-19T21:15:13.684+0000][2188.215s][debug][safepoint     ] Safepoint synchronization initiated. (177 threads)
[2023-10-19T21:15:13.685+0000][2188.217s][info ][safepoint     ] Application time: 1.0013228 seconds
[2023-10-19T21:15:13.686+0000][2188.217s][info ][safepoint     ] Entering safepoint region: Cleanup
[2023-10-19T21:15:13.687+0000][2188.219s][info ][safepoint     ] Leaving safepoint region
[2023-10-19T21:15:13.689+0000][2188.220s][info ][safepoint     ] Total time for which application threads were stopped: 0.0028176 seconds, Stopping threads took: 0.0010702 seconds
[2023-10-19T21:15:14.689+0000][2189.221s][debug][safepoint     ] Safepoint synchronization initiated. (177 threads)
[2023-10-19T21:15:14.690+0000][2189.222s][info ][safepoint     ] Application time: 1.0006150 seconds
[2023-10-19T21:15:14.690+0000][2189.222s][info ][safepoint     ] Entering safepoint region: Cleanup
[2023-10-19T21:15:14.691+0000][2189.223s][info ][safepoint     ] Leaving safepoint region
[2023-10-19T21:15:14.691+0000][2189.223s][info ][safepoint     ] Total time for which application threads were stopped: 0.0010121 seconds, Stopping threads took: 0.0004384 seconds
[2023-10-19T21:15:15.692+0000][2190.224s][debug][safepoint     ] Safepoint synchronization initiated. (177 threads)
[2023-10-19T21:15:15.693+0000][2190.225s][info ][safepoint     ] Application time: 1.0014445 seconds
[2023-10-19T21:15:15.694+0000][2190.226s][info ][safepoint     ] Entering safepoint region: Cleanup
[2023-10-19T21:15:15.695+0000][2190.227s][info ][safepoint     ] Leaving safepoint region
[2023-10-19T21:15:15.696+0000][2190.228s][info ][safepoint     ] Total time for which application threads were stopped: 0.0018291 seconds, Stopping threads took: 0.0008120 seconds
[2023-10-19T21:15:16.697+0000][2191.229s][debug][safepoint     ] Safepoint synchronization initiated. (177 threads)
[2023-10-19T21:15:16.698+0000][2191.230s][info ][safepoint     ] Application time: 1.0012152 seconds
[2023-10-19T21:15:16.699+0000][2191.231s][info ][safepoint     ] Entering safepoint region: Cleanup
[2023-10-19T21:15:16.700+0000][2191.232s][info ][safepoint     ] Leaving safepoint region
[2023-10-19T21:15:16.701+0000][2191.232s][info ][safepoint     ] Total time for which application threads were stopped: 0.0017677 seconds, Stopping threads took: 0.0007780 seconds
[2023-10-19T21:15:17.702+0000][2192.233s][debug][safepoint     ] Safepoint synchronization initiated. (177 threads)
[2023-10-19T21:15:17.703+0000][2192.235s][info ][safepoint     ] Application time: 1.0016487 seconds
[2023-10-19T21:15:17.704+0000][2192.236s][info ][safepoint     ] Entering safepoint region: Cleanup
[2023-10-19T21:15:17.706+0000][2192.237s][info ][safepoint     ] Leaving safepoint region
[2023-10-19T21:15:17.706+0000][2192.238s][info ][safepoint     ] Total time for which application threads were stopped: 0.0022153 seconds, Stopping threads took: 0.0010551 seconds
[2023-10-19T21:15:18.708+0000][2193.239s][debug][safepoint     ] Safepoint synchronization initiated. (177 threads)
[2023-10-19T21:15:18.708+0000][2193.240s][info ][safepoint     ] Application time: 1.0010888 seconds
[2023-10-19T21:15:18.709+0000][2193.241s][info ][safepoint     ] Entering safepoint region: Cleanup
[2023-10-19T21:15:18.710+0000][2193.242s][info ][safepoint     ] Leaving safepoint region
[2023-10-19T21:15:18.710+0000][2193.242s][info ][safepoint     ] Total time for which application threads were stopped: 0.0014641 seconds, Stopping threads took: 0.0006316 seconds
[2023-10-19T21:15:19.711+0000][2194.243s][debug][safepoint     ] Safepoint synchronization initiated. (177 threads)
[2023-10-19T21:15:19.712+0000][2194.244s][info ][safepoint     ] Application time: 1.0014017 seconds
[2023-10-19T21:15:19.713+0000][2194.245s][info ][safepoint     ] Entering safepoint region: Cleanup
[2023-10-19T21:15:19.715+0000][2194.246s][info ][safepoint     ] Leaving safepoint region
[2023-10-19T21:15:19.716+0000][2194.247s][info ][safepoint     ] Total time for which application threads were stopped: 0.0021391 seconds, Stopping threads took: 0.0009666 seconds
[2023-10-19T21:15:20.716+0000][2195.248s][debug][safepoint     ] Safepoint synchronization initiated. (177 threads)
[2023-10-19T21:15:20.717+0000][2195.249s][info ][safepoint     ] Application time: 1.0009353 seconds
[2023-10-19T21:15:20.718+0000][2195.250s][info ][safepoint     ] Entering safepoint region: Cleanup
[2023-10-19T21:15:20.719+0000][2195.250s][info ][safepoint     ] Leaving safepoint region
[2023-10-19T21:15:20.719+0000][2195.251s][info ][safepoint     ] Total time for which application threads were stopped: 0.0012856 seconds, Stopping threads took: 0.0005939 seconds
[2023-10-19T21:15:21.720+0000][2196.252s][debug][safepoint     ] Safepoint synchronization initiated. (177 threads)
[2023-10-19T21:15:21.721+0000][2196.253s][info ][safepoint     ] Application time: 1.0011773 seconds
[2023-10-19T21:15:21.722+0000][2196.253s][info ][safepoint     ] Entering safepoint region: Cleanup
[2023-10-19T21:15:21.723+0000][2196.255s][info ][safepoint     ] Leaving safepoint region
[2023-10-19T21:15:21.724+0000][2196.255s][info ][safepoint     ] Total time for which application threads were stopped: 0.0018754 seconds, Stopping threads took: 0.0008456 seconds
[2023-10-19T21:15:22.725+0000][2197.256s][debug][safepoint     ] Safepoint synchronization initiated. (177 threads)
[2023-10-19T21:15:22.725+0000][2197.257s][info ][safepoint     ] Application time: 1.0009009 seconds
[2023-10-19T21:15:22.726+0000][2197.258s][info ][safepoint     ] Entering safepoint region: Cleanup
[2023-10-19T21:15:22.727+0000][2197.258s][info ][safepoint     ] Leaving safepoint region
[2023-10-19T21:15:22.727+0000][2197.259s][info ][safepoint     ] Total time for which application threads were stopped: 0.0016477 seconds, Stopping threads took: 0.0007591 seconds
[2023-10-19T21:15:23.728+0000][2198.260s][debug][safepoint     ] Safepoint synchronization initiated. (177 threads)
[2023-10-19T21:15:23.729+0000][2198.261s][info ][safepoint     ] Application time: 1.0013730 seconds
[2023-10-19T21:15:23.730+0000][2198.262s][info ][safepoint     ] Entering safepoint region: Cleanup
[2023-10-19T21:15:23.731+0000][2198.263s][info ][safepoint     ] Leaving safepoint region
[2023-10-19T21:15:23.732+0000][2198.264s][info ][safepoint     ] Total time for which application threads were stopped: 0.0019817 seconds, Stopping threads took: 0.0008318 seconds
[2023-10-19T21:15:24.733+0000][2199.265s][debug][safepoint     ] Safepoint synchronization initiated. (177 threads)
[2023-10-19T21:15:24.734+0000][2199.266s][info ][safepoint     ] Application time: 1.0011406 seconds
[2023-10-19T21:15:24.735+0000][2199.266s][info ][safepoint     ] Entering safepoint region: Cleanup
[2023-10-19T21:15:24.736+0000][2199.267s][info ][safepoint     ] Leaving safepoint region
[2023-10-19T21:15:24.736+0000][2199.268s][info ][safepoint     ] Total time for which application threads were stopped: 0.0015139 seconds, Stopping threads took: 0.0006760 seconds
[2023-10-19T21:15:25.737+0000][2200.269s][debug][safepoint     ] Safepoint synchronization initiated. (177 threads)
[2023-10-19T21:15:25.738+0000][2200.270s][info ][safepoint     ] Application time: 1.0011330 seconds
[2023-10-19T21:15:25.739+0000][2200.271s][info ][safepoint     ] Entering safepoint region: Cleanup
[2023-10-19T21:15:25.740+0000][2200.272s][info ][safepoint     ] Leaving safepoint region
[2023-10-19T21:15:25.741+0000][2200.272s][info ][safepoint     ] Total time for which application threads were stopped: 0.0017558 seconds, Stopping threads took: 0.0007362 seconds
[2023-10-19T21:15:26.741+0000][2201.273s][debug][safepoint     ] Safepoint synchronization initiated. (177 threads)
[2023-10-19T21:15:26.742+0000][2201.274s][info ][safepoint     ] Application time: 1.0007811 seconds
[2023-10-19T21:15:26.743+0000][2201.274s][info ][safepoint     ] Entering safepoint region: Cleanup
[2023-10-19T21:15:26.743+0000][2201.275s][info ][safepoint     ] Leaving safepoint region
[2023-10-19T21:15:26.744+0000][2201.275s][info ][safepoint     ] Total time for which application threads were stopped: 0.0011293 seconds, Stopping threads took: 0.0004597 seconds
[2023-10-19T21:15:27.744+0000][2202.276s][debug][safepoint     ] Safepoint synchronization initiated. (177 threads)
[2023-10-19T21:15:27.745+0000][2202.276s][info ][safepoint     ] Application time: 1.0006810 seconds
[2023-10-19T21:15:27.745+0000][2202.277s][info ][safepoint     ] Entering safepoint region: Cleanup
[2023-10-19T21:15:27.746+0000][2202.278s][info ][safepoint     ] Leaving safepoint region
[2023-10-19T21:15:27.746+0000][2202.278s][info ][safepoint     ] Total time for which application threads were stopped: 0.0012141 seconds, Stopping threads took: 0.0005504 seconds
[2023-10-19T21:15:28.747+0000][2203.279s][debug][safepoint     ] Safepoint synchronization initiated. (177 threads)
[2023-10-19T21:15:28.748+0000][2203.279s][info ][safepoint     ] Application time: 1.0007904 seconds
[2023-10-19T21:15:28.748+0000][2203.280s][info ][safepoint     ] Entering safepoint region: Cleanup
[2023-10-19T21:15:28.749+0000][2203.280s][info ][safepoint     ] Leaving safepoint region
[2023-10-19T21:15:28.749+0000][2203.281s][info ][safepoint     ] Total time for which application threads were stopped: 0.0010548 seconds, Stopping threads took: 0.0003597 seconds
[2023-10-19T21:15:29.750+0000][2204.282s][debug][safepoint     ] Safepoint synchronization initiated. (177 threads)
[2023-10-19T21:15:29.751+0000][2204.282s][info ][safepoint     ] Application time: 1.0008529 seconds
[2023-10-19T21:15:29.751+0000][2204.283s][info ][safepoint     ] Entering safepoint region: Cleanup
[2023-10-19T21:15:29.752+0000][2204.284s][info ][safepoint     ] Leaving safepoint region
[2023-10-19T21:15:29.753+0000][2204.284s][info ][safepoint     ] Total time for which application threads were stopped: 0.0013129 seconds, Stopping threads took: 0.0006457 seconds
[2023-10-19T21:15:30.753+0000][2205.285s][debug][safepoint     ] Safepoint synchronization initiated. (177 threads)
[2023-10-19T21:15:30.754+0000][2205.286s][info ][safepoint     ] Application time: 1.0010499 seconds
[2023-10-19T21:15:30.755+0000][2205.286s][info ][safepoint     ] Entering safepoint region: Cleanup
[2023-10-19T21:15:30.756+0000][2205.287s][info ][safepoint     ] Leaving safepoint region
[2023-10-19T21:15:30.756+0000][2205.288s][info ][safepoint     ] Total time for which application threads were stopped: 0.0013695 seconds, Stopping threads took: 0.0006924 seconds
[2023-10-19T21:15:31.757+0000][2206.288s][debug][safepoint     ] Safepoint synchronization initiated. (177 threads)
[2023-10-19T21:15:31.758+0000][2206.289s][info ][safepoint     ] Application time: 1.0014080 seconds
[2023-10-19T21:15:31.759+0000][2206.290s][info ][safepoint     ] Entering safepoint region: Cleanup
[2023-10-19T21:15:31.760+0000][2206.291s][info ][safepoint     ] Leaving safepoint region
[2023-10-19T21:15:31.761+0000][2206.292s][info ][safepoint     ] Total time for which application threads were stopped: 0.0017772 seconds, Stopping threads took: 0.0007319 seconds
[2023-10-19T21:15:32.761+0000][2207.293s][debug][safepoint     ] Safepoint synchronization initiated. (177 threads)
[2023-10-19T21:15:32.763+0000][2207.294s][info ][safepoint     ] Application time: 1.0014696 seconds
[2023-10-19T21:15:32.764+0000][2207.295s][info ][safepoint     ] Entering safepoint region: Cleanup
[2023-10-19T21:15:32.765+0000][2207.297s][info ][safepoint     ] Leaving safepoint region
[2023-10-19T21:15:32.766+0000][2207.298s][info ][safepoint     ] Total time for which application threads were stopped: 0.0022664 seconds, Stopping threads took: 0.0009398 seconds
[2023-10-19T21:15:33.767+0000][2208.299s][debug][safepoint     ] Safepoint synchronization initiated. (177 threads)
[2023-10-19T21:15:33.768+0000][2208.300s][info ][safepoint     ] Application time: 1.0010310 seconds
[2023-10-19T21:15:33.769+0000][2208.300s][debug][safepoint     ] ... found polling page return exception at pc = 0x00007fbdb088b89e, stub =0x00007fbda8840600
[2023-10-19T21:15:33.769+0000][2208.300s][debug][safepoint     ] ... found polling page return exception at pc = 0x00007fbdb0504168, stub =0x00007fbda8840600
[2023-10-19T21:15:33.769+0000][2208.300s][debug][safepoint     ] ... found polling page return exception at pc = 0x00007fbdb1313f31, stub =0x00007fbda8840600
[2023-10-19T21:15:33.770+0000][2208.302s][debug][safepoint     ] Waiting for 4 thread(s) to block
[2023-10-19T21:15:33.771+0000][2208.303s][info ][safepoint     ] Entering safepoint region: Cleanup
[2023-10-19T21:15:33.772+0000][2208.304s][info ][safepoint     ] Leaving safepoint region
[2023-10-19T21:15:33.772+0000][2208.304s][info ][safepoint     ] Total time for which application threads were stopped: 0.0039303 seconds, Stopping threads took: 0.0031593 seconds
[2023-10-19T21:15:34.773+0000][2209.305s][debug][safepoint     ] Safepoint synchronization initiated. (177 threads)
[2023-10-19T21:15:34.774+0000][2209.305s][info ][safepoint     ] Application time: 1.0007222 seconds
[2023-10-19T21:15:34.774+0000][2209.306s][info ][safepoint     ] Entering safepoint region: Cleanup
[2023-10-19T21:15:34.775+0000][2209.306s][info ][safepoint     ] Leaving safepoint region
[2023-10-19T21:15:34.775+0000][2209.307s][info ][safepoint     ] Total time for which application threads were stopped: 0.0009829 seconds, Stopping threads took: 0.0004020 seconds
[2023-10-19T21:15:35.776+0000][2210.307s][debug][safepoint     ] Safepoint synchronization initiated. (177 threads)
[2023-10-19T21:15:35.776+0000][2210.308s][info ][safepoint     ] Application time: 1.0008876 seconds
[2023-10-19T21:15:35.777+0000][2210.309s][info ][safepoint     ] Entering safepoint region: Cleanup
[2023-10-19T21:15:35.778+0000][2210.310s][info ][safepoint     ] Leaving safepoint region
[2023-10-19T21:15:35.779+0000][2210.310s][info ][safepoint     ] Total time for which application threads were stopped: 0.0016821 seconds, Stopping threads took: 0.0006391 seconds
[2023-10-19T21:15:36.780+0000][2211.311s][debug][safepoint     ] Safepoint synchronization initiated. (177 threads)
[2023-10-19T21:15:36.780+0000][2211.312s][info ][safepoint     ] Application time: 1.0008679 seconds
[2023-10-19T21:15:36.781+0000][2211.313s][info ][safepoint     ] Entering safepoint region: Cleanup
[2023-10-19T21:15:36.782+0000][2211.313s][info ][safepoint     ] Leaving safepoint region
[2023-10-19T21:15:36.782+0000][2211.314s][info ][safepoint     ] Total time for which application threads were stopped: 0.0012323 seconds, Stopping threads took: 0.0005311 seconds
[2023-10-19T21:15:37.783+0000][2212.315s][debug][safepoint     ] Safepoint synchronization initiated. (177 threads)
[2023-10-19T21:15:37.784+0000][2212.315s][info ][safepoint     ] Application time: 1.0008248 seconds
[2023-10-19T21:15:37.784+0000][2212.316s][info ][safepoint     ] Entering safepoint region: Cleanup
[2023-10-19T21:15:37.785+0000][2212.316s][info ][safepoint     ] Leaving safepoint region
[2023-10-19T21:15:37.785+0000][2212.317s][info ][safepoint     ] Total time for which application threads were stopped: 0.0009670 seconds, Stopping threads took: 0.0003960 seconds
[2023-10-19T21:15:38.785+0000][2213.317s][debug][safepoint     ] Safepoint synchronization initiated. (177 threads)
[2023-10-19T21:15:38.786+0000][2213.318s][info ][safepoint     ] Application time: 1.0008068 seconds
[2023-10-19T21:15:38.787+0000][2213.318s][info ][safepoint     ] Entering safepoint region: Cleanup
[2023-10-19T21:15:38.787+0000][2213.319s][info ][safepoint     ] Leaving safepoint region
[2023-10-19T21:15:38.788+0000][2213.319s][info ][safepoint     ] Total time for which application threads were stopped: 0.0010105 seconds, Stopping threads took: 0.0004593 seconds
[2023-10-19T21:15:39.788+0000][2214.320s][debug][safepoint     ] Safepoint synchronization initiated. (177 threads)
[2023-10-19T21:15:39.789+0000][2214.321s][info ][safepoint     ] Application time: 1.0012823 seconds
[2023-10-19T21:15:39.790+0000][2214.322s][info ][safepoint     ] Entering safepoint region: Cleanup
[2023-10-19T21:15:39.791+0000][2214.323s][info ][safepoint     ] Leaving safepoint region
[2023-10-19T21:15:39.792+0000][2214.324s][info ][safepoint     ] Total time for which application threads were stopped: 0.0018351 seconds, Stopping threads took: 0.0008419 seconds
[2023-10-19T21:15:40.793+0000][2215.324s][debug][safepoint     ] Safepoint synchronization initiated. (177 threads)
[2023-10-19T21:15:40.793+0000][2215.325s][info ][safepoint     ] Application time: 1.0007501 seconds
[2023-10-19T21:15:40.794+0000][2215.325s][info ][safepoint     ] Entering safepoint region: Cleanup
[2023-10-19T21:15:40.794+0000][2215.326s][info ][safepoint     ] Leaving safepoint region
[2023-10-19T21:15:40.794+0000][2215.326s][info ][safepoint     ] Total time for which application threads were stopped: 0.0008559 seconds, Stopping threads took: 0.0003924 seconds
[2023-10-19T21:15:41.795+0000][2216.326s][debug][safepoint     ] Safepoint synchronization initiated. (177 threads)
[2023-10-19T21:15:41.795+0000][2216.327s][info ][safepoint     ] Application time: 1.0006349 seconds
[2023-10-19T21:15:41.796+0000][2216.327s][info ][safepoint     ] Entering safepoint region: Cleanup
[2023-10-19T21:15:41.796+0000][2216.328s][info ][safepoint     ] Leaving safepoint region
[2023-10-19T21:15:41.797+0000][2216.328s][info ][safepoint     ] Total time for which application threads were stopped: 0.0008641 seconds, Stopping threads took: 0.0003532 seconds
[2023-10-19T21:15:42.797+0000][2217.329s][debug][safepoint     ] Safepoint synchronization initiated. (177 threads)
[2023-10-19T21:15:42.798+0000][2217.329s][info ][safepoint     ] Application time: 1.0007778 seconds
[2023-10-19T21:15:42.798+0000][2217.330s][info ][safepoint     ] Entering safepoint region: Cleanup
[2023-10-19T21:15:42.799+0000][2217.330s][info ][safepoint     ] Leaving safepoint region
[2023-10-19T21:15:42.799+0000][2217.331s][info ][safepoint     ] Total time for which application threads were stopped: 0.0010163 seconds, Stopping threads took: 0.0004303 seconds
[2023-10-19T21:15:43.800+0000][2218.331s][debug][safepoint     ] Safepoint synchronization initiated. (177 threads)
[2023-10-19T21:15:43.801+0000][2218.333s][info ][safepoint     ] Application time: 1.0015229 seconds
[2023-10-19T21:15:43.802+0000][2218.334s][info ][safepoint     ] Entering safepoint region: Cleanup
[2023-10-19T21:15:43.803+0000][2218.335s][info ][safepoint     ] Leaving safepoint region
[2023-10-19T21:15:43.804+0000][2218.336s][info ][safepoint     ] Total time for which application threads were stopped: 0.0022217 seconds, Stopping threads took: 0.0009621 seconds
[2023-10-19T21:15:44.805+0000][2219.337s][debug][safepoint     ] Safepoint synchronization initiated. (177 threads)
[2023-10-19T21:15:44.806+0000][2219.337s][info ][safepoint     ] Application time: 1.0009702 seconds
[2023-10-19T21:15:44.806+0000][2219.338s][info ][safepoint     ] Entering safepoint region: Cleanup
[2023-10-19T21:15:44.807+0000][2219.339s][info ][safepoint     ] Leaving safepoint region
[2023-10-19T21:15:44.808+0000][2219.339s][info ][safepoint     ] Total time for which application threads were stopped: 0.0012554 seconds, Stopping threads took: 0.0006393 seconds
[2023-10-19T21:15:45.808+0000][2220.340s][debug][safepoint     ] Safepoint synchronization initiated. (177 threads)
[2023-10-19T21:15:45.809+0000][2220.341s][info ][safepoint     ] Application time: 1.0010189 seconds
[2023-10-19T21:15:45.810+0000][2220.342s][info ][safepoint     ] Entering safepoint region: Cleanup
[2023-10-19T21:15:45.811+0000][2220.342s][info ][safepoint     ] Leaving safepoint region
[2023-10-19T21:15:45.811+0000][2220.343s][info ][safepoint     ] Total time for which application threads were stopped: 0.0011671 seconds, Stopping threads took: 0.0005545 seconds
[2023-10-19T21:15:46.812+0000][2221.343s][debug][safepoint     ] Safepoint synchronization initiated. (177 threads)
[2023-10-19T21:15:46.813+0000][2221.344s][info ][safepoint     ] Application time: 1.0011736 seconds
[2023-10-19T21:15:46.813+0000][2221.345s][info ][safepoint     ] Entering safepoint region: Cleanup
[2023-10-19T21:15:46.814+0000][2221.346s][info ][safepoint     ] Leaving safepoint region
[2023-10-19T21:15:46.815+0000][2221.347s][info ][safepoint     ] Total time for which application threads were stopped: 0.0020060 seconds, Stopping threads took: 0.0007884 seconds
[2023-10-19T21:15:47.816+0000][2222.348s][debug][safepoint     ] Safepoint synchronization initiated. (177 threads)
[2023-10-19T21:15:47.817+0000][2222.349s][info ][safepoint     ] Application time: 1.0013587 seconds
[2023-10-19T21:15:47.818+0000][2222.350s][info ][safepoint     ] Entering safepoint region: Cleanup
[2023-10-19T21:15:47.820+0000][2222.351s][info ][safepoint     ] Leaving safepoint region
[2023-10-19T21:15:47.821+0000][2222.352s][info ][safepoint     ] Total time for which application threads were stopped: 0.0022725 seconds, Stopping threads took: 0.0009424 seconds
[2023-10-19T21:15:48.822+0000][2223.353s][debug][safepoint     ] Safepoint synchronization initiated. (177 threads)
[2023-10-19T21:15:48.822+0000][2223.354s][info ][safepoint     ] Application time: 1.0005609 seconds
[2023-10-19T21:15:48.823+0000][2223.354s][info ][safepoint     ] Entering safepoint region: Cleanup
[2023-10-19T21:15:48.823+0000][2223.355s][info ][safepoint     ] Leaving safepoint region
[2023-10-19T21:15:48.824+0000][2223.355s][info ][safepoint     ] Total time for which application threads were stopped: 0.0010224 seconds, Stopping threads took: 0.0004820 seconds
[2023-10-19T21:15:49.824+0000][2224.356s][debug][safepoint     ] Safepoint synchronization initiated. (177 threads)
[2023-10-19T21:15:49.825+0000][2224.356s][info ][safepoint     ] Application time: 1.0009115 seconds
[2023-10-19T21:15:49.825+0000][2224.357s][info ][safepoint     ] Entering safepoint region: Cleanup
[2023-10-19T21:15:49.826+0000][2224.358s][info ][safepoint     ] Leaving safepoint region
[2023-10-19T21:15:49.827+0000][2224.358s][info ][safepoint     ] Total time for which application threads were stopped: 0.0013803 seconds, Stopping threads took: 0.0006123 seconds
[2023-10-19T21:15:50.828+0000][2225.359s][debug][safepoint     ] Safepoint synchronization initiated. (177 threads)
[2023-10-19T21:15:50.829+0000][2225.360s][info ][safepoint     ] Application time: 1.0012214 seconds
[2023-10-19T21:15:50.829+0000][2225.361s][info ][safepoint     ] Entering safepoint region: Cleanup
[2023-10-19T21:15:50.830+0000][2225.362s][info ][safepoint     ] Leaving safepoint region
[2023-10-19T21:15:50.831+0000][2225.363s][info ][safepoint     ] Total time for which application threads were stopped: 0.0017238 seconds, Stopping threads took: 0.0007466 seconds
[2023-10-19T21:15:51.832+0000][2226.364s][debug][safepoint     ] Safepoint synchronization initiated. (177 threads)
[2023-10-19T21:15:51.833+0000][2226.364s][info ][safepoint     ] Application time: 1.0010580 seconds
[2023-10-19T21:15:51.834+0000][2226.365s][info ][safepoint     ] Entering safepoint region: Cleanup
[2023-10-19T21:15:51.834+0000][2226.366s][info ][safepoint     ] Leaving safepoint region
[2023-10-19T21:15:51.835+0000][2226.367s][info ][safepoint     ] Total time for which application threads were stopped: 0.0015210 seconds, Stopping threads took: 0.0006870 seconds
[2023-10-19T21:15:52.836+0000][2227.367s][debug][safepoint     ] Safepoint synchronization initiated. (177 threads)
[2023-10-19T21:15:52.836+0000][2227.368s][info ][safepoint     ] Application time: 1.0007626 seconds
[2023-10-19T21:15:52.837+0000][2227.369s][info ][safepoint     ] Entering safepoint region: Cleanup
[2023-10-19T21:15:52.838+0000][2227.369s][info ][safepoint     ] Leaving safepoint region
[2023-10-19T21:15:52.838+0000][2227.369s][info ][safepoint     ] Total time for which application threads were stopped: 0.0009866 seconds, Stopping threads took: 0.0004580 seconds
[2023-10-19T21:15:53.839+0000][2228.370s][debug][safepoint     ] Safepoint synchronization initiated. (177 threads)
[2023-10-19T21:15:53.840+0000][2228.371s][info ][safepoint     ] Application time: 1.0012918 seconds
[2023-10-19T21:15:53.840+0000][2228.372s][info ][safepoint     ] Entering safepoint region: Cleanup
[2023-10-19T21:15:53.841+0000][2228.373s][info ][safepoint     ] Leaving safepoint region
[2023-10-19T21:15:53.842+0000][2228.373s][info ][safepoint     ] Total time for which application threads were stopped: 0.0015927 seconds, Stopping threads took: 0.0007459 seconds
[2023-10-19T21:15:54.843+0000][2229.374s][debug][safepoint     ] Safepoint synchronization initiated. (177 threads)
[2023-10-19T21:15:54.843+0000][2229.375s][info ][safepoint     ] Application time: 1.0008140 seconds
[2023-10-19T21:15:54.844+0000][2229.376s][info ][safepoint     ] Entering safepoint region: Cleanup
[2023-10-19T21:15:54.845+0000][2229.376s][info ][safepoint     ] Leaving safepoint region
[2023-10-19T21:15:54.845+0000][2229.377s][info ][safepoint     ] Total time for which application threads were stopped: 0.0012443 seconds, Stopping threads took: 0.0005515 seconds
[2023-10-19T21:15:55.846+0000][2230.377s][debug][safepoint     ] Safepoint synchronization initiated. (177 threads)
[2023-10-19T21:15:55.846+0000][2230.378s][info ][safepoint     ] Application time: 1.0007489 seconds
[2023-10-19T21:15:55.847+0000][2230.379s][info ][safepoint     ] Entering safepoint region: Cleanup
[2023-10-19T21:15:55.848+0000][2230.379s][info ][safepoint     ] Leaving safepoint region
[2023-10-19T21:15:55.848+0000][2230.380s][info ][safepoint     ] Total time for which application threads were stopped: 0.0012656 seconds, Stopping threads took: 0.0004747 seconds
[2023-10-19T21:15:56.849+0000][2231.381s][debug][safepoint     ] Safepoint synchronization initiated. (177 threads)
[2023-10-19T21:15:56.849+0000][2231.381s][info ][safepoint     ] Application time: 1.0007953 seconds
[2023-10-19T21:15:56.850+0000][2231.382s][info ][safepoint     ] Entering safepoint region: Cleanup
[2023-10-19T21:15:56.850+0000][2231.382s][info ][safepoint     ] Leaving safepoint region
[2023-10-19T21:15:56.851+0000][2231.382s][info ][safepoint     ] Total time for which application threads were stopped: 0.0008763 seconds, Stopping threads took: 0.0004434 seconds
[2023-10-19T21:15:57.851+0000][2232.383s][debug][safepoint     ] Safepoint synchronization initiated. (177 threads)
[2023-10-19T21:15:57.852+0000][2232.383s][info ][safepoint     ] Application time: 1.0006467 seconds
[2023-10-19T21:15:57.852+0000][2232.384s][info ][safepoint     ] Entering safepoint region: Cleanup
[2023-10-19T21:15:57.853+0000][2232.384s][info ][safepoint     ] Leaving safepoint region
[2023-10-19T21:15:57.853+0000][2232.385s][info ][safepoint     ] Total time for which application threads were stopped: 0.0009168 seconds, Stopping threads took: 0.0003620 seconds
[2023-10-19T21:15:58.854+0000][2233.385s][debug][safepoint     ] Safepoint synchronization initiated. (177 threads)
[2023-10-19T21:15:58.855+0000][2233.386s][info ][safepoint     ] Application time: 1.0013682 seconds
[2023-10-19T21:15:58.855+0000][2233.387s][info ][safepoint     ] Entering safepoint region: Cleanup
[2023-10-19T21:15:58.856+0000][2233.388s][info ][safepoint     ] Leaving safepoint region
[2023-10-19T21:15:58.857+0000][2233.389s][info ][safepoint     ] Total time for which application threads were stopped: 0.0016710 seconds, Stopping threads took: 0.0006304 seconds
[2023-10-19T21:15:59.858+0000][2234.390s][debug][safepoint     ] Safepoint synchronization initiated. (177 threads)
[2023-10-19T21:15:59.859+0000][2234.390s][info ][safepoint     ] Application time: 1.0010357 seconds
[2023-10-19T21:15:59.860+0000][2234.391s][info ][safepoint     ] Entering safepoint region: Cleanup
[2023-10-19T21:15:59.861+0000][2234.392s][info ][safepoint     ] Leaving safepoint region
[2023-10-19T21:15:59.861+0000][2234.393s][info ][safepoint     ] Total time for which application threads were stopped: 0.0017162 seconds, Stopping threads took: 0.0007584 seconds
[2023-10-19T21:16:00.862+0000][2235.394s][debug][safepoint     ] Safepoint synchronization initiated. (177 threads)
[2023-10-19T21:16:00.863+0000][2235.395s][info ][safepoint     ] Application time: 1.0014475 seconds
[2023-10-19T21:16:00.865+0000][2235.396s][info ][safepoint     ] Entering safepoint region: Cleanup
[2023-10-19T21:16:00.866+0000][2235.397s][info ][safepoint     ] Leaving safepoint region
[2023-10-19T21:16:00.866+0000][2235.398s][info ][safepoint     ] Total time for which application threads were stopped: 0.0019804 seconds, Stopping threads took: 0.0007870 seconds
[2023-10-19T21:16:01.868+0000][2236.399s][debug][safepoint     ] Safepoint synchronization initiated. (177 threads)
[2023-10-19T21:16:01.869+0000][2236.400s][info ][safepoint     ] Application time: 1.0013231 seconds
[2023-10-19T21:16:01.869+0000][2236.401s][info ][safepoint     ] Entering safepoint region: Cleanup
[2023-10-19T21:16:01.871+0000][2236.402s][info ][safepoint     ] Leaving safepoint region
[2023-10-19T21:16:01.871+0000][2236.403s][info ][safepoint     ] Total time for which application threads were stopped: 0.0020074 seconds, Stopping threads took: 0.0008425 seconds
[2023-10-19T21:16:02.872+0000][2237.404s][debug][safepoint     ] Safepoint synchronization initiated. (177 threads)
[2023-10-19T21:16:02.873+0000][2237.405s][info ][safepoint     ] Application time: 1.0009033 seconds
[2023-10-19T21:16:02.874+0000][2237.405s][info ][safepoint     ] Entering safepoint region: Cleanup
[2023-10-19T21:16:02.875+0000][2237.406s][info ][safepoint     ] Leaving safepoint region
[2023-10-19T21:16:02.875+0000][2237.407s][info ][safepoint     ] Total time for which application threads were stopped: 0.0014051 seconds, Stopping threads took: 0.0006042 seconds
[2023-10-19T21:16:03.876+0000][2238.408s][debug][safepoint     ] Safepoint synchronization initiated. (176 threads)
[2023-10-19T21:16:03.877+0000][2238.408s][info ][safepoint     ] Application time: 1.0010605 seconds
[2023-10-19T21:16:03.878+0000][2238.409s][info ][safepoint     ] Entering safepoint region: Cleanup
[2023-10-19T21:16:03.879+0000][2238.410s][info ][safepoint     ] Leaving safepoint region
[2023-10-19T21:16:03.880+0000][2238.411s][info ][safepoint     ] Total time for which application threads were stopped: 0.0019637 seconds, Stopping threads took: 0.0008837 seconds
[2023-10-19T21:16:04.880+0000][2239.412s][debug][safepoint     ] Safepoint synchronization initiated. (176 threads)
[2023-10-19T21:16:04.881+0000][2239.413s][info ][safepoint     ] Application time: 1.0009269 seconds
[2023-10-19T21:16:04.882+0000][2239.413s][info ][safepoint     ] Entering safepoint region: Cleanup
[2023-10-19T21:16:04.883+0000][2239.414s][info ][safepoint     ] Leaving safepoint region
[2023-10-19T21:16:04.883+0000][2239.415s][info ][safepoint     ] Total time for which application threads were stopped: 0.0013529 seconds, Stopping threads took: 0.0005944 seconds
[2023-10-19T21:16:05.884+0000][2240.416s][debug][safepoint     ] Safepoint synchronization initiated. (176 threads)
[2023-10-19T21:16:05.885+0000][2240.416s][info ][safepoint     ] Application time: 1.0010516 seconds
[2023-10-19T21:16:05.886+0000][2240.417s][info ][safepoint     ] Entering safepoint region: Cleanup
[2023-10-19T21:16:05.887+0000][2240.418s][info ][safepoint     ] Leaving safepoint region
[2023-10-19T21:16:05.887+0000][2240.419s][info ][safepoint     ] Total time for which application threads were stopped: 0.0016483 seconds, Stopping threads took: 0.0006738 seconds
[2023-10-19T21:16:06.888+0000][2241.420s][debug][safepoint     ] Safepoint synchronization initiated. (177 threads)
[2023-10-19T21:16:06.889+0000][2241.420s][info ][safepoint     ] Application time: 1.0007694 seconds
[2023-10-19T21:16:06.889+0000][2241.421s][info ][safepoint     ] Entering safepoint region: Cleanup
[2023-10-19T21:16:06.890+0000][2241.421s][info ][safepoint     ] Leaving safepoint region
[2023-10-19T21:16:06.890+0000][2241.422s][info ][safepoint     ] Total time for which application threads were stopped: 0.0009314 seconds, Stopping threads took: 0.0004124 seconds
[2023-10-19T21:16:07.891+0000][2242.422s][debug][safepoint     ] Safepoint synchronization initiated. (177 threads)
[2023-10-19T21:16:07.891+0000][2242.423s][info ][safepoint     ] Application time: 1.0009177 seconds
[2023-10-19T21:16:07.892+0000][2242.424s][info ][safepoint     ] Entering safepoint region: Cleanup
[2023-10-19T21:16:07.893+0000][2242.424s][info ][safepoint     ] Leaving safepoint region
[2023-10-19T21:16:07.893+0000][2242.425s][info ][safepoint     ] Total time for which application threads were stopped: 0.0012821 seconds, Stopping threads took: 0.0005035 seconds
[2023-10-19T21:16:08.894+0000][2243.426s][debug][safepoint     ] Safepoint synchronization initiated. (177 threads)
[2023-10-19T21:16:08.895+0000][2243.426s][info ][safepoint     ] Application time: 1.0008123 seconds
[2023-10-19T21:16:08.895+0000][2243.427s][info ][safepoint     ] Entering safepoint region: Cleanup
[2023-10-19T21:16:08.896+0000][2243.427s][info ][safepoint     ] Leaving safepoint region
[2023-10-19T21:16:08.896+0000][2243.428s][info ][safepoint     ] Total time for which application threads were stopped: 0.0010375 seconds, Stopping threads took: 0.0004248 seconds
[2023-10-19T21:16:09.897+0000][2244.428s][debug][safepoint     ] Safepoint synchronization initiated. (177 threads)
[2023-10-19T21:16:09.898+0000][2244.430s][info ][safepoint     ] Application time: 1.0015132 seconds
[2023-10-19T21:16:09.899+0000][2244.431s][debug][safepoint     ] ... found polling page return exception at pc = 0x00007fbdb0624674, stub =0x00007fbda8840600
[2023-10-19T21:16:09.899+0000][2244.431s][debug][safepoint     ] ... found polling page return exception at pc = 0x00007fbdb0a9d3f6, stub =0x00007fbda8840600
[2023-10-19T21:16:09.901+0000][2244.433s][debug][safepoint     ] Waiting for 2 thread(s) to block
[2023-10-19T21:16:09.902+0000][2244.434s][info ][safepoint     ] Entering safepoint region: Cleanup
[2023-10-19T21:16:09.903+0000][2244.435s][info ][safepoint     ] Leaving safepoint region
[2023-10-19T21:16:09.904+0000][2244.436s][info ][safepoint     ] Total time for which application threads were stopped: 0.0051957 seconds, Stopping threads took: 0.0038573 seconds
[2023-10-19T21:16:10.906+0000][2245.437s][debug][safepoint     ] Safepoint synchronization initiated. (177 threads)
[2023-10-19T21:16:10.907+0000][2245.438s][info ][safepoint     ] Application time: 1.0012752 seconds
[2023-10-19T21:16:10.907+0000][2245.439s][info ][safepoint     ] Entering safepoint region: Cleanup
[2023-10-19T21:16:10.908+0000][2245.440s][info ][safepoint     ] Leaving safepoint region
[2023-10-19T21:16:10.908+0000][2245.440s][info ][safepoint     ] Total time for which application threads were stopped: 0.0011398 seconds, Stopping threads took: 0.0005783 seconds
[2023-10-19T21:16:11.909+0000][2246.441s][debug][safepoint     ] Safepoint synchronization initiated. (177 threads)
[2023-10-19T21:16:11.910+0000][2246.441s][info ][safepoint     ] Application time: 1.0009725 seconds
[2023-10-19T21:16:11.910+0000][2246.442s][info ][safepoint     ] Entering safepoint region: Cleanup
[2023-10-19T21:16:11.911+0000][2246.443s][info ][safepoint     ] Leaving safepoint region
[2023-10-19T21:16:11.912+0000][2246.443s][info ][safepoint     ] Total time for which application threads were stopped: 0.0013067 seconds, Stopping threads took: 0.0005434 seconds
[2023-10-19T21:16:12.912+0000][2247.444s][debug][safepoint     ] Safepoint synchronization initiated. (177 threads)
[2023-10-19T21:16:12.913+0000][2247.445s][info ][safepoint     ] Application time: 1.0008731 seconds
[2023-10-19T21:16:12.914+0000][2247.445s][info ][safepoint     ] Entering safepoint region: Cleanup
[2023-10-19T21:16:12.914+0000][2247.446s][info ][safepoint     ] Leaving safepoint region
[2023-10-19T21:16:12.915+0000][2247.447s][info ][safepoint     ] Total time for which application threads were stopped: 0.0014139 seconds, Stopping threads took: 0.0005762 seconds
[2023-10-19T21:16:13.916+0000][2248.448s][debug][safepoint     ] Safepoint synchronization initiated. (177 threads)
[2023-10-19T21:16:13.917+0000][2248.448s][info ][safepoint     ] Application time: 1.0008365 seconds
[2023-10-19T21:16:13.917+0000][2248.449s][info ][safepoint     ] Entering safepoint region: Cleanup
[2023-10-19T21:16:13.918+0000][2248.450s][info ][safepoint     ] Leaving safepoint region
[2023-10-19T21:16:13.919+0000][2248.450s][info ][safepoint     ] Total time for which application threads were stopped: 0.0013818 seconds, Stopping threads took: 0.0005783 seconds
[2023-10-19T21:16:14.920+0000][2249.451s][debug][safepoint     ] Safepoint synchronization initiated. (177 threads)
[2023-10-19T21:16:14.920+0000][2249.452s][info ][safepoint     ] Application time: 1.0006896 seconds
[2023-10-19T21:16:14.921+0000][2249.452s][info ][safepoint     ] Entering safepoint region: Cleanup
[2023-10-19T21:16:14.921+0000][2249.453s][info ][safepoint     ] Leaving safepoint region
[2023-10-19T21:16:14.922+0000][2249.453s][info ][safepoint     ] Total time for which application threads were stopped: 0.0011413 seconds, Stopping threads took: 0.0004642 seconds
[2023-10-19T21:16:15.922+0000][2250.454s][debug][safepoint     ] Safepoint synchronization initiated. (177 threads)
[2023-10-19T21:16:15.924+0000][2250.455s][info ][safepoint     ] Application time: 1.0014039 seconds
[2023-10-19T21:16:15.925+0000][2250.457s][info ][safepoint     ] Entering safepoint region: Cleanup
[2023-10-19T21:16:15.926+0000][2250.458s][debug][safepoint     ] ... found polling page return exception at pc = 0x00007fbdb0cb92c4, stub =0x00007fbda8840600
[2023-10-19T21:16:15.926+0000][2250.458s][info ][safepoint     ] Leaving safepoint region
[2023-10-19T21:16:15.928+0000][2250.460s][info ][safepoint     ] Total time for which application threads were stopped: 0.0028707 seconds, Stopping threads took: 0.0007417 seconds
[2023-10-19T21:16:15.926+0000][2250.458s][debug][safepoint     ] ... found polling page return exception at pc = 0x00007fbdb0cb92c4, stub =0x00007fbda8840600
[2023-10-19T21:16:15.926+0000][2250.458s][debug][safepoint     ] ... found polling page return exception at pc = 0x00007fbdb0cb92c4, stub =0x00007fbda8840600
[2023-10-19T21:16:16.929+0000][2251.460s][debug][safepoint     ] Safepoint synchronization initiated. (177 threads)
[2023-10-19T21:16:16.929+0000][2251.461s][info ][safepoint     ] Application time: 1.0008791 seconds
[2023-10-19T21:16:16.930+0000][2251.461s][info ][safepoint     ] Entering safepoint region: Cleanup
[2023-10-19T21:16:16.930+0000][2251.462s][info ][safepoint     ] Leaving safepoint region
[2023-10-19T21:16:16.931+0000][2251.463s][info ][safepoint     ] Total time for which application threads were stopped: 0.0011515 seconds, Stopping threads took: 0.0004836 seconds
[2023-10-19T21:16:17.932+0000][2252.463s][debug][safepoint     ] Safepoint synchronization initiated. (177 threads)
[2023-10-19T21:16:17.933+0000][2252.464s][info ][safepoint     ] Application time: 1.0012400 seconds
[2023-10-19T21:16:17.934+0000][2252.465s][info ][safepoint     ] Entering safepoint region: Cleanup
[2023-10-19T21:16:17.935+0000][2252.466s][info ][safepoint     ] Leaving safepoint region
[2023-10-19T21:16:17.935+0000][2252.467s][info ][safepoint     ] Total time for which application threads were stopped: 0.0018390 seconds, Stopping threads took: 0.0008372 seconds
[2023-10-19T21:16:18.936+0000][2253.468s][debug][safepoint     ] Safepoint synchronization initiated. (177 threads)
[2023-10-19T21:16:18.938+0000][2253.469s][info ][safepoint     ] Application time: 1.0015505 seconds
[2023-10-19T21:16:18.939+0000][2253.471s][info ][safepoint     ] Entering safepoint region: Cleanup
[2023-10-19T21:16:18.941+0000][2253.473s][info ][safepoint     ] Leaving safepoint region
[2023-10-19T21:16:18.941+0000][2253.473s][info ][safepoint     ] Total time for which application threads were stopped: 0.0021649 seconds, Stopping threads took: 0.0013424 seconds
[2023-10-19T21:16:19.942+0000][2254.474s][debug][safepoint     ] Safepoint synchronization initiated. (177 threads)
[2023-10-19T21:16:19.943+0000][2254.475s][info ][safepoint     ] Application time: 1.0014206 seconds
[2023-10-19T21:16:19.944+0000][2254.476s][info ][safepoint     ] Entering safepoint region: Cleanup
[2023-10-19T21:16:19.946+0000][2254.478s][info ][safepoint     ] Leaving safepoint region
[2023-10-19T21:16:19.947+0000][2254.478s][info ][safepoint     ] Total time for which application threads were stopped: 0.0024263 seconds, Stopping threads took: 0.0012133 seconds
[2023-10-19T21:16:20.948+0000][2255.479s][debug][safepoint     ] Safepoint synchronization initiated. (177 threads)
[2023-10-19T21:16:20.949+0000][2255.480s][info ][safepoint     ] Application time: 1.0010087 seconds
[2023-10-19T21:16:20.949+0000][2255.481s][info ][safepoint     ] Entering safepoint region: Cleanup
[2023-10-19T21:16:20.950+0000][2255.482s][info ][safepoint     ] Leaving safepoint region
[2023-10-19T21:16:20.950+0000][2255.482s][info ][safepoint     ] Total time for which application threads were stopped: 0.0012017 seconds, Stopping threads took: 0.0005838 seconds
[2023-10-19T21:16:21.951+0000][2256.483s][debug][safepoint     ] Safepoint synchronization initiated. (177 threads)
[2023-10-19T21:16:21.952+0000][2256.484s][info ][safepoint     ] Application time: 1.0012290 seconds
[2023-10-19T21:16:21.953+0000][2256.485s][info ][safepoint     ] Entering safepoint region: Cleanup
[2023-10-19T21:16:21.954+0000][2256.486s][info ][safepoint     ] Leaving safepoint region
[2023-10-19T21:16:21.955+0000][2256.486s][info ][safepoint     ] Total time for which application threads were stopped: 0.0017783 seconds, Stopping threads took: 0.0008782 seconds
[2023-10-19T21:16:22.955+0000][2257.487s][debug][safepoint     ] Safepoint synchronization initiated. (177 threads)
[2023-10-19T21:16:22.956+0000][2257.488s][info ][safepoint     ] Application time: 1.0012013 seconds
[2023-10-19T21:16:22.958+0000][2257.489s][info ][safepoint     ] Entering safepoint region: Cleanup
[2023-10-19T21:16:22.959+0000][2257.490s][info ][safepoint     ] Leaving safepoint region
[2023-10-19T21:16:22.960+0000][2257.491s][info ][safepoint     ] Total time for which application threads were stopped: 0.0021993 seconds, Stopping threads took: 0.0010519 seconds
[2023-10-19T21:16:23.961+0000][2258.492s][debug][safepoint     ] Safepoint synchronization initiated. (177 threads)
[2023-10-19T21:16:23.961+0000][2258.493s][info ][safepoint     ] Application time: 1.0007314 seconds
[2023-10-19T21:16:23.962+0000][2258.494s][info ][safepoint     ] Entering safepoint region: Cleanup
[2023-10-19T21:16:23.963+0000][2258.494s][info ][safepoint     ] Leaving safepoint region
[2023-10-19T21:16:23.963+0000][2258.495s][info ][safepoint     ] Total time for which application threads were stopped: 0.0011533 seconds, Stopping threads took: 0.0005824 seconds
[2023-10-19T21:16:24.964+0000][2259.495s][debug][safepoint     ] Safepoint synchronization initiated. (177 threads)
[2023-10-19T21:16:24.965+0000][2259.497s][info ][safepoint     ] Application time: 1.0018535 seconds
[2023-10-19T21:16:24.966+0000][2259.498s][info ][safepoint     ] Entering safepoint region: Cleanup
[2023-10-19T21:16:24.967+0000][2259.499s][info ][safepoint     ] Leaving safepoint region
[2023-10-19T21:16:24.968+0000][2259.500s][info ][safepoint     ] Total time for which application threads were stopped: 0.0022283 seconds, Stopping threads took: 0.0009770 seconds
[2023-10-19T21:16:25.969+0000][2260.501s][debug][safepoint     ] Safepoint synchronization initiated. (177 threads)
[2023-10-19T21:16:25.970+0000][2260.501s][info ][safepoint     ] Application time: 1.0007163 seconds
[2023-10-19T21:16:25.970+0000][2260.502s][info ][safepoint     ] Entering safepoint region: Cleanup
[2023-10-19T21:16:25.971+0000][2260.503s][info ][safepoint     ] Leaving safepoint region
[2023-10-19T21:16:25.972+0000][2260.503s][info ][safepoint     ] Total time for which application threads were stopped: 0.0013992 seconds, Stopping threads took: 0.0006282 seconds
[2023-10-19T21:16:26.972+0000][2261.504s][debug][safepoint     ] Safepoint synchronization initiated. (177 threads)
[2023-10-19T21:16:26.973+0000][2261.505s][info ][safepoint     ] Application time: 1.0009574 seconds
[2023-10-19T21:16:26.974+0000][2261.505s][info ][safepoint     ] Entering safepoint region: Cleanup
[2023-10-19T21:16:26.975+0000][2261.506s][info ][safepoint     ] Leaving safepoint region
[2023-10-19T21:16:26.975+0000][2261.507s][info ][safepoint     ] Total time for which application threads were stopped: 0.0014908 seconds, Stopping threads took: 0.0005592 seconds
[2023-10-19T21:16:27.976+0000][2262.508s][debug][safepoint     ] Safepoint synchronization initiated. (177 threads)
[2023-10-19T21:16:27.977+0000][2262.508s][info ][safepoint     ] Application time: 1.0011717 seconds
[2023-10-19T21:16:27.978+0000][2262.509s][info ][safepoint     ] Entering safepoint region: Cleanup
[2023-10-19T21:16:27.979+0000][2262.511s][info ][safepoint     ] Leaving safepoint region
[2023-10-19T21:16:27.980+0000][2262.511s][info ][safepoint     ] Total time for which application threads were stopped: 0.0018685 seconds, Stopping threads took: 0.0008940 seconds
[2023-10-19T21:16:28.981+0000][2263.513s][debug][safepoint     ] Safepoint synchronization initiated. (177 threads)
[2023-10-19T21:16:28.982+0000][2263.514s][info ][safepoint     ] Application time: 1.0013958 seconds
[2023-10-19T21:16:28.983+0000][2263.515s][info ][safepoint     ] Entering safepoint region: Cleanup
[2023-10-19T21:16:28.984+0000][2263.516s][info ][safepoint     ] Leaving safepoint region
[2023-10-19T21:16:28.985+0000][2263.516s][info ][safepoint     ] Total time for which application threads were stopped: 0.0018306 seconds, Stopping threads took: 0.0008542 seconds
[2023-10-19T21:16:29.986+0000][2264.517s][debug][safepoint     ] Safepoint synchronization initiated. (177 threads)
[2023-10-19T21:16:29.987+0000][2264.518s][info ][safepoint     ] Application time: 1.0014001 seconds
[2023-10-19T21:16:29.988+0000][2264.519s][info ][safepoint     ] Entering safepoint region: Cleanup
[2023-10-19T21:16:29.989+0000][2264.520s][info ][safepoint     ] Leaving safepoint region
[2023-10-19T21:16:29.990+0000][2264.521s][info ][safepoint     ] Total time for which application threads were stopped: 0.0021152 seconds, Stopping threads took: 0.0009387 seconds
[2023-10-19T21:16:30.991+0000][2265.522s][debug][safepoint     ] Safepoint synchronization initiated. (177 threads)
[2023-10-19T21:16:30.992+0000][2265.523s][info ][safepoint     ] Application time: 1.0010328 seconds
[2023-10-19T21:16:30.992+0000][2265.524s][info ][safepoint     ] Entering safepoint region: Cleanup
[2023-10-19T21:16:30.993+0000][2265.525s][info ][safepoint     ] Leaving safepoint region
[2023-10-19T21:16:30.993+0000][2265.525s][info ][safepoint     ] Total time for which application threads were stopped: 0.0012654 seconds, Stopping threads took: 0.0005200 seconds
[2023-10-19T21:16:31.994+0000][2266.526s][debug][safepoint     ] Safepoint synchronization initiated. (177 threads)
[2023-10-19T21:16:31.995+0000][2266.526s][info ][safepoint     ] Application time: 1.0007391 seconds
[2023-10-19T21:16:31.995+0000][2266.527s][info ][safepoint     ] Entering safepoint region: Cleanup
[2023-10-19T21:16:31.996+0000][2266.527s][info ][safepoint     ] Leaving safepoint region
[2023-10-19T21:16:31.996+0000][2266.528s][info ][safepoint     ] Total time for which application threads were stopped: 0.0012305 seconds, Stopping threads took: 0.0005456 seconds
[2023-10-19T21:16:32.997+0000][2267.529s][debug][safepoint     ] Safepoint synchronization initiated. (177 threads)
[2023-10-19T21:16:32.998+0000][2267.530s][info ][safepoint     ] Application time: 1.0014699 seconds
[2023-10-19T21:16:32.999+0000][2267.531s][info ][safepoint     ] Entering safepoint region: Cleanup
[2023-10-19T21:16:33.001+0000][2267.532s][info ][safepoint     ] Leaving safepoint region
[2023-10-19T21:16:33.001+0000][2267.533s][info ][safepoint     ] Total time for which application threads were stopped: 0.0021651 seconds, Stopping threads took: 0.0011291 seconds
[2023-10-19T21:16:34.002+0000][2268.534s][debug][safepoint     ] Safepoint synchronization initiated. (177 threads)
[2023-10-19T21:16:34.004+0000][2268.535s][info ][safepoint     ] Application time: 1.0014399 seconds
[2023-10-19T21:16:34.005+0000][2268.536s][info ][safepoint     ] Entering safepoint region: Cleanup
[2023-10-19T21:16:34.006+0000][2268.537s][info ][safepoint     ] Leaving safepoint region
[2023-10-19T21:16:34.006+0000][2268.538s][info ][safepoint     ] Total time for which application threads were stopped: 0.0014991 seconds, Stopping threads took: 0.0007255 seconds
[2023-10-19T21:16:35.007+0000][2269.539s][debug][safepoint     ] Safepoint synchronization initiated. (177 threads)
[2023-10-19T21:16:35.008+0000][2269.540s][info ][safepoint     ] Application time: 1.0014184 seconds
[2023-10-19T21:16:35.009+0000][2269.541s][info ][safepoint     ] Entering safepoint region: Cleanup
[2023-10-19T21:16:35.010+0000][2269.542s][info ][safepoint     ] Leaving safepoint region
[2023-10-19T21:16:35.010+0000][2269.542s][info ][safepoint     ] Total time for which application threads were stopped: 0.0014261 seconds, Stopping threads took: 0.0006817 seconds
[2023-10-19T21:16:36.011+0000][2270.543s][debug][safepoint     ] Safepoint synchronization initiated. (177 threads)
[2023-10-19T21:16:36.012+0000][2270.544s][info ][safepoint     ] Application time: 1.0011636 seconds
[2023-10-19T21:16:36.013+0000][2270.544s][info ][safepoint     ] Entering safepoint region: Cleanup
[2023-10-19T21:16:36.014+0000][2270.545s][info ][safepoint     ] Leaving safepoint region
[2023-10-19T21:16:36.014+0000][2270.546s][info ][safepoint     ] Total time for which application threads were stopped: 0.0015871 seconds, Stopping threads took: 0.0008138 seconds
[2023-10-19T21:16:37.015+0000][2271.547s][debug][safepoint     ] Safepoint synchronization initiated. (177 threads)
[2023-10-19T21:16:37.016+0000][2271.548s][info ][safepoint     ] Application time: 1.0010536 seconds
[2023-10-19T21:16:37.017+0000][2271.548s][info ][safepoint     ] Entering safepoint region: Cleanup
[2023-10-19T21:16:37.018+0000][2271.550s][info ][safepoint     ] Leaving safepoint region
[2023-10-19T21:16:37.019+0000][2271.550s][info ][safepoint     ] Total time for which application threads were stopped: 0.0018871 seconds, Stopping threads took: 0.0008706 seconds
[2023-10-19T21:16:38.019+0000][2272.551s][debug][safepoint     ] Safepoint synchronization initiated. (177 threads)
[2023-10-19T21:16:38.020+0000][2272.552s][info ][safepoint     ] Application time: 1.0013430 seconds
[2023-10-19T21:16:38.021+0000][2272.553s][info ][safepoint     ] Entering safepoint region: Cleanup
[2023-10-19T21:16:38.022+0000][2272.554s][info ][safepoint     ] Leaving safepoint region
[2023-10-19T21:16:38.023+0000][2272.555s][info ][safepoint     ] Total time for which application threads were stopped: 0.0017771 seconds, Stopping threads took: 0.0007988 seconds
[2023-10-19T21:16:39.024+0000][2273.556s][debug][safepoint     ] Safepoint synchronization initiated. (177 threads)
[2023-10-19T21:16:39.025+0000][2273.557s][info ][safepoint     ] Application time: 1.0011695 seconds
[2023-10-19T21:16:39.026+0000][2273.558s][info ][safepoint     ] Entering safepoint region: Cleanup
[2023-10-19T21:16:39.027+0000][2273.559s][info ][safepoint     ] Leaving safepoint region
[2023-10-19T21:16:39.028+0000][2273.560s][info ][safepoint     ] Total time for which application threads were stopped: 0.0021318 seconds, Stopping threads took: 0.0009340 seconds
[2023-10-19T21:16:40.029+0000][2274.561s][debug][safepoint     ] Safepoint synchronization initiated. (177 threads)
[2023-10-19T21:16:40.030+0000][2274.562s][info ][safepoint     ] Application time: 1.0012848 seconds
[2023-10-19T21:16:40.031+0000][2274.562s][info ][safepoint     ] Entering safepoint region: Cleanup
[2023-10-19T21:16:40.032+0000][2274.563s][info ][safepoint     ] Leaving safepoint region
[2023-10-19T21:16:40.033+0000][2274.564s][info ][safepoint     ] Total time for which application threads were stopped: 0.0017163 seconds, Stopping threads took: 0.0007698 seconds
[2023-10-19T21:16:41.033+0000][2275.565s][debug][safepoint     ] Safepoint synchronization initiated. (177 threads)
[2023-10-19T21:16:41.034+0000][2275.566s][info ][safepoint     ] Application time: 1.0013224 seconds
[2023-10-19T21:16:41.035+0000][2275.567s][info ][safepoint     ] Entering safepoint region: Cleanup
[2023-10-19T21:16:41.036+0000][2275.568s][info ][safepoint     ] Leaving safepoint region
[2023-10-19T21:16:41.037+0000][2275.568s][info ][safepoint     ] Total time for which application threads were stopped: 0.0016657 seconds, Stopping threads took: 0.0006199 seconds
[2023-10-19T21:16:42.038+0000][2276.569s][debug][safepoint     ] Safepoint synchronization initiated. (178 threads)
[2023-10-19T21:16:42.039+0000][2276.571s][info ][safepoint     ] Application time: 1.0013291 seconds
[2023-10-19T21:16:42.040+0000][2276.572s][info ][safepoint     ] Entering safepoint region: Cleanup
[2023-10-19T21:16:42.042+0000][2276.573s][info ][safepoint     ] Leaving safepoint region
[2023-10-19T21:16:42.042+0000][2276.574s][info ][safepoint     ] Total time for which application threads were stopped: 0.0024522 seconds, Stopping threads took: 0.0010594 seconds
[2023-10-19T21:16:43.044+0000][2277.575s][debug][safepoint     ] Safepoint synchronization initiated. (178 threads)
[2023-10-19T21:16:43.045+0000][2277.576s][info ][safepoint     ] Application time: 1.0014831 seconds
[2023-10-19T21:16:43.046+0000][2277.577s][info ][safepoint     ] Entering safepoint region: Cleanup
[2023-10-19T21:16:43.047+0000][2277.579s][info ][safepoint     ] Leaving safepoint region
[2023-10-19T21:16:43.048+0000][2277.580s][info ][safepoint     ] Total time for which application threads were stopped: 0.0023363 seconds, Stopping threads took: 0.0010546 seconds
[2023-10-19T21:16:44.049+0000][2278.581s][debug][safepoint     ] Safepoint synchronization initiated. (178 threads)
[2023-10-19T21:16:44.050+0000][2278.582s][info ][safepoint     ] Application time: 1.0013685 seconds
[2023-10-19T21:16:44.051+0000][2278.583s][info ][safepoint     ] Entering safepoint region: Cleanup
[2023-10-19T21:16:44.053+0000][2278.584s][info ][safepoint     ] Leaving safepoint region
[2023-10-19T21:16:44.054+0000][2278.585s][info ][safepoint     ] Total time for which application threads were stopped: 0.0021961 seconds, Stopping threads took: 0.0009756 seconds
[2023-10-19T21:16:45.055+0000][2279.586s][debug][safepoint     ] Safepoint synchronization initiated. (178 threads)
[2023-10-19T21:16:45.056+0000][2279.587s][info ][safepoint     ] Application time: 1.0013855 seconds
[2023-10-19T21:16:45.057+0000][2279.588s][info ][safepoint     ] Entering safepoint region: Cleanup
[2023-10-19T21:16:45.058+0000][2279.590s][info ][safepoint     ] Leaving safepoint region
[2023-10-19T21:16:45.059+0000][2279.591s][info ][safepoint     ] Total time for which application threads were stopped: 0.0022620 seconds, Stopping threads took: 0.0010290 seconds
[2023-10-19T21:16:46.060+0000][2280.592s][debug][safepoint     ] Safepoint synchronization initiated. (178 threads)
[2023-10-19T21:16:46.061+0000][2280.592s][info ][safepoint     ] Application time: 1.0008604 seconds
[2023-10-19T21:16:46.061+0000][2280.593s][info ][safepoint     ] Entering safepoint region: Cleanup
[2023-10-19T21:16:46.062+0000][2280.594s][info ][safepoint     ] Leaving safepoint region
[2023-10-19T21:16:46.063+0000][2280.594s][info ][safepoint     ] Total time for which application threads were stopped: 0.0015002 seconds, Stopping threads took: 0.0005663 seconds
[2023-10-19T21:16:47.064+0000][2281.595s][debug][safepoint     ] Safepoint synchronization initiated. (178 threads)
[2023-10-19T21:16:47.065+0000][2281.596s][info ][safepoint     ] Application time: 1.0011475 seconds
[2023-10-19T21:16:47.065+0000][2281.597s][info ][safepoint     ] Entering safepoint region: Cleanup
[2023-10-19T21:16:47.066+0000][2281.598s][info ][safepoint     ] Leaving safepoint region
[2023-10-19T21:16:47.067+0000][2281.598s][info ][safepoint     ] Total time for which application threads were stopped: 0.0015352 seconds, Stopping threads took: 0.0007686 seconds
[2023-10-19T21:16:48.068+0000][2282.599s][debug][safepoint     ] Safepoint synchronization initiated. (178 threads)
[2023-10-19T21:16:48.069+0000][2282.600s][info ][safepoint     ] Application time: 1.0015349 seconds
[2023-10-19T21:16:48.070+0000][2282.602s][info ][safepoint     ] Entering safepoint region: Cleanup
[2023-10-19T21:16:48.071+0000][2282.603s][info ][safepoint     ] Leaving safepoint region
[2023-10-19T21:16:48.072+0000][2282.604s][info ][safepoint     ] Total time for which application threads were stopped: 0.0021606 seconds, Stopping threads took: 0.0009126 seconds
[2023-10-19T21:16:49.073+0000][2283.605s][debug][safepoint     ] Safepoint synchronization initiated. (178 threads)
[2023-10-19T21:16:49.074+0000][2283.606s][info ][safepoint     ] Application time: 1.0015743 seconds
[2023-10-19T21:16:49.075+0000][2283.607s][info ][safepoint     ] Entering safepoint region: Cleanup
[2023-10-19T21:16:49.076+0000][2283.608s][info ][safepoint     ] Leaving safepoint region
[2023-10-19T21:16:49.077+0000][2283.609s][info ][safepoint     ] Total time for which application threads were stopped: 0.0021979 seconds, Stopping threads took: 0.0008315 seconds
[2023-10-19T21:16:50.078+0000][2284.610s][debug][safepoint     ] Safepoint synchronization initiated. (178 threads)
[2023-10-19T21:16:50.079+0000][2284.611s][info ][safepoint     ] Application time: 1.0011032 seconds
[2023-10-19T21:16:50.080+0000][2284.611s][info ][safepoint     ] Entering safepoint region: Cleanup
[2023-10-19T21:16:50.081+0000][2284.612s][info ][safepoint     ] Leaving safepoint region
[2023-10-19T21:16:50.081+0000][2284.613s][info ][safepoint     ] Total time for which application threads were stopped: 0.0014259 seconds, Stopping threads took: 0.0006433 seconds
[2023-10-19T21:16:51.082+0000][2285.614s][debug][safepoint     ] Safepoint synchronization initiated. (178 threads)
[2023-10-19T21:16:51.083+0000][2285.614s][info ][safepoint     ] Application time: 1.0010762 seconds
[2023-10-19T21:16:51.084+0000][2285.615s][info ][safepoint     ] Entering safepoint region: Cleanup
[2023-10-19T21:16:51.085+0000][2285.616s][info ][safepoint     ] Leaving safepoint region
[2023-10-19T21:16:51.085+0000][2285.617s][info ][safepoint     ] Total time for which application threads were stopped: 0.0016761 seconds, Stopping threads took: 0.0008302 seconds
[2023-10-19T21:16:52.086+0000][2286.618s][debug][safepoint     ] Safepoint synchronization initiated. (178 threads)
[2023-10-19T21:16:52.087+0000][2286.619s][info ][safepoint     ] Application time: 1.0009532 seconds
[2023-10-19T21:16:52.088+0000][2286.620s][info ][safepoint     ] Entering safepoint region: Cleanup
[2023-10-19T21:16:52.089+0000][2286.621s][info ][safepoint     ] Leaving safepoint region
[2023-10-19T21:16:52.090+0000][2286.622s][info ][safepoint     ] Total time for which application threads were stopped: 0.0020344 seconds, Stopping threads took: 0.0009614 seconds
[2023-10-19T21:16:53.091+0000][2287.622s][debug][safepoint     ] Safepoint synchronization initiated. (178 threads)
[2023-10-19T21:16:53.092+0000][2287.623s][info ][safepoint     ] Application time: 1.0010371 seconds
[2023-10-19T21:16:53.092+0000][2287.624s][info ][safepoint     ] Entering safepoint region: Cleanup
[2023-10-19T21:16:53.093+0000][2287.625s][info ][safepoint     ] Leaving safepoint region
[2023-10-19T21:16:53.094+0000][2287.625s][info ][safepoint     ] Total time for which application threads were stopped: 0.0013465 seconds, Stopping threads took: 0.0006524 seconds
[2023-10-19T21:16:54.094+0000][2288.626s][debug][safepoint     ] Safepoint synchronization initiated. (178 threads)
[2023-10-19T21:16:54.095+0000][2288.627s][info ][safepoint     ] Application time: 1.0012423 seconds
[2023-10-19T21:16:54.096+0000][2288.628s][info ][safepoint     ] Entering safepoint region: Cleanup
[2023-10-19T21:16:54.097+0000][2288.629s][info ][safepoint     ] Leaving safepoint region
[2023-10-19T21:16:54.098+0000][2288.630s][info ][safepoint     ] Total time for which application threads were stopped: 0.0018438 seconds, Stopping threads took: 0.0008291 seconds
[2023-10-19T21:16:55.099+0000][2289.631s][debug][safepoint     ] Safepoint synchronization initiated. (178 threads)
[2023-10-19T21:16:55.100+0000][2289.631s][info ][safepoint     ] Application time: 1.0011293 seconds
[2023-10-19T21:16:55.101+0000][2289.632s][info ][safepoint     ] Entering safepoint region: Cleanup
[2023-10-19T21:16:55.102+0000][2289.633s][info ][safepoint     ] Leaving safepoint region
[2023-10-19T21:16:55.102+0000][2289.634s][info ][safepoint     ] Total time for which application threads were stopped: 0.0017846 seconds, Stopping threads took: 0.0007744 seconds
[2023-10-19T21:16:56.103+0000][2290.635s][debug][safepoint     ] Safepoint synchronization initiated. (178 threads)
[2023-10-19T21:16:56.104+0000][2290.636s][info ][safepoint     ] Application time: 1.0008961 seconds
[2023-10-19T21:16:56.105+0000][2290.636s][info ][safepoint     ] Entering safepoint region: Cleanup
[2023-10-19T21:16:56.106+0000][2290.637s][info ][safepoint     ] Leaving safepoint region
[2023-10-19T21:16:56.106+0000][2290.638s][info ][safepoint     ] Total time for which application threads were stopped: 0.0016120 seconds, Stopping threads took: 0.0006830 seconds
[2023-10-19T21:16:57.107+0000][2291.639s][debug][safepoint     ] Safepoint synchronization initiated. (178 threads)
[2023-10-19T21:16:57.108+0000][2291.640s][info ][safepoint     ] Application time: 1.0014216 seconds
[2023-10-19T21:16:57.110+0000][2291.641s][info ][safepoint     ] Entering safepoint region: Cleanup
[2023-10-19T21:16:57.111+0000][2291.642s][info ][safepoint     ] Leaving safepoint region
[2023-10-19T21:16:57.112+0000][2291.643s][info ][safepoint     ] Total time for which application threads were stopped: 0.0021734 seconds, Stopping threads took: 0.0009998 seconds
[2023-10-19T21:16:58.113+0000][2292.644s][debug][safepoint     ] Safepoint synchronization initiated. (178 threads)
[2023-10-19T21:16:58.114+0000][2292.645s][info ][safepoint     ] Application time: 1.0012945 seconds
[2023-10-19T21:16:58.115+0000][2292.646s][info ][safepoint     ] Entering safepoint region: Cleanup
[2023-10-19T21:16:58.116+0000][2292.647s][info ][safepoint     ] Leaving safepoint region
[2023-10-19T21:16:58.116+0000][2292.648s][info ][safepoint     ] Total time for which application threads were stopped: 0.0019267 seconds, Stopping threads took: 0.0007805 seconds
[2023-10-19T21:16:59.118+0000][2293.649s][debug][safepoint     ] Safepoint synchronization initiated. (178 threads)
[2023-10-19T21:16:59.118+0000][2293.650s][info ][safepoint     ] Application time: 1.0011219 seconds
[2023-10-19T21:16:59.119+0000][2293.651s][info ][safepoint     ] Entering safepoint region: Cleanup
[2023-10-19T21:16:59.120+0000][2293.652s][info ][safepoint     ] Leaving safepoint region
[2023-10-19T21:16:59.121+0000][2293.652s][info ][safepoint     ] Total time for which application threads were stopped: 0.0016304 seconds, Stopping threads took: 0.0006719 seconds
[2023-10-19T21:17:00.122+0000][2294.653s][debug][safepoint     ] Safepoint synchronization initiated. (178 threads)
[2023-10-19T21:17:00.123+0000][2294.654s][info ][safepoint     ] Application time: 1.0014941 seconds
[2023-10-19T21:17:00.124+0000][2294.655s][info ][safepoint     ] Entering safepoint region: Cleanup
[2023-10-19T21:17:00.125+0000][2294.657s][info ][safepoint     ] Leaving safepoint region
[2023-10-19T21:17:00.126+0000][2294.658s][info ][safepoint     ] Total time for which application threads were stopped: 0.0023510 seconds, Stopping threads took: 0.0010199 seconds
[2023-10-19T21:17:01.127+0000][2295.659s][debug][safepoint     ] Safepoint synchronization initiated. (178 threads)
[2023-10-19T21:17:01.128+0000][2295.660s][info ][safepoint     ] Application time: 1.0011828 seconds
[2023-10-19T21:17:01.129+0000][2295.661s][info ][safepoint     ] Entering safepoint region: Cleanup
[2023-10-19T21:17:01.130+0000][2295.662s][info ][safepoint     ] Leaving safepoint region
[2023-10-19T21:17:01.131+0000][2295.662s][info ][safepoint     ] Total time for which application threads were stopped: 0.0019565 seconds, Stopping threads took: 0.0009125 seconds
[2023-10-19T21:17:02.132+0000][2296.664s][debug][safepoint     ] Safepoint synchronization initiated. (178 threads)
[2023-10-19T21:17:02.133+0000][2296.665s][info ][safepoint     ] Application time: 1.0012685 seconds
[2023-10-19T21:17:02.134+0000][2296.665s][info ][safepoint     ] Entering safepoint region: Cleanup
[2023-10-19T21:17:02.135+0000][2296.666s][info ][safepoint     ] Leaving safepoint region
[2023-10-19T21:17:02.136+0000][2296.667s][info ][safepoint     ] Total time for which application threads were stopped: 0.0018253 seconds, Stopping threads took: 0.0007323 seconds
[2023-10-19T21:17:03.137+0000][2297.668s][debug][safepoint     ] Safepoint synchronization initiated. (178 threads)
[2023-10-19T21:17:03.138+0000][2297.669s][info ][safepoint     ] Application time: 1.0010303 seconds
[2023-10-19T21:17:03.138+0000][2297.670s][info ][safepoint     ] Entering safepoint region: Cleanup
[2023-10-19T21:17:03.140+0000][2297.671s][info ][safepoint     ] Leaving safepoint region
[2023-10-19T21:17:03.140+0000][2297.672s][info ][safepoint     ] Total time for which application threads were stopped: 0.0020658 seconds, Stopping threads took: 0.0011776 seconds
[2023-10-19T21:17:04.141+0000][2298.673s][debug][safepoint     ] Safepoint synchronization initiated. (178 threads)
[2023-10-19T21:17:04.142+0000][2298.674s][info ][safepoint     ] Application time: 1.0013770 seconds
[2023-10-19T21:17:04.143+0000][2298.675s][info ][safepoint     ] Entering safepoint region: Cleanup
[2023-10-19T21:17:04.144+0000][2298.676s][info ][safepoint     ] Leaving safepoint region
[2023-10-19T21:17:04.145+0000][2298.676s][info ][safepoint     ] Total time for which application threads were stopped: 0.0018220 seconds, Stopping threads took: 0.0009155 seconds
[2023-10-19T21:17:05.146+0000][2299.677s][debug][safepoint     ] Safepoint synchronization initiated. (178 threads)
[2023-10-19T21:17:05.147+0000][2299.678s][info ][safepoint     ] Application time: 1.0012476 seconds
[2023-10-19T21:17:05.148+0000][2299.679s][info ][safepoint     ] Entering safepoint region: Cleanup
[2023-10-19T21:17:05.149+0000][2299.680s][info ][safepoint     ] Leaving safepoint region
[2023-10-19T21:17:05.149+0000][2299.681s][info ][safepoint     ] Total time for which application threads were stopped: 0.0018040 seconds, Stopping threads took: 0.0007753 seconds
[2023-10-19T21:17:05.596+0000][2300.127s][debug][safepoint     ] Safepoint synchronization initiated. (178 threads)
[2023-10-19T21:17:05.596+0000][2300.128s][info ][safepoint     ] Application time: 0.4464658 seconds
[2023-10-19T21:17:05.597+0000][2300.129s][info ][safepoint     ] Entering safepoint region: G1CollectForAllocation
[2023-10-19T21:17:05.599+0000][2300.130s][info ][gc,start      ] GC(70) Pause Young (Normal) (G1 Evacuation Pause)
[2023-10-19T21:17:05.599+0000][2300.131s][info ][gc,task       ] GC(70) Using 8 workers of 8 for evacuation
[2023-10-19T21:17:05.616+0000][2300.147s][info ][gc,phases     ] GC(70)   Pre Evacuate Collection Set: 0.1ms
[2023-10-19T21:17:05.616+0000][2300.148s][info ][gc,phases     ] GC(70)   Evacuate Collection Set: 10.0ms
[2023-10-19T21:17:05.617+0000][2300.148s][info ][gc,phases     ] GC(70)   Post Evacuate Collection Set: 5.2ms
[2023-10-19T21:17:05.617+0000][2300.149s][info ][gc,phases     ] GC(70)   Other: 1.8ms
[2023-10-19T21:17:05.617+0000][2300.149s][info ][gc,heap       ] GC(70) Eden regions: 201->0(203)
[2023-10-19T21:17:05.618+0000][2300.150s][info ][gc,heap       ] GC(70) Survivor regions: 7->3(26)
[2023-10-19T21:17:05.618+0000][2300.150s][info ][gc,heap       ] GC(70) Old regions: 153->156
[2023-10-19T21:17:05.619+0000][2300.150s][info ][gc,heap       ] GC(70) Humongous regions: 5->5
[2023-10-19T21:17:05.619+0000][2300.151s][info ][gc,metaspace  ] GC(70) Metaspace: 167338K(172752K)->167338K(172752K) NonClass: 147917K(151248K)->147917K(151248K) Class: 19420K(21504K)->19420K(21504K)
[2023-10-19T21:17:05.620+0000][2300.151s][info ][gc            ] GC(70) Pause Young (Normal) (G1 Evacuation Pause) 363M->162M(415M) 20.958ms
[2023-10-19T21:17:05.620+0000][2300.152s][info ][gc,cpu        ] GC(70) User=0.10s Sys=0.01s Real=0.03s
[2023-10-19T21:17:05.621+0000][2300.152s][info ][safepoint     ] Leaving safepoint region
[2023-10-19T21:17:05.621+0000][2300.153s][info ][safepoint     ] Total time for which application threads were stopped: 0.0236640 seconds, Stopping threads took: 0.0007637 seconds
[2023-10-19T21:17:05.621+0000][2300.153s][info ][gc,stringdedup] Concurrent String Deduplication (2300.153s)
[2023-10-19T21:17:05.622+0000][2300.154s][info ][gc,stringdedup] Concurrent String Deduplication 33024.0B->360.0B(32664.0B) avg 54.4% (2300.153s, 2300.154s) 0.607ms
[2023-10-19T21:17:06.622+0000][2301.153s][debug][safepoint     ] Safepoint synchronization initiated. (178 threads)
[2023-10-19T21:17:06.623+0000][2301.154s][info ][safepoint     ] Application time: 1.0015050 seconds
[2023-10-19T21:17:06.624+0000][2301.155s][info ][safepoint     ] Entering safepoint region: Cleanup
[2023-10-19T21:17:06.625+0000][2301.156s][info ][safepoint     ] Leaving safepoint region
[2023-10-19T21:17:06.626+0000][2301.157s][info ][safepoint     ] Total time for which application threads were stopped: 0.0018131 seconds, Stopping threads took: 0.0007931 seconds
[2023-10-19T21:17:07.627+0000][2302.158s][debug][safepoint     ] Safepoint synchronization initiated. (178 threads)
[2023-10-19T21:17:07.628+0000][2302.159s][info ][safepoint     ] Application time: 1.0014166 seconds
[2023-10-19T21:17:07.629+0000][2302.160s][info ][safepoint     ] Entering safepoint region: Cleanup
[2023-10-19T21:17:07.630+0000][2302.161s][info ][safepoint     ] Leaving safepoint region
[2023-10-19T21:17:07.631+0000][2302.162s][info ][safepoint     ] Total time for which application threads were stopped: 0.0019323 seconds, Stopping threads took: 0.0009175 seconds
[2023-10-19T21:17:08.631+0000][2303.163s][debug][safepoint     ] Safepoint synchronization initiated. (178 threads)
[2023-10-19T21:17:08.632+0000][2303.164s][info ][safepoint     ] Application time: 1.0005891 seconds
[2023-10-19T21:17:08.632+0000][2303.164s][info ][safepoint     ] Entering safepoint region: Cleanup
[2023-10-19T21:17:08.633+0000][2303.164s][info ][safepoint     ] Leaving safepoint region
[2023-10-19T21:17:08.633+0000][2303.165s][info ][safepoint     ] Total time for which application threads were stopped: 0.0007881 seconds, Stopping threads took: 0.0003044 seconds
[2023-10-19T21:17:09.633+0000][2304.165s][debug][safepoint     ] Safepoint synchronization initiated. (178 threads)
[2023-10-19T21:17:09.634+0000][2304.166s][info ][safepoint     ] Application time: 1.0008557 seconds
[2023-10-19T21:17:09.635+0000][2304.166s][info ][safepoint     ] Entering safepoint region: Cleanup
[2023-10-19T21:17:09.635+0000][2304.167s][info ][safepoint     ] Leaving safepoint region
[2023-10-19T21:17:09.636+0000][2304.167s][info ][safepoint     ] Total time for which application threads were stopped: 0.0010317 seconds, Stopping threads took: 0.0004658 seconds
[2023-10-19T21:17:10.636+0000][2305.168s][debug][safepoint     ] Safepoint synchronization initiated. (178 threads)
[2023-10-19T21:17:10.637+0000][2305.168s][info ][safepoint     ] Application time: 1.0006470 seconds
[2023-10-19T21:17:10.637+0000][2305.169s][info ][safepoint     ] Entering safepoint region: Cleanup
[2023-10-19T21:17:10.638+0000][2305.170s][info ][safepoint     ] Leaving safepoint region
[2023-10-19T21:17:10.638+0000][2305.170s][info ][safepoint     ] Total time for which application threads were stopped: 0.0011531 seconds, Stopping threads took: 0.0006231 seconds
[2023-10-19T21:17:11.639+0000][2306.170s][debug][safepoint     ] Safepoint synchronization initiated. (178 threads)
[2023-10-19T21:17:11.639+0000][2306.171s][info ][safepoint     ] Application time: 1.0007539 seconds
[2023-10-19T21:17:11.640+0000][2306.172s][info ][safepoint     ] Entering safepoint region: Cleanup
[2023-10-19T21:17:11.642+0000][2306.173s][info ][safepoint     ] Leaving safepoint region
[2023-10-19T21:17:11.642+0000][2306.174s][info ][safepoint     ] Total time for which application threads were stopped: 0.0025555 seconds, Stopping threads took: 0.0009584 seconds
[2023-10-19T21:17:12.643+0000][2307.175s][debug][safepoint     ] Safepoint synchronization initiated. (178 threads)
[2023-10-19T21:17:12.644+0000][2307.175s][info ][safepoint     ] Application time: 1.0007686 seconds
[2023-10-19T21:17:12.644+0000][2307.176s][info ][safepoint     ] Entering safepoint region: Cleanup
[2023-10-19T21:17:12.645+0000][2307.177s][info ][safepoint     ] Leaving safepoint region
[2023-10-19T21:17:12.648+0000][2307.180s][info ][safepoint     ] Total time for which application threads were stopped: 0.0038422 seconds, Stopping threads took: 0.0009704 seconds
[2023-10-19T21:17:13.654+0000][2308.186s][debug][safepoint     ] Safepoint synchronization initiated. (178 threads)
[2023-10-19T21:17:13.655+0000][2308.187s][info ][safepoint     ] Application time: 1.0007831 seconds
[2023-10-19T21:17:13.655+0000][2308.187s][info ][safepoint     ] Entering safepoint region: Cleanup
[2023-10-19T21:17:13.656+0000][2308.188s][info ][safepoint     ] Leaving safepoint region
[2023-10-19T21:17:13.656+0000][2308.188s][info ][safepoint     ] Total time for which application threads were stopped: 0.0009749 seconds, Stopping threads took: 0.0004235 seconds
[2023-10-19T21:17:14.657+0000][2309.188s][debug][safepoint     ] Safepoint synchronization initiated. (178 threads)
[2023-10-19T21:17:14.658+0000][2309.189s][info ][safepoint     ] Application time: 1.0009967 seconds
[2023-10-19T21:17:14.658+0000][2309.190s][info ][safepoint     ] Entering safepoint region: Cleanup
[2023-10-19T21:17:14.659+0000][2309.191s][info ][safepoint     ] Leaving safepoint region
[2023-10-19T21:17:14.660+0000][2309.192s][info ][safepoint     ] Total time for which application threads were stopped: 0.0019932 seconds, Stopping threads took: 0.0007930 seconds
[2023-10-19T21:17:15.662+0000][2310.194s][debug][safepoint     ] Safepoint synchronization initiated. (178 threads)
[2023-10-19T21:17:15.663+0000][2310.194s][info ][safepoint     ] Application time: 1.0013066 seconds
[2023-10-19T21:17:15.664+0000][2310.195s][info ][safepoint     ] Entering safepoint region: Cleanup
[2023-10-19T21:17:15.665+0000][2310.196s][info ][safepoint     ] Leaving safepoint region
[2023-10-19T21:17:15.665+0000][2310.197s][info ][safepoint     ] Total time for which application threads were stopped: 0.0015371 seconds, Stopping threads took: 0.0006817 seconds
[2023-10-19T21:17:16.666+0000][2311.197s][debug][safepoint     ] Safepoint synchronization initiated. (178 threads)
[2023-10-19T21:17:16.666+0000][2311.198s][info ][safepoint     ] Application time: 1.0004791 seconds
[2023-10-19T21:17:16.667+0000][2311.198s][info ][safepoint     ] Entering safepoint region: Cleanup
[2023-10-19T21:17:16.667+0000][2311.199s][info ][safepoint     ] Leaving safepoint region
[2023-10-19T21:17:16.667+0000][2311.199s][info ][safepoint     ] Total time for which application threads were stopped: 0.0008380 seconds, Stopping threads took: 0.0003880 seconds
[2023-10-19T21:17:17.668+0000][2312.199s][debug][safepoint     ] Safepoint synchronization initiated. (178 threads)
[2023-10-19T21:17:17.668+0000][2312.200s][info ][safepoint     ] Application time: 1.0006043 seconds
[2023-10-19T21:17:17.669+0000][2312.200s][info ][safepoint     ] Entering safepoint region: Cleanup
[2023-10-19T21:17:17.670+0000][2312.202s][info ][safepoint     ] Leaving safepoint region
[2023-10-19T21:17:17.671+0000][2312.203s][info ][safepoint     ] Total time for which application threads were stopped: 0.0024027 seconds, Stopping threads took: 0.0005063 seconds
[2023-10-19T21:17:18.672+0000][2313.203s][debug][safepoint     ] Safepoint synchronization initiated. (178 threads)
[2023-10-19T21:17:18.672+0000][2313.204s][info ][safepoint     ] Application time: 1.0006210 seconds
[2023-10-19T21:17:18.673+0000][2313.204s][info ][safepoint     ] Entering safepoint region: Cleanup
[2023-10-19T21:17:18.673+0000][2313.205s][info ][safepoint     ] Leaving safepoint region
[2023-10-19T21:17:18.674+0000][2313.205s][info ][safepoint     ] Total time for which application threads were stopped: 0.0009846 seconds, Stopping threads took: 0.0004290 seconds
[2023-10-19T21:17:19.674+0000][2314.206s][debug][safepoint     ] Safepoint synchronization initiated. (178 threads)
[2023-10-19T21:17:19.674+0000][2314.206s][info ][safepoint     ] Application time: 1.0004663 seconds
[2023-10-19T21:17:19.675+0000][2314.206s][info ][safepoint     ] Entering safepoint region: Cleanup
[2023-10-19T21:17:19.675+0000][2314.207s][info ][safepoint     ] Leaving safepoint region
[2023-10-19T21:17:19.676+0000][2314.207s][info ][safepoint     ] Total time for which application threads were stopped: 0.0008277 seconds, Stopping threads took: 0.0003249 seconds
[2023-10-19T21:17:20.676+0000][2315.208s][debug][safepoint     ] Safepoint synchronization initiated. (178 threads)
[2023-10-19T21:17:20.677+0000][2315.208s][info ][safepoint     ] Application time: 1.0009158 seconds
[2023-10-19T21:17:20.677+0000][2315.209s][info ][safepoint     ] Entering safepoint region: Cleanup
[2023-10-19T21:17:20.678+0000][2315.210s][info ][safepoint     ] Leaving safepoint region
[2023-10-19T21:17:20.679+0000][2315.211s][info ][safepoint     ] Total time for which application threads were stopped: 0.0016902 seconds, Stopping threads took: 0.0007495 seconds
[2023-10-19T21:17:21.680+0000][2316.211s][debug][safepoint     ] Safepoint synchronization initiated. (178 threads)
[2023-10-19T21:17:21.681+0000][2316.212s][info ][safepoint     ] Application time: 1.0011220 seconds
[2023-10-19T21:17:21.682+0000][2316.213s][info ][safepoint     ] Entering safepoint region: Cleanup
[2023-10-19T21:17:21.683+0000][2316.214s][info ][safepoint     ] Leaving safepoint region
[2023-10-19T21:17:21.683+0000][2316.215s][info ][safepoint     ] Total time for which application threads were stopped: 0.0016676 seconds, Stopping threads took: 0.0009457 seconds
[2023-10-19T21:17:22.684+0000][2317.216s][debug][safepoint     ] Safepoint synchronization initiated. (178 threads)
[2023-10-19T21:17:22.685+0000][2317.216s][info ][safepoint     ] Application time: 1.0008507 seconds
[2023-10-19T21:17:22.685+0000][2317.217s][info ][safepoint     ] Entering safepoint region: Cleanup
[2023-10-19T21:17:22.686+0000][2317.218s][info ][safepoint     ] Leaving safepoint region
[2023-10-19T21:17:22.687+0000][2317.218s][info ][safepoint     ] Total time for which application threads were stopped: 0.0015349 seconds, Stopping threads took: 0.0007057 seconds
[2023-10-19T21:17:23.687+0000][2318.219s][debug][safepoint     ] Safepoint synchronization initiated. (178 threads)
[2023-10-19T21:17:23.688+0000][2318.220s][info ][safepoint     ] Application time: 1.0008291 seconds
[2023-10-19T21:17:23.689+0000][2318.220s][info ][safepoint     ] Entering safepoint region: Cleanup
[2023-10-19T21:17:23.689+0000][2318.221s][info ][safepoint     ] Leaving safepoint region
[2023-10-19T21:17:23.690+0000][2318.222s][info ][safepoint     ] Total time for which application threads were stopped: 0.0012906 seconds, Stopping threads took: 0.0006008 seconds
[2023-10-19T21:17:24.691+0000][2319.222s][debug][safepoint     ] Safepoint synchronization initiated. (178 threads)
[2023-10-19T21:17:24.691+0000][2319.223s][info ][safepoint     ] Application time: 1.0007977 seconds
[2023-10-19T21:17:24.692+0000][2319.223s][info ][safepoint     ] Entering safepoint region: Cleanup
[2023-10-19T21:17:24.692+0000][2319.224s][info ][safepoint     ] Leaving safepoint region
[2023-10-19T21:17:24.693+0000][2319.224s][info ][safepoint     ] Total time for which application threads were stopped: 0.0010562 seconds, Stopping threads took: 0.0004369 seconds
[2023-10-19T21:17:25.693+0000][2320.225s][debug][safepoint     ] Safepoint synchronization initiated. (178 threads)
[2023-10-19T21:17:25.695+0000][2320.226s][info ][safepoint     ] Application time: 1.0015845 seconds
[2023-10-19T21:17:25.696+0000][2320.227s][debug][safepoint     ] ... found polling page return exception at pc = 0x00007fbdb0a26cda, stub =0x00007fbda8840600
[2023-10-19T21:17:25.696+0000][2320.227s][debug][safepoint     ] ... found polling page return exception at pc = 0x00007fbdb0a9d3f6, stub =0x00007fbda8840600
[2023-10-19T21:17:25.696+0000][2320.227s][debug][safepoint     ] ... found polling page return exception at pc = 0x00007fbdb04ea3fd, stub =0x00007fbda8840600
[2023-10-19T21:17:25.701+0000][2320.233s][debug][safepoint     ] Waiting for 3 thread(s) to block
[2023-10-19T21:17:25.702+0000][2320.234s][info ][safepoint     ] Entering safepoint region: Cleanup
[2023-10-19T21:17:25.703+0000][2320.235s][info ][safepoint     ] Leaving safepoint region
[2023-10-19T21:17:25.704+0000][2320.235s][info ][safepoint     ] Total time for which application threads were stopped: 0.0083394 seconds, Stopping threads took: 0.0075068 seconds
[2023-10-19T21:17:26.705+0000][2321.236s][debug][safepoint     ] Safepoint synchronization initiated. (178 threads)
[2023-10-19T21:17:26.705+0000][2321.237s][info ][safepoint     ] Application time: 1.0009470 seconds
[2023-10-19T21:17:26.706+0000][2321.238s][info ][safepoint     ] Entering safepoint region: Cleanup
[2023-10-19T21:17:26.707+0000][2321.238s][info ][safepoint     ] Leaving safepoint region
[2023-10-19T21:17:26.707+0000][2321.239s][info ][safepoint     ] Total time for which application threads were stopped: 0.0013464 seconds, Stopping threads took: 0.0006165 seconds
[2023-10-19T21:17:27.708+0000][2322.240s][debug][safepoint     ] Safepoint synchronization initiated. (178 threads)
[2023-10-19T21:17:27.709+0000][2322.241s][info ][safepoint     ] Application time: 1.0012664 seconds
[2023-10-19T21:17:27.710+0000][2322.242s][info ][safepoint     ] Entering safepoint region: Cleanup
[2023-10-19T21:17:27.711+0000][2322.243s][info ][safepoint     ] Leaving safepoint region
[2023-10-19T21:17:27.712+0000][2322.244s][info ][safepoint     ] Total time for which application threads were stopped: 0.0023764 seconds, Stopping threads took: 0.0009646 seconds
[2023-10-19T21:17:28.714+0000][2323.245s][debug][safepoint     ] Safepoint synchronization initiated. (178 threads)
[2023-10-19T21:17:28.714+0000][2323.246s][info ][safepoint     ] Application time: 1.0006929 seconds
[2023-10-19T21:17:28.715+0000][2323.246s][info ][safepoint     ] Entering safepoint region: Cleanup
[2023-10-19T21:17:28.717+0000][2323.248s][info ][safepoint     ] Leaving safepoint region
[2023-10-19T21:17:28.717+0000][2323.249s][info ][safepoint     ] Total time for which application threads were stopped: 0.0022776 seconds, Stopping threads took: 0.0009887 seconds
[2023-10-19T21:17:29.717+0000][2324.249s][debug][safepoint     ] Safepoint synchronization initiated. (178 threads)
[2023-10-19T21:17:29.718+0000][2324.250s][info ][safepoint     ] Application time: 1.0007038 seconds
[2023-10-19T21:17:29.719+0000][2324.250s][info ][safepoint     ] Entering safepoint region: Cleanup
[2023-10-19T21:17:29.719+0000][2324.251s][info ][safepoint     ] Leaving safepoint region
[2023-10-19T21:17:29.720+0000][2324.252s][info ][safepoint     ] Total time for which application threads were stopped: 0.0014325 seconds, Stopping threads took: 0.0004516 seconds
[2023-10-19T21:17:30.720+0000][2325.252s][debug][safepoint     ] Safepoint synchronization initiated. (178 threads)
[2023-10-19T21:17:30.721+0000][2325.253s][info ][safepoint     ] Application time: 1.0007409 seconds
[2023-10-19T21:17:30.722+0000][2325.253s][info ][safepoint     ] Entering safepoint region: Cleanup
[2023-10-19T21:17:30.722+0000][2325.254s][info ][safepoint     ] Leaving safepoint region
[2023-10-19T21:17:30.723+0000][2325.255s][info ][safepoint     ] Total time for which application threads were stopped: 0.0013522 seconds, Stopping threads took: 0.0006528 seconds
[2023-10-19T21:17:31.724+0000][2326.255s][debug][safepoint     ] Safepoint synchronization initiated. (178 threads)
[2023-10-19T21:17:31.725+0000][2326.256s][info ][safepoint     ] Application time: 1.0011195 seconds
[2023-10-19T21:17:31.725+0000][2326.257s][info ][safepoint     ] Entering safepoint region: Cleanup
[2023-10-19T21:17:31.726+0000][2326.258s][info ][safepoint     ] Leaving safepoint region
[2023-10-19T21:17:31.726+0000][2326.258s][info ][safepoint     ] Total time for which application threads were stopped: 0.0012453 seconds, Stopping threads took: 0.0005960 seconds
[2023-10-19T21:17:32.727+0000][2327.259s][debug][safepoint     ] Safepoint synchronization initiated. (178 threads)
[2023-10-19T21:17:32.728+0000][2327.259s][info ][safepoint     ] Application time: 1.0008366 seconds
[2023-10-19T21:17:32.728+0000][2327.260s][info ][safepoint     ] Entering safepoint region: Cleanup
[2023-10-19T21:17:32.729+0000][2327.261s][info ][safepoint     ] Leaving safepoint region
[2023-10-19T21:17:32.729+0000][2327.261s][info ][safepoint     ] Total time for which application threads were stopped: 0.0011001 seconds, Stopping threads took: 0.0005273 seconds
[2023-10-19T21:17:33.730+0000][2328.262s][debug][safepoint     ] Safepoint synchronization initiated. (178 threads)
[2023-10-19T21:17:33.731+0000][2328.262s][info ][safepoint     ] Application time: 1.0010647 seconds
[2023-10-19T21:17:33.732+0000][2328.263s][info ][safepoint     ] Entering safepoint region: Cleanup
[2023-10-19T21:17:33.733+0000][2328.264s][info ][safepoint     ] Leaving safepoint region
[2023-10-19T21:17:33.734+0000][2328.265s][info ][safepoint     ] Total time for which application threads were stopped: 0.0018039 seconds, Stopping threads took: 0.0008210 seconds
[2023-10-19T21:17:34.734+0000][2329.266s][debug][safepoint     ] Safepoint synchronization initiated. (178 threads)
[2023-10-19T21:17:34.735+0000][2329.267s][info ][safepoint     ] Application time: 1.0007679 seconds
[2023-10-19T21:17:34.735+0000][2329.267s][info ][safepoint     ] Entering safepoint region: Cleanup
[2023-10-19T21:17:34.736+0000][2329.268s][info ][safepoint     ] Leaving safepoint region
[2023-10-19T21:17:34.736+0000][2329.268s][info ][safepoint     ] Total time for which application threads were stopped: 0.0011044 seconds, Stopping threads took: 0.0004821 seconds
[2023-10-19T21:17:35.737+0000][2330.269s][debug][safepoint     ] Safepoint synchronization initiated. (178 threads)
[2023-10-19T21:17:35.738+0000][2330.269s][info ][safepoint     ] Application time: 1.0007887 seconds
[2023-10-19T21:17:35.738+0000][2330.270s][info ][safepoint     ] Entering safepoint region: Cleanup
[2023-10-19T21:17:35.739+0000][2330.270s][info ][safepoint     ] Leaving safepoint region
[2023-10-19T21:17:35.739+0000][2330.271s][info ][safepoint     ] Total time for which application threads were stopped: 0.0010881 seconds, Stopping threads took: 0.0004574 seconds
[2023-10-19T21:17:36.740+0000][2331.271s][debug][safepoint     ] Safepoint synchronization initiated. (178 threads)
[2023-10-19T21:17:36.740+0000][2331.272s][info ][safepoint     ] Application time: 1.0007130 seconds
[2023-10-19T21:17:36.741+0000][2331.273s][info ][safepoint     ] Entering safepoint region: Cleanup
[2023-10-19T21:17:36.742+0000][2331.273s][info ][safepoint     ] Leaving safepoint region
[2023-10-19T21:17:36.742+0000][2331.274s][info ][safepoint     ] Total time for which application threads were stopped: 0.0011644 seconds, Stopping threads took: 0.0004940 seconds
[2023-10-19T21:17:37.743+0000][2332.274s][debug][safepoint     ] Safepoint synchronization initiated. (178 threads)
[2023-10-19T21:17:37.744+0000][2332.275s][info ][safepoint     ] Application time: 1.0013193 seconds
[2023-10-19T21:17:37.745+0000][2332.276s][info ][safepoint     ] Entering safepoint region: Cleanup
[2023-10-19T21:17:37.746+0000][2332.277s][info ][safepoint     ] Leaving safepoint region
[2023-10-19T21:17:37.747+0000][2332.278s][info ][safepoint     ] Total time for which application threads were stopped: 0.0019672 seconds, Stopping threads took: 0.0007467 seconds
[2023-10-19T21:17:38.748+0000][2333.279s][debug][safepoint     ] Safepoint synchronization initiated. (178 threads)
[2023-10-19T21:17:38.748+0000][2333.280s][info ][safepoint     ] Application time: 1.0009790 seconds
[2023-10-19T21:17:38.749+0000][2333.281s][info ][safepoint     ] Entering safepoint region: Cleanup
[2023-10-19T21:17:38.750+0000][2333.281s][info ][safepoint     ] Leaving safepoint region
[2023-10-19T21:17:38.750+0000][2333.282s][info ][safepoint     ] Total time for which application threads were stopped: 0.0011400 seconds, Stopping threads took: 0.0004741 seconds
[2023-10-19T21:17:39.751+0000][2334.282s][debug][safepoint     ] Safepoint synchronization initiated. (178 threads)
[2023-10-19T21:17:39.752+0000][2334.283s][info ][safepoint     ] Application time: 1.0014561 seconds
[2023-10-19T21:17:39.753+0000][2334.285s][info ][safepoint     ] Entering safepoint region: Cleanup
[2023-10-19T21:17:39.754+0000][2334.286s][info ][safepoint     ] Leaving safepoint region
[2023-10-19T21:17:39.755+0000][2334.286s][info ][safepoint     ] Total time for which application threads were stopped: 0.0019448 seconds, Stopping threads took: 0.0008316 seconds
[2023-10-19T21:17:40.756+0000][2335.287s][debug][safepoint     ] Safepoint synchronization initiated. (178 threads)
[2023-10-19T21:17:40.756+0000][2335.288s][info ][safepoint     ] Application time: 1.0009258 seconds
[2023-10-19T21:17:40.757+0000][2335.289s][info ][safepoint     ] Entering safepoint region: Cleanup
[2023-10-19T21:17:40.758+0000][2335.290s][info ][safepoint     ] Leaving safepoint region
[2023-10-19T21:17:40.759+0000][2335.290s][info ][safepoint     ] Total time for which application threads were stopped: 0.0016719 seconds, Stopping threads took: 0.0008727 seconds
[2023-10-19T21:17:41.759+0000][2336.291s][debug][safepoint     ] Safepoint synchronization initiated. (178 threads)
[2023-10-19T21:17:41.760+0000][2336.292s][info ][safepoint     ] Application time: 1.0007332 seconds
[2023-10-19T21:17:41.761+0000][2336.292s][info ][safepoint     ] Entering safepoint region: Cleanup
[2023-10-19T21:17:41.761+0000][2336.293s][info ][safepoint     ] Leaving safepoint region
[2023-10-19T21:17:41.762+0000][2336.293s][info ][safepoint     ] Total time for which application threads were stopped: 0.0010931 seconds, Stopping threads took: 0.0004753 seconds
[2023-10-19T21:17:42.762+0000][2337.294s][debug][safepoint     ] Safepoint synchronization initiated. (178 threads)
[2023-10-19T21:17:42.763+0000][2337.295s][info ][safepoint     ] Application time: 1.0012847 seconds
[2023-10-19T21:17:42.764+0000][2337.296s][info ][safepoint     ] Entering safepoint region: Cleanup
[2023-10-19T21:17:42.765+0000][2337.297s][info ][safepoint     ] Leaving safepoint region
[2023-10-19T21:17:42.766+0000][2337.298s][info ][safepoint     ] Total time for which application threads were stopped: 0.0018760 seconds, Stopping threads took: 0.0007811 seconds
[2023-10-19T21:17:43.767+0000][2338.299s][debug][safepoint     ] Safepoint synchronization initiated. (178 threads)
[2023-10-19T21:17:43.768+0000][2338.299s][info ][safepoint     ] Application time: 1.0008798 seconds
[2023-10-19T21:17:43.768+0000][2338.300s][info ][safepoint     ] Entering safepoint region: Cleanup
[2023-10-19T21:17:43.769+0000][2338.301s][info ][safepoint     ] Leaving safepoint region
[2023-10-19T21:17:43.770+0000][2338.301s][info ][safepoint     ] Total time for which application threads were stopped: 0.0013134 seconds, Stopping threads took: 0.0005854 seconds
[2023-10-19T21:17:44.770+0000][2339.302s][debug][safepoint     ] Safepoint synchronization initiated. (178 threads)
[2023-10-19T21:17:44.771+0000][2339.303s][info ][safepoint     ] Application time: 1.0007603 seconds
[2023-10-19T21:17:44.771+0000][2339.303s][info ][safepoint     ] Entering safepoint region: Cleanup
[2023-10-19T21:17:44.772+0000][2339.304s][info ][safepoint     ] Leaving safepoint region
[2023-10-19T21:17:44.772+0000][2339.304s][info ][safepoint     ] Total time for which application threads were stopped: 0.0011265 seconds, Stopping threads took: 0.0005081 seconds
[2023-10-19T21:17:45.773+0000][2340.305s][debug][safepoint     ] Safepoint synchronization initiated. (178 threads)
[2023-10-19T21:17:45.774+0000][2340.306s][info ][safepoint     ] Application time: 1.0012296 seconds
[2023-10-19T21:17:45.775+0000][2340.306s][debug][safepoint     ] ... found polling page loop exception at pc = 0x00007fbdb12cd30a, stub =0x00007fbda8843680
[2023-10-19T21:17:45.775+0000][2340.307s][debug][safepoint     ] Waiting for 1 thread(s) to block
[2023-10-19T21:17:45.776+0000][2340.308s][info ][safepoint     ] Entering safepoint region: Cleanup
[2023-10-19T21:17:45.777+0000][2340.309s][info ][safepoint     ] Leaving safepoint region
[2023-10-19T21:17:45.777+0000][2340.309s][info ][safepoint     ] Total time for which application threads were stopped: 0.0027957 seconds, Stopping threads took: 0.0019684 seconds
[2023-10-19T21:17:46.778+0000][2341.310s][debug][safepoint     ] Safepoint synchronization initiated. (178 threads)
[2023-10-19T21:17:46.779+0000][2341.310s][info ][safepoint     ] Application time: 1.0006176 seconds
[2023-10-19T21:17:46.779+0000][2341.311s][info ][safepoint     ] Entering safepoint region: Cleanup
[2023-10-19T21:17:46.780+0000][2341.311s][info ][safepoint     ] Leaving safepoint region
[2023-10-19T21:17:46.780+0000][2341.312s][info ][safepoint     ] Total time for which application threads were stopped: 0.0009195 seconds, Stopping threads took: 0.0004001 seconds
[2023-10-19T21:17:47.780+0000][2342.312s][debug][safepoint     ] Safepoint synchronization initiated. (178 threads)
[2023-10-19T21:17:47.781+0000][2342.313s][info ][safepoint     ] Application time: 1.0006612 seconds
[2023-10-19T21:17:47.781+0000][2342.313s][info ][safepoint     ] Entering safepoint region: Cleanup
[2023-10-19T21:17:47.782+0000][2342.314s][info ][safepoint     ] Leaving safepoint region
[2023-10-19T21:17:47.783+0000][2342.314s][info ][safepoint     ] Total time for which application threads were stopped: 0.0015010 seconds, Stopping threads took: 0.0005772 seconds
[2023-10-19T21:17:48.783+0000][2343.315s][debug][safepoint     ] Safepoint synchronization initiated. (178 threads)
[2023-10-19T21:17:48.784+0000][2343.316s][info ][safepoint     ] Application time: 1.0006040 seconds
[2023-10-19T21:17:48.784+0000][2343.316s][info ][safepoint     ] Entering safepoint region: Cleanup
[2023-10-19T21:17:48.785+0000][2343.316s][info ][safepoint     ] Leaving safepoint region
[2023-10-19T21:17:48.785+0000][2343.317s][info ][safepoint     ] Total time for which application threads were stopped: 0.0009243 seconds, Stopping threads took: 0.0003929 seconds
[2023-10-19T21:17:49.786+0000][2344.317s][debug][safepoint     ] Safepoint synchronization initiated. (178 threads)
[2023-10-19T21:17:49.786+0000][2344.318s][info ][safepoint     ] Application time: 1.0006557 seconds
[2023-10-19T21:17:49.787+0000][2344.318s][info ][safepoint     ] Entering safepoint region: Cleanup
[2023-10-19T21:17:49.787+0000][2344.319s][info ][safepoint     ] Leaving safepoint region
[2023-10-19T21:17:49.787+0000][2344.319s][info ][safepoint     ] Total time for which application threads were stopped: 0.0008167 seconds, Stopping threads took: 0.0004075 seconds
[2023-10-19T21:17:50.788+0000][2345.319s][debug][safepoint     ] Safepoint synchronization initiated. (178 threads)
[2023-10-19T21:17:50.788+0000][2345.320s][info ][safepoint     ] Application time: 1.0005185 seconds
[2023-10-19T21:17:50.788+0000][2345.320s][info ][safepoint     ] Entering safepoint region: Cleanup
[2023-10-19T21:17:50.789+0000][2345.321s][info ][safepoint     ] Leaving safepoint region
[2023-10-19T21:17:50.789+0000][2345.321s][info ][safepoint     ] Total time for which application threads were stopped: 0.0007342 seconds, Stopping threads took: 0.0003353 seconds
[2023-10-19T21:17:51.790+0000][2346.321s][debug][safepoint     ] Safepoint synchronization initiated. (178 threads)
[2023-10-19T21:17:51.790+0000][2346.322s][info ][safepoint     ] Application time: 1.0005504 seconds
[2023-10-19T21:17:51.790+0000][2346.322s][info ][safepoint     ] Entering safepoint region: Cleanup
[2023-10-19T21:17:51.791+0000][2346.322s][info ][safepoint     ] Leaving safepoint region
[2023-10-19T21:17:51.791+0000][2346.323s][info ][safepoint     ] Total time for which application threads were stopped: 0.0008095 seconds, Stopping threads took: 0.0003234 seconds
[2023-10-19T21:17:52.792+0000][2347.323s][debug][safepoint     ] Safepoint synchronization initiated. (178 threads)
[2023-10-19T21:17:52.793+0000][2347.324s][info ][safepoint     ] Application time: 1.0011299 seconds
[2023-10-19T21:17:52.793+0000][2347.325s][info ][safepoint     ] Entering safepoint region: Cleanup
[2023-10-19T21:17:52.794+0000][2347.326s][info ][safepoint     ] Leaving safepoint region
[2023-10-19T21:17:52.795+0000][2347.326s][info ][safepoint     ] Total time for which application threads were stopped: 0.0013260 seconds, Stopping threads took: 0.0006156 seconds
[2023-10-19T21:17:53.795+0000][2348.327s][debug][safepoint     ] Safepoint synchronization initiated. (178 threads)
[2023-10-19T21:17:53.796+0000][2348.328s][info ][safepoint     ] Application time: 1.0013060 seconds
[2023-10-19T21:17:53.797+0000][2348.329s][info ][safepoint     ] Entering safepoint region: Cleanup
[2023-10-19T21:17:53.799+0000][2348.330s][info ][safepoint     ] Leaving safepoint region
[2023-10-19T21:17:53.799+0000][2348.331s][info ][safepoint     ] Total time for which application threads were stopped: 0.0020939 seconds, Stopping threads took: 0.0009296 seconds
[2023-10-19T21:17:54.800+0000][2349.332s][debug][safepoint     ] Safepoint synchronization initiated. (178 threads)
[2023-10-19T21:17:54.801+0000][2349.333s][info ][safepoint     ] Application time: 1.0009780 seconds
[2023-10-19T21:17:54.802+0000][2349.333s][info ][safepoint     ] Entering safepoint region: Cleanup
[2023-10-19T21:17:54.803+0000][2349.334s][info ][safepoint     ] Leaving safepoint region
[2023-10-19T21:17:54.803+0000][2349.335s][info ][safepoint     ] Total time for which application threads were stopped: 0.0013514 seconds, Stopping threads took: 0.0005859 seconds
[2023-10-19T21:17:55.804+0000][2350.336s][debug][safepoint     ] Safepoint synchronization initiated. (178 threads)
[2023-10-19T21:17:55.805+0000][2350.336s][info ][safepoint     ] Application time: 1.0011755 seconds
[2023-10-19T21:17:55.806+0000][2350.337s][info ][safepoint     ] Entering safepoint region: Cleanup
[2023-10-19T21:17:55.807+0000][2350.338s][info ][safepoint     ] Leaving safepoint region
[2023-10-19T21:17:55.807+0000][2350.339s][info ][safepoint     ] Total time for which application threads were stopped: 0.0017360 seconds, Stopping threads took: 0.0007238 seconds
[2023-10-19T21:17:56.808+0000][2351.340s][debug][safepoint     ] Safepoint synchronization initiated. (178 threads)
[2023-10-19T21:17:56.809+0000][2351.341s][info ][safepoint     ] Application time: 1.0014799 seconds
[2023-10-19T21:17:56.811+0000][2351.342s][info ][safepoint     ] Entering safepoint region: Cleanup
[2023-10-19T21:17:56.812+0000][2351.343s][info ][safepoint     ] Leaving safepoint region
[2023-10-19T21:17:56.813+0000][2351.344s][info ][safepoint     ] Total time for which application threads were stopped: 0.0020646 seconds, Stopping threads took: 0.0008660 seconds
[2023-10-19T21:17:57.814+0000][2352.345s][debug][safepoint     ] Safepoint synchronization initiated. (178 threads)
[2023-10-19T21:17:57.815+0000][2352.346s][info ][safepoint     ] Application time: 1.0010636 seconds
[2023-10-19T21:17:57.815+0000][2352.347s][info ][safepoint     ] Entering safepoint region: Cleanup
[2023-10-19T21:17:57.816+0000][2352.348s][info ][safepoint     ] Leaving safepoint region
[2023-10-19T21:17:57.816+0000][2352.348s][info ][safepoint     ] Total time for which application threads were stopped: 0.0012255 seconds, Stopping threads took: 0.0005631 seconds
[2023-10-19T21:17:58.817+0000][2353.349s][debug][safepoint     ] Safepoint synchronization initiated. (178 threads)
[2023-10-19T21:17:58.818+0000][2353.350s][info ][safepoint     ] Application time: 1.0013134 seconds
[2023-10-19T21:17:58.819+0000][2353.351s][info ][safepoint     ] Entering safepoint region: Cleanup
[2023-10-19T21:17:58.820+0000][2353.351s][info ][safepoint     ] Leaving safepoint region
[2023-10-19T21:17:58.821+0000][2353.352s][info ][safepoint     ] Total time for which application threads were stopped: 0.0016116 seconds, Stopping threads took: 0.0006493 seconds
[2023-10-19T21:17:59.821+0000][2354.353s][debug][safepoint     ] Safepoint synchronization initiated. (178 threads)
[2023-10-19T21:17:59.823+0000][2354.354s][info ][safepoint     ] Application time: 1.0015397 seconds
[2023-10-19T21:17:59.824+0000][2354.355s][info ][safepoint     ] Entering safepoint region: Cleanup
[2023-10-19T21:17:59.825+0000][2354.357s][info ][safepoint     ] Leaving safepoint region
[2023-10-19T21:17:59.826+0000][2354.358s][info ][safepoint     ] Total time for which application threads were stopped: 0.0022458 seconds, Stopping threads took: 0.0010281 seconds
[2023-10-19T21:18:00.827+0000][2355.359s][debug][safepoint     ] Safepoint synchronization initiated. (178 threads)
[2023-10-19T21:18:00.828+0000][2355.360s][info ][safepoint     ] Application time: 1.0014804 seconds
[2023-10-19T21:18:00.829+0000][2355.361s][info ][safepoint     ] Entering safepoint region: Cleanup
[2023-10-19T21:18:00.830+0000][2355.362s][info ][safepoint     ] Leaving safepoint region
[2023-10-19T21:18:00.831+0000][2355.363s][info ][safepoint     ] Total time for which application threads were stopped: 0.0020183 seconds, Stopping threads took: 0.0009787 seconds
[2023-10-19T21:18:01.832+0000][2356.364s][debug][safepoint     ] Safepoint synchronization initiated. (178 threads)
[2023-10-19T21:18:01.833+0000][2356.365s][info ][safepoint     ] Application time: 1.0015067 seconds
[2023-10-19T21:18:01.834+0000][2356.366s][info ][safepoint     ] Entering safepoint region: Cleanup
[2023-10-19T21:18:01.836+0000][2356.367s][info ][safepoint     ] Leaving safepoint region
[2023-10-19T21:18:01.836+0000][2356.368s][info ][safepoint     ] Total time for which application threads were stopped: 0.0019462 seconds, Stopping threads took: 0.0008778 seconds
[2023-10-19T21:18:02.837+0000][2357.369s][debug][safepoint     ] Safepoint synchronization initiated. (178 threads)
[2023-10-19T21:18:02.838+0000][2357.369s][info ][safepoint     ] Application time: 1.0009998 seconds
[2023-10-19T21:18:02.839+0000][2357.370s][info ][safepoint     ] Entering safepoint region: Cleanup
[2023-10-19T21:18:02.840+0000][2357.371s][info ][safepoint     ] Leaving safepoint region
[2023-10-19T21:18:02.840+0000][2357.372s][info ][safepoint     ] Total time for which application threads were stopped: 0.0012966 seconds, Stopping threads took: 0.0005119 seconds
[2023-10-19T21:18:03.841+0000][2358.373s][debug][safepoint     ] Safepoint synchronization initiated. (178 threads)
[2023-10-19T21:18:03.842+0000][2358.374s][info ][safepoint     ] Application time: 1.0014082 seconds
[2023-10-19T21:18:03.843+0000][2358.375s][info ][safepoint     ] Entering safepoint region: Cleanup
[2023-10-19T21:18:03.844+0000][2358.376s][info ][safepoint     ] Leaving safepoint region
[2023-10-19T21:18:03.845+0000][2358.376s][info ][safepoint     ] Total time for which application threads were stopped: 0.0018079 seconds, Stopping threads took: 0.0009047 seconds
[2023-10-19T21:18:04.845+0000][2359.377s][debug][safepoint     ] Safepoint synchronization initiated. (178 threads)
[2023-10-19T21:18:04.846+0000][2359.378s][info ][safepoint     ] Application time: 1.0011000 seconds
[2023-10-19T21:18:04.847+0000][2359.379s][info ][safepoint     ] Entering safepoint region: Cleanup
[2023-10-19T21:18:04.848+0000][2359.380s][info ][safepoint     ] Leaving safepoint region
[2023-10-19T21:18:04.849+0000][2359.381s][info ][safepoint     ] Total time for which application threads were stopped: 0.0020061 seconds, Stopping threads took: 0.0008474 seconds
[2023-10-19T21:18:05.850+0000][2360.382s][debug][safepoint     ] Safepoint synchronization initiated. (178 threads)
[2023-10-19T21:18:05.851+0000][2360.383s][info ][safepoint     ] Application time: 1.0015009 seconds
[2023-10-19T21:18:05.853+0000][2360.384s][info ][safepoint     ] Entering safepoint region: Cleanup
[2023-10-19T21:18:05.854+0000][2360.386s][info ][safepoint     ] Leaving safepoint region
[2023-10-19T21:18:05.854+0000][2360.386s][info ][safepoint     ] Total time for which application threads were stopped: 0.0019498 seconds, Stopping threads took: 0.0010788 seconds
[2023-10-19T21:18:06.855+0000][2361.387s][debug][safepoint     ] Safepoint synchronization initiated. (178 threads)
[2023-10-19T21:18:06.855+0000][2361.387s][info ][safepoint     ] Application time: 1.0005543 seconds
[2023-10-19T21:18:06.856+0000][2361.388s][info ][safepoint     ] Entering safepoint region: Cleanup
[2023-10-19T21:18:06.857+0000][2361.388s][info ][safepoint     ] Leaving safepoint region
[2023-10-19T21:18:06.857+0000][2361.389s][info ][safepoint     ] Total time for which application threads were stopped: 0.0013052 seconds, Stopping threads took: 0.0005232 seconds
[2023-10-19T21:18:07.858+0000][2362.390s][debug][safepoint     ] Safepoint synchronization initiated. (178 threads)
[2023-10-19T21:18:07.858+0000][2362.390s][info ][safepoint     ] Application time: 1.0006097 seconds
[2023-10-19T21:18:07.859+0000][2362.391s][info ][safepoint     ] Entering safepoint region: Cleanup
[2023-10-19T21:18:07.859+0000][2362.391s][info ][safepoint     ] Leaving safepoint region
[2023-10-19T21:18:07.860+0000][2362.391s][info ][safepoint     ] Total time for which application threads were stopped: 0.0010105 seconds, Stopping threads took: 0.0004243 seconds
[2023-10-19T21:18:08.860+0000][2363.392s][debug][safepoint     ] Safepoint synchronization initiated. (178 threads)
[2023-10-19T21:18:08.861+0000][2363.392s][info ][safepoint     ] Application time: 1.0005551 seconds
[2023-10-19T21:18:08.861+0000][2363.393s][info ][safepoint     ] Entering safepoint region: Cleanup
[2023-10-19T21:18:08.861+0000][2363.393s][info ][safepoint     ] Leaving safepoint region
[2023-10-19T21:18:08.862+0000][2363.393s][info ][safepoint     ] Total time for which application threads were stopped: 0.0007083 seconds, Stopping threads took: 0.0003028 seconds
[2023-10-19T21:18:09.862+0000][2364.394s][debug][safepoint     ] Safepoint synchronization initiated. (178 threads)
[2023-10-19T21:18:09.863+0000][2364.394s][info ][safepoint     ] Application time: 1.0006524 seconds
[2023-10-19T21:18:09.863+0000][2364.395s][info ][safepoint     ] Entering safepoint region: Cleanup
[2023-10-19T21:18:09.864+0000][2364.395s][info ][safepoint     ] Leaving safepoint region
[2023-10-19T21:18:09.864+0000][2364.395s][info ][safepoint     ] Total time for which application threads were stopped: 0.0008443 seconds, Stopping threads took: 0.0004154 seconds
[2023-10-19T21:18:10.865+0000][2365.396s][debug][safepoint     ] Safepoint synchronization initiated. (178 threads)
[2023-10-19T21:18:10.866+0000][2365.398s][info ][safepoint     ] Application time: 1.0015502 seconds
[2023-10-19T21:18:10.867+0000][2365.398s][info ][safepoint     ] Entering safepoint region: Cleanup
[2023-10-19T21:18:10.868+0000][2365.399s][info ][safepoint     ] Leaving safepoint region
[2023-10-19T21:18:10.869+0000][2365.400s][info ][safepoint     ] Total time for which application threads were stopped: 0.0018314 seconds, Stopping threads took: 0.0006973 seconds
[2023-10-19T21:18:11.869+0000][2366.401s][debug][safepoint     ] Safepoint synchronization initiated. (178 threads)
[2023-10-19T21:18:11.870+0000][2366.402s][info ][safepoint     ] Application time: 1.0005888 seconds
[2023-10-19T21:18:11.870+0000][2366.402s][info ][safepoint     ] Entering safepoint region: Cleanup
[2023-10-19T21:18:11.871+0000][2366.403s][info ][safepoint     ] Leaving safepoint region
[2023-10-19T21:18:11.871+0000][2366.403s][info ][safepoint     ] Total time for which application threads were stopped: 0.0010442 seconds, Stopping threads took: 0.0005038 seconds
[2023-10-19T21:18:12.872+0000][2367.404s][debug][safepoint     ] Safepoint synchronization initiated. (178 threads)
[2023-10-19T21:18:12.873+0000][2367.404s][info ][safepoint     ] Application time: 1.0005743 seconds
[2023-10-19T21:18:12.873+0000][2367.405s][info ][safepoint     ] Entering safepoint region: Cleanup
[2023-10-19T21:18:12.874+0000][2367.405s][info ][safepoint     ] Leaving safepoint region
[2023-10-19T21:18:12.874+0000][2367.406s][info ][safepoint     ] Total time for which application threads were stopped: 0.0011012 seconds, Stopping threads took: 0.0004679 seconds
[2023-10-19T21:18:13.875+0000][2368.406s][debug][safepoint     ] Safepoint synchronization initiated. (178 threads)
[2023-10-19T21:18:13.875+0000][2368.407s][info ][safepoint     ] Application time: 1.0008533 seconds
[2023-10-19T21:18:13.876+0000][2368.408s][info ][safepoint     ] Entering safepoint region: Cleanup
[2023-10-19T21:18:13.877+0000][2368.408s][info ][safepoint     ] Leaving safepoint region
[2023-10-19T21:18:13.877+0000][2368.409s][info ][safepoint     ] Total time for which application threads were stopped: 0.0013518 seconds, Stopping threads took: 0.0005997 seconds
[2023-10-19T21:18:14.878+0000][2369.410s][debug][safepoint     ] Safepoint synchronization initiated. (178 threads)
[2023-10-19T21:18:14.879+0000][2369.410s][info ][safepoint     ] Application time: 1.0008044 seconds
[2023-10-19T21:18:14.879+0000][2369.411s][info ][safepoint     ] Entering safepoint region: Cleanup
[2023-10-19T21:18:14.880+0000][2369.411s][info ][safepoint     ] Leaving safepoint region
[2023-10-19T21:18:14.880+0000][2369.412s][info ][safepoint     ] Total time for which application threads were stopped: 0.0009470 seconds, Stopping threads took: 0.0003876 seconds
[2023-10-19T21:18:15.881+0000][2370.412s][debug][safepoint     ] Safepoint synchronization initiated. (178 threads)
[2023-10-19T21:18:15.881+0000][2370.413s][info ][safepoint     ] Application time: 1.0008067 seconds
[2023-10-19T21:18:15.882+0000][2370.413s][info ][safepoint     ] Entering safepoint region: Cleanup
[2023-10-19T21:18:15.882+0000][2370.414s][info ][safepoint     ] Leaving safepoint region
[2023-10-19T21:18:15.883+0000][2370.415s][info ][safepoint     ] Total time for which application threads were stopped: 0.0013670 seconds, Stopping threads took: 0.0005669 seconds
[2023-10-19T21:18:16.883+0000][2371.415s][debug][safepoint     ] Safepoint synchronization initiated. (178 threads)
[2023-10-19T21:18:16.884+0000][2371.416s][info ][safepoint     ] Application time: 1.0007502 seconds
[2023-10-19T21:18:16.885+0000][2371.416s][info ][safepoint     ] Entering safepoint region: Cleanup
[2023-10-19T21:18:16.885+0000][2371.417s][info ][safepoint     ] Leaving safepoint region
[2023-10-19T21:18:16.886+0000][2371.417s][info ][safepoint     ] Total time for which application threads were stopped: 0.0013586 seconds, Stopping threads took: 0.0005197 seconds
[2023-10-19T21:18:17.886+0000][2372.418s][debug][safepoint     ] Safepoint synchronization initiated. (178 threads)
[2023-10-19T21:18:17.887+0000][2372.419s][info ][safepoint     ] Application time: 1.0006717 seconds
[2023-10-19T21:18:17.887+0000][2372.419s][info ][safepoint     ] Entering safepoint region: Cleanup
[2023-10-19T21:18:17.888+0000][2372.420s][info ][safepoint     ] Leaving safepoint region
[2023-10-19T21:18:17.888+0000][2372.420s][info ][safepoint     ] Total time for which application threads were stopped: 0.0011423 seconds, Stopping threads took: 0.0004715 seconds
[2023-10-19T21:18:18.889+0000][2373.421s][debug][safepoint     ] Safepoint synchronization initiated. (178 threads)
[2023-10-19T21:18:18.890+0000][2373.421s][info ][safepoint     ] Application time: 1.0008766 seconds
[2023-10-19T21:18:18.890+0000][2373.422s][info ][safepoint     ] Entering safepoint region: Cleanup
[2023-10-19T21:18:18.891+0000][2373.423s][info ][safepoint     ] Leaving safepoint region
[2023-10-19T21:18:18.892+0000][2373.423s][info ][safepoint     ] Total time for which application threads were stopped: 0.0012413 seconds, Stopping threads took: 0.0005637 seconds
[2023-10-19T21:18:19.892+0000][2374.424s][debug][safepoint     ] Safepoint synchronization initiated. (178 threads)
[2023-10-19T21:18:19.897+0000][2374.429s][info ][safepoint     ] Application time: 1.0049640 seconds
[2023-10-19T21:18:19.904+0000][2374.435s][info ][safepoint     ] Entering safepoint region: Cleanup
[2023-10-19T21:18:19.907+0000][2374.439s][info ][safepoint     ] Leaving safepoint region
[2023-10-19T21:18:19.910+0000][2374.442s][info ][safepoint     ] Total time for which application threads were stopped: 0.0064823 seconds, Stopping threads took: 0.0031395 seconds
[2023-10-19T21:18:20.917+0000][2375.448s][debug][safepoint     ] Safepoint synchronization initiated. (178 threads)
[2023-10-19T21:18:20.917+0000][2375.449s][info ][safepoint     ] Application time: 1.0008629 seconds
[2023-10-19T21:18:20.918+0000][2375.450s][info ][safepoint     ] Entering safepoint region: Cleanup
[2023-10-19T21:18:20.919+0000][2375.451s][info ][safepoint     ] Leaving safepoint region
[2023-10-19T21:18:20.919+0000][2375.451s][info ][safepoint     ] Total time for which application threads were stopped: 0.0013820 seconds, Stopping threads took: 0.0006926 seconds
[2023-10-19T21:18:21.962+0000][2376.494s][debug][safepoint     ] Safepoint synchronization initiated. (178 threads)
[2023-10-19T21:18:21.963+0000][2376.494s][info ][safepoint     ] Application time: 1.0008670 seconds
[2023-10-19T21:18:21.963+0000][2376.495s][info ][safepoint     ] Entering safepoint region: Cleanup
[2023-10-19T21:18:21.964+0000][2376.496s][info ][safepoint     ] Leaving safepoint region
[2023-10-19T21:18:21.964+0000][2376.496s][info ][safepoint     ] Total time for which application threads were stopped: 0.0012955 seconds, Stopping threads took: 0.0006180 seconds
[2023-10-19T21:18:22.965+0000][2377.497s][debug][safepoint     ] Safepoint synchronization initiated. (178 threads)
[2023-10-19T21:18:22.966+0000][2377.497s][info ][safepoint     ] Application time: 1.0006435 seconds
[2023-10-19T21:18:22.966+0000][2377.498s][info ][safepoint     ] Entering safepoint region: Cleanup
[2023-10-19T21:18:22.967+0000][2377.498s][info ][safepoint     ] Leaving safepoint region
[2023-10-19T21:18:22.967+0000][2377.499s][info ][safepoint     ] Total time for which application threads were stopped: 0.0010804 seconds, Stopping threads took: 0.0005458 seconds
[2023-10-19T21:18:23.968+0000][2378.499s][debug][safepoint     ] Safepoint synchronization initiated. (178 threads)
[2023-10-19T21:18:23.968+0000][2378.500s][info ][safepoint     ] Application time: 1.0009598 seconds
[2023-10-19T21:18:23.969+0000][2378.501s][info ][safepoint     ] Entering safepoint region: Cleanup
[2023-10-19T21:18:23.970+0000][2378.501s][info ][safepoint     ] Leaving safepoint region
[2023-10-19T21:18:23.970+0000][2378.502s][info ][safepoint     ] Total time for which application threads were stopped: 0.0012943 seconds, Stopping threads took: 0.0004975 seconds
[2023-10-19T21:18:24.971+0000][2379.502s][debug][safepoint     ] Safepoint synchronization initiated. (178 threads)
[2023-10-19T21:18:24.972+0000][2379.503s][info ][safepoint     ] Application time: 1.0008686 seconds
[2023-10-19T21:18:24.972+0000][2379.504s][info ][safepoint     ] Entering safepoint region: Cleanup
[2023-10-19T21:18:24.973+0000][2379.504s][info ][safepoint     ] Leaving safepoint region
[2023-10-19T21:18:24.973+0000][2379.505s][info ][safepoint     ] Total time for which application threads were stopped: 0.0011326 seconds, Stopping threads took: 0.0004588 seconds
[2023-10-19T21:18:25.974+0000][2380.505s][debug][safepoint     ] Safepoint synchronization initiated. (178 threads)
[2023-10-19T21:18:25.974+0000][2380.506s][info ][safepoint     ] Application time: 1.0009081 seconds
[2023-10-19T21:18:25.975+0000][2380.506s][info ][safepoint     ] Entering safepoint region: Cleanup
[2023-10-19T21:18:25.976+0000][2380.507s][info ][safepoint     ] Leaving safepoint region
[2023-10-19T21:18:25.976+0000][2380.508s][info ][safepoint     ] Total time for which application threads were stopped: 0.0011507 seconds, Stopping threads took: 0.0005674 seconds
[2023-10-19T21:18:26.977+0000][2381.508s][debug][safepoint     ] Safepoint synchronization initiated. (178 threads)
[2023-10-19T21:18:26.977+0000][2381.509s][info ][safepoint     ] Application time: 1.0007902 seconds
[2023-10-19T21:18:26.978+0000][2381.509s][info ][safepoint     ] Entering safepoint region: Cleanup
[2023-10-19T21:18:26.978+0000][2381.510s][info ][safepoint     ] Leaving safepoint region
[2023-10-19T21:18:26.979+0000][2381.510s][info ][safepoint     ] Total time for which application threads were stopped: 0.0011751 seconds, Stopping threads took: 0.0005505 seconds
[2023-10-19T21:18:27.979+0000][2382.511s][debug][safepoint     ] Safepoint synchronization initiated. (178 threads)
[2023-10-19T21:18:27.981+0000][2382.512s][info ][safepoint     ] Application time: 1.0013575 seconds
[2023-10-19T21:18:27.982+0000][2382.513s][info ][safepoint     ] Entering safepoint region: Cleanup
[2023-10-19T21:18:27.983+0000][2382.515s][info ][safepoint     ] Leaving safepoint region
[2023-10-19T21:18:27.984+0000][2382.515s][info ][safepoint     ] Total time for which application threads were stopped: 0.0023161 seconds, Stopping threads took: 0.0010422 seconds
[2023-10-19T21:18:28.985+0000][2383.517s][debug][safepoint     ] Safepoint synchronization initiated. (178 threads)
[2023-10-19T21:18:28.986+0000][2383.518s][info ][safepoint     ] Application time: 1.0015014 seconds
[2023-10-19T21:18:28.987+0000][2383.519s][info ][safepoint     ] Entering safepoint region: Cleanup
[2023-10-19T21:18:28.988+0000][2383.520s][info ][safepoint     ] Leaving safepoint region
[2023-10-19T21:18:28.988+0000][2383.520s][info ][safepoint     ] Total time for which application threads were stopped: 0.0011308 seconds, Stopping threads took: 0.0006224 seconds
[2023-10-19T21:18:29.989+0000][2384.520s][debug][safepoint     ] Safepoint synchronization initiated. (178 threads)
[2023-10-19T21:18:29.989+0000][2384.521s][info ][safepoint     ] Application time: 1.0007877 seconds
[2023-10-19T21:18:29.990+0000][2384.522s][info ][safepoint     ] Entering safepoint region: Cleanup
[2023-10-19T21:18:29.991+0000][2384.522s][info ][safepoint     ] Leaving safepoint region
[2023-10-19T21:18:29.991+0000][2384.523s][info ][safepoint     ] Total time for which application threads were stopped: 0.0009957 seconds, Stopping threads took: 0.0004385 seconds
[2023-10-19T21:18:30.992+0000][2385.523s][debug][safepoint     ] Safepoint synchronization initiated. (178 threads)
[2023-10-19T21:18:30.992+0000][2385.524s][info ][safepoint     ] Application time: 1.0009282 seconds
[2023-10-19T21:18:30.993+0000][2385.524s][info ][safepoint     ] Entering safepoint region: Cleanup
[2023-10-19T21:18:30.994+0000][2385.525s][info ][safepoint     ] Leaving safepoint region
[2023-10-19T21:18:30.994+0000][2385.526s][info ][safepoint     ] Total time for which application threads were stopped: 0.0013723 seconds, Stopping threads took: 0.0005926 seconds
[2023-10-19T21:18:31.995+0000][2386.526s][debug][safepoint     ] Safepoint synchronization initiated. (178 threads)
[2023-10-19T21:18:31.995+0000][2386.527s][info ][safepoint     ] Application time: 1.0008064 seconds
[2023-10-19T21:18:31.996+0000][2386.527s][info ][safepoint     ] Entering safepoint region: Cleanup
[2023-10-19T21:18:31.997+0000][2386.528s][info ][safepoint     ] Leaving safepoint region
[2023-10-19T21:18:31.997+0000][2386.528s][info ][safepoint     ] Total time for which application threads were stopped: 0.0010660 seconds, Stopping threads took: 0.0004739 seconds
[2023-10-19T21:18:32.997+0000][2387.529s][debug][safepoint     ] Safepoint synchronization initiated. (178 threads)
[2023-10-19T21:18:32.998+0000][2387.530s][info ][safepoint     ] Application time: 1.0011202 seconds
[2023-10-19T21:18:32.999+0000][2387.531s][info ][safepoint     ] Entering safepoint region: Cleanup
[2023-10-19T21:18:33.000+0000][2387.532s][info ][safepoint     ] Leaving safepoint region
[2023-10-19T21:18:33.001+0000][2387.532s][info ][safepoint     ] Total time for which application threads were stopped: 0.0018149 seconds, Stopping threads took: 0.0008116 seconds
[2023-10-19T21:18:34.002+0000][2388.533s][debug][safepoint     ] Safepoint synchronization initiated. (178 threads)
[2023-10-19T21:18:34.002+0000][2388.534s][info ][safepoint     ] Application time: 1.0006071 seconds
[2023-10-19T21:18:34.003+0000][2388.534s][info ][safepoint     ] Entering safepoint region: Cleanup
[2023-10-19T21:18:34.003+0000][2388.535s][info ][safepoint     ] Leaving safepoint region
[2023-10-19T21:18:34.004+0000][2388.535s][info ][safepoint     ] Total time for which application threads were stopped: 0.0009530 seconds, Stopping threads took: 0.0003615 seconds
[2023-10-19T21:18:35.005+0000][2389.536s][debug][safepoint     ] Safepoint synchronization initiated. (178 threads)
[2023-10-19T21:18:35.005+0000][2389.537s][info ][safepoint     ] Application time: 1.0007696 seconds
[2023-10-19T21:18:35.005+0000][2389.537s][info ][safepoint     ] Entering safepoint region: Cleanup
[2023-10-19T21:18:35.006+0000][2389.537s][info ][safepoint     ] Leaving safepoint region
[2023-10-19T21:18:35.006+0000][2389.538s][info ][safepoint     ] Total time for which application threads were stopped: 0.0009066 seconds, Stopping threads took: 0.0003561 seconds
[2023-10-19T21:18:36.007+0000][2390.538s][debug][safepoint     ] Safepoint synchronization initiated. (178 threads)
[2023-10-19T21:18:36.008+0000][2390.540s][info ][safepoint     ] Application time: 1.0015393 seconds
[2023-10-19T21:18:36.009+0000][2390.541s][debug][safepoint     ] Waiting for 1 thread(s) to block
[2023-10-19T21:18:36.011+0000][2390.542s][info ][safepoint     ] Entering safepoint region: Cleanup
[2023-10-19T21:18:36.012+0000][2390.543s][info ][safepoint     ] Leaving safepoint region
[2023-10-19T21:18:36.013+0000][2390.544s][info ][safepoint     ] Total time for which application threads were stopped: 0.0034932 seconds, Stopping threads took: 0.0022880 seconds
[2023-10-19T21:18:37.014+0000][2391.545s][debug][safepoint     ] Safepoint synchronization initiated. (178 threads)
[2023-10-19T21:18:37.015+0000][2391.546s][info ][safepoint     ] Application time: 1.0013084 seconds
[2023-10-19T21:18:37.016+0000][2391.547s][info ][safepoint     ] Entering safepoint region: Cleanup
[2023-10-19T21:18:37.017+0000][2391.548s][info ][safepoint     ] Leaving safepoint region
[2023-10-19T21:18:37.018+0000][2391.549s][info ][safepoint     ] Total time for which application threads were stopped: 0.0019221 seconds, Stopping threads took: 0.0008021 seconds
[2023-10-19T21:18:38.019+0000][2392.550s][debug][safepoint     ] Safepoint synchronization initiated. (178 threads)
[2023-10-19T21:18:38.019+0000][2392.551s][info ][safepoint     ] Application time: 1.0010225 seconds
[2023-10-19T21:18:38.020+0000][2392.551s][info ][safepoint     ] Entering safepoint region: Cleanup
[2023-10-19T21:18:38.021+0000][2392.552s][info ][safepoint     ] Leaving safepoint region
[2023-10-19T21:18:38.021+0000][2392.553s][info ][safepoint     ] Total time for which application threads were stopped: 0.0012435 seconds, Stopping threads took: 0.0006086 seconds
[2023-10-19T21:18:39.022+0000][2393.553s][debug][safepoint     ] Safepoint synchronization initiated. (178 threads)
[2023-10-19T21:18:39.023+0000][2393.555s][info ][safepoint     ] Application time: 1.0013268 seconds
[2023-10-19T21:18:39.024+0000][2393.555s][info ][safepoint     ] Entering safepoint region: Cleanup
[2023-10-19T21:18:39.025+0000][2393.556s][info ][safepoint     ] Leaving safepoint region
[2023-10-19T21:18:39.026+0000][2393.557s][info ][safepoint     ] Total time for which application threads were stopped: 0.0018964 seconds, Stopping threads took: 0.0008486 seconds
[2023-10-19T21:18:40.027+0000][2394.558s][debug][safepoint     ] Safepoint synchronization initiated. (178 threads)
[2023-10-19T21:18:40.028+0000][2394.559s][info ][safepoint     ] Application time: 1.0012923 seconds
[2023-10-19T21:18:40.029+0000][2394.560s][info ][safepoint     ] Entering safepoint region: Cleanup
[2023-10-19T21:18:40.030+0000][2394.561s][info ][safepoint     ] Leaving safepoint region
[2023-10-19T21:18:40.031+0000][2394.562s][info ][safepoint     ] Total time for which application threads were stopped: 0.0021087 seconds, Stopping threads took: 0.0009465 seconds
[2023-10-19T21:18:41.032+0000][2395.563s][debug][safepoint     ] Safepoint synchronization initiated. (178 threads)
[2023-10-19T21:18:41.033+0000][2395.565s][info ][safepoint     ] Application time: 1.0016061 seconds
[2023-10-19T21:18:41.034+0000][2395.566s][info ][safepoint     ] Entering safepoint region: Cleanup
[2023-10-19T21:18:41.035+0000][2395.567s][info ][safepoint     ] Leaving safepoint region
[2023-10-19T21:18:41.036+0000][2395.568s][info ][safepoint     ] Total time for which application threads were stopped: 0.0021546 seconds, Stopping threads took: 0.0009493 seconds
[2023-10-19T21:18:42.037+0000][2396.569s][debug][safepoint     ] Safepoint synchronization initiated. (177 threads)
[2023-10-19T21:18:42.038+0000][2396.570s][info ][safepoint     ] Application time: 1.0011057 seconds
[2023-10-19T21:18:42.039+0000][2396.570s][info ][safepoint     ] Entering safepoint region: Cleanup
[2023-10-19T21:18:42.040+0000][2396.571s][info ][safepoint     ] Leaving safepoint region
[2023-10-19T21:18:42.040+0000][2396.572s][info ][safepoint     ] Total time for which application threads were stopped: 0.0015472 seconds, Stopping threads took: 0.0006992 seconds
[2023-10-19T21:18:43.041+0000][2397.573s][debug][safepoint     ] Safepoint synchronization initiated. (177 threads)
[2023-10-19T21:18:43.043+0000][2397.574s][info ][safepoint     ] Application time: 1.0017421 seconds
[2023-10-19T21:18:43.044+0000][2397.576s][info ][safepoint     ] Entering safepoint region: Cleanup
[2023-10-19T21:18:43.045+0000][2397.577s][info ][safepoint     ] Leaving safepoint region
[2023-10-19T21:18:43.046+0000][2397.578s][info ][safepoint     ] Total time for which application threads were stopped: 0.0022732 seconds, Stopping threads took: 0.0010474 seconds
[2023-10-19T21:18:44.047+0000][2398.579s][debug][safepoint     ] Safepoint synchronization initiated. (177 threads)
[2023-10-19T21:18:44.048+0000][2398.579s][info ][safepoint     ] Application time: 1.0008659 seconds
[2023-10-19T21:18:44.049+0000][2398.580s][info ][safepoint     ] Entering safepoint region: Cleanup
[2023-10-19T21:18:44.049+0000][2398.581s][info ][safepoint     ] Leaving safepoint region
[2023-10-19T21:18:44.050+0000][2398.581s][info ][safepoint     ] Total time for which application threads were stopped: 0.0012111 seconds, Stopping threads took: 0.0005661 seconds
[2023-10-19T21:18:45.050+0000][2399.582s][debug][safepoint     ] Safepoint synchronization initiated. (177 threads)
[2023-10-19T21:18:45.051+0000][2399.583s][info ][safepoint     ] Application time: 1.0013186 seconds
[2023-10-19T21:18:45.053+0000][2399.584s][info ][safepoint     ] Entering safepoint region: Cleanup
[2023-10-19T21:18:45.054+0000][2399.585s][info ][safepoint     ] Leaving safepoint region
[2023-10-19T21:18:45.055+0000][2399.586s][info ][safepoint     ] Total time for which application threads were stopped: 0.0020660 seconds, Stopping threads took: 0.0010397 seconds
[2023-10-19T21:18:46.055+0000][2400.587s][debug][safepoint     ] Safepoint synchronization initiated. (177 threads)
[2023-10-19T21:18:46.056+0000][2400.587s][info ][safepoint     ] Application time: 1.0009471 seconds
[2023-10-19T21:18:46.056+0000][2400.588s][info ][safepoint     ] Entering safepoint region: Cleanup
[2023-10-19T21:18:46.057+0000][2400.589s][info ][safepoint     ] Leaving safepoint region
[2023-10-19T21:18:46.057+0000][2400.589s][info ][safepoint     ] Total time for which application threads were stopped: 0.0010868 seconds, Stopping threads took: 0.0004759 seconds
[2023-10-19T21:18:47.058+0000][2401.590s][debug][safepoint     ] Safepoint synchronization initiated. (177 threads)
[2023-10-19T21:18:47.059+0000][2401.590s][info ][safepoint     ] Application time: 1.0006588 seconds
[2023-10-19T21:18:47.059+0000][2401.591s][info ][safepoint     ] Entering safepoint region: Cleanup
[2023-10-19T21:18:47.060+0000][2401.591s][info ][safepoint     ] Leaving safepoint region
[2023-10-19T21:18:47.060+0000][2401.591s][info ][safepoint     ] Total time for which application threads were stopped: 0.0009407 seconds, Stopping threads took: 0.0003937 seconds
[2023-10-19T21:18:48.061+0000][2402.592s][debug][safepoint     ] Safepoint synchronization initiated. (177 threads)
[2023-10-19T21:18:48.062+0000][2402.593s][info ][safepoint     ] Application time: 1.0016164 seconds
[2023-10-19T21:18:48.063+0000][2402.594s][info ][safepoint     ] Entering safepoint region: Cleanup
[2023-10-19T21:18:48.064+0000][2402.596s][info ][safepoint     ] Leaving safepoint region
[2023-10-19T21:18:48.065+0000][2402.597s][info ][safepoint     ] Total time for which application threads were stopped: 0.0022876 seconds, Stopping threads took: 0.0009197 seconds
[2023-10-19T21:18:49.066+0000][2403.597s][debug][safepoint     ] Safepoint synchronization initiated. (177 threads)
[2023-10-19T21:18:49.067+0000][2403.598s][info ][safepoint     ] Application time: 1.0010440 seconds
[2023-10-19T21:18:49.068+0000][2403.599s][info ][safepoint     ] Entering safepoint region: Cleanup
[2023-10-19T21:18:49.069+0000][2403.600s][info ][safepoint     ] Leaving safepoint region
[2023-10-19T21:18:49.070+0000][2403.601s][info ][safepoint     ] Total time for which application threads were stopped: 0.0018444 seconds, Stopping threads took: 0.0008025 seconds
[2023-10-19T21:18:50.070+0000][2404.602s][debug][safepoint     ] Safepoint synchronization initiated. (177 threads)
[2023-10-19T21:18:50.071+0000][2404.603s][info ][safepoint     ] Application time: 1.0013117 seconds
[2023-10-19T21:18:50.072+0000][2404.604s][info ][safepoint     ] Entering safepoint region: Cleanup
[2023-10-19T21:18:50.074+0000][2404.605s][info ][safepoint     ] Leaving safepoint region
[2023-10-19T21:18:50.074+0000][2404.606s][info ][safepoint     ] Total time for which application threads were stopped: 0.0020765 seconds, Stopping threads took: 0.0010234 seconds
[2023-10-19T21:18:51.075+0000][2405.607s][debug][safepoint     ] Safepoint synchronization initiated. (177 threads)
[2023-10-19T21:18:51.076+0000][2405.607s][info ][safepoint     ] Application time: 1.0009751 seconds
[2023-10-19T21:18:51.077+0000][2405.608s][info ][safepoint     ] Entering safepoint region: Cleanup
[2023-10-19T21:18:51.078+0000][2405.609s][info ][safepoint     ] Leaving safepoint region
[2023-10-19T21:18:51.079+0000][2405.610s][info ][safepoint     ] Total time for which application threads were stopped: 0.0018623 seconds, Stopping threads took: 0.0008484 seconds
[2023-10-19T21:18:52.080+0000][2406.611s][debug][safepoint     ] Safepoint synchronization initiated. (177 threads)
[2023-10-19T21:18:52.080+0000][2406.612s][info ][safepoint     ] Application time: 1.0008138 seconds
[2023-10-19T21:18:52.081+0000][2406.612s][info ][safepoint     ] Entering safepoint region: Cleanup
[2023-10-19T21:18:52.082+0000][2406.613s][info ][safepoint     ] Leaving safepoint region
[2023-10-19T21:18:52.082+0000][2406.614s][info ][safepoint     ] Total time for which application threads were stopped: 0.0015166 seconds, Stopping threads took: 0.0006672 seconds
[2023-10-19T21:18:53.083+0000][2407.615s][debug][safepoint     ] Safepoint synchronization initiated. (177 threads)
[2023-10-19T21:18:53.084+0000][2407.616s][info ][safepoint     ] Application time: 1.0016717 seconds
[2023-10-19T21:18:53.085+0000][2407.617s][info ][safepoint     ] Entering safepoint region: Cleanup
[2023-10-19T21:18:53.086+0000][2407.618s][info ][safepoint     ] Leaving safepoint region
[2023-10-19T21:18:53.087+0000][2407.619s][info ][safepoint     ] Total time for which application threads were stopped: 0.0020745 seconds, Stopping threads took: 0.0009741 seconds
[2023-10-19T21:18:54.088+0000][2408.620s][debug][safepoint     ] Safepoint synchronization initiated. (177 threads)
[2023-10-19T21:18:54.089+0000][2408.621s][info ][safepoint     ] Application time: 1.0009505 seconds
[2023-10-19T21:18:54.089+0000][2408.621s][info ][safepoint     ] Entering safepoint region: Cleanup
[2023-10-19T21:18:54.090+0000][2408.622s][info ][safepoint     ] Leaving safepoint region
[2023-10-19T21:18:54.090+0000][2408.622s][info ][safepoint     ] Total time for which application threads were stopped: 0.0011907 seconds, Stopping threads took: 0.0004474 seconds
[2023-10-19T21:18:55.091+0000][2409.623s][debug][safepoint     ] Safepoint synchronization initiated. (177 threads)
[2023-10-19T21:18:55.092+0000][2409.624s][info ][safepoint     ] Application time: 1.0014537 seconds
[2023-10-19T21:18:55.094+0000][2409.626s][info ][safepoint     ] Entering safepoint region: Cleanup
[2023-10-19T21:18:55.095+0000][2409.627s][info ][safepoint     ] Leaving safepoint region
[2023-10-19T21:18:55.096+0000][2409.628s][info ][safepoint     ] Total time for which application threads were stopped: 0.0024780 seconds, Stopping threads took: 0.0011086 seconds
[2023-10-19T21:18:56.097+0000][2410.629s][debug][safepoint     ] Safepoint synchronization initiated. (177 threads)
[2023-10-19T21:18:56.098+0000][2410.630s][info ][safepoint     ] Application time: 1.0013241 seconds
[2023-10-19T21:18:56.099+0000][2410.631s][info ][safepoint     ] Entering safepoint region: Cleanup
[2023-10-19T21:18:56.101+0000][2410.633s][info ][safepoint     ] Leaving safepoint region
[2023-10-19T21:18:56.102+0000][2410.634s][info ][safepoint     ] Total time for which application threads were stopped: 0.0023705 seconds, Stopping threads took: 0.0010488 seconds
[2023-10-19T21:18:57.103+0000][2411.635s][debug][safepoint     ] Safepoint synchronization initiated. (177 threads)
[2023-10-19T21:18:57.103+0000][2411.635s][info ][safepoint     ] Application time: 1.0007663 seconds
[2023-10-19T21:18:57.104+0000][2411.636s][info ][safepoint     ] Entering safepoint region: Cleanup
[2023-10-19T21:18:57.105+0000][2411.636s][info ][safepoint     ] Leaving safepoint region
[2023-10-19T21:18:57.105+0000][2411.637s][info ][safepoint     ] Total time for which application threads were stopped: 0.0010362 seconds, Stopping threads took: 0.0004369 seconds
[2023-10-19T21:18:58.105+0000][2412.637s][debug][safepoint     ] Safepoint synchronization initiated. (177 threads)
[2023-10-19T21:18:58.106+0000][2412.638s][info ][safepoint     ] Application time: 1.0007058 seconds
[2023-10-19T21:18:58.107+0000][2412.639s][info ][safepoint     ] Entering safepoint region: Cleanup
[2023-10-19T21:18:58.107+0000][2412.639s][info ][safepoint     ] Leaving safepoint region
[2023-10-19T21:18:58.108+0000][2412.640s][info ][safepoint     ] Total time for which application threads were stopped: 0.0010842 seconds, Stopping threads took: 0.0003802 seconds
[2023-10-19T21:18:59.108+0000][2413.640s][debug][safepoint     ] Safepoint synchronization initiated. (177 threads)
[2023-10-19T21:18:59.109+0000][2413.641s][info ][safepoint     ] Application time: 1.0009728 seconds
[2023-10-19T21:18:59.110+0000][2413.642s][info ][safepoint     ] Entering safepoint region: Cleanup
[2023-10-19T21:18:59.110+0000][2413.642s][info ][safepoint     ] Leaving safepoint region
[2023-10-19T21:18:59.111+0000][2413.643s][info ][safepoint     ] Total time for which application threads were stopped: 0.0011501 seconds, Stopping threads took: 0.0004709 seconds
[2023-10-19T21:19:00.111+0000][2414.643s][debug][safepoint     ] Safepoint synchronization initiated. (177 threads)
[2023-10-19T21:19:00.112+0000][2414.644s][info ][safepoint     ] Application time: 1.0008387 seconds
[2023-10-19T21:19:00.113+0000][2414.645s][info ][safepoint     ] Entering safepoint region: Cleanup
[2023-10-19T21:19:00.113+0000][2414.645s][info ][safepoint     ] Leaving safepoint region
[2023-10-19T21:19:00.114+0000][2414.646s][info ][safepoint     ] Total time for which application threads were stopped: 0.0011968 seconds, Stopping threads took: 0.0005252 seconds
[2023-10-19T21:19:01.115+0000][2415.647s][debug][safepoint     ] Safepoint synchronization initiated. (177 threads)
[2023-10-19T21:19:01.116+0000][2415.648s][info ][safepoint     ] Application time: 1.0006077 seconds
[2023-10-19T21:19:01.116+0000][2415.648s][info ][safepoint     ] Entering safepoint region: Cleanup
[2023-10-19T21:19:01.117+0000][2415.649s][info ][safepoint     ] Leaving safepoint region
[2023-10-19T21:19:01.117+0000][2415.649s][info ][safepoint     ] Total time for which application threads were stopped: 0.0008580 seconds, Stopping threads took: 0.0003852 seconds
[2023-10-19T21:19:02.117+0000][2416.649s][debug][safepoint     ] Safepoint synchronization initiated. (177 threads)
[2023-10-19T21:19:02.118+0000][2416.650s][info ][safepoint     ] Application time: 1.0007317 seconds
[2023-10-19T21:19:02.119+0000][2416.650s][info ][safepoint     ] Entering safepoint region: Cleanup
[2023-10-19T21:19:02.119+0000][2416.651s][info ][safepoint     ] Leaving safepoint region
[2023-10-19T21:19:02.120+0000][2416.652s][info ][safepoint     ] Total time for which application threads were stopped: 0.0011249 seconds, Stopping threads took: 0.0004726 seconds
[2023-10-19T21:19:03.120+0000][2417.652s][debug][safepoint     ] Safepoint synchronization initiated. (177 threads)
[2023-10-19T21:19:03.121+0000][2417.653s][info ][safepoint     ] Application time: 1.0007066 seconds
[2023-10-19T21:19:03.121+0000][2417.653s][info ][safepoint     ] Entering safepoint region: Cleanup
[2023-10-19T21:19:03.123+0000][2417.655s][info ][safepoint     ] Leaving safepoint region
[2023-10-19T21:19:03.124+0000][2417.656s][info ][safepoint     ] Total time for which application threads were stopped: 0.0028245 seconds, Stopping threads took: 0.0020231 seconds
[2023-10-19T21:19:04.125+0000][2418.657s][debug][safepoint     ] Safepoint synchronization initiated. (177 threads)
[2023-10-19T21:19:04.127+0000][2418.659s][info ][safepoint     ] Application time: 1.0018860 seconds
[2023-10-19T21:19:04.127+0000][2418.659s][info ][safepoint     ] Entering safepoint region: Cleanup
[2023-10-19T21:19:04.128+0000][2418.660s][info ][safepoint     ] Leaving safepoint region
[2023-10-19T21:19:04.129+0000][2418.661s][info ][safepoint     ] Total time for which application threads were stopped: 0.0022608 seconds, Stopping threads took: 0.0004435 seconds
[2023-10-19T21:19:05.130+0000][2419.662s][debug][safepoint     ] Safepoint synchronization initiated. (177 threads)
[2023-10-19T21:19:05.135+0000][2419.667s][info ][safepoint     ] Application time: 1.0048773 seconds
[2023-10-19T21:19:05.138+0000][2419.670s][info ][safepoint     ] Entering safepoint region: Cleanup
[2023-10-19T21:19:05.140+0000][2419.671s][info ][safepoint     ] Leaving safepoint region
[2023-10-19T21:19:05.142+0000][2419.674s][info ][safepoint     ] Total time for which application threads were stopped: 0.0038908 seconds, Stopping threads took: 0.0015964 seconds
[2023-10-19T21:19:06.143+0000][2420.675s][debug][safepoint     ] Safepoint synchronization initiated. (177 threads)
[2023-10-19T21:19:06.143+0000][2420.675s][info ][safepoint     ] Application time: 1.0006685 seconds
[2023-10-19T21:19:06.173+0000][2420.705s][info ][safepoint     ] Entering safepoint region: Cleanup
[2023-10-19T21:19:06.175+0000][2420.706s][info ][safepoint     ] Leaving safepoint region
[2023-10-19T21:19:06.177+0000][2420.709s][info ][safepoint     ] Total time for which application threads were stopped: 0.0330818 seconds, Stopping threads took: 0.0306858 seconds
[2023-10-19T21:19:07.178+0000][2421.710s][debug][safepoint     ] Safepoint synchronization initiated. (177 threads)
[2023-10-19T21:19:07.180+0000][2421.712s][info ][safepoint     ] Application time: 1.0015486 seconds
[2023-10-19T21:19:07.181+0000][2421.713s][info ][safepoint     ] Entering safepoint region: Cleanup
[2023-10-19T21:19:07.187+0000][2421.719s][info ][safepoint     ] Leaving safepoint region
[2023-10-19T21:19:07.188+0000][2421.720s][info ][safepoint     ] Total time for which application threads were stopped: 0.0068899 seconds, Stopping threads took: 0.0058457 seconds
[2023-10-19T21:19:08.189+0000][2422.721s][debug][safepoint     ] Safepoint synchronization initiated. (177 threads)
[2023-10-19T21:19:08.196+0000][2422.728s][info ][safepoint     ] Application time: 1.0077930 seconds
[2023-10-19T21:19:08.201+0000][2422.733s][info ][safepoint     ] Entering safepoint region: Cleanup
[2023-10-19T21:19:08.209+0000][2422.741s][info ][safepoint     ] Leaving safepoint region
[2023-10-19T21:19:08.210+0000][2422.742s][info ][safepoint     ] Total time for which application threads were stopped: 0.0092349 seconds, Stopping threads took: 0.0083483 seconds
[2023-10-19T21:19:09.210+0000][2423.742s][debug][safepoint     ] Safepoint synchronization initiated. (177 threads)
[2023-10-19T21:19:09.215+0000][2423.747s][info ][safepoint     ] Application time: 1.0048177 seconds
[2023-10-19T21:19:09.221+0000][2423.753s][info ][safepoint     ] Entering safepoint region: Cleanup
[2023-10-19T21:19:09.222+0000][2423.754s][info ][safepoint     ] Leaving safepoint region
[2023-10-19T21:19:09.226+0000][2423.758s][info ][safepoint     ] Total time for which application threads were stopped: 0.0044361 seconds, Stopping threads took: 0.0005149 seconds
[2023-10-19T21:19:10.227+0000][2424.759s][debug][safepoint     ] Safepoint synchronization initiated. (177 threads)
[2023-10-19T21:19:10.235+0000][2424.767s][info ][safepoint     ] Application time: 1.0080912 seconds
[2023-10-19T21:19:10.243+0000][2424.775s][info ][safepoint     ] Entering safepoint region: Cleanup
[2023-10-19T21:19:10.245+0000][2424.777s][info ][safepoint     ] Leaving safepoint region
[2023-10-19T21:19:10.246+0000][2424.778s][info ][safepoint     ] Total time for which application threads were stopped: 0.0028768 seconds, Stopping threads took: 0.0013095 seconds
[2023-10-19T21:19:11.248+0000][2425.780s][debug][safepoint     ] Safepoint synchronization initiated. (177 threads)
[2023-10-19T21:19:11.271+0000][2425.803s][info ][safepoint     ] Application time: 1.0232222 seconds
[2023-10-19T21:19:11.273+0000][2425.805s][info ][safepoint     ] Entering safepoint region: Cleanup
[2023-10-19T21:19:11.274+0000][2425.806s][info ][safepoint     ] Leaving safepoint region
[2023-10-19T21:19:11.277+0000][2425.809s][info ][safepoint     ] Total time for which application threads were stopped: 0.0037615 seconds, Stopping threads took: 0.0006902 seconds
[2023-10-19T21:19:12.285+0000][2426.817s][debug][safepoint     ] Safepoint synchronization initiated. (177 threads)
[2023-10-19T21:19:12.286+0000][2426.817s][info ][safepoint     ] Application time: 1.0015285 seconds
[2023-10-19T21:19:12.288+0000][2426.820s][info ][safepoint     ] Entering safepoint region: Cleanup
[2023-10-19T21:19:12.289+0000][2426.821s][info ][safepoint     ] Leaving safepoint region
[2023-10-19T21:19:12.293+0000][2426.825s][info ][safepoint     ] Total time for which application threads were stopped: 0.0052488 seconds, Stopping threads took: 0.0007462 seconds
[2023-10-19T21:19:13.295+0000][2427.827s][debug][safepoint     ] Safepoint synchronization initiated. (177 threads)
[2023-10-19T21:19:13.297+0000][2427.829s][info ][safepoint     ] Application time: 1.0026875 seconds
[2023-10-19T21:19:13.311+0000][2427.843s][info ][safepoint     ] Entering safepoint region: Cleanup
[2023-10-19T21:19:13.313+0000][2427.845s][info ][safepoint     ] Leaving safepoint region
[2023-10-19T21:19:13.314+0000][2427.846s][info ][safepoint     ] Total time for which application threads were stopped: 0.0034065 seconds, Stopping threads took: 0.0025098 seconds
[2023-10-19T21:19:14.323+0000][2428.855s][debug][safepoint     ] Safepoint synchronization initiated. (177 threads)
[2023-10-19T21:19:14.327+0000][2428.859s][info ][safepoint     ] Application time: 1.0043378 seconds
[2023-10-19T21:19:14.328+0000][2428.860s][info ][safepoint     ] Entering safepoint region: Cleanup
[2023-10-19T21:19:14.330+0000][2428.862s][info ][safepoint     ] Leaving safepoint region
[2023-10-19T21:19:14.331+0000][2428.863s][info ][safepoint     ] Total time for which application threads were stopped: 0.0025059 seconds, Stopping threads took: 0.0012067 seconds
[2023-10-19T21:19:15.332+0000][2429.864s][debug][safepoint     ] Safepoint synchronization initiated. (177 threads)
[2023-10-19T21:19:15.337+0000][2429.868s][info ][safepoint     ] Application time: 1.0044710 seconds
[2023-10-19T21:19:15.339+0000][2429.871s][info ][safepoint     ] Entering safepoint region: Cleanup
[2023-10-19T21:19:15.342+0000][2429.873s][info ][safepoint     ] Leaving safepoint region
[2023-10-19T21:19:15.343+0000][2429.875s][info ][safepoint     ] Total time for which application threads were stopped: 0.0037613 seconds, Stopping threads took: 0.0020051 seconds
[2023-10-19T21:19:16.348+0000][2430.880s][debug][safepoint     ] Safepoint synchronization initiated. (177 threads)
[2023-10-19T21:19:16.351+0000][2430.883s][info ][safepoint     ] Application time: 1.0025818 seconds
[2023-10-19T21:19:16.352+0000][2430.883s][info ][safepoint     ] Entering safepoint region: Cleanup
[2023-10-19T21:19:16.356+0000][2430.888s][info ][safepoint     ] Leaving safepoint region
[2023-10-19T21:19:16.359+0000][2430.891s][info ][safepoint     ] Total time for which application threads were stopped: 0.0079328 seconds, Stopping threads took: 0.0039442 seconds
[2023-10-19T21:19:17.362+0000][2431.894s][debug][safepoint     ] Safepoint synchronization initiated. (177 threads)
[2023-10-19T21:19:17.391+0000][2431.923s][info ][safepoint     ] Application time: 1.0299379 seconds
[2023-10-19T21:19:17.400+0000][2431.932s][info ][safepoint     ] Entering safepoint region: Cleanup
[2023-10-19T21:19:17.401+0000][2431.933s][info ][safepoint     ] Leaving safepoint region
[2023-10-19T21:19:17.405+0000][2431.937s][info ][safepoint     ] Total time for which application threads were stopped: 0.0050309 seconds, Stopping threads took: 0.0009496 seconds
[2023-10-19T21:19:18.407+0000][2432.939s][debug][safepoint     ] Safepoint synchronization initiated. (177 threads)
[2023-10-19T21:19:18.409+0000][2432.941s][info ][safepoint     ] Application time: 1.0017097 seconds
[2023-10-19T21:19:18.411+0000][2432.943s][info ][safepoint     ] Entering safepoint region: Cleanup
[2023-10-19T21:19:18.414+0000][2432.946s][info ][safepoint     ] Leaving safepoint region
[2023-10-19T21:19:18.419+0000][2432.951s][info ][safepoint     ] Total time for which application threads were stopped: 0.0084631 seconds, Stopping threads took: 0.0027935 seconds
[2023-10-19T21:19:19.422+0000][2433.954s][debug][safepoint     ] Safepoint synchronization initiated. (177 threads)
[2023-10-19T21:19:19.438+0000][2433.970s][info ][safepoint     ] Application time: 1.0163924 seconds
[2023-10-19T21:19:19.448+0000][2433.980s][info ][safepoint     ] Entering safepoint region: Cleanup
[2023-10-19T21:19:19.463+0000][2433.995s][info ][safepoint     ] Leaving safepoint region
[2023-10-19T21:19:19.478+0000][2434.010s][info ][safepoint     ] Total time for which application threads were stopped: 0.0294642 seconds, Stopping threads took: 0.0150408 seconds
[2023-10-19T21:19:20.480+0000][2435.012s][debug][safepoint     ] Safepoint synchronization initiated. (177 threads)
[2023-10-19T21:19:20.482+0000][2435.014s][info ][safepoint     ] Application time: 1.0016318 seconds
[2023-10-19T21:19:20.483+0000][2435.015s][info ][safepoint     ] Entering safepoint region: Cleanup
[2023-10-19T21:19:20.488+0000][2435.021s][info ][safepoint     ] Leaving safepoint region
[2023-10-19T21:19:20.509+0000][2435.041s][info ][safepoint     ] Total time for which application threads were stopped: 0.0261538 seconds, Stopping threads took: 0.0049191 seconds
[2023-10-19T21:19:21.515+0000][2436.047s][debug][safepoint     ] Safepoint synchronization initiated. (177 threads)
[2023-10-19T21:19:21.525+0000][2436.057s][info ][safepoint     ] Application time: 1.0108110 seconds
[2023-10-19T21:19:21.549+0000][2436.081s][info ][safepoint     ] Entering safepoint region: Cleanup
[2023-10-19T21:19:21.553+0000][2436.085s][info ][safepoint     ] Leaving safepoint region
[2023-10-19T21:19:21.556+0000][2436.088s][info ][safepoint     ] Total time for which application threads were stopped: 0.0077661 seconds, Stopping threads took: 0.0044295 seconds
[2023-10-19T21:19:22.560+0000][2437.092s][debug][safepoint     ] Safepoint synchronization initiated. (177 threads)
[2023-10-19T21:19:22.591+0000][2437.123s][info ][safepoint     ] Application time: 1.0316462 seconds
[2023-10-19T21:19:22.600+0000][2437.132s][info ][safepoint     ] Entering safepoint region: Cleanup
[2023-10-19T21:19:22.611+0000][2437.143s][info ][safepoint     ] Leaving safepoint region
[2023-10-19T21:19:22.616+0000][2437.148s][info ][safepoint     ] Total time for which application threads were stopped: 0.0159889 seconds, Stopping threads took: 0.0109743 seconds
[2023-10-19T21:19:23.627+0000][2438.152s][debug][safepoint     ] Safepoint synchronization initiated. (177 threads)
[2023-10-19T21:19:23.655+0000][2438.179s][info ][safepoint     ] Application time: 1.0273584 seconds
[2023-10-19T21:19:23.684+0000][2438.209s][debug][safepoint     ] Waiting for 1 thread(s) to block
[2023-10-19T21:19:23.695+0000][2438.219s][info ][safepoint     ] Entering safepoint region: Cleanup
[2023-10-19T21:19:23.714+0000][2438.239s][info ][safepoint     ] Leaving safepoint region
[2023-10-19T21:19:23.717+0000][2438.241s][info ][safepoint     ] Total time for which application threads were stopped: 0.0327091 seconds, Stopping threads took: 0.0297396 seconds
[2023-10-19T21:19:24.729+0000][2439.253s][debug][safepoint     ] Safepoint synchronization initiated. (177 threads)
[2023-10-19T21:19:24.743+0000][2439.268s][info ][safepoint     ] Application time: 1.0149878 seconds
[2023-10-19T21:19:24.745+0000][2439.269s][info ][safepoint     ] Entering safepoint region: Cleanup
[2023-10-19T21:19:24.750+0000][2439.274s][info ][safepoint     ] Leaving safepoint region
[2023-10-19T21:19:24.759+0000][2439.283s][info ][safepoint     ] Total time for which application threads were stopped: 0.0141883 seconds, Stopping threads took: 0.0047943 seconds
[2023-10-19T21:19:25.763+0000][2440.287s][debug][safepoint     ] Safepoint synchronization initiated. (177 threads)
[2023-10-19T21:19:25.783+0000][2440.307s][info ][safepoint     ] Application time: 1.0197995 seconds
[2023-10-19T21:19:25.791+0000][2440.316s][info ][safepoint     ] Entering safepoint region: Cleanup
[2023-10-19T21:19:25.796+0000][2440.321s][info ][safepoint     ] Leaving safepoint region
[2023-10-19T21:19:25.803+0000][2440.328s][info ][safepoint     ] Total time for which application threads were stopped: 0.0124013 seconds, Stopping threads took: 0.0052162 seconds
[2023-10-19T21:19:26.809+0000][2441.333s][debug][safepoint     ] Safepoint synchronization initiated. (177 threads)
[2023-10-19T21:19:26.812+0000][2441.336s][info ][safepoint     ] Application time: 1.0034764 seconds
[2023-10-19T21:19:26.816+0000][2441.340s][info ][safepoint     ] Entering safepoint region: Cleanup
[2023-10-19T21:19:26.818+0000][2441.342s][info ][safepoint     ] Leaving safepoint region
[2023-10-19T21:19:26.825+0000][2441.349s][info ][safepoint     ] Total time for which application threads were stopped: 0.0091128 seconds, Stopping threads took: 0.0017792 seconds
[2023-10-19T21:19:27.834+0000][2442.358s][debug][safepoint     ] Safepoint synchronization initiated. (177 threads)
[2023-10-19T21:19:27.836+0000][2442.360s][info ][safepoint     ] Application time: 1.0020022 seconds
[2023-10-19T21:19:27.848+0000][2442.372s][info ][safepoint     ] Entering safepoint region: Cleanup
[2023-10-19T21:19:27.859+0000][2442.383s][info ][safepoint     ] Leaving safepoint region
[2023-10-19T21:19:27.869+0000][2442.394s][info ][safepoint     ] Total time for which application threads were stopped: 0.0213954 seconds, Stopping threads took: 0.0107560 seconds
[2023-10-19T21:19:28.881+0000][2443.405s][debug][safepoint     ] Safepoint synchronization initiated. (177 threads)
[2023-10-19T21:19:28.902+0000][2443.426s][info ][safepoint     ] Application time: 1.0207917 seconds
[2023-10-19T21:19:28.908+0000][2443.432s][info ][safepoint     ] Entering safepoint region: Cleanup
[2023-10-19T21:19:28.921+0000][2443.445s][info ][safepoint     ] Leaving safepoint region
[2023-10-19T21:19:28.934+0000][2443.459s][info ][safepoint     ] Total time for which application threads were stopped: 0.0261642 seconds, Stopping threads took: 0.0121518 seconds
[2023-10-19T21:19:29.951+0000][2444.475s][debug][safepoint     ] Safepoint synchronization initiated. (177 threads)
[2023-10-19T21:19:29.988+0000][2444.513s][info ][safepoint     ] Application time: 1.0372391 seconds
[2023-10-19T21:19:30.008+0000][2444.533s][info ][safepoint     ] Entering safepoint region: Cleanup
[2023-10-19T21:19:30.025+0000][2444.549s][info ][safepoint     ] Leaving safepoint region
[2023-10-19T21:19:30.039+0000][2444.563s][info ][safepoint     ] Total time for which application threads were stopped: 0.0302877 seconds, Stopping threads took: 0.0164337 seconds
[2023-10-19T21:19:31.052+0000][2445.576s][debug][safepoint     ] Safepoint synchronization initiated. (177 threads)
[2023-10-19T21:19:31.070+0000][2445.595s][info ][safepoint     ] Application time: 1.0195880 seconds
[2023-10-19T21:19:31.075+0000][2445.599s][info ][safepoint     ] Entering safepoint region: Cleanup
[2023-10-19T21:19:31.090+0000][2445.614s][info ][safepoint     ] Leaving safepoint region
[2023-10-19T21:19:31.093+0000][2445.617s][info ][safepoint     ] Total time for which application threads were stopped: 0.0181094 seconds, Stopping threads took: 0.0149724 seconds
[2023-10-19T21:19:32.095+0000][2446.620s][debug][safepoint     ] Safepoint synchronization initiated. (177 threads)
[2023-10-19T21:19:32.109+0000][2446.634s][info ][safepoint     ] Application time: 1.0142468 seconds
[2023-10-19T21:19:32.111+0000][2446.635s][info ][safepoint     ] Entering safepoint region: Cleanup
[2023-10-19T21:19:32.121+0000][2446.645s][info ][safepoint     ] Leaving safepoint region
[2023-10-19T21:19:32.143+0000][2446.668s][info ][safepoint     ] Total time for which application threads were stopped: 0.0325320 seconds, Stopping threads took: 0.0101219 seconds
[2023-10-19T21:19:33.150+0000][2447.675s][debug][safepoint     ] Safepoint synchronization initiated. (177 threads)
[2023-10-19T21:19:33.156+0000][2447.680s][info ][safepoint     ] Application time: 1.0060638 seconds
[2023-10-19T21:19:33.158+0000][2447.682s][info ][safepoint     ] Entering safepoint region: Cleanup
[2023-10-19T21:19:33.160+0000][2447.684s][info ][safepoint     ] Leaving safepoint region
[2023-10-19T21:19:33.171+0000][2447.695s][info ][safepoint     ] Total time for which application threads were stopped: 0.0133512 seconds, Stopping threads took: 0.0024287 seconds
[2023-10-19T21:19:34.175+0000][2448.699s][debug][safepoint     ] Safepoint synchronization initiated. (177 threads)
[2023-10-19T21:19:34.178+0000][2448.703s][info ][safepoint     ] Application time: 1.0035460 seconds
[2023-10-19T21:19:34.181+0000][2448.705s][info ][safepoint     ] Entering safepoint region: Cleanup
[2023-10-19T21:19:34.183+0000][2448.707s][info ][safepoint     ] Leaving safepoint region
[2023-10-19T21:19:34.189+0000][2448.714s][info ][safepoint     ] Total time for which application threads were stopped: 0.0086776 seconds, Stopping threads took: 0.0017377 seconds
[2023-10-19T21:19:35.192+0000][2449.716s][debug][safepoint     ] Safepoint synchronization initiated. (177 threads)
[2023-10-19T21:19:35.210+0000][2449.734s][info ][safepoint     ] Application time: 1.0179444 seconds
[2023-10-19T21:19:35.241+0000][2449.765s][info ][safepoint     ] Entering safepoint region: Cleanup
[2023-10-19T21:19:35.267+0000][2449.791s][info ][safepoint     ] Leaving safepoint region
[2023-10-19T21:19:35.278+0000][2449.803s][info ][safepoint     ] Total time for which application threads were stopped: 0.0374058 seconds, Stopping threads took: 0.0256313 seconds
[2023-10-19T21:19:36.318+0000][2450.843s][debug][safepoint     ] Safepoint synchronization initiated. (177 threads)
[2023-10-19T21:19:36.356+0000][2450.880s][info ][safepoint     ] Application time: 1.0376390 seconds
[2023-10-19T21:19:36.374+0000][2450.898s][info ][safepoint     ] Entering safepoint region: Cleanup
[2023-10-19T21:19:36.378+0000][2450.903s][info ][safepoint     ] Leaving safepoint region
[2023-10-19T21:19:36.410+0000][2450.934s][info ][safepoint     ] Total time for which application threads were stopped: 0.0355637 seconds, Stopping threads took: 0.0040548 seconds
[2023-10-19T21:19:37.424+0000][2451.948s][debug][safepoint     ] Safepoint synchronization initiated. (177 threads)
[2023-10-19T21:19:37.441+0000][2451.965s][info ][safepoint     ] Application time: 1.0167078 seconds
[2023-10-19T21:19:37.455+0000][2451.980s][info ][safepoint     ] Entering safepoint region: Cleanup
[2023-10-19T21:19:37.473+0000][2451.997s][info ][safepoint     ] Leaving safepoint region
[2023-10-19T21:19:37.481+0000][2452.005s][info ][safepoint     ] Total time for which application threads were stopped: 0.0259344 seconds, Stopping threads took: 0.0177018 seconds
[2023-10-19T21:19:38.497+0000][2453.021s][debug][safepoint     ] Safepoint synchronization initiated. (177 threads)
[2023-10-19T21:19:38.511+0000][2453.035s][info ][safepoint     ] Application time: 1.0142422 seconds
[2023-10-19T21:19:38.519+0000][2453.044s][info ][safepoint     ] Entering safepoint region: Cleanup
[2023-10-19T21:19:38.558+0000][2453.083s][info ][safepoint     ] Leaving safepoint region
[2023-10-19T21:19:38.588+0000][2453.113s][info ][safepoint     ] Total time for which application threads were stopped: 0.0689815 seconds, Stopping threads took: 0.0387408 seconds
[2023-10-19T21:19:39.623+0000][2454.147s][debug][safepoint     ] Safepoint synchronization initiated. (177 threads)
[2023-10-19T21:19:39.654+0000][2454.179s][info ][safepoint     ] Application time: 1.0314303 seconds
[2023-10-19T21:19:39.666+0000][2454.191s][debug][safepoint     ] ... found polling page return exception at pc = 0x00007fbdb0a26cda, stub =0x00007fbda8840600
[2023-10-19T21:19:39.672+0000][2454.196s][debug][safepoint     ] Waiting for 3 thread(s) to block
[2023-10-19T21:19:39.686+0000][2454.210s][info ][safepoint     ] Entering safepoint region: Cleanup
[2023-10-19T21:19:39.700+0000][2454.224s][info ][safepoint     ] Leaving safepoint region
[2023-10-19T21:19:39.722+0000][2454.247s][info ][safepoint     ] Total time for which application threads were stopped: 0.0561347 seconds, Stopping threads took: 0.0336849 seconds
[2023-10-19T21:19:40.729+0000][2455.253s][debug][safepoint     ] Safepoint synchronization initiated. (177 threads)
[2023-10-19T21:19:40.760+0000][2455.284s][info ][safepoint     ] Application time: 1.0308239 seconds
[2023-10-19T21:19:40.773+0000][2455.297s][info ][safepoint     ] Entering safepoint region: Cleanup
[2023-10-19T21:19:40.786+0000][2455.310s][info ][safepoint     ] Leaving safepoint region
[2023-10-19T21:19:40.828+0000][2455.352s][info ][safepoint     ] Total time for which application threads were stopped: 0.0552166 seconds, Stopping threads took: 0.0130221 seconds
[2023-10-19T21:19:41.872+0000][2456.396s][debug][safepoint     ] Safepoint synchronization initiated. (177 threads)
[2023-10-19T21:19:41.891+0000][2456.416s][info ][safepoint     ] Application time: 1.0195148 seconds
[2023-10-19T21:19:41.909+0000][2456.433s][info ][safepoint     ] Entering safepoint region: Cleanup
[2023-10-19T21:19:41.927+0000][2456.451s][info ][safepoint     ] Leaving safepoint region
[2023-10-19T21:19:41.941+0000][2456.466s][info ][safepoint     ] Total time for which application threads were stopped: 0.0326363 seconds, Stopping threads took: 0.0175645 seconds
[2023-10-19T21:19:42.950+0000][2457.474s][debug][safepoint     ] Safepoint synchronization initiated. (177 threads)
[2023-10-19T21:19:42.962+0000][2457.486s][info ][safepoint     ] Application time: 1.0117645 seconds
[2023-10-19T21:19:42.973+0000][2457.498s][info ][safepoint     ] Entering safepoint region: Cleanup
[2023-10-19T21:19:42.980+0000][2457.505s][info ][safepoint     ] Leaving safepoint region
[2023-10-19T21:19:42.990+0000][2457.515s][info ][safepoint     ] Total time for which application threads were stopped: 0.0173633 seconds, Stopping threads took: 0.0072896 seconds
[2023-10-19T21:19:44.003+0000][2458.527s][debug][safepoint     ] Safepoint synchronization initiated. (177 threads)
[2023-10-19T21:19:44.016+0000][2458.540s][info ][safepoint     ] Application time: 1.0132243 seconds
[2023-10-19T21:19:44.025+0000][2458.550s][info ][safepoint     ] Entering safepoint region: Cleanup
[2023-10-19T21:19:44.045+0000][2458.569s][info ][safepoint     ] Leaving safepoint region
[2023-10-19T21:19:44.078+0000][2458.602s][info ][safepoint     ] Total time for which application threads were stopped: 0.0524938 seconds, Stopping threads took: 0.0192063 seconds
[2023-10-19T21:19:45.094+0000][2459.619s][debug][safepoint     ] Safepoint synchronization initiated. (177 threads)
[2023-10-19T21:19:45.121+0000][2459.645s][info ][safepoint     ] Application time: 1.0265630 seconds
[2023-10-19T21:19:45.133+0000][2459.657s][info ][safepoint     ] Entering safepoint region: Cleanup
[2023-10-19T21:19:45.144+0000][2459.669s][info ][safepoint     ] Leaving safepoint region
[2023-10-19T21:19:45.158+0000][2459.682s][info ][safepoint     ] Total time for which application threads were stopped: 0.0250881 seconds, Stopping threads took: 0.0114868 seconds
[2023-10-19T21:19:46.164+0000][2460.688s][debug][safepoint     ] Safepoint synchronization initiated. (177 threads)
[2023-10-19T21:19:46.181+0000][2460.706s][info ][safepoint     ] Application time: 1.0174660 seconds
[2023-10-19T21:19:46.209+0000][2460.733s][info ][safepoint     ] Entering safepoint region: Cleanup
[2023-10-19T21:19:46.210+0000][2460.734s][info ][safepoint     ] Leaving safepoint region
[2023-10-19T21:19:46.223+0000][2460.748s][info ][safepoint     ] Total time for which application threads were stopped: 0.0142619 seconds, Stopping threads took: 0.0007886 seconds
[2023-10-19T21:19:47.252+0000][2461.777s][debug][safepoint     ] Safepoint synchronization initiated. (177 threads)
[2023-10-19T21:19:47.254+0000][2461.779s][info ][safepoint     ] Application time: 1.0022834 seconds
[2023-10-19T21:19:47.273+0000][2461.797s][info ][safepoint     ] Entering safepoint region: Cleanup
[2023-10-19T21:19:47.290+0000][2461.814s][info ][safepoint     ] Leaving safepoint region
[2023-10-19T21:19:47.316+0000][2461.840s][info ][safepoint     ] Total time for which application threads were stopped: 0.0429585 seconds, Stopping threads took: 0.0163771 seconds
[2023-10-19T21:19:48.320+0000][2462.844s][debug][safepoint     ] Safepoint synchronization initiated. (177 threads)
[2023-10-19T21:19:48.322+0000][2462.847s][info ][safepoint     ] Application time: 1.0028047 seconds
[2023-10-19T21:19:48.323+0000][2462.847s][info ][safepoint     ] Entering safepoint region: Cleanup
[2023-10-19T21:19:48.326+0000][2462.850s][info ][safepoint     ] Leaving safepoint region
[2023-10-19T21:19:48.336+0000][2462.860s][info ][safepoint     ] Total time for which application threads were stopped: 0.0127733 seconds, Stopping threads took: 0.0027230 seconds
[2023-10-19T21:19:49.338+0000][2463.862s][debug][safepoint     ] Safepoint synchronization initiated. (177 threads)
[2023-10-19T21:19:49.375+0000][2463.899s][info ][safepoint     ] Application time: 1.0364753 seconds
[2023-10-19T21:19:49.386+0000][2463.910s][info ][safepoint     ] Entering safepoint region: Cleanup
[2023-10-19T21:19:49.490+0000][2464.014s][info ][safepoint     ] Leaving safepoint region
[2023-10-19T21:19:49.538+0000][2464.062s][info ][safepoint     ] Total time for which application threads were stopped: 0.1519159 seconds, Stopping threads took: 0.1036573 seconds
[2023-10-19T21:19:50.539+0000][2465.063s][debug][safepoint     ] Safepoint synchronization initiated. (177 threads)
[2023-10-19T21:19:50.541+0000][2465.065s][info ][safepoint     ] Application time: 1.0021354 seconds
[2023-10-19T21:19:50.541+0000][2465.065s][info ][safepoint     ] Entering safepoint region: Cleanup
[2023-10-19T21:19:50.553+0000][2465.077s][info ][safepoint     ] Leaving safepoint region
[2023-10-19T21:19:50.592+0000][2465.116s][info ][safepoint     ] Total time for which application threads were stopped: 0.0508702 seconds, Stopping threads took: 0.0114429 seconds
[2023-10-19T21:19:51.607+0000][2466.132s][debug][safepoint     ] Safepoint synchronization initiated. (177 threads)
[2023-10-19T21:19:51.625+0000][2466.149s][info ][safepoint     ] Application time: 1.0176898 seconds
[2023-10-19T21:19:51.692+0000][2466.216s][info ][safepoint     ] Entering safepoint region: Cleanup
[2023-10-19T21:19:51.733+0000][2466.257s][info ][safepoint     ] Leaving safepoint region
[2023-10-19T21:19:51.761+0000][2466.285s][info ][safepoint     ] Total time for which application threads were stopped: 0.0686186 seconds, Stopping threads took: 0.0408880 seconds
[2023-10-19T21:19:52.768+0000][2467.293s][debug][safepoint     ] Safepoint synchronization initiated. (177 threads)
[2023-10-19T21:19:52.796+0000][2467.320s][info ][safepoint     ] Application time: 1.0280352 seconds
[2023-10-19T21:19:52.818+0000][2467.342s][info ][safepoint     ] Entering safepoint region: Cleanup
[2023-10-19T21:19:52.826+0000][2467.350s][info ][safepoint     ] Leaving safepoint region
[2023-10-19T21:19:52.884+0000][2467.406s][info ][safepoint     ] Total time for which application threads were stopped: 0.0643203 seconds, Stopping threads took: 0.0078885 seconds
[2023-10-19T21:19:53.898+0000][2468.421s][debug][safepoint     ] Safepoint synchronization initiated. (177 threads)
[2023-10-19T21:19:53.920+0000][2468.443s][info ][safepoint     ] Application time: 1.0221024 seconds
[2023-10-19T21:19:53.939+0000][2468.462s][info ][safepoint     ] Entering safepoint region: Cleanup
[2023-10-19T21:19:53.954+0000][2468.477s][info ][safepoint     ] Leaving safepoint region
[2023-10-19T21:19:53.984+0000][2468.507s][info ][safepoint     ] Total time for which application threads were stopped: 0.0450849 seconds, Stopping threads took: 0.0146596 seconds
[2023-10-19T21:19:54.992+0000][2469.515s][debug][safepoint     ] Safepoint synchronization initiated. (177 threads)
[2023-10-19T21:19:55.006+0000][2469.529s][info ][safepoint     ] Application time: 1.0146732 seconds
[2023-10-19T21:19:55.039+0000][2469.561s][info ][safepoint     ] Entering safepoint region: Cleanup
[2023-10-19T21:19:55.088+0000][2469.611s][info ][safepoint     ] Leaving safepoint region
[2023-10-19T21:19:55.107+0000][2469.629s][info ][safepoint     ] Total time for which application threads were stopped: 0.0682005 seconds, Stopping threads took: 0.0493383 seconds
[2023-10-19T21:19:56.122+0000][2470.644s][debug][safepoint     ] Safepoint synchronization initiated. (177 threads)
[2023-10-19T21:19:56.142+0000][2470.664s][info ][safepoint     ] Application time: 1.0208176 seconds
[2023-10-19T21:19:56.159+0000][2470.681s][info ][safepoint     ] Entering safepoint region: Cleanup
[2023-10-19T21:19:56.188+0000][2470.711s][info ][safepoint     ] Leaving safepoint region
[2023-10-19T21:19:56.209+0000][2470.732s][info ][safepoint     ] Total time for which application threads were stopped: 0.0507681 seconds, Stopping threads took: 0.0293618 seconds
[2023-10-19T21:19:57.221+0000][2471.744s][debug][safepoint     ] Safepoint synchronization initiated. (177 threads)
[2023-10-19T21:19:57.245+0000][2471.767s][info ][safepoint     ] Application time: 1.0239591 seconds
[2023-10-19T21:19:57.278+0000][2471.801s][info ][safepoint     ] Entering safepoint region: Cleanup
[2023-10-19T21:19:57.295+0000][2471.818s][info ][safepoint     ] Leaving safepoint region
[2023-10-19T21:19:57.323+0000][2471.845s][info ][safepoint     ] Total time for which application threads were stopped: 0.0447047 seconds, Stopping threads took: 0.0173008 seconds
[2023-10-19T21:19:58.340+0000][2472.862s][debug][safepoint     ] Safepoint synchronization initiated. (177 threads)
[2023-10-19T21:19:58.372+0000][2472.894s][info ][safepoint     ] Application time: 1.0325049 seconds
[2023-10-19T21:19:58.386+0000][2472.909s][info ][safepoint     ] Entering safepoint region: Cleanup
[2023-10-19T21:19:58.405+0000][2472.927s][info ][safepoint     ] Leaving safepoint region
[2023-10-19T21:19:58.415+0000][2472.938s][info ][safepoint     ] Total time for which application threads were stopped: 0.0297305 seconds, Stopping threads took: 0.0186967 seconds
[2023-10-19T21:19:59.418+0000][2473.941s][debug][safepoint     ] Safepoint synchronization initiated. (177 threads)
[2023-10-19T21:19:59.441+0000][2473.964s][info ][safepoint     ] Application time: 1.0233470 seconds
[2023-10-19T21:19:59.467+0000][2473.990s][info ][safepoint     ] Entering safepoint region: Cleanup
[2023-10-19T21:19:59.511+0000][2474.034s][info ][safepoint     ] Leaving safepoint region
[2023-10-19T21:19:59.539+0000][2474.062s][info ][safepoint     ] Total time for which application threads were stopped: 0.0723826 seconds, Stopping threads took: 0.0439003 seconds
[2023-10-19T21:20:00.571+0000][2475.094s][debug][safepoint     ] Safepoint synchronization initiated. (177 threads)
[2023-10-19T21:20:00.584+0000][2475.107s][info ][safepoint     ] Application time: 1.0128280 seconds
[2023-10-19T21:20:00.588+0000][2475.110s][info ][safepoint     ] Entering safepoint region: Cleanup
[2023-10-19T21:20:00.596+0000][2475.118s][info ][safepoint     ] Leaving safepoint region
[2023-10-19T21:20:00.605+0000][2475.128s][info ][safepoint     ] Total time for which application threads were stopped: 0.0179432 seconds, Stopping threads took: 0.0079387 seconds
[2023-10-19T21:20:01.614+0000][2476.136s][debug][safepoint     ] Safepoint synchronization initiated. (177 threads)
[2023-10-19T21:20:01.636+0000][2476.158s][info ][safepoint     ] Application time: 1.0219559 seconds
[2023-10-19T21:20:01.666+0000][2476.188s][info ][safepoint     ] Entering safepoint region: Cleanup
[2023-10-19T21:20:01.683+0000][2476.206s][info ][safepoint     ] Leaving safepoint region
[2023-10-19T21:20:01.703+0000][2476.225s][info ][safepoint     ] Total time for which application threads were stopped: 0.0369920 seconds, Stopping threads took: 0.0170227 seconds
[2023-10-19T21:20:02.708+0000][2477.231s][debug][safepoint     ] Safepoint synchronization initiated. (177 threads)
[2023-10-19T21:20:02.773+0000][2477.296s][info ][safepoint     ] Application time: 1.0652148 seconds
[2023-10-19T21:20:02.829+0000][2477.351s][info ][safepoint     ] Entering safepoint region: Cleanup
[2023-10-19T21:20:02.851+0000][2477.374s][info ][safepoint     ] Leaving safepoint region
[2023-10-19T21:20:02.864+0000][2477.387s][info ][safepoint     ] Total time for which application threads were stopped: 0.0352677 seconds, Stopping threads took: 0.0217809 seconds
[2023-10-19T21:20:03.893+0000][2478.415s][debug][safepoint     ] Safepoint synchronization initiated. (177 threads)
[2023-10-19T21:20:03.919+0000][2478.442s][info ][safepoint     ] Application time: 1.0266671 seconds
[2023-10-19T21:20:03.928+0000][2478.451s][info ][safepoint     ] Entering safepoint region: Cleanup
[2023-10-19T21:20:03.987+0000][2478.509s][info ][safepoint     ] Leaving safepoint region
[2023-10-19T21:20:03.992+0000][2478.515s][info ][safepoint     ] Total time for which application threads were stopped: 0.0643427 seconds, Stopping threads took: 0.0582255 seconds
[2023-10-19T21:20:05.004+0000][2479.527s][debug][safepoint     ] Safepoint synchronization initiated. (177 threads)
[2023-10-19T21:20:05.047+0000][2479.570s][info ][safepoint     ] Application time: 1.0429477 seconds
[2023-10-19T21:20:05.056+0000][2479.579s][info ][safepoint     ] Entering safepoint region: Cleanup
[2023-10-19T21:20:05.119+0000][2479.642s][info ][safepoint     ] Leaving safepoint region
[2023-10-19T21:20:05.159+0000][2479.682s][info ][safepoint     ] Total time for which application threads were stopped: 0.1030030 seconds, Stopping threads took: 0.0626776 seconds
[2023-10-19T21:20:06.205+0000][2480.727s][debug][safepoint     ] Safepoint synchronization initiated. (177 threads)
[2023-10-19T21:20:06.241+0000][2480.764s][info ][safepoint     ] Application time: 1.0368176 seconds
[2023-10-19T21:20:06.295+0000][2480.818s][info ][safepoint     ] Entering safepoint region: Cleanup
[2023-10-19T21:20:06.326+0000][2480.849s][info ][safepoint     ] Leaving safepoint region
[2023-10-19T21:20:06.358+0000][2480.881s][info ][safepoint     ] Total time for which application threads were stopped: 0.0625670 seconds, Stopping threads took: 0.0305319 seconds
[2023-10-19T21:20:07.365+0000][2481.887s][debug][safepoint     ] Safepoint synchronization initiated. (177 threads)
[2023-10-19T21:20:07.403+0000][2481.926s][info ][safepoint     ] Application time: 1.0387079 seconds
[2023-10-19T21:20:07.409+0000][2481.932s][info ][safepoint     ] Entering safepoint region: Cleanup
[2023-10-19T21:20:07.430+0000][2481.952s][info ][safepoint     ] Leaving safepoint region
[2023-10-19T21:20:07.449+0000][2481.972s][info ][safepoint     ] Total time for which application threads were stopped: 0.0406062 seconds, Stopping threads took: 0.0206419 seconds
[2023-10-19T21:20:08.469+0000][2482.991s][debug][safepoint     ] Safepoint synchronization initiated. (177 threads)
[2023-10-19T21:20:08.486+0000][2483.008s][info ][safepoint     ] Application time: 1.0171862 seconds
[2023-10-19T21:20:08.500+0000][2483.022s][info ][safepoint     ] Entering safepoint region: Cleanup
[2023-10-19T21:20:08.516+0000][2483.039s][info ][safepoint     ] Leaving safepoint region
[2023-10-19T21:20:08.531+0000][2483.054s][info ][safepoint     ] Total time for which application threads were stopped: 0.0312866 seconds, Stopping threads took: 0.0163949 seconds
[2023-10-19T21:20:09.536+0000][2484.059s][debug][safepoint     ] Safepoint synchronization initiated. (177 threads)
[2023-10-19T21:20:09.553+0000][2484.076s][info ][safepoint     ] Application time: 1.0171413 seconds
[2023-10-19T21:20:09.571+0000][2484.093s][info ][safepoint     ] Entering safepoint region: Cleanup
[2023-10-19T21:20:09.589+0000][2484.111s][info ][safepoint     ] Leaving safepoint region
[2023-10-19T21:20:09.601+0000][2484.124s][info ][safepoint     ] Total time for which application threads were stopped: 0.0304405 seconds, Stopping threads took: 0.0178131 seconds
[2023-10-19T21:20:10.614+0000][2485.137s][debug][safepoint     ] Safepoint synchronization initiated. (177 threads)
[2023-10-19T21:20:10.632+0000][2485.155s][info ][safepoint     ] Application time: 1.0183154 seconds
[2023-10-19T21:20:10.686+0000][2485.209s][info ][safepoint     ] Entering safepoint region: Cleanup
[2023-10-19T21:20:10.700+0000][2485.222s][info ][safepoint     ] Leaving safepoint region
[2023-10-19T21:20:10.722+0000][2485.244s][info ][safepoint     ] Total time for which application threads were stopped: 0.0354780 seconds, Stopping threads took: 0.0132246 seconds
[2023-10-19T21:20:11.730+0000][2486.252s][debug][safepoint     ] Safepoint synchronization initiated. (177 threads)
[2023-10-19T21:20:11.730+0000][2486.253s][info ][safepoint     ] Application time: 1.0009543 seconds
[2023-10-19T21:20:11.731+0000][2486.254s][info ][safepoint     ] Entering safepoint region: Cleanup
[2023-10-19T21:20:11.732+0000][2486.255s][info ][safepoint     ] Leaving safepoint region
[2023-10-19T21:20:11.733+0000][2486.255s][info ][safepoint     ] Total time for which application threads were stopped: 0.0016675 seconds, Stopping threads took: 0.0006930 seconds
[2023-10-19T21:20:12.734+0000][2487.256s][debug][safepoint     ] Safepoint synchronization initiated. (177 threads)
[2023-10-19T21:20:12.734+0000][2487.257s][info ][safepoint     ] Application time: 1.0007522 seconds
[2023-10-19T21:20:12.735+0000][2487.258s][info ][safepoint     ] Entering safepoint region: Cleanup
[2023-10-19T21:20:12.736+0000][2487.258s][info ][safepoint     ] Leaving safepoint region
[2023-10-19T21:20:12.736+0000][2487.259s][info ][safepoint     ] Total time for which application threads were stopped: 0.0014016 seconds, Stopping threads took: 0.0006315 seconds
[2023-10-19T21:20:13.737+0000][2488.260s][debug][safepoint     ] Safepoint synchronization initiated. (177 threads)
[2023-10-19T21:20:13.738+0000][2488.260s][info ][safepoint     ] Application time: 1.0009145 seconds
[2023-10-19T21:20:13.739+0000][2488.262s][info ][safepoint     ] Entering safepoint region: Cleanup
[2023-10-19T21:20:13.741+0000][2488.263s][info ][safepoint     ] Leaving safepoint region
[2023-10-19T21:20:13.742+0000][2488.264s][info ][safepoint     ] Total time for which application threads were stopped: 0.0028100 seconds, Stopping threads took: 0.0018357 seconds
[2023-10-19T21:20:14.742+0000][2489.265s][debug][safepoint     ] Safepoint synchronization initiated. (177 threads)
[2023-10-19T21:20:14.747+0000][2489.270s][info ][safepoint     ] Application time: 1.0049540 seconds
[2023-10-19T21:20:14.751+0000][2489.273s][info ][safepoint     ] Entering safepoint region: Cleanup
[2023-10-19T21:20:14.752+0000][2489.275s][info ][safepoint     ] Leaving safepoint region
[2023-10-19T21:20:14.759+0000][2489.281s][info ][safepoint     ] Total time for which application threads were stopped: 0.0079625 seconds, Stopping threads took: 0.0008144 seconds
[2023-10-19T21:20:15.761+0000][2490.284s][debug][safepoint     ] Safepoint synchronization initiated. (177 threads)
[2023-10-19T21:20:15.772+0000][2490.295s][info ][safepoint     ] Application time: 1.0110741 seconds
[2023-10-19T21:20:15.785+0000][2490.307s][info ][safepoint     ] Entering safepoint region: Cleanup
[2023-10-19T21:20:15.797+0000][2490.320s][info ][safepoint     ] Leaving safepoint region
[2023-10-19T21:20:15.805+0000][2490.328s][info ][safepoint     ] Total time for which application threads were stopped: 0.0208531 seconds, Stopping threads took: 0.0123217 seconds
[2023-10-19T21:20:16.817+0000][2491.340s][debug][safepoint     ] Safepoint synchronization initiated. (177 threads)
[2023-10-19T21:20:16.818+0000][2491.340s][info ][safepoint     ] Application time: 1.0009854 seconds
[2023-10-19T21:20:16.819+0000][2491.341s][info ][safepoint     ] Entering safepoint region: Cleanup
[2023-10-19T21:20:16.819+0000][2491.342s][info ][safepoint     ] Leaving safepoint region
[2023-10-19T21:20:16.820+0000][2491.343s][info ][safepoint     ] Total time for which application threads were stopped: 0.0014602 seconds, Stopping threads took: 0.0006079 seconds
[2023-10-19T21:20:17.821+0000][2492.343s][debug][safepoint     ] Safepoint synchronization initiated. (177 threads)
[2023-10-19T21:20:17.829+0000][2492.351s][info ][safepoint     ] Application time: 1.0081016 seconds
[2023-10-19T21:20:17.836+0000][2492.359s][info ][safepoint     ] Entering safepoint region: Cleanup
[2023-10-19T21:20:17.843+0000][2492.365s][info ][safepoint     ] Leaving safepoint region
[2023-10-19T21:20:17.852+0000][2492.374s][info ][safepoint     ] Total time for which application threads were stopped: 0.0154939 seconds, Stopping threads took: 0.0062636 seconds
[2023-10-19T21:20:18.856+0000][2493.378s][debug][safepoint     ] Safepoint synchronization initiated. (177 threads)
[2023-10-19T21:20:18.856+0000][2493.379s][info ][safepoint     ] Application time: 1.0010462 seconds
[2023-10-19T21:20:18.857+0000][2493.380s][info ][safepoint     ] Entering safepoint region: Cleanup
[2023-10-19T21:20:18.858+0000][2493.381s][info ][safepoint     ] Leaving safepoint region
[2023-10-19T21:20:18.858+0000][2493.381s][info ][safepoint     ] Total time for which application threads were stopped: 0.0014626 seconds, Stopping threads took: 0.0005927 seconds
[2023-10-19T21:20:19.859+0000][2494.382s][debug][safepoint     ] Safepoint synchronization initiated. (177 threads)
[2023-10-19T21:20:19.860+0000][2494.382s][info ][safepoint     ] Application time: 1.0006178 seconds
[2023-10-19T21:20:19.860+0000][2494.383s][info ][safepoint     ] Entering safepoint region: Cleanup
[2023-10-19T21:20:19.861+0000][2494.383s][info ][safepoint     ] Leaving safepoint region
[2023-10-19T21:20:19.861+0000][2494.384s][info ][safepoint     ] Total time for which application threads were stopped: 0.0011264 seconds, Stopping threads took: 0.0004987 seconds
[2023-10-19T21:20:20.862+0000][2495.384s][debug][safepoint     ] Safepoint synchronization initiated. (177 threads)
[2023-10-19T21:20:20.866+0000][2495.388s][info ][safepoint     ] Application time: 1.0039385 seconds
[2023-10-19T21:20:20.867+0000][2495.390s][info ][safepoint     ] Entering safepoint region: Cleanup
[2023-10-19T21:20:20.868+0000][2495.390s][info ][safepoint     ] Leaving safepoint region
[2023-10-19T21:20:20.868+0000][2495.391s][info ][safepoint     ] Total time for which application threads were stopped: 0.0013771 seconds, Stopping threads took: 0.0006582 seconds
[2023-10-19T21:20:21.869+0000][2496.392s][debug][safepoint     ] Safepoint synchronization initiated. (177 threads)
[2023-10-19T21:20:21.880+0000][2496.402s][info ][safepoint     ] Application time: 1.0107609 seconds
[2023-10-19T21:20:21.883+0000][2496.406s][info ][safepoint     ] Entering safepoint region: Cleanup
[2023-10-19T21:20:21.887+0000][2496.410s][info ][safepoint     ] Leaving safepoint region
[2023-10-19T21:20:21.892+0000][2496.415s][info ][safepoint     ] Total time for which application threads were stopped: 0.0089985 seconds, Stopping threads took: 0.0036615 seconds
[2023-10-19T21:20:22.908+0000][2497.424s][debug][safepoint     ] Safepoint synchronization initiated. (177 threads)
[2023-10-19T21:20:22.935+0000][2497.452s][info ][safepoint     ] Application time: 1.0272645 seconds
[2023-10-19T21:20:22.943+0000][2497.459s][info ][safepoint     ] Entering safepoint region: Cleanup
[2023-10-19T21:20:22.986+0000][2497.503s][info ][safepoint     ] Leaving safepoint region
[2023-10-19T21:20:23.012+0000][2497.529s][info ][safepoint     ] Total time for which application threads were stopped: 0.0691762 seconds, Stopping threads took: 0.0435201 seconds
[2023-10-19T21:20:24.013+0000][2498.530s][debug][safepoint     ] Safepoint synchronization initiated. (177 threads)
[2023-10-19T21:20:24.040+0000][2498.557s][info ][safepoint     ] Application time: 1.0271892 seconds
[2023-10-19T21:20:24.054+0000][2498.571s][info ][safepoint     ] Entering safepoint region: Cleanup
[2023-10-19T21:20:24.063+0000][2498.580s][info ][safepoint     ] Leaving safepoint region
[2023-10-19T21:20:24.085+0000][2498.601s][info ][safepoint     ] Total time for which application threads were stopped: 0.0305218 seconds, Stopping threads took: 0.0083422 seconds
[2023-10-19T21:20:25.115+0000][2499.632s][debug][safepoint     ] Safepoint synchronization initiated. (177 threads)
[2023-10-19T21:20:25.132+0000][2499.648s][info ][safepoint     ] Application time: 1.0168722 seconds
[2023-10-19T21:20:25.157+0000][2499.674s][info ][safepoint     ] Entering safepoint region: Cleanup
[2023-10-19T21:20:25.182+0000][2499.699s][info ][safepoint     ] Leaving safepoint region
[2023-10-19T21:20:25.212+0000][2499.729s][info ][safepoint     ] Total time for which application threads were stopped: 0.0558489 seconds, Stopping threads took: 0.0251591 seconds
[2023-10-19T21:20:26.218+0000][2500.735s][debug][safepoint     ] Safepoint synchronization initiated. (177 threads)
[2023-10-19T21:20:26.232+0000][2500.749s][info ][safepoint     ] Application time: 1.0140036 seconds
[2023-10-19T21:20:26.242+0000][2500.759s][info ][safepoint     ] Entering safepoint region: Cleanup
[2023-10-19T21:20:26.263+0000][2500.780s][info ][safepoint     ] Leaving safepoint region
[2023-10-19T21:20:26.274+0000][2500.790s][info ][safepoint     ] Total time for which application threads were stopped: 0.0313750 seconds, Stopping threads took: 0.0202504 seconds
[2023-10-19T21:20:27.287+0000][2501.804s][debug][safepoint     ] Safepoint synchronization initiated. (177 threads)
[2023-10-19T21:20:27.304+0000][2501.821s][info ][safepoint     ] Application time: 1.0176043 seconds
[2023-10-19T21:20:27.322+0000][2501.839s][info ][safepoint     ] Entering safepoint region: Cleanup
[2023-10-19T21:20:27.337+0000][2501.854s][info ][safepoint     ] Leaving safepoint region
[2023-10-19T21:20:27.345+0000][2501.862s][info ][safepoint     ] Total time for which application threads were stopped: 0.0227689 seconds, Stopping threads took: 0.0142702 seconds
[2023-10-19T21:20:28.361+0000][2502.878s][debug][safepoint     ] Safepoint synchronization initiated. (177 threads)
[2023-10-19T21:20:28.368+0000][2502.885s][info ][safepoint     ] Application time: 1.0071985 seconds
[2023-10-19T21:20:28.370+0000][2502.887s][info ][safepoint     ] Entering safepoint region: Cleanup
[2023-10-19T21:20:28.383+0000][2502.900s][info ][safepoint     ] Leaving safepoint region
[2023-10-19T21:20:28.393+0000][2502.910s][info ][safepoint     ] Total time for which application threads were stopped: 0.0230029 seconds, Stopping threads took: 0.0123307 seconds
[2023-10-19T21:20:29.403+0000][2503.920s][debug][safepoint     ] Safepoint synchronization initiated. (177 threads)
[2023-10-19T21:20:29.406+0000][2503.922s][info ][safepoint     ] Application time: 1.0028388 seconds
[2023-10-19T21:20:29.412+0000][2503.929s][info ][safepoint     ] Entering safepoint region: Cleanup
[2023-10-19T21:20:29.416+0000][2503.933s][info ][safepoint     ] Leaving safepoint region
[2023-10-19T21:20:29.418+0000][2503.935s][info ][safepoint     ] Total time for which application threads were stopped: 0.0057781 seconds, Stopping threads took: 0.0032286 seconds
[2023-10-19T21:20:30.420+0000][2504.937s][debug][safepoint     ] Safepoint synchronization initiated. (177 threads)
[2023-10-19T21:20:30.427+0000][2504.943s][info ][safepoint     ] Application time: 1.0063923 seconds
[2023-10-19T21:20:30.441+0000][2504.958s][info ][safepoint     ] Entering safepoint region: Cleanup
[2023-10-19T21:20:30.450+0000][2504.967s][info ][safepoint     ] Leaving safepoint region
[2023-10-19T21:20:30.466+0000][2504.983s][info ][safepoint     ] Total time for which application threads were stopped: 0.0249924 seconds, Stopping threads took: 0.0083355 seconds
[2023-10-19T21:20:31.468+0000][2505.985s][debug][safepoint     ] Safepoint synchronization initiated. (177 threads)
[2023-10-19T21:20:31.477+0000][2505.994s][info ][safepoint     ] Application time: 1.0095238 seconds
[2023-10-19T21:20:31.479+0000][2505.995s][info ][safepoint     ] Entering safepoint region: Cleanup
[2023-10-19T21:20:31.488+0000][2506.005s][info ][safepoint     ] Leaving safepoint region
[2023-10-19T21:20:31.492+0000][2506.009s][info ][safepoint     ] Total time for which application threads were stopped: 0.0131756 seconds, Stopping threads took: 0.0092200 seconds
[2023-10-19T21:20:32.498+0000][2507.015s][debug][safepoint     ] Safepoint synchronization initiated. (177 threads)
[2023-10-19T21:20:32.503+0000][2507.020s][info ][safepoint     ] Application time: 1.0055583 seconds
[2023-10-19T21:20:32.517+0000][2507.034s][info ][safepoint     ] Entering safepoint region: Cleanup
[2023-10-19T21:20:32.532+0000][2507.049s][info ][safepoint     ] Leaving safepoint region
[2023-10-19T21:20:32.540+0000][2507.057s][info ][safepoint     ] Total time for which application threads were stopped: 0.0230468 seconds, Stopping threads took: 0.0150021 seconds
[2023-10-19T21:20:33.559+0000][2508.076s][debug][safepoint     ] Safepoint synchronization initiated. (177 threads)
[2023-10-19T21:20:33.585+0000][2508.102s][info ][safepoint     ] Application time: 1.0258872 seconds
[2023-10-19T21:20:33.611+0000][2508.128s][info ][safepoint     ] Entering safepoint region: Cleanup
[2023-10-19T21:20:33.620+0000][2508.137s][info ][safepoint     ] Leaving safepoint region
[2023-10-19T21:20:33.633+0000][2508.150s][info ][safepoint     ] Total time for which application threads were stopped: 0.0218072 seconds, Stopping threads took: 0.0084061 seconds
[2023-10-19T21:20:34.643+0000][2509.160s][debug][safepoint     ] Safepoint synchronization initiated. (177 threads)
[2023-10-19T21:20:34.655+0000][2509.172s][info ][safepoint     ] Application time: 1.0126498 seconds
[2023-10-19T21:20:34.667+0000][2509.184s][info ][safepoint     ] Entering safepoint region: Cleanup
[2023-10-19T21:20:34.674+0000][2509.191s][info ][safepoint     ] Leaving safepoint region
[2023-10-19T21:20:34.679+0000][2509.196s][info ][safepoint     ] Total time for which application threads were stopped: 0.0115770 seconds, Stopping threads took: 0.0069964 seconds
[2023-10-19T21:20:35.686+0000][2510.203s][debug][safepoint     ] Safepoint synchronization initiated. (177 threads)
[2023-10-19T21:20:35.701+0000][2510.217s][info ][safepoint     ] Application time: 1.0149056 seconds
[2023-10-19T21:20:35.725+0000][2510.242s][info ][safepoint     ] Entering safepoint region: Cleanup
[2023-10-19T21:20:35.731+0000][2510.248s][info ][safepoint     ] Leaving safepoint region
[2023-10-19T21:20:35.733+0000][2510.250s][info ][safepoint     ] Total time for which application threads were stopped: 0.0080879 seconds, Stopping threads took: 0.0059174 seconds
[2023-10-19T21:20:36.735+0000][2511.252s][debug][safepoint     ] Safepoint synchronization initiated. (177 threads)
[2023-10-19T21:20:36.755+0000][2511.272s][info ][safepoint     ] Application time: 1.0202457 seconds
[2023-10-19T21:20:36.776+0000][2511.293s][info ][safepoint     ] Entering safepoint region: Cleanup
[2023-10-19T21:20:36.784+0000][2511.301s][info ][safepoint     ] Leaving safepoint region
[2023-10-19T21:20:36.799+0000][2511.316s][info ][safepoint     ] Total time for which application threads were stopped: 0.0228848 seconds, Stopping threads took: 0.0081436 seconds
[2023-10-19T21:20:37.801+0000][2512.318s][debug][safepoint     ] Safepoint synchronization initiated. (177 threads)
[2023-10-19T21:20:37.827+0000][2512.344s][info ][safepoint     ] Application time: 1.0255942 seconds
[2023-10-19T21:20:37.840+0000][2512.357s][info ][safepoint     ] Entering safepoint region: Cleanup
[2023-10-19T21:20:37.854+0000][2512.371s][info ][safepoint     ] Leaving safepoint region
[2023-10-19T21:20:37.875+0000][2512.392s][info ][safepoint     ] Total time for which application threads were stopped: 0.0355234 seconds, Stopping threads took: 0.0145362 seconds
[2023-10-19T21:20:38.905+0000][2513.422s][debug][safepoint     ] Safepoint synchronization initiated. (177 threads)
[2023-10-19T21:20:38.914+0000][2513.431s][info ][safepoint     ] Application time: 1.0092607 seconds
[2023-10-19T21:20:38.922+0000][2513.439s][info ][safepoint     ] Entering safepoint region: Cleanup
[2023-10-19T21:20:39.012+0000][2513.529s][info ][safepoint     ] Leaving safepoint region
[2023-10-19T21:20:39.038+0000][2513.555s][info ][safepoint     ] Total time for which application threads were stopped: 0.1168698 seconds, Stopping threads took: 0.0899913 seconds
[2023-10-19T21:20:40.060+0000][2514.577s][debug][safepoint     ] Safepoint synchronization initiated. (177 threads)
[2023-10-19T21:20:40.081+0000][2514.598s][info ][safepoint     ] Application time: 1.0208589 seconds
[2023-10-19T21:20:40.091+0000][2514.608s][info ][safepoint     ] Entering safepoint region: Cleanup
[2023-10-19T21:20:40.101+0000][2514.618s][info ][safepoint     ] Leaving safepoint region
[2023-10-19T21:20:40.115+0000][2514.631s][info ][safepoint     ] Total time for which application threads were stopped: 0.0231458 seconds, Stopping threads took: 0.0097810 seconds
[2023-10-19T21:20:41.125+0000][2515.642s][debug][safepoint     ] Safepoint synchronization initiated. (177 threads)
[2023-10-19T21:20:41.134+0000][2515.651s][info ][safepoint     ] Application time: 1.0091733 seconds
[2023-10-19T21:20:41.150+0000][2515.666s][info ][safepoint     ] Entering safepoint region: Cleanup
[2023-10-19T21:20:41.164+0000][2515.681s][info ][safepoint     ] Leaving safepoint region
[2023-10-19T21:20:41.181+0000][2515.698s][info ][safepoint     ] Total time for which application threads were stopped: 0.0319584 seconds, Stopping threads took: 0.0141608 seconds
[2023-10-19T21:20:42.187+0000][2516.704s][debug][safepoint     ] Safepoint synchronization initiated. (177 threads)
[2023-10-19T21:20:42.203+0000][2516.720s][info ][safepoint     ] Application time: 1.0159730 seconds
[2023-10-19T21:20:42.212+0000][2516.729s][info ][safepoint     ] Entering safepoint region: Cleanup
[2023-10-19T21:20:42.232+0000][2516.749s][info ][safepoint     ] Leaving safepoint region
[2023-10-19T21:20:42.241+0000][2516.758s][info ][safepoint     ] Total time for which application threads were stopped: 0.0296716 seconds, Stopping threads took: 0.0201243 seconds
[2023-10-19T21:20:43.251+0000][2517.767s][debug][safepoint     ] Safepoint synchronization initiated. (177 threads)
[2023-10-19T21:20:43.263+0000][2517.780s][info ][safepoint     ] Application time: 1.0130844 seconds
[2023-10-19T21:20:43.269+0000][2517.786s][info ][safepoint     ] Entering safepoint region: Cleanup
[2023-10-19T21:20:43.295+0000][2517.812s][info ][safepoint     ] Leaving safepoint region
[2023-10-19T21:20:43.307+0000][2517.824s][info ][safepoint     ] Total time for which application threads were stopped: 0.0373621 seconds, Stopping threads took: 0.0251788 seconds
[2023-10-19T21:20:44.312+0000][2518.829s][debug][safepoint     ] Safepoint synchronization initiated. (177 threads)
[2023-10-19T21:20:44.317+0000][2518.834s][info ][safepoint     ] Application time: 1.0049977 seconds
[2023-10-19T21:20:44.318+0000][2518.835s][info ][safepoint     ] Entering safepoint region: Cleanup
[2023-10-19T21:20:44.319+0000][2518.836s][info ][safepoint     ] Leaving safepoint region
[2023-10-19T21:20:44.320+0000][2518.837s][info ][safepoint     ] Total time for which application threads were stopped: 0.0022636 seconds, Stopping threads took: 0.0008519 seconds
[2023-10-19T21:20:45.322+0000][2519.839s][debug][safepoint     ] Safepoint synchronization initiated. (177 threads)
[2023-10-19T21:20:45.323+0000][2519.840s][info ][safepoint     ] Application time: 1.0014573 seconds
[2023-10-19T21:20:45.324+0000][2519.841s][info ][safepoint     ] Entering safepoint region: Cleanup
[2023-10-19T21:20:45.326+0000][2519.843s][info ][safepoint     ] Leaving safepoint region
[2023-10-19T21:20:45.326+0000][2519.843s][info ][safepoint     ] Total time for which application threads were stopped: 0.0020519 seconds, Stopping threads took: 0.0012000 seconds
[2023-10-19T21:20:46.328+0000][2520.844s][debug][safepoint     ] Safepoint synchronization initiated. (177 threads)
[2023-10-19T21:20:46.328+0000][2520.845s][info ][safepoint     ] Application time: 1.0009042 seconds
[2023-10-19T21:20:46.329+0000][2520.846s][info ][safepoint     ] Entering safepoint region: Cleanup
[2023-10-19T21:20:46.330+0000][2520.847s][info ][safepoint     ] Leaving safepoint region
[2023-10-19T21:20:46.330+0000][2520.847s][info ][safepoint     ] Total time for which application threads were stopped: 0.0014114 seconds, Stopping threads took: 0.0005530 seconds
[2023-10-19T21:20:47.331+0000][2521.848s][debug][safepoint     ] Safepoint synchronization initiated. (177 threads)
[2023-10-19T21:20:47.332+0000][2521.849s][info ][safepoint     ] Application time: 1.0007683 seconds
[2023-10-19T21:20:47.333+0000][2521.850s][info ][safepoint     ] Entering safepoint region: Cleanup
[2023-10-19T21:20:47.333+0000][2521.850s][info ][safepoint     ] Leaving safepoint region
[2023-10-19T21:20:47.334+0000][2521.851s][info ][safepoint     ] Total time for which application threads were stopped: 0.0013049 seconds, Stopping threads took: 0.0005737 seconds
[2023-10-19T21:20:48.334+0000][2522.851s][debug][safepoint     ] Safepoint synchronization initiated. (177 threads)
[2023-10-19T21:20:48.335+0000][2522.852s][info ][safepoint     ] Application time: 1.0008395 seconds
[2023-10-19T21:20:48.336+0000][2522.853s][info ][safepoint     ] Entering safepoint region: Cleanup
[2023-10-19T21:20:48.337+0000][2522.854s][info ][safepoint     ] Leaving safepoint region
[2023-10-19T21:20:48.337+0000][2522.854s][info ][safepoint     ] Total time for which application threads were stopped: 0.0015418 seconds, Stopping threads took: 0.0006276 seconds
[2023-10-19T21:20:49.338+0000][2523.855s][debug][safepoint     ] Safepoint synchronization initiated. (177 threads)
[2023-10-19T21:20:49.339+0000][2523.855s][info ][safepoint     ] Application time: 1.0007332 seconds
[2023-10-19T21:20:49.339+0000][2523.856s][info ][safepoint     ] Entering safepoint region: Cleanup
[2023-10-19T21:20:49.340+0000][2523.857s][info ][safepoint     ] Leaving safepoint region
[2023-10-19T21:20:49.340+0000][2523.857s][info ][safepoint     ] Total time for which application threads were stopped: 0.0012943 seconds, Stopping threads took: 0.0005506 seconds
[2023-10-19T21:20:50.341+0000][2524.858s][debug][safepoint     ] Safepoint synchronization initiated. (177 threads)
[2023-10-19T21:20:50.342+0000][2524.859s][info ][safepoint     ] Application time: 1.0008371 seconds
[2023-10-19T21:20:50.343+0000][2524.859s][info ][safepoint     ] Entering safepoint region: Cleanup
[2023-10-19T21:20:50.343+0000][2524.860s][info ][safepoint     ] Leaving safepoint region
[2023-10-19T21:20:50.344+0000][2524.861s][info ][safepoint     ] Total time for which application threads were stopped: 0.0013219 seconds, Stopping threads took: 0.0005424 seconds
[2023-10-19T21:20:51.344+0000][2525.861s][debug][safepoint     ] Safepoint synchronization initiated. (177 threads)
[2023-10-19T21:20:51.345+0000][2525.862s][info ][safepoint     ] Application time: 1.0007368 seconds
[2023-10-19T21:20:51.346+0000][2525.862s][info ][safepoint     ] Entering safepoint region: Cleanup
[2023-10-19T21:20:51.346+0000][2525.863s][info ][safepoint     ] Leaving safepoint region
[2023-10-19T21:20:51.347+0000][2525.864s][info ][safepoint     ] Total time for which application threads were stopped: 0.0011887 seconds, Stopping threads took: 0.0004694 seconds
[2023-10-19T21:20:52.347+0000][2526.864s][debug][safepoint     ] Safepoint synchronization initiated. (177 threads)
[2023-10-19T21:20:52.348+0000][2526.865s][info ][safepoint     ] Application time: 1.0009484 seconds
[2023-10-19T21:20:52.349+0000][2526.866s][info ][safepoint     ] Entering safepoint region: Cleanup
[2023-10-19T21:20:52.349+0000][2526.866s][info ][safepoint     ] Leaving safepoint region
[2023-10-19T21:20:52.350+0000][2526.867s][info ][safepoint     ] Total time for which application threads were stopped: 0.0011271 seconds, Stopping threads took: 0.0005352 seconds
[2023-10-19T21:20:53.347+0000][2527.867s][debug][safepoint     ] Safepoint synchronization initiated. (177 threads)
[2023-10-19T21:20:53.347+0000][2527.868s][info ][safepoint     ] Application time: 1.0006243 seconds
[2023-10-19T21:20:53.348+0000][2527.868s][info ][safepoint     ] Entering safepoint region: Cleanup
[2023-10-19T21:20:53.348+0000][2527.869s][info ][safepoint     ] Leaving safepoint region
[2023-10-19T21:20:53.349+0000][2527.869s][info ][safepoint     ] Total time for which application threads were stopped: 0.0010639 seconds, Stopping threads took: 0.0005031 seconds
[2023-10-19T21:20:54.349+0000][2528.870s][debug][safepoint     ] Safepoint synchronization initiated. (177 threads)
[2023-10-19T21:20:54.350+0000][2528.871s][info ][safepoint     ] Application time: 1.0009707 seconds
[2023-10-19T21:20:54.351+0000][2528.871s][info ][safepoint     ] Entering safepoint region: Cleanup
[2023-10-19T21:20:54.351+0000][2528.872s][info ][safepoint     ] Leaving safepoint region
[2023-10-19T21:20:54.352+0000][2528.872s][info ][safepoint     ] Total time for which application threads were stopped: 0.0011772 seconds, Stopping threads took: 0.0005239 seconds
[2023-10-19T21:20:55.353+0000][2529.873s][debug][safepoint     ] Safepoint synchronization initiated. (177 threads)
[2023-10-19T21:20:55.353+0000][2529.874s][info ][safepoint     ] Application time: 1.0007809 seconds
[2023-10-19T21:20:55.354+0000][2529.874s][info ][safepoint     ] Entering safepoint region: Cleanup
[2023-10-19T21:20:55.354+0000][2529.875s][info ][safepoint     ] Leaving safepoint region
[2023-10-19T21:20:55.355+0000][2529.875s][info ][safepoint     ] Total time for which application threads were stopped: 0.0010661 seconds, Stopping threads took: 0.0004589 seconds
[2023-10-19T21:20:56.355+0000][2530.876s][debug][safepoint     ] Safepoint synchronization initiated. (177 threads)
[2023-10-19T21:20:56.356+0000][2530.876s][info ][safepoint     ] Application time: 1.0008819 seconds
[2023-10-19T21:20:56.357+0000][2530.877s][info ][safepoint     ] Entering safepoint region: Cleanup
[2023-10-19T21:20:56.358+0000][2530.878s][info ][safepoint     ] Leaving safepoint region
[2023-10-19T21:20:56.358+0000][2530.878s][info ][safepoint     ] Total time for which application threads were stopped: 0.0012786 seconds, Stopping threads took: 0.0006022 seconds
[2023-10-19T21:20:56.805+0000][2531.326s][debug][safepoint     ] Safepoint synchronization initiated. (177 threads)
[2023-10-19T21:20:56.806+0000][2531.326s][info ][safepoint     ] Application time: 0.4475268 seconds
[2023-10-19T21:20:56.807+0000][2531.327s][info ][safepoint     ] Entering safepoint region: G1CollectForAllocation
[2023-10-19T21:20:56.807+0000][2531.328s][info ][gc,start      ] GC(71) Pause Young (Normal) (G1 Evacuation Pause)
[2023-10-19T21:20:56.808+0000][2531.328s][info ][gc,task       ] GC(71) Using 8 workers of 8 for evacuation
[2023-10-19T21:20:56.817+0000][2531.338s][info ][gc,phases     ] GC(71)   Pre Evacuate Collection Set: 0.1ms
[2023-10-19T21:20:56.818+0000][2531.338s][info ][gc,phases     ] GC(71)   Evacuate Collection Set: 4.3ms
[2023-10-19T21:20:56.818+0000][2531.339s][info ][gc,phases     ] GC(71)   Post Evacuate Collection Set: 4.4ms
[2023-10-19T21:20:56.819+0000][2531.339s][info ][gc,phases     ] GC(71)   Other: 1.1ms
[2023-10-19T21:20:56.819+0000][2531.340s][info ][gc,heap       ] GC(71) Eden regions: 203->0(203)
[2023-10-19T21:20:56.820+0000][2531.340s][info ][gc,heap       ] GC(71) Survivor regions: 3->3(26)
[2023-10-19T21:20:56.820+0000][2531.341s][info ][gc,heap       ] GC(71) Old regions: 156->157
[2023-10-19T21:20:56.821+0000][2531.341s][info ][gc,heap       ] GC(71) Humongous regions: 5->5
[2023-10-19T21:20:56.821+0000][2531.342s][info ][gc,metaspace  ] GC(71) Metaspace: 167382K(172752K)->167382K(172752K) NonClass: 147962K(151248K)->147962K(151248K) Class: 19420K(21504K)->19420K(21504K)
[2023-10-19T21:20:56.822+0000][2531.342s][info ][gc            ] GC(71) Pause Young (Normal) (G1 Evacuation Pause) 365M->162M(415M) 14.537ms
[2023-10-19T21:20:56.822+0000][2531.343s][info ][gc,cpu        ] GC(71) User=0.05s Sys=0.00s Real=0.02s
[2023-10-19T21:20:56.823+0000][2531.343s][info ][safepoint     ] Leaving safepoint region
[2023-10-19T21:20:56.823+0000][2531.344s][info ][safepoint     ] Total time for which application threads were stopped: 0.0168234 seconds, Stopping threads took: 0.0006010 seconds
[2023-10-19T21:20:56.824+0000][2531.344s][info ][gc,stringdedup] Concurrent String Deduplication (2531.344s)
[2023-10-19T21:20:56.825+0000][2531.345s][info ][gc,stringdedup] Concurrent String Deduplication 4560.0B->1648.0B(2912.0B) avg 54.4% (2531.344s, 2531.345s) 0.798ms
[2023-10-19T21:20:57.824+0000][2532.345s][debug][safepoint     ] Safepoint synchronization initiated. (177 threads)
[2023-10-19T21:20:57.825+0000][2532.345s][info ][safepoint     ] Application time: 1.0007707 seconds
[2023-10-19T21:20:57.825+0000][2532.346s][info ][safepoint     ] Entering safepoint region: Cleanup
[2023-10-19T21:20:57.826+0000][2532.346s][info ][safepoint     ] Leaving safepoint region
[2023-10-19T21:20:57.826+0000][2532.347s][info ][safepoint     ] Total time for which application threads were stopped: 0.0012973 seconds, Stopping threads took: 0.0006002 seconds
[2023-10-19T21:20:58.827+0000][2533.347s][debug][safepoint     ] Safepoint synchronization initiated. (177 threads)
[2023-10-19T21:20:58.828+0000][2533.348s][info ][safepoint     ] Application time: 1.0007924 seconds
[2023-10-19T21:20:58.828+0000][2533.349s][info ][safepoint     ] Entering safepoint region: Cleanup
[2023-10-19T21:20:58.829+0000][2533.349s][info ][safepoint     ] Leaving safepoint region
[2023-10-19T21:20:58.830+0000][2533.350s][info ][safepoint     ] Total time for which application threads were stopped: 0.0013005 seconds, Stopping threads took: 0.0005643 seconds
[2023-10-19T21:20:59.830+0000][2534.351s][debug][safepoint     ] Safepoint synchronization initiated. (177 threads)
[2023-10-19T21:20:59.831+0000][2534.351s][info ][safepoint     ] Application time: 1.0008263 seconds
[2023-10-19T21:20:59.831+0000][2534.352s][info ][safepoint     ] Entering safepoint region: Cleanup
[2023-10-19T21:20:59.832+0000][2534.352s][info ][safepoint     ] Leaving safepoint region
[2023-10-19T21:20:59.833+0000][2534.353s][info ][safepoint     ] Total time for which application threads were stopped: 0.0013517 seconds, Stopping threads took: 0.0005404 seconds
[2023-10-19T21:21:00.833+0000][2535.354s][debug][safepoint     ] Safepoint synchronization initiated. (177 threads)
[2023-10-19T21:21:00.834+0000][2535.354s][info ][safepoint     ] Application time: 1.0007103 seconds
[2023-10-19T21:21:00.834+0000][2535.355s][info ][safepoint     ] Entering safepoint region: Cleanup
[2023-10-19T21:21:00.835+0000][2535.355s][info ][safepoint     ] Leaving safepoint region
[2023-10-19T21:21:00.836+0000][2535.356s][info ][safepoint     ] Total time for which application threads were stopped: 0.0012494 seconds, Stopping threads took: 0.0004996 seconds
[2023-10-19T21:21:01.836+0000][2536.357s][debug][safepoint     ] Safepoint synchronization initiated. (177 threads)
[2023-10-19T21:21:01.837+0000][2536.357s][info ][safepoint     ] Application time: 1.0007094 seconds
[2023-10-19T21:21:01.837+0000][2536.358s][info ][safepoint     ] Entering safepoint region: Cleanup
[2023-10-19T21:21:01.838+0000][2536.358s][info ][safepoint     ] Leaving safepoint region
[2023-10-19T21:21:01.838+0000][2536.359s][info ][safepoint     ] Total time for which application threads were stopped: 0.0011060 seconds, Stopping threads took: 0.0004929 seconds
[2023-10-19T21:21:02.839+0000][2537.359s][debug][safepoint     ] Safepoint synchronization initiated. (177 threads)
[2023-10-19T21:21:02.839+0000][2537.360s][info ][safepoint     ] Application time: 1.0006033 seconds
[2023-10-19T21:21:02.840+0000][2537.360s][info ][safepoint     ] Entering safepoint region: Cleanup
[2023-10-19T21:21:02.840+0000][2537.361s][info ][safepoint     ] Leaving safepoint region
[2023-10-19T21:21:02.841+0000][2537.361s][info ][safepoint     ] Total time for which application threads were stopped: 0.0009536 seconds, Stopping threads took: 0.0003957 seconds
[2023-10-19T21:21:03.841+0000][2538.362s][debug][safepoint     ] Safepoint synchronization initiated. (177 threads)
[2023-10-19T21:21:03.842+0000][2538.362s][info ][safepoint     ] Application time: 1.0007803 seconds
[2023-10-19T21:21:03.842+0000][2538.363s][info ][safepoint     ] Entering safepoint region: Cleanup
[2023-10-19T21:21:03.843+0000][2538.363s][info ][safepoint     ] Leaving safepoint region
[2023-10-19T21:21:03.843+0000][2538.364s][info ][safepoint     ] Total time for which application threads were stopped: 0.0009444 seconds, Stopping threads took: 0.0004195 seconds
[2023-10-19T21:21:04.844+0000][2539.364s][debug][safepoint     ] Safepoint synchronization initiated. (177 threads)
[2023-10-19T21:21:04.845+0000][2539.365s][info ][safepoint     ] Application time: 1.0009706 seconds
[2023-10-19T21:21:04.845+0000][2539.366s][info ][safepoint     ] Entering safepoint region: Cleanup
[2023-10-19T21:21:04.846+0000][2539.366s][info ][safepoint     ] Leaving safepoint region
[2023-10-19T21:21:04.846+0000][2539.367s][info ][safepoint     ] Total time for which application threads were stopped: 0.0013334 seconds, Stopping threads took: 0.0005717 seconds
[2023-10-19T21:21:05.847+0000][2540.368s][debug][safepoint     ] Safepoint synchronization initiated. (177 threads)
[2023-10-19T21:21:05.848+0000][2540.368s][info ][safepoint     ] Application time: 1.0006905 seconds
[2023-10-19T21:21:05.848+0000][2540.369s][info ][safepoint     ] Entering safepoint region: Cleanup
[2023-10-19T21:21:05.849+0000][2540.369s][info ][safepoint     ] Leaving safepoint region
[2023-10-19T21:21:05.849+0000][2540.370s][info ][safepoint     ] Total time for which application threads were stopped: 0.0010820 seconds, Stopping threads took: 0.0004582 seconds
[2023-10-19T21:21:06.850+0000][2541.370s][debug][safepoint     ] Safepoint synchronization initiated. (176 threads)
[2023-10-19T21:21:06.850+0000][2541.371s][info ][safepoint     ] Application time: 1.0007009 seconds
[2023-10-19T21:21:06.851+0000][2541.371s][info ][safepoint     ] Entering safepoint region: Cleanup
[2023-10-19T21:21:06.851+0000][2541.372s][info ][safepoint     ] Leaving safepoint region
[2023-10-19T21:21:06.852+0000][2541.372s][info ][safepoint     ] Total time for which application threads were stopped: 0.0012384 seconds, Stopping threads took: 0.0005603 seconds
[2023-10-19T21:21:07.853+0000][2542.373s][debug][safepoint     ] Safepoint synchronization initiated. (176 threads)
[2023-10-19T21:21:07.853+0000][2542.374s][info ][safepoint     ] Application time: 1.0007042 seconds
[2023-10-19T21:21:07.854+0000][2542.374s][info ][safepoint     ] Entering safepoint region: Cleanup
[2023-10-19T21:21:07.854+0000][2542.375s][info ][safepoint     ] Leaving safepoint region
[2023-10-19T21:21:07.855+0000][2542.375s][info ][safepoint     ] Total time for which application threads were stopped: 0.0011244 seconds, Stopping threads took: 0.0005083 seconds
[2023-10-19T21:21:08.856+0000][2543.376s][debug][safepoint     ] Safepoint synchronization initiated. (176 threads)
[2023-10-19T21:21:08.856+0000][2543.377s][info ][safepoint     ] Application time: 1.0008945 seconds
[2023-10-19T21:21:08.857+0000][2543.377s][info ][safepoint     ] Entering safepoint region: Cleanup
[2023-10-19T21:21:08.858+0000][2543.378s][info ][safepoint     ] Leaving safepoint region
[2023-10-19T21:21:08.858+0000][2543.379s][info ][safepoint     ] Total time for which application threads were stopped: 0.0013254 seconds, Stopping threads took: 0.0006335 seconds
[2023-10-19T21:21:09.859+0000][2544.379s][debug][safepoint     ] Safepoint synchronization initiated. (177 threads)
[2023-10-19T21:21:09.860+0000][2544.380s][info ][safepoint     ] Application time: 1.0008677 seconds
[2023-10-19T21:21:09.860+0000][2544.381s][info ][safepoint     ] Entering safepoint region: Cleanup
[2023-10-19T21:21:09.861+0000][2544.381s][info ][safepoint     ] Leaving safepoint region
[2023-10-19T21:21:09.861+0000][2544.382s][info ][safepoint     ] Total time for which application threads were stopped: 0.0012718 seconds, Stopping threads took: 0.0005108 seconds
[2023-10-19T21:21:10.862+0000][2545.382s][debug][safepoint     ] Safepoint synchronization initiated. (177 threads)
[2023-10-19T21:21:10.863+0000][2545.383s][info ][safepoint     ] Application time: 1.0008659 seconds
[2023-10-19T21:21:10.863+0000][2545.384s][info ][safepoint     ] Entering safepoint region: Cleanup
[2023-10-19T21:21:10.864+0000][2545.384s][info ][safepoint     ] Leaving safepoint region
[2023-10-19T21:21:10.864+0000][2545.385s][info ][safepoint     ] Total time for which application threads were stopped: 0.0011985 seconds, Stopping threads took: 0.0004991 seconds
[2023-10-19T21:21:11.865+0000][2546.385s][debug][safepoint     ] Safepoint synchronization initiated. (177 threads)
[2023-10-19T21:21:11.866+0000][2546.386s][info ][safepoint     ] Application time: 1.0007721 seconds
[2023-10-19T21:21:11.866+0000][2546.387s][info ][safepoint     ] Entering safepoint region: Cleanup
[2023-10-19T21:21:11.867+0000][2546.387s][info ][safepoint     ] Leaving safepoint region
[2023-10-19T21:21:11.867+0000][2546.388s][info ][safepoint     ] Total time for which application threads were stopped: 0.0011594 seconds, Stopping threads took: 0.0004959 seconds
[2023-10-19T21:21:12.868+0000][2547.388s][debug][safepoint     ] Safepoint synchronization initiated. (177 threads)
[2023-10-19T21:21:12.869+0000][2547.389s][info ][safepoint     ] Application time: 1.0008289 seconds
[2023-10-19T21:21:12.869+0000][2547.390s][info ][safepoint     ] Entering safepoint region: Cleanup
[2023-10-19T21:21:12.870+0000][2547.390s][info ][safepoint     ] Leaving safepoint region
[2023-10-19T21:21:12.870+0000][2547.391s][info ][safepoint     ] Total time for which application threads were stopped: 0.0012662 seconds, Stopping threads took: 0.0005089 seconds
[2023-10-19T21:21:13.871+0000][2548.391s][debug][safepoint     ] Safepoint synchronization initiated. (177 threads)
[2023-10-19T21:21:13.872+0000][2548.392s][info ][safepoint     ] Application time: 1.0007421 seconds
[2023-10-19T21:21:13.872+0000][2548.393s][info ][safepoint     ] Entering safepoint region: Cleanup
[2023-10-19T21:21:13.873+0000][2548.393s][info ][safepoint     ] Leaving safepoint region
[2023-10-19T21:21:13.873+0000][2548.394s][info ][safepoint     ] Total time for which application threads were stopped: 0.0012654 seconds, Stopping threads took: 0.0005412 seconds
[2023-10-19T21:21:14.874+0000][2549.394s][debug][safepoint     ] Safepoint synchronization initiated. (177 threads)
[2023-10-19T21:21:14.875+0000][2549.395s][info ][safepoint     ] Application time: 1.0009468 seconds
[2023-10-19T21:21:14.875+0000][2549.396s][info ][safepoint     ] Entering safepoint region: Cleanup
[2023-10-19T21:21:14.876+0000][2549.397s][info ][safepoint     ] Leaving safepoint region
[2023-10-19T21:21:14.877+0000][2549.397s][info ][safepoint     ] Total time for which application threads were stopped: 0.0013303 seconds, Stopping threads took: 0.0005372 seconds
[2023-10-19T21:21:14.876+0000][2549.397s][debug][safepoint     ] ... found polling page return exception at pc = 0x00007fbdb0cb92c4, stub =0x00007fbda8840600
[2023-10-19T21:21:14.876+0000][2549.397s][debug][safepoint     ] ... found polling page return exception at pc = 0x00007fbdb0cb92c4, stub =0x00007fbda8840600
[2023-10-19T21:21:14.876+0000][2549.397s][debug][safepoint     ] ... found polling page return exception at pc = 0x00007fbdb0cb92c4, stub =0x00007fbda8840600
[2023-10-19T21:21:14.876+0000][2549.397s][debug][safepoint     ] ... found polling page return exception at pc = 0x00007fbdb0cb92c4, stub =0x00007fbda8840600
[2023-10-19T21:21:15.877+0000][2550.398s][debug][safepoint     ] Safepoint synchronization initiated. (177 threads)
[2023-10-19T21:21:15.878+0000][2550.398s][info ][safepoint     ] Application time: 1.0007413 seconds
[2023-10-19T21:21:15.878+0000][2550.399s][info ][safepoint     ] Entering safepoint region: Cleanup
[2023-10-19T21:21:15.879+0000][2550.400s][info ][safepoint     ] Leaving safepoint region
[2023-10-19T21:21:15.880+0000][2550.400s][info ][safepoint     ] Total time for which application threads were stopped: 0.0015304 seconds, Stopping threads took: 0.0006227 seconds
[2023-10-19T21:21:16.881+0000][2551.401s][debug][safepoint     ] Safepoint synchronization initiated. (177 threads)
[2023-10-19T21:21:16.881+0000][2551.401s][info ][safepoint     ] Application time: 1.0005895 seconds
[2023-10-19T21:21:16.881+0000][2551.402s][info ][safepoint     ] Entering safepoint region: Cleanup
[2023-10-19T21:21:16.882+0000][2551.402s][info ][safepoint     ] Leaving safepoint region
[2023-10-19T21:21:16.882+0000][2551.403s][info ][safepoint     ] Total time for which application threads were stopped: 0.0009828 seconds, Stopping threads took: 0.0004129 seconds
[2023-10-19T21:21:17.883+0000][2552.403s][debug][safepoint     ] Safepoint synchronization initiated. (177 threads)
[2023-10-19T21:21:17.884+0000][2552.404s][info ][safepoint     ] Application time: 1.0008536 seconds
[2023-10-19T21:21:17.884+0000][2552.405s][info ][safepoint     ] Entering safepoint region: Cleanup
[2023-10-19T21:21:17.885+0000][2552.405s][info ][safepoint     ] Leaving safepoint region
[2023-10-19T21:21:17.885+0000][2552.406s][info ][safepoint     ] Total time for which application threads were stopped: 0.0011863 seconds, Stopping threads took: 0.0004176 seconds
[2023-10-19T21:21:18.886+0000][2553.406s][debug][safepoint     ] Safepoint synchronization initiated. (177 threads)
[2023-10-19T21:21:18.887+0000][2553.407s][info ][safepoint     ] Application time: 1.0007242 seconds
[2023-10-19T21:21:18.887+0000][2553.407s][info ][safepoint     ] Entering safepoint region: Cleanup
[2023-10-19T21:21:18.888+0000][2553.408s][info ][safepoint     ] Leaving safepoint region
[2023-10-19T21:21:18.888+0000][2553.408s][info ][safepoint     ] Total time for which application threads were stopped: 0.0010820 seconds, Stopping threads took: 0.0005036 seconds
[2023-10-19T21:21:19.889+0000][2554.409s][debug][safepoint     ] Safepoint synchronization initiated. (177 threads)
[2023-10-19T21:21:19.889+0000][2554.410s][info ][safepoint     ] Application time: 1.0007646 seconds
[2023-10-19T21:21:19.890+0000][2554.410s][info ][safepoint     ] Entering safepoint region: Cleanup
[2023-10-19T21:21:19.891+0000][2554.411s][info ][safepoint     ] Leaving safepoint region
[2023-10-19T21:21:19.891+0000][2554.412s][info ][safepoint     ] Total time for which application threads were stopped: 0.0013216 seconds, Stopping threads took: 0.0005964 seconds
[2023-10-19T21:21:20.892+0000][2555.412s][debug][safepoint     ] Safepoint synchronization initiated. (177 threads)
[2023-10-19T21:21:20.892+0000][2555.413s][info ][safepoint     ] Application time: 1.0008238 seconds
[2023-10-19T21:21:20.893+0000][2555.414s][info ][safepoint     ] Entering safepoint region: Cleanup
[2023-10-19T21:21:20.894+0000][2555.414s][info ][safepoint     ] Leaving safepoint region
[2023-10-19T21:21:20.894+0000][2555.415s][info ][safepoint     ] Total time for which application threads were stopped: 0.0013530 seconds, Stopping threads took: 0.0006335 seconds
[2023-10-19T21:21:21.895+0000][2556.416s][debug][safepoint     ] Safepoint synchronization initiated. (177 threads)
[2023-10-19T21:21:21.896+0000][2556.416s][info ][safepoint     ] Application time: 1.0007171 seconds
[2023-10-19T21:21:21.896+0000][2556.417s][info ][safepoint     ] Entering safepoint region: Cleanup
[2023-10-19T21:21:21.897+0000][2556.417s][info ][safepoint     ] Leaving safepoint region
[2023-10-19T21:21:21.897+0000][2556.418s][info ][safepoint     ] Total time for which application threads were stopped: 0.0012238 seconds, Stopping threads took: 0.0005711 seconds
[2023-10-19T21:21:22.898+0000][2557.418s][debug][safepoint     ] Safepoint synchronization initiated. (177 threads)
[2023-10-19T21:21:22.898+0000][2557.419s][info ][safepoint     ] Application time: 1.0006522 seconds
[2023-10-19T21:21:22.898+0000][2557.419s][info ][safepoint     ] Entering safepoint region: Cleanup
[2023-10-19T21:21:22.899+0000][2557.420s][info ][safepoint     ] Leaving safepoint region
[2023-10-19T21:21:22.899+0000][2557.420s][info ][safepoint     ] Total time for which application threads were stopped: 0.0010462 seconds, Stopping threads took: 0.0004288 seconds
[2023-10-19T21:21:23.900+0000][2558.421s][debug][safepoint     ] Safepoint synchronization initiated. (177 threads)
[2023-10-19T21:21:23.901+0000][2558.422s][info ][safepoint     ] Application time: 1.0008314 seconds
[2023-10-19T21:21:23.901+0000][2558.422s][info ][safepoint     ] Entering safepoint region: Cleanup
[2023-10-19T21:21:23.902+0000][2558.423s][info ][safepoint     ] Leaving safepoint region
[2023-10-19T21:21:23.902+0000][2558.423s][info ][safepoint     ] Total time for which application threads were stopped: 0.0011947 seconds, Stopping threads took: 0.0004938 seconds
[2023-10-19T21:21:24.903+0000][2559.424s][debug][safepoint     ] Safepoint synchronization initiated. (177 threads)
[2023-10-19T21:21:24.904+0000][2559.425s][info ][safepoint     ] Application time: 1.0012287 seconds
[2023-10-19T21:21:24.905+0000][2559.426s][info ][safepoint     ] Entering safepoint region: Cleanup
[2023-10-19T21:21:24.906+0000][2559.427s][info ][safepoint     ] Leaving safepoint region
[2023-10-19T21:21:24.907+0000][2559.428s][info ][safepoint     ] Total time for which application threads were stopped: 0.0019651 seconds, Stopping threads took: 0.0008087 seconds
[2023-10-19T21:21:25.908+0000][2560.429s][debug][safepoint     ] Safepoint synchronization initiated. (177 threads)
[2023-10-19T21:21:25.908+0000][2560.429s][info ][safepoint     ] Application time: 1.0007957 seconds
[2023-10-19T21:21:25.909+0000][2560.430s][info ][safepoint     ] Entering safepoint region: Cleanup
[2023-10-19T21:21:25.910+0000][2560.430s][info ][safepoint     ] Leaving safepoint region
[2023-10-19T21:21:25.910+0000][2560.431s][info ][safepoint     ] Total time for which application threads were stopped: 0.0011347 seconds, Stopping threads took: 0.0005163 seconds
[2023-10-19T21:21:26.910+0000][2561.431s][debug][safepoint     ] Safepoint synchronization initiated. (177 threads)
[2023-10-19T21:21:26.911+0000][2561.432s][info ][safepoint     ] Application time: 1.0008673 seconds
[2023-10-19T21:21:26.912+0000][2561.433s][info ][safepoint     ] Entering safepoint region: Cleanup
[2023-10-19T21:21:26.913+0000][2561.433s][info ][safepoint     ] Leaving safepoint region
[2023-10-19T21:21:26.913+0000][2561.434s][info ][safepoint     ] Total time for which application threads were stopped: 0.0013710 seconds, Stopping threads took: 0.0005929 seconds
[2023-10-19T21:21:27.914+0000][2562.435s][debug][safepoint     ] Safepoint synchronization initiated. (177 threads)
[2023-10-19T21:21:27.914+0000][2562.435s][info ][safepoint     ] Application time: 1.0007361 seconds
[2023-10-19T21:21:27.915+0000][2562.436s][info ][safepoint     ] Entering safepoint region: Cleanup
[2023-10-19T21:21:27.916+0000][2562.436s][info ][safepoint     ] Leaving safepoint region
[2023-10-19T21:21:27.916+0000][2562.437s][info ][safepoint     ] Total time for which application threads were stopped: 0.0012228 seconds, Stopping threads took: 0.0005351 seconds
[2023-10-19T21:21:28.917+0000][2563.438s][debug][safepoint     ] Safepoint synchronization initiated. (177 threads)
[2023-10-19T21:21:28.917+0000][2563.438s][info ][safepoint     ] Application time: 1.0008151 seconds
[2023-10-19T21:21:28.918+0000][2563.439s][info ][safepoint     ] Entering safepoint region: Cleanup
[2023-10-19T21:21:28.919+0000][2563.439s][info ][safepoint     ] Leaving safepoint region
[2023-10-19T21:21:28.919+0000][2563.440s][info ][safepoint     ] Total time for which application threads were stopped: 0.0011431 seconds, Stopping threads took: 0.0005681 seconds
[2023-10-19T21:21:29.920+0000][2564.440s][debug][safepoint     ] Safepoint synchronization initiated. (177 threads)
[2023-10-19T21:21:29.921+0000][2564.441s][info ][safepoint     ] Application time: 1.0013644 seconds
[2023-10-19T21:21:29.922+0000][2564.442s][info ][safepoint     ] Entering safepoint region: Cleanup
[2023-10-19T21:21:29.923+0000][2564.444s][info ][safepoint     ] Leaving safepoint region
[2023-10-19T21:21:29.924+0000][2564.445s][info ][safepoint     ] Total time for which application threads were stopped: 0.0022384 seconds, Stopping threads took: 0.0010174 seconds
[2023-10-19T21:21:30.925+0000][2565.446s][debug][safepoint     ] Safepoint synchronization initiated. (177 threads)
[2023-10-19T21:21:30.926+0000][2565.447s][info ][safepoint     ] Application time: 1.0010358 seconds
[2023-10-19T21:21:30.927+0000][2565.448s][info ][safepoint     ] Entering safepoint region: Cleanup
[2023-10-19T21:21:30.928+0000][2565.448s][info ][safepoint     ] Leaving safepoint region
[2023-10-19T21:21:30.928+0000][2565.449s][info ][safepoint     ] Total time for which application threads were stopped: 0.0015199 seconds, Stopping threads took: 0.0006215 seconds
[2023-10-19T21:21:31.929+0000][2566.450s][debug][safepoint     ] Safepoint synchronization initiated. (177 threads)
[2023-10-19T21:21:31.930+0000][2566.451s][info ][safepoint     ] Application time: 1.0013599 seconds
[2023-10-19T21:21:31.931+0000][2566.452s][info ][safepoint     ] Entering safepoint region: Cleanup
[2023-10-19T21:21:31.932+0000][2566.453s][info ][safepoint     ] Leaving safepoint region
[2023-10-19T21:21:31.933+0000][2566.454s][info ][safepoint     ] Total time for which application threads were stopped: 0.0020443 seconds, Stopping threads took: 0.0009022 seconds
[2023-10-19T21:21:32.934+0000][2567.455s][debug][safepoint     ] Safepoint synchronization initiated. (177 threads)
[2023-10-19T21:21:32.935+0000][2567.456s][info ][safepoint     ] Application time: 1.0009434 seconds
[2023-10-19T21:21:32.935+0000][2567.456s][info ][safepoint     ] Entering safepoint region: Cleanup
[2023-10-19T21:21:32.936+0000][2567.457s][info ][safepoint     ] Leaving safepoint region
[2023-10-19T21:21:32.937+0000][2567.457s][info ][safepoint     ] Total time for which application threads were stopped: 0.0012099 seconds, Stopping threads took: 0.0006015 seconds
[2023-10-19T21:21:33.937+0000][2568.458s][debug][safepoint     ] Safepoint synchronization initiated. (177 threads)
[2023-10-19T21:21:33.938+0000][2568.459s][info ][safepoint     ] Application time: 1.0013409 seconds
[2023-10-19T21:21:33.939+0000][2568.460s][info ][safepoint     ] Entering safepoint region: Cleanup
[2023-10-19T21:21:33.941+0000][2568.462s][info ][safepoint     ] Leaving safepoint region
[2023-10-19T21:21:33.942+0000][2568.462s][info ][safepoint     ] Total time for which application threads were stopped: 0.0022503 seconds, Stopping threads took: 0.0010774 seconds
[2023-10-19T21:21:34.943+0000][2569.463s][debug][safepoint     ] Safepoint synchronization initiated. (177 threads)
[2023-10-19T21:21:34.944+0000][2569.464s][info ][safepoint     ] Application time: 1.0012097 seconds
[2023-10-19T21:21:34.944+0000][2569.465s][info ][safepoint     ] Entering safepoint region: Cleanup
[2023-10-19T21:21:34.945+0000][2569.466s][info ][safepoint     ] Leaving safepoint region
[2023-10-19T21:21:34.946+0000][2569.467s][info ][safepoint     ] Total time for which application threads were stopped: 0.0016372 seconds, Stopping threads took: 0.0008079 seconds
[2023-10-19T21:21:35.947+0000][2570.468s][debug][safepoint     ] Safepoint synchronization initiated. (177 threads)
[2023-10-19T21:21:35.948+0000][2570.469s][info ][safepoint     ] Application time: 1.0015216 seconds
[2023-10-19T21:21:35.949+0000][2570.470s][info ][safepoint     ] Entering safepoint region: Cleanup
[2023-10-19T21:21:35.951+0000][2570.472s][info ][safepoint     ] Leaving safepoint region
[2023-10-19T21:21:35.952+0000][2570.473s][info ][safepoint     ] Total time for which application threads were stopped: 0.0025584 seconds, Stopping threads took: 0.0011107 seconds
[2023-10-19T21:21:36.953+0000][2571.474s][debug][safepoint     ] Safepoint synchronization initiated. (177 threads)
[2023-10-19T21:21:36.954+0000][2571.475s][info ][safepoint     ] Application time: 1.0009589 seconds
[2023-10-19T21:21:36.954+0000][2571.475s][info ][safepoint     ] Entering safepoint region: Cleanup
[2023-10-19T21:21:36.955+0000][2571.476s][info ][safepoint     ] Leaving safepoint region
[2023-10-19T21:21:36.956+0000][2571.476s][info ][safepoint     ] Total time for which application threads were stopped: 0.0012586 seconds, Stopping threads took: 0.0005517 seconds
[2023-10-19T21:21:37.956+0000][2572.477s][debug][safepoint     ] Safepoint synchronization initiated. (177 threads)
[2023-10-19T21:21:37.957+0000][2572.478s][info ][safepoint     ] Application time: 1.0010602 seconds
[2023-10-19T21:21:37.958+0000][2572.479s][info ][safepoint     ] Entering safepoint region: Cleanup
[2023-10-19T21:21:37.959+0000][2572.480s][info ][safepoint     ] Leaving safepoint region
[2023-10-19T21:21:37.960+0000][2572.480s][info ][safepoint     ] Total time for which application threads were stopped: 0.0018614 seconds, Stopping threads took: 0.0008646 seconds
[2023-10-19T21:21:38.960+0000][2573.481s][debug][safepoint     ] Safepoint synchronization initiated. (177 threads)
[2023-10-19T21:21:38.961+0000][2573.482s][info ][safepoint     ] Application time: 1.0007637 seconds
[2023-10-19T21:21:38.961+0000][2573.482s][info ][safepoint     ] Entering safepoint region: Cleanup
[2023-10-19T21:21:38.962+0000][2573.483s][info ][safepoint     ] Leaving safepoint region
[2023-10-19T21:21:38.963+0000][2573.483s][info ][safepoint     ] Total time for which application threads were stopped: 0.0011304 seconds, Stopping threads took: 0.0004748 seconds
[2023-10-19T21:21:39.963+0000][2574.484s][debug][safepoint     ] Safepoint synchronization initiated. (177 threads)
[2023-10-19T21:21:39.964+0000][2574.485s][info ][safepoint     ] Application time: 1.0009251 seconds
[2023-10-19T21:21:39.965+0000][2574.485s][info ][safepoint     ] Entering safepoint region: Cleanup
[2023-10-19T21:21:39.965+0000][2574.486s][info ][safepoint     ] Leaving safepoint region
[2023-10-19T21:21:39.966+0000][2574.487s][info ][safepoint     ] Total time for which application threads were stopped: 0.0011488 seconds, Stopping threads took: 0.0004493 seconds
[2023-10-19T21:21:40.966+0000][2575.487s][debug][safepoint     ] Safepoint synchronization initiated. (177 threads)
[2023-10-19T21:21:40.967+0000][2575.488s][info ][safepoint     ] Application time: 1.0010012 seconds
[2023-10-19T21:21:40.968+0000][2575.489s][info ][safepoint     ] Entering safepoint region: Cleanup
[2023-10-19T21:21:40.969+0000][2575.489s][info ][safepoint     ] Leaving safepoint region
[2023-10-19T21:21:40.969+0000][2575.490s][info ][safepoint     ] Total time for which application threads were stopped: 0.0013754 seconds, Stopping threads took: 0.0005707 seconds
[2023-10-19T21:21:41.970+0000][2576.491s][debug][safepoint     ] Safepoint synchronization initiated. (177 threads)
[2023-10-19T21:21:41.971+0000][2576.491s][info ][safepoint     ] Application time: 1.0009050 seconds
[2023-10-19T21:21:41.971+0000][2576.492s][info ][safepoint     ] Entering safepoint region: Cleanup
[2023-10-19T21:21:41.972+0000][2576.493s][info ][safepoint     ] Leaving safepoint region
[2023-10-19T21:21:41.972+0000][2576.493s][info ][safepoint     ] Total time for which application threads were stopped: 0.0011414 seconds, Stopping threads took: 0.0004945 seconds
[2023-10-19T21:21:42.973+0000][2577.494s][debug][safepoint     ] Safepoint synchronization initiated. (177 threads)
[2023-10-19T21:21:42.974+0000][2577.494s][info ][safepoint     ] Application time: 1.0009378 seconds
[2023-10-19T21:21:42.974+0000][2577.495s][info ][safepoint     ] Entering safepoint region: Cleanup
[2023-10-19T21:21:42.975+0000][2577.496s][info ][safepoint     ] Leaving safepoint region
[2023-10-19T21:21:42.975+0000][2577.496s][info ][safepoint     ] Total time for which application threads were stopped: 0.0011055 seconds, Stopping threads took: 0.0004862 seconds
[2023-10-19T21:21:43.976+0000][2578.497s][debug][safepoint     ] Safepoint synchronization initiated. (177 threads)
[2023-10-19T21:21:43.977+0000][2578.498s][info ][safepoint     ] Application time: 1.0011290 seconds
[2023-10-19T21:21:43.977+0000][2578.498s][info ][safepoint     ] Entering safepoint region: Cleanup
[2023-10-19T21:21:43.978+0000][2578.499s][info ][safepoint     ] Leaving safepoint region
[2023-10-19T21:21:43.979+0000][2578.500s][info ][safepoint     ] Total time for which application threads were stopped: 0.0018372 seconds, Stopping threads took: 0.0008122 seconds
[2023-10-19T21:21:44.980+0000][2579.501s][debug][safepoint     ] Safepoint synchronization initiated. (177 threads)
[2023-10-19T21:21:44.980+0000][2579.501s][info ][safepoint     ] Application time: 1.0007472 seconds
[2023-10-19T21:21:44.981+0000][2579.502s][info ][safepoint     ] Entering safepoint region: Cleanup
[2023-10-19T21:21:44.982+0000][2579.502s][info ][safepoint     ] Leaving safepoint region
[2023-10-19T21:21:44.982+0000][2579.503s][info ][safepoint     ] Total time for which application threads were stopped: 0.0011714 seconds, Stopping threads took: 0.0004548 seconds
[2023-10-19T21:21:45.983+0000][2580.504s][debug][safepoint     ] Safepoint synchronization initiated. (177 threads)
[2023-10-19T21:21:45.984+0000][2580.505s][info ][safepoint     ] Application time: 1.0011886 seconds
[2023-10-19T21:21:45.985+0000][2580.506s][info ][safepoint     ] Entering safepoint region: Cleanup
[2023-10-19T21:21:45.986+0000][2580.507s][info ][safepoint     ] Leaving safepoint region
[2023-10-19T21:21:45.986+0000][2580.507s][info ][safepoint     ] Total time for which application threads were stopped: 0.0018128 seconds, Stopping threads took: 0.0009307 seconds
[2023-10-19T21:21:46.987+0000][2581.508s][debug][safepoint     ] Safepoint synchronization initiated. (177 threads)
[2023-10-19T21:21:46.988+0000][2581.509s][info ][safepoint     ] Application time: 1.0009236 seconds
[2023-10-19T21:21:46.989+0000][2581.510s][info ][safepoint     ] Entering safepoint region: Cleanup
[2023-10-19T21:21:46.989+0000][2581.510s][info ][safepoint     ] Leaving safepoint region
[2023-10-19T21:21:46.990+0000][2581.511s][info ][safepoint     ] Total time for which application threads were stopped: 0.0012245 seconds, Stopping threads took: 0.0005810 seconds
[2023-10-19T21:21:47.991+0000][2582.511s][debug][safepoint     ] Safepoint synchronization initiated. (177 threads)
[2023-10-19T21:21:47.991+0000][2582.512s][info ][safepoint     ] Application time: 1.0006226 seconds
[2023-10-19T21:21:47.991+0000][2582.512s][info ][safepoint     ] Entering safepoint region: Cleanup
[2023-10-19T21:21:47.992+0000][2582.513s][info ][safepoint     ] Leaving safepoint region
[2023-10-19T21:21:47.993+0000][2582.513s][info ][safepoint     ] Total time for which application threads were stopped: 0.0011489 seconds, Stopping threads took: 0.0005212 seconds
[2023-10-19T21:21:48.993+0000][2583.514s][debug][safepoint     ] Safepoint synchronization initiated. (177 threads)
[2023-10-19T21:21:48.994+0000][2583.515s][info ][safepoint     ] Application time: 1.0011641 seconds
[2023-10-19T21:21:48.995+0000][2583.516s][info ][safepoint     ] Entering safepoint region: Cleanup
[2023-10-19T21:21:48.996+0000][2583.517s][info ][safepoint     ] Leaving safepoint region
[2023-10-19T21:21:48.997+0000][2583.518s][info ][safepoint     ] Total time for which application threads were stopped: 0.0019122 seconds, Stopping threads took: 0.0007766 seconds
[2023-10-19T21:21:49.998+0000][2584.519s][debug][safepoint     ] Safepoint synchronization initiated. (177 threads)
[2023-10-19T21:21:49.999+0000][2584.520s][info ][safepoint     ] Application time: 1.0012694 seconds
[2023-10-19T21:21:50.000+0000][2584.521s][info ][safepoint     ] Entering safepoint region: Cleanup
[2023-10-19T21:21:50.001+0000][2584.522s][info ][safepoint     ] Leaving safepoint region
[2023-10-19T21:21:50.002+0000][2584.523s][info ][safepoint     ] Total time for which application threads were stopped: 0.0021828 seconds, Stopping threads took: 0.0009426 seconds
[2023-10-19T21:21:51.003+0000][2585.524s][debug][safepoint     ] Safepoint synchronization initiated. (177 threads)
[2023-10-19T21:21:51.004+0000][2585.525s][info ][safepoint     ] Application time: 1.0013494 seconds
[2023-10-19T21:21:51.005+0000][2585.526s][info ][safepoint     ] Entering safepoint region: Cleanup
[2023-10-19T21:21:51.006+0000][2585.527s][info ][safepoint     ] Leaving safepoint region
[2023-10-19T21:21:51.007+0000][2585.528s][info ][safepoint     ] Total time for which application threads were stopped: 0.0020394 seconds, Stopping threads took: 0.0009417 seconds
[2023-10-19T21:21:52.008+0000][2586.529s][debug][safepoint     ] Safepoint synchronization initiated. (177 threads)
[2023-10-19T21:21:52.009+0000][2586.530s][info ][safepoint     ] Application time: 1.0009035 seconds
[2023-10-19T21:21:52.010+0000][2586.530s][info ][safepoint     ] Entering safepoint region: Cleanup
[2023-10-19T21:21:52.010+0000][2586.531s][info ][safepoint     ] Leaving safepoint region
[2023-10-19T21:21:52.011+0000][2586.532s][info ][safepoint     ] Total time for which application threads were stopped: 0.0015430 seconds, Stopping threads took: 0.0006244 seconds
[2023-10-19T21:21:53.012+0000][2587.533s][debug][safepoint     ] Safepoint synchronization initiated. (177 threads)
[2023-10-19T21:21:53.013+0000][2587.534s][info ][safepoint     ] Application time: 1.0010938 seconds
[2023-10-19T21:21:53.013+0000][2587.534s][info ][safepoint     ] Entering safepoint region: Cleanup
[2023-10-19T21:21:53.014+0000][2587.535s][info ][safepoint     ] Leaving safepoint region
[2023-10-19T21:21:53.015+0000][2587.536s][info ][safepoint     ] Total time for which application threads were stopped: 0.0015555 seconds, Stopping threads took: 0.0006103 seconds
[2023-10-19T21:21:54.016+0000][2588.537s][debug][safepoint     ] Safepoint synchronization initiated. (177 threads)
[2023-10-19T21:21:54.016+0000][2588.537s][info ][safepoint     ] Application time: 1.0007153 seconds
[2023-10-19T21:21:54.017+0000][2588.538s][info ][safepoint     ] Entering safepoint region: Cleanup
[2023-10-19T21:21:54.018+0000][2588.539s][info ][safepoint     ] Leaving safepoint region
[2023-10-19T21:21:54.018+0000][2588.539s][info ][safepoint     ] Total time for which application threads were stopped: 0.0010821 seconds, Stopping threads took: 0.0004622 seconds
[2023-10-19T21:21:55.019+0000][2589.540s][debug][safepoint     ] Safepoint synchronization initiated. (177 threads)
[2023-10-19T21:21:55.019+0000][2589.540s][info ][safepoint     ] Application time: 1.0006043 seconds
[2023-10-19T21:21:55.020+0000][2589.541s][info ][safepoint     ] Entering safepoint region: Cleanup
[2023-10-19T21:21:55.020+0000][2589.541s][info ][safepoint     ] Leaving safepoint region
[2023-10-19T21:21:55.021+0000][2589.542s][info ][safepoint     ] Total time for which application threads were stopped: 0.0013014 seconds, Stopping threads took: 0.0005588 seconds
[2023-10-19T21:21:56.022+0000][2590.543s][debug][safepoint     ] Safepoint synchronization initiated. (177 threads)
[2023-10-19T21:21:56.022+0000][2590.543s][info ][safepoint     ] Application time: 1.0010472 seconds
[2023-10-19T21:21:56.023+0000][2590.544s][info ][safepoint     ] Entering safepoint region: Cleanup
[2023-10-19T21:21:56.024+0000][2590.545s][info ][safepoint     ] Leaving safepoint region
[2023-10-19T21:21:56.024+0000][2590.545s][info ][safepoint     ] Total time for which application threads were stopped: 0.0015085 seconds, Stopping threads took: 0.0006694 seconds
[2023-10-19T21:21:57.025+0000][2591.546s][debug][safepoint     ] Safepoint synchronization initiated. (177 threads)
[2023-10-19T21:21:57.026+0000][2591.547s][info ][safepoint     ] Application time: 1.0013196 seconds
[2023-10-19T21:21:57.027+0000][2591.548s][info ][safepoint     ] Entering safepoint region: Cleanup
[2023-10-19T21:21:57.029+0000][2591.550s][info ][safepoint     ] Leaving safepoint region
[2023-10-19T21:21:57.030+0000][2591.551s][info ][safepoint     ] Total time for which application threads were stopped: 0.0021646 seconds, Stopping threads took: 0.0009457 seconds
[2023-10-19T21:21:58.031+0000][2592.552s][debug][safepoint     ] Safepoint synchronization initiated. (177 threads)
[2023-10-19T21:21:58.031+0000][2592.552s][info ][safepoint     ] Application time: 1.0006430 seconds
[2023-10-19T21:21:58.031+0000][2592.552s][info ][safepoint     ] Entering safepoint region: Cleanup
[2023-10-19T21:21:58.032+0000][2592.553s][info ][safepoint     ] Leaving safepoint region
[2023-10-19T21:21:58.032+0000][2592.553s][info ][safepoint     ] Total time for which application threads were stopped: 0.0008838 seconds, Stopping threads took: 0.0003861 seconds
[2023-10-19T21:21:59.033+0000][2593.554s][debug][safepoint     ] Safepoint synchronization initiated. (177 threads)
[2023-10-19T21:21:59.034+0000][2593.555s][info ][safepoint     ] Application time: 1.0009454 seconds
[2023-10-19T21:21:59.034+0000][2593.555s][info ][safepoint     ] Entering safepoint region: Cleanup
[2023-10-19T21:21:59.035+0000][2593.556s][info ][safepoint     ] Leaving safepoint region
[2023-10-19T21:21:59.035+0000][2593.556s][info ][safepoint     ] Total time for which application threads were stopped: 0.0012565 seconds, Stopping threads took: 0.0005860 seconds
[2023-10-19T21:22:00.036+0000][2594.557s][debug][safepoint     ] Safepoint synchronization initiated. (177 threads)
[2023-10-19T21:22:00.037+0000][2594.558s][info ][safepoint     ] Application time: 1.0008059 seconds
[2023-10-19T21:22:00.037+0000][2594.558s][info ][safepoint     ] Entering safepoint region: Cleanup
[2023-10-19T21:22:00.038+0000][2594.559s][info ][safepoint     ] Leaving safepoint region
[2023-10-19T21:22:00.038+0000][2594.559s][info ][safepoint     ] Total time for which application threads were stopped: 0.0011992 seconds, Stopping threads took: 0.0004728 seconds
[2023-10-19T21:22:01.039+0000][2595.560s][debug][safepoint     ] Safepoint synchronization initiated. (177 threads)
[2023-10-19T21:22:01.040+0000][2595.561s][info ][safepoint     ] Application time: 1.0012865 seconds
[2023-10-19T21:22:01.041+0000][2595.562s][info ][safepoint     ] Entering safepoint region: Cleanup
[2023-10-19T21:22:01.042+0000][2595.563s][info ][safepoint     ] Leaving safepoint region
[2023-10-19T21:22:01.043+0000][2595.564s][info ][safepoint     ] Total time for which application threads were stopped: 0.0017284 seconds, Stopping threads took: 0.0007720 seconds
[2023-10-19T21:22:02.043+0000][2596.564s][debug][safepoint     ] Safepoint synchronization initiated. (177 threads)
[2023-10-19T21:22:02.044+0000][2596.565s][info ][safepoint     ] Application time: 1.0013183 seconds
[2023-10-19T21:22:02.045+0000][2596.566s][info ][safepoint     ] Entering safepoint region: Cleanup
[2023-10-19T21:22:02.046+0000][2596.567s][info ][safepoint     ] Leaving safepoint region
[2023-10-19T21:22:02.047+0000][2596.568s][info ][safepoint     ] Total time for which application threads were stopped: 0.0016940 seconds, Stopping threads took: 0.0006607 seconds
[2023-10-19T21:22:03.048+0000][2597.569s][debug][safepoint     ] Safepoint synchronization initiated. (177 threads)
[2023-10-19T21:22:03.048+0000][2597.569s][info ][safepoint     ] Application time: 1.0004823 seconds
[2023-10-19T21:22:03.048+0000][2597.569s][info ][safepoint     ] Entering safepoint region: Cleanup
[2023-10-19T21:22:03.049+0000][2597.570s][info ][safepoint     ] Leaving safepoint region
[2023-10-19T21:22:03.049+0000][2597.570s][info ][safepoint     ] Total time for which application threads were stopped: 0.0007891 seconds, Stopping threads took: 0.0003273 seconds
[2023-10-19T21:22:04.049+0000][2598.570s][debug][safepoint     ] Safepoint synchronization initiated. (177 threads)
[2023-10-19T21:22:04.050+0000][2598.571s][info ][safepoint     ] Application time: 1.0005874 seconds
[2023-10-19T21:22:04.050+0000][2598.571s][info ][safepoint     ] Entering safepoint region: Cleanup
[2023-10-19T21:22:04.051+0000][2598.572s][info ][safepoint     ] Leaving safepoint region
[2023-10-19T21:22:04.051+0000][2598.572s][info ][safepoint     ] Total time for which application threads were stopped: 0.0008105 seconds, Stopping threads took: 0.0003342 seconds
[2023-10-19T21:22:05.051+0000][2599.572s][debug][safepoint     ] Safepoint synchronization initiated. (177 threads)
[2023-10-19T21:22:05.052+0000][2599.573s][info ][safepoint     ] Application time: 1.0006163 seconds
[2023-10-19T21:22:05.053+0000][2599.574s][info ][safepoint     ] Entering safepoint region: Cleanup
[2023-10-19T21:22:05.053+0000][2599.574s][info ][safepoint     ] Leaving safepoint region
[2023-10-19T21:22:05.054+0000][2599.575s][info ][safepoint     ] Total time for which application threads were stopped: 0.0011754 seconds, Stopping threads took: 0.0005198 seconds
[2023-10-19T21:22:06.054+0000][2600.575s][debug][safepoint     ] Safepoint synchronization initiated. (177 threads)
[2023-10-19T21:22:06.055+0000][2600.576s][info ][safepoint     ] Application time: 1.0006455 seconds
[2023-10-19T21:22:06.055+0000][2600.576s][info ][safepoint     ] Entering safepoint region: Cleanup
[2023-10-19T21:22:06.056+0000][2600.577s][info ][safepoint     ] Leaving safepoint region
[2023-10-19T21:22:06.056+0000][2600.577s][info ][safepoint     ] Total time for which application threads were stopped: 0.0009144 seconds, Stopping threads took: 0.0004330 seconds
[2023-10-19T21:22:07.056+0000][2601.577s][debug][safepoint     ] Safepoint synchronization initiated. (177 threads)
[2023-10-19T21:22:07.057+0000][2601.578s][info ][safepoint     ] Application time: 1.0005883 seconds
[2023-10-19T21:22:07.057+0000][2601.578s][info ][safepoint     ] Entering safepoint region: Cleanup
[2023-10-19T21:22:07.058+0000][2601.579s][info ][safepoint     ] Leaving safepoint region
[2023-10-19T21:22:07.058+0000][2601.579s][info ][safepoint     ] Total time for which application threads were stopped: 0.0007373 seconds, Stopping threads took: 0.0002842 seconds
[2023-10-19T21:22:08.058+0000][2602.579s][debug][safepoint     ] Safepoint synchronization initiated. (177 threads)
[2023-10-19T21:22:08.059+0000][2602.580s][info ][safepoint     ] Application time: 1.0005589 seconds
[2023-10-19T21:22:08.059+0000][2602.580s][info ][safepoint     ] Entering safepoint region: Cleanup
[2023-10-19T21:22:08.060+0000][2602.581s][info ][safepoint     ] Leaving safepoint region
[2023-10-19T21:22:08.060+0000][2602.581s][info ][safepoint     ] Total time for which application threads were stopped: 0.0010012 seconds, Stopping threads took: 0.0004143 seconds
[2023-10-19T21:22:09.061+0000][2603.582s][debug][safepoint     ] Safepoint synchronization initiated. (177 threads)
[2023-10-19T21:22:09.061+0000][2603.582s][info ][safepoint     ] Application time: 1.0010980 seconds
[2023-10-19T21:22:09.062+0000][2603.583s][info ][safepoint     ] Entering safepoint region: Cleanup
[2023-10-19T21:22:09.063+0000][2603.584s][info ][safepoint     ] Leaving safepoint region
[2023-10-19T21:22:09.064+0000][2603.585s][info ][safepoint     ] Total time for which application threads were stopped: 0.0017071 seconds, Stopping threads took: 0.0007352 seconds
[2023-10-19T21:22:10.065+0000][2604.586s][debug][safepoint     ] Safepoint synchronization initiated. (177 threads)
[2023-10-19T21:22:10.066+0000][2604.587s][info ][safepoint     ] Application time: 1.0013634 seconds
[2023-10-19T21:22:10.067+0000][2604.588s][info ][safepoint     ] Entering safepoint region: Cleanup
[2023-10-19T21:22:10.068+0000][2604.589s][info ][safepoint     ] Leaving safepoint region
[2023-10-19T21:22:10.069+0000][2604.590s][info ][safepoint     ] Total time for which application threads were stopped: 0.0022643 seconds, Stopping threads took: 0.0008536 seconds
[2023-10-19T21:22:11.070+0000][2605.591s][debug][safepoint     ] Safepoint synchronization initiated. (177 threads)
[2023-10-19T21:22:11.070+0000][2605.591s][info ][safepoint     ] Application time: 1.0006943 seconds
[2023-10-19T21:22:11.071+0000][2605.592s][info ][safepoint     ] Entering safepoint region: Cleanup
[2023-10-19T21:22:11.072+0000][2605.592s][info ][safepoint     ] Leaving safepoint region
[2023-10-19T21:22:11.072+0000][2605.593s][info ][safepoint     ] Total time for which application threads were stopped: 0.0010300 seconds, Stopping threads took: 0.0004732 seconds
[2023-10-19T21:22:12.073+0000][2606.594s][debug][safepoint     ] Safepoint synchronization initiated. (177 threads)
[2023-10-19T21:22:12.074+0000][2606.595s][info ][safepoint     ] Application time: 1.0015347 seconds
[2023-10-19T21:22:12.075+0000][2606.596s][info ][safepoint     ] Entering safepoint region: Cleanup
[2023-10-19T21:22:12.077+0000][2606.598s][info ][safepoint     ] Leaving safepoint region
[2023-10-19T21:22:12.078+0000][2606.598s][info ][safepoint     ] Total time for which application threads were stopped: 0.0022286 seconds, Stopping threads took: 0.0009038 seconds
[2023-10-19T21:22:13.078+0000][2607.599s][debug][safepoint     ] Safepoint synchronization initiated. (177 threads)
[2023-10-19T21:22:13.079+0000][2607.600s][info ][safepoint     ] Application time: 1.0006931 seconds
[2023-10-19T21:22:13.080+0000][2607.601s][info ][safepoint     ] Entering safepoint region: Cleanup
[2023-10-19T21:22:13.081+0000][2607.602s][info ][safepoint     ] Leaving safepoint region
[2023-10-19T21:22:13.081+0000][2607.602s][info ][safepoint     ] Total time for which application threads were stopped: 0.0014298 seconds, Stopping threads took: 0.0007596 seconds
[2023-10-19T21:22:14.082+0000][2608.603s][debug][safepoint     ] Safepoint synchronization initiated. (177 threads)
[2023-10-19T21:22:14.082+0000][2608.603s][info ][safepoint     ] Application time: 1.0005814 seconds
[2023-10-19T21:22:14.082+0000][2608.603s][info ][safepoint     ] Entering safepoint region: Cleanup
[2023-10-19T21:22:14.083+0000][2608.604s][info ][safepoint     ] Leaving safepoint region
[2023-10-19T21:22:14.083+0000][2608.604s][info ][safepoint     ] Total time for which application threads were stopped: 0.0008339 seconds, Stopping threads took: 0.0003203 seconds
[2023-10-19T21:22:15.084+0000][2609.605s][debug][safepoint     ] Safepoint synchronization initiated. (177 threads)
[2023-10-19T21:22:15.085+0000][2609.606s][info ][safepoint     ] Application time: 1.0017816 seconds
[2023-10-19T21:22:15.086+0000][2609.607s][info ][safepoint     ] Entering safepoint region: Cleanup
[2023-10-19T21:22:15.087+0000][2609.608s][info ][safepoint     ] Leaving safepoint region
[2023-10-19T21:22:15.087+0000][2609.608s][info ][safepoint     ] Total time for which application threads were stopped: 0.0014089 seconds, Stopping threads took: 0.0005884 seconds
[2023-10-19T21:22:16.088+0000][2610.609s][debug][safepoint     ] Safepoint synchronization initiated. (177 threads)
[2023-10-19T21:22:16.089+0000][2610.610s][info ][safepoint     ] Application time: 1.0014665 seconds
[2023-10-19T21:22:16.090+0000][2610.611s][info ][safepoint     ] Entering safepoint region: Cleanup
[2023-10-19T21:22:16.091+0000][2610.612s][info ][safepoint     ] Leaving safepoint region
[2023-10-19T21:22:16.091+0000][2610.612s][info ][safepoint     ] Total time for which application threads were stopped: 0.0013565 seconds, Stopping threads took: 0.0007763 seconds
[2023-10-19T21:22:16.091+0000][2610.612s][debug][safepoint     ] ... found polling page return exception at pc = 0x00007fbdb0cb92c4, stub =0x00007fbda8840600
[2023-10-19T21:22:16.091+0000][2610.612s][debug][safepoint     ] ... found polling page return exception at pc = 0x00007fbdb0cb92c4, stub =0x00007fbda8840600
[2023-10-19T21:22:16.091+0000][2610.612s][debug][safepoint     ] ... found polling page return exception at pc = 0x00007fbdb0cb92c4, stub =0x00007fbda8840600
[2023-10-19T21:22:17.092+0000][2611.613s][debug][safepoint     ] Safepoint synchronization initiated. (177 threads)
[2023-10-19T21:22:17.093+0000][2611.614s][info ][safepoint     ] Application time: 1.0010219 seconds
[2023-10-19T21:22:17.094+0000][2611.615s][info ][safepoint     ] Entering safepoint region: Cleanup
[2023-10-19T21:22:17.095+0000][2611.616s][info ][safepoint     ] Leaving safepoint region
[2023-10-19T21:22:17.096+0000][2611.617s][info ][safepoint     ] Total time for which application threads were stopped: 0.0019519 seconds, Stopping threads took: 0.0009701 seconds
[2023-10-19T21:22:18.097+0000][2612.618s][debug][safepoint     ] Safepoint synchronization initiated. (177 threads)
[2023-10-19T21:22:18.097+0000][2612.618s][info ][safepoint     ] Application time: 1.0006492 seconds
[2023-10-19T21:22:18.098+0000][2612.619s][info ][safepoint     ] Entering safepoint region: Cleanup
[2023-10-19T21:22:18.098+0000][2612.619s][info ][safepoint     ] Leaving safepoint region
[2023-10-19T21:22:18.098+0000][2612.619s][info ][safepoint     ] Total time for which application threads were stopped: 0.0008286 seconds, Stopping threads took: 0.0003536 seconds
[2023-10-19T21:22:19.099+0000][2613.620s][debug][safepoint     ] Safepoint synchronization initiated. (177 threads)
[2023-10-19T21:22:19.100+0000][2613.621s][info ][safepoint     ] Application time: 1.0012522 seconds
[2023-10-19T21:22:19.101+0000][2613.622s][info ][safepoint     ] Entering safepoint region: Cleanup
[2023-10-19T21:22:19.102+0000][2613.623s][info ][safepoint     ] Leaving safepoint region
[2023-10-19T21:22:19.103+0000][2613.624s][info ][safepoint     ] Total time for which application threads were stopped: 0.0019860 seconds, Stopping threads took: 0.0008550 seconds
[2023-10-19T21:22:20.104+0000][2614.625s][debug][safepoint     ] Safepoint synchronization initiated. (177 threads)
[2023-10-19T21:22:20.104+0000][2614.625s][info ][safepoint     ] Application time: 1.0005199 seconds
[2023-10-19T21:22:20.105+0000][2614.625s][info ][safepoint     ] Entering safepoint region: Cleanup
[2023-10-19T21:22:20.105+0000][2614.626s][info ][safepoint     ] Leaving safepoint region
[2023-10-19T21:22:20.105+0000][2614.626s][info ][safepoint     ] Total time for which application threads were stopped: 0.0008505 seconds, Stopping threads took: 0.0003709 seconds
[2023-10-19T21:22:21.106+0000][2615.627s][debug][safepoint     ] Safepoint synchronization initiated. (177 threads)
[2023-10-19T21:22:21.107+0000][2615.628s][info ][safepoint     ] Application time: 1.0013961 seconds
[2023-10-19T21:22:21.108+0000][2615.629s][info ][safepoint     ] Entering safepoint region: Cleanup
[2023-10-19T21:22:21.109+0000][2615.630s][info ][safepoint     ] Leaving safepoint region
[2023-10-19T21:22:21.109+0000][2615.630s][info ][safepoint     ] Total time for which application threads were stopped: 0.0014742 seconds, Stopping threads took: 0.0006843 seconds
[2023-10-19T21:22:22.110+0000][2616.631s][debug][safepoint     ] Safepoint synchronization initiated. (177 threads)
[2023-10-19T21:22:22.110+0000][2616.631s][info ][safepoint     ] Application time: 1.0005512 seconds
[2023-10-19T21:22:22.111+0000][2616.631s][info ][safepoint     ] Entering safepoint region: Cleanup
[2023-10-19T21:22:22.111+0000][2616.632s][info ][safepoint     ] Leaving safepoint region
[2023-10-19T21:22:22.111+0000][2616.632s][info ][safepoint     ] Total time for which application threads were stopped: 0.0009042 seconds, Stopping threads took: 0.0003364 seconds
[2023-10-19T21:22:23.112+0000][2617.633s][debug][safepoint     ] Safepoint synchronization initiated. (177 threads)
[2023-10-19T21:22:23.113+0000][2617.634s][info ][safepoint     ] Application time: 1.0013531 seconds
[2023-10-19T21:22:23.114+0000][2617.635s][debug][safepoint     ] ... found polling page return exception at pc = 0x00007fbdb0a934f4, stub =0x00007fbda8840600
[2023-10-19T21:22:23.114+0000][2617.635s][debug][safepoint     ] ... found polling page return exception at pc = 0x00007fbdb0cb92c4, stub =0x00007fbda8840600
[2023-10-19T21:22:23.116+0000][2617.637s][debug][safepoint     ] Waiting for 2 thread(s) to block
[2023-10-19T21:22:23.117+0000][2617.638s][info ][safepoint     ] Entering safepoint region: Cleanup
[2023-10-19T21:22:23.118+0000][2617.639s][info ][safepoint     ] Leaving safepoint region
[2023-10-19T21:22:23.118+0000][2617.640s][info ][safepoint     ] Total time for which application threads were stopped: 0.0044988 seconds, Stopping threads took: 0.0035481 seconds
[2023-10-19T21:22:24.119+0000][2618.641s][debug][safepoint     ] Safepoint synchronization initiated. (177 threads)
[2023-10-19T21:22:24.120+0000][2618.641s][info ][safepoint     ] Application time: 1.0006874 seconds
[2023-10-19T21:22:24.121+0000][2618.642s][info ][safepoint     ] Entering safepoint region: Cleanup
[2023-10-19T21:22:24.122+0000][2618.643s][info ][safepoint     ] Leaving safepoint region
[2023-10-19T21:22:24.122+0000][2618.643s][info ][safepoint     ] Total time for which application threads were stopped: 0.0017996 seconds, Stopping threads took: 0.0005723 seconds
[2023-10-19T21:22:25.123+0000][2619.644s][debug][safepoint     ] Safepoint synchronization initiated. (177 threads)
[2023-10-19T21:22:25.124+0000][2619.645s][info ][safepoint     ] Application time: 1.0008495 seconds
[2023-10-19T21:22:25.124+0000][2619.645s][info ][safepoint     ] Entering safepoint region: Cleanup
[2023-10-19T21:22:25.125+0000][2619.646s][info ][safepoint     ] Leaving safepoint region
[2023-10-19T21:22:25.125+0000][2619.646s][info ][safepoint     ] Total time for which application threads were stopped: 0.0011031 seconds, Stopping threads took: 0.0004825 seconds
[2023-10-19T21:22:26.126+0000][2620.647s][debug][safepoint     ] Safepoint synchronization initiated. (177 threads)
[2023-10-19T21:22:26.127+0000][2620.648s][info ][safepoint     ] Application time: 1.0010270 seconds
[2023-10-19T21:22:26.127+0000][2620.648s][info ][safepoint     ] Entering safepoint region: Cleanup
[2023-10-19T21:22:26.128+0000][2620.649s][info ][safepoint     ] Leaving safepoint region
[2023-10-19T21:22:26.129+0000][2620.650s][info ][safepoint     ] Total time for which application threads were stopped: 0.0014941 seconds, Stopping threads took: 0.0007494 seconds
[2023-10-19T21:22:27.129+0000][2621.651s][debug][safepoint     ] Safepoint synchronization initiated. (177 threads)
[2023-10-19T21:22:27.131+0000][2621.652s][info ][safepoint     ] Application time: 1.0013676 seconds
[2023-10-19T21:22:27.131+0000][2621.652s][info ][safepoint     ] Entering safepoint region: Cleanup
[2023-10-19T21:22:27.132+0000][2621.653s][info ][safepoint     ] Leaving safepoint region
[2023-10-19T21:22:27.132+0000][2621.653s][info ][safepoint     ] Total time for which application threads were stopped: 0.0012416 seconds, Stopping threads took: 0.0004384 seconds
[2023-10-19T21:22:28.133+0000][2622.654s][debug][safepoint     ] Safepoint synchronization initiated. (177 threads)
[2023-10-19T21:22:28.134+0000][2622.655s][info ][safepoint     ] Application time: 1.0009586 seconds
[2023-10-19T21:22:28.134+0000][2622.656s][info ][safepoint     ] Entering safepoint region: Cleanup
[2023-10-19T21:22:28.135+0000][2622.656s][info ][safepoint     ] Leaving safepoint region
[2023-10-19T21:22:28.136+0000][2622.657s][info ][safepoint     ] Total time for which application threads were stopped: 0.0014380 seconds, Stopping threads took: 0.0007209 seconds
[2023-10-19T21:22:29.136+0000][2623.657s][debug][safepoint     ] Safepoint synchronization initiated. (177 threads)
[2023-10-19T21:22:29.137+0000][2623.658s][info ][safepoint     ] Application time: 1.0008194 seconds
[2023-10-19T21:22:29.138+0000][2623.659s][info ][safepoint     ] Entering safepoint region: Cleanup
[2023-10-19T21:22:29.138+0000][2623.660s][info ][safepoint     ] Leaving safepoint region
[2023-10-19T21:22:29.139+0000][2623.660s][info ][safepoint     ] Total time for which application threads were stopped: 0.0012312 seconds, Stopping threads took: 0.0005794 seconds
[2023-10-19T21:22:30.139+0000][2624.661s][debug][safepoint     ] Safepoint synchronization initiated. (177 threads)
[2023-10-19T21:22:30.140+0000][2624.661s][info ][safepoint     ] Application time: 1.0007919 seconds
[2023-10-19T21:22:30.140+0000][2624.662s][info ][safepoint     ] Entering safepoint region: Cleanup
[2023-10-19T21:22:30.141+0000][2624.662s][info ][safepoint     ] Leaving safepoint region
[2023-10-19T21:22:30.141+0000][2624.663s][info ][safepoint     ] Total time for which application threads were stopped: 0.0010129 seconds, Stopping threads took: 0.0003967 seconds
[2023-10-19T21:22:31.142+0000][2625.663s][debug][safepoint     ] Safepoint synchronization initiated. (177 threads)
[2023-10-19T21:22:31.143+0000][2625.665s][info ][safepoint     ] Application time: 1.0015918 seconds
[2023-10-19T21:22:31.145+0000][2625.666s][info ][safepoint     ] Entering safepoint region: Cleanup
[2023-10-19T21:22:31.146+0000][2625.667s][info ][safepoint     ] Leaving safepoint region
[2023-10-19T21:22:31.147+0000][2625.668s][info ][safepoint     ] Total time for which application threads were stopped: 0.0025671 seconds, Stopping threads took: 0.0011165 seconds
[2023-10-19T21:22:32.149+0000][2626.670s][debug][safepoint     ] Safepoint synchronization initiated. (177 threads)
[2023-10-19T21:22:32.149+0000][2626.671s][info ][safepoint     ] Application time: 1.0011165 seconds
[2023-10-19T21:22:32.150+0000][2626.671s][info ][safepoint     ] Entering safepoint region: Cleanup
[2023-10-19T21:22:32.151+0000][2626.672s][info ][safepoint     ] Leaving safepoint region
[2023-10-19T21:22:32.151+0000][2626.672s][info ][safepoint     ] Total time for which application threads were stopped: 0.0013170 seconds, Stopping threads took: 0.0005699 seconds
[2023-10-19T21:22:33.152+0000][2627.673s][debug][safepoint     ] Safepoint synchronization initiated. (177 threads)
[2023-10-19T21:22:33.153+0000][2627.674s][info ][safepoint     ] Application time: 1.0013574 seconds
[2023-10-19T21:22:33.154+0000][2627.675s][info ][safepoint     ] Entering safepoint region: Cleanup
[2023-10-19T21:22:33.155+0000][2627.676s][info ][safepoint     ] Leaving safepoint region
[2023-10-19T21:22:33.156+0000][2627.677s][info ][safepoint     ] Total time for which application threads were stopped: 0.0022298 seconds, Stopping threads took: 0.0008806 seconds
[2023-10-19T21:22:34.157+0000][2628.678s][debug][safepoint     ] Safepoint synchronization initiated. (177 threads)
[2023-10-19T21:22:34.158+0000][2628.679s][info ][safepoint     ] Application time: 1.0010067 seconds
[2023-10-19T21:22:34.159+0000][2628.680s][info ][safepoint     ] Entering safepoint region: Cleanup
[2023-10-19T21:22:34.159+0000][2628.680s][info ][safepoint     ] Leaving safepoint region
[2023-10-19T21:22:34.160+0000][2628.681s][info ][safepoint     ] Total time for which application threads were stopped: 0.0009400 seconds, Stopping threads took: 0.0003620 seconds
[2023-10-19T21:22:35.160+0000][2629.681s][debug][safepoint     ] Safepoint synchronization initiated. (177 threads)
[2023-10-19T21:22:35.160+0000][2629.682s][info ][safepoint     ] Application time: 1.0004952 seconds
[2023-10-19T21:22:35.161+0000][2629.682s][info ][safepoint     ] Entering safepoint region: Cleanup
[2023-10-19T21:22:35.161+0000][2629.682s][info ][safepoint     ] Leaving safepoint region
[2023-10-19T21:22:35.161+0000][2629.683s][info ][safepoint     ] Total time for which application threads were stopped: 0.0007491 seconds, Stopping threads took: 0.0002995 seconds
[2023-10-19T21:22:36.162+0000][2630.683s][debug][safepoint     ] Safepoint synchronization initiated. (177 threads)
[2023-10-19T21:22:36.163+0000][2630.684s][info ][safepoint     ] Application time: 1.0010267 seconds
[2023-10-19T21:22:36.163+0000][2630.684s][info ][safepoint     ] Entering safepoint region: Cleanup
[2023-10-19T21:22:36.164+0000][2630.685s][info ][safepoint     ] Leaving safepoint region
[2023-10-19T21:22:36.165+0000][2630.686s][info ][safepoint     ] Total time for which application threads were stopped: 0.0013001 seconds, Stopping threads took: 0.0005586 seconds
[2023-10-19T21:22:37.165+0000][2631.686s][debug][safepoint     ] Safepoint synchronization initiated. (177 threads)
[2023-10-19T21:22:37.166+0000][2631.687s][info ][safepoint     ] Application time: 1.0012139 seconds
[2023-10-19T21:22:37.167+0000][2631.688s][info ][safepoint     ] Entering safepoint region: Cleanup
[2023-10-19T21:22:37.168+0000][2631.689s][info ][safepoint     ] Leaving safepoint region
[2023-10-19T21:22:37.169+0000][2631.690s][info ][safepoint     ] Total time for which application threads were stopped: 0.0019360 seconds, Stopping threads took: 0.0008185 seconds
[2023-10-19T21:22:38.170+0000][2632.691s][debug][safepoint     ] Safepoint synchronization initiated. (177 threads)
[2023-10-19T21:22:38.171+0000][2632.692s][info ][safepoint     ] Application time: 1.0007737 seconds
[2023-10-19T21:22:38.171+0000][2632.692s][debug][safepoint     ] ... found polling page return exception at pc = 0x00007fbdb04ea3fd, stub =0x00007fbda8840600
[2023-10-19T21:22:38.172+0000][2632.693s][debug][safepoint     ] Waiting for 6 thread(s) to block
[2023-10-19T21:22:38.173+0000][2632.694s][info ][safepoint     ] Entering safepoint region: Cleanup
[2023-10-19T21:22:38.174+0000][2632.695s][info ][safepoint     ] Leaving safepoint region
[2023-10-19T21:22:38.174+0000][2632.696s][info ][safepoint     ] Total time for which application threads were stopped: 0.0032456 seconds, Stopping threads took: 0.0020532 seconds
[2023-10-19T21:22:39.175+0000][2633.696s][debug][safepoint     ] Safepoint synchronization initiated. (177 threads)
[2023-10-19T21:22:39.176+0000][2633.697s][info ][safepoint     ] Application time: 1.0012986 seconds
[2023-10-19T21:22:39.177+0000][2633.698s][info ][safepoint     ] Entering safepoint region: Cleanup
[2023-10-19T21:22:39.178+0000][2633.699s][info ][safepoint     ] Leaving safepoint region
[2023-10-19T21:22:39.179+0000][2633.700s][info ][safepoint     ] Total time for which application threads were stopped: 0.0017838 seconds, Stopping threads took: 0.0008168 seconds
[2023-10-19T21:22:40.180+0000][2634.701s][debug][safepoint     ] Safepoint synchronization initiated. (177 threads)
[2023-10-19T21:22:40.181+0000][2634.702s][info ][safepoint     ] Application time: 1.0009892 seconds
[2023-10-19T21:22:40.181+0000][2634.702s][info ][safepoint     ] Entering safepoint region: Cleanup
[2023-10-19T21:22:40.182+0000][2634.703s][info ][safepoint     ] Leaving safepoint region
[2023-10-19T21:22:40.183+0000][2634.704s][info ][safepoint     ] Total time for which application threads were stopped: 0.0014141 seconds, Stopping threads took: 0.0005859 seconds
[2023-10-19T21:22:40.182+0000][2634.703s][debug][safepoint     ] ... found polling page return exception at pc = 0x00007fbdb1347448, stub =0x00007fbda8840600
[2023-10-19T21:22:41.183+0000][2635.704s][debug][safepoint     ] Safepoint synchronization initiated. (177 threads)
[2023-10-19T21:22:41.185+0000][2635.706s][info ][safepoint     ] Application time: 1.0017460 seconds
[2023-10-19T21:22:41.186+0000][2635.707s][info ][safepoint     ] Entering safepoint region: Cleanup
[2023-10-19T21:22:41.187+0000][2635.708s][info ][safepoint     ] Leaving safepoint region
[2023-10-19T21:22:41.188+0000][2635.709s][info ][safepoint     ] Total time for which application threads were stopped: 0.0021408 seconds, Stopping threads took: 0.0008337 seconds
[2023-10-19T21:22:42.189+0000][2636.710s][debug][safepoint     ] Safepoint synchronization initiated. (177 threads)
[2023-10-19T21:22:42.190+0000][2636.711s][info ][safepoint     ] Application time: 1.0007533 seconds
[2023-10-19T21:22:42.190+0000][2636.711s][debug][safepoint     ] ... found polling page return exception at pc = 0x00007fbdb0a9d3f6, stub =0x00007fbda8840600
[2023-10-19T21:22:42.191+0000][2636.712s][debug][safepoint     ] Waiting for 2 thread(s) to block
[2023-10-19T21:22:42.191+0000][2636.712s][info ][safepoint     ] Entering safepoint region: Cleanup
[2023-10-19T21:22:42.192+0000][2636.713s][info ][safepoint     ] Leaving safepoint region
[2023-10-19T21:22:42.192+0000][2636.713s][info ][safepoint     ] Total time for which application threads were stopped: 0.0021861 seconds, Stopping threads took: 0.0015749 seconds
[2023-10-19T21:22:43.193+0000][2637.714s][debug][safepoint     ] Safepoint synchronization initiated. (177 threads)
[2023-10-19T21:22:43.194+0000][2637.715s][info ][safepoint     ] Application time: 1.0009897 seconds
[2023-10-19T21:22:43.194+0000][2637.715s][info ][safepoint     ] Entering safepoint region: Cleanup
[2023-10-19T21:22:43.195+0000][2637.716s][info ][safepoint     ] Leaving safepoint region
[2023-10-19T21:22:43.195+0000][2637.717s][info ][safepoint     ] Total time for which application threads were stopped: 0.0011226 seconds, Stopping threads took: 0.0004989 seconds
[2023-10-19T21:22:44.196+0000][2638.717s][debug][safepoint     ] Safepoint synchronization initiated. (177 threads)
[2023-10-19T21:22:44.197+0000][2638.718s][info ][safepoint     ] Application time: 1.0008160 seconds
[2023-10-19T21:22:44.197+0000][2638.719s][info ][safepoint     ] Entering safepoint region: Cleanup
[2023-10-19T21:22:44.198+0000][2638.719s][info ][safepoint     ] Leaving safepoint region
[2023-10-19T21:22:44.198+0000][2638.720s][info ][safepoint     ] Total time for which application threads were stopped: 0.0010745 seconds, Stopping threads took: 0.0005281 seconds
[2023-10-19T21:22:45.199+0000][2639.720s][debug][safepoint     ] Safepoint synchronization initiated. (177 threads)
[2023-10-19T21:22:45.200+0000][2639.721s][info ][safepoint     ] Application time: 1.0010581 seconds
[2023-10-19T21:22:45.200+0000][2639.722s][info ][safepoint     ] Entering safepoint region: Cleanup
[2023-10-19T21:22:45.201+0000][2639.722s][info ][safepoint     ] Leaving safepoint region
[2023-10-19T21:22:45.202+0000][2639.723s][info ][safepoint     ] Total time for which application threads were stopped: 0.0011745 seconds, Stopping threads took: 0.0004732 seconds
[2023-10-19T21:22:46.202+0000][2640.723s][debug][safepoint     ] Safepoint synchronization initiated. (177 threads)
[2023-10-19T21:22:46.203+0000][2640.724s][info ][safepoint     ] Application time: 1.0006705 seconds
[2023-10-19T21:22:46.203+0000][2640.724s][info ][safepoint     ] Entering safepoint region: Cleanup
[2023-10-19T21:22:46.204+0000][2640.725s][info ][safepoint     ] Leaving safepoint region
[2023-10-19T21:22:46.204+0000][2640.725s][info ][safepoint     ] Total time for which application threads were stopped: 0.0011494 seconds, Stopping threads took: 0.0005356 seconds
[2023-10-19T21:22:47.205+0000][2641.726s][debug][safepoint     ] Safepoint synchronization initiated. (177 threads)
[2023-10-19T21:22:47.206+0000][2641.727s][info ][safepoint     ] Application time: 1.0010503 seconds
[2023-10-19T21:22:47.207+0000][2641.728s][info ][safepoint     ] Entering safepoint region: Cleanup
[2023-10-19T21:22:47.208+0000][2641.729s][info ][safepoint     ] Leaving safepoint region
[2023-10-19T21:22:47.208+0000][2641.729s][info ][safepoint     ] Total time for which application threads were stopped: 0.0013619 seconds, Stopping threads took: 0.0006679 seconds
[2023-10-19T21:22:48.209+0000][2642.730s][debug][safepoint     ] Safepoint synchronization initiated. (177 threads)
[2023-10-19T21:22:48.209+0000][2642.730s][info ][safepoint     ] Application time: 1.0007055 seconds
[2023-10-19T21:22:48.210+0000][2642.731s][info ][safepoint     ] Entering safepoint region: Cleanup
[2023-10-19T21:22:48.210+0000][2642.731s][info ][safepoint     ] Leaving safepoint region
[2023-10-19T21:22:48.211+0000][2642.732s][info ][safepoint     ] Total time for which application threads were stopped: 0.0011965 seconds, Stopping threads took: 0.0005559 seconds
[2023-10-19T21:22:49.211+0000][2643.732s][debug][safepoint     ] Safepoint synchronization initiated. (177 threads)
[2023-10-19T21:22:49.212+0000][2643.733s][info ][safepoint     ] Application time: 1.0011242 seconds
[2023-10-19T21:22:49.213+0000][2643.734s][info ][safepoint     ] Entering safepoint region: Cleanup
[2023-10-19T21:22:49.215+0000][2643.736s][info ][safepoint     ] Leaving safepoint region
[2023-10-19T21:22:49.215+0000][2643.736s][info ][safepoint     ] Total time for which application threads were stopped: 0.0024819 seconds, Stopping threads took: 0.0012737 seconds
[2023-10-19T21:22:50.216+0000][2644.737s][debug][safepoint     ] Safepoint synchronization initiated. (177 threads)
[2023-10-19T21:22:50.217+0000][2644.738s][info ][safepoint     ] Application time: 1.0011141 seconds
[2023-10-19T21:22:50.218+0000][2644.739s][info ][safepoint     ] Entering safepoint region: Cleanup
[2023-10-19T21:22:50.219+0000][2644.740s][info ][safepoint     ] Leaving safepoint region
[2023-10-19T21:22:50.220+0000][2644.741s][info ][safepoint     ] Total time for which application threads were stopped: 0.0019558 seconds, Stopping threads took: 0.0010423 seconds
[2023-10-19T21:22:51.221+0000][2645.742s][debug][safepoint     ] Safepoint synchronization initiated. (177 threads)
[2023-10-19T21:22:51.222+0000][2645.743s][info ][safepoint     ] Application time: 1.0012713 seconds
[2023-10-19T21:22:51.223+0000][2645.744s][info ][safepoint     ] Entering safepoint region: Cleanup
[2023-10-19T21:22:51.224+0000][2645.745s][info ][safepoint     ] Leaving safepoint region
[2023-10-19T21:22:51.224+0000][2645.745s][info ][safepoint     ] Total time for which application threads were stopped: 0.0018074 seconds, Stopping threads took: 0.0009069 seconds
[2023-10-19T21:22:52.225+0000][2646.746s][debug][safepoint     ] Safepoint synchronization initiated. (177 threads)
[2023-10-19T21:22:52.226+0000][2646.747s][info ][safepoint     ] Application time: 1.0013264 seconds
[2023-10-19T21:22:52.227+0000][2646.748s][info ][safepoint     ] Entering safepoint region: Cleanup
[2023-10-19T21:22:52.229+0000][2646.750s][info ][safepoint     ] Leaving safepoint region
[2023-10-19T21:22:52.230+0000][2646.751s][info ][safepoint     ] Total time for which application threads were stopped: 0.0023221 seconds, Stopping threads took: 0.0010028 seconds
[2023-10-19T21:22:53.231+0000][2647.752s][debug][safepoint     ] Safepoint synchronization initiated. (177 threads)
[2023-10-19T21:22:53.232+0000][2647.753s][info ][safepoint     ] Application time: 1.0014144 seconds
[2023-10-19T21:22:53.233+0000][2647.754s][info ][safepoint     ] Entering safepoint region: Cleanup
[2023-10-19T21:22:53.235+0000][2647.756s][info ][safepoint     ] Leaving safepoint region
[2023-10-19T21:22:53.235+0000][2647.756s][info ][safepoint     ] Total time for which application threads were stopped: 0.0023354 seconds, Stopping threads took: 0.0011174 seconds
[2023-10-19T21:22:54.236+0000][2648.758s][debug][safepoint     ] Safepoint synchronization initiated. (177 threads)
[2023-10-19T21:22:54.237+0000][2648.759s][info ][safepoint     ] Application time: 1.0012676 seconds
[2023-10-19T21:22:54.238+0000][2648.759s][info ][safepoint     ] Entering safepoint region: Cleanup
[2023-10-19T21:22:54.240+0000][2648.761s][info ][safepoint     ] Leaving safepoint region
[2023-10-19T21:22:54.241+0000][2648.762s][info ][safepoint     ] Total time for which application threads were stopped: 0.0023262 seconds, Stopping threads took: 0.0010924 seconds
[2023-10-19T21:22:55.242+0000][2649.763s][debug][safepoint     ] Safepoint synchronization initiated. (177 threads)
[2023-10-19T21:22:55.243+0000][2649.764s][info ][safepoint     ] Application time: 1.0012982 seconds
[2023-10-19T21:22:55.243+0000][2649.764s][info ][safepoint     ] Entering safepoint region: Cleanup
[2023-10-19T21:22:55.244+0000][2649.765s][info ][safepoint     ] Leaving safepoint region
[2023-10-19T21:22:55.245+0000][2649.766s][info ][safepoint     ] Total time for which application threads were stopped: 0.0016534 seconds, Stopping threads took: 0.0007839 seconds
[2023-10-19T21:22:56.246+0000][2650.767s][debug][safepoint     ] Safepoint synchronization initiated. (177 threads)
[2023-10-19T21:22:56.247+0000][2650.768s][info ][safepoint     ] Application time: 1.0012474 seconds
[2023-10-19T21:22:56.248+0000][2650.769s][info ][safepoint     ] Entering safepoint region: Cleanup
[2023-10-19T21:22:56.249+0000][2650.770s][info ][safepoint     ] Leaving safepoint region
[2023-10-19T21:22:56.250+0000][2650.771s][info ][safepoint     ] Total time for which application threads were stopped: 0.0019724 seconds, Stopping threads took: 0.0007660 seconds
[2023-10-19T21:22:57.251+0000][2651.772s][debug][safepoint     ] Safepoint synchronization initiated. (177 threads)
[2023-10-19T21:22:57.251+0000][2651.772s][info ][safepoint     ] Application time: 1.0008697 seconds
[2023-10-19T21:22:57.252+0000][2651.773s][info ][safepoint     ] Entering safepoint region: Cleanup
[2023-10-19T21:22:57.253+0000][2651.774s][info ][safepoint     ] Leaving safepoint region
[2023-10-19T21:22:57.253+0000][2651.774s][info ][safepoint     ] Total time for which application threads were stopped: 0.0013116 seconds, Stopping threads took: 0.0005758 seconds
[2023-10-19T21:22:58.254+0000][2652.775s][debug][safepoint     ] Safepoint synchronization initiated. (177 threads)
[2023-10-19T21:22:58.255+0000][2652.776s][info ][safepoint     ] Application time: 1.0015432 seconds
[2023-10-19T21:22:58.256+0000][2652.777s][info ][safepoint     ] Entering safepoint region: Cleanup
[2023-10-19T21:22:58.258+0000][2652.779s][info ][safepoint     ] Leaving safepoint region
[2023-10-19T21:22:58.259+0000][2652.780s][info ][safepoint     ] Total time for which application threads were stopped: 0.0022267 seconds, Stopping threads took: 0.0009134 seconds
[2023-10-19T21:22:59.260+0000][2653.781s][debug][safepoint     ] Safepoint synchronization initiated. (177 threads)
[2023-10-19T21:22:59.261+0000][2653.782s][info ][safepoint     ] Application time: 1.0013784 seconds
[2023-10-19T21:22:59.262+0000][2653.783s][info ][safepoint     ] Entering safepoint region: Cleanup
[2023-10-19T21:22:59.263+0000][2653.784s][info ][safepoint     ] Leaving safepoint region
[2023-10-19T21:22:59.264+0000][2653.785s][info ][safepoint     ] Total time for which application threads were stopped: 0.0025402 seconds, Stopping threads took: 0.0010908 seconds
[2023-10-19T21:23:00.265+0000][2654.786s][debug][safepoint     ] Safepoint synchronization initiated. (177 threads)
[2023-10-19T21:23:00.266+0000][2654.787s][info ][safepoint     ] Application time: 1.0006258 seconds
[2023-10-19T21:23:00.266+0000][2654.787s][info ][safepoint     ] Entering safepoint region: Cleanup
[2023-10-19T21:23:00.267+0000][2654.788s][info ][safepoint     ] Leaving safepoint region
[2023-10-19T21:23:00.267+0000][2654.788s][info ][safepoint     ] Total time for which application threads were stopped: 0.0010271 seconds, Stopping threads took: 0.0004168 seconds
[2023-10-19T21:23:01.268+0000][2655.789s][debug][safepoint     ] Safepoint synchronization initiated. (177 threads)
[2023-10-19T21:23:01.269+0000][2655.790s][info ][safepoint     ] Application time: 1.0013336 seconds
[2023-10-19T21:23:01.270+0000][2655.791s][info ][safepoint     ] Entering safepoint region: Cleanup
[2023-10-19T21:23:01.271+0000][2655.792s][info ][safepoint     ] Leaving safepoint region
[2023-10-19T21:23:01.272+0000][2655.793s][info ][safepoint     ] Total time for which application threads were stopped: 0.0021108 seconds, Stopping threads took: 0.0010218 seconds
[2023-10-19T21:23:02.273+0000][2656.794s][debug][safepoint     ] Safepoint synchronization initiated. (177 threads)
[2023-10-19T21:23:02.274+0000][2656.795s][info ][safepoint     ] Application time: 1.0009117 seconds
[2023-10-19T21:23:02.274+0000][2656.795s][info ][safepoint     ] Entering safepoint region: Cleanup
[2023-10-19T21:23:02.275+0000][2656.796s][info ][safepoint     ] Leaving safepoint region
[2023-10-19T21:23:02.275+0000][2656.797s][info ][safepoint     ] Total time for which application threads were stopped: 0.0013235 seconds, Stopping threads took: 0.0005117 seconds
[2023-10-19T21:23:03.276+0000][2657.797s][debug][safepoint     ] Safepoint synchronization initiated. (177 threads)
[2023-10-19T21:23:03.277+0000][2657.798s][info ][safepoint     ] Application time: 1.0010706 seconds
[2023-10-19T21:23:03.278+0000][2657.799s][info ][safepoint     ] Entering safepoint region: Cleanup
[2023-10-19T21:23:03.279+0000][2657.800s][info ][safepoint     ] Leaving safepoint region
[2023-10-19T21:23:03.279+0000][2657.801s][info ][safepoint     ] Total time for which application threads were stopped: 0.0017308 seconds, Stopping threads took: 0.0007261 seconds
[2023-10-19T21:23:04.280+0000][2658.801s][debug][safepoint     ] Safepoint synchronization initiated. (177 threads)
[2023-10-19T21:23:04.281+0000][2658.802s][info ][safepoint     ] Application time: 1.0007678 seconds
[2023-10-19T21:23:04.281+0000][2658.802s][info ][safepoint     ] Entering safepoint region: Cleanup
[2023-10-19T21:23:04.282+0000][2658.803s][info ][safepoint     ] Leaving safepoint region
[2023-10-19T21:23:04.282+0000][2658.803s][info ][safepoint     ] Total time for which application threads were stopped: 0.0011943 seconds, Stopping threads took: 0.0006075 seconds
[2023-10-19T21:23:05.283+0000][2659.804s][debug][safepoint     ] Safepoint synchronization initiated. (177 threads)
[2023-10-19T21:23:05.284+0000][2659.805s][info ][safepoint     ] Application time: 1.0010825 seconds
[2023-10-19T21:23:05.284+0000][2659.806s][info ][safepoint     ] Entering safepoint region: Cleanup
[2023-10-19T21:23:05.285+0000][2659.806s][info ][safepoint     ] Leaving safepoint region
[2023-10-19T21:23:05.286+0000][2659.807s][info ][safepoint     ] Total time for which application threads were stopped: 0.0015532 seconds, Stopping threads took: 0.0007552 seconds
[2023-10-19T21:23:06.287+0000][2660.808s][debug][safepoint     ] Safepoint synchronization initiated. (177 threads)
[2023-10-19T21:23:06.287+0000][2660.808s][info ][safepoint     ] Application time: 1.0007986 seconds
[2023-10-19T21:23:06.288+0000][2660.809s][info ][safepoint     ] Entering safepoint region: Cleanup
[2023-10-19T21:23:06.289+0000][2660.810s][info ][safepoint     ] Leaving safepoint region
[2023-10-19T21:23:06.289+0000][2660.810s][info ][safepoint     ] Total time for which application threads were stopped: 0.0012678 seconds, Stopping threads took: 0.0005589 seconds
[2023-10-19T21:23:07.290+0000][2661.811s][debug][safepoint     ] Safepoint synchronization initiated. (177 threads)
[2023-10-19T21:23:07.291+0000][2661.812s][info ][safepoint     ] Application time: 1.0012565 seconds
[2023-10-19T21:23:07.292+0000][2661.813s][info ][safepoint     ] Entering safepoint region: Cleanup
[2023-10-19T21:23:07.293+0000][2661.814s][info ][safepoint     ] Leaving safepoint region
[2023-10-19T21:23:07.293+0000][2661.814s][info ][safepoint     ] Total time for which application threads were stopped: 0.0018499 seconds, Stopping threads took: 0.0008518 seconds
[2023-10-19T21:23:08.294+0000][2662.815s][debug][safepoint     ] Safepoint synchronization initiated. (177 threads)
[2023-10-19T21:23:08.295+0000][2662.816s][info ][safepoint     ] Application time: 1.0011381 seconds
[2023-10-19T21:23:08.296+0000][2662.817s][info ][safepoint     ] Entering safepoint region: Cleanup
[2023-10-19T21:23:08.297+0000][2662.818s][info ][safepoint     ] Leaving safepoint region
[2023-10-19T21:23:08.298+0000][2662.819s][info ][safepoint     ] Total time for which application threads were stopped: 0.0017615 seconds, Stopping threads took: 0.0008719 seconds
[2023-10-19T21:23:09.298+0000][2663.820s][debug][safepoint     ] Safepoint synchronization initiated. (177 threads)
[2023-10-19T21:23:09.299+0000][2663.820s][info ][safepoint     ] Application time: 1.0006696 seconds
[2023-10-19T21:23:09.299+0000][2663.821s][info ][safepoint     ] Entering safepoint region: Cleanup
[2023-10-19T21:23:09.300+0000][2663.821s][info ][safepoint     ] Leaving safepoint region
[2023-10-19T21:23:09.300+0000][2663.821s][info ][safepoint     ] Total time for which application threads were stopped: 0.0008390 seconds, Stopping threads took: 0.0003805 seconds
[2023-10-19T21:23:10.301+0000][2664.822s][debug][safepoint     ] Safepoint synchronization initiated. (177 threads)
[2023-10-19T21:23:10.301+0000][2664.823s][info ][safepoint     ] Application time: 1.0009657 seconds
[2023-10-19T21:23:10.302+0000][2664.823s][info ][safepoint     ] Entering safepoint region: Cleanup
[2023-10-19T21:23:10.303+0000][2664.824s][info ][safepoint     ] Leaving safepoint region
[2023-10-19T21:23:10.303+0000][2664.824s][info ][safepoint     ] Total time for which application threads were stopped: 0.0012529 seconds, Stopping threads took: 0.0005064 seconds
[2023-10-19T21:23:11.304+0000][2665.825s][debug][safepoint     ] Safepoint synchronization initiated. (177 threads)
[2023-10-19T21:23:11.305+0000][2665.826s][info ][safepoint     ] Application time: 1.0011483 seconds
[2023-10-19T21:23:11.306+0000][2665.827s][info ][safepoint     ] Entering safepoint region: Cleanup
[2023-10-19T21:23:11.307+0000][2665.828s][info ][safepoint     ] Leaving safepoint region
[2023-10-19T21:23:11.307+0000][2665.828s][info ][safepoint     ] Total time for which application threads were stopped: 0.0016414 seconds, Stopping threads took: 0.0007601 seconds
[2023-10-19T21:23:12.308+0000][2666.829s][debug][safepoint     ] Safepoint synchronization initiated. (177 threads)
[2023-10-19T21:23:12.309+0000][2666.830s][info ][safepoint     ] Application time: 1.0009278 seconds
[2023-10-19T21:23:12.309+0000][2666.830s][info ][safepoint     ] Entering safepoint region: Cleanup
[2023-10-19T21:23:12.310+0000][2666.831s][info ][safepoint     ] Leaving safepoint region
[2023-10-19T21:23:12.310+0000][2666.831s][info ][safepoint     ] Total time for which application threads were stopped: 0.0012117 seconds, Stopping threads took: 0.0005073 seconds
[2023-10-19T21:23:13.311+0000][2667.832s][debug][safepoint     ] Safepoint synchronization initiated. (177 threads)
[2023-10-19T21:23:13.312+0000][2667.833s][info ][safepoint     ] Application time: 1.0014780 seconds
[2023-10-19T21:23:13.313+0000][2667.834s][info ][safepoint     ] Entering safepoint region: Cleanup
[2023-10-19T21:23:13.314+0000][2667.835s][info ][safepoint     ] Leaving safepoint region
[2023-10-19T21:23:13.315+0000][2667.836s][info ][safepoint     ] Total time for which application threads were stopped: 0.0020909 seconds, Stopping threads took: 0.0008185 seconds
[2023-10-19T21:23:14.316+0000][2668.837s][debug][safepoint     ] Safepoint synchronization initiated. (177 threads)
[2023-10-19T21:23:14.317+0000][2668.838s][info ][safepoint     ] Application time: 1.0007592 seconds
[2023-10-19T21:23:14.317+0000][2668.838s][info ][safepoint     ] Entering safepoint region: Cleanup
[2023-10-19T21:23:14.318+0000][2668.839s][info ][safepoint     ] Leaving safepoint region
[2023-10-19T21:23:14.319+0000][2668.840s][info ][safepoint     ] Total time for which application threads were stopped: 0.0014298 seconds, Stopping threads took: 0.0006431 seconds
[2023-10-19T21:23:15.320+0000][2669.841s][debug][safepoint     ] Safepoint synchronization initiated. (177 threads)
[2023-10-19T21:23:15.321+0000][2669.842s][info ][safepoint     ] Application time: 1.0013428 seconds
[2023-10-19T21:23:15.321+0000][2669.843s][info ][safepoint     ] Entering safepoint region: Cleanup
[2023-10-19T21:23:15.323+0000][2669.844s][info ][safepoint     ] Leaving safepoint region
[2023-10-19T21:23:15.323+0000][2669.844s][info ][safepoint     ] Total time for which application threads were stopped: 0.0019851 seconds, Stopping threads took: 0.0008362 seconds
[2023-10-19T21:23:16.324+0000][2670.845s][debug][safepoint     ] Safepoint synchronization initiated. (177 threads)
[2023-10-19T21:23:16.325+0000][2670.846s][info ][safepoint     ] Application time: 1.0006685 seconds
[2023-10-19T21:23:16.325+0000][2670.846s][info ][safepoint     ] Entering safepoint region: Cleanup
[2023-10-19T21:23:16.326+0000][2670.847s][info ][safepoint     ] Leaving safepoint region
[2023-10-19T21:23:16.326+0000][2670.848s][info ][safepoint     ] Total time for which application threads were stopped: 0.0012831 seconds, Stopping threads took: 0.0004783 seconds
[2023-10-19T21:23:17.327+0000][2671.848s][debug][safepoint     ] Safepoint synchronization initiated. (177 threads)
[2023-10-19T21:23:17.328+0000][2671.849s][info ][safepoint     ] Application time: 1.0008986 seconds
[2023-10-19T21:23:17.328+0000][2671.849s][info ][safepoint     ] Entering safepoint region: Cleanup
[2023-10-19T21:23:17.329+0000][2671.850s][info ][safepoint     ] Leaving safepoint region
[2023-10-19T21:23:17.330+0000][2671.851s][info ][safepoint     ] Total time for which application threads were stopped: 0.0013362 seconds, Stopping threads took: 0.0005975 seconds
[2023-10-19T21:23:18.330+0000][2672.851s][debug][safepoint     ] Safepoint synchronization initiated. (177 threads)
[2023-10-19T21:23:18.331+0000][2672.852s][info ][safepoint     ] Application time: 1.0012614 seconds
[2023-10-19T21:23:18.332+0000][2672.853s][info ][safepoint     ] Entering safepoint region: Cleanup
[2023-10-19T21:23:18.334+0000][2672.855s][info ][safepoint     ] Leaving safepoint region
[2023-10-19T21:23:18.334+0000][2672.855s][info ][safepoint     ] Total time for which application threads were stopped: 0.0019740 seconds, Stopping threads took: 0.0008833 seconds
[2023-10-19T21:23:19.335+0000][2673.856s][debug][safepoint     ] Safepoint synchronization initiated. (177 threads)
[2023-10-19T21:23:19.336+0000][2673.857s][info ][safepoint     ] Application time: 1.0011887 seconds
[2023-10-19T21:23:19.337+0000][2673.858s][info ][safepoint     ] Entering safepoint region: Cleanup
[2023-10-19T21:23:19.338+0000][2673.860s][info ][safepoint     ] Leaving safepoint region
[2023-10-19T21:23:19.339+0000][2673.860s][info ][safepoint     ] Total time for which application threads were stopped: 0.0021481 seconds, Stopping threads took: 0.0010336 seconds
[2023-10-19T21:23:20.340+0000][2674.861s][debug][safepoint     ] Safepoint synchronization initiated. (177 threads)
[2023-10-19T21:23:20.341+0000][2674.862s][info ][safepoint     ] Application time: 1.0014024 seconds
[2023-10-19T21:23:20.342+0000][2674.863s][info ][safepoint     ] Entering safepoint region: Cleanup
[2023-10-19T21:23:20.344+0000][2674.865s][info ][safepoint     ] Leaving safepoint region
[2023-10-19T21:23:20.344+0000][2674.865s][info ][safepoint     ] Total time for which application threads were stopped: 0.0020875 seconds, Stopping threads took: 0.0009695 seconds
[2023-10-19T21:23:21.345+0000][2675.866s][debug][safepoint     ] Safepoint synchronization initiated. (177 threads)
[2023-10-19T21:23:21.346+0000][2675.867s][info ][safepoint     ] Application time: 1.0008108 seconds
[2023-10-19T21:23:21.347+0000][2675.868s][info ][safepoint     ] Entering safepoint region: Cleanup
[2023-10-19T21:23:21.347+0000][2675.868s][info ][safepoint     ] Leaving safepoint region
[2023-10-19T21:23:21.348+0000][2675.869s][info ][safepoint     ] Total time for which application threads were stopped: 0.0012342 seconds, Stopping threads took: 0.0005230 seconds
[2023-10-19T21:23:22.349+0000][2676.870s][debug][safepoint     ] Safepoint synchronization initiated. (177 threads)
[2023-10-19T21:23:22.350+0000][2676.871s][info ][safepoint     ] Application time: 1.0016607 seconds
[2023-10-19T21:23:22.351+0000][2676.872s][info ][safepoint     ] Entering safepoint region: Cleanup
[2023-10-19T21:23:22.353+0000][2676.874s][info ][safepoint     ] Leaving safepoint region
[2023-10-19T21:23:22.354+0000][2676.875s][info ][safepoint     ] Total time for which application threads were stopped: 0.0026272 seconds, Stopping threads took: 0.0010462 seconds
[2023-10-19T21:23:23.355+0000][2677.876s][debug][safepoint     ] Safepoint synchronization initiated. (177 threads)
[2023-10-19T21:23:23.356+0000][2677.877s][info ][safepoint     ] Application time: 1.0008354 seconds
[2023-10-19T21:23:23.356+0000][2677.877s][info ][safepoint     ] Entering safepoint region: Cleanup
[2023-10-19T21:23:23.357+0000][2677.878s][info ][safepoint     ] Leaving safepoint region
[2023-10-19T21:23:23.358+0000][2677.879s][info ][safepoint     ] Total time for which application threads were stopped: 0.0014532 seconds, Stopping threads took: 0.0005962 seconds
[2023-10-19T21:23:24.359+0000][2678.880s][debug][safepoint     ] Safepoint synchronization initiated. (177 threads)
[2023-10-19T21:23:24.360+0000][2678.881s][info ][safepoint     ] Application time: 1.0012530 seconds
[2023-10-19T21:23:24.360+0000][2678.882s][info ][safepoint     ] Entering safepoint region: Cleanup
[2023-10-19T21:23:24.362+0000][2678.883s][info ][safepoint     ] Leaving safepoint region
[2023-10-19T21:23:24.363+0000][2678.884s][info ][safepoint     ] Total time for which application threads were stopped: 0.0021958 seconds, Stopping threads took: 0.0009920 seconds
[2023-10-19T21:23:25.364+0000][2679.885s][debug][safepoint     ] Safepoint synchronization initiated. (177 threads)
[2023-10-19T21:23:25.364+0000][2679.885s][info ][safepoint     ] Application time: 1.0009415 seconds
[2023-10-19T21:23:25.365+0000][2679.886s][info ][safepoint     ] Entering safepoint region: Cleanup
[2023-10-19T21:23:25.365+0000][2679.887s][info ][safepoint     ] Leaving safepoint region
[2023-10-19T21:23:25.366+0000][2679.887s][info ][safepoint     ] Total time for which application threads were stopped: 0.0010342 seconds, Stopping threads took: 0.0004049 seconds
[2023-10-19T21:23:26.367+0000][2680.888s][debug][safepoint     ] Safepoint synchronization initiated. (177 threads)
[2023-10-19T21:23:26.368+0000][2680.889s][info ][safepoint     ] Application time: 1.0012005 seconds
[2023-10-19T21:23:26.369+0000][2680.890s][info ][safepoint     ] Entering safepoint region: Cleanup
[2023-10-19T21:23:26.370+0000][2680.891s][info ][safepoint     ] Leaving safepoint region
[2023-10-19T21:23:26.370+0000][2680.891s][info ][safepoint     ] Total time for which application threads were stopped: 0.0018815 seconds, Stopping threads took: 0.0008217 seconds
[2023-10-19T21:23:27.371+0000][2681.892s][debug][safepoint     ] Safepoint synchronization initiated. (177 threads)
[2023-10-19T21:23:27.372+0000][2681.893s][info ][safepoint     ] Application time: 1.0009256 seconds
[2023-10-19T21:23:27.373+0000][2681.894s][info ][safepoint     ] Entering safepoint region: Cleanup
[2023-10-19T21:23:27.373+0000][2681.894s][info ][safepoint     ] Leaving safepoint region
[2023-10-19T21:23:27.374+0000][2681.895s][info ][safepoint     ] Total time for which application threads were stopped: 0.0012649 seconds, Stopping threads took: 0.0005632 seconds
[2023-10-19T21:23:28.375+0000][2682.896s][debug][safepoint     ] Safepoint synchronization initiated. (177 threads)
[2023-10-19T21:23:28.376+0000][2682.897s][info ][safepoint     ] Application time: 1.0013894 seconds
[2023-10-19T21:23:28.377+0000][2682.898s][info ][safepoint     ] Entering safepoint region: Cleanup
[2023-10-19T21:23:28.378+0000][2682.899s][info ][safepoint     ] Leaving safepoint region
[2023-10-19T21:23:28.379+0000][2682.900s][info ][safepoint     ] Total time for which application threads were stopped: 0.0021641 seconds, Stopping threads took: 0.0010021 seconds
[2023-10-19T21:23:29.380+0000][2683.901s][debug][safepoint     ] Safepoint synchronization initiated. (177 threads)
[2023-10-19T21:23:29.381+0000][2683.902s][info ][safepoint     ] Application time: 1.0009549 seconds
[2023-10-19T21:23:29.382+0000][2683.903s][info ][safepoint     ] Entering safepoint region: Cleanup
[2023-10-19T21:23:29.382+0000][2683.903s][info ][safepoint     ] Leaving safepoint region
[2023-10-19T21:23:29.383+0000][2683.904s][info ][safepoint     ] Total time for which application threads were stopped: 0.0015067 seconds, Stopping threads took: 0.0005045 seconds
[2023-10-19T21:23:30.384+0000][2684.905s][debug][safepoint     ] Safepoint synchronization initiated. (177 threads)
[2023-10-19T21:23:30.385+0000][2684.906s][info ][safepoint     ] Application time: 1.0013561 seconds
[2023-10-19T21:23:30.386+0000][2684.907s][info ][safepoint     ] Entering safepoint region: Cleanup
[2023-10-19T21:23:30.387+0000][2684.908s][info ][safepoint     ] Leaving safepoint region
[2023-10-19T21:23:30.388+0000][2684.909s][info ][safepoint     ] Total time for which application threads were stopped: 0.0020005 seconds, Stopping threads took: 0.0009941 seconds
[2023-10-19T21:23:31.389+0000][2685.910s][debug][safepoint     ] Safepoint synchronization initiated. (177 threads)
[2023-10-19T21:23:31.389+0000][2685.910s][info ][safepoint     ] Application time: 1.0007736 seconds
[2023-10-19T21:23:31.390+0000][2685.911s][info ][safepoint     ] Entering safepoint region: Cleanup
[2023-10-19T21:23:31.390+0000][2685.911s][info ][safepoint     ] Leaving safepoint region
[2023-10-19T21:23:31.391+0000][2685.912s][info ][safepoint     ] Total time for which application threads were stopped: 0.0010264 seconds, Stopping threads took: 0.0004699 seconds
[2023-10-19T21:23:32.391+0000][2686.912s][debug][safepoint     ] Safepoint synchronization initiated. (177 threads)
[2023-10-19T21:23:32.392+0000][2686.913s][info ][safepoint     ] Application time: 1.0011874 seconds
[2023-10-19T21:23:32.393+0000][2686.914s][info ][safepoint     ] Entering safepoint region: Cleanup
[2023-10-19T21:23:32.394+0000][2686.915s][info ][safepoint     ] Leaving safepoint region
[2023-10-19T21:23:32.395+0000][2686.916s][info ][safepoint     ] Total time for which application threads were stopped: 0.0016104 seconds, Stopping threads took: 0.0008192 seconds
[2023-10-19T21:23:33.395+0000][2687.916s][debug][safepoint     ] Safepoint synchronization initiated. (177 threads)
[2023-10-19T21:23:33.396+0000][2687.917s][info ][safepoint     ] Application time: 1.0008376 seconds
[2023-10-19T21:23:33.396+0000][2687.918s][info ][safepoint     ] Entering safepoint region: Cleanup
[2023-10-19T21:23:33.397+0000][2687.918s][info ][safepoint     ] Leaving safepoint region
[2023-10-19T21:23:33.398+0000][2687.919s][info ][safepoint     ] Total time for which application threads were stopped: 0.0011414 seconds, Stopping threads took: 0.0004880 seconds
[2023-10-19T21:23:34.398+0000][2688.919s][debug][safepoint     ] Safepoint synchronization initiated. (177 threads)
[2023-10-19T21:23:34.399+0000][2688.920s][info ][safepoint     ] Application time: 1.0012815 seconds
[2023-10-19T21:23:34.400+0000][2688.921s][info ][safepoint     ] Entering safepoint region: Cleanup
[2023-10-19T21:23:34.401+0000][2688.922s][info ][safepoint     ] Leaving safepoint region
[2023-10-19T21:23:34.402+0000][2688.923s][info ][safepoint     ] Total time for which application threads were stopped: 0.0020674 seconds, Stopping threads took: 0.0009317 seconds
[2023-10-19T21:23:35.403+0000][2689.924s][debug][safepoint     ] Safepoint synchronization initiated. (177 threads)
[2023-10-19T21:23:35.405+0000][2689.926s][info ][safepoint     ] Application time: 1.0014799 seconds
[2023-10-19T21:23:35.405+0000][2689.927s][info ][safepoint     ] Entering safepoint region: Cleanup
[2023-10-19T21:23:35.407+0000][2689.928s][info ][safepoint     ] Leaving safepoint region
[2023-10-19T21:23:35.408+0000][2689.929s][info ][safepoint     ] Total time for which application threads were stopped: 0.0023238 seconds, Stopping threads took: 0.0011293 seconds
[2023-10-19T21:23:36.409+0000][2690.930s][debug][safepoint     ] Safepoint synchronization initiated. (177 threads)
[2023-10-19T21:23:36.410+0000][2690.931s][info ][safepoint     ] Application time: 1.0010109 seconds
[2023-10-19T21:23:36.410+0000][2690.931s][info ][safepoint     ] Entering safepoint region: Cleanup
[2023-10-19T21:23:36.411+0000][2690.932s][info ][safepoint     ] Leaving safepoint region
[2023-10-19T21:23:36.412+0000][2690.933s][info ][safepoint     ] Total time for which application threads were stopped: 0.0014238 seconds, Stopping threads took: 0.0006832 seconds
[2023-10-19T21:23:37.412+0000][2691.933s][debug][safepoint     ] Safepoint synchronization initiated. (177 threads)
[2023-10-19T21:23:37.413+0000][2691.934s][info ][safepoint     ] Application time: 1.0014086 seconds
[2023-10-19T21:23:37.414+0000][2691.935s][info ][safepoint     ] Entering safepoint region: Cleanup
[2023-10-19T21:23:37.415+0000][2691.936s][info ][safepoint     ] Leaving safepoint region
[2023-10-19T21:23:37.416+0000][2691.937s][info ][safepoint     ] Total time for which application threads were stopped: 0.0017788 seconds, Stopping threads took: 0.0008222 seconds
[2023-10-19T21:23:38.417+0000][2692.938s][debug][safepoint     ] Safepoint synchronization initiated. (177 threads)
[2023-10-19T21:23:38.418+0000][2692.940s][info ][safepoint     ] Application time: 1.0016797 seconds
[2023-10-19T21:23:38.420+0000][2692.941s][info ][safepoint     ] Entering safepoint region: Cleanup
[2023-10-19T21:23:38.421+0000][2692.942s][info ][safepoint     ] Leaving safepoint region
[2023-10-19T21:23:38.422+0000][2692.943s][info ][safepoint     ] Total time for which application threads were stopped: 0.0025037 seconds, Stopping threads took: 0.0011023 seconds
[2023-10-19T21:23:39.423+0000][2693.944s][debug][safepoint     ] Safepoint synchronization initiated. (177 threads)
[2023-10-19T21:23:39.424+0000][2693.945s][info ][safepoint     ] Application time: 1.0010395 seconds
[2023-10-19T21:23:39.425+0000][2693.946s][info ][safepoint     ] Entering safepoint region: Cleanup
[2023-10-19T21:23:39.425+0000][2693.947s][info ][safepoint     ] Leaving safepoint region
[2023-10-19T21:23:39.426+0000][2693.947s][info ][safepoint     ] Total time for which application threads were stopped: 0.0013656 seconds, Stopping threads took: 0.0005867 seconds
[2023-10-19T21:23:40.427+0000][2694.948s][debug][safepoint     ] Safepoint synchronization initiated. (177 threads)
[2023-10-19T21:23:40.427+0000][2694.948s][info ][safepoint     ] Application time: 1.0008255 seconds
[2023-10-19T21:23:40.428+0000][2694.949s][info ][safepoint     ] Entering safepoint region: Cleanup
[2023-10-19T21:23:40.428+0000][2694.949s][info ][safepoint     ] Leaving safepoint region
[2023-10-19T21:23:40.429+0000][2694.950s][info ][safepoint     ] Total time for which application threads were stopped: 0.0010267 seconds, Stopping threads took: 0.0004822 seconds
[2023-10-19T21:23:41.429+0000][2695.951s][debug][safepoint     ] Safepoint synchronization initiated. (177 threads)
[2023-10-19T21:23:41.430+0000][2695.951s][info ][safepoint     ] Application time: 1.0011414 seconds
[2023-10-19T21:23:41.431+0000][2695.952s][info ][safepoint     ] Entering safepoint region: Cleanup
[2023-10-19T21:23:41.432+0000][2695.953s][info ][safepoint     ] Leaving safepoint region
[2023-10-19T21:23:41.432+0000][2695.953s][info ][safepoint     ] Total time for which application threads were stopped: 0.0013513 seconds, Stopping threads took: 0.0006506 seconds
[2023-10-19T21:23:42.433+0000][2696.954s][debug][safepoint     ] Safepoint synchronization initiated. (177 threads)
[2023-10-19T21:23:42.434+0000][2696.955s][info ][safepoint     ] Application time: 1.0015392 seconds
[2023-10-19T21:23:42.435+0000][2696.956s][info ][safepoint     ] Entering safepoint region: Cleanup
[2023-10-19T21:23:42.436+0000][2696.958s][info ][safepoint     ] Leaving safepoint region
[2023-10-19T21:23:42.437+0000][2696.958s][info ][safepoint     ] Total time for which application threads were stopped: 0.0019895 seconds, Stopping threads took: 0.0008763 seconds
[2023-10-19T21:23:43.438+0000][2697.959s][debug][safepoint     ] Safepoint synchronization initiated. (177 threads)
[2023-10-19T21:23:43.439+0000][2697.960s][info ][safepoint     ] Application time: 1.0006390 seconds
[2023-10-19T21:23:43.439+0000][2697.960s][info ][safepoint     ] Entering safepoint region: Cleanup
[2023-10-19T21:23:43.440+0000][2697.961s][info ][safepoint     ] Leaving safepoint region
[2023-10-19T21:23:43.440+0000][2697.961s][info ][safepoint     ] Total time for which application threads were stopped: 0.0010520 seconds, Stopping threads took: 0.0004738 seconds
[2023-10-19T21:23:44.440+0000][2698.962s][debug][safepoint     ] Safepoint synchronization initiated. (177 threads)
[2023-10-19T21:23:44.442+0000][2698.963s][info ][safepoint     ] Application time: 1.0015042 seconds
[2023-10-19T21:23:44.443+0000][2698.964s][info ][safepoint     ] Entering safepoint region: Cleanup
[2023-10-19T21:23:44.444+0000][2698.965s][info ][safepoint     ] Leaving safepoint region
[2023-10-19T21:23:44.445+0000][2698.966s][info ][safepoint     ] Total time for which application threads were stopped: 0.0024440 seconds, Stopping threads took: 0.0008445 seconds
[2023-10-19T21:23:45.445+0000][2699.967s][debug][safepoint     ] Safepoint synchronization initiated. (177 threads)
[2023-10-19T21:23:45.446+0000][2699.967s][info ][safepoint     ] Application time: 1.0008105 seconds
[2023-10-19T21:23:45.447+0000][2699.968s][info ][safepoint     ] Entering safepoint region: Cleanup
[2023-10-19T21:23:45.447+0000][2699.969s][info ][safepoint     ] Leaving safepoint region
[2023-10-19T21:23:45.448+0000][2699.969s][info ][safepoint     ] Total time for which application threads were stopped: 0.0013167 seconds, Stopping threads took: 0.0006168 seconds
[2023-10-19T21:23:46.448+0000][2700.970s][debug][safepoint     ] Safepoint synchronization initiated. (177 threads)
[2023-10-19T21:23:46.449+0000][2700.970s][info ][safepoint     ] Application time: 1.0006949 seconds
[2023-10-19T21:23:46.450+0000][2700.971s][info ][safepoint     ] Entering safepoint region: Cleanup
[2023-10-19T21:23:46.450+0000][2700.971s][info ][safepoint     ] Leaving safepoint region
[2023-10-19T21:23:46.451+0000][2700.972s][info ][safepoint     ] Total time for which application threads were stopped: 0.0015266 seconds, Stopping threads took: 0.0005598 seconds
[2023-10-19T21:23:47.452+0000][2701.973s][debug][safepoint     ] Safepoint synchronization initiated. (177 threads)
[2023-10-19T21:23:47.452+0000][2701.974s][info ][safepoint     ] Application time: 1.0009632 seconds
[2023-10-19T21:23:47.453+0000][2701.974s][info ][safepoint     ] Entering safepoint region: Cleanup
[2023-10-19T21:23:47.454+0000][2701.975s][info ][safepoint     ] Leaving safepoint region
[2023-10-19T21:23:47.454+0000][2701.975s][info ][safepoint     ] Total time for which application threads were stopped: 0.0013376 seconds, Stopping threads took: 0.0005593 seconds
[2023-10-19T21:23:48.455+0000][2702.976s][debug][safepoint     ] Safepoint synchronization initiated. (177 threads)
[2023-10-19T21:23:48.456+0000][2702.977s][info ][safepoint     ] Application time: 1.0011163 seconds
[2023-10-19T21:23:48.457+0000][2702.978s][info ][safepoint     ] Entering safepoint region: Cleanup
[2023-10-19T21:23:48.458+0000][2702.979s][info ][safepoint     ] Leaving safepoint region
[2023-10-19T21:23:48.459+0000][2702.980s][info ][safepoint     ] Total time for which application threads were stopped: 0.0018496 seconds, Stopping threads took: 0.0008157 seconds
[2023-10-19T21:23:49.460+0000][2703.981s][debug][safepoint     ] Safepoint synchronization initiated. (177 threads)
[2023-10-19T21:23:49.460+0000][2703.981s][info ][safepoint     ] Application time: 1.0007138 seconds
[2023-10-19T21:23:49.461+0000][2703.982s][info ][safepoint     ] Entering safepoint region: Cleanup
[2023-10-19T21:23:49.461+0000][2703.982s][info ][safepoint     ] Leaving safepoint region
[2023-10-19T21:23:49.461+0000][2703.983s][info ][safepoint     ] Total time for which application threads were stopped: 0.0009746 seconds, Stopping threads took: 0.0004334 seconds
[2023-10-19T21:23:50.462+0000][2704.983s][debug][safepoint     ] Safepoint synchronization initiated. (177 threads)
[2023-10-19T21:23:50.463+0000][2704.984s][info ][safepoint     ] Application time: 1.0007188 seconds
[2023-10-19T21:23:50.463+0000][2704.984s][info ][safepoint     ] Entering safepoint region: Cleanup
[2023-10-19T21:23:50.464+0000][2704.985s][info ][safepoint     ] Leaving safepoint region
[2023-10-19T21:23:50.464+0000][2704.985s][info ][safepoint     ] Total time for which application threads were stopped: 0.0012071 seconds, Stopping threads took: 0.0005367 seconds
[2023-10-19T21:23:51.465+0000][2705.986s][debug][safepoint     ] Safepoint synchronization initiated. (177 threads)
[2023-10-19T21:23:51.465+0000][2705.987s][info ][safepoint     ] Application time: 1.0010086 seconds
[2023-10-19T21:23:51.466+0000][2705.987s][info ][safepoint     ] Entering safepoint region: Cleanup
[2023-10-19T21:23:51.467+0000][2705.988s][info ][safepoint     ] Leaving safepoint region
[2023-10-19T21:23:51.468+0000][2705.989s][info ][safepoint     ] Total time for which application threads were stopped: 0.0016748 seconds, Stopping threads took: 0.0008140 seconds
[2023-10-19T21:23:52.469+0000][2706.990s][debug][safepoint     ] Safepoint synchronization initiated. (177 threads)
[2023-10-19T21:23:52.469+0000][2706.990s][info ][safepoint     ] Application time: 1.0008010 seconds
[2023-10-19T21:23:52.470+0000][2706.991s][info ][safepoint     ] Entering safepoint region: Cleanup
[2023-10-19T21:23:52.470+0000][2706.991s][info ][safepoint     ] Leaving safepoint region
[2023-10-19T21:23:52.471+0000][2706.992s][info ][safepoint     ] Total time for which application threads were stopped: 0.0010059 seconds, Stopping threads took: 0.0004475 seconds
[2023-10-19T21:23:53.471+0000][2707.992s][debug][safepoint     ] Safepoint synchronization initiated. (177 threads)
[2023-10-19T21:23:53.472+0000][2707.993s][info ][safepoint     ] Application time: 1.0007867 seconds
[2023-10-19T21:23:53.472+0000][2707.993s][info ][safepoint     ] Entering safepoint region: Cleanup
[2023-10-19T21:23:53.473+0000][2707.994s][info ][safepoint     ] Leaving safepoint region
[2023-10-19T21:23:53.473+0000][2707.994s][info ][safepoint     ] Total time for which application threads were stopped: 0.0010032 seconds, Stopping threads took: 0.0004621 seconds
[2023-10-19T21:23:54.474+0000][2708.995s][debug][safepoint     ] Safepoint synchronization initiated. (177 threads)
[2023-10-19T21:23:54.474+0000][2708.995s][info ][safepoint     ] Application time: 1.0007200 seconds
[2023-10-19T21:23:54.475+0000][2708.996s][info ][safepoint     ] Entering safepoint region: Cleanup
[2023-10-19T21:23:54.476+0000][2708.997s][info ][safepoint     ] Leaving safepoint region
[2023-10-19T21:23:54.476+0000][2708.997s][info ][safepoint     ] Total time for which application threads were stopped: 0.0012182 seconds, Stopping threads took: 0.0005413 seconds
[2023-10-19T21:23:55.477+0000][2709.998s][debug][safepoint     ] Safepoint synchronization initiated. (177 threads)
[2023-10-19T21:23:55.478+0000][2709.999s][info ][safepoint     ] Application time: 1.0007364 seconds
[2023-10-19T21:23:55.478+0000][2709.999s][info ][safepoint     ] Entering safepoint region: Cleanup
[2023-10-19T21:23:55.479+0000][2710.000s][info ][safepoint     ] Leaving safepoint region
[2023-10-19T21:23:55.479+0000][2710.000s][info ][safepoint     ] Total time for which application threads were stopped: 0.0011697 seconds, Stopping threads took: 0.0005042 seconds
[2023-10-19T21:23:56.480+0000][2711.001s][debug][safepoint     ] Safepoint synchronization initiated. (177 threads)
[2023-10-19T21:23:56.481+0000][2711.002s][info ][safepoint     ] Application time: 1.0010006 seconds
[2023-10-19T21:23:56.481+0000][2711.002s][info ][safepoint     ] Entering safepoint region: Cleanup
[2023-10-19T21:23:56.482+0000][2711.003s][info ][safepoint     ] Leaving safepoint region
[2023-10-19T21:23:56.482+0000][2711.003s][info ][safepoint     ] Total time for which application threads were stopped: 0.0009770 seconds, Stopping threads took: 0.0003218 seconds
[2023-10-19T21:23:56.482+0000][2711.003s][debug][safepoint     ] ... found polling page return exception at pc = 0x00007fbdb0cb92c4, stub =0x00007fbda8840600
[2023-10-19T21:23:56.482+0000][2711.003s][debug][safepoint     ] ... found polling page return exception at pc = 0x00007fbdb0cb92c4, stub =0x00007fbda8840600
[2023-10-19T21:23:56.482+0000][2711.003s][debug][safepoint     ] ... found polling page return exception at pc = 0x00007fbdb0cb92c4, stub =0x00007fbda8840600
[2023-10-19T21:23:57.483+0000][2712.004s][debug][safepoint     ] Safepoint synchronization initiated. (177 threads)
[2023-10-19T21:23:57.483+0000][2712.004s][info ][safepoint     ] Application time: 1.0007768 seconds
[2023-10-19T21:23:57.484+0000][2712.005s][info ][safepoint     ] Entering safepoint region: Cleanup
[2023-10-19T21:23:57.485+0000][2712.006s][info ][safepoint     ] Leaving safepoint region
[2023-10-19T21:23:57.485+0000][2712.006s][info ][safepoint     ] Total time for which application threads were stopped: 0.0012631 seconds, Stopping threads took: 0.0005905 seconds
[2023-10-19T21:23:58.486+0000][2713.007s][debug][safepoint     ] Safepoint synchronization initiated. (177 threads)
[2023-10-19T21:23:58.487+0000][2713.008s][info ][safepoint     ] Application time: 1.0009915 seconds
[2023-10-19T21:23:58.487+0000][2713.008s][info ][safepoint     ] Entering safepoint region: Cleanup
[2023-10-19T21:23:58.488+0000][2713.009s][info ][safepoint     ] Leaving safepoint region
[2023-10-19T21:23:58.489+0000][2713.010s][info ][safepoint     ] Total time for which application threads were stopped: 0.0016017 seconds, Stopping threads took: 0.0008775 seconds
[2023-10-19T21:23:59.490+0000][2714.011s][debug][safepoint     ] Safepoint synchronization initiated. (177 threads)
[2023-10-19T21:23:59.491+0000][2714.012s][info ][safepoint     ] Application time: 1.0015157 seconds
[2023-10-19T21:23:59.492+0000][2714.013s][info ][safepoint     ] Entering safepoint region: Cleanup
[2023-10-19T21:23:59.493+0000][2714.014s][info ][safepoint     ] Leaving safepoint region
[2023-10-19T21:23:59.494+0000][2714.015s][info ][safepoint     ] Total time for which application threads were stopped: 0.0020547 seconds, Stopping threads took: 0.0010116 seconds
[2023-10-19T21:24:00.495+0000][2715.016s][debug][safepoint     ] Safepoint synchronization initiated. (177 threads)
[2023-10-19T21:24:00.496+0000][2715.017s][info ][safepoint     ] Application time: 1.0009681 seconds
[2023-10-19T21:24:00.496+0000][2715.017s][info ][safepoint     ] Entering safepoint region: Cleanup
[2023-10-19T21:24:00.497+0000][2715.018s][info ][safepoint     ] Leaving safepoint region
[2023-10-19T21:24:00.498+0000][2715.019s][info ][safepoint     ] Total time for which application threads were stopped: 0.0015010 seconds, Stopping threads took: 0.0006668 seconds
[2023-10-19T21:24:01.499+0000][2716.020s][debug][safepoint     ] Safepoint synchronization initiated. (177 threads)
[2023-10-19T21:24:01.500+0000][2716.021s][info ][safepoint     ] Application time: 1.0016036 seconds
[2023-10-19T21:24:01.501+0000][2716.022s][info ][safepoint     ] Entering safepoint region: Cleanup
[2023-10-19T21:24:01.502+0000][2716.023s][info ][safepoint     ] Leaving safepoint region
[2023-10-19T21:24:01.503+0000][2716.024s][info ][safepoint     ] Total time for which application threads were stopped: 0.0017116 seconds, Stopping threads took: 0.0007808 seconds
[2023-10-19T21:24:02.503+0000][2717.024s][debug][safepoint     ] Safepoint synchronization initiated. (177 threads)
[2023-10-19T21:24:02.504+0000][2717.025s][info ][safepoint     ] Application time: 1.0010056 seconds
[2023-10-19T21:24:02.505+0000][2717.026s][info ][safepoint     ] Entering safepoint region: Cleanup
[2023-10-19T21:24:02.505+0000][2717.026s][info ][safepoint     ] Leaving safepoint region
[2023-10-19T21:24:02.506+0000][2717.027s][info ][safepoint     ] Total time for which application threads were stopped: 0.0011533 seconds, Stopping threads took: 0.0005498 seconds
[2023-10-19T21:24:03.507+0000][2718.028s][debug][safepoint     ] Safepoint synchronization initiated. (177 threads)
[2023-10-19T21:24:03.508+0000][2718.029s][info ][safepoint     ] Application time: 1.0013012 seconds
[2023-10-19T21:24:03.509+0000][2718.030s][info ][safepoint     ] Entering safepoint region: Cleanup
[2023-10-19T21:24:03.510+0000][2718.031s][info ][safepoint     ] Leaving safepoint region
[2023-10-19T21:24:03.511+0000][2718.032s][info ][safepoint     ] Total time for which application threads were stopped: 0.0023097 seconds, Stopping threads took: 0.0010628 seconds
[2023-10-19T21:24:04.512+0000][2719.033s][debug][safepoint     ] Safepoint synchronization initiated. (177 threads)
[2023-10-19T21:24:04.513+0000][2719.034s][info ][safepoint     ] Application time: 1.0013944 seconds
[2023-10-19T21:24:04.514+0000][2719.035s][info ][safepoint     ] Entering safepoint region: Cleanup
[2023-10-19T21:24:04.515+0000][2719.036s][info ][safepoint     ] Leaving safepoint region
[2023-10-19T21:24:04.515+0000][2719.036s][info ][safepoint     ] Total time for which application threads were stopped: 0.0012527 seconds, Stopping threads took: 0.0005639 seconds
[2023-10-19T21:24:05.516+0000][2720.037s][debug][safepoint     ] Safepoint synchronization initiated. (177 threads)
[2023-10-19T21:24:05.517+0000][2720.038s][info ][safepoint     ] Application time: 1.0011989 seconds
[2023-10-19T21:24:05.517+0000][2720.038s][info ][safepoint     ] Entering safepoint region: Cleanup
[2023-10-19T21:24:05.519+0000][2720.040s][info ][safepoint     ] Leaving safepoint region
[2023-10-19T21:24:05.519+0000][2720.040s][info ][safepoint     ] Total time for which application threads were stopped: 0.0018172 seconds, Stopping threads took: 0.0008081 seconds
[2023-10-19T21:24:06.520+0000][2721.041s][debug][safepoint     ] Safepoint synchronization initiated. (177 threads)
[2023-10-19T21:24:06.521+0000][2721.042s][info ][safepoint     ] Application time: 1.0013426 seconds
[2023-10-19T21:24:06.522+0000][2721.043s][info ][safepoint     ] Entering safepoint region: Cleanup
[2023-10-19T21:24:06.523+0000][2721.044s][info ][safepoint     ] Leaving safepoint region
[2023-10-19T21:24:06.524+0000][2721.045s][info ][safepoint     ] Total time for which application threads were stopped: 0.0017039 seconds, Stopping threads took: 0.0007907 seconds
[2023-10-19T21:24:07.525+0000][2722.046s][debug][safepoint     ] Safepoint synchronization initiated. (177 threads)
[2023-10-19T21:24:07.525+0000][2722.046s][info ][safepoint     ] Application time: 1.0009115 seconds
[2023-10-19T21:24:07.526+0000][2722.047s][info ][safepoint     ] Entering safepoint region: Cleanup
[2023-10-19T21:24:07.527+0000][2722.048s][info ][safepoint     ] Leaving safepoint region
[2023-10-19T21:24:07.527+0000][2722.048s][info ][safepoint     ] Total time for which application threads were stopped: 0.0013394 seconds, Stopping threads took: 0.0005594 seconds
[2023-10-19T21:24:08.528+0000][2723.049s][debug][safepoint     ] Safepoint synchronization initiated. (177 threads)
[2023-10-19T21:24:08.529+0000][2723.050s][info ][safepoint     ] Application time: 1.0014011 seconds
[2023-10-19T21:24:08.530+0000][2723.051s][info ][safepoint     ] Entering safepoint region: Cleanup
[2023-10-19T21:24:08.531+0000][2723.052s][info ][safepoint     ] Leaving safepoint region
[2023-10-19T21:24:08.531+0000][2723.052s][info ][safepoint     ] Total time for which application threads were stopped: 0.0015469 seconds, Stopping threads took: 0.0006713 seconds
[2023-10-19T21:24:09.533+0000][2724.054s][debug][safepoint     ] Safepoint synchronization initiated. (177 threads)
[2023-10-19T21:24:09.534+0000][2724.055s][info ][safepoint     ] Application time: 1.0015150 seconds
[2023-10-19T21:24:09.535+0000][2724.056s][info ][safepoint     ] Entering safepoint region: Cleanup
[2023-10-19T21:24:09.536+0000][2724.057s][info ][safepoint     ] Leaving safepoint region
[2023-10-19T21:24:09.537+0000][2724.058s][info ][safepoint     ] Total time for which application threads were stopped: 0.0018871 seconds, Stopping threads took: 0.0007173 seconds
[2023-10-19T21:24:10.538+0000][2725.059s][debug][safepoint     ] Safepoint synchronization initiated. (177 threads)
[2023-10-19T21:24:10.538+0000][2725.059s][info ][safepoint     ] Application time: 1.0009075 seconds
[2023-10-19T21:24:10.539+0000][2725.060s][info ][safepoint     ] Entering safepoint region: Cleanup
[2023-10-19T21:24:10.539+0000][2725.060s][info ][safepoint     ] Leaving safepoint region
[2023-10-19T21:24:10.540+0000][2725.061s][info ][safepoint     ] Total time for which application threads were stopped: 0.0010831 seconds, Stopping threads took: 0.0005390 seconds
[2023-10-19T21:24:11.541+0000][2726.062s][debug][safepoint     ] Safepoint synchronization initiated. (177 threads)
[2023-10-19T21:24:11.542+0000][2726.063s][info ][safepoint     ] Application time: 1.0016186 seconds
[2023-10-19T21:24:11.543+0000][2726.064s][info ][safepoint     ] Entering safepoint region: Cleanup
[2023-10-19T21:24:11.544+0000][2726.065s][info ][safepoint     ] Leaving safepoint region
[2023-10-19T21:24:11.545+0000][2726.066s][info ][safepoint     ] Total time for which application threads were stopped: 0.0023510 seconds, Stopping threads took: 0.0010517 seconds
[2023-10-19T21:24:12.546+0000][2727.067s][debug][safepoint     ] Safepoint synchronization initiated. (177 threads)
[2023-10-19T21:24:12.548+0000][2727.069s][info ][safepoint     ] Application time: 1.0015504 seconds
[2023-10-19T21:24:12.549+0000][2727.070s][info ][safepoint     ] Entering safepoint region: Cleanup
[2023-10-19T21:24:12.550+0000][2727.071s][info ][safepoint     ] Leaving safepoint region
[2023-10-19T21:24:12.550+0000][2727.071s][info ][safepoint     ] Total time for which application threads were stopped: 0.0018668 seconds, Stopping threads took: 0.0008004 seconds
[2023-10-19T21:24:13.551+0000][2728.072s][debug][safepoint     ] Safepoint synchronization initiated. (177 threads)
[2023-10-19T21:24:13.552+0000][2728.073s][info ][safepoint     ] Application time: 1.0005901 seconds
[2023-10-19T21:24:13.552+0000][2728.073s][info ][safepoint     ] Entering safepoint region: Cleanup
[2023-10-19T21:24:13.553+0000][2728.074s][info ][safepoint     ] Leaving safepoint region
[2023-10-19T21:24:13.553+0000][2728.074s][info ][safepoint     ] Total time for which application threads were stopped: 0.0007868 seconds, Stopping threads took: 0.0003462 seconds
[2023-10-19T21:24:14.554+0000][2729.075s][debug][safepoint     ] Safepoint synchronization initiated. (177 threads)
[2023-10-19T21:24:14.555+0000][2729.076s][info ][safepoint     ] Application time: 1.0014696 seconds
[2023-10-19T21:24:14.556+0000][2729.077s][info ][safepoint     ] Entering safepoint region: Cleanup
[2023-10-19T21:24:14.557+0000][2729.078s][info ][safepoint     ] Leaving safepoint region
[2023-10-19T21:24:14.558+0000][2729.079s][info ][safepoint     ] Total time for which application threads were stopped: 0.0022412 seconds, Stopping threads took: 0.0010285 seconds
[2023-10-19T21:24:15.559+0000][2730.080s][debug][safepoint     ] Safepoint synchronization initiated. (177 threads)
[2023-10-19T21:24:15.560+0000][2730.081s][info ][safepoint     ] Application time: 1.0014105 seconds
[2023-10-19T21:24:15.561+0000][2730.082s][info ][safepoint     ] Entering safepoint region: Cleanup
[2023-10-19T21:24:15.562+0000][2730.083s][info ][safepoint     ] Leaving safepoint region
[2023-10-19T21:24:15.563+0000][2730.084s][info ][safepoint     ] Total time for which application threads were stopped: 0.0018939 seconds, Stopping threads took: 0.0007845 seconds
[2023-10-19T21:24:16.564+0000][2731.085s][debug][safepoint     ] Safepoint synchronization initiated. (177 threads)
[2023-10-19T21:24:16.564+0000][2731.085s][info ][safepoint     ] Application time: 1.0006294 seconds
[2023-10-19T21:24:16.565+0000][2731.086s][info ][safepoint     ] Entering safepoint region: Cleanup
[2023-10-19T21:24:16.565+0000][2731.086s][info ][safepoint     ] Leaving safepoint region
[2023-10-19T21:24:16.566+0000][2731.087s][info ][safepoint     ] Total time for which application threads were stopped: 0.0011647 seconds, Stopping threads took: 0.0005535 seconds
[2023-10-19T21:24:17.566+0000][2732.087s][debug][safepoint     ] Safepoint synchronization initiated. (177 threads)
[2023-10-19T21:24:17.567+0000][2732.088s][info ][safepoint     ] Application time: 1.0007975 seconds
[2023-10-19T21:24:17.568+0000][2732.089s][info ][safepoint     ] Entering safepoint region: Cleanup
[2023-10-19T21:24:17.568+0000][2732.089s][info ][safepoint     ] Leaving safepoint region
[2023-10-19T21:24:17.569+0000][2732.090s][info ][safepoint     ] Total time for which application threads were stopped: 0.0011710 seconds, Stopping threads took: 0.0005331 seconds
[2023-10-19T21:24:18.569+0000][2733.090s][debug][safepoint     ] Safepoint synchronization initiated. (177 threads)
[2023-10-19T21:24:18.570+0000][2733.091s][info ][safepoint     ] Application time: 1.0011647 seconds
[2023-10-19T21:24:18.571+0000][2733.092s][info ][safepoint     ] Entering safepoint region: Cleanup
[2023-10-19T21:24:18.572+0000][2733.093s][info ][safepoint     ] Leaving safepoint region
[2023-10-19T21:24:18.573+0000][2733.094s][info ][safepoint     ] Total time for which application threads were stopped: 0.0016654 seconds, Stopping threads took: 0.0008408 seconds
[2023-10-19T21:24:19.574+0000][2734.095s][debug][safepoint     ] Safepoint synchronization initiated. (177 threads)
[2023-10-19T21:24:19.575+0000][2734.096s][info ][safepoint     ] Application time: 1.0014796 seconds
[2023-10-19T21:24:19.576+0000][2734.097s][info ][safepoint     ] Entering safepoint region: Cleanup
[2023-10-19T21:24:19.577+0000][2734.098s][info ][safepoint     ] Leaving safepoint region
[2023-10-19T21:24:19.578+0000][2734.099s][info ][safepoint     ] Total time for which application threads were stopped: 0.0019449 seconds, Stopping threads took: 0.0009417 seconds
[2023-10-19T21:24:20.579+0000][2735.100s][debug][safepoint     ] Safepoint synchronization initiated. (177 threads)
[2023-10-19T21:24:20.580+0000][2735.101s][info ][safepoint     ] Application time: 1.0012905 seconds
[2023-10-19T21:24:20.581+0000][2735.102s][info ][safepoint     ] Entering safepoint region: Cleanup
[2023-10-19T21:24:20.582+0000][2735.103s][info ][safepoint     ] Leaving safepoint region
[2023-10-19T21:24:20.583+0000][2735.104s][info ][safepoint     ] Total time for which application threads were stopped: 0.0021966 seconds, Stopping threads took: 0.0009035 seconds
[2023-10-19T21:24:21.584+0000][2736.105s][debug][safepoint     ] Safepoint synchronization initiated. (177 threads)
[2023-10-19T21:24:21.585+0000][2736.106s][info ][safepoint     ] Application time: 1.0008015 seconds
[2023-10-19T21:24:21.585+0000][2736.106s][info ][safepoint     ] Entering safepoint region: Cleanup
[2023-10-19T21:24:21.586+0000][2736.107s][info ][safepoint     ] Leaving safepoint region
[2023-10-19T21:24:21.587+0000][2736.108s][info ][safepoint     ] Total time for which application threads were stopped: 0.0015354 seconds, Stopping threads took: 0.0006791 seconds
[2023-10-19T21:24:22.587+0000][2737.108s][debug][safepoint     ] Safepoint synchronization initiated. (177 threads)
[2023-10-19T21:24:22.588+0000][2737.109s][info ][safepoint     ] Application time: 1.0012175 seconds
[2023-10-19T21:24:22.589+0000][2737.110s][info ][safepoint     ] Entering safepoint region: Cleanup
[2023-10-19T21:24:22.591+0000][2737.112s][info ][safepoint     ] Leaving safepoint region
[2023-10-19T21:24:22.591+0000][2737.112s][info ][safepoint     ] Total time for which application threads were stopped: 0.0019768 seconds, Stopping threads took: 0.0009108 seconds
[2023-10-19T21:24:23.593+0000][2738.113s][debug][safepoint     ] Safepoint synchronization initiated. (177 threads)
[2023-10-19T21:24:23.593+0000][2738.114s][info ][safepoint     ] Application time: 1.0009199 seconds
[2023-10-19T21:24:23.594+0000][2738.115s][info ][safepoint     ] Entering safepoint region: Cleanup
[2023-10-19T21:24:23.595+0000][2738.116s][info ][safepoint     ] Leaving safepoint region
[2023-10-19T21:24:23.595+0000][2738.116s][info ][safepoint     ] Total time for which application threads were stopped: 0.0014618 seconds, Stopping threads took: 0.0007917 seconds
[2023-10-19T21:24:24.596+0000][2739.117s][debug][safepoint     ] Safepoint synchronization initiated. (177 threads)
[2023-10-19T21:24:24.597+0000][2739.118s][info ][safepoint     ] Application time: 1.0013353 seconds
[2023-10-19T21:24:24.598+0000][2739.119s][info ][safepoint     ] Entering safepoint region: Cleanup
[2023-10-19T21:24:24.599+0000][2739.120s][info ][safepoint     ] Leaving safepoint region
[2023-10-19T21:24:24.600+0000][2739.121s][info ][safepoint     ] Total time for which application threads were stopped: 0.0020304 seconds, Stopping threads took: 0.0008979 seconds
[2023-10-19T21:24:25.601+0000][2740.122s][debug][safepoint     ] Safepoint synchronization initiated. (177 threads)
[2023-10-19T21:24:25.602+0000][2740.123s][info ][safepoint     ] Application time: 1.0015848 seconds
[2023-10-19T21:24:25.604+0000][2740.125s][info ][safepoint     ] Entering safepoint region: Cleanup
[2023-10-19T21:24:25.605+0000][2740.126s][info ][safepoint     ] Leaving safepoint region
[2023-10-19T21:24:25.606+0000][2740.127s][info ][safepoint     ] Total time for which application threads were stopped: 0.0024903 seconds, Stopping threads took: 0.0011787 seconds
[2023-10-19T21:24:26.607+0000][2741.128s][debug][safepoint     ] Safepoint synchronization initiated. (177 threads)
[2023-10-19T21:24:26.608+0000][2741.129s][info ][safepoint     ] Application time: 1.0011473 seconds
[2023-10-19T21:24:26.609+0000][2741.130s][info ][safepoint     ] Entering safepoint region: Cleanup
[2023-10-19T21:24:26.610+0000][2741.131s][info ][safepoint     ] Leaving safepoint region
[2023-10-19T21:24:26.611+0000][2741.132s][info ][safepoint     ] Total time for which application threads were stopped: 0.0020332 seconds, Stopping threads took: 0.0009463 seconds
[2023-10-19T21:24:27.612+0000][2742.133s][debug][safepoint     ] Safepoint synchronization initiated. (177 threads)
[2023-10-19T21:24:27.613+0000][2742.134s][info ][safepoint     ] Application time: 1.0013178 seconds
[2023-10-19T21:24:27.614+0000][2742.135s][info ][safepoint     ] Entering safepoint region: Cleanup
[2023-10-19T21:24:27.615+0000][2742.136s][info ][safepoint     ] Leaving safepoint region
[2023-10-19T21:24:27.616+0000][2742.137s][info ][safepoint     ] Total time for which application threads were stopped: 0.0020527 seconds, Stopping threads took: 0.0010356 seconds
[2023-10-19T21:24:28.617+0000][2743.138s][debug][safepoint     ] Safepoint synchronization initiated. (177 threads)
[2023-10-19T21:24:28.617+0000][2743.138s][info ][safepoint     ] Application time: 1.0006971 seconds
[2023-10-19T21:24:28.618+0000][2743.139s][info ][safepoint     ] Entering safepoint region: Cleanup
[2023-10-19T21:24:28.618+0000][2743.139s][info ][safepoint     ] Leaving safepoint region
[2023-10-19T21:24:28.618+0000][2743.139s][info ][safepoint     ] Total time for which application threads were stopped: 0.0007586 seconds, Stopping threads took: 0.0003114 seconds
[2023-10-19T21:24:29.619+0000][2744.140s][debug][safepoint     ] Safepoint synchronization initiated. (177 threads)
[2023-10-19T21:24:29.620+0000][2744.141s][info ][safepoint     ] Application time: 1.0012642 seconds
[2023-10-19T21:24:29.621+0000][2744.142s][info ][safepoint     ] Entering safepoint region: Cleanup
[2023-10-19T21:24:29.622+0000][2744.142s][info ][safepoint     ] Leaving safepoint region
[2023-10-19T21:24:29.622+0000][2744.143s][info ][safepoint     ] Total time for which application threads were stopped: 0.0014510 seconds, Stopping threads took: 0.0005692 seconds
[2023-10-19T21:24:30.623+0000][2745.144s][debug][safepoint     ] Safepoint synchronization initiated. (177 threads)
[2023-10-19T21:24:30.625+0000][2745.146s][info ][safepoint     ] Application time: 1.0019611 seconds
[2023-10-19T21:24:30.626+0000][2745.147s][info ][safepoint     ] Entering safepoint region: Cleanup
[2023-10-19T21:24:30.627+0000][2745.148s][info ][safepoint     ] Leaving safepoint region
[2023-10-19T21:24:30.628+0000][2745.149s][info ][safepoint     ] Total time for which application threads were stopped: 0.0019944 seconds, Stopping threads took: 0.0008825 seconds
[2023-10-19T21:24:31.629+0000][2746.150s][debug][safepoint     ] Safepoint synchronization initiated. (177 threads)
[2023-10-19T21:24:31.630+0000][2746.151s][info ][safepoint     ] Application time: 1.0013911 seconds
[2023-10-19T21:24:31.631+0000][2746.152s][info ][safepoint     ] Entering safepoint region: Cleanup
[2023-10-19T21:24:31.632+0000][2746.153s][info ][safepoint     ] Leaving safepoint region
[2023-10-19T21:24:31.633+0000][2746.154s][info ][safepoint     ] Total time for which application threads were stopped: 0.0022313 seconds, Stopping threads took: 0.0009934 seconds
[2023-10-19T21:24:32.634+0000][2747.155s][debug][safepoint     ] Safepoint synchronization initiated. (177 threads)
[2023-10-19T21:24:32.635+0000][2747.156s][info ][safepoint     ] Application time: 1.0010549 seconds
[2023-10-19T21:24:32.636+0000][2747.157s][info ][safepoint     ] Entering safepoint region: Cleanup
[2023-10-19T21:24:32.636+0000][2747.157s][info ][safepoint     ] Leaving safepoint region
[2023-10-19T21:24:32.637+0000][2747.158s][info ][safepoint     ] Total time for which application threads were stopped: 0.0011420 seconds, Stopping threads took: 0.0004850 seconds
[2023-10-19T21:24:33.637+0000][2748.158s][debug][safepoint     ] Safepoint synchronization initiated. (177 threads)
[2023-10-19T21:24:33.639+0000][2748.159s][info ][safepoint     ] Application time: 1.0013883 seconds
[2023-10-19T21:24:33.639+0000][2748.160s][info ][safepoint     ] Entering safepoint region: Cleanup
[2023-10-19T21:24:33.640+0000][2748.161s][info ][safepoint     ] Leaving safepoint region
[2023-10-19T21:24:33.641+0000][2748.162s][info ][safepoint     ] Total time for which application threads were stopped: 0.0017444 seconds, Stopping threads took: 0.0008332 seconds
[2023-10-19T21:24:34.642+0000][2749.163s][debug][safepoint     ] Safepoint synchronization initiated. (177 threads)
[2023-10-19T21:24:34.643+0000][2749.164s][info ][safepoint     ] Application time: 1.0014841 seconds
[2023-10-19T21:24:34.644+0000][2749.165s][info ][safepoint     ] Entering safepoint region: Cleanup
[2023-10-19T21:24:34.645+0000][2749.166s][info ][safepoint     ] Leaving safepoint region
[2023-10-19T21:24:34.646+0000][2749.167s][info ][safepoint     ] Total time for which application threads were stopped: 0.0016572 seconds, Stopping threads took: 0.0007651 seconds
[2023-10-19T21:24:35.647+0000][2750.168s][debug][safepoint     ] Safepoint synchronization initiated. (177 threads)
[2023-10-19T21:24:35.648+0000][2750.168s][info ][safepoint     ] Application time: 1.0011098 seconds
[2023-10-19T21:24:35.648+0000][2750.169s][info ][safepoint     ] Entering safepoint region: Cleanup
[2023-10-19T21:24:35.649+0000][2750.170s][info ][safepoint     ] Leaving safepoint region
[2023-10-19T21:24:35.650+0000][2750.171s][info ][safepoint     ] Total time for which application threads were stopped: 0.0015077 seconds, Stopping threads took: 0.0006875 seconds
[2023-10-19T21:24:36.651+0000][2751.171s][debug][safepoint     ] Safepoint synchronization initiated. (177 threads)
[2023-10-19T21:24:36.652+0000][2751.173s][info ][safepoint     ] Application time: 1.0012711 seconds
[2023-10-19T21:24:36.653+0000][2751.174s][info ][safepoint     ] Entering safepoint region: Cleanup
[2023-10-19T21:24:36.654+0000][2751.175s][info ][safepoint     ] Leaving safepoint region
[2023-10-19T21:24:36.654+0000][2751.175s][info ][safepoint     ] Total time for which application threads were stopped: 0.0017192 seconds, Stopping threads took: 0.0008211 seconds
[2023-10-19T21:24:37.655+0000][2752.176s][debug][safepoint     ] Safepoint synchronization initiated. (177 threads)
[2023-10-19T21:24:37.656+0000][2752.177s][info ][safepoint     ] Application time: 1.0008226 seconds
[2023-10-19T21:24:37.656+0000][2752.177s][info ][safepoint     ] Entering safepoint region: Cleanup
[2023-10-19T21:24:37.657+0000][2752.178s][info ][safepoint     ] Leaving safepoint region
[2023-10-19T21:24:37.657+0000][2752.178s][info ][safepoint     ] Total time for which application threads were stopped: 0.0012811 seconds, Stopping threads took: 0.0005659 seconds
[2023-10-19T21:24:38.658+0000][2753.179s][debug][safepoint     ] Safepoint synchronization initiated. (177 threads)
[2023-10-19T21:24:38.659+0000][2753.180s][info ][safepoint     ] Application time: 1.0010562 seconds
[2023-10-19T21:24:38.660+0000][2753.180s][info ][safepoint     ] Entering safepoint region: Cleanup
[2023-10-19T21:24:38.660+0000][2753.181s][info ][safepoint     ] Leaving safepoint region
[2023-10-19T21:24:38.661+0000][2753.182s][info ][safepoint     ] Total time for which application threads were stopped: 0.0013421 seconds, Stopping threads took: 0.0006418 seconds
[2023-10-19T21:24:39.662+0000][2754.182s][debug][safepoint     ] Safepoint synchronization initiated. (177 threads)
[2023-10-19T21:24:39.662+0000][2754.183s][info ][safepoint     ] Application time: 1.0010306 seconds
[2023-10-19T21:24:39.663+0000][2754.184s][info ][safepoint     ] Entering safepoint region: Cleanup
[2023-10-19T21:24:39.664+0000][2754.185s][info ][safepoint     ] Leaving safepoint region
[2023-10-19T21:24:39.664+0000][2754.185s][info ][safepoint     ] Total time for which application threads were stopped: 0.0015021 seconds, Stopping threads took: 0.0006687 seconds
[2023-10-19T21:24:40.665+0000][2755.186s][debug][safepoint     ] Safepoint synchronization initiated. (177 threads)
[2023-10-19T21:24:40.666+0000][2755.187s][info ][safepoint     ] Application time: 1.0012625 seconds
[2023-10-19T21:24:40.667+0000][2755.188s][info ][safepoint     ] Entering safepoint region: Cleanup
[2023-10-19T21:24:40.668+0000][2755.189s][info ][safepoint     ] Leaving safepoint region
[2023-10-19T21:24:40.669+0000][2755.190s][info ][safepoint     ] Total time for which application threads were stopped: 0.0018921 seconds, Stopping threads took: 0.0008150 seconds
[2023-10-19T21:24:41.670+0000][2756.191s][debug][safepoint     ] Safepoint synchronization initiated. (177 threads)
[2023-10-19T21:24:41.671+0000][2756.191s][info ][safepoint     ] Application time: 1.0007783 seconds
[2023-10-19T21:24:41.671+0000][2756.192s][info ][safepoint     ] Entering safepoint region: Cleanup
[2023-10-19T21:24:41.672+0000][2756.193s][info ][safepoint     ] Leaving safepoint region
[2023-10-19T21:24:41.672+0000][2756.193s][info ][safepoint     ] Total time for which application threads were stopped: 0.0013476 seconds, Stopping threads took: 0.0005891 seconds
[2023-10-19T21:24:42.673+0000][2757.194s][debug][safepoint     ] Safepoint synchronization initiated. (177 threads)
[2023-10-19T21:24:42.674+0000][2757.195s][info ][safepoint     ] Application time: 1.0010796 seconds
[2023-10-19T21:24:42.675+0000][2757.196s][info ][safepoint     ] Entering safepoint region: Cleanup
[2023-10-19T21:24:42.676+0000][2757.196s][info ][safepoint     ] Leaving safepoint region
[2023-10-19T21:24:42.676+0000][2757.197s][info ][safepoint     ] Total time for which application threads were stopped: 0.0014424 seconds, Stopping threads took: 0.0005638 seconds
[2023-10-19T21:24:43.677+0000][2758.198s][debug][safepoint     ] Safepoint synchronization initiated. (177 threads)
[2023-10-19T21:24:43.678+0000][2758.199s][info ][safepoint     ] Application time: 1.0012066 seconds
[2023-10-19T21:24:43.679+0000][2758.200s][info ][safepoint     ] Entering safepoint region: Cleanup
[2023-10-19T21:24:43.680+0000][2758.201s][info ][safepoint     ] Leaving safepoint region
[2023-10-19T21:24:43.681+0000][2758.202s][info ][safepoint     ] Total time for which application threads were stopped: 0.0019126 seconds, Stopping threads took: 0.0008877 seconds
[2023-10-19T21:24:44.682+0000][2759.203s][debug][safepoint     ] Safepoint synchronization initiated. (177 threads)
[2023-10-19T21:24:44.683+0000][2759.204s][info ][safepoint     ] Application time: 1.0013528 seconds
[2023-10-19T21:24:44.684+0000][2759.205s][info ][safepoint     ] Entering safepoint region: Cleanup
[2023-10-19T21:24:44.685+0000][2759.206s][info ][safepoint     ] Leaving safepoint region
[2023-10-19T21:24:44.686+0000][2759.207s][info ][safepoint     ] Total time for which application threads were stopped: 0.0020448 seconds, Stopping threads took: 0.0010023 seconds
[2023-10-19T21:24:45.686+0000][2760.207s][debug][safepoint     ] Safepoint synchronization initiated. (177 threads)
[2023-10-19T21:24:45.687+0000][2760.208s][info ][safepoint     ] Application time: 1.0007566 seconds
[2023-10-19T21:24:45.688+0000][2760.209s][info ][safepoint     ] Entering safepoint region: Cleanup
[2023-10-19T21:24:45.689+0000][2760.209s][info ][safepoint     ] Leaving safepoint region
[2023-10-19T21:24:45.689+0000][2760.210s][info ][safepoint     ] Total time for which application threads were stopped: 0.0013344 seconds, Stopping threads took: 0.0006018 seconds
[2023-10-19T21:24:46.334+0000][2760.855s][debug][safepoint     ] Safepoint synchronization initiated. (177 threads)
[2023-10-19T21:24:46.335+0000][2760.856s][info ][safepoint     ] Application time: 0.6453820 seconds
[2023-10-19T21:24:46.335+0000][2760.856s][info ][safepoint     ] Entering safepoint region: G1CollectForAllocation
[2023-10-19T21:24:46.337+0000][2760.857s][info ][gc,start      ] GC(72) Pause Young (Normal) (G1 Evacuation Pause)
[2023-10-19T21:24:46.337+0000][2760.858s][info ][gc,task       ] GC(72) Using 8 workers of 8 for evacuation
[2023-10-19T21:24:46.348+0000][2760.868s][info ][gc,phases     ] GC(72)   Pre Evacuate Collection Set: 0.2ms
[2023-10-19T21:24:46.348+0000][2760.869s][info ][gc,phases     ] GC(72)   Evacuate Collection Set: 4.7ms
[2023-10-19T21:24:46.349+0000][2760.870s][info ][gc,phases     ] GC(72)   Post Evacuate Collection Set: 4.4ms
[2023-10-19T21:24:46.349+0000][2760.870s][info ][gc,phases     ] GC(72)   Other: 1.7ms
[2023-10-19T21:24:46.350+0000][2760.871s][info ][gc,heap       ] GC(72) Eden regions: 203->0(204)
[2023-10-19T21:24:46.350+0000][2760.871s][info ][gc,heap       ] GC(72) Survivor regions: 3->2(26)
[2023-10-19T21:24:46.351+0000][2760.872s][info ][gc,heap       ] GC(72) Old regions: 157->157
[2023-10-19T21:24:46.351+0000][2760.872s][info ][gc,heap       ] GC(72) Humongous regions: 5->5
[2023-10-19T21:24:46.352+0000][2760.873s][info ][gc,metaspace  ] GC(72) Metaspace: 167507K(173008K)->167507K(173008K) NonClass: 148087K(151504K)->148087K(151504K) Class: 19420K(21504K)->19420K(21504K)
[2023-10-19T21:24:46.352+0000][2760.873s][info ][gc            ] GC(72) Pause Young (Normal) (G1 Evacuation Pause) 365M->162M(415M) 15.913ms
[2023-10-19T21:24:46.353+0000][2760.874s][info ][gc,cpu        ] GC(72) User=0.06s Sys=0.00s Real=0.02s
[2023-10-19T21:24:46.354+0000][2760.875s][info ][safepoint     ] Leaving safepoint region
[2023-10-19T21:24:46.354+0000][2760.875s][info ][safepoint     ] Total time for which application threads were stopped: 0.0190465 seconds, Stopping threads took: 0.0007896 seconds
[2023-10-19T21:24:46.355+0000][2760.876s][info ][gc,stringdedup] Concurrent String Deduplication (2760.876s)
[2023-10-19T21:24:46.356+0000][2760.877s][info ][gc,stringdedup] Concurrent String Deduplication 728.0B->552.0B(176.0B) avg 54.4% (2760.876s, 2760.877s) 0.635ms
[2023-10-19T21:24:47.355+0000][2761.876s][debug][safepoint     ] Safepoint synchronization initiated. (177 threads)
[2023-10-19T21:24:47.356+0000][2761.877s][info ][safepoint     ] Application time: 1.0010741 seconds
[2023-10-19T21:24:47.357+0000][2761.878s][info ][safepoint     ] Entering safepoint region: Cleanup
[2023-10-19T21:24:47.357+0000][2761.878s][info ][safepoint     ] Leaving safepoint region
[2023-10-19T21:24:47.358+0000][2761.879s][info ][safepoint     ] Total time for which application threads were stopped: 0.0013388 seconds, Stopping threads took: 0.0006150 seconds
[2023-10-19T21:24:48.359+0000][2762.880s][debug][safepoint     ] Safepoint synchronization initiated. (177 threads)
[2023-10-19T21:24:48.360+0000][2762.881s][info ][safepoint     ] Application time: 1.0013671 seconds
[2023-10-19T21:24:48.361+0000][2762.882s][info ][safepoint     ] Entering safepoint region: Cleanup
[2023-10-19T21:24:48.362+0000][2762.883s][info ][safepoint     ] Leaving safepoint region
[2023-10-19T21:24:48.363+0000][2762.884s][info ][safepoint     ] Total time for which application threads were stopped: 0.0021433 seconds, Stopping threads took: 0.0008927 seconds
[2023-10-19T21:24:49.364+0000][2763.885s][debug][safepoint     ] Safepoint synchronization initiated. (177 threads)
[2023-10-19T21:24:49.365+0000][2763.886s][info ][safepoint     ] Application time: 1.0013039 seconds
[2023-10-19T21:24:49.366+0000][2763.887s][debug][safepoint     ] ... found polling page return exception at pc = 0x00007fbdb0d02981, stub =0x00007fbda8840600
[2023-10-19T21:24:49.367+0000][2763.888s][debug][safepoint     ] Waiting for 1 thread(s) to block
[2023-10-19T21:24:49.368+0000][2763.889s][info ][safepoint     ] Entering safepoint region: Cleanup
[2023-10-19T21:24:49.369+0000][2763.890s][info ][safepoint     ] Leaving safepoint region
[2023-10-19T21:24:49.370+0000][2763.890s][info ][safepoint     ] Total time for which application threads were stopped: 0.0033381 seconds, Stopping threads took: 0.0023861 seconds
[2023-10-19T21:24:50.370+0000][2764.891s][debug][safepoint     ] Safepoint synchronization initiated. (177 threads)
[2023-10-19T21:24:50.371+0000][2764.892s][info ][safepoint     ] Application time: 1.0010112 seconds
[2023-10-19T21:24:50.372+0000][2764.893s][info ][safepoint     ] Entering safepoint region: Cleanup
[2023-10-19T21:24:50.373+0000][2764.893s][info ][safepoint     ] Leaving safepoint region
[2023-10-19T21:24:50.373+0000][2764.894s][info ][safepoint     ] Total time for which application threads were stopped: 0.0011753 seconds, Stopping threads took: 0.0005919 seconds
[2023-10-19T21:24:51.374+0000][2765.895s][debug][safepoint     ] Safepoint synchronization initiated. (177 threads)
[2023-10-19T21:24:51.375+0000][2765.896s][info ][safepoint     ] Application time: 1.0014209 seconds
[2023-10-19T21:24:51.376+0000][2765.897s][info ][safepoint     ] Entering safepoint region: Cleanup
[2023-10-19T21:24:51.377+0000][2765.898s][info ][safepoint     ] Leaving safepoint region
[2023-10-19T21:24:51.378+0000][2765.898s][info ][safepoint     ] Total time for which application threads were stopped: 0.0019477 seconds, Stopping threads took: 0.0008440 seconds
[2023-10-19T21:24:52.379+0000][2766.899s][debug][safepoint     ] Safepoint synchronization initiated. (177 threads)
[2023-10-19T21:24:52.379+0000][2766.900s][info ][safepoint     ] Application time: 1.0012741 seconds
[2023-10-19T21:24:52.380+0000][2766.901s][info ][safepoint     ] Entering safepoint region: Cleanup
[2023-10-19T21:24:52.381+0000][2766.902s][info ][safepoint     ] Leaving safepoint region
[2023-10-19T21:24:52.382+0000][2766.903s][info ][safepoint     ] Total time for which application threads were stopped: 0.0017467 seconds, Stopping threads took: 0.0007582 seconds
[2023-10-19T21:24:53.383+0000][2767.904s][debug][safepoint     ] Safepoint synchronization initiated. (177 threads)
[2023-10-19T21:24:53.384+0000][2767.905s][info ][safepoint     ] Application time: 1.0014133 seconds
[2023-10-19T21:24:53.385+0000][2767.906s][info ][safepoint     ] Entering safepoint region: Cleanup
[2023-10-19T21:24:53.386+0000][2767.907s][info ][safepoint     ] Leaving safepoint region
[2023-10-19T21:24:53.387+0000][2767.908s][info ][safepoint     ] Total time for which application threads were stopped: 0.0020157 seconds, Stopping threads took: 0.0008179 seconds
[2023-10-19T21:24:54.388+0000][2768.909s][debug][safepoint     ] Safepoint synchronization initiated. (177 threads)
[2023-10-19T21:24:54.389+0000][2768.910s][info ][safepoint     ] Application time: 1.0015652 seconds
[2023-10-19T21:24:54.390+0000][2768.911s][info ][safepoint     ] Entering safepoint region: Cleanup
[2023-10-19T21:24:54.391+0000][2768.912s][info ][safepoint     ] Leaving safepoint region
[2023-10-19T21:24:54.392+0000][2768.913s][info ][safepoint     ] Total time for which application threads were stopped: 0.0020423 seconds, Stopping threads took: 0.0009971 seconds
[2023-10-19T21:24:55.393+0000][2769.914s][debug][safepoint     ] Safepoint synchronization initiated. (177 threads)
[2023-10-19T21:24:55.395+0000][2769.915s][info ][safepoint     ] Application time: 1.0015722 seconds
[2023-10-19T21:24:55.396+0000][2769.916s][info ][safepoint     ] Entering safepoint region: Cleanup
[2023-10-19T21:24:55.397+0000][2769.918s][info ][safepoint     ] Leaving safepoint region
[2023-10-19T21:24:55.398+0000][2769.919s][info ][safepoint     ] Total time for which application threads were stopped: 0.0022514 seconds, Stopping threads took: 0.0010058 seconds
[2023-10-19T21:24:56.399+0000][2770.920s][debug][safepoint     ] Safepoint synchronization initiated. (177 threads)
[2023-10-19T21:24:56.400+0000][2770.920s][info ][safepoint     ] Application time: 1.0010289 seconds
[2023-10-19T21:24:56.400+0000][2770.921s][info ][safepoint     ] Entering safepoint region: Cleanup
[2023-10-19T21:24:56.401+0000][2770.922s][info ][safepoint     ] Leaving safepoint region
[2023-10-19T21:24:56.402+0000][2770.922s][info ][safepoint     ] Total time for which application threads were stopped: 0.0013391 seconds, Stopping threads took: 0.0005588 seconds
[2023-10-19T21:24:57.402+0000][2771.923s][debug][safepoint     ] Safepoint synchronization initiated. (177 threads)
[2023-10-19T21:24:57.403+0000][2771.924s][info ][safepoint     ] Application time: 1.0012524 seconds
[2023-10-19T21:24:57.404+0000][2771.925s][info ][safepoint     ] Entering safepoint region: Cleanup
[2023-10-19T21:24:57.406+0000][2771.926s][info ][safepoint     ] Leaving safepoint region
[2023-10-19T21:24:57.406+0000][2771.927s][info ][safepoint     ] Total time for which application threads were stopped: 0.0020620 seconds, Stopping threads took: 0.0007944 seconds
[2023-10-19T21:24:58.407+0000][2772.928s][debug][safepoint     ] Safepoint synchronization initiated. (177 threads)
[2023-10-19T21:24:58.408+0000][2772.929s][info ][safepoint     ] Application time: 1.0013655 seconds
[2023-10-19T21:24:58.410+0000][2772.930s][info ][safepoint     ] Entering safepoint region: Cleanup
[2023-10-19T21:24:58.411+0000][2772.931s][info ][safepoint     ] Leaving safepoint region
[2023-10-19T21:24:58.411+0000][2772.932s][info ][safepoint     ] Total time for which application threads were stopped: 0.0018558 seconds, Stopping threads took: 0.0008215 seconds
[2023-10-19T21:24:59.412+0000][2773.933s][debug][safepoint     ] Safepoint synchronization initiated. (177 threads)
[2023-10-19T21:24:59.413+0000][2773.934s][info ][safepoint     ] Application time: 1.0009638 seconds
[2023-10-19T21:24:59.414+0000][2773.934s][info ][safepoint     ] Entering safepoint region: Cleanup
[2023-10-19T21:24:59.414+0000][2773.935s][info ][safepoint     ] Leaving safepoint region
[2023-10-19T21:24:59.415+0000][2773.936s][info ][safepoint     ] Total time for which application threads were stopped: 0.0013185 seconds, Stopping threads took: 0.0005557 seconds
[2023-10-19T21:25:00.416+0000][2774.936s][debug][safepoint     ] Safepoint synchronization initiated. (177 threads)
[2023-10-19T21:25:00.417+0000][2774.937s][info ][safepoint     ] Application time: 1.0012631 seconds
[2023-10-19T21:25:00.418+0000][2774.938s][info ][safepoint     ] Entering safepoint region: Cleanup
[2023-10-19T21:25:00.419+0000][2774.940s][info ][safepoint     ] Leaving safepoint region
[2023-10-19T21:25:00.420+0000][2774.940s][info ][safepoint     ] Total time for which application threads were stopped: 0.0020160 seconds, Stopping threads took: 0.0008624 seconds
[2023-10-19T21:25:01.421+0000][2775.941s][debug][safepoint     ] Safepoint synchronization initiated. (177 threads)
[2023-10-19T21:25:01.421+0000][2775.942s][info ][safepoint     ] Application time: 1.0008253 seconds
[2023-10-19T21:25:01.422+0000][2775.942s][info ][safepoint     ] Entering safepoint region: Cleanup
[2023-10-19T21:25:01.422+0000][2775.943s][info ][safepoint     ] Leaving safepoint region
[2023-10-19T21:25:01.423+0000][2775.944s][info ][safepoint     ] Total time for which application threads were stopped: 0.0011028 seconds, Stopping threads took: 0.0004891 seconds
[2023-10-19T21:25:02.423+0000][2776.944s][debug][safepoint     ] Safepoint synchronization initiated. (177 threads)
[2023-10-19T21:25:02.424+0000][2776.944s][info ][safepoint     ] Application time: 1.0005071 seconds
[2023-10-19T21:25:02.424+0000][2776.945s][info ][safepoint     ] Entering safepoint region: Cleanup
[2023-10-19T21:25:02.425+0000][2776.945s][info ][safepoint     ] Leaving safepoint region
[2023-10-19T21:25:02.425+0000][2776.946s][info ][safepoint     ] Total time for which application threads were stopped: 0.0009156 seconds, Stopping threads took: 0.0003734 seconds
[2023-10-19T21:25:03.426+0000][2777.946s][debug][safepoint     ] Safepoint synchronization initiated. (177 threads)
[2023-10-19T21:25:03.426+0000][2777.947s][info ][safepoint     ] Application time: 1.0009116 seconds
[2023-10-19T21:25:03.427+0000][2777.948s][info ][safepoint     ] Entering safepoint region: Cleanup
[2023-10-19T21:25:03.428+0000][2777.948s][info ][safepoint     ] Leaving safepoint region
[2023-10-19T21:25:03.428+0000][2777.949s][info ][safepoint     ] Total time for which application threads were stopped: 0.0013089 seconds, Stopping threads took: 0.0005382 seconds
[2023-10-19T21:25:04.429+0000][2778.950s][debug][safepoint     ] Safepoint synchronization initiated. (177 threads)
[2023-10-19T21:25:04.430+0000][2778.950s][info ][safepoint     ] Application time: 1.0010626 seconds
[2023-10-19T21:25:04.430+0000][2778.951s][info ][safepoint     ] Entering safepoint region: Cleanup
[2023-10-19T21:25:04.431+0000][2778.952s][info ][safepoint     ] Leaving safepoint region
[2023-10-19T21:25:04.431+0000][2778.952s][info ][safepoint     ] Total time for which application threads were stopped: 0.0012162 seconds, Stopping threads took: 0.0006370 seconds
[2023-10-19T21:25:05.432+0000][2779.953s][debug][safepoint     ] Safepoint synchronization initiated. (177 threads)
[2023-10-19T21:25:05.433+0000][2779.954s][info ][safepoint     ] Application time: 1.0013816 seconds
[2023-10-19T21:25:05.434+0000][2779.955s][info ][safepoint     ] Entering safepoint region: Cleanup
[2023-10-19T21:25:05.435+0000][2779.956s][info ][safepoint     ] Leaving safepoint region
[2023-10-19T21:25:05.436+0000][2779.957s][info ][safepoint     ] Total time for which application threads were stopped: 0.0020158 seconds, Stopping threads took: 0.0008467 seconds
[2023-10-19T21:25:06.437+0000][2780.958s][debug][safepoint     ] Safepoint synchronization initiated. (177 threads)
[2023-10-19T21:25:06.438+0000][2780.958s][info ][safepoint     ] Application time: 1.0007529 seconds
[2023-10-19T21:25:06.438+0000][2780.959s][info ][safepoint     ] Entering safepoint region: Cleanup
[2023-10-19T21:25:06.439+0000][2780.960s][info ][safepoint     ] Leaving safepoint region
[2023-10-19T21:25:06.439+0000][2780.960s][info ][safepoint     ] Total time for which application threads were stopped: 0.0011364 seconds, Stopping threads took: 0.0004361 seconds
[2023-10-19T21:25:07.440+0000][2781.961s][debug][safepoint     ] Safepoint synchronization initiated. (177 threads)
[2023-10-19T21:25:07.441+0000][2781.962s][info ][safepoint     ] Application time: 1.0013437 seconds
[2023-10-19T21:25:07.442+0000][2781.963s][info ][safepoint     ] Entering safepoint region: Cleanup
[2023-10-19T21:25:07.443+0000][2781.964s][info ][safepoint     ] Leaving safepoint region
[2023-10-19T21:25:07.444+0000][2781.965s][info ][safepoint     ] Total time for which application threads were stopped: 0.0024146 seconds, Stopping threads took: 0.0011586 seconds
[2023-10-19T21:25:08.445+0000][2782.966s][debug][safepoint     ] Safepoint synchronization initiated. (177 threads)
[2023-10-19T21:25:08.446+0000][2782.967s][info ][safepoint     ] Application time: 1.0009015 seconds
[2023-10-19T21:25:08.446+0000][2782.967s][info ][safepoint     ] Entering safepoint region: Cleanup
[2023-10-19T21:25:08.447+0000][2782.968s][info ][safepoint     ] Leaving safepoint region
[2023-10-19T21:25:08.448+0000][2782.969s][info ][safepoint     ] Total time for which application threads were stopped: 0.0016133 seconds, Stopping threads took: 0.0005944 seconds
[2023-10-19T21:25:09.449+0000][2783.970s][debug][safepoint     ] Safepoint synchronization initiated. (177 threads)
[2023-10-19T21:25:09.450+0000][2783.971s][info ][safepoint     ] Application time: 1.0012117 seconds
[2023-10-19T21:25:09.451+0000][2783.972s][info ][safepoint     ] Entering safepoint region: Cleanup
[2023-10-19T21:25:09.452+0000][2783.973s][info ][safepoint     ] Leaving safepoint region
[2023-10-19T21:25:09.453+0000][2783.973s][info ][safepoint     ] Total time for which application threads were stopped: 0.0018963 seconds, Stopping threads took: 0.0008034 seconds
[2023-10-19T21:25:10.453+0000][2784.974s][debug][safepoint     ] Safepoint synchronization initiated. (177 threads)
[2023-10-19T21:25:10.454+0000][2784.975s][info ][safepoint     ] Application time: 1.0004899 seconds
[2023-10-19T21:25:10.454+0000][2784.975s][info ][safepoint     ] Entering safepoint region: Cleanup
[2023-10-19T21:25:10.455+0000][2784.975s][info ][safepoint     ] Leaving safepoint region
[2023-10-19T21:25:10.455+0000][2784.976s][info ][safepoint     ] Total time for which application threads were stopped: 0.0008289 seconds, Stopping threads took: 0.0003562 seconds
[2023-10-19T21:25:11.455+0000][2785.976s][debug][safepoint     ] Safepoint synchronization initiated. (177 threads)
[2023-10-19T21:25:11.456+0000][2785.977s][info ][safepoint     ] Application time: 1.0011651 seconds
[2023-10-19T21:25:11.457+0000][2785.978s][info ][safepoint     ] Entering safepoint region: Cleanup
[2023-10-19T21:25:11.459+0000][2785.979s][info ][safepoint     ] Leaving safepoint region
[2023-10-19T21:25:11.459+0000][2785.980s][info ][safepoint     ] Total time for which application threads were stopped: 0.0019984 seconds, Stopping threads took: 0.0009105 seconds
[2023-10-19T21:25:12.460+0000][2786.981s][debug][safepoint     ] Safepoint synchronization initiated. (177 threads)
[2023-10-19T21:25:12.461+0000][2786.982s][info ][safepoint     ] Application time: 1.0012792 seconds
[2023-10-19T21:25:12.462+0000][2786.983s][info ][safepoint     ] Entering safepoint region: Cleanup
[2023-10-19T21:25:12.464+0000][2786.984s][info ][safepoint     ] Leaving safepoint region
[2023-10-19T21:25:12.464+0000][2786.985s][info ][safepoint     ] Total time for which application threads were stopped: 0.0020268 seconds, Stopping threads took: 0.0009811 seconds
[2023-10-19T21:25:13.465+0000][2787.986s][debug][safepoint     ] Safepoint synchronization initiated. (177 threads)
[2023-10-19T21:25:13.466+0000][2787.987s][info ][safepoint     ] Application time: 1.0008594 seconds
[2023-10-19T21:25:13.466+0000][2787.987s][info ][safepoint     ] Entering safepoint region: Cleanup
[2023-10-19T21:25:13.467+0000][2787.988s][info ][safepoint     ] Leaving safepoint region
[2023-10-19T21:25:13.467+0000][2787.988s][info ][safepoint     ] Total time for which application threads were stopped: 0.0011138 seconds, Stopping threads took: 0.0004764 seconds
[2023-10-19T21:25:14.468+0000][2788.989s][debug][safepoint     ] Safepoint synchronization initiated. (177 threads)
[2023-10-19T21:25:14.469+0000][2788.990s][info ][safepoint     ] Application time: 1.0014000 seconds
[2023-10-19T21:25:14.470+0000][2788.991s][info ][safepoint     ] Entering safepoint region: Cleanup
[2023-10-19T21:25:14.471+0000][2788.992s][info ][safepoint     ] Leaving safepoint region
[2023-10-19T21:25:14.472+0000][2788.993s][info ][safepoint     ] Total time for which application threads were stopped: 0.0020356 seconds, Stopping threads took: 0.0009654 seconds
[2023-10-19T21:25:15.473+0000][2789.994s][debug][safepoint     ] Safepoint synchronization initiated. (177 threads)
[2023-10-19T21:25:15.474+0000][2789.995s][info ][safepoint     ] Application time: 1.0014999 seconds
[2023-10-19T21:25:15.475+0000][2789.996s][info ][safepoint     ] Entering safepoint region: Cleanup
[2023-10-19T21:25:15.476+0000][2789.997s][info ][safepoint     ] Leaving safepoint region
[2023-10-19T21:25:15.477+0000][2789.998s][info ][safepoint     ] Total time for which application threads were stopped: 0.0018461 seconds, Stopping threads took: 0.0008062 seconds
[2023-10-19T21:25:15.476+0000][2789.997s][debug][safepoint     ] ... found polling page return exception at pc = 0x00007fbdb0cb92c4, stub =0x00007fbda8840600
[2023-10-19T21:25:15.476+0000][2789.997s][debug][safepoint     ] ... found polling page return exception at pc = 0x00007fbdb0cb92c4, stub =0x00007fbda8840600
[2023-10-19T21:25:15.476+0000][2789.997s][debug][safepoint     ] ... found polling page return exception at pc = 0x00007fbdb0cb92c4, stub =0x00007fbda8840600
[2023-10-19T21:25:16.478+0000][2790.999s][debug][safepoint     ] Safepoint synchronization initiated. (177 threads)
[2023-10-19T21:25:16.479+0000][2791.000s][info ][safepoint     ] Application time: 1.0007616 seconds
[2023-10-19T21:25:16.479+0000][2791.000s][info ][safepoint     ] Entering safepoint region: Cleanup
[2023-10-19T21:25:16.480+0000][2791.001s][info ][safepoint     ] Leaving safepoint region
[2023-10-19T21:25:16.481+0000][2791.001s][info ][safepoint     ] Total time for which application threads were stopped: 0.0012287 seconds, Stopping threads took: 0.0005639 seconds
[2023-10-19T21:25:17.481+0000][2792.002s][debug][safepoint     ] Safepoint synchronization initiated. (177 threads)
[2023-10-19T21:25:17.482+0000][2792.003s][info ][safepoint     ] Application time: 1.0013954 seconds
[2023-10-19T21:25:17.483+0000][2792.004s][info ][safepoint     ] Entering safepoint region: Cleanup
[2023-10-19T21:25:17.484+0000][2792.004s][info ][safepoint     ] Leaving safepoint region
[2023-10-19T21:25:17.484+0000][2792.005s][info ][safepoint     ] Total time for which application threads were stopped: 0.0012890 seconds, Stopping threads took: 0.0005224 seconds
[2023-10-19T21:25:18.485+0000][2793.005s][debug][safepoint     ] Safepoint synchronization initiated. (177 threads)
[2023-10-19T21:25:18.485+0000][2793.006s][info ][safepoint     ] Application time: 1.0006659 seconds
[2023-10-19T21:25:18.486+0000][2793.006s][info ][safepoint     ] Entering safepoint region: Cleanup
[2023-10-19T21:25:18.486+0000][2793.007s][info ][safepoint     ] Leaving safepoint region
[2023-10-19T21:25:18.487+0000][2793.007s][info ][safepoint     ] Total time for which application threads were stopped: 0.0010490 seconds, Stopping threads took: 0.0004903 seconds
[2023-10-19T21:25:19.487+0000][2794.008s][debug][safepoint     ] Safepoint synchronization initiated. (177 threads)
[2023-10-19T21:25:19.488+0000][2794.009s][info ][safepoint     ] Application time: 1.0007266 seconds
[2023-10-19T21:25:19.488+0000][2794.009s][info ][safepoint     ] Entering safepoint region: Cleanup
[2023-10-19T21:25:19.489+0000][2794.010s][info ][safepoint     ] Leaving safepoint region
[2023-10-19T21:25:19.489+0000][2794.010s][info ][safepoint     ] Total time for which application threads were stopped: 0.0010856 seconds, Stopping threads took: 0.0004388 seconds
[2023-10-19T21:25:20.490+0000][2795.011s][debug][safepoint     ] Safepoint synchronization initiated. (177 threads)
[2023-10-19T21:25:20.491+0000][2795.011s][info ][safepoint     ] Application time: 1.0009730 seconds
[2023-10-19T21:25:20.491+0000][2795.012s][info ][safepoint     ] Entering safepoint region: Cleanup
[2023-10-19T21:25:20.492+0000][2795.013s][info ][safepoint     ] Leaving safepoint region
[2023-10-19T21:25:20.493+0000][2795.014s][info ][safepoint     ] Total time for which application threads were stopped: 0.0016773 seconds, Stopping threads took: 0.0006041 seconds
[2023-10-19T21:25:21.494+0000][2796.015s][debug][safepoint     ] Safepoint synchronization initiated. (177 threads)
[2023-10-19T21:25:21.494+0000][2796.015s][info ][safepoint     ] Application time: 1.0007615 seconds
[2023-10-19T21:25:21.495+0000][2796.016s][debug][safepoint     ] ... found polling page return exception at pc = 0x00007fbdb0b4fbc4, stub =0x00007fbda8840600
[2023-10-19T21:25:21.495+0000][2796.016s][debug][safepoint     ] ... found polling page return exception at pc = 0x00007fbdb0b4fbc4, stub =0x00007fbda8840600
[2023-10-19T21:25:21.495+0000][2796.016s][debug][safepoint     ] ... found polling page return exception at pc = 0x00007fbdb0b4fbc4, stub =0x00007fbda8840600
[2023-10-19T21:25:21.495+0000][2796.016s][debug][safepoint     ] ... found polling page return exception at pc = 0x00007fbdb0a9d3f6, stub =0x00007fbda8840600
[2023-10-19T21:25:21.495+0000][2796.016s][debug][safepoint     ] ... found polling page return exception at pc = 0x00007fbdb0b4fbc4, stub =0x00007fbda8840600
[2023-10-19T21:25:21.495+0000][2796.016s][debug][safepoint     ] ... found polling page return exception at pc = 0x00007fbdb096b01c, stub =0x00007fbda8840600
[2023-10-19T21:25:21.498+0000][2796.019s][debug][safepoint     ] Waiting for 6 thread(s) to block
[2023-10-19T21:25:21.499+0000][2796.019s][info ][safepoint     ] Entering safepoint region: Cleanup
[2023-10-19T21:25:21.499+0000][2796.020s][info ][safepoint     ] Leaving safepoint region
[2023-10-19T21:25:21.499+0000][2796.020s][info ][safepoint     ] Total time for which application threads were stopped: 0.0044859 seconds, Stopping threads took: 0.0039445 seconds
[2023-10-19T21:25:22.500+0000][2797.021s][debug][safepoint     ] Safepoint synchronization initiated. (177 threads)
[2023-10-19T21:25:22.500+0000][2797.021s][info ][safepoint     ] Application time: 1.0006342 seconds
[2023-10-19T21:25:22.501+0000][2797.022s][info ][safepoint     ] Entering safepoint region: Cleanup
[2023-10-19T21:25:22.502+0000][2797.022s][info ][safepoint     ] Leaving safepoint region
[2023-10-19T21:25:22.502+0000][2797.023s][info ][safepoint     ] Total time for which application threads were stopped: 0.0012063 seconds, Stopping threads took: 0.0005669 seconds
[2023-10-19T21:25:23.503+0000][2798.023s][debug][safepoint     ] Safepoint synchronization initiated. (177 threads)
[2023-10-19T21:25:23.503+0000][2798.024s][info ][safepoint     ] Application time: 1.0009170 seconds
[2023-10-19T21:25:23.504+0000][2798.025s][info ][safepoint     ] Entering safepoint region: Cleanup
[2023-10-19T21:25:23.505+0000][2798.025s][info ][safepoint     ] Leaving safepoint region
[2023-10-19T21:25:23.505+0000][2798.026s][info ][safepoint     ] Total time for which application threads were stopped: 0.0013472 seconds, Stopping threads took: 0.0004776 seconds
[2023-10-19T21:25:24.506+0000][2799.027s][debug][safepoint     ] Safepoint synchronization initiated. (177 threads)
[2023-10-19T21:25:24.507+0000][2799.027s][info ][safepoint     ] Application time: 1.0008976 seconds
[2023-10-19T21:25:24.507+0000][2799.028s][info ][safepoint     ] Entering safepoint region: Cleanup
[2023-10-19T21:25:24.508+0000][2799.029s][info ][safepoint     ] Leaving safepoint region
[2023-10-19T21:25:24.508+0000][2799.029s][info ][safepoint     ] Total time for which application threads were stopped: 0.0012666 seconds, Stopping threads took: 0.0005573 seconds
[2023-10-19T21:25:25.509+0000][2800.030s][debug][safepoint     ] Safepoint synchronization initiated. (177 threads)
[2023-10-19T21:25:25.510+0000][2800.031s][info ][safepoint     ] Application time: 1.0010009 seconds
[2023-10-19T21:25:25.510+0000][2800.031s][info ][safepoint     ] Entering safepoint region: Cleanup
[2023-10-19T21:25:25.511+0000][2800.032s][info ][safepoint     ] Leaving safepoint region
[2023-10-19T21:25:25.512+0000][2800.033s][info ][safepoint     ] Total time for which application threads were stopped: 0.0013754 seconds, Stopping threads took: 0.0005838 seconds
[2023-10-19T21:25:26.513+0000][2801.033s][debug][safepoint     ] Safepoint synchronization initiated. (177 threads)
[2023-10-19T21:25:26.513+0000][2801.034s][info ][safepoint     ] Application time: 1.0007975 seconds
[2023-10-19T21:25:26.514+0000][2801.034s][info ][safepoint     ] Entering safepoint region: Cleanup
[2023-10-19T21:25:26.515+0000][2801.035s][info ][safepoint     ] Leaving safepoint region
[2023-10-19T21:25:26.515+0000][2801.036s][info ][safepoint     ] Total time for which application threads were stopped: 0.0012373 seconds, Stopping threads took: 0.0005509 seconds
[2023-10-19T21:25:27.516+0000][2802.036s][debug][safepoint     ] Safepoint synchronization initiated. (177 threads)
[2023-10-19T21:25:27.516+0000][2802.037s][info ][safepoint     ] Application time: 1.0009881 seconds
[2023-10-19T21:25:27.517+0000][2802.038s][info ][safepoint     ] Entering safepoint region: Cleanup
[2023-10-19T21:25:27.518+0000][2802.039s][info ][safepoint     ] Leaving safepoint region
[2023-10-19T21:25:27.518+0000][2802.039s][info ][safepoint     ] Total time for which application threads were stopped: 0.0013272 seconds, Stopping threads took: 0.0005750 seconds
[2023-10-19T21:25:28.519+0000][2803.040s][debug][safepoint     ] Safepoint synchronization initiated. (177 threads)
[2023-10-19T21:25:28.521+0000][2803.042s][info ][safepoint     ] Application time: 1.0022208 seconds
[2023-10-19T21:25:28.521+0000][2803.042s][info ][safepoint     ] Entering safepoint region: Cleanup
[2023-10-19T21:25:28.522+0000][2803.043s][info ][safepoint     ] Leaving safepoint region
[2023-10-19T21:25:28.523+0000][2803.043s][info ][safepoint     ] Total time for which application threads were stopped: 0.0013211 seconds, Stopping threads took: 0.0005449 seconds
[2023-10-19T21:25:29.523+0000][2804.044s][debug][safepoint     ] Safepoint synchronization initiated. (177 threads)
[2023-10-19T21:25:29.524+0000][2804.045s][info ][safepoint     ] Application time: 1.0013112 seconds
[2023-10-19T21:25:29.525+0000][2804.046s][info ][safepoint     ] Entering safepoint region: Cleanup
[2023-10-19T21:25:29.526+0000][2804.047s][info ][safepoint     ] Leaving safepoint region
[2023-10-19T21:25:29.527+0000][2804.047s][info ][safepoint     ] Total time for which application threads were stopped: 0.0015049 seconds, Stopping threads took: 0.0006452 seconds
[2023-10-19T21:25:30.528+0000][2805.048s][debug][safepoint     ] Safepoint synchronization initiated. (177 threads)
[2023-10-19T21:25:30.529+0000][2805.049s][info ][safepoint     ] Application time: 1.0013301 seconds
[2023-10-19T21:25:30.530+0000][2805.050s][info ][safepoint     ] Entering safepoint region: Cleanup
[2023-10-19T21:25:30.531+0000][2805.051s][info ][safepoint     ] Leaving safepoint region
[2023-10-19T21:25:30.531+0000][2805.052s][info ][safepoint     ] Total time for which application threads were stopped: 0.0018641 seconds, Stopping threads took: 0.0009249 seconds
[2023-10-19T21:25:31.532+0000][2806.053s][debug][safepoint     ] Safepoint synchronization initiated. (177 threads)
[2023-10-19T21:25:31.533+0000][2806.054s][info ][safepoint     ] Application time: 1.0013048 seconds
[2023-10-19T21:25:31.534+0000][2806.055s][info ][safepoint     ] Entering safepoint region: Cleanup
[2023-10-19T21:25:31.535+0000][2806.056s][info ][safepoint     ] Leaving safepoint region
[2023-10-19T21:25:31.536+0000][2806.057s][info ][safepoint     ] Total time for which application threads were stopped: 0.0015795 seconds, Stopping threads took: 0.0007307 seconds
[2023-10-19T21:25:32.537+0000][2807.057s][debug][safepoint     ] Safepoint synchronization initiated. (177 threads)
[2023-10-19T21:25:32.537+0000][2807.058s][info ][safepoint     ] Application time: 1.0008291 seconds
[2023-10-19T21:25:32.538+0000][2807.058s][info ][safepoint     ] Entering safepoint region: Cleanup
[2023-10-19T21:25:32.538+0000][2807.059s][info ][safepoint     ] Leaving safepoint region
[2023-10-19T21:25:32.539+0000][2807.060s][info ][safepoint     ] Total time for which application threads were stopped: 0.0011001 seconds, Stopping threads took: 0.0005092 seconds
[2023-10-19T21:25:33.539+0000][2808.060s][debug][safepoint     ] Safepoint synchronization initiated. (177 threads)
[2023-10-19T21:25:33.540+0000][2808.060s][info ][safepoint     ] Application time: 1.0005215 seconds
[2023-10-19T21:25:33.540+0000][2808.061s][info ][safepoint     ] Entering safepoint region: Cleanup
[2023-10-19T21:25:33.541+0000][2808.061s][info ][safepoint     ] Leaving safepoint region
[2023-10-19T21:25:33.541+0000][2808.062s][info ][safepoint     ] Total time for which application threads were stopped: 0.0008812 seconds, Stopping threads took: 0.0003168 seconds
[2023-10-19T21:25:34.542+0000][2809.062s][debug][safepoint     ] Safepoint synchronization initiated. (177 threads)
[2023-10-19T21:25:34.542+0000][2809.063s][info ][safepoint     ] Application time: 1.0008659 seconds
[2023-10-19T21:25:34.543+0000][2809.064s][info ][safepoint     ] Entering safepoint region: Cleanup
[2023-10-19T21:25:34.544+0000][2809.064s][info ][safepoint     ] Leaving safepoint region
[2023-10-19T21:25:34.544+0000][2809.065s][info ][safepoint     ] Total time for which application threads were stopped: 0.0012536 seconds, Stopping threads took: 0.0005738 seconds
[2023-10-19T21:25:35.545+0000][2810.065s][debug][safepoint     ] Safepoint synchronization initiated. (177 threads)
[2023-10-19T21:25:35.546+0000][2810.067s][info ][safepoint     ] Application time: 1.0012418 seconds
[2023-10-19T21:25:35.546+0000][2810.067s][info ][safepoint     ] Entering safepoint region: Cleanup
[2023-10-19T21:25:35.547+0000][2810.068s][info ][safepoint     ] Leaving safepoint region
[2023-10-19T21:25:35.547+0000][2810.068s][info ][safepoint     ] Total time for which application threads were stopped: 0.0010110 seconds, Stopping threads took: 0.0004512 seconds
[2023-10-19T21:25:36.548+0000][2811.069s][debug][safepoint     ] Safepoint synchronization initiated. (177 threads)
[2023-10-19T21:25:36.548+0000][2811.069s][info ][safepoint     ] Application time: 1.0006827 seconds
[2023-10-19T21:25:36.549+0000][2811.070s][info ][safepoint     ] Entering safepoint region: Cleanup
[2023-10-19T21:25:36.550+0000][2811.070s][info ][safepoint     ] Leaving safepoint region
[2023-10-19T21:25:36.550+0000][2811.071s][info ][safepoint     ] Total time for which application threads were stopped: 0.0012133 seconds, Stopping threads took: 0.0006571 seconds
[2023-10-19T21:25:37.551+0000][2812.071s][debug][safepoint     ] Safepoint synchronization initiated. (177 threads)
[2023-10-19T21:25:37.551+0000][2812.072s][info ][safepoint     ] Application time: 1.0006816 seconds
[2023-10-19T21:25:37.552+0000][2812.072s][info ][safepoint     ] Entering safepoint region: Cleanup
[2023-10-19T21:25:37.552+0000][2812.073s][info ][safepoint     ] Leaving safepoint region
[2023-10-19T21:25:37.553+0000][2812.073s][info ][safepoint     ] Total time for which application threads were stopped: 0.0010006 seconds, Stopping threads took: 0.0003997 seconds
[2023-10-19T21:25:38.553+0000][2813.074s][debug][safepoint     ] Safepoint synchronization initiated. (177 threads)
[2023-10-19T21:25:38.554+0000][2813.075s][info ][safepoint     ] Application time: 1.0009734 seconds
[2023-10-19T21:25:38.556+0000][2813.076s][info ][safepoint     ] Entering safepoint region: Cleanup
[2023-10-19T21:25:38.557+0000][2813.078s][info ][safepoint     ] Leaving safepoint region
[2023-10-19T21:25:38.558+0000][2813.078s][info ][safepoint     ] Total time for which application threads were stopped: 0.0022227 seconds, Stopping threads took: 0.0015210 seconds
[2023-10-19T21:25:39.558+0000][2814.079s][debug][safepoint     ] Safepoint synchronization initiated. (177 threads)
[2023-10-19T21:25:39.559+0000][2814.079s][info ][safepoint     ] Application time: 1.0007803 seconds
[2023-10-19T21:25:39.559+0000][2814.080s][info ][safepoint     ] Entering safepoint region: Cleanup
[2023-10-19T21:25:39.560+0000][2814.081s][info ][safepoint     ] Leaving safepoint region
[2023-10-19T21:25:39.560+0000][2814.081s][info ][safepoint     ] Total time for which application threads were stopped: 0.0011607 seconds, Stopping threads took: 0.0004989 seconds
[2023-10-19T21:25:40.561+0000][2815.081s][debug][safepoint     ] Safepoint synchronization initiated. (177 threads)
[2023-10-19T21:25:40.561+0000][2815.082s][info ][safepoint     ] Application time: 1.0007626 seconds
[2023-10-19T21:25:40.562+0000][2815.083s][info ][safepoint     ] Entering safepoint region: Cleanup
[2023-10-19T21:25:40.563+0000][2815.083s][info ][safepoint     ] Leaving safepoint region
[2023-10-19T21:25:40.563+0000][2815.084s][info ][safepoint     ] Total time for which application threads were stopped: 0.0011266 seconds, Stopping threads took: 0.0004787 seconds
[2023-10-19T21:25:41.564+0000][2816.084s][debug][safepoint     ] Safepoint synchronization initiated. (177 threads)
[2023-10-19T21:25:41.564+0000][2816.085s][info ][safepoint     ] Application time: 1.0007011 seconds
[2023-10-19T21:25:41.564+0000][2816.085s][info ][safepoint     ] Entering safepoint region: Cleanup
[2023-10-19T21:25:41.565+0000][2816.086s][info ][safepoint     ] Leaving safepoint region
[2023-10-19T21:25:41.565+0000][2816.086s][info ][safepoint     ] Total time for which application threads were stopped: 0.0008958 seconds, Stopping threads took: 0.0004250 seconds
[2023-10-19T21:25:42.566+0000][2817.086s][debug][safepoint     ] Safepoint synchronization initiated. (177 threads)
[2023-10-19T21:25:42.566+0000][2817.087s][info ][safepoint     ] Application time: 1.0004952 seconds
[2023-10-19T21:25:42.567+0000][2817.087s][info ][safepoint     ] Entering safepoint region: Cleanup
[2023-10-19T21:25:42.567+0000][2817.088s][info ][safepoint     ] Leaving safepoint region
[2023-10-19T21:25:42.567+0000][2817.088s][info ][safepoint     ] Total time for which application threads were stopped: 0.0007204 seconds, Stopping threads took: 0.0002970 seconds
[2023-10-19T21:25:43.568+0000][2818.089s][debug][safepoint     ] Safepoint synchronization initiated. (177 threads)
[2023-10-19T21:25:43.569+0000][2818.090s][info ][safepoint     ] Application time: 1.0014447 seconds
[2023-10-19T21:25:43.570+0000][2818.091s][info ][safepoint     ] Entering safepoint region: Cleanup
[2023-10-19T21:25:43.571+0000][2818.092s][info ][safepoint     ] Leaving safepoint region
[2023-10-19T21:25:43.572+0000][2818.093s][info ][safepoint     ] Total time for which application threads were stopped: 0.0021226 seconds, Stopping threads took: 0.0009544 seconds
[2023-10-19T21:25:44.573+0000][2819.094s][debug][safepoint     ] Safepoint synchronization initiated. (177 threads)
[2023-10-19T21:25:44.574+0000][2819.095s][info ][safepoint     ] Application time: 1.0008595 seconds
[2023-10-19T21:25:44.575+0000][2819.095s][info ][safepoint     ] Entering safepoint region: Cleanup
[2023-10-19T21:25:44.575+0000][2819.096s][info ][safepoint     ] Leaving safepoint region
[2023-10-19T21:25:44.576+0000][2819.096s][info ][safepoint     ] Total time for which application threads were stopped: 0.0011324 seconds, Stopping threads took: 0.0004917 seconds
[2023-10-19T21:25:45.576+0000][2820.097s][debug][safepoint     ] Safepoint synchronization initiated. (177 threads)
[2023-10-19T21:25:45.577+0000][2820.098s][info ][safepoint     ] Application time: 1.0012172 seconds
[2023-10-19T21:25:45.578+0000][2820.099s][info ][safepoint     ] Entering safepoint region: Cleanup
[2023-10-19T21:25:45.580+0000][2820.100s][info ][safepoint     ] Leaving safepoint region
[2023-10-19T21:25:45.581+0000][2820.101s][info ][safepoint     ] Total time for which application threads were stopped: 0.0023255 seconds, Stopping threads took: 0.0010297 seconds
[2023-10-19T21:25:46.581+0000][2821.102s][debug][safepoint     ] Safepoint synchronization initiated. (177 threads)
[2023-10-19T21:25:46.582+0000][2821.102s][info ][safepoint     ] Application time: 1.0004680 seconds
[2023-10-19T21:25:46.582+0000][2821.103s][info ][safepoint     ] Entering safepoint region: Cleanup
[2023-10-19T21:25:46.583+0000][2821.103s][info ][safepoint     ] Leaving safepoint region
[2023-10-19T21:25:46.583+0000][2821.104s][info ][safepoint     ] Total time for which application threads were stopped: 0.0008451 seconds, Stopping threads took: 0.0003353 seconds
[2023-10-19T21:25:47.583+0000][2822.104s][debug][safepoint     ] Safepoint synchronization initiated. (177 threads)
[2023-10-19T21:25:47.585+0000][2822.105s][info ][safepoint     ] Application time: 1.0014182 seconds
[2023-10-19T21:25:47.586+0000][2822.106s][info ][safepoint     ] Entering safepoint region: Cleanup
[2023-10-19T21:25:47.587+0000][2822.108s][info ][safepoint     ] Leaving safepoint region
[2023-10-19T21:25:47.588+0000][2822.108s][info ][safepoint     ] Total time for which application threads were stopped: 0.0020823 seconds, Stopping threads took: 0.0009981 seconds
[2023-10-19T21:25:48.589+0000][2823.109s][debug][safepoint     ] Safepoint synchronization initiated. (177 threads)
[2023-10-19T21:25:48.589+0000][2823.110s][info ][safepoint     ] Application time: 1.0006736 seconds
[2023-10-19T21:25:48.590+0000][2823.110s][info ][safepoint     ] Entering safepoint region: Cleanup
[2023-10-19T21:25:48.590+0000][2823.111s][info ][safepoint     ] Leaving safepoint region
[2023-10-19T21:25:48.591+0000][2823.111s][info ][safepoint     ] Total time for which application threads were stopped: 0.0010278 seconds, Stopping threads took: 0.0003366 seconds
[2023-10-19T21:25:49.591+0000][2824.112s][debug][safepoint     ] Safepoint synchronization initiated. (177 threads)
[2023-10-19T21:25:49.592+0000][2824.113s][info ][safepoint     ] Application time: 1.0011575 seconds
[2023-10-19T21:25:49.593+0000][2824.114s][info ][safepoint     ] Entering safepoint region: Cleanup
[2023-10-19T21:25:49.594+0000][2824.115s][info ][safepoint     ] Leaving safepoint region
[2023-10-19T21:25:49.595+0000][2824.116s][info ][safepoint     ] Total time for which application threads were stopped: 0.0021126 seconds, Stopping threads took: 0.0009213 seconds
[2023-10-19T21:25:50.596+0000][2825.117s][debug][safepoint     ] Safepoint synchronization initiated. (177 threads)
[2023-10-19T21:25:50.597+0000][2825.117s][info ][safepoint     ] Application time: 1.0007996 seconds
[2023-10-19T21:25:50.597+0000][2825.118s][info ][safepoint     ] Entering safepoint region: Cleanup
[2023-10-19T21:25:50.598+0000][2825.118s][info ][safepoint     ] Leaving safepoint region
[2023-10-19T21:25:50.598+0000][2825.119s][info ][safepoint     ] Total time for which application threads were stopped: 0.0011665 seconds, Stopping threads took: 0.0005030 seconds
[2023-10-19T21:25:51.599+0000][2826.119s][debug][safepoint     ] Safepoint synchronization initiated. (177 threads)
[2023-10-19T21:25:51.599+0000][2826.120s][info ][safepoint     ] Application time: 1.0005677 seconds
[2023-10-19T21:25:51.600+0000][2826.120s][info ][safepoint     ] Entering safepoint region: Cleanup
[2023-10-19T21:25:51.600+0000][2826.121s][info ][safepoint     ] Leaving safepoint region
[2023-10-19T21:25:51.601+0000][2826.121s][info ][safepoint     ] Total time for which application threads were stopped: 0.0009453 seconds, Stopping threads took: 0.0003363 seconds
[2023-10-19T21:25:52.601+0000][2827.122s][debug][safepoint     ] Safepoint synchronization initiated. (177 threads)
[2023-10-19T21:25:52.602+0000][2827.123s][info ][safepoint     ] Application time: 1.0009673 seconds
[2023-10-19T21:25:52.602+0000][2827.123s][info ][safepoint     ] Entering safepoint region: Cleanup
[2023-10-19T21:25:52.603+0000][2827.124s][info ][safepoint     ] Leaving safepoint region
[2023-10-19T21:25:52.603+0000][2827.124s][info ][safepoint     ] Total time for which application threads were stopped: 0.0010868 seconds, Stopping threads took: 0.0004593 seconds
[2023-10-19T21:25:53.604+0000][2828.125s][debug][safepoint     ] Safepoint synchronization initiated. (177 threads)
[2023-10-19T21:25:53.605+0000][2828.125s][info ][safepoint     ] Application time: 1.0010298 seconds
[2023-10-19T21:25:53.605+0000][2828.126s][info ][safepoint     ] Entering safepoint region: Cleanup
[2023-10-19T21:25:53.606+0000][2828.127s][info ][safepoint     ] Leaving safepoint region
[2023-10-19T21:25:53.607+0000][2828.127s][info ][safepoint     ] Total time for which application threads were stopped: 0.0011404 seconds, Stopping threads took: 0.0005918 seconds
[2023-10-19T21:25:54.607+0000][2829.128s][debug][safepoint     ] Safepoint synchronization initiated. (177 threads)
[2023-10-19T21:25:54.608+0000][2829.128s][info ][safepoint     ] Application time: 1.0005550 seconds
[2023-10-19T21:25:54.608+0000][2829.129s][info ][safepoint     ] Entering safepoint region: Cleanup
[2023-10-19T21:25:54.608+0000][2829.129s][info ][safepoint     ] Leaving safepoint region
[2023-10-19T21:25:54.609+0000][2829.129s][info ][safepoint     ] Total time for which application threads were stopped: 0.0008442 seconds, Stopping threads took: 0.0003574 seconds
[2023-10-19T21:25:55.609+0000][2830.130s][debug][safepoint     ] Safepoint synchronization initiated. (177 threads)
[2023-10-19T21:25:55.610+0000][2830.130s][info ][safepoint     ] Application time: 1.0006922 seconds
[2023-10-19T21:25:55.610+0000][2830.131s][info ][safepoint     ] Entering safepoint region: Cleanup
[2023-10-19T21:25:55.611+0000][2830.131s][info ][safepoint     ] Leaving safepoint region
[2023-10-19T21:25:55.611+0000][2830.132s][info ][safepoint     ] Total time for which application threads were stopped: 0.0008645 seconds, Stopping threads took: 0.0003311 seconds
[2023-10-19T21:25:56.611+0000][2831.132s][debug][safepoint     ] Safepoint synchronization initiated. (177 threads)
[2023-10-19T21:25:56.612+0000][2831.133s][info ][safepoint     ] Application time: 1.0011929 seconds
[2023-10-19T21:25:56.613+0000][2831.134s][info ][safepoint     ] Entering safepoint region: Cleanup
[2023-10-19T21:25:56.614+0000][2831.135s][info ][safepoint     ] Leaving safepoint region
[2023-10-19T21:25:56.615+0000][2831.135s][info ][safepoint     ] Total time for which application threads were stopped: 0.0017816 seconds, Stopping threads took: 0.0009675 seconds
[2023-10-19T21:25:57.616+0000][2832.136s][debug][safepoint     ] Safepoint synchronization initiated. (177 threads)
[2023-10-19T21:25:57.617+0000][2832.137s][info ][safepoint     ] Application time: 1.0009777 seconds
[2023-10-19T21:25:57.617+0000][2832.138s][debug][safepoint     ] ... found polling page loop exception at pc = 0x00007fbdb12cd5e6, stub =0x00007fbda8843680
[2023-10-19T21:25:57.618+0000][2832.138s][debug][safepoint     ] Waiting for 1 thread(s) to block
[2023-10-19T21:25:57.618+0000][2832.139s][info ][safepoint     ] Entering safepoint region: Cleanup
[2023-10-19T21:25:57.619+0000][2832.139s][info ][safepoint     ] Leaving safepoint region
[2023-10-19T21:25:57.619+0000][2832.140s][info ][safepoint     ] Total time for which application threads were stopped: 0.0021390 seconds, Stopping threads took: 0.0015596 seconds
[2023-10-19T21:25:58.620+0000][2833.141s][debug][safepoint     ] Safepoint synchronization initiated. (177 threads)
[2023-10-19T21:25:58.621+0000][2833.141s][info ][safepoint     ] Application time: 1.0010170 seconds
[2023-10-19T21:25:58.621+0000][2833.142s][info ][safepoint     ] Entering safepoint region: Cleanup
[2023-10-19T21:25:58.622+0000][2833.143s][info ][safepoint     ] Leaving safepoint region
[2023-10-19T21:25:58.622+0000][2833.143s][info ][safepoint     ] Total time for which application threads were stopped: 0.0011859 seconds, Stopping threads took: 0.0005015 seconds
[2023-10-19T21:25:59.623+0000][2834.144s][debug][safepoint     ] Safepoint synchronization initiated. (177 threads)
[2023-10-19T21:25:59.623+0000][2834.144s][info ][safepoint     ] Application time: 1.0005597 seconds
[2023-10-19T21:25:59.624+0000][2834.145s][info ][safepoint     ] Entering safepoint region: Cleanup
[2023-10-19T21:25:59.624+0000][2834.145s][info ][safepoint     ] Leaving safepoint region
[2023-10-19T21:25:59.625+0000][2834.145s][info ][safepoint     ] Total time for which application threads were stopped: 0.0009652 seconds, Stopping threads took: 0.0004717 seconds
[2023-10-19T21:26:00.625+0000][2835.146s][debug][safepoint     ] Safepoint synchronization initiated. (177 threads)
[2023-10-19T21:26:00.626+0000][2835.147s][info ][safepoint     ] Application time: 1.0009832 seconds
[2023-10-19T21:26:00.627+0000][2835.147s][info ][safepoint     ] Entering safepoint region: Cleanup
[2023-10-19T21:26:00.628+0000][2835.148s][info ][safepoint     ] Leaving safepoint region
[2023-10-19T21:26:00.628+0000][2835.149s][info ][safepoint     ] Total time for which application threads were stopped: 0.0017383 seconds, Stopping threads took: 0.0007350 seconds
[2023-10-19T21:26:01.629+0000][2836.150s][debug][safepoint     ] Safepoint synchronization initiated. (177 threads)
[2023-10-19T21:26:01.631+0000][2836.151s][info ][safepoint     ] Application time: 1.0013840 seconds
[2023-10-19T21:26:01.632+0000][2836.152s][info ][safepoint     ] Entering safepoint region: Cleanup
[2023-10-19T21:26:01.633+0000][2836.154s][info ][safepoint     ] Leaving safepoint region
[2023-10-19T21:26:01.634+0000][2836.154s][info ][safepoint     ] Total time for which application threads were stopped: 0.0021921 seconds, Stopping threads took: 0.0010332 seconds
[2023-10-19T21:26:02.635+0000][2837.155s][debug][safepoint     ] Safepoint synchronization initiated. (177 threads)
[2023-10-19T21:26:02.635+0000][2837.156s][info ][safepoint     ] Application time: 1.0006432 seconds
[2023-10-19T21:26:02.636+0000][2837.156s][info ][safepoint     ] Entering safepoint region: Cleanup
[2023-10-19T21:26:02.636+0000][2837.157s][info ][safepoint     ] Leaving safepoint region
[2023-10-19T21:26:02.637+0000][2837.157s][info ][safepoint     ] Total time for which application threads were stopped: 0.0010613 seconds, Stopping threads took: 0.0003913 seconds
[2023-10-19T21:26:03.637+0000][2838.158s][debug][safepoint     ] Safepoint synchronization initiated. (177 threads)
[2023-10-19T21:26:03.638+0000][2838.158s][info ][safepoint     ] Application time: 1.0007872 seconds
[2023-10-19T21:26:03.638+0000][2838.159s][info ][safepoint     ] Entering safepoint region: Cleanup
[2023-10-19T21:26:03.639+0000][2838.160s][info ][safepoint     ] Leaving safepoint region
[2023-10-19T21:26:03.639+0000][2838.160s][info ][safepoint     ] Total time for which application threads were stopped: 0.0010975 seconds, Stopping threads took: 0.0004898 seconds
[2023-10-19T21:26:04.640+0000][2839.160s][debug][safepoint     ] Safepoint synchronization initiated. (177 threads)
[2023-10-19T21:26:04.640+0000][2839.161s][info ][safepoint     ] Application time: 1.0006718 seconds
[2023-10-19T21:26:04.641+0000][2839.162s][info ][safepoint     ] Entering safepoint region: Cleanup
[2023-10-19T21:26:04.642+0000][2839.163s][info ][safepoint     ] Leaving safepoint region
[2023-10-19T21:26:04.642+0000][2839.163s][info ][safepoint     ] Total time for which application threads were stopped: 0.0014279 seconds, Stopping threads took: 0.0007843 seconds
[2023-10-19T21:26:05.643+0000][2840.164s][debug][safepoint     ] Safepoint synchronization initiated. (177 threads)
[2023-10-19T21:26:05.644+0000][2840.165s][info ][safepoint     ] Application time: 1.0011667 seconds
[2023-10-19T21:26:05.645+0000][2840.165s][info ][safepoint     ] Entering safepoint region: Cleanup
[2023-10-19T21:26:05.646+0000][2840.166s][info ][safepoint     ] Leaving safepoint region
[2023-10-19T21:26:05.646+0000][2840.167s][info ][safepoint     ] Total time for which application threads were stopped: 0.0018036 seconds, Stopping threads took: 0.0006856 seconds
[2023-10-19T21:26:06.647+0000][2841.168s][debug][safepoint     ] Safepoint synchronization initiated. (177 threads)
[2023-10-19T21:26:06.648+0000][2841.169s][info ][safepoint     ] Application time: 1.0012181 seconds
[2023-10-19T21:26:06.649+0000][2841.170s][info ][safepoint     ] Entering safepoint region: Cleanup
[2023-10-19T21:26:06.650+0000][2841.171s][info ][safepoint     ] Leaving safepoint region
[2023-10-19T21:26:06.651+0000][2841.172s][info ][safepoint     ] Total time for which application threads were stopped: 0.0019272 seconds, Stopping threads took: 0.0008097 seconds
[2023-10-19T21:26:07.652+0000][2842.173s][debug][safepoint     ] Safepoint synchronization initiated. (177 threads)
[2023-10-19T21:26:07.653+0000][2842.173s][info ][safepoint     ] Application time: 1.0011997 seconds
[2023-10-19T21:26:07.654+0000][2842.174s][info ][safepoint     ] Entering safepoint region: Cleanup
[2023-10-19T21:26:07.655+0000][2842.175s][info ][safepoint     ] Leaving safepoint region
[2023-10-19T21:26:07.655+0000][2842.176s][info ][safepoint     ] Total time for which application threads were stopped: 0.0018514 seconds, Stopping threads took: 0.0007510 seconds
[2023-10-19T21:26:08.656+0000][2843.177s][debug][safepoint     ] Safepoint synchronization initiated. (177 threads)
[2023-10-19T21:26:08.657+0000][2843.177s][info ][safepoint     ] Application time: 1.0007918 seconds
[2023-10-19T21:26:08.657+0000][2843.178s][info ][safepoint     ] Entering safepoint region: Cleanup
[2023-10-19T21:26:08.658+0000][2843.179s][info ][safepoint     ] Leaving safepoint region
[2023-10-19T21:26:08.658+0000][2843.179s][info ][safepoint     ] Total time for which application threads were stopped: 0.0010352 seconds, Stopping threads took: 0.0005375 seconds
[2023-10-19T21:26:09.659+0000][2844.180s][debug][safepoint     ] Safepoint synchronization initiated. (177 threads)
[2023-10-19T21:26:09.660+0000][2844.180s][info ][safepoint     ] Application time: 1.0009937 seconds
[2023-10-19T21:26:09.660+0000][2844.181s][info ][safepoint     ] Entering safepoint region: Cleanup
[2023-10-19T21:26:09.661+0000][2844.182s][info ][safepoint     ] Leaving safepoint region
[2023-10-19T21:26:09.662+0000][2844.182s][info ][safepoint     ] Total time for which application threads were stopped: 0.0015906 seconds, Stopping threads took: 0.0007309 seconds
[2023-10-19T21:26:10.663+0000][2845.183s][debug][safepoint     ] Safepoint synchronization initiated. (176 threads)
[2023-10-19T21:26:10.664+0000][2845.184s][info ][safepoint     ] Application time: 1.0012996 seconds
[2023-10-19T21:26:10.665+0000][2845.186s][info ][safepoint     ] Entering safepoint region: Cleanup
[2023-10-19T21:26:10.666+0000][2845.187s][info ][safepoint     ] Leaving safepoint region
[2023-10-19T21:26:10.667+0000][2845.187s][info ][safepoint     ] Total time for which application threads were stopped: 0.0018940 seconds, Stopping threads took: 0.0007816 seconds
[2023-10-19T21:26:11.668+0000][2846.188s][debug][safepoint     ] Safepoint synchronization initiated. (176 threads)
[2023-10-19T21:26:11.668+0000][2846.189s][info ][safepoint     ] Application time: 1.0008487 seconds
[2023-10-19T21:26:11.669+0000][2846.189s][info ][safepoint     ] Entering safepoint region: Cleanup
[2023-10-19T21:26:11.670+0000][2846.190s][info ][safepoint     ] Leaving safepoint region
[2023-10-19T21:26:11.670+0000][2846.191s][info ][safepoint     ] Total time for which application threads were stopped: 0.0011779 seconds, Stopping threads took: 0.0005511 seconds
[2023-10-19T21:26:12.671+0000][2847.191s][debug][safepoint     ] Safepoint synchronization initiated. (176 threads)
[2023-10-19T21:26:12.671+0000][2847.192s][info ][safepoint     ] Application time: 1.0008496 seconds
[2023-10-19T21:26:12.672+0000][2847.193s][info ][safepoint     ] Entering safepoint region: Cleanup
[2023-10-19T21:26:12.673+0000][2847.194s][info ][safepoint     ] Leaving safepoint region
[2023-10-19T21:26:12.674+0000][2847.194s][info ][safepoint     ] Total time for which application threads were stopped: 0.0017473 seconds, Stopping threads took: 0.0008160 seconds
[2023-10-19T21:26:13.675+0000][2848.195s][debug][safepoint     ] Safepoint synchronization initiated. (177 threads)
[2023-10-19T21:26:13.675+0000][2848.196s][info ][safepoint     ] Application time: 1.0005640 seconds
[2023-10-19T21:26:13.676+0000][2848.196s][info ][safepoint     ] Entering safepoint region: Cleanup
[2023-10-19T21:26:13.676+0000][2848.197s][info ][safepoint     ] Leaving safepoint region
[2023-10-19T21:26:13.677+0000][2848.197s][info ][safepoint     ] Total time for which application threads were stopped: 0.0010485 seconds, Stopping threads took: 0.0004692 seconds
[2023-10-19T21:26:14.678+0000][2849.198s][debug][safepoint     ] Safepoint synchronization initiated. (177 threads)
[2023-10-19T21:26:14.678+0000][2849.199s][info ][safepoint     ] Application time: 1.0012795 seconds
[2023-10-19T21:26:14.679+0000][2849.200s][info ][safepoint     ] Entering safepoint region: Cleanup
[2023-10-19T21:26:14.680+0000][2849.201s][info ][safepoint     ] Leaving safepoint region
[2023-10-19T21:26:14.681+0000][2849.202s][info ][safepoint     ] Total time for which application threads were stopped: 0.0017465 seconds, Stopping threads took: 0.0007950 seconds
[2023-10-19T21:26:15.682+0000][2850.202s][debug][safepoint     ] Safepoint synchronization initiated. (177 threads)
[2023-10-19T21:26:15.683+0000][2850.204s][info ][safepoint     ] Application time: 1.0013028 seconds
[2023-10-19T21:26:15.684+0000][2850.205s][info ][safepoint     ] Entering safepoint region: Cleanup
[2023-10-19T21:26:15.685+0000][2850.206s][info ][safepoint     ] Leaving safepoint region
[2023-10-19T21:26:15.686+0000][2850.207s][info ][safepoint     ] Total time for which application threads were stopped: 0.0023689 seconds, Stopping threads took: 0.0010843 seconds
[2023-10-19T21:26:16.687+0000][2851.208s][debug][safepoint     ] Safepoint synchronization initiated. (177 threads)
[2023-10-19T21:26:16.688+0000][2851.209s][info ][safepoint     ] Application time: 1.0012766 seconds
[2023-10-19T21:26:16.689+0000][2851.210s][info ][safepoint     ] Entering safepoint region: Cleanup
[2023-10-19T21:26:16.690+0000][2851.210s][info ][safepoint     ] Leaving safepoint region
[2023-10-19T21:26:16.690+0000][2851.211s][info ][safepoint     ] Total time for which application threads were stopped: 0.0012695 seconds, Stopping threads took: 0.0005455 seconds
[2023-10-19T21:26:17.691+0000][2852.212s][debug][safepoint     ] Safepoint synchronization initiated. (177 threads)
[2023-10-19T21:26:17.692+0000][2852.213s][info ][safepoint     ] Application time: 1.0014150 seconds
[2023-10-19T21:26:17.693+0000][2852.214s][info ][safepoint     ] Entering safepoint region: Cleanup
[2023-10-19T21:26:17.694+0000][2852.215s][info ][safepoint     ] Leaving safepoint region
[2023-10-19T21:26:17.695+0000][2852.215s][info ][safepoint     ] Total time for which application threads were stopped: 0.0018354 seconds, Stopping threads took: 0.0007162 seconds
[2023-10-19T21:26:18.696+0000][2853.217s][debug][safepoint     ] Safepoint synchronization initiated. (177 threads)
[2023-10-19T21:26:18.697+0000][2853.218s][info ][safepoint     ] Application time: 1.0013920 seconds
[2023-10-19T21:26:18.698+0000][2853.218s][info ][safepoint     ] Entering safepoint region: Cleanup
[2023-10-19T21:26:18.699+0000][2853.219s][info ][safepoint     ] Leaving safepoint region
[2023-10-19T21:26:18.699+0000][2853.220s][info ][safepoint     ] Total time for which application threads were stopped: 0.0014427 seconds, Stopping threads took: 0.0007026 seconds
[2023-10-19T21:26:19.700+0000][2854.221s][debug][safepoint     ] Safepoint synchronization initiated. (177 threads)
[2023-10-19T21:26:19.701+0000][2854.222s][info ][safepoint     ] Application time: 1.0015174 seconds
[2023-10-19T21:26:19.702+0000][2854.223s][info ][safepoint     ] Entering safepoint region: Cleanup
[2023-10-19T21:26:19.703+0000][2854.224s][info ][safepoint     ] Leaving safepoint region
[2023-10-19T21:26:19.704+0000][2854.225s][info ][safepoint     ] Total time for which application threads were stopped: 0.0019150 seconds, Stopping threads took: 0.0008826 seconds
[2023-10-19T21:26:20.705+0000][2855.226s][debug][safepoint     ] Safepoint synchronization initiated. (177 threads)
[2023-10-19T21:26:20.707+0000][2855.227s][info ][safepoint     ] Application time: 1.0016464 seconds
[2023-10-19T21:26:20.707+0000][2855.228s][info ][safepoint     ] Entering safepoint region: Cleanup
[2023-10-19T21:26:20.708+0000][2855.229s][info ][safepoint     ] Leaving safepoint region
[2023-10-19T21:26:20.709+0000][2855.230s][info ][safepoint     ] Total time for which application threads were stopped: 0.0018415 seconds, Stopping threads took: 0.0007346 seconds
[2023-10-19T21:26:21.710+0000][2856.231s][debug][safepoint     ] Safepoint synchronization initiated. (177 threads)
[2023-10-19T21:26:21.711+0000][2856.232s][info ][safepoint     ] Application time: 1.0008693 seconds
[2023-10-19T21:26:21.712+0000][2856.232s][info ][safepoint     ] Entering safepoint region: Cleanup
[2023-10-19T21:26:21.712+0000][2856.233s][info ][safepoint     ] Leaving safepoint region
[2023-10-19T21:26:21.713+0000][2856.233s][info ][safepoint     ] Total time for which application threads were stopped: 0.0010035 seconds, Stopping threads took: 0.0005136 seconds
[2023-10-19T21:26:22.713+0000][2857.234s][debug][safepoint     ] Safepoint synchronization initiated. (177 threads)
[2023-10-19T21:26:22.714+0000][2857.235s][info ][safepoint     ] Application time: 1.0014495 seconds
[2023-10-19T21:26:22.715+0000][2857.236s][debug][safepoint     ] ... found polling page loop exception at pc = 0x00007fbdb12cd5e6, stub =0x00007fbda8843680
[2023-10-19T21:26:22.716+0000][2857.237s][debug][safepoint     ] Waiting for 1 thread(s) to block
[2023-10-19T21:26:22.717+0000][2857.238s][info ][safepoint     ] Entering safepoint region: Cleanup
[2023-10-19T21:26:22.719+0000][2857.239s][info ][safepoint     ] Leaving safepoint region
[2023-10-19T21:26:22.719+0000][2857.240s][info ][safepoint     ] Total time for which application threads were stopped: 0.0036827 seconds, Stopping threads took: 0.0027954 seconds
[2023-10-19T21:26:23.720+0000][2858.241s][debug][safepoint     ] Safepoint synchronization initiated. (177 threads)
[2023-10-19T21:26:23.721+0000][2858.242s][info ][safepoint     ] Application time: 1.0016235 seconds
[2023-10-19T21:26:23.722+0000][2858.243s][info ][safepoint     ] Entering safepoint region: Cleanup
[2023-10-19T21:26:23.724+0000][2858.244s][info ][safepoint     ] Leaving safepoint region
[2023-10-19T21:26:23.724+0000][2858.245s][info ][safepoint     ] Total time for which application threads were stopped: 0.0022610 seconds, Stopping threads took: 0.0009041 seconds
[2023-10-19T21:26:24.725+0000][2859.246s][debug][safepoint     ] Safepoint synchronization initiated. (177 threads)
[2023-10-19T21:26:24.726+0000][2859.247s][info ][safepoint     ] Application time: 1.0010999 seconds
[2023-10-19T21:26:24.727+0000][2859.248s][info ][safepoint     ] Entering safepoint region: Cleanup
[2023-10-19T21:26:24.728+0000][2859.248s][info ][safepoint     ] Leaving safepoint region
[2023-10-19T21:26:24.728+0000][2859.249s][info ][safepoint     ] Total time for which application threads were stopped: 0.0009886 seconds, Stopping threads took: 0.0004402 seconds
[2023-10-19T21:26:25.728+0000][2860.249s][debug][safepoint     ] Safepoint synchronization initiated. (177 threads)
[2023-10-19T21:26:25.729+0000][2860.250s][info ][safepoint     ] Application time: 1.0007780 seconds
[2023-10-19T21:26:25.730+0000][2860.250s][info ][safepoint     ] Entering safepoint region: Cleanup
[2023-10-19T21:26:25.730+0000][2860.251s][info ][safepoint     ] Leaving safepoint region
[2023-10-19T21:26:25.731+0000][2860.252s][info ][safepoint     ] Total time for which application threads were stopped: 0.0012861 seconds, Stopping threads took: 0.0005638 seconds
[2023-10-19T21:26:26.732+0000][2861.252s][debug][safepoint     ] Safepoint synchronization initiated. (177 threads)
[2023-10-19T21:26:26.733+0000][2861.254s][info ][safepoint     ] Application time: 1.0014069 seconds
[2023-10-19T21:26:26.734+0000][2861.255s][info ][safepoint     ] Entering safepoint region: Cleanup
[2023-10-19T21:26:26.735+0000][2861.256s][info ][safepoint     ] Leaving safepoint region
[2023-10-19T21:26:26.736+0000][2861.257s][info ][safepoint     ] Total time for which application threads were stopped: 0.0019847 seconds, Stopping threads took: 0.0008869 seconds
[2023-10-19T21:26:27.737+0000][2862.258s][debug][safepoint     ] Safepoint synchronization initiated. (177 threads)
[2023-10-19T21:26:27.737+0000][2862.258s][info ][safepoint     ] Application time: 1.0007436 seconds
[2023-10-19T21:26:27.738+0000][2862.259s][info ][safepoint     ] Entering safepoint region: Cleanup
[2023-10-19T21:26:27.739+0000][2862.259s][info ][safepoint     ] Leaving safepoint region
[2023-10-19T21:26:27.739+0000][2862.260s][info ][safepoint     ] Total time for which application threads were stopped: 0.0009510 seconds, Stopping threads took: 0.0004863 seconds
[2023-10-19T21:26:28.740+0000][2863.260s][debug][safepoint     ] Safepoint synchronization initiated. (177 threads)
[2023-10-19T21:26:28.741+0000][2863.262s][info ][safepoint     ] Application time: 1.0015236 seconds
[2023-10-19T21:26:28.742+0000][2863.263s][info ][safepoint     ] Entering safepoint region: Cleanup
[2023-10-19T21:26:28.743+0000][2863.264s][info ][safepoint     ] Leaving safepoint region
[2023-10-19T21:26:28.744+0000][2863.265s][info ][safepoint     ] Total time for which application threads were stopped: 0.0022735 seconds, Stopping threads took: 0.0010818 seconds
[2023-10-19T21:26:28.743+0000][2863.264s][debug][safepoint     ] ... found polling page return exception at pc = 0x00007fbdb0cb92c4, stub =0x00007fbda8840600
[2023-10-19T21:26:28.743+0000][2863.264s][debug][safepoint     ] ... found polling page return exception at pc = 0x00007fbdb0cb92c4, stub =0x00007fbda8840600
[2023-10-19T21:26:28.744+0000][2863.264s][debug][safepoint     ] ... found polling page return exception at pc = 0x00007fbdb0cb92c4, stub =0x00007fbda8840600
[2023-10-19T21:26:28.743+0000][2863.264s][debug][safepoint     ] ... found polling page return exception at pc = 0x00007fbdb0cb92c4, stub =0x00007fbda8840600
[2023-10-19T21:26:29.745+0000][2864.266s][debug][safepoint     ] Safepoint synchronization initiated. (177 threads)
[2023-10-19T21:26:29.746+0000][2864.267s][info ][safepoint     ] Application time: 1.0012113 seconds
[2023-10-19T21:26:29.747+0000][2864.268s][info ][safepoint     ] Entering safepoint region: Cleanup
[2023-10-19T21:26:29.748+0000][2864.269s][info ][safepoint     ] Leaving safepoint region
[2023-10-19T21:26:29.749+0000][2864.270s][info ][safepoint     ] Total time for which application threads were stopped: 0.0019394 seconds, Stopping threads took: 0.0008628 seconds
[2023-10-19T21:26:30.750+0000][2865.271s][debug][safepoint     ] Safepoint synchronization initiated. (177 threads)
[2023-10-19T21:26:30.751+0000][2865.271s][info ][safepoint     ] Application time: 1.0010723 seconds
[2023-10-19T21:26:30.751+0000][2865.272s][info ][safepoint     ] Entering safepoint region: Cleanup
[2023-10-19T21:26:30.752+0000][2865.273s][info ][safepoint     ] Leaving safepoint region
[2023-10-19T21:26:30.753+0000][2865.274s][info ][safepoint     ] Total time for which application threads were stopped: 0.0016336 seconds, Stopping threads took: 0.0007148 seconds
[2023-10-19T21:26:31.754+0000][2866.274s][debug][safepoint     ] Safepoint synchronization initiated. (177 threads)
[2023-10-19T21:26:31.754+0000][2866.275s][info ][safepoint     ] Application time: 1.0009243 seconds
[2023-10-19T21:26:31.755+0000][2866.276s][info ][safepoint     ] Entering safepoint region: Cleanup
[2023-10-19T21:26:31.756+0000][2866.276s][info ][safepoint     ] Leaving safepoint region
[2023-10-19T21:26:31.756+0000][2866.277s][info ][safepoint     ] Total time for which application threads were stopped: 0.0013746 seconds, Stopping threads took: 0.0004966 seconds
[2023-10-19T21:26:32.757+0000][2867.278s][debug][safepoint     ] Safepoint synchronization initiated. (177 threads)
[2023-10-19T21:26:32.758+0000][2867.279s][info ][safepoint     ] Application time: 1.0010467 seconds
[2023-10-19T21:26:32.759+0000][2867.279s][info ][safepoint     ] Entering safepoint region: Cleanup
[2023-10-19T21:26:32.760+0000][2867.281s][info ][safepoint     ] Leaving safepoint region
[2023-10-19T21:26:32.761+0000][2867.281s][info ][safepoint     ] Total time for which application threads were stopped: 0.0019419 seconds, Stopping threads took: 0.0009184 seconds
[2023-10-19T21:26:33.762+0000][2868.282s][debug][safepoint     ] Safepoint synchronization initiated. (177 threads)
[2023-10-19T21:26:33.763+0000][2868.283s][info ][safepoint     ] Application time: 1.0013056 seconds
[2023-10-19T21:26:33.764+0000][2868.284s][info ][safepoint     ] Entering safepoint region: Cleanup
[2023-10-19T21:26:33.765+0000][2868.286s][info ][safepoint     ] Leaving safepoint region
[2023-10-19T21:26:33.766+0000][2868.287s][info ][safepoint     ] Total time for which application threads were stopped: 0.0022367 seconds, Stopping threads took: 0.0010158 seconds
[2023-10-19T21:26:34.767+0000][2869.288s][debug][safepoint     ] Safepoint synchronization initiated. (177 threads)
[2023-10-19T21:26:34.768+0000][2869.288s][info ][safepoint     ] Application time: 1.0010256 seconds
[2023-10-19T21:26:34.769+0000][2869.289s][info ][safepoint     ] Entering safepoint region: Cleanup
[2023-10-19T21:26:34.769+0000][2869.290s][info ][safepoint     ] Leaving safepoint region
[2023-10-19T21:26:34.770+0000][2869.291s][info ][safepoint     ] Total time for which application threads were stopped: 0.0014398 seconds, Stopping threads took: 0.0006657 seconds
[2023-10-19T21:26:35.771+0000][2870.292s][debug][safepoint     ] Safepoint synchronization initiated. (177 threads)
[2023-10-19T21:26:35.772+0000][2870.293s][info ][safepoint     ] Application time: 1.0015102 seconds
[2023-10-19T21:26:35.773+0000][2870.294s][info ][safepoint     ] Entering safepoint region: Cleanup
[2023-10-19T21:26:35.774+0000][2870.295s][info ][safepoint     ] Leaving safepoint region
[2023-10-19T21:26:35.775+0000][2870.296s][info ][safepoint     ] Total time for which application threads were stopped: 0.0019161 seconds, Stopping threads took: 0.0009612 seconds
[2023-10-19T21:26:36.776+0000][2871.296s][debug][safepoint     ] Safepoint synchronization initiated. (177 threads)
[2023-10-19T21:26:36.777+0000][2871.297s][info ][safepoint     ] Application time: 1.0011269 seconds
[2023-10-19T21:26:36.778+0000][2871.298s][info ][safepoint     ] Entering safepoint region: Cleanup
[2023-10-19T21:26:36.779+0000][2871.299s][info ][safepoint     ] Leaving safepoint region
[2023-10-19T21:26:36.779+0000][2871.300s][info ][safepoint     ] Total time for which application threads were stopped: 0.0018553 seconds, Stopping threads took: 0.0008762 seconds
[2023-10-19T21:26:37.780+0000][2872.301s][debug][safepoint     ] Safepoint synchronization initiated. (177 threads)
[2023-10-19T21:26:37.781+0000][2872.302s][info ][safepoint     ] Application time: 1.0011758 seconds
[2023-10-19T21:26:37.782+0000][2872.303s][info ][safepoint     ] Entering safepoint region: Cleanup
[2023-10-19T21:26:37.783+0000][2872.304s][info ][safepoint     ] Leaving safepoint region
[2023-10-19T21:26:37.784+0000][2872.304s][info ][safepoint     ] Total time for which application threads were stopped: 0.0014812 seconds, Stopping threads took: 0.0007331 seconds
[2023-10-19T21:26:38.784+0000][2873.305s][debug][safepoint     ] Safepoint synchronization initiated. (177 threads)
[2023-10-19T21:26:38.785+0000][2873.306s][info ][safepoint     ] Application time: 1.0011886 seconds
[2023-10-19T21:26:38.786+0000][2873.307s][info ][safepoint     ] Entering safepoint region: Cleanup
[2023-10-19T21:26:38.788+0000][2873.308s][info ][safepoint     ] Leaving safepoint region
[2023-10-19T21:26:38.788+0000][2873.309s][info ][safepoint     ] Total time for which application threads were stopped: 0.0019851 seconds, Stopping threads took: 0.0009693 seconds
[2023-10-19T21:26:39.789+0000][2874.310s][debug][safepoint     ] Safepoint synchronization initiated. (177 threads)
[2023-10-19T21:26:39.790+0000][2874.311s][info ][safepoint     ] Application time: 1.0012367 seconds
[2023-10-19T21:26:39.791+0000][2874.312s][info ][safepoint     ] Entering safepoint region: Cleanup
[2023-10-19T21:26:39.792+0000][2874.313s][info ][safepoint     ] Leaving safepoint region
[2023-10-19T21:26:39.793+0000][2874.314s][info ][safepoint     ] Total time for which application threads were stopped: 0.0019109 seconds, Stopping threads took: 0.0008579 seconds
[2023-10-19T21:26:40.794+0000][2875.315s][debug][safepoint     ] Safepoint synchronization initiated. (177 threads)
[2023-10-19T21:26:40.795+0000][2875.315s][info ][safepoint     ] Application time: 1.0011119 seconds
[2023-10-19T21:26:40.796+0000][2875.316s][info ][safepoint     ] Entering safepoint region: Cleanup
[2023-10-19T21:26:40.797+0000][2875.318s][info ][safepoint     ] Leaving safepoint region
[2023-10-19T21:26:40.798+0000][2875.318s][info ][safepoint     ] Total time for which application threads were stopped: 0.0019864 seconds, Stopping threads took: 0.0009602 seconds
[2023-10-19T21:26:41.799+0000][2876.319s][debug][safepoint     ] Safepoint synchronization initiated. (177 threads)
[2023-10-19T21:26:41.799+0000][2876.320s][info ][safepoint     ] Application time: 1.0010874 seconds
[2023-10-19T21:26:41.800+0000][2876.321s][info ][safepoint     ] Entering safepoint region: Cleanup
[2023-10-19T21:26:41.801+0000][2876.322s][info ][safepoint     ] Leaving safepoint region
[2023-10-19T21:26:41.802+0000][2876.322s][info ][safepoint     ] Total time for which application threads were stopped: 0.0015521 seconds, Stopping threads took: 0.0006001 seconds
[2023-10-19T21:26:42.803+0000][2877.323s][debug][safepoint     ] Safepoint synchronization initiated. (177 threads)
[2023-10-19T21:26:42.804+0000][2877.324s][info ][safepoint     ] Application time: 1.0015102 seconds
[2023-10-19T21:26:42.805+0000][2877.326s][info ][safepoint     ] Entering safepoint region: Cleanup
[2023-10-19T21:26:42.806+0000][2877.327s][info ][safepoint     ] Leaving safepoint region
[2023-10-19T21:26:42.807+0000][2877.328s][info ][safepoint     ] Total time for which application threads were stopped: 0.0021669 seconds, Stopping threads took: 0.0008858 seconds
[2023-10-19T21:26:43.808+0000][2878.329s][debug][safepoint     ] Safepoint synchronization initiated. (177 threads)
[2023-10-19T21:26:43.809+0000][2878.329s][info ][safepoint     ] Application time: 1.0008051 seconds
[2023-10-19T21:26:43.809+0000][2878.330s][info ][safepoint     ] Entering safepoint region: Cleanup
[2023-10-19T21:26:43.810+0000][2878.330s][info ][safepoint     ] Leaving safepoint region
[2023-10-19T21:26:43.810+0000][2878.331s][info ][safepoint     ] Total time for which application threads were stopped: 0.0010430 seconds, Stopping threads took: 0.0004005 seconds
[2023-10-19T21:26:44.811+0000][2879.331s][debug][safepoint     ] Safepoint synchronization initiated. (177 threads)
[2023-10-19T21:26:44.811+0000][2879.332s][info ][safepoint     ] Application time: 1.0007145 seconds
[2023-10-19T21:26:44.812+0000][2879.332s][info ][safepoint     ] Entering safepoint region: Cleanup
[2023-10-19T21:26:44.813+0000][2879.333s][info ][safepoint     ] Leaving safepoint region
[2023-10-19T21:26:44.813+0000][2879.334s][info ][safepoint     ] Total time for which application threads were stopped: 0.0011437 seconds, Stopping threads took: 0.0005138 seconds
[2023-10-19T21:26:45.814+0000][2880.334s][debug][safepoint     ] Safepoint synchronization initiated. (177 threads)
[2023-10-19T21:26:45.814+0000][2880.335s][info ][safepoint     ] Application time: 1.0007270 seconds
[2023-10-19T21:26:45.815+0000][2880.335s][info ][safepoint     ] Entering safepoint region: Cleanup
[2023-10-19T21:26:45.815+0000][2880.336s][info ][safepoint     ] Leaving safepoint region
[2023-10-19T21:26:45.816+0000][2880.336s][info ][safepoint     ] Total time for which application threads were stopped: 0.0009738 seconds, Stopping threads took: 0.0004344 seconds
[2023-10-19T21:26:46.816+0000][2881.337s][debug][safepoint     ] Safepoint synchronization initiated. (177 threads)
[2023-10-19T21:26:46.817+0000][2881.337s][info ][safepoint     ] Application time: 1.0007939 seconds
[2023-10-19T21:26:46.818+0000][2881.338s][info ][safepoint     ] Entering safepoint region: Cleanup
[2023-10-19T21:26:46.819+0000][2881.340s][info ][safepoint     ] Leaving safepoint region
[2023-10-19T21:26:46.820+0000][2881.340s][info ][safepoint     ] Total time for which application threads were stopped: 0.0023302 seconds, Stopping threads took: 0.0012568 seconds
[2023-10-19T21:26:47.820+0000][2882.341s][debug][safepoint     ] Safepoint synchronization initiated. (177 threads)
[2023-10-19T21:26:47.821+0000][2882.342s][info ][safepoint     ] Application time: 1.0012937 seconds
[2023-10-19T21:26:47.822+0000][2882.343s][info ][safepoint     ] Entering safepoint region: Cleanup
[2023-10-19T21:26:47.823+0000][2882.344s][info ][safepoint     ] Leaving safepoint region
[2023-10-19T21:26:47.824+0000][2882.345s][info ][safepoint     ] Total time for which application threads were stopped: 0.0020826 seconds, Stopping threads took: 0.0008971 seconds
[2023-10-19T21:26:48.825+0000][2883.346s][debug][safepoint     ] Safepoint synchronization initiated. (177 threads)
[2023-10-19T21:26:48.826+0000][2883.346s][info ][safepoint     ] Application time: 1.0006925 seconds
[2023-10-19T21:26:48.826+0000][2883.347s][info ][safepoint     ] Entering safepoint region: Cleanup
[2023-10-19T21:26:48.827+0000][2883.348s][info ][safepoint     ] Leaving safepoint region
[2023-10-19T21:26:48.828+0000][2883.348s][info ][safepoint     ] Total time for which application threads were stopped: 0.0012658 seconds, Stopping threads took: 0.0004635 seconds
[2023-10-19T21:26:49.828+0000][2884.349s][debug][safepoint     ] Safepoint synchronization initiated. (177 threads)
[2023-10-19T21:26:49.829+0000][2884.350s][info ][safepoint     ] Application time: 1.0010991 seconds
[2023-10-19T21:26:49.830+0000][2884.350s][info ][safepoint     ] Entering safepoint region: Cleanup
[2023-10-19T21:26:49.831+0000][2884.351s][info ][safepoint     ] Leaving safepoint region
[2023-10-19T21:26:49.831+0000][2884.352s][info ][safepoint     ] Total time for which application threads were stopped: 0.0017733 seconds, Stopping threads took: 0.0007866 seconds
[2023-10-19T21:26:50.832+0000][2885.353s][debug][safepoint     ] Safepoint synchronization initiated. (177 threads)
[2023-10-19T21:26:50.833+0000][2885.354s][info ][safepoint     ] Application time: 1.0010417 seconds
[2023-10-19T21:26:50.834+0000][2885.354s][info ][safepoint     ] Entering safepoint region: Cleanup
[2023-10-19T21:26:50.834+0000][2885.355s][info ][safepoint     ] Leaving safepoint region
[2023-10-19T21:26:50.835+0000][2885.356s][info ][safepoint     ] Total time for which application threads were stopped: 0.0013556 seconds, Stopping threads took: 0.0006256 seconds
[2023-10-19T21:26:51.836+0000][2886.356s][debug][safepoint     ] Safepoint synchronization initiated. (177 threads)
[2023-10-19T21:26:51.836+0000][2886.357s][info ][safepoint     ] Application time: 1.0009306 seconds
[2023-10-19T21:26:51.837+0000][2886.358s][info ][safepoint     ] Entering safepoint region: Cleanup
[2023-10-19T21:26:51.837+0000][2886.358s][info ][safepoint     ] Leaving safepoint region
[2023-10-19T21:26:51.838+0000][2886.358s][info ][safepoint     ] Total time for which application threads were stopped: 0.0009584 seconds, Stopping threads took: 0.0004778 seconds
[2023-10-19T21:26:52.838+0000][2887.359s][debug][safepoint     ] Safepoint synchronization initiated. (177 threads)
[2023-10-19T21:26:52.839+0000][2887.359s][info ][safepoint     ] Application time: 1.0005907 seconds
[2023-10-19T21:26:52.839+0000][2887.360s][info ][safepoint     ] Entering safepoint region: Cleanup
[2023-10-19T21:26:52.840+0000][2887.360s][info ][safepoint     ] Leaving safepoint region
[2023-10-19T21:26:52.840+0000][2887.361s][info ][safepoint     ] Total time for which application threads were stopped: 0.0008644 seconds, Stopping threads took: 0.0003578 seconds
[2023-10-19T21:26:53.841+0000][2888.361s][debug][safepoint     ] Safepoint synchronization initiated. (177 threads)
[2023-10-19T21:26:53.842+0000][2888.362s][info ][safepoint     ] Application time: 1.0012326 seconds
[2023-10-19T21:26:53.842+0000][2888.363s][info ][safepoint     ] Entering safepoint region: Cleanup
[2023-10-19T21:26:53.843+0000][2888.364s][info ][safepoint     ] Leaving safepoint region
[2023-10-19T21:26:53.844+0000][2888.365s][info ][safepoint     ] Total time for which application threads were stopped: 0.0018869 seconds, Stopping threads took: 0.0008031 seconds
[2023-10-19T21:26:54.845+0000][2889.366s][debug][safepoint     ] Safepoint synchronization initiated. (177 threads)
[2023-10-19T21:26:54.846+0000][2889.366s][info ][safepoint     ] Application time: 1.0010178 seconds
[2023-10-19T21:26:54.847+0000][2889.367s][info ][safepoint     ] Entering safepoint region: Cleanup
[2023-10-19T21:26:54.848+0000][2889.369s][info ][safepoint     ] Leaving safepoint region
[2023-10-19T21:26:54.849+0000][2889.369s][info ][safepoint     ] Total time for which application threads were stopped: 0.0019534 seconds, Stopping threads took: 0.0009064 seconds
[2023-10-19T21:26:55.850+0000][2890.370s][debug][safepoint     ] Safepoint synchronization initiated. (177 threads)
[2023-10-19T21:26:55.850+0000][2890.371s][info ][safepoint     ] Application time: 1.0005539 seconds
[2023-10-19T21:26:55.850+0000][2890.371s][info ][safepoint     ] Entering safepoint region: Cleanup
[2023-10-19T21:26:55.851+0000][2890.372s][info ][safepoint     ] Leaving safepoint region
[2023-10-19T21:26:55.851+0000][2890.372s][info ][safepoint     ] Total time for which application threads were stopped: 0.0011661 seconds, Stopping threads took: 0.0006649 seconds
[2023-10-19T21:26:56.852+0000][2891.373s][debug][safepoint     ] Safepoint synchronization initiated. (177 threads)
[2023-10-19T21:26:56.853+0000][2891.374s][info ][safepoint     ] Application time: 1.0013512 seconds
[2023-10-19T21:26:56.854+0000][2891.374s][info ][safepoint     ] Entering safepoint region: Cleanup
[2023-10-19T21:26:56.854+0000][2891.375s][info ][safepoint     ] Leaving safepoint region
[2023-10-19T21:26:56.855+0000][2891.375s][info ][safepoint     ] Total time for which application threads were stopped: 0.0012616 seconds, Stopping threads took: 0.0005896 seconds
[2023-10-19T21:26:57.856+0000][2892.376s][debug][safepoint     ] Safepoint synchronization initiated. (177 threads)
[2023-10-19T21:26:57.856+0000][2892.377s][info ][safepoint     ] Application time: 1.0007404 seconds
[2023-10-19T21:26:57.857+0000][2892.377s][info ][safepoint     ] Entering safepoint region: Cleanup
[2023-10-19T21:26:57.857+0000][2892.378s][info ][safepoint     ] Leaving safepoint region
[2023-10-19T21:26:57.858+0000][2892.378s][info ][safepoint     ] Total time for which application threads were stopped: 0.0011737 seconds, Stopping threads took: 0.0005168 seconds
[2023-10-19T21:26:58.858+0000][2893.379s][debug][safepoint     ] Safepoint synchronization initiated. (177 threads)
[2023-10-19T21:26:58.859+0000][2893.380s][info ][safepoint     ] Application time: 1.0010031 seconds
[2023-10-19T21:26:58.860+0000][2893.381s][info ][safepoint     ] Entering safepoint region: Cleanup
[2023-10-19T21:26:58.861+0000][2893.382s][info ][safepoint     ] Leaving safepoint region
[2023-10-19T21:26:58.862+0000][2893.382s][info ][safepoint     ] Total time for which application threads were stopped: 0.0017722 seconds, Stopping threads took: 0.0008216 seconds
[2023-10-19T21:26:59.863+0000][2894.383s][debug][safepoint     ] Safepoint synchronization initiated. (177 threads)
[2023-10-19T21:26:59.864+0000][2894.384s][info ][safepoint     ] Application time: 1.0013379 seconds
[2023-10-19T21:26:59.865+0000][2894.385s][info ][safepoint     ] Entering safepoint region: Cleanup
[2023-10-19T21:26:59.865+0000][2894.386s][info ][safepoint     ] Leaving safepoint region
[2023-10-19T21:26:59.866+0000][2894.387s][info ][safepoint     ] Total time for which application threads were stopped: 0.0017790 seconds, Stopping threads took: 0.0007458 seconds
[2023-10-19T21:27:00.867+0000][2895.388s][debug][safepoint     ] Safepoint synchronization initiated. (177 threads)
[2023-10-19T21:27:00.868+0000][2895.389s][info ][safepoint     ] Application time: 1.0011506 seconds
[2023-10-19T21:27:00.869+0000][2895.390s][info ][safepoint     ] Entering safepoint region: Cleanup
[2023-10-19T21:27:00.870+0000][2895.391s][info ][safepoint     ] Leaving safepoint region
[2023-10-19T21:27:00.871+0000][2895.391s][info ][safepoint     ] Total time for which application threads were stopped: 0.0016785 seconds, Stopping threads took: 0.0007077 seconds
[2023-10-19T21:27:01.872+0000][2896.392s][debug][safepoint     ] Safepoint synchronization initiated. (177 threads)
[2023-10-19T21:27:01.873+0000][2896.393s][info ][safepoint     ] Application time: 1.0014883 seconds
[2023-10-19T21:27:01.874+0000][2896.394s][info ][safepoint     ] Entering safepoint region: Cleanup
[2023-10-19T21:27:01.875+0000][2896.396s][info ][safepoint     ] Leaving safepoint region
[2023-10-19T21:27:01.876+0000][2896.396s][info ][safepoint     ] Total time for which application threads were stopped: 0.0020164 seconds, Stopping threads took: 0.0009606 seconds
[2023-10-19T21:27:02.877+0000][2897.397s][debug][safepoint     ] Safepoint synchronization initiated. (177 threads)
[2023-10-19T21:27:02.877+0000][2897.398s][info ][safepoint     ] Application time: 1.0008858 seconds
[2023-10-19T21:27:02.878+0000][2897.399s][info ][safepoint     ] Entering safepoint region: Cleanup
[2023-10-19T21:27:02.879+0000][2897.399s][info ][safepoint     ] Leaving safepoint region
[2023-10-19T21:27:02.879+0000][2897.400s][info ][safepoint     ] Total time for which application threads were stopped: 0.0013583 seconds, Stopping threads took: 0.0006040 seconds
[2023-10-19T21:27:03.880+0000][2898.401s][debug][safepoint     ] Safepoint synchronization initiated. (177 threads)
[2023-10-19T21:27:03.881+0000][2898.401s][info ][safepoint     ] Application time: 1.0008556 seconds
[2023-10-19T21:27:03.881+0000][2898.402s][info ][safepoint     ] Entering safepoint region: Cleanup
[2023-10-19T21:27:03.882+0000][2898.402s][info ][safepoint     ] Leaving safepoint region
[2023-10-19T21:27:03.882+0000][2898.403s][info ][safepoint     ] Total time for which application threads were stopped: 0.0010370 seconds, Stopping threads took: 0.0004892 seconds
[2023-10-19T21:27:04.883+0000][2899.403s][debug][safepoint     ] Safepoint synchronization initiated. (177 threads)
[2023-10-19T21:27:04.884+0000][2899.405s][info ][safepoint     ] Application time: 1.0014974 seconds
[2023-10-19T21:27:04.885+0000][2899.406s][info ][safepoint     ] Entering safepoint region: Cleanup
[2023-10-19T21:27:04.887+0000][2899.407s][info ][safepoint     ] Leaving safepoint region
[2023-10-19T21:27:04.887+0000][2899.408s][info ][safepoint     ] Total time for which application threads were stopped: 0.0023279 seconds, Stopping threads took: 0.0011557 seconds
[2023-10-19T21:27:05.888+0000][2900.409s][debug][safepoint     ] Safepoint synchronization initiated. (177 threads)
[2023-10-19T21:27:05.889+0000][2900.410s][info ][safepoint     ] Application time: 1.0009674 seconds
[2023-10-19T21:27:05.890+0000][2900.410s][info ][safepoint     ] Entering safepoint region: Cleanup
[2023-10-19T21:27:05.890+0000][2900.411s][info ][safepoint     ] Leaving safepoint region
[2023-10-19T21:27:05.891+0000][2900.411s][info ][safepoint     ] Total time for which application threads were stopped: 0.0012600 seconds, Stopping threads took: 0.0005677 seconds
[2023-10-19T21:27:06.892+0000][2901.412s][debug][safepoint     ] Safepoint synchronization initiated. (177 threads)
[2023-10-19T21:27:06.893+0000][2901.413s][info ][safepoint     ] Application time: 1.0013187 seconds
[2023-10-19T21:27:06.894+0000][2901.414s][info ][safepoint     ] Entering safepoint region: Cleanup
[2023-10-19T21:27:06.895+0000][2901.416s][info ][safepoint     ] Leaving safepoint region
[2023-10-19T21:27:06.896+0000][2901.417s][info ][safepoint     ] Total time for which application threads were stopped: 0.0025252 seconds, Stopping threads took: 0.0010794 seconds
[2023-10-19T21:27:07.897+0000][2902.418s][debug][safepoint     ] Safepoint synchronization initiated. (177 threads)
[2023-10-19T21:27:07.898+0000][2902.418s][info ][safepoint     ] Application time: 1.0007842 seconds
[2023-10-19T21:27:07.898+0000][2902.419s][info ][safepoint     ] Entering safepoint region: Cleanup
[2023-10-19T21:27:07.899+0000][2902.420s][info ][safepoint     ] Leaving safepoint region
[2023-10-19T21:27:07.900+0000][2902.420s][info ][safepoint     ] Total time for which application threads were stopped: 0.0014322 seconds, Stopping threads took: 0.0006094 seconds
[2023-10-19T21:27:08.900+0000][2903.421s][debug][safepoint     ] Safepoint synchronization initiated. (177 threads)
[2023-10-19T21:27:08.901+0000][2903.422s][info ][safepoint     ] Application time: 1.0008748 seconds
[2023-10-19T21:27:08.902+0000][2903.422s][info ][safepoint     ] Entering safepoint region: Cleanup
[2023-10-19T21:27:08.902+0000][2903.423s][info ][safepoint     ] Leaving safepoint region
[2023-10-19T21:27:08.903+0000][2903.423s][info ][safepoint     ] Total time for which application threads were stopped: 0.0012078 seconds, Stopping threads took: 0.0005487 seconds
[2023-10-19T21:27:09.903+0000][2904.424s][debug][safepoint     ] Safepoint synchronization initiated. (177 threads)
[2023-10-19T21:27:09.904+0000][2904.425s][info ][safepoint     ] Application time: 1.0009702 seconds
[2023-10-19T21:27:09.905+0000][2904.425s][info ][safepoint     ] Entering safepoint region: Cleanup
[2023-10-19T21:27:09.905+0000][2904.426s][info ][safepoint     ] Leaving safepoint region
[2023-10-19T21:27:09.906+0000][2904.426s][info ][safepoint     ] Total time for which application threads were stopped: 0.0010892 seconds, Stopping threads took: 0.0004540 seconds
[2023-10-19T21:27:10.906+0000][2905.427s][debug][safepoint     ] Safepoint synchronization initiated. (177 threads)
[2023-10-19T21:27:10.907+0000][2905.427s][info ][safepoint     ] Application time: 1.0006738 seconds
[2023-10-19T21:27:10.907+0000][2905.428s][info ][safepoint     ] Entering safepoint region: Cleanup
[2023-10-19T21:27:10.908+0000][2905.428s][info ][safepoint     ] Leaving safepoint region
[2023-10-19T21:27:10.908+0000][2905.429s][info ][safepoint     ] Total time for which application threads were stopped: 0.0008328 seconds, Stopping threads took: 0.0003309 seconds
[2023-10-19T21:27:11.909+0000][2906.429s][debug][safepoint     ] Safepoint synchronization initiated. (177 threads)
[2023-10-19T21:27:11.909+0000][2906.430s][info ][safepoint     ] Application time: 1.0008910 seconds
[2023-10-19T21:27:11.910+0000][2906.431s][info ][safepoint     ] Entering safepoint region: Cleanup
[2023-10-19T21:27:11.911+0000][2906.431s][info ][safepoint     ] Leaving safepoint region
[2023-10-19T21:27:11.911+0000][2906.432s][info ][safepoint     ] Total time for which application threads were stopped: 0.0012260 seconds, Stopping threads took: 0.0004858 seconds
[2023-10-19T21:27:12.912+0000][2907.432s][debug][safepoint     ] Safepoint synchronization initiated. (177 threads)
[2023-10-19T21:27:12.912+0000][2907.433s][info ][safepoint     ] Application time: 1.0007475 seconds
[2023-10-19T21:27:12.913+0000][2907.433s][info ][safepoint     ] Entering safepoint region: Cleanup
[2023-10-19T21:27:12.914+0000][2907.434s][info ][safepoint     ] Leaving safepoint region
[2023-10-19T21:27:12.914+0000][2907.434s][info ][safepoint     ] Total time for which application threads were stopped: 0.0011425 seconds, Stopping threads took: 0.0004523 seconds
[2023-10-19T21:27:13.915+0000][2908.435s][debug][safepoint     ] Safepoint synchronization initiated. (177 threads)
[2023-10-19T21:27:13.916+0000][2908.436s][info ][safepoint     ] Application time: 1.0011773 seconds
[2023-10-19T21:27:13.917+0000][2908.437s][info ][safepoint     ] Entering safepoint region: Cleanup
[2023-10-19T21:27:13.918+0000][2908.438s][info ][safepoint     ] Leaving safepoint region
[2023-10-19T21:27:13.918+0000][2908.439s][info ][safepoint     ] Total time for which application threads were stopped: 0.0018246 seconds, Stopping threads took: 0.0008231 seconds
[2023-10-19T21:27:14.919+0000][2909.440s][debug][safepoint     ] Safepoint synchronization initiated. (177 threads)
[2023-10-19T21:27:14.921+0000][2909.441s][info ][safepoint     ] Application time: 1.0013961 seconds
[2023-10-19T21:27:14.922+0000][2909.442s][info ][safepoint     ] Entering safepoint region: Cleanup
[2023-10-19T21:27:14.923+0000][2909.443s][info ][safepoint     ] Leaving safepoint region
[2023-10-19T21:27:14.923+0000][2909.444s][info ][safepoint     ] Total time for which application threads were stopped: 0.0020345 seconds, Stopping threads took: 0.0009277 seconds
[2023-10-19T21:27:15.925+0000][2910.445s][debug][safepoint     ] Safepoint synchronization initiated. (177 threads)
[2023-10-19T21:27:15.925+0000][2910.446s][info ][safepoint     ] Application time: 1.0009993 seconds
[2023-10-19T21:27:15.926+0000][2910.446s][info ][safepoint     ] Entering safepoint region: Cleanup
[2023-10-19T21:27:15.927+0000][2910.447s][info ][safepoint     ] Leaving safepoint region
[2023-10-19T21:27:15.927+0000][2910.448s][info ][safepoint     ] Total time for which application threads were stopped: 0.0012330 seconds, Stopping threads took: 0.0005328 seconds
[2023-10-19T21:27:16.928+0000][2911.448s][debug][safepoint     ] Safepoint synchronization initiated. (177 threads)
[2023-10-19T21:27:16.929+0000][2911.450s][info ][safepoint     ] Application time: 1.0015042 seconds
[2023-10-19T21:27:16.930+0000][2911.451s][info ][safepoint     ] Entering safepoint region: Cleanup
[2023-10-19T21:27:16.931+0000][2911.452s][info ][safepoint     ] Leaving safepoint region
[2023-10-19T21:27:16.932+0000][2911.452s][info ][safepoint     ] Total time for which application threads were stopped: 0.0019927 seconds, Stopping threads took: 0.0009757 seconds
[2023-10-19T21:27:17.933+0000][2912.453s][debug][safepoint     ] Safepoint synchronization initiated. (177 threads)
[2023-10-19T21:27:17.933+0000][2912.454s][info ][safepoint     ] Application time: 1.0006959 seconds
[2023-10-19T21:27:17.934+0000][2912.454s][info ][safepoint     ] Entering safepoint region: Cleanup
[2023-10-19T21:27:17.934+0000][2912.455s][info ][safepoint     ] Leaving safepoint region
[2023-10-19T21:27:17.935+0000][2912.455s][info ][safepoint     ] Total time for which application threads were stopped: 0.0008069 seconds, Stopping threads took: 0.0003325 seconds
[2023-10-19T21:27:18.935+0000][2913.456s][debug][safepoint     ] Safepoint synchronization initiated. (177 threads)
[2023-10-19T21:27:18.936+0000][2913.457s][info ][safepoint     ] Application time: 1.0011495 seconds
[2023-10-19T21:27:18.937+0000][2913.457s][info ][safepoint     ] Entering safepoint region: Cleanup
[2023-10-19T21:27:18.938+0000][2913.459s][info ][safepoint     ] Leaving safepoint region
[2023-10-19T21:27:18.939+0000][2913.459s][info ][safepoint     ] Total time for which application threads were stopped: 0.0019700 seconds, Stopping threads took: 0.0009061 seconds
[2023-10-19T21:27:19.940+0000][2914.461s][debug][safepoint     ] Safepoint synchronization initiated. (177 threads)
[2023-10-19T21:27:19.941+0000][2914.462s][info ][safepoint     ] Application time: 1.0013498 seconds
[2023-10-19T21:27:19.942+0000][2914.463s][info ][safepoint     ] Entering safepoint region: Cleanup
[2023-10-19T21:27:19.943+0000][2914.464s][info ][safepoint     ] Leaving safepoint region
[2023-10-19T21:27:19.944+0000][2914.464s][info ][safepoint     ] Total time for which application threads were stopped: 0.0016882 seconds, Stopping threads took: 0.0007997 seconds
[2023-10-19T21:27:20.945+0000][2915.465s][debug][safepoint     ] Safepoint synchronization initiated. (177 threads)
[2023-10-19T21:27:20.946+0000][2915.466s][info ][safepoint     ] Application time: 1.0013286 seconds
[2023-10-19T21:27:20.947+0000][2915.467s][info ][safepoint     ] Entering safepoint region: Cleanup
[2023-10-19T21:27:20.948+0000][2915.468s][info ][safepoint     ] Leaving safepoint region
[2023-10-19T21:27:20.949+0000][2915.469s][info ][safepoint     ] Total time for which application threads were stopped: 0.0019848 seconds, Stopping threads took: 0.0008946 seconds
[2023-10-19T21:27:20.948+0000][2915.468s][debug][safepoint     ] ... found polling page return exception at pc = 0x00007fbdb0cb92c4, stub =0x00007fbda8840600
[2023-10-19T21:27:20.948+0000][2915.468s][debug][safepoint     ] ... found polling page return exception at pc = 0x00007fbdb0cb92c4, stub =0x00007fbda8840600
[2023-10-19T21:27:20.948+0000][2915.468s][debug][safepoint     ] ... found polling page return exception at pc = 0x00007fbdb0cb92c4, stub =0x00007fbda8840600
[2023-10-19T21:27:20.948+0000][2915.468s][debug][safepoint     ] ... found polling page return exception at pc = 0x00007fbdb0cb92c4, stub =0x00007fbda8840600
[2023-10-19T21:27:20.948+0000][2915.468s][debug][safepoint     ] ... found polling page return exception at pc = 0x00007fbdb0cb92c4, stub =0x00007fbda8840600
[2023-10-19T21:27:20.948+0000][2915.468s][debug][safepoint     ] ... found polling page return exception at pc = 0x00007fbdb0cb92c4, stub =0x00007fbda8840600
[2023-10-19T21:27:20.948+0000][2915.468s][debug][safepoint     ] ... found polling page return exception at pc = 0x00007fbdb0cb92c4, stub =0x00007fbda8840600
[2023-10-19T21:27:21.950+0000][2916.470s][debug][safepoint     ] Safepoint synchronization initiated. (177 threads)
[2023-10-19T21:27:21.951+0000][2916.471s][info ][safepoint     ] Application time: 1.0013788 seconds
[2023-10-19T21:27:21.952+0000][2916.472s][info ][safepoint     ] Entering safepoint region: Cleanup
[2023-10-19T21:27:21.953+0000][2916.473s][info ][safepoint     ] Leaving safepoint region
[2023-10-19T21:27:21.954+0000][2916.474s][info ][safepoint     ] Total time for which application threads were stopped: 0.0018965 seconds, Stopping threads took: 0.0008617 seconds
[2023-10-19T21:27:22.955+0000][2917.475s][debug][safepoint     ] Safepoint synchronization initiated. (177 threads)
[2023-10-19T21:27:22.956+0000][2917.476s][info ][safepoint     ] Application time: 1.0011200 seconds
[2023-10-19T21:27:22.956+0000][2917.477s][info ][safepoint     ] Entering safepoint region: Cleanup
[2023-10-19T21:27:22.957+0000][2917.478s][info ][safepoint     ] Leaving safepoint region
[2023-10-19T21:27:22.958+0000][2917.479s][info ][safepoint     ] Total time for which application threads were stopped: 0.0018574 seconds, Stopping threads took: 0.0007287 seconds
[2023-10-19T21:27:23.959+0000][2918.480s][debug][safepoint     ] Safepoint synchronization initiated. (177 threads)
[2023-10-19T21:27:23.960+0000][2918.481s][info ][safepoint     ] Application time: 1.0013660 seconds
[2023-10-19T21:27:23.961+0000][2918.482s][info ][safepoint     ] Entering safepoint region: Cleanup
[2023-10-19T21:27:23.962+0000][2918.483s][info ][safepoint     ] Leaving safepoint region
[2023-10-19T21:27:23.963+0000][2918.484s][info ][safepoint     ] Total time for which application threads were stopped: 0.0020106 seconds, Stopping threads took: 0.0009773 seconds
[2023-10-19T21:27:24.964+0000][2919.485s][debug][safepoint     ] Safepoint synchronization initiated. (177 threads)
[2023-10-19T21:27:24.965+0000][2919.486s][info ][safepoint     ] Application time: 1.0013805 seconds
[2023-10-19T21:27:24.966+0000][2919.487s][info ][safepoint     ] Entering safepoint region: Cleanup
[2023-10-19T21:27:24.968+0000][2919.488s][info ][safepoint     ] Leaving safepoint region
[2023-10-19T21:27:24.969+0000][2919.489s][info ][safepoint     ] Total time for which application threads were stopped: 0.0021358 seconds, Stopping threads took: 0.0009164 seconds
[2023-10-19T21:27:25.970+0000][2920.490s][debug][safepoint     ] Safepoint synchronization initiated. (177 threads)
[2023-10-19T21:27:25.970+0000][2920.491s][info ][safepoint     ] Application time: 1.0008338 seconds
[2023-10-19T21:27:25.971+0000][2920.491s][info ][safepoint     ] Entering safepoint region: Cleanup
[2023-10-19T21:27:25.971+0000][2920.492s][info ][safepoint     ] Leaving safepoint region
[2023-10-19T21:27:25.972+0000][2920.492s][info ][safepoint     ] Total time for which application threads were stopped: 0.0011696 seconds, Stopping threads took: 0.0004674 seconds
[2023-10-19T21:27:26.973+0000][2921.493s][debug][safepoint     ] Safepoint synchronization initiated. (177 threads)
[2023-10-19T21:27:26.974+0000][2921.494s][info ][safepoint     ] Application time: 1.0015136 seconds
[2023-10-19T21:27:26.975+0000][2921.496s][info ][safepoint     ] Entering safepoint region: Cleanup
[2023-10-19T21:27:26.977+0000][2921.498s][info ][safepoint     ] Leaving safepoint region
[2023-10-19T21:27:26.978+0000][2921.499s][info ][safepoint     ] Total time for which application threads were stopped: 0.0027193 seconds, Stopping threads took: 0.0014378 seconds
[2023-10-19T21:27:27.979+0000][2922.500s][debug][safepoint     ] Safepoint synchronization initiated. (177 threads)
[2023-10-19T21:27:27.980+0000][2922.501s][info ][safepoint     ] Application time: 1.0010466 seconds
[2023-10-19T21:27:27.981+0000][2922.501s][info ][safepoint     ] Entering safepoint region: Cleanup
[2023-10-19T21:27:27.982+0000][2922.502s][info ][safepoint     ] Leaving safepoint region
[2023-10-19T21:27:27.982+0000][2922.503s][info ][safepoint     ] Total time for which application threads were stopped: 0.0015401 seconds, Stopping threads took: 0.0006277 seconds
[2023-10-19T21:27:28.983+0000][2923.503s][debug][safepoint     ] Safepoint synchronization initiated. (177 threads)
[2023-10-19T21:27:28.983+0000][2923.504s][info ][safepoint     ] Application time: 1.0007070 seconds
[2023-10-19T21:27:28.984+0000][2923.504s][info ][safepoint     ] Entering safepoint region: Cleanup
[2023-10-19T21:27:28.985+0000][2923.505s][info ][safepoint     ] Leaving safepoint region
[2023-10-19T21:27:28.985+0000][2923.506s][info ][safepoint     ] Total time for which application threads were stopped: 0.0015099 seconds, Stopping threads took: 0.0004686 seconds
[2023-10-19T21:27:29.986+0000][2924.506s][debug][safepoint     ] Safepoint synchronization initiated. (177 threads)
[2023-10-19T21:27:29.987+0000][2924.507s][info ][safepoint     ] Application time: 1.0009868 seconds
[2023-10-19T21:27:29.988+0000][2924.508s][info ][safepoint     ] Entering safepoint region: Cleanup
[2023-10-19T21:27:29.988+0000][2924.509s][info ][safepoint     ] Leaving safepoint region
[2023-10-19T21:27:29.989+0000][2924.510s][info ][safepoint     ] Total time for which application threads were stopped: 0.0016306 seconds, Stopping threads took: 0.0007316 seconds
[2023-10-19T21:27:30.990+0000][2925.511s][debug][safepoint     ] Safepoint synchronization initiated. (177 threads)
[2023-10-19T21:27:30.991+0000][2925.512s][info ][safepoint     ] Application time: 1.0012885 seconds
[2023-10-19T21:27:30.992+0000][2925.512s][info ][safepoint     ] Entering safepoint region: Cleanup
[2023-10-19T21:27:30.993+0000][2925.513s][info ][safepoint     ] Leaving safepoint region
[2023-10-19T21:27:30.994+0000][2925.514s][info ][safepoint     ] Total time for which application threads were stopped: 0.0017187 seconds, Stopping threads took: 0.0007358 seconds
[2023-10-19T21:27:31.995+0000][2926.515s][debug][safepoint     ] Safepoint synchronization initiated. (177 threads)
[2023-10-19T21:27:31.995+0000][2926.516s][info ][safepoint     ] Application time: 1.0008252 seconds
[2023-10-19T21:27:31.996+0000][2926.516s][info ][safepoint     ] Entering safepoint region: Cleanup
[2023-10-19T21:27:31.997+0000][2926.517s][info ][safepoint     ] Leaving safepoint region
[2023-10-19T21:27:31.997+0000][2926.518s][info ][safepoint     ] Total time for which application threads were stopped: 0.0014765 seconds, Stopping threads took: 0.0007144 seconds
[2023-10-19T21:27:32.998+0000][2927.518s][debug][safepoint     ] Safepoint synchronization initiated. (177 threads)
[2023-10-19T21:27:32.999+0000][2927.519s][info ][safepoint     ] Application time: 1.0011703 seconds
[2023-10-19T21:27:33.000+0000][2927.520s][info ][safepoint     ] Entering safepoint region: Cleanup
[2023-10-19T21:27:33.001+0000][2927.521s][info ][safepoint     ] Leaving safepoint region
[2023-10-19T21:27:33.001+0000][2927.522s][info ][safepoint     ] Total time for which application threads were stopped: 0.0017615 seconds, Stopping threads took: 0.0007622 seconds
[2023-10-19T21:27:34.002+0000][2928.523s][debug][safepoint     ] Safepoint synchronization initiated. (177 threads)
[2023-10-19T21:27:34.003+0000][2928.523s][info ][safepoint     ] Application time: 1.0008699 seconds
[2023-10-19T21:27:34.003+0000][2928.524s][info ][safepoint     ] Entering safepoint region: Cleanup
[2023-10-19T21:27:34.004+0000][2928.525s][info ][safepoint     ] Leaving safepoint region
[2023-10-19T21:27:34.004+0000][2928.525s][info ][safepoint     ] Total time for which application threads were stopped: 0.0010341 seconds, Stopping threads took: 0.0005101 seconds
[2023-10-19T21:27:35.005+0000][2929.525s][debug][safepoint     ] Safepoint synchronization initiated. (177 threads)
[2023-10-19T21:27:35.006+0000][2929.526s][info ][safepoint     ] Application time: 1.0007403 seconds
[2023-10-19T21:27:35.006+0000][2929.527s][info ][safepoint     ] Entering safepoint region: Cleanup
[2023-10-19T21:27:35.007+0000][2929.527s][info ][safepoint     ] Leaving safepoint region
[2023-10-19T21:27:35.007+0000][2929.528s][info ][safepoint     ] Total time for which application threads were stopped: 0.0013000 seconds, Stopping threads took: 0.0005887 seconds
[2023-10-19T21:27:36.008+0000][2930.528s][debug][safepoint     ] Safepoint synchronization initiated. (177 threads)
[2023-10-19T21:27:36.009+0000][2930.529s][info ][safepoint     ] Application time: 1.0006843 seconds
[2023-10-19T21:27:36.009+0000][2930.529s][info ][safepoint     ] Entering safepoint region: Cleanup
[2023-10-19T21:27:36.010+0000][2930.530s][info ][safepoint     ] Leaving safepoint region
[2023-10-19T21:27:36.010+0000][2930.531s][info ][safepoint     ] Total time for which application threads were stopped: 0.0012259 seconds, Stopping threads took: 0.0006032 seconds
[2023-10-19T21:27:37.011+0000][2931.531s][debug][safepoint     ] Safepoint synchronization initiated. (177 threads)
[2023-10-19T21:27:37.011+0000][2931.532s][info ][safepoint     ] Application time: 1.0009271 seconds
[2023-10-19T21:27:37.012+0000][2931.533s][info ][safepoint     ] Entering safepoint region: Cleanup
[2023-10-19T21:27:37.013+0000][2931.533s][info ][safepoint     ] Leaving safepoint region
[2023-10-19T21:27:37.013+0000][2931.534s][info ][safepoint     ] Total time for which application threads were stopped: 0.0012686 seconds, Stopping threads took: 0.0005327 seconds
[2023-10-19T21:27:38.014+0000][2932.534s][debug][safepoint     ] Safepoint synchronization initiated. (177 threads)
[2023-10-19T21:27:38.014+0000][2932.535s][info ][safepoint     ] Application time: 1.0006559 seconds
[2023-10-19T21:27:38.015+0000][2932.535s][info ][safepoint     ] Entering safepoint region: Cleanup
[2023-10-19T21:27:38.015+0000][2932.536s][info ][safepoint     ] Leaving safepoint region
[2023-10-19T21:27:38.016+0000][2932.536s][info ][safepoint     ] Total time for which application threads were stopped: 0.0009499 seconds, Stopping threads took: 0.0003663 seconds
[2023-10-19T21:27:39.016+0000][2933.537s][debug][safepoint     ] Safepoint synchronization initiated. (177 threads)
[2023-10-19T21:27:39.017+0000][2933.538s][info ][safepoint     ] Application time: 1.0011536 seconds
[2023-10-19T21:27:39.018+0000][2933.539s][info ][safepoint     ] Entering safepoint region: Cleanup
[2023-10-19T21:27:39.019+0000][2933.539s][info ][safepoint     ] Leaving safepoint region
[2023-10-19T21:27:39.020+0000][2933.540s][info ][safepoint     ] Total time for which application threads were stopped: 0.0015161 seconds, Stopping threads took: 0.0006583 seconds
[2023-10-19T21:27:40.020+0000][2934.541s][debug][safepoint     ] Safepoint synchronization initiated. (177 threads)
[2023-10-19T21:27:40.021+0000][2934.541s][info ][safepoint     ] Application time: 1.0008320 seconds
[2023-10-19T21:27:40.021+0000][2934.542s][info ][safepoint     ] Entering safepoint region: Cleanup
[2023-10-19T21:27:40.022+0000][2934.543s][info ][safepoint     ] Leaving safepoint region
[2023-10-19T21:27:40.023+0000][2934.543s][info ][safepoint     ] Total time for which application threads were stopped: 0.0012410 seconds, Stopping threads took: 0.0005023 seconds
[2023-10-19T21:27:41.023+0000][2935.544s][debug][safepoint     ] Safepoint synchronization initiated. (177 threads)
[2023-10-19T21:27:41.024+0000][2935.545s][info ][safepoint     ] Application time: 1.0008353 seconds
[2023-10-19T21:27:41.025+0000][2935.545s][info ][safepoint     ] Entering safepoint region: Cleanup
[2023-10-19T21:27:41.025+0000][2935.546s][info ][safepoint     ] Leaving safepoint region
[2023-10-19T21:27:41.026+0000][2935.546s][info ][safepoint     ] Total time for which application threads were stopped: 0.0012455 seconds, Stopping threads took: 0.0005714 seconds
[2023-10-19T21:27:42.026+0000][2936.547s][debug][safepoint     ] Safepoint synchronization initiated. (177 threads)
[2023-10-19T21:27:42.027+0000][2936.548s][info ][safepoint     ] Application time: 1.0010914 seconds
[2023-10-19T21:27:42.028+0000][2936.549s][info ][safepoint     ] Entering safepoint region: Cleanup
[2023-10-19T21:27:42.029+0000][2936.549s][info ][safepoint     ] Leaving safepoint region
[2023-10-19T21:27:42.029+0000][2936.550s][info ][safepoint     ] Total time for which application threads were stopped: 0.0013759 seconds, Stopping threads took: 0.0004903 seconds
[2023-10-19T21:27:43.030+0000][2937.551s][debug][safepoint     ] Safepoint synchronization initiated. (177 threads)
[2023-10-19T21:27:43.031+0000][2937.551s][info ][safepoint     ] Application time: 1.0009218 seconds
[2023-10-19T21:27:43.031+0000][2937.552s][info ][safepoint     ] Entering safepoint region: Cleanup
[2023-10-19T21:27:43.032+0000][2937.553s][info ][safepoint     ] Leaving safepoint region
[2023-10-19T21:27:43.032+0000][2937.553s][info ][safepoint     ] Total time for which application threads were stopped: 0.0011801 seconds, Stopping threads took: 0.0005103 seconds
[2023-10-19T21:27:44.033+0000][2938.554s][debug][safepoint     ] Safepoint synchronization initiated. (177 threads)
[2023-10-19T21:27:44.034+0000][2938.554s][info ][safepoint     ] Application time: 1.0011173 seconds
[2023-10-19T21:27:44.035+0000][2938.555s][info ][safepoint     ] Entering safepoint region: Cleanup
[2023-10-19T21:27:44.036+0000][2938.556s][info ][safepoint     ] Leaving safepoint region
[2023-10-19T21:27:44.036+0000][2938.557s][info ][safepoint     ] Total time for which application threads were stopped: 0.0016152 seconds, Stopping threads took: 0.0006520 seconds
[2023-10-19T21:27:45.037+0000][2939.558s][debug][safepoint     ] Safepoint synchronization initiated. (177 threads)
[2023-10-19T21:27:45.038+0000][2939.558s][info ][safepoint     ] Application time: 1.0010399 seconds
[2023-10-19T21:27:45.039+0000][2939.559s][info ][safepoint     ] Entering safepoint region: Cleanup
[2023-10-19T21:27:45.040+0000][2939.560s][info ][safepoint     ] Leaving safepoint region
[2023-10-19T21:27:45.040+0000][2939.561s][info ][safepoint     ] Total time for which application threads were stopped: 0.0013797 seconds, Stopping threads took: 0.0007047 seconds
[2023-10-19T21:27:46.041+0000][2940.561s][debug][safepoint     ] Safepoint synchronization initiated. (177 threads)
[2023-10-19T21:27:46.041+0000][2940.562s][info ][safepoint     ] Application time: 1.0009195 seconds
[2023-10-19T21:27:46.042+0000][2940.562s][info ][safepoint     ] Entering safepoint region: Cleanup
[2023-10-19T21:27:46.043+0000][2940.563s][info ][safepoint     ] Leaving safepoint region
[2023-10-19T21:27:46.043+0000][2940.564s][info ][safepoint     ] Total time for which application threads were stopped: 0.0012982 seconds, Stopping threads took: 0.0006444 seconds
[2023-10-19T21:27:47.044+0000][2941.564s][debug][safepoint     ] Safepoint synchronization initiated. (177 threads)
[2023-10-19T21:27:47.044+0000][2941.565s][info ][safepoint     ] Application time: 1.0006810 seconds
[2023-10-19T21:27:47.045+0000][2941.565s][info ][safepoint     ] Entering safepoint region: Cleanup
[2023-10-19T21:27:47.045+0000][2941.566s][info ][safepoint     ] Leaving safepoint region
[2023-10-19T21:27:47.046+0000][2941.566s][info ][safepoint     ] Total time for which application threads were stopped: 0.0009296 seconds, Stopping threads took: 0.0003675 seconds
[2023-10-19T21:27:48.046+0000][2942.567s][debug][safepoint     ] Safepoint synchronization initiated. (177 threads)
[2023-10-19T21:27:48.047+0000][2942.568s][info ][safepoint     ] Application time: 1.0012110 seconds
[2023-10-19T21:27:48.048+0000][2942.569s][info ][safepoint     ] Entering safepoint region: Cleanup
[2023-10-19T21:27:48.049+0000][2942.570s][info ][safepoint     ] Leaving safepoint region
[2023-10-19T21:27:48.050+0000][2942.570s][info ][safepoint     ] Total time for which application threads were stopped: 0.0017187 seconds, Stopping threads took: 0.0006867 seconds
[2023-10-19T21:27:49.051+0000][2943.571s][debug][safepoint     ] Safepoint synchronization initiated. (177 threads)
[2023-10-19T21:27:49.052+0000][2943.572s][info ][safepoint     ] Application time: 1.0013695 seconds
[2023-10-19T21:27:49.053+0000][2943.573s][info ][safepoint     ] Entering safepoint region: Cleanup
[2023-10-19T21:27:49.054+0000][2943.575s][info ][safepoint     ] Leaving safepoint region
[2023-10-19T21:27:49.055+0000][2943.576s][info ][safepoint     ] Total time for which application threads were stopped: 0.0021569 seconds, Stopping threads took: 0.0010986 seconds
[2023-10-19T21:27:50.056+0000][2944.577s][debug][safepoint     ] Safepoint synchronization initiated. (177 threads)
[2023-10-19T21:27:50.057+0000][2944.577s][info ][safepoint     ] Application time: 1.0011741 seconds
[2023-10-19T21:27:50.058+0000][2944.578s][info ][safepoint     ] Entering safepoint region: Cleanup
[2023-10-19T21:27:50.059+0000][2944.579s][info ][safepoint     ] Leaving safepoint region
[2023-10-19T21:27:50.060+0000][2944.580s][info ][safepoint     ] Total time for which application threads were stopped: 0.0019761 seconds, Stopping threads took: 0.0008917 seconds
[2023-10-19T21:27:51.061+0000][2945.581s][debug][safepoint     ] Safepoint synchronization initiated. (177 threads)
[2023-10-19T21:27:51.061+0000][2945.582s][info ][safepoint     ] Application time: 1.0007072 seconds
[2023-10-19T21:27:51.062+0000][2945.582s][info ][safepoint     ] Entering safepoint region: Cleanup
[2023-10-19T21:27:51.062+0000][2945.583s][info ][safepoint     ] Leaving safepoint region
[2023-10-19T21:27:51.063+0000][2945.583s][info ][safepoint     ] Total time for which application threads were stopped: 0.0010102 seconds, Stopping threads took: 0.0004572 seconds
[2023-10-19T21:27:52.063+0000][2946.584s][debug][safepoint     ] Safepoint synchronization initiated. (177 threads)
[2023-10-19T21:27:52.064+0000][2946.585s][info ][safepoint     ] Application time: 1.0014832 seconds
[2023-10-19T21:27:52.066+0000][2946.586s][info ][safepoint     ] Entering safepoint region: Cleanup
[2023-10-19T21:27:52.067+0000][2946.587s][info ][safepoint     ] Leaving safepoint region
[2023-10-19T21:27:52.068+0000][2946.588s][info ][safepoint     ] Total time for which application threads were stopped: 0.0021173 seconds, Stopping threads took: 0.0011452 seconds
[2023-10-19T21:27:53.069+0000][2947.589s][debug][safepoint     ] Safepoint synchronization initiated. (177 threads)
[2023-10-19T21:27:53.069+0000][2947.590s][info ][safepoint     ] Application time: 1.0010319 seconds
[2023-10-19T21:27:53.070+0000][2947.591s][debug][safepoint     ] ... found polling page loop exception at pc = 0x00007fbdb12cd30a, stub =0x00007fbda8843680
[2023-10-19T21:27:53.071+0000][2947.591s][debug][safepoint     ] Waiting for 1 thread(s) to block
[2023-10-19T21:27:53.072+0000][2947.592s][info ][safepoint     ] Entering safepoint region: Cleanup
[2023-10-19T21:27:53.072+0000][2947.593s][info ][safepoint     ] Leaving safepoint region
[2023-10-19T21:27:53.073+0000][2947.594s][info ][safepoint     ] Total time for which application threads were stopped: 0.0031178 seconds, Stopping threads took: 0.0020234 seconds
[2023-10-19T21:27:54.074+0000][2948.595s][debug][safepoint     ] Safepoint synchronization initiated. (177 threads)
[2023-10-19T21:27:54.075+0000][2948.596s][info ][safepoint     ] Application time: 1.0012702 seconds
[2023-10-19T21:27:54.076+0000][2948.596s][info ][safepoint     ] Entering safepoint region: Cleanup
[2023-10-19T21:27:54.077+0000][2948.597s][info ][safepoint     ] Leaving safepoint region
[2023-10-19T21:27:54.077+0000][2948.598s][info ][safepoint     ] Total time for which application threads were stopped: 0.0013086 seconds, Stopping threads took: 0.0005632 seconds
[2023-10-19T21:27:55.078+0000][2949.598s][debug][safepoint     ] Safepoint synchronization initiated. (177 threads)
[2023-10-19T21:27:55.079+0000][2949.599s][info ][safepoint     ] Application time: 1.0010010 seconds
[2023-10-19T21:27:55.079+0000][2949.600s][info ][safepoint     ] Entering safepoint region: Cleanup
[2023-10-19T21:27:55.080+0000][2949.600s][info ][safepoint     ] Leaving safepoint region
[2023-10-19T21:27:55.081+0000][2949.601s][info ][safepoint     ] Total time for which application threads were stopped: 0.0012957 seconds, Stopping threads took: 0.0005799 seconds
[2023-10-19T21:27:56.081+0000][2950.602s][debug][safepoint     ] Safepoint synchronization initiated. (177 threads)
[2023-10-19T21:27:56.082+0000][2950.603s][info ][safepoint     ] Application time: 1.0010357 seconds
[2023-10-19T21:27:56.083+0000][2950.603s][info ][safepoint     ] Entering safepoint region: Cleanup
[2023-10-19T21:27:56.083+0000][2950.604s][info ][safepoint     ] Leaving safepoint region
[2023-10-19T21:27:56.084+0000][2950.604s][info ][safepoint     ] Total time for which application threads were stopped: 0.0010776 seconds, Stopping threads took: 0.0003973 seconds
[2023-10-19T21:27:57.084+0000][2951.605s][debug][safepoint     ] Safepoint synchronization initiated. (177 threads)
[2023-10-19T21:27:57.085+0000][2951.606s][info ][safepoint     ] Application time: 1.0011818 seconds
[2023-10-19T21:27:57.086+0000][2951.607s][info ][safepoint     ] Entering safepoint region: Cleanup
[2023-10-19T21:27:57.087+0000][2951.608s][info ][safepoint     ] Leaving safepoint region
[2023-10-19T21:27:57.088+0000][2951.608s][info ][safepoint     ] Total time for which application threads were stopped: 0.0018342 seconds, Stopping threads took: 0.0008371 seconds
[2023-10-19T21:27:58.089+0000][2952.609s][debug][safepoint     ] Safepoint synchronization initiated. (177 threads)
[2023-10-19T21:27:58.089+0000][2952.610s][info ][safepoint     ] Application time: 1.0007745 seconds
[2023-10-19T21:27:58.090+0000][2952.610s][info ][safepoint     ] Entering safepoint region: Cleanup
[2023-10-19T21:27:58.091+0000][2952.611s][info ][safepoint     ] Leaving safepoint region
[2023-10-19T21:27:58.091+0000][2952.611s][info ][safepoint     ] Total time for which application threads were stopped: 0.0011255 seconds, Stopping threads took: 0.0005344 seconds
[2023-10-19T21:27:59.091+0000][2953.612s][debug][safepoint     ] Safepoint synchronization initiated. (177 threads)
[2023-10-19T21:27:59.092+0000][2953.613s][info ][safepoint     ] Application time: 1.0007805 seconds
[2023-10-19T21:27:59.093+0000][2953.613s][info ][safepoint     ] Entering safepoint region: Cleanup
[2023-10-19T21:27:59.093+0000][2953.614s][info ][safepoint     ] Leaving safepoint region
[2023-10-19T21:27:59.094+0000][2953.614s][info ][safepoint     ] Total time for which application threads were stopped: 0.0011019 seconds, Stopping threads took: 0.0004590 seconds
[2023-10-19T21:28:00.095+0000][2954.615s][debug][safepoint     ] Safepoint synchronization initiated. (177 threads)
[2023-10-19T21:28:00.095+0000][2954.616s][info ][safepoint     ] Application time: 1.0011457 seconds
[2023-10-19T21:28:00.096+0000][2954.617s][info ][safepoint     ] Entering safepoint region: Cleanup
[2023-10-19T21:28:00.097+0000][2954.617s][info ][safepoint     ] Leaving safepoint region
[2023-10-19T21:28:00.097+0000][2954.618s][info ][safepoint     ] Total time for which application threads were stopped: 0.0012794 seconds, Stopping threads took: 0.0005839 seconds
[2023-10-19T21:28:01.098+0000][2955.618s][debug][safepoint     ] Safepoint synchronization initiated. (177 threads)
[2023-10-19T21:28:01.099+0000][2955.619s][info ][safepoint     ] Application time: 1.0011240 seconds
[2023-10-19T21:28:01.100+0000][2955.620s][info ][safepoint     ] Entering safepoint region: Cleanup
[2023-10-19T21:28:01.101+0000][2955.621s][info ][safepoint     ] Leaving safepoint region
[2023-10-19T21:28:01.101+0000][2955.622s][info ][safepoint     ] Total time for which application threads were stopped: 0.0015550 seconds, Stopping threads took: 0.0007133 seconds
[2023-10-19T21:28:02.102+0000][2956.623s][debug][safepoint     ] Safepoint synchronization initiated. (177 threads)
[2023-10-19T21:28:02.103+0000][2956.623s][info ][safepoint     ] Application time: 1.0010964 seconds
[2023-10-19T21:28:02.104+0000][2956.624s][info ][safepoint     ] Entering safepoint region: Cleanup
[2023-10-19T21:28:02.104+0000][2956.625s][info ][safepoint     ] Leaving safepoint region
[2023-10-19T21:28:02.105+0000][2956.625s][info ][safepoint     ] Total time for which application threads were stopped: 0.0012595 seconds, Stopping threads took: 0.0005948 seconds
[2023-10-19T21:28:03.105+0000][2957.626s][debug][safepoint     ] Safepoint synchronization initiated. (177 threads)
[2023-10-19T21:28:03.106+0000][2957.626s][info ][safepoint     ] Application time: 1.0007545 seconds
[2023-10-19T21:28:03.106+0000][2957.627s][info ][safepoint     ] Entering safepoint region: Cleanup
[2023-10-19T21:28:03.107+0000][2957.627s][info ][safepoint     ] Leaving safepoint region
[2023-10-19T21:28:03.107+0000][2957.628s][info ][safepoint     ] Total time for which application threads were stopped: 0.0009842 seconds, Stopping threads took: 0.0004459 seconds
[2023-10-19T21:28:04.108+0000][2958.628s][debug][safepoint     ] Safepoint synchronization initiated. (177 threads)
[2023-10-19T21:28:04.109+0000][2958.629s][info ][safepoint     ] Application time: 1.0012159 seconds
[2023-10-19T21:28:04.110+0000][2958.630s][info ][safepoint     ] Entering safepoint region: Cleanup
[2023-10-19T21:28:04.111+0000][2958.631s][info ][safepoint     ] Leaving safepoint region
[2023-10-19T21:28:04.111+0000][2958.632s][info ][safepoint     ] Total time for which application threads were stopped: 0.0017311 seconds, Stopping threads took: 0.0008920 seconds
[2023-10-19T21:28:05.113+0000][2959.633s][debug][safepoint     ] Safepoint synchronization initiated. (177 threads)
[2023-10-19T21:28:05.114+0000][2959.634s][info ][safepoint     ] Application time: 1.0018222 seconds
[2023-10-19T21:28:05.115+0000][2959.636s][info ][safepoint     ] Entering safepoint region: Cleanup
[2023-10-19T21:28:05.116+0000][2959.637s][info ][safepoint     ] Leaving safepoint region
[2023-10-19T21:28:05.117+0000][2959.637s][info ][safepoint     ] Total time for which application threads were stopped: 0.0020271 seconds, Stopping threads took: 0.0009813 seconds
[2023-10-19T21:28:06.118+0000][2960.638s][debug][safepoint     ] Safepoint synchronization initiated. (177 threads)
[2023-10-19T21:28:06.119+0000][2960.639s][info ][safepoint     ] Application time: 1.0011073 seconds
[2023-10-19T21:28:06.120+0000][2960.640s][info ][safepoint     ] Entering safepoint region: Cleanup
[2023-10-19T21:28:06.120+0000][2960.641s][info ][safepoint     ] Leaving safepoint region
[2023-10-19T21:28:06.121+0000][2960.641s][info ][safepoint     ] Total time for which application threads were stopped: 0.0015231 seconds, Stopping threads took: 0.0006944 seconds
[2023-10-19T21:28:07.122+0000][2961.642s][debug][safepoint     ] Safepoint synchronization initiated. (177 threads)
[2023-10-19T21:28:07.123+0000][2961.643s][info ][safepoint     ] Application time: 1.0009612 seconds
[2023-10-19T21:28:07.123+0000][2961.644s][info ][safepoint     ] Entering safepoint region: Cleanup
[2023-10-19T21:28:07.124+0000][2961.644s][info ][safepoint     ] Leaving safepoint region
[2023-10-19T21:28:07.124+0000][2961.645s][info ][safepoint     ] Total time for which application threads were stopped: 0.0012514 seconds, Stopping threads took: 0.0005877 seconds
[2023-10-19T21:28:08.125+0000][2962.646s][debug][safepoint     ] Safepoint synchronization initiated. (177 threads)
[2023-10-19T21:28:08.126+0000][2962.647s][info ][safepoint     ] Application time: 1.0011817 seconds
[2023-10-19T21:28:08.127+0000][2962.648s][info ][safepoint     ] Entering safepoint region: Cleanup
[2023-10-19T21:28:08.128+0000][2962.649s][info ][safepoint     ] Leaving safepoint region
[2023-10-19T21:28:08.129+0000][2962.650s][info ][safepoint     ] Total time for which application threads were stopped: 0.0020054 seconds, Stopping threads took: 0.0008710 seconds
[2023-10-19T21:28:09.130+0000][2963.650s][debug][safepoint     ] Safepoint synchronization initiated. (177 threads)
[2023-10-19T21:28:09.131+0000][2963.651s][info ][safepoint     ] Application time: 1.0009398 seconds
[2023-10-19T21:28:09.132+0000][2963.652s][info ][safepoint     ] Entering safepoint region: Cleanup
[2023-10-19T21:28:09.133+0000][2963.653s][info ][safepoint     ] Leaving safepoint region
[2023-10-19T21:28:09.133+0000][2963.654s][info ][safepoint     ] Total time for which application threads were stopped: 0.0017627 seconds, Stopping threads took: 0.0007778 seconds
[2023-10-19T21:28:10.134+0000][2964.655s][debug][safepoint     ] Safepoint synchronization initiated. (177 threads)
[2023-10-19T21:28:10.135+0000][2964.656s][info ][safepoint     ] Application time: 1.0012429 seconds
[2023-10-19T21:28:10.136+0000][2964.656s][info ][safepoint     ] Entering safepoint region: Cleanup
[2023-10-19T21:28:10.137+0000][2964.657s][info ][safepoint     ] Leaving safepoint region
[2023-10-19T21:28:10.137+0000][2964.658s][info ][safepoint     ] Total time for which application threads were stopped: 0.0014062 seconds, Stopping threads took: 0.0006304 seconds
[2023-10-19T21:28:11.138+0000][2965.658s][debug][safepoint     ] Safepoint synchronization initiated. (177 threads)
[2023-10-19T21:28:11.139+0000][2965.659s][info ][safepoint     ] Application time: 1.0010208 seconds
[2023-10-19T21:28:11.139+0000][2965.660s][info ][safepoint     ] Entering safepoint region: Cleanup
[2023-10-19T21:28:11.140+0000][2965.661s][info ][safepoint     ] Leaving safepoint region
[2023-10-19T21:28:11.141+0000][2965.661s][info ][safepoint     ] Total time for which application threads were stopped: 0.0014156 seconds, Stopping threads took: 0.0006658 seconds
[2023-10-19T21:28:12.142+0000][2966.662s][debug][safepoint     ] Safepoint synchronization initiated. (177 threads)
[2023-10-19T21:28:12.142+0000][2966.663s][info ][safepoint     ] Application time: 1.0009975 seconds
[2023-10-19T21:28:12.143+0000][2966.663s][info ][safepoint     ] Entering safepoint region: Cleanup
[2023-10-19T21:28:12.144+0000][2966.664s][info ][safepoint     ] Leaving safepoint region
[2023-10-19T21:28:12.144+0000][2966.665s][info ][safepoint     ] Total time for which application threads were stopped: 0.0013542 seconds, Stopping threads took: 0.0006467 seconds
[2023-10-19T21:28:13.145+0000][2967.666s][debug][safepoint     ] Safepoint synchronization initiated. (177 threads)
[2023-10-19T21:28:13.146+0000][2967.667s][info ][safepoint     ] Application time: 1.0013256 seconds
[2023-10-19T21:28:13.147+0000][2967.667s][info ][safepoint     ] Entering safepoint region: Cleanup
[2023-10-19T21:28:13.148+0000][2967.669s][info ][safepoint     ] Leaving safepoint region
[2023-10-19T21:28:13.149+0000][2967.669s][info ][safepoint     ] Total time for which application threads were stopped: 0.0019774 seconds, Stopping threads took: 0.0008156 seconds
[2023-10-19T21:28:14.150+0000][2968.670s][debug][safepoint     ] Safepoint synchronization initiated. (177 threads)
[2023-10-19T21:28:14.151+0000][2968.671s][info ][safepoint     ] Application time: 1.0011043 seconds
[2023-10-19T21:28:14.152+0000][2968.672s][info ][safepoint     ] Entering safepoint region: Cleanup
[2023-10-19T21:28:14.153+0000][2968.673s][info ][safepoint     ] Leaving safepoint region
[2023-10-19T21:28:14.154+0000][2968.674s][info ][safepoint     ] Total time for which application threads were stopped: 0.0018977 seconds, Stopping threads took: 0.0009393 seconds
[2023-10-19T21:28:15.154+0000][2969.675s][debug][safepoint     ] Safepoint synchronization initiated. (177 threads)
[2023-10-19T21:28:15.155+0000][2969.675s][info ][safepoint     ] Application time: 1.0009070 seconds
[2023-10-19T21:28:15.155+0000][2969.676s][info ][safepoint     ] Entering safepoint region: Cleanup
[2023-10-19T21:28:15.156+0000][2969.677s][info ][safepoint     ] Leaving safepoint region
[2023-10-19T21:28:15.157+0000][2969.677s][info ][safepoint     ] Total time for which application threads were stopped: 0.0013154 seconds, Stopping threads took: 0.0005736 seconds
[2023-10-19T21:28:16.157+0000][2970.678s][debug][safepoint     ] Safepoint synchronization initiated. (177 threads)
[2023-10-19T21:28:16.158+0000][2970.679s][info ][safepoint     ] Application time: 1.0012540 seconds
[2023-10-19T21:28:16.159+0000][2970.680s][info ][safepoint     ] Entering safepoint region: Cleanup
[2023-10-19T21:28:16.160+0000][2970.681s][info ][safepoint     ] Leaving safepoint region
[2023-10-19T21:28:16.161+0000][2970.682s][info ][safepoint     ] Total time for which application threads were stopped: 0.0017798 seconds, Stopping threads took: 0.0008088 seconds
[2023-10-19T21:28:17.162+0000][2971.682s][debug][safepoint     ] Safepoint synchronization initiated. (177 threads)
[2023-10-19T21:28:17.163+0000][2971.683s][info ][safepoint     ] Application time: 1.0007223 seconds
[2023-10-19T21:28:17.163+0000][2971.684s][info ][safepoint     ] Entering safepoint region: Cleanup
[2023-10-19T21:28:17.164+0000][2971.684s][info ][safepoint     ] Leaving safepoint region
[2023-10-19T21:28:17.164+0000][2971.685s][info ][safepoint     ] Total time for which application threads were stopped: 0.0012422 seconds, Stopping threads took: 0.0005754 seconds
[2023-10-19T21:28:18.165+0000][2972.686s][debug][safepoint     ] Safepoint synchronization initiated. (177 threads)
[2023-10-19T21:28:18.166+0000][2972.686s][info ][safepoint     ] Application time: 1.0010811 seconds
[2023-10-19T21:28:18.167+0000][2972.687s][info ][safepoint     ] Entering safepoint region: Cleanup
[2023-10-19T21:28:18.168+0000][2972.688s][info ][safepoint     ] Leaving safepoint region
[2023-10-19T21:28:18.168+0000][2972.689s][info ][safepoint     ] Total time for which application threads were stopped: 0.0017313 seconds, Stopping threads took: 0.0007763 seconds
[2023-10-19T21:28:19.169+0000][2973.690s][debug][safepoint     ] Safepoint synchronization initiated. (177 threads)
[2023-10-19T21:28:19.170+0000][2973.691s][info ][safepoint     ] Application time: 1.0012097 seconds
[2023-10-19T21:28:19.171+0000][2973.692s][info ][safepoint     ] Entering safepoint region: Cleanup
[2023-10-19T21:28:19.172+0000][2973.692s][info ][safepoint     ] Leaving safepoint region
[2023-10-19T21:28:19.172+0000][2973.693s][info ][safepoint     ] Total time for which application threads were stopped: 0.0013963 seconds, Stopping threads took: 0.0006006 seconds
[2023-10-19T21:28:20.173+0000][2974.694s][debug][safepoint     ] Safepoint synchronization initiated. (177 threads)
[2023-10-19T21:28:20.174+0000][2974.694s][info ][safepoint     ] Application time: 1.0009147 seconds
[2023-10-19T21:28:20.174+0000][2974.695s][info ][safepoint     ] Entering safepoint region: Cleanup
[2023-10-19T21:28:20.175+0000][2974.696s][info ][safepoint     ] Leaving safepoint region
[2023-10-19T21:28:20.176+0000][2974.696s][info ][safepoint     ] Total time for which application threads were stopped: 0.0012605 seconds, Stopping threads took: 0.0005959 seconds
[2023-10-19T21:28:21.176+0000][2975.697s][debug][safepoint     ] Safepoint synchronization initiated. (177 threads)
[2023-10-19T21:28:21.178+0000][2975.698s][info ][safepoint     ] Application time: 1.0016509 seconds
[2023-10-19T21:28:21.179+0000][2975.699s][info ][safepoint     ] Entering safepoint region: Cleanup
[2023-10-19T21:28:21.180+0000][2975.700s][info ][safepoint     ] Leaving safepoint region
[2023-10-19T21:28:21.181+0000][2975.701s][info ][safepoint     ] Total time for which application threads were stopped: 0.0019526 seconds, Stopping threads took: 0.0010009 seconds
[2023-10-19T21:28:22.182+0000][2976.702s][debug][safepoint     ] Safepoint synchronization initiated. (177 threads)
[2023-10-19T21:28:22.183+0000][2976.703s][info ][safepoint     ] Application time: 1.0012008 seconds
[2023-10-19T21:28:22.183+0000][2976.704s][info ][safepoint     ] Entering safepoint region: Cleanup
[2023-10-19T21:28:22.185+0000][2976.705s][info ][safepoint     ] Leaving safepoint region
[2023-10-19T21:28:22.185+0000][2976.706s][info ][safepoint     ] Total time for which application threads were stopped: 0.0019617 seconds, Stopping threads took: 0.0007366 seconds
[2023-10-19T21:28:23.186+0000][2977.707s][debug][safepoint     ] Safepoint synchronization initiated. (177 threads)
[2023-10-19T21:28:23.187+0000][2977.708s][info ][safepoint     ] Application time: 1.0011935 seconds
[2023-10-19T21:28:23.188+0000][2977.709s][info ][safepoint     ] Entering safepoint region: Cleanup
[2023-10-19T21:28:23.189+0000][2977.710s][info ][safepoint     ] Leaving safepoint region
[2023-10-19T21:28:23.190+0000][2977.710s][info ][safepoint     ] Total time for which application threads were stopped: 0.0017995 seconds, Stopping threads took: 0.0007034 seconds
[2023-10-19T21:28:24.191+0000][2978.711s][debug][safepoint     ] Safepoint synchronization initiated. (177 threads)
[2023-10-19T21:28:24.191+0000][2978.712s][info ][safepoint     ] Application time: 1.0009967 seconds
[2023-10-19T21:28:24.192+0000][2978.713s][info ][safepoint     ] Entering safepoint region: Cleanup
[2023-10-19T21:28:24.193+0000][2978.714s][info ][safepoint     ] Leaving safepoint region
[2023-10-19T21:28:24.194+0000][2978.714s][info ][safepoint     ] Total time for which application threads were stopped: 0.0017886 seconds, Stopping threads took: 0.0007984 seconds
[2023-10-19T21:28:25.195+0000][2979.715s][debug][safepoint     ] Safepoint synchronization initiated. (177 threads)
[2023-10-19T21:28:25.196+0000][2979.716s][info ][safepoint     ] Application time: 1.0009432 seconds
[2023-10-19T21:28:25.196+0000][2979.716s][info ][safepoint     ] Entering safepoint region: Cleanup
[2023-10-19T21:28:25.197+0000][2979.717s][info ][safepoint     ] Leaving safepoint region
[2023-10-19T21:28:25.197+0000][2979.718s][info ][safepoint     ] Total time for which application threads were stopped: 0.0011919 seconds, Stopping threads took: 0.0004030 seconds
[2023-10-19T21:28:26.198+0000][2980.718s][debug][safepoint     ] Safepoint synchronization initiated. (177 threads)
[2023-10-19T21:28:26.201+0000][2980.721s][info ][safepoint     ] Application time: 1.0031417 seconds
[2023-10-19T21:28:26.201+0000][2980.722s][info ][safepoint     ] Entering safepoint region: Cleanup
[2023-10-19T21:28:26.202+0000][2980.723s][info ][safepoint     ] Leaving safepoint region
[2023-10-19T21:28:26.203+0000][2980.723s][info ][safepoint     ] Total time for which application threads were stopped: 0.0016216 seconds, Stopping threads took: 0.0005721 seconds
[2023-10-19T21:28:27.203+0000][2981.724s][debug][safepoint     ] Safepoint synchronization initiated. (177 threads)
[2023-10-19T21:28:27.204+0000][2981.725s][info ][safepoint     ] Application time: 1.0011688 seconds
[2023-10-19T21:28:27.205+0000][2981.726s][info ][safepoint     ] Entering safepoint region: Cleanup
[2023-10-19T21:28:27.206+0000][2981.727s][info ][safepoint     ] Leaving safepoint region
[2023-10-19T21:28:27.207+0000][2981.727s][info ][safepoint     ] Total time for which application threads were stopped: 0.0018534 seconds, Stopping threads took: 0.0008119 seconds
[2023-10-19T21:28:28.208+0000][2982.728s][debug][safepoint     ] Safepoint synchronization initiated. (177 threads)
[2023-10-19T21:28:28.209+0000][2982.729s][info ][safepoint     ] Application time: 1.0009684 seconds
[2023-10-19T21:28:28.209+0000][2982.730s][info ][safepoint     ] Entering safepoint region: Cleanup
[2023-10-19T21:28:28.210+0000][2982.730s][info ][safepoint     ] Leaving safepoint region
[2023-10-19T21:28:28.210+0000][2982.731s][info ][safepoint     ] Total time for which application threads were stopped: 0.0011869 seconds, Stopping threads took: 0.0004950 seconds
[2023-10-19T21:28:29.211+0000][2983.732s][debug][safepoint     ] Safepoint synchronization initiated. (177 threads)
[2023-10-19T21:28:29.212+0000][2983.732s][info ][safepoint     ] Application time: 1.0006673 seconds
[2023-10-19T21:28:29.212+0000][2983.733s][info ][safepoint     ] Entering safepoint region: Cleanup
[2023-10-19T21:28:29.213+0000][2983.733s][info ][safepoint     ] Leaving safepoint region
[2023-10-19T21:28:29.213+0000][2983.734s][info ][safepoint     ] Total time for which application threads were stopped: 0.0009857 seconds, Stopping threads took: 0.0004137 seconds
[2023-10-19T21:28:30.214+0000][2984.734s][debug][safepoint     ] Safepoint synchronization initiated. (177 threads)
[2023-10-19T21:28:30.215+0000][2984.735s][info ][safepoint     ] Application time: 1.0015202 seconds
[2023-10-19T21:28:30.216+0000][2984.736s][info ][safepoint     ] Entering safepoint region: Cleanup
[2023-10-19T21:28:30.217+0000][2984.738s][info ][safepoint     ] Leaving safepoint region
[2023-10-19T21:28:30.218+0000][2984.738s][info ][safepoint     ] Total time for which application threads were stopped: 0.0021414 seconds, Stopping threads took: 0.0009348 seconds
[2023-10-19T21:28:31.219+0000][2985.739s][debug][safepoint     ] Safepoint synchronization initiated. (177 threads)
[2023-10-19T21:28:31.219+0000][2985.740s][info ][safepoint     ] Application time: 1.0006353 seconds
[2023-10-19T21:28:31.220+0000][2985.740s][info ][safepoint     ] Entering safepoint region: Cleanup
[2023-10-19T21:28:31.220+0000][2985.741s][info ][safepoint     ] Leaving safepoint region
[2023-10-19T21:28:31.220+0000][2985.741s][info ][safepoint     ] Total time for which application threads were stopped: 0.0007681 seconds, Stopping threads took: 0.0003181 seconds
[2023-10-19T21:28:32.221+0000][2986.741s][debug][safepoint     ] Safepoint synchronization initiated. (177 threads)
[2023-10-19T21:28:32.221+0000][2986.742s][info ][safepoint     ] Application time: 1.0005778 seconds
[2023-10-19T21:28:32.222+0000][2986.742s][info ][safepoint     ] Entering safepoint region: Cleanup
[2023-10-19T21:28:32.222+0000][2986.742s][info ][safepoint     ] Leaving safepoint region
[2023-10-19T21:28:32.222+0000][2986.743s][info ][safepoint     ] Total time for which application threads were stopped: 0.0007411 seconds, Stopping threads took: 0.0003136 seconds
[2023-10-19T21:28:33.223+0000][2987.743s][debug][safepoint     ] Safepoint synchronization initiated. (177 threads)
[2023-10-19T21:28:33.224+0000][2987.744s][info ][safepoint     ] Application time: 1.0013888 seconds
[2023-10-19T21:28:33.225+0000][2987.745s][info ][safepoint     ] Entering safepoint region: Cleanup
[2023-10-19T21:28:33.226+0000][2987.747s][info ][safepoint     ] Leaving safepoint region
[2023-10-19T21:28:33.227+0000][2987.747s][info ][safepoint     ] Total time for which application threads were stopped: 0.0019659 seconds, Stopping threads took: 0.0008302 seconds
[2023-10-19T21:28:34.228+0000][2988.748s][debug][safepoint     ] Safepoint synchronization initiated. (177 threads)
[2023-10-19T21:28:34.229+0000][2988.749s][info ][safepoint     ] Application time: 1.0010109 seconds
[2023-10-19T21:28:34.229+0000][2988.750s][info ][safepoint     ] Entering safepoint region: Cleanup
[2023-10-19T21:28:34.230+0000][2988.750s][info ][safepoint     ] Leaving safepoint region
[2023-10-19T21:28:34.231+0000][2988.751s][info ][safepoint     ] Total time for which application threads were stopped: 0.0014127 seconds, Stopping threads took: 0.0005753 seconds
[2023-10-19T21:28:35.231+0000][2989.752s][debug][safepoint     ] Safepoint synchronization initiated. (177 threads)
[2023-10-19T21:28:35.232+0000][2989.753s][info ][safepoint     ] Application time: 1.0011147 seconds
[2023-10-19T21:28:35.233+0000][2989.754s][info ][safepoint     ] Entering safepoint region: Cleanup
[2023-10-19T21:28:35.234+0000][2989.755s][info ][safepoint     ] Leaving safepoint region
[2023-10-19T21:28:35.235+0000][2989.755s][info ][safepoint     ] Total time for which application threads were stopped: 0.0018206 seconds, Stopping threads took: 0.0008188 seconds
[2023-10-19T21:28:36.236+0000][2990.756s][debug][safepoint     ] Safepoint synchronization initiated. (177 threads)
[2023-10-19T21:28:36.237+0000][2990.757s][info ][safepoint     ] Application time: 1.0013119 seconds
[2023-10-19T21:28:36.238+0000][2990.758s][info ][safepoint     ] Entering safepoint region: Cleanup
[2023-10-19T21:28:36.239+0000][2990.760s][info ][safepoint     ] Leaving safepoint region
[2023-10-19T21:28:36.240+0000][2990.760s][info ][safepoint     ] Total time for which application threads were stopped: 0.0021423 seconds, Stopping threads took: 0.0008884 seconds
[2023-10-19T21:28:37.241+0000][2991.761s][debug][safepoint     ] Safepoint synchronization initiated. (177 threads)
[2023-10-19T21:28:37.241+0000][2991.762s][info ][safepoint     ] Application time: 1.0005550 seconds
[2023-10-19T21:28:37.242+0000][2991.762s][info ][safepoint     ] Entering safepoint region: Cleanup
[2023-10-19T21:28:37.242+0000][2991.763s][info ][safepoint     ] Leaving safepoint region
[2023-10-19T21:28:37.243+0000][2991.763s][info ][safepoint     ] Total time for which application threads were stopped: 0.0010914 seconds, Stopping threads took: 0.0004603 seconds
[2023-10-19T21:28:37.470+0000][2991.991s][debug][safepoint     ] Safepoint synchronization initiated. (177 threads)
[2023-10-19T21:28:37.471+0000][2991.991s][info ][safepoint     ] Application time: 0.2272475 seconds
[2023-10-19T21:28:37.471+0000][2991.991s][info ][safepoint     ] Entering safepoint region: G1CollectForAllocation
[2023-10-19T21:28:37.471+0000][2991.992s][info ][gc,start      ] GC(73) Pause Young (Normal) (G1 Evacuation Pause)
[2023-10-19T21:28:37.472+0000][2991.992s][info ][gc,task       ] GC(73) Using 8 workers of 8 for evacuation
[2023-10-19T21:28:37.477+0000][2991.998s][info ][gc,phases     ] GC(73)   Pre Evacuate Collection Set: 0.0ms
[2023-10-19T21:28:37.478+0000][2991.998s][info ][gc,phases     ] GC(73)   Evacuate Collection Set: 1.9ms
[2023-10-19T21:28:37.478+0000][2991.998s][info ][gc,phases     ] GC(73)   Post Evacuate Collection Set: 3.1ms
[2023-10-19T21:28:37.478+0000][2991.999s][info ][gc,phases     ] GC(73)   Other: 0.7ms
[2023-10-19T21:28:37.479+0000][2991.999s][info ][gc,heap       ] GC(73) Eden regions: 204->0(204)
[2023-10-19T21:28:37.479+0000][2991.999s][info ][gc,heap       ] GC(73) Survivor regions: 2->2(26)
[2023-10-19T21:28:37.479+0000][2992.000s][info ][gc,heap       ] GC(73) Old regions: 157->157
[2023-10-19T21:28:37.480+0000][2992.000s][info ][gc,heap       ] GC(73) Humongous regions: 5->5
[2023-10-19T21:28:37.480+0000][2992.000s][info ][gc,metaspace  ] GC(73) Metaspace: 167552K(173008K)->167552K(173008K) NonClass: 148132K(151504K)->148132K(151504K) Class: 19420K(21504K)->19420K(21504K)
[2023-10-19T21:28:37.480+0000][2992.001s][info ][gc            ] GC(73) Pause Young (Normal) (G1 Evacuation Pause) 366M->162M(415M) 8.665ms
[2023-10-19T21:28:37.481+0000][2992.001s][info ][gc,cpu        ] GC(73) User=0.02s Sys=0.02s Real=0.01s
[2023-10-19T21:28:37.481+0000][2992.001s][info ][safepoint     ] Leaving safepoint region
[2023-10-19T21:28:37.481+0000][2992.002s][info ][safepoint     ] Total time for which application threads were stopped: 0.0103461 seconds, Stopping threads took: 0.0003171 seconds
[2023-10-19T21:28:37.482+0000][2992.002s][info ][gc,stringdedup] Concurrent String Deduplication (2992.002s)
[2023-10-19T21:28:37.482+0000][2992.002s][info ][gc,stringdedup] Concurrent String Deduplication 0.0B->0.0B(0.0B) avg 54.4% (2992.002s, 2992.002s) 0.335ms
[2023-10-19T21:28:38.482+0000][2993.002s][debug][safepoint     ] Safepoint synchronization initiated. (177 threads)
[2023-10-19T21:28:38.483+0000][2993.004s][info ][safepoint     ] Application time: 1.0015214 seconds
[2023-10-19T21:28:38.484+0000][2993.004s][info ][safepoint     ] Entering safepoint region: Cleanup
[2023-10-19T21:28:38.485+0000][2993.006s][info ][safepoint     ] Leaving safepoint region
[2023-10-19T21:28:38.486+0000][2993.006s][info ][safepoint     ] Total time for which application threads were stopped: 0.0019748 seconds, Stopping threads took: 0.0009524 seconds
[2023-10-19T21:28:39.487+0000][2994.008s][debug][safepoint     ] Safepoint synchronization initiated. (177 threads)
[2023-10-19T21:28:39.488+0000][2994.009s][info ][safepoint     ] Application time: 1.0014420 seconds
[2023-10-19T21:28:39.489+0000][2994.010s][info ][safepoint     ] Entering safepoint region: Cleanup
[2023-10-19T21:28:39.491+0000][2994.011s][info ][safepoint     ] Leaving safepoint region
[2023-10-19T21:28:39.492+0000][2994.012s][info ][safepoint     ] Total time for which application threads were stopped: 0.0023926 seconds, Stopping threads took: 0.0010552 seconds
[2023-10-19T21:28:40.493+0000][2995.013s][debug][safepoint     ] Safepoint synchronization initiated. (177 threads)
[2023-10-19T21:28:40.493+0000][2995.014s][info ][safepoint     ] Application time: 1.0006808 seconds
[2023-10-19T21:28:40.494+0000][2995.014s][info ][safepoint     ] Entering safepoint region: Cleanup
[2023-10-19T21:28:40.494+0000][2995.015s][info ][safepoint     ] Leaving safepoint region
[2023-10-19T21:28:40.495+0000][2995.015s][info ][safepoint     ] Total time for which application threads were stopped: 0.0010385 seconds, Stopping threads took: 0.0004520 seconds
[2023-10-19T21:28:41.495+0000][2996.016s][debug][safepoint     ] Safepoint synchronization initiated. (177 threads)
[2023-10-19T21:28:41.496+0000][2996.016s][info ][safepoint     ] Application time: 1.0007225 seconds
[2023-10-19T21:28:41.496+0000][2996.017s][info ][safepoint     ] Entering safepoint region: Cleanup
[2023-10-19T21:28:41.497+0000][2996.017s][info ][safepoint     ] Leaving safepoint region
[2023-10-19T21:28:41.497+0000][2996.018s][info ][safepoint     ] Total time for which application threads were stopped: 0.0009538 seconds, Stopping threads took: 0.0003804 seconds
[2023-10-19T21:28:42.498+0000][2997.018s][debug][safepoint     ] Safepoint synchronization initiated. (177 threads)
[2023-10-19T21:28:42.499+0000][2997.019s][info ][safepoint     ] Application time: 1.0011781 seconds
[2023-10-19T21:28:42.500+0000][2997.020s][info ][safepoint     ] Entering safepoint region: Cleanup
[2023-10-19T21:28:42.500+0000][2997.021s][info ][safepoint     ] Leaving safepoint region
[2023-10-19T21:28:42.501+0000][2997.021s][info ][safepoint     ] Total time for which application threads were stopped: 0.0010431 seconds, Stopping threads took: 0.0004971 seconds
[2023-10-19T21:28:43.501+0000][2998.021s][debug][safepoint     ] Safepoint synchronization initiated. (177 threads)
[2023-10-19T21:28:43.502+0000][2998.022s][info ][safepoint     ] Application time: 1.0007989 seconds
[2023-10-19T21:28:43.502+0000][2998.023s][info ][safepoint     ] Entering safepoint region: Cleanup
[2023-10-19T21:28:43.503+0000][2998.023s][info ][safepoint     ] Leaving safepoint region
[2023-10-19T21:28:43.503+0000][2998.024s][info ][safepoint     ] Total time for which application threads were stopped: 0.0012969 seconds, Stopping threads took: 0.0005144 seconds
[2023-10-19T21:28:44.504+0000][2999.024s][debug][safepoint     ] Safepoint synchronization initiated. (177 threads)
[2023-10-19T21:28:44.504+0000][2999.025s][info ][safepoint     ] Application time: 1.0005274 seconds
[2023-10-19T21:28:44.505+0000][2999.025s][info ][safepoint     ] Entering safepoint region: Cleanup
[2023-10-19T21:28:44.505+0000][2999.026s][info ][safepoint     ] Leaving safepoint region
[2023-10-19T21:28:44.506+0000][2999.026s][info ][safepoint     ] Total time for which application threads were stopped: 0.0008468 seconds, Stopping threads took: 0.0003775 seconds
[2023-10-19T21:28:45.506+0000][3000.027s][debug][safepoint     ] Safepoint synchronization initiated. (177 threads)
[2023-10-19T21:28:45.507+0000][3000.027s][info ][safepoint     ] Application time: 1.0009259 seconds
[2023-10-19T21:28:45.507+0000][3000.028s][info ][safepoint     ] Entering safepoint region: Cleanup
[2023-10-19T21:28:45.508+0000][3000.028s][info ][safepoint     ] Leaving safepoint region
[2023-10-19T21:28:45.508+0000][3000.029s][info ][safepoint     ] Total time for which application threads were stopped: 0.0010396 seconds, Stopping threads took: 0.0004741 seconds
[2023-10-19T21:28:46.509+0000][3001.029s][debug][safepoint     ] Safepoint synchronization initiated. (177 threads)
[2023-10-19T21:28:46.509+0000][3001.030s][info ][safepoint     ] Application time: 1.0005277 seconds
[2023-10-19T21:28:46.510+0000][3001.030s][info ][safepoint     ] Entering safepoint region: Cleanup
[2023-10-19T21:28:46.510+0000][3001.031s][info ][safepoint     ] Leaving safepoint region
[2023-10-19T21:28:46.511+0000][3001.031s][info ][safepoint     ] Total time for which application threads were stopped: 0.0011210 seconds, Stopping threads took: 0.0004367 seconds
[2023-10-19T21:28:47.511+0000][3002.032s][debug][safepoint     ] Safepoint synchronization initiated. (177 threads)
[2023-10-19T21:28:47.512+0000][3002.032s][info ][safepoint     ] Application time: 1.0005678 seconds
[2023-10-19T21:28:47.512+0000][3002.033s][info ][safepoint     ] Entering safepoint region: Cleanup
[2023-10-19T21:28:47.513+0000][3002.033s][info ][safepoint     ] Leaving safepoint region
[2023-10-19T21:28:47.513+0000][3002.033s][info ][safepoint     ] Total time for which application threads were stopped: 0.0007226 seconds, Stopping threads took: 0.0002992 seconds
[2023-10-19T21:28:48.513+0000][3003.034s][debug][safepoint     ] Safepoint synchronization initiated. (177 threads)
[2023-10-19T21:28:48.514+0000][3003.034s][info ][safepoint     ] Application time: 1.0008228 seconds
[2023-10-19T21:28:48.515+0000][3003.035s][info ][safepoint     ] Entering safepoint region: Cleanup
[2023-10-19T21:28:48.516+0000][3003.036s][info ][safepoint     ] Leaving safepoint region
[2023-10-19T21:28:48.516+0000][3003.036s][info ][safepoint     ] Total time for which application threads were stopped: 0.0014884 seconds, Stopping threads took: 0.0008764 seconds
[2023-10-19T21:28:49.517+0000][3004.037s][debug][safepoint     ] Safepoint synchronization initiated. (177 threads)
[2023-10-19T21:28:49.518+0000][3004.038s][info ][safepoint     ] Application time: 1.0013674 seconds
[2023-10-19T21:28:49.519+0000][3004.039s][info ][safepoint     ] Entering safepoint region: Cleanup
[2023-10-19T21:28:49.520+0000][3004.040s][info ][safepoint     ] Leaving safepoint region
[2023-10-19T21:28:49.521+0000][3004.041s][info ][safepoint     ] Total time for which application threads were stopped: 0.0019658 seconds, Stopping threads took: 0.0008854 seconds
[2023-10-19T21:28:50.522+0000][3005.042s][debug][safepoint     ] Safepoint synchronization initiated. (177 threads)
[2023-10-19T21:28:50.522+0000][3005.043s][info ][safepoint     ] Application time: 1.0008020 seconds
[2023-10-19T21:28:50.523+0000][3005.043s][info ][safepoint     ] Entering safepoint region: Cleanup
[2023-10-19T21:28:50.523+0000][3005.044s][info ][safepoint     ] Leaving safepoint region
[2023-10-19T21:28:50.524+0000][3005.044s][info ][safepoint     ] Total time for which application threads were stopped: 0.0010461 seconds, Stopping threads took: 0.0003975 seconds
[2023-10-19T21:28:51.524+0000][3006.045s][debug][safepoint     ] Safepoint synchronization initiated. (177 threads)
[2023-10-19T21:28:51.525+0000][3006.045s][info ][safepoint     ] Application time: 1.0009726 seconds
[2023-10-19T21:28:51.526+0000][3006.046s][info ][safepoint     ] Entering safepoint region: Cleanup
[2023-10-19T21:28:51.526+0000][3006.047s][info ][safepoint     ] Leaving safepoint region
[2023-10-19T21:28:51.527+0000][3006.047s][info ][safepoint     ] Total time for which application threads were stopped: 0.0011377 seconds, Stopping threads took: 0.0004603 seconds
[2023-10-19T21:28:52.527+0000][3007.048s][debug][safepoint     ] Safepoint synchronization initiated. (177 threads)
[2023-10-19T21:28:52.528+0000][3007.049s][info ][safepoint     ] Application time: 1.0011027 seconds
[2023-10-19T21:28:52.529+0000][3007.049s][info ][safepoint     ] Entering safepoint region: Cleanup
[2023-10-19T21:28:52.529+0000][3007.050s][info ][safepoint     ] Leaving safepoint region
[2023-10-19T21:28:52.530+0000][3007.050s][info ][safepoint     ] Total time for which application threads were stopped: 0.0009796 seconds, Stopping threads took: 0.0004114 seconds
[2023-10-19T21:28:53.531+0000][3008.051s][debug][safepoint     ] Safepoint synchronization initiated. (177 threads)
[2023-10-19T21:28:53.532+0000][3008.052s][info ][safepoint     ] Application time: 1.0013302 seconds
[2023-10-19T21:28:53.532+0000][3008.053s][info ][safepoint     ] Entering safepoint region: Cleanup
[2023-10-19T21:28:53.533+0000][3008.054s][info ][safepoint     ] Leaving safepoint region
[2023-10-19T21:28:53.534+0000][3008.055s][info ][safepoint     ] Total time for which application threads were stopped: 0.0019032 seconds, Stopping threads took: 0.0008407 seconds
[2023-10-19T21:28:54.535+0000][3009.056s][debug][safepoint     ] Safepoint synchronization initiated. (177 threads)
[2023-10-19T21:28:54.536+0000][3009.057s][info ][safepoint     ] Application time: 1.0011918 seconds
[2023-10-19T21:28:54.537+0000][3009.057s][info ][safepoint     ] Entering safepoint region: Cleanup
[2023-10-19T21:28:54.538+0000][3009.058s][info ][safepoint     ] Leaving safepoint region
[2023-10-19T21:28:54.539+0000][3009.059s][info ][safepoint     ] Total time for which application threads were stopped: 0.0017364 seconds, Stopping threads took: 0.0007085 seconds
[2023-10-19T21:28:55.540+0000][3010.060s][debug][safepoint     ] Safepoint synchronization initiated. (177 threads)
[2023-10-19T21:28:55.541+0000][3010.061s][info ][safepoint     ] Application time: 1.0013790 seconds
[2023-10-19T21:28:55.542+0000][3010.062s][info ][safepoint     ] Entering safepoint region: Cleanup
[2023-10-19T21:28:55.543+0000][3010.063s][info ][safepoint     ] Leaving safepoint region
[2023-10-19T21:28:55.543+0000][3010.064s][info ][safepoint     ] Total time for which application threads were stopped: 0.0018262 seconds, Stopping threads took: 0.0008422 seconds
[2023-10-19T21:28:56.545+0000][3011.065s][debug][safepoint     ] Safepoint synchronization initiated. (177 threads)
[2023-10-19T21:28:56.545+0000][3011.066s][info ][safepoint     ] Application time: 1.0011439 seconds
[2023-10-19T21:28:56.546+0000][3011.066s][info ][safepoint     ] Entering safepoint region: Cleanup
[2023-10-19T21:28:56.547+0000][3011.067s][info ][safepoint     ] Leaving safepoint region
[2023-10-19T21:28:56.547+0000][3011.068s][info ][safepoint     ] Total time for which application threads were stopped: 0.0012676 seconds, Stopping threads took: 0.0005436 seconds
[2023-10-19T21:28:57.548+0000][3012.068s][debug][safepoint     ] Safepoint synchronization initiated. (177 threads)
[2023-10-19T21:28:57.548+0000][3012.068s][info ][safepoint     ] Application time: 1.0005431 seconds
[2023-10-19T21:28:57.548+0000][3012.069s][info ][safepoint     ] Entering safepoint region: Cleanup
[2023-10-19T21:28:57.549+0000][3012.069s][info ][safepoint     ] Leaving safepoint region
[2023-10-19T21:28:57.549+0000][3012.070s][info ][safepoint     ] Total time for which application threads were stopped: 0.0009148 seconds, Stopping threads took: 0.0003273 seconds
[2023-10-19T21:28:58.550+0000][3013.070s][debug][safepoint     ] Safepoint synchronization initiated. (177 threads)
[2023-10-19T21:28:58.551+0000][3013.071s][info ][safepoint     ] Application time: 1.0009706 seconds
[2023-10-19T21:28:58.551+0000][3013.072s][info ][safepoint     ] Entering safepoint region: Cleanup
[2023-10-19T21:28:58.553+0000][3013.073s][info ][safepoint     ] Leaving safepoint region
[2023-10-19T21:28:58.554+0000][3013.074s][info ][safepoint     ] Total time for which application threads were stopped: 0.0024723 seconds, Stopping threads took: 0.0008810 seconds
[2023-10-19T21:28:59.555+0000][3014.075s][debug][safepoint     ] Safepoint synchronization initiated. (177 threads)
[2023-10-19T21:28:59.555+0000][3014.076s][info ][safepoint     ] Application time: 1.0009096 seconds
[2023-10-19T21:28:59.556+0000][3014.076s][info ][safepoint     ] Entering safepoint region: Cleanup
[2023-10-19T21:28:59.557+0000][3014.077s][info ][safepoint     ] Leaving safepoint region
[2023-10-19T21:28:59.558+0000][3014.078s][info ][safepoint     ] Total time for which application threads were stopped: 0.0016023 seconds, Stopping threads took: 0.0007539 seconds
[2023-10-19T21:29:00.558+0000][3015.079s][debug][safepoint     ] Safepoint synchronization initiated. (177 threads)
[2023-10-19T21:29:00.559+0000][3015.080s][info ][safepoint     ] Application time: 1.0012335 seconds
[2023-10-19T21:29:00.560+0000][3015.081s][info ][safepoint     ] Entering safepoint region: Cleanup
[2023-10-19T21:29:00.561+0000][3015.081s][info ][safepoint     ] Leaving safepoint region
[2023-10-19T21:29:00.562+0000][3015.082s][info ][safepoint     ] Total time for which application threads were stopped: 0.0017329 seconds, Stopping threads took: 0.0007116 seconds
[2023-10-19T21:29:01.563+0000][3016.083s][debug][safepoint     ] Safepoint synchronization initiated. (177 threads)
[2023-10-19T21:29:01.564+0000][3016.084s][info ][safepoint     ] Application time: 1.0012821 seconds
[2023-10-19T21:29:01.564+0000][3016.085s][info ][safepoint     ] Entering safepoint region: Cleanup
[2023-10-19T21:29:01.565+0000][3016.085s][info ][safepoint     ] Leaving safepoint region
[2023-10-19T21:29:01.566+0000][3016.086s][info ][safepoint     ] Total time for which application threads were stopped: 0.0012426 seconds, Stopping threads took: 0.0005525 seconds
[2023-10-19T21:29:02.566+0000][3017.087s][debug][safepoint     ] Safepoint synchronization initiated. (177 threads)
[2023-10-19T21:29:02.567+0000][3017.087s][info ][safepoint     ] Application time: 1.0006739 seconds
[2023-10-19T21:29:02.567+0000][3017.088s][info ][safepoint     ] Entering safepoint region: Cleanup
[2023-10-19T21:29:02.568+0000][3017.088s][info ][safepoint     ] Leaving safepoint region
[2023-10-19T21:29:02.569+0000][3017.089s][info ][safepoint     ] Total time for which application threads were stopped: 0.0014092 seconds, Stopping threads took: 0.0005434 seconds
[2023-10-19T21:29:03.569+0000][3018.090s][debug][safepoint     ] Safepoint synchronization initiated. (177 threads)
[2023-10-19T21:29:03.570+0000][3018.090s][info ][safepoint     ] Application time: 1.0005081 seconds
[2023-10-19T21:29:03.570+0000][3018.091s][info ][safepoint     ] Entering safepoint region: Cleanup
[2023-10-19T21:29:03.571+0000][3018.091s][info ][safepoint     ] Leaving safepoint region
[2023-10-19T21:29:03.571+0000][3018.091s][info ][safepoint     ] Total time for which application threads were stopped: 0.0008133 seconds, Stopping threads took: 0.0003226 seconds
[2023-10-19T21:29:04.571+0000][3019.092s][debug][safepoint     ] Safepoint synchronization initiated. (177 threads)
[2023-10-19T21:29:04.572+0000][3019.092s][info ][safepoint     ] Application time: 1.0008433 seconds
[2023-10-19T21:29:04.573+0000][3019.093s][info ][safepoint     ] Entering safepoint region: Cleanup
[2023-10-19T21:29:04.574+0000][3019.094s][info ][safepoint     ] Leaving safepoint region
[2023-10-19T21:29:04.574+0000][3019.095s][info ][safepoint     ] Total time for which application threads were stopped: 0.0016706 seconds, Stopping threads took: 0.0006732 seconds
[2023-10-19T21:29:05.575+0000][3020.095s][debug][safepoint     ] Safepoint synchronization initiated. (177 threads)
[2023-10-19T21:29:05.576+0000][3020.096s][info ][safepoint     ] Application time: 1.0011409 seconds
[2023-10-19T21:29:05.577+0000][3020.097s][info ][safepoint     ] Entering safepoint region: Cleanup
[2023-10-19T21:29:05.577+0000][3020.098s][info ][safepoint     ] Leaving safepoint region
[2023-10-19T21:29:05.578+0000][3020.098s][info ][safepoint     ] Total time for which application threads were stopped: 0.0010941 seconds, Stopping threads took: 0.0005010 seconds
[2023-10-19T21:29:06.578+0000][3021.099s][debug][safepoint     ] Safepoint synchronization initiated. (177 threads)
[2023-10-19T21:29:06.579+0000][3021.099s][info ][safepoint     ] Application time: 1.0007983 seconds
[2023-10-19T21:29:06.579+0000][3021.100s][info ][safepoint     ] Entering safepoint region: Cleanup
[2023-10-19T21:29:06.580+0000][3021.101s][info ][safepoint     ] Leaving safepoint region
[2023-10-19T21:29:06.581+0000][3021.101s][info ][safepoint     ] Total time for which application threads were stopped: 0.0012271 seconds, Stopping threads took: 0.0005845 seconds
[2023-10-19T21:29:07.581+0000][3022.102s][debug][safepoint     ] Safepoint synchronization initiated. (177 threads)
[2023-10-19T21:29:07.582+0000][3022.102s][info ][safepoint     ] Application time: 1.0008678 seconds
[2023-10-19T21:29:07.583+0000][3022.103s][info ][safepoint     ] Entering safepoint region: Cleanup
[2023-10-19T21:29:07.583+0000][3022.104s][info ][safepoint     ] Leaving safepoint region
[2023-10-19T21:29:07.584+0000][3022.104s][info ][safepoint     ] Total time for which application threads were stopped: 0.0012262 seconds, Stopping threads took: 0.0004714 seconds
[2023-10-19T21:29:08.585+0000][3023.105s][debug][safepoint     ] Safepoint synchronization initiated. (177 threads)
[2023-10-19T21:29:08.586+0000][3023.106s][info ][safepoint     ] Application time: 1.0014655 seconds
[2023-10-19T21:29:08.587+0000][3023.107s][info ][safepoint     ] Entering safepoint region: Cleanup
[2023-10-19T21:29:08.588+0000][3023.109s][info ][safepoint     ] Leaving safepoint region
[2023-10-19T21:29:08.589+0000][3023.109s][info ][safepoint     ] Total time for which application threads were stopped: 0.0021810 seconds, Stopping threads took: 0.0010264 seconds
[2023-10-19T21:29:09.590+0000][3024.111s][debug][safepoint     ] Safepoint synchronization initiated. (177 threads)
[2023-10-19T21:29:09.591+0000][3024.111s][info ][safepoint     ] Application time: 1.0008884 seconds
[2023-10-19T21:29:09.591+0000][3024.112s][info ][safepoint     ] Entering safepoint region: Cleanup
[2023-10-19T21:29:09.592+0000][3024.112s][info ][safepoint     ] Leaving safepoint region
[2023-10-19T21:29:09.593+0000][3024.113s][info ][safepoint     ] Total time for which application threads were stopped: 0.0012500 seconds, Stopping threads took: 0.0004962 seconds
[2023-10-19T21:29:10.593+0000][3025.114s][debug][safepoint     ] Safepoint synchronization initiated. (177 threads)
[2023-10-19T21:29:10.594+0000][3025.115s][info ][safepoint     ] Application time: 1.0013045 seconds
[2023-10-19T21:29:10.595+0000][3025.115s][info ][safepoint     ] Entering safepoint region: Cleanup
[2023-10-19T21:29:10.596+0000][3025.116s][info ][safepoint     ] Leaving safepoint region
[2023-10-19T21:29:10.596+0000][3025.117s][info ][safepoint     ] Total time for which application threads were stopped: 0.0013112 seconds, Stopping threads took: 0.0005266 seconds
[2023-10-19T21:29:11.597+0000][3026.117s][debug][safepoint     ] Safepoint synchronization initiated. (177 threads)
[2023-10-19T21:29:11.598+0000][3026.118s][info ][safepoint     ] Application time: 1.0012292 seconds
[2023-10-19T21:29:11.599+0000][3026.119s][info ][safepoint     ] Entering safepoint region: Cleanup
[2023-10-19T21:29:11.600+0000][3026.121s][info ][safepoint     ] Leaving safepoint region
[2023-10-19T21:29:11.601+0000][3026.122s][info ][safepoint     ] Total time for which application threads were stopped: 0.0022427 seconds, Stopping threads took: 0.0008403 seconds
[2023-10-19T21:29:12.603+0000][3027.123s][debug][safepoint     ] Safepoint synchronization initiated. (177 threads)
[2023-10-19T21:29:12.604+0000][3027.124s][info ][safepoint     ] Application time: 1.0014570 seconds
[2023-10-19T21:29:12.605+0000][3027.126s][info ][safepoint     ] Entering safepoint region: Cleanup
[2023-10-19T21:29:12.608+0000][3027.128s][info ][safepoint     ] Leaving safepoint region
[2023-10-19T21:29:12.608+0000][3027.129s][info ][safepoint     ] Total time for which application threads were stopped: 0.0031076 seconds, Stopping threads took: 0.0021117 seconds
[2023-10-19T21:29:13.609+0000][3028.130s][debug][safepoint     ] Safepoint synchronization initiated. (177 threads)
[2023-10-19T21:29:13.610+0000][3028.131s][info ][safepoint     ] Application time: 1.0010899 seconds
[2023-10-19T21:29:13.611+0000][3028.131s][info ][safepoint     ] Entering safepoint region: Cleanup
[2023-10-19T21:29:13.612+0000][3028.133s][info ][safepoint     ] Leaving safepoint region
[2023-10-19T21:29:13.613+0000][3028.133s][info ][safepoint     ] Total time for which application threads were stopped: 0.0018649 seconds, Stopping threads took: 0.0008308 seconds
[2023-10-19T21:29:14.614+0000][3029.134s][debug][safepoint     ] Safepoint synchronization initiated. (177 threads)
[2023-10-19T21:29:14.614+0000][3029.135s][info ][safepoint     ] Application time: 1.0009502 seconds
[2023-10-19T21:29:14.615+0000][3029.136s][info ][safepoint     ] Entering safepoint region: Cleanup
[2023-10-19T21:29:14.616+0000][3029.136s][info ][safepoint     ] Leaving safepoint region
[2023-10-19T21:29:14.616+0000][3029.137s][info ][safepoint     ] Total time for which application threads were stopped: 0.0011167 seconds, Stopping threads took: 0.0004817 seconds
[2023-10-19T21:29:15.617+0000][3030.137s][debug][safepoint     ] Safepoint synchronization initiated. (177 threads)
[2023-10-19T21:29:15.618+0000][3030.138s][info ][safepoint     ] Application time: 1.0013935 seconds
[2023-10-19T21:29:15.619+0000][3030.140s][info ][safepoint     ] Entering safepoint region: Cleanup
[2023-10-19T21:29:15.620+0000][3030.141s][info ][safepoint     ] Leaving safepoint region
[2023-10-19T21:29:15.621+0000][3030.141s][info ][safepoint     ] Total time for which application threads were stopped: 0.0018383 seconds, Stopping threads took: 0.0008212 seconds
[2023-10-19T21:29:15.620+0000][3030.141s][debug][safepoint     ] ... found polling page return exception at pc = 0x00007fbdb0cb92c4, stub =0x00007fbda8840600
[2023-10-19T21:29:15.620+0000][3030.141s][debug][safepoint     ] ... found polling page return exception at pc = 0x00007fbdb0cb92c4, stub =0x00007fbda8840600
[2023-10-19T21:29:15.620+0000][3030.141s][debug][safepoint     ] ... found polling page return exception at pc = 0x00007fbdb0cb92c4, stub =0x00007fbda8840600
[2023-10-19T21:29:15.620+0000][3030.141s][debug][safepoint     ] ... found polling page return exception at pc = 0x00007fbdb0cb92c4, stub =0x00007fbda8840600
[2023-10-19T21:29:15.620+0000][3030.141s][debug][safepoint     ] ... found polling page return exception at pc = 0x00007fbdb0cb92c4, stub =0x00007fbda8840600
[2023-10-19T21:29:15.620+0000][3030.141s][debug][safepoint     ] ... found polling page return exception at pc = 0x00007fbdb0cb92c4, stub =0x00007fbda8840600
[2023-10-19T21:29:16.622+0000][3031.142s][debug][safepoint     ] Safepoint synchronization initiated. (177 threads)
[2023-10-19T21:29:16.622+0000][3031.143s][info ][safepoint     ] Application time: 1.0005884 seconds
[2023-10-19T21:29:16.623+0000][3031.143s][info ][safepoint     ] Entering safepoint region: Cleanup
[2023-10-19T21:29:16.623+0000][3031.144s][info ][safepoint     ] Leaving safepoint region
[2023-10-19T21:29:16.624+0000][3031.144s][info ][safepoint     ] Total time for which application threads were stopped: 0.0011073 seconds, Stopping threads took: 0.0004513 seconds
[2023-10-19T21:29:17.624+0000][3032.145s][debug][safepoint     ] Safepoint synchronization initiated. (177 threads)
[2023-10-19T21:29:17.626+0000][3032.146s][info ][safepoint     ] Application time: 1.0016147 seconds
[2023-10-19T21:29:17.626+0000][3032.147s][info ][safepoint     ] Entering safepoint region: Cleanup
[2023-10-19T21:29:17.628+0000][3032.148s][info ][safepoint     ] Leaving safepoint region
[2023-10-19T21:29:17.628+0000][3032.149s][info ][safepoint     ] Total time for which application threads were stopped: 0.0019411 seconds, Stopping threads took: 0.0008114 seconds
[2023-10-19T21:29:18.629+0000][3033.150s][debug][safepoint     ] Safepoint synchronization initiated. (177 threads)
[2023-10-19T21:29:18.630+0000][3033.150s][info ][safepoint     ] Application time: 1.0008494 seconds
[2023-10-19T21:29:18.630+0000][3033.151s][info ][safepoint     ] Entering safepoint region: Cleanup
[2023-10-19T21:29:18.631+0000][3033.151s][info ][safepoint     ] Leaving safepoint region
[2023-10-19T21:29:18.631+0000][3033.152s][info ][safepoint     ] Total time for which application threads were stopped: 0.0010604 seconds, Stopping threads took: 0.0004719 seconds
[2023-10-19T21:29:19.632+0000][3034.152s][debug][safepoint     ] Safepoint synchronization initiated. (177 threads)
[2023-10-19T21:29:19.633+0000][3034.153s][info ][safepoint     ] Application time: 1.0012655 seconds
[2023-10-19T21:29:19.634+0000][3034.154s][info ][safepoint     ] Entering safepoint region: Cleanup
[2023-10-19T21:29:19.635+0000][3034.155s][info ][safepoint     ] Leaving safepoint region
[2023-10-19T21:29:19.636+0000][3034.156s][info ][safepoint     ] Total time for which application threads were stopped: 0.0020193 seconds, Stopping threads took: 0.0009977 seconds
[2023-10-19T21:29:20.636+0000][3035.157s][debug][safepoint     ] Safepoint synchronization initiated. (177 threads)
[2023-10-19T21:29:20.637+0000][3035.158s][info ][safepoint     ] Application time: 1.0011114 seconds
[2023-10-19T21:29:20.638+0000][3035.159s][info ][safepoint     ] Entering safepoint region: Cleanup
[2023-10-19T21:29:20.639+0000][3035.160s][info ][safepoint     ] Leaving safepoint region
[2023-10-19T21:29:20.640+0000][3035.160s][info ][safepoint     ] Total time for which application threads were stopped: 0.0015651 seconds, Stopping threads took: 0.0006049 seconds
[2023-10-19T21:29:20.639+0000][3035.160s][debug][safepoint     ] ... found polling page return exception at pc = 0x00007fbdb0cb92c4, stub =0x00007fbda8840600
[2023-10-19T21:29:20.639+0000][3035.160s][debug][safepoint     ] ... found polling page return exception at pc = 0x00007fbdb0cb92c4, stub =0x00007fbda8840600
[2023-10-19T21:29:21.641+0000][3036.161s][debug][safepoint     ] Safepoint synchronization initiated. (177 threads)
[2023-10-19T21:29:21.642+0000][3036.162s][info ][safepoint     ] Application time: 1.0011903 seconds
[2023-10-19T21:29:21.643+0000][3036.163s][info ][safepoint     ] Entering safepoint region: Cleanup
[2023-10-19T21:29:21.644+0000][3036.164s][info ][safepoint     ] Leaving safepoint region
[2023-10-19T21:29:21.645+0000][3036.165s][info ][safepoint     ] Total time for which application threads were stopped: 0.0020464 seconds, Stopping threads took: 0.0007651 seconds
[2023-10-19T21:29:22.645+0000][3037.166s][debug][safepoint     ] Safepoint synchronization initiated. (177 threads)
[2023-10-19T21:29:22.646+0000][3037.166s][info ][safepoint     ] Application time: 1.0009328 seconds
[2023-10-19T21:29:22.647+0000][3037.167s][info ][safepoint     ] Entering safepoint region: Cleanup
[2023-10-19T21:29:22.648+0000][3037.168s][info ][safepoint     ] Leaving safepoint region
[2023-10-19T21:29:22.649+0000][3037.169s][info ][safepoint     ] Total time for which application threads were stopped: 0.0018968 seconds, Stopping threads took: 0.0008831 seconds
[2023-10-19T21:29:23.650+0000][3038.170s][debug][safepoint     ] Safepoint synchronization initiated. (177 threads)
[2023-10-19T21:29:23.651+0000][3038.171s][info ][safepoint     ] Application time: 1.0012272 seconds
[2023-10-19T21:29:23.652+0000][3038.172s][info ][safepoint     ] Entering safepoint region: Cleanup
[2023-10-19T21:29:23.653+0000][3038.173s][info ][safepoint     ] Leaving safepoint region
[2023-10-19T21:29:23.654+0000][3038.174s][info ][safepoint     ] Total time for which application threads were stopped: 0.0021048 seconds, Stopping threads took: 0.0010003 seconds
[2023-10-19T21:29:24.655+0000][3039.175s][debug][safepoint     ] Safepoint synchronization initiated. (177 threads)
[2023-10-19T21:29:24.655+0000][3039.176s][info ][safepoint     ] Application time: 1.0010045 seconds
[2023-10-19T21:29:24.656+0000][3039.176s][info ][safepoint     ] Entering safepoint region: Cleanup
[2023-10-19T21:29:24.657+0000][3039.177s][info ][safepoint     ] Leaving safepoint region
[2023-10-19T21:29:24.657+0000][3039.178s][info ][safepoint     ] Total time for which application threads were stopped: 0.0011530 seconds, Stopping threads took: 0.0005197 seconds
[2023-10-19T21:29:25.658+0000][3040.178s][debug][safepoint     ] Safepoint synchronization initiated. (177 threads)
[2023-10-19T21:29:25.659+0000][3040.179s][info ][safepoint     ] Application time: 1.0009747 seconds
[2023-10-19T21:29:25.659+0000][3040.180s][info ][safepoint     ] Entering safepoint region: Cleanup
[2023-10-19T21:29:25.660+0000][3040.180s][info ][safepoint     ] Leaving safepoint region
[2023-10-19T21:29:25.661+0000][3040.181s][info ][safepoint     ] Total time for which application threads were stopped: 0.0012306 seconds, Stopping threads took: 0.0005152 seconds
[2023-10-19T21:29:26.661+0000][3041.182s][debug][safepoint     ] Safepoint synchronization initiated. (177 threads)
[2023-10-19T21:29:26.662+0000][3041.183s][info ][safepoint     ] Application time: 1.0013130 seconds
[2023-10-19T21:29:26.663+0000][3041.183s][info ][safepoint     ] Entering safepoint region: Cleanup
[2023-10-19T21:29:26.664+0000][3041.184s][info ][safepoint     ] Leaving safepoint region
[2023-10-19T21:29:26.665+0000][3041.185s][info ][safepoint     ] Total time for which application threads were stopped: 0.0015603 seconds, Stopping threads took: 0.0007156 seconds
[2023-10-19T21:29:27.666+0000][3042.186s][debug][safepoint     ] Safepoint synchronization initiated. (177 threads)
[2023-10-19T21:29:27.667+0000][3042.187s][info ][safepoint     ] Application time: 1.0013710 seconds
[2023-10-19T21:29:27.667+0000][3042.188s][info ][safepoint     ] Entering safepoint region: Cleanup
[2023-10-19T21:29:27.668+0000][3042.188s][info ][safepoint     ] Leaving safepoint region
[2023-10-19T21:29:27.669+0000][3042.189s][info ][safepoint     ] Total time for which application threads were stopped: 0.0015731 seconds, Stopping threads took: 0.0007969 seconds
[2023-10-19T21:29:28.669+0000][3043.190s][debug][safepoint     ] Safepoint synchronization initiated. (177 threads)
[2023-10-19T21:29:28.670+0000][3043.190s][info ][safepoint     ] Application time: 1.0012258 seconds
[2023-10-19T21:29:28.671+0000][3043.191s][info ][safepoint     ] Entering safepoint region: Cleanup
[2023-10-19T21:29:28.672+0000][3043.193s][info ][safepoint     ] Leaving safepoint region
[2023-10-19T21:29:28.673+0000][3043.193s][info ][safepoint     ] Total time for which application threads were stopped: 0.0019195 seconds, Stopping threads took: 0.0008944 seconds
[2023-10-19T21:29:29.674+0000][3044.194s][debug][safepoint     ] Safepoint synchronization initiated. (177 threads)
[2023-10-19T21:29:29.674+0000][3044.195s][info ][safepoint     ] Application time: 1.0008378 seconds
[2023-10-19T21:29:29.675+0000][3044.195s][info ][safepoint     ] Entering safepoint region: Cleanup
[2023-10-19T21:29:29.676+0000][3044.196s][info ][safepoint     ] Leaving safepoint region
[2023-10-19T21:29:29.676+0000][3044.197s][info ][safepoint     ] Total time for which application threads were stopped: 0.0016660 seconds, Stopping threads took: 0.0006420 seconds
[2023-10-19T21:29:30.677+0000][3045.198s][debug][safepoint     ] Safepoint synchronization initiated. (177 threads)
[2023-10-19T21:29:30.678+0000][3045.199s][info ][safepoint     ] Application time: 1.0012173 seconds
[2023-10-19T21:29:30.679+0000][3045.200s][info ][safepoint     ] Entering safepoint region: Cleanup
[2023-10-19T21:29:30.680+0000][3045.201s][info ][safepoint     ] Leaving safepoint region
[2023-10-19T21:29:30.681+0000][3045.202s][info ][safepoint     ] Total time for which application threads were stopped: 0.0021316 seconds, Stopping threads took: 0.0009039 seconds
[2023-10-19T21:29:31.682+0000][3046.203s][debug][safepoint     ] Safepoint synchronization initiated. (177 threads)
[2023-10-19T21:29:31.683+0000][3046.204s][info ][safepoint     ] Application time: 1.0012287 seconds
[2023-10-19T21:29:31.684+0000][3046.204s][info ][safepoint     ] Entering safepoint region: Cleanup
[2023-10-19T21:29:31.685+0000][3046.206s][info ][safepoint     ] Leaving safepoint region
[2023-10-19T21:29:31.686+0000][3046.206s][info ][safepoint     ] Total time for which application threads were stopped: 0.0019823 seconds, Stopping threads took: 0.0008812 seconds
[2023-10-19T21:29:32.687+0000][3047.207s][debug][safepoint     ] Safepoint synchronization initiated. (177 threads)
[2023-10-19T21:29:32.688+0000][3047.208s][info ][safepoint     ] Application time: 1.0012185 seconds
[2023-10-19T21:29:32.689+0000][3047.209s][info ][safepoint     ] Entering safepoint region: Cleanup
[2023-10-19T21:29:32.690+0000][3047.211s][info ][safepoint     ] Leaving safepoint region
[2023-10-19T21:29:32.691+0000][3047.211s][info ][safepoint     ] Total time for which application threads were stopped: 0.0018915 seconds, Stopping threads took: 0.0008858 seconds
[2023-10-19T21:29:33.692+0000][3048.212s][debug][safepoint     ] Safepoint synchronization initiated. (177 threads)
[2023-10-19T21:29:33.692+0000][3048.213s][info ][safepoint     ] Application time: 1.0006670 seconds
[2023-10-19T21:29:33.693+0000][3048.213s][info ][safepoint     ] Entering safepoint region: Cleanup
[2023-10-19T21:29:33.693+0000][3048.214s][info ][safepoint     ] Leaving safepoint region
[2023-10-19T21:29:33.694+0000][3048.214s][info ][safepoint     ] Total time for which application threads were stopped: 0.0007976 seconds, Stopping threads took: 0.0003642 seconds
[2023-10-19T21:29:34.694+0000][3049.214s][debug][safepoint     ] Safepoint synchronization initiated. (177 threads)
[2023-10-19T21:29:34.695+0000][3049.215s][info ][safepoint     ] Application time: 1.0010251 seconds
[2023-10-19T21:29:34.696+0000][3049.216s][debug][safepoint     ] ... found polling page return exception at pc = 0x00007fbdab4645a0, stub =0x00007fbda8840600
[2023-10-19T21:29:34.696+0000][3049.216s][debug][safepoint     ] Waiting for 1 thread(s) to block
[2023-10-19T21:29:34.697+0000][3049.217s][info ][safepoint     ] Entering safepoint region: Cleanup
[2023-10-19T21:29:34.698+0000][3049.218s][info ][safepoint     ] Leaving safepoint region
[2023-10-19T21:29:34.698+0000][3049.219s][info ][safepoint     ] Total time for which application threads were stopped: 0.0029366 seconds, Stopping threads took: 0.0020188 seconds
[2023-10-19T21:29:35.699+0000][3050.220s][debug][safepoint     ] Safepoint synchronization initiated. (177 threads)
[2023-10-19T21:29:35.700+0000][3050.220s][info ][safepoint     ] Application time: 1.0009690 seconds
[2023-10-19T21:29:35.701+0000][3050.221s][info ][safepoint     ] Entering safepoint region: Cleanup
[2023-10-19T21:29:35.702+0000][3050.222s][info ][safepoint     ] Leaving safepoint region
[2023-10-19T21:29:35.702+0000][3050.222s][info ][safepoint     ] Total time for which application threads were stopped: 0.0015257 seconds, Stopping threads took: 0.0007337 seconds
[2023-10-19T21:29:36.703+0000][3051.223s][debug][safepoint     ] Safepoint synchronization initiated. (177 threads)
[2023-10-19T21:29:36.704+0000][3051.224s][info ][safepoint     ] Application time: 1.0012350 seconds
[2023-10-19T21:29:36.705+0000][3051.225s][info ][safepoint     ] Entering safepoint region: Cleanup
[2023-10-19T21:29:36.706+0000][3051.226s][info ][safepoint     ] Leaving safepoint region
[2023-10-19T21:29:36.707+0000][3051.227s][info ][safepoint     ] Total time for which application threads were stopped: 0.0018788 seconds, Stopping threads took: 0.0007471 seconds
[2023-10-19T21:29:37.708+0000][3052.228s][debug][safepoint     ] Safepoint synchronization initiated. (177 threads)
[2023-10-19T21:29:37.709+0000][3052.229s][info ][safepoint     ] Application time: 1.0012983 seconds
[2023-10-19T21:29:37.710+0000][3052.230s][info ][safepoint     ] Entering safepoint region: Cleanup
[2023-10-19T21:29:37.711+0000][3052.231s][info ][safepoint     ] Leaving safepoint region
[2023-10-19T21:29:37.712+0000][3052.232s][info ][safepoint     ] Total time for which application threads were stopped: 0.0020039 seconds, Stopping threads took: 0.0008950 seconds
[2023-10-19T21:29:38.713+0000][3053.233s][debug][safepoint     ] Safepoint synchronization initiated. (177 threads)
[2023-10-19T21:29:38.713+0000][3053.233s][info ][safepoint     ] Application time: 1.0007265 seconds
[2023-10-19T21:29:38.714+0000][3053.234s][info ][safepoint     ] Entering safepoint region: Cleanup
[2023-10-19T21:29:38.714+0000][3053.235s][info ][safepoint     ] Leaving safepoint region
[2023-10-19T21:29:38.715+0000][3053.235s][info ][safepoint     ] Total time for which application threads were stopped: 0.0012874 seconds, Stopping threads took: 0.0004874 seconds
[2023-10-19T21:29:39.715+0000][3054.236s][debug][safepoint     ] Safepoint synchronization initiated. (177 threads)
[2023-10-19T21:29:39.716+0000][3054.236s][info ][safepoint     ] Application time: 1.0005878 seconds
[2023-10-19T21:29:39.716+0000][3054.237s][info ][safepoint     ] Entering safepoint region: Cleanup
[2023-10-19T21:29:39.717+0000][3054.237s][info ][safepoint     ] Leaving safepoint region
[2023-10-19T21:29:39.717+0000][3054.238s][info ][safepoint     ] Total time for which application threads were stopped: 0.0010226 seconds, Stopping threads took: 0.0004458 seconds
[2023-10-19T21:29:40.718+0000][3055.238s][debug][safepoint     ] Safepoint synchronization initiated. (177 threads)
[2023-10-19T21:29:40.719+0000][3055.239s][info ][safepoint     ] Application time: 1.0012557 seconds
[2023-10-19T21:29:40.720+0000][3055.240s][info ][safepoint     ] Entering safepoint region: Cleanup
[2023-10-19T21:29:40.721+0000][3055.241s][info ][safepoint     ] Leaving safepoint region
[2023-10-19T21:29:40.722+0000][3055.242s][info ][safepoint     ] Total time for which application threads were stopped: 0.0017788 seconds, Stopping threads took: 0.0007955 seconds
[2023-10-19T21:29:41.722+0000][3056.243s][debug][safepoint     ] Safepoint synchronization initiated. (177 threads)
[2023-10-19T21:29:41.723+0000][3056.243s][info ][safepoint     ] Application time: 1.0007227 seconds
[2023-10-19T21:29:41.724+0000][3056.244s][info ][safepoint     ] Entering safepoint region: Cleanup
[2023-10-19T21:29:41.724+0000][3056.245s][info ][safepoint     ] Leaving safepoint region
[2023-10-19T21:29:41.725+0000][3056.245s][info ][safepoint     ] Total time for which application threads were stopped: 0.0013353 seconds, Stopping threads took: 0.0005686 seconds
[2023-10-19T21:29:42.725+0000][3057.246s][debug][safepoint     ] Safepoint synchronization initiated. (178 threads)
[2023-10-19T21:29:42.726+0000][3057.246s][info ][safepoint     ] Application time: 1.0006236 seconds
[2023-10-19T21:29:42.726+0000][3057.247s][info ][safepoint     ] Entering safepoint region: Cleanup
[2023-10-19T21:29:42.727+0000][3057.247s][info ][safepoint     ] Leaving safepoint region
[2023-10-19T21:29:42.727+0000][3057.247s][info ][safepoint     ] Total time for which application threads were stopped: 0.0007568 seconds, Stopping threads took: 0.0003059 seconds
[2023-10-19T21:29:43.727+0000][3058.248s][debug][safepoint     ] Safepoint synchronization initiated. (178 threads)
[2023-10-19T21:29:43.728+0000][3058.248s][info ][safepoint     ] Application time: 1.0009237 seconds
[2023-10-19T21:29:43.729+0000][3058.249s][info ][safepoint     ] Entering safepoint region: Cleanup
[2023-10-19T21:29:43.729+0000][3058.250s][info ][safepoint     ] Leaving safepoint region
[2023-10-19T21:29:43.730+0000][3058.250s][info ][safepoint     ] Total time for which application threads were stopped: 0.0013416 seconds, Stopping threads took: 0.0005835 seconds
[2023-10-19T21:29:44.731+0000][3059.251s][debug][safepoint     ] Safepoint synchronization initiated. (178 threads)
[2023-10-19T21:29:44.731+0000][3059.252s][info ][safepoint     ] Application time: 1.0009163 seconds
[2023-10-19T21:29:44.732+0000][3059.252s][info ][safepoint     ] Entering safepoint region: Cleanup
[2023-10-19T21:29:44.733+0000][3059.253s][info ][safepoint     ] Leaving safepoint region
[2023-10-19T21:29:44.733+0000][3059.253s][info ][safepoint     ] Total time for which application threads were stopped: 0.0011989 seconds, Stopping threads took: 0.0005749 seconds
[2023-10-19T21:29:45.734+0000][3060.254s][debug][safepoint     ] Safepoint synchronization initiated. (178 threads)
[2023-10-19T21:29:45.734+0000][3060.254s][info ][safepoint     ] Application time: 1.0005619 seconds
[2023-10-19T21:29:45.735+0000][3060.255s][info ][safepoint     ] Entering safepoint region: Cleanup
[2023-10-19T21:29:45.735+0000][3060.256s][info ][safepoint     ] Leaving safepoint region
[2023-10-19T21:29:45.736+0000][3060.256s][info ][safepoint     ] Total time for which application threads were stopped: 0.0011279 seconds, Stopping threads took: 0.0004496 seconds
[2023-10-19T21:29:46.736+0000][3061.256s][debug][safepoint     ] Safepoint synchronization initiated. (178 threads)
[2023-10-19T21:29:46.737+0000][3061.258s][info ][safepoint     ] Application time: 1.0012184 seconds
[2023-10-19T21:29:46.738+0000][3061.258s][info ][safepoint     ] Entering safepoint region: Cleanup
[2023-10-19T21:29:46.739+0000][3061.260s][info ][safepoint     ] Leaving safepoint region
[2023-10-19T21:29:46.740+0000][3061.260s][info ][safepoint     ] Total time for which application threads were stopped: 0.0020152 seconds, Stopping threads took: 0.0009517 seconds
[2023-10-19T21:29:47.741+0000][3062.261s][debug][safepoint     ] Safepoint synchronization initiated. (178 threads)
[2023-10-19T21:29:47.742+0000][3062.263s][info ][safepoint     ] Application time: 1.0015900 seconds
[2023-10-19T21:29:47.744+0000][3062.264s][info ][safepoint     ] Entering safepoint region: Cleanup
[2023-10-19T21:29:47.745+0000][3062.266s][info ][safepoint     ] Leaving safepoint region
[2023-10-19T21:29:47.746+0000][3062.267s][info ][safepoint     ] Total time for which application threads were stopped: 0.0028211 seconds, Stopping threads took: 0.0012156 seconds
[2023-10-19T21:29:47.745+0000][3062.266s][debug][safepoint     ] ... found polling page return exception at pc = 0x00007fbdb0cb92c4, stub =0x00007fbda8840600
[2023-10-19T21:29:47.745+0000][3062.266s][debug][safepoint     ] ... found polling page return exception at pc = 0x00007fbdb0cb92c4, stub =0x00007fbda8840600
[2023-10-19T21:29:47.745+0000][3062.266s][debug][safepoint     ] ... found polling page return exception at pc = 0x00007fbdb0cb92c4, stub =0x00007fbda8840600
[2023-10-19T21:29:48.747+0000][3063.268s][debug][safepoint     ] Safepoint synchronization initiated. (178 threads)
[2023-10-19T21:29:48.748+0000][3063.268s][info ][safepoint     ] Application time: 1.0005338 seconds
[2023-10-19T21:29:48.748+0000][3063.268s][info ][safepoint     ] Entering safepoint region: Cleanup
[2023-10-19T21:29:48.749+0000][3063.269s][info ][safepoint     ] Leaving safepoint region
[2023-10-19T21:29:48.749+0000][3063.269s][info ][safepoint     ] Total time for which application threads were stopped: 0.0007349 seconds, Stopping threads took: 0.0003019 seconds
[2023-10-19T21:29:49.750+0000][3064.270s][debug][safepoint     ] Safepoint synchronization initiated. (178 threads)
[2023-10-19T21:29:49.751+0000][3064.271s][info ][safepoint     ] Application time: 1.0015277 seconds
[2023-10-19T21:29:49.752+0000][3064.272s][info ][safepoint     ] Entering safepoint region: Cleanup
[2023-10-19T21:29:49.753+0000][3064.273s][info ][safepoint     ] Leaving safepoint region
[2023-10-19T21:29:49.754+0000][3064.274s][info ][safepoint     ] Total time for which application threads were stopped: 0.0022535 seconds, Stopping threads took: 0.0009823 seconds
[2023-10-19T21:29:50.755+0000][3065.275s][debug][safepoint     ] Safepoint synchronization initiated. (178 threads)
[2023-10-19T21:29:50.756+0000][3065.276s][info ][safepoint     ] Application time: 1.0011771 seconds
[2023-10-19T21:29:50.757+0000][3065.277s][info ][safepoint     ] Entering safepoint region: Cleanup
[2023-10-19T21:29:50.757+0000][3065.278s][info ][safepoint     ] Leaving safepoint region
[2023-10-19T21:29:50.758+0000][3065.278s][info ][safepoint     ] Total time for which application threads were stopped: 0.0014667 seconds, Stopping threads took: 0.0006276 seconds
[2023-10-19T21:29:51.759+0000][3066.279s][debug][safepoint     ] Safepoint synchronization initiated. (178 threads)
[2023-10-19T21:29:51.759+0000][3066.280s][info ][safepoint     ] Application time: 1.0008534 seconds
[2023-10-19T21:29:51.760+0000][3066.280s][info ][safepoint     ] Entering safepoint region: Cleanup
[2023-10-19T21:29:51.761+0000][3066.281s][info ][safepoint     ] Leaving safepoint region
[2023-10-19T21:29:51.761+0000][3066.282s][info ][safepoint     ] Total time for which application threads were stopped: 0.0013552 seconds, Stopping threads took: 0.0006979 seconds
[2023-10-19T21:29:52.762+0000][3067.282s][debug][safepoint     ] Safepoint synchronization initiated. (178 threads)
[2023-10-19T21:29:52.763+0000][3067.283s][info ][safepoint     ] Application time: 1.0005176 seconds
[2023-10-19T21:29:52.763+0000][3067.283s][info ][safepoint     ] Entering safepoint region: Cleanup
[2023-10-19T21:29:52.764+0000][3067.284s][info ][safepoint     ] Leaving safepoint region
[2023-10-19T21:29:52.764+0000][3067.284s][info ][safepoint     ] Total time for which application threads were stopped: 0.0009234 seconds, Stopping threads took: 0.0003971 seconds
[2023-10-19T21:29:53.765+0000][3068.285s][debug][safepoint     ] Safepoint synchronization initiated. (178 threads)
[2023-10-19T21:29:53.765+0000][3068.285s][info ][safepoint     ] Application time: 1.0009242 seconds
[2023-10-19T21:29:53.766+0000][3068.286s][info ][safepoint     ] Entering safepoint region: Cleanup
[2023-10-19T21:29:53.767+0000][3068.287s][info ][safepoint     ] Leaving safepoint region
[2023-10-19T21:29:53.767+0000][3068.287s][info ][safepoint     ] Total time for which application threads were stopped: 0.0013071 seconds, Stopping threads took: 0.0005926 seconds
[2023-10-19T21:29:54.768+0000][3069.288s][debug][safepoint     ] Safepoint synchronization initiated. (178 threads)
[2023-10-19T21:29:54.769+0000][3069.289s][info ][safepoint     ] Application time: 1.0014253 seconds
[2023-10-19T21:29:54.770+0000][3069.290s][info ][safepoint     ] Entering safepoint region: Cleanup
[2023-10-19T21:29:54.771+0000][3069.291s][info ][safepoint     ] Leaving safepoint region
[2023-10-19T21:29:54.772+0000][3069.292s][info ][safepoint     ] Total time for which application threads were stopped: 0.0018938 seconds, Stopping threads took: 0.0009021 seconds
[2023-10-19T21:29:55.773+0000][3070.293s][debug][safepoint     ] Safepoint synchronization initiated. (178 threads)
[2023-10-19T21:29:55.774+0000][3070.294s][info ][safepoint     ] Application time: 1.0011146 seconds
[2023-10-19T21:29:55.775+0000][3070.295s][info ][safepoint     ] Entering safepoint region: Cleanup
[2023-10-19T21:29:55.776+0000][3070.296s][info ][safepoint     ] Leaving safepoint region
[2023-10-19T21:29:55.776+0000][3070.296s][info ][safepoint     ] Total time for which application threads were stopped: 0.0015248 seconds, Stopping threads took: 0.0007919 seconds
[2023-10-19T21:29:56.777+0000][3071.297s][debug][safepoint     ] Safepoint synchronization initiated. (178 threads)
[2023-10-19T21:29:56.778+0000][3071.298s][info ][safepoint     ] Application time: 1.0011469 seconds
[2023-10-19T21:29:56.779+0000][3071.299s][info ][safepoint     ] Entering safepoint region: Cleanup
[2023-10-19T21:29:56.779+0000][3071.299s][info ][safepoint     ] Leaving safepoint region
[2023-10-19T21:29:56.780+0000][3071.300s][info ][safepoint     ] Total time for which application threads were stopped: 0.0011338 seconds, Stopping threads took: 0.0004435 seconds
[2023-10-19T21:29:57.780+0000][3072.301s][debug][safepoint     ] Safepoint synchronization initiated. (178 threads)
[2023-10-19T21:29:57.781+0000][3072.301s][info ][safepoint     ] Application time: 1.0011473 seconds
[2023-10-19T21:29:57.782+0000][3072.302s][info ][safepoint     ] Entering safepoint region: Cleanup
[2023-10-19T21:29:57.783+0000][3072.303s][info ][safepoint     ] Leaving safepoint region
[2023-10-19T21:29:57.784+0000][3072.304s][info ][safepoint     ] Total time for which application threads were stopped: 0.0015697 seconds, Stopping threads took: 0.0006050 seconds
[2023-10-19T21:29:58.784+0000][3073.305s][debug][safepoint     ] Safepoint synchronization initiated. (178 threads)
[2023-10-19T21:29:58.785+0000][3073.306s][info ][safepoint     ] Application time: 1.0011886 seconds
[2023-10-19T21:29:58.786+0000][3073.306s][info ][safepoint     ] Entering safepoint region: Cleanup
[2023-10-19T21:29:58.787+0000][3073.308s][info ][safepoint     ] Leaving safepoint region
[2023-10-19T21:29:58.788+0000][3073.308s][info ][safepoint     ] Total time for which application threads were stopped: 0.0019883 seconds, Stopping threads took: 0.0009453 seconds
[2023-10-19T21:29:59.789+0000][3074.310s][debug][safepoint     ] Safepoint synchronization initiated. (178 threads)
[2023-10-19T21:29:59.790+0000][3074.310s][info ][safepoint     ] Application time: 1.0011187 seconds
[2023-10-19T21:29:59.791+0000][3074.311s][info ][safepoint     ] Entering safepoint region: Cleanup
[2023-10-19T21:29:59.792+0000][3074.312s][info ][safepoint     ] Leaving safepoint region
[2023-10-19T21:29:59.793+0000][3074.313s][info ][safepoint     ] Total time for which application threads were stopped: 0.0016782 seconds, Stopping threads took: 0.0007545 seconds
[2023-10-19T21:30:00.794+0000][3075.314s][debug][safepoint     ] Safepoint synchronization initiated. (178 threads)
[2023-10-19T21:30:00.794+0000][3075.315s][info ][safepoint     ] Application time: 1.0009235 seconds
[2023-10-19T21:30:00.795+0000][3075.315s][info ][safepoint     ] Entering safepoint region: Cleanup
[2023-10-19T21:30:00.796+0000][3075.316s][info ][safepoint     ] Leaving safepoint region
[2023-10-19T21:30:00.796+0000][3075.316s][info ][safepoint     ] Total time for which application threads were stopped: 0.0011080 seconds, Stopping threads took: 0.0004924 seconds
[2023-10-19T21:30:01.796+0000][3076.317s][debug][safepoint     ] Safepoint synchronization initiated. (178 threads)
[2023-10-19T21:30:01.797+0000][3076.317s][info ][safepoint     ] Application time: 1.0007721 seconds
[2023-10-19T21:30:01.798+0000][3076.318s][info ][safepoint     ] Entering safepoint region: Cleanup
[2023-10-19T21:30:01.798+0000][3076.318s][info ][safepoint     ] Leaving safepoint region
[2023-10-19T21:30:01.799+0000][3076.319s][info ][safepoint     ] Total time for which application threads were stopped: 0.0012151 seconds, Stopping threads took: 0.0004634 seconds
[2023-10-19T21:30:02.799+0000][3077.319s][debug][safepoint     ] Safepoint synchronization initiated. (178 threads)
[2023-10-19T21:30:02.800+0000][3077.320s][info ][safepoint     ] Application time: 1.0007587 seconds
[2023-10-19T21:30:02.800+0000][3077.321s][info ][safepoint     ] Entering safepoint region: Cleanup
[2023-10-19T21:30:02.801+0000][3077.321s][info ][safepoint     ] Leaving safepoint region
[2023-10-19T21:30:02.802+0000][3077.322s][info ][safepoint     ] Total time for which application threads were stopped: 0.0012136 seconds, Stopping threads took: 0.0004920 seconds
[2023-10-19T21:30:03.802+0000][3078.323s][debug][safepoint     ] Safepoint synchronization initiated. (178 threads)
[2023-10-19T21:30:03.804+0000][3078.324s][info ][safepoint     ] Application time: 1.0015225 seconds
[2023-10-19T21:30:03.805+0000][3078.325s][info ][safepoint     ] Entering safepoint region: Cleanup
[2023-10-19T21:30:03.806+0000][3078.326s][info ][safepoint     ] Leaving safepoint region
[2023-10-19T21:30:03.807+0000][3078.327s][info ][safepoint     ] Total time for which application threads were stopped: 0.0020020 seconds, Stopping threads took: 0.0008087 seconds
[2023-10-19T21:30:04.808+0000][3079.328s][debug][safepoint     ] Safepoint synchronization initiated. (178 threads)
[2023-10-19T21:30:04.808+0000][3079.329s][info ][safepoint     ] Application time: 1.0009711 seconds
[2023-10-19T21:30:04.809+0000][3079.329s][info ][safepoint     ] Entering safepoint region: Cleanup
[2023-10-19T21:30:04.810+0000][3079.330s][info ][safepoint     ] Leaving safepoint region
[2023-10-19T21:30:04.810+0000][3079.330s][info ][safepoint     ] Total time for which application threads were stopped: 0.0012531 seconds, Stopping threads took: 0.0005744 seconds
[2023-10-19T21:30:05.811+0000][3080.331s][debug][safepoint     ] Safepoint synchronization initiated. (178 threads)
[2023-10-19T21:30:05.812+0000][3080.332s][info ][safepoint     ] Application time: 1.0010788 seconds
[2023-10-19T21:30:05.813+0000][3080.333s][info ][safepoint     ] Entering safepoint region: Cleanup
[2023-10-19T21:30:05.814+0000][3080.334s][info ][safepoint     ] Leaving safepoint region
[2023-10-19T21:30:05.815+0000][3080.335s][info ][safepoint     ] Total time for which application threads were stopped: 0.0020989 seconds, Stopping threads took: 0.0009063 seconds
[2023-10-19T21:30:06.816+0000][3081.336s][debug][safepoint     ] Safepoint synchronization initiated. (178 threads)
[2023-10-19T21:30:06.817+0000][3081.337s][info ][safepoint     ] Application time: 1.0012285 seconds
[2023-10-19T21:30:06.818+0000][3081.338s][info ][safepoint     ] Entering safepoint region: Cleanup
[2023-10-19T21:30:06.819+0000][3081.339s][info ][safepoint     ] Leaving safepoint region
[2023-10-19T21:30:06.819+0000][3081.340s][info ][safepoint     ] Total time for which application threads were stopped: 0.0018067 seconds, Stopping threads took: 0.0007778 seconds
[2023-10-19T21:30:07.820+0000][3082.340s][debug][safepoint     ] Safepoint synchronization initiated. (178 threads)
[2023-10-19T21:30:07.821+0000][3082.341s][info ][safepoint     ] Application time: 1.0008719 seconds
[2023-10-19T21:30:07.822+0000][3082.342s][info ][safepoint     ] Entering safepoint region: Cleanup
[2023-10-19T21:30:07.822+0000][3082.342s][info ][safepoint     ] Leaving safepoint region
[2023-10-19T21:30:07.823+0000][3082.343s][info ][safepoint     ] Total time for which application threads were stopped: 0.0012816 seconds, Stopping threads took: 0.0005826 seconds
[2023-10-19T21:30:08.824+0000][3083.344s][debug][safepoint     ] Safepoint synchronization initiated. (178 threads)
[2023-10-19T21:30:08.825+0000][3083.345s][info ][safepoint     ] Application time: 1.0015171 seconds
[2023-10-19T21:30:08.826+0000][3083.346s][info ][safepoint     ] Entering safepoint region: Cleanup
[2023-10-19T21:30:08.827+0000][3083.347s][info ][safepoint     ] Leaving safepoint region
[2023-10-19T21:30:08.828+0000][3083.348s][info ][safepoint     ] Total time for which application threads were stopped: 0.0020430 seconds, Stopping threads took: 0.0009645 seconds
[2023-10-19T21:30:09.829+0000][3084.349s][debug][safepoint     ] Safepoint synchronization initiated. (178 threads)
[2023-10-19T21:30:09.829+0000][3084.349s][info ][safepoint     ] Application time: 1.0006399 seconds
[2023-10-19T21:30:09.830+0000][3084.350s][info ][safepoint     ] Entering safepoint region: Cleanup
[2023-10-19T21:30:09.830+0000][3084.350s][info ][safepoint     ] Leaving safepoint region
[2023-10-19T21:30:09.830+0000][3084.350s][info ][safepoint     ] Total time for which application threads were stopped: 0.0007653 seconds, Stopping threads took: 0.0003278 seconds
[2023-10-19T21:30:10.831+0000][3085.351s][debug][safepoint     ] Safepoint synchronization initiated. (178 threads)
[2023-10-19T21:30:10.832+0000][3085.352s][info ][safepoint     ] Application time: 1.0012598 seconds
[2023-10-19T21:30:10.833+0000][3085.353s][info ][safepoint     ] Entering safepoint region: Cleanup
[2023-10-19T21:30:10.834+0000][3085.354s][info ][safepoint     ] Leaving safepoint region
[2023-10-19T21:30:10.835+0000][3085.355s][info ][safepoint     ] Total time for which application threads were stopped: 0.0020301 seconds, Stopping threads took: 0.0009162 seconds
[2023-10-19T21:30:11.835+0000][3086.356s][debug][safepoint     ] Safepoint synchronization initiated. (178 threads)
[2023-10-19T21:30:11.836+0000][3086.356s][info ][safepoint     ] Application time: 1.0008115 seconds
[2023-10-19T21:30:11.837+0000][3086.357s][info ][safepoint     ] Entering safepoint region: Cleanup
[2023-10-19T21:30:11.837+0000][3086.358s][info ][safepoint     ] Leaving safepoint region
[2023-10-19T21:30:11.838+0000][3086.358s][info ][safepoint     ] Total time for which application threads were stopped: 0.0013035 seconds, Stopping threads took: 0.0005478 seconds
[2023-10-19T21:30:12.838+0000][3087.359s][debug][safepoint     ] Safepoint synchronization initiated. (177 threads)
[2023-10-19T21:30:12.839+0000][3087.359s][info ][safepoint     ] Application time: 1.0007349 seconds
[2023-10-19T21:30:12.839+0000][3087.360s][info ][safepoint     ] Entering safepoint region: Cleanup
[2023-10-19T21:30:12.840+0000][3087.360s][info ][safepoint     ] Leaving safepoint region
[2023-10-19T21:30:12.840+0000][3087.361s][info ][safepoint     ] Total time for which application threads were stopped: 0.0010082 seconds, Stopping threads took: 0.0004362 seconds
[2023-10-19T21:30:13.841+0000][3088.361s][debug][safepoint     ] Safepoint synchronization initiated. (177 threads)
[2023-10-19T21:30:13.842+0000][3088.363s][info ][safepoint     ] Application time: 1.0015353 seconds
[2023-10-19T21:30:13.843+0000][3088.364s][info ][safepoint     ] Entering safepoint region: Cleanup
[2023-10-19T21:30:13.845+0000][3088.365s][info ][safepoint     ] Leaving safepoint region
[2023-10-19T21:30:13.846+0000][3088.366s][info ][safepoint     ] Total time for which application threads were stopped: 0.0025399 seconds, Stopping threads took: 0.0011518 seconds
[2023-10-19T21:30:14.847+0000][3089.367s][debug][safepoint     ] Safepoint synchronization initiated. (177 threads)
[2023-10-19T21:30:14.848+0000][3089.368s][info ][safepoint     ] Application time: 1.0010480 seconds
[2023-10-19T21:30:14.848+0000][3089.368s][info ][safepoint     ] Entering safepoint region: Cleanup
[2023-10-19T21:30:14.849+0000][3089.370s][info ][safepoint     ] Leaving safepoint region
[2023-10-19T21:30:14.850+0000][3089.370s][info ][safepoint     ] Total time for which application threads were stopped: 0.0017851 seconds, Stopping threads took: 0.0007611 seconds
[2023-10-19T21:30:15.851+0000][3090.371s][debug][safepoint     ] Safepoint synchronization initiated. (178 threads)
[2023-10-19T21:30:15.852+0000][3090.372s][info ][safepoint     ] Application time: 1.0012921 seconds
[2023-10-19T21:30:15.853+0000][3090.373s][info ][safepoint     ] Entering safepoint region: Cleanup
[2023-10-19T21:30:15.854+0000][3090.374s][info ][safepoint     ] Leaving safepoint region
[2023-10-19T21:30:15.855+0000][3090.375s][info ][safepoint     ] Total time for which application threads were stopped: 0.0019664 seconds, Stopping threads took: 0.0008841 seconds
[2023-10-19T21:30:16.856+0000][3091.376s][debug][safepoint     ] Safepoint synchronization initiated. (178 threads)
[2023-10-19T21:30:16.856+0000][3091.377s][info ][safepoint     ] Application time: 1.0007359 seconds
[2023-10-19T21:30:16.857+0000][3091.377s][info ][safepoint     ] Entering safepoint region: Cleanup
[2023-10-19T21:30:16.858+0000][3091.378s][info ][safepoint     ] Leaving safepoint region
[2023-10-19T21:30:16.858+0000][3091.379s][info ][safepoint     ] Total time for which application threads were stopped: 0.0013565 seconds, Stopping threads took: 0.0005809 seconds
[2023-10-19T21:30:17.859+0000][3092.379s][debug][safepoint     ] Safepoint synchronization initiated. (178 threads)
[2023-10-19T21:30:17.859+0000][3092.380s][info ][safepoint     ] Application time: 1.0006392 seconds
[2023-10-19T21:30:17.860+0000][3092.380s][info ][safepoint     ] Entering safepoint region: Cleanup
[2023-10-19T21:30:17.860+0000][3092.381s][info ][safepoint     ] Leaving safepoint region
[2023-10-19T21:30:17.861+0000][3092.381s][info ][safepoint     ] Total time for which application threads were stopped: 0.0009738 seconds, Stopping threads took: 0.0004606 seconds
[2023-10-19T21:30:18.861+0000][3093.382s][debug][safepoint     ] Safepoint synchronization initiated. (178 threads)
[2023-10-19T21:30:18.862+0000][3093.383s][info ][safepoint     ] Application time: 1.0013590 seconds
[2023-10-19T21:30:18.863+0000][3093.384s][info ][safepoint     ] Entering safepoint region: Cleanup
[2023-10-19T21:30:18.865+0000][3093.385s][info ][safepoint     ] Leaving safepoint region
[2023-10-19T21:30:18.865+0000][3093.386s][info ][safepoint     ] Total time for which application threads were stopped: 0.0020764 seconds, Stopping threads took: 0.0009254 seconds
[2023-10-19T21:30:19.866+0000][3094.387s][debug][safepoint     ] Safepoint synchronization initiated. (178 threads)
[2023-10-19T21:30:19.867+0000][3094.387s][info ][safepoint     ] Application time: 1.0007507 seconds
[2023-10-19T21:30:19.867+0000][3094.388s][info ][safepoint     ] Entering safepoint region: Cleanup
[2023-10-19T21:30:19.868+0000][3094.388s][info ][safepoint     ] Leaving safepoint region
[2023-10-19T21:30:19.868+0000][3094.389s][info ][safepoint     ] Total time for which application threads were stopped: 0.0010520 seconds, Stopping threads took: 0.0004693 seconds
[2023-10-19T21:30:20.869+0000][3095.389s][debug][safepoint     ] Safepoint synchronization initiated. (178 threads)
[2023-10-19T21:30:20.870+0000][3095.390s][info ][safepoint     ] Application time: 1.0012178 seconds
[2023-10-19T21:30:20.871+0000][3095.391s][info ][safepoint     ] Entering safepoint region: Cleanup
[2023-10-19T21:30:20.872+0000][3095.393s][info ][safepoint     ] Leaving safepoint region
[2023-10-19T21:30:20.873+0000][3095.393s][info ][safepoint     ] Total time for which application threads were stopped: 0.0019662 seconds, Stopping threads took: 0.0009244 seconds
[2023-10-19T21:30:21.874+0000][3096.394s][debug][safepoint     ] Safepoint synchronization initiated. (178 threads)
[2023-10-19T21:30:21.875+0000][3096.395s][info ][safepoint     ] Application time: 1.0009033 seconds
[2023-10-19T21:30:21.875+0000][3096.395s][info ][safepoint     ] Entering safepoint region: Cleanup
[2023-10-19T21:30:21.876+0000][3096.396s][info ][safepoint     ] Leaving safepoint region
[2023-10-19T21:30:21.876+0000][3096.396s][info ][safepoint     ] Total time for which application threads were stopped: 0.0009333 seconds, Stopping threads took: 0.0004363 seconds
[2023-10-19T21:30:22.876+0000][3097.396s][debug][safepoint     ] Safepoint synchronization initiated. (178 threads)
[2023-10-19T21:30:22.877+0000][3097.397s][info ][safepoint     ] Application time: 1.0007441 seconds
[2023-10-19T21:30:22.877+0000][3097.398s][info ][safepoint     ] Entering safepoint region: Cleanup
