[2023-11-05T10:08:49.761+0000][0.113s][info][gc,heap] Heap region size: 1M
[2023-11-05T10:08:49.768+0000][0.119s][info][gc     ] Using G1
[2023-11-05T10:08:49.769+0000][0.120s][info][gc,heap,coops] Heap address: 0x0000000085a00000, size: 1958 MB, Compressed Oops mode: 32-bit
[2023-11-05T10:08:49.774+0000][0.126s][info][gc,cds       ] Mark closed archive regions in map: [0x00000000ffc00000, 0x00000000ffc6aff8]
[2023-11-05T10:08:49.775+0000][0.126s][info][gc,cds       ] Mark open archive regions in map: [0x00000000ff800000, 0x00000000ff847ff8]
[2023-11-05T10:08:49.908+0000][0.259s][debug][safepoint    ] Safepoint synchronization initiated. (9 threads)
[2023-11-05T10:08:49.909+0000][0.260s][info ][safepoint    ] Application time: 0.0604593 seconds
[2023-11-05T10:08:49.910+0000][0.261s][info ][safepoint    ] Entering safepoint region: Deoptimize
[2023-11-05T10:08:49.910+0000][0.262s][info ][safepoint    ] Leaving safepoint region
[2023-11-05T10:08:49.911+0000][0.262s][info ][safepoint    ] Total time for which application threads were stopped: 0.0012504 seconds, Stopping threads took: 0.0005265 seconds
[2023-11-05T10:08:50.634+0000][0.986s][debug][safepoint    ] Safepoint synchronization initiated. (11 threads)
[2023-11-05T10:08:50.635+0000][0.986s][info ][safepoint    ] Application time: 0.7233492 seconds
[2023-11-05T10:08:50.635+0000][0.987s][info ][safepoint    ] Entering safepoint region: G1CollectForAllocation
[2023-11-05T10:08:50.637+0000][0.988s][info ][gc,start     ] GC(0) Pause Young (Normal) (G1 Evacuation Pause)
[2023-11-05T10:08:50.639+0000][0.990s][info ][gc,task      ] GC(0) Using 3 workers of 8 for evacuation
[2023-11-05T10:08:50.649+0000][1.001s][info ][gc,phases    ] GC(0)   Pre Evacuate Collection Set: 0.0ms
[2023-11-05T10:08:50.650+0000][1.001s][info ][gc,phases    ] GC(0)   Evacuate Collection Set: 9.5ms
[2023-11-05T10:08:50.650+0000][1.001s][info ][gc,phases    ] GC(0)   Post Evacuate Collection Set: 0.8ms
[2023-11-05T10:08:50.650+0000][1.002s][info ][gc,phases    ] GC(0)   Other: 2.1ms
[2023-11-05T10:08:50.651+0000][1.002s][info ][gc,heap      ] GC(0) Eden regions: 59->0(66)
[2023-11-05T10:08:50.651+0000][1.002s][info ][gc,heap      ] GC(0) Survivor regions: 0->8(8)
[2023-11-05T10:08:50.651+0000][1.002s][info ][gc,heap      ] GC(0) Old regions: 2->2
[2023-11-05T10:08:50.651+0000][1.003s][info ][gc,heap      ] GC(0) Humongous regions: 2->0
[2023-11-05T10:08:50.652+0000][1.003s][info ][gc,metaspace ] GC(0) Metaspace: 2428K(5760K)->2428K(5760K) NonClass: 2224K(5120K)->2224K(5120K) Class: 203K(640K)->203K(640K)
[2023-11-05T10:08:50.652+0000][1.003s][info ][gc           ] GC(0) Pause Young (Normal) (G1 Evacuation Pause) 61M->8M(126M) 14.888ms
[2023-11-05T10:08:50.653+0000][1.004s][info ][gc,cpu       ] GC(0) User=0.04s Sys=0.02s Real=0.01s
[2023-11-05T10:08:50.653+0000][1.005s][info ][safepoint    ] Leaving safepoint region
[2023-11-05T10:08:50.654+0000][1.005s][info ][safepoint    ] Total time for which application threads were stopped: 0.0188574 seconds, Stopping threads took: 0.0006733 seconds
[2023-11-05T10:08:50.735+0000][1.086s][debug][safepoint    ] Safepoint synchronization initiated. (11 threads)
[2023-11-05T10:08:50.736+0000][1.087s][info ][safepoint    ] Application time: 0.0808089 seconds
[2023-11-05T10:08:50.737+0000][1.089s][info ][safepoint    ] Entering safepoint region: Deoptimize
[2023-11-05T10:08:50.739+0000][1.090s][info ][safepoint    ] Leaving safepoint region
[2023-11-05T10:08:50.739+0000][1.090s][info ][safepoint    ] Total time for which application threads were stopped: 0.0016852 seconds, Stopping threads took: 0.0010471 seconds
[2023-11-05T10:08:50.746+0000][1.097s][debug][safepoint    ] Safepoint synchronization initiated. (11 threads)
[2023-11-05T10:08:50.747+0000][1.098s][info ][safepoint    ] Application time: 0.0068501 seconds
[2023-11-05T10:08:50.747+0000][1.098s][info ][safepoint    ] Entering safepoint region: Deoptimize
[2023-11-05T10:08:50.748+0000][1.099s][info ][safepoint    ] Leaving safepoint region
[2023-11-05T10:08:50.748+0000][1.099s][info ][safepoint    ] Total time for which application threads were stopped: 0.0008961 seconds, Stopping threads took: 0.0003819 seconds
[2023-11-05T10:08:50.828+0000][1.179s][debug][safepoint    ] Safepoint synchronization initiated. (11 threads)
[2023-11-05T10:08:50.829+0000][1.180s][info ][safepoint    ] Application time: 0.0803403 seconds
[2023-11-05T10:08:50.829+0000][1.180s][info ][safepoint    ] Entering safepoint region: Deoptimize
[2023-11-05T10:08:50.830+0000][1.181s][info ][safepoint    ] Leaving safepoint region
[2023-11-05T10:08:50.830+0000][1.181s][info ][safepoint    ] Total time for which application threads were stopped: 0.0009890 seconds, Stopping threads took: 0.0003215 seconds
[2023-11-05T10:08:50.841+0000][1.192s][debug][safepoint    ] Safepoint synchronization initiated. (11 threads)
[2023-11-05T10:08:50.841+0000][1.192s][info ][safepoint    ] Application time: 0.0108053 seconds
[2023-11-05T10:08:50.842+0000][1.193s][info ][safepoint    ] Entering safepoint region: Deoptimize
[2023-11-05T10:08:50.843+0000][1.194s][info ][safepoint    ] Leaving safepoint region
[2023-11-05T10:08:50.843+0000][1.194s][info ][safepoint    ] Total time for which application threads were stopped: 0.0014552 seconds, Stopping threads took: 0.0005795 seconds
[2023-11-05T10:08:51.037+0000][1.389s][debug][safepoint    ] Safepoint synchronization initiated. (12 threads)
[2023-11-05T10:08:51.038+0000][1.389s][info ][safepoint    ] Application time: 0.1944135 seconds
[2023-11-05T10:08:51.038+0000][1.389s][info ][safepoint    ] Entering safepoint region: G1CollectForAllocation
[2023-11-05T10:08:51.039+0000][1.390s][info ][gc,start     ] GC(1) Pause Young (Normal) (G1 Evacuation Pause)
[2023-11-05T10:08:51.039+0000][1.390s][info ][gc,task      ] GC(1) Using 3 workers of 8 for evacuation
[2023-11-05T10:08:51.049+0000][1.400s][info ][gc,phases    ] GC(1)   Pre Evacuate Collection Set: 0.0ms
[2023-11-05T10:08:51.050+0000][1.401s][info ][gc,phases    ] GC(1)   Evacuate Collection Set: 9.1ms
[2023-11-05T10:08:51.050+0000][1.401s][info ][gc,phases    ] GC(1)   Post Evacuate Collection Set: 0.7ms
[2023-11-05T10:08:51.050+0000][1.401s][info ][gc,phases    ] GC(1)   Other: 0.7ms
[2023-11-05T10:08:51.051+0000][1.402s][info ][gc,heap      ] GC(1) Eden regions: 66->0(69)
[2023-11-05T10:08:51.051+0000][1.402s][info ][gc,heap      ] GC(1) Survivor regions: 8->2(10)
[2023-11-05T10:08:51.052+0000][1.403s][info ][gc,heap      ] GC(1) Old regions: 2->10
[2023-11-05T10:08:51.052+0000][1.403s][info ][gc,heap      ] GC(1) Humongous regions: 0->0
[2023-11-05T10:08:51.052+0000][1.404s][info ][gc,metaspace ] GC(1) Metaspace: 5245K(7552K)->5245K(7552K) NonClass: 4680K(6656K)->4680K(6656K) Class: 564K(896K)->564K(896K)
[2023-11-05T10:08:51.053+0000][1.404s][info ][gc           ] GC(1) Pause Young (Normal) (G1 Evacuation Pause) 74M->9M(126M) 14.062ms
[2023-11-05T10:08:51.053+0000][1.404s][info ][gc,cpu       ] GC(1) User=0.05s Sys=0.01s Real=0.01s
[2023-11-05T10:08:51.053+0000][1.405s][info ][safepoint    ] Leaving safepoint region
[2023-11-05T10:08:51.054+0000][1.405s][info ][safepoint    ] Total time for which application threads were stopped: 0.0155095 seconds, Stopping threads took: 0.0003129 seconds
[2023-11-05T10:08:51.054+0000][1.405s][info ][gc,stringdedup] Concurrent String Deduplication (1.405s)
[2023-11-05T10:08:51.067+0000][1.418s][info ][gc,stringdedup] Concurrent String Deduplication 2183.5K->2008.8K(174.7K) avg 7.1% (1.405s, 1.418s) 12.513ms
[2023-11-05T10:08:51.356+0000][1.707s][debug][safepoint     ] Safepoint synchronization initiated. (12 threads)
[2023-11-05T10:08:51.356+0000][1.707s][info ][safepoint     ] Application time: 0.3022232 seconds
[2023-11-05T10:08:51.357+0000][1.708s][info ][safepoint     ] Entering safepoint region: G1CollectForAllocation
[2023-11-05T10:08:51.357+0000][1.708s][info ][gc,start      ] GC(2) Pause Young (Normal) (G1 Evacuation Pause)
[2023-11-05T10:08:51.358+0000][1.709s][info ][gc,task       ] GC(2) Using 3 workers of 8 for evacuation
[2023-11-05T10:08:51.363+0000][1.714s][info ][gc,phases     ] GC(2)   Pre Evacuate Collection Set: 0.0ms
[2023-11-05T10:08:51.363+0000][1.714s][info ][gc,phases     ] GC(2)   Evacuate Collection Set: 3.2ms
[2023-11-05T10:08:51.364+0000][1.715s][info ][gc,phases     ] GC(2)   Post Evacuate Collection Set: 1.4ms
[2023-11-05T10:08:51.364+0000][1.715s][info ][gc,phases     ] GC(2)   Other: 0.8ms
[2023-11-05T10:08:51.364+0000][1.715s][info ][gc,heap       ] GC(2) Eden regions: 69->0(72)
[2023-11-05T10:08:51.365+0000][1.716s][info ][gc,heap       ] GC(2) Survivor regions: 2->2(9)
[2023-11-05T10:08:51.365+0000][1.716s][info ][gc,heap       ] GC(2) Old regions: 10->10
[2023-11-05T10:08:51.365+0000][1.717s][info ][gc,heap       ] GC(2) Humongous regions: 0->0
[2023-11-05T10:08:51.366+0000][1.717s][info ][gc,metaspace  ] GC(2) Metaspace: 7301K(9088K)->7301K(9088K) NonClass: 6465K(7936K)->6465K(7936K) Class: 835K(1152K)->835K(1152K)
[2023-11-05T10:08:51.366+0000][1.717s][info ][gc            ] GC(2) Pause Young (Normal) (G1 Evacuation Pause) 78M->10M(126M) 8.991ms
[2023-11-05T10:08:51.367+0000][1.718s][info ][gc,cpu        ] GC(2) User=0.01s Sys=0.01s Real=0.00s
[2023-11-05T10:08:51.367+0000][1.718s][info ][safepoint     ] Leaving safepoint region
[2023-11-05T10:08:51.367+0000][1.719s][info ][safepoint     ] Total time for which application threads were stopped: 0.0108659 seconds, Stopping threads took: 0.0004023 seconds
[2023-11-05T10:08:51.650+0000][2.002s][debug][safepoint     ] Safepoint synchronization initiated. (12 threads)
[2023-11-05T10:08:51.651+0000][2.002s][info ][safepoint     ] Application time: 0.2833091 seconds
[2023-11-05T10:08:51.652+0000][2.003s][info ][safepoint     ] Entering safepoint region: G1CollectForAllocation
[2023-11-05T10:08:51.652+0000][2.003s][info ][gc,start      ] GC(3) Pause Young (Normal) (G1 Evacuation Pause)
[2023-11-05T10:08:51.653+0000][2.004s][info ][gc,task       ] GC(3) Using 3 workers of 8 for evacuation
[2023-11-05T10:08:51.658+0000][2.009s][info ][gc,phases     ] GC(3)   Pre Evacuate Collection Set: 0.0ms
[2023-11-05T10:08:51.658+0000][2.010s][info ][gc,phases     ] GC(3)   Evacuate Collection Set: 3.4ms
[2023-11-05T10:08:51.659+0000][2.010s][info ][gc,phases     ] GC(3)   Post Evacuate Collection Set: 1.2ms
[2023-11-05T10:08:51.659+0000][2.010s][info ][gc,phases     ] GC(3)   Other: 1.0ms
[2023-11-05T10:08:51.659+0000][2.011s][info ][gc,heap       ] GC(3) Eden regions: 72->0(71)
[2023-11-05T10:08:51.660+0000][2.011s][info ][gc,heap       ] GC(3) Survivor regions: 2->3(10)
[2023-11-05T10:08:51.660+0000][2.011s][info ][gc,heap       ] GC(3) Old regions: 10->10
[2023-11-05T10:08:51.660+0000][2.012s][info ][gc,heap       ] GC(3) Humongous regions: 0->0
[2023-11-05T10:08:51.661+0000][2.012s][info ][gc,metaspace  ] GC(3) Metaspace: 10470K(11776K)->10470K(11776K) NonClass: 9183K(10240K)->9183K(10240K) Class: 1286K(1536K)->1286K(1536K)
[2023-11-05T10:08:51.661+0000][2.012s][info ][gc            ] GC(3) Pause Young (Normal) (G1 Evacuation Pause) 82M->11M(126M) 8.907ms
[2023-11-05T10:08:51.661+0000][2.013s][info ][gc,cpu        ] GC(3) User=0.01s Sys=0.00s Real=0.01s
[2023-11-05T10:08:51.662+0000][2.013s][info ][safepoint     ] Leaving safepoint region
[2023-11-05T10:08:51.662+0000][2.013s][info ][safepoint     ] Total time for which application threads were stopped: 0.0104617 seconds, Stopping threads took: 0.0004660 seconds
[2023-11-05T10:08:51.662+0000][2.013s][info ][gc,stringdedup] Concurrent String Deduplication (2.013s)
[2023-11-05T10:08:51.663+0000][2.014s][info ][gc,stringdedup] Concurrent String Deduplication 55760.0B->22008.0B(33752.0B) avg 8.3% (2.013s, 2.014s) 0.682ms
[2023-11-05T10:08:51.790+0000][2.141s][debug][safepoint     ] Safepoint synchronization initiated. (12 threads)
[2023-11-05T10:08:51.791+0000][2.142s][info ][safepoint     ] Application time: 0.1285476 seconds
[2023-11-05T10:08:51.791+0000][2.142s][info ][safepoint     ] Entering safepoint region: Deoptimize
[2023-11-05T10:08:51.792+0000][2.143s][info ][safepoint     ] Leaving safepoint region
[2023-11-05T10:08:51.792+0000][2.144s][info ][safepoint     ] Total time for which application threads were stopped: 0.0012713 seconds, Stopping threads took: 0.0003786 seconds
[2023-11-05T10:08:51.894+0000][2.245s][debug][safepoint     ] Safepoint synchronization initiated. (12 threads)
[2023-11-05T10:08:51.895+0000][2.246s][info ][safepoint     ] Application time: 0.1018426 seconds
[2023-11-05T10:08:51.895+0000][2.246s][info ][safepoint     ] Entering safepoint region: ICBufferFull
[2023-11-05T10:08:51.896+0000][2.247s][info ][safepoint     ] Leaving safepoint region
[2023-11-05T10:08:51.897+0000][2.248s][info ][safepoint     ] Total time for which application threads were stopped: 0.0014025 seconds, Stopping threads took: 0.0003642 seconds
[2023-11-05T10:08:51.981+0000][2.333s][debug][safepoint     ] Safepoint synchronization initiated. (13 threads)
[2023-11-05T10:08:51.982+0000][2.333s][info ][safepoint     ] Application time: 0.0850686 seconds
[2023-11-05T10:08:51.982+0000][2.334s][debug][safepoint     ] Waiting for 1 thread(s) to block
[2023-11-05T10:08:51.983+0000][2.334s][info ][safepoint     ] Entering safepoint region: G1CollectForAllocation
[2023-11-05T10:08:51.983+0000][2.334s][info ][gc,start      ] GC(4) Pause Young (Normal) (G1 Evacuation Pause)
[2023-11-05T10:08:51.984+0000][2.335s][info ][gc,task       ] GC(4) Using 4 workers of 8 for evacuation
[2023-11-05T10:08:51.991+0000][2.342s][info ][gc,phases     ] GC(4)   Pre Evacuate Collection Set: 0.0ms
[2023-11-05T10:08:51.991+0000][2.343s][info ][gc,phases     ] GC(4)   Evacuate Collection Set: 5.5ms
[2023-11-05T10:08:51.992+0000][2.343s][info ][gc,phases     ] GC(4)   Post Evacuate Collection Set: 1.6ms
[2023-11-05T10:08:51.992+0000][2.344s][info ][gc,phases     ] GC(4)   Other: 0.8ms
[2023-11-05T10:08:51.993+0000][2.344s][info ][gc,heap       ] GC(4) Eden regions: 71->0(82)
[2023-11-05T10:08:51.993+0000][2.344s][info ][gc,heap       ] GC(4) Survivor regions: 3->5(10)
[2023-11-05T10:08:51.993+0000][2.345s][info ][gc,heap       ] GC(4) Old regions: 10->10
[2023-11-05T10:08:51.994+0000][2.345s][info ][gc,heap       ] GC(4) Humongous regions: 0->0
[2023-11-05T10:08:51.995+0000][2.346s][info ][gc,metaspace  ] GC(4) Metaspace: 12433K(13312K)->12433K(13312K) NonClass: 10899K(11520K)->10899K(11520K) Class: 1533K(1792K)->1533K(1792K)
[2023-11-05T10:08:51.995+0000][2.347s][info ][gc            ] GC(4) Pause Young (Normal) (G1 Evacuation Pause) 82M->13M(152M) 12.378ms
[2023-11-05T10:08:51.996+0000][2.347s][info ][gc,cpu        ] GC(4) User=0.04s Sys=0.00s Real=0.01s
[2023-11-05T10:08:51.996+0000][2.347s][info ][safepoint     ] Leaving safepoint region
[2023-11-05T10:08:51.996+0000][2.348s][info ][safepoint     ] Total time for which application threads were stopped: 0.0141250 seconds, Stopping threads took: 0.0006838 seconds
[2023-11-05T10:08:51.997+0000][2.348s][info ][gc,stringdedup] Concurrent String Deduplication (2.348s)
[2023-11-05T10:08:51.999+0000][2.351s][info ][gc,stringdedup] Concurrent String Deduplication 114.3K->35800.0B(81280.0B) avg 10.9% (2.348s, 2.351s) 2.384ms
[2023-11-05T10:08:52.170+0000][2.522s][debug][safepoint     ] Safepoint synchronization initiated. (14 threads)
[2023-11-05T10:08:52.171+0000][2.522s][info ][safepoint     ] Application time: 0.1738255 seconds
[2023-11-05T10:08:52.171+0000][2.522s][info ][safepoint     ] Entering safepoint region: G1CollectForAllocation
[2023-11-05T10:08:52.171+0000][2.523s][info ][gc,start      ] GC(5) Pause Young (Normal) (G1 Evacuation Pause)
[2023-11-05T10:08:52.172+0000][2.523s][info ][gc,task       ] GC(5) Using 4 workers of 8 for evacuation
[2023-11-05T10:08:52.176+0000][2.527s][info ][gc,phases     ] GC(5)   Pre Evacuate Collection Set: 0.0ms
[2023-11-05T10:08:52.176+0000][2.528s][info ][gc,phases     ] GC(5)   Evacuate Collection Set: 3.1ms
[2023-11-05T10:08:52.177+0000][2.528s][info ][gc,phases     ] GC(5)   Post Evacuate Collection Set: 0.7ms
[2023-11-05T10:08:52.177+0000][2.528s][info ][gc,phases     ] GC(5)   Other: 0.6ms
[2023-11-05T10:08:52.177+0000][2.528s][info ][gc,heap       ] GC(5) Eden regions: 82->0(85)
[2023-11-05T10:08:52.177+0000][2.529s][info ][gc,heap       ] GC(5) Survivor regions: 5->6(11)
[2023-11-05T10:08:52.178+0000][2.529s][info ][gc,heap       ] GC(5) Old regions: 10->10
[2023-11-05T10:08:52.178+0000][2.529s][info ][gc,heap       ] GC(5) Humongous regions: 0->0
[2023-11-05T10:08:52.178+0000][2.529s][info ][gc,metaspace  ] GC(5) Metaspace: 15199K(16000K)->15199K(16000K) NonClass: 13311K(13824K)->13311K(13824K) Class: 1888K(2176K)->1888K(2176K)
[2023-11-05T10:08:52.178+0000][2.530s][info ][gc            ] GC(5) Pause Young (Normal) (G1 Evacuation Pause) 95M->13M(152M) 6.877ms
[2023-11-05T10:08:52.179+0000][2.530s][info ][gc,cpu        ] GC(5) User=0.01s Sys=0.00s Real=0.01s
[2023-11-05T10:08:52.179+0000][2.530s][info ][safepoint     ] Leaving safepoint region
[2023-11-05T10:08:52.179+0000][2.530s][info ][safepoint     ] Total time for which application threads were stopped: 0.0079850 seconds, Stopping threads took: 0.0002681 seconds
[2023-11-05T10:08:52.179+0000][2.531s][info ][gc,stringdedup] Concurrent String Deduplication (2.531s)
[2023-11-05T10:08:52.180+0000][2.532s][info ][gc,stringdedup] Concurrent String Deduplication 97616.0B->33264.0B(64352.0B) avg 12.9% (2.531s, 2.532s) 1.135ms
[2023-11-05T10:08:52.333+0000][2.684s][debug][safepoint     ] Safepoint synchronization initiated. (14 threads)
[2023-11-05T10:08:52.334+0000][2.685s][info ][safepoint     ] Application time: 0.1542393 seconds
[2023-11-05T10:08:52.334+0000][2.685s][info ][safepoint     ] Entering safepoint region: G1CollectForAllocation
[2023-11-05T10:08:52.334+0000][2.686s][info ][gc,start      ] GC(6) Pause Young (Normal) (G1 Evacuation Pause)
[2023-11-05T10:08:52.335+0000][2.686s][info ][gc,task       ] GC(6) Using 4 workers of 8 for evacuation
[2023-11-05T10:08:52.340+0000][2.691s][info ][gc,phases     ] GC(6)   Pre Evacuate Collection Set: 0.0ms
[2023-11-05T10:08:52.341+0000][2.692s][info ][gc,phases     ] GC(6)   Evacuate Collection Set: 4.5ms
[2023-11-05T10:08:52.341+0000][2.692s][info ][gc,phases     ] GC(6)   Post Evacuate Collection Set: 0.8ms
[2023-11-05T10:08:52.341+0000][2.693s][info ][gc,phases     ] GC(6)   Other: 0.6ms
[2023-11-05T10:08:52.342+0000][2.693s][info ][gc,heap       ] GC(6) Eden regions: 85->0(85)
[2023-11-05T10:08:52.342+0000][2.693s][info ][gc,heap       ] GC(6) Survivor regions: 6->6(12)
[2023-11-05T10:08:52.342+0000][2.694s][info ][gc,heap       ] GC(6) Old regions: 10->10
[2023-11-05T10:08:52.343+0000][2.694s][info ][gc,heap       ] GC(6) Humongous regions: 0->0
[2023-11-05T10:08:52.344+0000][2.695s][info ][gc,metaspace  ] GC(6) Metaspace: 17184K(18176K)->17184K(18176K) NonClass: 14954K(15616K)->14954K(15616K) Class: 2230K(2560K)->2230K(2560K)
[2023-11-05T10:08:52.345+0000][2.696s][info ][gc            ] GC(6) Pause Young (Normal) (G1 Evacuation Pause) 98M->14M(152M) 10.912ms
[2023-11-05T10:08:52.347+0000][2.698s][info ][gc,cpu        ] GC(6) User=0.03s Sys=0.00s Real=0.01s
[2023-11-05T10:08:52.347+0000][2.698s][info ][safepoint     ] Leaving safepoint region
[2023-11-05T10:08:52.347+0000][2.699s][info ][safepoint     ] Total time for which application threads were stopped: 0.0136479 seconds, Stopping threads took: 0.0003285 seconds
[2023-11-05T10:08:52.348+0000][2.699s][info ][gc,stringdedup] Concurrent String Deduplication (2.699s)
[2023-11-05T10:08:52.351+0000][2.702s][info ][gc,stringdedup] Concurrent String Deduplication 133.8K->102.5K(32024.0B) avg 13.4% (2.699s, 2.702s) 3.405ms
[2023-11-05T10:08:52.358+0000][2.709s][debug][safepoint     ] Safepoint synchronization initiated. (14 threads)
[2023-11-05T10:08:52.359+0000][2.710s][info ][safepoint     ] Application time: 0.0109612 seconds
[2023-11-05T10:08:52.359+0000][2.710s][info ][safepoint     ] Entering safepoint region: Deoptimize
[2023-11-05T10:08:52.360+0000][2.711s][info ][safepoint     ] Leaving safepoint region
[2023-11-05T10:08:52.361+0000][2.712s][info ][safepoint     ] Total time for which application threads were stopped: 0.0015042 seconds, Stopping threads took: 0.0003806 seconds
[2023-11-05T10:08:52.399+0000][2.750s][debug][safepoint     ] Safepoint synchronization initiated. (14 threads)
[2023-11-05T10:08:52.399+0000][2.750s][info ][safepoint     ] Application time: 0.0320274 seconds
[2023-11-05T10:08:52.401+0000][2.752s][info ][safepoint     ] Entering safepoint region: Deoptimize
[2023-11-05T10:08:52.404+0000][2.755s][info ][safepoint     ] Leaving safepoint region
[2023-11-05T10:08:52.405+0000][2.756s][info ][safepoint     ] Total time for which application threads were stopped: 0.0044684 seconds, Stopping threads took: 0.0007713 seconds
[2023-11-05T10:08:52.542+0000][2.894s][debug][safepoint     ] Safepoint synchronization initiated. (14 threads)
[2023-11-05T10:08:52.543+0000][2.894s][info ][safepoint     ] Application time: 0.1374011 seconds
[2023-11-05T10:08:52.543+0000][2.895s][info ][safepoint     ] Entering safepoint region: Deoptimize
[2023-11-05T10:08:52.544+0000][2.895s][info ][safepoint     ] Leaving safepoint region
[2023-11-05T10:08:52.545+0000][2.896s][info ][safepoint     ] Total time for which application threads were stopped: 0.0010909 seconds, Stopping threads took: 0.0003494 seconds
[2023-11-05T10:08:52.732+0000][3.083s][debug][safepoint     ] Safepoint synchronization initiated. (14 threads)
[2023-11-05T10:08:52.732+0000][3.084s][info ][safepoint     ] Application time: 0.1875263 seconds
[2023-11-05T10:08:52.733+0000][3.085s][debug][safepoint     ] ... found polling page return exception at pc = 0x00007f7e59050006, stub =0x00007f7e58840600
[2023-11-05T10:08:52.734+0000][3.085s][debug][safepoint     ] Waiting for 1 thread(s) to block
[2023-11-05T10:08:52.734+0000][3.086s][info ][safepoint     ] Entering safepoint region: G1CollectForAllocation
[2023-11-05T10:08:52.735+0000][3.086s][info ][gc,start      ] GC(7) Pause Young (Normal) (G1 Evacuation Pause)
[2023-11-05T10:08:52.739+0000][3.090s][info ][gc,task       ] GC(7) Using 4 workers of 8 for evacuation
[2023-11-05T10:08:52.750+0000][3.101s][info ][gc,phases     ] GC(7)   Pre Evacuate Collection Set: 0.0ms
[2023-11-05T10:08:52.750+0000][3.102s][info ][gc,phases     ] GC(7)   Evacuate Collection Set: 8.0ms
[2023-11-05T10:08:52.751+0000][3.102s][info ][gc,phases     ] GC(7)   Post Evacuate Collection Set: 1.3ms
[2023-11-05T10:08:52.751+0000][3.102s][info ][gc,phases     ] GC(7)   Other: 5.5ms
[2023-11-05T10:08:52.752+0000][3.103s][info ][gc,heap       ] GC(7) Eden regions: 85->0(83)
[2023-11-05T10:08:52.753+0000][3.104s][info ][gc,heap       ] GC(7) Survivor regions: 6->8(12)
[2023-11-05T10:08:52.754+0000][3.106s][info ][gc,heap       ] GC(7) Old regions: 10->10
[2023-11-05T10:08:52.755+0000][3.107s][info ][gc,heap       ] GC(7) Humongous regions: 0->0
[2023-11-05T10:08:52.756+0000][3.107s][info ][gc,metaspace  ] GC(7) Metaspace: 19944K(20736K)->19944K(20736K) NonClass: 17429K(17920K)->17429K(17920K) Class: 2514K(2816K)->2514K(2816K)
[2023-11-05T10:08:52.757+0000][3.108s][info ][gc            ] GC(7) Pause Young (Normal) (G1 Evacuation Pause) 99M->16M(152M) 21.943ms
[2023-11-05T10:08:52.758+0000][3.109s][info ][gc,cpu        ] GC(7) User=0.13s Sys=0.00s Real=0.03s
[2023-11-05T10:08:52.758+0000][3.109s][info ][safepoint     ] Leaving safepoint region
[2023-11-05T10:08:52.758+0000][3.110s][info ][safepoint     ] Total time for which application threads were stopped: 0.0249535 seconds, Stopping threads took: 0.0014204 seconds
[2023-11-05T10:08:52.759+0000][3.110s][info ][gc,stringdedup] Concurrent String Deduplication (3.110s)
[2023-11-05T10:08:52.761+0000][3.112s][info ][gc,stringdedup] Concurrent String Deduplication 60128.0B->17144.0B(42984.0B) avg 14.5% (3.110s, 3.112s) 2.401ms
[2023-11-05T10:08:52.826+0000][3.178s][debug][safepoint     ] Safepoint synchronization initiated. (14 threads)
[2023-11-05T10:08:52.827+0000][3.178s][info ][safepoint     ] Application time: 0.0681443 seconds
[2023-11-05T10:08:52.827+0000][3.179s][info ][safepoint     ] Entering safepoint region: CollectForMetadataAllocation
[2023-11-05T10:08:52.828+0000][3.179s][info ][gc,start      ] GC(8) Pause Young (Concurrent Start) (Metadata GC Threshold)
[2023-11-05T10:08:52.828+0000][3.179s][info ][gc,task       ] GC(8) Using 4 workers of 8 for evacuation
[2023-11-05T10:08:52.843+0000][3.194s][info ][gc,phases     ] GC(8)   Pre Evacuate Collection Set: 0.1ms
[2023-11-05T10:08:52.844+0000][3.195s][info ][gc,phases     ] GC(8)   Evacuate Collection Set: 11.8ms
[2023-11-05T10:08:52.844+0000][3.195s][info ][gc,phases     ] GC(8)   Post Evacuate Collection Set: 1.9ms
[2023-11-05T10:08:52.845+0000][3.196s][info ][gc,phases     ] GC(8)   Other: 1.2ms
[2023-11-05T10:08:52.845+0000][3.196s][info ][gc,heap       ] GC(8) Eden regions: 13->0(82)
[2023-11-05T10:08:52.845+0000][3.197s][info ][gc,heap       ] GC(8) Survivor regions: 8->7(12)
[2023-11-05T10:08:52.846+0000][3.197s][info ][gc,heap       ] GC(8) Old regions: 10->12
[2023-11-05T10:08:52.846+0000][3.197s][info ][gc,heap       ] GC(8) Humongous regions: 0->0
[2023-11-05T10:08:52.846+0000][3.197s][info ][gc,metaspace  ] GC(8) Metaspace: 20572K(21248K)->20572K(21248K) NonClass: 17993K(18432K)->17993K(18432K) Class: 2579K(2816K)->2579K(2816K)
[2023-11-05T10:08:52.846+0000][3.198s][info ][gc            ] GC(8) Pause Young (Concurrent Start) (Metadata GC Threshold) 29M->16M(152M) 18.523ms
[2023-11-05T10:08:52.847+0000][3.198s][info ][gc,cpu        ] GC(8) User=0.09s Sys=0.00s Real=0.02s
[2023-11-05T10:08:52.847+0000][3.198s][info ][gc            ] GC(9) Concurrent Cycle
[2023-11-05T10:08:52.847+0000][3.198s][info ][safepoint     ] Leaving safepoint region
[2023-11-05T10:08:52.848+0000][3.199s][info ][safepoint     ] Total time for which application threads were stopped: 0.0202850 seconds, Stopping threads took: 0.0003755 seconds
[2023-11-05T10:08:52.847+0000][3.199s][info ][gc,marking    ] GC(9) Concurrent Clear Claimed Marks
[2023-11-05T10:08:52.848+0000][3.199s][info ][gc,stringdedup] Concurrent String Deduplication (3.199s)
[2023-11-05T10:08:52.848+0000][3.200s][info ][gc,marking    ] GC(9) Concurrent Clear Claimed Marks 1.078ms
[2023-11-05T10:08:52.849+0000][3.200s][info ][gc,marking    ] GC(9) Concurrent Scan Root Regions
[2023-11-05T10:08:52.849+0000][3.200s][debug][safepoint     ] Safepoint synchronization initiated. (14 threads)
[2023-11-05T10:08:52.850+0000][3.201s][info ][safepoint     ] Application time: 0.0017484 seconds
[2023-11-05T10:08:52.850+0000][3.201s][info ][safepoint     ] Entering safepoint region: CollectForMetadataAllocation
[2023-11-05T10:08:52.850+0000][3.202s][info ][safepoint     ] Leaving safepoint region
[2023-11-05T10:08:52.851+0000][3.202s][info ][safepoint     ] Total time for which application threads were stopped: 0.0007904 seconds, Stopping threads took: 0.0003519 seconds
[2023-11-05T10:08:52.852+0000][3.203s][info ][gc,stringdedup] Concurrent String Deduplication 103.5K->14752.0B(91184.0B) avg 17.0% (3.199s, 3.203s) 1.236ms
[2023-11-05T10:08:52.853+0000][3.204s][info ][gc,marking    ] GC(9) Concurrent Scan Root Regions 3.866ms
[2023-11-05T10:08:52.856+0000][3.207s][info ][gc,marking    ] GC(9) Concurrent Mark (3.207s)
[2023-11-05T10:08:52.859+0000][3.211s][info ][gc,marking    ] GC(9) Concurrent Mark From Roots
[2023-11-05T10:08:52.860+0000][3.211s][info ][gc,task       ] GC(9) Using 2 workers of 2 for marking
[2023-11-05T10:08:52.875+0000][3.226s][info ][gc,marking    ] GC(9) Concurrent Mark From Roots 15.208ms
[2023-11-05T10:08:52.875+0000][3.227s][info ][gc,marking    ] GC(9) Concurrent Preclean
[2023-11-05T10:08:52.876+0000][3.227s][info ][gc,marking    ] GC(9) Concurrent Preclean 0.449ms
[2023-11-05T10:08:52.876+0000][3.227s][info ][gc,marking    ] GC(9) Concurrent Mark (3.207s, 3.227s) 20.018ms
[2023-11-05T10:08:52.876+0000][3.228s][debug][safepoint     ] Safepoint synchronization initiated. (14 threads)
[2023-11-05T10:08:52.877+0000][3.228s][info ][safepoint     ] Application time: 0.0256895 seconds
[2023-11-05T10:08:52.877+0000][3.228s][info ][safepoint     ] Entering safepoint region: CGC_Operation
[2023-11-05T10:08:52.878+0000][3.229s][info ][gc,start      ] GC(9) Pause Remark
[2023-11-05T10:08:52.881+0000][3.232s][info ][gc,stringtable] GC(9) Cleaned string and symbol table, strings: 8284 processed, 7 removed, symbols: 55081 processed, 115 removed
[2023-11-05T10:08:52.881+0000][3.232s][info ][gc            ] GC(9) Pause Remark 19M->19M(152M) 3.534ms
[2023-11-05T10:08:52.881+0000][3.233s][info ][gc,cpu        ] GC(9) User=0.01s Sys=0.00s Real=0.00s
[2023-11-05T10:08:52.882+0000][3.233s][info ][safepoint     ] Leaving safepoint region
[2023-11-05T10:08:52.882+0000][3.233s][info ][safepoint     ] Total time for which application threads were stopped: 0.0048836 seconds, Stopping threads took: 0.0003277 seconds
[2023-11-05T10:08:52.882+0000][3.234s][info ][gc,marking    ] GC(9) Concurrent Rebuild Remembered Sets
[2023-11-05T10:08:52.889+0000][3.240s][info ][gc,marking    ] GC(9) Concurrent Rebuild Remembered Sets 6.229ms
[2023-11-05T10:08:52.890+0000][3.241s][debug][safepoint     ] Safepoint synchronization initiated. (14 threads)
[2023-11-05T10:08:52.891+0000][3.242s][info ][safepoint     ] Application time: 0.0084730 seconds
[2023-11-05T10:08:52.892+0000][3.243s][debug][safepoint     ] Waiting for 1 thread(s) to block
[2023-11-05T10:08:52.893+0000][3.244s][info ][safepoint     ] Entering safepoint region: CGC_Operation
[2023-11-05T10:08:52.893+0000][3.244s][info ][gc,start      ] GC(9) Pause Cleanup
[2023-11-05T10:08:52.894+0000][3.245s][info ][gc            ] GC(9) Pause Cleanup 19M->19M(152M) 0.513ms
[2023-11-05T10:08:52.894+0000][3.245s][info ][gc,cpu        ] GC(9) User=0.01s Sys=0.00s Real=0.00s
[2023-11-05T10:08:52.894+0000][3.246s][info ][safepoint     ] Leaving safepoint region
[2023-11-05T10:08:52.895+0000][3.246s][info ][safepoint     ] Total time for which application threads were stopped: 0.0027226 seconds, Stopping threads took: 0.0010110 seconds
[2023-11-05T10:08:52.895+0000][3.246s][info ][gc,marking    ] GC(9) Concurrent Cleanup for Next Mark
[2023-11-05T10:08:52.897+0000][3.248s][info ][gc,marking    ] GC(9) Concurrent Cleanup for Next Mark 1.598ms
[2023-11-05T10:08:52.897+0000][3.248s][info ][gc            ] GC(9) Concurrent Cycle 50.042ms
[2023-11-05T10:08:53.218+0000][3.569s][debug][safepoint     ] Safepoint synchronization initiated. (14 threads)
[2023-11-05T10:08:53.219+0000][3.570s][info ][safepoint     ] Application time: 0.3235798 seconds
[2023-11-05T10:08:53.219+0000][3.570s][info ][safepoint     ] Entering safepoint region: Deoptimize
[2023-11-05T10:08:53.220+0000][3.572s][info ][safepoint     ] Leaving safepoint region
[2023-11-05T10:08:53.221+0000][3.572s][info ][safepoint     ] Total time for which application threads were stopped: 0.0014694 seconds, Stopping threads took: 0.0004234 seconds
[2023-11-05T10:08:53.248+0000][3.599s][debug][safepoint     ] Safepoint synchronization initiated. (14 threads)
[2023-11-05T10:08:53.248+0000][3.600s][info ][safepoint     ] Application time: 0.0271845 seconds
[2023-11-05T10:08:53.249+0000][3.600s][info ][safepoint     ] Entering safepoint region: G1CollectForAllocation
[2023-11-05T10:08:53.249+0000][3.600s][info ][gc,start      ] GC(10) Pause Young (Normal) (G1 Evacuation Pause)
[2023-11-05T10:08:53.249+0000][3.601s][info ][gc,task       ] GC(10) Using 4 workers of 8 for evacuation
[2023-11-05T10:08:53.258+0000][3.609s][info ][gc,phases     ] GC(10)   Pre Evacuate Collection Set: 0.0ms
[2023-11-05T10:08:53.259+0000][3.610s][info ][gc,phases     ] GC(10)   Evacuate Collection Set: 6.7ms
[2023-11-05T10:08:53.259+0000][3.610s][info ][gc,phases     ] GC(10)   Post Evacuate Collection Set: 1.5ms
[2023-11-05T10:08:53.259+0000][3.610s][info ][gc,phases     ] GC(10)   Other: 0.7ms
[2023-11-05T10:08:53.259+0000][3.611s][info ][gc,heap       ] GC(10) Eden regions: 82->0(102)
[2023-11-05T10:08:53.260+0000][3.611s][info ][gc,heap       ] GC(10) Survivor regions: 7->8(12)
[2023-11-05T10:08:53.260+0000][3.611s][info ][gc,heap       ] GC(10) Old regions: 12->13
[2023-11-05T10:08:53.260+0000][3.611s][info ][gc,heap       ] GC(10) Humongous regions: 0->0
[2023-11-05T10:08:53.260+0000][3.612s][info ][gc,metaspace  ] GC(10) Metaspace: 23918K(24828K)->23918K(24828K) NonClass: 20926K(21504K)->20926K(21504K) Class: 2991K(3324K)->2991K(3324K)
[2023-11-05T10:08:53.261+0000][3.612s][info ][gc            ] GC(10) Pause Young (Normal) (G1 Evacuation Pause) 98M->18M(184M) 12.086ms
[2023-11-05T10:08:53.261+0000][3.613s][info ][gc,cpu        ] GC(10) User=0.05s Sys=0.01s Real=0.01s
[2023-11-05T10:08:53.262+0000][3.613s][info ][safepoint     ] Leaving safepoint region
[2023-11-05T10:08:53.262+0000][3.613s][info ][safepoint     ] Total time for which application threads were stopped: 0.0135569 seconds, Stopping threads took: 0.0002938 seconds
[2023-11-05T10:08:53.263+0000][3.614s][info ][gc,stringdedup] Concurrent String Deduplication (3.614s)
[2023-11-05T10:08:53.268+0000][3.619s][info ][gc,stringdedup] Concurrent String Deduplication 785.4K->746.6K(39736.0B) avg 14.5% (3.614s, 3.619s) 5.094ms
[2023-11-05T10:08:53.731+0000][4.082s][debug][safepoint     ] Safepoint synchronization initiated. (13 threads)
[2023-11-05T10:08:53.732+0000][4.083s][info ][safepoint     ] Application time: 0.4693057 seconds
[2023-11-05T10:08:53.732+0000][4.084s][info ][safepoint     ] Entering safepoint region: G1CollectForAllocation
[2023-11-05T10:08:53.733+0000][4.084s][info ][gc,start      ] GC(11) Pause Young (Normal) (G1 Evacuation Pause)
[2023-11-05T10:08:53.734+0000][4.085s][info ][gc,task       ] GC(11) Using 4 workers of 8 for evacuation
[2023-11-05T10:08:53.744+0000][4.095s][info ][gc,phases     ] GC(11)   Pre Evacuate Collection Set: 0.0ms
[2023-11-05T10:08:53.744+0000][4.096s][info ][gc,phases     ] GC(11)   Evacuate Collection Set: 7.8ms
[2023-11-05T10:08:53.745+0000][4.096s][info ][gc,phases     ] GC(11)   Post Evacuate Collection Set: 1.6ms
[2023-11-05T10:08:53.745+0000][4.097s][info ][gc,phases     ] GC(11)   Other: 1.4ms
[2023-11-05T10:08:53.746+0000][4.097s][info ][gc,heap       ] GC(11) Eden regions: 102->0(102)
[2023-11-05T10:08:53.746+0000][4.097s][info ][gc,heap       ] GC(11) Survivor regions: 8->8(14)
[2023-11-05T10:08:53.747+0000][4.098s][info ][gc,heap       ] GC(11) Old regions: 13->15
[2023-11-05T10:08:53.747+0000][4.098s][info ][gc,heap       ] GC(11) Humongous regions: 0->0
[2023-11-05T10:08:53.747+0000][4.098s][info ][gc,metaspace  ] GC(11) Metaspace: 24287K(25212K)->24287K(25212K) NonClass: 21235K(21760K)->21235K(21760K) Class: 3052K(3452K)->3052K(3452K)
[2023-11-05T10:08:53.748+0000][4.099s][info ][gc            ] GC(11) Pause Young (Normal) (G1 Evacuation Pause) 120M->21M(184M) 14.699ms
[2023-11-05T10:08:53.748+0000][4.099s][info ][gc,cpu        ] GC(11) User=0.09s Sys=0.01s Real=0.02s
[2023-11-05T10:08:53.749+0000][4.100s][info ][safepoint     ] Leaving safepoint region
[2023-11-05T10:08:53.749+0000][4.100s][info ][safepoint     ] Total time for which application threads were stopped: 0.0166620 seconds, Stopping threads took: 0.0004831 seconds
[2023-11-05T10:08:53.749+0000][4.101s][info ][gc,stringdedup] Concurrent String Deduplication (4.101s)
[2023-11-05T10:08:53.750+0000][4.101s][info ][gc,stringdedup] Concurrent String Deduplication 29928.0B->16128.0B(13800.0B) avg 14.7% (4.101s, 4.101s) 0.708ms
[2023-11-05T10:08:54.123+0000][4.475s][debug][safepoint     ] Safepoint synchronization initiated. (13 threads)
[2023-11-05T10:08:54.124+0000][4.475s][info ][safepoint     ] Application time: 0.3749108 seconds
[2023-11-05T10:08:54.125+0000][4.476s][info ][safepoint     ] Entering safepoint region: ICBufferFull
[2023-11-05T10:08:54.125+0000][4.477s][info ][safepoint     ] Leaving safepoint region
[2023-11-05T10:08:54.126+0000][4.477s][info ][safepoint     ] Total time for which application threads were stopped: 0.0010173 seconds, Stopping threads took: 0.0004040 seconds
[2023-11-05T10:08:54.227+0000][4.578s][debug][safepoint     ] Safepoint synchronization initiated. (13 threads)
[2023-11-05T10:08:54.227+0000][4.578s][info ][safepoint     ] Application time: 0.1010854 seconds
[2023-11-05T10:08:54.228+0000][4.579s][info ][safepoint     ] Entering safepoint region: G1CollectForAllocation
[2023-11-05T10:08:54.228+0000][4.580s][info ][gc,start      ] GC(12) Pause Young (Normal) (G1 Evacuation Pause)
[2023-11-05T10:08:54.229+0000][4.580s][info ][gc,task       ] GC(12) Using 4 workers of 8 for evacuation
[2023-11-05T10:08:54.237+0000][4.588s][info ][gc,phases     ] GC(12)   Pre Evacuate Collection Set: 0.0ms
[2023-11-05T10:08:54.237+0000][4.588s][info ][gc,phases     ] GC(12)   Evacuate Collection Set: 6.4ms
[2023-11-05T10:08:54.238+0000][4.589s][info ][gc,phases     ] GC(12)   Post Evacuate Collection Set: 1.2ms
[2023-11-05T10:08:54.238+0000][4.589s][info ][gc,phases     ] GC(12)   Other: 0.8ms
[2023-11-05T10:08:54.238+0000][4.590s][info ][gc,heap       ] GC(12) Eden regions: 102->0(99)
[2023-11-05T10:08:54.239+0000][4.590s][info ][gc,heap       ] GC(12) Survivor regions: 8->11(14)
[2023-11-05T10:08:54.239+0000][4.590s][info ][gc,heap       ] GC(12) Old regions: 15->16
[2023-11-05T10:08:54.240+0000][4.591s][info ][gc,heap       ] GC(12) Humongous regions: 0->0
[2023-11-05T10:08:54.240+0000][4.591s][info ][gc,metaspace  ] GC(12) Metaspace: 24700K(25724K)->24700K(25724K) NonClass: 21611K(22272K)->21611K(22272K) Class: 3089K(3452K)->3089K(3452K)
[2023-11-05T10:08:54.240+0000][4.592s][info ][gc            ] GC(12) Pause Young (Normal) (G1 Evacuation Pause) 123M->24M(184M) 11.968ms
[2023-11-05T10:08:54.241+0000][4.592s][info ][gc,cpu        ] GC(12) User=0.05s Sys=0.01s Real=0.01s
[2023-11-05T10:08:54.241+0000][4.592s][info ][safepoint     ] Leaving safepoint region
[2023-11-05T10:08:54.241+0000][4.592s][info ][safepoint     ] Total time for which application threads were stopped: 0.0134834 seconds, Stopping threads took: 0.0004309 seconds
[2023-11-05T10:08:54.242+0000][4.593s][info ][gc,stringdedup] Concurrent String Deduplication (4.593s)
[2023-11-05T10:08:54.245+0000][4.596s][info ][gc,stringdedup] Concurrent String Deduplication 544.8K->365.5K(179.3K) avg 17.0% (4.593s, 4.596s) 3.155ms
[2023-11-05T10:08:54.386+0000][4.737s][debug][safepoint     ] Safepoint synchronization initiated. (13 threads)
[2023-11-05T10:08:54.387+0000][4.738s][info ][safepoint     ] Application time: 0.1448524 seconds
[2023-11-05T10:08:54.387+0000][4.738s][info ][safepoint     ] Entering safepoint region: ICBufferFull
[2023-11-05T10:08:54.387+0000][4.739s][info ][safepoint     ] Leaving safepoint region
[2023-11-05T10:08:54.388+0000][4.739s][info ][safepoint     ] Total time for which application threads were stopped: 0.0008099 seconds, Stopping threads took: 0.0003274 seconds
[2023-11-05T10:08:54.552+0000][4.904s][debug][safepoint     ] Safepoint synchronization initiated. (13 threads)
[2023-11-05T10:08:54.553+0000][4.904s][info ][safepoint     ] Application time: 0.1647965 seconds
[2023-11-05T10:08:54.553+0000][4.904s][info ][safepoint     ] Entering safepoint region: G1CollectForAllocation
[2023-11-05T10:08:54.554+0000][4.905s][info ][gc,start      ] GC(13) Pause Young (Normal) (G1 Evacuation Pause)
[2023-11-05T10:08:54.554+0000][4.905s][info ][gc,task       ] GC(13) Using 4 workers of 8 for evacuation
[2023-11-05T10:08:54.563+0000][4.914s][info ][gc,phases     ] GC(13)   Pre Evacuate Collection Set: 0.0ms
[2023-11-05T10:08:54.564+0000][4.915s][info ][gc,phases     ] GC(13)   Evacuate Collection Set: 7.1ms
[2023-11-05T10:08:54.564+0000][4.915s][info ][gc,phases     ] GC(13)   Post Evacuate Collection Set: 1.3ms
[2023-11-05T10:08:54.564+0000][4.915s][info ][gc,phases     ] GC(13)   Other: 0.8ms
[2023-11-05T10:08:54.565+0000][4.916s][info ][gc,heap       ] GC(13) Eden regions: 99->0(102)
[2023-11-05T10:08:54.565+0000][4.916s][info ][gc,heap       ] GC(13) Survivor regions: 11->8(14)
[2023-11-05T10:08:54.565+0000][4.917s][info ][gc,heap       ] GC(13) Old regions: 16->20
[2023-11-05T10:08:54.566+0000][4.917s][info ][gc,heap       ] GC(13) Humongous regions: 0->0
[2023-11-05T10:08:54.566+0000][4.917s][info ][gc,metaspace  ] GC(13) Metaspace: 24862K(25980K)->24862K(25980K) NonClass: 21757K(22528K)->21757K(22528K) Class: 3104K(3452K)->3104K(3452K)
[2023-11-05T10:08:54.567+0000][4.918s][info ][gc            ] GC(13) Pause Young (Normal) (G1 Evacuation Pause) 123M->26M(184M) 12.816ms
[2023-11-05T10:08:54.567+0000][4.918s][info ][gc,cpu        ] GC(13) User=0.07s Sys=0.01s Real=0.02s
[2023-11-05T10:08:54.567+0000][4.918s][info ][safepoint     ] Leaving safepoint region
[2023-11-05T10:08:54.568+0000][4.919s][info ][safepoint     ] Total time for which application threads were stopped: 0.0142914 seconds, Stopping threads took: 0.0003226 seconds
[2023-11-05T10:08:54.568+0000][4.919s][info ][gc,stringdedup] Concurrent String Deduplication (4.919s)
[2023-11-05T10:08:54.574+0000][4.925s][info ][gc,stringdedup] Concurrent String Deduplication 848.8K->354.8K(494.0K) avg 23.7% (4.919s, 4.925s) 5.662ms
[2023-11-05T10:08:54.769+0000][5.120s][debug][safepoint     ] Safepoint synchronization initiated. (14 threads)
[2023-11-05T10:08:54.769+0000][5.121s][info ][safepoint     ] Application time: 0.2013631 seconds
[2023-11-05T10:08:54.770+0000][5.121s][info ][safepoint     ] Entering safepoint region: G1CollectForAllocation
[2023-11-05T10:08:54.770+0000][5.121s][info ][gc,start      ] GC(14) Pause Young (Normal) (G1 Evacuation Pause)
[2023-11-05T10:08:54.770+0000][5.122s][info ][gc,task       ] GC(14) Using 4 workers of 8 for evacuation
[2023-11-05T10:08:54.776+0000][5.128s][info ][gc,phases     ] GC(14)   Pre Evacuate Collection Set: 0.0ms
[2023-11-05T10:08:54.777+0000][5.128s][info ][gc,phases     ] GC(14)   Evacuate Collection Set: 4.3ms
[2023-11-05T10:08:54.777+0000][5.129s][info ][gc,phases     ] GC(14)   Post Evacuate Collection Set: 1.4ms
[2023-11-05T10:08:54.778+0000][5.129s][info ][gc,phases     ] GC(14)   Other: 0.7ms
[2023-11-05T10:08:54.778+0000][5.129s][info ][gc,heap       ] GC(14) Eden regions: 102->0(125)
[2023-11-05T10:08:54.778+0000][5.129s][info ][gc,heap       ] GC(14) Survivor regions: 8->7(14)
[2023-11-05T10:08:54.778+0000][5.130s][info ][gc,heap       ] GC(14) Old regions: 20->22
[2023-11-05T10:08:54.779+0000][5.130s][info ][gc,heap       ] GC(14) Humongous regions: 0->0
[2023-11-05T10:08:54.779+0000][5.130s][info ][gc,metaspace  ] GC(14) Metaspace: 25778K(26876K)->25778K(26876K) NonClass: 22610K(23296K)->22610K(23296K) Class: 3168K(3580K)->3168K(3580K)
[2023-11-05T10:08:54.779+0000][5.130s][info ][gc            ] GC(14) Pause Young (Normal) (G1 Evacuation Pause) 128M->27M(221M) 9.079ms
[2023-11-05T10:08:54.779+0000][5.131s][info ][gc,cpu        ] GC(14) User=0.02s Sys=0.00s Real=0.01s
[2023-11-05T10:08:54.780+0000][5.131s][info ][safepoint     ] Leaving safepoint region
[2023-11-05T10:08:54.780+0000][5.131s][info ][safepoint     ] Total time for which application threads were stopped: 0.0103268 seconds, Stopping threads took: 0.0002693 seconds
[2023-11-05T10:08:54.780+0000][5.132s][info ][gc,stringdedup] Concurrent String Deduplication (5.132s)
[2023-11-05T10:08:54.785+0000][5.136s][info ][gc,stringdedup] Concurrent String Deduplication 801.0K->285.5K(515.5K) avg 29.1% (5.132s, 5.136s) 4.245ms
[2023-11-05T10:08:54.922+0000][5.274s][debug][safepoint     ] Safepoint synchronization initiated. (13 threads)
[2023-11-05T10:08:54.923+0000][5.274s][info ][safepoint     ] Application time: 0.1428169 seconds
[2023-11-05T10:08:54.924+0000][5.275s][info ][safepoint     ] Entering safepoint region: G1CollectForAllocation
[2023-11-05T10:08:54.924+0000][5.276s][info ][gc,start      ] GC(15) Pause Young (Normal) (G1 Evacuation Pause)
[2023-11-05T10:08:54.925+0000][5.276s][info ][gc,task       ] GC(15) Using 5 workers of 8 for evacuation
[2023-11-05T10:08:54.930+0000][5.281s][info ][gc,phases     ] GC(15)   Pre Evacuate Collection Set: 0.0ms
[2023-11-05T10:08:54.930+0000][5.281s][info ][gc,phases     ] GC(15)   Evacuate Collection Set: 3.0ms
[2023-11-05T10:08:54.931+0000][5.282s][info ][gc,phases     ] GC(15)   Post Evacuate Collection Set: 1.2ms
[2023-11-05T10:08:54.931+0000][5.282s][info ][gc,phases     ] GC(15)   Other: 1.2ms
[2023-11-05T10:08:54.932+0000][5.283s][info ][gc,heap       ] GC(15) Eden regions: 125->0(125)
[2023-11-05T10:08:54.932+0000][5.283s][info ][gc,heap       ] GC(15) Survivor regions: 7->7(17)
[2023-11-05T10:08:54.932+0000][5.284s][info ][gc,heap       ] GC(15) Old regions: 22->22
[2023-11-05T10:08:54.933+0000][5.284s][info ][gc,heap       ] GC(15) Humongous regions: 0->0
[2023-11-05T10:08:54.933+0000][5.285s][info ][gc,metaspace  ] GC(15) Metaspace: 26400K(27388K)->26400K(27388K) NonClass: 23178K(23808K)->23178K(23808K) Class: 3222K(3580K)->3222K(3580K)
[2023-11-05T10:08:54.934+0000][5.285s][info ][gc            ] GC(15) Pause Young (Normal) (G1 Evacuation Pause) 152M->26M(221M) 9.582ms
[2023-11-05T10:08:54.934+0000][5.286s][info ][gc,cpu        ] GC(15) User=0.03s Sys=0.00s Real=0.01s
[2023-11-05T10:08:54.935+0000][5.286s][info ][safepoint     ] Leaving safepoint region
[2023-11-05T10:08:54.935+0000][5.286s][info ][safepoint     ] Total time for which application threads were stopped: 0.0115803 seconds, Stopping threads took: 0.0004921 seconds
[2023-11-05T10:08:54.936+0000][5.287s][info ][gc,stringdedup] Concurrent String Deduplication (5.287s)
[2023-11-05T10:08:54.938+0000][5.289s][info ][gc,stringdedup] Concurrent String Deduplication 998.6K->248.9K(749.7K) avg 35.6% (5.287s, 5.289s) 2.485ms
[2023-11-05T10:08:55.029+0000][5.380s][debug][safepoint     ] Safepoint synchronization initiated. (14 threads)
[2023-11-05T10:08:55.030+0000][5.381s][info ][safepoint     ] Application time: 0.0938881 seconds
[2023-11-05T10:08:55.030+0000][5.381s][info ][safepoint     ] Entering safepoint region: G1CollectForAllocation
[2023-11-05T10:08:55.030+0000][5.382s][info ][gc,start      ] GC(16) Pause Young (Normal) (G1 Evacuation Pause)
[2023-11-05T10:08:55.031+0000][5.382s][info ][gc,task       ] GC(16) Using 5 workers of 8 for evacuation
[2023-11-05T10:08:55.035+0000][5.386s][info ][gc,phases     ] GC(16)   Pre Evacuate Collection Set: 0.0ms
[2023-11-05T10:08:55.036+0000][5.387s][info ][gc,phases     ] GC(16)   Evacuate Collection Set: 2.5ms
[2023-11-05T10:08:55.036+0000][5.387s][info ][gc,phases     ] GC(16)   Post Evacuate Collection Set: 1.4ms
[2023-11-05T10:08:55.036+0000][5.388s][info ][gc,phases     ] GC(16)   Other: 0.8ms
[2023-11-05T10:08:55.037+0000][5.388s][info ][gc,heap       ] GC(16) Eden regions: 125->0(126)
[2023-11-05T10:08:55.037+0000][5.388s][info ][gc,heap       ] GC(16) Survivor regions: 7->6(17)
[2023-11-05T10:08:55.038+0000][5.389s][info ][gc,heap       ] GC(16) Old regions: 22->22
[2023-11-05T10:08:55.038+0000][5.389s][info ][gc,heap       ] GC(16) Humongous regions: 0->0
[2023-11-05T10:08:55.038+0000][5.389s][info ][gc,metaspace  ] GC(16) Metaspace: 26406K(27388K)->26406K(27388K) NonClass: 23184K(23808K)->23184K(23808K) Class: 3222K(3580K)->3222K(3580K)
[2023-11-05T10:08:55.039+0000][5.390s][info ][gc            ] GC(16) Pause Young (Normal) (G1 Evacuation Pause) 151M->26M(221M) 8.194ms
[2023-11-05T10:08:55.039+0000][5.390s][info ][gc,cpu        ] GC(16) User=0.02s Sys=0.00s Real=0.01s
[2023-11-05T10:08:55.039+0000][5.391s][info ][safepoint     ] Leaving safepoint region
[2023-11-05T10:08:55.040+0000][5.391s][info ][safepoint     ] Total time for which application threads were stopped: 0.0099605 seconds, Stopping threads took: 0.0004080 seconds
[2023-11-05T10:08:55.040+0000][5.391s][info ][gc,stringdedup] Concurrent String Deduplication (5.391s)
[2023-11-05T10:08:55.042+0000][5.393s][info ][gc,stringdedup] Concurrent String Deduplication 480.0K->34464.0B(446.3K) avg 39.3% (5.391s, 5.393s) 1.447ms
[2023-11-05T10:08:55.389+0000][5.741s][debug][safepoint     ] Safepoint synchronization initiated. (13 threads)
[2023-11-05T10:08:55.390+0000][5.741s][info ][safepoint     ] Application time: 0.3498190 seconds
[2023-11-05T10:08:55.391+0000][5.742s][info ][safepoint     ] Entering safepoint region: G1CollectForAllocation
[2023-11-05T10:08:55.391+0000][5.742s][info ][gc,start      ] GC(17) Pause Young (Normal) (G1 Evacuation Pause)
[2023-11-05T10:08:55.392+0000][5.743s][info ][gc,task       ] GC(17) Using 5 workers of 8 for evacuation
[2023-11-05T10:08:55.397+0000][5.748s][info ][gc,phases     ] GC(17)   Pre Evacuate Collection Set: 0.0ms
[2023-11-05T10:08:55.398+0000][5.749s][info ][gc,phases     ] GC(17)   Evacuate Collection Set: 3.2ms
[2023-11-05T10:08:55.398+0000][5.749s][info ][gc,phases     ] GC(17)   Post Evacuate Collection Set: 1.3ms
[2023-11-05T10:08:55.399+0000][5.750s][info ][gc,phases     ] GC(17)   Other: 1.1ms
[2023-11-05T10:08:55.399+0000][5.750s][info ][gc,heap       ] GC(17) Eden regions: 126->0(125)
[2023-11-05T10:08:55.400+0000][5.751s][info ][gc,heap       ] GC(17) Survivor regions: 6->7(17)
[2023-11-05T10:08:55.400+0000][5.751s][info ][gc,heap       ] GC(17) Old regions: 22->22
[2023-11-05T10:08:55.401+0000][5.752s][info ][gc,heap       ] GC(17) Humongous regions: 0->0
[2023-11-05T10:08:55.401+0000][5.752s][info ][gc,metaspace  ] GC(17) Metaspace: 31244K(32508K)->31244K(32508K) NonClass: 27514K(28416K)->27514K(28416K) Class: 3730K(4092K)->3730K(4092K)
[2023-11-05T10:08:55.402+0000][5.753s][info ][gc            ] GC(17) Pause Young (Normal) (G1 Evacuation Pause) 152M->26M(221M) 10.264ms
[2023-11-05T10:08:55.402+0000][5.753s][info ][gc,cpu        ] GC(17) User=0.02s Sys=0.01s Real=0.01s
[2023-11-05T10:08:55.403+0000][5.754s][info ][safepoint     ] Leaving safepoint region
[2023-11-05T10:08:55.403+0000][5.754s][info ][safepoint     ] Total time for which application threads were stopped: 0.0124683 seconds, Stopping threads took: 0.0004439 seconds
[2023-11-05T10:08:55.404+0000][5.755s][info ][gc,stringdedup] Concurrent String Deduplication (5.755s)
[2023-11-05T10:08:55.404+0000][5.755s][info ][gc,stringdedup] Concurrent String Deduplication 39816.0B->14256.0B(25560.0B) avg 39.4% (5.755s, 5.755s) 0.583ms
[2023-11-05T10:08:55.524+0000][5.876s][debug][safepoint     ] Safepoint synchronization initiated. (13 threads)
[2023-11-05T10:08:55.525+0000][5.876s][info ][safepoint     ] Application time: 0.1215325 seconds
[2023-11-05T10:08:55.526+0000][5.877s][info ][safepoint     ] Entering safepoint region: Deoptimize
[2023-11-05T10:08:55.527+0000][5.878s][info ][safepoint     ] Leaving safepoint region
[2023-11-05T10:08:55.528+0000][5.879s][info ][safepoint     ] Total time for which application threads were stopped: 0.0018440 seconds, Stopping threads took: 0.0006062 seconds
[2023-11-05T10:08:56.040+0000][6.392s][debug][safepoint     ] Safepoint synchronization initiated. (11 threads)
[2023-11-05T10:08:56.041+0000][6.392s][info ][safepoint     ] Application time: 0.5127335 seconds
[2023-11-05T10:08:56.041+0000][6.393s][info ][safepoint     ] Entering safepoint region: G1CollectForAllocation
[2023-11-05T10:08:56.042+0000][6.393s][info ][gc,start      ] GC(18) Pause Young (Normal) (G1 Evacuation Pause)
[2023-11-05T10:08:56.043+0000][6.394s][info ][gc,task       ] GC(18) Using 5 workers of 8 for evacuation
[2023-11-05T10:08:56.049+0000][6.400s][info ][gc,phases     ] GC(18)   Pre Evacuate Collection Set: 0.0ms
[2023-11-05T10:08:56.049+0000][6.401s][info ][gc,phases     ] GC(18)   Evacuate Collection Set: 3.9ms
[2023-11-05T10:08:56.050+0000][6.401s][info ][gc,phases     ] GC(18)   Post Evacuate Collection Set: 1.7ms
[2023-11-05T10:08:56.050+0000][6.402s][info ][gc,phases     ] GC(18)   Other: 1.1ms
[2023-11-05T10:08:56.051+0000][6.402s][info ][gc,heap       ] GC(18) Eden regions: 125->0(124)
[2023-11-05T10:08:56.051+0000][6.403s][info ][gc,heap       ] GC(18) Survivor regions: 7->8(17)
[2023-11-05T10:08:56.052+0000][6.403s][info ][gc,heap       ] GC(18) Old regions: 22->22
[2023-11-05T10:08:56.052+0000][6.403s][info ][gc,heap       ] GC(18) Humongous regions: 0->0
[2023-11-05T10:08:56.053+0000][6.404s][info ][gc,metaspace  ] GC(18) Metaspace: 32660K(34044K)->32660K(34044K) NonClass: 28745K(29696K)->28745K(29696K) Class: 3914K(4348K)->3914K(4348K)
[2023-11-05T10:08:56.053+0000][6.404s][info ][gc            ] GC(18) Pause Young (Normal) (G1 Evacuation Pause) 151M->27M(221M) 11.211ms
[2023-11-05T10:08:56.054+0000][6.405s][info ][gc,cpu        ] GC(18) User=0.03s Sys=0.00s Real=0.01s
[2023-11-05T10:08:56.054+0000][6.406s][info ][safepoint     ] Leaving safepoint region
[2023-11-05T10:08:56.055+0000][6.406s][info ][safepoint     ] Total time for which application threads were stopped: 0.0134541 seconds, Stopping threads took: 0.0004731 seconds
[2023-11-05T10:08:56.055+0000][6.407s][info ][gc,stringdedup] Concurrent String Deduplication (6.407s)
[2023-11-05T10:08:56.056+0000][6.407s][info ][gc,stringdedup] Concurrent String Deduplication 23104.0B->0.0B(23104.0B) avg 39.6% (6.407s, 6.407s) 0.453ms
[2023-11-05T10:08:56.088+0000][6.440s][debug][safepoint     ] Safepoint synchronization initiated. (12 threads)
[2023-11-05T10:08:56.089+0000][6.441s][info ][safepoint     ] Application time: 0.0341225 seconds
[2023-11-05T10:08:56.090+0000][6.441s][info ][safepoint     ] Entering safepoint region: Deoptimize
[2023-11-05T10:08:56.091+0000][6.442s][info ][safepoint     ] Leaving safepoint region
[2023-11-05T10:08:56.091+0000][6.443s][info ][safepoint     ] Total time for which application threads were stopped: 0.0014906 seconds, Stopping threads took: 0.0004625 seconds
[2023-11-05T10:08:56.316+0000][6.667s][debug][safepoint     ] Safepoint synchronization initiated. (13 threads)
[2023-11-05T10:08:56.316+0000][6.668s][info ][safepoint     ] Application time: 0.2243411 seconds
[2023-11-05T10:08:56.317+0000][6.668s][info ][safepoint     ] Entering safepoint region: G1CollectForAllocation
[2023-11-05T10:08:56.318+0000][6.669s][info ][gc,start      ] GC(19) Pause Young (Normal) (G1 Evacuation Pause)
[2023-11-05T10:08:56.318+0000][6.669s][info ][gc,task       ] GC(19) Using 5 workers of 8 for evacuation
[2023-11-05T10:08:56.324+0000][6.675s][info ][gc,phases     ] GC(19)   Pre Evacuate Collection Set: 0.0ms
[2023-11-05T10:08:56.325+0000][6.676s][info ][gc,phases     ] GC(19)   Evacuate Collection Set: 3.7ms
[2023-11-05T10:08:56.325+0000][6.676s][info ][gc,phases     ] GC(19)   Post Evacuate Collection Set: 1.5ms
[2023-11-05T10:08:56.326+0000][6.677s][info ][gc,phases     ] GC(19)   Other: 1.1ms
[2023-11-05T10:08:56.326+0000][6.678s][info ][gc,heap       ] GC(19) Eden regions: 124->0(123)
[2023-11-05T10:08:56.327+0000][6.678s][info ][gc,heap       ] GC(19) Survivor regions: 8->9(17)
[2023-11-05T10:08:56.327+0000][6.678s][info ][gc,heap       ] GC(19) Old regions: 22->22
[2023-11-05T10:08:56.328+0000][6.679s][info ][gc,heap       ] GC(19) Humongous regions: 0->0
[2023-11-05T10:08:56.328+0000][6.679s][info ][gc,metaspace  ] GC(19) Metaspace: 32929K(34044K)->32929K(34044K) NonClass: 28973K(29696K)->28973K(29696K) Class: 3955K(4348K)->3955K(4348K)
[2023-11-05T10:08:56.328+0000][6.680s][info ][gc            ] GC(19) Pause Young (Normal) (G1 Evacuation Pause) 151M->29M(221M) 10.717ms
[2023-11-05T10:08:56.329+0000][6.680s][info ][gc,cpu        ] GC(19) User=0.02s Sys=0.00s Real=0.01s
[2023-11-05T10:08:56.329+0000][6.680s][info ][safepoint     ] Leaving safepoint region
[2023-11-05T10:08:56.330+0000][6.681s][info ][safepoint     ] Total time for which application threads were stopped: 0.0128087 seconds, Stopping threads took: 0.0005153 seconds
[2023-11-05T10:08:56.330+0000][6.681s][info ][gc,stringdedup] Concurrent String Deduplication (6.681s)
[2023-11-05T10:08:56.331+0000][6.683s][info ][gc,stringdedup] Concurrent String Deduplication 364.2K->17448.0B(347.1K) avg 42.2% (6.681s, 6.683s) 1.227ms
[2023-11-05T10:08:56.406+0000][6.757s][debug][safepoint     ] Safepoint synchronization initiated. (13 threads)
[2023-11-05T10:08:56.406+0000][6.758s][info ][safepoint     ] Application time: 0.0764251 seconds
[2023-11-05T10:08:56.407+0000][6.758s][info ][safepoint     ] Entering safepoint region: Deoptimize
[2023-11-05T10:08:56.408+0000][6.759s][info ][safepoint     ] Leaving safepoint region
[2023-11-05T10:08:56.409+0000][6.760s][info ][safepoint     ] Total time for which application threads were stopped: 0.0017009 seconds, Stopping threads took: 0.0005289 seconds
[2023-11-05T10:08:56.594+0000][6.946s][debug][safepoint     ] Safepoint synchronization initiated. (13 threads)
[2023-11-05T10:08:56.595+0000][6.946s][info ][safepoint     ] Application time: 0.1858198 seconds
[2023-11-05T10:08:56.595+0000][6.947s][info ][safepoint     ] Entering safepoint region: G1CollectForAllocation
[2023-11-05T10:08:56.596+0000][6.947s][info ][gc,start      ] GC(20) Pause Young (Normal) (G1 Evacuation Pause)
[2023-11-05T10:08:56.597+0000][6.948s][info ][gc,task       ] GC(20) Using 5 workers of 8 for evacuation
[2023-11-05T10:08:56.603+0000][6.954s][info ][gc,phases     ] GC(20)   Pre Evacuate Collection Set: 0.0ms
[2023-11-05T10:08:56.604+0000][6.955s][info ][gc,phases     ] GC(20)   Evacuate Collection Set: 4.5ms
[2023-11-05T10:08:56.604+0000][6.955s][info ][gc,phases     ] GC(20)   Post Evacuate Collection Set: 1.6ms
[2023-11-05T10:08:56.605+0000][6.956s][info ][gc,phases     ] GC(20)   Other: 0.9ms
[2023-11-05T10:08:56.605+0000][6.956s][info ][gc,heap       ] GC(20) Eden regions: 123->0(123)
[2023-11-05T10:08:56.606+0000][6.957s][info ][gc,heap       ] GC(20) Survivor regions: 9->9(17)
[2023-11-05T10:08:56.606+0000][6.957s][info ][gc,heap       ] GC(20) Old regions: 22->22
[2023-11-05T10:08:56.606+0000][6.957s][info ][gc,heap       ] GC(20) Humongous regions: 0->0
[2023-11-05T10:08:56.607+0000][6.958s][info ][gc,metaspace  ] GC(20) Metaspace: 34357K(35580K)->34357K(35580K) NonClass: 30223K(30976K)->30223K(30976K) Class: 4134K(4604K)->4134K(4604K)
[2023-11-05T10:08:56.607+0000][6.958s][info ][gc            ] GC(20) Pause Young (Normal) (G1 Evacuation Pause) 152M->29M(221M) 10.724ms
[2023-11-05T10:08:56.607+0000][6.958s][info ][gc,cpu        ] GC(20) User=0.02s Sys=0.01s Real=0.02s
[2023-11-05T10:08:56.607+0000][6.959s][info ][safepoint     ] Leaving safepoint region
[2023-11-05T10:08:56.608+0000][6.959s][info ][safepoint     ] Total time for which application threads were stopped: 0.0123463 seconds, Stopping threads took: 0.0005067 seconds
[2023-11-05T10:08:56.608+0000][6.959s][info ][gc,stringdedup] Concurrent String Deduplication (6.959s)
[2023-11-05T10:08:56.609+0000][6.961s][info ][gc,stringdedup] Concurrent String Deduplication 235.5K->101.5K(134.0K) avg 42.6% (6.959s, 6.961s) 1.276ms
[2023-11-05T10:08:56.633+0000][6.984s][debug][safepoint     ] Safepoint synchronization initiated. (13 threads)
[2023-11-05T10:08:56.633+0000][6.985s][info ][safepoint     ] Application time: 0.0253027 seconds
[2023-11-05T10:08:56.634+0000][6.985s][info ][safepoint     ] Entering safepoint region: Deoptimize
[2023-11-05T10:08:56.635+0000][6.986s][info ][safepoint     ] Leaving safepoint region
[2023-11-05T10:08:56.636+0000][6.987s][info ][safepoint     ] Total time for which application threads were stopped: 0.0017575 seconds, Stopping threads took: 0.0004677 seconds
[2023-11-05T10:08:56.641+0000][6.992s][debug][safepoint     ] Safepoint synchronization initiated. (13 threads)
[2023-11-05T10:08:56.642+0000][6.993s][info ][safepoint     ] Application time: 0.0057121 seconds
[2023-11-05T10:08:56.642+0000][6.993s][info ][safepoint     ] Entering safepoint region: Deoptimize
[2023-11-05T10:08:56.643+0000][6.995s][info ][safepoint     ] Leaving safepoint region
[2023-11-05T10:08:56.644+0000][6.995s][info ][safepoint     ] Total time for which application threads were stopped: 0.0015473 seconds, Stopping threads took: 0.0004632 seconds
[2023-11-05T10:08:56.663+0000][7.014s][debug][safepoint     ] Safepoint synchronization initiated. (13 threads)
[2023-11-05T10:08:56.663+0000][7.014s][info ][safepoint     ] Application time: 0.0190145 seconds
[2023-11-05T10:08:56.664+0000][7.015s][info ][safepoint     ] Entering safepoint region: Deoptimize
[2023-11-05T10:08:56.665+0000][7.016s][info ][safepoint     ] Leaving safepoint region
[2023-11-05T10:08:56.665+0000][7.016s][info ][safepoint     ] Total time for which application threads were stopped: 0.0014647 seconds, Stopping threads took: 0.0004141 seconds
[2023-11-05T10:08:56.697+0000][7.048s][debug][safepoint     ] Safepoint synchronization initiated. (13 threads)
[2023-11-05T10:08:56.698+0000][7.049s][info ][safepoint     ] Application time: 0.0321761 seconds
[2023-11-05T10:08:56.698+0000][7.049s][info ][safepoint     ] Entering safepoint region: Deoptimize
[2023-11-05T10:08:56.699+0000][7.050s][info ][safepoint     ] Leaving safepoint region
[2023-11-05T10:08:56.699+0000][7.050s][info ][safepoint     ] Total time for which application threads were stopped: 0.0013094 seconds, Stopping threads took: 0.0003433 seconds
[2023-11-05T10:08:56.712+0000][7.063s][debug][safepoint     ] Safepoint synchronization initiated. (13 threads)
[2023-11-05T10:08:56.712+0000][7.063s][info ][safepoint     ] Application time: 0.0124129 seconds
[2023-11-05T10:08:56.712+0000][7.064s][info ][safepoint     ] Entering safepoint region: CollectForMetadataAllocation
[2023-11-05T10:08:56.713+0000][7.064s][info ][gc,start      ] GC(21) Pause Young (Concurrent Start) (Metadata GC Threshold)
[2023-11-05T10:08:56.713+0000][7.065s][info ][gc,task       ] GC(21) Using 5 workers of 8 for evacuation
[2023-11-05T10:08:56.720+0000][7.072s][info ][gc,phases     ] GC(21)   Pre Evacuate Collection Set: 0.1ms
[2023-11-05T10:08:56.721+0000][7.072s][info ][gc,phases     ] GC(21)   Evacuate Collection Set: 4.9ms
[2023-11-05T10:08:56.721+0000][7.072s][info ][gc,phases     ] GC(21)   Post Evacuate Collection Set: 1.5ms
[2023-11-05T10:08:56.722+0000][7.073s][info ][gc,phases     ] GC(21)   Other: 0.9ms
[2023-11-05T10:08:56.722+0000][7.073s][info ][gc,heap       ] GC(21) Eden regions: 29->0(123)
[2023-11-05T10:08:56.722+0000][7.074s][info ][gc,heap       ] GC(21) Survivor regions: 9->9(17)
[2023-11-05T10:08:56.723+0000][7.074s][info ][gc,heap       ] GC(21) Old regions: 22->22
[2023-11-05T10:08:56.723+0000][7.074s][info ][gc,heap       ] GC(21) Humongous regions: 0->0
[2023-11-05T10:08:56.724+0000][7.075s][info ][gc,metaspace  ] GC(21) Metaspace: 34976K(36048K)->34976K(36048K) NonClass: 30760K(31444K)->30760K(31444K) Class: 4216K(4604K)->4216K(4604K)
[2023-11-05T10:08:56.724+0000][7.075s][info ][gc            ] GC(21) Pause Young (Concurrent Start) (Metadata GC Threshold) 57M->29M(221M) 11.057ms
[2023-11-05T10:08:56.725+0000][7.076s][info ][gc,cpu        ] GC(21) User=0.03s Sys=0.01s Real=0.01s
[2023-11-05T10:08:56.725+0000][7.076s][info ][safepoint     ] Leaving safepoint region
[2023-11-05T10:08:56.726+0000][7.077s][info ][safepoint     ] Total time for which application threads were stopped: 0.0133875 seconds, Stopping threads took: 0.0004168 seconds
[2023-11-05T10:08:56.725+0000][7.076s][info ][gc            ] GC(22) Concurrent Cycle
[2023-11-05T10:08:56.726+0000][7.077s][info ][gc,stringdedup] Concurrent String Deduplication (7.077s)
[2023-11-05T10:08:56.727+0000][7.078s][info ][gc,marking    ] GC(22) Concurrent Clear Claimed Marks
[2023-11-05T10:08:56.727+0000][7.079s][info ][gc,marking    ] GC(22) Concurrent Clear Claimed Marks 0.853ms
[2023-11-05T10:08:56.728+0000][7.079s][info ][gc,marking    ] GC(22) Concurrent Scan Root Regions
[2023-11-05T10:08:56.729+0000][7.080s][info ][gc,stringdedup] Concurrent String Deduplication 290.0K->140.3K(149.7K) avg 42.9% (7.077s, 7.080s) 2.538ms
[2023-11-05T10:08:56.731+0000][7.082s][info ][gc,marking    ] GC(22) Concurrent Scan Root Regions 3.010ms
[2023-11-05T10:08:56.731+0000][7.083s][info ][gc,marking    ] GC(22) Concurrent Mark (7.083s)
[2023-11-05T10:08:56.732+0000][7.083s][info ][gc,marking    ] GC(22) Concurrent Mark From Roots
[2023-11-05T10:08:56.732+0000][7.084s][info ][gc,task       ] GC(22) Using 2 workers of 2 for marking
[2023-11-05T10:08:56.745+0000][7.097s][info ][gc,marking    ] GC(22) Concurrent Mark From Roots 13.360ms
[2023-11-05T10:08:56.746+0000][7.097s][info ][gc,marking    ] GC(22) Concurrent Preclean
[2023-11-05T10:08:56.746+0000][7.098s][info ][gc,marking    ] GC(22) Concurrent Preclean 0.474ms
[2023-11-05T10:08:56.747+0000][7.098s][info ][gc,marking    ] GC(22) Concurrent Mark (7.083s, 7.098s) 15.382ms
[2023-11-05T10:08:56.747+0000][7.098s][debug][safepoint     ] Safepoint synchronization initiated. (13 threads)
[2023-11-05T10:08:56.748+0000][7.099s][info ][safepoint     ] Application time: 0.0215308 seconds
[2023-11-05T10:08:56.748+0000][7.099s][info ][safepoint     ] Entering safepoint region: CGC_Operation
[2023-11-05T10:08:56.749+0000][7.100s][info ][gc,start      ] GC(22) Pause Remark
[2023-11-05T10:08:56.754+0000][7.105s][info ][gc,stringtable] GC(22) Cleaned string and symbol table, strings: 12696 processed, 29 removed, symbols: 122349 processed, 336 removed
[2023-11-05T10:08:56.755+0000][7.106s][info ][gc            ] GC(22) Pause Remark 35M->35M(221M) 5.764ms
[2023-11-05T10:08:56.755+0000][7.106s][info ][gc,cpu        ] GC(22) User=0.02s Sys=0.00s Real=0.00s
[2023-11-05T10:08:56.756+0000][7.107s][info ][safepoint     ] Leaving safepoint region
[2023-11-05T10:08:56.756+0000][7.107s][info ][safepoint     ] Total time for which application threads were stopped: 0.0079758 seconds, Stopping threads took: 0.0005227 seconds
[2023-11-05T10:08:56.757+0000][7.108s][info ][gc,marking    ] GC(22) Concurrent Rebuild Remembered Sets
[2023-11-05T10:08:56.764+0000][7.115s][info ][gc,marking    ] GC(22) Concurrent Rebuild Remembered Sets 7.230ms
[2023-11-05T10:08:56.765+0000][7.116s][debug][safepoint     ] Safepoint synchronization initiated. (13 threads)
[2023-11-05T10:08:56.765+0000][7.116s][info ][safepoint     ] Application time: 0.0084195 seconds
[2023-11-05T10:08:56.766+0000][7.117s][info ][safepoint     ] Entering safepoint region: CGC_Operation
[2023-11-05T10:08:56.766+0000][7.117s][info ][gc,start      ] GC(22) Pause Cleanup
[2023-11-05T10:08:56.767+0000][7.118s][info ][gc            ] GC(22) Pause Cleanup 40M->40M(221M) 0.864ms
[2023-11-05T10:08:56.768+0000][7.119s][info ][gc,cpu        ] GC(22) User=0.00s Sys=0.00s Real=0.01s
[2023-11-05T10:08:56.768+0000][7.119s][info ][safepoint     ] Leaving safepoint region
[2023-11-05T10:08:56.768+0000][7.120s][info ][safepoint     ] Total time for which application threads were stopped: 0.0026995 seconds, Stopping threads took: 0.0003951 seconds
[2023-11-05T10:08:56.769+0000][7.120s][info ][gc,marking    ] GC(22) Concurrent Cleanup for Next Mark
[2023-11-05T10:08:56.771+0000][7.122s][info ][gc,marking    ] GC(22) Concurrent Cleanup for Next Mark 2.245ms
[2023-11-05T10:08:56.772+0000][7.123s][info ][gc            ] GC(22) Concurrent Cycle 46.280ms
[2023-11-05T10:08:57.546+0000][7.897s][debug][safepoint     ] Safepoint synchronization initiated. (13 threads)
[2023-11-05T10:08:57.546+0000][7.897s][info ][safepoint     ] Application time: 0.7773336 seconds
[2023-11-05T10:08:57.546+0000][7.898s][info ][safepoint     ] Entering safepoint region: Deoptimize
[2023-11-05T10:08:57.547+0000][7.898s][info ][safepoint     ] Leaving safepoint region
[2023-11-05T10:08:57.548+0000][7.899s][info ][safepoint     ] Total time for which application threads were stopped: 0.0011301 seconds, Stopping threads took: 0.0002895 seconds
[2023-11-05T10:08:57.645+0000][7.996s][debug][safepoint     ] Safepoint synchronization initiated. (13 threads)
[2023-11-05T10:08:57.646+0000][7.997s][info ][safepoint     ] Application time: 0.0982174 seconds
[2023-11-05T10:08:57.647+0000][7.998s][info ][safepoint     ] Entering safepoint region: G1CollectForAllocation
[2023-11-05T10:08:57.647+0000][7.998s][info ][gc,start      ] GC(23) Pause Young (Normal) (G1 Evacuation Pause)
[2023-11-05T10:08:57.647+0000][7.999s][info ][gc,task       ] GC(23) Using 5 workers of 8 for evacuation
[2023-11-05T10:08:57.656+0000][8.007s][info ][gc,phases     ] GC(23)   Pre Evacuate Collection Set: 0.0ms
[2023-11-05T10:08:57.656+0000][8.008s][info ][gc,phases     ] GC(23)   Evacuate Collection Set: 6.5ms
[2023-11-05T10:08:57.657+0000][8.008s][info ][gc,phases     ] GC(23)   Post Evacuate Collection Set: 1.5ms
[2023-11-05T10:08:57.657+0000][8.009s][info ][gc,phases     ] GC(23)   Other: 0.8ms
[2023-11-05T10:08:57.658+0000][8.009s][info ][gc,heap       ] GC(23) Eden regions: 123->0(125)
[2023-11-05T10:08:57.658+0000][8.010s][info ][gc,heap       ] GC(23) Survivor regions: 9->7(17)
[2023-11-05T10:08:57.659+0000][8.010s][info ][gc,heap       ] GC(23) Old regions: 22->24
[2023-11-05T10:08:57.659+0000][8.011s][info ][gc,heap       ] GC(23) Humongous regions: 0->0
[2023-11-05T10:08:57.660+0000][8.011s][info ][gc,metaspace  ] GC(23) Metaspace: 36951K(38224K)->36951K(38224K) NonClass: 32408K(33236K)->32408K(33236K) Class: 4542K(4988K)->4542K(4988K)
[2023-11-05T10:08:57.660+0000][8.012s][info ][gc            ] GC(23) Pause Young (Normal) (G1 Evacuation Pause) 152M->29M(221M) 13.353ms
[2023-11-05T10:08:57.661+0000][8.012s][info ][gc,cpu        ] GC(23) User=0.03s Sys=0.00s Real=0.01s
[2023-11-05T10:08:57.661+0000][8.012s][info ][safepoint     ] Leaving safepoint region
[2023-11-05T10:08:57.661+0000][8.012s][info ][safepoint     ] Total time for which application threads were stopped: 0.0147640 seconds, Stopping threads took: 0.0003222 seconds
[2023-11-05T10:08:57.662+0000][8.013s][info ][gc,stringdedup] Concurrent String Deduplication (8.013s)
[2023-11-05T10:08:57.662+0000][8.014s][info ][gc,stringdedup] Concurrent String Deduplication 124.1K->49704.0B(77368.0B) avg 43.2% (8.013s, 8.014s) 0.789ms
[2023-11-05T10:08:58.076+0000][8.427s][debug][safepoint     ] Safepoint synchronization initiated. (12 threads)
[2023-11-05T10:08:58.076+0000][8.428s][info ][safepoint     ] Application time: 0.4148414 seconds
[2023-11-05T10:08:58.077+0000][8.428s][info ][safepoint     ] Entering safepoint region: Deoptimize
[2023-11-05T10:08:58.078+0000][8.429s][info ][safepoint     ] Leaving safepoint region
[2023-11-05T10:08:58.078+0000][8.429s][info ][safepoint     ] Total time for which application threads were stopped: 0.0013476 seconds, Stopping threads took: 0.0003112 seconds
[2023-11-05T10:08:58.195+0000][8.546s][debug][safepoint     ] Safepoint synchronization initiated. (12 threads)
[2023-11-05T10:08:58.195+0000][8.546s][info ][safepoint     ] Application time: 0.1165759 seconds
[2023-11-05T10:08:58.196+0000][8.547s][info ][safepoint     ] Entering safepoint region: G1CollectForAllocation
[2023-11-05T10:08:58.196+0000][8.547s][info ][gc,start      ] GC(24) Pause Young (Normal) (G1 Evacuation Pause)
[2023-11-05T10:08:58.196+0000][8.548s][info ][gc,task       ] GC(24) Using 5 workers of 8 for evacuation
[2023-11-05T10:08:58.204+0000][8.555s][info ][gc,phases     ] GC(24)   Pre Evacuate Collection Set: 0.0ms
[2023-11-05T10:08:58.204+0000][8.556s][info ][gc,phases     ] GC(24)   Evacuate Collection Set: 5.0ms
[2023-11-05T10:08:58.205+0000][8.556s][info ][gc,phases     ] GC(24)   Post Evacuate Collection Set: 2.0ms
[2023-11-05T10:08:58.205+0000][8.556s][info ][gc,phases     ] GC(24)   Other: 0.6ms
[2023-11-05T10:08:58.206+0000][8.557s][info ][gc,heap       ] GC(24) Eden regions: 125->0(152)
[2023-11-05T10:08:58.206+0000][8.557s][info ][gc,heap       ] GC(24) Survivor regions: 7->7(17)
[2023-11-05T10:08:58.206+0000][8.558s][info ][gc,heap       ] GC(24) Old regions: 24->25
[2023-11-05T10:08:58.207+0000][8.558s][info ][gc,heap       ] GC(24) Humongous regions: 0->0
[2023-11-05T10:08:58.207+0000][8.558s][info ][gc,metaspace  ] GC(24) Metaspace: 38456K(39632K)->38456K(39632K) NonClass: 33759K(34516K)->33759K(34516K) Class: 4696K(5116K)->4696K(5116K)
[2023-11-05T10:08:58.208+0000][8.559s][info ][gc            ] GC(24) Pause Young (Normal) (G1 Evacuation Pause) 154M->30M(266M) 11.406ms
[2023-11-05T10:08:58.208+0000][8.559s][info ][gc,cpu        ] GC(24) User=0.03s Sys=0.00s Real=0.02s
[2023-11-05T10:08:58.208+0000][8.559s][info ][safepoint     ] Leaving safepoint region
[2023-11-05T10:08:58.209+0000][8.560s][info ][safepoint     ] Total time for which application threads were stopped: 0.0128639 seconds, Stopping threads took: 0.0003551 seconds
[2023-11-05T10:08:58.209+0000][8.560s][info ][gc,stringdedup] Concurrent String Deduplication (8.560s)
[2023-11-05T10:08:58.210+0000][8.561s][info ][gc,stringdedup] Concurrent String Deduplication 41120.0B->12472.0B(28648.0B) avg 43.3% (8.560s, 8.561s) 0.948ms
[2023-11-05T10:08:59.052+0000][9.403s][debug][safepoint     ] Safepoint synchronization initiated. (12 threads)
[2023-11-05T10:08:59.053+0000][9.404s][info ][safepoint     ] Application time: 0.8438844 seconds
[2023-11-05T10:08:59.053+0000][9.404s][info ][safepoint     ] Entering safepoint region: G1CollectForAllocation
[2023-11-05T10:08:59.054+0000][9.405s][info ][gc,start      ] GC(25) Pause Young (Normal) (G1 Evacuation Pause)
[2023-11-05T10:08:59.054+0000][9.406s][info ][gc,task       ] GC(25) Using 6 workers of 8 for evacuation
[2023-11-05T10:08:59.060+0000][9.411s][info ][gc,phases     ] GC(25)   Pre Evacuate Collection Set: 0.0ms
[2023-11-05T10:08:59.061+0000][9.412s][info ][gc,phases     ] GC(25)   Evacuate Collection Set: 3.9ms
[2023-11-05T10:08:59.061+0000][9.413s][info ][gc,phases     ] GC(25)   Post Evacuate Collection Set: 1.3ms
[2023-11-05T10:08:59.062+0000][9.413s][info ][gc,phases     ] GC(25)   Other: 1.2ms
[2023-11-05T10:08:59.062+0000][9.414s][info ][gc,heap       ] GC(25) Eden regions: 152->0(151)
[2023-11-05T10:08:59.063+0000][9.414s][info ][gc,heap       ] GC(25) Survivor regions: 7->8(20)
[2023-11-05T10:08:59.063+0000][9.415s][info ][gc,heap       ] GC(25) Old regions: 25->26
[2023-11-05T10:08:59.064+0000][9.415s][info ][gc,heap       ] GC(25) Humongous regions: 0->0
[2023-11-05T10:08:59.064+0000][9.416s][info ][gc,metaspace  ] GC(25) Metaspace: 40570K(41680K)->40570K(41680K) NonClass: 35577K(36308K)->35577K(36308K) Class: 4993K(5372K)->4993K(5372K)
[2023-11-05T10:08:59.065+0000][9.416s][info ][gc            ] GC(25) Pause Young (Normal) (G1 Evacuation Pause) 182M->32M(266M) 10.910ms
[2023-11-05T10:08:59.065+0000][9.416s][info ][gc,cpu        ] GC(25) User=0.04s Sys=0.00s Real=0.01s
[2023-11-05T10:08:59.066+0000][9.417s][info ][safepoint     ] Leaving safepoint region
[2023-11-05T10:08:59.066+0000][9.417s][info ][safepoint     ] Total time for which application threads were stopped: 0.0130195 seconds, Stopping threads took: 0.0005075 seconds
[2023-11-05T10:08:59.067+0000][9.418s][info ][gc,stringdedup] Concurrent String Deduplication (9.418s)
[2023-11-05T10:08:59.067+0000][9.419s][info ][gc,stringdedup] Concurrent String Deduplication 67408.0B->19904.0B(47504.0B) avg 43.5% (9.418s, 9.418s) 0.655ms
[2023-11-05T10:08:59.232+0000][9.584s][debug][safepoint     ] Safepoint synchronization initiated. (12 threads)
[2023-11-05T10:08:59.233+0000][9.584s][info ][safepoint     ] Application time: 0.1667272 seconds
[2023-11-05T10:08:59.234+0000][9.585s][info ][safepoint     ] Entering safepoint region: Deoptimize
[2023-11-05T10:08:59.235+0000][9.586s][info ][safepoint     ] Leaving safepoint region
[2023-11-05T10:08:59.236+0000][9.587s][info ][safepoint     ] Total time for which application threads were stopped: 0.0019464 seconds, Stopping threads took: 0.0005600 seconds
[2023-11-05T10:08:59.250+0000][9.601s][debug][safepoint     ] Safepoint synchronization initiated. (12 threads)
[2023-11-05T10:08:59.251+0000][9.602s][info ][safepoint     ] Application time: 0.0140661 seconds
[2023-11-05T10:08:59.251+0000][9.603s][info ][safepoint     ] Entering safepoint region: Deoptimize
[2023-11-05T10:08:59.253+0000][9.604s][info ][safepoint     ] Leaving safepoint region
[2023-11-05T10:08:59.253+0000][9.604s][info ][safepoint     ] Total time for which application threads were stopped: 0.0019442 seconds, Stopping threads took: 0.0004152 seconds
[2023-11-05T10:08:59.280+0000][9.631s][debug][safepoint     ] Safepoint synchronization initiated. (12 threads)
[2023-11-05T10:08:59.280+0000][9.632s][info ][safepoint     ] Application time: 0.0265975 seconds
[2023-11-05T10:08:59.281+0000][9.632s][info ][safepoint     ] Entering safepoint region: Deoptimize
[2023-11-05T10:08:59.282+0000][9.633s][info ][safepoint     ] Leaving safepoint region
[2023-11-05T10:08:59.283+0000][9.634s][info ][safepoint     ] Total time for which application threads were stopped: 0.0017479 seconds, Stopping threads took: 0.0004861 seconds
[2023-11-05T10:08:59.498+0000][9.850s][debug][safepoint     ] Safepoint synchronization initiated. (13 threads)
[2023-11-05T10:08:59.499+0000][9.850s][info ][safepoint     ] Application time: 0.2159894 seconds
[2023-11-05T10:08:59.499+0000][9.850s][info ][safepoint     ] Entering safepoint region: Deoptimize
[2023-11-05T10:08:59.500+0000][9.851s][info ][safepoint     ] Leaving safepoint region
[2023-11-05T10:08:59.501+0000][9.852s][info ][safepoint     ] Total time for which application threads were stopped: 0.0013238 seconds, Stopping threads took: 0.0003019 seconds
[2023-11-05T10:08:59.502+0000][9.853s][debug][safepoint     ] Safepoint synchronization initiated. (13 threads)
[2023-11-05T10:08:59.503+0000][9.854s][info ][safepoint     ] Application time: 0.0017435 seconds
[2023-11-05T10:08:59.503+0000][9.854s][info ][safepoint     ] Entering safepoint region: Deoptimize
[2023-11-05T10:08:59.504+0000][9.855s][info ][safepoint     ] Leaving safepoint region
[2023-11-05T10:08:59.504+0000][9.856s][info ][safepoint     ] Total time for which application threads were stopped: 0.0015235 seconds, Stopping threads took: 0.0002924 seconds
[2023-11-05T10:08:59.569+0000][9.920s][debug][safepoint     ] Safepoint synchronization initiated. (13 threads)
[2023-11-05T10:08:59.569+0000][9.920s][info ][safepoint     ] Application time: 0.0643565 seconds
[2023-11-05T10:08:59.569+0000][9.921s][info ][safepoint     ] Entering safepoint region: Deoptimize
[2023-11-05T10:08:59.570+0000][9.922s][info ][safepoint     ] Leaving safepoint region
[2023-11-05T10:08:59.571+0000][9.922s][info ][safepoint     ] Total time for which application threads were stopped: 0.0012904 seconds, Stopping threads took: 0.0003043 seconds
[2023-11-05T10:08:59.758+0000][10.109s][debug][safepoint     ] Safepoint synchronization initiated. (13 threads)
[2023-11-05T10:08:59.758+0000][10.110s][info ][safepoint     ] Application time: 0.1873569 seconds
[2023-11-05T10:08:59.759+0000][10.110s][info ][safepoint     ] Entering safepoint region: G1CollectForAllocation
[2023-11-05T10:08:59.759+0000][10.111s][info ][gc,start      ] GC(26) Pause Young (Normal) (G1 Evacuation Pause)
[2023-11-05T10:08:59.760+0000][10.111s][info ][gc,task       ] GC(26) Using 6 workers of 8 for evacuation
[2023-11-05T10:08:59.768+0000][10.119s][info ][gc,phases     ] GC(26)   Pre Evacuate Collection Set: 0.0ms
[2023-11-05T10:08:59.769+0000][10.120s][info ][gc,phases     ] GC(26)   Evacuate Collection Set: 5.8ms
[2023-11-05T10:08:59.769+0000][10.120s][info ][gc,phases     ] GC(26)   Post Evacuate Collection Set: 2.1ms
[2023-11-05T10:08:59.769+0000][10.121s][info ][gc,phases     ] GC(26)   Other: 0.8ms
[2023-11-05T10:08:59.770+0000][10.121s][info ][gc,heap       ] GC(26) Eden regions: 151->0(148)
[2023-11-05T10:08:59.770+0000][10.121s][info ][gc,heap       ] GC(26) Survivor regions: 8->11(20)
[2023-11-05T10:08:59.770+0000][10.122s][info ][gc,heap       ] GC(26) Old regions: 26->26
[2023-11-05T10:08:59.771+0000][10.122s][info ][gc,heap       ] GC(26) Humongous regions: 0->0
[2023-11-05T10:08:59.771+0000][10.122s][info ][gc,metaspace  ] GC(26) Metaspace: 44617K(45904K)->44617K(45904K) NonClass: 39074K(39892K)->39074K(39892K) Class: 5542K(6012K)->5542K(6012K)
[2023-11-05T10:08:59.771+0000][10.123s][info ][gc            ] GC(26) Pause Young (Normal) (G1 Evacuation Pause) 183M->34M(266M) 12.116ms
[2023-11-05T10:08:59.772+0000][10.123s][info ][gc,cpu        ] GC(26) User=0.06s Sys=0.00s Real=0.01s
[2023-11-05T10:08:59.772+0000][10.123s][info ][safepoint     ] Leaving safepoint region
[2023-11-05T10:08:59.773+0000][10.124s][info ][safepoint     ] Total time for which application threads were stopped: 0.0137728 seconds, Stopping threads took: 0.0003829 seconds
[2023-11-05T10:08:59.773+0000][10.124s][info ][gc,stringdedup] Concurrent String Deduplication (10.124s)
[2023-11-05T10:08:59.776+0000][10.127s][info ][gc,stringdedup] Concurrent String Deduplication 225.2K->51864.0B(174.5K) avg 44.4% (10.124s, 10.127s) 2.700ms
[2023-11-05T10:08:59.929+0000][10.280s][debug][safepoint     ] Safepoint synchronization initiated. (13 threads)
[2023-11-05T10:08:59.930+0000][10.281s][info ][safepoint     ] Application time: 0.1567184 seconds
[2023-11-05T10:08:59.930+0000][10.281s][info ][safepoint     ] Entering safepoint region: Deoptimize
[2023-11-05T10:08:59.932+0000][10.283s][info ][safepoint     ] Leaving safepoint region
[2023-11-05T10:08:59.932+0000][10.283s][info ][safepoint     ] Total time for which application threads were stopped: 0.0019190 seconds, Stopping threads took: 0.0004473 seconds
[2023-11-05T10:08:59.933+0000][10.285s][debug][safepoint     ] Safepoint synchronization initiated. (13 threads)
[2023-11-05T10:08:59.934+0000][10.285s][info ][safepoint     ] Application time: 0.0014677 seconds
[2023-11-05T10:08:59.934+0000][10.285s][info ][safepoint     ] Entering safepoint region: Deoptimize
[2023-11-05T10:08:59.936+0000][10.287s][info ][safepoint     ] Leaving safepoint region
[2023-11-05T10:08:59.936+0000][10.288s][info ][safepoint     ] Total time for which application threads were stopped: 0.0022433 seconds, Stopping threads took: 0.0007379 seconds
[2023-11-05T10:09:00.138+0000][10.489s][debug][safepoint     ] Safepoint synchronization initiated. (13 threads)
[2023-11-05T10:09:00.138+0000][10.489s][info ][safepoint     ] Application time: 0.2012802 seconds
[2023-11-05T10:09:00.139+0000][10.490s][info ][safepoint     ] Entering safepoint region: Deoptimize
[2023-11-05T10:09:00.140+0000][10.491s][info ][safepoint     ] Leaving safepoint region
[2023-11-05T10:09:00.141+0000][10.492s][info ][safepoint     ] Total time for which application threads were stopped: 0.0019016 seconds, Stopping threads took: 0.0004084 seconds
[2023-11-05T10:09:00.343+0000][10.694s][debug][safepoint     ] Safepoint synchronization initiated. (13 threads)
[2023-11-05T10:09:00.343+0000][10.695s][info ][safepoint     ] Application time: 0.2023738 seconds
[2023-11-05T10:09:00.344+0000][10.695s][info ][safepoint     ] Entering safepoint region: Deoptimize
[2023-11-05T10:09:00.345+0000][10.696s][info ][safepoint     ] Leaving safepoint region
[2023-11-05T10:09:00.345+0000][10.696s][info ][safepoint     ] Total time for which application threads were stopped: 0.0014711 seconds, Stopping threads took: 0.0003315 seconds
[2023-11-05T10:09:00.677+0000][11.028s][debug][safepoint     ] Safepoint synchronization initiated. (13 threads)
[2023-11-05T10:09:00.677+0000][11.028s][info ][safepoint     ] Application time: 0.3315882 seconds
[2023-11-05T10:09:00.678+0000][11.029s][info ][safepoint     ] Entering safepoint region: G1CollectForAllocation
[2023-11-05T10:09:00.678+0000][11.029s][info ][gc,start      ] GC(27) Pause Young (Normal) (G1 Evacuation Pause)
[2023-11-05T10:09:00.679+0000][11.030s][info ][gc,task       ] GC(27) Using 6 workers of 8 for evacuation
[2023-11-05T10:09:00.691+0000][11.042s][info ][gc,phases     ] GC(27)   Pre Evacuate Collection Set: 0.0ms
[2023-11-05T10:09:00.693+0000][11.044s][info ][gc,phases     ] GC(27)   Evacuate Collection Set: 9.0ms
[2023-11-05T10:09:00.693+0000][11.044s][info ][gc,phases     ] GC(27)   Post Evacuate Collection Set: 2.4ms
[2023-11-05T10:09:00.694+0000][11.045s][info ][gc,phases     ] GC(27)   Other: 0.8ms
[2023-11-05T10:09:00.694+0000][11.045s][info ][gc,heap       ] GC(27) Eden regions: 148->0(147)
[2023-11-05T10:09:00.694+0000][11.045s][info ][gc,heap       ] GC(27) Survivor regions: 11->12(20)
[2023-11-05T10:09:00.695+0000][11.046s][info ][gc,heap       ] GC(27) Old regions: 26->26
[2023-11-05T10:09:00.695+0000][11.046s][info ][gc,heap       ] GC(27) Humongous regions: 0->0
[2023-11-05T10:09:00.695+0000][11.046s][info ][gc,metaspace  ] GC(27) Metaspace: 49557K(50896K)->49557K(50896K) NonClass: 43417K(44244K)->43417K(44244K) Class: 6140K(6652K)->6140K(6652K)
[2023-11-05T10:09:00.695+0000][11.047s][info ][gc            ] GC(27) Pause Young (Normal) (G1 Evacuation Pause) 182M->35M(266M) 17.104ms
[2023-11-05T10:09:00.696+0000][11.047s][info ][gc,cpu        ] GC(27) User=0.09s Sys=0.00s Real=0.01s
[2023-11-05T10:09:00.696+0000][11.047s][info ][safepoint     ] Leaving safepoint region
[2023-11-05T10:09:00.696+0000][11.047s][info ][safepoint     ] Total time for which application threads were stopped: 0.0184674 seconds, Stopping threads took: 0.0003630 seconds
[2023-11-05T10:09:00.696+0000][11.048s][info ][gc,stringdedup] Concurrent String Deduplication (11.048s)
[2023-11-05T10:09:00.698+0000][11.050s][info ][gc,stringdedup] Concurrent String Deduplication 155.9K->78176.0B(81416.0B) avg 44.5% (11.048s, 11.050s) 1.855ms
[2023-11-05T10:09:00.795+0000][11.147s][debug][safepoint     ] Safepoint synchronization initiated. (13 threads)
[2023-11-05T10:09:00.796+0000][11.147s][info ][safepoint     ] Application time: 0.0993934 seconds
[2023-11-05T10:09:00.796+0000][11.147s][info ][safepoint     ] Entering safepoint region: Deoptimize
[2023-11-05T10:09:00.797+0000][11.148s][info ][safepoint     ] Leaving safepoint region
[2023-11-05T10:09:00.797+0000][11.149s][info ][safepoint     ] Total time for which application threads were stopped: 0.0013426 seconds, Stopping threads took: 0.0002796 seconds
[2023-11-05T10:09:01.798+0000][12.149s][debug][safepoint     ] Safepoint synchronization initiated. (15 threads)
[2023-11-05T10:09:01.799+0000][12.150s][info ][safepoint     ] Application time: 1.0009044 seconds
[2023-11-05T10:09:01.799+0000][12.150s][info ][safepoint     ] Entering safepoint region: Cleanup
[2023-11-05T10:09:01.800+0000][12.151s][info ][safepoint     ] Leaving safepoint region
[2023-11-05T10:09:01.800+0000][12.151s][info ][safepoint     ] Total time for which application threads were stopped: 0.0009644 seconds, Stopping threads took: 0.0004340 seconds
[2023-11-05T10:09:01.876+0000][12.227s][debug][safepoint     ] Safepoint synchronization initiated. (14 threads)
[2023-11-05T10:09:01.877+0000][12.228s][info ][safepoint     ] Application time: 0.0761783 seconds
[2023-11-05T10:09:01.877+0000][12.228s][info ][safepoint     ] Entering safepoint region: Deoptimize
[2023-11-05T10:09:01.879+0000][12.230s][info ][safepoint     ] Leaving safepoint region
[2023-11-05T10:09:01.879+0000][12.230s][info ][safepoint     ] Total time for which application threads were stopped: 0.0019086 seconds, Stopping threads took: 0.0004661 seconds
[2023-11-05T10:09:01.974+0000][12.325s][debug][safepoint     ] Safepoint synchronization initiated. (16 threads)
[2023-11-05T10:09:01.974+0000][12.325s][info ][safepoint     ] Application time: 0.0944876 seconds
[2023-11-05T10:09:01.974+0000][12.326s][info ][safepoint     ] Entering safepoint region: Deoptimize
[2023-11-05T10:09:01.976+0000][12.327s][info ][safepoint     ] Leaving safepoint region
[2023-11-05T10:09:01.976+0000][12.327s][info ][safepoint     ] Total time for which application threads were stopped: 0.0016944 seconds, Stopping threads took: 0.0004510 seconds
[2023-11-05T10:09:02.248+0000][12.599s][debug][safepoint     ] Safepoint synchronization initiated. (16 threads)
[2023-11-05T10:09:02.248+0000][12.599s][info ][safepoint     ] Application time: 0.2717323 seconds
[2023-11-05T10:09:02.249+0000][12.600s][info ][safepoint     ] Entering safepoint region: ICBufferFull
[2023-11-05T10:09:02.249+0000][12.601s][info ][safepoint     ] Leaving safepoint region
[2023-11-05T10:09:02.250+0000][12.601s][info ][safepoint     ] Total time for which application threads were stopped: 0.0011302 seconds, Stopping threads took: 0.0005031 seconds
[2023-11-05T10:09:02.543+0000][12.895s][debug][safepoint     ] Safepoint synchronization initiated. (16 threads)
[2023-11-05T10:09:02.544+0000][12.895s][info ][safepoint     ] Application time: 0.2936519 seconds
[2023-11-05T10:09:02.544+0000][12.895s][info ][safepoint     ] Entering safepoint region: G1CollectForAllocation
[2023-11-05T10:09:02.545+0000][12.896s][info ][gc,start      ] GC(28) Pause Young (Normal) (G1 Evacuation Pause)
[2023-11-05T10:09:02.545+0000][12.896s][info ][gc,task       ] GC(28) Using 6 workers of 8 for evacuation
[2023-11-05T10:09:02.558+0000][12.909s][info ][gc,phases     ] GC(28)   Pre Evacuate Collection Set: 0.0ms
[2023-11-05T10:09:02.558+0000][12.910s][info ][gc,phases     ] GC(28)   Evacuate Collection Set: 10.3ms
[2023-11-05T10:09:02.560+0000][12.911s][info ][gc,phases     ] GC(28)   Post Evacuate Collection Set: 1.8ms
[2023-11-05T10:09:02.560+0000][12.911s][info ][gc,phases     ] GC(28)   Other: 1.0ms
[2023-11-05T10:09:02.561+0000][12.912s][info ][gc,heap       ] GC(28) Eden regions: 147->0(145)
[2023-11-05T10:09:02.561+0000][12.912s][info ][gc,heap       ] GC(28) Survivor regions: 12->14(20)
[2023-11-05T10:09:02.561+0000][12.912s][info ][gc,heap       ] GC(28) Old regions: 26->28
[2023-11-05T10:09:02.561+0000][12.913s][info ][gc,heap       ] GC(28) Humongous regions: 0->0
[2023-11-05T10:09:02.562+0000][12.913s][info ][gc,metaspace  ] GC(28) Metaspace: 54215K(55888K)->54215K(55888K) NonClass: 47557K(48596K)->47557K(48596K) Class: 6657K(7292K)->6657K(7292K)
[2023-11-05T10:09:02.562+0000][12.913s][info ][gc            ] GC(28) Pause Young (Normal) (G1 Evacuation Pause) 182M->39M(266M) 17.205ms
[2023-11-05T10:09:02.562+0000][12.913s][info ][gc,cpu        ] GC(28) User=0.11s Sys=0.00s Real=0.02s
[2023-11-05T10:09:02.562+0000][12.914s][info ][safepoint     ] Leaving safepoint region
[2023-11-05T10:09:02.563+0000][12.914s][info ][safepoint     ] Total time for which application threads were stopped: 0.0185904 seconds, Stopping threads took: 0.0003428 seconds
[2023-11-05T10:09:02.563+0000][12.914s][info ][gc,stringdedup] Concurrent String Deduplication (12.914s)
[2023-11-05T10:09:02.565+0000][12.917s][info ][gc,stringdedup] Concurrent String Deduplication 180.2K->70680.0B(111.2K) avg 44.8% (12.914s, 12.917s) 2.243ms
[2023-11-05T10:09:02.948+0000][13.299s][debug][safepoint     ] Safepoint synchronization initiated. (16 threads)
[2023-11-05T10:09:02.949+0000][13.300s][info ][safepoint     ] Application time: 0.3855775 seconds
[2023-11-05T10:09:02.949+0000][13.300s][info ][safepoint     ] Entering safepoint region: G1CollectForAllocation
[2023-11-05T10:09:02.950+0000][13.301s][info ][gc,start      ] GC(29) Pause Young (Normal) (G1 Evacuation Pause)
[2023-11-05T10:09:02.950+0000][13.301s][info ][gc,task       ] GC(29) Using 6 workers of 8 for evacuation
[2023-11-05T10:09:02.959+0000][13.311s][info ][gc,phases     ] GC(29)   Pre Evacuate Collection Set: 0.0ms
[2023-11-05T10:09:02.960+0000][13.311s][info ][gc,phases     ] GC(29)   Evacuate Collection Set: 7.5ms
[2023-11-05T10:09:02.960+0000][13.312s][info ][gc,phases     ] GC(29)   Post Evacuate Collection Set: 1.5ms
[2023-11-05T10:09:02.961+0000][13.312s][info ][gc,phases     ] GC(29)   Other: 0.9ms
[2023-11-05T10:09:02.961+0000][13.313s][info ][gc,heap       ] GC(29) Eden regions: 145->0(149)
[2023-11-05T10:09:02.962+0000][13.313s][info ][gc,heap       ] GC(29) Survivor regions: 14->10(20)
[2023-11-05T10:09:02.962+0000][13.313s][info ][gc,heap       ] GC(29) Old regions: 28->31
[2023-11-05T10:09:02.963+0000][13.314s][info ][gc,heap       ] GC(29) Humongous regions: 0->0
[2023-11-05T10:09:02.963+0000][13.314s][info ][gc,metaspace  ] GC(29) Metaspace: 56274K(57936K)->56274K(57936K) NonClass: 49268K(50388K)->49268K(50388K) Class: 7006K(7548K)->7006K(7548K)
[2023-11-05T10:09:02.963+0000][13.314s][info ][gc            ] GC(29) Pause Young (Normal) (G1 Evacuation Pause) 184M->39M(266M) 13.667ms
[2023-11-05T10:09:02.964+0000][13.315s][info ][gc,cpu        ] GC(29) User=0.05s Sys=0.00s Real=0.01s
[2023-11-05T10:09:02.964+0000][13.315s][info ][safepoint     ] Leaving safepoint region
[2023-11-05T10:09:02.964+0000][13.316s][info ][safepoint     ] Total time for which application threads were stopped: 0.0154972 seconds, Stopping threads took: 0.0004376 seconds
[2023-11-05T10:09:02.965+0000][13.316s][info ][gc,stringdedup] Concurrent String Deduplication (13.316s)
[2023-11-05T10:09:02.966+0000][13.317s][info ][gc,stringdedup] Concurrent String Deduplication 189.5K->94696.0B(99360.0B) avg 44.9% (13.316s, 13.317s) 1.435ms
[2023-11-05T10:09:03.201+0000][13.552s][debug][safepoint     ] Safepoint synchronization initiated. (16 threads)
[2023-11-05T10:09:03.202+0000][13.553s][info ][safepoint     ] Application time: 0.2369111 seconds
[2023-11-05T10:09:03.203+0000][13.554s][info ][safepoint     ] Entering safepoint region: CollectForMetadataAllocation
[2023-11-05T10:09:03.204+0000][13.555s][info ][gc,start      ] GC(30) Pause Young (Concurrent Start) (Metadata GC Threshold)
[2023-11-05T10:09:03.204+0000][13.555s][info ][gc,task       ] GC(30) Using 6 workers of 8 for evacuation
[2023-11-05T10:09:03.213+0000][13.564s][info ][gc,phases     ] GC(30)   Pre Evacuate Collection Set: 0.2ms
[2023-11-05T10:09:03.213+0000][13.564s][info ][gc,phases     ] GC(30)   Evacuate Collection Set: 6.6ms
[2023-11-05T10:09:03.214+0000][13.565s][info ][gc,phases     ] GC(30)   Post Evacuate Collection Set: 1.4ms
[2023-11-05T10:09:03.214+0000][13.565s][info ][gc,phases     ] GC(30)   Other: 0.9ms
[2023-11-05T10:09:03.215+0000][13.566s][info ][gc,heap       ] GC(30) Eden regions: 94->0(148)
[2023-11-05T10:09:03.215+0000][13.566s][info ][gc,heap       ] GC(30) Survivor regions: 10->11(20)
[2023-11-05T10:09:03.216+0000][13.567s][info ][gc,heap       ] GC(30) Old regions: 31->31
[2023-11-05T10:09:03.216+0000][13.567s][info ][gc,heap       ] GC(30) Humongous regions: 0->0
[2023-11-05T10:09:03.216+0000][13.568s][info ][gc,metaspace  ] GC(30) Metaspace: 58981K(60496K)->58981K(60496K) NonClass: 51518K(52436K)->51518K(52436K) Class: 7463K(8060K)->7463K(8060K)
[2023-11-05T10:09:03.217+0000][13.568s][info ][gc            ] GC(30) Pause Young (Concurrent Start) (Metadata GC Threshold) 133M->39M(266M) 13.265ms
[2023-11-05T10:09:03.217+0000][13.569s][info ][gc,cpu        ] GC(30) User=0.03s Sys=0.00s Real=0.02s
[2023-11-05T10:09:03.218+0000][13.569s][info ][gc            ] GC(31) Concurrent Cycle
[2023-11-05T10:09:03.218+0000][13.569s][info ][gc,marking    ] GC(31) Concurrent Clear Claimed Marks
[2023-11-05T10:09:03.218+0000][13.569s][info ][safepoint     ] Leaving safepoint region
[2023-11-05T10:09:03.220+0000][13.571s][info ][safepoint     ] Total time for which application threads were stopped: 0.0168037 seconds, Stopping threads took: 0.0006940 seconds
[2023-11-05T10:09:03.220+0000][13.571s][info ][gc,marking    ] GC(31) Concurrent Clear Claimed Marks 1.919ms
[2023-11-05T10:09:03.221+0000][13.572s][info ][gc,marking    ] GC(31) Concurrent Scan Root Regions
[2023-11-05T10:09:03.220+0000][13.572s][info ][gc,stringdedup] Concurrent String Deduplication (13.572s)
[2023-11-05T10:09:03.224+0000][13.575s][info ][gc,stringdedup] Concurrent String Deduplication 248.5K->95792.0B(155.0K) avg 45.4% (13.572s, 13.575s) 3.418ms
[2023-11-05T10:09:03.226+0000][13.577s][info ][gc,marking    ] GC(31) Concurrent Scan Root Regions 5.121ms
[2023-11-05T10:09:03.226+0000][13.578s][info ][gc,marking    ] GC(31) Concurrent Mark (13.578s)
[2023-11-05T10:09:03.227+0000][13.578s][info ][gc,marking    ] GC(31) Concurrent Mark From Roots
[2023-11-05T10:09:03.227+0000][13.578s][info ][gc,task       ] GC(31) Using 2 workers of 2 for marking
[2023-11-05T10:09:03.256+0000][13.607s][info ][gc,marking    ] GC(31) Concurrent Mark From Roots 29.276ms
[2023-11-05T10:09:03.257+0000][13.608s][info ][gc,marking    ] GC(31) Concurrent Preclean
[2023-11-05T10:09:03.257+0000][13.608s][info ][gc,marking    ] GC(31) Concurrent Preclean 0.478ms
[2023-11-05T10:09:03.258+0000][13.609s][info ][gc,marking    ] GC(31) Concurrent Mark (13.578s, 13.609s) 31.154ms
[2023-11-05T10:09:03.258+0000][13.609s][debug][safepoint     ] Safepoint synchronization initiated. (16 threads)
[2023-11-05T10:09:03.258+0000][13.610s][info ][safepoint     ] Application time: 0.0380461 seconds
[2023-11-05T10:09:03.259+0000][13.610s][info ][safepoint     ] Entering safepoint region: CGC_Operation
[2023-11-05T10:09:03.259+0000][13.611s][info ][gc,start      ] GC(31) Pause Remark
[2023-11-05T10:09:03.266+0000][13.618s][info ][gc,stringtable] GC(31) Cleaned string and symbol table, strings: 23356 processed, 4 removed, symbols: 191622 processed, 198 removed
[2023-11-05T10:09:03.267+0000][13.618s][info ][gc            ] GC(31) Pause Remark 41M->41M(266M) 7.617ms
[2023-11-05T10:09:03.268+0000][13.619s][info ][gc,cpu        ] GC(31) User=0.03s Sys=0.01s Real=0.01s
[2023-11-05T10:09:03.268+0000][13.619s][info ][safepoint     ] Leaving safepoint region
[2023-11-05T10:09:03.269+0000][13.620s][info ][safepoint     ] Total time for which application threads were stopped: 0.0096874 seconds, Stopping threads took: 0.0005116 seconds
[2023-11-05T10:09:03.269+0000][13.620s][info ][gc,marking    ] GC(31) Concurrent Rebuild Remembered Sets
[2023-11-05T10:09:03.284+0000][13.635s][info ][gc,marking    ] GC(31) Concurrent Rebuild Remembered Sets 14.675ms
[2023-11-05T10:09:03.285+0000][13.636s][debug][safepoint     ] Safepoint synchronization initiated. (16 threads)
[2023-11-05T10:09:03.285+0000][13.636s][info ][safepoint     ] Application time: 0.0159111 seconds
[2023-11-05T10:09:03.286+0000][13.637s][info ][safepoint     ] Entering safepoint region: CGC_Operation
[2023-11-05T10:09:03.287+0000][13.638s][info ][gc,start      ] GC(31) Pause Cleanup
[2023-11-05T10:09:03.288+0000][13.639s][info ][gc            ] GC(31) Pause Cleanup 41M->41M(266M) 0.882ms
[2023-11-05T10:09:03.288+0000][13.639s][info ][gc,cpu        ] GC(31) User=0.00s Sys=0.00s Real=0.00s
[2023-11-05T10:09:03.289+0000][13.640s][info ][safepoint     ] Leaving safepoint region
[2023-11-05T10:09:03.289+0000][13.640s][info ][safepoint     ] Total time for which application threads were stopped: 0.0033270 seconds, Stopping threads took: 0.0007985 seconds
[2023-11-05T10:09:03.289+0000][13.640s][info ][gc,marking    ] GC(31) Concurrent Cleanup for Next Mark
[2023-11-05T10:09:03.291+0000][13.642s][info ][gc,marking    ] GC(31) Concurrent Cleanup for Next Mark 1.240ms
[2023-11-05T10:09:03.291+0000][13.642s][info ][gc            ] GC(31) Concurrent Cycle 73.003ms
[2023-11-05T10:09:04.177+0000][14.528s][debug][safepoint     ] Safepoint synchronization initiated. (18 threads)
[2023-11-05T10:09:04.177+0000][14.528s][info ][safepoint     ] Application time: 0.8880553 seconds
[2023-11-05T10:09:04.178+0000][14.529s][info ][safepoint     ] Entering safepoint region: ICBufferFull
[2023-11-05T10:09:04.180+0000][14.531s][info ][safepoint     ] Leaving safepoint region
[2023-11-05T10:09:04.180+0000][14.531s][info ][safepoint     ] Total time for which application threads were stopped: 0.0023173 seconds, Stopping threads took: 0.0003701 seconds
[2023-11-05T10:09:04.351+0000][14.702s][debug][safepoint     ] Safepoint synchronization initiated. (18 threads)
[2023-11-05T10:09:04.351+0000][14.702s][info ][safepoint     ] Application time: 0.1707021 seconds
[2023-11-05T10:09:04.352+0000][14.703s][info ][safepoint     ] Entering safepoint region: Deoptimize
[2023-11-05T10:09:04.354+0000][14.705s][info ][safepoint     ] Leaving safepoint region
[2023-11-05T10:09:04.356+0000][14.707s][info ][safepoint     ] Total time for which application threads were stopped: 0.0045367 seconds, Stopping threads took: 0.0005218 seconds
[2023-11-05T10:09:04.427+0000][14.778s][debug][safepoint     ] Safepoint synchronization initiated. (18 threads)
[2023-11-05T10:09:04.427+0000][14.778s][info ][safepoint     ] Application time: 0.0697088 seconds
[2023-11-05T10:09:04.428+0000][14.779s][info ][safepoint     ] Entering safepoint region: Deoptimize
[2023-11-05T10:09:04.430+0000][14.781s][info ][safepoint     ] Leaving safepoint region
[2023-11-05T10:09:04.430+0000][14.781s][info ][safepoint     ] Total time for which application threads were stopped: 0.0022778 seconds, Stopping threads took: 0.0005768 seconds
[2023-11-05T10:09:04.440+0000][14.791s][debug][safepoint     ] Safepoint synchronization initiated. (18 threads)
[2023-11-05T10:09:04.440+0000][14.791s][info ][safepoint     ] Application time: 0.0096932 seconds
[2023-11-05T10:09:04.441+0000][14.792s][info ][safepoint     ] Entering safepoint region: G1CollectForAllocation
[2023-11-05T10:09:04.442+0000][14.793s][info ][gc,start      ] GC(32) Pause Young (Normal) (G1 Evacuation Pause)
[2023-11-05T10:09:04.442+0000][14.793s][info ][gc,task       ] GC(32) Using 6 workers of 8 for evacuation
[2023-11-05T10:09:04.459+0000][14.810s][info ][gc,phases     ] GC(32)   Pre Evacuate Collection Set: 0.0ms
[2023-11-05T10:09:04.459+0000][14.811s][info ][gc,phases     ] GC(32)   Evacuate Collection Set: 13.1ms
[2023-11-05T10:09:04.460+0000][14.811s][info ][gc,phases     ] GC(32)   Post Evacuate Collection Set: 3.0ms
[2023-11-05T10:09:04.460+0000][14.811s][info ][gc,phases     ] GC(32)   Other: 1.1ms
[2023-11-05T10:09:04.461+0000][14.812s][info ][gc,heap       ] GC(32) Eden regions: 148->0(145)
[2023-11-05T10:09:04.461+0000][14.812s][info ][gc,heap       ] GC(32) Survivor regions: 11->14(20)
[2023-11-05T10:09:04.461+0000][14.812s][info ][gc,heap       ] GC(32) Old regions: 31->31
[2023-11-05T10:09:04.462+0000][14.813s][info ][gc,heap       ] GC(32) Humongous regions: 0->0
[2023-11-05T10:09:04.462+0000][14.813s][info ][gc,metaspace  ] GC(32) Metaspace: 64110K(65744K)->64110K(65744K) NonClass: 55976K(57044K)->55976K(57044K) Class: 8134K(8700K)->8134K(8700K)
[2023-11-05T10:09:04.463+0000][14.814s][info ][gc            ] GC(32) Pause Young (Normal) (G1 Evacuation Pause) 187M->43M(266M) 21.266ms
[2023-11-05T10:09:04.463+0000][14.815s][info ][gc,cpu        ] GC(32) User=0.12s Sys=0.01s Real=0.02s
[2023-11-05T10:09:04.464+0000][14.815s][info ][safepoint     ] Leaving safepoint region
[2023-11-05T10:09:04.464+0000][14.816s][info ][safepoint     ] Total time for which application threads were stopped: 0.0238622 seconds, Stopping threads took: 0.0007041 seconds
[2023-11-05T10:09:04.465+0000][14.816s][info ][gc,stringdedup] Concurrent String Deduplication (14.816s)
[2023-11-05T10:09:04.466+0000][14.818s][info ][gc,stringdedup] Concurrent String Deduplication 44672.0B->4664.0B(40008.0B) avg 45.6% (14.816s, 14.818s) 1.340ms
[2023-11-05T10:09:04.886+0000][15.238s][debug][safepoint     ] Safepoint synchronization initiated. (18 threads)
[2023-11-05T10:09:04.887+0000][15.238s][info ][safepoint     ] Application time: 0.4220334 seconds
[2023-11-05T10:09:04.887+0000][15.239s][info ][safepoint     ] Entering safepoint region: ICBufferFull
[2023-11-05T10:09:04.888+0000][15.239s][info ][safepoint     ] Leaving safepoint region
[2023-11-05T10:09:04.889+0000][15.240s][info ][safepoint     ] Total time for which application threads were stopped: 0.0011483 seconds, Stopping threads took: 0.0004668 seconds
[2023-11-05T10:09:05.257+0000][15.608s][debug][safepoint     ] Safepoint synchronization initiated. (18 threads)
[2023-11-05T10:09:05.258+0000][15.609s][info ][safepoint     ] Application time: 0.3686643 seconds
[2023-11-05T10:09:05.258+0000][15.609s][info ][safepoint     ] Entering safepoint region: G1CollectForAllocation
[2023-11-05T10:09:05.259+0000][15.610s][info ][gc,start      ] GC(33) Pause Young (Normal) (G1 Evacuation Pause)
[2023-11-05T10:09:05.259+0000][15.610s][info ][gc,task       ] GC(33) Using 6 workers of 8 for evacuation
[2023-11-05T10:09:05.284+0000][15.635s][info ][gc,phases     ] GC(33)   Pre Evacuate Collection Set: 0.0ms
[2023-11-05T10:09:05.285+0000][15.636s][info ][gc,phases     ] GC(33)   Evacuate Collection Set: 20.6ms
[2023-11-05T10:09:05.286+0000][15.637s][info ][gc,phases     ] GC(33)   Post Evacuate Collection Set: 3.6ms
[2023-11-05T10:09:05.286+0000][15.637s][info ][gc,phases     ] GC(33)   Other: 1.3ms
[2023-11-05T10:09:05.287+0000][15.638s][info ][gc,heap       ] GC(33) Eden regions: 145->0(148)
[2023-11-05T10:09:05.287+0000][15.638s][info ][gc,heap       ] GC(33) Survivor regions: 14->11(20)
[2023-11-05T10:09:05.288+0000][15.639s][info ][gc,heap       ] GC(33) Old regions: 31->36
[2023-11-05T10:09:05.289+0000][15.640s][info ][gc,heap       ] GC(33) Humongous regions: 0->0
[2023-11-05T10:09:05.289+0000][15.640s][info ][gc,metaspace  ] GC(33) Metaspace: 67289K(69072K)->67289K(69072K) NonClass: 58730K(59860K)->58730K(59860K) Class: 8558K(9212K)->8558K(9212K)
[2023-11-05T10:09:05.290+0000][15.641s][info ][gc            ] GC(33) Pause Young (Normal) (G1 Evacuation Pause) 188M->44M(266M) 30.917ms
[2023-11-05T10:09:05.290+0000][15.641s][info ][gc,cpu        ] GC(33) User=0.20s Sys=0.00s Real=0.03s
[2023-11-05T10:09:05.291+0000][15.642s][info ][safepoint     ] Leaving safepoint region
[2023-11-05T10:09:05.291+0000][15.642s][info ][safepoint     ] Total time for which application threads were stopped: 0.0331210 seconds, Stopping threads took: 0.0003937 seconds
[2023-11-05T10:09:05.292+0000][15.643s][info ][gc,stringdedup] Concurrent String Deduplication (15.643s)
[2023-11-05T10:09:05.293+0000][15.644s][info ][gc,stringdedup] Concurrent String Deduplication 57840.0B->16960.0B(40880.0B) avg 45.7% (15.643s, 15.644s) 1.267ms
[2023-11-05T10:09:05.723+0000][16.074s][debug][safepoint     ] Safepoint synchronization initiated. (18 threads)
[2023-11-05T10:09:05.723+0000][16.075s][info ][safepoint     ] Application time: 0.4317407 seconds
[2023-11-05T10:09:05.724+0000][16.075s][debug][safepoint     ] Waiting for 1 thread(s) to block
[2023-11-05T10:09:05.724+0000][16.076s][info ][safepoint     ] Entering safepoint region: ICBufferFull
[2023-11-05T10:09:05.725+0000][16.076s][info ][safepoint     ] Leaving safepoint region
[2023-11-05T10:09:05.726+0000][16.077s][info ][safepoint     ] Total time for which application threads were stopped: 0.0017286 seconds, Stopping threads took: 0.0009906 seconds
[2023-11-05T10:09:05.809+0000][16.160s][debug][safepoint     ] Safepoint synchronization initiated. (18 threads)
[2023-11-05T10:09:05.809+0000][16.161s][info ][safepoint     ] Application time: 0.0832443 seconds
[2023-11-05T10:09:05.810+0000][16.161s][info ][safepoint     ] Entering safepoint region: ICBufferFull
[2023-11-05T10:09:05.811+0000][16.162s][info ][safepoint     ] Leaving safepoint region
[2023-11-05T10:09:05.811+0000][16.163s][info ][safepoint     ] Total time for which application threads were stopped: 0.0015824 seconds, Stopping threads took: 0.0009143 seconds
[2023-11-05T10:09:05.878+0000][16.229s][debug][safepoint     ] Safepoint synchronization initiated. (18 threads)
[2023-11-05T10:09:05.878+0000][16.230s][info ][safepoint     ] Application time: 0.0667455 seconds
[2023-11-05T10:09:05.879+0000][16.230s][info ][safepoint     ] Entering safepoint region: ICBufferFull
[2023-11-05T10:09:05.880+0000][16.231s][info ][safepoint     ] Leaving safepoint region
[2023-11-05T10:09:05.881+0000][16.232s][info ][safepoint     ] Total time for which application threads were stopped: 0.0018276 seconds, Stopping threads took: 0.0004215 seconds
[2023-11-05T10:09:05.949+0000][16.300s][debug][safepoint     ] Safepoint synchronization initiated. (18 threads)
[2023-11-05T10:09:05.950+0000][16.301s][info ][safepoint     ] Application time: 0.0684199 seconds
[2023-11-05T10:09:05.950+0000][16.301s][info ][safepoint     ] Entering safepoint region: ICBufferFull
[2023-11-05T10:09:05.952+0000][16.303s][info ][safepoint     ] Leaving safepoint region
[2023-11-05T10:09:05.952+0000][16.303s][info ][safepoint     ] Total time for which application threads were stopped: 0.0019829 seconds, Stopping threads took: 0.0011154 seconds
[2023-11-05T10:09:05.992+0000][16.343s][debug][safepoint     ] Safepoint synchronization initiated. (18 threads)
[2023-11-05T10:09:05.993+0000][16.345s][info ][safepoint     ] Application time: 0.0409644 seconds
[2023-11-05T10:09:05.994+0000][16.345s][info ][safepoint     ] Entering safepoint region: ICBufferFull
[2023-11-05T10:09:05.995+0000][16.346s][info ][safepoint     ] Leaving safepoint region
[2023-11-05T10:09:05.995+0000][16.346s][info ][safepoint     ] Total time for which application threads were stopped: 0.0012856 seconds, Stopping threads took: 0.0005812 seconds
[2023-11-05T10:09:06.048+0000][16.399s][debug][safepoint     ] Safepoint synchronization initiated. (18 threads)
[2023-11-05T10:09:06.048+0000][16.399s][info ][safepoint     ] Application time: 0.0525148 seconds
[2023-11-05T10:09:06.049+0000][16.400s][info ][safepoint     ] Entering safepoint region: G1CollectForAllocation
[2023-11-05T10:09:06.050+0000][16.401s][info ][gc,start      ] GC(34) Pause Young (Normal) (G1 Evacuation Pause)
[2023-11-05T10:09:06.051+0000][16.402s][info ][gc,task       ] GC(34) Using 6 workers of 8 for evacuation
[2023-11-05T10:09:06.061+0000][16.412s][info ][gc,phases     ] GC(34)   Pre Evacuate Collection Set: 0.0ms
[2023-11-05T10:09:06.062+0000][16.413s][info ][gc,phases     ] GC(34)   Evacuate Collection Set: 8.1ms
[2023-11-05T10:09:06.062+0000][16.413s][info ][gc,phases     ] GC(34)   Post Evacuate Collection Set: 2.0ms
[2023-11-05T10:09:06.063+0000][16.414s][info ][gc,phases     ] GC(34)   Other: 1.3ms
[2023-11-05T10:09:06.063+0000][16.414s][info ][gc,heap       ] GC(34) Eden regions: 148->0(147)
[2023-11-05T10:09:06.064+0000][16.415s][info ][gc,heap       ] GC(34) Survivor regions: 11->12(20)
[2023-11-05T10:09:06.065+0000][16.416s][info ][gc,heap       ] GC(34) Old regions: 36->36
[2023-11-05T10:09:06.065+0000][16.416s][info ][gc,heap       ] GC(34) Humongous regions: 0->0
[2023-11-05T10:09:06.066+0000][16.417s][info ][gc,metaspace  ] GC(34) Metaspace: 69635K(71504K)->69635K(71504K) NonClass: 60745K(61908K)->60745K(61908K) Class: 8889K(9596K)->8889K(9596K)
[2023-11-05T10:09:06.066+0000][16.417s][info ][gc            ] GC(34) Pause Young (Normal) (G1 Evacuation Pause) 192M->45M(266M) 16.241ms
[2023-11-05T10:09:06.067+0000][16.418s][info ][gc,cpu        ] GC(34) User=0.09s Sys=0.00s Real=0.02s
[2023-11-05T10:09:06.067+0000][16.419s][info ][safepoint     ] Leaving safepoint region
[2023-11-05T10:09:06.068+0000][16.419s][info ][safepoint     ] Total time for which application threads were stopped: 0.0192303 seconds, Stopping threads took: 0.0004658 seconds
[2023-11-05T10:09:06.068+0000][16.420s][info ][gc,stringdedup] Concurrent String Deduplication (16.420s)
[2023-11-05T10:09:06.072+0000][16.424s][info ][gc,stringdedup] Concurrent String Deduplication 186.6K->51632.0B(136.2K) avg 46.2% (16.420s, 16.424s) 4.027ms
[2023-11-05T10:09:06.222+0000][16.573s][debug][safepoint     ] Safepoint synchronization initiated. (18 threads)
[2023-11-05T10:09:06.222+0000][16.573s][info ][safepoint     ] Application time: 0.1538071 seconds
[2023-11-05T10:09:06.222+0000][16.574s][info ][safepoint     ] Entering safepoint region: ICBufferFull
[2023-11-05T10:09:06.223+0000][16.574s][info ][safepoint     ] Leaving safepoint region
[2023-11-05T10:09:06.223+0000][16.575s][info ][safepoint     ] Total time for which application threads were stopped: 0.0010029 seconds, Stopping threads took: 0.0004492 seconds
[2023-11-05T10:09:06.511+0000][16.862s][debug][safepoint     ] Safepoint synchronization initiated. (18 threads)
[2023-11-05T10:09:06.512+0000][16.863s][info ][safepoint     ] Application time: 0.2877658 seconds
[2023-11-05T10:09:06.512+0000][16.863s][info ][safepoint     ] Entering safepoint region: G1CollectForAllocation
[2023-11-05T10:09:06.513+0000][16.864s][info ][gc,start      ] GC(35) Pause Young (Normal) (G1 Evacuation Pause)
[2023-11-05T10:09:06.513+0000][16.865s][info ][gc,task       ] GC(35) Using 6 workers of 8 for evacuation
[2023-11-05T10:09:06.523+0000][16.875s][info ][gc,phases     ] GC(35)   Pre Evacuate Collection Set: 0.0ms
[2023-11-05T10:09:06.524+0000][16.875s][info ][gc,phases     ] GC(35)   Evacuate Collection Set: 7.3ms
[2023-11-05T10:09:06.525+0000][16.876s][info ][gc,phases     ] GC(35)   Post Evacuate Collection Set: 2.0ms
[2023-11-05T10:09:06.525+0000][16.876s][info ][gc,phases     ] GC(35)   Other: 1.1ms
[2023-11-05T10:09:06.526+0000][16.877s][info ][gc,heap       ] GC(35) Eden regions: 147->0(149)
[2023-11-05T10:09:06.526+0000][16.878s][info ][gc,heap       ] GC(35) Survivor regions: 12->10(20)
[2023-11-05T10:09:06.527+0000][16.878s][info ][gc,heap       ] GC(35) Old regions: 36->37
[2023-11-05T10:09:06.528+0000][16.879s][info ][gc,heap       ] GC(35) Humongous regions: 0->0
[2023-11-05T10:09:06.528+0000][16.879s][info ][gc,metaspace  ] GC(35) Metaspace: 71514K(73168K)->71514K(73168K) NonClass: 62381K(63444K)->62381K(63444K) Class: 9132K(9724K)->9132K(9724K)
[2023-11-05T10:09:06.529+0000][16.880s][info ][gc            ] GC(35) Pause Young (Normal) (G1 Evacuation Pause) 192M->45M(266M) 16.073ms
[2023-11-05T10:09:06.530+0000][16.881s][info ][gc,cpu        ] GC(35) User=0.06s Sys=0.00s Real=0.02s
[2023-11-05T10:09:06.530+0000][16.882s][info ][safepoint     ] Leaving safepoint region
[2023-11-05T10:09:06.531+0000][16.882s][info ][safepoint     ] Total time for which application threads were stopped: 0.0189635 seconds, Stopping threads took: 0.0006058 seconds
[2023-11-05T10:09:06.532+0000][16.883s][info ][gc,stringdedup] Concurrent String Deduplication (16.883s)
[2023-11-05T10:09:06.534+0000][16.885s][info ][gc,stringdedup] Concurrent String Deduplication 187.5K->50192.0B(138.5K) avg 46.8% (16.883s, 16.885s) 2.066ms
[2023-11-05T10:09:06.646+0000][16.997s][debug][safepoint     ] Safepoint synchronization initiated. (18 threads)
[2023-11-05T10:09:06.646+0000][16.998s][info ][safepoint     ] Application time: 0.1146915 seconds
[2023-11-05T10:09:06.647+0000][16.998s][info ][safepoint     ] Entering safepoint region: Deoptimize
[2023-11-05T10:09:06.648+0000][17.000s][info ][safepoint     ] Leaving safepoint region
[2023-11-05T10:09:06.649+0000][17.000s][info ][safepoint     ] Total time for which application threads were stopped: 0.0019384 seconds, Stopping threads took: 0.0004660 seconds
[2023-11-05T10:09:06.651+0000][17.002s][debug][safepoint     ] Safepoint synchronization initiated. (18 threads)
[2023-11-05T10:09:06.651+0000][17.002s][info ][safepoint     ] Application time: 0.0017699 seconds
[2023-11-05T10:09:06.652+0000][17.003s][info ][safepoint     ] Entering safepoint region: Deoptimize
[2023-11-05T10:09:06.653+0000][17.004s][info ][safepoint     ] Leaving safepoint region
[2023-11-05T10:09:06.654+0000][17.005s][info ][safepoint     ] Total time for which application threads were stopped: 0.0023958 seconds, Stopping threads took: 0.0006322 seconds
[2023-11-05T10:09:06.942+0000][17.293s][debug][safepoint     ] Safepoint synchronization initiated. (18 threads)
[2023-11-05T10:09:06.942+0000][17.294s][info ][safepoint     ] Application time: 0.2880313 seconds
[2023-11-05T10:09:06.943+0000][17.294s][info ][safepoint     ] Entering safepoint region: Deoptimize
[2023-11-05T10:09:06.945+0000][17.296s][info ][safepoint     ] Leaving safepoint region
[2023-11-05T10:09:06.945+0000][17.296s][info ][safepoint     ] Total time for which application threads were stopped: 0.0022933 seconds, Stopping threads took: 0.0003838 seconds
[2023-11-05T10:09:07.150+0000][17.501s][debug][safepoint     ] Safepoint synchronization initiated. (18 threads)
[2023-11-05T10:09:07.151+0000][17.502s][info ][safepoint     ] Application time: 0.2052331 seconds
[2023-11-05T10:09:07.151+0000][17.502s][info ][safepoint     ] Entering safepoint region: Deoptimize
[2023-11-05T10:09:07.153+0000][17.504s][info ][safepoint     ] Leaving safepoint region
[2023-11-05T10:09:07.153+0000][17.504s][info ][safepoint     ] Total time for which application threads were stopped: 0.0020315 seconds, Stopping threads took: 0.0003845 seconds
[2023-11-05T10:09:07.298+0000][17.649s][debug][safepoint     ] Safepoint synchronization initiated. (18 threads)
[2023-11-05T10:09:07.299+0000][17.650s][info ][safepoint     ] Application time: 0.1450000 seconds
[2023-11-05T10:09:07.299+0000][17.650s][info ][safepoint     ] Entering safepoint region: Deoptimize
[2023-11-05T10:09:07.301+0000][17.652s][info ][safepoint     ] Leaving safepoint region
[2023-11-05T10:09:07.301+0000][17.652s][info ][safepoint     ] Total time for which application threads were stopped: 0.0022682 seconds, Stopping threads took: 0.0003887 seconds
[2023-11-05T10:09:07.460+0000][17.811s][debug][safepoint     ] Safepoint synchronization initiated. (18 threads)
[2023-11-05T10:09:07.461+0000][17.812s][info ][safepoint     ] Application time: 0.1586917 seconds
[2023-11-05T10:09:07.461+0000][17.812s][info ][safepoint     ] Entering safepoint region: G1CollectForAllocation
[2023-11-05T10:09:07.462+0000][17.813s][info ][gc,start      ] GC(36) Pause Young (Normal) (G1 Evacuation Pause)
[2023-11-05T10:09:07.462+0000][17.813s][info ][gc,task       ] GC(36) Using 6 workers of 8 for evacuation
[2023-11-05T10:09:07.475+0000][17.826s][info ][gc,phases     ] GC(36)   Pre Evacuate Collection Set: 0.0ms
[2023-11-05T10:09:07.475+0000][17.826s][info ][gc,phases     ] GC(36)   Evacuate Collection Set: 10.4ms
[2023-11-05T10:09:07.475+0000][17.827s][info ][gc,phases     ] GC(36)   Post Evacuate Collection Set: 1.8ms
[2023-11-05T10:09:07.476+0000][17.827s][info ][gc,phases     ] GC(36)   Other: 0.8ms
[2023-11-05T10:09:07.476+0000][17.827s][info ][gc,heap       ] GC(36) Eden regions: 149->0(147)
[2023-11-05T10:09:07.476+0000][17.827s][info ][gc,heap       ] GC(36) Survivor regions: 10->12(20)
[2023-11-05T10:09:07.477+0000][17.828s][info ][gc,heap       ] GC(36) Old regions: 37->37
[2023-11-05T10:09:07.477+0000][17.828s][info ][gc,heap       ] GC(36) Humongous regions: 0->0
[2023-11-05T10:09:07.477+0000][17.828s][info ][gc,metaspace  ] GC(36) Metaspace: 76913K(78800K)->76913K(78800K) NonClass: 67124K(68308K)->67124K(68308K) Class: 9789K(10492K)->9789K(10492K)
[2023-11-05T10:09:07.477+0000][17.829s][info ][gc            ] GC(36) Pause Young (Normal) (G1 Evacuation Pause) 194M->47M(266M) 15.867ms
[2023-11-05T10:09:07.478+0000][17.829s][info ][gc,cpu        ] GC(36) User=0.09s Sys=0.01s Real=0.02s
[2023-11-05T10:09:07.478+0000][17.829s][info ][safepoint     ] Leaving safepoint region
[2023-11-05T10:09:07.478+0000][17.830s][info ][safepoint     ] Total time for which application threads were stopped: 0.0174521 seconds, Stopping threads took: 0.0003495 seconds
[2023-11-05T10:09:07.479+0000][17.830s][info ][gc,stringdedup] Concurrent String Deduplication (17.830s)
[2023-11-05T10:09:07.481+0000][17.832s][info ][gc,stringdedup] Concurrent String Deduplication 77832.0B->30120.0B(47712.0B) avg 46.9% (17.830s, 17.832s) 1.713ms
[2023-11-05T10:09:07.690+0000][18.041s][debug][safepoint     ] Safepoint synchronization initiated. (18 threads)
[2023-11-05T10:09:07.690+0000][18.041s][info ][safepoint     ] Application time: 0.2114489 seconds
[2023-11-05T10:09:07.691+0000][18.042s][info ][safepoint     ] Entering safepoint region: ICBufferFull
[2023-11-05T10:09:07.692+0000][18.043s][info ][safepoint     ] Leaving safepoint region
[2023-11-05T10:09:07.692+0000][18.043s][info ][safepoint     ] Total time for which application threads were stopped: 0.0012707 seconds, Stopping threads took: 0.0004760 seconds
[2023-11-05T10:09:08.284+0000][18.635s][debug][safepoint     ] Safepoint synchronization initiated. (18 threads)
[2023-11-05T10:09:08.285+0000][18.636s][info ][safepoint     ] Application time: 0.5923756 seconds
[2023-11-05T10:09:08.286+0000][18.637s][info ][safepoint     ] Entering safepoint region: ICBufferFull
[2023-11-05T10:09:08.286+0000][18.637s][info ][safepoint     ] Leaving safepoint region
[2023-11-05T10:09:08.287+0000][18.638s][info ][safepoint     ] Total time for which application threads were stopped: 0.0010668 seconds, Stopping threads took: 0.0004480 seconds
[2023-11-05T10:09:08.453+0000][18.804s][debug][safepoint     ] Safepoint synchronization initiated. (18 threads)
[2023-11-05T10:09:08.453+0000][18.804s][info ][safepoint     ] Application time: 0.1661274 seconds
[2023-11-05T10:09:08.454+0000][18.805s][info ][safepoint     ] Entering safepoint region: G1CollectForAllocation
[2023-11-05T10:09:08.455+0000][18.806s][info ][gc,start      ] GC(37) Pause Young (Normal) (G1 Evacuation Pause)
[2023-11-05T10:09:08.455+0000][18.806s][info ][gc,task       ] GC(37) Using 6 workers of 8 for evacuation
[2023-11-05T10:09:08.469+0000][18.820s][info ][gc,phases     ] GC(37)   Pre Evacuate Collection Set: 0.0ms
[2023-11-05T10:09:08.470+0000][18.821s][info ][gc,phases     ] GC(37)   Evacuate Collection Set: 11.5ms
[2023-11-05T10:09:08.470+0000][18.821s][info ][gc,phases     ] GC(37)   Post Evacuate Collection Set: 2.2ms
[2023-11-05T10:09:08.471+0000][18.822s][info ][gc,phases     ] GC(37)   Other: 0.9ms
[2023-11-05T10:09:08.471+0000][18.822s][info ][gc,heap       ] GC(37) Eden regions: 147->0(145)
[2023-11-05T10:09:08.471+0000][18.823s][info ][gc,heap       ] GC(37) Survivor regions: 12->14(20)
[2023-11-05T10:09:08.472+0000][18.823s][info ][gc,heap       ] GC(37) Old regions: 37->40
[2023-11-05T10:09:08.472+0000][18.823s][info ][gc,heap       ] GC(37) Humongous regions: 0->0
[2023-11-05T10:09:08.472+0000][18.823s][info ][gc,metaspace  ] GC(37) Metaspace: 78366K(80208K)->78366K(80208K) NonClass: 68497K(69588K)->68497K(69588K) Class: 9868K(10620K)->9868K(10620K)
[2023-11-05T10:09:08.473+0000][18.824s][info ][gc            ] GC(37) Pause Young (Normal) (G1 Evacuation Pause) 194M->51M(266M) 17.946ms
[2023-11-05T10:09:08.473+0000][18.824s][info ][gc,cpu        ] GC(37) User=0.12s Sys=0.00s Real=0.02s
[2023-11-05T10:09:08.473+0000][18.824s][info ][safepoint     ] Leaving safepoint region
[2023-11-05T10:09:08.474+0000][18.825s][info ][safepoint     ] Total time for which application threads were stopped: 0.0201528 seconds, Stopping threads took: 0.0008843 seconds
[2023-11-05T10:09:08.474+0000][18.825s][info ][gc,stringdedup] Concurrent String Deduplication (18.825s)
[2023-11-05T10:09:08.476+0000][18.827s][info ][gc,stringdedup] Concurrent String Deduplication 187.8K->137.0K(52072.0B) avg 46.5% (18.825s, 18.827s) 2.236ms
[2023-11-05T10:09:08.665+0000][19.016s][debug][safepoint     ] Safepoint synchronization initiated. (18 threads)
[2023-11-05T10:09:08.666+0000][19.017s][info ][safepoint     ] Application time: 0.1915832 seconds
[2023-11-05T10:09:08.666+0000][19.017s][debug][safepoint     ] Waiting for 1 thread(s) to block
[2023-11-05T10:09:08.667+0000][19.018s][info ][safepoint     ] Entering safepoint region: ICBufferFull
[2023-11-05T10:09:08.667+0000][19.018s][info ][safepoint     ] Leaving safepoint region
[2023-11-05T10:09:08.668+0000][19.019s][info ][safepoint     ] Total time for which application threads were stopped: 0.0017381 seconds, Stopping threads took: 0.0010749 seconds
[2023-11-05T10:09:09.092+0000][19.443s][debug][safepoint     ] Safepoint synchronization initiated. (18 threads)
[2023-11-05T10:09:09.093+0000][19.444s][info ][safepoint     ] Application time: 0.4243471 seconds
[2023-11-05T10:09:09.093+0000][19.444s][info ][safepoint     ] Entering safepoint region: ICBufferFull
[2023-11-05T10:09:09.094+0000][19.445s][info ][safepoint     ] Leaving safepoint region
[2023-11-05T10:09:09.094+0000][19.445s][info ][safepoint     ] Total time for which application threads were stopped: 0.0012045 seconds, Stopping threads took: 0.0004444 seconds
[2023-11-05T10:09:09.250+0000][19.601s][debug][safepoint     ] Safepoint synchronization initiated. (18 threads)
[2023-11-05T10:09:09.250+0000][19.602s][info ][safepoint     ] Application time: 0.1558360 seconds
[2023-11-05T10:09:09.251+0000][19.602s][info ][safepoint     ] Entering safepoint region: G1CollectForAllocation
[2023-11-05T10:09:09.252+0000][19.603s][info ][gc,start      ] GC(38) Pause Young (Normal) (G1 Evacuation Pause)
[2023-11-05T10:09:09.252+0000][19.603s][info ][gc,task       ] GC(38) Using 6 workers of 8 for evacuation
[2023-11-05T10:09:09.278+0000][19.629s][info ][gc,phases     ] GC(38)   Pre Evacuate Collection Set: 0.0ms
[2023-11-05T10:09:09.279+0000][19.630s][info ][gc,phases     ] GC(38)   Evacuate Collection Set: 23.5ms
[2023-11-05T10:09:09.279+0000][19.630s][info ][gc,phases     ] GC(38)   Post Evacuate Collection Set: 1.9ms
[2023-11-05T10:09:09.279+0000][19.630s][info ][gc,phases     ] GC(38)   Other: 1.0ms
[2023-11-05T10:09:09.280+0000][19.631s][info ][gc,heap       ] GC(38) Eden regions: 145->0(144)
[2023-11-05T10:09:09.280+0000][19.631s][info ][gc,heap       ] GC(38) Survivor regions: 14->15(20)
[2023-11-05T10:09:09.280+0000][19.631s][info ][gc,heap       ] GC(38) Old regions: 40->42
[2023-11-05T10:09:09.281+0000][19.632s][info ][gc,heap       ] GC(38) Humongous regions: 0->0
[2023-11-05T10:09:09.281+0000][19.632s][info ][gc,metaspace  ] GC(38) Metaspace: 79589K(81488K)->79589K(81488K) NonClass: 69670K(70868K)->69670K(70868K) Class: 9918K(10620K)->9918K(10620K)
[2023-11-05T10:09:09.282+0000][19.633s][info ][gc            ] GC(38) Pause Young (Normal) (G1 Evacuation Pause) 196M->55M(266M) 30.280ms
[2023-11-05T10:09:09.282+0000][19.633s][info ][gc,cpu        ] GC(38) User=0.17s Sys=0.03s Real=0.03s
[2023-11-05T10:09:09.283+0000][19.634s][info ][safepoint     ] Leaving safepoint region
[2023-11-05T10:09:09.283+0000][19.634s][info ][safepoint     ] Total time for which application threads were stopped: 0.0320431 seconds, Stopping threads took: 0.0004282 seconds
[2023-11-05T10:09:09.283+0000][19.635s][info ][gc,stringdedup] Concurrent String Deduplication (19.635s)
[2023-11-05T10:09:09.285+0000][19.637s][info ][gc,stringdedup] Concurrent String Deduplication 174.0K->63200.0B(112.3K) avg 46.8% (19.635s, 19.637s) 1.998ms
[2023-11-05T10:09:09.600+0000][19.951s][debug][safepoint     ] Safepoint synchronization initiated. (18 threads)
[2023-11-05T10:09:09.601+0000][19.952s][info ][safepoint     ] Application time: 0.3175401 seconds
[2023-11-05T10:09:09.601+0000][19.953s][debug][safepoint     ] Waiting for 1 thread(s) to block
[2023-11-05T10:09:09.602+0000][19.953s][info ][safepoint     ] Entering safepoint region: ICBufferFull
[2023-11-05T10:09:09.603+0000][19.954s][info ][safepoint     ] Leaving safepoint region
[2023-11-05T10:09:09.604+0000][19.955s][info ][safepoint     ] Total time for which application threads were stopped: 0.0027873 seconds, Stopping threads took: 0.0012382 seconds
[2023-11-05T10:09:09.806+0000][20.157s][debug][safepoint     ] Safepoint synchronization initiated. (18 threads)
[2023-11-05T10:09:09.806+0000][20.158s][info ][safepoint     ] Application time: 0.2016237 seconds
[2023-11-05T10:09:09.807+0000][20.158s][info ][safepoint     ] Entering safepoint region: Deoptimize
[2023-11-05T10:09:09.809+0000][20.160s][info ][safepoint     ] Leaving safepoint region
[2023-11-05T10:09:09.809+0000][20.161s][info ][safepoint     ] Total time for which application threads were stopped: 0.0023289 seconds, Stopping threads took: 0.0004225 seconds
[2023-11-05T10:09:10.201+0000][20.553s][debug][safepoint     ] Safepoint synchronization initiated. (18 threads)
[2023-11-05T10:09:10.202+0000][20.553s][info ][safepoint     ] Application time: 0.3924162 seconds
[2023-11-05T10:09:10.203+0000][20.554s][info ][safepoint     ] Entering safepoint region: G1CollectForAllocation
[2023-11-05T10:09:10.204+0000][20.555s][info ][gc,start      ] GC(39) Pause Young (Normal) (G1 Evacuation Pause)
[2023-11-05T10:09:10.204+0000][20.556s][info ][gc,task       ] GC(39) Using 6 workers of 8 for evacuation
[2023-11-05T10:09:10.233+0000][20.584s][info ][gc,phases     ] GC(39)   Pre Evacuate Collection Set: 0.0ms
[2023-11-05T10:09:10.234+0000][20.585s][info ][gc,phases     ] GC(39)   Evacuate Collection Set: 23.7ms
[2023-11-05T10:09:10.235+0000][20.586s][info ][gc,phases     ] GC(39)   Post Evacuate Collection Set: 3.8ms
[2023-11-05T10:09:10.235+0000][20.586s][info ][gc,phases     ] GC(39)   Other: 2.0ms
[2023-11-05T10:09:10.236+0000][20.587s][info ][gc,heap       ] GC(39) Eden regions: 144->0(146)
[2023-11-05T10:09:10.236+0000][20.588s][info ][gc,heap       ] GC(39) Survivor regions: 15->13(20)
[2023-11-05T10:09:10.237+0000][20.588s][info ][gc,heap       ] GC(39) Old regions: 42->48
[2023-11-05T10:09:10.237+0000][20.589s][info ][gc,heap       ] GC(39) Humongous regions: 0->0
[2023-11-05T10:09:10.238+0000][20.589s][info ][gc,metaspace  ] GC(39) Metaspace: 80993K(82896K)->80993K(82896K) NonClass: 70976K(72148K)->70976K(72148K) Class: 10017K(10748K)->10017K(10748K)
[2023-11-05T10:09:10.239+0000][20.590s][info ][gc            ] GC(39) Pause Young (Normal) (G1 Evacuation Pause) 199M->59M(266M) 35.243ms
[2023-11-05T10:09:10.239+0000][20.591s][info ][gc,cpu        ] GC(39) User=0.23s Sys=0.01s Real=0.04s
[2023-11-05T10:09:10.240+0000][20.591s][info ][safepoint     ] Leaving safepoint region
[2023-11-05T10:09:10.241+0000][20.592s][info ][safepoint     ] Total time for which application threads were stopped: 0.0381808 seconds, Stopping threads took: 0.0006605 seconds
[2023-11-05T10:09:10.242+0000][20.593s][info ][gc,stringdedup] Concurrent String Deduplication (20.593s)
[2023-11-05T10:09:10.246+0000][20.597s][info ][gc,stringdedup] Concurrent String Deduplication 351.1K->87080.0B(266.1K) avg 47.7% (20.593s, 20.597s) 4.093ms
[2023-11-05T10:09:10.589+0000][20.940s][debug][safepoint     ] Safepoint synchronization initiated. (18 threads)
[2023-11-05T10:09:10.589+0000][20.940s][info ][safepoint     ] Application time: 0.3476542 seconds
[2023-11-05T10:09:10.590+0000][20.941s][info ][safepoint     ] Entering safepoint region: Deoptimize
[2023-11-05T10:09:10.592+0000][20.943s][info ][safepoint     ] Leaving safepoint region
[2023-11-05T10:09:10.592+0000][20.943s][info ][safepoint     ] Total time for which application threads were stopped: 0.0023102 seconds, Stopping threads took: 0.0004275 seconds
[2023-11-05T10:09:10.641+0000][20.993s][debug][safepoint     ] Safepoint synchronization initiated. (22 threads)
[2023-11-05T10:09:10.642+0000][20.993s][info ][safepoint     ] Application time: 0.0494953 seconds
[2023-11-05T10:09:10.642+0000][20.994s][debug][safepoint     ] Waiting for 1 thread(s) to block
[2023-11-05T10:09:10.643+0000][20.994s][info ][safepoint     ] Entering safepoint region: ICBufferFull
[2023-11-05T10:09:10.644+0000][20.995s][info ][safepoint     ] Leaving safepoint region
[2023-11-05T10:09:10.644+0000][20.995s][info ][safepoint     ] Total time for which application threads were stopped: 0.0019242 seconds, Stopping threads took: 0.0011027 seconds
[2023-11-05T10:09:10.722+0000][21.073s][debug][safepoint     ] Safepoint synchronization initiated. (22 threads)
[2023-11-05T10:09:10.722+0000][21.073s][info ][safepoint     ] Application time: 0.0774393 seconds
[2023-11-05T10:09:10.723+0000][21.074s][debug][safepoint     ] Waiting for 1 thread(s) to block
[2023-11-05T10:09:10.723+0000][21.074s][info ][safepoint     ] Entering safepoint region: ICBufferFull
[2023-11-05T10:09:10.724+0000][21.075s][info ][safepoint     ] Leaving safepoint region
[2023-11-05T10:09:10.724+0000][21.075s][info ][safepoint     ] Total time for which application threads were stopped: 0.0015593 seconds, Stopping threads took: 0.0009070 seconds
[2023-11-05T10:09:10.980+0000][21.331s][debug][safepoint     ] Safepoint synchronization initiated. (22 threads)
[2023-11-05T10:09:10.981+0000][21.332s][info ][safepoint     ] Application time: 0.2559140 seconds
[2023-11-05T10:09:10.981+0000][21.332s][info ][safepoint     ] Entering safepoint region: ICBufferFull
[2023-11-05T10:09:10.982+0000][21.333s][info ][safepoint     ] Leaving safepoint region
[2023-11-05T10:09:10.982+0000][21.333s][info ][safepoint     ] Total time for which application threads were stopped: 0.0010355 seconds, Stopping threads took: 0.0004189 seconds
[2023-11-05T10:09:11.030+0000][21.381s][debug][safepoint     ] Safepoint synchronization initiated. (22 threads)
[2023-11-05T10:09:11.030+0000][21.382s][info ][safepoint     ] Application time: 0.0479258 seconds
[2023-11-05T10:09:11.031+0000][21.382s][info ][safepoint     ] Entering safepoint region: G1CollectForAllocation
[2023-11-05T10:09:11.031+0000][21.383s][info ][gc,start      ] GC(40) Pause Young (Normal) (G1 Evacuation Pause)
[2023-11-05T10:09:11.032+0000][21.383s][info ][gc,task       ] GC(40) Using 8 workers of 8 for evacuation
[2023-11-05T10:09:11.048+0000][21.399s][info ][gc,phases     ] GC(40)   Pre Evacuate Collection Set: 0.0ms
[2023-11-05T10:09:11.049+0000][21.400s][info ][gc,phases     ] GC(40)   Evacuate Collection Set: 13.2ms
[2023-11-05T10:09:11.049+0000][21.400s][info ][gc,phases     ] GC(40)   Post Evacuate Collection Set: 2.4ms
[2023-11-05T10:09:11.050+0000][21.401s][info ][gc,phases     ] GC(40)   Other: 1.2ms
[2023-11-05T10:09:11.050+0000][21.401s][info ][gc,heap       ] GC(40) Eden regions: 146->0(146)
[2023-11-05T10:09:11.050+0000][21.401s][info ][gc,heap       ] GC(40) Survivor regions: 13->13(20)
[2023-11-05T10:09:11.051+0000][21.402s][info ][gc,heap       ] GC(40) Old regions: 48->52
[2023-11-05T10:09:11.051+0000][21.402s][info ][gc,heap       ] GC(40) Humongous regions: 0->0
[2023-11-05T10:09:11.051+0000][21.402s][info ][gc,metaspace  ] GC(40) Metaspace: 83178K(85456K)->83178K(85456K) NonClass: 72865K(74196K)->72865K(74196K) Class: 10312K(11260K)->10312K(11260K)
[2023-11-05T10:09:11.052+0000][21.403s][info ][gc            ] GC(40) Pause Young (Normal) (G1 Evacuation Pause) 205M->62M(266M) 20.218ms
[2023-11-05T10:09:11.052+0000][21.403s][info ][gc,cpu        ] GC(40) User=0.13s Sys=0.00s Real=0.02s
[2023-11-05T10:09:11.052+0000][21.403s][info ][safepoint     ] Leaving safepoint region
[2023-11-05T10:09:11.053+0000][21.404s][info ][safepoint     ] Total time for which application threads were stopped: 0.0218501 seconds, Stopping threads took: 0.0004023 seconds
[2023-11-05T10:09:11.053+0000][21.404s][info ][gc,stringdedup] Concurrent String Deduplication (21.404s)
[2023-11-05T10:09:11.056+0000][21.407s][info ][gc,stringdedup] Concurrent String Deduplication 370.0K->86496.0B(285.5K) avg 48.7% (21.404s, 21.407s) 3.057ms
[2023-11-05T10:09:11.322+0000][21.673s][debug][safepoint     ] Safepoint synchronization initiated. (21 threads)
[2023-11-05T10:09:11.322+0000][21.674s][info ][safepoint     ] Application time: 0.2694103 seconds
[2023-11-05T10:09:11.323+0000][21.674s][info ][safepoint     ] Entering safepoint region: ICBufferFull
[2023-11-05T10:09:11.323+0000][21.675s][info ][safepoint     ] Leaving safepoint region
[2023-11-05T10:09:11.324+0000][21.675s][info ][safepoint     ] Total time for which application threads were stopped: 0.0010738 seconds, Stopping threads took: 0.0004008 seconds
[2023-11-05T10:09:11.445+0000][21.796s][debug][safepoint     ] Safepoint synchronization initiated. (21 threads)
[2023-11-05T10:09:11.446+0000][21.797s][info ][safepoint     ] Application time: 0.1212268 seconds
[2023-11-05T10:09:11.446+0000][21.797s][info ][safepoint     ] Entering safepoint region: Deoptimize
[2023-11-05T10:09:11.448+0000][21.799s][info ][safepoint     ] Leaving safepoint region
[2023-11-05T10:09:11.448+0000][21.799s][info ][safepoint     ] Total time for which application threads were stopped: 0.0023163 seconds, Stopping threads took: 0.0004618 seconds
[2023-11-05T10:09:11.569+0000][21.920s][debug][safepoint     ] Safepoint synchronization initiated. (21 threads)
[2023-11-05T10:09:11.569+0000][21.921s][info ][safepoint     ] Application time: 0.1206984 seconds
[2023-11-05T10:09:11.570+0000][21.921s][info ][safepoint     ] Entering safepoint region: G1CollectForAllocation
[2023-11-05T10:09:11.571+0000][21.922s][info ][gc,start      ] GC(41) Pause Young (Normal) (G1 Evacuation Pause)
[2023-11-05T10:09:11.571+0000][21.922s][info ][gc,task       ] GC(41) Using 8 workers of 8 for evacuation
[2023-11-05T10:09:11.602+0000][21.953s][info ][gc,phases     ] GC(41)   Pre Evacuate Collection Set: 0.0ms
[2023-11-05T10:09:11.602+0000][21.954s][info ][gc,phases     ] GC(41)   Evacuate Collection Set: 27.9ms
[2023-11-05T10:09:11.603+0000][21.954s][info ][gc,phases     ] GC(41)   Post Evacuate Collection Set: 2.4ms
[2023-11-05T10:09:11.603+0000][21.954s][info ][gc,phases     ] GC(41)   Other: 1.0ms
[2023-11-05T10:09:11.604+0000][21.955s][info ][gc,heap       ] GC(41) Eden regions: 146->0(148)
[2023-11-05T10:09:11.604+0000][21.955s][info ][gc,heap       ] GC(41) Survivor regions: 13->11(20)
[2023-11-05T10:09:11.605+0000][21.956s][info ][gc,heap       ] GC(41) Old regions: 52->56
[2023-11-05T10:09:11.605+0000][21.956s][info ][gc,heap       ] GC(41) Humongous regions: 0->0
[2023-11-05T10:09:11.605+0000][21.957s][info ][gc,metaspace  ] GC(41) Metaspace: 84436K(86864K)->84436K(86864K) NonClass: 74011K(75476K)->74011K(75476K) Class: 10425K(11388K)->10425K(11388K)
[2023-11-05T10:09:11.606+0000][21.957s][info ][gc            ] GC(41) Pause Young (Normal) (G1 Evacuation Pause) 208M->65M(266M) 35.271ms
[2023-11-05T10:09:11.606+0000][21.957s][info ][gc,cpu        ] GC(41) User=0.23s Sys=0.00s Real=0.03s
[2023-11-05T10:09:11.607+0000][21.958s][info ][safepoint     ] Leaving safepoint region
[2023-11-05T10:09:11.607+0000][21.958s][info ][safepoint     ] Total time for which application threads were stopped: 0.0370903 seconds, Stopping threads took: 0.0004294 seconds
[2023-11-05T10:09:11.607+0000][21.958s][info ][gc,stringdedup] Concurrent String Deduplication (21.958s)
[2023-11-05T10:09:11.611+0000][21.962s][info ][gc,stringdedup] Concurrent String Deduplication 359.7K->92712.0B(269.2K) avg 49.5% (21.958s, 21.962s) 3.246ms
[2023-11-05T10:09:11.786+0000][22.137s][debug][safepoint     ] Safepoint synchronization initiated. (21 threads)
[2023-11-05T10:09:11.786+0000][22.138s][info ][safepoint     ] Application time: 0.1790602 seconds
[2023-11-05T10:09:11.787+0000][22.138s][info ][safepoint     ] Entering safepoint region: Deoptimize
[2023-11-05T10:09:11.788+0000][22.139s][info ][safepoint     ] Leaving safepoint region
[2023-11-05T10:09:11.789+0000][22.140s][info ][safepoint     ] Total time for which application threads were stopped: 0.0020249 seconds, Stopping threads took: 0.0004154 seconds
[2023-11-05T10:09:11.886+0000][22.237s][debug][safepoint     ] Safepoint synchronization initiated. (22 threads)
[2023-11-05T10:09:11.887+0000][22.238s][info ][safepoint     ] Application time: 0.0972955 seconds
[2023-11-05T10:09:11.887+0000][22.238s][info ][safepoint     ] Entering safepoint region: Deoptimize
[2023-11-05T10:09:11.889+0000][22.240s][info ][safepoint     ] Leaving safepoint region
[2023-11-05T10:09:11.889+0000][22.240s][info ][safepoint     ] Total time for which application threads were stopped: 0.0021639 seconds, Stopping threads took: 0.0004160 seconds
[2023-11-05T10:09:12.064+0000][22.415s][debug][safepoint     ] Safepoint synchronization initiated. (23 threads)
[2023-11-05T10:09:12.064+0000][22.416s][info ][safepoint     ] Application time: 0.1749301 seconds
[2023-11-05T10:09:12.065+0000][22.416s][info ][safepoint     ] Entering safepoint region: Deoptimize
[2023-11-05T10:09:12.067+0000][22.418s][info ][safepoint     ] Leaving safepoint region
[2023-11-05T10:09:12.067+0000][22.419s][info ][safepoint     ] Total time for which application threads were stopped: 0.0024832 seconds, Stopping threads took: 0.0004009 seconds
[2023-11-05T10:09:12.434+0000][22.785s][debug][safepoint     ] Safepoint synchronization initiated. (25 threads)
[2023-11-05T10:09:12.435+0000][22.786s][info ][safepoint     ] Application time: 0.3670368 seconds
[2023-11-05T10:09:12.435+0000][22.787s][info ][safepoint     ] Entering safepoint region: Deoptimize
[2023-11-05T10:09:12.438+0000][22.789s][info ][safepoint     ] Leaving safepoint region
[2023-11-05T10:09:12.438+0000][22.789s][info ][safepoint     ] Total time for which application threads were stopped: 0.0028112 seconds, Stopping threads took: 0.0004838 seconds
[2023-11-05T10:09:12.450+0000][22.802s][debug][safepoint     ] Safepoint synchronization initiated. (25 threads)
[2023-11-05T10:09:12.451+0000][22.803s][info ][safepoint     ] Application time: 0.0127030 seconds
[2023-11-05T10:09:12.452+0000][22.803s][info ][safepoint     ] Entering safepoint region: Deoptimize
[2023-11-05T10:09:12.454+0000][22.806s][info ][safepoint     ] Leaving safepoint region
[2023-11-05T10:09:12.455+0000][22.806s][info ][safepoint     ] Total time for which application threads were stopped: 0.0028862 seconds, Stopping threads took: 0.0005671 seconds
[2023-11-05T10:09:12.495+0000][22.847s][debug][safepoint     ] Safepoint synchronization initiated. (25 threads)
[2023-11-05T10:09:12.496+0000][22.847s][info ][safepoint     ] Application time: 0.0405878 seconds
[2023-11-05T10:09:12.496+0000][22.848s][info ][safepoint     ] Entering safepoint region: G1CollectForAllocation
[2023-11-05T10:09:12.497+0000][22.848s][info ][gc,start      ] GC(42) Pause Young (Normal) (G1 Evacuation Pause)
[2023-11-05T10:09:12.497+0000][22.849s][info ][gc,task       ] GC(42) Using 8 workers of 8 for evacuation
[2023-11-05T10:09:12.516+0000][22.867s][info ][gc,phases     ] GC(42)   Pre Evacuate Collection Set: 0.0ms
[2023-11-05T10:09:12.516+0000][22.868s][info ][gc,phases     ] GC(42)   Evacuate Collection Set: 14.7ms
[2023-11-05T10:09:12.517+0000][22.868s][info ][gc,phases     ] GC(42)   Post Evacuate Collection Set: 3.3ms
[2023-11-05T10:09:12.517+0000][22.868s][info ][gc,phases     ] GC(42)   Other: 0.9ms
[2023-11-05T10:09:12.518+0000][22.869s][info ][gc,heap       ] GC(42) Eden regions: 148->0(179)
[2023-11-05T10:09:12.518+0000][22.869s][info ][gc,heap       ] GC(42) Survivor regions: 11->12(20)
[2023-11-05T10:09:12.518+0000][22.870s][info ][gc,heap       ] GC(42) Old regions: 56->60
[2023-11-05T10:09:12.519+0000][22.870s][info ][gc,heap       ] GC(42) Humongous regions: 0->0
[2023-11-05T10:09:12.519+0000][22.870s][info ][gc,metaspace  ] GC(42) Metaspace: 89754K(92496K)->89754K(92496K) NonClass: 78633K(80340K)->78633K(80340K) Class: 11120K(12156K)->11120K(12156K)
[2023-11-05T10:09:12.520+0000][22.871s][info ][gc            ] GC(42) Pause Young (Normal) (G1 Evacuation Pause) 213M->69M(320M) 22.707ms
[2023-11-05T10:09:12.520+0000][22.871s][info ][gc,cpu        ] GC(42) User=0.13s Sys=0.01s Real=0.02s
[2023-11-05T10:09:12.521+0000][22.872s][info ][safepoint     ] Leaving safepoint region
[2023-11-05T10:09:12.521+0000][22.872s][info ][safepoint     ] Total time for which application threads were stopped: 0.0245201 seconds, Stopping threads took: 0.0004082 seconds
[2023-11-05T10:09:12.521+0000][22.873s][info ][gc,stringdedup] Concurrent String Deduplication (22.873s)
[2023-11-05T10:09:12.525+0000][22.876s][info ][gc,stringdedup] Concurrent String Deduplication 267.2K->88256.0B(181.0K) avg 49.9% (22.873s, 22.876s) 3.878ms
[2023-11-05T10:09:12.723+0000][23.074s][debug][safepoint     ] Safepoint synchronization initiated. (25 threads)
[2023-11-05T10:09:12.723+0000][23.075s][info ][safepoint     ] Application time: 0.2021997 seconds
[2023-11-05T10:09:12.724+0000][23.075s][info ][safepoint     ] Entering safepoint region: Deoptimize
[2023-11-05T10:09:12.727+0000][23.078s][info ][safepoint     ] Leaving safepoint region
[2023-11-05T10:09:12.727+0000][23.078s][info ][safepoint     ] Total time for which application threads were stopped: 0.0029542 seconds, Stopping threads took: 0.0007191 seconds
[2023-11-05T10:09:12.867+0000][23.218s][debug][safepoint     ] Safepoint synchronization initiated. (25 threads)
[2023-11-05T10:09:12.868+0000][23.219s][info ][safepoint     ] Application time: 0.1404359 seconds
[2023-11-05T10:09:12.868+0000][23.219s][info ][safepoint     ] Entering safepoint region: Deoptimize
[2023-11-05T10:09:12.870+0000][23.221s][info ][safepoint     ] Leaving safepoint region
[2023-11-05T10:09:12.870+0000][23.222s][info ][safepoint     ] Total time for which application threads were stopped: 0.0021509 seconds, Stopping threads took: 0.0003690 seconds
[2023-11-05T10:09:13.369+0000][23.721s][debug][safepoint     ] Safepoint synchronization initiated. (25 threads)
[2023-11-05T10:09:13.370+0000][23.721s][info ][safepoint     ] Application time: 0.4990971 seconds
[2023-11-05T10:09:13.370+0000][23.721s][info ][safepoint     ] Entering safepoint region: Deoptimize
[2023-11-05T10:09:13.372+0000][23.723s][info ][safepoint     ] Leaving safepoint region
[2023-11-05T10:09:13.372+0000][23.724s][info ][safepoint     ] Total time for which application threads were stopped: 0.0021901 seconds, Stopping threads took: 0.0004336 seconds
[2023-11-05T10:09:13.440+0000][23.791s][debug][safepoint     ] Safepoint synchronization initiated. (25 threads)
[2023-11-05T10:09:13.440+0000][23.791s][info ][safepoint     ] Application time: 0.0673581 seconds
[2023-11-05T10:09:13.441+0000][23.792s][info ][safepoint     ] Entering safepoint region: Deoptimize
[2023-11-05T10:09:13.442+0000][23.793s][info ][safepoint     ] Leaving safepoint region
[2023-11-05T10:09:13.443+0000][23.794s][info ][safepoint     ] Total time for which application threads were stopped: 0.0020062 seconds, Stopping threads took: 0.0003223 seconds
[2023-11-05T10:09:13.499+0000][23.850s][debug][safepoint     ] Safepoint synchronization initiated. (25 threads)
[2023-11-05T10:09:13.500+0000][23.851s][info ][safepoint     ] Application time: 0.0567093 seconds
[2023-11-05T10:09:13.500+0000][23.851s][info ][safepoint     ] Entering safepoint region: Deoptimize
[2023-11-05T10:09:13.502+0000][23.853s][info ][safepoint     ] Leaving safepoint region
[2023-11-05T10:09:13.502+0000][23.853s][info ][safepoint     ] Total time for which application threads were stopped: 0.0023478 seconds, Stopping threads took: 0.0004533 seconds
[2023-11-05T10:09:13.601+0000][23.952s][debug][safepoint     ] Safepoint synchronization initiated. (25 threads)
[2023-11-05T10:09:13.602+0000][23.953s][info ][safepoint     ] Application time: 0.0989670 seconds
[2023-11-05T10:09:13.602+0000][23.953s][info ][safepoint     ] Entering safepoint region: G1CollectForAllocation
[2023-11-05T10:09:13.603+0000][23.954s][info ][gc,start      ] GC(43) Pause Young (Normal) (G1 Evacuation Pause)
[2023-11-05T10:09:13.603+0000][23.954s][info ][gc,task       ] GC(43) Using 8 workers of 8 for evacuation
[2023-11-05T10:09:13.615+0000][23.966s][info ][gc,phases     ] GC(43)   Pre Evacuate Collection Set: 0.0ms
[2023-11-05T10:09:13.616+0000][23.967s][info ][gc,phases     ] GC(43)   Evacuate Collection Set: 9.0ms
[2023-11-05T10:09:13.617+0000][23.968s][info ][gc,phases     ] GC(43)   Post Evacuate Collection Set: 2.5ms
[2023-11-05T10:09:13.618+0000][23.969s][info ][gc,phases     ] GC(43)   Other: 1.1ms
[2023-11-05T10:09:13.618+0000][23.969s][info ][gc,heap       ] GC(43) Eden regions: 179->0(177)
[2023-11-05T10:09:13.619+0000][23.970s][info ][gc,heap       ] GC(43) Survivor regions: 12->15(24)
[2023-11-05T10:09:13.619+0000][23.970s][info ][gc,heap       ] GC(43) Old regions: 60->60
[2023-11-05T10:09:13.619+0000][23.971s][info ][gc,heap       ] GC(43) Humongous regions: 0->0
[2023-11-05T10:09:13.620+0000][23.971s][info ][gc,metaspace  ] GC(43) Metaspace: 95485K(98384K)->95485K(98384K) NonClass: 83642K(85460K)->83642K(85460K) Class: 11843K(12924K)->11843K(12924K)
[2023-11-05T10:09:13.620+0000][23.972s][info ][gc            ] GC(43) Pause Young (Normal) (G1 Evacuation Pause) 248M->72M(320M) 17.762ms
[2023-11-05T10:09:13.621+0000][23.972s][info ][gc,cpu        ] GC(43) User=0.10s Sys=0.00s Real=0.02s
[2023-11-05T10:09:13.621+0000][23.972s][info ][safepoint     ] Leaving safepoint region
[2023-11-05T10:09:13.622+0000][23.973s][info ][safepoint     ] Total time for which application threads were stopped: 0.0197171 seconds, Stopping threads took: 0.0004143 seconds
[2023-11-05T10:09:13.622+0000][23.974s][info ][gc,stringdedup] Concurrent String Deduplication (23.974s)
[2023-11-05T10:09:13.624+0000][23.975s][info ][gc,stringdedup] Concurrent String Deduplication 191.3K->51208.0B(141.3K) avg 50.3% (23.974s, 23.975s) 1.790ms
[2023-11-05T10:09:13.870+0000][24.221s][debug][safepoint     ] Safepoint synchronization initiated. (28 threads)
[2023-11-05T10:09:13.871+0000][24.222s][info ][safepoint     ] Application time: 0.2485298 seconds
[2023-11-05T10:09:13.871+0000][24.222s][info ][safepoint     ] Entering safepoint region: ICBufferFull
[2023-11-05T10:09:13.872+0000][24.223s][info ][safepoint     ] Leaving safepoint region
[2023-11-05T10:09:13.872+0000][24.224s][info ][safepoint     ] Total time for which application threads were stopped: 0.0011623 seconds, Stopping threads took: 0.0004562 seconds
[2023-11-05T10:09:14.089+0000][24.441s][debug][safepoint     ] Safepoint synchronization initiated. (34 threads)
[2023-11-05T10:09:14.090+0000][24.441s][info ][safepoint     ] Application time: 0.2170342 seconds
[2023-11-05T10:09:14.090+0000][24.441s][info ][safepoint     ] Entering safepoint region: ICBufferFull
[2023-11-05T10:09:14.091+0000][24.442s][info ][safepoint     ] Leaving safepoint region
[2023-11-05T10:09:14.091+0000][24.442s][info ][safepoint     ] Total time for which application threads were stopped: 0.0010225 seconds, Stopping threads took: 0.0003994 seconds
[2023-11-05T10:09:14.181+0000][24.532s][debug][safepoint     ] Safepoint synchronization initiated. (35 threads)
[2023-11-05T10:09:14.181+0000][24.532s][info ][safepoint     ] Application time: 0.0896481 seconds
[2023-11-05T10:09:14.182+0000][24.533s][info ][safepoint     ] Entering safepoint region: ICBufferFull
[2023-11-05T10:09:14.182+0000][24.534s][info ][safepoint     ] Leaving safepoint region
[2023-11-05T10:09:14.183+0000][24.534s][info ][safepoint     ] Total time for which application threads were stopped: 0.0011879 seconds, Stopping threads took: 0.0003931 seconds
[2023-11-05T10:09:14.200+0000][24.551s][debug][safepoint     ] Safepoint synchronization initiated. (35 threads)
[2023-11-05T10:09:14.201+0000][24.552s][info ][safepoint     ] Application time: 0.0176905 seconds
[2023-11-05T10:09:14.201+0000][24.553s][info ][safepoint     ] Entering safepoint region: Deoptimize
[2023-11-05T10:09:14.203+0000][24.554s][info ][safepoint     ] Leaving safepoint region
[2023-11-05T10:09:14.204+0000][24.555s][info ][safepoint     ] Total time for which application threads were stopped: 0.0023547 seconds, Stopping threads took: 0.0004765 seconds
[2023-11-05T10:09:14.294+0000][24.645s][debug][safepoint     ] Safepoint synchronization initiated. (35 threads)
[2023-11-05T10:09:14.294+0000][24.646s][info ][safepoint     ] Application time: 0.0901590 seconds
[2023-11-05T10:09:14.295+0000][24.646s][info ][safepoint     ] Entering safepoint region: Deoptimize
[2023-11-05T10:09:14.297+0000][24.648s][info ][safepoint     ] Leaving safepoint region
[2023-11-05T10:09:14.297+0000][24.648s][info ][safepoint     ] Total time for which application threads were stopped: 0.0024255 seconds, Stopping threads took: 0.0003951 seconds
[2023-11-05T10:09:14.406+0000][24.757s][debug][safepoint     ] Safepoint synchronization initiated. (35 threads)
[2023-11-05T10:09:14.406+0000][24.757s][info ][safepoint     ] Application time: 0.1084348 seconds
[2023-11-05T10:09:14.407+0000][24.758s][info ][safepoint     ] Entering safepoint region: G1CollectForAllocation
[2023-11-05T10:09:14.407+0000][24.758s][info ][gc,start      ] GC(44) Pause Young (Normal) (G1 Evacuation Pause)
[2023-11-05T10:09:14.407+0000][24.759s][info ][gc,task       ] GC(44) Using 8 workers of 8 for evacuation
[2023-11-05T10:09:14.419+0000][24.770s][info ][gc,phases     ] GC(44)   Pre Evacuate Collection Set: 0.0ms
[2023-11-05T10:09:14.419+0000][24.771s][info ][gc,phases     ] GC(44)   Evacuate Collection Set: 9.0ms
[2023-11-05T10:09:14.420+0000][24.771s][info ][gc,phases     ] GC(44)   Post Evacuate Collection Set: 1.9ms
[2023-11-05T10:09:14.420+0000][24.771s][info ][gc,phases     ] GC(44)   Other: 0.8ms
[2023-11-05T10:09:14.420+0000][24.772s][info ][gc,heap       ] GC(44) Eden regions: 177->0(177)
[2023-11-05T10:09:14.421+0000][24.772s][info ][gc,heap       ] GC(44) Survivor regions: 15->15(24)
[2023-11-05T10:09:14.421+0000][24.772s][info ][gc,heap       ] GC(44) Old regions: 60->64
[2023-11-05T10:09:14.422+0000][24.773s][info ][gc,heap       ] GC(44) Humongous regions: 0->0
[2023-11-05T10:09:14.422+0000][24.773s][info ][gc,metaspace  ] GC(44) Metaspace: 97556K(100432K)->97556K(100432K) NonClass: 85501K(87252K)->85501K(87252K) Class: 12055K(13180K)->12055K(13180K)
[2023-11-05T10:09:14.422+0000][24.774s][info ][gc            ] GC(44) Pause Young (Normal) (G1 Evacuation Pause) 249M->76M(320M) 15.298ms
[2023-11-05T10:09:14.423+0000][24.774s][info ][gc,cpu        ] GC(44) User=0.08s Sys=0.00s Real=0.01s
[2023-11-05T10:09:14.423+0000][24.774s][info ][safepoint     ] Leaving safepoint region
[2023-11-05T10:09:14.424+0000][24.775s][info ][safepoint     ] Total time for which application threads were stopped: 0.0170186 seconds, Stopping threads took: 0.0004106 seconds
[2023-11-05T10:09:14.424+0000][24.775s][info ][gc,stringdedup] Concurrent String Deduplication (24.775s)
[2023-11-05T10:09:14.428+0000][24.780s][info ][gc,stringdedup] Concurrent String Deduplication 312.0K->131.5K(180.5K) avg 50.5% (24.775s, 24.780s) 4.280ms
[2023-11-05T10:09:14.735+0000][25.087s][debug][safepoint     ] Safepoint synchronization initiated. (35 threads)
[2023-11-05T10:09:14.736+0000][25.087s][info ][safepoint     ] Application time: 0.3120019 seconds
[2023-11-05T10:09:14.737+0000][25.088s][info ][safepoint     ] Entering safepoint region: CollectForMetadataAllocation
[2023-11-05T10:09:14.737+0000][25.088s][info ][gc,start      ] GC(45) Pause Young (Concurrent Start) (Metadata GC Threshold)
[2023-11-05T10:09:14.738+0000][25.089s][info ][gc,task       ] GC(45) Using 8 workers of 8 for evacuation
[2023-11-05T10:09:14.763+0000][25.114s][info ][gc,phases     ] GC(45)   Pre Evacuate Collection Set: 0.3ms
[2023-11-05T10:09:14.764+0000][25.115s][info ][gc,phases     ] GC(45)   Evacuate Collection Set: 21.9ms
[2023-11-05T10:09:14.764+0000][25.115s][info ][gc,phases     ] GC(45)   Post Evacuate Collection Set: 2.4ms
[2023-11-05T10:09:14.765+0000][25.116s][info ][gc,phases     ] GC(45)   Other: 1.0ms
[2023-11-05T10:09:14.765+0000][25.116s][info ][gc,heap       ] GC(45) Eden regions: 60->0(179)
[2023-11-05T10:09:14.766+0000][25.117s][info ][gc,heap       ] GC(45) Survivor regions: 15->13(24)
[2023-11-05T10:09:14.766+0000][25.117s][info ][gc,heap       ] GC(45) Old regions: 64->66
[2023-11-05T10:09:14.767+0000][25.118s][info ][gc,heap       ] GC(45) Humongous regions: 0->0
[2023-11-05T10:09:14.767+0000][25.118s][info ][gc,metaspace  ] GC(45) Metaspace: 98371K(101256K)->98371K(101256K) NonClass: 86241K(87948K)->86241K(87948K) Class: 12130K(13308K)->12130K(13308K)
[2023-11-05T10:09:14.767+0000][25.119s][info ][gc            ] GC(45) Pause Young (Concurrent Start) (Metadata GC Threshold) 136M->77M(320M) 30.160ms
[2023-11-05T10:09:14.768+0000][25.119s][info ][gc,cpu        ] GC(45) User=0.20s Sys=0.00s Real=0.03s
[2023-11-05T10:09:14.768+0000][25.119s][info ][gc            ] GC(46) Concurrent Cycle
[2023-11-05T10:09:14.769+0000][25.120s][info ][gc,marking    ] GC(46) Concurrent Clear Claimed Marks
[2023-11-05T10:09:14.768+0000][25.120s][info ][safepoint     ] Leaving safepoint region
[2023-11-05T10:09:14.769+0000][25.121s][info ][safepoint     ] Total time for which application threads were stopped: 0.0328410 seconds, Stopping threads took: 0.0004961 seconds
[2023-11-05T10:09:14.770+0000][25.121s][info ][gc,marking    ] GC(46) Concurrent Clear Claimed Marks 0.845ms
[2023-11-05T10:09:14.770+0000][25.122s][info ][gc,marking    ] GC(46) Concurrent Scan Root Regions
[2023-11-05T10:09:14.770+0000][25.121s][info ][gc,stringdedup] Concurrent String Deduplication (25.121s)
[2023-11-05T10:09:14.778+0000][25.129s][info ][gc,stringdedup] Concurrent String Deduplication 517.7K->387.7K(130.0K) avg 49.5% (25.121s, 25.129s) 8.028ms
[2023-11-05T10:09:14.781+0000][25.133s][info ][gc,marking    ] GC(46) Concurrent Scan Root Regions 11.165ms
[2023-11-05T10:09:14.782+0000][25.133s][info ][gc,marking    ] GC(46) Concurrent Mark (25.133s)
[2023-11-05T10:09:14.783+0000][25.134s][info ][gc,marking    ] GC(46) Concurrent Mark From Roots
[2023-11-05T10:09:14.783+0000][25.134s][info ][gc,task       ] GC(46) Using 2 workers of 2 for marking
[2023-11-05T10:09:14.828+0000][25.179s][debug][safepoint     ] Safepoint synchronization initiated. (35 threads)
[2023-11-05T10:09:14.829+0000][25.180s][info ][safepoint     ] Application time: 0.0588512 seconds
[2023-11-05T10:09:14.829+0000][25.180s][info ][safepoint     ] Entering safepoint region: CollectForMetadataAllocation
[2023-11-05T10:09:14.830+0000][25.181s][info ][safepoint     ] Leaving safepoint region
[2023-11-05T10:09:14.831+0000][25.182s][info ][safepoint     ] Total time for which application threads were stopped: 0.0013020 seconds, Stopping threads took: 0.0004935 seconds
[2023-11-05T10:09:14.865+0000][25.216s][info ][gc,marking    ] GC(46) Concurrent Mark From Roots 81.963ms
[2023-11-05T10:09:14.865+0000][25.216s][info ][gc,marking    ] GC(46) Concurrent Preclean
[2023-11-05T10:09:14.866+0000][25.217s][info ][gc,marking    ] GC(46) Concurrent Preclean 0.738ms
[2023-11-05T10:09:14.866+0000][25.218s][info ][gc,marking    ] GC(46) Concurrent Mark (25.133s, 25.218s) 84.314ms
[2023-11-05T10:09:14.867+0000][25.218s][debug][safepoint     ] Safepoint synchronization initiated. (35 threads)
[2023-11-05T10:09:14.867+0000][25.218s][info ][safepoint     ] Application time: 0.0360421 seconds
[2023-11-05T10:09:14.868+0000][25.219s][debug][safepoint     ] Waiting for 1 thread(s) to block
[2023-11-05T10:09:14.868+0000][25.219s][info ][safepoint     ] Entering safepoint region: CGC_Operation
[2023-11-05T10:09:14.869+0000][25.220s][info ][gc,start      ] GC(46) Pause Remark
[2023-11-05T10:09:14.881+0000][25.232s][info ][gc,stringtable] GC(46) Cleaned string and symbol table, strings: 48690 processed, 80 removed, symbols: 277359 processed, 323 removed
[2023-11-05T10:09:14.881+0000][25.233s][info ][gc            ] GC(46) Pause Remark 99M->99M(320M) 12.847ms
[2023-11-05T10:09:14.882+0000][25.233s][info ][gc,cpu        ] GC(46) User=0.08s Sys=0.00s Real=0.01s
[2023-11-05T10:09:14.882+0000][25.234s][info ][safepoint     ] Leaving safepoint region
[2023-11-05T10:09:14.883+0000][25.234s][info ][safepoint     ] Total time for which application threads were stopped: 0.0151830 seconds, Stopping threads took: 0.0008090 seconds
[2023-11-05T10:09:14.883+0000][25.234s][info ][gc,marking    ] GC(46) Concurrent Rebuild Remembered Sets
[2023-11-05T10:09:14.927+0000][25.279s][debug][safepoint     ] Safepoint synchronization initiated. (35 threads)
[2023-11-05T10:09:14.928+0000][25.279s][info ][safepoint     ] Application time: 0.0447394 seconds
[2023-11-05T10:09:14.928+0000][25.279s][info ][safepoint     ] Entering safepoint region: Deoptimize
[2023-11-05T10:09:14.930+0000][25.281s][info ][safepoint     ] Leaving safepoint region
[2023-11-05T10:09:14.930+0000][25.282s][info ][safepoint     ] Total time for which application threads were stopped: 0.0022358 seconds, Stopping threads took: 0.0003549 seconds
[2023-11-05T10:09:14.941+0000][25.292s][info ][gc,marking    ] GC(46) Concurrent Rebuild Remembered Sets 57.320ms
[2023-11-05T10:09:14.941+0000][25.292s][debug][safepoint     ] Safepoint synchronization initiated. (35 threads)
[2023-11-05T10:09:14.942+0000][25.293s][info ][safepoint     ] Application time: 0.0108034 seconds
[2023-11-05T10:09:14.942+0000][25.293s][debug][safepoint     ] Waiting for 1 thread(s) to block
[2023-11-05T10:09:14.942+0000][25.294s][info ][safepoint     ] Entering safepoint region: CGC_Operation
[2023-11-05T10:09:14.943+0000][25.294s][info ][gc,start      ] GC(46) Pause Cleanup
[2023-11-05T10:09:14.944+0000][25.295s][info ][gc            ] GC(46) Pause Cleanup 104M->104M(320M) 0.570ms
[2023-11-05T10:09:14.944+0000][25.295s][info ][gc,cpu        ] GC(46) User=0.00s Sys=0.00s Real=0.00s
[2023-11-05T10:09:14.944+0000][25.296s][info ][safepoint     ] Leaving safepoint region
[2023-11-05T10:09:14.945+0000][25.296s][info ][safepoint     ] Total time for which application threads were stopped: 0.0026846 seconds, Stopping threads took: 0.0007969 seconds
[2023-11-05T10:09:14.945+0000][25.296s][info ][gc,marking    ] GC(46) Concurrent Cleanup for Next Mark
[2023-11-05T10:09:14.947+0000][25.298s][info ][gc,marking    ] GC(46) Concurrent Cleanup for Next Mark 1.680ms
[2023-11-05T10:09:14.947+0000][25.298s][info ][gc            ] GC(46) Concurrent Cycle 178.943ms
[2023-11-05T10:09:15.171+0000][25.522s][debug][safepoint     ] Safepoint synchronization initiated. (36 threads)
[2023-11-05T10:09:15.171+0000][25.522s][info ][safepoint     ] Application time: 0.2260167 seconds
[2023-11-05T10:09:15.172+0000][25.523s][info ][safepoint     ] Entering safepoint region: Deoptimize
[2023-11-05T10:09:15.173+0000][25.524s][info ][safepoint     ] Leaving safepoint region
[2023-11-05T10:09:15.174+0000][25.525s][info ][safepoint     ] Total time for which application threads were stopped: 0.0020206 seconds, Stopping threads took: 0.0003374 seconds
[2023-11-05T10:09:15.513+0000][25.864s][debug][safepoint     ] Safepoint synchronization initiated. (38 threads)
[2023-11-05T10:09:15.513+0000][25.865s][info ][safepoint     ] Application time: 0.3394838 seconds
[2023-11-05T10:09:15.514+0000][25.865s][debug][safepoint     ] Waiting for 1 thread(s) to block
[2023-11-05T10:09:15.514+0000][25.866s][info ][safepoint     ] Entering safepoint region: G1CollectForAllocation
[2023-11-05T10:09:15.515+0000][25.866s][info ][gc,start      ] GC(47) Pause Young (Concurrent Start) (G1 Evacuation Pause)
[2023-11-05T10:09:15.515+0000][25.867s][info ][gc,task       ] GC(47) Using 8 workers of 8 for evacuation
[2023-11-05T10:09:15.530+0000][25.882s][info ][gc,phases     ] GC(47)   Pre Evacuate Collection Set: 0.3ms
[2023-11-05T10:09:15.531+0000][25.882s][info ][gc,phases     ] GC(47)   Evacuate Collection Set: 11.8ms
[2023-11-05T10:09:15.531+0000][25.883s][info ][gc,phases     ] GC(47)   Post Evacuate Collection Set: 2.4ms
[2023-11-05T10:09:15.532+0000][25.883s][info ][gc,phases     ] GC(47)   Other: 1.0ms
[2023-11-05T10:09:15.533+0000][25.884s][info ][gc,heap       ] GC(47) Eden regions: 179->0(178)
[2023-11-05T10:09:15.533+0000][25.884s][info ][gc,heap       ] GC(47) Survivor regions: 13->14(24)
[2023-11-05T10:09:15.533+0000][25.884s][info ][gc,heap       ] GC(47) Old regions: 66->70
[2023-11-05T10:09:15.534+0000][25.885s][info ][gc,heap       ] GC(47) Humongous regions: 1->0
[2023-11-05T10:09:15.534+0000][25.885s][info ][gc,metaspace  ] GC(47) Metaspace: 102922K(105992K)->102922K(105992K) NonClass: 90387K(92300K)->90387K(92300K) Class: 12535K(13692K)->12535K(13692K)
[2023-11-05T10:09:15.535+0000][25.886s][info ][gc            ] GC(47) Pause Young (Concurrent Start) (G1 Evacuation Pause) 257M->81M(320M) 19.727ms
[2023-11-05T10:09:15.535+0000][25.886s][info ][gc,cpu        ] GC(47) User=0.10s Sys=0.00s Real=0.02s
[2023-11-05T10:09:15.536+0000][25.887s][info ][safepoint     ] Leaving safepoint region
[2023-11-05T10:09:15.536+0000][25.887s][info ][safepoint     ] Total time for which application threads were stopped: 0.0223858 seconds, Stopping threads took: 0.0009458 seconds
[2023-11-05T10:09:15.536+0000][25.887s][info ][gc            ] GC(48) Concurrent Cycle
[2023-11-05T10:09:15.537+0000][25.888s][info ][gc,stringdedup] Concurrent String Deduplication (25.888s)
[2023-11-05T10:09:15.537+0000][25.888s][info ][gc,marking    ] GC(48) Concurrent Clear Claimed Marks
[2023-11-05T10:09:15.538+0000][25.889s][info ][gc,marking    ] GC(48) Concurrent Clear Claimed Marks 1.133ms
[2023-11-05T10:09:15.539+0000][25.890s][info ][gc,marking    ] GC(48) Concurrent Scan Root Regions
[2023-11-05T10:09:15.541+0000][25.892s][info ][gc,stringdedup] Concurrent String Deduplication 368.4K->98736.0B(271.9K) avg 50.1% (25.888s, 25.892s) 4.004ms
[2023-11-05T10:09:15.545+0000][25.896s][info ][gc,marking    ] GC(48) Concurrent Scan Root Regions 6.143ms
[2023-11-05T10:09:15.545+0000][25.896s][info ][gc,marking    ] GC(48) Concurrent Mark (25.896s)
[2023-11-05T10:09:15.546+0000][25.897s][info ][gc,marking    ] GC(48) Concurrent Mark From Roots
[2023-11-05T10:09:15.546+0000][25.897s][info ][gc,task       ] GC(48) Using 2 workers of 2 for marking
[2023-11-05T10:09:15.612+0000][25.963s][info ][gc,marking    ] GC(48) Concurrent Mark From Roots 66.125ms
[2023-11-05T10:09:15.612+0000][25.964s][info ][gc,marking    ] GC(48) Concurrent Preclean
[2023-11-05T10:09:15.613+0000][25.964s][info ][gc,marking    ] GC(48) Concurrent Preclean 0.491ms
[2023-11-05T10:09:15.613+0000][25.964s][info ][gc,marking    ] GC(48) Concurrent Mark (25.896s, 25.964s) 68.014ms
[2023-11-05T10:09:15.614+0000][25.965s][debug][safepoint     ] Safepoint synchronization initiated. (38 threads)
[2023-11-05T10:09:15.614+0000][25.965s][info ][safepoint     ] Application time: 0.0773136 seconds
[2023-11-05T10:09:15.614+0000][25.966s][debug][safepoint     ] ... found polling page return exception at pc = 0x00007f7e607015cd, stub =0x00007f7e58840600
[2023-11-05T10:09:15.614+0000][25.966s][debug][safepoint     ] ... found polling page return exception at pc = 0x00007f7e602c9c94, stub =0x00007f7e58840600
[2023-11-05T10:09:15.615+0000][25.966s][debug][safepoint     ] Waiting for 3 thread(s) to block
[2023-11-05T10:09:15.616+0000][25.967s][info ][safepoint     ] Entering safepoint region: CGC_Operation
[2023-11-05T10:09:15.616+0000][25.967s][info ][gc,start      ] GC(48) Pause Remark
[2023-11-05T10:09:15.625+0000][25.976s][info ][gc,stringtable] GC(48) Cleaned string and symbol table, strings: 50369 processed, 1 removed, symbols: 293405 processed, 22 removed
[2023-11-05T10:09:15.627+0000][25.978s][info ][gc            ] GC(48) Pause Remark 100M->100M(320M) 10.491ms
[2023-11-05T10:09:15.627+0000][25.978s][info ][gc,cpu        ] GC(48) User=0.05s Sys=0.02s Real=0.02s
[2023-11-05T10:09:15.628+0000][25.979s][info ][safepoint     ] Leaving safepoint region
[2023-11-05T10:09:15.628+0000][25.979s][info ][safepoint     ] Total time for which application threads were stopped: 0.0136323 seconds, Stopping threads took: 0.0015488 seconds
[2023-11-05T10:09:15.628+0000][25.980s][info ][gc,marking    ] GC(48) Concurrent Rebuild Remembered Sets
[2023-11-05T10:09:15.677+0000][26.028s][info ][gc,marking    ] GC(48) Concurrent Rebuild Remembered Sets 48.128ms
[2023-11-05T10:09:15.677+0000][26.028s][debug][safepoint     ] Safepoint synchronization initiated. (38 threads)
[2023-11-05T10:09:15.677+0000][26.029s][info ][safepoint     ] Application time: 0.0490873 seconds
[2023-11-05T10:09:15.678+0000][26.029s][debug][safepoint     ] Waiting for 1 thread(s) to block
[2023-11-05T10:09:15.678+0000][26.029s][info ][safepoint     ] Entering safepoint region: CGC_Operation
[2023-11-05T10:09:15.679+0000][26.030s][info ][gc,start      ] GC(48) Pause Cleanup
[2023-11-05T10:09:15.679+0000][26.030s][info ][gc            ] GC(48) Pause Cleanup 108M->108M(320M) 0.475ms
[2023-11-05T10:09:15.679+0000][26.031s][info ][gc,cpu        ] GC(48) User=0.00s Sys=0.00s Real=0.00s
[2023-11-05T10:09:15.680+0000][26.031s][info ][safepoint     ] Leaving safepoint region
[2023-11-05T10:09:15.680+0000][26.031s][info ][safepoint     ] Total time for which application threads were stopped: 0.0022861 seconds, Stopping threads took: 0.0007178 seconds
[2023-11-05T10:09:15.680+0000][26.032s][info ][gc,marking    ] GC(48) Concurrent Cleanup for Next Mark
[2023-11-05T10:09:15.681+0000][26.033s][info ][gc,marking    ] GC(48) Concurrent Cleanup for Next Mark 0.916ms
[2023-11-05T10:09:15.682+0000][26.033s][info ][gc            ] GC(48) Concurrent Cycle 145.976ms
[2023-11-05T10:09:16.335+0000][26.686s][debug][safepoint     ] Safepoint synchronization initiated. (39 threads)
[2023-11-05T10:09:16.336+0000][26.687s][info ][safepoint     ] Application time: 0.6552278 seconds
[2023-11-05T10:09:16.336+0000][26.687s][info ][safepoint     ] Entering safepoint region: G1CollectForAllocation
[2023-11-05T10:09:16.337+0000][26.688s][info ][gc,start      ] GC(49) Pause Young (Normal) (G1 Evacuation Pause)
[2023-11-05T10:09:16.337+0000][26.688s][info ][gc,task       ] GC(49) Using 8 workers of 8 for evacuation
[2023-11-05T10:09:16.354+0000][26.706s][info ][gc,phases     ] GC(49)   Pre Evacuate Collection Set: 0.0ms
[2023-11-05T10:09:16.355+0000][26.706s][info ][gc,phases     ] GC(49)   Evacuate Collection Set: 14.0ms
[2023-11-05T10:09:16.355+0000][26.706s][info ][gc,phases     ] GC(49)   Post Evacuate Collection Set: 2.6ms
[2023-11-05T10:09:16.356+0000][26.707s][info ][gc,phases     ] GC(49)   Other: 0.9ms
[2023-11-05T10:09:16.356+0000][26.707s][info ][gc,heap       ] GC(49) Eden regions: 178->0(175)
[2023-11-05T10:09:16.356+0000][26.708s][info ][gc,heap       ] GC(49) Survivor regions: 14->17(24)
[2023-11-05T10:09:16.357+0000][26.708s][info ][gc,heap       ] GC(49) Old regions: 70->70
[2023-11-05T10:09:16.357+0000][26.708s][info ][gc,heap       ] GC(49) Humongous regions: 0->0
[2023-11-05T10:09:16.357+0000][26.709s][info ][gc,metaspace  ] GC(49) Metaspace: 104238K(107272K)->104238K(107272K) NonClass: 91609K(93580K)->91609K(93580K) Class: 12628K(13692K)->12628K(13692K)
[2023-11-05T10:09:16.358+0000][26.709s][info ][gc            ] GC(49) Pause Young (Normal) (G1 Evacuation Pause) 259M->85M(320M) 21.024ms
[2023-11-05T10:09:16.358+0000][26.709s][info ][gc,cpu        ] GC(49) User=0.13s Sys=0.00s Real=0.02s
[2023-11-05T10:09:16.359+0000][26.710s][info ][safepoint     ] Leaving safepoint region
[2023-11-05T10:09:16.359+0000][26.710s][info ][safepoint     ] Total time for which application threads were stopped: 0.0227406 seconds, Stopping threads took: 0.0003894 seconds
[2023-11-05T10:09:16.359+0000][26.710s][info ][gc,stringdedup] Concurrent String Deduplication (26.710s)
[2023-11-05T10:09:16.361+0000][26.712s][info ][gc,stringdedup] Concurrent String Deduplication 146.2K->56776.0B(92944.0B) avg 50.3% (26.710s, 26.712s) 1.556ms
[2023-11-05T10:09:16.613+0000][26.964s][debug][safepoint     ] Safepoint synchronization initiated. (39 threads)
[2023-11-05T10:09:16.614+0000][26.965s][info ][safepoint     ] Application time: 0.2544712 seconds
[2023-11-05T10:09:16.614+0000][26.965s][info ][safepoint     ] Entering safepoint region: Deoptimize
[2023-11-05T10:09:16.616+0000][26.967s][info ][safepoint     ] Leaving safepoint region
[2023-11-05T10:09:16.617+0000][26.968s][info ][safepoint     ] Total time for which application threads were stopped: 0.0028804 seconds, Stopping threads took: 0.0004265 seconds
[2023-11-05T10:09:16.684+0000][27.035s][debug][safepoint     ] Safepoint synchronization initiated. (39 threads)
[2023-11-05T10:09:16.684+0000][27.035s][info ][safepoint     ] Application time: 0.0664938 seconds
[2023-11-05T10:09:16.685+0000][27.036s][info ][safepoint     ] Entering safepoint region: Deoptimize
[2023-11-05T10:09:16.687+0000][27.038s][info ][safepoint     ] Leaving safepoint region
[2023-11-05T10:09:16.687+0000][27.039s][info ][safepoint     ] Total time for which application threads were stopped: 0.0028267 seconds, Stopping threads took: 0.0004905 seconds
[2023-11-05T10:09:17.292+0000][27.643s][debug][safepoint     ] Safepoint synchronization initiated. (42 threads)
[2023-11-05T10:09:17.293+0000][27.644s][info ][safepoint     ] Application time: 0.6050243 seconds
[2023-11-05T10:09:17.293+0000][27.645s][info ][safepoint     ] Entering safepoint region: Deoptimize
[2023-11-05T10:09:17.295+0000][27.647s][info ][safepoint     ] Leaving safepoint region
[2023-11-05T10:09:17.296+0000][27.647s][info ][safepoint     ] Total time for which application threads were stopped: 0.0025852 seconds, Stopping threads took: 0.0003629 seconds
[2023-11-05T10:09:17.460+0000][27.811s][debug][safepoint     ] Safepoint synchronization initiated. (42 threads)
[2023-11-05T10:09:17.461+0000][27.812s][info ][safepoint     ] Application time: 0.1645133 seconds
[2023-11-05T10:09:17.461+0000][27.812s][info ][safepoint     ] Entering safepoint region: G1CollectForAllocation
[2023-11-05T10:09:17.462+0000][27.813s][info ][gc,start      ] GC(50) Pause Young (Normal) (G1 Evacuation Pause)
[2023-11-05T10:09:17.462+0000][27.813s][info ][gc,task       ] GC(50) Using 8 workers of 8 for evacuation
[2023-11-05T10:09:17.475+0000][27.826s][info ][gc,phases     ] GC(50)   Pre Evacuate Collection Set: 0.0ms
[2023-11-05T10:09:17.475+0000][27.826s][info ][gc,phases     ] GC(50)   Evacuate Collection Set: 9.7ms
[2023-11-05T10:09:17.476+0000][27.827s][info ][gc,phases     ] GC(50)   Post Evacuate Collection Set: 2.3ms
[2023-11-05T10:09:17.476+0000][27.827s][info ][gc,phases     ] GC(50)   Other: 0.9ms
[2023-11-05T10:09:17.477+0000][27.828s][info ][gc,heap       ] GC(50) Eden regions: 175->0(176)
[2023-11-05T10:09:17.477+0000][27.828s][info ][gc,heap       ] GC(50) Survivor regions: 17->14(24)
[2023-11-05T10:09:17.477+0000][27.829s][info ][gc,heap       ] GC(50) Old regions: 70->77
[2023-11-05T10:09:17.478+0000][27.829s][info ][gc,heap       ] GC(50) Humongous regions: 0->0
[2023-11-05T10:09:17.478+0000][27.829s][info ][gc,metaspace  ] GC(50) Metaspace: 108582K(111624K)->108582K(111624K) NonClass: 95482K(97420K)->95482K(97420K) Class: 13099K(14204K)->13099K(14204K)
[2023-11-05T10:09:17.479+0000][27.830s][info ][gc            ] GC(50) Pause Young (Normal) (G1 Evacuation Pause) 260M->89M(320M) 16.889ms
[2023-11-05T10:09:17.479+0000][27.830s][info ][gc,cpu        ] GC(50) User=0.09s Sys=0.00s Real=0.02s
[2023-11-05T10:09:17.479+0000][27.831s][info ][safepoint     ] Leaving safepoint region
[2023-11-05T10:09:17.480+0000][27.831s][info ][safepoint     ] Total time for which application threads were stopped: 0.0186020 seconds, Stopping threads took: 0.0002950 seconds
[2023-11-05T10:09:17.480+0000][27.831s][info ][gc,stringdedup] Concurrent String Deduplication (27.831s)
[2023-11-05T10:09:17.485+0000][27.837s][info ][gc,stringdedup] Concurrent String Deduplication 453.5K->363.6K(92040.0B) avg 49.3% (27.831s, 27.837s) 5.134ms
[2023-11-05T10:09:17.733+0000][28.084s][debug][safepoint     ] Safepoint synchronization initiated. (42 threads)
[2023-11-05T10:09:17.733+0000][28.085s][info ][safepoint     ] Application time: 0.2532597 seconds
[2023-11-05T10:09:17.734+0000][28.085s][debug][safepoint     ] Waiting for 1 thread(s) to block
[2023-11-05T10:09:17.734+0000][28.086s][info ][safepoint     ] Entering safepoint region: ICBufferFull
[2023-11-05T10:09:17.735+0000][28.087s][info ][safepoint     ] Leaving safepoint region
[2023-11-05T10:09:17.736+0000][28.087s][info ][safepoint     ] Total time for which application threads were stopped: 0.0017987 seconds, Stopping threads took: 0.0010271 seconds
[2023-11-05T10:09:18.413+0000][28.765s][debug][safepoint     ] Safepoint synchronization initiated. (43 threads)
[2023-11-05T10:09:18.414+0000][28.765s][info ][safepoint     ] Application time: 0.6779380 seconds
[2023-11-05T10:09:18.415+0000][28.766s][info ][safepoint     ] Entering safepoint region: G1CollectForAllocation
[2023-11-05T10:09:18.415+0000][28.767s][info ][gc,start      ] GC(51) Pause Young (Normal) (G1 Evacuation Pause)
[2023-11-05T10:09:18.416+0000][28.767s][info ][gc,task       ] GC(51) Using 8 workers of 8 for evacuation
[2023-11-05T10:09:18.435+0000][28.786s][info ][gc,phases     ] GC(51)   Pre Evacuate Collection Set: 0.0ms
[2023-11-05T10:09:18.435+0000][28.786s][info ][gc,phases     ] GC(51)   Evacuate Collection Set: 14.6ms
[2023-11-05T10:09:18.436+0000][28.787s][info ][gc,phases     ] GC(51)   Post Evacuate Collection Set: 3.9ms
[2023-11-05T10:09:18.436+0000][28.787s][info ][gc,phases     ] GC(51)   Other: 0.9ms
[2023-11-05T10:09:18.436+0000][28.787s][info ][gc,heap       ] GC(51) Eden regions: 176->0(174)
[2023-11-05T10:09:18.437+0000][28.788s][info ][gc,heap       ] GC(51) Survivor regions: 14->17(24)
[2023-11-05T10:09:18.437+0000][28.788s][info ][gc,heap       ] GC(51) Old regions: 77->79
[2023-11-05T10:09:18.437+0000][28.788s][info ][gc,heap       ] GC(51) Humongous regions: 0->0
[2023-11-05T10:09:18.437+0000][28.789s][info ][gc,metaspace  ] GC(51) Metaspace: 111959K(115336K)->111959K(115336K) NonClass: 98645K(100748K)->98645K(100748K) Class: 13313K(14588K)->13313K(14588K)
[2023-11-05T10:09:18.438+0000][28.789s][info ][gc            ] GC(51) Pause Young (Normal) (G1 Evacuation Pause) 265M->93M(320M) 22.431ms
[2023-11-05T10:09:18.438+0000][28.789s][info ][gc,cpu        ] GC(51) User=0.16s Sys=0.01s Real=0.03s
[2023-11-05T10:09:18.438+0000][28.790s][info ][safepoint     ] Leaving safepoint region
[2023-11-05T10:09:18.439+0000][28.790s][info ][safepoint     ] Total time for which application threads were stopped: 0.0247063 seconds, Stopping threads took: 0.0004638 seconds
[2023-11-05T10:09:18.440+0000][28.791s][info ][gc,stringdedup] Concurrent String Deduplication (28.791s)
[2023-11-05T10:09:18.442+0000][28.793s][info ][gc,stringdedup] Concurrent String Deduplication 411.4K->108.1K(303.3K) avg 50.0% (28.791s, 28.793s) 2.710ms
[2023-11-05T10:09:18.588+0000][28.939s][debug][safepoint     ] Safepoint synchronization initiated. (43 threads)
[2023-11-05T10:09:18.588+0000][28.939s][info ][safepoint     ] Application time: 0.1486015 seconds
[2023-11-05T10:09:18.589+0000][28.940s][info ][safepoint     ] Entering safepoint region: Deoptimize
[2023-11-05T10:09:18.590+0000][28.942s][info ][safepoint     ] Leaving safepoint region
[2023-11-05T10:09:18.591+0000][28.942s][info ][safepoint     ] Total time for which application threads were stopped: 0.0023870 seconds, Stopping threads took: 0.0003513 seconds
[2023-11-05T10:09:18.689+0000][29.040s][debug][safepoint     ] Safepoint synchronization initiated. (43 threads)
[2023-11-05T10:09:18.690+0000][29.041s][info ][safepoint     ] Application time: 0.0984939 seconds
[2023-11-05T10:09:18.690+0000][29.041s][info ][safepoint     ] Entering safepoint region: Deoptimize
[2023-11-05T10:09:18.693+0000][29.044s][info ][safepoint     ] Leaving safepoint region
[2023-11-05T10:09:18.693+0000][29.044s][info ][safepoint     ] Total time for which application threads were stopped: 0.0029716 seconds, Stopping threads took: 0.0004852 seconds
[2023-11-05T10:09:18.737+0000][29.088s][debug][safepoint     ] Safepoint synchronization initiated. (43 threads)
[2023-11-05T10:09:18.738+0000][29.089s][info ][safepoint     ] Application time: 0.0438648 seconds
[2023-11-05T10:09:18.738+0000][29.089s][info ][safepoint     ] Entering safepoint region: Deoptimize
[2023-11-05T10:09:18.740+0000][29.092s][info ][safepoint     ] Leaving safepoint region
[2023-11-05T10:09:18.741+0000][29.092s][info ][safepoint     ] Total time for which application threads were stopped: 0.0027763 seconds, Stopping threads took: 0.0004086 seconds
[2023-11-05T10:09:18.781+0000][29.132s][debug][safepoint     ] Safepoint synchronization initiated. (43 threads)
[2023-11-05T10:09:18.782+0000][29.133s][info ][safepoint     ] Application time: 0.0402912 seconds
[2023-11-05T10:09:18.783+0000][29.134s][info ][safepoint     ] Entering safepoint region: Deoptimize
[2023-11-05T10:09:18.787+0000][29.138s][info ][safepoint     ] Leaving safepoint region
[2023-11-05T10:09:18.787+0000][29.138s][info ][safepoint     ] Total time for which application threads were stopped: 0.0045524 seconds, Stopping threads took: 0.0005107 seconds
[2023-11-05T10:09:18.947+0000][29.298s][debug][safepoint     ] Safepoint synchronization initiated. (43 threads)
[2023-11-05T10:09:18.947+0000][29.298s][info ][safepoint     ] Application time: 0.1597053 seconds
[2023-11-05T10:09:18.948+0000][29.299s][info ][safepoint     ] Entering safepoint region: Deoptimize
[2023-11-05T10:09:18.951+0000][29.302s][info ][safepoint     ] Leaving safepoint region
[2023-11-05T10:09:18.952+0000][29.303s][info ][safepoint     ] Total time for which application threads were stopped: 0.0040469 seconds, Stopping threads took: 0.0004292 seconds
[2023-11-05T10:09:18.954+0000][29.305s][debug][safepoint     ] Safepoint synchronization initiated. (43 threads)
[2023-11-05T10:09:18.954+0000][29.305s][info ][safepoint     ] Application time: 0.0019762 seconds
[2023-11-05T10:09:18.955+0000][29.306s][info ][safepoint     ] Entering safepoint region: Deoptimize
[2023-11-05T10:09:18.957+0000][29.309s][info ][safepoint     ] Leaving safepoint region
[2023-11-05T10:09:18.958+0000][29.309s][info ][safepoint     ] Total time for which application threads were stopped: 0.0033416 seconds, Stopping threads took: 0.0008740 seconds
[2023-11-05T10:09:19.808+0000][30.160s][debug][safepoint     ] Safepoint synchronization initiated. (43 threads)
[2023-11-05T10:09:19.809+0000][30.160s][info ][safepoint     ] Application time: 0.8506667 seconds
[2023-11-05T10:09:19.810+0000][30.161s][info ][safepoint     ] Entering safepoint region: G1CollectForAllocation
[2023-11-05T10:09:19.810+0000][30.161s][info ][gc,start      ] GC(52) Pause Young (Normal) (G1 Evacuation Pause)
[2023-11-05T10:09:19.811+0000][30.162s][info ][gc,task       ] GC(52) Using 8 workers of 8 for evacuation
[2023-11-05T10:09:19.848+0000][30.199s][info ][gc,phases     ] GC(52)   Pre Evacuate Collection Set: 0.0ms
[2023-11-05T10:09:19.849+0000][30.200s][info ][gc,phases     ] GC(52)   Evacuate Collection Set: 32.2ms
[2023-11-05T10:09:19.850+0000][30.201s][info ][gc,phases     ] GC(52)   Post Evacuate Collection Set: 4.9ms
[2023-11-05T10:09:19.850+0000][30.201s][info ][gc,phases     ] GC(52)   Other: 1.0ms
[2023-11-05T10:09:19.850+0000][30.201s][info ][gc,heap       ] GC(52) Eden regions: 174->0(171)
[2023-11-05T10:09:19.851+0000][30.202s][info ][gc,heap       ] GC(52) Survivor regions: 17->14(24)
[2023-11-05T10:09:19.851+0000][30.202s][info ][gc,heap       ] GC(52) Old regions: 79->86
[2023-11-05T10:09:19.851+0000][30.203s][info ][gc,heap       ] GC(52) Humongous regions: 0->0
[2023-11-05T10:09:19.852+0000][30.203s][info ][gc,metaspace  ] GC(52) Metaspace: 120578K(124168K)->120578K(124168K) NonClass: 106219K(108428K)->106219K(108428K) Class: 14359K(15740K)->14359K(15740K)
[2023-11-05T10:09:19.852+0000][30.203s][info ][gc            ] GC(52) Pause Young (Normal) (G1 Evacuation Pause) 267M->98M(320M) 42.077ms
[2023-11-05T10:09:19.853+0000][30.204s][info ][gc,cpu        ] GC(52) User=0.30s Sys=0.00s Real=0.04s
[2023-11-05T10:09:19.854+0000][30.205s][info ][safepoint     ] Leaving safepoint region
[2023-11-05T10:09:19.854+0000][30.205s][info ][safepoint     ] Total time for which application threads were stopped: 0.0447611 seconds, Stopping threads took: 0.0004498 seconds
[2023-11-05T10:09:19.855+0000][30.206s][info ][gc,stringdedup] Concurrent String Deduplication (30.206s)
[2023-11-05T10:09:19.860+0000][30.211s][info ][gc,stringdedup] Concurrent String Deduplication 373.4K->152.0K(221.3K) avg 50.2% (30.206s, 30.211s) 4.678ms
[2023-11-05T10:09:19.867+0000][30.219s][debug][safepoint     ] Safepoint synchronization initiated. (43 threads)
[2023-11-05T10:09:19.868+0000][30.219s][info ][safepoint     ] Application time: 0.0131531 seconds
[2023-11-05T10:09:19.868+0000][30.220s][info ][safepoint     ] Entering safepoint region: Deoptimize
[2023-11-05T10:09:19.871+0000][30.222s][info ][safepoint     ] Leaving safepoint region
[2023-11-05T10:09:19.872+0000][30.223s][info ][safepoint     ] Total time for which application threads were stopped: 0.0034229 seconds, Stopping threads took: 0.0004662 seconds
[2023-11-05T10:09:20.109+0000][30.460s][debug][safepoint     ] Safepoint synchronization initiated. (43 threads)
[2023-11-05T10:09:20.110+0000][30.461s][info ][safepoint     ] Application time: 0.2373261 seconds
[2023-11-05T10:09:20.110+0000][30.461s][info ][safepoint     ] Entering safepoint region: Deoptimize
[2023-11-05T10:09:20.112+0000][30.463s][info ][safepoint     ] Leaving safepoint region
[2023-11-05T10:09:20.112+0000][30.464s][info ][safepoint     ] Total time for which application threads were stopped: 0.0025604 seconds, Stopping threads took: 0.0004386 seconds
[2023-11-05T10:09:20.532+0000][30.884s][debug][safepoint     ] Safepoint synchronization initiated. (44 threads)
[2023-11-05T10:09:20.533+0000][30.884s][info ][safepoint     ] Application time: 0.4201617 seconds
[2023-11-05T10:09:20.533+0000][30.885s][info ][safepoint     ] Entering safepoint region: G1CollectForAllocation
[2023-11-05T10:09:20.534+0000][30.885s][info ][gc,start      ] GC(53) Pause Young (Normal) (G1 Evacuation Pause)
[2023-11-05T10:09:20.535+0000][30.886s][info ][gc,task       ] GC(53) Using 8 workers of 8 for evacuation
[2023-11-05T10:09:20.553+0000][30.904s][info ][gc,phases     ] GC(53)   Pre Evacuate Collection Set: 0.0ms
[2023-11-05T10:09:20.554+0000][30.905s][info ][gc,phases     ] GC(53)   Evacuate Collection Set: 14.3ms
[2023-11-05T10:09:20.554+0000][30.905s][info ][gc,phases     ] GC(53)   Post Evacuate Collection Set: 3.6ms
[2023-11-05T10:09:20.554+0000][30.906s][info ][gc,phases     ] GC(53)   Other: 1.0ms
[2023-11-05T10:09:20.555+0000][30.906s][info ][gc,heap       ] GC(53) Eden regions: 171->0(168)
[2023-11-05T10:09:20.555+0000][30.906s][info ][gc,heap       ] GC(53) Survivor regions: 14->14(24)
[2023-11-05T10:09:20.555+0000][30.907s][info ][gc,heap       ] GC(53) Old regions: 86->90
[2023-11-05T10:09:20.556+0000][30.907s][info ][gc,heap       ] GC(53) Humongous regions: 0->0
[2023-11-05T10:09:20.556+0000][30.907s][info ][gc,metaspace  ] GC(53) Metaspace: 124572K(128264K)->124572K(128264K) NonClass: 109832K(112268K)->109832K(112268K) Class: 14740K(15996K)->14740K(15996K)
[2023-11-05T10:09:20.556+0000][30.908s][info ][gc            ] GC(53) Pause Young (Normal) (G1 Evacuation Pause) 269M->102M(320M) 22.348ms
[2023-11-05T10:09:20.557+0000][30.908s][info ][gc,cpu        ] GC(53) User=0.15s Sys=0.00s Real=0.03s
[2023-11-05T10:09:20.557+0000][30.908s][info ][safepoint     ] Leaving safepoint region
[2023-11-05T10:09:20.557+0000][30.909s][info ][safepoint     ] Total time for which application threads were stopped: 0.0239668 seconds, Stopping threads took: 0.0004476 seconds
[2023-11-05T10:09:20.558+0000][30.909s][info ][gc,stringdedup] Concurrent String Deduplication (30.909s)
[2023-11-05T10:09:20.561+0000][30.913s][info ][gc,stringdedup] Concurrent String Deduplication 382.1K->107.2K(274.9K) avg 50.8% (30.909s, 30.913s) 3.614ms
[2023-11-05T10:09:21.558+0000][31.909s][debug][safepoint     ] Safepoint synchronization initiated. (48 threads)
[2023-11-05T10:09:21.558+0000][31.910s][info ][safepoint     ] Application time: 1.0007097 seconds
[2023-11-05T10:09:21.559+0000][31.910s][info ][safepoint     ] Entering safepoint region: Cleanup
[2023-11-05T10:09:21.559+0000][31.911s][info ][safepoint     ] Leaving safepoint region
[2023-11-05T10:09:21.560+0000][31.911s][info ][safepoint     ] Total time for which application threads were stopped: 0.0009777 seconds, Stopping threads took: 0.0004013 seconds
[2023-11-05T10:09:21.682+0000][32.034s][debug][safepoint     ] Safepoint synchronization initiated. (48 threads)
[2023-11-05T10:09:21.683+0000][32.034s][info ][safepoint     ] Application time: 0.1228065 seconds
[2023-11-05T10:09:21.683+0000][32.035s][info ][safepoint     ] Entering safepoint region: Deoptimize
[2023-11-05T10:09:21.685+0000][32.037s][info ][safepoint     ] Leaving safepoint region
[2023-11-05T10:09:21.686+0000][32.037s][info ][safepoint     ] Total time for which application threads were stopped: 0.0023453 seconds, Stopping threads took: 0.0003799 seconds
[2023-11-05T10:09:22.012+0000][32.363s][debug][safepoint     ] Safepoint synchronization initiated. (55 threads)
[2023-11-05T10:09:22.012+0000][32.364s][info ][safepoint     ] Application time: 0.3264167 seconds
[2023-11-05T10:09:22.013+0000][32.364s][info ][safepoint     ] Entering safepoint region: G1CollectForAllocation
[2023-11-05T10:09:22.014+0000][32.365s][info ][gc,start      ] GC(54) Pause Young (Normal) (G1 Evacuation Pause)
[2023-11-05T10:09:22.014+0000][32.365s][info ][gc,task       ] GC(54) Using 8 workers of 8 for evacuation
[2023-11-05T10:09:22.031+0000][32.383s][info ][gc,phases     ] GC(54)   Pre Evacuate Collection Set: 0.0ms
[2023-11-05T10:09:22.032+0000][32.383s][info ][gc,phases     ] GC(54)   Evacuate Collection Set: 13.7ms
[2023-11-05T10:09:22.032+0000][32.383s][info ][gc,phases     ] GC(54)   Post Evacuate Collection Set: 3.0ms
[2023-11-05T10:09:22.033+0000][32.384s][info ][gc,phases     ] GC(54)   Other: 1.0ms
[2023-11-05T10:09:22.033+0000][32.384s][info ][gc,heap       ] GC(54) Eden regions: 168->0(161)
[2023-11-05T10:09:22.033+0000][32.385s][info ][gc,heap       ] GC(54) Survivor regions: 14->16(23)
[2023-11-05T10:09:22.034+0000][32.385s][info ][gc,heap       ] GC(54) Old regions: 90->94
[2023-11-05T10:09:22.034+0000][32.385s][info ][gc,heap       ] GC(54) Humongous regions: 0->0
[2023-11-05T10:09:22.034+0000][32.386s][info ][gc,metaspace  ] GC(54) Metaspace: 131084K(134792K)->131084K(134792K) NonClass: 115806K(118156K)->115806K(118156K) Class: 15278K(16636K)->15278K(16636K)
[2023-11-05T10:09:22.035+0000][32.386s][info ][gc            ] GC(54) Pause Young (Normal) (G1 Evacuation Pause) 270M->108M(320M) 21.225ms
[2023-11-05T10:09:22.035+0000][32.386s][info ][gc,cpu        ] GC(54) User=0.14s Sys=0.00s Real=0.02s
[2023-11-05T10:09:22.036+0000][32.387s][info ][safepoint     ] Leaving safepoint region
[2023-11-05T10:09:22.036+0000][32.387s][info ][safepoint     ] Total time for which application threads were stopped: 0.0228552 seconds, Stopping threads took: 0.0003929 seconds
[2023-11-05T10:09:22.036+0000][32.387s][info ][gc,stringdedup] Concurrent String Deduplication (32.387s)
[2023-11-05T10:09:22.040+0000][32.391s][info ][gc,stringdedup] Concurrent String Deduplication 270.4K->112.8K(157.6K) avg 50.9% (32.387s, 32.391s) 3.399ms
[2023-11-05T10:09:22.678+0000][33.029s][debug][safepoint     ] Safepoint synchronization initiated. (55 threads)
[2023-11-05T10:09:22.678+0000][33.029s][info ][safepoint     ] Application time: 0.6417966 seconds
[2023-11-05T10:09:22.678+0000][33.030s][info ][safepoint     ] Entering safepoint region: Deoptimize
[2023-11-05T10:09:22.680+0000][33.032s][info ][safepoint     ] Leaving safepoint region
[2023-11-05T10:09:22.681+0000][33.032s][info ][safepoint     ] Total time for which application threads were stopped: 0.0023995 seconds, Stopping threads took: 0.0003653 seconds
[2023-11-05T10:09:23.032+0000][33.383s][debug][safepoint     ] Safepoint synchronization initiated. (67 threads)
[2023-11-05T10:09:23.033+0000][33.384s][info ][safepoint     ] Application time: 0.3515144 seconds
[2023-11-05T10:09:23.033+0000][33.385s][info ][safepoint     ] Entering safepoint region: G1CollectForAllocation
[2023-11-05T10:09:23.034+0000][33.385s][info ][gc,start      ] GC(55) Pause Young (Normal) (G1 Evacuation Pause)
[2023-11-05T10:09:23.035+0000][33.386s][info ][gc,task       ] GC(55) Using 8 workers of 8 for evacuation
[2023-11-05T10:09:23.066+0000][33.417s][info ][gc,phases     ] GC(55)   Pre Evacuate Collection Set: 0.0ms
[2023-11-05T10:09:23.066+0000][33.418s][info ][gc,phases     ] GC(55)   Evacuate Collection Set: 26.8ms
[2023-11-05T10:09:23.067+0000][33.418s][info ][gc,phases     ] GC(55)   Post Evacuate Collection Set: 3.7ms
[2023-11-05T10:09:23.067+0000][33.418s][info ][gc,phases     ] GC(55)   Other: 1.1ms
[2023-11-05T10:09:23.068+0000][33.419s][info ][gc,heap       ] GC(55) Eden regions: 161->0(159)
[2023-11-05T10:09:23.069+0000][33.420s][info ][gc,heap       ] GC(55) Survivor regions: 16->15(23)
[2023-11-05T10:09:23.069+0000][33.420s][info ][gc,heap       ] GC(55) Old regions: 94->99
[2023-11-05T10:09:23.070+0000][33.421s][info ][gc,heap       ] GC(55) Humongous regions: 0->0
[2023-11-05T10:09:23.070+0000][33.421s][info ][gc,metaspace  ] GC(55) Metaspace: 135549K(139144K)->135549K(139144K) NonClass: 119777K(121996K)->119777K(121996K) Class: 15772K(17148K)->15772K(17148K)
[2023-11-05T10:09:23.071+0000][33.422s][info ][gc            ] GC(55) Pause Young (Normal) (G1 Evacuation Pause) 269M->112M(320M) 36.760ms
[2023-11-05T10:09:23.072+0000][33.423s][info ][gc,cpu        ] GC(55) User=0.26s Sys=0.00s Real=0.04s
[2023-11-05T10:09:23.072+0000][33.423s][info ][safepoint     ] Leaving safepoint region
[2023-11-05T10:09:23.073+0000][33.424s][info ][safepoint     ] Total time for which application threads were stopped: 0.0392599 seconds, Stopping threads took: 0.0004754 seconds
[2023-11-05T10:09:23.073+0000][33.424s][info ][gc,stringdedup] Concurrent String Deduplication (33.424s)
[2023-11-05T10:09:23.076+0000][33.427s][info ][gc,stringdedup] Concurrent String Deduplication 260.5K->39312.0B(222.1K) avg 51.5% (33.424s, 33.427s) 3.076ms
[2023-11-05T10:09:23.437+0000][33.788s][debug][safepoint     ] Safepoint synchronization initiated. (67 threads)
[2023-11-05T10:09:23.438+0000][33.789s][info ][safepoint     ] Application time: 0.3646135 seconds
[2023-11-05T10:09:23.438+0000][33.789s][info ][safepoint     ] Entering safepoint region: Deoptimize
[2023-11-05T10:09:23.440+0000][33.791s][info ][safepoint     ] Leaving safepoint region
[2023-11-05T10:09:23.441+0000][33.792s][info ][safepoint     ] Total time for which application threads were stopped: 0.0026299 seconds, Stopping threads took: 0.0005123 seconds
[2023-11-05T10:09:23.442+0000][33.793s][debug][safepoint     ] Safepoint synchronization initiated. (67 threads)
[2023-11-05T10:09:23.442+0000][33.793s][info ][safepoint     ] Application time: 0.0007180 seconds
[2023-11-05T10:09:23.443+0000][33.794s][info ][safepoint     ] Entering safepoint region: Deoptimize
[2023-11-05T10:09:23.445+0000][33.796s][info ][safepoint     ] Leaving safepoint region
[2023-11-05T10:09:23.445+0000][33.797s][info ][safepoint     ] Total time for which application threads were stopped: 0.0026028 seconds, Stopping threads took: 0.0005361 seconds
[2023-11-05T10:09:23.447+0000][33.798s][debug][safepoint     ] Safepoint synchronization initiated. (67 threads)
[2023-11-05T10:09:23.448+0000][33.799s][info ][safepoint     ] Application time: 0.0016119 seconds
[2023-11-05T10:09:23.449+0000][33.800s][debug][safepoint     ] Waiting for 1 thread(s) to block
[2023-11-05T10:09:23.449+0000][33.800s][info ][safepoint     ] Entering safepoint region: Deoptimize
[2023-11-05T10:09:23.451+0000][33.802s][info ][safepoint     ] Leaving safepoint region
[2023-11-05T10:09:23.452+0000][33.803s][info ][safepoint     ] Total time for which application threads were stopped: 0.0030089 seconds, Stopping threads took: 0.0009715 seconds
[2023-11-05T10:09:23.467+0000][33.819s][debug][safepoint     ] Safepoint synchronization initiated. (67 threads)
[2023-11-05T10:09:23.468+0000][33.819s][info ][safepoint     ] Application time: 0.0159047 seconds
[2023-11-05T10:09:23.468+0000][33.819s][debug][safepoint     ] Waiting for 1 thread(s) to block
[2023-11-05T10:09:23.469+0000][33.820s][info ][safepoint     ] Entering safepoint region: ICBufferFull
[2023-11-05T10:09:23.470+0000][33.821s][info ][safepoint     ] Leaving safepoint region
[2023-11-05T10:09:23.470+0000][33.821s][info ][safepoint     ] Total time for which application threads were stopped: 0.0017207 seconds, Stopping threads took: 0.0009706 seconds
[2023-11-05T10:09:23.476+0000][33.827s][debug][safepoint     ] Safepoint synchronization initiated. (67 threads)
[2023-11-05T10:09:23.477+0000][33.828s][info ][safepoint     ] Application time: 0.0064630 seconds
[2023-11-05T10:09:23.477+0000][33.828s][info ][safepoint     ] Entering safepoint region: Deoptimize
[2023-11-05T10:09:23.479+0000][33.831s][info ][safepoint     ] Leaving safepoint region
[2023-11-05T10:09:23.480+0000][33.831s][info ][safepoint     ] Total time for which application threads were stopped: 0.0025559 seconds, Stopping threads took: 0.0004961 seconds
[2023-11-05T10:09:23.663+0000][34.014s][debug][safepoint     ] Safepoint synchronization initiated. (67 threads)
[2023-11-05T10:09:23.663+0000][34.015s][info ][safepoint     ] Application time: 0.1830527 seconds
[2023-11-05T10:09:23.664+0000][34.015s][info ][safepoint     ] Entering safepoint region: Deoptimize
[2023-11-05T10:09:23.666+0000][34.017s][info ][safepoint     ] Leaving safepoint region
[2023-11-05T10:09:23.667+0000][34.018s][info ][safepoint     ] Total time for which application threads were stopped: 0.0028418 seconds, Stopping threads took: 0.0005390 seconds
[2023-11-05T10:09:23.898+0000][34.249s][debug][safepoint     ] Safepoint synchronization initiated. (67 threads)
[2023-11-05T10:09:23.899+0000][34.250s][info ][safepoint     ] Application time: 0.2317955 seconds
[2023-11-05T10:09:23.900+0000][34.251s][info ][safepoint     ] Entering safepoint region: G1CollectForAllocation
[2023-11-05T10:09:23.901+0000][34.252s][info ][gc,start      ] GC(56) Pause Young (Normal) (G1 Evacuation Pause)
[2023-11-05T10:09:23.902+0000][34.253s][info ][gc,task       ] GC(56) Using 8 workers of 8 for evacuation
[2023-11-05T10:09:23.931+0000][34.282s][info ][gc,phases     ] GC(56)   Pre Evacuate Collection Set: 0.0ms
[2023-11-05T10:09:23.932+0000][34.283s][info ][gc,phases     ] GC(56)   Evacuate Collection Set: 24.3ms
[2023-11-05T10:09:23.932+0000][34.283s][info ][gc,phases     ] GC(56)   Post Evacuate Collection Set: 3.7ms
[2023-11-05T10:09:23.933+0000][34.284s][info ][gc,phases     ] GC(56)   Other: 1.8ms
[2023-11-05T10:09:23.933+0000][34.284s][info ][gc,heap       ] GC(56) Eden regions: 159->0(157)
[2023-11-05T10:09:23.934+0000][34.285s][info ][gc,heap       ] GC(56) Survivor regions: 15->14(22)
[2023-11-05T10:09:23.934+0000][34.285s][info ][gc,heap       ] GC(56) Old regions: 99->103
[2023-11-05T10:09:23.935+0000][34.286s][info ][gc,heap       ] GC(56) Humongous regions: 0->0
[2023-11-05T10:09:23.935+0000][34.287s][info ][gc,metaspace  ] GC(56) Metaspace: 137169K(140936K)->137169K(140936K) NonClass: 121190K(123532K)->121190K(123532K) Class: 15978K(17404K)->15978K(17404K)
[2023-11-05T10:09:23.937+0000][34.288s][info ][gc            ] GC(56) Pause Young (Normal) (G1 Evacuation Pause) 271M->115M(320M) 35.539ms
[2023-11-05T10:09:23.937+0000][34.288s][info ][gc,cpu        ] GC(56) User=0.24s Sys=0.01s Real=0.04s
[2023-11-05T10:09:23.938+0000][34.289s][info ][safepoint     ] Leaving safepoint region
[2023-11-05T10:09:23.938+0000][34.289s][info ][safepoint     ] Total time for which application threads were stopped: 0.0384996 seconds, Stopping threads took: 0.0006870 seconds
[2023-11-05T10:09:23.938+0000][34.290s][info ][gc,stringdedup] Concurrent String Deduplication (34.290s)
[2023-11-05T10:09:23.942+0000][34.293s][info ][gc,stringdedup] Concurrent String Deduplication 438.2K->92864.0B(347.6K) avg 52.2% (34.290s, 34.293s) 3.446ms
[2023-11-05T10:09:24.655+0000][35.006s][debug][safepoint     ] Safepoint synchronization initiated. (67 threads)
[2023-11-05T10:09:24.655+0000][35.006s][info ][safepoint     ] Application time: 0.7168464 seconds
[2023-11-05T10:09:24.656+0000][35.007s][info ][safepoint     ] Entering safepoint region: G1CollectForAllocation
[2023-11-05T10:09:24.656+0000][35.008s][info ][gc,start      ] GC(57) Pause Young (Normal) (G1 Evacuation Pause)
[2023-11-05T10:09:24.657+0000][35.008s][info ][gc,task       ] GC(57) Using 8 workers of 8 for evacuation
[2023-11-05T10:09:24.679+0000][35.030s][info ][gc,phases     ] GC(57)   Pre Evacuate Collection Set: 0.0ms
[2023-11-05T10:09:24.680+0000][35.031s][info ][gc,phases     ] GC(57)   Evacuate Collection Set: 18.0ms
[2023-11-05T10:09:24.680+0000][35.031s][info ][gc,phases     ] GC(57)   Post Evacuate Collection Set: 4.0ms
[2023-11-05T10:09:24.681+0000][35.032s][info ][gc,phases     ] GC(57)   Other: 0.9ms
[2023-11-05T10:09:24.681+0000][35.032s][info ][gc,heap       ] GC(57) Eden regions: 157->0(192)
[2023-11-05T10:09:24.682+0000][35.033s][info ][gc,heap       ] GC(57) Survivor regions: 14->9(22)
[2023-11-05T10:09:24.682+0000][35.033s][info ][gc,heap       ] GC(57) Old regions: 103->110
[2023-11-05T10:09:24.682+0000][35.034s][info ][gc,heap       ] GC(57) Humongous regions: 0->0
[2023-11-05T10:09:24.683+0000][35.034s][info ][gc,metaspace  ] GC(57) Metaspace: 138877K(142728K)->138877K(142728K) NonClass: 122643K(125068K)->122643K(125068K) Class: 16233K(17660K)->16233K(17660K)
[2023-11-05T10:09:24.683+0000][35.034s][info ][gc            ] GC(57) Pause Young (Normal) (G1 Evacuation Pause) 272M->116M(384M) 26.901ms
[2023-11-05T10:09:24.684+0000][35.035s][info ][gc,cpu        ] GC(57) User=0.19s Sys=0.00s Real=0.03s
[2023-11-05T10:09:24.684+0000][35.035s][info ][safepoint     ] Leaving safepoint region
[2023-11-05T10:09:24.685+0000][35.036s][info ][safepoint     ] Total time for which application threads were stopped: 0.0288550 seconds, Stopping threads took: 0.0004045 seconds
[2023-11-05T10:09:24.685+0000][35.036s][info ][gc,stringdedup] Concurrent String Deduplication (35.036s)
[2023-11-05T10:09:24.691+0000][35.042s][info ][gc,stringdedup] Concurrent String Deduplication 254.9K->111.0K(143.9K) avg 52.3% (35.036s, 35.042s) 5.789ms
[2023-11-05T10:09:24.702+0000][35.053s][debug][safepoint     ] Safepoint synchronization initiated. (67 threads)
[2023-11-05T10:09:24.703+0000][35.054s][info ][safepoint     ] Application time: 0.0179002 seconds
[2023-11-05T10:09:24.703+0000][35.054s][info ][safepoint     ] Entering safepoint region: Deoptimize
[2023-11-05T10:09:24.706+0000][35.057s][info ][safepoint     ] Leaving safepoint region
[2023-11-05T10:09:24.706+0000][35.057s][info ][safepoint     ] Total time for which application threads were stopped: 0.0027990 seconds, Stopping threads took: 0.0004024 seconds
[2023-11-05T10:09:24.738+0000][35.089s][debug][safepoint     ] Safepoint synchronization initiated. (67 threads)
[2023-11-05T10:09:24.739+0000][35.090s][info ][safepoint     ] Application time: 0.0324586 seconds
[2023-11-05T10:09:24.740+0000][35.091s][info ][safepoint     ] Entering safepoint region: Deoptimize
[2023-11-05T10:09:24.742+0000][35.093s][info ][safepoint     ] Leaving safepoint region
[2023-11-05T10:09:24.742+0000][35.094s][info ][safepoint     ] Total time for which application threads were stopped: 0.0026365 seconds, Stopping threads took: 0.0004849 seconds
[2023-11-05T10:09:25.107+0000][35.458s][debug][safepoint     ] Safepoint synchronization initiated. (67 threads)
[2023-11-05T10:09:25.108+0000][35.459s][info ][safepoint     ] Application time: 0.3647645 seconds
[2023-11-05T10:09:25.108+0000][35.459s][info ][safepoint     ] Entering safepoint region: Deoptimize
[2023-11-05T10:09:25.110+0000][35.461s][info ][safepoint     ] Leaving safepoint region
[2023-11-05T10:09:25.111+0000][35.462s][info ][safepoint     ] Total time for which application threads were stopped: 0.0027435 seconds, Stopping threads took: 0.0004412 seconds
[2023-11-05T10:09:25.175+0000][35.526s][debug][safepoint     ] Safepoint synchronization initiated. (67 threads)
[2023-11-05T10:09:25.176+0000][35.527s][info ][safepoint     ] Application time: 0.0642627 seconds
[2023-11-05T10:09:25.176+0000][35.527s][info ][safepoint     ] Entering safepoint region: Deoptimize
[2023-11-05T10:09:25.178+0000][35.530s][info ][safepoint     ] Leaving safepoint region
[2023-11-05T10:09:25.179+0000][35.530s][info ][safepoint     ] Total time for which application threads were stopped: 0.0028864 seconds, Stopping threads took: 0.0004547 seconds
[2023-11-05T10:09:25.555+0000][35.906s][debug][safepoint     ] Safepoint synchronization initiated. (76 threads)
[2023-11-05T10:09:25.556+0000][35.907s][info ][safepoint     ] Application time: 0.3761029 seconds
[2023-11-05T10:09:25.556+0000][35.907s][info ][safepoint     ] Entering safepoint region: G1CollectForAllocation
[2023-11-05T10:09:25.557+0000][35.908s][info ][gc,start      ] GC(58) Pause Young (Normal) (G1 Evacuation Pause)
[2023-11-05T10:09:25.557+0000][35.908s][info ][gc,task       ] GC(58) Using 8 workers of 8 for evacuation
[2023-11-05T10:09:25.570+0000][35.921s][info ][gc,phases     ] GC(58)   Pre Evacuate Collection Set: 0.0ms
[2023-11-05T10:09:25.570+0000][35.922s][info ][gc,phases     ] GC(58)   Evacuate Collection Set: 9.2ms
[2023-11-05T10:09:25.571+0000][35.922s][info ][gc,phases     ] GC(58)   Post Evacuate Collection Set: 2.9ms
[2023-11-05T10:09:25.571+0000][35.922s][info ][gc,phases     ] GC(58)   Other: 1.2ms
[2023-11-05T10:09:25.572+0000][35.923s][info ][gc,heap       ] GC(58) Eden regions: 192->0(196)
[2023-11-05T10:09:25.572+0000][35.923s][info ][gc,heap       ] GC(58) Survivor regions: 9->11(26)
[2023-11-05T10:09:25.573+0000][35.924s][info ][gc,heap       ] GC(58) Old regions: 110->110
[2023-11-05T10:09:25.573+0000][35.925s][info ][gc,heap       ] GC(58) Humongous regions: 0->0
[2023-11-05T10:09:25.574+0000][35.925s][info ][gc,metaspace  ] GC(58) Metaspace: 141124K(145032K)->141124K(145032K) NonClass: 124540K(126860K)->124540K(126860K) Class: 16584K(18172K)->16584K(18172K)
[2023-11-05T10:09:25.574+0000][35.926s][info ][gc            ] GC(58) Pause Young (Normal) (G1 Evacuation Pause) 308M->118M(384M) 17.837ms
[2023-11-05T10:09:25.575+0000][35.926s][info ][gc,cpu        ] GC(58) User=0.09s Sys=0.01s Real=0.02s
[2023-11-05T10:09:25.575+0000][35.926s][info ][safepoint     ] Leaving safepoint region
[2023-11-05T10:09:25.576+0000][35.927s][info ][safepoint     ] Total time for which application threads were stopped: 0.0197052 seconds, Stopping threads took: 0.0004010 seconds
[2023-11-05T10:09:25.576+0000][35.927s][info ][gc,stringdedup] Concurrent String Deduplication (35.927s)
[2023-11-05T10:09:25.579+0000][35.930s][info ][gc,stringdedup] Concurrent String Deduplication 286.1K->176.6K(109.5K) avg 52.0% (35.927s, 35.930s) 2.681ms
[2023-11-05T10:09:26.158+0000][36.509s][debug][safepoint     ] Safepoint synchronization initiated. (76 threads)
[2023-11-05T10:09:26.159+0000][36.510s][info ][safepoint     ] Application time: 0.5831877 seconds
[2023-11-05T10:09:26.160+0000][36.511s][info ][safepoint     ] Entering safepoint region: Deoptimize
[2023-11-05T10:09:26.162+0000][36.514s][info ][safepoint     ] Leaving safepoint region
[2023-11-05T10:09:26.163+0000][36.514s][info ][safepoint     ] Total time for which application threads were stopped: 0.0031310 seconds, Stopping threads took: 0.0005142 seconds
[2023-11-05T10:09:26.559+0000][36.910s][debug][safepoint     ] Safepoint synchronization initiated. (88 threads)
[2023-11-05T10:09:26.559+0000][36.910s][info ][safepoint     ] Application time: 0.3959507 seconds
[2023-11-05T10:09:26.560+0000][36.911s][info ][safepoint     ] Entering safepoint region: G1CollectForAllocation
[2023-11-05T10:09:26.560+0000][36.912s][info ][gc,start      ] GC(59) Pause Young (Normal) (G1 Evacuation Pause)
[2023-11-05T10:09:26.561+0000][36.912s][info ][gc,task       ] GC(59) Using 8 workers of 8 for evacuation
[2023-11-05T10:09:26.587+0000][36.938s][info ][gc,phases     ] GC(59)   Pre Evacuate Collection Set: 0.0ms
[2023-11-05T10:09:26.588+0000][36.939s][info ][gc,phases     ] GC(59)   Evacuate Collection Set: 21.5ms
[2023-11-05T10:09:26.588+0000][36.939s][info ][gc,phases     ] GC(59)   Post Evacuate Collection Set: 4.5ms
[2023-11-05T10:09:26.589+0000][36.940s][info ][gc,phases     ] GC(59)   Other: 1.0ms
[2023-11-05T10:09:26.589+0000][36.940s][info ][gc,heap       ] GC(59) Eden regions: 196->0(194)
[2023-11-05T10:09:26.590+0000][36.941s][info ][gc,heap       ] GC(59) Survivor regions: 11->18(26)
[2023-11-05T10:09:26.591+0000][36.942s][info ][gc,heap       ] GC(59) Old regions: 110->110
[2023-11-05T10:09:26.591+0000][36.942s][info ][gc,heap       ] GC(59) Humongous regions: 0->0
[2023-11-05T10:09:26.591+0000][36.942s][info ][gc,metaspace  ] GC(59) Metaspace: 143240K(147336K)->143240K(147336K) NonClass: 126414K(128908K)->126414K(128908K) Class: 16825K(18428K)->16825K(18428K)
[2023-11-05T10:09:26.592+0000][36.943s][info ][gc            ] GC(59) Pause Young (Normal) (G1 Evacuation Pause) 314M->125M(384M) 31.247ms
[2023-11-05T10:09:26.592+0000][36.943s][info ][gc,cpu        ] GC(59) User=0.21s Sys=0.00s Real=0.03s
[2023-11-05T10:09:26.593+0000][36.944s][info ][safepoint     ] Leaving safepoint region
[2023-11-05T10:09:26.593+0000][36.944s][info ][safepoint     ] Total time for which application threads were stopped: 0.0333133 seconds, Stopping threads took: 0.0004005 seconds
[2023-11-05T10:09:26.593+0000][36.945s][info ][gc,stringdedup] Concurrent String Deduplication (36.945s)
[2023-11-05T10:09:26.595+0000][36.946s][info ][gc,stringdedup] Concurrent String Deduplication 173.1K->70704.0B(104.0K) avg 52.1% (36.945s, 36.946s) 1.777ms
[2023-11-05T10:09:27.291+0000][37.642s][debug][safepoint     ] Safepoint synchronization initiated. (88 threads)
[2023-11-05T10:09:27.292+0000][37.643s][info ][safepoint     ] Application time: 0.6984616 seconds
[2023-11-05T10:09:27.292+0000][37.643s][info ][safepoint     ] Entering safepoint region: ICBufferFull
[2023-11-05T10:09:27.293+0000][37.644s][info ][safepoint     ] Leaving safepoint region
[2023-11-05T10:09:27.294+0000][37.645s][info ][safepoint     ] Total time for which application threads were stopped: 0.0018884 seconds, Stopping threads took: 0.0004336 seconds
[2023-11-05T10:09:27.823+0000][38.174s][debug][safepoint     ] Safepoint synchronization initiated. (88 threads)
[2023-11-05T10:09:27.824+0000][38.175s][info ][safepoint     ] Application time: 0.5291319 seconds
[2023-11-05T10:09:27.824+0000][38.176s][info ][safepoint     ] Entering safepoint region: ICBufferFull
[2023-11-05T10:09:27.825+0000][38.176s][info ][safepoint     ] Leaving safepoint region
[2023-11-05T10:09:27.826+0000][38.177s][info ][safepoint     ] Total time for which application threads were stopped: 0.0013886 seconds, Stopping threads took: 0.0005291 seconds
[2023-11-05T10:09:28.311+0000][38.662s][debug][safepoint     ] Safepoint synchronization initiated. (88 threads)
[2023-11-05T10:09:28.311+0000][38.663s][info ][safepoint     ] Application time: 0.4852376 seconds
[2023-11-05T10:09:28.312+0000][38.663s][info ][safepoint     ] Entering safepoint region: ICBufferFull
[2023-11-05T10:09:28.313+0000][38.664s][info ][safepoint     ] Leaving safepoint region
[2023-11-05T10:09:28.313+0000][38.664s][info ][safepoint     ] Total time for which application threads were stopped: 0.0011889 seconds, Stopping threads took: 0.0004685 seconds
[2023-11-05T10:09:28.449+0000][38.800s][debug][safepoint     ] Safepoint synchronization initiated. (88 threads)
[2023-11-05T10:09:28.449+0000][38.801s][info ][safepoint     ] Application time: 0.1358790 seconds
[2023-11-05T10:09:28.450+0000][38.801s][info ][safepoint     ] Entering safepoint region: G1CollectForAllocation
[2023-11-05T10:09:28.450+0000][38.802s][info ][gc,start      ] GC(60) Pause Young (Normal) (G1 Evacuation Pause)
[2023-11-05T10:09:28.451+0000][38.802s][info ][gc,task       ] GC(60) Using 8 workers of 8 for evacuation
[2023-11-05T10:09:28.478+0000][38.829s][info ][gc,phases     ] GC(60)   Pre Evacuate Collection Set: 0.0ms
[2023-11-05T10:09:28.479+0000][38.830s][info ][gc,phases     ] GC(60)   Evacuate Collection Set: 24.1ms
[2023-11-05T10:09:28.479+0000][38.830s][info ][gc,phases     ] GC(60)   Post Evacuate Collection Set: 2.9ms
[2023-11-05T10:09:28.480+0000][38.831s][info ][gc,phases     ] GC(60)   Other: 0.9ms
[2023-11-05T10:09:28.480+0000][38.831s][info ][gc,heap       ] GC(60) Eden regions: 194->0(192)
[2023-11-05T10:09:28.480+0000][38.831s][info ][gc,heap       ] GC(60) Survivor regions: 18->17(27)
[2023-11-05T10:09:28.481+0000][38.832s][info ][gc,heap       ] GC(60) Old regions: 110->115
[2023-11-05T10:09:28.481+0000][38.832s][info ][gc,heap       ] GC(60) Humongous regions: 0->0
[2023-11-05T10:09:28.481+0000][38.833s][info ][gc,metaspace  ] GC(60) Metaspace: 145510K(150024K)->145510K(150024K) NonClass: 128403K(131212K)->128403K(131212K) Class: 17107K(18812K)->17107K(18812K)
[2023-11-05T10:09:28.482+0000][38.833s][info ][gc            ] GC(60) Pause Young (Normal) (G1 Evacuation Pause) 319M->130M(384M) 31.337ms
[2023-11-05T10:09:28.482+0000][38.833s][info ][gc,cpu        ] GC(60) User=0.20s Sys=0.00s Real=0.03s
[2023-11-05T10:09:28.482+0000][38.834s][info ][safepoint     ] Leaving safepoint region
[2023-11-05T10:09:28.483+0000][38.834s][info ][safepoint     ] Total time for which application threads were stopped: 0.0328836 seconds, Stopping threads took: 0.0003868 seconds
[2023-11-05T10:09:28.483+0000][38.834s][info ][gc,stringdedup] Concurrent String Deduplication (38.834s)
[2023-11-05T10:09:28.485+0000][38.836s][info ][gc,stringdedup] Concurrent String Deduplication 198.3K->83752.0B(116.5K) avg 52.2% (38.834s, 38.836s) 2.058ms
[2023-11-05T10:09:29.126+0000][39.477s][debug][safepoint     ] Safepoint synchronization initiated. (88 threads)
[2023-11-05T10:09:29.127+0000][39.478s][info ][safepoint     ] Application time: 0.6436342 seconds
[2023-11-05T10:09:29.127+0000][39.478s][info ][safepoint     ] Entering safepoint region: ICBufferFull
[2023-11-05T10:09:29.128+0000][39.479s][info ][safepoint     ] Leaving safepoint region
[2023-11-05T10:09:29.128+0000][39.480s][info ][safepoint     ] Total time for which application threads were stopped: 0.0012493 seconds, Stopping threads took: 0.0004486 seconds
[2023-11-05T10:09:29.288+0000][39.639s][debug][safepoint     ] Safepoint synchronization initiated. (88 threads)
[2023-11-05T10:09:29.288+0000][39.639s][info ][safepoint     ] Application time: 0.1593283 seconds
[2023-11-05T10:09:29.288+0000][39.640s][info ][safepoint     ] Entering safepoint region: G1CollectForAllocation
[2023-11-05T10:09:29.289+0000][39.640s][info ][gc,start      ] GC(61) Pause Young (Normal) (G1 Evacuation Pause)
[2023-11-05T10:09:29.289+0000][39.641s][info ][gc,task       ] GC(61) Using 8 workers of 8 for evacuation
[2023-11-05T10:09:29.315+0000][39.666s][info ][gc,phases     ] GC(61)   Pre Evacuate Collection Set: 0.0ms
[2023-11-05T10:09:29.315+0000][39.667s][info ][gc,phases     ] GC(61)   Evacuate Collection Set: 21.6ms
[2023-11-05T10:09:29.316+0000][39.667s][info ][gc,phases     ] GC(61)   Post Evacuate Collection Set: 3.3ms
[2023-11-05T10:09:29.316+0000][39.668s][info ][gc,phases     ] GC(61)   Other: 0.9ms
[2023-11-05T10:09:29.317+0000][39.668s][info ][gc,heap       ] GC(61) Eden regions: 192->0(190)
[2023-11-05T10:09:29.317+0000][39.668s][info ][gc,heap       ] GC(61) Survivor regions: 17->17(27)
[2023-11-05T10:09:29.318+0000][39.669s][info ][gc,heap       ] GC(61) Old regions: 115->120
[2023-11-05T10:09:29.318+0000][39.669s][info ][gc,heap       ] GC(61) Humongous regions: 0->0
[2023-11-05T10:09:29.318+0000][39.670s][info ][gc,metaspace  ] GC(61) Metaspace: 146026K(150664K)->146026K(150664K) NonClass: 128866K(131724K)->128866K(131724K) Class: 17159K(18940K)->17159K(18940K)
[2023-11-05T10:09:29.319+0000][39.670s][info ][gc            ] GC(61) Pause Young (Normal) (G1 Evacuation Pause) 322M->134M(384M) 29.879ms
[2023-11-05T10:09:29.319+0000][39.671s][info ][gc,cpu        ] GC(61) User=0.20s Sys=0.00s Real=0.03s
[2023-11-05T10:09:29.320+0000][39.671s][info ][safepoint     ] Leaving safepoint region
[2023-11-05T10:09:29.320+0000][39.671s][info ][safepoint     ] Total time for which application threads were stopped: 0.0317669 seconds, Stopping threads took: 0.0003812 seconds
[2023-11-05T10:09:29.321+0000][39.672s][info ][gc,stringdedup] Concurrent String Deduplication (39.672s)
[2023-11-05T10:09:29.325+0000][39.676s][info ][gc,stringdedup] Concurrent String Deduplication 492.0K->85592.0B(408.4K) avg 53.1% (39.672s, 39.676s) 4.060ms
[2023-11-05T10:09:29.917+0000][40.268s][debug][safepoint     ] Safepoint synchronization initiated. (88 threads)
[2023-11-05T10:09:29.918+0000][40.269s][info ][safepoint     ] Application time: 0.5972034 seconds
[2023-11-05T10:09:29.918+0000][40.269s][info ][safepoint     ] Entering safepoint region: G1CollectForAllocation
[2023-11-05T10:09:29.919+0000][40.270s][info ][gc,start      ] GC(62) Pause Young (Normal) (G1 Evacuation Pause)
[2023-11-05T10:09:29.919+0000][40.271s][info ][gc,task       ] GC(62) Using 8 workers of 8 for evacuation
[2023-11-05T10:09:29.938+0000][40.289s][info ][gc,phases     ] GC(62)   Pre Evacuate Collection Set: 0.0ms
[2023-11-05T10:09:29.938+0000][40.290s][info ][gc,phases     ] GC(62)   Evacuate Collection Set: 14.8ms
[2023-11-05T10:09:29.939+0000][40.290s][info ][gc,phases     ] GC(62)   Post Evacuate Collection Set: 3.2ms
[2023-11-05T10:09:29.939+0000][40.290s][info ][gc,phases     ] GC(62)   Other: 1.0ms
[2023-11-05T10:09:29.939+0000][40.291s][info ][gc,heap       ] GC(62) Eden regions: 190->0(189)
[2023-11-05T10:09:29.940+0000][40.291s][info ][gc,heap       ] GC(62) Survivor regions: 17->13(26)
[2023-11-05T10:09:29.940+0000][40.291s][info ][gc,heap       ] GC(62) Old regions: 120->127
[2023-11-05T10:09:29.940+0000][40.292s][info ][gc,heap       ] GC(62) Humongous regions: 0->0
[2023-11-05T10:09:29.941+0000][40.292s][info ][gc,metaspace  ] GC(62) Metaspace: 146170K(150664K)->146170K(150664K) NonClass: 128999K(131724K)->128999K(131724K) Class: 17171K(18940K)->17171K(18940K)
[2023-11-05T10:09:29.941+0000][40.292s][info ][gc            ] GC(62) Pause Young (Normal) (G1 Evacuation Pause) 324M->137M(384M) 22.196ms
[2023-11-05T10:09:29.941+0000][40.293s][info ][gc,cpu        ] GC(62) User=0.15s Sys=0.00s Real=0.02s
[2023-11-05T10:09:29.942+0000][40.293s][info ][safepoint     ] Leaving safepoint region
[2023-11-05T10:09:29.942+0000][40.293s][info ][safepoint     ] Total time for which application threads were stopped: 0.0238307 seconds, Stopping threads took: 0.0004313 seconds
[2023-11-05T10:09:29.942+0000][40.294s][info ][gc,stringdedup] Concurrent String Deduplication (40.294s)
[2023-11-05T10:09:29.946+0000][40.297s][info ][gc,stringdedup] Concurrent String Deduplication 459.9K->188.1K(271.8K) avg 53.2% (40.294s, 40.297s) 3.670ms
[2023-11-05T10:09:30.217+0000][40.569s][debug][safepoint     ] Safepoint synchronization initiated. (88 threads)
[2023-11-05T10:09:30.218+0000][40.569s][info ][safepoint     ] Application time: 0.2756835 seconds
[2023-11-05T10:09:30.218+0000][40.570s][info ][safepoint     ] Entering safepoint region: ICBufferFull
[2023-11-05T10:09:30.219+0000][40.571s][info ][safepoint     ] Leaving safepoint region
[2023-11-05T10:09:30.220+0000][40.571s][info ][safepoint     ] Total time for which application threads were stopped: 0.0013300 seconds, Stopping threads took: 0.0004447 seconds
[2023-11-05T10:09:30.572+0000][40.923s][debug][safepoint     ] Safepoint synchronization initiated. (88 threads)
[2023-11-05T10:09:30.573+0000][40.924s][info ][safepoint     ] Application time: 0.3524613 seconds
[2023-11-05T10:09:30.573+0000][40.925s][info ][safepoint     ] Entering safepoint region: G1CollectForAllocation
[2023-11-05T10:09:30.574+0000][40.925s][info ][gc,start      ] GC(63) Pause Young (Normal) (G1 Evacuation Pause)
[2023-11-05T10:09:30.575+0000][40.926s][info ][gc,task       ] GC(63) Using 8 workers of 8 for evacuation
[2023-11-05T10:09:30.593+0000][40.944s][info ][gc,phases     ] GC(63)   Pre Evacuate Collection Set: 0.0ms
[2023-11-05T10:09:30.594+0000][40.945s][info ][gc,phases     ] GC(63)   Evacuate Collection Set: 14.5ms
[2023-11-05T10:09:30.595+0000][40.946s][info ][gc,phases     ] GC(63)   Post Evacuate Collection Set: 3.2ms
[2023-11-05T10:09:30.595+0000][40.946s][info ][gc,phases     ] GC(63)   Other: 1.1ms
[2023-11-05T10:09:30.595+0000][40.947s][info ][gc,heap       ] GC(63) Eden regions: 189->0(188)
[2023-11-05T10:09:30.596+0000][40.947s][info ][gc,heap       ] GC(63) Survivor regions: 13->15(26)
[2023-11-05T10:09:30.596+0000][40.947s][info ][gc,heap       ] GC(63) Old regions: 127->127
[2023-11-05T10:09:30.596+0000][40.948s][info ][gc,heap       ] GC(63) Humongous regions: 0->0
[2023-11-05T10:09:30.597+0000][40.948s][info ][gc,metaspace  ] GC(63) Metaspace: 146360K(150920K)->146360K(150920K) NonClass: 129175K(131980K)->129175K(131980K) Class: 17185K(18940K)->17185K(18940K)
[2023-11-05T10:09:30.597+0000][40.949s][info ][gc            ] GC(63) Pause Young (Normal) (G1 Evacuation Pause) 326M->139M(384M) 23.329ms
[2023-11-05T10:09:30.598+0000][40.949s][info ][gc,cpu        ] GC(63) User=0.17s Sys=0.00s Real=0.03s
[2023-11-05T10:09:30.598+0000][40.949s][info ][safepoint     ] Leaving safepoint region
[2023-11-05T10:09:30.598+0000][40.950s][info ][safepoint     ] Total time for which application threads were stopped: 0.0250355 seconds, Stopping threads took: 0.0004679 seconds
[2023-11-05T10:09:30.599+0000][40.950s][info ][gc,stringdedup] Concurrent String Deduplication (40.950s)
[2023-11-05T10:09:30.602+0000][40.954s][info ][gc,stringdedup] Concurrent String Deduplication 381.2K->153.2K(228.0K) avg 53.4% (40.950s, 40.954s) 3.677ms
[2023-11-05T10:09:31.156+0000][41.507s][debug][safepoint     ] Safepoint synchronization initiated. (88 threads)
[2023-11-05T10:09:31.157+0000][41.508s][info ][safepoint     ] Application time: 0.5582770 seconds
[2023-11-05T10:09:31.157+0000][41.509s][info ][safepoint     ] Entering safepoint region: G1CollectForAllocation
[2023-11-05T10:09:31.158+0000][41.509s][info ][gc,start      ] GC(64) Pause Young (Normal) (G1 Evacuation Pause)
[2023-11-05T10:09:31.159+0000][41.510s][info ][gc,task       ] GC(64) Using 8 workers of 8 for evacuation
[2023-11-05T10:09:31.178+0000][41.529s][info ][gc,phases     ] GC(64)   Pre Evacuate Collection Set: 0.0ms
[2023-11-05T10:09:31.179+0000][41.530s][info ][gc,phases     ] GC(64)   Evacuate Collection Set: 14.7ms
[2023-11-05T10:09:31.179+0000][41.530s][info ][gc,phases     ] GC(64)   Post Evacuate Collection Set: 4.3ms
[2023-11-05T10:09:31.180+0000][41.531s][info ][gc,phases     ] GC(64)   Other: 1.0ms
[2023-11-05T10:09:31.180+0000][41.531s][info ][gc,heap       ] GC(64) Eden regions: 188->0(189)
[2023-11-05T10:09:31.180+0000][41.532s][info ][gc,heap       ] GC(64) Survivor regions: 15->12(26)
[2023-11-05T10:09:31.181+0000][41.532s][info ][gc,heap       ] GC(64) Old regions: 127->131
[2023-11-05T10:09:31.182+0000][41.533s][info ][gc,heap       ] GC(64) Humongous regions: 0->0
[2023-11-05T10:09:31.182+0000][41.533s][info ][gc,metaspace  ] GC(64) Metaspace: 146559K(150920K)->146559K(150920K) NonClass: 129356K(131980K)->129356K(131980K) Class: 17203K(18940K)->17203K(18940K)
[2023-11-05T10:09:31.183+0000][41.534s][info ][gc            ] GC(64) Pause Young (Normal) (G1 Evacuation Pause) 327M->141M(384M) 24.484ms
[2023-11-05T10:09:31.183+0000][41.534s][info ][gc,cpu        ] GC(64) User=0.15s Sys=0.00s Real=0.02s
[2023-11-05T10:09:31.183+0000][41.535s][info ][safepoint     ] Leaving safepoint region
[2023-11-05T10:09:31.184+0000][41.535s][info ][safepoint     ] Total time for which application threads were stopped: 0.0264800 seconds, Stopping threads took: 0.0004498 seconds
[2023-11-05T10:09:31.184+0000][41.536s][info ][gc,stringdedup] Concurrent String Deduplication (41.536s)
[2023-11-05T10:09:31.187+0000][41.538s][info ][gc,stringdedup] Concurrent String Deduplication 322.3K->95088.0B(229.5K) avg 53.7% (41.536s, 41.538s) 2.666ms
[2023-11-05T10:09:31.906+0000][42.257s][debug][safepoint     ] Safepoint synchronization initiated. (88 threads)
[2023-11-05T10:09:31.908+0000][42.259s][info ][safepoint     ] Application time: 0.7232759 seconds
[2023-11-05T10:09:31.908+0000][42.259s][info ][safepoint     ] Entering safepoint region: G1CollectForAllocation
[2023-11-05T10:09:31.909+0000][42.260s][info ][gc,start      ] GC(65) Pause Young (Normal) (G1 Evacuation Pause)
[2023-11-05T10:09:31.910+0000][42.261s][info ][gc,task       ] GC(65) Using 8 workers of 8 for evacuation
[2023-11-05T10:09:31.929+0000][42.280s][info ][gc,phases     ] GC(65)   Pre Evacuate Collection Set: 0.0ms
[2023-11-05T10:09:31.929+0000][42.280s][info ][gc,phases     ] GC(65)   Evacuate Collection Set: 13.7ms
[2023-11-05T10:09:31.930+0000][42.281s][info ][gc,phases     ] GC(65)   Post Evacuate Collection Set: 4.8ms
[2023-11-05T10:09:31.930+0000][42.282s][info ][gc,phases     ] GC(65)   Other: 1.2ms
[2023-11-05T10:09:31.931+0000][42.282s][info ][gc,heap       ] GC(65) Eden regions: 189->0(186)
[2023-11-05T10:09:31.931+0000][42.282s][info ][gc,heap       ] GC(65) Survivor regions: 12->14(26)
[2023-11-05T10:09:31.932+0000][42.283s][info ][gc,heap       ] GC(65) Old regions: 131->131
[2023-11-05T10:09:31.932+0000][42.283s][info ][gc,heap       ] GC(65) Humongous regions: 0->0
[2023-11-05T10:09:31.932+0000][42.284s][info ][gc,metaspace  ] GC(65) Metaspace: 146693K(151176K)->146693K(151176K) NonClass: 129464K(132236K)->129464K(132236K) Class: 17228K(18940K)->17228K(18940K)
[2023-11-05T10:09:31.933+0000][42.284s][info ][gc            ] GC(65) Pause Young (Normal) (G1 Evacuation Pause) 330M->142M(384M) 23.858ms
[2023-11-05T10:09:31.933+0000][42.285s][info ][gc,cpu        ] GC(65) User=0.13s Sys=0.00s Real=0.02s
[2023-11-05T10:09:31.934+0000][42.285s][info ][safepoint     ] Leaving safepoint region
[2023-11-05T10:09:31.934+0000][42.286s][info ][safepoint     ] Total time for which application threads were stopped: 0.0262120 seconds, Stopping threads took: 0.0005761 seconds
[2023-11-05T10:09:31.935+0000][42.286s][info ][gc,stringdedup] Concurrent String Deduplication (42.286s)
[2023-11-05T10:09:31.938+0000][42.289s][info ][gc,stringdedup] Concurrent String Deduplication 249.3K->85784.0B(165.5K) avg 53.8% (42.286s, 42.289s) 2.781ms
[2023-11-05T10:09:32.478+0000][42.829s][debug][safepoint     ] Safepoint synchronization initiated. (89 threads)
[2023-11-05T10:09:32.479+0000][42.830s][info ][safepoint     ] Application time: 0.5438735 seconds
[2023-11-05T10:09:32.479+0000][42.830s][info ][safepoint     ] Entering safepoint region: G1CollectForAllocation
[2023-11-05T10:09:32.480+0000][42.831s][info ][gc,start      ] GC(66) Pause Young (Normal) (G1 Evacuation Pause)
[2023-11-05T10:09:32.480+0000][42.832s][info ][gc,task       ] GC(66) Using 8 workers of 8 for evacuation
[2023-11-05T10:09:32.501+0000][42.852s][info ][gc,phases     ] GC(66)   Pre Evacuate Collection Set: 0.0ms
[2023-11-05T10:09:32.502+0000][42.853s][info ][gc,phases     ] GC(66)   Evacuate Collection Set: 16.3ms
[2023-11-05T10:09:32.502+0000][42.853s][info ][gc,phases     ] GC(66)   Post Evacuate Collection Set: 3.9ms
[2023-11-05T10:09:32.502+0000][42.854s][info ][gc,phases     ] GC(66)   Other: 1.1ms
[2023-11-05T10:09:32.503+0000][42.854s][info ][gc,heap       ] GC(66) Eden regions: 186->0(187)
[2023-11-05T10:09:32.503+0000][42.854s][info ][gc,heap       ] GC(66) Survivor regions: 14->12(25)
[2023-11-05T10:09:32.504+0000][42.855s][info ][gc,heap       ] GC(66) Old regions: 131->134
[2023-11-05T10:09:32.504+0000][42.856s][info ][gc,heap       ] GC(66) Humongous regions: 0->0
[2023-11-05T10:09:32.505+0000][42.856s][info ][gc,metaspace  ] GC(66) Metaspace: 146734K(151176K)->146734K(151176K) NonClass: 129503K(132236K)->129503K(132236K) Class: 17231K(18940K)->17231K(18940K)
[2023-11-05T10:09:32.505+0000][42.856s][info ][gc            ] GC(66) Pause Young (Normal) (G1 Evacuation Pause) 328M->144M(384M) 25.338ms
[2023-11-05T10:09:32.505+0000][42.857s][info ][gc,cpu        ] GC(66) User=0.15s Sys=0.00s Real=0.02s
[2023-11-05T10:09:32.506+0000][42.857s][info ][safepoint     ] Leaving safepoint region
[2023-11-05T10:09:32.506+0000][42.857s][info ][safepoint     ] Total time for which application threads were stopped: 0.0271119 seconds, Stopping threads took: 0.0004081 seconds
[2023-11-05T10:09:32.507+0000][42.858s][info ][gc,stringdedup] Concurrent String Deduplication (42.858s)
[2023-11-05T10:09:32.509+0000][42.861s][info ][gc,stringdedup] Concurrent String Deduplication 317.9K->96720.0B(223.5K) avg 54.1% (42.858s, 42.861s) 2.830ms
[2023-11-05T10:09:32.931+0000][43.282s][debug][safepoint     ] Safepoint synchronization initiated. (89 threads)
[2023-11-05T10:09:32.931+0000][43.282s][info ][safepoint     ] Application time: 0.4246362 seconds
[2023-11-05T10:09:32.932+0000][43.283s][info ][safepoint     ] Entering safepoint region: G1CollectForAllocation
[2023-11-05T10:09:32.932+0000][43.284s][info ][gc,start      ] GC(67) Pause Young (Normal) (G1 Evacuation Pause)
[2023-11-05T10:09:32.933+0000][43.284s][info ][gc,task       ] GC(67) Using 8 workers of 8 for evacuation
[2023-11-05T10:09:32.949+0000][43.300s][info ][gc,phases     ] GC(67)   Pre Evacuate Collection Set: 0.0ms
[2023-11-05T10:09:32.950+0000][43.301s][info ][gc,phases     ] GC(67)   Evacuate Collection Set: 11.5ms
[2023-11-05T10:09:32.950+0000][43.301s][info ][gc,phases     ] GC(67)   Post Evacuate Collection Set: 4.5ms
[2023-11-05T10:09:32.950+0000][43.302s][info ][gc,phases     ] GC(67)   Other: 0.9ms
[2023-11-05T10:09:32.951+0000][43.302s][info ][gc,heap       ] GC(67) Eden regions: 187->0(185)
[2023-11-05T10:09:32.951+0000][43.302s][info ][gc,heap       ] GC(67) Survivor regions: 12->13(25)
[2023-11-05T10:09:32.952+0000][43.303s][info ][gc,heap       ] GC(67) Old regions: 134->134
[2023-11-05T10:09:32.952+0000][43.303s][info ][gc,heap       ] GC(67) Humongous regions: 0->0
[2023-11-05T10:09:32.952+0000][43.304s][info ][gc,metaspace  ] GC(67) Metaspace: 146811K(151176K)->146811K(151176K) NonClass: 129570K(132236K)->129570K(132236K) Class: 17240K(18940K)->17240K(18940K)
[2023-11-05T10:09:32.953+0000][43.304s][info ][gc            ] GC(67) Pause Young (Normal) (G1 Evacuation Pause) 331M->145M(384M) 20.601ms
[2023-11-05T10:09:32.953+0000][43.305s][info ][gc,cpu        ] GC(67) User=0.13s Sys=0.00s Real=0.02s
[2023-11-05T10:09:32.954+0000][43.305s][info ][safepoint     ] Leaving safepoint region
[2023-11-05T10:09:32.954+0000][43.305s][info ][safepoint     ] Total time for which application threads were stopped: 0.0225049 seconds, Stopping threads took: 0.0004365 seconds
[2023-11-05T10:09:32.955+0000][43.306s][info ][gc,stringdedup] Concurrent String Deduplication (43.306s)
[2023-11-05T10:09:32.957+0000][43.308s][info ][gc,stringdedup] Concurrent String Deduplication 207.0K->74512.0B(134.2K) avg 54.2% (43.306s, 43.308s) 2.372ms
[2023-11-05T10:09:33.365+0000][43.717s][debug][safepoint     ] Safepoint synchronization initiated. (89 threads)
[2023-11-05T10:09:33.366+0000][43.717s][info ][safepoint     ] Application time: 0.4113852 seconds
[2023-11-05T10:09:33.366+0000][43.718s][info ][safepoint     ] Entering safepoint region: G1CollectForAllocation
[2023-11-05T10:09:33.367+0000][43.718s][info ][gc,start      ] GC(68) Pause Young (Normal) (G1 Evacuation Pause)
[2023-11-05T10:09:33.368+0000][43.719s][info ][gc,task       ] GC(68) Using 8 workers of 8 for evacuation
[2023-11-05T10:09:33.388+0000][43.739s][info ][gc,phases     ] GC(68)   Pre Evacuate Collection Set: 0.0ms
[2023-11-05T10:09:33.388+0000][43.740s][info ][gc,phases     ] GC(68)   Evacuate Collection Set: 15.1ms
[2023-11-05T10:09:33.389+0000][43.740s][info ][gc,phases     ] GC(68)   Post Evacuate Collection Set: 4.6ms
[2023-11-05T10:09:33.389+0000][43.740s][info ][gc,phases     ] GC(68)   Other: 0.9ms
[2023-11-05T10:09:33.390+0000][43.741s][info ][gc,heap       ] GC(68) Eden regions: 185->0(181)
[2023-11-05T10:09:33.390+0000][43.741s][info ][gc,heap       ] GC(68) Survivor regions: 13->15(25)
[2023-11-05T10:09:33.390+0000][43.742s][info ][gc,heap       ] GC(68) Old regions: 134->134
[2023-11-05T10:09:33.391+0000][43.742s][info ][gc,heap       ] GC(68) Humongous regions: 0->0
[2023-11-05T10:09:33.391+0000][43.742s][info ][gc,metaspace  ] GC(68) Metaspace: 147045K(151560K)->147045K(151560K) NonClass: 129789K(132492K)->129789K(132492K) Class: 17255K(19068K)->17255K(19068K)
[2023-11-05T10:09:33.392+0000][43.743s][info ][gc            ] GC(68) Pause Young (Normal) (G1 Evacuation Pause) 330M->146M(384M) 24.541ms
[2023-11-05T10:09:33.392+0000][43.743s][info ][gc,cpu        ] GC(68) User=0.16s Sys=0.00s Real=0.02s
[2023-11-05T10:09:33.393+0000][43.744s][info ][safepoint     ] Leaving safepoint region
[2023-11-05T10:09:33.393+0000][43.744s][info ][safepoint     ] Total time for which application threads were stopped: 0.0267605 seconds, Stopping threads took: 0.0004469 seconds
[2023-11-05T10:09:33.394+0000][43.745s][info ][gc,stringdedup] Concurrent String Deduplication (43.745s)
[2023-11-05T10:09:33.396+0000][43.747s][info ][gc,stringdedup] Concurrent String Deduplication 153.3K->67656.0B(89320.0B) avg 54.3% (43.745s, 43.747s) 2.124ms
[2023-11-05T10:09:33.575+0000][43.926s][debug][safepoint     ] Safepoint synchronization initiated. (97 threads)
[2023-11-05T10:09:33.575+0000][43.927s][info ][safepoint     ] Application time: 0.1816382 seconds
[2023-11-05T10:09:33.576+0000][43.927s][info ][safepoint     ] Entering safepoint region: Deoptimize
[2023-11-05T10:09:33.578+0000][43.929s][info ][safepoint     ] Leaving safepoint region
[2023-11-05T10:09:33.578+0000][43.930s][info ][safepoint     ] Total time for which application threads were stopped: 0.0026716 seconds, Stopping threads took: 0.0003756 seconds
[2023-11-05T10:09:33.743+0000][44.094s][debug][safepoint     ] Safepoint synchronization initiated. (112 threads)
[2023-11-05T10:09:33.743+0000][44.095s][info ][safepoint     ] Application time: 0.1646397 seconds
[2023-11-05T10:09:33.744+0000][44.095s][info ][safepoint     ] Entering safepoint region: Deoptimize
[2023-11-05T10:09:33.746+0000][44.098s][info ][safepoint     ] Leaving safepoint region
[2023-11-05T10:09:33.747+0000][44.098s][info ][safepoint     ] Total time for which application threads were stopped: 0.0031019 seconds, Stopping threads took: 0.0004542 seconds
[2023-11-05T10:09:34.148+0000][44.499s][debug][safepoint     ] Safepoint synchronization initiated. (126 threads)
[2023-11-05T10:09:34.152+0000][44.503s][info ][safepoint     ] Application time: 0.4042035 seconds
[2023-11-05T10:09:34.153+0000][44.504s][debug][safepoint     ] Waiting for 1 thread(s) to block
[2023-11-05T10:09:34.153+0000][44.505s][info ][safepoint     ] Entering safepoint region: Deoptimize
[2023-11-05T10:09:34.158+0000][44.509s][info ][safepoint     ] Leaving safepoint region
[2023-11-05T10:09:34.159+0000][44.510s][info ][safepoint     ] Total time for which application threads were stopped: 0.0062687 seconds, Stopping threads took: 0.0015036 seconds
[2023-11-05T10:09:34.611+0000][44.962s][debug][safepoint     ] Safepoint synchronization initiated. (140 threads)
[2023-11-05T10:09:34.612+0000][44.963s][info ][safepoint     ] Application time: 0.4520622 seconds
[2023-11-05T10:09:34.612+0000][44.963s][info ][safepoint     ] Entering safepoint region: Deoptimize
[2023-11-05T10:09:34.615+0000][44.967s][info ][safepoint     ] Leaving safepoint region
[2023-11-05T10:09:34.616+0000][44.967s][info ][safepoint     ] Total time for which application threads were stopped: 0.0040791 seconds, Stopping threads took: 0.0004665 seconds
[2023-11-05T10:09:35.617+0000][45.968s][debug][safepoint     ] Safepoint synchronization initiated. (168 threads)
[2023-11-05T10:09:35.617+0000][45.969s][info ][safepoint     ] Application time: 1.0008555 seconds
[2023-11-05T10:09:35.618+0000][45.969s][info ][safepoint     ] Entering safepoint region: Cleanup
[2023-11-05T10:09:35.619+0000][45.970s][info ][safepoint     ] Leaving safepoint region
[2023-11-05T10:09:35.619+0000][45.970s][info ][safepoint     ] Total time for which application threads were stopped: 0.0012236 seconds, Stopping threads took: 0.0005304 seconds
[2023-11-05T10:09:36.620+0000][46.971s][debug][safepoint     ] Safepoint synchronization initiated. (169 threads)
[2023-11-05T10:09:36.621+0000][46.972s][info ][safepoint     ] Application time: 1.0013481 seconds
[2023-11-05T10:09:36.622+0000][46.973s][debug][safepoint     ] ... found polling page return exception at pc = 0x00007f7e60b083c4, stub =0x00007f7e58840600
[2023-11-05T10:09:36.622+0000][46.973s][debug][safepoint     ] Waiting for 1 thread(s) to block
[2023-11-05T10:09:36.623+0000][46.974s][info ][safepoint     ] Entering safepoint region: Cleanup
[2023-11-05T10:09:36.624+0000][46.975s][info ][safepoint     ] Leaving safepoint region
[2023-11-05T10:09:36.624+0000][46.976s][info ][safepoint     ] Total time for which application threads were stopped: 0.0027860 seconds, Stopping threads took: 0.0019715 seconds
[2023-11-05T10:09:37.625+0000][47.976s][debug][safepoint     ] Safepoint synchronization initiated. (169 threads)
[2023-11-05T10:09:37.625+0000][47.977s][info ][safepoint     ] Application time: 1.0006520 seconds
[2023-11-05T10:09:37.626+0000][47.977s][info ][safepoint     ] Entering safepoint region: Cleanup
[2023-11-05T10:09:37.627+0000][47.978s][info ][safepoint     ] Leaving safepoint region
[2023-11-05T10:09:37.627+0000][47.978s][info ][safepoint     ] Total time for which application threads were stopped: 0.0012712 seconds, Stopping threads took: 0.0005331 seconds
[2023-11-05T10:09:38.628+0000][48.979s][debug][safepoint     ] Safepoint synchronization initiated. (169 threads)
[2023-11-05T10:09:38.629+0000][48.980s][info ][safepoint     ] Application time: 1.0010364 seconds
[2023-11-05T10:09:38.629+0000][48.981s][info ][safepoint     ] Entering safepoint region: Cleanup
[2023-11-05T10:09:38.630+0000][48.981s][info ][safepoint     ] Leaving safepoint region
[2023-11-05T10:09:38.631+0000][48.982s][info ][safepoint     ] Total time for which application threads were stopped: 0.0012193 seconds, Stopping threads took: 0.0004998 seconds
[2023-11-05T10:09:39.631+0000][49.982s][debug][safepoint     ] Safepoint synchronization initiated. (168 threads)
[2023-11-05T10:09:39.632+0000][49.983s][info ][safepoint     ] Application time: 1.0009528 seconds
[2023-11-05T10:09:39.632+0000][49.984s][info ][safepoint     ] Entering safepoint region: Cleanup
[2023-11-05T10:09:39.633+0000][49.984s][info ][safepoint     ] Leaving safepoint region
[2023-11-05T10:09:39.633+0000][49.985s][info ][safepoint     ] Total time for which application threads were stopped: 0.0011391 seconds, Stopping threads took: 0.0005164 seconds
[2023-11-05T10:09:40.634+0000][50.985s][debug][safepoint     ] Safepoint synchronization initiated. (168 threads)
[2023-11-05T10:09:40.635+0000][50.986s][info ][safepoint     ] Application time: 1.0006733 seconds
[2023-11-05T10:09:40.635+0000][50.986s][info ][safepoint     ] Entering safepoint region: Cleanup
[2023-11-05T10:09:40.636+0000][50.987s][debug][safepoint     ] ... found polling page return exception at pc = 0x00007f7e6131d2c4, stub =0x00007f7e58840600
[2023-11-05T10:09:40.636+0000][50.987s][debug][safepoint     ] ... found polling page return exception at pc = 0x00007f7e6131d2c4, stub =0x00007f7e58840600
[2023-11-05T10:09:40.636+0000][50.987s][info ][safepoint     ] Leaving safepoint region
[2023-11-05T10:09:40.637+0000][50.988s][info ][safepoint     ] Total time for which application threads were stopped: 0.0015355 seconds, Stopping threads took: 0.0003590 seconds
[2023-11-05T10:09:41.013+0000][51.364s][debug][safepoint     ] Safepoint synchronization initiated. (168 threads)
[2023-11-05T10:09:41.013+0000][51.365s][info ][safepoint     ] Application time: 0.3764531 seconds
[2023-11-05T10:09:41.014+0000][51.365s][info ][safepoint     ] Entering safepoint region: Deoptimize
[2023-11-05T10:09:41.016+0000][51.368s][info ][safepoint     ] Leaving safepoint region
[2023-11-05T10:09:41.017+0000][51.368s][info ][safepoint     ] Total time for which application threads were stopped: 0.0033812 seconds, Stopping threads took: 0.0003960 seconds
[2023-11-05T10:09:41.102+0000][51.453s][debug][safepoint     ] Safepoint synchronization initiated. (168 threads)
[2023-11-05T10:09:41.103+0000][51.454s][info ][safepoint     ] Application time: 0.0847670 seconds
[2023-11-05T10:09:41.103+0000][51.454s][info ][safepoint     ] Entering safepoint region: Deoptimize
[2023-11-05T10:09:41.106+0000][51.457s][info ][safepoint     ] Leaving safepoint region
[2023-11-05T10:09:41.107+0000][51.458s][info ][safepoint     ] Total time for which application threads were stopped: 0.0035861 seconds, Stopping threads took: 0.0005631 seconds
[2023-11-05T10:09:42.107+0000][52.459s][debug][safepoint     ] Safepoint synchronization initiated. (169 threads)
[2023-11-05T10:09:42.108+0000][52.459s][info ][safepoint     ] Application time: 1.0008490 seconds
[2023-11-05T10:09:42.109+0000][52.460s][info ][safepoint     ] Entering safepoint region: Cleanup
[2023-11-05T10:09:42.110+0000][52.461s][info ][safepoint     ] Leaving safepoint region
[2023-11-05T10:09:42.110+0000][52.462s][info ][safepoint     ] Total time for which application threads were stopped: 0.0016207 seconds, Stopping threads took: 0.0007446 seconds
[2023-11-05T10:09:43.111+0000][53.462s][debug][safepoint     ] Safepoint synchronization initiated. (169 threads)
[2023-11-05T10:09:43.112+0000][53.463s][info ][safepoint     ] Application time: 1.0009574 seconds
[2023-11-05T10:09:43.112+0000][53.464s][info ][safepoint     ] Entering safepoint region: Cleanup
[2023-11-05T10:09:43.113+0000][53.464s][info ][safepoint     ] Leaving safepoint region
[2023-11-05T10:09:43.113+0000][53.465s][info ][safepoint     ] Total time for which application threads were stopped: 0.0010355 seconds, Stopping threads took: 0.0004603 seconds
[2023-11-05T10:09:44.114+0000][54.465s][debug][safepoint     ] Safepoint synchronization initiated. (169 threads)
[2023-11-05T10:09:44.115+0000][54.466s][info ][safepoint     ] Application time: 1.0009516 seconds
[2023-11-05T10:09:44.116+0000][54.467s][info ][safepoint     ] Entering safepoint region: Cleanup
[2023-11-05T10:09:44.117+0000][54.468s][info ][safepoint     ] Leaving safepoint region
[2023-11-05T10:09:44.117+0000][54.469s][info ][safepoint     ] Total time for which application threads were stopped: 0.0017992 seconds, Stopping threads took: 0.0007575 seconds
[2023-11-05T10:09:45.118+0000][55.470s][debug][safepoint     ] Safepoint synchronization initiated. (169 threads)
[2023-11-05T10:09:45.119+0000][55.471s][info ][safepoint     ] Application time: 1.0013164 seconds
[2023-11-05T10:09:45.120+0000][55.471s][info ][safepoint     ] Entering safepoint region: Cleanup
[2023-11-05T10:09:45.121+0000][55.473s][info ][safepoint     ] Leaving safepoint region
[2023-11-05T10:09:45.122+0000][55.473s][info ][safepoint     ] Total time for which application threads were stopped: 0.0019486 seconds, Stopping threads took: 0.0007539 seconds
[2023-11-05T10:09:46.123+0000][56.474s][debug][safepoint     ] Safepoint synchronization initiated. (169 threads)
[2023-11-05T10:09:46.124+0000][56.475s][info ][safepoint     ] Application time: 1.0007721 seconds
[2023-11-05T10:09:46.124+0000][56.476s][info ][safepoint     ] Entering safepoint region: Cleanup
[2023-11-05T10:09:46.125+0000][56.476s][info ][safepoint     ] Leaving safepoint region
[2023-11-05T10:09:46.126+0000][56.477s][info ][safepoint     ] Total time for which application threads were stopped: 0.0012613 seconds, Stopping threads took: 0.0005660 seconds
[2023-11-05T10:09:47.126+0000][57.477s][debug][safepoint     ] Safepoint synchronization initiated. (169 threads)
[2023-11-05T10:09:47.127+0000][57.478s][info ][safepoint     ] Application time: 1.0006570 seconds
[2023-11-05T10:09:47.127+0000][57.478s][info ][safepoint     ] Entering safepoint region: Cleanup
[2023-11-05T10:09:47.128+0000][57.479s][info ][safepoint     ] Leaving safepoint region
[2023-11-05T10:09:47.128+0000][57.479s][info ][safepoint     ] Total time for which application threads were stopped: 0.0009063 seconds, Stopping threads took: 0.0004199 seconds
[2023-11-05T10:09:48.129+0000][58.480s][debug][safepoint     ] Safepoint synchronization initiated. (169 threads)
[2023-11-05T10:09:48.130+0000][58.481s][info ][safepoint     ] Application time: 1.0016776 seconds
[2023-11-05T10:09:48.131+0000][58.482s][info ][safepoint     ] Entering safepoint region: Cleanup
[2023-11-05T10:09:48.132+0000][58.483s][info ][safepoint     ] Leaving safepoint region
[2023-11-05T10:09:48.132+0000][58.484s][info ][safepoint     ] Total time for which application threads were stopped: 0.0015282 seconds, Stopping threads took: 0.0007014 seconds
[2023-11-05T10:09:49.133+0000][59.484s][debug][safepoint     ] Safepoint synchronization initiated. (169 threads)
[2023-11-05T10:09:49.134+0000][59.485s][info ][safepoint     ] Application time: 1.0009120 seconds
[2023-11-05T10:09:49.134+0000][59.485s][info ][safepoint     ] Entering safepoint region: Cleanup
[2023-11-05T10:09:49.135+0000][59.486s][info ][safepoint     ] Leaving safepoint region
[2023-11-05T10:09:49.135+0000][59.487s][info ][safepoint     ] Total time for which application threads were stopped: 0.0012023 seconds, Stopping threads took: 0.0005741 seconds
[2023-11-05T10:09:50.136+0000][60.487s][debug][safepoint     ] Safepoint synchronization initiated. (169 threads)
[2023-11-05T10:09:50.136+0000][60.488s][info ][safepoint     ] Application time: 1.0005443 seconds
[2023-11-05T10:09:50.137+0000][60.488s][info ][safepoint     ] Entering safepoint region: Cleanup
[2023-11-05T10:09:50.137+0000][60.489s][info ][safepoint     ] Leaving safepoint region
[2023-11-05T10:09:50.138+0000][60.489s][info ][safepoint     ] Total time for which application threads were stopped: 0.0008309 seconds, Stopping threads took: 0.0003708 seconds
[2023-11-05T10:09:51.138+0000][61.489s][debug][safepoint     ] Safepoint synchronization initiated. (169 threads)
[2023-11-05T10:09:51.139+0000][61.490s][info ][safepoint     ] Application time: 1.0009454 seconds
[2023-11-05T10:09:51.140+0000][61.491s][info ][safepoint     ] Entering safepoint region: Cleanup
[2023-11-05T10:09:51.140+0000][61.492s][info ][safepoint     ] Leaving safepoint region
[2023-11-05T10:09:51.141+0000][61.492s][info ][safepoint     ] Total time for which application threads were stopped: 0.0012910 seconds, Stopping threads took: 0.0005851 seconds
[2023-11-05T10:09:52.142+0000][62.493s][debug][safepoint     ] Safepoint synchronization initiated. (170 threads)
[2023-11-05T10:09:52.143+0000][62.494s][info ][safepoint     ] Application time: 1.0016754 seconds
[2023-11-05T10:09:52.145+0000][62.496s][debug][safepoint     ] Waiting for 1 thread(s) to block
[2023-11-05T10:09:52.146+0000][62.497s][info ][safepoint     ] Entering safepoint region: Cleanup
[2023-11-05T10:09:52.147+0000][62.498s][info ][safepoint     ] Leaving safepoint region
[2023-11-05T10:09:52.148+0000][62.499s][info ][safepoint     ] Total time for which application threads were stopped: 0.0034002 seconds, Stopping threads took: 0.0023325 seconds
[2023-11-05T10:09:53.149+0000][63.500s][debug][safepoint     ] Safepoint synchronization initiated. (170 threads)
[2023-11-05T10:09:53.149+0000][63.501s][info ][safepoint     ] Application time: 1.0008394 seconds
[2023-11-05T10:09:53.150+0000][63.501s][info ][safepoint     ] Entering safepoint region: Cleanup
[2023-11-05T10:09:53.151+0000][63.502s][info ][safepoint     ] Leaving safepoint region
[2023-11-05T10:09:53.151+0000][63.502s][info ][safepoint     ] Total time for which application threads were stopped: 0.0009550 seconds, Stopping threads took: 0.0004182 seconds
[2023-11-05T10:09:54.151+0000][64.503s][debug][safepoint     ] Safepoint synchronization initiated. (170 threads)
[2023-11-05T10:09:54.152+0000][64.503s][info ][safepoint     ] Application time: 1.0005778 seconds
[2023-11-05T10:09:54.152+0000][64.504s][info ][safepoint     ] Entering safepoint region: Cleanup
[2023-11-05T10:09:54.153+0000][64.504s][info ][safepoint     ] Leaving safepoint region
[2023-11-05T10:09:54.153+0000][64.504s][info ][safepoint     ] Total time for which application threads were stopped: 0.0009014 seconds, Stopping threads took: 0.0003546 seconds
[2023-11-05T10:09:55.154+0000][65.505s][debug][safepoint     ] Safepoint synchronization initiated. (170 threads)
[2023-11-05T10:09:55.154+0000][65.506s][info ][safepoint     ] Application time: 1.0007967 seconds
[2023-11-05T10:09:55.155+0000][65.506s][info ][safepoint     ] Entering safepoint region: Cleanup
[2023-11-05T10:09:55.156+0000][65.507s][info ][safepoint     ] Leaving safepoint region
[2023-11-05T10:09:55.156+0000][65.507s][info ][safepoint     ] Total time for which application threads were stopped: 0.0013331 seconds, Stopping threads took: 0.0006296 seconds
[2023-11-05T10:09:55.427+0000][65.779s][debug][safepoint     ] Safepoint synchronization initiated. (170 threads)
[2023-11-05T10:09:55.428+0000][65.779s][info ][safepoint     ] Application time: 0.2711655 seconds
[2023-11-05T10:09:55.428+0000][65.780s][info ][safepoint     ] Entering safepoint region: Deoptimize
[2023-11-05T10:09:55.432+0000][65.783s][info ][safepoint     ] Leaving safepoint region
[2023-11-05T10:09:55.432+0000][65.784s][info ][safepoint     ] Total time for which application threads were stopped: 0.0038490 seconds, Stopping threads took: 0.0004175 seconds
[2023-11-05T10:09:55.471+0000][65.822s][debug][safepoint     ] Safepoint synchronization initiated. (170 threads)
[2023-11-05T10:09:55.471+0000][65.823s][info ][safepoint     ] Application time: 0.0387771 seconds
[2023-11-05T10:09:55.472+0000][65.823s][info ][safepoint     ] Entering safepoint region: Deoptimize
[2023-11-05T10:09:55.474+0000][65.826s][info ][safepoint     ] Leaving safepoint region
[2023-11-05T10:09:55.475+0000][65.826s][info ][safepoint     ] Total time for which application threads were stopped: 0.0028994 seconds, Stopping threads took: 0.0006281 seconds
[2023-11-05T10:09:55.490+0000][65.842s][debug][safepoint     ] Safepoint synchronization initiated. (171 threads)
[2023-11-05T10:09:55.491+0000][65.842s][info ][safepoint     ] Application time: 0.0155318 seconds
[2023-11-05T10:09:55.491+0000][65.842s][info ][safepoint     ] Entering safepoint region: Deoptimize
[2023-11-05T10:09:55.494+0000][65.845s][info ][safepoint     ] Leaving safepoint region
[2023-11-05T10:09:55.494+0000][65.846s][info ][safepoint     ] Total time for which application threads were stopped: 0.0030878 seconds, Stopping threads took: 0.0004231 seconds
[2023-11-05T10:09:55.543+0000][65.894s][debug][safepoint     ] Safepoint synchronization initiated. (172 threads)
[2023-11-05T10:09:55.543+0000][65.894s][info ][safepoint     ] Application time: 0.0483447 seconds
[2023-11-05T10:09:55.544+0000][65.895s][info ][safepoint     ] Entering safepoint region: G1CollectForAllocation
[2023-11-05T10:09:55.544+0000][65.896s][info ][gc,start      ] GC(69) Pause Young (Normal) (G1 Evacuation Pause)
[2023-11-05T10:09:55.545+0000][65.896s][info ][gc,task       ] GC(69) Using 8 workers of 8 for evacuation
[2023-11-05T10:09:55.560+0000][65.911s][info ][gc,phases     ] GC(69)   Pre Evacuate Collection Set: 0.0ms
[2023-11-05T10:09:55.561+0000][65.912s][info ][gc,phases     ] GC(69)   Evacuate Collection Set: 10.1ms
[2023-11-05T10:09:55.561+0000][65.913s][info ][gc,phases     ] GC(69)   Post Evacuate Collection Set: 4.5ms
[2023-11-05T10:09:55.562+0000][65.913s][info ][gc,phases     ] GC(69)   Other: 1.1ms
[2023-11-05T10:09:55.562+0000][65.913s][info ][gc,heap       ] GC(69) Eden regions: 181->0(176)
[2023-11-05T10:09:55.562+0000][65.914s][info ][gc,heap       ] GC(69) Survivor regions: 15->16(25)
[2023-11-05T10:09:55.563+0000][65.914s][info ][gc,heap       ] GC(69) Old regions: 134->137
[2023-11-05T10:09:55.563+0000][65.914s][info ][gc,heap       ] GC(69) Humongous regions: 0->0
[2023-11-05T10:09:55.564+0000][65.915s][info ][gc,metaspace  ] GC(69) Metaspace: 154834K(159880K)->154834K(159880K) NonClass: 136608K(139660K)->136608K(139660K) Class: 18225K(20220K)->18225K(20220K)
[2023-11-05T10:09:55.564+0000][65.915s][info ][gc            ] GC(69) Pause Young (Normal) (G1 Evacuation Pause) 327M->150M(384M) 19.636ms
[2023-11-05T10:09:55.564+0000][65.916s][info ][gc,cpu        ] GC(69) User=0.12s Sys=0.00s Real=0.02s
[2023-11-05T10:09:55.565+0000][65.916s][info ][safepoint     ] Leaving safepoint region
[2023-11-05T10:09:55.566+0000][65.917s][info ][safepoint     ] Total time for which application threads were stopped: 0.0223842 seconds, Stopping threads took: 0.0005741 seconds
[2023-11-05T10:09:55.567+0000][65.918s][info ][gc,stringdedup] Concurrent String Deduplication (65.918s)
[2023-11-05T10:09:55.570+0000][65.922s][info ][gc,stringdedup] Concurrent String Deduplication 192.4K->56904.0B(136.8K) avg 54.4% (65.918s, 65.922s) 3.615ms
[2023-11-05T10:09:56.175+0000][66.526s][debug][safepoint     ] Safepoint synchronization initiated. (172 threads)
[2023-11-05T10:09:56.175+0000][66.526s][info ][safepoint     ] Application time: 0.6086331 seconds
[2023-11-05T10:09:56.176+0000][66.527s][info ][safepoint     ] Entering safepoint region: ICBufferFull
[2023-11-05T10:09:56.176+0000][66.527s][info ][safepoint     ] Leaving safepoint region
[2023-11-05T10:09:56.176+0000][66.528s][info ][safepoint     ] Total time for which application threads were stopped: 0.0008759 seconds, Stopping threads took: 0.0003284 seconds
[2023-11-05T10:09:56.943+0000][67.294s][debug][safepoint     ] Safepoint synchronization initiated. (171 threads)
[2023-11-05T10:09:56.943+0000][67.295s][info ][safepoint     ] Application time: 0.7667559 seconds
[2023-11-05T10:09:56.944+0000][67.295s][info ][safepoint     ] Entering safepoint region: Deoptimize
[2023-11-05T10:09:56.947+0000][67.298s][info ][safepoint     ] Leaving safepoint region
[2023-11-05T10:09:56.947+0000][67.298s][info ][safepoint     ] Total time for which application threads were stopped: 0.0030325 seconds, Stopping threads took: 0.0004818 seconds
[2023-11-05T10:09:57.947+0000][68.299s][debug][safepoint     ] Safepoint synchronization initiated. (171 threads)
[2023-11-05T10:09:57.948+0000][68.299s][info ][safepoint     ] Application time: 1.0007458 seconds
[2023-11-05T10:09:57.948+0000][68.300s][info ][safepoint     ] Entering safepoint region: Cleanup
[2023-11-05T10:09:57.949+0000][68.301s][info ][safepoint     ] Leaving safepoint region
[2023-11-05T10:09:57.950+0000][68.301s][info ][safepoint     ] Total time for which application threads were stopped: 0.0012677 seconds, Stopping threads took: 0.0006731 seconds
[2023-11-05T10:09:59.205+0000][69.556s][debug][safepoint     ] Safepoint synchronization initiated. (172 threads)
[2023-11-05T10:09:59.205+0000][69.556s][info ][safepoint     ] Application time: 1.2551106 seconds
[2023-11-05T10:09:59.206+0000][69.557s][info ][safepoint     ] Entering safepoint region: ICBufferFull
[2023-11-05T10:09:59.206+0000][69.558s][info ][safepoint     ] Leaving safepoint region
[2023-11-05T10:09:59.207+0000][69.558s][info ][safepoint     ] Total time for which application threads were stopped: 0.0013417 seconds, Stopping threads took: 0.0004525 seconds
[2023-11-05T10:09:59.431+0000][69.782s][debug][safepoint     ] Safepoint synchronization initiated. (172 threads)
[2023-11-05T10:09:59.432+0000][69.783s][info ][safepoint     ] Application time: 0.2244151 seconds
[2023-11-05T10:09:59.432+0000][69.783s][info ][safepoint     ] Entering safepoint region: Deoptimize
[2023-11-05T10:09:59.434+0000][69.785s][info ][safepoint     ] Leaving safepoint region
[2023-11-05T10:09:59.434+0000][69.786s][info ][safepoint     ] Total time for which application threads were stopped: 0.0024862 seconds, Stopping threads took: 0.0002938 seconds
[2023-11-05T10:09:59.459+0000][69.810s][debug][safepoint     ] Safepoint synchronization initiated. (172 threads)
[2023-11-05T10:09:59.460+0000][69.811s][info ][safepoint     ] Application time: 0.0249384 seconds
[2023-11-05T10:09:59.460+0000][69.811s][info ][safepoint     ] Entering safepoint region: Deoptimize
[2023-11-05T10:09:59.463+0000][69.814s][info ][safepoint     ] Leaving safepoint region
[2023-11-05T10:09:59.464+0000][69.815s][info ][safepoint     ] Total time for which application threads were stopped: 0.0035686 seconds, Stopping threads took: 0.0004033 seconds
[2023-11-05T10:09:59.465+0000][69.816s][debug][safepoint     ] Safepoint synchronization initiated. (172 threads)
[2023-11-05T10:09:59.465+0000][69.816s][info ][safepoint     ] Application time: 0.0010424 seconds
[2023-11-05T10:09:59.465+0000][69.817s][info ][safepoint     ] Entering safepoint region: Deoptimize
[2023-11-05T10:09:59.468+0000][69.819s][info ][safepoint     ] Leaving safepoint region
[2023-11-05T10:09:59.468+0000][69.819s][info ][safepoint     ] Total time for which application threads were stopped: 0.0027425 seconds, Stopping threads took: 0.0002908 seconds
[2023-11-05T10:09:59.471+0000][69.822s][debug][safepoint     ] Safepoint synchronization initiated. (172 threads)
[2023-11-05T10:09:59.472+0000][69.823s][info ][safepoint     ] Application time: 0.0032522 seconds
[2023-11-05T10:09:59.472+0000][69.823s][info ][safepoint     ] Entering safepoint region: Deoptimize
[2023-11-05T10:09:59.475+0000][69.826s][info ][safepoint     ] Leaving safepoint region
[2023-11-05T10:09:59.475+0000][69.826s][info ][safepoint     ] Total time for which application threads were stopped: 0.0031585 seconds, Stopping threads took: 0.0004605 seconds
[2023-11-05T10:09:59.530+0000][69.881s][debug][safepoint     ] Safepoint synchronization initiated. (172 threads)
[2023-11-05T10:09:59.530+0000][69.882s][info ][safepoint     ] Application time: 0.0549393 seconds
[2023-11-05T10:09:59.531+0000][69.882s][info ][safepoint     ] Entering safepoint region: Deoptimize
[2023-11-05T10:09:59.533+0000][69.884s][info ][safepoint     ] Leaving safepoint region
[2023-11-05T10:09:59.533+0000][69.884s][info ][safepoint     ] Total time for which application threads were stopped: 0.0024353 seconds, Stopping threads took: 0.0003147 seconds
[2023-11-05T10:09:59.538+0000][69.889s][debug][safepoint     ] Safepoint synchronization initiated. (172 threads)
[2023-11-05T10:09:59.538+0000][69.889s][info ][safepoint     ] Application time: 0.0046984 seconds
[2023-11-05T10:09:59.538+0000][69.890s][debug][safepoint     ] Waiting for 1 thread(s) to block
[2023-11-05T10:09:59.539+0000][69.890s][info ][safepoint     ] Entering safepoint region: Deoptimize
[2023-11-05T10:09:59.541+0000][69.892s][info ][safepoint     ] Leaving safepoint region
[2023-11-05T10:09:59.541+0000][69.892s][info ][safepoint     ] Total time for which application threads were stopped: 0.0027711 seconds, Stopping threads took: 0.0006005 seconds
[2023-11-05T10:09:59.566+0000][69.917s][debug][safepoint     ] Safepoint synchronization initiated. (172 threads)
[2023-11-05T10:09:59.566+0000][69.917s][info ][safepoint     ] Application time: 0.0246033 seconds
[2023-11-05T10:09:59.566+0000][69.918s][info ][safepoint     ] Entering safepoint region: Deoptimize
[2023-11-05T10:09:59.568+0000][69.920s][info ][safepoint     ] Leaving safepoint region
[2023-11-05T10:09:59.569+0000][69.920s][info ][safepoint     ] Total time for which application threads were stopped: 0.0025564 seconds, Stopping threads took: 0.0003469 seconds
[2023-11-05T10:09:59.639+0000][69.990s][debug][safepoint     ] Safepoint synchronization initiated. (174 threads)
[2023-11-05T10:09:59.640+0000][69.991s][info ][safepoint     ] Application time: 0.0703147 seconds
[2023-11-05T10:09:59.640+0000][69.991s][info ][safepoint     ] Entering safepoint region: G1CollectForAllocation
[2023-11-05T10:09:59.641+0000][69.992s][info ][gc,start      ] GC(70) Pause Young (Normal) (G1 Evacuation Pause)
[2023-11-05T10:09:59.641+0000][69.992s][info ][gc,task       ] GC(70) Using 8 workers of 8 for evacuation
[2023-11-05T10:09:59.655+0000][70.006s][info ][gc,phases     ] GC(70)   Pre Evacuate Collection Set: 0.0ms
[2023-11-05T10:09:59.655+0000][70.007s][info ][gc,phases     ] GC(70)   Evacuate Collection Set: 10.5ms
[2023-11-05T10:09:59.656+0000][70.007s][info ][gc,phases     ] GC(70)   Post Evacuate Collection Set: 3.0ms
[2023-11-05T10:09:59.656+0000][70.007s][info ][gc,phases     ] GC(70)   Other: 0.9ms
[2023-11-05T10:09:59.657+0000][70.008s][info ][gc,heap       ] GC(70) Eden regions: 176->0(176)
[2023-11-05T10:09:59.657+0000][70.008s][info ][gc,heap       ] GC(70) Survivor regions: 16->14(24)
[2023-11-05T10:09:59.657+0000][70.008s][info ][gc,heap       ] GC(70) Old regions: 137->141
[2023-11-05T10:09:59.658+0000][70.009s][info ][gc,heap       ] GC(70) Humongous regions: 14->0
[2023-11-05T10:09:59.658+0000][70.009s][info ][gc,metaspace  ] GC(70) Metaspace: 159554K(164744K)->159554K(164744K) NonClass: 140839K(144012K)->140839K(144012K) Class: 18714K(20732K)->18714K(20732K)
[2023-11-05T10:09:59.658+0000][70.010s][info ][gc            ] GC(70) Pause Young (Normal) (G1 Evacuation Pause) 340M->153M(384M) 17.707ms
[2023-11-05T10:09:59.659+0000][70.010s][info ][gc,cpu        ] GC(70) User=0.11s Sys=0.00s Real=0.02s
[2023-11-05T10:09:59.659+0000][70.010s][info ][safepoint     ] Leaving safepoint region
[2023-11-05T10:09:59.659+0000][70.011s][info ][safepoint     ] Total time for which application threads were stopped: 0.0194848 seconds, Stopping threads took: 0.0004203 seconds
[2023-11-05T10:09:59.660+0000][70.011s][info ][gc,stringdedup] Concurrent String Deduplication (70.011s)
[2023-11-05T10:09:59.661+0000][70.013s][info ][gc,stringdedup] Concurrent String Deduplication 118.1K->55816.0B(65096.0B) avg 54.4% (70.011s, 70.013s) 1.615ms
[2023-11-05T10:09:59.764+0000][70.115s][debug][safepoint     ] Safepoint synchronization initiated. (175 threads)
[2023-11-05T10:09:59.764+0000][70.115s][info ][safepoint     ] Application time: 0.1042120 seconds
[2023-11-05T10:09:59.765+0000][70.116s][info ][safepoint     ] Entering safepoint region: Deoptimize
[2023-11-05T10:09:59.768+0000][70.119s][info ][safepoint     ] Leaving safepoint region
[2023-11-05T10:09:59.768+0000][70.119s][info ][safepoint     ] Total time for which application threads were stopped: 0.0035753 seconds, Stopping threads took: 0.0004010 seconds
[2023-11-05T10:10:00.439+0000][70.790s][debug][safepoint     ] Safepoint synchronization initiated. (177 threads)
[2023-11-05T10:10:00.440+0000][70.792s][info ][safepoint     ] Application time: 0.6718489 seconds
[2023-11-05T10:10:00.441+0000][70.792s][debug][safepoint     ] Waiting for 1 thread(s) to block
[2023-11-05T10:10:00.441+0000][70.792s][info ][safepoint     ] Entering safepoint region: ICBufferFull
[2023-11-05T10:10:00.442+0000][70.793s][info ][safepoint     ] Leaving safepoint region
[2023-11-05T10:10:00.442+0000][70.793s][info ][safepoint     ] Total time for which application threads were stopped: 0.0012473 seconds, Stopping threads took: 0.0006920 seconds
[2023-11-05T10:10:00.487+0000][70.839s][debug][safepoint     ] Safepoint synchronization initiated. (178 threads)
[2023-11-05T10:10:00.488+0000][70.839s][info ][safepoint     ] Application time: 0.0454703 seconds
[2023-11-05T10:10:00.488+0000][70.839s][info ][safepoint     ] Entering safepoint region: Deoptimize
[2023-11-05T10:10:00.491+0000][70.842s][info ][safepoint     ] Leaving safepoint region
[2023-11-05T10:10:00.491+0000][70.842s][info ][safepoint     ] Total time for which application threads were stopped: 0.0028871 seconds, Stopping threads took: 0.0003754 seconds
[2023-11-05T10:10:01.492+0000][71.843s][debug][safepoint     ] Safepoint synchronization initiated. (180 threads)
[2023-11-05T10:10:01.492+0000][71.844s][info ][safepoint     ] Application time: 1.0007729 seconds
[2023-11-05T10:10:01.493+0000][71.844s][info ][safepoint     ] Entering safepoint region: Cleanup
[2023-11-05T10:10:01.495+0000][71.846s][info ][safepoint     ] Leaving safepoint region
[2023-11-05T10:10:01.495+0000][71.846s][info ][safepoint     ] Total time for which application threads were stopped: 0.0024993 seconds, Stopping threads took: 0.0009539 seconds
[2023-11-05T10:10:01.547+0000][71.899s][debug][safepoint     ] Safepoint synchronization initiated. (179 threads)
[2023-11-05T10:10:01.548+0000][71.899s][info ][safepoint     ] Application time: 0.0521939 seconds
[2023-11-05T10:10:01.549+0000][71.900s][info ][safepoint     ] Entering safepoint region: Deoptimize
[2023-11-05T10:10:01.553+0000][71.904s][info ][safepoint     ] Leaving safepoint region
[2023-11-05T10:10:01.553+0000][71.904s][info ][safepoint     ] Total time for which application threads were stopped: 0.0048189 seconds, Stopping threads took: 0.0005686 seconds
[2023-11-05T10:10:02.554+0000][72.905s][debug][safepoint     ] Safepoint synchronization initiated. (182 threads)
[2023-11-05T10:10:02.554+0000][72.906s][info ][safepoint     ] Application time: 1.0008736 seconds
[2023-11-05T10:10:02.555+0000][72.906s][info ][safepoint     ] Entering safepoint region: Cleanup
[2023-11-05T10:10:02.556+0000][72.908s][info ][safepoint     ] Leaving safepoint region
[2023-11-05T10:10:02.557+0000][72.908s][info ][safepoint     ] Total time for which application threads were stopped: 0.0017227 seconds, Stopping threads took: 0.0004868 seconds
[2023-11-05T10:10:03.557+0000][73.909s][debug][safepoint     ] Safepoint synchronization initiated. (181 threads)
[2023-11-05T10:10:03.558+0000][73.909s][info ][safepoint     ] Application time: 1.0007492 seconds
[2023-11-05T10:10:03.559+0000][73.910s][info ][safepoint     ] Entering safepoint region: Cleanup
[2023-11-05T10:10:03.559+0000][73.911s][info ][safepoint     ] Leaving safepoint region
[2023-11-05T10:10:03.560+0000][73.911s][info ][safepoint     ] Total time for which application threads were stopped: 0.0011354 seconds, Stopping threads took: 0.0004128 seconds
[2023-11-05T10:10:04.560+0000][74.912s][debug][safepoint     ] Safepoint synchronization initiated. (180 threads)
[2023-11-05T10:10:04.561+0000][74.912s][info ][safepoint     ] Application time: 1.0009296 seconds
[2023-11-05T10:10:04.562+0000][74.913s][info ][safepoint     ] Entering safepoint region: Cleanup
[2023-11-05T10:10:04.563+0000][74.914s][info ][safepoint     ] Leaving safepoint region
[2023-11-05T10:10:04.563+0000][74.914s][info ][safepoint     ] Total time for which application threads were stopped: 0.0013913 seconds, Stopping threads took: 0.0005727 seconds
[2023-11-05T10:10:06.564+0000][76.915s][debug][safepoint     ] Safepoint synchronization initiated. (179 threads)
[2023-11-05T10:10:06.564+0000][76.916s][info ][safepoint     ] Application time: 2.0009308 seconds
[2023-11-05T10:10:06.565+0000][76.916s][info ][safepoint     ] Entering safepoint region: Cleanup
[2023-11-05T10:10:06.565+0000][76.917s][info ][safepoint     ] Leaving safepoint region
[2023-11-05T10:10:06.566+0000][76.917s][info ][safepoint     ] Total time for which application threads were stopped: 0.0008958 seconds, Stopping threads took: 0.0003704 seconds
[2023-11-05T10:10:08.566+0000][78.918s][debug][safepoint     ] Safepoint synchronization initiated. (179 threads)
[2023-11-05T10:10:08.567+0000][78.918s][info ][safepoint     ] Application time: 2.0008769 seconds
[2023-11-05T10:10:08.567+0000][78.919s][info ][safepoint     ] Entering safepoint region: Cleanup
[2023-11-05T10:10:08.568+0000][78.919s][info ][safepoint     ] Leaving safepoint region
[2023-11-05T10:10:08.568+0000][78.920s][info ][safepoint     ] Total time for which application threads were stopped: 0.0011337 seconds, Stopping threads took: 0.0005252 seconds
[2023-11-05T10:10:09.569+0000][79.920s][debug][safepoint     ] Safepoint synchronization initiated. (179 threads)
[2023-11-05T10:10:09.570+0000][79.921s][info ][safepoint     ] Application time: 1.0009640 seconds
[2023-11-05T10:10:09.570+0000][79.922s][info ][safepoint     ] Entering safepoint region: Cleanup
[2023-11-05T10:10:09.571+0000][79.923s][info ][safepoint     ] Leaving safepoint region
[2023-11-05T10:10:09.572+0000][79.923s][info ][safepoint     ] Total time for which application threads were stopped: 0.0013292 seconds, Stopping threads took: 0.0006213 seconds
[2023-11-05T10:10:11.573+0000][81.924s][debug][safepoint     ] Safepoint synchronization initiated. (179 threads)
[2023-11-05T10:10:11.574+0000][81.925s][info ][safepoint     ] Application time: 2.0011201 seconds
[2023-11-05T10:10:11.574+0000][81.925s][info ][safepoint     ] Entering safepoint region: Cleanup
[2023-11-05T10:10:11.575+0000][81.926s][info ][safepoint     ] Leaving safepoint region
[2023-11-05T10:10:11.576+0000][81.927s][info ][safepoint     ] Total time for which application threads were stopped: 0.0018515 seconds, Stopping threads took: 0.0007027 seconds
[2023-11-05T10:10:13.577+0000][83.929s][debug][safepoint     ] Safepoint synchronization initiated. (179 threads)
[2023-11-05T10:10:13.579+0000][83.930s][info ][safepoint     ] Application time: 2.0018802 seconds
[2023-11-05T10:10:13.579+0000][83.931s][info ][safepoint     ] Entering safepoint region: Cleanup
[2023-11-05T10:10:13.580+0000][83.931s][info ][safepoint     ] Leaving safepoint region
[2023-11-05T10:10:13.580+0000][83.932s][info ][safepoint     ] Total time for which application threads were stopped: 0.0010989 seconds, Stopping threads took: 0.0004530 seconds
[2023-11-05T10:10:15.581+0000][85.932s][debug][safepoint     ] Safepoint synchronization initiated. (179 threads)
[2023-11-05T10:10:15.582+0000][85.933s][info ][safepoint     ] Application time: 2.0010705 seconds
[2023-11-05T10:10:15.582+0000][85.934s][info ][safepoint     ] Entering safepoint region: Cleanup
[2023-11-05T10:10:15.583+0000][85.934s][info ][safepoint     ] Leaving safepoint region
[2023-11-05T10:10:15.583+0000][85.935s][info ][safepoint     ] Total time for which application threads were stopped: 0.0010350 seconds, Stopping threads took: 0.0004246 seconds
[2023-11-05T10:10:21.990+0000][92.341s][debug][safepoint     ] Safepoint synchronization initiated. (179 threads)
[2023-11-05T10:10:21.991+0000][92.342s][info ][safepoint     ] Application time: 6.4070769 seconds
[2023-11-05T10:10:21.991+0000][92.343s][info ][safepoint     ] Entering safepoint region: G1CollectForAllocation
[2023-11-05T10:10:21.992+0000][92.343s][info ][gc,start      ] GC(71) Pause Young (Normal) (G1 Evacuation Pause)
[2023-11-05T10:10:21.992+0000][92.344s][info ][gc,task       ] GC(71) Using 8 workers of 8 for evacuation
[2023-11-05T10:10:22.011+0000][92.362s][info ][gc,phases     ] GC(71)   Pre Evacuate Collection Set: 0.0ms
[2023-11-05T10:10:22.011+0000][92.363s][info ][gc,phases     ] GC(71)   Evacuate Collection Set: 14.5ms
[2023-11-05T10:10:22.012+0000][92.363s][info ][gc,phases     ] GC(71)   Post Evacuate Collection Set: 3.2ms
[2023-11-05T10:10:22.012+0000][92.364s][info ][gc,phases     ] GC(71)   Other: 1.1ms
[2023-11-05T10:10:22.013+0000][92.364s][info ][gc,heap       ] GC(71) Eden regions: 176->0(173)
[2023-11-05T10:10:22.013+0000][92.365s][info ][gc,heap       ] GC(71) Survivor regions: 14->14(24)
[2023-11-05T10:10:22.014+0000][92.365s][info ][gc,heap       ] GC(71) Old regions: 141->144
[2023-11-05T10:10:22.015+0000][92.366s][info ][gc,heap       ] GC(71) Humongous regions: 1->0
[2023-11-05T10:10:22.015+0000][92.366s][info ][gc,metaspace  ] GC(71) Metaspace: 161964K(167304K)->161964K(167304K) NonClass: 143012K(146316K)->143012K(146316K) Class: 18951K(20988K)->18951K(20988K)
[2023-11-05T10:10:22.016+0000][92.367s][info ][gc            ] GC(71) Pause Young (Normal) (G1 Evacuation Pause) 330M->155M(384M) 23.596ms
[2023-11-05T10:10:22.016+0000][92.367s][info ][gc,cpu        ] GC(71) User=0.13s Sys=0.00s Real=0.02s
[2023-11-05T10:10:22.017+0000][92.368s][info ][safepoint     ] Leaving safepoint region
[2023-11-05T10:10:22.017+0000][92.368s][info ][safepoint     ] Total time for which application threads were stopped: 0.0258667 seconds, Stopping threads took: 0.0004816 seconds
[2023-11-05T10:10:22.018+0000][92.369s][info ][gc,stringdedup] Concurrent String Deduplication (92.369s)
[2023-11-05T10:10:22.020+0000][92.372s][info ][gc,stringdedup] Concurrent String Deduplication 274.5K->150.3K(124.2K) avg 54.3% (92.369s, 92.372s) 2.529ms
[2023-11-05T10:10:34.021+0000][104.372s][debug][safepoint     ] Safepoint synchronization initiated. (179 threads)
[2023-11-05T10:10:34.021+0000][104.373s][info ][safepoint     ] Application time: 12.0035746 seconds
[2023-11-05T10:10:34.022+0000][104.373s][info ][safepoint     ] Entering safepoint region: Cleanup
[2023-11-05T10:10:34.023+0000][104.374s][info ][safepoint     ] Leaving safepoint region
[2023-11-05T10:10:34.023+0000][104.374s][info ][safepoint     ] Total time for which application threads were stopped: 0.0013614 seconds, Stopping threads took: 0.0006733 seconds
[2023-11-05T10:10:35.024+0000][105.375s][debug][safepoint     ] Safepoint synchronization initiated. (178 threads)
[2023-11-05T10:10:35.024+0000][105.376s][info ][safepoint     ] Application time: 1.0007860 seconds
[2023-11-05T10:10:35.025+0000][105.376s][info ][safepoint     ] Entering safepoint region: Cleanup
[2023-11-05T10:10:35.026+0000][105.377s][info ][safepoint     ] Leaving safepoint region
[2023-11-05T10:10:35.026+0000][105.378s][info ][safepoint     ] Total time for which application threads were stopped: 0.0014570 seconds, Stopping threads took: 0.0006493 seconds
[2023-11-05T10:10:36.027+0000][106.378s][debug][safepoint     ] Safepoint synchronization initiated. (178 threads)
[2023-11-05T10:10:36.028+0000][106.379s][info ][safepoint     ] Application time: 1.0009476 seconds
[2023-11-05T10:10:36.028+0000][106.380s][info ][safepoint     ] Entering safepoint region: Cleanup
[2023-11-05T10:10:36.029+0000][106.381s][info ][safepoint     ] Leaving safepoint region
[2023-11-05T10:10:36.030+0000][106.381s][info ][safepoint     ] Total time for which application threads were stopped: 0.0014276 seconds, Stopping threads took: 0.0006222 seconds
[2023-11-05T10:10:37.031+0000][107.382s][debug][safepoint     ] Safepoint synchronization initiated. (178 threads)
[2023-11-05T10:10:37.032+0000][107.383s][info ][safepoint     ] Application time: 1.0011583 seconds
[2023-11-05T10:10:37.033+0000][107.384s][info ][safepoint     ] Entering safepoint region: Cleanup
[2023-11-05T10:10:37.034+0000][107.385s][info ][safepoint     ] Leaving safepoint region
[2023-11-05T10:10:37.034+0000][107.386s][info ][safepoint     ] Total time for which application threads were stopped: 0.0019471 seconds, Stopping threads took: 0.0008052 seconds
[2023-11-05T10:10:38.035+0000][108.386s][debug][safepoint     ] Safepoint synchronization initiated. (178 threads)
[2023-11-05T10:10:38.036+0000][108.387s][info ][safepoint     ] Application time: 1.0013143 seconds
[2023-11-05T10:10:38.037+0000][108.388s][info ][safepoint     ] Entering safepoint region: Cleanup
[2023-11-05T10:10:38.038+0000][108.389s][info ][safepoint     ] Leaving safepoint region
[2023-11-05T10:10:38.039+0000][108.390s][info ][safepoint     ] Total time for which application threads were stopped: 0.0018955 seconds, Stopping threads took: 0.0008474 seconds
[2023-11-05T10:10:39.040+0000][109.391s][debug][safepoint     ] Safepoint synchronization initiated. (178 threads)
[2023-11-05T10:10:39.041+0000][109.392s][info ][safepoint     ] Application time: 1.0009401 seconds
[2023-11-05T10:10:39.042+0000][109.393s][info ][safepoint     ] Entering safepoint region: Cleanup
[2023-11-05T10:10:39.042+0000][109.394s][info ][safepoint     ] Leaving safepoint region
[2023-11-05T10:10:39.043+0000][109.394s][info ][safepoint     ] Total time for which application threads were stopped: 0.0015374 seconds, Stopping threads took: 0.0007019 seconds
[2023-11-05T10:10:40.044+0000][110.395s][debug][safepoint     ] Safepoint synchronization initiated. (178 threads)
[2023-11-05T10:10:40.044+0000][110.396s][info ][safepoint     ] Application time: 1.0007799 seconds
[2023-11-05T10:10:40.045+0000][110.396s][info ][safepoint     ] Entering safepoint region: Cleanup
[2023-11-05T10:10:40.046+0000][110.397s][info ][safepoint     ] Leaving safepoint region
[2023-11-05T10:10:40.046+0000][110.397s][info ][safepoint     ] Total time for which application threads were stopped: 0.0011723 seconds, Stopping threads took: 0.0005927 seconds
[2023-11-05T10:10:41.047+0000][111.398s][debug][safepoint     ] Safepoint synchronization initiated. (178 threads)
[2023-11-05T10:10:41.048+0000][111.399s][info ][safepoint     ] Application time: 1.0011860 seconds
[2023-11-05T10:10:41.048+0000][111.400s][info ][safepoint     ] Entering safepoint region: Cleanup
[2023-11-05T10:10:41.049+0000][111.400s][info ][safepoint     ] Leaving safepoint region
[2023-11-05T10:10:41.050+0000][111.401s][info ][safepoint     ] Total time for which application threads were stopped: 0.0016451 seconds, Stopping threads took: 0.0007598 seconds
[2023-11-05T10:10:42.051+0000][112.402s][debug][safepoint     ] Safepoint synchronization initiated. (178 threads)
[2023-11-05T10:10:42.052+0000][112.403s][info ][safepoint     ] Application time: 1.0011507 seconds
[2023-11-05T10:10:42.053+0000][112.404s][info ][safepoint     ] Entering safepoint region: Cleanup
[2023-11-05T10:10:42.054+0000][112.405s][info ][safepoint     ] Leaving safepoint region
[2023-11-05T10:10:42.055+0000][112.406s][info ][safepoint     ] Total time for which application threads were stopped: 0.0019885 seconds, Stopping threads took: 0.0008382 seconds
[2023-11-05T10:10:43.055+0000][113.407s][debug][safepoint     ] Safepoint synchronization initiated. (178 threads)
[2023-11-05T10:10:43.056+0000][113.408s][info ][safepoint     ] Application time: 1.0012423 seconds
[2023-11-05T10:10:43.057+0000][113.408s][info ][safepoint     ] Entering safepoint region: Cleanup
[2023-11-05T10:10:43.058+0000][113.409s][info ][safepoint     ] Leaving safepoint region
[2023-11-05T10:10:43.059+0000][113.410s][info ][safepoint     ] Total time for which application threads were stopped: 0.0018297 seconds, Stopping threads took: 0.0007945 seconds
[2023-11-05T10:10:44.060+0000][114.411s][debug][safepoint     ] Safepoint synchronization initiated. (178 threads)
[2023-11-05T10:10:44.061+0000][114.412s][info ][safepoint     ] Application time: 1.0013894 seconds
[2023-11-05T10:10:44.062+0000][114.413s][info ][safepoint     ] Entering safepoint region: Cleanup
[2023-11-05T10:10:44.063+0000][114.414s][info ][safepoint     ] Leaving safepoint region
[2023-11-05T10:10:44.063+0000][114.414s][info ][safepoint     ] Total time for which application threads were stopped: 0.0015472 seconds, Stopping threads took: 0.0006876 seconds
[2023-11-05T10:10:45.064+0000][115.415s][debug][safepoint     ] Safepoint synchronization initiated. (178 threads)
[2023-11-05T10:10:45.065+0000][115.417s][info ][safepoint     ] Application time: 1.0014951 seconds
[2023-11-05T10:10:45.067+0000][115.418s][info ][safepoint     ] Entering safepoint region: Cleanup
[2023-11-05T10:10:45.068+0000][115.419s][info ][safepoint     ] Leaving safepoint region
[2023-11-05T10:10:45.069+0000][115.420s][info ][safepoint     ] Total time for which application threads were stopped: 0.0020597 seconds, Stopping threads took: 0.0009956 seconds
[2023-11-05T10:10:46.070+0000][116.421s][debug][safepoint     ] Safepoint synchronization initiated. (178 threads)
[2023-11-05T10:10:46.071+0000][116.422s][info ][safepoint     ] Application time: 1.0015870 seconds
[2023-11-05T10:10:46.072+0000][116.423s][info ][safepoint     ] Entering safepoint region: Cleanup
[2023-11-05T10:10:46.073+0000][116.425s][info ][safepoint     ] Leaving safepoint region
[2023-11-05T10:10:46.074+0000][116.426s][info ][safepoint     ] Total time for which application threads were stopped: 0.0023226 seconds, Stopping threads took: 0.0010849 seconds
[2023-11-05T10:10:47.075+0000][117.426s][debug][safepoint     ] Safepoint synchronization initiated. (178 threads)
[2023-11-05T10:10:47.076+0000][117.427s][info ][safepoint     ] Application time: 1.0009014 seconds
[2023-11-05T10:10:47.077+0000][117.428s][info ][safepoint     ] Entering safepoint region: Cleanup
[2023-11-05T10:10:47.078+0000][117.429s][info ][safepoint     ] Leaving safepoint region
[2023-11-05T10:10:47.079+0000][117.430s][info ][safepoint     ] Total time for which application threads were stopped: 0.0017631 seconds, Stopping threads took: 0.0008451 seconds
[2023-11-05T10:10:48.080+0000][118.431s][debug][safepoint     ] Safepoint synchronization initiated. (178 threads)
[2023-11-05T10:10:48.081+0000][118.432s][info ][safepoint     ] Application time: 1.0014236 seconds
[2023-11-05T10:10:48.082+0000][118.433s][info ][safepoint     ] Entering safepoint region: Cleanup
[2023-11-05T10:10:48.083+0000][118.434s][info ][safepoint     ] Leaving safepoint region
[2023-11-05T10:10:48.084+0000][118.435s][info ][safepoint     ] Total time for which application threads were stopped: 0.0020127 seconds, Stopping threads took: 0.0008900 seconds
[2023-11-05T10:10:49.085+0000][119.436s][debug][safepoint     ] Safepoint synchronization initiated. (178 threads)
[2023-11-05T10:10:49.085+0000][119.437s][info ][safepoint     ] Application time: 1.0009764 seconds
[2023-11-05T10:10:49.086+0000][119.438s][info ][safepoint     ] Entering safepoint region: Cleanup
[2023-11-05T10:10:49.087+0000][119.438s][info ][safepoint     ] Leaving safepoint region
[2023-11-05T10:10:49.088+0000][119.439s][info ][safepoint     ] Total time for which application threads were stopped: 0.0014794 seconds, Stopping threads took: 0.0006283 seconds
[2023-11-05T10:10:50.089+0000][120.440s][debug][safepoint     ] Safepoint synchronization initiated. (178 threads)
[2023-11-05T10:10:50.089+0000][120.440s][info ][safepoint     ] Application time: 1.0006288 seconds
[2023-11-05T10:10:50.090+0000][120.442s][info ][safepoint     ] Entering safepoint region: Cleanup
[2023-11-05T10:10:50.093+0000][120.444s][info ][safepoint     ] Leaving safepoint region
[2023-11-05T10:10:50.093+0000][120.445s][info ][safepoint     ] Total time for which application threads were stopped: 0.0030885 seconds, Stopping threads took: 0.0013879 seconds
[2023-11-05T10:10:51.094+0000][121.445s][debug][safepoint     ] Safepoint synchronization initiated. (178 threads)
[2023-11-05T10:10:51.094+0000][121.446s][info ][safepoint     ] Application time: 1.0007359 seconds
[2023-11-05T10:10:51.095+0000][121.446s][info ][safepoint     ] Entering safepoint region: Cleanup
[2023-11-05T10:10:51.095+0000][121.447s][info ][safepoint     ] Leaving safepoint region
[2023-11-05T10:10:51.096+0000][121.447s][info ][safepoint     ] Total time for which application threads were stopped: 0.0009763 seconds, Stopping threads took: 0.0004363 seconds
[2023-11-05T10:10:52.096+0000][122.448s][debug][safepoint     ] Safepoint synchronization initiated. (178 threads)
[2023-11-05T10:10:52.097+0000][122.448s][info ][safepoint     ] Application time: 1.0010471 seconds
[2023-11-05T10:10:52.098+0000][122.449s][info ][safepoint     ] Entering safepoint region: Cleanup
[2023-11-05T10:10:52.099+0000][122.450s][info ][safepoint     ] Leaving safepoint region
[2023-11-05T10:10:52.099+0000][122.450s][info ][safepoint     ] Total time for which application threads were stopped: 0.0013639 seconds, Stopping threads took: 0.0006019 seconds
[2023-11-05T10:10:53.100+0000][123.451s][debug][safepoint     ] Safepoint synchronization initiated. (178 threads)
[2023-11-05T10:10:53.101+0000][123.452s][info ][safepoint     ] Application time: 1.0014065 seconds
[2023-11-05T10:10:53.102+0000][123.454s][info ][safepoint     ] Entering safepoint region: Cleanup
[2023-11-05T10:10:53.104+0000][123.455s][info ][safepoint     ] Leaving safepoint region
[2023-11-05T10:10:53.105+0000][123.456s][info ][safepoint     ] Total time for which application threads were stopped: 0.0023634 seconds, Stopping threads took: 0.0011700 seconds
[2023-11-05T10:10:54.106+0000][124.457s][debug][safepoint     ] Safepoint synchronization initiated. (178 threads)
[2023-11-05T10:10:54.107+0000][124.458s][info ][safepoint     ] Application time: 1.0016282 seconds
[2023-11-05T10:10:54.107+0000][124.459s][info ][safepoint     ] Entering safepoint region: Cleanup
[2023-11-05T10:10:54.108+0000][124.459s][info ][safepoint     ] Leaving safepoint region
[2023-11-05T10:10:54.109+0000][124.460s][info ][safepoint     ] Total time for which application threads were stopped: 0.0013368 seconds, Stopping threads took: 0.0005036 seconds
[2023-11-05T10:10:55.110+0000][125.461s][debug][safepoint     ] Safepoint synchronization initiated. (178 threads)
[2023-11-05T10:10:55.111+0000][125.462s][info ][safepoint     ] Application time: 1.0012291 seconds
[2023-11-05T10:10:55.111+0000][125.463s][info ][safepoint     ] Entering safepoint region: Cleanup
[2023-11-05T10:10:55.113+0000][125.464s][info ][safepoint     ] Leaving safepoint region
[2023-11-05T10:10:55.113+0000][125.465s][info ][safepoint     ] Total time for which application threads were stopped: 0.0018918 seconds, Stopping threads took: 0.0008519 seconds
[2023-11-05T10:10:56.114+0000][126.465s][debug][safepoint     ] Safepoint synchronization initiated. (178 threads)
[2023-11-05T10:10:56.115+0000][126.466s][info ][safepoint     ] Application time: 1.0006050 seconds
[2023-11-05T10:10:56.115+0000][126.466s][info ][safepoint     ] Entering safepoint region: Cleanup
[2023-11-05T10:10:56.116+0000][126.467s][info ][safepoint     ] Leaving safepoint region
[2023-11-05T10:10:56.117+0000][126.468s][info ][safepoint     ] Total time for which application threads were stopped: 0.0017786 seconds, Stopping threads took: 0.0011004 seconds
[2023-11-05T10:10:57.117+0000][127.468s][debug][safepoint     ] Safepoint synchronization initiated. (178 threads)
[2023-11-05T10:10:57.118+0000][127.469s][info ][safepoint     ] Application time: 1.0006618 seconds
[2023-11-05T10:10:57.118+0000][127.470s][info ][safepoint     ] Entering safepoint region: Cleanup
[2023-11-05T10:10:57.119+0000][127.470s][info ][safepoint     ] Leaving safepoint region
[2023-11-05T10:10:57.120+0000][127.471s][info ][safepoint     ] Total time for which application threads were stopped: 0.0013210 seconds, Stopping threads took: 0.0005750 seconds
[2023-11-05T10:10:58.120+0000][128.471s][debug][safepoint     ] Safepoint synchronization initiated. (178 threads)
[2023-11-05T10:10:58.121+0000][128.472s][info ][safepoint     ] Application time: 1.0013319 seconds
[2023-11-05T10:10:58.122+0000][128.473s][info ][safepoint     ] Entering safepoint region: Cleanup
[2023-11-05T10:10:58.122+0000][128.474s][info ][safepoint     ] Leaving safepoint region
[2023-11-05T10:10:58.123+0000][128.474s][info ][safepoint     ] Total time for which application threads were stopped: 0.0012259 seconds, Stopping threads took: 0.0004832 seconds
[2023-11-05T10:10:59.124+0000][129.475s][debug][safepoint     ] Safepoint synchronization initiated. (178 threads)
[2023-11-05T10:10:59.124+0000][129.475s][info ][safepoint     ] Application time: 1.0005255 seconds
[2023-11-05T10:10:59.124+0000][129.476s][info ][safepoint     ] Entering safepoint region: Cleanup
[2023-11-05T10:10:59.125+0000][129.476s][info ][safepoint     ] Leaving safepoint region
[2023-11-05T10:10:59.125+0000][129.477s][info ][safepoint     ] Total time for which application threads were stopped: 0.0009674 seconds, Stopping threads took: 0.0003696 seconds
[2023-11-05T10:11:02.126+0000][132.477s][debug][safepoint     ] Safepoint synchronization initiated. (176 threads)
[2023-11-05T10:11:02.127+0000][132.478s][info ][safepoint     ] Application time: 3.0016561 seconds
[2023-11-05T10:11:02.128+0000][132.479s][info ][safepoint     ] Entering safepoint region: Cleanup
[2023-11-05T10:11:02.129+0000][132.480s][info ][safepoint     ] Leaving safepoint region
[2023-11-05T10:11:02.130+0000][132.481s][info ][safepoint     ] Total time for which application threads were stopped: 0.0017399 seconds, Stopping threads took: 0.0007157 seconds
[2023-11-05T10:11:26.136+0000][156.488s][debug][safepoint     ] Safepoint synchronization initiated. (176 threads)
[2023-11-05T10:11:26.137+0000][156.488s][info ][safepoint     ] Application time: 24.0063059 seconds
[2023-11-05T10:11:26.137+0000][156.489s][info ][safepoint     ] Entering safepoint region: Cleanup
[2023-11-05T10:11:26.138+0000][156.489s][info ][safepoint     ] Leaving safepoint region
[2023-11-05T10:11:26.138+0000][156.490s][info ][safepoint     ] Total time for which application threads were stopped: 0.0009433 seconds, Stopping threads took: 0.0003937 seconds
[2023-11-05T10:11:28.139+0000][158.490s][debug][safepoint     ] Safepoint synchronization initiated. (176 threads)
[2023-11-05T10:11:28.140+0000][158.491s][info ][safepoint     ] Application time: 2.0012025 seconds
[2023-11-05T10:11:28.140+0000][158.492s][info ][safepoint     ] Entering safepoint region: Cleanup
[2023-11-05T10:11:28.141+0000][158.492s][info ][safepoint     ] Leaving safepoint region
[2023-11-05T10:11:28.142+0000][158.493s][info ][safepoint     ] Total time for which application threads were stopped: 0.0012624 seconds, Stopping threads took: 0.0005518 seconds
[2023-11-05T10:11:33.142+0000][163.494s][debug][safepoint     ] Safepoint synchronization initiated. (176 threads)
[2023-11-05T10:11:33.144+0000][163.495s][info ][safepoint     ] Application time: 5.0018556 seconds
[2023-11-05T10:11:33.145+0000][163.496s][info ][safepoint     ] Entering safepoint region: Cleanup
[2023-11-05T10:11:33.146+0000][163.497s][info ][safepoint     ] Leaving safepoint region
[2023-11-05T10:11:33.146+0000][163.498s][info ][safepoint     ] Total time for which application threads were stopped: 0.0018613 seconds, Stopping threads took: 0.0007706 seconds
[2023-11-05T10:11:36.148+0000][166.500s][debug][safepoint     ] Safepoint synchronization initiated. (174 threads)
[2023-11-05T10:11:36.149+0000][166.501s][info ][safepoint     ] Application time: 3.0021668 seconds
[2023-11-05T10:11:36.150+0000][166.502s][info ][safepoint     ] Entering safepoint region: Cleanup
[2023-11-05T10:11:36.151+0000][166.503s][info ][safepoint     ] Leaving safepoint region
[2023-11-05T10:11:36.152+0000][166.503s][info ][safepoint     ] Total time for which application threads were stopped: 0.0017852 seconds, Stopping threads took: 0.0007555 seconds
[2023-11-05T10:11:44.154+0000][174.505s][debug][safepoint     ] Safepoint synchronization initiated. (174 threads)
[2023-11-05T10:11:44.154+0000][174.506s][info ][safepoint     ] Application time: 8.0020434 seconds
[2023-11-05T10:11:44.155+0000][174.507s][info ][safepoint     ] Entering safepoint region: Cleanup
[2023-11-05T10:11:44.156+0000][174.508s][info ][safepoint     ] Leaving safepoint region
[2023-11-05T10:11:44.157+0000][174.508s][info ][safepoint     ] Total time for which application threads were stopped: 0.0018641 seconds, Stopping threads took: 0.0009593 seconds
[2023-11-05T10:12:02.160+0000][192.512s][debug][safepoint     ] Safepoint synchronization initiated. (174 threads)
[2023-11-05T10:12:02.161+0000][192.513s][info ][safepoint     ] Application time: 18.0040780 seconds
[2023-11-05T10:12:02.162+0000][192.514s][info ][safepoint     ] Entering safepoint region: Cleanup
[2023-11-05T10:12:02.164+0000][192.515s][info ][safepoint     ] Leaving safepoint region
[2023-11-05T10:12:02.165+0000][192.516s][info ][safepoint     ] Total time for which application threads were stopped: 0.0021683 seconds, Stopping threads took: 0.0010190 seconds
[2023-11-05T10:12:25.171+0000][215.522s][debug][safepoint     ] Safepoint synchronization initiated. (174 threads)
[2023-11-05T10:12:25.172+0000][215.523s][info ][safepoint     ] Application time: 23.0065916 seconds
[2023-11-05T10:12:25.173+0000][215.524s][info ][safepoint     ] Entering safepoint region: Cleanup
[2023-11-05T10:12:25.174+0000][215.526s][info ][safepoint     ] Leaving safepoint region
[2023-11-05T10:12:25.175+0000][215.526s][info ][safepoint     ] Total time for which application threads were stopped: 0.0020236 seconds, Stopping threads took: 0.0009999 seconds
[2023-11-05T10:12:34.178+0000][224.529s][debug][safepoint     ] Safepoint synchronization initiated. (174 threads)
[2023-11-05T10:12:34.179+0000][224.531s][info ][safepoint     ] Application time: 9.0035571 seconds
[2023-11-05T10:12:34.180+0000][224.531s][info ][safepoint     ] Entering safepoint region: Cleanup
[2023-11-05T10:12:34.180+0000][224.532s][info ][safepoint     ] Leaving safepoint region
[2023-11-05T10:12:34.180+0000][224.532s][info ][safepoint     ] Total time for which application threads were stopped: 0.0009292 seconds, Stopping threads took: 0.0004108 seconds
[2023-11-05T10:12:35.181+0000][225.532s][debug][safepoint     ] Safepoint synchronization initiated. (172 threads)
[2023-11-05T10:12:35.181+0000][225.533s][info ][safepoint     ] Application time: 1.0005936 seconds
[2023-11-05T10:12:35.182+0000][225.533s][info ][safepoint     ] Entering safepoint region: Cleanup
[2023-11-05T10:12:35.182+0000][225.534s][info ][safepoint     ] Leaving safepoint region
[2023-11-05T10:12:35.183+0000][225.534s][info ][safepoint     ] Total time for which application threads were stopped: 0.0008890 seconds, Stopping threads took: 0.0003591 seconds
[2023-11-05T10:12:44.185+0000][234.536s][debug][safepoint     ] Safepoint synchronization initiated. (172 threads)
[2023-11-05T10:12:44.186+0000][234.537s][info ][safepoint     ] Application time: 9.0027015 seconds
[2023-11-05T10:12:44.187+0000][234.538s][info ][safepoint     ] Entering safepoint region: Cleanup
[2023-11-05T10:12:44.188+0000][234.540s][info ][safepoint     ] Leaving safepoint region
[2023-11-05T10:12:44.189+0000][234.540s][info ][safepoint     ] Total time for which application threads were stopped: 0.0021559 seconds, Stopping threads took: 0.0009836 seconds
[2023-11-05T10:12:52.191+0000][242.542s][debug][safepoint     ] Safepoint synchronization initiated. (172 threads)
[2023-11-05T10:12:52.191+0000][242.543s][info ][safepoint     ] Application time: 8.0021059 seconds
[2023-11-05T10:12:52.192+0000][242.544s][info ][safepoint     ] Entering safepoint region: Cleanup
[2023-11-05T10:12:52.193+0000][242.544s][info ][safepoint     ] Leaving safepoint region
[2023-11-05T10:12:52.193+0000][242.545s][info ][safepoint     ] Total time for which application threads were stopped: 0.0011994 seconds, Stopping threads took: 0.0005019 seconds
[2023-11-05T10:12:54.194+0000][244.546s][debug][safepoint     ] Safepoint synchronization initiated. (172 threads)
[2023-11-05T10:12:54.195+0000][244.546s][info ][safepoint     ] Application time: 2.0011394 seconds
[2023-11-05T10:12:54.195+0000][244.547s][debug][safepoint     ] ... found polling page return exception at pc = 0x00007f7e6144b81b, stub =0x00007f7e58840600
[2023-11-05T10:12:54.196+0000][244.547s][debug][safepoint     ] Waiting for 1 thread(s) to block
[2023-11-05T10:12:54.196+0000][244.548s][info ][safepoint     ] Entering safepoint region: Cleanup
[2023-11-05T10:12:54.197+0000][244.548s][info ][safepoint     ] Leaving safepoint region
[2023-11-05T10:12:54.197+0000][244.549s][info ][safepoint     ] Total time for which application threads were stopped: 0.0018390 seconds, Stopping threads took: 0.0012576 seconds
[2023-11-05T10:13:02.199+0000][252.550s][debug][safepoint     ] Safepoint synchronization initiated. (172 threads)
[2023-11-05T10:13:02.199+0000][252.551s][info ][safepoint     ] Application time: 8.0018931 seconds
[2023-11-05T10:13:02.200+0000][252.552s][info ][safepoint     ] Entering safepoint region: Cleanup
[2023-11-05T10:13:02.201+0000][252.553s][info ][safepoint     ] Leaving safepoint region
[2023-11-05T10:13:02.202+0000][252.553s][info ][safepoint     ] Total time for which application threads were stopped: 0.0016120 seconds, Stopping threads took: 0.0007477 seconds
[2023-11-05T10:13:12.204+0000][262.556s][debug][safepoint     ] Safepoint synchronization initiated. (172 threads)
[2023-11-05T10:13:12.205+0000][262.557s][info ][safepoint     ] Application time: 10.0027512 seconds
[2023-11-05T10:13:12.206+0000][262.557s][debug][safepoint     ] ... found polling page return exception at pc = 0x00007f7e6035019d, stub =0x00007f7e58840600
[2023-11-05T10:13:12.206+0000][262.558s][debug][safepoint     ] Waiting for 2 thread(s) to block
[2023-11-05T10:13:12.207+0000][262.559s][info ][safepoint     ] Entering safepoint region: Cleanup
[2023-11-05T10:13:12.208+0000][262.560s][info ][safepoint     ] Leaving safepoint region
[2023-11-05T10:13:12.209+0000][262.560s][info ][safepoint     ] Total time for which application threads were stopped: 0.0029667 seconds, Stopping threads took: 0.0021919 seconds
[2023-11-05T10:13:17.211+0000][267.562s][debug][safepoint     ] Safepoint synchronization initiated. (172 threads)
[2023-11-05T10:13:17.211+0000][267.563s][info ][safepoint     ] Application time: 5.0019922 seconds
[2023-11-05T10:13:17.212+0000][267.564s][info ][safepoint     ] Entering safepoint region: Cleanup
[2023-11-05T10:13:17.213+0000][267.564s][info ][safepoint     ] Leaving safepoint region
[2023-11-05T10:13:17.213+0000][267.565s][info ][safepoint     ] Total time for which application threads were stopped: 0.0015304 seconds, Stopping threads took: 0.0006322 seconds
[2023-11-05T10:13:18.214+0000][268.566s][debug][safepoint     ] Safepoint synchronization initiated. (172 threads)
[2023-11-05T10:13:18.215+0000][268.567s][info ][safepoint     ] Application time: 1.0012366 seconds
[2023-11-05T10:13:18.216+0000][268.568s][info ][safepoint     ] Entering safepoint region: Cleanup
[2023-11-05T10:13:18.217+0000][268.569s][info ][safepoint     ] Leaving safepoint region
[2023-11-05T10:13:18.218+0000][268.570s][info ][safepoint     ] Total time for which application threads were stopped: 0.0020005 seconds, Stopping threads took: 0.0009001 seconds
[2023-11-05T10:13:22.219+0000][272.571s][debug][safepoint     ] Safepoint synchronization initiated. (172 threads)
[2023-11-05T10:13:22.220+0000][272.572s][info ][safepoint     ] Application time: 4.0017254 seconds
[2023-11-05T10:13:22.221+0000][272.572s][info ][safepoint     ] Entering safepoint region: Cleanup
[2023-11-05T10:13:22.222+0000][272.573s][info ][safepoint     ] Leaving safepoint region
[2023-11-05T10:13:22.222+0000][272.574s][info ][safepoint     ] Total time for which application threads were stopped: 0.0015814 seconds, Stopping threads took: 0.0006388 seconds
[2023-11-05T10:13:31.287+0000][281.639s][debug][safepoint     ] Safepoint synchronization initiated. (172 threads)
[2023-11-05T10:13:31.288+0000][281.640s][info ][safepoint     ] Application time: 9.0652189 seconds
[2023-11-05T10:13:31.288+0000][281.640s][info ][safepoint     ] Entering safepoint region: G1CollectForAllocation
[2023-11-05T10:13:31.289+0000][281.641s][info ][gc,start      ] GC(72) Pause Young (Normal) (G1 Evacuation Pause)
[2023-11-05T10:13:31.289+0000][281.642s][info ][gc,task       ] GC(72) Using 8 workers of 8 for evacuation
[2023-11-05T10:13:31.301+0000][281.653s][info ][gc,phases     ] GC(72)   Pre Evacuate Collection Set: 0.0ms
[2023-11-05T10:13:31.301+0000][281.653s][info ][gc,phases     ] GC(72)   Evacuate Collection Set: 6.6ms
[2023-11-05T10:13:31.302+0000][281.654s][info ][gc,phases     ] GC(72)   Post Evacuate Collection Set: 3.2ms
[2023-11-05T10:13:31.302+0000][281.654s][info ][gc,phases     ] GC(72)   Other: 1.8ms
[2023-11-05T10:13:31.303+0000][281.655s][info ][gc,heap       ] GC(72) Eden regions: 173->0(176)
[2023-11-05T10:13:31.303+0000][281.655s][info ][gc,heap       ] GC(72) Survivor regions: 14->12(24)
[2023-11-05T10:13:31.304+0000][281.656s][info ][gc,heap       ] GC(72) Old regions: 144->145
[2023-11-05T10:13:31.304+0000][281.657s][info ][gc,heap       ] GC(72) Humongous regions: 0->0
[2023-11-05T10:13:31.305+0000][281.657s][info ][gc,metaspace  ] GC(72) Metaspace: 162172K(167304K)->162172K(167304K) NonClass: 143205K(146316K)->143205K(146316K) Class: 18966K(20988K)->18966K(20988K)
[2023-11-05T10:13:31.306+0000][281.658s][info ][gc            ] GC(72) Pause Young (Normal) (G1 Evacuation Pause) 328M->155M(384M) 16.582ms
[2023-11-05T10:13:31.306+0000][281.658s][info ][gc,cpu        ] GC(72) User=0.07s Sys=0.00s Real=0.02s
[2023-11-05T10:13:31.307+0000][281.659s][info ][safepoint     ] Leaving safepoint region
[2023-11-05T10:13:31.307+0000][281.659s][info ][safepoint     ] Total time for which application threads were stopped: 0.0188627 seconds, Stopping threads took: 0.0005337 seconds
[2023-11-05T10:13:31.308+0000][281.660s][info ][gc,stringdedup] Concurrent String Deduplication (281.660s)
[2023-11-05T10:13:31.310+0000][281.662s][info ][gc,stringdedup] Concurrent String Deduplication 309.0K->130.9K(178.1K) avg 54.3% (281.660s, 281.662s) 2.402ms
[2023-11-05T10:13:32.308+0000][282.660s][debug][safepoint     ] Safepoint synchronization initiated. (172 threads)
[2023-11-05T10:13:32.308+0000][282.660s][info ][safepoint     ] Application time: 1.0007679 seconds
[2023-11-05T10:13:32.309+0000][282.661s][info ][safepoint     ] Entering safepoint region: Cleanup
[2023-11-05T10:13:32.309+0000][282.661s][info ][safepoint     ] Leaving safepoint region
[2023-11-05T10:13:32.309+0000][282.661s][info ][safepoint     ] Total time for which application threads were stopped: 0.0007934 seconds, Stopping threads took: 0.0003222 seconds
[2023-11-05T10:13:35.310+0000][285.662s][debug][safepoint     ] Safepoint synchronization initiated. (172 threads)
[2023-11-05T10:13:35.311+0000][285.663s][info ][safepoint     ] Application time: 3.0010431 seconds
[2023-11-05T10:13:35.311+0000][285.663s][info ][safepoint     ] Entering safepoint region: Cleanup
[2023-11-05T10:13:35.312+0000][285.664s][info ][safepoint     ] Leaving safepoint region
[2023-11-05T10:13:35.312+0000][285.664s][info ][safepoint     ] Total time for which application threads were stopped: 0.0009991 seconds, Stopping threads took: 0.0004207 seconds
[2023-11-05T10:13:54.316+0000][304.668s][debug][safepoint     ] Safepoint synchronization initiated. (172 threads)
[2023-11-05T10:13:54.317+0000][304.669s][info ][safepoint     ] Application time: 19.0042241 seconds
[2023-11-05T10:13:54.317+0000][304.669s][info ][safepoint     ] Entering safepoint region: Cleanup
[2023-11-05T10:13:54.318+0000][304.670s][info ][safepoint     ] Leaving safepoint region
[2023-11-05T10:13:54.319+0000][304.671s][info ][safepoint     ] Total time for which application threads were stopped: 0.0014537 seconds, Stopping threads took: 0.0006699 seconds
[2023-11-05T10:14:05.320+0000][315.674s][debug][safepoint     ] Safepoint synchronization initiated. (172 threads)
[2023-11-05T10:14:05.321+0000][315.674s][info ][safepoint     ] Application time: 11.0030313 seconds
[2023-11-05T10:14:05.322+0000][315.675s][info ][safepoint     ] Entering safepoint region: Cleanup
[2023-11-05T10:14:05.322+0000][315.676s][info ][safepoint     ] Leaving safepoint region
[2023-11-05T10:14:05.323+0000][315.676s][info ][safepoint     ] Total time for which application threads were stopped: 0.0012529 seconds, Stopping threads took: 0.0005600 seconds
[2023-11-05T10:14:06.324+0000][316.677s][debug][safepoint     ] Safepoint synchronization initiated. (172 threads)
[2023-11-05T10:14:06.324+0000][316.677s][info ][safepoint     ] Application time: 1.0008026 seconds
[2023-11-05T10:14:06.325+0000][316.678s][info ][safepoint     ] Entering safepoint region: Cleanup
[2023-11-05T10:14:06.326+0000][316.679s][info ][safepoint     ] Leaving safepoint region
[2023-11-05T10:14:06.326+0000][316.680s][info ][safepoint     ] Total time for which application threads were stopped: 0.0017001 seconds, Stopping threads took: 0.0008001 seconds
[2023-11-05T10:14:14.328+0000][324.682s][debug][safepoint     ] Safepoint synchronization initiated. (172 threads)
[2023-11-05T10:14:14.329+0000][324.682s][info ][safepoint     ] Application time: 8.0021339 seconds
[2023-11-05T10:14:14.330+0000][324.683s][info ][safepoint     ] Entering safepoint region: Cleanup
[2023-11-05T10:14:14.331+0000][324.684s][info ][safepoint     ] Leaving safepoint region
[2023-11-05T10:14:14.331+0000][324.684s][info ][safepoint     ] Total time for which application threads were stopped: 0.0014781 seconds, Stopping threads took: 0.0006621 seconds
[2023-11-05T10:14:15.332+0000][325.685s][debug][safepoint     ] Safepoint synchronization initiated. (172 threads)
[2023-11-05T10:14:15.333+0000][325.686s][info ][safepoint     ] Application time: 1.0010519 seconds
[2023-11-05T10:14:15.334+0000][325.687s][info ][safepoint     ] Entering safepoint region: Cleanup
[2023-11-05T10:14:15.335+0000][325.688s][info ][safepoint     ] Leaving safepoint region
[2023-11-05T10:14:15.336+0000][325.689s][info ][safepoint     ] Total time for which application threads were stopped: 0.0020536 seconds, Stopping threads took: 0.0008660 seconds
[2023-11-05T10:14:17.337+0000][327.690s][debug][safepoint     ] Safepoint synchronization initiated. (172 threads)
[2023-11-05T10:14:17.338+0000][327.691s][info ][safepoint     ] Application time: 2.0016149 seconds
[2023-11-05T10:14:17.338+0000][327.692s][info ][safepoint     ] Entering safepoint region: Cleanup
[2023-11-05T10:14:17.340+0000][327.693s][info ][safepoint     ] Leaving safepoint region
[2023-11-05T10:14:17.341+0000][327.694s][info ][safepoint     ] Total time for which application threads were stopped: 0.0021754 seconds, Stopping threads took: 0.0012806 seconds
[2023-11-05T10:14:24.343+0000][334.696s][debug][safepoint     ] Safepoint synchronization initiated. (172 threads)
[2023-11-05T10:14:24.344+0000][334.697s][info ][safepoint     ] Application time: 7.0026464 seconds
[2023-11-05T10:14:24.345+0000][334.698s][info ][safepoint     ] Entering safepoint region: Cleanup
[2023-11-05T10:14:24.346+0000][334.699s][info ][safepoint     ] Leaving safepoint region
[2023-11-05T10:14:24.347+0000][334.700s][info ][safepoint     ] Total time for which application threads were stopped: 0.0022703 seconds, Stopping threads took: 0.0007304 seconds
[2023-11-05T10:14:35.349+0000][345.703s][debug][safepoint     ] Safepoint synchronization initiated. (171 threads)
[2023-11-05T10:14:35.350+0000][345.704s][info ][safepoint     ] Application time: 11.0026810 seconds
[2023-11-05T10:14:35.350+0000][345.704s][info ][safepoint     ] Entering safepoint region: Cleanup
[2023-11-05T10:14:35.351+0000][345.705s][info ][safepoint     ] Leaving safepoint region
[2023-11-05T10:14:35.351+0000][345.705s][info ][safepoint     ] Total time for which application threads were stopped: 0.0011212 seconds, Stopping threads took: 0.0005160 seconds
[2023-11-05T10:14:52.355+0000][362.709s][debug][safepoint     ] Safepoint synchronization initiated. (171 threads)
[2023-11-05T10:14:52.356+0000][362.710s][info ][safepoint     ] Application time: 17.0037819 seconds
[2023-11-05T10:14:52.356+0000][362.710s][info ][safepoint     ] Entering safepoint region: Cleanup
[2023-11-05T10:14:52.357+0000][362.711s][info ][safepoint     ] Leaving safepoint region
[2023-11-05T10:14:52.357+0000][362.711s][info ][safepoint     ] Total time for which application threads were stopped: 0.0012058 seconds, Stopping threads took: 0.0005777 seconds
[2023-11-05T10:15:00.358+0000][370.713s][debug][safepoint     ] Safepoint synchronization initiated. (170 threads)
[2023-11-05T10:15:00.358+0000][370.713s][info ][safepoint     ] Application time: 8.0017106 seconds
[2023-11-05T10:15:00.359+0000][370.714s][info ][safepoint     ] Entering safepoint region: Cleanup
[2023-11-05T10:15:00.359+0000][370.714s][info ][safepoint     ] Leaving safepoint region
[2023-11-05T10:15:00.360+0000][370.715s][info ][safepoint     ] Total time for which application threads were stopped: 0.0010656 seconds, Stopping threads took: 0.0004144 seconds
[2023-11-05T10:15:06.361+0000][376.717s][debug][safepoint     ] Safepoint synchronization initiated. (170 threads)
[2023-11-05T10:15:06.362+0000][376.717s][info ][safepoint     ] Application time: 6.0019290 seconds
[2023-11-05T10:15:06.362+0000][376.718s][info ][safepoint     ] Entering safepoint region: Cleanup
[2023-11-05T10:15:06.363+0000][376.718s][info ][safepoint     ] Leaving safepoint region
[2023-11-05T10:15:06.363+0000][376.719s][info ][safepoint     ] Total time for which application threads were stopped: 0.0009833 seconds, Stopping threads took: 0.0003581 seconds
[2023-11-05T10:15:13.365+0000][383.720s][debug][safepoint     ] Safepoint synchronization initiated. (170 threads)
[2023-11-05T10:15:13.366+0000][383.721s][info ][safepoint     ] Application time: 7.0015597 seconds
[2023-11-05T10:15:13.367+0000][383.722s][info ][safepoint     ] Entering safepoint region: Cleanup
[2023-11-05T10:15:13.367+0000][383.723s][info ][safepoint     ] Leaving safepoint region
[2023-11-05T10:15:13.368+0000][383.723s][info ][safepoint     ] Total time for which application threads were stopped: 0.0013636 seconds, Stopping threads took: 0.0006336 seconds
[2023-11-05T10:15:35.372+0000][405.728s][debug][safepoint     ] Safepoint synchronization initiated. (169 threads)
[2023-11-05T10:15:35.373+0000][405.729s][info ][safepoint     ] Application time: 22.0048454 seconds
[2023-11-05T10:15:35.373+0000][405.729s][info ][safepoint     ] Entering safepoint region: Cleanup
[2023-11-05T10:15:35.374+0000][405.730s][info ][safepoint     ] Leaving safepoint region
[2023-11-05T10:15:35.374+0000][405.730s][info ][safepoint     ] Total time for which application threads were stopped: 0.0012761 seconds, Stopping threads took: 0.0005671 seconds
[2023-11-05T10:15:39.375+0000][409.731s][debug][safepoint     ] Safepoint synchronization initiated. (169 threads)
[2023-11-05T10:15:39.376+0000][409.732s][info ][safepoint     ] Application time: 4.0012668 seconds
[2023-11-05T10:15:39.377+0000][409.733s][info ][safepoint     ] Entering safepoint region: Cleanup
[2023-11-05T10:15:39.377+0000][409.733s][info ][safepoint     ] Leaving safepoint region
[2023-11-05T10:15:39.378+0000][409.734s][info ][safepoint     ] Total time for which application threads were stopped: 0.0012331 seconds, Stopping threads took: 0.0005079 seconds
[2023-11-05T10:15:57.381+0000][427.737s][debug][safepoint     ] Safepoint synchronization initiated. (168 threads)
[2023-11-05T10:15:57.389+0000][427.745s][info ][safepoint     ] Application time: 18.0103023 seconds
[2023-11-05T10:15:57.402+0000][427.758s][info ][safepoint     ] Entering safepoint region: Cleanup
[2023-11-05T10:15:57.427+0000][427.783s][info ][safepoint     ] Leaving safepoint region
[2023-11-05T10:15:57.438+0000][427.794s][info ][safepoint     ] Total time for which application threads were stopped: 0.0364521 seconds, Stopping threads took: 0.0243800 seconds
[2023-11-05T10:16:00.457+0000][430.799s][debug][safepoint     ] Safepoint synchronization initiated. (168 threads)
[2023-11-05T10:16:00.493+0000][430.834s][info ][safepoint     ] Application time: 3.0360247 seconds
[2023-11-05T10:16:00.526+0000][430.868s][info ][safepoint     ] Entering safepoint region: Cleanup
[2023-11-05T10:16:00.569+0000][430.911s][info ][safepoint     ] Leaving safepoint region
[2023-11-05T10:16:00.601+0000][430.942s][info ][safepoint     ] Total time for which application threads were stopped: 0.0747026 seconds, Stopping threads took: 0.0425403 seconds
[2023-11-05T10:16:17.647+0000][447.989s][debug][safepoint     ] Safepoint synchronization initiated. (168 threads)
[2023-11-05T10:16:17.675+0000][448.017s][info ][safepoint     ] Application time: 17.0301691 seconds
[2023-11-05T10:16:17.735+0000][448.077s][info ][safepoint     ] Entering safepoint region: Cleanup
[2023-11-05T10:16:17.783+0000][448.125s][info ][safepoint     ] Leaving safepoint region
[2023-11-05T10:16:17.801+0000][448.142s][info ][safepoint     ] Total time for which application threads were stopped: 0.0658323 seconds, Stopping threads took: 0.0476113 seconds
[2023-11-05T10:16:33.845+0000][464.169s][debug][safepoint     ] Safepoint synchronization initiated. (168 threads)
[2023-11-05T10:16:33.853+0000][464.177s][info ][safepoint     ] Application time: 16.0105525 seconds
[2023-11-05T10:16:33.862+0000][464.186s][info ][safepoint     ] Entering safepoint region: Cleanup
[2023-11-05T10:16:33.866+0000][464.190s][info ][safepoint     ] Leaving safepoint region
[2023-11-05T10:16:33.881+0000][464.205s][info ][safepoint     ] Total time for which application threads were stopped: 0.0188979 seconds, Stopping threads took: 0.0039983 seconds
[2023-11-05T10:16:35.893+0000][466.216s][debug][safepoint     ] Safepoint synchronization initiated. (167 threads)
[2023-11-05T10:16:35.906+0000][466.230s][info ][safepoint     ] Application time: 2.0139561 seconds
[2023-11-05T10:16:35.932+0000][466.256s][info ][safepoint     ] Entering safepoint region: Cleanup
[2023-11-05T10:16:35.978+0000][466.302s][info ][safepoint     ] Leaving safepoint region
[2023-11-05T10:16:35.982+0000][466.306s][info ][safepoint     ] Total time for which application threads were stopped: 0.0504435 seconds, Stopping threads took: 0.0460297 seconds
[2023-11-05T10:16:46.914+0000][477.237s][debug][safepoint     ] Safepoint synchronization initiated. (167 threads)
[2023-11-05T10:16:46.937+0000][477.260s][info ][safepoint     ] Application time: 10.9477033 seconds
[2023-11-05T10:16:46.946+0000][477.269s][info ][safepoint     ] Entering safepoint region: G1CollectForAllocation
[2023-11-05T10:16:46.949+0000][477.273s][info ][gc,start      ] GC(73) Pause Young (Normal) (G1 Evacuation Pause)
[2023-11-05T10:16:46.955+0000][477.278s][info ][gc,task       ] GC(73) Using 8 workers of 8 for evacuation
[2023-11-05T10:16:47.017+0000][477.341s][info ][gc,phases     ] GC(73)   Pre Evacuate Collection Set: 0.1ms
[2023-11-05T10:16:47.027+0000][477.350s][info ][gc,phases     ] GC(73)   Evacuate Collection Set: 40.6ms
[2023-11-05T10:16:47.035+0000][477.359s][info ][gc,phases     ] GC(73)   Post Evacuate Collection Set: 8.1ms
[2023-11-05T10:16:47.037+0000][477.361s][info ][gc,phases     ] GC(73)   Other: 19.4ms
[2023-11-05T10:16:47.042+0000][477.365s][info ][gc,heap       ] GC(73) Eden regions: 176->0(176)
[2023-11-05T10:16:47.054+0000][477.377s][info ][gc,heap       ] GC(73) Survivor regions: 12->12(24)
[2023-11-05T10:16:47.062+0000][477.386s][info ][gc,heap       ] GC(73) Old regions: 145->145
[2023-11-05T10:16:47.069+0000][477.392s][info ][gc,heap       ] GC(73) Humongous regions: 0->0
[2023-11-05T10:16:47.071+0000][477.394s][info ][gc,metaspace  ] GC(73) Metaspace: 162296K(167560K)->162296K(167560K) NonClass: 143326K(146572K)->143326K(146572K) Class: 18970K(20988K)->18970K(20988K)
[2023-11-05T10:16:47.081+0000][477.405s][info ][gc            ] GC(73) Pause Young (Normal) (G1 Evacuation Pause) 331M->154M(384M) 132.331ms
[2023-11-05T10:16:47.084+0000][477.408s][info ][gc,cpu        ] GC(73) User=0.30s Sys=0.00s Real=0.14s
[2023-11-05T10:16:47.143+0000][477.466s][info ][safepoint     ] Leaving safepoint region
[2023-11-05T10:16:47.167+0000][477.491s][info ][safepoint     ] Total time for which application threads were stopped: 0.2216061 seconds, Stopping threads took: 0.0030482 seconds
[2023-11-05T10:16:47.169+0000][477.493s][info ][gc,stringdedup] Concurrent String Deduplication (477.493s)
[2023-11-05T10:16:47.212+0000][477.536s][info ][gc,stringdedup] Concurrent String Deduplication 134.6K->65976.0B(71840.0B) avg 54.3% (477.493s, 477.536s) 43.028ms
[2023-11-05T10:17:16.177+0000][506.498s][debug][safepoint     ] Safepoint synchronization initiated. (166 threads)
[2023-11-05T10:17:16.202+0000][506.523s][info ][safepoint     ] Application time: 29.0304699 seconds
[2023-11-05T10:17:16.225+0000][506.546s][info ][safepoint     ] Entering safepoint region: Cleanup
[2023-11-05T10:17:16.256+0000][506.577s][info ][safepoint     ] Leaving safepoint region
[2023-11-05T10:17:16.265+0000][506.586s][info ][safepoint     ] Total time for which application threads were stopped: 0.0397937 seconds, Stopping threads took: 0.0310945 seconds
[2023-11-05T10:17:18.292+0000][508.613s][debug][safepoint     ] Safepoint synchronization initiated. (166 threads)
[2023-11-05T10:17:18.332+0000][508.653s][info ][safepoint     ] Application time: 2.0399744 seconds
[2023-11-05T10:17:18.353+0000][508.674s][info ][safepoint     ] Entering safepoint region: Cleanup
[2023-11-05T10:17:18.365+0000][508.686s][info ][safepoint     ] Leaving safepoint region
[2023-11-05T10:17:18.391+0000][508.712s][info ][safepoint     ] Total time for which application threads were stopped: 0.0381867 seconds, Stopping threads took: 0.0121820 seconds
[2023-11-05T10:17:35.408+0000][525.728s][debug][safepoint     ] Safepoint synchronization initiated. (166 threads)
[2023-11-05T10:17:35.429+0000][525.749s][info ][safepoint     ] Application time: 17.0235040 seconds
[2023-11-05T10:17:35.435+0000][525.755s][info ][safepoint     ] Entering safepoint region: Cleanup
[2023-11-05T10:17:35.467+0000][525.787s][info ][safepoint     ] Leaving safepoint region
[2023-11-05T10:17:35.501+0000][525.821s][info ][safepoint     ] Total time for which application threads were stopped: 0.0661644 seconds, Stopping threads took: 0.0111488 seconds
[2023-11-05T10:17:37.522+0000][527.842s][debug][safepoint     ] Safepoint synchronization initiated. (166 threads)
[2023-11-05T10:17:37.527+0000][527.847s][info ][safepoint     ] Application time: 2.0044863 seconds
[2023-11-05T10:17:37.528+0000][527.848s][info ][safepoint     ] Entering safepoint region: Cleanup
[2023-11-05T10:17:37.535+0000][527.855s][info ][safepoint     ] Leaving safepoint region
[2023-11-05T10:17:37.540+0000][527.860s][info ][safepoint     ] Total time for which application threads were stopped: 0.0120403 seconds, Stopping threads took: 0.0068484 seconds
[2023-11-05T10:18:15.554+0000][565.867s][debug][safepoint     ] Safepoint synchronization initiated. (166 threads)
[2023-11-05T10:18:15.556+0000][565.869s][info ][safepoint     ] Application time: 38.0071393 seconds
[2023-11-05T10:18:15.559+0000][565.872s][info ][safepoint     ] Entering safepoint region: Cleanup
[2023-11-05T10:18:15.560+0000][565.873s][info ][safepoint     ] Leaving safepoint region
[2023-11-05T10:18:15.561+0000][565.874s][info ][safepoint     ] Total time for which application threads were stopped: 0.0020633 seconds, Stopping threads took: 0.0010307 seconds
[2023-11-05T10:18:19.562+0000][569.875s][debug][safepoint     ] Safepoint synchronization initiated. (166 threads)
[2023-11-05T10:18:19.568+0000][569.881s][info ][safepoint     ] Application time: 4.0067385 seconds
[2023-11-05T10:18:19.582+0000][569.895s][debug][safepoint     ] ... found polling page return exception at pc = 0x00007f7e61361477, stub =0x00007f7e58840600
[2023-11-05T10:18:19.588+0000][569.901s][debug][safepoint     ] Waiting for 1 thread(s) to block
[2023-11-05T10:18:19.590+0000][569.903s][info ][safepoint     ] Entering safepoint region: Cleanup
[2023-11-05T10:18:19.591+0000][569.904s][info ][safepoint     ] Leaving safepoint region
[2023-11-05T10:18:19.592+0000][569.905s][info ][safepoint     ] Total time for which application threads were stopped: 0.0217534 seconds, Stopping threads took: 0.0205034 seconds
[2023-11-05T10:18:35.612+0000][585.909s][debug][safepoint     ] Safepoint synchronization initiated. (166 threads)
[2023-11-05T10:18:35.622+0000][585.919s][info ][safepoint     ] Application time: 16.0122543 seconds
[2023-11-05T10:18:35.640+0000][585.936s][info ][safepoint     ] Entering safepoint region: Cleanup
[2023-11-05T10:18:35.643+0000][585.940s][info ][safepoint     ] Leaving safepoint region
[2023-11-05T10:18:35.650+0000][585.946s][info ][safepoint     ] Total time for which application threads were stopped: 0.0097346 seconds, Stopping threads took: 0.0033237 seconds
[2023-11-05T10:18:42.670+0000][592.967s][debug][safepoint     ] Safepoint synchronization initiated. (166 threads)
[2023-11-05T10:18:42.671+0000][592.967s][info ][safepoint     ] Application time: 7.0016922 seconds
[2023-11-05T10:18:42.672+0000][592.968s][info ][safepoint     ] Entering safepoint region: Cleanup
[2023-11-05T10:18:42.673+0000][592.969s][info ][safepoint     ] Leaving safepoint region
[2023-11-05T10:18:42.673+0000][592.969s][info ][safepoint     ] Total time for which application threads were stopped: 0.0013793 seconds, Stopping threads took: 0.0006274 seconds
[2023-11-05T10:18:48.674+0000][598.971s][debug][safepoint     ] Safepoint synchronization initiated. (166 threads)
[2023-11-05T10:18:48.675+0000][598.971s][info ][safepoint     ] Application time: 6.0014578 seconds
[2023-11-05T10:18:48.676+0000][598.972s][info ][safepoint     ] Entering safepoint region: Cleanup
[2023-11-05T10:18:48.676+0000][598.972s][info ][safepoint     ] Leaving safepoint region
[2023-11-05T10:18:48.677+0000][598.973s][info ][safepoint     ] Total time for which application threads were stopped: 0.0011527 seconds, Stopping threads took: 0.0004437 seconds
[2023-11-05T10:19:15.683+0000][625.977s][debug][safepoint     ] Safepoint synchronization initiated. (166 threads)
[2023-11-05T10:19:15.684+0000][625.978s][info ][safepoint     ] Application time: 27.0042670 seconds
[2023-11-05T10:19:15.685+0000][625.978s][info ][safepoint     ] Entering safepoint region: Cleanup
[2023-11-05T10:19:15.686+0000][625.979s][info ][safepoint     ] Leaving safepoint region
[2023-11-05T10:19:15.686+0000][625.980s][info ][safepoint     ] Total time for which application threads were stopped: 0.0016159 seconds, Stopping threads took: 0.0006375 seconds
[2023-11-05T10:19:35.694+0000][645.986s][debug][safepoint     ] Safepoint synchronization initiated. (166 threads)
[2023-11-05T10:19:35.695+0000][645.987s][info ][safepoint     ] Application time: 20.0065490 seconds
[2023-11-05T10:19:35.697+0000][645.989s][info ][safepoint     ] Entering safepoint region: Cleanup
[2023-11-05T10:19:35.697+0000][645.989s][info ][safepoint     ] Leaving safepoint region
[2023-11-05T10:19:35.698+0000][645.990s][info ][safepoint     ] Total time for which application threads were stopped: 0.0013877 seconds, Stopping threads took: 0.0007500 seconds
[2023-11-05T10:20:05.403+0000][675.695s][debug][safepoint     ] Safepoint synchronization initiated. (166 threads)
[2023-11-05T10:20:05.411+0000][675.703s][info ][safepoint     ] Application time: 29.7133272 seconds
[2023-11-05T10:20:05.418+0000][675.710s][info ][safepoint     ] Entering safepoint region: G1CollectForAllocation
[2023-11-05T10:20:05.426+0000][675.718s][info ][gc,start      ] GC(74) Pause Young (Normal) (G1 Evacuation Pause)
[2023-11-05T10:20:05.436+0000][675.728s][info ][gc,task       ] GC(74) Using 8 workers of 8 for evacuation
[2023-11-05T10:20:05.545+0000][675.837s][info ][gc,phases     ] GC(74)   Pre Evacuate Collection Set: 1.6ms
[2023-11-05T10:20:05.559+0000][675.851s][info ][gc,phases     ] GC(74)   Evacuate Collection Set: 84.8ms
[2023-11-05T10:20:05.565+0000][675.857s][info ][gc,phases     ] GC(74)   Post Evacuate Collection Set: 18.9ms
[2023-11-05T10:20:05.574+0000][675.866s][info ][gc,phases     ] GC(74)   Other: 14.3ms
[2023-11-05T10:20:05.584+0000][675.876s][info ][gc,heap       ] GC(74) Eden regions: 176->0(176)
[2023-11-05T10:20:05.593+0000][675.885s][info ][gc,heap       ] GC(74) Survivor regions: 12->12(24)
[2023-11-05T10:20:05.596+0000][675.888s][info ][gc,heap       ] GC(74) Old regions: 145->145
[2023-11-05T10:20:05.606+0000][675.898s][info ][gc,heap       ] GC(74) Humongous regions: 0->0
[2023-11-05T10:20:05.613+0000][675.905s][info ][gc,metaspace  ] GC(74) Metaspace: 162358K(167560K)->162358K(167560K) NonClass: 143388K(146572K)->143388K(146572K) Class: 18970K(20988K)->18970K(20988K)
[2023-11-05T10:20:05.623+0000][675.915s][info ][gc            ] GC(74) Pause Young (Normal) (G1 Evacuation Pause) 330M->154M(384M) 197.092ms
[2023-11-05T10:20:05.627+0000][675.919s][info ][gc,cpu        ] GC(74) User=0.74s Sys=0.01s Real=0.21s
[2023-11-05T10:20:05.635+0000][675.927s][info ][safepoint     ] Leaving safepoint region
[2023-11-05T10:20:05.640+0000][675.932s][info ][safepoint     ] Total time for which application threads were stopped: 0.2219953 seconds, Stopping threads took: 0.0074360 seconds
[2023-11-05T10:20:05.649+0000][675.941s][info ][gc,stringdedup] Concurrent String Deduplication (675.941s)
[2023-11-05T10:20:05.655+0000][675.947s][info ][gc,stringdedup] Concurrent String Deduplication 3952.0B->1784.0B(2168.0B) avg 54.3% (675.941s, 675.947s) 6.624ms
[2023-11-05T10:20:06.649+0000][676.941s][debug][safepoint     ] Safepoint synchronization initiated. (166 threads)
[2023-11-05T10:20:06.653+0000][676.945s][info ][safepoint     ] Application time: 1.0048298 seconds
[2023-11-05T10:20:06.659+0000][676.951s][info ][safepoint     ] Entering safepoint region: Cleanup
[2023-11-05T10:20:06.663+0000][676.955s][info ][safepoint     ] Leaving safepoint region
[2023-11-05T10:20:06.669+0000][676.961s][info ][safepoint     ] Total time for which application threads were stopped: 0.0093987 seconds, Stopping threads took: 0.0030287 seconds
[2023-11-05T10:20:07.671+0000][677.963s][debug][safepoint     ] Safepoint synchronization initiated. (166 threads)
[2023-11-05T10:20:07.671+0000][677.963s][info ][safepoint     ] Application time: 1.0011276 seconds
[2023-11-05T10:20:07.672+0000][677.964s][info ][safepoint     ] Entering safepoint region: Cleanup
[2023-11-05T10:20:07.673+0000][677.965s][info ][safepoint     ] Leaving safepoint region
[2023-11-05T10:20:07.673+0000][677.965s][info ][safepoint     ] Total time for which application threads were stopped: 0.0014270 seconds, Stopping threads took: 0.0006045 seconds
[2023-11-05T10:20:35.681+0000][705.973s][debug][safepoint     ] Safepoint synchronization initiated. (166 threads)
[2023-11-05T10:20:35.682+0000][705.974s][info ][safepoint     ] Application time: 28.0081343 seconds
[2023-11-05T10:20:35.683+0000][705.975s][info ][safepoint     ] Entering safepoint region: Cleanup
[2023-11-05T10:20:35.685+0000][705.977s][info ][safepoint     ] Leaving safepoint region
[2023-11-05T10:20:35.685+0000][705.977s][info ][safepoint     ] Total time for which application threads were stopped: 0.0023032 seconds, Stopping threads took: 0.0011271 seconds
[2023-11-05T10:21:35.700+0000][765.991s][debug][safepoint     ] Safepoint synchronization initiated. (167 threads)
[2023-11-05T10:21:35.701+0000][765.993s][info ][safepoint     ] Application time: 60.0148856 seconds
[2023-11-05T10:21:35.702+0000][765.993s][info ][safepoint     ] Entering safepoint region: Cleanup
[2023-11-05T10:21:35.702+0000][765.994s][info ][safepoint     ] Leaving safepoint region
[2023-11-05T10:21:35.703+0000][765.995s][info ][safepoint     ] Total time for which application threads were stopped: 0.0013541 seconds, Stopping threads took: 0.0005168 seconds
[2023-11-05T10:21:37.704+0000][767.995s][debug][safepoint     ] Safepoint synchronization initiated. (167 threads)
[2023-11-05T10:21:37.704+0000][767.996s][info ][safepoint     ] Application time: 2.0007400 seconds
[2023-11-05T10:21:37.705+0000][767.996s][info ][safepoint     ] Entering safepoint region: Cleanup
[2023-11-05T10:21:37.705+0000][767.997s][info ][safepoint     ] Leaving safepoint region
[2023-11-05T10:21:37.706+0000][767.997s][info ][safepoint     ] Total time for which application threads were stopped: 0.0010694 seconds, Stopping threads took: 0.0003955 seconds
[2023-11-05T10:22:02.710+0000][793.002s][debug][safepoint     ] Safepoint synchronization initiated. (167 threads)
[2023-11-05T10:22:02.711+0000][793.003s][info ][safepoint     ] Application time: 25.0051185 seconds
[2023-11-05T10:22:02.712+0000][793.003s][info ][safepoint     ] Entering safepoint region: Cleanup
[2023-11-05T10:22:02.712+0000][793.004s][info ][safepoint     ] Leaving safepoint region
[2023-11-05T10:22:02.712+0000][793.004s][info ][safepoint     ] Total time for which application threads were stopped: 0.0009944 seconds, Stopping threads took: 0.0004261 seconds
[2023-11-05T10:22:10.715+0000][801.007s][debug][safepoint     ] Safepoint synchronization initiated. (167 threads)
[2023-11-05T10:22:10.716+0000][801.008s][info ][safepoint     ] Application time: 8.0029926 seconds
[2023-11-05T10:22:10.716+0000][801.008s][info ][safepoint     ] Entering safepoint region: Cleanup
[2023-11-05T10:22:10.717+0000][801.009s][info ][safepoint     ] Leaving safepoint region
[2023-11-05T10:22:10.717+0000][801.009s][info ][safepoint     ] Total time for which application threads were stopped: 0.0012094 seconds, Stopping threads took: 0.0005193 seconds
[2023-11-05T10:22:34.723+0000][825.015s][debug][safepoint     ] Safepoint synchronization initiated. (166 threads)
[2023-11-05T10:22:34.724+0000][825.015s][info ][safepoint     ] Application time: 24.0056485 seconds
[2023-11-05T10:22:34.724+0000][825.016s][info ][safepoint     ] Entering safepoint region: Cleanup
[2023-11-05T10:22:34.724+0000][825.016s][info ][safepoint     ] Leaving safepoint region
[2023-11-05T10:22:34.725+0000][825.016s][info ][safepoint     ] Total time for which application threads were stopped: 0.0007113 seconds, Stopping threads took: 0.0003021 seconds
[2023-11-05T10:22:35.725+0000][826.017s][debug][safepoint     ] Safepoint synchronization initiated. (166 threads)
[2023-11-05T10:22:35.726+0000][826.017s][info ][safepoint     ] Application time: 1.0007297 seconds
[2023-11-05T10:22:35.728+0000][826.019s][info ][safepoint     ] Entering safepoint region: Cleanup
[2023-11-05T10:22:35.728+0000][826.020s][info ][safepoint     ] Leaving safepoint region
[2023-11-05T10:22:35.729+0000][826.020s][info ][safepoint     ] Total time for which application threads were stopped: 0.0010890 seconds, Stopping threads took: 0.0004507 seconds
[2023-11-05T10:22:55.732+0000][846.024s][debug][safepoint     ] Safepoint synchronization initiated. (166 threads)
[2023-11-05T10:22:55.733+0000][846.025s][info ][safepoint     ] Application time: 20.0037331 seconds
[2023-11-05T10:22:55.733+0000][846.025s][info ][safepoint     ] Entering safepoint region: Cleanup
[2023-11-05T10:22:55.734+0000][846.026s][info ][safepoint     ] Leaving safepoint region
[2023-11-05T10:22:55.734+0000][846.026s][info ][safepoint     ] Total time for which application threads were stopped: 0.0009137 seconds, Stopping threads took: 0.0003911 seconds
[2023-11-05T10:23:04.736+0000][855.027s][debug][safepoint     ] Safepoint synchronization initiated. (166 threads)
[2023-11-05T10:23:04.736+0000][855.028s][info ][safepoint     ] Application time: 9.0018859 seconds
[2023-11-05T10:23:04.737+0000][855.028s][info ][safepoint     ] Entering safepoint region: Cleanup
[2023-11-05T10:23:04.738+0000][855.029s][info ][safepoint     ] Leaving safepoint region
[2023-11-05T10:23:04.738+0000][855.030s][info ][safepoint     ] Total time for which application threads were stopped: 0.0012439 seconds, Stopping threads took: 0.0005746 seconds
[2023-11-05T10:23:15.741+0000][866.032s][debug][safepoint     ] Safepoint synchronization initiated. (166 threads)
[2023-11-05T10:23:15.742+0000][866.033s][info ][safepoint     ] Application time: 11.0031450 seconds
[2023-11-05T10:23:15.742+0000][866.034s][info ][safepoint     ] Entering safepoint region: Cleanup
[2023-11-05T10:23:15.743+0000][866.035s][info ][safepoint     ] Leaving safepoint region
[2023-11-05T10:23:15.744+0000][866.036s][info ][safepoint     ] Total time for which application threads were stopped: 0.0017847 seconds, Stopping threads took: 0.0008669 seconds
[2023-11-05T10:23:24.113+0000][874.405s][debug][safepoint     ] Safepoint synchronization initiated. (166 threads)
[2023-11-05T10:23:24.114+0000][874.406s][info ][safepoint     ] Application time: 8.3695561 seconds
[2023-11-05T10:23:24.115+0000][874.407s][info ][safepoint     ] Entering safepoint region: G1CollectForAllocation
[2023-11-05T10:23:24.117+0000][874.408s][info ][gc,start      ] GC(75) Pause Young (Normal) (G1 Evacuation Pause)
[2023-11-05T10:23:24.117+0000][874.409s][info ][gc,task       ] GC(75) Using 8 workers of 8 for evacuation
[2023-11-05T10:23:24.129+0000][874.421s][info ][gc,phases     ] GC(75)   Pre Evacuate Collection Set: 0.1ms
[2023-11-05T10:23:24.130+0000][874.421s][info ][gc,phases     ] GC(75)   Evacuate Collection Set: 7.3ms
[2023-11-05T10:23:24.130+0000][874.422s][info ][gc,phases     ] GC(75)   Post Evacuate Collection Set: 3.2ms
[2023-11-05T10:23:24.131+0000][874.422s][info ][gc,phases     ] GC(75)   Other: 1.9ms
[2023-11-05T10:23:24.131+0000][874.423s][info ][gc,heap       ] GC(75) Eden regions: 176->0(176)
[2023-11-05T10:23:24.132+0000][874.423s][info ][gc,heap       ] GC(75) Survivor regions: 12->12(24)
[2023-11-05T10:23:24.132+0000][874.424s][info ][gc,heap       ] GC(75) Old regions: 145->145
[2023-11-05T10:23:24.133+0000][874.425s][info ][gc,heap       ] GC(75) Humongous regions: 0->0
[2023-11-05T10:23:24.133+0000][874.425s][info ][gc,metaspace  ] GC(75) Metaspace: 162470K(167816K)->162470K(167816K) NonClass: 143499K(146828K)->143499K(146828K) Class: 18970K(20988K)->18970K(20988K)
[2023-11-05T10:23:24.134+0000][874.425s][info ][gc            ] GC(75) Pause Young (Normal) (G1 Evacuation Pause) 330M->154M(384M) 17.207ms
[2023-11-05T10:23:24.134+0000][874.426s][info ][gc,cpu        ] GC(75) User=0.07s Sys=0.01s Real=0.01s
[2023-11-05T10:23:24.135+0000][874.426s][info ][safepoint     ] Leaving safepoint region
[2023-11-05T10:23:24.135+0000][874.427s][info ][safepoint     ] Total time for which application threads were stopped: 0.0200302 seconds, Stopping threads took: 0.0007895 seconds
[2023-11-05T10:23:24.136+0000][874.428s][info ][gc,stringdedup] Concurrent String Deduplication (874.428s)
[2023-11-05T10:23:24.136+0000][874.428s][info ][gc,stringdedup] Concurrent String Deduplication 800.0B->544.0B(256.0B) avg 54.3% (874.428s, 874.428s) 0.404ms
[2023-11-05T10:23:35.138+0000][885.430s][debug][safepoint     ] Safepoint synchronization initiated. (166 threads)
[2023-11-05T10:23:35.139+0000][885.431s][info ][safepoint     ] Application time: 11.0033084 seconds
[2023-11-05T10:23:35.140+0000][885.431s][info ][safepoint     ] Entering safepoint region: Cleanup
[2023-11-05T10:23:35.141+0000][885.432s][info ][safepoint     ] Leaving safepoint region
[2023-11-05T10:23:35.141+0000][885.433s][info ][safepoint     ] Total time for which application threads were stopped: 0.0017731 seconds, Stopping threads took: 0.0007774 seconds
[2023-11-05T10:23:36.142+0000][886.434s][debug][safepoint     ] Safepoint synchronization initiated. (166 threads)
[2023-11-05T10:23:36.143+0000][886.435s][info ][safepoint     ] Application time: 1.0008733 seconds
[2023-11-05T10:23:36.144+0000][886.435s][info ][safepoint     ] Entering safepoint region: Cleanup
[2023-11-05T10:23:36.145+0000][886.437s][info ][safepoint     ] Leaving safepoint region
[2023-11-05T10:23:36.146+0000][886.437s][info ][safepoint     ] Total time for which application threads were stopped: 0.0020226 seconds, Stopping threads took: 0.0005622 seconds
[2023-11-05T10:24:16.159+0000][926.451s][debug][safepoint     ] Safepoint synchronization initiated. (166 threads)
[2023-11-05T10:24:16.160+0000][926.452s][info ][safepoint     ] Application time: 40.0122178 seconds
[2023-11-05T10:24:16.161+0000][926.453s][info ][safepoint     ] Entering safepoint region: Cleanup
[2023-11-05T10:24:16.163+0000][926.454s][info ][safepoint     ] Leaving safepoint region
[2023-11-05T10:24:16.164+0000][926.455s][info ][safepoint     ] Total time for which application threads were stopped: 0.0023373 seconds, Stopping threads took: 0.0010796 seconds
[2023-11-05T10:24:35.169+0000][945.461s][debug][safepoint     ] Safepoint synchronization initiated. (166 threads)
[2023-11-05T10:24:35.170+0000][945.462s][info ][safepoint     ] Application time: 19.0059574 seconds
[2023-11-05T10:24:35.172+0000][945.463s][info ][safepoint     ] Entering safepoint region: Cleanup
[2023-11-05T10:24:35.173+0000][945.465s][info ][safepoint     ] Leaving safepoint region
[2023-11-05T10:24:35.174+0000][945.466s][info ][safepoint     ] Total time for which application threads were stopped: 0.0026975 seconds, Stopping threads took: 0.0012342 seconds
[2023-11-05T10:24:36.175+0000][946.467s][debug][safepoint     ] Safepoint synchronization initiated. (166 threads)
[2023-11-05T10:24:36.177+0000][946.468s][info ][safepoint     ] Application time: 1.0013558 seconds
[2023-11-05T10:24:36.178+0000][946.469s][info ][safepoint     ] Entering safepoint region: Cleanup
[2023-11-05T10:24:36.179+0000][946.471s][info ][safepoint     ] Leaving safepoint region
[2023-11-05T10:24:36.180+0000][946.472s][info ][safepoint     ] Total time for which application threads were stopped: 0.0026194 seconds, Stopping threads took: 0.0012296 seconds
[2023-11-05T10:25:27.185+0000][997.484s][debug][safepoint     ] Safepoint synchronization initiated. (166 threads)
[2023-11-05T10:25:27.186+0000][997.485s][info ][safepoint     ] Application time: 51.0121971 seconds
[2023-11-05T10:25:27.186+0000][997.486s][info ][safepoint     ] Entering safepoint region: Cleanup
[2023-11-05T10:25:27.187+0000][997.487s][info ][safepoint     ] Leaving safepoint region
[2023-11-05T10:25:27.188+0000][997.487s][info ][safepoint     ] Total time for which application threads were stopped: 0.0017343 seconds, Stopping threads took: 0.0007199 seconds
[2023-11-05T10:25:35.190+0000][1005.491s][debug][safepoint     ] Safepoint synchronization initiated. (166 threads)
[2023-11-05T10:25:35.191+0000][1005.491s][info ][safepoint     ] Application time: 8.0029008 seconds
[2023-11-05T10:25:35.191+0000][1005.492s][info ][safepoint     ] Entering safepoint region: Cleanup
[2023-11-05T10:25:35.192+0000][1005.492s][info ][safepoint     ] Leaving safepoint region
[2023-11-05T10:25:35.192+0000][1005.493s][info ][safepoint     ] Total time for which application threads were stopped: 0.0011981 seconds, Stopping threads took: 0.0004955 seconds
[2023-11-05T10:25:57.197+0000][1027.497s][debug][safepoint     ] Safepoint synchronization initiated. (166 threads)
[2023-11-05T10:25:57.197+0000][1027.498s][info ][safepoint     ] Application time: 22.0045784 seconds
[2023-11-05T10:25:57.198+0000][1027.499s][info ][safepoint     ] Entering safepoint region: Cleanup
[2023-11-05T10:25:57.199+0000][1027.500s][info ][safepoint     ] Leaving safepoint region
[2023-11-05T10:25:57.200+0000][1027.501s][info ][safepoint     ] Total time for which application threads were stopped: 0.0021487 seconds, Stopping threads took: 0.0008472 seconds
[2023-11-05T10:26:35.208+0000][1065.509s][debug][safepoint     ] Safepoint synchronization initiated. (166 threads)
[2023-11-05T10:26:35.209+0000][1065.510s][info ][safepoint     ] Application time: 38.0089392 seconds
[2023-11-05T10:26:35.210+0000][1065.511s][info ][safepoint     ] Entering safepoint region: Cleanup
[2023-11-05T10:26:35.211+0000][1065.513s][info ][safepoint     ] Leaving safepoint region
[2023-11-05T10:26:35.212+0000][1065.513s][info ][safepoint     ] Total time for which application threads were stopped: 0.0022910 seconds, Stopping threads took: 0.0010906 seconds
[2023-11-05T10:26:36.213+0000][1066.515s][debug][safepoint     ] Safepoint synchronization initiated. (166 threads)
[2023-11-05T10:26:36.214+0000][1066.515s][info ][safepoint     ] Application time: 1.0009736 seconds
[2023-11-05T10:26:36.215+0000][1066.516s][info ][safepoint     ] Entering safepoint region: Cleanup
[2023-11-05T10:26:36.216+0000][1066.517s][info ][safepoint     ] Leaving safepoint region
[2023-11-05T10:26:36.216+0000][1066.518s][info ][safepoint     ] Total time for which application threads were stopped: 0.0015758 seconds, Stopping threads took: 0.0006597 seconds
[2023-11-05T10:26:42.778+0000][1073.079s][debug][safepoint     ] Safepoint synchronization initiated. (166 threads)
[2023-11-05T10:26:42.779+0000][1073.080s][info ][safepoint     ] Application time: 6.5618521 seconds
[2023-11-05T10:26:42.779+0000][1073.080s][info ][safepoint     ] Entering safepoint region: G1CollectForAllocation
[2023-11-05T10:26:42.780+0000][1073.081s][info ][gc,start      ] GC(76) Pause Young (Normal) (G1 Evacuation Pause)
[2023-11-05T10:26:42.780+0000][1073.082s][info ][gc,task       ] GC(76) Using 8 workers of 8 for evacuation
[2023-11-05T10:26:42.791+0000][1073.092s][info ][gc,phases     ] GC(76)   Pre Evacuate Collection Set: 0.1ms
[2023-11-05T10:26:42.792+0000][1073.093s][info ][gc,phases     ] GC(76)   Evacuate Collection Set: 6.5ms
[2023-11-05T10:26:42.792+0000][1073.094s][info ][gc,phases     ] GC(76)   Post Evacuate Collection Set: 3.3ms
[2023-11-05T10:26:42.793+0000][1073.094s][info ][gc,phases     ] GC(76)   Other: 1.2ms
[2023-11-05T10:26:42.793+0000][1073.095s][info ][gc,heap       ] GC(76) Eden regions: 176->0(178)
[2023-11-05T10:26:42.794+0000][1073.095s][info ][gc,heap       ] GC(76) Survivor regions: 12->11(24)
[2023-11-05T10:26:42.794+0000][1073.096s][info ][gc,heap       ] GC(76) Old regions: 145->145
[2023-11-05T10:26:42.795+0000][1073.096s][info ][gc,heap       ] GC(76) Humongous regions: 0->0
[2023-11-05T10:26:42.795+0000][1073.097s][info ][gc,metaspace  ] GC(76) Metaspace: 162580K(167816K)->162580K(167816K) NonClass: 143607K(146828K)->143607K(146828K) Class: 18973K(20988K)->18973K(20988K)
[2023-11-05T10:26:42.796+0000][1073.097s][info ][gc            ] GC(76) Pause Young (Normal) (G1 Evacuation Pause) 330M->154M(384M) 15.959ms
[2023-11-05T10:26:42.796+0000][1073.098s][info ][gc,cpu        ] GC(76) User=0.06s Sys=0.00s Real=0.01s
[2023-11-05T10:26:42.797+0000][1073.098s][info ][safepoint     ] Leaving safepoint region
[2023-11-05T10:26:42.797+0000][1073.098s][info ][safepoint     ] Total time for which application threads were stopped: 0.0180247 seconds, Stopping threads took: 0.0005176 seconds
[2023-11-05T10:26:42.798+0000][1073.099s][info ][gc,stringdedup] Concurrent String Deduplication (1073.099s)
[2023-11-05T10:26:42.798+0000][1073.099s][info ][gc,stringdedup] Concurrent String Deduplication 64.0B->40.0B(24.0B) avg 54.3% (1073.099s, 1073.099s) 0.428ms
[2023-11-05T10:27:33.808+0000][1124.109s][debug][safepoint     ] Safepoint synchronization initiated. (166 threads)
[2023-11-05T10:27:33.809+0000][1124.110s][info ][safepoint     ] Application time: 51.0111781 seconds
[2023-11-05T10:27:33.810+0000][1124.111s][info ][safepoint     ] Entering safepoint region: Cleanup
[2023-11-05T10:27:33.811+0000][1124.112s][info ][safepoint     ] Leaving safepoint region
[2023-11-05T10:27:33.812+0000][1124.113s][info ][safepoint     ] Total time for which application threads were stopped: 0.0021455 seconds, Stopping threads took: 0.0009927 seconds
[2023-11-05T10:27:34.813+0000][1125.114s][debug][safepoint     ] Safepoint synchronization initiated. (166 threads)
[2023-11-05T10:27:34.814+0000][1125.115s][info ][safepoint     ] Application time: 1.0013494 seconds
[2023-11-05T10:27:34.815+0000][1125.116s][info ][safepoint     ] Entering safepoint region: Cleanup
[2023-11-05T10:27:34.816+0000][1125.117s][info ][safepoint     ] Leaving safepoint region
[2023-11-05T10:27:34.816+0000][1125.118s][info ][safepoint     ] Total time for which application threads were stopped: 0.0018296 seconds, Stopping threads took: 0.0007965 seconds
[2023-11-05T10:27:35.818+0000][1126.119s][debug][safepoint     ] Safepoint synchronization initiated. (166 threads)
[2023-11-05T10:27:35.819+0000][1126.120s][info ][safepoint     ] Application time: 1.0014657 seconds
[2023-11-05T10:27:35.820+0000][1126.121s][info ][safepoint     ] Entering safepoint region: Cleanup
[2023-11-05T10:27:35.821+0000][1126.122s][info ][safepoint     ] Leaving safepoint region
[2023-11-05T10:27:35.822+0000][1126.123s][info ][safepoint     ] Total time for which application threads were stopped: 0.0023684 seconds, Stopping threads took: 0.0010853 seconds
[2023-11-05T10:28:26.835+0000][1177.136s][debug][safepoint     ] Safepoint synchronization initiated. (166 threads)
[2023-11-05T10:28:26.835+0000][1177.136s][info ][safepoint     ] Application time: 51.0122313 seconds
[2023-11-05T10:28:26.836+0000][1177.137s][info ][safepoint     ] Entering safepoint region: Cleanup
[2023-11-05T10:28:26.836+0000][1177.138s][info ][safepoint     ] Leaving safepoint region
[2023-11-05T10:28:26.837+0000][1177.138s][info ][safepoint     ] Total time for which application threads were stopped: 0.0010981 seconds, Stopping threads took: 0.0004623 seconds
[2023-11-05T10:28:34.838+0000][1185.140s][debug][safepoint     ] Safepoint synchronization initiated. (166 threads)
[2023-11-05T10:28:34.839+0000][1185.140s][info ][safepoint     ] Application time: 8.0019114 seconds
[2023-11-05T10:28:34.840+0000][1185.141s][info ][safepoint     ] Entering safepoint region: Cleanup
[2023-11-05T10:28:34.841+0000][1185.142s][info ][safepoint     ] Leaving safepoint region
[2023-11-05T10:28:34.841+0000][1185.142s][info ][safepoint     ] Total time for which application threads were stopped: 0.0012853 seconds, Stopping threads took: 0.0005825 seconds
[2023-11-05T10:28:35.842+0000][1186.143s][debug][safepoint     ] Safepoint synchronization initiated. (166 threads)
[2023-11-05T10:28:35.842+0000][1186.144s][info ][safepoint     ] Application time: 1.0008103 seconds
[2023-11-05T10:28:35.843+0000][1186.144s][info ][safepoint     ] Entering safepoint region: Cleanup
[2023-11-05T10:28:35.844+0000][1186.145s][info ][safepoint     ] Leaving safepoint region
[2023-11-05T10:28:35.844+0000][1186.145s][info ][safepoint     ] Total time for which application threads were stopped: 0.0011867 seconds, Stopping threads took: 0.0005186 seconds
[2023-11-05T10:28:49.848+0000][1200.149s][debug][safepoint     ] Safepoint synchronization initiated. (166 threads)
[2023-11-05T10:28:49.848+0000][1200.150s][info ][safepoint     ] Application time: 14.0038695 seconds
[2023-11-05T10:28:49.849+0000][1200.151s][info ][safepoint     ] Entering safepoint region: Cleanup
[2023-11-05T10:28:49.850+0000][1200.151s][info ][safepoint     ] Leaving safepoint region
[2023-11-05T10:28:49.850+0000][1200.152s][info ][safepoint     ] Total time for which application threads were stopped: 0.0013009 seconds, Stopping threads took: 0.0005500 seconds
[2023-11-05T10:29:34.861+0000][1245.162s][debug][safepoint     ] Safepoint synchronization initiated. (166 threads)
[2023-11-05T10:29:34.861+0000][1245.163s][info ][safepoint     ] Application time: 45.0104240 seconds
[2023-11-05T10:29:34.862+0000][1245.163s][info ][safepoint     ] Entering safepoint region: Cleanup
[2023-11-05T10:29:34.863+0000][1245.164s][info ][safepoint     ] Leaving safepoint region
[2023-11-05T10:29:34.864+0000][1245.165s][info ][safepoint     ] Total time for which application threads were stopped: 0.0017312 seconds, Stopping threads took: 0.0007187 seconds
[2023-11-05T10:29:44.867+0000][1255.168s][debug][safepoint     ] Safepoint synchronization initiated. (166 threads)
[2023-11-05T10:29:44.868+0000][1255.169s][info ][safepoint     ] Application time: 10.0033536 seconds
[2023-11-05T10:29:44.869+0000][1255.170s][info ][safepoint     ] Entering safepoint region: Cleanup
[2023-11-05T10:29:44.870+0000][1255.171s][info ][safepoint     ] Leaving safepoint region
[2023-11-05T10:29:44.871+0000][1255.172s][info ][safepoint     ] Total time for which application threads were stopped: 0.0018579 seconds, Stopping threads took: 0.0008020 seconds
[2023-11-05T10:30:03.739+0000][1274.041s][debug][safepoint     ] Safepoint synchronization initiated. (166 threads)
[2023-11-05T10:30:03.740+0000][1274.041s][info ][safepoint     ] Application time: 18.8688112 seconds
[2023-11-05T10:30:03.741+0000][1274.042s][info ][safepoint     ] Entering safepoint region: G1CollectForAllocation
[2023-11-05T10:30:03.742+0000][1274.043s][info ][gc,start      ] GC(77) Pause Young (Normal) (G1 Evacuation Pause)
[2023-11-05T10:30:03.743+0000][1274.044s][info ][gc,task       ] GC(77) Using 8 workers of 8 for evacuation
[2023-11-05T10:30:03.755+0000][1274.057s][info ][gc,phases     ] GC(77)   Pre Evacuate Collection Set: 0.5ms
[2023-11-05T10:30:03.756+0000][1274.057s][info ][gc,phases     ] GC(77)   Evacuate Collection Set: 7.8ms
[2023-11-05T10:30:03.756+0000][1274.058s][info ][gc,phases     ] GC(77)   Post Evacuate Collection Set: 3.2ms
[2023-11-05T10:30:03.757+0000][1274.058s][info ][gc,phases     ] GC(77)   Other: 1.8ms
[2023-11-05T10:30:03.757+0000][1274.059s][info ][gc,heap       ] GC(77) Eden regions: 178->0(178)
[2023-11-05T10:30:03.758+0000][1274.059s][info ][gc,heap       ] GC(77) Survivor regions: 11->10(24)
[2023-11-05T10:30:03.758+0000][1274.060s][info ][gc,heap       ] GC(77) Old regions: 145->147
[2023-11-05T10:30:03.759+0000][1274.060s][info ][gc,heap       ] GC(77) Humongous regions: 0->0
[2023-11-05T10:30:03.759+0000][1274.061s][info ][gc,metaspace  ] GC(77) Metaspace: 162659K(167816K)->162659K(167816K) NonClass: 143685K(146828K)->143685K(146828K) Class: 18973K(20988K)->18973K(20988K)
[2023-11-05T10:30:03.760+0000][1274.061s][info ][gc            ] GC(77) Pause Young (Normal) (G1 Evacuation Pause) 332M->155M(384M) 17.848ms
[2023-11-05T10:30:03.761+0000][1274.062s][info ][gc,cpu        ] GC(77) User=0.08s Sys=0.00s Real=0.02s
[2023-11-05T10:30:03.761+0000][1274.062s][info ][safepoint     ] Leaving safepoint region
[2023-11-05T10:30:03.762+0000][1274.063s][info ][safepoint     ] Total time for which application threads were stopped: 0.0206192 seconds, Stopping threads took: 0.0007509 seconds
[2023-11-05T10:30:03.762+0000][1274.064s][info ][gc,stringdedup] Concurrent String Deduplication (1274.064s)
[2023-11-05T10:30:03.763+0000][1274.064s][info ][gc,stringdedup] Concurrent String Deduplication 0.0B->0.0B(0.0B) avg 54.3% (1274.064s, 1274.064s) 0.596ms
[2023-11-05T10:30:16.766+0000][1287.067s][debug][safepoint     ] Safepoint synchronization initiated. (166 threads)
[2023-11-05T10:30:16.766+0000][1287.068s][info ][safepoint     ] Application time: 13.0042761 seconds
[2023-11-05T10:30:16.767+0000][1287.068s][info ][safepoint     ] Entering safepoint region: Cleanup
[2023-11-05T10:30:16.768+0000][1287.069s][info ][safepoint     ] Leaving safepoint region
[2023-11-05T10:30:16.769+0000][1287.070s][info ][safepoint     ] Total time for which application threads were stopped: 0.0017456 seconds, Stopping threads took: 0.0006601 seconds
[2023-11-05T10:30:34.766+0000][1305.075s][debug][safepoint     ] Safepoint synchronization initiated. (166 threads)
[2023-11-05T10:30:34.767+0000][1305.076s][info ][safepoint     ] Application time: 18.0054764 seconds
[2023-11-05T10:30:34.768+0000][1305.077s][info ][safepoint     ] Entering safepoint region: Cleanup
[2023-11-05T10:30:34.770+0000][1305.079s][info ][safepoint     ] Leaving safepoint region
[2023-11-05T10:30:34.771+0000][1305.080s][info ][safepoint     ] Total time for which application threads were stopped: 0.0028619 seconds, Stopping threads took: 0.0012208 seconds
[2023-11-05T10:31:03.788+0000][1334.090s][debug][safepoint     ] Safepoint synchronization initiated. (166 threads)
[2023-11-05T10:31:03.789+0000][1334.091s][info ][safepoint     ] Application time: 29.0094135 seconds
[2023-11-05T10:31:03.791+0000][1334.092s][info ][safepoint     ] Entering safepoint region: Cleanup
[2023-11-05T10:31:03.792+0000][1334.093s][info ][safepoint     ] Leaving safepoint region
[2023-11-05T10:31:03.793+0000][1334.094s][info ][safepoint     ] Total time for which application threads were stopped: 0.0022702 seconds, Stopping threads took: 0.0010460 seconds
[2023-11-05T10:31:33.803+0000][1364.102s][debug][safepoint     ] Safepoint synchronization initiated. (166 threads)
[2023-11-05T10:31:33.805+0000][1364.105s][info ][safepoint     ] Application time: 30.0103236 seconds
[2023-11-05T10:31:33.807+0000][1364.106s][info ][safepoint     ] Entering safepoint region: Cleanup
[2023-11-05T10:31:33.808+0000][1364.108s][info ][safepoint     ] Leaving safepoint region
[2023-11-05T10:31:33.810+0000][1364.110s][info ][safepoint     ] Total time for which application threads were stopped: 0.0036483 seconds, Stopping threads took: 0.0011668 seconds
[2023-11-05T10:31:34.811+0000][1365.111s][debug][safepoint     ] Safepoint synchronization initiated. (166 threads)
[2023-11-05T10:31:34.812+0000][1365.112s][info ][safepoint     ] Application time: 1.0011003 seconds
[2023-11-05T10:31:34.813+0000][1365.112s][info ][safepoint     ] Entering safepoint region: Cleanup
[2023-11-05T10:31:34.814+0000][1365.113s][info ][safepoint     ] Leaving safepoint region
[2023-11-05T10:31:34.814+0000][1365.114s][info ][safepoint     ] Total time for which application threads were stopped: 0.0017761 seconds, Stopping threads took: 0.0005069 seconds
[2023-11-05T10:31:35.816+0000][1366.116s][debug][safepoint     ] Safepoint synchronization initiated. (166 threads)
[2023-11-05T10:31:35.817+0000][1366.116s][info ][safepoint     ] Application time: 1.0011864 seconds
[2023-11-05T10:31:35.818+0000][1366.117s][info ][safepoint     ] Entering safepoint region: Cleanup
[2023-11-05T10:31:35.819+0000][1366.118s][info ][safepoint     ] Leaving safepoint region
[2023-11-05T10:31:35.820+0000][1366.119s][info ][safepoint     ] Total time for which application threads were stopped: 0.0019441 seconds, Stopping threads took: 0.0008004 seconds
[2023-11-05T10:31:42.822+0000][1373.122s][debug][safepoint     ] Safepoint synchronization initiated. (166 threads)
[2023-11-05T10:31:42.823+0000][1373.122s][info ][safepoint     ] Application time: 7.0025066 seconds
[2023-11-05T10:31:42.823+0000][1373.123s][info ][safepoint     ] Entering safepoint region: Cleanup
[2023-11-05T10:31:42.824+0000][1373.124s][info ][safepoint     ] Leaving safepoint region
[2023-11-05T10:31:42.825+0000][1373.124s][info ][safepoint     ] Total time for which application threads were stopped: 0.0012464 seconds, Stopping threads took: 0.0005518 seconds
[2023-11-05T10:32:34.837+0000][1425.135s][debug][safepoint     ] Safepoint synchronization initiated. (166 threads)
[2023-11-05T10:32:34.838+0000][1425.136s][info ][safepoint     ] Application time: 52.0117563 seconds
[2023-11-05T10:32:34.839+0000][1425.137s][info ][safepoint     ] Entering safepoint region: Cleanup
[2023-11-05T10:32:34.840+0000][1425.138s][info ][safepoint     ] Leaving safepoint region
[2023-11-05T10:32:34.840+0000][1425.139s][info ][safepoint     ] Total time for which application threads were stopped: 0.0018218 seconds, Stopping threads took: 0.0007641 seconds
[2023-11-05T10:32:35.841+0000][1426.140s][debug][safepoint     ] Safepoint synchronization initiated. (166 threads)
[2023-11-05T10:32:35.842+0000][1426.141s][info ][safepoint     ] Application time: 1.0009584 seconds
[2023-11-05T10:32:35.843+0000][1426.141s][info ][safepoint     ] Entering safepoint region: Cleanup
[2023-11-05T10:32:35.843+0000][1426.142s][info ][safepoint     ] Leaving safepoint region
[2023-11-05T10:32:35.844+0000][1426.142s][info ][safepoint     ] Total time for which application threads were stopped: 0.0010005 seconds, Stopping threads took: 0.0003924 seconds
[2023-11-05T10:32:59.850+0000][1450.148s][debug][safepoint     ] Safepoint synchronization initiated. (166 threads)
[2023-11-05T10:32:59.851+0000][1450.149s][info ][safepoint     ] Application time: 24.0063524 seconds
[2023-11-05T10:32:59.852+0000][1450.150s][info ][safepoint     ] Entering safepoint region: Cleanup
[2023-11-05T10:32:59.853+0000][1450.151s][info ][safepoint     ] Leaving safepoint region
[2023-11-05T10:32:59.853+0000][1450.151s][info ][safepoint     ] Total time for which application threads were stopped: 0.0015064 seconds, Stopping threads took: 0.0006523 seconds
[2023-11-05T10:33:24.327+0000][1474.625s][debug][safepoint     ] Safepoint synchronization initiated. (166 threads)
[2023-11-05T10:33:24.329+0000][1474.626s][info ][safepoint     ] Application time: 24.4745716 seconds
[2023-11-05T10:33:24.329+0000][1474.627s][info ][safepoint     ] Entering safepoint region: G1CollectForAllocation
[2023-11-05T10:33:24.331+0000][1474.629s][info ][gc,start      ] GC(78) Pause Young (Normal) (G1 Evacuation Pause)
[2023-11-05T10:33:24.331+0000][1474.629s][info ][gc,task       ] GC(78) Using 8 workers of 8 for evacuation
[2023-11-05T10:33:24.343+0000][1474.641s][info ][gc,phases     ] GC(78)   Pre Evacuate Collection Set: 0.3ms
[2023-11-05T10:33:24.343+0000][1474.641s][info ][gc,phases     ] GC(78)   Evacuate Collection Set: 7.2ms
[2023-11-05T10:33:24.344+0000][1474.642s][info ][gc,phases     ] GC(78)   Post Evacuate Collection Set: 2.9ms
[2023-11-05T10:33:24.344+0000][1474.642s][info ][gc,phases     ] GC(78)   Other: 1.8ms
[2023-11-05T10:33:24.344+0000][1474.642s][info ][gc,heap       ] GC(78) Eden regions: 178->0(179)
[2023-11-05T10:33:24.345+0000][1474.643s][info ][gc,heap       ] GC(78) Survivor regions: 10->9(24)
[2023-11-05T10:33:24.345+0000][1474.643s][info ][gc,heap       ] GC(78) Old regions: 147->148
[2023-11-05T10:33:24.345+0000][1474.643s][info ][gc,heap       ] GC(78) Humongous regions: 0->0
[2023-11-05T10:33:24.346+0000][1474.644s][info ][gc,metaspace  ] GC(78) Metaspace: 162719K(168072K)->162719K(168072K) NonClass: 143743K(147084K)->143743K(147084K) Class: 18976K(20988K)->18976K(20988K)
[2023-11-05T10:33:24.346+0000][1474.644s][info ][gc            ] GC(78) Pause Young (Normal) (G1 Evacuation Pause) 333M->154M(384M) 15.523ms
[2023-11-05T10:33:24.346+0000][1474.644s][info ][gc,cpu        ] GC(78) User=0.06s Sys=0.01s Real=0.01s
[2023-11-05T10:33:24.347+0000][1474.645s][info ][safepoint     ] Leaving safepoint region
[2023-11-05T10:33:24.347+0000][1474.645s][info ][safepoint     ] Total time for which application threads were stopped: 0.0180312 seconds, Stopping threads took: 0.0007642 seconds
[2023-11-05T10:33:24.348+0000][1474.646s][info ][gc,stringdedup] Concurrent String Deduplication (1474.646s)
[2023-11-05T10:33:24.348+0000][1474.646s][info ][gc,stringdedup] Concurrent String Deduplication 360.0B->360.0B(0.0B) avg 54.3% (1474.646s, 1474.646s) 0.485ms
[2023-11-05T10:35:35.377+0000][1605.676s][debug][safepoint     ] Safepoint synchronization initiated. (166 threads)
[2023-11-05T10:35:35.378+0000][1605.677s][info ][safepoint     ] Application time: 131.0309623 seconds
[2023-11-05T10:35:35.378+0000][1605.677s][info ][safepoint     ] Entering safepoint region: Cleanup
[2023-11-05T10:35:35.379+0000][1605.678s][info ][safepoint     ] Leaving safepoint region
[2023-11-05T10:35:35.380+0000][1605.679s][info ][safepoint     ] Total time for which application threads were stopped: 0.0014704 seconds, Stopping threads took: 0.0008470 seconds
[2023-11-05T10:35:48.383+0000][1618.682s][debug][safepoint     ] Safepoint synchronization initiated. (166 threads)
[2023-11-05T10:35:48.385+0000][1618.683s][info ][safepoint     ] Application time: 13.0041999 seconds
[2023-11-05T10:35:48.386+0000][1618.684s][info ][safepoint     ] Entering safepoint region: Cleanup
[2023-11-05T10:35:48.387+0000][1618.686s][info ][safepoint     ] Leaving safepoint region
[2023-11-05T10:35:48.388+0000][1618.687s][info ][safepoint     ] Total time for which application threads were stopped: 0.0022964 seconds, Stopping threads took: 0.0009723 seconds
[2023-11-05T10:36:34.400+0000][1664.699s][debug][safepoint     ] Safepoint synchronization initiated. (166 threads)
[2023-11-05T10:36:34.401+0000][1664.700s][info ][safepoint     ] Application time: 46.0125488 seconds
[2023-11-05T10:36:34.403+0000][1664.701s][info ][safepoint     ] Entering safepoint region: Cleanup
[2023-11-05T10:36:34.404+0000][1664.702s][info ][safepoint     ] Leaving safepoint region
[2023-11-05T10:36:34.405+0000][1664.703s][info ][safepoint     ] Total time for which application threads were stopped: 0.0023779 seconds, Stopping threads took: 0.0011035 seconds
[2023-11-05T10:36:35.406+0000][1665.704s][debug][safepoint     ] Safepoint synchronization initiated. (166 threads)
[2023-11-05T10:36:35.407+0000][1665.705s][info ][safepoint     ] Application time: 1.0008578 seconds
[2023-11-05T10:36:35.407+0000][1665.706s][info ][safepoint     ] Entering safepoint region: Cleanup
[2023-11-05T10:36:35.408+0000][1665.706s][info ][safepoint     ] Leaving safepoint region
[2023-11-05T10:36:35.408+0000][1665.707s][info ][safepoint     ] Total time for which application threads were stopped: 0.0012283 seconds, Stopping threads took: 0.0004867 seconds
[2023-11-05T10:36:46.866+0000][1677.165s][debug][safepoint     ] Safepoint synchronization initiated. (166 threads)
[2023-11-05T10:36:46.867+0000][1677.165s][info ][safepoint     ] Application time: 11.4580450 seconds
[2023-11-05T10:36:46.867+0000][1677.166s][info ][safepoint     ] Entering safepoint region: G1CollectForAllocation
[2023-11-05T10:36:46.868+0000][1677.166s][info ][gc,start      ] GC(79) Pause Young (Normal) (G1 Evacuation Pause)
[2023-11-05T10:36:46.868+0000][1677.167s][info ][gc,task       ] GC(79) Using 8 workers of 8 for evacuation
[2023-11-05T10:36:46.886+0000][1677.184s][info ][gc,phases     ] GC(79)   Pre Evacuate Collection Set: 0.0ms
[2023-11-05T10:36:46.887+0000][1677.185s][info ][gc,phases     ] GC(79)   Evacuate Collection Set: 9.6ms
[2023-11-05T10:36:46.887+0000][1677.186s][info ][gc,phases     ] GC(79)   Post Evacuate Collection Set: 7.0ms
[2023-11-05T10:36:46.888+0000][1677.186s][info ][gc,phases     ] GC(79)   Other: 1.3ms
[2023-11-05T10:36:46.888+0000][1677.187s][info ][gc,heap       ] GC(79) Eden regions: 179->0(182)
[2023-11-05T10:36:46.889+0000][1677.187s][info ][gc,heap       ] GC(79) Survivor regions: 9->5(24)
[2023-11-05T10:36:46.889+0000][1677.188s][info ][gc,heap       ] GC(79) Old regions: 148->151
[2023-11-05T10:36:46.890+0000][1677.188s][info ][gc,heap       ] GC(79) Humongous regions: 0->0
[2023-11-05T10:36:46.890+0000][1677.189s][info ][gc,metaspace  ] GC(79) Metaspace: 162767K(168072K)->162767K(168072K) NonClass: 143791K(147084K)->143791K(147084K) Class: 18976K(20988K)->18976K(20988K)
[2023-11-05T10:36:46.891+0000][1677.189s][info ][gc            ] GC(79) Pause Young (Normal) (G1 Evacuation Pause) 333M->154M(384M) 22.931ms
[2023-11-05T10:36:46.891+0000][1677.190s][info ][gc,cpu        ] GC(79) User=0.11s Sys=0.00s Real=0.03s
[2023-11-05T10:36:46.892+0000][1677.190s][info ][safepoint     ] Leaving safepoint region
[2023-11-05T10:36:46.892+0000][1677.191s][info ][safepoint     ] Total time for which application threads were stopped: 0.0250181 seconds, Stopping threads took: 0.0003905 seconds
[2023-11-05T10:36:46.893+0000][1677.191s][info ][gc,stringdedup] Concurrent String Deduplication (1677.191s)
[2023-11-05T10:36:46.893+0000][1677.192s][info ][gc,stringdedup] Concurrent String Deduplication 112.0B->112.0B(0.0B) avg 54.3% (1677.191s, 1677.192s) 0.502ms
[2023-11-05T10:37:34.903+0000][1725.203s][debug][safepoint     ] Safepoint synchronization initiated. (166 threads)
[2023-11-05T10:37:34.904+0000][1725.205s][info ][safepoint     ] Application time: 48.0134852 seconds
[2023-11-05T10:37:34.905+0000][1725.205s][info ][safepoint     ] Entering safepoint region: Cleanup
[2023-11-05T10:37:34.906+0000][1725.206s][info ][safepoint     ] Leaving safepoint region
[2023-11-05T10:37:34.906+0000][1725.207s][info ][safepoint     ] Total time for which application threads were stopped: 0.0012690 seconds, Stopping threads took: 0.0006499 seconds
[2023-11-05T10:37:35.907+0000][1726.207s][debug][safepoint     ] Safepoint synchronization initiated. (166 threads)
[2023-11-05T10:37:35.908+0000][1726.208s][info ][safepoint     ] Application time: 1.0008275 seconds
[2023-11-05T10:37:35.908+0000][1726.209s][info ][safepoint     ] Entering safepoint region: Cleanup
[2023-11-05T10:37:35.909+0000][1726.209s][info ][safepoint     ] Leaving safepoint region
[2023-11-05T10:37:35.909+0000][1726.210s][info ][safepoint     ] Total time for which application threads were stopped: 0.0009829 seconds, Stopping threads took: 0.0004441 seconds
[2023-11-05T10:38:20.919+0000][1771.220s][debug][safepoint     ] Safepoint synchronization initiated. (168 threads)
[2023-11-05T10:38:20.920+0000][1771.221s][info ][safepoint     ] Application time: 45.0108077 seconds
[2023-11-05T10:38:20.921+0000][1771.222s][info ][safepoint     ] Entering safepoint region: Cleanup
[2023-11-05T10:38:20.922+0000][1771.223s][info ][safepoint     ] Leaving safepoint region
[2023-11-05T10:38:20.922+0000][1771.223s][info ][safepoint     ] Total time for which application threads were stopped: 0.0011729 seconds, Stopping threads took: 0.0004993 seconds
[2023-11-05T10:38:27.925+0000][1778.226s][debug][safepoint     ] Safepoint synchronization initiated. (168 threads)
[2023-11-05T10:38:27.926+0000][1778.227s][info ][safepoint     ] Application time: 7.0031004 seconds
[2023-11-05T10:38:27.927+0000][1778.228s][info ][safepoint     ] Entering safepoint region: Cleanup
[2023-11-05T10:38:27.928+0000][1778.229s][info ][safepoint     ] Leaving safepoint region
[2023-11-05T10:38:27.928+0000][1778.229s][info ][safepoint     ] Total time for which application threads were stopped: 0.0014791 seconds, Stopping threads took: 0.0007189 seconds
[2023-11-05T10:38:33.930+0000][1784.231s][debug][safepoint     ] Safepoint synchronization initiated. (168 threads)
[2023-11-05T10:38:33.931+0000][1784.232s][info ][safepoint     ] Application time: 6.0028026 seconds
[2023-11-05T10:38:33.932+0000][1784.233s][info ][safepoint     ] Entering safepoint region: Cleanup
[2023-11-05T10:38:33.934+0000][1784.235s][info ][safepoint     ] Leaving safepoint region
[2023-11-05T10:38:33.934+0000][1784.235s][info ][safepoint     ] Total time for which application threads were stopped: 0.0021255 seconds, Stopping threads took: 0.0009294 seconds
[2023-11-05T10:38:34.935+0000][1785.237s][debug][safepoint     ] Safepoint synchronization initiated. (168 threads)
[2023-11-05T10:38:34.936+0000][1785.237s][info ][safepoint     ] Application time: 1.0009943 seconds
[2023-11-05T10:38:34.937+0000][1785.238s][info ][safepoint     ] Entering safepoint region: Cleanup
[2023-11-05T10:38:34.938+0000][1785.239s][info ][safepoint     ] Leaving safepoint region
[2023-11-05T10:38:34.939+0000][1785.240s][info ][safepoint     ] Total time for which application threads were stopped: 0.0016624 seconds, Stopping threads took: 0.0007583 seconds
[2023-11-05T10:38:35.939+0000][1786.240s][debug][safepoint     ] Safepoint synchronization initiated. (168 threads)
[2023-11-05T10:38:35.940+0000][1786.241s][info ][safepoint     ] Application time: 1.0013155 seconds
[2023-11-05T10:38:35.941+0000][1786.242s][info ][safepoint     ] Entering safepoint region: Cleanup
[2023-11-05T10:38:35.943+0000][1786.244s][info ][safepoint     ] Leaving safepoint region
[2023-11-05T10:38:35.943+0000][1786.244s][info ][safepoint     ] Total time for which application threads were stopped: 0.0021225 seconds, Stopping threads took: 0.0008599 seconds
