[2023-12-02T15:32:09.009+0000][0.060s][info][gc,heap] Heap region size: 1M
[2023-12-02T15:32:09.015+0000][0.066s][info][gc     ] Using G1
[2023-12-02T15:32:09.015+0000][0.066s][info][gc,heap,coops] Heap address: 0x0000000085a00000, size: 1958 MB, Compressed Oops mode: 32-bit
[2023-12-02T15:32:09.018+0000][0.069s][info][gc,cds       ] Mark closed archive regions in map: [0x00000000ffc00000, 0x00000000ffc6aff8]
[2023-12-02T15:32:09.018+0000][0.069s][info][gc,cds       ] Mark open archive regions in map: [0x00000000ff800000, 0x00000000ff847ff8]
[2023-12-02T15:32:09.149+0000][0.200s][debug][safepoint    ] Safepoint synchronization initiated. (9 threads)
[2023-12-02T15:32:09.150+0000][0.201s][info ][safepoint    ] Application time: 0.0630972 seconds
[2023-12-02T15:32:09.150+0000][0.201s][info ][safepoint    ] Entering safepoint region: Deoptimize
[2023-12-02T15:32:09.151+0000][0.202s][info ][safepoint    ] Leaving safepoint region
[2023-12-02T15:32:09.151+0000][0.202s][info ][safepoint    ] Total time for which application threads were stopped: 0.0009148 seconds, Stopping threads took: 0.0003559 seconds
[2023-12-02T15:32:10.012+0000][1.063s][debug][safepoint    ] Safepoint synchronization initiated. (11 threads)
[2023-12-02T15:32:10.013+0000][1.064s][info ][safepoint    ] Application time: 0.8611961 seconds
[2023-12-02T15:32:10.013+0000][1.064s][info ][safepoint    ] Entering safepoint region: G1CollectForAllocation
[2023-12-02T15:32:10.014+0000][1.065s][info ][gc,start     ] GC(0) Pause Young (Normal) (G1 Evacuation Pause)
[2023-12-02T15:32:10.014+0000][1.065s][info ][gc,task      ] GC(0) Using 3 workers of 8 for evacuation
[2023-12-02T15:32:10.026+0000][1.078s][info ][gc,phases    ] GC(0)   Pre Evacuate Collection Set: 0.0ms
[2023-12-02T15:32:10.027+0000][1.078s][info ][gc,phases    ] GC(0)   Evacuate Collection Set: 10.7ms
[2023-12-02T15:32:10.027+0000][1.078s][info ][gc,phases    ] GC(0)   Post Evacuate Collection Set: 1.2ms
[2023-12-02T15:32:10.027+0000][1.079s][info ][gc,phases    ] GC(0)   Other: 0.9ms
[2023-12-02T15:32:10.028+0000][1.079s][info ][gc,heap      ] GC(0) Eden regions: 59->0(66)
[2023-12-02T15:32:10.028+0000][1.079s][info ][gc,heap      ] GC(0) Survivor regions: 0->8(8)
[2023-12-02T15:32:10.028+0000][1.079s][info ][gc,heap      ] GC(0) Old regions: 2->2
[2023-12-02T15:32:10.028+0000][1.080s][info ][gc,heap      ] GC(0) Humongous regions: 2->0
[2023-12-02T15:32:10.029+0000][1.080s][info ][gc,metaspace ] GC(0) Metaspace: 2422K(5760K)->2422K(5760K) NonClass: 2218K(5120K)->2218K(5120K) Class: 203K(640K)->203K(640K)
[2023-12-02T15:32:10.029+0000][1.080s][info ][gc           ] GC(0) Pause Young (Normal) (G1 Evacuation Pause) 61M->8M(126M) 15.236ms
[2023-12-02T15:32:10.029+0000][1.080s][info ][gc,cpu       ] GC(0) User=0.06s Sys=0.00s Real=0.01s
[2023-12-02T15:32:10.029+0000][1.080s][info ][safepoint    ] Leaving safepoint region
[2023-12-02T15:32:10.030+0000][1.081s][info ][safepoint    ] Total time for which application threads were stopped: 0.0164689 seconds, Stopping threads took: 0.0002711 seconds
[2023-12-02T15:32:10.139+0000][1.190s][debug][safepoint    ] Safepoint synchronization initiated. (11 threads)
[2023-12-02T15:32:10.140+0000][1.191s][info ][safepoint    ] Application time: 0.1097478 seconds
[2023-12-02T15:32:10.140+0000][1.191s][info ][safepoint    ] Entering safepoint region: Deoptimize
[2023-12-02T15:32:10.140+0000][1.191s][info ][safepoint    ] Leaving safepoint region
[2023-12-02T15:32:10.141+0000][1.192s][info ][safepoint    ] Total time for which application threads were stopped: 0.0008460 seconds, Stopping threads took: 0.0003002 seconds
[2023-12-02T15:32:10.147+0000][1.198s][debug][safepoint    ] Safepoint synchronization initiated. (11 threads)
[2023-12-02T15:32:10.147+0000][1.198s][info ][safepoint    ] Application time: 0.0060294 seconds
[2023-12-02T15:32:10.147+0000][1.198s][info ][safepoint    ] Entering safepoint region: Deoptimize
[2023-12-02T15:32:10.148+0000][1.199s][info ][safepoint    ] Leaving safepoint region
[2023-12-02T15:32:10.148+0000][1.199s][info ][safepoint    ] Total time for which application threads were stopped: 0.0009704 seconds, Stopping threads took: 0.0002794 seconds
[2023-12-02T15:32:10.247+0000][1.299s][debug][safepoint    ] Safepoint synchronization initiated. (11 threads)
[2023-12-02T15:32:10.248+0000][1.299s][info ][safepoint    ] Application time: 0.0992331 seconds
[2023-12-02T15:32:10.248+0000][1.299s][info ][safepoint    ] Entering safepoint region: Deoptimize
[2023-12-02T15:32:10.249+0000][1.300s][info ][safepoint    ] Leaving safepoint region
[2023-12-02T15:32:10.249+0000][1.300s][info ][safepoint    ] Total time for which application threads were stopped: 0.0009005 seconds, Stopping threads took: 0.0003182 seconds
[2023-12-02T15:32:10.263+0000][1.314s][debug][safepoint    ] Safepoint synchronization initiated. (11 threads)
[2023-12-02T15:32:10.263+0000][1.314s][info ][safepoint    ] Application time: 0.0139105 seconds
[2023-12-02T15:32:10.264+0000][1.315s][info ][safepoint    ] Entering safepoint region: Deoptimize
[2023-12-02T15:32:10.264+0000][1.315s][info ][safepoint    ] Leaving safepoint region
[2023-12-02T15:32:10.265+0000][1.316s][info ][safepoint    ] Total time for which application threads were stopped: 0.0010055 seconds, Stopping threads took: 0.0004190 seconds
[2023-12-02T15:32:10.522+0000][1.573s][debug][safepoint    ] Safepoint synchronization initiated. (12 threads)
[2023-12-02T15:32:10.522+0000][1.573s][info ][safepoint    ] Application time: 0.2574021 seconds
[2023-12-02T15:32:10.523+0000][1.574s][info ][safepoint    ] Entering safepoint region: G1CollectForAllocation
[2023-12-02T15:32:10.523+0000][1.574s][info ][gc,start     ] GC(1) Pause Young (Normal) (G1 Evacuation Pause)
[2023-12-02T15:32:10.524+0000][1.575s][info ][gc,task      ] GC(1) Using 3 workers of 8 for evacuation
[2023-12-02T15:32:10.546+0000][1.597s][info ][gc,phases    ] GC(1)   Pre Evacuate Collection Set: 0.0ms
[2023-12-02T15:32:10.546+0000][1.597s][info ][gc,phases    ] GC(1)   Evacuate Collection Set: 20.6ms
[2023-12-02T15:32:10.547+0000][1.598s][info ][gc,phases    ] GC(1)   Post Evacuate Collection Set: 1.2ms
[2023-12-02T15:32:10.547+0000][1.598s][info ][gc,phases    ] GC(1)   Other: 0.8ms
[2023-12-02T15:32:10.547+0000][1.598s][info ][gc,heap      ] GC(1) Eden regions: 66->0(69)
[2023-12-02T15:32:10.548+0000][1.599s][info ][gc,heap      ] GC(1) Survivor regions: 8->2(10)
[2023-12-02T15:32:10.548+0000][1.599s][info ][gc,heap      ] GC(1) Old regions: 2->10
[2023-12-02T15:32:10.548+0000][1.599s][info ][gc,heap      ] GC(1) Humongous regions: 0->0
[2023-12-02T15:32:10.548+0000][1.599s][info ][gc,metaspace ] GC(1) Metaspace: 5241K(7552K)->5241K(7552K) NonClass: 4679K(6656K)->4679K(6656K) Class: 562K(896K)->562K(896K)
[2023-12-02T15:32:10.549+0000][1.600s][info ][gc           ] GC(1) Pause Young (Normal) (G1 Evacuation Pause) 74M->9M(126M) 25.384ms
[2023-12-02T15:32:10.549+0000][1.600s][info ][gc,cpu       ] GC(1) User=0.13s Sys=0.00s Real=0.02s
[2023-12-02T15:32:10.549+0000][1.600s][info ][safepoint    ] Leaving safepoint region
[2023-12-02T15:32:10.550+0000][1.601s][info ][safepoint    ] Total time for which application threads were stopped: 0.0268174 seconds, Stopping threads took: 0.0002675 seconds
[2023-12-02T15:32:10.551+0000][1.602s][info ][gc,stringdedup] Concurrent String Deduplication (1.602s)
[2023-12-02T15:32:10.569+0000][1.620s][info ][gc,stringdedup] Concurrent String Deduplication 2183.4K->2008.8K(174.6K) avg 7.1% (1.602s, 1.620s) 17.449ms
[2023-12-02T15:32:11.112+0000][2.163s][debug][safepoint     ] Safepoint synchronization initiated. (12 threads)
[2023-12-02T15:32:11.112+0000][2.163s][info ][safepoint     ] Application time: 0.5621916 seconds
[2023-12-02T15:32:11.112+0000][2.163s][info ][safepoint     ] Entering safepoint region: G1CollectForAllocation
[2023-12-02T15:32:11.113+0000][2.164s][info ][gc,start      ] GC(2) Pause Young (Normal) (G1 Evacuation Pause)
[2023-12-02T15:32:11.113+0000][2.164s][info ][gc,task       ] GC(2) Using 3 workers of 8 for evacuation
[2023-12-02T15:32:11.119+0000][2.170s][info ][gc,phases     ] GC(2)   Pre Evacuate Collection Set: 0.0ms
[2023-12-02T15:32:11.119+0000][2.170s][info ][gc,phases     ] GC(2)   Evacuate Collection Set: 3.8ms
[2023-12-02T15:32:11.119+0000][2.171s][info ][gc,phases     ] GC(2)   Post Evacuate Collection Set: 1.3ms
[2023-12-02T15:32:11.120+0000][2.171s][info ][gc,phases     ] GC(2)   Other: 0.7ms
[2023-12-02T15:32:11.120+0000][2.171s][info ][gc,heap       ] GC(2) Eden regions: 69->0(72)
[2023-12-02T15:32:11.120+0000][2.171s][info ][gc,heap       ] GC(2) Survivor regions: 2->2(9)
[2023-12-02T15:32:11.120+0000][2.171s][info ][gc,heap       ] GC(2) Old regions: 10->10
[2023-12-02T15:32:11.120+0000][2.172s][info ][gc,heap       ] GC(2) Humongous regions: 0->0
[2023-12-02T15:32:11.121+0000][2.172s][info ][gc,metaspace  ] GC(2) Metaspace: 7314K(9088K)->7314K(9088K) NonClass: 6477K(7936K)->6477K(7936K) Class: 837K(1152K)->837K(1152K)
[2023-12-02T15:32:11.121+0000][2.172s][info ][gc            ] GC(2) Pause Young (Normal) (G1 Evacuation Pause) 78M->10M(126M) 8.111ms
[2023-12-02T15:32:11.121+0000][2.172s][info ][gc,cpu        ] GC(2) User=0.04s Sys=0.00s Real=0.01s
[2023-12-02T15:32:11.122+0000][2.173s][info ][safepoint     ] Leaving safepoint region
[2023-12-02T15:32:11.122+0000][2.173s][info ][safepoint     ] Total time for which application threads were stopped: 0.0095320 seconds, Stopping threads took: 0.0002694 seconds
[2023-12-02T15:32:11.523+0000][2.574s][debug][safepoint     ] Safepoint synchronization initiated. (12 threads)
[2023-12-02T15:32:11.523+0000][2.575s][info ][safepoint     ] Application time: 0.4014768 seconds
[2023-12-02T15:32:11.524+0000][2.575s][info ][safepoint     ] Entering safepoint region: G1CollectForAllocation
[2023-12-02T15:32:11.524+0000][2.575s][info ][gc,start      ] GC(3) Pause Young (Normal) (G1 Evacuation Pause)
[2023-12-02T15:32:11.525+0000][2.576s][info ][gc,task       ] GC(3) Using 3 workers of 8 for evacuation
[2023-12-02T15:32:11.531+0000][2.582s][info ][gc,phases     ] GC(3)   Pre Evacuate Collection Set: 0.0ms
[2023-12-02T15:32:11.531+0000][2.582s][info ][gc,phases     ] GC(3)   Evacuate Collection Set: 4.3ms
[2023-12-02T15:32:11.531+0000][2.582s][info ][gc,phases     ] GC(3)   Post Evacuate Collection Set: 1.5ms
[2023-12-02T15:32:11.532+0000][2.583s][info ][gc,phases     ] GC(3)   Other: 0.6ms
[2023-12-02T15:32:11.532+0000][2.583s][info ][gc,heap       ] GC(3) Eden regions: 72->0(71)
[2023-12-02T15:32:11.532+0000][2.583s][info ][gc,heap       ] GC(3) Survivor regions: 2->3(10)
[2023-12-02T15:32:11.532+0000][2.583s][info ][gc,heap       ] GC(3) Old regions: 10->10
[2023-12-02T15:32:11.532+0000][2.584s][info ][gc,heap       ] GC(3) Humongous regions: 0->0
[2023-12-02T15:32:11.533+0000][2.584s][info ][gc,metaspace  ] GC(3) Metaspace: 10495K(11776K)->10495K(11776K) NonClass: 9206K(10240K)->9206K(10240K) Class: 1289K(1536K)->1289K(1536K)
[2023-12-02T15:32:11.533+0000][2.584s][info ][gc            ] GC(3) Pause Young (Normal) (G1 Evacuation Pause) 82M->11M(126M) 8.782ms
[2023-12-02T15:32:11.533+0000][2.584s][info ][gc,cpu        ] GC(3) User=0.01s Sys=0.00s Real=0.01s
[2023-12-02T15:32:11.533+0000][2.585s][info ][safepoint     ] Leaving safepoint region
[2023-12-02T15:32:11.534+0000][2.585s][info ][safepoint     ] Total time for which application threads were stopped: 0.0098174 seconds, Stopping threads took: 0.0002409 seconds
[2023-12-02T15:32:11.534+0000][2.585s][info ][gc,stringdedup] Concurrent String Deduplication (2.585s)
[2023-12-02T15:32:11.535+0000][2.586s][info ][gc,stringdedup] Concurrent String Deduplication 55688.0B->21968.0B(33720.0B) avg 8.3% (2.585s, 2.586s) 1.160ms
[2023-12-02T15:32:11.712+0000][2.763s][debug][safepoint     ] Safepoint synchronization initiated. (12 threads)
[2023-12-02T15:32:11.712+0000][2.763s][info ][safepoint     ] Application time: 0.1785612 seconds
[2023-12-02T15:32:11.713+0000][2.764s][info ][safepoint     ] Entering safepoint region: Deoptimize
[2023-12-02T15:32:11.713+0000][2.764s][info ][safepoint     ] Leaving safepoint region
[2023-12-02T15:32:11.713+0000][2.765s][info ][safepoint     ] Total time for which application threads were stopped: 0.0009296 seconds, Stopping threads took: 0.0003364 seconds
[2023-12-02T15:32:11.797+0000][2.848s][debug][safepoint     ] Safepoint synchronization initiated. (12 threads)
[2023-12-02T15:32:11.797+0000][2.848s][info ][safepoint     ] Application time: 0.0835303 seconds
[2023-12-02T15:32:11.798+0000][2.849s][info ][safepoint     ] Entering safepoint region: ICBufferFull
[2023-12-02T15:32:11.798+0000][2.849s][info ][safepoint     ] Leaving safepoint region
[2023-12-02T15:32:11.798+0000][2.849s][info ][safepoint     ] Total time for which application threads were stopped: 0.0006408 seconds, Stopping threads took: 0.0002428 seconds
[2023-12-02T15:32:11.917+0000][2.969s][debug][safepoint     ] Safepoint synchronization initiated. (13 threads)
[2023-12-02T15:32:11.918+0000][2.969s][info ][safepoint     ] Application time: 0.1194648 seconds
[2023-12-02T15:32:11.918+0000][2.969s][info ][safepoint     ] Entering safepoint region: G1CollectForAllocation
[2023-12-02T15:32:11.919+0000][2.970s][info ][gc,start      ] GC(4) Pause Young (Normal) (G1 Evacuation Pause)
[2023-12-02T15:32:11.919+0000][2.970s][info ][gc,task       ] GC(4) Using 4 workers of 8 for evacuation
[2023-12-02T15:32:11.926+0000][2.977s][info ][gc,phases     ] GC(4)   Pre Evacuate Collection Set: 0.0ms
[2023-12-02T15:32:11.926+0000][2.977s][info ][gc,phases     ] GC(4)   Evacuate Collection Set: 4.8ms
[2023-12-02T15:32:11.927+0000][2.978s][info ][gc,phases     ] GC(4)   Post Evacuate Collection Set: 1.5ms
[2023-12-02T15:32:11.927+0000][2.978s][info ][gc,phases     ] GC(4)   Other: 0.9ms
[2023-12-02T15:32:11.927+0000][2.978s][info ][gc,heap       ] GC(4) Eden regions: 71->0(68)
[2023-12-02T15:32:11.927+0000][2.978s][info ][gc,heap       ] GC(4) Survivor regions: 3->6(10)
[2023-12-02T15:32:11.927+0000][2.979s][info ][gc,heap       ] GC(4) Old regions: 10->10
[2023-12-02T15:32:11.928+0000][2.979s][info ][gc,heap       ] GC(4) Humongous regions: 0->0
[2023-12-02T15:32:11.928+0000][2.979s][info ][gc,metaspace  ] GC(4) Metaspace: 12489K(13312K)->12489K(13312K) NonClass: 10943K(11520K)->10943K(11520K) Class: 1545K(1792K)->1545K(1792K)
[2023-12-02T15:32:11.928+0000][2.979s][info ][gc            ] GC(4) Pause Young (Normal) (G1 Evacuation Pause) 82M->13M(126M) 9.531ms
[2023-12-02T15:32:11.928+0000][2.979s][info ][gc,cpu        ] GC(4) User=0.04s Sys=0.00s Real=0.01s
[2023-12-02T15:32:11.929+0000][2.980s][info ][safepoint     ] Leaving safepoint region
[2023-12-02T15:32:11.929+0000][2.980s][info ][safepoint     ] Total time for which application threads were stopped: 0.0106293 seconds, Stopping threads took: 0.0002797 seconds
[2023-12-02T15:32:11.929+0000][2.980s][info ][gc,stringdedup] Concurrent String Deduplication (2.980s)
[2023-12-02T15:32:11.933+0000][2.984s][info ][gc,stringdedup] Concurrent String Deduplication 114.7K->35840.0B(81656.0B) avg 11.0% (2.980s, 2.984s) 3.871ms
[2023-12-02T15:32:12.107+0000][3.158s][debug][safepoint     ] Safepoint synchronization initiated. (14 threads)
[2023-12-02T15:32:12.107+0000][3.158s][info ][safepoint     ] Application time: 0.1778279 seconds
[2023-12-02T15:32:12.107+0000][3.158s][info ][safepoint     ] Entering safepoint region: G1CollectForAllocation
[2023-12-02T15:32:12.108+0000][3.159s][info ][gc,start      ] GC(5) Pause Young (Normal) (G1 Evacuation Pause)
[2023-12-02T15:32:12.108+0000][3.159s][info ][gc,task       ] GC(5) Using 4 workers of 8 for evacuation
[2023-12-02T15:32:12.115+0000][3.166s][info ][gc,phases     ] GC(5)   Pre Evacuate Collection Set: 0.0ms
[2023-12-02T15:32:12.115+0000][3.166s][info ][gc,phases     ] GC(5)   Evacuate Collection Set: 4.9ms
[2023-12-02T15:32:12.116+0000][3.167s][info ][gc,phases     ] GC(5)   Post Evacuate Collection Set: 1.8ms
[2023-12-02T15:32:12.116+0000][3.167s][info ][gc,phases     ] GC(5)   Other: 0.6ms
[2023-12-02T15:32:12.116+0000][3.167s][info ][gc,heap       ] GC(5) Eden regions: 68->0(85)
[2023-12-02T15:32:12.116+0000][3.167s][info ][gc,heap       ] GC(5) Survivor regions: 6->6(10)
[2023-12-02T15:32:12.117+0000][3.168s][info ][gc,heap       ] GC(5) Old regions: 10->10
[2023-12-02T15:32:12.117+0000][3.168s][info ][gc,heap       ] GC(5) Humongous regions: 0->0
[2023-12-02T15:32:12.117+0000][3.168s][info ][gc,metaspace  ] GC(5) Metaspace: 14742K(15616K)->14742K(15616K) NonClass: 12916K(13568K)->12916K(13568K) Class: 1825K(2048K)->1825K(2048K)
[2023-12-02T15:32:12.117+0000][3.169s][info ][gc            ] GC(5) Pause Young (Normal) (G1 Evacuation Pause) 81M->13M(152M) 9.881ms
[2023-12-02T15:32:12.118+0000][3.169s][info ][gc,cpu        ] GC(5) User=0.03s Sys=0.00s Real=0.01s
[2023-12-02T15:32:12.118+0000][3.169s][info ][safepoint     ] Leaving safepoint region
[2023-12-02T15:32:12.118+0000][3.169s][info ][safepoint     ] Total time for which application threads were stopped: 0.0111298 seconds, Stopping threads took: 0.0002078 seconds
[2023-12-02T15:32:12.119+0000][3.170s][info ][gc,stringdedup] Concurrent String Deduplication (3.170s)
[2023-12-02T15:32:12.121+0000][3.172s][info ][gc,stringdedup] Concurrent String Deduplication 97608.0B->33288.0B(64320.0B) avg 12.9% (3.170s, 3.172s) 1.980ms
[2023-12-02T15:32:12.340+0000][3.391s][debug][safepoint     ] Safepoint synchronization initiated. (14 threads)
[2023-12-02T15:32:12.340+0000][3.392s][info ][safepoint     ] Application time: 0.2219641 seconds
[2023-12-02T15:32:12.341+0000][3.392s][debug][safepoint     ] ... found polling page return exception at pc = 0x00007f43fc34b06c, stub =0x00007f43f4840600
[2023-12-02T15:32:12.341+0000][3.392s][debug][safepoint     ] Waiting for 1 thread(s) to block
[2023-12-02T15:32:12.341+0000][3.392s][info ][safepoint     ] Entering safepoint region: G1CollectForAllocation
[2023-12-02T15:32:12.342+0000][3.393s][info ][gc,start      ] GC(6) Pause Young (Normal) (G1 Evacuation Pause)
[2023-12-02T15:32:12.342+0000][3.393s][info ][gc,task       ] GC(6) Using 4 workers of 8 for evacuation
[2023-12-02T15:32:12.348+0000][3.399s][info ][gc,phases     ] GC(6)   Pre Evacuate Collection Set: 0.0ms
[2023-12-02T15:32:12.349+0000][3.400s][info ][gc,phases     ] GC(6)   Evacuate Collection Set: 5.3ms
[2023-12-02T15:32:12.349+0000][3.400s][info ][gc,phases     ] GC(6)   Post Evacuate Collection Set: 1.2ms
[2023-12-02T15:32:12.349+0000][3.400s][info ][gc,phases     ] GC(6)   Other: 0.4ms
[2023-12-02T15:32:12.349+0000][3.401s][info ][gc,heap       ] GC(6) Eden regions: 85->0(85)
[2023-12-02T15:32:12.350+0000][3.401s][info ][gc,heap       ] GC(6) Survivor regions: 6->6(12)
[2023-12-02T15:32:12.350+0000][3.401s][info ][gc,heap       ] GC(6) Old regions: 10->10
[2023-12-02T15:32:12.350+0000][3.401s][info ][gc,heap       ] GC(6) Humongous regions: 0->0
[2023-12-02T15:32:12.350+0000][3.401s][info ][gc,metaspace  ] GC(6) Metaspace: 16907K(17920K)->16907K(17920K) NonClass: 14710K(15360K)->14710K(15360K) Class: 2197K(2560K)->2197K(2560K)
[2023-12-02T15:32:12.351+0000][3.402s][info ][gc            ] GC(6) Pause Young (Normal) (G1 Evacuation Pause) 98M->14M(152M) 9.181ms
[2023-12-02T15:32:12.351+0000][3.402s][info ][gc,cpu        ] GC(6) User=0.02s Sys=0.00s Real=0.01s
[2023-12-02T15:32:12.351+0000][3.402s][info ][safepoint     ] Leaving safepoint region
[2023-12-02T15:32:12.351+0000][3.402s][info ][safepoint     ] Total time for which application threads were stopped: 0.0105048 seconds, Stopping threads took: 0.0006630 seconds
[2023-12-02T15:32:12.351+0000][3.403s][info ][gc,stringdedup] Concurrent String Deduplication (3.403s)
[2023-12-02T15:32:12.353+0000][3.404s][info ][gc,stringdedup] Concurrent String Deduplication 137.2K->104.3K(33736.0B) avg 13.4% (3.403s, 3.404s) 1.687ms
[2023-12-02T15:32:12.372+0000][3.423s][debug][safepoint     ] Safepoint synchronization initiated. (14 threads)
[2023-12-02T15:32:12.372+0000][3.423s][info ][safepoint     ] Application time: 0.0209561 seconds
[2023-12-02T15:32:12.373+0000][3.424s][info ][safepoint     ] Entering safepoint region: Deoptimize
[2023-12-02T15:32:12.373+0000][3.424s][info ][safepoint     ] Leaving safepoint region
[2023-12-02T15:32:12.374+0000][3.425s][info ][safepoint     ] Total time for which application threads were stopped: 0.0009687 seconds, Stopping threads took: 0.0003318 seconds
[2023-12-02T15:32:12.389+0000][3.440s][debug][safepoint     ] Safepoint synchronization initiated. (14 threads)
[2023-12-02T15:32:12.389+0000][3.440s][info ][safepoint     ] Application time: 0.0155045 seconds
[2023-12-02T15:32:12.390+0000][3.441s][info ][safepoint     ] Entering safepoint region: Deoptimize
[2023-12-02T15:32:12.390+0000][3.441s][info ][safepoint     ] Leaving safepoint region
[2023-12-02T15:32:12.391+0000][3.442s][info ][safepoint     ] Total time for which application threads were stopped: 0.0008699 seconds, Stopping threads took: 0.0002542 seconds
[2023-12-02T15:32:12.555+0000][3.606s][debug][safepoint     ] Safepoint synchronization initiated. (14 threads)
[2023-12-02T15:32:12.555+0000][3.606s][info ][safepoint     ] Application time: 0.1644330 seconds
[2023-12-02T15:32:12.555+0000][3.607s][info ][safepoint     ] Entering safepoint region: Deoptimize
[2023-12-02T15:32:12.556+0000][3.607s][info ][safepoint     ] Leaving safepoint region
[2023-12-02T15:32:12.556+0000][3.607s][info ][safepoint     ] Total time for which application threads were stopped: 0.0008904 seconds, Stopping threads took: 0.0002152 seconds
[2023-12-02T15:32:12.628+0000][3.679s][debug][safepoint     ] Safepoint synchronization initiated. (14 threads)
[2023-12-02T15:32:12.628+0000][3.679s][info ][safepoint     ] Application time: 0.0713338 seconds
[2023-12-02T15:32:12.628+0000][3.679s][debug][safepoint     ] Waiting for 1 thread(s) to block
[2023-12-02T15:32:12.628+0000][3.680s][info ][safepoint     ] Entering safepoint region: G1CollectForAllocation
[2023-12-02T15:32:12.629+0000][3.680s][info ][gc,start      ] GC(7) Pause Young (Normal) (G1 Evacuation Pause)
[2023-12-02T15:32:12.629+0000][3.680s][info ][gc,task       ] GC(7) Using 4 workers of 8 for evacuation
[2023-12-02T15:32:12.637+0000][3.688s][info ][gc,phases     ] GC(7)   Pre Evacuate Collection Set: 0.0ms
[2023-12-02T15:32:12.637+0000][3.689s][info ][gc,phases     ] GC(7)   Evacuate Collection Set: 6.4ms
[2023-12-02T15:32:12.638+0000][3.689s][info ][gc,phases     ] GC(7)   Post Evacuate Collection Set: 1.2ms
[2023-12-02T15:32:12.638+0000][3.689s][info ][gc,phases     ] GC(7)   Other: 0.7ms
[2023-12-02T15:32:12.638+0000][3.689s][info ][gc,heap       ] GC(7) Eden regions: 85->0(83)
[2023-12-02T15:32:12.638+0000][3.689s][info ][gc,heap       ] GC(7) Survivor regions: 6->8(12)
[2023-12-02T15:32:12.638+0000][3.689s][info ][gc,heap       ] GC(7) Old regions: 10->10
[2023-12-02T15:32:12.639+0000][3.690s][info ][gc,heap       ] GC(7) Humongous regions: 0->0
[2023-12-02T15:32:12.639+0000][3.690s][info ][gc,metaspace  ] GC(7) Metaspace: 19141K(20224K)->19141K(20224K) NonClass: 16686K(17408K)->16686K(17408K) Class: 2454K(2816K)->2454K(2816K)
[2023-12-02T15:32:12.639+0000][3.690s][info ][gc            ] GC(7) Pause Young (Normal) (G1 Evacuation Pause) 99M->15M(152M) 10.256ms
[2023-12-02T15:32:12.639+0000][3.690s][info ][gc,cpu        ] GC(7) User=0.06s Sys=0.00s Real=0.01s
[2023-12-02T15:32:12.640+0000][3.691s][info ][safepoint     ] Leaving safepoint region
[2023-12-02T15:32:12.640+0000][3.691s][info ][safepoint     ] Total time for which application threads were stopped: 0.0116114 seconds, Stopping threads took: 0.0005329 seconds
[2023-12-02T15:32:12.640+0000][3.691s][info ][gc,stringdedup] Concurrent String Deduplication (3.691s)
[2023-12-02T15:32:12.641+0000][3.692s][info ][gc,stringdedup] Concurrent String Deduplication 47712.0B->13520.0B(34192.0B) avg 14.3% (3.691s, 3.692s) 1.145ms
[2023-12-02T15:32:12.772+0000][3.823s][debug][safepoint     ] Safepoint synchronization initiated. (14 threads)
[2023-12-02T15:32:12.772+0000][3.823s][info ][safepoint     ] Application time: 0.1324815 seconds
[2023-12-02T15:32:12.773+0000][3.824s][debug][safepoint     ] ... found polling page return exception at pc = 0x00007f43fc2ddff6, stub =0x00007f43f4840600
[2023-12-02T15:32:12.773+0000][3.824s][debug][safepoint     ] Waiting for 1 thread(s) to block
[2023-12-02T15:32:12.773+0000][3.824s][info ][safepoint     ] Entering safepoint region: CollectForMetadataAllocation
[2023-12-02T15:32:12.774+0000][3.825s][info ][gc,start      ] GC(8) Pause Young (Concurrent Start) (Metadata GC Threshold)
[2023-12-02T15:32:12.774+0000][3.825s][info ][gc,task       ] GC(8) Using 4 workers of 8 for evacuation
[2023-12-02T15:32:12.786+0000][3.837s][info ][gc,phases     ] GC(8)   Pre Evacuate Collection Set: 0.1ms
[2023-12-02T15:32:12.787+0000][3.838s][info ][gc,phases     ] GC(8)   Evacuate Collection Set: 10.1ms
[2023-12-02T15:32:12.787+0000][3.838s][info ][gc,phases     ] GC(8)   Post Evacuate Collection Set: 1.3ms
[2023-12-02T15:32:12.787+0000][3.838s][info ][gc,phases     ] GC(8)   Other: 0.8ms
[2023-12-02T15:32:12.787+0000][3.838s][info ][gc,heap       ] GC(8) Eden regions: 28->0(84)
[2023-12-02T15:32:12.788+0000][3.839s][info ][gc,heap       ] GC(8) Survivor regions: 8->7(12)
[2023-12-02T15:32:12.788+0000][3.839s][info ][gc,heap       ] GC(8) Old regions: 10->12
[2023-12-02T15:32:12.788+0000][3.839s][info ][gc,heap       ] GC(8) Humongous regions: 0->0
[2023-12-02T15:32:12.788+0000][3.839s][info ][gc,metaspace  ] GC(8) Metaspace: 20524K(21248K)->20524K(21248K) NonClass: 17944K(18432K)->17944K(18432K) Class: 2580K(2816K)->2580K(2816K)
[2023-12-02T15:32:12.788+0000][3.839s][info ][gc            ] GC(8) Pause Young (Concurrent Start) (Metadata GC Threshold) 43M->16M(152M) 14.484ms
[2023-12-02T15:32:12.789+0000][3.840s][info ][gc,cpu        ] GC(8) User=0.06s Sys=0.00s Real=0.01s
[2023-12-02T15:32:12.789+0000][3.840s][info ][gc            ] GC(9) Concurrent Cycle
[2023-12-02T15:32:12.789+0000][3.840s][info ][safepoint     ] Leaving safepoint region
[2023-12-02T15:32:12.790+0000][3.841s][info ][safepoint     ] Total time for which application threads were stopped: 0.0169730 seconds, Stopping threads took: 0.0010323 seconds
[2023-12-02T15:32:12.789+0000][3.840s][info ][gc,marking    ] GC(9) Concurrent Clear Claimed Marks
[2023-12-02T15:32:12.790+0000][3.841s][info ][gc,stringdedup] Concurrent String Deduplication (3.841s)
[2023-12-02T15:32:12.791+0000][3.842s][info ][gc,marking    ] GC(9) Concurrent Clear Claimed Marks 1.463ms
[2023-12-02T15:32:12.792+0000][3.843s][info ][gc,marking    ] GC(9) Concurrent Scan Root Regions
[2023-12-02T15:32:12.792+0000][3.843s][info ][gc,stringdedup] Concurrent String Deduplication 101.6K->14704.0B(89312.0B) avg 16.8% (3.841s, 3.843s) 1.976ms
[2023-12-02T15:32:12.795+0000][3.846s][info ][gc,marking    ] GC(9) Concurrent Scan Root Regions 3.744ms
[2023-12-02T15:32:12.796+0000][3.847s][info ][gc,marking    ] GC(9) Concurrent Mark (3.847s)
[2023-12-02T15:32:12.796+0000][3.847s][info ][gc,marking    ] GC(9) Concurrent Mark From Roots
[2023-12-02T15:32:12.796+0000][3.847s][info ][gc,task       ] GC(9) Using 2 workers of 2 for marking
[2023-12-02T15:32:12.813+0000][3.864s][info ][gc,marking    ] GC(9) Concurrent Mark From Roots 17.199ms
[2023-12-02T15:32:12.814+0000][3.865s][info ][gc,marking    ] GC(9) Concurrent Preclean
[2023-12-02T15:32:12.814+0000][3.865s][info ][gc,marking    ] GC(9) Concurrent Preclean 0.434ms
[2023-12-02T15:32:12.814+0000][3.865s][info ][gc,marking    ] GC(9) Concurrent Mark (3.847s, 3.865s) 18.681ms
[2023-12-02T15:32:12.815+0000][3.866s][debug][safepoint     ] Safepoint synchronization initiated. (14 threads)
[2023-12-02T15:32:12.815+0000][3.866s][info ][safepoint     ] Application time: 0.0253283 seconds
[2023-12-02T15:32:12.816+0000][3.867s][debug][safepoint     ] Waiting for 2 thread(s) to block
[2023-12-02T15:32:12.816+0000][3.867s][info ][safepoint     ] Entering safepoint region: CGC_Operation
[2023-12-02T15:32:12.816+0000][3.867s][info ][gc,start      ] GC(9) Pause Remark
[2023-12-02T15:32:12.820+0000][3.871s][info ][gc,stringtable] GC(9) Cleaned string and symbol table, strings: 8302 processed, 7 removed, symbols: 55136 processed, 115 removed
[2023-12-02T15:32:12.821+0000][3.872s][info ][gc            ] GC(9) Pause Remark 20M->20M(152M) 4.587ms
[2023-12-02T15:32:12.821+0000][3.872s][info ][gc,cpu        ] GC(9) User=0.01s Sys=0.02s Real=0.01s
[2023-12-02T15:32:12.821+0000][3.872s][info ][safepoint     ] Leaving safepoint region
[2023-12-02T15:32:12.822+0000][3.873s][info ][safepoint     ] Total time for which application threads were stopped: 0.0061687 seconds, Stopping threads took: 0.0005831 seconds
[2023-12-02T15:32:12.822+0000][3.873s][info ][gc,marking    ] GC(9) Concurrent Rebuild Remembered Sets
[2023-12-02T15:32:12.834+0000][3.885s][info ][gc,marking    ] GC(9) Concurrent Rebuild Remembered Sets 11.886ms
[2023-12-02T15:32:12.834+0000][3.886s][debug][safepoint     ] Safepoint synchronization initiated. (14 threads)
[2023-12-02T15:32:12.835+0000][3.886s][info ][safepoint     ] Application time: 0.0130396 seconds
[2023-12-02T15:32:12.835+0000][3.886s][debug][safepoint     ] Waiting for 2 thread(s) to block
[2023-12-02T15:32:12.836+0000][3.887s][info ][safepoint     ] Entering safepoint region: CGC_Operation
[2023-12-02T15:32:12.836+0000][3.887s][info ][gc,start      ] GC(9) Pause Cleanup
[2023-12-02T15:32:12.836+0000][3.887s][info ][gc            ] GC(9) Pause Cleanup 24M->24M(152M) 0.360ms
[2023-12-02T15:32:12.837+0000][3.888s][info ][gc,cpu        ] GC(9) User=0.00s Sys=0.00s Real=0.00s
[2023-12-02T15:32:12.837+0000][3.888s][info ][safepoint     ] Leaving safepoint region
[2023-12-02T15:32:12.837+0000][3.888s][info ][safepoint     ] Total time for which application threads were stopped: 0.0019594 seconds, Stopping threads took: 0.0005920 seconds
[2023-12-02T15:32:12.837+0000][3.889s][info ][gc,marking    ] GC(9) Concurrent Cleanup for Next Mark
[2023-12-02T15:32:12.839+0000][3.890s][info ][gc,marking    ] GC(9) Concurrent Cleanup for Next Mark 1.795ms
[2023-12-02T15:32:12.840+0000][3.891s][info ][gc            ] GC(9) Concurrent Cycle 50.570ms
[2023-12-02T15:32:13.076+0000][4.127s][debug][safepoint     ] Safepoint synchronization initiated. (14 threads)
[2023-12-02T15:32:13.076+0000][4.127s][info ][safepoint     ] Application time: 0.2387560 seconds
[2023-12-02T15:32:13.077+0000][4.128s][info ][safepoint     ] Entering safepoint region: Deoptimize
[2023-12-02T15:32:13.077+0000][4.129s][info ][safepoint     ] Leaving safepoint region
[2023-12-02T15:32:13.078+0000][4.129s][info ][safepoint     ] Total time for which application threads were stopped: 0.0011610 seconds, Stopping threads took: 0.0002875 seconds
[2023-12-02T15:32:13.112+0000][4.163s][debug][safepoint     ] Safepoint synchronization initiated. (14 threads)
[2023-12-02T15:32:13.113+0000][4.164s][info ][safepoint     ] Application time: 0.0347407 seconds
[2023-12-02T15:32:13.113+0000][4.164s][info ][safepoint     ] Entering safepoint region: G1CollectForAllocation
[2023-12-02T15:32:13.114+0000][4.165s][info ][gc,start      ] GC(10) Pause Young (Normal) (G1 Evacuation Pause)
[2023-12-02T15:32:13.114+0000][4.165s][info ][gc,task       ] GC(10) Using 4 workers of 8 for evacuation
[2023-12-02T15:32:13.127+0000][4.178s][info ][gc,phases     ] GC(10)   Pre Evacuate Collection Set: 0.0ms
[2023-12-02T15:32:13.127+0000][4.178s][info ][gc,phases     ] GC(10)   Evacuate Collection Set: 10.2ms
[2023-12-02T15:32:13.128+0000][4.179s][info ][gc,phases     ] GC(10)   Post Evacuate Collection Set: 2.5ms
[2023-12-02T15:32:13.128+0000][4.179s][info ][gc,phases     ] GC(10)   Other: 0.6ms
[2023-12-02T15:32:13.128+0000][4.179s][info ][gc,heap       ] GC(10) Eden regions: 84->0(101)
[2023-12-02T15:32:13.128+0000][4.179s][info ][gc,heap       ] GC(10) Survivor regions: 7->8(12)
[2023-12-02T15:32:13.129+0000][4.180s][info ][gc,heap       ] GC(10) Old regions: 12->13
[2023-12-02T15:32:13.129+0000][4.180s][info ][gc,heap       ] GC(10) Humongous regions: 0->0
[2023-12-02T15:32:13.129+0000][4.180s][info ][gc,metaspace  ] GC(10) Metaspace: 23801K(24828K)->23801K(24828K) NonClass: 20819K(21504K)->20819K(21504K) Class: 2982K(3324K)->2982K(3324K)
[2023-12-02T15:32:13.129+0000][4.181s][info ][gc            ] GC(10) Pause Young (Normal) (G1 Evacuation Pause) 100M->18M(183M) 15.875ms
[2023-12-02T15:32:13.130+0000][4.181s][info ][gc,cpu        ] GC(10) User=0.07s Sys=0.01s Real=0.01s
[2023-12-02T15:32:13.130+0000][4.181s][info ][safepoint     ] Leaving safepoint region
[2023-12-02T15:32:13.130+0000][4.181s][info ][safepoint     ] Total time for which application threads were stopped: 0.0170487 seconds, Stopping threads took: 0.0002794 seconds
[2023-12-02T15:32:13.130+0000][4.182s][info ][gc,stringdedup] Concurrent String Deduplication (4.182s)
[2023-12-02T15:32:13.136+0000][4.187s][info ][gc,stringdedup] Concurrent String Deduplication 757.1K->720.6K(37368.0B) avg 14.4% (4.182s, 4.187s) 5.892ms
[2023-12-02T15:32:13.556+0000][4.607s][debug][safepoint     ] Safepoint synchronization initiated. (13 threads)
[2023-12-02T15:32:13.556+0000][4.607s][info ][safepoint     ] Application time: 0.4260039 seconds
[2023-12-02T15:32:13.557+0000][4.608s][info ][safepoint     ] Entering safepoint region: G1CollectForAllocation
[2023-12-02T15:32:13.557+0000][4.608s][info ][gc,start      ] GC(11) Pause Young (Normal) (G1 Evacuation Pause)
[2023-12-02T15:32:13.558+0000][4.609s][info ][gc,task       ] GC(11) Using 4 workers of 8 for evacuation
[2023-12-02T15:32:13.569+0000][4.620s][info ][gc,phases     ] GC(11)   Pre Evacuate Collection Set: 0.0ms
[2023-12-02T15:32:13.569+0000][4.620s][info ][gc,phases     ] GC(11)   Evacuate Collection Set: 9.2ms
[2023-12-02T15:32:13.570+0000][4.621s][info ][gc,phases     ] GC(11)   Post Evacuate Collection Set: 1.7ms
[2023-12-02T15:32:13.570+0000][4.621s][info ][gc,phases     ] GC(11)   Other: 0.6ms
[2023-12-02T15:32:13.570+0000][4.621s][info ][gc,heap       ] GC(11) Eden regions: 101->0(100)
[2023-12-02T15:32:13.570+0000][4.621s][info ][gc,heap       ] GC(11) Survivor regions: 8->9(14)
[2023-12-02T15:32:13.571+0000][4.622s][info ][gc,heap       ] GC(11) Old regions: 13->15
[2023-12-02T15:32:13.571+0000][4.622s][info ][gc,heap       ] GC(11) Humongous regions: 0->0
[2023-12-02T15:32:13.571+0000][4.622s][info ][gc,metaspace  ] GC(11) Metaspace: 24254K(25212K)->24254K(25212K) NonClass: 21203K(21760K)->21203K(21760K) Class: 3051K(3452K)->3051K(3452K)
[2023-12-02T15:32:13.571+0000][4.622s][info ][gc            ] GC(11) Pause Young (Normal) (G1 Evacuation Pause) 119M->21M(183M) 13.843ms
[2023-12-02T15:32:13.571+0000][4.622s][info ][gc,cpu        ] GC(11) User=0.07s Sys=0.00s Real=0.02s
[2023-12-02T15:32:13.572+0000][4.623s][info ][safepoint     ] Leaving safepoint region
[2023-12-02T15:32:13.572+0000][4.623s][info ][safepoint     ] Total time for which application threads were stopped: 0.0151245 seconds, Stopping threads took: 0.0004598 seconds
[2023-12-02T15:32:13.572+0000][4.623s][info ][gc,stringdedup] Concurrent String Deduplication (4.623s)
[2023-12-02T15:32:13.573+0000][4.624s][info ][gc,stringdedup] Concurrent String Deduplication 83808.0B->53008.0B(30800.0B) avg 14.8% (4.623s, 4.624s) 1.201ms
[2023-12-02T15:32:13.996+0000][5.047s][debug][safepoint     ] Safepoint synchronization initiated. (13 threads)
[2023-12-02T15:32:13.996+0000][5.047s][info ][safepoint     ] Application time: 0.4241805 seconds
[2023-12-02T15:32:13.996+0000][5.047s][info ][safepoint     ] Entering safepoint region: G1CollectForAllocation
[2023-12-02T15:32:13.997+0000][5.048s][info ][gc,start      ] GC(12) Pause Young (Normal) (G1 Evacuation Pause)
[2023-12-02T15:32:13.997+0000][5.048s][info ][gc,task       ] GC(12) Using 4 workers of 8 for evacuation
[2023-12-02T15:32:14.008+0000][5.059s][info ][gc,phases     ] GC(12)   Pre Evacuate Collection Set: 0.0ms
[2023-12-02T15:32:14.008+0000][5.059s][info ][gc,phases     ] GC(12)   Evacuate Collection Set: 8.6ms
[2023-12-02T15:32:14.008+0000][5.060s][info ][gc,phases     ] GC(12)   Post Evacuate Collection Set: 1.6ms
[2023-12-02T15:32:14.009+0000][5.060s][info ][gc,phases     ] GC(12)   Other: 0.7ms
[2023-12-02T15:32:14.009+0000][5.060s][info ][gc,heap       ] GC(12) Eden regions: 100->0(99)
[2023-12-02T15:32:14.009+0000][5.060s][info ][gc,heap       ] GC(12) Survivor regions: 9->10(14)
[2023-12-02T15:32:14.010+0000][5.061s][info ][gc,heap       ] GC(12) Old regions: 15->16
[2023-12-02T15:32:14.010+0000][5.061s][info ][gc,heap       ] GC(12) Humongous regions: 0->0
[2023-12-02T15:32:14.010+0000][5.061s][info ][gc,metaspace  ] GC(12) Metaspace: 24663K(25724K)->24663K(25724K) NonClass: 21576K(22272K)->21576K(22272K) Class: 3086K(3452K)->3086K(3452K)
[2023-12-02T15:32:14.010+0000][5.061s][info ][gc            ] GC(12) Pause Young (Normal) (G1 Evacuation Pause) 121M->24M(183M) 13.292ms
[2023-12-02T15:32:14.010+0000][5.061s][info ][gc,cpu        ] GC(12) User=0.08s Sys=0.00s Real=0.01s
[2023-12-02T15:32:14.011+0000][5.062s][info ][safepoint     ] Leaving safepoint region
[2023-12-02T15:32:14.011+0000][5.062s][info ][safepoint     ] Total time for which application threads were stopped: 0.0144365 seconds, Stopping threads took: 0.0002431 seconds
[2023-12-02T15:32:14.011+0000][5.062s][info ][gc,stringdedup] Concurrent String Deduplication (5.062s)
[2023-12-02T15:32:14.015+0000][5.066s][info ][gc,stringdedup] Concurrent String Deduplication 583.2K->383.0K(200.2K) avg 17.4% (5.062s, 5.066s) 4.125ms
[2023-12-02T15:32:14.442+0000][5.493s][debug][safepoint     ] Safepoint synchronization initiated. (13 threads)
[2023-12-02T15:32:14.442+0000][5.494s][info ][safepoint     ] Application time: 0.4314529 seconds
[2023-12-02T15:32:14.443+0000][5.494s][info ][safepoint     ] Entering safepoint region: G1CollectForAllocation
[2023-12-02T15:32:14.443+0000][5.494s][info ][gc,start      ] GC(13) Pause Young (Normal) (G1 Evacuation Pause)
[2023-12-02T15:32:14.444+0000][5.495s][info ][gc,task       ] GC(13) Using 4 workers of 8 for evacuation
[2023-12-02T15:32:14.462+0000][5.513s][info ][gc,phases     ] GC(13)   Pre Evacuate Collection Set: 0.0ms
[2023-12-02T15:32:14.462+0000][5.513s][info ][gc,phases     ] GC(13)   Evacuate Collection Set: 15.7ms
[2023-12-02T15:32:14.463+0000][5.514s][info ][gc,phases     ] GC(13)   Post Evacuate Collection Set: 1.9ms
[2023-12-02T15:32:14.463+0000][5.514s][info ][gc,phases     ] GC(13)   Other: 1.0ms
[2023-12-02T15:32:14.463+0000][5.514s][info ][gc,heap       ] GC(13) Eden regions: 99->0(101)
[2023-12-02T15:32:14.463+0000][5.514s][info ][gc,heap       ] GC(13) Survivor regions: 10->8(14)
[2023-12-02T15:32:14.464+0000][5.515s][info ][gc,heap       ] GC(13) Old regions: 16->20
[2023-12-02T15:32:14.464+0000][5.515s][info ][gc,heap       ] GC(13) Humongous regions: 0->0
[2023-12-02T15:32:14.464+0000][5.515s][info ][gc,metaspace  ] GC(13) Metaspace: 24837K(25724K)->24837K(25724K) NonClass: 21734K(22272K)->21734K(22272K) Class: 3103K(3452K)->3103K(3452K)
[2023-12-02T15:32:14.465+0000][5.516s][info ][gc            ] GC(13) Pause Young (Normal) (G1 Evacuation Pause) 123M->26M(183M) 21.792ms
[2023-12-02T15:32:14.466+0000][5.517s][info ][gc,cpu        ] GC(13) User=0.09s Sys=0.00s Real=0.02s
[2023-12-02T15:32:14.467+0000][5.518s][info ][safepoint     ] Leaving safepoint region
[2023-12-02T15:32:14.467+0000][5.518s][info ][safepoint     ] Total time for which application threads were stopped: 0.0244684 seconds, Stopping threads took: 0.0002969 seconds
[2023-12-02T15:32:14.468+0000][5.519s][info ][gc,stringdedup] Concurrent String Deduplication (5.519s)
[2023-12-02T15:32:14.474+0000][5.525s][info ][gc,stringdedup] Concurrent String Deduplication 846.9K->367.9K(479.0K) avg 23.7% (5.519s, 5.525s) 6.653ms
[2023-12-02T15:32:14.728+0000][5.779s][debug][safepoint     ] Safepoint synchronization initiated. (14 threads)
[2023-12-02T15:32:14.728+0000][5.779s][info ][safepoint     ] Application time: 0.2602481 seconds
[2023-12-02T15:32:14.728+0000][5.779s][info ][safepoint     ] Entering safepoint region: G1CollectForAllocation
[2023-12-02T15:32:14.729+0000][5.780s][info ][gc,start      ] GC(14) Pause Young (Normal) (G1 Evacuation Pause)
[2023-12-02T15:32:14.729+0000][5.780s][info ][gc,task       ] GC(14) Using 4 workers of 8 for evacuation
[2023-12-02T15:32:14.737+0000][5.788s][info ][gc,phases     ] GC(14)   Pre Evacuate Collection Set: 0.0ms
[2023-12-02T15:32:14.738+0000][5.789s][info ][gc,phases     ] GC(14)   Evacuate Collection Set: 6.1ms
[2023-12-02T15:32:14.738+0000][5.789s][info ][gc,phases     ] GC(14)   Post Evacuate Collection Set: 2.0ms
[2023-12-02T15:32:14.738+0000][5.789s][info ][gc,phases     ] GC(14)   Other: 0.6ms
[2023-12-02T15:32:14.738+0000][5.789s][info ][gc,heap       ] GC(14) Eden regions: 101->0(134)
[2023-12-02T15:32:14.739+0000][5.790s][info ][gc,heap       ] GC(14) Survivor regions: 8->7(14)
[2023-12-02T15:32:14.739+0000][5.790s][info ][gc,heap       ] GC(14) Old regions: 20->22
[2023-12-02T15:32:14.739+0000][5.790s][info ][gc,heap       ] GC(14) Humongous regions: 0->0
[2023-12-02T15:32:14.739+0000][5.790s][info ][gc,metaspace  ] GC(14) Metaspace: 25742K(26876K)->25742K(26876K) NonClass: 22575K(23296K)->22575K(23296K) Class: 3166K(3580K)->3166K(3580K)
[2023-12-02T15:32:14.739+0000][5.791s][info ][gc            ] GC(14) Pause Young (Normal) (G1 Evacuation Pause) 127M->27M(235M) 10.743ms
[2023-12-02T15:32:14.740+0000][5.791s][info ][gc,cpu        ] GC(14) User=0.05s Sys=0.00s Real=0.01s
[2023-12-02T15:32:14.740+0000][5.791s][info ][safepoint     ] Leaving safepoint region
[2023-12-02T15:32:14.740+0000][5.791s][info ][safepoint     ] Total time for which application threads were stopped: 0.0118947 seconds, Stopping threads took: 0.0002224 seconds
[2023-12-02T15:32:14.740+0000][5.791s][info ][gc,stringdedup] Concurrent String Deduplication (5.791s)
[2023-12-02T15:32:14.747+0000][5.798s][info ][gc,stringdedup] Concurrent String Deduplication 790.4K->247.4K(543.0K) avg 29.6% (5.791s, 5.798s) 6.934ms
[2023-12-02T15:32:14.978+0000][6.029s][debug][safepoint     ] Safepoint synchronization initiated. (14 threads)
[2023-12-02T15:32:14.978+0000][6.029s][info ][safepoint     ] Application time: 0.2376099 seconds
[2023-12-02T15:32:14.978+0000][6.029s][debug][safepoint     ] Waiting for 1 thread(s) to block
[2023-12-02T15:32:14.979+0000][6.030s][info ][safepoint     ] Entering safepoint region: G1CollectForAllocation
[2023-12-02T15:32:14.979+0000][6.030s][info ][gc,start      ] GC(15) Pause Young (Normal) (G1 Evacuation Pause)
[2023-12-02T15:32:14.979+0000][6.030s][info ][gc,task       ] GC(15) Using 5 workers of 8 for evacuation
[2023-12-02T15:32:14.985+0000][6.036s][info ][gc,phases     ] GC(15)   Pre Evacuate Collection Set: 0.0ms
[2023-12-02T15:32:14.985+0000][6.036s][info ][gc,phases     ] GC(15)   Evacuate Collection Set: 3.7ms
[2023-12-02T15:32:14.985+0000][6.036s][info ][gc,phases     ] GC(15)   Post Evacuate Collection Set: 1.3ms
[2023-12-02T15:32:14.986+0000][6.037s][info ][gc,phases     ] GC(15)   Other: 0.8ms
[2023-12-02T15:32:14.986+0000][6.037s][info ][gc,heap       ] GC(15) Eden regions: 134->0(134)
[2023-12-02T15:32:14.986+0000][6.037s][info ][gc,heap       ] GC(15) Survivor regions: 7->7(18)
[2023-12-02T15:32:14.986+0000][6.037s][info ][gc,heap       ] GC(15) Old regions: 22->22
[2023-12-02T15:32:14.986+0000][6.037s][info ][gc,heap       ] GC(15) Humongous regions: 0->0
[2023-12-02T15:32:14.986+0000][6.037s][info ][gc,metaspace  ] GC(15) Metaspace: 26368K(27388K)->26368K(27388K) NonClass: 23148K(23808K)->23148K(23808K) Class: 3220K(3580K)->3220K(3580K)
[2023-12-02T15:32:14.987+0000][6.038s][info ][gc            ] GC(15) Pause Young (Normal) (G1 Evacuation Pause) 161M->26M(235M) 7.677ms
[2023-12-02T15:32:14.987+0000][6.038s][info ][gc,cpu        ] GC(15) User=0.04s Sys=0.00s Real=0.01s
[2023-12-02T15:32:14.987+0000][6.038s][info ][safepoint     ] Leaving safepoint region
[2023-12-02T15:32:14.987+0000][6.038s][info ][safepoint     ] Total time for which application threads were stopped: 0.0089977 seconds, Stopping threads took: 0.0005094 seconds
[2023-12-02T15:32:14.987+0000][6.038s][info ][gc,stringdedup] Concurrent String Deduplication (6.038s)
[2023-12-02T15:32:14.992+0000][6.043s][info ][gc,stringdedup] Concurrent String Deduplication 1052.5K->247.7K(804.8K) avg 36.5% (6.038s, 6.043s) 4.245ms
[2023-12-02T15:32:15.154+0000][6.205s][debug][safepoint     ] Safepoint synchronization initiated. (14 threads)
[2023-12-02T15:32:15.155+0000][6.206s][info ][safepoint     ] Application time: 0.1673441 seconds
[2023-12-02T15:32:15.155+0000][6.206s][info ][safepoint     ] Entering safepoint region: G1CollectForAllocation
[2023-12-02T15:32:15.155+0000][6.206s][info ][gc,start      ] GC(16) Pause Young (Normal) (G1 Evacuation Pause)
[2023-12-02T15:32:15.156+0000][6.207s][info ][gc,task       ] GC(16) Using 5 workers of 8 for evacuation
[2023-12-02T15:32:15.161+0000][6.212s][info ][gc,phases     ] GC(16)   Pre Evacuate Collection Set: 0.0ms
[2023-12-02T15:32:15.161+0000][6.212s][info ][gc,phases     ] GC(16)   Evacuate Collection Set: 3.4ms
[2023-12-02T15:32:15.161+0000][6.212s][info ][gc,phases     ] GC(16)   Post Evacuate Collection Set: 1.4ms
[2023-12-02T15:32:15.162+0000][6.213s][info ][gc,phases     ] GC(16)   Other: 0.7ms
[2023-12-02T15:32:15.162+0000][6.213s][info ][gc,heap       ] GC(16) Eden regions: 134->0(136)
[2023-12-02T15:32:15.162+0000][6.213s][info ][gc,heap       ] GC(16) Survivor regions: 7->5(18)
[2023-12-02T15:32:15.162+0000][6.213s][info ][gc,heap       ] GC(16) Old regions: 22->22
[2023-12-02T15:32:15.163+0000][6.214s][info ][gc,heap       ] GC(16) Humongous regions: 0->0
[2023-12-02T15:32:15.163+0000][6.214s][info ][gc,metaspace  ] GC(16) Metaspace: 26372K(27388K)->26372K(27388K) NonClass: 23151K(23808K)->23151K(23808K) Class: 3220K(3580K)->3220K(3580K)
[2023-12-02T15:32:15.163+0000][6.214s][info ][gc            ] GC(16) Pause Young (Normal) (G1 Evacuation Pause) 160M->25M(235M) 7.692ms
[2023-12-02T15:32:15.163+0000][6.214s][info ][gc,cpu        ] GC(16) User=0.02s Sys=0.01s Real=0.01s
[2023-12-02T15:32:15.163+0000][6.214s][info ][safepoint     ] Leaving safepoint region
[2023-12-02T15:32:15.164+0000][6.215s][info ][safepoint     ] Total time for which application threads were stopped: 0.0086242 seconds, Stopping threads took: 0.0001923 seconds
[2023-12-02T15:32:15.164+0000][6.215s][info ][gc,stringdedup] Concurrent String Deduplication (6.215s)
[2023-12-02T15:32:15.165+0000][6.217s][info ][gc,stringdedup] Concurrent String Deduplication 385.6K->34360.0B(352.0K) avg 39.3% (6.215s, 6.217s) 1.693ms
[2023-12-02T15:32:16.164+0000][7.215s][debug][safepoint     ] Safepoint synchronization initiated. (11 threads)
[2023-12-02T15:32:16.166+0000][7.217s][info ][safepoint     ] Application time: 1.0024284 seconds
[2023-12-02T15:32:16.182+0000][7.233s][debug][safepoint     ] ... found polling page return exception at pc = 0x00007f43fc565978, stub =0x00007f43f4840600
[2023-12-02T15:32:16.186+0000][7.237s][debug][safepoint     ] Waiting for 1 thread(s) to block
[2023-12-02T15:32:16.187+0000][7.238s][info ][safepoint     ] Entering safepoint region: Cleanup
[2023-12-02T15:32:16.191+0000][7.242s][info ][safepoint     ] Leaving safepoint region
[2023-12-02T15:32:16.192+0000][7.243s][info ][safepoint     ] Total time for which application threads were stopped: 0.0102639 seconds, Stopping threads took: 0.0053415 seconds
[2023-12-02T15:32:16.228+0000][7.280s][debug][safepoint     ] Safepoint synchronization initiated. (11 threads)
[2023-12-02T15:32:16.229+0000][7.280s][info ][safepoint     ] Application time: 0.0351618 seconds
[2023-12-02T15:32:16.230+0000][7.281s][info ][safepoint     ] Entering safepoint region: G1CollectForAllocation
[2023-12-02T15:32:16.230+0000][7.281s][info ][gc,start      ] GC(17) Pause Young (Normal) (G1 Evacuation Pause)
[2023-12-02T15:32:16.230+0000][7.281s][info ][gc,task       ] GC(17) Using 5 workers of 8 for evacuation
[2023-12-02T15:32:16.242+0000][7.294s][info ][gc,phases     ] GC(17)   Pre Evacuate Collection Set: 0.5ms
[2023-12-02T15:32:16.243+0000][7.294s][info ][gc,phases     ] GC(17)   Evacuate Collection Set: 8.7ms
[2023-12-02T15:32:16.243+0000][7.295s][info ][gc,phases     ] GC(17)   Post Evacuate Collection Set: 2.5ms
[2023-12-02T15:32:16.244+0000][7.295s][info ][gc,phases     ] GC(17)   Other: 0.8ms
[2023-12-02T15:32:16.244+0000][7.295s][info ][gc,heap       ] GC(17) Eden regions: 136->0(134)
[2023-12-02T15:32:16.244+0000][7.296s][info ][gc,heap       ] GC(17) Survivor regions: 5->7(18)
[2023-12-02T15:32:16.245+0000][7.296s][info ][gc,heap       ] GC(17) Old regions: 22->22
[2023-12-02T15:32:16.245+0000][7.296s][info ][gc,heap       ] GC(17) Humongous regions: 0->0
[2023-12-02T15:32:16.245+0000][7.297s][info ][gc,metaspace  ] GC(17) Metaspace: 31908K(33148K)->31908K(33148K) NonClass: 28090K(28928K)->28090K(28928K) Class: 3817K(4220K)->3817K(4220K)
[2023-12-02T15:32:16.246+0000][7.297s][info ][gc            ] GC(17) Pause Young (Normal) (G1 Evacuation Pause) 161M->26M(235M) 15.877ms
[2023-12-02T15:32:16.246+0000][7.297s][info ][gc,cpu        ] GC(17) User=0.05s Sys=0.00s Real=0.02s
[2023-12-02T15:32:16.247+0000][7.298s][info ][safepoint     ] Leaving safepoint region
[2023-12-02T15:32:16.247+0000][7.298s][info ][safepoint     ] Total time for which application threads were stopped: 0.0175317 seconds, Stopping threads took: 0.0003302 seconds
[2023-12-02T15:32:16.247+0000][7.299s][info ][gc,stringdedup] Concurrent String Deduplication (7.299s)
[2023-12-02T15:32:16.249+0000][7.300s][info ][gc,stringdedup] Concurrent String Deduplication 51440.0B->14360.0B(37080.0B) avg 39.5% (7.299s, 7.300s) 1.446ms
[2023-12-02T15:32:16.445+0000][7.496s][debug][safepoint     ] Safepoint synchronization initiated. (12 threads)
[2023-12-02T15:32:16.446+0000][7.497s][info ][safepoint     ] Application time: 0.1983146 seconds
[2023-12-02T15:32:16.450+0000][7.501s][info ][safepoint     ] Entering safepoint region: Deoptimize
[2023-12-02T15:32:16.458+0000][7.509s][info ][safepoint     ] Leaving safepoint region
[2023-12-02T15:32:16.460+0000][7.511s][info ][safepoint     ] Total time for which application threads were stopped: 0.0104585 seconds, Stopping threads took: 0.0018472 seconds
[2023-12-02T15:32:17.244+0000][8.295s][debug][safepoint     ] Safepoint synchronization initiated. (12 threads)
[2023-12-02T15:32:17.245+0000][8.296s][info ][safepoint     ] Application time: 0.7839725 seconds
[2023-12-02T15:32:17.246+0000][8.297s][info ][safepoint     ] Entering safepoint region: Deoptimize
[2023-12-02T15:32:17.255+0000][8.306s][info ][safepoint     ] Leaving safepoint region
[2023-12-02T15:32:17.257+0000][8.308s][info ][safepoint     ] Total time for which application threads were stopped: 0.0110445 seconds, Stopping threads took: 0.0020186 seconds
[2023-12-02T15:32:17.489+0000][8.540s][debug][safepoint     ] Safepoint synchronization initiated. (12 threads)
[2023-12-02T15:32:17.490+0000][8.541s][info ][safepoint     ] Application time: 0.2328745 seconds
[2023-12-02T15:32:17.492+0000][8.543s][info ][safepoint     ] Entering safepoint region: G1CollectForAllocation
[2023-12-02T15:32:17.492+0000][8.544s][info ][gc,start      ] GC(18) Pause Young (Normal) (G1 Evacuation Pause)
[2023-12-02T15:32:17.497+0000][8.548s][info ][gc,task       ] GC(18) Using 5 workers of 8 for evacuation
[2023-12-02T15:32:17.548+0000][8.599s][info ][gc,phases     ] GC(18)   Pre Evacuate Collection Set: 0.0ms
[2023-12-02T15:32:17.549+0000][8.600s][info ][gc,phases     ] GC(18)   Evacuate Collection Set: 47.5ms
[2023-12-02T15:32:17.549+0000][8.600s][info ][gc,phases     ] GC(18)   Post Evacuate Collection Set: 2.6ms
[2023-12-02T15:32:17.549+0000][8.600s][info ][gc,phases     ] GC(18)   Other: 5.5ms
[2023-12-02T15:32:17.550+0000][8.601s][info ][gc,heap       ] GC(18) Eden regions: 134->0(133)
[2023-12-02T15:32:17.551+0000][8.602s][info ][gc,heap       ] GC(18) Survivor regions: 7->8(18)
[2023-12-02T15:32:17.552+0000][8.603s][info ][gc,heap       ] GC(18) Old regions: 22->22
[2023-12-02T15:32:17.552+0000][8.603s][info ][gc,heap       ] GC(18) Humongous regions: 0->0
[2023-12-02T15:32:17.552+0000][8.603s][info ][gc,metaspace  ] GC(18) Metaspace: 32832K(34044K)->32832K(34044K) NonClass: 28887K(29696K)->28887K(29696K) Class: 3944K(4348K)->3944K(4348K)
[2023-12-02T15:32:17.553+0000][8.604s][info ][gc            ] GC(18) Pause Young (Normal) (G1 Evacuation Pause) 160M->27M(235M) 60.112ms
[2023-12-02T15:32:17.553+0000][8.604s][info ][gc,cpu        ] GC(18) User=0.36s Sys=0.00s Real=0.06s
[2023-12-02T15:32:17.553+0000][8.605s][info ][safepoint     ] Leaving safepoint region
[2023-12-02T15:32:17.555+0000][8.606s][info ][safepoint     ] Total time for which application threads were stopped: 0.0630522 seconds, Stopping threads took: 0.0005869 seconds
[2023-12-02T15:32:17.556+0000][8.607s][info ][gc,stringdedup] Concurrent String Deduplication (8.607s)
[2023-12-02T15:32:17.556+0000][8.607s][info ][gc,stringdedup] Concurrent String Deduplication 11552.0B->0.0B(11552.0B) avg 39.6% (8.607s, 8.607s) 0.632ms
[2023-12-02T15:32:18.475+0000][9.526s][debug][safepoint     ] Safepoint synchronization initiated. (12 threads)
[2023-12-02T15:32:18.529+0000][9.580s][info ][safepoint     ] Application time: 0.9734714 seconds
[2023-12-02T15:32:18.538+0000][9.589s][info ][safepoint     ] Entering safepoint region: Deoptimize
[2023-12-02T15:32:18.559+0000][9.610s][info ][safepoint     ] Leaving safepoint region
[2023-12-02T15:32:18.589+0000][9.641s][info ][safepoint     ] Total time for which application threads were stopped: 0.0516408 seconds, Stopping threads took: 0.0200827 seconds
[2023-12-02T15:32:18.710+0000][9.761s][debug][safepoint     ] Safepoint synchronization initiated. (13 threads)
[2023-12-02T15:32:18.713+0000][9.764s][info ][safepoint     ] Application time: 0.1137467 seconds
[2023-12-02T15:32:18.714+0000][9.765s][info ][safepoint     ] Entering safepoint region: G1CollectForAllocation
[2023-12-02T15:32:18.717+0000][9.769s][info ][gc,start      ] GC(19) Pause Young (Normal) (G1 Evacuation Pause)
[2023-12-02T15:32:18.719+0000][9.770s][info ][gc,task       ] GC(19) Using 5 workers of 8 for evacuation
[2023-12-02T15:32:18.771+0000][9.822s][info ][gc,phases     ] GC(19)   Pre Evacuate Collection Set: 0.0ms
[2023-12-02T15:32:18.772+0000][9.823s][info ][gc,phases     ] GC(19)   Evacuate Collection Set: 47.2ms
[2023-12-02T15:32:18.772+0000][9.823s][info ][gc,phases     ] GC(19)   Post Evacuate Collection Set: 1.9ms
[2023-12-02T15:32:18.773+0000][9.824s][info ][gc,phases     ] GC(19)   Other: 4.6ms
[2023-12-02T15:32:18.774+0000][9.825s][info ][gc,heap       ] GC(19) Eden regions: 133->0(132)
[2023-12-02T15:32:18.775+0000][9.826s][info ][gc,heap       ] GC(19) Survivor regions: 8->9(18)
[2023-12-02T15:32:18.776+0000][9.827s][info ][gc,heap       ] GC(19) Old regions: 22->22
[2023-12-02T15:32:18.777+0000][9.828s][info ][gc,heap       ] GC(19) Humongous regions: 0->0
[2023-12-02T15:32:18.779+0000][9.830s][info ][gc,metaspace  ] GC(19) Metaspace: 33163K(34300K)->33163K(34300K) NonClass: 29177K(29952K)->29177K(29952K) Class: 3985K(4348K)->3985K(4348K)
[2023-12-02T15:32:18.779+0000][9.830s][info ][gc            ] GC(19) Pause Young (Normal) (G1 Evacuation Pause) 160M->28M(235M) 61.890ms
[2023-12-02T15:32:18.780+0000][9.831s][info ][gc,cpu        ] GC(19) User=0.25s Sys=0.05s Real=0.06s
[2023-12-02T15:32:18.780+0000][9.831s][info ][safepoint     ] Leaving safepoint region
[2023-12-02T15:32:18.793+0000][9.844s][info ][safepoint     ] Total time for which application threads were stopped: 0.0792641 seconds, Stopping threads took: 0.0028276 seconds
[2023-12-02T15:32:18.800+0000][9.851s][info ][gc,stringdedup] Concurrent String Deduplication (9.851s)
[2023-12-02T15:32:18.821+0000][9.872s][info ][gc,stringdedup] Concurrent String Deduplication 147.3K->24040.0B(123.8K) avg 40.5% (9.851s, 9.872s) 21.278ms
[2023-12-02T15:32:19.811+0000][10.862s][debug][safepoint     ] Safepoint synchronization initiated. (13 threads)
[2023-12-02T15:32:19.816+0000][10.868s][info ][safepoint     ] Application time: 1.0170212 seconds
[2023-12-02T15:32:19.834+0000][10.886s][debug][safepoint     ] ... found polling page loop exception at pc = 0x00007f43fc42b037, stub =0x00007f43f4843680
[2023-12-02T15:32:19.837+0000][10.888s][debug][safepoint     ] Waiting for 1 thread(s) to block
[2023-12-02T15:32:19.845+0000][10.896s][info ][safepoint     ] Entering safepoint region: Cleanup
[2023-12-02T15:32:19.852+0000][10.903s][info ][safepoint     ] Leaving safepoint region
[2023-12-02T15:32:19.876+0000][10.927s][info ][safepoint     ] Total time for which application threads were stopped: 0.0477264 seconds, Stopping threads took: 0.0233601 seconds
[2023-12-02T15:32:19.959+0000][11.010s][debug][safepoint     ] Safepoint synchronization initiated. (13 threads)
[2023-12-02T15:32:19.994+0000][11.045s][info ][safepoint     ] Application time: 0.1096319 seconds
[2023-12-02T15:32:20.000+0000][11.051s][info ][safepoint     ] Entering safepoint region: Deoptimize
[2023-12-02T15:32:20.025+0000][11.076s][info ][safepoint     ] Leaving safepoint region
[2023-12-02T15:32:20.030+0000][11.081s][info ][safepoint     ] Total time for which application threads were stopped: 0.0304205 seconds, Stopping threads took: 0.0243555 seconds
[2023-12-02T15:32:20.054+0000][11.105s][debug][safepoint     ] Safepoint synchronization initiated. (13 threads)
[2023-12-02T15:32:20.058+0000][11.109s][info ][safepoint     ] Application time: 0.0167919 seconds
[2023-12-02T15:32:20.059+0000][11.110s][info ][safepoint     ] Entering safepoint region: Deoptimize
[2023-12-02T15:32:20.061+0000][11.112s][info ][safepoint     ] Leaving safepoint region
[2023-12-02T15:32:20.062+0000][11.113s][info ][safepoint     ] Total time for which application threads were stopped: 0.0031530 seconds, Stopping threads took: 0.0013978 seconds
[2023-12-02T15:32:20.155+0000][11.206s][debug][safepoint     ] Safepoint synchronization initiated. (13 threads)
[2023-12-02T15:32:20.170+0000][11.221s][info ][safepoint     ] Application time: 0.1043131 seconds
[2023-12-02T15:32:20.176+0000][11.227s][info ][safepoint     ] Entering safepoint region: Deoptimize
[2023-12-02T15:32:20.185+0000][11.236s][info ][safepoint     ] Leaving safepoint region
[2023-12-02T15:32:20.204+0000][11.255s][info ][safepoint     ] Total time for which application threads were stopped: 0.0278755 seconds, Stopping threads took: 0.0083004 seconds
[2023-12-02T15:32:20.385+0000][11.436s][debug][safepoint     ] Safepoint synchronization initiated. (13 threads)
[2023-12-02T15:32:20.401+0000][11.452s][info ][safepoint     ] Application time: 0.1920329 seconds
[2023-12-02T15:32:20.412+0000][11.463s][info ][safepoint     ] Entering safepoint region: Deoptimize
[2023-12-02T15:32:20.415+0000][11.466s][info ][safepoint     ] Leaving safepoint region
[2023-12-02T15:32:20.426+0000][11.477s][info ][safepoint     ] Total time for which application threads were stopped: 0.0138524 seconds, Stopping threads took: 0.0020559 seconds
[2023-12-02T15:32:20.523+0000][11.575s][debug][safepoint     ] Safepoint synchronization initiated. (13 threads)
[2023-12-02T15:32:20.561+0000][11.612s][info ][safepoint     ] Application time: 0.1295739 seconds
[2023-12-02T15:32:20.590+0000][11.641s][info ][safepoint     ] Entering safepoint region: CollectForMetadataAllocation
[2023-12-02T15:32:20.599+0000][11.650s][info ][gc,start      ] GC(20) Pause Young (Concurrent Start) (Metadata GC Threshold)
[2023-12-02T15:32:20.605+0000][11.656s][info ][gc,task       ] GC(20) Using 5 workers of 8 for evacuation
[2023-12-02T15:32:20.665+0000][11.716s][info ][gc,phases     ] GC(20)   Pre Evacuate Collection Set: 0.2ms
[2023-12-02T15:32:20.673+0000][11.724s][info ][gc,phases     ] GC(20)   Evacuate Collection Set: 23.6ms
[2023-12-02T15:32:20.677+0000][11.728s][info ][gc,phases     ] GC(20)   Post Evacuate Collection Set: 4.4ms
[2023-12-02T15:32:20.680+0000][11.731s][info ][gc,phases     ] GC(20)   Other: 37.4ms
[2023-12-02T15:32:20.681+0000][11.732s][info ][gc,heap       ] GC(20) Eden regions: 105->0(207)
[2023-12-02T15:32:20.681+0000][11.732s][info ][gc,heap       ] GC(20) Survivor regions: 9->10(18)
[2023-12-02T15:32:20.681+0000][11.732s][info ][gc,heap       ] GC(20) Old regions: 22->22
[2023-12-02T15:32:20.682+0000][11.733s][info ][gc,heap       ] GC(20) Humongous regions: 0->0
[2023-12-02T15:32:20.682+0000][11.733s][info ][gc,metaspace  ] GC(20) Metaspace: 34972K(36048K)->34972K(36048K) NonClass: 30756K(31444K)->30756K(31444K) Class: 4216K(4604K)->4216K(4604K)
[2023-12-02T15:32:20.682+0000][11.733s][info ][gc            ] GC(20) Pause Young (Concurrent Start) (Metadata GC Threshold) 132M->29M(363M) 83.043ms
[2023-12-02T15:32:20.683+0000][11.734s][info ][gc,cpu        ] GC(20) User=0.14s Sys=0.00s Real=0.09s
[2023-12-02T15:32:20.683+0000][11.734s][info ][gc            ] GC(21) Concurrent Cycle
[2023-12-02T15:32:20.683+0000][11.734s][info ][safepoint     ] Leaving safepoint region
[2023-12-02T15:32:20.684+0000][11.735s][info ][gc,marking    ] GC(21) Concurrent Clear Claimed Marks
[2023-12-02T15:32:20.684+0000][11.735s][info ][safepoint     ] Total time for which application threads were stopped: 0.0942951 seconds, Stopping threads took: 0.0091341 seconds
[2023-12-02T15:32:20.686+0000][11.737s][info ][gc,marking    ] GC(21) Concurrent Clear Claimed Marks 2.008ms
[2023-12-02T15:32:20.692+0000][11.744s][info ][gc,stringdedup] Concurrent String Deduplication (11.744s)
[2023-12-02T15:32:20.696+0000][11.747s][info ][gc,marking    ] GC(21) Concurrent Scan Root Regions
[2023-12-02T15:32:20.712+0000][11.763s][info ][gc,marking    ] GC(21) Concurrent Scan Root Regions 15.947ms
[2023-12-02T15:32:20.725+0000][11.776s][info ][gc,marking    ] GC(21) Concurrent Mark (11.776s)
[2023-12-02T15:32:20.728+0000][11.779s][info ][gc,marking    ] GC(21) Concurrent Mark From Roots
[2023-12-02T15:32:20.730+0000][11.781s][info ][gc,task       ] GC(21) Using 2 workers of 2 for marking
[2023-12-02T15:32:20.732+0000][11.784s][info ][gc,stringdedup] Concurrent String Deduplication 295.6K->132.0K(163.7K) avg 41.0% (11.744s, 11.784s) 40.000ms
[2023-12-02T15:32:20.798+0000][11.849s][info ][gc,marking    ] GC(21) Concurrent Mark From Roots 70.165ms
[2023-12-02T15:32:20.844+0000][11.895s][info ][gc,marking    ] GC(21) Concurrent Preclean
[2023-12-02T15:32:20.933+0000][11.984s][info ][gc,marking    ] GC(21) Concurrent Preclean 88.857ms
[2023-12-02T15:32:20.965+0000][12.016s][info ][gc,marking    ] GC(21) Concurrent Mark (11.776s, 12.016s) 240.265ms
[2023-12-02T15:32:20.971+0000][12.022s][debug][safepoint     ] Safepoint synchronization initiated. (13 threads)
[2023-12-02T15:32:20.995+0000][12.046s][info ][safepoint     ] Application time: 0.3022047 seconds
[2023-12-02T15:32:20.996+0000][12.047s][debug][safepoint     ] Waiting for 2 thread(s) to block
[2023-12-02T15:32:21.001+0000][12.052s][info ][safepoint     ] Entering safepoint region: CGC_Operation
[2023-12-02T15:32:21.009+0000][12.060s][info ][gc,start      ] GC(21) Pause Remark
[2023-12-02T15:32:21.019+0000][12.070s][info ][gc,stringtable] GC(21) Cleaned string and symbol table, strings: 12694 processed, 29 removed, symbols: 122356 processed, 335 removed
[2023-12-02T15:32:21.020+0000][12.071s][info ][gc            ] GC(21) Pause Remark 36M->36M(363M) 11.410ms
[2023-12-02T15:32:21.021+0000][12.073s][info ][gc,cpu        ] GC(21) User=0.04s Sys=0.00s Real=0.02s
[2023-12-02T15:32:21.022+0000][12.073s][info ][safepoint     ] Leaving safepoint region
[2023-12-02T15:32:21.023+0000][12.074s][info ][safepoint     ] Total time for which application threads were stopped: 0.0266915 seconds, Stopping threads took: 0.0129539 seconds
[2023-12-02T15:32:21.024+0000][12.075s][info ][gc,marking    ] GC(21) Concurrent Rebuild Remembered Sets
[2023-12-02T15:32:21.047+0000][12.098s][info ][gc,marking    ] GC(21) Concurrent Rebuild Remembered Sets 23.419ms
[2023-12-02T15:32:21.051+0000][12.102s][debug][safepoint     ] Safepoint synchronization initiated. (13 threads)
[2023-12-02T15:32:21.054+0000][12.105s][info ][safepoint     ] Application time: 0.0301017 seconds
[2023-12-02T15:32:21.089+0000][12.140s][info ][safepoint     ] Entering safepoint region: CGC_Operation
[2023-12-02T15:32:21.090+0000][12.141s][info ][gc,start      ] GC(21) Pause Cleanup
[2023-12-02T15:32:21.092+0000][12.143s][info ][gc            ] GC(21) Pause Cleanup 41M->41M(363M) 2.165ms
[2023-12-02T15:32:21.094+0000][12.145s][info ][gc,cpu        ] GC(21) User=0.00s Sys=0.00s Real=0.01s
[2023-12-02T15:32:21.095+0000][12.146s][info ][safepoint     ] Leaving safepoint region
[2023-12-02T15:32:21.096+0000][12.147s][info ][safepoint     ] Total time for which application threads were stopped: 0.0074149 seconds, Stopping threads took: 0.0011253 seconds
[2023-12-02T15:32:21.097+0000][12.148s][info ][gc,marking    ] GC(21) Concurrent Cleanup for Next Mark
[2023-12-02T15:32:21.118+0000][12.169s][info ][gc,marking    ] GC(21) Concurrent Cleanup for Next Mark 20.631ms
[2023-12-02T15:32:21.126+0000][12.177s][info ][gc            ] GC(21) Concurrent Cycle 442.760ms
[2023-12-02T15:32:21.936+0000][12.987s][debug][safepoint     ] Safepoint synchronization initiated. (12 threads)
[2023-12-02T15:32:21.938+0000][12.989s][info ][safepoint     ] Application time: 0.8408652 seconds
[2023-12-02T15:32:21.955+0000][13.006s][info ][safepoint     ] Entering safepoint region: Deoptimize
[2023-12-02T15:32:21.960+0000][13.012s][info ][safepoint     ] Leaving safepoint region
[2023-12-02T15:32:21.961+0000][13.012s][info ][safepoint     ] Total time for which application threads were stopped: 0.0060438 seconds, Stopping threads took: 0.0045810 seconds
[2023-12-02T15:32:22.962+0000][14.013s][debug][safepoint     ] Safepoint synchronization initiated. (12 threads)
[2023-12-02T15:32:22.970+0000][14.021s][info ][safepoint     ] Application time: 1.0083665 seconds
[2023-12-02T15:32:22.974+0000][14.025s][debug][safepoint     ] ... found polling page loop exception at pc = 0x00007f43fc45cac4, stub =0x00007f43f4843680
[2023-12-02T15:32:22.978+0000][14.029s][debug][safepoint     ] Waiting for 1 thread(s) to block
[2023-12-02T15:32:22.978+0000][14.029s][info ][safepoint     ] Entering safepoint region: Cleanup
[2023-12-02T15:32:22.980+0000][14.031s][info ][safepoint     ] Leaving safepoint region
[2023-12-02T15:32:22.981+0000][14.032s][info ][safepoint     ] Total time for which application threads were stopped: 0.0109899 seconds, Stopping threads took: 0.0090511 seconds
[2023-12-02T15:32:23.266+0000][14.317s][debug][safepoint     ] Safepoint synchronization initiated. (12 threads)
[2023-12-02T15:32:23.267+0000][14.318s][info ][safepoint     ] Application time: 0.2847319 seconds
[2023-12-02T15:32:23.267+0000][14.318s][info ][safepoint     ] Entering safepoint region: G1CollectForAllocation
[2023-12-02T15:32:23.267+0000][14.319s][info ][gc,start      ] GC(22) Pause Young (Normal) (G1 Evacuation Pause)
[2023-12-02T15:32:23.268+0000][14.319s][info ][gc,task       ] GC(22) Using 8 workers of 8 for evacuation
[2023-12-02T15:32:23.293+0000][14.344s][info ][gc,phases     ] GC(22)   Pre Evacuate Collection Set: 0.0ms
[2023-12-02T15:32:23.293+0000][14.344s][info ][gc,phases     ] GC(22)   Evacuate Collection Set: 14.2ms
[2023-12-02T15:32:23.294+0000][14.345s][info ][gc,phases     ] GC(22)   Post Evacuate Collection Set: 9.6ms
[2023-12-02T15:32:23.294+0000][14.345s][info ][gc,phases     ] GC(22)   Other: 1.5ms
[2023-12-02T15:32:23.298+0000][14.349s][info ][gc,heap       ] GC(22) Eden regions: 207->0(207)
[2023-12-02T15:32:23.299+0000][14.350s][info ][gc,heap       ] GC(22) Survivor regions: 10->10(28)
[2023-12-02T15:32:23.300+0000][14.351s][info ][gc,heap       ] GC(22) Old regions: 22->22
[2023-12-02T15:32:23.303+0000][14.354s][info ][gc,heap       ] GC(22) Humongous regions: 0->0
[2023-12-02T15:32:23.306+0000][14.357s][info ][gc,metaspace  ] GC(22) Metaspace: 37941K(39376K)->37941K(39376K) NonClass: 33304K(34260K)->33304K(34260K) Class: 4637K(5116K)->4637K(5116K)
[2023-12-02T15:32:23.306+0000][14.358s][info ][gc            ] GC(22) Pause Young (Normal) (G1 Evacuation Pause) 236M->29M(363M) 38.958ms
[2023-12-02T15:32:23.307+0000][14.358s][info ][gc,cpu        ] GC(22) User=0.13s Sys=0.01s Real=0.04s
[2023-12-02T15:32:23.307+0000][14.358s][info ][safepoint     ] Leaving safepoint region
[2023-12-02T15:32:23.309+0000][14.360s][info ][safepoint     ] Total time for which application threads were stopped: 0.0416560 seconds, Stopping threads took: 0.0002991 seconds
[2023-12-02T15:32:23.312+0000][14.363s][info ][gc,stringdedup] Concurrent String Deduplication (14.363s)
[2023-12-02T15:32:23.323+0000][14.374s][info ][gc,stringdedup] Concurrent String Deduplication 272.3K->138.0K(134.3K) avg 41.3% (14.363s, 14.374s) 11.394ms
[2023-12-02T15:32:23.357+0000][14.405s][debug][safepoint     ] Safepoint synchronization initiated. (13 threads)
[2023-12-02T15:32:23.367+0000][14.415s][info ][safepoint     ] Application time: 0.0521374 seconds
[2023-12-02T15:32:23.372+0000][14.420s][info ][safepoint     ] Entering safepoint region: Deoptimize
[2023-12-02T15:32:23.373+0000][14.421s][info ][safepoint     ] Leaving safepoint region
[2023-12-02T15:32:23.374+0000][14.423s][info ][safepoint     ] Total time for which application threads were stopped: 0.0029876 seconds, Stopping threads took: 0.0006933 seconds
[2023-12-02T15:32:24.383+0000][15.431s][debug][safepoint     ] Safepoint synchronization initiated. (14 threads)
[2023-12-02T15:32:24.386+0000][15.434s][info ][safepoint     ] Application time: 1.0030305 seconds
[2023-12-02T15:32:24.388+0000][15.436s][debug][safepoint     ] ... found polling page return exception at pc = 0x00007f43fc654e85, stub =0x00007f43f4840600
[2023-12-02T15:32:24.388+0000][15.437s][debug][safepoint     ] Waiting for 1 thread(s) to block
[2023-12-02T15:32:24.389+0000][15.437s][info ][safepoint     ] Entering safepoint region: Cleanup
[2023-12-02T15:32:24.396+0000][15.444s][info ][safepoint     ] Leaving safepoint region
[2023-12-02T15:32:24.396+0000][15.444s][info ][safepoint     ] Total time for which application threads were stopped: 0.0096810 seconds, Stopping threads took: 0.0089645 seconds
[2023-12-02T15:32:25.399+0000][16.447s][debug][safepoint     ] Safepoint synchronization initiated. (14 threads)
[2023-12-02T15:32:25.408+0000][16.456s][info ][safepoint     ] Application time: 1.0089710 seconds
[2023-12-02T15:32:25.413+0000][16.461s][debug][safepoint     ] Waiting for 1 thread(s) to block
[2023-12-02T15:32:25.414+0000][16.462s][info ][safepoint     ] Entering safepoint region: Cleanup
[2023-12-02T15:32:25.415+0000][16.463s][info ][safepoint     ] Leaving safepoint region
[2023-12-02T15:32:25.416+0000][16.464s][info ][safepoint     ] Total time for which application threads were stopped: 0.0031123 seconds, Stopping threads took: 0.0021045 seconds
[2023-12-02T15:32:26.349+0000][17.397s][debug][safepoint     ] Safepoint synchronization initiated. (14 threads)
[2023-12-02T15:32:26.350+0000][17.398s][info ][safepoint     ] Application time: 0.9335581 seconds
[2023-12-02T15:32:26.350+0000][17.398s][info ][safepoint     ] Entering safepoint region: G1CollectForAllocation
[2023-12-02T15:32:26.350+0000][17.399s][info ][gc,start      ] GC(23) Pause Young (Normal) (G1 Evacuation Pause)
[2023-12-02T15:32:26.351+0000][17.399s][info ][gc,task       ] GC(23) Using 8 workers of 8 for evacuation
[2023-12-02T15:32:26.375+0000][17.423s][info ][gc,phases     ] GC(23)   Pre Evacuate Collection Set: 0.0ms
[2023-12-02T15:32:26.376+0000][17.424s][info ][gc,phases     ] GC(23)   Evacuate Collection Set: 20.8ms
[2023-12-02T15:32:26.376+0000][17.424s][info ][gc,phases     ] GC(23)   Post Evacuate Collection Set: 2.8ms
[2023-12-02T15:32:26.376+0000][17.424s][info ][gc,phases     ] GC(23)   Other: 1.2ms
[2023-12-02T15:32:26.377+0000][17.425s][info ][gc,heap       ] GC(23) Eden regions: 207->0(207)
[2023-12-02T15:32:26.377+0000][17.425s][info ][gc,heap       ] GC(23) Survivor regions: 10->10(28)
[2023-12-02T15:32:26.377+0000][17.425s][info ][gc,heap       ] GC(23) Old regions: 22->24
[2023-12-02T15:32:26.378+0000][17.426s][info ][gc,heap       ] GC(23) Humongous regions: 0->0
[2023-12-02T15:32:26.378+0000][17.426s][info ][gc,metaspace  ] GC(23) Metaspace: 40711K(42064K)->40711K(42064K) NonClass: 35696K(36564K)->35696K(36564K) Class: 5015K(5500K)->5015K(5500K)
[2023-12-02T15:32:26.378+0000][17.426s][info ][gc            ] GC(23) Pause Young (Normal) (G1 Evacuation Pause) 236M->32M(363M) 27.776ms
[2023-12-02T15:32:26.379+0000][17.427s][info ][gc,cpu        ] GC(23) User=0.14s Sys=0.01s Real=0.03s
[2023-12-02T15:32:26.379+0000][17.427s][info ][safepoint     ] Leaving safepoint region
[2023-12-02T15:32:26.379+0000][17.427s][info ][safepoint     ] Total time for which application threads were stopped: 0.0292659 seconds, Stopping threads took: 0.0003402 seconds
[2023-12-02T15:32:26.380+0000][17.428s][info ][gc,stringdedup] Concurrent String Deduplication (17.428s)
[2023-12-02T15:32:26.381+0000][17.430s][info ][gc,stringdedup] Concurrent String Deduplication 89808.0B->24816.0B(64992.0B) avg 41.6% (17.428s, 17.430s) 1.870ms
[2023-12-02T15:32:26.728+0000][17.776s][debug][safepoint     ] Safepoint synchronization initiated. (13 threads)
[2023-12-02T15:32:26.728+0000][17.776s][info ][safepoint     ] Application time: 0.3489362 seconds
[2023-12-02T15:32:26.729+0000][17.777s][info ][safepoint     ] Entering safepoint region: Deoptimize
[2023-12-02T15:32:26.730+0000][17.778s][info ][safepoint     ] Leaving safepoint region
[2023-12-02T15:32:26.730+0000][17.779s][info ][safepoint     ] Total time for which application threads were stopped: 0.0017153 seconds, Stopping threads took: 0.0005097 seconds
[2023-12-02T15:32:26.761+0000][17.809s][debug][safepoint     ] Safepoint synchronization initiated. (13 threads)
[2023-12-02T15:32:26.761+0000][17.809s][info ][safepoint     ] Application time: 0.0288935 seconds
[2023-12-02T15:32:26.762+0000][17.810s][info ][safepoint     ] Entering safepoint region: Deoptimize
[2023-12-02T15:32:26.763+0000][17.811s][info ][safepoint     ] Leaving safepoint region
[2023-12-02T15:32:26.764+0000][17.812s][info ][safepoint     ] Total time for which application threads were stopped: 0.0019436 seconds, Stopping threads took: 0.0006173 seconds
[2023-12-02T15:32:26.815+0000][17.863s][debug][safepoint     ] Safepoint synchronization initiated. (13 threads)
[2023-12-02T15:32:26.816+0000][17.864s][info ][safepoint     ] Application time: 0.0514053 seconds
[2023-12-02T15:32:26.816+0000][17.864s][info ][safepoint     ] Entering safepoint region: Deoptimize
[2023-12-02T15:32:26.817+0000][17.865s][info ][safepoint     ] Leaving safepoint region
[2023-12-02T15:32:26.818+0000][17.866s][info ][safepoint     ] Total time for which application threads were stopped: 0.0017187 seconds, Stopping threads took: 0.0003532 seconds
[2023-12-02T15:32:27.479+0000][18.527s][debug][safepoint     ] Safepoint synchronization initiated. (14 threads)
[2023-12-02T15:32:27.481+0000][18.529s][info ][safepoint     ] Application time: 0.6631563 seconds
[2023-12-02T15:32:27.482+0000][18.530s][info ][safepoint     ] Entering safepoint region: Deoptimize
[2023-12-02T15:32:27.483+0000][18.531s][info ][safepoint     ] Leaving safepoint region
[2023-12-02T15:32:27.484+0000][18.532s][info ][safepoint     ] Total time for which application threads were stopped: 0.0020370 seconds, Stopping threads took: 0.0008150 seconds
[2023-12-02T15:32:27.496+0000][18.544s][debug][safepoint     ] Safepoint synchronization initiated. (14 threads)
[2023-12-02T15:32:27.508+0000][18.556s][info ][safepoint     ] Application time: 0.0185289 seconds
[2023-12-02T15:32:27.522+0000][18.570s][info ][safepoint     ] Entering safepoint region: Deoptimize
[2023-12-02T15:32:27.525+0000][18.573s][info ][safepoint     ] Leaving safepoint region
[2023-12-02T15:32:27.540+0000][18.588s][info ][safepoint     ] Total time for which application threads were stopped: 0.0186009 seconds, Stopping threads took: 0.0026202 seconds
[2023-12-02T15:32:27.787+0000][18.835s][debug][safepoint     ] Safepoint synchronization initiated. (14 threads)
[2023-12-02T15:32:27.791+0000][18.839s][info ][safepoint     ] Application time: 0.2389312 seconds
[2023-12-02T15:32:27.795+0000][18.843s][info ][safepoint     ] Entering safepoint region: Deoptimize
[2023-12-02T15:32:27.796+0000][18.844s][info ][safepoint     ] Leaving safepoint region
[2023-12-02T15:32:27.808+0000][18.856s][info ][safepoint     ] Total time for which application threads were stopped: 0.0134850 seconds, Stopping threads took: 0.0003858 seconds
[2023-12-02T15:32:28.788+0000][19.836s][debug][safepoint     ] Safepoint synchronization initiated. (14 threads)
[2023-12-02T15:32:28.788+0000][19.836s][info ][safepoint     ] Application time: 0.9726120 seconds
[2023-12-02T15:32:28.789+0000][19.837s][info ][safepoint     ] Entering safepoint region: Deoptimize
[2023-12-02T15:32:28.791+0000][19.839s][info ][safepoint     ] Leaving safepoint region
[2023-12-02T15:32:28.792+0000][19.840s][info ][safepoint     ] Total time for which application threads were stopped: 0.0028269 seconds, Stopping threads took: 0.0004070 seconds
[2023-12-02T15:32:28.795+0000][19.843s][debug][safepoint     ] Safepoint synchronization initiated. (14 threads)
[2023-12-02T15:32:28.795+0000][19.843s][info ][safepoint     ] Application time: 0.0018528 seconds
[2023-12-02T15:32:28.795+0000][19.843s][info ][safepoint     ] Entering safepoint region: Deoptimize
[2023-12-02T15:32:28.799+0000][19.847s][info ][safepoint     ] Leaving safepoint region
[2023-12-02T15:32:28.799+0000][19.848s][info ][safepoint     ] Total time for which application threads were stopped: 0.0040928 seconds, Stopping threads took: 0.0006208 seconds
[2023-12-02T15:32:29.190+0000][20.238s][debug][safepoint     ] Safepoint synchronization initiated. (14 threads)
[2023-12-02T15:32:29.196+0000][20.244s][info ][safepoint     ] Application time: 0.3963847 seconds
[2023-12-02T15:32:29.198+0000][20.246s][info ][safepoint     ] Entering safepoint region: Deoptimize
[2023-12-02T15:32:29.205+0000][20.253s][info ][safepoint     ] Leaving safepoint region
[2023-12-02T15:32:29.206+0000][20.254s][info ][safepoint     ] Total time for which application threads were stopped: 0.0075569 seconds, Stopping threads took: 0.0006115 seconds
[2023-12-02T15:32:29.225+0000][20.273s][debug][safepoint     ] Safepoint synchronization initiated. (14 threads)
[2023-12-02T15:32:29.240+0000][20.288s][info ][safepoint     ] Application time: 0.0326810 seconds
[2023-12-02T15:32:29.240+0000][20.288s][info ][safepoint     ] Entering safepoint region: G1CollectForAllocation
[2023-12-02T15:32:29.241+0000][20.289s][info ][gc,start      ] GC(24) Pause Young (Normal) (G1 Evacuation Pause)
[2023-12-02T15:32:29.242+0000][20.290s][info ][gc,task       ] GC(24) Using 8 workers of 8 for evacuation
[2023-12-02T15:32:29.268+0000][20.316s][info ][gc,phases     ] GC(24)   Pre Evacuate Collection Set: 0.0ms
[2023-12-02T15:32:29.268+0000][20.316s][info ][gc,phases     ] GC(24)   Evacuate Collection Set: 22.2ms
[2023-12-02T15:32:29.268+0000][20.317s][info ][gc,phases     ] GC(24)   Post Evacuate Collection Set: 3.6ms
[2023-12-02T15:32:29.269+0000][20.317s][info ][gc,phases     ] GC(24)   Other: 1.0ms
[2023-12-02T15:32:29.270+0000][20.318s][info ][gc,heap       ] GC(24) Eden regions: 207->0(205)
[2023-12-02T15:32:29.270+0000][20.318s][info ][gc,heap       ] GC(24) Survivor regions: 10->12(28)
[2023-12-02T15:32:29.271+0000][20.319s][info ][gc,heap       ] GC(24) Old regions: 24->25
[2023-12-02T15:32:29.271+0000][20.319s][info ][gc,heap       ] GC(24) Humongous regions: 0->0
[2023-12-02T15:32:29.271+0000][20.319s][info ][gc,metaspace  ] GC(24) Metaspace: 47132K(48464K)->47132K(48464K) NonClass: 41296K(42196K)->41296K(42196K) Class: 5836K(6268K)->5836K(6268K)
[2023-12-02T15:32:29.271+0000][20.320s][info ][gc            ] GC(24) Pause Young (Normal) (G1 Evacuation Pause) 239M->35M(363M) 30.492ms
[2023-12-02T15:32:29.272+0000][20.320s][info ][gc,cpu        ] GC(24) User=0.20s Sys=0.00s Real=0.03s
[2023-12-02T15:32:29.272+0000][20.320s][info ][safepoint     ] Leaving safepoint region
[2023-12-02T15:32:29.272+0000][20.321s][info ][safepoint     ] Total time for which application threads were stopped: 0.0321696 seconds, Stopping threads took: 0.0004419 seconds
[2023-12-02T15:32:29.276+0000][20.324s][info ][gc,stringdedup] Concurrent String Deduplication (20.324s)
[2023-12-02T15:32:29.279+0000][20.327s][info ][gc,stringdedup] Concurrent String Deduplication 123.6K->42664.0B(83912.0B) avg 42.0% (20.324s, 20.327s) 2.692ms
[2023-12-02T15:32:29.585+0000][20.633s][debug][safepoint     ] Safepoint synchronization initiated. (14 threads)
[2023-12-02T15:32:29.597+0000][20.646s][info ][safepoint     ] Application time: 0.3246922 seconds
[2023-12-02T15:32:29.611+0000][20.659s][info ][safepoint     ] Entering safepoint region: Deoptimize
[2023-12-02T15:32:29.623+0000][20.671s][info ][safepoint     ] Leaving safepoint region
[2023-12-02T15:32:29.635+0000][20.683s][info ][safepoint     ] Total time for which application threads were stopped: 0.0246163 seconds, Stopping threads took: 0.0115231 seconds
[2023-12-02T15:32:30.657+0000][21.705s][debug][safepoint     ] Safepoint synchronization initiated. (14 threads)
[2023-12-02T15:32:30.754+0000][21.802s][info ][safepoint     ] Application time: 1.0970002 seconds
[2023-12-02T15:32:30.776+0000][21.824s][debug][safepoint     ] Waiting for 1 thread(s) to block
[2023-12-02T15:32:30.802+0000][21.850s][info ][safepoint     ] Entering safepoint region: Cleanup
[2023-12-02T15:32:30.838+0000][21.886s][info ][safepoint     ] Leaving safepoint region
[2023-12-02T15:32:30.882+0000][21.930s][info ][safepoint     ] Total time for which application threads were stopped: 0.1081080 seconds, Stopping threads took: 0.0638699 seconds
[2023-12-02T15:32:30.987+0000][22.035s][debug][safepoint     ] Safepoint synchronization initiated. (13 threads)
[2023-12-02T15:32:31.010+0000][22.058s][info ][safepoint     ] Application time: 0.1118144 seconds
[2023-12-02T15:32:31.026+0000][22.074s][info ][safepoint     ] Entering safepoint region: Deoptimize
[2023-12-02T15:32:31.059+0000][22.107s][info ][safepoint     ] Leaving safepoint region
[2023-12-02T15:32:31.090+0000][22.138s][info ][safepoint     ] Total time for which application threads were stopped: 0.0638002 seconds, Stopping threads took: 0.0319721 seconds
[2023-12-02T15:32:32.148+0000][23.196s][debug][safepoint     ] Safepoint synchronization initiated. (16 threads)
[2023-12-02T15:32:32.172+0000][23.220s][info ][safepoint     ] Application time: 1.0249763 seconds
[2023-12-02T15:32:32.185+0000][23.233s][info ][safepoint     ] Entering safepoint region: Cleanup
[2023-12-02T15:32:32.187+0000][23.235s][info ][safepoint     ] Leaving safepoint region
[2023-12-02T15:32:32.192+0000][23.240s][info ][safepoint     ] Total time for which application threads were stopped: 0.0070899 seconds, Stopping threads took: 0.0018002 seconds
[2023-12-02T15:32:32.340+0000][23.388s][debug][safepoint     ] Safepoint synchronization initiated. (17 threads)
[2023-12-02T15:32:32.348+0000][23.396s][info ][safepoint     ] Application time: 0.1529686 seconds
[2023-12-02T15:32:32.368+0000][23.416s][info ][safepoint     ] Entering safepoint region: Deoptimize
[2023-12-02T15:32:32.373+0000][23.421s][info ][safepoint     ] Leaving safepoint region
[2023-12-02T15:32:32.376+0000][23.424s][info ][safepoint     ] Total time for which application threads were stopped: 0.0078061 seconds, Stopping threads took: 0.0040996 seconds
[2023-12-02T15:32:32.640+0000][23.688s][debug][safepoint     ] Safepoint synchronization initiated. (17 threads)
[2023-12-02T15:32:32.647+0000][23.695s][info ][safepoint     ] Application time: 0.2701911 seconds
[2023-12-02T15:32:32.681+0000][23.729s][info ][safepoint     ] Entering safepoint region: Deoptimize
[2023-12-02T15:32:32.695+0000][23.743s][info ][safepoint     ] Leaving safepoint region
[2023-12-02T15:32:32.696+0000][23.745s][info ][safepoint     ] Total time for which application threads were stopped: 0.0154407 seconds, Stopping threads took: 0.0128306 seconds
[2023-12-02T15:32:33.499+0000][24.547s][debug][safepoint     ] Safepoint synchronization initiated. (17 threads)
[2023-12-02T15:32:33.517+0000][24.565s][info ][safepoint     ] Application time: 0.8067497 seconds
[2023-12-02T15:32:33.565+0000][24.613s][info ][safepoint     ] Entering safepoint region: ICBufferFull
[2023-12-02T15:32:33.597+0000][24.646s][info ][safepoint     ] Leaving safepoint region
[2023-12-02T15:32:33.614+0000][24.662s][info ][safepoint     ] Total time for which application threads were stopped: 0.0490006 seconds, Stopping threads took: 0.0321353 seconds
[2023-12-02T15:32:34.413+0000][25.461s][debug][safepoint     ] Safepoint synchronization initiated. (17 threads)
[2023-12-02T15:32:34.414+0000][25.462s][info ][safepoint     ] Application time: 0.7848194 seconds
[2023-12-02T15:32:34.417+0000][25.465s][info ][safepoint     ] Entering safepoint region: G1CollectForAllocation
[2023-12-02T15:32:34.418+0000][25.466s][info ][gc,start      ] GC(25) Pause Young (Normal) (G1 Evacuation Pause)
[2023-12-02T15:32:34.429+0000][25.477s][info ][gc,task       ] GC(25) Using 8 workers of 8 for evacuation
[2023-12-02T15:32:34.468+0000][25.516s][info ][gc,phases     ] GC(25)   Pre Evacuate Collection Set: 0.0ms
[2023-12-02T15:32:34.471+0000][25.519s][info ][gc,phases     ] GC(25)   Evacuate Collection Set: 20.4ms
[2023-12-02T15:32:34.475+0000][25.524s][info ][gc,phases     ] GC(25)   Post Evacuate Collection Set: 2.4ms
[2023-12-02T15:32:34.477+0000][25.525s][info ][gc,phases     ] GC(25)   Other: 27.7ms
[2023-12-02T15:32:34.478+0000][25.527s][info ][gc,heap       ] GC(25) Eden regions: 205->0(201)
[2023-12-02T15:32:34.479+0000][25.527s][info ][gc,heap       ] GC(25) Survivor regions: 12->16(28)
[2023-12-02T15:32:34.479+0000][25.527s][info ][gc,heap       ] GC(25) Old regions: 25->26
[2023-12-02T15:32:34.479+0000][25.527s][info ][gc,heap       ] GC(25) Humongous regions: 0->0
[2023-12-02T15:32:34.480+0000][25.528s][info ][gc,metaspace  ] GC(25) Metaspace: 53921K(55248K)->53921K(55248K) NonClass: 47310K(48084K)->47310K(48084K) Class: 6611K(7164K)->6611K(7164K)
[2023-12-02T15:32:34.480+0000][25.528s][info ][gc            ] GC(25) Pause Young (Normal) (G1 Evacuation Pause) 240M->39M(363M) 62.507ms
[2023-12-02T15:32:34.481+0000][25.529s][info ][gc,cpu        ] GC(25) User=0.18s Sys=0.00s Real=0.06s
[2023-12-02T15:32:34.481+0000][25.529s][info ][safepoint     ] Leaving safepoint region
[2023-12-02T15:32:34.481+0000][25.529s][info ][safepoint     ] Total time for which application threads were stopped: 0.0641921 seconds, Stopping threads took: 0.0005081 seconds
[2023-12-02T15:32:34.482+0000][25.530s][info ][gc,stringdedup] Concurrent String Deduplication (25.530s)
[2023-12-02T15:32:34.505+0000][25.553s][info ][gc,stringdedup] Concurrent String Deduplication 332.3K->106.1K(226.2K) avg 43.0% (25.530s, 25.553s) 22.758ms
[2023-12-02T15:32:35.482+0000][26.530s][debug][safepoint     ] Safepoint synchronization initiated. (17 threads)
[2023-12-02T15:32:35.491+0000][26.539s][info ][safepoint     ] Application time: 1.0095917 seconds
[2023-12-02T15:32:35.504+0000][26.552s][debug][safepoint     ] ... found polling page return exception at pc = 0x00007f43fc3455b6, stub =0x00007f43f4840600
[2023-12-02T15:32:35.507+0000][26.555s][debug][safepoint     ] Waiting for 1 thread(s) to block
[2023-12-02T15:32:35.515+0000][26.563s][info ][safepoint     ] Entering safepoint region: Cleanup
[2023-12-02T15:32:35.519+0000][26.567s][info ][safepoint     ] Leaving safepoint region
[2023-12-02T15:32:35.524+0000][26.572s][info ][safepoint     ] Total time for which application threads were stopped: 0.0247759 seconds, Stopping threads took: 0.0190163 seconds
[2023-12-02T15:32:36.455+0000][27.503s][debug][safepoint     ] Safepoint synchronization initiated. (15 threads)
[2023-12-02T15:32:36.455+0000][27.503s][info ][safepoint     ] Application time: 0.9298575 seconds
[2023-12-02T15:32:36.456+0000][27.504s][info ][safepoint     ] Entering safepoint region: G1CollectForAllocation
[2023-12-02T15:32:36.456+0000][27.504s][info ][gc,start      ] GC(26) Pause Young (Normal) (G1 Evacuation Pause)
[2023-12-02T15:32:36.457+0000][27.505s][info ][gc,task       ] GC(26) Using 8 workers of 8 for evacuation
[2023-12-02T15:32:36.480+0000][27.528s][info ][gc,phases     ] GC(26)   Pre Evacuate Collection Set: 0.0ms
[2023-12-02T15:32:36.481+0000][27.529s][info ][gc,phases     ] GC(26)   Evacuate Collection Set: 20.4ms
[2023-12-02T15:32:36.481+0000][27.529s][info ][gc,phases     ] GC(26)   Post Evacuate Collection Set: 2.1ms
[2023-12-02T15:32:36.503+0000][27.551s][info ][gc,phases     ] GC(26)   Other: 1.1ms
[2023-12-02T15:32:36.510+0000][27.559s][info ][gc,heap       ] GC(26) Eden regions: 201->0(202)
[2023-12-02T15:32:36.514+0000][27.562s][info ][gc,heap       ] GC(26) Survivor regions: 16->15(28)
[2023-12-02T15:32:36.515+0000][27.563s][info ][gc,heap       ] GC(26) Old regions: 26->27
[2023-12-02T15:32:36.516+0000][27.564s][info ][gc,heap       ] GC(26) Humongous regions: 0->0
[2023-12-02T15:32:36.517+0000][27.565s][info ][gc,metaspace  ] GC(26) Metaspace: 57165K(58704K)->57165K(58704K) NonClass: 49982K(50900K)->49982K(50900K) Class: 7182K(7804K)->7182K(7804K)
[2023-12-02T15:32:36.518+0000][27.566s][info ][gc            ] GC(26) Pause Young (Normal) (G1 Evacuation Pause) 240M->39M(363M) 61.111ms
[2023-12-02T15:32:36.518+0000][27.566s][info ][gc,cpu        ] GC(26) User=0.17s Sys=0.00s Real=0.06s
[2023-12-02T15:32:36.519+0000][27.567s][info ][safepoint     ] Leaving safepoint region
[2023-12-02T15:32:36.520+0000][27.568s][info ][safepoint     ] Total time for which application threads were stopped: 0.0638651 seconds, Stopping threads took: 0.0002914 seconds
[2023-12-02T15:32:36.520+0000][27.568s][info ][gc,stringdedup] Concurrent String Deduplication (27.568s)
[2023-12-02T15:32:36.534+0000][27.582s][info ][gc,stringdedup] Concurrent String Deduplication 217.0K->82536.0B(136.4K) avg 43.4% (27.568s, 27.582s) 13.439ms
[2023-12-02T15:32:36.854+0000][27.902s][debug][safepoint     ] Safepoint synchronization initiated. (15 threads)
[2023-12-02T15:32:36.855+0000][27.903s][info ][safepoint     ] Application time: 0.3343423 seconds
[2023-12-02T15:32:36.855+0000][27.903s][info ][safepoint     ] Entering safepoint region: Deoptimize
[2023-12-02T15:32:36.856+0000][27.904s][info ][safepoint     ] Leaving safepoint region
[2023-12-02T15:32:36.857+0000][27.905s][info ][safepoint     ] Total time for which application threads were stopped: 0.0017678 seconds, Stopping threads took: 0.0003016 seconds
[2023-12-02T15:32:37.212+0000][28.260s][debug][safepoint     ] Safepoint synchronization initiated. (15 threads)
[2023-12-02T15:32:37.213+0000][28.261s][info ][safepoint     ] Application time: 0.3559955 seconds
[2023-12-02T15:32:37.213+0000][28.262s][info ][safepoint     ] Entering safepoint region: CollectForMetadataAllocation
[2023-12-02T15:32:37.214+0000][28.262s][info ][gc,start      ] GC(27) Pause Young (Concurrent Start) (Metadata GC Threshold)
[2023-12-02T15:32:37.214+0000][28.262s][info ][gc,task       ] GC(27) Using 8 workers of 8 for evacuation
[2023-12-02T15:32:37.230+0000][28.278s][info ][gc,phases     ] GC(27)   Pre Evacuate Collection Set: 0.3ms
[2023-12-02T15:32:37.230+0000][28.278s][info ][gc,phases     ] GC(27)   Evacuate Collection Set: 12.4ms
[2023-12-02T15:32:37.231+0000][28.279s][info ][gc,phases     ] GC(27)   Post Evacuate Collection Set: 2.4ms
[2023-12-02T15:32:37.231+0000][28.279s][info ][gc,phases     ] GC(27)   Other: 0.9ms
[2023-12-02T15:32:37.231+0000][28.279s][info ][gc,heap       ] GC(27) Eden regions: 58->0(201)
[2023-12-02T15:32:37.231+0000][28.279s][info ][gc,heap       ] GC(27) Survivor regions: 15->16(28)
[2023-12-02T15:32:37.232+0000][28.280s][info ][gc,heap       ] GC(27) Old regions: 27->27
[2023-12-02T15:32:37.232+0000][28.280s][info ][gc,heap       ] GC(27) Humongous regions: 0->0
[2023-12-02T15:32:37.232+0000][28.280s][info ][gc,metaspace  ] GC(27) Metaspace: 59092K(60496K)->59092K(60496K) NonClass: 51617K(52436K)->51617K(52436K) Class: 7474K(8060K)->7474K(8060K)
[2023-12-02T15:32:37.232+0000][28.281s][info ][gc            ] GC(27) Pause Young (Concurrent Start) (Metadata GC Threshold) 97M->40M(363M) 18.482ms
[2023-12-02T15:32:37.233+0000][28.281s][info ][gc,cpu        ] GC(27) User=0.07s Sys=0.00s Real=0.01s
[2023-12-02T15:32:37.233+0000][28.281s][info ][gc            ] GC(28) Concurrent Cycle
[2023-12-02T15:32:37.233+0000][28.281s][info ][safepoint     ] Leaving safepoint region
[2023-12-02T15:32:37.234+0000][28.282s][info ][safepoint     ] Total time for which application threads were stopped: 0.0201248 seconds, Stopping threads took: 0.0003192 seconds
[2023-12-02T15:32:37.233+0000][28.281s][info ][gc,marking    ] GC(28) Concurrent Clear Claimed Marks
[2023-12-02T15:32:37.234+0000][28.282s][info ][gc,stringdedup] Concurrent String Deduplication (28.282s)
[2023-12-02T15:32:37.235+0000][28.283s][info ][gc,marking    ] GC(28) Concurrent Clear Claimed Marks 1.259ms
[2023-12-02T15:32:37.235+0000][28.283s][info ][gc,marking    ] GC(28) Concurrent Scan Root Regions
[2023-12-02T15:32:37.238+0000][28.287s][info ][gc,stringdedup] Concurrent String Deduplication 378.5K->169.2K(209.3K) avg 43.9% (28.282s, 28.287s) 4.464ms
[2023-12-02T15:32:37.246+0000][28.294s][info ][gc,marking    ] GC(28) Concurrent Scan Root Regions 11.055ms
[2023-12-02T15:32:37.247+0000][28.295s][info ][gc,marking    ] GC(28) Concurrent Mark (28.295s)
[2023-12-02T15:32:37.247+0000][28.295s][info ][gc,marking    ] GC(28) Concurrent Mark From Roots
[2023-12-02T15:32:37.248+0000][28.296s][info ][gc,task       ] GC(28) Using 2 workers of 2 for marking
[2023-12-02T15:32:37.275+0000][28.323s][info ][gc,marking    ] GC(28) Concurrent Mark From Roots 27.960ms
[2023-12-02T15:32:37.276+0000][28.324s][info ][gc,marking    ] GC(28) Concurrent Preclean
[2023-12-02T15:32:37.276+0000][28.324s][info ][gc,marking    ] GC(28) Concurrent Preclean 0.446ms
[2023-12-02T15:32:37.276+0000][28.325s][info ][gc,marking    ] GC(28) Concurrent Mark (28.295s, 28.324s) 29.503ms
[2023-12-02T15:32:37.277+0000][28.325s][debug][safepoint     ] Safepoint synchronization initiated. (15 threads)
[2023-12-02T15:32:37.277+0000][28.325s][info ][safepoint     ] Application time: 0.0431889 seconds
[2023-12-02T15:32:37.277+0000][28.325s][debug][safepoint     ] Waiting for 1 thread(s) to block
[2023-12-02T15:32:37.278+0000][28.326s][info ][safepoint     ] Entering safepoint region: CGC_Operation
[2023-12-02T15:32:37.278+0000][28.326s][info ][gc,start      ] GC(28) Pause Remark
[2023-12-02T15:32:37.295+0000][28.343s][info ][gc,stringtable] GC(28) Cleaned string and symbol table, strings: 23412 processed, 1 removed, symbols: 192548 processed, 193 removed
[2023-12-02T15:32:37.298+0000][28.346s][info ][gc            ] GC(28) Pause Remark 46M->46M(363M) 19.901ms
[2023-12-02T15:32:37.299+0000][28.347s][info ][gc,cpu        ] GC(28) User=0.09s Sys=0.00s Real=0.02s
[2023-12-02T15:32:37.299+0000][28.347s][info ][safepoint     ] Leaving safepoint region
[2023-12-02T15:32:37.299+0000][28.347s][info ][safepoint     ] Total time for which application threads were stopped: 0.0218701 seconds, Stopping threads took: 0.0006195 seconds
[2023-12-02T15:32:37.300+0000][28.348s][info ][gc,marking    ] GC(28) Concurrent Rebuild Remembered Sets
[2023-12-02T15:32:37.318+0000][28.366s][info ][gc,marking    ] GC(28) Concurrent Rebuild Remembered Sets 18.558ms
[2023-12-02T15:32:37.319+0000][28.367s][debug][safepoint     ] Safepoint synchronization initiated. (15 threads)
[2023-12-02T15:32:37.319+0000][28.367s][info ][safepoint     ] Application time: 0.0194815 seconds
[2023-12-02T15:32:37.319+0000][28.367s][debug][safepoint     ] ... found polling page return exception at pc = 0x00007f43fc7bf773, stub =0x00007f43f4840600
[2023-12-02T15:32:37.320+0000][28.368s][debug][safepoint     ] Waiting for 1 thread(s) to block
[2023-12-02T15:32:37.320+0000][28.368s][info ][safepoint     ] Entering safepoint region: CGC_Operation
[2023-12-02T15:32:37.320+0000][28.368s][info ][gc,start      ] GC(28) Pause Cleanup
[2023-12-02T15:32:37.321+0000][28.369s][info ][gc            ] GC(28) Pause Cleanup 47M->47M(363M) 0.561ms
[2023-12-02T15:32:37.321+0000][28.369s][info ][gc,cpu        ] GC(28) User=0.00s Sys=0.00s Real=0.00s
[2023-12-02T15:32:37.321+0000][28.369s][info ][safepoint     ] Leaving safepoint region
[2023-12-02T15:32:37.322+0000][28.370s][info ][safepoint     ] Total time for which application threads were stopped: 0.0023894 seconds, Stopping threads took: 0.0007849 seconds
[2023-12-02T15:32:37.322+0000][28.370s][info ][gc,marking    ] GC(28) Concurrent Cleanup for Next Mark
[2023-12-02T15:32:37.325+0000][28.373s][info ][gc,marking    ] GC(28) Concurrent Cleanup for Next Mark 3.008ms
[2023-12-02T15:32:37.325+0000][28.373s][info ][gc            ] GC(28) Concurrent Cycle 92.277ms
[2023-12-02T15:32:38.322+0000][29.370s][debug][safepoint     ] Safepoint synchronization initiated. (18 threads)
[2023-12-02T15:32:38.323+0000][29.371s][info ][safepoint     ] Application time: 1.0007793 seconds
[2023-12-02T15:32:38.323+0000][29.371s][debug][safepoint     ] ... found polling page return exception at pc = 0x00007f43fc3455b6, stub =0x00007f43f4840600
[2023-12-02T15:32:38.324+0000][29.372s][debug][safepoint     ] Waiting for 1 thread(s) to block
[2023-12-02T15:32:38.324+0000][29.372s][info ][safepoint     ] Entering safepoint region: Cleanup
[2023-12-02T15:32:38.324+0000][29.372s][info ][safepoint     ] Leaving safepoint region
[2023-12-02T15:32:38.325+0000][29.373s][info ][safepoint     ] Total time for which application threads were stopped: 0.0015346 seconds, Stopping threads took: 0.0009056 seconds
[2023-12-02T15:32:38.910+0000][29.958s][debug][safepoint     ] Safepoint synchronization initiated. (19 threads)
[2023-12-02T15:32:38.911+0000][29.959s][info ][safepoint     ] Application time: 0.5856175 seconds
[2023-12-02T15:32:38.911+0000][29.959s][debug][safepoint     ] Waiting for 1 thread(s) to block
[2023-12-02T15:32:38.912+0000][29.960s][info ][safepoint     ] Entering safepoint region: ICBufferFull
[2023-12-02T15:32:38.913+0000][29.961s][info ][safepoint     ] Leaving safepoint region
[2023-12-02T15:32:38.914+0000][29.962s][info ][safepoint     ] Total time for which application threads were stopped: 0.0028811 seconds, Stopping threads took: 0.0017486 seconds
[2023-12-02T15:32:39.341+0000][30.389s][debug][safepoint     ] Safepoint synchronization initiated. (19 threads)
[2023-12-02T15:32:39.341+0000][30.390s][info ][safepoint     ] Application time: 0.4267268 seconds
[2023-12-02T15:32:39.342+0000][30.390s][info ][safepoint     ] Entering safepoint region: Deoptimize
[2023-12-02T15:32:39.346+0000][30.394s][info ][safepoint     ] Leaving safepoint region
[2023-12-02T15:32:39.347+0000][30.395s][info ][safepoint     ] Total time for which application threads were stopped: 0.0049155 seconds, Stopping threads took: 0.0004395 seconds
[2023-12-02T15:32:39.914+0000][30.962s][debug][safepoint     ] Safepoint synchronization initiated. (19 threads)
[2023-12-02T15:32:39.918+0000][30.966s][info ][safepoint     ] Application time: 0.5707985 seconds
[2023-12-02T15:32:39.919+0000][30.967s][info ][safepoint     ] Entering safepoint region: G1CollectForAllocation
[2023-12-02T15:32:39.920+0000][30.968s][info ][gc,start      ] GC(29) Pause Young (Normal) (G1 Evacuation Pause)
[2023-12-02T15:32:39.920+0000][30.968s][info ][gc,task       ] GC(29) Using 8 workers of 8 for evacuation
[2023-12-02T15:32:40.035+0000][31.083s][info ][gc,phases     ] GC(29)   Pre Evacuate Collection Set: 0.1ms
[2023-12-02T15:32:40.057+0000][31.105s][info ][gc,phases     ] GC(29)   Evacuate Collection Set: 103.1ms
[2023-12-02T15:32:40.057+0000][31.105s][info ][gc,phases     ] GC(29)   Post Evacuate Collection Set: 10.7ms
[2023-12-02T15:32:40.057+0000][31.105s][info ][gc,phases     ] GC(29)   Other: 1.2ms
[2023-12-02T15:32:40.058+0000][31.106s][info ][gc,heap       ] GC(29) Eden regions: 201->0(199)
[2023-12-02T15:32:40.058+0000][31.106s][info ][gc,heap       ] GC(29) Survivor regions: 16->18(28)
[2023-12-02T15:32:40.059+0000][31.107s][info ][gc,heap       ] GC(29) Old regions: 27->28
[2023-12-02T15:32:40.059+0000][31.107s][info ][gc,heap       ] GC(29) Humongous regions: 0->0
[2023-12-02T15:32:40.059+0000][31.107s][info ][gc,metaspace  ] GC(29) Metaspace: 65316K(67024K)->65316K(67024K) NonClass: 57020K(58068K)->57020K(58068K) Class: 8296K(8956K)->8296K(8956K)
[2023-12-02T15:32:40.060+0000][31.108s][info ][gc            ] GC(29) Pause Young (Normal) (G1 Evacuation Pause) 241M->43M(363M) 139.954ms
[2023-12-02T15:32:40.060+0000][31.108s][info ][gc,cpu        ] GC(29) User=0.85s Sys=0.02s Real=0.14s
[2023-12-02T15:32:40.060+0000][31.108s][info ][safepoint     ] Leaving safepoint region
[2023-12-02T15:32:40.061+0000][31.109s][info ][safepoint     ] Total time for which application threads were stopped: 0.1418013 seconds, Stopping threads took: 0.0003887 seconds
[2023-12-02T15:32:40.064+0000][31.112s][info ][gc,stringdedup] Concurrent String Deduplication (31.112s)
[2023-12-02T15:32:40.065+0000][31.113s][info ][gc,stringdedup] Concurrent String Deduplication 72616.0B->6888.0B(65728.0B) avg 44.3% (31.112s, 31.113s) 1.292ms
[2023-12-02T15:32:40.727+0000][31.775s][debug][safepoint     ] Safepoint synchronization initiated. (19 threads)
[2023-12-02T15:32:40.728+0000][31.776s][info ][safepoint     ] Application time: 0.6667027 seconds
[2023-12-02T15:32:40.728+0000][31.776s][info ][safepoint     ] Entering safepoint region: ICBufferFull
[2023-12-02T15:32:40.729+0000][31.777s][info ][safepoint     ] Leaving safepoint region
[2023-12-02T15:32:40.729+0000][31.777s][info ][safepoint     ] Total time for which application threads were stopped: 0.0008964 seconds, Stopping threads took: 0.0003459 seconds
[2023-12-02T15:32:41.475+0000][32.523s][debug][safepoint     ] Safepoint synchronization initiated. (17 threads)
[2023-12-02T15:32:41.475+0000][32.524s][info ][safepoint     ] Application time: 0.7459704 seconds
[2023-12-02T15:32:41.476+0000][32.524s][info ][safepoint     ] Entering safepoint region: G1CollectForAllocation
[2023-12-02T15:32:41.476+0000][32.525s][info ][gc,start      ] GC(30) Pause Young (Normal) (G1 Evacuation Pause)
[2023-12-02T15:32:41.477+0000][32.525s][info ][gc,task       ] GC(30) Using 8 workers of 8 for evacuation
[2023-12-02T15:32:41.501+0000][32.549s][info ][gc,phases     ] GC(30)   Pre Evacuate Collection Set: 0.0ms
[2023-12-02T15:32:41.503+0000][32.551s][info ][gc,phases     ] GC(30)   Evacuate Collection Set: 20.1ms
[2023-12-02T15:32:41.504+0000][32.552s][info ][gc,phases     ] GC(30)   Post Evacuate Collection Set: 3.2ms
[2023-12-02T15:32:41.504+0000][32.552s][info ][gc,phases     ] GC(30)   Other: 0.8ms
[2023-12-02T15:32:41.505+0000][32.553s][info ][gc,heap       ] GC(30) Eden regions: 199->0(202)
[2023-12-02T15:32:41.505+0000][32.553s][info ][gc,heap       ] GC(30) Survivor regions: 18->15(28)
[2023-12-02T15:32:41.505+0000][32.553s][info ][gc,heap       ] GC(30) Old regions: 28->32
[2023-12-02T15:32:41.505+0000][32.554s][info ][gc,heap       ] GC(30) Humongous regions: 0->0
[2023-12-02T15:32:41.506+0000][32.554s][info ][gc,metaspace  ] GC(30) Metaspace: 68847K(70352K)->68847K(70352K) NonClass: 59999K(60884K)->59999K(60884K) Class: 8847K(9468K)->8847K(9468K)
[2023-12-02T15:32:41.506+0000][32.554s][info ][gc            ] GC(30) Pause Young (Normal) (G1 Evacuation Pause) 242M->44M(363M) 29.629ms
[2023-12-02T15:32:41.506+0000][32.555s][info ][gc,cpu        ] GC(30) User=0.16s Sys=0.00s Real=0.03s
[2023-12-02T15:32:41.507+0000][32.555s][info ][safepoint     ] Leaving safepoint region
[2023-12-02T15:32:41.507+0000][32.555s][info ][safepoint     ] Total time for which application threads were stopped: 0.0312335 seconds, Stopping threads took: 0.0003925 seconds
[2023-12-02T15:32:41.507+0000][32.555s][info ][gc,stringdedup] Concurrent String Deduplication (32.555s)
[2023-12-02T15:32:41.508+0000][32.557s][info ][gc,stringdedup] Concurrent String Deduplication 39640.0B->15216.0B(24424.0B) avg 44.3% (32.555s, 32.557s) 1.111ms
[2023-12-02T15:32:41.631+0000][32.679s][debug][safepoint     ] Safepoint synchronization initiated. (19 threads)
[2023-12-02T15:32:41.632+0000][32.680s][info ][safepoint     ] Application time: 0.1242982 seconds
[2023-12-02T15:32:41.632+0000][32.680s][debug][safepoint     ] Waiting for 1 thread(s) to block
[2023-12-02T15:32:41.633+0000][32.681s][info ][safepoint     ] Entering safepoint region: ICBufferFull
[2023-12-02T15:32:41.633+0000][32.681s][info ][safepoint     ] Leaving safepoint region
[2023-12-02T15:32:41.633+0000][32.682s][info ][safepoint     ] Total time for which application threads were stopped: 0.0013990 seconds, Stopping threads took: 0.0008676 seconds
[2023-12-02T15:32:41.753+0000][32.801s][debug][safepoint     ] Safepoint synchronization initiated. (19 threads)
[2023-12-02T15:32:41.754+0000][32.802s][info ][safepoint     ] Application time: 0.1197754 seconds
[2023-12-02T15:32:41.754+0000][32.802s][info ][safepoint     ] Entering safepoint region: ICBufferFull
[2023-12-02T15:32:41.755+0000][32.803s][info ][safepoint     ] Leaving safepoint region
[2023-12-02T15:32:41.755+0000][32.803s][info ][safepoint     ] Total time for which application threads were stopped: 0.0009016 seconds, Stopping threads took: 0.0002734 seconds
[2023-12-02T15:32:41.874+0000][32.922s][debug][safepoint     ] Safepoint synchronization initiated. (19 threads)
[2023-12-02T15:32:41.880+0000][32.928s][info ][safepoint     ] Application time: 0.1240038 seconds
[2023-12-02T15:32:41.880+0000][32.928s][info ][safepoint     ] Entering safepoint region: ICBufferFull
[2023-12-02T15:32:41.881+0000][32.929s][info ][safepoint     ] Leaving safepoint region
[2023-12-02T15:32:41.881+0000][32.929s][info ][safepoint     ] Total time for which application threads were stopped: 0.0008671 seconds, Stopping threads took: 0.0002798 seconds
[2023-12-02T15:32:42.095+0000][33.143s][debug][safepoint     ] Safepoint synchronization initiated. (20 threads)
[2023-12-02T15:32:42.095+0000][33.143s][info ][safepoint     ] Application time: 0.2137466 seconds
[2023-12-02T15:32:42.095+0000][33.143s][info ][safepoint     ] Entering safepoint region: ICBufferFull
[2023-12-02T15:32:42.096+0000][33.144s][info ][safepoint     ] Leaving safepoint region
[2023-12-02T15:32:42.096+0000][33.144s][info ][safepoint     ] Total time for which application threads were stopped: 0.0009719 seconds, Stopping threads took: 0.0003617 seconds
[2023-12-02T15:32:42.804+0000][33.852s][debug][safepoint     ] Safepoint synchronization initiated. (18 threads)
[2023-12-02T15:32:42.804+0000][33.852s][info ][safepoint     ] Application time: 0.7073848 seconds
[2023-12-02T15:32:42.805+0000][33.853s][info ][safepoint     ] Entering safepoint region: ICBufferFull
[2023-12-02T15:32:42.805+0000][33.853s][info ][safepoint     ] Leaving safepoint region
[2023-12-02T15:32:42.806+0000][33.854s][info ][safepoint     ] Total time for which application threads were stopped: 0.0010048 seconds, Stopping threads took: 0.0003484 seconds
[2023-12-02T15:32:43.087+0000][34.135s][debug][safepoint     ] Safepoint synchronization initiated. (20 threads)
[2023-12-02T15:32:43.087+0000][34.135s][info ][safepoint     ] Application time: 0.2811513 seconds
[2023-12-02T15:32:43.087+0000][34.135s][info ][safepoint     ] Entering safepoint region: G1CollectForAllocation
[2023-12-02T15:32:43.088+0000][34.136s][info ][gc,start      ] GC(31) Pause Young (Normal) (G1 Evacuation Pause)
[2023-12-02T15:32:43.088+0000][34.137s][info ][gc,task       ] GC(31) Using 8 workers of 8 for evacuation
[2023-12-02T15:32:43.138+0000][34.186s][info ][gc,phases     ] GC(31)   Pre Evacuate Collection Set: 0.0ms
[2023-12-02T15:32:43.139+0000][34.187s][info ][gc,phases     ] GC(31)   Evacuate Collection Set: 41.1ms
[2023-12-02T15:32:43.139+0000][34.187s][info ][gc,phases     ] GC(31)   Post Evacuate Collection Set: 8.0ms
[2023-12-02T15:32:43.141+0000][34.189s][info ][gc,phases     ] GC(31)   Other: 0.8ms
[2023-12-02T15:32:43.142+0000][34.190s][info ][gc,heap       ] GC(31) Eden regions: 202->0(202)
[2023-12-02T15:32:43.142+0000][34.190s][info ][gc,heap       ] GC(31) Survivor regions: 15->15(28)
[2023-12-02T15:32:43.142+0000][34.191s][info ][gc,heap       ] GC(31) Old regions: 32->32
[2023-12-02T15:32:43.143+0000][34.191s][info ][gc,heap       ] GC(31) Humongous regions: 0->0
[2023-12-02T15:32:43.144+0000][34.192s][info ][gc,metaspace  ] GC(31) Metaspace: 71958K(73552K)->71958K(73552K) NonClass: 62781K(63700K)->62781K(63700K) Class: 9177K(9852K)->9177K(9852K)
[2023-12-02T15:32:43.144+0000][34.192s][info ][gc            ] GC(31) Pause Young (Normal) (G1 Evacuation Pause) 246M->45M(363M) 55.793ms
[2023-12-02T15:32:43.144+0000][34.192s][info ][gc,cpu        ] GC(31) User=0.35s Sys=0.02s Real=0.06s
[2023-12-02T15:32:43.145+0000][34.193s][info ][safepoint     ] Leaving safepoint region
[2023-12-02T15:32:43.145+0000][34.193s][info ][safepoint     ] Total time for which application threads were stopped: 0.0575825 seconds, Stopping threads took: 0.0004773 seconds
[2023-12-02T15:32:43.145+0000][34.193s][info ][gc,stringdedup] Concurrent String Deduplication (34.193s)
[2023-12-02T15:32:43.149+0000][34.198s][info ][gc,stringdedup] Concurrent String Deduplication 177.6K->60032.0B(118.9K) avg 44.8% (34.193s, 34.198s) 4.159ms
[2023-12-02T15:32:43.173+0000][34.221s][debug][safepoint     ] Safepoint synchronization initiated. (20 threads)
[2023-12-02T15:32:43.174+0000][34.222s][info ][safepoint     ] Application time: 0.0284721 seconds
[2023-12-02T15:32:43.174+0000][34.222s][info ][safepoint     ] Entering safepoint region: Deoptimize
[2023-12-02T15:32:43.176+0000][34.224s][info ][safepoint     ] Leaving safepoint region
[2023-12-02T15:32:43.177+0000][34.225s][info ][safepoint     ] Total time for which application threads were stopped: 0.0027809 seconds, Stopping threads took: 0.0002780 seconds
[2023-12-02T15:32:43.179+0000][34.227s][debug][safepoint     ] Safepoint synchronization initiated. (20 threads)
[2023-12-02T15:32:43.179+0000][34.227s][info ][safepoint     ] Application time: 0.0021528 seconds
[2023-12-02T15:32:43.179+0000][34.228s][info ][safepoint     ] Entering safepoint region: Deoptimize
[2023-12-02T15:32:43.181+0000][34.229s][info ][safepoint     ] Leaving safepoint region
[2023-12-02T15:32:43.182+0000][34.230s][info ][safepoint     ] Total time for which application threads were stopped: 0.0020357 seconds, Stopping threads took: 0.0002992 seconds
[2023-12-02T15:32:43.628+0000][34.676s][debug][safepoint     ] Safepoint synchronization initiated. (20 threads)
[2023-12-02T15:32:43.629+0000][34.677s][info ][safepoint     ] Application time: 0.4473234 seconds
[2023-12-02T15:32:43.630+0000][34.678s][info ][safepoint     ] Entering safepoint region: Deoptimize
[2023-12-02T15:32:43.632+0000][34.680s][info ][safepoint     ] Leaving safepoint region
[2023-12-02T15:32:43.636+0000][34.684s][info ][safepoint     ] Total time for which application threads were stopped: 0.0066231 seconds, Stopping threads took: 0.0004456 seconds
[2023-12-02T15:32:44.015+0000][35.063s][debug][safepoint     ] Safepoint synchronization initiated. (20 threads)
[2023-12-02T15:32:44.015+0000][35.063s][info ][safepoint     ] Application time: 0.3760784 seconds
[2023-12-02T15:32:44.015+0000][35.064s][info ][safepoint     ] Entering safepoint region: Deoptimize
[2023-12-02T15:32:44.017+0000][35.065s][info ][safepoint     ] Leaving safepoint region
[2023-12-02T15:32:44.017+0000][35.066s][info ][safepoint     ] Total time for which application threads were stopped: 0.0020062 seconds, Stopping threads took: 0.0002674 seconds
[2023-12-02T15:32:44.042+0000][35.090s][debug][safepoint     ] Safepoint synchronization initiated. (20 threads)
[2023-12-02T15:32:44.042+0000][35.090s][info ][safepoint     ] Application time: 0.0215113 seconds
[2023-12-02T15:32:44.043+0000][35.091s][debug][safepoint     ] ... found polling page return exception at pc = 0x00007f43fc2c9694, stub =0x00007f43f4840600
[2023-12-02T15:32:44.045+0000][35.093s][debug][safepoint     ] Waiting for 1 thread(s) to block
[2023-12-02T15:32:44.046+0000][35.094s][info ][safepoint     ] Entering safepoint region: ICBufferFull
[2023-12-02T15:32:44.046+0000][35.094s][info ][safepoint     ] Leaving safepoint region
[2023-12-02T15:32:44.047+0000][35.095s][info ][safepoint     ] Total time for which application threads were stopped: 0.0037391 seconds, Stopping threads took: 0.0031107 seconds
[2023-12-02T15:32:44.254+0000][35.302s][debug][safepoint     ] Safepoint synchronization initiated. (20 threads)
[2023-12-02T15:32:44.255+0000][35.303s][info ][safepoint     ] Application time: 0.2075113 seconds
[2023-12-02T15:32:44.255+0000][35.303s][info ][safepoint     ] Entering safepoint region: Deoptimize
[2023-12-02T15:32:44.257+0000][35.305s][info ][safepoint     ] Leaving safepoint region
[2023-12-02T15:32:44.257+0000][35.305s][info ][safepoint     ] Total time for which application threads were stopped: 0.0021156 seconds, Stopping threads took: 0.0002851 seconds
[2023-12-02T15:32:44.835+0000][35.883s][debug][safepoint     ] Safepoint synchronization initiated. (20 threads)
[2023-12-02T15:32:44.839+0000][35.887s][info ][safepoint     ] Application time: 0.5816884 seconds
[2023-12-02T15:32:44.840+0000][35.888s][info ][safepoint     ] Entering safepoint region: ICBufferFull
[2023-12-02T15:32:44.841+0000][35.889s][info ][safepoint     ] Leaving safepoint region
[2023-12-02T15:32:44.842+0000][35.890s][info ][safepoint     ] Total time for which application threads were stopped: 0.0017555 seconds, Stopping threads took: 0.0009243 seconds
[2023-12-02T15:32:45.327+0000][36.375s][debug][safepoint     ] Safepoint synchronization initiated. (20 threads)
[2023-12-02T15:32:45.327+0000][36.375s][info ][safepoint     ] Application time: 0.4852352 seconds
[2023-12-02T15:32:45.329+0000][36.377s][info ][safepoint     ] Entering safepoint region: G1CollectForAllocation
[2023-12-02T15:32:45.330+0000][36.378s][info ][gc,start      ] GC(32) Pause Young (Normal) (G1 Evacuation Pause)
[2023-12-02T15:32:45.331+0000][36.379s][info ][gc,task       ] GC(32) Using 8 workers of 8 for evacuation
[2023-12-02T15:32:45.357+0000][36.405s][info ][gc,phases     ] GC(32)   Pre Evacuate Collection Set: 0.0ms
[2023-12-02T15:32:45.358+0000][36.406s][info ][gc,phases     ] GC(32)   Evacuate Collection Set: 23.6ms
[2023-12-02T15:32:45.358+0000][36.406s][info ][gc,phases     ] GC(32)   Post Evacuate Collection Set: 2.5ms
[2023-12-02T15:32:45.358+0000][36.407s][info ][gc,phases     ] GC(32)   Other: 0.7ms
[2023-12-02T15:32:45.359+0000][36.407s][info ][gc,heap       ] GC(32) Eden regions: 202->0(202)
[2023-12-02T15:32:45.359+0000][36.407s][info ][gc,heap       ] GC(32) Survivor regions: 15->15(28)
[2023-12-02T15:32:45.359+0000][36.408s][info ][gc,heap       ] GC(32) Old regions: 32->36
[2023-12-02T15:32:45.360+0000][36.408s][info ][gc,heap       ] GC(32) Humongous regions: 0->0
[2023-12-02T15:32:45.360+0000][36.408s][info ][gc,metaspace  ] GC(32) Metaspace: 77522K(79440K)->77522K(79440K) NonClass: 67686K(68820K)->67686K(68820K) Class: 9835K(10620K)->9835K(10620K)
[2023-12-02T15:32:45.360+0000][36.408s][info ][gc            ] GC(32) Pause Young (Normal) (G1 Evacuation Pause) 247M->49M(363M) 30.026ms
[2023-12-02T15:32:45.361+0000][36.409s][info ][gc,cpu        ] GC(32) User=0.19s Sys=0.01s Real=0.03s
[2023-12-02T15:32:45.361+0000][36.409s][info ][safepoint     ] Leaving safepoint region
[2023-12-02T15:32:45.361+0000][36.409s][info ][safepoint     ] Total time for which application threads were stopped: 0.0321709 seconds, Stopping threads took: 0.0007571 seconds
[2023-12-02T15:32:45.362+0000][36.410s][info ][gc,stringdedup] Concurrent String Deduplication (36.410s)
[2023-12-02T15:32:45.368+0000][36.416s][info ][gc,stringdedup] Concurrent String Deduplication 191.4K->43456.0B(148.9K) avg 45.4% (36.410s, 36.416s) 5.774ms
[2023-12-02T15:32:46.365+0000][37.413s][debug][safepoint     ] Safepoint synchronization initiated. (19 threads)
[2023-12-02T15:32:46.365+0000][37.413s][info ][safepoint     ] Application time: 1.0033725 seconds
[2023-12-02T15:32:46.366+0000][37.414s][debug][safepoint     ] ... found polling page return exception at pc = 0x00007f43fc9ab81b, stub =0x00007f43f4840600
[2023-12-02T15:32:46.366+0000][37.414s][debug][safepoint     ] Waiting for 2 thread(s) to block
[2023-12-02T15:32:46.367+0000][37.415s][info ][safepoint     ] Entering safepoint region: Cleanup
[2023-12-02T15:32:46.367+0000][37.415s][info ][safepoint     ] Leaving safepoint region
[2023-12-02T15:32:46.368+0000][37.416s][info ][safepoint     ] Total time for which application threads were stopped: 0.0019036 seconds, Stopping threads took: 0.0013050 seconds
[2023-12-02T15:32:46.773+0000][37.821s][debug][safepoint     ] Safepoint synchronization initiated. (19 threads)
[2023-12-02T15:32:46.774+0000][37.822s][info ][safepoint     ] Application time: 0.4058729 seconds
[2023-12-02T15:32:46.774+0000][37.822s][info ][safepoint     ] Entering safepoint region: ICBufferFull
[2023-12-02T15:32:46.775+0000][37.823s][info ][safepoint     ] Leaving safepoint region
[2023-12-02T15:32:46.775+0000][37.823s][info ][safepoint     ] Total time for which application threads were stopped: 0.0009350 seconds, Stopping threads took: 0.0003852 seconds
[2023-12-02T15:32:47.273+0000][38.321s][debug][safepoint     ] Safepoint synchronization initiated. (19 threads)
[2023-12-02T15:32:47.273+0000][38.321s][info ][safepoint     ] Application time: 0.4979272 seconds
[2023-12-02T15:32:47.273+0000][38.322s][info ][safepoint     ] Entering safepoint region: G1CollectForAllocation
[2023-12-02T15:32:47.274+0000][38.322s][info ][gc,start      ] GC(33) Pause Young (Normal) (G1 Evacuation Pause)
[2023-12-02T15:32:47.274+0000][38.322s][info ][gc,task       ] GC(33) Using 8 workers of 8 for evacuation
[2023-12-02T15:32:47.298+0000][38.347s][info ][gc,phases     ] GC(33)   Pre Evacuate Collection Set: 0.0ms
[2023-12-02T15:32:47.299+0000][38.347s][info ][gc,phases     ] GC(33)   Evacuate Collection Set: 20.9ms
[2023-12-02T15:32:47.299+0000][38.347s][info ][gc,phases     ] GC(33)   Post Evacuate Collection Set: 2.7ms
[2023-12-02T15:32:47.299+0000][38.347s][info ][gc,phases     ] GC(33)   Other: 0.8ms
[2023-12-02T15:32:47.300+0000][38.348s][info ][gc,heap       ] GC(33) Eden regions: 202->0(196)
[2023-12-02T15:32:47.300+0000][38.348s][info ][gc,heap       ] GC(33) Survivor regions: 15->21(28)
[2023-12-02T15:32:47.300+0000][38.348s][info ][gc,heap       ] GC(33) Old regions: 36->36
[2023-12-02T15:32:47.300+0000][38.348s][info ][gc,heap       ] GC(33) Humongous regions: 0->0
[2023-12-02T15:32:47.301+0000][38.349s][info ][gc,metaspace  ] GC(33) Metaspace: 79468K(81488K)->79468K(81488K) NonClass: 69561K(70868K)->69561K(70868K) Class: 9907K(10620K)->9907K(10620K)
[2023-12-02T15:32:47.301+0000][38.349s][info ][gc            ] GC(33) Pause Young (Normal) (G1 Evacuation Pause) 251M->54M(363M) 26.865ms
[2023-12-02T15:32:47.301+0000][38.349s][info ][gc,cpu        ] GC(33) User=0.14s Sys=0.00s Real=0.02s
[2023-12-02T15:32:47.301+0000][38.350s][info ][safepoint     ] Leaving safepoint region
[2023-12-02T15:32:47.302+0000][38.350s][info ][safepoint     ] Total time for which application threads were stopped: 0.0282094 seconds, Stopping threads took: 0.0002629 seconds
[2023-12-02T15:32:47.302+0000][38.350s][info ][gc,stringdedup] Concurrent String Deduplication (38.350s)
[2023-12-02T15:32:47.307+0000][38.355s][info ][gc,stringdedup] Concurrent String Deduplication 239.3K->166.8K(74280.0B) avg 45.0% (38.350s, 38.355s) 4.712ms
[2023-12-02T15:32:48.014+0000][39.062s][debug][safepoint     ] Safepoint synchronization initiated. (19 threads)
[2023-12-02T15:32:48.015+0000][39.063s][info ][safepoint     ] Application time: 0.7133597 seconds
[2023-12-02T15:32:48.016+0000][39.064s][info ][safepoint     ] Entering safepoint region: ICBufferFull
[2023-12-02T15:32:48.023+0000][39.071s][info ][safepoint     ] Leaving safepoint region
[2023-12-02T15:32:48.030+0000][39.078s][info ][safepoint     ] Total time for which application threads were stopped: 0.0139478 seconds, Stopping threads took: 0.0003127 seconds
[2023-12-02T15:32:48.098+0000][39.146s][debug][safepoint     ] Safepoint synchronization initiated. (19 threads)
[2023-12-02T15:32:48.098+0000][39.147s][info ][safepoint     ] Application time: 0.0664484 seconds
[2023-12-02T15:32:48.099+0000][39.147s][info ][safepoint     ] Entering safepoint region: Deoptimize
[2023-12-02T15:32:48.102+0000][39.150s][info ][safepoint     ] Leaving safepoint region
[2023-12-02T15:32:48.103+0000][39.151s][info ][safepoint     ] Total time for which application threads were stopped: 0.0040606 seconds, Stopping threads took: 0.0009910 seconds
[2023-12-02T15:32:48.678+0000][39.726s][debug][safepoint     ] Safepoint synchronization initiated. (19 threads)
[2023-12-02T15:32:48.678+0000][39.726s][info ][safepoint     ] Application time: 0.5721682 seconds
[2023-12-02T15:32:48.678+0000][39.727s][info ][safepoint     ] Entering safepoint region: ICBufferFull
[2023-12-02T15:32:48.679+0000][39.727s][info ][safepoint     ] Leaving safepoint region
[2023-12-02T15:32:48.679+0000][39.727s][info ][safepoint     ] Total time for which application threads were stopped: 0.0008349 seconds, Stopping threads took: 0.0003072 seconds
[2023-12-02T15:32:48.836+0000][39.884s][debug][safepoint     ] Safepoint synchronization initiated. (19 threads)
[2023-12-02T15:32:48.836+0000][39.884s][info ][safepoint     ] Application time: 0.1566877 seconds
[2023-12-02T15:32:48.836+0000][39.885s][debug][safepoint     ] Waiting for 1 thread(s) to block
[2023-12-02T15:32:48.837+0000][39.885s][info ][safepoint     ] Entering safepoint region: G1CollectForAllocation
[2023-12-02T15:32:48.837+0000][39.885s][info ][gc,start      ] GC(34) Pause Young (Normal) (G1 Evacuation Pause)
[2023-12-02T15:32:48.838+0000][39.886s][info ][gc,task       ] GC(34) Using 8 workers of 8 for evacuation
[2023-12-02T15:32:48.872+0000][39.920s][info ][gc,phases     ] GC(34)   Pre Evacuate Collection Set: 0.0ms
[2023-12-02T15:32:48.872+0000][39.921s][info ][gc,phases     ] GC(34)   Evacuate Collection Set: 29.0ms
[2023-12-02T15:32:48.873+0000][39.921s][info ][gc,phases     ] GC(34)   Post Evacuate Collection Set: 4.6ms
[2023-12-02T15:32:48.874+0000][39.922s][info ][gc,phases     ] GC(34)   Other: 0.8ms
[2023-12-02T15:32:48.875+0000][39.923s][info ][gc,heap       ] GC(34) Eden regions: 196->0(198)
[2023-12-02T15:32:48.875+0000][39.923s][info ][gc,heap       ] GC(34) Survivor regions: 21->19(28)
[2023-12-02T15:32:48.875+0000][39.923s][info ][gc,heap       ] GC(34) Old regions: 36->42
[2023-12-02T15:32:48.876+0000][39.924s][info ][gc,heap       ] GC(34) Humongous regions: 0->0
[2023-12-02T15:32:48.876+0000][39.924s][info ][gc,metaspace  ] GC(34) Metaspace: 81495K(83536K)->81495K(83536K) NonClass: 71403K(72660K)->71403K(72660K) Class: 10091K(10876K)->10091K(10876K)
[2023-12-02T15:32:48.876+0000][39.924s][info ][gc            ] GC(34) Pause Young (Normal) (G1 Evacuation Pause) 250M->59M(363M) 38.676ms
[2023-12-02T15:32:48.876+0000][39.924s][info ][gc,cpu        ] GC(34) User=0.24s Sys=0.01s Real=0.04s
[2023-12-02T15:32:48.877+0000][39.925s][info ][safepoint     ] Leaving safepoint region
[2023-12-02T15:32:48.877+0000][39.925s][info ][safepoint     ] Total time for which application threads were stopped: 0.0403216 seconds, Stopping threads took: 0.0007290 seconds
[2023-12-02T15:32:48.877+0000][39.925s][info ][gc,stringdedup] Concurrent String Deduplication (39.925s)
[2023-12-02T15:32:48.881+0000][39.929s][info ][gc,stringdedup] Concurrent String Deduplication 280.1K->95656.0B(186.7K) avg 45.6% (39.925s, 39.929s) 3.979ms
[2023-12-02T15:32:49.104+0000][40.152s][debug][safepoint     ] Safepoint synchronization initiated. (19 threads)
[2023-12-02T15:32:49.105+0000][40.153s][info ][safepoint     ] Application time: 0.2275990 seconds
[2023-12-02T15:32:49.105+0000][40.153s][info ][safepoint     ] Entering safepoint region: Deoptimize
[2023-12-02T15:32:49.107+0000][40.155s][info ][safepoint     ] Leaving safepoint region
[2023-12-02T15:32:49.108+0000][40.156s][info ][safepoint     ] Total time for which application threads were stopped: 0.0028950 seconds, Stopping threads took: 0.0003024 seconds
[2023-12-02T15:32:49.424+0000][40.472s][debug][safepoint     ] Safepoint synchronization initiated. (23 threads)
[2023-12-02T15:32:49.424+0000][40.472s][info ][safepoint     ] Application time: 0.3160725 seconds
[2023-12-02T15:32:49.425+0000][40.473s][info ][safepoint     ] Entering safepoint region: ICBufferFull
[2023-12-02T15:32:49.425+0000][40.473s][info ][safepoint     ] Leaving safepoint region
[2023-12-02T15:32:49.425+0000][40.473s][info ][safepoint     ] Total time for which application threads were stopped: 0.0008401 seconds, Stopping threads took: 0.0003562 seconds
[2023-12-02T15:32:49.928+0000][40.976s][debug][safepoint     ] Safepoint synchronization initiated. (23 threads)
[2023-12-02T15:32:49.928+0000][40.977s][info ][safepoint     ] Application time: 0.5028730 seconds
[2023-12-02T15:32:49.929+0000][40.977s][info ][safepoint     ] Entering safepoint region: ICBufferFull
[2023-12-02T15:32:49.929+0000][40.977s][info ][safepoint     ] Leaving safepoint region
[2023-12-02T15:32:49.930+0000][40.978s][info ][safepoint     ] Total time for which application threads were stopped: 0.0007864 seconds, Stopping threads took: 0.0002541 seconds
[2023-12-02T15:32:50.084+0000][41.132s][debug][safepoint     ] Safepoint synchronization initiated. (23 threads)
[2023-12-02T15:32:50.084+0000][41.132s][info ][safepoint     ] Application time: 0.1543613 seconds
[2023-12-02T15:32:50.084+0000][41.133s][info ][safepoint     ] Entering safepoint region: G1CollectForAllocation
[2023-12-02T15:32:50.085+0000][41.133s][info ][gc,start      ] GC(35) Pause Young (Normal) (G1 Evacuation Pause)
[2023-12-02T15:32:50.085+0000][41.133s][info ][gc,task       ] GC(35) Using 8 workers of 8 for evacuation
[2023-12-02T15:32:50.111+0000][41.159s][info ][gc,phases     ] GC(35)   Pre Evacuate Collection Set: 0.0ms
[2023-12-02T15:32:50.111+0000][41.159s][info ][gc,phases     ] GC(35)   Evacuate Collection Set: 22.8ms
[2023-12-02T15:32:50.112+0000][41.160s][info ][gc,phases     ] GC(35)   Post Evacuate Collection Set: 2.6ms
[2023-12-02T15:32:50.112+0000][41.160s][info ][gc,phases     ] GC(35)   Other: 0.6ms
[2023-12-02T15:32:50.112+0000][41.160s][info ][gc,heap       ] GC(35) Eden regions: 198->0(200)
[2023-12-02T15:32:50.113+0000][41.161s][info ][gc,heap       ] GC(35) Survivor regions: 19->17(28)
[2023-12-02T15:32:50.113+0000][41.161s][info ][gc,heap       ] GC(35) Old regions: 42->49
[2023-12-02T15:32:50.113+0000][41.161s][info ][gc,heap       ] GC(35) Humongous regions: 0->0
[2023-12-02T15:32:50.113+0000][41.161s][info ][gc,metaspace  ] GC(35) Metaspace: 83614K(85968K)->83614K(85968K) NonClass: 73279K(74708K)->73279K(74708K) Class: 10335K(11260K)->10335K(11260K)
[2023-12-02T15:32:50.113+0000][41.161s][info ][gc            ] GC(35) Pause Young (Normal) (G1 Evacuation Pause) 257M->64M(363M) 28.549ms
[2023-12-02T15:32:50.114+0000][41.162s][info ][gc,cpu        ] GC(35) User=0.17s Sys=0.01s Real=0.02s
[2023-12-02T15:32:50.114+0000][41.162s][info ][safepoint     ] Leaving safepoint region
[2023-12-02T15:32:50.114+0000][41.162s][info ][safepoint     ] Total time for which application threads were stopped: 0.0295548 seconds, Stopping threads took: 0.0002149 seconds
[2023-12-02T15:32:50.114+0000][41.162s][info ][gc,stringdedup] Concurrent String Deduplication (41.162s)
[2023-12-02T15:32:50.118+0000][41.166s][info ][gc,stringdedup] Concurrent String Deduplication 545.2K->121.7K(423.5K) avg 47.2% (41.162s, 41.166s) 4.079ms
[2023-12-02T15:32:50.259+0000][41.307s][debug][safepoint     ] Safepoint synchronization initiated. (23 threads)
[2023-12-02T15:32:50.266+0000][41.314s][info ][safepoint     ] Application time: 0.1520962 seconds
[2023-12-02T15:32:50.267+0000][41.315s][info ][safepoint     ] Entering safepoint region: Deoptimize
[2023-12-02T15:32:50.269+0000][41.317s][info ][safepoint     ] Leaving safepoint region
[2023-12-02T15:32:50.269+0000][41.317s][info ][safepoint     ] Total time for which application threads were stopped: 0.0027069 seconds, Stopping threads took: 0.0004085 seconds
[2023-12-02T15:32:50.530+0000][41.578s][debug][safepoint     ] Safepoint synchronization initiated. (23 threads)
[2023-12-02T15:32:50.531+0000][41.579s][info ][safepoint     ] Application time: 0.2613107 seconds
[2023-12-02T15:32:50.531+0000][41.579s][info ][safepoint     ] Entering safepoint region: ICBufferFull
[2023-12-02T15:32:50.532+0000][41.580s][info ][safepoint     ] Leaving safepoint region
[2023-12-02T15:32:50.532+0000][41.580s][info ][safepoint     ] Total time for which application threads were stopped: 0.0007927 seconds, Stopping threads took: 0.0002708 seconds
[2023-12-02T15:32:50.679+0000][41.727s][debug][safepoint     ] Safepoint synchronization initiated. (23 threads)
[2023-12-02T15:32:50.679+0000][41.727s][info ][safepoint     ] Application time: 0.1465496 seconds
[2023-12-02T15:32:50.679+0000][41.727s][info ][safepoint     ] Entering safepoint region: Deoptimize
[2023-12-02T15:32:50.681+0000][41.729s][info ][safepoint     ] Leaving safepoint region
[2023-12-02T15:32:50.681+0000][41.729s][info ][safepoint     ] Total time for which application threads were stopped: 0.0019588 seconds, Stopping threads took: 0.0002781 seconds
[2023-12-02T15:32:50.835+0000][41.883s][debug][safepoint     ] Safepoint synchronization initiated. (24 threads)
[2023-12-02T15:32:50.835+0000][41.884s][info ][safepoint     ] Application time: 0.1540242 seconds
[2023-12-02T15:32:50.836+0000][41.884s][info ][safepoint     ] Entering safepoint region: Deoptimize
[2023-12-02T15:32:50.837+0000][41.886s][info ][safepoint     ] Leaving safepoint region
[2023-12-02T15:32:50.838+0000][41.886s][info ][safepoint     ] Total time for which application threads were stopped: 0.0020053 seconds, Stopping threads took: 0.0001976 seconds
[2023-12-02T15:32:51.052+0000][42.100s][debug][safepoint     ] Safepoint synchronization initiated. (24 threads)
[2023-12-02T15:32:51.053+0000][42.101s][info ][safepoint     ] Application time: 0.2149627 seconds
[2023-12-02T15:32:51.053+0000][42.101s][debug][safepoint     ] Waiting for 1 thread(s) to block
[2023-12-02T15:32:51.054+0000][42.102s][info ][safepoint     ] Entering safepoint region: ICBufferFull
[2023-12-02T15:32:51.054+0000][42.102s][info ][safepoint     ] Leaving safepoint region
[2023-12-02T15:32:51.055+0000][42.103s][info ][safepoint     ] Total time for which application threads were stopped: 0.0012427 seconds, Stopping threads took: 0.0005780 seconds
[2023-12-02T15:32:51.126+0000][42.174s][debug][safepoint     ] Safepoint synchronization initiated. (24 threads)
[2023-12-02T15:32:51.127+0000][42.175s][info ][safepoint     ] Application time: 0.0719205 seconds
[2023-12-02T15:32:51.127+0000][42.175s][info ][safepoint     ] Entering safepoint region: Deoptimize
[2023-12-02T15:32:51.129+0000][42.177s][info ][safepoint     ] Leaving safepoint region
[2023-12-02T15:32:51.129+0000][42.177s][info ][safepoint     ] Total time for which application threads were stopped: 0.0021081 seconds, Stopping threads took: 0.0002418 seconds
[2023-12-02T15:32:51.655+0000][42.703s][debug][safepoint     ] Safepoint synchronization initiated. (26 threads)
[2023-12-02T15:32:51.656+0000][42.704s][info ][safepoint     ] Application time: 0.5262951 seconds
[2023-12-02T15:32:51.656+0000][42.704s][info ][safepoint     ] Entering safepoint region: Deoptimize
[2023-12-02T15:32:51.658+0000][42.706s][info ][safepoint     ] Leaving safepoint region
[2023-12-02T15:32:51.658+0000][42.706s][info ][safepoint     ] Total time for which application threads were stopped: 0.0024112 seconds, Stopping threads took: 0.0004213 seconds
[2023-12-02T15:32:51.671+0000][42.719s][debug][safepoint     ] Safepoint synchronization initiated. (26 threads)
[2023-12-02T15:32:51.671+0000][42.719s][info ][safepoint     ] Application time: 0.0126586 seconds
[2023-12-02T15:32:51.672+0000][42.720s][info ][safepoint     ] Entering safepoint region: Deoptimize
[2023-12-02T15:32:51.674+0000][42.722s][info ][safepoint     ] Leaving safepoint region
[2023-12-02T15:32:51.674+0000][42.722s][info ][safepoint     ] Total time for which application threads were stopped: 0.0023800 seconds, Stopping threads took: 0.0003041 seconds
[2023-12-02T15:32:51.675+0000][42.724s][debug][safepoint     ] Safepoint synchronization initiated. (26 threads)
[2023-12-02T15:32:51.676+0000][42.724s][info ][safepoint     ] Application time: 0.0018782 seconds
[2023-12-02T15:32:51.677+0000][42.725s][info ][safepoint     ] Entering safepoint region: G1CollectForAllocation
[2023-12-02T15:32:51.677+0000][42.725s][info ][gc,start      ] GC(36) Pause Young (Normal) (G1 Evacuation Pause)
[2023-12-02T15:32:51.677+0000][42.725s][info ][gc,task       ] GC(36) Using 8 workers of 8 for evacuation
[2023-12-02T15:32:51.707+0000][42.755s][info ][gc,phases     ] GC(36)   Pre Evacuate Collection Set: 0.0ms
[2023-12-02T15:32:51.707+0000][42.756s][info ][gc,phases     ] GC(36)   Evacuate Collection Set: 26.3ms
[2023-12-02T15:32:51.708+0000][42.756s][info ][gc,phases     ] GC(36)   Post Evacuate Collection Set: 2.8ms
[2023-12-02T15:32:51.708+0000][42.756s][info ][gc,phases     ] GC(36)   Other: 0.7ms
[2023-12-02T15:32:51.708+0000][42.757s][info ][gc,heap       ] GC(36) Eden regions: 200->0(201)
[2023-12-02T15:32:51.709+0000][42.757s][info ][gc,heap       ] GC(36) Survivor regions: 17->16(28)
[2023-12-02T15:32:51.709+0000][42.757s][info ][gc,heap       ] GC(36) Old regions: 49->55
[2023-12-02T15:32:51.709+0000][42.757s][info ][gc,heap       ] GC(36) Humongous regions: 0->0
[2023-12-02T15:32:51.710+0000][42.758s][info ][gc,metaspace  ] GC(36) Metaspace: 89539K(92368K)->89539K(92368K) NonClass: 78454K(80340K)->78454K(80340K) Class: 11084K(12028K)->11084K(12028K)
[2023-12-02T15:32:51.710+0000][42.758s][info ][gc            ] GC(36) Pause Young (Normal) (G1 Evacuation Pause) 264M->68M(363M) 33.104ms
[2023-12-02T15:32:51.711+0000][42.759s][info ][gc,cpu        ] GC(36) User=0.20s Sys=0.00s Real=0.03s
[2023-12-02T15:32:51.712+0000][42.760s][info ][safepoint     ] Leaving safepoint region
[2023-12-02T15:32:51.712+0000][42.760s][info ][safepoint     ] Total time for which application threads were stopped: 0.0356330 seconds, Stopping threads took: 0.0003735 seconds
[2023-12-02T15:32:51.713+0000][42.761s][info ][gc,stringdedup] Concurrent String Deduplication (42.761s)
[2023-12-02T15:32:51.719+0000][42.767s][info ][gc,stringdedup] Concurrent String Deduplication 458.6K->118.9K(339.7K) avg 48.3% (42.761s, 42.767s) 5.955ms
[2023-12-02T15:32:52.001+0000][43.049s][debug][safepoint     ] Safepoint synchronization initiated. (27 threads)
[2023-12-02T15:32:52.001+0000][43.049s][info ][safepoint     ] Application time: 0.2886150 seconds
[2023-12-02T15:32:52.002+0000][43.050s][info ][safepoint     ] Entering safepoint region: Deoptimize
[2023-12-02T15:32:52.004+0000][43.052s][info ][safepoint     ] Leaving safepoint region
[2023-12-02T15:32:52.004+0000][43.053s][info ][safepoint     ] Total time for which application threads were stopped: 0.0022124 seconds, Stopping threads took: 0.0002998 seconds
[2023-12-02T15:32:52.149+0000][43.197s][debug][safepoint     ] Safepoint synchronization initiated. (27 threads)
[2023-12-02T15:32:52.149+0000][43.197s][info ][safepoint     ] Application time: 0.1442812 seconds
[2023-12-02T15:32:52.149+0000][43.197s][info ][safepoint     ] Entering safepoint region: Deoptimize
[2023-12-02T15:32:52.151+0000][43.199s][info ][safepoint     ] Leaving safepoint region
[2023-12-02T15:32:52.151+0000][43.199s][info ][safepoint     ] Total time for which application threads were stopped: 0.0020858 seconds, Stopping threads took: 0.0002206 seconds
[2023-12-02T15:32:52.773+0000][43.821s][debug][safepoint     ] Safepoint synchronization initiated. (27 threads)
[2023-12-02T15:32:52.774+0000][43.822s][info ][safepoint     ] Application time: 0.6220072 seconds
[2023-12-02T15:32:52.774+0000][43.822s][info ][safepoint     ] Entering safepoint region: Deoptimize
[2023-12-02T15:32:52.777+0000][43.825s][info ][safepoint     ] Leaving safepoint region
[2023-12-02T15:32:52.778+0000][43.826s][info ][safepoint     ] Total time for which application threads were stopped: 0.0036887 seconds, Stopping threads took: 0.0002652 seconds
[2023-12-02T15:32:52.872+0000][43.920s][debug][safepoint     ] Safepoint synchronization initiated. (27 threads)
[2023-12-02T15:32:52.872+0000][43.920s][info ][safepoint     ] Application time: 0.0942954 seconds
[2023-12-02T15:32:52.873+0000][43.921s][info ][safepoint     ] Entering safepoint region: Deoptimize
[2023-12-02T15:32:52.874+0000][43.922s][info ][safepoint     ] Leaving safepoint region
[2023-12-02T15:32:52.875+0000][43.923s][info ][safepoint     ] Total time for which application threads were stopped: 0.0020864 seconds, Stopping threads took: 0.0002358 seconds
[2023-12-02T15:32:52.955+0000][44.003s][debug][safepoint     ] Safepoint synchronization initiated. (27 threads)
[2023-12-02T15:32:52.956+0000][44.004s][info ][safepoint     ] Application time: 0.0806192 seconds
[2023-12-02T15:32:52.956+0000][44.004s][info ][safepoint     ] Entering safepoint region: Deoptimize
[2023-12-02T15:32:52.957+0000][44.006s][info ][safepoint     ] Leaving safepoint region
[2023-12-02T15:32:52.958+0000][44.006s][info ][safepoint     ] Total time for which application threads were stopped: 0.0019450 seconds, Stopping threads took: 0.0001983 seconds
[2023-12-02T15:32:53.209+0000][44.258s][debug][safepoint     ] Safepoint synchronization initiated. (27 threads)
[2023-12-02T15:32:53.210+0000][44.258s][info ][safepoint     ] Application time: 0.2519074 seconds
[2023-12-02T15:32:53.210+0000][44.258s][info ][safepoint     ] Entering safepoint region: G1CollectForAllocation
[2023-12-02T15:32:53.211+0000][44.259s][info ][gc,start      ] GC(37) Pause Young (Normal) (G1 Evacuation Pause)
[2023-12-02T15:32:53.211+0000][44.259s][info ][gc,task       ] GC(37) Using 8 workers of 8 for evacuation
[2023-12-02T15:32:53.264+0000][44.312s][info ][gc,phases     ] GC(37)   Pre Evacuate Collection Set: 0.0ms
[2023-12-02T15:32:53.264+0000][44.312s][info ][gc,phases     ] GC(37)   Evacuate Collection Set: 47.9ms
[2023-12-02T15:32:53.265+0000][44.313s][info ][gc,phases     ] GC(37)   Post Evacuate Collection Set: 4.4ms
[2023-12-02T15:32:53.265+0000][44.313s][info ][gc,phases     ] GC(37)   Other: 0.7ms
[2023-12-02T15:32:53.265+0000][44.313s][info ][gc,heap       ] GC(37) Eden regions: 201->0(198)
[2023-12-02T15:32:53.265+0000][44.314s][info ][gc,heap       ] GC(37) Survivor regions: 16->19(28)
[2023-12-02T15:32:53.266+0000][44.314s][info ][gc,heap       ] GC(37) Old regions: 55->55
[2023-12-02T15:32:53.266+0000][44.314s][info ][gc,heap       ] GC(37) Humongous regions: 0->0
[2023-12-02T15:32:53.266+0000][44.314s][info ][gc,metaspace  ] GC(37) Metaspace: 95649K(98384K)->95649K(98384K) NonClass: 83793K(85460K)->83793K(85460K) Class: 11855K(12924K)->11855K(12924K)
[2023-12-02T15:32:53.266+0000][44.315s][info ][gc            ] GC(37) Pause Young (Normal) (G1 Evacuation Pause) 269M->72M(363M) 55.475ms
[2023-12-02T15:32:53.267+0000][44.315s][info ][gc,cpu        ] GC(37) User=0.43s Sys=0.00s Real=0.06s
[2023-12-02T15:32:53.267+0000][44.315s][info ][safepoint     ] Leaving safepoint region
[2023-12-02T15:32:53.267+0000][44.315s][info ][safepoint     ] Total time for which application threads were stopped: 0.0567841 seconds, Stopping threads took: 0.0002653 seconds
[2023-12-02T15:32:53.267+0000][44.315s][info ][gc,stringdedup] Concurrent String Deduplication (44.315s)
[2023-12-02T15:32:53.271+0000][44.319s][info ][gc,stringdedup] Concurrent String Deduplication 305.8K->94848.0B(213.2K) avg 48.8% (44.315s, 44.319s) 3.783ms
[2023-12-02T15:32:53.794+0000][44.846s][debug][safepoint     ] Safepoint synchronization initiated. (36 threads)
[2023-12-02T15:32:53.795+0000][44.846s][info ][safepoint     ] Application time: 0.5309151 seconds
[2023-12-02T15:32:53.796+0000][44.847s][info ][safepoint     ] Entering safepoint region: ICBufferFull
[2023-12-02T15:32:53.796+0000][44.847s][info ][safepoint     ] Leaving safepoint region
[2023-12-02T15:32:53.796+0000][44.848s][info ][safepoint     ] Total time for which application threads were stopped: 0.0009379 seconds, Stopping threads took: 0.0003203 seconds
[2023-12-02T15:32:54.020+0000][45.071s][debug][safepoint     ] Safepoint synchronization initiated. (37 threads)
[2023-12-02T15:32:54.021+0000][45.072s][info ][safepoint     ] Application time: 0.2238456 seconds
[2023-12-02T15:32:54.021+0000][45.072s][info ][safepoint     ] Entering safepoint region: Deoptimize
[2023-12-02T15:32:54.023+0000][45.074s][info ][safepoint     ] Leaving safepoint region
[2023-12-02T15:32:54.023+0000][45.075s][info ][safepoint     ] Total time for which application threads were stopped: 0.0024701 seconds, Stopping threads took: 0.0003072 seconds
[2023-12-02T15:32:54.166+0000][45.217s][debug][safepoint     ] Safepoint synchronization initiated. (37 threads)
[2023-12-02T15:32:54.166+0000][45.218s][info ][safepoint     ] Application time: 0.1426653 seconds
[2023-12-02T15:32:54.167+0000][45.218s][info ][safepoint     ] Entering safepoint region: Deoptimize
[2023-12-02T15:32:54.169+0000][45.220s][info ][safepoint     ] Leaving safepoint region
[2023-12-02T15:32:54.169+0000][45.220s][info ][safepoint     ] Total time for which application threads were stopped: 0.0024575 seconds, Stopping threads took: 0.0002731 seconds
[2023-12-02T15:32:54.623+0000][45.674s][debug][safepoint     ] Safepoint synchronization initiated. (37 threads)
[2023-12-02T15:32:54.623+0000][45.674s][info ][safepoint     ] Application time: 0.4534760 seconds
[2023-12-02T15:32:54.623+0000][45.674s][info ][safepoint     ] Entering safepoint region: G1CollectForAllocation
[2023-12-02T15:32:54.624+0000][45.675s][info ][gc,start      ] GC(38) Pause Young (Normal) (G1 Evacuation Pause)
[2023-12-02T15:32:54.624+0000][45.675s][info ][gc,task       ] GC(38) Using 8 workers of 8 for evacuation
[2023-12-02T15:32:54.645+0000][45.697s][info ][gc,phases     ] GC(38)   Pre Evacuate Collection Set: 0.0ms
[2023-12-02T15:32:54.646+0000][45.697s][info ][gc,phases     ] GC(38)   Evacuate Collection Set: 18.3ms
[2023-12-02T15:32:54.646+0000][45.697s][info ][gc,phases     ] GC(38)   Post Evacuate Collection Set: 2.7ms
[2023-12-02T15:32:54.646+0000][45.697s][info ][gc,phases     ] GC(38)   Other: 0.6ms
[2023-12-02T15:32:54.646+0000][45.698s][info ][gc,heap       ] GC(38) Eden regions: 198->0(198)
[2023-12-02T15:32:54.647+0000][45.698s][info ][gc,heap       ] GC(38) Survivor regions: 19->19(28)
[2023-12-02T15:32:54.647+0000][45.698s][info ][gc,heap       ] GC(38) Old regions: 55->60
[2023-12-02T15:32:54.647+0000][45.698s][info ][gc,heap       ] GC(38) Humongous regions: 0->0
[2023-12-02T15:32:54.647+0000][45.699s][info ][gc,metaspace  ] GC(38) Metaspace: 98200K(101072K)->98200K(101072K) NonClass: 86081K(87764K)->86081K(87764K) Class: 12118K(13308K)->12118K(13308K)
[2023-12-02T15:32:54.648+0000][45.699s][info ][gc            ] GC(38) Pause Young (Normal) (G1 Evacuation Pause) 270M->76M(363M) 24.050ms
[2023-12-02T15:32:54.648+0000][45.699s][info ][gc,cpu        ] GC(38) User=0.13s Sys=0.03s Real=0.02s
[2023-12-02T15:32:54.648+0000][45.700s][info ][safepoint     ] Leaving safepoint region
[2023-12-02T15:32:54.649+0000][45.700s][info ][safepoint     ] Total time for which application threads were stopped: 0.0254556 seconds, Stopping threads took: 0.0003716 seconds
[2023-12-02T15:32:54.649+0000][45.700s][info ][gc,stringdedup] Concurrent String Deduplication (45.700s)
[2023-12-02T15:32:54.654+0000][45.705s][info ][gc,stringdedup] Concurrent String Deduplication 382.4K->134.1K(248.3K) avg 49.4% (45.700s, 45.705s) 5.035ms
[2023-12-02T15:32:54.758+0000][45.809s][debug][safepoint     ] Safepoint synchronization initiated. (37 threads)
[2023-12-02T15:32:54.758+0000][45.809s][info ][safepoint     ] Application time: 0.1093268 seconds
[2023-12-02T15:32:54.758+0000][45.809s][info ][safepoint     ] Entering safepoint region: CollectForMetadataAllocation
[2023-12-02T15:32:54.759+0000][45.810s][info ][gc,start      ] GC(39) Pause Young (Concurrent Start) (Metadata GC Threshold)
[2023-12-02T15:32:54.759+0000][45.810s][info ][gc,task       ] GC(39) Using 8 workers of 8 for evacuation
[2023-12-02T15:32:54.779+0000][45.830s][info ][gc,phases     ] GC(39)   Pre Evacuate Collection Set: 0.3ms
[2023-12-02T15:32:54.780+0000][45.831s][info ][gc,phases     ] GC(39)   Evacuate Collection Set: 17.1ms
[2023-12-02T15:32:54.780+0000][45.831s][info ][gc,phases     ] GC(39)   Post Evacuate Collection Set: 2.4ms
[2023-12-02T15:32:54.780+0000][45.831s][info ][gc,phases     ] GC(39)   Other: 0.8ms
[2023-12-02T15:32:54.780+0000][45.831s][info ][gc,heap       ] GC(39) Eden regions: 19->0(202)
[2023-12-02T15:32:54.781+0000][45.832s][info ][gc,heap       ] GC(39) Survivor regions: 19->15(28)
[2023-12-02T15:32:54.781+0000][45.832s][info ][gc,heap       ] GC(39) Old regions: 60->64
[2023-12-02T15:32:54.781+0000][45.832s][info ][gc,heap       ] GC(39) Humongous regions: 0->0
[2023-12-02T15:32:54.781+0000][45.832s][info ][gc,metaspace  ] GC(39) Metaspace: 98334K(101256K)->98334K(101256K) NonClass: 86206K(87948K)->86206K(87948K) Class: 12128K(13308K)->12128K(13308K)
[2023-12-02T15:32:54.782+0000][45.833s][info ][gc            ] GC(39) Pause Young (Concurrent Start) (Metadata GC Threshold) 95M->77M(363M) 22.797ms
[2023-12-02T15:32:54.782+0000][45.833s][info ][gc,cpu        ] GC(39) User=0.14s Sys=0.00s Real=0.03s
[2023-12-02T15:32:54.782+0000][45.833s][info ][gc            ] GC(40) Concurrent Cycle
[2023-12-02T15:32:54.782+0000][45.833s][info ][gc,marking    ] GC(40) Concurrent Clear Claimed Marks
[2023-12-02T15:32:54.782+0000][45.833s][info ][safepoint     ] Leaving safepoint region
[2023-12-02T15:32:54.783+0000][45.834s][info ][safepoint     ] Total time for which application threads were stopped: 0.0242496 seconds, Stopping threads took: 0.0001834 seconds
[2023-12-02T15:32:54.783+0000][45.834s][info ][gc,marking    ] GC(40) Concurrent Clear Claimed Marks 0.546ms
[2023-12-02T15:32:54.783+0000][45.834s][info ][gc,stringdedup] Concurrent String Deduplication (45.834s)
[2023-12-02T15:32:54.783+0000][45.834s][info ][gc,marking    ] GC(40) Concurrent Scan Root Regions
[2023-12-02T15:32:54.791+0000][45.842s][info ][gc,stringdedup] Concurrent String Deduplication 606.4K->432.0K(174.4K) avg 48.4% (45.834s, 45.842s) 8.358ms
[2023-12-02T15:32:54.793+0000][45.844s][info ][gc,marking    ] GC(40) Concurrent Scan Root Regions 10.285ms
[2023-12-02T15:32:54.794+0000][45.845s][info ][gc,marking    ] GC(40) Concurrent Mark (45.845s)
[2023-12-02T15:32:54.794+0000][45.845s][info ][gc,marking    ] GC(40) Concurrent Mark From Roots
[2023-12-02T15:32:54.794+0000][45.845s][info ][gc,task       ] GC(40) Using 2 workers of 2 for marking
[2023-12-02T15:32:54.844+0000][45.895s][debug][safepoint     ] Safepoint synchronization initiated. (37 threads)
[2023-12-02T15:32:54.844+0000][45.895s][info ][safepoint     ] Application time: 0.0615162 seconds
[2023-12-02T15:32:54.845+0000][45.896s][info ][safepoint     ] Entering safepoint region: CollectForMetadataAllocation
[2023-12-02T15:32:54.845+0000][45.896s][info ][safepoint     ] Leaving safepoint region
[2023-12-02T15:32:54.846+0000][45.897s][info ][safepoint     ] Total time for which application threads were stopped: 0.0008462 seconds, Stopping threads took: 0.0002546 seconds
[2023-12-02T15:32:54.881+0000][45.932s][info ][gc,marking    ] GC(40) Concurrent Mark From Roots 86.962ms
[2023-12-02T15:32:54.881+0000][45.932s][info ][gc,marking    ] GC(40) Concurrent Preclean
[2023-12-02T15:32:54.882+0000][45.933s][info ][gc,marking    ] GC(40) Concurrent Preclean 0.306ms
[2023-12-02T15:32:54.882+0000][45.933s][info ][gc,marking    ] GC(40) Concurrent Mark (45.845s, 45.933s) 88.212ms
[2023-12-02T15:32:54.882+0000][45.933s][debug][safepoint     ] Safepoint synchronization initiated. (37 threads)
[2023-12-02T15:32:54.882+0000][45.933s][info ][safepoint     ] Application time: 0.0365176 seconds
[2023-12-02T15:32:54.883+0000][45.934s][debug][safepoint     ] Waiting for 1 thread(s) to block
[2023-12-02T15:32:54.883+0000][45.934s][info ][safepoint     ] Entering safepoint region: CGC_Operation
[2023-12-02T15:32:54.883+0000][45.934s][info ][gc,start      ] GC(40) Pause Remark
[2023-12-02T15:32:54.904+0000][45.956s][info ][gc,stringtable] GC(40) Cleaned string and symbol table, strings: 48608 processed, 69 removed, symbols: 277333 processed, 323 removed
[2023-12-02T15:32:54.905+0000][45.956s][info ][gc            ] GC(40) Pause Remark 100M->100M(363M) 21.800ms
[2023-12-02T15:32:54.905+0000][45.957s][info ][gc,cpu        ] GC(40) User=0.15s Sys=0.00s Real=0.02s
[2023-12-02T15:32:54.906+0000][45.957s][info ][safepoint     ] Leaving safepoint region
[2023-12-02T15:32:54.906+0000][45.957s][info ][safepoint     ] Total time for which application threads were stopped: 0.0234906 seconds, Stopping threads took: 0.0005676 seconds
[2023-12-02T15:32:54.906+0000][45.957s][info ][gc,marking    ] GC(40) Concurrent Rebuild Remembered Sets
[2023-12-02T15:32:54.969+0000][46.020s][info ][gc,marking    ] GC(40) Concurrent Rebuild Remembered Sets 62.740ms
[2023-12-02T15:32:54.970+0000][46.021s][debug][safepoint     ] Safepoint synchronization initiated. (37 threads)
[2023-12-02T15:32:54.970+0000][46.021s][info ][safepoint     ] Application time: 0.0638036 seconds
[2023-12-02T15:32:54.970+0000][46.022s][debug][safepoint     ] Waiting for 1 thread(s) to block
[2023-12-02T15:32:54.972+0000][46.023s][info ][safepoint     ] Entering safepoint region: CGC_Operation
[2023-12-02T15:32:54.972+0000][46.023s][info ][gc,start      ] GC(40) Pause Cleanup
[2023-12-02T15:32:54.973+0000][46.024s][info ][gc            ] GC(40) Pause Cleanup 106M->106M(363M) 0.652ms
[2023-12-02T15:32:54.973+0000][46.024s][info ][gc,cpu        ] GC(40) User=0.00s Sys=0.00s Real=0.00s
[2023-12-02T15:32:54.974+0000][46.025s][info ][safepoint     ] Leaving safepoint region
[2023-12-02T15:32:54.974+0000][46.025s][info ][safepoint     ] Total time for which application threads were stopped: 0.0034679 seconds, Stopping threads took: 0.0016106 seconds
[2023-12-02T15:32:54.974+0000][46.025s][info ][gc,marking    ] GC(40) Concurrent Cleanup for Next Mark
[2023-12-02T15:32:54.979+0000][46.030s][debug][safepoint     ] Safepoint synchronization initiated. (37 threads)
[2023-12-02T15:32:54.979+0000][46.030s][info ][safepoint     ] Application time: 0.0048748 seconds
[2023-12-02T15:32:54.979+0000][46.031s][info ][safepoint     ] Entering safepoint region: Deoptimize
[2023-12-02T15:32:54.982+0000][46.033s][info ][safepoint     ] Leaving safepoint region
[2023-12-02T15:32:54.983+0000][46.034s][info ][safepoint     ] Total time for which application threads were stopped: 0.0034898 seconds, Stopping threads took: 0.0004094 seconds
[2023-12-02T15:32:54.985+0000][46.037s][info ][gc,marking    ] GC(40) Concurrent Cleanup for Next Mark 11.267ms
[2023-12-02T15:32:54.986+0000][46.037s][info ][gc            ] GC(40) Concurrent Cycle 203.782ms
[2023-12-02T15:32:55.347+0000][46.398s][debug][safepoint     ] Safepoint synchronization initiated. (40 threads)
[2023-12-02T15:32:55.347+0000][46.398s][info ][safepoint     ] Application time: 0.3638051 seconds
[2023-12-02T15:32:55.347+0000][46.398s][info ][safepoint     ] Entering safepoint region: Deoptimize
[2023-12-02T15:32:55.349+0000][46.400s][info ][safepoint     ] Leaving safepoint region
[2023-12-02T15:32:55.350+0000][46.401s][info ][safepoint     ] Total time for which application threads were stopped: 0.0024566 seconds, Stopping threads took: 0.0002284 seconds
[2023-12-02T15:32:55.853+0000][46.904s][debug][safepoint     ] Safepoint synchronization initiated. (40 threads)
[2023-12-02T15:32:55.854+0000][46.905s][info ][safepoint     ] Application time: 0.5037037 seconds
[2023-12-02T15:32:55.854+0000][46.905s][info ][safepoint     ] Entering safepoint region: G1CollectForAllocation
[2023-12-02T15:32:55.854+0000][46.905s][info ][gc,start      ] GC(41) Pause Young (Concurrent Start) (G1 Evacuation Pause)
[2023-12-02T15:32:55.855+0000][46.906s][info ][gc,task       ] GC(41) Using 8 workers of 8 for evacuation
[2023-12-02T15:32:55.900+0000][46.951s][info ][gc,phases     ] GC(41)   Pre Evacuate Collection Set: 0.4ms
[2023-12-02T15:32:55.901+0000][46.952s][info ][gc,phases     ] GC(41)   Evacuate Collection Set: 40.7ms
[2023-12-02T15:32:55.901+0000][46.952s][info ][gc,phases     ] GC(41)   Post Evacuate Collection Set: 4.0ms
[2023-12-02T15:32:55.902+0000][46.953s][info ][gc,phases     ] GC(41)   Other: 0.8ms
[2023-12-02T15:32:55.902+0000][46.953s][info ][gc,heap       ] GC(41) Eden regions: 202->0(198)
[2023-12-02T15:32:55.902+0000][46.953s][info ][gc,heap       ] GC(41) Survivor regions: 15->19(28)
[2023-12-02T15:32:55.902+0000][46.954s][info ][gc,heap       ] GC(41) Old regions: 64->64
[2023-12-02T15:32:55.903+0000][46.954s][info ][gc,heap       ] GC(41) Humongous regions: 1->0
[2023-12-02T15:32:55.903+0000][46.954s][info ][gc,metaspace  ] GC(41) Metaspace: 103003K(106248K)->103003K(106248K) NonClass: 90460K(92556K)->90460K(92556K) Class: 12543K(13692K)->12543K(13692K)
[2023-12-02T15:32:55.903+0000][46.954s][info ][gc            ] GC(41) Pause Young (Concurrent Start) (G1 Evacuation Pause) 280M->81M(363M) 48.754ms
[2023-12-02T15:32:55.903+0000][46.954s][info ][gc,cpu        ] GC(41) User=0.34s Sys=0.00s Real=0.05s
[2023-12-02T15:32:55.903+0000][46.955s][info ][gc            ] GC(42) Concurrent Cycle
[2023-12-02T15:32:55.903+0000][46.955s][info ][safepoint     ] Leaving safepoint region
[2023-12-02T15:32:55.904+0000][46.955s][info ][safepoint     ] Total time for which application threads were stopped: 0.0502287 seconds, Stopping threads took: 0.0002161 seconds
[2023-12-02T15:32:55.904+0000][46.955s][info ][gc,marking    ] GC(42) Concurrent Clear Claimed Marks
[2023-12-02T15:32:55.904+0000][46.955s][info ][gc,stringdedup] Concurrent String Deduplication (46.955s)
[2023-12-02T15:32:55.905+0000][46.956s][info ][gc,marking    ] GC(42) Concurrent Clear Claimed Marks 1.123ms
[2023-12-02T15:32:55.905+0000][46.956s][info ][gc,marking    ] GC(42) Concurrent Scan Root Regions
[2023-12-02T15:32:55.909+0000][46.960s][info ][gc,stringdedup] Concurrent String Deduplication 383.5K->113.5K(269.9K) avg 49.0% (46.955s, 46.960s) 4.948ms
[2023-12-02T15:32:55.916+0000][46.967s][info ][gc,marking    ] GC(42) Concurrent Scan Root Regions 10.274ms
[2023-12-02T15:32:55.916+0000][46.967s][info ][gc,marking    ] GC(42) Concurrent Mark (46.967s)
[2023-12-02T15:32:55.916+0000][46.967s][info ][gc,marking    ] GC(42) Concurrent Mark From Roots
[2023-12-02T15:32:55.916+0000][46.967s][info ][gc,task       ] GC(42) Using 2 workers of 2 for marking
[2023-12-02T15:32:56.004+0000][47.055s][info ][gc,marking    ] GC(42) Concurrent Mark From Roots 87.971ms
[2023-12-02T15:32:56.004+0000][47.056s][info ][gc,marking    ] GC(42) Concurrent Preclean
[2023-12-02T15:32:56.005+0000][47.056s][info ][gc,marking    ] GC(42) Concurrent Preclean 0.340ms
[2023-12-02T15:32:56.005+0000][47.056s][info ][gc,marking    ] GC(42) Concurrent Mark (46.967s, 47.056s) 89.130ms
[2023-12-02T15:32:56.005+0000][47.056s][debug][safepoint     ] Safepoint synchronization initiated. (40 threads)
[2023-12-02T15:32:56.006+0000][47.057s][info ][safepoint     ] Application time: 0.1013199 seconds
[2023-12-02T15:32:56.006+0000][47.057s][debug][safepoint     ] Waiting for 1 thread(s) to block
[2023-12-02T15:32:56.006+0000][47.057s][info ][safepoint     ] Entering safepoint region: CGC_Operation
[2023-12-02T15:32:56.006+0000][47.058s][info ][gc,start      ] GC(42) Pause Remark
[2023-12-02T15:32:56.018+0000][47.069s][info ][gc,stringtable] GC(42) Cleaned string and symbol table, strings: 50390 processed, 13 removed, symbols: 293531 processed, 24 removed
[2023-12-02T15:32:56.019+0000][47.070s][info ][gc            ] GC(42) Pause Remark 107M->107M(363M) 12.133ms
[2023-12-02T15:32:56.019+0000][47.070s][info ][gc,cpu        ] GC(42) User=0.09s Sys=0.00s Real=0.01s
[2023-12-02T15:32:56.019+0000][47.070s][info ][safepoint     ] Leaving safepoint region
[2023-12-02T15:32:56.019+0000][47.071s][info ][safepoint     ] Total time for which application threads were stopped: 0.0137565 seconds, Stopping threads took: 0.0005494 seconds
[2023-12-02T15:32:56.020+0000][47.071s][info ][gc,marking    ] GC(42) Concurrent Rebuild Remembered Sets
[2023-12-02T15:32:56.077+0000][47.128s][info ][gc,marking    ] GC(42) Concurrent Rebuild Remembered Sets 56.901ms
[2023-12-02T15:32:56.077+0000][47.128s][debug][safepoint     ] Safepoint synchronization initiated. (41 threads)
[2023-12-02T15:32:56.077+0000][47.128s][info ][safepoint     ] Application time: 0.0576801 seconds
[2023-12-02T15:32:56.078+0000][47.129s][debug][safepoint     ] Waiting for 1 thread(s) to block
[2023-12-02T15:32:56.078+0000][47.129s][info ][safepoint     ] Entering safepoint region: CGC_Operation
[2023-12-02T15:32:56.078+0000][47.129s][info ][gc,start      ] GC(42) Pause Cleanup
[2023-12-02T15:32:56.079+0000][47.130s][info ][gc            ] GC(42) Pause Cleanup 114M->114M(363M) 0.469ms
[2023-12-02T15:32:56.079+0000][47.130s][info ][gc,cpu        ] GC(42) User=0.00s Sys=0.00s Real=0.00s
[2023-12-02T15:32:56.079+0000][47.130s][info ][safepoint     ] Leaving safepoint region
[2023-12-02T15:32:56.080+0000][47.131s][info ][safepoint     ] Total time for which application threads were stopped: 0.0019200 seconds, Stopping threads took: 0.0004640 seconds
[2023-12-02T15:32:56.080+0000][47.131s][info ][gc,marking    ] GC(42) Concurrent Cleanup for Next Mark
[2023-12-02T15:32:56.081+0000][47.132s][info ][gc,marking    ] GC(42) Concurrent Cleanup for Next Mark 1.240ms
[2023-12-02T15:32:56.081+0000][47.132s][info ][gc            ] GC(42) Concurrent Cycle 177.889ms
[2023-12-02T15:32:56.784+0000][47.835s][debug][safepoint     ] Safepoint synchronization initiated. (40 threads)
[2023-12-02T15:32:56.786+0000][47.837s][info ][safepoint     ] Application time: 0.7058947 seconds
[2023-12-02T15:32:56.787+0000][47.838s][info ][safepoint     ] Entering safepoint region: ICBufferFull
[2023-12-02T15:32:56.788+0000][47.839s][info ][safepoint     ] Leaving safepoint region
[2023-12-02T15:32:56.788+0000][47.839s][info ][safepoint     ] Total time for which application threads were stopped: 0.0014517 seconds, Stopping threads took: 0.0007499 seconds
[2023-12-02T15:32:57.049+0000][48.100s][debug][safepoint     ] Safepoint synchronization initiated. (41 threads)
[2023-12-02T15:32:57.050+0000][48.101s][info ][safepoint     ] Application time: 0.2615482 seconds
[2023-12-02T15:32:57.050+0000][48.101s][info ][safepoint     ] Entering safepoint region: Deoptimize
[2023-12-02T15:32:57.052+0000][48.103s][info ][safepoint     ] Leaving safepoint region
[2023-12-02T15:32:57.052+0000][48.103s][info ][safepoint     ] Total time for which application threads were stopped: 0.0023138 seconds, Stopping threads took: 0.0002912 seconds
[2023-12-02T15:32:57.074+0000][48.126s][debug][safepoint     ] Safepoint synchronization initiated. (41 threads)
[2023-12-02T15:32:57.075+0000][48.126s][info ][safepoint     ] Application time: 0.0222912 seconds
[2023-12-02T15:32:57.075+0000][48.126s][info ][safepoint     ] Entering safepoint region: G1CollectForAllocation
[2023-12-02T15:32:57.075+0000][48.127s][info ][gc,start      ] GC(43) Pause Young (Normal) (G1 Evacuation Pause)
[2023-12-02T15:32:57.076+0000][48.127s][info ][gc,task       ] GC(43) Using 8 workers of 8 for evacuation
[2023-12-02T15:32:57.107+0000][48.158s][info ][gc,phases     ] GC(43)   Pre Evacuate Collection Set: 0.0ms
[2023-12-02T15:32:57.107+0000][48.159s][info ][gc,phases     ] GC(43)   Evacuate Collection Set: 27.1ms
[2023-12-02T15:32:57.108+0000][48.159s][info ][gc,phases     ] GC(43)   Post Evacuate Collection Set: 3.8ms
[2023-12-02T15:32:57.108+0000][48.159s][info ][gc,phases     ] GC(43)   Other: 0.6ms
[2023-12-02T15:32:57.108+0000][48.160s][info ][gc,heap       ] GC(43) Eden regions: 198->0(198)
[2023-12-02T15:32:57.109+0000][48.160s][info ][gc,heap       ] GC(43) Survivor regions: 19->19(28)
[2023-12-02T15:32:57.109+0000][48.160s][info ][gc,heap       ] GC(43) Old regions: 64->69
[2023-12-02T15:32:57.109+0000][48.161s][info ][gc,heap       ] GC(43) Humongous regions: 0->0
[2023-12-02T15:32:57.110+0000][48.161s][info ][gc,metaspace  ] GC(43) Metaspace: 104611K(107656K)->104611K(107656K) NonClass: 91915K(93836K)->91915K(93836K) Class: 12695K(13820K)->12695K(13820K)
[2023-12-02T15:32:57.110+0000][48.161s][info ][gc            ] GC(43) Pause Young (Normal) (G1 Evacuation Pause) 279M->85M(363M) 34.631ms
[2023-12-02T15:32:57.110+0000][48.161s][info ][gc,cpu        ] GC(43) User=0.23s Sys=0.00s Real=0.03s
[2023-12-02T15:32:57.111+0000][48.162s][info ][safepoint     ] Leaving safepoint region
[2023-12-02T15:32:57.111+0000][48.162s][info ][safepoint     ] Total time for which application threads were stopped: 0.0358559 seconds, Stopping threads took: 0.0001902 seconds
[2023-12-02T15:32:57.111+0000][48.162s][info ][gc,stringdedup] Concurrent String Deduplication (48.162s)
[2023-12-02T15:32:57.114+0000][48.165s][info ][gc,stringdedup] Concurrent String Deduplication 73008.0B->15816.0B(57192.0B) avg 49.2% (48.162s, 48.165s) 2.792ms
[2023-12-02T15:32:57.167+0000][48.218s][debug][safepoint     ] Safepoint synchronization initiated. (41 threads)
[2023-12-02T15:32:57.167+0000][48.218s][info ][safepoint     ] Application time: 0.0557768 seconds
[2023-12-02T15:32:57.167+0000][48.218s][info ][safepoint     ] Entering safepoint region: Deoptimize
[2023-12-02T15:32:57.169+0000][48.221s][info ][safepoint     ] Leaving safepoint region
[2023-12-02T15:32:57.170+0000][48.221s][info ][safepoint     ] Total time for which application threads were stopped: 0.0025998 seconds, Stopping threads took: 0.0003803 seconds
[2023-12-02T15:32:57.894+0000][48.945s][debug][safepoint     ] Safepoint synchronization initiated. (43 threads)
[2023-12-02T15:32:57.894+0000][48.945s][info ][safepoint     ] Application time: 0.7241002 seconds
[2023-12-02T15:32:57.895+0000][48.946s][info ][safepoint     ] Entering safepoint region: ICBufferFull
[2023-12-02T15:32:57.895+0000][48.946s][info ][safepoint     ] Leaving safepoint region
[2023-12-02T15:32:57.895+0000][48.946s][info ][safepoint     ] Total time for which application threads were stopped: 0.0008025 seconds, Stopping threads took: 0.0002768 seconds
[2023-12-02T15:32:57.920+0000][48.971s][debug][safepoint     ] Safepoint synchronization initiated. (44 threads)
[2023-12-02T15:32:57.920+0000][48.971s][info ][safepoint     ] Application time: 0.0245386 seconds
[2023-12-02T15:32:57.920+0000][48.971s][info ][safepoint     ] Entering safepoint region: Deoptimize
[2023-12-02T15:32:57.922+0000][48.973s][info ][safepoint     ] Leaving safepoint region
[2023-12-02T15:32:57.922+0000][48.974s][info ][safepoint     ] Total time for which application threads were stopped: 0.0021201 seconds, Stopping threads took: 0.0001924 seconds
[2023-12-02T15:32:58.272+0000][49.323s][debug][safepoint     ] Safepoint synchronization initiated. (43 threads)
[2023-12-02T15:32:58.272+0000][49.323s][info ][safepoint     ] Application time: 0.3496477 seconds
[2023-12-02T15:32:58.273+0000][49.324s][info ][safepoint     ] Entering safepoint region: ICBufferFull
[2023-12-02T15:32:58.273+0000][49.324s][info ][safepoint     ] Leaving safepoint region
[2023-12-02T15:32:58.273+0000][49.324s][info ][safepoint     ] Total time for which application threads were stopped: 0.0006233 seconds, Stopping threads took: 0.0002019 seconds
[2023-12-02T15:32:58.647+0000][49.698s][debug][safepoint     ] Safepoint synchronization initiated. (43 threads)
[2023-12-02T15:32:58.647+0000][49.698s][info ][safepoint     ] Application time: 0.3739079 seconds
[2023-12-02T15:32:58.648+0000][49.699s][debug][safepoint     ] Waiting for 1 thread(s) to block
[2023-12-02T15:32:58.648+0000][49.699s][info ][safepoint     ] Entering safepoint region: G1CollectForAllocation
[2023-12-02T15:32:58.649+0000][49.700s][info ][gc,start      ] GC(44) Pause Young (Normal) (G1 Evacuation Pause)
[2023-12-02T15:32:58.649+0000][49.700s][info ][gc,task       ] GC(44) Using 8 workers of 8 for evacuation
[2023-12-02T15:32:58.675+0000][49.726s][info ][gc,phases     ] GC(44)   Pre Evacuate Collection Set: 0.0ms
[2023-12-02T15:32:58.675+0000][49.726s][info ][gc,phases     ] GC(44)   Evacuate Collection Set: 22.5ms
[2023-12-02T15:32:58.675+0000][49.727s][info ][gc,phases     ] GC(44)   Post Evacuate Collection Set: 3.1ms
[2023-12-02T15:32:58.676+0000][49.727s][info ][gc,phases     ] GC(44)   Other: 0.7ms
[2023-12-02T15:32:58.676+0000][49.727s][info ][gc,heap       ] GC(44) Eden regions: 198->0(197)
[2023-12-02T15:32:58.676+0000][49.727s][info ][gc,heap       ] GC(44) Survivor regions: 19->20(28)
[2023-12-02T15:32:58.677+0000][49.728s][info ][gc,heap       ] GC(44) Old regions: 69->73
[2023-12-02T15:32:58.677+0000][49.728s][info ][gc,heap       ] GC(44) Humongous regions: 0->0
[2023-12-02T15:32:58.677+0000][49.728s][info ][gc,metaspace  ] GC(44) Metaspace: 109853K(113032K)->109853K(113032K) NonClass: 96641K(98700K)->96641K(98700K) Class: 13212K(14332K)->13212K(14332K)
[2023-12-02T15:32:58.677+0000][49.728s][info ][gc            ] GC(44) Pause Young (Normal) (G1 Evacuation Pause) 283M->90M(363M) 28.579ms
[2023-12-02T15:32:58.677+0000][49.728s][info ][gc,cpu        ] GC(44) User=0.19s Sys=0.01s Real=0.03s
[2023-12-02T15:32:58.678+0000][49.729s][info ][safepoint     ] Leaving safepoint region
[2023-12-02T15:32:58.678+0000][49.729s][info ][safepoint     ] Total time for which application threads were stopped: 0.0302223 seconds, Stopping threads took: 0.0006819 seconds
[2023-12-02T15:32:58.678+0000][49.729s][info ][gc,stringdedup] Concurrent String Deduplication (49.729s)
[2023-12-02T15:32:58.687+0000][49.739s][info ][gc,stringdedup] Concurrent String Deduplication 507.5K->380.1K(127.4K) avg 48.3% (49.729s, 49.739s) 9.187ms
[2023-12-02T15:32:59.341+0000][50.392s][debug][safepoint     ] Safepoint synchronization initiated. (45 threads)
[2023-12-02T15:32:59.341+0000][50.392s][info ][safepoint     ] Application time: 0.6627390 seconds
[2023-12-02T15:32:59.341+0000][50.392s][info ][safepoint     ] Entering safepoint region: Deoptimize
[2023-12-02T15:32:59.343+0000][50.394s][info ][safepoint     ] Leaving safepoint region
[2023-12-02T15:32:59.343+0000][50.394s][info ][safepoint     ] Total time for which application threads were stopped: 0.0021590 seconds, Stopping threads took: 0.0002311 seconds
[2023-12-02T15:32:59.444+0000][50.495s][debug][safepoint     ] Safepoint synchronization initiated. (45 threads)
[2023-12-02T15:32:59.444+0000][50.495s][info ][safepoint     ] Application time: 0.1005447 seconds
[2023-12-02T15:32:59.444+0000][50.496s][info ][safepoint     ] Entering safepoint region: Deoptimize
[2023-12-02T15:32:59.446+0000][50.497s][info ][safepoint     ] Leaving safepoint region
[2023-12-02T15:32:59.447+0000][50.498s][info ][safepoint     ] Total time for which application threads were stopped: 0.0021567 seconds, Stopping threads took: 0.0002491 seconds
[2023-12-02T15:32:59.491+0000][50.542s][debug][safepoint     ] Safepoint synchronization initiated. (45 threads)
[2023-12-02T15:32:59.491+0000][50.543s][info ][safepoint     ] Application time: 0.0445854 seconds
[2023-12-02T15:32:59.492+0000][50.543s][info ][safepoint     ] Entering safepoint region: Deoptimize
[2023-12-02T15:32:59.495+0000][50.546s][info ][safepoint     ] Leaving safepoint region
[2023-12-02T15:32:59.496+0000][50.547s][info ][safepoint     ] Total time for which application threads were stopped: 0.0037390 seconds, Stopping threads took: 0.0007390 seconds
[2023-12-02T15:32:59.557+0000][50.608s][debug][safepoint     ] Safepoint synchronization initiated. (45 threads)
[2023-12-02T15:32:59.557+0000][50.608s][info ][safepoint     ] Application time: 0.0614267 seconds
[2023-12-02T15:32:59.558+0000][50.609s][info ][safepoint     ] Entering safepoint region: Deoptimize
[2023-12-02T15:32:59.563+0000][50.614s][info ][safepoint     ] Leaving safepoint region
[2023-12-02T15:32:59.564+0000][50.615s][info ][safepoint     ] Total time for which application threads were stopped: 0.0067323 seconds, Stopping threads took: 0.0029347 seconds
[2023-12-02T15:32:59.789+0000][50.840s][debug][safepoint     ] Safepoint synchronization initiated. (45 threads)
[2023-12-02T15:32:59.790+0000][50.841s][info ][safepoint     ] Application time: 0.2213205 seconds
[2023-12-02T15:32:59.790+0000][50.841s][info ][safepoint     ] Entering safepoint region: Deoptimize
[2023-12-02T15:32:59.792+0000][50.843s][info ][safepoint     ] Leaving safepoint region
[2023-12-02T15:32:59.792+0000][50.843s][info ][safepoint     ] Total time for which application threads were stopped: 0.0024993 seconds, Stopping threads took: 0.0002827 seconds
[2023-12-02T15:32:59.795+0000][50.846s][debug][safepoint     ] Safepoint synchronization initiated. (45 threads)
[2023-12-02T15:32:59.795+0000][50.846s][info ][safepoint     ] Application time: 0.0022375 seconds
[2023-12-02T15:32:59.795+0000][50.846s][debug][safepoint     ] Waiting for 1 thread(s) to block
[2023-12-02T15:32:59.795+0000][50.846s][info ][safepoint     ] Entering safepoint region: Deoptimize
[2023-12-02T15:32:59.797+0000][50.848s][info ][safepoint     ] Leaving safepoint region
[2023-12-02T15:32:59.797+0000][50.848s][info ][safepoint     ] Total time for which application threads were stopped: 0.0022626 seconds, Stopping threads took: 0.0004946 seconds
[2023-12-02T15:32:59.986+0000][51.037s][debug][safepoint     ] Safepoint synchronization initiated. (45 threads)
[2023-12-02T15:32:59.986+0000][51.037s][info ][safepoint     ] Application time: 0.1888059 seconds
[2023-12-02T15:32:59.987+0000][51.038s][info ][safepoint     ] Entering safepoint region: ICBufferFull
[2023-12-02T15:32:59.987+0000][51.038s][info ][safepoint     ] Leaving safepoint region
[2023-12-02T15:32:59.987+0000][51.039s][info ][safepoint     ] Total time for which application threads were stopped: 0.0008686 seconds, Stopping threads took: 0.0002161 seconds
[2023-12-02T15:33:00.280+0000][51.331s][debug][safepoint     ] Safepoint synchronization initiated. (45 threads)
[2023-12-02T15:33:00.281+0000][51.332s][info ][safepoint     ] Application time: 0.2930086 seconds
[2023-12-02T15:33:00.281+0000][51.332s][info ][safepoint     ] Entering safepoint region: G1CollectForAllocation
[2023-12-02T15:33:00.282+0000][51.333s][info ][gc,start      ] GC(45) Pause Young (Normal) (G1 Evacuation Pause)
[2023-12-02T15:33:00.282+0000][51.333s][info ][gc,task       ] GC(45) Using 8 workers of 8 for evacuation
[2023-12-02T15:33:00.325+0000][51.376s][info ][gc,phases     ] GC(45)   Pre Evacuate Collection Set: 0.0ms
[2023-12-02T15:33:00.325+0000][51.376s][info ][gc,phases     ] GC(45)   Evacuate Collection Set: 36.1ms
[2023-12-02T15:33:00.326+0000][51.377s][info ][gc,phases     ] GC(45)   Post Evacuate Collection Set: 6.1ms
[2023-12-02T15:33:00.326+0000][51.377s][info ][gc,phases     ] GC(45)   Other: 0.9ms
[2023-12-02T15:33:00.326+0000][51.377s][info ][gc,heap       ] GC(45) Eden regions: 197->0(197)
[2023-12-02T15:33:00.326+0000][51.377s][info ][gc,heap       ] GC(45) Survivor regions: 20->20(28)
[2023-12-02T15:33:00.326+0000][51.378s][info ][gc,heap       ] GC(45) Old regions: 73->78
[2023-12-02T15:33:00.327+0000][51.378s][info ][gc,heap       ] GC(45) Humongous regions: 0->0
[2023-12-02T15:33:00.327+0000][51.378s][info ][gc,metaspace  ] GC(45) Metaspace: 118701K(122120K)->118701K(122120K) NonClass: 104562K(106636K)->104562K(106636K) Class: 14138K(15484K)->14138K(15484K)
[2023-12-02T15:33:00.327+0000][51.378s][info ][gc            ] GC(45) Pause Young (Normal) (G1 Evacuation Pause) 287M->95M(363M) 45.611ms
[2023-12-02T15:33:00.327+0000][51.379s][info ][gc,cpu        ] GC(45) User=0.32s Sys=0.00s Real=0.04s
[2023-12-02T15:33:00.328+0000][51.379s][info ][safepoint     ] Leaving safepoint region
[2023-12-02T15:33:00.328+0000][51.379s][info ][safepoint     ] Total time for which application threads were stopped: 0.0468956 seconds, Stopping threads took: 0.0003113 seconds
[2023-12-02T15:33:00.328+0000][51.379s][info ][gc,stringdedup] Concurrent String Deduplication (51.379s)
[2023-12-02T15:33:00.332+0000][51.383s][info ][gc,stringdedup] Concurrent String Deduplication 408.2K->115.6K(292.7K) avg 49.0% (51.379s, 51.383s) 3.490ms
[2023-12-02T15:33:00.950+0000][52.001s][debug][safepoint     ] Safepoint synchronization initiated. (45 threads)
[2023-12-02T15:33:00.950+0000][52.001s][info ][safepoint     ] Application time: 0.6217327 seconds
[2023-12-02T15:33:00.950+0000][52.001s][info ][safepoint     ] Entering safepoint region: Deoptimize
[2023-12-02T15:33:00.952+0000][52.003s][info ][safepoint     ] Leaving safepoint region
[2023-12-02T15:33:00.952+0000][52.003s][info ][safepoint     ] Total time for which application threads were stopped: 0.0020869 seconds, Stopping threads took: 0.0001855 seconds
[2023-12-02T15:33:01.231+0000][52.282s][debug][safepoint     ] Safepoint synchronization initiated. (45 threads)
[2023-12-02T15:33:01.231+0000][52.283s][info ][safepoint     ] Application time: 0.2790235 seconds
[2023-12-02T15:33:01.232+0000][52.283s][info ][safepoint     ] Entering safepoint region: Deoptimize
[2023-12-02T15:33:01.234+0000][52.285s][info ][safepoint     ] Leaving safepoint region
[2023-12-02T15:33:01.234+0000][52.285s][info ][safepoint     ] Total time for which application threads were stopped: 0.0023611 seconds, Stopping threads took: 0.0002630 seconds
[2023-12-02T15:33:01.301+0000][52.352s][debug][safepoint     ] Safepoint synchronization initiated. (45 threads)
[2023-12-02T15:33:01.302+0000][52.353s][info ][safepoint     ] Application time: 0.0673316 seconds
[2023-12-02T15:33:01.302+0000][52.353s][info ][safepoint     ] Entering safepoint region: G1CollectForAllocation
[2023-12-02T15:33:01.302+0000][52.353s][info ][gc,start      ] GC(46) Pause Young (Normal) (G1 Evacuation Pause)
[2023-12-02T15:33:01.302+0000][52.354s][info ][gc,task       ] GC(46) Using 8 workers of 8 for evacuation
[2023-12-02T15:33:01.326+0000][52.378s][info ][gc,phases     ] GC(46)   Pre Evacuate Collection Set: 0.0ms
[2023-12-02T15:33:01.327+0000][52.378s][info ][gc,phases     ] GC(46)   Evacuate Collection Set: 20.9ms
[2023-12-02T15:33:01.327+0000][52.378s][info ][gc,phases     ] GC(46)   Post Evacuate Collection Set: 2.8ms
[2023-12-02T15:33:01.327+0000][52.379s][info ][gc,phases     ] GC(46)   Other: 0.5ms
[2023-12-02T15:33:01.328+0000][52.379s][info ][gc,heap       ] GC(46) Eden regions: 197->0(202)
[2023-12-02T15:33:01.328+0000][52.379s][info ][gc,heap       ] GC(46) Survivor regions: 20->15(28)
[2023-12-02T15:33:01.328+0000][52.379s][info ][gc,heap       ] GC(46) Old regions: 78->86
[2023-12-02T15:33:01.328+0000][52.379s][info ][gc,heap       ] GC(46) Humongous regions: 0->0
[2023-12-02T15:33:01.328+0000][52.380s][info ][gc,metaspace  ] GC(46) Metaspace: 122994K(126472K)->122994K(126472K) NonClass: 108330K(110476K)->108330K(110476K) Class: 14663K(15996K)->14663K(15996K)
[2023-12-02T15:33:01.329+0000][52.380s][info ][gc            ] GC(46) Pause Young (Normal) (G1 Evacuation Pause) 292M->99M(363M) 26.367ms
[2023-12-02T15:33:01.329+0000][52.380s][info ][gc,cpu        ] GC(46) User=0.17s Sys=0.01s Real=0.02s
[2023-12-02T15:33:01.329+0000][52.380s][info ][safepoint     ] Leaving safepoint region
[2023-12-02T15:33:01.329+0000][52.380s][info ][safepoint     ] Total time for which application threads were stopped: 0.0273992 seconds, Stopping threads took: 0.0001977 seconds
[2023-12-02T15:33:01.330+0000][52.381s][info ][gc,stringdedup] Concurrent String Deduplication (52.381s)
[2023-12-02T15:33:01.334+0000][52.386s][info ][gc,stringdedup] Concurrent String Deduplication 616.5K->203.0K(413.5K) avg 49.7% (52.381s, 52.386s) 4.893ms
[2023-12-02T15:33:02.330+0000][53.381s][debug][safepoint     ] Safepoint synchronization initiated. (47 threads)
[2023-12-02T15:33:02.330+0000][53.381s][info ][safepoint     ] Application time: 1.0006178 seconds
[2023-12-02T15:33:02.330+0000][53.382s][debug][safepoint     ] Waiting for 1 thread(s) to block
[2023-12-02T15:33:02.331+0000][53.382s][info ][safepoint     ] Entering safepoint region: Cleanup
[2023-12-02T15:33:02.331+0000][53.382s][info ][safepoint     ] Leaving safepoint region
[2023-12-02T15:33:02.332+0000][53.383s][info ][safepoint     ] Total time for which application threads were stopped: 0.0011230 seconds, Stopping threads took: 0.0005458 seconds
[2023-12-02T15:33:02.950+0000][54.001s][debug][safepoint     ] Safepoint synchronization initiated. (51 threads)
[2023-12-02T15:33:02.951+0000][54.002s][info ][safepoint     ] Application time: 0.6189123 seconds
[2023-12-02T15:33:02.951+0000][54.002s][info ][safepoint     ] Entering safepoint region: Deoptimize
[2023-12-02T15:33:02.953+0000][54.004s][info ][safepoint     ] Leaving safepoint region
[2023-12-02T15:33:02.953+0000][54.004s][info ][safepoint     ] Total time for which application threads were stopped: 0.0022553 seconds, Stopping threads took: 0.0002595 seconds
[2023-12-02T15:33:03.078+0000][54.129s][debug][safepoint     ] Safepoint synchronization initiated. (52 threads)
[2023-12-02T15:33:03.079+0000][54.130s][info ][safepoint     ] Application time: 0.1251127 seconds
[2023-12-02T15:33:03.079+0000][54.130s][debug][safepoint     ] Waiting for 1 thread(s) to block
[2023-12-02T15:33:03.079+0000][54.130s][info ][safepoint     ] Entering safepoint region: G1CollectForAllocation
[2023-12-02T15:33:03.079+0000][54.130s][info ][gc,start      ] GC(47) Pause Young (Normal) (G1 Evacuation Pause)
[2023-12-02T15:33:03.080+0000][54.131s][info ][gc,task       ] GC(47) Using 8 workers of 8 for evacuation
[2023-12-02T15:33:03.121+0000][54.172s][info ][gc,phases     ] GC(47)   Pre Evacuate Collection Set: 0.0ms
[2023-12-02T15:33:03.121+0000][54.172s][info ][gc,phases     ] GC(47)   Evacuate Collection Set: 36.2ms
[2023-12-02T15:33:03.121+0000][54.172s][info ][gc,phases     ] GC(47)   Post Evacuate Collection Set: 4.3ms
[2023-12-02T15:33:03.122+0000][54.173s][info ][gc,phases     ] GC(47)   Other: 0.8ms
[2023-12-02T15:33:03.122+0000][54.173s][info ][gc,heap       ] GC(47) Eden regions: 202->0(194)
[2023-12-02T15:33:03.122+0000][54.173s][info ][gc,heap       ] GC(47) Survivor regions: 15->23(28)
[2023-12-02T15:33:03.122+0000][54.173s][info ][gc,heap       ] GC(47) Old regions: 86->86
[2023-12-02T15:33:03.122+0000][54.173s][info ][gc,heap       ] GC(47) Humongous regions: 0->0
[2023-12-02T15:33:03.123+0000][54.174s][info ][gc,metaspace  ] GC(47) Metaspace: 130052K(133640K)->130052K(133640K) NonClass: 114892K(117132K)->114892K(117132K) Class: 15159K(16508K)->15159K(16508K)
[2023-12-02T15:33:03.123+0000][54.174s][info ][gc            ] GC(47) Pause Young (Normal) (G1 Evacuation Pause) 301M->107M(363M) 43.387ms
[2023-12-02T15:33:03.123+0000][54.174s][info ][gc,cpu        ] GC(47) User=0.33s Sys=0.00s Real=0.05s
[2023-12-02T15:33:03.123+0000][54.174s][info ][safepoint     ] Leaving safepoint region
[2023-12-02T15:33:03.123+0000][54.174s][info ][safepoint     ] Total time for which application threads were stopped: 0.0446297 seconds, Stopping threads took: 0.0004931 seconds
[2023-12-02T15:33:03.124+0000][54.175s][info ][gc,stringdedup] Concurrent String Deduplication (54.175s)
[2023-12-02T15:33:03.128+0000][54.180s][info ][gc,stringdedup] Concurrent String Deduplication 296.4K->125.3K(171.1K) avg 49.9% (54.175s, 54.180s) 4.753ms
[2023-12-02T15:33:04.117+0000][55.168s][debug][safepoint     ] Safepoint synchronization initiated. (57 threads)
[2023-12-02T15:33:04.118+0000][55.169s][info ][safepoint     ] Application time: 0.9942669 seconds
[2023-12-02T15:33:04.118+0000][55.169s][debug][safepoint     ] Waiting for 1 thread(s) to block
[2023-12-02T15:33:04.119+0000][55.170s][info ][safepoint     ] Entering safepoint region: ICBufferFull
[2023-12-02T15:33:04.119+0000][55.170s][info ][safepoint     ] Leaving safepoint region
[2023-12-02T15:33:04.119+0000][55.171s][info ][safepoint     ] Total time for which application threads were stopped: 0.0012648 seconds, Stopping threads took: 0.0006830 seconds
[2023-12-02T15:33:04.284+0000][55.335s][debug][safepoint     ] Safepoint synchronization initiated. (57 threads)
[2023-12-02T15:33:04.285+0000][55.336s][info ][safepoint     ] Application time: 0.1648420 seconds
[2023-12-02T15:33:04.285+0000][55.336s][info ][safepoint     ] Entering safepoint region: Deoptimize
[2023-12-02T15:33:04.287+0000][55.338s][info ][safepoint     ] Leaving safepoint region
[2023-12-02T15:33:04.287+0000][55.338s][info ][safepoint     ] Total time for which application threads were stopped: 0.0023597 seconds, Stopping threads took: 0.0002853 seconds
[2023-12-02T15:33:04.809+0000][55.860s][debug][safepoint     ] Safepoint synchronization initiated. (68 threads)
[2023-12-02T15:33:04.810+0000][55.861s][info ][safepoint     ] Application time: 0.5217949 seconds
[2023-12-02T15:33:04.810+0000][55.861s][info ][safepoint     ] Entering safepoint region: G1CollectForAllocation
[2023-12-02T15:33:04.811+0000][55.862s][info ][gc,start      ] GC(48) Pause Young (Normal) (G1 Evacuation Pause)
[2023-12-02T15:33:04.811+0000][55.862s][info ][gc,task       ] GC(48) Using 8 workers of 8 for evacuation
[2023-12-02T15:33:04.858+0000][55.909s][info ][gc,phases     ] GC(48)   Pre Evacuate Collection Set: 0.0ms
[2023-12-02T15:33:04.858+0000][55.909s][info ][gc,phases     ] GC(48)   Evacuate Collection Set: 39.9ms
[2023-12-02T15:33:04.858+0000][55.910s][info ][gc,phases     ] GC(48)   Post Evacuate Collection Set: 6.6ms
[2023-12-02T15:33:04.859+0000][55.910s][info ][gc,phases     ] GC(48)   Other: 0.8ms
[2023-12-02T15:33:04.859+0000][55.910s][info ][gc,heap       ] GC(48) Eden regions: 194->0(237)
[2023-12-02T15:33:04.859+0000][55.910s][info ][gc,heap       ] GC(48) Survivor regions: 23->17(28)
[2023-12-02T15:33:04.860+0000][55.911s][info ][gc,heap       ] GC(48) Old regions: 86->95
[2023-12-02T15:33:04.860+0000][55.911s][info ][gc,heap       ] GC(48) Humongous regions: 0->0
[2023-12-02T15:33:04.860+0000][55.911s][info ][gc,metaspace  ] GC(48) Metaspace: 135580K(139400K)->135580K(139400K) NonClass: 119805K(122252K)->119805K(122252K) Class: 15774K(17148K)->15774K(17148K)
[2023-12-02T15:33:04.861+0000][55.912s][info ][gc            ] GC(48) Pause Young (Normal) (G1 Evacuation Pause) 301M->110M(427M) 50.122ms
[2023-12-02T15:33:04.861+0000][55.912s][info ][gc,cpu        ] GC(48) User=0.35s Sys=0.01s Real=0.06s
[2023-12-02T15:33:04.862+0000][55.913s][info ][safepoint     ] Leaving safepoint region
[2023-12-02T15:33:04.862+0000][55.913s][info ][safepoint     ] Total time for which application threads were stopped: 0.0520265 seconds, Stopping threads took: 0.0003110 seconds
[2023-12-02T15:33:04.862+0000][55.913s][info ][gc,stringdedup] Concurrent String Deduplication (55.913s)
[2023-12-02T15:33:04.865+0000][55.916s][info ][gc,stringdedup] Concurrent String Deduplication 107.5K->28816.0B(81272.0B) avg 50.1% (55.913s, 55.916s) 2.890ms
[2023-12-02T15:33:05.584+0000][56.635s][debug][safepoint     ] Safepoint synchronization initiated. (68 threads)
[2023-12-02T15:33:05.584+0000][56.635s][info ][safepoint     ] Application time: 0.7219079 seconds
[2023-12-02T15:33:05.584+0000][56.635s][debug][safepoint     ] Waiting for 1 thread(s) to block
[2023-12-02T15:33:05.587+0000][56.639s][info ][safepoint     ] Entering safepoint region: Deoptimize
[2023-12-02T15:33:05.590+0000][56.641s][info ][safepoint     ] Leaving safepoint region
[2023-12-02T15:33:05.590+0000][56.641s][info ][safepoint     ] Total time for which application threads were stopped: 0.0057451 seconds, Stopping threads took: 0.0034699 seconds
[2023-12-02T15:33:05.591+0000][56.642s][debug][safepoint     ] Safepoint synchronization initiated. (68 threads)
[2023-12-02T15:33:05.591+0000][56.642s][info ][safepoint     ] Application time: 0.0006628 seconds
[2023-12-02T15:33:05.591+0000][56.642s][info ][safepoint     ] Entering safepoint region: Deoptimize
[2023-12-02T15:33:05.593+0000][56.645s][info ][safepoint     ] Leaving safepoint region
[2023-12-02T15:33:05.594+0000][56.645s][info ][safepoint     ] Total time for which application threads were stopped: 0.0025835 seconds, Stopping threads took: 0.0002694 seconds
[2023-12-02T15:33:05.596+0000][56.647s][debug][safepoint     ] Safepoint synchronization initiated. (68 threads)
[2023-12-02T15:33:05.596+0000][56.647s][info ][safepoint     ] Application time: 0.0021312 seconds
[2023-12-02T15:33:05.597+0000][56.648s][info ][safepoint     ] Entering safepoint region: Deoptimize
[2023-12-02T15:33:05.602+0000][56.653s][info ][safepoint     ] Leaving safepoint region
[2023-12-02T15:33:05.602+0000][56.653s][info ][safepoint     ] Total time for which application threads were stopped: 0.0057191 seconds, Stopping threads took: 0.0005912 seconds
[2023-12-02T15:33:05.661+0000][56.712s][debug][safepoint     ] Safepoint synchronization initiated. (68 threads)
[2023-12-02T15:33:05.662+0000][56.713s][info ][safepoint     ] Application time: 0.0590753 seconds
[2023-12-02T15:33:05.662+0000][56.713s][info ][safepoint     ] Entering safepoint region: Deoptimize
[2023-12-02T15:33:05.664+0000][56.715s][info ][safepoint     ] Leaving safepoint region
[2023-12-02T15:33:05.664+0000][56.716s][info ][safepoint     ] Total time for which application threads were stopped: 0.0024240 seconds, Stopping threads took: 0.0003152 seconds
[2023-12-02T15:33:05.984+0000][57.035s][debug][safepoint     ] Safepoint synchronization initiated. (69 threads)
[2023-12-02T15:33:05.985+0000][57.036s][info ][safepoint     ] Application time: 0.3198859 seconds
[2023-12-02T15:33:05.989+0000][57.040s][info ][safepoint     ] Entering safepoint region: Deoptimize
[2023-12-02T15:33:05.991+0000][57.042s][info ][safepoint     ] Leaving safepoint region
[2023-12-02T15:33:06.013+0000][57.064s][info ][safepoint     ] Total time for which application threads were stopped: 0.0242603 seconds, Stopping threads took: 0.0003972 seconds
[2023-12-02T15:33:07.019+0000][58.070s][debug][safepoint     ] Safepoint synchronization initiated. (69 threads)
[2023-12-02T15:33:07.020+0000][58.071s][info ][safepoint     ] Application time: 1.0006393 seconds
[2023-12-02T15:33:07.020+0000][58.071s][debug][safepoint     ] ... found polling page loop exception at pc = 0x00007f43fc9bb94e, stub =0x00007f43f4843680
[2023-12-02T15:33:07.022+0000][58.074s][debug][safepoint     ] Waiting for 1 thread(s) to block
[2023-12-02T15:33:07.024+0000][58.075s][info ][safepoint     ] Entering safepoint region: Cleanup
[2023-12-02T15:33:07.025+0000][58.076s][info ][safepoint     ] Leaving safepoint region
[2023-12-02T15:33:07.025+0000][58.076s][info ][safepoint     ] Total time for which application threads were stopped: 0.0053487 seconds, Stopping threads took: 0.0047398 seconds
[2023-12-02T15:33:07.187+0000][58.238s][debug][safepoint     ] Safepoint synchronization initiated. (69 threads)
[2023-12-02T15:33:07.199+0000][58.250s][info ][safepoint     ] Application time: 0.1732304 seconds
[2023-12-02T15:33:07.203+0000][58.254s][info ][safepoint     ] Entering safepoint region: G1CollectForAllocation
[2023-12-02T15:33:07.204+0000][58.255s][info ][gc,start      ] GC(49) Pause Young (Normal) (G1 Evacuation Pause)
[2023-12-02T15:33:07.212+0000][58.263s][info ][gc,task       ] GC(49) Using 8 workers of 8 for evacuation
[2023-12-02T15:33:07.261+0000][58.312s][info ][gc,phases     ] GC(49)   Pre Evacuate Collection Set: 0.0ms
[2023-12-02T15:33:07.265+0000][58.316s][info ][gc,phases     ] GC(49)   Evacuate Collection Set: 41.4ms
[2023-12-02T15:33:07.265+0000][58.316s][info ][gc,phases     ] GC(49)   Post Evacuate Collection Set: 4.1ms
[2023-12-02T15:33:07.266+0000][58.317s][info ][gc,phases     ] GC(49)   Other: 11.7ms
[2023-12-02T15:33:07.266+0000][58.317s][info ][gc,heap       ] GC(49) Eden regions: 237->0(235)
[2023-12-02T15:33:07.267+0000][58.318s][info ][gc,heap       ] GC(49) Survivor regions: 17->21(32)
[2023-12-02T15:33:07.267+0000][58.318s][info ][gc,heap       ] GC(49) Old regions: 95->95
[2023-12-02T15:33:07.267+0000][58.318s][info ][gc,heap       ] GC(49) Humongous regions: 0->0
[2023-12-02T15:33:07.268+0000][58.319s][info ][gc,metaspace  ] GC(49) Metaspace: 138196K(142088K)->138196K(142088K) NonClass: 122073K(124556K)->122073K(124556K) Class: 16122K(17532K)->16122K(17532K)
[2023-12-02T15:33:07.271+0000][58.322s][info ][gc            ] GC(49) Pause Young (Normal) (G1 Evacuation Pause) 347M->114M(427M) 67.015ms
[2023-12-02T15:33:07.273+0000][58.325s][info ][gc,cpu        ] GC(49) User=0.36s Sys=0.00s Real=0.07s
[2023-12-02T15:33:07.274+0000][58.325s][info ][safepoint     ] Leaving safepoint region
[2023-12-02T15:33:07.274+0000][58.325s][info ][safepoint     ] Total time for which application threads were stopped: 0.0716208 seconds, Stopping threads took: 0.0009057 seconds
[2023-12-02T15:33:07.275+0000][58.326s][info ][gc,stringdedup] Concurrent String Deduplication (58.326s)
[2023-12-02T15:33:07.283+0000][58.334s][info ][gc,stringdedup] Concurrent String Deduplication 625.4K->113.8K(511.6K) avg 51.3% (58.326s, 58.334s) 7.702ms
[2023-12-02T15:33:08.062+0000][59.113s][debug][safepoint     ] Safepoint synchronization initiated. (68 threads)
[2023-12-02T15:33:08.063+0000][59.114s][info ][safepoint     ] Application time: 0.7877062 seconds
[2023-12-02T15:33:08.064+0000][59.115s][debug][safepoint     ] ... found polling page return exception at pc = 0x00007f43f6cadf36, stub =0x00007f43f4840600
[2023-12-02T15:33:08.067+0000][59.119s][debug][safepoint     ] Waiting for 1 thread(s) to block
[2023-12-02T15:33:08.068+0000][59.119s][info ][safepoint     ] Entering safepoint region: Deoptimize
[2023-12-02T15:33:08.071+0000][59.122s][info ][safepoint     ] Leaving safepoint region
[2023-12-02T15:33:08.071+0000][59.123s][info ][safepoint     ] Total time for which application threads were stopped: 0.0078894 seconds, Stopping threads took: 0.0053172 seconds
[2023-12-02T15:33:08.967+0000][60.018s][debug][safepoint     ] Safepoint synchronization initiated. (69 threads)
[2023-12-02T15:33:08.992+0000][60.043s][info ][safepoint     ] Application time: 0.9204778 seconds
[2023-12-02T15:33:09.017+0000][60.068s][info ][safepoint     ] Entering safepoint region: Deoptimize
[2023-12-02T15:33:09.034+0000][60.085s][info ][safepoint     ] Leaving safepoint region
[2023-12-02T15:33:09.066+0000][60.117s][info ][safepoint     ] Total time for which application threads were stopped: 0.0484615 seconds, Stopping threads took: 0.0146584 seconds
[2023-12-02T15:33:09.315+0000][60.367s][debug][safepoint     ] Safepoint synchronization initiated. (69 threads)
[2023-12-02T15:33:09.321+0000][60.372s][info ][safepoint     ] Application time: 0.2227354 seconds
[2023-12-02T15:33:09.322+0000][60.373s][info ][safepoint     ] Entering safepoint region: Deoptimize
[2023-12-02T15:33:09.324+0000][60.375s][info ][safepoint     ] Leaving safepoint region
[2023-12-02T15:33:09.324+0000][60.375s][info ][safepoint     ] Total time for which application threads were stopped: 0.0028153 seconds, Stopping threads took: 0.0003290 seconds
[2023-12-02T15:33:10.146+0000][61.197s][debug][safepoint     ] Safepoint synchronization initiated. (68 threads)
[2023-12-02T15:33:10.148+0000][61.199s][info ][safepoint     ] Application time: 0.8228664 seconds
[2023-12-02T15:33:10.154+0000][61.205s][info ][safepoint     ] Entering safepoint region: G1CollectForAllocation
[2023-12-02T15:33:10.156+0000][61.207s][info ][gc,start      ] GC(50) Pause Young (Normal) (G1 Evacuation Pause)
[2023-12-02T15:33:10.156+0000][61.207s][info ][gc,task       ] GC(50) Using 8 workers of 8 for evacuation
[2023-12-02T15:33:10.229+0000][61.280s][info ][gc,phases     ] GC(50)   Pre Evacuate Collection Set: 0.0ms
[2023-12-02T15:33:10.236+0000][61.287s][info ][gc,phases     ] GC(50)   Evacuate Collection Set: 68.8ms
[2023-12-02T15:33:10.238+0000][61.289s][info ][gc,phases     ] GC(50)   Post Evacuate Collection Set: 3.6ms
[2023-12-02T15:33:10.239+0000][61.290s][info ][gc,phases     ] GC(50)   Other: 1.2ms
[2023-12-02T15:33:10.240+0000][61.291s][info ][gc,heap       ] GC(50) Eden regions: 235->0(241)
[2023-12-02T15:33:10.240+0000][61.291s][info ][gc,heap       ] GC(50) Survivor regions: 21->12(32)
[2023-12-02T15:33:10.245+0000][61.296s][info ][gc,heap       ] GC(50) Old regions: 95->107
[2023-12-02T15:33:10.251+0000][61.302s][info ][gc,heap       ] GC(50) Humongous regions: 0->0
[2023-12-02T15:33:10.252+0000][61.303s][info ][gc,metaspace  ] GC(50) Metaspace: 140724K(144648K)->140724K(144648K) NonClass: 124216K(126604K)->124216K(126604K) Class: 16508K(18044K)->16508K(18044K)
[2023-12-02T15:33:10.252+0000][61.303s][info ][gc            ] GC(50) Pause Young (Normal) (G1 Evacuation Pause) 349M->117M(427M) 96.393ms
[2023-12-02T15:33:10.253+0000][61.304s][info ][gc,cpu        ] GC(50) User=0.52s Sys=0.01s Real=0.10s
[2023-12-02T15:33:10.253+0000][61.304s][info ][safepoint     ] Leaving safepoint region
[2023-12-02T15:33:10.253+0000][61.304s][info ][safepoint     ] Total time for which application threads were stopped: 0.0990499 seconds, Stopping threads took: 0.0011171 seconds
[2023-12-02T15:33:10.256+0000][61.307s][info ][gc,stringdedup] Concurrent String Deduplication (61.307s)
[2023-12-02T15:33:10.271+0000][61.322s][info ][gc,stringdedup] Concurrent String Deduplication 298.5K->124.7K(173.8K) avg 51.4% (61.307s, 61.322s) 15.081ms
[2023-12-02T15:33:11.274+0000][62.325s][debug][safepoint     ] Safepoint synchronization initiated. (77 threads)
[2023-12-02T15:33:11.274+0000][62.325s][info ][safepoint     ] Application time: 1.0187061 seconds
[2023-12-02T15:33:11.275+0000][62.326s][debug][safepoint     ] ... found polling page return exception at pc = 0x00007f43f6b6ddf8, stub =0x00007f43f4840600
[2023-12-02T15:33:11.276+0000][62.327s][debug][safepoint     ] Waiting for 1 thread(s) to block
[2023-12-02T15:33:11.278+0000][62.329s][info ][safepoint     ] Entering safepoint region: Cleanup
[2023-12-02T15:33:11.279+0000][62.330s][info ][safepoint     ] Leaving safepoint region
[2023-12-02T15:33:11.279+0000][62.330s][info ][safepoint     ] Total time for which application threads were stopped: 0.0043027 seconds, Stopping threads took: 0.0036734 seconds
[2023-12-02T15:33:11.947+0000][62.998s][debug][safepoint     ] Safepoint synchronization initiated. (77 threads)
[2023-12-02T15:33:11.949+0000][63.000s][info ][safepoint     ] Application time: 0.6701962 seconds
[2023-12-02T15:33:11.950+0000][63.001s][debug][safepoint     ] Waiting for 1 thread(s) to block
[2023-12-02T15:33:11.950+0000][63.001s][info ][safepoint     ] Entering safepoint region: Deoptimize
[2023-12-02T15:33:11.953+0000][63.004s][info ][safepoint     ] Leaving safepoint region
[2023-12-02T15:33:11.954+0000][63.005s][info ][safepoint     ] Total time for which application threads were stopped: 0.0045373 seconds, Stopping threads took: 0.0008108 seconds
[2023-12-02T15:33:12.955+0000][64.006s][debug][safepoint     ] Safepoint synchronization initiated. (91 threads)
[2023-12-02T15:33:12.961+0000][64.012s][info ][safepoint     ] Application time: 1.0061412 seconds
[2023-12-02T15:33:12.978+0000][64.029s][debug][safepoint     ] ... found polling page return exception at pc = 0x00007f43fcd63c93, stub =0x00007f43f4840600
[2023-12-02T15:33:12.982+0000][64.033s][debug][safepoint     ] Waiting for 2 thread(s) to block
[2023-12-02T15:33:12.982+0000][64.033s][info ][safepoint     ] Entering safepoint region: Cleanup
[2023-12-02T15:33:12.983+0000][64.034s][info ][safepoint     ] Leaving safepoint region
[2023-12-02T15:33:12.983+0000][64.034s][info ][safepoint     ] Total time for which application threads were stopped: 0.0121621 seconds, Stopping threads took: 0.0115605 seconds
[2023-12-02T15:33:13.059+0000][64.111s][debug][safepoint     ] Safepoint synchronization initiated. (91 threads)
[2023-12-02T15:33:13.060+0000][64.111s][info ][safepoint     ] Application time: 0.0764017 seconds
[2023-12-02T15:33:13.062+0000][64.113s][info ][safepoint     ] Entering safepoint region: G1CollectForAllocation
[2023-12-02T15:33:13.063+0000][64.114s][info ][gc,start      ] GC(51) Pause Young (Normal) (G1 Evacuation Pause)
[2023-12-02T15:33:13.063+0000][64.114s][info ][gc,task       ] GC(51) Using 8 workers of 8 for evacuation
[2023-12-02T15:33:13.116+0000][64.167s][info ][gc,phases     ] GC(51)   Pre Evacuate Collection Set: 0.0ms
[2023-12-02T15:33:13.127+0000][64.178s][info ][gc,phases     ] GC(51)   Evacuate Collection Set: 34.4ms
[2023-12-02T15:33:13.155+0000][64.206s][info ][gc,phases     ] GC(51)   Post Evacuate Collection Set: 17.9ms
[2023-12-02T15:33:13.198+0000][64.249s][info ][gc,phases     ] GC(51)   Other: 0.9ms
[2023-12-02T15:33:13.205+0000][64.256s][info ][gc,heap       ] GC(51) Eden regions: 241->0(236)
[2023-12-02T15:33:13.213+0000][64.264s][info ][gc,heap       ] GC(51) Survivor regions: 12->19(32)
[2023-12-02T15:33:13.220+0000][64.271s][info ][gc,heap       ] GC(51) Old regions: 107->107
[2023-12-02T15:33:13.230+0000][64.281s][info ][gc,heap       ] GC(51) Humongous regions: 0->0
[2023-12-02T15:33:13.230+0000][64.281s][info ][gc,metaspace  ] GC(51) Metaspace: 143611K(147592K)->143611K(147592K) NonClass: 126729K(129164K)->126729K(129164K) Class: 16882K(18428K)->16882K(18428K)
[2023-12-02T15:33:13.230+0000][64.282s][info ][gc            ] GC(51) Pause Young (Normal) (G1 Evacuation Pause) 358M->124M(427M) 167.644ms
[2023-12-02T15:33:13.231+0000][64.282s][info ][gc,cpu        ] GC(51) User=0.37s Sys=0.02s Real=0.17s
[2023-12-02T15:33:13.231+0000][64.282s][info ][safepoint     ] Leaving safepoint region
[2023-12-02T15:33:13.231+0000][64.283s][info ][safepoint     ] Total time for which application threads were stopped: 0.1692675 seconds, Stopping threads took: 0.0003729 seconds
[2023-12-02T15:33:13.232+0000][64.283s][info ][gc,stringdedup] Concurrent String Deduplication (64.283s)
[2023-12-02T15:33:13.238+0000][64.289s][info ][gc,stringdedup] Concurrent String Deduplication 390.0K->212.6K(177.4K) avg 51.3% (64.283s, 64.289s) 5.757ms
[2023-12-02T15:33:13.841+0000][64.892s][debug][safepoint     ] Safepoint synchronization initiated. (91 threads)
[2023-12-02T15:33:13.853+0000][64.904s][info ][safepoint     ] Application time: 0.6214302 seconds
[2023-12-02T15:33:13.854+0000][64.905s][info ][safepoint     ] Entering safepoint region: ICBufferFull
[2023-12-02T15:33:13.854+0000][64.905s][info ][safepoint     ] Leaving safepoint region
[2023-12-02T15:33:13.855+0000][64.906s][info ][safepoint     ] Total time for which application threads were stopped: 0.0013388 seconds, Stopping threads took: 0.0003585 seconds
[2023-12-02T15:33:14.732+0000][65.783s][debug][safepoint     ] Safepoint synchronization initiated. (91 threads)
[2023-12-02T15:33:14.733+0000][65.784s][info ][safepoint     ] Application time: 0.8775855 seconds
[2023-12-02T15:33:14.733+0000][65.784s][info ][safepoint     ] Entering safepoint region: ICBufferFull
[2023-12-02T15:33:14.734+0000][65.785s][info ][safepoint     ] Leaving safepoint region
[2023-12-02T15:33:14.734+0000][65.785s][info ][safepoint     ] Total time for which application threads were stopped: 0.0010899 seconds, Stopping threads took: 0.0003486 seconds
[2023-12-02T15:33:15.735+0000][66.786s][debug][safepoint     ] Safepoint synchronization initiated. (91 threads)
[2023-12-02T15:33:15.735+0000][66.786s][info ][safepoint     ] Application time: 1.0008833 seconds
[2023-12-02T15:33:15.736+0000][66.787s][debug][safepoint     ] ... found polling page return exception at pc = 0x00007f43fc2c9694, stub =0x00007f43f4840600
[2023-12-02T15:33:15.736+0000][66.787s][debug][safepoint     ] Waiting for 1 thread(s) to block
[2023-12-02T15:33:15.737+0000][66.788s][info ][safepoint     ] Entering safepoint region: Cleanup
[2023-12-02T15:33:15.739+0000][66.790s][info ][safepoint     ] Leaving safepoint region
[2023-12-02T15:33:15.740+0000][66.791s][info ][safepoint     ] Total time for which application threads were stopped: 0.0038140 seconds, Stopping threads took: 0.0022144 seconds
[2023-12-02T15:33:16.741+0000][67.792s][debug][safepoint     ] Safepoint synchronization initiated. (91 threads)
[2023-12-02T15:33:16.742+0000][67.793s][info ][safepoint     ] Application time: 1.0016682 seconds
[2023-12-02T15:33:16.742+0000][67.793s][debug][safepoint     ] ... found polling page return exception at pc = 0x00007f43fc98e38f, stub =0x00007f43f4840600
[2023-12-02T15:33:16.743+0000][67.794s][debug][safepoint     ] Waiting for 2 thread(s) to block
[2023-12-02T15:33:16.743+0000][67.794s][info ][safepoint     ] Entering safepoint region: Cleanup
[2023-12-02T15:33:16.744+0000][67.795s][info ][safepoint     ] Leaving safepoint region
[2023-12-02T15:33:16.744+0000][67.795s][info ][safepoint     ] Total time for which application threads were stopped: 0.0015979 seconds, Stopping threads took: 0.0009657 seconds
[2023-12-02T15:33:17.186+0000][68.237s][debug][safepoint     ] Safepoint synchronization initiated. (91 threads)
[2023-12-02T15:33:17.186+0000][68.237s][info ][safepoint     ] Application time: 0.4421924 seconds
[2023-12-02T15:33:17.187+0000][68.238s][info ][safepoint     ] Entering safepoint region: G1CollectForAllocation
[2023-12-02T15:33:17.187+0000][68.238s][info ][gc,start      ] GC(52) Pause Young (Normal) (G1 Evacuation Pause)
[2023-12-02T15:33:17.188+0000][68.239s][info ][gc,task       ] GC(52) Using 8 workers of 8 for evacuation
[2023-12-02T15:33:17.247+0000][68.298s][info ][gc,phases     ] GC(52)   Pre Evacuate Collection Set: 0.0ms
[2023-12-02T15:33:17.248+0000][68.299s][info ][gc,phases     ] GC(52)   Evacuate Collection Set: 53.9ms
[2023-12-02T15:33:17.248+0000][68.299s][info ][gc,phases     ] GC(52)   Post Evacuate Collection Set: 4.9ms
[2023-12-02T15:33:17.249+0000][68.300s][info ][gc,phases     ] GC(52)   Other: 0.8ms
[2023-12-02T15:33:17.249+0000][68.300s][info ][gc,heap       ] GC(52) Eden regions: 236->0(232)
[2023-12-02T15:33:17.252+0000][68.303s][info ][gc,heap       ] GC(52) Survivor regions: 19->21(32)
[2023-12-02T15:33:17.252+0000][68.303s][info ][gc,heap       ] GC(52) Old regions: 107->110
[2023-12-02T15:33:17.253+0000][68.304s][info ][gc,heap       ] GC(52) Humongous regions: 0->0
[2023-12-02T15:33:17.253+0000][68.304s][info ][gc,metaspace  ] GC(52) Metaspace: 145620K(150024K)->145620K(150024K) NonClass: 128512K(131212K)->128512K(131212K) Class: 17108K(18812K)->17108K(18812K)
[2023-12-02T15:33:17.253+0000][68.304s][info ][gc            ] GC(52) Pause Young (Normal) (G1 Evacuation Pause) 360M->129M(427M) 65.883ms
[2023-12-02T15:33:17.253+0000][68.305s][info ][gc,cpu        ] GC(52) User=0.47s Sys=0.01s Real=0.07s
[2023-12-02T15:33:17.254+0000][68.305s][info ][safepoint     ] Leaving safepoint region
[2023-12-02T15:33:17.254+0000][68.305s][info ][safepoint     ] Total time for which application threads were stopped: 0.0673122 seconds, Stopping threads took: 0.0002926 seconds
[2023-12-02T15:33:17.254+0000][68.305s][info ][gc,stringdedup] Concurrent String Deduplication (68.305s)
[2023-12-02T15:33:17.258+0000][68.309s][info ][gc,stringdedup] Concurrent String Deduplication 209.5K->89688.0B(122.0K) avg 51.4% (68.305s, 68.309s) 3.581ms
[2023-12-02T15:33:18.255+0000][69.306s][debug][safepoint     ] Safepoint synchronization initiated. (91 threads)
[2023-12-02T15:33:18.255+0000][69.306s][info ][safepoint     ] Application time: 1.0011139 seconds
[2023-12-02T15:33:18.256+0000][69.307s][debug][safepoint     ] Waiting for 1 thread(s) to block
[2023-12-02T15:33:18.260+0000][69.312s][info ][safepoint     ] Entering safepoint region: Cleanup
[2023-12-02T15:33:18.263+0000][69.314s][info ][safepoint     ] Leaving safepoint region
[2023-12-02T15:33:18.264+0000][69.315s][info ][safepoint     ] Total time for which application threads were stopped: 0.0079505 seconds, Stopping threads took: 0.0062858 seconds
[2023-12-02T15:33:18.908+0000][69.959s][debug][safepoint     ] Safepoint synchronization initiated. (91 threads)
[2023-12-02T15:33:18.909+0000][69.960s][info ][safepoint     ] Application time: 0.6447418 seconds
[2023-12-02T15:33:18.909+0000][69.960s][debug][safepoint     ] ... found polling page return exception at pc = 0x00007f43fc6904d2, stub =0x00007f43f4840600
[2023-12-02T15:33:18.910+0000][69.961s][debug][safepoint     ] Waiting for 1 thread(s) to block
[2023-12-02T15:33:18.910+0000][69.961s][info ][safepoint     ] Entering safepoint region: G1CollectForAllocation
[2023-12-02T15:33:18.911+0000][69.962s][info ][gc,start      ] GC(53) Pause Young (Normal) (G1 Evacuation Pause)
[2023-12-02T15:33:18.911+0000][69.962s][info ][gc,task       ] GC(53) Using 8 workers of 8 for evacuation
[2023-12-02T15:33:18.967+0000][70.018s][info ][gc,phases     ] GC(53)   Pre Evacuate Collection Set: 0.0ms
[2023-12-02T15:33:18.968+0000][70.019s][info ][gc,phases     ] GC(53)   Evacuate Collection Set: 51.0ms
[2023-12-02T15:33:18.968+0000][70.019s][info ][gc,phases     ] GC(53)   Post Evacuate Collection Set: 5.0ms
[2023-12-02T15:33:18.969+0000][70.020s][info ][gc,phases     ] GC(53)   Other: 0.8ms
[2023-12-02T15:33:18.969+0000][70.020s][info ][gc,heap       ] GC(53) Eden regions: 232->0(226)
[2023-12-02T15:33:18.969+0000][70.020s][info ][gc,heap       ] GC(53) Survivor regions: 21->22(32)
[2023-12-02T15:33:18.970+0000][70.021s][info ][gc,heap       ] GC(53) Old regions: 110->114
[2023-12-02T15:33:18.970+0000][70.021s][info ][gc,heap       ] GC(53) Humongous regions: 0->0
[2023-12-02T15:33:18.970+0000][70.021s][info ][gc,metaspace  ] GC(53) Metaspace: 146062K(150664K)->146062K(150664K) NonClass: 128904K(131724K)->128904K(131724K) Class: 17158K(18940K)->17158K(18940K)
[2023-12-02T15:33:18.970+0000][70.022s][info ][gc            ] GC(53) Pause Young (Normal) (G1 Evacuation Pause) 361M->133M(427M) 59.833ms
[2023-12-02T15:33:18.971+0000][70.022s][info ][gc,cpu        ] GC(53) User=0.43s Sys=0.01s Real=0.07s
[2023-12-02T15:33:18.971+0000][70.022s][info ][safepoint     ] Leaving safepoint region
[2023-12-02T15:33:18.972+0000][70.023s][info ][safepoint     ] Total time for which application threads were stopped: 0.0623565 seconds, Stopping threads took: 0.0010769 seconds
[2023-12-02T15:33:18.972+0000][70.023s][info ][gc,stringdedup] Concurrent String Deduplication (70.023s)
[2023-12-02T15:33:18.980+0000][70.031s][info ][gc,stringdedup] Concurrent String Deduplication 560.4K->122.1K(438.4K) avg 52.3% (70.023s, 70.031s) 7.719ms
[2023-12-02T15:33:19.972+0000][71.023s][debug][safepoint     ] Safepoint synchronization initiated. (91 threads)
[2023-12-02T15:33:19.981+0000][71.033s][info ][safepoint     ] Application time: 1.0095274 seconds
[2023-12-02T15:33:19.982+0000][71.033s][debug][safepoint     ] ... found polling page return exception at pc = 0x00007f43fd02ac9b, stub =0x00007f43f4840600
[2023-12-02T15:33:19.982+0000][71.033s][debug][safepoint     ] Waiting for 1 thread(s) to block
[2023-12-02T15:33:19.983+0000][71.034s][info ][safepoint     ] Entering safepoint region: Cleanup
[2023-12-02T15:33:19.983+0000][71.034s][info ][safepoint     ] Leaving safepoint region
[2023-12-02T15:33:19.983+0000][71.035s][info ][safepoint     ] Total time for which application threads were stopped: 0.0016283 seconds, Stopping threads took: 0.0010067 seconds
[2023-12-02T15:33:20.984+0000][72.035s][debug][safepoint     ] Safepoint synchronization initiated. (91 threads)
[2023-12-02T15:33:20.987+0000][72.038s][info ][safepoint     ] Application time: 1.0033473 seconds
[2023-12-02T15:33:20.987+0000][72.039s][debug][safepoint     ] ... found polling page return exception at pc = 0x00007f43fc68bd1a, stub =0x00007f43f4840600
[2023-12-02T15:33:20.988+0000][72.039s][debug][safepoint     ] Waiting for 1 thread(s) to block
[2023-12-02T15:33:20.988+0000][72.039s][info ][safepoint     ] Entering safepoint region: Cleanup
[2023-12-02T15:33:20.989+0000][72.040s][info ][safepoint     ] Leaving safepoint region
[2023-12-02T15:33:20.989+0000][72.040s][info ][safepoint     ] Total time for which application threads were stopped: 0.0014597 seconds, Stopping threads took: 0.0008877 seconds
[2023-12-02T15:33:21.154+0000][72.205s][debug][safepoint     ] Safepoint synchronization initiated. (91 threads)
[2023-12-02T15:33:21.155+0000][72.206s][info ][safepoint     ] Application time: 0.1652811 seconds
[2023-12-02T15:33:21.155+0000][72.206s][info ][safepoint     ] Entering safepoint region: G1CollectForAllocation
[2023-12-02T15:33:21.155+0000][72.207s][info ][gc,start      ] GC(54) Pause Young (Normal) (G1 Evacuation Pause)
[2023-12-02T15:33:21.156+0000][72.207s][info ][gc,task       ] GC(54) Using 8 workers of 8 for evacuation
[2023-12-02T15:33:21.224+0000][72.275s][info ][gc,phases     ] GC(54)   Pre Evacuate Collection Set: 0.0ms
[2023-12-02T15:33:21.225+0000][72.276s][info ][gc,phases     ] GC(54)   Evacuate Collection Set: 59.2ms
[2023-12-02T15:33:21.226+0000][72.277s][info ][gc,phases     ] GC(54)   Post Evacuate Collection Set: 9.0ms
[2023-12-02T15:33:21.229+0000][72.280s][info ][gc,phases     ] GC(54)   Other: 0.8ms
[2023-12-02T15:33:21.229+0000][72.280s][info ][gc,heap       ] GC(54) Eden regions: 226->0(230)
[2023-12-02T15:33:21.229+0000][72.280s][info ][gc,heap       ] GC(54) Survivor regions: 22->14(31)
[2023-12-02T15:33:21.230+0000][72.281s][info ][gc,heap       ] GC(54) Old regions: 114->124
[2023-12-02T15:33:21.230+0000][72.281s][info ][gc,heap       ] GC(54) Humongous regions: 0->0
[2023-12-02T15:33:21.231+0000][72.282s][info ][gc,metaspace  ] GC(54) Metaspace: 146339K(150920K)->146339K(150920K) NonClass: 129158K(131980K)->129158K(131980K) Class: 17180K(18940K)->17180K(18940K)
[2023-12-02T15:33:21.231+0000][72.282s][info ][gc            ] GC(54) Pause Young (Normal) (G1 Evacuation Pause) 359M->136M(427M) 75.642ms
[2023-12-02T15:33:21.231+0000][72.282s][info ][gc,cpu        ] GC(54) User=0.50s Sys=0.02s Real=0.08s
[2023-12-02T15:33:21.232+0000][72.283s][info ][safepoint     ] Leaving safepoint region
[2023-12-02T15:33:21.232+0000][72.283s][info ][safepoint     ] Total time for which application threads were stopped: 0.0774051 seconds, Stopping threads took: 0.0003227 seconds
[2023-12-02T15:33:21.237+0000][72.288s][info ][gc,stringdedup] Concurrent String Deduplication (72.288s)
[2023-12-02T15:33:21.244+0000][72.295s][info ][gc,stringdedup] Concurrent String Deduplication 539.4K->212.9K(326.5K) avg 52.5% (72.288s, 72.295s) 7.516ms
[2023-12-02T15:33:22.233+0000][73.284s][debug][safepoint     ] Safepoint synchronization initiated. (91 threads)
[2023-12-02T15:33:22.233+0000][73.284s][info ][safepoint     ] Application time: 1.0006850 seconds
[2023-12-02T15:33:22.234+0000][73.285s][debug][safepoint     ] ... found polling page return exception at pc = 0x00007f43fc77bdc9, stub =0x00007f43f4840600
[2023-12-02T15:33:22.234+0000][73.285s][debug][safepoint     ] Waiting for 1 thread(s) to block
[2023-12-02T15:33:22.234+0000][73.285s][info ][safepoint     ] Entering safepoint region: Cleanup
[2023-12-02T15:33:22.235+0000][73.286s][info ][safepoint     ] Leaving safepoint region
[2023-12-02T15:33:22.235+0000][73.286s][info ][safepoint     ] Total time for which application threads were stopped: 0.0016150 seconds, Stopping threads took: 0.0010422 seconds
[2023-12-02T15:33:22.425+0000][73.476s][debug][safepoint     ] Safepoint synchronization initiated. (91 threads)
[2023-12-02T15:33:22.428+0000][73.479s][info ][safepoint     ] Application time: 0.1928351 seconds
[2023-12-02T15:33:22.429+0000][73.480s][info ][safepoint     ] Entering safepoint region: G1CollectForAllocation
[2023-12-02T15:33:22.433+0000][73.484s][info ][gc,start      ] GC(55) Pause Young (Normal) (G1 Evacuation Pause)
[2023-12-02T15:33:22.434+0000][73.485s][info ][gc,task       ] GC(55) Using 8 workers of 8 for evacuation
[2023-12-02T15:33:22.469+0000][73.520s][info ][gc,phases     ] GC(55)   Pre Evacuate Collection Set: 0.0ms
[2023-12-02T15:33:22.469+0000][73.521s][info ][gc,phases     ] GC(55)   Evacuate Collection Set: 29.1ms
[2023-12-02T15:33:22.471+0000][73.522s][info ][gc,phases     ] GC(55)   Post Evacuate Collection Set: 5.6ms
[2023-12-02T15:33:22.471+0000][73.522s][info ][gc,phases     ] GC(55)   Other: 1.0ms
[2023-12-02T15:33:22.472+0000][73.523s][info ][gc,heap       ] GC(55) Eden regions: 230->0(228)
[2023-12-02T15:33:22.472+0000][73.523s][info ][gc,heap       ] GC(55) Survivor regions: 14->16(31)
[2023-12-02T15:33:22.472+0000][73.523s][info ][gc,heap       ] GC(55) Old regions: 124->124
[2023-12-02T15:33:22.472+0000][73.524s][info ][gc,heap       ] GC(55) Humongous regions: 0->0
[2023-12-02T15:33:22.473+0000][73.524s][info ][gc,metaspace  ] GC(55) Metaspace: 146553K(150920K)->146553K(150920K) NonClass: 129354K(131980K)->129354K(131980K) Class: 17198K(18940K)->17198K(18940K)
[2023-12-02T15:33:22.473+0000][73.524s][info ][gc            ] GC(55) Pause Young (Normal) (G1 Evacuation Pause) 366M->138M(427M) 39.988ms
[2023-12-02T15:33:22.473+0000][73.524s][info ][gc,cpu        ] GC(55) User=0.24s Sys=0.02s Real=0.04s
[2023-12-02T15:33:22.474+0000][73.525s][info ][safepoint     ] Leaving safepoint region
[2023-12-02T15:33:22.474+0000][73.525s][info ][safepoint     ] Total time for which application threads were stopped: 0.0452179 seconds, Stopping threads took: 0.0038028 seconds
[2023-12-02T15:33:22.474+0000][73.525s][info ][gc,stringdedup] Concurrent String Deduplication (73.525s)
[2023-12-02T15:33:22.486+0000][73.538s][info ][gc,stringdedup] Concurrent String Deduplication 458.4K->153.8K(304.6K) avg 52.9% (73.525s, 73.538s) 12.096ms
[2023-12-02T15:33:23.378+0000][74.430s][debug][safepoint     ] Safepoint synchronization initiated. (91 threads)
[2023-12-02T15:33:23.379+0000][74.431s][info ][safepoint     ] Application time: 0.9051405 seconds
[2023-12-02T15:33:23.379+0000][74.431s][debug][safepoint     ] Waiting for 1 thread(s) to block
[2023-12-02T15:33:23.379+0000][74.431s][info ][safepoint     ] Entering safepoint region: G1CollectForAllocation
[2023-12-02T15:33:23.380+0000][74.432s][info ][gc,start      ] GC(56) Pause Young (Normal) (G1 Evacuation Pause)
[2023-12-02T15:33:23.380+0000][74.432s][info ][gc,task       ] GC(56) Using 8 workers of 8 for evacuation
[2023-12-02T15:33:23.402+0000][74.454s][info ][gc,phases     ] GC(56)   Pre Evacuate Collection Set: 0.0ms
[2023-12-02T15:33:23.402+0000][74.454s][info ][gc,phases     ] GC(56)   Evacuate Collection Set: 18.1ms
[2023-12-02T15:33:23.402+0000][74.454s][info ][gc,phases     ] GC(56)   Post Evacuate Collection Set: 3.1ms
[2023-12-02T15:33:23.402+0000][74.454s][info ][gc,phases     ] GC(56)   Other: 0.6ms
[2023-12-02T15:33:23.403+0000][74.454s][info ][gc,heap       ] GC(56) Eden regions: 228->0(224)
[2023-12-02T15:33:23.403+0000][74.455s][info ][gc,heap       ] GC(56) Survivor regions: 16->18(31)
[2023-12-02T15:33:23.403+0000][74.455s][info ][gc,heap       ] GC(56) Old regions: 124->124
[2023-12-02T15:33:23.403+0000][74.455s][info ][gc,heap       ] GC(56) Humongous regions: 0->0
[2023-12-02T15:33:23.403+0000][74.455s][info ][gc,metaspace  ] GC(56) Metaspace: 146701K(151176K)->146701K(151176K) NonClass: 129479K(132236K)->129479K(132236K) Class: 17222K(18940K)->17222K(18940K)
[2023-12-02T15:33:23.404+0000][74.455s][info ][gc            ] GC(56) Pause Young (Normal) (G1 Evacuation Pause) 366M->140M(427M) 23.551ms
[2023-12-02T15:33:23.404+0000][74.455s][info ][gc,cpu        ] GC(56) User=0.13s Sys=0.02s Real=0.02s
[2023-12-02T15:33:23.404+0000][74.456s][info ][safepoint     ] Leaving safepoint region
[2023-12-02T15:33:23.404+0000][74.456s][info ][safepoint     ] Total time for which application threads were stopped: 0.0249552 seconds, Stopping threads took: 0.0006245 seconds
[2023-12-02T15:33:23.404+0000][74.456s][info ][gc,stringdedup] Concurrent String Deduplication (74.456s)
[2023-12-02T15:33:23.407+0000][74.458s][info ][gc,stringdedup] Concurrent String Deduplication 329.4K->107.6K(221.8K) avg 53.1% (74.456s, 74.458s) 2.440ms
[2023-12-02T15:33:24.023+0000][75.075s][debug][safepoint     ] Safepoint synchronization initiated. (91 threads)
[2023-12-02T15:33:24.024+0000][75.076s][info ][safepoint     ] Application time: 0.6196055 seconds
[2023-12-02T15:33:24.024+0000][75.076s][debug][safepoint     ] Waiting for 1 thread(s) to block
[2023-12-02T15:33:24.024+0000][75.076s][info ][safepoint     ] Entering safepoint region: G1CollectForAllocation
[2023-12-02T15:33:24.025+0000][75.076s][info ][gc,start      ] GC(57) Pause Young (Normal) (G1 Evacuation Pause)
[2023-12-02T15:33:24.025+0000][75.077s][info ][gc,task       ] GC(57) Using 8 workers of 8 for evacuation
[2023-12-02T15:33:24.046+0000][75.098s][info ][gc,phases     ] GC(57)   Pre Evacuate Collection Set: 0.0ms
[2023-12-02T15:33:24.047+0000][75.098s][info ][gc,phases     ] GC(57)   Evacuate Collection Set: 17.3ms
[2023-12-02T15:33:24.047+0000][75.099s][info ][gc,phases     ] GC(57)   Post Evacuate Collection Set: 3.7ms
[2023-12-02T15:33:24.047+0000][75.099s][info ][gc,phases     ] GC(57)   Other: 0.7ms
[2023-12-02T15:33:24.047+0000][75.099s][info ][gc,heap       ] GC(57) Eden regions: 224->0(223)
[2023-12-02T15:33:24.048+0000][75.099s][info ][gc,heap       ] GC(57) Survivor regions: 18->16(31)
[2023-12-02T15:33:24.048+0000][75.100s][info ][gc,heap       ] GC(57) Old regions: 124->129
[2023-12-02T15:33:24.048+0000][75.100s][info ][gc,heap       ] GC(57) Humongous regions: 0->0
[2023-12-02T15:33:24.048+0000][75.100s][info ][gc,metaspace  ] GC(57) Metaspace: 146759K(151176K)->146759K(151176K) NonClass: 129532K(132236K)->129532K(132236K) Class: 17227K(18940K)->17227K(18940K)
[2023-12-02T15:33:24.049+0000][75.100s][info ][gc            ] GC(57) Pause Young (Normal) (G1 Evacuation Pause) 364M->142M(427M) 23.866ms
[2023-12-02T15:33:24.049+0000][75.101s][info ][gc,cpu        ] GC(57) User=0.16s Sys=0.00s Real=0.02s
[2023-12-02T15:33:24.049+0000][75.101s][info ][safepoint     ] Leaving safepoint region
[2023-12-02T15:33:24.049+0000][75.101s][info ][safepoint     ] Total time for which application threads were stopped: 0.0254316 seconds, Stopping threads took: 0.0004427 seconds
[2023-12-02T15:33:24.050+0000][75.101s][info ][gc,stringdedup] Concurrent String Deduplication (75.101s)
[2023-12-02T15:33:24.053+0000][75.105s][info ][gc,stringdedup] Concurrent String Deduplication 349.2K->108.2K(241.0K) avg 53.4% (75.101s, 75.105s) 3.107ms
[2023-12-02T15:33:24.696+0000][75.748s][debug][safepoint     ] Safepoint synchronization initiated. (91 threads)
[2023-12-02T15:33:24.697+0000][75.748s][info ][safepoint     ] Application time: 0.6469536 seconds
[2023-12-02T15:33:24.697+0000][75.749s][info ][safepoint     ] Entering safepoint region: G1CollectForAllocation
[2023-12-02T15:33:24.698+0000][75.749s][info ][gc,start      ] GC(58) Pause Young (Normal) (G1 Evacuation Pause)
[2023-12-02T15:33:24.698+0000][75.749s][info ][gc,task       ] GC(58) Using 8 workers of 8 for evacuation
[2023-12-02T15:33:24.722+0000][75.774s][info ][gc,phases     ] GC(58)   Pre Evacuate Collection Set: 0.0ms
[2023-12-02T15:33:24.723+0000][75.774s][info ][gc,phases     ] GC(58)   Evacuate Collection Set: 17.9ms
[2023-12-02T15:33:24.723+0000][75.775s][info ][gc,phases     ] GC(58)   Post Evacuate Collection Set: 6.1ms
[2023-12-02T15:33:24.723+0000][75.775s][info ][gc,phases     ] GC(58)   Other: 0.6ms
[2023-12-02T15:33:24.723+0000][75.775s][info ][gc,heap       ] GC(58) Eden regions: 223->0(221)
[2023-12-02T15:33:24.723+0000][75.775s][info ][gc,heap       ] GC(58) Survivor regions: 16->17(30)
[2023-12-02T15:33:24.723+0000][75.775s][info ][gc,heap       ] GC(58) Old regions: 129->129
[2023-12-02T15:33:24.724+0000][75.775s][info ][gc,heap       ] GC(58) Humongous regions: 0->0
[2023-12-02T15:33:24.724+0000][75.776s][info ][gc,metaspace  ] GC(58) Metaspace: 146840K(151176K)->146840K(151176K) NonClass: 129605K(132236K)->129605K(132236K) Class: 17234K(18940K)->17234K(18940K)
[2023-12-02T15:33:24.724+0000][75.776s][info ][gc            ] GC(58) Pause Young (Normal) (G1 Evacuation Pause) 365M->143M(427M) 26.668ms
[2023-12-02T15:33:24.724+0000][75.776s][info ][gc,cpu        ] GC(58) User=0.18s Sys=0.00s Real=0.03s
[2023-12-02T15:33:24.725+0000][75.776s][info ][safepoint     ] Leaving safepoint region
[2023-12-02T15:33:24.725+0000][75.776s][info ][safepoint     ] Total time for which application threads were stopped: 0.0278808 seconds, Stopping threads took: 0.0002991 seconds
[2023-12-02T15:33:24.725+0000][75.777s][info ][gc,stringdedup] Concurrent String Deduplication (75.777s)
[2023-12-02T15:33:24.728+0000][75.779s][info ][gc,stringdedup] Concurrent String Deduplication 246.6K->90704.0B(158.0K) avg 53.6% (75.777s, 75.779s) 2.650ms
[2023-12-02T15:33:25.155+0000][76.206s][debug][safepoint     ] Safepoint synchronization initiated. (99 threads)
[2023-12-02T15:33:25.155+0000][76.207s][info ][safepoint     ] Application time: 0.4300313 seconds
[2023-12-02T15:33:25.155+0000][76.207s][info ][safepoint     ] Entering safepoint region: Deoptimize
[2023-12-02T15:33:25.158+0000][76.210s][info ][safepoint     ] Leaving safepoint region
[2023-12-02T15:33:25.158+0000][76.210s][info ][safepoint     ] Total time for which application threads were stopped: 0.0030604 seconds, Stopping threads took: 0.0002414 seconds
[2023-12-02T15:33:25.288+0000][76.340s][debug][safepoint     ] Safepoint synchronization initiated. (109 threads)
[2023-12-02T15:33:25.288+0000][76.340s][info ][safepoint     ] Application time: 0.1298220 seconds
[2023-12-02T15:33:25.289+0000][76.341s][debug][safepoint     ] Waiting for 1 thread(s) to block
[2023-12-02T15:33:25.289+0000][76.341s][info ][safepoint     ] Entering safepoint region: ICBufferFull
[2023-12-02T15:33:25.290+0000][76.342s][info ][safepoint     ] Leaving safepoint region
[2023-12-02T15:33:25.290+0000][76.342s][info ][safepoint     ] Total time for which application threads were stopped: 0.0015645 seconds, Stopping threads took: 0.0007262 seconds
[2023-12-02T15:33:25.330+0000][76.382s][debug][safepoint     ] Safepoint synchronization initiated. (110 threads)
[2023-12-02T15:33:25.331+0000][76.382s][info ][safepoint     ] Application time: 0.0400118 seconds
[2023-12-02T15:33:25.331+0000][76.383s][debug][safepoint     ] ... found polling page return exception at pc = 0x00007f43fc3455b6, stub =0x00007f43f4840600
[2023-12-02T15:33:25.332+0000][76.383s][debug][safepoint     ] Waiting for 1 thread(s) to block
[2023-12-02T15:33:25.332+0000][76.384s][info ][safepoint     ] Entering safepoint region: Deoptimize
[2023-12-02T15:33:25.335+0000][76.386s][info ][safepoint     ] Leaving safepoint region
[2023-12-02T15:33:25.335+0000][76.387s][info ][safepoint     ] Total time for which application threads were stopped: 0.0040002 seconds, Stopping threads took: 0.0014106 seconds
[2023-12-02T15:33:25.681+0000][76.732s][debug][safepoint     ] Safepoint synchronization initiated. (128 threads)
[2023-12-02T15:33:25.681+0000][76.733s][info ][safepoint     ] Application time: 0.3458514 seconds
[2023-12-02T15:33:25.682+0000][76.733s][info ][safepoint     ] Entering safepoint region: Deoptimize
[2023-12-02T15:33:25.685+0000][76.737s][info ][safepoint     ] Leaving safepoint region
[2023-12-02T15:33:25.685+0000][76.737s][info ][safepoint     ] Total time for which application threads were stopped: 0.0038026 seconds, Stopping threads took: 0.0004758 seconds
[2023-12-02T15:33:25.701+0000][76.753s][debug][safepoint     ] Safepoint synchronization initiated. (128 threads)
[2023-12-02T15:33:25.702+0000][76.754s][info ][safepoint     ] Application time: 0.0160892 seconds
[2023-12-02T15:33:25.703+0000][76.754s][info ][safepoint     ] Entering safepoint region: Deoptimize
[2023-12-02T15:33:25.705+0000][76.757s][info ][safepoint     ] Leaving safepoint region
[2023-12-02T15:33:25.705+0000][76.757s][info ][safepoint     ] Total time for which application threads were stopped: 0.0028935 seconds, Stopping threads took: 0.0003634 seconds
[2023-12-02T15:33:25.750+0000][76.802s][debug][safepoint     ] Safepoint synchronization initiated. (128 threads)
[2023-12-02T15:33:25.750+0000][76.802s][info ][safepoint     ] Application time: 0.0447451 seconds
[2023-12-02T15:33:25.751+0000][76.803s][debug][safepoint     ] ... found polling page return exception at pc = 0x00007f43f52350dd, stub =0x00007f43f4840600
[2023-12-02T15:33:25.751+0000][76.803s][debug][safepoint     ] Waiting for 1 thread(s) to block
[2023-12-02T15:33:25.752+0000][76.804s][info ][safepoint     ] Entering safepoint region: Deoptimize
[2023-12-02T15:33:25.755+0000][76.807s][info ][safepoint     ] Leaving safepoint region
[2023-12-02T15:33:25.755+0000][76.807s][info ][safepoint     ] Total time for which application threads were stopped: 0.0045305 seconds, Stopping threads took: 0.0019665 seconds
[2023-12-02T15:33:25.757+0000][76.809s][debug][safepoint     ] Safepoint synchronization initiated. (128 threads)
[2023-12-02T15:33:25.758+0000][76.809s][info ][safepoint     ] Application time: 0.0019428 seconds
[2023-12-02T15:33:25.758+0000][76.810s][info ][safepoint     ] Entering safepoint region: Deoptimize
[2023-12-02T15:33:25.760+0000][76.812s][info ][safepoint     ] Leaving safepoint region
[2023-12-02T15:33:25.761+0000][76.812s][info ][safepoint     ] Total time for which application threads were stopped: 0.0025365 seconds, Stopping threads took: 0.0003246 seconds
[2023-12-02T15:33:25.765+0000][76.816s][debug][safepoint     ] Safepoint synchronization initiated. (128 threads)
[2023-12-02T15:33:25.765+0000][76.817s][info ][safepoint     ] Application time: 0.0041986 seconds
[2023-12-02T15:33:25.765+0000][76.817s][debug][safepoint     ] Waiting for 1 thread(s) to block
[2023-12-02T15:33:25.766+0000][76.817s][info ][safepoint     ] Entering safepoint region: Deoptimize
[2023-12-02T15:33:25.768+0000][76.820s][info ][safepoint     ] Leaving safepoint region
[2023-12-02T15:33:25.768+0000][76.820s][info ][safepoint     ] Total time for which application threads were stopped: 0.0030521 seconds, Stopping threads took: 0.0005090 seconds
[2023-12-02T15:33:25.868+0000][76.920s][debug][safepoint     ] Safepoint synchronization initiated. (133 threads)
[2023-12-02T15:33:25.869+0000][76.921s][info ][safepoint     ] Application time: 0.1008108 seconds
[2023-12-02T15:33:25.870+0000][76.921s][debug][safepoint     ] ... found polling page return exception at pc = 0x00007f43fc98e38f, stub =0x00007f43f4840600
[2023-12-02T15:33:25.870+0000][76.921s][debug][safepoint     ] ... found polling page return exception at pc = 0x00007f43f6cc7e68, stub =0x00007f43f4840600
[2023-12-02T15:33:25.870+0000][76.922s][debug][safepoint     ] Waiting for 2 thread(s) to block
[2023-12-02T15:33:25.871+0000][76.922s][info ][safepoint     ] Entering safepoint region: Deoptimize
[2023-12-02T15:33:25.873+0000][76.925s][info ][safepoint     ] Leaving safepoint region
[2023-12-02T15:33:25.873+0000][76.925s][info ][safepoint     ] Total time for which application threads were stopped: 0.0037341 seconds, Stopping threads took: 0.0012651 seconds
[2023-12-02T15:33:25.882+0000][76.934s][debug][safepoint     ] Safepoint synchronization initiated. (133 threads)
[2023-12-02T15:33:25.882+0000][76.934s][info ][safepoint     ] Application time: 0.0088536 seconds
[2023-12-02T15:33:25.883+0000][76.935s][debug][safepoint     ] ... found polling page return exception at pc = 0x00007f43f5408436, stub =0x00007f43f4840600
[2023-12-02T15:33:25.883+0000][76.935s][debug][safepoint     ] Waiting for 1 thread(s) to block
[2023-12-02T15:33:25.883+0000][76.935s][info ][safepoint     ] Entering safepoint region: Deoptimize
[2023-12-02T15:33:25.886+0000][76.938s][info ][safepoint     ] Leaving safepoint region
[2023-12-02T15:33:25.887+0000][76.938s][info ][safepoint     ] Total time for which application threads were stopped: 0.0038612 seconds, Stopping threads took: 0.0008881 seconds
[2023-12-02T15:33:25.941+0000][76.993s][debug][safepoint     ] Safepoint synchronization initiated. (134 threads)
[2023-12-02T15:33:25.942+0000][76.994s][info ][safepoint     ] Application time: 0.0550883 seconds
[2023-12-02T15:33:25.943+0000][76.994s][debug][safepoint     ] ... found polling page return exception at pc = 0x00007f43f686a3b0, stub =0x00007f43f4840600
[2023-12-02T15:33:25.943+0000][76.995s][debug][safepoint     ] Waiting for 3 thread(s) to block
[2023-12-02T15:33:25.944+0000][76.995s][info ][safepoint     ] Entering safepoint region: Deoptimize
[2023-12-02T15:33:25.947+0000][76.998s][info ][safepoint     ] Leaving safepoint region
[2023-12-02T15:33:25.947+0000][76.999s][info ][safepoint     ] Total time for which application threads were stopped: 0.0043573 seconds, Stopping threads took: 0.0011609 seconds
[2023-12-02T15:33:26.007+0000][77.059s][debug][safepoint     ] Safepoint synchronization initiated. (134 threads)
[2023-12-02T15:33:26.007+0000][77.059s][info ][safepoint     ] Application time: 0.0602692 seconds
[2023-12-02T15:33:26.008+0000][77.060s][debug][safepoint     ] ... found polling page return exception at pc = 0x00007f43fce08a49, stub =0x00007f43f4840600
[2023-12-02T15:33:26.008+0000][77.060s][debug][safepoint     ] Waiting for 1 thread(s) to block
[2023-12-02T15:33:26.009+0000][77.061s][info ][safepoint     ] Entering safepoint region: G1CollectForAllocation
[2023-12-02T15:33:26.010+0000][77.061s][info ][gc,start      ] GC(59) Pause Young (Normal) (G1 Evacuation Pause)
[2023-12-02T15:33:26.010+0000][77.062s][info ][gc,task       ] GC(59) Using 8 workers of 8 for evacuation
[2023-12-02T15:33:26.032+0000][77.083s][info ][gc,phases     ] GC(59)   Pre Evacuate Collection Set: 0.0ms
[2023-12-02T15:33:26.032+0000][77.084s][info ][gc,phases     ] GC(59)   Evacuate Collection Set: 17.2ms
[2023-12-02T15:33:26.032+0000][77.084s][info ][gc,phases     ] GC(59)   Post Evacuate Collection Set: 4.2ms
[2023-12-02T15:33:26.032+0000][77.084s][info ][gc,phases     ] GC(59)   Other: 0.7ms
[2023-12-02T15:33:26.033+0000][77.084s][info ][gc,heap       ] GC(59) Eden regions: 221->0(215)
[2023-12-02T15:33:26.033+0000][77.085s][info ][gc,heap       ] GC(59) Survivor regions: 17->20(30)
[2023-12-02T15:33:26.033+0000][77.085s][info ][gc,heap       ] GC(59) Old regions: 129->129
[2023-12-02T15:33:26.033+0000][77.085s][info ][gc,heap       ] GC(59) Humongous regions: 0->0
[2023-12-02T15:33:26.033+0000][77.085s][info ][gc,metaspace  ] GC(59) Metaspace: 154025K(159240K)->154025K(159240K) NonClass: 135902K(139148K)->135902K(139148K) Class: 18123K(20092K)->18123K(20092K)
[2023-12-02T15:33:26.034+0000][77.086s][info ][gc            ] GC(59) Pause Young (Normal) (G1 Evacuation Pause) 364M->147M(427M) 24.196ms
[2023-12-02T15:33:26.034+0000][77.086s][info ][gc,cpu        ] GC(59) User=0.16s Sys=0.01s Real=0.03s
[2023-12-02T15:33:26.034+0000][77.086s][info ][safepoint     ] Leaving safepoint region
[2023-12-02T15:33:26.034+0000][77.086s][info ][safepoint     ] Total time for which application threads were stopped: 0.0264159 seconds, Stopping threads took: 0.0013002 seconds
[2023-12-02T15:33:26.035+0000][77.086s][info ][gc,stringdedup] Concurrent String Deduplication (77.086s)
[2023-12-02T15:33:26.037+0000][77.089s][info ][gc,stringdedup] Concurrent String Deduplication 188.5K->76336.0B(114.0K) avg 53.6% (77.086s, 77.089s) 2.818ms
[2023-12-02T15:33:26.248+0000][77.300s][debug][safepoint     ] Safepoint synchronization initiated. (147 threads)
[2023-12-02T15:33:26.249+0000][77.300s][info ][safepoint     ] Application time: 0.2139742 seconds
[2023-12-02T15:33:26.249+0000][77.301s][debug][safepoint     ] ... found polling page return exception at pc = 0x00007f43f62a53ad, stub =0x00007f43f4840600
[2023-12-02T15:33:26.249+0000][77.301s][debug][safepoint     ] Waiting for 2 thread(s) to block
[2023-12-02T15:33:26.250+0000][77.301s][info ][safepoint     ] Entering safepoint region: Deoptimize
[2023-12-02T15:33:26.252+0000][77.304s][info ][safepoint     ] Leaving safepoint region
[2023-12-02T15:33:26.253+0000][77.304s][info ][safepoint     ] Total time for which application threads were stopped: 0.0037287 seconds, Stopping threads took: 0.0010812 seconds
[2023-12-02T15:33:26.389+0000][77.440s][debug][safepoint     ] Safepoint synchronization initiated. (175 threads)
[2023-12-02T15:33:26.389+0000][77.441s][info ][safepoint     ] Application time: 0.1361715 seconds
[2023-12-02T15:33:26.389+0000][77.441s][debug][safepoint     ] ... found polling page loop exception at pc = 0x00007f43fc9babfa, stub =0x00007f43f4843680
[2023-12-02T15:33:26.390+0000][77.441s][debug][safepoint     ] Waiting for 2 thread(s) to block
[2023-12-02T15:33:26.390+0000][77.442s][info ][safepoint     ] Entering safepoint region: Deoptimize
[2023-12-02T15:33:26.393+0000][77.444s][info ][safepoint     ] Leaving safepoint region
[2023-12-02T15:33:26.393+0000][77.445s][info ][safepoint     ] Total time for which application threads were stopped: 0.0035390 seconds, Stopping threads took: 0.0009471 seconds
[2023-12-02T15:33:26.699+0000][77.751s][debug][safepoint     ] Safepoint synchronization initiated. (178 threads)
[2023-12-02T15:33:26.699+0000][77.751s][info ][safepoint     ] Application time: 0.3062733 seconds
[2023-12-02T15:33:26.700+0000][77.752s][debug][safepoint     ] Waiting for 1 thread(s) to block
[2023-12-02T15:33:26.700+0000][77.752s][info ][safepoint     ] Entering safepoint region: ICBufferFull
[2023-12-02T15:33:26.701+0000][77.752s][info ][safepoint     ] Leaving safepoint region
[2023-12-02T15:33:26.701+0000][77.753s][info ][safepoint     ] Total time for which application threads were stopped: 0.0013985 seconds, Stopping threads took: 0.0006059 seconds
[2023-12-02T15:33:26.736+0000][77.787s][debug][safepoint     ] Safepoint synchronization initiated. (178 threads)
[2023-12-02T15:33:26.736+0000][77.788s][info ][safepoint     ] Application time: 0.0347754 seconds
[2023-12-02T15:33:26.736+0000][77.788s][info ][safepoint     ] Entering safepoint region: ICBufferFull
[2023-12-02T15:33:26.737+0000][77.789s][info ][safepoint     ] Leaving safepoint region
[2023-12-02T15:33:26.737+0000][77.789s][info ][safepoint     ] Total time for which application threads were stopped: 0.0009202 seconds, Stopping threads took: 0.0003541 seconds
[2023-12-02T15:33:26.863+0000][77.915s][debug][safepoint     ] Safepoint synchronization initiated. (178 threads)
[2023-12-02T15:33:26.864+0000][77.915s][info ][safepoint     ] Application time: 0.1260386 seconds
[2023-12-02T15:33:26.864+0000][77.916s][info ][safepoint     ] Entering safepoint region: ICBufferFull
[2023-12-02T15:33:26.865+0000][77.916s][info ][safepoint     ] Leaving safepoint region
[2023-12-02T15:33:26.865+0000][77.917s][info ][safepoint     ] Total time for which application threads were stopped: 0.0010828 seconds, Stopping threads took: 0.0002901 seconds
[2023-12-02T15:33:27.228+0000][78.279s][debug][safepoint     ] Safepoint synchronization initiated. (178 threads)
[2023-12-02T15:33:27.228+0000][78.280s][info ][safepoint     ] Application time: 0.3630464 seconds
[2023-12-02T15:33:27.229+0000][78.280s][info ][safepoint     ] Entering safepoint region: ICBufferFull
[2023-12-02T15:33:27.230+0000][78.281s][info ][safepoint     ] Leaving safepoint region
[2023-12-02T15:33:27.230+0000][78.282s][info ][safepoint     ] Total time for which application threads were stopped: 0.0012864 seconds, Stopping threads took: 0.0003659 seconds
[2023-12-02T15:33:27.793+0000][78.844s][debug][safepoint     ] Safepoint synchronization initiated. (178 threads)
[2023-12-02T15:33:27.793+0000][78.845s][info ][safepoint     ] Application time: 0.5630023 seconds
[2023-12-02T15:33:27.794+0000][78.845s][info ][safepoint     ] Entering safepoint region: ICBufferFull
[2023-12-02T15:33:27.794+0000][78.846s][info ][safepoint     ] Leaving safepoint region
[2023-12-02T15:33:27.795+0000][78.846s][info ][safepoint     ] Total time for which application threads were stopped: 0.0009734 seconds, Stopping threads took: 0.0003112 seconds
[2023-12-02T15:33:27.816+0000][78.868s][debug][safepoint     ] Safepoint synchronization initiated. (178 threads)
[2023-12-02T15:33:27.817+0000][78.868s][info ][safepoint     ] Application time: 0.0218065 seconds
[2023-12-02T15:33:27.817+0000][78.869s][info ][safepoint     ] Entering safepoint region: Deoptimize
[2023-12-02T15:33:27.821+0000][78.872s][info ][safepoint     ] Leaving safepoint region
[2023-12-02T15:33:27.821+0000][78.873s][info ][safepoint     ] Total time for which application threads were stopped: 0.0042096 seconds, Stopping threads took: 0.0003256 seconds
[2023-12-02T15:33:28.308+0000][79.360s][debug][safepoint     ] Safepoint synchronization initiated. (178 threads)
[2023-12-02T15:33:28.309+0000][79.360s][info ][safepoint     ] Application time: 0.4871202 seconds
[2023-12-02T15:33:28.309+0000][79.361s][debug][safepoint     ] Waiting for 1 thread(s) to block
[2023-12-02T15:33:28.310+0000][79.361s][info ][safepoint     ] Entering safepoint region: G1CollectForAllocation
[2023-12-02T15:33:28.310+0000][79.362s][info ][gc,start      ] GC(60) Pause Young (Normal) (G1 Evacuation Pause)
[2023-12-02T15:33:28.311+0000][79.362s][info ][gc,task       ] GC(60) Using 8 workers of 8 for evacuation
[2023-12-02T15:33:28.356+0000][79.408s][info ][gc,phases     ] GC(60)   Pre Evacuate Collection Set: 0.0ms
[2023-12-02T15:33:28.357+0000][79.408s][info ][gc,phases     ] GC(60)   Evacuate Collection Set: 35.1ms
[2023-12-02T15:33:28.357+0000][79.409s][info ][gc,phases     ] GC(60)   Post Evacuate Collection Set: 10.0ms
[2023-12-02T15:33:28.358+0000][79.409s][info ][gc,phases     ] GC(60)   Other: 0.8ms
[2023-12-02T15:33:28.358+0000][79.410s][info ][gc,heap       ] GC(60) Eden regions: 215->0(206)
[2023-12-02T15:33:28.359+0000][79.410s][info ][gc,heap       ] GC(60) Survivor regions: 20->21(30)
[2023-12-02T15:33:28.359+0000][79.411s][info ][gc,heap       ] GC(60) Old regions: 129->136
[2023-12-02T15:33:28.359+0000][79.411s][info ][gc,heap       ] GC(60) Humongous regions: 0->0
[2023-12-02T15:33:28.360+0000][79.411s][info ][gc,metaspace  ] GC(60) Metaspace: 165865K(174472K)->165865K(174472K) NonClass: 146487K(152716K)->146487K(152716K) Class: 19377K(21756K)->19377K(21756K)
[2023-12-02T15:33:28.360+0000][79.412s][info ][gc            ] GC(60) Pause Young (Normal) (G1 Evacuation Pause) 362M->154M(427M) 49.743ms
[2023-12-02T15:33:28.361+0000][79.412s][info ][gc,cpu        ] GC(60) User=0.33s Sys=0.01s Real=0.05s
[2023-12-02T15:33:28.361+0000][79.413s][info ][safepoint     ] Leaving safepoint region
[2023-12-02T15:33:28.361+0000][79.413s][info ][safepoint     ] Total time for which application threads were stopped: 0.0520444 seconds, Stopping threads took: 0.0008422 seconds
[2023-12-02T15:33:28.361+0000][79.413s][info ][gc,stringdedup] Concurrent String Deduplication (79.413s)
[2023-12-02T15:33:28.365+0000][79.416s][info ][gc,stringdedup] Concurrent String Deduplication 198.4K->67720.0B(132.2K) avg 53.8% (79.413s, 79.416s) 3.269ms
[2023-12-02T15:33:28.730+0000][79.782s][debug][safepoint     ] Safepoint synchronization initiated. (178 threads)
[2023-12-02T15:33:28.731+0000][79.783s][info ][safepoint     ] Application time: 0.3694796 seconds
[2023-12-02T15:33:28.731+0000][79.783s][info ][safepoint     ] Entering safepoint region: CollectForMetadataAllocation
[2023-12-02T15:33:28.732+0000][79.783s][info ][gc,start      ] GC(61) Pause Young (Concurrent Start) (Metadata GC Threshold)
[2023-12-02T15:33:28.732+0000][79.784s][info ][gc,task       ] GC(61) Using 8 workers of 8 for evacuation
[2023-12-02T15:33:28.760+0000][79.812s][info ][gc,phases     ] GC(61)   Pre Evacuate Collection Set: 0.8ms
[2023-12-02T15:33:28.761+0000][79.812s][info ][gc,phases     ] GC(61)   Evacuate Collection Set: 22.6ms
[2023-12-02T15:33:28.761+0000][79.813s][info ][gc,phases     ] GC(61)   Post Evacuate Collection Set: 4.7ms
[2023-12-02T15:33:28.761+0000][79.813s][info ][gc,phases     ] GC(61)   Other: 0.7ms
[2023-12-02T15:33:28.761+0000][79.813s][info ][gc,heap       ] GC(61) Eden regions: 29->0(202)
[2023-12-02T15:33:28.761+0000][79.813s][info ][gc,heap       ] GC(61) Survivor regions: 21->17(29)
[2023-12-02T15:33:28.762+0000][79.813s][info ][gc,heap       ] GC(61) Old regions: 136->141
[2023-12-02T15:33:28.762+0000][79.814s][info ][gc,heap       ] GC(61) Humongous regions: 0->0
[2023-12-02T15:33:28.762+0000][79.814s][info ][gc,metaspace  ] GC(61) Metaspace: 167023K(177032K)->167023K(177032K) NonClass: 147501K(155020K)->147501K(155020K) Class: 19521K(22012K)->19521K(22012K)
[2023-12-02T15:33:28.762+0000][79.814s][info ][gc            ] GC(61) Pause Young (Concurrent Start) (Metadata GC Threshold) 182M->155M(427M) 30.532ms
[2023-12-02T15:33:28.762+0000][79.814s][info ][gc,cpu        ] GC(61) User=0.15s Sys=0.01s Real=0.03s
[2023-12-02T15:33:28.763+0000][79.814s][info ][gc            ] GC(62) Concurrent Cycle
[2023-12-02T15:33:28.763+0000][79.815s][info ][safepoint     ] Leaving safepoint region
[2023-12-02T15:33:28.763+0000][79.815s][info ][safepoint     ] Total time for which application threads were stopped: 0.0322231 seconds, Stopping threads took: 0.0002479 seconds
[2023-12-02T15:33:28.763+0000][79.815s][info ][gc,marking    ] GC(62) Concurrent Clear Claimed Marks
[2023-12-02T15:33:28.764+0000][79.815s][info ][gc,stringdedup] Concurrent String Deduplication (79.815s)
[2023-12-02T15:33:28.765+0000][79.816s][info ][gc,marking    ] GC(62) Concurrent Clear Claimed Marks 1.537ms
[2023-12-02T15:33:28.765+0000][79.817s][info ][gc,marking    ] GC(62) Concurrent Scan Root Regions
[2023-12-02T15:33:28.769+0000][79.821s][info ][gc,stringdedup] Concurrent String Deduplication 366.3K->191.1K(175.3K) avg 53.6% (79.815s, 79.821s) 5.333ms
[2023-12-02T15:33:28.775+0000][79.826s][info ][gc,marking    ] GC(62) Concurrent Scan Root Regions 9.656ms
[2023-12-02T15:33:28.775+0000][79.827s][info ][gc,marking    ] GC(62) Concurrent Mark (79.827s)
[2023-12-02T15:33:28.775+0000][79.827s][info ][gc,marking    ] GC(62) Concurrent Mark From Roots
[2023-12-02T15:33:28.776+0000][79.827s][info ][gc,task       ] GC(62) Using 2 workers of 2 for marking
[2023-12-02T15:33:28.872+0000][79.923s][debug][safepoint     ] Safepoint synchronization initiated. (178 threads)
[2023-12-02T15:33:28.872+0000][79.924s][info ][safepoint     ] Application time: 0.1084246 seconds
[2023-12-02T15:33:28.872+0000][79.924s][info ][safepoint     ] Entering safepoint region: CollectForMetadataAllocation
[2023-12-02T15:33:28.873+0000][79.924s][info ][safepoint     ] Leaving safepoint region
[2023-12-02T15:33:28.873+0000][79.925s][info ][safepoint     ] Total time for which application threads were stopped: 0.0007467 seconds, Stopping threads took: 0.0002540 seconds
[2023-12-02T15:33:28.902+0000][79.954s][debug][safepoint     ] Safepoint synchronization initiated. (178 threads)
[2023-12-02T15:33:28.903+0000][79.955s][info ][safepoint     ] Application time: 0.0296228 seconds
[2023-12-02T15:33:28.903+0000][79.955s][info ][safepoint     ] Entering safepoint region: CollectForMetadataAllocation
[2023-12-02T15:33:28.904+0000][79.955s][info ][safepoint     ] Leaving safepoint region
[2023-12-02T15:33:28.904+0000][79.956s][info ][safepoint     ] Total time for which application threads were stopped: 0.0009478 seconds, Stopping threads took: 0.0002176 seconds
[2023-12-02T15:33:28.979+0000][80.031s][info ][gc,marking    ] GC(62) Concurrent Mark From Roots 203.551ms
[2023-12-02T15:33:28.979+0000][80.031s][info ][gc,marking    ] GC(62) Concurrent Preclean
[2023-12-02T15:33:28.980+0000][80.032s][info ][gc,marking    ] GC(62) Concurrent Preclean 0.420ms
[2023-12-02T15:33:28.980+0000][80.032s][info ][gc,marking    ] GC(62) Concurrent Mark (79.827s, 80.032s) 205.146ms
[2023-12-02T15:33:28.980+0000][80.032s][debug][safepoint     ] Safepoint synchronization initiated. (178 threads)
[2023-12-02T15:33:28.981+0000][80.032s][info ][safepoint     ] Application time: 0.0765797 seconds
[2023-12-02T15:33:28.981+0000][80.033s][debug][safepoint     ] ... found polling page return exception at pc = 0x00007f43fc2cf143, stub =0x00007f43f4840600
[2023-12-02T15:33:28.981+0000][80.033s][debug][safepoint     ] Waiting for 1 thread(s) to block
[2023-12-02T15:33:28.982+0000][80.033s][info ][safepoint     ] Entering safepoint region: CGC_Operation
[2023-12-02T15:33:28.982+0000][80.034s][info ][gc,start      ] GC(62) Pause Remark
[2023-12-02T15:33:29.015+0000][80.067s][info ][gc,stringtable] GC(62) Cleaned string and symbol table, strings: 82212 processed, 99 removed, symbols: 406004 processed, 244 removed
[2023-12-02T15:33:29.016+0000][80.067s][info ][gc            ] GC(62) Pause Remark 170M->170M(427M) 33.563ms
[2023-12-02T15:33:29.016+0000][80.068s][info ][gc,cpu        ] GC(62) User=0.21s Sys=0.01s Real=0.03s
[2023-12-02T15:33:29.016+0000][80.068s][info ][safepoint     ] Leaving safepoint region
[2023-12-02T15:33:29.016+0000][80.068s][info ][safepoint     ] Total time for which application threads were stopped: 0.0354922 seconds, Stopping threads took: 0.0008460 seconds
[2023-12-02T15:33:29.017+0000][80.068s][info ][gc,marking    ] GC(62) Concurrent Rebuild Remembered Sets
[2023-12-02T15:33:29.219+0000][80.270s][info ][gc,marking    ] GC(62) Concurrent Rebuild Remembered Sets 201.830ms
[2023-12-02T15:33:29.219+0000][80.271s][debug][safepoint     ] Safepoint synchronization initiated. (178 threads)
[2023-12-02T15:33:29.219+0000][80.271s][info ][safepoint     ] Application time: 0.2026767 seconds
[2023-12-02T15:33:29.220+0000][80.272s][debug][safepoint     ] ... found polling page return exception at pc = 0x00007f43f76488ef, stub =0x00007f43f4840600
[2023-12-02T15:33:29.220+0000][80.272s][debug][safepoint     ] Waiting for 3 thread(s) to block
[2023-12-02T15:33:29.220+0000][80.272s][info ][safepoint     ] Entering safepoint region: CGC_Operation
[2023-12-02T15:33:29.221+0000][80.273s][info ][gc,start      ] GC(62) Pause Cleanup
[2023-12-02T15:33:29.222+0000][80.274s][info ][gc            ] GC(62) Pause Cleanup 180M->180M(427M) 0.809ms
[2023-12-02T15:33:29.222+0000][80.274s][info ][gc,cpu        ] GC(62) User=0.00s Sys=0.00s Real=0.00s
[2023-12-02T15:33:29.222+0000][80.274s][info ][safepoint     ] Leaving safepoint region
[2023-12-02T15:33:29.223+0000][80.275s][info ][safepoint     ] Total time for which application threads were stopped: 0.0033553 seconds, Stopping threads took: 0.0010872 seconds
[2023-12-02T15:33:29.223+0000][80.275s][info ][gc,marking    ] GC(62) Concurrent Cleanup for Next Mark
[2023-12-02T15:33:29.225+0000][80.277s][info ][gc,marking    ] GC(62) Concurrent Cleanup for Next Mark 1.594ms
[2023-12-02T15:33:29.225+0000][80.277s][info ][gc            ] GC(62) Concurrent Cycle 462.500ms
[2023-12-02T15:33:29.602+0000][80.654s][debug][safepoint     ] Safepoint synchronization initiated. (178 threads)
[2023-12-02T15:33:29.602+0000][80.654s][info ][safepoint     ] Application time: 0.3790187 seconds
[2023-12-02T15:33:29.603+0000][80.655s][debug][safepoint     ] Waiting for 1 thread(s) to block
[2023-12-02T15:33:29.603+0000][80.655s][info ][safepoint     ] Entering safepoint region: ICBufferFull
[2023-12-02T15:33:29.604+0000][80.656s][info ][safepoint     ] Leaving safepoint region
[2023-12-02T15:33:29.604+0000][80.656s][info ][safepoint     ] Total time for which application threads were stopped: 0.0016491 seconds, Stopping threads took: 0.0009846 seconds
[2023-12-02T15:33:30.121+0000][81.173s][debug][safepoint     ] Safepoint synchronization initiated. (178 threads)
[2023-12-02T15:33:30.121+0000][81.173s][info ][safepoint     ] Application time: 0.5170125 seconds
[2023-12-02T15:33:30.122+0000][81.174s][debug][safepoint     ] Waiting for 1 thread(s) to block
[2023-12-02T15:33:30.122+0000][81.174s][info ][safepoint     ] Entering safepoint region: ICBufferFull
[2023-12-02T15:33:30.123+0000][81.175s][info ][safepoint     ] Leaving safepoint region
[2023-12-02T15:33:30.123+0000][81.175s][info ][safepoint     ] Total time for which application threads were stopped: 0.0014153 seconds, Stopping threads took: 0.0007189 seconds
[2023-12-02T15:33:31.124+0000][82.175s][debug][safepoint     ] Safepoint synchronization initiated. (179 threads)
[2023-12-02T15:33:31.124+0000][82.176s][info ][safepoint     ] Application time: 1.0008276 seconds
[2023-12-02T15:33:31.125+0000][82.177s][info ][safepoint     ] Entering safepoint region: Cleanup
[2023-12-02T15:33:31.126+0000][82.177s][info ][safepoint     ] Leaving safepoint region
[2023-12-02T15:33:31.126+0000][82.178s][info ][safepoint     ] Total time for which application threads were stopped: 0.0011817 seconds, Stopping threads took: 0.0004434 seconds
[2023-12-02T15:33:32.126+0000][83.178s][debug][safepoint     ] Safepoint synchronization initiated. (176 threads)
[2023-12-02T15:33:32.127+0000][83.179s][info ][safepoint     ] Application time: 1.0007239 seconds
[2023-12-02T15:33:32.127+0000][83.179s][info ][safepoint     ] Entering safepoint region: Cleanup
[2023-12-02T15:33:32.128+0000][83.180s][info ][safepoint     ] Leaving safepoint region
[2023-12-02T15:33:32.128+0000][83.180s][info ][safepoint     ] Total time for which application threads were stopped: 0.0011039 seconds, Stopping threads took: 0.0004785 seconds
[2023-12-02T15:33:34.129+0000][85.181s][debug][safepoint     ] Safepoint synchronization initiated. (176 threads)
[2023-12-02T15:33:34.129+0000][85.181s][info ][safepoint     ] Application time: 2.0006127 seconds
[2023-12-02T15:33:34.130+0000][85.181s][info ][safepoint     ] Entering safepoint region: Cleanup
[2023-12-02T15:33:34.130+0000][85.182s][info ][safepoint     ] Leaving safepoint region
[2023-12-02T15:33:34.130+0000][85.182s][info ][safepoint     ] Total time for which application threads were stopped: 0.0008758 seconds, Stopping threads took: 0.0003486 seconds
[2023-12-02T15:33:37.131+0000][88.183s][debug][safepoint     ] Safepoint synchronization initiated. (176 threads)
[2023-12-02T15:33:37.132+0000][88.184s][info ][safepoint     ] Application time: 3.0013552 seconds
[2023-12-02T15:33:37.133+0000][88.184s][info ][safepoint     ] Entering safepoint region: Cleanup
[2023-12-02T15:33:37.133+0000][88.185s][info ][safepoint     ] Leaving safepoint region
[2023-12-02T15:33:37.134+0000][88.185s][info ][safepoint     ] Total time for which application threads were stopped: 0.0011192 seconds, Stopping threads took: 0.0005008 seconds
[2023-12-02T15:33:38.134+0000][89.186s][debug][safepoint     ] Safepoint synchronization initiated. (176 threads)
[2023-12-02T15:33:38.135+0000][89.186s][info ][safepoint     ] Application time: 1.0005613 seconds
[2023-12-02T15:33:38.135+0000][89.187s][debug][safepoint     ] ... found polling page return exception at pc = 0x00007f43fcdcb852, stub =0x00007f43f4840600
[2023-12-02T15:33:38.136+0000][89.187s][debug][safepoint     ] Waiting for 1 thread(s) to block
[2023-12-02T15:33:38.136+0000][89.188s][info ][safepoint     ] Entering safepoint region: Cleanup
[2023-12-02T15:33:38.137+0000][89.188s][info ][safepoint     ] Leaving safepoint region
[2023-12-02T15:33:38.137+0000][89.189s][info ][safepoint     ] Total time for which application threads were stopped: 0.0019399 seconds, Stopping threads took: 0.0013765 seconds
[2023-12-02T15:33:40.138+0000][91.190s][debug][safepoint     ] Safepoint synchronization initiated. (176 threads)
[2023-12-02T15:33:40.138+0000][91.190s][info ][safepoint     ] Application time: 2.0009886 seconds
[2023-12-02T15:33:40.139+0000][91.191s][info ][safepoint     ] Entering safepoint region: Cleanup
[2023-12-02T15:33:40.139+0000][91.191s][info ][safepoint     ] Leaving safepoint region
[2023-12-02T15:33:40.140+0000][91.192s][info ][safepoint     ] Total time for which application threads were stopped: 0.0009582 seconds, Stopping threads took: 0.0004240 seconds
[2023-12-02T15:33:42.141+0000][93.192s][debug][safepoint     ] Safepoint synchronization initiated. (176 threads)
[2023-12-02T15:33:42.141+0000][93.193s][info ][safepoint     ] Application time: 2.0009181 seconds
[2023-12-02T15:33:42.142+0000][93.193s][info ][safepoint     ] Entering safepoint region: Cleanup
[2023-12-02T15:33:42.142+0000][93.194s][info ][safepoint     ] Leaving safepoint region
[2023-12-02T15:33:42.143+0000][93.194s][info ][safepoint     ] Total time for which application threads were stopped: 0.0012076 seconds, Stopping threads took: 0.0005284 seconds
[2023-12-02T15:33:57.145+0000][108.197s][debug][safepoint     ] Safepoint synchronization initiated. (176 threads)
[2023-12-02T15:33:57.146+0000][108.198s][info ][safepoint     ] Application time: 15.0030371 seconds
[2023-12-02T15:33:57.146+0000][108.198s][info ][safepoint     ] Entering safepoint region: Cleanup
[2023-12-02T15:33:57.147+0000][108.199s][info ][safepoint     ] Leaving safepoint region
[2023-12-02T15:33:57.147+0000][108.199s][info ][safepoint     ] Total time for which application threads were stopped: 0.0009556 seconds, Stopping threads took: 0.0003892 seconds
[2023-12-02T15:33:58.148+0000][109.200s][debug][safepoint     ] Safepoint synchronization initiated. (176 threads)
[2023-12-02T15:33:58.148+0000][109.200s][info ][safepoint     ] Application time: 1.0005733 seconds
[2023-12-02T15:33:58.148+0000][109.200s][info ][safepoint     ] Entering safepoint region: Cleanup
[2023-12-02T15:33:58.149+0000][109.201s][info ][safepoint     ] Leaving safepoint region
[2023-12-02T15:33:58.149+0000][109.201s][info ][safepoint     ] Total time for which application threads were stopped: 0.0007573 seconds, Stopping threads took: 0.0003424 seconds
[2023-12-02T15:34:01.150+0000][112.202s][debug][safepoint     ] Safepoint synchronization initiated. (176 threads)
[2023-12-02T15:34:01.150+0000][112.202s][info ][safepoint     ] Application time: 3.0008970 seconds
[2023-12-02T15:34:01.151+0000][112.203s][info ][safepoint     ] Entering safepoint region: Cleanup
[2023-12-02T15:34:01.151+0000][112.203s][info ][safepoint     ] Leaving safepoint region
[2023-12-02T15:34:01.151+0000][112.204s][info ][safepoint     ] Total time for which application threads were stopped: 0.0008710 seconds, Stopping threads took: 0.0004423 seconds
[2023-12-02T15:34:16.155+0000][127.207s][debug][safepoint     ] Safepoint synchronization initiated. (176 threads)
[2023-12-02T15:34:16.155+0000][127.207s][info ][safepoint     ] Application time: 15.0032882 seconds
[2023-12-02T15:34:16.156+0000][127.208s][info ][safepoint     ] Entering safepoint region: Cleanup
[2023-12-02T15:34:16.156+0000][127.208s][info ][safepoint     ] Leaving safepoint region
[2023-12-02T15:34:16.157+0000][127.209s][info ][safepoint     ] Total time for which application threads were stopped: 0.0010931 seconds, Stopping threads took: 0.0003878 seconds
[2023-12-02T15:34:17.157+0000][128.209s][debug][safepoint     ] Safepoint synchronization initiated. (176 threads)
[2023-12-02T15:34:17.158+0000][128.210s][info ][safepoint     ] Application time: 1.0005704 seconds
[2023-12-02T15:34:17.158+0000][128.210s][info ][safepoint     ] Entering safepoint region: Cleanup
[2023-12-02T15:34:17.158+0000][128.211s][info ][safepoint     ] Leaving safepoint region
[2023-12-02T15:34:17.159+0000][128.211s][info ][safepoint     ] Total time for which application threads were stopped: 0.0007726 seconds, Stopping threads took: 0.0003407 seconds
[2023-12-02T15:34:18.159+0000][129.211s][debug][safepoint     ] Safepoint synchronization initiated. (176 threads)
[2023-12-02T15:34:18.159+0000][129.212s][info ][safepoint     ] Application time: 1.0005671 seconds
[2023-12-02T15:34:18.160+0000][129.212s][info ][safepoint     ] Entering safepoint region: Cleanup
[2023-12-02T15:34:18.160+0000][129.213s][info ][safepoint     ] Leaving safepoint region
[2023-12-02T15:34:18.161+0000][129.213s][info ][safepoint     ] Total time for which application threads were stopped: 0.0010042 seconds, Stopping threads took: 0.0004254 seconds
[2023-12-02T15:34:25.162+0000][136.215s][debug][safepoint     ] Safepoint synchronization initiated. (177 threads)
[2023-12-02T15:34:25.163+0000][136.215s][info ][safepoint     ] Application time: 7.0016017 seconds
[2023-12-02T15:34:25.163+0000][136.215s][info ][safepoint     ] Entering safepoint region: Cleanup
[2023-12-02T15:34:25.164+0000][136.216s][info ][safepoint     ] Leaving safepoint region
[2023-12-02T15:34:25.164+0000][136.216s][info ][safepoint     ] Total time for which application threads were stopped: 0.0010169 seconds, Stopping threads took: 0.0004063 seconds
[2023-12-02T15:34:27.165+0000][138.217s][debug][safepoint     ] Safepoint synchronization initiated. (177 threads)
[2023-12-02T15:34:27.165+0000][138.218s][info ][safepoint     ] Application time: 2.0008829 seconds
[2023-12-02T15:34:27.166+0000][138.218s][info ][safepoint     ] Entering safepoint region: Cleanup
[2023-12-02T15:34:27.166+0000][138.219s][info ][safepoint     ] Leaving safepoint region
[2023-12-02T15:34:27.167+0000][138.219s][info ][safepoint     ] Total time for which application threads were stopped: 0.0011254 seconds, Stopping threads took: 0.0005019 seconds
[2023-12-02T15:34:32.168+0000][143.220s][debug][safepoint     ] Safepoint synchronization initiated. (176 threads)
[2023-12-02T15:34:32.168+0000][143.220s][info ][safepoint     ] Application time: 5.0011569 seconds
[2023-12-02T15:34:32.169+0000][143.221s][info ][safepoint     ] Entering safepoint region: Cleanup
[2023-12-02T15:34:32.169+0000][143.221s][info ][safepoint     ] Leaving safepoint region
[2023-12-02T15:34:32.169+0000][143.222s][info ][safepoint     ] Total time for which application threads were stopped: 0.0008945 seconds, Stopping threads took: 0.0003313 seconds
[2023-12-02T15:34:54.801+0000][165.853s][debug][safepoint     ] Safepoint synchronization initiated. (176 threads)
[2023-12-02T15:34:54.801+0000][165.854s][info ][safepoint     ] Application time: 22.6315103 seconds
[2023-12-02T15:34:54.802+0000][165.854s][info ][safepoint     ] Entering safepoint region: G1CollectForAllocation
[2023-12-02T15:34:54.802+0000][165.855s][info ][gc,start      ] GC(63) Pause Young (Concurrent Start) (G1 Evacuation Pause)
[2023-12-02T15:34:54.802+0000][165.855s][info ][gc,task       ] GC(63) Using 8 workers of 8 for evacuation
[2023-12-02T15:34:54.829+0000][165.881s][info ][gc,phases     ] GC(63)   Pre Evacuate Collection Set: 1.7ms
[2023-12-02T15:34:54.829+0000][165.881s][info ][gc,phases     ] GC(63)   Evacuate Collection Set: 19.3ms
[2023-12-02T15:34:54.829+0000][165.882s][info ][gc,phases     ] GC(63)   Post Evacuate Collection Set: 4.3ms
[2023-12-02T15:34:54.830+0000][165.882s][info ][gc,phases     ] GC(63)   Other: 1.1ms
[2023-12-02T15:34:54.830+0000][165.883s][info ][gc,heap       ] GC(63) Eden regions: 202->0(198)
[2023-12-02T15:34:54.830+0000][165.883s][info ][gc,heap       ] GC(63) Survivor regions: 17->21(28)
[2023-12-02T15:34:54.831+0000][165.883s][info ][gc,heap       ] GC(63) Old regions: 141->143
[2023-12-02T15:34:54.831+0000][165.884s][info ][gc,heap       ] GC(63) Humongous regions: 0->0
[2023-12-02T15:34:54.831+0000][165.884s][info ][gc,metaspace  ] GC(63) Metaspace: 171352K(185116K)->171352K(185116K) NonClass: 151383K(162336K)->151383K(162336K) Class: 19968K(22780K)->19968K(22780K)
[2023-12-02T15:34:54.832+0000][165.885s][info ][gc            ] GC(63) Pause Young (Concurrent Start) (G1 Evacuation Pause) 357M->161M(427M) 29.814ms
[2023-12-02T15:34:54.832+0000][165.885s][info ][gc,cpu        ] GC(63) User=0.14s Sys=0.01s Real=0.03s
[2023-12-02T15:34:54.833+0000][165.885s][info ][safepoint     ] Leaving safepoint region
[2023-12-02T15:34:54.833+0000][165.886s][info ][safepoint     ] Total time for which application threads were stopped: 0.0315944 seconds, Stopping threads took: 0.0003831 seconds
[2023-12-02T15:34:54.833+0000][165.885s][info ][gc            ] GC(64) Concurrent Cycle
[2023-12-02T15:34:54.834+0000][165.886s][info ][gc,marking    ] GC(64) Concurrent Clear Claimed Marks
[2023-12-02T15:34:54.834+0000][165.886s][info ][gc,stringdedup] Concurrent String Deduplication (165.886s)
[2023-12-02T15:34:54.835+0000][165.888s][info ][gc,marking    ] GC(64) Concurrent Clear Claimed Marks 1.202ms
[2023-12-02T15:34:54.835+0000][165.888s][info ][gc,marking    ] GC(64) Concurrent Scan Root Regions
[2023-12-02T15:34:54.838+0000][165.891s][info ][gc,stringdedup] Concurrent String Deduplication 699.6K->543.0K(156.6K) avg 52.6% (165.886s, 165.891s) 4.555ms
[2023-12-02T15:34:54.842+0000][165.895s][info ][gc,marking    ] GC(64) Concurrent Scan Root Regions 7.193ms
[2023-12-02T15:34:54.843+0000][165.896s][info ][gc,marking    ] GC(64) Concurrent Mark (165.896s)
[2023-12-02T15:34:54.843+0000][165.896s][info ][gc,marking    ] GC(64) Concurrent Mark From Roots
[2023-12-02T15:34:54.844+0000][165.896s][info ][gc,task       ] GC(64) Using 2 workers of 2 for marking
[2023-12-02T15:34:54.964+0000][166.017s][info ][gc,marking    ] GC(64) Concurrent Mark From Roots 120.458ms
[2023-12-02T15:34:54.964+0000][166.017s][info ][gc,marking    ] GC(64) Concurrent Preclean
[2023-12-02T15:34:54.965+0000][166.017s][info ][gc,marking    ] GC(64) Concurrent Preclean 0.401ms
[2023-12-02T15:34:54.965+0000][166.018s][info ][gc,marking    ] GC(64) Concurrent Mark (165.896s, 166.018s) 122.162ms
[2023-12-02T15:34:54.965+0000][166.018s][debug][safepoint     ] Safepoint synchronization initiated. (176 threads)
[2023-12-02T15:34:54.966+0000][166.018s][info ][safepoint     ] Application time: 0.1323446 seconds
[2023-12-02T15:34:54.966+0000][166.019s][info ][safepoint     ] Entering safepoint region: CGC_Operation
[2023-12-02T15:34:54.967+0000][166.019s][info ][gc,start      ] GC(64) Pause Remark
[2023-12-02T15:34:54.984+0000][166.037s][info ][gc,stringtable] GC(64) Cleaned string and symbol table, strings: 83170 processed, 12 removed, symbols: 407271 processed, 0 removed
[2023-12-02T15:34:54.985+0000][166.038s][info ][gc            ] GC(64) Pause Remark 163M->163M(427M) 18.457ms
[2023-12-02T15:34:54.985+0000][166.038s][info ][gc,cpu        ] GC(64) User=0.13s Sys=0.00s Real=0.02s
[2023-12-02T15:34:54.986+0000][166.038s][info ][safepoint     ] Leaving safepoint region
[2023-12-02T15:34:54.986+0000][166.038s][info ][safepoint     ] Total time for which application threads were stopped: 0.0196466 seconds, Stopping threads took: 0.0002957 seconds
[2023-12-02T15:34:54.986+0000][166.039s][info ][gc,marking    ] GC(64) Concurrent Rebuild Remembered Sets
[2023-12-02T15:34:55.066+0000][166.118s][info ][gc,marking    ] GC(64) Concurrent Rebuild Remembered Sets 79.564ms
[2023-12-02T15:34:55.066+0000][166.119s][debug][safepoint     ] Safepoint synchronization initiated. (176 threads)
[2023-12-02T15:34:55.066+0000][166.119s][info ][safepoint     ] Application time: 0.0804094 seconds
[2023-12-02T15:34:55.067+0000][166.119s][info ][safepoint     ] Entering safepoint region: CGC_Operation
[2023-12-02T15:34:55.067+0000][166.120s][info ][gc,start      ] GC(64) Pause Cleanup
[2023-12-02T15:34:55.068+0000][166.120s][info ][gc            ] GC(64) Pause Cleanup 163M->163M(427M) 0.490ms
[2023-12-02T15:34:55.068+0000][166.121s][info ][gc,cpu        ] GC(64) User=0.00s Sys=0.00s Real=0.00s
[2023-12-02T15:34:55.068+0000][166.121s][info ][safepoint     ] Leaving safepoint region
[2023-12-02T15:34:55.068+0000][166.121s][info ][safepoint     ] Total time for which application threads were stopped: 0.0016020 seconds, Stopping threads took: 0.0003021 seconds
[2023-12-02T15:34:55.069+0000][166.121s][info ][gc,marking    ] GC(64) Concurrent Cleanup for Next Mark
[2023-12-02T15:34:55.070+0000][166.122s][info ][gc,marking    ] GC(64) Concurrent Cleanup for Next Mark 1.145ms
[2023-12-02T15:34:55.070+0000][166.123s][info ][gc            ] GC(64) Concurrent Cycle 237.322ms
[2023-12-02T15:35:10.071+0000][181.124s][debug][safepoint     ] Safepoint synchronization initiated. (176 threads)
[2023-12-02T15:35:10.072+0000][181.125s][info ][safepoint     ] Application time: 15.0037146 seconds
[2023-12-02T15:35:10.073+0000][181.126s][info ][safepoint     ] Entering safepoint region: Cleanup
[2023-12-02T15:35:10.075+0000][181.128s][info ][safepoint     ] Leaving safepoint region
[2023-12-02T15:35:10.076+0000][181.128s][info ][safepoint     ] Total time for which application threads were stopped: 0.0027122 seconds, Stopping threads took: 0.0009651 seconds
[2023-12-02T15:35:25.079+0000][196.131s][debug][safepoint     ] Safepoint synchronization initiated. (176 threads)
[2023-12-02T15:35:25.080+0000][196.133s][info ][safepoint     ] Application time: 15.0046126 seconds
[2023-12-02T15:35:25.081+0000][196.134s][debug][safepoint     ] Waiting for 1 thread(s) to block
[2023-12-02T15:35:25.082+0000][196.134s][info ][safepoint     ] Entering safepoint region: Cleanup
[2023-12-02T15:35:25.082+0000][196.135s][info ][safepoint     ] Leaving safepoint region
[2023-12-02T15:35:25.083+0000][196.135s][info ][safepoint     ] Total time for which application threads were stopped: 0.0016786 seconds, Stopping threads took: 0.0009671 seconds
[2023-12-02T15:35:28.083+0000][199.136s][debug][safepoint     ] Safepoint synchronization initiated. (174 threads)
[2023-12-02T15:35:28.084+0000][199.136s][info ][safepoint     ] Application time: 3.0007735 seconds
[2023-12-02T15:35:28.084+0000][199.137s][info ][safepoint     ] Entering safepoint region: Cleanup
[2023-12-02T15:35:28.084+0000][199.137s][info ][safepoint     ] Leaving safepoint region
[2023-12-02T15:35:28.084+0000][199.137s][info ][safepoint     ] Total time for which application threads were stopped: 0.0004878 seconds, Stopping threads took: 0.0001845 seconds
[2023-12-02T15:35:51.090+0000][222.142s][debug][safepoint     ] Safepoint synchronization initiated. (173 threads)
[2023-12-02T15:35:51.091+0000][222.144s][info ][safepoint     ] Application time: 23.0063202 seconds
[2023-12-02T15:35:51.092+0000][222.144s][info ][safepoint     ] Entering safepoint region: Cleanup
[2023-12-02T15:35:51.093+0000][222.146s][info ][safepoint     ] Leaving safepoint region
[2023-12-02T15:35:51.093+0000][222.146s][info ][safepoint     ] Total time for which application threads were stopped: 0.0018854 seconds, Stopping threads took: 0.0009071 seconds
[2023-12-02T15:36:02.097+0000][233.150s][debug][safepoint     ] Safepoint synchronization initiated. (173 threads)
[2023-12-02T15:36:02.098+0000][233.151s][info ][safepoint     ] Application time: 11.0039443 seconds
[2023-12-02T15:36:02.099+0000][233.152s][info ][safepoint     ] Entering safepoint region: Cleanup
[2023-12-02T15:36:02.100+0000][233.153s][info ][safepoint     ] Leaving safepoint region
[2023-12-02T15:36:02.101+0000][233.154s][info ][safepoint     ] Total time for which application threads were stopped: 0.0019319 seconds, Stopping threads took: 0.0007063 seconds
[2023-12-02T15:36:14.106+0000][245.159s][debug][safepoint     ] Safepoint synchronization initiated. (173 threads)
[2023-12-02T15:36:14.107+0000][245.160s][info ][safepoint     ] Application time: 12.0049628 seconds
[2023-12-02T15:36:14.107+0000][245.160s][info ][safepoint     ] Entering safepoint region: Cleanup
[2023-12-02T15:36:14.108+0000][245.161s][info ][safepoint     ] Leaving safepoint region
[2023-12-02T15:36:14.109+0000][245.162s][info ][safepoint     ] Total time for which application threads were stopped: 0.0014790 seconds, Stopping threads took: 0.0005903 seconds
[2023-12-02T15:36:27.112+0000][258.164s][debug][safepoint     ] Safepoint synchronization initiated. (172 threads)
[2023-12-02T15:36:27.112+0000][258.165s][info ][safepoint     ] Application time: 13.0028386 seconds
[2023-12-02T15:36:27.112+0000][258.165s][info ][safepoint     ] Entering safepoint region: Cleanup
[2023-12-02T15:36:27.113+0000][258.166s][info ][safepoint     ] Leaving safepoint region
[2023-12-02T15:36:27.113+0000][258.166s][info ][safepoint     ] Total time for which application threads were stopped: 0.0010215 seconds, Stopping threads took: 0.0003260 seconds
[2023-12-02T15:36:32.115+0000][263.167s][debug][safepoint     ] Safepoint synchronization initiated. (171 threads)
[2023-12-02T15:36:32.116+0000][263.169s][info ][safepoint     ] Application time: 5.0022493 seconds
[2023-12-02T15:36:32.117+0000][263.169s][info ][safepoint     ] Entering safepoint region: Cleanup
[2023-12-02T15:36:32.118+0000][263.171s][info ][safepoint     ] Leaving safepoint region
[2023-12-02T15:36:32.119+0000][263.171s][info ][safepoint     ] Total time for which application threads were stopped: 0.0021168 seconds, Stopping threads took: 0.0009453 seconds
[2023-12-02T15:36:34.120+0000][265.173s][debug][safepoint     ] Safepoint synchronization initiated. (171 threads)
[2023-12-02T15:36:34.120+0000][265.173s][info ][safepoint     ] Application time: 2.0006391 seconds
[2023-12-02T15:36:34.120+0000][265.173s][info ][safepoint     ] Entering safepoint region: Cleanup
[2023-12-02T15:36:34.121+0000][265.173s][info ][safepoint     ] Leaving safepoint region
[2023-12-02T15:36:34.121+0000][265.174s][info ][safepoint     ] Total time for which application threads were stopped: 0.0004896 seconds, Stopping threads took: 0.0001832 seconds
[2023-12-02T15:36:39.122+0000][270.175s][debug][safepoint     ] Safepoint synchronization initiated. (171 threads)
[2023-12-02T15:36:39.123+0000][270.176s][info ][safepoint     ] Application time: 5.0020273 seconds
[2023-12-02T15:36:39.124+0000][270.176s][info ][safepoint     ] Entering safepoint region: Cleanup
[2023-12-02T15:36:39.125+0000][270.177s][info ][safepoint     ] Leaving safepoint region
[2023-12-02T15:36:39.125+0000][270.178s][info ][safepoint     ] Total time for which application threads were stopped: 0.0015353 seconds, Stopping threads took: 0.0005886 seconds
[2023-12-02T15:36:58.130+0000][289.183s][debug][safepoint     ] Safepoint synchronization initiated. (171 threads)
[2023-12-02T15:36:58.131+0000][289.183s][info ][safepoint     ] Application time: 19.0048835 seconds
[2023-12-02T15:36:58.131+0000][289.183s][info ][safepoint     ] Entering safepoint region: Cleanup
[2023-12-02T15:36:58.131+0000][289.184s][info ][safepoint     ] Leaving safepoint region
[2023-12-02T15:36:58.131+0000][289.184s][info ][safepoint     ] Total time for which application threads were stopped: 0.0005978 seconds, Stopping threads took: 0.0002096 seconds
[2023-12-02T15:37:03.133+0000][294.185s][debug][safepoint     ] Safepoint synchronization initiated. (171 threads)
[2023-12-02T15:37:03.133+0000][294.186s][info ][safepoint     ] Application time: 5.0016822 seconds
[2023-12-02T15:37:03.134+0000][294.186s][info ][safepoint     ] Entering safepoint region: Cleanup
[2023-12-02T15:37:03.134+0000][294.187s][info ][safepoint     ] Leaving safepoint region
[2023-12-02T15:37:03.135+0000][294.188s][info ][safepoint     ] Total time for which application threads were stopped: 0.0014303 seconds, Stopping threads took: 0.0004628 seconds
[2023-12-02T15:37:27.141+0000][318.193s][debug][safepoint     ] Safepoint synchronization initiated. (171 threads)
[2023-12-02T15:37:27.141+0000][318.194s][info ][safepoint     ] Application time: 24.0053940 seconds
[2023-12-02T15:37:27.141+0000][318.194s][info ][safepoint     ] Entering safepoint region: Cleanup
[2023-12-02T15:37:27.142+0000][318.194s][info ][safepoint     ] Leaving safepoint region
[2023-12-02T15:37:27.142+0000][318.195s][info ][safepoint     ] Total time for which application threads were stopped: 0.0007776 seconds, Stopping threads took: 0.0002950 seconds
[2023-12-02T15:37:32.143+0000][323.196s][debug][safepoint     ] Safepoint synchronization initiated. (170 threads)
[2023-12-02T15:37:32.144+0000][323.196s][info ][safepoint     ] Application time: 5.0014794 seconds
[2023-12-02T15:37:32.144+0000][323.197s][info ][safepoint     ] Entering safepoint region: Cleanup
[2023-12-02T15:37:32.145+0000][323.198s][info ][safepoint     ] Leaving safepoint region
[2023-12-02T15:37:32.146+0000][323.198s][info ][safepoint     ] Total time for which application threads were stopped: 0.0011348 seconds, Stopping threads took: 0.0003959 seconds
[2023-12-02T15:37:45.149+0000][336.202s][debug][safepoint     ] Safepoint synchronization initiated. (170 threads)
[2023-12-02T15:37:45.150+0000][336.203s][info ][safepoint     ] Application time: 13.0042054 seconds
[2023-12-02T15:37:45.151+0000][336.203s][info ][safepoint     ] Entering safepoint region: Cleanup
[2023-12-02T15:37:45.152+0000][336.205s][info ][safepoint     ] Leaving safepoint region
[2023-12-02T15:37:45.153+0000][336.206s][info ][safepoint     ] Total time for which application threads were stopped: 0.0021818 seconds, Stopping threads took: 0.0007970 seconds
[2023-12-02T15:37:54.155+0000][345.208s][debug][safepoint     ] Safepoint synchronization initiated. (170 threads)
[2023-12-02T15:37:54.155+0000][345.209s][info ][safepoint     ] Application time: 9.0023106 seconds
[2023-12-02T15:37:54.156+0000][345.209s][info ][safepoint     ] Entering safepoint region: Cleanup
[2023-12-02T15:37:54.156+0000][345.210s][info ][safepoint     ] Leaving safepoint region
[2023-12-02T15:37:54.157+0000][345.210s][info ][safepoint     ] Total time for which application threads were stopped: 0.0010361 seconds, Stopping threads took: 0.0004313 seconds
[2023-12-02T15:38:02.158+0000][353.212s][debug][safepoint     ] Safepoint synchronization initiated. (170 threads)
[2023-12-02T15:38:02.159+0000][353.212s][info ][safepoint     ] Application time: 8.0014890 seconds
[2023-12-02T15:38:02.159+0000][353.212s][info ][safepoint     ] Entering safepoint region: Cleanup
[2023-12-02T15:38:02.160+0000][353.213s][info ][safepoint     ] Leaving safepoint region
[2023-12-02T15:38:02.160+0000][353.213s][info ][safepoint     ] Total time for which application threads were stopped: 0.0008236 seconds, Stopping threads took: 0.0003356 seconds
[2023-12-02T15:38:04.161+0000][355.214s][debug][safepoint     ] Safepoint synchronization initiated. (170 threads)
[2023-12-02T15:38:04.161+0000][355.215s][info ][safepoint     ] Application time: 2.0012163 seconds
[2023-12-02T15:38:04.162+0000][355.215s][info ][safepoint     ] Entering safepoint region: Cleanup
[2023-12-02T15:38:04.162+0000][355.216s][info ][safepoint     ] Leaving safepoint region
[2023-12-02T15:38:04.163+0000][355.216s][info ][safepoint     ] Total time for which application threads were stopped: 0.0010362 seconds, Stopping threads took: 0.0004557 seconds
[2023-12-02T15:38:14.165+0000][365.219s][debug][safepoint     ] Safepoint synchronization initiated. (170 threads)
[2023-12-02T15:38:14.166+0000][365.219s][info ][safepoint     ] Application time: 10.0027552 seconds
[2023-12-02T15:38:14.166+0000][365.220s][info ][safepoint     ] Entering safepoint region: Cleanup
[2023-12-02T15:38:14.167+0000][365.220s][info ][safepoint     ] Leaving safepoint region
[2023-12-02T15:38:14.167+0000][365.220s][info ][safepoint     ] Total time for which application threads were stopped: 0.0008778 seconds, Stopping threads took: 0.0003511 seconds
[2023-12-02T15:38:15.168+0000][366.221s][debug][safepoint     ] Safepoint synchronization initiated. (170 threads)
[2023-12-02T15:38:15.168+0000][366.222s][info ][safepoint     ] Application time: 1.0008262 seconds
[2023-12-02T15:38:15.169+0000][366.222s][info ][safepoint     ] Entering safepoint region: Cleanup
[2023-12-02T15:38:15.169+0000][366.223s][info ][safepoint     ] Leaving safepoint region
[2023-12-02T15:38:15.170+0000][366.223s][info ][safepoint     ] Total time for which application threads were stopped: 0.0009513 seconds, Stopping threads took: 0.0003286 seconds
[2023-12-02T15:38:21.171+0000][372.225s][debug][safepoint     ] Safepoint synchronization initiated. (170 threads)
[2023-12-02T15:38:21.172+0000][372.225s][info ][safepoint     ] Application time: 6.0019255 seconds
[2023-12-02T15:38:21.172+0000][372.226s][info ][safepoint     ] Entering safepoint region: Cleanup
[2023-12-02T15:38:21.173+0000][372.227s][info ][safepoint     ] Leaving safepoint region
[2023-12-02T15:38:21.174+0000][372.227s][info ][safepoint     ] Total time for which application threads were stopped: 0.0012585 seconds, Stopping threads took: 0.0004818 seconds
[2023-12-02T15:38:34.177+0000][385.230s][debug][safepoint     ] Safepoint synchronization initiated. (169 threads)
[2023-12-02T15:38:34.177+0000][385.231s][info ][safepoint     ] Application time: 13.0032030 seconds
[2023-12-02T15:38:34.178+0000][385.231s][info ][safepoint     ] Entering safepoint region: Cleanup
[2023-12-02T15:38:34.178+0000][385.232s][info ][safepoint     ] Leaving safepoint region
[2023-12-02T15:38:34.179+0000][385.232s][info ][safepoint     ] Total time for which application threads were stopped: 0.0011037 seconds, Stopping threads took: 0.0004636 seconds
[2023-12-02T15:38:35.817+0000][386.871s][debug][safepoint     ] Safepoint synchronization initiated. (169 threads)
[2023-12-02T15:38:35.818+0000][386.872s][info ][safepoint     ] Application time: 1.6390444 seconds
[2023-12-02T15:38:35.819+0000][386.872s][info ][safepoint     ] Entering safepoint region: G1CollectForAllocation
[2023-12-02T15:38:35.819+0000][386.873s][info ][gc,start      ] GC(65) Pause Young (Normal) (G1 Evacuation Pause)
[2023-12-02T15:38:35.819+0000][386.873s][info ][gc,task       ] GC(65) Using 8 workers of 8 for evacuation
[2023-12-02T15:38:35.839+0000][386.892s][info ][gc,phases     ] GC(65)   Pre Evacuate Collection Set: 0.1ms
[2023-12-02T15:38:35.839+0000][386.893s][info ][gc,phases     ] GC(65)   Evacuate Collection Set: 14.1ms
[2023-12-02T15:38:35.840+0000][386.893s][info ][gc,phases     ] GC(65)   Post Evacuate Collection Set: 4.5ms
[2023-12-02T15:38:35.840+0000][386.894s][info ][gc,phases     ] GC(65)   Other: 0.9ms
[2023-12-02T15:38:35.841+0000][386.894s][info ][gc,heap       ] GC(65) Eden regions: 198->0(202)
[2023-12-02T15:38:35.841+0000][386.895s][info ][gc,heap       ] GC(65) Survivor regions: 21->16(28)
[2023-12-02T15:38:35.841+0000][386.895s][info ][gc,heap       ] GC(65) Old regions: 143->148
[2023-12-02T15:38:35.842+0000][386.895s][info ][gc,heap       ] GC(65) Humongous regions: 0->0
[2023-12-02T15:38:35.842+0000][386.896s][info ][gc,metaspace  ] GC(65) Metaspace: 171551K(185628K)->171551K(185628K) NonClass: 151579K(162848K)->151579K(162848K) Class: 19972K(22780K)->19972K(22780K)
[2023-12-02T15:38:35.843+0000][386.896s][info ][gc            ] GC(65) Pause Young (Normal) (G1 Evacuation Pause) 359M->161M(427M) 23.416ms
[2023-12-02T15:38:35.843+0000][386.896s][info ][gc,cpu        ] GC(65) User=0.11s Sys=0.02s Real=0.02s
[2023-12-02T15:38:35.843+0000][386.897s][info ][safepoint     ] Leaving safepoint region
[2023-12-02T15:38:35.844+0000][386.897s][info ][safepoint     ] Total time for which application threads were stopped: 0.0251713 seconds, Stopping threads took: 0.0004121 seconds
[2023-12-02T15:38:35.844+0000][386.898s][info ][gc,stringdedup] Concurrent String Deduplication (386.898s)
[2023-12-02T15:38:35.845+0000][386.898s][info ][gc,stringdedup] Concurrent String Deduplication 33024.0B->11448.0B(21576.0B) avg 52.6% (386.898s, 386.898s) 0.516ms
[2023-12-02T15:38:39.845+0000][390.899s][debug][safepoint     ] Safepoint synchronization initiated. (169 threads)
[2023-12-02T15:38:39.845+0000][390.899s][info ][safepoint     ] Application time: 4.0015476 seconds
[2023-12-02T15:38:39.846+0000][390.900s][info ][safepoint     ] Entering safepoint region: Cleanup
[2023-12-02T15:38:39.847+0000][390.900s][info ][safepoint     ] Leaving safepoint region
[2023-12-02T15:38:39.847+0000][390.900s][info ][safepoint     ] Total time for which application threads were stopped: 0.0008054 seconds, Stopping threads took: 0.0003435 seconds
[2023-12-02T15:39:26.857+0000][437.911s][debug][safepoint     ] Safepoint synchronization initiated. (170 threads)
[2023-12-02T15:39:26.857+0000][437.911s][info ][safepoint     ] Application time: 47.0102811 seconds
[2023-12-02T15:39:26.858+0000][437.912s][info ][safepoint     ] Entering safepoint region: Cleanup
[2023-12-02T15:39:26.858+0000][437.912s][info ][safepoint     ] Leaving safepoint region
[2023-12-02T15:39:26.859+0000][437.912s][info ][safepoint     ] Total time for which application threads were stopped: 0.0009696 seconds, Stopping threads took: 0.0004258 seconds
[2023-12-02T15:39:32.860+0000][443.914s][debug][safepoint     ] Safepoint synchronization initiated. (169 threads)
[2023-12-02T15:39:32.861+0000][443.915s][info ][safepoint     ] Application time: 6.0020610 seconds
[2023-12-02T15:39:32.862+0000][443.916s][info ][safepoint     ] Entering safepoint region: Cleanup
[2023-12-02T15:39:32.863+0000][443.917s][info ][safepoint     ] Leaving safepoint region
[2023-12-02T15:39:32.864+0000][443.918s][info ][safepoint     ] Total time for which application threads were stopped: 0.0019269 seconds, Stopping threads took: 0.0007954 seconds
[2023-12-02T15:39:46.868+0000][457.922s][debug][safepoint     ] Safepoint synchronization initiated. (169 threads)
[2023-12-02T15:39:46.869+0000][457.923s][info ][safepoint     ] Application time: 14.0043944 seconds
[2023-12-02T15:39:46.870+0000][457.924s][info ][safepoint     ] Entering safepoint region: Cleanup
[2023-12-02T15:39:46.871+0000][457.925s][info ][safepoint     ] Leaving safepoint region
[2023-12-02T15:39:46.872+0000][457.925s][info ][safepoint     ] Total time for which application threads were stopped: 0.0020547 seconds, Stopping threads took: 0.0009066 seconds
[2023-12-02T15:39:50.873+0000][461.927s][debug][safepoint     ] Safepoint synchronization initiated. (169 threads)
[2023-12-02T15:39:50.874+0000][461.928s][info ][safepoint     ] Application time: 4.0013962 seconds
[2023-12-02T15:39:50.874+0000][461.928s][info ][safepoint     ] Entering safepoint region: Cleanup
[2023-12-02T15:39:50.875+0000][461.929s][info ][safepoint     ] Leaving safepoint region
[2023-12-02T15:39:50.875+0000][461.929s][info ][safepoint     ] Total time for which application threads were stopped: 0.0011609 seconds, Stopping threads took: 0.0005498 seconds
[2023-12-02T15:40:26.883+0000][497.937s][debug][safepoint     ] Safepoint synchronization initiated. (168 threads)
[2023-12-02T15:40:26.884+0000][497.938s][info ][safepoint     ] Application time: 36.0086500 seconds
[2023-12-02T15:40:26.885+0000][497.939s][info ][safepoint     ] Entering safepoint region: Cleanup
[2023-12-02T15:40:26.886+0000][497.940s][info ][safepoint     ] Leaving safepoint region
[2023-12-02T15:40:26.886+0000][497.940s][info ][safepoint     ] Total time for which application threads were stopped: 0.0013288 seconds, Stopping threads took: 0.0006072 seconds
[2023-12-02T15:40:32.887+0000][503.941s][debug][safepoint     ] Safepoint synchronization initiated. (167 threads)
[2023-12-02T15:40:32.888+0000][503.942s][info ][safepoint     ] Application time: 6.0016243 seconds
[2023-12-02T15:40:32.889+0000][503.942s][info ][safepoint     ] Entering safepoint region: Cleanup
[2023-12-02T15:40:32.889+0000][503.943s][info ][safepoint     ] Leaving safepoint region
[2023-12-02T15:40:32.889+0000][503.943s][info ][safepoint     ] Total time for which application threads were stopped: 0.0008199 seconds, Stopping threads took: 0.0003449 seconds
[2023-12-02T15:41:13.897+0000][544.951s][debug][safepoint     ] Safepoint synchronization initiated. (167 threads)
[2023-12-02T15:41:13.898+0000][544.952s][info ][safepoint     ] Application time: 41.0086510 seconds
[2023-12-02T15:41:13.899+0000][544.953s][info ][safepoint     ] Entering safepoint region: Cleanup
[2023-12-02T15:41:13.900+0000][544.954s][info ][safepoint     ] Leaving safepoint region
[2023-12-02T15:41:13.900+0000][544.955s][info ][safepoint     ] Total time for which application threads were stopped: 0.0019532 seconds, Stopping threads took: 0.0006436 seconds
[2023-12-02T15:41:25.904+0000][556.959s][debug][safepoint     ] Safepoint synchronization initiated. (167 threads)
[2023-12-02T15:41:25.905+0000][556.960s][info ][safepoint     ] Application time: 12.0039949 seconds
[2023-12-02T15:41:25.906+0000][556.961s][info ][safepoint     ] Entering safepoint region: Cleanup
[2023-12-02T15:41:25.907+0000][556.962s][info ][safepoint     ] Leaving safepoint region
[2023-12-02T15:41:25.908+0000][556.962s][info ][safepoint     ] Total time for which application threads were stopped: 0.0017902 seconds, Stopping threads took: 0.0006848 seconds
[2023-12-02T15:41:26.909+0000][557.963s][debug][safepoint     ] Safepoint synchronization initiated. (167 threads)
[2023-12-02T15:41:26.909+0000][557.964s][info ][safepoint     ] Application time: 1.0005955 seconds
[2023-12-02T15:41:26.909+0000][557.964s][info ][safepoint     ] Entering safepoint region: Cleanup
[2023-12-02T15:41:26.910+0000][557.964s][info ][safepoint     ] Leaving safepoint region
[2023-12-02T15:41:26.910+0000][557.965s][info ][safepoint     ] Total time for which application threads were stopped: 0.0009598 seconds, Stopping threads took: 0.0003538 seconds
[2023-12-02T15:41:32.912+0000][563.966s][debug][safepoint     ] Safepoint synchronization initiated. (167 threads)
[2023-12-02T15:41:32.912+0000][563.967s][info ][safepoint     ] Application time: 6.0014734 seconds
[2023-12-02T15:41:32.913+0000][563.967s][info ][safepoint     ] Entering safepoint region: Cleanup
[2023-12-02T15:41:32.913+0000][563.968s][info ][safepoint     ] Leaving safepoint region
[2023-12-02T15:41:32.914+0000][563.968s][info ][safepoint     ] Total time for which application threads were stopped: 0.0009676 seconds, Stopping threads took: 0.0004397 seconds
[2023-12-02T15:42:23.528+0000][614.583s][debug][safepoint     ] Safepoint synchronization initiated. (167 threads)
[2023-12-02T15:42:23.529+0000][614.584s][info ][safepoint     ] Application time: 50.6156631 seconds
[2023-12-02T15:42:23.530+0000][614.585s][info ][safepoint     ] Entering safepoint region: G1CollectForAllocation
[2023-12-02T15:42:23.531+0000][614.586s][info ][gc,start      ] GC(66) Pause Young (Normal) (G1 Evacuation Pause)
[2023-12-02T15:42:23.532+0000][614.587s][info ][gc,task       ] GC(66) Using 8 workers of 8 for evacuation
[2023-12-02T15:42:23.547+0000][614.602s][info ][gc,phases     ] GC(66)   Pre Evacuate Collection Set: 0.1ms
[2023-12-02T15:42:23.548+0000][614.602s][info ][gc,phases     ] GC(66)   Evacuate Collection Set: 10.2ms
[2023-12-02T15:42:23.548+0000][614.603s][info ][gc,phases     ] GC(66)   Post Evacuate Collection Set: 4.4ms
[2023-12-02T15:42:23.548+0000][614.603s][info ][gc,phases     ] GC(66)   Other: 1.4ms
[2023-12-02T15:42:23.549+0000][614.603s][info ][gc,heap       ] GC(66) Eden regions: 202->0(204)
[2023-12-02T15:42:23.549+0000][614.604s][info ][gc,heap       ] GC(66) Survivor regions: 16->16(28)
[2023-12-02T15:42:23.549+0000][614.604s][info ][gc,heap       ] GC(66) Old regions: 148->148
[2023-12-02T15:42:23.550+0000][614.604s][info ][gc,heap       ] GC(66) Humongous regions: 0->0
[2023-12-02T15:42:23.550+0000][614.605s][info ][gc,metaspace  ] GC(66) Metaspace: 171674K(185628K)->171674K(185628K) NonClass: 151701K(162848K)->151701K(162848K) Class: 19972K(22780K)->19972K(22780K)
[2023-12-02T15:42:23.551+0000][614.605s][info ][gc            ] GC(66) Pause Young (Normal) (G1 Evacuation Pause) 363M->161M(427M) 19.364ms
[2023-12-02T15:42:23.551+0000][614.606s][info ][gc,cpu        ] GC(66) User=0.08s Sys=0.01s Real=0.02s
[2023-12-02T15:42:23.551+0000][614.606s][info ][safepoint     ] Leaving safepoint region
[2023-12-02T15:42:23.552+0000][614.606s][info ][safepoint     ] Total time for which application threads were stopped: 0.0218996 seconds, Stopping threads took: 0.0008011 seconds
[2023-12-02T15:42:23.552+0000][614.607s][info ][gc,stringdedup] Concurrent String Deduplication (614.607s)
[2023-12-02T15:42:23.554+0000][614.608s][info ][gc,stringdedup] Concurrent String Deduplication 143.8K->49952.0B(97344.0B) avg 52.7% (614.607s, 614.608s) 1.556ms
[2023-12-02T15:42:26.553+0000][617.608s][debug][safepoint     ] Safepoint synchronization initiated. (167 threads)
[2023-12-02T15:42:26.554+0000][617.608s][info ][safepoint     ] Application time: 3.0016569 seconds
[2023-12-02T15:42:26.554+0000][617.609s][info ][safepoint     ] Entering safepoint region: Cleanup
[2023-12-02T15:42:26.555+0000][617.610s][info ][safepoint     ] Leaving safepoint region
[2023-12-02T15:42:26.556+0000][617.610s][info ][safepoint     ] Total time for which application threads were stopped: 0.0012715 seconds, Stopping threads took: 0.0005678 seconds
[2023-12-02T15:42:35.558+0000][626.613s][debug][safepoint     ] Safepoint synchronization initiated. (167 threads)
[2023-12-02T15:42:35.559+0000][626.613s][info ][safepoint     ] Application time: 9.0027442 seconds
[2023-12-02T15:42:35.559+0000][626.614s][info ][safepoint     ] Entering safepoint region: Cleanup
[2023-12-02T15:42:35.560+0000][626.615s][info ][safepoint     ] Leaving safepoint region
[2023-12-02T15:42:35.561+0000][626.615s][info ][safepoint     ] Total time for which application threads were stopped: 0.0013955 seconds, Stopping threads took: 0.0007611 seconds
[2023-12-02T15:42:39.562+0000][630.617s][debug][safepoint     ] Safepoint synchronization initiated. (167 threads)
[2023-12-02T15:42:39.563+0000][630.617s][info ][safepoint     ] Application time: 4.0014215 seconds
[2023-12-02T15:42:39.563+0000][630.618s][info ][safepoint     ] Entering safepoint region: Cleanup
[2023-12-02T15:42:39.564+0000][630.618s][info ][safepoint     ] Leaving safepoint region
[2023-12-02T15:42:39.564+0000][630.618s][info ][safepoint     ] Total time for which application threads were stopped: 0.0010172 seconds, Stopping threads took: 0.0004755 seconds
[2023-12-02T15:42:52.567+0000][643.622s][debug][safepoint     ] Safepoint synchronization initiated. (167 threads)
[2023-12-02T15:42:52.568+0000][643.623s][info ][safepoint     ] Application time: 13.0037345 seconds
[2023-12-02T15:42:52.568+0000][643.623s][info ][safepoint     ] Entering safepoint region: Cleanup
[2023-12-02T15:42:52.569+0000][643.624s][info ][safepoint     ] Leaving safepoint region
[2023-12-02T15:42:52.569+0000][643.624s][info ][safepoint     ] Total time for which application threads were stopped: 0.0011796 seconds, Stopping threads took: 0.0006325 seconds
[2023-12-02T15:42:53.569+0000][644.624s][debug][safepoint     ] Safepoint synchronization initiated. (167 threads)
[2023-12-02T15:42:53.570+0000][644.625s][info ][safepoint     ] Application time: 1.0009188 seconds
[2023-12-02T15:42:53.571+0000][644.626s][debug][safepoint     ] ... found polling page return exception at pc = 0x00007f43fc35d01d, stub =0x00007f43f4840600
[2023-12-02T15:42:53.571+0000][644.626s][debug][safepoint     ] ... found polling page return exception at pc = 0x00007f43fca85ff6, stub =0x00007f43f4840600
[2023-12-02T15:42:53.571+0000][644.626s][debug][safepoint     ] ... found polling page return exception at pc = 0x00007f43fd2f641f, stub =0x00007f43f4840600
[2023-12-02T15:42:53.573+0000][644.628s][debug][safepoint     ] Waiting for 4 thread(s) to block
[2023-12-02T15:42:53.574+0000][644.629s][info ][safepoint     ] Entering safepoint region: Cleanup
[2023-12-02T15:42:53.575+0000][644.630s][info ][safepoint     ] Leaving safepoint region
[2023-12-02T15:42:53.575+0000][644.630s][info ][safepoint     ] Total time for which application threads were stopped: 0.0048579 seconds, Stopping threads took: 0.0041601 seconds
[2023-12-02T15:42:56.577+0000][647.632s][debug][safepoint     ] Safepoint synchronization initiated. (167 threads)
[2023-12-02T15:42:56.577+0000][647.632s][info ][safepoint     ] Application time: 3.0016181 seconds
[2023-12-02T15:42:56.578+0000][647.633s][info ][safepoint     ] Entering safepoint region: Cleanup
[2023-12-02T15:42:56.579+0000][647.634s][info ][safepoint     ] Leaving safepoint region
[2023-12-02T15:42:56.580+0000][647.635s][info ][safepoint     ] Total time for which application threads were stopped: 0.0016340 seconds, Stopping threads took: 0.0005742 seconds
[2023-12-02T15:42:56.579+0000][647.634s][debug][safepoint     ] ... found polling page return exception at pc = 0x00007f43fc9de0c4, stub =0x00007f43f4840600
[2023-12-02T15:42:56.579+0000][647.634s][debug][safepoint     ] ... found polling page return exception at pc = 0x00007f43fc9de0c4, stub =0x00007f43f4840600
[2023-12-02T15:43:26.588+0000][677.643s][debug][safepoint     ] Safepoint synchronization initiated. (167 threads)
[2023-12-02T15:43:26.589+0000][677.644s][info ][safepoint     ] Application time: 30.0082193 seconds
[2023-12-02T15:43:26.589+0000][677.644s][info ][safepoint     ] Entering safepoint region: Cleanup
[2023-12-02T15:43:26.590+0000][677.645s][info ][safepoint     ] Leaving safepoint region
[2023-12-02T15:43:26.591+0000][677.646s][info ][safepoint     ] Total time for which application threads were stopped: 0.0016692 seconds, Stopping threads took: 0.0006303 seconds
[2023-12-02T15:43:47.597+0000][698.652s][debug][safepoint     ] Safepoint synchronization initiated. (167 threads)
[2023-12-02T15:43:47.598+0000][698.653s][info ][safepoint     ] Application time: 21.0060518 seconds
[2023-12-02T15:43:47.598+0000][698.653s][info ][safepoint     ] Entering safepoint region: Cleanup
[2023-12-02T15:43:47.599+0000][698.654s][info ][safepoint     ] Leaving safepoint region
[2023-12-02T15:43:47.599+0000][698.654s][info ][safepoint     ] Total time for which application threads were stopped: 0.0010954 seconds, Stopping threads took: 0.0004924 seconds
[2023-12-02T15:44:06.604+0000][717.659s][debug][safepoint     ] Safepoint synchronization initiated. (167 threads)
[2023-12-02T15:44:06.605+0000][717.660s][info ][safepoint     ] Application time: 19.0056855 seconds
[2023-12-02T15:44:06.606+0000][717.661s][info ][safepoint     ] Entering safepoint region: Cleanup
[2023-12-02T15:44:06.607+0000][717.662s][info ][safepoint     ] Leaving safepoint region
[2023-12-02T15:44:06.608+0000][717.663s][info ][safepoint     ] Total time for which application threads were stopped: 0.0019393 seconds, Stopping threads took: 0.0008246 seconds
[2023-12-02T15:44:25.613+0000][736.668s][debug][safepoint     ] Safepoint synchronization initiated. (167 threads)
[2023-12-02T15:44:25.613+0000][736.668s][info ][safepoint     ] Application time: 19.0045130 seconds
[2023-12-02T15:44:25.613+0000][736.668s][info ][safepoint     ] Entering safepoint region: Cleanup
[2023-12-02T15:44:25.614+0000][736.669s][info ][safepoint     ] Leaving safepoint region
[2023-12-02T15:44:25.614+0000][736.669s][info ][safepoint     ] Total time for which application threads were stopped: 0.0006254 seconds, Stopping threads took: 0.0002309 seconds
[2023-12-02T15:44:26.614+0000][737.669s][debug][safepoint     ] Safepoint synchronization initiated. (167 threads)
[2023-12-02T15:44:26.615+0000][737.670s][info ][safepoint     ] Application time: 1.0005786 seconds
[2023-12-02T15:44:26.615+0000][737.670s][info ][safepoint     ] Entering safepoint region: Cleanup
[2023-12-02T15:44:26.616+0000][737.671s][info ][safepoint     ] Leaving safepoint region
[2023-12-02T15:44:26.616+0000][737.671s][info ][safepoint     ] Total time for which application threads were stopped: 0.0008754 seconds, Stopping threads took: 0.0002972 seconds
[2023-12-02T15:44:32.618+0000][743.673s][debug][safepoint     ] Safepoint synchronization initiated. (167 threads)
[2023-12-02T15:44:32.619+0000][743.674s][info ][safepoint     ] Application time: 6.0024748 seconds
[2023-12-02T15:44:32.619+0000][743.674s][info ][safepoint     ] Entering safepoint region: Cleanup
[2023-12-02T15:44:32.620+0000][743.675s][info ][safepoint     ] Leaving safepoint region
[2023-12-02T15:44:32.621+0000][743.676s][info ][safepoint     ] Total time for which application threads were stopped: 0.0016379 seconds, Stopping threads took: 0.0007554 seconds
[2023-12-02T15:45:26.632+0000][797.687s][debug][safepoint     ] Safepoint synchronization initiated. (167 threads)
[2023-12-02T15:45:26.633+0000][797.688s][info ][safepoint     ] Application time: 54.0114862 seconds
[2023-12-02T15:45:26.634+0000][797.689s][info ][safepoint     ] Entering safepoint region: Cleanup
[2023-12-02T15:45:26.635+0000][797.690s][info ][safepoint     ] Leaving safepoint region
[2023-12-02T15:45:26.636+0000][797.691s][info ][safepoint     ] Total time for which application threads were stopped: 0.0017935 seconds, Stopping threads took: 0.0007737 seconds
[2023-12-02T15:45:32.638+0000][803.692s][debug][safepoint     ] Safepoint synchronization initiated. (167 threads)
[2023-12-02T15:45:32.638+0000][803.693s][info ][safepoint     ] Application time: 6.0019760 seconds
[2023-12-02T15:45:32.639+0000][803.694s][info ][safepoint     ] Entering safepoint region: Cleanup
[2023-12-02T15:45:32.640+0000][803.695s][info ][safepoint     ] Leaving safepoint region
[2023-12-02T15:45:32.641+0000][803.695s][info ][safepoint     ] Total time for which application threads were stopped: 0.0013689 seconds, Stopping threads took: 0.0004810 seconds
[2023-12-02T15:45:42.643+0000][813.698s][debug][safepoint     ] Safepoint synchronization initiated. (167 threads)
[2023-12-02T15:45:42.643+0000][813.698s][info ][safepoint     ] Application time: 10.0021730 seconds
[2023-12-02T15:45:42.644+0000][813.698s][info ][safepoint     ] Entering safepoint region: Cleanup
[2023-12-02T15:45:42.644+0000][813.699s][info ][safepoint     ] Leaving safepoint region
[2023-12-02T15:45:42.645+0000][813.700s][info ][safepoint     ] Total time for which application threads were stopped: 0.0011187 seconds, Stopping threads took: 0.0004412 seconds
[2023-12-02T15:45:52.647+0000][823.702s][debug][safepoint     ] Safepoint synchronization initiated. (167 threads)
[2023-12-02T15:45:52.648+0000][823.703s][info ][safepoint     ] Application time: 10.0032003 seconds
[2023-12-02T15:45:52.649+0000][823.704s][info ][safepoint     ] Entering safepoint region: Cleanup
[2023-12-02T15:45:52.650+0000][823.705s][info ][safepoint     ] Leaving safepoint region
[2023-12-02T15:45:52.651+0000][823.706s][info ][safepoint     ] Total time for which application threads were stopped: 0.0021788 seconds, Stopping threads took: 0.0007960 seconds
[2023-12-02T15:46:14.160+0000][845.215s][debug][safepoint     ] Safepoint synchronization initiated. (167 threads)
[2023-12-02T15:46:14.161+0000][845.216s][info ][safepoint     ] Application time: 21.5091216 seconds
[2023-12-02T15:46:14.162+0000][845.217s][info ][safepoint     ] Entering safepoint region: G1CollectForAllocation
[2023-12-02T15:46:14.163+0000][845.218s][info ][gc,start      ] GC(67) Pause Young (Normal) (G1 Evacuation Pause)
[2023-12-02T15:46:14.164+0000][845.219s][info ][gc,task       ] GC(67) Using 8 workers of 8 for evacuation
[2023-12-02T15:46:14.180+0000][845.235s][info ][gc,phases     ] GC(67)   Pre Evacuate Collection Set: 0.2ms
[2023-12-02T15:46:14.181+0000][845.236s][info ][gc,phases     ] GC(67)   Evacuate Collection Set: 10.8ms
[2023-12-02T15:46:14.181+0000][845.236s][info ][gc,phases     ] GC(67)   Post Evacuate Collection Set: 4.0ms
[2023-12-02T15:46:14.182+0000][845.237s][info ][gc,phases     ] GC(67)   Other: 1.9ms
[2023-12-02T15:46:14.182+0000][845.237s][info ][gc,heap       ] GC(67) Eden regions: 204->0(206)
[2023-12-02T15:46:14.183+0000][845.237s][info ][gc,heap       ] GC(67) Survivor regions: 16->15(28)
[2023-12-02T15:46:14.183+0000][845.238s][info ][gc,heap       ] GC(67) Old regions: 148->148
[2023-12-02T15:46:14.183+0000][845.238s][info ][gc,heap       ] GC(67) Humongous regions: 0->0
[2023-12-02T15:46:14.184+0000][845.239s][info ][gc,metaspace  ] GC(67) Metaspace: 171833K(185884K)->171833K(185884K) NonClass: 151860K(163104K)->151860K(163104K) Class: 19972K(22780K)->19972K(22780K)
[2023-12-02T15:46:14.184+0000][845.239s][info ][gc            ] GC(67) Pause Young (Normal) (G1 Evacuation Pause) 365M->160M(427M) 20.566ms
[2023-12-02T15:46:14.184+0000][845.239s][info ][gc,cpu        ] GC(67) User=0.09s Sys=0.00s Real=0.02s
[2023-12-02T15:46:14.185+0000][845.240s][info ][safepoint     ] Leaving safepoint region
[2023-12-02T15:46:14.185+0000][845.240s][info ][safepoint     ] Total time for which application threads were stopped: 0.0231522 seconds, Stopping threads took: 0.0008204 seconds
[2023-12-02T15:46:14.185+0000][845.240s][info ][gc,stringdedup] Concurrent String Deduplication (845.240s)
[2023-12-02T15:46:14.186+0000][845.241s][info ][gc,stringdedup] Concurrent String Deduplication 560.0B->504.0B(56.0B) avg 52.7% (845.240s, 845.240s) 0.211ms
[2023-12-02T15:46:27.188+0000][858.243s][debug][safepoint     ] Safepoint synchronization initiated. (167 threads)
[2023-12-02T15:46:27.189+0000][858.244s][info ][safepoint     ] Application time: 13.0037198 seconds
[2023-12-02T15:46:27.190+0000][858.245s][info ][safepoint     ] Entering safepoint region: Cleanup
[2023-12-02T15:46:27.191+0000][858.246s][info ][safepoint     ] Leaving safepoint region
[2023-12-02T15:46:27.191+0000][858.246s][info ][safepoint     ] Total time for which application threads were stopped: 0.0013923 seconds, Stopping threads took: 0.0006923 seconds
[2023-12-02T15:46:32.193+0000][863.248s][debug][safepoint     ] Safepoint synchronization initiated. (167 threads)
[2023-12-02T15:46:32.193+0000][863.248s][info ][safepoint     ] Application time: 5.0020801 seconds
[2023-12-02T15:46:32.194+0000][863.249s][info ][safepoint     ] Entering safepoint region: Cleanup
[2023-12-02T15:46:32.195+0000][863.250s][info ][safepoint     ] Leaving safepoint region
[2023-12-02T15:46:32.196+0000][863.251s][info ][safepoint     ] Total time for which application threads were stopped: 0.0018907 seconds, Stopping threads took: 0.0005513 seconds
[2023-12-02T15:46:32.195+0000][863.250s][debug][safepoint     ] ... found polling page return exception at pc = 0x00007f43fc9de0c4, stub =0x00007f43f4840600
[2023-12-02T15:46:32.195+0000][863.250s][debug][safepoint     ] ... found polling page return exception at pc = 0x00007f43fc9de0c4, stub =0x00007f43f4840600
[2023-12-02T15:46:32.195+0000][863.250s][debug][safepoint     ] ... found polling page return exception at pc = 0x00007f43fc9de0c4, stub =0x00007f43f4840600
[2023-12-02T15:46:32.195+0000][863.250s][debug][safepoint     ] ... found polling page return exception at pc = 0x00007f43fc9de0c4, stub =0x00007f43f4840600
[2023-12-02T15:46:48.201+0000][879.256s][debug][safepoint     ] Safepoint synchronization initiated. (167 threads)
[2023-12-02T15:46:48.202+0000][879.257s][info ][safepoint     ] Application time: 16.0048191 seconds
[2023-12-02T15:46:48.203+0000][879.258s][info ][safepoint     ] Entering safepoint region: Cleanup
[2023-12-02T15:46:48.204+0000][879.259s][info ][safepoint     ] Leaving safepoint region
[2023-12-02T15:46:48.205+0000][879.260s][info ][safepoint     ] Total time for which application threads were stopped: 0.0022550 seconds, Stopping threads took: 0.0008889 seconds
[2023-12-02T15:46:48.204+0000][879.259s][debug][safepoint     ] ... found polling page return exception at pc = 0x00007f43fc9de0c4, stub =0x00007f43f4840600
[2023-12-02T15:46:50.206+0000][881.261s][debug][safepoint     ] Safepoint synchronization initiated. (167 threads)
[2023-12-02T15:46:50.207+0000][881.262s][info ][safepoint     ] Application time: 2.0016358 seconds
[2023-12-02T15:46:50.208+0000][881.263s][info ][safepoint     ] Entering safepoint region: Cleanup
[2023-12-02T15:46:50.208+0000][881.263s][info ][safepoint     ] Leaving safepoint region
[2023-12-02T15:46:50.209+0000][881.264s][info ][safepoint     ] Total time for which application threads were stopped: 0.0009643 seconds, Stopping threads took: 0.0004518 seconds
[2023-12-02T15:46:58.211+0000][889.266s][debug][safepoint     ] Safepoint synchronization initiated. (167 threads)
[2023-12-02T15:46:58.211+0000][889.266s][info ][safepoint     ] Application time: 8.0022947 seconds
[2023-12-02T15:46:58.212+0000][889.267s][info ][safepoint     ] Entering safepoint region: Cleanup
[2023-12-02T15:46:58.212+0000][889.267s][info ][safepoint     ] Leaving safepoint region
[2023-12-02T15:46:58.213+0000][889.268s][info ][safepoint     ] Total time for which application threads were stopped: 0.0010629 seconds, Stopping threads took: 0.0004346 seconds
[2023-12-02T15:46:59.214+0000][890.269s][debug][safepoint     ] Safepoint synchronization initiated. (167 threads)
[2023-12-02T15:46:59.215+0000][890.270s][info ][safepoint     ] Application time: 1.0014547 seconds
[2023-12-02T15:46:59.216+0000][890.271s][debug][safepoint     ] ... found polling page return exception at pc = 0x00007f43fca85ff6, stub =0x00007f43f4840600
[2023-12-02T15:46:59.216+0000][890.271s][debug][safepoint     ] ... found polling page return exception at pc = 0x00007f43fcad8574, stub =0x00007f43f4840600
[2023-12-02T15:46:59.216+0000][890.271s][debug][safepoint     ] ... found polling page return exception at pc = 0x00007f43fca39708, stub =0x00007f43f4840600
[2023-12-02T15:46:59.218+0000][890.273s][debug][safepoint     ] Waiting for 3 thread(s) to block
[2023-12-02T15:46:59.219+0000][890.274s][info ][safepoint     ] Entering safepoint region: Cleanup
[2023-12-02T15:46:59.220+0000][890.275s][info ][safepoint     ] Leaving safepoint region
[2023-12-02T15:46:59.221+0000][890.276s][info ][safepoint     ] Total time for which application threads were stopped: 0.0051878 seconds, Stopping threads took: 0.0043951 seconds
[2023-12-02T15:47:26.228+0000][917.283s][debug][safepoint     ] Safepoint synchronization initiated. (167 threads)
[2023-12-02T15:47:26.229+0000][917.284s][info ][safepoint     ] Application time: 27.0072980 seconds
[2023-12-02T15:47:26.229+0000][917.284s][info ][safepoint     ] Entering safepoint region: Cleanup
[2023-12-02T15:47:26.230+0000][917.285s][info ][safepoint     ] Leaving safepoint region
[2023-12-02T15:47:26.230+0000][917.285s][info ][safepoint     ] Total time for which application threads were stopped: 0.0007957 seconds, Stopping threads took: 0.0003966 seconds
[2023-12-02T15:47:27.230+0000][918.285s][debug][safepoint     ] Safepoint synchronization initiated. (167 threads)
[2023-12-02T15:47:27.231+0000][918.287s][info ][safepoint     ] Application time: 1.0013429 seconds
[2023-12-02T15:47:27.232+0000][918.288s][info ][safepoint     ] Entering safepoint region: Cleanup
[2023-12-02T15:47:27.234+0000][918.289s][info ][safepoint     ] Leaving safepoint region
[2023-12-02T15:47:27.234+0000][918.289s][info ][safepoint     ] Total time for which application threads were stopped: 0.0019437 seconds, Stopping threads took: 0.0009076 seconds
[2023-12-02T15:47:32.236+0000][923.291s][debug][safepoint     ] Safepoint synchronization initiated. (167 threads)
[2023-12-02T15:47:32.237+0000][923.292s][info ][safepoint     ] Application time: 5.0021556 seconds
[2023-12-02T15:47:32.238+0000][923.293s][info ][safepoint     ] Entering safepoint region: Cleanup
[2023-12-02T15:47:32.239+0000][923.295s][info ][safepoint     ] Leaving safepoint region
[2023-12-02T15:47:32.240+0000][923.295s][info ][safepoint     ] Total time for which application threads were stopped: 0.0022604 seconds, Stopping threads took: 0.0008807 seconds
[2023-12-02T15:48:26.254+0000][977.309s][debug][safepoint     ] Safepoint synchronization initiated. (167 threads)
[2023-12-02T15:48:26.255+0000][977.310s][info ][safepoint     ] Application time: 54.0140334 seconds
[2023-12-02T15:48:26.256+0000][977.311s][info ][safepoint     ] Entering safepoint region: Cleanup
[2023-12-02T15:48:26.257+0000][977.312s][info ][safepoint     ] Leaving safepoint region
[2023-12-02T15:48:26.258+0000][977.313s][info ][safepoint     ] Total time for which application threads were stopped: 0.0019963 seconds, Stopping threads took: 0.0009042 seconds
[2023-12-02T15:49:07.267+0000][1018.322s][debug][safepoint     ] Safepoint synchronization initiated. (167 threads)
[2023-12-02T15:49:07.268+0000][1018.323s][info ][safepoint     ] Application time: 41.0094052 seconds
[2023-12-02T15:49:07.269+0000][1018.324s][info ][safepoint     ] Entering safepoint region: Cleanup
[2023-12-02T15:49:07.269+0000][1018.325s][info ][safepoint     ] Leaving safepoint region
[2023-12-02T15:49:07.270+0000][1018.325s][info ][safepoint     ] Total time for which application threads were stopped: 0.0013183 seconds, Stopping threads took: 0.0005270 seconds
[2023-12-02T15:49:26.274+0000][1037.330s][debug][safepoint     ] Safepoint synchronization initiated. (167 threads)
[2023-12-02T15:49:26.274+0000][1037.331s][info ][safepoint     ] Application time: 19.0050500 seconds
[2023-12-02T15:49:26.275+0000][1037.331s][info ][safepoint     ] Entering safepoint region: Cleanup
[2023-12-02T15:49:26.275+0000][1037.332s][info ][safepoint     ] Leaving safepoint region
[2023-12-02T15:49:26.275+0000][1037.332s][info ][safepoint     ] Total time for which application threads were stopped: 0.0008636 seconds, Stopping threads took: 0.0004444 seconds
[2023-12-02T15:49:36.278+0000][1047.334s][debug][safepoint     ] Safepoint synchronization initiated. (167 threads)
[2023-12-02T15:49:36.278+0000][1047.335s][info ][safepoint     ] Application time: 10.0026388 seconds
[2023-12-02T15:49:36.279+0000][1047.335s][info ][safepoint     ] Entering safepoint region: Cleanup
[2023-12-02T15:49:36.279+0000][1047.336s][info ][safepoint     ] Leaving safepoint region
[2023-12-02T15:49:36.279+0000][1047.336s][info ][safepoint     ] Total time for which application threads were stopped: 0.0006172 seconds, Stopping threads took: 0.0002920 seconds
[2023-12-02T15:49:52.283+0000][1063.340s][debug][safepoint     ] Safepoint synchronization initiated. (167 threads)
[2023-12-02T15:49:52.284+0000][1063.340s][info ][safepoint     ] Application time: 16.0044269 seconds
[2023-12-02T15:49:52.284+0000][1063.341s][info ][safepoint     ] Entering safepoint region: Cleanup
[2023-12-02T15:49:52.285+0000][1063.341s][info ][safepoint     ] Leaving safepoint region
[2023-12-02T15:49:52.285+0000][1063.341s][info ][safepoint     ] Total time for which application threads were stopped: 0.0007482 seconds, Stopping threads took: 0.0002728 seconds
[2023-12-02T15:50:06.890+0000][1077.947s][debug][safepoint     ] Safepoint synchronization initiated. (167 threads)
[2023-12-02T15:50:06.891+0000][1077.948s][info ][safepoint     ] Application time: 14.6061913 seconds
[2023-12-02T15:50:06.891+0000][1077.948s][info ][safepoint     ] Entering safepoint region: G1CollectForAllocation
[2023-12-02T15:50:06.892+0000][1077.949s][info ][gc,start      ] GC(68) Pause Young (Normal) (G1 Evacuation Pause)
[2023-12-02T15:50:06.892+0000][1077.949s][info ][gc,task       ] GC(68) Using 8 workers of 8 for evacuation
[2023-12-02T15:50:06.906+0000][1077.963s][info ][gc,phases     ] GC(68)   Pre Evacuate Collection Set: 0.1ms
[2023-12-02T15:50:06.906+0000][1077.964s][info ][gc,phases     ] GC(68)   Evacuate Collection Set: 9.3ms
[2023-12-02T15:50:06.907+0000][1077.964s][info ][gc,phases     ] GC(68)   Post Evacuate Collection Set: 4.0ms
[2023-12-02T15:50:06.907+0000][1077.964s][info ][gc,phases     ] GC(68)   Other: 0.9ms
[2023-12-02T15:50:06.907+0000][1077.965s][info ][gc,heap       ] GC(68) Eden regions: 206->0(204)
[2023-12-02T15:50:06.908+0000][1077.965s][info ][gc,heap       ] GC(68) Survivor regions: 15->16(28)
[2023-12-02T15:50:06.908+0000][1077.966s][info ][gc,heap       ] GC(68) Old regions: 148->148
[2023-12-02T15:50:06.909+0000][1077.966s][info ][gc,heap       ] GC(68) Humongous regions: 0->0
[2023-12-02T15:50:06.909+0000][1077.966s][info ][gc,metaspace  ] GC(68) Metaspace: 171940K(185884K)->171940K(185884K) NonClass: 151964K(163104K)->151964K(163104K) Class: 19975K(22780K)->19975K(22780K)
[2023-12-02T15:50:06.909+0000][1077.967s][info ][gc            ] GC(68) Pause Young (Normal) (G1 Evacuation Pause) 366M->161M(427M) 17.574ms
[2023-12-02T15:50:06.910+0000][1077.967s][info ][gc,cpu        ] GC(68) User=0.09s Sys=0.00s Real=0.02s
[2023-12-02T15:50:06.910+0000][1077.967s][info ][safepoint     ] Leaving safepoint region
[2023-12-02T15:50:06.910+0000][1077.968s][info ][safepoint     ] Total time for which application threads were stopped: 0.0195072 seconds, Stopping threads took: 0.0004778 seconds
[2023-12-02T15:50:06.911+0000][1077.968s][info ][gc,stringdedup] Concurrent String Deduplication (1077.968s)
[2023-12-02T15:50:06.911+0000][1077.968s][info ][gc,stringdedup] Concurrent String Deduplication 24.0B->0.0B(24.0B) avg 52.7% (1077.968s, 1077.968s) 0.190ms
[2023-12-02T15:50:32.915+0000][1103.974s][debug][safepoint     ] Safepoint synchronization initiated. (167 threads)
[2023-12-02T15:50:32.916+0000][1103.974s][info ][safepoint     ] Application time: 26.0060927 seconds
[2023-12-02T15:50:32.916+0000][1103.975s][info ][safepoint     ] Entering safepoint region: Cleanup
[2023-12-02T15:50:32.917+0000][1103.975s][info ][safepoint     ] Leaving safepoint region
[2023-12-02T15:50:32.917+0000][1103.976s][info ][safepoint     ] Total time for which application threads were stopped: 0.0009558 seconds, Stopping threads took: 0.0004659 seconds
[2023-12-02T15:51:32.929+0000][1163.989s][debug][safepoint     ] Safepoint synchronization initiated. (167 threads)
[2023-12-02T15:51:32.929+0000][1163.990s][info ][safepoint     ] Application time: 60.0135990 seconds
[2023-12-02T15:51:32.930+0000][1163.990s][info ][safepoint     ] Entering safepoint region: Cleanup
[2023-12-02T15:51:32.931+0000][1163.991s][info ][safepoint     ] Leaving safepoint region
[2023-12-02T15:51:32.931+0000][1163.991s][info ][safepoint     ] Total time for which application threads were stopped: 0.0012019 seconds, Stopping threads took: 0.0005832 seconds
[2023-12-02T15:52:06.939+0000][1198.000s][debug][safepoint     ] Safepoint synchronization initiated. (167 threads)
[2023-12-02T15:52:06.940+0000][1198.001s][info ][safepoint     ] Application time: 34.0094642 seconds
[2023-12-02T15:52:06.941+0000][1198.002s][info ][safepoint     ] Entering safepoint region: Cleanup
[2023-12-02T15:52:06.942+0000][1198.004s][info ][safepoint     ] Leaving safepoint region
[2023-12-02T15:52:06.943+0000][1198.004s][info ][safepoint     ] Total time for which application threads were stopped: 0.0022859 seconds, Stopping threads took: 0.0008158 seconds
[2023-12-02T15:52:16.946+0000][1208.007s][debug][safepoint     ] Safepoint synchronization initiated. (167 threads)
[2023-12-02T15:52:16.947+0000][1208.008s][info ][safepoint     ] Application time: 10.0028619 seconds
[2023-12-02T15:52:16.947+0000][1208.009s][info ][safepoint     ] Entering safepoint region: Cleanup
[2023-12-02T15:52:16.948+0000][1208.009s][info ][safepoint     ] Leaving safepoint region
[2023-12-02T15:52:16.948+0000][1208.010s][info ][safepoint     ] Total time for which application threads were stopped: 0.0010359 seconds, Stopping threads took: 0.0005227 seconds
[2023-12-02T15:52:25.974+0000][1217.036s][debug][safepoint     ] Safepoint synchronization initiated. (167 threads)
[2023-12-02T15:52:25.974+0000][1217.036s][info ][safepoint     ] Application time: 9.0260454 seconds
[2023-12-02T15:52:25.974+0000][1217.036s][info ][safepoint     ] Entering safepoint region: Deoptimize
[2023-12-02T15:52:25.982+0000][1217.044s][info ][safepoint     ] Leaving safepoint region
[2023-12-02T15:52:25.982+0000][1217.044s][info ][safepoint     ] Total time for which application threads were stopped: 0.0078351 seconds, Stopping threads took: 0.0001825 seconds
[2023-12-02T15:52:26.065+0000][1217.127s][debug][safepoint     ] Safepoint synchronization initiated. (168 threads)
[2023-12-02T15:52:26.065+0000][1217.128s][info ][safepoint     ] Application time: 0.0831938 seconds
[2023-12-02T15:52:26.066+0000][1217.128s][info ][safepoint     ] Entering safepoint region: Deoptimize
[2023-12-02T15:52:26.068+0000][1217.130s][info ][safepoint     ] Leaving safepoint region
[2023-12-02T15:52:26.069+0000][1217.131s][info ][safepoint     ] Total time for which application threads were stopped: 0.0027820 seconds, Stopping threads took: 0.0004138 seconds
[2023-12-02T15:52:26.107+0000][1217.170s][debug][safepoint     ] Safepoint synchronization initiated. (168 threads)
[2023-12-02T15:52:26.108+0000][1217.170s][info ][safepoint     ] Application time: 0.0388312 seconds
[2023-12-02T15:52:26.108+0000][1217.170s][info ][safepoint     ] Entering safepoint region: Deoptimize
[2023-12-02T15:52:26.111+0000][1217.173s][info ][safepoint     ] Leaving safepoint region
[2023-12-02T15:52:26.111+0000][1217.173s][info ][safepoint     ] Total time for which application threads were stopped: 0.0028069 seconds, Stopping threads took: 0.0004773 seconds
[2023-12-02T15:52:26.120+0000][1217.182s][debug][safepoint     ] Safepoint synchronization initiated. (168 threads)
[2023-12-02T15:52:26.120+0000][1217.182s][info ][safepoint     ] Application time: 0.0089032 seconds
[2023-12-02T15:52:26.120+0000][1217.182s][info ][safepoint     ] Entering safepoint region: Deoptimize
[2023-12-02T15:52:26.123+0000][1217.185s][info ][safepoint     ] Leaving safepoint region
[2023-12-02T15:52:26.123+0000][1217.185s][info ][safepoint     ] Total time for which application threads were stopped: 0.0028271 seconds, Stopping threads took: 0.0004547 seconds
[2023-12-02T15:52:27.124+0000][1218.186s][debug][safepoint     ] Safepoint synchronization initiated. (178 threads)
[2023-12-02T15:52:27.124+0000][1218.186s][info ][safepoint     ] Application time: 1.0006449 seconds
[2023-12-02T15:52:27.125+0000][1218.187s][info ][safepoint     ] Entering safepoint region: Cleanup
[2023-12-02T15:52:27.125+0000][1218.187s][info ][safepoint     ] Leaving safepoint region
[2023-12-02T15:52:27.126+0000][1218.188s][info ][safepoint     ] Total time for which application threads were stopped: 0.0010302 seconds, Stopping threads took: 0.0003807 seconds
[2023-12-02T15:52:28.126+0000][1219.188s][debug][safepoint     ] Safepoint synchronization initiated. (178 threads)
[2023-12-02T15:52:28.127+0000][1219.189s][info ][safepoint     ] Application time: 1.0012986 seconds
[2023-12-02T15:52:28.128+0000][1219.190s][info ][safepoint     ] Entering safepoint region: Cleanup
[2023-12-02T15:52:28.129+0000][1219.191s][info ][safepoint     ] Leaving safepoint region
[2023-12-02T15:52:28.130+0000][1219.192s][info ][safepoint     ] Total time for which application threads were stopped: 0.0017141 seconds, Stopping threads took: 0.0006863 seconds
[2023-12-02T15:52:29.131+0000][1220.193s][debug][safepoint     ] Safepoint synchronization initiated. (177 threads)
[2023-12-02T15:52:29.132+0000][1220.194s][info ][safepoint     ] Application time: 1.0012806 seconds
[2023-12-02T15:52:29.133+0000][1220.195s][info ][safepoint     ] Entering safepoint region: Cleanup
[2023-12-02T15:52:29.134+0000][1220.196s][info ][safepoint     ] Leaving safepoint region
[2023-12-02T15:52:29.135+0000][1220.197s][info ][safepoint     ] Total time for which application threads were stopped: 0.0020183 seconds, Stopping threads took: 0.0007656 seconds
[2023-12-02T15:52:30.136+0000][1221.198s][debug][safepoint     ] Safepoint synchronization initiated. (177 threads)
[2023-12-02T15:52:30.136+0000][1221.198s][info ][safepoint     ] Application time: 1.0006811 seconds
[2023-12-02T15:52:30.136+0000][1221.199s][info ][safepoint     ] Entering safepoint region: Cleanup
[2023-12-02T15:52:30.137+0000][1221.199s][info ][safepoint     ] Leaving safepoint region
[2023-12-02T15:52:30.137+0000][1221.199s][info ][safepoint     ] Total time for which application threads were stopped: 0.0007336 seconds, Stopping threads took: 0.0003214 seconds
[2023-12-02T15:52:32.138+0000][1223.200s][debug][safepoint     ] Safepoint synchronization initiated. (177 threads)
[2023-12-02T15:52:32.139+0000][1223.201s][info ][safepoint     ] Application time: 2.0013468 seconds
[2023-12-02T15:52:32.139+0000][1223.202s][info ][safepoint     ] Entering safepoint region: Cleanup
[2023-12-02T15:52:32.141+0000][1223.203s][info ][safepoint     ] Leaving safepoint region
[2023-12-02T15:52:32.141+0000][1223.204s][info ][safepoint     ] Total time for which application threads were stopped: 0.0020935 seconds, Stopping threads took: 0.0007215 seconds
[2023-12-02T15:52:32.692+0000][1223.754s][debug][safepoint     ] Safepoint synchronization initiated. (178 threads)
[2023-12-02T15:52:32.692+0000][1223.755s][info ][safepoint     ] Application time: 0.5503304 seconds
[2023-12-02T15:52:32.693+0000][1223.755s][info ][safepoint     ] Entering safepoint region: G1CollectForAllocation
[2023-12-02T15:52:32.693+0000][1223.756s][info ][gc,start      ] GC(69) Pause Young (Normal) (G1 Evacuation Pause)
[2023-12-02T15:52:32.694+0000][1223.756s][info ][gc,task       ] GC(69) Using 8 workers of 8 for evacuation
[2023-12-02T15:52:32.712+0000][1223.774s][info ][gc,phases     ] GC(69)   Pre Evacuate Collection Set: 0.0ms
[2023-12-02T15:52:32.712+0000][1223.774s][info ][gc,phases     ] GC(69)   Evacuate Collection Set: 13.7ms
[2023-12-02T15:52:32.713+0000][1223.775s][info ][gc,phases     ] GC(69)   Post Evacuate Collection Set: 3.8ms
[2023-12-02T15:52:32.713+0000][1223.775s][info ][gc,phases     ] GC(69)   Other: 0.8ms
[2023-12-02T15:52:32.713+0000][1223.776s][info ][gc,heap       ] GC(69) Eden regions: 204->0(197)
[2023-12-02T15:52:32.714+0000][1223.776s][info ][gc,heap       ] GC(69) Survivor regions: 16->17(28)
[2023-12-02T15:52:32.714+0000][1223.776s][info ][gc,heap       ] GC(69) Old regions: 148->148
[2023-12-02T15:52:32.714+0000][1223.777s][info ][gc,heap       ] GC(69) Humongous regions: 5->5
[2023-12-02T15:52:32.715+0000][1223.777s][info ][gc,metaspace  ] GC(69) Metaspace: 176663K(190620K)->176663K(190620K) NonClass: 156119K(167200K)->156119K(167200K) Class: 20544K(23420K)->20544K(23420K)
[2023-12-02T15:52:32.715+0000][1223.777s][info ][gc            ] GC(69) Pause Young (Normal) (G1 Evacuation Pause) 370M->168M(427M) 21.597ms
[2023-12-02T15:52:32.715+0000][1223.777s][info ][gc,cpu        ] GC(69) User=0.12s Sys=0.00s Real=0.02s
[2023-12-02T15:52:32.716+0000][1223.778s][info ][safepoint     ] Leaving safepoint region
[2023-12-02T15:52:32.716+0000][1223.778s][info ][safepoint     ] Total time for which application threads were stopped: 0.0230960 seconds, Stopping threads took: 0.0002914 seconds
[2023-12-02T15:52:32.716+0000][1223.778s][info ][gc,stringdedup] Concurrent String Deduplication (1223.778s)
[2023-12-02T15:52:32.717+0000][1223.779s][info ][gc,stringdedup] Concurrent String Deduplication 0.0B->0.0B(0.0B) avg 52.7% (1223.778s, 1223.779s) 0.339ms
[2023-12-02T15:52:33.716+0000][1224.779s][debug][safepoint     ] Safepoint synchronization initiated. (178 threads)
[2023-12-02T15:52:33.717+0000][1224.779s][info ][safepoint     ] Application time: 1.0008389 seconds
[2023-12-02T15:52:33.718+0000][1224.780s][info ][safepoint     ] Entering safepoint region: Cleanup
[2023-12-02T15:52:33.718+0000][1224.780s][info ][safepoint     ] Leaving safepoint region
[2023-12-02T15:52:33.719+0000][1224.781s][info ][safepoint     ] Total time for which application threads were stopped: 0.0012421 seconds, Stopping threads took: 0.0005820 seconds
[2023-12-02T15:52:37.720+0000][1228.782s][debug][safepoint     ] Safepoint synchronization initiated. (178 threads)
[2023-12-02T15:52:37.721+0000][1228.783s][info ][safepoint     ] Application time: 4.0015274 seconds
[2023-12-02T15:52:37.721+0000][1228.783s][info ][safepoint     ] Entering safepoint region: Cleanup
[2023-12-02T15:52:37.722+0000][1228.784s][info ][safepoint     ] Leaving safepoint region
[2023-12-02T15:52:37.723+0000][1228.785s][info ][safepoint     ] Total time for which application threads were stopped: 0.0016362 seconds, Stopping threads took: 0.0007209 seconds
[2023-12-02T15:52:38.724+0000][1229.786s][debug][safepoint     ] Safepoint synchronization initiated. (179 threads)
[2023-12-02T15:52:38.724+0000][1229.786s][info ][safepoint     ] Application time: 1.0006980 seconds
[2023-12-02T15:52:38.724+0000][1229.787s][info ][safepoint     ] Entering safepoint region: Cleanup
[2023-12-02T15:52:38.725+0000][1229.787s][info ][safepoint     ] Leaving safepoint region
[2023-12-02T15:52:38.725+0000][1229.788s][info ][safepoint     ] Total time for which application threads were stopped: 0.0008864 seconds, Stopping threads took: 0.0003557 seconds
[2023-12-02T15:52:41.727+0000][1232.789s][debug][safepoint     ] Safepoint synchronization initiated. (179 threads)
[2023-12-02T15:52:41.728+0000][1232.790s][info ][safepoint     ] Application time: 3.0019500 seconds
[2023-12-02T15:52:41.728+0000][1232.790s][info ][safepoint     ] Entering safepoint region: Cleanup
[2023-12-02T15:52:41.729+0000][1232.791s][info ][safepoint     ] Leaving safepoint region
[2023-12-02T15:52:41.730+0000][1232.792s][info ][safepoint     ] Total time for which application threads were stopped: 0.0014857 seconds, Stopping threads took: 0.0007071 seconds
[2023-12-02T15:52:44.731+0000][1235.793s][debug][safepoint     ] Safepoint synchronization initiated. (180 threads)
[2023-12-02T15:52:44.732+0000][1235.794s][info ][safepoint     ] Application time: 3.0015968 seconds
[2023-12-02T15:52:44.733+0000][1235.795s][info ][safepoint     ] Entering safepoint region: Cleanup
[2023-12-02T15:52:44.733+0000][1235.795s][info ][safepoint     ] Leaving safepoint region
[2023-12-02T15:52:44.734+0000][1235.796s][info ][safepoint     ] Total time for which application threads were stopped: 0.0013631 seconds, Stopping threads took: 0.0004995 seconds
[2023-12-02T15:52:47.735+0000][1238.797s][debug][safepoint     ] Safepoint synchronization initiated. (180 threads)
[2023-12-02T15:52:47.736+0000][1238.798s][info ][safepoint     ] Application time: 3.0018355 seconds
[2023-12-02T15:52:47.737+0000][1238.799s][info ][safepoint     ] Entering safepoint region: Cleanup
[2023-12-02T15:52:47.738+0000][1238.801s][info ][safepoint     ] Leaving safepoint region
[2023-12-02T15:52:47.739+0000][1238.801s][info ][safepoint     ] Total time for which application threads were stopped: 0.0020828 seconds, Stopping threads took: 0.0008010 seconds
[2023-12-02T15:52:56.742+0000][1247.805s][debug][safepoint     ] Safepoint synchronization initiated. (182 threads)
[2023-12-02T15:52:56.743+0000][1247.806s][info ][safepoint     ] Application time: 9.0036809 seconds
[2023-12-02T15:52:56.744+0000][1247.807s][info ][safepoint     ] Entering safepoint region: Cleanup
[2023-12-02T15:52:56.745+0000][1247.808s][info ][safepoint     ] Leaving safepoint region
[2023-12-02T15:52:56.745+0000][1247.808s][info ][safepoint     ] Total time for which application threads were stopped: 0.0018204 seconds, Stopping threads took: 0.0007690 seconds
[2023-12-02T15:53:02.747+0000][1253.810s][debug][safepoint     ] Safepoint synchronization initiated. (183 threads)
[2023-12-02T15:53:02.748+0000][1253.811s][info ][safepoint     ] Application time: 6.0023450 seconds
[2023-12-02T15:53:02.749+0000][1253.812s][info ][safepoint     ] Entering safepoint region: Cleanup
[2023-12-02T15:53:02.750+0000][1253.813s][info ][safepoint     ] Leaving safepoint region
[2023-12-02T15:53:02.750+0000][1253.813s][info ][safepoint     ] Total time for which application threads were stopped: 0.0014629 seconds, Stopping threads took: 0.0006194 seconds
[2023-12-02T15:53:08.752+0000][1259.815s][debug][safepoint     ] Safepoint synchronization initiated. (184 threads)
[2023-12-02T15:53:08.753+0000][1259.816s][info ][safepoint     ] Application time: 6.0018500 seconds
[2023-12-02T15:53:08.754+0000][1259.817s][info ][safepoint     ] Entering safepoint region: Cleanup
[2023-12-02T15:53:08.755+0000][1259.818s][info ][safepoint     ] Leaving safepoint region
[2023-12-02T15:53:08.755+0000][1259.818s][info ][safepoint     ] Total time for which application threads were stopped: 0.0015098 seconds, Stopping threads took: 0.0006801 seconds
[2023-12-02T15:53:12.756+0000][1263.820s][debug][safepoint     ] Safepoint synchronization initiated. (184 threads)
[2023-12-02T15:53:12.757+0000][1263.821s][info ][safepoint     ] Application time: 4.0018457 seconds
[2023-12-02T15:53:12.758+0000][1263.821s][info ][safepoint     ] Entering safepoint region: Cleanup
[2023-12-02T15:53:12.760+0000][1263.823s][info ][safepoint     ] Leaving safepoint region
[2023-12-02T15:53:12.760+0000][1263.823s][info ][safepoint     ] Total time for which application threads were stopped: 0.0018913 seconds, Stopping threads took: 0.0007795 seconds
[2023-12-02T15:53:14.761+0000][1265.825s][debug][safepoint     ] Safepoint synchronization initiated. (185 threads)
[2023-12-02T15:53:14.762+0000][1265.825s][info ][safepoint     ] Application time: 2.0010247 seconds
[2023-12-02T15:53:14.762+0000][1265.825s][info ][safepoint     ] Entering safepoint region: Cleanup
[2023-12-02T15:53:14.763+0000][1265.826s][info ][safepoint     ] Leaving safepoint region
[2023-12-02T15:53:14.763+0000][1265.826s][info ][safepoint     ] Total time for which application threads were stopped: 0.0009135 seconds, Stopping threads took: 0.0002986 seconds
[2023-12-02T15:53:20.765+0000][1271.828s][debug][safepoint     ] Safepoint synchronization initiated. (186 threads)
[2023-12-02T15:53:20.766+0000][1271.829s][info ][safepoint     ] Application time: 6.0024458 seconds
[2023-12-02T15:53:20.767+0000][1271.830s][info ][safepoint     ] Entering safepoint region: Cleanup
[2023-12-02T15:53:20.768+0000][1271.831s][info ][safepoint     ] Leaving safepoint region
[2023-12-02T15:53:20.769+0000][1271.832s][info ][safepoint     ] Total time for which application threads were stopped: 0.0021619 seconds, Stopping threads took: 0.0008888 seconds
[2023-12-02T15:53:25.770+0000][1276.834s][debug][safepoint     ] Safepoint synchronization initiated. (186 threads)
[2023-12-02T15:53:25.771+0000][1276.835s][info ][safepoint     ] Application time: 5.0023093 seconds
[2023-12-02T15:53:25.772+0000][1276.836s][info ][safepoint     ] Entering safepoint region: Cleanup
[2023-12-02T15:53:25.773+0000][1276.837s][info ][safepoint     ] Leaving safepoint region
[2023-12-02T15:53:25.774+0000][1276.838s][info ][safepoint     ] Total time for which application threads were stopped: 0.0020644 seconds, Stopping threads took: 0.0008436 seconds
[2023-12-02T15:53:26.775+0000][1277.839s][debug][safepoint     ] Safepoint synchronization initiated. (187 threads)
[2023-12-02T15:53:26.776+0000][1277.840s][info ][safepoint     ] Application time: 1.0012725 seconds
[2023-12-02T15:53:26.777+0000][1277.841s][info ][safepoint     ] Entering safepoint region: Cleanup
[2023-12-02T15:53:26.778+0000][1277.842s][info ][safepoint     ] Leaving safepoint region
[2023-12-02T15:53:26.779+0000][1277.842s][info ][safepoint     ] Total time for which application threads were stopped: 0.0019680 seconds, Stopping threads took: 0.0008528 seconds
[2023-12-02T15:53:32.781+0000][1283.845s][debug][safepoint     ] Safepoint synchronization initiated. (188 threads)
[2023-12-02T15:53:32.782+0000][1283.846s][info ][safepoint     ] Application time: 6.0026335 seconds
[2023-12-02T15:53:32.782+0000][1283.846s][info ][safepoint     ] Entering safepoint region: Cleanup
[2023-12-02T15:53:32.784+0000][1283.847s][info ][safepoint     ] Leaving safepoint region
[2023-12-02T15:53:32.784+0000][1283.848s][info ][safepoint     ] Total time for which application threads were stopped: 0.0018640 seconds, Stopping threads took: 0.0007583 seconds
[2023-12-02T15:53:33.785+0000][1284.849s][debug][safepoint     ] Safepoint synchronization initiated. (188 threads)
[2023-12-02T15:53:33.786+0000][1284.850s][info ][safepoint     ] Application time: 1.0011402 seconds
[2023-12-02T15:53:33.787+0000][1284.851s][info ][safepoint     ] Entering safepoint region: Cleanup
[2023-12-02T15:53:33.788+0000][1284.852s][info ][safepoint     ] Leaving safepoint region
[2023-12-02T15:53:33.788+0000][1284.852s][info ][safepoint     ] Total time for which application threads were stopped: 0.0016464 seconds, Stopping threads took: 0.0006258 seconds
[2023-12-02T15:53:41.790+0000][1292.854s][debug][safepoint     ] Safepoint synchronization initiated. (189 threads)
[2023-12-02T15:53:41.791+0000][1292.855s][info ][safepoint     ] Application time: 8.0024054 seconds
[2023-12-02T15:53:41.792+0000][1292.856s][info ][safepoint     ] Entering safepoint region: Cleanup
[2023-12-02T15:53:41.793+0000][1292.857s][info ][safepoint     ] Leaving safepoint region
[2023-12-02T15:53:41.794+0000][1292.858s][info ][safepoint     ] Total time for which application threads were stopped: 0.0019426 seconds, Stopping threads took: 0.0008349 seconds
[2023-12-02T15:53:44.795+0000][1295.859s][debug][safepoint     ] Safepoint synchronization initiated. (190 threads)
[2023-12-02T15:53:44.796+0000][1295.860s][info ][safepoint     ] Application time: 3.0017291 seconds
[2023-12-02T15:53:44.797+0000][1295.861s][info ][safepoint     ] Entering safepoint region: Cleanup
[2023-12-02T15:53:44.798+0000][1295.862s][info ][safepoint     ] Leaving safepoint region
[2023-12-02T15:53:44.799+0000][1295.863s][info ][safepoint     ] Total time for which application threads were stopped: 0.0021453 seconds, Stopping threads took: 0.0006821 seconds
[2023-12-02T15:53:53.801+0000][1304.866s][debug][safepoint     ] Safepoint synchronization initiated. (191 threads)
[2023-12-02T15:53:53.801+0000][1304.867s][info ][safepoint     ] Application time: 9.0029633 seconds
[2023-12-02T15:53:53.802+0000][1304.867s][info ][safepoint     ] Entering safepoint region: Cleanup
[2023-12-02T15:53:53.802+0000][1304.868s][info ][safepoint     ] Leaving safepoint region
[2023-12-02T15:53:53.803+0000][1304.868s][info ][safepoint     ] Total time for which application threads were stopped: 0.0010110 seconds, Stopping threads took: 0.0003861 seconds
[2023-12-02T15:53:53.940+0000][1305.005s][debug][safepoint     ] Safepoint synchronization initiated. (192 threads)
[2023-12-02T15:53:53.940+0000][1305.006s][info ][safepoint     ] Application time: 0.1375891 seconds
[2023-12-02T15:53:53.941+0000][1305.006s][info ][safepoint     ] Entering safepoint region: Deoptimize
[2023-12-02T15:53:53.944+0000][1305.010s][info ][safepoint     ] Leaving safepoint region
[2023-12-02T15:53:53.945+0000][1305.010s][info ][safepoint     ] Total time for which application threads were stopped: 0.0039221 seconds, Stopping threads took: 0.0002929 seconds
[2023-12-02T15:53:54.945+0000][1306.011s][debug][safepoint     ] Safepoint synchronization initiated. (200 threads)
[2023-12-02T15:53:54.946+0000][1306.011s][info ][safepoint     ] Application time: 1.0006210 seconds
[2023-12-02T15:53:54.946+0000][1306.011s][info ][safepoint     ] Entering safepoint region: Cleanup
[2023-12-02T15:53:54.947+0000][1306.012s][info ][safepoint     ] Leaving safepoint region
[2023-12-02T15:53:54.947+0000][1306.012s][info ][safepoint     ] Total time for which application threads were stopped: 0.0010124 seconds, Stopping threads took: 0.0003535 seconds
[2023-12-02T15:53:55.948+0000][1307.013s][debug][safepoint     ] Safepoint synchronization initiated. (198 threads)
[2023-12-02T15:53:55.948+0000][1307.013s][info ][safepoint     ] Application time: 1.0008297 seconds
[2023-12-02T15:53:55.949+0000][1307.014s][info ][safepoint     ] Entering safepoint region: Cleanup
[2023-12-02T15:53:55.949+0000][1307.014s][info ][safepoint     ] Leaving safepoint region
[2023-12-02T15:53:55.949+0000][1307.015s][info ][safepoint     ] Total time for which application threads were stopped: 0.0009872 seconds, Stopping threads took: 0.0004197 seconds
[2023-12-02T15:53:56.950+0000][1308.015s][debug][safepoint     ] Safepoint synchronization initiated. (200 threads)
[2023-12-02T15:53:56.951+0000][1308.016s][info ][safepoint     ] Application time: 1.0009763 seconds
[2023-12-02T15:53:56.952+0000][1308.017s][info ][safepoint     ] Entering safepoint region: Cleanup
[2023-12-02T15:53:56.953+0000][1308.018s][info ][safepoint     ] Leaving safepoint region
[2023-12-02T15:53:56.953+0000][1308.019s][info ][safepoint     ] Total time for which application threads were stopped: 0.0018453 seconds, Stopping threads took: 0.0007508 seconds
[2023-12-02T15:53:57.954+0000][1309.019s][debug][safepoint     ] Safepoint synchronization initiated. (200 threads)
[2023-12-02T15:53:57.955+0000][1309.020s][info ][safepoint     ] Application time: 1.0011236 seconds
[2023-12-02T15:53:57.956+0000][1309.021s][info ][safepoint     ] Entering safepoint region: Cleanup
[2023-12-02T15:53:57.957+0000][1309.022s][info ][safepoint     ] Leaving safepoint region
[2023-12-02T15:53:57.958+0000][1309.023s][info ][safepoint     ] Total time for which application threads were stopped: 0.0021004 seconds, Stopping threads took: 0.0008890 seconds
[2023-12-02T15:53:58.959+0000][1310.024s][debug][safepoint     ] Safepoint synchronization initiated. (202 threads)
[2023-12-02T15:53:58.959+0000][1310.024s][info ][safepoint     ] Application time: 1.0004234 seconds
[2023-12-02T15:53:58.959+0000][1310.025s][info ][safepoint     ] Entering safepoint region: Cleanup
[2023-12-02T15:53:58.960+0000][1310.025s][info ][safepoint     ] Leaving safepoint region
[2023-12-02T15:53:58.960+0000][1310.025s][info ][safepoint     ] Total time for which application threads were stopped: 0.0005846 seconds, Stopping threads took: 0.0002157 seconds
[2023-12-02T15:53:59.960+0000][1311.026s][debug][safepoint     ] Safepoint synchronization initiated. (201 threads)
[2023-12-02T15:53:59.961+0000][1311.026s][info ][safepoint     ] Application time: 1.0012013 seconds
[2023-12-02T15:53:59.962+0000][1311.027s][info ][safepoint     ] Entering safepoint region: Cleanup
[2023-12-02T15:53:59.963+0000][1311.028s][info ][safepoint     ] Leaving safepoint region
[2023-12-02T15:53:59.964+0000][1311.029s][info ][safepoint     ] Total time for which application threads were stopped: 0.0021204 seconds, Stopping threads took: 0.0008152 seconds
[2023-12-02T15:54:00.965+0000][1312.030s][debug][safepoint     ] Safepoint synchronization initiated. (201 threads)
[2023-12-02T15:54:00.965+0000][1312.031s][info ][safepoint     ] Application time: 1.0006216 seconds
[2023-12-02T15:54:00.966+0000][1312.031s][info ][safepoint     ] Entering safepoint region: Cleanup
[2023-12-02T15:54:00.966+0000][1312.032s][info ][safepoint     ] Leaving safepoint region
[2023-12-02T15:54:00.967+0000][1312.032s][info ][safepoint     ] Total time for which application threads were stopped: 0.0009582 seconds, Stopping threads took: 0.0003842 seconds
[2023-12-02T15:54:01.967+0000][1313.032s][debug][safepoint     ] Safepoint synchronization initiated. (201 threads)
[2023-12-02T15:54:01.968+0000][1313.033s][info ][safepoint     ] Application time: 1.0007878 seconds
[2023-12-02T15:54:01.968+0000][1313.034s][info ][safepoint     ] Entering safepoint region: Cleanup
[2023-12-02T15:54:01.969+0000][1313.034s][info ][safepoint     ] Leaving safepoint region
[2023-12-02T15:54:01.969+0000][1313.035s][info ][safepoint     ] Total time for which application threads were stopped: 0.0011054 seconds, Stopping threads took: 0.0004546 seconds
[2023-12-02T15:54:02.970+0000][1314.035s][debug][safepoint     ] Safepoint synchronization initiated. (201 threads)
[2023-12-02T15:54:02.971+0000][1314.036s][info ][safepoint     ] Application time: 1.0012360 seconds
[2023-12-02T15:54:02.972+0000][1314.037s][info ][safepoint     ] Entering safepoint region: Cleanup
[2023-12-02T15:54:02.973+0000][1314.038s][info ][safepoint     ] Leaving safepoint region
[2023-12-02T15:54:02.974+0000][1314.039s][info ][safepoint     ] Total time for which application threads were stopped: 0.0019069 seconds, Stopping threads took: 0.0008692 seconds
[2023-12-02T15:54:03.975+0000][1315.040s][debug][safepoint     ] Safepoint synchronization initiated. (201 threads)
[2023-12-02T15:54:03.975+0000][1315.041s][info ][safepoint     ] Application time: 1.0010767 seconds
[2023-12-02T15:54:03.976+0000][1315.042s][info ][safepoint     ] Entering safepoint region: Cleanup
[2023-12-02T15:54:03.977+0000][1315.043s][info ][safepoint     ] Leaving safepoint region
[2023-12-02T15:54:03.978+0000][1315.043s][info ][safepoint     ] Total time for which application threads were stopped: 0.0018198 seconds, Stopping threads took: 0.0006747 seconds
[2023-12-02T15:54:04.979+0000][1316.044s][debug][safepoint     ] Safepoint synchronization initiated. (201 threads)
[2023-12-02T15:54:04.980+0000][1316.045s][info ][safepoint     ] Application time: 1.0010470 seconds
[2023-12-02T15:54:04.981+0000][1316.046s][info ][safepoint     ] Entering safepoint region: Cleanup
[2023-12-02T15:54:04.982+0000][1316.047s][info ][safepoint     ] Leaving safepoint region
[2023-12-02T15:54:04.982+0000][1316.048s][info ][safepoint     ] Total time for which application threads were stopped: 0.0019563 seconds, Stopping threads took: 0.0009145 seconds
[2023-12-02T15:54:05.983+0000][1317.049s][debug][safepoint     ] Safepoint synchronization initiated. (202 threads)
[2023-12-02T15:54:05.984+0000][1317.049s][info ][safepoint     ] Application time: 1.0004889 seconds
[2023-12-02T15:54:05.984+0000][1317.049s][info ][safepoint     ] Entering safepoint region: Cleanup
[2023-12-02T15:54:05.985+0000][1317.050s][info ][safepoint     ] Leaving safepoint region
[2023-12-02T15:54:05.985+0000][1317.050s][info ][safepoint     ] Total time for which application threads were stopped: 0.0010268 seconds, Stopping threads took: 0.0004579 seconds
[2023-12-02T15:54:06.986+0000][1318.051s][debug][safepoint     ] Safepoint synchronization initiated. (202 threads)
[2023-12-02T15:54:06.986+0000][1318.052s][info ][safepoint     ] Application time: 1.0013819 seconds
[2023-12-02T15:54:06.987+0000][1318.053s][info ][safepoint     ] Entering safepoint region: Cleanup
[2023-12-02T15:54:06.989+0000][1318.054s][info ][safepoint     ] Leaving safepoint region
[2023-12-02T15:54:06.989+0000][1318.055s][info ][safepoint     ] Total time for which application threads were stopped: 0.0020424 seconds, Stopping threads took: 0.0009012 seconds
[2023-12-02T15:54:07.990+0000][1319.056s][debug][safepoint     ] Safepoint synchronization initiated. (202 threads)
[2023-12-02T15:54:07.991+0000][1319.057s][info ][safepoint     ] Application time: 1.0014077 seconds
[2023-12-02T15:54:07.992+0000][1319.058s][info ][safepoint     ] Entering safepoint region: Cleanup
[2023-12-02T15:54:07.994+0000][1319.059s][info ][safepoint     ] Leaving safepoint region
[2023-12-02T15:54:07.995+0000][1319.060s][info ][safepoint     ] Total time for which application threads were stopped: 0.0021679 seconds, Stopping threads took: 0.0009722 seconds
[2023-12-02T15:54:08.996+0000][1320.061s][debug][safepoint     ] Safepoint synchronization initiated. (202 threads)
[2023-12-02T15:54:08.996+0000][1320.061s][info ][safepoint     ] Application time: 1.0004932 seconds
[2023-12-02T15:54:08.996+0000][1320.061s][info ][safepoint     ] Entering safepoint region: Cleanup
[2023-12-02T15:54:08.996+0000][1320.062s][info ][safepoint     ] Leaving safepoint region
[2023-12-02T15:54:08.997+0000][1320.062s][info ][safepoint     ] Total time for which application threads were stopped: 0.0005463 seconds, Stopping threads took: 0.0001989 seconds
[2023-12-02T15:54:09.997+0000][1321.062s][debug][safepoint     ] Safepoint synchronization initiated. (202 threads)
[2023-12-02T15:54:09.997+0000][1321.062s][info ][safepoint     ] Application time: 1.0003981 seconds
[2023-12-02T15:54:09.997+0000][1321.063s][info ][safepoint     ] Entering safepoint region: Cleanup
[2023-12-02T15:54:09.998+0000][1321.063s][info ][safepoint     ] Leaving safepoint region
[2023-12-02T15:54:09.998+0000][1321.063s][info ][safepoint     ] Total time for which application threads were stopped: 0.0006056 seconds, Stopping threads took: 0.0002358 seconds
[2023-12-02T15:54:10.998+0000][1322.064s][debug][safepoint     ] Safepoint synchronization initiated. (202 threads)
[2023-12-02T15:54:10.999+0000][1322.064s][info ][safepoint     ] Application time: 1.0006450 seconds
[2023-12-02T15:54:10.999+0000][1322.064s][info ][safepoint     ] Entering safepoint region: Cleanup
[2023-12-02T15:54:11.000+0000][1322.065s][info ][safepoint     ] Leaving safepoint region
[2023-12-02T15:54:11.000+0000][1322.065s][info ][safepoint     ] Total time for which application threads were stopped: 0.0008108 seconds, Stopping threads took: 0.0003196 seconds
[2023-12-02T15:54:12.001+0000][1323.066s][debug][safepoint     ] Safepoint synchronization initiated. (203 threads)
[2023-12-02T15:54:12.001+0000][1323.067s][info ][safepoint     ] Application time: 1.0008909 seconds
[2023-12-02T15:54:12.002+0000][1323.067s][debug][safepoint     ] ... found polling page loop exception at pc = 0x00007f43f7a628b3, stub =0x00007f43f4843680
[2023-12-02T15:54:12.002+0000][1323.067s][debug][safepoint     ] ... found polling page return exception at pc = 0x00007f43f5c21e9c, stub =0x00007f43f4840600
[2023-12-02T15:54:12.003+0000][1323.068s][debug][safepoint     ] Waiting for 3 thread(s) to block
[2023-12-02T15:54:12.003+0000][1323.069s][info ][safepoint     ] Entering safepoint region: Cleanup
[2023-12-02T15:54:12.004+0000][1323.069s][info ][safepoint     ] Leaving safepoint region
[2023-12-02T15:54:12.004+0000][1323.070s][info ][safepoint     ] Total time for which application threads were stopped: 0.0028360 seconds, Stopping threads took: 0.0022324 seconds
[2023-12-02T15:54:13.005+0000][1324.070s][debug][safepoint     ] Safepoint synchronization initiated. (203 threads)
[2023-12-02T15:54:13.006+0000][1324.071s][info ][safepoint     ] Application time: 1.0010367 seconds
[2023-12-02T15:54:13.006+0000][1324.072s][info ][safepoint     ] Entering safepoint region: Cleanup
[2023-12-02T15:54:13.007+0000][1324.073s][info ][safepoint     ] Leaving safepoint region
[2023-12-02T15:54:13.008+0000][1324.073s][info ][safepoint     ] Total time for which application threads were stopped: 0.0016300 seconds, Stopping threads took: 0.0005972 seconds
[2023-12-02T15:54:14.009+0000][1325.074s][debug][safepoint     ] Safepoint synchronization initiated. (203 threads)
[2023-12-02T15:54:14.009+0000][1325.074s][info ][safepoint     ] Application time: 1.0005043 seconds
[2023-12-02T15:54:14.009+0000][1325.075s][debug][safepoint     ] ... found polling page return exception at pc = 0x00007f43fca85ff6, stub =0x00007f43f4840600
[2023-12-02T15:54:14.010+0000][1325.075s][debug][safepoint     ] Waiting for 1 thread(s) to block
[2023-12-02T15:54:14.010+0000][1325.075s][info ][safepoint     ] Entering safepoint region: Cleanup
[2023-12-02T15:54:14.011+0000][1325.076s][info ][safepoint     ] Leaving safepoint region
[2023-12-02T15:54:14.011+0000][1325.077s][info ][safepoint     ] Total time for which application threads were stopped: 0.0019310 seconds, Stopping threads took: 0.0012032 seconds
[2023-12-02T15:54:15.012+0000][1326.077s][debug][safepoint     ] Safepoint synchronization initiated. (203 threads)
[2023-12-02T15:54:15.013+0000][1326.078s][info ][safepoint     ] Application time: 1.0010789 seconds
[2023-12-02T15:54:15.013+0000][1326.079s][info ][safepoint     ] Entering safepoint region: Cleanup
[2023-12-02T15:54:15.015+0000][1326.080s][info ][safepoint     ] Leaving safepoint region
[2023-12-02T15:54:15.015+0000][1326.081s][info ][safepoint     ] Total time for which application threads were stopped: 0.0019039 seconds, Stopping threads took: 0.0008203 seconds
[2023-12-02T15:54:16.016+0000][1327.081s][debug][safepoint     ] Safepoint synchronization initiated. (203 threads)
[2023-12-02T15:54:16.017+0000][1327.082s][info ][safepoint     ] Application time: 1.0008061 seconds
[2023-12-02T15:54:16.017+0000][1327.083s][info ][safepoint     ] Entering safepoint region: Cleanup
[2023-12-02T15:54:16.018+0000][1327.083s][info ][safepoint     ] Leaving safepoint region
[2023-12-02T15:54:16.018+0000][1327.083s][info ][safepoint     ] Total time for which application threads were stopped: 0.0008762 seconds, Stopping threads took: 0.0003321 seconds
[2023-12-02T15:54:17.019+0000][1328.084s][debug][safepoint     ] Safepoint synchronization initiated. (203 threads)
[2023-12-02T15:54:17.019+0000][1328.085s][info ][safepoint     ] Application time: 1.0008346 seconds
[2023-12-02T15:54:17.020+0000][1328.085s][info ][safepoint     ] Entering safepoint region: Cleanup
[2023-12-02T15:54:17.020+0000][1328.086s][info ][safepoint     ] Leaving safepoint region
[2023-12-02T15:54:17.021+0000][1328.086s][info ][safepoint     ] Total time for which application threads were stopped: 0.0009939 seconds, Stopping threads took: 0.0004709 seconds
[2023-12-02T15:54:18.021+0000][1329.086s][debug][safepoint     ] Safepoint synchronization initiated. (204 threads)
[2023-12-02T15:54:18.022+0000][1329.087s][info ][safepoint     ] Application time: 1.0009949 seconds
[2023-12-02T15:54:18.023+0000][1329.088s][info ][safepoint     ] Entering safepoint region: Cleanup
[2023-12-02T15:54:18.024+0000][1329.089s][info ][safepoint     ] Leaving safepoint region
[2023-12-02T15:54:18.024+0000][1329.090s][info ][safepoint     ] Total time for which application threads were stopped: 0.0017264 seconds, Stopping threads took: 0.0006869 seconds
[2023-12-02T15:54:19.025+0000][1330.091s][debug][safepoint     ] Safepoint synchronization initiated. (204 threads)
[2023-12-02T15:54:19.026+0000][1330.091s][info ][safepoint     ] Application time: 1.0005617 seconds
[2023-12-02T15:54:19.026+0000][1330.091s][info ][safepoint     ] Entering safepoint region: Cleanup
[2023-12-02T15:54:19.026+0000][1330.092s][info ][safepoint     ] Leaving safepoint region
[2023-12-02T15:54:19.027+0000][1330.092s][info ][safepoint     ] Total time for which application threads were stopped: 0.0007109 seconds, Stopping threads took: 0.0003065 seconds
[2023-12-02T15:54:20.027+0000][1331.092s][debug][safepoint     ] Safepoint synchronization initiated. (204 threads)
[2023-12-02T15:54:20.028+0000][1331.093s][info ][safepoint     ] Application time: 1.0006970 seconds
[2023-12-02T15:54:20.028+0000][1331.093s][info ][safepoint     ] Entering safepoint region: Cleanup
[2023-12-02T15:54:20.029+0000][1331.094s][info ][safepoint     ] Leaving safepoint region
[2023-12-02T15:54:20.029+0000][1331.095s][info ][safepoint     ] Total time for which application threads were stopped: 0.0014541 seconds, Stopping threads took: 0.0005445 seconds
[2023-12-02T15:54:21.030+0000][1332.096s][debug][safepoint     ] Safepoint synchronization initiated. (204 threads)
[2023-12-02T15:54:21.032+0000][1332.097s][info ][safepoint     ] Application time: 1.0019490 seconds
[2023-12-02T15:54:21.033+0000][1332.098s][info ][safepoint     ] Entering safepoint region: Cleanup
[2023-12-02T15:54:21.034+0000][1332.099s][info ][safepoint     ] Leaving safepoint region
[2023-12-02T15:54:21.034+0000][1332.099s][info ][safepoint     ] Total time for which application threads were stopped: 0.0014635 seconds, Stopping threads took: 0.0006140 seconds
[2023-12-02T15:54:22.035+0000][1333.100s][debug][safepoint     ] Safepoint synchronization initiated. (204 threads)
[2023-12-02T15:54:22.035+0000][1333.101s][info ][safepoint     ] Application time: 1.0007173 seconds
[2023-12-02T15:54:22.036+0000][1333.101s][info ][safepoint     ] Entering safepoint region: Cleanup
[2023-12-02T15:54:22.036+0000][1333.102s][info ][safepoint     ] Leaving safepoint region
[2023-12-02T15:54:22.037+0000][1333.102s][info ][safepoint     ] Total time for which application threads were stopped: 0.0008655 seconds, Stopping threads took: 0.0004509 seconds
[2023-12-02T15:54:23.037+0000][1334.103s][debug][safepoint     ] Safepoint synchronization initiated. (204 threads)
[2023-12-02T15:54:23.038+0000][1334.104s][info ][safepoint     ] Application time: 1.0012600 seconds
[2023-12-02T15:54:23.039+0000][1334.104s][info ][safepoint     ] Entering safepoint region: Cleanup
[2023-12-02T15:54:23.040+0000][1334.106s][info ][safepoint     ] Leaving safepoint region
[2023-12-02T15:54:23.041+0000][1334.106s][info ][safepoint     ] Total time for which application threads were stopped: 0.0019229 seconds, Stopping threads took: 0.0008418 seconds
[2023-12-02T15:54:24.042+0000][1335.107s][debug][safepoint     ] Safepoint synchronization initiated. (204 threads)
[2023-12-02T15:54:24.042+0000][1335.108s][info ][safepoint     ] Application time: 1.0007931 seconds
[2023-12-02T15:54:24.043+0000][1335.108s][info ][safepoint     ] Entering safepoint region: Cleanup
[2023-12-02T15:54:24.043+0000][1335.109s][info ][safepoint     ] Leaving safepoint region
[2023-12-02T15:54:24.043+0000][1335.109s][info ][safepoint     ] Total time for which application threads were stopped: 0.0007510 seconds, Stopping threads took: 0.0004015 seconds
[2023-12-02T15:54:25.044+0000][1336.109s][debug][safepoint     ] Safepoint synchronization initiated. (204 threads)
[2023-12-02T15:54:25.044+0000][1336.110s][info ][safepoint     ] Application time: 1.0007513 seconds
[2023-12-02T15:54:25.045+0000][1336.110s][info ][safepoint     ] Entering safepoint region: Cleanup
[2023-12-02T15:54:25.046+0000][1336.111s][info ][safepoint     ] Leaving safepoint region
[2023-12-02T15:54:25.046+0000][1336.112s][info ][safepoint     ] Total time for which application threads were stopped: 0.0014829 seconds, Stopping threads took: 0.0005753 seconds
[2023-12-02T15:54:26.047+0000][1337.112s][debug][safepoint     ] Safepoint synchronization initiated. (205 threads)
[2023-12-02T15:54:26.047+0000][1337.113s][info ][safepoint     ] Application time: 1.0005958 seconds
[2023-12-02T15:54:26.048+0000][1337.113s][info ][safepoint     ] Entering safepoint region: Cleanup
[2023-12-02T15:54:26.048+0000][1337.114s][info ][safepoint     ] Leaving safepoint region
[2023-12-02T15:54:26.049+0000][1337.114s][info ][safepoint     ] Total time for which application threads were stopped: 0.0009665 seconds, Stopping threads took: 0.0003005 seconds
[2023-12-02T15:54:27.049+0000][1338.115s][debug][safepoint     ] Safepoint synchronization initiated. (205 threads)
[2023-12-02T15:54:27.050+0000][1338.116s][info ][safepoint     ] Application time: 1.0011484 seconds
[2023-12-02T15:54:27.051+0000][1338.117s][info ][safepoint     ] Entering safepoint region: Cleanup
[2023-12-02T15:54:27.052+0000][1338.118s][info ][safepoint     ] Leaving safepoint region
[2023-12-02T15:54:27.053+0000][1338.119s][info ][safepoint     ] Total time for which application threads were stopped: 0.0021965 seconds, Stopping threads took: 0.0009141 seconds
[2023-12-02T15:54:28.054+0000][1339.120s][debug][safepoint     ] Safepoint synchronization initiated. (205 threads)
[2023-12-02T15:54:28.055+0000][1339.120s][info ][safepoint     ] Application time: 1.0009291 seconds
[2023-12-02T15:54:28.055+0000][1339.121s][info ][safepoint     ] Entering safepoint region: Cleanup
[2023-12-02T15:54:28.056+0000][1339.122s][info ][safepoint     ] Leaving safepoint region
[2023-12-02T15:54:28.057+0000][1339.122s][info ][safepoint     ] Total time for which application threads were stopped: 0.0014231 seconds, Stopping threads took: 0.0006441 seconds
[2023-12-02T15:54:29.057+0000][1340.123s][debug][safepoint     ] Safepoint synchronization initiated. (205 threads)
[2023-12-02T15:54:29.074+0000][1340.140s][info ][safepoint     ] Application time: 1.0171114 seconds
[2023-12-02T15:54:29.075+0000][1340.140s][info ][safepoint     ] Entering safepoint region: Cleanup
[2023-12-02T15:54:29.075+0000][1340.141s][info ][safepoint     ] Leaving safepoint region
[2023-12-02T15:54:29.076+0000][1340.141s][info ][safepoint     ] Total time for which application threads were stopped: 0.0009313 seconds, Stopping threads took: 0.0003918 seconds
[2023-12-02T15:54:30.076+0000][1341.142s][debug][safepoint     ] Safepoint synchronization initiated. (205 threads)
[2023-12-02T15:54:30.077+0000][1341.143s][info ][safepoint     ] Application time: 1.0009058 seconds
[2023-12-02T15:54:30.078+0000][1341.143s][info ][safepoint     ] Entering safepoint region: Cleanup
[2023-12-02T15:54:30.078+0000][1341.144s][info ][safepoint     ] Leaving safepoint region
[2023-12-02T15:54:30.079+0000][1341.144s][info ][safepoint     ] Total time for which application threads were stopped: 0.0011252 seconds, Stopping threads took: 0.0005593 seconds
[2023-12-02T15:54:31.079+0000][1342.145s][debug][safepoint     ] Safepoint synchronization initiated. (205 threads)
[2023-12-02T15:54:31.079+0000][1342.145s][info ][safepoint     ] Application time: 1.0004593 seconds
[2023-12-02T15:54:31.080+0000][1342.145s][info ][safepoint     ] Entering safepoint region: Cleanup
[2023-12-02T15:54:31.080+0000][1342.146s][info ][safepoint     ] Leaving safepoint region
[2023-12-02T15:54:31.080+0000][1342.146s][info ][safepoint     ] Total time for which application threads were stopped: 0.0006622 seconds, Stopping threads took: 0.0002150 seconds
[2023-12-02T15:54:32.081+0000][1343.146s][debug][safepoint     ] Safepoint synchronization initiated. (205 threads)
[2023-12-02T15:54:32.082+0000][1343.147s][info ][safepoint     ] Application time: 1.0012158 seconds
[2023-12-02T15:54:32.083+0000][1343.148s][info ][safepoint     ] Entering safepoint region: Cleanup
[2023-12-02T15:54:32.084+0000][1343.149s][info ][safepoint     ] Leaving safepoint region
[2023-12-02T15:54:32.084+0000][1343.150s][info ][safepoint     ] Total time for which application threads were stopped: 0.0018243 seconds, Stopping threads took: 0.0007821 seconds
[2023-12-02T15:54:33.085+0000][1344.151s][debug][safepoint     ] Safepoint synchronization initiated. (205 threads)
[2023-12-02T15:54:33.086+0000][1344.152s][info ][safepoint     ] Application time: 1.0013822 seconds
[2023-12-02T15:54:33.087+0000][1344.153s][info ][safepoint     ] Entering safepoint region: Cleanup
[2023-12-02T15:54:33.088+0000][1344.154s][info ][safepoint     ] Leaving safepoint region
[2023-12-02T15:54:33.089+0000][1344.155s][info ][safepoint     ] Total time for which application threads were stopped: 0.0020520 seconds, Stopping threads took: 0.0008446 seconds
[2023-12-02T15:54:34.090+0000][1345.156s][debug][safepoint     ] Safepoint synchronization initiated. (205 threads)
[2023-12-02T15:54:34.091+0000][1345.157s][info ][safepoint     ] Application time: 1.0014021 seconds
[2023-12-02T15:54:34.092+0000][1345.157s][info ][safepoint     ] Entering safepoint region: Cleanup
[2023-12-02T15:54:34.093+0000][1345.159s][info ][safepoint     ] Leaving safepoint region
[2023-12-02T15:54:34.094+0000][1345.160s][info ][safepoint     ] Total time for which application threads were stopped: 0.0022040 seconds, Stopping threads took: 0.0009507 seconds
[2023-12-02T15:54:35.095+0000][1346.161s][debug][safepoint     ] Safepoint synchronization initiated. (205 threads)
[2023-12-02T15:54:35.096+0000][1346.162s][info ][safepoint     ] Application time: 1.0013587 seconds
[2023-12-02T15:54:35.097+0000][1346.162s][info ][safepoint     ] Entering safepoint region: Cleanup
[2023-12-02T15:54:35.098+0000][1346.164s][info ][safepoint     ] Leaving safepoint region
[2023-12-02T15:54:35.099+0000][1346.164s][info ][safepoint     ] Total time for which application threads were stopped: 0.0020304 seconds, Stopping threads took: 0.0007843 seconds
[2023-12-02T15:54:36.100+0000][1347.165s][debug][safepoint     ] Safepoint synchronization initiated. (205 threads)
[2023-12-02T15:54:36.100+0000][1347.166s][info ][safepoint     ] Application time: 1.0007084 seconds
[2023-12-02T15:54:36.101+0000][1347.166s][info ][safepoint     ] Entering safepoint region: Cleanup
[2023-12-02T15:54:36.101+0000][1347.167s][info ][safepoint     ] Leaving safepoint region
[2023-12-02T15:54:36.101+0000][1347.167s][info ][safepoint     ] Total time for which application threads were stopped: 0.0007620 seconds, Stopping threads took: 0.0003305 seconds
[2023-12-02T15:54:37.102+0000][1348.167s][debug][safepoint     ] Safepoint synchronization initiated. (205 threads)
[2023-12-02T15:54:37.103+0000][1348.168s][info ][safepoint     ] Application time: 1.0011821 seconds
[2023-12-02T15:54:37.103+0000][1348.169s][info ][safepoint     ] Entering safepoint region: Cleanup
[2023-12-02T15:54:37.105+0000][1348.170s][info ][safepoint     ] Leaving safepoint region
[2023-12-02T15:54:37.105+0000][1348.171s][info ][safepoint     ] Total time for which application threads were stopped: 0.0017561 seconds, Stopping threads took: 0.0007817 seconds
[2023-12-02T15:54:38.106+0000][1349.172s][debug][safepoint     ] Safepoint synchronization initiated. (205 threads)
[2023-12-02T15:54:38.107+0000][1349.172s][info ][safepoint     ] Application time: 1.0012680 seconds
[2023-12-02T15:54:38.107+0000][1349.173s][info ][safepoint     ] Entering safepoint region: Cleanup
[2023-12-02T15:54:38.108+0000][1349.173s][info ][safepoint     ] Leaving safepoint region
[2023-12-02T15:54:38.108+0000][1349.174s][info ][safepoint     ] Total time for which application threads were stopped: 0.0008266 seconds, Stopping threads took: 0.0003243 seconds
[2023-12-02T15:54:39.109+0000][1350.174s][debug][safepoint     ] Safepoint synchronization initiated. (205 threads)
[2023-12-02T15:54:39.109+0000][1350.174s][info ][safepoint     ] Application time: 1.0004443 seconds
[2023-12-02T15:54:39.109+0000][1350.175s][info ][safepoint     ] Entering safepoint region: Cleanup
[2023-12-02T15:54:39.110+0000][1350.175s][info ][safepoint     ] Leaving safepoint region
[2023-12-02T15:54:39.110+0000][1350.175s][info ][safepoint     ] Total time for which application threads were stopped: 0.0007921 seconds, Stopping threads took: 0.0002685 seconds
[2023-12-02T15:54:40.110+0000][1351.176s][debug][safepoint     ] Safepoint synchronization initiated. (205 threads)
[2023-12-02T15:54:40.111+0000][1351.177s][info ][safepoint     ] Application time: 1.0011614 seconds
[2023-12-02T15:54:40.112+0000][1351.178s][info ][safepoint     ] Entering safepoint region: Cleanup
[2023-12-02T15:54:40.113+0000][1351.179s][info ][safepoint     ] Leaving safepoint region
[2023-12-02T15:54:40.114+0000][1351.179s][info ][safepoint     ] Total time for which application threads were stopped: 0.0015844 seconds, Stopping threads took: 0.0007929 seconds
[2023-12-02T15:54:41.114+0000][1352.180s][debug][safepoint     ] Safepoint synchronization initiated. (205 threads)
[2023-12-02T15:54:41.115+0000][1352.181s][info ][safepoint     ] Application time: 1.0011243 seconds
[2023-12-02T15:54:41.116+0000][1352.182s][info ][safepoint     ] Entering safepoint region: Cleanup
[2023-12-02T15:54:41.118+0000][1352.183s][info ][safepoint     ] Leaving safepoint region
[2023-12-02T15:54:41.118+0000][1352.184s][info ][safepoint     ] Total time for which application threads were stopped: 0.0020032 seconds, Stopping threads took: 0.0007842 seconds
[2023-12-02T15:54:42.119+0000][1353.185s][debug][safepoint     ] Safepoint synchronization initiated. (205 threads)
[2023-12-02T15:54:42.120+0000][1353.185s][info ][safepoint     ] Application time: 1.0009563 seconds
[2023-12-02T15:54:42.121+0000][1353.186s][info ][safepoint     ] Entering safepoint region: Cleanup
[2023-12-02T15:54:42.121+0000][1353.187s][info ][safepoint     ] Leaving safepoint region
[2023-12-02T15:54:42.122+0000][1353.187s][info ][safepoint     ] Total time for which application threads were stopped: 0.0013808 seconds, Stopping threads took: 0.0006355 seconds
[2023-12-02T15:54:43.123+0000][1354.188s][debug][safepoint     ] Safepoint synchronization initiated. (205 threads)
[2023-12-02T15:54:43.124+0000][1354.189s][info ][safepoint     ] Application time: 1.0013942 seconds
[2023-12-02T15:54:43.125+0000][1354.190s][info ][safepoint     ] Entering safepoint region: Cleanup
[2023-12-02T15:54:43.126+0000][1354.192s][info ][safepoint     ] Leaving safepoint region
[2023-12-02T15:54:43.127+0000][1354.192s][info ][safepoint     ] Total time for which application threads were stopped: 0.0019088 seconds, Stopping threads took: 0.0009126 seconds
[2023-12-02T15:54:44.128+0000][1355.193s][debug][safepoint     ] Safepoint synchronization initiated. (205 threads)
[2023-12-02T15:54:44.128+0000][1355.194s][info ][safepoint     ] Application time: 1.0008147 seconds
[2023-12-02T15:54:44.128+0000][1355.194s][info ][safepoint     ] Entering safepoint region: Cleanup
[2023-12-02T15:54:44.129+0000][1355.194s][info ][safepoint     ] Leaving safepoint region
[2023-12-02T15:54:44.129+0000][1355.195s][info ][safepoint     ] Total time for which application threads were stopped: 0.0008276 seconds, Stopping threads took: 0.0003321 seconds
[2023-12-02T15:54:45.130+0000][1356.195s][debug][safepoint     ] Safepoint synchronization initiated. (205 threads)
[2023-12-02T15:54:45.130+0000][1356.196s][info ][safepoint     ] Application time: 1.0005419 seconds
[2023-12-02T15:54:45.131+0000][1356.196s][info ][safepoint     ] Entering safepoint region: Cleanup
[2023-12-02T15:54:45.131+0000][1356.197s][info ][safepoint     ] Leaving safepoint region
[2023-12-02T15:54:45.131+0000][1356.197s][info ][safepoint     ] Total time for which application threads were stopped: 0.0009774 seconds, Stopping threads took: 0.0003716 seconds
[2023-12-02T15:54:46.132+0000][1357.198s][debug][safepoint     ] Safepoint synchronization initiated. (205 threads)
[2023-12-02T15:54:46.133+0000][1357.198s][info ][safepoint     ] Application time: 1.0008266 seconds
[2023-12-02T15:54:46.133+0000][1357.199s][debug][safepoint     ] ... found polling page loop exception at pc = 0x00007f43fc4ad789, stub =0x00007f43f4843680
[2023-12-02T15:54:46.134+0000][1357.199s][debug][safepoint     ] Waiting for 1 thread(s) to block
[2023-12-02T15:54:46.134+0000][1357.199s][info ][safepoint     ] Entering safepoint region: Cleanup
[2023-12-02T15:54:46.135+0000][1357.200s][info ][safepoint     ] Leaving safepoint region
[2023-12-02T15:54:46.135+0000][1357.201s][info ][safepoint     ] Total time for which application threads were stopped: 0.0018518 seconds, Stopping threads took: 0.0011980 seconds
[2023-12-02T15:54:47.136+0000][1358.201s][debug][safepoint     ] Safepoint synchronization initiated. (205 threads)
[2023-12-02T15:54:47.136+0000][1358.202s][info ][safepoint     ] Application time: 1.0010637 seconds
[2023-12-02T15:54:47.137+0000][1358.203s][info ][safepoint     ] Entering safepoint region: Cleanup
[2023-12-02T15:54:47.138+0000][1358.204s][info ][safepoint     ] Leaving safepoint region
[2023-12-02T15:54:47.139+0000][1358.205s][info ][safepoint     ] Total time for which application threads were stopped: 0.0018733 seconds, Stopping threads took: 0.0007602 seconds
[2023-12-02T15:54:48.140+0000][1359.205s][debug][safepoint     ] Safepoint synchronization initiated. (205 threads)
[2023-12-02T15:54:48.141+0000][1359.206s][info ][safepoint     ] Application time: 1.0010954 seconds
[2023-12-02T15:54:48.142+0000][1359.207s][info ][safepoint     ] Entering safepoint region: Cleanup
[2023-12-02T15:54:48.143+0000][1359.208s][info ][safepoint     ] Leaving safepoint region
[2023-12-02T15:54:48.143+0000][1359.209s][info ][safepoint     ] Total time for which application threads were stopped: 0.0019159 seconds, Stopping threads took: 0.0007552 seconds
[2023-12-02T15:54:49.144+0000][1360.210s][debug][safepoint     ] Safepoint synchronization initiated. (205 threads)
[2023-12-02T15:54:49.145+0000][1360.211s][info ][safepoint     ] Application time: 1.0008480 seconds
[2023-12-02T15:54:49.146+0000][1360.211s][info ][safepoint     ] Entering safepoint region: Cleanup
[2023-12-02T15:54:49.146+0000][1360.212s][info ][safepoint     ] Leaving safepoint region
[2023-12-02T15:54:49.147+0000][1360.212s][info ][safepoint     ] Total time for which application threads were stopped: 0.0010737 seconds, Stopping threads took: 0.0005508 seconds
[2023-12-02T15:54:50.147+0000][1361.213s][debug][safepoint     ] Safepoint synchronization initiated. (205 threads)
[2023-12-02T15:54:50.148+0000][1361.213s][info ][safepoint     ] Application time: 1.0006771 seconds
[2023-12-02T15:54:50.148+0000][1361.214s][info ][safepoint     ] Entering safepoint region: Cleanup
[2023-12-02T15:54:50.148+0000][1361.214s][info ][safepoint     ] Leaving safepoint region
[2023-12-02T15:54:50.149+0000][1361.214s][info ][safepoint     ] Total time for which application threads were stopped: 0.0007802 seconds, Stopping threads took: 0.0002819 seconds
[2023-12-02T15:54:51.149+0000][1362.215s][debug][safepoint     ] Safepoint synchronization initiated. (205 threads)
[2023-12-02T15:54:51.150+0000][1362.216s][info ][safepoint     ] Application time: 1.0011767 seconds
[2023-12-02T15:54:51.151+0000][1362.217s][info ][safepoint     ] Entering safepoint region: Cleanup
[2023-12-02T15:54:51.152+0000][1362.218s][info ][safepoint     ] Leaving safepoint region
[2023-12-02T15:54:51.153+0000][1362.219s][info ][safepoint     ] Total time for which application threads were stopped: 0.0019912 seconds, Stopping threads took: 0.0008226 seconds
[2023-12-02T15:54:52.154+0000][1363.219s][debug][safepoint     ] Safepoint synchronization initiated. (205 threads)
[2023-12-02T15:54:52.154+0000][1363.220s][info ][safepoint     ] Application time: 1.0006284 seconds
[2023-12-02T15:54:52.155+0000][1363.220s][info ][safepoint     ] Entering safepoint region: Cleanup
[2023-12-02T15:54:52.155+0000][1363.221s][info ][safepoint     ] Leaving safepoint region
[2023-12-02T15:54:52.156+0000][1363.221s][info ][safepoint     ] Total time for which application threads were stopped: 0.0010252 seconds, Stopping threads took: 0.0004105 seconds
[2023-12-02T15:54:53.157+0000][1364.222s][debug][safepoint     ] Safepoint synchronization initiated. (205 threads)
[2023-12-02T15:54:53.157+0000][1364.223s][info ][safepoint     ] Application time: 1.0007198 seconds
[2023-12-02T15:54:53.158+0000][1364.223s][info ][safepoint     ] Entering safepoint region: Cleanup
[2023-12-02T15:54:53.158+0000][1364.224s][info ][safepoint     ] Leaving safepoint region
[2023-12-02T15:54:53.159+0000][1364.224s][info ][safepoint     ] Total time for which application threads were stopped: 0.0009101 seconds, Stopping threads took: 0.0004644 seconds
[2023-12-02T15:54:54.159+0000][1365.225s][debug][safepoint     ] Safepoint synchronization initiated. (205 threads)
[2023-12-02T15:54:54.159+0000][1365.225s][info ][safepoint     ] Application time: 1.0009666 seconds
[2023-12-02T15:54:54.160+0000][1365.226s][info ][safepoint     ] Entering safepoint region: Cleanup
[2023-12-02T15:54:54.161+0000][1365.227s][info ][safepoint     ] Leaving safepoint region
[2023-12-02T15:54:54.162+0000][1365.228s][info ][safepoint     ] Total time for which application threads were stopped: 0.0017345 seconds, Stopping threads took: 0.0007000 seconds
[2023-12-02T15:54:55.163+0000][1366.229s][debug][safepoint     ] Safepoint synchronization initiated. (205 threads)
[2023-12-02T15:54:55.163+0000][1366.229s][info ][safepoint     ] Application time: 1.0011235 seconds
[2023-12-02T15:54:55.164+0000][1366.230s][info ][safepoint     ] Entering safepoint region: Cleanup
[2023-12-02T15:54:55.166+0000][1366.232s][info ][safepoint     ] Leaving safepoint region
[2023-12-02T15:54:55.166+0000][1366.232s][info ][safepoint     ] Total time for which application threads were stopped: 0.0019631 seconds, Stopping threads took: 0.0007457 seconds
[2023-12-02T15:54:56.167+0000][1367.233s][debug][safepoint     ] Safepoint synchronization initiated. (205 threads)
[2023-12-02T15:54:56.167+0000][1367.233s][info ][safepoint     ] Application time: 1.0006955 seconds
[2023-12-02T15:54:56.168+0000][1367.234s][info ][safepoint     ] Entering safepoint region: Cleanup
[2023-12-02T15:54:56.169+0000][1367.235s][info ][safepoint     ] Leaving safepoint region
[2023-12-02T15:54:56.169+0000][1367.235s][info ][safepoint     ] Total time for which application threads were stopped: 0.0010609 seconds, Stopping threads took: 0.0004254 seconds
[2023-12-02T15:54:57.169+0000][1368.235s][debug][safepoint     ] Safepoint synchronization initiated. (205 threads)
[2023-12-02T15:54:57.170+0000][1368.236s][info ][safepoint     ] Application time: 1.0005522 seconds
[2023-12-02T15:54:57.170+0000][1368.236s][info ][safepoint     ] Entering safepoint region: Cleanup
[2023-12-02T15:54:57.171+0000][1368.237s][info ][safepoint     ] Leaving safepoint region
[2023-12-02T15:54:57.171+0000][1368.237s][info ][safepoint     ] Total time for which application threads were stopped: 0.0009736 seconds, Stopping threads took: 0.0003873 seconds
[2023-12-02T15:54:58.172+0000][1369.238s][debug][safepoint     ] Safepoint synchronization initiated. (205 threads)
[2023-12-02T15:54:58.172+0000][1369.238s][info ][safepoint     ] Application time: 1.0006070 seconds
[2023-12-02T15:54:58.172+0000][1369.238s][info ][safepoint     ] Entering safepoint region: Cleanup
[2023-12-02T15:54:58.173+0000][1369.239s][info ][safepoint     ] Leaving safepoint region
[2023-12-02T15:54:58.173+0000][1369.239s][info ][safepoint     ] Total time for which application threads were stopped: 0.0007039 seconds, Stopping threads took: 0.0002655 seconds
[2023-12-02T15:54:59.173+0000][1370.239s][debug][safepoint     ] Safepoint synchronization initiated. (204 threads)
[2023-12-02T15:54:59.174+0000][1370.240s][info ][safepoint     ] Application time: 1.0006958 seconds
[2023-12-02T15:54:59.174+0000][1370.240s][info ][safepoint     ] Entering safepoint region: Cleanup
[2023-12-02T15:54:59.175+0000][1370.241s][info ][safepoint     ] Leaving safepoint region
[2023-12-02T15:54:59.175+0000][1370.241s][info ][safepoint     ] Total time for which application threads were stopped: 0.0010577 seconds, Stopping threads took: 0.0004220 seconds
[2023-12-02T15:55:00.176+0000][1371.242s][debug][safepoint     ] Safepoint synchronization initiated. (204 threads)
[2023-12-02T15:55:00.177+0000][1371.243s][info ][safepoint     ] Application time: 1.0012606 seconds
[2023-12-02T15:55:00.178+0000][1371.244s][info ][safepoint     ] Entering safepoint region: Cleanup
[2023-12-02T15:55:00.179+0000][1371.245s][info ][safepoint     ] Leaving safepoint region
[2023-12-02T15:55:00.180+0000][1371.246s][info ][safepoint     ] Total time for which application threads were stopped: 0.0017490 seconds, Stopping threads took: 0.0007484 seconds
[2023-12-02T15:55:01.180+0000][1372.246s][debug][safepoint     ] Safepoint synchronization initiated. (204 threads)
[2023-12-02T15:55:01.181+0000][1372.247s][info ][safepoint     ] Application time: 1.0006176 seconds
[2023-12-02T15:55:01.181+0000][1372.247s][info ][safepoint     ] Entering safepoint region: Cleanup
[2023-12-02T15:55:01.182+0000][1372.248s][info ][safepoint     ] Leaving safepoint region
[2023-12-02T15:55:01.182+0000][1372.248s][info ][safepoint     ] Total time for which application threads were stopped: 0.0009781 seconds, Stopping threads took: 0.0003543 seconds
[2023-12-02T15:55:02.183+0000][1373.248s][debug][safepoint     ] Safepoint synchronization initiated. (204 threads)
[2023-12-02T15:55:02.183+0000][1373.249s][info ][safepoint     ] Application time: 1.0004735 seconds
[2023-12-02T15:55:02.183+0000][1373.249s][info ][safepoint     ] Entering safepoint region: Cleanup
[2023-12-02T15:55:02.184+0000][1373.250s][info ][safepoint     ] Leaving safepoint region
[2023-12-02T15:55:02.184+0000][1373.250s][info ][safepoint     ] Total time for which application threads were stopped: 0.0009155 seconds, Stopping threads took: 0.0003598 seconds
[2023-12-02T15:55:03.185+0000][1374.251s][debug][safepoint     ] Safepoint synchronization initiated. (204 threads)
[2023-12-02T15:55:03.185+0000][1374.251s][info ][safepoint     ] Application time: 1.0009047 seconds
[2023-12-02T15:55:03.186+0000][1374.252s][info ][safepoint     ] Entering safepoint region: Cleanup
[2023-12-02T15:55:03.186+0000][1374.252s][info ][safepoint     ] Leaving safepoint region
[2023-12-02T15:55:03.187+0000][1374.253s][info ][safepoint     ] Total time for which application threads were stopped: 0.0009806 seconds, Stopping threads took: 0.0004109 seconds
[2023-12-02T15:55:04.187+0000][1375.253s][debug][safepoint     ] Safepoint synchronization initiated. (204 threads)
[2023-12-02T15:55:04.188+0000][1375.254s][info ][safepoint     ] Application time: 1.0006144 seconds
[2023-12-02T15:55:04.188+0000][1375.254s][info ][safepoint     ] Entering safepoint region: Cleanup
[2023-12-02T15:55:04.188+0000][1375.254s][info ][safepoint     ] Leaving safepoint region
[2023-12-02T15:55:04.189+0000][1375.255s][info ][safepoint     ] Total time for which application threads were stopped: 0.0008806 seconds, Stopping threads took: 0.0003864 seconds
[2023-12-02T15:55:05.189+0000][1376.255s][debug][safepoint     ] Safepoint synchronization initiated. (204 threads)
[2023-12-02T15:55:05.190+0000][1376.256s][info ][safepoint     ] Application time: 1.0006709 seconds
[2023-12-02T15:55:05.190+0000][1376.256s][info ][safepoint     ] Entering safepoint region: Cleanup
[2023-12-02T15:55:05.190+0000][1376.256s][info ][safepoint     ] Leaving safepoint region
[2023-12-02T15:55:05.190+0000][1376.256s][info ][safepoint     ] Total time for which application threads were stopped: 0.0006607 seconds, Stopping threads took: 0.0003212 seconds
[2023-12-02T15:55:06.191+0000][1377.257s][debug][safepoint     ] Safepoint synchronization initiated. (204 threads)
[2023-12-02T15:55:06.191+0000][1377.257s][info ][safepoint     ] Application time: 1.0006688 seconds
[2023-12-02T15:55:06.192+0000][1377.258s][info ][safepoint     ] Entering safepoint region: Cleanup
[2023-12-02T15:55:06.193+0000][1377.259s][info ][safepoint     ] Leaving safepoint region
[2023-12-02T15:55:06.193+0000][1377.259s][info ][safepoint     ] Total time for which application threads were stopped: 0.0011691 seconds, Stopping threads took: 0.0005186 seconds
[2023-12-02T15:55:07.194+0000][1378.260s][debug][safepoint     ] Safepoint synchronization initiated. (204 threads)
[2023-12-02T15:55:07.194+0000][1378.260s][info ][safepoint     ] Application time: 1.0010153 seconds
[2023-12-02T15:55:07.195+0000][1378.261s][info ][safepoint     ] Entering safepoint region: Cleanup
[2023-12-02T15:55:07.196+0000][1378.262s][info ][safepoint     ] Leaving safepoint region
[2023-12-02T15:55:07.196+0000][1378.262s][info ][safepoint     ] Total time for which application threads were stopped: 0.0014224 seconds, Stopping threads took: 0.0006373 seconds
[2023-12-02T15:55:08.197+0000][1379.263s][debug][safepoint     ] Safepoint synchronization initiated. (204 threads)
[2023-12-02T15:55:08.198+0000][1379.264s][info ][safepoint     ] Application time: 1.0013440 seconds
[2023-12-02T15:55:08.199+0000][1379.265s][info ][safepoint     ] Entering safepoint region: Cleanup
[2023-12-02T15:55:08.200+0000][1379.266s][info ][safepoint     ] Leaving safepoint region
[2023-12-02T15:55:08.200+0000][1379.266s][info ][safepoint     ] Total time for which application threads were stopped: 0.0019201 seconds, Stopping threads took: 0.0006721 seconds
[2023-12-02T15:55:09.201+0000][1380.267s][debug][safepoint     ] Safepoint synchronization initiated. (204 threads)
[2023-12-02T15:55:09.202+0000][1380.268s][info ][safepoint     ] Application time: 1.0006719 seconds
[2023-12-02T15:55:09.202+0000][1380.268s][info ][safepoint     ] Entering safepoint region: Cleanup
[2023-12-02T15:55:09.203+0000][1380.269s][info ][safepoint     ] Leaving safepoint region
[2023-12-02T15:55:09.203+0000][1380.269s][info ][safepoint     ] Total time for which application threads were stopped: 0.0009725 seconds, Stopping threads took: 0.0004203 seconds
[2023-12-02T15:55:10.204+0000][1381.270s][debug][safepoint     ] Safepoint synchronization initiated. (204 threads)
[2023-12-02T15:55:10.204+0000][1381.270s][info ][safepoint     ] Application time: 1.0007068 seconds
[2023-12-02T15:55:10.205+0000][1381.271s][info ][safepoint     ] Entering safepoint region: Cleanup
[2023-12-02T15:55:10.206+0000][1381.272s][info ][safepoint     ] Leaving safepoint region
[2023-12-02T15:55:10.207+0000][1381.273s][info ][safepoint     ] Total time for which application threads were stopped: 0.0020739 seconds, Stopping threads took: 0.0006570 seconds
[2023-12-02T15:55:11.207+0000][1382.273s][debug][safepoint     ] Safepoint synchronization initiated. (204 threads)
[2023-12-02T15:55:11.208+0000][1382.274s][info ][safepoint     ] Application time: 1.0009223 seconds
[2023-12-02T15:55:11.208+0000][1382.274s][info ][safepoint     ] Entering safepoint region: Cleanup
[2023-12-02T15:55:11.209+0000][1382.275s][info ][safepoint     ] Leaving safepoint region
[2023-12-02T15:55:11.209+0000][1382.275s][info ][safepoint     ] Total time for which application threads were stopped: 0.0006835 seconds, Stopping threads took: 0.0002689 seconds
[2023-12-02T15:55:12.211+0000][1383.277s][debug][safepoint     ] Safepoint synchronization initiated. (204 threads)
[2023-12-02T15:55:12.216+0000][1383.282s][info ][safepoint     ] Application time: 1.0066598 seconds
[2023-12-02T15:55:12.222+0000][1383.288s][info ][safepoint     ] Entering safepoint region: Cleanup
[2023-12-02T15:55:12.224+0000][1383.290s][info ][safepoint     ] Leaving safepoint region
[2023-12-02T15:55:12.225+0000][1383.291s][info ][safepoint     ] Total time for which application threads were stopped: 0.0030901 seconds, Stopping threads took: 0.0022350 seconds
[2023-12-02T15:55:13.226+0000][1384.292s][debug][safepoint     ] Safepoint synchronization initiated. (204 threads)
[2023-12-02T15:55:13.226+0000][1384.292s][info ][safepoint     ] Application time: 1.0006251 seconds
[2023-12-02T15:55:13.226+0000][1384.292s][info ][safepoint     ] Entering safepoint region: Cleanup
[2023-12-02T15:55:13.227+0000][1384.293s][info ][safepoint     ] Leaving safepoint region
[2023-12-02T15:55:13.227+0000][1384.293s][info ][safepoint     ] Total time for which application threads were stopped: 0.0006387 seconds, Stopping threads took: 0.0002544 seconds
[2023-12-02T15:55:14.227+0000][1385.293s][debug][safepoint     ] Safepoint synchronization initiated. (204 threads)
[2023-12-02T15:55:14.228+0000][1385.294s][info ][safepoint     ] Application time: 1.0010290 seconds
[2023-12-02T15:55:14.229+0000][1385.295s][info ][safepoint     ] Entering safepoint region: Cleanup
[2023-12-02T15:55:14.230+0000][1385.296s][info ][safepoint     ] Leaving safepoint region
[2023-12-02T15:55:14.233+0000][1385.299s][info ][safepoint     ] Total time for which application threads were stopped: 0.0036124 seconds, Stopping threads took: 0.0012104 seconds
[2023-12-02T15:55:14.617+0000][1385.683s][debug][safepoint     ] Safepoint synchronization initiated. (204 threads)
[2023-12-02T15:55:14.618+0000][1385.684s][info ][safepoint     ] Application time: 0.3821717 seconds
[2023-12-02T15:55:14.619+0000][1385.684s][info ][safepoint     ] Entering safepoint region: G1CollectForAllocation
[2023-12-02T15:55:14.620+0000][1385.686s][info ][gc,start      ] GC(70) Pause Young (Normal) (G1 Evacuation Pause)
[2023-12-02T15:55:14.620+0000][1385.686s][info ][gc,task       ] GC(70) Using 8 workers of 8 for evacuation
[2023-12-02T15:55:14.637+0000][1385.703s][info ][gc,phases     ] GC(70)   Pre Evacuate Collection Set: 0.0ms
[2023-12-02T15:55:14.637+0000][1385.703s][info ][gc,phases     ] GC(70)   Evacuate Collection Set: 12.2ms
[2023-12-02T15:55:14.637+0000][1385.703s][info ][gc,phases     ] GC(70)   Post Evacuate Collection Set: 3.6ms
[2023-12-02T15:55:14.638+0000][1385.704s][info ][gc,phases     ] GC(70)   Other: 1.2ms
[2023-12-02T15:55:14.638+0000][1385.704s][info ][gc,heap       ] GC(70) Eden regions: 197->0(184)
[2023-12-02T15:55:14.639+0000][1385.705s][info ][gc,heap       ] GC(70) Survivor regions: 17->15(27)
[2023-12-02T15:55:14.640+0000][1385.706s][info ][gc,heap       ] GC(70) Old regions: 148->155
[2023-12-02T15:55:14.640+0000][1385.706s][info ][gc,heap       ] GC(70) Humongous regions: 15->15
[2023-12-02T15:55:14.641+0000][1385.707s][info ][gc,metaspace  ] GC(70) Metaspace: 178754K(192796K)->178754K(192796K) NonClass: 158029K(169248K)->158029K(169248K) Class: 20724K(23548K)->20724K(23548K)
[2023-12-02T15:55:14.641+0000][1385.707s][info ][gc            ] GC(70) Pause Young (Normal) (G1 Evacuation Pause) 375M->183M(427M) 21.472ms
[2023-12-02T15:55:14.641+0000][1385.707s][info ][gc,cpu        ] GC(70) User=0.11s Sys=0.00s Real=0.02s
[2023-12-02T15:55:14.642+0000][1385.708s][info ][safepoint     ] Leaving safepoint region
[2023-12-02T15:55:14.642+0000][1385.708s][info ][safepoint     ] Total time for which application threads were stopped: 0.0236669 seconds, Stopping threads took: 0.0007288 seconds
[2023-12-02T15:55:14.643+0000][1385.709s][info ][gc,stringdedup] Concurrent String Deduplication (1385.709s)
[2023-12-02T15:55:14.643+0000][1385.709s][info ][gc,stringdedup] Concurrent String Deduplication 440.0B->440.0B(0.0B) avg 52.7% (1385.709s, 1385.709s) 0.305ms
[2023-12-02T15:55:15.643+0000][1386.709s][debug][safepoint     ] Safepoint synchronization initiated. (204 threads)
[2023-12-02T15:55:15.644+0000][1386.709s][info ][safepoint     ] Application time: 1.0009611 seconds
[2023-12-02T15:55:15.644+0000][1386.710s][info ][safepoint     ] Entering safepoint region: Cleanup
[2023-12-02T15:55:15.645+0000][1386.711s][info ][safepoint     ] Leaving safepoint region
[2023-12-02T15:55:15.645+0000][1386.711s][info ][safepoint     ] Total time for which application threads were stopped: 0.0012462 seconds, Stopping threads took: 0.0005803 seconds
[2023-12-02T15:55:16.646+0000][1387.712s][debug][safepoint     ] Safepoint synchronization initiated. (204 threads)
[2023-12-02T15:55:16.647+0000][1387.713s][info ][safepoint     ] Application time: 1.0009304 seconds
[2023-12-02T15:55:16.647+0000][1387.713s][info ][safepoint     ] Entering safepoint region: Cleanup
[2023-12-02T15:55:16.648+0000][1387.714s][info ][safepoint     ] Leaving safepoint region
[2023-12-02T15:55:16.649+0000][1387.715s][info ][safepoint     ] Total time for which application threads were stopped: 0.0014222 seconds, Stopping threads took: 0.0006012 seconds
[2023-12-02T15:55:17.649+0000][1388.715s][debug][safepoint     ] Safepoint synchronization initiated. (204 threads)
[2023-12-02T15:55:17.650+0000][1388.716s][info ][safepoint     ] Application time: 1.0006331 seconds
[2023-12-02T15:55:17.650+0000][1388.716s][info ][safepoint     ] Entering safepoint region: Cleanup
[2023-12-02T15:55:17.651+0000][1388.717s][info ][safepoint     ] Leaving safepoint region
[2023-12-02T15:55:17.651+0000][1388.717s][info ][safepoint     ] Total time for which application threads were stopped: 0.0009312 seconds, Stopping threads took: 0.0004281 seconds
[2023-12-02T15:55:18.652+0000][1389.718s][debug][safepoint     ] Safepoint synchronization initiated. (204 threads)
[2023-12-02T15:55:18.653+0000][1389.719s][info ][safepoint     ] Application time: 1.0013687 seconds
[2023-12-02T15:55:18.654+0000][1389.720s][info ][safepoint     ] Entering safepoint region: Cleanup
[2023-12-02T15:55:18.654+0000][1389.720s][info ][safepoint     ] Leaving safepoint region
[2023-12-02T15:55:18.654+0000][1389.720s][info ][safepoint     ] Total time for which application threads were stopped: 0.0007887 seconds, Stopping threads took: 0.0003268 seconds
[2023-12-02T15:55:19.655+0000][1390.721s][debug][safepoint     ] Safepoint synchronization initiated. (204 threads)
[2023-12-02T15:55:19.655+0000][1390.721s][info ][safepoint     ] Application time: 1.0006702 seconds
[2023-12-02T15:55:19.656+0000][1390.722s][info ][safepoint     ] Entering safepoint region: Cleanup
[2023-12-02T15:55:19.656+0000][1390.722s][info ][safepoint     ] Leaving safepoint region
[2023-12-02T15:55:19.657+0000][1390.723s][info ][safepoint     ] Total time for which application threads were stopped: 0.0011459 seconds, Stopping threads took: 0.0004768 seconds
[2023-12-02T15:55:20.657+0000][1391.723s][debug][safepoint     ] Safepoint synchronization initiated. (204 threads)
[2023-12-02T15:55:20.658+0000][1391.724s][info ][safepoint     ] Application time: 1.0011253 seconds
[2023-12-02T15:55:20.660+0000][1391.726s][info ][safepoint     ] Entering safepoint region: Cleanup
[2023-12-02T15:55:20.660+0000][1391.726s][info ][safepoint     ] Leaving safepoint region
[2023-12-02T15:55:20.661+0000][1391.727s][info ][safepoint     ] Total time for which application threads were stopped: 0.0014656 seconds, Stopping threads took: 0.0009414 seconds
[2023-12-02T15:55:21.661+0000][1392.727s][debug][safepoint     ] Safepoint synchronization initiated. (204 threads)
[2023-12-02T15:55:21.662+0000][1392.728s][info ][safepoint     ] Application time: 1.0007433 seconds
[2023-12-02T15:55:21.662+0000][1392.728s][info ][safepoint     ] Entering safepoint region: Cleanup
[2023-12-02T15:55:21.663+0000][1392.729s][info ][safepoint     ] Leaving safepoint region
[2023-12-02T15:55:21.663+0000][1392.729s][info ][safepoint     ] Total time for which application threads were stopped: 0.0008341 seconds, Stopping threads took: 0.0004118 seconds
[2023-12-02T15:55:22.663+0000][1393.729s][debug][safepoint     ] Safepoint synchronization initiated. (204 threads)
[2023-12-02T15:55:22.664+0000][1393.730s][info ][safepoint     ] Application time: 1.0007447 seconds
[2023-12-02T15:55:22.664+0000][1393.730s][info ][safepoint     ] Entering safepoint region: Cleanup
[2023-12-02T15:55:22.665+0000][1393.731s][info ][safepoint     ] Leaving safepoint region
[2023-12-02T15:55:22.665+0000][1393.731s][info ][safepoint     ] Total time for which application threads were stopped: 0.0008254 seconds, Stopping threads took: 0.0003016 seconds
[2023-12-02T15:55:23.665+0000][1394.731s][debug][safepoint     ] Safepoint synchronization initiated. (204 threads)
[2023-12-02T15:55:23.666+0000][1394.732s][info ][safepoint     ] Application time: 1.0009205 seconds
[2023-12-02T15:55:23.667+0000][1394.733s][info ][safepoint     ] Entering safepoint region: Cleanup
[2023-12-02T15:55:23.668+0000][1394.734s][info ][safepoint     ] Leaving safepoint region
[2023-12-02T15:55:23.668+0000][1394.735s][info ][safepoint     ] Total time for which application threads were stopped: 0.0016341 seconds, Stopping threads took: 0.0007787 seconds
[2023-12-02T15:55:24.669+0000][1395.735s][debug][safepoint     ] Safepoint synchronization initiated. (204 threads)
[2023-12-02T15:55:24.669+0000][1395.736s][info ][safepoint     ] Application time: 1.0007300 seconds
[2023-12-02T15:55:24.670+0000][1395.736s][info ][safepoint     ] Entering safepoint region: Cleanup
[2023-12-02T15:55:24.670+0000][1395.737s][info ][safepoint     ] Leaving safepoint region
[2023-12-02T15:55:24.671+0000][1395.737s][info ][safepoint     ] Total time for which application threads were stopped: 0.0007789 seconds, Stopping threads took: 0.0003457 seconds
[2023-12-02T15:55:25.671+0000][1396.737s][debug][safepoint     ] Safepoint synchronization initiated. (204 threads)
[2023-12-02T15:55:25.671+0000][1396.738s][info ][safepoint     ] Application time: 1.0006413 seconds
[2023-12-02T15:55:25.672+0000][1396.738s][info ][safepoint     ] Entering safepoint region: Cleanup
[2023-12-02T15:55:25.673+0000][1396.739s][info ][safepoint     ] Leaving safepoint region
[2023-12-02T15:55:25.673+0000][1396.739s][info ][safepoint     ] Total time for which application threads were stopped: 0.0012266 seconds, Stopping threads took: 0.0005010 seconds
[2023-12-02T15:55:26.674+0000][1397.740s][debug][safepoint     ] Safepoint synchronization initiated. (204 threads)
[2023-12-02T15:55:26.674+0000][1397.740s][info ][safepoint     ] Application time: 1.0003877 seconds
[2023-12-02T15:55:26.674+0000][1397.741s][info ][safepoint     ] Entering safepoint region: Cleanup
[2023-12-02T15:55:26.675+0000][1397.741s][info ][safepoint     ] Leaving safepoint region
[2023-12-02T15:55:26.675+0000][1397.741s][info ][safepoint     ] Total time for which application threads were stopped: 0.0007965 seconds, Stopping threads took: 0.0002744 seconds
[2023-12-02T15:55:27.675+0000][1398.742s][debug][safepoint     ] Safepoint synchronization initiated. (204 threads)
[2023-12-02T15:55:27.676+0000][1398.742s][info ][safepoint     ] Application time: 1.0007020 seconds
[2023-12-02T15:55:27.676+0000][1398.743s][info ][safepoint     ] Entering safepoint region: Cleanup
[2023-12-02T15:55:27.677+0000][1398.743s][info ][safepoint     ] Leaving safepoint region
[2023-12-02T15:55:27.677+0000][1398.743s][info ][safepoint     ] Total time for which application threads were stopped: 0.0009258 seconds, Stopping threads took: 0.0003769 seconds
[2023-12-02T15:55:28.677+0000][1399.744s][debug][safepoint     ] Safepoint synchronization initiated. (204 threads)
[2023-12-02T15:55:28.678+0000][1399.744s][info ][safepoint     ] Application time: 1.0004589 seconds
[2023-12-02T15:55:28.678+0000][1399.745s][info ][safepoint     ] Entering safepoint region: Cleanup
[2023-12-02T15:55:28.679+0000][1399.745s][info ][safepoint     ] Leaving safepoint region
[2023-12-02T15:55:28.679+0000][1399.745s][info ][safepoint     ] Total time for which application threads were stopped: 0.0007951 seconds, Stopping threads took: 0.0002791 seconds
[2023-12-02T15:55:29.679+0000][1400.746s][debug][safepoint     ] Safepoint synchronization initiated. (204 threads)
[2023-12-02T15:55:29.680+0000][1400.746s][info ][safepoint     ] Application time: 1.0003666 seconds
[2023-12-02T15:55:29.680+0000][1400.746s][info ][safepoint     ] Entering safepoint region: Cleanup
[2023-12-02T15:55:29.680+0000][1400.747s][info ][safepoint     ] Leaving safepoint region
[2023-12-02T15:55:29.680+0000][1400.747s][info ][safepoint     ] Total time for which application threads were stopped: 0.0006364 seconds, Stopping threads took: 0.0002601 seconds
[2023-12-02T15:55:30.681+0000][1401.747s][debug][safepoint     ] Safepoint synchronization initiated. (204 threads)
[2023-12-02T15:55:30.682+0000][1401.748s][info ][safepoint     ] Application time: 1.0012335 seconds
[2023-12-02T15:55:30.683+0000][1401.750s][info ][safepoint     ] Entering safepoint region: Cleanup
[2023-12-02T15:55:30.684+0000][1401.750s][info ][safepoint     ] Leaving safepoint region
[2023-12-02T15:55:30.684+0000][1401.750s][info ][safepoint     ] Total time for which application threads were stopped: 0.0008502 seconds, Stopping threads took: 0.0004088 seconds
[2023-12-02T15:55:31.684+0000][1402.751s][debug][safepoint     ] Safepoint synchronization initiated. (204 threads)
[2023-12-02T15:55:31.685+0000][1402.751s][info ][safepoint     ] Application time: 1.0007160 seconds
[2023-12-02T15:55:31.685+0000][1402.752s][info ][safepoint     ] Entering safepoint region: Cleanup
[2023-12-02T15:55:31.686+0000][1402.752s][info ][safepoint     ] Leaving safepoint region
[2023-12-02T15:55:31.686+0000][1402.753s][info ][safepoint     ] Total time for which application threads were stopped: 0.0009168 seconds, Stopping threads took: 0.0003882 seconds
[2023-12-02T15:55:32.687+0000][1403.753s][debug][safepoint     ] Safepoint synchronization initiated. (204 threads)
[2023-12-02T15:55:32.687+0000][1403.753s][info ][safepoint     ] Application time: 1.0005800 seconds
[2023-12-02T15:55:32.687+0000][1403.754s][info ][safepoint     ] Entering safepoint region: Cleanup
[2023-12-02T15:55:32.688+0000][1403.754s][info ][safepoint     ] Leaving safepoint region
[2023-12-02T15:55:32.688+0000][1403.755s][info ][safepoint     ] Total time for which application threads were stopped: 0.0009152 seconds, Stopping threads took: 0.0002927 seconds
[2023-12-02T15:55:33.689+0000][1404.755s][debug][safepoint     ] Safepoint synchronization initiated. (204 threads)
[2023-12-02T15:55:33.710+0000][1404.776s][info ][safepoint     ] Application time: 1.0215183 seconds
[2023-12-02T15:55:33.714+0000][1404.781s][info ][safepoint     ] Entering safepoint region: Cleanup
[2023-12-02T15:55:33.716+0000][1404.782s][info ][safepoint     ] Leaving safepoint region
[2023-12-02T15:55:33.716+0000][1404.783s][info ][safepoint     ] Total time for which application threads were stopped: 0.0023073 seconds, Stopping threads took: 0.0012713 seconds
[2023-12-02T15:55:34.717+0000][1405.784s][debug][safepoint     ] Safepoint synchronization initiated. (204 threads)
[2023-12-02T15:55:34.718+0000][1405.784s][info ][safepoint     ] Application time: 1.0005759 seconds
[2023-12-02T15:55:34.718+0000][1405.785s][info ][safepoint     ] Entering safepoint region: Cleanup
[2023-12-02T15:55:34.719+0000][1405.785s][info ][safepoint     ] Leaving safepoint region
[2023-12-02T15:55:34.719+0000][1405.785s][info ][safepoint     ] Total time for which application threads were stopped: 0.0009434 seconds, Stopping threads took: 0.0004205 seconds
[2023-12-02T15:55:35.720+0000][1406.786s][debug][safepoint     ] Safepoint synchronization initiated. (204 threads)
[2023-12-02T15:55:35.721+0000][1406.787s][info ][safepoint     ] Application time: 1.0016587 seconds
[2023-12-02T15:55:35.721+0000][1406.788s][info ][safepoint     ] Entering safepoint region: Cleanup
[2023-12-02T15:55:35.722+0000][1406.788s][info ][safepoint     ] Leaving safepoint region
[2023-12-02T15:55:35.722+0000][1406.789s][info ][safepoint     ] Total time for which application threads were stopped: 0.0010380 seconds, Stopping threads took: 0.0004296 seconds
[2023-12-02T15:55:36.723+0000][1407.790s][debug][safepoint     ] Safepoint synchronization initiated. (204 threads)
[2023-12-02T15:55:36.724+0000][1407.790s][info ][safepoint     ] Application time: 1.0007565 seconds
[2023-12-02T15:55:36.724+0000][1407.790s][info ][safepoint     ] Entering safepoint region: Cleanup
[2023-12-02T15:55:36.725+0000][1407.791s][info ][safepoint     ] Leaving safepoint region
[2023-12-02T15:55:36.725+0000][1407.791s][info ][safepoint     ] Total time for which application threads were stopped: 0.0009708 seconds, Stopping threads took: 0.0003933 seconds
[2023-12-02T15:55:37.726+0000][1408.792s][debug][safepoint     ] Safepoint synchronization initiated. (204 threads)
[2023-12-02T15:55:37.726+0000][1408.793s][info ][safepoint     ] Application time: 1.0010062 seconds
[2023-12-02T15:55:37.727+0000][1408.793s][info ][safepoint     ] Entering safepoint region: Cleanup
[2023-12-02T15:55:37.728+0000][1408.794s][info ][safepoint     ] Leaving safepoint region
[2023-12-02T15:55:37.728+0000][1408.794s][info ][safepoint     ] Total time for which application threads were stopped: 0.0011587 seconds, Stopping threads took: 0.0005330 seconds
[2023-12-02T15:55:38.729+0000][1409.795s][debug][safepoint     ] Safepoint synchronization initiated. (204 threads)
[2023-12-02T15:55:38.731+0000][1409.797s][info ][safepoint     ] Application time: 1.0023158 seconds
[2023-12-02T15:55:38.731+0000][1409.798s][info ][safepoint     ] Entering safepoint region: Cleanup
[2023-12-02T15:55:38.732+0000][1409.799s][info ][safepoint     ] Leaving safepoint region
[2023-12-02T15:55:38.733+0000][1409.799s][info ][safepoint     ] Total time for which application threads were stopped: 0.0016845 seconds, Stopping threads took: 0.0007542 seconds
[2023-12-02T15:55:39.734+0000][1410.800s][debug][safepoint     ] Safepoint synchronization initiated. (204 threads)
[2023-12-02T15:55:39.734+0000][1410.801s][info ][safepoint     ] Application time: 1.0008064 seconds
[2023-12-02T15:55:39.735+0000][1410.801s][info ][safepoint     ] Entering safepoint region: Cleanup
[2023-12-02T15:55:39.735+0000][1410.802s][info ][safepoint     ] Leaving safepoint region
[2023-12-02T15:55:39.736+0000][1410.802s][info ][safepoint     ] Total time for which application threads were stopped: 0.0011742 seconds, Stopping threads took: 0.0005153 seconds
[2023-12-02T15:55:40.736+0000][1411.803s][debug][safepoint     ] Safepoint synchronization initiated. (204 threads)
[2023-12-02T15:55:40.737+0000][1411.803s][info ][safepoint     ] Application time: 1.0006927 seconds
[2023-12-02T15:55:40.737+0000][1411.804s][info ][safepoint     ] Entering safepoint region: Cleanup
[2023-12-02T15:55:40.738+0000][1411.804s][info ][safepoint     ] Leaving safepoint region
[2023-12-02T15:55:40.738+0000][1411.805s][info ][safepoint     ] Total time for which application threads were stopped: 0.0009898 seconds, Stopping threads took: 0.0003972 seconds
[2023-12-02T15:55:41.739+0000][1412.805s][debug][safepoint     ] Safepoint synchronization initiated. (204 threads)
[2023-12-02T15:55:41.739+0000][1412.806s][info ][safepoint     ] Application time: 1.0008262 seconds
[2023-12-02T15:55:41.740+0000][1412.807s][info ][safepoint     ] Entering safepoint region: Cleanup
[2023-12-02T15:55:41.741+0000][1412.807s][info ][safepoint     ] Leaving safepoint region
[2023-12-02T15:55:41.741+0000][1412.808s][info ][safepoint     ] Total time for which application threads were stopped: 0.0014499 seconds, Stopping threads took: 0.0006455 seconds
[2023-12-02T15:55:42.742+0000][1413.809s][debug][safepoint     ] Safepoint synchronization initiated. (204 threads)
[2023-12-02T15:55:42.743+0000][1413.809s][info ][safepoint     ] Application time: 1.0004661 seconds
[2023-12-02T15:55:42.744+0000][1413.810s][info ][safepoint     ] Entering safepoint region: Cleanup
[2023-12-02T15:55:42.744+0000][1413.811s][info ][safepoint     ] Leaving safepoint region
[2023-12-02T15:55:42.745+0000][1413.811s][info ][safepoint     ] Total time for which application threads were stopped: 0.0014389 seconds, Stopping threads took: 0.0009442 seconds
[2023-12-02T15:55:43.745+0000][1414.811s][debug][safepoint     ] Safepoint synchronization initiated. (204 threads)
[2023-12-02T15:55:43.745+0000][1414.812s][info ][safepoint     ] Application time: 1.0005813 seconds
[2023-12-02T15:55:43.746+0000][1414.812s][info ][safepoint     ] Entering safepoint region: Cleanup
[2023-12-02T15:55:43.746+0000][1414.813s][info ][safepoint     ] Leaving safepoint region
[2023-12-02T15:55:43.747+0000][1414.813s][info ][safepoint     ] Total time for which application threads were stopped: 0.0008934 seconds, Stopping threads took: 0.0003947 seconds
[2023-12-02T15:55:44.747+0000][1415.814s][debug][safepoint     ] Safepoint synchronization initiated. (204 threads)
[2023-12-02T15:55:44.748+0000][1415.815s][info ][safepoint     ] Application time: 1.0012707 seconds
[2023-12-02T15:55:44.749+0000][1415.815s][info ][safepoint     ] Entering safepoint region: Cleanup
[2023-12-02T15:55:44.750+0000][1415.817s][info ][safepoint     ] Leaving safepoint region
[2023-12-02T15:55:44.751+0000][1415.817s][info ][safepoint     ] Total time for which application threads were stopped: 0.0020342 seconds, Stopping threads took: 0.0007205 seconds
[2023-12-02T15:55:45.752+0000][1416.818s][debug][safepoint     ] Safepoint synchronization initiated. (204 threads)
[2023-12-02T15:55:45.753+0000][1416.819s][info ][safepoint     ] Application time: 1.0012409 seconds
[2023-12-02T15:55:45.754+0000][1416.820s][info ][safepoint     ] Entering safepoint region: Cleanup
[2023-12-02T15:55:45.755+0000][1416.821s][info ][safepoint     ] Leaving safepoint region
[2023-12-02T15:55:45.755+0000][1416.822s][info ][safepoint     ] Total time for which application threads were stopped: 0.0016810 seconds, Stopping threads took: 0.0006462 seconds
[2023-12-02T15:55:46.756+0000][1417.822s][debug][safepoint     ] Safepoint synchronization initiated. (204 threads)
[2023-12-02T15:55:46.757+0000][1417.823s][info ][safepoint     ] Application time: 1.0009385 seconds
[2023-12-02T15:55:46.757+0000][1417.824s][info ][safepoint     ] Entering safepoint region: Cleanup
[2023-12-02T15:55:46.758+0000][1417.824s][info ][safepoint     ] Leaving safepoint region
[2023-12-02T15:55:46.758+0000][1417.825s][info ][safepoint     ] Total time for which application threads were stopped: 0.0011856 seconds, Stopping threads took: 0.0006176 seconds
[2023-12-02T15:55:47.759+0000][1418.825s][debug][safepoint     ] Safepoint synchronization initiated. (204 threads)
[2023-12-02T15:55:47.760+0000][1418.826s][info ][safepoint     ] Application time: 1.0010052 seconds
[2023-12-02T15:55:47.761+0000][1418.827s][info ][safepoint     ] Entering safepoint region: Cleanup
[2023-12-02T15:55:47.762+0000][1418.828s][info ][safepoint     ] Leaving safepoint region
[2023-12-02T15:55:47.762+0000][1418.829s][info ][safepoint     ] Total time for which application threads were stopped: 0.0016375 seconds, Stopping threads took: 0.0007215 seconds
[2023-12-02T15:55:48.763+0000][1419.830s][debug][safepoint     ] Safepoint synchronization initiated. (204 threads)
[2023-12-02T15:55:48.764+0000][1419.831s][info ][safepoint     ] Application time: 1.0013262 seconds
[2023-12-02T15:55:48.765+0000][1419.831s][info ][safepoint     ] Entering safepoint region: Cleanup
[2023-12-02T15:55:48.766+0000][1419.832s][info ][safepoint     ] Leaving safepoint region
[2023-12-02T15:55:48.767+0000][1419.833s][info ][safepoint     ] Total time for which application threads were stopped: 0.0018024 seconds, Stopping threads took: 0.0007663 seconds
[2023-12-02T15:55:49.768+0000][1420.834s][debug][safepoint     ] Safepoint synchronization initiated. (204 threads)
[2023-12-02T15:55:49.769+0000][1420.835s][info ][safepoint     ] Application time: 1.0014446 seconds
[2023-12-02T15:55:49.770+0000][1420.836s][info ][safepoint     ] Entering safepoint region: Cleanup
[2023-12-02T15:55:49.771+0000][1420.837s][info ][safepoint     ] Leaving safepoint region
[2023-12-02T15:55:49.772+0000][1420.838s][info ][safepoint     ] Total time for which application threads were stopped: 0.0021189 seconds, Stopping threads took: 0.0008044 seconds
[2023-12-02T15:55:50.773+0000][1421.839s][debug][safepoint     ] Safepoint synchronization initiated. (204 threads)
[2023-12-02T15:55:50.773+0000][1421.840s][info ][safepoint     ] Application time: 1.0009941 seconds
[2023-12-02T15:55:50.774+0000][1421.840s][info ][safepoint     ] Entering safepoint region: Cleanup
[2023-12-02T15:55:50.775+0000][1421.841s][info ][safepoint     ] Leaving safepoint region
[2023-12-02T15:55:50.775+0000][1421.842s][info ][safepoint     ] Total time for which application threads were stopped: 0.0011275 seconds, Stopping threads took: 0.0005546 seconds
[2023-12-02T15:55:51.776+0000][1422.842s][debug][safepoint     ] Safepoint synchronization initiated. (204 threads)
[2023-12-02T15:55:51.776+0000][1422.843s][info ][safepoint     ] Application time: 1.0008264 seconds
[2023-12-02T15:55:51.777+0000][1422.843s][info ][safepoint     ] Entering safepoint region: Cleanup
[2023-12-02T15:55:51.778+0000][1422.844s][info ][safepoint     ] Leaving safepoint region
[2023-12-02T15:55:51.779+0000][1422.845s][info ][safepoint     ] Total time for which application threads were stopped: 0.0015334 seconds, Stopping threads took: 0.0006253 seconds
[2023-12-02T15:55:52.779+0000][1423.846s][debug][safepoint     ] Safepoint synchronization initiated. (204 threads)
[2023-12-02T15:55:52.780+0000][1423.847s][info ][safepoint     ] Application time: 1.0012143 seconds
[2023-12-02T15:55:52.781+0000][1423.847s][info ][safepoint     ] Entering safepoint region: Cleanup
[2023-12-02T15:55:52.782+0000][1423.848s][info ][safepoint     ] Leaving safepoint region
[2023-12-02T15:55:52.783+0000][1423.849s][info ][safepoint     ] Total time for which application threads were stopped: 0.0018329 seconds, Stopping threads took: 0.0006231 seconds
[2023-12-02T15:55:53.783+0000][1424.850s][debug][safepoint     ] Safepoint synchronization initiated. (204 threads)
[2023-12-02T15:55:53.784+0000][1424.850s][info ][safepoint     ] Application time: 1.0005765 seconds
[2023-12-02T15:55:53.784+0000][1424.851s][info ][safepoint     ] Entering safepoint region: Cleanup
[2023-12-02T15:55:53.785+0000][1424.852s][info ][safepoint     ] Leaving safepoint region
[2023-12-02T15:55:53.786+0000][1424.853s][info ][safepoint     ] Total time for which application threads were stopped: 0.0021291 seconds, Stopping threads took: 0.0004702 seconds
[2023-12-02T15:55:54.787+0000][1425.854s][debug][safepoint     ] Safepoint synchronization initiated. (204 threads)
[2023-12-02T15:55:54.788+0000][1425.854s][info ][safepoint     ] Application time: 1.0008842 seconds
[2023-12-02T15:55:54.788+0000][1425.855s][info ][safepoint     ] Entering safepoint region: Cleanup
[2023-12-02T15:55:54.789+0000][1425.856s][info ][safepoint     ] Leaving safepoint region
[2023-12-02T15:55:54.790+0000][1425.856s][info ][safepoint     ] Total time for which application threads were stopped: 0.0014797 seconds, Stopping threads took: 0.0006594 seconds
[2023-12-02T15:55:55.790+0000][1426.857s][debug][safepoint     ] Safepoint synchronization initiated. (204 threads)
[2023-12-02T15:55:55.791+0000][1426.858s][info ][safepoint     ] Application time: 1.0009847 seconds
[2023-12-02T15:55:55.792+0000][1426.858s][info ][safepoint     ] Entering safepoint region: Cleanup
[2023-12-02T15:55:55.793+0000][1426.859s][info ][safepoint     ] Leaving safepoint region
[2023-12-02T15:55:55.793+0000][1426.860s][info ][safepoint     ] Total time for which application threads were stopped: 0.0013634 seconds, Stopping threads took: 0.0007143 seconds
[2023-12-02T15:55:56.794+0000][1427.860s][debug][safepoint     ] Safepoint synchronization initiated. (204 threads)
[2023-12-02T15:55:56.802+0000][1427.868s][info ][safepoint     ] Application time: 1.0082319 seconds
[2023-12-02T15:55:56.828+0000][1427.895s][info ][safepoint     ] Entering safepoint region: Cleanup
[2023-12-02T15:55:56.840+0000][1427.906s][info ][safepoint     ] Leaving safepoint region
[2023-12-02T15:55:56.840+0000][1427.907s][info ][safepoint     ] Total time for which application threads were stopped: 0.0124029 seconds, Stopping threads took: 0.0116775 seconds
[2023-12-02T15:55:57.841+0000][1428.907s][debug][safepoint     ] Safepoint synchronization initiated. (204 threads)
[2023-12-02T15:55:57.841+0000][1428.908s][info ][safepoint     ] Application time: 1.0008699 seconds
[2023-12-02T15:55:57.842+0000][1428.908s][info ][safepoint     ] Entering safepoint region: Cleanup
[2023-12-02T15:55:57.842+0000][1428.909s][info ][safepoint     ] Leaving safepoint region
[2023-12-02T15:55:57.843+0000][1428.909s][info ][safepoint     ] Total time for which application threads were stopped: 0.0010008 seconds, Stopping threads took: 0.0004609 seconds
[2023-12-02T15:55:58.843+0000][1429.910s][debug][safepoint     ] Safepoint synchronization initiated. (203 threads)
[2023-12-02T15:55:58.844+0000][1429.911s][info ][safepoint     ] Application time: 1.0011579 seconds
[2023-12-02T15:55:58.845+0000][1429.912s][info ][safepoint     ] Entering safepoint region: Cleanup
[2023-12-02T15:55:58.846+0000][1429.913s][info ][safepoint     ] Leaving safepoint region
[2023-12-02T15:55:58.847+0000][1429.913s][info ][safepoint     ] Total time for which application threads were stopped: 0.0016700 seconds, Stopping threads took: 0.0007305 seconds
[2023-12-02T15:55:59.848+0000][1430.914s][debug][safepoint     ] Safepoint synchronization initiated. (203 threads)
[2023-12-02T15:55:59.848+0000][1430.915s][info ][safepoint     ] Application time: 1.0011591 seconds
[2023-12-02T15:55:59.849+0000][1430.916s][info ][safepoint     ] Entering safepoint region: Cleanup
[2023-12-02T15:55:59.850+0000][1430.917s][info ][safepoint     ] Leaving safepoint region
[2023-12-02T15:55:59.851+0000][1430.918s][info ][safepoint     ] Total time for which application threads were stopped: 0.0019862 seconds, Stopping threads took: 0.0008117 seconds
[2023-12-02T15:56:00.852+0000][1431.919s][debug][safepoint     ] Safepoint synchronization initiated. (203 threads)
[2023-12-02T15:56:00.853+0000][1431.919s][info ][safepoint     ] Application time: 1.0005499 seconds
[2023-12-02T15:56:00.853+0000][1431.919s][info ][safepoint     ] Entering safepoint region: Cleanup
[2023-12-02T15:56:00.854+0000][1431.920s][info ][safepoint     ] Leaving safepoint region
[2023-12-02T15:56:00.855+0000][1431.921s][info ][safepoint     ] Total time for which application threads were stopped: 0.0018561 seconds, Stopping threads took: 0.0003142 seconds
[2023-12-02T15:56:01.855+0000][1432.922s][debug][safepoint     ] Safepoint synchronization initiated. (203 threads)
[2023-12-02T15:56:01.856+0000][1432.922s][info ][safepoint     ] Application time: 1.0006834 seconds
[2023-12-02T15:56:01.856+0000][1432.923s][info ][safepoint     ] Entering safepoint region: Cleanup
[2023-12-02T15:56:01.857+0000][1432.924s][info ][safepoint     ] Leaving safepoint region
[2023-12-02T15:56:01.858+0000][1432.925s][info ][safepoint     ] Total time for which application threads were stopped: 0.0015311 seconds, Stopping threads took: 0.0005790 seconds
[2023-12-02T15:56:02.859+0000][1433.925s][debug][safepoint     ] Safepoint synchronization initiated. (203 threads)
[2023-12-02T15:56:02.859+0000][1433.926s][info ][safepoint     ] Application time: 1.0008804 seconds
[2023-12-02T15:56:02.860+0000][1433.927s][info ][safepoint     ] Entering safepoint region: Cleanup
[2023-12-02T15:56:02.861+0000][1433.928s][info ][safepoint     ] Leaving safepoint region
[2023-12-02T15:56:02.862+0000][1433.928s][info ][safepoint     ] Total time for which application threads were stopped: 0.0016478 seconds, Stopping threads took: 0.0006962 seconds
[2023-12-02T15:56:03.862+0000][1434.929s][debug][safepoint     ] Safepoint synchronization initiated. (203 threads)
[2023-12-02T15:56:03.863+0000][1434.929s][info ][safepoint     ] Application time: 1.0004494 seconds
[2023-12-02T15:56:03.863+0000][1434.930s][debug][safepoint     ] ... found polling page return exception at pc = 0x00007f43fc8a1f9e, stub =0x00007f43f4840600
[2023-12-02T15:56:03.863+0000][1434.930s][debug][safepoint     ] ... found polling page return exception at pc = 0x00007f43fca85ff6, stub =0x00007f43f4840600
[2023-12-02T15:56:03.864+0000][1434.930s][debug][safepoint     ] Waiting for 2 thread(s) to block
[2023-12-02T15:56:03.864+0000][1434.931s][info ][safepoint     ] Entering safepoint region: Cleanup
[2023-12-02T15:56:03.864+0000][1434.931s][info ][safepoint     ] Leaving safepoint region
[2023-12-02T15:56:03.865+0000][1434.931s][info ][safepoint     ] Total time for which application threads were stopped: 0.0014805 seconds, Stopping threads took: 0.0010927 seconds
[2023-12-02T15:56:04.865+0000][1435.932s][debug][safepoint     ] Safepoint synchronization initiated. (203 threads)
[2023-12-02T15:56:04.866+0000][1435.932s][info ][safepoint     ] Application time: 1.0009958 seconds
[2023-12-02T15:56:04.866+0000][1435.933s][info ][safepoint     ] Entering safepoint region: Cleanup
[2023-12-02T15:56:04.867+0000][1435.934s][info ][safepoint     ] Leaving safepoint region
[2023-12-02T15:56:04.868+0000][1435.935s][info ][safepoint     ] Total time for which application threads were stopped: 0.0017149 seconds, Stopping threads took: 0.0007472 seconds
[2023-12-02T15:56:05.869+0000][1436.935s][debug][safepoint     ] Safepoint synchronization initiated. (203 threads)
[2023-12-02T15:56:05.869+0000][1436.936s][info ][safepoint     ] Application time: 1.0005535 seconds
[2023-12-02T15:56:05.870+0000][1436.936s][info ][safepoint     ] Entering safepoint region: Cleanup
[2023-12-02T15:56:05.870+0000][1436.937s][info ][safepoint     ] Leaving safepoint region
[2023-12-02T15:56:05.871+0000][1436.937s][info ][safepoint     ] Total time for which application threads were stopped: 0.0009853 seconds, Stopping threads took: 0.0004085 seconds
[2023-12-02T15:56:06.871+0000][1437.938s][debug][safepoint     ] Safepoint synchronization initiated. (203 threads)
[2023-12-02T15:56:06.871+0000][1437.938s][info ][safepoint     ] Application time: 1.0004415 seconds
[2023-12-02T15:56:06.872+0000][1437.938s][info ][safepoint     ] Entering safepoint region: Cleanup
[2023-12-02T15:56:06.872+0000][1437.939s][info ][safepoint     ] Leaving safepoint region
[2023-12-02T15:56:06.873+0000][1437.939s][info ][safepoint     ] Total time for which application threads were stopped: 0.0009080 seconds, Stopping threads took: 0.0003869 seconds
[2023-12-02T15:56:07.873+0000][1438.940s][debug][safepoint     ] Safepoint synchronization initiated. (203 threads)
[2023-12-02T15:56:07.874+0000][1438.941s][info ][safepoint     ] Application time: 1.0011099 seconds
[2023-12-02T15:56:07.875+0000][1438.942s][info ][safepoint     ] Entering safepoint region: Cleanup
[2023-12-02T15:56:07.876+0000][1438.943s][info ][safepoint     ] Leaving safepoint region
[2023-12-02T15:56:07.877+0000][1438.943s][info ][safepoint     ] Total time for which application threads were stopped: 0.0019229 seconds, Stopping threads took: 0.0007713 seconds
[2023-12-02T15:56:08.878+0000][1439.944s][debug][safepoint     ] Safepoint synchronization initiated. (203 threads)
[2023-12-02T15:56:08.879+0000][1439.945s][info ][safepoint     ] Application time: 1.0012766 seconds
[2023-12-02T15:56:08.879+0000][1439.946s][info ][safepoint     ] Entering safepoint region: Cleanup
[2023-12-02T15:56:08.880+0000][1439.946s][info ][safepoint     ] Leaving safepoint region
[2023-12-02T15:56:08.880+0000][1439.946s][info ][safepoint     ] Total time for which application threads were stopped: 0.0007482 seconds, Stopping threads took: 0.0002714 seconds
[2023-12-02T15:56:09.880+0000][1440.947s][debug][safepoint     ] Safepoint synchronization initiated. (203 threads)
[2023-12-02T15:56:09.881+0000][1440.948s][info ][safepoint     ] Application time: 1.0011099 seconds
[2023-12-02T15:56:09.882+0000][1440.948s][info ][safepoint     ] Entering safepoint region: Cleanup
[2023-12-02T15:56:09.882+0000][1440.949s][info ][safepoint     ] Leaving safepoint region
[2023-12-02T15:56:09.882+0000][1440.949s][info ][safepoint     ] Total time for which application threads were stopped: 0.0007516 seconds, Stopping threads took: 0.0003130 seconds
[2023-12-02T15:56:10.883+0000][1441.949s][debug][safepoint     ] Safepoint synchronization initiated. (203 threads)
[2023-12-02T15:56:10.883+0000][1441.950s][info ][safepoint     ] Application time: 1.0005764 seconds
[2023-12-02T15:56:10.884+0000][1441.950s][info ][safepoint     ] Entering safepoint region: Cleanup
[2023-12-02T15:56:10.884+0000][1441.951s][info ][safepoint     ] Leaving safepoint region
[2023-12-02T15:56:10.885+0000][1441.951s][info ][safepoint     ] Total time for which application threads were stopped: 0.0009604 seconds, Stopping threads took: 0.0004785 seconds
[2023-12-02T15:56:11.885+0000][1442.952s][debug][safepoint     ] Safepoint synchronization initiated. (203 threads)
[2023-12-02T15:56:11.885+0000][1442.952s][info ][safepoint     ] Application time: 1.0006820 seconds
[2023-12-02T15:56:11.886+0000][1442.952s][info ][safepoint     ] Entering safepoint region: Cleanup
[2023-12-02T15:56:11.886+0000][1442.953s][info ][safepoint     ] Leaving safepoint region
[2023-12-02T15:56:11.887+0000][1442.953s][info ][safepoint     ] Total time for which application threads were stopped: 0.0008033 seconds, Stopping threads took: 0.0003557 seconds
[2023-12-02T15:56:12.887+0000][1443.954s][debug][safepoint     ] Safepoint synchronization initiated. (203 threads)
[2023-12-02T15:56:12.887+0000][1443.954s][info ][safepoint     ] Application time: 1.0005474 seconds
[2023-12-02T15:56:12.888+0000][1443.954s][info ][safepoint     ] Entering safepoint region: Cleanup
[2023-12-02T15:56:12.888+0000][1443.955s][info ][safepoint     ] Leaving safepoint region
[2023-12-02T15:56:12.889+0000][1443.955s][info ][safepoint     ] Total time for which application threads were stopped: 0.0008987 seconds, Stopping threads took: 0.0003842 seconds
[2023-12-02T15:56:13.889+0000][1444.956s][debug][safepoint     ] Safepoint synchronization initiated. (203 threads)
[2023-12-02T15:56:13.889+0000][1444.956s][info ][safepoint     ] Application time: 1.0004902 seconds
[2023-12-02T15:56:13.891+0000][1444.958s][info ][safepoint     ] Entering safepoint region: Cleanup
[2023-12-02T15:56:13.891+0000][1444.958s][info ][safepoint     ] Leaving safepoint region
[2023-12-02T15:56:13.892+0000][1444.958s][info ][safepoint     ] Total time for which application threads were stopped: 0.0015615 seconds, Stopping threads took: 0.0009649 seconds
[2023-12-02T15:56:14.893+0000][1445.959s][debug][safepoint     ] Safepoint synchronization initiated. (203 threads)
[2023-12-02T15:56:14.894+0000][1445.960s][info ][safepoint     ] Application time: 1.0015516 seconds
[2023-12-02T15:56:14.894+0000][1445.961s][info ][safepoint     ] Entering safepoint region: Cleanup
[2023-12-02T15:56:14.895+0000][1445.961s][info ][safepoint     ] Leaving safepoint region
[2023-12-02T15:56:14.895+0000][1445.961s][info ][safepoint     ] Total time for which application threads were stopped: 0.0006960 seconds, Stopping threads took: 0.0002643 seconds
[2023-12-02T15:56:15.895+0000][1446.962s][debug][safepoint     ] Safepoint synchronization initiated. (203 threads)
[2023-12-02T15:56:15.896+0000][1446.962s][info ][safepoint     ] Application time: 1.0007174 seconds
[2023-12-02T15:56:15.896+0000][1446.963s][info ][safepoint     ] Entering safepoint region: Cleanup
[2023-12-02T15:56:15.897+0000][1446.963s][info ][safepoint     ] Leaving safepoint region
[2023-12-02T15:56:15.897+0000][1446.964s][info ][safepoint     ] Total time for which application threads were stopped: 0.0009849 seconds, Stopping threads took: 0.0003891 seconds
[2023-12-02T15:56:16.898+0000][1447.964s][debug][safepoint     ] Safepoint synchronization initiated. (203 threads)
[2023-12-02T15:56:16.899+0000][1447.965s][info ][safepoint     ] Application time: 1.0011972 seconds
[2023-12-02T15:56:16.900+0000][1447.966s][info ][safepoint     ] Entering safepoint region: Cleanup
[2023-12-02T15:56:16.901+0000][1447.967s][info ][safepoint     ] Leaving safepoint region
[2023-12-02T15:56:16.901+0000][1447.968s][info ][safepoint     ] Total time for which application threads were stopped: 0.0017716 seconds, Stopping threads took: 0.0007092 seconds
[2023-12-02T15:56:17.902+0000][1448.969s][debug][safepoint     ] Safepoint synchronization initiated. (203 threads)
[2023-12-02T15:56:17.903+0000][1448.969s][info ][safepoint     ] Application time: 1.0009516 seconds
[2023-12-02T15:56:17.904+0000][1448.970s][info ][safepoint     ] Entering safepoint region: Cleanup
[2023-12-02T15:56:17.904+0000][1448.971s][info ][safepoint     ] Leaving safepoint region
[2023-12-02T15:56:17.905+0000][1448.971s][info ][safepoint     ] Total time for which application threads were stopped: 0.0014073 seconds, Stopping threads took: 0.0006383 seconds
[2023-12-02T15:56:18.906+0000][1449.972s][debug][safepoint     ] Safepoint synchronization initiated. (203 threads)
[2023-12-02T15:56:18.906+0000][1449.973s][info ][safepoint     ] Application time: 1.0004442 seconds
[2023-12-02T15:56:18.906+0000][1449.973s][info ][safepoint     ] Entering safepoint region: Cleanup
[2023-12-02T15:56:18.907+0000][1449.973s][info ][safepoint     ] Leaving safepoint region
[2023-12-02T15:56:18.907+0000][1449.974s][info ][safepoint     ] Total time for which application threads were stopped: 0.0008180 seconds, Stopping threads took: 0.0003520 seconds
[2023-12-02T15:56:19.907+0000][1450.974s][debug][safepoint     ] Safepoint synchronization initiated. (203 threads)
[2023-12-02T15:56:19.908+0000][1450.974s][info ][safepoint     ] Application time: 1.0004652 seconds
[2023-12-02T15:56:19.908+0000][1450.975s][info ][safepoint     ] Entering safepoint region: Cleanup
[2023-12-02T15:56:19.909+0000][1450.975s][info ][safepoint     ] Leaving safepoint region
[2023-12-02T15:56:19.909+0000][1450.975s][info ][safepoint     ] Total time for which application threads were stopped: 0.0008841 seconds, Stopping threads took: 0.0003074 seconds
[2023-12-02T15:56:20.909+0000][1451.976s][debug][safepoint     ] Safepoint synchronization initiated. (203 threads)
[2023-12-02T15:56:20.910+0000][1451.976s][info ][safepoint     ] Application time: 1.0004443 seconds
[2023-12-02T15:56:20.910+0000][1451.977s][info ][safepoint     ] Entering safepoint region: Cleanup
[2023-12-02T15:56:20.911+0000][1451.977s][info ][safepoint     ] Leaving safepoint region
[2023-12-02T15:56:20.911+0000][1451.977s][info ][safepoint     ] Total time for which application threads were stopped: 0.0008657 seconds, Stopping threads took: 0.0004207 seconds
[2023-12-02T15:56:21.911+0000][1452.978s][debug][safepoint     ] Safepoint synchronization initiated. (203 threads)
[2023-12-02T15:56:21.912+0000][1452.979s][info ][safepoint     ] Application time: 1.0010259 seconds
[2023-12-02T15:56:21.913+0000][1452.979s][info ][safepoint     ] Entering safepoint region: Cleanup
[2023-12-02T15:56:21.913+0000][1452.980s][info ][safepoint     ] Leaving safepoint region
[2023-12-02T15:56:21.914+0000][1452.980s][info ][safepoint     ] Total time for which application threads were stopped: 0.0011996 seconds, Stopping threads took: 0.0005779 seconds
[2023-12-02T15:56:22.915+0000][1453.981s][debug][safepoint     ] Safepoint synchronization initiated. (203 threads)
[2023-12-02T15:56:22.916+0000][1453.982s][info ][safepoint     ] Application time: 1.0011182 seconds
[2023-12-02T15:56:22.916+0000][1453.983s][info ][safepoint     ] Entering safepoint region: Cleanup
[2023-12-02T15:56:22.918+0000][1453.984s][info ][safepoint     ] Leaving safepoint region
[2023-12-02T15:56:22.918+0000][1453.985s][info ][safepoint     ] Total time for which application threads were stopped: 0.0018360 seconds, Stopping threads took: 0.0007891 seconds
[2023-12-02T15:56:23.919+0000][1454.986s][debug][safepoint     ] Safepoint synchronization initiated. (203 threads)
[2023-12-02T15:56:23.920+0000][1454.986s][info ][safepoint     ] Application time: 1.0010229 seconds
[2023-12-02T15:56:23.921+0000][1454.987s][info ][safepoint     ] Entering safepoint region: Cleanup
[2023-12-02T15:56:23.922+0000][1454.988s][info ][safepoint     ] Leaving safepoint region
[2023-12-02T15:56:23.922+0000][1454.989s][info ][safepoint     ] Total time for which application threads were stopped: 0.0018310 seconds, Stopping threads took: 0.0007251 seconds
[2023-12-02T15:56:24.923+0000][1455.990s][debug][safepoint     ] Safepoint synchronization initiated. (203 threads)
[2023-12-02T15:56:24.924+0000][1455.991s][info ][safepoint     ] Application time: 1.0013208 seconds
[2023-12-02T15:56:24.925+0000][1455.992s][info ][safepoint     ] Entering safepoint region: Cleanup
[2023-12-02T15:56:24.926+0000][1455.993s][info ][safepoint     ] Leaving safepoint region
[2023-12-02T15:56:24.927+0000][1455.994s][info ][safepoint     ] Total time for which application threads were stopped: 0.0020447 seconds, Stopping threads took: 0.0009013 seconds
[2023-12-02T15:56:25.928+0000][1456.995s][debug][safepoint     ] Safepoint synchronization initiated. (203 threads)
[2023-12-02T15:56:25.929+0000][1456.996s][info ][safepoint     ] Application time: 1.0010500 seconds
[2023-12-02T15:56:25.930+0000][1456.996s][info ][safepoint     ] Entering safepoint region: Cleanup
[2023-12-02T15:56:25.931+0000][1456.998s][info ][safepoint     ] Leaving safepoint region
[2023-12-02T15:56:25.931+0000][1456.998s][info ][safepoint     ] Total time for which application threads were stopped: 0.0019710 seconds, Stopping threads took: 0.0007768 seconds
[2023-12-02T15:56:26.933+0000][1457.999s][debug][safepoint     ] Safepoint synchronization initiated. (203 threads)
[2023-12-02T15:56:26.934+0000][1458.000s][info ][safepoint     ] Application time: 1.0014908 seconds
[2023-12-02T15:56:26.935+0000][1458.001s][info ][safepoint     ] Entering safepoint region: Cleanup
[2023-12-02T15:56:26.936+0000][1458.003s][info ][safepoint     ] Leaving safepoint region
[2023-12-02T15:56:26.937+0000][1458.003s][info ][safepoint     ] Total time for which application threads were stopped: 0.0021402 seconds, Stopping threads took: 0.0009060 seconds
[2023-12-02T15:56:27.938+0000][1459.004s][debug][safepoint     ] Safepoint synchronization initiated. (203 threads)
[2023-12-02T15:56:27.938+0000][1459.005s][info ][safepoint     ] Application time: 1.0010875 seconds
[2023-12-02T15:56:27.939+0000][1459.006s][info ][safepoint     ] Entering safepoint region: Cleanup
[2023-12-02T15:56:27.940+0000][1459.007s][info ][safepoint     ] Leaving safepoint region
[2023-12-02T15:56:27.941+0000][1459.008s][info ][safepoint     ] Total time for which application threads were stopped: 0.0019177 seconds, Stopping threads took: 0.0007944 seconds
[2023-12-02T15:56:28.942+0000][1460.009s][debug][safepoint     ] Safepoint synchronization initiated. (203 threads)
[2023-12-02T15:56:28.943+0000][1460.009s][info ][safepoint     ] Application time: 1.0008398 seconds
[2023-12-02T15:56:28.944+0000][1460.011s][info ][safepoint     ] Entering safepoint region: Cleanup
[2023-12-02T15:56:28.945+0000][1460.011s][info ][safepoint     ] Leaving safepoint region
[2023-12-02T15:56:28.945+0000][1460.012s][info ][safepoint     ] Total time for which application threads were stopped: 0.0014723 seconds, Stopping threads took: 0.0007980 seconds
[2023-12-02T15:56:29.945+0000][1461.012s][debug][safepoint     ] Safepoint synchronization initiated. (203 threads)
[2023-12-02T15:56:29.946+0000][1461.012s][info ][safepoint     ] Application time: 1.0004053 seconds
[2023-12-02T15:56:29.946+0000][1461.013s][info ][safepoint     ] Entering safepoint region: Cleanup
[2023-12-02T15:56:29.946+0000][1461.013s][info ][safepoint     ] Leaving safepoint region
[2023-12-02T15:56:29.947+0000][1461.013s][info ][safepoint     ] Total time for which application threads were stopped: 0.0005999 seconds, Stopping threads took: 0.0002326 seconds
[2023-12-02T15:56:30.947+0000][1462.014s][debug][safepoint     ] Safepoint synchronization initiated. (203 threads)
[2023-12-02T15:56:30.948+0000][1462.014s][info ][safepoint     ] Application time: 1.0008210 seconds
[2023-12-02T15:56:30.948+0000][1462.015s][info ][safepoint     ] Entering safepoint region: Cleanup
[2023-12-02T15:56:30.949+0000][1462.016s][info ][safepoint     ] Leaving safepoint region
[2023-12-02T15:56:30.949+0000][1462.016s][info ][safepoint     ] Total time for which application threads were stopped: 0.0012179 seconds, Stopping threads took: 0.0005227 seconds
[2023-12-02T15:56:31.950+0000][1463.017s][debug][safepoint     ] Safepoint synchronization initiated. (203 threads)
[2023-12-02T15:56:31.951+0000][1463.018s][info ][safepoint     ] Application time: 1.0012669 seconds
[2023-12-02T15:56:31.952+0000][1463.019s][debug][safepoint     ] ... found polling page return exception at pc = 0x00007f43fcc152c4, stub =0x00007f43f4840600
[2023-12-02T15:56:31.952+0000][1463.019s][debug][safepoint     ] ... found polling page return exception at pc = 0x00007f43fca39708, stub =0x00007f43f4840600
[2023-12-02T15:56:31.953+0000][1463.020s][debug][safepoint     ] Waiting for 5 thread(s) to block
[2023-12-02T15:56:31.954+0000][1463.021s][info ][safepoint     ] Entering safepoint region: Cleanup
[2023-12-02T15:56:31.955+0000][1463.022s][info ][safepoint     ] Leaving safepoint region
[2023-12-02T15:56:31.956+0000][1463.023s][info ][safepoint     ] Total time for which application threads were stopped: 0.0039863 seconds, Stopping threads took: 0.0031103 seconds
[2023-12-02T15:56:32.957+0000][1464.023s][debug][safepoint     ] Safepoint synchronization initiated. (203 threads)
[2023-12-02T15:56:32.958+0000][1464.024s][info ][safepoint     ] Application time: 1.0010415 seconds
[2023-12-02T15:56:32.958+0000][1464.025s][info ][safepoint     ] Entering safepoint region: Cleanup
[2023-12-02T15:56:32.959+0000][1464.026s][info ][safepoint     ] Leaving safepoint region
[2023-12-02T15:56:32.960+0000][1464.027s][info ][safepoint     ] Total time for which application threads were stopped: 0.0018637 seconds, Stopping threads took: 0.0007222 seconds
[2023-12-02T15:56:33.961+0000][1465.027s][debug][safepoint     ] Safepoint synchronization initiated. (203 threads)
[2023-12-02T15:56:33.961+0000][1465.028s][info ][safepoint     ] Application time: 1.0010024 seconds
[2023-12-02T15:56:33.962+0000][1465.029s][info ][safepoint     ] Entering safepoint region: Cleanup
[2023-12-02T15:56:33.963+0000][1465.030s][info ][safepoint     ] Leaving safepoint region
[2023-12-02T15:56:33.964+0000][1465.030s][info ][safepoint     ] Total time for which application threads were stopped: 0.0016929 seconds, Stopping threads took: 0.0007671 seconds
[2023-12-02T15:56:34.965+0000][1466.031s][debug][safepoint     ] Safepoint synchronization initiated. (203 threads)
[2023-12-02T15:56:34.966+0000][1466.032s][info ][safepoint     ] Application time: 1.0013429 seconds
[2023-12-02T15:56:34.967+0000][1466.033s][info ][safepoint     ] Entering safepoint region: Cleanup
[2023-12-02T15:56:34.968+0000][1466.035s][info ][safepoint     ] Leaving safepoint region
[2023-12-02T15:56:34.969+0000][1466.035s][info ][safepoint     ] Total time for which application threads were stopped: 0.0019653 seconds, Stopping threads took: 0.0008687 seconds
[2023-12-02T15:56:34.968+0000][1466.035s][debug][safepoint     ] ... found polling page return exception at pc = 0x00007f43fc9de0c4, stub =0x00007f43f4840600
[2023-12-02T15:56:34.968+0000][1466.035s][debug][safepoint     ] ... found polling page return exception at pc = 0x00007f43fc9de0c4, stub =0x00007f43f4840600
[2023-12-02T15:56:34.968+0000][1466.035s][debug][safepoint     ] ... found polling page return exception at pc = 0x00007f43fc9de0c4, stub =0x00007f43f4840600
[2023-12-02T15:56:34.968+0000][1466.035s][debug][safepoint     ] ... found polling page return exception at pc = 0x00007f43fc9de0c4, stub =0x00007f43f4840600
[2023-12-02T15:56:35.969+0000][1467.036s][debug][safepoint     ] Safepoint synchronization initiated. (203 threads)
[2023-12-02T15:56:35.970+0000][1467.037s][info ][safepoint     ] Application time: 1.0011349 seconds
[2023-12-02T15:56:35.971+0000][1467.038s][info ][safepoint     ] Entering safepoint region: Cleanup
[2023-12-02T15:56:35.972+0000][1467.039s][info ][safepoint     ] Leaving safepoint region
[2023-12-02T15:56:35.973+0000][1467.039s][info ][safepoint     ] Total time for which application threads were stopped: 0.0018144 seconds, Stopping threads took: 0.0008330 seconds
[2023-12-02T15:56:36.974+0000][1468.040s][debug][safepoint     ] Safepoint synchronization initiated. (203 threads)
[2023-12-02T15:56:36.974+0000][1468.041s][info ][safepoint     ] Application time: 1.0009221 seconds
[2023-12-02T15:56:36.975+0000][1468.042s][info ][safepoint     ] Entering safepoint region: Cleanup
[2023-12-02T15:56:36.976+0000][1468.042s][info ][safepoint     ] Leaving safepoint region
[2023-12-02T15:56:36.976+0000][1468.043s][info ][safepoint     ] Total time for which application threads were stopped: 0.0012852 seconds, Stopping threads took: 0.0005454 seconds
[2023-12-02T15:56:37.977+0000][1469.044s][debug][safepoint     ] Safepoint synchronization initiated. (203 threads)
[2023-12-02T15:56:37.977+0000][1469.044s][info ][safepoint     ] Application time: 1.0007011 seconds
[2023-12-02T15:56:37.978+0000][1469.044s][info ][safepoint     ] Entering safepoint region: Cleanup
[2023-12-02T15:56:37.978+0000][1469.045s][info ][safepoint     ] Leaving safepoint region
[2023-12-02T15:56:37.978+0000][1469.045s][info ][safepoint     ] Total time for which application threads were stopped: 0.0008721 seconds, Stopping threads took: 0.0003438 seconds
[2023-12-02T15:56:38.979+0000][1470.046s][debug][safepoint     ] Safepoint synchronization initiated. (203 threads)
[2023-12-02T15:56:38.979+0000][1470.046s][info ][safepoint     ] Application time: 1.0006993 seconds
[2023-12-02T15:56:38.980+0000][1470.047s][info ][safepoint     ] Entering safepoint region: Cleanup
[2023-12-02T15:56:38.981+0000][1470.047s][info ][safepoint     ] Leaving safepoint region
[2023-12-02T15:56:38.981+0000][1470.048s][info ][safepoint     ] Total time for which application threads were stopped: 0.0011149 seconds, Stopping threads took: 0.0004825 seconds
[2023-12-02T15:56:39.981+0000][1471.048s][debug][safepoint     ] Safepoint synchronization initiated. (203 threads)
[2023-12-02T15:56:39.982+0000][1471.048s][info ][safepoint     ] Application time: 1.0005010 seconds
[2023-12-02T15:56:39.982+0000][1471.049s][info ][safepoint     ] Entering safepoint region: Cleanup
[2023-12-02T15:56:39.983+0000][1471.050s][info ][safepoint     ] Leaving safepoint region
[2023-12-02T15:56:39.984+0000][1471.051s][info ][safepoint     ] Total time for which application threads were stopped: 0.0018695 seconds, Stopping threads took: 0.0006756 seconds
[2023-12-02T15:56:40.985+0000][1472.051s][debug][safepoint     ] Safepoint synchronization initiated. (203 threads)
[2023-12-02T15:56:40.985+0000][1472.052s][info ][safepoint     ] Application time: 1.0004215 seconds
[2023-12-02T15:56:40.985+0000][1472.052s][info ][safepoint     ] Entering safepoint region: Cleanup
[2023-12-02T15:56:40.986+0000][1472.052s][info ][safepoint     ] Leaving safepoint region
[2023-12-02T15:56:40.986+0000][1472.052s][info ][safepoint     ] Total time for which application threads were stopped: 0.0006067 seconds, Stopping threads took: 0.0002476 seconds
[2023-12-02T15:56:41.986+0000][1473.053s][debug][safepoint     ] Safepoint synchronization initiated. (203 threads)
[2023-12-02T15:56:41.987+0000][1473.053s][info ][safepoint     ] Application time: 1.0008394 seconds
[2023-12-02T15:56:41.987+0000][1473.054s][info ][safepoint     ] Entering safepoint region: Cleanup
[2023-12-02T15:56:41.989+0000][1473.056s][info ][safepoint     ] Leaving safepoint region
[2023-12-02T15:56:41.989+0000][1473.056s][info ][safepoint     ] Total time for which application threads were stopped: 0.0021640 seconds, Stopping threads took: 0.0014231 seconds
[2023-12-02T15:56:42.990+0000][1474.057s][debug][safepoint     ] Safepoint synchronization initiated. (203 threads)
[2023-12-02T15:56:42.991+0000][1474.058s][info ][safepoint     ] Application time: 1.0011901 seconds
[2023-12-02T15:56:42.992+0000][1474.059s][info ][safepoint     ] Entering safepoint region: Cleanup
[2023-12-02T15:56:42.993+0000][1474.060s][info ][safepoint     ] Leaving safepoint region
[2023-12-02T15:56:42.994+0000][1474.061s][info ][safepoint     ] Total time for which application threads were stopped: 0.0020344 seconds, Stopping threads took: 0.0009103 seconds
[2023-12-02T15:56:43.995+0000][1475.062s][debug][safepoint     ] Safepoint synchronization initiated. (203 threads)
[2023-12-02T15:56:43.996+0000][1475.063s][info ][safepoint     ] Application time: 1.0013188 seconds
[2023-12-02T15:56:43.997+0000][1475.064s][info ][safepoint     ] Entering safepoint region: Cleanup
[2023-12-02T15:56:43.998+0000][1475.065s][info ][safepoint     ] Leaving safepoint region
[2023-12-02T15:56:43.999+0000][1475.066s][info ][safepoint     ] Total time for which application threads were stopped: 0.0020284 seconds, Stopping threads took: 0.0007736 seconds
[2023-12-02T15:56:45.000+0000][1476.067s][debug][safepoint     ] Safepoint synchronization initiated. (203 threads)
[2023-12-02T15:56:45.001+0000][1476.068s][info ][safepoint     ] Application time: 1.0015084 seconds
[2023-12-02T15:56:45.002+0000][1476.069s][info ][safepoint     ] Entering safepoint region: Cleanup
[2023-12-02T15:56:45.003+0000][1476.070s][info ][safepoint     ] Leaving safepoint region
[2023-12-02T15:56:45.004+0000][1476.071s][info ][safepoint     ] Total time for which application threads were stopped: 0.0019742 seconds, Stopping threads took: 0.0008144 seconds
[2023-12-02T15:56:46.005+0000][1477.072s][debug][safepoint     ] Safepoint synchronization initiated. (203 threads)
[2023-12-02T15:56:46.006+0000][1477.073s][info ][safepoint     ] Application time: 1.0015189 seconds
[2023-12-02T15:56:46.007+0000][1477.074s][info ][safepoint     ] Entering safepoint region: Cleanup
[2023-12-02T15:56:46.008+0000][1477.075s][info ][safepoint     ] Leaving safepoint region
[2023-12-02T15:56:46.009+0000][1477.076s][info ][safepoint     ] Total time for which application threads were stopped: 0.0019935 seconds, Stopping threads took: 0.0007841 seconds
[2023-12-02T15:56:47.010+0000][1478.077s][debug][safepoint     ] Safepoint synchronization initiated. (203 threads)
[2023-12-02T15:56:47.010+0000][1478.077s][info ][safepoint     ] Application time: 1.0007579 seconds
[2023-12-02T15:56:47.011+0000][1478.078s][info ][safepoint     ] Entering safepoint region: Cleanup
[2023-12-02T15:56:47.012+0000][1478.078s][info ][safepoint     ] Leaving safepoint region
[2023-12-02T15:56:47.012+0000][1478.079s][info ][safepoint     ] Total time for which application threads were stopped: 0.0010028 seconds, Stopping threads took: 0.0005087 seconds
[2023-12-02T15:56:48.013+0000][1479.079s][debug][safepoint     ] Safepoint synchronization initiated. (203 threads)
[2023-12-02T15:56:48.013+0000][1479.080s][info ][safepoint     ] Application time: 1.0010867 seconds
[2023-12-02T15:56:48.014+0000][1479.081s][info ][safepoint     ] Entering safepoint region: Cleanup
[2023-12-02T15:56:48.015+0000][1479.082s][info ][safepoint     ] Leaving safepoint region
[2023-12-02T15:56:48.016+0000][1479.082s][info ][safepoint     ] Total time for which application threads were stopped: 0.0016967 seconds, Stopping threads took: 0.0008185 seconds
[2023-12-02T15:56:49.016+0000][1480.083s][debug][safepoint     ] Safepoint synchronization initiated. (203 threads)
[2023-12-02T15:56:49.017+0000][1480.084s][info ][safepoint     ] Application time: 1.0006307 seconds
[2023-12-02T15:56:49.017+0000][1480.084s][info ][safepoint     ] Entering safepoint region: Cleanup
[2023-12-02T15:56:49.018+0000][1480.085s][info ][safepoint     ] Leaving safepoint region
[2023-12-02T15:56:49.018+0000][1480.085s][info ][safepoint     ] Total time for which application threads were stopped: 0.0009777 seconds, Stopping threads took: 0.0004911 seconds
[2023-12-02T15:56:50.019+0000][1481.085s][debug][safepoint     ] Safepoint synchronization initiated. (203 threads)
[2023-12-02T15:56:50.020+0000][1481.086s][info ][safepoint     ] Application time: 1.0010365 seconds
[2023-12-02T15:56:50.021+0000][1481.087s][info ][safepoint     ] Entering safepoint region: Cleanup
[2023-12-02T15:56:50.022+0000][1481.088s][info ][safepoint     ] Leaving safepoint region
[2023-12-02T15:56:50.022+0000][1481.089s][info ][safepoint     ] Total time for which application threads were stopped: 0.0017107 seconds, Stopping threads took: 0.0006951 seconds
[2023-12-02T15:56:51.023+0000][1482.090s][debug][safepoint     ] Safepoint synchronization initiated. (203 threads)
[2023-12-02T15:56:51.024+0000][1482.091s][info ][safepoint     ] Application time: 1.0011013 seconds
[2023-12-02T15:56:51.025+0000][1482.092s][info ][safepoint     ] Entering safepoint region: Cleanup
[2023-12-02T15:56:51.026+0000][1482.092s][info ][safepoint     ] Leaving safepoint region
[2023-12-02T15:56:51.026+0000][1482.093s][info ][safepoint     ] Total time for which application threads were stopped: 0.0014248 seconds, Stopping threads took: 0.0006973 seconds
[2023-12-02T15:56:52.027+0000][1483.094s][debug][safepoint     ] Safepoint synchronization initiated. (203 threads)
[2023-12-02T15:56:52.028+0000][1483.095s][info ][safepoint     ] Application time: 1.0013468 seconds
[2023-12-02T15:56:52.029+0000][1483.095s][info ][safepoint     ] Entering safepoint region: Cleanup
[2023-12-02T15:56:52.029+0000][1483.096s][info ][safepoint     ] Leaving safepoint region
[2023-12-02T15:56:52.029+0000][1483.096s][info ][safepoint     ] Total time for which application threads were stopped: 0.0008051 seconds, Stopping threads took: 0.0003773 seconds
[2023-12-02T15:56:53.030+0000][1484.097s][debug][safepoint     ] Safepoint synchronization initiated. (203 threads)
[2023-12-02T15:56:53.031+0000][1484.098s][info ][safepoint     ] Application time: 1.0011836 seconds
[2023-12-02T15:56:53.032+0000][1484.098s][info ][safepoint     ] Entering safepoint region: Cleanup
[2023-12-02T15:56:53.033+0000][1484.099s][info ][safepoint     ] Leaving safepoint region
[2023-12-02T15:56:53.033+0000][1484.100s][info ][safepoint     ] Total time for which application threads were stopped: 0.0017400 seconds, Stopping threads took: 0.0006579 seconds
[2023-12-02T15:56:54.032+0000][1485.101s][debug][safepoint     ] Safepoint synchronization initiated. (203 threads)
[2023-12-02T15:56:54.033+0000][1485.101s][info ][safepoint     ] Application time: 1.0009193 seconds
[2023-12-02T15:56:54.034+0000][1485.102s][info ][safepoint     ] Entering safepoint region: Cleanup
[2023-12-02T15:56:54.035+0000][1485.103s][info ][safepoint     ] Leaving safepoint region
[2023-12-02T15:56:54.035+0000][1485.104s][info ][safepoint     ] Total time for which application threads were stopped: 0.0016587 seconds, Stopping threads took: 0.0006674 seconds
[2023-12-02T15:56:55.036+0000][1486.104s][debug][safepoint     ] Safepoint synchronization initiated. (203 threads)
[2023-12-02T15:56:55.037+0000][1486.105s][info ][safepoint     ] Application time: 1.0009517 seconds
[2023-12-02T15:56:55.038+0000][1486.106s][info ][safepoint     ] Entering safepoint region: Cleanup
[2023-12-02T15:56:55.038+0000][1486.107s][info ][safepoint     ] Leaving safepoint region
[2023-12-02T15:56:55.039+0000][1486.107s][info ][safepoint     ] Total time for which application threads were stopped: 0.0016173 seconds, Stopping threads took: 0.0005356 seconds
[2023-12-02T15:56:56.040+0000][1487.108s][debug][safepoint     ] Safepoint synchronization initiated. (203 threads)
[2023-12-02T15:56:56.040+0000][1487.109s][info ][safepoint     ] Application time: 1.0004735 seconds
[2023-12-02T15:56:56.041+0000][1487.109s][info ][safepoint     ] Entering safepoint region: Cleanup
[2023-12-02T15:56:56.041+0000][1487.109s][info ][safepoint     ] Leaving safepoint region
[2023-12-02T15:56:56.041+0000][1487.109s][info ][safepoint     ] Total time for which application threads were stopped: 0.0006952 seconds, Stopping threads took: 0.0002439 seconds
[2023-12-02T15:56:57.042+0000][1488.110s][debug][safepoint     ] Safepoint synchronization initiated. (203 threads)
[2023-12-02T15:56:57.042+0000][1488.110s][info ][safepoint     ] Application time: 1.0004252 seconds
[2023-12-02T15:56:57.042+0000][1488.110s][info ][safepoint     ] Entering safepoint region: Cleanup
[2023-12-02T15:56:57.043+0000][1488.111s][info ][safepoint     ] Leaving safepoint region
[2023-12-02T15:56:57.043+0000][1488.111s][info ][safepoint     ] Total time for which application threads were stopped: 0.0007207 seconds, Stopping threads took: 0.0002820 seconds
[2023-12-02T15:56:58.043+0000][1489.111s][debug][safepoint     ] Safepoint synchronization initiated. (203 threads)
[2023-12-02T15:56:58.044+0000][1489.112s][info ][safepoint     ] Application time: 1.0006362 seconds
[2023-12-02T15:56:58.044+0000][1489.112s][info ][safepoint     ] Entering safepoint region: Cleanup
[2023-12-02T15:56:58.044+0000][1489.113s][info ][safepoint     ] Leaving safepoint region
[2023-12-02T15:56:58.045+0000][1489.113s][info ][safepoint     ] Total time for which application threads were stopped: 0.0007280 seconds, Stopping threads took: 0.0002779 seconds
[2023-12-02T15:56:59.045+0000][1490.113s][debug][safepoint     ] Safepoint synchronization initiated. (202 threads)
[2023-12-02T15:56:59.045+0000][1490.114s][info ][safepoint     ] Application time: 1.0005909 seconds
[2023-12-02T15:56:59.046+0000][1490.114s][info ][safepoint     ] Entering safepoint region: Cleanup
[2023-12-02T15:56:59.046+0000][1490.115s][info ][safepoint     ] Leaving safepoint region
[2023-12-02T15:56:59.047+0000][1490.115s][info ][safepoint     ] Total time for which application threads were stopped: 0.0008760 seconds, Stopping threads took: 0.0003784 seconds
[2023-12-02T15:57:00.047+0000][1491.115s][debug][safepoint     ] Safepoint synchronization initiated. (202 threads)
[2023-12-02T15:57:00.047+0000][1491.116s][info ][safepoint     ] Application time: 1.0006080 seconds
[2023-12-02T15:57:00.048+0000][1491.116s][info ][safepoint     ] Entering safepoint region: Cleanup
[2023-12-02T15:57:00.048+0000][1491.117s][info ][safepoint     ] Leaving safepoint region
[2023-12-02T15:57:00.049+0000][1491.117s][info ][safepoint     ] Total time for which application threads were stopped: 0.0009706 seconds, Stopping threads took: 0.0003773 seconds
[2023-12-02T15:57:01.049+0000][1492.117s][debug][safepoint     ] Safepoint synchronization initiated. (202 threads)
[2023-12-02T15:57:01.050+0000][1492.118s][info ][safepoint     ] Application time: 1.0009670 seconds
[2023-12-02T15:57:01.051+0000][1492.119s][info ][safepoint     ] Entering safepoint region: Cleanup
[2023-12-02T15:57:01.051+0000][1492.120s][info ][safepoint     ] Leaving safepoint region
[2023-12-02T15:57:01.052+0000][1492.120s][info ][safepoint     ] Total time for which application threads were stopped: 0.0014454 seconds, Stopping threads took: 0.0006383 seconds
[2023-12-02T15:57:02.053+0000][1493.121s][debug][safepoint     ] Safepoint synchronization initiated. (202 threads)
[2023-12-02T15:57:02.054+0000][1493.122s][info ][safepoint     ] Application time: 1.0013562 seconds
[2023-12-02T15:57:02.055+0000][1493.123s][info ][safepoint     ] Entering safepoint region: Cleanup
[2023-12-02T15:57:02.056+0000][1493.124s][info ][safepoint     ] Leaving safepoint region
[2023-12-02T15:57:02.057+0000][1493.125s][info ][safepoint     ] Total time for which application threads were stopped: 0.0020486 seconds, Stopping threads took: 0.0008198 seconds
[2023-12-02T15:57:03.058+0000][1494.126s][debug][safepoint     ] Safepoint synchronization initiated. (202 threads)
[2023-12-02T15:57:03.058+0000][1494.126s][info ][safepoint     ] Application time: 1.0006724 seconds
[2023-12-02T15:57:03.059+0000][1494.127s][info ][safepoint     ] Entering safepoint region: Cleanup
[2023-12-02T15:57:03.060+0000][1494.128s][info ][safepoint     ] Leaving safepoint region
[2023-12-02T15:57:03.060+0000][1494.128s][info ][safepoint     ] Total time for which application threads were stopped: 0.0013567 seconds, Stopping threads took: 0.0005901 seconds
[2023-12-02T15:57:04.061+0000][1495.129s][debug][safepoint     ] Safepoint synchronization initiated. (202 threads)
[2023-12-02T15:57:04.061+0000][1495.129s][info ][safepoint     ] Application time: 1.0005336 seconds
[2023-12-02T15:57:04.061+0000][1495.130s][info ][safepoint     ] Entering safepoint region: Cleanup
[2023-12-02T15:57:04.062+0000][1495.130s][info ][safepoint     ] Leaving safepoint region
[2023-12-02T15:57:04.062+0000][1495.130s][info ][safepoint     ] Total time for which application threads were stopped: 0.0005069 seconds, Stopping threads took: 0.0001888 seconds
[2023-12-02T15:57:05.062+0000][1496.130s][debug][safepoint     ] Safepoint synchronization initiated. (202 threads)
[2023-12-02T15:57:05.063+0000][1496.131s][info ][safepoint     ] Application time: 1.0007239 seconds
[2023-12-02T15:57:05.063+0000][1496.131s][info ][safepoint     ] Entering safepoint region: Cleanup
[2023-12-02T15:57:05.063+0000][1496.132s][info ][safepoint     ] Leaving safepoint region
[2023-12-02T15:57:05.064+0000][1496.132s][info ][safepoint     ] Total time for which application threads were stopped: 0.0008244 seconds, Stopping threads took: 0.0003073 seconds
[2023-12-02T15:57:06.064+0000][1497.133s][debug][safepoint     ] Safepoint synchronization initiated. (202 threads)
[2023-12-02T15:57:06.065+0000][1497.134s][info ][safepoint     ] Application time: 1.0013119 seconds
[2023-12-02T15:57:06.066+0000][1497.134s][info ][safepoint     ] Entering safepoint region: Cleanup
[2023-12-02T15:57:06.067+0000][1497.136s][info ][safepoint     ] Leaving safepoint region
[2023-12-02T15:57:06.068+0000][1497.136s][info ][safepoint     ] Total time for which application threads were stopped: 0.0020676 seconds, Stopping threads took: 0.0007552 seconds
[2023-12-02T15:57:07.069+0000][1498.137s][debug][safepoint     ] Safepoint synchronization initiated. (202 threads)
[2023-12-02T15:57:07.070+0000][1498.138s][info ][safepoint     ] Application time: 1.0008983 seconds
[2023-12-02T15:57:07.070+0000][1498.139s][info ][safepoint     ] Entering safepoint region: Cleanup
[2023-12-02T15:57:07.071+0000][1498.139s][info ][safepoint     ] Leaving safepoint region
[2023-12-02T15:57:07.072+0000][1498.140s][info ][safepoint     ] Total time for which application threads were stopped: 0.0014835 seconds, Stopping threads took: 0.0006433 seconds
[2023-12-02T15:57:08.072+0000][1499.141s][debug][safepoint     ] Safepoint synchronization initiated. (202 threads)
[2023-12-02T15:57:08.073+0000][1499.141s][info ][safepoint     ] Application time: 1.0005845 seconds
[2023-12-02T15:57:08.073+0000][1499.141s][info ][safepoint     ] Entering safepoint region: Cleanup
[2023-12-02T15:57:08.074+0000][1499.142s][info ][safepoint     ] Leaving safepoint region
[2023-12-02T15:57:08.074+0000][1499.143s][info ][safepoint     ] Total time for which application threads were stopped: 0.0012202 seconds, Stopping threads took: 0.0004011 seconds
[2023-12-02T15:57:09.075+0000][1500.143s][debug][safepoint     ] Safepoint synchronization initiated. (202 threads)
[2023-12-02T15:57:09.075+0000][1500.143s][info ][safepoint     ] Application time: 1.0003549 seconds
[2023-12-02T15:57:09.075+0000][1500.144s][info ][safepoint     ] Entering safepoint region: Cleanup
[2023-12-02T15:57:09.076+0000][1500.144s][info ][safepoint     ] Leaving safepoint region
[2023-12-02T15:57:09.076+0000][1500.144s][info ][safepoint     ] Total time for which application threads were stopped: 0.0007114 seconds, Stopping threads took: 0.0002834 seconds
[2023-12-02T15:57:10.077+0000][1501.145s][debug][safepoint     ] Safepoint synchronization initiated. (202 threads)
[2023-12-02T15:57:10.078+0000][1501.146s][info ][safepoint     ] Application time: 1.0019903 seconds
[2023-12-02T15:57:10.079+0000][1501.147s][info ][safepoint     ] Entering safepoint region: Cleanup
[2023-12-02T15:57:10.079+0000][1501.147s][info ][safepoint     ] Leaving safepoint region
[2023-12-02T15:57:10.080+0000][1501.148s][info ][safepoint     ] Total time for which application threads were stopped: 0.0010882 seconds, Stopping threads took: 0.0004125 seconds
[2023-12-02T15:57:11.081+0000][1502.149s][debug][safepoint     ] Safepoint synchronization initiated. (202 threads)
[2023-12-02T15:57:11.081+0000][1502.150s][info ][safepoint     ] Application time: 1.0009003 seconds
[2023-12-02T15:57:11.082+0000][1502.150s][info ][safepoint     ] Entering safepoint region: Cleanup
[2023-12-02T15:57:11.083+0000][1502.151s][info ][safepoint     ] Leaving safepoint region
[2023-12-02T15:57:11.083+0000][1502.151s][info ][safepoint     ] Total time for which application threads were stopped: 0.0010278 seconds, Stopping threads took: 0.0005071 seconds
[2023-12-02T15:57:12.083+0000][1503.152s][debug][safepoint     ] Safepoint synchronization initiated. (201 threads)
[2023-12-02T15:57:12.084+0000][1503.153s][info ][safepoint     ] Application time: 1.0011191 seconds
[2023-12-02T15:57:12.085+0000][1503.153s][info ][safepoint     ] Entering safepoint region: Cleanup
[2023-12-02T15:57:12.086+0000][1503.154s][info ][safepoint     ] Leaving safepoint region
[2023-12-02T15:57:12.087+0000][1503.155s][info ][safepoint     ] Total time for which application threads were stopped: 0.0016112 seconds, Stopping threads took: 0.0006151 seconds
[2023-12-02T15:57:13.088+0000][1504.156s][debug][safepoint     ] Safepoint synchronization initiated. (201 threads)
[2023-12-02T15:57:13.088+0000][1504.157s][info ][safepoint     ] Application time: 1.0009750 seconds
[2023-12-02T15:57:13.089+0000][1504.157s][info ][safepoint     ] Entering safepoint region: Cleanup
[2023-12-02T15:57:13.090+0000][1504.158s][info ][safepoint     ] Leaving safepoint region
[2023-12-02T15:57:13.090+0000][1504.158s][info ][safepoint     ] Total time for which application threads were stopped: 0.0012832 seconds, Stopping threads took: 0.0006531 seconds
[2023-12-02T15:57:14.091+0000][1505.159s][debug][safepoint     ] Safepoint synchronization initiated. (201 threads)
[2023-12-02T15:57:14.091+0000][1505.159s][info ][safepoint     ] Application time: 1.0006071 seconds
[2023-12-02T15:57:14.091+0000][1505.160s][info ][safepoint     ] Entering safepoint region: Cleanup
[2023-12-02T15:57:14.092+0000][1505.160s][info ][safepoint     ] Leaving safepoint region
[2023-12-02T15:57:14.092+0000][1505.160s][info ][safepoint     ] Total time for which application threads were stopped: 0.0008119 seconds, Stopping threads took: 0.0002445 seconds
[2023-12-02T15:57:15.093+0000][1506.161s][debug][safepoint     ] Safepoint synchronization initiated. (199 threads)
[2023-12-02T15:57:15.093+0000][1506.161s][info ][safepoint     ] Application time: 1.0006788 seconds
[2023-12-02T15:57:15.094+0000][1506.162s][info ][safepoint     ] Entering safepoint region: Cleanup
[2023-12-02T15:57:15.094+0000][1506.163s][info ][safepoint     ] Leaving safepoint region
[2023-12-02T15:57:15.095+0000][1506.163s][info ][safepoint     ] Total time for which application threads were stopped: 0.0009162 seconds, Stopping threads took: 0.0004127 seconds
[2023-12-02T15:57:16.095+0000][1507.163s][debug][safepoint     ] Safepoint synchronization initiated. (199 threads)
[2023-12-02T15:57:16.096+0000][1507.164s][info ][safepoint     ] Application time: 1.0007810 seconds
[2023-12-02T15:57:16.096+0000][1507.164s][info ][safepoint     ] Entering safepoint region: Cleanup
[2023-12-02T15:57:16.097+0000][1507.165s][info ][safepoint     ] Leaving safepoint region
[2023-12-02T15:57:16.097+0000][1507.166s][info ][safepoint     ] Total time for which application threads were stopped: 0.0011261 seconds, Stopping threads took: 0.0004492 seconds
[2023-12-02T15:57:17.098+0000][1508.166s][debug][safepoint     ] Safepoint synchronization initiated. (199 threads)
[2023-12-02T15:57:17.098+0000][1508.167s][info ][safepoint     ] Application time: 1.0007430 seconds
[2023-12-02T15:57:17.099+0000][1508.167s][info ][safepoint     ] Entering safepoint region: Cleanup
[2023-12-02T15:57:17.099+0000][1508.168s][info ][safepoint     ] Leaving safepoint region
[2023-12-02T15:57:17.100+0000][1508.168s][info ][safepoint     ] Total time for which application threads were stopped: 0.0008549 seconds, Stopping threads took: 0.0003715 seconds
[2023-12-02T15:57:17.099+0000][1508.168s][debug][safepoint     ] ... found polling page return exception at pc = 0x00007f43fc9de0c4, stub =0x00007f43f4840600
[2023-12-02T15:57:17.099+0000][1508.168s][debug][safepoint     ] ... found polling page return exception at pc = 0x00007f43fc9de0c4, stub =0x00007f43f4840600
[2023-12-02T15:57:17.099+0000][1508.168s][debug][safepoint     ] ... found polling page return exception at pc = 0x00007f43fc9de0c4, stub =0x00007f43f4840600
[2023-12-02T15:57:17.099+0000][1508.168s][debug][safepoint     ] ... found polling page return exception at pc = 0x00007f43fc9de0c4, stub =0x00007f43f4840600
[2023-12-02T15:57:17.099+0000][1508.168s][debug][safepoint     ] ... found polling page return exception at pc = 0x00007f43fc9de0c4, stub =0x00007f43f4840600
[2023-12-02T15:57:17.099+0000][1508.168s][debug][safepoint     ] ... found polling page return exception at pc = 0x00007f43fc9de0c4, stub =0x00007f43f4840600
[2023-12-02T15:57:18.100+0000][1509.169s][debug][safepoint     ] Safepoint synchronization initiated. (199 threads)
[2023-12-02T15:57:18.101+0000][1509.169s][info ][safepoint     ] Application time: 1.0009555 seconds
[2023-12-02T15:57:18.102+0000][1509.170s][info ][safepoint     ] Entering safepoint region: Cleanup
[2023-12-02T15:57:18.102+0000][1509.170s][info ][safepoint     ] Leaving safepoint region
[2023-12-02T15:57:18.103+0000][1509.171s][info ][safepoint     ] Total time for which application threads were stopped: 0.0010561 seconds, Stopping threads took: 0.0005068 seconds
[2023-12-02T15:57:19.103+0000][1510.171s][debug][safepoint     ] Safepoint synchronization initiated. (199 threads)
[2023-12-02T15:57:19.104+0000][1510.172s][info ][safepoint     ] Application time: 1.0007836 seconds
[2023-12-02T15:57:19.105+0000][1510.174s][info ][safepoint     ] Entering safepoint region: Cleanup
[2023-12-02T15:57:19.106+0000][1510.174s][info ][safepoint     ] Leaving safepoint region
[2023-12-02T15:57:19.106+0000][1510.174s][info ][safepoint     ] Total time for which application threads were stopped: 0.0017816 seconds, Stopping threads took: 0.0012517 seconds
[2023-12-02T15:57:20.107+0000][1511.175s][debug][safepoint     ] Safepoint synchronization initiated. (199 threads)
[2023-12-02T15:57:20.107+0000][1511.175s][info ][safepoint     ] Application time: 1.0008217 seconds
[2023-12-02T15:57:20.108+0000][1511.176s][info ][safepoint     ] Entering safepoint region: Cleanup
[2023-12-02T15:57:20.108+0000][1511.177s][info ][safepoint     ] Leaving safepoint region
[2023-12-02T15:57:20.109+0000][1511.177s][info ][safepoint     ] Total time for which application threads were stopped: 0.0011066 seconds, Stopping threads took: 0.0004755 seconds
[2023-12-02T15:57:21.109+0000][1512.177s][debug][safepoint     ] Safepoint synchronization initiated. (199 threads)
[2023-12-02T15:57:21.110+0000][1512.178s][info ][safepoint     ] Application time: 1.0008277 seconds
[2023-12-02T15:57:21.110+0000][1512.178s][info ][safepoint     ] Entering safepoint region: Cleanup
[2023-12-02T15:57:21.111+0000][1512.180s][info ][safepoint     ] Leaving safepoint region
[2023-12-02T15:57:21.112+0000][1512.180s][info ][safepoint     ] Total time for which application threads were stopped: 0.0016676 seconds, Stopping threads took: 0.0010137 seconds
[2023-12-02T15:57:22.112+0000][1513.181s][debug][safepoint     ] Safepoint synchronization initiated. (199 threads)
[2023-12-02T15:57:22.113+0000][1513.181s][info ][safepoint     ] Application time: 1.0006827 seconds
[2023-12-02T15:57:22.113+0000][1513.181s][info ][safepoint     ] Entering safepoint region: Cleanup
[2023-12-02T15:57:22.114+0000][1513.182s][info ][safepoint     ] Leaving safepoint region
[2023-12-02T15:57:22.114+0000][1513.182s][info ][safepoint     ] Total time for which application threads were stopped: 0.0010118 seconds, Stopping threads took: 0.0004249 seconds
[2023-12-02T15:57:23.115+0000][1514.183s][debug][safepoint     ] Safepoint synchronization initiated. (199 threads)
[2023-12-02T15:57:23.115+0000][1514.183s][info ][safepoint     ] Application time: 1.0005975 seconds
[2023-12-02T15:57:23.115+0000][1514.184s][info ][safepoint     ] Entering safepoint region: Cleanup
[2023-12-02T15:57:23.116+0000][1514.184s][info ][safepoint     ] Leaving safepoint region
[2023-12-02T15:57:23.116+0000][1514.184s][info ][safepoint     ] Total time for which application threads were stopped: 0.0008761 seconds, Stopping threads took: 0.0003831 seconds
[2023-12-02T15:57:24.113+0000][1515.185s][debug][safepoint     ] Safepoint synchronization initiated. (199 threads)
[2023-12-02T15:57:24.114+0000][1515.186s][info ][safepoint     ] Application time: 1.0014139 seconds
[2023-12-02T15:57:24.115+0000][1515.187s][info ][safepoint     ] Entering safepoint region: Cleanup
[2023-12-02T15:57:24.116+0000][1515.188s][info ][safepoint     ] Leaving safepoint region
[2023-12-02T15:57:24.117+0000][1515.189s][info ][safepoint     ] Total time for which application threads were stopped: 0.0017487 seconds, Stopping threads took: 0.0006850 seconds
[2023-12-02T15:57:25.118+0000][1516.189s][debug][safepoint     ] Safepoint synchronization initiated. (199 threads)
[2023-12-02T15:57:25.118+0000][1516.190s][info ][safepoint     ] Application time: 1.0010190 seconds
[2023-12-02T15:57:25.119+0000][1516.191s][info ][safepoint     ] Entering safepoint region: Cleanup
[2023-12-02T15:57:25.120+0000][1516.192s][info ][safepoint     ] Leaving safepoint region
[2023-12-02T15:57:25.121+0000][1516.193s][info ][safepoint     ] Total time for which application threads were stopped: 0.0016906 seconds, Stopping threads took: 0.0006436 seconds
[2023-12-02T15:57:26.122+0000][1517.193s][debug][safepoint     ] Safepoint synchronization initiated. (199 threads)
[2023-12-02T15:57:26.123+0000][1517.194s][info ][safepoint     ] Application time: 1.0012945 seconds
[2023-12-02T15:57:26.123+0000][1517.195s][info ][safepoint     ] Entering safepoint region: Cleanup
[2023-12-02T15:57:26.125+0000][1517.196s][info ][safepoint     ] Leaving safepoint region
[2023-12-02T15:57:26.125+0000][1517.197s][info ][safepoint     ] Total time for which application threads were stopped: 0.0017371 seconds, Stopping threads took: 0.0008438 seconds
[2023-12-02T15:57:27.126+0000][1518.198s][debug][safepoint     ] Safepoint synchronization initiated. (199 threads)
[2023-12-02T15:57:27.127+0000][1518.199s][info ][safepoint     ] Application time: 1.0011949 seconds
[2023-12-02T15:57:27.128+0000][1518.200s][info ][safepoint     ] Entering safepoint region: Cleanup
[2023-12-02T15:57:27.129+0000][1518.201s][info ][safepoint     ] Leaving safepoint region
[2023-12-02T15:57:27.130+0000][1518.201s][info ][safepoint     ] Total time for which application threads were stopped: 0.0019039 seconds, Stopping threads took: 0.0008314 seconds
[2023-12-02T15:57:28.130+0000][1519.202s][debug][safepoint     ] Safepoint synchronization initiated. (199 threads)
[2023-12-02T15:57:28.131+0000][1519.203s][info ][safepoint     ] Application time: 1.0010634 seconds
[2023-12-02T15:57:28.132+0000][1519.204s][info ][safepoint     ] Entering safepoint region: Cleanup
[2023-12-02T15:57:28.133+0000][1519.205s][info ][safepoint     ] Leaving safepoint region
[2023-12-02T15:57:28.133+0000][1519.205s][info ][safepoint     ] Total time for which application threads were stopped: 0.0013119 seconds, Stopping threads took: 0.0005672 seconds
[2023-12-02T15:57:29.134+0000][1520.206s][debug][safepoint     ] Safepoint synchronization initiated. (199 threads)
[2023-12-02T15:57:29.134+0000][1520.206s][info ][safepoint     ] Application time: 1.0003377 seconds
[2023-12-02T15:57:29.134+0000][1520.206s][info ][safepoint     ] Entering safepoint region: Cleanup
[2023-12-02T15:57:29.135+0000][1520.207s][info ][safepoint     ] Leaving safepoint region
[2023-12-02T15:57:29.135+0000][1520.207s][info ][safepoint     ] Total time for which application threads were stopped: 0.0005932 seconds, Stopping threads took: 0.0002475 seconds
[2023-12-02T15:57:30.135+0000][1521.207s][debug][safepoint     ] Safepoint synchronization initiated. (199 threads)
[2023-12-02T15:57:30.136+0000][1521.208s][info ][safepoint     ] Application time: 1.0008898 seconds
[2023-12-02T15:57:30.137+0000][1521.208s][info ][safepoint     ] Entering safepoint region: Cleanup
[2023-12-02T15:57:30.137+0000][1521.209s][info ][safepoint     ] Leaving safepoint region
[2023-12-02T15:57:30.138+0000][1521.210s][info ][safepoint     ] Total time for which application threads were stopped: 0.0011727 seconds, Stopping threads took: 0.0005479 seconds
[2023-12-02T15:57:31.138+0000][1522.210s][debug][safepoint     ] Safepoint synchronization initiated. (199 threads)
[2023-12-02T15:57:31.139+0000][1522.211s][info ][safepoint     ] Application time: 1.0006608 seconds
[2023-12-02T15:57:31.139+0000][1522.211s][info ][safepoint     ] Entering safepoint region: Cleanup
[2023-12-02T15:57:31.139+0000][1522.211s][info ][safepoint     ] Leaving safepoint region
[2023-12-02T15:57:31.140+0000][1522.211s][info ][safepoint     ] Total time for which application threads were stopped: 0.0007199 seconds, Stopping threads took: 0.0002992 seconds
[2023-12-02T15:57:32.140+0000][1523.212s][debug][safepoint     ] Safepoint synchronization initiated. (199 threads)
[2023-12-02T15:57:32.141+0000][1523.213s][info ][safepoint     ] Application time: 1.0013125 seconds
[2023-12-02T15:57:32.142+0000][1523.214s][info ][safepoint     ] Entering safepoint region: Cleanup
[2023-12-02T15:57:32.143+0000][1523.215s][info ][safepoint     ] Leaving safepoint region
[2023-12-02T15:57:32.144+0000][1523.216s][info ][safepoint     ] Total time for which application threads were stopped: 0.0019959 seconds, Stopping threads took: 0.0010064 seconds
[2023-12-02T15:57:33.145+0000][1524.217s][debug][safepoint     ] Safepoint synchronization initiated. (199 threads)
[2023-12-02T15:57:33.145+0000][1524.217s][info ][safepoint     ] Application time: 1.0004195 seconds
[2023-12-02T15:57:33.145+0000][1524.217s][info ][safepoint     ] Entering safepoint region: Cleanup
[2023-12-02T15:57:33.146+0000][1524.217s][info ][safepoint     ] Leaving safepoint region
[2023-12-02T15:57:33.146+0000][1524.218s][info ][safepoint     ] Total time for which application threads were stopped: 0.0006672 seconds, Stopping threads took: 0.0001973 seconds
[2023-12-02T15:57:34.146+0000][1525.218s][debug][safepoint     ] Safepoint synchronization initiated. (199 threads)
[2023-12-02T15:57:34.147+0000][1525.219s][info ][safepoint     ] Application time: 1.0011430 seconds
[2023-12-02T15:57:34.148+0000][1525.220s][info ][safepoint     ] Entering safepoint region: Cleanup
[2023-12-02T15:57:34.149+0000][1525.221s][info ][safepoint     ] Leaving safepoint region
[2023-12-02T15:57:34.150+0000][1525.221s][info ][safepoint     ] Total time for which application threads were stopped: 0.0018068 seconds, Stopping threads took: 0.0005767 seconds
[2023-12-02T15:57:35.151+0000][1526.222s][debug][safepoint     ] Safepoint synchronization initiated. (199 threads)
[2023-12-02T15:57:35.151+0000][1526.223s][info ][safepoint     ] Application time: 1.0008671 seconds
[2023-12-02T15:57:35.151+0000][1526.223s][info ][safepoint     ] Entering safepoint region: Cleanup
[2023-12-02T15:57:35.152+0000][1526.224s][info ][safepoint     ] Leaving safepoint region
[2023-12-02T15:57:35.152+0000][1526.224s][info ][safepoint     ] Total time for which application threads were stopped: 0.0009976 seconds, Stopping threads took: 0.0003992 seconds
[2023-12-02T15:57:36.153+0000][1527.225s][debug][safepoint     ] Safepoint synchronization initiated. (199 threads)
[2023-12-02T15:57:36.154+0000][1527.226s][info ][safepoint     ] Application time: 1.0014120 seconds
[2023-12-02T15:57:36.155+0000][1527.227s][info ][safepoint     ] Entering safepoint region: Cleanup
[2023-12-02T15:57:36.156+0000][1527.228s][info ][safepoint     ] Leaving safepoint region
[2023-12-02T15:57:36.156+0000][1527.228s][info ][safepoint     ] Total time for which application threads were stopped: 0.0016412 seconds, Stopping threads took: 0.0008030 seconds
[2023-12-02T15:57:37.157+0000][1528.229s][debug][safepoint     ] Safepoint synchronization initiated. (199 threads)
[2023-12-02T15:57:37.158+0000][1528.230s][info ][safepoint     ] Application time: 1.0007468 seconds
[2023-12-02T15:57:37.158+0000][1528.230s][info ][safepoint     ] Entering safepoint region: Cleanup
[2023-12-02T15:57:37.159+0000][1528.231s][info ][safepoint     ] Leaving safepoint region
[2023-12-02T15:57:37.159+0000][1528.231s][info ][safepoint     ] Total time for which application threads were stopped: 0.0011875 seconds, Stopping threads took: 0.0005721 seconds
[2023-12-02T15:57:38.160+0000][1529.232s][debug][safepoint     ] Safepoint synchronization initiated. (199 threads)
[2023-12-02T15:57:38.160+0000][1529.232s][info ][safepoint     ] Application time: 1.0007574 seconds
[2023-12-02T15:57:38.161+0000][1529.233s][info ][safepoint     ] Entering safepoint region: Cleanup
[2023-12-02T15:57:38.162+0000][1529.233s][info ][safepoint     ] Leaving safepoint region
[2023-12-02T15:57:38.162+0000][1529.234s][info ][safepoint     ] Total time for which application threads were stopped: 0.0011296 seconds, Stopping threads took: 0.0004677 seconds
[2023-12-02T15:57:39.163+0000][1530.234s][debug][safepoint     ] Safepoint synchronization initiated. (199 threads)
[2023-12-02T15:57:39.163+0000][1530.235s][info ][safepoint     ] Application time: 1.0006569 seconds
[2023-12-02T15:57:39.163+0000][1530.235s][info ][safepoint     ] Entering safepoint region: Cleanup
[2023-12-02T15:57:39.164+0000][1530.236s][info ][safepoint     ] Leaving safepoint region
[2023-12-02T15:57:39.164+0000][1530.236s][info ][safepoint     ] Total time for which application threads were stopped: 0.0007978 seconds, Stopping threads took: 0.0003250 seconds
[2023-12-02T15:57:40.164+0000][1531.236s][debug][safepoint     ] Safepoint synchronization initiated. (199 threads)
[2023-12-02T15:57:40.165+0000][1531.237s][info ][safepoint     ] Application time: 1.0004505 seconds
[2023-12-02T15:57:40.165+0000][1531.237s][info ][safepoint     ] Entering safepoint region: Cleanup
[2023-12-02T15:57:40.166+0000][1531.237s][info ][safepoint     ] Leaving safepoint region
[2023-12-02T15:57:40.166+0000][1531.238s][info ][safepoint     ] Total time for which application threads were stopped: 0.0008269 seconds, Stopping threads took: 0.0003008 seconds
[2023-12-02T15:57:41.167+0000][1532.238s][debug][safepoint     ] Safepoint synchronization initiated. (199 threads)
[2023-12-02T15:57:41.167+0000][1532.239s][info ][safepoint     ] Application time: 1.0007820 seconds
[2023-12-02T15:57:41.168+0000][1532.240s][info ][safepoint     ] Entering safepoint region: Cleanup
[2023-12-02T15:57:41.168+0000][1532.240s][info ][safepoint     ] Leaving safepoint region
[2023-12-02T15:57:41.169+0000][1532.240s][info ][safepoint     ] Total time for which application threads were stopped: 0.0008793 seconds, Stopping threads took: 0.0003041 seconds
[2023-12-02T15:57:42.169+0000][1533.241s][debug][safepoint     ] Safepoint synchronization initiated. (199 threads)
[2023-12-02T15:57:42.170+0000][1533.242s][info ][safepoint     ] Application time: 1.0013636 seconds
[2023-12-02T15:57:42.171+0000][1533.243s][info ][safepoint     ] Entering safepoint region: Cleanup
[2023-12-02T15:57:42.172+0000][1533.244s][info ][safepoint     ] Leaving safepoint region
[2023-12-02T15:57:42.173+0000][1533.244s][info ][safepoint     ] Total time for which application threads were stopped: 0.0017348 seconds, Stopping threads took: 0.0008143 seconds
[2023-12-02T15:57:43.173+0000][1534.245s][debug][safepoint     ] Safepoint synchronization initiated. (199 threads)
[2023-12-02T15:57:43.174+0000][1534.246s][info ][safepoint     ] Application time: 1.0007489 seconds
[2023-12-02T15:57:43.174+0000][1534.246s][info ][safepoint     ] Entering safepoint region: Cleanup
[2023-12-02T15:57:43.175+0000][1534.247s][info ][safepoint     ] Leaving safepoint region
[2023-12-02T15:57:43.175+0000][1534.247s][info ][safepoint     ] Total time for which application threads were stopped: 0.0010342 seconds, Stopping threads took: 0.0004711 seconds
[2023-12-02T15:57:44.176+0000][1535.248s][debug][safepoint     ] Safepoint synchronization initiated. (199 threads)
[2023-12-02T15:57:44.177+0000][1535.248s][info ][safepoint     ] Application time: 1.0009324 seconds
[2023-12-02T15:57:44.178+0000][1535.250s][info ][safepoint     ] Entering safepoint region: Cleanup
[2023-12-02T15:57:44.179+0000][1535.250s][info ][safepoint     ] Leaving safepoint region
[2023-12-02T15:57:44.179+0000][1535.251s][info ][safepoint     ] Total time for which application threads were stopped: 0.0013239 seconds, Stopping threads took: 0.0004994 seconds
[2023-12-02T15:57:45.180+0000][1536.252s][debug][safepoint     ] Safepoint synchronization initiated. (199 threads)
[2023-12-02T15:57:45.180+0000][1536.252s][info ][safepoint     ] Application time: 1.0007582 seconds
[2023-12-02T15:57:45.181+0000][1536.253s][info ][safepoint     ] Entering safepoint region: Cleanup
[2023-12-02T15:57:45.181+0000][1536.253s][info ][safepoint     ] Leaving safepoint region
[2023-12-02T15:57:45.182+0000][1536.253s][info ][safepoint     ] Total time for which application threads were stopped: 0.0008933 seconds, Stopping threads took: 0.0003412 seconds
[2023-12-02T15:57:46.182+0000][1537.254s][debug][safepoint     ] Safepoint synchronization initiated. (199 threads)
[2023-12-02T15:57:46.183+0000][1537.255s][info ][safepoint     ] Application time: 1.0013566 seconds
[2023-12-02T15:57:46.184+0000][1537.256s][info ][safepoint     ] Entering safepoint region: Cleanup
[2023-12-02T15:57:46.186+0000][1537.257s][info ][safepoint     ] Leaving safepoint region
[2023-12-02T15:57:46.186+0000][1537.258s][info ][safepoint     ] Total time for which application threads were stopped: 0.0021302 seconds, Stopping threads took: 0.0008376 seconds
[2023-12-02T15:57:47.188+0000][1538.259s][debug][safepoint     ] Safepoint synchronization initiated. (199 threads)
[2023-12-02T15:57:47.189+0000][1538.260s][info ][safepoint     ] Application time: 1.0014005 seconds
[2023-12-02T15:57:47.190+0000][1538.261s][info ][safepoint     ] Entering safepoint region: Cleanup
[2023-12-02T15:57:47.191+0000][1538.262s][info ][safepoint     ] Leaving safepoint region
[2023-12-02T15:57:47.191+0000][1538.263s][info ][safepoint     ] Total time for which application threads were stopped: 0.0017810 seconds, Stopping threads took: 0.0007899 seconds
[2023-12-02T15:57:48.192+0000][1539.264s][debug][safepoint     ] Safepoint synchronization initiated. (199 threads)
[2023-12-02T15:57:48.193+0000][1539.265s][info ][safepoint     ] Application time: 1.0013319 seconds
[2023-12-02T15:57:48.194+0000][1539.266s][info ][safepoint     ] Entering safepoint region: Cleanup
[2023-12-02T15:57:48.195+0000][1539.267s][info ][safepoint     ] Leaving safepoint region
[2023-12-02T15:57:48.196+0000][1539.267s][info ][safepoint     ] Total time for which application threads were stopped: 0.0017735 seconds, Stopping threads took: 0.0006867 seconds
[2023-12-02T15:57:49.196+0000][1540.268s][debug][safepoint     ] Safepoint synchronization initiated. (199 threads)
[2023-12-02T15:57:49.197+0000][1540.269s][info ][safepoint     ] Application time: 1.0006393 seconds
[2023-12-02T15:57:49.197+0000][1540.269s][info ][safepoint     ] Entering safepoint region: Cleanup
[2023-12-02T15:57:49.198+0000][1540.269s][info ][safepoint     ] Leaving safepoint region
[2023-12-02T15:57:49.198+0000][1540.270s][info ][safepoint     ] Total time for which application threads were stopped: 0.0008082 seconds, Stopping threads took: 0.0003481 seconds
[2023-12-02T15:57:50.198+0000][1541.270s][debug][safepoint     ] Safepoint synchronization initiated. (199 threads)
[2023-12-02T15:57:50.199+0000][1541.271s][info ][safepoint     ] Application time: 1.0007031 seconds
[2023-12-02T15:57:50.199+0000][1541.271s][info ][safepoint     ] Entering safepoint region: Cleanup
[2023-12-02T15:57:50.200+0000][1541.272s][info ][safepoint     ] Leaving safepoint region
[2023-12-02T15:57:50.200+0000][1541.272s][info ][safepoint     ] Total time for which application threads were stopped: 0.0009468 seconds, Stopping threads took: 0.0003868 seconds
[2023-12-02T15:57:51.201+0000][1542.273s][debug][safepoint     ] Safepoint synchronization initiated. (199 threads)
[2023-12-02T15:57:51.202+0000][1542.274s][info ][safepoint     ] Application time: 1.0016150 seconds
[2023-12-02T15:57:51.203+0000][1542.275s][info ][safepoint     ] Entering safepoint region: Cleanup
[2023-12-02T15:57:51.204+0000][1542.276s][info ][safepoint     ] Leaving safepoint region
[2023-12-02T15:57:51.205+0000][1542.277s][info ][safepoint     ] Total time for which application threads were stopped: 0.0020050 seconds, Stopping threads took: 0.0008736 seconds
[2023-12-02T15:57:52.206+0000][1543.278s][debug][safepoint     ] Safepoint synchronization initiated. (199 threads)
[2023-12-02T15:57:52.207+0000][1543.278s][info ][safepoint     ] Application time: 1.0008938 seconds
[2023-12-02T15:57:52.207+0000][1543.279s][info ][safepoint     ] Entering safepoint region: Cleanup
[2023-12-02T15:57:52.208+0000][1543.280s][info ][safepoint     ] Leaving safepoint region
[2023-12-02T15:57:52.209+0000][1543.281s][info ][safepoint     ] Total time for which application threads were stopped: 0.0017562 seconds, Stopping threads took: 0.0007020 seconds
[2023-12-02T15:57:53.210+0000][1544.282s][debug][safepoint     ] Safepoint synchronization initiated. (199 threads)
[2023-12-02T15:57:53.211+0000][1544.283s][info ][safepoint     ] Application time: 1.0013706 seconds
[2023-12-02T15:57:53.212+0000][1544.284s][info ][safepoint     ] Entering safepoint region: Cleanup
[2023-12-02T15:57:53.213+0000][1544.285s][info ][safepoint     ] Leaving safepoint region
[2023-12-02T15:57:53.214+0000][1544.286s][info ][safepoint     ] Total time for which application threads were stopped: 0.0023122 seconds, Stopping threads took: 0.0009500 seconds
[2023-12-02T15:57:54.218+0000][1545.287s][debug][safepoint     ] Safepoint synchronization initiated. (199 threads)
[2023-12-02T15:57:54.219+0000][1545.288s][info ][safepoint     ] Application time: 1.0011952 seconds
[2023-12-02T15:57:54.220+0000][1545.289s][info ][safepoint     ] Entering safepoint region: Cleanup
[2023-12-02T15:57:54.221+0000][1545.290s][info ][safepoint     ] Leaving safepoint region
[2023-12-02T15:57:54.222+0000][1545.291s][info ][safepoint     ] Total time for which application threads were stopped: 0.0021361 seconds, Stopping threads took: 0.0009191 seconds
[2023-12-02T15:57:55.223+0000][1546.292s][debug][safepoint     ] Safepoint synchronization initiated. (199 threads)
[2023-12-02T15:57:55.224+0000][1546.293s][info ][safepoint     ] Application time: 1.0008906 seconds
[2023-12-02T15:57:55.224+0000][1546.293s][info ][safepoint     ] Entering safepoint region: Cleanup
[2023-12-02T15:57:55.225+0000][1546.294s][info ][safepoint     ] Leaving safepoint region
[2023-12-02T15:57:55.225+0000][1546.294s][info ][safepoint     ] Total time for which application threads were stopped: 0.0010109 seconds, Stopping threads took: 0.0004298 seconds
[2023-12-02T15:57:56.226+0000][1547.295s][debug][safepoint     ] Safepoint synchronization initiated. (199 threads)
[2023-12-02T15:57:56.226+0000][1547.295s][info ][safepoint     ] Application time: 1.0007443 seconds
[2023-12-02T15:57:56.227+0000][1547.296s][info ][safepoint     ] Entering safepoint region: Cleanup
[2023-12-02T15:57:56.227+0000][1547.296s][info ][safepoint     ] Leaving safepoint region
[2023-12-02T15:57:56.228+0000][1547.297s][info ][safepoint     ] Total time for which application threads were stopped: 0.0013669 seconds, Stopping threads took: 0.0005404 seconds
[2023-12-02T15:57:57.229+0000][1548.298s][debug][safepoint     ] Safepoint synchronization initiated. (199 threads)
[2023-12-02T15:57:57.229+0000][1548.298s][info ][safepoint     ] Application time: 1.0007036 seconds
[2023-12-02T15:57:57.230+0000][1548.298s][info ][safepoint     ] Entering safepoint region: Cleanup
[2023-12-02T15:57:57.230+0000][1548.299s][info ][safepoint     ] Leaving safepoint region
[2023-12-02T15:57:57.231+0000][1548.299s][info ][safepoint     ] Total time for which application threads were stopped: 0.0010099 seconds, Stopping threads took: 0.0004167 seconds
[2023-12-02T15:57:58.231+0000][1549.300s][debug][safepoint     ] Safepoint synchronization initiated. (199 threads)
[2023-12-02T15:57:58.232+0000][1549.300s][info ][safepoint     ] Application time: 1.0006477 seconds
[2023-12-02T15:57:58.232+0000][1549.301s][info ][safepoint     ] Entering safepoint region: Cleanup
[2023-12-02T15:57:58.233+0000][1549.302s][info ][safepoint     ] Leaving safepoint region
[2023-12-02T15:57:58.233+0000][1549.302s][info ][safepoint     ] Total time for which application threads were stopped: 0.0012335 seconds, Stopping threads took: 0.0006664 seconds
[2023-12-02T15:57:59.234+0000][1550.303s][debug][safepoint     ] Safepoint synchronization initiated. (198 threads)
[2023-12-02T15:57:59.234+0000][1550.303s][info ][safepoint     ] Application time: 1.0005002 seconds
[2023-12-02T15:57:59.235+0000][1550.303s][info ][safepoint     ] Entering safepoint region: Cleanup
[2023-12-02T15:57:59.235+0000][1550.304s][info ][safepoint     ] Leaving safepoint region
[2023-12-02T15:57:59.235+0000][1550.304s][info ][safepoint     ] Total time for which application threads were stopped: 0.0006874 seconds, Stopping threads took: 0.0002179 seconds
[2023-12-02T15:58:00.235+0000][1551.304s][debug][safepoint     ] Safepoint synchronization initiated. (198 threads)
[2023-12-02T15:58:00.236+0000][1551.305s][info ][safepoint     ] Application time: 1.0004893 seconds
[2023-12-02T15:58:00.236+0000][1551.305s][info ][safepoint     ] Entering safepoint region: Cleanup
[2023-12-02T15:58:00.237+0000][1551.305s][info ][safepoint     ] Leaving safepoint region
[2023-12-02T15:58:00.237+0000][1551.306s][info ][safepoint     ] Total time for which application threads were stopped: 0.0006648 seconds, Stopping threads took: 0.0002672 seconds
[2023-12-02T15:58:01.237+0000][1552.306s][debug][safepoint     ] Safepoint synchronization initiated. (198 threads)
[2023-12-02T15:58:01.238+0000][1552.306s][info ][safepoint     ] Application time: 1.0005287 seconds
[2023-12-02T15:58:01.238+0000][1552.307s][info ][safepoint     ] Entering safepoint region: Cleanup
[2023-12-02T15:58:01.238+0000][1552.307s][info ][safepoint     ] Leaving safepoint region
[2023-12-02T15:58:01.239+0000][1552.308s][info ][safepoint     ] Total time for which application threads were stopped: 0.0009444 seconds, Stopping threads took: 0.0004273 seconds
[2023-12-02T15:58:02.240+0000][1553.308s][debug][safepoint     ] Safepoint synchronization initiated. (198 threads)
[2023-12-02T15:58:02.240+0000][1553.309s][info ][safepoint     ] Application time: 1.0011596 seconds
[2023-12-02T15:58:02.241+0000][1553.310s][info ][safepoint     ] Entering safepoint region: Cleanup
[2023-12-02T15:58:02.243+0000][1553.312s][info ][safepoint     ] Leaving safepoint region
[2023-12-02T15:58:02.243+0000][1553.312s][info ][safepoint     ] Total time for which application threads were stopped: 0.0021229 seconds, Stopping threads took: 0.0008383 seconds
[2023-12-02T15:58:03.245+0000][1554.313s][debug][safepoint     ] Safepoint synchronization initiated. (198 threads)
[2023-12-02T15:58:03.245+0000][1554.314s][info ][safepoint     ] Application time: 1.0009764 seconds
[2023-12-02T15:58:03.246+0000][1554.315s][info ][safepoint     ] Entering safepoint region: Cleanup
[2023-12-02T15:58:03.246+0000][1554.315s][info ][safepoint     ] Leaving safepoint region
[2023-12-02T15:58:03.247+0000][1554.316s][info ][safepoint     ] Total time for which application threads were stopped: 0.0010806 seconds, Stopping threads took: 0.0004863 seconds
[2023-12-02T15:58:04.247+0000][1555.316s][debug][safepoint     ] Safepoint synchronization initiated. (198 threads)
[2023-12-02T15:58:04.248+0000][1555.317s][info ][safepoint     ] Application time: 1.0010258 seconds
[2023-12-02T15:58:04.249+0000][1555.318s][info ][safepoint     ] Entering safepoint region: Cleanup
[2023-12-02T15:58:04.250+0000][1555.319s][info ][safepoint     ] Leaving safepoint region
[2023-12-02T15:58:04.250+0000][1555.319s][info ][safepoint     ] Total time for which application threads were stopped: 0.0013867 seconds, Stopping threads took: 0.0006409 seconds
[2023-12-02T15:58:05.251+0000][1556.320s][debug][safepoint     ] Safepoint synchronization initiated. (198 threads)
[2023-12-02T15:58:05.252+0000][1556.321s][info ][safepoint     ] Application time: 1.0013519 seconds
[2023-12-02T15:58:05.253+0000][1556.322s][info ][safepoint     ] Entering safepoint region: Cleanup
[2023-12-02T15:58:05.254+0000][1556.323s][info ][safepoint     ] Leaving safepoint region
[2023-12-02T15:58:05.255+0000][1556.323s][info ][safepoint     ] Total time for which application threads were stopped: 0.0019028 seconds, Stopping threads took: 0.0008518 seconds
[2023-12-02T15:58:06.256+0000][1557.324s][debug][safepoint     ] Safepoint synchronization initiated. (198 threads)
[2023-12-02T15:58:06.256+0000][1557.325s][info ][safepoint     ] Application time: 1.0007134 seconds
[2023-12-02T15:58:06.257+0000][1557.325s][info ][safepoint     ] Entering safepoint region: Cleanup
[2023-12-02T15:58:06.257+0000][1557.326s][info ][safepoint     ] Leaving safepoint region
[2023-12-02T15:58:06.258+0000][1557.326s][info ][safepoint     ] Total time for which application threads were stopped: 0.0010653 seconds, Stopping threads took: 0.0004697 seconds
[2023-12-02T15:58:07.258+0000][1558.327s][debug][safepoint     ] Safepoint synchronization initiated. (198 threads)
[2023-12-02T15:58:07.259+0000][1558.328s][info ][safepoint     ] Application time: 1.0007151 seconds
[2023-12-02T15:58:07.259+0000][1558.328s][info ][safepoint     ] Entering safepoint region: Cleanup
[2023-12-02T15:58:07.260+0000][1558.329s][info ][safepoint     ] Leaving safepoint region
[2023-12-02T15:58:07.260+0000][1558.329s][info ][safepoint     ] Total time for which application threads were stopped: 0.0010787 seconds, Stopping threads took: 0.0004633 seconds
[2023-12-02T15:58:08.261+0000][1559.330s][debug][safepoint     ] Safepoint synchronization initiated. (198 threads)
[2023-12-02T15:58:08.262+0000][1559.331s][info ][safepoint     ] Application time: 1.0010970 seconds
[2023-12-02T15:58:08.262+0000][1559.331s][info ][safepoint     ] Entering safepoint region: Cleanup
[2023-12-02T15:58:08.264+0000][1559.332s][info ][safepoint     ] Leaving safepoint region
[2023-12-02T15:58:08.264+0000][1559.333s][info ][safepoint     ] Total time for which application threads were stopped: 0.0018574 seconds, Stopping threads took: 0.0007702 seconds
[2023-12-02T15:58:09.265+0000][1560.334s][debug][safepoint     ] Safepoint synchronization initiated. (198 threads)
[2023-12-02T15:58:09.265+0000][1560.334s][info ][safepoint     ] Application time: 1.0004875 seconds
[2023-12-02T15:58:09.266+0000][1560.335s][info ][safepoint     ] Entering safepoint region: Cleanup
[2023-12-02T15:58:09.266+0000][1560.335s][info ][safepoint     ] Leaving safepoint region
[2023-12-02T15:58:09.266+0000][1560.335s][info ][safepoint     ] Total time for which application threads were stopped: 0.0006697 seconds, Stopping threads took: 0.0002654 seconds
[2023-12-02T15:58:10.267+0000][1561.336s][debug][safepoint     ] Safepoint synchronization initiated. (198 threads)
[2023-12-02T15:58:10.267+0000][1561.336s][info ][safepoint     ] Application time: 1.0006540 seconds
[2023-12-02T15:58:10.268+0000][1561.337s][info ][safepoint     ] Entering safepoint region: Cleanup
[2023-12-02T15:58:10.268+0000][1561.337s][info ][safepoint     ] Leaving safepoint region
[2023-12-02T15:58:10.269+0000][1561.338s][info ][safepoint     ] Total time for which application threads were stopped: 0.0009652 seconds, Stopping threads took: 0.0004062 seconds
[2023-12-02T15:58:11.269+0000][1562.338s][debug][safepoint     ] Safepoint synchronization initiated. (198 threads)
[2023-12-02T15:58:11.270+0000][1562.339s][info ][safepoint     ] Application time: 1.0009798 seconds
[2023-12-02T15:58:11.270+0000][1562.339s][info ][safepoint     ] Entering safepoint region: Cleanup
[2023-12-02T15:58:11.271+0000][1562.340s][info ][safepoint     ] Leaving safepoint region
[2023-12-02T15:58:11.272+0000][1562.341s][info ][safepoint     ] Total time for which application threads were stopped: 0.0015543 seconds, Stopping threads took: 0.0005839 seconds
[2023-12-02T15:58:12.273+0000][1563.342s][debug][safepoint     ] Safepoint synchronization initiated. (197 threads)
[2023-12-02T15:58:12.273+0000][1563.342s][info ][safepoint     ] Application time: 1.0007402 seconds
[2023-12-02T15:58:12.274+0000][1563.343s][info ][safepoint     ] Entering safepoint region: Cleanup
[2023-12-02T15:58:12.274+0000][1563.343s][info ][safepoint     ] Leaving safepoint region
[2023-12-02T15:58:12.275+0000][1563.344s][info ][safepoint     ] Total time for which application threads were stopped: 0.0010552 seconds, Stopping threads took: 0.0004905 seconds
[2023-12-02T15:58:13.275+0000][1564.344s][debug][safepoint     ] Safepoint synchronization initiated. (197 threads)
[2023-12-02T15:58:13.276+0000][1564.345s][info ][safepoint     ] Application time: 1.0006085 seconds
[2023-12-02T15:58:13.276+0000][1564.345s][info ][safepoint     ] Entering safepoint region: Cleanup
[2023-12-02T15:58:13.277+0000][1564.345s][info ][safepoint     ] Leaving safepoint region
[2023-12-02T15:58:13.277+0000][1564.346s][info ][safepoint     ] Total time for which application threads were stopped: 0.0009067 seconds, Stopping threads took: 0.0003929 seconds
[2023-12-02T15:58:14.277+0000][1565.346s][debug][safepoint     ] Safepoint synchronization initiated. (197 threads)
[2023-12-02T15:58:14.278+0000][1565.347s][info ][safepoint     ] Application time: 1.0005062 seconds
[2023-12-02T15:58:14.278+0000][1565.347s][info ][safepoint     ] Entering safepoint region: Cleanup
[2023-12-02T15:58:14.279+0000][1565.348s][info ][safepoint     ] Leaving safepoint region
[2023-12-02T15:58:14.279+0000][1565.348s][info ][safepoint     ] Total time for which application threads were stopped: 0.0009330 seconds, Stopping threads took: 0.0004466 seconds
[2023-12-02T15:58:15.280+0000][1566.349s][debug][safepoint     ] Safepoint synchronization initiated. (196 threads)
[2023-12-02T15:58:15.280+0000][1566.349s][info ][safepoint     ] Application time: 1.0007685 seconds
[2023-12-02T15:58:15.281+0000][1566.350s][info ][safepoint     ] Entering safepoint region: Cleanup
[2023-12-02T15:58:15.281+0000][1566.350s][info ][safepoint     ] Leaving safepoint region
[2023-12-02T15:58:15.282+0000][1566.351s][info ][safepoint     ] Total time for which application threads were stopped: 0.0011035 seconds, Stopping threads took: 0.0005096 seconds
[2023-12-02T15:58:16.282+0000][1567.351s][debug][safepoint     ] Safepoint synchronization initiated. (196 threads)
[2023-12-02T15:58:16.283+0000][1567.352s][info ][safepoint     ] Application time: 1.0009044 seconds
[2023-12-02T15:58:16.284+0000][1567.353s][info ][safepoint     ] Entering safepoint region: Cleanup
[2023-12-02T15:58:16.284+0000][1567.353s][info ][safepoint     ] Leaving safepoint region
[2023-12-02T15:58:16.285+0000][1567.354s][info ][safepoint     ] Total time for which application threads were stopped: 0.0014037 seconds, Stopping threads took: 0.0005758 seconds
[2023-12-02T15:58:17.286+0000][1568.355s][debug][safepoint     ] Safepoint synchronization initiated. (196 threads)
[2023-12-02T15:58:17.286+0000][1568.355s][info ][safepoint     ] Application time: 1.0007165 seconds
[2023-12-02T15:58:17.287+0000][1568.356s][info ][safepoint     ] Entering safepoint region: Cleanup
[2023-12-02T15:58:17.287+0000][1568.356s][info ][safepoint     ] Leaving safepoint region
[2023-12-02T15:58:17.288+0000][1568.357s][info ][safepoint     ] Total time for which application threads were stopped: 0.0010683 seconds, Stopping threads took: 0.0005261 seconds
[2023-12-02T15:58:18.288+0000][1569.357s][debug][safepoint     ] Safepoint synchronization initiated. (196 threads)
[2023-12-02T15:58:18.289+0000][1569.358s][info ][safepoint     ] Application time: 1.0006961 seconds
[2023-12-02T15:58:18.289+0000][1569.358s][info ][safepoint     ] Entering safepoint region: Cleanup
[2023-12-02T15:58:18.290+0000][1569.359s][info ][safepoint     ] Leaving safepoint region
[2023-12-02T15:58:18.291+0000][1569.360s][info ][safepoint     ] Total time for which application threads were stopped: 0.0013918 seconds, Stopping threads took: 0.0005962 seconds
[2023-12-02T15:58:19.291+0000][1570.360s][debug][safepoint     ] Safepoint synchronization initiated. (196 threads)
[2023-12-02T15:58:19.292+0000][1570.361s][info ][safepoint     ] Application time: 1.0005989 seconds
[2023-12-02T15:58:19.292+0000][1570.361s][info ][safepoint     ] Entering safepoint region: Cleanup
[2023-12-02T15:58:19.293+0000][1570.362s][info ][safepoint     ] Leaving safepoint region
[2023-12-02T15:58:19.293+0000][1570.362s][info ][safepoint     ] Total time for which application threads were stopped: 0.0010260 seconds, Stopping threads took: 0.0004409 seconds
[2023-12-02T15:58:20.294+0000][1571.363s][debug][safepoint     ] Safepoint synchronization initiated. (196 threads)
[2023-12-02T15:58:20.294+0000][1571.363s][info ][safepoint     ] Application time: 1.0005527 seconds
[2023-12-02T15:58:20.294+0000][1571.363s][info ][safepoint     ] Entering safepoint region: Cleanup
[2023-12-02T15:58:20.295+0000][1571.364s][info ][safepoint     ] Leaving safepoint region
[2023-12-02T15:58:20.295+0000][1571.364s][info ][safepoint     ] Total time for which application threads were stopped: 0.0008940 seconds, Stopping threads took: 0.0004047 seconds
[2023-12-02T15:58:21.296+0000][1572.365s][debug][safepoint     ] Safepoint synchronization initiated. (196 threads)
[2023-12-02T15:58:21.296+0000][1572.365s][info ][safepoint     ] Application time: 1.0007745 seconds
[2023-12-02T15:58:21.297+0000][1572.366s][info ][safepoint     ] Entering safepoint region: Cleanup
[2023-12-02T15:58:21.297+0000][1572.366s][info ][safepoint     ] Leaving safepoint region
[2023-12-02T15:58:21.297+0000][1572.366s][debug][safepoint     ] ... found polling page return exception at pc = 0x00007f43fc9de0c4, stub =0x00007f43f4840600
[2023-12-02T15:58:21.297+0000][1572.366s][debug][safepoint     ] ... found polling page return exception at pc = 0x00007f43fc9de0c4, stub =0x00007f43f4840600
[2023-12-02T15:58:21.297+0000][1572.366s][debug][safepoint     ] ... found polling page return exception at pc = 0x00007f43fc9de0c4, stub =0x00007f43f4840600
[2023-12-02T15:58:21.297+0000][1572.366s][debug][safepoint     ] ... found polling page return exception at pc = 0x00007f43fc9de0c4, stub =0x00007f43f4840600
[2023-12-02T15:58:21.298+0000][1572.366s][info ][safepoint     ] Total time for which application threads were stopped: 0.0009017 seconds, Stopping threads took: 0.0003308 seconds
[2023-12-02T15:58:22.300+0000][1573.369s][debug][safepoint     ] Safepoint synchronization initiated. (196 threads)
[2023-12-02T15:58:22.301+0000][1573.369s][info ][safepoint     ] Application time: 1.0016041 seconds
[2023-12-02T15:58:22.301+0000][1573.370s][info ][safepoint     ] Entering safepoint region: Cleanup
[2023-12-02T15:58:22.301+0000][1573.370s][info ][safepoint     ] Leaving safepoint region
[2023-12-02T15:58:22.302+0000][1573.371s][info ][safepoint     ] Total time for which application threads were stopped: 0.0009468 seconds, Stopping threads took: 0.0003983 seconds
[2023-12-02T15:58:23.302+0000][1574.371s][debug][safepoint     ] Safepoint synchronization initiated. (196 threads)
[2023-12-02T15:58:23.303+0000][1574.372s][info ][safepoint     ] Application time: 1.0007888 seconds
[2023-12-02T15:58:23.303+0000][1574.372s][info ][safepoint     ] Entering safepoint region: Cleanup
[2023-12-02T15:58:23.304+0000][1574.373s][info ][safepoint     ] Leaving safepoint region
[2023-12-02T15:58:23.305+0000][1574.374s][info ][safepoint     ] Total time for which application threads were stopped: 0.0015966 seconds, Stopping threads took: 0.0004149 seconds
[2023-12-02T15:58:24.306+0000][1575.374s][debug][safepoint     ] Safepoint synchronization initiated. (196 threads)
[2023-12-02T15:58:24.307+0000][1575.375s][info ][safepoint     ] Application time: 1.0011349 seconds
[2023-12-02T15:58:24.308+0000][1575.376s][info ][safepoint     ] Entering safepoint region: Cleanup
[2023-12-02T15:58:24.309+0000][1575.377s][info ][safepoint     ] Leaving safepoint region
[2023-12-02T15:58:24.310+0000][1575.378s][info ][safepoint     ] Total time for which application threads were stopped: 0.0016550 seconds, Stopping threads took: 0.0006733 seconds
[2023-12-02T15:58:25.310+0000][1576.378s][debug][safepoint     ] Safepoint synchronization initiated. (196 threads)
[2023-12-02T15:58:25.311+0000][1576.379s][info ][safepoint     ] Application time: 1.0004736 seconds
[2023-12-02T15:58:25.311+0000][1576.379s][info ][safepoint     ] Entering safepoint region: Cleanup
[2023-12-02T15:58:25.311+0000][1576.379s][info ][safepoint     ] Leaving safepoint region
[2023-12-02T15:58:25.312+0000][1576.380s][info ][safepoint     ] Total time for which application threads were stopped: 0.0007133 seconds, Stopping threads took: 0.0002754 seconds
[2023-12-02T15:58:26.312+0000][1577.380s][debug][safepoint     ] Safepoint synchronization initiated. (195 threads)
[2023-12-02T15:58:26.313+0000][1577.381s][info ][safepoint     ] Application time: 1.0007422 seconds
[2023-12-02T15:58:26.313+0000][1577.381s][info ][safepoint     ] Entering safepoint region: Cleanup
[2023-12-02T15:58:26.313+0000][1577.381s][info ][safepoint     ] Leaving safepoint region
[2023-12-02T15:58:26.313+0000][1577.382s][info ][safepoint     ] Total time for which application threads were stopped: 0.0006610 seconds, Stopping threads took: 0.0002778 seconds
[2023-12-02T15:58:27.314+0000][1578.382s][debug][safepoint     ] Safepoint synchronization initiated. (195 threads)
[2023-12-02T15:58:27.314+0000][1578.382s][info ][safepoint     ] Application time: 1.0005824 seconds
[2023-12-02T15:58:27.315+0000][1578.383s][info ][safepoint     ] Entering safepoint region: Cleanup
[2023-12-02T15:58:27.315+0000][1578.383s][info ][safepoint     ] Leaving safepoint region
[2023-12-02T15:58:27.316+0000][1578.384s][info ][safepoint     ] Total time for which application threads were stopped: 0.0009361 seconds, Stopping threads took: 0.0003967 seconds
[2023-12-02T15:58:28.316+0000][1579.384s][debug][safepoint     ] Safepoint synchronization initiated. (195 threads)
[2023-12-02T15:58:28.317+0000][1579.385s][info ][safepoint     ] Application time: 1.0013199 seconds
[2023-12-02T15:58:28.318+0000][1579.386s][info ][safepoint     ] Entering safepoint region: Cleanup
[2023-12-02T15:58:28.319+0000][1579.387s][info ][safepoint     ] Leaving safepoint region
[2023-12-02T15:58:28.320+0000][1579.388s][info ][safepoint     ] Total time for which application threads were stopped: 0.0019127 seconds, Stopping threads took: 0.0007653 seconds
[2023-12-02T15:58:29.321+0000][1580.389s][debug][safepoint     ] Safepoint synchronization initiated. (195 threads)
[2023-12-02T15:58:29.321+0000][1580.389s][info ][safepoint     ] Application time: 1.0007269 seconds
[2023-12-02T15:58:29.322+0000][1580.390s][info ][safepoint     ] Entering safepoint region: Cleanup
[2023-12-02T15:58:29.322+0000][1580.391s][info ][safepoint     ] Leaving safepoint region
[2023-12-02T15:58:29.323+0000][1580.391s][info ][safepoint     ] Total time for which application threads were stopped: 0.0008735 seconds, Stopping threads took: 0.0003239 seconds
[2023-12-02T15:58:30.323+0000][1581.391s][debug][safepoint     ] Safepoint synchronization initiated. (195 threads)
[2023-12-02T15:58:30.324+0000][1581.392s][info ][safepoint     ] Application time: 1.0007156 seconds
[2023-12-02T15:58:30.324+0000][1581.392s][info ][safepoint     ] Entering safepoint region: Cleanup
[2023-12-02T15:58:30.325+0000][1581.393s][info ][safepoint     ] Leaving safepoint region
[2023-12-02T15:58:30.325+0000][1581.393s][info ][safepoint     ] Total time for which application threads were stopped: 0.0011168 seconds, Stopping threads took: 0.0004607 seconds
[2023-12-02T15:58:31.326+0000][1582.394s][debug][safepoint     ] Safepoint synchronization initiated. (195 threads)
[2023-12-02T15:58:31.327+0000][1582.395s][info ][safepoint     ] Application time: 1.0010782 seconds
[2023-12-02T15:58:31.328+0000][1582.396s][info ][safepoint     ] Entering safepoint region: Cleanup
[2023-12-02T15:58:31.329+0000][1582.397s][info ][safepoint     ] Leaving safepoint region
[2023-12-02T15:58:31.329+0000][1582.397s][info ][safepoint     ] Total time for which application threads were stopped: 0.0017547 seconds, Stopping threads took: 0.0006608 seconds
[2023-12-02T15:58:32.330+0000][1583.398s][debug][safepoint     ] Safepoint synchronization initiated. (195 threads)
[2023-12-02T15:58:32.331+0000][1583.399s][info ][safepoint     ] Application time: 1.0006843 seconds
[2023-12-02T15:58:32.331+0000][1583.399s][info ][safepoint     ] Entering safepoint region: Cleanup
[2023-12-02T15:58:32.332+0000][1583.400s][info ][safepoint     ] Leaving safepoint region
[2023-12-02T15:58:32.332+0000][1583.400s][info ][safepoint     ] Total time for which application threads were stopped: 0.0009832 seconds, Stopping threads took: 0.0004492 seconds
[2023-12-02T15:58:33.333+0000][1584.401s][debug][safepoint     ] Safepoint synchronization initiated. (195 threads)
[2023-12-02T15:58:33.333+0000][1584.401s][info ][safepoint     ] Application time: 1.0007985 seconds
[2023-12-02T15:58:33.334+0000][1584.402s][info ][safepoint     ] Entering safepoint region: Cleanup
[2023-12-02T15:58:33.334+0000][1584.402s][info ][safepoint     ] Leaving safepoint region
[2023-12-02T15:58:33.335+0000][1584.403s][info ][safepoint     ] Total time for which application threads were stopped: 0.0009463 seconds, Stopping threads took: 0.0004729 seconds
[2023-12-02T15:58:34.335+0000][1585.403s][debug][safepoint     ] Safepoint synchronization initiated. (195 threads)
[2023-12-02T15:58:34.336+0000][1585.404s][info ][safepoint     ] Application time: 1.0010782 seconds
[2023-12-02T15:58:34.337+0000][1585.405s][info ][safepoint     ] Entering safepoint region: Cleanup
[2023-12-02T15:58:34.338+0000][1585.406s][info ][safepoint     ] Leaving safepoint region
[2023-12-02T15:58:34.339+0000][1585.407s][info ][safepoint     ] Total time for which application threads were stopped: 0.0023469 seconds, Stopping threads took: 0.0010838 seconds
[2023-12-02T15:58:35.340+0000][1586.408s][debug][safepoint     ] Safepoint synchronization initiated. (195 threads)
[2023-12-02T15:58:35.341+0000][1586.409s][info ][safepoint     ] Application time: 1.0013708 seconds
[2023-12-02T15:58:35.342+0000][1586.410s][info ][safepoint     ] Entering safepoint region: Cleanup
[2023-12-02T15:58:35.342+0000][1586.410s][info ][safepoint     ] Leaving safepoint region
[2023-12-02T15:58:35.342+0000][1586.410s][info ][safepoint     ] Total time for which application threads were stopped: 0.0008904 seconds, Stopping threads took: 0.0003481 seconds
[2023-12-02T15:58:36.343+0000][1587.411s][debug][safepoint     ] Safepoint synchronization initiated. (195 threads)
[2023-12-02T15:58:36.343+0000][1587.412s][info ][safepoint     ] Application time: 1.0007153 seconds
[2023-12-02T15:58:36.344+0000][1587.412s][info ][safepoint     ] Entering safepoint region: Cleanup
[2023-12-02T15:58:36.345+0000][1587.413s][info ][safepoint     ] Leaving safepoint region
[2023-12-02T15:58:36.345+0000][1587.413s][info ][safepoint     ] Total time for which application threads were stopped: 0.0009745 seconds, Stopping threads took: 0.0004011 seconds
[2023-12-02T15:58:37.345+0000][1588.414s][debug][safepoint     ] Safepoint synchronization initiated. (195 threads)
[2023-12-02T15:58:37.346+0000][1588.414s][info ][safepoint     ] Application time: 1.0007492 seconds
[2023-12-02T15:58:37.346+0000][1588.415s][info ][safepoint     ] Entering safepoint region: Cleanup
[2023-12-02T15:58:37.347+0000][1588.415s][info ][safepoint     ] Leaving safepoint region
[2023-12-02T15:58:37.347+0000][1588.415s][info ][safepoint     ] Total time for which application threads were stopped: 0.0009469 seconds, Stopping threads took: 0.0004459 seconds
[2023-12-02T15:58:38.348+0000][1589.416s][debug][safepoint     ] Safepoint synchronization initiated. (195 threads)
[2023-12-02T15:58:38.350+0000][1589.418s][info ][safepoint     ] Application time: 1.0027812 seconds
[2023-12-02T15:58:38.353+0000][1589.421s][info ][safepoint     ] Entering safepoint region: Cleanup
[2023-12-02T15:58:38.357+0000][1589.425s][info ][safepoint     ] Leaving safepoint region
[2023-12-02T15:58:38.358+0000][1589.426s][info ][safepoint     ] Total time for which application threads were stopped: 0.0059047 seconds, Stopping threads took: 0.0038591 seconds
[2023-12-02T15:58:39.360+0000][1590.428s][debug][safepoint     ] Safepoint synchronization initiated. (195 threads)
[2023-12-02T15:58:39.376+0000][1590.444s][info ][safepoint     ] Application time: 1.0161187 seconds
[2023-12-02T15:58:39.385+0000][1590.453s][info ][safepoint     ] Entering safepoint region: Cleanup
[2023-12-02T15:58:39.389+0000][1590.457s][info ][safepoint     ] Leaving safepoint region
[2023-12-02T15:58:39.389+0000][1590.457s][debug][safepoint     ] ... found polling page return exception at pc = 0x00007f43fc9de0c4, stub =0x00007f43f4840600
[2023-12-02T15:58:39.389+0000][1590.457s][debug][safepoint     ] ... found polling page return exception at pc = 0x00007f43fc9de0c4, stub =0x00007f43f4840600
[2023-12-02T15:58:39.389+0000][1590.457s][debug][safepoint     ] ... found polling page return exception at pc = 0x00007f43fc9de0c4, stub =0x00007f43f4840600
[2023-12-02T15:58:39.389+0000][1590.457s][debug][safepoint     ] ... found polling page return exception at pc = 0x00007f43fc9de0c4, stub =0x00007f43f4840600
[2023-12-02T15:58:39.393+0000][1590.461s][info ][safepoint     ] Total time for which application threads were stopped: 0.0074488 seconds, Stopping threads took: 0.0033058 seconds
[2023-12-02T15:58:39.942+0000][1591.010s][debug][safepoint     ] Safepoint synchronization initiated. (195 threads)
[2023-12-02T15:58:39.958+0000][1591.026s][info ][safepoint     ] Application time: 0.5530216 seconds
[2023-12-02T15:58:39.964+0000][1591.032s][info ][safepoint     ] Entering safepoint region: G1CollectForAllocation
[2023-12-02T15:58:39.973+0000][1591.042s][info ][gc,start      ] GC(71) Pause Young (Normal) (G1 Evacuation Pause)
[2023-12-02T15:58:39.982+0000][1591.050s][info ][gc,task       ] GC(71) Using 8 workers of 8 for evacuation
[2023-12-02T15:58:40.102+0000][1591.170s][info ][gc,phases     ] GC(71)   Pre Evacuate Collection Set: 0.1ms
[2023-12-02T15:58:40.103+0000][1591.171s][info ][gc,phases     ] GC(71)   Evacuate Collection Set: 87.2ms
[2023-12-02T15:58:40.103+0000][1591.171s][info ][gc,phases     ] GC(71)   Post Evacuate Collection Set: 31.9ms
[2023-12-02T15:58:40.103+0000][1591.171s][info ][gc,phases     ] GC(71)   Other: 15.4ms
[2023-12-02T15:58:40.104+0000][1591.172s][info ][gc,heap       ] GC(71) Eden regions: 184->0(187)
[2023-12-02T15:58:40.104+0000][1591.172s][info ][gc,heap       ] GC(71) Survivor regions: 15->9(25)
[2023-12-02T15:58:40.104+0000][1591.172s][info ][gc,heap       ] GC(71) Old regions: 155->162
[2023-12-02T15:58:40.105+0000][1591.173s][info ][gc,heap       ] GC(71) Humongous regions: 15->15
[2023-12-02T15:58:40.105+0000][1591.173s][info ][gc,metaspace  ] GC(71) Metaspace: 178975K(193052K)->178975K(193052K) NonClass: 158247K(169504K)->158247K(169504K) Class: 20728K(23548K)->20728K(23548K)
[2023-12-02T15:58:40.105+0000][1591.173s][info ][gc            ] GC(71) Pause Young (Normal) (G1 Evacuation Pause) 367M->183M(427M) 131.789ms
[2023-12-02T15:58:40.113+0000][1591.181s][info ][gc,cpu        ] GC(71) User=0.74s Sys=0.04s Real=0.14s
[2023-12-02T15:58:40.114+0000][1591.182s][info ][safepoint     ] Leaving safepoint region
[2023-12-02T15:58:40.117+0000][1591.185s][info ][safepoint     ] Total time for which application threads were stopped: 0.1526465 seconds, Stopping threads took: 0.0036377 seconds
[2023-12-02T15:58:40.122+0000][1591.190s][info ][gc,stringdedup] Concurrent String Deduplication (1591.190s)
[2023-12-02T15:58:40.127+0000][1591.195s][info ][gc,stringdedup] Concurrent String Deduplication 101872.0B->44888.0B(56984.0B) avg 52.7% (1591.190s, 1591.195s) 5.588ms
[2023-12-02T15:58:41.122+0000][1592.190s][debug][safepoint     ] Safepoint synchronization initiated. (195 threads)
[2023-12-02T15:58:41.127+0000][1592.195s][info ][safepoint     ] Application time: 1.0055996 seconds
[2023-12-02T15:58:41.129+0000][1592.197s][info ][safepoint     ] Entering safepoint region: Cleanup
[2023-12-02T15:58:41.131+0000][1592.199s][info ][safepoint     ] Leaving safepoint region
[2023-12-02T15:58:41.135+0000][1592.203s][info ][safepoint     ] Total time for which application threads were stopped: 0.0060467 seconds, Stopping threads took: 0.0019187 seconds
[2023-12-02T15:58:42.140+0000][1593.208s][debug][safepoint     ] Safepoint synchronization initiated. (195 threads)
[2023-12-02T15:58:42.140+0000][1593.208s][info ][safepoint     ] Application time: 1.0004983 seconds
[2023-12-02T15:58:42.141+0000][1593.209s][info ][safepoint     ] Entering safepoint region: Cleanup
[2023-12-02T15:58:42.141+0000][1593.209s][info ][safepoint     ] Leaving safepoint region
[2023-12-02T15:58:42.141+0000][1593.209s][info ][safepoint     ] Total time for which application threads were stopped: 0.0007188 seconds, Stopping threads took: 0.0002606 seconds
[2023-12-02T15:58:43.141+0000][1594.210s][debug][safepoint     ] Safepoint synchronization initiated. (195 threads)
[2023-12-02T15:58:43.142+0000][1594.210s][info ][safepoint     ] Application time: 1.0006072 seconds
[2023-12-02T15:58:43.142+0000][1594.211s][info ][safepoint     ] Entering safepoint region: Cleanup
[2023-12-02T15:58:43.143+0000][1594.211s][info ][safepoint     ] Leaving safepoint region
[2023-12-02T15:58:43.143+0000][1594.211s][info ][safepoint     ] Total time for which application threads were stopped: 0.0009887 seconds, Stopping threads took: 0.0004010 seconds
[2023-12-02T15:58:44.144+0000][1595.212s][debug][safepoint     ] Safepoint synchronization initiated. (195 threads)
[2023-12-02T15:58:44.145+0000][1595.213s][info ][safepoint     ] Application time: 1.0011482 seconds
[2023-12-02T15:58:44.146+0000][1595.214s][info ][safepoint     ] Entering safepoint region: Cleanup
[2023-12-02T15:58:44.147+0000][1595.215s][info ][safepoint     ] Leaving safepoint region
[2023-12-02T15:58:44.147+0000][1595.215s][info ][safepoint     ] Total time for which application threads were stopped: 0.0014304 seconds, Stopping threads took: 0.0007292 seconds
[2023-12-02T15:58:45.148+0000][1596.216s][debug][safepoint     ] Safepoint synchronization initiated. (195 threads)
[2023-12-02T15:58:45.148+0000][1596.216s][info ][safepoint     ] Application time: 1.0009072 seconds
[2023-12-02T15:58:45.149+0000][1596.217s][info ][safepoint     ] Entering safepoint region: Cleanup
[2023-12-02T15:58:45.150+0000][1596.218s][info ][safepoint     ] Leaving safepoint region
[2023-12-02T15:58:45.150+0000][1596.218s][info ][safepoint     ] Total time for which application threads were stopped: 0.0011601 seconds, Stopping threads took: 0.0004979 seconds
[2023-12-02T15:58:46.151+0000][1597.219s][debug][safepoint     ] Safepoint synchronization initiated. (195 threads)
[2023-12-02T15:58:46.151+0000][1597.219s][info ][safepoint     ] Application time: 1.0005925 seconds
[2023-12-02T15:58:46.152+0000][1597.220s][info ][safepoint     ] Entering safepoint region: Cleanup
[2023-12-02T15:58:46.152+0000][1597.220s][info ][safepoint     ] Leaving safepoint region
[2023-12-02T15:58:46.153+0000][1597.221s][info ][safepoint     ] Total time for which application threads were stopped: 0.0009682 seconds, Stopping threads took: 0.0003199 seconds
[2023-12-02T15:58:47.153+0000][1598.221s][debug][safepoint     ] Safepoint synchronization initiated. (195 threads)
[2023-12-02T15:58:47.154+0000][1598.222s][info ][safepoint     ] Application time: 1.0009566 seconds
[2023-12-02T15:58:47.154+0000][1598.222s][info ][safepoint     ] Entering safepoint region: Cleanup
[2023-12-02T15:58:47.156+0000][1598.224s][info ][safepoint     ] Leaving safepoint region
[2023-12-02T15:58:47.156+0000][1598.224s][info ][safepoint     ] Total time for which application threads were stopped: 0.0018659 seconds, Stopping threads took: 0.0005874 seconds
[2023-12-02T15:58:48.157+0000][1599.225s][debug][safepoint     ] Safepoint synchronization initiated. (195 threads)
[2023-12-02T15:58:48.157+0000][1599.225s][info ][safepoint     ] Application time: 1.0006572 seconds
[2023-12-02T15:58:48.158+0000][1599.226s][info ][safepoint     ] Entering safepoint region: Cleanup
[2023-12-02T15:58:48.159+0000][1599.227s][info ][safepoint     ] Leaving safepoint region
[2023-12-02T15:58:48.160+0000][1599.228s][info ][safepoint     ] Total time for which application threads were stopped: 0.0020627 seconds, Stopping threads took: 0.0003799 seconds
[2023-12-02T15:58:49.160+0000][1600.228s][debug][safepoint     ] Safepoint synchronization initiated. (195 threads)
[2023-12-02T15:58:49.160+0000][1600.228s][info ][safepoint     ] Application time: 1.0004351 seconds
[2023-12-02T15:58:49.161+0000][1600.229s][info ][safepoint     ] Entering safepoint region: Cleanup
[2023-12-02T15:58:49.161+0000][1600.229s][info ][safepoint     ] Leaving safepoint region
[2023-12-02T15:58:49.161+0000][1600.229s][info ][safepoint     ] Total time for which application threads were stopped: 0.0008162 seconds, Stopping threads took: 0.0003537 seconds
[2023-12-02T15:58:50.162+0000][1601.230s][debug][safepoint     ] Safepoint synchronization initiated. (195 threads)
[2023-12-02T15:58:50.162+0000][1601.230s][info ][safepoint     ] Application time: 1.0004986 seconds
[2023-12-02T15:58:50.162+0000][1601.230s][info ][safepoint     ] Entering safepoint region: Cleanup
[2023-12-02T15:58:50.163+0000][1601.231s][info ][safepoint     ] Leaving safepoint region
[2023-12-02T15:58:50.163+0000][1601.231s][info ][safepoint     ] Total time for which application threads were stopped: 0.0006654 seconds, Stopping threads took: 0.0002258 seconds
[2023-12-02T15:58:51.163+0000][1602.231s][debug][safepoint     ] Safepoint synchronization initiated. (195 threads)
[2023-12-02T15:58:51.164+0000][1602.232s][info ][safepoint     ] Application time: 1.0008382 seconds
[2023-12-02T15:58:51.165+0000][1602.233s][info ][safepoint     ] Entering safepoint region: Cleanup
[2023-12-02T15:58:51.166+0000][1602.234s][info ][safepoint     ] Leaving safepoint region
[2023-12-02T15:58:51.166+0000][1602.234s][info ][safepoint     ] Total time for which application threads were stopped: 0.0014062 seconds, Stopping threads took: 0.0004761 seconds
[2023-12-02T15:58:52.167+0000][1603.235s][debug][safepoint     ] Safepoint synchronization initiated. (195 threads)
[2023-12-02T15:58:52.167+0000][1603.235s][info ][safepoint     ] Application time: 1.0006596 seconds
[2023-12-02T15:58:52.168+0000][1603.236s][info ][safepoint     ] Entering safepoint region: Cleanup
[2023-12-02T15:58:52.169+0000][1603.237s][info ][safepoint     ] Leaving safepoint region
[2023-12-02T15:58:52.170+0000][1603.238s][info ][safepoint     ] Total time for which application threads were stopped: 0.0019093 seconds, Stopping threads took: 0.0003902 seconds
[2023-12-02T15:58:53.170+0000][1604.238s][debug][safepoint     ] Safepoint synchronization initiated. (195 threads)
[2023-12-02T15:58:53.170+0000][1604.238s][info ][safepoint     ] Application time: 1.0004943 seconds
[2023-12-02T15:58:53.171+0000][1604.239s][info ][safepoint     ] Entering safepoint region: Cleanup
[2023-12-02T15:58:53.172+0000][1604.240s][info ][safepoint     ] Leaving safepoint region
[2023-12-02T15:58:53.173+0000][1604.241s][info ][safepoint     ] Total time for which application threads were stopped: 0.0024455 seconds, Stopping threads took: 0.0007212 seconds
[2023-12-02T15:58:54.174+0000][1605.242s][debug][safepoint     ] Safepoint synchronization initiated. (195 threads)
[2023-12-02T15:58:54.175+0000][1605.242s][info ][safepoint     ] Application time: 1.0007354 seconds
[2023-12-02T15:58:54.176+0000][1605.243s][info ][safepoint     ] Entering safepoint region: Cleanup
[2023-12-02T15:58:54.176+0000][1605.244s][info ][safepoint     ] Leaving safepoint region
[2023-12-02T15:58:54.177+0000][1605.244s][info ][safepoint     ] Total time for which application threads were stopped: 0.0010461 seconds, Stopping threads took: 0.0004817 seconds
[2023-12-02T15:58:55.178+0000][1606.245s][debug][safepoint     ] Safepoint synchronization initiated. (195 threads)
[2023-12-02T15:58:55.178+0000][1606.246s][info ][safepoint     ] Application time: 1.0013472 seconds
[2023-12-02T15:58:55.179+0000][1606.246s][info ][safepoint     ] Entering safepoint region: Cleanup
[2023-12-02T15:58:55.179+0000][1606.247s][info ][safepoint     ] Leaving safepoint region
[2023-12-02T15:58:55.180+0000][1606.247s][info ][safepoint     ] Total time for which application threads were stopped: 0.0009072 seconds, Stopping threads took: 0.0003608 seconds
[2023-12-02T15:58:56.180+0000][1607.248s][debug][safepoint     ] Safepoint synchronization initiated. (195 threads)
[2023-12-02T15:58:56.181+0000][1607.248s][info ][safepoint     ] Application time: 1.0009540 seconds
[2023-12-02T15:58:56.182+0000][1607.249s][info ][safepoint     ] Entering safepoint region: Cleanup
[2023-12-02T15:58:56.182+0000][1607.250s][info ][safepoint     ] Leaving safepoint region
[2023-12-02T15:58:56.183+0000][1607.250s][info ][safepoint     ] Total time for which application threads were stopped: 0.0013483 seconds, Stopping threads took: 0.0005557 seconds
[2023-12-02T15:58:57.183+0000][1608.251s][debug][safepoint     ] Safepoint synchronization initiated. (195 threads)
[2023-12-02T15:58:57.184+0000][1608.252s][info ][safepoint     ] Application time: 1.0011190 seconds
[2023-12-02T15:58:57.185+0000][1608.253s][info ][safepoint     ] Entering safepoint region: Cleanup
[2023-12-02T15:58:57.186+0000][1608.254s][info ][safepoint     ] Leaving safepoint region
[2023-12-02T15:58:57.187+0000][1608.255s][info ][safepoint     ] Total time for which application threads were stopped: 0.0019660 seconds, Stopping threads took: 0.0007817 seconds
[2023-12-02T15:58:58.188+0000][1609.255s][debug][safepoint     ] Safepoint synchronization initiated. (195 threads)
[2023-12-02T15:58:58.189+0000][1609.256s][info ][safepoint     ] Application time: 1.0007839 seconds
[2023-12-02T15:58:58.189+0000][1609.257s][info ][safepoint     ] Entering safepoint region: Cleanup
[2023-12-02T15:58:58.190+0000][1609.257s][info ][safepoint     ] Leaving safepoint region
[2023-12-02T15:58:58.190+0000][1609.258s][info ][safepoint     ] Total time for which application threads were stopped: 0.0010423 seconds, Stopping threads took: 0.0005158 seconds
[2023-12-02T15:58:59.191+0000][1610.258s][debug][safepoint     ] Safepoint synchronization initiated. (194 threads)
[2023-12-02T15:58:59.191+0000][1610.258s][info ][safepoint     ] Application time: 1.0005663 seconds
[2023-12-02T15:58:59.191+0000][1610.259s][info ][safepoint     ] Entering safepoint region: Cleanup
[2023-12-02T15:58:59.192+0000][1610.259s][info ][safepoint     ] Leaving safepoint region
[2023-12-02T15:58:59.192+0000][1610.260s][info ][safepoint     ] Total time for which application threads were stopped: 0.0008849 seconds, Stopping threads took: 0.0003236 seconds
[2023-12-02T15:59:00.192+0000][1611.260s][debug][safepoint     ] Safepoint synchronization initiated. (194 threads)
[2023-12-02T15:59:00.193+0000][1611.260s][info ][safepoint     ] Application time: 1.0005304 seconds
[2023-12-02T15:59:00.193+0000][1611.261s][info ][safepoint     ] Entering safepoint region: Cleanup
[2023-12-02T15:59:00.194+0000][1611.261s][info ][safepoint     ] Leaving safepoint region
[2023-12-02T15:59:00.194+0000][1611.262s][info ][safepoint     ] Total time for which application threads were stopped: 0.0009658 seconds, Stopping threads took: 0.0004033 seconds
[2023-12-02T15:59:01.195+0000][1612.262s][debug][safepoint     ] Safepoint synchronization initiated. (194 threads)
[2023-12-02T15:59:01.195+0000][1612.263s][info ][safepoint     ] Application time: 1.0006033 seconds
[2023-12-02T15:59:01.196+0000][1612.263s][info ][safepoint     ] Entering safepoint region: Cleanup
[2023-12-02T15:59:01.196+0000][1612.264s][info ][safepoint     ] Leaving safepoint region
[2023-12-02T15:59:01.196+0000][1612.264s][info ][safepoint     ] Total time for which application threads were stopped: 0.0009763 seconds, Stopping threads took: 0.0004154 seconds
[2023-12-02T15:59:02.197+0000][1613.264s][debug][safepoint     ] Safepoint synchronization initiated. (194 threads)
[2023-12-02T15:59:02.198+0000][1613.265s][info ][safepoint     ] Application time: 1.0008301 seconds
[2023-12-02T15:59:02.198+0000][1613.265s][info ][safepoint     ] Entering safepoint region: Cleanup
[2023-12-02T15:59:02.199+0000][1613.266s][info ][safepoint     ] Leaving safepoint region
[2023-12-02T15:59:02.199+0000][1613.266s][info ][safepoint     ] Total time for which application threads were stopped: 0.0009507 seconds, Stopping threads took: 0.0004103 seconds
[2023-12-02T15:59:03.199+0000][1614.267s][debug][safepoint     ] Safepoint synchronization initiated. (194 threads)
[2023-12-02T15:59:03.201+0000][1614.268s][info ][safepoint     ] Application time: 1.0016805 seconds
[2023-12-02T15:59:03.201+0000][1614.269s][info ][safepoint     ] Entering safepoint region: Cleanup
[2023-12-02T15:59:03.202+0000][1614.269s][info ][safepoint     ] Leaving safepoint region
[2023-12-02T15:59:03.202+0000][1614.270s][info ][safepoint     ] Total time for which application threads were stopped: 0.0006777 seconds, Stopping threads took: 0.0002667 seconds
[2023-12-02T15:59:04.202+0000][1615.270s][debug][safepoint     ] Safepoint synchronization initiated. (194 threads)
[2023-12-02T15:59:04.203+0000][1615.270s][info ][safepoint     ] Application time: 1.0005702 seconds
[2023-12-02T15:59:04.203+0000][1615.271s][info ][safepoint     ] Entering safepoint region: Cleanup
[2023-12-02T15:59:04.204+0000][1615.271s][info ][safepoint     ] Leaving safepoint region
[2023-12-02T15:59:04.204+0000][1615.271s][info ][safepoint     ] Total time for which application threads were stopped: 0.0007253 seconds, Stopping threads took: 0.0002315 seconds
[2023-12-02T15:59:05.204+0000][1616.272s][debug][safepoint     ] Safepoint synchronization initiated. (194 threads)
[2023-12-02T15:59:05.205+0000][1616.272s][info ][safepoint     ] Application time: 1.0007044 seconds
[2023-12-02T15:59:05.205+0000][1616.273s][info ][safepoint     ] Entering safepoint region: Cleanup
[2023-12-02T15:59:05.206+0000][1616.273s][info ][safepoint     ] Leaving safepoint region
[2023-12-02T15:59:05.206+0000][1616.273s][info ][safepoint     ] Total time for which application threads were stopped: 0.0007419 seconds, Stopping threads took: 0.0003739 seconds
[2023-12-02T15:59:06.206+0000][1617.274s][debug][safepoint     ] Safepoint synchronization initiated. (194 threads)
[2023-12-02T15:59:06.207+0000][1617.274s][info ][safepoint     ] Application time: 1.0006176 seconds
[2023-12-02T15:59:06.207+0000][1617.275s][info ][safepoint     ] Entering safepoint region: Cleanup
[2023-12-02T15:59:06.208+0000][1617.275s][info ][safepoint     ] Leaving safepoint region
[2023-12-02T15:59:06.208+0000][1617.276s][info ][safepoint     ] Total time for which application threads were stopped: 0.0010225 seconds, Stopping threads took: 0.0004365 seconds
[2023-12-02T15:59:07.209+0000][1618.276s][debug][safepoint     ] Safepoint synchronization initiated. (194 threads)
[2023-12-02T15:59:07.209+0000][1618.276s][info ][safepoint     ] Application time: 1.0006006 seconds
[2023-12-02T15:59:07.209+0000][1618.277s][info ][safepoint     ] Entering safepoint region: Cleanup
[2023-12-02T15:59:07.210+0000][1618.277s][info ][safepoint     ] Leaving safepoint region
[2023-12-02T15:59:07.210+0000][1618.278s][info ][safepoint     ] Total time for which application threads were stopped: 0.0009022 seconds, Stopping threads took: 0.0004162 seconds
[2023-12-02T15:59:08.211+0000][1619.278s][debug][safepoint     ] Safepoint synchronization initiated. (194 threads)
[2023-12-02T15:59:08.224+0000][1619.292s][info ][safepoint     ] Application time: 1.0136996 seconds
[2023-12-02T15:59:08.229+0000][1619.297s][info ][safepoint     ] Entering safepoint region: Cleanup
[2023-12-02T15:59:08.251+0000][1619.318s][info ][safepoint     ] Leaving safepoint region
[2023-12-02T15:59:08.263+0000][1619.330s][info ][safepoint     ] Total time for which application threads were stopped: 0.0333948 seconds, Stopping threads took: 0.0210699 seconds
[2023-12-02T15:59:09.280+0000][1620.348s][debug][safepoint     ] Safepoint synchronization initiated. (194 threads)
[2023-12-02T15:59:09.283+0000][1620.351s][info ][safepoint     ] Application time: 1.0029176 seconds
[2023-12-02T15:59:09.286+0000][1620.353s][info ][safepoint     ] Entering safepoint region: Cleanup
[2023-12-02T15:59:09.287+0000][1620.354s][info ][safepoint     ] Leaving safepoint region
[2023-12-02T15:59:09.292+0000][1620.359s][info ][safepoint     ] Total time for which application threads were stopped: 0.0058291 seconds, Stopping threads took: 0.0008728 seconds
[2023-12-02T15:59:10.293+0000][1621.360s][debug][safepoint     ] Safepoint synchronization initiated. (194 threads)
[2023-12-02T15:59:10.293+0000][1621.360s][info ][safepoint     ] Application time: 1.0004164 seconds
[2023-12-02T15:59:10.293+0000][1621.361s][info ][safepoint     ] Entering safepoint region: Cleanup
[2023-12-02T15:59:10.294+0000][1621.361s][info ][safepoint     ] Leaving safepoint region
[2023-12-02T15:59:10.294+0000][1621.361s][info ][safepoint     ] Total time for which application threads were stopped: 0.0005370 seconds, Stopping threads took: 0.0002020 seconds
[2023-12-02T15:59:11.294+0000][1622.361s][debug][safepoint     ] Safepoint synchronization initiated. (194 threads)
[2023-12-02T15:59:11.295+0000][1622.362s][info ][safepoint     ] Application time: 1.0006470 seconds
[2023-12-02T15:59:11.295+0000][1622.362s][info ][safepoint     ] Entering safepoint region: Cleanup
[2023-12-02T15:59:11.296+0000][1622.363s][info ][safepoint     ] Leaving safepoint region
[2023-12-02T15:59:11.296+0000][1622.363s][info ][safepoint     ] Total time for which application threads were stopped: 0.0010603 seconds, Stopping threads took: 0.0004708 seconds
[2023-12-02T15:59:12.297+0000][1623.364s][debug][safepoint     ] Safepoint synchronization initiated. (194 threads)
[2023-12-02T15:59:12.297+0000][1623.364s][info ][safepoint     ] Application time: 1.0006850 seconds
[2023-12-02T15:59:12.297+0000][1623.365s][info ][safepoint     ] Entering safepoint region: Cleanup
[2023-12-02T15:59:12.298+0000][1623.365s][info ][safepoint     ] Leaving safepoint region
[2023-12-02T15:59:12.298+0000][1623.366s][info ][safepoint     ] Total time for which application threads were stopped: 0.0009786 seconds, Stopping threads took: 0.0004008 seconds
[2023-12-02T15:59:13.299+0000][1624.366s][debug][safepoint     ] Safepoint synchronization initiated. (194 threads)
[2023-12-02T15:59:13.299+0000][1624.367s][info ][safepoint     ] Application time: 1.0005994 seconds
[2023-12-02T15:59:13.300+0000][1624.367s][info ][safepoint     ] Entering safepoint region: Cleanup
[2023-12-02T15:59:13.300+0000][1624.368s][info ][safepoint     ] Leaving safepoint region
[2023-12-02T15:59:13.301+0000][1624.368s][info ][safepoint     ] Total time for which application threads were stopped: 0.0009621 seconds, Stopping threads took: 0.0003772 seconds
[2023-12-02T15:59:14.301+0000][1625.369s][debug][safepoint     ] Safepoint synchronization initiated. (194 threads)
[2023-12-02T15:59:14.302+0000][1625.369s][info ][safepoint     ] Application time: 1.0006569 seconds
[2023-12-02T15:59:14.302+0000][1625.369s][info ][safepoint     ] Entering safepoint region: Cleanup
[2023-12-02T15:59:14.303+0000][1625.370s][info ][safepoint     ] Leaving safepoint region
[2023-12-02T15:59:14.303+0000][1625.370s][info ][safepoint     ] Total time for which application threads were stopped: 0.0010323 seconds, Stopping threads took: 0.0004716 seconds
[2023-12-02T15:59:15.304+0000][1626.371s][debug][safepoint     ] Safepoint synchronization initiated. (194 threads)
[2023-12-02T15:59:15.304+0000][1626.372s][info ][safepoint     ] Application time: 1.0005914 seconds
[2023-12-02T15:59:15.305+0000][1626.372s][info ][safepoint     ] Entering safepoint region: Cleanup
[2023-12-02T15:59:15.305+0000][1626.373s][info ][safepoint     ] Leaving safepoint region
[2023-12-02T15:59:15.305+0000][1626.373s][info ][safepoint     ] Total time for which application threads were stopped: 0.0008892 seconds, Stopping threads took: 0.0004182 seconds
[2023-12-02T15:59:16.306+0000][1627.373s][debug][safepoint     ] Safepoint synchronization initiated. (194 threads)
[2023-12-02T15:59:16.306+0000][1627.374s][info ][safepoint     ] Application time: 1.0007046 seconds
[2023-12-02T15:59:16.307+0000][1627.374s][info ][safepoint     ] Entering safepoint region: Cleanup
[2023-12-02T15:59:16.307+0000][1627.375s][info ][safepoint     ] Leaving safepoint region
[2023-12-02T15:59:16.308+0000][1627.375s][info ][safepoint     ] Total time for which application threads were stopped: 0.0010215 seconds, Stopping threads took: 0.0004304 seconds
[2023-12-02T15:59:17.308+0000][1628.376s][debug][safepoint     ] Safepoint synchronization initiated. (194 threads)
[2023-12-02T15:59:17.309+0000][1628.376s][info ][safepoint     ] Application time: 1.0004457 seconds
[2023-12-02T15:59:17.309+0000][1628.376s][info ][safepoint     ] Entering safepoint region: Cleanup
[2023-12-02T15:59:17.309+0000][1628.377s][info ][safepoint     ] Leaving safepoint region
[2023-12-02T15:59:17.310+0000][1628.377s][info ][safepoint     ] Total time for which application threads were stopped: 0.0007853 seconds, Stopping threads took: 0.0002763 seconds
[2023-12-02T15:59:18.310+0000][1629.378s][debug][safepoint     ] Safepoint synchronization initiated. (194 threads)
[2023-12-02T15:59:18.311+0000][1629.378s][info ][safepoint     ] Application time: 1.0006697 seconds
[2023-12-02T15:59:18.311+0000][1629.378s][info ][safepoint     ] Entering safepoint region: Cleanup
[2023-12-02T15:59:18.312+0000][1629.379s][info ][safepoint     ] Leaving safepoint region
[2023-12-02T15:59:18.312+0000][1629.379s][info ][safepoint     ] Total time for which application threads were stopped: 0.0008344 seconds, Stopping threads took: 0.0003370 seconds
[2023-12-02T15:59:19.312+0000][1630.380s][debug][safepoint     ] Safepoint synchronization initiated. (194 threads)
[2023-12-02T15:59:19.313+0000][1630.380s][info ][safepoint     ] Application time: 1.0005906 seconds
[2023-12-02T15:59:19.313+0000][1630.380s][info ][safepoint     ] Entering safepoint region: Cleanup
[2023-12-02T15:59:19.313+0000][1630.381s][info ][safepoint     ] Leaving safepoint region
[2023-12-02T15:59:19.314+0000][1630.381s][info ][safepoint     ] Total time for which application threads were stopped: 0.0008394 seconds, Stopping threads took: 0.0003359 seconds
[2023-12-02T15:59:20.315+0000][1631.382s][debug][safepoint     ] Safepoint synchronization initiated. (194 threads)
[2023-12-02T15:59:20.316+0000][1631.383s][info ][safepoint     ] Application time: 1.0015631 seconds
[2023-12-02T15:59:20.316+0000][1631.384s][info ][safepoint     ] Entering safepoint region: Cleanup
[2023-12-02T15:59:20.317+0000][1631.384s][info ][safepoint     ] Leaving safepoint region
[2023-12-02T15:59:20.317+0000][1631.385s][info ][safepoint     ] Total time for which application threads were stopped: 0.0011904 seconds, Stopping threads took: 0.0004534 seconds
[2023-12-02T15:59:21.318+0000][1632.385s][debug][safepoint     ] Safepoint synchronization initiated. (194 threads)
[2023-12-02T15:59:21.318+0000][1632.386s][info ][safepoint     ] Application time: 1.0007132 seconds
[2023-12-02T15:59:21.319+0000][1632.386s][info ][safepoint     ] Entering safepoint region: Cleanup
[2023-12-02T15:59:21.319+0000][1632.387s][info ][safepoint     ] Leaving safepoint region
[2023-12-02T15:59:21.319+0000][1632.387s][info ][safepoint     ] Total time for which application threads were stopped: 0.0008755 seconds, Stopping threads took: 0.0004188 seconds
[2023-12-02T15:59:22.320+0000][1633.387s][debug][safepoint     ] Safepoint synchronization initiated. (194 threads)
[2023-12-02T15:59:22.321+0000][1633.389s][info ][safepoint     ] Application time: 1.0018475 seconds
[2023-12-02T15:59:22.322+0000][1633.390s][info ][safepoint     ] Entering safepoint region: Cleanup
[2023-12-02T15:59:22.323+0000][1633.390s][info ][safepoint     ] Leaving safepoint region
[2023-12-02T15:59:22.323+0000][1633.391s][info ][safepoint     ] Total time for which application threads were stopped: 0.0009669 seconds, Stopping threads took: 0.0003531 seconds
[2023-12-02T15:59:23.324+0000][1634.391s][debug][safepoint     ] Safepoint synchronization initiated. (194 threads)
[2023-12-02T15:59:23.325+0000][1634.392s][info ][safepoint     ] Application time: 1.0012348 seconds
[2023-12-02T15:59:23.326+0000][1634.393s][info ][safepoint     ] Entering safepoint region: Cleanup
[2023-12-02T15:59:23.327+0000][1634.394s][info ][safepoint     ] Leaving safepoint region
[2023-12-02T15:59:23.327+0000][1634.395s][info ][safepoint     ] Total time for which application threads were stopped: 0.0018872 seconds, Stopping threads took: 0.0008234 seconds
[2023-12-02T15:59:24.327+0000][1635.396s][debug][safepoint     ] Safepoint synchronization initiated. (194 threads)
[2023-12-02T15:59:24.327+0000][1635.396s][info ][safepoint     ] Application time: 1.0006327 seconds
[2023-12-02T15:59:24.328+0000][1635.397s][info ][safepoint     ] Entering safepoint region: Cleanup
[2023-12-02T15:59:24.328+0000][1635.397s][info ][safepoint     ] Leaving safepoint region
[2023-12-02T15:59:24.329+0000][1635.398s][info ][safepoint     ] Total time for which application threads were stopped: 0.0010510 seconds, Stopping threads took: 0.0004517 seconds
[2023-12-02T15:59:25.329+0000][1636.398s][debug][safepoint     ] Safepoint synchronization initiated. (194 threads)
[2023-12-02T15:59:25.330+0000][1636.399s][info ][safepoint     ] Application time: 1.0009793 seconds
[2023-12-02T15:59:25.330+0000][1636.399s][info ][safepoint     ] Entering safepoint region: Cleanup
[2023-12-02T15:59:25.331+0000][1636.400s][info ][safepoint     ] Leaving safepoint region
[2023-12-02T15:59:25.331+0000][1636.400s][info ][safepoint     ] Total time for which application threads were stopped: 0.0006617 seconds, Stopping threads took: 0.0002477 seconds
[2023-12-02T15:59:26.331+0000][1637.400s][debug][safepoint     ] Safepoint synchronization initiated. (193 threads)
[2023-12-02T15:59:26.332+0000][1637.401s][info ][safepoint     ] Application time: 1.0009364 seconds
[2023-12-02T15:59:26.333+0000][1637.402s][info ][safepoint     ] Entering safepoint region: Cleanup
[2023-12-02T15:59:26.334+0000][1637.403s][info ][safepoint     ] Leaving safepoint region
[2023-12-02T15:59:26.335+0000][1637.403s][info ][safepoint     ] Total time for which application threads were stopped: 0.0017135 seconds, Stopping threads took: 0.0007238 seconds
[2023-12-02T15:59:27.336+0000][1638.404s][debug][safepoint     ] Safepoint synchronization initiated. (193 threads)
[2023-12-02T15:59:27.336+0000][1638.405s][info ][safepoint     ] Application time: 1.0011191 seconds
[2023-12-02T15:59:27.337+0000][1638.406s][info ][safepoint     ] Entering safepoint region: Cleanup
[2023-12-02T15:59:27.338+0000][1638.407s][info ][safepoint     ] Leaving safepoint region
[2023-12-02T15:59:27.338+0000][1638.407s][info ][safepoint     ] Total time for which application threads were stopped: 0.0015603 seconds, Stopping threads took: 0.0006510 seconds
[2023-12-02T15:59:28.339+0000][1639.408s][debug][safepoint     ] Safepoint synchronization initiated. (193 threads)
[2023-12-02T15:59:28.340+0000][1639.409s][info ][safepoint     ] Application time: 1.0012805 seconds
[2023-12-02T15:59:28.341+0000][1639.410s][info ][safepoint     ] Entering safepoint region: Cleanup
[2023-12-02T15:59:28.342+0000][1639.411s][info ][safepoint     ] Leaving safepoint region
[2023-12-02T15:59:28.343+0000][1639.412s][info ][safepoint     ] Total time for which application threads were stopped: 0.0018574 seconds, Stopping threads took: 0.0007651 seconds
[2023-12-02T15:59:29.344+0000][1640.412s][debug][safepoint     ] Safepoint synchronization initiated. (193 threads)
[2023-12-02T15:59:29.344+0000][1640.413s][info ][safepoint     ] Application time: 1.0007172 seconds
[2023-12-02T15:59:29.345+0000][1640.413s][info ][safepoint     ] Entering safepoint region: Cleanup
[2023-12-02T15:59:29.345+0000][1640.414s][info ][safepoint     ] Leaving safepoint region
[2023-12-02T15:59:29.346+0000][1640.414s][info ][safepoint     ] Total time for which application threads were stopped: 0.0010547 seconds, Stopping threads took: 0.0005175 seconds
[2023-12-02T15:59:30.346+0000][1641.415s][debug][safepoint     ] Safepoint synchronization initiated. (193 threads)
[2023-12-02T15:59:30.347+0000][1641.416s][info ][safepoint     ] Application time: 1.0009873 seconds
[2023-12-02T15:59:30.348+0000][1641.417s][info ][safepoint     ] Entering safepoint region: Cleanup
[2023-12-02T15:59:30.349+0000][1641.418s][info ][safepoint     ] Leaving safepoint region
[2023-12-02T15:59:30.350+0000][1641.418s][info ][safepoint     ] Total time for which application threads were stopped: 0.0018610 seconds, Stopping threads took: 0.0008654 seconds
[2023-12-02T15:59:31.350+0000][1642.419s][debug][safepoint     ] Safepoint synchronization initiated. (193 threads)
[2023-12-02T15:59:31.351+0000][1642.420s][info ][safepoint     ] Application time: 1.0009449 seconds
[2023-12-02T15:59:31.352+0000][1642.421s][info ][safepoint     ] Entering safepoint region: Cleanup
[2023-12-02T15:59:31.353+0000][1642.421s][info ][safepoint     ] Leaving safepoint region
[2023-12-02T15:59:31.353+0000][1642.422s][info ][safepoint     ] Total time for which application threads were stopped: 0.0012020 seconds, Stopping threads took: 0.0006711 seconds
[2023-12-02T15:59:32.353+0000][1643.422s][debug][safepoint     ] Safepoint synchronization initiated. (193 threads)
[2023-12-02T15:59:32.354+0000][1643.423s][info ][safepoint     ] Application time: 1.0009738 seconds
[2023-12-02T15:59:32.355+0000][1643.424s][info ][safepoint     ] Entering safepoint region: Cleanup
[2023-12-02T15:59:32.356+0000][1643.425s][info ][safepoint     ] Leaving safepoint region
[2023-12-02T15:59:32.357+0000][1643.426s][info ][safepoint     ] Total time for which application threads were stopped: 0.0020508 seconds, Stopping threads took: 0.0008870 seconds
[2023-12-02T15:59:33.358+0000][1644.427s][debug][safepoint     ] Safepoint synchronization initiated. (193 threads)
[2023-12-02T15:59:33.359+0000][1644.428s][info ][safepoint     ] Application time: 1.0011411 seconds
[2023-12-02T15:59:33.360+0000][1644.429s][info ][safepoint     ] Entering safepoint region: Cleanup
[2023-12-02T15:59:33.361+0000][1644.430s][info ][safepoint     ] Leaving safepoint region
[2023-12-02T15:59:33.362+0000][1644.430s][info ][safepoint     ] Total time for which application threads were stopped: 0.0018604 seconds, Stopping threads took: 0.0007703 seconds
[2023-12-02T15:59:34.363+0000][1645.432s][debug][safepoint     ] Safepoint synchronization initiated. (193 threads)
[2023-12-02T15:59:34.363+0000][1645.432s][info ][safepoint     ] Application time: 1.0012208 seconds
[2023-12-02T15:59:34.364+0000][1645.433s][info ][safepoint     ] Entering safepoint region: Cleanup
[2023-12-02T15:59:34.365+0000][1645.434s][info ][safepoint     ] Leaving safepoint region
[2023-12-02T15:59:34.366+0000][1645.434s][info ][safepoint     ] Total time for which application threads were stopped: 0.0014403 seconds, Stopping threads took: 0.0006726 seconds
[2023-12-02T15:59:35.366+0000][1646.435s][debug][safepoint     ] Safepoint synchronization initiated. (193 threads)
[2023-12-02T15:59:35.367+0000][1646.436s][info ][safepoint     ] Application time: 1.0013231 seconds
[2023-12-02T15:59:35.368+0000][1646.437s][info ][safepoint     ] Entering safepoint region: Cleanup
[2023-12-02T15:59:35.369+0000][1646.438s][info ][safepoint     ] Leaving safepoint region
[2023-12-02T15:59:35.370+0000][1646.439s][info ][safepoint     ] Total time for which application threads were stopped: 0.0019887 seconds, Stopping threads took: 0.0008167 seconds
[2023-12-02T15:59:36.371+0000][1647.440s][debug][safepoint     ] Safepoint synchronization initiated. (193 threads)
[2023-12-02T15:59:36.372+0000][1647.441s][info ][safepoint     ] Application time: 1.0011696 seconds
[2023-12-02T15:59:36.373+0000][1647.442s][info ][safepoint     ] Entering safepoint region: Cleanup
[2023-12-02T15:59:36.374+0000][1647.443s][info ][safepoint     ] Leaving safepoint region
[2023-12-02T15:59:36.375+0000][1647.444s][info ][safepoint     ] Total time for which application threads were stopped: 0.0018051 seconds, Stopping threads took: 0.0008100 seconds
[2023-12-02T15:59:37.376+0000][1648.444s][debug][safepoint     ] Safepoint synchronization initiated. (193 threads)
[2023-12-02T15:59:37.376+0000][1648.445s][info ][safepoint     ] Application time: 1.0011146 seconds
[2023-12-02T15:59:37.377+0000][1648.446s][info ][safepoint     ] Entering safepoint region: Cleanup
[2023-12-02T15:59:37.378+0000][1648.447s][info ][safepoint     ] Leaving safepoint region
[2023-12-02T15:59:37.379+0000][1648.448s][info ][safepoint     ] Total time for which application threads were stopped: 0.0018900 seconds, Stopping threads took: 0.0007059 seconds
[2023-12-02T15:59:38.380+0000][1649.449s][debug][safepoint     ] Safepoint synchronization initiated. (193 threads)
[2023-12-02T15:59:38.381+0000][1649.450s][info ][safepoint     ] Application time: 1.0010674 seconds
[2023-12-02T15:59:38.382+0000][1649.451s][info ][safepoint     ] Entering safepoint region: Cleanup
[2023-12-02T15:59:38.383+0000][1649.452s][info ][safepoint     ] Leaving safepoint region
[2023-12-02T15:59:38.384+0000][1649.452s][info ][safepoint     ] Total time for which application threads were stopped: 0.0019728 seconds, Stopping threads took: 0.0008227 seconds
[2023-12-02T15:59:39.385+0000][1650.453s][debug][safepoint     ] Safepoint synchronization initiated. (193 threads)
[2023-12-02T15:59:39.386+0000][1650.454s][info ][safepoint     ] Application time: 1.0013022 seconds
[2023-12-02T15:59:39.387+0000][1650.455s][info ][safepoint     ] Entering safepoint region: Cleanup
[2023-12-02T15:59:39.388+0000][1650.457s][info ][safepoint     ] Leaving safepoint region
[2023-12-02T15:59:39.389+0000][1650.458s][info ][safepoint     ] Total time for which application threads were stopped: 0.0024375 seconds, Stopping threads took: 0.0009729 seconds
[2023-12-02T15:59:40.390+0000][1651.459s][debug][safepoint     ] Safepoint synchronization initiated. (193 threads)
[2023-12-02T15:59:40.393+0000][1651.462s][info ][safepoint     ] Application time: 1.0034772 seconds
[2023-12-02T15:59:40.394+0000][1651.463s][info ][safepoint     ] Entering safepoint region: Cleanup
[2023-12-02T15:59:40.395+0000][1651.464s][info ][safepoint     ] Leaving safepoint region
[2023-12-02T15:59:40.395+0000][1651.464s][info ][safepoint     ] Total time for which application threads were stopped: 0.0017153 seconds, Stopping threads took: 0.0005378 seconds
[2023-12-02T15:59:41.396+0000][1652.465s][debug][safepoint     ] Safepoint synchronization initiated. (193 threads)
[2023-12-02T15:59:41.397+0000][1652.465s][info ][safepoint     ] Application time: 1.0005796 seconds
[2023-12-02T15:59:41.397+0000][1652.466s][info ][safepoint     ] Entering safepoint region: Cleanup
[2023-12-02T15:59:41.398+0000][1652.466s][info ][safepoint     ] Leaving safepoint region
[2023-12-02T15:59:41.398+0000][1652.467s][info ][safepoint     ] Total time for which application threads were stopped: 0.0011779 seconds, Stopping threads took: 0.0004904 seconds
[2023-12-02T15:59:42.399+0000][1653.467s][debug][safepoint     ] Safepoint synchronization initiated. (193 threads)
[2023-12-02T15:59:42.399+0000][1653.468s][info ][safepoint     ] Application time: 1.0004500 seconds
[2023-12-02T15:59:42.399+0000][1653.468s][info ][safepoint     ] Entering safepoint region: Cleanup
[2023-12-02T15:59:42.399+0000][1653.468s][info ][safepoint     ] Leaving safepoint region
[2023-12-02T15:59:42.400+0000][1653.468s][info ][safepoint     ] Total time for which application threads were stopped: 0.0005291 seconds, Stopping threads took: 0.0001888 seconds
[2023-12-02T15:59:43.400+0000][1654.469s][debug][safepoint     ] Safepoint synchronization initiated. (193 threads)
[2023-12-02T15:59:43.401+0000][1654.470s][info ][safepoint     ] Application time: 1.0013016 seconds
[2023-12-02T15:59:43.402+0000][1654.471s][info ][safepoint     ] Entering safepoint region: Cleanup
[2023-12-02T15:59:43.402+0000][1654.471s][info ][safepoint     ] Leaving safepoint region
[2023-12-02T15:59:43.403+0000][1654.472s][info ][safepoint     ] Total time for which application threads were stopped: 0.0013035 seconds, Stopping threads took: 0.0004853 seconds
[2023-12-02T15:59:44.404+0000][1655.472s][debug][safepoint     ] Safepoint synchronization initiated. (193 threads)
[2023-12-02T15:59:44.404+0000][1655.473s][info ][safepoint     ] Application time: 1.0005975 seconds
[2023-12-02T15:59:44.404+0000][1655.473s][info ][safepoint     ] Entering safepoint region: Cleanup
[2023-12-02T15:59:44.405+0000][1655.474s][info ][safepoint     ] Leaving safepoint region
[2023-12-02T15:59:44.406+0000][1655.475s][info ][safepoint     ] Total time for which application threads were stopped: 0.0019641 seconds, Stopping threads took: 0.0005052 seconds
[2023-12-02T15:59:45.407+0000][1656.476s][debug][safepoint     ] Safepoint synchronization initiated. (193 threads)
[2023-12-02T15:59:45.408+0000][1656.477s][info ][safepoint     ] Application time: 1.0009064 seconds
[2023-12-02T15:59:45.408+0000][1656.477s][info ][safepoint     ] Entering safepoint region: Cleanup
[2023-12-02T15:59:45.409+0000][1656.478s][info ][safepoint     ] Leaving safepoint region
[2023-12-02T15:59:45.409+0000][1656.478s][info ][safepoint     ] Total time for which application threads were stopped: 0.0012607 seconds, Stopping threads took: 0.0004113 seconds
[2023-12-02T15:59:46.410+0000][1657.479s][debug][safepoint     ] Safepoint synchronization initiated. (193 threads)
[2023-12-02T15:59:46.410+0000][1657.479s][info ][safepoint     ] Application time: 1.0006161 seconds
[2023-12-02T15:59:46.411+0000][1657.480s][info ][safepoint     ] Entering safepoint region: Cleanup
[2023-12-02T15:59:46.411+0000][1657.480s][info ][safepoint     ] Leaving safepoint region
[2023-12-02T15:59:46.412+0000][1657.481s][info ][safepoint     ] Total time for which application threads were stopped: 0.0009182 seconds, Stopping threads took: 0.0004079 seconds
[2023-12-02T15:59:47.412+0000][1658.481s][debug][safepoint     ] Safepoint synchronization initiated. (193 threads)
[2023-12-02T15:59:47.413+0000][1658.481s][info ][safepoint     ] Application time: 1.0004307 seconds
[2023-12-02T15:59:47.413+0000][1658.482s][info ][safepoint     ] Entering safepoint region: Cleanup
[2023-12-02T15:59:47.413+0000][1658.482s][info ][safepoint     ] Leaving safepoint region
[2023-12-02T15:59:47.414+0000][1658.482s][info ][safepoint     ] Total time for which application threads were stopped: 0.0008105 seconds, Stopping threads took: 0.0003145 seconds
[2023-12-02T15:59:48.414+0000][1659.483s][debug][safepoint     ] Safepoint synchronization initiated. (193 threads)
[2023-12-02T15:59:48.415+0000][1659.484s][info ][safepoint     ] Application time: 1.0013694 seconds
[2023-12-02T15:59:48.416+0000][1659.485s][info ][safepoint     ] Entering safepoint region: Cleanup
[2023-12-02T15:59:48.417+0000][1659.486s][info ][safepoint     ] Leaving safepoint region
[2023-12-02T15:59:48.418+0000][1659.487s][info ][safepoint     ] Total time for which application threads were stopped: 0.0020498 seconds, Stopping threads took: 0.0008789 seconds
[2023-12-02T15:59:49.419+0000][1660.488s][debug][safepoint     ] Safepoint synchronization initiated. (193 threads)
[2023-12-02T15:59:49.420+0000][1660.489s][info ][safepoint     ] Application time: 1.0012171 seconds
[2023-12-02T15:59:49.421+0000][1660.490s][info ][safepoint     ] Entering safepoint region: Cleanup
[2023-12-02T15:59:49.422+0000][1660.491s][info ][safepoint     ] Leaving safepoint region
[2023-12-02T15:59:49.423+0000][1660.492s][info ][safepoint     ] Total time for which application threads were stopped: 0.0021639 seconds, Stopping threads took: 0.0009084 seconds
[2023-12-02T15:59:50.424+0000][1661.493s][debug][safepoint     ] Safepoint synchronization initiated. (193 threads)
[2023-12-02T15:59:50.425+0000][1661.494s][info ][safepoint     ] Application time: 1.0010729 seconds
[2023-12-02T15:59:50.426+0000][1661.494s][info ][safepoint     ] Entering safepoint region: Cleanup
[2023-12-02T15:59:50.427+0000][1661.496s][info ][safepoint     ] Leaving safepoint region
[2023-12-02T15:59:50.428+0000][1661.496s][info ][safepoint     ] Total time for which application threads were stopped: 0.0020120 seconds, Stopping threads took: 0.0007800 seconds
[2023-12-02T15:59:51.429+0000][1662.497s][debug][safepoint     ] Safepoint synchronization initiated. (193 threads)
[2023-12-02T15:59:51.429+0000][1662.498s][info ][safepoint     ] Application time: 1.0011957 seconds
[2023-12-02T15:59:51.430+0000][1662.499s][info ][safepoint     ] Entering safepoint region: Cleanup
[2023-12-02T15:59:51.431+0000][1662.500s][info ][safepoint     ] Leaving safepoint region
[2023-12-02T15:59:51.432+0000][1662.501s][info ][safepoint     ] Total time for which application threads were stopped: 0.0016885 seconds, Stopping threads took: 0.0006998 seconds
[2023-12-02T15:59:52.433+0000][1663.502s][debug][safepoint     ] Safepoint synchronization initiated. (193 threads)
[2023-12-02T15:59:52.434+0000][1663.503s][info ][safepoint     ] Application time: 1.0013490 seconds
[2023-12-02T15:59:52.435+0000][1663.504s][info ][safepoint     ] Entering safepoint region: Cleanup
[2023-12-02T15:59:52.436+0000][1663.505s][info ][safepoint     ] Leaving safepoint region
[2023-12-02T15:59:52.437+0000][1663.505s][info ][safepoint     ] Total time for which application threads were stopped: 0.0020198 seconds, Stopping threads took: 0.0008683 seconds
[2023-12-02T15:59:53.437+0000][1664.506s][debug][safepoint     ] Safepoint synchronization initiated. (193 threads)
[2023-12-02T15:59:53.437+0000][1664.507s][info ][safepoint     ] Application time: 1.0003954 seconds
[2023-12-02T15:59:53.437+0000][1664.507s][info ][safepoint     ] Entering safepoint region: Cleanup
[2023-12-02T15:59:53.437+0000][1664.507s][info ][safepoint     ] Leaving safepoint region
[2023-12-02T15:59:53.438+0000][1664.507s][info ][safepoint     ] Total time for which application threads were stopped: 0.0005188 seconds, Stopping threads took: 0.0002103 seconds
[2023-12-02T15:59:54.438+0000][1665.508s][debug][safepoint     ] Safepoint synchronization initiated. (193 threads)
[2023-12-02T15:59:54.439+0000][1665.508s][info ][safepoint     ] Application time: 1.0009738 seconds
[2023-12-02T15:59:54.440+0000][1665.509s][info ][safepoint     ] Entering safepoint region: Cleanup
[2023-12-02T15:59:54.441+0000][1665.511s][info ][safepoint     ] Leaving safepoint region
[2023-12-02T15:59:54.442+0000][1665.511s][info ][safepoint     ] Total time for which application threads were stopped: 0.0019906 seconds, Stopping threads took: 0.0009065 seconds
[2023-12-02T15:59:55.442+0000][1666.512s][debug][safepoint     ] Safepoint synchronization initiated. (193 threads)
[2023-12-02T15:59:55.443+0000][1666.513s][info ][safepoint     ] Application time: 1.0007220 seconds
[2023-12-02T15:59:55.443+0000][1666.513s][info ][safepoint     ] Entering safepoint region: Cleanup
[2023-12-02T15:59:55.444+0000][1666.514s][info ][safepoint     ] Leaving safepoint region
[2023-12-02T15:59:55.445+0000][1666.515s][info ][safepoint     ] Total time for which application threads were stopped: 0.0019845 seconds, Stopping threads took: 0.0005922 seconds
[2023-12-02T15:59:56.446+0000][1667.516s][debug][safepoint     ] Safepoint synchronization initiated. (193 threads)
[2023-12-02T15:59:56.447+0000][1667.517s][info ][safepoint     ] Application time: 1.0010023 seconds
[2023-12-02T15:59:56.448+0000][1667.517s][info ][safepoint     ] Entering safepoint region: Cleanup
[2023-12-02T15:59:56.449+0000][1667.519s][info ][safepoint     ] Leaving safepoint region
[2023-12-02T15:59:56.450+0000][1667.519s][info ][safepoint     ] Total time for which application threads were stopped: 0.0022144 seconds, Stopping threads took: 0.0006267 seconds
[2023-12-02T15:59:57.450+0000][1668.520s][debug][safepoint     ] Safepoint synchronization initiated. (193 threads)
[2023-12-02T15:59:57.451+0000][1668.521s][info ][safepoint     ] Application time: 1.0011214 seconds
[2023-12-02T15:59:57.452+0000][1668.522s][info ][safepoint     ] Entering safepoint region: Cleanup
[2023-12-02T15:59:57.453+0000][1668.523s][info ][safepoint     ] Leaving safepoint region
[2023-12-02T15:59:57.454+0000][1668.524s][info ][safepoint     ] Total time for which application threads were stopped: 0.0022465 seconds, Stopping threads took: 0.0009750 seconds
[2023-12-02T15:59:58.455+0000][1669.525s][debug][safepoint     ] Safepoint synchronization initiated. (193 threads)
[2023-12-02T15:59:58.456+0000][1669.525s][info ][safepoint     ] Application time: 1.0007247 seconds
[2023-12-02T15:59:58.456+0000][1669.526s][info ][safepoint     ] Entering safepoint region: Cleanup
[2023-12-02T15:59:58.457+0000][1669.526s][info ][safepoint     ] Leaving safepoint region
[2023-12-02T15:59:58.457+0000][1669.527s][info ][safepoint     ] Total time for which application threads were stopped: 0.0009972 seconds, Stopping threads took: 0.0004341 seconds
[2023-12-02T15:59:59.458+0000][1670.527s][debug][safepoint     ] Safepoint synchronization initiated. (193 threads)
[2023-12-02T15:59:59.459+0000][1670.528s][info ][safepoint     ] Application time: 1.0010727 seconds
[2023-12-02T15:59:59.459+0000][1670.529s][info ][safepoint     ] Entering safepoint region: Cleanup
[2023-12-02T15:59:59.461+0000][1670.530s][info ][safepoint     ] Leaving safepoint region
[2023-12-02T15:59:59.461+0000][1670.531s][info ][safepoint     ] Total time for which application threads were stopped: 0.0018412 seconds, Stopping threads took: 0.0008198 seconds
[2023-12-02T16:00:00.462+0000][1671.532s][debug][safepoint     ] Safepoint synchronization initiated. (193 threads)
[2023-12-02T16:00:00.463+0000][1671.532s][info ][safepoint     ] Application time: 1.0008402 seconds
[2023-12-02T16:00:00.463+0000][1671.533s][info ][safepoint     ] Entering safepoint region: Cleanup
[2023-12-02T16:00:00.464+0000][1671.534s][info ][safepoint     ] Leaving safepoint region
[2023-12-02T16:00:00.464+0000][1671.534s][info ][safepoint     ] Total time for which application threads were stopped: 0.0010900 seconds, Stopping threads took: 0.0005690 seconds
[2023-12-02T16:00:01.465+0000][1672.535s][debug][safepoint     ] Safepoint synchronization initiated. (193 threads)
[2023-12-02T16:00:01.465+0000][1672.535s][info ][safepoint     ] Application time: 1.0006809 seconds
[2023-12-02T16:00:01.466+0000][1672.535s][info ][safepoint     ] Entering safepoint region: Cleanup
[2023-12-02T16:00:01.466+0000][1672.536s][info ][safepoint     ] Leaving safepoint region
[2023-12-02T16:00:01.467+0000][1672.536s][info ][safepoint     ] Total time for which application threads were stopped: 0.0010536 seconds, Stopping threads took: 0.0004682 seconds
[2023-12-02T16:00:02.468+0000][1673.537s][debug][safepoint     ] Safepoint synchronization initiated. (193 threads)
[2023-12-02T16:00:02.469+0000][1673.538s][info ][safepoint     ] Application time: 1.0012535 seconds
[2023-12-02T16:00:02.469+0000][1673.539s][info ][safepoint     ] Entering safepoint region: Cleanup
[2023-12-02T16:00:02.470+0000][1673.540s][info ][safepoint     ] Leaving safepoint region
[2023-12-02T16:00:02.471+0000][1673.541s][info ][safepoint     ] Total time for which application threads were stopped: 0.0021066 seconds, Stopping threads took: 0.0007621 seconds
[2023-12-02T16:00:03.472+0000][1674.542s][debug][safepoint     ] Safepoint synchronization initiated. (193 threads)
[2023-12-02T16:00:03.473+0000][1674.543s][info ][safepoint     ] Application time: 1.0011850 seconds
[2023-12-02T16:00:03.474+0000][1674.544s][info ][safepoint     ] Entering safepoint region: Cleanup
[2023-12-02T16:00:03.475+0000][1674.545s][info ][safepoint     ] Leaving safepoint region
[2023-12-02T16:00:03.476+0000][1674.546s][info ][safepoint     ] Total time for which application threads were stopped: 0.0019871 seconds, Stopping threads took: 0.0007759 seconds
[2023-12-02T16:00:04.477+0000][1675.546s][debug][safepoint     ] Safepoint synchronization initiated. (193 threads)
[2023-12-02T16:00:04.477+0000][1675.547s][info ][safepoint     ] Application time: 1.0006658 seconds
[2023-12-02T16:00:04.478+0000][1675.547s][info ][safepoint     ] Entering safepoint region: Cleanup
[2023-12-02T16:00:04.478+0000][1675.548s][info ][safepoint     ] Leaving safepoint region
[2023-12-02T16:00:04.478+0000][1675.548s][info ][safepoint     ] Total time for which application threads were stopped: 0.0009887 seconds, Stopping threads took: 0.0004837 seconds
[2023-12-02T16:00:05.479+0000][1676.548s][debug][safepoint     ] Safepoint synchronization initiated. (193 threads)
[2023-12-02T16:00:05.479+0000][1676.549s][info ][safepoint     ] Application time: 1.0005916 seconds
[2023-12-02T16:00:05.480+0000][1676.549s][info ][safepoint     ] Entering safepoint region: Cleanup
[2023-12-02T16:00:05.480+0000][1676.550s][info ][safepoint     ] Leaving safepoint region
[2023-12-02T16:00:05.480+0000][1676.550s][info ][safepoint     ] Total time for which application threads were stopped: 0.0007117 seconds, Stopping threads took: 0.0003188 seconds
[2023-12-02T16:00:06.481+0000][1677.550s][debug][safepoint     ] Safepoint synchronization initiated. (193 threads)
[2023-12-02T16:00:06.482+0000][1677.551s][info ][safepoint     ] Application time: 1.0012474 seconds
[2023-12-02T16:00:06.482+0000][1677.552s][debug][safepoint     ] ... found polling page return exception at pc = 0x00007f43fca85ff6, stub =0x00007f43f4840600
[2023-12-02T16:00:06.482+0000][1677.552s][debug][safepoint     ] ... found polling page return exception at pc = 0x00007f43fc50e5e8, stub =0x00007f43f4840600
[2023-12-02T16:00:06.482+0000][1677.552s][debug][safepoint     ] ... found polling page loop exception at pc = 0x00007f43fcb05ba0, stub =0x00007f43f4843680
[2023-12-02T16:00:06.484+0000][1677.554s][debug][safepoint     ] Waiting for 4 thread(s) to block
[2023-12-02T16:00:06.485+0000][1677.555s][info ][safepoint     ] Entering safepoint region: Cleanup
[2023-12-02T16:00:06.486+0000][1677.556s][info ][safepoint     ] Leaving safepoint region
[2023-12-02T16:00:06.487+0000][1677.556s][info ][safepoint     ] Total time for which application threads were stopped: 0.0043326 seconds, Stopping threads took: 0.0035741 seconds
[2023-12-02T16:00:07.487+0000][1678.557s][debug][safepoint     ] Safepoint synchronization initiated. (193 threads)
[2023-12-02T16:00:07.488+0000][1678.557s][info ][safepoint     ] Application time: 1.0004710 seconds
[2023-12-02T16:00:07.488+0000][1678.558s][info ][safepoint     ] Entering safepoint region: Cleanup
[2023-12-02T16:00:07.488+0000][1678.558s][info ][safepoint     ] Leaving safepoint region
[2023-12-02T16:00:07.489+0000][1678.558s][info ][safepoint     ] Total time for which application threads were stopped: 0.0007782 seconds, Stopping threads took: 0.0003312 seconds
[2023-12-02T16:00:08.489+0000][1679.559s][debug][safepoint     ] Safepoint synchronization initiated. (193 threads)
[2023-12-02T16:00:08.490+0000][1679.559s][info ][safepoint     ] Application time: 1.0006333 seconds
[2023-12-02T16:00:08.490+0000][1679.560s][info ][safepoint     ] Entering safepoint region: Cleanup
[2023-12-02T16:00:08.491+0000][1679.560s][info ][safepoint     ] Leaving safepoint region
[2023-12-02T16:00:08.491+0000][1679.560s][info ][safepoint     ] Total time for which application threads were stopped: 0.0009377 seconds, Stopping threads took: 0.0003932 seconds
[2023-12-02T16:00:09.491+0000][1680.561s][debug][safepoint     ] Safepoint synchronization initiated. (193 threads)
[2023-12-02T16:00:09.492+0000][1680.562s][info ][safepoint     ] Application time: 1.0010045 seconds
[2023-12-02T16:00:09.493+0000][1680.563s][info ][safepoint     ] Entering safepoint region: Cleanup
[2023-12-02T16:00:09.494+0000][1680.563s][info ][safepoint     ] Leaving safepoint region
[2023-12-02T16:00:09.494+0000][1680.564s][info ][safepoint     ] Total time for which application threads were stopped: 0.0015882 seconds, Stopping threads took: 0.0005894 seconds
[2023-12-02T16:00:10.495+0000][1681.565s][debug][safepoint     ] Safepoint synchronization initiated. (193 threads)
[2023-12-02T16:00:10.496+0000][1681.566s][info ][safepoint     ] Application time: 1.0013065 seconds
[2023-12-02T16:00:10.497+0000][1681.567s][info ][safepoint     ] Entering safepoint region: Cleanup
[2023-12-02T16:00:10.498+0000][1681.568s][info ][safepoint     ] Leaving safepoint region
[2023-12-02T16:00:10.499+0000][1681.568s][info ][safepoint     ] Total time for which application threads were stopped: 0.0018353 seconds, Stopping threads took: 0.0008688 seconds
[2023-12-02T16:00:11.500+0000][1682.569s][debug][safepoint     ] Safepoint synchronization initiated. (193 threads)
[2023-12-02T16:00:11.500+0000][1682.570s][info ][safepoint     ] Application time: 1.0011112 seconds
[2023-12-02T16:00:11.501+0000][1682.571s][info ][safepoint     ] Entering safepoint region: Cleanup
[2023-12-02T16:00:11.502+0000][1682.571s][info ][safepoint     ] Leaving safepoint region
[2023-12-02T16:00:11.502+0000][1682.572s][info ][safepoint     ] Total time for which application threads were stopped: 0.0010622 seconds, Stopping threads took: 0.0004760 seconds
[2023-12-02T16:00:11.502+0000][1682.571s][debug][safepoint     ] ... found polling page return exception at pc = 0x00007f43fc9de0c4, stub =0x00007f43f4840600
[2023-12-02T16:00:12.502+0000][1683.572s][debug][safepoint     ] Safepoint synchronization initiated. (193 threads)
[2023-12-02T16:00:12.503+0000][1683.572s][info ][safepoint     ] Application time: 1.0005097 seconds
[2023-12-02T16:00:12.503+0000][1683.573s][info ][safepoint     ] Entering safepoint region: Cleanup
[2023-12-02T16:00:12.504+0000][1683.573s][info ][safepoint     ] Leaving safepoint region
[2023-12-02T16:00:12.504+0000][1683.573s][info ][safepoint     ] Total time for which application threads were stopped: 0.0008322 seconds, Stopping threads took: 0.0003264 seconds
[2023-12-02T16:00:13.504+0000][1684.574s][debug][safepoint     ] Safepoint synchronization initiated. (193 threads)
[2023-12-02T16:00:13.505+0000][1684.575s][info ][safepoint     ] Application time: 1.0012512 seconds
[2023-12-02T16:00:13.506+0000][1684.576s][info ][safepoint     ] Entering safepoint region: Cleanup
[2023-12-02T16:00:13.507+0000][1684.577s][info ][safepoint     ] Leaving safepoint region
[2023-12-02T16:00:13.508+0000][1684.578s][info ][safepoint     ] Total time for which application threads were stopped: 0.0017553 seconds, Stopping threads took: 0.0007046 seconds
[2023-12-02T16:00:14.509+0000][1685.578s][debug][safepoint     ] Safepoint synchronization initiated. (193 threads)
[2023-12-02T16:00:14.509+0000][1685.579s][info ][safepoint     ] Application time: 1.0006720 seconds
[2023-12-02T16:00:14.510+0000][1685.580s][info ][safepoint     ] Entering safepoint region: Cleanup
[2023-12-02T16:00:14.511+0000][1685.580s][info ][safepoint     ] Leaving safepoint region
[2023-12-02T16:00:14.511+0000][1685.581s][info ][safepoint     ] Total time for which application threads were stopped: 0.0014588 seconds, Stopping threads took: 0.0006512 seconds
[2023-12-02T16:00:15.512+0000][1686.582s][debug][safepoint     ] Safepoint synchronization initiated. (193 threads)
[2023-12-02T16:00:15.513+0000][1686.582s][info ][safepoint     ] Application time: 1.0008527 seconds
[2023-12-02T16:00:15.513+0000][1686.583s][info ][safepoint     ] Entering safepoint region: Cleanup
[2023-12-02T16:00:15.514+0000][1686.584s][info ][safepoint     ] Leaving safepoint region
[2023-12-02T16:00:15.514+0000][1686.584s][info ][safepoint     ] Total time for which application threads were stopped: 0.0010198 seconds, Stopping threads took: 0.0004492 seconds
[2023-12-02T16:00:16.515+0000][1687.585s][debug][safepoint     ] Safepoint synchronization initiated. (193 threads)
[2023-12-02T16:00:16.515+0000][1687.585s][info ][safepoint     ] Application time: 1.0007558 seconds
[2023-12-02T16:00:16.516+0000][1687.586s][info ][safepoint     ] Entering safepoint region: Cleanup
[2023-12-02T16:00:16.517+0000][1687.586s][info ][safepoint     ] Leaving safepoint region
[2023-12-02T16:00:16.517+0000][1687.587s][info ][safepoint     ] Total time for which application threads were stopped: 0.0010515 seconds, Stopping threads took: 0.0004245 seconds
[2023-12-02T16:00:17.518+0000][1688.587s][debug][safepoint     ] Safepoint synchronization initiated. (193 threads)
[2023-12-02T16:00:17.519+0000][1688.589s][info ][safepoint     ] Application time: 1.0015773 seconds
[2023-12-02T16:00:17.520+0000][1688.589s][info ][safepoint     ] Entering safepoint region: Cleanup
[2023-12-02T16:00:17.521+0000][1688.590s][info ][safepoint     ] Leaving safepoint region
[2023-12-02T16:00:17.522+0000][1688.591s][info ][safepoint     ] Total time for which application threads were stopped: 0.0020247 seconds, Stopping threads took: 0.0008727 seconds
[2023-12-02T16:00:18.522+0000][1689.592s][debug][safepoint     ] Safepoint synchronization initiated. (193 threads)
[2023-12-02T16:00:18.523+0000][1689.592s][info ][safepoint     ] Application time: 1.0004590 seconds
[2023-12-02T16:00:18.523+0000][1689.593s][info ][safepoint     ] Entering safepoint region: Cleanup
[2023-12-02T16:00:18.524+0000][1689.593s][info ][safepoint     ] Leaving safepoint region
[2023-12-02T16:00:18.524+0000][1689.594s][info ][safepoint     ] Total time for which application threads were stopped: 0.0008419 seconds, Stopping threads took: 0.0003752 seconds
[2023-12-02T16:00:19.524+0000][1690.594s][debug][safepoint     ] Safepoint synchronization initiated. (193 threads)
[2023-12-02T16:00:19.525+0000][1690.595s][info ][safepoint     ] Application time: 1.0011015 seconds
[2023-12-02T16:00:19.526+0000][1690.596s][info ][safepoint     ] Entering safepoint region: Cleanup
[2023-12-02T16:00:19.527+0000][1690.597s][info ][safepoint     ] Leaving safepoint region
[2023-12-02T16:00:19.528+0000][1690.597s][info ][safepoint     ] Total time for which application threads were stopped: 0.0017531 seconds, Stopping threads took: 0.0007638 seconds
[2023-12-02T16:00:20.529+0000][1691.598s][debug][safepoint     ] Safepoint synchronization initiated. (193 threads)
[2023-12-02T16:00:20.529+0000][1691.599s][info ][safepoint     ] Application time: 1.0009619 seconds
[2023-12-02T16:00:20.530+0000][1691.600s][info ][safepoint     ] Entering safepoint region: Cleanup
[2023-12-02T16:00:20.531+0000][1691.601s][info ][safepoint     ] Leaving safepoint region
[2023-12-02T16:00:20.532+0000][1691.601s][info ][safepoint     ] Total time for which application threads were stopped: 0.0015394 seconds, Stopping threads took: 0.0006503 seconds
[2023-12-02T16:00:21.533+0000][1692.602s][debug][safepoint     ] Safepoint synchronization initiated. (193 threads)
[2023-12-02T16:00:21.533+0000][1692.603s][info ][safepoint     ] Application time: 1.0009218 seconds
[2023-12-02T16:00:21.534+0000][1692.603s][info ][safepoint     ] Entering safepoint region: Cleanup
[2023-12-02T16:00:21.534+0000][1692.604s][info ][safepoint     ] Leaving safepoint region
[2023-12-02T16:00:21.535+0000][1692.604s][info ][safepoint     ] Total time for which application threads were stopped: 0.0011955 seconds, Stopping threads took: 0.0004504 seconds
[2023-12-02T16:00:22.536+0000][1693.605s][debug][safepoint     ] Safepoint synchronization initiated. (193 threads)
[2023-12-02T16:00:22.536+0000][1693.606s][info ][safepoint     ] Application time: 1.0006159 seconds
[2023-12-02T16:00:22.536+0000][1693.606s][info ][safepoint     ] Entering safepoint region: Cleanup
[2023-12-02T16:00:22.537+0000][1693.606s][info ][safepoint     ] Leaving safepoint region
[2023-12-02T16:00:22.537+0000][1693.607s][info ][safepoint     ] Total time for which application threads were stopped: 0.0007194 seconds, Stopping threads took: 0.0002867 seconds
[2023-12-02T16:00:23.537+0000][1694.607s][debug][safepoint     ] Safepoint synchronization initiated. (193 threads)
[2023-12-02T16:00:23.538+0000][1694.608s][info ][safepoint     ] Application time: 1.0011667 seconds
[2023-12-02T16:00:23.538+0000][1694.609s][info ][safepoint     ] Entering safepoint region: Cleanup
[2023-12-02T16:00:23.539+0000][1694.610s][info ][safepoint     ] Leaving safepoint region
[2023-12-02T16:00:23.540+0000][1694.610s][info ][safepoint     ] Total time for which application threads were stopped: 0.0017825 seconds, Stopping threads took: 0.0006848 seconds
[2023-12-02T16:00:24.541+0000][1695.611s][debug][safepoint     ] Safepoint synchronization initiated. (193 threads)
[2023-12-02T16:00:24.541+0000][1695.611s][info ][safepoint     ] Application time: 1.0003903 seconds
[2023-12-02T16:00:24.541+0000][1695.612s][info ][safepoint     ] Entering safepoint region: Cleanup
[2023-12-02T16:00:24.542+0000][1695.612s][info ][safepoint     ] Leaving safepoint region
[2023-12-02T16:00:24.542+0000][1695.612s][info ][safepoint     ] Total time for which application threads were stopped: 0.0007034 seconds, Stopping threads took: 0.0002883 seconds
[2023-12-02T16:00:25.542+0000][1696.613s][debug][safepoint     ] Safepoint synchronization initiated. (193 threads)
[2023-12-02T16:00:25.543+0000][1696.613s][info ][safepoint     ] Application time: 1.0004126 seconds
[2023-12-02T16:00:25.543+0000][1696.613s][info ][safepoint     ] Entering safepoint region: Cleanup
[2023-12-02T16:00:25.543+0000][1696.614s][info ][safepoint     ] Leaving safepoint region
[2023-12-02T16:00:25.544+0000][1696.614s][info ][safepoint     ] Total time for which application threads were stopped: 0.0006184 seconds, Stopping threads took: 0.0002730 seconds
[2023-12-02T16:00:26.544+0000][1697.614s][debug][safepoint     ] Safepoint synchronization initiated. (193 threads)
[2023-12-02T16:00:26.544+0000][1697.614s][info ][safepoint     ] Application time: 1.0004115 seconds
[2023-12-02T16:00:26.544+0000][1697.615s][debug][safepoint     ] ... found polling page return exception at pc = 0x00007f43fc480e18, stub =0x00007f43f4840600
[2023-12-02T16:00:26.545+0000][1697.615s][debug][safepoint     ] Waiting for 1 thread(s) to block
[2023-12-02T16:00:26.545+0000][1697.615s][info ][safepoint     ] Entering safepoint region: Cleanup
[2023-12-02T16:00:26.545+0000][1697.616s][info ][safepoint     ] Leaving safepoint region
[2023-12-02T16:00:26.546+0000][1697.616s][info ][safepoint     ] Total time for which application threads were stopped: 0.0014430 seconds, Stopping threads took: 0.0008266 seconds
[2023-12-02T16:00:27.546+0000][1698.617s][debug][safepoint     ] Safepoint synchronization initiated. (193 threads)
[2023-12-02T16:00:27.547+0000][1698.617s][info ][safepoint     ] Application time: 1.0008241 seconds
[2023-12-02T16:00:27.547+0000][1698.618s][info ][safepoint     ] Entering safepoint region: Cleanup
[2023-12-02T16:00:27.548+0000][1698.618s][info ][safepoint     ] Leaving safepoint region
[2023-12-02T16:00:27.548+0000][1698.619s][info ][safepoint     ] Total time for which application threads were stopped: 0.0011509 seconds, Stopping threads took: 0.0004675 seconds
[2023-12-02T16:00:28.549+0000][1699.619s][debug][safepoint     ] Safepoint synchronization initiated. (193 threads)
[2023-12-02T16:00:28.550+0000][1699.620s][info ][safepoint     ] Application time: 1.0007644 seconds
[2023-12-02T16:00:28.550+0000][1699.620s][info ][safepoint     ] Entering safepoint region: Cleanup
[2023-12-02T16:00:28.551+0000][1699.621s][info ][safepoint     ] Leaving safepoint region
[2023-12-02T16:00:28.551+0000][1699.621s][info ][safepoint     ] Total time for which application threads were stopped: 0.0009837 seconds, Stopping threads took: 0.0005113 seconds
[2023-12-02T16:00:29.551+0000][1700.622s][debug][safepoint     ] Safepoint synchronization initiated. (193 threads)
[2023-12-02T16:00:29.552+0000][1700.622s][info ][safepoint     ] Application time: 1.0010601 seconds
[2023-12-02T16:00:29.553+0000][1700.623s][info ][safepoint     ] Entering safepoint region: Cleanup
[2023-12-02T16:00:29.554+0000][1700.625s][info ][safepoint     ] Leaving safepoint region
[2023-12-02T16:00:29.555+0000][1700.625s][info ][safepoint     ] Total time for which application threads were stopped: 0.0019247 seconds, Stopping threads took: 0.0008487 seconds
[2023-12-02T16:00:30.556+0000][1701.626s][debug][safepoint     ] Safepoint synchronization initiated. (193 threads)
[2023-12-02T16:00:30.557+0000][1701.627s][info ][safepoint     ] Application time: 1.0013102 seconds
[2023-12-02T16:00:30.558+0000][1701.628s][info ][safepoint     ] Entering safepoint region: Cleanup
[2023-12-02T16:00:30.559+0000][1701.629s][info ][safepoint     ] Leaving safepoint region
[2023-12-02T16:00:30.560+0000][1701.630s][info ][safepoint     ] Total time for which application threads were stopped: 0.0020684 seconds, Stopping threads took: 0.0008152 seconds
[2023-12-02T16:00:31.561+0000][1702.631s][debug][safepoint     ] Safepoint synchronization initiated. (193 threads)
[2023-12-02T16:00:31.562+0000][1702.632s][info ][safepoint     ] Application time: 1.0011245 seconds
[2023-12-02T16:00:31.563+0000][1702.633s][info ][safepoint     ] Entering safepoint region: Cleanup
[2023-12-02T16:00:31.564+0000][1702.634s][info ][safepoint     ] Leaving safepoint region
[2023-12-02T16:00:31.564+0000][1702.634s][info ][safepoint     ] Total time for which application threads were stopped: 0.0015392 seconds, Stopping threads took: 0.0007201 seconds
[2023-12-02T16:00:32.565+0000][1703.635s][debug][safepoint     ] Safepoint synchronization initiated. (193 threads)
[2023-12-02T16:00:32.565+0000][1703.636s][info ][safepoint     ] Application time: 1.0009076 seconds
[2023-12-02T16:00:32.566+0000][1703.636s][info ][safepoint     ] Entering safepoint region: Cleanup
[2023-12-02T16:00:32.566+0000][1703.637s][info ][safepoint     ] Leaving safepoint region
[2023-12-02T16:00:32.567+0000][1703.637s][info ][safepoint     ] Total time for which application threads were stopped: 0.0011533 seconds, Stopping threads took: 0.0004934 seconds
[2023-12-02T16:00:33.567+0000][1704.638s][debug][safepoint     ] Safepoint synchronization initiated. (193 threads)
[2023-12-02T16:00:33.568+0000][1704.638s][info ][safepoint     ] Application time: 1.0010090 seconds
[2023-12-02T16:00:33.569+0000][1704.639s][info ][safepoint     ] Entering safepoint region: Cleanup
[2023-12-02T16:00:33.569+0000][1704.640s][info ][safepoint     ] Leaving safepoint region
[2023-12-02T16:00:33.570+0000][1704.640s][info ][safepoint     ] Total time for which application threads were stopped: 0.0011875 seconds, Stopping threads took: 0.0004967 seconds
[2023-12-02T16:00:34.571+0000][1705.641s][debug][safepoint     ] Safepoint synchronization initiated. (193 threads)
[2023-12-02T16:00:34.571+0000][1705.641s][info ][safepoint     ] Application time: 1.0009455 seconds
[2023-12-02T16:00:34.572+0000][1705.642s][info ][safepoint     ] Entering safepoint region: Cleanup
[2023-12-02T16:00:34.572+0000][1705.642s][info ][safepoint     ] Leaving safepoint region
[2023-12-02T16:00:34.573+0000][1705.643s][info ][safepoint     ] Total time for which application threads were stopped: 0.0010488 seconds, Stopping threads took: 0.0004302 seconds
[2023-12-02T16:00:35.573+0000][1706.644s][debug][safepoint     ] Safepoint synchronization initiated. (193 threads)
[2023-12-02T16:00:35.574+0000][1706.644s][info ][safepoint     ] Application time: 1.0010304 seconds
[2023-12-02T16:00:35.575+0000][1706.645s][info ][safepoint     ] Entering safepoint region: Cleanup
[2023-12-02T16:00:35.576+0000][1706.646s][info ][safepoint     ] Leaving safepoint region
[2023-12-02T16:00:35.576+0000][1706.646s][info ][safepoint     ] Total time for which application threads were stopped: 0.0014101 seconds, Stopping threads took: 0.0006187 seconds
[2023-12-02T16:00:36.577+0000][1707.648s][debug][safepoint     ] Safepoint synchronization initiated. (193 threads)
[2023-12-02T16:00:36.578+0000][1707.648s][info ][safepoint     ] Application time: 1.0013426 seconds
[2023-12-02T16:00:36.578+0000][1707.649s][info ][safepoint     ] Entering safepoint region: Cleanup
[2023-12-02T16:00:36.579+0000][1707.649s][info ][safepoint     ] Leaving safepoint region
[2023-12-02T16:00:36.579+0000][1707.650s][info ][safepoint     ] Total time for which application threads were stopped: 0.0010348 seconds, Stopping threads took: 0.0003824 seconds
[2023-12-02T16:00:37.580+0000][1708.650s][debug][safepoint     ] Safepoint synchronization initiated. (193 threads)
[2023-12-02T16:00:37.581+0000][1708.651s][info ][safepoint     ] Application time: 1.0010088 seconds
[2023-12-02T16:00:37.582+0000][1708.652s][info ][safepoint     ] Entering safepoint region: Cleanup
[2023-12-02T16:00:37.582+0000][1708.653s][info ][safepoint     ] Leaving safepoint region
[2023-12-02T16:00:37.583+0000][1708.653s][info ][safepoint     ] Total time for which application threads were stopped: 0.0013396 seconds, Stopping threads took: 0.0007143 seconds
[2023-12-02T16:00:38.584+0000][1709.654s][debug][safepoint     ] Safepoint synchronization initiated. (193 threads)
[2023-12-02T16:00:38.584+0000][1709.654s][info ][safepoint     ] Application time: 1.0007460 seconds
[2023-12-02T16:00:38.585+0000][1709.655s][info ][safepoint     ] Entering safepoint region: Cleanup
[2023-12-02T16:00:38.585+0000][1709.655s][info ][safepoint     ] Leaving safepoint region
[2023-12-02T16:00:38.585+0000][1709.655s][info ][safepoint     ] Total time for which application threads were stopped: 0.0007242 seconds, Stopping threads took: 0.0003000 seconds
[2023-12-02T16:00:39.586+0000][1710.656s][debug][safepoint     ] Safepoint synchronization initiated. (193 threads)
[2023-12-02T16:00:39.586+0000][1710.656s][info ][safepoint     ] Application time: 1.0007515 seconds
[2023-12-02T16:00:39.587+0000][1710.657s][info ][safepoint     ] Entering safepoint region: Cleanup
[2023-12-02T16:00:39.587+0000][1710.657s][info ][safepoint     ] Leaving safepoint region
[2023-12-02T16:00:39.587+0000][1710.658s][info ][safepoint     ] Total time for which application threads were stopped: 0.0008371 seconds, Stopping threads took: 0.0004028 seconds
[2023-12-02T16:00:40.588+0000][1711.658s][debug][safepoint     ] Safepoint synchronization initiated. (193 threads)
[2023-12-02T16:00:40.589+0000][1711.659s][info ][safepoint     ] Application time: 1.0011996 seconds
[2023-12-02T16:00:40.589+0000][1711.660s][info ][safepoint     ] Entering safepoint region: Cleanup
[2023-12-02T16:00:40.591+0000][1711.661s][info ][safepoint     ] Leaving safepoint region
[2023-12-02T16:00:40.591+0000][1711.661s][info ][safepoint     ] Total time for which application threads were stopped: 0.0016874 seconds, Stopping threads took: 0.0007247 seconds
[2023-12-02T16:00:41.592+0000][1712.662s][debug][safepoint     ] Safepoint synchronization initiated. (193 threads)
[2023-12-02T16:00:41.592+0000][1712.662s][info ][safepoint     ] Application time: 1.0006077 seconds
[2023-12-02T16:00:41.592+0000][1712.663s][info ][safepoint     ] Entering safepoint region: Cleanup
[2023-12-02T16:00:41.593+0000][1712.663s][info ][safepoint     ] Leaving safepoint region
[2023-12-02T16:00:41.593+0000][1712.663s][info ][safepoint     ] Total time for which application threads were stopped: 0.0006414 seconds, Stopping threads took: 0.0002222 seconds
[2023-12-02T16:00:42.594+0000][1713.664s][debug][safepoint     ] Safepoint synchronization initiated. (193 threads)
[2023-12-02T16:00:42.594+0000][1713.665s][info ][safepoint     ] Application time: 1.0011326 seconds
[2023-12-02T16:00:42.595+0000][1713.665s][info ][safepoint     ] Entering safepoint region: Cleanup
[2023-12-02T16:00:42.596+0000][1713.666s][info ][safepoint     ] Leaving safepoint region
[2023-12-02T16:00:42.596+0000][1713.667s][info ][safepoint     ] Total time for which application threads were stopped: 0.0014639 seconds, Stopping threads took: 0.0007199 seconds
[2023-12-02T16:00:43.597+0000][1714.667s][debug][safepoint     ] Safepoint synchronization initiated. (193 threads)
[2023-12-02T16:00:43.598+0000][1714.668s][info ][safepoint     ] Application time: 1.0006047 seconds
[2023-12-02T16:00:43.598+0000][1714.668s][info ][safepoint     ] Entering safepoint region: Cleanup
[2023-12-02T16:00:43.598+0000][1714.668s][info ][safepoint     ] Leaving safepoint region
[2023-12-02T16:00:43.599+0000][1714.669s][info ][safepoint     ] Total time for which application threads were stopped: 0.0008101 seconds, Stopping threads took: 0.0002264 seconds
[2023-12-02T16:00:44.599+0000][1715.669s][debug][safepoint     ] Safepoint synchronization initiated. (193 threads)
[2023-12-02T16:00:44.600+0000][1715.670s][info ][safepoint     ] Application time: 1.0007620 seconds
[2023-12-02T16:00:44.600+0000][1715.670s][info ][safepoint     ] Entering safepoint region: Cleanup
[2023-12-02T16:00:44.601+0000][1715.671s][info ][safepoint     ] Leaving safepoint region
[2023-12-02T16:00:44.601+0000][1715.671s][info ][safepoint     ] Total time for which application threads were stopped: 0.0011199 seconds, Stopping threads took: 0.0005006 seconds
[2023-12-02T16:00:45.602+0000][1716.672s][debug][safepoint     ] Safepoint synchronization initiated. (193 threads)
[2023-12-02T16:00:45.602+0000][1716.673s][info ][safepoint     ] Application time: 1.0007812 seconds
[2023-12-02T16:00:45.603+0000][1716.673s][info ][safepoint     ] Entering safepoint region: Cleanup
[2023-12-02T16:00:45.603+0000][1716.674s][info ][safepoint     ] Leaving safepoint region
[2023-12-02T16:00:45.604+0000][1716.674s][info ][safepoint     ] Total time for which application threads were stopped: 0.0010624 seconds, Stopping threads took: 0.0004849 seconds
[2023-12-02T16:00:46.605+0000][1717.675s][debug][safepoint     ] Safepoint synchronization initiated. (193 threads)
[2023-12-02T16:00:46.606+0000][1717.676s][info ][safepoint     ] Application time: 1.0013247 seconds
[2023-12-02T16:00:46.606+0000][1717.677s][debug][safepoint     ] ... found polling page return exception at pc = 0x00007f43fc35d01d, stub =0x00007f43f4840600
[2023-12-02T16:00:46.607+0000][1717.677s][debug][safepoint     ] Waiting for 1 thread(s) to block
[2023-12-02T16:00:46.608+0000][1717.678s][info ][safepoint     ] Entering safepoint region: Cleanup
[2023-12-02T16:00:46.609+0000][1717.680s][info ][safepoint     ] Leaving safepoint region
[2023-12-02T16:00:46.610+0000][1717.680s][info ][safepoint     ] Total time for which application threads were stopped: 0.0035381 seconds, Stopping threads took: 0.0026556 seconds
[2023-12-02T16:00:47.611+0000][1718.681s][debug][safepoint     ] Safepoint synchronization initiated. (193 threads)
[2023-12-02T16:00:47.611+0000][1718.681s][info ][safepoint     ] Application time: 1.0008229 seconds
[2023-12-02T16:00:47.612+0000][1718.682s][info ][safepoint     ] Entering safepoint region: Cleanup
[2023-12-02T16:00:47.612+0000][1718.683s][info ][safepoint     ] Leaving safepoint region
[2023-12-02T16:00:47.613+0000][1718.683s][info ][safepoint     ] Total time for which application threads were stopped: 0.0009788 seconds, Stopping threads took: 0.0005082 seconds
[2023-12-02T16:00:48.613+0000][1719.683s][debug][safepoint     ] Safepoint synchronization initiated. (193 threads)
[2023-12-02T16:00:48.614+0000][1719.684s][info ][safepoint     ] Application time: 1.0008938 seconds
[2023-12-02T16:00:48.614+0000][1719.685s][info ][safepoint     ] Entering safepoint region: Cleanup
[2023-12-02T16:00:48.615+0000][1719.685s][info ][safepoint     ] Leaving safepoint region
[2023-12-02T16:00:48.616+0000][1719.686s][info ][safepoint     ] Total time for which application threads were stopped: 0.0011988 seconds, Stopping threads took: 0.0004807 seconds
[2023-12-02T16:00:49.616+0000][1720.686s][debug][safepoint     ] Safepoint synchronization initiated. (193 threads)
[2023-12-02T16:00:49.617+0000][1720.687s][info ][safepoint     ] Application time: 1.0005956 seconds
[2023-12-02T16:00:49.617+0000][1720.687s][info ][safepoint     ] Entering safepoint region: Cleanup
[2023-12-02T16:00:49.617+0000][1720.688s][info ][safepoint     ] Leaving safepoint region
[2023-12-02T16:00:49.618+0000][1720.688s][info ][safepoint     ] Total time for which application threads were stopped: 0.0008764 seconds, Stopping threads took: 0.0004246 seconds
[2023-12-02T16:00:50.618+0000][1721.688s][debug][safepoint     ] Safepoint synchronization initiated. (193 threads)
[2023-12-02T16:00:50.619+0000][1721.689s][info ][safepoint     ] Application time: 1.0010052 seconds
[2023-12-02T16:00:50.620+0000][1721.690s][info ][safepoint     ] Entering safepoint region: Cleanup
[2023-12-02T16:00:50.620+0000][1721.691s][info ][safepoint     ] Leaving safepoint region
[2023-12-02T16:00:50.621+0000][1721.691s][info ][safepoint     ] Total time for which application threads were stopped: 0.0015765 seconds, Stopping threads took: 0.0007134 seconds
[2023-12-02T16:00:51.622+0000][1722.692s][debug][safepoint     ] Safepoint synchronization initiated. (193 threads)
[2023-12-02T16:00:51.622+0000][1722.693s][info ][safepoint     ] Application time: 1.0008054 seconds
[2023-12-02T16:00:51.623+0000][1722.693s][info ][safepoint     ] Entering safepoint region: Cleanup
[2023-12-02T16:00:51.624+0000][1722.694s][info ][safepoint     ] Leaving safepoint region
[2023-12-02T16:00:51.624+0000][1722.695s][info ][safepoint     ] Total time for which application threads were stopped: 0.0014767 seconds, Stopping threads took: 0.0008217 seconds
[2023-12-02T16:00:52.625+0000][1723.695s][debug][safepoint     ] Safepoint synchronization initiated. (193 threads)
[2023-12-02T16:00:52.625+0000][1723.696s][info ][safepoint     ] Application time: 1.0005144 seconds
[2023-12-02T16:00:52.626+0000][1723.696s][info ][safepoint     ] Entering safepoint region: Cleanup
[2023-12-02T16:00:52.626+0000][1723.697s][info ][safepoint     ] Leaving safepoint region
[2023-12-02T16:00:52.627+0000][1723.697s][info ][safepoint     ] Total time for which application threads were stopped: 0.0008770 seconds, Stopping threads took: 0.0004470 seconds
[2023-12-02T16:00:53.627+0000][1724.698s][debug][safepoint     ] Safepoint synchronization initiated. (193 threads)
[2023-12-02T16:00:53.628+0000][1724.699s][info ][safepoint     ] Application time: 1.0012786 seconds
[2023-12-02T16:00:53.629+0000][1724.699s][info ][safepoint     ] Entering safepoint region: Cleanup
[2023-12-02T16:00:53.630+0000][1724.701s][info ][safepoint     ] Leaving safepoint region
[2023-12-02T16:00:53.631+0000][1724.701s][info ][safepoint     ] Total time for which application threads were stopped: 0.0018396 seconds, Stopping threads took: 0.0007069 seconds
[2023-12-02T16:00:54.632+0000][1725.702s][debug][safepoint     ] Safepoint synchronization initiated. (193 threads)
[2023-12-02T16:00:54.633+0000][1725.703s][info ][safepoint     ] Application time: 1.0016791 seconds
[2023-12-02T16:00:54.633+0000][1725.704s][info ][safepoint     ] Entering safepoint region: Cleanup
[2023-12-02T16:00:54.634+0000][1725.705s][info ][safepoint     ] Leaving safepoint region
[2023-12-02T16:00:54.635+0000][1725.705s][info ][safepoint     ] Total time for which application threads were stopped: 0.0013035 seconds, Stopping threads took: 0.0005107 seconds
[2023-12-02T16:00:55.635+0000][1726.706s][debug][safepoint     ] Safepoint synchronization initiated. (193 threads)
[2023-12-02T16:00:55.636+0000][1726.706s][info ][safepoint     ] Application time: 1.0007343 seconds
[2023-12-02T16:00:55.636+0000][1726.707s][info ][safepoint     ] Entering safepoint region: Cleanup
[2023-12-02T16:00:55.637+0000][1726.707s][info ][safepoint     ] Leaving safepoint region
[2023-12-02T16:00:55.637+0000][1726.708s][info ][safepoint     ] Total time for which application threads were stopped: 0.0009636 seconds, Stopping threads took: 0.0004052 seconds
[2023-12-02T16:00:55.637+0000][1726.707s][debug][safepoint     ] ... found polling page return exception at pc = 0x00007f43fc9de0c4, stub =0x00007f43f4840600
[2023-12-02T16:00:55.637+0000][1726.707s][debug][safepoint     ] ... found polling page return exception at pc = 0x00007f43fc9de0c4, stub =0x00007f43f4840600
[2023-12-02T16:00:55.637+0000][1726.707s][debug][safepoint     ] ... found polling page return exception at pc = 0x00007f43fc9de0c4, stub =0x00007f43f4840600
[2023-12-02T16:00:55.637+0000][1726.707s][debug][safepoint     ] ... found polling page return exception at pc = 0x00007f43fc9de0c4, stub =0x00007f43f4840600
[2023-12-02T16:00:55.637+0000][1726.707s][debug][safepoint     ] ... found polling page return exception at pc = 0x00007f43fc9de0c4, stub =0x00007f43f4840600
[2023-12-02T16:00:55.637+0000][1726.707s][debug][safepoint     ] ... found polling page return exception at pc = 0x00007f43fc9de0c4, stub =0x00007f43f4840600
[2023-12-02T16:00:56.638+0000][1727.709s][debug][safepoint     ] Safepoint synchronization initiated. (193 threads)
[2023-12-02T16:00:56.639+0000][1727.710s][info ][safepoint     ] Application time: 1.0016427 seconds
[2023-12-02T16:00:56.640+0000][1727.710s][info ][safepoint     ] Entering safepoint region: Cleanup
[2023-12-02T16:00:56.641+0000][1727.711s][info ][safepoint     ] Leaving safepoint region
[2023-12-02T16:00:56.641+0000][1727.712s][info ][safepoint     ] Total time for which application threads were stopped: 0.0016898 seconds, Stopping threads took: 0.0007567 seconds
[2023-12-02T16:00:57.642+0000][1728.712s][debug][safepoint     ] Safepoint synchronization initiated. (193 threads)
[2023-12-02T16:00:57.642+0000][1728.713s][info ][safepoint     ] Application time: 1.0006482 seconds
[2023-12-02T16:00:57.643+0000][1728.713s][info ][safepoint     ] Entering safepoint region: Cleanup
[2023-12-02T16:00:57.644+0000][1728.714s][info ][safepoint     ] Leaving safepoint region
[2023-12-02T16:00:57.644+0000][1728.715s][info ][safepoint     ] Total time for which application threads were stopped: 0.0011286 seconds, Stopping threads took: 0.0004580 seconds
[2023-12-02T16:00:58.644+0000][1729.715s][debug][safepoint     ] Safepoint synchronization initiated. (193 threads)
[2023-12-02T16:00:58.645+0000][1729.716s][info ][safepoint     ] Application time: 1.0007030 seconds
[2023-12-02T16:00:58.645+0000][1729.716s][info ][safepoint     ] Entering safepoint region: Cleanup
[2023-12-02T16:00:58.646+0000][1729.717s][info ][safepoint     ] Leaving safepoint region
[2023-12-02T16:00:58.646+0000][1729.717s][info ][safepoint     ] Total time for which application threads were stopped: 0.0010355 seconds, Stopping threads took: 0.0004256 seconds
[2023-12-02T16:00:59.647+0000][1730.718s][debug][safepoint     ] Safepoint synchronization initiated. (193 threads)
[2023-12-02T16:00:59.647+0000][1730.718s][info ][safepoint     ] Application time: 1.0004775 seconds
[2023-12-02T16:00:59.648+0000][1730.718s][info ][safepoint     ] Entering safepoint region: Cleanup
[2023-12-02T16:00:59.648+0000][1730.719s][info ][safepoint     ] Leaving safepoint region
[2023-12-02T16:00:59.648+0000][1730.719s][info ][safepoint     ] Total time for which application threads were stopped: 0.0009144 seconds, Stopping threads took: 0.0004049 seconds
[2023-12-02T16:01:00.649+0000][1731.720s][debug][safepoint     ] Safepoint synchronization initiated. (193 threads)
[2023-12-02T16:01:00.649+0000][1731.720s][info ][safepoint     ] Application time: 1.0007313 seconds
[2023-12-02T16:01:00.650+0000][1731.721s][info ][safepoint     ] Entering safepoint region: Cleanup
[2023-12-02T16:01:00.651+0000][1731.721s][info ][safepoint     ] Leaving safepoint region
[2023-12-02T16:01:00.651+0000][1731.722s][info ][safepoint     ] Total time for which application threads were stopped: 0.0010145 seconds, Stopping threads took: 0.0004637 seconds
[2023-12-02T16:01:01.652+0000][1732.722s][debug][safepoint     ] Safepoint synchronization initiated. (193 threads)
[2023-12-02T16:01:01.652+0000][1732.723s][info ][safepoint     ] Application time: 1.0005446 seconds
[2023-12-02T16:01:01.652+0000][1732.723s][info ][safepoint     ] Entering safepoint region: Cleanup
[2023-12-02T16:01:01.653+0000][1732.723s][info ][safepoint     ] Leaving safepoint region
[2023-12-02T16:01:01.653+0000][1732.723s][info ][safepoint     ] Total time for which application threads were stopped: 0.0006827 seconds, Stopping threads took: 0.0002220 seconds
[2023-12-02T16:01:02.653+0000][1733.724s][debug][safepoint     ] Safepoint synchronization initiated. (193 threads)
[2023-12-02T16:01:02.654+0000][1733.724s][info ][safepoint     ] Application time: 1.0005911 seconds
[2023-12-02T16:01:02.654+0000][1733.725s][info ][safepoint     ] Entering safepoint region: Cleanup
[2023-12-02T16:01:02.654+0000][1733.725s][info ][safepoint     ] Leaving safepoint region
[2023-12-02T16:01:02.655+0000][1733.725s][info ][safepoint     ] Total time for which application threads were stopped: 0.0007439 seconds, Stopping threads took: 0.0002665 seconds
[2023-12-02T16:01:03.655+0000][1734.726s][debug][safepoint     ] Safepoint synchronization initiated. (193 threads)
[2023-12-02T16:01:03.656+0000][1734.726s][info ][safepoint     ] Application time: 1.0007983 seconds
[2023-12-02T16:01:03.656+0000][1734.727s][info ][safepoint     ] Entering safepoint region: Cleanup
[2023-12-02T16:01:03.657+0000][1734.727s][info ][safepoint     ] Leaving safepoint region
[2023-12-02T16:01:03.657+0000][1734.728s][info ][safepoint     ] Total time for which application threads were stopped: 0.0009868 seconds, Stopping threads took: 0.0004205 seconds
[2023-12-02T16:01:04.658+0000][1735.728s][debug][safepoint     ] Safepoint synchronization initiated. (193 threads)
[2023-12-02T16:01:04.658+0000][1735.729s][info ][safepoint     ] Application time: 1.0007136 seconds
[2023-12-02T16:01:04.659+0000][1735.729s][info ][safepoint     ] Entering safepoint region: Cleanup
[2023-12-02T16:01:04.659+0000][1735.730s][info ][safepoint     ] Leaving safepoint region
[2023-12-02T16:01:04.659+0000][1735.730s][info ][safepoint     ] Total time for which application threads were stopped: 0.0009447 seconds, Stopping threads took: 0.0003783 seconds
[2023-12-02T16:01:05.660+0000][1736.731s][debug][safepoint     ] Safepoint synchronization initiated. (193 threads)
[2023-12-02T16:01:05.661+0000][1736.732s][info ][safepoint     ] Application time: 1.0011706 seconds
[2023-12-02T16:01:05.662+0000][1736.732s][info ][safepoint     ] Entering safepoint region: Cleanup
[2023-12-02T16:01:05.663+0000][1736.733s][info ][safepoint     ] Leaving safepoint region
[2023-12-02T16:01:05.663+0000][1736.734s][info ][safepoint     ] Total time for which application threads were stopped: 0.0018546 seconds, Stopping threads took: 0.0006890 seconds
[2023-12-02T16:01:06.664+0000][1737.735s][debug][safepoint     ] Safepoint synchronization initiated. (193 threads)
[2023-12-02T16:01:06.665+0000][1737.736s][info ][safepoint     ] Application time: 1.0009394 seconds
[2023-12-02T16:01:06.666+0000][1737.736s][info ][safepoint     ] Entering safepoint region: Cleanup
[2023-12-02T16:01:06.667+0000][1737.737s][info ][safepoint     ] Leaving safepoint region
[2023-12-02T16:01:06.667+0000][1737.738s][info ][safepoint     ] Total time for which application threads were stopped: 0.0013774 seconds, Stopping threads took: 0.0006800 seconds
[2023-12-02T16:01:07.668+0000][1738.739s][debug][safepoint     ] Safepoint synchronization initiated. (193 threads)
[2023-12-02T16:01:07.669+0000][1738.740s][info ][safepoint     ] Application time: 1.0013813 seconds
[2023-12-02T16:01:07.670+0000][1738.741s][info ][safepoint     ] Entering safepoint region: Cleanup
[2023-12-02T16:01:07.671+0000][1738.742s][info ][safepoint     ] Leaving safepoint region
[2023-12-02T16:01:07.672+0000][1738.742s][info ][safepoint     ] Total time for which application threads were stopped: 0.0018355 seconds, Stopping threads took: 0.0007421 seconds
[2023-12-02T16:01:08.673+0000][1739.743s][debug][safepoint     ] Safepoint synchronization initiated. (193 threads)
[2023-12-02T16:01:08.673+0000][1739.744s][info ][safepoint     ] Application time: 1.0008373 seconds
[2023-12-02T16:01:08.674+0000][1739.745s][info ][safepoint     ] Entering safepoint region: Cleanup
[2023-12-02T16:01:08.674+0000][1739.745s][info ][safepoint     ] Leaving safepoint region
[2023-12-02T16:01:08.675+0000][1739.745s][info ][safepoint     ] Total time for which application threads were stopped: 0.0007145 seconds, Stopping threads took: 0.0003037 seconds
[2023-12-02T16:01:09.675+0000][1740.746s][debug][safepoint     ] Safepoint synchronization initiated. (193 threads)
[2023-12-02T16:01:09.676+0000][1740.746s][info ][safepoint     ] Application time: 1.0007288 seconds
[2023-12-02T16:01:09.676+0000][1740.747s][info ][safepoint     ] Entering safepoint region: Cleanup
[2023-12-02T16:01:09.676+0000][1740.747s][info ][safepoint     ] Leaving safepoint region
[2023-12-02T16:01:09.677+0000][1740.747s][info ][safepoint     ] Total time for which application threads were stopped: 0.0008861 seconds, Stopping threads took: 0.0003828 seconds
[2023-12-02T16:01:10.677+0000][1741.748s][debug][safepoint     ] Safepoint synchronization initiated. (193 threads)
[2023-12-02T16:01:10.678+0000][1741.749s][info ][safepoint     ] Application time: 1.0009694 seconds
[2023-12-02T16:01:10.679+0000][1741.749s][info ][safepoint     ] Entering safepoint region: Cleanup
[2023-12-02T16:01:10.679+0000][1741.750s][info ][safepoint     ] Leaving safepoint region
[2023-12-02T16:01:10.680+0000][1741.750s][info ][safepoint     ] Total time for which application threads were stopped: 0.0012484 seconds, Stopping threads took: 0.0004709 seconds
[2023-12-02T16:01:11.681+0000][1742.751s][debug][safepoint     ] Safepoint synchronization initiated. (193 threads)
[2023-12-02T16:01:11.681+0000][1742.752s][info ][safepoint     ] Application time: 1.0009103 seconds
[2023-12-02T16:01:11.682+0000][1742.752s][info ][safepoint     ] Entering safepoint region: Cleanup
[2023-12-02T16:01:11.683+0000][1742.753s][info ][safepoint     ] Leaving safepoint region
[2023-12-02T16:01:11.683+0000][1742.754s][info ][safepoint     ] Total time for which application threads were stopped: 0.0013141 seconds, Stopping threads took: 0.0006154 seconds
[2023-12-02T16:01:12.684+0000][1743.755s][debug][safepoint     ] Safepoint synchronization initiated. (193 threads)
[2023-12-02T16:01:12.685+0000][1743.755s][info ][safepoint     ] Application time: 1.0010366 seconds
[2023-12-02T16:01:12.685+0000][1743.756s][info ][safepoint     ] Entering safepoint region: Cleanup
[2023-12-02T16:01:12.686+0000][1743.757s][info ][safepoint     ] Leaving safepoint region
[2023-12-02T16:01:12.687+0000][1743.758s][info ][safepoint     ] Total time for which application threads were stopped: 0.0015431 seconds, Stopping threads took: 0.0007354 seconds
[2023-12-02T16:01:13.688+0000][1744.758s][debug][safepoint     ] Safepoint synchronization initiated. (193 threads)
[2023-12-02T16:01:13.688+0000][1744.759s][info ][safepoint     ] Application time: 1.0006333 seconds
[2023-12-02T16:01:13.689+0000][1744.759s][info ][safepoint     ] Entering safepoint region: Cleanup
[2023-12-02T16:01:13.689+0000][1744.760s][info ][safepoint     ] Leaving safepoint region
[2023-12-02T16:01:13.689+0000][1744.760s][info ][safepoint     ] Total time for which application threads were stopped: 0.0009348 seconds, Stopping threads took: 0.0004437 seconds
[2023-12-02T16:01:14.690+0000][1745.760s][debug][safepoint     ] Safepoint synchronization initiated. (193 threads)
[2023-12-02T16:01:14.690+0000][1745.761s][info ][safepoint     ] Application time: 1.0004687 seconds
[2023-12-02T16:01:14.690+0000][1745.761s][info ][safepoint     ] Entering safepoint region: Cleanup
[2023-12-02T16:01:14.691+0000][1745.761s][info ][safepoint     ] Leaving safepoint region
[2023-12-02T16:01:14.691+0000][1745.762s][info ][safepoint     ] Total time for which application threads were stopped: 0.0007283 seconds, Stopping threads took: 0.0003006 seconds
[2023-12-02T16:01:15.691+0000][1746.762s][debug][safepoint     ] Safepoint synchronization initiated. (193 threads)
[2023-12-02T16:01:15.692+0000][1746.762s][info ][safepoint     ] Application time: 1.0005980 seconds
[2023-12-02T16:01:15.692+0000][1746.763s][info ][safepoint     ] Entering safepoint region: Cleanup
[2023-12-02T16:01:15.693+0000][1746.763s][info ][safepoint     ] Leaving safepoint region
[2023-12-02T16:01:15.693+0000][1746.764s][info ][safepoint     ] Total time for which application threads were stopped: 0.0009022 seconds, Stopping threads took: 0.0003657 seconds
[2023-12-02T16:01:16.694+0000][1747.764s][debug][safepoint     ] Safepoint synchronization initiated. (193 threads)
[2023-12-02T16:01:16.694+0000][1747.765s][info ][safepoint     ] Application time: 1.0005939 seconds
[2023-12-02T16:01:16.694+0000][1747.765s][info ][safepoint     ] Entering safepoint region: Cleanup
[2023-12-02T16:01:16.695+0000][1747.766s][info ][safepoint     ] Leaving safepoint region
[2023-12-02T16:01:16.695+0000][1747.766s][info ][safepoint     ] Total time for which application threads were stopped: 0.0010389 seconds, Stopping threads took: 0.0004775 seconds
[2023-12-02T16:01:17.696+0000][1748.766s][debug][safepoint     ] Safepoint synchronization initiated. (193 threads)
[2023-12-02T16:01:17.696+0000][1748.767s][info ][safepoint     ] Application time: 1.0007239 seconds
[2023-12-02T16:01:17.697+0000][1748.767s][info ][safepoint     ] Entering safepoint region: Cleanup
[2023-12-02T16:01:17.697+0000][1748.768s][info ][safepoint     ] Leaving safepoint region
[2023-12-02T16:01:17.697+0000][1748.768s][info ][safepoint     ] Total time for which application threads were stopped: 0.0008195 seconds, Stopping threads took: 0.0003355 seconds
[2023-12-02T16:01:18.698+0000][1749.769s][debug][safepoint     ] Safepoint synchronization initiated. (193 threads)
[2023-12-02T16:01:18.698+0000][1749.769s][info ][safepoint     ] Application time: 1.0004701 seconds
[2023-12-02T16:01:18.698+0000][1749.769s][info ][safepoint     ] Entering safepoint region: Cleanup
[2023-12-02T16:01:18.699+0000][1749.769s][info ][safepoint     ] Leaving safepoint region
[2023-12-02T16:01:18.699+0000][1749.770s][info ][safepoint     ] Total time for which application threads were stopped: 0.0006733 seconds, Stopping threads took: 0.0002706 seconds
[2023-12-02T16:01:19.699+0000][1750.770s][debug][safepoint     ] Safepoint synchronization initiated. (193 threads)
[2023-12-02T16:01:19.700+0000][1750.770s][info ][safepoint     ] Application time: 1.0006279 seconds
[2023-12-02T16:01:19.700+0000][1750.771s][info ][safepoint     ] Entering safepoint region: Cleanup
[2023-12-02T16:01:19.701+0000][1750.771s][info ][safepoint     ] Leaving safepoint region
[2023-12-02T16:01:19.701+0000][1750.772s][info ][safepoint     ] Total time for which application threads were stopped: 0.0008937 seconds, Stopping threads took: 0.0003842 seconds
[2023-12-02T16:01:20.701+0000][1751.772s][debug][safepoint     ] Safepoint synchronization initiated. (193 threads)
[2023-12-02T16:01:20.702+0000][1751.773s][info ][safepoint     ] Application time: 1.0007163 seconds
[2023-12-02T16:01:20.703+0000][1751.773s][info ][safepoint     ] Entering safepoint region: Cleanup
[2023-12-02T16:01:20.703+0000][1751.774s][info ][safepoint     ] Leaving safepoint region
[2023-12-02T16:01:20.704+0000][1751.774s][info ][safepoint     ] Total time for which application threads were stopped: 0.0011498 seconds, Stopping threads took: 0.0005113 seconds
[2023-12-02T16:01:21.704+0000][1752.775s][debug][safepoint     ] Safepoint synchronization initiated. (193 threads)
[2023-12-02T16:01:21.705+0000][1752.775s][info ][safepoint     ] Application time: 1.0007899 seconds
[2023-12-02T16:01:21.705+0000][1752.776s][info ][safepoint     ] Entering safepoint region: Cleanup
[2023-12-02T16:01:21.706+0000][1752.776s][info ][safepoint     ] Leaving safepoint region
[2023-12-02T16:01:21.706+0000][1752.777s][info ][safepoint     ] Total time for which application threads were stopped: 0.0009105 seconds, Stopping threads took: 0.0004339 seconds
[2023-12-02T16:01:22.706+0000][1753.777s][debug][safepoint     ] Safepoint synchronization initiated. (193 threads)
[2023-12-02T16:01:22.707+0000][1753.778s][info ][safepoint     ] Application time: 1.0008871 seconds
[2023-12-02T16:01:22.708+0000][1753.778s][info ][safepoint     ] Entering safepoint region: Cleanup
[2023-12-02T16:01:22.709+0000][1753.779s][info ][safepoint     ] Leaving safepoint region
[2023-12-02T16:01:22.709+0000][1753.780s][info ][safepoint     ] Total time for which application threads were stopped: 0.0012076 seconds, Stopping threads took: 0.0004645 seconds
[2023-12-02T16:01:23.709+0000][1754.780s][debug][safepoint     ] Safepoint synchronization initiated. (193 threads)
[2023-12-02T16:01:23.709+0000][1754.780s][info ][safepoint     ] Application time: 1.0004481 seconds
[2023-12-02T16:01:23.710+0000][1754.781s][info ][safepoint     ] Entering safepoint region: Cleanup
[2023-12-02T16:01:23.710+0000][1754.781s][info ][safepoint     ] Leaving safepoint region
[2023-12-02T16:01:23.710+0000][1754.781s][info ][safepoint     ] Total time for which application threads were stopped: 0.0006799 seconds, Stopping threads took: 0.0002480 seconds
[2023-12-02T16:01:24.711+0000][1755.782s][debug][safepoint     ] Safepoint synchronization initiated. (193 threads)
[2023-12-02T16:01:24.711+0000][1755.782s][info ][safepoint     ] Application time: 1.0005327 seconds
[2023-12-02T16:01:24.712+0000][1755.783s][info ][safepoint     ] Entering safepoint region: Cleanup
[2023-12-02T16:01:24.712+0000][1755.783s][info ][safepoint     ] Leaving safepoint region
[2023-12-02T16:01:24.713+0000][1755.784s][info ][safepoint     ] Total time for which application threads were stopped: 0.0009886 seconds, Stopping threads took: 0.0004452 seconds
[2023-12-02T16:01:25.713+0000][1756.784s][debug][safepoint     ] Safepoint synchronization initiated. (193 threads)
[2023-12-02T16:01:25.714+0000][1756.785s][info ][safepoint     ] Application time: 1.0008073 seconds
[2023-12-02T16:01:25.714+0000][1756.785s][info ][safepoint     ] Entering safepoint region: Cleanup
[2023-12-02T16:01:25.715+0000][1756.786s][info ][safepoint     ] Leaving safepoint region
[2023-12-02T16:01:25.715+0000][1756.786s][info ][safepoint     ] Total time for which application threads were stopped: 0.0007582 seconds, Stopping threads took: 0.0003067 seconds
[2023-12-02T16:01:26.715+0000][1757.786s][debug][safepoint     ] Safepoint synchronization initiated. (193 threads)
[2023-12-02T16:01:26.716+0000][1757.787s][info ][safepoint     ] Application time: 1.0004442 seconds
[2023-12-02T16:01:26.716+0000][1757.787s][info ][safepoint     ] Entering safepoint region: Cleanup
[2023-12-02T16:01:26.716+0000][1757.787s][info ][safepoint     ] Leaving safepoint region
[2023-12-02T16:01:26.716+0000][1757.787s][info ][safepoint     ] Total time for which application threads were stopped: 0.0005943 seconds, Stopping threads took: 0.0001959 seconds
[2023-12-02T16:01:27.717+0000][1758.788s][debug][safepoint     ] Safepoint synchronization initiated. (193 threads)
[2023-12-02T16:01:27.717+0000][1758.788s][info ][safepoint     ] Application time: 1.0006509 seconds
[2023-12-02T16:01:27.718+0000][1758.789s][info ][safepoint     ] Entering safepoint region: Cleanup
[2023-12-02T16:01:27.718+0000][1758.789s][info ][safepoint     ] Leaving safepoint region
[2023-12-02T16:01:27.718+0000][1758.789s][info ][safepoint     ] Total time for which application threads were stopped: 0.0007973 seconds, Stopping threads took: 0.0002993 seconds
[2023-12-02T16:01:28.719+0000][1759.790s][debug][safepoint     ] Safepoint synchronization initiated. (193 threads)
[2023-12-02T16:01:28.719+0000][1759.790s][info ][safepoint     ] Application time: 1.0005191 seconds
[2023-12-02T16:01:28.720+0000][1759.791s][info ][safepoint     ] Entering safepoint region: Cleanup
[2023-12-02T16:01:28.720+0000][1759.791s][info ][safepoint     ] Leaving safepoint region
[2023-12-02T16:01:28.720+0000][1759.791s][info ][safepoint     ] Total time for which application threads were stopped: 0.0008929 seconds, Stopping threads took: 0.0003826 seconds
[2023-12-02T16:01:29.721+0000][1760.792s][debug][safepoint     ] Safepoint synchronization initiated. (193 threads)
[2023-12-02T16:01:29.721+0000][1760.792s][info ][safepoint     ] Application time: 1.0004701 seconds
[2023-12-02T16:01:29.721+0000][1760.792s][info ][safepoint     ] Entering safepoint region: Cleanup
[2023-12-02T16:01:29.722+0000][1760.793s][info ][safepoint     ] Leaving safepoint region
[2023-12-02T16:01:29.722+0000][1760.793s][info ][safepoint     ] Total time for which application threads were stopped: 0.0007448 seconds, Stopping threads took: 0.0002650 seconds
[2023-12-02T16:01:30.723+0000][1761.794s][debug][safepoint     ] Safepoint synchronization initiated. (193 threads)
[2023-12-02T16:01:30.723+0000][1761.794s][info ][safepoint     ] Application time: 1.0005951 seconds
[2023-12-02T16:01:30.723+0000][1761.794s][info ][safepoint     ] Entering safepoint region: Cleanup
[2023-12-02T16:01:30.724+0000][1761.795s][info ][safepoint     ] Leaving safepoint region
[2023-12-02T16:01:30.724+0000][1761.795s][info ][safepoint     ] Total time for which application threads were stopped: 0.0009471 seconds, Stopping threads took: 0.0003926 seconds
[2023-12-02T16:01:31.725+0000][1762.796s][debug][safepoint     ] Safepoint synchronization initiated. (193 threads)
[2023-12-02T16:01:31.725+0000][1762.796s][info ][safepoint     ] Application time: 1.0006685 seconds
[2023-12-02T16:01:31.726+0000][1762.797s][info ][safepoint     ] Entering safepoint region: Cleanup
[2023-12-02T16:01:31.726+0000][1762.797s][info ][safepoint     ] Leaving safepoint region
[2023-12-02T16:01:31.727+0000][1762.798s][info ][safepoint     ] Total time for which application threads were stopped: 0.0010585 seconds, Stopping threads took: 0.0004501 seconds
[2023-12-02T16:01:32.728+0000][1763.799s][debug][safepoint     ] Safepoint synchronization initiated. (193 threads)
[2023-12-02T16:01:32.729+0000][1763.800s][info ][safepoint     ] Application time: 1.0017562 seconds
[2023-12-02T16:01:32.729+0000][1763.800s][info ][safepoint     ] Entering safepoint region: Cleanup
[2023-12-02T16:01:32.730+0000][1763.801s][info ][safepoint     ] Leaving safepoint region
[2023-12-02T16:01:32.730+0000][1763.801s][info ][safepoint     ] Total time for which application threads were stopped: 0.0010758 seconds, Stopping threads took: 0.0003621 seconds
[2023-12-02T16:01:33.731+0000][1764.802s][debug][safepoint     ] Safepoint synchronization initiated. (193 threads)
[2023-12-02T16:01:33.731+0000][1764.802s][info ][safepoint     ] Application time: 1.0004393 seconds
[2023-12-02T16:01:33.731+0000][1764.802s][info ][safepoint     ] Entering safepoint region: Cleanup
[2023-12-02T16:01:33.732+0000][1764.803s][info ][safepoint     ] Leaving safepoint region
[2023-12-02T16:01:33.732+0000][1764.803s][info ][safepoint     ] Total time for which application threads were stopped: 0.0006460 seconds, Stopping threads took: 0.0002583 seconds
[2023-12-02T16:01:34.732+0000][1765.803s][debug][safepoint     ] Safepoint synchronization initiated. (193 threads)
[2023-12-02T16:01:34.733+0000][1765.804s][info ][safepoint     ] Application time: 1.0008046 seconds
[2023-12-02T16:01:34.733+0000][1765.804s][info ][safepoint     ] Entering safepoint region: Cleanup
[2023-12-02T16:01:34.734+0000][1765.805s][info ][safepoint     ] Leaving safepoint region
[2023-12-02T16:01:34.735+0000][1765.805s][info ][safepoint     ] Total time for which application threads were stopped: 0.0011125 seconds, Stopping threads took: 0.0005173 seconds
[2023-12-02T16:01:35.735+0000][1766.806s][debug][safepoint     ] Safepoint synchronization initiated. (193 threads)
[2023-12-02T16:01:35.735+0000][1766.806s][info ][safepoint     ] Application time: 1.0005841 seconds
[2023-12-02T16:01:35.736+0000][1766.807s][info ][safepoint     ] Entering safepoint region: Cleanup
[2023-12-02T16:01:35.736+0000][1766.807s][info ][safepoint     ] Leaving safepoint region
[2023-12-02T16:01:35.736+0000][1766.807s][info ][safepoint     ] Total time for which application threads were stopped: 0.0007408 seconds, Stopping threads took: 0.0002820 seconds
[2023-12-02T16:01:36.737+0000][1767.808s][debug][safepoint     ] Safepoint synchronization initiated. (193 threads)
[2023-12-02T16:01:36.737+0000][1767.808s][info ][safepoint     ] Application time: 1.0007506 seconds
[2023-12-02T16:01:36.738+0000][1767.809s][info ][safepoint     ] Entering safepoint region: Cleanup
[2023-12-02T16:01:36.738+0000][1767.809s][info ][safepoint     ] Leaving safepoint region
[2023-12-02T16:01:36.738+0000][1767.809s][info ][safepoint     ] Total time for which application threads were stopped: 0.0008018 seconds, Stopping threads took: 0.0003323 seconds
[2023-12-02T16:01:37.739+0000][1768.810s][debug][safepoint     ] Safepoint synchronization initiated. (193 threads)
[2023-12-02T16:01:37.739+0000][1768.810s][info ][safepoint     ] Application time: 1.0004144 seconds
[2023-12-02T16:01:37.739+0000][1768.810s][info ][safepoint     ] Entering safepoint region: Cleanup
[2023-12-02T16:01:37.740+0000][1768.811s][info ][safepoint     ] Leaving safepoint region
[2023-12-02T16:01:37.740+0000][1768.811s][info ][safepoint     ] Total time for which application threads were stopped: 0.0005895 seconds, Stopping threads took: 0.0002356 seconds
[2023-12-02T16:01:38.740+0000][1769.811s][debug][safepoint     ] Safepoint synchronization initiated. (193 threads)
[2023-12-02T16:01:38.740+0000][1769.811s][info ][safepoint     ] Application time: 1.0005112 seconds
[2023-12-02T16:01:38.741+0000][1769.812s][info ][safepoint     ] Entering safepoint region: Cleanup
[2023-12-02T16:01:38.741+0000][1769.812s][info ][safepoint     ] Leaving safepoint region
[2023-12-02T16:01:38.741+0000][1769.812s][info ][safepoint     ] Total time for which application threads were stopped: 0.0008050 seconds, Stopping threads took: 0.0003472 seconds
[2023-12-02T16:01:39.742+0000][1770.813s][debug][safepoint     ] Safepoint synchronization initiated. (193 threads)
[2023-12-02T16:01:39.742+0000][1770.813s][info ][safepoint     ] Application time: 1.0005115 seconds
[2023-12-02T16:01:39.742+0000][1770.813s][info ][safepoint     ] Entering safepoint region: Cleanup
[2023-12-02T16:01:39.743+0000][1770.814s][info ][safepoint     ] Leaving safepoint region
[2023-12-02T16:01:39.743+0000][1770.814s][info ][safepoint     ] Total time for which application threads were stopped: 0.0008909 seconds, Stopping threads took: 0.0003672 seconds
[2023-12-02T16:01:40.744+0000][1771.815s][debug][safepoint     ] Safepoint synchronization initiated. (193 threads)
[2023-12-02T16:01:40.744+0000][1771.815s][info ][safepoint     ] Application time: 1.0005169 seconds
[2023-12-02T16:01:40.744+0000][1771.815s][info ][safepoint     ] Entering safepoint region: Cleanup
[2023-12-02T16:01:40.745+0000][1771.816s][info ][safepoint     ] Leaving safepoint region
[2023-12-02T16:01:40.745+0000][1771.816s][info ][safepoint     ] Total time for which application threads were stopped: 0.0007974 seconds, Stopping threads took: 0.0003212 seconds
[2023-12-02T16:01:41.746+0000][1772.817s][debug][safepoint     ] Safepoint synchronization initiated. (193 threads)
[2023-12-02T16:01:41.746+0000][1772.817s][info ][safepoint     ] Application time: 1.0007570 seconds
[2023-12-02T16:01:41.747+0000][1772.818s][info ][safepoint     ] Entering safepoint region: Cleanup
[2023-12-02T16:01:41.747+0000][1772.818s][info ][safepoint     ] Leaving safepoint region
[2023-12-02T16:01:41.748+0000][1772.819s][info ][safepoint     ] Total time for which application threads were stopped: 0.0010572 seconds, Stopping threads took: 0.0004387 seconds
[2023-12-02T16:01:42.748+0000][1773.819s][debug][safepoint     ] Safepoint synchronization initiated. (193 threads)
[2023-12-02T16:01:42.749+0000][1773.820s][info ][safepoint     ] Application time: 1.0006520 seconds
[2023-12-02T16:01:42.749+0000][1773.820s][info ][safepoint     ] Entering safepoint region: Cleanup
[2023-12-02T16:01:42.750+0000][1773.821s][info ][safepoint     ] Leaving safepoint region
[2023-12-02T16:01:42.750+0000][1773.821s][info ][safepoint     ] Total time for which application threads were stopped: 0.0008201 seconds, Stopping threads took: 0.0003276 seconds
[2023-12-02T16:01:43.750+0000][1774.821s][debug][safepoint     ] Safepoint synchronization initiated. (193 threads)
[2023-12-02T16:01:43.751+0000][1774.822s][info ][safepoint     ] Application time: 1.0007081 seconds
[2023-12-02T16:01:43.751+0000][1774.822s][info ][safepoint     ] Entering safepoint region: Cleanup
[2023-12-02T16:01:43.752+0000][1774.823s][info ][safepoint     ] Leaving safepoint region
[2023-12-02T16:01:43.752+0000][1774.823s][info ][safepoint     ] Total time for which application threads were stopped: 0.0009906 seconds, Stopping threads took: 0.0004229 seconds
[2023-12-02T16:01:44.753+0000][1775.824s][debug][safepoint     ] Safepoint synchronization initiated. (193 threads)
[2023-12-02T16:01:44.753+0000][1775.824s][info ][safepoint     ] Application time: 1.0006880 seconds
[2023-12-02T16:01:44.754+0000][1775.825s][info ][safepoint     ] Entering safepoint region: Cleanup
[2023-12-02T16:01:44.754+0000][1775.825s][info ][safepoint     ] Leaving safepoint region
[2023-12-02T16:01:44.755+0000][1775.826s][info ][safepoint     ] Total time for which application threads were stopped: 0.0009754 seconds, Stopping threads took: 0.0003324 seconds
[2023-12-02T16:01:45.755+0000][1776.826s][debug][safepoint     ] Safepoint synchronization initiated. (193 threads)
[2023-12-02T16:01:45.756+0000][1776.827s][info ][safepoint     ] Application time: 1.0007246 seconds
[2023-12-02T16:01:45.757+0000][1776.827s][info ][safepoint     ] Entering safepoint region: Cleanup
[2023-12-02T16:01:45.757+0000][1776.828s][info ][safepoint     ] Leaving safepoint region
[2023-12-02T16:01:45.757+0000][1776.828s][info ][safepoint     ] Total time for which application threads were stopped: 0.0010078 seconds, Stopping threads took: 0.0004152 seconds
[2023-12-02T16:01:46.758+0000][1777.829s][debug][safepoint     ] Safepoint synchronization initiated. (193 threads)
[2023-12-02T16:01:46.758+0000][1777.829s][info ][safepoint     ] Application time: 1.0005807 seconds
[2023-12-02T16:01:46.759+0000][1777.830s][info ][safepoint     ] Entering safepoint region: Cleanup
[2023-12-02T16:01:46.759+0000][1777.830s][info ][safepoint     ] Leaving safepoint region
[2023-12-02T16:01:46.760+0000][1777.831s][info ][safepoint     ] Total time for which application threads were stopped: 0.0009484 seconds, Stopping threads took: 0.0003832 seconds
[2023-12-02T16:01:47.760+0000][1778.831s][debug][safepoint     ] Safepoint synchronization initiated. (193 threads)
[2023-12-02T16:01:47.761+0000][1778.832s][info ][safepoint     ] Application time: 1.0007295 seconds
[2023-12-02T16:01:47.761+0000][1778.832s][info ][safepoint     ] Entering safepoint region: Cleanup
[2023-12-02T16:01:47.762+0000][1778.833s][info ][safepoint     ] Leaving safepoint region
[2023-12-02T16:01:47.762+0000][1778.833s][info ][safepoint     ] Total time for which application threads were stopped: 0.0010407 seconds, Stopping threads took: 0.0004209 seconds
[2023-12-02T16:01:48.763+0000][1779.834s][debug][safepoint     ] Safepoint synchronization initiated. (193 threads)
[2023-12-02T16:01:48.764+0000][1779.835s][info ][safepoint     ] Application time: 1.0013315 seconds
[2023-12-02T16:01:48.765+0000][1779.836s][info ][safepoint     ] Entering safepoint region: Cleanup
[2023-12-02T16:01:48.767+0000][1779.838s][info ][safepoint     ] Leaving safepoint region
[2023-12-02T16:01:48.767+0000][1779.838s][info ][safepoint     ] Total time for which application threads were stopped: 0.0024482 seconds, Stopping threads took: 0.0010561 seconds
[2023-12-02T16:01:49.768+0000][1780.839s][debug][safepoint     ] Safepoint synchronization initiated. (193 threads)
[2023-12-02T16:01:49.768+0000][1780.839s][info ][safepoint     ] Application time: 1.0005957 seconds
[2023-12-02T16:01:49.769+0000][1780.839s][info ][safepoint     ] Entering safepoint region: Cleanup
[2023-12-02T16:01:49.769+0000][1780.840s][info ][safepoint     ] Leaving safepoint region
[2023-12-02T16:01:49.770+0000][1780.841s][info ][safepoint     ] Total time for which application threads were stopped: 0.0011516 seconds, Stopping threads took: 0.0006618 seconds
[2023-12-02T16:01:50.770+0000][1781.841s][debug][safepoint     ] Safepoint synchronization initiated. (193 threads)
[2023-12-02T16:01:50.770+0000][1781.841s][info ][safepoint     ] Application time: 1.0006510 seconds
[2023-12-02T16:01:50.771+0000][1781.842s][info ][safepoint     ] Entering safepoint region: Cleanup
[2023-12-02T16:01:50.771+0000][1781.842s][info ][safepoint     ] Leaving safepoint region
[2023-12-02T16:01:50.772+0000][1781.843s][info ][safepoint     ] Total time for which application threads were stopped: 0.0008061 seconds, Stopping threads took: 0.0003535 seconds
[2023-12-02T16:01:51.772+0000][1782.843s][debug][safepoint     ] Safepoint synchronization initiated. (193 threads)
[2023-12-02T16:01:51.772+0000][1782.843s][info ][safepoint     ] Application time: 1.0004441 seconds
[2023-12-02T16:01:51.772+0000][1782.843s][info ][safepoint     ] Entering safepoint region: Cleanup
[2023-12-02T16:01:51.773+0000][1782.844s][info ][safepoint     ] Leaving safepoint region
[2023-12-02T16:01:51.773+0000][1782.844s][info ][safepoint     ] Total time for which application threads were stopped: 0.0008207 seconds, Stopping threads took: 0.0002458 seconds
[2023-12-02T16:01:52.774+0000][1783.845s][debug][safepoint     ] Safepoint synchronization initiated. (193 threads)
[2023-12-02T16:01:52.774+0000][1783.845s][info ][safepoint     ] Application time: 1.0004626 seconds
[2023-12-02T16:01:52.774+0000][1783.845s][debug][safepoint     ] Waiting for 1 thread(s) to block
[2023-12-02T16:01:52.774+0000][1783.845s][info ][safepoint     ] Entering safepoint region: Cleanup
[2023-12-02T16:01:52.775+0000][1783.846s][info ][safepoint     ] Leaving safepoint region
[2023-12-02T16:01:52.775+0000][1783.846s][info ][safepoint     ] Total time for which application threads were stopped: 0.0008390 seconds, Stopping threads took: 0.0004857 seconds
[2023-12-02T16:01:53.775+0000][1784.846s][debug][safepoint     ] Safepoint synchronization initiated. (193 threads)
[2023-12-02T16:01:53.776+0000][1784.847s][info ][safepoint     ] Application time: 1.0007079 seconds
[2023-12-02T16:01:53.776+0000][1784.847s][info ][safepoint     ] Entering safepoint region: Cleanup
[2023-12-02T16:01:53.777+0000][1784.848s][info ][safepoint     ] Leaving safepoint region
[2023-12-02T16:01:53.777+0000][1784.848s][info ][safepoint     ] Total time for which application threads were stopped: 0.0010607 seconds, Stopping threads took: 0.0004904 seconds
[2023-12-02T16:01:54.778+0000][1785.849s][debug][safepoint     ] Safepoint synchronization initiated. (195 threads)
[2023-12-02T16:01:54.778+0000][1785.849s][info ][safepoint     ] Application time: 1.0007071 seconds
[2023-12-02T16:01:54.779+0000][1785.850s][info ][safepoint     ] Entering safepoint region: Cleanup
[2023-12-02T16:01:54.780+0000][1785.851s][info ][safepoint     ] Leaving safepoint region
[2023-12-02T16:01:54.780+0000][1785.851s][info ][safepoint     ] Total time for which application threads were stopped: 0.0010665 seconds, Stopping threads took: 0.0004179 seconds
[2023-12-02T16:01:55.780+0000][1786.852s][debug][safepoint     ] Safepoint synchronization initiated. (195 threads)
[2023-12-02T16:01:55.781+0000][1786.852s][info ][safepoint     ] Application time: 1.0011089 seconds
[2023-12-02T16:01:55.782+0000][1786.853s][info ][safepoint     ] Entering safepoint region: Cleanup
[2023-12-02T16:01:55.783+0000][1786.854s][info ][safepoint     ] Leaving safepoint region
[2023-12-02T16:01:55.784+0000][1786.855s][info ][safepoint     ] Total time for which application threads were stopped: 0.0020651 seconds, Stopping threads took: 0.0009008 seconds
[2023-12-02T16:01:56.785+0000][1787.856s][debug][safepoint     ] Safepoint synchronization initiated. (195 threads)
[2023-12-02T16:01:56.786+0000][1787.857s][info ][safepoint     ] Application time: 1.0009949 seconds
[2023-12-02T16:01:56.786+0000][1787.858s][info ][safepoint     ] Entering safepoint region: Cleanup
[2023-12-02T16:01:56.787+0000][1787.858s][info ][safepoint     ] Leaving safepoint region
[2023-12-02T16:01:56.788+0000][1787.859s][info ][safepoint     ] Total time for which application threads were stopped: 0.0013453 seconds, Stopping threads took: 0.0007177 seconds
[2023-12-02T16:01:57.788+0000][1788.859s][debug][safepoint     ] Safepoint synchronization initiated. (195 threads)
[2023-12-02T16:01:57.789+0000][1788.860s][info ][safepoint     ] Application time: 1.0004521 seconds
[2023-12-02T16:01:57.789+0000][1788.860s][info ][safepoint     ] Entering safepoint region: Cleanup
[2023-12-02T16:01:57.789+0000][1788.860s][info ][safepoint     ] Leaving safepoint region
[2023-12-02T16:01:57.790+0000][1788.861s][info ][safepoint     ] Total time for which application threads were stopped: 0.0007437 seconds, Stopping threads took: 0.0002955 seconds
[2023-12-02T16:01:58.790+0000][1789.861s][debug][safepoint     ] Safepoint synchronization initiated. (195 threads)
[2023-12-02T16:01:58.791+0000][1789.862s][info ][safepoint     ] Application time: 1.0009830 seconds
[2023-12-02T16:01:58.792+0000][1789.863s][info ][safepoint     ] Entering safepoint region: Cleanup
[2023-12-02T16:01:58.792+0000][1789.863s][info ][safepoint     ] Leaving safepoint region
[2023-12-02T16:01:58.793+0000][1789.864s][info ][safepoint     ] Total time for which application threads were stopped: 0.0012939 seconds, Stopping threads took: 0.0004949 seconds
[2023-12-02T16:01:59.794+0000][1790.865s][debug][safepoint     ] Safepoint synchronization initiated. (195 threads)
[2023-12-02T16:01:59.794+0000][1790.866s][info ][safepoint     ] Application time: 1.0011041 seconds
[2023-12-02T16:01:59.795+0000][1790.867s][info ][safepoint     ] Entering safepoint region: Cleanup
[2023-12-02T16:01:59.797+0000][1790.868s][info ][safepoint     ] Leaving safepoint region
[2023-12-02T16:01:59.797+0000][1790.868s][info ][safepoint     ] Total time for which application threads were stopped: 0.0019639 seconds, Stopping threads took: 0.0007458 seconds
[2023-12-02T16:02:00.798+0000][1791.869s][debug][safepoint     ] Safepoint synchronization initiated. (195 threads)
[2023-12-02T16:02:00.799+0000][1791.870s][info ][safepoint     ] Application time: 1.0006218 seconds
[2023-12-02T16:02:00.799+0000][1791.870s][info ][safepoint     ] Entering safepoint region: Cleanup
[2023-12-02T16:02:00.800+0000][1791.871s][info ][safepoint     ] Leaving safepoint region
[2023-12-02T16:02:00.800+0000][1791.871s][info ][safepoint     ] Total time for which application threads were stopped: 0.0007802 seconds, Stopping threads took: 0.0003499 seconds
[2023-12-02T16:02:01.800+0000][1792.871s][debug][safepoint     ] Safepoint synchronization initiated. (195 threads)
[2023-12-02T16:02:01.801+0000][1792.872s][info ][safepoint     ] Application time: 1.0005886 seconds
[2023-12-02T16:02:01.801+0000][1792.872s][info ][safepoint     ] Entering safepoint region: Cleanup
[2023-12-02T16:02:01.802+0000][1792.873s][info ][safepoint     ] Leaving safepoint region
[2023-12-02T16:02:01.802+0000][1792.873s][info ][safepoint     ] Total time for which application threads were stopped: 0.0008933 seconds, Stopping threads took: 0.0003950 seconds
[2023-12-02T16:02:02.803+0000][1793.874s][debug][safepoint     ] Safepoint synchronization initiated. (195 threads)
[2023-12-02T16:02:02.803+0000][1793.874s][info ][safepoint     ] Application time: 1.0008543 seconds
[2023-12-02T16:02:02.804+0000][1793.875s][info ][safepoint     ] Entering safepoint region: Cleanup
[2023-12-02T16:02:02.805+0000][1793.876s][info ][safepoint     ] Leaving safepoint region
[2023-12-02T16:02:02.805+0000][1793.876s][info ][safepoint     ] Total time for which application threads were stopped: 0.0014535 seconds, Stopping threads took: 0.0007176 seconds
[2023-12-02T16:02:03.806+0000][1794.877s][debug][safepoint     ] Safepoint synchronization initiated. (195 threads)
[2023-12-02T16:02:03.807+0000][1794.878s][info ][safepoint     ] Application time: 1.0011142 seconds
[2023-12-02T16:02:03.808+0000][1794.879s][info ][safepoint     ] Entering safepoint region: Cleanup
[2023-12-02T16:02:03.809+0000][1794.880s][info ][safepoint     ] Leaving safepoint region
[2023-12-02T16:02:03.809+0000][1794.880s][info ][safepoint     ] Total time for which application threads were stopped: 0.0017650 seconds, Stopping threads took: 0.0008054 seconds
[2023-12-02T16:02:04.810+0000][1795.881s][debug][safepoint     ] Safepoint synchronization initiated. (195 threads)
[2023-12-02T16:02:04.810+0000][1795.881s][info ][safepoint     ] Application time: 1.0003042 seconds
[2023-12-02T16:02:04.811+0000][1795.882s][info ][safepoint     ] Entering safepoint region: Cleanup
[2023-12-02T16:02:04.811+0000][1795.882s][info ][safepoint     ] Leaving safepoint region
[2023-12-02T16:02:04.811+0000][1795.882s][info ][safepoint     ] Total time for which application threads were stopped: 0.0006462 seconds, Stopping threads took: 0.0002525 seconds
[2023-12-02T16:02:05.812+0000][1796.883s][debug][safepoint     ] Safepoint synchronization initiated. (195 threads)
[2023-12-02T16:02:05.812+0000][1796.883s][info ][safepoint     ] Application time: 1.0009529 seconds
[2023-12-02T16:02:05.813+0000][1796.884s][info ][safepoint     ] Entering safepoint region: Cleanup
[2023-12-02T16:02:05.814+0000][1796.885s][info ][safepoint     ] Leaving safepoint region
[2023-12-02T16:02:05.814+0000][1796.885s][info ][safepoint     ] Total time for which application threads were stopped: 0.0014088 seconds, Stopping threads took: 0.0006120 seconds
[2023-12-02T16:02:06.815+0000][1797.886s][debug][safepoint     ] Safepoint synchronization initiated. (195 threads)
[2023-12-02T16:02:06.816+0000][1797.887s][info ][safepoint     ] Application time: 1.0010148 seconds
[2023-12-02T16:02:06.817+0000][1797.888s][info ][safepoint     ] Entering safepoint region: Cleanup
[2023-12-02T16:02:06.818+0000][1797.889s][info ][safepoint     ] Leaving safepoint region
[2023-12-02T16:02:06.818+0000][1797.889s][info ][safepoint     ] Total time for which application threads were stopped: 0.0017897 seconds, Stopping threads took: 0.0007105 seconds
[2023-12-02T16:02:07.819+0000][1798.890s][debug][safepoint     ] Safepoint synchronization initiated. (195 threads)
[2023-12-02T16:02:07.820+0000][1798.891s][info ][safepoint     ] Application time: 1.0011562 seconds
[2023-12-02T16:02:07.821+0000][1798.892s][info ][safepoint     ] Entering safepoint region: Cleanup
[2023-12-02T16:02:07.822+0000][1798.893s][info ][safepoint     ] Leaving safepoint region
[2023-12-02T16:02:07.822+0000][1798.893s][info ][safepoint     ] Total time for which application threads were stopped: 0.0017891 seconds, Stopping threads took: 0.0007995 seconds
[2023-12-02T16:02:08.823+0000][1799.894s][debug][safepoint     ] Safepoint synchronization initiated. (195 threads)
[2023-12-02T16:02:08.823+0000][1799.894s][info ][safepoint     ] Application time: 1.0003691 seconds
[2023-12-02T16:02:08.824+0000][1799.895s][info ][safepoint     ] Entering safepoint region: Cleanup
[2023-12-02T16:02:08.824+0000][1799.895s][info ][safepoint     ] Leaving safepoint region
[2023-12-02T16:02:08.824+0000][1799.895s][info ][safepoint     ] Total time for which application threads were stopped: 0.0006368 seconds, Stopping threads took: 0.0002113 seconds
[2023-12-02T16:02:09.825+0000][1800.896s][debug][safepoint     ] Safepoint synchronization initiated. (195 threads)
[2023-12-02T16:02:09.825+0000][1800.896s][info ][safepoint     ] Application time: 1.0004562 seconds
[2023-12-02T16:02:09.825+0000][1800.896s][info ][safepoint     ] Entering safepoint region: Cleanup
[2023-12-02T16:02:09.825+0000][1800.897s][info ][safepoint     ] Leaving safepoint region
[2023-12-02T16:02:09.826+0000][1800.897s][info ][safepoint     ] Total time for which application threads were stopped: 0.0005495 seconds, Stopping threads took: 0.0001739 seconds
[2023-12-02T16:02:10.826+0000][1801.897s][debug][safepoint     ] Safepoint synchronization initiated. (195 threads)
[2023-12-02T16:02:10.826+0000][1801.897s][info ][safepoint     ] Application time: 1.0003752 seconds
[2023-12-02T16:02:10.827+0000][1801.898s][info ][safepoint     ] Entering safepoint region: Cleanup
[2023-12-02T16:02:10.827+0000][1801.898s][info ][safepoint     ] Leaving safepoint region
[2023-12-02T16:02:10.828+0000][1801.899s][info ][safepoint     ] Total time for which application threads were stopped: 0.0011110 seconds, Stopping threads took: 0.0004931 seconds
[2023-12-02T16:02:11.225+0000][1802.296s][debug][safepoint     ] Safepoint synchronization initiated. (195 threads)
[2023-12-02T16:02:11.226+0000][1802.297s][info ][safepoint     ] Application time: 0.3981005 seconds
[2023-12-02T16:02:11.227+0000][1802.298s][info ][safepoint     ] Entering safepoint region: G1CollectForAllocation
[2023-12-02T16:02:11.228+0000][1802.299s][info ][gc,start      ] GC(72) Pause Young (Normal) (G1 Evacuation Pause)
[2023-12-02T16:02:11.228+0000][1802.299s][info ][gc,task       ] GC(72) Using 8 workers of 8 for evacuation
[2023-12-02T16:02:11.237+0000][1802.308s][info ][gc,phases     ] GC(72)   Pre Evacuate Collection Set: 0.1ms
[2023-12-02T16:02:11.237+0000][1802.309s][info ][gc,phases     ] GC(72)   Evacuate Collection Set: 4.4ms
[2023-12-02T16:02:11.238+0000][1802.309s][info ][gc,phases     ] GC(72)   Post Evacuate Collection Set: 3.3ms
[2023-12-02T16:02:11.238+0000][1802.309s][info ][gc,phases     ] GC(72)   Other: 1.8ms
[2023-12-02T16:02:11.239+0000][1802.310s][info ][gc,heap       ] GC(72) Eden regions: 187->0(188)
[2023-12-02T16:02:11.239+0000][1802.310s][info ][gc,heap       ] GC(72) Survivor regions: 9->9(25)
[2023-12-02T16:02:11.239+0000][1802.310s][info ][gc,heap       ] GC(72) Old regions: 162->162
[2023-12-02T16:02:11.240+0000][1802.311s][info ][gc,heap       ] GC(72) Humongous regions: 15->15
[2023-12-02T16:02:11.240+0000][1802.311s][info ][gc,metaspace  ] GC(72) Metaspace: 179012K(193052K)->179012K(193052K) NonClass: 158283K(169504K)->158283K(169504K) Class: 20728K(23548K)->20728K(23548K)
[2023-12-02T16:02:11.241+0000][1802.312s][info ][gc            ] GC(72) Pause Young (Normal) (G1 Evacuation Pause) 370M->183M(427M) 13.004ms
[2023-12-02T16:02:11.241+0000][1802.312s][info ][gc,cpu        ] GC(72) User=0.04s Sys=0.01s Real=0.02s
[2023-12-02T16:02:11.242+0000][1802.313s][info ][safepoint     ] Leaving safepoint region
[2023-12-02T16:02:11.242+0000][1802.313s][info ][safepoint     ] Total time for which application threads were stopped: 0.0153628 seconds, Stopping threads took: 0.0005043 seconds
[2023-12-02T16:02:11.242+0000][1802.313s][info ][gc,stringdedup] Concurrent String Deduplication (1802.313s)
[2023-12-02T16:02:11.245+0000][1802.316s][info ][gc,stringdedup] Concurrent String Deduplication 195.1K->114.2K(82824.0B) avg 52.6% (1802.313s, 1802.316s) 3.008ms
[2023-12-02T16:02:12.243+0000][1803.314s][debug][safepoint     ] Safepoint synchronization initiated. (195 threads)
[2023-12-02T16:02:12.244+0000][1803.315s][info ][safepoint     ] Application time: 1.0013433 seconds
[2023-12-02T16:02:12.244+0000][1803.316s][info ][safepoint     ] Entering safepoint region: Cleanup
[2023-12-02T16:02:12.246+0000][1803.317s][info ][safepoint     ] Leaving safepoint region
[2023-12-02T16:02:12.246+0000][1803.318s][info ][safepoint     ] Total time for which application threads were stopped: 0.0020295 seconds, Stopping threads took: 0.0008087 seconds
[2023-12-02T16:02:13.248+0000][1804.319s][debug][safepoint     ] Safepoint synchronization initiated. (195 threads)
[2023-12-02T16:02:13.249+0000][1804.320s][info ][safepoint     ] Application time: 1.0014664 seconds
[2023-12-02T16:02:13.249+0000][1804.321s][info ][safepoint     ] Entering safepoint region: Cleanup
[2023-12-02T16:02:13.251+0000][1804.322s][info ][safepoint     ] Leaving safepoint region
[2023-12-02T16:02:13.251+0000][1804.322s][info ][safepoint     ] Total time for which application threads were stopped: 0.0018668 seconds, Stopping threads took: 0.0009041 seconds
[2023-12-02T16:02:14.252+0000][1805.323s][debug][safepoint     ] Safepoint synchronization initiated. (195 threads)
[2023-12-02T16:02:14.253+0000][1805.324s][info ][safepoint     ] Application time: 1.0013938 seconds
[2023-12-02T16:02:14.254+0000][1805.325s][info ][safepoint     ] Entering safepoint region: Cleanup
[2023-12-02T16:02:14.255+0000][1805.326s][info ][safepoint     ] Leaving safepoint region
[2023-12-02T16:02:14.256+0000][1805.327s][info ][safepoint     ] Total time for which application threads were stopped: 0.0020190 seconds, Stopping threads took: 0.0008904 seconds
[2023-12-02T16:02:15.257+0000][1806.328s][debug][safepoint     ] Safepoint synchronization initiated. (195 threads)
[2023-12-02T16:02:15.258+0000][1806.329s][info ][safepoint     ] Application time: 1.0013214 seconds
[2023-12-02T16:02:15.259+0000][1806.330s][info ][safepoint     ] Entering safepoint region: Cleanup
[2023-12-02T16:02:15.260+0000][1806.331s][info ][safepoint     ] Leaving safepoint region
[2023-12-02T16:02:15.261+0000][1806.332s][info ][safepoint     ] Total time for which application threads were stopped: 0.0018790 seconds, Stopping threads took: 0.0006793 seconds
[2023-12-02T16:02:16.262+0000][1807.333s][debug][safepoint     ] Safepoint synchronization initiated. (195 threads)
[2023-12-02T16:02:16.263+0000][1807.334s][info ][safepoint     ] Application time: 1.0013791 seconds
[2023-12-02T16:02:16.264+0000][1807.335s][info ][safepoint     ] Entering safepoint region: Cleanup
[2023-12-02T16:02:16.265+0000][1807.336s][info ][safepoint     ] Leaving safepoint region
[2023-12-02T16:02:16.266+0000][1807.337s][info ][safepoint     ] Total time for which application threads were stopped: 0.0021982 seconds, Stopping threads took: 0.0009488 seconds
[2023-12-02T16:02:17.267+0000][1808.338s][debug][safepoint     ] Safepoint synchronization initiated. (193 threads)
[2023-12-02T16:02:17.268+0000][1808.339s][info ][safepoint     ] Application time: 1.0011388 seconds
[2023-12-02T16:02:17.268+0000][1808.340s][info ][safepoint     ] Entering safepoint region: Cleanup
[2023-12-02T16:02:17.270+0000][1808.341s][info ][safepoint     ] Leaving safepoint region
[2023-12-02T16:02:17.270+0000][1808.341s][info ][safepoint     ] Total time for which application threads were stopped: 0.0018606 seconds, Stopping threads took: 0.0006743 seconds
[2023-12-02T16:02:18.271+0000][1809.342s][debug][safepoint     ] Safepoint synchronization initiated. (193 threads)
[2023-12-02T16:02:18.272+0000][1809.343s][info ][safepoint     ] Application time: 1.0012857 seconds
[2023-12-02T16:02:18.273+0000][1809.344s][info ][safepoint     ] Entering safepoint region: Cleanup
[2023-12-02T16:02:18.274+0000][1809.345s][info ][safepoint     ] Leaving safepoint region
[2023-12-02T16:02:18.275+0000][1809.346s][info ][safepoint     ] Total time for which application threads were stopped: 0.0018555 seconds, Stopping threads took: 0.0008102 seconds
[2023-12-02T16:02:19.276+0000][1810.347s][debug][safepoint     ] Safepoint synchronization initiated. (193 threads)
[2023-12-02T16:02:19.277+0000][1810.348s][info ][safepoint     ] Application time: 1.0010250 seconds
[2023-12-02T16:02:19.277+0000][1810.348s][info ][safepoint     ] Entering safepoint region: Cleanup
[2023-12-02T16:02:19.278+0000][1810.349s][info ][safepoint     ] Leaving safepoint region
[2023-12-02T16:02:19.279+0000][1810.350s][info ][safepoint     ] Total time for which application threads were stopped: 0.0015263 seconds, Stopping threads took: 0.0005739 seconds
[2023-12-02T16:02:20.280+0000][1811.351s][debug][safepoint     ] Safepoint synchronization initiated. (193 threads)
[2023-12-02T16:02:20.281+0000][1811.352s][info ][safepoint     ] Application time: 1.0013184 seconds
[2023-12-02T16:02:20.282+0000][1811.353s][info ][safepoint     ] Entering safepoint region: Cleanup
[2023-12-02T16:02:20.283+0000][1811.354s][info ][safepoint     ] Leaving safepoint region
[2023-12-02T16:02:20.284+0000][1811.355s][info ][safepoint     ] Total time for which application threads were stopped: 0.0022246 seconds, Stopping threads took: 0.0009376 seconds
[2023-12-02T16:02:21.285+0000][1812.356s][debug][safepoint     ] Safepoint synchronization initiated. (193 threads)
[2023-12-02T16:02:21.286+0000][1812.357s][info ][safepoint     ] Application time: 1.0013538 seconds
[2023-12-02T16:02:21.287+0000][1812.358s][info ][safepoint     ] Entering safepoint region: Cleanup
[2023-12-02T16:02:21.288+0000][1812.359s][info ][safepoint     ] Leaving safepoint region
[2023-12-02T16:02:21.289+0000][1812.360s][info ][safepoint     ] Total time for which application threads were stopped: 0.0020579 seconds, Stopping threads took: 0.0008169 seconds
[2023-12-02T16:02:22.290+0000][1813.361s][debug][safepoint     ] Safepoint synchronization initiated. (193 threads)
[2023-12-02T16:02:22.291+0000][1813.362s][info ][safepoint     ] Application time: 1.0011187 seconds
[2023-12-02T16:02:22.291+0000][1813.362s][info ][safepoint     ] Entering safepoint region: Cleanup
[2023-12-02T16:02:22.292+0000][1813.363s][info ][safepoint     ] Leaving safepoint region
[2023-12-02T16:02:22.293+0000][1813.364s][info ][safepoint     ] Total time for which application threads were stopped: 0.0013819 seconds, Stopping threads took: 0.0006674 seconds
[2023-12-02T16:02:23.293+0000][1814.365s][debug][safepoint     ] Safepoint synchronization initiated. (193 threads)
[2023-12-02T16:02:23.294+0000][1814.365s][info ][safepoint     ] Application time: 1.0011533 seconds
[2023-12-02T16:02:23.295+0000][1814.366s][info ][safepoint     ] Entering safepoint region: Cleanup
[2023-12-02T16:02:23.296+0000][1814.367s][info ][safepoint     ] Leaving safepoint region
[2023-12-02T16:02:23.297+0000][1814.368s][info ][safepoint     ] Total time for which application threads were stopped: 0.0017886 seconds, Stopping threads took: 0.0007002 seconds
[2023-12-02T16:02:24.298+0000][1815.369s][debug][safepoint     ] Safepoint synchronization initiated. (193 threads)
[2023-12-02T16:02:24.299+0000][1815.370s][info ][safepoint     ] Application time: 1.0011353 seconds
[2023-12-02T16:02:24.300+0000][1815.371s][info ][safepoint     ] Entering safepoint region: Cleanup
[2023-12-02T16:02:24.301+0000][1815.372s][info ][safepoint     ] Leaving safepoint region
[2023-12-02T16:02:24.302+0000][1815.373s][info ][safepoint     ] Total time for which application threads were stopped: 0.0018310 seconds, Stopping threads took: 0.0007397 seconds
[2023-12-02T16:02:25.302+0000][1816.373s][debug][safepoint     ] Safepoint synchronization initiated. (193 threads)
[2023-12-02T16:02:25.303+0000][1816.374s][info ][safepoint     ] Application time: 1.0009052 seconds
[2023-12-02T16:02:25.304+0000][1816.375s][info ][safepoint     ] Entering safepoint region: Cleanup
[2023-12-02T16:02:25.305+0000][1816.376s][info ][safepoint     ] Leaving safepoint region
[2023-12-02T16:02:25.305+0000][1816.376s][info ][safepoint     ] Total time for which application threads were stopped: 0.0016592 seconds, Stopping threads took: 0.0006750 seconds
[2023-12-02T16:02:26.306+0000][1817.377s][debug][safepoint     ] Safepoint synchronization initiated. (195 threads)
[2023-12-02T16:02:26.307+0000][1817.378s][info ][safepoint     ] Application time: 1.0012630 seconds
[2023-12-02T16:02:26.308+0000][1817.379s][info ][safepoint     ] Entering safepoint region: Cleanup
[2023-12-02T16:02:26.309+0000][1817.380s][info ][safepoint     ] Leaving safepoint region
[2023-12-02T16:02:26.309+0000][1817.380s][info ][safepoint     ] Total time for which application threads were stopped: 0.0014960 seconds, Stopping threads took: 0.0006498 seconds
[2023-12-02T16:02:32.311+0000][1823.382s][debug][safepoint     ] Safepoint synchronization initiated. (195 threads)
[2023-12-02T16:02:32.312+0000][1823.383s][info ][safepoint     ] Application time: 6.0018999 seconds
[2023-12-02T16:02:32.312+0000][1823.383s][info ][safepoint     ] Entering safepoint region: Cleanup
[2023-12-02T16:02:32.313+0000][1823.384s][info ][safepoint     ] Leaving safepoint region
[2023-12-02T16:02:32.313+0000][1823.384s][info ][safepoint     ] Total time for which application threads were stopped: 0.0012021 seconds, Stopping threads took: 0.0005263 seconds
[2023-12-02T16:02:49.318+0000][1840.389s][debug][safepoint     ] Safepoint synchronization initiated. (193 threads)
[2023-12-02T16:02:49.318+0000][1840.389s][info ][safepoint     ] Application time: 17.0044890 seconds
[2023-12-02T16:02:49.319+0000][1840.390s][info ][safepoint     ] Entering safepoint region: Cleanup
[2023-12-02T16:02:49.320+0000][1840.391s][info ][safepoint     ] Leaving safepoint region
[2023-12-02T16:02:49.320+0000][1840.391s][info ][safepoint     ] Total time for which application threads were stopped: 0.0014909 seconds, Stopping threads took: 0.0006622 seconds
[2023-12-02T16:02:50.321+0000][1841.392s][debug][safepoint     ] Safepoint synchronization initiated. (193 threads)
[2023-12-02T16:02:50.322+0000][1841.393s][info ][safepoint     ] Application time: 1.0010767 seconds
[2023-12-02T16:02:50.323+0000][1841.394s][info ][safepoint     ] Entering safepoint region: Cleanup
[2023-12-02T16:02:50.323+0000][1841.394s][info ][safepoint     ] Leaving safepoint region
[2023-12-02T16:02:50.324+0000][1841.395s][info ][safepoint     ] Total time for which application threads were stopped: 0.0012916 seconds, Stopping threads took: 0.0005768 seconds
[2023-12-02T16:02:51.324+0000][1842.395s][debug][safepoint     ] Safepoint synchronization initiated. (193 threads)
[2023-12-02T16:02:51.325+0000][1842.396s][info ][safepoint     ] Application time: 1.0005336 seconds
[2023-12-02T16:02:51.325+0000][1842.396s][info ][safepoint     ] Entering safepoint region: Cleanup
[2023-12-02T16:02:51.326+0000][1842.397s][info ][safepoint     ] Leaving safepoint region
[2023-12-02T16:02:51.326+0000][1842.397s][info ][safepoint     ] Total time for which application threads were stopped: 0.0013399 seconds, Stopping threads took: 0.0009691 seconds
[2023-12-02T16:02:52.327+0000][1843.398s][debug][safepoint     ] Safepoint synchronization initiated. (193 threads)
[2023-12-02T16:02:52.327+0000][1843.398s][info ][safepoint     ] Application time: 1.0005020 seconds
[2023-12-02T16:02:52.328+0000][1843.399s][info ][safepoint     ] Entering safepoint region: Cleanup
[2023-12-02T16:02:52.328+0000][1843.399s][info ][safepoint     ] Leaving safepoint region
[2023-12-02T16:02:52.329+0000][1843.400s][info ][safepoint     ] Total time for which application threads were stopped: 0.0009434 seconds, Stopping threads took: 0.0003393 seconds
[2023-12-02T16:02:53.329+0000][1844.400s][debug][safepoint     ] Safepoint synchronization initiated. (193 threads)
[2023-12-02T16:02:53.330+0000][1844.401s][info ][safepoint     ] Application time: 1.0009960 seconds
[2023-12-02T16:02:53.331+0000][1844.402s][info ][safepoint     ] Entering safepoint region: Cleanup
[2023-12-02T16:02:53.332+0000][1844.403s][info ][safepoint     ] Leaving safepoint region
[2023-12-02T16:02:53.332+0000][1844.403s][info ][safepoint     ] Total time for which application threads were stopped: 0.0014918 seconds, Stopping threads took: 0.0006881 seconds
[2023-12-02T16:02:54.332+0000][1845.404s][debug][safepoint     ] Safepoint synchronization initiated. (193 threads)
[2023-12-02T16:02:54.333+0000][1845.405s][info ][safepoint     ] Application time: 1.0010677 seconds
[2023-12-02T16:02:54.334+0000][1845.406s][info ][safepoint     ] Entering safepoint region: Cleanup
[2023-12-02T16:02:54.335+0000][1845.407s][info ][safepoint     ] Leaving safepoint region
[2023-12-02T16:02:54.336+0000][1845.408s][info ][safepoint     ] Total time for which application threads were stopped: 0.0018474 seconds, Stopping threads took: 0.0007603 seconds
[2023-12-02T16:02:55.337+0000][1846.409s][debug][safepoint     ] Safepoint synchronization initiated. (195 threads)
[2023-12-02T16:02:55.337+0000][1846.409s][info ][safepoint     ] Application time: 1.0008424 seconds
[2023-12-02T16:02:55.338+0000][1846.410s][info ][safepoint     ] Entering safepoint region: Cleanup
[2023-12-02T16:02:55.339+0000][1846.411s][info ][safepoint     ] Leaving safepoint region
[2023-12-02T16:02:55.339+0000][1846.411s][info ][safepoint     ] Total time for which application threads were stopped: 0.0015150 seconds, Stopping threads took: 0.0006466 seconds
[2023-12-02T16:02:56.340+0000][1847.412s][debug][safepoint     ] Safepoint synchronization initiated. (198 threads)
[2023-12-02T16:02:56.341+0000][1847.412s][info ][safepoint     ] Application time: 1.0007547 seconds
[2023-12-02T16:02:56.341+0000][1847.413s][info ][safepoint     ] Entering safepoint region: Cleanup
[2023-12-02T16:02:56.342+0000][1847.413s][info ][safepoint     ] Leaving safepoint region
[2023-12-02T16:02:56.342+0000][1847.414s][info ][safepoint     ] Total time for which application threads were stopped: 0.0010958 seconds, Stopping threads took: 0.0004528 seconds
[2023-12-02T16:02:57.343+0000][1848.414s][debug][safepoint     ] Safepoint synchronization initiated. (198 threads)
[2023-12-02T16:02:57.344+0000][1848.415s][info ][safepoint     ] Application time: 1.0013337 seconds
[2023-12-02T16:02:57.345+0000][1848.416s][info ][safepoint     ] Entering safepoint region: Cleanup
[2023-12-02T16:02:57.346+0000][1848.418s][info ][safepoint     ] Leaving safepoint region
[2023-12-02T16:02:57.347+0000][1848.418s][info ][safepoint     ] Total time for which application threads were stopped: 0.0019361 seconds, Stopping threads took: 0.0008499 seconds
[2023-12-02T16:02:58.348+0000][1849.419s][debug][safepoint     ] Safepoint synchronization initiated. (198 threads)
[2023-12-02T16:02:58.349+0000][1849.420s][info ][safepoint     ] Application time: 1.0011660 seconds
[2023-12-02T16:02:58.350+0000][1849.421s][info ][safepoint     ] Entering safepoint region: Cleanup
[2023-12-02T16:02:58.351+0000][1849.422s][info ][safepoint     ] Leaving safepoint region
[2023-12-02T16:02:58.351+0000][1849.423s][info ][safepoint     ] Total time for which application threads were stopped: 0.0018126 seconds, Stopping threads took: 0.0007225 seconds
[2023-12-02T16:02:58.351+0000][1849.422s][debug][safepoint     ] ... found polling page return exception at pc = 0x00007f43fc9de0c4, stub =0x00007f43f4840600
[2023-12-02T16:02:58.351+0000][1849.422s][debug][safepoint     ] ... found polling page return exception at pc = 0x00007f43fc9de0c4, stub =0x00007f43f4840600
[2023-12-02T16:02:58.351+0000][1849.422s][debug][safepoint     ] ... found polling page return exception at pc = 0x00007f43fc9de0c4, stub =0x00007f43f4840600
[2023-12-02T16:02:58.351+0000][1849.422s][debug][safepoint     ] ... found polling page return exception at pc = 0x00007f43fc9de0c4, stub =0x00007f43f4840600
[2023-12-02T16:02:58.351+0000][1849.422s][debug][safepoint     ] ... found polling page return exception at pc = 0x00007f43fc9de0c4, stub =0x00007f43f4840600
[2023-12-02T16:02:58.351+0000][1849.422s][debug][safepoint     ] ... found polling page return exception at pc = 0x00007f43fc9de0c4, stub =0x00007f43f4840600
[2023-12-02T16:02:58.351+0000][1849.422s][debug][safepoint     ] ... found polling page return exception at pc = 0x00007f43fc9de0c4, stub =0x00007f43f4840600
[2023-12-02T16:02:59.352+0000][1850.424s][debug][safepoint     ] Safepoint synchronization initiated. (198 threads)
[2023-12-02T16:02:59.353+0000][1850.425s][info ][safepoint     ] Application time: 1.0010668 seconds
[2023-12-02T16:02:59.354+0000][1850.425s][info ][safepoint     ] Entering safepoint region: Cleanup
[2023-12-02T16:02:59.355+0000][1850.426s][info ][safepoint     ] Leaving safepoint region
[2023-12-02T16:02:59.355+0000][1850.427s][info ][safepoint     ] Total time for which application threads were stopped: 0.0013062 seconds, Stopping threads took: 0.0005560 seconds
[2023-12-02T16:03:00.356+0000][1851.427s][debug][safepoint     ] Safepoint synchronization initiated. (198 threads)
[2023-12-02T16:03:00.356+0000][1851.428s][info ][safepoint     ] Application time: 1.0011037 seconds
[2023-12-02T16:03:00.358+0000][1851.429s][info ][safepoint     ] Entering safepoint region: Cleanup
[2023-12-02T16:03:00.359+0000][1851.430s][info ][safepoint     ] Leaving safepoint region
[2023-12-02T16:03:00.360+0000][1851.431s][info ][safepoint     ] Total time for which application threads were stopped: 0.0020697 seconds, Stopping threads took: 0.0006899 seconds
[2023-12-02T16:03:01.360+0000][1852.432s][debug][safepoint     ] Safepoint synchronization initiated. (198 threads)
[2023-12-02T16:03:01.361+0000][1852.433s][info ][safepoint     ] Application time: 1.0006712 seconds
[2023-12-02T16:03:01.362+0000][1852.433s][info ][safepoint     ] Entering safepoint region: Cleanup
[2023-12-02T16:03:01.362+0000][1852.434s][info ][safepoint     ] Leaving safepoint region
[2023-12-02T16:03:01.363+0000][1852.434s][info ][safepoint     ] Total time for which application threads were stopped: 0.0011559 seconds, Stopping threads took: 0.0004827 seconds
[2023-12-02T16:03:02.363+0000][1853.435s][debug][safepoint     ] Safepoint synchronization initiated. (198 threads)
[2023-12-02T16:03:02.364+0000][1853.436s][info ][safepoint     ] Application time: 1.0011246 seconds
[2023-12-02T16:03:02.365+0000][1853.437s][info ][safepoint     ] Entering safepoint region: Cleanup
[2023-12-02T16:03:02.366+0000][1853.438s][info ][safepoint     ] Leaving safepoint region
[2023-12-02T16:03:02.367+0000][1853.439s][info ][safepoint     ] Total time for which application threads were stopped: 0.0020268 seconds, Stopping threads took: 0.0008142 seconds
[2023-12-02T16:03:03.368+0000][1854.440s][debug][safepoint     ] Safepoint synchronization initiated. (198 threads)
[2023-12-02T16:03:03.368+0000][1854.440s][info ][safepoint     ] Application time: 1.0007897 seconds
[2023-12-02T16:03:03.369+0000][1854.441s][info ][safepoint     ] Entering safepoint region: Cleanup
[2023-12-02T16:03:03.370+0000][1854.441s][info ][safepoint     ] Leaving safepoint region
[2023-12-02T16:03:03.370+0000][1854.442s][info ][safepoint     ] Total time for which application threads were stopped: 0.0011774 seconds, Stopping threads took: 0.0005279 seconds
[2023-12-02T16:03:04.371+0000][1855.442s][debug][safepoint     ] Safepoint synchronization initiated. (198 threads)
[2023-12-02T16:03:04.371+0000][1855.443s][info ][safepoint     ] Application time: 1.0006425 seconds
[2023-12-02T16:03:04.371+0000][1855.443s][info ][safepoint     ] Entering safepoint region: Cleanup
[2023-12-02T16:03:04.372+0000][1855.444s][info ][safepoint     ] Leaving safepoint region
[2023-12-02T16:03:04.372+0000][1855.444s][info ][safepoint     ] Total time for which application threads were stopped: 0.0007760 seconds, Stopping threads took: 0.0003740 seconds
[2023-12-02T16:03:05.373+0000][1856.444s][debug][safepoint     ] Safepoint synchronization initiated. (198 threads)
[2023-12-02T16:03:05.374+0000][1856.445s][info ][safepoint     ] Application time: 1.0012565 seconds
[2023-12-02T16:03:05.375+0000][1856.446s][info ][safepoint     ] Entering safepoint region: Cleanup
[2023-12-02T16:03:05.376+0000][1856.448s][info ][safepoint     ] Leaving safepoint region
[2023-12-02T16:03:05.377+0000][1856.448s][info ][safepoint     ] Total time for which application threads were stopped: 0.0021458 seconds, Stopping threads took: 0.0008686 seconds
[2023-12-02T16:03:06.378+0000][1857.449s][debug][safepoint     ] Safepoint synchronization initiated. (198 threads)
[2023-12-02T16:03:06.379+0000][1857.450s][info ][safepoint     ] Application time: 1.0011699 seconds
[2023-12-02T16:03:06.379+0000][1857.451s][info ][safepoint     ] Entering safepoint region: Cleanup
[2023-12-02T16:03:06.380+0000][1857.452s][info ][safepoint     ] Leaving safepoint region
[2023-12-02T16:03:06.381+0000][1857.453s][info ][safepoint     ] Total time for which application threads were stopped: 0.0016936 seconds, Stopping threads took: 0.0007890 seconds
[2023-12-02T16:03:07.382+0000][1858.454s][debug][safepoint     ] Safepoint synchronization initiated. (198 threads)
[2023-12-02T16:03:07.383+0000][1858.455s][info ][safepoint     ] Application time: 1.0012980 seconds
[2023-12-02T16:03:07.384+0000][1858.456s][info ][safepoint     ] Entering safepoint region: Cleanup
[2023-12-02T16:03:07.385+0000][1858.457s][info ][safepoint     ] Leaving safepoint region
[2023-12-02T16:03:07.386+0000][1858.457s][info ][safepoint     ] Total time for which application threads were stopped: 0.0019781 seconds, Stopping threads took: 0.0007830 seconds
[2023-12-02T16:03:08.387+0000][1859.458s][debug][safepoint     ] Safepoint synchronization initiated. (198 threads)
[2023-12-02T16:03:08.388+0000][1859.459s][info ][safepoint     ] Application time: 1.0012183 seconds
[2023-12-02T16:03:08.388+0000][1859.460s][info ][safepoint     ] Entering safepoint region: Cleanup
[2023-12-02T16:03:08.389+0000][1859.461s][info ][safepoint     ] Leaving safepoint region
[2023-12-02T16:03:08.390+0000][1859.462s][info ][safepoint     ] Total time for which application threads were stopped: 0.0016821 seconds, Stopping threads took: 0.0006893 seconds
[2023-12-02T16:03:08.390+0000][1859.461s][debug][safepoint     ] ... found polling page return exception at pc = 0x00007f43fc9de0c4, stub =0x00007f43f4840600
[2023-12-02T16:03:08.390+0000][1859.461s][debug][safepoint     ] ... found polling page return exception at pc = 0x00007f43fc9de0c4, stub =0x00007f43f4840600
[2023-12-02T16:03:08.390+0000][1859.461s][debug][safepoint     ] ... found polling page return exception at pc = 0x00007f43fc9de0c4, stub =0x00007f43f4840600
[2023-12-02T16:03:08.390+0000][1859.461s][debug][safepoint     ] ... found polling page return exception at pc = 0x00007f43fc9de0c4, stub =0x00007f43f4840600
[2023-12-02T16:03:08.390+0000][1859.461s][debug][safepoint     ] ... found polling page return exception at pc = 0x00007f43fc9de0c4, stub =0x00007f43f4840600
[2023-12-02T16:03:08.390+0000][1859.461s][debug][safepoint     ] ... found polling page return exception at pc = 0x00007f43fc9de0c4, stub =0x00007f43f4840600
[2023-12-02T16:03:09.391+0000][1860.463s][debug][safepoint     ] Safepoint synchronization initiated. (198 threads)
[2023-12-02T16:03:09.391+0000][1860.463s][info ][safepoint     ] Application time: 1.0004372 seconds
[2023-12-02T16:03:09.391+0000][1860.463s][info ][safepoint     ] Entering safepoint region: Cleanup
[2023-12-02T16:03:09.392+0000][1860.463s][info ][safepoint     ] Leaving safepoint region
[2023-12-02T16:03:09.392+0000][1860.464s][info ][safepoint     ] Total time for which application threads were stopped: 0.0005211 seconds, Stopping threads took: 0.0001949 seconds
[2023-12-02T16:03:10.392+0000][1861.464s][debug][safepoint     ] Safepoint synchronization initiated. (198 threads)
[2023-12-02T16:03:10.393+0000][1861.465s][info ][safepoint     ] Application time: 1.0013717 seconds
[2023-12-02T16:03:10.395+0000][1861.466s][info ][safepoint     ] Entering safepoint region: Cleanup
[2023-12-02T16:03:10.396+0000][1861.467s][info ][safepoint     ] Leaving safepoint region
[2023-12-02T16:03:10.396+0000][1861.468s][info ][safepoint     ] Total time for which application threads were stopped: 0.0016868 seconds, Stopping threads took: 0.0007050 seconds
[2023-12-02T16:03:11.397+0000][1862.469s][debug][safepoint     ] Safepoint synchronization initiated. (198 threads)
[2023-12-02T16:03:11.398+0000][1862.470s][info ][safepoint     ] Application time: 1.0011325 seconds
[2023-12-02T16:03:11.399+0000][1862.470s][info ][safepoint     ] Entering safepoint region: Cleanup
[2023-12-02T16:03:11.399+0000][1862.471s][info ][safepoint     ] Leaving safepoint region
[2023-12-02T16:03:11.400+0000][1862.472s][info ][safepoint     ] Total time for which application threads were stopped: 0.0013181 seconds, Stopping threads took: 0.0004716 seconds
[2023-12-02T16:03:12.401+0000][1863.472s][debug][safepoint     ] Safepoint synchronization initiated. (198 threads)
[2023-12-02T16:03:12.402+0000][1863.473s][info ][safepoint     ] Application time: 1.0013159 seconds
[2023-12-02T16:03:12.403+0000][1863.474s][info ][safepoint     ] Entering safepoint region: Cleanup
[2023-12-02T16:03:12.404+0000][1863.475s][info ][safepoint     ] Leaving safepoint region
[2023-12-02T16:03:12.404+0000][1863.476s][info ][safepoint     ] Total time for which application threads were stopped: 0.0018955 seconds, Stopping threads took: 0.0009043 seconds
[2023-12-02T16:03:13.405+0000][1864.477s][debug][safepoint     ] Safepoint synchronization initiated. (198 threads)
[2023-12-02T16:03:13.406+0000][1864.478s][info ][safepoint     ] Application time: 1.0013114 seconds
[2023-12-02T16:03:13.407+0000][1864.479s][info ][safepoint     ] Entering safepoint region: Cleanup
[2023-12-02T16:03:13.408+0000][1864.480s][info ][safepoint     ] Leaving safepoint region
[2023-12-02T16:03:13.409+0000][1864.481s][info ][safepoint     ] Total time for which application threads were stopped: 0.0019476 seconds, Stopping threads took: 0.0007973 seconds
[2023-12-02T16:03:14.410+0000][1865.482s][debug][safepoint     ] Safepoint synchronization initiated. (198 threads)
[2023-12-02T16:03:14.411+0000][1865.483s][info ][safepoint     ] Application time: 1.0013781 seconds
[2023-12-02T16:03:14.412+0000][1865.484s][info ][safepoint     ] Entering safepoint region: Cleanup
[2023-12-02T16:03:14.413+0000][1865.485s][info ][safepoint     ] Leaving safepoint region
[2023-12-02T16:03:14.414+0000][1865.486s][info ][safepoint     ] Total time for which application threads were stopped: 0.0022530 seconds, Stopping threads took: 0.0008976 seconds
[2023-12-02T16:03:15.416+0000][1866.487s][debug][safepoint     ] Safepoint synchronization initiated. (198 threads)
[2023-12-02T16:03:15.417+0000][1866.488s][info ][safepoint     ] Application time: 1.0015065 seconds
[2023-12-02T16:03:15.418+0000][1866.489s][info ][safepoint     ] Entering safepoint region: Cleanup
[2023-12-02T16:03:15.419+0000][1866.490s][info ][safepoint     ] Leaving safepoint region
[2023-12-02T16:03:15.419+0000][1866.491s][info ][safepoint     ] Total time for which application threads were stopped: 0.0017688 seconds, Stopping threads took: 0.0007866 seconds
[2023-12-02T16:03:16.421+0000][1867.492s][debug][safepoint     ] Safepoint synchronization initiated. (198 threads)
[2023-12-02T16:03:16.422+0000][1867.493s][info ][safepoint     ] Application time: 1.0014014 seconds
[2023-12-02T16:03:16.422+0000][1867.494s][info ][safepoint     ] Entering safepoint region: Cleanup
[2023-12-02T16:03:16.423+0000][1867.495s][info ][safepoint     ] Leaving safepoint region
[2023-12-02T16:03:16.424+0000][1867.496s][info ][safepoint     ] Total time for which application threads were stopped: 0.0016346 seconds, Stopping threads took: 0.0007077 seconds
[2023-12-02T16:03:17.425+0000][1868.496s][debug][safepoint     ] Safepoint synchronization initiated. (198 threads)
[2023-12-02T16:03:17.426+0000][1868.497s][info ][safepoint     ] Application time: 1.0014137 seconds
[2023-12-02T16:03:17.427+0000][1868.498s][info ][safepoint     ] Entering safepoint region: Cleanup
[2023-12-02T16:03:17.428+0000][1868.500s][info ][safepoint     ] Leaving safepoint region
[2023-12-02T16:03:17.429+0000][1868.500s][info ][safepoint     ] Total time for which application threads were stopped: 0.0019360 seconds, Stopping threads took: 0.0008267 seconds
[2023-12-02T16:03:18.429+0000][1869.501s][debug][safepoint     ] Safepoint synchronization initiated. (198 threads)
[2023-12-02T16:03:18.430+0000][1869.502s][info ][safepoint     ] Application time: 1.0007799 seconds
[2023-12-02T16:03:18.431+0000][1869.502s][info ][safepoint     ] Entering safepoint region: Cleanup
[2023-12-02T16:03:18.431+0000][1869.503s][info ][safepoint     ] Leaving safepoint region
[2023-12-02T16:03:18.432+0000][1869.503s][info ][safepoint     ] Total time for which application threads were stopped: 0.0010251 seconds, Stopping threads took: 0.0004257 seconds
[2023-12-02T16:03:19.432+0000][1870.504s][debug][safepoint     ] Safepoint synchronization initiated. (198 threads)
[2023-12-02T16:03:19.433+0000][1870.504s][info ][safepoint     ] Application time: 1.0006706 seconds
[2023-12-02T16:03:19.433+0000][1870.505s][info ][safepoint     ] Entering safepoint region: Cleanup
[2023-12-02T16:03:19.434+0000][1870.505s][info ][safepoint     ] Leaving safepoint region
[2023-12-02T16:03:19.434+0000][1870.505s][info ][safepoint     ] Total time for which application threads were stopped: 0.0007454 seconds, Stopping threads took: 0.0003293 seconds
[2023-12-02T16:03:20.434+0000][1871.506s][debug][safepoint     ] Safepoint synchronization initiated. (198 threads)
[2023-12-02T16:03:20.435+0000][1871.507s][info ][safepoint     ] Application time: 1.0012537 seconds
[2023-12-02T16:03:20.436+0000][1871.508s][info ][safepoint     ] Entering safepoint region: Cleanup
[2023-12-02T16:03:20.437+0000][1871.509s][info ][safepoint     ] Leaving safepoint region
[2023-12-02T16:03:20.438+0000][1871.510s][info ][safepoint     ] Total time for which application threads were stopped: 0.0020933 seconds, Stopping threads took: 0.0009199 seconds
[2023-12-02T16:03:21.439+0000][1872.510s][debug][safepoint     ] Safepoint synchronization initiated. (198 threads)
[2023-12-02T16:03:21.439+0000][1872.511s][info ][safepoint     ] Application time: 1.0006989 seconds
[2023-12-02T16:03:21.440+0000][1872.512s][info ][safepoint     ] Entering safepoint region: Cleanup
[2023-12-02T16:03:21.440+0000][1872.512s][info ][safepoint     ] Leaving safepoint region
[2023-12-02T16:03:21.441+0000][1872.512s][info ][safepoint     ] Total time for which application threads were stopped: 0.0009045 seconds, Stopping threads took: 0.0004577 seconds
[2023-12-02T16:03:22.441+0000][1873.513s][debug][safepoint     ] Safepoint synchronization initiated. (198 threads)
[2023-12-02T16:03:22.442+0000][1873.514s][info ][safepoint     ] Application time: 1.0013090 seconds
[2023-12-02T16:03:22.443+0000][1873.515s][info ][safepoint     ] Entering safepoint region: Cleanup
[2023-12-02T16:03:22.445+0000][1873.516s][info ][safepoint     ] Leaving safepoint region
[2023-12-02T16:03:22.446+0000][1873.517s][info ][safepoint     ] Total time for which application threads were stopped: 0.0023199 seconds, Stopping threads took: 0.0008871 seconds
[2023-12-02T16:03:23.446+0000][1874.518s][debug][safepoint     ] Safepoint synchronization initiated. (198 threads)
[2023-12-02T16:03:23.447+0000][1874.519s][info ][safepoint     ] Application time: 1.0006527 seconds
[2023-12-02T16:03:23.447+0000][1874.519s][info ][safepoint     ] Entering safepoint region: Cleanup
[2023-12-02T16:03:23.447+0000][1874.519s][info ][safepoint     ] Leaving safepoint region
[2023-12-02T16:03:23.448+0000][1874.520s][info ][safepoint     ] Total time for which application threads were stopped: 0.0006786 seconds, Stopping threads took: 0.0002978 seconds
[2023-12-02T16:03:24.448+0000][1875.520s][debug][safepoint     ] Safepoint synchronization initiated. (198 threads)
[2023-12-02T16:03:24.449+0000][1875.521s][info ][safepoint     ] Application time: 1.0010719 seconds
[2023-12-02T16:03:24.450+0000][1875.522s][info ][safepoint     ] Entering safepoint region: Cleanup
[2023-12-02T16:03:24.451+0000][1875.523s][info ][safepoint     ] Leaving safepoint region
[2023-12-02T16:03:24.451+0000][1875.523s][info ][safepoint     ] Total time for which application threads were stopped: 0.0018074 seconds, Stopping threads took: 0.0007253 seconds
[2023-12-02T16:03:25.452+0000][1876.524s][debug][safepoint     ] Safepoint synchronization initiated. (198 threads)
[2023-12-02T16:03:25.453+0000][1876.525s][info ][safepoint     ] Application time: 1.0010852 seconds
[2023-12-02T16:03:25.454+0000][1876.526s][info ][safepoint     ] Entering safepoint region: Cleanup
[2023-12-02T16:03:25.455+0000][1876.527s][info ][safepoint     ] Leaving safepoint region
[2023-12-02T16:03:25.456+0000][1876.528s][info ][safepoint     ] Total time for which application threads were stopped: 0.0016354 seconds, Stopping threads took: 0.0006187 seconds
[2023-12-02T16:03:26.457+0000][1877.529s][debug][safepoint     ] Safepoint synchronization initiated. (198 threads)
[2023-12-02T16:03:26.458+0000][1877.530s][info ][safepoint     ] Application time: 1.0014518 seconds
[2023-12-02T16:03:26.458+0000][1877.530s][info ][safepoint     ] Entering safepoint region: Cleanup
[2023-12-02T16:03:26.460+0000][1877.532s][info ][safepoint     ] Leaving safepoint region
[2023-12-02T16:03:26.460+0000][1877.532s][info ][safepoint     ] Total time for which application threads were stopped: 0.0020413 seconds, Stopping threads took: 0.0007729 seconds
[2023-12-02T16:03:27.461+0000][1878.533s][debug][safepoint     ] Safepoint synchronization initiated. (198 threads)
[2023-12-02T16:03:27.462+0000][1878.534s][info ][safepoint     ] Application time: 1.0004710 seconds
[2023-12-02T16:03:27.462+0000][1878.534s][info ][safepoint     ] Entering safepoint region: Cleanup
[2023-12-02T16:03:27.462+0000][1878.534s][info ][safepoint     ] Leaving safepoint region
[2023-12-02T16:03:27.463+0000][1878.535s][info ][safepoint     ] Total time for which application threads were stopped: 0.0006874 seconds, Stopping threads took: 0.0002693 seconds
[2023-12-02T16:03:28.463+0000][1879.535s][debug][safepoint     ] Safepoint synchronization initiated. (198 threads)
[2023-12-02T16:03:28.466+0000][1879.538s][info ][safepoint     ] Application time: 1.0029308 seconds
[2023-12-02T16:03:28.467+0000][1879.539s][info ][safepoint     ] Entering safepoint region: Cleanup
[2023-12-02T16:03:28.467+0000][1879.539s][info ][safepoint     ] Leaving safepoint region
[2023-12-02T16:03:28.468+0000][1879.540s][info ][safepoint     ] Total time for which application threads were stopped: 0.0012145 seconds, Stopping threads took: 0.0003921 seconds
[2023-12-02T16:03:29.468+0000][1880.540s][debug][safepoint     ] Safepoint synchronization initiated. (198 threads)
[2023-12-02T16:03:29.469+0000][1880.541s][info ][safepoint     ] Application time: 1.0008443 seconds
[2023-12-02T16:03:29.469+0000][1880.541s][info ][safepoint     ] Entering safepoint region: Cleanup
[2023-12-02T16:03:29.470+0000][1880.542s][info ][safepoint     ] Leaving safepoint region
[2023-12-02T16:03:29.470+0000][1880.542s][info ][safepoint     ] Total time for which application threads were stopped: 0.0008689 seconds, Stopping threads took: 0.0003254 seconds
[2023-12-02T16:03:30.471+0000][1881.543s][debug][safepoint     ] Safepoint synchronization initiated. (198 threads)
[2023-12-02T16:03:30.471+0000][1881.543s][info ][safepoint     ] Application time: 1.0010295 seconds
[2023-12-02T16:03:30.472+0000][1881.544s][info ][safepoint     ] Entering safepoint region: Cleanup
[2023-12-02T16:03:30.473+0000][1881.545s][info ][safepoint     ] Leaving safepoint region
[2023-12-02T16:03:30.473+0000][1881.545s][info ][safepoint     ] Total time for which application threads were stopped: 0.0012495 seconds, Stopping threads took: 0.0005290 seconds
[2023-12-02T16:03:31.474+0000][1882.546s][debug][safepoint     ] Safepoint synchronization initiated. (198 threads)
[2023-12-02T16:03:31.475+0000][1882.547s][info ][safepoint     ] Application time: 1.0012945 seconds
[2023-12-02T16:03:31.476+0000][1882.548s][info ][safepoint     ] Entering safepoint region: Cleanup
[2023-12-02T16:03:31.477+0000][1882.549s][info ][safepoint     ] Leaving safepoint region
[2023-12-02T16:03:31.478+0000][1882.550s][info ][safepoint     ] Total time for which application threads were stopped: 0.0020522 seconds, Stopping threads took: 0.0008952 seconds
[2023-12-02T16:03:32.479+0000][1883.551s][debug][safepoint     ] Safepoint synchronization initiated. (198 threads)
[2023-12-02T16:03:32.479+0000][1883.551s][info ][safepoint     ] Application time: 1.0007575 seconds
[2023-12-02T16:03:32.480+0000][1883.552s][info ][safepoint     ] Entering safepoint region: Cleanup
[2023-12-02T16:03:32.480+0000][1883.552s][info ][safepoint     ] Leaving safepoint region
[2023-12-02T16:03:32.480+0000][1883.552s][debug][safepoint     ] ... found polling page return exception at pc = 0x00007f43fc9de0c4, stub =0x00007f43f4840600
[2023-12-02T16:03:32.480+0000][1883.552s][debug][safepoint     ] ... found polling page return exception at pc = 0x00007f43fc9de0c4, stub =0x00007f43f4840600
[2023-12-02T16:03:32.480+0000][1883.552s][info ][safepoint     ] Total time for which application threads were stopped: 0.0009054 seconds, Stopping threads took: 0.0003814 seconds
[2023-12-02T16:03:33.482+0000][1884.554s][debug][safepoint     ] Safepoint synchronization initiated. (198 threads)
[2023-12-02T16:03:33.482+0000][1884.554s][info ][safepoint     ] Application time: 1.0009403 seconds
[2023-12-02T16:03:33.483+0000][1884.555s][info ][safepoint     ] Entering safepoint region: Cleanup
[2023-12-02T16:03:33.484+0000][1884.556s][info ][safepoint     ] Leaving safepoint region
[2023-12-02T16:03:33.485+0000][1884.557s][info ][safepoint     ] Total time for which application threads were stopped: 0.0016776 seconds, Stopping threads took: 0.0007292 seconds
[2023-12-02T16:03:34.486+0000][1885.558s][debug][safepoint     ] Safepoint synchronization initiated. (198 threads)
[2023-12-02T16:03:34.487+0000][1885.559s][info ][safepoint     ] Application time: 1.0012851 seconds
[2023-12-02T16:03:34.487+0000][1885.559s][info ][safepoint     ] Entering safepoint region: Cleanup
[2023-12-02T16:03:34.489+0000][1885.561s][info ][safepoint     ] Leaving safepoint region
[2023-12-02T16:03:34.489+0000][1885.561s][info ][safepoint     ] Total time for which application threads were stopped: 0.0017635 seconds, Stopping threads took: 0.0007384 seconds
[2023-12-02T16:03:35.490+0000][1886.562s][debug][safepoint     ] Safepoint synchronization initiated. (198 threads)
[2023-12-02T16:03:35.490+0000][1886.562s][info ][safepoint     ] Application time: 1.0005954 seconds
[2023-12-02T16:03:35.491+0000][1886.563s][info ][safepoint     ] Entering safepoint region: Cleanup
[2023-12-02T16:03:35.491+0000][1886.563s][info ][safepoint     ] Leaving safepoint region
[2023-12-02T16:03:35.491+0000][1886.563s][info ][safepoint     ] Total time for which application threads were stopped: 0.0007340 seconds, Stopping threads took: 0.0003050 seconds
[2023-12-02T16:03:36.492+0000][1887.564s][debug][safepoint     ] Safepoint synchronization initiated. (198 threads)
[2023-12-02T16:03:36.493+0000][1887.565s][info ][safepoint     ] Application time: 1.0010613 seconds
[2023-12-02T16:03:36.493+0000][1887.565s][info ][safepoint     ] Entering safepoint region: Cleanup
[2023-12-02T16:03:36.494+0000][1887.566s][info ][safepoint     ] Leaving safepoint region
[2023-12-02T16:03:36.494+0000][1887.566s][info ][safepoint     ] Total time for which application threads were stopped: 0.0010088 seconds, Stopping threads took: 0.0003767 seconds
[2023-12-02T16:03:37.495+0000][1888.567s][debug][safepoint     ] Safepoint synchronization initiated. (198 threads)
[2023-12-02T16:03:37.495+0000][1888.567s][info ][safepoint     ] Application time: 1.0007420 seconds
[2023-12-02T16:03:37.495+0000][1888.567s][info ][safepoint     ] Entering safepoint region: Cleanup
[2023-12-02T16:03:37.496+0000][1888.568s][info ][safepoint     ] Leaving safepoint region
[2023-12-02T16:03:37.496+0000][1888.568s][info ][safepoint     ] Total time for which application threads were stopped: 0.0009396 seconds, Stopping threads took: 0.0004421 seconds
[2023-12-02T16:03:38.497+0000][1889.569s][debug][safepoint     ] Safepoint synchronization initiated. (198 threads)
[2023-12-02T16:03:38.497+0000][1889.569s][info ][safepoint     ] Application time: 1.0007446 seconds
[2023-12-02T16:03:38.498+0000][1889.570s][info ][safepoint     ] Entering safepoint region: Cleanup
[2023-12-02T16:03:38.498+0000][1889.570s][info ][safepoint     ] Leaving safepoint region
[2023-12-02T16:03:38.498+0000][1889.570s][info ][safepoint     ] Total time for which application threads were stopped: 0.0008033 seconds, Stopping threads took: 0.0002973 seconds
[2023-12-02T16:03:39.499+0000][1890.571s][debug][safepoint     ] Safepoint synchronization initiated. (198 threads)
[2023-12-02T16:03:39.499+0000][1890.571s][info ][safepoint     ] Application time: 1.0003453 seconds
[2023-12-02T16:03:39.499+0000][1890.571s][info ][safepoint     ] Entering safepoint region: Cleanup
[2023-12-02T16:03:39.500+0000][1890.572s][info ][safepoint     ] Leaving safepoint region
[2023-12-02T16:03:39.500+0000][1890.572s][info ][safepoint     ] Total time for which application threads were stopped: 0.0005473 seconds, Stopping threads took: 0.0001851 seconds
[2023-12-02T16:03:40.500+0000][1891.572s][debug][safepoint     ] Safepoint synchronization initiated. (198 threads)
[2023-12-02T16:03:40.500+0000][1891.572s][info ][safepoint     ] Application time: 1.0003569 seconds
[2023-12-02T16:03:40.500+0000][1891.572s][info ][safepoint     ] Entering safepoint region: Cleanup
[2023-12-02T16:03:40.501+0000][1891.573s][info ][safepoint     ] Leaving safepoint region
[2023-12-02T16:03:40.501+0000][1891.573s][info ][safepoint     ] Total time for which application threads were stopped: 0.0004768 seconds, Stopping threads took: 0.0001846 seconds
[2023-12-02T16:03:41.501+0000][1892.573s][debug][safepoint     ] Safepoint synchronization initiated. (198 threads)
[2023-12-02T16:03:41.502+0000][1892.574s][info ][safepoint     ] Application time: 1.0005675 seconds
[2023-12-02T16:03:41.502+0000][1892.574s][info ][safepoint     ] Entering safepoint region: Cleanup
[2023-12-02T16:03:41.502+0000][1892.574s][info ][safepoint     ] Leaving safepoint region
[2023-12-02T16:03:41.502+0000][1892.574s][info ][safepoint     ] Total time for which application threads were stopped: 0.0006437 seconds, Stopping threads took: 0.0002422 seconds
[2023-12-02T16:03:42.503+0000][1893.575s][debug][safepoint     ] Safepoint synchronization initiated. (198 threads)
[2023-12-02T16:03:42.503+0000][1893.575s][info ][safepoint     ] Application time: 1.0005769 seconds
[2023-12-02T16:03:42.504+0000][1893.576s][info ][safepoint     ] Entering safepoint region: Cleanup
[2023-12-02T16:03:42.504+0000][1893.576s][info ][safepoint     ] Leaving safepoint region
[2023-12-02T16:03:42.504+0000][1893.576s][info ][safepoint     ] Total time for which application threads were stopped: 0.0008232 seconds, Stopping threads took: 0.0003168 seconds
[2023-12-02T16:03:43.505+0000][1894.577s][debug][safepoint     ] Safepoint synchronization initiated. (198 threads)
[2023-12-02T16:03:43.505+0000][1894.577s][info ][safepoint     ] Application time: 1.0006876 seconds
[2023-12-02T16:03:43.506+0000][1894.578s][info ][safepoint     ] Entering safepoint region: Cleanup
[2023-12-02T16:03:43.506+0000][1894.578s][info ][safepoint     ] Leaving safepoint region
[2023-12-02T16:03:43.506+0000][1894.578s][info ][safepoint     ] Total time for which application threads were stopped: 0.0008439 seconds, Stopping threads took: 0.0003403 seconds
[2023-12-02T16:03:44.507+0000][1895.579s][debug][safepoint     ] Safepoint synchronization initiated. (198 threads)
[2023-12-02T16:03:44.507+0000][1895.579s][info ][safepoint     ] Application time: 1.0005801 seconds
[2023-12-02T16:03:44.508+0000][1895.580s][info ][safepoint     ] Entering safepoint region: Cleanup
[2023-12-02T16:03:44.508+0000][1895.580s][info ][safepoint     ] Leaving safepoint region
[2023-12-02T16:03:44.508+0000][1895.580s][info ][safepoint     ] Total time for which application threads were stopped: 0.0009005 seconds, Stopping threads took: 0.0003555 seconds
[2023-12-02T16:03:45.509+0000][1896.581s][debug][safepoint     ] Safepoint synchronization initiated. (198 threads)
[2023-12-02T16:03:45.509+0000][1896.581s][info ][safepoint     ] Application time: 1.0006479 seconds
[2023-12-02T16:03:45.510+0000][1896.582s][info ][safepoint     ] Entering safepoint region: Cleanup
[2023-12-02T16:03:45.510+0000][1896.582s][info ][safepoint     ] Leaving safepoint region
[2023-12-02T16:03:45.511+0000][1896.583s][info ][safepoint     ] Total time for which application threads were stopped: 0.0011500 seconds, Stopping threads took: 0.0004044 seconds
[2023-12-02T16:03:46.511+0000][1897.583s][debug][safepoint     ] Safepoint synchronization initiated. (198 threads)
[2023-12-02T16:03:46.512+0000][1897.584s][info ][safepoint     ] Application time: 1.0010385 seconds
[2023-12-02T16:03:46.513+0000][1897.585s][info ][safepoint     ] Entering safepoint region: Cleanup
[2023-12-02T16:03:46.514+0000][1897.586s][info ][safepoint     ] Leaving safepoint region
[2023-12-02T16:03:46.514+0000][1897.586s][info ][safepoint     ] Total time for which application threads were stopped: 0.0016771 seconds, Stopping threads took: 0.0006040 seconds
[2023-12-02T16:03:47.515+0000][1898.587s][debug][safepoint     ] Safepoint synchronization initiated. (198 threads)
[2023-12-02T16:03:47.516+0000][1898.588s][info ][safepoint     ] Application time: 1.0011725 seconds
[2023-12-02T16:03:47.517+0000][1898.589s][info ][safepoint     ] Entering safepoint region: Cleanup
[2023-12-02T16:03:47.518+0000][1898.590s][info ][safepoint     ] Leaving safepoint region
[2023-12-02T16:03:47.518+0000][1898.590s][info ][safepoint     ] Total time for which application threads were stopped: 0.0017081 seconds, Stopping threads took: 0.0007210 seconds
[2023-12-02T16:03:48.519+0000][1899.591s][debug][safepoint     ] Safepoint synchronization initiated. (198 threads)
[2023-12-02T16:03:48.520+0000][1899.592s][info ][safepoint     ] Application time: 1.0010277 seconds
[2023-12-02T16:03:48.521+0000][1899.593s][info ][safepoint     ] Entering safepoint region: Cleanup
[2023-12-02T16:03:48.522+0000][1899.594s][info ][safepoint     ] Leaving safepoint region
[2023-12-02T16:03:48.523+0000][1899.595s][info ][safepoint     ] Total time for which application threads were stopped: 0.0018101 seconds, Stopping threads took: 0.0007124 seconds
[2023-12-02T16:03:49.523+0000][1900.595s][debug][safepoint     ] Safepoint synchronization initiated. (198 threads)
[2023-12-02T16:03:49.524+0000][1900.596s][info ][safepoint     ] Application time: 1.0004152 seconds
[2023-12-02T16:03:49.524+0000][1900.596s][info ][safepoint     ] Entering safepoint region: Cleanup
[2023-12-02T16:03:49.525+0000][1900.597s][info ][safepoint     ] Leaving safepoint region
[2023-12-02T16:03:49.526+0000][1900.598s][info ][safepoint     ] Total time for which application threads were stopped: 0.0016994 seconds, Stopping threads took: 0.0003361 seconds
[2023-12-02T16:03:50.526+0000][1901.598s][debug][safepoint     ] Safepoint synchronization initiated. (198 threads)
[2023-12-02T16:03:50.526+0000][1901.598s][info ][safepoint     ] Application time: 1.0004255 seconds
[2023-12-02T16:03:50.527+0000][1901.599s][info ][safepoint     ] Entering safepoint region: Cleanup
[2023-12-02T16:03:50.527+0000][1901.599s][info ][safepoint     ] Leaving safepoint region
[2023-12-02T16:03:50.527+0000][1901.599s][info ][safepoint     ] Total time for which application threads were stopped: 0.0004581 seconds, Stopping threads took: 0.0001779 seconds
[2023-12-02T16:03:51.527+0000][1902.599s][debug][safepoint     ] Safepoint synchronization initiated. (198 threads)
[2023-12-02T16:03:51.528+0000][1902.600s][info ][safepoint     ] Application time: 1.0007481 seconds
[2023-12-02T16:03:51.528+0000][1902.600s][info ][safepoint     ] Entering safepoint region: Cleanup
[2023-12-02T16:03:51.529+0000][1902.601s][info ][safepoint     ] Leaving safepoint region
[2023-12-02T16:03:51.529+0000][1902.601s][info ][safepoint     ] Total time for which application threads were stopped: 0.0009841 seconds, Stopping threads took: 0.0004448 seconds
[2023-12-02T16:03:52.529+0000][1903.601s][debug][safepoint     ] Safepoint synchronization initiated. (198 threads)
[2023-12-02T16:03:52.530+0000][1903.602s][info ][safepoint     ] Application time: 1.0007702 seconds
[2023-12-02T16:03:52.531+0000][1903.603s][info ][safepoint     ] Entering safepoint region: Cleanup
[2023-12-02T16:03:52.531+0000][1903.603s][info ][safepoint     ] Leaving safepoint region
[2023-12-02T16:03:52.531+0000][1903.603s][info ][safepoint     ] Total time for which application threads were stopped: 0.0010384 seconds, Stopping threads took: 0.0004613 seconds
[2023-12-02T16:03:53.532+0000][1904.604s][debug][safepoint     ] Safepoint synchronization initiated. (198 threads)
[2023-12-02T16:03:53.533+0000][1904.605s][info ][safepoint     ] Application time: 1.0009583 seconds
[2023-12-02T16:03:53.533+0000][1904.605s][info ][safepoint     ] Entering safepoint region: Cleanup
[2023-12-02T16:03:53.534+0000][1904.606s][info ][safepoint     ] Leaving safepoint region
[2023-12-02T16:03:53.535+0000][1904.607s][info ][safepoint     ] Total time for which application threads were stopped: 0.0014656 seconds, Stopping threads took: 0.0006416 seconds
[2023-12-02T16:03:54.535+0000][1905.607s][debug][safepoint     ] Safepoint synchronization initiated. (198 threads)
[2023-12-02T16:03:54.536+0000][1905.608s][info ][safepoint     ] Application time: 1.0005682 seconds
[2023-12-02T16:03:54.536+0000][1905.608s][info ][safepoint     ] Entering safepoint region: Cleanup
[2023-12-02T16:03:54.537+0000][1905.609s][info ][safepoint     ] Leaving safepoint region
[2023-12-02T16:03:54.537+0000][1905.609s][info ][safepoint     ] Total time for which application threads were stopped: 0.0010713 seconds, Stopping threads took: 0.0003415 seconds
[2023-12-02T16:03:55.538+0000][1906.610s][debug][safepoint     ] Safepoint synchronization initiated. (198 threads)
[2023-12-02T16:03:55.539+0000][1906.611s][info ][safepoint     ] Application time: 1.0011856 seconds
[2023-12-02T16:03:55.539+0000][1906.611s][info ][safepoint     ] Entering safepoint region: Cleanup
[2023-12-02T16:03:55.540+0000][1906.612s][info ][safepoint     ] Leaving safepoint region
[2023-12-02T16:03:55.541+0000][1906.613s][info ][safepoint     ] Total time for which application threads were stopped: 0.0019421 seconds, Stopping threads took: 0.0007635 seconds
[2023-12-02T16:03:56.542+0000][1907.614s][debug][safepoint     ] Safepoint synchronization initiated. (198 threads)
[2023-12-02T16:03:56.542+0000][1907.614s][info ][safepoint     ] Application time: 1.0005864 seconds
[2023-12-02T16:03:56.542+0000][1907.614s][info ][safepoint     ] Entering safepoint region: Cleanup
[2023-12-02T16:03:56.543+0000][1907.615s][info ][safepoint     ] Leaving safepoint region
[2023-12-02T16:03:56.543+0000][1907.615s][info ][safepoint     ] Total time for which application threads were stopped: 0.0007048 seconds, Stopping threads took: 0.0002738 seconds
[2023-12-02T16:03:57.543+0000][1908.615s][debug][safepoint     ] Safepoint synchronization initiated. (198 threads)
[2023-12-02T16:03:57.544+0000][1908.616s][info ][safepoint     ] Application time: 1.0004362 seconds
[2023-12-02T16:03:57.544+0000][1908.616s][info ][safepoint     ] Entering safepoint region: Cleanup
[2023-12-02T16:03:57.545+0000][1908.617s][info ][safepoint     ] Leaving safepoint region
[2023-12-02T16:03:57.545+0000][1908.617s][info ][safepoint     ] Total time for which application threads were stopped: 0.0009555 seconds, Stopping threads took: 0.0004126 seconds
[2023-12-02T16:03:58.546+0000][1909.618s][debug][safepoint     ] Safepoint synchronization initiated. (198 threads)
[2023-12-02T16:03:58.546+0000][1909.618s][info ][safepoint     ] Application time: 1.0008933 seconds
[2023-12-02T16:03:58.547+0000][1909.619s][info ][safepoint     ] Entering safepoint region: Cleanup
[2023-12-02T16:03:58.548+0000][1909.620s][info ][safepoint     ] Leaving safepoint region
[2023-12-02T16:03:58.548+0000][1909.620s][info ][safepoint     ] Total time for which application threads were stopped: 0.0009661 seconds, Stopping threads took: 0.0004676 seconds
[2023-12-02T16:03:59.548+0000][1910.620s][debug][safepoint     ] Safepoint synchronization initiated. (198 threads)
[2023-12-02T16:03:59.549+0000][1910.621s][info ][safepoint     ] Application time: 1.0005088 seconds
[2023-12-02T16:03:59.549+0000][1910.621s][info ][safepoint     ] Entering safepoint region: Cleanup
[2023-12-02T16:03:59.549+0000][1910.621s][info ][safepoint     ] Leaving safepoint region
[2023-12-02T16:03:59.549+0000][1910.621s][info ][safepoint     ] Total time for which application threads were stopped: 0.0005445 seconds, Stopping threads took: 0.0002173 seconds
[2023-12-02T16:04:00.550+0000][1911.622s][debug][safepoint     ] Safepoint synchronization initiated. (198 threads)
[2023-12-02T16:04:00.550+0000][1911.622s][info ][safepoint     ] Application time: 1.0008812 seconds
[2023-12-02T16:04:00.551+0000][1911.623s][info ][safepoint     ] Entering safepoint region: Cleanup
[2023-12-02T16:04:00.552+0000][1911.624s][info ][safepoint     ] Leaving safepoint region
[2023-12-02T16:04:00.552+0000][1911.624s][info ][safepoint     ] Total time for which application threads were stopped: 0.0011136 seconds, Stopping threads took: 0.0005581 seconds
[2023-12-02T16:04:01.553+0000][1912.625s][debug][safepoint     ] Safepoint synchronization initiated. (198 threads)
[2023-12-02T16:04:01.554+0000][1912.626s][info ][safepoint     ] Application time: 1.0016233 seconds
[2023-12-02T16:04:01.555+0000][1912.627s][info ][safepoint     ] Entering safepoint region: Cleanup
[2023-12-02T16:04:01.556+0000][1912.628s][info ][safepoint     ] Leaving safepoint region
[2023-12-02T16:04:01.557+0000][1912.629s][info ][safepoint     ] Total time for which application threads were stopped: 0.0017282 seconds, Stopping threads took: 0.0009801 seconds
[2023-12-02T16:04:02.557+0000][1913.629s][debug][safepoint     ] Safepoint synchronization initiated. (198 threads)
[2023-12-02T16:04:02.558+0000][1913.630s][info ][safepoint     ] Application time: 1.0011446 seconds
[2023-12-02T16:04:02.559+0000][1913.631s][info ][safepoint     ] Entering safepoint region: Cleanup
[2023-12-02T16:04:02.560+0000][1913.632s][info ][safepoint     ] Leaving safepoint region
[2023-12-02T16:04:02.561+0000][1913.633s][info ][safepoint     ] Total time for which application threads were stopped: 0.0019785 seconds, Stopping threads took: 0.0006442 seconds
[2023-12-02T16:04:03.562+0000][1914.634s][debug][safepoint     ] Safepoint synchronization initiated. (198 threads)
[2023-12-02T16:04:03.562+0000][1914.634s][info ][safepoint     ] Application time: 1.0010309 seconds
[2023-12-02T16:04:03.563+0000][1914.635s][info ][safepoint     ] Entering safepoint region: Cleanup
[2023-12-02T16:04:03.564+0000][1914.636s][info ][safepoint     ] Leaving safepoint region
[2023-12-02T16:04:03.564+0000][1914.636s][info ][safepoint     ] Total time for which application threads were stopped: 0.0013585 seconds, Stopping threads took: 0.0005167 seconds
[2023-12-02T16:04:04.565+0000][1915.637s][debug][safepoint     ] Safepoint synchronization initiated. (198 threads)
[2023-12-02T16:04:04.565+0000][1915.637s][info ][safepoint     ] Application time: 1.0004057 seconds
[2023-12-02T16:04:04.565+0000][1915.637s][info ][safepoint     ] Entering safepoint region: Cleanup
[2023-12-02T16:04:04.566+0000][1915.638s][info ][safepoint     ] Leaving safepoint region
[2023-12-02T16:04:04.566+0000][1915.638s][info ][safepoint     ] Total time for which application threads were stopped: 0.0006841 seconds, Stopping threads took: 0.0002808 seconds
[2023-12-02T16:04:05.566+0000][1916.639s][debug][safepoint     ] Safepoint synchronization initiated. (198 threads)
[2023-12-02T16:04:05.567+0000][1916.639s][info ][safepoint     ] Application time: 1.0007552 seconds
[2023-12-02T16:04:05.567+0000][1916.639s][info ][safepoint     ] Entering safepoint region: Cleanup
[2023-12-02T16:04:05.568+0000][1916.640s][info ][safepoint     ] Leaving safepoint region
[2023-12-02T16:04:05.568+0000][1916.640s][info ][safepoint     ] Total time for which application threads were stopped: 0.0006896 seconds, Stopping threads took: 0.0002265 seconds
[2023-12-02T16:04:06.568+0000][1917.641s][debug][safepoint     ] Safepoint synchronization initiated. (198 threads)
[2023-12-02T16:04:06.569+0000][1917.641s][info ][safepoint     ] Application time: 1.0008134 seconds
[2023-12-02T16:04:06.569+0000][1917.642s][info ][safepoint     ] Entering safepoint region: Cleanup
[2023-12-02T16:04:06.570+0000][1917.642s][info ][safepoint     ] Leaving safepoint region
[2023-12-02T16:04:06.570+0000][1917.643s][info ][safepoint     ] Total time for which application threads were stopped: 0.0011021 seconds, Stopping threads took: 0.0005733 seconds
[2023-12-02T16:04:07.571+0000][1918.643s][debug][safepoint     ] Safepoint synchronization initiated. (198 threads)
[2023-12-02T16:04:07.571+0000][1918.643s][info ][safepoint     ] Application time: 1.0005597 seconds
[2023-12-02T16:04:07.572+0000][1918.644s][info ][safepoint     ] Entering safepoint region: Cleanup
[2023-12-02T16:04:07.572+0000][1918.644s][info ][safepoint     ] Leaving safepoint region
[2023-12-02T16:04:07.572+0000][1918.644s][info ][safepoint     ] Total time for which application threads were stopped: 0.0007366 seconds, Stopping threads took: 0.0002527 seconds
[2023-12-02T16:04:08.573+0000][1919.645s][debug][safepoint     ] Safepoint synchronization initiated. (198 threads)
[2023-12-02T16:04:08.573+0000][1919.645s][info ][safepoint     ] Application time: 1.0006834 seconds
[2023-12-02T16:04:08.574+0000][1919.646s][info ][safepoint     ] Entering safepoint region: Cleanup
[2023-12-02T16:04:08.574+0000][1919.646s][info ][safepoint     ] Leaving safepoint region
[2023-12-02T16:04:08.574+0000][1919.646s][info ][safepoint     ] Total time for which application threads were stopped: 0.0007126 seconds, Stopping threads took: 0.0003452 seconds
[2023-12-02T16:04:09.575+0000][1920.647s][debug][safepoint     ] Safepoint synchronization initiated. (198 threads)
[2023-12-02T16:04:09.575+0000][1920.647s][info ][safepoint     ] Application time: 1.0007135 seconds
[2023-12-02T16:04:09.576+0000][1920.648s][info ][safepoint     ] Entering safepoint region: Cleanup
[2023-12-02T16:04:09.576+0000][1920.648s][info ][safepoint     ] Leaving safepoint region
[2023-12-02T16:04:09.576+0000][1920.649s][info ][safepoint     ] Total time for which application threads were stopped: 0.0009690 seconds, Stopping threads took: 0.0004685 seconds
[2023-12-02T16:04:10.578+0000][1921.650s][debug][safepoint     ] Safepoint synchronization initiated. (198 threads)
[2023-12-02T16:04:10.579+0000][1921.651s][info ][safepoint     ] Application time: 1.0017991 seconds
[2023-12-02T16:04:10.579+0000][1921.651s][info ][safepoint     ] Entering safepoint region: Cleanup
[2023-12-02T16:04:10.579+0000][1921.651s][info ][safepoint     ] Leaving safepoint region
[2023-12-02T16:04:10.580+0000][1921.652s][info ][safepoint     ] Total time for which application threads were stopped: 0.0008377 seconds, Stopping threads took: 0.0003586 seconds
[2023-12-02T16:04:11.580+0000][1922.652s][debug][safepoint     ] Safepoint synchronization initiated. (198 threads)
[2023-12-02T16:04:11.581+0000][1922.653s][info ][safepoint     ] Application time: 1.0011002 seconds
[2023-12-02T16:04:11.582+0000][1922.654s][info ][safepoint     ] Entering safepoint region: Cleanup
[2023-12-02T16:04:11.583+0000][1922.655s][info ][safepoint     ] Leaving safepoint region
[2023-12-02T16:04:11.584+0000][1922.656s][info ][safepoint     ] Total time for which application threads were stopped: 0.0018409 seconds, Stopping threads took: 0.0007207 seconds
[2023-12-02T16:04:12.584+0000][1923.657s][debug][safepoint     ] Safepoint synchronization initiated. (198 threads)
[2023-12-02T16:04:12.585+0000][1923.657s][info ][safepoint     ] Application time: 1.0007221 seconds
[2023-12-02T16:04:12.585+0000][1923.657s][info ][safepoint     ] Entering safepoint region: Cleanup
[2023-12-02T16:04:12.586+0000][1923.658s][info ][safepoint     ] Leaving safepoint region
[2023-12-02T16:04:12.586+0000][1923.658s][info ][safepoint     ] Total time for which application threads were stopped: 0.0008868 seconds, Stopping threads took: 0.0003965 seconds
[2023-12-02T16:04:13.587+0000][1924.659s][debug][safepoint     ] Safepoint synchronization initiated. (198 threads)
[2023-12-02T16:04:13.587+0000][1924.659s][info ][safepoint     ] Application time: 1.0008205 seconds
[2023-12-02T16:04:13.588+0000][1924.660s][info ][safepoint     ] Entering safepoint region: Cleanup
[2023-12-02T16:04:13.588+0000][1924.660s][info ][safepoint     ] Leaving safepoint region
[2023-12-02T16:04:13.589+0000][1924.661s][info ][safepoint     ] Total time for which application threads were stopped: 0.0009859 seconds, Stopping threads took: 0.0004659 seconds
[2023-12-02T16:04:14.589+0000][1925.662s][debug][safepoint     ] Safepoint synchronization initiated. (198 threads)
[2023-12-02T16:04:14.590+0000][1925.662s][info ][safepoint     ] Application time: 1.0010921 seconds
[2023-12-02T16:04:14.591+0000][1925.663s][info ][safepoint     ] Entering safepoint region: Cleanup
[2023-12-02T16:04:14.592+0000][1925.664s][info ][safepoint     ] Leaving safepoint region
[2023-12-02T16:04:14.593+0000][1925.665s][info ][safepoint     ] Total time for which application threads were stopped: 0.0015261 seconds, Stopping threads took: 0.0006242 seconds
[2023-12-02T16:04:15.593+0000][1926.665s][debug][safepoint     ] Safepoint synchronization initiated. (198 threads)
[2023-12-02T16:04:15.593+0000][1926.666s][info ][safepoint     ] Application time: 1.0004353 seconds
[2023-12-02T16:04:15.594+0000][1926.666s][info ][safepoint     ] Entering safepoint region: Cleanup
[2023-12-02T16:04:15.594+0000][1926.666s][info ][safepoint     ] Leaving safepoint region
[2023-12-02T16:04:15.595+0000][1926.667s][info ][safepoint     ] Total time for which application threads were stopped: 0.0008127 seconds, Stopping threads took: 0.0002436 seconds
[2023-12-02T16:04:16.595+0000][1927.667s][debug][safepoint     ] Safepoint synchronization initiated. (198 threads)
[2023-12-02T16:04:16.595+0000][1927.668s][info ][safepoint     ] Application time: 1.0008570 seconds
[2023-12-02T16:04:16.596+0000][1927.668s][info ][safepoint     ] Entering safepoint region: Cleanup
[2023-12-02T16:04:16.597+0000][1927.669s][info ][safepoint     ] Leaving safepoint region
[2023-12-02T16:04:16.598+0000][1927.670s][info ][safepoint     ] Total time for which application threads were stopped: 0.0014195 seconds, Stopping threads took: 0.0006589 seconds
[2023-12-02T16:04:17.598+0000][1928.670s][debug][safepoint     ] Safepoint synchronization initiated. (198 threads)
[2023-12-02T16:04:17.599+0000][1928.671s][info ][safepoint     ] Application time: 1.0006610 seconds
[2023-12-02T16:04:17.599+0000][1928.671s][info ][safepoint     ] Entering safepoint region: Cleanup
[2023-12-02T16:04:17.600+0000][1928.672s][info ][safepoint     ] Leaving safepoint region
[2023-12-02T16:04:17.600+0000][1928.672s][info ][safepoint     ] Total time for which application threads were stopped: 0.0010892 seconds, Stopping threads took: 0.0004245 seconds
[2023-12-02T16:04:18.601+0000][1929.673s][debug][safepoint     ] Safepoint synchronization initiated. (198 threads)
[2023-12-02T16:04:18.601+0000][1929.674s][info ][safepoint     ] Application time: 1.0007514 seconds
[2023-12-02T16:04:18.602+0000][1929.674s][info ][safepoint     ] Entering safepoint region: Cleanup
[2023-12-02T16:04:18.603+0000][1929.675s][info ][safepoint     ] Leaving safepoint region
[2023-12-02T16:04:18.603+0000][1929.675s][info ][safepoint     ] Total time for which application threads were stopped: 0.0009899 seconds, Stopping threads took: 0.0004733 seconds
[2023-12-02T16:04:19.603+0000][1930.675s][debug][safepoint     ] Safepoint synchronization initiated. (198 threads)
[2023-12-02T16:04:19.604+0000][1930.676s][info ][safepoint     ] Application time: 1.0003960 seconds
[2023-12-02T16:04:19.604+0000][1930.676s][info ][safepoint     ] Entering safepoint region: Cleanup
[2023-12-02T16:04:19.604+0000][1930.676s][info ][safepoint     ] Leaving safepoint region
[2023-12-02T16:04:19.604+0000][1930.677s][info ][safepoint     ] Total time for which application threads were stopped: 0.0006171 seconds, Stopping threads took: 0.0002361 seconds
[2023-12-02T16:04:20.605+0000][1931.677s][debug][safepoint     ] Safepoint synchronization initiated. (198 threads)
[2023-12-02T16:04:20.605+0000][1931.678s][info ][safepoint     ] Application time: 1.0009428 seconds
[2023-12-02T16:04:20.606+0000][1931.678s][info ][safepoint     ] Entering safepoint region: Cleanup
[2023-12-02T16:04:20.607+0000][1931.679s][info ][safepoint     ] Leaving safepoint region
[2023-12-02T16:04:20.607+0000][1931.680s][info ][safepoint     ] Total time for which application threads were stopped: 0.0014076 seconds, Stopping threads took: 0.0005884 seconds
[2023-12-02T16:04:21.608+0000][1932.680s][debug][safepoint     ] Safepoint synchronization initiated. (198 threads)
[2023-12-02T16:04:21.609+0000][1932.681s][info ][safepoint     ] Application time: 1.0007909 seconds
[2023-12-02T16:04:21.609+0000][1932.681s][info ][safepoint     ] Entering safepoint region: Cleanup
[2023-12-02T16:04:21.610+0000][1932.682s][info ][safepoint     ] Leaving safepoint region
[2023-12-02T16:04:21.610+0000][1932.682s][info ][safepoint     ] Total time for which application threads were stopped: 0.0008263 seconds, Stopping threads took: 0.0003780 seconds
[2023-12-02T16:04:22.610+0000][1933.682s][debug][safepoint     ] Safepoint synchronization initiated. (198 threads)
[2023-12-02T16:04:22.611+0000][1933.683s][info ][safepoint     ] Application time: 1.0008618 seconds
[2023-12-02T16:04:22.611+0000][1933.683s][info ][safepoint     ] Entering safepoint region: Cleanup
[2023-12-02T16:04:22.612+0000][1933.684s][info ][safepoint     ] Leaving safepoint region
[2023-12-02T16:04:22.612+0000][1933.684s][info ][safepoint     ] Total time for which application threads were stopped: 0.0010629 seconds, Stopping threads took: 0.0005141 seconds
[2023-12-02T16:04:23.613+0000][1934.685s][debug][safepoint     ] Safepoint synchronization initiated. (198 threads)
[2023-12-02T16:04:23.614+0000][1934.686s][info ][safepoint     ] Application time: 1.0009457 seconds
[2023-12-02T16:04:23.614+0000][1934.686s][info ][safepoint     ] Entering safepoint region: Cleanup
[2023-12-02T16:04:23.615+0000][1934.687s][info ][safepoint     ] Leaving safepoint region
[2023-12-02T16:04:23.616+0000][1934.688s][info ][safepoint     ] Total time for which application threads were stopped: 0.0012727 seconds, Stopping threads took: 0.0005677 seconds
[2023-12-02T16:04:24.616+0000][1935.688s][debug][safepoint     ] Safepoint synchronization initiated. (198 threads)
[2023-12-02T16:04:24.617+0000][1935.689s][info ][safepoint     ] Application time: 1.0007711 seconds
[2023-12-02T16:04:24.617+0000][1935.689s][info ][safepoint     ] Entering safepoint region: Cleanup
[2023-12-02T16:04:24.618+0000][1935.690s][info ][safepoint     ] Leaving safepoint region
[2023-12-02T16:04:24.618+0000][1935.690s][info ][safepoint     ] Total time for which application threads were stopped: 0.0010310 seconds, Stopping threads took: 0.0004705 seconds
[2023-12-02T16:04:25.619+0000][1936.691s][debug][safepoint     ] Safepoint synchronization initiated. (198 threads)
[2023-12-02T16:04:25.620+0000][1936.692s][info ][safepoint     ] Application time: 1.0010803 seconds
[2023-12-02T16:04:25.620+0000][1936.693s][info ][safepoint     ] Entering safepoint region: Cleanup
[2023-12-02T16:04:25.622+0000][1936.694s][info ][safepoint     ] Leaving safepoint region
[2023-12-02T16:04:25.622+0000][1936.695s][info ][safepoint     ] Total time for which application threads were stopped: 0.0020565 seconds, Stopping threads took: 0.0008755 seconds
[2023-12-02T16:04:26.623+0000][1937.695s][debug][safepoint     ] Safepoint synchronization initiated. (198 threads)
[2023-12-02T16:04:26.624+0000][1937.696s][info ][safepoint     ] Application time: 1.0009032 seconds
[2023-12-02T16:04:26.625+0000][1937.697s][info ][safepoint     ] Entering safepoint region: Cleanup
[2023-12-02T16:04:26.625+0000][1937.698s][info ][safepoint     ] Leaving safepoint region
[2023-12-02T16:04:26.626+0000][1937.698s][info ][safepoint     ] Total time for which application threads were stopped: 0.0013841 seconds, Stopping threads took: 0.0006639 seconds
[2023-12-02T16:04:27.627+0000][1938.699s][debug][safepoint     ] Safepoint synchronization initiated. (198 threads)
[2023-12-02T16:04:27.628+0000][1938.700s][info ][safepoint     ] Application time: 1.0013566 seconds
[2023-12-02T16:04:27.629+0000][1938.701s][info ][safepoint     ] Entering safepoint region: Cleanup
[2023-12-02T16:04:27.630+0000][1938.702s][info ][safepoint     ] Leaving safepoint region
[2023-12-02T16:04:27.631+0000][1938.703s][info ][safepoint     ] Total time for which application threads were stopped: 0.0021257 seconds, Stopping threads took: 0.0007985 seconds
[2023-12-02T16:04:28.632+0000][1939.704s][debug][safepoint     ] Safepoint synchronization initiated. (198 threads)
[2023-12-02T16:04:28.633+0000][1939.705s][info ][safepoint     ] Application time: 1.0013186 seconds
[2023-12-02T16:04:28.633+0000][1939.706s][info ][safepoint     ] Entering safepoint region: Cleanup
[2023-12-02T16:04:28.635+0000][1939.707s][info ][safepoint     ] Leaving safepoint region
[2023-12-02T16:04:28.636+0000][1939.708s][info ][safepoint     ] Total time for which application threads were stopped: 0.0023879 seconds, Stopping threads took: 0.0009891 seconds
[2023-12-02T16:04:29.637+0000][1940.709s][debug][safepoint     ] Safepoint synchronization initiated. (198 threads)
[2023-12-02T16:04:29.638+0000][1940.710s][info ][safepoint     ] Application time: 1.0010926 seconds
[2023-12-02T16:04:29.638+0000][1940.710s][info ][safepoint     ] Entering safepoint region: Cleanup
[2023-12-02T16:04:29.639+0000][1940.711s][info ][safepoint     ] Leaving safepoint region
[2023-12-02T16:04:29.640+0000][1940.712s][info ][safepoint     ] Total time for which application threads were stopped: 0.0014425 seconds, Stopping threads took: 0.0005179 seconds
[2023-12-02T16:04:30.640+0000][1941.713s][debug][safepoint     ] Safepoint synchronization initiated. (198 threads)
[2023-12-02T16:04:30.641+0000][1941.713s][info ][safepoint     ] Application time: 1.0009314 seconds
[2023-12-02T16:04:30.642+0000][1941.714s][info ][safepoint     ] Entering safepoint region: Cleanup
[2023-12-02T16:04:30.643+0000][1941.715s][info ][safepoint     ] Leaving safepoint region
[2023-12-02T16:04:30.643+0000][1941.715s][info ][safepoint     ] Total time for which application threads were stopped: 0.0013335 seconds, Stopping threads took: 0.0005251 seconds
[2023-12-02T16:04:31.644+0000][1942.716s][debug][safepoint     ] Safepoint synchronization initiated. (198 threads)
[2023-12-02T16:04:31.644+0000][1942.716s][info ][safepoint     ] Application time: 1.0005773 seconds
[2023-12-02T16:04:31.644+0000][1942.716s][info ][safepoint     ] Entering safepoint region: Cleanup
[2023-12-02T16:04:31.645+0000][1942.717s][info ][safepoint     ] Leaving safepoint region
[2023-12-02T16:04:31.645+0000][1942.717s][info ][safepoint     ] Total time for which application threads were stopped: 0.0007645 seconds, Stopping threads took: 0.0002870 seconds
[2023-12-02T16:04:32.646+0000][1943.718s][debug][safepoint     ] Safepoint synchronization initiated. (198 threads)
[2023-12-02T16:04:32.647+0000][1943.719s][info ][safepoint     ] Application time: 1.0013590 seconds
[2023-12-02T16:04:32.648+0000][1943.720s][info ][safepoint     ] Entering safepoint region: Cleanup
[2023-12-02T16:04:32.649+0000][1943.721s][info ][safepoint     ] Leaving safepoint region
[2023-12-02T16:04:32.650+0000][1943.722s][info ][safepoint     ] Total time for which application threads were stopped: 0.0020252 seconds, Stopping threads took: 0.0008873 seconds
[2023-12-02T16:04:33.650+0000][1944.723s][debug][safepoint     ] Safepoint synchronization initiated. (198 threads)
[2023-12-02T16:04:33.651+0000][1944.724s][info ][safepoint     ] Application time: 1.0013471 seconds
[2023-12-02T16:04:33.652+0000][1944.725s][info ][safepoint     ] Entering safepoint region: Cleanup
[2023-12-02T16:04:33.653+0000][1944.726s][info ][safepoint     ] Leaving safepoint region
[2023-12-02T16:04:33.654+0000][1944.726s][info ][safepoint     ] Total time for which application threads were stopped: 0.0018400 seconds, Stopping threads took: 0.0007126 seconds
[2023-12-02T16:04:34.655+0000][1945.727s][debug][safepoint     ] Safepoint synchronization initiated. (198 threads)
[2023-12-02T16:04:34.656+0000][1945.728s][info ][safepoint     ] Application time: 1.0011118 seconds
[2023-12-02T16:04:34.657+0000][1945.729s][info ][safepoint     ] Entering safepoint region: Cleanup
[2023-12-02T16:04:34.658+0000][1945.730s][info ][safepoint     ] Leaving safepoint region
[2023-12-02T16:04:34.659+0000][1945.731s][info ][safepoint     ] Total time for which application threads were stopped: 0.0020101 seconds, Stopping threads took: 0.0008096 seconds
[2023-12-02T16:04:35.660+0000][1946.732s][debug][safepoint     ] Safepoint synchronization initiated. (198 threads)
[2023-12-02T16:04:35.661+0000][1946.733s][info ][safepoint     ] Application time: 1.0012229 seconds
[2023-12-02T16:04:35.662+0000][1946.734s][info ][safepoint     ] Entering safepoint region: Cleanup
[2023-12-02T16:04:35.663+0000][1946.735s][info ][safepoint     ] Leaving safepoint region
[2023-12-02T16:04:35.664+0000][1946.736s][info ][safepoint     ] Total time for which application threads were stopped: 0.0019475 seconds, Stopping threads took: 0.0007929 seconds
[2023-12-02T16:04:36.665+0000][1947.737s][debug][safepoint     ] Safepoint synchronization initiated. (198 threads)
[2023-12-02T16:04:36.666+0000][1947.738s][info ][safepoint     ] Application time: 1.0014266 seconds
[2023-12-02T16:04:36.667+0000][1947.739s][info ][safepoint     ] Entering safepoint region: Cleanup
[2023-12-02T16:04:36.668+0000][1947.740s][info ][safepoint     ] Leaving safepoint region
[2023-12-02T16:04:36.669+0000][1947.741s][info ][safepoint     ] Total time for which application threads were stopped: 0.0020926 seconds, Stopping threads took: 0.0007551 seconds
[2023-12-02T16:04:37.669+0000][1948.742s][debug][safepoint     ] Safepoint synchronization initiated. (198 threads)
[2023-12-02T16:04:37.670+0000][1948.742s][info ][safepoint     ] Application time: 1.0009046 seconds
[2023-12-02T16:04:37.671+0000][1948.743s][info ][safepoint     ] Entering safepoint region: Cleanup
[2023-12-02T16:04:37.672+0000][1948.744s][info ][safepoint     ] Leaving safepoint region
[2023-12-02T16:04:37.673+0000][1948.745s][info ][safepoint     ] Total time for which application threads were stopped: 0.0021680 seconds, Stopping threads took: 0.0007142 seconds
[2023-12-02T16:04:38.674+0000][1949.746s][debug][safepoint     ] Safepoint synchronization initiated. (198 threads)
[2023-12-02T16:04:38.675+0000][1949.748s][info ][safepoint     ] Application time: 1.0015072 seconds
[2023-12-02T16:04:38.676+0000][1949.748s][info ][safepoint     ] Entering safepoint region: Cleanup
[2023-12-02T16:04:38.676+0000][1949.749s][info ][safepoint     ] Leaving safepoint region
[2023-12-02T16:04:38.677+0000][1949.749s][info ][safepoint     ] Total time for which application threads were stopped: 0.0008787 seconds, Stopping threads took: 0.0003296 seconds
[2023-12-02T16:04:39.677+0000][1950.749s][debug][safepoint     ] Safepoint synchronization initiated. (198 threads)
[2023-12-02T16:04:39.678+0000][1950.750s][info ][safepoint     ] Application time: 1.0005448 seconds
[2023-12-02T16:04:39.678+0000][1950.750s][info ][safepoint     ] Entering safepoint region: Cleanup
[2023-12-02T16:04:39.679+0000][1950.751s][info ][safepoint     ] Leaving safepoint region
[2023-12-02T16:04:39.679+0000][1950.751s][info ][safepoint     ] Total time for which application threads were stopped: 0.0008525 seconds, Stopping threads took: 0.0003528 seconds
[2023-12-02T16:04:40.679+0000][1951.751s][debug][safepoint     ] Safepoint synchronization initiated. (198 threads)
[2023-12-02T16:04:40.680+0000][1951.752s][info ][safepoint     ] Application time: 1.0005799 seconds
[2023-12-02T16:04:40.680+0000][1951.752s][info ][safepoint     ] Entering safepoint region: Cleanup
[2023-12-02T16:04:40.680+0000][1951.753s][info ][safepoint     ] Leaving safepoint region
[2023-12-02T16:04:40.681+0000][1951.753s][info ][safepoint     ] Total time for which application threads were stopped: 0.0006846 seconds, Stopping threads took: 0.0002843 seconds
[2023-12-02T16:04:41.681+0000][1952.753s][debug][safepoint     ] Safepoint synchronization initiated. (198 threads)
[2023-12-02T16:04:41.682+0000][1952.754s][info ][safepoint     ] Application time: 1.0010464 seconds
[2023-12-02T16:04:41.682+0000][1952.755s][info ][safepoint     ] Entering safepoint region: Cleanup
[2023-12-02T16:04:41.684+0000][1952.756s][info ][safepoint     ] Leaving safepoint region
[2023-12-02T16:04:41.684+0000][1952.756s][info ][safepoint     ] Total time for which application threads were stopped: 0.0018871 seconds, Stopping threads took: 0.0006620 seconds
[2023-12-02T16:04:42.685+0000][1953.757s][debug][safepoint     ] Safepoint synchronization initiated. (198 threads)
[2023-12-02T16:04:42.685+0000][1953.757s][info ][safepoint     ] Application time: 1.0003697 seconds
[2023-12-02T16:04:42.685+0000][1953.758s][info ][safepoint     ] Entering safepoint region: Cleanup
[2023-12-02T16:04:42.686+0000][1953.758s][info ][safepoint     ] Leaving safepoint region
[2023-12-02T16:04:42.686+0000][1953.758s][info ][safepoint     ] Total time for which application threads were stopped: 0.0006359 seconds, Stopping threads took: 0.0002895 seconds
[2023-12-02T16:04:43.686+0000][1954.759s][debug][safepoint     ] Safepoint synchronization initiated. (198 threads)
[2023-12-02T16:04:43.687+0000][1954.759s][info ][safepoint     ] Application time: 1.0008642 seconds
[2023-12-02T16:04:43.687+0000][1954.760s][info ][safepoint     ] Entering safepoint region: Cleanup
[2023-12-02T16:04:43.688+0000][1954.760s][info ][safepoint     ] Leaving safepoint region
[2023-12-02T16:04:43.688+0000][1954.761s][info ][safepoint     ] Total time for which application threads were stopped: 0.0010984 seconds, Stopping threads took: 0.0003944 seconds
[2023-12-02T16:04:44.689+0000][1955.761s][debug][safepoint     ] Safepoint synchronization initiated. (198 threads)
[2023-12-02T16:04:44.690+0000][1955.762s][info ][safepoint     ] Application time: 1.0009132 seconds
[2023-12-02T16:04:44.690+0000][1955.762s][info ][safepoint     ] Entering safepoint region: Cleanup
[2023-12-02T16:04:44.690+0000][1955.763s][info ][safepoint     ] Leaving safepoint region
[2023-12-02T16:04:44.691+0000][1955.763s][info ][safepoint     ] Total time for which application threads were stopped: 0.0006902 seconds, Stopping threads took: 0.0002758 seconds
[2023-12-02T16:04:45.691+0000][1956.763s][debug][safepoint     ] Safepoint synchronization initiated. (198 threads)
[2023-12-02T16:04:45.692+0000][1956.764s][info ][safepoint     ] Application time: 1.0007547 seconds
[2023-12-02T16:04:45.692+0000][1956.764s][info ][safepoint     ] Entering safepoint region: Cleanup
[2023-12-02T16:04:45.693+0000][1956.765s][info ][safepoint     ] Leaving safepoint region
[2023-12-02T16:04:45.693+0000][1956.765s][info ][safepoint     ] Total time for which application threads were stopped: 0.0012167 seconds, Stopping threads took: 0.0005256 seconds
[2023-12-02T16:04:46.694+0000][1957.766s][debug][safepoint     ] Safepoint synchronization initiated. (198 threads)
[2023-12-02T16:04:46.695+0000][1957.767s][info ][safepoint     ] Application time: 1.0012502 seconds
[2023-12-02T16:04:46.696+0000][1957.768s][info ][safepoint     ] Entering safepoint region: Cleanup
[2023-12-02T16:04:46.697+0000][1957.769s][info ][safepoint     ] Leaving safepoint region
[2023-12-02T16:04:46.698+0000][1957.770s][info ][safepoint     ] Total time for which application threads were stopped: 0.0022025 seconds, Stopping threads took: 0.0009019 seconds
[2023-12-02T16:04:47.699+0000][1958.771s][debug][safepoint     ] Safepoint synchronization initiated. (198 threads)
[2023-12-02T16:04:47.699+0000][1958.771s][info ][safepoint     ] Application time: 1.0004688 seconds
[2023-12-02T16:04:47.699+0000][1958.772s][info ][safepoint     ] Entering safepoint region: Cleanup
[2023-12-02T16:04:47.700+0000][1958.772s][info ][safepoint     ] Leaving safepoint region
[2023-12-02T16:04:47.700+0000][1958.772s][info ][safepoint     ] Total time for which application threads were stopped: 0.0008335 seconds, Stopping threads took: 0.0003345 seconds
[2023-12-02T16:04:48.701+0000][1959.773s][debug][safepoint     ] Safepoint synchronization initiated. (198 threads)
[2023-12-02T16:04:48.701+0000][1959.773s][info ][safepoint     ] Application time: 1.0006434 seconds
[2023-12-02T16:04:48.701+0000][1959.774s][info ][safepoint     ] Entering safepoint region: Cleanup
[2023-12-02T16:04:48.702+0000][1959.774s][info ][safepoint     ] Leaving safepoint region
[2023-12-02T16:04:48.702+0000][1959.774s][info ][safepoint     ] Total time for which application threads were stopped: 0.0007820 seconds, Stopping threads took: 0.0003045 seconds
[2023-12-02T16:04:49.703+0000][1960.775s][debug][safepoint     ] Safepoint synchronization initiated. (198 threads)
[2023-12-02T16:04:49.704+0000][1960.776s][info ][safepoint     ] Application time: 1.0012538 seconds
[2023-12-02T16:04:49.704+0000][1960.776s][info ][safepoint     ] Entering safepoint region: Cleanup
[2023-12-02T16:04:49.705+0000][1960.777s][info ][safepoint     ] Leaving safepoint region
[2023-12-02T16:04:49.705+0000][1960.777s][info ][safepoint     ] Total time for which application threads were stopped: 0.0007997 seconds, Stopping threads took: 0.0003105 seconds
[2023-12-02T16:04:50.705+0000][1961.777s][debug][safepoint     ] Safepoint synchronization initiated. (198 threads)
[2023-12-02T16:04:50.706+0000][1961.778s][info ][safepoint     ] Application time: 1.0005847 seconds
[2023-12-02T16:04:50.706+0000][1961.778s][info ][safepoint     ] Entering safepoint region: Cleanup
[2023-12-02T16:04:50.707+0000][1961.779s][info ][safepoint     ] Leaving safepoint region
[2023-12-02T16:04:50.707+0000][1961.779s][info ][safepoint     ] Total time for which application threads were stopped: 0.0007986 seconds, Stopping threads took: 0.0003158 seconds
[2023-12-02T16:04:51.707+0000][1962.779s][debug][safepoint     ] Safepoint synchronization initiated. (198 threads)
[2023-12-02T16:04:51.708+0000][1962.780s][info ][safepoint     ] Application time: 1.0010732 seconds
[2023-12-02T16:04:51.709+0000][1962.781s][info ][safepoint     ] Entering safepoint region: Cleanup
[2023-12-02T16:04:51.709+0000][1962.781s][info ][safepoint     ] Leaving safepoint region
[2023-12-02T16:04:51.710+0000][1962.782s][info ][safepoint     ] Total time for which application threads were stopped: 0.0012352 seconds, Stopping threads took: 0.0004928 seconds
[2023-12-02T16:04:52.711+0000][1963.783s][debug][safepoint     ] Safepoint synchronization initiated. (198 threads)
[2023-12-02T16:04:52.711+0000][1963.783s][info ][safepoint     ] Application time: 1.0007495 seconds
[2023-12-02T16:04:52.712+0000][1963.784s][info ][safepoint     ] Entering safepoint region: Cleanup
[2023-12-02T16:04:52.712+0000][1963.784s][info ][safepoint     ] Leaving safepoint region
[2023-12-02T16:04:52.713+0000][1963.785s][info ][safepoint     ] Total time for which application threads were stopped: 0.0011407 seconds, Stopping threads took: 0.0004709 seconds
[2023-12-02T16:04:53.714+0000][1964.785s][debug][safepoint     ] Safepoint synchronization initiated. (198 threads)
[2023-12-02T16:04:53.714+0000][1964.786s][info ][safepoint     ] Application time: 1.0006508 seconds
[2023-12-02T16:04:53.715+0000][1964.786s][info ][safepoint     ] Entering safepoint region: Cleanup
[2023-12-02T16:04:53.715+0000][1964.787s][info ][safepoint     ] Leaving safepoint region
[2023-12-02T16:04:53.715+0000][1964.787s][info ][safepoint     ] Total time for which application threads were stopped: 0.0006775 seconds, Stopping threads took: 0.0002486 seconds
[2023-12-02T16:04:54.716+0000][1965.787s][debug][safepoint     ] Safepoint synchronization initiated. (198 threads)
[2023-12-02T16:04:54.716+0000][1965.788s][info ][safepoint     ] Application time: 1.0006643 seconds
[2023-12-02T16:04:54.717+0000][1965.788s][info ][safepoint     ] Entering safepoint region: Cleanup
[2023-12-02T16:04:54.717+0000][1965.789s][info ][safepoint     ] Leaving safepoint region
[2023-12-02T16:04:54.717+0000][1965.789s][info ][safepoint     ] Total time for which application threads were stopped: 0.0009818 seconds, Stopping threads took: 0.0004107 seconds
[2023-12-02T16:04:55.740+0000][1966.812s][debug][safepoint     ] Safepoint synchronization initiated. (198 threads)
[2023-12-02T16:04:55.745+0000][1966.817s][info ][safepoint     ] Application time: 1.0271840 seconds
[2023-12-02T16:04:55.745+0000][1966.817s][info ][safepoint     ] Entering safepoint region: Cleanup
[2023-12-02T16:04:55.750+0000][1966.822s][info ][safepoint     ] Leaving safepoint region
[2023-12-02T16:04:55.751+0000][1966.822s][info ][safepoint     ] Total time for which application threads were stopped: 0.0054212 seconds, Stopping threads took: 0.0004434 seconds
[2023-12-02T16:04:56.751+0000][1967.823s][debug][safepoint     ] Safepoint synchronization initiated. (198 threads)
[2023-12-02T16:04:56.752+0000][1967.824s][info ][safepoint     ] Application time: 1.0007903 seconds
[2023-12-02T16:04:56.752+0000][1967.824s][info ][safepoint     ] Entering safepoint region: Cleanup
[2023-12-02T16:04:56.753+0000][1967.825s][info ][safepoint     ] Leaving safepoint region
[2023-12-02T16:04:56.753+0000][1967.825s][info ][safepoint     ] Total time for which application threads were stopped: 0.0010660 seconds, Stopping threads took: 0.0006272 seconds
[2023-12-02T16:04:57.754+0000][1968.825s][debug][safepoint     ] Safepoint synchronization initiated. (198 threads)
[2023-12-02T16:04:57.754+0000][1968.826s][info ][safepoint     ] Application time: 1.0006332 seconds
[2023-12-02T16:04:57.755+0000][1968.826s][info ][safepoint     ] Entering safepoint region: Cleanup
[2023-12-02T16:04:57.755+0000][1968.827s][info ][safepoint     ] Leaving safepoint region
[2023-12-02T16:04:57.755+0000][1968.827s][info ][safepoint     ] Total time for which application threads were stopped: 0.0009419 seconds, Stopping threads took: 0.0003949 seconds
[2023-12-02T16:04:58.756+0000][1969.828s][debug][safepoint     ] Safepoint synchronization initiated. (198 threads)
[2023-12-02T16:04:58.756+0000][1969.828s][info ][safepoint     ] Application time: 1.0004330 seconds
[2023-12-02T16:04:58.756+0000][1969.828s][info ][safepoint     ] Entering safepoint region: Cleanup
[2023-12-02T16:04:58.757+0000][1969.828s][info ][safepoint     ] Leaving safepoint region
[2023-12-02T16:04:58.757+0000][1969.829s][info ][safepoint     ] Total time for which application threads were stopped: 0.0005726 seconds, Stopping threads took: 0.0002075 seconds
[2023-12-02T16:04:59.757+0000][1970.829s][debug][safepoint     ] Safepoint synchronization initiated. (198 threads)
[2023-12-02T16:04:59.758+0000][1970.830s][info ][safepoint     ] Application time: 1.0008762 seconds
[2023-12-02T16:04:59.759+0000][1970.830s][info ][safepoint     ] Entering safepoint region: Cleanup
[2023-12-02T16:04:59.760+0000][1970.831s][info ][safepoint     ] Leaving safepoint region
[2023-12-02T16:04:59.760+0000][1970.832s][info ][safepoint     ] Total time for which application threads were stopped: 0.0014137 seconds, Stopping threads took: 0.0003624 seconds
[2023-12-02T16:05:00.760+0000][1971.832s][debug][safepoint     ] Safepoint synchronization initiated. (198 threads)
[2023-12-02T16:05:00.761+0000][1971.832s][info ][safepoint     ] Application time: 1.0005865 seconds
[2023-12-02T16:05:00.761+0000][1971.833s][info ][safepoint     ] Entering safepoint region: Cleanup
[2023-12-02T16:05:00.762+0000][1971.833s][info ][safepoint     ] Leaving safepoint region
[2023-12-02T16:05:00.762+0000][1971.834s][info ][safepoint     ] Total time for which application threads were stopped: 0.0008601 seconds, Stopping threads took: 0.0003076 seconds
[2023-12-02T16:05:01.762+0000][1972.834s][debug][safepoint     ] Safepoint synchronization initiated. (198 threads)
[2023-12-02T16:05:01.763+0000][1972.835s][info ][safepoint     ] Application time: 1.0005706 seconds
[2023-12-02T16:05:01.763+0000][1972.835s][info ][safepoint     ] Entering safepoint region: Cleanup
[2023-12-02T16:05:01.763+0000][1972.835s][info ][safepoint     ] Leaving safepoint region
[2023-12-02T16:05:01.764+0000][1972.836s][info ][safepoint     ] Total time for which application threads were stopped: 0.0007732 seconds, Stopping threads took: 0.0002074 seconds
[2023-12-02T16:05:02.764+0000][1973.836s][debug][safepoint     ] Safepoint synchronization initiated. (198 threads)
[2023-12-02T16:05:02.765+0000][1973.837s][info ][safepoint     ] Application time: 1.0008566 seconds
[2023-12-02T16:05:02.765+0000][1973.837s][info ][safepoint     ] Entering safepoint region: Cleanup
[2023-12-02T16:05:02.766+0000][1973.838s][info ][safepoint     ] Leaving safepoint region
[2023-12-02T16:05:02.766+0000][1973.838s][info ][safepoint     ] Total time for which application threads were stopped: 0.0008906 seconds, Stopping threads took: 0.0004053 seconds
[2023-12-02T16:05:03.767+0000][1974.838s][debug][safepoint     ] Safepoint synchronization initiated. (198 threads)
[2023-12-02T16:05:03.770+0000][1974.842s][info ][safepoint     ] Application time: 1.0035531 seconds
[2023-12-02T16:05:03.770+0000][1974.842s][info ][safepoint     ] Entering safepoint region: Cleanup
[2023-12-02T16:05:03.771+0000][1974.843s][info ][safepoint     ] Leaving safepoint region
[2023-12-02T16:05:03.771+0000][1974.843s][info ][safepoint     ] Total time for which application threads were stopped: 0.0008667 seconds, Stopping threads took: 0.0003639 seconds
[2023-12-02T16:05:04.772+0000][1975.843s][debug][safepoint     ] Safepoint synchronization initiated. (198 threads)
[2023-12-02T16:05:04.772+0000][1975.844s][info ][safepoint     ] Application time: 1.0007296 seconds
[2023-12-02T16:05:04.773+0000][1975.844s][info ][safepoint     ] Entering safepoint region: Cleanup
[2023-12-02T16:05:04.773+0000][1975.845s][info ][safepoint     ] Leaving safepoint region
[2023-12-02T16:05:04.773+0000][1975.845s][info ][safepoint     ] Total time for which application threads were stopped: 0.0007908 seconds, Stopping threads took: 0.0003000 seconds
[2023-12-02T16:05:04.773+0000][1975.845s][debug][safepoint     ] ... found polling page return exception at pc = 0x00007f43fc9de0c4, stub =0x00007f43f4840600
[2023-12-02T16:05:04.773+0000][1975.845s][debug][safepoint     ] ... found polling page return exception at pc = 0x00007f43fc9de0c4, stub =0x00007f43f4840600
[2023-12-02T16:05:04.773+0000][1975.845s][debug][safepoint     ] ... found polling page return exception at pc = 0x00007f43fc9de0c4, stub =0x00007f43f4840600
[2023-12-02T16:05:04.773+0000][1975.845s][debug][safepoint     ] ... found polling page return exception at pc = 0x00007f43fc9de0c4, stub =0x00007f43f4840600
[2023-12-02T16:05:04.773+0000][1975.845s][debug][safepoint     ] ... found polling page return exception at pc = 0x00007f43fc9de0c4, stub =0x00007f43f4840600
[2023-12-02T16:05:04.773+0000][1975.845s][debug][safepoint     ] ... found polling page return exception at pc = 0x00007f43fc9de0c4, stub =0x00007f43f4840600
[2023-12-02T16:05:05.774+0000][1976.846s][debug][safepoint     ] Safepoint synchronization initiated. (198 threads)
[2023-12-02T16:05:05.775+0000][1976.847s][info ][safepoint     ] Application time: 1.0015134 seconds
[2023-12-02T16:05:05.776+0000][1976.847s][info ][safepoint     ] Entering safepoint region: Cleanup
[2023-12-02T16:05:05.776+0000][1976.848s][info ][safepoint     ] Leaving safepoint region
[2023-12-02T16:05:05.777+0000][1976.848s][info ][safepoint     ] Total time for which application threads were stopped: 0.0009335 seconds, Stopping threads took: 0.0002650 seconds
[2023-12-02T16:05:06.777+0000][1977.849s][debug][safepoint     ] Safepoint synchronization initiated. (198 threads)
[2023-12-02T16:05:06.778+0000][1977.850s][info ][safepoint     ] Application time: 1.0007285 seconds
[2023-12-02T16:05:06.778+0000][1977.850s][info ][safepoint     ] Entering safepoint region: Cleanup
[2023-12-02T16:05:06.779+0000][1977.851s][info ][safepoint     ] Leaving safepoint region
[2023-12-02T16:05:06.779+0000][1977.851s][info ][safepoint     ] Total time for which application threads were stopped: 0.0008629 seconds, Stopping threads took: 0.0004243 seconds
[2023-12-02T16:05:07.780+0000][1978.851s][debug][safepoint     ] Safepoint synchronization initiated. (198 threads)
[2023-12-02T16:05:07.780+0000][1978.852s][info ][safepoint     ] Application time: 1.0008096 seconds
[2023-12-02T16:05:07.781+0000][1978.852s][info ][safepoint     ] Entering safepoint region: Cleanup
[2023-12-02T16:05:07.782+0000][1978.853s][info ][safepoint     ] Leaving safepoint region
[2023-12-02T16:05:07.782+0000][1978.854s][info ][safepoint     ] Total time for which application threads were stopped: 0.0013716 seconds, Stopping threads took: 0.0006624 seconds
[2023-12-02T16:05:08.783+0000][1979.855s][debug][safepoint     ] Safepoint synchronization initiated. (198 threads)
[2023-12-02T16:05:08.783+0000][1979.855s][info ][safepoint     ] Application time: 1.0010000 seconds
[2023-12-02T16:05:08.784+0000][1979.856s][info ][safepoint     ] Entering safepoint region: Cleanup
[2023-12-02T16:05:08.785+0000][1979.856s][info ][safepoint     ] Leaving safepoint region
[2023-12-02T16:05:08.785+0000][1979.857s][info ][safepoint     ] Total time for which application threads were stopped: 0.0010072 seconds, Stopping threads took: 0.0004147 seconds
[2023-12-02T16:05:09.785+0000][1980.857s][debug][safepoint     ] Safepoint synchronization initiated. (198 threads)
[2023-12-02T16:05:09.786+0000][1980.858s][info ][safepoint     ] Application time: 1.0007705 seconds
[2023-12-02T16:05:09.787+0000][1980.858s][info ][safepoint     ] Entering safepoint region: Cleanup
[2023-12-02T16:05:09.787+0000][1980.859s][info ][safepoint     ] Leaving safepoint region
[2023-12-02T16:05:09.788+0000][1980.859s][info ][safepoint     ] Total time for which application threads were stopped: 0.0010414 seconds, Stopping threads took: 0.0005073 seconds
[2023-12-02T16:05:10.788+0000][1981.860s][debug][safepoint     ] Safepoint synchronization initiated. (198 threads)
[2023-12-02T16:05:10.789+0000][1981.860s][info ][safepoint     ] Application time: 1.0008114 seconds
[2023-12-02T16:05:10.789+0000][1981.861s][info ][safepoint     ] Entering safepoint region: Cleanup
[2023-12-02T16:05:10.790+0000][1981.862s][info ][safepoint     ] Leaving safepoint region
[2023-12-02T16:05:10.790+0000][1981.862s][info ][safepoint     ] Total time for which application threads were stopped: 0.0010525 seconds, Stopping threads took: 0.0005165 seconds
[2023-12-02T16:05:11.791+0000][1982.863s][debug][safepoint     ] Safepoint synchronization initiated. (198 threads)
[2023-12-02T16:05:11.791+0000][1982.863s][info ][safepoint     ] Application time: 1.0007419 seconds
[2023-12-02T16:05:11.792+0000][1982.863s][info ][safepoint     ] Entering safepoint region: Cleanup
[2023-12-02T16:05:11.792+0000][1982.864s][info ][safepoint     ] Leaving safepoint region
[2023-12-02T16:05:11.793+0000][1982.864s][info ][safepoint     ] Total time for which application threads were stopped: 0.0009015 seconds, Stopping threads took: 0.0004196 seconds
[2023-12-02T16:05:12.793+0000][1983.865s][debug][safepoint     ] Safepoint synchronization initiated. (198 threads)
[2023-12-02T16:05:12.794+0000][1983.865s][info ][safepoint     ] Application time: 1.0007038 seconds
[2023-12-02T16:05:12.794+0000][1983.866s][info ][safepoint     ] Entering safepoint region: Cleanup
[2023-12-02T16:05:12.795+0000][1983.867s][info ][safepoint     ] Leaving safepoint region
[2023-12-02T16:05:12.795+0000][1983.867s][info ][safepoint     ] Total time for which application threads were stopped: 0.0010671 seconds, Stopping threads took: 0.0004292 seconds
[2023-12-02T16:05:13.796+0000][1984.868s][debug][safepoint     ] Safepoint synchronization initiated. (198 threads)
[2023-12-02T16:05:13.797+0000][1984.868s][info ][safepoint     ] Application time: 1.0009558 seconds
[2023-12-02T16:05:13.797+0000][1984.869s][info ][safepoint     ] Entering safepoint region: Cleanup
[2023-12-02T16:05:13.798+0000][1984.870s][info ][safepoint     ] Leaving safepoint region
[2023-12-02T16:05:13.798+0000][1984.870s][info ][safepoint     ] Total time for which application threads were stopped: 0.0012265 seconds, Stopping threads took: 0.0005754 seconds
[2023-12-02T16:05:14.799+0000][1985.870s][debug][safepoint     ] Safepoint synchronization initiated. (198 threads)
[2023-12-02T16:05:14.799+0000][1985.871s][info ][safepoint     ] Application time: 1.0004204 seconds
[2023-12-02T16:05:14.799+0000][1985.871s][info ][safepoint     ] Entering safepoint region: Cleanup
[2023-12-02T16:05:14.800+0000][1985.871s][info ][safepoint     ] Leaving safepoint region
[2023-12-02T16:05:14.800+0000][1985.872s][info ][safepoint     ] Total time for which application threads were stopped: 0.0006659 seconds, Stopping threads took: 0.0002633 seconds
[2023-12-02T16:05:15.800+0000][1986.872s][debug][safepoint     ] Safepoint synchronization initiated. (198 threads)
[2023-12-02T16:05:15.801+0000][1986.872s][info ][safepoint     ] Application time: 1.0006253 seconds
[2023-12-02T16:05:15.801+0000][1986.873s][info ][safepoint     ] Entering safepoint region: Cleanup
[2023-12-02T16:05:15.802+0000][1986.873s][info ][safepoint     ] Leaving safepoint region
[2023-12-02T16:05:15.802+0000][1986.874s][info ][safepoint     ] Total time for which application threads were stopped: 0.0008671 seconds, Stopping threads took: 0.0003148 seconds
[2023-12-02T16:05:16.802+0000][1987.874s][debug][safepoint     ] Safepoint synchronization initiated. (198 threads)
[2023-12-02T16:05:16.803+0000][1987.875s][info ][safepoint     ] Application time: 1.0006670 seconds
[2023-12-02T16:05:16.803+0000][1987.875s][info ][safepoint     ] Entering safepoint region: Cleanup
[2023-12-02T16:05:16.804+0000][1987.876s][info ][safepoint     ] Leaving safepoint region
[2023-12-02T16:05:16.804+0000][1987.876s][info ][safepoint     ] Total time for which application threads were stopped: 0.0009734 seconds, Stopping threads took: 0.0004299 seconds
[2023-12-02T16:05:17.805+0000][1988.876s][debug][safepoint     ] Safepoint synchronization initiated. (198 threads)
[2023-12-02T16:05:17.805+0000][1988.877s][info ][safepoint     ] Application time: 1.0008214 seconds
[2023-12-02T16:05:17.806+0000][1988.878s][info ][safepoint     ] Entering safepoint region: Cleanup
[2023-12-02T16:05:17.806+0000][1988.878s][info ][safepoint     ] Leaving safepoint region
[2023-12-02T16:05:17.807+0000][1988.879s][info ][safepoint     ] Total time for which application threads were stopped: 0.0011136 seconds, Stopping threads took: 0.0005282 seconds
[2023-12-02T16:05:18.807+0000][1989.879s][debug][safepoint     ] Safepoint synchronization initiated. (198 threads)
[2023-12-02T16:05:18.808+0000][1989.880s][info ][safepoint     ] Application time: 1.0006302 seconds
[2023-12-02T16:05:18.808+0000][1989.880s][info ][safepoint     ] Entering safepoint region: Cleanup
[2023-12-02T16:05:18.809+0000][1989.880s][info ][safepoint     ] Leaving safepoint region
[2023-12-02T16:05:18.809+0000][1989.881s][info ][safepoint     ] Total time for which application threads were stopped: 0.0008355 seconds, Stopping threads took: 0.0003278 seconds
[2023-12-02T16:05:19.809+0000][1990.881s][debug][safepoint     ] Safepoint synchronization initiated. (198 threads)
[2023-12-02T16:05:19.811+0000][1990.883s][info ][safepoint     ] Application time: 1.0021070 seconds
[2023-12-02T16:05:19.812+0000][1990.883s][info ][safepoint     ] Entering safepoint region: Cleanup
[2023-12-02T16:05:19.812+0000][1990.884s][info ][safepoint     ] Leaving safepoint region
[2023-12-02T16:05:19.813+0000][1990.884s][info ][safepoint     ] Total time for which application threads were stopped: 0.0010093 seconds, Stopping threads took: 0.0003957 seconds
[2023-12-02T16:05:20.813+0000][1991.885s][debug][safepoint     ] Safepoint synchronization initiated. (198 threads)
[2023-12-02T16:05:20.814+0000][1991.886s][info ][safepoint     ] Application time: 1.0009409 seconds
[2023-12-02T16:05:20.815+0000][1991.886s][info ][safepoint     ] Entering safepoint region: Cleanup
[2023-12-02T16:05:20.815+0000][1991.887s][info ][safepoint     ] Leaving safepoint region
[2023-12-02T16:05:20.816+0000][1991.888s][info ][safepoint     ] Total time for which application threads were stopped: 0.0015446 seconds, Stopping threads took: 0.0006820 seconds
[2023-12-02T16:05:21.816+0000][1992.888s][debug][safepoint     ] Safepoint synchronization initiated. (198 threads)
[2023-12-02T16:05:21.817+0000][1992.889s][info ][safepoint     ] Application time: 1.0006240 seconds
[2023-12-02T16:05:21.817+0000][1992.889s][info ][safepoint     ] Entering safepoint region: Cleanup
[2023-12-02T16:05:21.818+0000][1992.890s][info ][safepoint     ] Leaving safepoint region
[2023-12-02T16:05:21.818+0000][1992.890s][info ][safepoint     ] Total time for which application threads were stopped: 0.0010447 seconds, Stopping threads took: 0.0003769 seconds
[2023-12-02T16:05:22.819+0000][1993.891s][debug][safepoint     ] Safepoint synchronization initiated. (198 threads)
[2023-12-02T16:05:22.819+0000][1993.891s][info ][safepoint     ] Application time: 1.0006559 seconds
[2023-12-02T16:05:22.820+0000][1993.891s][info ][safepoint     ] Entering safepoint region: Cleanup
[2023-12-02T16:05:22.820+0000][1993.892s][info ][safepoint     ] Leaving safepoint region
[2023-12-02T16:05:22.821+0000][1993.892s][info ][safepoint     ] Total time for which application threads were stopped: 0.0008772 seconds, Stopping threads took: 0.0004218 seconds
[2023-12-02T16:05:23.821+0000][1994.893s][debug][safepoint     ] Safepoint synchronization initiated. (198 threads)
[2023-12-02T16:05:23.823+0000][1994.895s][info ][safepoint     ] Application time: 1.0023751 seconds
[2023-12-02T16:05:23.824+0000][1994.896s][info ][safepoint     ] Entering safepoint region: Cleanup
[2023-12-02T16:05:23.825+0000][1994.896s][info ][safepoint     ] Leaving safepoint region
[2023-12-02T16:05:23.825+0000][1994.897s][info ][safepoint     ] Total time for which application threads were stopped: 0.0011233 seconds, Stopping threads took: 0.0005007 seconds
[2023-12-02T16:05:24.826+0000][1995.897s][debug][safepoint     ] Safepoint synchronization initiated. (198 threads)
[2023-12-02T16:05:24.826+0000][1995.898s][info ][safepoint     ] Application time: 1.0009078 seconds
[2023-12-02T16:05:24.827+0000][1995.899s][info ][safepoint     ] Entering safepoint region: Cleanup
[2023-12-02T16:05:24.828+0000][1995.900s][info ][safepoint     ] Leaving safepoint region
[2023-12-02T16:05:24.828+0000][1995.900s][info ][safepoint     ] Total time for which application threads were stopped: 0.0014413 seconds, Stopping threads took: 0.0007413 seconds
[2023-12-02T16:05:25.829+0000][1996.901s][debug][safepoint     ] Safepoint synchronization initiated. (198 threads)
[2023-12-02T16:05:25.829+0000][1996.901s][info ][safepoint     ] Application time: 1.0006095 seconds
[2023-12-02T16:05:25.830+0000][1996.901s][info ][safepoint     ] Entering safepoint region: Cleanup
[2023-12-02T16:05:25.830+0000][1996.902s][info ][safepoint     ] Leaving safepoint region
[2023-12-02T16:05:25.831+0000][1996.902s][info ][safepoint     ] Total time for which application threads were stopped: 0.0009081 seconds, Stopping threads took: 0.0003344 seconds
[2023-12-02T16:05:26.831+0000][1997.903s][debug][safepoint     ] Safepoint synchronization initiated. (198 threads)
[2023-12-02T16:05:26.831+0000][1997.903s][info ][safepoint     ] Application time: 1.0004607 seconds
[2023-12-02T16:05:26.832+0000][1997.903s][info ][safepoint     ] Entering safepoint region: Cleanup
[2023-12-02T16:05:26.832+0000][1997.904s][info ][safepoint     ] Leaving safepoint region
[2023-12-02T16:05:26.832+0000][1997.904s][info ][safepoint     ] Total time for which application threads were stopped: 0.0005847 seconds, Stopping threads took: 0.0002270 seconds
[2023-12-02T16:05:27.833+0000][1998.904s][debug][safepoint     ] Safepoint synchronization initiated. (198 threads)
[2023-12-02T16:05:27.833+0000][1998.905s][info ][safepoint     ] Application time: 1.0007259 seconds
[2023-12-02T16:05:27.834+0000][1998.905s][info ][safepoint     ] Entering safepoint region: Cleanup
[2023-12-02T16:05:27.834+0000][1998.906s][info ][safepoint     ] Leaving safepoint region
[2023-12-02T16:05:27.835+0000][1998.906s][info ][safepoint     ] Total time for which application threads were stopped: 0.0010129 seconds, Stopping threads took: 0.0004173 seconds
[2023-12-02T16:05:28.835+0000][1999.907s][debug][safepoint     ] Safepoint synchronization initiated. (198 threads)
[2023-12-02T16:05:28.836+0000][1999.907s][info ][safepoint     ] Application time: 1.0008842 seconds
[2023-12-02T16:05:28.836+0000][1999.908s][info ][safepoint     ] Entering safepoint region: Cleanup
[2023-12-02T16:05:28.837+0000][1999.909s][info ][safepoint     ] Leaving safepoint region
[2023-12-02T16:05:28.837+0000][1999.909s][info ][safepoint     ] Total time for which application threads were stopped: 0.0011974 seconds, Stopping threads took: 0.0005519 seconds
[2023-12-02T16:05:29.838+0000][2000.909s][debug][safepoint     ] Safepoint synchronization initiated. (198 threads)
[2023-12-02T16:05:29.839+0000][2000.910s][info ][safepoint     ] Application time: 1.0009967 seconds
[2023-12-02T16:05:29.840+0000][2000.911s][info ][safepoint     ] Entering safepoint region: Cleanup
[2023-12-02T16:05:29.841+0000][2000.912s][info ][safepoint     ] Leaving safepoint region
[2023-12-02T16:05:29.841+0000][2000.913s][info ][safepoint     ] Total time for which application threads were stopped: 0.0019155 seconds, Stopping threads took: 0.0008435 seconds
[2023-12-02T16:05:30.842+0000][2001.914s][debug][safepoint     ] Safepoint synchronization initiated. (198 threads)
[2023-12-02T16:05:30.843+0000][2001.914s][info ][safepoint     ] Application time: 1.0006257 seconds
[2023-12-02T16:05:30.843+0000][2001.914s][info ][safepoint     ] Entering safepoint region: Cleanup
[2023-12-02T16:05:30.843+0000][2001.915s][info ][safepoint     ] Leaving safepoint region
[2023-12-02T16:05:30.844+0000][2001.915s][info ][safepoint     ] Total time for which application threads were stopped: 0.0009881 seconds, Stopping threads took: 0.0003758 seconds
[2023-12-02T16:05:31.844+0000][2002.916s][debug][safepoint     ] Safepoint synchronization initiated. (198 threads)
[2023-12-02T16:05:31.845+0000][2002.917s][info ][safepoint     ] Application time: 1.0009251 seconds
[2023-12-02T16:05:31.846+0000][2002.918s][info ][safepoint     ] Entering safepoint region: Cleanup
[2023-12-02T16:05:31.847+0000][2002.919s][info ][safepoint     ] Leaving safepoint region
[2023-12-02T16:05:31.848+0000][2002.919s][info ][safepoint     ] Total time for which application threads were stopped: 0.0019675 seconds, Stopping threads took: 0.0013265 seconds
[2023-12-02T16:05:32.848+0000][2003.920s][debug][safepoint     ] Safepoint synchronization initiated. (198 threads)
[2023-12-02T16:05:32.849+0000][2003.920s][info ][safepoint     ] Application time: 1.0006785 seconds
[2023-12-02T16:05:32.850+0000][2003.921s][info ][safepoint     ] Entering safepoint region: Cleanup
[2023-12-02T16:05:32.851+0000][2003.922s][info ][safepoint     ] Leaving safepoint region
[2023-12-02T16:05:32.851+0000][2003.923s][info ][safepoint     ] Total time for which application threads were stopped: 0.0016456 seconds, Stopping threads took: 0.0006889 seconds
[2023-12-02T16:05:33.852+0000][2004.923s][debug][safepoint     ] Safepoint synchronization initiated. (198 threads)
[2023-12-02T16:05:33.853+0000][2004.924s][info ][safepoint     ] Application time: 1.0010043 seconds
[2023-12-02T16:05:33.853+0000][2004.925s][info ][safepoint     ] Entering safepoint region: Cleanup
[2023-12-02T16:05:33.855+0000][2004.926s][info ][safepoint     ] Leaving safepoint region
[2023-12-02T16:05:33.855+0000][2004.927s][info ][safepoint     ] Total time for which application threads were stopped: 0.0018957 seconds, Stopping threads took: 0.0007727 seconds
[2023-12-02T16:05:34.856+0000][2005.928s][debug][safepoint     ] Safepoint synchronization initiated. (198 threads)
[2023-12-02T16:05:34.857+0000][2005.928s][info ][safepoint     ] Application time: 1.0007411 seconds
[2023-12-02T16:05:34.857+0000][2005.929s][info ][safepoint     ] Entering safepoint region: Cleanup
[2023-12-02T16:05:34.858+0000][2005.929s][info ][safepoint     ] Leaving safepoint region
[2023-12-02T16:05:34.858+0000][2005.929s][info ][safepoint     ] Total time for which application threads were stopped: 0.0007919 seconds, Stopping threads took: 0.0003439 seconds
[2023-12-02T16:05:35.858+0000][2006.930s][debug][safepoint     ] Safepoint synchronization initiated. (198 threads)
[2023-12-02T16:05:35.859+0000][2006.930s][info ][safepoint     ] Application time: 1.0004627 seconds
[2023-12-02T16:05:35.859+0000][2006.930s][info ][safepoint     ] Entering safepoint region: Cleanup
[2023-12-02T16:05:35.859+0000][2006.931s][info ][safepoint     ] Leaving safepoint region
[2023-12-02T16:05:35.860+0000][2006.931s][info ][safepoint     ] Total time for which application threads were stopped: 0.0008415 seconds, Stopping threads took: 0.0004048 seconds
[2023-12-02T16:05:36.042+0000][2007.114s][debug][safepoint     ] Safepoint synchronization initiated. (198 threads)
[2023-12-02T16:05:36.043+0000][2007.114s][info ][safepoint     ] Application time: 0.1826496 seconds
[2023-12-02T16:05:36.043+0000][2007.114s][info ][safepoint     ] Entering safepoint region: G1CollectForAllocation
[2023-12-02T16:05:36.043+0000][2007.115s][info ][gc,start      ] GC(73) Pause Young (Normal) (G1 Evacuation Pause)
[2023-12-02T16:05:36.044+0000][2007.115s][info ][gc,task       ] GC(73) Using 8 workers of 8 for evacuation
[2023-12-02T16:05:36.057+0000][2007.128s][info ][gc,phases     ] GC(73)   Pre Evacuate Collection Set: 0.0ms
[2023-12-02T16:05:36.057+0000][2007.129s][info ][gc,phases     ] GC(73)   Evacuate Collection Set: 7.8ms
[2023-12-02T16:05:36.057+0000][2007.129s][info ][gc,phases     ] GC(73)   Post Evacuate Collection Set: 4.5ms
[2023-12-02T16:05:36.058+0000][2007.129s][info ][gc,phases     ] GC(73)   Other: 1.0ms
[2023-12-02T16:05:36.058+0000][2007.130s][info ][gc,heap       ] GC(73) Eden regions: 188->0(184)
[2023-12-02T16:05:36.058+0000][2007.130s][info ][gc,heap       ] GC(73) Survivor regions: 9->9(25)
[2023-12-02T16:05:36.059+0000][2007.130s][info ][gc,heap       ] GC(73) Old regions: 162->162
[2023-12-02T16:05:36.059+0000][2007.130s][info ][gc,heap       ] GC(73) Humongous regions: 20->20
[2023-12-02T16:05:36.059+0000][2007.131s][info ][gc,metaspace  ] GC(73) Metaspace: 179348K(193308K)->179348K(193308K) NonClass: 158618K(169760K)->158618K(169760K) Class: 20729K(23548K)->20729K(23548K)
[2023-12-02T16:05:36.059+0000][2007.131s][info ][gc            ] GC(73) Pause Young (Normal) (G1 Evacuation Pause) 376M->189M(427M) 15.937ms
[2023-12-02T16:05:36.060+0000][2007.131s][info ][gc,cpu        ] GC(73) User=0.07s Sys=0.01s Real=0.01s
[2023-12-02T16:05:36.060+0000][2007.132s][info ][safepoint     ] Leaving safepoint region
[2023-12-02T16:05:36.060+0000][2007.132s][info ][safepoint     ] Total time for which application threads were stopped: 0.0175215 seconds, Stopping threads took: 0.0003182 seconds
[2023-12-02T16:05:36.061+0000][2007.132s][info ][gc,stringdedup] Concurrent String Deduplication (2007.132s)
[2023-12-02T16:05:36.061+0000][2007.133s][info ][gc,stringdedup] Concurrent String Deduplication 2584.0B->2488.0B(96.0B) avg 52.6% (2007.132s, 2007.133s) 0.354ms
[2023-12-02T16:05:37.061+0000][2008.133s][debug][safepoint     ] Safepoint synchronization initiated. (198 threads)
[2023-12-02T16:05:37.063+0000][2008.134s][info ][safepoint     ] Application time: 1.0019126 seconds
[2023-12-02T16:05:37.063+0000][2008.134s][info ][safepoint     ] Entering safepoint region: Cleanup
[2023-12-02T16:05:37.064+0000][2008.135s][info ][safepoint     ] Leaving safepoint region
[2023-12-02T16:05:37.064+0000][2008.136s][info ][safepoint     ] Total time for which application threads were stopped: 0.0011570 seconds, Stopping threads took: 0.0003908 seconds
[2023-12-02T16:05:38.064+0000][2009.136s][debug][safepoint     ] Safepoint synchronization initiated. (198 threads)
[2023-12-02T16:05:38.065+0000][2009.136s][info ][safepoint     ] Application time: 1.0006023 seconds
[2023-12-02T16:05:38.065+0000][2009.137s][info ][safepoint     ] Entering safepoint region: Cleanup
[2023-12-02T16:05:38.066+0000][2009.137s][info ][safepoint     ] Leaving safepoint region
[2023-12-02T16:05:38.066+0000][2009.137s][info ][safepoint     ] Total time for which application threads were stopped: 0.0008028 seconds, Stopping threads took: 0.0003164 seconds
[2023-12-02T16:05:39.066+0000][2010.138s][debug][safepoint     ] Safepoint synchronization initiated. (198 threads)
[2023-12-02T16:05:39.067+0000][2010.138s][info ][safepoint     ] Application time: 1.0006593 seconds
[2023-12-02T16:05:39.067+0000][2010.139s][info ][safepoint     ] Entering safepoint region: Cleanup
[2023-12-02T16:05:39.068+0000][2010.139s][info ][safepoint     ] Leaving safepoint region
[2023-12-02T16:05:39.068+0000][2010.139s][info ][safepoint     ] Total time for which application threads were stopped: 0.0009262 seconds, Stopping threads took: 0.0003967 seconds
[2023-12-02T16:05:40.068+0000][2011.140s][debug][safepoint     ] Safepoint synchronization initiated. (198 threads)
[2023-12-02T16:05:40.069+0000][2011.140s][info ][safepoint     ] Application time: 1.0003485 seconds
[2023-12-02T16:05:40.069+0000][2011.140s][info ][safepoint     ] Entering safepoint region: Cleanup
[2023-12-02T16:05:40.069+0000][2011.141s][info ][safepoint     ] Leaving safepoint region
[2023-12-02T16:05:40.069+0000][2011.141s][info ][safepoint     ] Total time for which application threads were stopped: 0.0006566 seconds, Stopping threads took: 0.0002568 seconds
[2023-12-02T16:05:41.070+0000][2012.141s][debug][safepoint     ] Safepoint synchronization initiated. (198 threads)
[2023-12-02T16:05:41.070+0000][2012.142s][info ][safepoint     ] Application time: 1.0005800 seconds
[2023-12-02T16:05:41.071+0000][2012.142s][info ][safepoint     ] Entering safepoint region: Cleanup
[2023-12-02T16:05:41.071+0000][2012.143s][info ][safepoint     ] Leaving safepoint region
[2023-12-02T16:05:41.071+0000][2012.143s][info ][safepoint     ] Total time for which application threads were stopped: 0.0008632 seconds, Stopping threads took: 0.0003121 seconds
[2023-12-02T16:05:42.072+0000][2013.143s][debug][safepoint     ] Safepoint synchronization initiated. (198 threads)
[2023-12-02T16:05:42.072+0000][2013.144s][info ][safepoint     ] Application time: 1.0007500 seconds
[2023-12-02T16:05:42.073+0000][2013.145s][info ][safepoint     ] Entering safepoint region: Cleanup
[2023-12-02T16:05:42.074+0000][2013.146s][info ][safepoint     ] Leaving safepoint region
[2023-12-02T16:05:42.074+0000][2013.146s][info ][safepoint     ] Total time for which application threads were stopped: 0.0014395 seconds, Stopping threads took: 0.0006651 seconds
[2023-12-02T16:05:43.075+0000][2014.147s][debug][safepoint     ] Safepoint synchronization initiated. (198 threads)
[2023-12-02T16:05:43.076+0000][2014.147s][info ][safepoint     ] Application time: 1.0006129 seconds
[2023-12-02T16:05:43.076+0000][2014.147s][info ][safepoint     ] Entering safepoint region: Cleanup
[2023-12-02T16:05:43.076+0000][2014.148s][info ][safepoint     ] Leaving safepoint region
[2023-12-02T16:05:43.076+0000][2014.148s][info ][safepoint     ] Total time for which application threads were stopped: 0.0006662 seconds, Stopping threads took: 0.0002215 seconds
[2023-12-02T16:05:44.077+0000][2015.149s][debug][safepoint     ] Safepoint synchronization initiated. (198 threads)
[2023-12-02T16:05:44.078+0000][2015.149s][info ][safepoint     ] Application time: 1.0010949 seconds
[2023-12-02T16:05:44.078+0000][2015.150s][info ][safepoint     ] Entering safepoint region: Cleanup
[2023-12-02T16:05:44.079+0000][2015.151s][info ][safepoint     ] Leaving safepoint region
[2023-12-02T16:05:44.080+0000][2015.151s][info ][safepoint     ] Total time for which application threads were stopped: 0.0012212 seconds, Stopping threads took: 0.0004071 seconds
[2023-12-02T16:05:45.080+0000][2016.152s][debug][safepoint     ] Safepoint synchronization initiated. (198 threads)
[2023-12-02T16:05:45.081+0000][2016.152s][info ][safepoint     ] Application time: 1.0007619 seconds
[2023-12-02T16:05:45.081+0000][2016.153s][info ][safepoint     ] Entering safepoint region: Cleanup
[2023-12-02T16:05:45.082+0000][2016.154s][info ][safepoint     ] Leaving safepoint region
[2023-12-02T16:05:45.082+0000][2016.154s][info ][safepoint     ] Total time for which application threads were stopped: 0.0011038 seconds, Stopping threads took: 0.0004551 seconds
[2023-12-02T16:05:46.083+0000][2017.155s][debug][safepoint     ] Safepoint synchronization initiated. (198 threads)
[2023-12-02T16:05:46.084+0000][2017.156s][info ][safepoint     ] Application time: 1.0014443 seconds
[2023-12-02T16:05:46.085+0000][2017.157s][info ][safepoint     ] Entering safepoint region: Cleanup
[2023-12-02T16:05:46.087+0000][2017.158s][info ][safepoint     ] Leaving safepoint region
[2023-12-02T16:05:46.087+0000][2017.159s][info ][safepoint     ] Total time for which application threads were stopped: 0.0021735 seconds, Stopping threads took: 0.0009609 seconds
[2023-12-02T16:05:47.088+0000][2018.160s][debug][safepoint     ] Safepoint synchronization initiated. (198 threads)
[2023-12-02T16:05:47.089+0000][2018.160s][info ][safepoint     ] Application time: 1.0006488 seconds
[2023-12-02T16:05:47.089+0000][2018.161s][info ][safepoint     ] Entering safepoint region: Cleanup
[2023-12-02T16:05:47.090+0000][2018.161s][info ][safepoint     ] Leaving safepoint region
[2023-12-02T16:05:47.090+0000][2018.161s][info ][safepoint     ] Total time for which application threads were stopped: 0.0009308 seconds, Stopping threads took: 0.0003872 seconds
[2023-12-02T16:05:48.091+0000][2019.162s][debug][safepoint     ] Safepoint synchronization initiated. (198 threads)
[2023-12-02T16:05:48.091+0000][2019.163s][info ][safepoint     ] Application time: 1.0009632 seconds
[2023-12-02T16:05:48.092+0000][2019.163s][info ][safepoint     ] Entering safepoint region: Cleanup
[2023-12-02T16:05:48.092+0000][2019.164s][info ][safepoint     ] Leaving safepoint region
[2023-12-02T16:05:48.093+0000][2019.164s][info ][safepoint     ] Total time for which application threads were stopped: 0.0010921 seconds, Stopping threads took: 0.0003884 seconds
[2023-12-02T16:05:49.093+0000][2020.165s][debug][safepoint     ] Safepoint synchronization initiated. (198 threads)
[2023-12-02T16:05:49.094+0000][2020.165s][info ][safepoint     ] Application time: 1.0008361 seconds
[2023-12-02T16:05:49.094+0000][2020.166s][info ][safepoint     ] Entering safepoint region: Cleanup
[2023-12-02T16:05:49.095+0000][2020.167s][info ][safepoint     ] Leaving safepoint region
[2023-12-02T16:05:49.096+0000][2020.167s][info ][safepoint     ] Total time for which application threads were stopped: 0.0011429 seconds, Stopping threads took: 0.0005698 seconds
[2023-12-02T16:05:50.096+0000][2021.168s][debug][safepoint     ] Safepoint synchronization initiated. (198 threads)
[2023-12-02T16:05:50.097+0000][2021.168s][info ][safepoint     ] Application time: 1.0009777 seconds
[2023-12-02T16:05:50.098+0000][2021.169s][info ][safepoint     ] Entering safepoint region: Cleanup
[2023-12-02T16:05:50.099+0000][2021.170s][info ][safepoint     ] Leaving safepoint region
[2023-12-02T16:05:50.099+0000][2021.171s][info ][safepoint     ] Total time for which application threads were stopped: 0.0015861 seconds, Stopping threads took: 0.0006762 seconds
[2023-12-02T16:05:51.100+0000][2022.172s][debug][safepoint     ] Safepoint synchronization initiated. (198 threads)
[2023-12-02T16:05:51.101+0000][2022.172s][info ][safepoint     ] Application time: 1.0010934 seconds
[2023-12-02T16:05:51.102+0000][2022.173s][info ][safepoint     ] Entering safepoint region: Cleanup
[2023-12-02T16:05:51.103+0000][2022.174s][info ][safepoint     ] Leaving safepoint region
[2023-12-02T16:05:51.103+0000][2022.175s][info ][safepoint     ] Total time for which application threads were stopped: 0.0015921 seconds, Stopping threads took: 0.0007046 seconds
[2023-12-02T16:05:52.104+0000][2023.175s][debug][safepoint     ] Safepoint synchronization initiated. (198 threads)
[2023-12-02T16:05:52.104+0000][2023.176s][info ][safepoint     ] Application time: 1.0006539 seconds
[2023-12-02T16:05:52.105+0000][2023.176s][info ][safepoint     ] Entering safepoint region: Cleanup
[2023-12-02T16:05:52.105+0000][2023.177s][info ][safepoint     ] Leaving safepoint region
[2023-12-02T16:05:52.106+0000][2023.177s][info ][safepoint     ] Total time for which application threads were stopped: 0.0010843 seconds, Stopping threads took: 0.0004545 seconds
[2023-12-02T16:05:53.106+0000][2024.178s][debug][safepoint     ] Safepoint synchronization initiated. (198 threads)
[2023-12-02T16:05:53.107+0000][2024.178s][info ][safepoint     ] Application time: 1.0007366 seconds
[2023-12-02T16:05:53.107+0000][2024.179s][info ][safepoint     ] Entering safepoint region: Cleanup
[2023-12-02T16:05:53.108+0000][2024.180s][info ][safepoint     ] Leaving safepoint region
[2023-12-02T16:05:53.108+0000][2024.180s][info ][safepoint     ] Total time for which application threads were stopped: 0.0010920 seconds, Stopping threads took: 0.0004910 seconds
[2023-12-02T16:05:54.109+0000][2025.180s][debug][safepoint     ] Safepoint synchronization initiated. (198 threads)
[2023-12-02T16:05:54.110+0000][2025.181s][info ][safepoint     ] Application time: 1.0010651 seconds
[2023-12-02T16:05:54.111+0000][2025.182s][info ][safepoint     ] Entering safepoint region: Cleanup
[2023-12-02T16:05:54.112+0000][2025.183s][info ][safepoint     ] Leaving safepoint region
[2023-12-02T16:05:54.112+0000][2025.184s][info ][safepoint     ] Total time for which application threads were stopped: 0.0017454 seconds, Stopping threads took: 0.0008084 seconds
[2023-12-02T16:05:55.113+0000][2026.185s][debug][safepoint     ] Safepoint synchronization initiated. (198 threads)
[2023-12-02T16:05:55.113+0000][2026.185s][info ][safepoint     ] Application time: 1.0005427 seconds
[2023-12-02T16:05:55.114+0000][2026.185s][info ][safepoint     ] Entering safepoint region: Cleanup
[2023-12-02T16:05:55.114+0000][2026.186s][info ][safepoint     ] Leaving safepoint region
[2023-12-02T16:05:55.115+0000][2026.186s][info ][safepoint     ] Total time for which application threads were stopped: 0.0009414 seconds, Stopping threads took: 0.0003401 seconds
[2023-12-02T16:05:56.116+0000][2027.187s][debug][safepoint     ] Safepoint synchronization initiated. (198 threads)
[2023-12-02T16:05:56.116+0000][2027.188s][info ][safepoint     ] Application time: 1.0009017 seconds
[2023-12-02T16:05:56.117+0000][2027.188s][info ][safepoint     ] Entering safepoint region: Cleanup
[2023-12-02T16:05:56.117+0000][2027.189s][info ][safepoint     ] Leaving safepoint region
[2023-12-02T16:05:56.118+0000][2027.189s][info ][safepoint     ] Total time for which application threads were stopped: 0.0009809 seconds, Stopping threads took: 0.0004570 seconds
[2023-12-02T16:05:57.118+0000][2028.190s][debug][safepoint     ] Safepoint synchronization initiated. (198 threads)
[2023-12-02T16:05:57.119+0000][2028.190s][info ][safepoint     ] Application time: 1.0005891 seconds
[2023-12-02T16:05:57.119+0000][2028.191s][info ][safepoint     ] Entering safepoint region: Cleanup
[2023-12-02T16:05:57.120+0000][2028.191s][info ][safepoint     ] Leaving safepoint region
[2023-12-02T16:05:57.120+0000][2028.192s][info ][safepoint     ] Total time for which application threads were stopped: 0.0009200 seconds, Stopping threads took: 0.0003936 seconds
[2023-12-02T16:05:58.121+0000][2029.192s][debug][safepoint     ] Safepoint synchronization initiated. (198 threads)
[2023-12-02T16:05:58.121+0000][2029.193s][info ][safepoint     ] Application time: 1.0010058 seconds
[2023-12-02T16:05:58.122+0000][2029.194s][info ][safepoint     ] Entering safepoint region: Cleanup
[2023-12-02T16:05:58.124+0000][2029.195s][info ][safepoint     ] Leaving safepoint region
[2023-12-02T16:05:58.124+0000][2029.196s][info ][safepoint     ] Total time for which application threads were stopped: 0.0018815 seconds, Stopping threads took: 0.0008648 seconds
[2023-12-02T16:05:59.125+0000][2030.196s][debug][safepoint     ] Safepoint synchronization initiated. (198 threads)
[2023-12-02T16:05:59.125+0000][2030.197s][info ][safepoint     ] Application time: 1.0007116 seconds
[2023-12-02T16:05:59.126+0000][2030.198s][info ][safepoint     ] Entering safepoint region: Cleanup
[2023-12-02T16:05:59.127+0000][2030.198s][info ][safepoint     ] Leaving safepoint region
[2023-12-02T16:05:59.127+0000][2030.199s][info ][safepoint     ] Total time for which application threads were stopped: 0.0013672 seconds, Stopping threads took: 0.0006191 seconds
[2023-12-02T16:06:00.128+0000][2031.200s][debug][safepoint     ] Safepoint synchronization initiated. (198 threads)
[2023-12-02T16:06:00.128+0000][2031.200s][info ][safepoint     ] Application time: 1.0007187 seconds
[2023-12-02T16:06:00.129+0000][2031.200s][info ][safepoint     ] Entering safepoint region: Cleanup
[2023-12-02T16:06:00.129+0000][2031.201s][info ][safepoint     ] Leaving safepoint region
[2023-12-02T16:06:00.129+0000][2031.201s][info ][safepoint     ] Total time for which application threads were stopped: 0.0008268 seconds, Stopping threads took: 0.0003381 seconds
[2023-12-02T16:06:01.130+0000][2032.202s][debug][safepoint     ] Safepoint synchronization initiated. (198 threads)
[2023-12-02T16:06:01.131+0000][2032.202s][info ][safepoint     ] Application time: 1.0009959 seconds
[2023-12-02T16:06:01.131+0000][2032.203s][info ][safepoint     ] Entering safepoint region: Cleanup
[2023-12-02T16:06:01.132+0000][2032.203s][info ][safepoint     ] Leaving safepoint region
[2023-12-02T16:06:01.132+0000][2032.204s][info ][safepoint     ] Total time for which application threads were stopped: 0.0008617 seconds, Stopping threads took: 0.0003906 seconds
[2023-12-02T16:06:02.132+0000][2033.204s][debug][safepoint     ] Safepoint synchronization initiated. (198 threads)
[2023-12-02T16:06:02.133+0000][2033.205s][info ][safepoint     ] Application time: 1.0007081 seconds
[2023-12-02T16:06:02.133+0000][2033.205s][info ][safepoint     ] Entering safepoint region: Cleanup
[2023-12-02T16:06:02.134+0000][2033.206s][info ][safepoint     ] Leaving safepoint region
[2023-12-02T16:06:02.135+0000][2033.206s][info ][safepoint     ] Total time for which application threads were stopped: 0.0014999 seconds, Stopping threads took: 0.0004371 seconds
[2023-12-02T16:06:03.136+0000][2034.207s][debug][safepoint     ] Safepoint synchronization initiated. (198 threads)
[2023-12-02T16:06:03.136+0000][2034.208s][info ][safepoint     ] Application time: 1.0006958 seconds
[2023-12-02T16:06:03.137+0000][2034.208s][info ][safepoint     ] Entering safepoint region: Cleanup
[2023-12-02T16:06:03.137+0000][2034.209s][info ][safepoint     ] Leaving safepoint region
[2023-12-02T16:06:03.137+0000][2034.209s][info ][safepoint     ] Total time for which application threads were stopped: 0.0008052 seconds, Stopping threads took: 0.0003354 seconds
[2023-12-02T16:06:04.138+0000][2035.210s][debug][safepoint     ] Safepoint synchronization initiated. (198 threads)
[2023-12-02T16:06:04.139+0000][2035.211s][info ][safepoint     ] Application time: 1.0018055 seconds
[2023-12-02T16:06:04.140+0000][2035.212s][info ][safepoint     ] Entering safepoint region: Cleanup
[2023-12-02T16:06:04.141+0000][2035.213s][info ][safepoint     ] Leaving safepoint region
[2023-12-02T16:06:04.142+0000][2035.213s][info ][safepoint     ] Total time for which application threads were stopped: 0.0016372 seconds, Stopping threads took: 0.0005434 seconds
[2023-12-02T16:06:05.142+0000][2036.214s][debug][safepoint     ] Safepoint synchronization initiated. (198 threads)
[2023-12-02T16:06:05.143+0000][2036.215s][info ][safepoint     ] Application time: 1.0008736 seconds
[2023-12-02T16:06:05.143+0000][2036.215s][info ][safepoint     ] Entering safepoint region: Cleanup
[2023-12-02T16:06:05.144+0000][2036.216s][info ][safepoint     ] Leaving safepoint region
[2023-12-02T16:06:05.144+0000][2036.216s][info ][safepoint     ] Total time for which application threads were stopped: 0.0010063 seconds, Stopping threads took: 0.0004745 seconds
[2023-12-02T16:06:06.145+0000][2037.216s][debug][safepoint     ] Safepoint synchronization initiated. (198 threads)
[2023-12-02T16:06:06.145+0000][2037.217s][info ][safepoint     ] Application time: 1.0009237 seconds
[2023-12-02T16:06:06.146+0000][2037.218s][info ][safepoint     ] Entering safepoint region: Cleanup
[2023-12-02T16:06:06.147+0000][2037.219s][info ][safepoint     ] Leaving safepoint region
[2023-12-02T16:06:06.148+0000][2037.219s][info ][safepoint     ] Total time for which application threads were stopped: 0.0014898 seconds, Stopping threads took: 0.0007082 seconds
[2023-12-02T16:06:07.148+0000][2038.220s][debug][safepoint     ] Safepoint synchronization initiated. (198 threads)
[2023-12-02T16:06:07.149+0000][2038.221s][info ][safepoint     ] Application time: 1.0006804 seconds
[2023-12-02T16:06:07.149+0000][2038.221s][info ][safepoint     ] Entering safepoint region: Cleanup
[2023-12-02T16:06:07.150+0000][2038.222s][info ][safepoint     ] Leaving safepoint region
[2023-12-02T16:06:07.151+0000][2038.222s][info ][safepoint     ] Total time for which application threads were stopped: 0.0013018 seconds, Stopping threads took: 0.0005714 seconds
[2023-12-02T16:06:08.151+0000][2039.223s][debug][safepoint     ] Safepoint synchronization initiated. (198 threads)
[2023-12-02T16:06:08.152+0000][2039.224s][info ][safepoint     ] Application time: 1.0008679 seconds
[2023-12-02T16:06:08.153+0000][2039.224s][info ][safepoint     ] Entering safepoint region: Cleanup
[2023-12-02T16:06:08.153+0000][2039.225s][info ][safepoint     ] Leaving safepoint region
[2023-12-02T16:06:08.154+0000][2039.225s][info ][safepoint     ] Total time for which application threads were stopped: 0.0011104 seconds, Stopping threads took: 0.0005025 seconds
[2023-12-02T16:06:09.154+0000][2040.226s][debug][safepoint     ] Safepoint synchronization initiated. (198 threads)
[2023-12-02T16:06:09.155+0000][2040.226s][info ][safepoint     ] Application time: 1.0007070 seconds
[2023-12-02T16:06:09.155+0000][2040.227s][info ][safepoint     ] Entering safepoint region: Cleanup
[2023-12-02T16:06:09.156+0000][2040.227s][info ][safepoint     ] Leaving safepoint region
[2023-12-02T16:06:09.156+0000][2040.228s][info ][safepoint     ] Total time for which application threads were stopped: 0.0009447 seconds, Stopping threads took: 0.0003788 seconds
[2023-12-02T16:06:10.157+0000][2041.228s][debug][safepoint     ] Safepoint synchronization initiated. (198 threads)
[2023-12-02T16:06:10.157+0000][2041.229s][info ][safepoint     ] Application time: 1.0005622 seconds
[2023-12-02T16:06:10.157+0000][2041.229s][info ][safepoint     ] Entering safepoint region: Cleanup
[2023-12-02T16:06:10.158+0000][2041.230s][info ][safepoint     ] Leaving safepoint region
[2023-12-02T16:06:10.158+0000][2041.230s][info ][safepoint     ] Total time for which application threads were stopped: 0.0010070 seconds, Stopping threads took: 0.0003234 seconds
[2023-12-02T16:06:11.158+0000][2042.230s][debug][safepoint     ] Safepoint synchronization initiated. (198 threads)
[2023-12-02T16:06:11.159+0000][2042.230s][info ][safepoint     ] Application time: 1.0004244 seconds
[2023-12-02T16:06:11.159+0000][2042.231s][info ][safepoint     ] Entering safepoint region: Cleanup
[2023-12-02T16:06:11.159+0000][2042.231s][info ][safepoint     ] Leaving safepoint region
[2023-12-02T16:06:11.160+0000][2042.231s][info ][safepoint     ] Total time for which application threads were stopped: 0.0006093 seconds, Stopping threads took: 0.0002075 seconds
[2023-12-02T16:06:12.160+0000][2043.232s][debug][safepoint     ] Safepoint synchronization initiated. (198 threads)
[2023-12-02T16:06:12.160+0000][2043.232s][info ][safepoint     ] Application time: 1.0006822 seconds
[2023-12-02T16:06:12.161+0000][2043.232s][info ][safepoint     ] Entering safepoint region: Cleanup
[2023-12-02T16:06:12.161+0000][2043.233s][info ][safepoint     ] Leaving safepoint region
[2023-12-02T16:06:12.162+0000][2043.233s][info ][safepoint     ] Total time for which application threads were stopped: 0.0008718 seconds, Stopping threads took: 0.0003936 seconds
[2023-12-02T16:06:13.162+0000][2044.234s][debug][safepoint     ] Safepoint synchronization initiated. (198 threads)
[2023-12-02T16:06:13.163+0000][2044.234s][info ][safepoint     ] Application time: 1.0006596 seconds
[2023-12-02T16:06:13.163+0000][2044.235s][info ][safepoint     ] Entering safepoint region: Cleanup
[2023-12-02T16:06:13.163+0000][2044.235s][info ][safepoint     ] Leaving safepoint region
[2023-12-02T16:06:13.164+0000][2044.235s][info ][safepoint     ] Total time for which application threads were stopped: 0.0008689 seconds, Stopping threads took: 0.0003643 seconds
[2023-12-02T16:06:14.164+0000][2045.236s][debug][safepoint     ] Safepoint synchronization initiated. (198 threads)
[2023-12-02T16:06:14.165+0000][2045.236s][info ][safepoint     ] Application time: 1.0008302 seconds
[2023-12-02T16:06:14.165+0000][2045.237s][info ][safepoint     ] Entering safepoint region: Cleanup
[2023-12-02T16:06:14.166+0000][2045.238s][info ][safepoint     ] Leaving safepoint region
[2023-12-02T16:06:14.166+0000][2045.238s][info ][safepoint     ] Total time for which application threads were stopped: 0.0010463 seconds, Stopping threads took: 0.0004696 seconds
[2023-12-02T16:06:15.167+0000][2046.238s][debug][safepoint     ] Safepoint synchronization initiated. (198 threads)
[2023-12-02T16:06:15.167+0000][2046.239s][info ][safepoint     ] Application time: 1.0009265 seconds
[2023-12-02T16:06:15.168+0000][2046.240s][info ][safepoint     ] Entering safepoint region: Cleanup
[2023-12-02T16:06:15.169+0000][2046.241s][info ][safepoint     ] Leaving safepoint region
[2023-12-02T16:06:15.169+0000][2046.241s][info ][safepoint     ] Total time for which application threads were stopped: 0.0010742 seconds, Stopping threads took: 0.0005527 seconds
[2023-12-02T16:06:16.170+0000][2047.242s][debug][safepoint     ] Safepoint synchronization initiated. (198 threads)
[2023-12-02T16:06:16.170+0000][2047.242s][info ][safepoint     ] Application time: 1.0006031 seconds
[2023-12-02T16:06:16.171+0000][2047.242s][info ][safepoint     ] Entering safepoint region: Cleanup
[2023-12-02T16:06:16.171+0000][2047.243s][info ][safepoint     ] Leaving safepoint region
[2023-12-02T16:06:16.171+0000][2047.243s][info ][safepoint     ] Total time for which application threads were stopped: 0.0006804 seconds, Stopping threads took: 0.0002572 seconds
[2023-12-02T16:06:17.172+0000][2048.244s][debug][safepoint     ] Safepoint synchronization initiated. (198 threads)
[2023-12-02T16:06:17.173+0000][2048.244s][info ][safepoint     ] Application time: 1.0009433 seconds
[2023-12-02T16:06:17.173+0000][2048.245s][info ][safepoint     ] Entering safepoint region: Cleanup
[2023-12-02T16:06:17.174+0000][2048.246s][info ][safepoint     ] Leaving safepoint region
[2023-12-02T16:06:17.174+0000][2048.246s][info ][safepoint     ] Total time for which application threads were stopped: 0.0013323 seconds, Stopping threads took: 0.0005143 seconds
[2023-12-02T16:06:18.175+0000][2049.247s][debug][safepoint     ] Safepoint synchronization initiated. (198 threads)
[2023-12-02T16:06:18.176+0000][2049.247s][info ][safepoint     ] Application time: 1.0007178 seconds
[2023-12-02T16:06:18.176+0000][2049.248s][info ][safepoint     ] Entering safepoint region: Cleanup
[2023-12-02T16:06:18.176+0000][2049.248s][info ][safepoint     ] Leaving safepoint region
[2023-12-02T16:06:18.177+0000][2049.248s][info ][safepoint     ] Total time for which application threads were stopped: 0.0008350 seconds, Stopping threads took: 0.0003245 seconds
[2023-12-02T16:06:19.178+0000][2050.249s][debug][safepoint     ] Safepoint synchronization initiated. (198 threads)
[2023-12-02T16:06:19.178+0000][2050.250s][info ][safepoint     ] Application time: 1.0012686 seconds
[2023-12-02T16:06:19.179+0000][2050.250s][info ][safepoint     ] Entering safepoint region: Cleanup
[2023-12-02T16:06:19.179+0000][2050.251s][info ][safepoint     ] Leaving safepoint region
[2023-12-02T16:06:19.180+0000][2050.251s][info ][safepoint     ] Total time for which application threads were stopped: 0.0011576 seconds, Stopping threads took: 0.0002866 seconds
[2023-12-02T16:06:20.180+0000][2051.252s][debug][safepoint     ] Safepoint synchronization initiated. (198 threads)
[2023-12-02T16:06:20.181+0000][2051.253s][info ][safepoint     ] Application time: 1.0009472 seconds
[2023-12-02T16:06:20.182+0000][2051.253s][info ][safepoint     ] Entering safepoint region: Cleanup
[2023-12-02T16:06:20.183+0000][2051.254s][info ][safepoint     ] Leaving safepoint region
[2023-12-02T16:06:20.183+0000][2051.255s][info ][safepoint     ] Total time for which application threads were stopped: 0.0013090 seconds, Stopping threads took: 0.0006564 seconds
[2023-12-02T16:06:21.184+0000][2052.255s][debug][safepoint     ] Safepoint synchronization initiated. (198 threads)
[2023-12-02T16:06:21.184+0000][2052.256s][info ][safepoint     ] Application time: 1.0007395 seconds
[2023-12-02T16:06:21.185+0000][2052.256s][info ][safepoint     ] Entering safepoint region: Cleanup
[2023-12-02T16:06:21.185+0000][2052.257s][info ][safepoint     ] Leaving safepoint region
[2023-12-02T16:06:21.186+0000][2052.257s][info ][safepoint     ] Total time for which application threads were stopped: 0.0009368 seconds, Stopping threads took: 0.0003729 seconds
[2023-12-02T16:06:22.186+0000][2053.258s][debug][safepoint     ] Safepoint synchronization initiated. (198 threads)
[2023-12-02T16:06:22.187+0000][2053.259s][info ][safepoint     ] Application time: 1.0009449 seconds
[2023-12-02T16:06:22.187+0000][2053.259s][info ][safepoint     ] Entering safepoint region: Cleanup
[2023-12-02T16:06:22.188+0000][2053.260s][info ][safepoint     ] Leaving safepoint region
[2023-12-02T16:06:22.189+0000][2053.260s][info ][safepoint     ] Total time for which application threads were stopped: 0.0012736 seconds, Stopping threads took: 0.0006365 seconds
[2023-12-02T16:06:23.189+0000][2054.261s][debug][safepoint     ] Safepoint synchronization initiated. (198 threads)
[2023-12-02T16:06:23.191+0000][2054.262s][info ][safepoint     ] Application time: 1.0013782 seconds
[2023-12-02T16:06:23.191+0000][2054.262s][debug][safepoint     ] ... found polling page return exception at pc = 0x00007f43fd2eaee2, stub =0x00007f43f4840600
[2023-12-02T16:06:23.191+0000][2054.263s][debug][safepoint     ] Waiting for 1 thread(s) to block
[2023-12-02T16:06:23.192+0000][2054.263s][info ][safepoint     ] Entering safepoint region: Cleanup
[2023-12-02T16:06:23.192+0000][2054.264s][info ][safepoint     ] Leaving safepoint region
[2023-12-02T16:06:23.192+0000][2054.264s][info ][safepoint     ] Total time for which application threads were stopped: 0.0013911 seconds, Stopping threads took: 0.0010140 seconds
[2023-12-02T16:06:24.193+0000][2055.264s][debug][safepoint     ] Safepoint synchronization initiated. (198 threads)
[2023-12-02T16:06:24.193+0000][2055.265s][info ][safepoint     ] Application time: 1.0008357 seconds
[2023-12-02T16:06:24.194+0000][2055.265s][info ][safepoint     ] Entering safepoint region: Cleanup
[2023-12-02T16:06:24.194+0000][2055.266s][info ][safepoint     ] Leaving safepoint region
[2023-12-02T16:06:24.195+0000][2055.266s][info ][safepoint     ] Total time for which application threads were stopped: 0.0011125 seconds, Stopping threads took: 0.0004911 seconds
[2023-12-02T16:06:25.195+0000][2056.267s][debug][safepoint     ] Safepoint synchronization initiated. (198 threads)
[2023-12-02T16:06:25.196+0000][2056.267s][info ][safepoint     ] Application time: 1.0006815 seconds
[2023-12-02T16:06:25.196+0000][2056.268s][info ][safepoint     ] Entering safepoint region: Cleanup
[2023-12-02T16:06:25.197+0000][2056.268s][info ][safepoint     ] Leaving safepoint region
[2023-12-02T16:06:25.197+0000][2056.269s][info ][safepoint     ] Total time for which application threads were stopped: 0.0008437 seconds, Stopping threads took: 0.0003613 seconds
[2023-12-02T16:06:26.197+0000][2057.269s][debug][safepoint     ] Safepoint synchronization initiated. (198 threads)
[2023-12-02T16:06:26.198+0000][2057.270s][info ][safepoint     ] Application time: 1.0010597 seconds
[2023-12-02T16:06:26.199+0000][2057.271s][info ][safepoint     ] Entering safepoint region: Cleanup
[2023-12-02T16:06:26.200+0000][2057.272s][info ][safepoint     ] Leaving safepoint region
[2023-12-02T16:06:26.201+0000][2057.272s][info ][safepoint     ] Total time for which application threads were stopped: 0.0018516 seconds, Stopping threads took: 0.0008224 seconds
[2023-12-02T16:06:27.201+0000][2058.273s][debug][safepoint     ] Safepoint synchronization initiated. (198 threads)
[2023-12-02T16:06:27.202+0000][2058.274s][info ][safepoint     ] Application time: 1.0007887 seconds
[2023-12-02T16:06:27.202+0000][2058.274s][info ][safepoint     ] Entering safepoint region: Cleanup
[2023-12-02T16:06:27.203+0000][2058.275s][info ][safepoint     ] Leaving safepoint region
[2023-12-02T16:06:27.203+0000][2058.275s][info ][safepoint     ] Total time for which application threads were stopped: 0.0011073 seconds, Stopping threads took: 0.0004472 seconds
[2023-12-02T16:06:28.204+0000][2059.276s][debug][safepoint     ] Safepoint synchronization initiated. (198 threads)
[2023-12-02T16:06:28.204+0000][2059.276s][info ][safepoint     ] Application time: 1.0005504 seconds
[2023-12-02T16:06:28.205+0000][2059.277s][info ][safepoint     ] Entering safepoint region: Cleanup
[2023-12-02T16:06:28.205+0000][2059.277s][info ][safepoint     ] Leaving safepoint region
[2023-12-02T16:06:28.206+0000][2059.277s][info ][safepoint     ] Total time for which application threads were stopped: 0.0010137 seconds, Stopping threads took: 0.0004271 seconds
[2023-12-02T16:06:29.206+0000][2060.278s][debug][safepoint     ] Safepoint synchronization initiated. (198 threads)
[2023-12-02T16:06:29.207+0000][2060.279s][info ][safepoint     ] Application time: 1.0010239 seconds
[2023-12-02T16:06:29.208+0000][2060.280s][info ][safepoint     ] Entering safepoint region: Cleanup
[2023-12-02T16:06:29.209+0000][2060.281s][info ][safepoint     ] Leaving safepoint region
[2023-12-02T16:06:29.210+0000][2060.281s][info ][safepoint     ] Total time for which application threads were stopped: 0.0016224 seconds, Stopping threads took: 0.0005669 seconds
[2023-12-02T16:06:30.210+0000][2061.282s][debug][safepoint     ] Safepoint synchronization initiated. (198 threads)
[2023-12-02T16:06:30.211+0000][2061.282s][info ][safepoint     ] Application time: 1.0004979 seconds
[2023-12-02T16:06:30.211+0000][2061.283s][info ][safepoint     ] Entering safepoint region: Cleanup
[2023-12-02T16:06:30.211+0000][2061.283s][info ][safepoint     ] Leaving safepoint region
[2023-12-02T16:06:30.212+0000][2061.283s][info ][safepoint     ] Total time for which application threads were stopped: 0.0006484 seconds, Stopping threads took: 0.0002499 seconds
[2023-12-02T16:06:31.212+0000][2062.284s][debug][safepoint     ] Safepoint synchronization initiated. (198 threads)
[2023-12-02T16:06:31.212+0000][2062.284s][info ][safepoint     ] Application time: 1.0005818 seconds
[2023-12-02T16:06:31.213+0000][2062.284s][info ][safepoint     ] Entering safepoint region: Cleanup
[2023-12-02T16:06:31.213+0000][2062.285s][info ][safepoint     ] Leaving safepoint region
[2023-12-02T16:06:31.214+0000][2062.285s][info ][safepoint     ] Total time for which application threads were stopped: 0.0009738 seconds, Stopping threads took: 0.0004758 seconds
[2023-12-02T16:06:32.214+0000][2063.286s][debug][safepoint     ] Safepoint synchronization initiated. (198 threads)
[2023-12-02T16:06:32.215+0000][2063.287s][info ][safepoint     ] Application time: 1.0012055 seconds
[2023-12-02T16:06:32.216+0000][2063.288s][info ][safepoint     ] Entering safepoint region: Cleanup
[2023-12-02T16:06:32.217+0000][2063.289s][info ][safepoint     ] Leaving safepoint region
[2023-12-02T16:06:32.218+0000][2063.290s][info ][safepoint     ] Total time for which application threads were stopped: 0.0022343 seconds, Stopping threads took: 0.0009925 seconds
[2023-12-02T16:06:33.219+0000][2064.291s][debug][safepoint     ] Safepoint synchronization initiated. (198 threads)
[2023-12-02T16:06:33.220+0000][2064.291s][info ][safepoint     ] Application time: 1.0007507 seconds
[2023-12-02T16:06:33.220+0000][2064.292s][info ][safepoint     ] Entering safepoint region: Cleanup
[2023-12-02T16:06:33.221+0000][2064.292s][info ][safepoint     ] Leaving safepoint region
[2023-12-02T16:06:33.221+0000][2064.293s][info ][safepoint     ] Total time for which application threads were stopped: 0.0007132 seconds, Stopping threads took: 0.0003104 seconds
[2023-12-02T16:06:34.221+0000][2065.293s][debug][safepoint     ] Safepoint synchronization initiated. (198 threads)
[2023-12-02T16:06:34.222+0000][2065.294s][info ][safepoint     ] Application time: 1.0010302 seconds
[2023-12-02T16:06:34.223+0000][2065.294s][info ][safepoint     ] Entering safepoint region: Cleanup
[2023-12-02T16:06:34.224+0000][2065.295s][info ][safepoint     ] Leaving safepoint region
[2023-12-02T16:06:34.224+0000][2065.296s][info ][safepoint     ] Total time for which application threads were stopped: 0.0012284 seconds, Stopping threads took: 0.0005967 seconds
[2023-12-02T16:06:35.225+0000][2066.297s][debug][safepoint     ] Safepoint synchronization initiated. (198 threads)
[2023-12-02T16:06:35.226+0000][2066.297s][info ][safepoint     ] Application time: 1.0014688 seconds
[2023-12-02T16:06:35.226+0000][2066.298s][info ][safepoint     ] Entering safepoint region: Cleanup
[2023-12-02T16:06:35.227+0000][2066.299s][info ][safepoint     ] Leaving safepoint region
[2023-12-02T16:06:35.227+0000][2066.299s][info ][safepoint     ] Total time for which application threads were stopped: 0.0011357 seconds, Stopping threads took: 0.0005240 seconds
[2023-12-02T16:06:36.228+0000][2067.300s][debug][safepoint     ] Safepoint synchronization initiated. (198 threads)
[2023-12-02T16:06:36.229+0000][2067.300s][info ][safepoint     ] Application time: 1.0007859 seconds
[2023-12-02T16:06:36.229+0000][2067.301s][info ][safepoint     ] Entering safepoint region: Cleanup
[2023-12-02T16:06:36.230+0000][2067.301s][info ][safepoint     ] Leaving safepoint region
[2023-12-02T16:06:36.230+0000][2067.302s][info ][safepoint     ] Total time for which application threads were stopped: 0.0011293 seconds, Stopping threads took: 0.0004942 seconds
[2023-12-02T16:06:37.231+0000][2068.302s][debug][safepoint     ] Safepoint synchronization initiated. (198 threads)
[2023-12-02T16:06:37.232+0000][2068.303s][info ][safepoint     ] Application time: 1.0012204 seconds
[2023-12-02T16:06:37.233+0000][2068.304s][info ][safepoint     ] Entering safepoint region: Cleanup
[2023-12-02T16:06:37.234+0000][2068.305s][info ][safepoint     ] Leaving safepoint region
[2023-12-02T16:06:37.234+0000][2068.306s][info ][safepoint     ] Total time for which application threads were stopped: 0.0019096 seconds, Stopping threads took: 0.0008673 seconds
[2023-12-02T16:06:38.235+0000][2069.307s][debug][safepoint     ] Safepoint synchronization initiated. (198 threads)
[2023-12-02T16:06:38.236+0000][2069.307s][info ][safepoint     ] Application time: 1.0005425 seconds
[2023-12-02T16:06:38.236+0000][2069.308s][info ][safepoint     ] Entering safepoint region: Cleanup
[2023-12-02T16:06:38.237+0000][2069.308s][info ][safepoint     ] Leaving safepoint region
[2023-12-02T16:06:38.237+0000][2069.309s][info ][safepoint     ] Total time for which application threads were stopped: 0.0008827 seconds, Stopping threads took: 0.0003824 seconds
[2023-12-02T16:06:39.237+0000][2070.309s][debug][safepoint     ] Safepoint synchronization initiated. (198 threads)
[2023-12-02T16:06:39.238+0000][2070.310s][info ][safepoint     ] Application time: 1.0011186 seconds
[2023-12-02T16:06:39.239+0000][2070.311s][info ][safepoint     ] Entering safepoint region: Cleanup
[2023-12-02T16:06:39.240+0000][2070.312s][info ][safepoint     ] Leaving safepoint region
[2023-12-02T16:06:39.240+0000][2070.312s][info ][safepoint     ] Total time for which application threads were stopped: 0.0015736 seconds, Stopping threads took: 0.0006671 seconds
[2023-12-02T16:06:40.241+0000][2071.313s][debug][safepoint     ] Safepoint synchronization initiated. (198 threads)
[2023-12-02T16:06:40.242+0000][2071.314s][info ][safepoint     ] Application time: 1.0009092 seconds
[2023-12-02T16:06:40.243+0000][2071.314s][info ][safepoint     ] Entering safepoint region: Cleanup
[2023-12-02T16:06:40.243+0000][2071.315s][info ][safepoint     ] Leaving safepoint region
[2023-12-02T16:06:40.244+0000][2071.315s][info ][safepoint     ] Total time for which application threads were stopped: 0.0013955 seconds, Stopping threads took: 0.0006435 seconds
[2023-12-02T16:06:41.244+0000][2072.316s][debug][safepoint     ] Safepoint synchronization initiated. (198 threads)
[2023-12-02T16:06:41.245+0000][2072.317s][info ][safepoint     ] Application time: 1.0012855 seconds
[2023-12-02T16:06:41.246+0000][2072.317s][info ][safepoint     ] Entering safepoint region: Cleanup
[2023-12-02T16:06:41.246+0000][2072.318s][info ][safepoint     ] Leaving safepoint region
[2023-12-02T16:06:41.246+0000][2072.318s][info ][safepoint     ] Total time for which application threads were stopped: 0.0007843 seconds, Stopping threads took: 0.0002859 seconds
[2023-12-02T16:06:42.247+0000][2073.319s][debug][safepoint     ] Safepoint synchronization initiated. (198 threads)
[2023-12-02T16:06:42.247+0000][2073.319s][info ][safepoint     ] Application time: 1.0009342 seconds
[2023-12-02T16:06:42.248+0000][2073.320s][info ][safepoint     ] Entering safepoint region: Cleanup
[2023-12-02T16:06:42.249+0000][2073.320s][info ][safepoint     ] Leaving safepoint region
[2023-12-02T16:06:42.249+0000][2073.321s][info ][safepoint     ] Total time for which application threads were stopped: 0.0013336 seconds, Stopping threads took: 0.0005338 seconds
[2023-12-02T16:06:43.250+0000][2074.322s][debug][safepoint     ] Safepoint synchronization initiated. (198 threads)
[2023-12-02T16:06:43.251+0000][2074.322s][info ][safepoint     ] Application time: 1.0006378 seconds
[2023-12-02T16:06:43.251+0000][2074.323s][info ][safepoint     ] Entering safepoint region: Cleanup
[2023-12-02T16:06:43.252+0000][2074.323s][info ][safepoint     ] Leaving safepoint region
[2023-12-02T16:06:43.252+0000][2074.324s][info ][safepoint     ] Total time for which application threads were stopped: 0.0010299 seconds, Stopping threads took: 0.0004398 seconds
[2023-12-02T16:06:44.253+0000][2075.324s][debug][safepoint     ] Safepoint synchronization initiated. (198 threads)
[2023-12-02T16:06:44.253+0000][2075.325s][info ][safepoint     ] Application time: 1.0008102 seconds
[2023-12-02T16:06:44.254+0000][2075.325s][info ][safepoint     ] Entering safepoint region: Cleanup
[2023-12-02T16:06:44.254+0000][2075.326s][info ][safepoint     ] Leaving safepoint region
[2023-12-02T16:06:44.255+0000][2075.326s][info ][safepoint     ] Total time for which application threads were stopped: 0.0010839 seconds, Stopping threads took: 0.0004424 seconds
[2023-12-02T16:06:45.255+0000][2076.327s][debug][safepoint     ] Safepoint synchronization initiated. (198 threads)
[2023-12-02T16:06:45.256+0000][2076.328s][info ][safepoint     ] Application time: 1.0012336 seconds
[2023-12-02T16:06:45.257+0000][2076.329s][info ][safepoint     ] Entering safepoint region: Cleanup
[2023-12-02T16:06:45.258+0000][2076.330s][info ][safepoint     ] Leaving safepoint region
[2023-12-02T16:06:45.259+0000][2076.331s][info ][safepoint     ] Total time for which application threads were stopped: 0.0018621 seconds, Stopping threads took: 0.0007544 seconds
[2023-12-02T16:06:46.260+0000][2077.331s][debug][safepoint     ] Safepoint synchronization initiated. (198 threads)
[2023-12-02T16:06:46.260+0000][2077.332s][info ][safepoint     ] Application time: 1.0008059 seconds
[2023-12-02T16:06:46.261+0000][2077.332s][info ][safepoint     ] Entering safepoint region: Cleanup
[2023-12-02T16:06:46.261+0000][2077.333s][info ][safepoint     ] Leaving safepoint region
[2023-12-02T16:06:46.262+0000][2077.333s][info ][safepoint     ] Total time for which application threads were stopped: 0.0010285 seconds, Stopping threads took: 0.0004452 seconds
[2023-12-02T16:06:47.263+0000][2078.334s][debug][safepoint     ] Safepoint synchronization initiated. (198 threads)
[2023-12-02T16:06:47.263+0000][2078.335s][info ][safepoint     ] Application time: 1.0010251 seconds
[2023-12-02T16:06:47.264+0000][2078.336s][info ][safepoint     ] Entering safepoint region: Cleanup
[2023-12-02T16:06:47.265+0000][2078.337s][info ][safepoint     ] Leaving safepoint region
[2023-12-02T16:06:47.266+0000][2078.338s][info ][safepoint     ] Total time for which application threads were stopped: 0.0019145 seconds, Stopping threads took: 0.0008028 seconds
[2023-12-02T16:06:48.267+0000][2079.338s][debug][safepoint     ] Safepoint synchronization initiated. (198 threads)
[2023-12-02T16:06:48.267+0000][2079.339s][info ][safepoint     ] Application time: 1.0007674 seconds
[2023-12-02T16:06:48.268+0000][2079.339s][info ][safepoint     ] Entering safepoint region: Cleanup
[2023-12-02T16:06:48.268+0000][2079.340s][info ][safepoint     ] Leaving safepoint region
[2023-12-02T16:06:48.269+0000][2079.340s][info ][safepoint     ] Total time for which application threads were stopped: 0.0010621 seconds, Stopping threads took: 0.0004583 seconds
[2023-12-02T16:06:49.269+0000][2080.341s][debug][safepoint     ] Safepoint synchronization initiated. (198 threads)
[2023-12-02T16:06:49.270+0000][2080.342s][info ][safepoint     ] Application time: 1.0010498 seconds
[2023-12-02T16:06:49.271+0000][2080.343s][info ][safepoint     ] Entering safepoint region: Cleanup
[2023-12-02T16:06:49.272+0000][2080.343s][info ][safepoint     ] Leaving safepoint region
[2023-12-02T16:06:49.272+0000][2080.344s][info ][safepoint     ] Total time for which application threads were stopped: 0.0011094 seconds, Stopping threads took: 0.0005753 seconds
[2023-12-02T16:06:50.273+0000][2081.345s][debug][safepoint     ] Safepoint synchronization initiated. (198 threads)
[2023-12-02T16:06:50.273+0000][2081.345s][info ][safepoint     ] Application time: 1.0009565 seconds
[2023-12-02T16:06:50.274+0000][2081.346s][info ][safepoint     ] Entering safepoint region: Cleanup
[2023-12-02T16:06:50.275+0000][2081.346s][info ][safepoint     ] Leaving safepoint region
[2023-12-02T16:06:50.275+0000][2081.347s][info ][safepoint     ] Total time for which application threads were stopped: 0.0015604 seconds, Stopping threads took: 0.0005289 seconds
[2023-12-02T16:06:51.276+0000][2082.348s][debug][safepoint     ] Safepoint synchronization initiated. (198 threads)
[2023-12-02T16:06:51.277+0000][2082.349s][info ][safepoint     ] Application time: 1.0007226 seconds
[2023-12-02T16:06:51.277+0000][2082.349s][info ][safepoint     ] Entering safepoint region: Cleanup
[2023-12-02T16:06:51.278+0000][2082.350s][info ][safepoint     ] Leaving safepoint region
[2023-12-02T16:06:51.278+0000][2082.350s][info ][safepoint     ] Total time for which application threads were stopped: 0.0009919 seconds, Stopping threads took: 0.0004041 seconds
[2023-12-02T16:06:52.279+0000][2083.350s][debug][safepoint     ] Safepoint synchronization initiated. (198 threads)
[2023-12-02T16:06:52.279+0000][2083.351s][info ][safepoint     ] Application time: 1.0003904 seconds
[2023-12-02T16:06:52.279+0000][2083.351s][info ][safepoint     ] Entering safepoint region: Cleanup
[2023-12-02T16:06:52.280+0000][2083.351s][info ][safepoint     ] Leaving safepoint region
[2023-12-02T16:06:52.280+0000][2083.351s][info ][safepoint     ] Total time for which application threads were stopped: 0.0006301 seconds, Stopping threads took: 0.0002132 seconds
[2023-12-02T16:06:53.280+0000][2084.352s][debug][safepoint     ] Safepoint synchronization initiated. (198 threads)
[2023-12-02T16:06:53.281+0000][2084.352s][info ][safepoint     ] Application time: 1.0008325 seconds
[2023-12-02T16:06:53.281+0000][2084.353s][info ][safepoint     ] Entering safepoint region: Cleanup
[2023-12-02T16:06:53.282+0000][2084.354s][info ][safepoint     ] Leaving safepoint region
[2023-12-02T16:06:53.282+0000][2084.354s][info ][safepoint     ] Total time for which application threads were stopped: 0.0010505 seconds, Stopping threads took: 0.0004972 seconds
[2023-12-02T16:06:54.283+0000][2085.355s][debug][safepoint     ] Safepoint synchronization initiated. (198 threads)
[2023-12-02T16:06:54.283+0000][2085.355s][info ][safepoint     ] Application time: 1.0006300 seconds
[2023-12-02T16:06:54.284+0000][2085.356s][info ][safepoint     ] Entering safepoint region: Cleanup
[2023-12-02T16:06:54.285+0000][2085.357s][info ][safepoint     ] Leaving safepoint region
[2023-12-02T16:06:54.286+0000][2085.357s][info ][safepoint     ] Total time for which application threads were stopped: 0.0019945 seconds, Stopping threads took: 0.0007041 seconds
[2023-12-02T16:06:55.286+0000][2086.358s][debug][safepoint     ] Safepoint synchronization initiated. (198 threads)
[2023-12-02T16:06:55.287+0000][2086.358s][info ][safepoint     ] Application time: 1.0005794 seconds
[2023-12-02T16:06:55.287+0000][2086.359s][info ][safepoint     ] Entering safepoint region: Cleanup
[2023-12-02T16:06:55.289+0000][2086.360s][info ][safepoint     ] Leaving safepoint region
[2023-12-02T16:06:55.289+0000][2086.361s][info ][safepoint     ] Total time for which application threads were stopped: 0.0019778 seconds, Stopping threads took: 0.0006782 seconds
[2023-12-02T16:06:56.290+0000][2087.361s][debug][safepoint     ] Safepoint synchronization initiated. (198 threads)
[2023-12-02T16:06:56.291+0000][2087.362s][info ][safepoint     ] Application time: 1.0013330 seconds
[2023-12-02T16:06:56.291+0000][2087.363s][info ][safepoint     ] Entering safepoint region: Cleanup
[2023-12-02T16:06:56.293+0000][2087.364s][info ][safepoint     ] Leaving safepoint region
[2023-12-02T16:06:56.293+0000][2087.365s][info ][safepoint     ] Total time for which application threads were stopped: 0.0020185 seconds, Stopping threads took: 0.0008064 seconds
[2023-12-02T16:06:57.294+0000][2088.366s][debug][safepoint     ] Safepoint synchronization initiated. (198 threads)
[2023-12-02T16:06:57.295+0000][2088.367s][info ][safepoint     ] Application time: 1.0010736 seconds
[2023-12-02T16:06:57.296+0000][2088.367s][info ][safepoint     ] Entering safepoint region: Cleanup
[2023-12-02T16:06:57.297+0000][2088.368s][info ][safepoint     ] Leaving safepoint region
[2023-12-02T16:06:57.297+0000][2088.369s][info ][safepoint     ] Total time for which application threads were stopped: 0.0014358 seconds, Stopping threads took: 0.0006043 seconds
[2023-12-02T16:06:58.298+0000][2089.370s][debug][safepoint     ] Safepoint synchronization initiated. (198 threads)
[2023-12-02T16:06:58.300+0000][2089.371s][info ][safepoint     ] Application time: 1.0018741 seconds
[2023-12-02T16:06:58.301+0000][2089.372s][info ][safepoint     ] Entering safepoint region: Cleanup
[2023-12-02T16:06:58.302+0000][2089.374s][info ][safepoint     ] Leaving safepoint region
[2023-12-02T16:06:58.303+0000][2089.374s][info ][safepoint     ] Total time for which application threads were stopped: 0.0023136 seconds, Stopping threads took: 0.0009843 seconds
[2023-12-02T16:06:59.304+0000][2090.375s][debug][safepoint     ] Safepoint synchronization initiated. (198 threads)
[2023-12-02T16:06:59.304+0000][2090.376s][info ][safepoint     ] Application time: 1.0003732 seconds
[2023-12-02T16:06:59.304+0000][2090.376s][info ][safepoint     ] Entering safepoint region: Cleanup
[2023-12-02T16:06:59.304+0000][2090.376s][info ][safepoint     ] Leaving safepoint region
[2023-12-02T16:06:59.305+0000][2090.376s][info ][safepoint     ] Total time for which application threads were stopped: 0.0006012 seconds, Stopping threads took: 0.0002152 seconds
[2023-12-02T16:07:00.305+0000][2091.377s][debug][safepoint     ] Safepoint synchronization initiated. (198 threads)
[2023-12-02T16:07:00.306+0000][2091.377s][info ][safepoint     ] Application time: 1.0008438 seconds
[2023-12-02T16:07:00.306+0000][2091.378s][info ][safepoint     ] Entering safepoint region: Cleanup
[2023-12-02T16:07:00.307+0000][2091.379s][info ][safepoint     ] Leaving safepoint region
[2023-12-02T16:07:00.308+0000][2091.380s][info ][safepoint     ] Total time for which application threads were stopped: 0.0016864 seconds, Stopping threads took: 0.0007599 seconds
[2023-12-02T16:07:01.308+0000][2092.380s][debug][safepoint     ] Safepoint synchronization initiated. (198 threads)
[2023-12-02T16:07:01.309+0000][2092.381s][info ][safepoint     ] Application time: 1.0005688 seconds
[2023-12-02T16:07:01.309+0000][2092.381s][info ][safepoint     ] Entering safepoint region: Cleanup
[2023-12-02T16:07:01.310+0000][2092.382s][info ][safepoint     ] Leaving safepoint region
[2023-12-02T16:07:01.310+0000][2092.382s][info ][safepoint     ] Total time for which application threads were stopped: 0.0010213 seconds, Stopping threads took: 0.0004429 seconds
[2023-12-02T16:07:02.311+0000][2093.383s][debug][safepoint     ] Safepoint synchronization initiated. (198 threads)
[2023-12-02T16:07:02.312+0000][2093.384s][info ][safepoint     ] Application time: 1.0014600 seconds
[2023-12-02T16:07:02.313+0000][2093.385s][info ][safepoint     ] Entering safepoint region: Cleanup
[2023-12-02T16:07:02.314+0000][2093.386s][info ][safepoint     ] Leaving safepoint region
[2023-12-02T16:07:02.315+0000][2093.387s][info ][safepoint     ] Total time for which application threads were stopped: 0.0020186 seconds, Stopping threads took: 0.0008910 seconds
[2023-12-02T16:07:03.316+0000][2094.388s][debug][safepoint     ] Safepoint synchronization initiated. (198 threads)
[2023-12-02T16:07:03.317+0000][2094.388s][info ][safepoint     ] Application time: 1.0010293 seconds
[2023-12-02T16:07:03.317+0000][2094.389s][info ][safepoint     ] Entering safepoint region: Cleanup
[2023-12-02T16:07:03.318+0000][2094.390s][info ][safepoint     ] Leaving safepoint region
[2023-12-02T16:07:03.319+0000][2094.391s][info ][safepoint     ] Total time for which application threads were stopped: 0.0016240 seconds, Stopping threads took: 0.0007855 seconds
[2023-12-02T16:07:04.320+0000][2095.391s][debug][safepoint     ] Safepoint synchronization initiated. (198 threads)
[2023-12-02T16:07:04.320+0000][2095.392s][info ][safepoint     ] Application time: 1.0007473 seconds
[2023-12-02T16:07:04.321+0000][2095.392s][info ][safepoint     ] Entering safepoint region: Cleanup
[2023-12-02T16:07:04.321+0000][2095.393s][info ][safepoint     ] Leaving safepoint region
[2023-12-02T16:07:04.322+0000][2095.393s][info ][safepoint     ] Total time for which application threads were stopped: 0.0009734 seconds, Stopping threads took: 0.0003910 seconds
[2023-12-02T16:07:05.322+0000][2096.394s][debug][safepoint     ] Safepoint synchronization initiated. (198 threads)
[2023-12-02T16:07:05.323+0000][2096.394s][info ][safepoint     ] Application time: 1.0008168 seconds
[2023-12-02T16:07:05.323+0000][2096.395s][info ][safepoint     ] Entering safepoint region: Cleanup
[2023-12-02T16:07:05.324+0000][2096.396s][info ][safepoint     ] Leaving safepoint region
[2023-12-02T16:07:05.324+0000][2096.396s][info ][safepoint     ] Total time for which application threads were stopped: 0.0011780 seconds, Stopping threads took: 0.0005017 seconds
[2023-12-02T16:07:06.325+0000][2097.397s][debug][safepoint     ] Safepoint synchronization initiated. (198 threads)
[2023-12-02T16:07:06.326+0000][2097.397s][info ][safepoint     ] Application time: 1.0006838 seconds
[2023-12-02T16:07:06.326+0000][2097.398s][info ][safepoint     ] Entering safepoint region: Cleanup
[2023-12-02T16:07:06.327+0000][2097.399s][info ][safepoint     ] Leaving safepoint region
[2023-12-02T16:07:06.327+0000][2097.399s][info ][safepoint     ] Total time for which application threads were stopped: 0.0013024 seconds, Stopping threads took: 0.0006744 seconds
[2023-12-02T16:07:07.328+0000][2098.400s][debug][safepoint     ] Safepoint synchronization initiated. (198 threads)
[2023-12-02T16:07:07.328+0000][2098.400s][info ][safepoint     ] Application time: 1.0008297 seconds
[2023-12-02T16:07:07.329+0000][2098.401s][info ][safepoint     ] Entering safepoint region: Cleanup
[2023-12-02T16:07:07.330+0000][2098.402s][info ][safepoint     ] Leaving safepoint region
[2023-12-02T16:07:07.331+0000][2098.403s][info ][safepoint     ] Total time for which application threads were stopped: 0.0020390 seconds, Stopping threads took: 0.0007453 seconds
[2023-12-02T16:07:08.332+0000][2099.404s][debug][safepoint     ] Safepoint synchronization initiated. (198 threads)
[2023-12-02T16:07:08.333+0000][2099.404s][info ][safepoint     ] Application time: 1.0009320 seconds
[2023-12-02T16:07:08.333+0000][2099.405s][info ][safepoint     ] Entering safepoint region: Cleanup
[2023-12-02T16:07:08.334+0000][2099.406s][info ][safepoint     ] Leaving safepoint region
[2023-12-02T16:07:08.335+0000][2099.406s][info ][safepoint     ] Total time for which application threads were stopped: 0.0014810 seconds, Stopping threads took: 0.0006242 seconds
[2023-12-02T16:07:09.336+0000][2100.407s][debug][safepoint     ] Safepoint synchronization initiated. (198 threads)
[2023-12-02T16:07:09.336+0000][2100.408s][info ][safepoint     ] Application time: 1.0010383 seconds
[2023-12-02T16:07:09.337+0000][2100.409s][info ][safepoint     ] Entering safepoint region: Cleanup
[2023-12-02T16:07:09.338+0000][2100.409s][info ][safepoint     ] Leaving safepoint region
[2023-12-02T16:07:09.338+0000][2100.410s][info ][safepoint     ] Total time for which application threads were stopped: 0.0011102 seconds, Stopping threads took: 0.0004822 seconds
[2023-12-02T16:07:10.338+0000][2101.410s][debug][safepoint     ] Safepoint synchronization initiated. (198 threads)
[2023-12-02T16:07:10.339+0000][2101.411s][info ][safepoint     ] Application time: 1.0006103 seconds
[2023-12-02T16:07:10.339+0000][2101.411s][info ][safepoint     ] Entering safepoint region: Cleanup
[2023-12-02T16:07:10.340+0000][2101.412s][info ][safepoint     ] Leaving safepoint region
[2023-12-02T16:07:10.340+0000][2101.412s][info ][safepoint     ] Total time for which application threads were stopped: 0.0010515 seconds, Stopping threads took: 0.0003977 seconds
[2023-12-02T16:07:11.341+0000][2102.413s][debug][safepoint     ] Safepoint synchronization initiated. (198 threads)
[2023-12-02T16:07:11.341+0000][2102.413s][info ][safepoint     ] Application time: 1.0008790 seconds
[2023-12-02T16:07:11.342+0000][2102.414s][info ][safepoint     ] Entering safepoint region: Cleanup
[2023-12-02T16:07:11.343+0000][2102.414s][info ][safepoint     ] Leaving safepoint region
[2023-12-02T16:07:11.343+0000][2102.415s][info ][safepoint     ] Total time for which application threads were stopped: 0.0010538 seconds, Stopping threads took: 0.0004800 seconds
[2023-12-02T16:07:12.343+0000][2103.415s][debug][safepoint     ] Safepoint synchronization initiated. (198 threads)
[2023-12-02T16:07:12.344+0000][2103.416s][info ][safepoint     ] Application time: 1.0005020 seconds
[2023-12-02T16:07:12.344+0000][2103.416s][info ][safepoint     ] Entering safepoint region: Cleanup
[2023-12-02T16:07:12.345+0000][2103.416s][info ][safepoint     ] Leaving safepoint region
[2023-12-02T16:07:12.345+0000][2103.417s][info ][safepoint     ] Total time for which application threads were stopped: 0.0008455 seconds, Stopping threads took: 0.0002711 seconds
[2023-12-02T16:07:13.345+0000][2104.417s][debug][safepoint     ] Safepoint synchronization initiated. (198 threads)
[2023-12-02T16:07:13.346+0000][2104.417s][info ][safepoint     ] Application time: 1.0003490 seconds
[2023-12-02T16:07:13.346+0000][2104.417s][info ][safepoint     ] Entering safepoint region: Cleanup
[2023-12-02T16:07:13.346+0000][2104.418s][info ][safepoint     ] Leaving safepoint region
[2023-12-02T16:07:13.346+0000][2104.418s][info ][safepoint     ] Total time for which application threads were stopped: 0.0004988 seconds, Stopping threads took: 0.0001704 seconds
[2023-12-02T16:07:14.346+0000][2105.418s][debug][safepoint     ] Safepoint synchronization initiated. (198 threads)
[2023-12-02T16:07:14.347+0000][2105.418s][info ][safepoint     ] Application time: 1.0004882 seconds
[2023-12-02T16:07:14.347+0000][2105.419s][info ][safepoint     ] Entering safepoint region: Cleanup
[2023-12-02T16:07:14.347+0000][2105.419s][info ][safepoint     ] Leaving safepoint region
[2023-12-02T16:07:14.348+0000][2105.419s][info ][safepoint     ] Total time for which application threads were stopped: 0.0007165 seconds, Stopping threads took: 0.0002678 seconds
[2023-12-02T16:07:15.348+0000][2106.420s][debug][safepoint     ] Safepoint synchronization initiated. (198 threads)
[2023-12-02T16:07:15.350+0000][2106.421s][info ][safepoint     ] Application time: 1.0017130 seconds
[2023-12-02T16:07:15.350+0000][2106.422s][info ][safepoint     ] Entering safepoint region: Cleanup
[2023-12-02T16:07:15.351+0000][2106.423s][info ][safepoint     ] Leaving safepoint region
[2023-12-02T16:07:15.352+0000][2106.423s][info ][safepoint     ] Total time for which application threads were stopped: 0.0012569 seconds, Stopping threads took: 0.0004154 seconds
[2023-12-02T16:07:16.352+0000][2107.424s][debug][safepoint     ] Safepoint synchronization initiated. (198 threads)
[2023-12-02T16:07:16.353+0000][2107.424s][info ][safepoint     ] Application time: 1.0007150 seconds
[2023-12-02T16:07:16.353+0000][2107.425s][info ][safepoint     ] Entering safepoint region: Cleanup
[2023-12-02T16:07:16.354+0000][2107.425s][info ][safepoint     ] Leaving safepoint region
[2023-12-02T16:07:16.354+0000][2107.426s][info ][safepoint     ] Total time for which application threads were stopped: 0.0009391 seconds, Stopping threads took: 0.0004038 seconds
[2023-12-02T16:07:17.354+0000][2108.426s][debug][safepoint     ] Safepoint synchronization initiated. (198 threads)
[2023-12-02T16:07:17.355+0000][2108.427s][info ][safepoint     ] Application time: 1.0006449 seconds
[2023-12-02T16:07:17.355+0000][2108.427s][info ][safepoint     ] Entering safepoint region: Cleanup
[2023-12-02T16:07:17.356+0000][2108.427s][info ][safepoint     ] Leaving safepoint region
[2023-12-02T16:07:17.356+0000][2108.428s][info ][safepoint     ] Total time for which application threads were stopped: 0.0007469 seconds, Stopping threads took: 0.0003169 seconds
[2023-12-02T16:07:18.357+0000][2109.428s][debug][safepoint     ] Safepoint synchronization initiated. (198 threads)
[2023-12-02T16:07:18.358+0000][2109.429s][info ][safepoint     ] Application time: 1.0014636 seconds
[2023-12-02T16:07:18.358+0000][2109.430s][info ][safepoint     ] Entering safepoint region: Cleanup
[2023-12-02T16:07:18.359+0000][2109.430s][info ][safepoint     ] Leaving safepoint region
[2023-12-02T16:07:18.359+0000][2109.431s][info ][safepoint     ] Total time for which application threads were stopped: 0.0010721 seconds, Stopping threads took: 0.0003919 seconds
[2023-12-02T16:07:19.360+0000][2110.432s][debug][safepoint     ] Safepoint synchronization initiated. (198 threads)
[2023-12-02T16:07:19.360+0000][2110.432s][info ][safepoint     ] Application time: 1.0007527 seconds
[2023-12-02T16:07:19.361+0000][2110.432s][info ][safepoint     ] Entering safepoint region: Cleanup
[2023-12-02T16:07:19.362+0000][2110.433s][info ][safepoint     ] Leaving safepoint region
[2023-12-02T16:07:19.362+0000][2110.434s][info ][safepoint     ] Total time for which application threads were stopped: 0.0014745 seconds, Stopping threads took: 0.0004939 seconds
[2023-12-02T16:07:20.363+0000][2111.435s][debug][safepoint     ] Safepoint synchronization initiated. (198 threads)
[2023-12-02T16:07:20.364+0000][2111.436s][info ][safepoint     ] Application time: 1.0008563 seconds
[2023-12-02T16:07:20.365+0000][2111.436s][info ][safepoint     ] Entering safepoint region: Cleanup
[2023-12-02T16:07:20.365+0000][2111.437s][info ][safepoint     ] Leaving safepoint region
[2023-12-02T16:07:20.366+0000][2111.437s][info ][safepoint     ] Total time for which application threads were stopped: 0.0011979 seconds, Stopping threads took: 0.0005650 seconds
[2023-12-02T16:07:21.367+0000][2112.438s][debug][safepoint     ] Safepoint synchronization initiated. (198 threads)
[2023-12-02T16:07:21.367+0000][2112.439s][info ][safepoint     ] Application time: 1.0012585 seconds
[2023-12-02T16:07:21.368+0000][2112.440s][info ][safepoint     ] Entering safepoint region: Cleanup
[2023-12-02T16:07:21.369+0000][2112.441s][info ][safepoint     ] Leaving safepoint region
[2023-12-02T16:07:21.370+0000][2112.442s][info ][safepoint     ] Total time for which application threads were stopped: 0.0017644 seconds, Stopping threads took: 0.0006442 seconds
[2023-12-02T16:07:22.371+0000][2113.443s][debug][safepoint     ] Safepoint synchronization initiated. (198 threads)
[2023-12-02T16:07:22.372+0000][2113.444s][info ][safepoint     ] Application time: 1.0013641 seconds
[2023-12-02T16:07:22.373+0000][2113.445s][info ][safepoint     ] Entering safepoint region: Cleanup
[2023-12-02T16:07:22.374+0000][2113.446s][info ][safepoint     ] Leaving safepoint region
[2023-12-02T16:07:22.375+0000][2113.447s][info ][safepoint     ] Total time for which application threads were stopped: 0.0021673 seconds, Stopping threads took: 0.0009207 seconds
[2023-12-02T16:07:23.376+0000][2114.448s][debug][safepoint     ] Safepoint synchronization initiated. (198 threads)
[2023-12-02T16:07:23.377+0000][2114.449s][info ][safepoint     ] Application time: 1.0013571 seconds
[2023-12-02T16:07:23.378+0000][2114.450s][info ][safepoint     ] Entering safepoint region: Cleanup
[2023-12-02T16:07:23.379+0000][2114.451s][info ][safepoint     ] Leaving safepoint region
[2023-12-02T16:07:23.380+0000][2114.452s][info ][safepoint     ] Total time for which application threads were stopped: 0.0021731 seconds, Stopping threads took: 0.0008197 seconds
[2023-12-02T16:07:24.381+0000][2115.453s][debug][safepoint     ] Safepoint synchronization initiated. (198 threads)
[2023-12-02T16:07:24.382+0000][2115.454s][info ][safepoint     ] Application time: 1.0011972 seconds
[2023-12-02T16:07:24.383+0000][2115.454s][info ][safepoint     ] Entering safepoint region: Cleanup
[2023-12-02T16:07:24.384+0000][2115.455s][info ][safepoint     ] Leaving safepoint region
[2023-12-02T16:07:24.385+0000][2115.456s][info ][safepoint     ] Total time for which application threads were stopped: 0.0019233 seconds, Stopping threads took: 0.0006964 seconds
[2023-12-02T16:07:25.386+0000][2116.457s][debug][safepoint     ] Safepoint synchronization initiated. (198 threads)
[2023-12-02T16:07:25.386+0000][2116.458s][info ][safepoint     ] Application time: 1.0009267 seconds
[2023-12-02T16:07:25.387+0000][2116.458s][info ][safepoint     ] Entering safepoint region: Cleanup
[2023-12-02T16:07:25.388+0000][2116.459s][info ][safepoint     ] Leaving safepoint region
[2023-12-02T16:07:25.388+0000][2116.459s][info ][safepoint     ] Total time for which application threads were stopped: 0.0011349 seconds, Stopping threads took: 0.0005548 seconds
[2023-12-02T16:07:26.388+0000][2117.460s][debug][safepoint     ] Safepoint synchronization initiated. (198 threads)
[2023-12-02T16:07:26.389+0000][2117.460s][info ][safepoint     ] Application time: 1.0006306 seconds
[2023-12-02T16:07:26.389+0000][2117.461s][info ][safepoint     ] Entering safepoint region: Cleanup
[2023-12-02T16:07:26.390+0000][2117.461s][info ][safepoint     ] Leaving safepoint region
[2023-12-02T16:07:26.390+0000][2117.462s][info ][safepoint     ] Total time for which application threads were stopped: 0.0008253 seconds, Stopping threads took: 0.0003021 seconds
[2023-12-02T16:07:27.390+0000][2118.462s][debug][safepoint     ] Safepoint synchronization initiated. (198 threads)
[2023-12-02T16:07:27.391+0000][2118.463s][info ][safepoint     ] Application time: 1.0008252 seconds
[2023-12-02T16:07:27.392+0000][2118.463s][info ][safepoint     ] Entering safepoint region: Cleanup
[2023-12-02T16:07:27.393+0000][2118.464s][info ][safepoint     ] Leaving safepoint region
[2023-12-02T16:07:27.393+0000][2118.464s][info ][safepoint     ] Total time for which application threads were stopped: 0.0013987 seconds, Stopping threads took: 0.0005606 seconds
[2023-12-02T16:07:28.393+0000][2119.465s][debug][safepoint     ] Safepoint synchronization initiated. (198 threads)
[2023-12-02T16:07:28.394+0000][2119.465s][info ][safepoint     ] Application time: 1.0005366 seconds
[2023-12-02T16:07:28.394+0000][2119.466s][info ][safepoint     ] Entering safepoint region: Cleanup
[2023-12-02T16:07:28.395+0000][2119.467s][info ][safepoint     ] Leaving safepoint region
[2023-12-02T16:07:28.396+0000][2119.467s][info ][safepoint     ] Total time for which application threads were stopped: 0.0014027 seconds, Stopping threads took: 0.0004700 seconds
[2023-12-02T16:07:29.397+0000][2120.468s][debug][safepoint     ] Safepoint synchronization initiated. (198 threads)
[2023-12-02T16:07:29.398+0000][2120.469s][info ][safepoint     ] Application time: 1.0015871 seconds
[2023-12-02T16:07:29.398+0000][2120.470s][info ][safepoint     ] Entering safepoint region: Cleanup
[2023-12-02T16:07:29.399+0000][2120.470s][info ][safepoint     ] Leaving safepoint region
[2023-12-02T16:07:29.399+0000][2120.471s][info ][safepoint     ] Total time for which application threads were stopped: 0.0011415 seconds, Stopping threads took: 0.0003651 seconds
[2023-12-02T16:07:30.400+0000][2121.471s][debug][safepoint     ] Safepoint synchronization initiated. (198 threads)
[2023-12-02T16:07:30.400+0000][2121.472s][info ][safepoint     ] Application time: 1.0008333 seconds
[2023-12-02T16:07:30.401+0000][2121.473s][info ][safepoint     ] Entering safepoint region: Cleanup
[2023-12-02T16:07:30.402+0000][2121.473s][info ][safepoint     ] Leaving safepoint region
[2023-12-02T16:07:30.402+0000][2121.474s][info ][safepoint     ] Total time for which application threads were stopped: 0.0011833 seconds, Stopping threads took: 0.0005179 seconds
[2023-12-02T16:07:31.403+0000][2122.474s][debug][safepoint     ] Safepoint synchronization initiated. (198 threads)
[2023-12-02T16:07:31.403+0000][2122.475s][info ][safepoint     ] Application time: 1.0008794 seconds
[2023-12-02T16:07:31.404+0000][2122.476s][info ][safepoint     ] Entering safepoint region: Cleanup
[2023-12-02T16:07:31.405+0000][2122.476s][info ][safepoint     ] Leaving safepoint region
[2023-12-02T16:07:31.405+0000][2122.477s][info ][safepoint     ] Total time for which application threads were stopped: 0.0011330 seconds, Stopping threads took: 0.0004927 seconds
[2023-12-02T16:07:32.406+0000][2123.477s][debug][safepoint     ] Safepoint synchronization initiated. (198 threads)
[2023-12-02T16:07:32.406+0000][2123.478s][info ][safepoint     ] Application time: 1.0006419 seconds
[2023-12-02T16:07:32.406+0000][2123.478s][info ][safepoint     ] Entering safepoint region: Cleanup
[2023-12-02T16:07:32.407+0000][2123.479s][info ][safepoint     ] Leaving safepoint region
[2023-12-02T16:07:32.407+0000][2123.479s][info ][safepoint     ] Total time for which application threads were stopped: 0.0009805 seconds, Stopping threads took: 0.0004250 seconds
[2023-12-02T16:07:33.408+0000][2124.479s][debug][safepoint     ] Safepoint synchronization initiated. (198 threads)
[2023-12-02T16:07:33.409+0000][2124.480s][info ][safepoint     ] Application time: 1.0009827 seconds
[2023-12-02T16:07:33.409+0000][2124.481s][info ][safepoint     ] Entering safepoint region: Cleanup
[2023-12-02T16:07:33.410+0000][2124.482s][info ][safepoint     ] Leaving safepoint region
[2023-12-02T16:07:33.411+0000][2124.482s][info ][safepoint     ] Total time for which application threads were stopped: 0.0014561 seconds, Stopping threads took: 0.0006101 seconds
[2023-12-02T16:07:34.411+0000][2125.483s][debug][safepoint     ] Safepoint synchronization initiated. (198 threads)
[2023-12-02T16:07:34.412+0000][2125.484s][info ][safepoint     ] Application time: 1.0011225 seconds
[2023-12-02T16:07:34.413+0000][2125.485s][info ][safepoint     ] Entering safepoint region: Cleanup
[2023-12-02T16:07:34.414+0000][2125.486s][info ][safepoint     ] Leaving safepoint region
[2023-12-02T16:07:34.415+0000][2125.487s][info ][safepoint     ] Total time for which application threads were stopped: 0.0018888 seconds, Stopping threads took: 0.0008016 seconds
[2023-12-02T16:07:35.416+0000][2126.487s][debug][safepoint     ] Safepoint synchronization initiated. (198 threads)
[2023-12-02T16:07:35.416+0000][2126.488s][info ][safepoint     ] Application time: 1.0005502 seconds
[2023-12-02T16:07:35.416+0000][2126.488s][info ][safepoint     ] Entering safepoint region: Cleanup
[2023-12-02T16:07:35.417+0000][2126.488s][info ][safepoint     ] Leaving safepoint region
[2023-12-02T16:07:35.417+0000][2126.489s][info ][safepoint     ] Total time for which application threads were stopped: 0.0006322 seconds, Stopping threads took: 0.0002125 seconds
[2023-12-02T16:07:36.417+0000][2127.489s][debug][safepoint     ] Safepoint synchronization initiated. (198 threads)
[2023-12-02T16:07:36.418+0000][2127.490s][info ][safepoint     ] Application time: 1.0007364 seconds
[2023-12-02T16:07:36.419+0000][2127.490s][info ][safepoint     ] Entering safepoint region: Cleanup
[2023-12-02T16:07:36.419+0000][2127.491s][info ][safepoint     ] Leaving safepoint region
[2023-12-02T16:07:36.420+0000][2127.491s][info ][safepoint     ] Total time for which application threads were stopped: 0.0009014 seconds, Stopping threads took: 0.0003739 seconds
[2023-12-02T16:07:37.420+0000][2128.492s][debug][safepoint     ] Safepoint synchronization initiated. (198 threads)
[2023-12-02T16:07:37.421+0000][2128.492s][info ][safepoint     ] Application time: 1.0005683 seconds
[2023-12-02T16:07:37.421+0000][2128.492s][info ][safepoint     ] Entering safepoint region: Cleanup
[2023-12-02T16:07:37.421+0000][2128.493s][info ][safepoint     ] Leaving safepoint region
[2023-12-02T16:07:37.422+0000][2128.493s][info ][safepoint     ] Total time for which application threads were stopped: 0.0009690 seconds, Stopping threads took: 0.0003993 seconds
[2023-12-02T16:07:38.422+0000][2129.494s][debug][safepoint     ] Safepoint synchronization initiated. (198 threads)
[2023-12-02T16:07:38.423+0000][2129.494s][info ][safepoint     ] Application time: 1.0006696 seconds
[2023-12-02T16:07:38.423+0000][2129.495s][info ][safepoint     ] Entering safepoint region: Cleanup
[2023-12-02T16:07:38.424+0000][2129.495s][info ][safepoint     ] Leaving safepoint region
[2023-12-02T16:07:38.424+0000][2129.496s][info ][safepoint     ] Total time for which application threads were stopped: 0.0010051 seconds, Stopping threads took: 0.0004378 seconds
[2023-12-02T16:07:39.425+0000][2130.496s][debug][safepoint     ] Safepoint synchronization initiated. (198 threads)
[2023-12-02T16:07:39.425+0000][2130.497s][info ][safepoint     ] Application time: 1.0007980 seconds
[2023-12-02T16:07:39.426+0000][2130.497s][info ][safepoint     ] Entering safepoint region: Cleanup
[2023-12-02T16:07:39.427+0000][2130.498s][info ][safepoint     ] Leaving safepoint region
[2023-12-02T16:07:39.427+0000][2130.499s][info ][safepoint     ] Total time for which application threads were stopped: 0.0011638 seconds, Stopping threads took: 0.0004422 seconds
[2023-12-02T16:07:40.427+0000][2131.499s][debug][safepoint     ] Safepoint synchronization initiated. (198 threads)
[2023-12-02T16:07:40.428+0000][2131.499s][info ][safepoint     ] Application time: 1.0006459 seconds
[2023-12-02T16:07:40.428+0000][2131.500s][info ][safepoint     ] Entering safepoint region: Cleanup
[2023-12-02T16:07:40.429+0000][2131.500s][info ][safepoint     ] Leaving safepoint region
[2023-12-02T16:07:40.429+0000][2131.501s][info ][safepoint     ] Total time for which application threads were stopped: 0.0009803 seconds, Stopping threads took: 0.0003497 seconds
[2023-12-02T16:07:41.430+0000][2132.502s][debug][safepoint     ] Safepoint synchronization initiated. (198 threads)
[2023-12-02T16:07:41.432+0000][2132.503s][info ][safepoint     ] Application time: 1.0020813 seconds
[2023-12-02T16:07:41.432+0000][2132.504s][info ][safepoint     ] Entering safepoint region: Cleanup
[2023-12-02T16:07:41.433+0000][2132.505s][info ][safepoint     ] Leaving safepoint region
[2023-12-02T16:07:41.434+0000][2132.506s][info ][safepoint     ] Total time for which application threads were stopped: 0.0015635 seconds, Stopping threads took: 0.0004718 seconds
[2023-12-02T16:07:42.435+0000][2133.507s][debug][safepoint     ] Safepoint synchronization initiated. (198 threads)
[2023-12-02T16:07:42.436+0000][2133.507s][info ][safepoint     ] Application time: 1.0008557 seconds
[2023-12-02T16:07:42.436+0000][2133.508s][info ][safepoint     ] Entering safepoint region: Cleanup
[2023-12-02T16:07:42.437+0000][2133.509s][info ][safepoint     ] Leaving safepoint region
[2023-12-02T16:07:42.437+0000][2133.509s][info ][safepoint     ] Total time for which application threads were stopped: 0.0010915 seconds, Stopping threads took: 0.0004749 seconds
[2023-12-02T16:07:43.438+0000][2134.509s][debug][safepoint     ] Safepoint synchronization initiated. (198 threads)
[2023-12-02T16:07:43.438+0000][2134.510s][info ][safepoint     ] Application time: 1.0006182 seconds
[2023-12-02T16:07:43.438+0000][2134.510s][info ][safepoint     ] Entering safepoint region: Cleanup
[2023-12-02T16:07:43.439+0000][2134.511s][info ][safepoint     ] Leaving safepoint region
[2023-12-02T16:07:43.439+0000][2134.511s][info ][safepoint     ] Total time for which application threads were stopped: 0.0009227 seconds, Stopping threads took: 0.0003545 seconds
[2023-12-02T16:07:44.440+0000][2135.511s][debug][safepoint     ] Safepoint synchronization initiated. (198 threads)
[2023-12-02T16:07:44.440+0000][2135.512s][info ][safepoint     ] Application time: 1.0006879 seconds
[2023-12-02T16:07:44.441+0000][2135.512s][info ][safepoint     ] Entering safepoint region: Cleanup
[2023-12-02T16:07:44.441+0000][2135.513s][info ][safepoint     ] Leaving safepoint region
[2023-12-02T16:07:44.442+0000][2135.513s][info ][safepoint     ] Total time for which application threads were stopped: 0.0009576 seconds, Stopping threads took: 0.0003905 seconds
[2023-12-02T16:07:45.442+0000][2136.514s][debug][safepoint     ] Safepoint synchronization initiated. (198 threads)
[2023-12-02T16:07:45.443+0000][2136.515s][info ][safepoint     ] Application time: 1.0009431 seconds
[2023-12-02T16:07:45.443+0000][2136.515s][info ][safepoint     ] Entering safepoint region: Cleanup
[2023-12-02T16:07:45.444+0000][2136.516s][info ][safepoint     ] Leaving safepoint region
[2023-12-02T16:07:45.445+0000][2136.516s][info ][safepoint     ] Total time for which application threads were stopped: 0.0014280 seconds, Stopping threads took: 0.0005530 seconds
[2023-12-02T16:07:46.445+0000][2137.517s][debug][safepoint     ] Safepoint synchronization initiated. (198 threads)
[2023-12-02T16:07:46.446+0000][2137.518s][info ][safepoint     ] Application time: 1.0006515 seconds
[2023-12-02T16:07:46.446+0000][2137.518s][info ][safepoint     ] Entering safepoint region: Cleanup
[2023-12-02T16:07:46.447+0000][2137.519s][info ][safepoint     ] Leaving safepoint region
[2023-12-02T16:07:46.447+0000][2137.519s][info ][safepoint     ] Total time for which application threads were stopped: 0.0008619 seconds, Stopping threads took: 0.0003879 seconds
[2023-12-02T16:07:47.448+0000][2138.519s][debug][safepoint     ] Safepoint synchronization initiated. (198 threads)
[2023-12-02T16:07:47.448+0000][2138.520s][info ][safepoint     ] Application time: 1.0007782 seconds
[2023-12-02T16:07:47.449+0000][2138.520s][info ][safepoint     ] Entering safepoint region: Cleanup
[2023-12-02T16:07:47.450+0000][2138.521s][info ][safepoint     ] Leaving safepoint region
[2023-12-02T16:07:47.450+0000][2138.522s][info ][safepoint     ] Total time for which application threads were stopped: 0.0012253 seconds, Stopping threads took: 0.0006091 seconds
[2023-12-02T16:07:48.451+0000][2139.522s][debug][safepoint     ] Safepoint synchronization initiated. (198 threads)
[2023-12-02T16:07:48.451+0000][2139.523s][info ][safepoint     ] Application time: 1.0006569 seconds
[2023-12-02T16:07:48.451+0000][2139.523s][info ][safepoint     ] Entering safepoint region: Cleanup
[2023-12-02T16:07:48.452+0000][2139.524s][info ][safepoint     ] Leaving safepoint region
[2023-12-02T16:07:48.452+0000][2139.524s][info ][safepoint     ] Total time for which application threads were stopped: 0.0010402 seconds, Stopping threads took: 0.0005195 seconds
[2023-12-02T16:07:49.453+0000][2140.525s][debug][safepoint     ] Safepoint synchronization initiated. (198 threads)
[2023-12-02T16:07:49.453+0000][2140.525s][info ][safepoint     ] Application time: 1.0003494 seconds
[2023-12-02T16:07:49.453+0000][2140.525s][info ][safepoint     ] Entering safepoint region: Cleanup
[2023-12-02T16:07:49.454+0000][2140.525s][info ][safepoint     ] Leaving safepoint region
[2023-12-02T16:07:49.454+0000][2140.525s][info ][safepoint     ] Total time for which application threads were stopped: 0.0005273 seconds, Stopping threads took: 0.0001916 seconds
[2023-12-02T16:07:50.454+0000][2141.526s][debug][safepoint     ] Safepoint synchronization initiated. (198 threads)
[2023-12-02T16:07:50.455+0000][2141.527s][info ][safepoint     ] Application time: 1.0010647 seconds
[2023-12-02T16:07:50.456+0000][2141.527s][info ][safepoint     ] Entering safepoint region: Cleanup
[2023-12-02T16:07:50.456+0000][2141.528s][info ][safepoint     ] Leaving safepoint region
[2023-12-02T16:07:50.456+0000][2141.528s][info ][safepoint     ] Total time for which application threads were stopped: 0.0008651 seconds, Stopping threads took: 0.0003403 seconds
[2023-12-02T16:07:51.457+0000][2142.528s][debug][safepoint     ] Safepoint synchronization initiated. (198 threads)
[2023-12-02T16:07:51.457+0000][2142.529s][info ][safepoint     ] Application time: 1.0008875 seconds
[2023-12-02T16:07:51.458+0000][2142.530s][info ][safepoint     ] Entering safepoint region: Cleanup
[2023-12-02T16:07:51.459+0000][2142.530s][info ][safepoint     ] Leaving safepoint region
[2023-12-02T16:07:51.459+0000][2142.531s][info ][safepoint     ] Total time for which application threads were stopped: 0.0012830 seconds, Stopping threads took: 0.0005542 seconds
[2023-12-02T16:07:52.460+0000][2143.532s][debug][safepoint     ] Safepoint synchronization initiated. (198 threads)
[2023-12-02T16:07:52.461+0000][2143.532s][info ][safepoint     ] Application time: 1.0009960 seconds
[2023-12-02T16:07:52.461+0000][2143.533s][info ][safepoint     ] Entering safepoint region: Cleanup
[2023-12-02T16:07:52.463+0000][2143.534s][info ][safepoint     ] Leaving safepoint region
[2023-12-02T16:07:52.463+0000][2143.535s][info ][safepoint     ] Total time for which application threads were stopped: 0.0016476 seconds, Stopping threads took: 0.0006962 seconds
[2023-12-02T16:07:53.464+0000][2144.535s][debug][safepoint     ] Safepoint synchronization initiated. (198 threads)
[2023-12-02T16:07:53.464+0000][2144.536s][info ][safepoint     ] Application time: 1.0003465 seconds
[2023-12-02T16:07:53.464+0000][2144.536s][info ][safepoint     ] Entering safepoint region: Cleanup
[2023-12-02T16:07:53.465+0000][2144.536s][info ][safepoint     ] Leaving safepoint region
[2023-12-02T16:07:53.465+0000][2144.536s][info ][safepoint     ] Total time for which application threads were stopped: 0.0005498 seconds, Stopping threads took: 0.0001846 seconds
[2023-12-02T16:07:54.465+0000][2145.537s][debug][safepoint     ] Safepoint synchronization initiated. (198 threads)
[2023-12-02T16:07:54.466+0000][2145.538s][info ][safepoint     ] Application time: 1.0012247 seconds
[2023-12-02T16:07:54.467+0000][2145.538s][info ][safepoint     ] Entering safepoint region: Cleanup
[2023-12-02T16:07:54.468+0000][2145.540s][info ][safepoint     ] Leaving safepoint region
[2023-12-02T16:07:54.469+0000][2145.541s][info ][safepoint     ] Total time for which application threads were stopped: 0.0021970 seconds, Stopping threads took: 0.0009335 seconds
[2023-12-02T16:07:55.470+0000][2146.542s][debug][safepoint     ] Safepoint synchronization initiated. (198 threads)
[2023-12-02T16:07:55.471+0000][2146.542s][info ][safepoint     ] Application time: 1.0012057 seconds
[2023-12-02T16:07:55.472+0000][2146.543s][info ][safepoint     ] Entering safepoint region: Cleanup
[2023-12-02T16:07:55.473+0000][2146.544s][info ][safepoint     ] Leaving safepoint region
[2023-12-02T16:07:55.473+0000][2146.545s][info ][safepoint     ] Total time for which application threads were stopped: 0.0015847 seconds, Stopping threads took: 0.0008145 seconds
[2023-12-02T16:07:55.473+0000][2146.544s][debug][safepoint     ] ... found polling page return exception at pc = 0x00007f43fc9de0c4, stub =0x00007f43f4840600
[2023-12-02T16:07:55.473+0000][2146.544s][debug][safepoint     ] ... found polling page return exception at pc = 0x00007f43fc9de0c4, stub =0x00007f43f4840600
[2023-12-02T16:07:55.473+0000][2146.544s][debug][safepoint     ] ... found polling page return exception at pc = 0x00007f43fc9de0c4, stub =0x00007f43f4840600
[2023-12-02T16:07:55.473+0000][2146.544s][debug][safepoint     ] ... found polling page return exception at pc = 0x00007f43fc9de0c4, stub =0x00007f43f4840600
[2023-12-02T16:07:55.473+0000][2146.544s][debug][safepoint     ] ... found polling page return exception at pc = 0x00007f43fc9de0c4, stub =0x00007f43f4840600
[2023-12-02T16:07:55.473+0000][2146.544s][debug][safepoint     ] ... found polling page return exception at pc = 0x00007f43fc9de0c4, stub =0x00007f43f4840600
[2023-12-02T16:07:56.474+0000][2147.545s][debug][safepoint     ] Safepoint synchronization initiated. (198 threads)
[2023-12-02T16:07:56.474+0000][2147.546s][info ][safepoint     ] Application time: 1.0008001 seconds
[2023-12-02T16:07:56.475+0000][2147.547s][info ][safepoint     ] Entering safepoint region: Cleanup
[2023-12-02T16:07:56.476+0000][2147.547s][info ][safepoint     ] Leaving safepoint region
[2023-12-02T16:07:56.476+0000][2147.547s][info ][safepoint     ] Total time for which application threads were stopped: 0.0010533 seconds, Stopping threads took: 0.0004383 seconds
[2023-12-02T16:07:57.477+0000][2148.548s][debug][safepoint     ] Safepoint synchronization initiated. (198 threads)
[2023-12-02T16:07:57.477+0000][2148.549s][info ][safepoint     ] Application time: 1.0009818 seconds
[2023-12-02T16:07:57.478+0000][2148.550s][info ][safepoint     ] Entering safepoint region: Cleanup
[2023-12-02T16:07:57.479+0000][2148.551s][info ][safepoint     ] Leaving safepoint region
[2023-12-02T16:07:57.480+0000][2148.551s][info ][safepoint     ] Total time for which application threads were stopped: 0.0016052 seconds, Stopping threads took: 0.0005859 seconds
[2023-12-02T16:07:58.481+0000][2149.552s][debug][safepoint     ] Safepoint synchronization initiated. (198 threads)
[2023-12-02T16:07:58.481+0000][2149.553s][info ][safepoint     ] Application time: 1.0010397 seconds
[2023-12-02T16:07:58.482+0000][2149.554s][info ][safepoint     ] Entering safepoint region: Cleanup
[2023-12-02T16:07:58.483+0000][2149.554s][info ][safepoint     ] Leaving safepoint region
[2023-12-02T16:07:58.483+0000][2149.555s][info ][safepoint     ] Total time for which application threads were stopped: 0.0012700 seconds, Stopping threads took: 0.0005423 seconds
[2023-12-02T16:07:59.484+0000][2150.556s][debug][safepoint     ] Safepoint synchronization initiated. (198 threads)
[2023-12-02T16:07:59.484+0000][2150.556s][info ][safepoint     ] Application time: 1.0006511 seconds
[2023-12-02T16:07:59.485+0000][2150.556s][info ][safepoint     ] Entering safepoint region: Cleanup
[2023-12-02T16:07:59.485+0000][2150.557s][info ][safepoint     ] Leaving safepoint region
[2023-12-02T16:07:59.486+0000][2150.557s][info ][safepoint     ] Total time for which application threads were stopped: 0.0010018 seconds, Stopping threads took: 0.0004018 seconds
[2023-12-02T16:08:00.486+0000][2151.558s][debug][safepoint     ] Safepoint synchronization initiated. (198 threads)
[2023-12-02T16:08:00.486+0000][2151.558s][info ][safepoint     ] Application time: 1.0003632 seconds
[2023-12-02T16:08:00.487+0000][2151.558s][info ][safepoint     ] Entering safepoint region: Cleanup
[2023-12-02T16:08:00.487+0000][2151.559s][info ][safepoint     ] Leaving safepoint region
[2023-12-02T16:08:00.487+0000][2151.559s][info ][safepoint     ] Total time for which application threads were stopped: 0.0005508 seconds, Stopping threads took: 0.0002036 seconds
[2023-12-02T16:08:01.488+0000][2152.559s][debug][safepoint     ] Safepoint synchronization initiated. (198 threads)
[2023-12-02T16:08:01.488+0000][2152.560s][info ][safepoint     ] Application time: 1.0006126 seconds
[2023-12-02T16:08:01.488+0000][2152.560s][info ][safepoint     ] Entering safepoint region: Cleanup
[2023-12-02T16:08:01.489+0000][2152.560s][info ][safepoint     ] Leaving safepoint region
[2023-12-02T16:08:01.489+0000][2152.561s][info ][safepoint     ] Total time for which application threads were stopped: 0.0009302 seconds, Stopping threads took: 0.0003043 seconds
[2023-12-02T16:08:02.490+0000][2153.561s][debug][safepoint     ] Safepoint synchronization initiated. (198 threads)
[2023-12-02T16:08:02.490+0000][2153.562s][info ][safepoint     ] Application time: 1.0007282 seconds
[2023-12-02T16:08:02.491+0000][2153.562s][info ][safepoint     ] Entering safepoint region: Cleanup
[2023-12-02T16:08:02.491+0000][2153.563s][info ][safepoint     ] Leaving safepoint region
[2023-12-02T16:08:02.492+0000][2153.563s][info ][safepoint     ] Total time for which application threads were stopped: 0.0010529 seconds, Stopping threads took: 0.0004340 seconds
[2023-12-02T16:08:03.492+0000][2154.564s][debug][safepoint     ] Safepoint synchronization initiated. (198 threads)
[2023-12-02T16:08:03.493+0000][2154.564s][info ][safepoint     ] Application time: 1.0006407 seconds
[2023-12-02T16:08:03.493+0000][2154.564s][info ][safepoint     ] Entering safepoint region: Cleanup
[2023-12-02T16:08:03.493+0000][2154.565s][info ][safepoint     ] Leaving safepoint region
[2023-12-02T16:08:03.494+0000][2154.565s][info ][safepoint     ] Total time for which application threads were stopped: 0.0006824 seconds, Stopping threads took: 0.0002129 seconds
[2023-12-02T16:08:04.494+0000][2155.566s][debug][safepoint     ] Safepoint synchronization initiated. (198 threads)
[2023-12-02T16:08:04.495+0000][2155.566s][info ][safepoint     ] Application time: 1.0007646 seconds
[2023-12-02T16:08:04.495+0000][2155.567s][info ][safepoint     ] Entering safepoint region: Cleanup
[2023-12-02T16:08:04.496+0000][2155.567s][info ][safepoint     ] Leaving safepoint region
[2023-12-02T16:08:04.496+0000][2155.568s][info ][safepoint     ] Total time for which application threads were stopped: 0.0011516 seconds, Stopping threads took: 0.0005146 seconds
[2023-12-02T16:08:05.497+0000][2156.568s][debug][safepoint     ] Safepoint synchronization initiated. (198 threads)
[2023-12-02T16:08:05.497+0000][2156.569s][info ][safepoint     ] Application time: 1.0006609 seconds
[2023-12-02T16:08:05.498+0000][2156.569s][info ][safepoint     ] Entering safepoint region: Cleanup
[2023-12-02T16:08:05.498+0000][2156.570s][info ][safepoint     ] Leaving safepoint region
[2023-12-02T16:08:05.499+0000][2156.570s][info ][safepoint     ] Total time for which application threads were stopped: 0.0010406 seconds, Stopping threads took: 0.0004189 seconds
[2023-12-02T16:08:06.499+0000][2157.571s][debug][safepoint     ] Safepoint synchronization initiated. (198 threads)
[2023-12-02T16:08:06.500+0000][2157.571s][info ][safepoint     ] Application time: 1.0009965 seconds
[2023-12-02T16:08:06.500+0000][2157.572s][info ][safepoint     ] Entering safepoint region: Cleanup
[2023-12-02T16:08:06.501+0000][2157.573s][info ][safepoint     ] Leaving safepoint region
[2023-12-02T16:08:06.502+0000][2157.573s][info ][safepoint     ] Total time for which application threads were stopped: 0.0011703 seconds, Stopping threads took: 0.0004736 seconds
[2023-12-02T16:08:07.503+0000][2158.574s][debug][safepoint     ] Safepoint synchronization initiated. (198 threads)
[2023-12-02T16:08:07.503+0000][2158.575s][info ][safepoint     ] Application time: 1.0007790 seconds
[2023-12-02T16:08:07.503+0000][2158.575s][info ][safepoint     ] Entering safepoint region: Cleanup
[2023-12-02T16:08:07.504+0000][2158.576s][info ][safepoint     ] Leaving safepoint region
[2023-12-02T16:08:07.504+0000][2158.576s][info ][safepoint     ] Total time for which application threads were stopped: 0.0010615 seconds, Stopping threads took: 0.0004417 seconds
[2023-12-02T16:08:08.505+0000][2159.576s][debug][safepoint     ] Safepoint synchronization initiated. (198 threads)
[2023-12-02T16:08:08.505+0000][2159.577s][info ][safepoint     ] Application time: 1.0003860 seconds
[2023-12-02T16:08:08.505+0000][2159.577s][info ][safepoint     ] Entering safepoint region: Cleanup
[2023-12-02T16:08:08.506+0000][2159.577s][info ][safepoint     ] Leaving safepoint region
[2023-12-02T16:08:08.506+0000][2159.578s][info ][safepoint     ] Total time for which application threads were stopped: 0.0006277 seconds, Stopping threads took: 0.0001926 seconds
[2023-12-02T16:08:09.506+0000][2160.578s][debug][safepoint     ] Safepoint synchronization initiated. (198 threads)
[2023-12-02T16:08:09.507+0000][2160.578s][info ][safepoint     ] Application time: 1.0006808 seconds
[2023-12-02T16:08:09.507+0000][2160.579s][info ][safepoint     ] Entering safepoint region: Cleanup
[2023-12-02T16:08:09.508+0000][2160.580s][info ][safepoint     ] Leaving safepoint region
[2023-12-02T16:08:09.508+0000][2160.580s][info ][safepoint     ] Total time for which application threads were stopped: 0.0011269 seconds, Stopping threads took: 0.0004898 seconds
[2023-12-02T16:08:10.509+0000][2161.581s][debug][safepoint     ] Safepoint synchronization initiated. (198 threads)
[2023-12-02T16:08:10.509+0000][2161.581s][info ][safepoint     ] Application time: 1.0006646 seconds
[2023-12-02T16:08:10.510+0000][2161.581s][info ][safepoint     ] Entering safepoint region: Cleanup
[2023-12-02T16:08:10.511+0000][2161.582s][info ][safepoint     ] Leaving safepoint region
[2023-12-02T16:08:10.511+0000][2161.583s][info ][safepoint     ] Total time for which application threads were stopped: 0.0011234 seconds, Stopping threads took: 0.0004531 seconds
[2023-12-02T16:08:11.512+0000][2162.583s][debug][safepoint     ] Safepoint synchronization initiated. (198 threads)
[2023-12-02T16:08:11.512+0000][2162.584s][info ][safepoint     ] Application time: 1.0006801 seconds
[2023-12-02T16:08:11.513+0000][2162.584s][info ][safepoint     ] Entering safepoint region: Cleanup
[2023-12-02T16:08:11.513+0000][2162.585s][info ][safepoint     ] Leaving safepoint region
[2023-12-02T16:08:11.514+0000][2162.585s][info ][safepoint     ] Total time for which application threads were stopped: 0.0010952 seconds, Stopping threads took: 0.0005074 seconds
[2023-12-02T16:08:12.514+0000][2163.586s][debug][safepoint     ] Safepoint synchronization initiated. (198 threads)
[2023-12-02T16:08:12.515+0000][2163.586s][info ][safepoint     ] Application time: 1.0006404 seconds
[2023-12-02T16:08:12.515+0000][2163.587s][info ][safepoint     ] Entering safepoint region: Cleanup
[2023-12-02T16:08:12.516+0000][2163.587s][info ][safepoint     ] Leaving safepoint region
[2023-12-02T16:08:12.516+0000][2163.588s][info ][safepoint     ] Total time for which application threads were stopped: 0.0012584 seconds, Stopping threads took: 0.0005292 seconds
[2023-12-02T16:08:13.517+0000][2164.588s][debug][safepoint     ] Safepoint synchronization initiated. (198 threads)
[2023-12-02T16:08:13.517+0000][2164.589s][info ][safepoint     ] Application time: 1.0008014 seconds
[2023-12-02T16:08:13.518+0000][2164.589s][info ][safepoint     ] Entering safepoint region: Cleanup
[2023-12-02T16:08:13.518+0000][2164.590s][info ][safepoint     ] Leaving safepoint region
[2023-12-02T16:08:13.519+0000][2164.590s][info ][safepoint     ] Total time for which application threads were stopped: 0.0011151 seconds, Stopping threads took: 0.0004202 seconds
[2023-12-02T16:08:14.519+0000][2165.591s][debug][safepoint     ] Safepoint synchronization initiated. (198 threads)
[2023-12-02T16:08:14.520+0000][2165.592s][info ][safepoint     ] Application time: 1.0009727 seconds
[2023-12-02T16:08:14.521+0000][2165.592s][info ][safepoint     ] Entering safepoint region: Cleanup
[2023-12-02T16:08:14.521+0000][2165.593s][info ][safepoint     ] Leaving safepoint region
[2023-12-02T16:08:14.522+0000][2165.593s][info ][safepoint     ] Total time for which application threads were stopped: 0.0010807 seconds, Stopping threads took: 0.0004910 seconds
[2023-12-02T16:08:15.522+0000][2166.594s][debug][safepoint     ] Safepoint synchronization initiated. (198 threads)
[2023-12-02T16:08:15.523+0000][2166.594s][info ][safepoint     ] Application time: 1.0007541 seconds
[2023-12-02T16:08:15.523+0000][2166.595s][info ][safepoint     ] Entering safepoint region: Cleanup
[2023-12-02T16:08:15.524+0000][2166.595s][info ][safepoint     ] Leaving safepoint region
[2023-12-02T16:08:15.524+0000][2166.596s][info ][safepoint     ] Total time for which application threads were stopped: 0.0010791 seconds, Stopping threads took: 0.0005097 seconds
[2023-12-02T16:08:16.525+0000][2167.597s][debug][safepoint     ] Safepoint synchronization initiated. (198 threads)
[2023-12-02T16:08:16.526+0000][2167.598s][info ][safepoint     ] Application time: 1.0013119 seconds
[2023-12-02T16:08:16.527+0000][2167.598s][info ][safepoint     ] Entering safepoint region: Cleanup
[2023-12-02T16:08:16.528+0000][2167.599s][info ][safepoint     ] Leaving safepoint region
[2023-12-02T16:08:16.528+0000][2167.600s][info ][safepoint     ] Total time for which application threads were stopped: 0.0016617 seconds, Stopping threads took: 0.0007216 seconds
[2023-12-02T16:08:17.529+0000][2168.600s][debug][safepoint     ] Safepoint synchronization initiated. (198 threads)
[2023-12-02T16:08:17.529+0000][2168.601s][info ][safepoint     ] Application time: 1.0006394 seconds
[2023-12-02T16:08:17.530+0000][2168.601s][info ][safepoint     ] Entering safepoint region: Cleanup
[2023-12-02T16:08:17.530+0000][2168.602s][info ][safepoint     ] Leaving safepoint region
[2023-12-02T16:08:17.531+0000][2168.602s][info ][safepoint     ] Total time for which application threads were stopped: 0.0009127 seconds, Stopping threads took: 0.0003959 seconds
[2023-12-02T16:08:18.531+0000][2169.603s][debug][safepoint     ] Safepoint synchronization initiated. (198 threads)
[2023-12-02T16:08:18.532+0000][2169.603s][info ][safepoint     ] Application time: 1.0008818 seconds
[2023-12-02T16:08:18.532+0000][2169.604s][info ][safepoint     ] Entering safepoint region: Cleanup
[2023-12-02T16:08:18.533+0000][2169.605s][info ][safepoint     ] Leaving safepoint region
[2023-12-02T16:08:18.534+0000][2169.605s][info ][safepoint     ] Total time for which application threads were stopped: 0.0012526 seconds, Stopping threads took: 0.0005273 seconds
[2023-12-02T16:08:19.534+0000][2170.606s][debug][safepoint     ] Safepoint synchronization initiated. (198 threads)
[2023-12-02T16:08:19.535+0000][2170.607s][info ][safepoint     ] Application time: 1.0010266 seconds
[2023-12-02T16:08:19.536+0000][2170.608s][info ][safepoint     ] Entering safepoint region: Cleanup
[2023-12-02T16:08:19.537+0000][2170.609s][info ][safepoint     ] Leaving safepoint region
[2023-12-02T16:08:19.538+0000][2170.609s][info ][safepoint     ] Total time for which application threads were stopped: 0.0018836 seconds, Stopping threads took: 0.0007672 seconds
[2023-12-02T16:08:20.539+0000][2171.610s][debug][safepoint     ] Safepoint synchronization initiated. (198 threads)
[2023-12-02T16:08:20.540+0000][2171.611s][info ][safepoint     ] Application time: 1.0012983 seconds
[2023-12-02T16:08:20.540+0000][2171.612s][info ][safepoint     ] Entering safepoint region: Cleanup
[2023-12-02T16:08:20.542+0000][2171.613s][info ][safepoint     ] Leaving safepoint region
[2023-12-02T16:08:20.542+0000][2171.614s][info ][safepoint     ] Total time for which application threads were stopped: 0.0017039 seconds, Stopping threads took: 0.0006855 seconds
[2023-12-02T16:08:21.543+0000][2172.615s][debug][safepoint     ] Safepoint synchronization initiated. (198 threads)
[2023-12-02T16:08:21.544+0000][2172.615s][info ][safepoint     ] Application time: 1.0009421 seconds
[2023-12-02T16:08:21.544+0000][2172.616s][debug][safepoint     ] ... found polling page return exception at pc = 0x00007f43fca85ff6, stub =0x00007f43f4840600
[2023-12-02T16:08:21.545+0000][2172.616s][debug][safepoint     ] Waiting for 2 thread(s) to block
[2023-12-02T16:08:21.545+0000][2172.617s][info ][safepoint     ] Entering safepoint region: Cleanup
[2023-12-02T16:08:21.546+0000][2172.617s][info ][safepoint     ] Leaving safepoint region
[2023-12-02T16:08:21.546+0000][2172.618s][info ][safepoint     ] Total time for which application threads were stopped: 0.0019630 seconds, Stopping threads took: 0.0014446 seconds
[2023-12-02T16:08:22.547+0000][2173.618s][debug][safepoint     ] Safepoint synchronization initiated. (198 threads)
[2023-12-02T16:08:22.547+0000][2173.619s][info ][safepoint     ] Application time: 1.0006933 seconds
[2023-12-02T16:08:22.548+0000][2173.619s][info ][safepoint     ] Entering safepoint region: Cleanup
[2023-12-02T16:08:22.548+0000][2173.620s][info ][safepoint     ] Leaving safepoint region
[2023-12-02T16:08:22.549+0000][2173.620s][info ][safepoint     ] Total time for which application threads were stopped: 0.0009957 seconds, Stopping threads took: 0.0004006 seconds
[2023-12-02T16:08:23.549+0000][2174.621s][debug][safepoint     ] Safepoint synchronization initiated. (198 threads)
[2023-12-02T16:08:23.550+0000][2174.622s][info ][safepoint     ] Application time: 1.0008938 seconds
[2023-12-02T16:08:23.551+0000][2174.622s][info ][safepoint     ] Entering safepoint region: Cleanup
[2023-12-02T16:08:23.551+0000][2174.623s][info ][safepoint     ] Leaving safepoint region
[2023-12-02T16:08:23.551+0000][2174.623s][info ][safepoint     ] Total time for which application threads were stopped: 0.0008680 seconds, Stopping threads took: 0.0004436 seconds
[2023-12-02T16:08:24.552+0000][2175.623s][debug][safepoint     ] Safepoint synchronization initiated. (198 threads)
[2023-12-02T16:08:24.553+0000][2175.624s][info ][safepoint     ] Application time: 1.0011368 seconds
[2023-12-02T16:08:24.554+0000][2175.625s][info ][safepoint     ] Entering safepoint region: Cleanup
[2023-12-02T16:08:24.555+0000][2175.626s][info ][safepoint     ] Leaving safepoint region
[2023-12-02T16:08:24.555+0000][2175.627s][info ][safepoint     ] Total time for which application threads were stopped: 0.0018933 seconds, Stopping threads took: 0.0008096 seconds
[2023-12-02T16:08:25.556+0000][2176.628s][debug][safepoint     ] Safepoint synchronization initiated. (198 threads)
[2023-12-02T16:08:25.557+0000][2176.629s][info ][safepoint     ] Application time: 1.0009975 seconds
[2023-12-02T16:08:25.558+0000][2176.629s][info ][safepoint     ] Entering safepoint region: Cleanup
[2023-12-02T16:08:25.559+0000][2176.630s][info ][safepoint     ] Leaving safepoint region
[2023-12-02T16:08:25.559+0000][2176.631s][info ][safepoint     ] Total time for which application threads were stopped: 0.0014409 seconds, Stopping threads took: 0.0005493 seconds
[2023-12-02T16:08:26.560+0000][2177.632s][debug][safepoint     ] Safepoint synchronization initiated. (198 threads)
[2023-12-02T16:08:26.560+0000][2177.632s][info ][safepoint     ] Application time: 1.0005603 seconds
[2023-12-02T16:08:26.561+0000][2177.632s][info ][safepoint     ] Entering safepoint region: Cleanup
[2023-12-02T16:08:26.561+0000][2177.633s][info ][safepoint     ] Leaving safepoint region
[2023-12-02T16:08:26.562+0000][2177.633s][info ][safepoint     ] Total time for which application threads were stopped: 0.0007502 seconds, Stopping threads took: 0.0002997 seconds
[2023-12-02T16:08:27.562+0000][2178.634s][debug][safepoint     ] Safepoint synchronization initiated. (198 threads)
[2023-12-02T16:08:27.562+0000][2178.634s][info ][safepoint     ] Application time: 1.0005110 seconds
[2023-12-02T16:08:27.563+0000][2178.634s][info ][safepoint     ] Entering safepoint region: Cleanup
[2023-12-02T16:08:27.563+0000][2178.635s][info ][safepoint     ] Leaving safepoint region
[2023-12-02T16:08:27.563+0000][2178.635s][info ][safepoint     ] Total time for which application threads were stopped: 0.0008622 seconds, Stopping threads took: 0.0003547 seconds
[2023-12-02T16:08:28.564+0000][2179.636s][debug][safepoint     ] Safepoint synchronization initiated. (198 threads)
[2023-12-02T16:08:28.565+0000][2179.636s][info ][safepoint     ] Application time: 1.0009881 seconds
[2023-12-02T16:08:28.566+0000][2179.637s][info ][safepoint     ] Entering safepoint region: Cleanup
[2023-12-02T16:08:28.567+0000][2179.638s][info ][safepoint     ] Leaving safepoint region
[2023-12-02T16:08:28.567+0000][2179.639s][info ][safepoint     ] Total time for which application threads were stopped: 0.0018839 seconds, Stopping threads took: 0.0007823 seconds
[2023-12-02T16:08:29.568+0000][2180.640s][debug][safepoint     ] Safepoint synchronization initiated. (198 threads)
[2023-12-02T16:08:29.569+0000][2180.640s][info ][safepoint     ] Application time: 1.0007594 seconds
[2023-12-02T16:08:29.569+0000][2180.641s][info ][safepoint     ] Entering safepoint region: Cleanup
[2023-12-02T16:08:29.570+0000][2180.641s][info ][safepoint     ] Leaving safepoint region
[2023-12-02T16:08:29.570+0000][2180.642s][info ][safepoint     ] Total time for which application threads were stopped: 0.0008867 seconds, Stopping threads took: 0.0003495 seconds
[2023-12-02T16:08:30.571+0000][2181.642s][debug][safepoint     ] Safepoint synchronization initiated. (198 threads)
[2023-12-02T16:08:30.571+0000][2181.643s][info ][safepoint     ] Application time: 1.0008669 seconds
[2023-12-02T16:08:30.572+0000][2181.643s][info ][safepoint     ] Entering safepoint region: Cleanup
[2023-12-02T16:08:30.572+0000][2181.644s][info ][safepoint     ] Leaving safepoint region
[2023-12-02T16:08:30.573+0000][2181.644s][info ][safepoint     ] Total time for which application threads were stopped: 0.0012432 seconds, Stopping threads took: 0.0005129 seconds
[2023-12-02T16:08:31.573+0000][2182.645s][debug][safepoint     ] Safepoint synchronization initiated. (198 threads)
[2023-12-02T16:08:31.574+0000][2182.646s][info ][safepoint     ] Application time: 1.0006374 seconds
[2023-12-02T16:08:31.574+0000][2182.646s][info ][safepoint     ] Entering safepoint region: Cleanup
[2023-12-02T16:08:31.575+0000][2182.646s][info ][safepoint     ] Leaving safepoint region
[2023-12-02T16:08:31.575+0000][2182.647s][info ][safepoint     ] Total time for which application threads were stopped: 0.0009978 seconds, Stopping threads took: 0.0004183 seconds
[2023-12-02T16:08:32.576+0000][2183.647s][debug][safepoint     ] Safepoint synchronization initiated. (198 threads)
[2023-12-02T16:08:32.577+0000][2183.648s][info ][safepoint     ] Application time: 1.0011909 seconds
[2023-12-02T16:08:32.577+0000][2183.649s][info ][safepoint     ] Entering safepoint region: Cleanup
[2023-12-02T16:08:32.579+0000][2183.650s][info ][safepoint     ] Leaving safepoint region
[2023-12-02T16:08:32.579+0000][2183.651s][info ][safepoint     ] Total time for which application threads were stopped: 0.0020111 seconds, Stopping threads took: 0.0008244 seconds
[2023-12-02T16:08:33.580+0000][2184.652s][debug][safepoint     ] Safepoint synchronization initiated. (198 threads)
[2023-12-02T16:08:33.581+0000][2184.653s][info ][safepoint     ] Application time: 1.0010913 seconds
[2023-12-02T16:08:33.582+0000][2184.654s][info ][safepoint     ] Entering safepoint region: Cleanup
[2023-12-02T16:08:33.583+0000][2184.655s][info ][safepoint     ] Leaving safepoint region
[2023-12-02T16:08:33.584+0000][2184.655s][info ][safepoint     ] Total time for which application threads were stopped: 0.0017796 seconds, Stopping threads took: 0.0007444 seconds
[2023-12-02T16:08:34.584+0000][2185.656s][debug][safepoint     ] Safepoint synchronization initiated. (198 threads)
[2023-12-02T16:08:34.585+0000][2185.657s][info ][safepoint     ] Application time: 1.0007059 seconds
[2023-12-02T16:08:34.585+0000][2185.657s][info ][safepoint     ] Entering safepoint region: Cleanup
[2023-12-02T16:08:34.586+0000][2185.658s][info ][safepoint     ] Leaving safepoint region
[2023-12-02T16:08:34.586+0000][2185.658s][info ][safepoint     ] Total time for which application threads were stopped: 0.0008734 seconds, Stopping threads took: 0.0004355 seconds
[2023-12-02T16:08:35.587+0000][2186.658s][debug][safepoint     ] Safepoint synchronization initiated. (198 threads)
[2023-12-02T16:08:35.587+0000][2186.659s][info ][safepoint     ] Application time: 1.0006082 seconds
[2023-12-02T16:08:35.588+0000][2186.659s][info ][safepoint     ] Entering safepoint region: Cleanup
[2023-12-02T16:08:35.588+0000][2186.660s][info ][safepoint     ] Leaving safepoint region
[2023-12-02T16:08:35.588+0000][2186.660s][info ][safepoint     ] Total time for which application threads were stopped: 0.0009665 seconds, Stopping threads took: 0.0004501 seconds
[2023-12-02T16:08:36.589+0000][2187.661s][debug][safepoint     ] Safepoint synchronization initiated. (198 threads)
[2023-12-02T16:08:36.589+0000][2187.661s][info ][safepoint     ] Application time: 1.0006252 seconds
[2023-12-02T16:08:36.590+0000][2187.661s][info ][safepoint     ] Entering safepoint region: Cleanup
[2023-12-02T16:08:36.590+0000][2187.662s][info ][safepoint     ] Leaving safepoint region
[2023-12-02T16:08:36.591+0000][2187.662s][info ][safepoint     ] Total time for which application threads were stopped: 0.0009816 seconds, Stopping threads took: 0.0004450 seconds
[2023-12-02T16:08:37.591+0000][2188.663s][debug][safepoint     ] Safepoint synchronization initiated. (198 threads)
[2023-12-02T16:08:37.592+0000][2188.663s][info ][safepoint     ] Application time: 1.0005978 seconds
[2023-12-02T16:08:37.592+0000][2188.664s][info ][safepoint     ] Entering safepoint region: Cleanup
[2023-12-02T16:08:37.593+0000][2188.664s][info ][safepoint     ] Leaving safepoint region
[2023-12-02T16:08:37.594+0000][2188.665s][info ][safepoint     ] Total time for which application threads were stopped: 0.0014710 seconds, Stopping threads took: 0.0004917 seconds
[2023-12-02T16:08:38.594+0000][2189.666s][debug][safepoint     ] Safepoint synchronization initiated. (198 threads)
[2023-12-02T16:08:38.595+0000][2189.666s][info ][safepoint     ] Application time: 1.0009485 seconds
[2023-12-02T16:08:38.595+0000][2189.667s][info ][safepoint     ] Entering safepoint region: Cleanup
[2023-12-02T16:08:38.596+0000][2189.668s][info ][safepoint     ] Leaving safepoint region
[2023-12-02T16:08:38.597+0000][2189.668s][info ][safepoint     ] Total time for which application threads were stopped: 0.0013578 seconds, Stopping threads took: 0.0006385 seconds
[2023-12-02T16:08:39.598+0000][2190.669s][debug][safepoint     ] Safepoint synchronization initiated. (198 threads)
[2023-12-02T16:08:39.599+0000][2190.670s][info ][safepoint     ] Application time: 1.0015904 seconds
[2023-12-02T16:08:39.599+0000][2190.671s][info ][safepoint     ] Entering safepoint region: Cleanup
[2023-12-02T16:08:39.600+0000][2190.671s][info ][safepoint     ] Leaving safepoint region
[2023-12-02T16:08:39.600+0000][2190.672s][info ][safepoint     ] Total time for which application threads were stopped: 0.0009995 seconds, Stopping threads took: 0.0004094 seconds
[2023-12-02T16:08:40.601+0000][2191.673s][debug][safepoint     ] Safepoint synchronization initiated. (198 threads)
[2023-12-02T16:08:40.602+0000][2191.673s][info ][safepoint     ] Application time: 1.0006965 seconds
[2023-12-02T16:08:40.602+0000][2191.673s][info ][safepoint     ] Entering safepoint region: Cleanup
[2023-12-02T16:08:40.602+0000][2191.674s][info ][safepoint     ] Leaving safepoint region
[2023-12-02T16:08:40.603+0000][2191.674s][info ][safepoint     ] Total time for which application threads were stopped: 0.0008364 seconds, Stopping threads took: 0.0003458 seconds
[2023-12-02T16:08:41.603+0000][2192.675s][debug][safepoint     ] Safepoint synchronization initiated. (198 threads)
[2023-12-02T16:08:41.604+0000][2192.675s][info ][safepoint     ] Application time: 1.0008303 seconds
[2023-12-02T16:08:41.604+0000][2192.676s][info ][safepoint     ] Entering safepoint region: Cleanup
[2023-12-02T16:08:41.605+0000][2192.676s][info ][safepoint     ] Leaving safepoint region
[2023-12-02T16:08:41.605+0000][2192.677s][info ][safepoint     ] Total time for which application threads were stopped: 0.0009558 seconds, Stopping threads took: 0.0004121 seconds
[2023-12-02T16:08:42.606+0000][2193.677s][debug][safepoint     ] Safepoint synchronization initiated. (198 threads)
[2023-12-02T16:08:42.606+0000][2193.678s][info ][safepoint     ] Application time: 1.0007340 seconds
[2023-12-02T16:08:42.607+0000][2193.678s][info ][safepoint     ] Entering safepoint region: Cleanup
[2023-12-02T16:08:42.607+0000][2193.679s][info ][safepoint     ] Leaving safepoint region
[2023-12-02T16:08:42.608+0000][2193.679s][info ][safepoint     ] Total time for which application threads were stopped: 0.0011642 seconds, Stopping threads took: 0.0004712 seconds
[2023-12-02T16:08:43.608+0000][2194.680s][debug][safepoint     ] Safepoint synchronization initiated. (198 threads)
[2023-12-02T16:08:43.609+0000][2194.681s][info ][safepoint     ] Application time: 1.0008456 seconds
[2023-12-02T16:08:43.609+0000][2194.681s][info ][safepoint     ] Entering safepoint region: Cleanup
[2023-12-02T16:08:43.610+0000][2194.682s][info ][safepoint     ] Leaving safepoint region
[2023-12-02T16:08:43.611+0000][2194.682s][info ][safepoint     ] Total time for which application threads were stopped: 0.0012712 seconds, Stopping threads took: 0.0005379 seconds
[2023-12-02T16:08:44.612+0000][2195.683s][debug][safepoint     ] Safepoint synchronization initiated. (198 threads)
[2023-12-02T16:08:44.613+0000][2195.684s][info ][safepoint     ] Application time: 1.0013794 seconds
[2023-12-02T16:08:44.613+0000][2195.685s][info ][safepoint     ] Entering safepoint region: Cleanup
[2023-12-02T16:08:44.614+0000][2195.686s][info ][safepoint     ] Leaving safepoint region
[2023-12-02T16:08:44.615+0000][2195.687s][info ][safepoint     ] Total time for which application threads were stopped: 0.0017584 seconds, Stopping threads took: 0.0007145 seconds
[2023-12-02T16:08:45.616+0000][2196.687s][debug][safepoint     ] Safepoint synchronization initiated. (198 threads)
[2023-12-02T16:08:45.616+0000][2196.688s][info ][safepoint     ] Application time: 1.0006504 seconds
[2023-12-02T16:08:45.616+0000][2196.688s][info ][safepoint     ] Entering safepoint region: Cleanup
[2023-12-02T16:08:45.617+0000][2196.689s][info ][safepoint     ] Leaving safepoint region
[2023-12-02T16:08:45.617+0000][2196.689s][info ][safepoint     ] Total time for which application threads were stopped: 0.0008032 seconds, Stopping threads took: 0.0003120 seconds
[2023-12-02T16:08:46.618+0000][2197.689s][debug][safepoint     ] Safepoint synchronization initiated. (198 threads)
[2023-12-02T16:08:46.618+0000][2197.690s][info ][safepoint     ] Application time: 1.0006287 seconds
[2023-12-02T16:08:46.619+0000][2197.690s][info ][safepoint     ] Entering safepoint region: Cleanup
[2023-12-02T16:08:46.619+0000][2197.691s][info ][safepoint     ] Leaving safepoint region
[2023-12-02T16:08:46.620+0000][2197.691s][info ][safepoint     ] Total time for which application threads were stopped: 0.0010912 seconds, Stopping threads took: 0.0004469 seconds
[2023-12-02T16:08:47.620+0000][2198.692s][debug][safepoint     ] Safepoint synchronization initiated. (198 threads)
[2023-12-02T16:08:47.621+0000][2198.693s][info ][safepoint     ] Application time: 1.0010666 seconds
[2023-12-02T16:08:47.622+0000][2198.694s][info ][safepoint     ] Entering safepoint region: Cleanup
[2023-12-02T16:08:47.623+0000][2198.695s][info ][safepoint     ] Leaving safepoint region
[2023-12-02T16:08:47.624+0000][2198.695s][info ][safepoint     ] Total time for which application threads were stopped: 0.0015636 seconds, Stopping threads took: 0.0006826 seconds
[2023-12-02T16:08:48.624+0000][2199.696s][debug][safepoint     ] Safepoint synchronization initiated. (198 threads)
[2023-12-02T16:08:48.624+0000][2199.696s][info ][safepoint     ] Application time: 1.0004610 seconds
[2023-12-02T16:08:48.625+0000][2199.696s][info ][safepoint     ] Entering safepoint region: Cleanup
[2023-12-02T16:08:48.625+0000][2199.697s][info ][safepoint     ] Leaving safepoint region
[2023-12-02T16:08:48.626+0000][2199.697s][info ][safepoint     ] Total time for which application threads were stopped: 0.0007831 seconds, Stopping threads took: 0.0002857 seconds
[2023-12-02T16:08:49.626+0000][2200.698s][debug][safepoint     ] Safepoint synchronization initiated. (198 threads)
[2023-12-02T16:08:49.626+0000][2200.698s][info ][safepoint     ] Application time: 1.0006050 seconds
[2023-12-02T16:08:49.627+0000][2200.698s][info ][safepoint     ] Entering safepoint region: Cleanup
[2023-12-02T16:08:49.627+0000][2200.699s][info ][safepoint     ] Leaving safepoint region
[2023-12-02T16:08:49.627+0000][2200.699s][info ][safepoint     ] Total time for which application threads were stopped: 0.0006148 seconds, Stopping threads took: 0.0002332 seconds
[2023-12-02T16:08:50.627+0000][2201.699s][debug][safepoint     ] Safepoint synchronization initiated. (198 threads)
[2023-12-02T16:08:50.628+0000][2201.699s][info ][safepoint     ] Application time: 1.0004129 seconds
[2023-12-02T16:08:50.628+0000][2201.700s][info ][safepoint     ] Entering safepoint region: Cleanup
[2023-12-02T16:08:50.629+0000][2201.700s][info ][safepoint     ] Leaving safepoint region
[2023-12-02T16:08:50.629+0000][2201.701s][info ][safepoint     ] Total time for which application threads were stopped: 0.0007810 seconds, Stopping threads took: 0.0002519 seconds
[2023-12-02T16:08:50.629+0000][2201.700s][debug][safepoint     ] ... found polling page return exception at pc = 0x00007f43fc9de0c4, stub =0x00007f43f4840600
[2023-12-02T16:08:50.629+0000][2201.700s][debug][safepoint     ] ... found polling page return exception at pc = 0x00007f43fc9de0c4, stub =0x00007f43f4840600
[2023-12-02T16:08:50.629+0000][2201.700s][debug][safepoint     ] ... found polling page return exception at pc = 0x00007f43fc9de0c4, stub =0x00007f43f4840600
[2023-12-02T16:08:50.629+0000][2201.700s][debug][safepoint     ] ... found polling page return exception at pc = 0x00007f43fc9de0c4, stub =0x00007f43f4840600
[2023-12-02T16:08:50.629+0000][2201.700s][debug][safepoint     ] ... found polling page return exception at pc = 0x00007f43fc9de0c4, stub =0x00007f43f4840600
[2023-12-02T16:08:50.629+0000][2201.700s][debug][safepoint     ] ... found polling page return exception at pc = 0x00007f43fc9de0c4, stub =0x00007f43f4840600
[2023-12-02T16:08:50.629+0000][2201.700s][debug][safepoint     ] ... found polling page return exception at pc = 0x00007f43fc9de0c4, stub =0x00007f43f4840600
[2023-12-02T16:08:51.629+0000][2202.701s][debug][safepoint     ] Safepoint synchronization initiated. (198 threads)
[2023-12-02T16:08:51.630+0000][2202.702s][info ][safepoint     ] Application time: 1.0010084 seconds
[2023-12-02T16:08:51.631+0000][2202.703s][info ][safepoint     ] Entering safepoint region: Cleanup
[2023-12-02T16:08:51.632+0000][2202.703s][info ][safepoint     ] Leaving safepoint region
[2023-12-02T16:08:51.632+0000][2202.704s][info ][safepoint     ] Total time for which application threads were stopped: 0.0013825 seconds, Stopping threads took: 0.0006326 seconds
[2023-12-02T16:08:52.633+0000][2203.705s][debug][safepoint     ] Safepoint synchronization initiated. (198 threads)
[2023-12-02T16:08:52.634+0000][2203.705s][info ][safepoint     ] Application time: 1.0007230 seconds
[2023-12-02T16:08:52.634+0000][2203.706s][info ][safepoint     ] Entering safepoint region: Cleanup
[2023-12-02T16:08:52.635+0000][2203.706s][info ][safepoint     ] Leaving safepoint region
[2023-12-02T16:08:52.635+0000][2203.707s][info ][safepoint     ] Total time for which application threads were stopped: 0.0011158 seconds, Stopping threads took: 0.0004827 seconds
[2023-12-02T16:08:53.635+0000][2204.707s][debug][safepoint     ] Safepoint synchronization initiated. (198 threads)
[2023-12-02T16:08:53.636+0000][2204.708s][info ][safepoint     ] Application time: 1.0007388 seconds
[2023-12-02T16:08:53.636+0000][2204.708s][info ][safepoint     ] Entering safepoint region: Cleanup
[2023-12-02T16:08:53.637+0000][2204.709s][info ][safepoint     ] Leaving safepoint region
[2023-12-02T16:08:53.637+0000][2204.709s][info ][safepoint     ] Total time for which application threads were stopped: 0.0009281 seconds, Stopping threads took: 0.0003260 seconds
[2023-12-02T16:08:54.640+0000][2205.712s][debug][safepoint     ] Safepoint synchronization initiated. (198 threads)
[2023-12-02T16:08:54.641+0000][2205.713s][info ][safepoint     ] Application time: 1.0011978 seconds
[2023-12-02T16:08:54.643+0000][2205.714s][info ][safepoint     ] Entering safepoint region: Cleanup
[2023-12-02T16:08:54.643+0000][2205.715s][info ][safepoint     ] Leaving safepoint region
[2023-12-02T16:08:54.644+0000][2205.716s][info ][safepoint     ] Total time for which application threads were stopped: 0.0010904 seconds, Stopping threads took: 0.0004745 seconds
[2023-12-02T16:08:55.645+0000][2206.716s][debug][safepoint     ] Safepoint synchronization initiated. (198 threads)
[2023-12-02T16:08:55.645+0000][2206.717s][info ][safepoint     ] Application time: 1.0011829 seconds
[2023-12-02T16:08:55.646+0000][2206.718s][info ][safepoint     ] Entering safepoint region: Cleanup
[2023-12-02T16:08:55.647+0000][2206.719s][info ][safepoint     ] Leaving safepoint region
[2023-12-02T16:08:55.647+0000][2206.719s][info ][safepoint     ] Total time for which application threads were stopped: 0.0012440 seconds, Stopping threads took: 0.0005390 seconds
[2023-12-02T16:08:56.648+0000][2207.720s][debug][safepoint     ] Safepoint synchronization initiated. (198 threads)
[2023-12-02T16:08:56.649+0000][2207.721s][info ][safepoint     ] Application time: 1.0010410 seconds
[2023-12-02T16:08:56.649+0000][2207.721s][info ][safepoint     ] Entering safepoint region: Cleanup
[2023-12-02T16:08:56.650+0000][2207.722s][info ][safepoint     ] Leaving safepoint region
[2023-12-02T16:08:56.650+0000][2207.722s][info ][safepoint     ] Total time for which application threads were stopped: 0.0011467 seconds, Stopping threads took: 0.0005505 seconds
[2023-12-02T16:08:56.737+0000][2207.809s][debug][safepoint     ] Safepoint synchronization initiated. (198 threads)
[2023-12-02T16:08:56.738+0000][2207.809s][info ][safepoint     ] Application time: 0.0868242 seconds
[2023-12-02T16:08:56.738+0000][2207.810s][info ][safepoint     ] Entering safepoint region: G1CollectForAllocation
[2023-12-02T16:08:56.739+0000][2207.811s][info ][gc,start      ] GC(74) Pause Young (Normal) (G1 Evacuation Pause)
[2023-12-02T16:08:56.739+0000][2207.811s][info ][gc,task       ] GC(74) Using 8 workers of 8 for evacuation
[2023-12-02T16:08:56.773+0000][2207.845s][info ][gc,phases     ] GC(74)   Pre Evacuate Collection Set: 0.1ms
[2023-12-02T16:08:56.773+0000][2207.845s][info ][gc,phases     ] GC(74)   Evacuate Collection Set: 15.6ms
[2023-12-02T16:08:56.774+0000][2207.845s][info ][gc,phases     ] GC(74)   Post Evacuate Collection Set: 17.4ms
[2023-12-02T16:08:56.774+0000][2207.846s][info ][gc,phases     ] GC(74)   Other: 1.0ms
[2023-12-02T16:08:56.774+0000][2207.846s][info ][gc,heap       ] GC(74) Eden regions: 184->0(184)
[2023-12-02T16:08:56.774+0000][2207.846s][info ][gc,heap       ] GC(74) Survivor regions: 9->9(25)
[2023-12-02T16:08:56.775+0000][2207.846s][info ][gc,heap       ] GC(74) Old regions: 162->162
[2023-12-02T16:08:56.775+0000][2207.847s][info ][gc,heap       ] GC(74) Humongous regions: 20->20
[2023-12-02T16:08:56.775+0000][2207.847s][info ][gc,metaspace  ] GC(74) Metaspace: 179586K(193564K)->179586K(193564K) NonClass: 158856K(170016K)->158856K(170016K) Class: 20729K(23548K)->20729K(23548K)
[2023-12-02T16:08:56.775+0000][2207.847s][info ][gc            ] GC(74) Pause Young (Normal) (G1 Evacuation Pause) 373M->189M(427M) 36.267ms
[2023-12-02T16:08:56.776+0000][2207.847s][info ][gc,cpu        ] GC(74) User=0.20s Sys=0.01s Real=0.04s
[2023-12-02T16:08:56.776+0000][2207.848s][info ][safepoint     ] Leaving safepoint region
[2023-12-02T16:08:56.776+0000][2207.848s][info ][safepoint     ] Total time for which application threads were stopped: 0.0379765 seconds, Stopping threads took: 0.0004604 seconds
[2023-12-02T16:08:56.776+0000][2207.848s][info ][gc,stringdedup] Concurrent String Deduplication (2207.848s)
[2023-12-02T16:08:56.777+0000][2207.849s][info ][gc,stringdedup] Concurrent String Deduplication 19256.0B->312.0B(18944.0B) avg 52.6% (2207.848s, 2207.849s) 0.443ms
[2023-12-02T16:08:57.777+0000][2208.848s][debug][safepoint     ] Safepoint synchronization initiated. (198 threads)
[2023-12-02T16:08:57.777+0000][2208.849s][info ][safepoint     ] Application time: 1.0006525 seconds
[2023-12-02T16:08:57.777+0000][2208.849s][info ][safepoint     ] Entering safepoint region: Cleanup
[2023-12-02T16:08:57.778+0000][2208.850s][info ][safepoint     ] Leaving safepoint region
[2023-12-02T16:08:57.778+0000][2208.850s][info ][safepoint     ] Total time for which application threads were stopped: 0.0008512 seconds, Stopping threads took: 0.0003254 seconds
[2023-12-02T16:08:58.779+0000][2209.851s][debug][safepoint     ] Safepoint synchronization initiated. (198 threads)
[2023-12-02T16:08:58.779+0000][2209.851s][info ][safepoint     ] Application time: 1.0007518 seconds
[2023-12-02T16:08:58.780+0000][2209.851s][info ][safepoint     ] Entering safepoint region: Cleanup
[2023-12-02T16:08:58.787+0000][2209.859s][info ][safepoint     ] Leaving safepoint region
[2023-12-02T16:08:58.787+0000][2209.859s][info ][safepoint     ] Total time for which application threads were stopped: 0.0080251 seconds, Stopping threads took: 0.0014958 seconds
[2023-12-02T16:08:59.788+0000][2210.860s][debug][safepoint     ] Safepoint synchronization initiated. (198 threads)
[2023-12-02T16:08:59.789+0000][2210.860s][info ][safepoint     ] Application time: 1.0004357 seconds
[2023-12-02T16:08:59.789+0000][2210.861s][info ][safepoint     ] Entering safepoint region: Cleanup
[2023-12-02T16:08:59.789+0000][2210.861s][info ][safepoint     ] Leaving safepoint region
[2023-12-02T16:08:59.789+0000][2210.861s][info ][safepoint     ] Total time for which application threads were stopped: 0.0006060 seconds, Stopping threads took: 0.0002460 seconds
[2023-12-02T16:09:00.790+0000][2211.862s][debug][safepoint     ] Safepoint synchronization initiated. (198 threads)
[2023-12-02T16:09:00.790+0000][2211.862s][info ][safepoint     ] Application time: 1.0007770 seconds
[2023-12-02T16:09:00.791+0000][2211.862s][info ][safepoint     ] Entering safepoint region: Cleanup
[2023-12-02T16:09:00.791+0000][2211.863s][info ][safepoint     ] Leaving safepoint region
[2023-12-02T16:09:00.792+0000][2211.863s][info ][safepoint     ] Total time for which application threads were stopped: 0.0010347 seconds, Stopping threads took: 0.0003670 seconds
[2023-12-02T16:09:01.792+0000][2212.864s][debug][safepoint     ] Safepoint synchronization initiated. (198 threads)
[2023-12-02T16:09:01.793+0000][2212.864s][info ][safepoint     ] Application time: 1.0007827 seconds
[2023-12-02T16:09:01.793+0000][2212.865s][info ][safepoint     ] Entering safepoint region: Cleanup
[2023-12-02T16:09:01.794+0000][2212.865s][info ][safepoint     ] Leaving safepoint region
[2023-12-02T16:09:01.794+0000][2212.865s][info ][safepoint     ] Total time for which application threads were stopped: 0.0006617 seconds, Stopping threads took: 0.0002946 seconds
[2023-12-02T16:09:02.794+0000][2213.866s][debug][safepoint     ] Safepoint synchronization initiated. (198 threads)
[2023-12-02T16:09:02.795+0000][2213.867s][info ][safepoint     ] Application time: 1.0009725 seconds
[2023-12-02T16:09:02.795+0000][2213.867s][info ][safepoint     ] Entering safepoint region: Cleanup
[2023-12-02T16:09:02.796+0000][2213.868s][info ][safepoint     ] Leaving safepoint region
[2023-12-02T16:09:02.796+0000][2213.868s][info ][safepoint     ] Total time for which application threads were stopped: 0.0010376 seconds, Stopping threads took: 0.0004912 seconds
[2023-12-02T16:09:03.797+0000][2214.869s][debug][safepoint     ] Safepoint synchronization initiated. (198 threads)
[2023-12-02T16:09:03.799+0000][2214.871s][info ][safepoint     ] Application time: 1.0027613 seconds
[2023-12-02T16:09:03.800+0000][2214.872s][info ][safepoint     ] Entering safepoint region: Cleanup
[2023-12-02T16:09:03.801+0000][2214.873s][info ][safepoint     ] Leaving safepoint region
[2023-12-02T16:09:03.801+0000][2214.873s][info ][safepoint     ] Total time for which application threads were stopped: 0.0012632 seconds, Stopping threads took: 0.0005936 seconds
[2023-12-02T16:09:04.802+0000][2215.874s][debug][safepoint     ] Safepoint synchronization initiated. (198 threads)
[2023-12-02T16:09:04.803+0000][2215.874s][info ][safepoint     ] Application time: 1.0006138 seconds
[2023-12-02T16:09:04.803+0000][2215.875s][info ][safepoint     ] Entering safepoint region: Cleanup
[2023-12-02T16:09:04.803+0000][2215.875s][info ][safepoint     ] Leaving safepoint region
[2023-12-02T16:09:04.804+0000][2215.875s][info ][safepoint     ] Total time for which application threads were stopped: 0.0008011 seconds, Stopping threads took: 0.0003522 seconds
[2023-12-02T16:09:05.804+0000][2216.876s][debug][safepoint     ] Safepoint synchronization initiated. (198 threads)
[2023-12-02T16:09:05.805+0000][2216.877s][info ][safepoint     ] Application time: 1.0009879 seconds
[2023-12-02T16:09:05.805+0000][2216.877s][info ][safepoint     ] Entering safepoint region: Cleanup
[2023-12-02T16:09:05.806+0000][2216.877s][info ][safepoint     ] Leaving safepoint region
[2023-12-02T16:09:05.806+0000][2216.878s][info ][safepoint     ] Total time for which application threads were stopped: 0.0008295 seconds, Stopping threads took: 0.0003205 seconds
[2023-12-02T16:09:06.806+0000][2217.878s][debug][safepoint     ] Safepoint synchronization initiated. (198 threads)
[2023-12-02T16:09:06.807+0000][2217.879s][info ][safepoint     ] Application time: 1.0011357 seconds
[2023-12-02T16:09:06.808+0000][2217.879s][info ][safepoint     ] Entering safepoint region: Cleanup
[2023-12-02T16:09:06.808+0000][2217.880s][info ][safepoint     ] Leaving safepoint region
[2023-12-02T16:09:06.809+0000][2217.880s][info ][safepoint     ] Total time for which application threads were stopped: 0.0008893 seconds, Stopping threads took: 0.0003618 seconds
[2023-12-02T16:09:07.809+0000][2218.881s][debug][safepoint     ] Safepoint synchronization initiated. (198 threads)
[2023-12-02T16:09:07.810+0000][2218.881s][info ][safepoint     ] Application time: 1.0007028 seconds
[2023-12-02T16:09:07.810+0000][2218.882s][info ][safepoint     ] Entering safepoint region: Cleanup
[2023-12-02T16:09:07.811+0000][2218.882s][info ][safepoint     ] Leaving safepoint region
[2023-12-02T16:09:07.811+0000][2218.883s][info ][safepoint     ] Total time for which application threads were stopped: 0.0008891 seconds, Stopping threads took: 0.0003797 seconds
[2023-12-02T16:09:08.811+0000][2219.883s][debug][safepoint     ] Safepoint synchronization initiated. (198 threads)
[2023-12-02T16:09:08.812+0000][2219.883s][info ][safepoint     ] Application time: 1.0005597 seconds
[2023-12-02T16:09:08.812+0000][2219.884s][info ][safepoint     ] Entering safepoint region: Cleanup
[2023-12-02T16:09:08.813+0000][2219.884s][info ][safepoint     ] Leaving safepoint region
[2023-12-02T16:09:08.813+0000][2219.885s][info ][safepoint     ] Total time for which application threads were stopped: 0.0008104 seconds, Stopping threads took: 0.0003208 seconds
[2023-12-02T16:09:09.813+0000][2220.885s][debug][safepoint     ] Safepoint synchronization initiated. (198 threads)
[2023-12-02T16:09:09.815+0000][2220.886s][info ][safepoint     ] Application time: 1.0013494 seconds
[2023-12-02T16:09:09.816+0000][2220.888s][info ][safepoint     ] Entering safepoint region: Cleanup
[2023-12-02T16:09:09.816+0000][2220.888s][info ][safepoint     ] Leaving safepoint region
[2023-12-02T16:09:09.817+0000][2220.888s][info ][safepoint     ] Total time for which application threads were stopped: 0.0009929 seconds, Stopping threads took: 0.0005152 seconds
[2023-12-02T16:09:10.817+0000][2221.889s][debug][safepoint     ] Safepoint synchronization initiated. (198 threads)
[2023-12-02T16:09:10.818+0000][2221.890s][info ][safepoint     ] Application time: 1.0016191 seconds
[2023-12-02T16:09:10.819+0000][2221.891s][info ][safepoint     ] Entering safepoint region: Cleanup
[2023-12-02T16:09:10.819+0000][2221.891s][info ][safepoint     ] Leaving safepoint region
[2023-12-02T16:09:10.820+0000][2221.891s][info ][safepoint     ] Total time for which application threads were stopped: 0.0008513 seconds, Stopping threads took: 0.0002932 seconds
[2023-12-02T16:09:11.820+0000][2222.892s][debug][safepoint     ] Safepoint synchronization initiated. (198 threads)
[2023-12-02T16:09:11.823+0000][2222.894s][info ][safepoint     ] Application time: 1.0027927 seconds
[2023-12-02T16:09:11.827+0000][2222.899s][info ][safepoint     ] Entering safepoint region: Cleanup
[2023-12-02T16:09:11.832+0000][2222.904s][info ][safepoint     ] Leaving safepoint region
[2023-12-02T16:09:11.839+0000][2222.910s][info ][safepoint     ] Total time for which application threads were stopped: 0.0113001 seconds, Stopping threads took: 0.0043901 seconds
[2023-12-02T16:09:12.853+0000][2223.924s][debug][safepoint     ] Safepoint synchronization initiated. (198 threads)
[2023-12-02T16:09:12.856+0000][2223.927s][info ][safepoint     ] Application time: 1.0031523 seconds
[2023-12-02T16:09:12.857+0000][2223.928s][info ][safepoint     ] Entering safepoint region: Cleanup
[2023-12-02T16:09:12.859+0000][2223.930s][info ][safepoint     ] Leaving safepoint region
[2023-12-02T16:09:12.860+0000][2223.931s][info ][safepoint     ] Total time for which application threads were stopped: 0.0032114 seconds, Stopping threads took: 0.0021110 seconds
[2023-12-02T16:09:13.863+0000][2224.935s][debug][safepoint     ] Safepoint synchronization initiated. (198 threads)
[2023-12-02T16:09:13.875+0000][2224.947s][info ][safepoint     ] Application time: 1.0122386 seconds
[2023-12-02T16:09:13.877+0000][2224.949s][info ][safepoint     ] Entering safepoint region: Cleanup
[2023-12-02T16:09:13.878+0000][2224.949s][info ][safepoint     ] Leaving safepoint region
[2023-12-02T16:09:13.881+0000][2224.952s][info ][safepoint     ] Total time for which application threads were stopped: 0.0035895 seconds, Stopping threads took: 0.0004346 seconds
[2023-12-02T16:09:14.883+0000][2225.955s][debug][safepoint     ] Safepoint synchronization initiated. (198 threads)
[2023-12-02T16:09:14.884+0000][2225.956s][info ][safepoint     ] Application time: 1.0008213 seconds
[2023-12-02T16:09:14.884+0000][2225.956s][info ][safepoint     ] Entering safepoint region: Cleanup
[2023-12-02T16:09:14.885+0000][2225.957s][info ][safepoint     ] Leaving safepoint region
[2023-12-02T16:09:14.885+0000][2225.957s][info ][safepoint     ] Total time for which application threads were stopped: 0.0009926 seconds, Stopping threads took: 0.0004394 seconds
[2023-12-02T16:09:15.886+0000][2226.957s][debug][safepoint     ] Safepoint synchronization initiated. (198 threads)
[2023-12-02T16:09:15.887+0000][2226.958s][info ][safepoint     ] Application time: 1.0010130 seconds
[2023-12-02T16:09:15.887+0000][2226.959s][info ][safepoint     ] Entering safepoint region: Cleanup
[2023-12-02T16:09:15.889+0000][2226.960s][info ][safepoint     ] Leaving safepoint region
[2023-12-02T16:09:15.889+0000][2226.961s][info ][safepoint     ] Total time for which application threads were stopped: 0.0017162 seconds, Stopping threads took: 0.0008770 seconds
[2023-12-02T16:09:16.890+0000][2227.961s][debug][safepoint     ] Safepoint synchronization initiated. (198 threads)
[2023-12-02T16:09:16.890+0000][2227.962s][info ][safepoint     ] Application time: 1.0010350 seconds
[2023-12-02T16:09:16.891+0000][2227.963s][info ][safepoint     ] Entering safepoint region: Cleanup
[2023-12-02T16:09:16.892+0000][2227.964s][info ][safepoint     ] Leaving safepoint region
[2023-12-02T16:09:16.892+0000][2227.964s][info ][safepoint     ] Total time for which application threads were stopped: 0.0013579 seconds, Stopping threads took: 0.0005560 seconds
[2023-12-02T16:09:17.893+0000][2228.965s][debug][safepoint     ] Safepoint synchronization initiated. (198 threads)
[2023-12-02T16:09:17.894+0000][2228.966s][info ][safepoint     ] Application time: 1.0011510 seconds
[2023-12-02T16:09:17.895+0000][2228.966s][info ][safepoint     ] Entering safepoint region: Cleanup
[2023-12-02T16:09:17.896+0000][2228.968s][info ][safepoint     ] Leaving safepoint region
[2023-12-02T16:09:17.896+0000][2228.968s][info ][safepoint     ] Total time for which application threads were stopped: 0.0018404 seconds, Stopping threads took: 0.0007335 seconds
[2023-12-02T16:09:18.897+0000][2229.969s][debug][safepoint     ] Safepoint synchronization initiated. (198 threads)
[2023-12-02T16:09:18.898+0000][2229.970s][info ][safepoint     ] Application time: 1.0008855 seconds
[2023-12-02T16:09:18.898+0000][2229.970s][info ][safepoint     ] Entering safepoint region: Cleanup
[2023-12-02T16:09:18.899+0000][2229.971s][info ][safepoint     ] Leaving safepoint region
[2023-12-02T16:09:18.900+0000][2229.972s][info ][safepoint     ] Total time for which application threads were stopped: 0.0014474 seconds, Stopping threads took: 0.0006670 seconds
[2023-12-02T16:09:19.900+0000][2230.972s][debug][safepoint     ] Safepoint synchronization initiated. (198 threads)
[2023-12-02T16:09:19.901+0000][2230.973s][info ][safepoint     ] Application time: 1.0012442 seconds
[2023-12-02T16:09:19.902+0000][2230.974s][info ][safepoint     ] Entering safepoint region: Cleanup
[2023-12-02T16:09:19.904+0000][2230.975s][info ][safepoint     ] Leaving safepoint region
[2023-12-02T16:09:19.904+0000][2230.976s][info ][safepoint     ] Total time for which application threads were stopped: 0.0019203 seconds, Stopping threads took: 0.0008660 seconds
[2023-12-02T16:09:20.905+0000][2231.977s][debug][safepoint     ] Safepoint synchronization initiated. (198 threads)
[2023-12-02T16:09:20.906+0000][2231.977s][info ][safepoint     ] Application time: 1.0008446 seconds
[2023-12-02T16:09:20.906+0000][2231.978s][info ][safepoint     ] Entering safepoint region: Cleanup
[2023-12-02T16:09:20.907+0000][2231.978s][info ][safepoint     ] Leaving safepoint region
[2023-12-02T16:09:20.907+0000][2231.979s][info ][safepoint     ] Total time for which application threads were stopped: 0.0010775 seconds, Stopping threads took: 0.0004586 seconds
[2023-12-02T16:09:21.907+0000][2232.979s][debug][safepoint     ] Safepoint synchronization initiated. (198 threads)
[2023-12-02T16:09:21.908+0000][2232.980s][info ][safepoint     ] Application time: 1.0004534 seconds
[2023-12-02T16:09:21.908+0000][2232.980s][info ][safepoint     ] Entering safepoint region: Cleanup
[2023-12-02T16:09:21.909+0000][2232.980s][info ][safepoint     ] Leaving safepoint region
[2023-12-02T16:09:21.909+0000][2232.980s][info ][safepoint     ] Total time for which application threads were stopped: 0.0006089 seconds, Stopping threads took: 0.0002458 seconds
[2023-12-02T16:09:22.909+0000][2233.981s][debug][safepoint     ] Safepoint synchronization initiated. (198 threads)
[2023-12-02T16:09:22.909+0000][2233.981s][info ][safepoint     ] Application time: 1.0003818 seconds
[2023-12-02T16:09:22.910+0000][2233.981s][info ][safepoint     ] Entering safepoint region: Cleanup
[2023-12-02T16:09:22.910+0000][2233.982s][info ][safepoint     ] Leaving safepoint region
[2023-12-02T16:09:22.910+0000][2233.982s][info ][safepoint     ] Total time for which application threads were stopped: 0.0006033 seconds, Stopping threads took: 0.0002124 seconds
[2023-12-02T16:09:23.910+0000][2234.982s][debug][safepoint     ] Safepoint synchronization initiated. (198 threads)
[2023-12-02T16:09:23.911+0000][2234.983s][info ][safepoint     ] Application time: 1.0010260 seconds
[2023-12-02T16:09:23.912+0000][2234.984s][info ][safepoint     ] Entering safepoint region: Cleanup
[2023-12-02T16:09:23.913+0000][2234.985s][info ][safepoint     ] Leaving safepoint region
[2023-12-02T16:09:23.915+0000][2234.987s][info ][safepoint     ] Total time for which application threads were stopped: 0.0032298 seconds, Stopping threads took: 0.0012348 seconds
[2023-12-02T16:09:24.916+0000][2235.988s][debug][safepoint     ] Safepoint synchronization initiated. (198 threads)
[2023-12-02T16:09:24.917+0000][2235.989s][info ][safepoint     ] Application time: 1.0004259 seconds
[2023-12-02T16:09:24.917+0000][2235.989s][info ][safepoint     ] Entering safepoint region: Cleanup
[2023-12-02T16:09:24.917+0000][2235.989s][info ][safepoint     ] Leaving safepoint region
[2023-12-02T16:09:24.917+0000][2235.989s][info ][safepoint     ] Total time for which application threads were stopped: 0.0005653 seconds, Stopping threads took: 0.0001723 seconds
[2023-12-02T16:09:25.918+0000][2236.990s][debug][safepoint     ] Safepoint synchronization initiated. (198 threads)
[2023-12-02T16:09:25.918+0000][2236.990s][info ][safepoint     ] Application time: 1.0007366 seconds
[2023-12-02T16:09:25.919+0000][2236.991s][info ][safepoint     ] Entering safepoint region: Cleanup
[2023-12-02T16:09:25.920+0000][2236.992s][info ][safepoint     ] Leaving safepoint region
[2023-12-02T16:09:25.920+0000][2236.992s][info ][safepoint     ] Total time for which application threads were stopped: 0.0009723 seconds, Stopping threads took: 0.0004466 seconds
[2023-12-02T16:09:26.920+0000][2237.992s][debug][safepoint     ] Safepoint synchronization initiated. (198 threads)
[2023-12-02T16:09:26.921+0000][2237.993s][info ][safepoint     ] Application time: 1.0009774 seconds
[2023-12-02T16:09:26.922+0000][2237.994s][info ][safepoint     ] Entering safepoint region: Cleanup
[2023-12-02T16:09:26.923+0000][2237.995s][info ][safepoint     ] Leaving safepoint region
[2023-12-02T16:09:26.924+0000][2237.996s][info ][safepoint     ] Total time for which application threads were stopped: 0.0017715 seconds, Stopping threads took: 0.0007793 seconds
[2023-12-02T16:09:27.925+0000][2238.996s][debug][safepoint     ] Safepoint synchronization initiated. (198 threads)
[2023-12-02T16:09:27.925+0000][2238.997s][info ][safepoint     ] Application time: 1.0006326 seconds
[2023-12-02T16:09:27.925+0000][2238.997s][info ][safepoint     ] Entering safepoint region: Cleanup
[2023-12-02T16:09:27.926+0000][2238.998s][info ][safepoint     ] Leaving safepoint region
[2023-12-02T16:09:27.926+0000][2238.998s][info ][safepoint     ] Total time for which application threads were stopped: 0.0008897 seconds, Stopping threads took: 0.0003898 seconds
[2023-12-02T16:09:28.927+0000][2239.999s][debug][safepoint     ] Safepoint synchronization initiated. (198 threads)
[2023-12-02T16:09:28.927+0000][2239.999s][info ][safepoint     ] Application time: 1.0007524 seconds
[2023-12-02T16:09:28.928+0000][2240.000s][info ][safepoint     ] Entering safepoint region: Cleanup
[2023-12-02T16:09:28.928+0000][2240.000s][info ][safepoint     ] Leaving safepoint region
[2023-12-02T16:09:28.929+0000][2240.000s][info ][safepoint     ] Total time for which application threads were stopped: 0.0009771 seconds, Stopping threads took: 0.0004217 seconds
[2023-12-02T16:09:29.929+0000][2241.001s][debug][safepoint     ] Safepoint synchronization initiated. (198 threads)
[2023-12-02T16:09:29.929+0000][2241.001s][info ][safepoint     ] Application time: 1.0004901 seconds
[2023-12-02T16:09:29.930+0000][2241.002s][info ][safepoint     ] Entering safepoint region: Cleanup
[2023-12-02T16:09:29.930+0000][2241.002s][info ][safepoint     ] Leaving safepoint region
[2023-12-02T16:09:29.930+0000][2241.002s][info ][safepoint     ] Total time for which application threads were stopped: 0.0007003 seconds, Stopping threads took: 0.0003150 seconds
[2023-12-02T16:09:30.931+0000][2242.003s][debug][safepoint     ] Safepoint synchronization initiated. (198 threads)
[2023-12-02T16:09:30.932+0000][2242.004s][info ][safepoint     ] Application time: 1.0012421 seconds
[2023-12-02T16:09:30.932+0000][2242.004s][info ][safepoint     ] Entering safepoint region: Cleanup
[2023-12-02T16:09:30.932+0000][2242.004s][info ][safepoint     ] Leaving safepoint region
[2023-12-02T16:09:30.933+0000][2242.005s][info ][safepoint     ] Total time for which application threads were stopped: 0.0007323 seconds, Stopping threads took: 0.0002264 seconds
[2023-12-02T16:09:31.933+0000][2243.005s][debug][safepoint     ] Safepoint synchronization initiated. (198 threads)
[2023-12-02T16:09:31.933+0000][2243.005s][info ][safepoint     ] Application time: 1.0005403 seconds
[2023-12-02T16:09:31.934+0000][2243.006s][info ][safepoint     ] Entering safepoint region: Cleanup
[2023-12-02T16:09:31.934+0000][2243.006s][info ][safepoint     ] Leaving safepoint region
[2023-12-02T16:09:31.934+0000][2243.006s][info ][safepoint     ] Total time for which application threads were stopped: 0.0007279 seconds, Stopping threads took: 0.0003264 seconds
[2023-12-02T16:09:32.935+0000][2244.007s][debug][safepoint     ] Safepoint synchronization initiated. (198 threads)
[2023-12-02T16:09:32.935+0000][2244.007s][info ][safepoint     ] Application time: 1.0003446 seconds
[2023-12-02T16:09:32.935+0000][2244.007s][info ][safepoint     ] Entering safepoint region: Cleanup
[2023-12-02T16:09:32.936+0000][2244.007s][info ][safepoint     ] Leaving safepoint region
[2023-12-02T16:09:32.936+0000][2244.008s][info ][safepoint     ] Total time for which application threads were stopped: 0.0006587 seconds, Stopping threads took: 0.0001812 seconds
[2023-12-02T16:09:33.936+0000][2245.008s][debug][safepoint     ] Safepoint synchronization initiated. (198 threads)
[2023-12-02T16:09:33.936+0000][2245.008s][info ][safepoint     ] Application time: 1.0006198 seconds
[2023-12-02T16:09:33.937+0000][2245.009s][info ][safepoint     ] Entering safepoint region: Cleanup
[2023-12-02T16:09:33.938+0000][2245.009s][info ][safepoint     ] Leaving safepoint region
[2023-12-02T16:09:33.938+0000][2245.010s][info ][safepoint     ] Total time for which application threads were stopped: 0.0010664 seconds, Stopping threads took: 0.0004505 seconds
[2023-12-02T16:09:34.938+0000][2246.010s][debug][safepoint     ] Safepoint synchronization initiated. (198 threads)
[2023-12-02T16:09:34.939+0000][2246.011s][info ][safepoint     ] Application time: 1.0006542 seconds
[2023-12-02T16:09:34.939+0000][2246.011s][info ][safepoint     ] Entering safepoint region: Cleanup
[2023-12-02T16:09:34.940+0000][2246.012s][info ][safepoint     ] Leaving safepoint region
[2023-12-02T16:09:34.940+0000][2246.012s][info ][safepoint     ] Total time for which application threads were stopped: 0.0009787 seconds, Stopping threads took: 0.0003963 seconds
[2023-12-02T16:09:35.941+0000][2247.013s][debug][safepoint     ] Safepoint synchronization initiated. (198 threads)
[2023-12-02T16:09:35.941+0000][2247.013s][info ][safepoint     ] Application time: 1.0007173 seconds
[2023-12-02T16:09:35.942+0000][2247.014s][info ][safepoint     ] Entering safepoint region: Cleanup
[2023-12-02T16:09:35.942+0000][2247.014s][info ][safepoint     ] Leaving safepoint region
[2023-12-02T16:09:35.943+0000][2247.015s][info ][safepoint     ] Total time for which application threads were stopped: 0.0009643 seconds, Stopping threads took: 0.0004565 seconds
[2023-12-02T16:09:36.943+0000][2248.015s][debug][safepoint     ] Safepoint synchronization initiated. (198 threads)
[2023-12-02T16:09:36.944+0000][2248.016s][info ][safepoint     ] Application time: 1.0006765 seconds
[2023-12-02T16:09:36.944+0000][2248.016s][info ][safepoint     ] Entering safepoint region: Cleanup
[2023-12-02T16:09:36.944+0000][2248.016s][info ][safepoint     ] Leaving safepoint region
[2023-12-02T16:09:36.945+0000][2248.017s][info ][safepoint     ] Total time for which application threads were stopped: 0.0007507 seconds, Stopping threads took: 0.0002987 seconds
[2023-12-02T16:09:37.945+0000][2249.017s][debug][safepoint     ] Safepoint synchronization initiated. (198 threads)
[2023-12-02T16:09:37.946+0000][2249.018s][info ][safepoint     ] Application time: 1.0006537 seconds
[2023-12-02T16:09:37.946+0000][2249.018s][info ][safepoint     ] Entering safepoint region: Cleanup
[2023-12-02T16:09:37.947+0000][2249.019s][info ][safepoint     ] Leaving safepoint region
[2023-12-02T16:09:37.947+0000][2249.019s][info ][safepoint     ] Total time for which application threads were stopped: 0.0010120 seconds, Stopping threads took: 0.0004148 seconds
[2023-12-02T16:09:38.948+0000][2250.020s][debug][safepoint     ] Safepoint synchronization initiated. (198 threads)
[2023-12-02T16:09:38.948+0000][2250.020s][info ][safepoint     ] Application time: 1.0006428 seconds
[2023-12-02T16:09:38.949+0000][2250.021s][info ][safepoint     ] Entering safepoint region: Cleanup
[2023-12-02T16:09:38.949+0000][2250.021s][info ][safepoint     ] Leaving safepoint region
[2023-12-02T16:09:38.950+0000][2250.022s][info ][safepoint     ] Total time for which application threads were stopped: 0.0010459 seconds, Stopping threads took: 0.0004551 seconds
[2023-12-02T16:09:39.950+0000][2251.022s][debug][safepoint     ] Safepoint synchronization initiated. (198 threads)
[2023-12-02T16:09:39.951+0000][2251.023s][info ][safepoint     ] Application time: 1.0007544 seconds
[2023-12-02T16:09:39.951+0000][2251.023s][info ][safepoint     ] Entering safepoint region: Cleanup
[2023-12-02T16:09:39.952+0000][2251.024s][info ][safepoint     ] Leaving safepoint region
[2023-12-02T16:09:39.952+0000][2251.024s][info ][safepoint     ] Total time for which application threads were stopped: 0.0010958 seconds, Stopping threads took: 0.0005057 seconds
[2023-12-02T16:09:40.953+0000][2252.025s][debug][safepoint     ] Safepoint synchronization initiated. (198 threads)
[2023-12-02T16:09:40.953+0000][2252.025s][info ][safepoint     ] Application time: 1.0008224 seconds
[2023-12-02T16:09:40.954+0000][2252.026s][info ][safepoint     ] Entering safepoint region: Cleanup
[2023-12-02T16:09:40.954+0000][2252.026s][info ][safepoint     ] Leaving safepoint region
[2023-12-02T16:09:40.955+0000][2252.027s][info ][safepoint     ] Total time for which application threads were stopped: 0.0010232 seconds, Stopping threads took: 0.0004292 seconds
[2023-12-02T16:09:41.956+0000][2253.027s][debug][safepoint     ] Safepoint synchronization initiated. (198 threads)
[2023-12-02T16:09:41.956+0000][2253.028s][info ][safepoint     ] Application time: 1.0008807 seconds
[2023-12-02T16:09:41.957+0000][2253.029s][info ][safepoint     ] Entering safepoint region: Cleanup
[2023-12-02T16:09:41.957+0000][2253.029s][info ][safepoint     ] Leaving safepoint region
[2023-12-02T16:09:41.958+0000][2253.030s][info ][safepoint     ] Total time for which application threads were stopped: 0.0010799 seconds, Stopping threads took: 0.0004461 seconds
[2023-12-02T16:09:42.958+0000][2254.030s][debug][safepoint     ] Safepoint synchronization initiated. (198 threads)
[2023-12-02T16:09:42.959+0000][2254.031s][info ][safepoint     ] Application time: 1.0006087 seconds
[2023-12-02T16:09:42.959+0000][2254.031s][info ][safepoint     ] Entering safepoint region: Cleanup
[2023-12-02T16:09:42.960+0000][2254.032s][info ][safepoint     ] Leaving safepoint region
[2023-12-02T16:09:42.960+0000][2254.032s][info ][safepoint     ] Total time for which application threads were stopped: 0.0013794 seconds, Stopping threads took: 0.0004868 seconds
[2023-12-02T16:09:43.961+0000][2255.033s][debug][safepoint     ] Safepoint synchronization initiated. (198 threads)
[2023-12-02T16:09:43.962+0000][2255.034s][info ][safepoint     ] Application time: 1.0011587 seconds
[2023-12-02T16:09:43.963+0000][2255.034s][info ][safepoint     ] Entering safepoint region: Cleanup
[2023-12-02T16:09:43.964+0000][2255.036s][info ][safepoint     ] Leaving safepoint region
[2023-12-02T16:09:43.964+0000][2255.036s][info ][safepoint     ] Total time for which application threads were stopped: 0.0019393 seconds, Stopping threads took: 0.0008029 seconds
[2023-12-02T16:09:44.965+0000][2256.037s][debug][safepoint     ] Safepoint synchronization initiated. (198 threads)
[2023-12-02T16:09:44.966+0000][2256.038s][info ][safepoint     ] Application time: 1.0008975 seconds
[2023-12-02T16:09:44.966+0000][2256.038s][info ][safepoint     ] Entering safepoint region: Cleanup
[2023-12-02T16:09:44.967+0000][2256.039s][info ][safepoint     ] Leaving safepoint region
[2023-12-02T16:09:44.967+0000][2256.039s][info ][safepoint     ] Total time for which application threads were stopped: 0.0010970 seconds, Stopping threads took: 0.0004964 seconds
[2023-12-02T16:09:45.968+0000][2257.040s][debug][safepoint     ] Safepoint synchronization initiated. (198 threads)
[2023-12-02T16:09:45.969+0000][2257.041s][info ][safepoint     ] Application time: 1.0008384 seconds
[2023-12-02T16:09:45.969+0000][2257.041s][info ][safepoint     ] Entering safepoint region: Cleanup
[2023-12-02T16:09:45.970+0000][2257.042s][info ][safepoint     ] Leaving safepoint region
[2023-12-02T16:09:45.971+0000][2257.043s][info ][safepoint     ] Total time for which application threads were stopped: 0.0015639 seconds, Stopping threads took: 0.0007254 seconds
[2023-12-02T16:09:46.972+0000][2258.044s][debug][safepoint     ] Safepoint synchronization initiated. (198 threads)
[2023-12-02T16:09:46.972+0000][2258.044s][info ][safepoint     ] Application time: 1.0007927 seconds
[2023-12-02T16:09:46.973+0000][2258.045s][info ][safepoint     ] Entering safepoint region: Cleanup
[2023-12-02T16:09:46.973+0000][2258.045s][info ][safepoint     ] Leaving safepoint region
[2023-12-02T16:09:46.974+0000][2258.046s][info ][safepoint     ] Total time for which application threads were stopped: 0.0010393 seconds, Stopping threads took: 0.0004772 seconds
[2023-12-02T16:09:47.974+0000][2259.046s][debug][safepoint     ] Safepoint synchronization initiated. (198 threads)
[2023-12-02T16:09:47.975+0000][2259.047s][info ][safepoint     ] Application time: 1.0010546 seconds
[2023-12-02T16:09:47.976+0000][2259.048s][info ][safepoint     ] Entering safepoint region: Cleanup
[2023-12-02T16:09:47.976+0000][2259.048s][info ][safepoint     ] Leaving safepoint region
[2023-12-02T16:09:47.977+0000][2259.049s][info ][safepoint     ] Total time for which application threads were stopped: 0.0013404 seconds, Stopping threads took: 0.0005361 seconds
[2023-12-02T16:09:48.978+0000][2260.050s][debug][safepoint     ] Safepoint synchronization initiated. (198 threads)
[2023-12-02T16:09:48.978+0000][2260.050s][info ][safepoint     ] Application time: 1.0009296 seconds
[2023-12-02T16:09:48.979+0000][2260.051s][info ][safepoint     ] Entering safepoint region: Cleanup
[2023-12-02T16:09:48.980+0000][2260.052s][info ][safepoint     ] Leaving safepoint region
[2023-12-02T16:09:48.980+0000][2260.052s][info ][safepoint     ] Total time for which application threads were stopped: 0.0013126 seconds, Stopping threads took: 0.0006755 seconds
[2023-12-02T16:09:49.981+0000][2261.053s][debug][safepoint     ] Safepoint synchronization initiated. (198 threads)
[2023-12-02T16:09:49.982+0000][2261.054s][info ][safepoint     ] Application time: 1.0013248 seconds
[2023-12-02T16:09:49.983+0000][2261.055s][info ][safepoint     ] Entering safepoint region: Cleanup
[2023-12-02T16:09:49.984+0000][2261.056s][info ][safepoint     ] Leaving safepoint region
[2023-12-02T16:09:49.985+0000][2261.057s][info ][safepoint     ] Total time for which application threads were stopped: 0.0020868 seconds, Stopping threads took: 0.0008430 seconds
[2023-12-02T16:09:50.986+0000][2262.058s][debug][safepoint     ] Safepoint synchronization initiated. (198 threads)
[2023-12-02T16:09:50.987+0000][2262.059s][info ][safepoint     ] Application time: 1.0011976 seconds
[2023-12-02T16:09:50.988+0000][2262.060s][info ][safepoint     ] Entering safepoint region: Cleanup
[2023-12-02T16:09:50.989+0000][2262.061s][info ][safepoint     ] Leaving safepoint region
[2023-12-02T16:09:50.989+0000][2262.061s][info ][safepoint     ] Total time for which application threads were stopped: 0.0019574 seconds, Stopping threads took: 0.0008200 seconds
[2023-12-02T16:09:51.990+0000][2263.062s][debug][safepoint     ] Safepoint synchronization initiated. (198 threads)
[2023-12-02T16:09:51.991+0000][2263.063s][info ][safepoint     ] Application time: 1.0006414 seconds
[2023-12-02T16:09:51.991+0000][2263.063s][info ][safepoint     ] Entering safepoint region: Cleanup
[2023-12-02T16:09:51.992+0000][2263.064s][info ][safepoint     ] Leaving safepoint region
[2023-12-02T16:09:51.992+0000][2263.064s][info ][safepoint     ] Total time for which application threads were stopped: 0.0008388 seconds, Stopping threads took: 0.0003627 seconds
[2023-12-02T16:09:52.992+0000][2264.064s][debug][safepoint     ] Safepoint synchronization initiated. (198 threads)
[2023-12-02T16:09:52.993+0000][2264.065s][info ][safepoint     ] Application time: 1.0007409 seconds
[2023-12-02T16:09:52.993+0000][2264.065s][info ][safepoint     ] Entering safepoint region: Cleanup
[2023-12-02T16:09:52.994+0000][2264.066s][info ][safepoint     ] Leaving safepoint region
[2023-12-02T16:09:52.994+0000][2264.066s][info ][safepoint     ] Total time for which application threads were stopped: 0.0009576 seconds, Stopping threads took: 0.0004103 seconds
[2023-12-02T16:09:53.995+0000][2265.067s][debug][safepoint     ] Safepoint synchronization initiated. (198 threads)
[2023-12-02T16:09:53.996+0000][2265.067s][info ][safepoint     ] Application time: 1.0010403 seconds
[2023-12-02T16:09:53.996+0000][2265.068s][info ][safepoint     ] Entering safepoint region: Cleanup
[2023-12-02T16:09:53.998+0000][2265.069s][info ][safepoint     ] Leaving safepoint region
[2023-12-02T16:09:53.998+0000][2265.070s][info ][safepoint     ] Total time for which application threads were stopped: 0.0020221 seconds, Stopping threads took: 0.0008569 seconds
[2023-12-02T16:09:54.999+0000][2266.071s][debug][safepoint     ] Safepoint synchronization initiated. (198 threads)
[2023-12-02T16:09:55.000+0000][2266.072s][info ][safepoint     ] Application time: 1.0006772 seconds
[2023-12-02T16:09:55.000+0000][2266.072s][info ][safepoint     ] Entering safepoint region: Cleanup
[2023-12-02T16:09:55.001+0000][2266.073s][info ][safepoint     ] Leaving safepoint region
[2023-12-02T16:09:55.001+0000][2266.073s][info ][safepoint     ] Total time for which application threads were stopped: 0.0011966 seconds, Stopping threads took: 0.0005247 seconds
[2023-12-02T16:09:56.002+0000][2267.074s][debug][safepoint     ] Safepoint synchronization initiated. (198 threads)
[2023-12-02T16:09:56.003+0000][2267.075s][info ][safepoint     ] Application time: 1.0011714 seconds
[2023-12-02T16:09:56.004+0000][2267.076s][info ][safepoint     ] Entering safepoint region: Cleanup
[2023-12-02T16:09:56.005+0000][2267.077s][info ][safepoint     ] Leaving safepoint region
[2023-12-02T16:09:56.005+0000][2267.077s][info ][safepoint     ] Total time for which application threads were stopped: 0.0017229 seconds, Stopping threads took: 0.0007240 seconds
[2023-12-02T16:09:56.005+0000][2267.077s][debug][safepoint     ] ... found polling page return exception at pc = 0x00007f43fc9de0c4, stub =0x00007f43f4840600
[2023-12-02T16:09:56.005+0000][2267.077s][debug][safepoint     ] ... found polling page return exception at pc = 0x00007f43fc9de0c4, stub =0x00007f43f4840600
[2023-12-02T16:09:56.005+0000][2267.077s][debug][safepoint     ] ... found polling page return exception at pc = 0x00007f43fc9de0c4, stub =0x00007f43f4840600
[2023-12-02T16:09:56.005+0000][2267.077s][debug][safepoint     ] ... found polling page return exception at pc = 0x00007f43fc9de0c4, stub =0x00007f43f4840600
[2023-12-02T16:09:56.005+0000][2267.077s][debug][safepoint     ] ... found polling page return exception at pc = 0x00007f43fc9de0c4, stub =0x00007f43f4840600
[2023-12-02T16:09:56.005+0000][2267.077s][debug][safepoint     ] ... found polling page return exception at pc = 0x00007f43fc9de0c4, stub =0x00007f43f4840600
[2023-12-02T16:09:56.005+0000][2267.077s][debug][safepoint     ] ... found polling page return exception at pc = 0x00007f43fc9de0c4, stub =0x00007f43f4840600
[2023-12-02T16:09:57.006+0000][2268.078s][debug][safepoint     ] Safepoint synchronization initiated. (198 threads)
[2023-12-02T16:09:57.007+0000][2268.079s][info ][safepoint     ] Application time: 1.0006447 seconds
[2023-12-02T16:09:57.007+0000][2268.079s][info ][safepoint     ] Entering safepoint region: Cleanup
[2023-12-02T16:09:57.008+0000][2268.080s][info ][safepoint     ] Leaving safepoint region
[2023-12-02T16:09:57.008+0000][2268.080s][info ][safepoint     ] Total time for which application threads were stopped: 0.0008238 seconds, Stopping threads took: 0.0003718 seconds
[2023-12-02T16:09:58.008+0000][2269.080s][debug][safepoint     ] Safepoint synchronization initiated. (198 threads)
[2023-12-02T16:09:58.009+0000][2269.081s][info ][safepoint     ] Application time: 1.0011505 seconds
[2023-12-02T16:09:58.010+0000][2269.082s][info ][safepoint     ] Entering safepoint region: Cleanup
[2023-12-02T16:09:58.011+0000][2269.083s][info ][safepoint     ] Leaving safepoint region
[2023-12-02T16:09:58.012+0000][2269.084s][info ][safepoint     ] Total time for which application threads were stopped: 0.0021120 seconds, Stopping threads took: 0.0008688 seconds
[2023-12-02T16:09:59.014+0000][2270.085s][debug][safepoint     ] Safepoint synchronization initiated. (198 threads)
[2023-12-02T16:09:59.015+0000][2270.086s][info ][safepoint     ] Application time: 1.0014069 seconds
[2023-12-02T16:09:59.016+0000][2270.087s][info ][safepoint     ] Entering safepoint region: Cleanup
[2023-12-02T16:09:59.017+0000][2270.089s][info ][safepoint     ] Leaving safepoint region
[2023-12-02T16:09:59.018+0000][2270.089s][info ][safepoint     ] Total time for which application threads were stopped: 0.0019916 seconds, Stopping threads took: 0.0008460 seconds
[2023-12-02T16:10:00.018+0000][2271.090s][debug][safepoint     ] Safepoint synchronization initiated. (198 threads)
[2023-12-02T16:10:00.019+0000][2271.091s][info ][safepoint     ] Application time: 1.0007355 seconds
[2023-12-02T16:10:00.020+0000][2271.091s][info ][safepoint     ] Entering safepoint region: Cleanup
[2023-12-02T16:10:00.020+0000][2271.092s][info ][safepoint     ] Leaving safepoint region
[2023-12-02T16:10:00.020+0000][2271.092s][info ][safepoint     ] Total time for which application threads were stopped: 0.0009085 seconds, Stopping threads took: 0.0004444 seconds
[2023-12-02T16:10:01.021+0000][2272.093s][debug][safepoint     ] Safepoint synchronization initiated. (198 threads)
[2023-12-02T16:10:01.022+0000][2272.094s][info ][safepoint     ] Application time: 1.0011352 seconds
[2023-12-02T16:10:01.023+0000][2272.095s][info ][safepoint     ] Entering safepoint region: Cleanup
[2023-12-02T16:10:01.024+0000][2272.096s][info ][safepoint     ] Leaving safepoint region
[2023-12-02T16:10:01.024+0000][2272.096s][info ][safepoint     ] Total time for which application threads were stopped: 0.0017864 seconds, Stopping threads took: 0.0007880 seconds
[2023-12-02T16:10:02.025+0000][2273.097s][debug][safepoint     ] Safepoint synchronization initiated. (198 threads)
[2023-12-02T16:10:02.026+0000][2273.098s][info ][safepoint     ] Application time: 1.0009778 seconds
[2023-12-02T16:10:02.027+0000][2273.099s][info ][safepoint     ] Entering safepoint region: Cleanup
[2023-12-02T16:10:02.028+0000][2273.099s][info ][safepoint     ] Leaving safepoint region
[2023-12-02T16:10:02.028+0000][2273.100s][info ][safepoint     ] Total time for which application threads were stopped: 0.0013908 seconds, Stopping threads took: 0.0005849 seconds
[2023-12-02T16:10:03.029+0000][2274.101s][debug][safepoint     ] Safepoint synchronization initiated. (198 threads)
[2023-12-02T16:10:03.029+0000][2274.101s][info ][safepoint     ] Application time: 1.0008005 seconds
[2023-12-02T16:10:03.030+0000][2274.102s][info ][safepoint     ] Entering safepoint region: Cleanup
[2023-12-02T16:10:03.031+0000][2274.103s][info ][safepoint     ] Leaving safepoint region
[2023-12-02T16:10:03.032+0000][2274.104s][info ][safepoint     ] Total time for which application threads were stopped: 0.0016768 seconds, Stopping threads took: 0.0008003 seconds
[2023-12-02T16:10:04.032+0000][2275.104s][debug][safepoint     ] Safepoint synchronization initiated. (198 threads)
[2023-12-02T16:10:04.033+0000][2275.105s][info ][safepoint     ] Application time: 1.0009122 seconds
[2023-12-02T16:10:04.034+0000][2275.106s][info ][safepoint     ] Entering safepoint region: Cleanup
[2023-12-02T16:10:04.036+0000][2275.108s][info ][safepoint     ] Leaving safepoint region
[2023-12-02T16:10:04.036+0000][2275.108s][info ][safepoint     ] Total time for which application threads were stopped: 0.0023156 seconds, Stopping threads took: 0.0010823 seconds
[2023-12-02T16:10:05.037+0000][2276.109s][debug][safepoint     ] Safepoint synchronization initiated. (198 threads)
[2023-12-02T16:10:05.037+0000][2276.109s][info ][safepoint     ] Application time: 1.0008542 seconds
[2023-12-02T16:10:05.038+0000][2276.110s][info ][safepoint     ] Entering safepoint region: Cleanup
[2023-12-02T16:10:05.038+0000][2276.110s][info ][safepoint     ] Leaving safepoint region
[2023-12-02T16:10:05.039+0000][2276.111s][info ][safepoint     ] Total time for which application threads were stopped: 0.0010761 seconds, Stopping threads took: 0.0004941 seconds
[2023-12-02T16:10:06.039+0000][2277.111s][debug][safepoint     ] Safepoint synchronization initiated. (198 threads)
[2023-12-02T16:10:06.040+0000][2277.112s][info ][safepoint     ] Application time: 1.0007523 seconds
[2023-12-02T16:10:06.040+0000][2277.112s][info ][safepoint     ] Entering safepoint region: Cleanup
[2023-12-02T16:10:06.041+0000][2277.113s][info ][safepoint     ] Leaving safepoint region
[2023-12-02T16:10:06.041+0000][2277.113s][info ][safepoint     ] Total time for which application threads were stopped: 0.0009786 seconds, Stopping threads took: 0.0003994 seconds
[2023-12-02T16:10:07.042+0000][2278.114s][debug][safepoint     ] Safepoint synchronization initiated. (198 threads)
[2023-12-02T16:10:07.043+0000][2278.115s][info ][safepoint     ] Application time: 1.0012912 seconds
[2023-12-02T16:10:07.044+0000][2278.115s][info ][safepoint     ] Entering safepoint region: Cleanup
[2023-12-02T16:10:07.045+0000][2278.116s][info ][safepoint     ] Leaving safepoint region
[2023-12-02T16:10:07.045+0000][2278.117s][info ][safepoint     ] Total time for which application threads were stopped: 0.0017365 seconds, Stopping threads took: 0.0006919 seconds
[2023-12-02T16:10:08.046+0000][2279.118s][debug][safepoint     ] Safepoint synchronization initiated. (199 threads)
[2023-12-02T16:10:08.047+0000][2279.119s][info ][safepoint     ] Application time: 1.0010192 seconds
[2023-12-02T16:10:08.048+0000][2279.120s][info ][safepoint     ] Entering safepoint region: Cleanup
[2023-12-02T16:10:08.049+0000][2279.120s][info ][safepoint     ] Leaving safepoint region
[2023-12-02T16:10:08.049+0000][2279.121s][info ][safepoint     ] Total time for which application threads were stopped: 0.0014943 seconds, Stopping threads took: 0.0006306 seconds
[2023-12-02T16:10:09.050+0000][2280.122s][debug][safepoint     ] Safepoint synchronization initiated. (200 threads)
[2023-12-02T16:10:09.050+0000][2280.122s][info ][safepoint     ] Application time: 1.0008563 seconds
[2023-12-02T16:10:09.051+0000][2280.123s][info ][safepoint     ] Entering safepoint region: Cleanup
[2023-12-02T16:10:09.052+0000][2280.124s][info ][safepoint     ] Leaving safepoint region
[2023-12-02T16:10:09.053+0000][2280.125s][info ][safepoint     ] Total time for which application threads were stopped: 0.0015738 seconds, Stopping threads took: 0.0006991 seconds
[2023-12-02T16:10:10.053+0000][2281.125s][debug][safepoint     ] Safepoint synchronization initiated. (200 threads)
[2023-12-02T16:10:10.054+0000][2281.126s][info ][safepoint     ] Application time: 1.0008379 seconds
[2023-12-02T16:10:10.055+0000][2281.127s][info ][safepoint     ] Entering safepoint region: Cleanup
[2023-12-02T16:10:10.055+0000][2281.127s][info ][safepoint     ] Leaving safepoint region
[2023-12-02T16:10:10.056+0000][2281.128s][info ][safepoint     ] Total time for which application threads were stopped: 0.0011715 seconds, Stopping threads took: 0.0004174 seconds
[2023-12-02T16:10:11.057+0000][2282.129s][debug][safepoint     ] Safepoint synchronization initiated. (200 threads)
[2023-12-02T16:10:11.058+0000][2282.130s][info ][safepoint     ] Application time: 1.0012929 seconds
[2023-12-02T16:10:11.059+0000][2282.131s][info ][safepoint     ] Entering safepoint region: Cleanup
[2023-12-02T16:10:11.060+0000][2282.132s][info ][safepoint     ] Leaving safepoint region
[2023-12-02T16:10:11.060+0000][2282.132s][info ][safepoint     ] Total time for which application threads were stopped: 0.0018400 seconds, Stopping threads took: 0.0007583 seconds
[2023-12-02T16:10:12.061+0000][2283.133s][debug][safepoint     ] Safepoint synchronization initiated. (200 threads)
[2023-12-02T16:10:12.062+0000][2283.134s][info ][safepoint     ] Application time: 1.0007826 seconds
[2023-12-02T16:10:12.062+0000][2283.134s][info ][safepoint     ] Entering safepoint region: Cleanup
[2023-12-02T16:10:12.063+0000][2283.135s][info ][safepoint     ] Leaving safepoint region
[2023-12-02T16:10:12.063+0000][2283.135s][info ][safepoint     ] Total time for which application threads were stopped: 0.0011038 seconds, Stopping threads took: 0.0005639 seconds
[2023-12-02T16:10:13.064+0000][2284.136s][debug][safepoint     ] Safepoint synchronization initiated. (200 threads)
[2023-12-02T16:10:13.065+0000][2284.137s][info ][safepoint     ] Application time: 1.0012903 seconds
[2023-12-02T16:10:13.066+0000][2284.138s][info ][safepoint     ] Entering safepoint region: Cleanup
[2023-12-02T16:10:13.067+0000][2284.139s][info ][safepoint     ] Leaving safepoint region
[2023-12-02T16:10:13.068+0000][2284.140s][info ][safepoint     ] Total time for which application threads were stopped: 0.0019449 seconds, Stopping threads took: 0.0008561 seconds
[2023-12-02T16:10:14.069+0000][2285.141s][debug][safepoint     ] Safepoint synchronization initiated. (200 threads)
[2023-12-02T16:10:14.069+0000][2285.141s][info ][safepoint     ] Application time: 1.0010220 seconds
[2023-12-02T16:10:14.070+0000][2285.142s][info ][safepoint     ] Entering safepoint region: Cleanup
[2023-12-02T16:10:14.071+0000][2285.143s][info ][safepoint     ] Leaving safepoint region
[2023-12-02T16:10:14.072+0000][2285.144s][info ][safepoint     ] Total time for which application threads were stopped: 0.0017342 seconds, Stopping threads took: 0.0007770 seconds
[2023-12-02T16:10:15.073+0000][2286.145s][debug][safepoint     ] Safepoint synchronization initiated. (200 threads)
[2023-12-02T16:10:15.074+0000][2286.146s][info ][safepoint     ] Application time: 1.0013093 seconds
[2023-12-02T16:10:15.075+0000][2286.147s][info ][safepoint     ] Entering safepoint region: Cleanup
[2023-12-02T16:10:15.076+0000][2286.148s][info ][safepoint     ] Leaving safepoint region
[2023-12-02T16:10:15.077+0000][2286.149s][info ][safepoint     ] Total time for which application threads were stopped: 0.0018114 seconds, Stopping threads took: 0.0007140 seconds
[2023-12-02T16:10:16.078+0000][2287.149s][debug][safepoint     ] Safepoint synchronization initiated. (200 threads)
[2023-12-02T16:10:16.078+0000][2287.150s][info ][safepoint     ] Application time: 1.0009985 seconds
[2023-12-02T16:10:16.079+0000][2287.151s][info ][safepoint     ] Entering safepoint region: Cleanup
[2023-12-02T16:10:16.080+0000][2287.151s][info ][safepoint     ] Leaving safepoint region
[2023-12-02T16:10:16.080+0000][2287.152s][info ][safepoint     ] Total time for which application threads were stopped: 0.0010946 seconds, Stopping threads took: 0.0005242 seconds
[2023-12-02T16:10:17.080+0000][2288.152s][debug][safepoint     ] Safepoint synchronization initiated. (200 threads)
[2023-12-02T16:10:17.081+0000][2288.153s][info ][safepoint     ] Application time: 1.0007680 seconds
[2023-12-02T16:10:17.081+0000][2288.153s][info ][safepoint     ] Entering safepoint region: Cleanup
[2023-12-02T16:10:17.082+0000][2288.154s][info ][safepoint     ] Leaving safepoint region
[2023-12-02T16:10:17.082+0000][2288.154s][info ][safepoint     ] Total time for which application threads were stopped: 0.0010881 seconds, Stopping threads took: 0.0004888 seconds
[2023-12-02T16:10:18.083+0000][2289.155s][debug][safepoint     ] Safepoint synchronization initiated. (200 threads)
[2023-12-02T16:10:18.084+0000][2289.156s][info ][safepoint     ] Application time: 1.0010624 seconds
[2023-12-02T16:10:18.084+0000][2289.156s][info ][safepoint     ] Entering safepoint region: Cleanup
[2023-12-02T16:10:18.085+0000][2289.157s][info ][safepoint     ] Leaving safepoint region
[2023-12-02T16:10:18.086+0000][2289.158s][info ][safepoint     ] Total time for which application threads were stopped: 0.0014378 seconds, Stopping threads took: 0.0006720 seconds
[2023-12-02T16:10:19.087+0000][2290.159s][debug][safepoint     ] Safepoint synchronization initiated. (200 threads)
[2023-12-02T16:10:19.088+0000][2290.159s][info ][safepoint     ] Application time: 1.0012229 seconds
[2023-12-02T16:10:19.088+0000][2290.160s][info ][safepoint     ] Entering safepoint region: Cleanup
[2023-12-02T16:10:19.089+0000][2290.161s][info ][safepoint     ] Leaving safepoint region
[2023-12-02T16:10:19.090+0000][2290.162s][info ][safepoint     ] Total time for which application threads were stopped: 0.0018505 seconds, Stopping threads took: 0.0006992 seconds
[2023-12-02T16:10:20.091+0000][2291.163s][debug][safepoint     ] Safepoint synchronization initiated. (200 threads)
[2023-12-02T16:10:20.092+0000][2291.164s][info ][safepoint     ] Application time: 1.0011716 seconds
[2023-12-02T16:10:20.093+0000][2291.165s][info ][safepoint     ] Entering safepoint region: Cleanup
[2023-12-02T16:10:20.094+0000][2291.166s][info ][safepoint     ] Leaving safepoint region
[2023-12-02T16:10:20.095+0000][2291.166s][info ][safepoint     ] Total time for which application threads were stopped: 0.0018529 seconds, Stopping threads took: 0.0007282 seconds
[2023-12-02T16:10:21.096+0000][2292.168s][debug][safepoint     ] Safepoint synchronization initiated. (200 threads)
[2023-12-02T16:10:21.097+0000][2292.169s][info ][safepoint     ] Application time: 1.0014110 seconds
[2023-12-02T16:10:21.098+0000][2292.170s][info ][safepoint     ] Entering safepoint region: Cleanup
[2023-12-02T16:10:21.099+0000][2292.171s][info ][safepoint     ] Leaving safepoint region
[2023-12-02T16:10:21.100+0000][2292.171s][info ][safepoint     ] Total time for which application threads were stopped: 0.0019516 seconds, Stopping threads took: 0.0008322 seconds
[2023-12-02T16:10:22.100+0000][2293.172s][debug][safepoint     ] Safepoint synchronization initiated. (200 threads)
[2023-12-02T16:10:22.101+0000][2293.173s][info ][safepoint     ] Application time: 1.0007912 seconds
[2023-12-02T16:10:22.101+0000][2293.173s][info ][safepoint     ] Entering safepoint region: Cleanup
[2023-12-02T16:10:22.102+0000][2293.174s][info ][safepoint     ] Leaving safepoint region
[2023-12-02T16:10:22.102+0000][2293.174s][info ][safepoint     ] Total time for which application threads were stopped: 0.0011170 seconds, Stopping threads took: 0.0004999 seconds
[2023-12-02T16:10:23.103+0000][2294.175s][debug][safepoint     ] Safepoint synchronization initiated. (200 threads)
[2023-12-02T16:10:23.104+0000][2294.176s][info ][safepoint     ] Application time: 1.0012686 seconds
[2023-12-02T16:10:23.105+0000][2294.177s][info ][safepoint     ] Entering safepoint region: Cleanup
[2023-12-02T16:10:23.106+0000][2294.178s][info ][safepoint     ] Leaving safepoint region
[2023-12-02T16:10:23.107+0000][2294.179s][info ][safepoint     ] Total time for which application threads were stopped: 0.0021772 seconds, Stopping threads took: 0.0009334 seconds
[2023-12-02T16:10:24.108+0000][2295.180s][debug][safepoint     ] Safepoint synchronization initiated. (200 threads)
[2023-12-02T16:10:24.109+0000][2295.181s][info ][safepoint     ] Application time: 1.0011740 seconds
[2023-12-02T16:10:24.110+0000][2295.182s][info ][safepoint     ] Entering safepoint region: Cleanup
[2023-12-02T16:10:24.111+0000][2295.183s][info ][safepoint     ] Leaving safepoint region
[2023-12-02T16:10:24.112+0000][2295.184s][info ][safepoint     ] Total time for which application threads were stopped: 0.0021174 seconds, Stopping threads took: 0.0008833 seconds
[2023-12-02T16:10:25.113+0000][2296.185s][debug][safepoint     ] Safepoint synchronization initiated. (200 threads)
[2023-12-02T16:10:25.114+0000][2296.186s][info ][safepoint     ] Application time: 1.0013533 seconds
[2023-12-02T16:10:25.115+0000][2296.187s][info ][safepoint     ] Entering safepoint region: Cleanup
[2023-12-02T16:10:25.116+0000][2296.187s][info ][safepoint     ] Leaving safepoint region
[2023-12-02T16:10:25.116+0000][2296.188s][info ][safepoint     ] Total time for which application threads were stopped: 0.0016122 seconds, Stopping threads took: 0.0008032 seconds
[2023-12-02T16:10:26.117+0000][2297.189s][debug][safepoint     ] Safepoint synchronization initiated. (200 threads)
[2023-12-02T16:10:26.118+0000][2297.190s][info ][safepoint     ] Application time: 1.0014137 seconds
[2023-12-02T16:10:26.119+0000][2297.191s][info ][safepoint     ] Entering safepoint region: Cleanup
[2023-12-02T16:10:26.120+0000][2297.192s][info ][safepoint     ] Leaving safepoint region
[2023-12-02T16:10:26.121+0000][2297.193s][info ][safepoint     ] Total time for which application threads were stopped: 0.0021308 seconds, Stopping threads took: 0.0009050 seconds
[2023-12-02T16:10:27.122+0000][2298.194s][debug][safepoint     ] Safepoint synchronization initiated. (200 threads)
[2023-12-02T16:10:27.123+0000][2298.195s][info ][safepoint     ] Application time: 1.0012241 seconds
[2023-12-02T16:10:27.124+0000][2298.196s][info ][safepoint     ] Entering safepoint region: Cleanup
[2023-12-02T16:10:27.125+0000][2298.197s][info ][safepoint     ] Leaving safepoint region
[2023-12-02T16:10:27.126+0000][2298.198s][info ][safepoint     ] Total time for which application threads were stopped: 0.0019737 seconds, Stopping threads took: 0.0008003 seconds
[2023-12-02T16:10:28.127+0000][2299.199s][debug][safepoint     ] Safepoint synchronization initiated. (200 threads)
[2023-12-02T16:10:28.127+0000][2299.199s][info ][safepoint     ] Application time: 1.0010208 seconds
[2023-12-02T16:10:28.128+0000][2299.200s][info ][safepoint     ] Entering safepoint region: Cleanup
[2023-12-02T16:10:28.129+0000][2299.201s][info ][safepoint     ] Leaving safepoint region
[2023-12-02T16:10:28.129+0000][2299.201s][info ][safepoint     ] Total time for which application threads were stopped: 0.0010666 seconds, Stopping threads took: 0.0004768 seconds
[2023-12-02T16:10:29.130+0000][2300.202s][debug][safepoint     ] Safepoint synchronization initiated. (201 threads)
[2023-12-02T16:10:29.131+0000][2300.203s][info ][safepoint     ] Application time: 1.0012080 seconds
[2023-12-02T16:10:29.132+0000][2300.204s][info ][safepoint     ] Entering safepoint region: Cleanup
[2023-12-02T16:10:29.133+0000][2300.205s][info ][safepoint     ] Leaving safepoint region
[2023-12-02T16:10:29.134+0000][2300.205s][info ][safepoint     ] Total time for which application threads were stopped: 0.0019081 seconds, Stopping threads took: 0.0007112 seconds
[2023-12-02T16:10:30.135+0000][2301.206s][debug][safepoint     ] Safepoint synchronization initiated. (201 threads)
[2023-12-02T16:10:30.135+0000][2301.207s][info ][safepoint     ] Application time: 1.0011660 seconds
[2023-12-02T16:10:30.136+0000][2301.208s][info ][safepoint     ] Entering safepoint region: Cleanup
[2023-12-02T16:10:30.137+0000][2301.209s][info ][safepoint     ] Leaving safepoint region
[2023-12-02T16:10:30.137+0000][2301.209s][info ][safepoint     ] Total time for which application threads were stopped: 0.0013794 seconds, Stopping threads took: 0.0005789 seconds
[2023-12-02T16:10:31.138+0000][2302.210s][debug][safepoint     ] Safepoint synchronization initiated. (201 threads)
[2023-12-02T16:10:31.139+0000][2302.210s][info ][safepoint     ] Application time: 1.0005717 seconds
[2023-12-02T16:10:31.139+0000][2302.211s][info ][safepoint     ] Entering safepoint region: Cleanup
[2023-12-02T16:10:31.140+0000][2302.212s][info ][safepoint     ] Leaving safepoint region
[2023-12-02T16:10:31.140+0000][2302.212s][info ][safepoint     ] Total time for which application threads were stopped: 0.0011155 seconds, Stopping threads took: 0.0005470 seconds
[2023-12-02T16:10:32.141+0000][2303.213s][debug][safepoint     ] Safepoint synchronization initiated. (201 threads)
[2023-12-02T16:10:32.142+0000][2303.214s][info ][safepoint     ] Application time: 1.0012543 seconds
[2023-12-02T16:10:32.142+0000][2303.214s][info ][safepoint     ] Entering safepoint region: Cleanup
[2023-12-02T16:10:32.143+0000][2303.215s][info ][safepoint     ] Leaving safepoint region
[2023-12-02T16:10:32.144+0000][2303.216s][info ][safepoint     ] Total time for which application threads were stopped: 0.0016421 seconds, Stopping threads took: 0.0006728 seconds
[2023-12-02T16:10:33.145+0000][2304.217s][debug][safepoint     ] Safepoint synchronization initiated. (201 threads)
[2023-12-02T16:10:33.146+0000][2304.218s][info ][safepoint     ] Application time: 1.0013472 seconds
[2023-12-02T16:10:33.147+0000][2304.219s][info ][safepoint     ] Entering safepoint region: Cleanup
[2023-12-02T16:10:33.148+0000][2304.220s][info ][safepoint     ] Leaving safepoint region
[2023-12-02T16:10:33.149+0000][2304.221s][info ][safepoint     ] Total time for which application threads were stopped: 0.0019540 seconds, Stopping threads took: 0.0008865 seconds
[2023-12-02T16:10:34.150+0000][2305.222s][debug][safepoint     ] Safepoint synchronization initiated. (201 threads)
[2023-12-02T16:10:34.150+0000][2305.222s][info ][safepoint     ] Application time: 1.0011062 seconds
[2023-12-02T16:10:34.151+0000][2305.223s][info ][safepoint     ] Entering safepoint region: Cleanup
[2023-12-02T16:10:34.152+0000][2305.224s][info ][safepoint     ] Leaving safepoint region
[2023-12-02T16:10:34.153+0000][2305.225s][info ][safepoint     ] Total time for which application threads were stopped: 0.0017908 seconds, Stopping threads took: 0.0007074 seconds
[2023-12-02T16:10:35.154+0000][2306.226s][debug][safepoint     ] Safepoint synchronization initiated. (201 threads)
[2023-12-02T16:10:35.155+0000][2306.226s][info ][safepoint     ] Application time: 1.0011252 seconds
[2023-12-02T16:10:35.155+0000][2306.227s][info ][safepoint     ] Entering safepoint region: Cleanup
[2023-12-02T16:10:35.156+0000][2306.228s][info ][safepoint     ] Leaving safepoint region
[2023-12-02T16:10:35.157+0000][2306.229s][info ][safepoint     ] Total time for which application threads were stopped: 0.0016971 seconds, Stopping threads took: 0.0006886 seconds
[2023-12-02T16:10:36.158+0000][2307.230s][debug][safepoint     ] Safepoint synchronization initiated. (201 threads)
[2023-12-02T16:10:36.159+0000][2307.230s][info ][safepoint     ] Application time: 1.0010349 seconds
[2023-12-02T16:10:36.159+0000][2307.231s][info ][safepoint     ] Entering safepoint region: Cleanup
[2023-12-02T16:10:36.161+0000][2307.233s][info ][safepoint     ] Leaving safepoint region
[2023-12-02T16:10:36.161+0000][2307.233s][info ][safepoint     ] Total time for which application threads were stopped: 0.0021466 seconds, Stopping threads took: 0.0008464 seconds
[2023-12-02T16:10:37.163+0000][2308.235s][debug][safepoint     ] Safepoint synchronization initiated. (201 threads)
[2023-12-02T16:10:37.164+0000][2308.235s][info ][safepoint     ] Application time: 1.0011944 seconds
[2023-12-02T16:10:37.165+0000][2308.236s][info ][safepoint     ] Entering safepoint region: Cleanup
[2023-12-02T16:10:37.166+0000][2308.238s][info ][safepoint     ] Leaving safepoint region
[2023-12-02T16:10:37.167+0000][2308.238s][info ][safepoint     ] Total time for which application threads were stopped: 0.0020462 seconds, Stopping threads took: 0.0008913 seconds
[2023-12-02T16:10:38.168+0000][2309.240s][debug][safepoint     ] Safepoint synchronization initiated. (201 threads)
[2023-12-02T16:10:38.168+0000][2309.240s][info ][safepoint     ] Application time: 1.0012427 seconds
[2023-12-02T16:10:38.169+0000][2309.241s][info ][safepoint     ] Entering safepoint region: Cleanup
[2023-12-02T16:10:38.170+0000][2309.242s][info ][safepoint     ] Leaving safepoint region
[2023-12-02T16:10:38.171+0000][2309.243s][info ][safepoint     ] Total time for which application threads were stopped: 0.0017580 seconds, Stopping threads took: 0.0007365 seconds
[2023-12-02T16:10:39.172+0000][2310.244s][debug][safepoint     ] Safepoint synchronization initiated. (201 threads)
[2023-12-02T16:10:39.173+0000][2310.245s][info ][safepoint     ] Application time: 1.0012470 seconds
[2023-12-02T16:10:39.174+0000][2310.246s][info ][safepoint     ] Entering safepoint region: Cleanup
[2023-12-02T16:10:39.175+0000][2310.247s][info ][safepoint     ] Leaving safepoint region
[2023-12-02T16:10:39.175+0000][2310.247s][info ][safepoint     ] Total time for which application threads were stopped: 0.0016834 seconds, Stopping threads took: 0.0007460 seconds
[2023-12-02T16:10:40.176+0000][2311.248s][debug][safepoint     ] Safepoint synchronization initiated. (201 threads)
[2023-12-02T16:10:40.177+0000][2311.248s][info ][safepoint     ] Application time: 1.0003407 seconds
[2023-12-02T16:10:40.177+0000][2311.249s][info ][safepoint     ] Entering safepoint region: Cleanup
[2023-12-02T16:10:40.177+0000][2311.249s][info ][safepoint     ] Leaving safepoint region
[2023-12-02T16:10:40.177+0000][2311.249s][info ][safepoint     ] Total time for which application threads were stopped: 0.0007322 seconds, Stopping threads took: 0.0002723 seconds
[2023-12-02T16:10:41.178+0000][2312.250s][debug][safepoint     ] Safepoint synchronization initiated. (201 threads)
[2023-12-02T16:10:41.179+0000][2312.251s][info ][safepoint     ] Application time: 1.0011967 seconds
[2023-12-02T16:10:41.180+0000][2312.252s][info ][safepoint     ] Entering safepoint region: Cleanup
[2023-12-02T16:10:41.181+0000][2312.253s][info ][safepoint     ] Leaving safepoint region
[2023-12-02T16:10:41.182+0000][2312.253s][info ][safepoint     ] Total time for which application threads were stopped: 0.0018315 seconds, Stopping threads took: 0.0008704 seconds
[2023-12-02T16:10:42.183+0000][2313.254s][debug][safepoint     ] Safepoint synchronization initiated. (201 threads)
[2023-12-02T16:10:42.183+0000][2313.255s][info ][safepoint     ] Application time: 1.0012158 seconds
[2023-12-02T16:10:42.184+0000][2313.256s][info ][safepoint     ] Entering safepoint region: Cleanup
[2023-12-02T16:10:42.185+0000][2313.257s][info ][safepoint     ] Leaving safepoint region
[2023-12-02T16:10:42.186+0000][2313.258s][info ][safepoint     ] Total time for which application threads were stopped: 0.0016557 seconds, Stopping threads took: 0.0006420 seconds
[2023-12-02T16:10:43.187+0000][2314.259s][debug][safepoint     ] Safepoint synchronization initiated. (201 threads)
[2023-12-02T16:10:43.188+0000][2314.260s][info ][safepoint     ] Application time: 1.0011345 seconds
[2023-12-02T16:10:43.188+0000][2314.260s][info ][safepoint     ] Entering safepoint region: Cleanup
[2023-12-02T16:10:43.190+0000][2314.262s][info ][safepoint     ] Leaving safepoint region
[2023-12-02T16:10:43.190+0000][2314.262s][info ][safepoint     ] Total time for which application threads were stopped: 0.0017798 seconds, Stopping threads took: 0.0009272 seconds
[2023-12-02T16:10:44.191+0000][2315.263s][debug][safepoint     ] Safepoint synchronization initiated. (201 threads)
[2023-12-02T16:10:44.192+0000][2315.264s][info ][safepoint     ] Application time: 1.0011130 seconds
[2023-12-02T16:10:44.192+0000][2315.264s][info ][safepoint     ] Entering safepoint region: Cleanup
[2023-12-02T16:10:44.193+0000][2315.265s][info ][safepoint     ] Leaving safepoint region
[2023-12-02T16:10:44.193+0000][2315.265s][info ][safepoint     ] Total time for which application threads were stopped: 0.0012242 seconds, Stopping threads took: 0.0005177 seconds
[2023-12-02T16:10:45.194+0000][2316.266s][debug][safepoint     ] Safepoint synchronization initiated. (201 threads)
[2023-12-02T16:10:45.195+0000][2316.267s][info ][safepoint     ] Application time: 1.0013258 seconds
[2023-12-02T16:10:45.196+0000][2316.268s][info ][safepoint     ] Entering safepoint region: Cleanup
[2023-12-02T16:10:45.197+0000][2316.269s][info ][safepoint     ] Leaving safepoint region
[2023-12-02T16:10:45.198+0000][2316.270s][info ][safepoint     ] Total time for which application threads were stopped: 0.0019266 seconds, Stopping threads took: 0.0007792 seconds
[2023-12-02T16:10:46.199+0000][2317.271s][debug][safepoint     ] Safepoint synchronization initiated. (201 threads)
[2023-12-02T16:10:46.199+0000][2317.271s][info ][safepoint     ] Application time: 1.0006665 seconds
[2023-12-02T16:10:46.200+0000][2317.272s][info ][safepoint     ] Entering safepoint region: Cleanup
[2023-12-02T16:10:46.201+0000][2317.272s][info ][safepoint     ] Leaving safepoint region
[2023-12-02T16:10:46.201+0000][2317.273s][info ][safepoint     ] Total time for which application threads were stopped: 0.0013034 seconds, Stopping threads took: 0.0003961 seconds
[2023-12-02T16:10:47.202+0000][2318.274s][debug][safepoint     ] Safepoint synchronization initiated. (201 threads)
[2023-12-02T16:10:47.203+0000][2318.275s][info ][safepoint     ] Application time: 1.0012912 seconds
[2023-12-02T16:10:47.204+0000][2318.276s][info ][safepoint     ] Entering safepoint region: Cleanup
[2023-12-02T16:10:47.205+0000][2318.277s][info ][safepoint     ] Leaving safepoint region
[2023-12-02T16:10:47.206+0000][2318.278s][info ][safepoint     ] Total time for which application threads were stopped: 0.0023811 seconds, Stopping threads took: 0.0009104 seconds
[2023-12-02T16:10:48.207+0000][2319.279s][debug][safepoint     ] Safepoint synchronization initiated. (201 threads)
[2023-12-02T16:10:48.208+0000][2319.280s][info ][safepoint     ] Application time: 1.0012881 seconds
[2023-12-02T16:10:48.209+0000][2319.281s][info ][safepoint     ] Entering safepoint region: Cleanup
[2023-12-02T16:10:48.210+0000][2319.282s][info ][safepoint     ] Leaving safepoint region
[2023-12-02T16:10:48.211+0000][2319.282s][info ][safepoint     ] Total time for which application threads were stopped: 0.0018949 seconds, Stopping threads took: 0.0007813 seconds
[2023-12-02T16:10:49.212+0000][2320.284s][debug][safepoint     ] Safepoint synchronization initiated. (201 threads)
[2023-12-02T16:10:49.213+0000][2320.285s][info ][safepoint     ] Application time: 1.0013211 seconds
[2023-12-02T16:10:49.213+0000][2320.285s][info ][safepoint     ] Entering safepoint region: Cleanup
[2023-12-02T16:10:49.214+0000][2320.286s][info ][safepoint     ] Leaving safepoint region
[2023-12-02T16:10:49.215+0000][2320.287s][info ][safepoint     ] Total time for which application threads were stopped: 0.0017798 seconds, Stopping threads took: 0.0007244 seconds
[2023-12-02T16:10:50.216+0000][2321.288s][debug][safepoint     ] Safepoint synchronization initiated. (201 threads)
[2023-12-02T16:10:50.217+0000][2321.289s][info ][safepoint     ] Application time: 1.0010192 seconds
[2023-12-02T16:10:50.218+0000][2321.289s][info ][safepoint     ] Entering safepoint region: Cleanup
[2023-12-02T16:10:50.218+0000][2321.290s][info ][safepoint     ] Leaving safepoint region
[2023-12-02T16:10:50.219+0000][2321.291s][info ][safepoint     ] Total time for which application threads were stopped: 0.0014224 seconds, Stopping threads took: 0.0006221 seconds
[2023-12-02T16:10:51.220+0000][2322.292s][debug][safepoint     ] Safepoint synchronization initiated. (201 threads)
[2023-12-02T16:10:51.221+0000][2322.293s][info ][safepoint     ] Application time: 1.0012283 seconds
[2023-12-02T16:10:51.222+0000][2322.294s][info ][safepoint     ] Entering safepoint region: Cleanup
[2023-12-02T16:10:51.223+0000][2322.295s][info ][safepoint     ] Leaving safepoint region
[2023-12-02T16:10:51.223+0000][2322.295s][info ][safepoint     ] Total time for which application threads were stopped: 0.0018223 seconds, Stopping threads took: 0.0007906 seconds
[2023-12-02T16:10:52.224+0000][2323.296s][debug][safepoint     ] Safepoint synchronization initiated. (201 threads)
[2023-12-02T16:10:52.225+0000][2323.297s][info ][safepoint     ] Application time: 1.0013594 seconds
[2023-12-02T16:10:52.226+0000][2323.298s][info ][safepoint     ] Entering safepoint region: Cleanup
[2023-12-02T16:10:52.228+0000][2323.299s][info ][safepoint     ] Leaving safepoint region
[2023-12-02T16:10:52.228+0000][2323.300s][info ][safepoint     ] Total time for which application threads were stopped: 0.0018480 seconds, Stopping threads took: 0.0008683 seconds
[2023-12-02T16:10:53.229+0000][2324.301s][debug][safepoint     ] Safepoint synchronization initiated. (201 threads)
[2023-12-02T16:10:53.229+0000][2324.301s][info ][safepoint     ] Application time: 1.0009221 seconds
[2023-12-02T16:10:53.230+0000][2324.302s][info ][safepoint     ] Entering safepoint region: Cleanup
[2023-12-02T16:10:53.231+0000][2324.303s][info ][safepoint     ] Leaving safepoint region
[2023-12-02T16:10:53.231+0000][2324.303s][info ][safepoint     ] Total time for which application threads were stopped: 0.0011744 seconds, Stopping threads took: 0.0005130 seconds
[2023-12-02T16:10:54.232+0000][2325.303s][debug][safepoint     ] Safepoint synchronization initiated. (201 threads)
[2023-12-02T16:10:54.233+0000][2325.305s][info ][safepoint     ] Application time: 1.0013225 seconds
[2023-12-02T16:10:54.234+0000][2325.305s][info ][safepoint     ] Entering safepoint region: Cleanup
[2023-12-02T16:10:54.235+0000][2325.307s][info ][safepoint     ] Leaving safepoint region
[2023-12-02T16:10:54.236+0000][2325.307s][info ][safepoint     ] Total time for which application threads were stopped: 0.0019588 seconds, Stopping threads took: 0.0008363 seconds
[2023-12-02T16:10:55.237+0000][2326.308s][debug][safepoint     ] Safepoint synchronization initiated. (201 threads)
[2023-12-02T16:10:55.237+0000][2326.309s][info ][safepoint     ] Application time: 1.0011376 seconds
[2023-12-02T16:10:55.238+0000][2326.310s][info ][safepoint     ] Entering safepoint region: Cleanup
[2023-12-02T16:10:55.239+0000][2326.311s][info ][safepoint     ] Leaving safepoint region
[2023-12-02T16:10:55.240+0000][2326.311s][info ][safepoint     ] Total time for which application threads were stopped: 0.0015337 seconds, Stopping threads took: 0.0006224 seconds
[2023-12-02T16:10:56.240+0000][2327.312s][debug][safepoint     ] Safepoint synchronization initiated. (201 threads)
[2023-12-02T16:10:56.241+0000][2327.313s][info ][safepoint     ] Application time: 1.0007448 seconds
[2023-12-02T16:10:56.241+0000][2327.313s][info ][safepoint     ] Entering safepoint region: Cleanup
[2023-12-02T16:10:56.242+0000][2327.314s][info ][safepoint     ] Leaving safepoint region
[2023-12-02T16:10:56.242+0000][2327.314s][info ][safepoint     ] Total time for which application threads were stopped: 0.0009841 seconds, Stopping threads took: 0.0003740 seconds
[2023-12-02T16:10:57.243+0000][2328.315s][debug][safepoint     ] Safepoint synchronization initiated. (201 threads)
[2023-12-02T16:10:57.244+0000][2328.316s][info ][safepoint     ] Application time: 1.0013717 seconds
[2023-12-02T16:10:57.245+0000][2328.316s][info ][safepoint     ] Entering safepoint region: Cleanup
[2023-12-02T16:10:57.246+0000][2328.318s][info ][safepoint     ] Leaving safepoint region
[2023-12-02T16:10:57.247+0000][2328.319s][info ][safepoint     ] Total time for which application threads were stopped: 0.0021024 seconds, Stopping threads took: 0.0008354 seconds
[2023-12-02T16:10:58.248+0000][2329.320s][debug][safepoint     ] Safepoint synchronization initiated. (201 threads)
[2023-12-02T16:10:58.249+0000][2329.321s][info ][safepoint     ] Application time: 1.0013538 seconds
[2023-12-02T16:10:58.249+0000][2329.321s][info ][safepoint     ] Entering safepoint region: Cleanup
[2023-12-02T16:10:58.251+0000][2329.322s][info ][safepoint     ] Leaving safepoint region
[2023-12-02T16:10:58.252+0000][2329.323s][info ][safepoint     ] Total time for which application threads were stopped: 0.0020857 seconds, Stopping threads took: 0.0008251 seconds
[2023-12-02T16:10:59.252+0000][2330.324s][debug][safepoint     ] Safepoint synchronization initiated. (201 threads)
[2023-12-02T16:10:59.253+0000][2330.325s][info ][safepoint     ] Application time: 1.0010227 seconds
[2023-12-02T16:10:59.254+0000][2330.326s][info ][safepoint     ] Entering safepoint region: Cleanup
[2023-12-02T16:10:59.255+0000][2330.327s][info ][safepoint     ] Leaving safepoint region
[2023-12-02T16:10:59.256+0000][2330.327s][info ][safepoint     ] Total time for which application threads were stopped: 0.0017085 seconds, Stopping threads took: 0.0007016 seconds
[2023-12-02T16:11:00.256+0000][2331.328s][debug][safepoint     ] Safepoint synchronization initiated. (201 threads)
[2023-12-02T16:11:00.257+0000][2331.329s][info ][safepoint     ] Application time: 1.0008614 seconds
[2023-12-02T16:11:00.258+0000][2331.329s][info ][safepoint     ] Entering safepoint region: Cleanup
[2023-12-02T16:11:00.259+0000][2331.330s][info ][safepoint     ] Leaving safepoint region
[2023-12-02T16:11:00.259+0000][2331.331s][info ][safepoint     ] Total time for which application threads were stopped: 0.0015364 seconds, Stopping threads took: 0.0007111 seconds
[2023-12-02T16:11:01.260+0000][2332.332s][debug][safepoint     ] Safepoint synchronization initiated. (201 threads)
[2023-12-02T16:11:01.261+0000][2332.333s][info ][safepoint     ] Application time: 1.0012172 seconds
[2023-12-02T16:11:01.262+0000][2332.334s][info ][safepoint     ] Entering safepoint region: Cleanup
[2023-12-02T16:11:01.263+0000][2332.335s][info ][safepoint     ] Leaving safepoint region
[2023-12-02T16:11:01.264+0000][2332.335s][info ][safepoint     ] Total time for which application threads were stopped: 0.0018890 seconds, Stopping threads took: 0.0008015 seconds
[2023-12-02T16:11:02.265+0000][2333.336s][debug][safepoint     ] Safepoint synchronization initiated. (201 threads)
[2023-12-02T16:11:02.266+0000][2333.337s][info ][safepoint     ] Application time: 1.0012940 seconds
[2023-12-02T16:11:02.266+0000][2333.338s][info ][safepoint     ] Entering safepoint region: Cleanup
[2023-12-02T16:11:02.268+0000][2333.339s][info ][safepoint     ] Leaving safepoint region
[2023-12-02T16:11:02.268+0000][2333.340s][info ][safepoint     ] Total time for which application threads were stopped: 0.0019886 seconds, Stopping threads took: 0.0009131 seconds
[2023-12-02T16:11:03.269+0000][2334.341s][debug][safepoint     ] Safepoint synchronization initiated. (201 threads)
[2023-12-02T16:11:03.270+0000][2334.341s][info ][safepoint     ] Application time: 1.0008142 seconds
[2023-12-02T16:11:03.270+0000][2334.342s][info ][safepoint     ] Entering safepoint region: Cleanup
[2023-12-02T16:11:03.271+0000][2334.343s][info ][safepoint     ] Leaving safepoint region
[2023-12-02T16:11:03.271+0000][2334.343s][info ][safepoint     ] Total time for which application threads were stopped: 0.0010292 seconds, Stopping threads took: 0.0004972 seconds
[2023-12-02T16:11:04.272+0000][2335.343s][debug][safepoint     ] Safepoint synchronization initiated. (201 threads)
[2023-12-02T16:11:04.272+0000][2335.344s][info ][safepoint     ] Application time: 1.0011373 seconds
[2023-12-02T16:11:04.273+0000][2335.345s][debug][safepoint     ] ... found polling page return exception at pc = 0x00007f43fd4a4d57, stub =0x00007f43f4840600
[2023-12-02T16:11:04.273+0000][2335.345s][debug][safepoint     ] ... found polling page return exception at pc = 0x00007f43fcb063cf, stub =0x00007f43f4840600
[2023-12-02T16:11:04.275+0000][2335.347s][debug][safepoint     ] Waiting for 2 thread(s) to block
[2023-12-02T16:11:04.276+0000][2335.348s][info ][safepoint     ] Entering safepoint region: Cleanup
[2023-12-02T16:11:04.277+0000][2335.349s][info ][safepoint     ] Leaving safepoint region
[2023-12-02T16:11:04.278+0000][2335.349s][info ][safepoint     ] Total time for which application threads were stopped: 0.0044557 seconds, Stopping threads took: 0.0034257 seconds
[2023-12-02T16:11:05.278+0000][2336.350s][debug][safepoint     ] Safepoint synchronization initiated. (201 threads)
[2023-12-02T16:11:05.279+0000][2336.351s][info ][safepoint     ] Application time: 1.0005393 seconds
[2023-12-02T16:11:05.279+0000][2336.351s][info ][safepoint     ] Entering safepoint region: Cleanup
[2023-12-02T16:11:05.280+0000][2336.351s][info ][safepoint     ] Leaving safepoint region
[2023-12-02T16:11:05.280+0000][2336.351s][info ][safepoint     ] Total time for which application threads were stopped: 0.0006931 seconds, Stopping threads took: 0.0003017 seconds
[2023-12-02T16:11:06.280+0000][2337.352s][debug][safepoint     ] Safepoint synchronization initiated. (201 threads)
[2023-12-02T16:11:06.281+0000][2337.353s][info ][safepoint     ] Application time: 1.0012582 seconds
[2023-12-02T16:11:06.282+0000][2337.354s][info ][safepoint     ] Entering safepoint region: Cleanup
[2023-12-02T16:11:06.283+0000][2337.355s][info ][safepoint     ] Leaving safepoint region
[2023-12-02T16:11:06.284+0000][2337.356s][info ][safepoint     ] Total time for which application threads were stopped: 0.0020155 seconds, Stopping threads took: 0.0009550 seconds
[2023-12-02T16:11:07.285+0000][2338.357s][debug][safepoint     ] Safepoint synchronization initiated. (201 threads)
[2023-12-02T16:11:07.286+0000][2338.358s][info ][safepoint     ] Application time: 1.0011274 seconds
[2023-12-02T16:11:07.286+0000][2338.358s][info ][safepoint     ] Entering safepoint region: Cleanup
[2023-12-02T16:11:07.287+0000][2338.359s][info ][safepoint     ] Leaving safepoint region
[2023-12-02T16:11:07.288+0000][2338.359s][info ][safepoint     ] Total time for which application threads were stopped: 0.0010568 seconds, Stopping threads took: 0.0004625 seconds
[2023-12-02T16:11:08.288+0000][2339.360s][debug][safepoint     ] Safepoint synchronization initiated. (201 threads)
[2023-12-02T16:11:08.289+0000][2339.361s][info ][safepoint     ] Application time: 1.0007866 seconds
[2023-12-02T16:11:08.289+0000][2339.361s][info ][safepoint     ] Entering safepoint region: Cleanup
[2023-12-02T16:11:08.290+0000][2339.362s][info ][safepoint     ] Leaving safepoint region
[2023-12-02T16:11:08.290+0000][2339.362s][info ][safepoint     ] Total time for which application threads were stopped: 0.0011980 seconds, Stopping threads took: 0.0006151 seconds
[2023-12-02T16:11:09.291+0000][2340.363s][debug][safepoint     ] Safepoint synchronization initiated. (201 threads)
[2023-12-02T16:11:09.292+0000][2340.364s][info ][safepoint     ] Application time: 1.0010031 seconds
[2023-12-02T16:11:09.293+0000][2340.364s][info ][safepoint     ] Entering safepoint region: Cleanup
[2023-12-02T16:11:09.294+0000][2340.365s][info ][safepoint     ] Leaving safepoint region
[2023-12-02T16:11:09.294+0000][2340.366s][info ][safepoint     ] Total time for which application threads were stopped: 0.0015055 seconds, Stopping threads took: 0.0006841 seconds
[2023-12-02T16:11:10.295+0000][2341.367s][debug][safepoint     ] Safepoint synchronization initiated. (201 threads)
[2023-12-02T16:11:10.295+0000][2341.367s][info ][safepoint     ] Application time: 1.0008765 seconds
[2023-12-02T16:11:10.296+0000][2341.368s][info ][safepoint     ] Entering safepoint region: Cleanup
[2023-12-02T16:11:10.297+0000][2341.368s][info ][safepoint     ] Leaving safepoint region
[2023-12-02T16:11:10.297+0000][2341.369s][info ][safepoint     ] Total time for which application threads were stopped: 0.0009184 seconds, Stopping threads took: 0.0004759 seconds
[2023-12-02T16:11:11.297+0000][2342.369s][debug][safepoint     ] Safepoint synchronization initiated. (201 threads)
[2023-12-02T16:11:11.298+0000][2342.370s][info ][safepoint     ] Application time: 1.0008722 seconds
[2023-12-02T16:11:11.298+0000][2342.370s][info ][safepoint     ] Entering safepoint region: Cleanup
[2023-12-02T16:11:11.299+0000][2342.371s][info ][safepoint     ] Leaving safepoint region
[2023-12-02T16:11:11.299+0000][2342.371s][info ][safepoint     ] Total time for which application threads were stopped: 0.0009127 seconds, Stopping threads took: 0.0004093 seconds
[2023-12-02T16:11:12.300+0000][2343.372s][debug][safepoint     ] Safepoint synchronization initiated. (201 threads)
[2023-12-02T16:11:12.300+0000][2343.372s][info ][safepoint     ] Application time: 1.0007324 seconds
[2023-12-02T16:11:12.301+0000][2343.373s][info ][safepoint     ] Entering safepoint region: Cleanup
[2023-12-02T16:11:12.302+0000][2343.373s][info ][safepoint     ] Leaving safepoint region
[2023-12-02T16:11:12.302+0000][2343.374s][info ][safepoint     ] Total time for which application threads were stopped: 0.0012549 seconds, Stopping threads took: 0.0006632 seconds
[2023-12-02T16:11:13.303+0000][2344.375s][debug][safepoint     ] Safepoint synchronization initiated. (201 threads)
[2023-12-02T16:11:13.304+0000][2344.375s][info ][safepoint     ] Application time: 1.0010979 seconds
[2023-12-02T16:11:13.304+0000][2344.376s][info ][safepoint     ] Entering safepoint region: Cleanup
[2023-12-02T16:11:13.306+0000][2344.377s][info ][safepoint     ] Leaving safepoint region
[2023-12-02T16:11:13.306+0000][2344.378s][info ][safepoint     ] Total time for which application threads were stopped: 0.0018845 seconds, Stopping threads took: 0.0007736 seconds
[2023-12-02T16:11:14.307+0000][2345.379s][debug][safepoint     ] Safepoint synchronization initiated. (201 threads)
[2023-12-02T16:11:14.308+0000][2345.379s][info ][safepoint     ] Application time: 1.0010192 seconds
[2023-12-02T16:11:14.309+0000][2345.380s][info ][safepoint     ] Entering safepoint region: Cleanup
[2023-12-02T16:11:14.310+0000][2345.381s][info ][safepoint     ] Leaving safepoint region
[2023-12-02T16:11:14.310+0000][2345.382s][info ][safepoint     ] Total time for which application threads were stopped: 0.0017324 seconds, Stopping threads took: 0.0007638 seconds
[2023-12-02T16:11:15.311+0000][2346.383s][debug][safepoint     ] Safepoint synchronization initiated. (201 threads)
[2023-12-02T16:11:15.312+0000][2346.383s][info ][safepoint     ] Application time: 1.0008770 seconds
[2023-12-02T16:11:15.312+0000][2346.384s][info ][safepoint     ] Entering safepoint region: Cleanup
[2023-12-02T16:11:15.313+0000][2346.385s][info ][safepoint     ] Leaving safepoint region
[2023-12-02T16:11:15.313+0000][2346.385s][info ][safepoint     ] Total time for which application threads were stopped: 0.0012191 seconds, Stopping threads took: 0.0005495 seconds
[2023-12-02T16:11:16.314+0000][2347.386s][debug][safepoint     ] Safepoint synchronization initiated. (201 threads)
[2023-12-02T16:11:16.315+0000][2347.387s][info ][safepoint     ] Application time: 1.0008278 seconds
[2023-12-02T16:11:16.315+0000][2347.387s][info ][safepoint     ] Entering safepoint region: Cleanup
[2023-12-02T16:11:16.316+0000][2347.388s][info ][safepoint     ] Leaving safepoint region
[2023-12-02T16:11:16.317+0000][2347.388s][info ][safepoint     ] Total time for which application threads were stopped: 0.0012732 seconds, Stopping threads took: 0.0005505 seconds
[2023-12-02T16:11:17.317+0000][2348.389s][debug][safepoint     ] Safepoint synchronization initiated. (201 threads)
[2023-12-02T16:11:17.317+0000][2348.389s][info ][safepoint     ] Application time: 1.0004033 seconds
[2023-12-02T16:11:17.318+0000][2348.389s][info ][safepoint     ] Entering safepoint region: Cleanup
[2023-12-02T16:11:17.318+0000][2348.390s][info ][safepoint     ] Leaving safepoint region
[2023-12-02T16:11:17.318+0000][2348.390s][info ][safepoint     ] Total time for which application threads were stopped: 0.0005896 seconds, Stopping threads took: 0.0001579 seconds
[2023-12-02T16:11:18.318+0000][2349.390s][debug][safepoint     ] Safepoint synchronization initiated. (201 threads)
[2023-12-02T16:11:18.319+0000][2349.391s][info ][safepoint     ] Application time: 1.0006452 seconds
[2023-12-02T16:11:18.319+0000][2349.391s][info ][safepoint     ] Entering safepoint region: Cleanup
[2023-12-02T16:11:18.321+0000][2349.392s][info ][safepoint     ] Leaving safepoint region
[2023-12-02T16:11:18.321+0000][2349.393s][info ][safepoint     ] Total time for which application threads were stopped: 0.0018737 seconds, Stopping threads took: 0.0003702 seconds
[2023-12-02T16:11:19.323+0000][2350.395s][debug][safepoint     ] Safepoint synchronization initiated. (201 threads)
[2023-12-02T16:11:19.324+0000][2350.396s][info ][safepoint     ] Application time: 1.0010692 seconds
[2023-12-02T16:11:19.325+0000][2350.397s][info ][safepoint     ] Entering safepoint region: Cleanup
[2023-12-02T16:11:19.326+0000][2350.398s][info ][safepoint     ] Leaving safepoint region
[2023-12-02T16:11:19.326+0000][2350.398s][info ][safepoint     ] Total time for which application threads were stopped: 0.0013673 seconds, Stopping threads took: 0.0005981 seconds
[2023-12-02T16:11:20.327+0000][2351.399s][debug][safepoint     ] Safepoint synchronization initiated. (201 threads)
[2023-12-02T16:11:20.330+0000][2351.402s][info ][safepoint     ] Application time: 1.0030515 seconds
[2023-12-02T16:11:20.330+0000][2351.402s][info ][safepoint     ] Entering safepoint region: Cleanup
[2023-12-02T16:11:20.332+0000][2351.404s][info ][safepoint     ] Leaving safepoint region
[2023-12-02T16:11:20.332+0000][2351.404s][info ][safepoint     ] Total time for which application threads were stopped: 0.0019172 seconds, Stopping threads took: 0.0013678 seconds
[2023-12-02T16:11:21.333+0000][2352.405s][debug][safepoint     ] Safepoint synchronization initiated. (201 threads)
[2023-12-02T16:11:21.333+0000][2352.405s][info ][safepoint     ] Application time: 1.0007502 seconds
[2023-12-02T16:11:21.334+0000][2352.406s][info ][safepoint     ] Entering safepoint region: Cleanup
[2023-12-02T16:11:21.334+0000][2352.406s][info ][safepoint     ] Leaving safepoint region
[2023-12-02T16:11:21.335+0000][2352.407s][info ][safepoint     ] Total time for which application threads were stopped: 0.0010664 seconds, Stopping threads took: 0.0004358 seconds
[2023-12-02T16:11:22.335+0000][2353.407s][debug][safepoint     ] Safepoint synchronization initiated. (201 threads)
[2023-12-02T16:11:22.336+0000][2353.407s][info ][safepoint     ] Application time: 1.0004699 seconds
[2023-12-02T16:11:22.336+0000][2353.408s][info ][safepoint     ] Entering safepoint region: Cleanup
[2023-12-02T16:11:22.336+0000][2353.408s][info ][safepoint     ] Leaving safepoint region
[2023-12-02T16:11:22.337+0000][2353.408s][info ][safepoint     ] Total time for which application threads were stopped: 0.0008457 seconds, Stopping threads took: 0.0003166 seconds
[2023-12-02T16:11:23.337+0000][2354.409s][debug][safepoint     ] Safepoint synchronization initiated. (201 threads)
[2023-12-02T16:11:23.338+0000][2354.410s][info ][safepoint     ] Application time: 1.0011144 seconds
[2023-12-02T16:11:23.339+0000][2354.411s][info ][safepoint     ] Entering safepoint region: Cleanup
[2023-12-02T16:11:23.340+0000][2354.412s][info ][safepoint     ] Leaving safepoint region
[2023-12-02T16:11:23.341+0000][2354.412s][info ][safepoint     ] Total time for which application threads were stopped: 0.0018930 seconds, Stopping threads took: 0.0008357 seconds
[2023-12-02T16:11:24.342+0000][2355.413s][debug][safepoint     ] Safepoint synchronization initiated. (201 threads)
[2023-12-02T16:11:24.342+0000][2355.414s][info ][safepoint     ] Application time: 1.0005313 seconds
[2023-12-02T16:11:24.342+0000][2355.414s][info ][safepoint     ] Entering safepoint region: Cleanup
[2023-12-02T16:11:24.343+0000][2355.415s][info ][safepoint     ] Leaving safepoint region
[2023-12-02T16:11:24.343+0000][2355.415s][info ][safepoint     ] Total time for which application threads were stopped: 0.0007292 seconds, Stopping threads took: 0.0002996 seconds
[2023-12-02T16:11:25.343+0000][2356.415s][debug][safepoint     ] Safepoint synchronization initiated. (201 threads)
[2023-12-02T16:11:25.344+0000][2356.416s][info ][safepoint     ] Application time: 1.0008302 seconds
[2023-12-02T16:11:25.345+0000][2356.416s][info ][safepoint     ] Entering safepoint region: Cleanup
[2023-12-02T16:11:25.345+0000][2356.417s][info ][safepoint     ] Leaving safepoint region
[2023-12-02T16:11:25.346+0000][2356.417s][info ][safepoint     ] Total time for which application threads were stopped: 0.0011356 seconds, Stopping threads took: 0.0005046 seconds
[2023-12-02T16:11:26.346+0000][2357.418s][debug][safepoint     ] Safepoint synchronization initiated. (201 threads)
[2023-12-02T16:11:26.347+0000][2357.419s][info ][safepoint     ] Application time: 1.0009798 seconds
[2023-12-02T16:11:26.348+0000][2357.419s][info ][safepoint     ] Entering safepoint region: Cleanup
[2023-12-02T16:11:26.349+0000][2357.420s][info ][safepoint     ] Leaving safepoint region
[2023-12-02T16:11:26.349+0000][2357.421s][info ][safepoint     ] Total time for which application threads were stopped: 0.0016182 seconds, Stopping threads took: 0.0005661 seconds
[2023-12-02T16:11:27.350+0000][2358.422s][debug][safepoint     ] Safepoint synchronization initiated. (201 threads)
[2023-12-02T16:11:27.350+0000][2358.422s][info ][safepoint     ] Application time: 1.0007213 seconds
[2023-12-02T16:11:27.351+0000][2358.422s][info ][safepoint     ] Entering safepoint region: Cleanup
[2023-12-02T16:11:27.351+0000][2358.423s][info ][safepoint     ] Leaving safepoint region
[2023-12-02T16:11:27.352+0000][2358.423s][info ][safepoint     ] Total time for which application threads were stopped: 0.0008322 seconds, Stopping threads took: 0.0002748 seconds
[2023-12-02T16:11:28.352+0000][2359.424s][debug][safepoint     ] Safepoint synchronization initiated. (201 threads)
[2023-12-02T16:11:28.353+0000][2359.424s][info ][safepoint     ] Application time: 1.0008089 seconds
[2023-12-02T16:11:28.353+0000][2359.425s][info ][safepoint     ] Entering safepoint region: Cleanup
[2023-12-02T16:11:28.354+0000][2359.426s][info ][safepoint     ] Leaving safepoint region
[2023-12-02T16:11:28.354+0000][2359.426s][info ][safepoint     ] Total time for which application threads were stopped: 0.0011593 seconds, Stopping threads took: 0.0005076 seconds
[2023-12-02T16:11:29.355+0000][2360.427s][debug][safepoint     ] Safepoint synchronization initiated. (201 threads)
[2023-12-02T16:11:29.355+0000][2360.427s][info ][safepoint     ] Application time: 1.0007229 seconds
[2023-12-02T16:11:29.356+0000][2360.428s][info ][safepoint     ] Entering safepoint region: Cleanup
[2023-12-02T16:11:29.356+0000][2360.428s][info ][safepoint     ] Leaving safepoint region
[2023-12-02T16:11:29.357+0000][2360.428s][info ][safepoint     ] Total time for which application threads were stopped: 0.0008765 seconds, Stopping threads took: 0.0003434 seconds
[2023-12-02T16:11:30.357+0000][2361.429s][debug][safepoint     ] Safepoint synchronization initiated. (201 threads)
[2023-12-02T16:11:30.358+0000][2361.429s][info ][safepoint     ] Application time: 1.0005996 seconds
[2023-12-02T16:11:30.358+0000][2361.430s][info ][safepoint     ] Entering safepoint region: Cleanup
[2023-12-02T16:11:30.359+0000][2361.430s][info ][safepoint     ] Leaving safepoint region
[2023-12-02T16:11:30.359+0000][2361.431s][info ][safepoint     ] Total time for which application threads were stopped: 0.0008834 seconds, Stopping threads took: 0.0003150 seconds
[2023-12-02T16:11:31.359+0000][2362.431s][debug][safepoint     ] Safepoint synchronization initiated. (201 threads)
[2023-12-02T16:11:31.360+0000][2362.431s][info ][safepoint     ] Application time: 1.0004760 seconds
[2023-12-02T16:11:31.360+0000][2362.432s][info ][safepoint     ] Entering safepoint region: Cleanup
[2023-12-02T16:11:31.361+0000][2362.432s][info ][safepoint     ] Leaving safepoint region
[2023-12-02T16:11:31.361+0000][2362.433s][info ][safepoint     ] Total time for which application threads were stopped: 0.0008764 seconds, Stopping threads took: 0.0003701 seconds
[2023-12-02T16:11:32.361+0000][2363.433s][debug][safepoint     ] Safepoint synchronization initiated. (201 threads)
[2023-12-02T16:11:32.362+0000][2363.433s][info ][safepoint     ] Application time: 1.0005029 seconds
[2023-12-02T16:11:32.362+0000][2363.434s][info ][safepoint     ] Entering safepoint region: Cleanup
[2023-12-02T16:11:32.363+0000][2363.434s][info ][safepoint     ] Leaving safepoint region
[2023-12-02T16:11:32.363+0000][2363.435s][info ][safepoint     ] Total time for which application threads were stopped: 0.0008443 seconds, Stopping threads took: 0.0003140 seconds
[2023-12-02T16:11:33.363+0000][2364.435s][debug][safepoint     ] Safepoint synchronization initiated. (201 threads)
[2023-12-02T16:11:33.364+0000][2364.435s][info ][safepoint     ] Application time: 1.0004492 seconds
[2023-12-02T16:11:33.364+0000][2364.436s][info ][safepoint     ] Entering safepoint region: Cleanup
[2023-12-02T16:11:33.365+0000][2364.436s][info ][safepoint     ] Leaving safepoint region
[2023-12-02T16:11:33.365+0000][2364.437s][info ][safepoint     ] Total time for which application threads were stopped: 0.0009092 seconds, Stopping threads took: 0.0003076 seconds
[2023-12-02T16:11:34.366+0000][2365.437s][debug][safepoint     ] Safepoint synchronization initiated. (201 threads)
[2023-12-02T16:11:34.367+0000][2365.438s][info ][safepoint     ] Application time: 1.0014342 seconds
[2023-12-02T16:11:34.368+0000][2365.439s][info ][safepoint     ] Entering safepoint region: Cleanup
[2023-12-02T16:11:34.369+0000][2365.440s][info ][safepoint     ] Leaving safepoint region
[2023-12-02T16:11:34.369+0000][2365.441s][info ][safepoint     ] Total time for which application threads were stopped: 0.0017362 seconds, Stopping threads took: 0.0007019 seconds
[2023-12-02T16:11:35.370+0000][2366.442s][debug][safepoint     ] Safepoint synchronization initiated. (201 threads)
[2023-12-02T16:11:35.370+0000][2366.442s][info ][safepoint     ] Application time: 1.0006291 seconds
[2023-12-02T16:11:35.371+0000][2366.442s][info ][safepoint     ] Entering safepoint region: Cleanup
[2023-12-02T16:11:35.371+0000][2366.443s][info ][safepoint     ] Leaving safepoint region
[2023-12-02T16:11:35.372+0000][2366.443s][info ][safepoint     ] Total time for which application threads were stopped: 0.0009067 seconds, Stopping threads took: 0.0003707 seconds
[2023-12-02T16:11:36.372+0000][2367.444s][debug][safepoint     ] Safepoint synchronization initiated. (201 threads)
[2023-12-02T16:11:36.373+0000][2367.445s][info ][safepoint     ] Application time: 1.0013951 seconds
[2023-12-02T16:11:36.374+0000][2367.446s][info ][safepoint     ] Entering safepoint region: Cleanup
[2023-12-02T16:11:36.375+0000][2367.447s][info ][safepoint     ] Leaving safepoint region
[2023-12-02T16:11:36.376+0000][2367.448s][info ][safepoint     ] Total time for which application threads were stopped: 0.0019626 seconds, Stopping threads took: 0.0008636 seconds
[2023-12-02T16:11:37.377+0000][2368.449s][debug][safepoint     ] Safepoint synchronization initiated. (201 threads)
[2023-12-02T16:11:37.378+0000][2368.449s][info ][safepoint     ] Application time: 1.0006863 seconds
[2023-12-02T16:11:37.378+0000][2368.450s][info ][safepoint     ] Entering safepoint region: Cleanup
[2023-12-02T16:11:37.379+0000][2368.450s][info ][safepoint     ] Leaving safepoint region
[2023-12-02T16:11:37.379+0000][2368.451s][info ][safepoint     ] Total time for which application threads were stopped: 0.0010224 seconds, Stopping threads took: 0.0005064 seconds
[2023-12-02T16:11:38.380+0000][2369.451s][debug][safepoint     ] Safepoint synchronization initiated. (201 threads)
[2023-12-02T16:11:38.380+0000][2369.452s][info ][safepoint     ] Application time: 1.0008240 seconds
[2023-12-02T16:11:38.381+0000][2369.452s][info ][safepoint     ] Entering safepoint region: Cleanup
[2023-12-02T16:11:38.381+0000][2369.453s][info ][safepoint     ] Leaving safepoint region
[2023-12-02T16:11:38.382+0000][2369.454s][info ][safepoint     ] Total time for which application threads were stopped: 0.0012089 seconds, Stopping threads took: 0.0005683 seconds
[2023-12-02T16:11:39.382+0000][2370.454s][debug][safepoint     ] Safepoint synchronization initiated. (201 threads)
[2023-12-02T16:11:39.383+0000][2370.455s][info ][safepoint     ] Application time: 1.0006091 seconds
[2023-12-02T16:11:39.383+0000][2370.455s][info ][safepoint     ] Entering safepoint region: Cleanup
[2023-12-02T16:11:39.384+0000][2370.455s][info ][safepoint     ] Leaving safepoint region
[2023-12-02T16:11:39.384+0000][2370.456s][info ][safepoint     ] Total time for which application threads were stopped: 0.0010146 seconds, Stopping threads took: 0.0003423 seconds
[2023-12-02T16:11:40.385+0000][2371.456s][debug][safepoint     ] Safepoint synchronization initiated. (201 threads)
[2023-12-02T16:11:40.386+0000][2371.458s][info ][safepoint     ] Application time: 1.0016102 seconds
[2023-12-02T16:11:40.387+0000][2371.459s][info ][safepoint     ] Entering safepoint region: Cleanup
[2023-12-02T16:11:40.388+0000][2371.459s][info ][safepoint     ] Leaving safepoint region
[2023-12-02T16:11:40.388+0000][2371.460s][info ][safepoint     ] Total time for which application threads were stopped: 0.0010592 seconds, Stopping threads took: 0.0005867 seconds
[2023-12-02T16:11:41.388+0000][2372.460s][debug][safepoint     ] Safepoint synchronization initiated. (201 threads)
[2023-12-02T16:11:41.389+0000][2372.460s][info ][safepoint     ] Application time: 1.0004133 seconds
[2023-12-02T16:11:41.389+0000][2372.461s][info ][safepoint     ] Entering safepoint region: Cleanup
[2023-12-02T16:11:41.389+0000][2372.461s][info ][safepoint     ] Leaving safepoint region
[2023-12-02T16:11:41.390+0000][2372.461s][info ][safepoint     ] Total time for which application threads were stopped: 0.0006224 seconds, Stopping threads took: 0.0002026 seconds
[2023-12-02T16:11:42.390+0000][2373.462s][debug][safepoint     ] Safepoint synchronization initiated. (201 threads)
[2023-12-02T16:11:42.390+0000][2373.462s][info ][safepoint     ] Application time: 1.0005963 seconds
[2023-12-02T16:11:42.391+0000][2373.462s][info ][safepoint     ] Entering safepoint region: Cleanup
[2023-12-02T16:11:42.391+0000][2373.463s][info ][safepoint     ] Leaving safepoint region
[2023-12-02T16:11:42.392+0000][2373.463s][info ][safepoint     ] Total time for which application threads were stopped: 0.0009785 seconds, Stopping threads took: 0.0004443 seconds
[2023-12-02T16:11:43.392+0000][2374.464s][debug][safepoint     ] Safepoint synchronization initiated. (201 threads)
[2023-12-02T16:11:43.393+0000][2374.464s][info ][safepoint     ] Application time: 1.0007073 seconds
[2023-12-02T16:11:43.393+0000][2374.465s][info ][safepoint     ] Entering safepoint region: Cleanup
[2023-12-02T16:11:43.393+0000][2374.465s][info ][safepoint     ] Leaving safepoint region
[2023-12-02T16:11:43.394+0000][2374.465s][info ][safepoint     ] Total time for which application threads were stopped: 0.0008136 seconds, Stopping threads took: 0.0003215 seconds
[2023-12-02T16:11:44.394+0000][2375.466s][debug][safepoint     ] Safepoint synchronization initiated. (201 threads)
[2023-12-02T16:11:44.395+0000][2375.466s][info ][safepoint     ] Application time: 1.0007081 seconds
[2023-12-02T16:11:44.395+0000][2375.467s][info ][safepoint     ] Entering safepoint region: Cleanup
[2023-12-02T16:11:44.396+0000][2375.468s][info ][safepoint     ] Leaving safepoint region
[2023-12-02T16:11:44.396+0000][2375.468s][info ][safepoint     ] Total time for which application threads were stopped: 0.0010711 seconds, Stopping threads took: 0.0004799 seconds
[2023-12-02T16:11:45.397+0000][2376.469s][debug][safepoint     ] Safepoint synchronization initiated. (201 threads)
[2023-12-02T16:11:45.397+0000][2376.469s][info ][safepoint     ] Application time: 1.0007105 seconds
[2023-12-02T16:11:45.398+0000][2376.469s][info ][safepoint     ] Entering safepoint region: Cleanup
[2023-12-02T16:11:45.398+0000][2376.470s][info ][safepoint     ] Leaving safepoint region
[2023-12-02T16:11:45.399+0000][2376.470s][info ][safepoint     ] Total time for which application threads were stopped: 0.0008066 seconds, Stopping threads took: 0.0002979 seconds
[2023-12-02T16:11:46.399+0000][2377.471s][debug][safepoint     ] Safepoint synchronization initiated. (201 threads)
[2023-12-02T16:11:46.399+0000][2377.471s][info ][safepoint     ] Application time: 1.0004681 seconds
[2023-12-02T16:11:46.400+0000][2377.471s][info ][safepoint     ] Entering safepoint region: Cleanup
[2023-12-02T16:11:46.400+0000][2377.472s][info ][safepoint     ] Leaving safepoint region
[2023-12-02T16:11:46.400+0000][2377.472s][info ][safepoint     ] Total time for which application threads were stopped: 0.0007796 seconds, Stopping threads took: 0.0001986 seconds
[2023-12-02T16:11:47.401+0000][2378.473s][debug][safepoint     ] Safepoint synchronization initiated. (201 threads)
[2023-12-02T16:11:47.401+0000][2378.473s][info ][safepoint     ] Application time: 1.0005950 seconds
[2023-12-02T16:11:47.402+0000][2378.473s][info ][safepoint     ] Entering safepoint region: Cleanup
[2023-12-02T16:11:47.402+0000][2378.474s][info ][safepoint     ] Leaving safepoint region
[2023-12-02T16:11:47.403+0000][2378.474s][info ][safepoint     ] Total time for which application threads were stopped: 0.0010217 seconds, Stopping threads took: 0.0004438 seconds
[2023-12-02T16:11:48.403+0000][2379.475s][debug][safepoint     ] Safepoint synchronization initiated. (201 threads)
[2023-12-02T16:11:48.404+0000][2379.475s][info ][safepoint     ] Application time: 1.0004947 seconds
[2023-12-02T16:11:48.404+0000][2379.476s][info ][safepoint     ] Entering safepoint region: Cleanup
[2023-12-02T16:11:48.404+0000][2379.476s][info ][safepoint     ] Leaving safepoint region
[2023-12-02T16:11:48.405+0000][2379.476s][info ][safepoint     ] Total time for which application threads were stopped: 0.0008084 seconds, Stopping threads took: 0.0003277 seconds
[2023-12-02T16:11:49.405+0000][2380.477s][debug][safepoint     ] Safepoint synchronization initiated. (201 threads)
[2023-12-02T16:11:49.405+0000][2380.477s][info ][safepoint     ] Application time: 1.0004848 seconds
[2023-12-02T16:11:49.406+0000][2380.477s][info ][safepoint     ] Entering safepoint region: Cleanup
[2023-12-02T16:11:49.406+0000][2380.478s][info ][safepoint     ] Leaving safepoint region
[2023-12-02T16:11:49.407+0000][2380.478s][info ][safepoint     ] Total time for which application threads were stopped: 0.0008878 seconds, Stopping threads took: 0.0003096 seconds
[2023-12-02T16:11:50.407+0000][2381.479s][debug][safepoint     ] Safepoint synchronization initiated. (201 threads)
[2023-12-02T16:11:50.408+0000][2381.479s][info ][safepoint     ] Application time: 1.0006053 seconds
[2023-12-02T16:11:50.408+0000][2381.480s][info ][safepoint     ] Entering safepoint region: Cleanup
[2023-12-02T16:11:50.409+0000][2381.480s][info ][safepoint     ] Leaving safepoint region
[2023-12-02T16:11:50.409+0000][2381.481s][info ][safepoint     ] Total time for which application threads were stopped: 0.0010359 seconds, Stopping threads took: 0.0004351 seconds
[2023-12-02T16:11:51.410+0000][2382.481s][debug][safepoint     ] Safepoint synchronization initiated. (201 threads)
[2023-12-02T16:11:51.410+0000][2382.482s][info ][safepoint     ] Application time: 1.0005425 seconds
[2023-12-02T16:11:51.410+0000][2382.482s][info ][safepoint     ] Entering safepoint region: Cleanup
[2023-12-02T16:11:51.411+0000][2382.483s][info ][safepoint     ] Leaving safepoint region
[2023-12-02T16:11:51.411+0000][2382.483s][info ][safepoint     ] Total time for which application threads were stopped: 0.0008297 seconds, Stopping threads took: 0.0003485 seconds
[2023-12-02T16:11:52.412+0000][2383.483s][debug][safepoint     ] Safepoint synchronization initiated. (201 threads)
[2023-12-02T16:11:52.412+0000][2383.484s][info ][safepoint     ] Application time: 1.0010943 seconds
[2023-12-02T16:11:52.413+0000][2383.485s][info ][safepoint     ] Entering safepoint region: Cleanup
[2023-12-02T16:11:52.414+0000][2383.486s][info ][safepoint     ] Leaving safepoint region
[2023-12-02T16:11:52.414+0000][2383.486s][info ][safepoint     ] Total time for which application threads were stopped: 0.0010463 seconds, Stopping threads took: 0.0005057 seconds
[2023-12-02T16:11:53.415+0000][2384.487s][debug][safepoint     ] Safepoint synchronization initiated. (201 threads)
[2023-12-02T16:11:53.415+0000][2384.487s][info ][safepoint     ] Application time: 1.0007889 seconds
[2023-12-02T16:11:53.416+0000][2384.487s][info ][safepoint     ] Entering safepoint region: Cleanup
[2023-12-02T16:11:53.416+0000][2384.488s][info ][safepoint     ] Leaving safepoint region
[2023-12-02T16:11:53.417+0000][2384.488s][info ][safepoint     ] Total time for which application threads were stopped: 0.0009379 seconds, Stopping threads took: 0.0003609 seconds
[2023-12-02T16:11:54.417+0000][2385.489s][debug][safepoint     ] Safepoint synchronization initiated. (201 threads)
[2023-12-02T16:11:54.418+0000][2385.490s][info ][safepoint     ] Application time: 1.0007590 seconds
[2023-12-02T16:11:54.418+0000][2385.490s][info ][safepoint     ] Entering safepoint region: Cleanup
[2023-12-02T16:11:54.419+0000][2385.490s][info ][safepoint     ] Leaving safepoint region
[2023-12-02T16:11:54.419+0000][2385.491s][info ][safepoint     ] Total time for which application threads were stopped: 0.0008796 seconds, Stopping threads took: 0.0003494 seconds
[2023-12-02T16:11:55.420+0000][2386.491s][debug][safepoint     ] Safepoint synchronization initiated. (201 threads)
[2023-12-02T16:11:55.420+0000][2386.492s][info ][safepoint     ] Application time: 1.0007296 seconds
[2023-12-02T16:11:55.421+0000][2386.492s][info ][safepoint     ] Entering safepoint region: Cleanup
[2023-12-02T16:11:55.421+0000][2386.493s][info ][safepoint     ] Leaving safepoint region
[2023-12-02T16:11:55.421+0000][2386.493s][info ][safepoint     ] Total time for which application threads were stopped: 0.0009852 seconds, Stopping threads took: 0.0004346 seconds
[2023-12-02T16:11:56.422+0000][2387.494s][debug][safepoint     ] Safepoint synchronization initiated. (201 threads)
[2023-12-02T16:11:56.423+0000][2387.494s][info ][safepoint     ] Application time: 1.0007785 seconds
[2023-12-02T16:11:56.423+0000][2387.495s][info ][safepoint     ] Entering safepoint region: Cleanup
[2023-12-02T16:11:56.424+0000][2387.495s][info ][safepoint     ] Leaving safepoint region
[2023-12-02T16:11:56.424+0000][2387.496s][info ][safepoint     ] Total time for which application threads were stopped: 0.0011849 seconds, Stopping threads took: 0.0005735 seconds
[2023-12-02T16:11:57.425+0000][2388.496s][debug][safepoint     ] Safepoint synchronization initiated. (201 threads)
[2023-12-02T16:11:57.425+0000][2388.497s][info ][safepoint     ] Application time: 1.0007364 seconds
[2023-12-02T16:11:57.426+0000][2388.497s][info ][safepoint     ] Entering safepoint region: Cleanup
[2023-12-02T16:11:57.426+0000][2388.498s][info ][safepoint     ] Leaving safepoint region
[2023-12-02T16:11:57.427+0000][2388.498s][info ][safepoint     ] Total time for which application threads were stopped: 0.0008436 seconds, Stopping threads took: 0.0002634 seconds
[2023-12-02T16:11:58.427+0000][2389.499s][debug][safepoint     ] Safepoint synchronization initiated. (201 threads)
[2023-12-02T16:11:58.428+0000][2389.499s][info ][safepoint     ] Application time: 1.0007340 seconds
[2023-12-02T16:11:58.428+0000][2389.500s][info ][safepoint     ] Entering safepoint region: Cleanup
[2023-12-02T16:11:58.429+0000][2389.500s][info ][safepoint     ] Leaving safepoint region
[2023-12-02T16:11:58.429+0000][2389.501s][info ][safepoint     ] Total time for which application threads were stopped: 0.0010516 seconds, Stopping threads took: 0.0004923 seconds
[2023-12-02T16:11:59.430+0000][2390.501s][debug][safepoint     ] Safepoint synchronization initiated. (201 threads)
[2023-12-02T16:11:59.430+0000][2390.502s][info ][safepoint     ] Application time: 1.0007191 seconds
[2023-12-02T16:11:59.431+0000][2390.502s][info ][safepoint     ] Entering safepoint region: Cleanup
[2023-12-02T16:11:59.431+0000][2390.503s][info ][safepoint     ] Leaving safepoint region
[2023-12-02T16:11:59.432+0000][2390.503s][info ][safepoint     ] Total time for which application threads were stopped: 0.0009868 seconds, Stopping threads took: 0.0004078 seconds
[2023-12-02T16:12:00.432+0000][2391.504s][debug][safepoint     ] Safepoint synchronization initiated. (201 threads)
[2023-12-02T16:12:00.433+0000][2391.505s][info ][safepoint     ] Application time: 1.0008761 seconds
[2023-12-02T16:12:00.433+0000][2391.505s][info ][safepoint     ] Entering safepoint region: Cleanup
[2023-12-02T16:12:00.434+0000][2391.506s][info ][safepoint     ] Leaving safepoint region
[2023-12-02T16:12:00.434+0000][2391.506s][info ][safepoint     ] Total time for which application threads were stopped: 0.0011125 seconds, Stopping threads took: 0.0004931 seconds
[2023-12-02T16:12:01.435+0000][2392.507s][debug][safepoint     ] Safepoint synchronization initiated. (201 threads)
[2023-12-02T16:12:01.436+0000][2392.507s][info ][safepoint     ] Application time: 1.0008547 seconds
[2023-12-02T16:12:01.436+0000][2392.508s][info ][safepoint     ] Entering safepoint region: Cleanup
[2023-12-02T16:12:01.437+0000][2392.508s][info ][safepoint     ] Leaving safepoint region
[2023-12-02T16:12:01.437+0000][2392.509s][info ][safepoint     ] Total time for which application threads were stopped: 0.0009372 seconds, Stopping threads took: 0.0004214 seconds
[2023-12-02T16:12:02.437+0000][2393.509s][debug][safepoint     ] Safepoint synchronization initiated. (201 threads)
[2023-12-02T16:12:02.439+0000][2393.511s][info ][safepoint     ] Application time: 1.0017165 seconds
[2023-12-02T16:12:02.439+0000][2393.511s][debug][safepoint     ] Waiting for 1 thread(s) to block
[2023-12-02T16:12:02.440+0000][2393.511s][info ][safepoint     ] Entering safepoint region: Cleanup
[2023-12-02T16:12:02.440+0000][2393.512s][info ][safepoint     ] Leaving safepoint region
[2023-12-02T16:12:02.440+0000][2393.512s][debug][safepoint     ] ... found polling page return exception at pc = 0x00007f43fd4e60d6, stub =0x00007f43f4840600
[2023-12-02T16:12:02.441+0000][2393.512s][info ][safepoint     ] Total time for which application threads were stopped: 0.0015564 seconds, Stopping threads took: 0.0007756 seconds
[2023-12-02T16:12:03.442+0000][2394.513s][debug][safepoint     ] Safepoint synchronization initiated. (201 threads)
[2023-12-02T16:12:03.442+0000][2394.514s][info ][safepoint     ] Application time: 1.0007077 seconds
[2023-12-02T16:12:03.443+0000][2394.514s][info ][safepoint     ] Entering safepoint region: Cleanup
[2023-12-02T16:12:03.443+0000][2394.515s][info ][safepoint     ] Leaving safepoint region
[2023-12-02T16:12:03.443+0000][2394.515s][info ][safepoint     ] Total time for which application threads were stopped: 0.0006969 seconds, Stopping threads took: 0.0002408 seconds
[2023-12-02T16:12:04.444+0000][2395.515s][debug][safepoint     ] Safepoint synchronization initiated. (201 threads)
[2023-12-02T16:12:04.444+0000][2395.516s][info ][safepoint     ] Application time: 1.0007456 seconds
[2023-12-02T16:12:04.445+0000][2395.516s][info ][safepoint     ] Entering safepoint region: Cleanup
[2023-12-02T16:12:04.445+0000][2395.517s][info ][safepoint     ] Leaving safepoint region
[2023-12-02T16:12:04.446+0000][2395.517s][info ][safepoint     ] Total time for which application threads were stopped: 0.0010502 seconds, Stopping threads took: 0.0004475 seconds
[2023-12-02T16:12:05.446+0000][2396.518s][debug][safepoint     ] Safepoint synchronization initiated. (201 threads)
[2023-12-02T16:12:05.447+0000][2396.518s][info ][safepoint     ] Application time: 1.0008472 seconds
[2023-12-02T16:12:05.447+0000][2396.519s][info ][safepoint     ] Entering safepoint region: Cleanup
[2023-12-02T16:12:05.448+0000][2396.520s][info ][safepoint     ] Leaving safepoint region
[2023-12-02T16:12:05.448+0000][2396.520s][info ][safepoint     ] Total time for which application threads were stopped: 0.0009543 seconds, Stopping threads took: 0.0004660 seconds
[2023-12-02T16:12:06.449+0000][2397.520s][debug][safepoint     ] Safepoint synchronization initiated. (201 threads)
[2023-12-02T16:12:06.449+0000][2397.521s][info ][safepoint     ] Application time: 1.0005955 seconds
[2023-12-02T16:12:06.449+0000][2397.521s][info ][safepoint     ] Entering safepoint region: Cleanup
[2023-12-02T16:12:06.450+0000][2397.522s][info ][safepoint     ] Leaving safepoint region
[2023-12-02T16:12:06.450+0000][2397.522s][info ][safepoint     ] Total time for which application threads were stopped: 0.0009706 seconds, Stopping threads took: 0.0003006 seconds
[2023-12-02T16:12:07.451+0000][2398.523s][debug][safepoint     ] Safepoint synchronization initiated. (201 threads)
[2023-12-02T16:12:07.451+0000][2398.523s][info ][safepoint     ] Application time: 1.0007614 seconds
[2023-12-02T16:12:07.452+0000][2398.523s][info ][safepoint     ] Entering safepoint region: Cleanup
[2023-12-02T16:12:07.453+0000][2398.524s][info ][safepoint     ] Leaving safepoint region
[2023-12-02T16:12:07.453+0000][2398.525s][info ][safepoint     ] Total time for which application threads were stopped: 0.0011436 seconds, Stopping threads took: 0.0004265 seconds
[2023-12-02T16:12:08.454+0000][2399.525s][debug][safepoint     ] Safepoint synchronization initiated. (201 threads)
[2023-12-02T16:12:08.454+0000][2399.526s][info ][safepoint     ] Application time: 1.0006339 seconds
[2023-12-02T16:12:08.454+0000][2399.526s][info ][safepoint     ] Entering safepoint region: Cleanup
[2023-12-02T16:12:08.455+0000][2399.527s][info ][safepoint     ] Leaving safepoint region
[2023-12-02T16:12:08.455+0000][2399.527s][info ][safepoint     ] Total time for which application threads were stopped: 0.0009545 seconds, Stopping threads took: 0.0003841 seconds
[2023-12-02T16:12:09.456+0000][2400.528s][debug][safepoint     ] Safepoint synchronization initiated. (201 threads)
[2023-12-02T16:12:09.456+0000][2400.528s][info ][safepoint     ] Application time: 1.0006945 seconds
[2023-12-02T16:12:09.457+0000][2400.528s][info ][safepoint     ] Entering safepoint region: Cleanup
[2023-12-02T16:12:09.457+0000][2400.529s][info ][safepoint     ] Leaving safepoint region
[2023-12-02T16:12:09.458+0000][2400.529s][info ][safepoint     ] Total time for which application threads were stopped: 0.0009312 seconds, Stopping threads took: 0.0004078 seconds
[2023-12-02T16:12:10.458+0000][2401.530s][debug][safepoint     ] Safepoint synchronization initiated. (201 threads)
[2023-12-02T16:12:10.459+0000][2401.530s][info ][safepoint     ] Application time: 1.0005955 seconds
[2023-12-02T16:12:10.459+0000][2401.531s][info ][safepoint     ] Entering safepoint region: Cleanup
[2023-12-02T16:12:10.460+0000][2401.531s][info ][safepoint     ] Leaving safepoint region
[2023-12-02T16:12:10.460+0000][2401.532s][info ][safepoint     ] Total time for which application threads were stopped: 0.0009878 seconds, Stopping threads took: 0.0003713 seconds
[2023-12-02T16:12:11.461+0000][2402.532s][debug][safepoint     ] Safepoint synchronization initiated. (201 threads)
[2023-12-02T16:12:11.461+0000][2402.533s][info ][safepoint     ] Application time: 1.0004801 seconds
[2023-12-02T16:12:11.461+0000][2402.533s][info ][safepoint     ] Entering safepoint region: Cleanup
[2023-12-02T16:12:11.462+0000][2402.533s][info ][safepoint     ] Leaving safepoint region
[2023-12-02T16:12:11.462+0000][2402.534s][info ][safepoint     ] Total time for which application threads were stopped: 0.0006633 seconds, Stopping threads took: 0.0002686 seconds
[2023-12-02T16:12:12.462+0000][2403.534s][debug][safepoint     ] Safepoint synchronization initiated. (201 threads)
[2023-12-02T16:12:12.463+0000][2403.534s][info ][safepoint     ] Application time: 1.0007500 seconds
[2023-12-02T16:12:12.463+0000][2403.535s][info ][safepoint     ] Entering safepoint region: Cleanup
[2023-12-02T16:12:12.464+0000][2403.535s][info ][safepoint     ] Leaving safepoint region
[2023-12-02T16:12:12.464+0000][2403.536s][info ][safepoint     ] Total time for which application threads were stopped: 0.0009826 seconds, Stopping threads took: 0.0003776 seconds
[2023-12-02T16:12:13.465+0000][2404.536s][debug][safepoint     ] Safepoint synchronization initiated. (201 threads)
[2023-12-02T16:12:13.468+0000][2404.540s][info ][safepoint     ] Application time: 1.0036144 seconds
[2023-12-02T16:12:13.469+0000][2404.541s][info ][safepoint     ] Entering safepoint region: Cleanup
[2023-12-02T16:12:13.472+0000][2404.544s][info ][safepoint     ] Leaving safepoint region
[2023-12-02T16:12:13.478+0000][2404.549s][info ][safepoint     ] Total time for which application threads were stopped: 0.0082821 seconds, Stopping threads took: 0.0023014 seconds
[2023-12-02T16:12:14.478+0000][2405.550s][debug][safepoint     ] Safepoint synchronization initiated. (201 threads)
[2023-12-02T16:12:14.479+0000][2405.550s][info ][safepoint     ] Application time: 1.0006050 seconds
[2023-12-02T16:12:14.479+0000][2405.551s][info ][safepoint     ] Entering safepoint region: Cleanup
[2023-12-02T16:12:14.480+0000][2405.551s][info ][safepoint     ] Leaving safepoint region
[2023-12-02T16:12:14.480+0000][2405.551s][info ][safepoint     ] Total time for which application threads were stopped: 0.0007610 seconds, Stopping threads took: 0.0003220 seconds
[2023-12-02T16:12:15.480+0000][2406.552s][debug][safepoint     ] Safepoint synchronization initiated. (201 threads)
[2023-12-02T16:12:15.481+0000][2406.552s][info ][safepoint     ] Application time: 1.0006846 seconds
[2023-12-02T16:12:15.481+0000][2406.553s][info ][safepoint     ] Entering safepoint region: Cleanup
[2023-12-02T16:12:15.482+0000][2406.553s][info ][safepoint     ] Leaving safepoint region
[2023-12-02T16:12:15.482+0000][2406.554s][info ][safepoint     ] Total time for which application threads were stopped: 0.0008426 seconds, Stopping threads took: 0.0003306 seconds
[2023-12-02T16:12:16.432+0000][2407.504s][debug][safepoint     ] Safepoint synchronization initiated. (201 threads)
[2023-12-02T16:12:16.433+0000][2407.504s][info ][safepoint     ] Application time: 0.9504647 seconds
[2023-12-02T16:12:16.433+0000][2407.505s][info ][safepoint     ] Entering safepoint region: G1CollectForAllocation
[2023-12-02T16:12:16.434+0000][2407.505s][info ][gc,start      ] GC(75) Pause Young (Normal) (G1 Evacuation Pause)
[2023-12-02T16:12:16.434+0000][2407.506s][info ][gc,task       ] GC(75) Using 8 workers of 8 for evacuation
[2023-12-02T16:12:16.447+0000][2407.518s][info ][gc,phases     ] GC(75)   Pre Evacuate Collection Set: 0.1ms
[2023-12-02T16:12:16.447+0000][2407.519s][info ][gc,phases     ] GC(75)   Evacuate Collection Set: 8.8ms
[2023-12-02T16:12:16.447+0000][2407.519s][info ][gc,phases     ] GC(75)   Post Evacuate Collection Set: 3.1ms
[2023-12-02T16:12:16.448+0000][2407.519s][info ][gc,phases     ] GC(75)   Other: 1.1ms
[2023-12-02T16:12:16.448+0000][2407.520s][info ][gc,heap       ] GC(75) Eden regions: 184->0(177)
[2023-12-02T16:12:16.448+0000][2407.520s][info ][gc,heap       ] GC(75) Survivor regions: 9->10(25)
[2023-12-02T16:12:16.449+0000][2407.520s][info ][gc,heap       ] GC(75) Old regions: 162->162
[2023-12-02T16:12:16.449+0000][2407.521s][info ][gc,heap       ] GC(75) Humongous regions: 25->25
[2023-12-02T16:12:16.449+0000][2407.521s][info ][gc,metaspace  ] GC(75) Metaspace: 179933K(194204K)->179933K(194204K) NonClass: 159199K(170528K)->159199K(170528K) Class: 20733K(23676K)->20733K(23676K)
[2023-12-02T16:12:16.450+0000][2407.521s][info ][gc            ] GC(75) Pause Young (Normal) (G1 Evacuation Pause) 378M->194M(427M) 15.939ms
[2023-12-02T16:12:16.450+0000][2407.521s][info ][gc,cpu        ] GC(75) User=0.09s Sys=0.00s Real=0.01s
[2023-12-02T16:12:16.450+0000][2407.522s][info ][safepoint     ] Leaving safepoint region
[2023-12-02T16:12:16.450+0000][2407.522s][info ][safepoint     ] Total time for which application threads were stopped: 0.0173879 seconds, Stopping threads took: 0.0003186 seconds
[2023-12-02T16:12:16.451+0000][2407.522s][info ][gc,stringdedup] Concurrent String Deduplication (2407.522s)
[2023-12-02T16:12:16.451+0000][2407.523s][info ][gc,stringdedup] Concurrent String Deduplication 16432.0B->400.0B(16032.0B) avg 52.7% (2407.522s, 2407.523s) 0.370ms
[2023-12-02T16:12:17.451+0000][2408.523s][debug][safepoint     ] Safepoint synchronization initiated. (201 threads)
[2023-12-02T16:12:17.451+0000][2408.523s][info ][safepoint     ] Application time: 1.0005960 seconds
[2023-12-02T16:12:17.452+0000][2408.523s][info ][safepoint     ] Entering safepoint region: Cleanup
[2023-12-02T16:12:17.452+0000][2408.524s][info ][safepoint     ] Leaving safepoint region
[2023-12-02T16:12:17.453+0000][2408.524s][info ][safepoint     ] Total time for which application threads were stopped: 0.0009216 seconds, Stopping threads took: 0.0003539 seconds
[2023-12-02T16:12:18.453+0000][2409.525s][debug][safepoint     ] Safepoint synchronization initiated. (201 threads)
[2023-12-02T16:12:18.454+0000][2409.525s][info ][safepoint     ] Application time: 1.0006344 seconds
[2023-12-02T16:12:18.454+0000][2409.526s][info ][safepoint     ] Entering safepoint region: Cleanup
[2023-12-02T16:12:18.455+0000][2409.526s][info ][safepoint     ] Leaving safepoint region
[2023-12-02T16:12:18.455+0000][2409.526s][info ][safepoint     ] Total time for which application threads were stopped: 0.0008339 seconds, Stopping threads took: 0.0003486 seconds
[2023-12-02T16:12:19.456+0000][2410.527s][debug][safepoint     ] Safepoint synchronization initiated. (201 threads)
[2023-12-02T16:12:19.456+0000][2410.528s][info ][safepoint     ] Application time: 1.0006673 seconds
[2023-12-02T16:12:19.456+0000][2410.528s][info ][safepoint     ] Entering safepoint region: Cleanup
[2023-12-02T16:12:19.457+0000][2410.528s][info ][safepoint     ] Leaving safepoint region
[2023-12-02T16:12:19.457+0000][2410.529s][info ][safepoint     ] Total time for which application threads were stopped: 0.0008563 seconds, Stopping threads took: 0.0004136 seconds
[2023-12-02T16:12:20.458+0000][2411.529s][debug][safepoint     ] Safepoint synchronization initiated. (201 threads)
[2023-12-02T16:12:20.458+0000][2411.530s][info ][safepoint     ] Application time: 1.0005167 seconds
[2023-12-02T16:12:20.458+0000][2411.530s][info ][safepoint     ] Entering safepoint region: Cleanup
[2023-12-02T16:12:20.459+0000][2411.531s][info ][safepoint     ] Leaving safepoint region
[2023-12-02T16:12:20.459+0000][2411.531s][info ][safepoint     ] Total time for which application threads were stopped: 0.0009051 seconds, Stopping threads took: 0.0004636 seconds
[2023-12-02T16:12:21.460+0000][2412.531s][debug][safepoint     ] Safepoint synchronization initiated. (201 threads)
[2023-12-02T16:12:21.460+0000][2412.532s][info ][safepoint     ] Application time: 1.0006214 seconds
[2023-12-02T16:12:21.461+0000][2412.532s][info ][safepoint     ] Entering safepoint region: Cleanup
[2023-12-02T16:12:21.461+0000][2412.533s][info ][safepoint     ] Leaving safepoint region
[2023-12-02T16:12:21.461+0000][2412.533s][info ][safepoint     ] Total time for which application threads were stopped: 0.0008606 seconds, Stopping threads took: 0.0003758 seconds
[2023-12-02T16:12:22.462+0000][2413.534s][debug][safepoint     ] Safepoint synchronization initiated. (201 threads)
[2023-12-02T16:12:22.462+0000][2413.534s][info ][safepoint     ] Application time: 1.0006286 seconds
[2023-12-02T16:12:22.463+0000][2413.534s][info ][safepoint     ] Entering safepoint region: Cleanup
[2023-12-02T16:12:22.463+0000][2413.535s][info ][safepoint     ] Leaving safepoint region
[2023-12-02T16:12:22.464+0000][2413.535s][info ][safepoint     ] Total time for which application threads were stopped: 0.0008714 seconds, Stopping threads took: 0.0003538 seconds
[2023-12-02T16:12:23.464+0000][2414.536s][debug][safepoint     ] Safepoint synchronization initiated. (201 threads)
[2023-12-02T16:12:23.465+0000][2414.537s][info ][safepoint     ] Application time: 1.0012389 seconds
[2023-12-02T16:12:23.466+0000][2414.537s][info ][safepoint     ] Entering safepoint region: Cleanup
[2023-12-02T16:12:23.466+0000][2414.538s][info ][safepoint     ] Leaving safepoint region
[2023-12-02T16:12:23.467+0000][2414.539s][info ][safepoint     ] Total time for which application threads were stopped: 0.0012334 seconds, Stopping threads took: 0.0005016 seconds
[2023-12-02T16:12:24.468+0000][2415.539s][debug][safepoint     ] Safepoint synchronization initiated. (201 threads)
[2023-12-02T16:12:24.469+0000][2415.540s][info ][safepoint     ] Application time: 1.0012442 seconds
[2023-12-02T16:12:24.469+0000][2415.541s][debug][safepoint     ] ... found polling page return exception at pc = 0x00007f43fc6ffd6d, stub =0x00007f43f4840600
[2023-12-02T16:12:24.470+0000][2415.542s][debug][safepoint     ] Waiting for 2 thread(s) to block
[2023-12-02T16:12:24.471+0000][2415.543s][info ][safepoint     ] Entering safepoint region: Cleanup
[2023-12-02T16:12:24.472+0000][2415.544s][info ][safepoint     ] Leaving safepoint region
[2023-12-02T16:12:24.473+0000][2415.544s][info ][safepoint     ] Total time for which application threads were stopped: 0.0034048 seconds, Stopping threads took: 0.0023942 seconds
[2023-12-02T16:12:25.474+0000][2416.545s][debug][safepoint     ] Safepoint synchronization initiated. (201 threads)
[2023-12-02T16:12:25.474+0000][2416.546s][info ][safepoint     ] Application time: 1.0007977 seconds
[2023-12-02T16:12:25.475+0000][2416.546s][info ][safepoint     ] Entering safepoint region: Cleanup
[2023-12-02T16:12:25.475+0000][2416.547s][info ][safepoint     ] Leaving safepoint region
[2023-12-02T16:12:25.476+0000][2416.547s][info ][safepoint     ] Total time for which application threads were stopped: 0.0011468 seconds, Stopping threads took: 0.0005461 seconds
[2023-12-02T16:12:26.476+0000][2417.548s][debug][safepoint     ] Safepoint synchronization initiated. (201 threads)
[2023-12-02T16:12:26.477+0000][2417.548s][info ][safepoint     ] Application time: 1.0005667 seconds
[2023-12-02T16:12:26.477+0000][2417.549s][info ][safepoint     ] Entering safepoint region: Cleanup
[2023-12-02T16:12:26.478+0000][2417.549s][info ][safepoint     ] Leaving safepoint region
[2023-12-02T16:12:26.478+0000][2417.550s][info ][safepoint     ] Total time for which application threads were stopped: 0.0010050 seconds, Stopping threads took: 0.0004417 seconds
[2023-12-02T16:12:27.478+0000][2418.550s][debug][safepoint     ] Safepoint synchronization initiated. (201 threads)
[2023-12-02T16:12:27.479+0000][2418.550s][info ][safepoint     ] Application time: 1.0005859 seconds
[2023-12-02T16:12:27.479+0000][2418.551s][info ][safepoint     ] Entering safepoint region: Cleanup
[2023-12-02T16:12:27.481+0000][2418.552s][info ][safepoint     ] Leaving safepoint region
[2023-12-02T16:12:27.481+0000][2418.552s][info ][safepoint     ] Total time for which application threads were stopped: 0.0016261 seconds, Stopping threads took: 0.0005421 seconds
[2023-12-02T16:12:28.481+0000][2419.553s][debug][safepoint     ] Safepoint synchronization initiated. (201 threads)
[2023-12-02T16:12:28.482+0000][2419.553s][info ][safepoint     ] Application time: 1.0007753 seconds
[2023-12-02T16:12:28.482+0000][2419.554s][info ][safepoint     ] Entering safepoint region: Cleanup
[2023-12-02T16:12:28.483+0000][2419.555s][info ][safepoint     ] Leaving safepoint region
[2023-12-02T16:12:28.483+0000][2419.555s][info ][safepoint     ] Total time for which application threads were stopped: 0.0012538 seconds, Stopping threads took: 0.0004999 seconds
[2023-12-02T16:12:29.484+0000][2420.556s][debug][safepoint     ] Safepoint synchronization initiated. (201 threads)
[2023-12-02T16:12:29.485+0000][2420.556s][info ][safepoint     ] Application time: 1.0008770 seconds
[2023-12-02T16:12:29.485+0000][2420.557s][info ][safepoint     ] Entering safepoint region: Cleanup
[2023-12-02T16:12:29.486+0000][2420.558s][info ][safepoint     ] Leaving safepoint region
[2023-12-02T16:12:29.487+0000][2420.558s][info ][safepoint     ] Total time for which application threads were stopped: 0.0013973 seconds, Stopping threads took: 0.0007231 seconds
[2023-12-02T16:12:30.487+0000][2421.559s][debug][safepoint     ] Safepoint synchronization initiated. (201 threads)
[2023-12-02T16:12:30.488+0000][2421.559s][info ][safepoint     ] Application time: 1.0007823 seconds
[2023-12-02T16:12:30.488+0000][2421.560s][info ][safepoint     ] Entering safepoint region: Cleanup
[2023-12-02T16:12:30.489+0000][2421.561s][info ][safepoint     ] Leaving safepoint region
[2023-12-02T16:12:30.489+0000][2421.561s][info ][safepoint     ] Total time for which application threads were stopped: 0.0012962 seconds, Stopping threads took: 0.0004819 seconds
[2023-12-02T16:12:31.490+0000][2422.562s][debug][safepoint     ] Safepoint synchronization initiated. (201 threads)
[2023-12-02T16:12:31.491+0000][2422.562s][info ][safepoint     ] Application time: 1.0007253 seconds
[2023-12-02T16:12:31.492+0000][2422.564s][info ][safepoint     ] Entering safepoint region: Cleanup
[2023-12-02T16:12:31.493+0000][2422.565s][info ][safepoint     ] Leaving safepoint region
[2023-12-02T16:12:31.493+0000][2422.565s][info ][safepoint     ] Total time for which application threads were stopped: 0.0016664 seconds, Stopping threads took: 0.0010807 seconds
[2023-12-02T16:12:32.494+0000][2423.565s][debug][safepoint     ] Safepoint synchronization initiated. (201 threads)
[2023-12-02T16:12:32.494+0000][2423.566s][info ][safepoint     ] Application time: 1.0007612 seconds
[2023-12-02T16:12:32.495+0000][2423.566s][info ][safepoint     ] Entering safepoint region: Cleanup
[2023-12-02T16:12:32.495+0000][2423.567s][info ][safepoint     ] Leaving safepoint region
[2023-12-02T16:12:32.496+0000][2423.567s][info ][safepoint     ] Total time for which application threads were stopped: 0.0009606 seconds, Stopping threads took: 0.0004214 seconds
[2023-12-02T16:12:33.496+0000][2424.568s][debug][safepoint     ] Safepoint synchronization initiated. (201 threads)
[2023-12-02T16:12:33.497+0000][2424.568s][info ][safepoint     ] Application time: 1.0005495 seconds
[2023-12-02T16:12:33.497+0000][2424.569s][info ][safepoint     ] Entering safepoint region: Cleanup
[2023-12-02T16:12:33.499+0000][2424.570s][info ][safepoint     ] Leaving safepoint region
[2023-12-02T16:12:33.499+0000][2424.571s][info ][safepoint     ] Total time for which application threads were stopped: 0.0021552 seconds, Stopping threads took: 0.0006383 seconds
[2023-12-02T16:12:34.500+0000][2425.571s][debug][safepoint     ] Safepoint synchronization initiated. (201 threads)
[2023-12-02T16:12:34.500+0000][2425.572s][info ][safepoint     ] Application time: 1.0010973 seconds
[2023-12-02T16:12:34.501+0000][2425.573s][info ][safepoint     ] Entering safepoint region: Cleanup
[2023-12-02T16:12:34.502+0000][2425.574s][info ][safepoint     ] Leaving safepoint region
[2023-12-02T16:12:34.503+0000][2425.574s][info ][safepoint     ] Total time for which application threads were stopped: 0.0016550 seconds, Stopping threads took: 0.0006831 seconds
[2023-12-02T16:12:35.504+0000][2426.575s][debug][safepoint     ] Safepoint synchronization initiated. (201 threads)
[2023-12-02T16:12:35.505+0000][2426.576s][info ][safepoint     ] Application time: 1.0010843 seconds
[2023-12-02T16:12:35.505+0000][2426.577s][info ][safepoint     ] Entering safepoint region: Cleanup
[2023-12-02T16:12:35.506+0000][2426.578s][info ][safepoint     ] Leaving safepoint region
[2023-12-02T16:12:35.507+0000][2426.579s][info ][safepoint     ] Total time for which application threads were stopped: 0.0019646 seconds, Stopping threads took: 0.0008090 seconds
[2023-12-02T16:12:36.508+0000][2427.580s][debug][safepoint     ] Safepoint synchronization initiated. (201 threads)
[2023-12-02T16:12:36.509+0000][2427.581s][info ][safepoint     ] Application time: 1.0010078 seconds
[2023-12-02T16:12:36.510+0000][2427.581s][info ][safepoint     ] Entering safepoint region: Cleanup
[2023-12-02T16:12:36.511+0000][2427.582s][info ][safepoint     ] Leaving safepoint region
[2023-12-02T16:12:36.512+0000][2427.583s][info ][safepoint     ] Total time for which application threads were stopped: 0.0017756 seconds, Stopping threads took: 0.0006758 seconds
[2023-12-02T16:12:37.512+0000][2428.584s][debug][safepoint     ] Safepoint synchronization initiated. (201 threads)
[2023-12-02T16:12:37.513+0000][2428.585s][info ][safepoint     ] Application time: 1.0012601 seconds
[2023-12-02T16:12:37.514+0000][2428.586s][info ][safepoint     ] Entering safepoint region: Cleanup
[2023-12-02T16:12:37.516+0000][2428.587s][info ][safepoint     ] Leaving safepoint region
[2023-12-02T16:12:37.516+0000][2428.588s][info ][safepoint     ] Total time for which application threads were stopped: 0.0020973 seconds, Stopping threads took: 0.0009021 seconds
[2023-12-02T16:12:38.517+0000][2429.589s][debug][safepoint     ] Safepoint synchronization initiated. (201 threads)
[2023-12-02T16:12:38.517+0000][2429.589s][info ][safepoint     ] Application time: 1.0004295 seconds
[2023-12-02T16:12:38.518+0000][2429.589s][info ][safepoint     ] Entering safepoint region: Cleanup
[2023-12-02T16:12:38.518+0000][2429.589s][info ][safepoint     ] Leaving safepoint region
[2023-12-02T16:12:38.518+0000][2429.590s][info ][safepoint     ] Total time for which application threads were stopped: 0.0005919 seconds, Stopping threads took: 0.0002095 seconds
[2023-12-02T16:12:39.518+0000][2430.590s][debug][safepoint     ] Safepoint synchronization initiated. (201 threads)
[2023-12-02T16:12:39.519+0000][2430.590s][info ][safepoint     ] Application time: 1.0004078 seconds
[2023-12-02T16:12:39.519+0000][2430.590s][info ][safepoint     ] Entering safepoint region: Cleanup
[2023-12-02T16:12:39.519+0000][2430.591s][info ][safepoint     ] Leaving safepoint region
[2023-12-02T16:12:39.520+0000][2430.591s][info ][safepoint     ] Total time for which application threads were stopped: 0.0009494 seconds, Stopping threads took: 0.0002004 seconds
[2023-12-02T16:12:40.520+0000][2431.592s][debug][safepoint     ] Safepoint synchronization initiated. (201 threads)
[2023-12-02T16:12:40.521+0000][2431.592s][info ][safepoint     ] Application time: 1.0008052 seconds
[2023-12-02T16:12:40.522+0000][2431.594s][info ][safepoint     ] Entering safepoint region: Cleanup
[2023-12-02T16:12:40.523+0000][2431.595s][info ][safepoint     ] Leaving safepoint region
[2023-12-02T16:12:40.524+0000][2431.595s][info ][safepoint     ] Total time for which application threads were stopped: 0.0015061 seconds, Stopping threads took: 0.0006468 seconds
[2023-12-02T16:12:41.524+0000][2432.596s][debug][safepoint     ] Safepoint synchronization initiated. (201 threads)
[2023-12-02T16:12:41.524+0000][2432.596s][info ][safepoint     ] Application time: 1.0005509 seconds
[2023-12-02T16:12:41.525+0000][2432.596s][info ][safepoint     ] Entering safepoint region: Cleanup
[2023-12-02T16:12:41.526+0000][2432.598s][info ][safepoint     ] Leaving safepoint region
[2023-12-02T16:12:41.527+0000][2432.598s][info ][safepoint     ] Total time for which application threads were stopped: 0.0019050 seconds, Stopping threads took: 0.0003708 seconds
[2023-12-02T16:12:42.527+0000][2433.599s][debug][safepoint     ] Safepoint synchronization initiated. (201 threads)
[2023-12-02T16:12:42.528+0000][2433.599s][info ][safepoint     ] Application time: 1.0008349 seconds
[2023-12-02T16:12:42.528+0000][2433.600s][info ][safepoint     ] Entering safepoint region: Cleanup
[2023-12-02T16:12:42.529+0000][2433.601s][info ][safepoint     ] Leaving safepoint region
[2023-12-02T16:12:42.530+0000][2433.602s][info ][safepoint     ] Total time for which application threads were stopped: 0.0019745 seconds, Stopping threads took: 0.0004838 seconds
[2023-12-02T16:12:43.531+0000][2434.602s][debug][safepoint     ] Safepoint synchronization initiated. (201 threads)
[2023-12-02T16:12:43.531+0000][2434.603s][info ][safepoint     ] Application time: 1.0008820 seconds
[2023-12-02T16:12:43.532+0000][2434.603s][info ][safepoint     ] Entering safepoint region: Cleanup
[2023-12-02T16:12:43.532+0000][2434.604s][info ][safepoint     ] Leaving safepoint region
[2023-12-02T16:12:43.532+0000][2434.604s][info ][safepoint     ] Total time for which application threads were stopped: 0.0006783 seconds, Stopping threads took: 0.0002930 seconds
[2023-12-02T16:12:44.533+0000][2435.604s][debug][safepoint     ] Safepoint synchronization initiated. (201 threads)
[2023-12-02T16:12:44.533+0000][2435.605s][info ][safepoint     ] Application time: 1.0005858 seconds
[2023-12-02T16:12:44.534+0000][2435.605s][info ][safepoint     ] Entering safepoint region: Cleanup
[2023-12-02T16:12:44.534+0000][2435.606s][info ][safepoint     ] Leaving safepoint region
[2023-12-02T16:12:44.534+0000][2435.606s][debug][safepoint     ] ... found polling page loop exception at pc = 0x00007f43fcaa9897, stub =0x00007f43f4843680
[2023-12-02T16:12:44.534+0000][2435.606s][debug][safepoint     ] ... found polling page return exception at pc = 0x00007f43fc9de0c4, stub =0x00007f43f4840600
[2023-12-02T16:12:44.534+0000][2435.606s][debug][safepoint     ] ... found polling page return exception at pc = 0x00007f43fc9de0c4, stub =0x00007f43f4840600
[2023-12-02T16:12:44.534+0000][2435.606s][debug][safepoint     ] ... found polling page return exception at pc = 0x00007f43fc9de0c4, stub =0x00007f43f4840600
[2023-12-02T16:12:44.534+0000][2435.606s][info ][safepoint     ] Total time for which application threads were stopped: 0.0007927 seconds, Stopping threads took: 0.0003192 seconds
[2023-12-02T16:12:45.536+0000][2436.608s][debug][safepoint     ] Safepoint synchronization initiated. (201 threads)
[2023-12-02T16:12:45.537+0000][2436.608s][info ][safepoint     ] Application time: 1.0007675 seconds
[2023-12-02T16:12:45.537+0000][2436.609s][info ][safepoint     ] Entering safepoint region: Cleanup
[2023-12-02T16:12:45.538+0000][2436.609s][info ][safepoint     ] Leaving safepoint region
[2023-12-02T16:12:45.538+0000][2436.610s][info ][safepoint     ] Total time for which application threads were stopped: 0.0012344 seconds, Stopping threads took: 0.0005027 seconds
[2023-12-02T16:12:46.539+0000][2437.610s][debug][safepoint     ] Safepoint synchronization initiated. (201 threads)
[2023-12-02T16:12:46.539+0000][2437.611s][info ][safepoint     ] Application time: 1.0004932 seconds
[2023-12-02T16:12:46.539+0000][2437.611s][info ][safepoint     ] Entering safepoint region: Cleanup
[2023-12-02T16:12:46.540+0000][2437.611s][info ][safepoint     ] Leaving safepoint region
[2023-12-02T16:12:46.540+0000][2437.611s][info ][safepoint     ] Total time for which application threads were stopped: 0.0006708 seconds, Stopping threads took: 0.0002735 seconds
[2023-12-02T16:12:47.540+0000][2438.612s][debug][safepoint     ] Safepoint synchronization initiated. (201 threads)
[2023-12-02T16:12:47.541+0000][2438.612s][info ][safepoint     ] Application time: 1.0005870 seconds
[2023-12-02T16:12:47.541+0000][2438.613s][info ][safepoint     ] Entering safepoint region: Cleanup
[2023-12-02T16:12:47.542+0000][2438.613s][info ][safepoint     ] Leaving safepoint region
[2023-12-02T16:12:47.542+0000][2438.614s][info ][safepoint     ] Total time for which application threads were stopped: 0.0009893 seconds, Stopping threads took: 0.0003702 seconds
[2023-12-02T16:12:48.543+0000][2439.614s][debug][safepoint     ] Safepoint synchronization initiated. (201 threads)
[2023-12-02T16:12:48.543+0000][2439.615s][info ][safepoint     ] Application time: 1.0006736 seconds
[2023-12-02T16:12:48.543+0000][2439.615s][info ][safepoint     ] Entering safepoint region: Cleanup
[2023-12-02T16:12:48.544+0000][2439.616s][info ][safepoint     ] Leaving safepoint region
[2023-12-02T16:12:48.544+0000][2439.616s][info ][safepoint     ] Total time for which application threads were stopped: 0.0008627 seconds, Stopping threads took: 0.0003386 seconds
[2023-12-02T16:12:49.545+0000][2440.616s][debug][safepoint     ] Safepoint synchronization initiated. (201 threads)
[2023-12-02T16:12:49.545+0000][2440.617s][info ][safepoint     ] Application time: 1.0004438 seconds
[2023-12-02T16:12:49.545+0000][2440.617s][info ][safepoint     ] Entering safepoint region: Cleanup
[2023-12-02T16:12:49.546+0000][2440.618s][info ][safepoint     ] Leaving safepoint region
[2023-12-02T16:12:49.546+0000][2440.618s][info ][safepoint     ] Total time for which application threads were stopped: 0.0009313 seconds, Stopping threads took: 0.0004061 seconds
[2023-12-02T16:12:50.547+0000][2441.618s][debug][safepoint     ] Safepoint synchronization initiated. (201 threads)
[2023-12-02T16:12:50.547+0000][2441.619s][info ][safepoint     ] Application time: 1.0007974 seconds
[2023-12-02T16:12:50.548+0000][2441.619s][info ][safepoint     ] Entering safepoint region: Cleanup
[2023-12-02T16:12:50.548+0000][2441.620s][info ][safepoint     ] Leaving safepoint region
[2023-12-02T16:12:50.549+0000][2441.620s][info ][safepoint     ] Total time for which application threads were stopped: 0.0008659 seconds, Stopping threads took: 0.0003562 seconds
[2023-12-02T16:12:51.549+0000][2442.621s][debug][safepoint     ] Safepoint synchronization initiated. (201 threads)
[2023-12-02T16:12:51.549+0000][2442.621s][info ][safepoint     ] Application time: 1.0005520 seconds
[2023-12-02T16:12:51.550+0000][2442.621s][info ][safepoint     ] Entering safepoint region: Cleanup
[2023-12-02T16:12:51.550+0000][2442.622s][info ][safepoint     ] Leaving safepoint region
[2023-12-02T16:12:51.551+0000][2442.622s][info ][safepoint     ] Total time for which application threads were stopped: 0.0008687 seconds, Stopping threads took: 0.0002760 seconds
[2023-12-02T16:12:52.551+0000][2443.622s][debug][safepoint     ] Safepoint synchronization initiated. (201 threads)
[2023-12-02T16:12:52.551+0000][2443.623s][info ][safepoint     ] Application time: 1.0007316 seconds
[2023-12-02T16:12:52.552+0000][2443.624s][info ][safepoint     ] Entering safepoint region: Cleanup
[2023-12-02T16:12:52.553+0000][2443.624s][info ][safepoint     ] Leaving safepoint region
[2023-12-02T16:12:52.553+0000][2443.625s][info ][safepoint     ] Total time for which application threads were stopped: 0.0010336 seconds, Stopping threads took: 0.0004525 seconds
[2023-12-02T16:12:53.554+0000][2444.625s][debug][safepoint     ] Safepoint synchronization initiated. (201 threads)
[2023-12-02T16:12:53.554+0000][2444.626s][info ][safepoint     ] Application time: 1.0008379 seconds
[2023-12-02T16:12:53.555+0000][2444.626s][info ][safepoint     ] Entering safepoint region: Cleanup
[2023-12-02T16:12:53.555+0000][2444.627s][info ][safepoint     ] Leaving safepoint region
[2023-12-02T16:12:53.556+0000][2444.627s][info ][safepoint     ] Total time for which application threads were stopped: 0.0009805 seconds, Stopping threads took: 0.0004021 seconds
[2023-12-02T16:12:54.556+0000][2445.628s][debug][safepoint     ] Safepoint synchronization initiated. (201 threads)
[2023-12-02T16:12:54.556+0000][2445.628s][info ][safepoint     ] Application time: 1.0006073 seconds
[2023-12-02T16:12:54.557+0000][2445.629s][info ][safepoint     ] Entering safepoint region: Cleanup
[2023-12-02T16:12:54.557+0000][2445.629s][info ][safepoint     ] Leaving safepoint region
[2023-12-02T16:12:54.558+0000][2445.629s][info ][safepoint     ] Total time for which application threads were stopped: 0.0008630 seconds, Stopping threads took: 0.0002946 seconds
[2023-12-02T16:12:55.558+0000][2446.630s][debug][safepoint     ] Safepoint synchronization initiated. (201 threads)
[2023-12-02T16:12:55.559+0000][2446.630s][info ][safepoint     ] Application time: 1.0005582 seconds
[2023-12-02T16:12:55.559+0000][2446.631s][info ][safepoint     ] Entering safepoint region: Cleanup
[2023-12-02T16:12:55.560+0000][2446.631s][info ][safepoint     ] Leaving safepoint region
[2023-12-02T16:12:55.560+0000][2446.632s][info ][safepoint     ] Total time for which application threads were stopped: 0.0010232 seconds, Stopping threads took: 0.0004115 seconds
[2023-12-02T16:12:56.561+0000][2447.632s][debug][safepoint     ] Safepoint synchronization initiated. (201 threads)
[2023-12-02T16:12:56.561+0000][2447.633s][info ][safepoint     ] Application time: 1.0005885 seconds
[2023-12-02T16:12:56.562+0000][2447.633s][info ][safepoint     ] Entering safepoint region: Cleanup
[2023-12-02T16:12:56.562+0000][2447.634s][info ][safepoint     ] Leaving safepoint region
[2023-12-02T16:12:56.562+0000][2447.634s][info ][safepoint     ] Total time for which application threads were stopped: 0.0009981 seconds, Stopping threads took: 0.0004581 seconds
[2023-12-02T16:12:57.563+0000][2448.635s][debug][safepoint     ] Safepoint synchronization initiated. (201 threads)
[2023-12-02T16:12:57.564+0000][2448.635s][info ][safepoint     ] Application time: 1.0009887 seconds
[2023-12-02T16:12:57.564+0000][2448.636s][info ][safepoint     ] Entering safepoint region: Cleanup
[2023-12-02T16:12:57.565+0000][2448.636s][info ][safepoint     ] Leaving safepoint region
[2023-12-02T16:12:57.565+0000][2448.637s][info ][safepoint     ] Total time for which application threads were stopped: 0.0009855 seconds, Stopping threads took: 0.0004318 seconds
[2023-12-02T16:12:58.566+0000][2449.637s][debug][safepoint     ] Safepoint synchronization initiated. (201 threads)
[2023-12-02T16:12:58.566+0000][2449.638s][info ][safepoint     ] Application time: 1.0007636 seconds
[2023-12-02T16:12:58.567+0000][2449.638s][info ][safepoint     ] Entering safepoint region: Cleanup
[2023-12-02T16:12:58.567+0000][2449.639s][info ][safepoint     ] Leaving safepoint region
[2023-12-02T16:12:58.567+0000][2449.639s][info ][safepoint     ] Total time for which application threads were stopped: 0.0008117 seconds, Stopping threads took: 0.0003058 seconds
[2023-12-02T16:12:59.568+0000][2450.639s][debug][safepoint     ] Safepoint synchronization initiated. (201 threads)
[2023-12-02T16:12:59.568+0000][2450.640s][info ][safepoint     ] Application time: 1.0009484 seconds
[2023-12-02T16:12:59.569+0000][2450.641s][info ][safepoint     ] Entering safepoint region: Cleanup
[2023-12-02T16:12:59.570+0000][2450.642s][info ][safepoint     ] Leaving safepoint region
[2023-12-02T16:12:59.571+0000][2450.643s][info ][safepoint     ] Total time for which application threads were stopped: 0.0017517 seconds, Stopping threads took: 0.0007690 seconds
[2023-12-02T16:13:00.572+0000][2451.643s][debug][safepoint     ] Safepoint synchronization initiated. (201 threads)
[2023-12-02T16:13:00.572+0000][2451.644s][info ][safepoint     ] Application time: 1.0006515 seconds
[2023-12-02T16:13:00.573+0000][2451.644s][info ][safepoint     ] Entering safepoint region: Cleanup
[2023-12-02T16:13:00.573+0000][2451.645s][info ][safepoint     ] Leaving safepoint region
[2023-12-02T16:13:00.574+0000][2451.645s][info ][safepoint     ] Total time for which application threads were stopped: 0.0009213 seconds, Stopping threads took: 0.0003596 seconds
[2023-12-02T16:13:01.574+0000][2452.646s][debug][safepoint     ] Safepoint synchronization initiated. (201 threads)
[2023-12-02T16:13:01.575+0000][2452.646s][info ][safepoint     ] Application time: 1.0007692 seconds
[2023-12-02T16:13:01.575+0000][2452.647s][info ][safepoint     ] Entering safepoint region: Cleanup
[2023-12-02T16:13:01.576+0000][2452.647s][info ][safepoint     ] Leaving safepoint region
[2023-12-02T16:13:01.576+0000][2452.648s][info ][safepoint     ] Total time for which application threads were stopped: 0.0010171 seconds, Stopping threads took: 0.0004740 seconds
[2023-12-02T16:13:02.577+0000][2453.648s][debug][safepoint     ] Safepoint synchronization initiated. (201 threads)
[2023-12-02T16:13:02.578+0000][2453.649s][info ][safepoint     ] Application time: 1.0013677 seconds
[2023-12-02T16:13:02.579+0000][2453.650s][info ][safepoint     ] Entering safepoint region: Cleanup
[2023-12-02T16:13:02.580+0000][2453.652s][info ][safepoint     ] Leaving safepoint region
[2023-12-02T16:13:02.581+0000][2453.652s][info ][safepoint     ] Total time for which application threads were stopped: 0.0019249 seconds, Stopping threads took: 0.0008634 seconds
[2023-12-02T16:13:03.582+0000][2454.653s][debug][safepoint     ] Safepoint synchronization initiated. (201 threads)
[2023-12-02T16:13:03.582+0000][2454.654s][info ][safepoint     ] Application time: 1.0008290 seconds
[2023-12-02T16:13:03.583+0000][2454.654s][info ][safepoint     ] Entering safepoint region: Cleanup
[2023-12-02T16:13:03.583+0000][2454.655s][info ][safepoint     ] Leaving safepoint region
[2023-12-02T16:13:03.583+0000][2454.655s][info ][safepoint     ] Total time for which application threads were stopped: 0.0009242 seconds, Stopping threads took: 0.0003788 seconds
[2023-12-02T16:13:04.584+0000][2455.656s][debug][safepoint     ] Safepoint synchronization initiated. (201 threads)
[2023-12-02T16:13:04.585+0000][2455.657s][info ][safepoint     ] Application time: 1.0014322 seconds
[2023-12-02T16:13:04.586+0000][2455.658s][info ][safepoint     ] Entering safepoint region: Cleanup
[2023-12-02T16:13:04.587+0000][2455.659s][info ][safepoint     ] Leaving safepoint region
[2023-12-02T16:13:04.588+0000][2455.660s][info ][safepoint     ] Total time for which application threads were stopped: 0.0020718 seconds, Stopping threads took: 0.0009004 seconds
[2023-12-02T16:13:05.589+0000][2456.661s][debug][safepoint     ] Safepoint synchronization initiated. (201 threads)
[2023-12-02T16:13:05.589+0000][2456.661s][info ][safepoint     ] Application time: 1.0007981 seconds
[2023-12-02T16:13:05.590+0000][2456.662s][info ][safepoint     ] Entering safepoint region: Cleanup
[2023-12-02T16:13:05.590+0000][2456.662s][info ][safepoint     ] Leaving safepoint region
[2023-12-02T16:13:05.591+0000][2456.662s][info ][safepoint     ] Total time for which application threads were stopped: 0.0008909 seconds, Stopping threads took: 0.0003647 seconds
[2023-12-02T16:13:06.592+0000][2457.663s][debug][safepoint     ] Safepoint synchronization initiated. (201 threads)
[2023-12-02T16:13:06.593+0000][2457.664s][info ][safepoint     ] Application time: 1.0013912 seconds
[2023-12-02T16:13:06.593+0000][2457.665s][info ][safepoint     ] Entering safepoint region: Cleanup
[2023-12-02T16:13:06.594+0000][2457.666s][info ][safepoint     ] Leaving safepoint region
[2023-12-02T16:13:06.595+0000][2457.667s][info ][safepoint     ] Total time for which application threads were stopped: 0.0018247 seconds, Stopping threads took: 0.0006618 seconds
[2023-12-02T16:13:07.596+0000][2458.668s][debug][safepoint     ] Safepoint synchronization initiated. (201 threads)
[2023-12-02T16:13:07.598+0000][2458.670s][info ][safepoint     ] Application time: 1.0019558 seconds
[2023-12-02T16:13:07.598+0000][2458.670s][info ][safepoint     ] Entering safepoint region: Cleanup
[2023-12-02T16:13:07.599+0000][2458.671s][info ][safepoint     ] Leaving safepoint region
[2023-12-02T16:13:07.600+0000][2458.671s][info ][safepoint     ] Total time for which application threads were stopped: 0.0013175 seconds, Stopping threads took: 0.0004709 seconds
[2023-12-02T16:13:08.600+0000][2459.672s][debug][safepoint     ] Safepoint synchronization initiated. (201 threads)
[2023-12-02T16:13:08.601+0000][2459.673s][info ][safepoint     ] Application time: 1.0013114 seconds
[2023-12-02T16:13:08.602+0000][2459.674s][info ][safepoint     ] Entering safepoint region: Cleanup
[2023-12-02T16:13:08.603+0000][2459.675s][info ][safepoint     ] Leaving safepoint region
[2023-12-02T16:13:08.604+0000][2459.676s][info ][safepoint     ] Total time for which application threads were stopped: 0.0021037 seconds, Stopping threads took: 0.0008638 seconds
[2023-12-02T16:13:09.605+0000][2460.677s][debug][safepoint     ] Safepoint synchronization initiated. (201 threads)
[2023-12-02T16:13:09.607+0000][2460.678s][info ][safepoint     ] Application time: 1.0017133 seconds
[2023-12-02T16:13:09.607+0000][2460.679s][info ][safepoint     ] Entering safepoint region: Cleanup
[2023-12-02T16:13:09.608+0000][2460.680s][info ][safepoint     ] Leaving safepoint region
[2023-12-02T16:13:09.608+0000][2460.680s][info ][safepoint     ] Total time for which application threads were stopped: 0.0011814 seconds, Stopping threads took: 0.0004885 seconds
[2023-12-02T16:13:10.609+0000][2461.681s][debug][safepoint     ] Safepoint synchronization initiated. (201 threads)
[2023-12-02T16:13:10.610+0000][2461.681s][info ][safepoint     ] Application time: 1.0009852 seconds
[2023-12-02T16:13:10.610+0000][2461.682s][info ][safepoint     ] Entering safepoint region: Cleanup
[2023-12-02T16:13:10.612+0000][2461.683s][info ][safepoint     ] Leaving safepoint region
[2023-12-02T16:13:10.612+0000][2461.684s][info ][safepoint     ] Total time for which application threads were stopped: 0.0019591 seconds, Stopping threads took: 0.0007519 seconds
[2023-12-02T16:13:11.613+0000][2462.685s][debug][safepoint     ] Safepoint synchronization initiated. (201 threads)
[2023-12-02T16:13:11.614+0000][2462.685s][info ][safepoint     ] Application time: 1.0009480 seconds
[2023-12-02T16:13:11.614+0000][2462.686s][info ][safepoint     ] Entering safepoint region: Cleanup
[2023-12-02T16:13:11.615+0000][2462.687s][info ][safepoint     ] Leaving safepoint region
[2023-12-02T16:13:11.615+0000][2462.687s][info ][safepoint     ] Total time for which application threads were stopped: 0.0009745 seconds, Stopping threads took: 0.0004787 seconds
[2023-12-02T16:13:12.616+0000][2463.688s][debug][safepoint     ] Safepoint synchronization initiated. (201 threads)
[2023-12-02T16:13:12.617+0000][2463.688s][info ][safepoint     ] Application time: 1.0011016 seconds
[2023-12-02T16:13:12.617+0000][2463.689s][info ][safepoint     ] Entering safepoint region: Cleanup
[2023-12-02T16:13:12.618+0000][2463.689s][info ][safepoint     ] Leaving safepoint region
[2023-12-02T16:13:12.618+0000][2463.690s][info ][safepoint     ] Total time for which application threads were stopped: 0.0010323 seconds, Stopping threads took: 0.0005137 seconds
[2023-12-02T16:13:13.619+0000][2464.690s][debug][safepoint     ] Safepoint synchronization initiated. (201 threads)
[2023-12-02T16:13:13.620+0000][2464.691s][info ][safepoint     ] Application time: 1.0010854 seconds
[2023-12-02T16:13:13.620+0000][2464.692s][info ][safepoint     ] Entering safepoint region: Cleanup
[2023-12-02T16:13:13.621+0000][2464.692s][info ][safepoint     ] Leaving safepoint region
[2023-12-02T16:13:13.621+0000][2464.693s][info ][safepoint     ] Total time for which application threads were stopped: 0.0009882 seconds, Stopping threads took: 0.0004672 seconds
[2023-12-02T16:13:14.622+0000][2465.693s][debug][safepoint     ] Safepoint synchronization initiated. (201 threads)
[2023-12-02T16:13:14.623+0000][2465.694s][info ][safepoint     ] Application time: 1.0012139 seconds
[2023-12-02T16:13:14.623+0000][2465.695s][info ][safepoint     ] Entering safepoint region: Cleanup
[2023-12-02T16:13:14.624+0000][2465.696s][info ][safepoint     ] Leaving safepoint region
[2023-12-02T16:13:14.625+0000][2465.696s][info ][safepoint     ] Total time for which application threads were stopped: 0.0016620 seconds, Stopping threads took: 0.0006824 seconds
[2023-12-02T16:13:15.625+0000][2466.697s][debug][safepoint     ] Safepoint synchronization initiated. (201 threads)
[2023-12-02T16:13:15.626+0000][2466.697s][info ][safepoint     ] Application time: 1.0004975 seconds
[2023-12-02T16:13:15.626+0000][2466.698s][info ][safepoint     ] Entering safepoint region: Cleanup
[2023-12-02T16:13:15.627+0000][2466.699s][info ][safepoint     ] Leaving safepoint region
[2023-12-02T16:13:15.628+0000][2466.700s][info ][safepoint     ] Total time for which application threads were stopped: 0.0022950 seconds, Stopping threads took: 0.0005500 seconds
[2023-12-02T16:13:16.629+0000][2467.701s][debug][safepoint     ] Safepoint synchronization initiated. (201 threads)
[2023-12-02T16:13:16.630+0000][2467.702s][info ][safepoint     ] Application time: 1.0009442 seconds
[2023-12-02T16:13:16.631+0000][2467.702s][info ][safepoint     ] Entering safepoint region: Cleanup
[2023-12-02T16:13:16.631+0000][2467.703s][info ][safepoint     ] Leaving safepoint region
[2023-12-02T16:13:16.631+0000][2467.703s][info ][safepoint     ] Total time for which application threads were stopped: 0.0009274 seconds, Stopping threads took: 0.0004151 seconds
[2023-12-02T16:13:17.632+0000][2468.703s][debug][safepoint     ] Safepoint synchronization initiated. (201 threads)
[2023-12-02T16:13:17.632+0000][2468.704s][info ][safepoint     ] Application time: 1.0005107 seconds
[2023-12-02T16:13:17.633+0000][2468.704s][info ][safepoint     ] Entering safepoint region: Cleanup
[2023-12-02T16:13:17.633+0000][2468.705s][info ][safepoint     ] Leaving safepoint region
[2023-12-02T16:13:17.634+0000][2468.705s][info ][safepoint     ] Total time for which application threads were stopped: 0.0010554 seconds, Stopping threads took: 0.0003598 seconds
[2023-12-02T16:13:17.633+0000][2468.705s][debug][safepoint     ] ... found polling page return exception at pc = 0x00007f43fc9de0c4, stub =0x00007f43f4840600
[2023-12-02T16:13:18.634+0000][2469.706s][debug][safepoint     ] Safepoint synchronization initiated. (201 threads)
[2023-12-02T16:13:18.635+0000][2469.707s][info ][safepoint     ] Application time: 1.0012212 seconds
[2023-12-02T16:13:18.636+0000][2469.708s][info ][safepoint     ] Entering safepoint region: Cleanup
[2023-12-02T16:13:18.637+0000][2469.709s][info ][safepoint     ] Leaving safepoint region
[2023-12-02T16:13:18.638+0000][2469.709s][info ][safepoint     ] Total time for which application threads were stopped: 0.0017374 seconds, Stopping threads took: 0.0006848 seconds
[2023-12-02T16:13:19.638+0000][2470.710s][debug][safepoint     ] Safepoint synchronization initiated. (201 threads)
[2023-12-02T16:13:19.639+0000][2470.710s][info ][safepoint     ] Application time: 1.0006421 seconds
[2023-12-02T16:13:19.640+0000][2470.711s][info ][safepoint     ] Entering safepoint region: Cleanup
[2023-12-02T16:13:19.640+0000][2470.712s][info ][safepoint     ] Leaving safepoint region
[2023-12-02T16:13:19.640+0000][2470.712s][info ][safepoint     ] Total time for which application threads were stopped: 0.0009963 seconds, Stopping threads took: 0.0004222 seconds
[2023-12-02T16:13:20.641+0000][2471.713s][debug][safepoint     ] Safepoint synchronization initiated. (201 threads)
[2023-12-02T16:13:20.642+0000][2471.714s][info ][safepoint     ] Application time: 1.0012907 seconds
[2023-12-02T16:13:20.643+0000][2471.715s][info ][safepoint     ] Entering safepoint region: Cleanup
[2023-12-02T16:13:20.644+0000][2471.716s][info ][safepoint     ] Leaving safepoint region
[2023-12-02T16:13:20.645+0000][2471.717s][info ][safepoint     ] Total time for which application threads were stopped: 0.0021371 seconds, Stopping threads took: 0.0009036 seconds
[2023-12-02T16:13:21.646+0000][2472.718s][debug][safepoint     ] Safepoint synchronization initiated. (202 threads)
[2023-12-02T16:13:21.646+0000][2472.718s][info ][safepoint     ] Application time: 1.0006473 seconds
[2023-12-02T16:13:21.647+0000][2472.719s][info ][safepoint     ] Entering safepoint region: Cleanup
[2023-12-02T16:13:21.648+0000][2472.719s][info ][safepoint     ] Leaving safepoint region
[2023-12-02T16:13:21.648+0000][2472.720s][info ][safepoint     ] Total time for which application threads were stopped: 0.0009834 seconds, Stopping threads took: 0.0003665 seconds
[2023-12-02T16:13:22.648+0000][2473.720s][debug][safepoint     ] Safepoint synchronization initiated. (202 threads)
[2023-12-02T16:13:22.649+0000][2473.721s][info ][safepoint     ] Application time: 1.0010225 seconds
[2023-12-02T16:13:22.650+0000][2473.722s][info ][safepoint     ] Entering safepoint region: Cleanup
[2023-12-02T16:13:22.651+0000][2473.723s][info ][safepoint     ] Leaving safepoint region
[2023-12-02T16:13:22.651+0000][2473.723s][info ][safepoint     ] Total time for which application threads were stopped: 0.0014987 seconds, Stopping threads took: 0.0006972 seconds
[2023-12-02T16:13:23.652+0000][2474.724s][debug][safepoint     ] Safepoint synchronization initiated. (202 threads)
[2023-12-02T16:13:23.653+0000][2474.725s][info ][safepoint     ] Application time: 1.0008820 seconds
[2023-12-02T16:13:23.654+0000][2474.725s][info ][safepoint     ] Entering safepoint region: Cleanup
[2023-12-02T16:13:23.654+0000][2474.726s][info ][safepoint     ] Leaving safepoint region
[2023-12-02T16:13:23.655+0000][2474.727s][info ][safepoint     ] Total time for which application threads were stopped: 0.0015276 seconds, Stopping threads took: 0.0006937 seconds
[2023-12-02T16:13:24.656+0000][2475.727s][debug][safepoint     ] Safepoint synchronization initiated. (202 threads)
[2023-12-02T16:13:24.657+0000][2475.728s][info ][safepoint     ] Application time: 1.0011517 seconds
[2023-12-02T16:13:24.657+0000][2475.729s][debug][safepoint     ] ... found polling page return exception at pc = 0x00007f43fca39708, stub =0x00007f43f4840600
[2023-12-02T16:13:24.658+0000][2475.730s][debug][safepoint     ] Waiting for 1 thread(s) to block
[2023-12-02T16:13:24.659+0000][2475.730s][info ][safepoint     ] Entering safepoint region: Cleanup
[2023-12-02T16:13:24.660+0000][2475.731s][info ][safepoint     ] Leaving safepoint region
[2023-12-02T16:13:24.660+0000][2475.732s][info ][safepoint     ] Total time for which application threads were stopped: 0.0030914 seconds, Stopping threads took: 0.0021104 seconds
[2023-12-02T16:13:25.661+0000][2476.733s][debug][safepoint     ] Safepoint synchronization initiated. (202 threads)
[2023-12-02T16:13:25.662+0000][2476.734s][info ][safepoint     ] Application time: 1.0009847 seconds
[2023-12-02T16:13:25.663+0000][2476.735s][info ][safepoint     ] Entering safepoint region: Cleanup
[2023-12-02T16:13:25.664+0000][2476.736s][info ][safepoint     ] Leaving safepoint region
[2023-12-02T16:13:25.665+0000][2476.736s][info ][safepoint     ] Total time for which application threads were stopped: 0.0018032 seconds, Stopping threads took: 0.0007116 seconds
[2023-12-02T16:13:26.666+0000][2477.737s][debug][safepoint     ] Safepoint synchronization initiated. (202 threads)
[2023-12-02T16:13:26.667+0000][2477.738s][info ][safepoint     ] Application time: 1.0014686 seconds
[2023-12-02T16:13:26.667+0000][2477.739s][info ][safepoint     ] Entering safepoint region: Cleanup
[2023-12-02T16:13:26.669+0000][2477.740s][info ][safepoint     ] Leaving safepoint region
[2023-12-02T16:13:26.669+0000][2477.741s][info ][safepoint     ] Total time for which application threads were stopped: 0.0018679 seconds, Stopping threads took: 0.0006938 seconds
[2023-12-02T16:13:27.670+0000][2478.742s][debug][safepoint     ] Safepoint synchronization initiated. (202 threads)
[2023-12-02T16:13:27.671+0000][2478.742s][info ][safepoint     ] Application time: 1.0007173 seconds
[2023-12-02T16:13:27.671+0000][2478.743s][info ][safepoint     ] Entering safepoint region: Cleanup
[2023-12-02T16:13:27.672+0000][2478.744s][info ][safepoint     ] Leaving safepoint region
[2023-12-02T16:13:27.672+0000][2478.744s][info ][safepoint     ] Total time for which application threads were stopped: 0.0011291 seconds, Stopping threads took: 0.0004396 seconds
[2023-12-02T16:13:28.673+0000][2479.745s][debug][safepoint     ] Safepoint synchronization initiated. (202 threads)
[2023-12-02T16:13:28.674+0000][2479.746s][info ][safepoint     ] Application time: 1.0010982 seconds
[2023-12-02T16:13:28.674+0000][2479.746s][info ][safepoint     ] Entering safepoint region: Cleanup
[2023-12-02T16:13:28.675+0000][2479.747s][info ][safepoint     ] Leaving safepoint region
[2023-12-02T16:13:28.676+0000][2479.747s][info ][safepoint     ] Total time for which application threads were stopped: 0.0014064 seconds, Stopping threads took: 0.0006604 seconds
[2023-12-02T16:13:29.677+0000][2480.748s][debug][safepoint     ] Safepoint synchronization initiated. (202 threads)
[2023-12-02T16:13:29.677+0000][2480.749s][info ][safepoint     ] Application time: 1.0009947 seconds
[2023-12-02T16:13:29.678+0000][2480.750s][info ][safepoint     ] Entering safepoint region: Cleanup
[2023-12-02T16:13:29.679+0000][2480.750s][info ][safepoint     ] Leaving safepoint region
[2023-12-02T16:13:29.679+0000][2480.751s][info ][safepoint     ] Total time for which application threads were stopped: 0.0013421 seconds, Stopping threads took: 0.0004786 seconds
[2023-12-02T16:13:30.680+0000][2481.752s][debug][safepoint     ] Safepoint synchronization initiated. (202 threads)
[2023-12-02T16:13:30.681+0000][2481.752s][info ][safepoint     ] Application time: 1.0010398 seconds
[2023-12-02T16:13:30.681+0000][2481.753s][info ][safepoint     ] Entering safepoint region: Cleanup
[2023-12-02T16:13:30.682+0000][2481.754s][info ][safepoint     ] Leaving safepoint region
[2023-12-02T16:13:30.683+0000][2481.755s][info ][safepoint     ] Total time for which application threads were stopped: 0.0015620 seconds, Stopping threads took: 0.0006945 seconds
[2023-12-02T16:13:31.684+0000][2482.755s][debug][safepoint     ] Safepoint synchronization initiated. (202 threads)
[2023-12-02T16:13:31.684+0000][2482.756s][info ][safepoint     ] Application time: 1.0007909 seconds
[2023-12-02T16:13:31.685+0000][2482.757s][info ][safepoint     ] Entering safepoint region: Cleanup
[2023-12-02T16:13:31.686+0000][2482.757s][info ][safepoint     ] Leaving safepoint region
[2023-12-02T16:13:31.686+0000][2482.758s][info ][safepoint     ] Total time for which application threads were stopped: 0.0014422 seconds, Stopping threads took: 0.0005444 seconds
[2023-12-02T16:13:31.686+0000][2482.757s][debug][safepoint     ] ... found polling page return exception at pc = 0x00007f43fc9de0c4, stub =0x00007f43f4840600
[2023-12-02T16:13:31.686+0000][2482.757s][debug][safepoint     ] ... found polling page return exception at pc = 0x00007f43fc9de0c4, stub =0x00007f43f4840600
[2023-12-02T16:13:31.686+0000][2482.757s][debug][safepoint     ] ... found polling page return exception at pc = 0x00007f43fc9de0c4, stub =0x00007f43f4840600
[2023-12-02T16:13:32.687+0000][2483.759s][debug][safepoint     ] Safepoint synchronization initiated. (202 threads)
[2023-12-02T16:13:32.688+0000][2483.760s][info ][safepoint     ] Application time: 1.0011928 seconds
[2023-12-02T16:13:32.689+0000][2483.760s][info ][safepoint     ] Entering safepoint region: Cleanup
[2023-12-02T16:13:32.690+0000][2483.762s][info ][safepoint     ] Leaving safepoint region
[2023-12-02T16:13:32.691+0000][2483.762s][info ][safepoint     ] Total time for which application threads were stopped: 0.0018740 seconds, Stopping threads took: 0.0007649 seconds
[2023-12-02T16:13:33.691+0000][2484.763s][debug][safepoint     ] Safepoint synchronization initiated. (202 threads)
[2023-12-02T16:13:33.692+0000][2484.763s][info ][safepoint     ] Application time: 1.0005472 seconds
[2023-12-02T16:13:33.692+0000][2484.764s][info ][safepoint     ] Entering safepoint region: Cleanup
[2023-12-02T16:13:33.692+0000][2484.764s][info ][safepoint     ] Leaving safepoint region
[2023-12-02T16:13:33.693+0000][2484.764s][info ][safepoint     ] Total time for which application threads were stopped: 0.0007897 seconds, Stopping threads took: 0.0003559 seconds
[2023-12-02T16:13:34.693+0000][2485.765s][debug][safepoint     ] Safepoint synchronization initiated. (202 threads)
[2023-12-02T16:13:34.694+0000][2485.765s][info ][safepoint     ] Application time: 1.0005929 seconds
[2023-12-02T16:13:34.694+0000][2485.766s][info ][safepoint     ] Entering safepoint region: Cleanup
[2023-12-02T16:13:34.695+0000][2485.766s][info ][safepoint     ] Leaving safepoint region
[2023-12-02T16:13:34.695+0000][2485.767s][info ][safepoint     ] Total time for which application threads were stopped: 0.0008668 seconds, Stopping threads took: 0.0004328 seconds
[2023-12-02T16:13:34.695+0000][2485.766s][debug][safepoint     ] ... found polling page return exception at pc = 0x00007f43fc9de0c4, stub =0x00007f43f4840600
[2023-12-02T16:13:34.695+0000][2485.766s][debug][safepoint     ] ... found polling page return exception at pc = 0x00007f43fc9de0c4, stub =0x00007f43f4840600
[2023-12-02T16:13:34.695+0000][2485.766s][debug][safepoint     ] ... found polling page return exception at pc = 0x00007f43fc9de0c4, stub =0x00007f43f4840600
[2023-12-02T16:13:34.695+0000][2485.766s][debug][safepoint     ] ... found polling page return exception at pc = 0x00007f43fc9de0c4, stub =0x00007f43f4840600
[2023-12-02T16:13:34.695+0000][2485.766s][debug][safepoint     ] ... found polling page return exception at pc = 0x00007f43fc9de0c4, stub =0x00007f43f4840600
[2023-12-02T16:13:34.695+0000][2485.766s][debug][safepoint     ] ... found polling page return exception at pc = 0x00007f43fc9de0c4, stub =0x00007f43f4840600
[2023-12-02T16:13:35.696+0000][2486.767s][debug][safepoint     ] Safepoint synchronization initiated. (202 threads)
[2023-12-02T16:13:35.696+0000][2486.768s][info ][safepoint     ] Application time: 1.0012829 seconds
[2023-12-02T16:13:35.697+0000][2486.769s][info ][safepoint     ] Entering safepoint region: Cleanup
[2023-12-02T16:13:35.698+0000][2486.770s][info ][safepoint     ] Leaving safepoint region
[2023-12-02T16:13:35.699+0000][2486.771s][info ][safepoint     ] Total time for which application threads were stopped: 0.0019583 seconds, Stopping threads took: 0.0007725 seconds
[2023-12-02T16:13:36.700+0000][2487.772s][debug][safepoint     ] Safepoint synchronization initiated. (202 threads)
[2023-12-02T16:13:36.701+0000][2487.772s][info ][safepoint     ] Application time: 1.0005429 seconds
[2023-12-02T16:13:36.701+0000][2487.773s][info ][safepoint     ] Entering safepoint region: Cleanup
[2023-12-02T16:13:36.702+0000][2487.773s][info ][safepoint     ] Leaving safepoint region
[2023-12-02T16:13:36.702+0000][2487.773s][info ][safepoint     ] Total time for which application threads were stopped: 0.0008593 seconds, Stopping threads took: 0.0003774 seconds
[2023-12-02T16:13:37.702+0000][2488.774s][debug][safepoint     ] Safepoint synchronization initiated. (202 threads)
[2023-12-02T16:13:37.703+0000][2488.775s][info ][safepoint     ] Application time: 1.0012240 seconds
[2023-12-02T16:13:37.704+0000][2488.776s][info ][safepoint     ] Entering safepoint region: Cleanup
[2023-12-02T16:13:37.705+0000][2488.777s][info ][safepoint     ] Leaving safepoint region
[2023-12-02T16:13:37.706+0000][2488.778s][info ][safepoint     ] Total time for which application threads were stopped: 0.0019187 seconds, Stopping threads took: 0.0009071 seconds
[2023-12-02T16:13:38.707+0000][2489.779s][debug][safepoint     ] Safepoint synchronization initiated. (202 threads)
[2023-12-02T16:13:38.708+0000][2489.780s][info ][safepoint     ] Application time: 1.0011788 seconds
[2023-12-02T16:13:38.709+0000][2489.780s][info ][safepoint     ] Entering safepoint region: Cleanup
[2023-12-02T16:13:38.709+0000][2489.781s][info ][safepoint     ] Leaving safepoint region
[2023-12-02T16:13:38.710+0000][2489.782s][info ][safepoint     ] Total time for which application threads were stopped: 0.0014985 seconds, Stopping threads took: 0.0006650 seconds
[2023-12-02T16:13:39.711+0000][2490.782s][debug][safepoint     ] Safepoint synchronization initiated. (202 threads)
[2023-12-02T16:13:39.711+0000][2490.783s][info ][safepoint     ] Application time: 1.0008117 seconds
[2023-12-02T16:13:39.712+0000][2490.784s][info ][safepoint     ] Entering safepoint region: Cleanup
[2023-12-02T16:13:39.713+0000][2490.784s][info ][safepoint     ] Leaving safepoint region
[2023-12-02T16:13:39.713+0000][2490.785s][info ][safepoint     ] Total time for which application threads were stopped: 0.0010725 seconds, Stopping threads took: 0.0005408 seconds
[2023-12-02T16:13:40.714+0000][2491.785s][debug][safepoint     ] Safepoint synchronization initiated. (202 threads)
[2023-12-02T16:13:40.715+0000][2491.786s][info ][safepoint     ] Application time: 1.0013530 seconds
[2023-12-02T16:13:40.716+0000][2491.787s][info ][safepoint     ] Entering safepoint region: Cleanup
[2023-12-02T16:13:40.717+0000][2491.789s][info ][safepoint     ] Leaving safepoint region
[2023-12-02T16:13:40.718+0000][2491.789s][info ][safepoint     ] Total time for which application threads were stopped: 0.0020649 seconds, Stopping threads took: 0.0008844 seconds
[2023-12-02T16:13:41.719+0000][2492.790s][debug][safepoint     ] Safepoint synchronization initiated. (202 threads)
[2023-12-02T16:13:41.719+0000][2492.791s][info ][safepoint     ] Application time: 1.0010792 seconds
[2023-12-02T16:13:41.720+0000][2492.792s][info ][safepoint     ] Entering safepoint region: Cleanup
[2023-12-02T16:13:41.721+0000][2492.793s][info ][safepoint     ] Leaving safepoint region
[2023-12-02T16:13:41.721+0000][2492.793s][info ][safepoint     ] Total time for which application threads were stopped: 0.0014214 seconds, Stopping threads took: 0.0006153 seconds
[2023-12-02T16:13:42.722+0000][2493.794s][debug][safepoint     ] Safepoint synchronization initiated. (202 threads)
[2023-12-02T16:13:42.723+0000][2493.795s][info ][safepoint     ] Application time: 1.0012486 seconds
[2023-12-02T16:13:42.724+0000][2493.796s][info ][safepoint     ] Entering safepoint region: Cleanup
[2023-12-02T16:13:42.725+0000][2493.797s][info ][safepoint     ] Leaving safepoint region
[2023-12-02T16:13:42.726+0000][2493.798s][info ][safepoint     ] Total time for which application threads were stopped: 0.0021391 seconds, Stopping threads took: 0.0008465 seconds
[2023-12-02T16:13:43.727+0000][2494.799s][debug][safepoint     ] Safepoint synchronization initiated. (202 threads)
[2023-12-02T16:13:43.728+0000][2494.800s][info ][safepoint     ] Application time: 1.0011835 seconds
[2023-12-02T16:13:43.729+0000][2494.801s][info ][safepoint     ] Entering safepoint region: Cleanup
[2023-12-02T16:13:43.730+0000][2494.802s][info ][safepoint     ] Leaving safepoint region
[2023-12-02T16:13:43.731+0000][2494.803s][info ][safepoint     ] Total time for which application threads were stopped: 0.0019198 seconds, Stopping threads took: 0.0007113 seconds
[2023-12-02T16:13:44.732+0000][2495.803s][debug][safepoint     ] Safepoint synchronization initiated. (202 threads)
[2023-12-02T16:13:44.732+0000][2495.804s][info ][safepoint     ] Application time: 1.0005368 seconds
[2023-12-02T16:13:44.732+0000][2495.804s][info ][safepoint     ] Entering safepoint region: Cleanup
[2023-12-02T16:13:44.733+0000][2495.805s][info ][safepoint     ] Leaving safepoint region
[2023-12-02T16:13:44.733+0000][2495.805s][info ][safepoint     ] Total time for which application threads were stopped: 0.0010068 seconds, Stopping threads took: 0.0003183 seconds
[2023-12-02T16:13:45.734+0000][2496.806s][debug][safepoint     ] Safepoint synchronization initiated. (202 threads)
[2023-12-02T16:13:45.735+0000][2496.807s][info ][safepoint     ] Application time: 1.0013267 seconds
[2023-12-02T16:13:45.736+0000][2496.807s][info ][safepoint     ] Entering safepoint region: Cleanup
[2023-12-02T16:13:45.737+0000][2496.809s][info ][safepoint     ] Leaving safepoint region
[2023-12-02T16:13:45.738+0000][2496.810s][info ][safepoint     ] Total time for which application threads were stopped: 0.0023622 seconds, Stopping threads took: 0.0008424 seconds
[2023-12-02T16:13:46.739+0000][2497.811s][debug][safepoint     ] Safepoint synchronization initiated. (202 threads)
[2023-12-02T16:13:46.739+0000][2497.811s][info ][safepoint     ] Application time: 1.0006796 seconds
[2023-12-02T16:13:46.740+0000][2497.811s][info ][safepoint     ] Entering safepoint region: Cleanup
[2023-12-02T16:13:46.740+0000][2497.812s][info ][safepoint     ] Leaving safepoint region
[2023-12-02T16:13:46.740+0000][2497.812s][info ][safepoint     ] Total time for which application threads were stopped: 0.0007770 seconds, Stopping threads took: 0.0002353 seconds
[2023-12-02T16:13:47.741+0000][2498.813s][debug][safepoint     ] Safepoint synchronization initiated. (202 threads)
[2023-12-02T16:13:47.742+0000][2498.814s][info ][safepoint     ] Application time: 1.0012547 seconds
[2023-12-02T16:13:47.743+0000][2498.814s][info ][safepoint     ] Entering safepoint region: Cleanup
[2023-12-02T16:13:47.744+0000][2498.815s][info ][safepoint     ] Leaving safepoint region
[2023-12-02T16:13:47.744+0000][2498.816s][info ][safepoint     ] Total time for which application threads were stopped: 0.0018154 seconds, Stopping threads took: 0.0008164 seconds
[2023-12-02T16:13:48.745+0000][2499.817s][debug][safepoint     ] Safepoint synchronization initiated. (202 threads)
[2023-12-02T16:13:48.746+0000][2499.818s][info ][safepoint     ] Application time: 1.0010215 seconds
[2023-12-02T16:13:48.747+0000][2499.818s][info ][safepoint     ] Entering safepoint region: Cleanup
[2023-12-02T16:13:48.747+0000][2499.819s][info ][safepoint     ] Leaving safepoint region
[2023-12-02T16:13:48.748+0000][2499.820s][info ][safepoint     ] Total time for which application threads were stopped: 0.0013418 seconds, Stopping threads took: 0.0006084 seconds
[2023-12-02T16:13:49.748+0000][2500.820s][debug][safepoint     ] Safepoint synchronization initiated. (202 threads)
[2023-12-02T16:13:49.749+0000][2500.821s][info ][safepoint     ] Application time: 1.0005810 seconds
[2023-12-02T16:13:49.749+0000][2500.821s][info ][safepoint     ] Entering safepoint region: Cleanup
[2023-12-02T16:13:49.750+0000][2500.822s][info ][safepoint     ] Leaving safepoint region
[2023-12-02T16:13:49.750+0000][2500.822s][info ][safepoint     ] Total time for which application threads were stopped: 0.0008458 seconds, Stopping threads took: 0.0004008 seconds
[2023-12-02T16:13:50.750+0000][2501.822s][debug][safepoint     ] Safepoint synchronization initiated. (202 threads)
[2023-12-02T16:13:50.751+0000][2501.823s][info ][safepoint     ] Application time: 1.0005546 seconds
[2023-12-02T16:13:50.751+0000][2501.823s][info ][safepoint     ] Entering safepoint region: Cleanup
[2023-12-02T16:13:50.753+0000][2501.825s][info ][safepoint     ] Leaving safepoint region
[2023-12-02T16:13:50.753+0000][2501.825s][info ][safepoint     ] Total time for which application threads were stopped: 0.0021817 seconds, Stopping threads took: 0.0006726 seconds
[2023-12-02T16:13:51.754+0000][2502.826s][debug][safepoint     ] Safepoint synchronization initiated. (202 threads)
[2023-12-02T16:13:51.755+0000][2502.827s][info ][safepoint     ] Application time: 1.0011938 seconds
[2023-12-02T16:13:51.756+0000][2502.828s][info ][safepoint     ] Entering safepoint region: Cleanup
[2023-12-02T16:13:51.757+0000][2502.829s][info ][safepoint     ] Leaving safepoint region
[2023-12-02T16:13:51.758+0000][2502.830s][info ][safepoint     ] Total time for which application threads were stopped: 0.0020181 seconds, Stopping threads took: 0.0008888 seconds
[2023-12-02T16:13:52.759+0000][2503.830s][debug][safepoint     ] Safepoint synchronization initiated. (202 threads)
[2023-12-02T16:13:52.759+0000][2503.831s][info ][safepoint     ] Application time: 1.0009239 seconds
[2023-12-02T16:13:52.760+0000][2503.832s][info ][safepoint     ] Entering safepoint region: Cleanup
[2023-12-02T16:13:52.761+0000][2503.833s][info ][safepoint     ] Leaving safepoint region
[2023-12-02T16:13:52.762+0000][2503.833s][info ][safepoint     ] Total time for which application threads were stopped: 0.0014952 seconds, Stopping threads took: 0.0007662 seconds
[2023-12-02T16:13:53.762+0000][2504.834s][debug][safepoint     ] Safepoint synchronization initiated. (202 threads)
[2023-12-02T16:13:53.763+0000][2504.835s][info ][safepoint     ] Application time: 1.0009456 seconds
[2023-12-02T16:13:53.763+0000][2504.835s][info ][safepoint     ] Entering safepoint region: Cleanup
[2023-12-02T16:13:53.764+0000][2504.836s][info ][safepoint     ] Leaving safepoint region
[2023-12-02T16:13:53.765+0000][2504.837s][info ][safepoint     ] Total time for which application threads were stopped: 0.0014331 seconds, Stopping threads took: 0.0006098 seconds
[2023-12-02T16:13:54.766+0000][2505.838s][debug][safepoint     ] Safepoint synchronization initiated. (202 threads)
[2023-12-02T16:13:54.767+0000][2505.838s][info ][safepoint     ] Application time: 1.0010035 seconds
[2023-12-02T16:13:54.767+0000][2505.839s][info ][safepoint     ] Entering safepoint region: Cleanup
[2023-12-02T16:13:54.768+0000][2505.840s][info ][safepoint     ] Leaving safepoint region
[2023-12-02T16:13:54.768+0000][2505.840s][info ][safepoint     ] Total time for which application threads were stopped: 0.0013090 seconds, Stopping threads took: 0.0006058 seconds
[2023-12-02T16:13:55.769+0000][2506.841s][debug][safepoint     ] Safepoint synchronization initiated. (202 threads)
[2023-12-02T16:13:55.770+0000][2506.841s][info ][safepoint     ] Application time: 1.0007594 seconds
[2023-12-02T16:13:55.770+0000][2506.842s][info ][safepoint     ] Entering safepoint region: Cleanup
[2023-12-02T16:13:55.771+0000][2506.842s][info ][safepoint     ] Leaving safepoint region
[2023-12-02T16:13:55.771+0000][2506.843s][info ][safepoint     ] Total time for which application threads were stopped: 0.0008716 seconds, Stopping threads took: 0.0004162 seconds
[2023-12-02T16:13:56.771+0000][2507.843s][debug][safepoint     ] Safepoint synchronization initiated. (202 threads)
[2023-12-02T16:13:56.772+0000][2507.844s][info ][safepoint     ] Application time: 1.0013240 seconds
[2023-12-02T16:13:56.773+0000][2507.845s][info ][safepoint     ] Entering safepoint region: Cleanup
[2023-12-02T16:13:56.775+0000][2507.846s][info ][safepoint     ] Leaving safepoint region
[2023-12-02T16:13:56.775+0000][2507.847s][info ][safepoint     ] Total time for which application threads were stopped: 0.0021139 seconds, Stopping threads took: 0.0008708 seconds
[2023-12-02T16:13:57.776+0000][2508.848s][debug][safepoint     ] Safepoint synchronization initiated. (202 threads)
[2023-12-02T16:13:57.777+0000][2508.849s][info ][safepoint     ] Application time: 1.0008224 seconds
[2023-12-02T16:13:57.778+0000][2508.849s][info ][safepoint     ] Entering safepoint region: Cleanup
[2023-12-02T16:13:57.778+0000][2508.850s][info ][safepoint     ] Leaving safepoint region
[2023-12-02T16:13:57.779+0000][2508.851s][info ][safepoint     ] Total time for which application threads were stopped: 0.0012469 seconds, Stopping threads took: 0.0005187 seconds
[2023-12-02T16:13:58.779+0000][2509.851s][debug][safepoint     ] Safepoint synchronization initiated. (202 threads)
[2023-12-02T16:13:58.780+0000][2509.851s][info ][safepoint     ] Application time: 1.0004780 seconds
[2023-12-02T16:13:58.780+0000][2509.852s][info ][safepoint     ] Entering safepoint region: Cleanup
[2023-12-02T16:13:58.781+0000][2509.852s][info ][safepoint     ] Leaving safepoint region
[2023-12-02T16:13:58.781+0000][2509.853s][info ][safepoint     ] Total time for which application threads were stopped: 0.0008389 seconds, Stopping threads took: 0.0004096 seconds
[2023-12-02T16:13:59.782+0000][2510.853s][debug][safepoint     ] Safepoint synchronization initiated. (202 threads)
[2023-12-02T16:13:59.782+0000][2510.854s][info ][safepoint     ] Application time: 1.0012602 seconds
[2023-12-02T16:13:59.783+0000][2510.855s][info ][safepoint     ] Entering safepoint region: Cleanup
[2023-12-02T16:13:59.784+0000][2510.856s][info ][safepoint     ] Leaving safepoint region
[2023-12-02T16:13:59.784+0000][2510.856s][info ][safepoint     ] Total time for which application threads were stopped: 0.0012905 seconds, Stopping threads took: 0.0004933 seconds
[2023-12-02T16:14:00.785+0000][2511.857s][debug][safepoint     ] Safepoint synchronization initiated. (202 threads)
[2023-12-02T16:14:00.785+0000][2511.857s][info ][safepoint     ] Application time: 1.0004918 seconds
[2023-12-02T16:14:00.786+0000][2511.857s][info ][safepoint     ] Entering safepoint region: Cleanup
[2023-12-02T16:14:00.786+0000][2511.858s][info ][safepoint     ] Leaving safepoint region
[2023-12-02T16:14:00.786+0000][2511.858s][info ][safepoint     ] Total time for which application threads were stopped: 0.0007754 seconds, Stopping threads took: 0.0002532 seconds
[2023-12-02T16:14:01.787+0000][2512.859s][debug][safepoint     ] Safepoint synchronization initiated. (202 threads)
[2023-12-02T16:14:01.787+0000][2512.859s][info ][safepoint     ] Application time: 1.0005684 seconds
[2023-12-02T16:14:01.787+0000][2512.859s][info ][safepoint     ] Entering safepoint region: Cleanup
[2023-12-02T16:14:01.788+0000][2512.860s][info ][safepoint     ] Leaving safepoint region
[2023-12-02T16:14:01.788+0000][2512.860s][info ][safepoint     ] Total time for which application threads were stopped: 0.0007759 seconds, Stopping threads took: 0.0002593 seconds
[2023-12-02T16:14:02.788+0000][2513.860s][debug][safepoint     ] Safepoint synchronization initiated. (202 threads)
[2023-12-02T16:14:02.789+0000][2513.861s][info ][safepoint     ] Application time: 1.0005508 seconds
[2023-12-02T16:14:02.789+0000][2513.861s][info ][safepoint     ] Entering safepoint region: Cleanup
[2023-12-02T16:14:02.790+0000][2513.862s][info ][safepoint     ] Leaving safepoint region
[2023-12-02T16:14:02.790+0000][2513.862s][info ][safepoint     ] Total time for which application threads were stopped: 0.0009097 seconds, Stopping threads took: 0.0004177 seconds
[2023-12-02T16:14:03.790+0000][2514.862s][debug][safepoint     ] Safepoint synchronization initiated. (202 threads)
[2023-12-02T16:14:03.791+0000][2514.863s][info ][safepoint     ] Application time: 1.0006024 seconds
[2023-12-02T16:14:03.791+0000][2514.863s][info ][safepoint     ] Entering safepoint region: Cleanup
[2023-12-02T16:14:03.792+0000][2514.863s][info ][safepoint     ] Leaving safepoint region
[2023-12-02T16:14:03.792+0000][2514.864s][info ][safepoint     ] Total time for which application threads were stopped: 0.0007251 seconds, Stopping threads took: 0.0002852 seconds
[2023-12-02T16:14:04.792+0000][2515.864s][debug][safepoint     ] Safepoint synchronization initiated. (202 threads)
[2023-12-02T16:14:04.793+0000][2515.864s][info ][safepoint     ] Application time: 1.0005729 seconds
[2023-12-02T16:14:04.793+0000][2515.865s][info ][safepoint     ] Entering safepoint region: Cleanup
[2023-12-02T16:14:04.794+0000][2515.865s][info ][safepoint     ] Leaving safepoint region
[2023-12-02T16:14:04.794+0000][2515.866s][info ][safepoint     ] Total time for which application threads were stopped: 0.0008567 seconds, Stopping threads took: 0.0003286 seconds
[2023-12-02T16:14:05.795+0000][2516.866s][debug][safepoint     ] Safepoint synchronization initiated. (202 threads)
[2023-12-02T16:14:05.795+0000][2516.867s][info ][safepoint     ] Application time: 1.0007405 seconds
[2023-12-02T16:14:05.795+0000][2516.867s][info ][safepoint     ] Entering safepoint region: Cleanup
[2023-12-02T16:14:05.796+0000][2516.868s][info ][safepoint     ] Leaving safepoint region
[2023-12-02T16:14:05.796+0000][2516.868s][info ][safepoint     ] Total time for which application threads were stopped: 0.0009626 seconds, Stopping threads took: 0.0003998 seconds
[2023-12-02T16:14:06.797+0000][2517.869s][debug][safepoint     ] Safepoint synchronization initiated. (202 threads)
[2023-12-02T16:14:06.798+0000][2517.869s][info ][safepoint     ] Application time: 1.0007866 seconds
[2023-12-02T16:14:06.798+0000][2517.870s][info ][safepoint     ] Entering safepoint region: Cleanup
[2023-12-02T16:14:06.799+0000][2517.870s][info ][safepoint     ] Leaving safepoint region
[2023-12-02T16:14:06.799+0000][2517.871s][info ][safepoint     ] Total time for which application threads were stopped: 0.0010310 seconds, Stopping threads took: 0.0004181 seconds
[2023-12-02T16:14:07.800+0000][2518.871s][debug][safepoint     ] Safepoint synchronization initiated. (202 threads)
[2023-12-02T16:14:07.800+0000][2518.872s][info ][safepoint     ] Application time: 1.0006828 seconds
[2023-12-02T16:14:07.800+0000][2518.872s][info ][safepoint     ] Entering safepoint region: Cleanup
[2023-12-02T16:14:07.801+0000][2518.873s][info ][safepoint     ] Leaving safepoint region
[2023-12-02T16:14:07.801+0000][2518.873s][info ][safepoint     ] Total time for which application threads were stopped: 0.0009723 seconds, Stopping threads took: 0.0004015 seconds
[2023-12-02T16:14:08.802+0000][2519.874s][debug][safepoint     ] Safepoint synchronization initiated. (202 threads)
[2023-12-02T16:14:08.802+0000][2519.874s][info ][safepoint     ] Application time: 1.0007672 seconds
[2023-12-02T16:14:08.803+0000][2519.874s][info ][safepoint     ] Entering safepoint region: Cleanup
[2023-12-02T16:14:08.803+0000][2519.875s][info ][safepoint     ] Leaving safepoint region
[2023-12-02T16:14:08.803+0000][2519.875s][info ][safepoint     ] Total time for which application threads were stopped: 0.0007920 seconds, Stopping threads took: 0.0003227 seconds
[2023-12-02T16:14:09.804+0000][2520.876s][debug][safepoint     ] Safepoint synchronization initiated. (202 threads)
[2023-12-02T16:14:09.804+0000][2520.876s][info ][safepoint     ] Application time: 1.0005340 seconds
[2023-12-02T16:14:09.805+0000][2520.876s][info ][safepoint     ] Entering safepoint region: Cleanup
[2023-12-02T16:14:09.805+0000][2520.877s][info ][safepoint     ] Leaving safepoint region
[2023-12-02T16:14:09.805+0000][2520.877s][info ][safepoint     ] Total time for which application threads were stopped: 0.0008197 seconds, Stopping threads took: 0.0003116 seconds
[2023-12-02T16:14:10.806+0000][2521.877s][debug][safepoint     ] Safepoint synchronization initiated. (202 threads)
[2023-12-02T16:14:10.806+0000][2521.878s][info ][safepoint     ] Application time: 1.0005927 seconds
[2023-12-02T16:14:10.807+0000][2521.878s][info ][safepoint     ] Entering safepoint region: Cleanup
[2023-12-02T16:14:10.807+0000][2521.879s][info ][safepoint     ] Leaving safepoint region
[2023-12-02T16:14:10.807+0000][2521.879s][info ][safepoint     ] Total time for which application threads were stopped: 0.0008849 seconds, Stopping threads took: 0.0003642 seconds
[2023-12-02T16:14:11.808+0000][2522.880s][debug][safepoint     ] Safepoint synchronization initiated. (202 threads)
[2023-12-02T16:14:11.808+0000][2522.880s][info ][safepoint     ] Application time: 1.0004599 seconds
[2023-12-02T16:14:11.808+0000][2522.880s][info ][safepoint     ] Entering safepoint region: Cleanup
[2023-12-02T16:14:11.809+0000][2522.881s][info ][safepoint     ] Leaving safepoint region
[2023-12-02T16:14:11.809+0000][2522.881s][info ][safepoint     ] Total time for which application threads were stopped: 0.0007070 seconds, Stopping threads took: 0.0002975 seconds
[2023-12-02T16:14:12.809+0000][2523.881s][debug][safepoint     ] Safepoint synchronization initiated. (202 threads)
[2023-12-02T16:14:12.810+0000][2523.881s][info ][safepoint     ] Application time: 1.0004555 seconds
[2023-12-02T16:14:12.810+0000][2523.882s][info ][safepoint     ] Entering safepoint region: Cleanup
[2023-12-02T16:14:12.810+0000][2523.882s][info ][safepoint     ] Leaving safepoint region
[2023-12-02T16:14:12.811+0000][2523.882s][info ][safepoint     ] Total time for which application threads were stopped: 0.0006625 seconds, Stopping threads took: 0.0002774 seconds
[2023-12-02T16:14:13.811+0000][2524.883s][debug][safepoint     ] Safepoint synchronization initiated. (202 threads)
[2023-12-02T16:14:13.811+0000][2524.883s][info ][safepoint     ] Application time: 1.0004858 seconds
[2023-12-02T16:14:13.812+0000][2524.883s][info ][safepoint     ] Entering safepoint region: Cleanup
[2023-12-02T16:14:13.812+0000][2524.884s][info ][safepoint     ] Leaving safepoint region
[2023-12-02T16:14:13.812+0000][2524.884s][info ][safepoint     ] Total time for which application threads were stopped: 0.0007228 seconds, Stopping threads took: 0.0002666 seconds
[2023-12-02T16:14:14.813+0000][2525.884s][debug][safepoint     ] Safepoint synchronization initiated. (202 threads)
[2023-12-02T16:14:14.813+0000][2525.885s][info ][safepoint     ] Application time: 1.0005229 seconds
[2023-12-02T16:14:14.813+0000][2525.885s][info ][safepoint     ] Entering safepoint region: Cleanup
[2023-12-02T16:14:14.814+0000][2525.886s][info ][safepoint     ] Leaving safepoint region
[2023-12-02T16:14:14.814+0000][2525.886s][info ][safepoint     ] Total time for which application threads were stopped: 0.0009044 seconds, Stopping threads took: 0.0004031 seconds
[2023-12-02T16:14:15.815+0000][2526.886s][debug][safepoint     ] Safepoint synchronization initiated. (202 threads)
[2023-12-02T16:14:15.816+0000][2526.888s][info ][safepoint     ] Application time: 1.0012800 seconds
[2023-12-02T16:14:15.818+0000][2526.889s][info ][safepoint     ] Entering safepoint region: Cleanup
[2023-12-02T16:14:15.819+0000][2526.890s][info ][safepoint     ] Leaving safepoint region
[2023-12-02T16:14:15.821+0000][2526.893s][info ][safepoint     ] Total time for which application threads were stopped: 0.0033314 seconds, Stopping threads took: 0.0008022 seconds
[2023-12-02T16:14:16.822+0000][2527.894s][debug][safepoint     ] Safepoint synchronization initiated. (202 threads)
[2023-12-02T16:14:16.823+0000][2527.894s][info ][safepoint     ] Application time: 1.0006921 seconds
[2023-12-02T16:14:16.823+0000][2527.895s][info ][safepoint     ] Entering safepoint region: Cleanup
[2023-12-02T16:14:16.823+0000][2527.895s][info ][safepoint     ] Leaving safepoint region
[2023-12-02T16:14:16.824+0000][2527.896s][info ][safepoint     ] Total time for which application threads were stopped: 0.0008888 seconds, Stopping threads took: 0.0003094 seconds
[2023-12-02T16:14:17.824+0000][2528.896s][debug][safepoint     ] Safepoint synchronization initiated. (202 threads)
[2023-12-02T16:14:17.825+0000][2528.896s][info ][safepoint     ] Application time: 1.0004861 seconds
[2023-12-02T16:14:17.825+0000][2528.897s][info ][safepoint     ] Entering safepoint region: Cleanup
[2023-12-02T16:14:17.825+0000][2528.897s][info ][safepoint     ] Leaving safepoint region
[2023-12-02T16:14:17.825+0000][2528.897s][info ][safepoint     ] Total time for which application threads were stopped: 0.0006679 seconds, Stopping threads took: 0.0002363 seconds
[2023-12-02T16:14:18.826+0000][2529.898s][debug][safepoint     ] Safepoint synchronization initiated. (202 threads)
[2023-12-02T16:14:18.826+0000][2529.898s][info ][safepoint     ] Application time: 1.0005045 seconds
[2023-12-02T16:14:18.827+0000][2529.898s][info ][safepoint     ] Entering safepoint region: Cleanup
[2023-12-02T16:14:18.827+0000][2529.899s][info ][safepoint     ] Leaving safepoint region
[2023-12-02T16:14:18.827+0000][2529.899s][info ][safepoint     ] Total time for which application threads were stopped: 0.0006977 seconds, Stopping threads took: 0.0002592 seconds
[2023-12-02T16:14:19.828+0000][2530.899s][debug][safepoint     ] Safepoint synchronization initiated. (202 threads)
[2023-12-02T16:14:19.828+0000][2530.900s][info ][safepoint     ] Application time: 1.0007392 seconds
[2023-12-02T16:14:19.829+0000][2530.900s][info ][safepoint     ] Entering safepoint region: Cleanup
[2023-12-02T16:14:19.829+0000][2530.901s][info ][safepoint     ] Leaving safepoint region
[2023-12-02T16:14:19.829+0000][2530.901s][info ][safepoint     ] Total time for which application threads were stopped: 0.0008787 seconds, Stopping threads took: 0.0003958 seconds
[2023-12-02T16:14:20.830+0000][2531.902s][debug][safepoint     ] Safepoint synchronization initiated. (202 threads)
[2023-12-02T16:14:20.830+0000][2531.902s][info ][safepoint     ] Application time: 1.0003716 seconds
[2023-12-02T16:14:20.830+0000][2531.902s][info ][safepoint     ] Entering safepoint region: Cleanup
[2023-12-02T16:14:20.831+0000][2531.902s][info ][safepoint     ] Leaving safepoint region
[2023-12-02T16:14:20.831+0000][2531.903s][info ][safepoint     ] Total time for which application threads were stopped: 0.0006323 seconds, Stopping threads took: 0.0002074 seconds
[2023-12-02T16:14:21.831+0000][2532.903s][debug][safepoint     ] Safepoint synchronization initiated. (202 threads)
[2023-12-02T16:14:21.832+0000][2532.903s][info ][safepoint     ] Application time: 1.0006022 seconds
[2023-12-02T16:14:21.832+0000][2532.904s][info ][safepoint     ] Entering safepoint region: Cleanup
[2023-12-02T16:14:21.833+0000][2532.904s][info ][safepoint     ] Leaving safepoint region
[2023-12-02T16:14:21.833+0000][2532.905s][info ][safepoint     ] Total time for which application threads were stopped: 0.0009065 seconds, Stopping threads took: 0.0003908 seconds
[2023-12-02T16:14:22.833+0000][2533.905s][debug][safepoint     ] Safepoint synchronization initiated. (202 threads)
[2023-12-02T16:14:22.834+0000][2533.906s][info ][safepoint     ] Application time: 1.0007531 seconds
[2023-12-02T16:14:22.834+0000][2533.906s][info ][safepoint     ] Entering safepoint region: Cleanup
[2023-12-02T16:14:22.835+0000][2533.907s][info ][safepoint     ] Leaving safepoint region
[2023-12-02T16:14:22.835+0000][2533.907s][info ][safepoint     ] Total time for which application threads were stopped: 0.0010271 seconds, Stopping threads took: 0.0004016 seconds
[2023-12-02T16:14:23.836+0000][2534.908s][debug][safepoint     ] Safepoint synchronization initiated. (202 threads)
[2023-12-02T16:14:23.836+0000][2534.908s][info ][safepoint     ] Application time: 1.0006068 seconds
[2023-12-02T16:14:23.837+0000][2534.908s][info ][safepoint     ] Entering safepoint region: Cleanup
[2023-12-02T16:14:23.837+0000][2534.909s][info ][safepoint     ] Leaving safepoint region
[2023-12-02T16:14:23.838+0000][2534.909s][info ][safepoint     ] Total time for which application threads were stopped: 0.0008714 seconds, Stopping threads took: 0.0003944 seconds
[2023-12-02T16:14:24.838+0000][2535.910s][debug][safepoint     ] Safepoint synchronization initiated. (202 threads)
[2023-12-02T16:14:24.838+0000][2535.910s][info ][safepoint     ] Application time: 1.0006905 seconds
[2023-12-02T16:14:24.839+0000][2535.911s][info ][safepoint     ] Entering safepoint region: Cleanup
[2023-12-02T16:14:24.840+0000][2535.911s][info ][safepoint     ] Leaving safepoint region
[2023-12-02T16:14:24.840+0000][2535.912s][info ][safepoint     ] Total time for which application threads were stopped: 0.0010284 seconds, Stopping threads took: 0.0004279 seconds
[2023-12-02T16:14:25.841+0000][2536.912s][debug][safepoint     ] Safepoint synchronization initiated. (202 threads)
[2023-12-02T16:14:25.841+0000][2536.913s][info ][safepoint     ] Application time: 1.0008384 seconds
[2023-12-02T16:14:25.842+0000][2536.913s][info ][safepoint     ] Entering safepoint region: Cleanup
[2023-12-02T16:14:25.842+0000][2536.914s][info ][safepoint     ] Leaving safepoint region
[2023-12-02T16:14:25.842+0000][2536.914s][info ][safepoint     ] Total time for which application threads were stopped: 0.0008598 seconds, Stopping threads took: 0.0003084 seconds
[2023-12-02T16:14:26.843+0000][2537.915s][debug][safepoint     ] Safepoint synchronization initiated. (202 threads)
[2023-12-02T16:14:26.843+0000][2537.915s][info ][safepoint     ] Application time: 1.0005181 seconds
[2023-12-02T16:14:26.844+0000][2537.915s][info ][safepoint     ] Entering safepoint region: Cleanup
[2023-12-02T16:14:26.844+0000][2537.916s][info ][safepoint     ] Leaving safepoint region
[2023-12-02T16:14:26.844+0000][2537.916s][info ][safepoint     ] Total time for which application threads were stopped: 0.0008783 seconds, Stopping threads took: 0.0003368 seconds
[2023-12-02T16:14:27.845+0000][2538.917s][debug][safepoint     ] Safepoint synchronization initiated. (202 threads)
[2023-12-02T16:14:27.845+0000][2538.917s][info ][safepoint     ] Application time: 1.0006943 seconds
[2023-12-02T16:14:27.846+0000][2538.918s][info ][safepoint     ] Entering safepoint region: Cleanup
[2023-12-02T16:14:27.846+0000][2538.918s][info ][safepoint     ] Leaving safepoint region
[2023-12-02T16:14:27.847+0000][2538.918s][info ][safepoint     ] Total time for which application threads were stopped: 0.0007981 seconds, Stopping threads took: 0.0003427 seconds
[2023-12-02T16:14:28.847+0000][2539.919s][debug][safepoint     ] Safepoint synchronization initiated. (202 threads)
[2023-12-02T16:14:28.848+0000][2539.919s][info ][safepoint     ] Application time: 1.0007563 seconds
[2023-12-02T16:14:28.848+0000][2539.920s][info ][safepoint     ] Entering safepoint region: Cleanup
[2023-12-02T16:14:28.849+0000][2539.920s][info ][safepoint     ] Leaving safepoint region
[2023-12-02T16:14:28.849+0000][2539.921s][info ][safepoint     ] Total time for which application threads were stopped: 0.0009637 seconds, Stopping threads took: 0.0003973 seconds
[2023-12-02T16:14:29.849+0000][2540.921s][debug][safepoint     ] Safepoint synchronization initiated. (202 threads)
[2023-12-02T16:14:29.850+0000][2540.922s][info ][safepoint     ] Application time: 1.0006526 seconds
[2023-12-02T16:14:29.850+0000][2540.922s][debug][safepoint     ] ... found polling page return exception at pc = 0x00007f43fcb063cf, stub =0x00007f43f4840600
[2023-12-02T16:14:29.851+0000][2540.922s][debug][safepoint     ] Waiting for 3 thread(s) to block
[2023-12-02T16:14:29.851+0000][2540.923s][info ][safepoint     ] Entering safepoint region: Cleanup
[2023-12-02T16:14:29.852+0000][2540.923s][info ][safepoint     ] Leaving safepoint region
[2023-12-02T16:14:29.852+0000][2540.924s][info ][safepoint     ] Total time for which application threads were stopped: 0.0019916 seconds, Stopping threads took: 0.0014134 seconds
[2023-12-02T16:14:30.853+0000][2541.925s][debug][safepoint     ] Safepoint synchronization initiated. (202 threads)
[2023-12-02T16:14:30.853+0000][2541.925s][info ][safepoint     ] Application time: 1.0005579 seconds
[2023-12-02T16:14:30.853+0000][2541.925s][info ][safepoint     ] Entering safepoint region: Cleanup
[2023-12-02T16:14:30.854+0000][2541.926s][info ][safepoint     ] Leaving safepoint region
[2023-12-02T16:14:30.854+0000][2541.926s][info ][safepoint     ] Total time for which application threads were stopped: 0.0006182 seconds, Stopping threads took: 0.0002098 seconds
[2023-12-02T16:14:31.854+0000][2542.926s][debug][safepoint     ] Safepoint synchronization initiated. (202 threads)
[2023-12-02T16:14:31.855+0000][2542.926s][info ][safepoint     ] Application time: 1.0006456 seconds
[2023-12-02T16:14:31.855+0000][2542.927s][info ][safepoint     ] Entering safepoint region: Cleanup
[2023-12-02T16:14:31.856+0000][2542.928s][info ][safepoint     ] Leaving safepoint region
[2023-12-02T16:14:31.856+0000][2542.928s][info ][safepoint     ] Total time for which application threads were stopped: 0.0008577 seconds, Stopping threads took: 0.0004404 seconds
[2023-12-02T16:14:32.856+0000][2543.928s][debug][safepoint     ] Safepoint synchronization initiated. (202 threads)
[2023-12-02T16:14:32.857+0000][2543.929s][info ][safepoint     ] Application time: 1.0007432 seconds
[2023-12-02T16:14:32.857+0000][2543.929s][info ][safepoint     ] Entering safepoint region: Cleanup
[2023-12-02T16:14:32.858+0000][2543.930s][info ][safepoint     ] Leaving safepoint region
[2023-12-02T16:14:32.858+0000][2543.930s][info ][safepoint     ] Total time for which application threads were stopped: 0.0009950 seconds, Stopping threads took: 0.0003671 seconds
[2023-12-02T16:14:33.859+0000][2544.931s][debug][safepoint     ] Safepoint synchronization initiated. (202 threads)
[2023-12-02T16:14:33.859+0000][2544.931s][info ][safepoint     ] Application time: 1.0007228 seconds
[2023-12-02T16:14:33.860+0000][2544.932s][info ][safepoint     ] Entering safepoint region: Cleanup
[2023-12-02T16:14:33.860+0000][2544.932s][info ][safepoint     ] Leaving safepoint region
[2023-12-02T16:14:33.861+0000][2544.933s][info ][safepoint     ] Total time for which application threads were stopped: 0.0009984 seconds, Stopping threads took: 0.0004207 seconds
[2023-12-02T16:14:34.861+0000][2545.933s][debug][safepoint     ] Safepoint synchronization initiated. (202 threads)
[2023-12-02T16:14:34.862+0000][2545.934s][info ][safepoint     ] Application time: 1.0007916 seconds
[2023-12-02T16:14:34.862+0000][2545.934s][info ][safepoint     ] Entering safepoint region: Cleanup
[2023-12-02T16:14:34.863+0000][2545.935s][info ][safepoint     ] Leaving safepoint region
[2023-12-02T16:14:34.863+0000][2545.935s][info ][safepoint     ] Total time for which application threads were stopped: 0.0010275 seconds, Stopping threads took: 0.0004806 seconds
[2023-12-02T16:14:35.864+0000][2546.936s][debug][safepoint     ] Safepoint synchronization initiated. (202 threads)
[2023-12-02T16:14:35.865+0000][2546.936s][info ][safepoint     ] Application time: 1.0007849 seconds
[2023-12-02T16:14:35.865+0000][2546.937s][info ][safepoint     ] Entering safepoint region: Cleanup
[2023-12-02T16:14:35.865+0000][2546.937s][info ][safepoint     ] Leaving safepoint region
[2023-12-02T16:14:35.866+0000][2546.937s][info ][safepoint     ] Total time for which application threads were stopped: 0.0007871 seconds, Stopping threads took: 0.0003184 seconds
[2023-12-02T16:14:36.866+0000][2547.938s][debug][safepoint     ] Safepoint synchronization initiated. (202 threads)
[2023-12-02T16:14:36.867+0000][2547.938s][info ][safepoint     ] Application time: 1.0007037 seconds
[2023-12-02T16:14:36.867+0000][2547.939s][info ][safepoint     ] Entering safepoint region: Cleanup
[2023-12-02T16:14:36.867+0000][2547.939s][info ][safepoint     ] Leaving safepoint region
[2023-12-02T16:14:36.868+0000][2547.940s][info ][safepoint     ] Total time for which application threads were stopped: 0.0008852 seconds, Stopping threads took: 0.0003299 seconds
[2023-12-02T16:14:37.868+0000][2548.940s][debug][safepoint     ] Safepoint synchronization initiated. (202 threads)
[2023-12-02T16:14:37.869+0000][2548.941s][info ][safepoint     ] Application time: 1.0006711 seconds
[2023-12-02T16:14:37.869+0000][2548.941s][info ][safepoint     ] Entering safepoint region: Cleanup
[2023-12-02T16:14:37.870+0000][2548.941s][info ][safepoint     ] Leaving safepoint region
[2023-12-02T16:14:37.870+0000][2548.942s][info ][safepoint     ] Total time for which application threads were stopped: 0.0008741 seconds, Stopping threads took: 0.0003888 seconds
[2023-12-02T16:14:38.871+0000][2549.942s][debug][safepoint     ] Safepoint synchronization initiated. (202 threads)
[2023-12-02T16:14:38.871+0000][2549.943s][info ][safepoint     ] Application time: 1.0007263 seconds
[2023-12-02T16:14:38.872+0000][2549.943s][info ][safepoint     ] Entering safepoint region: Cleanup
[2023-12-02T16:14:38.872+0000][2549.944s][info ][safepoint     ] Leaving safepoint region
[2023-12-02T16:14:38.872+0000][2549.944s][info ][safepoint     ] Total time for which application threads were stopped: 0.0009165 seconds, Stopping threads took: 0.0003170 seconds
[2023-12-02T16:14:39.873+0000][2550.945s][debug][safepoint     ] Safepoint synchronization initiated. (202 threads)
[2023-12-02T16:14:39.874+0000][2550.945s][info ][safepoint     ] Application time: 1.0007399 seconds
[2023-12-02T16:14:39.874+0000][2550.946s][info ][safepoint     ] Entering safepoint region: Cleanup
[2023-12-02T16:14:39.874+0000][2550.946s][info ][safepoint     ] Leaving safepoint region
[2023-12-02T16:14:39.875+0000][2550.947s][info ][safepoint     ] Total time for which application threads were stopped: 0.0009497 seconds, Stopping threads took: 0.0003624 seconds
[2023-12-02T16:14:40.875+0000][2551.947s][debug][safepoint     ] Safepoint synchronization initiated. (202 threads)
[2023-12-02T16:14:40.876+0000][2551.948s][info ][safepoint     ] Application time: 1.0005117 seconds
[2023-12-02T16:14:40.876+0000][2551.948s][info ][safepoint     ] Entering safepoint region: Cleanup
[2023-12-02T16:14:40.876+0000][2551.948s][info ][safepoint     ] Leaving safepoint region
[2023-12-02T16:14:40.876+0000][2551.948s][debug][safepoint     ] ... found polling page return exception at pc = 0x00007f43fc9de0c4, stub =0x00007f43f4840600
[2023-12-02T16:14:40.876+0000][2551.948s][debug][safepoint     ] ... found polling page return exception at pc = 0x00007f43fc9de0c4, stub =0x00007f43f4840600
[2023-12-02T16:14:40.876+0000][2551.948s][debug][safepoint     ] ... found polling page return exception at pc = 0x00007f43fc9de0c4, stub =0x00007f43f4840600
[2023-12-02T16:14:40.876+0000][2551.948s][debug][safepoint     ] ... found polling page return exception at pc = 0x00007f43fc9de0c4, stub =0x00007f43f4840600
[2023-12-02T16:14:40.876+0000][2551.948s][debug][safepoint     ] ... found polling page return exception at pc = 0x00007f43fc9de0c4, stub =0x00007f43f4840600
[2023-12-02T16:14:40.877+0000][2551.949s][info ][safepoint     ] Total time for which application threads were stopped: 0.0007210 seconds, Stopping threads took: 0.0002301 seconds
[2023-12-02T16:14:41.879+0000][2552.951s][debug][safepoint     ] Safepoint synchronization initiated. (202 threads)
[2023-12-02T16:14:41.879+0000][2552.951s][info ][safepoint     ] Application time: 1.0007517 seconds
[2023-12-02T16:14:41.880+0000][2552.952s][info ][safepoint     ] Entering safepoint region: Cleanup
[2023-12-02T16:14:41.880+0000][2552.952s][info ][safepoint     ] Leaving safepoint region
[2023-12-02T16:14:41.881+0000][2552.952s][info ][safepoint     ] Total time for which application threads were stopped: 0.0007281 seconds, Stopping threads took: 0.0002729 seconds
[2023-12-02T16:14:42.881+0000][2553.953s][debug][safepoint     ] Safepoint synchronization initiated. (202 threads)
[2023-12-02T16:14:42.882+0000][2553.954s][info ][safepoint     ] Application time: 1.0011914 seconds
[2023-12-02T16:14:42.883+0000][2553.954s][info ][safepoint     ] Entering safepoint region: Cleanup
[2023-12-02T16:14:42.884+0000][2553.955s][info ][safepoint     ] Leaving safepoint region
[2023-12-02T16:14:42.884+0000][2553.956s][info ][safepoint     ] Total time for which application threads were stopped: 0.0015596 seconds, Stopping threads took: 0.0006017 seconds
[2023-12-02T16:14:43.885+0000][2554.956s][debug][safepoint     ] Safepoint synchronization initiated. (202 threads)
[2023-12-02T16:14:43.885+0000][2554.957s][info ][safepoint     ] Application time: 1.0009217 seconds
[2023-12-02T16:14:43.886+0000][2554.958s][info ][safepoint     ] Entering safepoint region: Cleanup
[2023-12-02T16:14:43.887+0000][2554.959s][info ][safepoint     ] Leaving safepoint region
[2023-12-02T16:14:43.887+0000][2554.959s][info ][safepoint     ] Total time for which application threads were stopped: 0.0015260 seconds, Stopping threads took: 0.0005727 seconds
[2023-12-02T16:14:44.888+0000][2555.960s][debug][safepoint     ] Safepoint synchronization initiated. (202 threads)
[2023-12-02T16:14:44.889+0000][2555.960s][info ][safepoint     ] Application time: 1.0008033 seconds
[2023-12-02T16:14:44.889+0000][2555.961s][info ][safepoint     ] Entering safepoint region: Cleanup
[2023-12-02T16:14:44.890+0000][2555.962s][info ][safepoint     ] Leaving safepoint region
[2023-12-02T16:14:44.891+0000][2555.962s][info ][safepoint     ] Total time for which application threads were stopped: 0.0014318 seconds, Stopping threads took: 0.0006053 seconds
[2023-12-02T16:14:45.891+0000][2556.963s][debug][safepoint     ] Safepoint synchronization initiated. (202 threads)
[2023-12-02T16:14:45.892+0000][2556.964s][info ][safepoint     ] Application time: 1.0006955 seconds
[2023-12-02T16:14:45.892+0000][2556.964s][info ][safepoint     ] Entering safepoint region: Cleanup
[2023-12-02T16:14:45.893+0000][2556.965s][info ][safepoint     ] Leaving safepoint region
[2023-12-02T16:14:45.893+0000][2556.965s][info ][safepoint     ] Total time for which application threads were stopped: 0.0011904 seconds, Stopping threads took: 0.0005622 seconds
[2023-12-02T16:14:46.894+0000][2557.966s][debug][safepoint     ] Safepoint synchronization initiated. (202 threads)
[2023-12-02T16:14:46.895+0000][2557.967s][info ][safepoint     ] Application time: 1.0010289 seconds
[2023-12-02T16:14:46.895+0000][2557.967s][info ][safepoint     ] Entering safepoint region: Cleanup
[2023-12-02T16:14:46.897+0000][2557.969s][info ][safepoint     ] Leaving safepoint region
[2023-12-02T16:14:46.897+0000][2557.969s][info ][safepoint     ] Total time for which application threads were stopped: 0.0018899 seconds, Stopping threads took: 0.0007755 seconds
[2023-12-02T16:14:47.898+0000][2558.970s][debug][safepoint     ] Safepoint synchronization initiated. (202 threads)
[2023-12-02T16:14:47.899+0000][2558.970s][info ][safepoint     ] Application time: 1.0007184 seconds
[2023-12-02T16:14:47.899+0000][2558.971s][info ][safepoint     ] Entering safepoint region: Cleanup
[2023-12-02T16:14:47.900+0000][2558.972s][info ][safepoint     ] Leaving safepoint region
[2023-12-02T16:14:47.901+0000][2558.973s][info ][safepoint     ] Total time for which application threads were stopped: 0.0015696 seconds, Stopping threads took: 0.0007253 seconds
[2023-12-02T16:14:48.902+0000][2559.973s][debug][safepoint     ] Safepoint synchronization initiated. (202 threads)
[2023-12-02T16:14:48.902+0000][2559.974s][info ][safepoint     ] Application time: 1.0010508 seconds
[2023-12-02T16:14:48.903+0000][2559.975s][info ][safepoint     ] Entering safepoint region: Cleanup
[2023-12-02T16:14:48.904+0000][2559.976s][info ][safepoint     ] Leaving safepoint region
[2023-12-02T16:14:48.905+0000][2559.977s][info ][safepoint     ] Total time for which application threads were stopped: 0.0019296 seconds, Stopping threads took: 0.0007913 seconds
[2023-12-02T16:14:49.906+0000][2560.978s][debug][safepoint     ] Safepoint synchronization initiated. (202 threads)
[2023-12-02T16:14:49.907+0000][2560.979s][info ][safepoint     ] Application time: 1.0011931 seconds
[2023-12-02T16:14:49.908+0000][2560.980s][info ][safepoint     ] Entering safepoint region: Cleanup
[2023-12-02T16:14:49.909+0000][2560.981s][info ][safepoint     ] Leaving safepoint region
[2023-12-02T16:14:49.909+0000][2560.981s][info ][safepoint     ] Total time for which application threads were stopped: 0.0016560 seconds, Stopping threads took: 0.0006802 seconds
[2023-12-02T16:14:50.910+0000][2561.982s][debug][safepoint     ] Safepoint synchronization initiated. (202 threads)
[2023-12-02T16:14:50.911+0000][2561.982s][info ][safepoint     ] Application time: 1.0005070 seconds
[2023-12-02T16:14:50.911+0000][2561.983s][info ][safepoint     ] Entering safepoint region: Cleanup
[2023-12-02T16:14:50.911+0000][2561.983s][info ][safepoint     ] Leaving safepoint region
[2023-12-02T16:14:50.911+0000][2561.983s][info ][safepoint     ] Total time for which application threads were stopped: 0.0005903 seconds, Stopping threads took: 0.0002199 seconds
[2023-12-02T16:14:51.912+0000][2562.984s][debug][safepoint     ] Safepoint synchronization initiated. (202 threads)
[2023-12-02T16:14:51.912+0000][2562.984s][info ][safepoint     ] Application time: 1.0008133 seconds
[2023-12-02T16:14:51.913+0000][2562.985s][info ][safepoint     ] Entering safepoint region: Cleanup
[2023-12-02T16:14:51.914+0000][2562.986s][info ][safepoint     ] Leaving safepoint region
[2023-12-02T16:14:51.914+0000][2562.986s][info ][safepoint     ] Total time for which application threads were stopped: 0.0013737 seconds, Stopping threads took: 0.0005659 seconds
[2023-12-02T16:14:52.915+0000][2563.987s][debug][safepoint     ] Safepoint synchronization initiated. (202 threads)
[2023-12-02T16:14:52.916+0000][2563.988s][info ][safepoint     ] Application time: 1.0012267 seconds
[2023-12-02T16:14:52.917+0000][2563.989s][info ][safepoint     ] Entering safepoint region: Cleanup
[2023-12-02T16:14:52.918+0000][2563.990s][info ][safepoint     ] Leaving safepoint region
[2023-12-02T16:14:52.918+0000][2563.990s][info ][safepoint     ] Total time for which application threads were stopped: 0.0015441 seconds, Stopping threads took: 0.0006207 seconds
[2023-12-02T16:14:53.919+0000][2564.991s][debug][safepoint     ] Safepoint synchronization initiated. (202 threads)
[2023-12-02T16:14:53.919+0000][2564.991s][info ][safepoint     ] Application time: 1.0006661 seconds
[2023-12-02T16:14:53.920+0000][2564.992s][info ][safepoint     ] Entering safepoint region: Cleanup
[2023-12-02T16:14:53.920+0000][2564.992s][info ][safepoint     ] Leaving safepoint region
[2023-12-02T16:14:53.921+0000][2564.992s][info ][safepoint     ] Total time for which application threads were stopped: 0.0007594 seconds, Stopping threads took: 0.0002800 seconds
[2023-12-02T16:14:54.921+0000][2565.993s][debug][safepoint     ] Safepoint synchronization initiated. (202 threads)
[2023-12-02T16:14:54.921+0000][2565.993s][info ][safepoint     ] Application time: 1.0005619 seconds
[2023-12-02T16:14:54.922+0000][2565.994s][info ][safepoint     ] Entering safepoint region: Cleanup
[2023-12-02T16:14:54.922+0000][2565.994s][info ][safepoint     ] Leaving safepoint region
[2023-12-02T16:14:54.922+0000][2565.994s][info ][safepoint     ] Total time for which application threads were stopped: 0.0007702 seconds, Stopping threads took: 0.0003129 seconds
[2023-12-02T16:14:55.923+0000][2566.995s][debug][safepoint     ] Safepoint synchronization initiated. (202 threads)
[2023-12-02T16:14:55.923+0000][2566.995s][info ][safepoint     ] Application time: 1.0003741 seconds
[2023-12-02T16:14:55.923+0000][2566.995s][info ][safepoint     ] Entering safepoint region: Cleanup
[2023-12-02T16:14:55.924+0000][2566.996s][info ][safepoint     ] Leaving safepoint region
[2023-12-02T16:14:55.924+0000][2566.996s][info ][safepoint     ] Total time for which application threads were stopped: 0.0005661 seconds, Stopping threads took: 0.0001978 seconds
[2023-12-02T16:14:56.924+0000][2567.996s][debug][safepoint     ] Safepoint synchronization initiated. (202 threads)
[2023-12-02T16:14:56.925+0000][2567.996s][info ][safepoint     ] Application time: 1.0005805 seconds
[2023-12-02T16:14:56.925+0000][2567.997s][info ][safepoint     ] Entering safepoint region: Cleanup
[2023-12-02T16:14:56.925+0000][2567.997s][info ][safepoint     ] Leaving safepoint region
[2023-12-02T16:14:56.926+0000][2567.998s][info ][safepoint     ] Total time for which application threads were stopped: 0.0008843 seconds, Stopping threads took: 0.0002867 seconds
[2023-12-02T16:14:57.926+0000][2568.998s][debug][safepoint     ] Safepoint synchronization initiated. (202 threads)
[2023-12-02T16:14:57.927+0000][2568.999s][info ][safepoint     ] Application time: 1.0010543 seconds
[2023-12-02T16:14:57.928+0000][2569.000s][info ][safepoint     ] Entering safepoint region: Cleanup
[2023-12-02T16:14:57.929+0000][2569.001s][info ][safepoint     ] Leaving safepoint region
[2023-12-02T16:14:57.929+0000][2569.001s][info ][safepoint     ] Total time for which application threads were stopped: 0.0014180 seconds, Stopping threads took: 0.0005505 seconds
[2023-12-02T16:14:58.930+0000][2570.002s][debug][safepoint     ] Safepoint synchronization initiated. (202 threads)
[2023-12-02T16:14:58.931+0000][2570.003s][info ][safepoint     ] Application time: 1.0011564 seconds
[2023-12-02T16:14:58.932+0000][2570.004s][info ][safepoint     ] Entering safepoint region: Cleanup
[2023-12-02T16:14:58.933+0000][2570.005s][info ][safepoint     ] Leaving safepoint region
[2023-12-02T16:14:58.933+0000][2570.005s][info ][safepoint     ] Total time for which application threads were stopped: 0.0017596 seconds, Stopping threads took: 0.0007518 seconds
[2023-12-02T16:14:59.934+0000][2571.006s][debug][safepoint     ] Safepoint synchronization initiated. (202 threads)
[2023-12-02T16:14:59.935+0000][2571.006s][info ][safepoint     ] Application time: 1.0004959 seconds
[2023-12-02T16:14:59.935+0000][2571.007s][info ][safepoint     ] Entering safepoint region: Cleanup
[2023-12-02T16:14:59.935+0000][2571.007s][info ][safepoint     ] Leaving safepoint region
[2023-12-02T16:14:59.935+0000][2571.007s][info ][safepoint     ] Total time for which application threads were stopped: 0.0007792 seconds, Stopping threads took: 0.0003381 seconds
[2023-12-02T16:15:00.936+0000][2572.008s][debug][safepoint     ] Safepoint synchronization initiated. (203 threads)
[2023-12-02T16:15:00.936+0000][2572.008s][info ][safepoint     ] Application time: 1.0004643 seconds
[2023-12-02T16:15:00.936+0000][2572.008s][info ][safepoint     ] Entering safepoint region: Cleanup
[2023-12-02T16:15:00.937+0000][2572.009s][info ][safepoint     ] Leaving safepoint region
[2023-12-02T16:15:00.937+0000][2572.009s][info ][safepoint     ] Total time for which application threads were stopped: 0.0006980 seconds, Stopping threads took: 0.0002477 seconds
[2023-12-02T16:15:01.938+0000][2573.009s][debug][safepoint     ] Safepoint synchronization initiated. (203 threads)
[2023-12-02T16:15:01.938+0000][2573.010s][info ][safepoint     ] Application time: 1.0009550 seconds
[2023-12-02T16:15:01.939+0000][2573.011s][info ][safepoint     ] Entering safepoint region: Cleanup
[2023-12-02T16:15:01.939+0000][2573.011s][info ][safepoint     ] Leaving safepoint region
[2023-12-02T16:15:01.939+0000][2573.011s][info ][safepoint     ] Total time for which application threads were stopped: 0.0007966 seconds, Stopping threads took: 0.0003721 seconds
[2023-12-02T16:15:02.940+0000][2574.012s][debug][safepoint     ] Safepoint synchronization initiated. (203 threads)
[2023-12-02T16:15:02.941+0000][2574.012s][info ][safepoint     ] Application time: 1.0007456 seconds
[2023-12-02T16:15:02.941+0000][2574.013s][info ][safepoint     ] Entering safepoint region: Cleanup
[2023-12-02T16:15:02.942+0000][2574.013s][info ][safepoint     ] Leaving safepoint region
[2023-12-02T16:15:02.942+0000][2574.014s][info ][safepoint     ] Total time for which application threads were stopped: 0.0009586 seconds, Stopping threads took: 0.0003804 seconds
[2023-12-02T16:15:03.942+0000][2575.014s][debug][safepoint     ] Safepoint synchronization initiated. (203 threads)
[2023-12-02T16:15:03.943+0000][2575.015s][info ][safepoint     ] Application time: 1.0005665 seconds
[2023-12-02T16:15:03.943+0000][2575.015s][info ][safepoint     ] Entering safepoint region: Cleanup
[2023-12-02T16:15:03.944+0000][2575.015s][info ][safepoint     ] Leaving safepoint region
[2023-12-02T16:15:03.944+0000][2575.016s][info ][safepoint     ] Total time for which application threads were stopped: 0.0006361 seconds, Stopping threads took: 0.0002634 seconds
[2023-12-02T16:15:04.944+0000][2576.016s][debug][safepoint     ] Safepoint synchronization initiated. (203 threads)
[2023-12-02T16:15:04.945+0000][2576.017s][info ][safepoint     ] Application time: 1.0012212 seconds
[2023-12-02T16:15:04.946+0000][2576.018s][info ][safepoint     ] Entering safepoint region: Cleanup
[2023-12-02T16:15:04.947+0000][2576.019s][info ][safepoint     ] Leaving safepoint region
[2023-12-02T16:15:04.948+0000][2576.020s][info ][safepoint     ] Total time for which application threads were stopped: 0.0017084 seconds, Stopping threads took: 0.0006692 seconds
[2023-12-02T16:15:05.449+0000][2576.521s][debug][safepoint     ] Safepoint synchronization initiated. (203 threads)
[2023-12-02T16:15:05.449+0000][2576.521s][info ][safepoint     ] Application time: 0.5010459 seconds
[2023-12-02T16:15:05.450+0000][2576.521s][debug][safepoint     ] Waiting for 1 thread(s) to block
[2023-12-02T16:15:05.450+0000][2576.522s][info ][safepoint     ] Entering safepoint region: G1CollectForAllocation
[2023-12-02T16:15:05.450+0000][2576.522s][info ][gc,start      ] GC(76) Pause Young (Concurrent Start) (G1 Humongous Allocation)
[2023-12-02T16:15:05.451+0000][2576.522s][info ][gc,task       ] GC(76) Using 8 workers of 8 for evacuation
[2023-12-02T16:15:05.464+0000][2576.536s][info ][gc,phases     ] GC(76)   Pre Evacuate Collection Set: 1.5ms
[2023-12-02T16:15:05.465+0000][2576.536s][info ][gc,phases     ] GC(76)   Evacuate Collection Set: 8.4ms
[2023-12-02T16:15:05.465+0000][2576.537s][info ][gc,phases     ] GC(76)   Post Evacuate Collection Set: 3.0ms
[2023-12-02T16:15:05.466+0000][2576.538s][info ][gc,phases     ] GC(76)   Other: 0.8ms
[2023-12-02T16:15:05.466+0000][2576.538s][info ][gc,heap       ] GC(76) Eden regions: 159->0(172)
[2023-12-02T16:15:05.467+0000][2576.538s][info ][gc,heap       ] GC(76) Survivor regions: 10->10(24)
[2023-12-02T16:15:05.467+0000][2576.539s][info ][gc,heap       ] GC(76) Old regions: 162->162
[2023-12-02T16:15:05.467+0000][2576.539s][info ][gc,heap       ] GC(76) Humongous regions: 30->30
[2023-12-02T16:15:05.468+0000][2576.540s][info ][gc,metaspace  ] GC(76) Metaspace: 180279K(194588K)->180279K(194588K) NonClass: 159483K(170784K)->159483K(170784K) Class: 20796K(23804K)->20796K(23804K)
[2023-12-02T16:15:05.468+0000][2576.540s][info ][gc            ] GC(76) Pause Young (Concurrent Start) (G1 Humongous Allocation) 357M->200M(427M) 17.651ms
[2023-12-02T16:15:05.468+0000][2576.540s][info ][gc,cpu        ] GC(76) User=0.05s Sys=0.00s Real=0.01s
[2023-12-02T16:15:05.469+0000][2576.541s][info ][safepoint     ] Leaving safepoint region
[2023-12-02T16:15:05.469+0000][2576.541s][info ][gc            ] GC(77) Concurrent Cycle
[2023-12-02T16:15:05.469+0000][2576.541s][info ][safepoint     ] Total time for which application threads were stopped: 0.0194537 seconds, Stopping threads took: 0.0006136 seconds
[2023-12-02T16:15:05.469+0000][2576.541s][info ][gc,marking    ] GC(77) Concurrent Clear Claimed Marks
[2023-12-02T16:15:05.470+0000][2576.541s][info ][gc,stringdedup] Concurrent String Deduplication (2576.541s)
[2023-12-02T16:15:05.470+0000][2576.542s][info ][gc,stringdedup] Concurrent String Deduplication 24.0B->0.0B(24.0B) avg 52.7% (2576.541s, 2576.542s) 0.563ms
[2023-12-02T16:15:05.471+0000][2576.542s][info ][gc,marking    ] GC(77) Concurrent Clear Claimed Marks 1.390ms
[2023-12-02T16:15:05.471+0000][2576.543s][info ][gc,marking    ] GC(77) Concurrent Scan Root Regions
[2023-12-02T16:15:05.493+0000][2576.565s][info ][gc,marking    ] GC(77) Concurrent Scan Root Regions 22.082ms
[2023-12-02T16:15:05.494+0000][2576.565s][info ][gc,marking    ] GC(77) Concurrent Mark (2576.565s)
[2023-12-02T16:15:05.494+0000][2576.566s][info ][gc,marking    ] GC(77) Concurrent Mark From Roots
[2023-12-02T16:15:05.494+0000][2576.566s][info ][gc,task       ] GC(77) Using 2 workers of 2 for marking
[2023-12-02T16:15:05.774+0000][2576.846s][info ][gc,marking    ] GC(77) Concurrent Mark From Roots 279.708ms
[2023-12-02T16:15:05.774+0000][2576.846s][info ][gc,marking    ] GC(77) Concurrent Preclean
[2023-12-02T16:15:05.776+0000][2576.848s][info ][gc,marking    ] GC(77) Concurrent Preclean 2.168ms
[2023-12-02T16:15:05.777+0000][2576.849s][info ][gc,marking    ] GC(77) Concurrent Mark (2576.565s, 2576.849s) 283.257ms
[2023-12-02T16:15:05.777+0000][2576.849s][debug][safepoint     ] Safepoint synchronization initiated. (203 threads)
[2023-12-02T16:15:05.778+0000][2576.850s][info ][safepoint     ] Application time: 0.3082821 seconds
[2023-12-02T16:15:05.778+0000][2576.850s][info ][safepoint     ] Entering safepoint region: CGC_Operation
[2023-12-02T16:15:05.779+0000][2576.851s][info ][gc,start      ] GC(77) Pause Remark
[2023-12-02T16:15:05.885+0000][2576.956s][info ][gc,stringtable] GC(77) Cleaned string and symbol table, strings: 86084 processed, 12712 removed, symbols: 416760 processed, 12 removed
[2023-12-02T16:15:05.898+0000][2576.970s][info ][gc            ] GC(77) Pause Remark 208M->208M(427M) 119.179ms
[2023-12-02T16:15:05.898+0000][2576.970s][info ][gc,cpu        ] GC(77) User=0.69s Sys=0.01s Real=0.12s
[2023-12-02T16:15:05.899+0000][2576.970s][info ][safepoint     ] Leaving safepoint region
[2023-12-02T16:15:05.899+0000][2576.971s][info ][safepoint     ] Total time for which application threads were stopped: 0.1208235 seconds, Stopping threads took: 0.0003753 seconds
[2023-12-02T16:15:05.899+0000][2576.971s][info ][gc,marking    ] GC(77) Concurrent Rebuild Remembered Sets
[2023-12-02T16:15:05.973+0000][2577.045s][info ][gc,marking    ] GC(77) Concurrent Rebuild Remembered Sets 73.791ms
[2023-12-02T16:15:05.973+0000][2577.045s][debug][safepoint     ] Safepoint synchronization initiated. (203 threads)
[2023-12-02T16:15:05.974+0000][2577.046s][info ][safepoint     ] Application time: 0.0747035 seconds
[2023-12-02T16:15:05.974+0000][2577.046s][info ][safepoint     ] Entering safepoint region: CGC_Operation
[2023-12-02T16:15:05.975+0000][2577.047s][info ][gc,start      ] GC(77) Pause Cleanup
[2023-12-02T16:15:05.975+0000][2577.047s][info ][gc            ] GC(77) Pause Cleanup 208M->208M(427M) 0.605ms
[2023-12-02T16:15:05.976+0000][2577.047s][info ][gc,cpu        ] GC(77) User=0.01s Sys=0.00s Real=0.00s
[2023-12-02T16:15:05.976+0000][2577.048s][info ][safepoint     ] Leaving safepoint region
[2023-12-02T16:15:05.976+0000][2577.048s][info ][safepoint     ] Total time for which application threads were stopped: 0.0019524 seconds, Stopping threads took: 0.0002756 seconds
[2023-12-02T16:15:05.976+0000][2577.048s][info ][gc,marking    ] GC(77) Concurrent Cleanup for Next Mark
[2023-12-02T16:15:05.984+0000][2577.056s][info ][gc,marking    ] GC(77) Concurrent Cleanup for Next Mark 8.071ms
[2023-12-02T16:15:05.985+0000][2577.057s][info ][gc            ] GC(77) Concurrent Cycle 515.969ms
[2023-12-02T16:15:06.977+0000][2578.049s][debug][safepoint     ] Safepoint synchronization initiated. (203 threads)
[2023-12-02T16:15:06.978+0000][2578.050s][info ][safepoint     ] Application time: 1.0013889 seconds
[2023-12-02T16:15:06.978+0000][2578.050s][info ][safepoint     ] Entering safepoint region: Cleanup
[2023-12-02T16:15:06.980+0000][2578.051s][info ][safepoint     ] Leaving safepoint region
[2023-12-02T16:15:06.980+0000][2578.052s][info ][safepoint     ] Total time for which application threads were stopped: 0.0016143 seconds, Stopping threads took: 0.0007127 seconds
[2023-12-02T16:15:07.981+0000][2579.052s][debug][safepoint     ] Safepoint synchronization initiated. (203 threads)
[2023-12-02T16:15:07.981+0000][2579.053s][info ][safepoint     ] Application time: 1.0006273 seconds
[2023-12-02T16:15:07.981+0000][2579.053s][info ][safepoint     ] Entering safepoint region: Cleanup
[2023-12-02T16:15:07.982+0000][2579.054s][info ][safepoint     ] Leaving safepoint region
[2023-12-02T16:15:07.982+0000][2579.054s][info ][safepoint     ] Total time for which application threads were stopped: 0.0009175 seconds, Stopping threads took: 0.0003897 seconds
[2023-12-02T16:15:08.983+0000][2580.055s][debug][safepoint     ] Safepoint synchronization initiated. (203 threads)
[2023-12-02T16:15:08.984+0000][2580.056s][info ][safepoint     ] Application time: 1.0012001 seconds
[2023-12-02T16:15:08.985+0000][2580.056s][info ][safepoint     ] Entering safepoint region: Cleanup
[2023-12-02T16:15:08.986+0000][2580.058s][info ][safepoint     ] Leaving safepoint region
[2023-12-02T16:15:08.987+0000][2580.058s][info ][safepoint     ] Total time for which application threads were stopped: 0.0020319 seconds, Stopping threads took: 0.0007728 seconds
[2023-12-02T16:15:09.988+0000][2581.059s][debug][safepoint     ] Safepoint synchronization initiated. (203 threads)
[2023-12-02T16:15:09.988+0000][2581.060s][info ][safepoint     ] Application time: 1.0005642 seconds
[2023-12-02T16:15:09.988+0000][2581.060s][info ][safepoint     ] Entering safepoint region: Cleanup
[2023-12-02T16:15:09.989+0000][2581.061s][info ][safepoint     ] Leaving safepoint region
[2023-12-02T16:15:09.989+0000][2581.061s][info ][safepoint     ] Total time for which application threads were stopped: 0.0007952 seconds, Stopping threads took: 0.0002752 seconds
[2023-12-02T16:15:10.990+0000][2582.061s][debug][safepoint     ] Safepoint synchronization initiated. (203 threads)
[2023-12-02T16:15:10.991+0000][2582.062s][info ][safepoint     ] Application time: 1.0013184 seconds
[2023-12-02T16:15:10.992+0000][2582.063s][info ][safepoint     ] Entering safepoint region: Cleanup
[2023-12-02T16:15:10.993+0000][2582.065s][info ][safepoint     ] Leaving safepoint region
[2023-12-02T16:15:10.994+0000][2582.066s][info ][safepoint     ] Total time for which application threads were stopped: 0.0021768 seconds, Stopping threads took: 0.0009378 seconds
[2023-12-02T16:15:11.995+0000][2583.067s][debug][safepoint     ] Safepoint synchronization initiated. (203 threads)
[2023-12-02T16:15:11.996+0000][2583.067s][info ][safepoint     ] Application time: 1.0008851 seconds
[2023-12-02T16:15:11.996+0000][2583.068s][info ][safepoint     ] Entering safepoint region: Cleanup
[2023-12-02T16:15:11.997+0000][2583.068s][info ][safepoint     ] Leaving safepoint region
[2023-12-02T16:15:11.997+0000][2583.069s][info ][safepoint     ] Total time for which application threads were stopped: 0.0009322 seconds, Stopping threads took: 0.0004357 seconds
[2023-12-02T16:15:12.998+0000][2584.069s][debug][safepoint     ] Safepoint synchronization initiated. (203 threads)
[2023-12-02T16:15:12.998+0000][2584.070s][info ][safepoint     ] Application time: 1.0009977 seconds
[2023-12-02T16:15:12.999+0000][2584.071s][info ][safepoint     ] Entering safepoint region: Cleanup
[2023-12-02T16:15:13.000+0000][2584.071s][info ][safepoint     ] Leaving safepoint region
[2023-12-02T16:15:13.000+0000][2584.072s][info ][safepoint     ] Total time for which application threads were stopped: 0.0013425 seconds, Stopping threads took: 0.0005833 seconds
[2023-12-02T16:15:14.001+0000][2585.073s][debug][safepoint     ] Safepoint synchronization initiated. (203 threads)
[2023-12-02T16:15:14.001+0000][2585.073s][info ][safepoint     ] Application time: 1.0007020 seconds
[2023-12-02T16:15:14.002+0000][2585.073s][info ][safepoint     ] Entering safepoint region: Cleanup
[2023-12-02T16:15:14.002+0000][2585.074s][info ][safepoint     ] Leaving safepoint region
[2023-12-02T16:15:14.003+0000][2585.074s][info ][safepoint     ] Total time for which application threads were stopped: 0.0009521 seconds, Stopping threads took: 0.0003952 seconds
[2023-12-02T16:15:15.003+0000][2586.075s][debug][safepoint     ] Safepoint synchronization initiated. (203 threads)
[2023-12-02T16:15:15.004+0000][2586.076s][info ][safepoint     ] Application time: 1.0013469 seconds
[2023-12-02T16:15:15.005+0000][2586.077s][info ][safepoint     ] Entering safepoint region: Cleanup
[2023-12-02T16:15:15.007+0000][2586.078s][info ][safepoint     ] Leaving safepoint region
[2023-12-02T16:15:15.007+0000][2586.079s][info ][safepoint     ] Total time for which application threads were stopped: 0.0021985 seconds, Stopping threads took: 0.0009224 seconds
[2023-12-02T16:15:16.008+0000][2587.080s][debug][safepoint     ] Safepoint synchronization initiated. (203 threads)
[2023-12-02T16:15:16.009+0000][2587.081s][info ][safepoint     ] Application time: 1.0007961 seconds
[2023-12-02T16:15:16.009+0000][2587.081s][info ][safepoint     ] Entering safepoint region: Cleanup
[2023-12-02T16:15:16.010+0000][2587.082s][info ][safepoint     ] Leaving safepoint region
[2023-12-02T16:15:16.010+0000][2587.082s][info ][safepoint     ] Total time for which application threads were stopped: 0.0011397 seconds, Stopping threads took: 0.0004823 seconds
[2023-12-02T16:15:17.011+0000][2588.083s][debug][safepoint     ] Safepoint synchronization initiated. (203 threads)
[2023-12-02T16:15:17.012+0000][2588.083s][info ][safepoint     ] Application time: 1.0009588 seconds
[2023-12-02T16:15:17.012+0000][2588.084s][info ][safepoint     ] Entering safepoint region: Cleanup
[2023-12-02T16:15:17.013+0000][2588.085s][info ][safepoint     ] Leaving safepoint region
[2023-12-02T16:15:17.013+0000][2588.085s][info ][safepoint     ] Total time for which application threads were stopped: 0.0010532 seconds, Stopping threads took: 0.0005199 seconds
[2023-12-02T16:15:18.014+0000][2589.085s][debug][safepoint     ] Safepoint synchronization initiated. (203 threads)
[2023-12-02T16:15:18.015+0000][2589.086s][info ][safepoint     ] Application time: 1.0013191 seconds
[2023-12-02T16:15:18.016+0000][2589.087s][info ][safepoint     ] Entering safepoint region: Cleanup
[2023-12-02T16:15:18.017+0000][2589.089s][info ][safepoint     ] Leaving safepoint region
[2023-12-02T16:15:18.018+0000][2589.090s][info ][safepoint     ] Total time for which application threads were stopped: 0.0022147 seconds, Stopping threads took: 0.0009427 seconds
[2023-12-02T16:15:19.019+0000][2590.091s][debug][safepoint     ] Safepoint synchronization initiated. (203 threads)
[2023-12-02T16:15:19.019+0000][2590.091s][info ][safepoint     ] Application time: 1.0010262 seconds
[2023-12-02T16:15:19.020+0000][2590.092s][info ][safepoint     ] Entering safepoint region: Cleanup
[2023-12-02T16:15:19.021+0000][2590.093s][info ][safepoint     ] Leaving safepoint region
[2023-12-02T16:15:19.021+0000][2590.093s][info ][safepoint     ] Total time for which application threads were stopped: 0.0013851 seconds, Stopping threads took: 0.0005997 seconds
[2023-12-02T16:15:20.022+0000][2591.094s][debug][safepoint     ] Safepoint synchronization initiated. (203 threads)
[2023-12-02T16:15:20.023+0000][2591.094s][info ][safepoint     ] Application time: 1.0005704 seconds
[2023-12-02T16:15:20.023+0000][2591.095s][info ][safepoint     ] Entering safepoint region: Cleanup
[2023-12-02T16:15:20.023+0000][2591.095s][info ][safepoint     ] Leaving safepoint region
[2023-12-02T16:15:20.024+0000][2591.095s][info ][safepoint     ] Total time for which application threads were stopped: 0.0006377 seconds, Stopping threads took: 0.0002746 seconds
[2023-12-02T16:15:21.024+0000][2592.096s][debug][safepoint     ] Safepoint synchronization initiated. (203 threads)
[2023-12-02T16:15:21.025+0000][2592.097s][info ][safepoint     ] Application time: 1.0014090 seconds
[2023-12-02T16:15:21.026+0000][2592.098s][info ][safepoint     ] Entering safepoint region: Cleanup
[2023-12-02T16:15:21.027+0000][2592.099s][info ][safepoint     ] Leaving safepoint region
[2023-12-02T16:15:21.028+0000][2592.100s][info ][safepoint     ] Total time for which application threads were stopped: 0.0021787 seconds, Stopping threads took: 0.0009034 seconds
[2023-12-02T16:15:21.027+0000][2592.099s][debug][safepoint     ] ... found polling page return exception at pc = 0x00007f43fc9de0c4, stub =0x00007f43f4840600
[2023-12-02T16:15:21.027+0000][2592.099s][debug][safepoint     ] ... found polling page return exception at pc = 0x00007f43fc9de0c4, stub =0x00007f43f4840600
[2023-12-02T16:15:21.027+0000][2592.099s][debug][safepoint     ] ... found polling page return exception at pc = 0x00007f43fc9de0c4, stub =0x00007f43f4840600
[2023-12-02T16:15:21.027+0000][2592.099s][debug][safepoint     ] ... found polling page return exception at pc = 0x00007f43fc9de0c4, stub =0x00007f43f4840600
[2023-12-02T16:15:21.027+0000][2592.099s][debug][safepoint     ] ... found polling page return exception at pc = 0x00007f43fc9de0c4, stub =0x00007f43f4840600
[2023-12-02T16:15:21.027+0000][2592.099s][debug][safepoint     ] ... found polling page return exception at pc = 0x00007f43fc9de0c4, stub =0x00007f43f4840600
[2023-12-02T16:15:22.029+0000][2593.101s][debug][safepoint     ] Safepoint synchronization initiated. (203 threads)
[2023-12-02T16:15:22.030+0000][2593.102s][info ][safepoint     ] Application time: 1.0013972 seconds
[2023-12-02T16:15:22.031+0000][2593.103s][info ][safepoint     ] Entering safepoint region: Cleanup
[2023-12-02T16:15:22.032+0000][2593.104s][info ][safepoint     ] Leaving safepoint region
[2023-12-02T16:15:22.033+0000][2593.104s][info ][safepoint     ] Total time for which application threads were stopped: 0.0017168 seconds, Stopping threads took: 0.0006781 seconds
[2023-12-02T16:15:23.034+0000][2594.105s][debug][safepoint     ] Safepoint synchronization initiated. (203 threads)
[2023-12-02T16:15:23.034+0000][2594.106s][info ][safepoint     ] Application time: 1.0012398 seconds
[2023-12-02T16:15:23.035+0000][2594.107s][info ][safepoint     ] Entering safepoint region: Cleanup
[2023-12-02T16:15:23.036+0000][2594.108s][info ][safepoint     ] Leaving safepoint region
[2023-12-02T16:15:23.036+0000][2594.108s][info ][safepoint     ] Total time for which application threads were stopped: 0.0012738 seconds, Stopping threads took: 0.0005208 seconds
[2023-12-02T16:15:24.037+0000][2595.109s][debug][safepoint     ] Safepoint synchronization initiated. (203 threads)
[2023-12-02T16:15:24.038+0000][2595.110s][info ][safepoint     ] Application time: 1.0009448 seconds
[2023-12-02T16:15:24.038+0000][2595.110s][info ][safepoint     ] Entering safepoint region: Cleanup
[2023-12-02T16:15:24.040+0000][2595.111s][info ][safepoint     ] Leaving safepoint region
[2023-12-02T16:15:24.040+0000][2595.112s][info ][safepoint     ] Total time for which application threads were stopped: 0.0016387 seconds, Stopping threads took: 0.0007289 seconds
[2023-12-02T16:15:25.041+0000][2596.113s][debug][safepoint     ] Safepoint synchronization initiated. (203 threads)
[2023-12-02T16:15:25.042+0000][2596.114s][info ][safepoint     ] Application time: 1.0012920 seconds
[2023-12-02T16:15:25.043+0000][2596.115s][info ][safepoint     ] Entering safepoint region: Cleanup
[2023-12-02T16:15:25.044+0000][2596.116s][info ][safepoint     ] Leaving safepoint region
[2023-12-02T16:15:25.045+0000][2596.116s][info ][safepoint     ] Total time for which application threads were stopped: 0.0016764 seconds, Stopping threads took: 0.0005897 seconds
[2023-12-02T16:15:26.046+0000][2597.117s][debug][safepoint     ] Safepoint synchronization initiated. (203 threads)
[2023-12-02T16:15:26.047+0000][2597.118s][info ][safepoint     ] Application time: 1.0011931 seconds
[2023-12-02T16:15:26.047+0000][2597.119s][info ][safepoint     ] Entering safepoint region: Cleanup
[2023-12-02T16:15:26.049+0000][2597.120s][info ][safepoint     ] Leaving safepoint region
[2023-12-02T16:15:26.049+0000][2597.121s][info ][safepoint     ] Total time for which application threads were stopped: 0.0018164 seconds, Stopping threads took: 0.0007540 seconds
[2023-12-02T16:15:27.050+0000][2598.122s][debug][safepoint     ] Safepoint synchronization initiated. (203 threads)
[2023-12-02T16:15:27.051+0000][2598.123s][info ][safepoint     ] Application time: 1.0013742 seconds
[2023-12-02T16:15:27.052+0000][2598.124s][info ][safepoint     ] Entering safepoint region: Cleanup
[2023-12-02T16:15:27.053+0000][2598.125s][info ][safepoint     ] Leaving safepoint region
[2023-12-02T16:15:27.053+0000][2598.125s][info ][safepoint     ] Total time for which application threads were stopped: 0.0016606 seconds, Stopping threads took: 0.0007002 seconds
[2023-12-02T16:15:28.054+0000][2599.126s][debug][safepoint     ] Safepoint synchronization initiated. (203 threads)
[2023-12-02T16:15:28.055+0000][2599.127s][info ][safepoint     ] Application time: 1.0007658 seconds
[2023-12-02T16:15:28.055+0000][2599.127s][info ][safepoint     ] Entering safepoint region: Cleanup
[2023-12-02T16:15:28.056+0000][2599.128s][info ][safepoint     ] Leaving safepoint region
[2023-12-02T16:15:28.056+0000][2599.128s][info ][safepoint     ] Total time for which application threads were stopped: 0.0010928 seconds, Stopping threads took: 0.0004219 seconds
[2023-12-02T16:15:29.057+0000][2600.129s][debug][safepoint     ] Safepoint synchronization initiated. (203 threads)
[2023-12-02T16:15:29.058+0000][2600.130s][info ][safepoint     ] Application time: 1.0011960 seconds
[2023-12-02T16:15:29.059+0000][2600.130s][info ][safepoint     ] Entering safepoint region: Cleanup
[2023-12-02T16:15:29.059+0000][2600.131s][info ][safepoint     ] Leaving safepoint region
[2023-12-02T16:15:29.060+0000][2600.132s][info ][safepoint     ] Total time for which application threads were stopped: 0.0013360 seconds, Stopping threads took: 0.0005911 seconds
[2023-12-02T16:15:30.060+0000][2601.132s][debug][safepoint     ] Safepoint synchronization initiated. (203 threads)
[2023-12-02T16:15:30.061+0000][2601.133s][info ][safepoint     ] Application time: 1.0007139 seconds
[2023-12-02T16:15:30.062+0000][2601.133s][info ][safepoint     ] Entering safepoint region: Cleanup
[2023-12-02T16:15:30.062+0000][2601.134s][info ][safepoint     ] Leaving safepoint region
[2023-12-02T16:15:30.063+0000][2601.134s][info ][safepoint     ] Total time for which application threads were stopped: 0.0011079 seconds, Stopping threads took: 0.0003005 seconds
[2023-12-02T16:15:31.063+0000][2602.135s][debug][safepoint     ] Safepoint synchronization initiated. (203 threads)
[2023-12-02T16:15:31.063+0000][2602.135s][info ][safepoint     ] Application time: 1.0004221 seconds
[2023-12-02T16:15:31.063+0000][2602.135s][info ][safepoint     ] Entering safepoint region: Cleanup
[2023-12-02T16:15:31.064+0000][2602.136s][info ][safepoint     ] Leaving safepoint region
[2023-12-02T16:15:31.064+0000][2602.136s][info ][safepoint     ] Total time for which application threads were stopped: 0.0005906 seconds, Stopping threads took: 0.0002203 seconds
[2023-12-02T16:15:32.064+0000][2603.136s][debug][safepoint     ] Safepoint synchronization initiated. (203 threads)
[2023-12-02T16:15:32.064+0000][2603.136s][info ][safepoint     ] Application time: 1.0004015 seconds
[2023-12-02T16:15:32.065+0000][2603.137s][info ][safepoint     ] Entering safepoint region: Cleanup
[2023-12-02T16:15:32.065+0000][2603.137s][info ][safepoint     ] Leaving safepoint region
[2023-12-02T16:15:32.066+0000][2603.137s][info ][safepoint     ] Total time for which application threads were stopped: 0.0007960 seconds, Stopping threads took: 0.0003869 seconds
[2023-12-02T16:15:33.066+0000][2604.138s][debug][safepoint     ] Safepoint synchronization initiated. (203 threads)
[2023-12-02T16:15:33.067+0000][2604.139s][info ][safepoint     ] Application time: 1.0010659 seconds
[2023-12-02T16:15:33.068+0000][2604.140s][info ][safepoint     ] Entering safepoint region: Cleanup
[2023-12-02T16:15:33.069+0000][2604.141s][info ][safepoint     ] Leaving safepoint region
[2023-12-02T16:15:33.070+0000][2604.142s][info ][safepoint     ] Total time for which application threads were stopped: 0.0022511 seconds, Stopping threads took: 0.0007378 seconds
[2023-12-02T16:15:34.071+0000][2605.143s][debug][safepoint     ] Safepoint synchronization initiated. (203 threads)
[2023-12-02T16:15:34.071+0000][2605.143s][info ][safepoint     ] Application time: 1.0008381 seconds
[2023-12-02T16:15:34.072+0000][2605.144s][info ][safepoint     ] Entering safepoint region: Cleanup
[2023-12-02T16:15:34.073+0000][2605.145s][info ][safepoint     ] Leaving safepoint region
[2023-12-02T16:15:34.073+0000][2605.145s][info ][safepoint     ] Total time for which application threads were stopped: 0.0012441 seconds, Stopping threads took: 0.0005333 seconds
[2023-12-02T16:15:35.074+0000][2606.146s][debug][safepoint     ] Safepoint synchronization initiated. (203 threads)
[2023-12-02T16:15:35.075+0000][2606.147s][info ][safepoint     ] Application time: 1.0011514 seconds
[2023-12-02T16:15:35.076+0000][2606.147s][info ][safepoint     ] Entering safepoint region: Cleanup
[2023-12-02T16:15:35.077+0000][2606.148s][info ][safepoint     ] Leaving safepoint region
[2023-12-02T16:15:35.077+0000][2606.149s][info ][safepoint     ] Total time for which application threads were stopped: 0.0016349 seconds, Stopping threads took: 0.0007160 seconds
[2023-12-02T16:15:36.078+0000][2607.150s][debug][safepoint     ] Safepoint synchronization initiated. (203 threads)
[2023-12-02T16:15:36.078+0000][2607.150s][info ][safepoint     ] Application time: 1.0004666 seconds
[2023-12-02T16:15:36.079+0000][2607.151s][info ][safepoint     ] Entering safepoint region: Cleanup
[2023-12-02T16:15:36.079+0000][2607.151s][info ][safepoint     ] Leaving safepoint region
[2023-12-02T16:15:36.079+0000][2607.151s][info ][safepoint     ] Total time for which application threads were stopped: 0.0007490 seconds, Stopping threads took: 0.0002862 seconds
[2023-12-02T16:15:37.080+0000][2608.152s][debug][safepoint     ] Safepoint synchronization initiated. (203 threads)
[2023-12-02T16:15:37.080+0000][2608.152s][info ][safepoint     ] Application time: 1.0005680 seconds
[2023-12-02T16:15:37.080+0000][2608.152s][info ][safepoint     ] Entering safepoint region: Cleanup
[2023-12-02T16:15:37.081+0000][2608.153s][info ][safepoint     ] Leaving safepoint region
[2023-12-02T16:15:37.081+0000][2608.153s][info ][safepoint     ] Total time for which application threads were stopped: 0.0007543 seconds, Stopping threads took: 0.0003215 seconds
[2023-12-02T16:15:38.082+0000][2609.154s][debug][safepoint     ] Safepoint synchronization initiated. (203 threads)
[2023-12-02T16:15:38.083+0000][2609.155s][info ][safepoint     ] Application time: 1.0013245 seconds
[2023-12-02T16:15:38.084+0000][2609.155s][info ][safepoint     ] Entering safepoint region: Cleanup
[2023-12-02T16:15:38.085+0000][2609.157s][info ][safepoint     ] Leaving safepoint region
[2023-12-02T16:15:38.086+0000][2609.157s][info ][safepoint     ] Total time for which application threads were stopped: 0.0021010 seconds, Stopping threads took: 0.0008681 seconds
[2023-12-02T16:15:39.087+0000][2610.159s][debug][safepoint     ] Safepoint synchronization initiated. (203 threads)
[2023-12-02T16:15:39.088+0000][2610.160s][info ][safepoint     ] Application time: 1.0014106 seconds
[2023-12-02T16:15:39.089+0000][2610.160s][info ][safepoint     ] Entering safepoint region: Cleanup
[2023-12-02T16:15:39.090+0000][2610.162s][info ][safepoint     ] Leaving safepoint region
[2023-12-02T16:15:39.091+0000][2610.163s][info ][safepoint     ] Total time for which application threads were stopped: 0.0021379 seconds, Stopping threads took: 0.0007642 seconds
[2023-12-02T16:15:39.090+0000][2610.162s][debug][safepoint     ] ... found polling page return exception at pc = 0x00007f43fc9de0c4, stub =0x00007f43f4840600
[2023-12-02T16:15:40.092+0000][2611.163s][debug][safepoint     ] Safepoint synchronization initiated. (203 threads)
[2023-12-02T16:15:40.092+0000][2611.164s][info ][safepoint     ] Application time: 1.0006119 seconds
[2023-12-02T16:15:40.092+0000][2611.164s][info ][safepoint     ] Entering safepoint region: Cleanup
[2023-12-02T16:15:40.093+0000][2611.165s][info ][safepoint     ] Leaving safepoint region
[2023-12-02T16:15:40.093+0000][2611.165s][info ][safepoint     ] Total time for which application threads were stopped: 0.0007250 seconds, Stopping threads took: 0.0002555 seconds
[2023-12-02T16:15:41.094+0000][2612.165s][debug][safepoint     ] Safepoint synchronization initiated. (203 threads)
[2023-12-02T16:15:41.094+0000][2612.166s][info ][safepoint     ] Application time: 1.0005428 seconds
[2023-12-02T16:15:41.094+0000][2612.166s][info ][safepoint     ] Entering safepoint region: Cleanup
[2023-12-02T16:15:41.094+0000][2612.166s][info ][safepoint     ] Leaving safepoint region
[2023-12-02T16:15:41.095+0000][2612.166s][info ][safepoint     ] Total time for which application threads were stopped: 0.0005409 seconds, Stopping threads took: 0.0002058 seconds
[2023-12-02T16:15:42.095+0000][2613.167s][debug][safepoint     ] Safepoint synchronization initiated. (203 threads)
[2023-12-02T16:15:42.095+0000][2613.167s][info ][safepoint     ] Application time: 1.0004893 seconds
[2023-12-02T16:15:42.095+0000][2613.167s][info ][safepoint     ] Entering safepoint region: Cleanup
[2023-12-02T16:15:42.096+0000][2613.168s][info ][safepoint     ] Leaving safepoint region
[2023-12-02T16:15:42.096+0000][2613.168s][info ][safepoint     ] Total time for which application threads were stopped: 0.0007087 seconds, Stopping threads took: 0.0002929 seconds
[2023-12-02T16:15:43.097+0000][2614.169s][debug][safepoint     ] Safepoint synchronization initiated. (203 threads)
[2023-12-02T16:15:43.098+0000][2614.170s][info ][safepoint     ] Application time: 1.0012718 seconds
[2023-12-02T16:15:43.099+0000][2614.170s][info ][safepoint     ] Entering safepoint region: Cleanup
[2023-12-02T16:15:43.100+0000][2614.172s][info ][safepoint     ] Leaving safepoint region
[2023-12-02T16:15:43.100+0000][2614.172s][info ][safepoint     ] Total time for which application threads were stopped: 0.0020192 seconds, Stopping threads took: 0.0008241 seconds
[2023-12-02T16:15:44.101+0000][2615.173s][debug][safepoint     ] Safepoint synchronization initiated. (203 threads)
[2023-12-02T16:15:44.102+0000][2615.174s][info ][safepoint     ] Application time: 1.0011646 seconds
[2023-12-02T16:15:44.103+0000][2615.175s][info ][safepoint     ] Entering safepoint region: Cleanup
[2023-12-02T16:15:44.104+0000][2615.176s][info ][safepoint     ] Leaving safepoint region
[2023-12-02T16:15:44.105+0000][2615.177s][info ][safepoint     ] Total time for which application threads were stopped: 0.0019358 seconds, Stopping threads took: 0.0008177 seconds
[2023-12-02T16:15:45.106+0000][2616.178s][debug][safepoint     ] Safepoint synchronization initiated. (203 threads)
[2023-12-02T16:15:45.106+0000][2616.178s][info ][safepoint     ] Application time: 1.0007162 seconds
[2023-12-02T16:15:45.107+0000][2616.179s][info ][safepoint     ] Entering safepoint region: Cleanup
[2023-12-02T16:15:45.107+0000][2616.179s][info ][safepoint     ] Leaving safepoint region
[2023-12-02T16:15:45.107+0000][2616.179s][info ][safepoint     ] Total time for which application threads were stopped: 0.0007251 seconds, Stopping threads took: 0.0002604 seconds
[2023-12-02T16:15:46.108+0000][2617.180s][debug][safepoint     ] Safepoint synchronization initiated. (203 threads)
[2023-12-02T16:15:46.109+0000][2617.181s][info ][safepoint     ] Application time: 1.0014023 seconds
[2023-12-02T16:15:46.110+0000][2617.182s][info ][safepoint     ] Entering safepoint region: Cleanup
[2023-12-02T16:15:46.111+0000][2617.183s][info ][safepoint     ] Leaving safepoint region
[2023-12-02T16:15:46.112+0000][2617.184s][info ][safepoint     ] Total time for which application threads were stopped: 0.0017925 seconds, Stopping threads took: 0.0006883 seconds
[2023-12-02T16:15:47.113+0000][2618.184s][debug][safepoint     ] Safepoint synchronization initiated. (203 threads)
[2023-12-02T16:15:47.113+0000][2618.185s][info ][safepoint     ] Application time: 1.0006586 seconds
[2023-12-02T16:15:47.113+0000][2618.185s][info ][safepoint     ] Entering safepoint region: Cleanup
[2023-12-02T16:15:47.114+0000][2618.186s][info ][safepoint     ] Leaving safepoint region
[2023-12-02T16:15:47.114+0000][2618.186s][info ][safepoint     ] Total time for which application threads were stopped: 0.0008677 seconds, Stopping threads took: 0.0003554 seconds
[2023-12-02T16:15:48.115+0000][2619.186s][debug][safepoint     ] Safepoint synchronization initiated. (203 threads)
[2023-12-02T16:15:48.115+0000][2619.187s][info ][safepoint     ] Application time: 1.0010313 seconds
[2023-12-02T16:15:48.116+0000][2619.188s][info ][safepoint     ] Entering safepoint region: Cleanup
[2023-12-02T16:15:48.117+0000][2619.189s][info ][safepoint     ] Leaving safepoint region
[2023-12-02T16:15:48.118+0000][2619.190s][info ][safepoint     ] Total time for which application threads were stopped: 0.0018680 seconds, Stopping threads took: 0.0008117 seconds
[2023-12-02T16:15:49.119+0000][2620.190s][debug][safepoint     ] Safepoint synchronization initiated. (203 threads)
[2023-12-02T16:15:49.120+0000][2620.191s][info ][safepoint     ] Application time: 1.0011156 seconds
[2023-12-02T16:15:49.120+0000][2620.192s][info ][safepoint     ] Entering safepoint region: Cleanup
[2023-12-02T16:15:49.122+0000][2620.193s][info ][safepoint     ] Leaving safepoint region
[2023-12-02T16:15:49.122+0000][2620.194s][info ][safepoint     ] Total time for which application threads were stopped: 0.0019643 seconds, Stopping threads took: 0.0007645 seconds
[2023-12-02T16:15:50.123+0000][2621.195s][debug][safepoint     ] Safepoint synchronization initiated. (203 threads)
[2023-12-02T16:15:50.123+0000][2621.195s][info ][safepoint     ] Application time: 1.0003837 seconds
[2023-12-02T16:15:50.124+0000][2621.195s][info ][safepoint     ] Entering safepoint region: Cleanup
[2023-12-02T16:15:50.124+0000][2621.196s][info ][safepoint     ] Leaving safepoint region
[2023-12-02T16:15:50.124+0000][2621.196s][info ][safepoint     ] Total time for which application threads were stopped: 0.0005842 seconds, Stopping threads took: 0.0002312 seconds
[2023-12-02T16:15:51.125+0000][2622.196s][debug][safepoint     ] Safepoint synchronization initiated. (203 threads)
[2023-12-02T16:15:51.126+0000][2622.197s][info ][safepoint     ] Application time: 1.0013136 seconds
[2023-12-02T16:15:51.127+0000][2622.198s][info ][safepoint     ] Entering safepoint region: Cleanup
[2023-12-02T16:15:51.128+0000][2622.200s][info ][safepoint     ] Leaving safepoint region
[2023-12-02T16:15:51.128+0000][2622.200s][info ][safepoint     ] Total time for which application threads were stopped: 0.0017635 seconds, Stopping threads took: 0.0007188 seconds
[2023-12-02T16:15:52.129+0000][2623.201s][debug][safepoint     ] Safepoint synchronization initiated. (203 threads)
[2023-12-02T16:15:52.130+0000][2623.202s][info ][safepoint     ] Application time: 1.0008468 seconds
[2023-12-02T16:15:52.130+0000][2623.202s][info ][safepoint     ] Entering safepoint region: Cleanup
[2023-12-02T16:15:52.131+0000][2623.203s][info ][safepoint     ] Leaving safepoint region
[2023-12-02T16:15:52.132+0000][2623.203s][info ][safepoint     ] Total time for which application threads were stopped: 0.0014405 seconds, Stopping threads took: 0.0006232 seconds
[2023-12-02T16:15:53.132+0000][2624.204s][debug][safepoint     ] Safepoint synchronization initiated. (203 threads)
[2023-12-02T16:15:53.133+0000][2624.205s][info ][safepoint     ] Application time: 1.0009144 seconds
[2023-12-02T16:15:53.134+0000][2624.206s][info ][safepoint     ] Entering safepoint region: Cleanup
[2023-12-02T16:15:53.135+0000][2624.207s][info ][safepoint     ] Leaving safepoint region
[2023-12-02T16:15:53.136+0000][2624.207s][info ][safepoint     ] Total time for which application threads were stopped: 0.0018426 seconds, Stopping threads took: 0.0006618 seconds
[2023-12-02T16:15:54.136+0000][2625.208s][debug][safepoint     ] Safepoint synchronization initiated. (203 threads)
[2023-12-02T16:15:54.137+0000][2625.209s][info ][safepoint     ] Application time: 1.0013573 seconds
[2023-12-02T16:15:54.138+0000][2625.210s][info ][safepoint     ] Entering safepoint region: Cleanup
[2023-12-02T16:15:54.139+0000][2625.211s][info ][safepoint     ] Leaving safepoint region
[2023-12-02T16:15:54.140+0000][2625.212s][info ][safepoint     ] Total time for which application threads were stopped: 0.0021734 seconds, Stopping threads took: 0.0008895 seconds
[2023-12-02T16:15:55.141+0000][2626.213s][debug][safepoint     ] Safepoint synchronization initiated. (203 threads)
[2023-12-02T16:15:55.142+0000][2626.214s][info ][safepoint     ] Application time: 1.0010084 seconds
[2023-12-02T16:15:55.143+0000][2626.215s][info ][safepoint     ] Entering safepoint region: Cleanup
[2023-12-02T16:15:55.144+0000][2626.215s][info ][safepoint     ] Leaving safepoint region
[2023-12-02T16:15:55.144+0000][2626.216s][info ][safepoint     ] Total time for which application threads were stopped: 0.0015529 seconds, Stopping threads took: 0.0006387 seconds
[2023-12-02T16:15:56.145+0000][2627.217s][debug][safepoint     ] Safepoint synchronization initiated. (203 threads)
[2023-12-02T16:15:56.146+0000][2627.218s][info ][safepoint     ] Application time: 1.0012315 seconds
[2023-12-02T16:15:56.147+0000][2627.219s][info ][safepoint     ] Entering safepoint region: Cleanup
[2023-12-02T16:15:56.148+0000][2627.220s][info ][safepoint     ] Leaving safepoint region
[2023-12-02T16:15:56.149+0000][2627.220s][info ][safepoint     ] Total time for which application threads were stopped: 0.0017020 seconds, Stopping threads took: 0.0007678 seconds
[2023-12-02T16:15:57.149+0000][2628.221s][debug][safepoint     ] Safepoint synchronization initiated. (203 threads)
[2023-12-02T16:15:57.150+0000][2628.222s][info ][safepoint     ] Application time: 1.0014047 seconds
[2023-12-02T16:15:57.151+0000][2628.223s][info ][safepoint     ] Entering safepoint region: Cleanup
[2023-12-02T16:15:57.153+0000][2628.224s][info ][safepoint     ] Leaving safepoint region
[2023-12-02T16:15:57.153+0000][2628.225s][info ][safepoint     ] Total time for which application threads were stopped: 0.0018878 seconds, Stopping threads took: 0.0008349 seconds
[2023-12-02T16:15:58.154+0000][2629.226s][debug][safepoint     ] Safepoint synchronization initiated. (203 threads)
[2023-12-02T16:15:58.155+0000][2629.227s][info ][safepoint     ] Application time: 1.0012765 seconds
[2023-12-02T16:15:58.156+0000][2629.228s][info ][safepoint     ] Entering safepoint region: Cleanup
[2023-12-02T16:15:58.157+0000][2629.229s][info ][safepoint     ] Leaving safepoint region
[2023-12-02T16:15:58.158+0000][2629.230s][info ][safepoint     ] Total time for which application threads were stopped: 0.0021084 seconds, Stopping threads took: 0.0008068 seconds
[2023-12-02T16:15:59.159+0000][2630.231s][debug][safepoint     ] Safepoint synchronization initiated. (203 threads)
[2023-12-02T16:15:59.160+0000][2630.232s][info ][safepoint     ] Application time: 1.0012450 seconds
[2023-12-02T16:15:59.161+0000][2630.233s][info ][safepoint     ] Entering safepoint region: Cleanup
[2023-12-02T16:15:59.162+0000][2630.234s][info ][safepoint     ] Leaving safepoint region
[2023-12-02T16:15:59.162+0000][2630.234s][info ][safepoint     ] Total time for which application threads were stopped: 0.0017501 seconds, Stopping threads took: 0.0007311 seconds
[2023-12-02T16:16:00.163+0000][2631.235s][debug][safepoint     ] Safepoint synchronization initiated. (203 threads)
[2023-12-02T16:16:00.164+0000][2631.236s][info ][safepoint     ] Application time: 1.0010425 seconds
[2023-12-02T16:16:00.165+0000][2631.237s][info ][safepoint     ] Entering safepoint region: Cleanup
[2023-12-02T16:16:00.166+0000][2631.237s][info ][safepoint     ] Leaving safepoint region
[2023-12-02T16:16:00.166+0000][2631.238s][info ][safepoint     ] Total time for which application threads were stopped: 0.0013328 seconds, Stopping threads took: 0.0006027 seconds
[2023-12-02T16:16:01.167+0000][2632.239s][debug][safepoint     ] Safepoint synchronization initiated. (203 threads)
[2023-12-02T16:16:01.167+0000][2632.239s][info ][safepoint     ] Application time: 1.0006563 seconds
[2023-12-02T16:16:01.168+0000][2632.240s][info ][safepoint     ] Entering safepoint region: Cleanup
[2023-12-02T16:16:01.169+0000][2632.240s][info ][safepoint     ] Leaving safepoint region
[2023-12-02T16:16:01.169+0000][2632.241s][info ][safepoint     ] Total time for which application threads were stopped: 0.0010733 seconds, Stopping threads took: 0.0005199 seconds
[2023-12-02T16:16:02.170+0000][2633.241s][debug][safepoint     ] Safepoint synchronization initiated. (203 threads)
[2023-12-02T16:16:02.170+0000][2633.242s][info ][safepoint     ] Application time: 1.0008970 seconds
[2023-12-02T16:16:02.171+0000][2633.243s][info ][safepoint     ] Entering safepoint region: Cleanup
[2023-12-02T16:16:02.172+0000][2633.243s][info ][safepoint     ] Leaving safepoint region
[2023-12-02T16:16:02.172+0000][2633.244s][info ][safepoint     ] Total time for which application threads were stopped: 0.0011878 seconds, Stopping threads took: 0.0006229 seconds
[2023-12-02T16:16:03.173+0000][2634.245s][debug][safepoint     ] Safepoint synchronization initiated. (203 threads)
[2023-12-02T16:16:03.174+0000][2634.246s][info ][safepoint     ] Application time: 1.0014989 seconds
[2023-12-02T16:16:03.175+0000][2634.246s][info ][safepoint     ] Entering safepoint region: Cleanup
[2023-12-02T16:16:03.176+0000][2634.248s][info ][safepoint     ] Leaving safepoint region
[2023-12-02T16:16:03.177+0000][2634.249s][info ][safepoint     ] Total time for which application threads were stopped: 0.0021713 seconds, Stopping threads took: 0.0009291 seconds
[2023-12-02T16:16:04.178+0000][2635.250s][debug][safepoint     ] Safepoint synchronization initiated. (203 threads)
[2023-12-02T16:16:04.179+0000][2635.250s][info ][safepoint     ] Application time: 1.0011429 seconds
[2023-12-02T16:16:04.179+0000][2635.251s][debug][safepoint     ] ... found polling page return exception at pc = 0x00007f43fca39708, stub =0x00007f43f4840600
[2023-12-02T16:16:04.179+0000][2635.251s][debug][safepoint     ] ... found polling page return exception at pc = 0x00007f43fca85ff6, stub =0x00007f43f4840600
[2023-12-02T16:16:04.179+0000][2635.251s][debug][safepoint     ] ... found polling page return exception at pc = 0x00007f43fd4a4d57, stub =0x00007f43f4840600
[2023-12-02T16:16:04.179+0000][2635.251s][debug][safepoint     ] ... found polling page return exception at pc = 0x00007f43fcdde34a, stub =0x00007f43f4840600
[2023-12-02T16:16:04.183+0000][2635.254s][debug][safepoint     ] Waiting for 4 thread(s) to block
[2023-12-02T16:16:04.184+0000][2635.256s][info ][safepoint     ] Entering safepoint region: Cleanup
[2023-12-02T16:16:04.185+0000][2635.257s][info ][safepoint     ] Leaving safepoint region
[2023-12-02T16:16:04.185+0000][2635.257s][info ][safepoint     ] Total time for which application threads were stopped: 0.0060628 seconds, Stopping threads took: 0.0052791 seconds
[2023-12-02T16:16:05.186+0000][2636.258s][debug][safepoint     ] Safepoint synchronization initiated. (203 threads)
[2023-12-02T16:16:05.187+0000][2636.259s][info ][safepoint     ] Application time: 1.0014090 seconds
[2023-12-02T16:16:05.188+0000][2636.260s][info ][safepoint     ] Entering safepoint region: Cleanup
[2023-12-02T16:16:05.189+0000][2636.261s][info ][safepoint     ] Leaving safepoint region
[2023-12-02T16:16:05.190+0000][2636.262s][info ][safepoint     ] Total time for which application threads were stopped: 0.0019376 seconds, Stopping threads took: 0.0006435 seconds
[2023-12-02T16:16:06.191+0000][2637.263s][debug][safepoint     ] Safepoint synchronization initiated. (203 threads)
[2023-12-02T16:16:06.192+0000][2637.264s][info ][safepoint     ] Application time: 1.0013318 seconds
[2023-12-02T16:16:06.193+0000][2637.265s][info ][safepoint     ] Entering safepoint region: Cleanup
[2023-12-02T16:16:06.194+0000][2637.266s][info ][safepoint     ] Leaving safepoint region
[2023-12-02T16:16:06.195+0000][2637.267s][info ][safepoint     ] Total time for which application threads were stopped: 0.0021385 seconds, Stopping threads took: 0.0009069 seconds
[2023-12-02T16:16:07.196+0000][2638.268s][debug][safepoint     ] Safepoint synchronization initiated. (203 threads)
[2023-12-02T16:16:07.197+0000][2638.269s][info ][safepoint     ] Application time: 1.0013029 seconds
[2023-12-02T16:16:07.198+0000][2638.270s][info ][safepoint     ] Entering safepoint region: Cleanup
[2023-12-02T16:16:07.200+0000][2638.271s][info ][safepoint     ] Leaving safepoint region
[2023-12-02T16:16:07.200+0000][2638.272s][info ][safepoint     ] Total time for which application threads were stopped: 0.0022305 seconds, Stopping threads took: 0.0007179 seconds
[2023-12-02T16:16:08.201+0000][2639.273s][debug][safepoint     ] Safepoint synchronization initiated. (203 threads)
[2023-12-02T16:16:08.202+0000][2639.274s][info ][safepoint     ] Application time: 1.0010712 seconds
[2023-12-02T16:16:08.203+0000][2639.275s][info ][safepoint     ] Entering safepoint region: Cleanup
[2023-12-02T16:16:08.204+0000][2639.276s][info ][safepoint     ] Leaving safepoint region
[2023-12-02T16:16:08.205+0000][2639.276s][info ][safepoint     ] Total time for which application threads were stopped: 0.0018844 seconds, Stopping threads took: 0.0009253 seconds
[2023-12-02T16:16:09.206+0000][2640.277s][debug][safepoint     ] Safepoint synchronization initiated. (203 threads)
[2023-12-02T16:16:09.207+0000][2640.278s][info ][safepoint     ] Application time: 1.0011491 seconds
[2023-12-02T16:16:09.207+0000][2640.279s][info ][safepoint     ] Entering safepoint region: Cleanup
[2023-12-02T16:16:09.209+0000][2640.280s][info ][safepoint     ] Leaving safepoint region
[2023-12-02T16:16:09.209+0000][2640.281s][info ][safepoint     ] Total time for which application threads were stopped: 0.0017666 seconds, Stopping threads took: 0.0007555 seconds
[2023-12-02T16:16:10.210+0000][2641.282s][debug][safepoint     ] Safepoint synchronization initiated. (203 threads)
[2023-12-02T16:16:10.210+0000][2641.282s][info ][safepoint     ] Application time: 1.0007152 seconds
[2023-12-02T16:16:10.211+0000][2641.283s][info ][safepoint     ] Entering safepoint region: Cleanup
[2023-12-02T16:16:10.211+0000][2641.283s][info ][safepoint     ] Leaving safepoint region
[2023-12-02T16:16:10.212+0000][2641.283s][info ][safepoint     ] Total time for which application threads were stopped: 0.0008399 seconds, Stopping threads took: 0.0003459 seconds
[2023-12-02T16:16:11.212+0000][2642.284s][debug][safepoint     ] Safepoint synchronization initiated. (203 threads)
[2023-12-02T16:16:11.213+0000][2642.285s][info ][safepoint     ] Application time: 1.0009368 seconds
[2023-12-02T16:16:11.213+0000][2642.285s][info ][safepoint     ] Entering safepoint region: Cleanup
[2023-12-02T16:16:11.214+0000][2642.286s][info ][safepoint     ] Leaving safepoint region
[2023-12-02T16:16:11.214+0000][2642.286s][info ][safepoint     ] Total time for which application threads were stopped: 0.0011925 seconds, Stopping threads took: 0.0005446 seconds
[2023-12-02T16:16:12.215+0000][2643.287s][debug][safepoint     ] Safepoint synchronization initiated. (203 threads)
[2023-12-02T16:16:12.216+0000][2643.288s][info ][safepoint     ] Application time: 1.0011775 seconds
[2023-12-02T16:16:12.216+0000][2643.288s][info ][safepoint     ] Entering safepoint region: Cleanup
[2023-12-02T16:16:12.217+0000][2643.289s][info ][safepoint     ] Leaving safepoint region
[2023-12-02T16:16:12.217+0000][2643.289s][info ][safepoint     ] Total time for which application threads were stopped: 0.0010287 seconds, Stopping threads took: 0.0004072 seconds
[2023-12-02T16:16:13.218+0000][2644.290s][debug][safepoint     ] Safepoint synchronization initiated. (203 threads)
[2023-12-02T16:16:13.218+0000][2644.290s][info ][safepoint     ] Application time: 1.0004754 seconds
[2023-12-02T16:16:13.219+0000][2644.291s][info ][safepoint     ] Entering safepoint region: Cleanup
[2023-12-02T16:16:13.220+0000][2644.291s][info ][safepoint     ] Leaving safepoint region
[2023-12-02T16:16:13.220+0000][2644.292s][info ][safepoint     ] Total time for which application threads were stopped: 0.0010539 seconds, Stopping threads took: 0.0006419 seconds
[2023-12-02T16:16:14.220+0000][2645.292s][debug][safepoint     ] Safepoint synchronization initiated. (203 threads)
[2023-12-02T16:16:14.221+0000][2645.293s][info ][safepoint     ] Application time: 1.0007379 seconds
[2023-12-02T16:16:14.221+0000][2645.293s][info ][safepoint     ] Entering safepoint region: Cleanup
[2023-12-02T16:16:14.222+0000][2645.293s][info ][safepoint     ] Leaving safepoint region
[2023-12-02T16:16:14.222+0000][2645.294s][info ][safepoint     ] Total time for which application threads were stopped: 0.0009376 seconds, Stopping threads took: 0.0003778 seconds
[2023-12-02T16:16:15.223+0000][2646.294s][debug][safepoint     ] Safepoint synchronization initiated. (203 threads)
[2023-12-02T16:16:15.223+0000][2646.295s][info ][safepoint     ] Application time: 1.0010159 seconds
[2023-12-02T16:16:15.224+0000][2646.296s][info ][safepoint     ] Entering safepoint region: Cleanup
[2023-12-02T16:16:15.224+0000][2646.296s][info ][safepoint     ] Leaving safepoint region
[2023-12-02T16:16:15.225+0000][2646.296s][info ][safepoint     ] Total time for which application threads were stopped: 0.0009139 seconds, Stopping threads took: 0.0004237 seconds
[2023-12-02T16:16:16.225+0000][2647.297s][debug][safepoint     ] Safepoint synchronization initiated. (203 threads)
[2023-12-02T16:16:16.225+0000][2647.297s][info ][safepoint     ] Application time: 1.0004246 seconds
[2023-12-02T16:16:16.226+0000][2647.297s][info ][safepoint     ] Entering safepoint region: Cleanup
[2023-12-02T16:16:16.226+0000][2647.298s][info ][safepoint     ] Leaving safepoint region
[2023-12-02T16:16:16.226+0000][2647.298s][info ][safepoint     ] Total time for which application threads were stopped: 0.0007729 seconds, Stopping threads took: 0.0002262 seconds
[2023-12-02T16:16:17.227+0000][2648.299s][debug][safepoint     ] Safepoint synchronization initiated. (203 threads)
[2023-12-02T16:16:17.227+0000][2648.299s][info ][safepoint     ] Application time: 1.0004945 seconds
[2023-12-02T16:16:17.227+0000][2648.299s][info ][safepoint     ] Entering safepoint region: Cleanup
[2023-12-02T16:16:17.228+0000][2648.300s][info ][safepoint     ] Leaving safepoint region
[2023-12-02T16:16:17.228+0000][2648.300s][info ][safepoint     ] Total time for which application threads were stopped: 0.0008100 seconds, Stopping threads took: 0.0003148 seconds
[2023-12-02T16:16:18.229+0000][2649.301s][debug][safepoint     ] Safepoint synchronization initiated. (203 threads)
[2023-12-02T16:16:18.229+0000][2649.301s][info ][safepoint     ] Application time: 1.0006004 seconds
[2023-12-02T16:16:18.229+0000][2649.301s][info ][safepoint     ] Entering safepoint region: Cleanup
[2023-12-02T16:16:18.230+0000][2649.302s][info ][safepoint     ] Leaving safepoint region
[2023-12-02T16:16:18.230+0000][2649.302s][info ][safepoint     ] Total time for which application threads were stopped: 0.0007240 seconds, Stopping threads took: 0.0002926 seconds
[2023-12-02T16:16:19.230+0000][2650.302s][debug][safepoint     ] Safepoint synchronization initiated. (203 threads)
[2023-12-02T16:16:19.231+0000][2650.303s][info ][safepoint     ] Application time: 1.0007068 seconds
[2023-12-02T16:16:19.231+0000][2650.303s][info ][safepoint     ] Entering safepoint region: Cleanup
[2023-12-02T16:16:19.232+0000][2650.304s][info ][safepoint     ] Leaving safepoint region
[2023-12-02T16:16:19.232+0000][2650.304s][info ][safepoint     ] Total time for which application threads were stopped: 0.0008685 seconds, Stopping threads took: 0.0003299 seconds
[2023-12-02T16:16:20.233+0000][2651.304s][debug][safepoint     ] Safepoint synchronization initiated. (203 threads)
[2023-12-02T16:16:20.233+0000][2651.305s][info ][safepoint     ] Application time: 1.0004147 seconds
[2023-12-02T16:16:20.233+0000][2651.305s][info ][safepoint     ] Entering safepoint region: Cleanup
[2023-12-02T16:16:20.234+0000][2651.305s][info ][safepoint     ] Leaving safepoint region
[2023-12-02T16:16:20.234+0000][2651.305s][info ][safepoint     ] Total time for which application threads were stopped: 0.0005875 seconds, Stopping threads took: 0.0002353 seconds
[2023-12-02T16:16:21.234+0000][2652.306s][debug][safepoint     ] Safepoint synchronization initiated. (203 threads)
[2023-12-02T16:16:21.235+0000][2652.306s][info ][safepoint     ] Application time: 1.0007036 seconds
[2023-12-02T16:16:21.235+0000][2652.307s][info ][safepoint     ] Entering safepoint region: Cleanup
[2023-12-02T16:16:21.236+0000][2652.307s][info ][safepoint     ] Leaving safepoint region
[2023-12-02T16:16:21.236+0000][2652.308s][info ][safepoint     ] Total time for which application threads were stopped: 0.0010519 seconds, Stopping threads took: 0.0004620 seconds
[2023-12-02T16:16:22.236+0000][2653.308s][debug][safepoint     ] Safepoint synchronization initiated. (203 threads)
[2023-12-02T16:16:22.237+0000][2653.309s][info ][safepoint     ] Application time: 1.0005587 seconds
[2023-12-02T16:16:22.237+0000][2653.309s][info ][safepoint     ] Entering safepoint region: Cleanup
[2023-12-02T16:16:22.238+0000][2653.310s][info ][safepoint     ] Leaving safepoint region
[2023-12-02T16:16:22.238+0000][2653.310s][info ][safepoint     ] Total time for which application threads were stopped: 0.0011100 seconds, Stopping threads took: 0.0004629 seconds
[2023-12-02T16:16:23.239+0000][2654.311s][debug][safepoint     ] Safepoint synchronization initiated. (203 threads)
[2023-12-02T16:16:23.240+0000][2654.311s][info ][safepoint     ] Application time: 1.0006557 seconds
[2023-12-02T16:16:23.240+0000][2654.312s][info ][safepoint     ] Entering safepoint region: Cleanup
[2023-12-02T16:16:23.241+0000][2654.313s][info ][safepoint     ] Leaving safepoint region
[2023-12-02T16:16:23.241+0000][2654.313s][info ][safepoint     ] Total time for which application threads were stopped: 0.0011129 seconds, Stopping threads took: 0.0004971 seconds
[2023-12-02T16:16:24.242+0000][2655.313s][debug][safepoint     ] Safepoint synchronization initiated. (203 threads)
[2023-12-02T16:16:24.242+0000][2655.314s][info ][safepoint     ] Application time: 1.0007562 seconds
[2023-12-02T16:16:24.243+0000][2655.315s][info ][safepoint     ] Entering safepoint region: Cleanup
[2023-12-02T16:16:24.243+0000][2655.315s][info ][safepoint     ] Leaving safepoint region
[2023-12-02T16:16:24.244+0000][2655.315s][info ][safepoint     ] Total time for which application threads were stopped: 0.0010234 seconds, Stopping threads took: 0.0003965 seconds
[2023-12-02T16:16:25.244+0000][2656.316s][debug][safepoint     ] Safepoint synchronization initiated. (203 threads)
[2023-12-02T16:16:25.245+0000][2656.317s][info ][safepoint     ] Application time: 1.0007895 seconds
[2023-12-02T16:16:25.245+0000][2656.317s][info ][safepoint     ] Entering safepoint region: Cleanup
[2023-12-02T16:16:25.246+0000][2656.318s][info ][safepoint     ] Leaving safepoint region
[2023-12-02T16:16:25.246+0000][2656.318s][info ][safepoint     ] Total time for which application threads were stopped: 0.0010183 seconds, Stopping threads took: 0.0004519 seconds
[2023-12-02T16:16:26.247+0000][2657.319s][debug][safepoint     ] Safepoint synchronization initiated. (203 threads)
[2023-12-02T16:16:26.247+0000][2657.319s][info ][safepoint     ] Application time: 1.0006620 seconds
[2023-12-02T16:16:26.248+0000][2657.320s][info ][safepoint     ] Entering safepoint region: Cleanup
[2023-12-02T16:16:26.248+0000][2657.320s][info ][safepoint     ] Leaving safepoint region
[2023-12-02T16:16:26.249+0000][2657.320s][info ][safepoint     ] Total time for which application threads were stopped: 0.0009045 seconds, Stopping threads took: 0.0003953 seconds
[2023-12-02T16:16:27.249+0000][2658.321s][debug][safepoint     ] Safepoint synchronization initiated. (203 threads)
[2023-12-02T16:16:27.250+0000][2658.321s][info ][safepoint     ] Application time: 1.0006657 seconds
[2023-12-02T16:16:27.250+0000][2658.322s][info ][safepoint     ] Entering safepoint region: Cleanup
[2023-12-02T16:16:27.251+0000][2658.322s][info ][safepoint     ] Leaving safepoint region
[2023-12-02T16:16:27.251+0000][2658.323s][info ][safepoint     ] Total time for which application threads were stopped: 0.0010379 seconds, Stopping threads took: 0.0003884 seconds
[2023-12-02T16:16:28.252+0000][2659.323s][debug][safepoint     ] Safepoint synchronization initiated. (203 threads)
[2023-12-02T16:16:28.252+0000][2659.324s][info ][safepoint     ] Application time: 1.0007498 seconds
[2023-12-02T16:16:28.253+0000][2659.324s][info ][safepoint     ] Entering safepoint region: Cleanup
[2023-12-02T16:16:28.253+0000][2659.325s][info ][safepoint     ] Leaving safepoint region
[2023-12-02T16:16:28.254+0000][2659.326s][info ][safepoint     ] Total time for which application threads were stopped: 0.0010534 seconds, Stopping threads took: 0.0004506 seconds
[2023-12-02T16:16:29.254+0000][2660.326s][debug][safepoint     ] Safepoint synchronization initiated. (203 threads)
[2023-12-02T16:16:29.255+0000][2660.326s][info ][safepoint     ] Application time: 1.0005843 seconds
[2023-12-02T16:16:29.255+0000][2660.327s][info ][safepoint     ] Entering safepoint region: Cleanup
[2023-12-02T16:16:29.256+0000][2660.327s][info ][safepoint     ] Leaving safepoint region
[2023-12-02T16:16:29.256+0000][2660.328s][info ][safepoint     ] Total time for which application threads were stopped: 0.0008524 seconds, Stopping threads took: 0.0003363 seconds
[2023-12-02T16:16:30.256+0000][2661.328s][debug][safepoint     ] Safepoint synchronization initiated. (203 threads)
[2023-12-02T16:16:30.257+0000][2661.329s][info ][safepoint     ] Application time: 1.0009486 seconds
[2023-12-02T16:16:30.258+0000][2661.330s][info ][safepoint     ] Entering safepoint region: Cleanup
[2023-12-02T16:16:30.259+0000][2661.331s][info ][safepoint     ] Leaving safepoint region
[2023-12-02T16:16:30.260+0000][2661.331s][info ][safepoint     ] Total time for which application threads were stopped: 0.0017259 seconds, Stopping threads took: 0.0006556 seconds
[2023-12-02T16:16:31.260+0000][2662.332s][debug][safepoint     ] Safepoint synchronization initiated. (203 threads)
[2023-12-02T16:16:31.261+0000][2662.333s][info ][safepoint     ] Application time: 1.0009886 seconds
[2023-12-02T16:16:31.262+0000][2662.333s][info ][safepoint     ] Entering safepoint region: Cleanup
[2023-12-02T16:16:31.262+0000][2662.334s][info ][safepoint     ] Leaving safepoint region
[2023-12-02T16:16:31.263+0000][2662.334s][info ][safepoint     ] Total time for which application threads were stopped: 0.0011298 seconds, Stopping threads took: 0.0004943 seconds
[2023-12-02T16:16:32.263+0000][2663.335s][debug][safepoint     ] Safepoint synchronization initiated. (203 threads)
[2023-12-02T16:16:32.264+0000][2663.336s][info ][safepoint     ] Application time: 1.0012837 seconds
[2023-12-02T16:16:32.265+0000][2663.337s][info ][safepoint     ] Entering safepoint region: Cleanup
[2023-12-02T16:16:32.267+0000][2663.338s][info ][safepoint     ] Leaving safepoint region
[2023-12-02T16:16:32.267+0000][2663.339s][info ][safepoint     ] Total time for which application threads were stopped: 0.0018542 seconds, Stopping threads took: 0.0007938 seconds
[2023-12-02T16:16:33.268+0000][2664.340s][debug][safepoint     ] Safepoint synchronization initiated. (203 threads)
[2023-12-02T16:16:33.269+0000][2664.341s][info ][safepoint     ] Application time: 1.0010128 seconds
[2023-12-02T16:16:33.270+0000][2664.341s][info ][safepoint     ] Entering safepoint region: Cleanup
[2023-12-02T16:16:33.270+0000][2664.342s][info ][safepoint     ] Leaving safepoint region
[2023-12-02T16:16:33.271+0000][2664.343s][info ][safepoint     ] Total time for which application threads were stopped: 0.0013635 seconds, Stopping threads took: 0.0006936 seconds
[2023-12-02T16:16:34.272+0000][2665.343s][debug][safepoint     ] Safepoint synchronization initiated. (203 threads)
[2023-12-02T16:16:34.272+0000][2665.344s][info ][safepoint     ] Application time: 1.0011097 seconds
[2023-12-02T16:16:34.273+0000][2665.345s][info ][safepoint     ] Entering safepoint region: Cleanup
[2023-12-02T16:16:34.274+0000][2665.346s][info ][safepoint     ] Leaving safepoint region
[2023-12-02T16:16:34.275+0000][2665.346s][info ][safepoint     ] Total time for which application threads were stopped: 0.0016186 seconds, Stopping threads took: 0.0006117 seconds
[2023-12-02T16:16:35.275+0000][2666.347s][debug][safepoint     ] Safepoint synchronization initiated. (203 threads)
[2023-12-02T16:16:35.276+0000][2666.347s][info ][safepoint     ] Application time: 1.0006543 seconds
[2023-12-02T16:16:35.276+0000][2666.348s][info ][safepoint     ] Entering safepoint region: Cleanup
[2023-12-02T16:16:35.277+0000][2666.349s][info ][safepoint     ] Leaving safepoint region
[2023-12-02T16:16:35.278+0000][2666.350s][info ][safepoint     ] Total time for which application threads were stopped: 0.0017313 seconds, Stopping threads took: 0.0004099 seconds
[2023-12-02T16:16:36.279+0000][2667.350s][debug][safepoint     ] Safepoint synchronization initiated. (203 threads)
[2023-12-02T16:16:36.279+0000][2667.351s][info ][safepoint     ] Application time: 1.0006448 seconds
[2023-12-02T16:16:36.279+0000][2667.351s][info ][safepoint     ] Entering safepoint region: Cleanup
[2023-12-02T16:16:36.280+0000][2667.352s][info ][safepoint     ] Leaving safepoint region
[2023-12-02T16:16:36.280+0000][2667.352s][info ][safepoint     ] Total time for which application threads were stopped: 0.0010077 seconds, Stopping threads took: 0.0003586 seconds
[2023-12-02T16:16:37.281+0000][2668.353s][debug][safepoint     ] Safepoint synchronization initiated. (203 threads)
[2023-12-02T16:16:37.282+0000][2668.354s][info ][safepoint     ] Application time: 1.0010337 seconds
[2023-12-02T16:16:37.282+0000][2668.354s][info ][safepoint     ] Entering safepoint region: Cleanup
[2023-12-02T16:16:37.283+0000][2668.355s][info ][safepoint     ] Leaving safepoint region
[2023-12-02T16:16:37.284+0000][2668.355s][info ][safepoint     ] Total time for which application threads were stopped: 0.0013131 seconds, Stopping threads took: 0.0006635 seconds
[2023-12-02T16:16:38.285+0000][2669.356s][debug][safepoint     ] Safepoint synchronization initiated. (203 threads)
[2023-12-02T16:16:38.286+0000][2669.357s][info ][safepoint     ] Application time: 1.0012448 seconds
[2023-12-02T16:16:38.287+0000][2669.358s][info ][safepoint     ] Entering safepoint region: Cleanup
[2023-12-02T16:16:38.288+0000][2669.360s][info ][safepoint     ] Leaving safepoint region
[2023-12-02T16:16:38.289+0000][2669.361s][info ][safepoint     ] Total time for which application threads were stopped: 0.0023676 seconds, Stopping threads took: 0.0007788 seconds
[2023-12-02T16:16:39.290+0000][2670.362s][debug][safepoint     ] Safepoint synchronization initiated. (203 threads)
[2023-12-02T16:16:39.290+0000][2670.362s][info ][safepoint     ] Application time: 1.0009246 seconds
[2023-12-02T16:16:39.291+0000][2670.363s][debug][safepoint     ] Waiting for 1 thread(s) to block
[2023-12-02T16:16:39.292+0000][2670.364s][info ][safepoint     ] Entering safepoint region: Cleanup
[2023-12-02T16:16:39.293+0000][2670.364s][info ][safepoint     ] Leaving safepoint region
[2023-12-02T16:16:39.293+0000][2670.365s][info ][safepoint     ] Total time for which application threads were stopped: 0.0021345 seconds, Stopping threads took: 0.0014540 seconds
[2023-12-02T16:16:40.294+0000][2671.365s][debug][safepoint     ] Safepoint synchronization initiated. (203 threads)
[2023-12-02T16:16:40.294+0000][2671.366s][info ][safepoint     ] Application time: 1.0004404 seconds
[2023-12-02T16:16:40.294+0000][2671.366s][info ][safepoint     ] Entering safepoint region: Cleanup
[2023-12-02T16:16:40.295+0000][2671.366s][info ][safepoint     ] Leaving safepoint region
[2023-12-02T16:16:40.295+0000][2671.367s][info ][safepoint     ] Total time for which application threads were stopped: 0.0007854 seconds, Stopping threads took: 0.0003215 seconds
[2023-12-02T16:16:41.295+0000][2672.367s][debug][safepoint     ] Safepoint synchronization initiated. (203 threads)
[2023-12-02T16:16:41.296+0000][2672.368s][info ][safepoint     ] Application time: 1.0006051 seconds
[2023-12-02T16:16:41.296+0000][2672.368s][info ][safepoint     ] Entering safepoint region: Cleanup
[2023-12-02T16:16:41.297+0000][2672.369s][info ][safepoint     ] Leaving safepoint region
[2023-12-02T16:16:41.297+0000][2672.369s][info ][safepoint     ] Total time for which application threads were stopped: 0.0010383 seconds, Stopping threads took: 0.0004185 seconds
[2023-12-02T16:16:42.298+0000][2673.370s][debug][safepoint     ] Safepoint synchronization initiated. (203 threads)
[2023-12-02T16:16:42.298+0000][2673.370s][info ][safepoint     ] Application time: 1.0006308 seconds
[2023-12-02T16:16:42.299+0000][2673.370s][info ][safepoint     ] Entering safepoint region: Cleanup
[2023-12-02T16:16:42.299+0000][2673.371s][info ][safepoint     ] Leaving safepoint region
[2023-12-02T16:16:42.300+0000][2673.371s][info ][safepoint     ] Total time for which application threads were stopped: 0.0009241 seconds, Stopping threads took: 0.0003857 seconds
[2023-12-02T16:16:43.300+0000][2674.372s][debug][safepoint     ] Safepoint synchronization initiated. (203 threads)
[2023-12-02T16:16:43.301+0000][2674.373s][info ][safepoint     ] Application time: 1.0009736 seconds
[2023-12-02T16:16:43.302+0000][2674.373s][info ][safepoint     ] Entering safepoint region: Cleanup
[2023-12-02T16:16:43.302+0000][2674.374s][info ][safepoint     ] Leaving safepoint region
[2023-12-02T16:16:43.303+0000][2674.375s][info ][safepoint     ] Total time for which application threads were stopped: 0.0015471 seconds, Stopping threads took: 0.0005831 seconds
[2023-12-02T16:16:44.304+0000][2675.376s][debug][safepoint     ] Safepoint synchronization initiated. (203 threads)
[2023-12-02T16:16:44.305+0000][2675.376s][info ][safepoint     ] Application time: 1.0010147 seconds
[2023-12-02T16:16:44.305+0000][2675.377s][info ][safepoint     ] Entering safepoint region: Cleanup
[2023-12-02T16:16:44.306+0000][2675.378s][info ][safepoint     ] Leaving safepoint region
[2023-12-02T16:16:44.307+0000][2675.378s][info ][safepoint     ] Total time for which application threads were stopped: 0.0013670 seconds, Stopping threads took: 0.0007638 seconds
[2023-12-02T16:16:45.307+0000][2676.379s][debug][safepoint     ] Safepoint synchronization initiated. (203 threads)
[2023-12-02T16:16:45.308+0000][2676.380s][info ][safepoint     ] Application time: 1.0008613 seconds
[2023-12-02T16:16:45.308+0000][2676.380s][info ][safepoint     ] Entering safepoint region: Cleanup
[2023-12-02T16:16:45.309+0000][2676.381s][info ][safepoint     ] Leaving safepoint region
[2023-12-02T16:16:45.310+0000][2676.382s][info ][safepoint     ] Total time for which application threads were stopped: 0.0014309 seconds, Stopping threads took: 0.0004668 seconds
[2023-12-02T16:16:46.311+0000][2677.382s][debug][safepoint     ] Safepoint synchronization initiated. (203 threads)
[2023-12-02T16:16:46.312+0000][2677.383s][info ][safepoint     ] Application time: 1.0012054 seconds
[2023-12-02T16:16:46.312+0000][2677.384s][info ][safepoint     ] Entering safepoint region: Cleanup
[2023-12-02T16:16:46.314+0000][2677.385s][info ][safepoint     ] Leaving safepoint region
[2023-12-02T16:16:46.314+0000][2677.386s][info ][safepoint     ] Total time for which application threads were stopped: 0.0018942 seconds, Stopping threads took: 0.0007757 seconds
[2023-12-02T16:16:47.315+0000][2678.387s][debug][safepoint     ] Safepoint synchronization initiated. (203 threads)
[2023-12-02T16:16:47.316+0000][2678.388s][info ][safepoint     ] Application time: 1.0012543 seconds
[2023-12-02T16:16:47.317+0000][2678.389s][info ][safepoint     ] Entering safepoint region: Cleanup
[2023-12-02T16:16:47.318+0000][2678.390s][info ][safepoint     ] Leaving safepoint region
[2023-12-02T16:16:47.318+0000][2678.390s][info ][safepoint     ] Total time for which application threads were stopped: 0.0014505 seconds, Stopping threads took: 0.0006337 seconds
[2023-12-02T16:16:48.319+0000][2679.391s][debug][safepoint     ] Safepoint synchronization initiated. (203 threads)
[2023-12-02T16:16:48.320+0000][2679.391s][info ][safepoint     ] Application time: 1.0006155 seconds
[2023-12-02T16:16:48.320+0000][2679.392s][info ][safepoint     ] Entering safepoint region: Cleanup
[2023-12-02T16:16:48.320+0000][2679.392s][info ][safepoint     ] Leaving safepoint region
[2023-12-02T16:16:48.321+0000][2679.392s][info ][safepoint     ] Total time for which application threads were stopped: 0.0007798 seconds, Stopping threads took: 0.0002957 seconds
[2023-12-02T16:16:49.321+0000][2680.393s][debug][safepoint     ] Safepoint synchronization initiated. (203 threads)
[2023-12-02T16:16:49.322+0000][2680.393s][info ][safepoint     ] Application time: 1.0009122 seconds
[2023-12-02T16:16:49.322+0000][2680.394s][info ][safepoint     ] Entering safepoint region: Cleanup
[2023-12-02T16:16:49.323+0000][2680.395s][info ][safepoint     ] Leaving safepoint region
[2023-12-02T16:16:49.324+0000][2680.396s][info ][safepoint     ] Total time for which application threads were stopped: 0.0014946 seconds, Stopping threads took: 0.0006302 seconds
[2023-12-02T16:16:50.324+0000][2681.396s][debug][safepoint     ] Safepoint synchronization initiated. (203 threads)
[2023-12-02T16:16:50.325+0000][2681.397s][info ][safepoint     ] Application time: 1.0004456 seconds
[2023-12-02T16:16:50.325+0000][2681.397s][info ][safepoint     ] Entering safepoint region: Cleanup
[2023-12-02T16:16:50.326+0000][2681.397s][info ][safepoint     ] Leaving safepoint region
[2023-12-02T16:16:50.326+0000][2681.398s][info ][safepoint     ] Total time for which application threads were stopped: 0.0006589 seconds, Stopping threads took: 0.0002980 seconds
[2023-12-02T16:16:51.326+0000][2682.398s][debug][safepoint     ] Safepoint synchronization initiated. (203 threads)
[2023-12-02T16:16:51.327+0000][2682.399s][info ][safepoint     ] Application time: 1.0013489 seconds
[2023-12-02T16:16:51.328+0000][2682.400s][info ][safepoint     ] Entering safepoint region: Cleanup
[2023-12-02T16:16:51.329+0000][2682.401s][info ][safepoint     ] Leaving safepoint region
[2023-12-02T16:16:51.330+0000][2682.402s][info ][safepoint     ] Total time for which application threads were stopped: 0.0018948 seconds, Stopping threads took: 0.0007670 seconds
[2023-12-02T16:16:52.331+0000][2683.403s][debug][safepoint     ] Safepoint synchronization initiated. (203 threads)
[2023-12-02T16:16:52.331+0000][2683.403s][info ][safepoint     ] Application time: 1.0004009 seconds
[2023-12-02T16:16:52.331+0000][2683.403s][info ][safepoint     ] Entering safepoint region: Cleanup
[2023-12-02T16:16:52.332+0000][2683.403s][info ][safepoint     ] Leaving safepoint region
[2023-12-02T16:16:52.332+0000][2683.404s][info ][safepoint     ] Total time for which application threads were stopped: 0.0006489 seconds, Stopping threads took: 0.0002604 seconds
[2023-12-02T16:16:53.332+0000][2684.404s][debug][safepoint     ] Safepoint synchronization initiated. (203 threads)
[2023-12-02T16:16:53.333+0000][2684.405s][info ][safepoint     ] Application time: 1.0011858 seconds
[2023-12-02T16:16:53.334+0000][2684.406s][info ][safepoint     ] Entering safepoint region: Cleanup
[2023-12-02T16:16:53.335+0000][2684.407s][info ][safepoint     ] Leaving safepoint region
[2023-12-02T16:16:53.336+0000][2684.408s][info ][safepoint     ] Total time for which application threads were stopped: 0.0020558 seconds, Stopping threads took: 0.0008125 seconds
[2023-12-02T16:16:54.337+0000][2685.409s][debug][safepoint     ] Safepoint synchronization initiated. (204 threads)
[2023-12-02T16:16:54.338+0000][2685.410s][info ][safepoint     ] Application time: 1.0012407 seconds
[2023-12-02T16:16:54.339+0000][2685.411s][info ][safepoint     ] Entering safepoint region: Cleanup
[2023-12-02T16:16:54.340+0000][2685.412s][info ][safepoint     ] Leaving safepoint region
[2023-12-02T16:16:54.341+0000][2685.413s][info ][safepoint     ] Total time for which application threads were stopped: 0.0021330 seconds, Stopping threads took: 0.0008981 seconds
[2023-12-02T16:16:55.342+0000][2686.414s][debug][safepoint     ] Safepoint synchronization initiated. (204 threads)
[2023-12-02T16:16:55.342+0000][2686.414s][info ][safepoint     ] Application time: 1.0005659 seconds
[2023-12-02T16:16:55.343+0000][2686.414s][info ][safepoint     ] Entering safepoint region: Cleanup
[2023-12-02T16:16:55.343+0000][2686.415s][info ][safepoint     ] Leaving safepoint region
[2023-12-02T16:16:55.343+0000][2686.415s][info ][safepoint     ] Total time for which application threads were stopped: 0.0008231 seconds, Stopping threads took: 0.0003181 seconds
[2023-12-02T16:16:56.344+0000][2687.416s][debug][safepoint     ] Safepoint synchronization initiated. (204 threads)
[2023-12-02T16:16:56.345+0000][2687.416s][info ][safepoint     ] Application time: 1.0007938 seconds
[2023-12-02T16:16:56.345+0000][2687.417s][info ][safepoint     ] Entering safepoint region: Cleanup
[2023-12-02T16:16:56.345+0000][2687.417s][info ][safepoint     ] Leaving safepoint region
[2023-12-02T16:16:56.346+0000][2687.418s][info ][safepoint     ] Total time for which application threads were stopped: 0.0009732 seconds, Stopping threads took: 0.0003834 seconds
[2023-12-02T16:16:57.346+0000][2688.418s][debug][safepoint     ] Safepoint synchronization initiated. (204 threads)
[2023-12-02T16:16:57.347+0000][2688.419s][info ][safepoint     ] Application time: 1.0007140 seconds
[2023-12-02T16:16:57.347+0000][2688.419s][info ][safepoint     ] Entering safepoint region: Cleanup
[2023-12-02T16:16:57.348+0000][2688.420s][info ][safepoint     ] Leaving safepoint region
[2023-12-02T16:16:57.348+0000][2688.420s][info ][safepoint     ] Total time for which application threads were stopped: 0.0009211 seconds, Stopping threads took: 0.0004866 seconds
[2023-12-02T16:16:58.349+0000][2689.421s][debug][safepoint     ] Safepoint synchronization initiated. (204 threads)
[2023-12-02T16:16:58.350+0000][2689.421s][info ][safepoint     ] Application time: 1.0010897 seconds
[2023-12-02T16:16:58.350+0000][2689.422s][info ][safepoint     ] Entering safepoint region: Cleanup
[2023-12-02T16:16:58.351+0000][2689.423s][info ][safepoint     ] Leaving safepoint region
[2023-12-02T16:16:58.352+0000][2689.424s][info ][safepoint     ] Total time for which application threads were stopped: 0.0018208 seconds, Stopping threads took: 0.0008244 seconds
[2023-12-02T16:16:59.353+0000][2690.425s][debug][safepoint     ] Safepoint synchronization initiated. (204 threads)
[2023-12-02T16:16:59.354+0000][2690.426s][info ][safepoint     ] Application time: 1.0013665 seconds
[2023-12-02T16:16:59.355+0000][2690.426s][info ][safepoint     ] Entering safepoint region: Cleanup
[2023-12-02T16:16:59.356+0000][2690.428s][info ][safepoint     ] Leaving safepoint region
[2023-12-02T16:16:59.357+0000][2690.428s][info ][safepoint     ] Total time for which application threads were stopped: 0.0019037 seconds, Stopping threads took: 0.0008141 seconds
[2023-12-02T16:17:00.357+0000][2691.429s][debug][safepoint     ] Safepoint synchronization initiated. (204 threads)
[2023-12-02T16:17:00.358+0000][2691.430s][info ][safepoint     ] Application time: 1.0008727 seconds
[2023-12-02T16:17:00.359+0000][2691.431s][info ][safepoint     ] Entering safepoint region: Cleanup
[2023-12-02T16:17:00.360+0000][2691.431s][info ][safepoint     ] Leaving safepoint region
[2023-12-02T16:17:00.360+0000][2691.432s][info ][safepoint     ] Total time for which application threads were stopped: 0.0013450 seconds, Stopping threads took: 0.0005725 seconds
[2023-12-02T16:17:01.361+0000][2692.433s][debug][safepoint     ] Safepoint synchronization initiated. (204 threads)
[2023-12-02T16:17:01.361+0000][2692.433s][info ][safepoint     ] Application time: 1.0005110 seconds
[2023-12-02T16:17:01.362+0000][2692.433s][info ][safepoint     ] Entering safepoint region: Cleanup
[2023-12-02T16:17:01.362+0000][2692.434s][info ][safepoint     ] Leaving safepoint region
[2023-12-02T16:17:01.362+0000][2692.434s][info ][safepoint     ] Total time for which application threads were stopped: 0.0007530 seconds, Stopping threads took: 0.0002952 seconds
[2023-12-02T16:17:02.363+0000][2693.434s][debug][safepoint     ] Safepoint synchronization initiated. (204 threads)
[2023-12-02T16:17:02.363+0000][2693.435s][info ][safepoint     ] Application time: 1.0004804 seconds
[2023-12-02T16:17:02.363+0000][2693.435s][info ][safepoint     ] Entering safepoint region: Cleanup
[2023-12-02T16:17:02.364+0000][2693.435s][info ][safepoint     ] Leaving safepoint region
[2023-12-02T16:17:02.364+0000][2693.436s][info ][safepoint     ] Total time for which application threads were stopped: 0.0006834 seconds, Stopping threads took: 0.0002743 seconds
[2023-12-02T16:17:03.364+0000][2694.436s][debug][safepoint     ] Safepoint synchronization initiated. (204 threads)
[2023-12-02T16:17:03.365+0000][2694.436s][info ][safepoint     ] Application time: 1.0007461 seconds
[2023-12-02T16:17:03.365+0000][2694.437s][info ][safepoint     ] Entering safepoint region: Cleanup
[2023-12-02T16:17:03.366+0000][2694.438s][info ][safepoint     ] Leaving safepoint region
[2023-12-02T16:17:03.366+0000][2694.438s][info ][safepoint     ] Total time for which application threads were stopped: 0.0009954 seconds, Stopping threads took: 0.0004095 seconds
[2023-12-02T16:17:04.367+0000][2695.438s][debug][safepoint     ] Safepoint synchronization initiated. (204 threads)
[2023-12-02T16:17:04.368+0000][2695.439s][info ][safepoint     ] Application time: 1.0010478 seconds
[2023-12-02T16:17:04.369+0000][2695.440s][info ][safepoint     ] Entering safepoint region: Cleanup
[2023-12-02T16:17:04.369+0000][2695.441s][info ][safepoint     ] Leaving safepoint region
[2023-12-02T16:17:04.370+0000][2695.442s][info ][safepoint     ] Total time for which application threads were stopped: 0.0017399 seconds, Stopping threads took: 0.0006021 seconds
[2023-12-02T16:17:05.371+0000][2696.443s][debug][safepoint     ] Safepoint synchronization initiated. (204 threads)
[2023-12-02T16:17:05.372+0000][2696.444s][info ][safepoint     ] Application time: 1.0012052 seconds
[2023-12-02T16:17:05.373+0000][2696.444s][info ][safepoint     ] Entering safepoint region: Cleanup
[2023-12-02T16:17:05.374+0000][2696.445s][info ][safepoint     ] Leaving safepoint region
[2023-12-02T16:17:05.374+0000][2696.446s][info ][safepoint     ] Total time for which application threads were stopped: 0.0015357 seconds, Stopping threads took: 0.0006241 seconds
[2023-12-02T16:17:06.375+0000][2697.447s][debug][safepoint     ] Safepoint synchronization initiated. (204 threads)
[2023-12-02T16:17:06.376+0000][2697.448s][info ][safepoint     ] Application time: 1.0011964 seconds
[2023-12-02T16:17:06.377+0000][2697.449s][info ][safepoint     ] Entering safepoint region: Cleanup
[2023-12-02T16:17:06.378+0000][2697.450s][info ][safepoint     ] Leaving safepoint region
[2023-12-02T16:17:06.378+0000][2697.450s][info ][safepoint     ] Total time for which application threads were stopped: 0.0015700 seconds, Stopping threads took: 0.0006968 seconds
[2023-12-02T16:17:07.379+0000][2698.451s][debug][safepoint     ] Safepoint synchronization initiated. (204 threads)
[2023-12-02T16:17:07.379+0000][2698.451s][info ][safepoint     ] Application time: 1.0007162 seconds
[2023-12-02T16:17:07.380+0000][2698.452s][info ][safepoint     ] Entering safepoint region: Cleanup
[2023-12-02T16:17:07.380+0000][2698.452s][info ][safepoint     ] Leaving safepoint region
[2023-12-02T16:17:07.381+0000][2698.453s][info ][safepoint     ] Total time for which application threads were stopped: 0.0009749 seconds, Stopping threads took: 0.0003943 seconds
[2023-12-02T16:17:08.381+0000][2699.453s][debug][safepoint     ] Safepoint synchronization initiated. (204 threads)
[2023-12-02T16:17:08.382+0000][2699.454s][info ][safepoint     ] Application time: 1.0011654 seconds
[2023-12-02T16:17:08.383+0000][2699.455s][info ][safepoint     ] Entering safepoint region: Cleanup
[2023-12-02T16:17:08.384+0000][2699.456s][info ][safepoint     ] Leaving safepoint region
[2023-12-02T16:17:08.385+0000][2699.456s][info ][safepoint     ] Total time for which application threads were stopped: 0.0015074 seconds, Stopping threads took: 0.0007151 seconds
[2023-12-02T16:17:09.385+0000][2700.457s][debug][safepoint     ] Safepoint synchronization initiated. (204 threads)
[2023-12-02T16:17:09.386+0000][2700.458s][info ][safepoint     ] Application time: 1.0009422 seconds
[2023-12-02T16:17:09.387+0000][2700.458s][info ][safepoint     ] Entering safepoint region: Cleanup
[2023-12-02T16:17:09.388+0000][2700.460s][info ][safepoint     ] Leaving safepoint region
[2023-12-02T16:17:09.388+0000][2700.460s][info ][safepoint     ] Total time for which application threads were stopped: 0.0018248 seconds, Stopping threads took: 0.0006671 seconds
[2023-12-02T16:17:10.389+0000][2701.461s][debug][safepoint     ] Safepoint synchronization initiated. (204 threads)
[2023-12-02T16:17:10.390+0000][2701.461s][info ][safepoint     ] Application time: 1.0006984 seconds
[2023-12-02T16:17:10.390+0000][2701.462s][info ][safepoint     ] Entering safepoint region: Cleanup
[2023-12-02T16:17:10.391+0000][2701.463s][info ][safepoint     ] Leaving safepoint region
[2023-12-02T16:17:10.391+0000][2701.463s][info ][safepoint     ] Total time for which application threads were stopped: 0.0011163 seconds, Stopping threads took: 0.0005535 seconds
[2023-12-02T16:17:11.392+0000][2702.464s][debug][safepoint     ] Safepoint synchronization initiated. (204 threads)
[2023-12-02T16:17:11.392+0000][2702.464s][info ][safepoint     ] Application time: 1.0004645 seconds
[2023-12-02T16:17:11.392+0000][2702.464s][info ][safepoint     ] Entering safepoint region: Cleanup
[2023-12-02T16:17:11.393+0000][2702.465s][info ][safepoint     ] Leaving safepoint region
[2023-12-02T16:17:11.393+0000][2702.465s][info ][safepoint     ] Total time for which application threads were stopped: 0.0007087 seconds, Stopping threads took: 0.0003025 seconds
[2023-12-02T16:17:12.394+0000][2703.465s][debug][safepoint     ] Safepoint synchronization initiated. (204 threads)
[2023-12-02T16:17:12.394+0000][2703.466s][info ][safepoint     ] Application time: 1.0009899 seconds
[2023-12-02T16:17:12.395+0000][2703.467s][info ][safepoint     ] Entering safepoint region: Cleanup
[2023-12-02T16:17:12.396+0000][2703.468s][info ][safepoint     ] Leaving safepoint region
[2023-12-02T16:17:12.397+0000][2703.469s][info ][safepoint     ] Total time for which application threads were stopped: 0.0017893 seconds, Stopping threads took: 0.0007812 seconds
[2023-12-02T16:17:13.398+0000][2704.470s][debug][safepoint     ] Safepoint synchronization initiated. (204 threads)
[2023-12-02T16:17:13.399+0000][2704.470s][info ][safepoint     ] Application time: 1.0010230 seconds
[2023-12-02T16:17:13.399+0000][2704.471s][info ][safepoint     ] Entering safepoint region: Cleanup
[2023-12-02T16:17:13.400+0000][2704.472s][info ][safepoint     ] Leaving safepoint region
[2023-12-02T16:17:13.401+0000][2704.473s][info ][safepoint     ] Total time for which application threads were stopped: 0.0016196 seconds, Stopping threads took: 0.0006692 seconds
[2023-12-02T16:17:14.401+0000][2705.473s][debug][safepoint     ] Safepoint synchronization initiated. (204 threads)
[2023-12-02T16:17:14.403+0000][2705.475s][info ][safepoint     ] Application time: 1.0014183 seconds
[2023-12-02T16:17:14.403+0000][2705.475s][info ][safepoint     ] Entering safepoint region: Cleanup
[2023-12-02T16:17:14.404+0000][2705.476s][info ][safepoint     ] Leaving safepoint region
[2023-12-02T16:17:14.404+0000][2705.476s][info ][safepoint     ] Total time for which application threads were stopped: 0.0008822 seconds, Stopping threads took: 0.0003634 seconds
[2023-12-02T16:17:15.405+0000][2706.477s][debug][safepoint     ] Safepoint synchronization initiated. (204 threads)
[2023-12-02T16:17:15.406+0000][2706.477s][info ][safepoint     ] Application time: 1.0012034 seconds
[2023-12-02T16:17:15.407+0000][2706.478s][info ][safepoint     ] Entering safepoint region: Cleanup
[2023-12-02T16:17:15.408+0000][2706.480s][info ][safepoint     ] Leaving safepoint region
[2023-12-02T16:17:15.408+0000][2706.480s][info ][safepoint     ] Total time for which application threads were stopped: 0.0018847 seconds, Stopping threads took: 0.0007942 seconds
[2023-12-02T16:17:16.409+0000][2707.481s][debug][safepoint     ] Safepoint synchronization initiated. (204 threads)
[2023-12-02T16:17:16.410+0000][2707.482s][info ][safepoint     ] Application time: 1.0007694 seconds
[2023-12-02T16:17:16.410+0000][2707.482s][info ][safepoint     ] Entering safepoint region: Cleanup
[2023-12-02T16:17:16.411+0000][2707.482s][info ][safepoint     ] Leaving safepoint region
[2023-12-02T16:17:16.411+0000][2707.483s][info ][safepoint     ] Total time for which application threads were stopped: 0.0009079 seconds, Stopping threads took: 0.0003342 seconds
[2023-12-02T16:17:17.412+0000][2708.483s][debug][safepoint     ] Safepoint synchronization initiated. (204 threads)
[2023-12-02T16:17:17.412+0000][2708.484s][info ][safepoint     ] Application time: 1.0008804 seconds
[2023-12-02T16:17:17.413+0000][2708.485s][info ][safepoint     ] Entering safepoint region: Cleanup
[2023-12-02T16:17:17.413+0000][2708.485s][info ][safepoint     ] Leaving safepoint region
[2023-12-02T16:17:17.414+0000][2708.486s][info ][safepoint     ] Total time for which application threads were stopped: 0.0010463 seconds, Stopping threads took: 0.0004651 seconds
[2023-12-02T16:17:18.414+0000][2709.486s][debug][safepoint     ] Safepoint synchronization initiated. (204 threads)
[2023-12-02T16:17:18.415+0000][2709.487s][info ][safepoint     ] Application time: 1.0005574 seconds
[2023-12-02T16:17:18.415+0000][2709.487s][info ][safepoint     ] Entering safepoint region: Cleanup
[2023-12-02T16:17:18.416+0000][2709.488s][info ][safepoint     ] Leaving safepoint region
[2023-12-02T16:17:18.416+0000][2709.488s][info ][safepoint     ] Total time for which application threads were stopped: 0.0009211 seconds, Stopping threads took: 0.0004961 seconds
[2023-12-02T16:17:19.417+0000][2710.488s][debug][safepoint     ] Safepoint synchronization initiated. (204 threads)
[2023-12-02T16:17:19.417+0000][2710.489s][info ][safepoint     ] Application time: 1.0009945 seconds
[2023-12-02T16:17:19.418+0000][2710.490s][info ][safepoint     ] Entering safepoint region: Cleanup
[2023-12-02T16:17:19.419+0000][2710.491s][info ][safepoint     ] Leaving safepoint region
[2023-12-02T16:17:19.419+0000][2710.491s][info ][safepoint     ] Total time for which application threads were stopped: 0.0013802 seconds, Stopping threads took: 0.0005781 seconds
[2023-12-02T16:17:20.420+0000][2711.492s][debug][safepoint     ] Safepoint synchronization initiated. (204 threads)
[2023-12-02T16:17:20.420+0000][2711.492s][info ][safepoint     ] Application time: 1.0004489 seconds
[2023-12-02T16:17:20.421+0000][2711.492s][info ][safepoint     ] Entering safepoint region: Cleanup
[2023-12-02T16:17:20.421+0000][2711.493s][info ][safepoint     ] Leaving safepoint region
[2023-12-02T16:17:20.421+0000][2711.493s][info ][safepoint     ] Total time for which application threads were stopped: 0.0007057 seconds, Stopping threads took: 0.0003331 seconds
[2023-12-02T16:17:21.422+0000][2712.493s][debug][safepoint     ] Safepoint synchronization initiated. (204 threads)
[2023-12-02T16:17:21.422+0000][2712.494s][info ][safepoint     ] Application time: 1.0005442 seconds
[2023-12-02T16:17:21.423+0000][2712.494s][info ][safepoint     ] Entering safepoint region: Cleanup
[2023-12-02T16:17:21.423+0000][2712.495s][info ][safepoint     ] Leaving safepoint region
[2023-12-02T16:17:21.424+0000][2712.495s][info ][safepoint     ] Total time for which application threads were stopped: 0.0012052 seconds, Stopping threads took: 0.0004557 seconds
[2023-12-02T16:17:22.424+0000][2713.496s][debug][safepoint     ] Safepoint synchronization initiated. (204 threads)
[2023-12-02T16:17:22.425+0000][2713.497s][info ][safepoint     ] Application time: 1.0013086 seconds
[2023-12-02T16:17:22.426+0000][2713.498s][info ][safepoint     ] Entering safepoint region: Cleanup
[2023-12-02T16:17:22.428+0000][2713.500s][info ][safepoint     ] Leaving safepoint region
[2023-12-02T16:17:22.429+0000][2713.501s][info ][safepoint     ] Total time for which application threads were stopped: 0.0023624 seconds, Stopping threads took: 0.0009121 seconds
[2023-12-02T16:17:23.430+0000][2714.502s][debug][safepoint     ] Safepoint synchronization initiated. (204 threads)
[2023-12-02T16:17:23.431+0000][2714.502s][info ][safepoint     ] Application time: 1.0012240 seconds
[2023-12-02T16:17:23.432+0000][2714.503s][info ][safepoint     ] Entering safepoint region: Cleanup
[2023-12-02T16:17:23.433+0000][2714.504s][info ][safepoint     ] Leaving safepoint region
[2023-12-02T16:17:23.433+0000][2714.505s][info ][safepoint     ] Total time for which application threads were stopped: 0.0017707 seconds, Stopping threads took: 0.0007760 seconds
[2023-12-02T16:17:24.434+0000][2715.506s][debug][safepoint     ] Safepoint synchronization initiated. (204 threads)
[2023-12-02T16:17:24.435+0000][2715.506s][info ][safepoint     ] Application time: 1.0006118 seconds
[2023-12-02T16:17:24.435+0000][2715.507s][info ][safepoint     ] Entering safepoint region: Cleanup
[2023-12-02T16:17:24.435+0000][2715.507s][info ][safepoint     ] Leaving safepoint region
[2023-12-02T16:17:24.436+0000][2715.507s][info ][safepoint     ] Total time for which application threads were stopped: 0.0006539 seconds, Stopping threads took: 0.0002357 seconds
[2023-12-02T16:17:25.436+0000][2716.508s][debug][safepoint     ] Safepoint synchronization initiated. (204 threads)
[2023-12-02T16:17:25.437+0000][2716.508s][info ][safepoint     ] Application time: 1.0006732 seconds
[2023-12-02T16:17:25.437+0000][2716.509s][info ][safepoint     ] Entering safepoint region: Cleanup
[2023-12-02T16:17:25.437+0000][2716.509s][info ][safepoint     ] Leaving safepoint region
[2023-12-02T16:17:25.438+0000][2716.509s][info ][safepoint     ] Total time for which application threads were stopped: 0.0008226 seconds, Stopping threads took: 0.0003626 seconds
[2023-12-02T16:17:26.438+0000][2717.510s][debug][safepoint     ] Safepoint synchronization initiated. (204 threads)
[2023-12-02T16:17:26.439+0000][2717.511s][info ][safepoint     ] Application time: 1.0012136 seconds
[2023-12-02T16:17:26.440+0000][2717.512s][info ][safepoint     ] Entering safepoint region: Cleanup
[2023-12-02T16:17:26.441+0000][2717.513s][info ][safepoint     ] Leaving safepoint region
[2023-12-02T16:17:26.442+0000][2717.513s][info ][safepoint     ] Total time for which application threads were stopped: 0.0015705 seconds, Stopping threads took: 0.0007156 seconds
[2023-12-02T16:17:26.441+0000][2717.513s][debug][safepoint     ] ... found polling page return exception at pc = 0x00007f43fc9de0c4, stub =0x00007f43f4840600
[2023-12-02T16:17:26.441+0000][2717.513s][debug][safepoint     ] ... found polling page return exception at pc = 0x00007f43fc9de0c4, stub =0x00007f43f4840600
[2023-12-02T16:17:26.441+0000][2717.513s][debug][safepoint     ] ... found polling page return exception at pc = 0x00007f43fc9de0c4, stub =0x00007f43f4840600
[2023-12-02T16:17:26.441+0000][2717.513s][debug][safepoint     ] ... found polling page return exception at pc = 0x00007f43fc9de0c4, stub =0x00007f43f4840600
[2023-12-02T16:17:27.443+0000][2718.514s][debug][safepoint     ] Safepoint synchronization initiated. (204 threads)
[2023-12-02T16:17:27.443+0000][2718.515s][info ][safepoint     ] Application time: 1.0011030 seconds
[2023-12-02T16:17:27.444+0000][2718.516s][info ][safepoint     ] Entering safepoint region: Cleanup
[2023-12-02T16:17:27.445+0000][2718.517s][info ][safepoint     ] Leaving safepoint region
[2023-12-02T16:17:27.445+0000][2718.517s][info ][safepoint     ] Total time for which application threads were stopped: 0.0013951 seconds, Stopping threads took: 0.0006160 seconds
[2023-12-02T16:17:28.446+0000][2719.518s][debug][safepoint     ] Safepoint synchronization initiated. (204 threads)
[2023-12-02T16:17:28.447+0000][2719.519s][info ][safepoint     ] Application time: 1.0010835 seconds
[2023-12-02T16:17:28.448+0000][2719.519s][info ][safepoint     ] Entering safepoint region: Cleanup
[2023-12-02T16:17:28.448+0000][2719.520s][info ][safepoint     ] Leaving safepoint region
[2023-12-02T16:17:28.449+0000][2719.521s][info ][safepoint     ] Total time for which application threads were stopped: 0.0013500 seconds, Stopping threads took: 0.0005953 seconds
[2023-12-02T16:17:29.450+0000][2720.521s][debug][safepoint     ] Safepoint synchronization initiated. (204 threads)
[2023-12-02T16:17:29.450+0000][2720.522s][info ][safepoint     ] Application time: 1.0004340 seconds
[2023-12-02T16:17:29.450+0000][2720.522s][info ][safepoint     ] Entering safepoint region: Cleanup
[2023-12-02T16:17:29.451+0000][2720.522s][info ][safepoint     ] Leaving safepoint region
[2023-12-02T16:17:29.451+0000][2720.522s][info ][safepoint     ] Total time for which application threads were stopped: 0.0005757 seconds, Stopping threads took: 0.0002135 seconds
[2023-12-02T16:17:30.451+0000][2721.523s][debug][safepoint     ] Safepoint synchronization initiated. (204 threads)
[2023-12-02T16:17:30.451+0000][2721.523s][info ][safepoint     ] Application time: 1.0004027 seconds
[2023-12-02T16:17:30.452+0000][2721.523s][info ][safepoint     ] Entering safepoint region: Cleanup
[2023-12-02T16:17:30.452+0000][2721.524s][info ][safepoint     ] Leaving safepoint region
[2023-12-02T16:17:30.452+0000][2721.524s][info ][safepoint     ] Total time for which application threads were stopped: 0.0006024 seconds, Stopping threads took: 0.0002364 seconds
[2023-12-02T16:17:31.453+0000][2722.524s][debug][safepoint     ] Safepoint synchronization initiated. (204 threads)
[2023-12-02T16:17:31.453+0000][2722.524s][info ][safepoint     ] Application time: 1.0004348 seconds
[2023-12-02T16:17:31.453+0000][2722.525s][info ][safepoint     ] Entering safepoint region: Cleanup
[2023-12-02T16:17:31.454+0000][2722.525s][info ][safepoint     ] Leaving safepoint region
[2023-12-02T16:17:31.454+0000][2722.525s][info ][safepoint     ] Total time for which application threads were stopped: 0.0006754 seconds, Stopping threads took: 0.0002796 seconds
[2023-12-02T16:17:32.454+0000][2723.526s][debug][safepoint     ] Safepoint synchronization initiated. (204 threads)
[2023-12-02T16:17:32.454+0000][2723.526s][info ][safepoint     ] Application time: 1.0006198 seconds
[2023-12-02T16:17:32.455+0000][2723.527s][info ][safepoint     ] Entering safepoint region: Cleanup
[2023-12-02T16:17:32.455+0000][2723.527s][info ][safepoint     ] Leaving safepoint region
[2023-12-02T16:17:32.456+0000][2723.527s][info ][safepoint     ] Total time for which application threads were stopped: 0.0007540 seconds, Stopping threads took: 0.0002873 seconds
[2023-12-02T16:17:33.456+0000][2724.528s][debug][safepoint     ] Safepoint synchronization initiated. (204 threads)
[2023-12-02T16:17:33.456+0000][2724.528s][info ][safepoint     ] Application time: 1.0004468 seconds
[2023-12-02T16:17:33.457+0000][2724.528s][info ][safepoint     ] Entering safepoint region: Cleanup
[2023-12-02T16:17:33.457+0000][2724.529s][info ][safepoint     ] Leaving safepoint region
[2023-12-02T16:17:33.457+0000][2724.529s][info ][safepoint     ] Total time for which application threads were stopped: 0.0009158 seconds, Stopping threads took: 0.0003850 seconds
[2023-12-02T16:17:34.458+0000][2725.529s][debug][safepoint     ] Safepoint synchronization initiated. (204 threads)
[2023-12-02T16:17:34.459+0000][2725.530s][info ][safepoint     ] Application time: 1.0011074 seconds
[2023-12-02T16:17:34.460+0000][2725.532s][info ][safepoint     ] Entering safepoint region: Cleanup
[2023-12-02T16:17:34.461+0000][2725.533s][info ][safepoint     ] Leaving safepoint region
[2023-12-02T16:17:34.462+0000][2725.534s][info ][safepoint     ] Total time for which application threads were stopped: 0.0021652 seconds, Stopping threads took: 0.0012386 seconds
[2023-12-02T16:17:35.463+0000][2726.535s][debug][safepoint     ] Safepoint synchronization initiated. (204 threads)
[2023-12-02T16:17:35.464+0000][2726.536s][info ][safepoint     ] Application time: 1.0014635 seconds
[2023-12-02T16:17:35.465+0000][2726.537s][info ][safepoint     ] Entering safepoint region: Cleanup
[2023-12-02T16:17:35.466+0000][2726.538s][info ][safepoint     ] Leaving safepoint region
[2023-12-02T16:17:35.467+0000][2726.538s][info ][safepoint     ] Total time for which application threads were stopped: 0.0019573 seconds, Stopping threads took: 0.0013793 seconds
[2023-12-02T16:17:36.467+0000][2727.539s][debug][safepoint     ] Safepoint synchronization initiated. (204 threads)
[2023-12-02T16:17:36.468+0000][2727.539s][info ][safepoint     ] Application time: 1.0005706 seconds
[2023-12-02T16:17:36.468+0000][2727.540s][info ][safepoint     ] Entering safepoint region: Cleanup
[2023-12-02T16:17:36.469+0000][2727.540s][info ][safepoint     ] Leaving safepoint region
[2023-12-02T16:17:36.469+0000][2727.541s][info ][safepoint     ] Total time for which application threads were stopped: 0.0009328 seconds, Stopping threads took: 0.0004906 seconds
[2023-12-02T16:17:37.470+0000][2728.542s][debug][safepoint     ] Safepoint synchronization initiated. (204 threads)
[2023-12-02T16:17:37.471+0000][2728.542s][info ][safepoint     ] Application time: 1.0015012 seconds
[2023-12-02T16:17:37.471+0000][2728.543s][info ][safepoint     ] Entering safepoint region: Cleanup
[2023-12-02T16:17:37.472+0000][2728.543s][info ][safepoint     ] Leaving safepoint region
[2023-12-02T16:17:37.472+0000][2728.544s][info ][safepoint     ] Total time for which application threads were stopped: 0.0008152 seconds, Stopping threads took: 0.0003723 seconds
[2023-12-02T16:17:38.472+0000][2729.544s][debug][safepoint     ] Safepoint synchronization initiated. (204 threads)
[2023-12-02T16:17:38.473+0000][2729.544s][info ][safepoint     ] Application time: 1.0004010 seconds
[2023-12-02T16:17:38.473+0000][2729.545s][info ][safepoint     ] Entering safepoint region: Cleanup
[2023-12-02T16:17:38.473+0000][2729.545s][info ][safepoint     ] Leaving safepoint region
[2023-12-02T16:17:38.473+0000][2729.545s][info ][safepoint     ] Total time for which application threads were stopped: 0.0005836 seconds, Stopping threads took: 0.0002144 seconds
[2023-12-02T16:17:39.474+0000][2730.545s][debug][safepoint     ] Safepoint synchronization initiated. (204 threads)
[2023-12-02T16:17:39.474+0000][2730.546s][info ][safepoint     ] Application time: 1.0005684 seconds
[2023-12-02T16:17:39.475+0000][2730.546s][info ][safepoint     ] Entering safepoint region: Cleanup
[2023-12-02T16:17:39.475+0000][2730.547s][info ][safepoint     ] Leaving safepoint region
[2023-12-02T16:17:39.475+0000][2730.547s][info ][safepoint     ] Total time for which application threads were stopped: 0.0008356 seconds, Stopping threads took: 0.0003713 seconds
[2023-12-02T16:17:40.476+0000][2731.547s][debug][safepoint     ] Safepoint synchronization initiated. (204 threads)
[2023-12-02T16:17:40.476+0000][2731.548s][info ][safepoint     ] Application time: 1.0004778 seconds
[2023-12-02T16:17:40.477+0000][2731.548s][info ][safepoint     ] Entering safepoint region: Cleanup
[2023-12-02T16:17:40.477+0000][2731.549s][info ][safepoint     ] Leaving safepoint region
[2023-12-02T16:17:40.478+0000][2731.550s][info ][safepoint     ] Total time for which application threads were stopped: 0.0015303 seconds, Stopping threads took: 0.0007243 seconds
[2023-12-02T16:17:41.479+0000][2732.551s][debug][safepoint     ] Safepoint synchronization initiated. (204 threads)
[2023-12-02T16:17:41.480+0000][2732.551s][info ][safepoint     ] Application time: 1.0008607 seconds
[2023-12-02T16:17:41.480+0000][2732.552s][info ][safepoint     ] Entering safepoint region: Cleanup
[2023-12-02T16:17:41.481+0000][2732.552s][info ][safepoint     ] Leaving safepoint region
[2023-12-02T16:17:41.481+0000][2732.552s][info ][safepoint     ] Total time for which application threads were stopped: 0.0009906 seconds, Stopping threads took: 0.0003209 seconds
[2023-12-02T16:17:42.481+0000][2733.553s][debug][safepoint     ] Safepoint synchronization initiated. (204 threads)
[2023-12-02T16:17:42.482+0000][2733.554s][info ][safepoint     ] Application time: 1.0008242 seconds
[2023-12-02T16:17:42.483+0000][2733.554s][info ][safepoint     ] Entering safepoint region: Cleanup
[2023-12-02T16:17:42.484+0000][2733.556s][info ][safepoint     ] Leaving safepoint region
[2023-12-02T16:17:42.485+0000][2733.556s][info ][safepoint     ] Total time for which application threads were stopped: 0.0021066 seconds, Stopping threads took: 0.0010443 seconds
[2023-12-02T16:17:42.484+0000][2733.556s][debug][safepoint     ] ... found polling page return exception at pc = 0x00007f43fc9de0c4, stub =0x00007f43f4840600
[2023-12-02T16:17:43.485+0000][2734.557s][debug][safepoint     ] Safepoint synchronization initiated. (204 threads)
[2023-12-02T16:17:43.486+0000][2734.557s][info ][safepoint     ] Application time: 1.0008706 seconds
[2023-12-02T16:17:43.486+0000][2734.558s][info ][safepoint     ] Entering safepoint region: Cleanup
[2023-12-02T16:17:43.487+0000][2734.559s][info ][safepoint     ] Leaving safepoint region
[2023-12-02T16:17:43.487+0000][2734.559s][info ][safepoint     ] Total time for which application threads were stopped: 0.0009160 seconds, Stopping threads took: 0.0003573 seconds
[2023-12-02T16:17:44.488+0000][2735.559s][debug][safepoint     ] Safepoint synchronization initiated. (204 threads)
[2023-12-02T16:17:44.488+0000][2735.560s][info ][safepoint     ] Application time: 1.0006118 seconds
[2023-12-02T16:17:44.488+0000][2735.560s][info ][safepoint     ] Entering safepoint region: Cleanup
[2023-12-02T16:17:44.489+0000][2735.561s][info ][safepoint     ] Leaving safepoint region
[2023-12-02T16:17:44.489+0000][2735.561s][info ][safepoint     ] Total time for which application threads were stopped: 0.0009664 seconds, Stopping threads took: 0.0003499 seconds
[2023-12-02T16:17:45.490+0000][2736.562s][debug][safepoint     ] Safepoint synchronization initiated. (204 threads)
[2023-12-02T16:17:45.490+0000][2736.562s][info ][safepoint     ] Application time: 1.0006952 seconds
[2023-12-02T16:17:45.491+0000][2736.563s][info ][safepoint     ] Entering safepoint region: Cleanup
[2023-12-02T16:17:45.491+0000][2736.563s][info ][safepoint     ] Leaving safepoint region
[2023-12-02T16:17:45.492+0000][2736.563s][info ][safepoint     ] Total time for which application threads were stopped: 0.0009470 seconds, Stopping threads took: 0.0003440 seconds
[2023-12-02T16:17:46.492+0000][2737.564s][debug][safepoint     ] Safepoint synchronization initiated. (204 threads)
[2023-12-02T16:17:46.493+0000][2737.564s][info ][safepoint     ] Application time: 1.0005663 seconds
[2023-12-02T16:17:46.493+0000][2737.565s][info ][safepoint     ] Entering safepoint region: Cleanup
[2023-12-02T16:17:46.494+0000][2737.565s][info ][safepoint     ] Leaving safepoint region
[2023-12-02T16:17:46.494+0000][2737.566s][info ][safepoint     ] Total time for which application threads were stopped: 0.0011315 seconds, Stopping threads took: 0.0004631 seconds
[2023-12-02T16:17:47.495+0000][2738.566s][debug][safepoint     ] Safepoint synchronization initiated. (204 threads)
[2023-12-02T16:17:47.495+0000][2738.567s][info ][safepoint     ] Application time: 1.0006163 seconds
[2023-12-02T16:17:47.496+0000][2738.567s][info ][safepoint     ] Entering safepoint region: Cleanup
[2023-12-02T16:17:47.496+0000][2738.568s][info ][safepoint     ] Leaving safepoint region
[2023-12-02T16:17:47.497+0000][2738.568s][info ][safepoint     ] Total time for which application threads were stopped: 0.0009941 seconds, Stopping threads took: 0.0003264 seconds
[2023-12-02T16:17:48.497+0000][2739.569s][debug][safepoint     ] Safepoint synchronization initiated. (204 threads)
[2023-12-02T16:17:48.497+0000][2739.569s][info ][safepoint     ] Application time: 1.0005753 seconds
[2023-12-02T16:17:48.498+0000][2739.570s][info ][safepoint     ] Entering safepoint region: Cleanup
[2023-12-02T16:17:48.498+0000][2739.570s][info ][safepoint     ] Leaving safepoint region
[2023-12-02T16:17:48.499+0000][2739.570s][info ][safepoint     ] Total time for which application threads were stopped: 0.0009744 seconds, Stopping threads took: 0.0003822 seconds
[2023-12-02T16:17:49.499+0000][2740.571s][debug][safepoint     ] Safepoint synchronization initiated. (204 threads)
[2023-12-02T16:17:49.500+0000][2740.571s][info ][safepoint     ] Application time: 1.0006858 seconds
[2023-12-02T16:17:49.500+0000][2740.572s][info ][safepoint     ] Entering safepoint region: Cleanup
[2023-12-02T16:17:49.501+0000][2740.572s][info ][safepoint     ] Leaving safepoint region
[2023-12-02T16:17:49.501+0000][2740.573s][info ][safepoint     ] Total time for which application threads were stopped: 0.0008337 seconds, Stopping threads took: 0.0003179 seconds
[2023-12-02T16:17:50.501+0000][2741.573s][debug][safepoint     ] Safepoint synchronization initiated. (204 threads)
[2023-12-02T16:17:50.502+0000][2741.573s][info ][safepoint     ] Application time: 1.0006679 seconds
[2023-12-02T16:17:50.502+0000][2741.574s][info ][safepoint     ] Entering safepoint region: Cleanup
[2023-12-02T16:17:50.503+0000][2741.574s][info ][safepoint     ] Leaving safepoint region
[2023-12-02T16:17:50.503+0000][2741.575s][info ][safepoint     ] Total time for which application threads were stopped: 0.0008963 seconds, Stopping threads took: 0.0004007 seconds
[2023-12-02T16:17:51.503+0000][2742.575s][debug][safepoint     ] Safepoint synchronization initiated. (204 threads)
[2023-12-02T16:17:51.504+0000][2742.575s][info ][safepoint     ] Application time: 1.0004098 seconds
[2023-12-02T16:17:51.504+0000][2742.576s][info ][safepoint     ] Entering safepoint region: Cleanup
[2023-12-02T16:17:51.504+0000][2742.576s][info ][safepoint     ] Leaving safepoint region
[2023-12-02T16:17:51.504+0000][2742.576s][info ][safepoint     ] Total time for which application threads were stopped: 0.0005446 seconds, Stopping threads took: 0.0002120 seconds
[2023-12-02T16:17:52.505+0000][2743.576s][debug][safepoint     ] Safepoint synchronization initiated. (204 threads)
[2023-12-02T16:17:52.505+0000][2743.577s][info ][safepoint     ] Application time: 1.0008292 seconds
[2023-12-02T16:17:52.506+0000][2743.578s][info ][safepoint     ] Entering safepoint region: Cleanup
[2023-12-02T16:17:52.507+0000][2743.578s][info ][safepoint     ] Leaving safepoint region
[2023-12-02T16:17:52.507+0000][2743.579s][info ][safepoint     ] Total time for which application threads were stopped: 0.0010324 seconds, Stopping threads took: 0.0004411 seconds
[2023-12-02T16:17:53.506+0000][2744.579s][debug][safepoint     ] Safepoint synchronization initiated. (204 threads)
[2023-12-02T16:17:53.507+0000][2744.579s][info ][safepoint     ] Application time: 1.0004241 seconds
[2023-12-02T16:17:53.507+0000][2744.580s][info ][safepoint     ] Entering safepoint region: Cleanup
[2023-12-02T16:17:53.507+0000][2744.580s][info ][safepoint     ] Leaving safepoint region
[2023-12-02T16:17:53.508+0000][2744.580s][info ][safepoint     ] Total time for which application threads were stopped: 0.0006823 seconds, Stopping threads took: 0.0002585 seconds
[2023-12-02T16:17:54.508+0000][2745.581s][debug][safepoint     ] Safepoint synchronization initiated. (204 threads)
[2023-12-02T16:17:54.508+0000][2745.581s][info ][safepoint     ] Application time: 1.0004489 seconds
[2023-12-02T16:17:54.509+0000][2745.581s][info ][safepoint     ] Entering safepoint region: Cleanup
[2023-12-02T16:17:54.509+0000][2745.582s][info ][safepoint     ] Leaving safepoint region
[2023-12-02T16:17:54.509+0000][2745.582s][info ][safepoint     ] Total time for which application threads were stopped: 0.0006262 seconds, Stopping threads took: 0.0002578 seconds
[2023-12-02T16:17:55.510+0000][2746.582s][debug][safepoint     ] Safepoint synchronization initiated. (204 threads)
[2023-12-02T16:17:55.510+0000][2746.583s][info ][safepoint     ] Application time: 1.0008032 seconds
[2023-12-02T16:17:55.511+0000][2746.583s][info ][safepoint     ] Entering safepoint region: Cleanup
[2023-12-02T16:17:55.511+0000][2746.584s][info ][safepoint     ] Leaving safepoint region
[2023-12-02T16:17:55.512+0000][2746.584s][info ][safepoint     ] Total time for which application threads were stopped: 0.0011160 seconds, Stopping threads took: 0.0004686 seconds
[2023-12-02T16:17:56.512+0000][2747.585s][debug][safepoint     ] Safepoint synchronization initiated. (204 threads)
[2023-12-02T16:17:56.513+0000][2747.586s][info ][safepoint     ] Application time: 1.0007832 seconds
[2023-12-02T16:17:56.513+0000][2747.586s][info ][safepoint     ] Entering safepoint region: Cleanup
[2023-12-02T16:17:56.514+0000][2747.587s][info ][safepoint     ] Leaving safepoint region
[2023-12-02T16:17:56.514+0000][2747.587s][info ][safepoint     ] Total time for which application threads were stopped: 0.0009359 seconds, Stopping threads took: 0.0004475 seconds
[2023-12-02T16:17:57.515+0000][2748.587s][debug][safepoint     ] Safepoint synchronization initiated. (204 threads)
[2023-12-02T16:17:57.515+0000][2748.588s][info ][safepoint     ] Application time: 1.0007186 seconds
[2023-12-02T16:17:57.516+0000][2748.588s][info ][safepoint     ] Entering safepoint region: Cleanup
[2023-12-02T16:17:57.517+0000][2748.589s][info ][safepoint     ] Leaving safepoint region
[2023-12-02T16:17:57.517+0000][2748.589s][info ][safepoint     ] Total time for which application threads were stopped: 0.0010652 seconds, Stopping threads took: 0.0004964 seconds
[2023-12-02T16:17:58.517+0000][2749.590s][debug][safepoint     ] Safepoint synchronization initiated. (204 threads)
[2023-12-02T16:17:58.518+0000][2749.591s][info ][safepoint     ] Application time: 1.0006971 seconds
[2023-12-02T16:17:58.518+0000][2749.591s][info ][safepoint     ] Entering safepoint region: Cleanup
[2023-12-02T16:17:58.519+0000][2749.592s][info ][safepoint     ] Leaving safepoint region
[2023-12-02T16:17:58.519+0000][2749.592s][info ][safepoint     ] Total time for which application threads were stopped: 0.0009477 seconds, Stopping threads took: 0.0004161 seconds
[2023-12-02T16:17:59.520+0000][2750.592s][debug][safepoint     ] Safepoint synchronization initiated. (204 threads)
[2023-12-02T16:17:59.521+0000][2750.593s][info ][safepoint     ] Application time: 1.0008971 seconds
[2023-12-02T16:17:59.521+0000][2750.594s][info ][safepoint     ] Entering safepoint region: Cleanup
[2023-12-02T16:17:59.522+0000][2750.594s][info ][safepoint     ] Leaving safepoint region
[2023-12-02T16:17:59.522+0000][2750.595s][info ][safepoint     ] Total time for which application threads were stopped: 0.0010509 seconds, Stopping threads took: 0.0004837 seconds
[2023-12-02T16:18:00.523+0000][2751.595s][debug][safepoint     ] Safepoint synchronization initiated. (204 threads)
[2023-12-02T16:18:00.523+0000][2751.596s][info ][safepoint     ] Application time: 1.0008644 seconds
[2023-12-02T16:18:00.524+0000][2751.596s][info ][safepoint     ] Entering safepoint region: Cleanup
[2023-12-02T16:18:00.524+0000][2751.597s][info ][safepoint     ] Leaving safepoint region
[2023-12-02T16:18:00.525+0000][2751.597s][info ][safepoint     ] Total time for which application threads were stopped: 0.0011031 seconds, Stopping threads took: 0.0004711 seconds
[2023-12-02T16:18:01.526+0000][2752.598s][debug][safepoint     ] Safepoint synchronization initiated. (204 threads)
[2023-12-02T16:18:01.526+0000][2752.599s][info ][safepoint     ] Application time: 1.0010717 seconds
[2023-12-02T16:18:01.527+0000][2752.599s][info ][safepoint     ] Entering safepoint region: Cleanup
[2023-12-02T16:18:01.527+0000][2752.600s][info ][safepoint     ] Leaving safepoint region
[2023-12-02T16:18:01.528+0000][2752.600s][info ][safepoint     ] Total time for which application threads were stopped: 0.0008474 seconds, Stopping threads took: 0.0003313 seconds
[2023-12-02T16:18:02.528+0000][2753.601s][debug][safepoint     ] Safepoint synchronization initiated. (204 threads)
[2023-12-02T16:18:02.529+0000][2753.601s][info ][safepoint     ] Application time: 1.0007477 seconds
[2023-12-02T16:18:02.529+0000][2753.602s][info ][safepoint     ] Entering safepoint region: Cleanup
[2023-12-02T16:18:02.530+0000][2753.602s][info ][safepoint     ] Leaving safepoint region
[2023-12-02T16:18:02.530+0000][2753.603s][info ][safepoint     ] Total time for which application threads were stopped: 0.0009740 seconds, Stopping threads took: 0.0003527 seconds
[2023-12-02T16:18:03.531+0000][2754.603s][debug][safepoint     ] Safepoint synchronization initiated. (204 threads)
[2023-12-02T16:18:03.531+0000][2754.604s][info ][safepoint     ] Application time: 1.0007782 seconds
[2023-12-02T16:18:03.532+0000][2754.604s][info ][safepoint     ] Entering safepoint region: Cleanup
[2023-12-02T16:18:03.532+0000][2754.605s][info ][safepoint     ] Leaving safepoint region
[2023-12-02T16:18:03.533+0000][2754.605s][info ][safepoint     ] Total time for which application threads were stopped: 0.0011078 seconds, Stopping threads took: 0.0004953 seconds
[2023-12-02T16:18:04.533+0000][2755.606s][debug][safepoint     ] Safepoint synchronization initiated. (204 threads)
[2023-12-02T16:18:04.534+0000][2755.606s][info ][safepoint     ] Application time: 1.0005764 seconds
[2023-12-02T16:18:04.534+0000][2755.607s][info ][safepoint     ] Entering safepoint region: Cleanup
[2023-12-02T16:18:04.535+0000][2755.607s][info ][safepoint     ] Leaving safepoint region
[2023-12-02T16:18:04.535+0000][2755.607s][info ][safepoint     ] Total time for which application threads were stopped: 0.0007337 seconds, Stopping threads took: 0.0002638 seconds
[2023-12-02T16:18:05.535+0000][2756.608s][debug][safepoint     ] Safepoint synchronization initiated. (204 threads)
[2023-12-02T16:18:05.536+0000][2756.608s][info ][safepoint     ] Application time: 1.0005892 seconds
[2023-12-02T16:18:05.536+0000][2756.609s][info ][safepoint     ] Entering safepoint region: Cleanup
[2023-12-02T16:18:05.537+0000][2756.609s][info ][safepoint     ] Leaving safepoint region
[2023-12-02T16:18:05.537+0000][2756.610s][info ][safepoint     ] Total time for which application threads were stopped: 0.0010999 seconds, Stopping threads took: 0.0004615 seconds
[2023-12-02T16:18:06.538+0000][2757.610s][debug][safepoint     ] Safepoint synchronization initiated. (204 threads)
[2023-12-02T16:18:06.538+0000][2757.611s][info ][safepoint     ] Application time: 1.0007727 seconds
[2023-12-02T16:18:06.539+0000][2757.611s][info ][safepoint     ] Entering safepoint region: Cleanup
[2023-12-02T16:18:06.539+0000][2757.612s][info ][safepoint     ] Leaving safepoint region
[2023-12-02T16:18:06.540+0000][2757.612s][info ][safepoint     ] Total time for which application threads were stopped: 0.0011352 seconds, Stopping threads took: 0.0004751 seconds
[2023-12-02T16:18:07.540+0000][2758.613s][debug][safepoint     ] Safepoint synchronization initiated. (204 threads)
[2023-12-02T16:18:07.541+0000][2758.613s][info ][safepoint     ] Application time: 1.0007699 seconds
[2023-12-02T16:18:07.541+0000][2758.614s][info ][safepoint     ] Entering safepoint region: Cleanup
[2023-12-02T16:18:07.542+0000][2758.614s][info ][safepoint     ] Leaving safepoint region
[2023-12-02T16:18:07.542+0000][2758.615s][info ][safepoint     ] Total time for which application threads were stopped: 0.0009689 seconds, Stopping threads took: 0.0004996 seconds
[2023-12-02T16:18:08.543+0000][2759.615s][debug][safepoint     ] Safepoint synchronization initiated. (204 threads)
[2023-12-02T16:18:08.543+0000][2759.616s][info ][safepoint     ] Application time: 1.0007791 seconds
[2023-12-02T16:18:08.544+0000][2759.616s][info ][safepoint     ] Entering safepoint region: Cleanup
[2023-12-02T16:18:08.544+0000][2759.617s][info ][safepoint     ] Leaving safepoint region
[2023-12-02T16:18:08.545+0000][2759.617s][info ][safepoint     ] Total time for which application threads were stopped: 0.0010996 seconds, Stopping threads took: 0.0004533 seconds
[2023-12-02T16:18:09.545+0000][2760.618s][debug][safepoint     ] Safepoint synchronization initiated. (204 threads)
[2023-12-02T16:18:09.546+0000][2760.619s][info ][safepoint     ] Application time: 1.0007529 seconds
[2023-12-02T16:18:09.546+0000][2760.619s][info ][safepoint     ] Entering safepoint region: Cleanup
[2023-12-02T16:18:09.547+0000][2760.620s][info ][safepoint     ] Leaving safepoint region
[2023-12-02T16:18:09.547+0000][2760.620s][info ][safepoint     ] Total time for which application threads were stopped: 0.0009316 seconds, Stopping threads took: 0.0003713 seconds
[2023-12-02T16:18:10.548+0000][2761.621s][debug][safepoint     ] Safepoint synchronization initiated. (204 threads)
[2023-12-02T16:18:10.549+0000][2761.622s][info ][safepoint     ] Application time: 1.0013618 seconds
[2023-12-02T16:18:10.550+0000][2761.622s][info ][safepoint     ] Entering safepoint region: Cleanup
[2023-12-02T16:18:10.550+0000][2761.623s][info ][safepoint     ] Leaving safepoint region
[2023-12-02T16:18:10.550+0000][2761.623s][info ][safepoint     ] Total time for which application threads were stopped: 0.0007655 seconds, Stopping threads took: 0.0003038 seconds
[2023-12-02T16:18:11.551+0000][2762.624s][debug][safepoint     ] Safepoint synchronization initiated. (204 threads)
[2023-12-02T16:18:11.552+0000][2762.625s][info ][safepoint     ] Application time: 1.0018127 seconds
[2023-12-02T16:18:11.553+0000][2762.625s][info ][safepoint     ] Entering safepoint region: Cleanup
[2023-12-02T16:18:11.553+0000][2762.626s][info ][safepoint     ] Leaving safepoint region
[2023-12-02T16:18:11.554+0000][2762.626s][info ][safepoint     ] Total time for which application threads were stopped: 0.0009773 seconds, Stopping threads took: 0.0003697 seconds
[2023-12-02T16:18:12.555+0000][2763.627s][debug][safepoint     ] Safepoint synchronization initiated. (204 threads)
[2023-12-02T16:18:12.555+0000][2763.628s][info ][safepoint     ] Application time: 1.0011811 seconds
[2023-12-02T16:18:12.556+0000][2763.628s][info ][safepoint     ] Entering safepoint region: Cleanup
[2023-12-02T16:18:12.556+0000][2763.629s][info ][safepoint     ] Leaving safepoint region
[2023-12-02T16:18:12.557+0000][2763.629s][info ][safepoint     ] Total time for which application threads were stopped: 0.0010138 seconds, Stopping threads took: 0.0003229 seconds
[2023-12-02T16:18:13.114+0000][2764.186s][debug][safepoint     ] Safepoint synchronization initiated. (204 threads)
[2023-12-02T16:18:13.114+0000][2764.187s][info ][safepoint     ] Application time: 0.5570314 seconds
[2023-12-02T16:18:13.114+0000][2764.187s][info ][safepoint     ] Entering safepoint region: G1CollectForAllocation
[2023-12-02T16:18:13.115+0000][2764.188s][info ][gc,start      ] GC(78) Pause Young (Prepare Mixed) (G1 Evacuation Pause)
[2023-12-02T16:18:13.115+0000][2764.188s][info ][gc,task       ] GC(78) Using 8 workers of 8 for evacuation
[2023-12-02T16:18:13.139+0000][2764.211s][info ][gc,phases     ] GC(78)   Pre Evacuate Collection Set: 0.1ms
[2023-12-02T16:18:13.139+0000][2764.211s][info ][gc,phases     ] GC(78)   Evacuate Collection Set: 18.9ms
[2023-12-02T16:18:13.139+0000][2764.212s][info ][gc,phases     ] GC(78)   Post Evacuate Collection Set: 3.7ms
[2023-12-02T16:18:13.139+0000][2764.212s][info ][gc,phases     ] GC(78)   Other: 1.0ms
[2023-12-02T16:18:13.140+0000][2764.212s][info ][gc,heap       ] GC(78) Eden regions: 172->0(11)
[2023-12-02T16:18:13.140+0000][2764.213s][info ][gc,heap       ] GC(78) Survivor regions: 10->10(23)
[2023-12-02T16:18:13.140+0000][2764.213s][info ][gc,heap       ] GC(78) Old regions: 162->162
[2023-12-02T16:18:13.141+0000][2764.213s][info ][gc,heap       ] GC(78) Humongous regions: 40->40
[2023-12-02T16:18:13.141+0000][2764.214s][info ][gc,metaspace  ] GC(78) Metaspace: 174311K(194588K)->174311K(194588K) NonClass: 154356K(170784K)->154356K(170784K) Class: 19955K(23804K)->19955K(23804K)
[2023-12-02T16:18:13.141+0000][2764.214s][info ][gc            ] GC(78) Pause Young (Prepare Mixed) (G1 Evacuation Pause) 382M->210M(427M) 26.423ms
[2023-12-02T16:18:13.142+0000][2764.214s][info ][gc,cpu        ] GC(78) User=0.16s Sys=0.00s Real=0.03s
[2023-12-02T16:18:13.142+0000][2764.215s][info ][safepoint     ] Leaving safepoint region
[2023-12-02T16:18:13.143+0000][2764.215s][info ][safepoint     ] Total time for which application threads were stopped: 0.0281571 seconds, Stopping threads took: 0.0003416 seconds
[2023-12-02T16:18:13.143+0000][2764.216s][info ][gc,stringdedup] Concurrent String Deduplication (2764.216s)
[2023-12-02T16:18:13.143+0000][2764.216s][info ][gc,stringdedup] Concurrent String Deduplication 1024.0B->448.0B(576.0B) avg 52.7% (2764.216s, 2764.216s) 0.335ms
[2023-12-02T16:18:14.143+0000][2765.216s][debug][safepoint     ] Safepoint synchronization initiated. (204 threads)
[2023-12-02T16:18:14.144+0000][2765.216s][info ][safepoint     ] Application time: 1.0008113 seconds
[2023-12-02T16:18:14.144+0000][2765.217s][info ][safepoint     ] Entering safepoint region: Cleanup
[2023-12-02T16:18:14.145+0000][2765.217s][info ][safepoint     ] Leaving safepoint region
[2023-12-02T16:18:14.145+0000][2765.218s][info ][safepoint     ] Total time for which application threads were stopped: 0.0009072 seconds, Stopping threads took: 0.0003472 seconds
[2023-12-02T16:18:15.145+0000][2766.218s][debug][safepoint     ] Safepoint synchronization initiated. (205 threads)
[2023-12-02T16:18:15.146+0000][2766.219s][info ][safepoint     ] Application time: 1.0007424 seconds
[2023-12-02T16:18:15.146+0000][2766.219s][info ][safepoint     ] Entering safepoint region: Cleanup
[2023-12-02T16:18:15.147+0000][2766.220s][info ][safepoint     ] Leaving safepoint region
[2023-12-02T16:18:15.147+0000][2766.220s][info ][safepoint     ] Total time for which application threads were stopped: 0.0009666 seconds, Stopping threads took: 0.0004252 seconds
[2023-12-02T16:18:16.148+0000][2767.221s][debug][safepoint     ] Safepoint synchronization initiated. (205 threads)
[2023-12-02T16:18:16.148+0000][2767.221s][info ][safepoint     ] Application time: 1.0005539 seconds
[2023-12-02T16:18:16.149+0000][2767.221s][info ][safepoint     ] Entering safepoint region: Cleanup
[2023-12-02T16:18:16.149+0000][2767.222s][info ][safepoint     ] Leaving safepoint region
[2023-12-02T16:18:16.150+0000][2767.222s][info ][safepoint     ] Total time for which application threads were stopped: 0.0011771 seconds, Stopping threads took: 0.0004856 seconds
[2023-12-02T16:18:17.150+0000][2768.223s][debug][safepoint     ] Safepoint synchronization initiated. (205 threads)
[2023-12-02T16:18:17.151+0000][2768.223s][info ][safepoint     ] Application time: 1.0006414 seconds
[2023-12-02T16:18:17.151+0000][2768.224s][info ][safepoint     ] Entering safepoint region: Cleanup
[2023-12-02T16:18:17.152+0000][2768.224s][info ][safepoint     ] Leaving safepoint region
[2023-12-02T16:18:17.152+0000][2768.225s][info ][safepoint     ] Total time for which application threads were stopped: 0.0009983 seconds, Stopping threads took: 0.0004011 seconds
[2023-12-02T16:18:18.153+0000][2769.225s][debug][safepoint     ] Safepoint synchronization initiated. (205 threads)
[2023-12-02T16:18:18.154+0000][2769.226s][info ][safepoint     ] Application time: 1.0012774 seconds
[2023-12-02T16:18:18.155+0000][2769.227s][info ][safepoint     ] Entering safepoint region: Cleanup
[2023-12-02T16:18:18.156+0000][2769.229s][info ][safepoint     ] Leaving safepoint region
[2023-12-02T16:18:18.157+0000][2769.229s][info ][safepoint     ] Total time for which application threads were stopped: 0.0022134 seconds, Stopping threads took: 0.0007831 seconds
[2023-12-02T16:18:19.158+0000][2770.230s][debug][safepoint     ] Safepoint synchronization initiated. (205 threads)
[2023-12-02T16:18:19.158+0000][2770.231s][info ][safepoint     ] Application time: 1.0007494 seconds
[2023-12-02T16:18:19.159+0000][2770.231s][info ][safepoint     ] Entering safepoint region: Cleanup
[2023-12-02T16:18:19.159+0000][2770.232s][info ][safepoint     ] Leaving safepoint region
[2023-12-02T16:18:19.159+0000][2770.232s][info ][safepoint     ] Total time for which application threads were stopped: 0.0008578 seconds, Stopping threads took: 0.0003239 seconds
[2023-12-02T16:18:20.160+0000][2771.232s][debug][safepoint     ] Safepoint synchronization initiated. (205 threads)
[2023-12-02T16:18:20.160+0000][2771.233s][info ][safepoint     ] Application time: 1.0006327 seconds
[2023-12-02T16:18:20.161+0000][2771.233s][info ][safepoint     ] Entering safepoint region: Cleanup
[2023-12-02T16:18:20.161+0000][2771.234s][info ][safepoint     ] Leaving safepoint region
[2023-12-02T16:18:20.161+0000][2771.234s][info ][safepoint     ] Total time for which application threads were stopped: 0.0007846 seconds, Stopping threads took: 0.0003418 seconds
[2023-12-02T16:18:21.162+0000][2772.234s][debug][safepoint     ] Safepoint synchronization initiated. (205 threads)
[2023-12-02T16:18:21.162+0000][2772.235s][info ][safepoint     ] Application time: 1.0003898 seconds
[2023-12-02T16:18:21.162+0000][2772.235s][info ][safepoint     ] Entering safepoint region: Cleanup
[2023-12-02T16:18:21.163+0000][2772.235s][info ][safepoint     ] Leaving safepoint region
[2023-12-02T16:18:21.163+0000][2772.235s][info ][safepoint     ] Total time for which application threads were stopped: 0.0005139 seconds, Stopping threads took: 0.0002044 seconds
[2023-12-02T16:18:22.163+0000][2773.236s][debug][safepoint     ] Safepoint synchronization initiated. (205 threads)
[2023-12-02T16:18:22.164+0000][2773.237s][info ][safepoint     ] Application time: 1.0011683 seconds
[2023-12-02T16:18:22.165+0000][2773.237s][info ][safepoint     ] Entering safepoint region: Cleanup
[2023-12-02T16:18:22.166+0000][2773.238s][info ][safepoint     ] Leaving safepoint region
[2023-12-02T16:18:22.167+0000][2773.239s][info ][safepoint     ] Total time for which application threads were stopped: 0.0018081 seconds, Stopping threads took: 0.0007339 seconds
[2023-12-02T16:18:22.812+0000][2773.884s][debug][safepoint     ] Safepoint synchronization initiated. (205 threads)
[2023-12-02T16:18:22.812+0000][2773.885s][info ][safepoint     ] Application time: 0.6454669 seconds
[2023-12-02T16:18:22.813+0000][2773.886s][info ][safepoint     ] Entering safepoint region: G1CollectForAllocation
[2023-12-02T16:18:22.814+0000][2773.887s][info ][gc,start      ] GC(79) Pause Young (Mixed) (G1 Evacuation Pause)
[2023-12-02T16:18:22.815+0000][2773.887s][info ][gc,task       ] GC(79) Using 8 workers of 8 for evacuation
[2023-12-02T16:18:22.863+0000][2773.936s][info ][gc,phases     ] GC(79)   Pre Evacuate Collection Set: 0.3ms
[2023-12-02T16:18:22.864+0000][2773.936s][info ][gc,phases     ] GC(79)   Evacuate Collection Set: 43.8ms
[2023-12-02T16:18:22.864+0000][2773.937s][info ][gc,phases     ] GC(79)   Post Evacuate Collection Set: 3.7ms
[2023-12-02T16:18:22.864+0000][2773.937s][info ][gc,phases     ] GC(79)   Other: 1.5ms
[2023-12-02T16:18:22.865+0000][2773.937s][info ][gc,heap       ] GC(79) Eden regions: 11->0(179)
[2023-12-02T16:18:22.865+0000][2773.938s][info ][gc,heap       ] GC(79) Survivor regions: 10->3(3)
[2023-12-02T16:18:22.865+0000][2773.938s][info ][gc,heap       ] GC(79) Old regions: 162->151
[2023-12-02T16:18:22.866+0000][2773.938s][info ][gc,heap       ] GC(79) Humongous regions: 45->45
[2023-12-02T16:18:22.866+0000][2773.938s][info ][gc,metaspace  ] GC(79) Metaspace: 174346K(194588K)->174346K(194588K) NonClass: 154389K(170784K)->154389K(170784K) Class: 19956K(23804K)->19956K(23804K)
[2023-12-02T16:18:22.866+0000][2773.939s][info ][gc            ] GC(79) Pause Young (Mixed) (G1 Evacuation Pause) 226M->197M(427M) 52.074ms
[2023-12-02T16:18:22.867+0000][2773.939s][info ][gc,cpu        ] GC(79) User=0.32s Sys=0.00s Real=0.05s
[2023-12-02T16:18:22.867+0000][2773.939s][info ][safepoint     ] Leaving safepoint region
[2023-12-02T16:18:22.867+0000][2773.940s][info ][safepoint     ] Total time for which application threads were stopped: 0.0539557 seconds, Stopping threads took: 0.0007112 seconds
[2023-12-02T16:18:22.867+0000][2773.940s][info ][gc,stringdedup] Concurrent String Deduplication (2773.940s)
[2023-12-02T16:18:22.868+0000][2773.940s][info ][gc,stringdedup] Concurrent String Deduplication 5640.0B->5112.0B(528.0B) avg 52.7% (2773.940s, 2773.940s) 0.316ms
[2023-12-02T16:18:23.868+0000][2774.940s][debug][safepoint     ] Safepoint synchronization initiated. (205 threads)
[2023-12-02T16:18:23.869+0000][2774.941s][info ][safepoint     ] Application time: 1.0008988 seconds
[2023-12-02T16:18:23.870+0000][2774.941s][info ][safepoint     ] Entering safepoint region: Cleanup
[2023-12-02T16:18:23.871+0000][2774.942s][info ][safepoint     ] Leaving safepoint region
[2023-12-02T16:18:23.871+0000][2774.943s][info ][safepoint     ] Total time for which application threads were stopped: 0.0018604 seconds, Stopping threads took: 0.0006486 seconds
[2023-12-02T16:18:24.872+0000][2775.944s][debug][safepoint     ] Safepoint synchronization initiated. (205 threads)
[2023-12-02T16:18:24.873+0000][2775.945s][info ][safepoint     ] Application time: 1.0011993 seconds
[2023-12-02T16:18:24.874+0000][2775.946s][info ][safepoint     ] Entering safepoint region: Cleanup
[2023-12-02T16:18:24.875+0000][2775.947s][info ][safepoint     ] Leaving safepoint region
[2023-12-02T16:18:24.876+0000][2775.947s][info ][safepoint     ] Total time for which application threads were stopped: 0.0017417 seconds, Stopping threads took: 0.0007109 seconds
[2023-12-02T16:18:25.877+0000][2776.948s][debug][safepoint     ] Safepoint synchronization initiated. (205 threads)
[2023-12-02T16:18:25.877+0000][2776.949s][info ][safepoint     ] Application time: 1.0010993 seconds
[2023-12-02T16:18:25.878+0000][2776.950s][info ][safepoint     ] Entering safepoint region: Cleanup
[2023-12-02T16:18:25.879+0000][2776.951s][info ][safepoint     ] Leaving safepoint region
[2023-12-02T16:18:25.880+0000][2776.952s][info ][safepoint     ] Total time for which application threads were stopped: 0.0017979 seconds, Stopping threads took: 0.0007119 seconds
[2023-12-02T16:18:26.881+0000][2777.953s][debug][safepoint     ] Safepoint synchronization initiated. (205 threads)
[2023-12-02T16:18:26.882+0000][2777.953s][info ][safepoint     ] Application time: 1.0010226 seconds
[2023-12-02T16:18:26.882+0000][2777.954s][info ][safepoint     ] Entering safepoint region: Cleanup
[2023-12-02T16:18:26.883+0000][2777.955s][info ][safepoint     ] Leaving safepoint region
[2023-12-02T16:18:26.884+0000][2777.956s][info ][safepoint     ] Total time for which application threads were stopped: 0.0018408 seconds, Stopping threads took: 0.0007058 seconds
[2023-12-02T16:18:27.885+0000][2778.956s][debug][safepoint     ] Safepoint synchronization initiated. (205 threads)
[2023-12-02T16:18:27.885+0000][2778.957s][info ][safepoint     ] Application time: 1.0006038 seconds
[2023-12-02T16:18:27.885+0000][2778.957s][info ][safepoint     ] Entering safepoint region: Cleanup
[2023-12-02T16:18:27.886+0000][2778.957s][info ][safepoint     ] Leaving safepoint region
[2023-12-02T16:18:27.886+0000][2778.958s][info ][safepoint     ] Total time for which application threads were stopped: 0.0006815 seconds, Stopping threads took: 0.0002198 seconds
[2023-12-02T16:18:28.887+0000][2779.958s][debug][safepoint     ] Safepoint synchronization initiated. (205 threads)
[2023-12-02T16:18:28.887+0000][2779.959s][info ][safepoint     ] Application time: 1.0010932 seconds
[2023-12-02T16:18:28.888+0000][2779.960s][info ][safepoint     ] Entering safepoint region: Cleanup
[2023-12-02T16:18:28.889+0000][2779.961s][info ][safepoint     ] Leaving safepoint region
[2023-12-02T16:18:28.890+0000][2779.962s][info ][safepoint     ] Total time for which application threads were stopped: 0.0020925 seconds, Stopping threads took: 0.0008406 seconds
[2023-12-02T16:18:29.891+0000][2780.963s][debug][safepoint     ] Safepoint synchronization initiated. (205 threads)
[2023-12-02T16:18:29.892+0000][2780.963s][info ][safepoint     ] Application time: 1.0005533 seconds
[2023-12-02T16:18:29.892+0000][2780.964s][info ][safepoint     ] Entering safepoint region: Cleanup
[2023-12-02T16:18:29.892+0000][2780.964s][info ][safepoint     ] Leaving safepoint region
[2023-12-02T16:18:29.893+0000][2780.964s][info ][safepoint     ] Total time for which application threads were stopped: 0.0007537 seconds, Stopping threads took: 0.0003070 seconds
[2023-12-02T16:18:30.893+0000][2781.965s][debug][safepoint     ] Safepoint synchronization initiated. (205 threads)
[2023-12-02T16:18:30.894+0000][2781.966s][info ][safepoint     ] Application time: 1.0008752 seconds
[2023-12-02T16:18:30.895+0000][2781.966s][info ][safepoint     ] Entering safepoint region: Cleanup
[2023-12-02T16:18:30.895+0000][2781.967s][info ][safepoint     ] Leaving safepoint region
[2023-12-02T16:18:30.896+0000][2781.968s][info ][safepoint     ] Total time for which application threads were stopped: 0.0013535 seconds, Stopping threads took: 0.0005250 seconds
[2023-12-02T16:18:31.897+0000][2782.968s][debug][safepoint     ] Safepoint synchronization initiated. (205 threads)
[2023-12-02T16:18:31.897+0000][2782.969s][info ][safepoint     ] Application time: 1.0008426 seconds
[2023-12-02T16:18:31.898+0000][2782.969s][info ][safepoint     ] Entering safepoint region: Cleanup
[2023-12-02T16:18:31.898+0000][2782.970s][info ][safepoint     ] Leaving safepoint region
[2023-12-02T16:18:31.899+0000][2782.970s][info ][safepoint     ] Total time for which application threads were stopped: 0.0011073 seconds, Stopping threads took: 0.0005006 seconds
[2023-12-02T16:18:32.899+0000][2783.971s][debug][safepoint     ] Safepoint synchronization initiated. (205 threads)
[2023-12-02T16:18:32.900+0000][2783.972s][info ][safepoint     ] Application time: 1.0009317 seconds
[2023-12-02T16:18:32.900+0000][2783.972s][info ][safepoint     ] Entering safepoint region: Cleanup
[2023-12-02T16:18:32.901+0000][2783.973s][info ][safepoint     ] Leaving safepoint region
[2023-12-02T16:18:32.901+0000][2783.973s][info ][safepoint     ] Total time for which application threads were stopped: 0.0008346 seconds, Stopping threads took: 0.0003104 seconds
[2023-12-02T16:18:33.902+0000][2784.973s][debug][safepoint     ] Safepoint synchronization initiated. (205 threads)
[2023-12-02T16:18:33.902+0000][2784.974s][info ][safepoint     ] Application time: 1.0005503 seconds
[2023-12-02T16:18:33.902+0000][2784.974s][info ][safepoint     ] Entering safepoint region: Cleanup
[2023-12-02T16:18:33.903+0000][2784.975s][info ][safepoint     ] Leaving safepoint region
[2023-12-02T16:18:33.903+0000][2784.975s][info ][safepoint     ] Total time for which application threads were stopped: 0.0007852 seconds, Stopping threads took: 0.0003183 seconds
[2023-12-02T16:18:34.904+0000][2785.975s][debug][safepoint     ] Safepoint synchronization initiated. (205 threads)
[2023-12-02T16:18:34.904+0000][2785.976s][info ][safepoint     ] Application time: 1.0004164 seconds
[2023-12-02T16:18:34.904+0000][2785.976s][info ][safepoint     ] Entering safepoint region: Cleanup
[2023-12-02T16:18:34.905+0000][2785.976s][info ][safepoint     ] Leaving safepoint region
[2023-12-02T16:18:34.905+0000][2785.977s][info ][safepoint     ] Total time for which application threads were stopped: 0.0007991 seconds, Stopping threads took: 0.0002637 seconds
[2023-12-02T16:18:35.906+0000][2786.977s][debug][safepoint     ] Safepoint synchronization initiated. (205 threads)
[2023-12-02T16:18:35.906+0000][2786.978s][info ][safepoint     ] Application time: 1.0006813 seconds
[2023-12-02T16:18:35.906+0000][2786.978s][info ][safepoint     ] Entering safepoint region: Cleanup
[2023-12-02T16:18:35.907+0000][2786.979s][info ][safepoint     ] Leaving safepoint region
[2023-12-02T16:18:35.907+0000][2786.979s][info ][safepoint     ] Total time for which application threads were stopped: 0.0009262 seconds, Stopping threads took: 0.0003514 seconds
[2023-12-02T16:18:36.908+0000][2787.979s][debug][safepoint     ] Safepoint synchronization initiated. (205 threads)
[2023-12-02T16:18:36.908+0000][2787.980s][info ][safepoint     ] Application time: 1.0005478 seconds
[2023-12-02T16:18:36.909+0000][2787.980s][info ][safepoint     ] Entering safepoint region: Cleanup
[2023-12-02T16:18:36.909+0000][2787.981s][info ][safepoint     ] Leaving safepoint region
[2023-12-02T16:18:36.910+0000][2787.981s][info ][safepoint     ] Total time for which application threads were stopped: 0.0009718 seconds, Stopping threads took: 0.0004246 seconds
[2023-12-02T16:18:37.910+0000][2788.982s][debug][safepoint     ] Safepoint synchronization initiated. (205 threads)
[2023-12-02T16:18:37.911+0000][2788.982s][info ][safepoint     ] Application time: 1.0006018 seconds
[2023-12-02T16:18:37.911+0000][2788.983s][info ][safepoint     ] Entering safepoint region: Cleanup
[2023-12-02T16:18:37.912+0000][2788.983s][info ][safepoint     ] Leaving safepoint region
[2023-12-02T16:18:37.912+0000][2788.984s][info ][safepoint     ] Total time for which application threads were stopped: 0.0009895 seconds, Stopping threads took: 0.0004239 seconds
[2023-12-02T16:18:38.912+0000][2789.984s][debug][safepoint     ] Safepoint synchronization initiated. (205 threads)
[2023-12-02T16:18:38.937+0000][2790.008s][info ][safepoint     ] Application time: 1.0243892 seconds
[2023-12-02T16:18:38.937+0000][2790.009s][info ][safepoint     ] Entering safepoint region: Cleanup
[2023-12-02T16:18:38.938+0000][2790.010s][info ][safepoint     ] Leaving safepoint region
[2023-12-02T16:18:38.942+0000][2790.014s][info ][safepoint     ] Total time for which application threads were stopped: 0.0046756 seconds, Stopping threads took: 0.0003684 seconds
[2023-12-02T16:18:39.946+0000][2791.018s][debug][safepoint     ] Safepoint synchronization initiated. (205 threads)
[2023-12-02T16:18:39.947+0000][2791.019s][info ][safepoint     ] Application time: 1.0016725 seconds
[2023-12-02T16:18:39.948+0000][2791.020s][info ][safepoint     ] Entering safepoint region: Cleanup
[2023-12-02T16:18:39.949+0000][2791.020s][info ][safepoint     ] Leaving safepoint region
[2023-12-02T16:18:39.949+0000][2791.021s][info ][safepoint     ] Total time for which application threads were stopped: 0.0016188 seconds, Stopping threads took: 0.0003339 seconds
[2023-12-02T16:18:40.950+0000][2792.022s][debug][safepoint     ] Safepoint synchronization initiated. (205 threads)
[2023-12-02T16:18:40.950+0000][2792.022s][info ][safepoint     ] Application time: 1.0007259 seconds
[2023-12-02T16:18:40.951+0000][2792.022s][debug][safepoint     ] ... found polling page return exception at pc = 0x00007f43fc6b958b, stub =0x00007f43f4840600
[2023-12-02T16:18:40.951+0000][2792.023s][debug][safepoint     ] Waiting for 1 thread(s) to block
[2023-12-02T16:18:40.951+0000][2792.023s][info ][safepoint     ] Entering safepoint region: Cleanup
[2023-12-02T16:18:40.952+0000][2792.023s][info ][safepoint     ] Leaving safepoint region
[2023-12-02T16:18:40.952+0000][2792.024s][info ][safepoint     ] Total time for which application threads were stopped: 0.0013439 seconds, Stopping threads took: 0.0009504 seconds
[2023-12-02T16:18:41.952+0000][2793.024s][debug][safepoint     ] Safepoint synchronization initiated. (205 threads)
[2023-12-02T16:18:41.953+0000][2793.024s][info ][safepoint     ] Application time: 1.0005667 seconds
[2023-12-02T16:18:41.953+0000][2793.025s][info ][safepoint     ] Entering safepoint region: Cleanup
[2023-12-02T16:18:41.953+0000][2793.025s][info ][safepoint     ] Leaving safepoint region
[2023-12-02T16:18:41.954+0000][2793.025s][info ][safepoint     ] Total time for which application threads were stopped: 0.0007284 seconds, Stopping threads took: 0.0003015 seconds
[2023-12-02T16:18:42.954+0000][2794.026s][debug][safepoint     ] Safepoint synchronization initiated. (205 threads)
[2023-12-02T16:18:42.955+0000][2794.026s][info ][safepoint     ] Application time: 1.0007441 seconds
[2023-12-02T16:18:42.955+0000][2794.027s][info ][safepoint     ] Entering safepoint region: Cleanup
[2023-12-02T16:18:42.956+0000][2794.028s][info ][safepoint     ] Leaving safepoint region
[2023-12-02T16:18:42.956+0000][2794.028s][info ][safepoint     ] Total time for which application threads were stopped: 0.0011227 seconds, Stopping threads took: 0.0004402 seconds
[2023-12-02T16:18:43.957+0000][2795.029s][debug][safepoint     ] Safepoint synchronization initiated. (205 threads)
[2023-12-02T16:18:43.957+0000][2795.029s][info ][safepoint     ] Application time: 1.0005366 seconds
[2023-12-02T16:18:43.958+0000][2795.029s][info ][safepoint     ] Entering safepoint region: Cleanup
[2023-12-02T16:18:43.958+0000][2795.030s][info ][safepoint     ] Leaving safepoint region
[2023-12-02T16:18:43.958+0000][2795.030s][info ][safepoint     ] Total time for which application threads were stopped: 0.0008633 seconds, Stopping threads took: 0.0003062 seconds
[2023-12-02T16:18:44.959+0000][2796.031s][debug][safepoint     ] Safepoint synchronization initiated. (205 threads)
[2023-12-02T16:18:44.959+0000][2796.031s][info ][safepoint     ] Application time: 1.0004062 seconds
[2023-12-02T16:18:44.959+0000][2796.031s][info ][safepoint     ] Entering safepoint region: Cleanup
[2023-12-02T16:18:44.960+0000][2796.032s][info ][safepoint     ] Leaving safepoint region
[2023-12-02T16:18:44.960+0000][2796.032s][info ][safepoint     ] Total time for which application threads were stopped: 0.0006755 seconds, Stopping threads took: 0.0003386 seconds
[2023-12-02T16:18:45.961+0000][2797.033s][debug][safepoint     ] Safepoint synchronization initiated. (205 threads)
[2023-12-02T16:18:45.961+0000][2797.033s][info ][safepoint     ] Application time: 1.0011901 seconds
[2023-12-02T16:18:45.962+0000][2797.033s][info ][safepoint     ] Entering safepoint region: Cleanup
[2023-12-02T16:18:45.962+0000][2797.034s][info ][safepoint     ] Leaving safepoint region
[2023-12-02T16:18:45.963+0000][2797.034s][info ][safepoint     ] Total time for which application threads were stopped: 0.0008473 seconds, Stopping threads took: 0.0003473 seconds
[2023-12-02T16:18:46.963+0000][2798.035s][debug][safepoint     ] Safepoint synchronization initiated. (205 threads)
[2023-12-02T16:18:46.963+0000][2798.035s][info ][safepoint     ] Application time: 1.0005967 seconds
[2023-12-02T16:18:46.964+0000][2798.035s][info ][safepoint     ] Entering safepoint region: Cleanup
[2023-12-02T16:18:46.964+0000][2798.036s][info ][safepoint     ] Leaving safepoint region
[2023-12-02T16:18:46.964+0000][2798.036s][info ][safepoint     ] Total time for which application threads were stopped: 0.0006926 seconds, Stopping threads took: 0.0002509 seconds
[2023-12-02T16:18:47.965+0000][2799.037s][debug][safepoint     ] Safepoint synchronization initiated. (205 threads)
[2023-12-02T16:18:47.965+0000][2799.037s][info ][safepoint     ] Application time: 1.0008716 seconds
[2023-12-02T16:18:47.966+0000][2799.038s][info ][safepoint     ] Entering safepoint region: Cleanup
[2023-12-02T16:18:47.967+0000][2799.038s][info ][safepoint     ] Leaving safepoint region
[2023-12-02T16:18:47.967+0000][2799.039s][info ][safepoint     ] Total time for which application threads were stopped: 0.0010875 seconds, Stopping threads took: 0.0005237 seconds
[2023-12-02T16:18:48.968+0000][2800.040s][debug][safepoint     ] Safepoint synchronization initiated. (205 threads)
[2023-12-02T16:18:48.969+0000][2800.040s][info ][safepoint     ] Application time: 1.0011645 seconds
[2023-12-02T16:18:48.969+0000][2800.041s][info ][safepoint     ] Entering safepoint region: Cleanup
[2023-12-02T16:18:48.971+0000][2800.042s][info ][safepoint     ] Leaving safepoint region
[2023-12-02T16:18:48.971+0000][2800.043s][info ][safepoint     ] Total time for which application threads were stopped: 0.0018784 seconds, Stopping threads took: 0.0007078 seconds
[2023-12-02T16:18:49.972+0000][2801.044s][debug][safepoint     ] Safepoint synchronization initiated. (205 threads)
[2023-12-02T16:18:49.973+0000][2801.044s][info ][safepoint     ] Application time: 1.0010326 seconds
[2023-12-02T16:18:49.973+0000][2801.045s][info ][safepoint     ] Entering safepoint region: Cleanup
[2023-12-02T16:18:49.974+0000][2801.046s][info ][safepoint     ] Leaving safepoint region
[2023-12-02T16:18:49.975+0000][2801.046s][info ][safepoint     ] Total time for which application threads were stopped: 0.0014135 seconds, Stopping threads took: 0.0005834 seconds
[2023-12-02T16:18:50.975+0000][2802.047s][debug][safepoint     ] Safepoint synchronization initiated. (205 threads)
[2023-12-02T16:18:50.976+0000][2802.047s][info ][safepoint     ] Application time: 1.0006528 seconds
[2023-12-02T16:18:50.976+0000][2802.048s][info ][safepoint     ] Entering safepoint region: Cleanup
[2023-12-02T16:18:50.977+0000][2802.048s][info ][safepoint     ] Leaving safepoint region
[2023-12-02T16:18:50.977+0000][2802.049s][info ][safepoint     ] Total time for which application threads were stopped: 0.0008486 seconds, Stopping threads took: 0.0003261 seconds
[2023-12-02T16:18:51.977+0000][2803.049s][debug][safepoint     ] Safepoint synchronization initiated. (205 threads)
[2023-12-02T16:18:51.979+0000][2803.051s][info ][safepoint     ] Application time: 1.0017620 seconds
[2023-12-02T16:18:51.981+0000][2803.053s][info ][safepoint     ] Entering safepoint region: Cleanup
[2023-12-02T16:18:51.983+0000][2803.054s][info ][safepoint     ] Leaving safepoint region
[2023-12-02T16:18:51.983+0000][2803.055s][info ][safepoint     ] Total time for which application threads were stopped: 0.0025244 seconds, Stopping threads took: 0.0013575 seconds
[2023-12-02T16:18:52.984+0000][2804.056s][debug][safepoint     ] Safepoint synchronization initiated. (205 threads)
[2023-12-02T16:18:52.984+0000][2804.056s][info ][safepoint     ] Application time: 1.0005899 seconds
[2023-12-02T16:18:52.985+0000][2804.056s][info ][safepoint     ] Entering safepoint region: Cleanup
[2023-12-02T16:18:52.985+0000][2804.057s][info ][safepoint     ] Leaving safepoint region
[2023-12-02T16:18:52.986+0000][2804.057s][info ][safepoint     ] Total time for which application threads were stopped: 0.0008001 seconds, Stopping threads took: 0.0002914 seconds
[2023-12-02T16:18:53.986+0000][2805.058s][debug][safepoint     ] Safepoint synchronization initiated. (205 threads)
[2023-12-02T16:18:53.987+0000][2805.058s][info ][safepoint     ] Application time: 1.0006837 seconds
[2023-12-02T16:18:53.987+0000][2805.059s][info ][safepoint     ] Entering safepoint region: Cleanup
[2023-12-02T16:18:53.988+0000][2805.059s][info ][safepoint     ] Leaving safepoint region
[2023-12-02T16:18:53.988+0000][2805.060s][info ][safepoint     ] Total time for which application threads were stopped: 0.0008834 seconds, Stopping threads took: 0.0004103 seconds
[2023-12-02T16:18:54.988+0000][2806.060s][debug][safepoint     ] Safepoint synchronization initiated. (205 threads)
[2023-12-02T16:18:54.989+0000][2806.061s][info ][safepoint     ] Application time: 1.0007703 seconds
[2023-12-02T16:18:54.990+0000][2806.061s][info ][safepoint     ] Entering safepoint region: Cleanup
[2023-12-02T16:18:54.990+0000][2806.062s][info ][safepoint     ] Leaving safepoint region
[2023-12-02T16:18:54.991+0000][2806.062s][info ][safepoint     ] Total time for which application threads were stopped: 0.0011398 seconds, Stopping threads took: 0.0003446 seconds
[2023-12-02T16:18:55.991+0000][2807.063s][debug][safepoint     ] Safepoint synchronization initiated. (205 threads)
[2023-12-02T16:18:55.992+0000][2807.063s][info ][safepoint     ] Application time: 1.0006710 seconds
[2023-12-02T16:18:55.992+0000][2807.064s][info ][safepoint     ] Entering safepoint region: Cleanup
[2023-12-02T16:18:55.993+0000][2807.065s][info ][safepoint     ] Leaving safepoint region
[2023-12-02T16:18:55.993+0000][2807.065s][info ][safepoint     ] Total time for which application threads were stopped: 0.0011290 seconds, Stopping threads took: 0.0004659 seconds
[2023-12-02T16:18:56.994+0000][2808.066s][debug][safepoint     ] Safepoint synchronization initiated. (205 threads)
[2023-12-02T16:18:56.995+0000][2808.066s][info ][safepoint     ] Application time: 1.0009595 seconds
[2023-12-02T16:18:56.995+0000][2808.067s][info ][safepoint     ] Entering safepoint region: Cleanup
[2023-12-02T16:18:56.996+0000][2808.068s][info ][safepoint     ] Leaving safepoint region
[2023-12-02T16:18:56.997+0000][2808.068s][info ][safepoint     ] Total time for which application threads were stopped: 0.0014248 seconds, Stopping threads took: 0.0005192 seconds
[2023-12-02T16:18:57.997+0000][2809.069s][debug][safepoint     ] Safepoint synchronization initiated. (205 threads)
[2023-12-02T16:18:57.998+0000][2809.069s][info ][safepoint     ] Application time: 1.0006689 seconds
[2023-12-02T16:18:57.998+0000][2809.070s][info ][safepoint     ] Entering safepoint region: Cleanup
[2023-12-02T16:18:57.999+0000][2809.070s][info ][safepoint     ] Leaving safepoint region
[2023-12-02T16:18:57.999+0000][2809.070s][info ][safepoint     ] Total time for which application threads were stopped: 0.0007194 seconds, Stopping threads took: 0.0003168 seconds
[2023-12-02T16:18:58.999+0000][2810.071s][debug][safepoint     ] Safepoint synchronization initiated. (205 threads)
[2023-12-02T16:18:59.000+0000][2810.071s][info ][safepoint     ] Application time: 1.0005238 seconds
[2023-12-02T16:18:59.000+0000][2810.071s][info ][safepoint     ] Entering safepoint region: Cleanup
[2023-12-02T16:18:59.000+0000][2810.072s][info ][safepoint     ] Leaving safepoint region
[2023-12-02T16:18:59.000+0000][2810.072s][info ][safepoint     ] Total time for which application threads were stopped: 0.0005853 seconds, Stopping threads took: 0.0002175 seconds
[2023-12-02T16:19:00.001+0000][2811.072s][debug][safepoint     ] Safepoint synchronization initiated. (205 threads)
[2023-12-02T16:19:00.001+0000][2811.072s][info ][safepoint     ] Application time: 1.0003564 seconds
[2023-12-02T16:19:00.001+0000][2811.073s][info ][safepoint     ] Entering safepoint region: Cleanup
[2023-12-02T16:19:00.001+0000][2811.073s][info ][safepoint     ] Leaving safepoint region
[2023-12-02T16:19:00.001+0000][2811.073s][info ][safepoint     ] Total time for which application threads were stopped: 0.0004832 seconds, Stopping threads took: 0.0001871 seconds
[2023-12-02T16:19:01.002+0000][2812.073s][debug][safepoint     ] Safepoint synchronization initiated. (205 threads)
[2023-12-02T16:19:01.002+0000][2812.074s][info ][safepoint     ] Application time: 1.0006204 seconds
[2023-12-02T16:19:01.003+0000][2812.074s][info ][safepoint     ] Entering safepoint region: Cleanup
[2023-12-02T16:19:01.003+0000][2812.075s][info ][safepoint     ] Leaving safepoint region
[2023-12-02T16:19:01.003+0000][2812.075s][info ][safepoint     ] Total time for which application threads were stopped: 0.0009502 seconds, Stopping threads took: 0.0003869 seconds
[2023-12-02T16:19:02.004+0000][2813.075s][debug][safepoint     ] Safepoint synchronization initiated. (205 threads)
[2023-12-02T16:19:02.004+0000][2813.076s][info ][safepoint     ] Application time: 1.0004897 seconds
[2023-12-02T16:19:02.005+0000][2813.076s][info ][safepoint     ] Entering safepoint region: Cleanup
[2023-12-02T16:19:02.005+0000][2813.077s][info ][safepoint     ] Leaving safepoint region
[2023-12-02T16:19:02.005+0000][2813.077s][info ][safepoint     ] Total time for which application threads were stopped: 0.0007306 seconds, Stopping threads took: 0.0002212 seconds
[2023-12-02T16:19:03.006+0000][2814.077s][debug][safepoint     ] Safepoint synchronization initiated. (205 threads)
[2023-12-02T16:19:03.006+0000][2814.078s][info ][safepoint     ] Application time: 1.0007619 seconds
[2023-12-02T16:19:03.007+0000][2814.078s][info ][safepoint     ] Entering safepoint region: Cleanup
[2023-12-02T16:19:03.007+0000][2814.079s][info ][safepoint     ] Leaving safepoint region
[2023-12-02T16:19:03.007+0000][2814.079s][info ][safepoint     ] Total time for which application threads were stopped: 0.0008980 seconds, Stopping threads took: 0.0003629 seconds
[2023-12-02T16:19:04.008+0000][2815.079s][debug][safepoint     ] Safepoint synchronization initiated. (205 threads)
[2023-12-02T16:19:04.008+0000][2815.080s][info ][safepoint     ] Application time: 1.0005724 seconds
[2023-12-02T16:19:04.009+0000][2815.080s][info ][safepoint     ] Entering safepoint region: Cleanup
[2023-12-02T16:19:04.009+0000][2815.081s][info ][safepoint     ] Leaving safepoint region
[2023-12-02T16:19:04.009+0000][2815.081s][info ][safepoint     ] Total time for which application threads were stopped: 0.0008052 seconds, Stopping threads took: 0.0003091 seconds
[2023-12-02T16:19:05.010+0000][2816.081s][debug][safepoint     ] Safepoint synchronization initiated. (205 threads)
[2023-12-02T16:19:05.010+0000][2816.082s][info ][safepoint     ] Application time: 1.0004815 seconds
[2023-12-02T16:19:05.010+0000][2816.082s][info ][safepoint     ] Entering safepoint region: Cleanup
[2023-12-02T16:19:05.011+0000][2816.082s][info ][safepoint     ] Leaving safepoint region
[2023-12-02T16:19:05.011+0000][2816.083s][info ][safepoint     ] Total time for which application threads were stopped: 0.0006671 seconds, Stopping threads took: 0.0002590 seconds
[2023-12-02T16:19:06.011+0000][2817.083s][debug][safepoint     ] Safepoint synchronization initiated. (205 threads)
[2023-12-02T16:19:06.012+0000][2817.083s][info ][safepoint     ] Application time: 1.0003554 seconds
[2023-12-02T16:19:06.012+0000][2817.084s][info ][safepoint     ] Entering safepoint region: Cleanup
[2023-12-02T16:19:06.012+0000][2817.084s][info ][safepoint     ] Leaving safepoint region
[2023-12-02T16:19:06.013+0000][2817.084s][info ][safepoint     ] Total time for which application threads were stopped: 0.0006704 seconds, Stopping threads took: 0.0002038 seconds
[2023-12-02T16:19:07.013+0000][2818.085s][debug][safepoint     ] Safepoint synchronization initiated. (205 threads)
[2023-12-02T16:19:07.013+0000][2818.085s][info ][safepoint     ] Application time: 1.0003535 seconds
[2023-12-02T16:19:07.013+0000][2818.085s][info ][safepoint     ] Entering safepoint region: Cleanup
[2023-12-02T16:19:07.014+0000][2818.085s][info ][safepoint     ] Leaving safepoint region
[2023-12-02T16:19:07.014+0000][2818.086s][info ][safepoint     ] Total time for which application threads were stopped: 0.0006522 seconds, Stopping threads took: 0.0002663 seconds
[2023-12-02T16:19:08.014+0000][2819.086s][debug][safepoint     ] Safepoint synchronization initiated. (205 threads)
[2023-12-02T16:19:08.015+0000][2819.087s][info ][safepoint     ] Application time: 1.0007986 seconds
[2023-12-02T16:19:08.015+0000][2819.087s][info ][safepoint     ] Entering safepoint region: Cleanup
[2023-12-02T16:19:08.016+0000][2819.088s][info ][safepoint     ] Leaving safepoint region
[2023-12-02T16:19:08.016+0000][2819.088s][info ][safepoint     ] Total time for which application threads were stopped: 0.0010237 seconds, Stopping threads took: 0.0004353 seconds
[2023-12-02T16:19:09.017+0000][2820.089s][debug][safepoint     ] Safepoint synchronization initiated. (205 threads)
[2023-12-02T16:19:09.017+0000][2820.089s][info ][safepoint     ] Application time: 1.0006275 seconds
[2023-12-02T16:19:09.018+0000][2820.089s][info ][safepoint     ] Entering safepoint region: Cleanup
[2023-12-02T16:19:09.020+0000][2820.091s][info ][safepoint     ] Leaving safepoint region
[2023-12-02T16:19:09.020+0000][2820.091s][info ][safepoint     ] Total time for which application threads were stopped: 0.0021264 seconds, Stopping threads took: 0.0008593 seconds
[2023-12-02T16:19:10.020+0000][2821.092s][debug][safepoint     ] Safepoint synchronization initiated. (205 threads)
[2023-12-02T16:19:10.021+0000][2821.092s][info ][safepoint     ] Application time: 1.0005396 seconds
[2023-12-02T16:19:10.021+0000][2821.093s][info ][safepoint     ] Entering safepoint region: Cleanup
[2023-12-02T16:19:10.022+0000][2821.093s][info ][safepoint     ] Leaving safepoint region
[2023-12-02T16:19:10.022+0000][2821.094s][info ][safepoint     ] Total time for which application threads were stopped: 0.0008799 seconds, Stopping threads took: 0.0003540 seconds
[2023-12-02T16:19:11.022+0000][2822.094s][debug][safepoint     ] Safepoint synchronization initiated. (205 threads)
[2023-12-02T16:19:11.023+0000][2822.094s][info ][safepoint     ] Application time: 1.0004586 seconds
[2023-12-02T16:19:11.023+0000][2822.095s][info ][safepoint     ] Entering safepoint region: Cleanup
[2023-12-02T16:19:11.023+0000][2822.095s][info ][safepoint     ] Leaving safepoint region
[2023-12-02T16:19:11.024+0000][2822.095s][info ][safepoint     ] Total time for which application threads were stopped: 0.0007310 seconds, Stopping threads took: 0.0002880 seconds
[2023-12-02T16:19:12.024+0000][2823.096s][debug][safepoint     ] Safepoint synchronization initiated. (205 threads)
[2023-12-02T16:19:12.025+0000][2823.096s][info ][safepoint     ] Application time: 1.0006698 seconds
[2023-12-02T16:19:12.025+0000][2823.097s][info ][safepoint     ] Entering safepoint region: Cleanup
[2023-12-02T16:19:12.025+0000][2823.097s][info ][safepoint     ] Leaving safepoint region
[2023-12-02T16:19:12.026+0000][2823.097s][info ][safepoint     ] Total time for which application threads were stopped: 0.0008110 seconds, Stopping threads took: 0.0003025 seconds
[2023-12-02T16:19:13.026+0000][2824.098s][debug][safepoint     ] Safepoint synchronization initiated. (205 threads)
[2023-12-02T16:19:13.027+0000][2824.098s][info ][safepoint     ] Application time: 1.0007455 seconds
[2023-12-02T16:19:13.027+0000][2824.099s][info ][safepoint     ] Entering safepoint region: Cleanup
[2023-12-02T16:19:13.028+0000][2824.100s][info ][safepoint     ] Leaving safepoint region
[2023-12-02T16:19:13.028+0000][2824.100s][info ][safepoint     ] Total time for which application threads were stopped: 0.0010542 seconds, Stopping threads took: 0.0004581 seconds
[2023-12-02T16:19:14.029+0000][2825.100s][debug][safepoint     ] Safepoint synchronization initiated. (205 threads)
[2023-12-02T16:19:14.029+0000][2825.101s][info ][safepoint     ] Application time: 1.0005968 seconds
[2023-12-02T16:19:14.030+0000][2825.101s][info ][safepoint     ] Entering safepoint region: Cleanup
[2023-12-02T16:19:14.030+0000][2825.102s][info ][safepoint     ] Leaving safepoint region
[2023-12-02T16:19:14.030+0000][2825.102s][info ][safepoint     ] Total time for which application threads were stopped: 0.0009676 seconds, Stopping threads took: 0.0003038 seconds
[2023-12-02T16:19:14.439+0000][2825.511s][debug][safepoint     ] Safepoint synchronization initiated. (205 threads)
[2023-12-02T16:19:14.440+0000][2825.511s][info ][safepoint     ] Application time: 0.4088913 seconds
[2023-12-02T16:19:14.440+0000][2825.512s][info ][safepoint     ] Entering safepoint region: Deoptimize
[2023-12-02T16:19:14.446+0000][2825.518s][info ][safepoint     ] Leaving safepoint region
[2023-12-02T16:19:14.447+0000][2825.519s][info ][safepoint     ] Total time for which application threads were stopped: 0.0068709 seconds, Stopping threads took: 0.0002599 seconds
[2023-12-02T16:19:15.448+0000][2826.519s][debug][safepoint     ] Safepoint synchronization initiated. (205 threads)
[2023-12-02T16:19:15.448+0000][2826.520s][info ][safepoint     ] Application time: 1.0008935 seconds
[2023-12-02T16:19:15.449+0000][2826.520s][info ][safepoint     ] Entering safepoint region: Cleanup
[2023-12-02T16:19:15.449+0000][2826.521s][info ][safepoint     ] Leaving safepoint region
[2023-12-02T16:19:15.449+0000][2826.521s][info ][safepoint     ] Total time for which application threads were stopped: 0.0010292 seconds, Stopping threads took: 0.0004817 seconds
[2023-12-02T16:19:16.450+0000][2827.521s][debug][safepoint     ] Safepoint synchronization initiated. (205 threads)
[2023-12-02T16:19:16.450+0000][2827.522s][info ][safepoint     ] Application time: 1.0006914 seconds
[2023-12-02T16:19:16.451+0000][2827.523s][info ][safepoint     ] Entering safepoint region: Cleanup
[2023-12-02T16:19:16.452+0000][2827.524s][info ][safepoint     ] Leaving safepoint region
[2023-12-02T16:19:16.452+0000][2827.524s][info ][safepoint     ] Total time for which application threads were stopped: 0.0013696 seconds, Stopping threads took: 0.0005948 seconds
[2023-12-02T16:19:17.453+0000][2828.525s][debug][safepoint     ] Safepoint synchronization initiated. (205 threads)
[2023-12-02T16:19:17.453+0000][2828.525s][info ][safepoint     ] Application time: 1.0005507 seconds
[2023-12-02T16:19:17.454+0000][2828.525s][info ][safepoint     ] Entering safepoint region: Cleanup
[2023-12-02T16:19:17.454+0000][2828.526s][info ][safepoint     ] Leaving safepoint region
[2023-12-02T16:19:17.455+0000][2828.526s][info ][safepoint     ] Total time for which application threads were stopped: 0.0008034 seconds, Stopping threads took: 0.0003130 seconds
[2023-12-02T16:19:18.455+0000][2829.527s][debug][safepoint     ] Safepoint synchronization initiated. (205 threads)
[2023-12-02T16:19:18.456+0000][2829.527s][info ][safepoint     ] Application time: 1.0007484 seconds
[2023-12-02T16:19:18.456+0000][2829.528s][info ][safepoint     ] Entering safepoint region: Cleanup
[2023-12-02T16:19:18.456+0000][2829.528s][info ][safepoint     ] Leaving safepoint region
[2023-12-02T16:19:18.457+0000][2829.528s][info ][safepoint     ] Total time for which application threads were stopped: 0.0007600 seconds, Stopping threads took: 0.0002749 seconds
[2023-12-02T16:19:19.457+0000][2830.529s][debug][safepoint     ] Safepoint synchronization initiated. (205 threads)
[2023-12-02T16:19:19.457+0000][2830.529s][info ][safepoint     ] Application time: 1.0005044 seconds
[2023-12-02T16:19:19.458+0000][2830.529s][info ][safepoint     ] Entering safepoint region: Cleanup
[2023-12-02T16:19:19.458+0000][2830.530s][info ][safepoint     ] Leaving safepoint region
[2023-12-02T16:19:19.458+0000][2830.530s][info ][safepoint     ] Total time for which application threads were stopped: 0.0007357 seconds, Stopping threads took: 0.0002717 seconds
[2023-12-02T16:19:20.459+0000][2831.531s][debug][safepoint     ] Safepoint synchronization initiated. (205 threads)
[2023-12-02T16:19:20.459+0000][2831.531s][info ][safepoint     ] Application time: 1.0007265 seconds
[2023-12-02T16:19:20.460+0000][2831.531s][info ][safepoint     ] Entering safepoint region: Cleanup
[2023-12-02T16:19:20.460+0000][2831.532s][info ][safepoint     ] Leaving safepoint region
[2023-12-02T16:19:20.461+0000][2831.532s][info ][safepoint     ] Total time for which application threads were stopped: 0.0009410 seconds, Stopping threads took: 0.0003850 seconds
[2023-12-02T16:19:21.461+0000][2832.533s][debug][safepoint     ] Safepoint synchronization initiated. (205 threads)
[2023-12-02T16:19:21.462+0000][2832.533s][info ][safepoint     ] Application time: 1.0005815 seconds
[2023-12-02T16:19:21.462+0000][2832.534s][info ][safepoint     ] Entering safepoint region: Cleanup
[2023-12-02T16:19:21.463+0000][2832.534s][info ][safepoint     ] Leaving safepoint region
[2023-12-02T16:19:21.463+0000][2832.534s][info ][safepoint     ] Total time for which application threads were stopped: 0.0009245 seconds, Stopping threads took: 0.0003838 seconds
[2023-12-02T16:19:22.463+0000][2833.535s][debug][safepoint     ] Safepoint synchronization initiated. (205 threads)
[2023-12-02T16:19:22.464+0000][2833.535s][info ][safepoint     ] Application time: 1.0005562 seconds
[2023-12-02T16:19:22.464+0000][2833.536s][info ][safepoint     ] Entering safepoint region: Cleanup
[2023-12-02T16:19:22.465+0000][2833.536s][info ][safepoint     ] Leaving safepoint region
[2023-12-02T16:19:22.465+0000][2833.536s][info ][safepoint     ] Total time for which application threads were stopped: 0.0008122 seconds, Stopping threads took: 0.0003077 seconds
[2023-12-02T16:19:23.465+0000][2834.537s][debug][safepoint     ] Safepoint synchronization initiated. (205 threads)
[2023-12-02T16:19:23.466+0000][2834.538s][info ][safepoint     ] Application time: 1.0009807 seconds
[2023-12-02T16:19:23.467+0000][2834.539s][info ][safepoint     ] Entering safepoint region: Cleanup
[2023-12-02T16:19:23.468+0000][2834.540s][info ][safepoint     ] Leaving safepoint region
[2023-12-02T16:19:23.469+0000][2834.540s][info ][safepoint     ] Total time for which application threads were stopped: 0.0016494 seconds, Stopping threads took: 0.0006556 seconds
[2023-12-02T16:19:24.469+0000][2835.541s][debug][safepoint     ] Safepoint synchronization initiated. (205 threads)
[2023-12-02T16:19:24.470+0000][2835.541s][info ][safepoint     ] Application time: 1.0006144 seconds
[2023-12-02T16:19:24.470+0000][2835.542s][info ][safepoint     ] Entering safepoint region: Cleanup
[2023-12-02T16:19:24.471+0000][2835.542s][info ][safepoint     ] Leaving safepoint region
[2023-12-02T16:19:24.471+0000][2835.542s][info ][safepoint     ] Total time for which application threads were stopped: 0.0007734 seconds, Stopping threads took: 0.0002231 seconds
[2023-12-02T16:19:25.472+0000][2836.543s][debug][safepoint     ] Safepoint synchronization initiated. (205 threads)
[2023-12-02T16:19:25.473+0000][2836.544s][info ][safepoint     ] Application time: 1.0012495 seconds
[2023-12-02T16:19:25.473+0000][2836.545s][debug][safepoint     ] ... found polling page return exception at pc = 0x00007f43fca85ff6, stub =0x00007f43f4840600
[2023-12-02T16:19:25.473+0000][2836.545s][debug][safepoint     ] ... found polling page return exception at pc = 0x00007f43fc50e5e8, stub =0x00007f43f4840600
[2023-12-02T16:19:25.475+0000][2836.546s][debug][safepoint     ] Waiting for 2 thread(s) to block
[2023-12-02T16:19:25.476+0000][2836.547s][info ][safepoint     ] Entering safepoint region: Cleanup
[2023-12-02T16:19:25.476+0000][2836.548s][info ][safepoint     ] Leaving safepoint region
[2023-12-02T16:19:25.477+0000][2836.548s][info ][safepoint     ] Total time for which application threads were stopped: 0.0035729 seconds, Stopping threads took: 0.0027721 seconds
[2023-12-02T16:19:26.478+0000][2837.549s][debug][safepoint     ] Safepoint synchronization initiated. (205 threads)
[2023-12-02T16:19:26.478+0000][2837.550s][info ][safepoint     ] Application time: 1.0009143 seconds
[2023-12-02T16:19:26.479+0000][2837.550s][info ][safepoint     ] Entering safepoint region: Cleanup
[2023-12-02T16:19:26.479+0000][2837.551s][info ][safepoint     ] Leaving safepoint region
[2023-12-02T16:19:26.480+0000][2837.551s][info ][safepoint     ] Total time for which application threads were stopped: 0.0013861 seconds, Stopping threads took: 0.0005795 seconds
[2023-12-02T16:19:27.481+0000][2838.552s][debug][safepoint     ] Safepoint synchronization initiated. (205 threads)
[2023-12-02T16:19:27.481+0000][2838.553s][info ][safepoint     ] Application time: 1.0009959 seconds
[2023-12-02T16:19:27.482+0000][2838.554s][info ][safepoint     ] Entering safepoint region: Cleanup
[2023-12-02T16:19:27.484+0000][2838.555s][info ][safepoint     ] Leaving safepoint region
[2023-12-02T16:19:27.484+0000][2838.555s][info ][safepoint     ] Total time for which application threads were stopped: 0.0017992 seconds, Stopping threads took: 0.0007408 seconds
[2023-12-02T16:19:28.485+0000][2839.556s][debug][safepoint     ] Safepoint synchronization initiated. (205 threads)
[2023-12-02T16:19:28.486+0000][2839.557s][info ][safepoint     ] Application time: 1.0014342 seconds
[2023-12-02T16:19:28.487+0000][2839.558s][info ][safepoint     ] Entering safepoint region: Cleanup
[2023-12-02T16:19:28.488+0000][2839.560s][info ][safepoint     ] Leaving safepoint region
[2023-12-02T16:19:28.489+0000][2839.560s][info ][safepoint     ] Total time for which application threads were stopped: 0.0018901 seconds, Stopping threads took: 0.0007283 seconds
[2023-12-02T16:19:29.490+0000][2840.561s][debug][safepoint     ] Safepoint synchronization initiated. (205 threads)
[2023-12-02T16:19:29.490+0000][2840.562s][info ][safepoint     ] Application time: 1.0010988 seconds
[2023-12-02T16:19:29.491+0000][2840.563s][info ][safepoint     ] Entering safepoint region: Cleanup
[2023-12-02T16:19:29.492+0000][2840.564s][info ][safepoint     ] Leaving safepoint region
[2023-12-02T16:19:29.493+0000][2840.564s][info ][safepoint     ] Total time for which application threads were stopped: 0.0016286 seconds, Stopping threads took: 0.0006822 seconds
[2023-12-02T16:19:30.494+0000][2841.565s][debug][safepoint     ] Safepoint synchronization initiated. (205 threads)
[2023-12-02T16:19:30.495+0000][2841.566s][info ][safepoint     ] Application time: 1.0013829 seconds
[2023-12-02T16:19:30.496+0000][2841.567s][info ][safepoint     ] Entering safepoint region: Cleanup
[2023-12-02T16:19:30.497+0000][2841.568s][info ][safepoint     ] Leaving safepoint region
[2023-12-02T16:19:30.498+0000][2841.569s][info ][safepoint     ] Total time for which application threads were stopped: 0.0022392 seconds, Stopping threads took: 0.0008626 seconds
[2023-12-02T16:19:31.499+0000][2842.570s][debug][safepoint     ] Safepoint synchronization initiated. (205 threads)
[2023-12-02T16:19:31.499+0000][2842.571s][info ][safepoint     ] Application time: 1.0007200 seconds
[2023-12-02T16:19:31.500+0000][2842.571s][info ][safepoint     ] Entering safepoint region: Cleanup
[2023-12-02T16:19:31.500+0000][2842.572s][info ][safepoint     ] Leaving safepoint region
[2023-12-02T16:19:31.500+0000][2842.572s][info ][safepoint     ] Total time for which application threads were stopped: 0.0008046 seconds, Stopping threads took: 0.0003461 seconds
[2023-12-02T16:19:32.501+0000][2843.572s][debug][safepoint     ] Safepoint synchronization initiated. (205 threads)
[2023-12-02T16:19:32.501+0000][2843.573s][info ][safepoint     ] Application time: 1.0006172 seconds
[2023-12-02T16:19:32.502+0000][2843.573s][info ][safepoint     ] Entering safepoint region: Cleanup
[2023-12-02T16:19:32.502+0000][2843.574s][info ][safepoint     ] Leaving safepoint region
[2023-12-02T16:19:32.502+0000][2843.574s][info ][safepoint     ] Total time for which application threads were stopped: 0.0008222 seconds, Stopping threads took: 0.0004170 seconds
[2023-12-02T16:19:33.503+0000][2844.575s][debug][safepoint     ] Safepoint synchronization initiated. (205 threads)
[2023-12-02T16:19:33.504+0000][2844.575s][info ][safepoint     ] Application time: 1.0010018 seconds
[2023-12-02T16:19:33.504+0000][2844.576s][info ][safepoint     ] Entering safepoint region: Cleanup
[2023-12-02T16:19:33.505+0000][2844.577s][info ][safepoint     ] Leaving safepoint region
[2023-12-02T16:19:33.506+0000][2844.577s][info ][safepoint     ] Total time for which application threads were stopped: 0.0015654 seconds, Stopping threads took: 0.0006574 seconds
[2023-12-02T16:19:34.507+0000][2845.578s][debug][safepoint     ] Safepoint synchronization initiated. (205 threads)
[2023-12-02T16:19:34.507+0000][2845.579s][info ][safepoint     ] Application time: 1.0008571 seconds
[2023-12-02T16:19:34.508+0000][2845.579s][info ][safepoint     ] Entering safepoint region: Cleanup
[2023-12-02T16:19:34.508+0000][2845.580s][info ][safepoint     ] Leaving safepoint region
[2023-12-02T16:19:34.509+0000][2845.580s][info ][safepoint     ] Total time for which application threads were stopped: 0.0006838 seconds, Stopping threads took: 0.0002148 seconds
[2023-12-02T16:19:35.509+0000][2846.580s][debug][safepoint     ] Safepoint synchronization initiated. (205 threads)
[2023-12-02T16:19:35.509+0000][2846.581s][info ][safepoint     ] Application time: 1.0006135 seconds
[2023-12-02T16:19:35.510+0000][2846.581s][info ][safepoint     ] Entering safepoint region: Cleanup
[2023-12-02T16:19:35.510+0000][2846.582s][info ][safepoint     ] Leaving safepoint region
[2023-12-02T16:19:35.511+0000][2846.582s][info ][safepoint     ] Total time for which application threads were stopped: 0.0008661 seconds, Stopping threads took: 0.0003361 seconds
[2023-12-02T16:19:36.511+0000][2847.582s][debug][safepoint     ] Safepoint synchronization initiated. (205 threads)
[2023-12-02T16:19:36.511+0000][2847.583s][info ][safepoint     ] Application time: 1.0005479 seconds
[2023-12-02T16:19:36.512+0000][2847.583s][info ][safepoint     ] Entering safepoint region: Cleanup
[2023-12-02T16:19:36.512+0000][2847.584s][info ][safepoint     ] Leaving safepoint region
[2023-12-02T16:19:36.513+0000][2847.584s][info ][safepoint     ] Total time for which application threads were stopped: 0.0008538 seconds, Stopping threads took: 0.0003092 seconds
[2023-12-02T16:19:37.513+0000][2848.585s][debug][safepoint     ] Safepoint synchronization initiated. (205 threads)
[2023-12-02T16:19:37.514+0000][2848.586s][info ][safepoint     ] Application time: 1.0011207 seconds
[2023-12-02T16:19:37.515+0000][2848.586s][info ][safepoint     ] Entering safepoint region: Cleanup
[2023-12-02T16:19:37.516+0000][2848.587s][info ][safepoint     ] Leaving safepoint region
[2023-12-02T16:19:37.516+0000][2848.588s][info ][safepoint     ] Total time for which application threads were stopped: 0.0015480 seconds, Stopping threads took: 0.0007072 seconds
[2023-12-02T16:19:38.517+0000][2849.589s][debug][safepoint     ] Safepoint synchronization initiated. (205 threads)
[2023-12-02T16:19:38.518+0000][2849.589s][info ][safepoint     ] Application time: 1.0008216 seconds
[2023-12-02T16:19:38.518+0000][2849.590s][info ][safepoint     ] Entering safepoint region: Cleanup
[2023-12-02T16:19:38.519+0000][2849.590s][info ][safepoint     ] Leaving safepoint region
[2023-12-02T16:19:38.519+0000][2849.591s][info ][safepoint     ] Total time for which application threads were stopped: 0.0010911 seconds, Stopping threads took: 0.0004607 seconds
[2023-12-02T16:19:39.520+0000][2850.591s][debug][safepoint     ] Safepoint synchronization initiated. (205 threads)
[2023-12-02T16:19:39.521+0000][2850.592s][info ][safepoint     ] Application time: 1.0012001 seconds
[2023-12-02T16:19:39.521+0000][2850.593s][info ][safepoint     ] Entering safepoint region: Cleanup
[2023-12-02T16:19:39.523+0000][2850.594s][info ][safepoint     ] Leaving safepoint region
[2023-12-02T16:19:39.523+0000][2850.595s][info ][safepoint     ] Total time for which application threads were stopped: 0.0018767 seconds, Stopping threads took: 0.0007442 seconds
[2023-12-02T16:19:40.105+0000][2851.176s][debug][safepoint     ] Safepoint synchronization initiated. (206 threads)
[2023-12-02T16:19:40.105+0000][2851.177s][info ][safepoint     ] Application time: 0.5813071 seconds
[2023-12-02T16:19:40.106+0000][2851.177s][info ][safepoint     ] Entering safepoint region: G1CollectForAllocation
[2023-12-02T16:19:40.107+0000][2851.178s][info ][gc,start      ] GC(80) Pause Young (Concurrent Start) (G1 Humongous Allocation)
[2023-12-02T16:19:40.107+0000][2851.178s][info ][gc,task       ] GC(80) Using 8 workers of 8 for evacuation
[2023-12-02T16:19:40.116+0000][2851.187s][info ][gc,phases     ] GC(80)   Pre Evacuate Collection Set: 0.5ms
[2023-12-02T16:19:40.116+0000][2851.188s][info ][gc,phases     ] GC(80)   Evacuate Collection Set: 5.5ms
[2023-12-02T16:19:40.117+0000][2851.188s][info ][gc,phases     ] GC(80)   Post Evacuate Collection Set: 2.1ms
[2023-12-02T16:19:40.117+0000][2851.189s][info ][gc,phases     ] GC(80)   Other: 1.2ms
[2023-12-02T16:19:40.118+0000][2851.189s][info ][gc,heap       ] GC(80) Eden regions: 74->0(174)
[2023-12-02T16:19:40.118+0000][2851.189s][info ][gc,heap       ] GC(80) Survivor regions: 3->2(23)
[2023-12-02T16:19:40.118+0000][2851.190s][info ][gc,heap       ] GC(80) Old regions: 151->151
[2023-12-02T16:19:40.118+0000][2851.190s][info ][gc,heap       ] GC(80) Humongous regions: 45->45
[2023-12-02T16:19:40.119+0000][2851.190s][info ][gc,metaspace  ] GC(80) Metaspace: 174447K(194588K)->174447K(194588K) NonClass: 154488K(170784K)->154488K(170784K) Class: 19958K(23804K)->19958K(23804K)
[2023-12-02T16:19:40.119+0000][2851.190s][info ][gc            ] GC(80) Pause Young (Concurrent Start) (G1 Humongous Allocation) 270M->196M(427M) 12.358ms
[2023-12-02T16:19:40.119+0000][2851.191s][info ][gc,cpu        ] GC(80) User=0.05s Sys=0.00s Real=0.01s
[2023-12-02T16:19:40.120+0000][2851.191s][info ][gc            ] GC(81) Concurrent Cycle
[2023-12-02T16:19:40.120+0000][2851.191s][info ][gc,marking    ] GC(81) Concurrent Clear Claimed Marks
[2023-12-02T16:19:40.120+0000][2851.191s][info ][safepoint     ] Leaving safepoint region
[2023-12-02T16:19:40.120+0000][2851.192s][info ][safepoint     ] Total time for which application threads were stopped: 0.0143168 seconds, Stopping threads took: 0.0004660 seconds
[2023-12-02T16:19:40.120+0000][2851.192s][info ][gc,stringdedup] Concurrent String Deduplication (2851.192s)
[2023-12-02T16:19:40.121+0000][2851.192s][info ][gc,stringdedup] Concurrent String Deduplication 456.0B->224.0B(232.0B) avg 52.7% (2851.192s, 2851.192s) 0.255ms
[2023-12-02T16:19:40.121+0000][2851.192s][info ][gc,marking    ] GC(81) Concurrent Clear Claimed Marks 1.115ms
[2023-12-02T16:19:40.121+0000][2851.193s][info ][gc,marking    ] GC(81) Concurrent Scan Root Regions
[2023-12-02T16:19:40.124+0000][2851.196s][info ][gc,marking    ] GC(81) Concurrent Scan Root Regions 2.943ms
[2023-12-02T16:19:40.124+0000][2851.196s][info ][gc,marking    ] GC(81) Concurrent Mark (2851.196s)
[2023-12-02T16:19:40.125+0000][2851.196s][info ][gc,marking    ] GC(81) Concurrent Mark From Roots
[2023-12-02T16:19:40.125+0000][2851.196s][info ][gc,task       ] GC(81) Using 2 workers of 2 for marking
[2023-12-02T16:19:40.240+0000][2851.312s][info ][gc,marking    ] GC(81) Concurrent Mark From Roots 115.875ms
[2023-12-02T16:19:40.241+0000][2851.312s][info ][gc,marking    ] GC(81) Concurrent Preclean
[2023-12-02T16:19:40.242+0000][2851.313s][info ][gc,marking    ] GC(81) Concurrent Preclean 0.717ms
[2023-12-02T16:19:40.242+0000][2851.313s][info ][gc,marking    ] GC(81) Concurrent Mark (2851.196s, 2851.313s) 117.492ms
[2023-12-02T16:19:40.242+0000][2851.314s][debug][safepoint     ] Safepoint synchronization initiated. (206 threads)
[2023-12-02T16:19:40.243+0000][2851.314s][info ][safepoint     ] Application time: 0.1221438 seconds
[2023-12-02T16:19:40.243+0000][2851.314s][info ][safepoint     ] Entering safepoint region: CGC_Operation
[2023-12-02T16:19:40.243+0000][2851.315s][info ][gc,start      ] GC(81) Pause Remark
[2023-12-02T16:19:40.301+0000][2851.372s][info ][gc,stringtable] GC(81) Cleaned string and symbol table, strings: 73482 processed, 690 removed, symbols: 416773 processed, 1521 removed
[2023-12-02T16:19:40.302+0000][2851.373s][info ][gc            ] GC(81) Pause Remark 204M->204M(427M) 58.321ms
[2023-12-02T16:19:40.302+0000][2851.373s][info ][gc,cpu        ] GC(81) User=0.37s Sys=0.00s Real=0.06s
[2023-12-02T16:19:40.302+0000][2851.374s][info ][safepoint     ] Leaving safepoint region
[2023-12-02T16:19:40.302+0000][2851.374s][info ][safepoint     ] Total time for which application threads were stopped: 0.0593556 seconds, Stopping threads took: 0.0002798 seconds
[2023-12-02T16:19:40.302+0000][2851.374s][info ][gc,marking    ] GC(81) Concurrent Rebuild Remembered Sets
[2023-12-02T16:19:40.389+0000][2851.461s][info ][gc,marking    ] GC(81) Concurrent Rebuild Remembered Sets 87.032ms
[2023-12-02T16:19:40.390+0000][2851.461s][debug][safepoint     ] Safepoint synchronization initiated. (206 threads)
[2023-12-02T16:19:40.390+0000][2851.461s][info ][safepoint     ] Application time: 0.0875574 seconds
[2023-12-02T16:19:40.390+0000][2851.462s][info ][safepoint     ] Entering safepoint region: CGC_Operation
[2023-12-02T16:19:40.391+0000][2851.462s][info ][gc,start      ] GC(81) Pause Cleanup
[2023-12-02T16:19:40.391+0000][2851.463s][info ][gc            ] GC(81) Pause Cleanup 204M->204M(427M) 0.534ms
[2023-12-02T16:19:40.391+0000][2851.463s][info ][gc,cpu        ] GC(81) User=0.00s Sys=0.00s Real=0.00s
[2023-12-02T16:19:40.392+0000][2851.463s][info ][safepoint     ] Leaving safepoint region
[2023-12-02T16:19:40.392+0000][2851.463s][info ][safepoint     ] Total time for which application threads were stopped: 0.0014937 seconds, Stopping threads took: 0.0003080 seconds
[2023-12-02T16:19:40.392+0000][2851.463s][info ][gc,marking    ] GC(81) Concurrent Cleanup for Next Mark
[2023-12-02T16:19:40.396+0000][2851.467s][info ][gc,marking    ] GC(81) Concurrent Cleanup for Next Mark 3.886ms
[2023-12-02T16:19:40.396+0000][2851.468s][info ][gc            ] GC(81) Concurrent Cycle 276.570ms
[2023-12-02T16:19:40.682+0000][2851.753s][debug][safepoint     ] Safepoint synchronization initiated. (206 threads)
[2023-12-02T16:19:40.682+0000][2851.754s][info ][safepoint     ] Application time: 0.2903318 seconds
[2023-12-02T16:19:40.683+0000][2851.755s][info ][safepoint     ] Entering safepoint region: ICBufferFull
[2023-12-02T16:19:40.684+0000][2851.756s][info ][safepoint     ] Leaving safepoint region
[2023-12-02T16:19:40.685+0000][2851.756s][info ][safepoint     ] Total time for which application threads were stopped: 0.0017146 seconds, Stopping threads took: 0.0008867 seconds
[2023-12-02T16:19:41.685+0000][2852.757s][debug][safepoint     ] Safepoint synchronization initiated. (206 threads)
[2023-12-02T16:19:41.686+0000][2852.758s][info ][safepoint     ] Application time: 1.0011454 seconds
[2023-12-02T16:19:41.687+0000][2852.759s][info ][safepoint     ] Entering safepoint region: Cleanup
[2023-12-02T16:19:41.688+0000][2852.760s][info ][safepoint     ] Leaving safepoint region
[2023-12-02T16:19:41.689+0000][2852.760s][info ][safepoint     ] Total time for which application threads were stopped: 0.0018624 seconds, Stopping threads took: 0.0008215 seconds
[2023-12-02T16:19:42.690+0000][2853.761s][debug][safepoint     ] Safepoint synchronization initiated. (206 threads)
[2023-12-02T16:19:42.690+0000][2853.762s][info ][safepoint     ] Application time: 1.0009520 seconds
[2023-12-02T16:19:42.691+0000][2853.762s][info ][safepoint     ] Entering safepoint region: Cleanup
[2023-12-02T16:19:42.692+0000][2853.763s][info ][safepoint     ] Leaving safepoint region
[2023-12-02T16:19:42.692+0000][2853.764s][info ][safepoint     ] Total time for which application threads were stopped: 0.0015545 seconds, Stopping threads took: 0.0005662 seconds
[2023-12-02T16:19:43.693+0000][2854.765s][debug][safepoint     ] Safepoint synchronization initiated. (206 threads)
[2023-12-02T16:19:43.694+0000][2854.765s][info ][safepoint     ] Application time: 1.0004336 seconds
[2023-12-02T16:19:43.694+0000][2854.765s][info ][safepoint     ] Entering safepoint region: Cleanup
[2023-12-02T16:19:43.694+0000][2854.766s][info ][safepoint     ] Leaving safepoint region
[2023-12-02T16:19:43.695+0000][2854.766s][info ][safepoint     ] Total time for which application threads were stopped: 0.0007158 seconds, Stopping threads took: 0.0003195 seconds
[2023-12-02T16:19:44.695+0000][2855.766s][debug][safepoint     ] Safepoint synchronization initiated. (206 threads)
[2023-12-02T16:19:44.696+0000][2855.767s][info ][safepoint     ] Application time: 1.0007351 seconds
[2023-12-02T16:19:44.696+0000][2855.767s][info ][safepoint     ] Entering safepoint region: Cleanup
[2023-12-02T16:19:44.697+0000][2855.768s][info ][safepoint     ] Leaving safepoint region
[2023-12-02T16:19:44.697+0000][2855.768s][info ][safepoint     ] Total time for which application threads were stopped: 0.0010802 seconds, Stopping threads took: 0.0004825 seconds
[2023-12-02T16:19:45.698+0000][2856.769s][debug][safepoint     ] Safepoint synchronization initiated. (206 threads)
[2023-12-02T16:19:45.698+0000][2856.770s][info ][safepoint     ] Application time: 1.0010976 seconds
[2023-12-02T16:19:45.699+0000][2856.771s][info ][safepoint     ] Entering safepoint region: Cleanup
[2023-12-02T16:19:45.701+0000][2856.772s][info ][safepoint     ] Leaving safepoint region
[2023-12-02T16:19:45.702+0000][2856.773s][info ][safepoint     ] Total time for which application threads were stopped: 0.0022609 seconds, Stopping threads took: 0.0009241 seconds
[2023-12-02T16:19:46.703+0000][2857.774s][debug][safepoint     ] Safepoint synchronization initiated. (206 threads)
[2023-12-02T16:19:46.704+0000][2857.775s][info ][safepoint     ] Application time: 1.0014759 seconds
[2023-12-02T16:19:46.705+0000][2857.776s][info ][safepoint     ] Entering safepoint region: Cleanup
[2023-12-02T16:19:46.706+0000][2857.777s][info ][safepoint     ] Leaving safepoint region
[2023-12-02T16:19:46.707+0000][2857.778s][info ][safepoint     ] Total time for which application threads were stopped: 0.0020954 seconds, Stopping threads took: 0.0008664 seconds
[2023-12-02T16:19:47.708+0000][2858.779s][debug][safepoint     ] Safepoint synchronization initiated. (206 threads)
[2023-12-02T16:19:47.708+0000][2858.779s][info ][safepoint     ] Application time: 1.0006362 seconds
[2023-12-02T16:19:47.708+0000][2858.780s][info ][safepoint     ] Entering safepoint region: Cleanup
[2023-12-02T16:19:47.709+0000][2858.781s][info ][safepoint     ] Leaving safepoint region
[2023-12-02T16:19:47.710+0000][2858.781s][info ][safepoint     ] Total time for which application threads were stopped: 0.0011012 seconds, Stopping threads took: 0.0004904 seconds
[2023-12-02T16:19:48.710+0000][2859.782s][debug][safepoint     ] Safepoint synchronization initiated. (206 threads)
[2023-12-02T16:19:48.711+0000][2859.782s][info ][safepoint     ] Application time: 1.0010882 seconds
[2023-12-02T16:19:48.712+0000][2859.783s][info ][safepoint     ] Entering safepoint region: Cleanup
[2023-12-02T16:19:48.713+0000][2859.784s][info ][safepoint     ] Leaving safepoint region
[2023-12-02T16:19:48.713+0000][2859.785s][info ][safepoint     ] Total time for which application threads were stopped: 0.0016706 seconds, Stopping threads took: 0.0007112 seconds
[2023-12-02T16:19:49.714+0000][2860.786s][debug][safepoint     ] Safepoint synchronization initiated. (206 threads)
[2023-12-02T16:19:49.715+0000][2860.786s][info ][safepoint     ] Application time: 1.0006685 seconds
[2023-12-02T16:19:49.715+0000][2860.787s][info ][safepoint     ] Entering safepoint region: Cleanup
[2023-12-02T16:19:49.716+0000][2860.787s][info ][safepoint     ] Leaving safepoint region
[2023-12-02T16:19:49.716+0000][2860.788s][info ][safepoint     ] Total time for which application threads were stopped: 0.0010262 seconds, Stopping threads took: 0.0004691 seconds
[2023-12-02T16:19:50.717+0000][2861.788s][debug][safepoint     ] Safepoint synchronization initiated. (206 threads)
[2023-12-02T16:19:50.717+0000][2861.789s][info ][safepoint     ] Application time: 1.0009938 seconds
[2023-12-02T16:19:50.718+0000][2861.789s][info ][safepoint     ] Entering safepoint region: Cleanup
[2023-12-02T16:19:50.719+0000][2861.790s][info ][safepoint     ] Leaving safepoint region
[2023-12-02T16:19:50.719+0000][2861.790s][info ][safepoint     ] Total time for which application threads were stopped: 0.0009381 seconds, Stopping threads took: 0.0004562 seconds
[2023-12-02T16:19:51.719+0000][2862.791s][debug][safepoint     ] Safepoint synchronization initiated. (206 threads)
[2023-12-02T16:19:51.720+0000][2862.792s][info ][safepoint     ] Application time: 1.0009701 seconds
[2023-12-02T16:19:51.721+0000][2862.792s][info ][safepoint     ] Entering safepoint region: Cleanup
[2023-12-02T16:19:51.722+0000][2862.793s][info ][safepoint     ] Leaving safepoint region
[2023-12-02T16:19:51.722+0000][2862.793s][info ][safepoint     ] Total time for which application threads were stopped: 0.0011577 seconds, Stopping threads took: 0.0005520 seconds
[2023-12-02T16:19:52.723+0000][2863.794s][debug][safepoint     ] Safepoint synchronization initiated. (206 threads)
[2023-12-02T16:19:52.723+0000][2863.795s][info ][safepoint     ] Application time: 1.0011354 seconds
[2023-12-02T16:19:52.724+0000][2863.796s][info ][safepoint     ] Entering safepoint region: Cleanup
[2023-12-02T16:19:52.725+0000][2863.797s][info ][safepoint     ] Leaving safepoint region
[2023-12-02T16:19:52.725+0000][2863.797s][info ][safepoint     ] Total time for which application threads were stopped: 0.0012930 seconds, Stopping threads took: 0.0006631 seconds
[2023-12-02T16:19:53.726+0000][2864.797s][debug][safepoint     ] Safepoint synchronization initiated. (206 threads)
[2023-12-02T16:19:53.727+0000][2864.798s][info ][safepoint     ] Application time: 1.0009805 seconds
[2023-12-02T16:19:53.728+0000][2864.799s][info ][safepoint     ] Entering safepoint region: Cleanup
[2023-12-02T16:19:53.729+0000][2864.800s][info ][safepoint     ] Leaving safepoint region
[2023-12-02T16:19:53.730+0000][2864.801s][info ][safepoint     ] Total time for which application threads were stopped: 0.0017858 seconds, Stopping threads took: 0.0007518 seconds
[2023-12-02T16:19:54.730+0000][2865.802s][debug][safepoint     ] Safepoint synchronization initiated. (206 threads)
[2023-12-02T16:19:54.731+0000][2865.803s][info ][safepoint     ] Application time: 1.0009273 seconds
[2023-12-02T16:19:54.732+0000][2865.803s][info ][safepoint     ] Entering safepoint region: Cleanup
[2023-12-02T16:19:54.733+0000][2865.804s][info ][safepoint     ] Leaving safepoint region
[2023-12-02T16:19:54.733+0000][2865.805s][info ][safepoint     ] Total time for which application threads were stopped: 0.0015907 seconds, Stopping threads took: 0.0006450 seconds
[2023-12-02T16:19:55.734+0000][2866.806s][debug][safepoint     ] Safepoint synchronization initiated. (206 threads)
[2023-12-02T16:19:55.735+0000][2866.806s][info ][safepoint     ] Application time: 1.0010085 seconds
[2023-12-02T16:19:55.735+0000][2866.807s][info ][safepoint     ] Entering safepoint region: Cleanup
[2023-12-02T16:19:55.736+0000][2866.808s][info ][safepoint     ] Leaving safepoint region
[2023-12-02T16:19:55.737+0000][2866.808s][info ][safepoint     ] Total time for which application threads were stopped: 0.0016147 seconds, Stopping threads took: 0.0006776 seconds
[2023-12-02T16:19:56.738+0000][2867.810s][debug][safepoint     ] Safepoint synchronization initiated. (206 threads)
[2023-12-02T16:19:56.739+0000][2867.810s][info ][safepoint     ] Application time: 1.0012075 seconds
[2023-12-02T16:19:56.740+0000][2867.811s][info ][safepoint     ] Entering safepoint region: Cleanup
[2023-12-02T16:19:56.741+0000][2867.812s][info ][safepoint     ] Leaving safepoint region
[2023-12-02T16:19:56.742+0000][2867.813s][info ][safepoint     ] Total time for which application threads were stopped: 0.0019043 seconds, Stopping threads took: 0.0007642 seconds
[2023-12-02T16:19:57.743+0000][2868.814s][debug][safepoint     ] Safepoint synchronization initiated. (206 threads)
[2023-12-02T16:19:57.744+0000][2868.815s][info ][safepoint     ] Application time: 1.0011814 seconds
[2023-12-02T16:19:57.744+0000][2868.816s][info ][safepoint     ] Entering safepoint region: Cleanup
[2023-12-02T16:19:57.745+0000][2868.817s][info ][safepoint     ] Leaving safepoint region
[2023-12-02T16:19:57.746+0000][2868.817s][info ][safepoint     ] Total time for which application threads were stopped: 0.0016723 seconds, Stopping threads took: 0.0006017 seconds
[2023-12-02T16:19:58.747+0000][2869.818s][debug][safepoint     ] Safepoint synchronization initiated. (206 threads)
[2023-12-02T16:19:58.748+0000][2869.819s][info ][safepoint     ] Application time: 1.0013647 seconds
[2023-12-02T16:19:58.748+0000][2869.820s][info ][safepoint     ] Entering safepoint region: Cleanup
[2023-12-02T16:19:58.749+0000][2869.821s][info ][safepoint     ] Leaving safepoint region
[2023-12-02T16:19:58.750+0000][2869.822s][info ][safepoint     ] Total time for which application threads were stopped: 0.0020028 seconds, Stopping threads took: 0.0007569 seconds
[2023-12-02T16:19:59.752+0000][2870.823s][debug][safepoint     ] Safepoint synchronization initiated. (206 threads)
[2023-12-02T16:19:59.752+0000][2870.824s][info ][safepoint     ] Application time: 1.0009466 seconds
[2023-12-02T16:19:59.753+0000][2870.824s][info ][safepoint     ] Entering safepoint region: Cleanup
[2023-12-02T16:19:59.754+0000][2870.825s][info ][safepoint     ] Leaving safepoint region
[2023-12-02T16:19:59.754+0000][2870.825s][info ][safepoint     ] Total time for which application threads were stopped: 0.0012935 seconds, Stopping threads took: 0.0005690 seconds
[2023-12-02T16:20:00.755+0000][2871.826s][debug][safepoint     ] Safepoint synchronization initiated. (206 threads)
[2023-12-02T16:20:00.756+0000][2871.827s][info ][safepoint     ] Application time: 1.0013295 seconds
[2023-12-02T16:20:00.757+0000][2871.828s][info ][safepoint     ] Entering safepoint region: Cleanup
[2023-12-02T16:20:00.758+0000][2871.829s][info ][safepoint     ] Leaving safepoint region
[2023-12-02T16:20:00.758+0000][2871.830s][info ][safepoint     ] Total time for which application threads were stopped: 0.0017463 seconds, Stopping threads took: 0.0008002 seconds
[2023-12-02T16:20:01.759+0000][2872.831s][debug][safepoint     ] Safepoint synchronization initiated. (206 threads)
[2023-12-02T16:20:01.760+0000][2872.832s][info ][safepoint     ] Application time: 1.0013567 seconds
[2023-12-02T16:20:01.761+0000][2872.833s][info ][safepoint     ] Entering safepoint region: Cleanup
[2023-12-02T16:20:01.764+0000][2872.835s][info ][safepoint     ] Leaving safepoint region
[2023-12-02T16:20:01.765+0000][2872.836s][info ][safepoint     ] Total time for which application threads were stopped: 0.0033377 seconds, Stopping threads took: 0.0021775 seconds
[2023-12-02T16:20:02.765+0000][2873.837s][debug][safepoint     ] Safepoint synchronization initiated. (206 threads)
[2023-12-02T16:20:02.766+0000][2873.838s][info ][safepoint     ] Application time: 1.0014139 seconds
[2023-12-02T16:20:02.767+0000][2873.839s][info ][safepoint     ] Entering safepoint region: Cleanup
[2023-12-02T16:20:02.769+0000][2873.840s][info ][safepoint     ] Leaving safepoint region
[2023-12-02T16:20:02.770+0000][2873.841s][info ][safepoint     ] Total time for which application threads were stopped: 0.0021650 seconds, Stopping threads took: 0.0008832 seconds
[2023-12-02T16:20:03.771+0000][2874.842s][debug][safepoint     ] Safepoint synchronization initiated. (206 threads)
[2023-12-02T16:20:03.772+0000][2874.843s][info ][safepoint     ] Application time: 1.0011087 seconds
[2023-12-02T16:20:03.772+0000][2874.844s][info ][safepoint     ] Entering safepoint region: Cleanup
[2023-12-02T16:20:03.774+0000][2874.845s][info ][safepoint     ] Leaving safepoint region
[2023-12-02T16:20:03.774+0000][2874.846s][info ][safepoint     ] Total time for which application threads were stopped: 0.0019591 seconds, Stopping threads took: 0.0007899 seconds
[2023-12-02T16:20:04.776+0000][2875.847s][debug][safepoint     ] Safepoint synchronization initiated. (206 threads)
[2023-12-02T16:20:04.777+0000][2875.848s][info ][safepoint     ] Application time: 1.0014024 seconds
[2023-12-02T16:20:04.777+0000][2875.849s][info ][safepoint     ] Entering safepoint region: Cleanup
[2023-12-02T16:20:04.779+0000][2875.850s][info ][safepoint     ] Leaving safepoint region
[2023-12-02T16:20:04.779+0000][2875.851s][info ][safepoint     ] Total time for which application threads were stopped: 0.0020170 seconds, Stopping threads took: 0.0009011 seconds
[2023-12-02T16:20:05.780+0000][2876.852s][debug][safepoint     ] Safepoint synchronization initiated. (206 threads)
[2023-12-02T16:20:05.781+0000][2876.853s][info ][safepoint     ] Application time: 1.0010049 seconds
[2023-12-02T16:20:05.782+0000][2876.853s][info ][safepoint     ] Entering safepoint region: Cleanup
[2023-12-02T16:20:05.783+0000][2876.855s][info ][safepoint     ] Leaving safepoint region
[2023-12-02T16:20:05.784+0000][2876.855s][info ][safepoint     ] Total time for which application threads were stopped: 0.0020015 seconds, Stopping threads took: 0.0008487 seconds
[2023-12-02T16:20:06.785+0000][2877.856s][debug][safepoint     ] Safepoint synchronization initiated. (206 threads)
[2023-12-02T16:20:06.786+0000][2877.857s][info ][safepoint     ] Application time: 1.0013430 seconds
[2023-12-02T16:20:06.786+0000][2877.858s][info ][safepoint     ] Entering safepoint region: Cleanup
[2023-12-02T16:20:06.788+0000][2877.859s][info ][safepoint     ] Leaving safepoint region
[2023-12-02T16:20:06.789+0000][2877.860s][info ][safepoint     ] Total time for which application threads were stopped: 0.0021659 seconds, Stopping threads took: 0.0008429 seconds
[2023-12-02T16:20:07.790+0000][2878.861s][debug][safepoint     ] Safepoint synchronization initiated. (206 threads)
[2023-12-02T16:20:07.790+0000][2878.862s][info ][safepoint     ] Application time: 1.0010853 seconds
[2023-12-02T16:20:07.791+0000][2878.862s][info ][safepoint     ] Entering safepoint region: Cleanup
[2023-12-02T16:20:07.792+0000][2878.863s][info ][safepoint     ] Leaving safepoint region
[2023-12-02T16:20:07.792+0000][2878.864s][info ][safepoint     ] Total time for which application threads were stopped: 0.0013631 seconds, Stopping threads took: 0.0006766 seconds
[2023-12-02T16:20:08.793+0000][2879.865s][debug][safepoint     ] Safepoint synchronization initiated. (206 threads)
[2023-12-02T16:20:08.794+0000][2879.865s][info ][safepoint     ] Application time: 1.0009444 seconds
[2023-12-02T16:20:08.795+0000][2879.866s][info ][safepoint     ] Entering safepoint region: Cleanup
[2023-12-02T16:20:08.795+0000][2879.867s][info ][safepoint     ] Leaving safepoint region
[2023-12-02T16:20:08.796+0000][2879.867s][info ][safepoint     ] Total time for which application threads were stopped: 0.0013110 seconds, Stopping threads took: 0.0005901 seconds
[2023-12-02T16:20:09.796+0000][2880.868s][debug][safepoint     ] Safepoint synchronization initiated. (206 threads)
[2023-12-02T16:20:09.797+0000][2880.868s][info ][safepoint     ] Application time: 1.0007997 seconds
[2023-12-02T16:20:09.798+0000][2880.869s][info ][safepoint     ] Entering safepoint region: Cleanup
[2023-12-02T16:20:09.798+0000][2880.870s][info ][safepoint     ] Leaving safepoint region
[2023-12-02T16:20:09.799+0000][2880.870s][info ][safepoint     ] Total time for which application threads were stopped: 0.0012411 seconds, Stopping threads took: 0.0006078 seconds
[2023-12-02T16:20:10.800+0000][2881.871s][debug][safepoint     ] Safepoint synchronization initiated. (206 threads)
[2023-12-02T16:20:10.800+0000][2881.872s][info ][safepoint     ] Application time: 1.0013621 seconds
[2023-12-02T16:20:10.801+0000][2881.873s][info ][safepoint     ] Entering safepoint region: Cleanup
[2023-12-02T16:20:10.802+0000][2881.874s][info ][safepoint     ] Leaving safepoint region
[2023-12-02T16:20:10.803+0000][2881.875s][info ][safepoint     ] Total time for which application threads were stopped: 0.0019055 seconds, Stopping threads took: 0.0007874 seconds
[2023-12-02T16:20:11.804+0000][2882.875s][debug][safepoint     ] Safepoint synchronization initiated. (206 threads)
[2023-12-02T16:20:11.804+0000][2882.876s][info ][safepoint     ] Application time: 1.0004668 seconds
[2023-12-02T16:20:11.805+0000][2882.876s][info ][safepoint     ] Entering safepoint region: Cleanup
[2023-12-02T16:20:11.805+0000][2882.876s][info ][safepoint     ] Leaving safepoint region
[2023-12-02T16:20:11.805+0000][2882.877s][info ][safepoint     ] Total time for which application threads were stopped: 0.0006837 seconds, Stopping threads took: 0.0002389 seconds
[2023-12-02T16:20:12.806+0000][2883.877s][debug][safepoint     ] Safepoint synchronization initiated. (206 threads)
[2023-12-02T16:20:12.807+0000][2883.878s][info ][safepoint     ] Application time: 1.0011268 seconds
[2023-12-02T16:20:12.808+0000][2883.879s][info ][safepoint     ] Entering safepoint region: Cleanup
[2023-12-02T16:20:12.809+0000][2883.880s][info ][safepoint     ] Leaving safepoint region
[2023-12-02T16:20:12.810+0000][2883.881s][info ][safepoint     ] Total time for which application threads were stopped: 0.0019921 seconds, Stopping threads took: 0.0007543 seconds
[2023-12-02T16:20:13.811+0000][2884.882s][debug][safepoint     ] Safepoint synchronization initiated. (206 threads)
[2023-12-02T16:20:13.812+0000][2884.883s][info ][safepoint     ] Application time: 1.0012714 seconds
[2023-12-02T16:20:13.813+0000][2884.884s][info ][safepoint     ] Entering safepoint region: Cleanup
[2023-12-02T16:20:13.814+0000][2884.885s][info ][safepoint     ] Leaving safepoint region
[2023-12-02T16:20:13.814+0000][2884.886s][info ][safepoint     ] Total time for which application threads were stopped: 0.0016490 seconds, Stopping threads took: 0.0006393 seconds
[2023-12-02T16:20:14.815+0000][2885.886s][debug][safepoint     ] Safepoint synchronization initiated. (206 threads)
[2023-12-02T16:20:14.816+0000][2885.887s][info ][safepoint     ] Application time: 1.0007091 seconds
[2023-12-02T16:20:14.816+0000][2885.888s][info ][safepoint     ] Entering safepoint region: Cleanup
[2023-12-02T16:20:14.818+0000][2885.889s][info ][safepoint     ] Leaving safepoint region
[2023-12-02T16:20:14.818+0000][2885.890s][info ][safepoint     ] Total time for which application threads were stopped: 0.0020745 seconds, Stopping threads took: 0.0011842 seconds
[2023-12-02T16:20:15.819+0000][2886.890s][debug][safepoint     ] Safepoint synchronization initiated. (206 threads)
[2023-12-02T16:20:15.820+0000][2886.891s][info ][safepoint     ] Application time: 1.0012080 seconds
[2023-12-02T16:20:15.821+0000][2886.892s][info ][safepoint     ] Entering safepoint region: Cleanup
[2023-12-02T16:20:15.822+0000][2886.893s][info ][safepoint     ] Leaving safepoint region
[2023-12-02T16:20:15.823+0000][2886.894s][info ][safepoint     ] Total time for which application threads were stopped: 0.0019845 seconds, Stopping threads took: 0.0008852 seconds
[2023-12-02T16:20:16.823+0000][2887.895s][debug][safepoint     ] Safepoint synchronization initiated. (206 threads)
[2023-12-02T16:20:16.824+0000][2887.895s][info ][safepoint     ] Application time: 1.0009226 seconds
[2023-12-02T16:20:16.825+0000][2887.896s][info ][safepoint     ] Entering safepoint region: Cleanup
[2023-12-02T16:20:16.825+0000][2887.897s][info ][safepoint     ] Leaving safepoint region
[2023-12-02T16:20:16.826+0000][2887.897s][info ][safepoint     ] Total time for which application threads were stopped: 0.0013027 seconds, Stopping threads took: 0.0006082 seconds
[2023-12-02T16:20:17.826+0000][2888.898s][debug][safepoint     ] Safepoint synchronization initiated. (206 threads)
[2023-12-02T16:20:17.827+0000][2888.899s][info ][safepoint     ] Application time: 1.0013577 seconds
[2023-12-02T16:20:17.828+0000][2888.900s][info ][safepoint     ] Entering safepoint region: Cleanup
[2023-12-02T16:20:17.830+0000][2888.901s][info ][safepoint     ] Leaving safepoint region
[2023-12-02T16:20:17.830+0000][2888.902s][info ][safepoint     ] Total time for which application threads were stopped: 0.0020229 seconds, Stopping threads took: 0.0007932 seconds
[2023-12-02T16:20:18.831+0000][2889.903s][debug][safepoint     ] Safepoint synchronization initiated. (206 threads)
[2023-12-02T16:20:18.832+0000][2889.904s][info ][safepoint     ] Application time: 1.0012183 seconds
[2023-12-02T16:20:18.833+0000][2889.904s][info ][safepoint     ] Entering safepoint region: Cleanup
[2023-12-02T16:20:18.834+0000][2889.905s][info ][safepoint     ] Leaving safepoint region
[2023-12-02T16:20:18.835+0000][2889.906s][info ][safepoint     ] Total time for which application threads were stopped: 0.0017977 seconds, Stopping threads took: 0.0006709 seconds
[2023-12-02T16:20:19.836+0000][2890.907s][debug][safepoint     ] Safepoint synchronization initiated. (206 threads)
[2023-12-02T16:20:19.837+0000][2890.908s][info ][safepoint     ] Application time: 1.0013512 seconds
[2023-12-02T16:20:19.838+0000][2890.909s][info ][safepoint     ] Entering safepoint region: Cleanup
[2023-12-02T16:20:19.839+0000][2890.910s][info ][safepoint     ] Leaving safepoint region
[2023-12-02T16:20:19.840+0000][2890.911s][info ][safepoint     ] Total time for which application threads were stopped: 0.0020384 seconds, Stopping threads took: 0.0007873 seconds
[2023-12-02T16:20:20.841+0000][2891.912s][debug][safepoint     ] Safepoint synchronization initiated. (206 threads)
[2023-12-02T16:20:20.842+0000][2891.913s][info ][safepoint     ] Application time: 1.0013599 seconds
[2023-12-02T16:20:20.843+0000][2891.914s][info ][safepoint     ] Entering safepoint region: Cleanup
[2023-12-02T16:20:20.844+0000][2891.916s][info ][safepoint     ] Leaving safepoint region
[2023-12-02T16:20:20.845+0000][2891.917s][info ][safepoint     ] Total time for which application threads were stopped: 0.0025516 seconds, Stopping threads took: 0.0010459 seconds
[2023-12-02T16:20:21.846+0000][2892.918s][debug][safepoint     ] Safepoint synchronization initiated. (206 threads)
[2023-12-02T16:20:21.846+0000][2892.918s][info ][safepoint     ] Application time: 1.0005284 seconds
[2023-12-02T16:20:21.847+0000][2892.918s][info ][safepoint     ] Entering safepoint region: Cleanup
[2023-12-02T16:20:21.847+0000][2892.918s][info ][safepoint     ] Leaving safepoint region
[2023-12-02T16:20:21.847+0000][2892.919s][info ][safepoint     ] Total time for which application threads were stopped: 0.0005684 seconds, Stopping threads took: 0.0002244 seconds
[2023-12-02T16:20:22.847+0000][2893.919s][debug][safepoint     ] Safepoint synchronization initiated. (206 threads)
[2023-12-02T16:20:22.848+0000][2893.919s][info ][safepoint     ] Application time: 1.0005651 seconds
[2023-12-02T16:20:22.848+0000][2893.920s][info ][safepoint     ] Entering safepoint region: Cleanup
[2023-12-02T16:20:22.849+0000][2893.920s][info ][safepoint     ] Leaving safepoint region
[2023-12-02T16:20:22.849+0000][2893.921s][info ][safepoint     ] Total time for which application threads were stopped: 0.0009422 seconds, Stopping threads took: 0.0003686 seconds
[2023-12-02T16:20:23.849+0000][2894.921s][debug][safepoint     ] Safepoint synchronization initiated. (206 threads)
[2023-12-02T16:20:23.850+0000][2894.922s][info ][safepoint     ] Application time: 1.0009543 seconds
[2023-12-02T16:20:23.851+0000][2894.923s][info ][safepoint     ] Entering safepoint region: Cleanup
[2023-12-02T16:20:23.852+0000][2894.924s][info ][safepoint     ] Leaving safepoint region
[2023-12-02T16:20:23.852+0000][2894.924s][info ][safepoint     ] Total time for which application threads were stopped: 0.0017400 seconds, Stopping threads took: 0.0007125 seconds
[2023-12-02T16:20:24.853+0000][2895.925s][debug][safepoint     ] Safepoint synchronization initiated. (206 threads)
[2023-12-02T16:20:24.854+0000][2895.926s][info ][safepoint     ] Application time: 1.0013067 seconds
[2023-12-02T16:20:24.855+0000][2895.927s][info ][safepoint     ] Entering safepoint region: Cleanup
[2023-12-02T16:20:24.856+0000][2895.928s][info ][safepoint     ] Leaving safepoint region
[2023-12-02T16:20:24.857+0000][2895.929s][info ][safepoint     ] Total time for which application threads were stopped: 0.0020553 seconds, Stopping threads took: 0.0007933 seconds
[2023-12-02T16:20:25.858+0000][2896.930s][debug][safepoint     ] Safepoint synchronization initiated. (206 threads)
[2023-12-02T16:20:25.859+0000][2896.931s][info ][safepoint     ] Application time: 1.0010932 seconds
[2023-12-02T16:20:25.860+0000][2896.932s][info ][safepoint     ] Entering safepoint region: Cleanup
[2023-12-02T16:20:25.861+0000][2896.933s][info ][safepoint     ] Leaving safepoint region
[2023-12-02T16:20:25.862+0000][2896.934s][info ][safepoint     ] Total time for which application threads were stopped: 0.0021767 seconds, Stopping threads took: 0.0008786 seconds
[2023-12-02T16:20:26.863+0000][2897.935s][debug][safepoint     ] Safepoint synchronization initiated. (206 threads)
[2023-12-02T16:20:26.864+0000][2897.936s][info ][safepoint     ] Application time: 1.0010212 seconds
[2023-12-02T16:20:26.864+0000][2897.936s][info ][safepoint     ] Entering safepoint region: Cleanup
[2023-12-02T16:20:26.865+0000][2897.937s][info ][safepoint     ] Leaving safepoint region
[2023-12-02T16:20:26.866+0000][2897.938s][info ][safepoint     ] Total time for which application threads were stopped: 0.0016592 seconds, Stopping threads took: 0.0006832 seconds
[2023-12-02T16:20:27.867+0000][2898.939s][debug][safepoint     ] Safepoint synchronization initiated. (206 threads)
[2023-12-02T16:20:27.868+0000][2898.940s][info ][safepoint     ] Application time: 1.0009294 seconds
[2023-12-02T16:20:27.868+0000][2898.940s][info ][safepoint     ] Entering safepoint region: Cleanup
[2023-12-02T16:20:27.869+0000][2898.941s][info ][safepoint     ] Leaving safepoint region
[2023-12-02T16:20:27.869+0000][2898.941s][info ][safepoint     ] Total time for which application threads were stopped: 0.0013991 seconds, Stopping threads took: 0.0006373 seconds
[2023-12-02T16:20:28.870+0000][2899.942s][debug][safepoint     ] Safepoint synchronization initiated. (206 threads)
[2023-12-02T16:20:28.871+0000][2899.943s][info ][safepoint     ] Application time: 1.0007519 seconds
[2023-12-02T16:20:28.871+0000][2899.943s][info ][safepoint     ] Entering safepoint region: Cleanup
[2023-12-02T16:20:28.872+0000][2899.944s][info ][safepoint     ] Leaving safepoint region
[2023-12-02T16:20:28.872+0000][2899.944s][info ][safepoint     ] Total time for which application threads were stopped: 0.0010355 seconds, Stopping threads took: 0.0004441 seconds
[2023-12-02T16:20:29.873+0000][2900.945s][debug][safepoint     ] Safepoint synchronization initiated. (206 threads)
[2023-12-02T16:20:29.873+0000][2900.945s][info ][safepoint     ] Application time: 1.0008972 seconds
[2023-12-02T16:20:29.874+0000][2900.946s][info ][safepoint     ] Entering safepoint region: Cleanup
[2023-12-02T16:20:29.875+0000][2900.947s][info ][safepoint     ] Leaving safepoint region
[2023-12-02T16:20:29.875+0000][2900.947s][info ][safepoint     ] Total time for which application threads were stopped: 0.0011530 seconds, Stopping threads took: 0.0005020 seconds
[2023-12-02T16:20:30.876+0000][2901.948s][debug][safepoint     ] Safepoint synchronization initiated. (206 threads)
[2023-12-02T16:20:30.877+0000][2901.949s][info ][safepoint     ] Application time: 1.0013446 seconds
[2023-12-02T16:20:30.878+0000][2901.950s][info ][safepoint     ] Entering safepoint region: Cleanup
[2023-12-02T16:20:30.879+0000][2901.951s][info ][safepoint     ] Leaving safepoint region
[2023-12-02T16:20:30.880+0000][2901.952s][info ][safepoint     ] Total time for which application threads were stopped: 0.0021664 seconds, Stopping threads took: 0.0009041 seconds
[2023-12-02T16:20:31.880+0000][2902.952s][debug][safepoint     ] Safepoint synchronization initiated. (206 threads)
[2023-12-02T16:20:31.881+0000][2902.953s][info ][safepoint     ] Application time: 1.0004519 seconds
[2023-12-02T16:20:31.881+0000][2902.953s][info ][safepoint     ] Entering safepoint region: Cleanup
[2023-12-02T16:20:31.882+0000][2902.954s][info ][safepoint     ] Leaving safepoint region
[2023-12-02T16:20:31.882+0000][2902.954s][info ][safepoint     ] Total time for which application threads were stopped: 0.0007577 seconds, Stopping threads took: 0.0003293 seconds
[2023-12-02T16:20:32.882+0000][2903.954s][debug][safepoint     ] Safepoint synchronization initiated. (206 threads)
[2023-12-02T16:20:32.883+0000][2903.955s][info ][safepoint     ] Application time: 1.0012862 seconds
[2023-12-02T16:20:32.884+0000][2903.956s][info ][safepoint     ] Entering safepoint region: Cleanup
[2023-12-02T16:20:32.885+0000][2903.957s][info ][safepoint     ] Leaving safepoint region
[2023-12-02T16:20:32.886+0000][2903.958s][info ][safepoint     ] Total time for which application threads were stopped: 0.0024090 seconds, Stopping threads took: 0.0010001 seconds
[2023-12-02T16:20:33.887+0000][2904.959s][debug][safepoint     ] Safepoint synchronization initiated. (206 threads)
[2023-12-02T16:20:33.888+0000][2904.960s][info ][safepoint     ] Application time: 1.0006477 seconds
[2023-12-02T16:20:33.888+0000][2904.960s][info ][safepoint     ] Entering safepoint region: Cleanup
[2023-12-02T16:20:33.889+0000][2904.961s][info ][safepoint     ] Leaving safepoint region
[2023-12-02T16:20:33.889+0000][2904.961s][info ][safepoint     ] Total time for which application threads were stopped: 0.0009104 seconds, Stopping threads took: 0.0004339 seconds
[2023-12-02T16:20:34.889+0000][2905.961s][debug][safepoint     ] Safepoint synchronization initiated. (206 threads)
[2023-12-02T16:20:34.890+0000][2905.962s][info ][safepoint     ] Application time: 1.0007148 seconds
[2023-12-02T16:20:34.890+0000][2905.962s][info ][safepoint     ] Entering safepoint region: Cleanup
[2023-12-02T16:20:34.891+0000][2905.963s][info ][safepoint     ] Leaving safepoint region
[2023-12-02T16:20:34.891+0000][2905.963s][info ][safepoint     ] Total time for which application threads were stopped: 0.0010268 seconds, Stopping threads took: 0.0004350 seconds
[2023-12-02T16:20:35.892+0000][2906.964s][debug][safepoint     ] Safepoint synchronization initiated. (206 threads)
[2023-12-02T16:20:35.893+0000][2906.965s][info ][safepoint     ] Application time: 1.0010064 seconds
[2023-12-02T16:20:35.893+0000][2906.965s][info ][safepoint     ] Entering safepoint region: Cleanup
[2023-12-02T16:20:35.894+0000][2906.966s][info ][safepoint     ] Leaving safepoint region
[2023-12-02T16:20:35.895+0000][2906.967s][info ][safepoint     ] Total time for which application threads were stopped: 0.0014079 seconds, Stopping threads took: 0.0004903 seconds
[2023-12-02T16:20:36.896+0000][2907.968s][debug][safepoint     ] Safepoint synchronization initiated. (206 threads)
[2023-12-02T16:20:36.896+0000][2907.968s][info ][safepoint     ] Application time: 1.0012429 seconds
[2023-12-02T16:20:36.897+0000][2907.969s][info ][safepoint     ] Entering safepoint region: Cleanup
[2023-12-02T16:20:36.898+0000][2907.970s][info ][safepoint     ] Leaving safepoint region
[2023-12-02T16:20:36.899+0000][2907.971s][info ][safepoint     ] Total time for which application threads were stopped: 0.0016449 seconds, Stopping threads took: 0.0007415 seconds
[2023-12-02T16:20:37.899+0000][2908.971s][debug][safepoint     ] Safepoint synchronization initiated. (206 threads)
[2023-12-02T16:20:37.900+0000][2908.972s][info ][safepoint     ] Application time: 1.0010431 seconds
[2023-12-02T16:20:37.901+0000][2908.973s][info ][safepoint     ] Entering safepoint region: Cleanup
[2023-12-02T16:20:37.902+0000][2908.974s][info ][safepoint     ] Leaving safepoint region
[2023-12-02T16:20:37.902+0000][2908.974s][info ][safepoint     ] Total time for which application threads were stopped: 0.0015712 seconds, Stopping threads took: 0.0007230 seconds
[2023-12-02T16:20:38.903+0000][2909.975s][debug][safepoint     ] Safepoint synchronization initiated. (206 threads)
[2023-12-02T16:20:38.904+0000][2909.976s][info ][safepoint     ] Application time: 1.0009950 seconds
[2023-12-02T16:20:38.905+0000][2909.977s][info ][safepoint     ] Entering safepoint region: Cleanup
[2023-12-02T16:20:38.906+0000][2909.978s][info ][safepoint     ] Leaving safepoint region
[2023-12-02T16:20:38.906+0000][2909.978s][info ][safepoint     ] Total time for which application threads were stopped: 0.0017944 seconds, Stopping threads took: 0.0007882 seconds
[2023-12-02T16:20:39.907+0000][2910.979s][debug][safepoint     ] Safepoint synchronization initiated. (206 threads)
[2023-12-02T16:20:39.907+0000][2910.979s][info ][safepoint     ] Application time: 1.0007657 seconds
[2023-12-02T16:20:39.908+0000][2910.980s][info ][safepoint     ] Entering safepoint region: Cleanup
[2023-12-02T16:20:39.908+0000][2910.980s][info ][safepoint     ] Leaving safepoint region
[2023-12-02T16:20:39.909+0000][2910.981s][info ][safepoint     ] Total time for which application threads were stopped: 0.0010674 seconds, Stopping threads took: 0.0004042 seconds
[2023-12-02T16:20:40.909+0000][2911.981s][debug][safepoint     ] Safepoint synchronization initiated. (206 threads)
[2023-12-02T16:20:40.910+0000][2911.982s][info ][safepoint     ] Application time: 1.0007859 seconds
[2023-12-02T16:20:40.910+0000][2911.982s][info ][safepoint     ] Entering safepoint region: Cleanup
[2023-12-02T16:20:40.911+0000][2911.983s][info ][safepoint     ] Leaving safepoint region
[2023-12-02T16:20:40.911+0000][2911.983s][info ][safepoint     ] Total time for which application threads were stopped: 0.0009285 seconds, Stopping threads took: 0.0004819 seconds
[2023-12-02T16:20:41.912+0000][2912.984s][debug][safepoint     ] Safepoint synchronization initiated. (206 threads)
[2023-12-02T16:20:41.912+0000][2912.984s][info ][safepoint     ] Application time: 1.0007058 seconds
[2023-12-02T16:20:41.913+0000][2912.985s][info ][safepoint     ] Entering safepoint region: Cleanup
[2023-12-02T16:20:41.913+0000][2912.985s][info ][safepoint     ] Leaving safepoint region
[2023-12-02T16:20:41.914+0000][2912.986s][info ][safepoint     ] Total time for which application threads were stopped: 0.0009293 seconds, Stopping threads took: 0.0003992 seconds
[2023-12-02T16:20:42.914+0000][2913.986s][debug][safepoint     ] Safepoint synchronization initiated. (206 threads)
[2023-12-02T16:20:42.914+0000][2913.986s][info ][safepoint     ] Application time: 1.0006171 seconds
[2023-12-02T16:20:42.915+0000][2913.987s][info ][safepoint     ] Entering safepoint region: Cleanup
[2023-12-02T16:20:42.916+0000][2913.988s][info ][safepoint     ] Leaving safepoint region
[2023-12-02T16:20:42.916+0000][2913.988s][info ][safepoint     ] Total time for which application threads were stopped: 0.0011370 seconds, Stopping threads took: 0.0004969 seconds
[2023-12-02T16:20:43.917+0000][2914.989s][debug][safepoint     ] Safepoint synchronization initiated. (206 threads)
[2023-12-02T16:20:43.917+0000][2914.989s][info ][safepoint     ] Application time: 1.0009339 seconds
[2023-12-02T16:20:43.918+0000][2914.990s][info ][safepoint     ] Entering safepoint region: Cleanup
[2023-12-02T16:20:43.919+0000][2914.991s][info ][safepoint     ] Leaving safepoint region
[2023-12-02T16:20:43.919+0000][2914.991s][info ][safepoint     ] Total time for which application threads were stopped: 0.0010472 seconds, Stopping threads took: 0.0004590 seconds
[2023-12-02T16:20:44.920+0000][2915.992s][debug][safepoint     ] Safepoint synchronization initiated. (206 threads)
[2023-12-02T16:20:44.920+0000][2915.992s][info ][safepoint     ] Application time: 1.0009201 seconds
[2023-12-02T16:20:44.921+0000][2915.993s][info ][safepoint     ] Entering safepoint region: Cleanup
[2023-12-02T16:20:44.921+0000][2915.993s][info ][safepoint     ] Leaving safepoint region
[2023-12-02T16:20:44.922+0000][2915.994s][info ][safepoint     ] Total time for which application threads were stopped: 0.0011525 seconds, Stopping threads took: 0.0005643 seconds
[2023-12-02T16:20:45.922+0000][2916.994s][debug][safepoint     ] Safepoint synchronization initiated. (206 threads)
[2023-12-02T16:20:45.923+0000][2916.995s][info ][safepoint     ] Application time: 1.0008378 seconds
[2023-12-02T16:20:45.924+0000][2916.996s][info ][safepoint     ] Entering safepoint region: Cleanup
[2023-12-02T16:20:45.924+0000][2916.996s][info ][safepoint     ] Leaving safepoint region
[2023-12-02T16:20:45.925+0000][2916.997s][info ][safepoint     ] Total time for which application threads were stopped: 0.0011061 seconds, Stopping threads took: 0.0004494 seconds
[2023-12-02T16:20:46.925+0000][2917.997s][debug][safepoint     ] Safepoint synchronization initiated. (206 threads)
[2023-12-02T16:20:46.926+0000][2917.998s][info ][safepoint     ] Application time: 1.0009205 seconds
[2023-12-02T16:20:46.926+0000][2917.998s][info ][safepoint     ] Entering safepoint region: Cleanup
[2023-12-02T16:20:46.927+0000][2917.999s][info ][safepoint     ] Leaving safepoint region
[2023-12-02T16:20:46.928+0000][2918.000s][info ][safepoint     ] Total time for which application threads were stopped: 0.0011109 seconds, Stopping threads took: 0.0004830 seconds
[2023-12-02T16:20:47.928+0000][2919.000s][debug][safepoint     ] Safepoint synchronization initiated. (206 threads)
[2023-12-02T16:20:47.928+0000][2919.000s][info ][safepoint     ] Application time: 1.0005855 seconds
[2023-12-02T16:20:47.929+0000][2919.001s][debug][safepoint     ] Waiting for 1 thread(s) to block
[2023-12-02T16:20:47.929+0000][2919.001s][info ][safepoint     ] Entering safepoint region: Cleanup
[2023-12-02T16:20:47.930+0000][2919.002s][info ][safepoint     ] Leaving safepoint region
[2023-12-02T16:20:47.930+0000][2919.002s][info ][safepoint     ] Total time for which application threads were stopped: 0.0012829 seconds, Stopping threads took: 0.0007760 seconds
[2023-12-02T16:20:48.931+0000][2920.003s][debug][safepoint     ] Safepoint synchronization initiated. (206 threads)
[2023-12-02T16:20:48.931+0000][2920.003s][info ][safepoint     ] Application time: 1.0008998 seconds
[2023-12-02T16:20:48.932+0000][2920.004s][info ][safepoint     ] Entering safepoint region: Cleanup
[2023-12-02T16:20:48.933+0000][2920.005s][info ][safepoint     ] Leaving safepoint region
[2023-12-02T16:20:48.933+0000][2920.005s][info ][safepoint     ] Total time for which application threads were stopped: 0.0012058 seconds, Stopping threads took: 0.0005705 seconds
[2023-12-02T16:20:49.934+0000][2921.006s][debug][safepoint     ] Safepoint synchronization initiated. (206 threads)
[2023-12-02T16:20:49.934+0000][2921.006s][info ][safepoint     ] Application time: 1.0009143 seconds
[2023-12-02T16:20:49.935+0000][2921.007s][info ][safepoint     ] Entering safepoint region: Cleanup
[2023-12-02T16:20:49.936+0000][2921.008s][info ][safepoint     ] Leaving safepoint region
[2023-12-02T16:20:49.936+0000][2921.008s][info ][safepoint     ] Total time for which application threads were stopped: 0.0012668 seconds, Stopping threads took: 0.0006019 seconds
[2023-12-02T16:20:50.937+0000][2922.009s][debug][safepoint     ] Safepoint synchronization initiated. (206 threads)
[2023-12-02T16:20:50.937+0000][2922.009s][info ][safepoint     ] Application time: 1.0005566 seconds
[2023-12-02T16:20:50.938+0000][2922.010s][info ][safepoint     ] Entering safepoint region: Cleanup
[2023-12-02T16:20:50.938+0000][2922.010s][info ][safepoint     ] Leaving safepoint region
[2023-12-02T16:20:50.938+0000][2922.010s][info ][safepoint     ] Total time for which application threads were stopped: 0.0006613 seconds, Stopping threads took: 0.0002714 seconds
[2023-12-02T16:20:51.939+0000][2923.011s][debug][safepoint     ] Safepoint synchronization initiated. (206 threads)
[2023-12-02T16:20:51.939+0000][2923.011s][info ][safepoint     ] Application time: 1.0006890 seconds
[2023-12-02T16:20:51.939+0000][2923.011s][info ][safepoint     ] Entering safepoint region: Cleanup
[2023-12-02T16:20:51.940+0000][2923.012s][info ][safepoint     ] Leaving safepoint region
[2023-12-02T16:20:51.940+0000][2923.012s][info ][safepoint     ] Total time for which application threads were stopped: 0.0009056 seconds, Stopping threads took: 0.0004237 seconds
[2023-12-02T16:20:52.941+0000][2924.013s][debug][safepoint     ] Safepoint synchronization initiated. (206 threads)
[2023-12-02T16:20:52.941+0000][2924.013s][info ][safepoint     ] Application time: 1.0007372 seconds
[2023-12-02T16:20:52.942+0000][2924.014s][info ][safepoint     ] Entering safepoint region: Cleanup
[2023-12-02T16:20:52.943+0000][2924.015s][info ][safepoint     ] Leaving safepoint region
[2023-12-02T16:20:52.943+0000][2924.015s][info ][safepoint     ] Total time for which application threads were stopped: 0.0011858 seconds, Stopping threads took: 0.0005125 seconds
[2023-12-02T16:20:53.944+0000][2925.016s][debug][safepoint     ] Safepoint synchronization initiated. (206 threads)
[2023-12-02T16:20:53.944+0000][2925.016s][info ][safepoint     ] Application time: 1.0008869 seconds
[2023-12-02T16:20:53.945+0000][2925.017s][info ][safepoint     ] Entering safepoint region: Cleanup
[2023-12-02T16:20:53.946+0000][2925.018s][info ][safepoint     ] Leaving safepoint region
[2023-12-02T16:20:53.946+0000][2925.018s][info ][safepoint     ] Total time for which application threads were stopped: 0.0011582 seconds, Stopping threads took: 0.0005963 seconds
[2023-12-02T16:20:54.947+0000][2926.019s][debug][safepoint     ] Safepoint synchronization initiated. (206 threads)
[2023-12-02T16:20:54.947+0000][2926.019s][info ][safepoint     ] Application time: 1.0010207 seconds
[2023-12-02T16:20:54.948+0000][2926.020s][info ][safepoint     ] Entering safepoint region: Cleanup
[2023-12-02T16:20:54.949+0000][2926.021s][info ][safepoint     ] Leaving safepoint region
[2023-12-02T16:20:54.949+0000][2926.021s][info ][safepoint     ] Total time for which application threads were stopped: 0.0010895 seconds, Stopping threads took: 0.0004776 seconds
[2023-12-02T16:20:55.949+0000][2927.021s][debug][safepoint     ] Safepoint synchronization initiated. (206 threads)
[2023-12-02T16:20:55.950+0000][2927.022s][info ][safepoint     ] Application time: 1.0005296 seconds
[2023-12-02T16:20:55.950+0000][2927.022s][info ][safepoint     ] Entering safepoint region: Cleanup
[2023-12-02T16:20:55.951+0000][2927.023s][info ][safepoint     ] Leaving safepoint region
[2023-12-02T16:20:55.951+0000][2927.023s][info ][safepoint     ] Total time for which application threads were stopped: 0.0008540 seconds, Stopping threads took: 0.0003665 seconds
[2023-12-02T16:20:56.951+0000][2928.023s][debug][safepoint     ] Safepoint synchronization initiated. (206 threads)
[2023-12-02T16:20:56.952+0000][2928.024s][info ][safepoint     ] Application time: 1.0008361 seconds
[2023-12-02T16:20:56.952+0000][2928.024s][info ][safepoint     ] Entering safepoint region: Cleanup
[2023-12-02T16:20:56.953+0000][2928.025s][info ][safepoint     ] Leaving safepoint region
[2023-12-02T16:20:56.954+0000][2928.026s][info ][safepoint     ] Total time for which application threads were stopped: 0.0011142 seconds, Stopping threads took: 0.0004978 seconds
[2023-12-02T16:20:57.954+0000][2929.026s][debug][safepoint     ] Safepoint synchronization initiated. (206 threads)
[2023-12-02T16:20:57.955+0000][2929.027s][info ][safepoint     ] Application time: 1.0010734 seconds
[2023-12-02T16:20:57.956+0000][2929.028s][info ][safepoint     ] Entering safepoint region: Cleanup
[2023-12-02T16:20:57.956+0000][2929.028s][info ][safepoint     ] Leaving safepoint region
[2023-12-02T16:20:57.957+0000][2929.029s][info ][safepoint     ] Total time for which application threads were stopped: 0.0014430 seconds, Stopping threads took: 0.0005371 seconds
[2023-12-02T16:20:58.958+0000][2930.030s][debug][safepoint     ] Safepoint synchronization initiated. (206 threads)
[2023-12-02T16:20:58.959+0000][2930.031s][info ][safepoint     ] Application time: 1.0009596 seconds
[2023-12-02T16:20:58.959+0000][2930.031s][info ][safepoint     ] Entering safepoint region: Cleanup
[2023-12-02T16:20:58.960+0000][2930.032s][info ][safepoint     ] Leaving safepoint region
[2023-12-02T16:20:58.961+0000][2930.033s][info ][safepoint     ] Total time for which application threads were stopped: 0.0013270 seconds, Stopping threads took: 0.0005276 seconds
[2023-12-02T16:20:59.961+0000][2931.033s][debug][safepoint     ] Safepoint synchronization initiated. (206 threads)
[2023-12-02T16:20:59.962+0000][2931.034s][info ][safepoint     ] Application time: 1.0009135 seconds
[2023-12-02T16:20:59.963+0000][2931.035s][info ][safepoint     ] Entering safepoint region: Cleanup
[2023-12-02T16:20:59.964+0000][2931.036s][info ][safepoint     ] Leaving safepoint region
[2023-12-02T16:20:59.964+0000][2931.036s][info ][safepoint     ] Total time for which application threads were stopped: 0.0016118 seconds, Stopping threads took: 0.0006925 seconds
[2023-12-02T16:21:00.965+0000][2932.037s][debug][safepoint     ] Safepoint synchronization initiated. (206 threads)
[2023-12-02T16:21:00.966+0000][2932.038s][info ][safepoint     ] Application time: 1.0012459 seconds
[2023-12-02T16:21:00.967+0000][2932.039s][info ][safepoint     ] Entering safepoint region: Cleanup
[2023-12-02T16:21:00.968+0000][2932.040s][info ][safepoint     ] Leaving safepoint region
[2023-12-02T16:21:00.969+0000][2932.041s][info ][safepoint     ] Total time for which application threads were stopped: 0.0019113 seconds, Stopping threads took: 0.0008655 seconds
[2023-12-02T16:21:01.970+0000][2933.042s][debug][safepoint     ] Safepoint synchronization initiated. (206 threads)
[2023-12-02T16:21:01.970+0000][2933.042s][info ][safepoint     ] Application time: 1.0008605 seconds
[2023-12-02T16:21:01.971+0000][2933.043s][info ][safepoint     ] Entering safepoint region: Cleanup
[2023-12-02T16:21:01.971+0000][2933.043s][info ][safepoint     ] Leaving safepoint region
[2023-12-02T16:21:01.971+0000][2933.043s][info ][safepoint     ] Total time for which application threads were stopped: 0.0007873 seconds, Stopping threads took: 0.0003259 seconds
[2023-12-02T16:21:02.972+0000][2934.044s][debug][safepoint     ] Safepoint synchronization initiated. (206 threads)
[2023-12-02T16:21:02.973+0000][2934.045s][info ][safepoint     ] Application time: 1.0013239 seconds
[2023-12-02T16:21:02.974+0000][2934.046s][info ][safepoint     ] Entering safepoint region: Cleanup
[2023-12-02T16:21:02.975+0000][2934.047s][info ][safepoint     ] Leaving safepoint region
[2023-12-02T16:21:02.976+0000][2934.048s][info ][safepoint     ] Total time for which application threads were stopped: 0.0022118 seconds, Stopping threads took: 0.0009534 seconds
[2023-12-02T16:21:03.977+0000][2935.049s][debug][safepoint     ] Safepoint synchronization initiated. (206 threads)
[2023-12-02T16:21:03.978+0000][2935.050s][info ][safepoint     ] Application time: 1.0012948 seconds
[2023-12-02T16:21:03.979+0000][2935.051s][info ][safepoint     ] Entering safepoint region: Cleanup
[2023-12-02T16:21:03.980+0000][2935.052s][info ][safepoint     ] Leaving safepoint region
[2023-12-02T16:21:03.981+0000][2935.053s][info ][safepoint     ] Total time for which application threads were stopped: 0.0021525 seconds, Stopping threads took: 0.0009413 seconds
[2023-12-02T16:21:04.982+0000][2936.054s][debug][safepoint     ] Safepoint synchronization initiated. (206 threads)
[2023-12-02T16:21:04.983+0000][2936.055s][info ][safepoint     ] Application time: 1.0008101 seconds
[2023-12-02T16:21:04.983+0000][2936.055s][info ][safepoint     ] Entering safepoint region: Cleanup
[2023-12-02T16:21:04.984+0000][2936.056s][info ][safepoint     ] Leaving safepoint region
[2023-12-02T16:21:04.984+0000][2936.056s][info ][safepoint     ] Total time for which application threads were stopped: 0.0011038 seconds, Stopping threads took: 0.0005201 seconds
[2023-12-02T16:21:05.985+0000][2937.057s][debug][safepoint     ] Safepoint synchronization initiated. (206 threads)
[2023-12-02T16:21:05.986+0000][2937.058s][info ][safepoint     ] Application time: 1.0008753 seconds
[2023-12-02T16:21:05.986+0000][2937.058s][info ][safepoint     ] Entering safepoint region: Cleanup
[2023-12-02T16:21:05.987+0000][2937.059s][info ][safepoint     ] Leaving safepoint region
[2023-12-02T16:21:05.987+0000][2937.059s][info ][safepoint     ] Total time for which application threads were stopped: 0.0014060 seconds, Stopping threads took: 0.0006234 seconds
[2023-12-02T16:21:06.988+0000][2938.060s][debug][safepoint     ] Safepoint synchronization initiated. (206 threads)
[2023-12-02T16:21:06.989+0000][2938.061s][info ][safepoint     ] Application time: 1.0011519 seconds
[2023-12-02T16:21:06.990+0000][2938.062s][info ][safepoint     ] Entering safepoint region: Cleanup
[2023-12-02T16:21:06.991+0000][2938.063s][info ][safepoint     ] Leaving safepoint region
[2023-12-02T16:21:06.992+0000][2938.064s][info ][safepoint     ] Total time for which application threads were stopped: 0.0019197 seconds, Stopping threads took: 0.0007137 seconds
[2023-12-02T16:21:06.991+0000][2938.063s][debug][safepoint     ] ... found polling page return exception at pc = 0x00007f43fc9de0c4, stub =0x00007f43f4840600
[2023-12-02T16:21:06.991+0000][2938.063s][debug][safepoint     ] ... found polling page return exception at pc = 0x00007f43fc9de0c4, stub =0x00007f43f4840600
[2023-12-02T16:21:06.991+0000][2938.063s][debug][safepoint     ] ... found polling page return exception at pc = 0x00007f43fc9de0c4, stub =0x00007f43f4840600
[2023-12-02T16:21:06.991+0000][2938.063s][debug][safepoint     ] ... found polling page return exception at pc = 0x00007f43fc9de0c4, stub =0x00007f43f4840600
[2023-12-02T16:21:07.993+0000][2939.065s][debug][safepoint     ] Safepoint synchronization initiated. (206 threads)
[2023-12-02T16:21:07.994+0000][2939.066s][info ][safepoint     ] Application time: 1.0013937 seconds
[2023-12-02T16:21:07.995+0000][2939.067s][info ][safepoint     ] Entering safepoint region: Cleanup
[2023-12-02T16:21:07.996+0000][2939.068s][info ][safepoint     ] Leaving safepoint region
[2023-12-02T16:21:07.997+0000][2939.069s][info ][safepoint     ] Total time for which application threads were stopped: 0.0021832 seconds, Stopping threads took: 0.0009279 seconds
[2023-12-02T16:21:08.998+0000][2940.070s][debug][safepoint     ] Safepoint synchronization initiated. (206 threads)
[2023-12-02T16:21:08.999+0000][2940.071s][info ][safepoint     ] Application time: 1.0011103 seconds
[2023-12-02T16:21:09.000+0000][2940.072s][info ][safepoint     ] Entering safepoint region: Cleanup
[2023-12-02T16:21:09.001+0000][2940.073s][info ][safepoint     ] Leaving safepoint region
[2023-12-02T16:21:09.002+0000][2940.074s][info ][safepoint     ] Total time for which application threads were stopped: 0.0017831 seconds, Stopping threads took: 0.0007448 seconds
[2023-12-02T16:21:10.002+0000][2941.074s][debug][safepoint     ] Safepoint synchronization initiated. (206 threads)
[2023-12-02T16:21:10.003+0000][2941.075s][info ][safepoint     ] Application time: 1.0011867 seconds
[2023-12-02T16:21:10.004+0000][2941.076s][info ][safepoint     ] Entering safepoint region: Cleanup
[2023-12-02T16:21:10.005+0000][2941.077s][info ][safepoint     ] Leaving safepoint region
[2023-12-02T16:21:10.006+0000][2941.078s][info ][safepoint     ] Total time for which application threads were stopped: 0.0018410 seconds, Stopping threads took: 0.0007803 seconds
[2023-12-02T16:21:11.007+0000][2942.079s][debug][safepoint     ] Safepoint synchronization initiated. (206 threads)
[2023-12-02T16:21:11.008+0000][2942.080s][info ][safepoint     ] Application time: 1.0007880 seconds
[2023-12-02T16:21:11.008+0000][2942.080s][info ][safepoint     ] Entering safepoint region: Cleanup
[2023-12-02T16:21:11.009+0000][2942.081s][info ][safepoint     ] Leaving safepoint region
[2023-12-02T16:21:11.009+0000][2942.081s][info ][safepoint     ] Total time for which application threads were stopped: 0.0009841 seconds, Stopping threads took: 0.0004750 seconds
[2023-12-02T16:21:12.010+0000][2943.082s][debug][safepoint     ] Safepoint synchronization initiated. (206 threads)
[2023-12-02T16:21:12.010+0000][2943.082s][info ][safepoint     ] Application time: 1.0004990 seconds
[2023-12-02T16:21:12.010+0000][2943.082s][info ][safepoint     ] Entering safepoint region: Cleanup
[2023-12-02T16:21:12.010+0000][2943.082s][info ][safepoint     ] Leaving safepoint region
[2023-12-02T16:21:12.011+0000][2943.083s][info ][safepoint     ] Total time for which application threads were stopped: 0.0005165 seconds, Stopping threads took: 0.0001795 seconds
[2023-12-02T16:21:13.011+0000][2944.083s][debug][safepoint     ] Safepoint synchronization initiated. (206 threads)
[2023-12-02T16:21:13.012+0000][2944.084s][info ][safepoint     ] Application time: 1.0012381 seconds
[2023-12-02T16:21:13.013+0000][2944.085s][info ][safepoint     ] Entering safepoint region: Cleanup
[2023-12-02T16:21:13.014+0000][2944.086s][info ][safepoint     ] Leaving safepoint region
[2023-12-02T16:21:13.015+0000][2944.087s][info ][safepoint     ] Total time for which application threads were stopped: 0.0016416 seconds, Stopping threads took: 0.0007002 seconds
[2023-12-02T16:21:14.016+0000][2945.087s][debug][safepoint     ] Safepoint synchronization initiated. (206 threads)
[2023-12-02T16:21:14.016+0000][2945.088s][info ][safepoint     ] Application time: 1.0008793 seconds
[2023-12-02T16:21:14.017+0000][2945.089s][info ][safepoint     ] Entering safepoint region: Cleanup
[2023-12-02T16:21:14.018+0000][2945.090s][info ][safepoint     ] Leaving safepoint region
[2023-12-02T16:21:14.018+0000][2945.090s][info ][safepoint     ] Total time for which application threads were stopped: 0.0015084 seconds, Stopping threads took: 0.0006517 seconds
[2023-12-02T16:21:15.020+0000][2946.092s][debug][safepoint     ] Safepoint synchronization initiated. (206 threads)
[2023-12-02T16:21:15.020+0000][2946.092s][info ][safepoint     ] Application time: 1.0014722 seconds
[2023-12-02T16:21:15.021+0000][2946.093s][info ][safepoint     ] Entering safepoint region: Cleanup
[2023-12-02T16:21:15.021+0000][2946.093s][info ][safepoint     ] Leaving safepoint region
[2023-12-02T16:21:15.022+0000][2946.094s][info ][safepoint     ] Total time for which application threads were stopped: 0.0008636 seconds, Stopping threads took: 0.0003662 seconds
[2023-12-02T16:21:16.022+0000][2947.094s][debug][safepoint     ] Safepoint synchronization initiated. (206 threads)
[2023-12-02T16:21:16.022+0000][2947.094s][info ][safepoint     ] Application time: 1.0007357 seconds
[2023-12-02T16:21:16.023+0000][2947.095s][info ][safepoint     ] Entering safepoint region: Cleanup
[2023-12-02T16:21:16.024+0000][2947.096s][info ][safepoint     ] Leaving safepoint region
[2023-12-02T16:21:16.025+0000][2947.097s][info ][safepoint     ] Total time for which application threads were stopped: 0.0017825 seconds, Stopping threads took: 0.0007441 seconds
[2023-12-02T16:21:17.026+0000][2948.098s][debug][safepoint     ] Safepoint synchronization initiated. (206 threads)
[2023-12-02T16:21:17.027+0000][2948.099s][info ][safepoint     ] Application time: 1.0012411 seconds
[2023-12-02T16:21:17.028+0000][2948.100s][info ][safepoint     ] Entering safepoint region: Cleanup
[2023-12-02T16:21:17.028+0000][2948.100s][info ][safepoint     ] Leaving safepoint region
[2023-12-02T16:21:17.029+0000][2948.101s][info ][safepoint     ] Total time for which application threads were stopped: 0.0013371 seconds, Stopping threads took: 0.0004578 seconds
[2023-12-02T16:21:18.030+0000][2949.102s][debug][safepoint     ] Safepoint synchronization initiated. (206 threads)
[2023-12-02T16:21:18.031+0000][2949.103s][info ][safepoint     ] Application time: 1.0012936 seconds
[2023-12-02T16:21:18.032+0000][2949.104s][info ][safepoint     ] Entering safepoint region: Cleanup
[2023-12-02T16:21:18.033+0000][2949.105s][info ][safepoint     ] Leaving safepoint region
[2023-12-02T16:21:18.034+0000][2949.106s][info ][safepoint     ] Total time for which application threads were stopped: 0.0019890 seconds, Stopping threads took: 0.0008205 seconds
[2023-12-02T16:21:19.035+0000][2950.107s][debug][safepoint     ] Safepoint synchronization initiated. (206 threads)
[2023-12-02T16:21:19.036+0000][2950.108s][info ][safepoint     ] Application time: 1.0013197 seconds
[2023-12-02T16:21:19.037+0000][2950.109s][info ][safepoint     ] Entering safepoint region: Cleanup
[2023-12-02T16:21:19.038+0000][2950.110s][info ][safepoint     ] Leaving safepoint region
[2023-12-02T16:21:19.039+0000][2950.111s][info ][safepoint     ] Total time for which application threads were stopped: 0.0021608 seconds, Stopping threads took: 0.0009477 seconds
[2023-12-02T16:21:20.040+0000][2951.112s][debug][safepoint     ] Safepoint synchronization initiated. (206 threads)
[2023-12-02T16:21:20.040+0000][2951.112s][info ][safepoint     ] Application time: 1.0007194 seconds
[2023-12-02T16:21:20.041+0000][2951.113s][info ][safepoint     ] Entering safepoint region: Cleanup
[2023-12-02T16:21:20.041+0000][2951.113s][info ][safepoint     ] Leaving safepoint region
[2023-12-02T16:21:20.042+0000][2951.114s][info ][safepoint     ] Total time for which application threads were stopped: 0.0010773 seconds, Stopping threads took: 0.0004626 seconds
[2023-12-02T16:21:21.042+0000][2952.114s][debug][safepoint     ] Safepoint synchronization initiated. (206 threads)
[2023-12-02T16:21:21.043+0000][2952.115s][info ][safepoint     ] Application time: 1.0009008 seconds
[2023-12-02T16:21:21.044+0000][2952.116s][info ][safepoint     ] Entering safepoint region: Cleanup
[2023-12-02T16:21:21.045+0000][2952.117s][info ][safepoint     ] Leaving safepoint region
[2023-12-02T16:21:21.046+0000][2952.118s][info ][safepoint     ] Total time for which application threads were stopped: 0.0020206 seconds, Stopping threads took: 0.0007860 seconds
[2023-12-02T16:21:22.047+0000][2953.119s][debug][safepoint     ] Safepoint synchronization initiated. (206 threads)
[2023-12-02T16:21:22.048+0000][2953.120s][info ][safepoint     ] Application time: 1.0012808 seconds
[2023-12-02T16:21:22.049+0000][2953.121s][info ][safepoint     ] Entering safepoint region: Cleanup
[2023-12-02T16:21:22.050+0000][2953.122s][info ][safepoint     ] Leaving safepoint region
[2023-12-02T16:21:22.051+0000][2953.123s][info ][safepoint     ] Total time for which application threads were stopped: 0.0019618 seconds, Stopping threads took: 0.0007974 seconds
[2023-12-02T16:21:23.051+0000][2954.123s][debug][safepoint     ] Safepoint synchronization initiated. (206 threads)
[2023-12-02T16:21:23.052+0000][2954.124s][info ][safepoint     ] Application time: 1.0006223 seconds
[2023-12-02T16:21:23.052+0000][2954.124s][info ][safepoint     ] Entering safepoint region: Cleanup
[2023-12-02T16:21:23.053+0000][2954.125s][info ][safepoint     ] Leaving safepoint region
[2023-12-02T16:21:23.053+0000][2954.125s][info ][safepoint     ] Total time for which application threads were stopped: 0.0008450 seconds, Stopping threads took: 0.0003087 seconds
[2023-12-02T16:21:24.054+0000][2955.126s][debug][safepoint     ] Safepoint synchronization initiated. (206 threads)
[2023-12-02T16:21:24.055+0000][2955.127s][info ][safepoint     ] Application time: 1.0012773 seconds
[2023-12-02T16:21:24.056+0000][2955.127s][info ][safepoint     ] Entering safepoint region: Cleanup
[2023-12-02T16:21:24.057+0000][2955.129s][info ][safepoint     ] Leaving safepoint region
[2023-12-02T16:21:24.058+0000][2955.130s][info ][safepoint     ] Total time for which application threads were stopped: 0.0021246 seconds, Stopping threads took: 0.0008708 seconds
[2023-12-02T16:21:25.058+0000][2956.130s][debug][safepoint     ] Safepoint synchronization initiated. (206 threads)
[2023-12-02T16:21:25.059+0000][2956.131s][info ][safepoint     ] Application time: 1.0009674 seconds
[2023-12-02T16:21:25.060+0000][2956.132s][info ][safepoint     ] Entering safepoint region: Cleanup
[2023-12-02T16:21:25.060+0000][2956.132s][info ][safepoint     ] Leaving safepoint region
[2023-12-02T16:21:25.061+0000][2956.133s][info ][safepoint     ] Total time for which application threads were stopped: 0.0012477 seconds, Stopping threads took: 0.0005524 seconds
[2023-12-02T16:21:26.061+0000][2957.133s][debug][safepoint     ] Safepoint synchronization initiated. (206 threads)
[2023-12-02T16:21:26.062+0000][2957.134s][info ][safepoint     ] Application time: 1.0008968 seconds
[2023-12-02T16:21:26.063+0000][2957.135s][info ][safepoint     ] Entering safepoint region: Cleanup
[2023-12-02T16:21:26.064+0000][2957.136s][info ][safepoint     ] Leaving safepoint region
[2023-12-02T16:21:26.064+0000][2957.136s][info ][safepoint     ] Total time for which application threads were stopped: 0.0016217 seconds, Stopping threads took: 0.0007423 seconds
[2023-12-02T16:21:27.065+0000][2958.137s][debug][safepoint     ] Safepoint synchronization initiated. (206 threads)
[2023-12-02T16:21:27.066+0000][2958.138s][info ][safepoint     ] Application time: 1.0012529 seconds
[2023-12-02T16:21:27.067+0000][2958.139s][info ][safepoint     ] Entering safepoint region: Cleanup
[2023-12-02T16:21:27.068+0000][2958.140s][info ][safepoint     ] Leaving safepoint region
[2023-12-02T16:21:27.069+0000][2958.141s][info ][safepoint     ] Total time for which application threads were stopped: 0.0016897 seconds, Stopping threads took: 0.0007648 seconds
[2023-12-02T16:21:28.070+0000][2959.142s][debug][safepoint     ] Safepoint synchronization initiated. (206 threads)
[2023-12-02T16:21:28.071+0000][2959.143s][info ][safepoint     ] Application time: 1.0013994 seconds
[2023-12-02T16:21:28.072+0000][2959.144s][info ][safepoint     ] Entering safepoint region: Cleanup
[2023-12-02T16:21:28.073+0000][2959.145s][info ][safepoint     ] Leaving safepoint region
[2023-12-02T16:21:28.074+0000][2959.146s][info ][safepoint     ] Total time for which application threads were stopped: 0.0016365 seconds, Stopping threads took: 0.0007995 seconds
[2023-12-02T16:21:29.075+0000][2960.147s][debug][safepoint     ] Safepoint synchronization initiated. (206 threads)
[2023-12-02T16:21:29.076+0000][2960.148s][info ][safepoint     ] Application time: 1.0013404 seconds
[2023-12-02T16:21:29.077+0000][2960.149s][info ][safepoint     ] Entering safepoint region: Cleanup
[2023-12-02T16:21:29.078+0000][2960.150s][info ][safepoint     ] Leaving safepoint region
[2023-12-02T16:21:29.078+0000][2960.150s][info ][safepoint     ] Total time for which application threads were stopped: 0.0019071 seconds, Stopping threads took: 0.0008695 seconds
[2023-12-02T16:21:30.079+0000][2961.151s][debug][safepoint     ] Safepoint synchronization initiated. (206 threads)
[2023-12-02T16:21:30.080+0000][2961.152s][info ][safepoint     ] Application time: 1.0011913 seconds
[2023-12-02T16:21:30.081+0000][2961.153s][info ][safepoint     ] Entering safepoint region: Cleanup
[2023-12-02T16:21:30.083+0000][2961.155s][info ][safepoint     ] Leaving safepoint region
[2023-12-02T16:21:30.083+0000][2961.155s][info ][safepoint     ] Total time for which application threads were stopped: 0.0019592 seconds, Stopping threads took: 0.0007908 seconds
[2023-12-02T16:21:31.084+0000][2962.156s][debug][safepoint     ] Safepoint synchronization initiated. (206 threads)
[2023-12-02T16:21:31.085+0000][2962.157s][info ][safepoint     ] Application time: 1.0014363 seconds
[2023-12-02T16:21:31.086+0000][2962.158s][info ][safepoint     ] Entering safepoint region: Cleanup
[2023-12-02T16:21:31.087+0000][2962.159s][info ][safepoint     ] Leaving safepoint region
[2023-12-02T16:21:31.088+0000][2962.160s][info ][safepoint     ] Total time for which application threads were stopped: 0.0017692 seconds, Stopping threads took: 0.0006166 seconds
[2023-12-02T16:21:32.089+0000][2963.161s][debug][safepoint     ] Safepoint synchronization initiated. (206 threads)
[2023-12-02T16:21:32.090+0000][2963.162s][info ][safepoint     ] Application time: 1.0009595 seconds
[2023-12-02T16:21:32.090+0000][2963.162s][info ][safepoint     ] Entering safepoint region: Cleanup
[2023-12-02T16:21:32.091+0000][2963.163s][info ][safepoint     ] Leaving safepoint region
[2023-12-02T16:21:32.092+0000][2963.164s][info ][safepoint     ] Total time for which application threads were stopped: 0.0017539 seconds, Stopping threads took: 0.0009000 seconds
[2023-12-02T16:21:33.092+0000][2964.164s][debug][safepoint     ] Safepoint synchronization initiated. (206 threads)
[2023-12-02T16:21:33.093+0000][2964.165s][info ][safepoint     ] Application time: 1.0006785 seconds
[2023-12-02T16:21:33.093+0000][2964.165s][info ][safepoint     ] Entering safepoint region: Cleanup
[2023-12-02T16:21:33.094+0000][2964.166s][info ][safepoint     ] Leaving safepoint region
[2023-12-02T16:21:33.094+0000][2964.166s][info ][safepoint     ] Total time for which application threads were stopped: 0.0010648 seconds, Stopping threads took: 0.0004502 seconds
[2023-12-02T16:21:34.095+0000][2965.167s][debug][safepoint     ] Safepoint synchronization initiated. (206 threads)
[2023-12-02T16:21:34.096+0000][2965.168s][info ][safepoint     ] Application time: 1.0013320 seconds
[2023-12-02T16:21:34.097+0000][2965.169s][info ][safepoint     ] Entering safepoint region: Cleanup
[2023-12-02T16:21:34.098+0000][2965.170s][info ][safepoint     ] Leaving safepoint region
[2023-12-02T16:21:34.099+0000][2965.171s][info ][safepoint     ] Total time for which application threads were stopped: 0.0020618 seconds, Stopping threads took: 0.0009503 seconds
[2023-12-02T16:21:35.100+0000][2966.172s][debug][safepoint     ] Safepoint synchronization initiated. (206 threads)
[2023-12-02T16:21:35.101+0000][2966.173s][info ][safepoint     ] Application time: 1.0012734 seconds
[2023-12-02T16:21:35.102+0000][2966.174s][info ][safepoint     ] Entering safepoint region: Cleanup
[2023-12-02T16:21:35.103+0000][2966.175s][info ][safepoint     ] Leaving safepoint region
[2023-12-02T16:21:35.104+0000][2966.176s][info ][safepoint     ] Total time for which application threads were stopped: 0.0018693 seconds, Stopping threads took: 0.0008231 seconds
[2023-12-02T16:21:36.105+0000][2967.177s][debug][safepoint     ] Safepoint synchronization initiated. (206 threads)
[2023-12-02T16:21:36.106+0000][2967.178s][info ][safepoint     ] Application time: 1.0012644 seconds
[2023-12-02T16:21:36.106+0000][2967.178s][info ][safepoint     ] Entering safepoint region: Cleanup
[2023-12-02T16:21:36.107+0000][2967.179s][info ][safepoint     ] Leaving safepoint region
[2023-12-02T16:21:36.108+0000][2967.180s][info ][safepoint     ] Total time for which application threads were stopped: 0.0016623 seconds, Stopping threads took: 0.0006788 seconds
[2023-12-02T16:21:37.108+0000][2968.180s][debug][safepoint     ] Safepoint synchronization initiated. (206 threads)
[2023-12-02T16:21:37.109+0000][2968.181s][info ][safepoint     ] Application time: 1.0012064 seconds
[2023-12-02T16:21:37.110+0000][2968.182s][info ][safepoint     ] Entering safepoint region: Cleanup
[2023-12-02T16:21:37.111+0000][2968.183s][info ][safepoint     ] Leaving safepoint region
[2023-12-02T16:21:37.112+0000][2968.184s][info ][safepoint     ] Total time for which application threads were stopped: 0.0021775 seconds, Stopping threads took: 0.0008097 seconds
[2023-12-02T16:21:38.113+0000][2969.185s][debug][safepoint     ] Safepoint synchronization initiated. (206 threads)
[2023-12-02T16:21:38.114+0000][2969.186s][info ][safepoint     ] Application time: 1.0009886 seconds
[2023-12-02T16:21:38.115+0000][2969.187s][info ][safepoint     ] Entering safepoint region: Cleanup
[2023-12-02T16:21:38.116+0000][2969.188s][info ][safepoint     ] Leaving safepoint region
[2023-12-02T16:21:38.117+0000][2969.189s][info ][safepoint     ] Total time for which application threads were stopped: 0.0017132 seconds, Stopping threads took: 0.0007917 seconds
[2023-12-02T16:21:39.117+0000][2970.189s][debug][safepoint     ] Safepoint synchronization initiated. (206 threads)
[2023-12-02T16:21:39.118+0000][2970.190s][info ][safepoint     ] Application time: 1.0011340 seconds
[2023-12-02T16:21:39.119+0000][2970.191s][info ][safepoint     ] Entering safepoint region: Cleanup
[2023-12-02T16:21:39.120+0000][2970.192s][info ][safepoint     ] Leaving safepoint region
[2023-12-02T16:21:39.121+0000][2970.193s][info ][safepoint     ] Total time for which application threads were stopped: 0.0018866 seconds, Stopping threads took: 0.0005887 seconds
[2023-12-02T16:21:40.122+0000][2971.194s][debug][safepoint     ] Safepoint synchronization initiated. (206 threads)
[2023-12-02T16:21:40.123+0000][2971.195s][info ][safepoint     ] Application time: 1.0012807 seconds
[2023-12-02T16:21:40.124+0000][2971.196s][info ][safepoint     ] Entering safepoint region: Cleanup
[2023-12-02T16:21:40.125+0000][2971.197s][info ][safepoint     ] Leaving safepoint region
[2023-12-02T16:21:40.126+0000][2971.198s][info ][safepoint     ] Total time for which application threads were stopped: 0.0022232 seconds, Stopping threads took: 0.0009777 seconds
[2023-12-02T16:21:41.127+0000][2972.199s][debug][safepoint     ] Safepoint synchronization initiated. (206 threads)
[2023-12-02T16:21:41.128+0000][2972.200s][info ][safepoint     ] Application time: 1.0011959 seconds
[2023-12-02T16:21:41.129+0000][2972.201s][info ][safepoint     ] Entering safepoint region: Cleanup
[2023-12-02T16:21:41.130+0000][2972.202s][info ][safepoint     ] Leaving safepoint region
[2023-12-02T16:21:41.130+0000][2972.202s][info ][safepoint     ] Total time for which application threads were stopped: 0.0017440 seconds, Stopping threads took: 0.0007150 seconds
[2023-12-02T16:21:42.131+0000][2973.203s][debug][safepoint     ] Safepoint synchronization initiated. (206 threads)
[2023-12-02T16:21:42.132+0000][2973.204s][info ][safepoint     ] Application time: 1.0006856 seconds
[2023-12-02T16:21:42.132+0000][2973.204s][debug][safepoint     ] ... found polling page return exception at pc = 0x00007f43fca85ff6, stub =0x00007f43f4840600
[2023-12-02T16:21:42.132+0000][2973.204s][debug][safepoint     ] ... found polling page return exception at pc = 0x00007f43fc9de0c4, stub =0x00007f43f4840600
[2023-12-02T16:21:42.132+0000][2973.204s][debug][safepoint     ] ... found polling page return exception at pc = 0x00007f43fcb063cf, stub =0x00007f43f4840600
[2023-12-02T16:21:42.133+0000][2973.205s][debug][safepoint     ] Waiting for 3 thread(s) to block
[2023-12-02T16:21:42.133+0000][2973.205s][info ][safepoint     ] Entering safepoint region: Cleanup
[2023-12-02T16:21:42.134+0000][2973.206s][info ][safepoint     ] Leaving safepoint region
[2023-12-02T16:21:42.134+0000][2973.206s][info ][safepoint     ] Total time for which application threads were stopped: 0.0024148 seconds, Stopping threads took: 0.0018775 seconds
[2023-12-02T16:21:43.135+0000][2974.207s][debug][safepoint     ] Safepoint synchronization initiated. (206 threads)
[2023-12-02T16:21:43.136+0000][2974.208s][info ][safepoint     ] Application time: 1.0011801 seconds
[2023-12-02T16:21:43.137+0000][2974.209s][info ][safepoint     ] Entering safepoint region: Cleanup
[2023-12-02T16:21:43.138+0000][2974.210s][info ][safepoint     ] Leaving safepoint region
[2023-12-02T16:21:43.139+0000][2974.211s][info ][safepoint     ] Total time for which application threads were stopped: 0.0019754 seconds, Stopping threads took: 0.0007685 seconds
[2023-12-02T16:21:44.139+0000][2975.211s][debug][safepoint     ] Safepoint synchronization initiated. (206 threads)
[2023-12-02T16:21:44.140+0000][2975.212s][info ][safepoint     ] Application time: 1.0013520 seconds
[2023-12-02T16:21:44.141+0000][2975.213s][info ][safepoint     ] Entering safepoint region: Cleanup
[2023-12-02T16:21:44.142+0000][2975.214s][info ][safepoint     ] Leaving safepoint region
[2023-12-02T16:21:44.143+0000][2975.215s][info ][safepoint     ] Total time for which application threads were stopped: 0.0017849 seconds, Stopping threads took: 0.0007275 seconds
[2023-12-02T16:21:45.144+0000][2976.216s][debug][safepoint     ] Safepoint synchronization initiated. (206 threads)
[2023-12-02T16:21:45.145+0000][2976.217s][info ][safepoint     ] Application time: 1.0012509 seconds
[2023-12-02T16:21:45.146+0000][2976.218s][info ][safepoint     ] Entering safepoint region: Cleanup
[2023-12-02T16:21:45.147+0000][2976.219s][info ][safepoint     ] Leaving safepoint region
[2023-12-02T16:21:45.148+0000][2976.220s][info ][safepoint     ] Total time for which application threads were stopped: 0.0022168 seconds, Stopping threads took: 0.0009348 seconds
[2023-12-02T16:21:46.149+0000][2977.221s][debug][safepoint     ] Safepoint synchronization initiated. (206 threads)
[2023-12-02T16:21:46.150+0000][2977.222s][info ][safepoint     ] Application time: 1.0010031 seconds
[2023-12-02T16:21:46.150+0000][2977.222s][info ][safepoint     ] Entering safepoint region: Cleanup
[2023-12-02T16:21:46.151+0000][2977.223s][info ][safepoint     ] Leaving safepoint region
[2023-12-02T16:21:46.152+0000][2977.224s][info ][safepoint     ] Total time for which application threads were stopped: 0.0014819 seconds, Stopping threads took: 0.0005941 seconds
[2023-12-02T16:21:47.153+0000][2978.225s][debug][safepoint     ] Safepoint synchronization initiated. (206 threads)
[2023-12-02T16:21:47.154+0000][2978.226s][info ][safepoint     ] Application time: 1.0012388 seconds
[2023-12-02T16:21:47.155+0000][2978.227s][info ][safepoint     ] Entering safepoint region: Cleanup
[2023-12-02T16:21:47.156+0000][2978.228s][info ][safepoint     ] Leaving safepoint region
[2023-12-02T16:21:47.156+0000][2978.228s][info ][safepoint     ] Total time for which application threads were stopped: 0.0019737 seconds, Stopping threads took: 0.0007081 seconds
[2023-12-02T16:21:48.158+0000][2979.230s][debug][safepoint     ] Safepoint synchronization initiated. (206 threads)
[2023-12-02T16:21:48.158+0000][2979.230s][info ][safepoint     ] Application time: 1.0011627 seconds
[2023-12-02T16:21:48.159+0000][2979.231s][info ][safepoint     ] Entering safepoint region: Cleanup
[2023-12-02T16:21:48.161+0000][2979.233s][info ][safepoint     ] Leaving safepoint region
[2023-12-02T16:21:48.161+0000][2979.233s][info ][safepoint     ] Total time for which application threads were stopped: 0.0019045 seconds, Stopping threads took: 0.0007126 seconds
[2023-12-02T16:21:49.162+0000][2980.234s][debug][safepoint     ] Safepoint synchronization initiated. (206 threads)
[2023-12-02T16:21:49.163+0000][2980.235s][info ][safepoint     ] Application time: 1.0008603 seconds
[2023-12-02T16:21:49.163+0000][2980.235s][info ][safepoint     ] Entering safepoint region: Cleanup
[2023-12-02T16:21:49.164+0000][2980.236s][info ][safepoint     ] Leaving safepoint region
[2023-12-02T16:21:49.164+0000][2980.236s][info ][safepoint     ] Total time for which application threads were stopped: 0.0010570 seconds, Stopping threads took: 0.0004316 seconds
[2023-12-02T16:21:50.165+0000][2981.237s][debug][safepoint     ] Safepoint synchronization initiated. (206 threads)
[2023-12-02T16:21:50.166+0000][2981.238s][info ][safepoint     ] Application time: 1.0012946 seconds
[2023-12-02T16:21:50.167+0000][2981.239s][debug][safepoint     ] ... found polling page return exception at pc = 0x00007f43fcad8574, stub =0x00007f43f4840600
[2023-12-02T16:21:50.167+0000][2981.239s][debug][safepoint     ] ... found polling page return exception at pc = 0x00007f43fcdde34a, stub =0x00007f43f4840600
[2023-12-02T16:21:50.169+0000][2981.241s][debug][safepoint     ] Waiting for 2 thread(s) to block
[2023-12-02T16:21:50.170+0000][2981.242s][info ][safepoint     ] Entering safepoint region: Cleanup
[2023-12-02T16:21:50.171+0000][2981.243s][info ][safepoint     ] Leaving safepoint region
[2023-12-02T16:21:50.171+0000][2981.243s][info ][safepoint     ] Total time for which application threads were stopped: 0.0043382 seconds, Stopping threads took: 0.0033380 seconds
[2023-12-02T16:21:51.172+0000][2982.244s][debug][safepoint     ] Safepoint synchronization initiated. (206 threads)
[2023-12-02T16:21:51.173+0000][2982.245s][info ][safepoint     ] Application time: 1.0008673 seconds
[2023-12-02T16:21:51.173+0000][2982.245s][info ][safepoint     ] Entering safepoint region: Cleanup
[2023-12-02T16:21:51.174+0000][2982.246s][info ][safepoint     ] Leaving safepoint region
[2023-12-02T16:21:51.174+0000][2982.246s][info ][safepoint     ] Total time for which application threads were stopped: 0.0010673 seconds, Stopping threads took: 0.0005384 seconds
[2023-12-02T16:21:52.175+0000][2983.247s][debug][safepoint     ] Safepoint synchronization initiated. (206 threads)
[2023-12-02T16:21:52.176+0000][2983.248s][info ][safepoint     ] Application time: 1.0012627 seconds
[2023-12-02T16:21:52.177+0000][2983.249s][info ][safepoint     ] Entering safepoint region: Cleanup
[2023-12-02T16:21:52.178+0000][2983.250s][info ][safepoint     ] Leaving safepoint region
[2023-12-02T16:21:52.179+0000][2983.251s][info ][safepoint     ] Total time for which application threads were stopped: 0.0018846 seconds, Stopping threads took: 0.0007709 seconds
[2023-12-02T16:21:53.180+0000][2984.252s][debug][safepoint     ] Safepoint synchronization initiated. (206 threads)
[2023-12-02T16:21:53.181+0000][2984.253s][info ][safepoint     ] Application time: 1.0013979 seconds
[2023-12-02T16:21:53.182+0000][2984.254s][info ][safepoint     ] Entering safepoint region: Cleanup
[2023-12-02T16:21:53.183+0000][2984.255s][info ][safepoint     ] Leaving safepoint region
[2023-12-02T16:21:53.184+0000][2984.256s][info ][safepoint     ] Total time for which application threads were stopped: 0.0022501 seconds, Stopping threads took: 0.0010037 seconds
[2023-12-02T16:21:54.185+0000][2985.257s][debug][safepoint     ] Safepoint synchronization initiated. (206 threads)
[2023-12-02T16:21:54.186+0000][2985.258s][info ][safepoint     ] Application time: 1.0012812 seconds
[2023-12-02T16:21:54.187+0000][2985.259s][info ][safepoint     ] Entering safepoint region: Cleanup
[2023-12-02T16:21:54.188+0000][2985.260s][info ][safepoint     ] Leaving safepoint region
[2023-12-02T16:21:54.188+0000][2985.260s][info ][safepoint     ] Total time for which application threads were stopped: 0.0016369 seconds, Stopping threads took: 0.0006118 seconds
[2023-12-02T16:21:55.189+0000][2986.261s][debug][safepoint     ] Safepoint synchronization initiated. (206 threads)
[2023-12-02T16:21:55.190+0000][2986.262s][info ][safepoint     ] Application time: 1.0014004 seconds
[2023-12-02T16:21:55.191+0000][2986.263s][info ][safepoint     ] Entering safepoint region: Cleanup
[2023-12-02T16:21:55.192+0000][2986.264s][info ][safepoint     ] Leaving safepoint region
[2023-12-02T16:21:55.193+0000][2986.265s][info ][safepoint     ] Total time for which application threads were stopped: 0.0019361 seconds, Stopping threads took: 0.0008692 seconds
[2023-12-02T16:21:56.194+0000][2987.266s][debug][safepoint     ] Safepoint synchronization initiated. (206 threads)
[2023-12-02T16:21:56.194+0000][2987.266s][info ][safepoint     ] Application time: 1.0006255 seconds
[2023-12-02T16:21:56.195+0000][2987.267s][info ][safepoint     ] Entering safepoint region: Cleanup
[2023-12-02T16:21:56.195+0000][2987.267s][info ][safepoint     ] Leaving safepoint region
[2023-12-02T16:21:56.196+0000][2987.267s][info ][safepoint     ] Total time for which application threads were stopped: 0.0007484 seconds, Stopping threads took: 0.0002993 seconds
[2023-12-02T16:21:57.196+0000][2988.268s][debug][safepoint     ] Safepoint synchronization initiated. (206 threads)
[2023-12-02T16:21:57.197+0000][2988.269s][info ][safepoint     ] Application time: 1.0015971 seconds
[2023-12-02T16:21:57.198+0000][2988.270s][info ][safepoint     ] Entering safepoint region: Cleanup
[2023-12-02T16:21:57.199+0000][2988.271s][info ][safepoint     ] Leaving safepoint region
[2023-12-02T16:21:57.200+0000][2988.272s][info ][safepoint     ] Total time for which application threads were stopped: 0.0018797 seconds, Stopping threads took: 0.0006358 seconds
[2023-12-02T16:21:58.201+0000][2989.273s][debug][safepoint     ] Safepoint synchronization initiated. (206 threads)
[2023-12-02T16:21:58.202+0000][2989.274s][info ][safepoint     ] Application time: 1.0012130 seconds
[2023-12-02T16:21:58.203+0000][2989.275s][info ][safepoint     ] Entering safepoint region: Cleanup
[2023-12-02T16:21:58.204+0000][2989.276s][info ][safepoint     ] Leaving safepoint region
[2023-12-02T16:21:58.205+0000][2989.277s][info ][safepoint     ] Total time for which application threads were stopped: 0.0020882 seconds, Stopping threads took: 0.0007640 seconds
[2023-12-02T16:21:59.206+0000][2990.278s][debug][safepoint     ] Safepoint synchronization initiated. (206 threads)
[2023-12-02T16:21:59.207+0000][2990.278s][info ][safepoint     ] Application time: 1.0010260 seconds
[2023-12-02T16:21:59.207+0000][2990.279s][info ][safepoint     ] Entering safepoint region: Cleanup
[2023-12-02T16:21:59.208+0000][2990.280s][info ][safepoint     ] Leaving safepoint region
[2023-12-02T16:21:59.208+0000][2990.280s][info ][safepoint     ] Total time for which application threads were stopped: 0.0012041 seconds, Stopping threads took: 0.0005424 seconds
[2023-12-02T16:22:00.209+0000][2991.281s][debug][safepoint     ] Safepoint synchronization initiated. (206 threads)
[2023-12-02T16:22:00.210+0000][2991.282s][info ][safepoint     ] Application time: 1.0011505 seconds
[2023-12-02T16:22:00.211+0000][2991.282s][info ][safepoint     ] Entering safepoint region: Cleanup
[2023-12-02T16:22:00.211+0000][2991.283s][info ][safepoint     ] Leaving safepoint region
[2023-12-02T16:22:00.212+0000][2991.284s][info ][safepoint     ] Total time for which application threads were stopped: 0.0013293 seconds, Stopping threads took: 0.0005690 seconds
[2023-12-02T16:22:01.213+0000][2992.284s][debug][safepoint     ] Safepoint synchronization initiated. (206 threads)
[2023-12-02T16:22:01.213+0000][2992.285s][info ][safepoint     ] Application time: 1.0006156 seconds
[2023-12-02T16:22:01.213+0000][2992.285s][info ][safepoint     ] Entering safepoint region: Cleanup
[2023-12-02T16:22:01.214+0000][2992.286s][info ][safepoint     ] Leaving safepoint region
[2023-12-02T16:22:01.214+0000][2992.286s][info ][safepoint     ] Total time for which application threads were stopped: 0.0007845 seconds, Stopping threads took: 0.0003457 seconds
[2023-12-02T16:22:02.215+0000][2993.287s][debug][safepoint     ] Safepoint synchronization initiated. (206 threads)
[2023-12-02T16:22:02.215+0000][2993.287s][info ][safepoint     ] Application time: 1.0009483 seconds
[2023-12-02T16:22:02.216+0000][2993.288s][info ][safepoint     ] Entering safepoint region: Cleanup
[2023-12-02T16:22:02.217+0000][2993.289s][info ][safepoint     ] Leaving safepoint region
[2023-12-02T16:22:02.217+0000][2993.289s][info ][safepoint     ] Total time for which application threads were stopped: 0.0014366 seconds, Stopping threads took: 0.0005195 seconds
[2023-12-02T16:22:03.218+0000][2994.290s][debug][safepoint     ] Safepoint synchronization initiated. (206 threads)
[2023-12-02T16:22:03.219+0000][2994.291s][info ][safepoint     ] Application time: 1.0012036 seconds
[2023-12-02T16:22:03.220+0000][2994.292s][info ][safepoint     ] Entering safepoint region: Cleanup
[2023-12-02T16:22:03.221+0000][2994.293s][info ][safepoint     ] Leaving safepoint region
[2023-12-02T16:22:03.222+0000][2994.294s][info ][safepoint     ] Total time for which application threads were stopped: 0.0020386 seconds, Stopping threads took: 0.0008640 seconds
[2023-12-02T16:22:04.223+0000][2995.295s][debug][safepoint     ] Safepoint synchronization initiated. (206 threads)
[2023-12-02T16:22:04.224+0000][2995.296s][info ][safepoint     ] Application time: 1.0012842 seconds
[2023-12-02T16:22:04.225+0000][2995.296s][info ][safepoint     ] Entering safepoint region: Cleanup
[2023-12-02T16:22:04.226+0000][2995.298s][info ][safepoint     ] Leaving safepoint region
[2023-12-02T16:22:04.227+0000][2995.299s][info ][safepoint     ] Total time for which application threads were stopped: 0.0022179 seconds, Stopping threads took: 0.0009567 seconds
[2023-12-02T16:22:05.228+0000][2996.300s][debug][safepoint     ] Safepoint synchronization initiated. (206 threads)
[2023-12-02T16:22:05.229+0000][2996.301s][info ][safepoint     ] Application time: 1.0011073 seconds
[2023-12-02T16:22:05.230+0000][2996.301s][info ][safepoint     ] Entering safepoint region: Cleanup
[2023-12-02T16:22:05.231+0000][2996.303s][info ][safepoint     ] Leaving safepoint region
[2023-12-02T16:22:05.232+0000][2996.304s][info ][safepoint     ] Total time for which application threads were stopped: 0.0021456 seconds, Stopping threads took: 0.0008540 seconds
[2023-12-02T16:22:06.233+0000][2997.304s][debug][safepoint     ] Safepoint synchronization initiated. (206 threads)
[2023-12-02T16:22:06.233+0000][2997.305s][info ][safepoint     ] Application time: 1.0012164 seconds
[2023-12-02T16:22:06.234+0000][2997.306s][info ][safepoint     ] Entering safepoint region: Cleanup
[2023-12-02T16:22:06.235+0000][2997.307s][info ][safepoint     ] Leaving safepoint region
[2023-12-02T16:22:06.236+0000][2997.308s][info ][safepoint     ] Total time for which application threads were stopped: 0.0018294 seconds, Stopping threads took: 0.0007205 seconds
[2023-12-02T16:22:07.237+0000][2998.309s][debug][safepoint     ] Safepoint synchronization initiated. (206 threads)
[2023-12-02T16:22:07.238+0000][2998.309s][info ][safepoint     ] Application time: 1.0011089 seconds
[2023-12-02T16:22:07.238+0000][2998.310s][info ][safepoint     ] Entering safepoint region: Cleanup
[2023-12-02T16:22:07.239+0000][2998.311s][info ][safepoint     ] Leaving safepoint region
[2023-12-02T16:22:07.240+0000][2998.312s][info ][safepoint     ] Total time for which application threads were stopped: 0.0017886 seconds, Stopping threads took: 0.0006866 seconds
[2023-12-02T16:22:08.241+0000][2999.313s][debug][safepoint     ] Safepoint synchronization initiated. (206 threads)
[2023-12-02T16:22:08.242+0000][2999.314s][info ][safepoint     ] Application time: 1.0013367 seconds
[2023-12-02T16:22:08.243+0000][2999.315s][info ][safepoint     ] Entering safepoint region: Cleanup
[2023-12-02T16:22:08.244+0000][2999.316s][info ][safepoint     ] Leaving safepoint region
[2023-12-02T16:22:08.245+0000][2999.317s][info ][safepoint     ] Total time for which application threads were stopped: 0.0019576 seconds, Stopping threads took: 0.0008610 seconds
[2023-12-02T16:22:09.246+0000][3000.318s][debug][safepoint     ] Safepoint synchronization initiated. (206 threads)
[2023-12-02T16:22:09.247+0000][3000.319s][info ][safepoint     ] Application time: 1.0013724 seconds
[2023-12-02T16:22:09.248+0000][3000.320s][info ][safepoint     ] Entering safepoint region: Cleanup
[2023-12-02T16:22:09.249+0000][3000.321s][info ][safepoint     ] Leaving safepoint region
[2023-12-02T16:22:09.250+0000][3000.321s][info ][safepoint     ] Total time for which application threads were stopped: 0.0019172 seconds, Stopping threads took: 0.0006927 seconds
[2023-12-02T16:22:10.250+0000][3001.322s][debug][safepoint     ] Safepoint synchronization initiated. (206 threads)
[2023-12-02T16:22:10.251+0000][3001.323s][info ][safepoint     ] Application time: 1.0011479 seconds
[2023-12-02T16:22:10.252+0000][3001.324s][info ][safepoint     ] Entering safepoint region: Cleanup
[2023-12-02T16:22:10.253+0000][3001.325s][info ][safepoint     ] Leaving safepoint region
[2023-12-02T16:22:10.254+0000][3001.326s][info ][safepoint     ] Total time for which application threads were stopped: 0.0016158 seconds, Stopping threads took: 0.0007199 seconds
[2023-12-02T16:22:11.255+0000][3002.326s][debug][safepoint     ] Safepoint synchronization initiated. (206 threads)
[2023-12-02T16:22:11.256+0000][3002.327s][info ][safepoint     ] Application time: 1.0013493 seconds
[2023-12-02T16:22:11.256+0000][3002.328s][info ][safepoint     ] Entering safepoint region: Cleanup
[2023-12-02T16:22:11.258+0000][3002.330s][info ][safepoint     ] Leaving safepoint region
[2023-12-02T16:22:11.259+0000][3002.331s][info ][safepoint     ] Total time for which application threads were stopped: 0.0022542 seconds, Stopping threads took: 0.0008509 seconds
[2023-12-02T16:22:12.260+0000][3003.331s][debug][safepoint     ] Safepoint synchronization initiated. (206 threads)
[2023-12-02T16:22:12.261+0000][3003.332s][info ][safepoint     ] Application time: 1.0012090 seconds
[2023-12-02T16:22:12.261+0000][3003.333s][info ][safepoint     ] Entering safepoint region: Cleanup
[2023-12-02T16:22:12.262+0000][3003.334s][info ][safepoint     ] Leaving safepoint region
[2023-12-02T16:22:12.263+0000][3003.335s][info ][safepoint     ] Total time for which application threads were stopped: 0.0016671 seconds, Stopping threads took: 0.0007482 seconds
[2023-12-02T16:22:13.264+0000][3004.336s][debug][safepoint     ] Safepoint synchronization initiated. (206 threads)
[2023-12-02T16:22:13.265+0000][3004.337s][info ][safepoint     ] Application time: 1.0012236 seconds
[2023-12-02T16:22:13.265+0000][3004.337s][info ][safepoint     ] Entering safepoint region: Cleanup
[2023-12-02T16:22:13.267+0000][3004.338s][info ][safepoint     ] Leaving safepoint region
[2023-12-02T16:22:13.267+0000][3004.339s][info ][safepoint     ] Total time for which application threads were stopped: 0.0017848 seconds, Stopping threads took: 0.0007639 seconds
[2023-12-02T16:22:14.268+0000][3005.340s][debug][safepoint     ] Safepoint synchronization initiated. (206 threads)
[2023-12-02T16:22:14.269+0000][3005.340s][info ][safepoint     ] Application time: 1.0009072 seconds
[2023-12-02T16:22:14.269+0000][3005.341s][debug][safepoint     ] Waiting for 1 thread(s) to block
[2023-12-02T16:22:14.270+0000][3005.342s][info ][safepoint     ] Entering safepoint region: Cleanup
[2023-12-02T16:22:14.271+0000][3005.343s][info ][safepoint     ] Leaving safepoint region
[2023-12-02T16:22:14.272+0000][3005.344s][info ][safepoint     ] Total time for which application threads were stopped: 0.0028543 seconds, Stopping threads took: 0.0018024 seconds
[2023-12-02T16:22:15.273+0000][3006.345s][debug][safepoint     ] Safepoint synchronization initiated. (206 threads)
[2023-12-02T16:22:15.274+0000][3006.346s][info ][safepoint     ] Application time: 1.0012584 seconds
[2023-12-02T16:22:15.275+0000][3006.347s][info ][safepoint     ] Entering safepoint region: Cleanup
[2023-12-02T16:22:15.276+0000][3006.348s][info ][safepoint     ] Leaving safepoint region
[2023-12-02T16:22:15.277+0000][3006.349s][info ][safepoint     ] Total time for which application threads were stopped: 0.0019734 seconds, Stopping threads took: 0.0008408 seconds
[2023-12-02T16:22:16.278+0000][3007.350s][debug][safepoint     ] Safepoint synchronization initiated. (206 threads)
[2023-12-02T16:22:16.278+0000][3007.350s][info ][safepoint     ] Application time: 1.0005223 seconds
[2023-12-02T16:22:16.278+0000][3007.350s][info ][safepoint     ] Entering safepoint region: Cleanup
[2023-12-02T16:22:16.279+0000][3007.351s][info ][safepoint     ] Leaving safepoint region
[2023-12-02T16:22:16.279+0000][3007.351s][info ][safepoint     ] Total time for which application threads were stopped: 0.0007537 seconds, Stopping threads took: 0.0003185 seconds
[2023-12-02T16:22:17.280+0000][3008.351s][debug][safepoint     ] Safepoint synchronization initiated. (206 threads)
[2023-12-02T16:22:17.280+0000][3008.352s][info ][safepoint     ] Application time: 1.0005809 seconds
[2023-12-02T16:22:17.280+0000][3008.352s][info ][safepoint     ] Entering safepoint region: Cleanup
[2023-12-02T16:22:17.281+0000][3008.353s][info ][safepoint     ] Leaving safepoint region
[2023-12-02T16:22:17.281+0000][3008.353s][info ][safepoint     ] Total time for which application threads were stopped: 0.0008577 seconds, Stopping threads took: 0.0003863 seconds
[2023-12-02T16:22:18.281+0000][3009.353s][debug][safepoint     ] Safepoint synchronization initiated. (206 threads)
[2023-12-02T16:22:18.282+0000][3009.354s][info ][safepoint     ] Application time: 1.0004714 seconds
[2023-12-02T16:22:18.282+0000][3009.354s][info ][safepoint     ] Entering safepoint region: Cleanup
[2023-12-02T16:22:18.283+0000][3009.354s][info ][safepoint     ] Leaving safepoint region
[2023-12-02T16:22:18.283+0000][3009.355s][info ][safepoint     ] Total time for which application threads were stopped: 0.0008139 seconds, Stopping threads took: 0.0002909 seconds
[2023-12-02T16:22:19.283+0000][3010.355s][debug][safepoint     ] Safepoint synchronization initiated. (206 threads)
[2023-12-02T16:22:19.283+0000][3010.355s][info ][safepoint     ] Application time: 1.0003620 seconds
[2023-12-02T16:22:19.284+0000][3010.356s][info ][safepoint     ] Entering safepoint region: Cleanup
[2023-12-02T16:22:19.284+0000][3010.356s][info ][safepoint     ] Leaving safepoint region
[2023-12-02T16:22:19.284+0000][3010.356s][info ][safepoint     ] Total time for which application threads were stopped: 0.0005532 seconds, Stopping threads took: 0.0002132 seconds
[2023-12-02T16:22:20.284+0000][3011.356s][debug][safepoint     ] Safepoint synchronization initiated. (206 threads)
[2023-12-02T16:22:20.285+0000][3011.357s][info ][safepoint     ] Application time: 1.0006277 seconds
[2023-12-02T16:22:20.285+0000][3011.357s][info ][safepoint     ] Entering safepoint region: Cleanup
[2023-12-02T16:22:20.286+0000][3011.358s][info ][safepoint     ] Leaving safepoint region
[2023-12-02T16:22:20.286+0000][3011.358s][info ][safepoint     ] Total time for which application threads were stopped: 0.0007916 seconds, Stopping threads took: 0.0003118 seconds
[2023-12-02T16:22:21.287+0000][3012.358s][debug][safepoint     ] Safepoint synchronization initiated. (206 threads)
[2023-12-02T16:22:21.287+0000][3012.359s][info ][safepoint     ] Application time: 1.0004987 seconds
[2023-12-02T16:22:21.287+0000][3012.359s][info ][safepoint     ] Entering safepoint region: Cleanup
[2023-12-02T16:22:21.288+0000][3012.359s][info ][safepoint     ] Leaving safepoint region
[2023-12-02T16:22:21.288+0000][3012.360s][info ][safepoint     ] Total time for which application threads were stopped: 0.0007200 seconds, Stopping threads took: 0.0002361 seconds
[2023-12-02T16:22:22.288+0000][3013.360s][debug][safepoint     ] Safepoint synchronization initiated. (206 threads)
[2023-12-02T16:22:22.289+0000][3013.361s][info ][safepoint     ] Application time: 1.0006807 seconds
[2023-12-02T16:22:22.289+0000][3013.361s][info ][safepoint     ] Entering safepoint region: Cleanup
[2023-12-02T16:22:22.290+0000][3013.362s][info ][safepoint     ] Leaving safepoint region
[2023-12-02T16:22:22.290+0000][3013.362s][info ][safepoint     ] Total time for which application threads were stopped: 0.0009092 seconds, Stopping threads took: 0.0004062 seconds
[2023-12-02T16:22:23.291+0000][3014.362s][debug][safepoint     ] Safepoint synchronization initiated. (206 threads)
[2023-12-02T16:22:23.291+0000][3014.363s][info ][safepoint     ] Application time: 1.0004124 seconds
[2023-12-02T16:22:23.291+0000][3014.363s][info ][safepoint     ] Entering safepoint region: Cleanup
[2023-12-02T16:22:23.292+0000][3014.363s][info ][safepoint     ] Leaving safepoint region
[2023-12-02T16:22:23.292+0000][3014.364s][info ][safepoint     ] Total time for which application threads were stopped: 0.0007652 seconds, Stopping threads took: 0.0003031 seconds
[2023-12-02T16:22:24.292+0000][3015.364s][debug][safepoint     ] Safepoint synchronization initiated. (206 threads)
[2023-12-02T16:22:24.293+0000][3015.364s][info ][safepoint     ] Application time: 1.0003861 seconds
[2023-12-02T16:22:24.293+0000][3015.365s][info ][safepoint     ] Entering safepoint region: Cleanup
[2023-12-02T16:22:24.293+0000][3015.365s][info ][safepoint     ] Leaving safepoint region
[2023-12-02T16:22:24.293+0000][3015.365s][info ][safepoint     ] Total time for which application threads were stopped: 0.0005625 seconds, Stopping threads took: 0.0002119 seconds
[2023-12-02T16:22:25.294+0000][3016.366s][debug][safepoint     ] Safepoint synchronization initiated. (206 threads)
[2023-12-02T16:22:25.294+0000][3016.366s][info ][safepoint     ] Application time: 1.0009494 seconds
[2023-12-02T16:22:25.295+0000][3016.367s][info ][safepoint     ] Entering safepoint region: Cleanup
[2023-12-02T16:22:25.296+0000][3016.367s][info ][safepoint     ] Leaving safepoint region
[2023-12-02T16:22:25.296+0000][3016.368s][info ][safepoint     ] Total time for which application threads were stopped: 0.0012868 seconds, Stopping threads took: 0.0005623 seconds
[2023-12-02T16:22:26.297+0000][3017.369s][debug][safepoint     ] Safepoint synchronization initiated. (206 threads)
[2023-12-02T16:22:26.298+0000][3017.370s][info ][safepoint     ] Application time: 1.0012144 seconds
[2023-12-02T16:22:26.298+0000][3017.370s][info ][safepoint     ] Entering safepoint region: Cleanup
[2023-12-02T16:22:26.299+0000][3017.371s][info ][safepoint     ] Leaving safepoint region
[2023-12-02T16:22:26.300+0000][3017.372s][info ][safepoint     ] Total time for which application threads were stopped: 0.0014000 seconds, Stopping threads took: 0.0006753 seconds
[2023-12-02T16:22:27.300+0000][3018.372s][debug][safepoint     ] Safepoint synchronization initiated. (206 threads)
[2023-12-02T16:22:27.301+0000][3018.373s][info ][safepoint     ] Application time: 1.0008026 seconds
[2023-12-02T16:22:27.301+0000][3018.373s][info ][safepoint     ] Entering safepoint region: Cleanup
[2023-12-02T16:22:27.302+0000][3018.374s][info ][safepoint     ] Leaving safepoint region
[2023-12-02T16:22:27.303+0000][3018.374s][info ][safepoint     ] Total time for which application threads were stopped: 0.0011363 seconds, Stopping threads took: 0.0004950 seconds
[2023-12-02T16:22:28.303+0000][3019.375s][debug][safepoint     ] Safepoint synchronization initiated. (206 threads)
[2023-12-02T16:22:28.304+0000][3019.376s][info ][safepoint     ] Application time: 1.0013337 seconds
[2023-12-02T16:22:28.305+0000][3019.377s][info ][safepoint     ] Entering safepoint region: Cleanup
[2023-12-02T16:22:28.307+0000][3019.378s][info ][safepoint     ] Leaving safepoint region
[2023-12-02T16:22:28.307+0000][3019.379s][info ][safepoint     ] Total time for which application threads were stopped: 0.0020004 seconds, Stopping threads took: 0.0007521 seconds
[2023-12-02T16:22:29.308+0000][3020.380s][debug][safepoint     ] Safepoint synchronization initiated. (206 threads)
[2023-12-02T16:22:29.309+0000][3020.381s][info ][safepoint     ] Application time: 1.0009291 seconds
[2023-12-02T16:22:29.310+0000][3020.382s][info ][safepoint     ] Entering safepoint region: Cleanup
[2023-12-02T16:22:29.311+0000][3020.382s][info ][safepoint     ] Leaving safepoint region
[2023-12-02T16:22:29.311+0000][3020.383s][info ][safepoint     ] Total time for which application threads were stopped: 0.0014530 seconds, Stopping threads took: 0.0006155 seconds
[2023-12-02T16:22:30.312+0000][3021.384s][debug][safepoint     ] Safepoint synchronization initiated. (206 threads)
[2023-12-02T16:22:30.312+0000][3021.384s][info ][safepoint     ] Application time: 1.0006976 seconds
[2023-12-02T16:22:30.313+0000][3021.385s][info ][safepoint     ] Entering safepoint region: Cleanup
[2023-12-02T16:22:30.313+0000][3021.385s][info ][safepoint     ] Leaving safepoint region
[2023-12-02T16:22:30.314+0000][3021.386s][info ][safepoint     ] Total time for which application threads were stopped: 0.0010743 seconds, Stopping threads took: 0.0004595 seconds
[2023-12-02T16:22:31.315+0000][3022.386s][debug][safepoint     ] Safepoint synchronization initiated. (206 threads)
[2023-12-02T16:22:31.315+0000][3022.387s][info ][safepoint     ] Application time: 1.0011366 seconds
[2023-12-02T16:22:31.316+0000][3022.388s][info ][safepoint     ] Entering safepoint region: Cleanup
[2023-12-02T16:22:31.317+0000][3022.389s][info ][safepoint     ] Leaving safepoint region
[2023-12-02T16:22:31.317+0000][3022.389s][info ][safepoint     ] Total time for which application threads were stopped: 0.0014156 seconds, Stopping threads took: 0.0006431 seconds
[2023-12-02T16:22:32.318+0000][3023.390s][debug][safepoint     ] Safepoint synchronization initiated. (206 threads)
[2023-12-02T16:22:32.319+0000][3023.391s][info ][safepoint     ] Application time: 1.0009091 seconds
[2023-12-02T16:22:32.319+0000][3023.391s][info ][safepoint     ] Entering safepoint region: Cleanup
[2023-12-02T16:22:32.321+0000][3023.392s][info ][safepoint     ] Leaving safepoint region
[2023-12-02T16:22:32.321+0000][3023.393s][info ][safepoint     ] Total time for which application threads were stopped: 0.0017632 seconds, Stopping threads took: 0.0007304 seconds
[2023-12-02T16:22:33.322+0000][3024.394s][debug][safepoint     ] Safepoint synchronization initiated. (206 threads)
[2023-12-02T16:22:33.322+0000][3024.394s][info ][safepoint     ] Application time: 1.0006003 seconds
[2023-12-02T16:22:33.323+0000][3024.395s][info ][safepoint     ] Entering safepoint region: Cleanup
[2023-12-02T16:22:33.323+0000][3024.395s][info ][safepoint     ] Leaving safepoint region
[2023-12-02T16:22:33.324+0000][3024.396s][info ][safepoint     ] Total time for which application threads were stopped: 0.0012639 seconds, Stopping threads took: 0.0004790 seconds
[2023-12-02T16:22:34.325+0000][3025.397s][debug][safepoint     ] Safepoint synchronization initiated. (206 threads)
[2023-12-02T16:22:34.326+0000][3025.398s][info ][safepoint     ] Application time: 1.0013846 seconds
[2023-12-02T16:22:34.327+0000][3025.399s][info ][safepoint     ] Entering safepoint region: Cleanup
[2023-12-02T16:22:34.328+0000][3025.400s][info ][safepoint     ] Leaving safepoint region
[2023-12-02T16:22:34.329+0000][3025.401s][info ][safepoint     ] Total time for which application threads were stopped: 0.0023080 seconds, Stopping threads took: 0.0010840 seconds
[2023-12-02T16:22:35.330+0000][3026.402s][debug][safepoint     ] Safepoint synchronization initiated. (206 threads)
[2023-12-02T16:22:35.331+0000][3026.402s][info ][safepoint     ] Application time: 1.0008795 seconds
[2023-12-02T16:22:35.331+0000][3026.403s][info ][safepoint     ] Entering safepoint region: Cleanup
[2023-12-02T16:22:35.332+0000][3026.404s][info ][safepoint     ] Leaving safepoint region
[2023-12-02T16:22:35.332+0000][3026.404s][info ][safepoint     ] Total time for which application threads were stopped: 0.0011076 seconds, Stopping threads took: 0.0004757 seconds
[2023-12-02T16:22:36.333+0000][3027.404s][debug][safepoint     ] Safepoint synchronization initiated. (206 threads)
[2023-12-02T16:22:36.333+0000][3027.405s][info ][safepoint     ] Application time: 1.0003791 seconds
[2023-12-02T16:22:36.333+0000][3027.405s][info ][safepoint     ] Entering safepoint region: Cleanup
[2023-12-02T16:22:36.334+0000][3027.405s][info ][safepoint     ] Leaving safepoint region
[2023-12-02T16:22:36.334+0000][3027.406s][info ][safepoint     ] Total time for which application threads were stopped: 0.0007070 seconds, Stopping threads took: 0.0002530 seconds
[2023-12-02T16:22:37.334+0000][3028.406s][debug][safepoint     ] Safepoint synchronization initiated. (206 threads)
[2023-12-02T16:22:37.335+0000][3028.407s][info ][safepoint     ] Application time: 1.0007553 seconds
[2023-12-02T16:22:37.335+0000][3028.407s][info ][safepoint     ] Entering safepoint region: Cleanup
[2023-12-02T16:22:37.336+0000][3028.408s][info ][safepoint     ] Leaving safepoint region
[2023-12-02T16:22:37.337+0000][3028.408s][info ][safepoint     ] Total time for which application threads were stopped: 0.0011653 seconds, Stopping threads took: 0.0005859 seconds
[2023-12-02T16:22:38.337+0000][3029.409s][debug][safepoint     ] Safepoint synchronization initiated. (206 threads)
[2023-12-02T16:22:38.338+0000][3029.410s][info ][safepoint     ] Application time: 1.0009953 seconds
[2023-12-02T16:22:38.338+0000][3029.410s][info ][safepoint     ] Entering safepoint region: Cleanup
[2023-12-02T16:22:38.339+0000][3029.411s][info ][safepoint     ] Leaving safepoint region
[2023-12-02T16:22:38.340+0000][3029.412s][info ][safepoint     ] Total time for which application threads were stopped: 0.0014414 seconds, Stopping threads took: 0.0006553 seconds
[2023-12-02T16:22:39.341+0000][3030.413s][debug][safepoint     ] Safepoint synchronization initiated. (206 threads)
[2023-12-02T16:22:39.342+0000][3030.413s][info ][safepoint     ] Application time: 1.0013228 seconds
[2023-12-02T16:22:39.342+0000][3030.414s][info ][safepoint     ] Entering safepoint region: Cleanup
[2023-12-02T16:22:39.343+0000][3030.415s][info ][safepoint     ] Leaving safepoint region
[2023-12-02T16:22:39.344+0000][3030.416s][info ][safepoint     ] Total time for which application threads were stopped: 0.0017005 seconds, Stopping threads took: 0.0007371 seconds
[2023-12-02T16:22:40.345+0000][3031.417s][debug][safepoint     ] Safepoint synchronization initiated. (206 threads)
[2023-12-02T16:22:40.345+0000][3031.417s][info ][safepoint     ] Application time: 1.0004570 seconds
[2023-12-02T16:22:40.346+0000][3031.417s][info ][safepoint     ] Entering safepoint region: Cleanup
[2023-12-02T16:22:40.346+0000][3031.418s][info ][safepoint     ] Leaving safepoint region
[2023-12-02T16:22:40.346+0000][3031.418s][info ][safepoint     ] Total time for which application threads were stopped: 0.0005732 seconds, Stopping threads took: 0.0002136 seconds
[2023-12-02T16:22:41.347+0000][3032.418s][debug][safepoint     ] Safepoint synchronization initiated. (206 threads)
[2023-12-02T16:22:41.347+0000][3032.419s][info ][safepoint     ] Application time: 1.0010673 seconds
[2023-12-02T16:22:41.348+0000][3032.420s][info ][safepoint     ] Entering safepoint region: Cleanup
[2023-12-02T16:22:41.349+0000][3032.420s][info ][safepoint     ] Leaving safepoint region
[2023-12-02T16:22:41.349+0000][3032.421s][info ][safepoint     ] Total time for which application threads were stopped: 0.0014346 seconds, Stopping threads took: 0.0005597 seconds
[2023-12-02T16:22:42.350+0000][3033.422s][debug][safepoint     ] Safepoint synchronization initiated. (206 threads)
[2023-12-02T16:22:42.351+0000][3033.422s][info ][safepoint     ] Application time: 1.0008122 seconds
[2023-12-02T16:22:42.351+0000][3033.423s][info ][safepoint     ] Entering safepoint region: Cleanup
[2023-12-02T16:22:42.352+0000][3033.424s][info ][safepoint     ] Leaving safepoint region
[2023-12-02T16:22:42.352+0000][3033.424s][info ][safepoint     ] Total time for which application threads were stopped: 0.0013480 seconds, Stopping threads took: 0.0006545 seconds
[2023-12-02T16:22:43.353+0000][3034.425s][debug][safepoint     ] Safepoint synchronization initiated. (206 threads)
[2023-12-02T16:22:43.354+0000][3034.426s][info ][safepoint     ] Application time: 1.0009740 seconds
[2023-12-02T16:22:43.355+0000][3034.427s][info ][safepoint     ] Entering safepoint region: Cleanup
[2023-12-02T16:22:43.356+0000][3034.428s][info ][safepoint     ] Leaving safepoint region
[2023-12-02T16:22:43.356+0000][3034.428s][info ][safepoint     ] Total time for which application threads were stopped: 0.0018099 seconds, Stopping threads took: 0.0007539 seconds
[2023-12-02T16:22:44.357+0000][3035.429s][debug][safepoint     ] Safepoint synchronization initiated. (206 threads)
[2023-12-02T16:22:44.358+0000][3035.430s][info ][safepoint     ] Application time: 1.0010686 seconds
[2023-12-02T16:22:44.359+0000][3035.431s][info ][safepoint     ] Entering safepoint region: Cleanup
[2023-12-02T16:22:44.360+0000][3035.432s][info ][safepoint     ] Leaving safepoint region
[2023-12-02T16:22:44.361+0000][3035.433s][info ][safepoint     ] Total time for which application threads were stopped: 0.0018708 seconds, Stopping threads took: 0.0008557 seconds
[2023-12-02T16:22:45.362+0000][3036.433s][debug][safepoint     ] Safepoint synchronization initiated. (206 threads)
[2023-12-02T16:22:45.362+0000][3036.434s][info ][safepoint     ] Application time: 1.0007026 seconds
[2023-12-02T16:22:45.363+0000][3036.434s][info ][safepoint     ] Entering safepoint region: Cleanup
[2023-12-02T16:22:45.363+0000][3036.435s][info ][safepoint     ] Leaving safepoint region
[2023-12-02T16:22:45.363+0000][3036.435s][info ][safepoint     ] Total time for which application threads were stopped: 0.0008655 seconds, Stopping threads took: 0.0004614 seconds
[2023-12-02T16:22:46.364+0000][3037.436s][debug][safepoint     ] Safepoint synchronization initiated. (206 threads)
[2023-12-02T16:22:46.364+0000][3037.436s][info ][safepoint     ] Application time: 1.0004449 seconds
[2023-12-02T16:22:46.364+0000][3037.436s][info ][safepoint     ] Entering safepoint region: Cleanup
[2023-12-02T16:22:46.365+0000][3037.437s][info ][safepoint     ] Leaving safepoint region
[2023-12-02T16:22:46.365+0000][3037.437s][info ][safepoint     ] Total time for which application threads were stopped: 0.0006778 seconds, Stopping threads took: 0.0002891 seconds
[2023-12-02T16:22:47.365+0000][3038.437s][debug][safepoint     ] Safepoint synchronization initiated. (206 threads)
[2023-12-02T16:22:47.367+0000][3038.438s][info ][safepoint     ] Application time: 1.0015031 seconds
[2023-12-02T16:22:47.367+0000][3038.439s][info ][safepoint     ] Entering safepoint region: Cleanup
[2023-12-02T16:22:47.368+0000][3038.440s][info ][safepoint     ] Leaving safepoint region
[2023-12-02T16:22:47.368+0000][3038.440s][info ][safepoint     ] Total time for which application threads were stopped: 0.0010205 seconds, Stopping threads took: 0.0005057 seconds
[2023-12-02T16:22:48.369+0000][3039.441s][debug][safepoint     ] Safepoint synchronization initiated. (206 threads)
[2023-12-02T16:22:48.369+0000][3039.441s][info ][safepoint     ] Application time: 1.0009874 seconds
[2023-12-02T16:22:48.370+0000][3039.442s][info ][safepoint     ] Entering safepoint region: Cleanup
[2023-12-02T16:22:48.371+0000][3039.443s][info ][safepoint     ] Leaving safepoint region
[2023-12-02T16:22:48.371+0000][3039.443s][info ][safepoint     ] Total time for which application threads were stopped: 0.0010126 seconds, Stopping threads took: 0.0003979 seconds
[2023-12-02T16:22:48.725+0000][3039.797s][debug][safepoint     ] Safepoint synchronization initiated. (206 threads)
[2023-12-02T16:22:48.725+0000][3039.797s][info ][safepoint     ] Application time: 0.3537149 seconds
[2023-12-02T16:22:48.726+0000][3039.797s][info ][safepoint     ] Entering safepoint region: G1CollectForAllocation
[2023-12-02T16:22:48.726+0000][3039.798s][info ][gc,start      ] GC(82) Pause Young (Prepare Mixed) (G1 Evacuation Pause)
[2023-12-02T16:22:48.727+0000][3039.798s][info ][gc,task       ] GC(82) Using 8 workers of 8 for evacuation
[2023-12-02T16:22:48.732+0000][3039.804s][info ][gc,phases     ] GC(82)   Pre Evacuate Collection Set: 0.0ms
[2023-12-02T16:22:48.732+0000][3039.804s][info ][gc,phases     ] GC(82)   Evacuate Collection Set: 2.5ms
[2023-12-02T16:22:48.733+0000][3039.805s][info ][gc,phases     ] GC(82)   Post Evacuate Collection Set: 2.3ms
[2023-12-02T16:22:48.733+0000][3039.805s][info ][gc,phases     ] GC(82)   Other: 0.9ms
[2023-12-02T16:22:48.733+0000][3039.805s][info ][gc,heap       ] GC(82) Eden regions: 174->0(19)
[2023-12-02T16:22:48.734+0000][3039.805s][info ][gc,heap       ] GC(82) Survivor regions: 2->2(22)
[2023-12-02T16:22:48.734+0000][3039.806s][info ][gc,heap       ] GC(82) Old regions: 151->151
[2023-12-02T16:22:48.734+0000][3039.806s][info ][gc,heap       ] GC(82) Humongous regions: 50->50
[2023-12-02T16:22:48.734+0000][3039.806s][info ][gc,metaspace  ] GC(82) Metaspace: 174462K(194588K)->174462K(194588K) NonClass: 154531K(170784K)->154531K(170784K) Class: 19931K(23804K)->19931K(23804K)
[2023-12-02T16:22:48.734+0000][3039.806s][info ][gc            ] GC(82) Pause Young (Prepare Mixed) (G1 Evacuation Pause) 375M->201M(427M) 8.108ms
[2023-12-02T16:22:48.735+0000][3039.806s][info ][gc,cpu        ] GC(82) User=0.02s Sys=0.01s Real=0.01s
[2023-12-02T16:22:48.735+0000][3039.807s][info ][safepoint     ] Leaving safepoint region
[2023-12-02T16:22:48.735+0000][3039.807s][info ][safepoint     ] Total time for which application threads were stopped: 0.0095376 seconds, Stopping threads took: 0.0004868 seconds
[2023-12-02T16:22:48.735+0000][3039.807s][info ][gc,stringdedup] Concurrent String Deduplication (3039.807s)
[2023-12-02T16:22:48.735+0000][3039.807s][info ][gc,stringdedup] Concurrent String Deduplication 360.0B->256.0B(104.0B) avg 52.7% (3039.807s, 3039.807s) 0.186ms
[2023-12-02T16:22:49.735+0000][3040.807s][debug][safepoint     ] Safepoint synchronization initiated. (206 threads)
[2023-12-02T16:22:49.736+0000][3040.808s][info ][safepoint     ] Application time: 1.0007769 seconds
[2023-12-02T16:22:49.736+0000][3040.808s][info ][safepoint     ] Entering safepoint region: Cleanup
[2023-12-02T16:22:49.737+0000][3040.809s][info ][safepoint     ] Leaving safepoint region
[2023-12-02T16:22:49.738+0000][3040.809s][info ][safepoint     ] Total time for which application threads were stopped: 0.0011592 seconds, Stopping threads took: 0.0004847 seconds
[2023-12-02T16:22:50.738+0000][3041.810s][debug][safepoint     ] Safepoint synchronization initiated. (206 threads)
[2023-12-02T16:22:50.739+0000][3041.811s][info ][safepoint     ] Application time: 1.0010702 seconds
[2023-12-02T16:22:50.740+0000][3041.812s][info ][safepoint     ] Entering safepoint region: Cleanup
[2023-12-02T16:22:50.741+0000][3041.813s][info ][safepoint     ] Leaving safepoint region
[2023-12-02T16:22:50.742+0000][3041.813s][info ][safepoint     ] Total time for which application threads were stopped: 0.0018216 seconds, Stopping threads took: 0.0007347 seconds
[2023-12-02T16:22:51.743+0000][3042.814s][debug][safepoint     ] Safepoint synchronization initiated. (206 threads)
[2023-12-02T16:22:51.743+0000][3042.815s][info ][safepoint     ] Application time: 1.0009706 seconds
[2023-12-02T16:22:51.744+0000][3042.816s][info ][safepoint     ] Entering safepoint region: Cleanup
[2023-12-02T16:22:51.745+0000][3042.817s][info ][safepoint     ] Leaving safepoint region
[2023-12-02T16:22:51.745+0000][3042.817s][info ][safepoint     ] Total time for which application threads were stopped: 0.0013057 seconds, Stopping threads took: 0.0005699 seconds
[2023-12-02T16:22:52.746+0000][3043.818s][debug][safepoint     ] Safepoint synchronization initiated. (206 threads)
[2023-12-02T16:22:52.747+0000][3043.819s][info ][safepoint     ] Application time: 1.0012141 seconds
[2023-12-02T16:22:52.748+0000][3043.820s][info ][safepoint     ] Entering safepoint region: Cleanup
[2023-12-02T16:22:52.749+0000][3043.821s][info ][safepoint     ] Leaving safepoint region
[2023-12-02T16:22:52.750+0000][3043.821s][info ][safepoint     ] Total time for which application threads were stopped: 0.0018831 seconds, Stopping threads took: 0.0008576 seconds
[2023-12-02T16:22:53.751+0000][3044.822s][debug][safepoint     ] Safepoint synchronization initiated. (206 threads)
[2023-12-02T16:22:53.751+0000][3044.823s][info ][safepoint     ] Application time: 1.0007185 seconds
[2023-12-02T16:22:53.752+0000][3044.823s][info ][safepoint     ] Entering safepoint region: Cleanup
[2023-12-02T16:22:53.752+0000][3044.824s][info ][safepoint     ] Leaving safepoint region
[2023-12-02T16:22:53.753+0000][3044.824s][info ][safepoint     ] Total time for which application threads were stopped: 0.0010557 seconds, Stopping threads took: 0.0004658 seconds
[2023-12-02T16:22:54.753+0000][3045.825s][debug][safepoint     ] Safepoint synchronization initiated. (206 threads)
[2023-12-02T16:22:54.754+0000][3045.826s][info ][safepoint     ] Application time: 1.0012504 seconds
[2023-12-02T16:22:54.755+0000][3045.827s][info ][safepoint     ] Entering safepoint region: Cleanup
[2023-12-02T16:22:54.756+0000][3045.828s][info ][safepoint     ] Leaving safepoint region
[2023-12-02T16:22:54.757+0000][3045.829s][info ][safepoint     ] Total time for which application threads were stopped: 0.0019858 seconds, Stopping threads took: 0.0008354 seconds
[2023-12-02T16:22:55.758+0000][3046.830s][debug][safepoint     ] Safepoint synchronization initiated. (206 threads)
[2023-12-02T16:22:55.759+0000][3046.830s][info ][safepoint     ] Application time: 1.0010278 seconds
[2023-12-02T16:22:55.759+0000][3046.831s][info ][safepoint     ] Entering safepoint region: Cleanup
[2023-12-02T16:22:55.760+0000][3046.832s][info ][safepoint     ] Leaving safepoint region
[2023-12-02T16:22:55.761+0000][3046.833s][info ][safepoint     ] Total time for which application threads were stopped: 0.0017032 seconds, Stopping threads took: 0.0008558 seconds
[2023-12-02T16:22:56.762+0000][3047.833s][debug][safepoint     ] Safepoint synchronization initiated. (206 threads)
[2023-12-02T16:22:56.762+0000][3047.834s][info ][safepoint     ] Application time: 1.0009877 seconds
[2023-12-02T16:22:56.763+0000][3047.835s][info ][safepoint     ] Entering safepoint region: Cleanup
[2023-12-02T16:22:56.764+0000][3047.836s][info ][safepoint     ] Leaving safepoint region
[2023-12-02T16:22:56.765+0000][3047.837s][info ][safepoint     ] Total time for which application threads were stopped: 0.0017064 seconds, Stopping threads took: 0.0007734 seconds
[2023-12-02T16:22:57.766+0000][3048.837s][debug][safepoint     ] Safepoint synchronization initiated. (206 threads)
[2023-12-02T16:22:57.767+0000][3048.838s][info ][safepoint     ] Application time: 1.0013750 seconds
[2023-12-02T16:22:57.768+0000][3048.839s][info ][safepoint     ] Entering safepoint region: Cleanup
[2023-12-02T16:22:57.769+0000][3048.841s][info ][safepoint     ] Leaving safepoint region
[2023-12-02T16:22:57.769+0000][3048.841s][info ][safepoint     ] Total time for which application threads were stopped: 0.0019642 seconds, Stopping threads took: 0.0007793 seconds
[2023-12-02T16:22:58.770+0000][3049.842s][debug][safepoint     ] Safepoint synchronization initiated. (206 threads)
[2023-12-02T16:22:58.771+0000][3049.843s][info ][safepoint     ] Application time: 1.0005475 seconds
[2023-12-02T16:22:58.771+0000][3049.843s][info ][safepoint     ] Entering safepoint region: Cleanup
[2023-12-02T16:22:58.772+0000][3049.843s][info ][safepoint     ] Leaving safepoint region
[2023-12-02T16:22:58.772+0000][3049.844s][info ][safepoint     ] Total time for which application threads were stopped: 0.0007040 seconds, Stopping threads took: 0.0002856 seconds
[2023-12-02T16:22:59.772+0000][3050.844s][debug][safepoint     ] Safepoint synchronization initiated. (206 threads)
[2023-12-02T16:22:59.773+0000][3050.845s][info ][safepoint     ] Application time: 1.0010889 seconds
[2023-12-02T16:22:59.774+0000][3050.846s][info ][safepoint     ] Entering safepoint region: Cleanup
[2023-12-02T16:22:59.775+0000][3050.847s][info ][safepoint     ] Leaving safepoint region
[2023-12-02T16:22:59.775+0000][3050.847s][info ][safepoint     ] Total time for which application threads were stopped: 0.0015735 seconds, Stopping threads took: 0.0006330 seconds
[2023-12-02T16:23:00.776+0000][3051.848s][debug][safepoint     ] Safepoint synchronization initiated. (206 threads)
[2023-12-02T16:23:00.777+0000][3051.849s][info ][safepoint     ] Application time: 1.0012702 seconds
[2023-12-02T16:23:00.778+0000][3051.850s][info ][safepoint     ] Entering safepoint region: Cleanup
[2023-12-02T16:23:00.779+0000][3051.851s][info ][safepoint     ] Leaving safepoint region
[2023-12-02T16:23:00.780+0000][3051.851s][info ][safepoint     ] Total time for which application threads were stopped: 0.0017042 seconds, Stopping threads took: 0.0006405 seconds
[2023-12-02T16:23:01.780+0000][3052.852s][debug][safepoint     ] Safepoint synchronization initiated. (206 threads)
[2023-12-02T16:23:01.781+0000][3052.852s][info ][safepoint     ] Application time: 1.0005387 seconds
[2023-12-02T16:23:01.781+0000][3052.853s][info ][safepoint     ] Entering safepoint region: Cleanup
[2023-12-02T16:23:01.782+0000][3052.853s][info ][safepoint     ] Leaving safepoint region
[2023-12-02T16:23:01.782+0000][3052.854s][info ][safepoint     ] Total time for which application threads were stopped: 0.0008376 seconds, Stopping threads took: 0.0004134 seconds
[2023-12-02T16:23:02.782+0000][3053.854s][debug][safepoint     ] Safepoint synchronization initiated. (206 threads)
[2023-12-02T16:23:02.783+0000][3053.855s][info ][safepoint     ] Application time: 1.0010238 seconds
[2023-12-02T16:23:02.784+0000][3053.856s][info ][safepoint     ] Entering safepoint region: Cleanup
[2023-12-02T16:23:02.785+0000][3053.857s][info ][safepoint     ] Leaving safepoint region
[2023-12-02T16:23:02.785+0000][3053.857s][info ][safepoint     ] Total time for which application threads were stopped: 0.0014502 seconds, Stopping threads took: 0.0007616 seconds
[2023-12-02T16:23:03.786+0000][3054.858s][debug][safepoint     ] Safepoint synchronization initiated. (206 threads)
[2023-12-02T16:23:03.787+0000][3054.858s][info ][safepoint     ] Application time: 1.0007936 seconds
[2023-12-02T16:23:03.787+0000][3054.859s][info ][safepoint     ] Entering safepoint region: Cleanup
[2023-12-02T16:23:03.788+0000][3054.860s][info ][safepoint     ] Leaving safepoint region
[2023-12-02T16:23:03.788+0000][3054.860s][info ][safepoint     ] Total time for which application threads were stopped: 0.0011322 seconds, Stopping threads took: 0.0005071 seconds
[2023-12-02T16:23:04.789+0000][3055.861s][debug][safepoint     ] Safepoint synchronization initiated. (206 threads)
[2023-12-02T16:23:04.789+0000][3055.861s][info ][safepoint     ] Application time: 1.0009051 seconds
[2023-12-02T16:23:04.790+0000][3055.862s][info ][safepoint     ] Entering safepoint region: Cleanup
[2023-12-02T16:23:04.791+0000][3055.862s][info ][safepoint     ] Leaving safepoint region
[2023-12-02T16:23:04.791+0000][3055.863s][info ][safepoint     ] Total time for which application threads were stopped: 0.0011016 seconds, Stopping threads took: 0.0004947 seconds
[2023-12-02T16:23:05.792+0000][3056.863s][debug][safepoint     ] Safepoint synchronization initiated. (206 threads)
[2023-12-02T16:23:05.792+0000][3056.864s][info ][safepoint     ] Application time: 1.0010279 seconds
[2023-12-02T16:23:05.793+0000][3056.865s][info ][safepoint     ] Entering safepoint region: Cleanup
[2023-12-02T16:23:05.793+0000][3056.865s][info ][safepoint     ] Leaving safepoint region
[2023-12-02T16:23:05.794+0000][3056.865s][info ][safepoint     ] Total time for which application threads were stopped: 0.0008058 seconds, Stopping threads took: 0.0003105 seconds
[2023-12-02T16:23:06.794+0000][3057.866s][debug][safepoint     ] Safepoint synchronization initiated. (206 threads)
[2023-12-02T16:23:06.795+0000][3057.866s][info ][safepoint     ] Application time: 1.0007824 seconds
[2023-12-02T16:23:06.795+0000][3057.867s][info ][safepoint     ] Entering safepoint region: Cleanup
[2023-12-02T16:23:06.796+0000][3057.867s][info ][safepoint     ] Leaving safepoint region
[2023-12-02T16:23:06.796+0000][3057.868s][info ][safepoint     ] Total time for which application threads were stopped: 0.0008002 seconds, Stopping threads took: 0.0003100 seconds
[2023-12-02T16:23:07.797+0000][3058.868s][debug][safepoint     ] Safepoint synchronization initiated. (206 threads)
[2023-12-02T16:23:07.797+0000][3058.869s][info ][safepoint     ] Application time: 1.0007208 seconds
[2023-12-02T16:23:07.797+0000][3058.869s][info ][safepoint     ] Entering safepoint region: Cleanup
[2023-12-02T16:23:07.798+0000][3058.870s][info ][safepoint     ] Leaving safepoint region
[2023-12-02T16:23:07.798+0000][3058.870s][info ][safepoint     ] Total time for which application threads were stopped: 0.0008610 seconds, Stopping threads took: 0.0003993 seconds
[2023-12-02T16:23:08.267+0000][3059.338s][debug][safepoint     ] Safepoint synchronization initiated. (206 threads)
[2023-12-02T16:23:08.267+0000][3059.339s][info ][safepoint     ] Application time: 0.4687546 seconds
[2023-12-02T16:23:08.268+0000][3059.339s][info ][safepoint     ] Entering safepoint region: G1CollectForAllocation
[2023-12-02T16:23:08.268+0000][3059.340s][info ][gc,start      ] GC(83) Pause Young (Mixed) (G1 Evacuation Pause)
[2023-12-02T16:23:08.269+0000][3059.340s][info ][gc,task       ] GC(83) Using 8 workers of 8 for evacuation
[2023-12-02T16:23:08.280+0000][3059.352s][info ][gc,phases     ] GC(83)   Pre Evacuate Collection Set: 0.1ms
[2023-12-02T16:23:08.280+0000][3059.352s][info ][gc,phases     ] GC(83)   Evacuate Collection Set: 7.8ms
[2023-12-02T16:23:08.281+0000][3059.353s][info ][gc,phases     ] GC(83)   Post Evacuate Collection Set: 2.7ms
[2023-12-02T16:23:08.281+0000][3059.353s][info ][gc,phases     ] GC(83)   Other: 1.0ms
[2023-12-02T16:23:08.281+0000][3059.353s][info ][gc,heap       ] GC(83) Eden regions: 19->0(173)
[2023-12-02T16:23:08.282+0000][3059.353s][info ][gc,heap       ] GC(83) Survivor regions: 2->2(3)
[2023-12-02T16:23:08.282+0000][3059.354s][info ][gc,heap       ] GC(83) Old regions: 151->149
[2023-12-02T16:23:08.282+0000][3059.354s][info ][gc,heap       ] GC(83) Humongous regions: 50->50
[2023-12-02T16:23:08.283+0000][3059.355s][info ][gc,metaspace  ] GC(83) Metaspace: 174487K(194588K)->174487K(194588K) NonClass: 154556K(170784K)->154556K(170784K) Class: 19931K(23804K)->19931K(23804K)
[2023-12-02T16:23:08.283+0000][3059.355s][info ][gc            ] GC(83) Pause Young (Mixed) (G1 Evacuation Pause) 220M->198M(427M) 14.891ms
[2023-12-02T16:23:08.284+0000][3059.355s][info ][gc,cpu        ] GC(83) User=0.07s Sys=0.00s Real=0.02s
[2023-12-02T16:23:08.284+0000][3059.356s][info ][safepoint     ] Leaving safepoint region
[2023-12-02T16:23:08.285+0000][3059.356s][info ][safepoint     ] Total time for which application threads were stopped: 0.0170187 seconds, Stopping threads took: 0.0004725 seconds
[2023-12-02T16:23:08.285+0000][3059.357s][info ][gc,stringdedup] Concurrent String Deduplication (3059.357s)
[2023-12-02T16:23:08.286+0000][3059.358s][info ][gc,stringdedup] Concurrent String Deduplication 880.0B->624.0B(256.0B) avg 52.7% (3059.357s, 3059.358s) 0.305ms
[2023-12-02T16:23:09.286+0000][3060.357s][debug][safepoint     ] Safepoint synchronization initiated. (206 threads)
[2023-12-02T16:23:09.286+0000][3060.358s][info ][safepoint     ] Application time: 1.0008195 seconds
[2023-12-02T16:23:09.287+0000][3060.358s][info ][safepoint     ] Entering safepoint region: Cleanup
[2023-12-02T16:23:09.287+0000][3060.359s][info ][safepoint     ] Leaving safepoint region
[2023-12-02T16:23:09.288+0000][3060.359s][info ][safepoint     ] Total time for which application threads were stopped: 0.0011120 seconds, Stopping threads took: 0.0005666 seconds
[2023-12-02T16:23:10.288+0000][3061.360s][debug][safepoint     ] Safepoint synchronization initiated. (206 threads)
[2023-12-02T16:23:10.289+0000][3061.360s][info ][safepoint     ] Application time: 1.0008352 seconds
[2023-12-02T16:23:10.289+0000][3061.361s][info ][safepoint     ] Entering safepoint region: Cleanup
[2023-12-02T16:23:10.290+0000][3061.362s][info ][safepoint     ] Leaving safepoint region
[2023-12-02T16:23:10.291+0000][3061.363s][info ][safepoint     ] Total time for which application threads were stopped: 0.0015639 seconds, Stopping threads took: 0.0006728 seconds
[2023-12-02T16:23:11.292+0000][3062.363s][debug][safepoint     ] Safepoint synchronization initiated. (206 threads)
[2023-12-02T16:23:11.292+0000][3062.364s][info ][safepoint     ] Application time: 1.0006201 seconds
[2023-12-02T16:23:11.292+0000][3062.364s][info ][safepoint     ] Entering safepoint region: Cleanup
[2023-12-02T16:23:11.293+0000][3062.365s][info ][safepoint     ] Leaving safepoint region
[2023-12-02T16:23:11.293+0000][3062.365s][info ][safepoint     ] Total time for which application threads were stopped: 0.0007847 seconds, Stopping threads took: 0.0003081 seconds
[2023-12-02T16:23:12.293+0000][3063.365s][debug][safepoint     ] Safepoint synchronization initiated. (206 threads)
[2023-12-02T16:23:12.294+0000][3063.365s][info ][safepoint     ] Application time: 1.0003509 seconds
[2023-12-02T16:23:12.294+0000][3063.366s][info ][safepoint     ] Entering safepoint region: Cleanup
[2023-12-02T16:23:12.294+0000][3063.366s][info ][safepoint     ] Leaving safepoint region
[2023-12-02T16:23:12.294+0000][3063.366s][info ][safepoint     ] Total time for which application threads were stopped: 0.0005145 seconds, Stopping threads took: 0.0001695 seconds
[2023-12-02T16:23:13.295+0000][3064.367s][debug][safepoint     ] Safepoint synchronization initiated. (206 threads)
[2023-12-02T16:23:13.295+0000][3064.367s][info ][safepoint     ] Application time: 1.0007671 seconds
[2023-12-02T16:23:13.296+0000][3064.367s][info ][safepoint     ] Entering safepoint region: Cleanup
[2023-12-02T16:23:13.296+0000][3064.368s][info ][safepoint     ] Leaving safepoint region
[2023-12-02T16:23:13.296+0000][3064.368s][info ][safepoint     ] Total time for which application threads were stopped: 0.0008905 seconds, Stopping threads took: 0.0003922 seconds
[2023-12-02T16:23:14.297+0000][3065.369s][debug][safepoint     ] Safepoint synchronization initiated. (206 threads)
[2023-12-02T16:23:14.297+0000][3065.369s][info ][safepoint     ] Application time: 1.0004282 seconds
[2023-12-02T16:23:14.297+0000][3065.369s][info ][safepoint     ] Entering safepoint region: Cleanup
[2023-12-02T16:23:14.298+0000][3065.370s][info ][safepoint     ] Leaving safepoint region
[2023-12-02T16:23:14.298+0000][3065.370s][info ][safepoint     ] Total time for which application threads were stopped: 0.0006397 seconds, Stopping threads took: 0.0002339 seconds
[2023-12-02T16:23:15.298+0000][3066.370s][debug][safepoint     ] Safepoint synchronization initiated. (206 threads)
[2023-12-02T16:23:15.299+0000][3066.370s][info ][safepoint     ] Application time: 1.0005831 seconds
[2023-12-02T16:23:15.299+0000][3066.371s][info ][safepoint     ] Entering safepoint region: Cleanup
[2023-12-02T16:23:15.299+0000][3066.371s][info ][safepoint     ] Leaving safepoint region
[2023-12-02T16:23:15.300+0000][3066.371s][info ][safepoint     ] Total time for which application threads were stopped: 0.0007048 seconds, Stopping threads took: 0.0002435 seconds
[2023-12-02T16:23:16.300+0000][3067.372s][debug][safepoint     ] Safepoint synchronization initiated. (206 threads)
[2023-12-02T16:23:16.300+0000][3067.372s][info ][safepoint     ] Application time: 1.0004002 seconds
[2023-12-02T16:23:16.301+0000][3067.372s][info ][safepoint     ] Entering safepoint region: Cleanup
[2023-12-02T16:23:16.301+0000][3067.373s][info ][safepoint     ] Leaving safepoint region
[2023-12-02T16:23:16.301+0000][3067.373s][info ][safepoint     ] Total time for which application threads were stopped: 0.0005297 seconds, Stopping threads took: 0.0001842 seconds
[2023-12-02T16:23:17.301+0000][3068.373s][debug][safepoint     ] Safepoint synchronization initiated. (206 threads)
[2023-12-02T16:23:17.302+0000][3068.373s][info ][safepoint     ] Application time: 1.0004811 seconds
[2023-12-02T16:23:17.302+0000][3068.374s][info ][safepoint     ] Entering safepoint region: Cleanup
[2023-12-02T16:23:17.302+0000][3068.374s][info ][safepoint     ] Leaving safepoint region
[2023-12-02T16:23:17.303+0000][3068.374s][info ][safepoint     ] Total time for which application threads were stopped: 0.0007076 seconds, Stopping threads took: 0.0003034 seconds
[2023-12-02T16:23:18.303+0000][3069.375s][debug][safepoint     ] Safepoint synchronization initiated. (206 threads)
[2023-12-02T16:23:18.303+0000][3069.375s][info ][safepoint     ] Application time: 1.0005570 seconds
[2023-12-02T16:23:18.304+0000][3069.376s][info ][safepoint     ] Entering safepoint region: Cleanup
[2023-12-02T16:23:18.305+0000][3069.376s][info ][safepoint     ] Leaving safepoint region
[2023-12-02T16:23:18.305+0000][3069.377s][info ][safepoint     ] Total time for which application threads were stopped: 0.0010819 seconds, Stopping threads took: 0.0003832 seconds
[2023-12-02T16:23:19.306+0000][3070.377s][debug][safepoint     ] Safepoint synchronization initiated. (206 threads)
[2023-12-02T16:23:19.306+0000][3070.378s][info ][safepoint     ] Application time: 1.0003756 seconds
[2023-12-02T16:23:19.306+0000][3070.378s][info ][safepoint     ] Entering safepoint region: Cleanup
[2023-12-02T16:23:19.307+0000][3070.378s][info ][safepoint     ] Leaving safepoint region
[2023-12-02T16:23:19.307+0000][3070.378s][info ][safepoint     ] Total time for which application threads were stopped: 0.0006232 seconds, Stopping threads took: 0.0002193 seconds
[2023-12-02T16:23:20.307+0000][3071.379s][debug][safepoint     ] Safepoint synchronization initiated. (206 threads)
[2023-12-02T16:23:20.307+0000][3071.379s][info ][safepoint     ] Application time: 1.0004933 seconds
[2023-12-02T16:23:20.308+0000][3071.380s][info ][safepoint     ] Entering safepoint region: Cleanup
[2023-12-02T16:23:20.308+0000][3071.380s][info ][safepoint     ] Leaving safepoint region
[2023-12-02T16:23:20.308+0000][3071.380s][info ][safepoint     ] Total time for which application threads were stopped: 0.0007760 seconds, Stopping threads took: 0.0003036 seconds
[2023-12-02T16:23:21.309+0000][3072.381s][debug][safepoint     ] Safepoint synchronization initiated. (206 threads)
[2023-12-02T16:23:21.310+0000][3072.382s][info ][safepoint     ] Application time: 1.0009781 seconds
[2023-12-02T16:23:21.310+0000][3072.382s][info ][safepoint     ] Entering safepoint region: Cleanup
[2023-12-02T16:23:21.311+0000][3072.383s][info ][safepoint     ] Leaving safepoint region
[2023-12-02T16:23:21.311+0000][3072.383s][info ][safepoint     ] Total time for which application threads were stopped: 0.0012629 seconds, Stopping threads took: 0.0005164 seconds
[2023-12-02T16:23:22.312+0000][3073.384s][debug][safepoint     ] Safepoint synchronization initiated. (206 threads)
[2023-12-02T16:23:22.313+0000][3073.385s][info ][safepoint     ] Application time: 1.0010171 seconds
[2023-12-02T16:23:22.313+0000][3073.385s][info ][safepoint     ] Entering safepoint region: Cleanup
[2023-12-02T16:23:22.314+0000][3073.386s][info ][safepoint     ] Leaving safepoint region
[2023-12-02T16:23:22.314+0000][3073.386s][info ][safepoint     ] Total time for which application threads were stopped: 0.0010881 seconds, Stopping threads took: 0.0005409 seconds
[2023-12-02T16:23:23.315+0000][3074.387s][debug][safepoint     ] Safepoint synchronization initiated. (206 threads)
[2023-12-02T16:23:23.315+0000][3074.387s][info ][safepoint     ] Application time: 1.0007720 seconds
[2023-12-02T16:23:23.316+0000][3074.388s][info ][safepoint     ] Entering safepoint region: Cleanup
[2023-12-02T16:23:23.316+0000][3074.388s][info ][safepoint     ] Leaving safepoint region
[2023-12-02T16:23:23.317+0000][3074.388s][info ][safepoint     ] Total time for which application threads were stopped: 0.0008699 seconds, Stopping threads took: 0.0004102 seconds
[2023-12-02T16:23:24.317+0000][3075.389s][debug][safepoint     ] Safepoint synchronization initiated. (206 threads)
[2023-12-02T16:23:24.317+0000][3075.389s][info ][safepoint     ] Application time: 1.0005944 seconds
[2023-12-02T16:23:24.317+0000][3075.390s][info ][safepoint     ] Entering safepoint region: Cleanup
[2023-12-02T16:23:24.318+0000][3075.390s][info ][safepoint     ] Leaving safepoint region
[2023-12-02T16:23:24.318+0000][3075.390s][info ][safepoint     ] Total time for which application threads were stopped: 0.0006868 seconds, Stopping threads took: 0.0003345 seconds
[2023-12-02T16:23:25.319+0000][3076.391s][debug][safepoint     ] Safepoint synchronization initiated. (206 threads)
[2023-12-02T16:23:25.319+0000][3076.392s][info ][safepoint     ] Application time: 1.0010558 seconds
[2023-12-02T16:23:25.320+0000][3076.392s][info ][safepoint     ] Entering safepoint region: Cleanup
[2023-12-02T16:23:25.321+0000][3076.393s][info ][safepoint     ] Leaving safepoint region
[2023-12-02T16:23:25.321+0000][3076.394s][info ][safepoint     ] Total time for which application threads were stopped: 0.0015864 seconds, Stopping threads took: 0.0006809 seconds
[2023-12-02T16:23:26.322+0000][3077.394s][debug][safepoint     ] Safepoint synchronization initiated. (206 threads)
[2023-12-02T16:23:26.322+0000][3077.395s][info ][safepoint     ] Application time: 1.0004477 seconds
[2023-12-02T16:23:26.323+0000][3077.395s][info ][safepoint     ] Entering safepoint region: Cleanup
[2023-12-02T16:23:26.323+0000][3077.395s][info ][safepoint     ] Leaving safepoint region
[2023-12-02T16:23:26.323+0000][3077.395s][info ][safepoint     ] Total time for which application threads were stopped: 0.0004990 seconds, Stopping threads took: 0.0001820 seconds
[2023-12-02T16:23:27.323+0000][3078.396s][debug][safepoint     ] Safepoint synchronization initiated. (206 threads)
[2023-12-02T16:23:27.324+0000][3078.396s][info ][safepoint     ] Application time: 1.0006326 seconds
[2023-12-02T16:23:27.324+0000][3078.397s][info ][safepoint     ] Entering safepoint region: Cleanup
[2023-12-02T16:23:27.325+0000][3078.397s][info ][safepoint     ] Leaving safepoint region
[2023-12-02T16:23:27.325+0000][3078.397s][info ][safepoint     ] Total time for which application threads were stopped: 0.0007579 seconds, Stopping threads took: 0.0003000 seconds
[2023-12-02T16:23:28.326+0000][3079.398s][debug][safepoint     ] Safepoint synchronization initiated. (206 threads)
[2023-12-02T16:23:28.326+0000][3079.398s][info ][safepoint     ] Application time: 1.0006902 seconds
[2023-12-02T16:23:28.326+0000][3079.399s][info ][safepoint     ] Entering safepoint region: Cleanup
[2023-12-02T16:23:28.327+0000][3079.399s][info ][safepoint     ] Leaving safepoint region
[2023-12-02T16:23:28.327+0000][3079.399s][info ][safepoint     ] Total time for which application threads were stopped: 0.0008165 seconds, Stopping threads took: 0.0004230 seconds
[2023-12-02T16:23:29.327+0000][3080.400s][debug][safepoint     ] Safepoint synchronization initiated. (206 threads)
[2023-12-02T16:23:29.328+0000][3080.400s][info ][safepoint     ] Application time: 1.0005164 seconds
[2023-12-02T16:23:29.328+0000][3080.401s][info ][safepoint     ] Entering safepoint region: Cleanup
[2023-12-02T16:23:29.329+0000][3080.401s][info ][safepoint     ] Leaving safepoint region
[2023-12-02T16:23:29.329+0000][3080.401s][info ][safepoint     ] Total time for which application threads were stopped: 0.0007973 seconds, Stopping threads took: 0.0003518 seconds
[2023-12-02T16:23:30.329+0000][3081.402s][debug][safepoint     ] Safepoint synchronization initiated. (206 threads)
[2023-12-02T16:23:30.330+0000][3081.402s][info ][safepoint     ] Application time: 1.0007609 seconds
[2023-12-02T16:23:30.330+0000][3081.403s][info ][safepoint     ] Entering safepoint region: Cleanup
[2023-12-02T16:23:30.331+0000][3081.403s][info ][safepoint     ] Leaving safepoint region
[2023-12-02T16:23:30.331+0000][3081.404s][info ][safepoint     ] Total time for which application threads were stopped: 0.0010270 seconds, Stopping threads took: 0.0004270 seconds
[2023-12-02T16:23:31.332+0000][3082.404s][debug][safepoint     ] Safepoint synchronization initiated. (206 threads)
[2023-12-02T16:23:31.333+0000][3082.405s][info ][safepoint     ] Application time: 1.0012973 seconds
[2023-12-02T16:23:31.334+0000][3082.406s][info ][safepoint     ] Entering safepoint region: Cleanup
[2023-12-02T16:23:31.335+0000][3082.408s][info ][safepoint     ] Leaving safepoint region
[2023-12-02T16:23:31.336+0000][3082.408s][info ][safepoint     ] Total time for which application threads were stopped: 0.0022167 seconds, Stopping threads took: 0.0009809 seconds
[2023-12-02T16:23:32.337+0000][3083.409s][debug][safepoint     ] Safepoint synchronization initiated. (206 threads)
[2023-12-02T16:23:32.337+0000][3083.410s][info ][safepoint     ] Application time: 1.0006333 seconds
[2023-12-02T16:23:32.338+0000][3083.410s][info ][safepoint     ] Entering safepoint region: Cleanup
[2023-12-02T16:23:32.339+0000][3083.411s][info ][safepoint     ] Leaving safepoint region
[2023-12-02T16:23:32.339+0000][3083.411s][info ][safepoint     ] Total time for which application threads were stopped: 0.0011271 seconds, Stopping threads took: 0.0005492 seconds
[2023-12-02T16:23:33.339+0000][3084.412s][debug][safepoint     ] Safepoint synchronization initiated. (206 threads)
[2023-12-02T16:23:33.340+0000][3084.412s][info ][safepoint     ] Application time: 1.0006009 seconds
[2023-12-02T16:23:33.340+0000][3084.413s][info ][safepoint     ] Entering safepoint region: Cleanup
[2023-12-02T16:23:33.341+0000][3084.413s][info ][safepoint     ] Leaving safepoint region
[2023-12-02T16:23:33.341+0000][3084.414s][info ][safepoint     ] Total time for which application threads were stopped: 0.0010640 seconds, Stopping threads took: 0.0004563 seconds
[2023-12-02T16:23:34.342+0000][3085.414s][debug][safepoint     ] Safepoint synchronization initiated. (206 threads)
[2023-12-02T16:23:34.342+0000][3085.415s][info ][safepoint     ] Application time: 1.0008986 seconds
[2023-12-02T16:23:34.343+0000][3085.415s][info ][safepoint     ] Entering safepoint region: Cleanup
[2023-12-02T16:23:34.344+0000][3085.416s][info ][safepoint     ] Leaving safepoint region
[2023-12-02T16:23:34.344+0000][3085.417s][info ][safepoint     ] Total time for which application threads were stopped: 0.0013565 seconds, Stopping threads took: 0.0005949 seconds
[2023-12-02T16:23:35.345+0000][3086.417s][debug][safepoint     ] Safepoint synchronization initiated. (206 threads)
[2023-12-02T16:23:35.345+0000][3086.418s][info ][safepoint     ] Application time: 1.0006505 seconds
[2023-12-02T16:23:35.346+0000][3086.418s][info ][safepoint     ] Entering safepoint region: Cleanup
[2023-12-02T16:23:35.346+0000][3086.419s][info ][safepoint     ] Leaving safepoint region
[2023-12-02T16:23:35.347+0000][3086.419s][info ][safepoint     ] Total time for which application threads were stopped: 0.0009085 seconds, Stopping threads took: 0.0003713 seconds
[2023-12-02T16:23:36.347+0000][3087.420s][debug][safepoint     ] Safepoint synchronization initiated. (206 threads)
[2023-12-02T16:23:36.348+0000][3087.420s][info ][safepoint     ] Application time: 1.0008471 seconds
[2023-12-02T16:23:36.348+0000][3087.421s][info ][safepoint     ] Entering safepoint region: Cleanup
[2023-12-02T16:23:36.349+0000][3087.421s][info ][safepoint     ] Leaving safepoint region
[2023-12-02T16:23:36.349+0000][3087.422s][info ][safepoint     ] Total time for which application threads were stopped: 0.0011726 seconds, Stopping threads took: 0.0005480 seconds
[2023-12-02T16:23:37.350+0000][3088.423s][debug][safepoint     ] Safepoint synchronization initiated. (206 threads)
[2023-12-02T16:23:37.351+0000][3088.423s][info ][safepoint     ] Application time: 1.0008380 seconds
[2023-12-02T16:23:37.351+0000][3088.424s][info ][safepoint     ] Entering safepoint region: Cleanup
[2023-12-02T16:23:37.352+0000][3088.424s][info ][safepoint     ] Leaving safepoint region
[2023-12-02T16:23:37.353+0000][3088.425s][info ][safepoint     ] Total time for which application threads were stopped: 0.0013324 seconds, Stopping threads took: 0.0005353 seconds
[2023-12-02T16:23:38.353+0000][3089.426s][debug][safepoint     ] Safepoint synchronization initiated. (206 threads)
[2023-12-02T16:23:38.354+0000][3089.427s][info ][safepoint     ] Application time: 1.0010651 seconds
[2023-12-02T16:23:38.355+0000][3089.427s][info ][safepoint     ] Entering safepoint region: Cleanup
[2023-12-02T16:23:38.355+0000][3089.428s][info ][safepoint     ] Leaving safepoint region
[2023-12-02T16:23:38.356+0000][3089.428s][info ][safepoint     ] Total time for which application threads were stopped: 0.0009625 seconds, Stopping threads took: 0.0004361 seconds
[2023-12-02T16:23:39.356+0000][3090.429s][debug][safepoint     ] Safepoint synchronization initiated. (206 threads)
[2023-12-02T16:23:39.357+0000][3090.429s][info ][safepoint     ] Application time: 1.0005967 seconds
[2023-12-02T16:23:39.357+0000][3090.430s][info ][safepoint     ] Entering safepoint region: Cleanup
[2023-12-02T16:23:39.358+0000][3090.430s][info ][safepoint     ] Leaving safepoint region
[2023-12-02T16:23:39.358+0000][3090.430s][info ][safepoint     ] Total time for which application threads were stopped: 0.0008940 seconds, Stopping threads took: 0.0003211 seconds
[2023-12-02T16:23:40.359+0000][3091.431s][debug][safepoint     ] Safepoint synchronization initiated. (206 threads)
[2023-12-02T16:23:40.359+0000][3091.431s][info ][safepoint     ] Application time: 1.0005921 seconds
[2023-12-02T16:23:40.359+0000][3091.432s][info ][safepoint     ] Entering safepoint region: Cleanup
[2023-12-02T16:23:40.360+0000][3091.432s][info ][safepoint     ] Leaving safepoint region
[2023-12-02T16:23:40.360+0000][3091.433s][info ][safepoint     ] Total time for which application threads were stopped: 0.0010389 seconds, Stopping threads took: 0.0004458 seconds
[2023-12-02T16:23:41.361+0000][3092.433s][debug][safepoint     ] Safepoint synchronization initiated. (206 threads)
[2023-12-02T16:23:41.362+0000][3092.434s][info ][safepoint     ] Application time: 1.0012412 seconds
[2023-12-02T16:23:41.362+0000][3092.435s][info ][safepoint     ] Entering safepoint region: Cleanup
[2023-12-02T16:23:41.364+0000][3092.436s][info ][safepoint     ] Leaving safepoint region
[2023-12-02T16:23:41.364+0000][3092.437s][info ][safepoint     ] Total time for which application threads were stopped: 0.0019454 seconds, Stopping threads took: 0.0008770 seconds
[2023-12-02T16:23:42.365+0000][3093.437s][debug][safepoint     ] Safepoint synchronization initiated. (206 threads)
[2023-12-02T16:23:42.365+0000][3093.438s][info ][safepoint     ] Application time: 1.0004228 seconds
[2023-12-02T16:23:42.366+0000][3093.438s][info ][safepoint     ] Entering safepoint region: Cleanup
[2023-12-02T16:23:42.367+0000][3093.439s][info ][safepoint     ] Leaving safepoint region
[2023-12-02T16:23:42.367+0000][3093.439s][info ][safepoint     ] Total time for which application threads were stopped: 0.0011408 seconds, Stopping threads took: 0.0006231 seconds
[2023-12-02T16:23:43.367+0000][3094.440s][debug][safepoint     ] Safepoint synchronization initiated. (206 threads)
[2023-12-02T16:23:43.370+0000][3094.442s][info ][safepoint     ] Application time: 1.0027265 seconds
[2023-12-02T16:23:43.372+0000][3094.444s][info ][safepoint     ] Entering safepoint region: Cleanup
[2023-12-02T16:23:43.374+0000][3094.446s][info ][safepoint     ] Leaving safepoint region
[2023-12-02T16:23:43.374+0000][3094.446s][info ][safepoint     ] Total time for which application threads were stopped: 0.0025149 seconds, Stopping threads took: 0.0020079 seconds
[2023-12-02T16:23:44.374+0000][3095.447s][debug][safepoint     ] Safepoint synchronization initiated. (206 threads)
[2023-12-02T16:23:44.375+0000][3095.447s][info ][safepoint     ] Application time: 1.0003555 seconds
[2023-12-02T16:23:44.375+0000][3095.447s][info ][safepoint     ] Entering safepoint region: Cleanup
[2023-12-02T16:23:44.375+0000][3095.447s][info ][safepoint     ] Leaving safepoint region
[2023-12-02T16:23:44.375+0000][3095.447s][info ][safepoint     ] Total time for which application threads were stopped: 0.0004353 seconds, Stopping threads took: 0.0001573 seconds
[2023-12-02T16:23:45.375+0000][3096.448s][debug][safepoint     ] Safepoint synchronization initiated. (206 threads)
[2023-12-02T16:23:45.376+0000][3096.448s][info ][safepoint     ] Application time: 1.0003946 seconds
[2023-12-02T16:23:45.376+0000][3096.448s][debug][safepoint     ] ... found polling page return exception at pc = 0x00007f43fcada9f4, stub =0x00007f43f4840600
[2023-12-02T16:23:45.376+0000][3096.448s][debug][safepoint     ] Waiting for 1 thread(s) to block
[2023-12-02T16:23:45.376+0000][3096.449s][info ][safepoint     ] Entering safepoint region: Cleanup
[2023-12-02T16:23:45.377+0000][3096.449s][info ][safepoint     ] Leaving safepoint region
[2023-12-02T16:23:45.377+0000][3096.449s][info ][safepoint     ] Total time for which application threads were stopped: 0.0010768 seconds, Stopping threads took: 0.0006517 seconds
[2023-12-02T16:23:46.377+0000][3097.450s][debug][safepoint     ] Safepoint synchronization initiated. (206 threads)
[2023-12-02T16:23:46.379+0000][3097.451s][info ][safepoint     ] Application time: 1.0019424 seconds
[2023-12-02T16:23:46.381+0000][3097.453s][info ][safepoint     ] Entering safepoint region: Cleanup
[2023-12-02T16:23:46.381+0000][3097.453s][info ][safepoint     ] Leaving safepoint region
[2023-12-02T16:23:46.381+0000][3097.454s][info ][safepoint     ] Total time for which application threads were stopped: 0.0010170 seconds, Stopping threads took: 0.0004679 seconds
[2023-12-02T16:23:47.382+0000][3098.454s][debug][safepoint     ] Safepoint synchronization initiated. (206 threads)
[2023-12-02T16:23:47.382+0000][3098.454s][info ][safepoint     ] Application time: 1.0004635 seconds
[2023-12-02T16:23:47.382+0000][3098.455s][info ][safepoint     ] Entering safepoint region: Cleanup
[2023-12-02T16:23:47.383+0000][3098.455s][info ][safepoint     ] Leaving safepoint region
[2023-12-02T16:23:47.384+0000][3098.456s][info ][safepoint     ] Total time for which application threads were stopped: 0.0011425 seconds, Stopping threads took: 0.0003537 seconds
[2023-12-02T16:23:48.384+0000][3099.457s][debug][safepoint     ] Safepoint synchronization initiated. (206 threads)
[2023-12-02T16:23:48.386+0000][3099.458s][info ][safepoint     ] Application time: 1.0020174 seconds
[2023-12-02T16:23:48.386+0000][3099.459s][info ][safepoint     ] Entering safepoint region: Cleanup
[2023-12-02T16:23:48.387+0000][3099.459s][info ][safepoint     ] Leaving safepoint region
[2023-12-02T16:23:48.388+0000][3099.460s][info ][safepoint     ] Total time for which application threads were stopped: 0.0011681 seconds, Stopping threads took: 0.0003177 seconds
[2023-12-02T16:23:49.388+0000][3100.460s][debug][safepoint     ] Safepoint synchronization initiated. (206 threads)
[2023-12-02T16:23:49.388+0000][3100.461s][info ][safepoint     ] Application time: 1.0005201 seconds
[2023-12-02T16:23:49.389+0000][3100.461s][info ][safepoint     ] Entering safepoint region: Cleanup
[2023-12-02T16:23:49.389+0000][3100.462s][info ][safepoint     ] Leaving safepoint region
[2023-12-02T16:23:49.389+0000][3100.462s][info ][safepoint     ] Total time for which application threads were stopped: 0.0007784 seconds, Stopping threads took: 0.0002979 seconds
[2023-12-02T16:23:50.390+0000][3101.462s][debug][safepoint     ] Safepoint synchronization initiated. (206 threads)
[2023-12-02T16:23:50.390+0000][3101.462s][info ][safepoint     ] Application time: 1.0004328 seconds
[2023-12-02T16:23:50.390+0000][3101.463s][info ][safepoint     ] Entering safepoint region: Cleanup
[2023-12-02T16:23:50.391+0000][3101.463s][info ][safepoint     ] Leaving safepoint region
[2023-12-02T16:23:50.391+0000][3101.463s][info ][safepoint     ] Total time for which application threads were stopped: 0.0006801 seconds, Stopping threads took: 0.0002533 seconds
[2023-12-02T16:23:51.391+0000][3102.464s][debug][safepoint     ] Safepoint synchronization initiated. (206 threads)
[2023-12-02T16:23:51.392+0000][3102.464s][info ][safepoint     ] Application time: 1.0007875 seconds
[2023-12-02T16:23:51.392+0000][3102.465s][info ][safepoint     ] Entering safepoint region: Cleanup
[2023-12-02T16:23:51.393+0000][3102.465s][info ][safepoint     ] Leaving safepoint region
[2023-12-02T16:23:51.393+0000][3102.466s][info ][safepoint     ] Total time for which application threads were stopped: 0.0008651 seconds, Stopping threads took: 0.0003305 seconds
[2023-12-02T16:23:52.394+0000][3103.466s][debug][safepoint     ] Safepoint synchronization initiated. (206 threads)
[2023-12-02T16:23:52.394+0000][3103.467s][info ][safepoint     ] Application time: 1.0008721 seconds
[2023-12-02T16:23:52.395+0000][3103.467s][info ][safepoint     ] Entering safepoint region: Cleanup
[2023-12-02T16:23:52.396+0000][3103.468s][info ][safepoint     ] Leaving safepoint region
[2023-12-02T16:23:52.396+0000][3103.468s][info ][safepoint     ] Total time for which application threads were stopped: 0.0012057 seconds, Stopping threads took: 0.0004810 seconds
[2023-12-02T16:23:53.397+0000][3104.469s][debug][safepoint     ] Safepoint synchronization initiated. (206 threads)
[2023-12-02T16:23:53.397+0000][3104.470s][info ][safepoint     ] Application time: 1.0007837 seconds
[2023-12-02T16:23:53.398+0000][3104.470s][info ][safepoint     ] Entering safepoint region: Cleanup
[2023-12-02T16:23:53.399+0000][3104.471s][info ][safepoint     ] Leaving safepoint region
[2023-12-02T16:23:53.399+0000][3104.472s][info ][safepoint     ] Total time for which application threads were stopped: 0.0015380 seconds, Stopping threads took: 0.0005565 seconds
[2023-12-02T16:23:54.401+0000][3105.473s][debug][safepoint     ] Safepoint synchronization initiated. (206 threads)
[2023-12-02T16:23:54.401+0000][3105.473s][info ][safepoint     ] Application time: 1.0007489 seconds
[2023-12-02T16:23:54.402+0000][3105.474s][info ][safepoint     ] Entering safepoint region: Cleanup
[2023-12-02T16:23:54.403+0000][3105.475s][info ][safepoint     ] Leaving safepoint region
[2023-12-02T16:23:54.403+0000][3105.475s][info ][safepoint     ] Total time for which application threads were stopped: 0.0011989 seconds, Stopping threads took: 0.0005981 seconds
[2023-12-02T16:23:55.404+0000][3106.476s][debug][safepoint     ] Safepoint synchronization initiated. (206 threads)
[2023-12-02T16:23:55.405+0000][3106.477s][info ][safepoint     ] Application time: 1.0013827 seconds
[2023-12-02T16:23:55.405+0000][3106.477s][info ][safepoint     ] Entering safepoint region: Cleanup
[2023-12-02T16:23:55.406+0000][3106.477s][info ][safepoint     ] Leaving safepoint region
[2023-12-02T16:23:55.406+0000][3106.478s][info ][safepoint     ] Total time for which application threads were stopped: 0.0007518 seconds, Stopping threads took: 0.0002431 seconds
[2023-12-02T16:23:56.406+0000][3107.478s][debug][safepoint     ] Safepoint synchronization initiated. (206 threads)
[2023-12-02T16:23:56.407+0000][3107.478s][info ][safepoint     ] Application time: 1.0004720 seconds
[2023-12-02T16:23:56.407+0000][3107.479s][info ][safepoint     ] Entering safepoint region: Cleanup
[2023-12-02T16:23:56.407+0000][3107.479s][info ][safepoint     ] Leaving safepoint region
[2023-12-02T16:23:56.408+0000][3107.480s][info ][safepoint     ] Total time for which application threads were stopped: 0.0010261 seconds, Stopping threads took: 0.0003240 seconds
[2023-12-02T16:23:57.408+0000][3108.480s][debug][safepoint     ] Safepoint synchronization initiated. (206 threads)
[2023-12-02T16:23:57.409+0000][3108.481s][info ][safepoint     ] Application time: 1.0010213 seconds
[2023-12-02T16:23:57.410+0000][3108.482s][info ][safepoint     ] Entering safepoint region: Cleanup
[2023-12-02T16:23:57.412+0000][3108.483s][info ][safepoint     ] Leaving safepoint region
[2023-12-02T16:23:57.412+0000][3108.484s][info ][safepoint     ] Total time for which application threads were stopped: 0.0023011 seconds, Stopping threads took: 0.0009545 seconds
[2023-12-02T16:23:58.414+0000][3109.485s][debug][safepoint     ] Safepoint synchronization initiated. (206 threads)
[2023-12-02T16:23:58.415+0000][3109.486s][info ][safepoint     ] Application time: 1.0014063 seconds
[2023-12-02T16:23:58.416+0000][3109.487s][info ][safepoint     ] Entering safepoint region: Cleanup
[2023-12-02T16:23:58.417+0000][3109.489s][info ][safepoint     ] Leaving safepoint region
[2023-12-02T16:23:58.418+0000][3109.489s][info ][safepoint     ] Total time for which application threads were stopped: 0.0021178 seconds, Stopping threads took: 0.0008555 seconds
[2023-12-02T16:23:59.418+0000][3110.490s][debug][safepoint     ] Safepoint synchronization initiated. (206 threads)
[2023-12-02T16:23:59.419+0000][3110.491s][info ][safepoint     ] Application time: 1.0009441 seconds
[2023-12-02T16:23:59.420+0000][3110.492s][info ][safepoint     ] Entering safepoint region: Cleanup
[2023-12-02T16:23:59.421+0000][3110.493s][info ][safepoint     ] Leaving safepoint region
[2023-12-02T16:23:59.422+0000][3110.494s][info ][safepoint     ] Total time for which application threads were stopped: 0.0018091 seconds, Stopping threads took: 0.0007748 seconds
[2023-12-02T16:24:00.423+0000][3111.494s][debug][safepoint     ] Safepoint synchronization initiated. (206 threads)
[2023-12-02T16:24:00.423+0000][3111.495s][info ][safepoint     ] Application time: 1.0006184 seconds
[2023-12-02T16:24:00.423+0000][3111.495s][info ][safepoint     ] Entering safepoint region: Cleanup
[2023-12-02T16:24:00.424+0000][3111.496s][info ][safepoint     ] Leaving safepoint region
[2023-12-02T16:24:00.424+0000][3111.496s][info ][safepoint     ] Total time for which application threads were stopped: 0.0007339 seconds, Stopping threads took: 0.0002325 seconds
[2023-12-02T16:24:01.424+0000][3112.496s][debug][safepoint     ] Safepoint synchronization initiated. (206 threads)
[2023-12-02T16:24:01.425+0000][3112.497s][info ][safepoint     ] Application time: 1.0008005 seconds
[2023-12-02T16:24:01.425+0000][3112.497s][info ][safepoint     ] Entering safepoint region: Cleanup
[2023-12-02T16:24:01.426+0000][3112.498s][info ][safepoint     ] Leaving safepoint region
[2023-12-02T16:24:01.427+0000][3112.499s][info ][safepoint     ] Total time for which application threads were stopped: 0.0014229 seconds, Stopping threads took: 0.0006029 seconds
[2023-12-02T16:24:02.428+0000][3113.500s][debug][safepoint     ] Safepoint synchronization initiated. (206 threads)
[2023-12-02T16:24:02.429+0000][3113.501s][info ][safepoint     ] Application time: 1.0017108 seconds
[2023-12-02T16:24:02.430+0000][3113.502s][info ][safepoint     ] Entering safepoint region: Cleanup
[2023-12-02T16:24:02.431+0000][3113.502s][info ][safepoint     ] Leaving safepoint region
[2023-12-02T16:24:02.431+0000][3113.503s][info ][safepoint     ] Total time for which application threads were stopped: 0.0013088 seconds, Stopping threads took: 0.0005574 seconds
[2023-12-02T16:24:03.432+0000][3114.504s][debug][safepoint     ] Safepoint synchronization initiated. (206 threads)
[2023-12-02T16:24:03.432+0000][3114.504s][info ][safepoint     ] Application time: 1.0008537 seconds
[2023-12-02T16:24:03.433+0000][3114.505s][info ][safepoint     ] Entering safepoint region: Cleanup
[2023-12-02T16:24:03.434+0000][3114.506s][info ][safepoint     ] Leaving safepoint region
[2023-12-02T16:24:03.434+0000][3114.506s][info ][safepoint     ] Total time for which application threads were stopped: 0.0014358 seconds, Stopping threads took: 0.0006570 seconds
[2023-12-02T16:24:04.435+0000][3115.507s][debug][safepoint     ] Safepoint synchronization initiated. (206 threads)
[2023-12-02T16:24:04.436+0000][3115.508s][info ][safepoint     ] Application time: 1.0010981 seconds
[2023-12-02T16:24:04.436+0000][3115.508s][info ][safepoint     ] Entering safepoint region: Cleanup
[2023-12-02T16:24:04.437+0000][3115.509s][info ][safepoint     ] Leaving safepoint region
[2023-12-02T16:24:04.437+0000][3115.509s][info ][safepoint     ] Total time for which application threads were stopped: 0.0009492 seconds, Stopping threads took: 0.0003906 seconds
[2023-12-02T16:24:05.438+0000][3116.509s][debug][safepoint     ] Safepoint synchronization initiated. (206 threads)
[2023-12-02T16:24:05.438+0000][3116.510s][info ][safepoint     ] Application time: 1.0004116 seconds
[2023-12-02T16:24:05.438+0000][3116.510s][info ][safepoint     ] Entering safepoint region: Cleanup
[2023-12-02T16:24:05.439+0000][3116.511s][info ][safepoint     ] Leaving safepoint region
[2023-12-02T16:24:05.439+0000][3116.511s][info ][safepoint     ] Total time for which application threads were stopped: 0.0008357 seconds, Stopping threads took: 0.0003172 seconds
[2023-12-02T16:24:06.439+0000][3117.511s][debug][safepoint     ] Safepoint synchronization initiated. (206 threads)
[2023-12-02T16:24:06.440+0000][3117.512s][info ][safepoint     ] Application time: 1.0005207 seconds
[2023-12-02T16:24:06.440+0000][3117.512s][info ][safepoint     ] Entering safepoint region: Cleanup
[2023-12-02T16:24:06.441+0000][3117.513s][info ][safepoint     ] Leaving safepoint region
[2023-12-02T16:24:06.441+0000][3117.513s][info ][safepoint     ] Total time for which application threads were stopped: 0.0009114 seconds, Stopping threads took: 0.0003842 seconds
[2023-12-02T16:24:07.441+0000][3118.513s][debug][safepoint     ] Safepoint synchronization initiated. (206 threads)
[2023-12-02T16:24:07.442+0000][3118.514s][info ][safepoint     ] Application time: 1.0007179 seconds
[2023-12-02T16:24:07.442+0000][3118.514s][info ][safepoint     ] Entering safepoint region: Cleanup
[2023-12-02T16:24:07.443+0000][3118.515s][info ][safepoint     ] Leaving safepoint region
[2023-12-02T16:24:07.443+0000][3118.515s][info ][safepoint     ] Total time for which application threads were stopped: 0.0009443 seconds, Stopping threads took: 0.0004507 seconds
[2023-12-02T16:24:08.444+0000][3119.516s][debug][safepoint     ] Safepoint synchronization initiated. (206 threads)
[2023-12-02T16:24:08.445+0000][3119.516s][info ][safepoint     ] Application time: 1.0009781 seconds
[2023-12-02T16:24:08.445+0000][3119.517s][info ][safepoint     ] Entering safepoint region: Cleanup
[2023-12-02T16:24:08.446+0000][3119.518s][info ][safepoint     ] Leaving safepoint region
[2023-12-02T16:24:08.446+0000][3119.518s][info ][safepoint     ] Total time for which application threads were stopped: 0.0012307 seconds, Stopping threads took: 0.0005280 seconds
[2023-12-02T16:24:09.447+0000][3120.519s][debug][safepoint     ] Safepoint synchronization initiated. (206 threads)
[2023-12-02T16:24:09.447+0000][3120.519s][info ][safepoint     ] Application time: 1.0005707 seconds
[2023-12-02T16:24:09.448+0000][3120.520s][info ][safepoint     ] Entering safepoint region: Cleanup
[2023-12-02T16:24:09.448+0000][3120.520s][info ][safepoint     ] Leaving safepoint region
[2023-12-02T16:24:09.449+0000][3120.520s][info ][safepoint     ] Total time for which application threads were stopped: 0.0008650 seconds, Stopping threads took: 0.0003493 seconds
[2023-12-02T16:24:10.449+0000][3121.521s][debug][safepoint     ] Safepoint synchronization initiated. (206 threads)
[2023-12-02T16:24:10.449+0000][3121.521s][info ][safepoint     ] Application time: 1.0005236 seconds
[2023-12-02T16:24:10.450+0000][3121.522s][info ][safepoint     ] Entering safepoint region: Cleanup
[2023-12-02T16:24:10.451+0000][3121.522s][info ][safepoint     ] Leaving safepoint region
[2023-12-02T16:24:10.451+0000][3121.523s][info ][safepoint     ] Total time for which application threads were stopped: 0.0011942 seconds, Stopping threads took: 0.0005846 seconds
[2023-12-02T16:24:11.452+0000][3122.523s][debug][safepoint     ] Safepoint synchronization initiated. (206 threads)
[2023-12-02T16:24:11.452+0000][3122.524s][info ][safepoint     ] Application time: 1.0006933 seconds
[2023-12-02T16:24:11.452+0000][3122.524s][debug][safepoint     ] ... found polling page return exception at pc = 0x00007f43fc2ca99b, stub =0x00007f43f4840600
[2023-12-02T16:24:11.453+0000][3122.525s][debug][safepoint     ] Waiting for 1 thread(s) to block
[2023-12-02T16:24:11.453+0000][3122.525s][info ][safepoint     ] Entering safepoint region: Cleanup
[2023-12-02T16:24:11.454+0000][3122.526s][info ][safepoint     ] Leaving safepoint region
[2023-12-02T16:24:11.454+0000][3122.526s][info ][safepoint     ] Total time for which application threads were stopped: 0.0020964 seconds, Stopping threads took: 0.0014358 seconds
[2023-12-02T16:24:12.455+0000][3123.527s][debug][safepoint     ] Safepoint synchronization initiated. (206 threads)
[2023-12-02T16:24:12.456+0000][3123.528s][info ][safepoint     ] Application time: 1.0013817 seconds
[2023-12-02T16:24:12.457+0000][3123.529s][info ][safepoint     ] Entering safepoint region: Cleanup
[2023-12-02T16:24:12.458+0000][3123.530s][info ][safepoint     ] Leaving safepoint region
[2023-12-02T16:24:12.459+0000][3123.531s][info ][safepoint     ] Total time for which application threads were stopped: 0.0016858 seconds, Stopping threads took: 0.0005581 seconds
[2023-12-02T16:24:13.460+0000][3124.532s][debug][safepoint     ] Safepoint synchronization initiated. (206 threads)
[2023-12-02T16:24:13.461+0000][3124.533s][info ][safepoint     ] Application time: 1.0011591 seconds
[2023-12-02T16:24:13.462+0000][3124.533s][info ][safepoint     ] Entering safepoint region: Cleanup
[2023-12-02T16:24:13.462+0000][3124.534s][info ][safepoint     ] Leaving safepoint region
[2023-12-02T16:24:13.463+0000][3124.535s][info ][safepoint     ] Total time for which application threads were stopped: 0.0014626 seconds, Stopping threads took: 0.0005611 seconds
[2023-12-02T16:24:14.464+0000][3125.536s][debug][safepoint     ] Safepoint synchronization initiated. (206 threads)
[2023-12-02T16:24:14.465+0000][3125.536s][info ][safepoint     ] Application time: 1.0009093 seconds
[2023-12-02T16:24:14.465+0000][3125.537s][info ][safepoint     ] Entering safepoint region: Cleanup
[2023-12-02T16:24:14.466+0000][3125.538s][info ][safepoint     ] Leaving safepoint region
[2023-12-02T16:24:14.466+0000][3125.538s][info ][safepoint     ] Total time for which application threads were stopped: 0.0013013 seconds, Stopping threads took: 0.0005376 seconds
[2023-12-02T16:24:15.467+0000][3126.539s][debug][safepoint     ] Safepoint synchronization initiated. (206 threads)
[2023-12-02T16:24:15.467+0000][3126.539s][info ][safepoint     ] Application time: 1.0004426 seconds
[2023-12-02T16:24:15.468+0000][3126.539s][info ][safepoint     ] Entering safepoint region: Cleanup
[2023-12-02T16:24:15.468+0000][3126.540s][info ][safepoint     ] Leaving safepoint region
[2023-12-02T16:24:15.468+0000][3126.540s][info ][safepoint     ] Total time for which application threads were stopped: 0.0007186 seconds, Stopping threads took: 0.0003613 seconds
[2023-12-02T16:24:16.469+0000][3127.540s][debug][safepoint     ] Safepoint synchronization initiated. (206 threads)
[2023-12-02T16:24:16.469+0000][3127.541s][info ][safepoint     ] Application time: 1.0005705 seconds
[2023-12-02T16:24:16.469+0000][3127.541s][info ][safepoint     ] Entering safepoint region: Cleanup
[2023-12-02T16:24:16.470+0000][3127.542s][info ][safepoint     ] Leaving safepoint region
[2023-12-02T16:24:16.470+0000][3127.542s][info ][safepoint     ] Total time for which application threads were stopped: 0.0009158 seconds, Stopping threads took: 0.0003857 seconds
[2023-12-02T16:24:17.471+0000][3128.543s][debug][safepoint     ] Safepoint synchronization initiated. (206 threads)
[2023-12-02T16:24:17.471+0000][3128.543s][info ][safepoint     ] Application time: 1.0008648 seconds
[2023-12-02T16:24:17.472+0000][3128.544s][info ][safepoint     ] Entering safepoint region: Cleanup
[2023-12-02T16:24:17.473+0000][3128.545s][info ][safepoint     ] Leaving safepoint region
[2023-12-02T16:24:17.473+0000][3128.545s][info ][safepoint     ] Total time for which application threads were stopped: 0.0011704 seconds, Stopping threads took: 0.0005656 seconds
[2023-12-02T16:24:18.474+0000][3129.546s][debug][safepoint     ] Safepoint synchronization initiated. (206 threads)
[2023-12-02T16:24:18.475+0000][3129.546s][info ][safepoint     ] Application time: 1.0010440 seconds
[2023-12-02T16:24:18.475+0000][3129.547s][info ][safepoint     ] Entering safepoint region: Cleanup
[2023-12-02T16:24:18.477+0000][3129.548s][info ][safepoint     ] Leaving safepoint region
[2023-12-02T16:24:18.477+0000][3129.549s][info ][safepoint     ] Total time for which application threads were stopped: 0.0018006 seconds, Stopping threads took: 0.0008348 seconds
[2023-12-02T16:24:19.478+0000][3130.550s][debug][safepoint     ] Safepoint synchronization initiated. (206 threads)
[2023-12-02T16:24:19.479+0000][3130.551s][info ][safepoint     ] Application time: 1.0012063 seconds
[2023-12-02T16:24:19.480+0000][3130.552s][info ][safepoint     ] Entering safepoint region: Cleanup
[2023-12-02T16:24:19.481+0000][3130.553s][info ][safepoint     ] Leaving safepoint region
[2023-12-02T16:24:19.481+0000][3130.553s][info ][safepoint     ] Total time for which application threads were stopped: 0.0017083 seconds, Stopping threads took: 0.0007070 seconds
[2023-12-02T16:24:20.482+0000][3131.554s][debug][safepoint     ] Safepoint synchronization initiated. (206 threads)
[2023-12-02T16:24:20.482+0000][3131.554s][info ][safepoint     ] Application time: 1.0004281 seconds
[2023-12-02T16:24:20.483+0000][3131.555s][info ][safepoint     ] Entering safepoint region: Cleanup
[2023-12-02T16:24:20.483+0000][3131.555s][info ][safepoint     ] Leaving safepoint region
[2023-12-02T16:24:20.483+0000][3131.555s][info ][safepoint     ] Total time for which application threads were stopped: 0.0005633 seconds, Stopping threads took: 0.0002102 seconds
[2023-12-02T16:24:21.484+0000][3132.555s][debug][safepoint     ] Safepoint synchronization initiated. (206 threads)
[2023-12-02T16:24:21.485+0000][3132.556s][info ][safepoint     ] Application time: 1.0011139 seconds
[2023-12-02T16:24:21.485+0000][3132.557s][info ][safepoint     ] Entering safepoint region: Cleanup
[2023-12-02T16:24:21.486+0000][3132.558s][info ][safepoint     ] Leaving safepoint region
[2023-12-02T16:24:21.487+0000][3132.559s][info ][safepoint     ] Total time for which application threads were stopped: 0.0017872 seconds, Stopping threads took: 0.0006704 seconds
[2023-12-02T16:24:22.488+0000][3133.560s][debug][safepoint     ] Safepoint synchronization initiated. (206 threads)
[2023-12-02T16:24:22.488+0000][3133.560s][info ][safepoint     ] Application time: 1.0006640 seconds
[2023-12-02T16:24:22.489+0000][3133.561s][info ][safepoint     ] Entering safepoint region: Cleanup
[2023-12-02T16:24:22.489+0000][3133.561s][info ][safepoint     ] Leaving safepoint region
[2023-12-02T16:24:22.490+0000][3133.561s][info ][safepoint     ] Total time for which application threads were stopped: 0.0010287 seconds, Stopping threads took: 0.0004676 seconds
[2023-12-02T16:24:23.490+0000][3134.562s][debug][safepoint     ] Safepoint synchronization initiated. (206 threads)
[2023-12-02T16:24:23.490+0000][3134.562s][info ][safepoint     ] Application time: 1.0003443 seconds
[2023-12-02T16:24:23.491+0000][3134.562s][info ][safepoint     ] Entering safepoint region: Cleanup
[2023-12-02T16:24:23.491+0000][3134.563s][info ][safepoint     ] Leaving safepoint region
[2023-12-02T16:24:23.491+0000][3134.563s][info ][safepoint     ] Total time for which application threads were stopped: 0.0004870 seconds, Stopping threads took: 0.0001835 seconds
[2023-12-02T16:24:24.492+0000][3135.563s][debug][safepoint     ] Safepoint synchronization initiated. (206 threads)
[2023-12-02T16:24:24.493+0000][3135.564s][info ][safepoint     ] Application time: 1.0012198 seconds
[2023-12-02T16:24:24.493+0000][3135.565s][info ][safepoint     ] Entering safepoint region: Cleanup
[2023-12-02T16:24:24.495+0000][3135.566s][info ][safepoint     ] Leaving safepoint region
[2023-12-02T16:24:24.495+0000][3135.567s][info ][safepoint     ] Total time for which application threads were stopped: 0.0020827 seconds, Stopping threads took: 0.0008565 seconds
[2023-12-02T16:24:25.497+0000][3136.568s][debug][safepoint     ] Safepoint synchronization initiated. (206 threads)
[2023-12-02T16:24:25.497+0000][3136.569s][info ][safepoint     ] Application time: 1.0008772 seconds
[2023-12-02T16:24:25.498+0000][3136.569s][info ][safepoint     ] Entering safepoint region: Cleanup
[2023-12-02T16:24:25.498+0000][3136.570s][info ][safepoint     ] Leaving safepoint region
[2023-12-02T16:24:25.499+0000][3136.570s][info ][safepoint     ] Total time for which application threads were stopped: 0.0011572 seconds, Stopping threads took: 0.0004536 seconds
[2023-12-02T16:24:26.499+0000][3137.571s][debug][safepoint     ] Safepoint synchronization initiated. (206 threads)
[2023-12-02T16:24:26.500+0000][3137.572s][info ][safepoint     ] Application time: 1.0012478 seconds
[2023-12-02T16:24:26.501+0000][3137.573s][debug][safepoint     ] Waiting for 1 thread(s) to block
[2023-12-02T16:24:26.502+0000][3137.574s][info ][safepoint     ] Entering safepoint region: Cleanup
[2023-12-02T16:24:26.503+0000][3137.575s][info ][safepoint     ] Leaving safepoint region
[2023-12-02T16:24:26.504+0000][3137.575s][info ][safepoint     ] Total time for which application threads were stopped: 0.0026308 seconds, Stopping threads took: 0.0017360 seconds
[2023-12-02T16:24:27.505+0000][3138.576s][debug][safepoint     ] Safepoint synchronization initiated. (206 threads)
[2023-12-02T16:24:27.506+0000][3138.577s][info ][safepoint     ] Application time: 1.0012500 seconds
[2023-12-02T16:24:27.506+0000][3138.578s][info ][safepoint     ] Entering safepoint region: Cleanup
[2023-12-02T16:24:27.508+0000][3138.579s][info ][safepoint     ] Leaving safepoint region
[2023-12-02T16:24:27.508+0000][3138.580s][info ][safepoint     ] Total time for which application threads were stopped: 0.0018080 seconds, Stopping threads took: 0.0007655 seconds
[2023-12-02T16:24:28.509+0000][3139.580s][debug][safepoint     ] Safepoint synchronization initiated. (206 threads)
[2023-12-02T16:24:28.509+0000][3139.581s][info ][safepoint     ] Application time: 1.0009566 seconds
[2023-12-02T16:24:28.510+0000][3139.582s][info ][safepoint     ] Entering safepoint region: Cleanup
[2023-12-02T16:24:28.511+0000][3139.583s][info ][safepoint     ] Leaving safepoint region
[2023-12-02T16:24:28.512+0000][3139.584s][info ][safepoint     ] Total time for which application threads were stopped: 0.0018024 seconds, Stopping threads took: 0.0006980 seconds
[2023-12-02T16:24:29.513+0000][3140.585s][debug][safepoint     ] Safepoint synchronization initiated. (206 threads)
[2023-12-02T16:24:29.514+0000][3140.586s][info ][safepoint     ] Application time: 1.0012006 seconds
[2023-12-02T16:24:29.515+0000][3140.586s][info ][safepoint     ] Entering safepoint region: Cleanup
[2023-12-02T16:24:29.516+0000][3140.587s][info ][safepoint     ] Leaving safepoint region
[2023-12-02T16:24:29.516+0000][3140.588s][info ][safepoint     ] Total time for which application threads were stopped: 0.0015571 seconds, Stopping threads took: 0.0006689 seconds
[2023-12-02T16:24:30.517+0000][3141.589s][debug][safepoint     ] Safepoint synchronization initiated. (206 threads)
[2023-12-02T16:24:30.517+0000][3141.589s][info ][safepoint     ] Application time: 1.0007099 seconds
[2023-12-02T16:24:30.518+0000][3141.590s][info ][safepoint     ] Entering safepoint region: Cleanup
[2023-12-02T16:24:30.520+0000][3141.592s][info ][safepoint     ] Leaving safepoint region
[2023-12-02T16:24:30.521+0000][3141.592s][info ][safepoint     ] Total time for which application threads were stopped: 0.0027430 seconds, Stopping threads took: 0.0013733 seconds
[2023-12-02T16:24:31.522+0000][3142.593s][debug][safepoint     ] Safepoint synchronization initiated. (206 threads)
[2023-12-02T16:24:31.522+0000][3142.594s][info ][safepoint     ] Application time: 1.0011740 seconds
[2023-12-02T16:24:31.523+0000][3142.595s][info ][safepoint     ] Entering safepoint region: Cleanup
[2023-12-02T16:24:31.524+0000][3142.596s][info ][safepoint     ] Leaving safepoint region
[2023-12-02T16:24:31.525+0000][3142.597s][info ][safepoint     ] Total time for which application threads were stopped: 0.0019046 seconds, Stopping threads took: 0.0007451 seconds
[2023-12-02T16:24:32.526+0000][3143.597s][debug][safepoint     ] Safepoint synchronization initiated. (206 threads)
[2023-12-02T16:24:32.526+0000][3143.598s][info ][safepoint     ] Application time: 1.0005438 seconds
[2023-12-02T16:24:32.526+0000][3143.598s][info ][safepoint     ] Entering safepoint region: Cleanup
[2023-12-02T16:24:32.527+0000][3143.598s][info ][safepoint     ] Leaving safepoint region
[2023-12-02T16:24:32.527+0000][3143.598s][info ][safepoint     ] Total time for which application threads were stopped: 0.0004830 seconds, Stopping threads took: 0.0001725 seconds
[2023-12-02T16:24:33.527+0000][3144.599s][debug][safepoint     ] Safepoint synchronization initiated. (206 threads)
[2023-12-02T16:24:33.528+0000][3144.600s][info ][safepoint     ] Application time: 1.0011486 seconds
[2023-12-02T16:24:33.529+0000][3144.600s][info ][safepoint     ] Entering safepoint region: Cleanup
[2023-12-02T16:24:33.530+0000][3144.602s][info ][safepoint     ] Leaving safepoint region
[2023-12-02T16:24:33.530+0000][3144.602s][info ][safepoint     ] Total time for which application threads were stopped: 0.0016998 seconds, Stopping threads took: 0.0007574 seconds
[2023-12-02T16:24:34.532+0000][3145.603s][debug][safepoint     ] Safepoint synchronization initiated. (206 threads)
[2023-12-02T16:24:34.532+0000][3145.604s][info ][safepoint     ] Application time: 1.0006134 seconds
[2023-12-02T16:24:34.532+0000][3145.604s][info ][safepoint     ] Entering safepoint region: Cleanup
[2023-12-02T16:24:34.533+0000][3145.604s][info ][safepoint     ] Leaving safepoint region
[2023-12-02T16:24:34.533+0000][3145.605s][info ][safepoint     ] Total time for which application threads were stopped: 0.0006813 seconds, Stopping threads took: 0.0002395 seconds
[2023-12-02T16:24:35.533+0000][3146.605s][debug][safepoint     ] Safepoint synchronization initiated. (206 threads)
[2023-12-02T16:24:35.534+0000][3146.606s][info ][safepoint     ] Application time: 1.0011100 seconds
[2023-12-02T16:24:35.535+0000][3146.607s][info ][safepoint     ] Entering safepoint region: Cleanup
[2023-12-02T16:24:35.536+0000][3146.608s][info ][safepoint     ] Leaving safepoint region
[2023-12-02T16:24:35.537+0000][3146.608s][info ][safepoint     ] Total time for which application threads were stopped: 0.0017388 seconds, Stopping threads took: 0.0007925 seconds
[2023-12-02T16:24:36.538+0000][3147.609s][debug][safepoint     ] Safepoint synchronization initiated. (206 threads)
[2023-12-02T16:24:36.538+0000][3147.610s][info ][safepoint     ] Application time: 1.0008887 seconds
[2023-12-02T16:24:36.539+0000][3147.610s][info ][safepoint     ] Entering safepoint region: Cleanup
[2023-12-02T16:24:36.540+0000][3147.611s][info ][safepoint     ] Leaving safepoint region
[2023-12-02T16:24:36.540+0000][3147.612s][info ][safepoint     ] Total time for which application threads were stopped: 0.0013064 seconds, Stopping threads took: 0.0008339 seconds
[2023-12-02T16:24:37.540+0000][3148.612s][debug][safepoint     ] Safepoint synchronization initiated. (206 threads)
[2023-12-02T16:24:37.541+0000][3148.613s][info ][safepoint     ] Application time: 1.0007722 seconds
[2023-12-02T16:24:37.541+0000][3148.613s][info ][safepoint     ] Entering safepoint region: Cleanup
[2023-12-02T16:24:37.542+0000][3148.614s][info ][safepoint     ] Leaving safepoint region
[2023-12-02T16:24:37.543+0000][3148.614s][info ][safepoint     ] Total time for which application threads were stopped: 0.0013288 seconds, Stopping threads took: 0.0003667 seconds
[2023-12-02T16:24:38.543+0000][3149.615s][debug][safepoint     ] Safepoint synchronization initiated. (206 threads)
[2023-12-02T16:24:38.544+0000][3149.615s][info ][safepoint     ] Application time: 1.0006367 seconds
[2023-12-02T16:24:38.544+0000][3149.616s][info ][safepoint     ] Entering safepoint region: Cleanup
[2023-12-02T16:24:38.545+0000][3149.617s][info ][safepoint     ] Leaving safepoint region
[2023-12-02T16:24:38.545+0000][3149.617s][info ][safepoint     ] Total time for which application threads were stopped: 0.0009964 seconds, Stopping threads took: 0.0004836 seconds
[2023-12-02T16:24:39.546+0000][3150.617s][debug][safepoint     ] Safepoint synchronization initiated. (206 threads)
[2023-12-02T16:24:39.546+0000][3150.618s][info ][safepoint     ] Application time: 1.0006524 seconds
[2023-12-02T16:24:39.547+0000][3150.618s][info ][safepoint     ] Entering safepoint region: Cleanup
[2023-12-02T16:24:39.547+0000][3150.619s][info ][safepoint     ] Leaving safepoint region
[2023-12-02T16:24:39.548+0000][3150.619s][info ][safepoint     ] Total time for which application threads were stopped: 0.0010254 seconds, Stopping threads took: 0.0005203 seconds
[2023-12-02T16:24:40.548+0000][3151.620s][debug][safepoint     ] Safepoint synchronization initiated. (206 threads)
[2023-12-02T16:24:40.549+0000][3151.621s][info ][safepoint     ] Application time: 1.0012133 seconds
[2023-12-02T16:24:40.550+0000][3151.622s][info ][safepoint     ] Entering safepoint region: Cleanup
[2023-12-02T16:24:40.551+0000][3151.623s][info ][safepoint     ] Leaving safepoint region
[2023-12-02T16:24:40.552+0000][3151.623s][info ][safepoint     ] Total time for which application threads were stopped: 0.0015163 seconds, Stopping threads took: 0.0006898 seconds
[2023-12-02T16:24:41.552+0000][3152.624s][debug][safepoint     ] Safepoint synchronization initiated. (206 threads)
[2023-12-02T16:24:41.553+0000][3152.625s][info ][safepoint     ] Application time: 1.0006595 seconds
[2023-12-02T16:24:41.553+0000][3152.625s][info ][safepoint     ] Entering safepoint region: Cleanup
[2023-12-02T16:24:41.554+0000][3152.626s][info ][safepoint     ] Leaving safepoint region
[2023-12-02T16:24:41.555+0000][3152.626s][info ][safepoint     ] Total time for which application threads were stopped: 0.0012991 seconds, Stopping threads took: 0.0003922 seconds
[2023-12-02T16:24:42.555+0000][3153.627s][debug][safepoint     ] Safepoint synchronization initiated. (206 threads)
[2023-12-02T16:24:42.557+0000][3153.629s][info ][safepoint     ] Application time: 1.0020822 seconds
[2023-12-02T16:24:42.558+0000][3153.630s][info ][safepoint     ] Entering safepoint region: Cleanup
[2023-12-02T16:24:42.559+0000][3153.630s][info ][safepoint     ] Leaving safepoint region
[2023-12-02T16:24:42.559+0000][3153.630s][info ][safepoint     ] Total time for which application threads were stopped: 0.0009277 seconds, Stopping threads took: 0.0004271 seconds
[2023-12-02T16:24:43.559+0000][3154.631s][debug][safepoint     ] Safepoint synchronization initiated. (206 threads)
[2023-12-02T16:24:43.560+0000][3154.631s][info ][safepoint     ] Application time: 1.0006869 seconds
[2023-12-02T16:24:43.560+0000][3154.632s][debug][safepoint     ] ... found polling page return exception at pc = 0x00007f43f50ab7ba, stub =0x00007f43f4840600
[2023-12-02T16:24:43.560+0000][3154.632s][debug][safepoint     ] Waiting for 1 thread(s) to block
[2023-12-02T16:24:43.561+0000][3154.632s][info ][safepoint     ] Entering safepoint region: Cleanup
[2023-12-02T16:24:43.561+0000][3154.633s][info ][safepoint     ] Leaving safepoint region
[2023-12-02T16:24:43.561+0000][3154.633s][info ][safepoint     ] Total time for which application threads were stopped: 0.0010774 seconds, Stopping threads took: 0.0006920 seconds
[2023-12-02T16:24:44.562+0000][3155.634s][debug][safepoint     ] Safepoint synchronization initiated. (206 threads)
[2023-12-02T16:24:44.563+0000][3155.635s][info ][safepoint     ] Application time: 1.0015783 seconds
[2023-12-02T16:24:44.563+0000][3155.635s][info ][safepoint     ] Entering safepoint region: Cleanup
[2023-12-02T16:24:44.564+0000][3155.636s][info ][safepoint     ] Leaving safepoint region
[2023-12-02T16:24:44.564+0000][3155.636s][info ][safepoint     ] Total time for which application threads were stopped: 0.0010392 seconds, Stopping threads took: 0.0004766 seconds
[2023-12-02T16:24:45.565+0000][3156.637s][debug][safepoint     ] Safepoint synchronization initiated. (206 threads)
[2023-12-02T16:24:45.565+0000][3156.637s][info ][safepoint     ] Application time: 1.0007580 seconds
[2023-12-02T16:24:45.566+0000][3156.638s][info ][safepoint     ] Entering safepoint region: Cleanup
[2023-12-02T16:24:45.567+0000][3156.638s][info ][safepoint     ] Leaving safepoint region
[2023-12-02T16:24:45.567+0000][3156.639s][info ][safepoint     ] Total time for which application threads were stopped: 0.0011081 seconds, Stopping threads took: 0.0005136 seconds
[2023-12-02T16:24:46.568+0000][3157.639s][debug][safepoint     ] Safepoint synchronization initiated. (206 threads)
[2023-12-02T16:24:46.568+0000][3157.640s][info ][safepoint     ] Application time: 1.0005610 seconds
[2023-12-02T16:24:46.569+0000][3157.640s][info ][safepoint     ] Entering safepoint region: Cleanup
[2023-12-02T16:24:46.569+0000][3157.641s][info ][safepoint     ] Leaving safepoint region
[2023-12-02T16:24:46.570+0000][3157.641s][info ][safepoint     ] Total time for which application threads were stopped: 0.0009719 seconds, Stopping threads took: 0.0003701 seconds
[2023-12-02T16:24:47.570+0000][3158.642s][debug][safepoint     ] Safepoint synchronization initiated. (206 threads)
[2023-12-02T16:24:47.571+0000][3158.643s][info ][safepoint     ] Application time: 1.0009454 seconds
[2023-12-02T16:24:47.572+0000][3158.643s][info ][safepoint     ] Entering safepoint region: Cleanup
[2023-12-02T16:24:47.572+0000][3158.644s][info ][safepoint     ] Leaving safepoint region
[2023-12-02T16:24:47.573+0000][3158.645s][info ][safepoint     ] Total time for which application threads were stopped: 0.0013506 seconds, Stopping threads took: 0.0006097 seconds
[2023-12-02T16:24:48.574+0000][3159.645s][debug][safepoint     ] Safepoint synchronization initiated. (206 threads)
[2023-12-02T16:24:48.574+0000][3159.646s][info ][safepoint     ] Application time: 1.0007078 seconds
[2023-12-02T16:24:48.574+0000][3159.646s][info ][safepoint     ] Entering safepoint region: Cleanup
[2023-12-02T16:24:48.575+0000][3159.647s][info ][safepoint     ] Leaving safepoint region
[2023-12-02T16:24:48.575+0000][3159.647s][info ][safepoint     ] Total time for which application threads were stopped: 0.0008304 seconds, Stopping threads took: 0.0003335 seconds
[2023-12-02T16:24:49.576+0000][3160.647s][debug][safepoint     ] Safepoint synchronization initiated. (206 threads)
[2023-12-02T16:24:49.577+0000][3160.648s][info ][safepoint     ] Application time: 1.0012644 seconds
[2023-12-02T16:24:49.578+0000][3160.649s][info ][safepoint     ] Entering safepoint region: Cleanup
[2023-12-02T16:24:49.579+0000][3160.650s][info ][safepoint     ] Leaving safepoint region
[2023-12-02T16:24:49.579+0000][3160.651s][info ][safepoint     ] Total time for which application threads were stopped: 0.0018535 seconds, Stopping threads took: 0.0006527 seconds
[2023-12-02T16:24:50.581+0000][3161.652s][debug][safepoint     ] Safepoint synchronization initiated. (206 threads)
[2023-12-02T16:24:50.581+0000][3161.652s][info ][safepoint     ] Application time: 1.0003405 seconds
[2023-12-02T16:24:50.581+0000][3161.653s][info ][safepoint     ] Entering safepoint region: Cleanup
[2023-12-02T16:24:50.581+0000][3161.653s][info ][safepoint     ] Leaving safepoint region
[2023-12-02T16:24:50.581+0000][3161.653s][info ][safepoint     ] Total time for which application threads were stopped: 0.0004641 seconds, Stopping threads took: 0.0001814 seconds
[2023-12-02T16:24:51.582+0000][3162.653s][debug][safepoint     ] Safepoint synchronization initiated. (206 threads)
[2023-12-02T16:24:51.582+0000][3162.654s][info ][safepoint     ] Application time: 1.0007376 seconds
[2023-12-02T16:24:51.583+0000][3162.654s][info ][safepoint     ] Entering safepoint region: Cleanup
[2023-12-02T16:24:51.583+0000][3162.655s][info ][safepoint     ] Leaving safepoint region
[2023-12-02T16:24:51.584+0000][3162.655s][info ][safepoint     ] Total time for which application threads were stopped: 0.0009829 seconds, Stopping threads took: 0.0003813 seconds
[2023-12-02T16:24:52.584+0000][3163.656s][debug][safepoint     ] Safepoint synchronization initiated. (206 threads)
[2023-12-02T16:24:52.584+0000][3163.656s][info ][safepoint     ] Application time: 1.0005011 seconds
[2023-12-02T16:24:52.585+0000][3163.656s][info ][safepoint     ] Entering safepoint region: Cleanup
[2023-12-02T16:24:52.585+0000][3163.657s][info ][safepoint     ] Leaving safepoint region
[2023-12-02T16:24:52.585+0000][3163.657s][info ][safepoint     ] Total time for which application threads were stopped: 0.0006284 seconds, Stopping threads took: 0.0002472 seconds
[2023-12-02T16:24:53.586+0000][3164.657s][debug][safepoint     ] Safepoint synchronization initiated. (206 threads)
[2023-12-02T16:24:53.587+0000][3164.658s][info ][safepoint     ] Application time: 1.0010164 seconds
[2023-12-02T16:24:53.587+0000][3164.659s][info ][safepoint     ] Entering safepoint region: Cleanup
[2023-12-02T16:24:53.588+0000][3164.660s][info ][safepoint     ] Leaving safepoint region
[2023-12-02T16:24:53.589+0000][3164.660s][info ][safepoint     ] Total time for which application threads were stopped: 0.0015027 seconds, Stopping threads took: 0.0005753 seconds
[2023-12-02T16:24:54.589+0000][3165.661s][debug][safepoint     ] Safepoint synchronization initiated. (206 threads)
[2023-12-02T16:24:54.590+0000][3165.661s][info ][safepoint     ] Application time: 1.0006920 seconds
[2023-12-02T16:24:54.590+0000][3165.662s][info ][safepoint     ] Entering safepoint region: Cleanup
[2023-12-02T16:24:54.591+0000][3165.662s][info ][safepoint     ] Leaving safepoint region
[2023-12-02T16:24:54.591+0000][3165.663s][info ][safepoint     ] Total time for which application threads were stopped: 0.0009112 seconds, Stopping threads took: 0.0004001 seconds
[2023-12-02T16:24:55.592+0000][3166.663s][debug][safepoint     ] Safepoint synchronization initiated. (206 threads)
[2023-12-02T16:24:55.593+0000][3166.664s][info ][safepoint     ] Application time: 1.0013732 seconds
[2023-12-02T16:24:55.594+0000][3166.665s][info ][safepoint     ] Entering safepoint region: Cleanup
[2023-12-02T16:24:55.595+0000][3166.666s][info ][safepoint     ] Leaving safepoint region
[2023-12-02T16:24:55.596+0000][3166.667s][info ][safepoint     ] Total time for which application threads were stopped: 0.0019469 seconds, Stopping threads took: 0.0007679 seconds
[2023-12-02T16:24:56.596+0000][3167.668s][debug][safepoint     ] Safepoint synchronization initiated. (206 threads)
[2023-12-02T16:24:56.597+0000][3167.668s][info ][safepoint     ] Application time: 1.0006345 seconds
[2023-12-02T16:24:56.597+0000][3167.669s][info ][safepoint     ] Entering safepoint region: Cleanup
[2023-12-02T16:24:56.598+0000][3167.669s][info ][safepoint     ] Leaving safepoint region
[2023-12-02T16:24:56.598+0000][3167.670s][info ][safepoint     ] Total time for which application threads were stopped: 0.0008610 seconds, Stopping threads took: 0.0004019 seconds
[2023-12-02T16:24:57.598+0000][3168.670s][debug][safepoint     ] Safepoint synchronization initiated. (206 threads)
[2023-12-02T16:24:57.599+0000][3168.670s][info ][safepoint     ] Application time: 1.0005527 seconds
[2023-12-02T16:24:57.599+0000][3168.671s][info ][safepoint     ] Entering safepoint region: Cleanup
[2023-12-02T16:24:57.599+0000][3168.671s][info ][safepoint     ] Leaving safepoint region
[2023-12-02T16:24:57.600+0000][3168.671s][info ][safepoint     ] Total time for which application threads were stopped: 0.0006677 seconds, Stopping threads took: 0.0002569 seconds
[2023-12-02T16:24:58.600+0000][3169.672s][debug][safepoint     ] Safepoint synchronization initiated. (206 threads)
[2023-12-02T16:24:58.600+0000][3169.672s][info ][safepoint     ] Application time: 1.0005415 seconds
[2023-12-02T16:24:58.601+0000][3169.672s][info ][safepoint     ] Entering safepoint region: Cleanup
[2023-12-02T16:24:58.601+0000][3169.673s][info ][safepoint     ] Leaving safepoint region
[2023-12-02T16:24:58.601+0000][3169.673s][info ][safepoint     ] Total time for which application threads were stopped: 0.0006349 seconds, Stopping threads took: 0.0002760 seconds
[2023-12-02T16:24:59.602+0000][3170.673s][debug][safepoint     ] Safepoint synchronization initiated. (206 threads)
[2023-12-02T16:24:59.602+0000][3170.674s][info ][safepoint     ] Application time: 1.0004698 seconds
[2023-12-02T16:24:59.602+0000][3170.674s][info ][safepoint     ] Entering safepoint region: Cleanup
[2023-12-02T16:24:59.603+0000][3170.674s][info ][safepoint     ] Leaving safepoint region
[2023-12-02T16:24:59.603+0000][3170.675s][info ][safepoint     ] Total time for which application threads were stopped: 0.0008507 seconds, Stopping threads took: 0.0003410 seconds
[2023-12-02T16:25:00.604+0000][3171.675s][debug][safepoint     ] Safepoint synchronization initiated. (206 threads)
[2023-12-02T16:25:00.604+0000][3171.675s][info ][safepoint     ] Application time: 1.0004317 seconds
[2023-12-02T16:25:00.604+0000][3171.675s][info ][safepoint     ] Entering safepoint region: Cleanup
[2023-12-02T16:25:00.604+0000][3171.676s][info ][safepoint     ] Leaving safepoint region
[2023-12-02T16:25:00.604+0000][3171.676s][info ][safepoint     ] Total time for which application threads were stopped: 0.0004722 seconds, Stopping threads took: 0.0001839 seconds
[2023-12-02T16:25:01.605+0000][3172.676s][debug][safepoint     ] Safepoint synchronization initiated. (206 threads)
[2023-12-02T16:25:01.605+0000][3172.677s][info ][safepoint     ] Application time: 1.0004575 seconds
[2023-12-02T16:25:01.605+0000][3172.677s][info ][safepoint     ] Entering safepoint region: Cleanup
[2023-12-02T16:25:01.606+0000][3172.677s][info ][safepoint     ] Leaving safepoint region
[2023-12-02T16:25:01.606+0000][3172.677s][info ][safepoint     ] Total time for which application threads were stopped: 0.0007122 seconds, Stopping threads took: 0.0003018 seconds
[2023-12-02T16:25:02.606+0000][3173.678s][debug][safepoint     ] Safepoint synchronization initiated. (206 threads)
[2023-12-02T16:25:02.607+0000][3173.679s][info ][safepoint     ] Application time: 1.0010523 seconds
[2023-12-02T16:25:02.608+0000][3173.679s][info ][safepoint     ] Entering safepoint region: Cleanup
[2023-12-02T16:25:02.609+0000][3173.681s][info ][safepoint     ] Leaving safepoint region
[2023-12-02T16:25:02.610+0000][3173.681s][info ][safepoint     ] Total time for which application threads were stopped: 0.0018654 seconds, Stopping threads took: 0.0007348 seconds
[2023-12-02T16:25:03.611+0000][3174.682s][debug][safepoint     ] Safepoint synchronization initiated. (206 threads)
[2023-12-02T16:25:03.611+0000][3174.683s][info ][safepoint     ] Application time: 1.0010645 seconds
[2023-12-02T16:25:03.612+0000][3174.684s][info ][safepoint     ] Entering safepoint region: Cleanup
[2023-12-02T16:25:03.613+0000][3174.685s][info ][safepoint     ] Leaving safepoint region
[2023-12-02T16:25:03.614+0000][3174.685s][info ][safepoint     ] Total time for which application threads were stopped: 0.0015596 seconds, Stopping threads took: 0.0006763 seconds
[2023-12-02T16:25:04.615+0000][3175.686s][debug][safepoint     ] Safepoint synchronization initiated. (206 threads)
[2023-12-02T16:25:04.616+0000][3175.687s][info ][safepoint     ] Application time: 1.0012083 seconds
[2023-12-02T16:25:04.616+0000][3175.688s][info ][safepoint     ] Entering safepoint region: Cleanup
[2023-12-02T16:25:04.618+0000][3175.689s][info ][safepoint     ] Leaving safepoint region
[2023-12-02T16:25:04.618+0000][3175.690s][info ][safepoint     ] Total time for which application threads were stopped: 0.0019369 seconds, Stopping threads took: 0.0008661 seconds
[2023-12-02T16:25:05.619+0000][3176.691s][debug][safepoint     ] Safepoint synchronization initiated. (206 threads)
[2023-12-02T16:25:05.620+0000][3176.692s][info ][safepoint     ] Application time: 1.0012287 seconds
[2023-12-02T16:25:05.621+0000][3176.692s][info ][safepoint     ] Entering safepoint region: Cleanup
[2023-12-02T16:25:05.622+0000][3176.693s][info ][safepoint     ] Leaving safepoint region
[2023-12-02T16:25:05.623+0000][3176.694s][info ][safepoint     ] Total time for which application threads were stopped: 0.0018970 seconds, Stopping threads took: 0.0007768 seconds
[2023-12-02T16:25:06.623+0000][3177.695s][debug][safepoint     ] Safepoint synchronization initiated. (206 threads)
[2023-12-02T16:25:06.624+0000][3177.696s][info ][safepoint     ] Application time: 1.0010808 seconds
[2023-12-02T16:25:06.625+0000][3177.697s][info ][safepoint     ] Entering safepoint region: Cleanup
[2023-12-02T16:25:06.627+0000][3177.698s][info ][safepoint     ] Leaving safepoint region
[2023-12-02T16:25:06.627+0000][3177.699s][info ][safepoint     ] Total time for which application threads were stopped: 0.0021272 seconds, Stopping threads took: 0.0008601 seconds
[2023-12-02T16:25:07.628+0000][3178.700s][debug][safepoint     ] Safepoint synchronization initiated. (206 threads)
[2023-12-02T16:25:07.629+0000][3178.700s][info ][safepoint     ] Application time: 1.0006658 seconds
[2023-12-02T16:25:07.629+0000][3178.701s][info ][safepoint     ] Entering safepoint region: Cleanup
[2023-12-02T16:25:07.630+0000][3178.701s][info ][safepoint     ] Leaving safepoint region
[2023-12-02T16:25:07.631+0000][3178.702s][info ][safepoint     ] Total time for which application threads were stopped: 0.0015544 seconds, Stopping threads took: 0.0003405 seconds
[2023-12-02T16:25:08.632+0000][3179.703s][debug][safepoint     ] Safepoint synchronization initiated. (206 threads)
[2023-12-02T16:25:08.633+0000][3179.704s][info ][safepoint     ] Application time: 1.0012626 seconds
[2023-12-02T16:25:08.633+0000][3179.705s][info ][safepoint     ] Entering safepoint region: Cleanup
[2023-12-02T16:25:08.634+0000][3179.706s][info ][safepoint     ] Leaving safepoint region
[2023-12-02T16:25:08.635+0000][3179.706s][info ][safepoint     ] Total time for which application threads were stopped: 0.0013584 seconds, Stopping threads took: 0.0007076 seconds
[2023-12-02T16:25:09.635+0000][3180.707s][debug][safepoint     ] Safepoint synchronization initiated. (206 threads)
[2023-12-02T16:25:09.636+0000][3180.708s][info ][safepoint     ] Application time: 1.0014786 seconds
[2023-12-02T16:25:09.637+0000][3180.709s][info ][safepoint     ] Entering safepoint region: Cleanup
[2023-12-02T16:25:09.639+0000][3180.710s][info ][safepoint     ] Leaving safepoint region
[2023-12-02T16:25:09.639+0000][3180.711s][info ][safepoint     ] Total time for which application threads were stopped: 0.0020508 seconds, Stopping threads took: 0.0008022 seconds
[2023-12-02T16:25:10.640+0000][3181.711s][debug][safepoint     ] Safepoint synchronization initiated. (206 threads)
[2023-12-02T16:25:10.640+0000][3181.712s][info ][safepoint     ] Application time: 1.0003733 seconds
[2023-12-02T16:25:10.640+0000][3181.712s][info ][safepoint     ] Entering safepoint region: Cleanup
[2023-12-02T16:25:10.641+0000][3181.712s][info ][safepoint     ] Leaving safepoint region
[2023-12-02T16:25:10.641+0000][3181.712s][info ][safepoint     ] Total time for which application threads were stopped: 0.0004776 seconds, Stopping threads took: 0.0001698 seconds
[2023-12-02T16:25:11.641+0000][3182.713s][debug][safepoint     ] Safepoint synchronization initiated. (206 threads)
[2023-12-02T16:25:11.642+0000][3182.714s][info ][safepoint     ] Application time: 1.0010589 seconds
[2023-12-02T16:25:11.643+0000][3182.714s][info ][safepoint     ] Entering safepoint region: Cleanup
[2023-12-02T16:25:11.644+0000][3182.716s][info ][safepoint     ] Leaving safepoint region
[2023-12-02T16:25:11.645+0000][3182.716s][info ][safepoint     ] Total time for which application threads were stopped: 0.0020126 seconds, Stopping threads took: 0.0008176 seconds
[2023-12-02T16:25:12.646+0000][3183.717s][debug][safepoint     ] Safepoint synchronization initiated. (206 threads)
[2023-12-02T16:25:12.647+0000][3183.718s][info ][safepoint     ] Application time: 1.0013544 seconds
[2023-12-02T16:25:12.648+0000][3183.719s][info ][safepoint     ] Entering safepoint region: Cleanup
[2023-12-02T16:25:12.649+0000][3183.720s][info ][safepoint     ] Leaving safepoint region
[2023-12-02T16:25:12.649+0000][3183.721s][info ][safepoint     ] Total time for which application threads were stopped: 0.0017821 seconds, Stopping threads took: 0.0007555 seconds
[2023-12-02T16:25:13.650+0000][3184.722s][debug][safepoint     ] Safepoint synchronization initiated. (206 threads)
[2023-12-02T16:25:13.651+0000][3184.723s][info ][safepoint     ] Application time: 1.0009189 seconds
[2023-12-02T16:25:13.652+0000][3184.723s][info ][safepoint     ] Entering safepoint region: Cleanup
[2023-12-02T16:25:13.652+0000][3184.724s][info ][safepoint     ] Leaving safepoint region
[2023-12-02T16:25:13.653+0000][3184.724s][info ][safepoint     ] Total time for which application threads were stopped: 0.0010563 seconds, Stopping threads took: 0.0004393 seconds
[2023-12-02T16:25:14.653+0000][3185.725s][debug][safepoint     ] Safepoint synchronization initiated. (206 threads)
[2023-12-02T16:25:14.654+0000][3185.725s][info ][safepoint     ] Application time: 1.0005642 seconds
[2023-12-02T16:25:14.654+0000][3185.726s][info ][safepoint     ] Entering safepoint region: Cleanup
[2023-12-02T16:25:14.655+0000][3185.726s][info ][safepoint     ] Leaving safepoint region
[2023-12-02T16:25:14.655+0000][3185.727s][info ][safepoint     ] Total time for which application threads were stopped: 0.0010718 seconds, Stopping threads took: 0.0005081 seconds
[2023-12-02T16:25:15.656+0000][3186.727s][debug][safepoint     ] Safepoint synchronization initiated. (206 threads)
[2023-12-02T16:25:15.656+0000][3186.728s][info ][safepoint     ] Application time: 1.0006293 seconds
[2023-12-02T16:25:15.657+0000][3186.728s][info ][safepoint     ] Entering safepoint region: Cleanup
[2023-12-02T16:25:15.657+0000][3186.729s][info ][safepoint     ] Leaving safepoint region
[2023-12-02T16:25:15.657+0000][3186.729s][info ][safepoint     ] Total time for which application threads were stopped: 0.0006567 seconds, Stopping threads took: 0.0003243 seconds
[2023-12-02T16:25:16.658+0000][3187.729s][debug][safepoint     ] Safepoint synchronization initiated. (206 threads)
[2023-12-02T16:25:16.658+0000][3187.730s][info ][safepoint     ] Application time: 1.0007922 seconds
[2023-12-02T16:25:16.659+0000][3187.730s][info ][safepoint     ] Entering safepoint region: Cleanup
[2023-12-02T16:25:16.660+0000][3187.731s][info ][safepoint     ] Leaving safepoint region
[2023-12-02T16:25:16.660+0000][3187.731s][info ][safepoint     ] Total time for which application threads were stopped: 0.0009608 seconds, Stopping threads took: 0.0004815 seconds
[2023-12-02T16:25:17.660+0000][3188.732s][debug][safepoint     ] Safepoint synchronization initiated. (206 threads)
[2023-12-02T16:25:17.661+0000][3188.732s][info ][safepoint     ] Application time: 1.0004264 seconds
[2023-12-02T16:25:17.661+0000][3188.732s][info ][safepoint     ] Entering safepoint region: Cleanup
[2023-12-02T16:25:17.661+0000][3188.733s][info ][safepoint     ] Leaving safepoint region
[2023-12-02T16:25:17.661+0000][3188.733s][info ][safepoint     ] Total time for which application threads were stopped: 0.0005421 seconds, Stopping threads took: 0.0002258 seconds
[2023-12-02T16:25:18.662+0000][3189.733s][debug][safepoint     ] Safepoint synchronization initiated. (206 threads)
[2023-12-02T16:25:18.662+0000][3189.734s][info ][safepoint     ] Application time: 1.0008402 seconds
[2023-12-02T16:25:18.663+0000][3189.734s][info ][safepoint     ] Entering safepoint region: Cleanup
[2023-12-02T16:25:18.664+0000][3189.735s][info ][safepoint     ] Leaving safepoint region
[2023-12-02T16:25:18.664+0000][3189.736s][info ][safepoint     ] Total time for which application threads were stopped: 0.0016133 seconds, Stopping threads took: 0.0006818 seconds
[2023-12-02T16:25:18.664+0000][3189.735s][debug][safepoint     ] ... found polling page return exception at pc = 0x00007f43fc9de0c4, stub =0x00007f43f4840600
[2023-12-02T16:25:18.664+0000][3189.735s][debug][safepoint     ] ... found polling page return exception at pc = 0x00007f43fc9de0c4, stub =0x00007f43f4840600
[2023-12-02T16:25:19.665+0000][3190.737s][debug][safepoint     ] Safepoint synchronization initiated. (206 threads)
[2023-12-02T16:25:19.666+0000][3190.737s][info ][safepoint     ] Application time: 1.0006965 seconds
[2023-12-02T16:25:19.666+0000][3190.738s][info ][safepoint     ] Entering safepoint region: Cleanup
[2023-12-02T16:25:19.667+0000][3190.738s][info ][safepoint     ] Leaving safepoint region
[2023-12-02T16:25:19.667+0000][3190.739s][info ][safepoint     ] Total time for which application threads were stopped: 0.0011647 seconds, Stopping threads took: 0.0003831 seconds
[2023-12-02T16:25:20.668+0000][3191.739s][debug][safepoint     ] Safepoint synchronization initiated. (206 threads)
[2023-12-02T16:25:20.669+0000][3191.740s][info ][safepoint     ] Application time: 1.0010193 seconds
[2023-12-02T16:25:20.669+0000][3191.741s][info ][safepoint     ] Entering safepoint region: Cleanup
[2023-12-02T16:25:20.670+0000][3191.742s][info ][safepoint     ] Leaving safepoint region
[2023-12-02T16:25:20.670+0000][3191.742s][info ][safepoint     ] Total time for which application threads were stopped: 0.0010639 seconds, Stopping threads took: 0.0005872 seconds
[2023-12-02T16:25:21.671+0000][3192.742s][debug][safepoint     ] Safepoint synchronization initiated. (206 threads)
[2023-12-02T16:25:21.672+0000][3192.743s][info ][safepoint     ] Application time: 1.0010412 seconds
[2023-12-02T16:25:21.673+0000][3192.744s][info ][safepoint     ] Entering safepoint region: Cleanup
[2023-12-02T16:25:21.673+0000][3192.745s][info ][safepoint     ] Leaving safepoint region
[2023-12-02T16:25:21.674+0000][3192.745s][info ][safepoint     ] Total time for which application threads were stopped: 0.0009169 seconds, Stopping threads took: 0.0003693 seconds
[2023-12-02T16:25:22.674+0000][3193.746s][debug][safepoint     ] Safepoint synchronization initiated. (206 threads)
[2023-12-02T16:25:22.675+0000][3193.747s][info ][safepoint     ] Application time: 1.0012816 seconds
[2023-12-02T16:25:22.676+0000][3193.747s][info ][safepoint     ] Entering safepoint region: Cleanup
[2023-12-02T16:25:22.677+0000][3193.749s][info ][safepoint     ] Leaving safepoint region
[2023-12-02T16:25:22.678+0000][3193.749s][info ][safepoint     ] Total time for which application threads were stopped: 0.0018999 seconds, Stopping threads took: 0.0008217 seconds
[2023-12-02T16:25:23.679+0000][3194.750s][debug][safepoint     ] Safepoint synchronization initiated. (206 threads)
[2023-12-02T16:25:23.679+0000][3194.750s][info ][safepoint     ] Application time: 1.0005572 seconds
[2023-12-02T16:25:23.679+0000][3194.751s][info ][safepoint     ] Entering safepoint region: Cleanup
[2023-12-02T16:25:23.680+0000][3194.751s][info ][safepoint     ] Leaving safepoint region
[2023-12-02T16:25:23.680+0000][3194.751s][info ][safepoint     ] Total time for which application threads were stopped: 0.0008111 seconds, Stopping threads took: 0.0003012 seconds
[2023-12-02T16:25:24.681+0000][3195.752s][debug][safepoint     ] Safepoint synchronization initiated. (206 threads)
[2023-12-02T16:25:24.681+0000][3195.752s][info ][safepoint     ] Application time: 1.0005889 seconds
[2023-12-02T16:25:24.681+0000][3195.753s][info ][safepoint     ] Entering safepoint region: Cleanup
[2023-12-02T16:25:24.682+0000][3195.753s][info ][safepoint     ] Leaving safepoint region
[2023-12-02T16:25:24.682+0000][3195.753s][info ][safepoint     ] Total time for which application threads were stopped: 0.0007664 seconds, Stopping threads took: 0.0003349 seconds
[2023-12-02T16:25:25.682+0000][3196.754s][debug][safepoint     ] Safepoint synchronization initiated. (206 threads)
[2023-12-02T16:25:25.683+0000][3196.754s][info ][safepoint     ] Application time: 1.0005417 seconds
[2023-12-02T16:25:25.683+0000][3196.754s][info ][safepoint     ] Entering safepoint region: Cleanup
[2023-12-02T16:25:25.683+0000][3196.755s][info ][safepoint     ] Leaving safepoint region
[2023-12-02T16:25:25.684+0000][3196.755s][info ][safepoint     ] Total time for which application threads were stopped: 0.0008454 seconds, Stopping threads took: 0.0003128 seconds
[2023-12-02T16:25:26.684+0000][3197.756s][debug][safepoint     ] Safepoint synchronization initiated. (206 threads)
[2023-12-02T16:25:26.685+0000][3197.756s][info ][safepoint     ] Application time: 1.0008105 seconds
[2023-12-02T16:25:26.685+0000][3197.757s][info ][safepoint     ] Entering safepoint region: Cleanup
[2023-12-02T16:25:26.686+0000][3197.757s][info ][safepoint     ] Leaving safepoint region
[2023-12-02T16:25:26.686+0000][3197.758s][info ][safepoint     ] Total time for which application threads were stopped: 0.0009693 seconds, Stopping threads took: 0.0004528 seconds
[2023-12-02T16:25:27.687+0000][3198.758s][debug][safepoint     ] Safepoint synchronization initiated. (206 threads)
[2023-12-02T16:25:27.687+0000][3198.759s][info ][safepoint     ] Application time: 1.0006696 seconds
[2023-12-02T16:25:27.688+0000][3198.759s][info ][safepoint     ] Entering safepoint region: Cleanup
[2023-12-02T16:25:27.688+0000][3198.760s][info ][safepoint     ] Leaving safepoint region
[2023-12-02T16:25:27.689+0000][3198.760s][info ][safepoint     ] Total time for which application threads were stopped: 0.0010583 seconds, Stopping threads took: 0.0004285 seconds
[2023-12-02T16:25:28.689+0000][3199.761s][debug][safepoint     ] Safepoint synchronization initiated. (206 threads)
[2023-12-02T16:25:28.690+0000][3199.761s][info ][safepoint     ] Application time: 1.0005789 seconds
[2023-12-02T16:25:28.690+0000][3199.761s][info ][safepoint     ] Entering safepoint region: Cleanup
[2023-12-02T16:25:28.691+0000][3199.762s][info ][safepoint     ] Leaving safepoint region
[2023-12-02T16:25:28.691+0000][3199.762s][info ][safepoint     ] Total time for which application threads were stopped: 0.0009293 seconds, Stopping threads took: 0.0003215 seconds
[2023-12-02T16:25:29.691+0000][3200.763s][debug][safepoint     ] Safepoint synchronization initiated. (206 threads)
[2023-12-02T16:25:29.692+0000][3200.763s][info ][safepoint     ] Application time: 1.0005265 seconds
[2023-12-02T16:25:29.692+0000][3200.763s][info ][safepoint     ] Entering safepoint region: Cleanup
[2023-12-02T16:25:29.693+0000][3200.764s][info ][safepoint     ] Leaving safepoint region
[2023-12-02T16:25:29.693+0000][3200.764s][info ][safepoint     ] Total time for which application threads were stopped: 0.0008959 seconds, Stopping threads took: 0.0003784 seconds
[2023-12-02T16:25:30.693+0000][3201.765s][debug][safepoint     ] Safepoint synchronization initiated. (206 threads)
[2023-12-02T16:25:30.694+0000][3201.765s][info ][safepoint     ] Application time: 1.0003417 seconds
[2023-12-02T16:25:30.694+0000][3201.765s][info ][safepoint     ] Entering safepoint region: Cleanup
[2023-12-02T16:25:30.694+0000][3201.766s][info ][safepoint     ] Leaving safepoint region
[2023-12-02T16:25:30.694+0000][3201.766s][info ][safepoint     ] Total time for which application threads were stopped: 0.0006893 seconds, Stopping threads took: 0.0002461 seconds
[2023-12-02T16:25:31.695+0000][3202.766s][debug][safepoint     ] Safepoint synchronization initiated. (206 threads)
[2023-12-02T16:25:31.695+0000][3202.767s][info ][safepoint     ] Application time: 1.0005249 seconds
[2023-12-02T16:25:31.696+0000][3202.767s][info ][safepoint     ] Entering safepoint region: Cleanup
[2023-12-02T16:25:31.696+0000][3202.767s][info ][safepoint     ] Leaving safepoint region
[2023-12-02T16:25:31.696+0000][3202.767s][info ][safepoint     ] Total time for which application threads were stopped: 0.0006610 seconds, Stopping threads took: 0.0002703 seconds
[2023-12-02T16:25:32.696+0000][3203.768s][debug][safepoint     ] Safepoint synchronization initiated. (206 threads)
[2023-12-02T16:25:32.697+0000][3203.768s][info ][safepoint     ] Application time: 1.0006017 seconds
[2023-12-02T16:25:32.697+0000][3203.769s][info ][safepoint     ] Entering safepoint region: Cleanup
[2023-12-02T16:25:32.698+0000][3203.769s][info ][safepoint     ] Leaving safepoint region
[2023-12-02T16:25:32.698+0000][3203.769s][info ][safepoint     ] Total time for which application threads were stopped: 0.0008627 seconds, Stopping threads took: 0.0003434 seconds
[2023-12-02T16:25:33.699+0000][3204.770s][debug][safepoint     ] Safepoint synchronization initiated. (206 threads)
[2023-12-02T16:25:33.699+0000][3204.770s][info ][safepoint     ] Application time: 1.0006850 seconds
[2023-12-02T16:25:33.700+0000][3204.771s][info ][safepoint     ] Entering safepoint region: Cleanup
[2023-12-02T16:25:33.700+0000][3204.771s][info ][safepoint     ] Leaving safepoint region
[2023-12-02T16:25:33.700+0000][3204.772s][info ][safepoint     ] Total time for which application threads were stopped: 0.0008768 seconds, Stopping threads took: 0.0003931 seconds
[2023-12-02T16:25:34.701+0000][3205.772s][debug][safepoint     ] Safepoint synchronization initiated. (206 threads)
[2023-12-02T16:25:34.701+0000][3205.773s][info ][safepoint     ] Application time: 1.0005234 seconds
[2023-12-02T16:25:34.702+0000][3205.773s][info ][safepoint     ] Entering safepoint region: Cleanup
[2023-12-02T16:25:34.702+0000][3205.773s][info ][safepoint     ] Leaving safepoint region
[2023-12-02T16:25:34.702+0000][3205.774s][info ][safepoint     ] Total time for which application threads were stopped: 0.0008195 seconds, Stopping threads took: 0.0002955 seconds
[2023-12-02T16:25:35.703+0000][3206.774s][debug][safepoint     ] Safepoint synchronization initiated. (206 threads)
[2023-12-02T16:25:35.703+0000][3206.775s][info ][safepoint     ] Application time: 1.0006705 seconds
[2023-12-02T16:25:35.704+0000][3206.775s][info ][safepoint     ] Entering safepoint region: Cleanup
[2023-12-02T16:25:35.704+0000][3206.776s][info ][safepoint     ] Leaving safepoint region
[2023-12-02T16:25:35.705+0000][3206.776s][info ][safepoint     ] Total time for which application threads were stopped: 0.0009400 seconds, Stopping threads took: 0.0003745 seconds
[2023-12-02T16:25:36.705+0000][3207.777s][debug][safepoint     ] Safepoint synchronization initiated. (206 threads)
[2023-12-02T16:25:36.706+0000][3207.777s][info ][safepoint     ] Application time: 1.0006100 seconds
[2023-12-02T16:25:36.706+0000][3207.778s][info ][safepoint     ] Entering safepoint region: Cleanup
[2023-12-02T16:25:36.707+0000][3207.778s][info ][safepoint     ] Leaving safepoint region
[2023-12-02T16:25:36.707+0000][3207.778s][info ][safepoint     ] Total time for which application threads were stopped: 0.0009726 seconds, Stopping threads took: 0.0004085 seconds
[2023-12-02T16:25:37.708+0000][3208.779s][debug][safepoint     ] Safepoint synchronization initiated. (206 threads)
[2023-12-02T16:25:37.708+0000][3208.779s][info ][safepoint     ] Application time: 1.0005777 seconds
[2023-12-02T16:25:37.708+0000][3208.780s][info ][safepoint     ] Entering safepoint region: Cleanup
[2023-12-02T16:25:37.709+0000][3208.780s][info ][safepoint     ] Leaving safepoint region
[2023-12-02T16:25:37.709+0000][3208.781s][info ][safepoint     ] Total time for which application threads were stopped: 0.0007553 seconds, Stopping threads took: 0.0002444 seconds
[2023-12-02T16:25:38.710+0000][3209.781s][debug][safepoint     ] Safepoint synchronization initiated. (206 threads)
[2023-12-02T16:25:38.710+0000][3209.781s][info ][safepoint     ] Application time: 1.0006726 seconds
[2023-12-02T16:25:38.711+0000][3209.782s][info ][safepoint     ] Entering safepoint region: Cleanup
[2023-12-02T16:25:38.711+0000][3209.782s][info ][safepoint     ] Leaving safepoint region
[2023-12-02T16:25:38.711+0000][3209.783s][info ][safepoint     ] Total time for which application threads were stopped: 0.0010345 seconds, Stopping threads took: 0.0004094 seconds
[2023-12-02T16:25:39.712+0000][3210.783s][debug][safepoint     ] Safepoint synchronization initiated. (206 threads)
[2023-12-02T16:25:39.713+0000][3210.784s][info ][safepoint     ] Application time: 1.0006300 seconds
[2023-12-02T16:25:39.713+0000][3210.784s][info ][safepoint     ] Entering safepoint region: Cleanup
[2023-12-02T16:25:39.714+0000][3210.785s][info ][safepoint     ] Leaving safepoint region
[2023-12-02T16:25:39.714+0000][3210.785s][info ][safepoint     ] Total time for which application threads were stopped: 0.0009787 seconds, Stopping threads took: 0.0004663 seconds
[2023-12-02T16:25:40.714+0000][3211.786s][debug][safepoint     ] Safepoint synchronization initiated. (206 threads)
[2023-12-02T16:25:40.715+0000][3211.786s][info ][safepoint     ] Application time: 1.0006963 seconds
[2023-12-02T16:25:40.715+0000][3211.787s][info ][safepoint     ] Entering safepoint region: Cleanup
[2023-12-02T16:25:40.716+0000][3211.787s][info ][safepoint     ] Leaving safepoint region
[2023-12-02T16:25:40.716+0000][3211.788s][info ][safepoint     ] Total time for which application threads were stopped: 0.0008461 seconds, Stopping threads took: 0.0003398 seconds
[2023-12-02T16:25:41.716+0000][3212.788s][debug][safepoint     ] Safepoint synchronization initiated. (206 threads)
[2023-12-02T16:25:41.717+0000][3212.788s][info ][safepoint     ] Application time: 1.0004533 seconds
[2023-12-02T16:25:41.717+0000][3212.788s][info ][safepoint     ] Entering safepoint region: Cleanup
[2023-12-02T16:25:41.717+0000][3212.789s][info ][safepoint     ] Leaving safepoint region
[2023-12-02T16:25:41.718+0000][3212.789s][info ][safepoint     ] Total time for which application threads were stopped: 0.0005797 seconds, Stopping threads took: 0.0002075 seconds
[2023-12-02T16:25:42.718+0000][3213.789s][debug][safepoint     ] Safepoint synchronization initiated. (206 threads)
[2023-12-02T16:25:42.719+0000][3213.790s][info ][safepoint     ] Application time: 1.0009800 seconds
[2023-12-02T16:25:42.720+0000][3213.791s][info ][safepoint     ] Entering safepoint region: Cleanup
[2023-12-02T16:25:42.721+0000][3213.792s][info ][safepoint     ] Leaving safepoint region
[2023-12-02T16:25:42.721+0000][3213.793s][info ][safepoint     ] Total time for which application threads were stopped: 0.0018684 seconds, Stopping threads took: 0.0007045 seconds
[2023-12-02T16:25:43.722+0000][3214.794s][debug][safepoint     ] Safepoint synchronization initiated. (206 threads)
[2023-12-02T16:25:43.723+0000][3214.794s][info ][safepoint     ] Application time: 1.0005354 seconds
[2023-12-02T16:25:43.723+0000][3214.795s][info ][safepoint     ] Entering safepoint region: Cleanup
[2023-12-02T16:25:43.724+0000][3214.795s][info ][safepoint     ] Leaving safepoint region
[2023-12-02T16:25:43.724+0000][3214.796s][info ][safepoint     ] Total time for which application threads were stopped: 0.0010279 seconds, Stopping threads took: 0.0004435 seconds
[2023-12-02T16:25:44.725+0000][3215.796s][debug][safepoint     ] Safepoint synchronization initiated. (206 threads)
[2023-12-02T16:25:44.725+0000][3215.797s][info ][safepoint     ] Application time: 1.0005771 seconds
[2023-12-02T16:25:44.725+0000][3215.797s][info ][safepoint     ] Entering safepoint region: Cleanup
[2023-12-02T16:25:44.726+0000][3215.797s][info ][safepoint     ] Leaving safepoint region
[2023-12-02T16:25:44.726+0000][3215.798s][info ][safepoint     ] Total time for which application threads were stopped: 0.0009046 seconds, Stopping threads took: 0.0003283 seconds
[2023-12-02T16:25:45.727+0000][3216.798s][debug][safepoint     ] Safepoint synchronization initiated. (206 threads)
[2023-12-02T16:25:45.728+0000][3216.799s][info ][safepoint     ] Application time: 1.0013415 seconds
[2023-12-02T16:25:45.729+0000][3216.800s][info ][safepoint     ] Entering safepoint region: Cleanup
[2023-12-02T16:25:45.730+0000][3216.801s][info ][safepoint     ] Leaving safepoint region
[2023-12-02T16:25:45.731+0000][3216.802s][info ][safepoint     ] Total time for which application threads were stopped: 0.0019011 seconds, Stopping threads took: 0.0008791 seconds
[2023-12-02T16:25:46.732+0000][3217.803s][debug][safepoint     ] Safepoint synchronization initiated. (206 threads)
[2023-12-02T16:25:46.733+0000][3217.804s][info ][safepoint     ] Application time: 1.0014376 seconds
[2023-12-02T16:25:46.734+0000][3217.805s][info ][safepoint     ] Entering safepoint region: Cleanup
[2023-12-02T16:25:46.735+0000][3217.806s][info ][safepoint     ] Leaving safepoint region
[2023-12-02T16:25:46.736+0000][3217.807s][info ][safepoint     ] Total time for which application threads were stopped: 0.0021228 seconds, Stopping threads took: 0.0008729 seconds
[2023-12-02T16:25:47.737+0000][3218.808s][debug][safepoint     ] Safepoint synchronization initiated. (206 threads)
[2023-12-02T16:25:47.738+0000][3218.809s][info ][safepoint     ] Application time: 1.0013153 seconds
[2023-12-02T16:25:47.739+0000][3218.810s][info ][safepoint     ] Entering safepoint region: Cleanup
[2023-12-02T16:25:47.740+0000][3218.811s][info ][safepoint     ] Leaving safepoint region
[2023-12-02T16:25:47.741+0000][3218.812s][info ][safepoint     ] Total time for which application threads were stopped: 0.0021487 seconds, Stopping threads took: 0.0009346 seconds
[2023-12-02T16:25:47.740+0000][3218.811s][debug][safepoint     ] ... found polling page return exception at pc = 0x00007f43fc9de0c4, stub =0x00007f43f4840600
[2023-12-02T16:25:47.740+0000][3218.811s][debug][safepoint     ] ... found polling page return exception at pc = 0x00007f43fc9de0c4, stub =0x00007f43f4840600
[2023-12-02T16:25:47.740+0000][3218.811s][debug][safepoint     ] ... found polling page return exception at pc = 0x00007f43fc9de0c4, stub =0x00007f43f4840600
[2023-12-02T16:25:47.740+0000][3218.811s][debug][safepoint     ] ... found polling page loop exception at pc = 0x00007f43fcaa9897, stub =0x00007f43f4843680
[2023-12-02T16:25:47.740+0000][3218.811s][debug][safepoint     ] ... found polling page return exception at pc = 0x00007f43fc9de0c4, stub =0x00007f43f4840600
[2023-12-02T16:25:48.742+0000][3219.813s][debug][safepoint     ] Safepoint synchronization initiated. (206 threads)
[2023-12-02T16:25:48.743+0000][3219.814s][info ][safepoint     ] Application time: 1.0013296 seconds
[2023-12-02T16:25:48.744+0000][3219.815s][info ][safepoint     ] Entering safepoint region: Cleanup
[2023-12-02T16:25:48.745+0000][3219.816s][info ][safepoint     ] Leaving safepoint region
[2023-12-02T16:25:48.746+0000][3219.817s][info ][safepoint     ] Total time for which application threads were stopped: 0.0019088 seconds, Stopping threads took: 0.0007730 seconds
[2023-12-02T16:25:49.746+0000][3220.818s][debug][safepoint     ] Safepoint synchronization initiated. (206 threads)
[2023-12-02T16:25:49.747+0000][3220.819s][info ][safepoint     ] Application time: 1.0010534 seconds
[2023-12-02T16:25:49.748+0000][3220.819s][info ][safepoint     ] Entering safepoint region: Cleanup
[2023-12-02T16:25:49.749+0000][3220.820s][info ][safepoint     ] Leaving safepoint region
[2023-12-02T16:25:49.749+0000][3220.821s][info ][safepoint     ] Total time for which application threads were stopped: 0.0015469 seconds, Stopping threads took: 0.0005636 seconds
[2023-12-02T16:25:50.750+0000][3221.821s][debug][safepoint     ] Safepoint synchronization initiated. (206 threads)
[2023-12-02T16:25:50.751+0000][3221.822s][info ][safepoint     ] Application time: 1.0005736 seconds
[2023-12-02T16:25:50.751+0000][3221.822s][info ][safepoint     ] Entering safepoint region: Cleanup
[2023-12-02T16:25:50.751+0000][3221.823s][info ][safepoint     ] Leaving safepoint region
[2023-12-02T16:25:50.751+0000][3221.823s][info ][safepoint     ] Total time for which application threads were stopped: 0.0006940 seconds, Stopping threads took: 0.0002683 seconds
[2023-12-02T16:25:51.752+0000][3222.823s][debug][safepoint     ] Safepoint synchronization initiated. (206 threads)
[2023-12-02T16:25:51.753+0000][3222.824s][info ][safepoint     ] Application time: 1.0009246 seconds
[2023-12-02T16:25:51.753+0000][3222.825s][info ][safepoint     ] Entering safepoint region: Cleanup
[2023-12-02T16:25:51.754+0000][3222.826s][info ][safepoint     ] Leaving safepoint region
[2023-12-02T16:25:51.755+0000][3222.826s][info ][safepoint     ] Total time for which application threads were stopped: 0.0015932 seconds, Stopping threads took: 0.0006665 seconds
[2023-12-02T16:25:52.756+0000][3223.827s][debug][safepoint     ] Safepoint synchronization initiated. (206 threads)
[2023-12-02T16:25:52.757+0000][3223.828s][info ][safepoint     ] Application time: 1.0012499 seconds
[2023-12-02T16:25:52.758+0000][3223.829s][info ][safepoint     ] Entering safepoint region: Cleanup
[2023-12-02T16:25:52.758+0000][3223.830s][info ][safepoint     ] Leaving safepoint region
[2023-12-02T16:25:52.759+0000][3223.830s][info ][safepoint     ] Total time for which application threads were stopped: 0.0015728 seconds, Stopping threads took: 0.0005197 seconds
[2023-12-02T16:25:53.760+0000][3224.831s][debug][safepoint     ] Safepoint synchronization initiated. (206 threads)
[2023-12-02T16:25:53.761+0000][3224.832s][info ][safepoint     ] Application time: 1.0008334 seconds
[2023-12-02T16:25:53.761+0000][3224.832s][info ][safepoint     ] Entering safepoint region: Cleanup
[2023-12-02T16:25:53.761+0000][3224.833s][info ][safepoint     ] Leaving safepoint region
[2023-12-02T16:25:53.762+0000][3224.833s][info ][safepoint     ] Total time for which application threads were stopped: 0.0007031 seconds, Stopping threads took: 0.0002918 seconds
[2023-12-02T16:25:54.762+0000][3225.833s][debug][safepoint     ] Safepoint synchronization initiated. (206 threads)
[2023-12-02T16:25:54.763+0000][3225.834s][info ][safepoint     ] Application time: 1.0009385 seconds
[2023-12-02T16:25:54.764+0000][3225.835s][info ][safepoint     ] Entering safepoint region: Cleanup
[2023-12-02T16:25:54.765+0000][3225.836s][info ][safepoint     ] Leaving safepoint region
[2023-12-02T16:25:54.765+0000][3225.836s][info ][safepoint     ] Total time for which application threads were stopped: 0.0014214 seconds, Stopping threads took: 0.0007117 seconds
[2023-12-02T16:25:55.766+0000][3226.837s][debug][safepoint     ] Safepoint synchronization initiated. (206 threads)
[2023-12-02T16:25:55.767+0000][3226.838s][info ][safepoint     ] Application time: 1.0012994 seconds
[2023-12-02T16:25:55.768+0000][3226.839s][info ][safepoint     ] Entering safepoint region: Cleanup
[2023-12-02T16:25:55.769+0000][3226.840s][info ][safepoint     ] Leaving safepoint region
[2023-12-02T16:25:55.769+0000][3226.841s][info ][safepoint     ] Total time for which application threads were stopped: 0.0019157 seconds, Stopping threads took: 0.0007401 seconds
[2023-12-02T16:25:56.771+0000][3227.842s][debug][safepoint     ] Safepoint synchronization initiated. (206 threads)
[2023-12-02T16:25:56.771+0000][3227.842s][info ][safepoint     ] Application time: 1.0008438 seconds
[2023-12-02T16:25:56.772+0000][3227.843s][info ][safepoint     ] Entering safepoint region: Cleanup
[2023-12-02T16:25:56.772+0000][3227.843s][info ][safepoint     ] Leaving safepoint region
[2023-12-02T16:25:56.772+0000][3227.844s][info ][safepoint     ] Total time for which application threads were stopped: 0.0009139 seconds, Stopping threads took: 0.0003611 seconds
[2023-12-02T16:25:57.773+0000][3228.844s][debug][safepoint     ] Safepoint synchronization initiated. (206 threads)
[2023-12-02T16:25:57.774+0000][3228.845s][info ][safepoint     ] Application time: 1.0007591 seconds
[2023-12-02T16:25:57.774+0000][3228.845s][info ][safepoint     ] Entering safepoint region: Cleanup
[2023-12-02T16:25:57.775+0000][3228.846s][info ][safepoint     ] Leaving safepoint region
[2023-12-02T16:25:57.775+0000][3228.846s][info ][safepoint     ] Total time for which application threads were stopped: 0.0008581 seconds, Stopping threads took: 0.0003711 seconds
[2023-12-02T16:25:58.775+0000][3229.847s][debug][safepoint     ] Safepoint synchronization initiated. (206 threads)
[2023-12-02T16:25:58.777+0000][3229.848s][info ][safepoint     ] Application time: 1.0018671 seconds
[2023-12-02T16:25:58.777+0000][3229.849s][info ][safepoint     ] Entering safepoint region: Cleanup
[2023-12-02T16:25:58.778+0000][3229.849s][info ][safepoint     ] Leaving safepoint region
[2023-12-02T16:25:58.778+0000][3229.850s][info ][safepoint     ] Total time for which application threads were stopped: 0.0012122 seconds, Stopping threads took: 0.0003485 seconds
[2023-12-02T16:25:59.779+0000][3230.850s][debug][safepoint     ] Safepoint synchronization initiated. (206 threads)
[2023-12-02T16:25:59.780+0000][3230.851s][info ][safepoint     ] Application time: 1.0009808 seconds
[2023-12-02T16:25:59.780+0000][3230.852s][info ][safepoint     ] Entering safepoint region: Cleanup
[2023-12-02T16:25:59.781+0000][3230.853s][info ][safepoint     ] Leaving safepoint region
[2023-12-02T16:25:59.782+0000][3230.853s][info ][safepoint     ] Total time for which application threads were stopped: 0.0013420 seconds, Stopping threads took: 0.0006211 seconds
[2023-12-02T16:26:00.782+0000][3231.854s][debug][safepoint     ] Safepoint synchronization initiated. (206 threads)
[2023-12-02T16:26:00.783+0000][3231.854s][info ][safepoint     ] Application time: 1.0008370 seconds
[2023-12-02T16:26:00.783+0000][3231.855s][info ][safepoint     ] Entering safepoint region: Cleanup
[2023-12-02T16:26:00.784+0000][3231.855s][info ][safepoint     ] Leaving safepoint region
[2023-12-02T16:26:00.784+0000][3231.856s][info ][safepoint     ] Total time for which application threads were stopped: 0.0009349 seconds, Stopping threads took: 0.0003976 seconds
[2023-12-02T16:26:01.785+0000][3232.856s][debug][safepoint     ] Safepoint synchronization initiated. (206 threads)
[2023-12-02T16:26:01.786+0000][3232.857s][info ][safepoint     ] Application time: 1.0008924 seconds
[2023-12-02T16:26:01.786+0000][3232.857s][info ][safepoint     ] Entering safepoint region: Cleanup
[2023-12-02T16:26:01.787+0000][3232.858s][info ][safepoint     ] Leaving safepoint region
[2023-12-02T16:26:01.787+0000][3232.858s][info ][safepoint     ] Total time for which application threads were stopped: 0.0009701 seconds, Stopping threads took: 0.0004248 seconds
[2023-12-02T16:26:02.788+0000][3233.859s][debug][safepoint     ] Safepoint synchronization initiated. (206 threads)
[2023-12-02T16:26:02.788+0000][3233.860s][info ][safepoint     ] Application time: 1.0010988 seconds
[2023-12-02T16:26:02.789+0000][3233.861s][info ][safepoint     ] Entering safepoint region: Cleanup
[2023-12-02T16:26:02.791+0000][3233.862s][info ][safepoint     ] Leaving safepoint region
[2023-12-02T16:26:02.792+0000][3233.863s][info ][safepoint     ] Total time for which application threads were stopped: 0.0022903 seconds, Stopping threads took: 0.0008330 seconds
[2023-12-02T16:26:03.792+0000][3234.864s][debug][safepoint     ] Safepoint synchronization initiated. (206 threads)
[2023-12-02T16:26:03.793+0000][3234.865s][info ][safepoint     ] Application time: 1.0010065 seconds
[2023-12-02T16:26:03.794+0000][3234.865s][info ][safepoint     ] Entering safepoint region: Cleanup
[2023-12-02T16:26:03.795+0000][3234.866s][info ][safepoint     ] Leaving safepoint region
[2023-12-02T16:26:03.796+0000][3234.867s][info ][safepoint     ] Total time for which application threads were stopped: 0.0018286 seconds, Stopping threads took: 0.0008015 seconds
[2023-12-02T16:26:04.797+0000][3235.868s][debug][safepoint     ] Safepoint synchronization initiated. (206 threads)
[2023-12-02T16:26:04.798+0000][3235.869s][info ][safepoint     ] Application time: 1.0010172 seconds
[2023-12-02T16:26:04.799+0000][3235.870s][info ][safepoint     ] Entering safepoint region: Cleanup
[2023-12-02T16:26:04.800+0000][3235.871s][info ][safepoint     ] Leaving safepoint region
[2023-12-02T16:26:04.800+0000][3235.871s][info ][safepoint     ] Total time for which application threads were stopped: 0.0017591 seconds, Stopping threads took: 0.0010864 seconds
[2023-12-02T16:26:05.801+0000][3236.872s][debug][safepoint     ] Safepoint synchronization initiated. (206 threads)
[2023-12-02T16:26:05.802+0000][3236.873s][info ][safepoint     ] Application time: 1.0012682 seconds
[2023-12-02T16:26:05.803+0000][3236.874s][info ][safepoint     ] Entering safepoint region: Cleanup
[2023-12-02T16:26:05.804+0000][3236.875s][info ][safepoint     ] Leaving safepoint region
[2023-12-02T16:26:05.805+0000][3236.876s][info ][safepoint     ] Total time for which application threads were stopped: 0.0019952 seconds, Stopping threads took: 0.0007281 seconds
[2023-12-02T16:26:06.806+0000][3237.877s][debug][safepoint     ] Safepoint synchronization initiated. (206 threads)
[2023-12-02T16:26:06.807+0000][3237.878s][info ][safepoint     ] Application time: 1.0014062 seconds
[2023-12-02T16:26:06.808+0000][3237.879s][info ][safepoint     ] Entering safepoint region: Cleanup
[2023-12-02T16:26:06.809+0000][3237.880s][info ][safepoint     ] Leaving safepoint region
[2023-12-02T16:26:06.810+0000][3237.881s][info ][safepoint     ] Total time for which application threads were stopped: 0.0017440 seconds, Stopping threads took: 0.0006261 seconds
[2023-12-02T16:26:07.811+0000][3238.882s][debug][safepoint     ] Safepoint synchronization initiated. (206 threads)
[2023-12-02T16:26:07.812+0000][3238.883s][info ][safepoint     ] Application time: 1.0015147 seconds
[2023-12-02T16:26:07.813+0000][3238.884s][info ][safepoint     ] Entering safepoint region: Cleanup
[2023-12-02T16:26:07.814+0000][3238.885s][info ][safepoint     ] Leaving safepoint region
[2023-12-02T16:26:07.815+0000][3238.886s][info ][safepoint     ] Total time for which application threads were stopped: 0.0021887 seconds, Stopping threads took: 0.0008923 seconds
[2023-12-02T16:26:08.816+0000][3239.887s][debug][safepoint     ] Safepoint synchronization initiated. (206 threads)
[2023-12-02T16:26:08.816+0000][3239.888s][info ][safepoint     ] Application time: 1.0010166 seconds
[2023-12-02T16:26:08.817+0000][3239.888s][info ][safepoint     ] Entering safepoint region: Cleanup
[2023-12-02T16:26:08.818+0000][3239.889s][info ][safepoint     ] Leaving safepoint region
[2023-12-02T16:26:08.818+0000][3239.889s][info ][safepoint     ] Total time for which application threads were stopped: 0.0011105 seconds, Stopping threads took: 0.0005270 seconds
[2023-12-02T16:26:09.819+0000][3240.890s][debug][safepoint     ] Safepoint synchronization initiated. (206 threads)
[2023-12-02T16:26:09.819+0000][3240.890s][info ][safepoint     ] Application time: 1.0008483 seconds
[2023-12-02T16:26:09.820+0000][3240.891s][info ][safepoint     ] Entering safepoint region: Cleanup
[2023-12-02T16:26:09.820+0000][3240.892s][info ][safepoint     ] Leaving safepoint region
[2023-12-02T16:26:09.821+0000][3240.892s][info ][safepoint     ] Total time for which application threads were stopped: 0.0011845 seconds, Stopping threads took: 0.0004031 seconds
[2023-12-02T16:26:10.821+0000][3241.893s][debug][safepoint     ] Safepoint synchronization initiated. (206 threads)
[2023-12-02T16:26:10.822+0000][3241.894s][info ][safepoint     ] Application time: 1.0011214 seconds
[2023-12-02T16:26:10.823+0000][3241.894s][info ][safepoint     ] Entering safepoint region: Cleanup
[2023-12-02T16:26:10.824+0000][3241.895s][info ][safepoint     ] Leaving safepoint region
[2023-12-02T16:26:10.824+0000][3241.895s][info ][safepoint     ] Total time for which application threads were stopped: 0.0012492 seconds, Stopping threads took: 0.0005193 seconds
[2023-12-02T16:26:11.824+0000][3242.896s][debug][safepoint     ] Safepoint synchronization initiated. (206 threads)
[2023-12-02T16:26:11.826+0000][3242.897s][info ][safepoint     ] Application time: 1.0012829 seconds
[2023-12-02T16:26:11.826+0000][3242.898s][info ][safepoint     ] Entering safepoint region: Cleanup
[2023-12-02T16:26:11.827+0000][3242.898s][info ][safepoint     ] Leaving safepoint region
[2023-12-02T16:26:11.827+0000][3242.898s][info ][safepoint     ] Total time for which application threads were stopped: 0.0008640 seconds, Stopping threads took: 0.0003609 seconds
[2023-12-02T16:26:12.828+0000][3243.899s][debug][safepoint     ] Safepoint synchronization initiated. (206 threads)
[2023-12-02T16:26:12.828+0000][3243.899s][info ][safepoint     ] Application time: 1.0005540 seconds
[2023-12-02T16:26:12.829+0000][3243.900s][info ][safepoint     ] Entering safepoint region: Cleanup
[2023-12-02T16:26:12.829+0000][3243.900s][info ][safepoint     ] Leaving safepoint region
[2023-12-02T16:26:12.829+0000][3243.901s][info ][safepoint     ] Total time for which application threads were stopped: 0.0007604 seconds, Stopping threads took: 0.0003051 seconds
[2023-12-02T16:26:13.830+0000][3244.901s][debug][safepoint     ] Safepoint synchronization initiated. (206 threads)
[2023-12-02T16:26:13.831+0000][3244.902s][info ][safepoint     ] Application time: 1.0008870 seconds
[2023-12-02T16:26:13.831+0000][3244.902s][info ][safepoint     ] Entering safepoint region: Cleanup
[2023-12-02T16:26:13.832+0000][3244.903s][info ][safepoint     ] Leaving safepoint region
[2023-12-02T16:26:13.832+0000][3244.903s][info ][safepoint     ] Total time for which application threads were stopped: 0.0011003 seconds, Stopping threads took: 0.0005792 seconds
[2023-12-02T16:26:14.832+0000][3245.904s][debug][safepoint     ] Safepoint synchronization initiated. (206 threads)
[2023-12-02T16:26:14.833+0000][3245.904s][info ][safepoint     ] Application time: 1.0007178 seconds
[2023-12-02T16:26:14.834+0000][3245.905s][info ][safepoint     ] Entering safepoint region: Cleanup
[2023-12-02T16:26:14.835+0000][3245.906s][info ][safepoint     ] Leaving safepoint region
[2023-12-02T16:26:14.835+0000][3245.907s][info ][safepoint     ] Total time for which application threads were stopped: 0.0017198 seconds, Stopping threads took: 0.0010756 seconds
[2023-12-02T16:26:15.836+0000][3246.908s][debug][safepoint     ] Safepoint synchronization initiated. (206 threads)
[2023-12-02T16:26:15.837+0000][3246.909s][info ][safepoint     ] Application time: 1.0013292 seconds
[2023-12-02T16:26:15.838+0000][3246.909s][info ][safepoint     ] Entering safepoint region: Cleanup
[2023-12-02T16:26:15.839+0000][3246.911s][info ][safepoint     ] Leaving safepoint region
[2023-12-02T16:26:15.840+0000][3246.911s][info ][safepoint     ] Total time for which application threads were stopped: 0.0020063 seconds, Stopping threads took: 0.0007877 seconds
[2023-12-02T16:26:16.165+0000][3247.236s][debug][safepoint     ] Safepoint synchronization initiated. (207 threads)
[2023-12-02T16:26:16.165+0000][3247.237s][info ][safepoint     ] Application time: 0.3244817 seconds
[2023-12-02T16:26:16.166+0000][3247.237s][info ][safepoint     ] Entering safepoint region: G1CollectForAllocation
[2023-12-02T16:26:16.167+0000][3247.238s][info ][gc,start      ] GC(84) Pause Young (Concurrent Start) (G1 Humongous Allocation)
[2023-12-02T16:26:16.167+0000][3247.238s][info ][gc,task       ] GC(84) Using 8 workers of 8 for evacuation
[2023-12-02T16:26:16.175+0000][3247.246s][info ][gc,phases     ] GC(84)   Pre Evacuate Collection Set: 0.9ms
[2023-12-02T16:26:16.175+0000][3247.247s][info ][gc,phases     ] GC(84)   Evacuate Collection Set: 4.4ms
[2023-12-02T16:26:16.176+0000][3247.247s][info ][gc,phases     ] GC(84)   Post Evacuate Collection Set: 2.1ms
[2023-12-02T16:26:16.176+0000][3247.248s][info ][gc,phases     ] GC(84)   Other: 1.1ms
[2023-12-02T16:26:16.177+0000][3247.248s][info ][gc,heap       ] GC(84) Eden regions: 173->0(174)
[2023-12-02T16:26:16.177+0000][3247.248s][info ][gc,heap       ] GC(84) Survivor regions: 2->2(22)
[2023-12-02T16:26:16.177+0000][3247.249s][info ][gc,heap       ] GC(84) Old regions: 149->149
[2023-12-02T16:26:16.178+0000][3247.249s][info ][gc,heap       ] GC(84) Humongous regions: 50->50
[2023-12-02T16:26:16.178+0000][3247.249s][info ][gc,metaspace  ] GC(84) Metaspace: 174803K(194588K)->174803K(194588K) NonClass: 154871K(170784K)->154871K(170784K) Class: 19931K(23804K)->19931K(23804K)
[2023-12-02T16:26:16.178+0000][3247.249s][info ][gc            ] GC(84) Pause Young (Concurrent Start) (G1 Humongous Allocation) 371M->198M(427M) 11.508ms
[2023-12-02T16:26:16.178+0000][3247.250s][info ][gc,cpu        ] GC(84) User=0.03s Sys=0.00s Real=0.01s
[2023-12-02T16:26:16.179+0000][3247.250s][info ][safepoint     ] Leaving safepoint region
[2023-12-02T16:26:16.179+0000][3247.250s][info ][safepoint     ] Total time for which application threads were stopped: 0.0129854 seconds, Stopping threads took: 0.0004564 seconds
[2023-12-02T16:26:16.179+0000][3247.250s][info ][gc            ] GC(85) Concurrent Cycle
[2023-12-02T16:26:16.179+0000][3247.250s][info ][gc,stringdedup] Concurrent String Deduplication (3247.250s)
[2023-12-02T16:26:16.179+0000][3247.251s][info ][gc,marking    ] GC(85) Concurrent Clear Claimed Marks
[2023-12-02T16:26:16.180+0000][3247.251s][info ][gc,stringdedup] Concurrent String Deduplication 408.0B->168.0B(240.0B) avg 52.7% (3247.250s, 3247.251s) 0.494ms
[2023-12-02T16:26:16.180+0000][3247.252s][info ][gc,marking    ] GC(85) Concurrent Clear Claimed Marks 1.058ms
[2023-12-02T16:26:16.181+0000][3247.252s][info ][gc,marking    ] GC(85) Concurrent Scan Root Regions
[2023-12-02T16:26:16.184+0000][3247.255s][info ][gc,marking    ] GC(85) Concurrent Scan Root Regions 3.434ms
[2023-12-02T16:26:16.184+0000][3247.256s][info ][gc,marking    ] GC(85) Concurrent Mark (3247.256s)
[2023-12-02T16:26:16.185+0000][3247.256s][info ][gc,marking    ] GC(85) Concurrent Mark From Roots
[2023-12-02T16:26:16.186+0000][3247.257s][info ][gc,task       ] GC(85) Using 2 workers of 2 for marking
[2023-12-02T16:26:16.284+0000][3247.355s][info ][gc,marking    ] GC(85) Concurrent Mark From Roots 98.928ms
[2023-12-02T16:26:16.284+0000][3247.356s][info ][gc,marking    ] GC(85) Concurrent Preclean
[2023-12-02T16:26:16.285+0000][3247.356s][info ][gc,marking    ] GC(85) Concurrent Preclean 0.654ms
[2023-12-02T16:26:16.286+0000][3247.357s][info ][gc,marking    ] GC(85) Concurrent Mark (3247.256s, 3247.357s) 101.176ms
[2023-12-02T16:26:16.286+0000][3247.357s][debug][safepoint     ] Safepoint synchronization initiated. (207 threads)
[2023-12-02T16:26:16.286+0000][3247.358s][info ][safepoint     ] Application time: 0.1073101 seconds
[2023-12-02T16:26:16.287+0000][3247.358s][info ][safepoint     ] Entering safepoint region: CGC_Operation
[2023-12-02T16:26:16.287+0000][3247.358s][info ][gc,start      ] GC(85) Pause Remark
[2023-12-02T16:26:16.314+0000][3247.385s][info ][gc,stringtable] GC(85) Cleaned string and symbol table, strings: 72947 processed, 102 removed, symbols: 415258 processed, 63 removed
[2023-12-02T16:26:16.315+0000][3247.386s][info ][gc            ] GC(85) Pause Remark 207M->207M(427M) 27.728ms
[2023-12-02T16:26:16.315+0000][3247.387s][info ][gc,cpu        ] GC(85) User=0.17s Sys=0.00s Real=0.03s
[2023-12-02T16:26:16.316+0000][3247.387s][info ][safepoint     ] Leaving safepoint region
[2023-12-02T16:26:16.316+0000][3247.387s][info ][safepoint     ] Total time for which application threads were stopped: 0.0295178 seconds, Stopping threads took: 0.0003386 seconds
[2023-12-02T16:26:16.317+0000][3247.388s][info ][gc,marking    ] GC(85) Concurrent Rebuild Remembered Sets
[2023-12-02T16:26:16.388+0000][3247.459s][info ][gc,marking    ] GC(85) Concurrent Rebuild Remembered Sets 70.959ms
[2023-12-02T16:26:16.388+0000][3247.459s][debug][safepoint     ] Safepoint synchronization initiated. (207 threads)
[2023-12-02T16:26:16.388+0000][3247.460s][info ][safepoint     ] Application time: 0.0720292 seconds
[2023-12-02T16:26:16.389+0000][3247.460s][info ][safepoint     ] Entering safepoint region: CGC_Operation
[2023-12-02T16:26:16.390+0000][3247.461s][info ][gc,start      ] GC(85) Pause Cleanup
[2023-12-02T16:26:16.390+0000][3247.462s][info ][gc            ] GC(85) Pause Cleanup 207M->207M(427M) 0.722ms
[2023-12-02T16:26:16.391+0000][3247.462s][info ][gc,cpu        ] GC(85) User=0.00s Sys=0.00s Real=0.01s
[2023-12-02T16:26:16.391+0000][3247.462s][info ][safepoint     ] Leaving safepoint region
[2023-12-02T16:26:16.391+0000][3247.463s][info ][safepoint     ] Total time for which application threads were stopped: 0.0025277 seconds, Stopping threads took: 0.0004600 seconds
[2023-12-02T16:26:16.392+0000][3247.463s][info ][gc,marking    ] GC(85) Concurrent Cleanup for Next Mark
[2023-12-02T16:26:16.396+0000][3247.468s][info ][gc,marking    ] GC(85) Concurrent Cleanup for Next Mark 4.577ms
[2023-12-02T16:26:16.397+0000][3247.468s][info ][gc            ] GC(85) Concurrent Cycle 218.159ms
[2023-12-02T16:26:16.772+0000][3247.843s][debug][safepoint     ] Safepoint synchronization initiated. (207 threads)
[2023-12-02T16:26:16.773+0000][3247.844s][info ][safepoint     ] Application time: 0.3809166 seconds
[2023-12-02T16:26:16.773+0000][3247.845s][info ][safepoint     ] Entering safepoint region: ICBufferFull
[2023-12-02T16:26:16.774+0000][3247.846s][info ][safepoint     ] Leaving safepoint region
[2023-12-02T16:26:16.775+0000][3247.846s][info ][safepoint     ] Total time for which application threads were stopped: 0.0015279 seconds, Stopping threads took: 0.0006997 seconds
[2023-12-02T16:26:17.776+0000][3248.847s][debug][safepoint     ] Safepoint synchronization initiated. (207 threads)
[2023-12-02T16:26:17.776+0000][3248.848s][info ][safepoint     ] Application time: 1.0011328 seconds
[2023-12-02T16:26:17.777+0000][3248.848s][info ][safepoint     ] Entering safepoint region: Cleanup
[2023-12-02T16:26:17.778+0000][3248.849s][info ][safepoint     ] Leaving safepoint region
[2023-12-02T16:26:17.779+0000][3248.850s][info ][safepoint     ] Total time for which application threads were stopped: 0.0017596 seconds, Stopping threads took: 0.0007387 seconds
[2023-12-02T16:26:18.780+0000][3249.851s][debug][safepoint     ] Safepoint synchronization initiated. (207 threads)
[2023-12-02T16:26:18.780+0000][3249.852s][info ][safepoint     ] Application time: 1.0010064 seconds
[2023-12-02T16:26:18.781+0000][3249.852s][info ][safepoint     ] Entering safepoint region: Cleanup
[2023-12-02T16:26:18.782+0000][3249.853s][info ][safepoint     ] Leaving safepoint region
[2023-12-02T16:26:18.782+0000][3249.854s][info ][safepoint     ] Total time for which application threads were stopped: 0.0015819 seconds, Stopping threads took: 0.0006732 seconds
[2023-12-02T16:26:19.783+0000][3250.854s][debug][safepoint     ] Safepoint synchronization initiated. (207 threads)
[2023-12-02T16:26:19.784+0000][3250.855s][info ][safepoint     ] Application time: 1.0007932 seconds
[2023-12-02T16:26:19.784+0000][3250.856s][info ][safepoint     ] Entering safepoint region: Cleanup
[2023-12-02T16:26:19.785+0000][3250.857s][info ][safepoint     ] Leaving safepoint region
[2023-12-02T16:26:19.786+0000][3250.857s][info ][safepoint     ] Total time for which application threads were stopped: 0.0015628 seconds, Stopping threads took: 0.0006943 seconds
[2023-12-02T16:26:20.787+0000][3251.858s][debug][safepoint     ] Safepoint synchronization initiated. (207 threads)
[2023-12-02T16:26:20.788+0000][3251.859s][info ][safepoint     ] Application time: 1.0012799 seconds
[2023-12-02T16:26:20.788+0000][3251.860s][info ][safepoint     ] Entering safepoint region: Cleanup
[2023-12-02T16:26:20.790+0000][3251.861s][info ][safepoint     ] Leaving safepoint region
[2023-12-02T16:26:20.790+0000][3251.862s][info ][safepoint     ] Total time for which application threads were stopped: 0.0018856 seconds, Stopping threads took: 0.0008499 seconds
[2023-12-02T16:26:21.791+0000][3252.862s][debug][safepoint     ] Safepoint synchronization initiated. (207 threads)
[2023-12-02T16:26:21.792+0000][3252.863s][info ][safepoint     ] Application time: 1.0011805 seconds
[2023-12-02T16:26:21.793+0000][3252.864s][info ][safepoint     ] Entering safepoint region: Cleanup
[2023-12-02T16:26:21.794+0000][3252.865s][info ][safepoint     ] Leaving safepoint region
[2023-12-02T16:26:21.794+0000][3252.866s][info ][safepoint     ] Total time for which application threads were stopped: 0.0016958 seconds, Stopping threads took: 0.0006484 seconds
[2023-12-02T16:26:22.795+0000][3253.867s][debug][safepoint     ] Safepoint synchronization initiated. (207 threads)
[2023-12-02T16:26:22.796+0000][3253.867s][info ][safepoint     ] Application time: 1.0009932 seconds
[2023-12-02T16:26:22.797+0000][3253.868s][info ][safepoint     ] Entering safepoint region: Cleanup
[2023-12-02T16:26:22.798+0000][3253.869s][info ][safepoint     ] Leaving safepoint region
[2023-12-02T16:26:22.798+0000][3253.869s][info ][safepoint     ] Total time for which application threads were stopped: 0.0013417 seconds, Stopping threads took: 0.0006513 seconds
[2023-12-02T16:26:23.799+0000][3254.870s][debug][safepoint     ] Safepoint synchronization initiated. (207 threads)
[2023-12-02T16:26:23.799+0000][3254.871s][info ][safepoint     ] Application time: 1.0008020 seconds
[2023-12-02T16:26:23.800+0000][3254.871s][info ][safepoint     ] Entering safepoint region: Cleanup
[2023-12-02T16:26:23.800+0000][3254.872s][info ][safepoint     ] Leaving safepoint region
[2023-12-02T16:26:23.801+0000][3254.872s][info ][safepoint     ] Total time for which application threads were stopped: 0.0010205 seconds, Stopping threads took: 0.0004737 seconds
[2023-12-02T16:26:24.801+0000][3255.873s][debug][safepoint     ] Safepoint synchronization initiated. (207 threads)
[2023-12-02T16:26:24.802+0000][3255.873s][info ][safepoint     ] Application time: 1.0009216 seconds
[2023-12-02T16:26:24.803+0000][3255.874s][info ][safepoint     ] Entering safepoint region: Cleanup
[2023-12-02T16:26:24.804+0000][3255.875s][info ][safepoint     ] Leaving safepoint region
[2023-12-02T16:26:24.804+0000][3255.875s][info ][safepoint     ] Total time for which application threads were stopped: 0.0014812 seconds, Stopping threads took: 0.0007441 seconds
[2023-12-02T16:26:25.805+0000][3256.876s][debug][safepoint     ] Safepoint synchronization initiated. (207 threads)
[2023-12-02T16:26:25.806+0000][3256.877s][info ][safepoint     ] Application time: 1.0013407 seconds
[2023-12-02T16:26:25.807+0000][3256.878s][info ][safepoint     ] Entering safepoint region: Cleanup
[2023-12-02T16:26:25.808+0000][3256.879s][info ][safepoint     ] Leaving safepoint region
[2023-12-02T16:26:25.809+0000][3256.880s][info ][safepoint     ] Total time for which application threads were stopped: 0.0020612 seconds, Stopping threads took: 0.0008937 seconds
[2023-12-02T16:26:26.810+0000][3257.881s][debug][safepoint     ] Safepoint synchronization initiated. (207 threads)
[2023-12-02T16:26:26.811+0000][3257.882s][info ][safepoint     ] Application time: 1.0011261 seconds
[2023-12-02T16:26:26.811+0000][3257.883s][info ][safepoint     ] Entering safepoint region: Cleanup
[2023-12-02T16:26:26.812+0000][3257.884s][info ][safepoint     ] Leaving safepoint region
[2023-12-02T16:26:26.813+0000][3257.884s][info ][safepoint     ] Total time for which application threads were stopped: 0.0015146 seconds, Stopping threads took: 0.0006106 seconds
[2023-12-02T16:26:27.814+0000][3258.885s][debug][safepoint     ] Safepoint synchronization initiated. (207 threads)
[2023-12-02T16:26:27.815+0000][3258.886s][info ][safepoint     ] Application time: 1.0014640 seconds
[2023-12-02T16:26:27.816+0000][3258.887s][info ][safepoint     ] Entering safepoint region: Cleanup
[2023-12-02T16:26:27.817+0000][3258.888s][info ][safepoint     ] Leaving safepoint region
[2023-12-02T16:26:27.818+0000][3258.889s][info ][safepoint     ] Total time for which application threads were stopped: 0.0020556 seconds, Stopping threads took: 0.0007945 seconds
[2023-12-02T16:26:28.819+0000][3259.890s][debug][safepoint     ] Safepoint synchronization initiated. (207 threads)
[2023-12-02T16:26:28.820+0000][3259.891s][info ][safepoint     ] Application time: 1.0012137 seconds
[2023-12-02T16:26:28.821+0000][3259.892s][info ][safepoint     ] Entering safepoint region: Cleanup
[2023-12-02T16:26:28.822+0000][3259.893s][info ][safepoint     ] Leaving safepoint region
[2023-12-02T16:26:28.822+0000][3259.894s][info ][safepoint     ] Total time for which application threads were stopped: 0.0019850 seconds, Stopping threads took: 0.0008393 seconds
[2023-12-02T16:26:29.823+0000][3260.895s][debug][safepoint     ] Safepoint synchronization initiated. (207 threads)
[2023-12-02T16:26:29.824+0000][3260.896s][info ][safepoint     ] Application time: 1.0012522 seconds
[2023-12-02T16:26:29.825+0000][3260.896s][info ][safepoint     ] Entering safepoint region: Cleanup
[2023-12-02T16:26:29.827+0000][3260.898s][info ][safepoint     ] Leaving safepoint region
[2023-12-02T16:26:29.827+0000][3260.899s][info ][safepoint     ] Total time for which application threads were stopped: 0.0021170 seconds, Stopping threads took: 0.0008429 seconds
[2023-12-02T16:26:30.828+0000][3261.900s][debug][safepoint     ] Safepoint synchronization initiated. (207 threads)
[2023-12-02T16:26:30.829+0000][3261.900s][info ][safepoint     ] Application time: 1.0011812 seconds
[2023-12-02T16:26:30.830+0000][3261.901s][info ][safepoint     ] Entering safepoint region: Cleanup
[2023-12-02T16:26:30.831+0000][3261.903s][info ][safepoint     ] Leaving safepoint region
[2023-12-02T16:26:30.832+0000][3261.903s][info ][safepoint     ] Total time for which application threads were stopped: 0.0020023 seconds, Stopping threads took: 0.0007494 seconds
[2023-12-02T16:26:31.833+0000][3262.904s][debug][safepoint     ] Safepoint synchronization initiated. (207 threads)
[2023-12-02T16:26:31.834+0000][3262.905s][info ][safepoint     ] Application time: 1.0012929 seconds
[2023-12-02T16:26:31.835+0000][3262.906s][info ][safepoint     ] Entering safepoint region: Cleanup
[2023-12-02T16:26:31.836+0000][3262.908s][info ][safepoint     ] Leaving safepoint region
[2023-12-02T16:26:31.837+0000][3262.909s][info ][safepoint     ] Total time for which application threads were stopped: 0.0023002 seconds, Stopping threads took: 0.0010189 seconds
[2023-12-02T16:26:32.838+0000][3263.909s][debug][safepoint     ] Safepoint synchronization initiated. (207 threads)
[2023-12-02T16:26:32.839+0000][3263.910s][info ][safepoint     ] Application time: 1.0010835 seconds
[2023-12-02T16:26:32.840+0000][3263.911s][info ][safepoint     ] Entering safepoint region: Cleanup
[2023-12-02T16:26:32.841+0000][3263.912s][info ][safepoint     ] Leaving safepoint region
[2023-12-02T16:26:32.841+0000][3263.913s][info ][safepoint     ] Total time for which application threads were stopped: 0.0018028 seconds, Stopping threads took: 0.0007141 seconds
[2023-12-02T16:26:33.842+0000][3264.914s][debug][safepoint     ] Safepoint synchronization initiated. (207 threads)
[2023-12-02T16:26:33.843+0000][3264.915s][info ][safepoint     ] Application time: 1.0011637 seconds
[2023-12-02T16:26:33.844+0000][3264.915s][info ][safepoint     ] Entering safepoint region: Cleanup
[2023-12-02T16:26:33.845+0000][3264.916s][info ][safepoint     ] Leaving safepoint region
[2023-12-02T16:26:33.846+0000][3264.917s][info ][safepoint     ] Total time for which application threads were stopped: 0.0017149 seconds, Stopping threads took: 0.0006832 seconds
[2023-12-02T16:26:34.846+0000][3265.918s][debug][safepoint     ] Safepoint synchronization initiated. (207 threads)
[2023-12-02T16:26:34.847+0000][3265.918s][info ][safepoint     ] Application time: 1.0009568 seconds
[2023-12-02T16:26:34.848+0000][3265.919s][info ][safepoint     ] Entering safepoint region: Cleanup
[2023-12-02T16:26:34.849+0000][3265.920s][info ][safepoint     ] Leaving safepoint region
[2023-12-02T16:26:34.849+0000][3265.920s][info ][safepoint     ] Total time for which application threads were stopped: 0.0013173 seconds, Stopping threads took: 0.0005572 seconds
[2023-12-02T16:26:35.850+0000][3266.921s][debug][safepoint     ] Safepoint synchronization initiated. (207 threads)
[2023-12-02T16:26:35.851+0000][3266.922s][info ][safepoint     ] Application time: 1.0014067 seconds
[2023-12-02T16:26:35.852+0000][3266.923s][info ][safepoint     ] Entering safepoint region: Cleanup
[2023-12-02T16:26:35.853+0000][3266.925s][info ][safepoint     ] Leaving safepoint region
[2023-12-02T16:26:35.854+0000][3266.925s][info ][safepoint     ] Total time for which application threads were stopped: 0.0022806 seconds, Stopping threads took: 0.0009609 seconds
[2023-12-02T16:26:36.855+0000][3267.926s][debug][safepoint     ] Safepoint synchronization initiated. (207 threads)
[2023-12-02T16:26:36.856+0000][3267.927s][info ][safepoint     ] Application time: 1.0014715 seconds
[2023-12-02T16:26:36.857+0000][3267.928s][info ][safepoint     ] Entering safepoint region: Cleanup
[2023-12-02T16:26:36.858+0000][3267.930s][info ][safepoint     ] Leaving safepoint region
[2023-12-02T16:26:36.859+0000][3267.930s][info ][safepoint     ] Total time for which application threads were stopped: 0.0018681 seconds, Stopping threads took: 0.0006988 seconds
[2023-12-02T16:26:37.860+0000][3268.931s][debug][safepoint     ] Safepoint synchronization initiated. (207 threads)
[2023-12-02T16:26:37.861+0000][3268.932s][info ][safepoint     ] Application time: 1.0010734 seconds
[2023-12-02T16:26:37.862+0000][3268.933s][info ][safepoint     ] Entering safepoint region: Cleanup
[2023-12-02T16:26:37.863+0000][3268.934s][info ][safepoint     ] Leaving safepoint region
[2023-12-02T16:26:37.863+0000][3268.935s][info ][safepoint     ] Total time for which application threads were stopped: 0.0017459 seconds, Stopping threads took: 0.0007473 seconds
[2023-12-02T16:26:38.864+0000][3269.935s][debug][safepoint     ] Safepoint synchronization initiated. (207 threads)
[2023-12-02T16:26:38.865+0000][3269.936s][info ][safepoint     ] Application time: 1.0011653 seconds
[2023-12-02T16:26:38.866+0000][3269.937s][info ][safepoint     ] Entering safepoint region: Cleanup
[2023-12-02T16:26:38.866+0000][3269.938s][info ][safepoint     ] Leaving safepoint region
[2023-12-02T16:26:38.867+0000][3269.938s][info ][safepoint     ] Total time for which application threads were stopped: 0.0012351 seconds, Stopping threads took: 0.0006700 seconds
[2023-12-02T16:26:39.868+0000][3270.939s][debug][safepoint     ] Safepoint synchronization initiated. (207 threads)
[2023-12-02T16:26:39.869+0000][3270.940s][info ][safepoint     ] Application time: 1.0013594 seconds
[2023-12-02T16:26:39.869+0000][3270.941s][info ][safepoint     ] Entering safepoint region: Cleanup
[2023-12-02T16:26:39.871+0000][3270.942s][info ][safepoint     ] Leaving safepoint region
[2023-12-02T16:26:39.871+0000][3270.942s][info ][safepoint     ] Total time for which application threads were stopped: 0.0017407 seconds, Stopping threads took: 0.0008533 seconds
[2023-12-02T16:26:40.872+0000][3271.943s][debug][safepoint     ] Safepoint synchronization initiated. (207 threads)
[2023-12-02T16:26:40.872+0000][3271.944s][info ][safepoint     ] Application time: 1.0006710 seconds
[2023-12-02T16:26:40.873+0000][3271.944s][info ][safepoint     ] Entering safepoint region: Cleanup
[2023-12-02T16:26:40.874+0000][3271.945s][info ][safepoint     ] Leaving safepoint region
[2023-12-02T16:26:40.874+0000][3271.945s][info ][safepoint     ] Total time for which application threads were stopped: 0.0012489 seconds, Stopping threads took: 0.0005178 seconds
[2023-12-02T16:26:41.875+0000][3272.946s][debug][safepoint     ] Safepoint synchronization initiated. (207 threads)
[2023-12-02T16:26:41.876+0000][3272.947s][info ][safepoint     ] Application time: 1.0009703 seconds
[2023-12-02T16:26:41.876+0000][3272.947s][info ][safepoint     ] Entering safepoint region: Cleanup
[2023-12-02T16:26:41.877+0000][3272.949s][info ][safepoint     ] Leaving safepoint region
[2023-12-02T16:26:41.878+0000][3272.949s][info ][safepoint     ] Total time for which application threads were stopped: 0.0016084 seconds, Stopping threads took: 0.0007947 seconds
[2023-12-02T16:26:42.878+0000][3273.950s][debug][safepoint     ] Safepoint synchronization initiated. (207 threads)
[2023-12-02T16:26:42.879+0000][3273.950s][info ][safepoint     ] Application time: 1.0007590 seconds
[2023-12-02T16:26:42.879+0000][3273.951s][info ][safepoint     ] Entering safepoint region: Cleanup
[2023-12-02T16:26:42.880+0000][3273.951s][info ][safepoint     ] Leaving safepoint region
[2023-12-02T16:26:42.880+0000][3273.952s][info ][safepoint     ] Total time for which application threads were stopped: 0.0011390 seconds, Stopping threads took: 0.0004871 seconds
[2023-12-02T16:26:43.881+0000][3274.952s][debug][safepoint     ] Safepoint synchronization initiated. (207 threads)
[2023-12-02T16:26:43.881+0000][3274.953s][info ][safepoint     ] Application time: 1.0003670 seconds
[2023-12-02T16:26:43.882+0000][3274.953s][info ][safepoint     ] Entering safepoint region: Cleanup
[2023-12-02T16:26:43.882+0000][3274.953s][info ][safepoint     ] Leaving safepoint region
[2023-12-02T16:26:43.882+0000][3274.953s][info ][safepoint     ] Total time for which application threads were stopped: 0.0005814 seconds, Stopping threads took: 0.0002316 seconds
[2023-12-02T16:26:44.883+0000][3275.954s][debug][safepoint     ] Safepoint synchronization initiated. (207 threads)
[2023-12-02T16:26:44.884+0000][3275.955s][info ][safepoint     ] Application time: 1.0013584 seconds
[2023-12-02T16:26:44.885+0000][3275.956s][info ][safepoint     ] Entering safepoint region: Cleanup
[2023-12-02T16:26:44.886+0000][3275.957s][info ][safepoint     ] Leaving safepoint region
[2023-12-02T16:26:44.887+0000][3275.958s][info ][safepoint     ] Total time for which application threads were stopped: 0.0021846 seconds, Stopping threads took: 0.0009342 seconds
[2023-12-02T16:26:45.888+0000][3276.959s][debug][safepoint     ] Safepoint synchronization initiated. (207 threads)
[2023-12-02T16:26:45.889+0000][3276.960s][info ][safepoint     ] Application time: 1.0012808 seconds
[2023-12-02T16:26:45.890+0000][3276.961s][info ][safepoint     ] Entering safepoint region: Cleanup
[2023-12-02T16:26:45.891+0000][3276.962s][info ][safepoint     ] Leaving safepoint region
[2023-12-02T16:26:45.892+0000][3276.963s][info ][safepoint     ] Total time for which application threads were stopped: 0.0021006 seconds, Stopping threads took: 0.0008714 seconds
[2023-12-02T16:26:46.893+0000][3277.964s][debug][safepoint     ] Safepoint synchronization initiated. (207 threads)
[2023-12-02T16:26:46.894+0000][3277.965s][info ][safepoint     ] Application time: 1.0013078 seconds
[2023-12-02T16:26:46.895+0000][3277.966s][info ][safepoint     ] Entering safepoint region: Cleanup
[2023-12-02T16:26:46.896+0000][3277.967s][info ][safepoint     ] Leaving safepoint region
[2023-12-02T16:26:46.897+0000][3277.968s][info ][safepoint     ] Total time for which application threads were stopped: 0.0020051 seconds, Stopping threads took: 0.0008466 seconds
[2023-12-02T16:26:47.898+0000][3278.969s][debug][safepoint     ] Safepoint synchronization initiated. (207 threads)
[2023-12-02T16:26:47.899+0000][3278.970s][info ][safepoint     ] Application time: 1.0013469 seconds
[2023-12-02T16:26:47.900+0000][3278.971s][info ][safepoint     ] Entering safepoint region: Cleanup
[2023-12-02T16:26:47.901+0000][3278.973s][info ][safepoint     ] Leaving safepoint region
[2023-12-02T16:26:47.902+0000][3278.973s][info ][safepoint     ] Total time for which application threads were stopped: 0.0022368 seconds, Stopping threads took: 0.0009039 seconds
[2023-12-02T16:26:48.903+0000][3279.974s][debug][safepoint     ] Safepoint synchronization initiated. (207 threads)
[2023-12-02T16:26:48.904+0000][3279.975s][info ][safepoint     ] Application time: 1.0014434 seconds
[2023-12-02T16:26:48.905+0000][3279.976s][info ][safepoint     ] Entering safepoint region: Cleanup
[2023-12-02T16:26:48.906+0000][3279.977s][info ][safepoint     ] Leaving safepoint region
[2023-12-02T16:26:48.907+0000][3279.978s][info ][safepoint     ] Total time for which application threads were stopped: 0.0018364 seconds, Stopping threads took: 0.0007908 seconds
[2023-12-02T16:26:49.908+0000][3280.979s][debug][safepoint     ] Safepoint synchronization initiated. (207 threads)
[2023-12-02T16:26:49.908+0000][3280.980s][info ][safepoint     ] Application time: 1.0009435 seconds
[2023-12-02T16:26:49.909+0000][3280.980s][debug][safepoint     ] ... found polling page return exception at pc = 0x00007f43fcb063cf, stub =0x00007f43f4840600
[2023-12-02T16:26:49.909+0000][3280.980s][debug][safepoint     ] ... found polling page loop exception at pc = 0x00007f43fd4bb797, stub =0x00007f43f4843680
[2023-12-02T16:26:49.910+0000][3280.981s][debug][safepoint     ] Waiting for 3 thread(s) to block
[2023-12-02T16:26:49.911+0000][3280.982s][info ][safepoint     ] Entering safepoint region: Cleanup
[2023-12-02T16:26:49.911+0000][3280.982s][info ][safepoint     ] Leaving safepoint region
[2023-12-02T16:26:49.911+0000][3280.983s][info ][safepoint     ] Total time for which application threads were stopped: 0.0025995 seconds, Stopping threads took: 0.0020404 seconds
[2023-12-02T16:26:50.912+0000][3281.983s][debug][safepoint     ] Safepoint synchronization initiated. (207 threads)
[2023-12-02T16:26:50.913+0000][3281.984s][info ][safepoint     ] Application time: 1.0011048 seconds
[2023-12-02T16:26:50.914+0000][3281.985s][info ][safepoint     ] Entering safepoint region: Cleanup
[2023-12-02T16:26:50.915+0000][3281.986s][info ][safepoint     ] Leaving safepoint region
[2023-12-02T16:26:50.915+0000][3281.987s][info ][safepoint     ] Total time for which application threads were stopped: 0.0016978 seconds, Stopping threads took: 0.0008187 seconds
[2023-12-02T16:26:51.917+0000][3282.988s][debug][safepoint     ] Safepoint synchronization initiated. (207 threads)
[2023-12-02T16:26:51.918+0000][3282.989s][info ][safepoint     ] Application time: 1.0013830 seconds
[2023-12-02T16:26:51.918+0000][3282.990s][info ][safepoint     ] Entering safepoint region: Cleanup
[2023-12-02T16:26:51.919+0000][3282.991s][info ][safepoint     ] Leaving safepoint region
[2023-12-02T16:26:51.920+0000][3282.991s][info ][safepoint     ] Total time for which application threads were stopped: 0.0017628 seconds, Stopping threads took: 0.0007004 seconds
[2023-12-02T16:26:52.921+0000][3283.992s][debug][safepoint     ] Safepoint synchronization initiated. (207 threads)
[2023-12-02T16:26:52.922+0000][3283.993s][info ][safepoint     ] Application time: 1.0011469 seconds
[2023-12-02T16:26:52.923+0000][3283.994s][info ][safepoint     ] Entering safepoint region: Cleanup
[2023-12-02T16:26:52.923+0000][3283.995s][info ][safepoint     ] Leaving safepoint region
[2023-12-02T16:26:52.924+0000][3283.995s][info ][safepoint     ] Total time for which application threads were stopped: 0.0016336 seconds, Stopping threads took: 0.0006968 seconds
[2023-12-02T16:26:53.925+0000][3284.996s][debug][safepoint     ] Safepoint synchronization initiated. (207 threads)
[2023-12-02T16:26:53.926+0000][3284.997s][info ][safepoint     ] Application time: 1.0009233 seconds
[2023-12-02T16:26:53.926+0000][3284.997s][info ][safepoint     ] Entering safepoint region: Cleanup
[2023-12-02T16:26:53.927+0000][3284.998s][info ][safepoint     ] Leaving safepoint region
[2023-12-02T16:26:53.928+0000][3284.999s][info ][safepoint     ] Total time for which application threads were stopped: 0.0020834 seconds, Stopping threads took: 0.0004501 seconds
[2023-12-02T16:26:54.929+0000][3286.000s][debug][safepoint     ] Safepoint synchronization initiated. (207 threads)
[2023-12-02T16:26:54.930+0000][3286.001s][info ][safepoint     ] Application time: 1.0008171 seconds
[2023-12-02T16:26:54.930+0000][3286.001s][info ][safepoint     ] Entering safepoint region: Cleanup
[2023-12-02T16:26:54.931+0000][3286.002s][info ][safepoint     ] Leaving safepoint region
[2023-12-02T16:26:54.931+0000][3286.002s][info ][safepoint     ] Total time for which application threads were stopped: 0.0011125 seconds, Stopping threads took: 0.0004455 seconds
[2023-12-02T16:26:55.932+0000][3287.003s][debug][safepoint     ] Safepoint synchronization initiated. (207 threads)
[2023-12-02T16:26:55.932+0000][3287.004s][info ][safepoint     ] Application time: 1.0008713 seconds
[2023-12-02T16:26:55.933+0000][3287.004s][info ][safepoint     ] Entering safepoint region: Cleanup
[2023-12-02T16:26:55.934+0000][3287.005s][info ][safepoint     ] Leaving safepoint region
[2023-12-02T16:26:55.935+0000][3287.006s][info ][safepoint     ] Total time for which application threads were stopped: 0.0017459 seconds, Stopping threads took: 0.0006814 seconds
[2023-12-02T16:26:56.936+0000][3288.007s][debug][safepoint     ] Safepoint synchronization initiated. (207 threads)
[2023-12-02T16:26:56.936+0000][3288.007s][info ][safepoint     ] Application time: 1.0008111 seconds
[2023-12-02T16:26:56.937+0000][3288.008s][info ][safepoint     ] Entering safepoint region: Cleanup
[2023-12-02T16:26:56.938+0000][3288.009s][info ][safepoint     ] Leaving safepoint region
[2023-12-02T16:26:56.938+0000][3288.009s][info ][safepoint     ] Total time for which application threads were stopped: 0.0012868 seconds, Stopping threads took: 0.0006469 seconds
[2023-12-02T16:26:57.939+0000][3289.010s][debug][safepoint     ] Safepoint synchronization initiated. (207 threads)
[2023-12-02T16:26:57.940+0000][3289.011s][info ][safepoint     ] Application time: 1.0015332 seconds
[2023-12-02T16:26:57.940+0000][3289.012s][info ][safepoint     ] Entering safepoint region: Cleanup
[2023-12-02T16:26:57.941+0000][3289.012s][info ][safepoint     ] Leaving safepoint region
[2023-12-02T16:26:57.942+0000][3289.013s][info ][safepoint     ] Total time for which application threads were stopped: 0.0011161 seconds, Stopping threads took: 0.0006085 seconds
[2023-12-02T16:26:58.942+0000][3290.013s][debug][safepoint     ] Safepoint synchronization initiated. (207 threads)
[2023-12-02T16:26:58.943+0000][3290.014s][info ][safepoint     ] Application time: 1.0009485 seconds
[2023-12-02T16:26:58.943+0000][3290.015s][info ][safepoint     ] Entering safepoint region: Cleanup
[2023-12-02T16:26:58.944+0000][3290.015s][info ][safepoint     ] Leaving safepoint region
[2023-12-02T16:26:58.945+0000][3290.016s][info ][safepoint     ] Total time for which application threads were stopped: 0.0012407 seconds, Stopping threads took: 0.0006673 seconds
[2023-12-02T16:26:59.945+0000][3291.016s][debug][safepoint     ] Safepoint synchronization initiated. (207 threads)
[2023-12-02T16:26:59.945+0000][3291.016s][info ][safepoint     ] Application time: 1.0004207 seconds
[2023-12-02T16:26:59.946+0000][3291.017s][info ][safepoint     ] Entering safepoint region: Cleanup
[2023-12-02T16:26:59.946+0000][3291.017s][info ][safepoint     ] Leaving safepoint region
[2023-12-02T16:26:59.946+0000][3291.017s][info ][safepoint     ] Total time for which application threads were stopped: 0.0007049 seconds, Stopping threads took: 0.0002226 seconds
[2023-12-02T16:27:00.947+0000][3292.018s][debug][safepoint     ] Safepoint synchronization initiated. (207 threads)
[2023-12-02T16:27:00.947+0000][3292.018s][info ][safepoint     ] Application time: 1.0008597 seconds
[2023-12-02T16:27:00.948+0000][3292.019s][info ][safepoint     ] Entering safepoint region: Cleanup
[2023-12-02T16:27:00.949+0000][3292.020s][info ][safepoint     ] Leaving safepoint region
[2023-12-02T16:27:00.949+0000][3292.020s][info ][safepoint     ] Total time for which application threads were stopped: 0.0012193 seconds, Stopping threads took: 0.0005527 seconds
[2023-12-02T16:27:01.950+0000][3293.021s][debug][safepoint     ] Safepoint synchronization initiated. (207 threads)
[2023-12-02T16:27:01.950+0000][3293.021s][info ][safepoint     ] Application time: 1.0005375 seconds
[2023-12-02T16:27:01.950+0000][3293.021s][info ][safepoint     ] Entering safepoint region: Cleanup
[2023-12-02T16:27:01.951+0000][3293.022s][info ][safepoint     ] Leaving safepoint region
[2023-12-02T16:27:01.951+0000][3293.022s][info ][safepoint     ] Total time for which application threads were stopped: 0.0007624 seconds, Stopping threads took: 0.0003192 seconds
[2023-12-02T16:27:02.951+0000][3294.023s][debug][safepoint     ] Safepoint synchronization initiated. (207 threads)
[2023-12-02T16:27:02.952+0000][3294.023s][info ][safepoint     ] Application time: 1.0005602 seconds
[2023-12-02T16:27:02.952+0000][3294.023s][info ][safepoint     ] Entering safepoint region: Cleanup
[2023-12-02T16:27:02.953+0000][3294.024s][info ][safepoint     ] Leaving safepoint region
[2023-12-02T16:27:02.953+0000][3294.024s][info ][safepoint     ] Total time for which application threads were stopped: 0.0007926 seconds, Stopping threads took: 0.0003493 seconds
[2023-12-02T16:27:03.953+0000][3295.024s][debug][safepoint     ] Safepoint synchronization initiated. (207 threads)
[2023-12-02T16:27:03.954+0000][3295.025s][info ][safepoint     ] Application time: 1.0005498 seconds
[2023-12-02T16:27:03.954+0000][3295.025s][info ][safepoint     ] Entering safepoint region: Cleanup
[2023-12-02T16:27:03.954+0000][3295.026s][info ][safepoint     ] Leaving safepoint region
[2023-12-02T16:27:03.955+0000][3295.026s][info ][safepoint     ] Total time for which application threads were stopped: 0.0008042 seconds, Stopping threads took: 0.0003362 seconds
[2023-12-02T16:27:04.955+0000][3296.026s][debug][safepoint     ] Safepoint synchronization initiated. (207 threads)
[2023-12-02T16:27:04.956+0000][3296.027s][info ][safepoint     ] Application time: 1.0004809 seconds
[2023-12-02T16:27:04.956+0000][3296.027s][info ][safepoint     ] Entering safepoint region: Cleanup
[2023-12-02T16:27:04.956+0000][3296.027s][info ][safepoint     ] Leaving safepoint region
[2023-12-02T16:27:04.956+0000][3296.028s][info ][safepoint     ] Total time for which application threads were stopped: 0.0006655 seconds, Stopping threads took: 0.0002338 seconds
[2023-12-02T16:27:05.957+0000][3297.028s][debug][safepoint     ] Safepoint synchronization initiated. (207 threads)
[2023-12-02T16:27:05.957+0000][3297.028s][info ][safepoint     ] Application time: 1.0005644 seconds
[2023-12-02T16:27:05.958+0000][3297.029s][info ][safepoint     ] Entering safepoint region: Cleanup
[2023-12-02T16:27:05.958+0000][3297.029s][info ][safepoint     ] Leaving safepoint region
[2023-12-02T16:27:05.958+0000][3297.029s][info ][safepoint     ] Total time for which application threads were stopped: 0.0007997 seconds, Stopping threads took: 0.0002987 seconds
[2023-12-02T16:27:06.959+0000][3298.030s][debug][safepoint     ] Safepoint synchronization initiated. (207 threads)
[2023-12-02T16:27:06.959+0000][3298.030s][info ][safepoint     ] Application time: 1.0007566 seconds
[2023-12-02T16:27:06.960+0000][3298.031s][info ][safepoint     ] Entering safepoint region: Cleanup
[2023-12-02T16:27:06.960+0000][3298.031s][info ][safepoint     ] Leaving safepoint region
[2023-12-02T16:27:06.961+0000][3298.032s][info ][safepoint     ] Total time for which application threads were stopped: 0.0008864 seconds, Stopping threads took: 0.0003682 seconds
[2023-12-02T16:27:07.961+0000][3299.032s][debug][safepoint     ] Safepoint synchronization initiated. (207 threads)
[2023-12-02T16:27:07.961+0000][3299.033s][info ][safepoint     ] Application time: 1.0006023 seconds
[2023-12-02T16:27:07.962+0000][3299.033s][info ][safepoint     ] Entering safepoint region: Cleanup
[2023-12-02T16:27:07.962+0000][3299.033s][info ][safepoint     ] Leaving safepoint region
[2023-12-02T16:27:07.962+0000][3299.034s][info ][safepoint     ] Total time for which application threads were stopped: 0.0007040 seconds, Stopping threads took: 0.0002606 seconds
[2023-12-02T16:27:08.963+0000][3300.034s][debug][safepoint     ] Safepoint synchronization initiated. (207 threads)
[2023-12-02T16:27:08.963+0000][3300.034s][info ][safepoint     ] Application time: 1.0005704 seconds
[2023-12-02T16:27:08.964+0000][3300.035s][info ][safepoint     ] Entering safepoint region: Cleanup
[2023-12-02T16:27:08.964+0000][3300.035s][info ][safepoint     ] Leaving safepoint region
[2023-12-02T16:27:08.964+0000][3300.036s][info ][safepoint     ] Total time for which application threads were stopped: 0.0008899 seconds, Stopping threads took: 0.0003738 seconds
[2023-12-02T16:27:09.965+0000][3301.036s][debug][safepoint     ] Safepoint synchronization initiated. (207 threads)
[2023-12-02T16:27:09.965+0000][3301.037s][info ][safepoint     ] Application time: 1.0006375 seconds
[2023-12-02T16:27:09.966+0000][3301.037s][info ][safepoint     ] Entering safepoint region: Cleanup
[2023-12-02T16:27:09.966+0000][3301.038s][info ][safepoint     ] Leaving safepoint region
[2023-12-02T16:27:09.967+0000][3301.038s][info ][safepoint     ] Total time for which application threads were stopped: 0.0009522 seconds, Stopping threads took: 0.0003736 seconds
[2023-12-02T16:27:10.967+0000][3302.038s][debug][safepoint     ] Safepoint synchronization initiated. (207 threads)
[2023-12-02T16:27:10.967+0000][3302.039s][info ][safepoint     ] Application time: 1.0003903 seconds
[2023-12-02T16:27:10.968+0000][3302.039s][info ][safepoint     ] Entering safepoint region: Cleanup
[2023-12-02T16:27:10.968+0000][3302.039s][info ][safepoint     ] Leaving safepoint region
[2023-12-02T16:27:10.968+0000][3302.039s][info ][safepoint     ] Total time for which application threads were stopped: 0.0005372 seconds, Stopping threads took: 0.0001990 seconds
[2023-12-02T16:27:11.968+0000][3303.040s][debug][safepoint     ] Safepoint synchronization initiated. (207 threads)
[2023-12-02T16:27:11.969+0000][3303.040s][info ][safepoint     ] Application time: 1.0006509 seconds
[2023-12-02T16:27:11.969+0000][3303.040s][debug][safepoint     ] Waiting for 1 thread(s) to block
[2023-12-02T16:27:11.970+0000][3303.041s][info ][safepoint     ] Entering safepoint region: Cleanup
[2023-12-02T16:27:11.970+0000][3303.041s][info ][safepoint     ] Leaving safepoint region
[2023-12-02T16:27:11.971+0000][3303.042s][info ][safepoint     ] Total time for which application threads were stopped: 0.0013901 seconds, Stopping threads took: 0.0008758 seconds
[2023-12-02T16:27:12.971+0000][3304.042s][debug][safepoint     ] Safepoint synchronization initiated. (207 threads)
[2023-12-02T16:27:12.972+0000][3304.043s][info ][safepoint     ] Application time: 1.0007052 seconds
[2023-12-02T16:27:12.972+0000][3304.043s][info ][safepoint     ] Entering safepoint region: Cleanup
[2023-12-02T16:27:12.972+0000][3304.044s][info ][safepoint     ] Leaving safepoint region
[2023-12-02T16:27:12.973+0000][3304.044s][info ][safepoint     ] Total time for which application threads were stopped: 0.0008165 seconds, Stopping threads took: 0.0003560 seconds
[2023-12-02T16:27:13.973+0000][3305.044s][debug][safepoint     ] Safepoint synchronization initiated. (207 threads)
[2023-12-02T16:27:13.974+0000][3305.045s][info ][safepoint     ] Application time: 1.0007959 seconds
[2023-12-02T16:27:13.974+0000][3305.045s][info ][safepoint     ] Entering safepoint region: Cleanup
[2023-12-02T16:27:13.975+0000][3305.046s][info ][safepoint     ] Leaving safepoint region
[2023-12-02T16:27:13.975+0000][3305.046s][info ][safepoint     ] Total time for which application threads were stopped: 0.0008074 seconds, Stopping threads took: 0.0003149 seconds
[2023-12-02T16:27:14.975+0000][3306.047s][debug][safepoint     ] Safepoint synchronization initiated. (207 threads)
[2023-12-02T16:27:14.976+0000][3306.047s][info ][safepoint     ] Application time: 1.0007717 seconds
[2023-12-02T16:27:14.976+0000][3306.047s][info ][safepoint     ] Entering safepoint region: Cleanup
[2023-12-02T16:27:14.977+0000][3306.048s][info ][safepoint     ] Leaving safepoint region
[2023-12-02T16:27:14.977+0000][3306.048s][info ][safepoint     ] Total time for which application threads were stopped: 0.0010003 seconds, Stopping threads took: 0.0003784 seconds
[2023-12-02T16:27:15.978+0000][3307.049s][debug][safepoint     ] Safepoint synchronization initiated. (207 threads)
[2023-12-02T16:27:15.978+0000][3307.049s][info ][safepoint     ] Application time: 1.0007505 seconds
[2023-12-02T16:27:15.979+0000][3307.050s][info ][safepoint     ] Entering safepoint region: Cleanup
[2023-12-02T16:27:15.979+0000][3307.050s][info ][safepoint     ] Leaving safepoint region
[2023-12-02T16:27:15.980+0000][3307.051s][info ][safepoint     ] Total time for which application threads were stopped: 0.0009747 seconds, Stopping threads took: 0.0004461 seconds
[2023-12-02T16:27:16.980+0000][3308.051s][debug][safepoint     ] Safepoint synchronization initiated. (207 threads)
[2023-12-02T16:27:16.981+0000][3308.052s][info ][safepoint     ] Application time: 1.0008308 seconds
[2023-12-02T16:27:16.981+0000][3308.052s][info ][safepoint     ] Entering safepoint region: Cleanup
[2023-12-02T16:27:16.982+0000][3308.053s][info ][safepoint     ] Leaving safepoint region
[2023-12-02T16:27:16.982+0000][3308.053s][info ][safepoint     ] Total time for which application threads were stopped: 0.0009125 seconds, Stopping threads took: 0.0004268 seconds
[2023-12-02T16:27:17.982+0000][3309.053s][debug][safepoint     ] Safepoint synchronization initiated. (207 threads)
[2023-12-02T16:27:17.983+0000][3309.054s][info ][safepoint     ] Application time: 1.0007964 seconds
[2023-12-02T16:27:17.984+0000][3309.055s][info ][safepoint     ] Entering safepoint region: Cleanup
[2023-12-02T16:27:17.984+0000][3309.056s][info ][safepoint     ] Leaving safepoint region
[2023-12-02T16:27:17.985+0000][3309.056s][info ][safepoint     ] Total time for which application threads were stopped: 0.0014840 seconds, Stopping threads took: 0.0004653 seconds
[2023-12-02T16:27:18.986+0000][3310.057s][debug][safepoint     ] Safepoint synchronization initiated. (207 threads)
[2023-12-02T16:27:18.987+0000][3310.058s][info ][safepoint     ] Application time: 1.0008177 seconds
[2023-12-02T16:27:18.987+0000][3310.058s][info ][safepoint     ] Entering safepoint region: Cleanup
[2023-12-02T16:27:18.988+0000][3310.059s][info ][safepoint     ] Leaving safepoint region
[2023-12-02T16:27:18.988+0000][3310.059s][info ][safepoint     ] Total time for which application threads were stopped: 0.0009990 seconds, Stopping threads took: 0.0004379 seconds
[2023-12-02T16:27:19.989+0000][3311.060s][debug][safepoint     ] Safepoint synchronization initiated. (207 threads)
[2023-12-02T16:27:19.989+0000][3311.060s][info ][safepoint     ] Application time: 1.0007135 seconds
[2023-12-02T16:27:19.990+0000][3311.061s][info ][safepoint     ] Entering safepoint region: Cleanup
[2023-12-02T16:27:19.990+0000][3311.061s][info ][safepoint     ] Leaving safepoint region
[2023-12-02T16:27:19.991+0000][3311.062s][info ][safepoint     ] Total time for which application threads were stopped: 0.0010214 seconds, Stopping threads took: 0.0004308 seconds
[2023-12-02T16:27:20.991+0000][3312.062s][debug][safepoint     ] Safepoint synchronization initiated. (207 threads)
[2023-12-02T16:27:20.992+0000][3312.063s][info ][safepoint     ] Application time: 1.0005820 seconds
[2023-12-02T16:27:20.992+0000][3312.063s][info ][safepoint     ] Entering safepoint region: Cleanup
[2023-12-02T16:27:20.992+0000][3312.064s][info ][safepoint     ] Leaving safepoint region
[2023-12-02T16:27:20.993+0000][3312.064s][info ][safepoint     ] Total time for which application threads were stopped: 0.0007806 seconds, Stopping threads took: 0.0002879 seconds
[2023-12-02T16:27:21.993+0000][3313.064s][debug][safepoint     ] Safepoint synchronization initiated. (207 threads)
[2023-12-02T16:27:21.994+0000][3313.065s][info ][safepoint     ] Application time: 1.0006616 seconds
[2023-12-02T16:27:21.994+0000][3313.065s][info ][safepoint     ] Entering safepoint region: Cleanup
[2023-12-02T16:27:21.995+0000][3313.066s][info ][safepoint     ] Leaving safepoint region
[2023-12-02T16:27:21.995+0000][3313.066s][info ][safepoint     ] Total time for which application threads were stopped: 0.0010148 seconds, Stopping threads took: 0.0004249 seconds
[2023-12-02T16:27:22.996+0000][3314.067s][debug][safepoint     ] Safepoint synchronization initiated. (207 threads)
[2023-12-02T16:27:22.996+0000][3314.068s][info ][safepoint     ] Application time: 1.0008350 seconds
[2023-12-02T16:27:22.997+0000][3314.068s][info ][safepoint     ] Entering safepoint region: Cleanup
[2023-12-02T16:27:22.998+0000][3314.069s][info ][safepoint     ] Leaving safepoint region
[2023-12-02T16:27:22.998+0000][3314.069s][info ][safepoint     ] Total time for which application threads were stopped: 0.0009938 seconds, Stopping threads took: 0.0004980 seconds
[2023-12-02T16:27:23.999+0000][3315.070s][debug][safepoint     ] Safepoint synchronization initiated. (207 threads)
[2023-12-02T16:27:23.999+0000][3315.070s][info ][safepoint     ] Application time: 1.0010579 seconds
[2023-12-02T16:27:24.000+0000][3315.071s][info ][safepoint     ] Entering safepoint region: Cleanup
[2023-12-02T16:27:24.000+0000][3315.071s][info ][safepoint     ] Leaving safepoint region
[2023-12-02T16:27:24.001+0000][3315.072s][info ][safepoint     ] Total time for which application threads were stopped: 0.0010552 seconds, Stopping threads took: 0.0004689 seconds
[2023-12-02T16:27:25.001+0000][3316.072s][debug][safepoint     ] Safepoint synchronization initiated. (207 threads)
[2023-12-02T16:27:25.002+0000][3316.073s][info ][safepoint     ] Application time: 1.0008722 seconds
[2023-12-02T16:27:25.002+0000][3316.074s][info ][safepoint     ] Entering safepoint region: Cleanup
[2023-12-02T16:27:25.003+0000][3316.074s][info ][safepoint     ] Leaving safepoint region
[2023-12-02T16:27:25.003+0000][3316.075s][info ][safepoint     ] Total time for which application threads were stopped: 0.0009912 seconds, Stopping threads took: 0.0005152 seconds
[2023-12-02T16:27:26.004+0000][3317.075s][debug][safepoint     ] Safepoint synchronization initiated. (207 threads)
[2023-12-02T16:27:26.004+0000][3317.075s][info ][safepoint     ] Application time: 1.0007021 seconds
[2023-12-02T16:27:26.005+0000][3317.076s][info ][safepoint     ] Entering safepoint region: Cleanup
[2023-12-02T16:27:26.005+0000][3317.076s][info ][safepoint     ] Leaving safepoint region
[2023-12-02T16:27:26.006+0000][3317.077s][info ][safepoint     ] Total time for which application threads were stopped: 0.0009885 seconds, Stopping threads took: 0.0004571 seconds
[2023-12-02T16:27:27.006+0000][3318.077s][debug][safepoint     ] Safepoint synchronization initiated. (207 threads)
[2023-12-02T16:27:27.007+0000][3318.078s][info ][safepoint     ] Application time: 1.0007307 seconds
[2023-12-02T16:27:27.007+0000][3318.078s][info ][safepoint     ] Entering safepoint region: Cleanup
[2023-12-02T16:27:27.008+0000][3318.079s][info ][safepoint     ] Leaving safepoint region
[2023-12-02T16:27:27.008+0000][3318.079s][info ][safepoint     ] Total time for which application threads were stopped: 0.0008950 seconds, Stopping threads took: 0.0003204 seconds
[2023-12-02T16:27:28.008+0000][3319.080s][debug][safepoint     ] Safepoint synchronization initiated. (207 threads)
[2023-12-02T16:27:28.009+0000][3319.080s][info ][safepoint     ] Application time: 1.0005569 seconds
[2023-12-02T16:27:28.009+0000][3319.080s][info ][safepoint     ] Entering safepoint region: Cleanup
[2023-12-02T16:27:28.010+0000][3319.081s][info ][safepoint     ] Leaving safepoint region
[2023-12-02T16:27:28.010+0000][3319.081s][info ][safepoint     ] Total time for which application threads were stopped: 0.0009907 seconds, Stopping threads took: 0.0004129 seconds
[2023-12-02T16:27:29.011+0000][3320.082s][debug][safepoint     ] Safepoint synchronization initiated. (207 threads)
[2023-12-02T16:27:29.011+0000][3320.082s][info ][safepoint     ] Application time: 1.0007432 seconds
[2023-12-02T16:27:29.012+0000][3320.083s][info ][safepoint     ] Entering safepoint region: Cleanup
[2023-12-02T16:27:29.012+0000][3320.083s][info ][safepoint     ] Leaving safepoint region
[2023-12-02T16:27:29.013+0000][3320.084s][info ][safepoint     ] Total time for which application threads were stopped: 0.0010480 seconds, Stopping threads took: 0.0004626 seconds
[2023-12-02T16:27:30.014+0000][3321.085s][debug][safepoint     ] Safepoint synchronization initiated. (207 threads)
[2023-12-02T16:27:30.014+0000][3321.085s][info ][safepoint     ] Application time: 1.0009217 seconds
[2023-12-02T16:27:30.015+0000][3321.086s][info ][safepoint     ] Entering safepoint region: Cleanup
[2023-12-02T16:27:30.015+0000][3321.086s][info ][safepoint     ] Leaving safepoint region
[2023-12-02T16:27:30.016+0000][3321.087s][info ][safepoint     ] Total time for which application threads were stopped: 0.0011685 seconds, Stopping threads took: 0.0005514 seconds
[2023-12-02T16:27:31.016+0000][3322.088s][debug][safepoint     ] Safepoint synchronization initiated. (207 threads)
[2023-12-02T16:27:31.017+0000][3322.088s][info ][safepoint     ] Application time: 1.0007727 seconds
[2023-12-02T16:27:31.017+0000][3322.089s][info ][safepoint     ] Entering safepoint region: Cleanup
[2023-12-02T16:27:31.018+0000][3322.089s][info ][safepoint     ] Leaving safepoint region
[2023-12-02T16:27:31.019+0000][3322.090s][info ][safepoint     ] Total time for which application threads were stopped: 0.0011038 seconds, Stopping threads took: 0.0004807 seconds
[2023-12-02T16:27:32.019+0000][3323.090s][debug][safepoint     ] Safepoint synchronization initiated. (207 threads)
[2023-12-02T16:27:32.020+0000][3323.091s][info ][safepoint     ] Application time: 1.0008341 seconds
[2023-12-02T16:27:32.020+0000][3323.091s][info ][safepoint     ] Entering safepoint region: Cleanup
[2023-12-02T16:27:32.021+0000][3323.092s][info ][safepoint     ] Leaving safepoint region
[2023-12-02T16:27:32.021+0000][3323.092s][info ][safepoint     ] Total time for which application threads were stopped: 0.0011079 seconds, Stopping threads took: 0.0005199 seconds
[2023-12-02T16:27:33.022+0000][3324.093s][debug][safepoint     ] Safepoint synchronization initiated. (207 threads)
[2023-12-02T16:27:33.023+0000][3324.094s][info ][safepoint     ] Application time: 1.0009092 seconds
[2023-12-02T16:27:33.023+0000][3324.094s][info ][safepoint     ] Entering safepoint region: Cleanup
[2023-12-02T16:27:33.024+0000][3324.095s][info ][safepoint     ] Leaving safepoint region
[2023-12-02T16:27:33.024+0000][3324.095s][info ][safepoint     ] Total time for which application threads were stopped: 0.0011076 seconds, Stopping threads took: 0.0005781 seconds
[2023-12-02T16:27:34.025+0000][3325.096s][debug][safepoint     ] Safepoint synchronization initiated. (207 threads)
[2023-12-02T16:27:34.025+0000][3325.096s][info ][safepoint     ] Application time: 1.0009343 seconds
[2023-12-02T16:27:34.026+0000][3325.097s][info ][safepoint     ] Entering safepoint region: Cleanup
[2023-12-02T16:27:34.027+0000][3325.098s][info ][safepoint     ] Leaving safepoint region
[2023-12-02T16:27:34.027+0000][3325.098s][info ][safepoint     ] Total time for which application threads were stopped: 0.0010709 seconds, Stopping threads took: 0.0005367 seconds
[2023-12-02T16:27:35.028+0000][3326.099s][debug][safepoint     ] Safepoint synchronization initiated. (207 threads)
[2023-12-02T16:27:35.028+0000][3326.099s][info ][safepoint     ] Application time: 1.0009353 seconds
[2023-12-02T16:27:35.029+0000][3326.100s][info ][safepoint     ] Entering safepoint region: Cleanup
[2023-12-02T16:27:35.030+0000][3326.101s][info ][safepoint     ] Leaving safepoint region
[2023-12-02T16:27:35.030+0000][3326.101s][info ][safepoint     ] Total time for which application threads were stopped: 0.0010830 seconds, Stopping threads took: 0.0004768 seconds
[2023-12-02T16:27:36.031+0000][3327.102s][debug][safepoint     ] Safepoint synchronization initiated. (207 threads)
[2023-12-02T16:27:36.031+0000][3327.102s][info ][safepoint     ] Application time: 1.0005035 seconds
[2023-12-02T16:27:36.031+0000][3327.103s][info ][safepoint     ] Entering safepoint region: Cleanup
[2023-12-02T16:27:36.032+0000][3327.103s][info ][safepoint     ] Leaving safepoint region
[2023-12-02T16:27:36.032+0000][3327.103s][info ][safepoint     ] Total time for which application threads were stopped: 0.0008023 seconds, Stopping threads took: 0.0003891 seconds
[2023-12-02T16:27:37.032+0000][3328.104s][debug][safepoint     ] Safepoint synchronization initiated. (207 threads)
[2023-12-02T16:27:37.033+0000][3328.104s][info ][safepoint     ] Application time: 1.0010545 seconds
[2023-12-02T16:27:37.034+0000][3328.105s][info ][safepoint     ] Entering safepoint region: Cleanup
[2023-12-02T16:27:37.035+0000][3328.106s][info ][safepoint     ] Leaving safepoint region
[2023-12-02T16:27:37.036+0000][3328.107s][info ][safepoint     ] Total time for which application threads were stopped: 0.0018043 seconds, Stopping threads took: 0.0007492 seconds
[2023-12-02T16:27:38.036+0000][3329.108s][debug][safepoint     ] Safepoint synchronization initiated. (207 threads)
[2023-12-02T16:27:38.037+0000][3329.108s][info ][safepoint     ] Application time: 1.0006809 seconds
[2023-12-02T16:27:38.038+0000][3329.109s][info ][safepoint     ] Entering safepoint region: Cleanup
[2023-12-02T16:27:38.038+0000][3329.109s][info ][safepoint     ] Leaving safepoint region
[2023-12-02T16:27:38.038+0000][3329.109s][info ][safepoint     ] Total time for which application threads were stopped: 0.0008394 seconds, Stopping threads took: 0.0003553 seconds
[2023-12-02T16:27:39.039+0000][3330.110s][debug][safepoint     ] Safepoint synchronization initiated. (207 threads)
[2023-12-02T16:27:39.040+0000][3330.111s][info ][safepoint     ] Application time: 1.0009484 seconds
[2023-12-02T16:27:39.040+0000][3330.111s][info ][safepoint     ] Entering safepoint region: Cleanup
[2023-12-02T16:27:39.041+0000][3330.112s][info ][safepoint     ] Leaving safepoint region
[2023-12-02T16:27:39.041+0000][3330.112s][info ][safepoint     ] Total time for which application threads were stopped: 0.0011162 seconds, Stopping threads took: 0.0003934 seconds
[2023-12-02T16:27:40.042+0000][3331.113s][debug][safepoint     ] Safepoint synchronization initiated. (207 threads)
[2023-12-02T16:27:40.043+0000][3331.114s][info ][safepoint     ] Application time: 1.0012492 seconds
[2023-12-02T16:27:40.044+0000][3331.115s][info ][safepoint     ] Entering safepoint region: Cleanup
[2023-12-02T16:27:40.045+0000][3331.116s][info ][safepoint     ] Leaving safepoint region
[2023-12-02T16:27:40.046+0000][3331.117s][info ][safepoint     ] Total time for which application threads were stopped: 0.0019712 seconds, Stopping threads took: 0.0008896 seconds
[2023-12-02T16:27:41.047+0000][3332.118s][debug][safepoint     ] Safepoint synchronization initiated. (207 threads)
[2023-12-02T16:27:41.047+0000][3332.118s][info ][safepoint     ] Application time: 1.0007824 seconds
[2023-12-02T16:27:41.048+0000][3332.119s][info ][safepoint     ] Entering safepoint region: Cleanup
[2023-12-02T16:27:41.048+0000][3332.119s][info ][safepoint     ] Leaving safepoint region
[2023-12-02T16:27:41.048+0000][3332.120s][info ][safepoint     ] Total time for which application threads were stopped: 0.0008330 seconds, Stopping threads took: 0.0002728 seconds
[2023-12-02T16:27:42.049+0000][3333.120s][debug][safepoint     ] Safepoint synchronization initiated. (207 threads)
[2023-12-02T16:27:42.049+0000][3333.121s][info ][safepoint     ] Application time: 1.0006779 seconds
[2023-12-02T16:27:42.051+0000][3333.122s][info ][safepoint     ] Entering safepoint region: Cleanup
[2023-12-02T16:27:42.051+0000][3333.123s][info ][safepoint     ] Leaving safepoint region
[2023-12-02T16:27:42.052+0000][3333.123s][info ][safepoint     ] Total time for which application threads were stopped: 0.0012700 seconds, Stopping threads took: 0.0006670 seconds
[2023-12-02T16:27:43.053+0000][3334.124s][debug][safepoint     ] Safepoint synchronization initiated. (207 threads)
[2023-12-02T16:27:43.054+0000][3334.125s][info ][safepoint     ] Application time: 1.0012563 seconds
[2023-12-02T16:27:43.054+0000][3334.126s][info ][safepoint     ] Entering safepoint region: Cleanup
[2023-12-02T16:27:43.056+0000][3334.127s][info ][safepoint     ] Leaving safepoint region
[2023-12-02T16:27:43.057+0000][3334.128s][info ][safepoint     ] Total time for which application threads were stopped: 0.0022134 seconds, Stopping threads took: 0.0009062 seconds
[2023-12-02T16:27:44.058+0000][3335.129s][debug][safepoint     ] Safepoint synchronization initiated. (207 threads)
[2023-12-02T16:27:44.058+0000][3335.129s][info ][safepoint     ] Application time: 1.0006672 seconds
[2023-12-02T16:27:44.059+0000][3335.130s][info ][safepoint     ] Entering safepoint region: Cleanup
[2023-12-02T16:27:44.060+0000][3335.131s][info ][safepoint     ] Leaving safepoint region
[2023-12-02T16:27:44.060+0000][3335.131s][info ][safepoint     ] Total time for which application threads were stopped: 0.0011530 seconds, Stopping threads took: 0.0004936 seconds
[2023-12-02T16:27:45.061+0000][3336.132s][debug][safepoint     ] Safepoint synchronization initiated. (207 threads)
[2023-12-02T16:27:45.061+0000][3336.132s][info ][safepoint     ] Application time: 1.0008945 seconds
[2023-12-02T16:27:45.062+0000][3336.133s][info ][safepoint     ] Entering safepoint region: Cleanup
[2023-12-02T16:27:45.063+0000][3336.134s][info ][safepoint     ] Leaving safepoint region
[2023-12-02T16:27:45.063+0000][3336.134s][info ][safepoint     ] Total time for which application threads were stopped: 0.0013915 seconds, Stopping threads took: 0.0006023 seconds
[2023-12-02T16:27:46.064+0000][3337.135s][debug][safepoint     ] Safepoint synchronization initiated. (207 threads)
[2023-12-02T16:27:46.064+0000][3337.135s][info ][safepoint     ] Application time: 1.0003822 seconds
[2023-12-02T16:27:46.064+0000][3337.135s][info ][safepoint     ] Entering safepoint region: Cleanup
[2023-12-02T16:27:46.065+0000][3337.136s][info ][safepoint     ] Leaving safepoint region
[2023-12-02T16:27:46.065+0000][3337.136s][info ][safepoint     ] Total time for which application threads were stopped: 0.0006400 seconds, Stopping threads took: 0.0002061 seconds
[2023-12-02T16:27:46.065+0000][3337.136s][debug][safepoint     ] ... found polling page return exception at pc = 0x00007f43fc9de0c4, stub =0x00007f43f4840600
[2023-12-02T16:27:46.065+0000][3337.136s][debug][safepoint     ] ... found polling page return exception at pc = 0x00007f43fc9de0c4, stub =0x00007f43f4840600
[2023-12-02T16:27:46.065+0000][3337.136s][debug][safepoint     ] ... found polling page return exception at pc = 0x00007f43fc9de0c4, stub =0x00007f43f4840600
[2023-12-02T16:27:46.065+0000][3337.136s][debug][safepoint     ] ... found polling page return exception at pc = 0x00007f43fc9de0c4, stub =0x00007f43f4840600
[2023-12-02T16:27:46.065+0000][3337.136s][debug][safepoint     ] ... found polling page return exception at pc = 0x00007f43fc9de0c4, stub =0x00007f43f4840600
[2023-12-02T16:27:46.065+0000][3337.136s][debug][safepoint     ] ... found polling page return exception at pc = 0x00007f43fc9de0c4, stub =0x00007f43f4840600
[2023-12-02T16:27:46.065+0000][3337.136s][debug][safepoint     ] ... found polling page return exception at pc = 0x00007f43fc9de0c4, stub =0x00007f43f4840600
[2023-12-02T16:27:47.065+0000][3338.136s][debug][safepoint     ] Safepoint synchronization initiated. (207 threads)
[2023-12-02T16:27:47.066+0000][3338.137s][info ][safepoint     ] Application time: 1.0010453 seconds
[2023-12-02T16:27:47.067+0000][3338.138s][info ][safepoint     ] Entering safepoint region: Cleanup
[2023-12-02T16:27:47.068+0000][3338.139s][info ][safepoint     ] Leaving safepoint region
[2023-12-02T16:27:47.068+0000][3338.139s][info ][safepoint     ] Total time for which application threads were stopped: 0.0010572 seconds, Stopping threads took: 0.0004185 seconds
[2023-12-02T16:27:48.069+0000][3339.140s][debug][safepoint     ] Safepoint synchronization initiated. (207 threads)
[2023-12-02T16:27:48.070+0000][3339.141s][info ][safepoint     ] Application time: 1.0011863 seconds
[2023-12-02T16:27:48.070+0000][3339.142s][info ][safepoint     ] Entering safepoint region: Cleanup
[2023-12-02T16:27:48.071+0000][3339.143s][info ][safepoint     ] Leaving safepoint region
[2023-12-02T16:27:48.072+0000][3339.143s][info ][safepoint     ] Total time for which application threads were stopped: 0.0016707 seconds, Stopping threads took: 0.0006813 seconds
[2023-12-02T16:27:49.073+0000][3340.144s][debug][safepoint     ] Safepoint synchronization initiated. (207 threads)
[2023-12-02T16:27:49.074+0000][3340.145s][info ][safepoint     ] Application time: 1.0011443 seconds
[2023-12-02T16:27:49.075+0000][3340.146s][info ][safepoint     ] Entering safepoint region: Cleanup
[2023-12-02T16:27:49.076+0000][3340.147s][info ][safepoint     ] Leaving safepoint region
[2023-12-02T16:27:49.076+0000][3340.148s][info ][safepoint     ] Total time for which application threads were stopped: 0.0019347 seconds, Stopping threads took: 0.0007624 seconds
[2023-12-02T16:27:50.077+0000][3341.149s][debug][safepoint     ] Safepoint synchronization initiated. (207 threads)
[2023-12-02T16:27:50.078+0000][3341.149s][info ][safepoint     ] Application time: 1.0008963 seconds
[2023-12-02T16:27:50.079+0000][3341.150s][info ][safepoint     ] Entering safepoint region: Cleanup
[2023-12-02T16:27:50.079+0000][3341.150s][info ][safepoint     ] Leaving safepoint region
[2023-12-02T16:27:50.080+0000][3341.151s][info ][safepoint     ] Total time for which application threads were stopped: 0.0010686 seconds, Stopping threads took: 0.0004615 seconds
[2023-12-02T16:27:51.080+0000][3342.151s][debug][safepoint     ] Safepoint synchronization initiated. (207 threads)
[2023-12-02T16:27:51.081+0000][3342.152s][info ][safepoint     ] Application time: 1.0009422 seconds
[2023-12-02T16:27:51.082+0000][3342.153s][info ][safepoint     ] Entering safepoint region: Cleanup
[2023-12-02T16:27:51.082+0000][3342.154s][info ][safepoint     ] Leaving safepoint region
[2023-12-02T16:27:51.083+0000][3342.154s][info ][safepoint     ] Total time for which application threads were stopped: 0.0014603 seconds, Stopping threads took: 0.0005892 seconds
[2023-12-02T16:27:52.084+0000][3343.155s][debug][safepoint     ] Safepoint synchronization initiated. (207 threads)
[2023-12-02T16:27:52.084+0000][3343.155s][info ][safepoint     ] Application time: 1.0007172 seconds
[2023-12-02T16:27:52.084+0000][3343.156s][info ][safepoint     ] Entering safepoint region: Cleanup
[2023-12-02T16:27:52.085+0000][3343.156s][info ][safepoint     ] Leaving safepoint region
[2023-12-02T16:27:52.085+0000][3343.157s][info ][safepoint     ] Total time for which application threads were stopped: 0.0009932 seconds, Stopping threads took: 0.0004064 seconds
[2023-12-02T16:27:53.086+0000][3344.157s][debug][safepoint     ] Safepoint synchronization initiated. (207 threads)
[2023-12-02T16:27:53.087+0000][3344.158s][info ][safepoint     ] Application time: 1.0009417 seconds
[2023-12-02T16:27:53.087+0000][3344.158s][info ][safepoint     ] Entering safepoint region: Cleanup
[2023-12-02T16:27:53.088+0000][3344.159s][info ][safepoint     ] Leaving safepoint region
[2023-12-02T16:27:53.088+0000][3344.159s][info ][safepoint     ] Total time for which application threads were stopped: 0.0011098 seconds, Stopping threads took: 0.0004437 seconds
[2023-12-02T16:27:54.088+0000][3345.160s][debug][safepoint     ] Safepoint synchronization initiated. (207 threads)
[2023-12-02T16:27:54.089+0000][3345.160s][info ][safepoint     ] Application time: 1.0006592 seconds
[2023-12-02T16:27:54.089+0000][3345.161s][info ][safepoint     ] Entering safepoint region: Cleanup
[2023-12-02T16:27:54.090+0000][3345.162s][info ][safepoint     ] Leaving safepoint region
[2023-12-02T16:27:54.091+0000][3345.162s][info ][safepoint     ] Total time for which application threads were stopped: 0.0012735 seconds, Stopping threads took: 0.0004914 seconds
[2023-12-02T16:27:55.091+0000][3346.163s][debug][safepoint     ] Safepoint synchronization initiated. (207 threads)
[2023-12-02T16:27:55.092+0000][3346.164s][info ][safepoint     ] Application time: 1.0009390 seconds
[2023-12-02T16:27:55.092+0000][3346.164s][info ][safepoint     ] Entering safepoint region: Cleanup
[2023-12-02T16:27:55.094+0000][3346.165s][info ][safepoint     ] Leaving safepoint region
[2023-12-02T16:27:55.094+0000][3346.166s][info ][safepoint     ] Total time for which application threads were stopped: 0.0020071 seconds, Stopping threads took: 0.0007654 seconds
[2023-12-02T16:27:56.095+0000][3347.167s][debug][safepoint     ] Safepoint synchronization initiated. (207 threads)
[2023-12-02T16:27:56.096+0000][3347.168s][info ][safepoint     ] Application time: 1.0011075 seconds
[2023-12-02T16:27:56.097+0000][3347.169s][info ][safepoint     ] Entering safepoint region: Cleanup
[2023-12-02T16:27:56.098+0000][3347.170s][info ][safepoint     ] Leaving safepoint region
[2023-12-02T16:27:56.099+0000][3347.171s][info ][safepoint     ] Total time for which application threads were stopped: 0.0017939 seconds, Stopping threads took: 0.0007270 seconds
[2023-12-02T16:27:57.100+0000][3348.172s][debug][safepoint     ] Safepoint synchronization initiated. (207 threads)
[2023-12-02T16:27:57.101+0000][3348.172s][info ][safepoint     ] Application time: 1.0012111 seconds
[2023-12-02T16:27:57.101+0000][3348.173s][info ][safepoint     ] Entering safepoint region: Cleanup
[2023-12-02T16:27:57.102+0000][3348.174s][info ][safepoint     ] Leaving safepoint region
[2023-12-02T16:27:57.103+0000][3348.174s][info ][safepoint     ] Total time for which application threads were stopped: 0.0013652 seconds, Stopping threads took: 0.0005711 seconds
[2023-12-02T16:27:58.103+0000][3349.175s][debug][safepoint     ] Safepoint synchronization initiated. (207 threads)
[2023-12-02T16:27:58.104+0000][3349.176s][info ][safepoint     ] Application time: 1.0009429 seconds
[2023-12-02T16:27:58.105+0000][3349.176s][info ][safepoint     ] Entering safepoint region: Cleanup
[2023-12-02T16:27:58.105+0000][3349.177s][info ][safepoint     ] Leaving safepoint region
[2023-12-02T16:27:58.106+0000][3349.177s][info ][safepoint     ] Total time for which application threads were stopped: 0.0012384 seconds, Stopping threads took: 0.0005669 seconds
[2023-12-02T16:27:59.106+0000][3350.178s][debug][safepoint     ] Safepoint synchronization initiated. (207 threads)
[2023-12-02T16:27:59.107+0000][3350.178s][info ][safepoint     ] Application time: 1.0005949 seconds
[2023-12-02T16:27:59.107+0000][3350.179s][info ][safepoint     ] Entering safepoint region: Cleanup
[2023-12-02T16:27:59.108+0000][3350.179s][info ][safepoint     ] Leaving safepoint region
[2023-12-02T16:27:59.108+0000][3350.180s][info ][safepoint     ] Total time for which application threads were stopped: 0.0008948 seconds, Stopping threads took: 0.0003468 seconds
[2023-12-02T16:28:00.109+0000][3351.180s][debug][safepoint     ] Safepoint synchronization initiated. (207 threads)
[2023-12-02T16:28:00.109+0000][3351.181s][info ][safepoint     ] Application time: 1.0009641 seconds
[2023-12-02T16:28:00.110+0000][3351.181s][info ][safepoint     ] Entering safepoint region: Cleanup
[2023-12-02T16:28:00.110+0000][3351.182s][info ][safepoint     ] Leaving safepoint region
[2023-12-02T16:28:00.111+0000][3351.182s][info ][safepoint     ] Total time for which application threads were stopped: 0.0009384 seconds, Stopping threads took: 0.0004839 seconds
[2023-12-02T16:28:01.111+0000][3352.183s][debug][safepoint     ] Safepoint synchronization initiated. (207 threads)
[2023-12-02T16:28:01.112+0000][3352.184s][info ][safepoint     ] Application time: 1.0010815 seconds
[2023-12-02T16:28:01.113+0000][3352.184s][info ][safepoint     ] Entering safepoint region: Cleanup
[2023-12-02T16:28:01.113+0000][3352.185s][info ][safepoint     ] Leaving safepoint region
[2023-12-02T16:28:01.114+0000][3352.185s][info ][safepoint     ] Total time for which application threads were stopped: 0.0012102 seconds, Stopping threads took: 0.0005060 seconds
[2023-12-02T16:28:02.115+0000][3353.186s][debug][safepoint     ] Safepoint synchronization initiated. (207 threads)
[2023-12-02T16:28:02.115+0000][3353.187s][info ][safepoint     ] Application time: 1.0011042 seconds
[2023-12-02T16:28:02.116+0000][3353.188s][info ][safepoint     ] Entering safepoint region: Cleanup
[2023-12-02T16:28:02.117+0000][3353.189s][info ][safepoint     ] Leaving safepoint region
[2023-12-02T16:28:02.118+0000][3353.190s][info ][safepoint     ] Total time for which application threads were stopped: 0.0017815 seconds, Stopping threads took: 0.0007744 seconds
[2023-12-02T16:28:03.119+0000][3354.190s][debug][safepoint     ] Safepoint synchronization initiated. (207 threads)
[2023-12-02T16:28:03.119+0000][3354.191s][info ][safepoint     ] Application time: 1.0010518 seconds
[2023-12-02T16:28:03.120+0000][3354.192s][info ][safepoint     ] Entering safepoint region: Cleanup
[2023-12-02T16:28:03.121+0000][3354.193s][info ][safepoint     ] Leaving safepoint region
[2023-12-02T16:28:03.121+0000][3354.193s][info ][safepoint     ] Total time for which application threads were stopped: 0.0014040 seconds, Stopping threads took: 0.0006255 seconds
[2023-12-02T16:28:04.122+0000][3355.194s][debug][safepoint     ] Safepoint synchronization initiated. (207 threads)
[2023-12-02T16:28:04.123+0000][3355.195s][info ][safepoint     ] Application time: 1.0009851 seconds
[2023-12-02T16:28:04.124+0000][3355.195s][info ][safepoint     ] Entering safepoint region: Cleanup
[2023-12-02T16:28:04.124+0000][3355.196s][info ][safepoint     ] Leaving safepoint region
[2023-12-02T16:28:04.125+0000][3355.196s][info ][safepoint     ] Total time for which application threads were stopped: 0.0011436 seconds, Stopping threads took: 0.0005491 seconds
[2023-12-02T16:28:05.125+0000][3356.197s][debug][safepoint     ] Safepoint synchronization initiated. (207 threads)
[2023-12-02T16:28:05.126+0000][3356.198s][info ][safepoint     ] Application time: 1.0011972 seconds
[2023-12-02T16:28:05.127+0000][3356.199s][info ][safepoint     ] Entering safepoint region: Cleanup
[2023-12-02T16:28:05.128+0000][3356.200s][info ][safepoint     ] Leaving safepoint region
[2023-12-02T16:28:05.129+0000][3356.201s][info ][safepoint     ] Total time for which application threads were stopped: 0.0019012 seconds, Stopping threads took: 0.0008576 seconds
[2023-12-02T16:28:06.130+0000][3357.202s][debug][safepoint     ] Safepoint synchronization initiated. (207 threads)
[2023-12-02T16:28:06.130+0000][3357.202s][info ][safepoint     ] Application time: 1.0005515 seconds
[2023-12-02T16:28:06.130+0000][3357.202s][info ][safepoint     ] Entering safepoint region: Cleanup
[2023-12-02T16:28:06.131+0000][3357.203s][info ][safepoint     ] Leaving safepoint region
[2023-12-02T16:28:06.131+0000][3357.203s][info ][safepoint     ] Total time for which application threads were stopped: 0.0007989 seconds, Stopping threads took: 0.0003380 seconds
[2023-12-02T16:28:07.132+0000][3358.203s][debug][safepoint     ] Safepoint synchronization initiated. (207 threads)
[2023-12-02T16:28:07.132+0000][3358.204s][info ][safepoint     ] Application time: 1.0005659 seconds
[2023-12-02T16:28:07.132+0000][3358.204s][info ][safepoint     ] Entering safepoint region: Cleanup
[2023-12-02T16:28:07.133+0000][3358.205s][info ][safepoint     ] Leaving safepoint region
[2023-12-02T16:28:07.134+0000][3358.205s][info ][safepoint     ] Total time for which application threads were stopped: 0.0014737 seconds, Stopping threads took: 0.0007952 seconds
[2023-12-02T16:28:08.134+0000][3359.206s][debug][safepoint     ] Safepoint synchronization initiated. (207 threads)
[2023-12-02T16:28:08.135+0000][3359.206s][info ][safepoint     ] Application time: 1.0005400 seconds
[2023-12-02T16:28:08.135+0000][3359.207s][info ][safepoint     ] Entering safepoint region: Cleanup
[2023-12-02T16:28:08.138+0000][3359.210s][info ][safepoint     ] Leaving safepoint region
[2023-12-02T16:28:08.138+0000][3359.210s][info ][safepoint     ] Total time for which application threads were stopped: 0.0035668 seconds, Stopping threads took: 0.0027828 seconds
[2023-12-02T16:28:09.139+0000][3360.211s][debug][safepoint     ] Safepoint synchronization initiated. (207 threads)
[2023-12-02T16:28:09.140+0000][3360.212s][info ][safepoint     ] Application time: 1.0013171 seconds
[2023-12-02T16:28:09.141+0000][3360.213s][info ][safepoint     ] Entering safepoint region: Cleanup
[2023-12-02T16:28:09.142+0000][3360.214s][info ][safepoint     ] Leaving safepoint region
[2023-12-02T16:28:09.143+0000][3360.215s][info ][safepoint     ] Total time for which application threads were stopped: 0.0021801 seconds, Stopping threads took: 0.0009166 seconds
[2023-12-02T16:28:10.144+0000][3361.216s][debug][safepoint     ] Safepoint synchronization initiated. (207 threads)
[2023-12-02T16:28:10.145+0000][3361.217s][info ][safepoint     ] Application time: 1.0013280 seconds
[2023-12-02T16:28:10.146+0000][3361.218s][info ][safepoint     ] Entering safepoint region: Cleanup
[2023-12-02T16:28:10.148+0000][3361.219s][info ][safepoint     ] Leaving safepoint region
[2023-12-02T16:28:10.148+0000][3361.220s][info ][safepoint     ] Total time for which application threads were stopped: 0.0019214 seconds, Stopping threads took: 0.0008341 seconds
[2023-12-02T16:28:11.149+0000][3362.221s][debug][safepoint     ] Safepoint synchronization initiated. (207 threads)
[2023-12-02T16:28:11.149+0000][3362.221s][info ][safepoint     ] Application time: 1.0008172 seconds
[2023-12-02T16:28:11.150+0000][3362.222s][info ][safepoint     ] Entering safepoint region: Cleanup
[2023-12-02T16:28:11.151+0000][3362.222s][info ][safepoint     ] Leaving safepoint region
[2023-12-02T16:28:11.151+0000][3362.223s][info ][safepoint     ] Total time for which application threads were stopped: 0.0011971 seconds, Stopping threads took: 0.0005100 seconds
[2023-12-02T16:28:12.152+0000][3363.223s][debug][safepoint     ] Safepoint synchronization initiated. (207 threads)
[2023-12-02T16:28:12.152+0000][3363.224s][info ][safepoint     ] Application time: 1.0008232 seconds
[2023-12-02T16:28:12.153+0000][3363.224s][info ][safepoint     ] Entering safepoint region: Cleanup
[2023-12-02T16:28:12.153+0000][3363.225s][info ][safepoint     ] Leaving safepoint region
[2023-12-02T16:28:12.154+0000][3363.226s][info ][safepoint     ] Total time for which application threads were stopped: 0.0011971 seconds, Stopping threads took: 0.0005492 seconds
[2023-12-02T16:28:13.155+0000][3364.226s][debug][safepoint     ] Safepoint synchronization initiated. (207 threads)
[2023-12-02T16:28:13.155+0000][3364.227s][info ][safepoint     ] Application time: 1.0012448 seconds
[2023-12-02T16:28:13.156+0000][3364.228s][info ][safepoint     ] Entering safepoint region: Cleanup
[2023-12-02T16:28:13.157+0000][3364.229s][info ][safepoint     ] Leaving safepoint region
[2023-12-02T16:28:13.157+0000][3364.229s][info ][safepoint     ] Total time for which application threads were stopped: 0.0014708 seconds, Stopping threads took: 0.0005935 seconds
[2023-12-02T16:28:14.158+0000][3365.230s][debug][safepoint     ] Safepoint synchronization initiated. (207 threads)
[2023-12-02T16:28:14.159+0000][3365.230s][info ][safepoint     ] Application time: 1.0006948 seconds
[2023-12-02T16:28:14.160+0000][3365.231s][info ][safepoint     ] Entering safepoint region: Cleanup
[2023-12-02T16:28:14.161+0000][3365.233s][info ][safepoint     ] Leaving safepoint region
[2023-12-02T16:28:14.161+0000][3365.233s][info ][safepoint     ] Total time for which application threads were stopped: 0.0019464 seconds, Stopping threads took: 0.0013304 seconds
[2023-12-02T16:28:15.162+0000][3366.234s][debug][safepoint     ] Safepoint synchronization initiated. (207 threads)
[2023-12-02T16:28:15.163+0000][3366.235s][info ][safepoint     ] Application time: 1.0012549 seconds
[2023-12-02T16:28:15.164+0000][3366.235s][info ][safepoint     ] Entering safepoint region: Cleanup
[2023-12-02T16:28:15.165+0000][3366.237s][info ][safepoint     ] Leaving safepoint region
[2023-12-02T16:28:15.166+0000][3366.237s][info ][safepoint     ] Total time for which application threads were stopped: 0.0018482 seconds, Stopping threads took: 0.0007621 seconds
[2023-12-02T16:28:16.167+0000][3367.238s][debug][safepoint     ] Safepoint synchronization initiated. (207 threads)
[2023-12-02T16:28:16.168+0000][3367.239s][info ][safepoint     ] Application time: 1.0014792 seconds
[2023-12-02T16:28:16.168+0000][3367.240s][info ][safepoint     ] Entering safepoint region: Cleanup
[2023-12-02T16:28:16.170+0000][3367.241s][info ][safepoint     ] Leaving safepoint region
[2023-12-02T16:28:16.170+0000][3367.242s][info ][safepoint     ] Total time for which application threads were stopped: 0.0020920 seconds, Stopping threads took: 0.0008511 seconds
[2023-12-02T16:28:17.171+0000][3368.243s][debug][safepoint     ] Safepoint synchronization initiated. (207 threads)
[2023-12-02T16:28:17.172+0000][3368.244s][info ][safepoint     ] Application time: 1.0008227 seconds
[2023-12-02T16:28:17.173+0000][3368.244s][info ][safepoint     ] Entering safepoint region: Cleanup
[2023-12-02T16:28:17.173+0000][3368.245s][info ][safepoint     ] Leaving safepoint region
[2023-12-02T16:28:17.174+0000][3368.245s][info ][safepoint     ] Total time for which application threads were stopped: 0.0011771 seconds, Stopping threads took: 0.0005751 seconds
[2023-12-02T16:28:18.174+0000][3369.246s][debug][safepoint     ] Safepoint synchronization initiated. (207 threads)
[2023-12-02T16:28:18.175+0000][3369.247s][info ][safepoint     ] Application time: 1.0009615 seconds
[2023-12-02T16:28:18.176+0000][3369.247s][info ][safepoint     ] Entering safepoint region: Cleanup
[2023-12-02T16:28:18.176+0000][3369.248s][info ][safepoint     ] Leaving safepoint region
[2023-12-02T16:28:18.176+0000][3369.248s][info ][safepoint     ] Total time for which application threads were stopped: 0.0009277 seconds, Stopping threads took: 0.0003875 seconds
[2023-12-02T16:28:19.177+0000][3370.249s][debug][safepoint     ] Safepoint synchronization initiated. (207 threads)
[2023-12-02T16:28:19.178+0000][3370.249s][info ][safepoint     ] Application time: 1.0009830 seconds
[2023-12-02T16:28:19.178+0000][3370.250s][info ][safepoint     ] Entering safepoint region: Cleanup
[2023-12-02T16:28:19.179+0000][3370.251s][info ][safepoint     ] Leaving safepoint region
[2023-12-02T16:28:19.179+0000][3370.251s][info ][safepoint     ] Total time for which application threads were stopped: 0.0012690 seconds, Stopping threads took: 0.0006418 seconds
[2023-12-02T16:28:20.180+0000][3371.252s][debug][safepoint     ] Safepoint synchronization initiated. (207 threads)
[2023-12-02T16:28:20.181+0000][3371.252s][info ][safepoint     ] Application time: 1.0009374 seconds
[2023-12-02T16:28:20.181+0000][3371.253s][info ][safepoint     ] Entering safepoint region: Cleanup
[2023-12-02T16:28:20.182+0000][3371.253s][info ][safepoint     ] Leaving safepoint region
[2023-12-02T16:28:20.182+0000][3371.254s][info ][safepoint     ] Total time for which application threads were stopped: 0.0011918 seconds, Stopping threads took: 0.0004616 seconds
[2023-12-02T16:28:21.183+0000][3372.254s][debug][safepoint     ] Safepoint synchronization initiated. (207 threads)
[2023-12-02T16:28:21.183+0000][3372.255s][info ][safepoint     ] Application time: 1.0009359 seconds
[2023-12-02T16:28:21.184+0000][3372.256s][info ][safepoint     ] Entering safepoint region: Cleanup
[2023-12-02T16:28:21.185+0000][3372.256s][info ][safepoint     ] Leaving safepoint region
[2023-12-02T16:28:21.185+0000][3372.257s][info ][safepoint     ] Total time for which application threads were stopped: 0.0010547 seconds, Stopping threads took: 0.0004872 seconds
[2023-12-02T16:28:22.185+0000][3373.257s][debug][safepoint     ] Safepoint synchronization initiated. (207 threads)
[2023-12-02T16:28:22.186+0000][3373.258s][info ][safepoint     ] Application time: 1.0007431 seconds
[2023-12-02T16:28:22.187+0000][3373.258s][info ][safepoint     ] Entering safepoint region: Cleanup
[2023-12-02T16:28:22.187+0000][3373.259s][info ][safepoint     ] Leaving safepoint region
[2023-12-02T16:28:22.188+0000][3373.259s][info ][safepoint     ] Total time for which application threads were stopped: 0.0010717 seconds, Stopping threads took: 0.0004180 seconds
[2023-12-02T16:28:23.188+0000][3374.260s][debug][safepoint     ] Safepoint synchronization initiated. (207 threads)
[2023-12-02T16:28:23.189+0000][3374.260s][info ][safepoint     ] Application time: 1.0006783 seconds
[2023-12-02T16:28:23.189+0000][3374.261s][info ][safepoint     ] Entering safepoint region: Cleanup
[2023-12-02T16:28:23.190+0000][3374.261s][info ][safepoint     ] Leaving safepoint region
[2023-12-02T16:28:23.190+0000][3374.262s][info ][safepoint     ] Total time for which application threads were stopped: 0.0012251 seconds, Stopping threads took: 0.0004358 seconds
[2023-12-02T16:28:24.191+0000][3375.263s][debug][safepoint     ] Safepoint synchronization initiated. (207 threads)
[2023-12-02T16:28:24.192+0000][3375.264s][info ][safepoint     ] Application time: 1.0010161 seconds
[2023-12-02T16:28:24.192+0000][3375.264s][info ][safepoint     ] Entering safepoint region: Cleanup
[2023-12-02T16:28:24.194+0000][3375.266s][info ][safepoint     ] Leaving safepoint region
[2023-12-02T16:28:24.195+0000][3375.267s][info ][safepoint     ] Total time for which application threads were stopped: 0.0025359 seconds, Stopping threads took: 0.0009108 seconds
[2023-12-02T16:28:25.196+0000][3376.268s][debug][safepoint     ] Safepoint synchronization initiated. (207 threads)
[2023-12-02T16:28:25.197+0000][3376.269s][info ][safepoint     ] Application time: 1.0019415 seconds
[2023-12-02T16:28:25.198+0000][3376.270s][debug][safepoint     ] ... found polling page return exception at pc = 0x00007f43f7f14ce0, stub =0x00007f43f4840600
[2023-12-02T16:28:25.198+0000][3376.270s][debug][safepoint     ] Waiting for 1 thread(s) to block
[2023-12-02T16:28:25.199+0000][3376.271s][info ][safepoint     ] Entering safepoint region: Cleanup
[2023-12-02T16:28:25.199+0000][3376.271s][info ][safepoint     ] Leaving safepoint region
[2023-12-02T16:28:25.200+0000][3376.271s][info ][safepoint     ] Total time for which application threads were stopped: 0.0016275 seconds, Stopping threads took: 0.0010650 seconds
[2023-12-02T16:28:26.200+0000][3377.272s][debug][safepoint     ] Safepoint synchronization initiated. (207 threads)
[2023-12-02T16:28:26.201+0000][3377.272s][info ][safepoint     ] Application time: 1.0005688 seconds
[2023-12-02T16:28:26.201+0000][3377.273s][debug][safepoint     ] Waiting for 1 thread(s) to block
[2023-12-02T16:28:26.201+0000][3377.273s][info ][safepoint     ] Entering safepoint region: Cleanup
[2023-12-02T16:28:26.202+0000][3377.274s][info ][safepoint     ] Leaving safepoint region
[2023-12-02T16:28:26.202+0000][3377.274s][info ][safepoint     ] Total time for which application threads were stopped: 0.0013853 seconds, Stopping threads took: 0.0007920 seconds
[2023-12-02T16:28:27.203+0000][3378.275s][debug][safepoint     ] Safepoint synchronization initiated. (207 threads)
[2023-12-02T16:28:27.203+0000][3378.275s][info ][safepoint     ] Application time: 1.0006671 seconds
[2023-12-02T16:28:27.204+0000][3378.275s][info ][safepoint     ] Entering safepoint region: Cleanup
[2023-12-02T16:28:27.204+0000][3378.276s][info ][safepoint     ] Leaving safepoint region
[2023-12-02T16:28:27.205+0000][3378.276s][info ][safepoint     ] Total time for which application threads were stopped: 0.0010250 seconds, Stopping threads took: 0.0003873 seconds
[2023-12-02T16:28:28.205+0000][3379.277s][debug][safepoint     ] Safepoint synchronization initiated. (207 threads)
[2023-12-02T16:28:28.206+0000][3379.278s][info ][safepoint     ] Application time: 1.0007251 seconds
[2023-12-02T16:28:28.206+0000][3379.278s][info ][safepoint     ] Entering safepoint region: Cleanup
[2023-12-02T16:28:28.207+0000][3379.279s][info ][safepoint     ] Leaving safepoint region
[2023-12-02T16:28:28.207+0000][3379.279s][info ][safepoint     ] Total time for which application threads were stopped: 0.0010620 seconds, Stopping threads took: 0.0004583 seconds
[2023-12-02T16:28:29.208+0000][3380.280s][debug][safepoint     ] Safepoint synchronization initiated. (207 threads)
[2023-12-02T16:28:29.208+0000][3380.280s][info ][safepoint     ] Application time: 1.0006805 seconds
[2023-12-02T16:28:29.209+0000][3380.281s][info ][safepoint     ] Entering safepoint region: Cleanup
[2023-12-02T16:28:29.210+0000][3380.281s][info ][safepoint     ] Leaving safepoint region
[2023-12-02T16:28:29.210+0000][3380.282s][info ][safepoint     ] Total time for which application threads were stopped: 0.0010336 seconds, Stopping threads took: 0.0004447 seconds
[2023-12-02T16:28:30.211+0000][3381.282s][debug][safepoint     ] Safepoint synchronization initiated. (207 threads)
[2023-12-02T16:28:30.211+0000][3381.283s][info ][safepoint     ] Application time: 1.0009290 seconds
[2023-12-02T16:28:30.212+0000][3381.284s][info ][safepoint     ] Entering safepoint region: Cleanup
[2023-12-02T16:28:30.212+0000][3381.284s][info ][safepoint     ] Leaving safepoint region
[2023-12-02T16:28:30.213+0000][3381.285s][info ][safepoint     ] Total time for which application threads were stopped: 0.0010990 seconds, Stopping threads took: 0.0005039 seconds
[2023-12-02T16:28:31.214+0000][3382.285s][debug][safepoint     ] Safepoint synchronization initiated. (207 threads)
[2023-12-02T16:28:31.214+0000][3382.286s][info ][safepoint     ] Application time: 1.0008731 seconds
[2023-12-02T16:28:31.215+0000][3382.286s][info ][safepoint     ] Entering safepoint region: Cleanup
[2023-12-02T16:28:31.215+0000][3382.287s][info ][safepoint     ] Leaving safepoint region
[2023-12-02T16:28:31.215+0000][3382.287s][info ][safepoint     ] Total time for which application threads were stopped: 0.0009795 seconds, Stopping threads took: 0.0004192 seconds
[2023-12-02T16:28:32.216+0000][3383.288s][debug][safepoint     ] Safepoint synchronization initiated. (207 threads)
[2023-12-02T16:28:32.216+0000][3383.288s][info ][safepoint     ] Application time: 1.0004395 seconds
[2023-12-02T16:28:32.216+0000][3383.288s][info ][safepoint     ] Entering safepoint region: Cleanup
[2023-12-02T16:28:32.217+0000][3383.289s][info ][safepoint     ] Leaving safepoint region
[2023-12-02T16:28:32.217+0000][3383.289s][info ][safepoint     ] Total time for which application threads were stopped: 0.0005724 seconds, Stopping threads took: 0.0002158 seconds
[2023-12-02T16:28:33.217+0000][3384.289s][debug][safepoint     ] Safepoint synchronization initiated. (207 threads)
[2023-12-02T16:28:33.218+0000][3384.290s][info ][safepoint     ] Application time: 1.0006785 seconds
[2023-12-02T16:28:33.218+0000][3384.290s][info ][safepoint     ] Entering safepoint region: Cleanup
[2023-12-02T16:28:33.219+0000][3384.291s][info ][safepoint     ] Leaving safepoint region
[2023-12-02T16:28:33.219+0000][3384.291s][info ][safepoint     ] Total time for which application threads were stopped: 0.0010971 seconds, Stopping threads took: 0.0004864 seconds
[2023-12-02T16:28:34.220+0000][3385.292s][debug][safepoint     ] Safepoint synchronization initiated. (207 threads)
[2023-12-02T16:28:34.221+0000][3385.293s][info ][safepoint     ] Application time: 1.0015035 seconds
[2023-12-02T16:28:34.222+0000][3385.294s][info ][safepoint     ] Entering safepoint region: Cleanup
[2023-12-02T16:28:34.223+0000][3385.295s][info ][safepoint     ] Leaving safepoint region
[2023-12-02T16:28:34.224+0000][3385.296s][info ][safepoint     ] Total time for which application threads were stopped: 0.0021310 seconds, Stopping threads took: 0.0008631 seconds
[2023-12-02T16:28:35.225+0000][3386.297s][debug][safepoint     ] Safepoint synchronization initiated. (207 threads)
[2023-12-02T16:28:35.226+0000][3386.298s][info ][safepoint     ] Application time: 1.0011252 seconds
[2023-12-02T16:28:35.227+0000][3386.299s][info ][safepoint     ] Entering safepoint region: Cleanup
[2023-12-02T16:28:35.228+0000][3386.300s][info ][safepoint     ] Leaving safepoint region
[2023-12-02T16:28:35.228+0000][3386.300s][info ][safepoint     ] Total time for which application threads were stopped: 0.0016594 seconds, Stopping threads took: 0.0007656 seconds
[2023-12-02T16:28:36.229+0000][3387.301s][debug][safepoint     ] Safepoint synchronization initiated. (207 threads)
[2023-12-02T16:28:36.229+0000][3387.301s][info ][safepoint     ] Application time: 1.0004487 seconds
[2023-12-02T16:28:36.230+0000][3387.301s][info ][safepoint     ] Entering safepoint region: Cleanup
[2023-12-02T16:28:36.230+0000][3387.302s][info ][safepoint     ] Leaving safepoint region
[2023-12-02T16:28:36.230+0000][3387.302s][info ][safepoint     ] Total time for which application threads were stopped: 0.0006521 seconds, Stopping threads took: 0.0002337 seconds
[2023-12-02T16:28:37.231+0000][3388.302s][debug][safepoint     ] Safepoint synchronization initiated. (207 threads)
[2023-12-02T16:28:37.231+0000][3388.303s][info ][safepoint     ] Application time: 1.0007990 seconds
[2023-12-02T16:28:37.232+0000][3388.304s][info ][safepoint     ] Entering safepoint region: Cleanup
[2023-12-02T16:28:37.233+0000][3388.304s][info ][safepoint     ] Leaving safepoint region
[2023-12-02T16:28:37.233+0000][3388.305s][info ][safepoint     ] Total time for which application threads were stopped: 0.0010939 seconds, Stopping threads took: 0.0004952 seconds
[2023-12-02T16:28:38.234+0000][3389.305s][debug][safepoint     ] Safepoint synchronization initiated. (207 threads)
[2023-12-02T16:28:38.234+0000][3389.306s][info ][safepoint     ] Application time: 1.0010505 seconds
[2023-12-02T16:28:38.235+0000][3389.307s][info ][safepoint     ] Entering safepoint region: Cleanup
[2023-12-02T16:28:38.236+0000][3389.308s][info ][safepoint     ] Leaving safepoint region
[2023-12-02T16:28:38.237+0000][3389.309s][info ][safepoint     ] Total time for which application threads were stopped: 0.0019284 seconds, Stopping threads took: 0.0007917 seconds
[2023-12-02T16:28:39.238+0000][3390.310s][debug][safepoint     ] Safepoint synchronization initiated. (207 threads)
[2023-12-02T16:28:39.239+0000][3390.310s][info ][safepoint     ] Application time: 1.0009402 seconds
[2023-12-02T16:28:39.239+0000][3390.311s][info ][safepoint     ] Entering safepoint region: Cleanup
[2023-12-02T16:28:39.240+0000][3390.312s][info ][safepoint     ] Leaving safepoint region
[2023-12-02T16:28:39.241+0000][3390.313s][info ][safepoint     ] Total time for which application threads were stopped: 0.0019931 seconds, Stopping threads took: 0.0007266 seconds
[2023-12-02T16:28:40.242+0000][3391.314s][debug][safepoint     ] Safepoint synchronization initiated. (207 threads)
[2023-12-02T16:28:40.243+0000][3391.315s][info ][safepoint     ] Application time: 1.0011592 seconds
[2023-12-02T16:28:40.244+0000][3391.316s][info ][safepoint     ] Entering safepoint region: Cleanup
[2023-12-02T16:28:40.246+0000][3391.317s][info ][safepoint     ] Leaving safepoint region
[2023-12-02T16:28:40.246+0000][3391.318s][info ][safepoint     ] Total time for which application threads were stopped: 0.0022684 seconds, Stopping threads took: 0.0009042 seconds
[2023-12-02T16:28:41.247+0000][3392.319s][debug][safepoint     ] Safepoint synchronization initiated. (207 threads)
[2023-12-02T16:28:41.248+0000][3392.320s][info ][safepoint     ] Application time: 1.0008683 seconds
[2023-12-02T16:28:41.249+0000][3392.320s][info ][safepoint     ] Entering safepoint region: Cleanup
[2023-12-02T16:28:41.249+0000][3392.321s][info ][safepoint     ] Leaving safepoint region
[2023-12-02T16:28:41.250+0000][3392.321s][info ][safepoint     ] Total time for which application threads were stopped: 0.0010021 seconds, Stopping threads took: 0.0003227 seconds
[2023-12-02T16:28:42.250+0000][3393.322s][debug][safepoint     ] Safepoint synchronization initiated. (207 threads)
[2023-12-02T16:28:42.250+0000][3393.322s][info ][safepoint     ] Application time: 1.0005700 seconds
[2023-12-02T16:28:42.251+0000][3393.323s][info ][safepoint     ] Entering safepoint region: Cleanup
[2023-12-02T16:28:42.252+0000][3393.323s][info ][safepoint     ] Leaving safepoint region
[2023-12-02T16:28:42.252+0000][3393.324s][info ][safepoint     ] Total time for which application threads were stopped: 0.0011035 seconds, Stopping threads took: 0.0004811 seconds
[2023-12-02T16:28:43.252+0000][3394.324s][debug][safepoint     ] Safepoint synchronization initiated. (207 threads)
[2023-12-02T16:28:43.253+0000][3394.325s][info ][safepoint     ] Application time: 1.0005870 seconds
[2023-12-02T16:28:43.253+0000][3394.325s][info ][safepoint     ] Entering safepoint region: Cleanup
[2023-12-02T16:28:43.254+0000][3394.325s][info ][safepoint     ] Leaving safepoint region
[2023-12-02T16:28:43.254+0000][3394.326s][info ][safepoint     ] Total time for which application threads were stopped: 0.0007422 seconds, Stopping threads took: 0.0002867 seconds
[2023-12-02T16:28:44.254+0000][3395.326s][debug][safepoint     ] Safepoint synchronization initiated. (207 threads)
[2023-12-02T16:28:44.255+0000][3395.327s][info ][safepoint     ] Application time: 1.0010710 seconds
[2023-12-02T16:28:44.256+0000][3395.328s][info ][safepoint     ] Entering safepoint region: Cleanup
[2023-12-02T16:28:44.257+0000][3395.328s][info ][safepoint     ] Leaving safepoint region
[2023-12-02T16:28:44.257+0000][3395.329s][info ][safepoint     ] Total time for which application threads were stopped: 0.0014807 seconds, Stopping threads took: 0.0005450 seconds
[2023-12-02T16:28:45.258+0000][3396.330s][debug][safepoint     ] Safepoint synchronization initiated. (207 threads)
[2023-12-02T16:28:45.260+0000][3396.331s][info ][safepoint     ] Application time: 1.0018743 seconds
[2023-12-02T16:28:45.260+0000][3396.332s][info ][safepoint     ] Entering safepoint region: Cleanup
[2023-12-02T16:28:45.261+0000][3396.333s][info ][safepoint     ] Leaving safepoint region
[2023-12-02T16:28:45.261+0000][3396.333s][info ][safepoint     ] Total time for which application threads were stopped: 0.0013079 seconds, Stopping threads took: 0.0004106 seconds
[2023-12-02T16:28:46.262+0000][3397.334s][debug][safepoint     ] Safepoint synchronization initiated. (207 threads)
[2023-12-02T16:28:46.263+0000][3397.335s][info ][safepoint     ] Application time: 1.0010233 seconds
[2023-12-02T16:28:46.264+0000][3397.336s][info ][safepoint     ] Entering safepoint region: Cleanup
[2023-12-02T16:28:46.265+0000][3397.336s][info ][safepoint     ] Leaving safepoint region
[2023-12-02T16:28:46.265+0000][3397.337s][info ][safepoint     ] Total time for which application threads were stopped: 0.0007400 seconds, Stopping threads took: 0.0003601 seconds
[2023-12-02T16:28:47.265+0000][3398.337s][debug][safepoint     ] Safepoint synchronization initiated. (207 threads)
[2023-12-02T16:28:47.266+0000][3398.337s][info ][safepoint     ] Application time: 1.0005239 seconds
[2023-12-02T16:28:47.266+0000][3398.338s][info ][safepoint     ] Entering safepoint region: Cleanup
[2023-12-02T16:28:47.266+0000][3398.338s][info ][safepoint     ] Leaving safepoint region
[2023-12-02T16:28:47.267+0000][3398.338s][info ][safepoint     ] Total time for which application threads were stopped: 0.0008511 seconds, Stopping threads took: 0.0002970 seconds
[2023-12-02T16:28:48.267+0000][3399.339s][debug][safepoint     ] Safepoint synchronization initiated. (207 threads)
[2023-12-02T16:28:48.268+0000][3399.339s][info ][safepoint     ] Application time: 1.0007680 seconds
[2023-12-02T16:28:48.268+0000][3399.340s][info ][safepoint     ] Entering safepoint region: Cleanup
[2023-12-02T16:28:48.269+0000][3399.340s][info ][safepoint     ] Leaving safepoint region
[2023-12-02T16:28:48.269+0000][3399.341s][info ][safepoint     ] Total time for which application threads were stopped: 0.0010052 seconds, Stopping threads took: 0.0004531 seconds
[2023-12-02T16:28:49.269+0000][3400.341s][debug][safepoint     ] Safepoint synchronization initiated. (207 threads)
[2023-12-02T16:28:49.270+0000][3400.342s][info ][safepoint     ] Application time: 1.0006987 seconds
[2023-12-02T16:28:49.270+0000][3400.342s][info ][safepoint     ] Entering safepoint region: Cleanup
[2023-12-02T16:28:49.271+0000][3400.343s][info ][safepoint     ] Leaving safepoint region
[2023-12-02T16:28:49.271+0000][3400.343s][info ][safepoint     ] Total time for which application threads were stopped: 0.0008863 seconds, Stopping threads took: 0.0004609 seconds
[2023-12-02T16:28:50.272+0000][3401.343s][debug][safepoint     ] Safepoint synchronization initiated. (207 threads)
[2023-12-02T16:28:50.273+0000][3401.344s][info ][safepoint     ] Application time: 1.0011659 seconds
[2023-12-02T16:28:50.273+0000][3401.345s][info ][safepoint     ] Entering safepoint region: Cleanup
[2023-12-02T16:28:50.274+0000][3401.346s][info ][safepoint     ] Leaving safepoint region
[2023-12-02T16:28:50.275+0000][3401.347s][info ][safepoint     ] Total time for which application threads were stopped: 0.0016721 seconds, Stopping threads took: 0.0008844 seconds
[2023-12-02T16:28:50.274+0000][3401.346s][debug][safepoint     ] ... found polling page return exception at pc = 0x00007f43fc9de0c4, stub =0x00007f43f4840600
[2023-12-02T16:28:50.274+0000][3401.346s][debug][safepoint     ] ... found polling page return exception at pc = 0x00007f43fc9de0c4, stub =0x00007f43f4840600
[2023-12-02T16:28:50.274+0000][3401.346s][debug][safepoint     ] ... found polling page return exception at pc = 0x00007f43fc9de0c4, stub =0x00007f43f4840600
[2023-12-02T16:28:50.274+0000][3401.346s][debug][safepoint     ] ... found polling page return exception at pc = 0x00007f43fc9de0c4, stub =0x00007f43f4840600
[2023-12-02T16:28:51.276+0000][3402.347s][debug][safepoint     ] Safepoint synchronization initiated. (207 threads)
[2023-12-02T16:28:51.276+0000][3402.348s][info ][safepoint     ] Application time: 1.0004623 seconds
[2023-12-02T16:28:51.276+0000][3402.348s][info ][safepoint     ] Entering safepoint region: Cleanup
[2023-12-02T16:28:51.277+0000][3402.348s][info ][safepoint     ] Leaving safepoint region
[2023-12-02T16:28:51.277+0000][3402.349s][info ][safepoint     ] Total time for which application threads were stopped: 0.0007085 seconds, Stopping threads took: 0.0001912 seconds
[2023-12-02T16:28:52.277+0000][3403.349s][debug][safepoint     ] Safepoint synchronization initiated. (207 threads)
[2023-12-02T16:28:52.278+0000][3403.350s][info ][safepoint     ] Application time: 1.0011857 seconds
[2023-12-02T16:28:52.280+0000][3403.352s][info ][safepoint     ] Entering safepoint region: Cleanup
[2023-12-02T16:28:52.283+0000][3403.355s][info ][safepoint     ] Leaving safepoint region
[2023-12-02T16:28:52.285+0000][3403.357s][info ][safepoint     ] Total time for which application threads were stopped: 0.0050552 seconds, Stopping threads took: 0.0022360 seconds
[2023-12-02T16:28:53.287+0000][3404.359s][debug][safepoint     ] Safepoint synchronization initiated. (207 threads)
[2023-12-02T16:28:53.287+0000][3404.359s][info ][safepoint     ] Application time: 1.0009145 seconds
[2023-12-02T16:28:53.288+0000][3404.359s][info ][safepoint     ] Entering safepoint region: Cleanup
[2023-12-02T16:28:53.288+0000][3404.360s][info ][safepoint     ] Leaving safepoint region
[2023-12-02T16:28:53.288+0000][3404.360s][info ][safepoint     ] Total time for which application threads were stopped: 0.0007638 seconds, Stopping threads took: 0.0003653 seconds
[2023-12-02T16:28:54.289+0000][3405.360s][debug][safepoint     ] Safepoint synchronization initiated. (207 threads)
[2023-12-02T16:28:54.289+0000][3405.361s][info ][safepoint     ] Application time: 1.0003810 seconds
[2023-12-02T16:28:54.289+0000][3405.361s][info ][safepoint     ] Entering safepoint region: Cleanup
[2023-12-02T16:28:54.290+0000][3405.361s][info ][safepoint     ] Leaving safepoint region
[2023-12-02T16:28:54.290+0000][3405.361s][info ][safepoint     ] Total time for which application threads were stopped: 0.0006140 seconds, Stopping threads took: 0.0002282 seconds
[2023-12-02T16:28:55.290+0000][3406.362s][debug][safepoint     ] Safepoint synchronization initiated. (207 threads)
[2023-12-02T16:28:55.291+0000][3406.363s][info ][safepoint     ] Application time: 1.0012645 seconds
[2023-12-02T16:28:55.292+0000][3406.364s][info ][safepoint     ] Entering safepoint region: Cleanup
[2023-12-02T16:28:55.293+0000][3406.365s][info ][safepoint     ] Leaving safepoint region
[2023-12-02T16:28:55.294+0000][3406.365s][info ][safepoint     ] Total time for which application threads were stopped: 0.0017740 seconds, Stopping threads took: 0.0008277 seconds
[2023-12-02T16:28:56.295+0000][3407.366s][debug][safepoint     ] Safepoint synchronization initiated. (207 threads)
[2023-12-02T16:28:56.295+0000][3407.367s][info ][safepoint     ] Application time: 1.0007802 seconds
[2023-12-02T16:28:56.296+0000][3407.367s][info ][safepoint     ] Entering safepoint region: Cleanup
[2023-12-02T16:28:56.296+0000][3407.368s][info ][safepoint     ] Leaving safepoint region
[2023-12-02T16:28:56.296+0000][3407.368s][info ][safepoint     ] Total time for which application threads were stopped: 0.0007769 seconds, Stopping threads took: 0.0003200 seconds
[2023-12-02T16:28:57.297+0000][3408.369s][debug][safepoint     ] Safepoint synchronization initiated. (207 threads)
[2023-12-02T16:28:57.298+0000][3408.369s][info ][safepoint     ] Application time: 1.0012094 seconds
[2023-12-02T16:28:57.299+0000][3408.370s][info ][safepoint     ] Entering safepoint region: Cleanup
[2023-12-02T16:28:57.300+0000][3408.372s][info ][safepoint     ] Leaving safepoint region
[2023-12-02T16:28:57.301+0000][3408.372s][info ][safepoint     ] Total time for which application threads were stopped: 0.0020240 seconds, Stopping threads took: 0.0009275 seconds
[2023-12-02T16:28:58.302+0000][3409.373s][debug][safepoint     ] Safepoint synchronization initiated. (207 threads)
[2023-12-02T16:28:58.302+0000][3409.374s][info ][safepoint     ] Application time: 1.0012159 seconds
[2023-12-02T16:28:58.303+0000][3409.375s][info ][safepoint     ] Entering safepoint region: Cleanup
[2023-12-02T16:28:58.305+0000][3409.376s][info ][safepoint     ] Leaving safepoint region
[2023-12-02T16:28:58.305+0000][3409.377s][info ][safepoint     ] Total time for which application threads were stopped: 0.0021472 seconds, Stopping threads took: 0.0009262 seconds
[2023-12-02T16:28:59.307+0000][3410.378s][debug][safepoint     ] Safepoint synchronization initiated. (207 threads)
[2023-12-02T16:28:59.307+0000][3410.379s][info ][safepoint     ] Application time: 1.0008510 seconds
[2023-12-02T16:28:59.308+0000][3410.379s][info ][safepoint     ] Entering safepoint region: Cleanup
[2023-12-02T16:28:59.308+0000][3410.380s][info ][safepoint     ] Leaving safepoint region
[2023-12-02T16:28:59.309+0000][3410.380s][info ][safepoint     ] Total time for which application threads were stopped: 0.0011449 seconds, Stopping threads took: 0.0003609 seconds
[2023-12-02T16:29:00.309+0000][3411.381s][debug][safepoint     ] Safepoint synchronization initiated. (207 threads)
[2023-12-02T16:29:00.310+0000][3411.382s][info ][safepoint     ] Application time: 1.0011934 seconds
[2023-12-02T16:29:00.311+0000][3411.383s][info ][safepoint     ] Entering safepoint region: Cleanup
[2023-12-02T16:29:00.312+0000][3411.384s][info ][safepoint     ] Leaving safepoint region
[2023-12-02T16:29:00.313+0000][3411.384s][info ][safepoint     ] Total time for which application threads were stopped: 0.0016666 seconds, Stopping threads took: 0.0007050 seconds
[2023-12-02T16:29:01.313+0000][3412.385s][debug][safepoint     ] Safepoint synchronization initiated. (207 threads)
[2023-12-02T16:29:01.314+0000][3412.386s][info ][safepoint     ] Application time: 1.0006150 seconds
[2023-12-02T16:29:01.314+0000][3412.386s][info ][safepoint     ] Entering safepoint region: Cleanup
[2023-12-02T16:29:01.315+0000][3412.386s][info ][safepoint     ] Leaving safepoint region
[2023-12-02T16:29:01.315+0000][3412.387s][info ][safepoint     ] Total time for which application threads were stopped: 0.0006985 seconds, Stopping threads took: 0.0002675 seconds
[2023-12-02T16:29:02.315+0000][3413.387s][debug][safepoint     ] Safepoint synchronization initiated. (207 threads)
[2023-12-02T16:29:02.316+0000][3413.387s][info ][safepoint     ] Application time: 1.0004772 seconds
[2023-12-02T16:29:02.316+0000][3413.388s][info ][safepoint     ] Entering safepoint region: Cleanup
[2023-12-02T16:29:02.316+0000][3413.388s][info ][safepoint     ] Leaving safepoint region
[2023-12-02T16:29:02.317+0000][3413.388s][info ][safepoint     ] Total time for which application threads were stopped: 0.0008619 seconds, Stopping threads took: 0.0002610 seconds
[2023-12-02T16:29:03.317+0000][3414.389s][debug][safepoint     ] Safepoint synchronization initiated. (207 threads)
[2023-12-02T16:29:03.318+0000][3414.389s][info ][safepoint     ] Application time: 1.0006826 seconds
[2023-12-02T16:29:03.318+0000][3414.390s][info ][safepoint     ] Entering safepoint region: Cleanup
[2023-12-02T16:29:03.318+0000][3414.390s][info ][safepoint     ] Leaving safepoint region
[2023-12-02T16:29:03.319+0000][3414.390s][info ][safepoint     ] Total time for which application threads were stopped: 0.0006721 seconds, Stopping threads took: 0.0002292 seconds
[2023-12-02T16:29:04.319+0000][3415.391s][debug][safepoint     ] Safepoint synchronization initiated. (207 threads)
[2023-12-02T16:29:04.319+0000][3415.391s][info ][safepoint     ] Application time: 1.0004167 seconds
[2023-12-02T16:29:04.319+0000][3415.391s][info ][safepoint     ] Entering safepoint region: Cleanup
[2023-12-02T16:29:04.320+0000][3415.391s][info ][safepoint     ] Leaving safepoint region
[2023-12-02T16:29:04.320+0000][3415.392s][info ][safepoint     ] Total time for which application threads were stopped: 0.0005282 seconds, Stopping threads took: 0.0001879 seconds
[2023-12-02T16:29:05.320+0000][3416.392s][debug][safepoint     ] Safepoint synchronization initiated. (207 threads)
[2023-12-02T16:29:05.322+0000][3416.393s][info ][safepoint     ] Application time: 1.0016816 seconds
[2023-12-02T16:29:05.322+0000][3416.394s][info ][safepoint     ] Entering safepoint region: Cleanup
[2023-12-02T16:29:05.323+0000][3416.394s][info ][safepoint     ] Leaving safepoint region
[2023-12-02T16:29:05.323+0000][3416.394s][info ][safepoint     ] Total time for which application threads were stopped: 0.0007390 seconds, Stopping threads took: 0.0003484 seconds
[2023-12-02T16:29:06.323+0000][3417.395s][debug][safepoint     ] Safepoint synchronization initiated. (207 threads)
[2023-12-02T16:29:06.324+0000][3417.396s][info ][safepoint     ] Application time: 1.0011591 seconds
[2023-12-02T16:29:06.325+0000][3417.397s][info ][safepoint     ] Entering safepoint region: Cleanup
[2023-12-02T16:29:06.326+0000][3417.398s][info ][safepoint     ] Leaving safepoint region
[2023-12-02T16:29:06.327+0000][3417.398s][info ][safepoint     ] Total time for which application threads were stopped: 0.0017523 seconds, Stopping threads took: 0.0007093 seconds
[2023-12-02T16:29:07.327+0000][3418.399s][debug][safepoint     ] Safepoint synchronization initiated. (207 threads)
[2023-12-02T16:29:07.328+0000][3418.400s][info ][safepoint     ] Application time: 1.0006120 seconds
[2023-12-02T16:29:07.328+0000][3418.400s][info ][safepoint     ] Entering safepoint region: Cleanup
[2023-12-02T16:29:07.329+0000][3418.401s][info ][safepoint     ] Leaving safepoint region
[2023-12-02T16:29:07.329+0000][3418.401s][info ][safepoint     ] Total time for which application threads were stopped: 0.0008997 seconds, Stopping threads took: 0.0003506 seconds
[2023-12-02T16:29:08.329+0000][3419.401s][debug][safepoint     ] Safepoint synchronization initiated. (207 threads)
[2023-12-02T16:29:08.330+0000][3419.401s][info ][safepoint     ] Application time: 1.0005235 seconds
[2023-12-02T16:29:08.330+0000][3419.402s][info ][safepoint     ] Entering safepoint region: Cleanup
[2023-12-02T16:29:08.330+0000][3419.402s][info ][safepoint     ] Leaving safepoint region
[2023-12-02T16:29:08.331+0000][3419.402s][info ][safepoint     ] Total time for which application threads were stopped: 0.0007970 seconds, Stopping threads took: 0.0003352 seconds
[2023-12-02T16:29:09.331+0000][3420.403s][debug][safepoint     ] Safepoint synchronization initiated. (207 threads)
[2023-12-02T16:29:09.332+0000][3420.404s][info ][safepoint     ] Application time: 1.0012573 seconds
[2023-12-02T16:29:09.333+0000][3420.405s][info ][safepoint     ] Entering safepoint region: Cleanup
[2023-12-02T16:29:09.334+0000][3420.406s][info ][safepoint     ] Leaving safepoint region
[2023-12-02T16:29:09.335+0000][3420.407s][info ][safepoint     ] Total time for which application threads were stopped: 0.0020556 seconds, Stopping threads took: 0.0009061 seconds
[2023-12-02T16:29:10.336+0000][3421.408s][debug][safepoint     ] Safepoint synchronization initiated. (207 threads)
[2023-12-02T16:29:10.338+0000][3421.409s][info ][safepoint     ] Application time: 1.0015730 seconds
[2023-12-02T16:29:10.338+0000][3421.410s][info ][safepoint     ] Entering safepoint region: Cleanup
[2023-12-02T16:29:10.340+0000][3421.411s][info ][safepoint     ] Leaving safepoint region
[2023-12-02T16:29:10.340+0000][3421.412s][info ][safepoint     ] Total time for which application threads were stopped: 0.0022208 seconds, Stopping threads took: 0.0009136 seconds
[2023-12-02T16:29:11.341+0000][3422.413s][debug][safepoint     ] Safepoint synchronization initiated. (207 threads)
[2023-12-02T16:29:11.342+0000][3422.414s][info ][safepoint     ] Application time: 1.0005532 seconds
[2023-12-02T16:29:11.342+0000][3422.414s][info ][safepoint     ] Entering safepoint region: Cleanup
[2023-12-02T16:29:11.343+0000][3422.414s][info ][safepoint     ] Leaving safepoint region
[2023-12-02T16:29:11.343+0000][3422.414s][info ][safepoint     ] Total time for which application threads were stopped: 0.0006630 seconds, Stopping threads took: 0.0002694 seconds
[2023-12-02T16:29:12.343+0000][3423.415s][debug][safepoint     ] Safepoint synchronization initiated. (207 threads)
[2023-12-02T16:29:12.343+0000][3423.415s][info ][safepoint     ] Application time: 1.0004287 seconds
[2023-12-02T16:29:12.344+0000][3423.416s][info ][safepoint     ] Entering safepoint region: Cleanup
[2023-12-02T16:29:12.344+0000][3423.416s][info ][safepoint     ] Leaving safepoint region
[2023-12-02T16:29:12.345+0000][3423.416s][info ][safepoint     ] Total time for which application threads were stopped: 0.0007391 seconds, Stopping threads took: 0.0003012 seconds
[2023-12-02T16:29:13.345+0000][3424.417s][debug][safepoint     ] Safepoint synchronization initiated. (207 threads)
[2023-12-02T16:29:13.346+0000][3424.417s][info ][safepoint     ] Application time: 1.0008037 seconds
[2023-12-02T16:29:13.346+0000][3424.418s][info ][safepoint     ] Entering safepoint region: Cleanup
[2023-12-02T16:29:13.347+0000][3424.418s][info ][safepoint     ] Leaving safepoint region
[2023-12-02T16:29:13.347+0000][3424.419s][info ][safepoint     ] Total time for which application threads were stopped: 0.0009982 seconds, Stopping threads took: 0.0004221 seconds
[2023-12-02T16:29:14.347+0000][3425.419s][debug][safepoint     ] Safepoint synchronization initiated. (207 threads)
[2023-12-02T16:29:14.348+0000][3425.420s][info ][safepoint     ] Application time: 1.0006383 seconds
[2023-12-02T16:29:14.348+0000][3425.420s][info ][safepoint     ] Entering safepoint region: Cleanup
[2023-12-02T16:29:14.349+0000][3425.420s][info ][safepoint     ] Leaving safepoint region
[2023-12-02T16:29:14.349+0000][3425.421s][info ][safepoint     ] Total time for which application threads were stopped: 0.0008112 seconds, Stopping threads took: 0.0003553 seconds
[2023-12-02T16:29:15.349+0000][3426.421s][debug][safepoint     ] Safepoint synchronization initiated. (207 threads)
[2023-12-02T16:29:15.350+0000][3426.422s][info ][safepoint     ] Application time: 1.0007280 seconds
[2023-12-02T16:29:15.350+0000][3426.422s][info ][safepoint     ] Entering safepoint region: Cleanup
[2023-12-02T16:29:15.351+0000][3426.423s][info ][safepoint     ] Leaving safepoint region
[2023-12-02T16:29:15.352+0000][3426.423s][info ][safepoint     ] Total time for which application threads were stopped: 0.0013899 seconds, Stopping threads took: 0.0005265 seconds
[2023-12-02T16:29:16.353+0000][3427.424s][debug][safepoint     ] Safepoint synchronization initiated. (207 threads)
[2023-12-02T16:29:16.353+0000][3427.425s][info ][safepoint     ] Application time: 1.0009262 seconds
[2023-12-02T16:29:16.354+0000][3427.425s][info ][safepoint     ] Entering safepoint region: Cleanup
[2023-12-02T16:29:16.354+0000][3427.426s][info ][safepoint     ] Leaving safepoint region
[2023-12-02T16:29:16.355+0000][3427.426s][info ][safepoint     ] Total time for which application threads were stopped: 0.0010586 seconds, Stopping threads took: 0.0004634 seconds
[2023-12-02T16:29:17.355+0000][3428.427s][debug][safepoint     ] Safepoint synchronization initiated. (207 threads)
[2023-12-02T16:29:17.355+0000][3428.427s][info ][safepoint     ] Application time: 1.0004271 seconds
[2023-12-02T16:29:17.356+0000][3428.427s][info ][safepoint     ] Entering safepoint region: Cleanup
[2023-12-02T16:29:17.356+0000][3428.428s][info ][safepoint     ] Leaving safepoint region
[2023-12-02T16:29:17.356+0000][3428.428s][info ][safepoint     ] Total time for which application threads were stopped: 0.0005101 seconds, Stopping threads took: 0.0001827 seconds
[2023-12-02T16:29:18.356+0000][3429.428s][debug][safepoint     ] Safepoint synchronization initiated. (207 threads)
[2023-12-02T16:29:18.357+0000][3429.429s][info ][safepoint     ] Application time: 1.0007708 seconds
[2023-12-02T16:29:18.358+0000][3429.429s][info ][safepoint     ] Entering safepoint region: Cleanup
[2023-12-02T16:29:18.359+0000][3429.430s][info ][safepoint     ] Leaving safepoint region
[2023-12-02T16:29:18.359+0000][3429.431s][info ][safepoint     ] Total time for which application threads were stopped: 0.0017024 seconds, Stopping threads took: 0.0006571 seconds
[2023-12-02T16:29:19.360+0000][3430.432s][debug][safepoint     ] Safepoint synchronization initiated. (207 threads)
[2023-12-02T16:29:19.361+0000][3430.433s][info ][safepoint     ] Application time: 1.0013980 seconds
[2023-12-02T16:29:19.362+0000][3430.434s][info ][safepoint     ] Entering safepoint region: Cleanup
[2023-12-02T16:29:19.363+0000][3430.435s][info ][safepoint     ] Leaving safepoint region
[2023-12-02T16:29:19.364+0000][3430.436s][info ][safepoint     ] Total time for which application threads were stopped: 0.0018709 seconds, Stopping threads took: 0.0008406 seconds
[2023-12-02T16:29:20.365+0000][3431.436s][debug][safepoint     ] Safepoint synchronization initiated. (207 threads)
[2023-12-02T16:29:20.365+0000][3431.437s][info ][safepoint     ] Application time: 1.0006004 seconds
[2023-12-02T16:29:20.365+0000][3431.437s][info ][safepoint     ] Entering safepoint region: Cleanup
[2023-12-02T16:29:20.366+0000][3431.438s][info ][safepoint     ] Leaving safepoint region
[2023-12-02T16:29:20.366+0000][3431.438s][info ][safepoint     ] Total time for which application threads were stopped: 0.0007104 seconds, Stopping threads took: 0.0002904 seconds
[2023-12-02T16:29:21.366+0000][3432.438s][debug][safepoint     ] Safepoint synchronization initiated. (207 threads)
[2023-12-02T16:29:21.367+0000][3432.439s][info ][safepoint     ] Application time: 1.0005305 seconds
[2023-12-02T16:29:21.367+0000][3432.439s][info ][safepoint     ] Entering safepoint region: Cleanup
[2023-12-02T16:29:21.368+0000][3432.439s][info ][safepoint     ] Leaving safepoint region
[2023-12-02T16:29:21.368+0000][3432.440s][info ][safepoint     ] Total time for which application threads were stopped: 0.0007692 seconds, Stopping threads took: 0.0003339 seconds
[2023-12-02T16:29:22.368+0000][3433.440s][debug][safepoint     ] Safepoint synchronization initiated. (207 threads)
[2023-12-02T16:29:22.369+0000][3433.441s][info ][safepoint     ] Application time: 1.0006419 seconds
[2023-12-02T16:29:22.369+0000][3433.441s][info ][safepoint     ] Entering safepoint region: Cleanup
[2023-12-02T16:29:22.370+0000][3433.441s][info ][safepoint     ] Leaving safepoint region
[2023-12-02T16:29:22.370+0000][3433.442s][info ][safepoint     ] Total time for which application threads were stopped: 0.0009701 seconds, Stopping threads took: 0.0004068 seconds
[2023-12-02T16:29:23.370+0000][3434.442s][debug][safepoint     ] Safepoint synchronization initiated. (207 threads)
[2023-12-02T16:29:23.371+0000][3434.442s][info ][safepoint     ] Application time: 1.0003405 seconds
[2023-12-02T16:29:23.371+0000][3434.443s][info ][safepoint     ] Entering safepoint region: Cleanup
[2023-12-02T16:29:23.371+0000][3434.443s][info ][safepoint     ] Leaving safepoint region
[2023-12-02T16:29:23.371+0000][3434.443s][info ][safepoint     ] Total time for which application threads were stopped: 0.0005422 seconds, Stopping threads took: 0.0002017 seconds
[2023-12-02T16:29:24.372+0000][3435.444s][debug][safepoint     ] Safepoint synchronization initiated. (207 threads)
[2023-12-02T16:29:24.373+0000][3435.444s][info ][safepoint     ] Application time: 1.0009644 seconds
[2023-12-02T16:29:24.373+0000][3435.445s][info ][safepoint     ] Entering safepoint region: Cleanup
[2023-12-02T16:29:24.374+0000][3435.446s][info ][safepoint     ] Leaving safepoint region
[2023-12-02T16:29:24.374+0000][3435.446s][info ][safepoint     ] Total time for which application threads were stopped: 0.0010415 seconds, Stopping threads took: 0.0004870 seconds
[2023-12-02T16:29:25.375+0000][3436.447s][debug][safepoint     ] Safepoint synchronization initiated. (207 threads)
[2023-12-02T16:29:25.376+0000][3436.447s][info ][safepoint     ] Application time: 1.0010226 seconds
[2023-12-02T16:29:25.377+0000][3436.448s][info ][safepoint     ] Entering safepoint region: Cleanup
[2023-12-02T16:29:25.378+0000][3436.449s][info ][safepoint     ] Leaving safepoint region
[2023-12-02T16:29:25.378+0000][3436.450s][info ][safepoint     ] Total time for which application threads were stopped: 0.0016483 seconds, Stopping threads took: 0.0006924 seconds
[2023-12-02T16:29:25.426+0000][3436.497s][debug][safepoint     ] Safepoint synchronization initiated. (207 threads)
[2023-12-02T16:29:25.427+0000][3436.498s][info ][safepoint     ] Application time: 0.0477528 seconds
[2023-12-02T16:29:25.427+0000][3436.499s][info ][safepoint     ] Entering safepoint region: G1CollectForAllocation
[2023-12-02T16:29:25.428+0000][3436.500s][info ][gc,start      ] GC(86) Pause Young (Prepare Mixed) (G1 Evacuation Pause)
[2023-12-02T16:29:25.429+0000][3436.501s][info ][gc,task       ] GC(86) Using 8 workers of 8 for evacuation
[2023-12-02T16:29:25.436+0000][3436.508s][info ][gc,phases     ] GC(86)   Pre Evacuate Collection Set: 0.1ms
[2023-12-02T16:29:25.437+0000][3436.508s][info ][gc,phases     ] GC(86)   Evacuate Collection Set: 3.7ms
[2023-12-02T16:29:25.437+0000][3436.509s][info ][gc,phases     ] GC(86)   Post Evacuate Collection Set: 2.5ms
[2023-12-02T16:29:25.438+0000][3436.510s][info ][gc,phases     ] GC(86)   Other: 1.6ms
[2023-12-02T16:29:25.439+0000][3436.510s][info ][gc,heap       ] GC(86) Eden regions: 174->0(19)
[2023-12-02T16:29:25.439+0000][3436.511s][info ][gc,heap       ] GC(86) Survivor regions: 2->2(22)
[2023-12-02T16:29:25.440+0000][3436.511s][info ][gc,heap       ] GC(86) Old regions: 149->149
[2023-12-02T16:29:25.440+0000][3436.512s][info ][gc,heap       ] GC(86) Humongous regions: 55->55
[2023-12-02T16:29:25.440+0000][3436.512s][info ][gc,metaspace  ] GC(86) Metaspace: 174702K(194588K)->174702K(194588K) NonClass: 154808K(170784K)->154808K(170784K) Class: 19893K(23804K)->19893K(23804K)
[2023-12-02T16:29:25.441+0000][3436.512s][info ][gc            ] GC(86) Pause Young (Prepare Mixed) (G1 Evacuation Pause) 377M->203M(427M) 12.169ms
[2023-12-02T16:29:25.441+0000][3436.513s][info ][gc,cpu        ] GC(86) User=0.02s Sys=0.01s Real=0.02s
[2023-12-02T16:29:25.441+0000][3436.513s][info ][safepoint     ] Leaving safepoint region
[2023-12-02T16:29:25.442+0000][3436.513s][info ][safepoint     ] Total time for which application threads were stopped: 0.0144240 seconds, Stopping threads took: 0.0007320 seconds
[2023-12-02T16:29:25.442+0000][3436.514s][info ][gc,stringdedup] Concurrent String Deduplication (3436.514s)
[2023-12-02T16:29:25.442+0000][3436.514s][info ][gc,stringdedup] Concurrent String Deduplication 0.0B->0.0B(0.0B) avg 52.7% (3436.514s, 3436.514s) 0.328ms
[2023-12-02T16:29:26.442+0000][3437.514s][debug][safepoint     ] Safepoint synchronization initiated. (207 threads)
[2023-12-02T16:29:26.443+0000][3437.515s][info ][safepoint     ] Application time: 1.0011275 seconds
[2023-12-02T16:29:26.444+0000][3437.515s][info ][safepoint     ] Entering safepoint region: Cleanup
[2023-12-02T16:29:26.445+0000][3437.516s][info ][safepoint     ] Leaving safepoint region
[2023-12-02T16:29:26.445+0000][3437.517s][info ][safepoint     ] Total time for which application threads were stopped: 0.0016565 seconds, Stopping threads took: 0.0006664 seconds
[2023-12-02T16:29:27.446+0000][3438.518s][debug][safepoint     ] Safepoint synchronization initiated. (207 threads)
[2023-12-02T16:29:27.446+0000][3438.518s][info ][safepoint     ] Application time: 1.0007208 seconds
[2023-12-02T16:29:27.447+0000][3438.519s][info ][safepoint     ] Entering safepoint region: Cleanup
[2023-12-02T16:29:27.448+0000][3438.520s][info ][safepoint     ] Leaving safepoint region
[2023-12-02T16:29:27.448+0000][3438.520s][info ][safepoint     ] Total time for which application threads were stopped: 0.0011581 seconds, Stopping threads took: 0.0005831 seconds
[2023-12-02T16:29:28.449+0000][3439.520s][debug][safepoint     ] Safepoint synchronization initiated. (207 threads)
[2023-12-02T16:29:28.449+0000][3439.521s][info ][safepoint     ] Application time: 1.0006652 seconds
[2023-12-02T16:29:28.450+0000][3439.522s][info ][safepoint     ] Entering safepoint region: Cleanup
[2023-12-02T16:29:28.451+0000][3439.522s][info ][safepoint     ] Leaving safepoint region
[2023-12-02T16:29:28.451+0000][3439.523s][info ][safepoint     ] Total time for which application threads were stopped: 0.0012103 seconds, Stopping threads took: 0.0005458 seconds
[2023-12-02T16:29:29.452+0000][3440.524s][debug][safepoint     ] Safepoint synchronization initiated. (207 threads)
[2023-12-02T16:29:29.452+0000][3440.524s][info ][safepoint     ] Application time: 1.0007580 seconds
[2023-12-02T16:29:29.453+0000][3440.524s][info ][safepoint     ] Entering safepoint region: Cleanup
[2023-12-02T16:29:29.453+0000][3440.525s][info ][safepoint     ] Leaving safepoint region
[2023-12-02T16:29:29.453+0000][3440.525s][info ][safepoint     ] Total time for which application threads were stopped: 0.0008571 seconds, Stopping threads took: 0.0003277 seconds
[2023-12-02T16:29:30.454+0000][3441.526s][debug][safepoint     ] Safepoint synchronization initiated. (207 threads)
[2023-12-02T16:29:30.455+0000][3441.527s][info ][safepoint     ] Application time: 1.0011597 seconds
[2023-12-02T16:29:30.456+0000][3441.527s][info ][safepoint     ] Entering safepoint region: Cleanup
[2023-12-02T16:29:30.457+0000][3441.528s][info ][safepoint     ] Leaving safepoint region
[2023-12-02T16:29:30.457+0000][3441.529s][info ][safepoint     ] Total time for which application threads were stopped: 0.0016814 seconds, Stopping threads took: 0.0006818 seconds
[2023-12-02T16:29:31.458+0000][3442.530s][debug][safepoint     ] Safepoint synchronization initiated. (207 threads)
[2023-12-02T16:29:31.459+0000][3442.531s][info ][safepoint     ] Application time: 1.0012215 seconds
[2023-12-02T16:29:31.460+0000][3442.532s][info ][safepoint     ] Entering safepoint region: Cleanup
[2023-12-02T16:29:31.461+0000][3442.533s][info ][safepoint     ] Leaving safepoint region
[2023-12-02T16:29:31.462+0000][3442.533s][info ][safepoint     ] Total time for which application threads were stopped: 0.0017865 seconds, Stopping threads took: 0.0006939 seconds
[2023-12-02T16:29:32.462+0000][3443.534s][debug][safepoint     ] Safepoint synchronization initiated. (207 threads)
[2023-12-02T16:29:32.464+0000][3443.536s][info ][safepoint     ] Application time: 1.0022416 seconds
[2023-12-02T16:29:32.465+0000][3443.537s][info ][safepoint     ] Entering safepoint region: Cleanup
[2023-12-02T16:29:32.465+0000][3443.537s][info ][safepoint     ] Leaving safepoint region
[2023-12-02T16:29:32.466+0000][3443.537s][info ][safepoint     ] Total time for which application threads were stopped: 0.0009659 seconds, Stopping threads took: 0.0004173 seconds
[2023-12-02T16:29:33.466+0000][3444.538s][debug][safepoint     ] Safepoint synchronization initiated. (207 threads)
[2023-12-02T16:29:33.467+0000][3444.539s][info ][safepoint     ] Application time: 1.0009152 seconds
[2023-12-02T16:29:33.468+0000][3444.539s][info ][safepoint     ] Entering safepoint region: Cleanup
[2023-12-02T16:29:33.468+0000][3444.540s][info ][safepoint     ] Leaving safepoint region
[2023-12-02T16:29:33.469+0000][3444.540s][info ][safepoint     ] Total time for which application threads were stopped: 0.0012567 seconds, Stopping threads took: 0.0006284 seconds
[2023-12-02T16:29:34.469+0000][3445.541s][debug][safepoint     ] Safepoint synchronization initiated. (207 threads)
[2023-12-02T16:29:34.470+0000][3445.542s][info ][safepoint     ] Application time: 1.0010477 seconds
[2023-12-02T16:29:34.470+0000][3445.542s][info ][safepoint     ] Entering safepoint region: Cleanup
[2023-12-02T16:29:34.471+0000][3445.542s][info ][safepoint     ] Leaving safepoint region
[2023-12-02T16:29:34.471+0000][3445.543s][info ][safepoint     ] Total time for which application threads were stopped: 0.0008090 seconds, Stopping threads took: 0.0002075 seconds
[2023-12-02T16:29:35.471+0000][3446.543s][debug][safepoint     ] Safepoint synchronization initiated. (207 threads)
[2023-12-02T16:29:35.472+0000][3446.544s][info ][safepoint     ] Application time: 1.0009186 seconds
[2023-12-02T16:29:35.473+0000][3446.545s][info ][safepoint     ] Entering safepoint region: Cleanup
[2023-12-02T16:29:35.474+0000][3446.545s][info ][safepoint     ] Leaving safepoint region
[2023-12-02T16:29:35.474+0000][3446.546s][info ][safepoint     ] Total time for which application threads were stopped: 0.0013350 seconds, Stopping threads took: 0.0006334 seconds
[2023-12-02T16:29:36.475+0000][3447.547s][debug][safepoint     ] Safepoint synchronization initiated. (207 threads)
[2023-12-02T16:29:36.476+0000][3447.548s][info ][safepoint     ] Application time: 1.0014777 seconds
[2023-12-02T16:29:36.477+0000][3447.548s][info ][safepoint     ] Entering safepoint region: Cleanup
[2023-12-02T16:29:36.477+0000][3447.549s][info ][safepoint     ] Leaving safepoint region
[2023-12-02T16:29:36.478+0000][3447.549s][info ][safepoint     ] Total time for which application threads were stopped: 0.0010529 seconds, Stopping threads took: 0.0003801 seconds
[2023-12-02T16:29:37.478+0000][3448.550s][debug][safepoint     ] Safepoint synchronization initiated. (207 threads)
[2023-12-02T16:29:37.479+0000][3448.551s][info ][safepoint     ] Application time: 1.0008623 seconds
[2023-12-02T16:29:37.479+0000][3448.551s][info ][safepoint     ] Entering safepoint region: Cleanup
[2023-12-02T16:29:37.480+0000][3448.552s][info ][safepoint     ] Leaving safepoint region
[2023-12-02T16:29:37.481+0000][3448.552s][info ][safepoint     ] Total time for which application threads were stopped: 0.0012503 seconds, Stopping threads took: 0.0005634 seconds
[2023-12-02T16:29:38.481+0000][3449.553s][debug][safepoint     ] Safepoint synchronization initiated. (207 threads)
[2023-12-02T16:29:38.482+0000][3449.553s][info ][safepoint     ] Application time: 1.0005743 seconds
[2023-12-02T16:29:38.482+0000][3449.554s][info ][safepoint     ] Entering safepoint region: Cleanup
[2023-12-02T16:29:38.482+0000][3449.554s][info ][safepoint     ] Leaving safepoint region
[2023-12-02T16:29:38.483+0000][3449.554s][info ][safepoint     ] Total time for which application threads were stopped: 0.0007892 seconds, Stopping threads took: 0.0003135 seconds
[2023-12-02T16:29:39.483+0000][3450.555s][debug][safepoint     ] Safepoint synchronization initiated. (207 threads)
[2023-12-02T16:29:39.484+0000][3450.556s][info ][safepoint     ] Application time: 1.0009832 seconds
[2023-12-02T16:29:39.485+0000][3450.556s][info ][safepoint     ] Entering safepoint region: Cleanup
[2023-12-02T16:29:39.486+0000][3450.557s][info ][safepoint     ] Leaving safepoint region
[2023-12-02T16:29:39.486+0000][3450.558s][info ][safepoint     ] Total time for which application threads were stopped: 0.0014418 seconds, Stopping threads took: 0.0006466 seconds
[2023-12-02T16:29:40.487+0000][3451.559s][debug][safepoint     ] Safepoint synchronization initiated. (207 threads)
[2023-12-02T16:29:40.488+0000][3451.560s][info ][safepoint     ] Application time: 1.0013117 seconds
[2023-12-02T16:29:40.489+0000][3451.561s][info ][safepoint     ] Entering safepoint region: Cleanup
[2023-12-02T16:29:40.490+0000][3451.562s][info ][safepoint     ] Leaving safepoint region
[2023-12-02T16:29:40.491+0000][3451.562s][info ][safepoint     ] Total time for which application threads were stopped: 0.0019186 seconds, Stopping threads took: 0.0007704 seconds
[2023-12-02T16:29:41.492+0000][3452.564s][debug][safepoint     ] Safepoint synchronization initiated. (207 threads)
[2023-12-02T16:29:41.492+0000][3452.564s][info ][safepoint     ] Application time: 1.0010773 seconds
[2023-12-02T16:29:41.493+0000][3452.565s][info ][safepoint     ] Entering safepoint region: Cleanup
[2023-12-02T16:29:41.494+0000][3452.565s][info ][safepoint     ] Leaving safepoint region
[2023-12-02T16:29:41.494+0000][3452.566s][info ][safepoint     ] Total time for which application threads were stopped: 0.0011107 seconds, Stopping threads took: 0.0004762 seconds
[2023-12-02T16:29:42.495+0000][3453.566s][debug][safepoint     ] Safepoint synchronization initiated. (207 threads)
[2023-12-02T16:29:42.495+0000][3453.567s][info ][safepoint     ] Application time: 1.0005631 seconds
[2023-12-02T16:29:42.496+0000][3453.567s][info ][safepoint     ] Entering safepoint region: Cleanup
[2023-12-02T16:29:42.496+0000][3453.568s][info ][safepoint     ] Leaving safepoint region
[2023-12-02T16:29:42.497+0000][3453.568s][info ][safepoint     ] Total time for which application threads were stopped: 0.0010387 seconds, Stopping threads took: 0.0004357 seconds
[2023-12-02T16:29:43.497+0000][3454.569s][debug][safepoint     ] Safepoint synchronization initiated. (207 threads)
[2023-12-02T16:29:43.498+0000][3454.570s][info ][safepoint     ] Application time: 1.0009848 seconds
[2023-12-02T16:29:43.499+0000][3454.570s][info ][safepoint     ] Entering safepoint region: Cleanup
[2023-12-02T16:29:43.500+0000][3454.571s][info ][safepoint     ] Leaving safepoint region
[2023-12-02T16:29:43.500+0000][3454.572s][info ][safepoint     ] Total time for which application threads were stopped: 0.0018536 seconds, Stopping threads took: 0.0007253 seconds
[2023-12-02T16:29:44.501+0000][3455.573s][debug][safepoint     ] Safepoint synchronization initiated. (207 threads)
[2023-12-02T16:29:44.502+0000][3455.573s][info ][safepoint     ] Application time: 1.0005559 seconds
[2023-12-02T16:29:44.502+0000][3455.574s][info ][safepoint     ] Entering safepoint region: Cleanup
[2023-12-02T16:29:44.503+0000][3455.574s][info ][safepoint     ] Leaving safepoint region
[2023-12-02T16:29:44.503+0000][3455.574s][info ][safepoint     ] Total time for which application threads were stopped: 0.0008072 seconds, Stopping threads took: 0.0003541 seconds
[2023-12-02T16:29:44.869+0000][3455.940s][debug][safepoint     ] Safepoint synchronization initiated. (207 threads)
[2023-12-02T16:29:44.869+0000][3455.941s][info ][safepoint     ] Application time: 0.3660943 seconds
[2023-12-02T16:29:44.870+0000][3455.941s][info ][safepoint     ] Entering safepoint region: G1CollectForAllocation
[2023-12-02T16:29:44.870+0000][3455.942s][info ][gc,start      ] GC(87) Pause Young (Mixed) (G1 Evacuation Pause)
[2023-12-02T16:29:44.871+0000][3455.942s][info ][gc,task       ] GC(87) Using 8 workers of 8 for evacuation
[2023-12-02T16:29:44.878+0000][3455.950s][info ][gc,phases     ] GC(87)   Pre Evacuate Collection Set: 0.0ms
[2023-12-02T16:29:44.879+0000][3455.951s][info ][gc,phases     ] GC(87)   Evacuate Collection Set: 5.0ms
[2023-12-02T16:29:44.879+0000][3455.951s][info ][gc,phases     ] GC(87)   Post Evacuate Collection Set: 2.0ms
[2023-12-02T16:29:44.880+0000][3455.951s][info ][gc,phases     ] GC(87)   Other: 0.9ms
[2023-12-02T16:29:44.880+0000][3455.952s][info ][gc,heap       ] GC(87) Eden regions: 19->0(172)
[2023-12-02T16:29:44.880+0000][3455.952s][info ][gc,heap       ] GC(87) Survivor regions: 2->2(3)
[2023-12-02T16:29:44.881+0000][3455.952s][info ][gc,heap       ] GC(87) Old regions: 149->149
[2023-12-02T16:29:44.881+0000][3455.953s][info ][gc,heap       ] GC(87) Humongous regions: 55->55
[2023-12-02T16:29:44.881+0000][3455.953s][info ][gc,metaspace  ] GC(87) Metaspace: 174702K(194588K)->174702K(194588K) NonClass: 154808K(170784K)->154808K(170784K) Class: 19893K(23804K)->19893K(23804K)
[2023-12-02T16:29:44.882+0000][3455.953s][info ][gc            ] GC(87) Pause Young (Mixed) (G1 Evacuation Pause) 222M->203M(427M) 11.383ms
[2023-12-02T16:29:44.882+0000][3455.954s][info ][gc,cpu        ] GC(87) User=0.04s Sys=0.00s Real=0.01s
[2023-12-02T16:29:44.882+0000][3455.954s][info ][safepoint     ] Leaving safepoint region
[2023-12-02T16:29:44.882+0000][3455.954s][info ][safepoint     ] Total time for which application threads were stopped: 0.0127104 seconds, Stopping threads took: 0.0004246 seconds
[2023-12-02T16:29:44.883+0000][3455.954s][info ][gc,stringdedup] Concurrent String Deduplication (3455.954s)
[2023-12-02T16:29:44.883+0000][3455.955s][info ][gc,stringdedup] Concurrent String Deduplication 2880.0B->752.0B(2128.0B) avg 52.7% (3455.954s, 3455.954s) 0.242ms
[2023-12-02T16:29:45.883+0000][3456.955s][debug][safepoint     ] Safepoint synchronization initiated. (207 threads)
[2023-12-02T16:29:45.884+0000][3456.955s][info ][safepoint     ] Application time: 1.0010225 seconds
[2023-12-02T16:29:45.884+0000][3456.956s][info ][safepoint     ] Entering safepoint region: Cleanup
[2023-12-02T16:29:45.885+0000][3456.957s][info ][safepoint     ] Leaving safepoint region
[2023-12-02T16:29:45.886+0000][3456.957s][info ][safepoint     ] Total time for which application threads were stopped: 0.0015688 seconds, Stopping threads took: 0.0007092 seconds
[2023-12-02T16:29:46.887+0000][3457.958s][debug][safepoint     ] Safepoint synchronization initiated. (207 threads)
[2023-12-02T16:29:46.887+0000][3457.959s][info ][safepoint     ] Application time: 1.0010674 seconds
[2023-12-02T16:29:46.888+0000][3457.960s][info ][safepoint     ] Entering safepoint region: Cleanup
[2023-12-02T16:29:46.889+0000][3457.961s][info ][safepoint     ] Leaving safepoint region
[2023-12-02T16:29:46.890+0000][3457.961s][info ][safepoint     ] Total time for which application threads were stopped: 0.0016413 seconds, Stopping threads took: 0.0006251 seconds
[2023-12-02T16:29:47.891+0000][3458.962s][debug][safepoint     ] Safepoint synchronization initiated. (207 threads)
[2023-12-02T16:29:47.891+0000][3458.963s][info ][safepoint     ] Application time: 1.0012980 seconds
[2023-12-02T16:29:47.892+0000][3458.964s][info ][safepoint     ] Entering safepoint region: Cleanup
[2023-12-02T16:29:47.893+0000][3458.965s][info ][safepoint     ] Leaving safepoint region
[2023-12-02T16:29:47.894+0000][3458.966s][info ][safepoint     ] Total time for which application threads were stopped: 0.0019091 seconds, Stopping threads took: 0.0007065 seconds
[2023-12-02T16:29:48.895+0000][3459.967s][debug][safepoint     ] Safepoint synchronization initiated. (207 threads)
[2023-12-02T16:29:48.896+0000][3459.968s][info ][safepoint     ] Application time: 1.0013724 seconds
[2023-12-02T16:29:48.897+0000][3459.969s][info ][safepoint     ] Entering safepoint region: Cleanup
[2023-12-02T16:29:48.898+0000][3459.970s][info ][safepoint     ] Leaving safepoint region
[2023-12-02T16:29:48.899+0000][3459.970s][info ][safepoint     ] Total time for which application threads were stopped: 0.0017426 seconds, Stopping threads took: 0.0008170 seconds
[2023-12-02T16:29:49.900+0000][3460.971s][debug][safepoint     ] Safepoint synchronization initiated. (207 threads)
[2023-12-02T16:29:49.901+0000][3460.972s][info ][safepoint     ] Application time: 1.0013719 seconds
[2023-12-02T16:29:49.901+0000][3460.973s][info ][safepoint     ] Entering safepoint region: Cleanup
[2023-12-02T16:29:49.903+0000][3460.974s][info ][safepoint     ] Leaving safepoint region
[2023-12-02T16:29:49.903+0000][3460.975s][info ][safepoint     ] Total time for which application threads were stopped: 0.0018052 seconds, Stopping threads took: 0.0007287 seconds
[2023-12-02T16:29:50.904+0000][3461.976s][debug][safepoint     ] Safepoint synchronization initiated. (207 threads)
[2023-12-02T16:29:50.905+0000][3461.977s][info ][safepoint     ] Application time: 1.0009020 seconds
[2023-12-02T16:29:50.905+0000][3461.977s][info ][safepoint     ] Entering safepoint region: Cleanup
[2023-12-02T16:29:50.906+0000][3461.978s][info ][safepoint     ] Leaving safepoint region
[2023-12-02T16:29:50.906+0000][3461.978s][info ][safepoint     ] Total time for which application threads were stopped: 0.0010168 seconds, Stopping threads took: 0.0005100 seconds
[2023-12-02T16:29:51.907+0000][3462.979s][debug][safepoint     ] Safepoint synchronization initiated. (207 threads)
[2023-12-02T16:29:51.908+0000][3462.980s][info ][safepoint     ] Application time: 1.0010720 seconds
[2023-12-02T16:29:51.908+0000][3462.980s][info ][safepoint     ] Entering safepoint region: Cleanup
[2023-12-02T16:29:51.909+0000][3462.981s][info ][safepoint     ] Leaving safepoint region
[2023-12-02T16:29:51.910+0000][3462.982s][info ][safepoint     ] Total time for which application threads were stopped: 0.0015736 seconds, Stopping threads took: 0.0006767 seconds
[2023-12-02T16:29:52.911+0000][3463.982s][debug][safepoint     ] Safepoint synchronization initiated. (207 threads)
[2023-12-02T16:29:52.911+0000][3463.983s][info ][safepoint     ] Application time: 1.0007059 seconds
[2023-12-02T16:29:52.912+0000][3463.983s][info ][safepoint     ] Entering safepoint region: Cleanup
[2023-12-02T16:29:52.912+0000][3463.984s][info ][safepoint     ] Leaving safepoint region
[2023-12-02T16:29:52.912+0000][3463.984s][info ][safepoint     ] Total time for which application threads were stopped: 0.0008391 seconds, Stopping threads took: 0.0003193 seconds
[2023-12-02T16:29:53.913+0000][3464.984s][debug][safepoint     ] Safepoint synchronization initiated. (207 threads)
[2023-12-02T16:29:53.913+0000][3464.985s][info ][safepoint     ] Application time: 1.0004157 seconds
[2023-12-02T16:29:53.914+0000][3464.985s][info ][safepoint     ] Entering safepoint region: Cleanup
[2023-12-02T16:29:53.914+0000][3464.986s][info ][safepoint     ] Leaving safepoint region
[2023-12-02T16:29:53.915+0000][3464.986s][info ][safepoint     ] Total time for which application threads were stopped: 0.0009997 seconds, Stopping threads took: 0.0004372 seconds
[2023-12-02T16:29:54.915+0000][3465.987s][debug][safepoint     ] Safepoint synchronization initiated. (207 threads)
[2023-12-02T16:29:54.915+0000][3465.987s][info ][safepoint     ] Application time: 1.0005108 seconds
[2023-12-02T16:29:54.916+0000][3465.988s][info ][safepoint     ] Entering safepoint region: Cleanup
[2023-12-02T16:29:54.917+0000][3465.988s][info ][safepoint     ] Leaving safepoint region
[2023-12-02T16:29:54.917+0000][3465.989s][info ][safepoint     ] Total time for which application threads were stopped: 0.0010056 seconds, Stopping threads took: 0.0004258 seconds
[2023-12-02T16:29:55.917+0000][3466.989s][debug][safepoint     ] Safepoint synchronization initiated. (207 threads)
[2023-12-02T16:29:55.918+0000][3466.989s][info ][safepoint     ] Application time: 1.0006162 seconds
[2023-12-02T16:29:55.918+0000][3466.990s][info ][safepoint     ] Entering safepoint region: Cleanup
[2023-12-02T16:29:55.919+0000][3466.991s][info ][safepoint     ] Leaving safepoint region
[2023-12-02T16:29:55.919+0000][3466.991s][info ][safepoint     ] Total time for which application threads were stopped: 0.0011194 seconds, Stopping threads took: 0.0004581 seconds
[2023-12-02T16:29:56.920+0000][3467.992s][debug][safepoint     ] Safepoint synchronization initiated. (207 threads)
[2023-12-02T16:29:56.920+0000][3467.992s][info ][safepoint     ] Application time: 1.0004410 seconds
[2023-12-02T16:29:56.921+0000][3467.992s][info ][safepoint     ] Entering safepoint region: Cleanup
[2023-12-02T16:29:56.921+0000][3467.993s][info ][safepoint     ] Leaving safepoint region
[2023-12-02T16:29:56.921+0000][3467.993s][info ][safepoint     ] Total time for which application threads were stopped: 0.0006572 seconds, Stopping threads took: 0.0002537 seconds
[2023-12-02T16:29:57.922+0000][3468.993s][debug][safepoint     ] Safepoint synchronization initiated. (207 threads)
[2023-12-02T16:29:57.922+0000][3468.994s][info ][safepoint     ] Application time: 1.0007764 seconds
[2023-12-02T16:29:57.923+0000][3468.994s][info ][safepoint     ] Entering safepoint region: Cleanup
[2023-12-02T16:29:57.923+0000][3468.995s][info ][safepoint     ] Leaving safepoint region
[2023-12-02T16:29:57.924+0000][3468.995s][info ][safepoint     ] Total time for which application threads were stopped: 0.0010320 seconds, Stopping threads took: 0.0005506 seconds
[2023-12-02T16:29:58.924+0000][3469.996s][debug][safepoint     ] Safepoint synchronization initiated. (207 threads)
[2023-12-02T16:29:58.925+0000][3469.997s][info ][safepoint     ] Application time: 1.0011670 seconds
[2023-12-02T16:29:58.926+0000][3469.997s][info ][safepoint     ] Entering safepoint region: Cleanup
[2023-12-02T16:29:58.927+0000][3469.999s][info ][safepoint     ] Leaving safepoint region
[2023-12-02T16:29:58.928+0000][3469.999s][info ][safepoint     ] Total time for which application threads were stopped: 0.0019816 seconds, Stopping threads took: 0.0007805 seconds
[2023-12-02T16:29:59.928+0000][3471.000s][debug][safepoint     ] Safepoint synchronization initiated. (207 threads)
[2023-12-02T16:29:59.930+0000][3471.001s][info ][safepoint     ] Application time: 1.0015188 seconds
[2023-12-02T16:29:59.931+0000][3471.003s][info ][safepoint     ] Entering safepoint region: Cleanup
[2023-12-02T16:29:59.933+0000][3471.005s][info ][safepoint     ] Leaving safepoint region
[2023-12-02T16:29:59.934+0000][3471.006s][info ][safepoint     ] Total time for which application threads were stopped: 0.0037498 seconds, Stopping threads took: 0.0019742 seconds
[2023-12-02T16:30:00.936+0000][3472.007s][debug][safepoint     ] Safepoint synchronization initiated. (207 threads)
[2023-12-02T16:30:00.936+0000][3472.008s][info ][safepoint     ] Application time: 1.0008566 seconds
[2023-12-02T16:30:00.937+0000][3472.008s][info ][safepoint     ] Entering safepoint region: Cleanup
[2023-12-02T16:30:00.937+0000][3472.009s][info ][safepoint     ] Leaving safepoint region
[2023-12-02T16:30:00.938+0000][3472.009s][info ][safepoint     ] Total time for which application threads were stopped: 0.0010832 seconds, Stopping threads took: 0.0005220 seconds
[2023-12-02T16:30:01.938+0000][3473.010s][debug][safepoint     ] Safepoint synchronization initiated. (207 threads)
[2023-12-02T16:30:01.939+0000][3473.011s][info ][safepoint     ] Application time: 1.0011905 seconds
[2023-12-02T16:30:01.940+0000][3473.012s][info ][safepoint     ] Entering safepoint region: Cleanup
[2023-12-02T16:30:01.941+0000][3473.013s][info ][safepoint     ] Leaving safepoint region
[2023-12-02T16:30:01.942+0000][3473.014s][info ][safepoint     ] Total time for which application threads were stopped: 0.0019493 seconds, Stopping threads took: 0.0007922 seconds
[2023-12-02T16:30:02.943+0000][3474.015s][debug][safepoint     ] Safepoint synchronization initiated. (207 threads)
[2023-12-02T16:30:02.944+0000][3474.015s][info ][safepoint     ] Application time: 1.0008057 seconds
[2023-12-02T16:30:02.944+0000][3474.016s][info ][safepoint     ] Entering safepoint region: Cleanup
[2023-12-02T16:30:02.945+0000][3474.016s][info ][safepoint     ] Leaving safepoint region
[2023-12-02T16:30:02.945+0000][3474.017s][info ][safepoint     ] Total time for which application threads were stopped: 0.0011678 seconds, Stopping threads took: 0.0005322 seconds
[2023-12-02T16:30:03.946+0000][3475.017s][debug][safepoint     ] Safepoint synchronization initiated. (207 threads)
[2023-12-02T16:30:03.946+0000][3475.018s][info ][safepoint     ] Application time: 1.0005375 seconds
[2023-12-02T16:30:03.946+0000][3475.018s][info ][safepoint     ] Entering safepoint region: Cleanup
[2023-12-02T16:30:03.947+0000][3475.018s][info ][safepoint     ] Leaving safepoint region
[2023-12-02T16:30:03.947+0000][3475.018s][info ][safepoint     ] Total time for which application threads were stopped: 0.0005872 seconds, Stopping threads took: 0.0002171 seconds
[2023-12-02T16:30:04.947+0000][3476.019s][debug][safepoint     ] Safepoint synchronization initiated. (207 threads)
[2023-12-02T16:30:04.948+0000][3476.020s][info ][safepoint     ] Application time: 1.0009856 seconds
[2023-12-02T16:30:04.948+0000][3476.020s][info ][safepoint     ] Entering safepoint region: Cleanup
[2023-12-02T16:30:04.949+0000][3476.021s][info ][safepoint     ] Leaving safepoint region
[2023-12-02T16:30:04.950+0000][3476.021s][info ][safepoint     ] Total time for which application threads were stopped: 0.0011512 seconds, Stopping threads took: 0.0006130 seconds
[2023-12-02T16:30:05.950+0000][3477.022s][debug][safepoint     ] Safepoint synchronization initiated. (207 threads)
[2023-12-02T16:30:05.951+0000][3477.022s][info ][safepoint     ] Application time: 1.0008039 seconds
[2023-12-02T16:30:05.951+0000][3477.023s][info ][safepoint     ] Entering safepoint region: Cleanup
[2023-12-02T16:30:05.952+0000][3477.024s][info ][safepoint     ] Leaving safepoint region
[2023-12-02T16:30:05.952+0000][3477.024s][info ][safepoint     ] Total time for which application threads were stopped: 0.0012630 seconds, Stopping threads took: 0.0005439 seconds
[2023-12-02T16:30:06.953+0000][3478.025s][debug][safepoint     ] Safepoint synchronization initiated. (207 threads)
[2023-12-02T16:30:06.953+0000][3478.025s][info ][safepoint     ] Application time: 1.0004866 seconds
[2023-12-02T16:30:06.954+0000][3478.025s][info ][safepoint     ] Entering safepoint region: Cleanup
[2023-12-02T16:30:06.954+0000][3478.025s][info ][safepoint     ] Leaving safepoint region
[2023-12-02T16:30:06.954+0000][3478.026s][info ][safepoint     ] Total time for which application threads were stopped: 0.0005220 seconds, Stopping threads took: 0.0002095 seconds
[2023-12-02T16:30:07.954+0000][3479.026s][debug][safepoint     ] Safepoint synchronization initiated. (207 threads)
[2023-12-02T16:30:07.955+0000][3479.027s][info ][safepoint     ] Application time: 1.0009295 seconds
[2023-12-02T16:30:07.956+0000][3479.027s][info ][safepoint     ] Entering safepoint region: Cleanup
[2023-12-02T16:30:07.956+0000][3479.028s][info ][safepoint     ] Leaving safepoint region
[2023-12-02T16:30:07.957+0000][3479.028s][info ][safepoint     ] Total time for which application threads were stopped: 0.0011322 seconds, Stopping threads took: 0.0006147 seconds
[2023-12-02T16:30:08.957+0000][3480.029s][debug][safepoint     ] Safepoint synchronization initiated. (207 threads)
[2023-12-02T16:30:08.958+0000][3480.030s][info ][safepoint     ] Application time: 1.0008876 seconds
[2023-12-02T16:30:08.958+0000][3480.030s][info ][safepoint     ] Entering safepoint region: Cleanup
[2023-12-02T16:30:08.959+0000][3480.031s][info ][safepoint     ] Leaving safepoint region
[2023-12-02T16:30:08.959+0000][3480.031s][info ][safepoint     ] Total time for which application threads were stopped: 0.0010736 seconds, Stopping threads took: 0.0004965 seconds
[2023-12-02T16:30:09.960+0000][3481.032s][debug][safepoint     ] Safepoint synchronization initiated. (207 threads)
[2023-12-02T16:30:09.961+0000][3481.033s][info ][safepoint     ] Application time: 1.0011156 seconds
[2023-12-02T16:30:09.962+0000][3481.033s][info ][safepoint     ] Entering safepoint region: Cleanup
[2023-12-02T16:30:09.963+0000][3481.034s][info ][safepoint     ] Leaving safepoint region
[2023-12-02T16:30:09.963+0000][3481.035s][info ][safepoint     ] Total time for which application threads were stopped: 0.0015938 seconds, Stopping threads took: 0.0007060 seconds
[2023-12-02T16:30:10.964+0000][3482.036s][debug][safepoint     ] Safepoint synchronization initiated. (207 threads)
[2023-12-02T16:30:10.965+0000][3482.037s][info ][safepoint     ] Application time: 1.0013046 seconds
[2023-12-02T16:30:10.966+0000][3482.037s][info ][safepoint     ] Entering safepoint region: Cleanup
[2023-12-02T16:30:10.967+0000][3482.038s][info ][safepoint     ] Leaving safepoint region
[2023-12-02T16:30:10.968+0000][3482.039s][info ][safepoint     ] Total time for which application threads were stopped: 0.0018843 seconds, Stopping threads took: 0.0007706 seconds
[2023-12-02T16:30:11.968+0000][3483.040s][debug][safepoint     ] Safepoint synchronization initiated. (207 threads)
[2023-12-02T16:30:11.969+0000][3483.040s][info ][safepoint     ] Application time: 1.0005678 seconds
[2023-12-02T16:30:11.969+0000][3483.041s][info ][safepoint     ] Entering safepoint region: Cleanup
[2023-12-02T16:30:11.969+0000][3483.041s][info ][safepoint     ] Leaving safepoint region
[2023-12-02T16:30:11.970+0000][3483.041s][info ][safepoint     ] Total time for which application threads were stopped: 0.0006884 seconds, Stopping threads took: 0.0003477 seconds
[2023-12-02T16:30:12.970+0000][3484.042s][debug][safepoint     ] Safepoint synchronization initiated. (207 threads)
[2023-12-02T16:30:12.971+0000][3484.042s][info ][safepoint     ] Application time: 1.0008608 seconds
[2023-12-02T16:30:12.971+0000][3484.043s][info ][safepoint     ] Entering safepoint region: Cleanup
[2023-12-02T16:30:12.972+0000][3484.044s][info ][safepoint     ] Leaving safepoint region
[2023-12-02T16:30:12.972+0000][3484.044s][info ][safepoint     ] Total time for which application threads were stopped: 0.0011470 seconds, Stopping threads took: 0.0005680 seconds
[2023-12-02T16:30:13.973+0000][3485.044s][debug][safepoint     ] Safepoint synchronization initiated. (207 threads)
[2023-12-02T16:30:13.973+0000][3485.045s][info ][safepoint     ] Application time: 1.0006556 seconds
[2023-12-02T16:30:13.974+0000][3485.045s][info ][safepoint     ] Entering safepoint region: Cleanup
[2023-12-02T16:30:13.974+0000][3485.046s][info ][safepoint     ] Leaving safepoint region
[2023-12-02T16:30:13.975+0000][3485.046s][info ][safepoint     ] Total time for which application threads were stopped: 0.0008150 seconds, Stopping threads took: 0.0003535 seconds
[2023-12-02T16:30:14.975+0000][3486.047s][debug][safepoint     ] Safepoint synchronization initiated. (207 threads)
[2023-12-02T16:30:14.976+0000][3486.048s][info ][safepoint     ] Application time: 1.0010419 seconds
[2023-12-02T16:30:14.977+0000][3486.048s][info ][safepoint     ] Entering safepoint region: Cleanup
[2023-12-02T16:30:14.978+0000][3486.049s][info ][safepoint     ] Leaving safepoint region
[2023-12-02T16:30:14.978+0000][3486.050s][info ][safepoint     ] Total time for which application threads were stopped: 0.0013721 seconds, Stopping threads took: 0.0006104 seconds
[2023-12-02T16:30:15.979+0000][3487.050s][debug][safepoint     ] Safepoint synchronization initiated. (207 threads)
[2023-12-02T16:30:15.979+0000][3487.051s][info ][safepoint     ] Application time: 1.0005188 seconds
[2023-12-02T16:30:15.979+0000][3487.051s][info ][safepoint     ] Entering safepoint region: Cleanup
[2023-12-02T16:30:15.980+0000][3487.051s][info ][safepoint     ] Leaving safepoint region
[2023-12-02T16:30:15.980+0000][3487.052s][info ][safepoint     ] Total time for which application threads were stopped: 0.0007393 seconds, Stopping threads took: 0.0002917 seconds
[2023-12-02T16:30:16.981+0000][3488.052s][debug][safepoint     ] Safepoint synchronization initiated. (207 threads)
[2023-12-02T16:30:16.981+0000][3488.053s][info ][safepoint     ] Application time: 1.0005890 seconds
[2023-12-02T16:30:16.981+0000][3488.053s][info ][safepoint     ] Entering safepoint region: Cleanup
[2023-12-02T16:30:16.982+0000][3488.053s][info ][safepoint     ] Leaving safepoint region
[2023-12-02T16:30:16.982+0000][3488.054s][info ][safepoint     ] Total time for which application threads were stopped: 0.0007548 seconds, Stopping threads took: 0.0003129 seconds
[2023-12-02T16:30:17.983+0000][3489.054s][debug][safepoint     ] Safepoint synchronization initiated. (207 threads)
[2023-12-02T16:30:17.983+0000][3489.055s][info ][safepoint     ] Application time: 1.0010782 seconds
[2023-12-02T16:30:17.984+0000][3489.056s][info ][safepoint     ] Entering safepoint region: Cleanup
[2023-12-02T16:30:17.985+0000][3489.057s][info ][safepoint     ] Leaving safepoint region
[2023-12-02T16:30:17.985+0000][3489.057s][info ][safepoint     ] Total time for which application threads were stopped: 0.0014775 seconds, Stopping threads took: 0.0005424 seconds
[2023-12-02T16:30:18.986+0000][3490.058s][debug][safepoint     ] Safepoint synchronization initiated. (207 threads)
[2023-12-02T16:30:18.986+0000][3490.058s][info ][safepoint     ] Application time: 1.0004842 seconds
[2023-12-02T16:30:18.987+0000][3490.058s][info ][safepoint     ] Entering safepoint region: Cleanup
[2023-12-02T16:30:18.987+0000][3490.059s][info ][safepoint     ] Leaving safepoint region
[2023-12-02T16:30:18.988+0000][3490.059s][info ][safepoint     ] Total time for which application threads were stopped: 0.0008736 seconds, Stopping threads took: 0.0003984 seconds
[2023-12-02T16:30:19.988+0000][3491.060s][debug][safepoint     ] Safepoint synchronization initiated. (207 threads)
[2023-12-02T16:30:19.988+0000][3491.060s][info ][safepoint     ] Application time: 1.0006228 seconds
[2023-12-02T16:30:19.989+0000][3491.060s][info ][safepoint     ] Entering safepoint region: Cleanup
[2023-12-02T16:30:19.989+0000][3491.061s][info ][safepoint     ] Leaving safepoint region
[2023-12-02T16:30:19.990+0000][3491.061s][info ][safepoint     ] Total time for which application threads were stopped: 0.0007696 seconds, Stopping threads took: 0.0002917 seconds
[2023-12-02T16:30:20.990+0000][3492.062s][debug][safepoint     ] Safepoint synchronization initiated. (207 threads)
[2023-12-02T16:30:20.991+0000][3492.062s][info ][safepoint     ] Application time: 1.0007640 seconds
[2023-12-02T16:30:20.991+0000][3492.063s][info ][safepoint     ] Entering safepoint region: Cleanup
[2023-12-02T16:30:20.992+0000][3492.063s][info ][safepoint     ] Leaving safepoint region
[2023-12-02T16:30:20.992+0000][3492.064s][info ][safepoint     ] Total time for which application threads were stopped: 0.0010847 seconds, Stopping threads took: 0.0004282 seconds
[2023-12-02T16:30:21.993+0000][3493.064s][debug][safepoint     ] Safepoint synchronization initiated. (207 threads)
[2023-12-02T16:30:21.993+0000][3493.065s][info ][safepoint     ] Application time: 1.0005425 seconds
[2023-12-02T16:30:21.993+0000][3493.065s][info ][safepoint     ] Entering safepoint region: Cleanup
[2023-12-02T16:30:21.994+0000][3493.065s][info ][safepoint     ] Leaving safepoint region
[2023-12-02T16:30:21.994+0000][3493.066s][info ][safepoint     ] Total time for which application threads were stopped: 0.0007713 seconds, Stopping threads took: 0.0003099 seconds
[2023-12-02T16:30:22.994+0000][3494.066s][debug][safepoint     ] Safepoint synchronization initiated. (207 threads)
[2023-12-02T16:30:22.995+0000][3494.067s][info ][safepoint     ] Application time: 1.0009440 seconds
[2023-12-02T16:30:22.996+0000][3494.067s][info ][safepoint     ] Entering safepoint region: Cleanup
[2023-12-02T16:30:22.996+0000][3494.068s][info ][safepoint     ] Leaving safepoint region
[2023-12-02T16:30:22.997+0000][3494.068s][info ][safepoint     ] Total time for which application threads were stopped: 0.0009352 seconds, Stopping threads took: 0.0004667 seconds
[2023-12-02T16:30:23.997+0000][3495.069s][debug][safepoint     ] Safepoint synchronization initiated. (207 threads)
[2023-12-02T16:30:23.998+0000][3495.069s][info ][safepoint     ] Application time: 1.0006368 seconds
[2023-12-02T16:30:23.998+0000][3495.070s][info ][safepoint     ] Entering safepoint region: Cleanup
[2023-12-02T16:30:23.999+0000][3495.070s][info ][safepoint     ] Leaving safepoint region
[2023-12-02T16:30:23.999+0000][3495.071s][info ][safepoint     ] Total time for which application threads were stopped: 0.0011538 seconds, Stopping threads took: 0.0005279 seconds
[2023-12-02T16:30:25.000+0000][3496.071s][debug][safepoint     ] Safepoint synchronization initiated. (207 threads)
[2023-12-02T16:30:25.001+0000][3496.072s][info ][safepoint     ] Application time: 1.0013367 seconds
[2023-12-02T16:30:25.002+0000][3496.073s][info ][safepoint     ] Entering safepoint region: Cleanup
[2023-12-02T16:30:25.003+0000][3496.074s][info ][safepoint     ] Leaving safepoint region
[2023-12-02T16:30:25.003+0000][3496.075s][info ][safepoint     ] Total time for which application threads were stopped: 0.0015384 seconds, Stopping threads took: 0.0009388 seconds
[2023-12-02T16:30:26.004+0000][3497.075s][debug][safepoint     ] Safepoint synchronization initiated. (207 threads)
[2023-12-02T16:30:26.004+0000][3497.076s][info ][safepoint     ] Application time: 1.0005059 seconds
[2023-12-02T16:30:26.004+0000][3497.076s][info ][safepoint     ] Entering safepoint region: Cleanup
[2023-12-02T16:30:26.005+0000][3497.077s][info ][safepoint     ] Leaving safepoint region
[2023-12-02T16:30:26.005+0000][3497.077s][info ][safepoint     ] Total time for which application threads were stopped: 0.0009457 seconds, Stopping threads took: 0.0004969 seconds
[2023-12-02T16:30:27.006+0000][3498.077s][debug][safepoint     ] Safepoint synchronization initiated. (207 threads)
[2023-12-02T16:30:27.006+0000][3498.078s][info ][safepoint     ] Application time: 1.0004875 seconds
[2023-12-02T16:30:27.006+0000][3498.078s][info ][safepoint     ] Entering safepoint region: Cleanup
[2023-12-02T16:30:27.007+0000][3498.079s][info ][safepoint     ] Leaving safepoint region
[2023-12-02T16:30:27.007+0000][3498.079s][info ][safepoint     ] Total time for which application threads were stopped: 0.0011287 seconds, Stopping threads took: 0.0006099 seconds
[2023-12-02T16:30:28.008+0000][3499.079s][debug][safepoint     ] Safepoint synchronization initiated. (207 threads)
[2023-12-02T16:30:28.008+0000][3499.080s][info ][safepoint     ] Application time: 1.0005389 seconds
[2023-12-02T16:30:28.009+0000][3499.080s][info ][safepoint     ] Entering safepoint region: Cleanup
[2023-12-02T16:30:28.009+0000][3499.081s][info ][safepoint     ] Leaving safepoint region
[2023-12-02T16:30:28.009+0000][3499.081s][info ][safepoint     ] Total time for which application threads were stopped: 0.0008977 seconds, Stopping threads took: 0.0003626 seconds
[2023-12-02T16:30:29.010+0000][3500.081s][debug][safepoint     ] Safepoint synchronization initiated. (207 threads)
[2023-12-02T16:30:29.010+0000][3500.082s][info ][safepoint     ] Application time: 1.0004650 seconds
[2023-12-02T16:30:29.010+0000][3500.082s][info ][safepoint     ] Entering safepoint region: Cleanup
[2023-12-02T16:30:29.011+0000][3500.082s][info ][safepoint     ] Leaving safepoint region
[2023-12-02T16:30:29.011+0000][3500.083s][info ][safepoint     ] Total time for which application threads were stopped: 0.0007221 seconds, Stopping threads took: 0.0002563 seconds
[2023-12-02T16:30:30.012+0000][3501.083s][debug][safepoint     ] Safepoint synchronization initiated. (207 threads)
[2023-12-02T16:30:30.012+0000][3501.083s][info ][safepoint     ] Application time: 1.0005551 seconds
[2023-12-02T16:30:30.012+0000][3501.084s][info ][safepoint     ] Entering safepoint region: Cleanup
[2023-12-02T16:30:30.013+0000][3501.084s][info ][safepoint     ] Leaving safepoint region
[2023-12-02T16:30:30.013+0000][3501.084s][info ][safepoint     ] Total time for which application threads were stopped: 0.0008010 seconds, Stopping threads took: 0.0003340 seconds
[2023-12-02T16:30:31.013+0000][3502.085s][debug][safepoint     ] Safepoint synchronization initiated. (207 threads)
[2023-12-02T16:30:31.014+0000][3502.085s][info ][safepoint     ] Application time: 1.0004953 seconds
[2023-12-02T16:30:31.014+0000][3502.085s][info ][safepoint     ] Entering safepoint region: Cleanup
[2023-12-02T16:30:31.014+0000][3502.086s][info ][safepoint     ] Leaving safepoint region
[2023-12-02T16:30:31.015+0000][3502.086s][info ][safepoint     ] Total time for which application threads were stopped: 0.0008110 seconds, Stopping threads took: 0.0003215 seconds
[2023-12-02T16:30:32.015+0000][3503.087s][debug][safepoint     ] Safepoint synchronization initiated. (207 threads)
[2023-12-02T16:30:32.016+0000][3503.087s][info ][safepoint     ] Application time: 1.0005062 seconds
[2023-12-02T16:30:32.016+0000][3503.088s][info ][safepoint     ] Entering safepoint region: Cleanup
[2023-12-02T16:30:32.016+0000][3503.088s][info ][safepoint     ] Leaving safepoint region
[2023-12-02T16:30:32.017+0000][3503.088s][info ][safepoint     ] Total time for which application threads were stopped: 0.0007172 seconds, Stopping threads took: 0.0002684 seconds
[2023-12-02T16:30:33.017+0000][3504.089s][debug][safepoint     ] Safepoint synchronization initiated. (207 threads)
[2023-12-02T16:30:33.018+0000][3504.089s][info ][safepoint     ] Application time: 1.0006343 seconds
[2023-12-02T16:30:33.018+0000][3504.089s][info ][safepoint     ] Entering safepoint region: Cleanup
[2023-12-02T16:30:33.018+0000][3504.090s][info ][safepoint     ] Leaving safepoint region
[2023-12-02T16:30:33.019+0000][3504.090s][info ][safepoint     ] Total time for which application threads were stopped: 0.0008930 seconds, Stopping threads took: 0.0003322 seconds
[2023-12-02T16:30:34.019+0000][3505.091s][debug][safepoint     ] Safepoint synchronization initiated. (207 threads)
[2023-12-02T16:30:34.020+0000][3505.091s][info ][safepoint     ] Application time: 1.0008138 seconds
[2023-12-02T16:30:34.020+0000][3505.092s][info ][safepoint     ] Entering safepoint region: Cleanup
[2023-12-02T16:30:34.021+0000][3505.092s][info ][safepoint     ] Leaving safepoint region
[2023-12-02T16:30:34.021+0000][3505.093s][info ][safepoint     ] Total time for which application threads were stopped: 0.0009424 seconds, Stopping threads took: 0.0004585 seconds
[2023-12-02T16:30:35.022+0000][3506.093s][debug][safepoint     ] Safepoint synchronization initiated. (207 threads)
[2023-12-02T16:30:35.022+0000][3506.094s][info ][safepoint     ] Application time: 1.0004594 seconds
[2023-12-02T16:30:35.022+0000][3506.094s][info ][safepoint     ] Entering safepoint region: Cleanup
[2023-12-02T16:30:35.023+0000][3506.094s][info ][safepoint     ] Leaving safepoint region
[2023-12-02T16:30:35.023+0000][3506.095s][info ][safepoint     ] Total time for which application threads were stopped: 0.0008473 seconds, Stopping threads took: 0.0003500 seconds
[2023-12-02T16:30:36.024+0000][3507.095s][debug][safepoint     ] Safepoint synchronization initiated. (207 threads)
[2023-12-02T16:30:36.024+0000][3507.095s][info ][safepoint     ] Application time: 1.0004307 seconds
[2023-12-02T16:30:36.024+0000][3507.096s][info ][safepoint     ] Entering safepoint region: Cleanup
[2023-12-02T16:30:36.024+0000][3507.096s][info ][safepoint     ] Leaving safepoint region
[2023-12-02T16:30:36.025+0000][3507.096s][info ][safepoint     ] Total time for which application threads were stopped: 0.0006586 seconds, Stopping threads took: 0.0002362 seconds
[2023-12-02T16:30:37.025+0000][3508.097s][debug][safepoint     ] Safepoint synchronization initiated. (207 threads)
[2023-12-02T16:30:37.025+0000][3508.097s][info ][safepoint     ] Application time: 1.0003676 seconds
[2023-12-02T16:30:37.025+0000][3508.097s][info ][safepoint     ] Entering safepoint region: Cleanup
[2023-12-02T16:30:37.026+0000][3508.097s][info ][safepoint     ] Leaving safepoint region
[2023-12-02T16:30:37.026+0000][3508.097s][info ][safepoint     ] Total time for which application threads were stopped: 0.0004739 seconds, Stopping threads took: 0.0001574 seconds
[2023-12-02T16:30:38.026+0000][3509.098s][debug][safepoint     ] Safepoint synchronization initiated. (207 threads)
[2023-12-02T16:30:38.027+0000][3509.098s][info ][safepoint     ] Application time: 1.0008104 seconds
[2023-12-02T16:30:38.027+0000][3509.099s][info ][safepoint     ] Entering safepoint region: Cleanup
[2023-12-02T16:30:38.028+0000][3509.099s][info ][safepoint     ] Leaving safepoint region
[2023-12-02T16:30:38.028+0000][3509.100s][info ][safepoint     ] Total time for which application threads were stopped: 0.0009546 seconds, Stopping threads took: 0.0003476 seconds
[2023-12-02T16:30:39.029+0000][3510.100s][debug][safepoint     ] Safepoint synchronization initiated. (207 threads)
[2023-12-02T16:30:39.029+0000][3510.101s][info ][safepoint     ] Application time: 1.0006251 seconds
[2023-12-02T16:30:39.029+0000][3510.101s][info ][safepoint     ] Entering safepoint region: Cleanup
[2023-12-02T16:30:39.030+0000][3510.101s][info ][safepoint     ] Leaving safepoint region
[2023-12-02T16:30:39.030+0000][3510.102s][info ][safepoint     ] Total time for which application threads were stopped: 0.0009001 seconds, Stopping threads took: 0.0003091 seconds
[2023-12-02T16:30:40.031+0000][3511.102s][debug][safepoint     ] Safepoint synchronization initiated. (207 threads)
[2023-12-02T16:30:40.031+0000][3511.103s][info ][safepoint     ] Application time: 1.0006785 seconds
[2023-12-02T16:30:40.031+0000][3511.103s][info ][safepoint     ] Entering safepoint region: Cleanup
[2023-12-02T16:30:40.032+0000][3511.103s][info ][safepoint     ] Leaving safepoint region
[2023-12-02T16:30:40.032+0000][3511.104s][info ][safepoint     ] Total time for which application threads were stopped: 0.0007883 seconds, Stopping threads took: 0.0002786 seconds
[2023-12-02T16:30:41.032+0000][3512.104s][debug][safepoint     ] Safepoint synchronization initiated. (207 threads)
[2023-12-02T16:30:41.033+0000][3512.104s][info ][safepoint     ] Application time: 1.0003298 seconds
[2023-12-02T16:30:41.033+0000][3512.104s][info ][safepoint     ] Entering safepoint region: Cleanup
[2023-12-02T16:30:41.033+0000][3512.105s][info ][safepoint     ] Leaving safepoint region
[2023-12-02T16:30:41.033+0000][3512.105s][info ][safepoint     ] Total time for which application threads were stopped: 0.0005956 seconds, Stopping threads took: 0.0002262 seconds
[2023-12-02T16:30:42.034+0000][3513.105s][debug][safepoint     ] Safepoint synchronization initiated. (207 threads)
[2023-12-02T16:30:42.034+0000][3513.106s][info ][safepoint     ] Application time: 1.0005459 seconds
[2023-12-02T16:30:42.034+0000][3513.106s][info ][safepoint     ] Entering safepoint region: Cleanup
[2023-12-02T16:30:42.035+0000][3513.106s][info ][safepoint     ] Leaving safepoint region
[2023-12-02T16:30:42.035+0000][3513.107s][info ][safepoint     ] Total time for which application threads were stopped: 0.0006398 seconds, Stopping threads took: 0.0002456 seconds
[2023-12-02T16:30:43.035+0000][3514.107s][debug][safepoint     ] Safepoint synchronization initiated. (207 threads)
[2023-12-02T16:30:43.036+0000][3514.107s][info ][safepoint     ] Application time: 1.0006356 seconds
[2023-12-02T16:30:43.036+0000][3514.108s][info ][safepoint     ] Entering safepoint region: Cleanup
[2023-12-02T16:30:43.037+0000][3514.108s][info ][safepoint     ] Leaving safepoint region
[2023-12-02T16:30:43.037+0000][3514.109s][info ][safepoint     ] Total time for which application threads were stopped: 0.0009576 seconds, Stopping threads took: 0.0003851 seconds
[2023-12-02T16:30:44.038+0000][3515.109s][debug][safepoint     ] Safepoint synchronization initiated. (207 threads)
[2023-12-02T16:30:44.038+0000][3515.110s][info ][safepoint     ] Application time: 1.0005041 seconds
[2023-12-02T16:30:44.038+0000][3515.110s][info ][safepoint     ] Entering safepoint region: Cleanup
[2023-12-02T16:30:44.039+0000][3515.110s][info ][safepoint     ] Leaving safepoint region
[2023-12-02T16:30:44.039+0000][3515.111s][info ][safepoint     ] Total time for which application threads were stopped: 0.0007517 seconds, Stopping threads took: 0.0002515 seconds
[2023-12-02T16:30:45.040+0000][3516.111s][debug][safepoint     ] Safepoint synchronization initiated. (207 threads)
[2023-12-02T16:30:45.040+0000][3516.112s][info ][safepoint     ] Application time: 1.0007095 seconds
[2023-12-02T16:30:45.041+0000][3516.112s][info ][safepoint     ] Entering safepoint region: Cleanup
[2023-12-02T16:30:45.041+0000][3516.113s][info ][safepoint     ] Leaving safepoint region
[2023-12-02T16:30:45.041+0000][3516.113s][info ][safepoint     ] Total time for which application threads were stopped: 0.0007477 seconds, Stopping threads took: 0.0002978 seconds
[2023-12-02T16:30:46.042+0000][3517.113s][debug][safepoint     ] Safepoint synchronization initiated. (207 threads)
[2023-12-02T16:30:46.042+0000][3517.114s][info ][safepoint     ] Application time: 1.0005752 seconds
[2023-12-02T16:30:46.043+0000][3517.114s][info ][safepoint     ] Entering safepoint region: Cleanup
[2023-12-02T16:30:46.043+0000][3517.114s][info ][safepoint     ] Leaving safepoint region
[2023-12-02T16:30:46.043+0000][3517.115s][info ][safepoint     ] Total time for which application threads were stopped: 0.0007868 seconds, Stopping threads took: 0.0003327 seconds
[2023-12-02T16:30:47.044+0000][3518.115s][debug][safepoint     ] Safepoint synchronization initiated. (207 threads)
[2023-12-02T16:30:47.044+0000][3518.116s][info ][safepoint     ] Application time: 1.0009195 seconds
[2023-12-02T16:30:47.045+0000][3518.116s][info ][safepoint     ] Entering safepoint region: Cleanup
[2023-12-02T16:30:47.046+0000][3518.117s][info ][safepoint     ] Leaving safepoint region
[2023-12-02T16:30:47.046+0000][3518.117s][info ][safepoint     ] Total time for which application threads were stopped: 0.0011364 seconds, Stopping threads took: 0.0005589 seconds
[2023-12-02T16:30:48.047+0000][3519.118s][debug][safepoint     ] Safepoint synchronization initiated. (207 threads)
[2023-12-02T16:30:48.047+0000][3519.119s][info ][safepoint     ] Application time: 1.0007404 seconds
[2023-12-02T16:30:48.048+0000][3519.119s][info ][safepoint     ] Entering safepoint region: Cleanup
[2023-12-02T16:30:48.048+0000][3519.120s][info ][safepoint     ] Leaving safepoint region
[2023-12-02T16:30:48.048+0000][3519.120s][info ][safepoint     ] Total time for which application threads were stopped: 0.0008830 seconds, Stopping threads took: 0.0003051 seconds
[2023-12-02T16:30:49.049+0000][3520.120s][debug][safepoint     ] Safepoint synchronization initiated. (207 threads)
[2023-12-02T16:30:49.050+0000][3520.121s][info ][safepoint     ] Application time: 1.0009814 seconds
[2023-12-02T16:30:49.050+0000][3520.122s][info ][safepoint     ] Entering safepoint region: Cleanup
[2023-12-02T16:30:49.051+0000][3520.122s][info ][safepoint     ] Leaving safepoint region
[2023-12-02T16:30:49.051+0000][3520.123s][info ][safepoint     ] Total time for which application threads were stopped: 0.0012663 seconds, Stopping threads took: 0.0005218 seconds
[2023-12-02T16:30:50.052+0000][3521.124s][debug][safepoint     ] Safepoint synchronization initiated. (207 threads)
[2023-12-02T16:30:50.053+0000][3521.124s][info ][safepoint     ] Application time: 1.0008559 seconds
[2023-12-02T16:30:50.053+0000][3521.125s][info ][safepoint     ] Entering safepoint region: Cleanup
[2023-12-02T16:30:50.054+0000][3521.126s][info ][safepoint     ] Leaving safepoint region
[2023-12-02T16:30:50.054+0000][3521.126s][info ][safepoint     ] Total time for which application threads were stopped: 0.0010143 seconds, Stopping threads took: 0.0005529 seconds
[2023-12-02T16:30:51.055+0000][3522.126s][debug][safepoint     ] Safepoint synchronization initiated. (207 threads)
[2023-12-02T16:30:51.055+0000][3522.127s][info ][safepoint     ] Application time: 1.0006062 seconds
[2023-12-02T16:30:51.056+0000][3522.127s][info ][safepoint     ] Entering safepoint region: Cleanup
[2023-12-02T16:30:51.056+0000][3522.128s][info ][safepoint     ] Leaving safepoint region
[2023-12-02T16:30:51.056+0000][3522.128s][info ][safepoint     ] Total time for which application threads were stopped: 0.0007270 seconds, Stopping threads took: 0.0002832 seconds
[2023-12-02T16:30:52.057+0000][3523.128s][debug][safepoint     ] Safepoint synchronization initiated. (207 threads)
[2023-12-02T16:30:52.057+0000][3523.129s][info ][safepoint     ] Application time: 1.0006300 seconds
[2023-12-02T16:30:52.058+0000][3523.129s][info ][safepoint     ] Entering safepoint region: Cleanup
[2023-12-02T16:30:52.058+0000][3523.130s][info ][safepoint     ] Leaving safepoint region
[2023-12-02T16:30:52.058+0000][3523.130s][info ][safepoint     ] Total time for which application threads were stopped: 0.0008932 seconds, Stopping threads took: 0.0003589 seconds
[2023-12-02T16:30:53.059+0000][3524.131s][debug][safepoint     ] Safepoint synchronization initiated. (207 threads)
[2023-12-02T16:30:53.060+0000][3524.131s][info ][safepoint     ] Application time: 1.0007833 seconds
[2023-12-02T16:30:53.060+0000][3524.131s][info ][safepoint     ] Entering safepoint region: Cleanup
[2023-12-02T16:30:53.061+0000][3524.132s][info ][safepoint     ] Leaving safepoint region
[2023-12-02T16:30:53.061+0000][3524.132s][info ][safepoint     ] Total time for which application threads were stopped: 0.0011252 seconds, Stopping threads took: 0.0004696 seconds
[2023-12-02T16:30:54.062+0000][3525.133s][debug][safepoint     ] Safepoint synchronization initiated. (207 threads)
[2023-12-02T16:30:54.062+0000][3525.134s][info ][safepoint     ] Application time: 1.0006651 seconds
[2023-12-02T16:30:54.063+0000][3525.134s][info ][safepoint     ] Entering safepoint region: Cleanup
[2023-12-02T16:30:54.063+0000][3525.135s][info ][safepoint     ] Leaving safepoint region
[2023-12-02T16:30:54.063+0000][3525.135s][info ][safepoint     ] Total time for which application threads were stopped: 0.0009757 seconds, Stopping threads took: 0.0003925 seconds
[2023-12-02T16:30:55.064+0000][3526.136s][debug][safepoint     ] Safepoint synchronization initiated. (207 threads)
[2023-12-02T16:30:55.065+0000][3526.136s][info ][safepoint     ] Application time: 1.0010435 seconds
[2023-12-02T16:30:55.066+0000][3526.137s][info ][safepoint     ] Entering safepoint region: Cleanup
[2023-12-02T16:30:55.066+0000][3526.138s][info ][safepoint     ] Leaving safepoint region
[2023-12-02T16:30:55.067+0000][3526.138s][info ][safepoint     ] Total time for which application threads were stopped: 0.0013497 seconds, Stopping threads took: 0.0005963 seconds
[2023-12-02T16:30:56.068+0000][3527.139s][debug][safepoint     ] Safepoint synchronization initiated. (207 threads)
[2023-12-02T16:30:56.068+0000][3527.140s][info ][safepoint     ] Application time: 1.0005686 seconds
[2023-12-02T16:30:56.068+0000][3527.140s][info ][safepoint     ] Entering safepoint region: Cleanup
[2023-12-02T16:30:56.069+0000][3527.140s][info ][safepoint     ] Leaving safepoint region
[2023-12-02T16:30:56.069+0000][3527.141s][info ][safepoint     ] Total time for which application threads were stopped: 0.0008496 seconds, Stopping threads took: 0.0003055 seconds
[2023-12-02T16:30:57.070+0000][3528.141s][debug][safepoint     ] Safepoint synchronization initiated. (207 threads)
[2023-12-02T16:30:57.070+0000][3528.142s][info ][safepoint     ] Application time: 1.0006597 seconds
[2023-12-02T16:30:57.071+0000][3528.142s][info ][safepoint     ] Entering safepoint region: Cleanup
[2023-12-02T16:30:57.071+0000][3528.143s][info ][safepoint     ] Leaving safepoint region
[2023-12-02T16:30:57.072+0000][3528.143s][info ][safepoint     ] Total time for which application threads were stopped: 0.0010645 seconds, Stopping threads took: 0.0005044 seconds
[2023-12-02T16:30:58.072+0000][3529.144s][debug][safepoint     ] Safepoint synchronization initiated. (207 threads)
[2023-12-02T16:30:58.073+0000][3529.144s][info ][safepoint     ] Application time: 1.0005808 seconds
[2023-12-02T16:30:58.073+0000][3529.145s][info ][safepoint     ] Entering safepoint region: Cleanup
[2023-12-02T16:30:58.074+0000][3529.145s][info ][safepoint     ] Leaving safepoint region
[2023-12-02T16:30:58.074+0000][3529.145s][info ][safepoint     ] Total time for which application threads were stopped: 0.0006471 seconds, Stopping threads took: 0.0002500 seconds
[2023-12-02T16:30:59.074+0000][3530.146s][debug][safepoint     ] Safepoint synchronization initiated. (207 threads)
[2023-12-02T16:30:59.075+0000][3530.147s][info ][safepoint     ] Application time: 1.0009816 seconds
[2023-12-02T16:30:59.076+0000][3530.147s][info ][safepoint     ] Entering safepoint region: Cleanup
[2023-12-02T16:30:59.077+0000][3530.148s][info ][safepoint     ] Leaving safepoint region
[2023-12-02T16:30:59.077+0000][3530.149s][info ][safepoint     ] Total time for which application threads were stopped: 0.0016963 seconds, Stopping threads took: 0.0007704 seconds
[2023-12-02T16:31:00.078+0000][3531.150s][debug][safepoint     ] Safepoint synchronization initiated. (207 threads)
[2023-12-02T16:31:00.079+0000][3531.150s][info ][safepoint     ] Application time: 1.0009273 seconds
[2023-12-02T16:31:00.080+0000][3531.151s][info ][safepoint     ] Entering safepoint region: Cleanup
[2023-12-02T16:31:00.081+0000][3531.152s][info ][safepoint     ] Leaving safepoint region
[2023-12-02T16:31:00.081+0000][3531.152s][info ][safepoint     ] Total time for which application threads were stopped: 0.0015030 seconds, Stopping threads took: 0.0006400 seconds
[2023-12-02T16:31:01.082+0000][3532.153s][debug][safepoint     ] Safepoint synchronization initiated. (207 threads)
[2023-12-02T16:31:01.082+0000][3532.154s][info ][safepoint     ] Application time: 1.0008782 seconds
[2023-12-02T16:31:01.083+0000][3532.154s][info ][safepoint     ] Entering safepoint region: Cleanup
[2023-12-02T16:31:01.084+0000][3532.155s][info ][safepoint     ] Leaving safepoint region
[2023-12-02T16:31:01.084+0000][3532.156s][info ][safepoint     ] Total time for which application threads were stopped: 0.0015836 seconds, Stopping threads took: 0.0007868 seconds
[2023-12-02T16:31:02.085+0000][3533.156s][debug][safepoint     ] Safepoint synchronization initiated. (207 threads)
[2023-12-02T16:31:02.085+0000][3533.157s][info ][safepoint     ] Application time: 1.0007154 seconds
[2023-12-02T16:31:02.086+0000][3533.158s][info ][safepoint     ] Entering safepoint region: Cleanup
[2023-12-02T16:31:02.087+0000][3533.159s][info ][safepoint     ] Leaving safepoint region
[2023-12-02T16:31:02.088+0000][3533.159s][info ][safepoint     ] Total time for which application threads were stopped: 0.0015636 seconds, Stopping threads took: 0.0009998 seconds
[2023-12-02T16:31:03.088+0000][3534.159s][debug][safepoint     ] Safepoint synchronization initiated. (207 threads)
[2023-12-02T16:31:03.088+0000][3534.160s][info ][safepoint     ] Application time: 1.0006108 seconds
[2023-12-02T16:31:03.089+0000][3534.160s][info ][safepoint     ] Entering safepoint region: Cleanup
[2023-12-02T16:31:03.089+0000][3534.161s][info ][safepoint     ] Leaving safepoint region
[2023-12-02T16:31:03.090+0000][3534.161s][info ][safepoint     ] Total time for which application threads were stopped: 0.0008757 seconds, Stopping threads took: 0.0003614 seconds
[2023-12-02T16:31:04.090+0000][3535.161s][debug][safepoint     ] Safepoint synchronization initiated. (207 threads)
[2023-12-02T16:31:04.090+0000][3535.162s][info ][safepoint     ] Application time: 1.0006033 seconds
[2023-12-02T16:31:04.091+0000][3535.162s][info ][safepoint     ] Entering safepoint region: Cleanup
[2023-12-02T16:31:04.092+0000][3535.163s][info ][safepoint     ] Leaving safepoint region
[2023-12-02T16:31:04.092+0000][3535.164s][info ][safepoint     ] Total time for which application threads were stopped: 0.0016318 seconds, Stopping threads took: 0.0006678 seconds
[2023-12-02T16:31:05.093+0000][3536.165s][debug][safepoint     ] Safepoint synchronization initiated. (207 threads)
[2023-12-02T16:31:05.094+0000][3536.165s][info ][safepoint     ] Application time: 1.0008072 seconds
[2023-12-02T16:31:05.094+0000][3536.166s][info ][safepoint     ] Entering safepoint region: Cleanup
[2023-12-02T16:31:05.095+0000][3536.166s][info ][safepoint     ] Leaving safepoint region
[2023-12-02T16:31:05.095+0000][3536.167s][info ][safepoint     ] Total time for which application threads were stopped: 0.0010004 seconds, Stopping threads took: 0.0004246 seconds
[2023-12-02T16:31:06.096+0000][3537.167s][debug][safepoint     ] Safepoint synchronization initiated. (207 threads)
[2023-12-02T16:31:06.097+0000][3537.168s][info ][safepoint     ] Application time: 1.0013191 seconds
[2023-12-02T16:31:06.098+0000][3537.169s][info ][safepoint     ] Entering safepoint region: Cleanup
[2023-12-02T16:31:06.099+0000][3537.170s][info ][safepoint     ] Leaving safepoint region
[2023-12-02T16:31:06.100+0000][3537.171s][info ][safepoint     ] Total time for which application threads were stopped: 0.0018228 seconds, Stopping threads took: 0.0007568 seconds
[2023-12-02T16:31:07.101+0000][3538.172s][debug][safepoint     ] Safepoint synchronization initiated. (207 threads)
[2023-12-02T16:31:07.101+0000][3538.173s][info ][safepoint     ] Application time: 1.0007837 seconds
[2023-12-02T16:31:07.102+0000][3538.174s][info ][safepoint     ] Entering safepoint region: Cleanup
[2023-12-02T16:31:07.103+0000][3538.174s][info ][safepoint     ] Leaving safepoint region
[2023-12-02T16:31:07.103+0000][3538.175s][info ][safepoint     ] Total time for which application threads were stopped: 0.0012007 seconds, Stopping threads took: 0.0007677 seconds
[2023-12-02T16:31:08.104+0000][3539.175s][debug][safepoint     ] Safepoint synchronization initiated. (207 threads)
[2023-12-02T16:31:08.104+0000][3539.176s][info ][safepoint     ] Application time: 1.0010580 seconds
[2023-12-02T16:31:08.105+0000][3539.176s][info ][safepoint     ] Entering safepoint region: Cleanup
[2023-12-02T16:31:08.105+0000][3539.177s][info ][safepoint     ] Leaving safepoint region
[2023-12-02T16:31:08.106+0000][3539.177s][info ][safepoint     ] Total time for which application threads were stopped: 0.0010158 seconds, Stopping threads took: 0.0003470 seconds
[2023-12-02T16:31:09.107+0000][3540.178s][debug][safepoint     ] Safepoint synchronization initiated. (207 threads)
[2023-12-02T16:31:09.107+0000][3540.179s][info ][safepoint     ] Application time: 1.0010542 seconds
[2023-12-02T16:31:09.108+0000][3540.179s][info ][safepoint     ] Entering safepoint region: Cleanup
[2023-12-02T16:31:09.109+0000][3540.180s][info ][safepoint     ] Leaving safepoint region
[2023-12-02T16:31:09.109+0000][3540.181s][info ][safepoint     ] Total time for which application threads were stopped: 0.0015191 seconds, Stopping threads took: 0.0006736 seconds
[2023-12-02T16:31:10.110+0000][3541.182s][debug][safepoint     ] Safepoint synchronization initiated. (207 threads)
[2023-12-02T16:31:10.111+0000][3541.183s][info ][safepoint     ] Application time: 1.0013102 seconds
[2023-12-02T16:31:10.112+0000][3541.183s][info ][safepoint     ] Entering safepoint region: Cleanup
[2023-12-02T16:31:10.113+0000][3541.185s][info ][safepoint     ] Leaving safepoint region
[2023-12-02T16:31:10.114+0000][3541.185s][info ][safepoint     ] Total time for which application threads were stopped: 0.0019255 seconds, Stopping threads took: 0.0007225 seconds
[2023-12-02T16:31:11.115+0000][3542.186s][debug][safepoint     ] Safepoint synchronization initiated. (207 threads)
[2023-12-02T16:31:11.116+0000][3542.187s][info ][safepoint     ] Application time: 1.0014566 seconds
[2023-12-02T16:31:11.117+0000][3542.188s][info ][safepoint     ] Entering safepoint region: Cleanup
[2023-12-02T16:31:11.118+0000][3542.190s][info ][safepoint     ] Leaving safepoint region
[2023-12-02T16:31:11.119+0000][3542.190s][info ][safepoint     ] Total time for which application threads were stopped: 0.0020069 seconds, Stopping threads took: 0.0008045 seconds
[2023-12-02T16:31:12.120+0000][3543.191s][debug][safepoint     ] Safepoint synchronization initiated. (207 threads)
[2023-12-02T16:31:12.120+0000][3543.192s][info ][safepoint     ] Application time: 1.0008130 seconds
[2023-12-02T16:31:12.121+0000][3543.192s][info ][safepoint     ] Entering safepoint region: Cleanup
[2023-12-02T16:31:12.121+0000][3543.193s][info ][safepoint     ] Leaving safepoint region
[2023-12-02T16:31:12.122+0000][3543.193s][info ][safepoint     ] Total time for which application threads were stopped: 0.0007903 seconds, Stopping threads took: 0.0003090 seconds
[2023-12-02T16:31:13.122+0000][3544.194s][debug][safepoint     ] Safepoint synchronization initiated. (207 threads)
[2023-12-02T16:31:13.123+0000][3544.194s][info ][safepoint     ] Application time: 1.0012077 seconds
[2023-12-02T16:31:13.124+0000][3544.195s][info ][safepoint     ] Entering safepoint region: Cleanup
[2023-12-02T16:31:13.125+0000][3544.196s][info ][safepoint     ] Leaving safepoint region
[2023-12-02T16:31:13.125+0000][3544.197s][info ][safepoint     ] Total time for which application threads were stopped: 0.0015862 seconds, Stopping threads took: 0.0005685 seconds
[2023-12-02T16:31:14.126+0000][3545.198s][debug][safepoint     ] Safepoint synchronization initiated. (207 threads)
[2023-12-02T16:31:14.127+0000][3545.199s][info ][safepoint     ] Application time: 1.0013681 seconds
[2023-12-02T16:31:14.128+0000][3545.199s][info ][safepoint     ] Entering safepoint region: Cleanup
[2023-12-02T16:31:14.129+0000][3545.201s][info ][safepoint     ] Leaving safepoint region
[2023-12-02T16:31:14.130+0000][3545.201s][info ][safepoint     ] Total time for which application threads were stopped: 0.0019149 seconds, Stopping threads took: 0.0005886 seconds
[2023-12-02T16:31:15.131+0000][3546.202s][debug][safepoint     ] Safepoint synchronization initiated. (207 threads)
[2023-12-02T16:31:15.131+0000][3546.203s][info ][safepoint     ] Application time: 1.0007228 seconds
[2023-12-02T16:31:15.132+0000][3546.204s][info ][safepoint     ] Entering safepoint region: Cleanup
[2023-12-02T16:31:15.133+0000][3546.205s][info ][safepoint     ] Leaving safepoint region
[2023-12-02T16:31:15.134+0000][3546.205s][info ][safepoint     ] Total time for which application threads were stopped: 0.0018766 seconds, Stopping threads took: 0.0012769 seconds
[2023-12-02T16:31:16.135+0000][3547.206s][debug][safepoint     ] Safepoint synchronization initiated. (207 threads)
[2023-12-02T16:31:16.135+0000][3547.207s][info ][safepoint     ] Application time: 1.0008174 seconds
[2023-12-02T16:31:16.136+0000][3547.207s][info ][safepoint     ] Entering safepoint region: Cleanup
[2023-12-02T16:31:16.136+0000][3547.208s][info ][safepoint     ] Leaving safepoint region
[2023-12-02T16:31:16.136+0000][3547.208s][info ][safepoint     ] Total time for which application threads were stopped: 0.0010354 seconds, Stopping threads took: 0.0004886 seconds
[2023-12-02T16:31:17.137+0000][3548.209s][debug][safepoint     ] Safepoint synchronization initiated. (207 threads)
[2023-12-02T16:31:17.138+0000][3548.209s][info ][safepoint     ] Application time: 1.0005805 seconds
[2023-12-02T16:31:17.138+0000][3548.209s][info ][safepoint     ] Entering safepoint region: Cleanup
[2023-12-02T16:31:17.139+0000][3548.210s][info ][safepoint     ] Leaving safepoint region
[2023-12-02T16:31:17.139+0000][3548.210s][info ][safepoint     ] Total time for which application threads were stopped: 0.0009528 seconds, Stopping threads took: 0.0004427 seconds
[2023-12-02T16:31:18.139+0000][3549.211s][debug][safepoint     ] Safepoint synchronization initiated. (207 threads)
[2023-12-02T16:31:18.140+0000][3549.211s][info ][safepoint     ] Application time: 1.0005523 seconds
[2023-12-02T16:31:18.140+0000][3549.211s][info ][safepoint     ] Entering safepoint region: Cleanup
[2023-12-02T16:31:18.140+0000][3549.212s][info ][safepoint     ] Leaving safepoint region
[2023-12-02T16:31:18.141+0000][3549.212s][info ][safepoint     ] Total time for which application threads were stopped: 0.0006680 seconds, Stopping threads took: 0.0002774 seconds
[2023-12-02T16:31:19.141+0000][3550.212s][debug][safepoint     ] Safepoint synchronization initiated. (209 threads)
[2023-12-02T16:31:19.142+0000][3550.213s][info ][safepoint     ] Application time: 1.0007583 seconds
[2023-12-02T16:31:19.142+0000][3550.214s][info ][safepoint     ] Entering safepoint region: Cleanup
[2023-12-02T16:31:19.143+0000][3550.214s][info ][safepoint     ] Leaving safepoint region
[2023-12-02T16:31:19.143+0000][3550.215s][info ][safepoint     ] Total time for which application threads were stopped: 0.0010385 seconds, Stopping threads took: 0.0004781 seconds
[2023-12-02T16:31:19.143+0000][3550.214s][debug][safepoint     ] ... found polling page return exception at pc = 0x00007f43fc9de0c4, stub =0x00007f43f4840600
[2023-12-02T16:31:19.143+0000][3550.214s][debug][safepoint     ] ... found polling page return exception at pc = 0x00007f43fc9de0c4, stub =0x00007f43f4840600
[2023-12-02T16:31:19.143+0000][3550.214s][debug][safepoint     ] ... found polling page return exception at pc = 0x00007f43fc9de0c4, stub =0x00007f43f4840600
[2023-12-02T16:31:20.143+0000][3551.215s][debug][safepoint     ] Safepoint synchronization initiated. (209 threads)
[2023-12-02T16:31:20.144+0000][3551.216s][info ][safepoint     ] Application time: 1.0008202 seconds
[2023-12-02T16:31:20.145+0000][3551.216s][info ][safepoint     ] Entering safepoint region: Cleanup
[2023-12-02T16:31:20.146+0000][3551.217s][info ][safepoint     ] Leaving safepoint region
[2023-12-02T16:31:20.146+0000][3551.217s][debug][safepoint     ] ... found polling page return exception at pc = 0x00007f43fc9de0c4, stub =0x00007f43f4840600
[2023-12-02T16:31:20.146+0000][3551.218s][info ][safepoint     ] Total time for which application threads were stopped: 0.0015005 seconds, Stopping threads took: 0.0006651 seconds
[2023-12-02T16:31:21.148+0000][3552.219s][debug][safepoint     ] Safepoint synchronization initiated. (209 threads)
[2023-12-02T16:31:21.148+0000][3552.220s][info ][safepoint     ] Application time: 1.0011337 seconds
[2023-12-02T16:31:21.149+0000][3552.221s][info ][safepoint     ] Entering safepoint region: Cleanup
[2023-12-02T16:31:21.150+0000][3552.222s][info ][safepoint     ] Leaving safepoint region
[2023-12-02T16:31:21.151+0000][3552.222s][info ][safepoint     ] Total time for which application threads were stopped: 0.0017005 seconds, Stopping threads took: 0.0007372 seconds
[2023-12-02T16:31:22.152+0000][3553.223s][debug][safepoint     ] Safepoint synchronization initiated. (209 threads)
[2023-12-02T16:31:22.153+0000][3553.224s][info ][safepoint     ] Application time: 1.0012254 seconds
[2023-12-02T16:31:22.153+0000][3553.225s][info ][safepoint     ] Entering safepoint region: Cleanup
[2023-12-02T16:31:22.154+0000][3553.226s][info ][safepoint     ] Leaving safepoint region
[2023-12-02T16:31:22.155+0000][3553.226s][info ][safepoint     ] Total time for which application threads were stopped: 0.0016383 seconds, Stopping threads took: 0.0007531 seconds
[2023-12-02T16:31:23.156+0000][3554.227s][debug][safepoint     ] Safepoint synchronization initiated. (209 threads)
[2023-12-02T16:31:23.157+0000][3554.228s][info ][safepoint     ] Application time: 1.0011133 seconds
[2023-12-02T16:31:23.158+0000][3554.229s][info ][safepoint     ] Entering safepoint region: Cleanup
[2023-12-02T16:31:23.159+0000][3554.230s][info ][safepoint     ] Leaving safepoint region
[2023-12-02T16:31:23.159+0000][3554.231s][info ][safepoint     ] Total time for which application threads were stopped: 0.0018135 seconds, Stopping threads took: 0.0006677 seconds
[2023-12-02T16:31:24.160+0000][3555.232s][debug][safepoint     ] Safepoint synchronization initiated. (209 threads)
[2023-12-02T16:31:24.161+0000][3555.233s][info ][safepoint     ] Application time: 1.0011892 seconds
[2023-12-02T16:31:24.162+0000][3555.234s][info ][safepoint     ] Entering safepoint region: Cleanup
[2023-12-02T16:31:24.163+0000][3555.234s][info ][safepoint     ] Leaving safepoint region
[2023-12-02T16:31:24.164+0000][3555.235s][info ][safepoint     ] Total time for which application threads were stopped: 0.0015612 seconds, Stopping threads took: 0.0006479 seconds
[2023-12-02T16:31:25.165+0000][3556.236s][debug][safepoint     ] Safepoint synchronization initiated. (209 threads)
[2023-12-02T16:31:25.165+0000][3556.237s][info ][safepoint     ] Application time: 1.0011273 seconds
[2023-12-02T16:31:25.166+0000][3556.238s][info ][safepoint     ] Entering safepoint region: Cleanup
[2023-12-02T16:31:25.167+0000][3556.239s][info ][safepoint     ] Leaving safepoint region
[2023-12-02T16:31:25.168+0000][3556.239s][info ][safepoint     ] Total time for which application threads were stopped: 0.0017532 seconds, Stopping threads took: 0.0007334 seconds
[2023-12-02T16:31:26.169+0000][3557.240s][debug][safepoint     ] Safepoint synchronization initiated. (209 threads)
[2023-12-02T16:31:26.169+0000][3557.241s][info ][safepoint     ] Application time: 1.0009761 seconds
[2023-12-02T16:31:26.170+0000][3557.242s][info ][safepoint     ] Entering safepoint region: Cleanup
[2023-12-02T16:31:26.171+0000][3557.243s][info ][safepoint     ] Leaving safepoint region
[2023-12-02T16:31:26.172+0000][3557.243s][info ][safepoint     ] Total time for which application threads were stopped: 0.0018047 seconds, Stopping threads took: 0.0007939 seconds
[2023-12-02T16:31:27.173+0000][3558.244s][debug][safepoint     ] Safepoint synchronization initiated. (209 threads)
[2023-12-02T16:31:27.173+0000][3558.245s][info ][safepoint     ] Application time: 1.0005276 seconds
[2023-12-02T16:31:27.174+0000][3558.245s][info ][safepoint     ] Entering safepoint region: Cleanup
[2023-12-02T16:31:27.174+0000][3558.246s][info ][safepoint     ] Leaving safepoint region
[2023-12-02T16:31:27.175+0000][3558.246s][info ][safepoint     ] Total time for which application threads were stopped: 0.0009292 seconds, Stopping threads took: 0.0004037 seconds
[2023-12-02T16:31:28.175+0000][3559.246s][debug][safepoint     ] Safepoint synchronization initiated. (207 threads)
[2023-12-02T16:31:28.176+0000][3559.247s][info ][safepoint     ] Application time: 1.0010370 seconds
[2023-12-02T16:31:28.177+0000][3559.248s][info ][safepoint     ] Entering safepoint region: Cleanup
[2023-12-02T16:31:28.178+0000][3559.249s][info ][safepoint     ] Leaving safepoint region
[2023-12-02T16:31:28.178+0000][3559.250s][info ][safepoint     ] Total time for which application threads were stopped: 0.0016553 seconds, Stopping threads took: 0.0006813 seconds
[2023-12-02T16:31:29.179+0000][3560.251s][debug][safepoint     ] Safepoint synchronization initiated. (207 threads)
[2023-12-02T16:31:29.180+0000][3560.252s][info ][safepoint     ] Application time: 1.0012254 seconds
[2023-12-02T16:31:29.181+0000][3560.253s][info ][safepoint     ] Entering safepoint region: Cleanup
[2023-12-02T16:31:29.182+0000][3560.254s][info ][safepoint     ] Leaving safepoint region
[2023-12-02T16:31:29.183+0000][3560.254s][info ][safepoint     ] Total time for which application threads were stopped: 0.0020089 seconds, Stopping threads took: 0.0008556 seconds
[2023-12-02T16:31:30.184+0000][3561.255s][debug][safepoint     ] Safepoint synchronization initiated. (209 threads)
[2023-12-02T16:31:30.185+0000][3561.256s][info ][safepoint     ] Application time: 1.0010694 seconds
[2023-12-02T16:31:30.185+0000][3561.257s][info ][safepoint     ] Entering safepoint region: Cleanup
[2023-12-02T16:31:30.186+0000][3561.258s][info ][safepoint     ] Leaving safepoint region
[2023-12-02T16:31:30.186+0000][3561.258s][info ][safepoint     ] Total time for which application threads were stopped: 0.0011215 seconds, Stopping threads took: 0.0005112 seconds
[2023-12-02T16:31:31.187+0000][3562.259s][debug][safepoint     ] Safepoint synchronization initiated. (209 threads)
[2023-12-02T16:31:31.188+0000][3562.260s][info ][safepoint     ] Application time: 1.0012471 seconds
[2023-12-02T16:31:31.189+0000][3562.260s][info ][safepoint     ] Entering safepoint region: Cleanup
[2023-12-02T16:31:31.190+0000][3562.262s][info ][safepoint     ] Leaving safepoint region
[2023-12-02T16:31:31.191+0000][3562.262s][info ][safepoint     ] Total time for which application threads were stopped: 0.0020212 seconds, Stopping threads took: 0.0009914 seconds
[2023-12-02T16:31:32.192+0000][3563.263s][debug][safepoint     ] Safepoint synchronization initiated. (209 threads)
[2023-12-02T16:31:32.192+0000][3563.264s][info ][safepoint     ] Application time: 1.0008445 seconds
[2023-12-02T16:31:32.193+0000][3563.264s][info ][safepoint     ] Entering safepoint region: Cleanup
[2023-12-02T16:31:32.194+0000][3563.265s][info ][safepoint     ] Leaving safepoint region
[2023-12-02T16:31:32.194+0000][3563.265s][info ][safepoint     ] Total time for which application threads were stopped: 0.0010144 seconds, Stopping threads took: 0.0004699 seconds
[2023-12-02T16:31:33.194+0000][3564.266s][debug][safepoint     ] Safepoint synchronization initiated. (209 threads)
[2023-12-02T16:31:33.195+0000][3564.266s][info ][safepoint     ] Application time: 1.0005824 seconds
[2023-12-02T16:31:33.195+0000][3564.266s][info ][safepoint     ] Entering safepoint region: Cleanup
[2023-12-02T16:31:33.196+0000][3564.267s][info ][safepoint     ] Leaving safepoint region
[2023-12-02T16:31:33.196+0000][3564.267s][info ][safepoint     ] Total time for which application threads were stopped: 0.0008255 seconds, Stopping threads took: 0.0003727 seconds
[2023-12-02T16:31:34.196+0000][3565.268s][debug][safepoint     ] Safepoint synchronization initiated. (209 threads)
[2023-12-02T16:31:34.197+0000][3565.268s][info ][safepoint     ] Application time: 1.0010200 seconds
[2023-12-02T16:31:34.198+0000][3565.269s][info ][safepoint     ] Entering safepoint region: Cleanup
[2023-12-02T16:31:34.199+0000][3565.270s][info ][safepoint     ] Leaving safepoint region
[2023-12-02T16:31:34.199+0000][3565.271s][info ][safepoint     ] Total time for which application threads were stopped: 0.0017203 seconds, Stopping threads took: 0.0006177 seconds
[2023-12-02T16:31:35.200+0000][3566.272s][debug][safepoint     ] Safepoint synchronization initiated. (207 threads)
[2023-12-02T16:31:35.200+0000][3566.272s][info ][safepoint     ] Application time: 1.0004461 seconds
[2023-12-02T16:31:35.201+0000][3566.272s][info ][safepoint     ] Entering safepoint region: Cleanup
[2023-12-02T16:31:35.201+0000][3566.272s][info ][safepoint     ] Leaving safepoint region
[2023-12-02T16:31:35.201+0000][3566.273s][info ][safepoint     ] Total time for which application threads were stopped: 0.0005543 seconds, Stopping threads took: 0.0002082 seconds
[2023-12-02T16:31:36.202+0000][3567.273s][debug][safepoint     ] Safepoint synchronization initiated. (207 threads)
[2023-12-02T16:31:36.202+0000][3567.273s][info ][safepoint     ] Application time: 1.0006663 seconds
[2023-12-02T16:31:36.202+0000][3567.274s][info ][safepoint     ] Entering safepoint region: Cleanup
[2023-12-02T16:31:36.203+0000][3567.274s][info ][safepoint     ] Leaving safepoint region
[2023-12-02T16:31:36.203+0000][3567.275s][info ][safepoint     ] Total time for which application threads were stopped: 0.0010052 seconds, Stopping threads took: 0.0003290 seconds
[2023-12-02T16:31:37.204+0000][3568.275s][debug][safepoint     ] Safepoint synchronization initiated. (207 threads)
[2023-12-02T16:31:37.206+0000][3568.277s][info ][safepoint     ] Application time: 1.0021629 seconds
[2023-12-02T16:31:37.206+0000][3568.278s][info ][safepoint     ] Entering safepoint region: Cleanup
[2023-12-02T16:31:37.207+0000][3568.278s][info ][safepoint     ] Leaving safepoint region
[2023-12-02T16:31:37.207+0000][3568.278s][info ][safepoint     ] Total time for which application threads were stopped: 0.0006299 seconds, Stopping threads took: 0.0002349 seconds
[2023-12-02T16:31:38.207+0000][3569.279s][debug][safepoint     ] Safepoint synchronization initiated. (207 threads)
[2023-12-02T16:31:38.208+0000][3569.279s][info ][safepoint     ] Application time: 1.0006604 seconds
[2023-12-02T16:31:38.208+0000][3569.280s][info ][safepoint     ] Entering safepoint region: Cleanup
[2023-12-02T16:31:38.209+0000][3569.280s][info ][safepoint     ] Leaving safepoint region
[2023-12-02T16:31:38.209+0000][3569.281s][info ][safepoint     ] Total time for which application threads were stopped: 0.0012250 seconds, Stopping threads took: 0.0004827 seconds
[2023-12-02T16:31:39.210+0000][3570.281s][debug][safepoint     ] Safepoint synchronization initiated. (209 threads)
[2023-12-02T16:31:39.211+0000][3570.282s][info ][safepoint     ] Application time: 1.0007038 seconds
[2023-12-02T16:31:39.211+0000][3570.282s][info ][safepoint     ] Entering safepoint region: Cleanup
[2023-12-02T16:31:39.211+0000][3570.283s][info ][safepoint     ] Leaving safepoint region
[2023-12-02T16:31:39.212+0000][3570.283s][info ][safepoint     ] Total time for which application threads were stopped: 0.0006858 seconds, Stopping threads took: 0.0002616 seconds
[2023-12-02T16:31:40.212+0000][3571.283s][debug][safepoint     ] Safepoint synchronization initiated. (209 threads)
[2023-12-02T16:31:40.213+0000][3571.284s][info ][safepoint     ] Application time: 1.0011200 seconds
[2023-12-02T16:31:40.214+0000][3571.285s][info ][safepoint     ] Entering safepoint region: Cleanup
[2023-12-02T16:31:40.215+0000][3571.287s][info ][safepoint     ] Leaving safepoint region
[2023-12-02T16:31:40.216+0000][3571.287s][info ][safepoint     ] Total time for which application threads were stopped: 0.0021780 seconds, Stopping threads took: 0.0009623 seconds
[2023-12-02T16:31:41.217+0000][3572.288s][debug][safepoint     ] Safepoint synchronization initiated. (209 threads)
[2023-12-02T16:31:41.218+0000][3572.289s][info ][safepoint     ] Application time: 1.0010810 seconds
[2023-12-02T16:31:41.219+0000][3572.290s][debug][safepoint     ] ... found polling page return exception at pc = 0x00007f43fcb063cf, stub =0x00007f43f4840600
[2023-12-02T16:31:41.219+0000][3572.291s][debug][safepoint     ] Waiting for 1 thread(s) to block
[2023-12-02T16:31:41.220+0000][3572.292s][info ][safepoint     ] Entering safepoint region: Cleanup
[2023-12-02T16:31:41.221+0000][3572.293s][info ][safepoint     ] Leaving safepoint region
[2023-12-02T16:31:41.222+0000][3572.293s][info ][safepoint     ] Total time for which application threads were stopped: 0.0033985 seconds, Stopping threads took: 0.0025064 seconds
[2023-12-02T16:31:42.223+0000][3573.294s][debug][safepoint     ] Safepoint synchronization initiated. (209 threads)
[2023-12-02T16:31:42.223+0000][3573.295s][info ][safepoint     ] Application time: 1.0009008 seconds
[2023-12-02T16:31:42.224+0000][3573.295s][info ][safepoint     ] Entering safepoint region: Cleanup
[2023-12-02T16:31:42.225+0000][3573.296s][info ][safepoint     ] Leaving safepoint region
[2023-12-02T16:31:42.225+0000][3573.296s][info ][safepoint     ] Total time for which application threads were stopped: 0.0010526 seconds, Stopping threads took: 0.0004712 seconds
[2023-12-02T16:31:43.226+0000][3574.297s][debug][safepoint     ] Safepoint synchronization initiated. (209 threads)
[2023-12-02T16:31:43.226+0000][3574.298s][info ][safepoint     ] Application time: 1.0010132 seconds
[2023-12-02T16:31:43.227+0000][3574.298s][info ][safepoint     ] Entering safepoint region: Cleanup
[2023-12-02T16:31:43.228+0000][3574.299s][info ][safepoint     ] Leaving safepoint region
[2023-12-02T16:31:43.228+0000][3574.300s][info ][safepoint     ] Total time for which application threads were stopped: 0.0011253 seconds, Stopping threads took: 0.0006022 seconds
[2023-12-02T16:31:44.229+0000][3575.300s][debug][safepoint     ] Safepoint synchronization initiated. (207 threads)
[2023-12-02T16:31:44.229+0000][3575.301s][info ][safepoint     ] Application time: 1.0008958 seconds
[2023-12-02T16:31:44.230+0000][3575.301s][info ][safepoint     ] Entering safepoint region: Cleanup
[2023-12-02T16:31:44.231+0000][3575.302s][info ][safepoint     ] Leaving safepoint region
[2023-12-02T16:31:44.231+0000][3575.302s][info ][safepoint     ] Total time for which application threads were stopped: 0.0009809 seconds, Stopping threads took: 0.0004714 seconds
[2023-12-02T16:31:45.231+0000][3576.303s][debug][safepoint     ] Safepoint synchronization initiated. (207 threads)
[2023-12-02T16:31:45.232+0000][3576.303s][info ][safepoint     ] Application time: 1.0009839 seconds
[2023-12-02T16:31:45.233+0000][3576.304s][info ][safepoint     ] Entering safepoint region: Cleanup
[2023-12-02T16:31:45.233+0000][3576.305s][info ][safepoint     ] Leaving safepoint region
[2023-12-02T16:31:45.234+0000][3576.305s][info ][safepoint     ] Total time for which application threads were stopped: 0.0008977 seconds, Stopping threads took: 0.0004320 seconds
[2023-12-02T16:31:46.234+0000][3577.306s][debug][safepoint     ] Safepoint synchronization initiated. (207 threads)
[2023-12-02T16:31:46.235+0000][3577.306s][info ][safepoint     ] Application time: 1.0010636 seconds
[2023-12-02T16:31:46.236+0000][3577.307s][info ][safepoint     ] Entering safepoint region: Cleanup
[2023-12-02T16:31:46.236+0000][3577.308s][info ][safepoint     ] Leaving safepoint region
[2023-12-02T16:31:46.237+0000][3577.308s][info ][safepoint     ] Total time for which application threads were stopped: 0.0011759 seconds, Stopping threads took: 0.0004324 seconds
[2023-12-02T16:31:47.237+0000][3578.309s][debug][safepoint     ] Safepoint synchronization initiated. (207 threads)
[2023-12-02T16:31:47.238+0000][3578.309s][info ][safepoint     ] Application time: 1.0007706 seconds
[2023-12-02T16:31:47.239+0000][3578.310s][info ][safepoint     ] Entering safepoint region: Cleanup
[2023-12-02T16:31:47.239+0000][3578.311s][info ][safepoint     ] Leaving safepoint region
[2023-12-02T16:31:47.240+0000][3578.311s][info ][safepoint     ] Total time for which application threads were stopped: 0.0014761 seconds, Stopping threads took: 0.0004003 seconds
[2023-12-02T16:31:48.241+0000][3579.313s][debug][safepoint     ] Safepoint synchronization initiated. (209 threads)
[2023-12-02T16:31:48.242+0000][3579.313s][info ][safepoint     ] Application time: 1.0009413 seconds
[2023-12-02T16:31:48.242+0000][3579.313s][info ][safepoint     ] Entering safepoint region: Cleanup
[2023-12-02T16:31:48.243+0000][3579.314s][info ][safepoint     ] Leaving safepoint region
[2023-12-02T16:31:48.244+0000][3579.315s][info ][safepoint     ] Total time for which application threads were stopped: 0.0018650 seconds, Stopping threads took: 0.0004315 seconds
[2023-12-02T16:31:49.245+0000][3580.316s][debug][safepoint     ] Safepoint synchronization initiated. (209 threads)
[2023-12-02T16:31:49.246+0000][3580.317s][info ][safepoint     ] Application time: 1.0015819 seconds
[2023-12-02T16:31:49.247+0000][3580.318s][info ][safepoint     ] Entering safepoint region: Cleanup
[2023-12-02T16:31:49.247+0000][3580.319s][info ][safepoint     ] Leaving safepoint region
[2023-12-02T16:31:49.248+0000][3580.319s][info ][safepoint     ] Total time for which application threads were stopped: 0.0009783 seconds, Stopping threads took: 0.0004035 seconds
[2023-12-02T16:31:50.249+0000][3581.320s][debug][safepoint     ] Safepoint synchronization initiated. (209 threads)
[2023-12-02T16:31:50.249+0000][3581.320s][info ][safepoint     ] Application time: 1.0010238 seconds
[2023-12-02T16:31:50.250+0000][3581.321s][info ][safepoint     ] Entering safepoint region: Cleanup
[2023-12-02T16:31:50.250+0000][3581.322s][info ][safepoint     ] Leaving safepoint region
[2023-12-02T16:31:50.250+0000][3581.322s][info ][safepoint     ] Total time for which application threads were stopped: 0.0010150 seconds, Stopping threads took: 0.0004570 seconds
[2023-12-02T16:31:51.251+0000][3582.322s][debug][safepoint     ] Safepoint synchronization initiated. (209 threads)
[2023-12-02T16:31:51.251+0000][3582.323s][info ][safepoint     ] Application time: 1.0004712 seconds
[2023-12-02T16:31:51.251+0000][3582.323s][info ][safepoint     ] Entering safepoint region: Cleanup
[2023-12-02T16:31:51.252+0000][3582.323s][info ][safepoint     ] Leaving safepoint region
[2023-12-02T16:31:51.252+0000][3582.323s][info ][safepoint     ] Total time for which application threads were stopped: 0.0006343 seconds, Stopping threads took: 0.0002393 seconds
[2023-12-02T16:31:52.253+0000][3583.324s][debug][safepoint     ] Safepoint synchronization initiated. (208 threads)
[2023-12-02T16:31:52.254+0000][3583.325s][info ][safepoint     ] Application time: 1.0014410 seconds
[2023-12-02T16:31:52.254+0000][3583.326s][info ][safepoint     ] Entering safepoint region: Cleanup
[2023-12-02T16:31:52.255+0000][3583.326s][info ][safepoint     ] Leaving safepoint region
[2023-12-02T16:31:52.255+0000][3583.327s][info ][safepoint     ] Total time for which application threads were stopped: 0.0012127 seconds, Stopping threads took: 0.0005329 seconds
[2023-12-02T16:31:53.256+0000][3584.327s][debug][safepoint     ] Safepoint synchronization initiated. (208 threads)
[2023-12-02T16:31:53.256+0000][3584.328s][info ][safepoint     ] Application time: 1.0003689 seconds
[2023-12-02T16:31:53.257+0000][3584.328s][info ][safepoint     ] Entering safepoint region: Cleanup
[2023-12-02T16:31:53.258+0000][3584.329s][info ][safepoint     ] Leaving safepoint region
[2023-12-02T16:31:53.258+0000][3584.329s][info ][safepoint     ] Total time for which application threads were stopped: 0.0012962 seconds, Stopping threads took: 0.0004875 seconds
[2023-12-02T16:31:54.259+0000][3585.330s][debug][safepoint     ] Safepoint synchronization initiated. (208 threads)
[2023-12-02T16:31:54.259+0000][3585.330s][info ][safepoint     ] Application time: 1.0005563 seconds
[2023-12-02T16:31:54.259+0000][3585.331s][info ][safepoint     ] Entering safepoint region: Cleanup
[2023-12-02T16:31:54.260+0000][3585.331s][info ][safepoint     ] Leaving safepoint region
[2023-12-02T16:31:54.260+0000][3585.332s][info ][safepoint     ] Total time for which application threads were stopped: 0.0008485 seconds, Stopping threads took: 0.0003348 seconds
[2023-12-02T16:31:55.261+0000][3586.332s][debug][safepoint     ] Safepoint synchronization initiated. (208 threads)
[2023-12-02T16:31:55.261+0000][3586.332s][info ][safepoint     ] Application time: 1.0006178 seconds
[2023-12-02T16:31:55.261+0000][3586.333s][info ][safepoint     ] Entering safepoint region: Cleanup
[2023-12-02T16:31:55.262+0000][3586.333s][info ][safepoint     ] Leaving safepoint region
[2023-12-02T16:31:55.262+0000][3586.334s][info ][safepoint     ] Total time for which application threads were stopped: 0.0008984 seconds, Stopping threads took: 0.0003258 seconds
[2023-12-02T16:31:56.263+0000][3587.334s][debug][safepoint     ] Safepoint synchronization initiated. (208 threads)
[2023-12-02T16:31:56.263+0000][3587.335s][info ][safepoint     ] Application time: 1.0007492 seconds
[2023-12-02T16:31:56.264+0000][3587.335s][info ][safepoint     ] Entering safepoint region: Cleanup
[2023-12-02T16:31:56.265+0000][3587.336s][info ][safepoint     ] Leaving safepoint region
[2023-12-02T16:31:56.265+0000][3587.336s][info ][safepoint     ] Total time for which application threads were stopped: 0.0010876 seconds, Stopping threads took: 0.0004983 seconds
[2023-12-02T16:31:57.265+0000][3588.337s][debug][safepoint     ] Safepoint synchronization initiated. (208 threads)
[2023-12-02T16:31:57.266+0000][3588.337s][info ][safepoint     ] Application time: 1.0007444 seconds
[2023-12-02T16:31:57.267+0000][3588.338s][info ][safepoint     ] Entering safepoint region: Cleanup
[2023-12-02T16:31:57.267+0000][3588.339s][info ][safepoint     ] Leaving safepoint region
[2023-12-02T16:31:57.268+0000][3588.339s][info ][safepoint     ] Total time for which application threads were stopped: 0.0012409 seconds, Stopping threads took: 0.0005879 seconds
[2023-12-02T16:31:58.268+0000][3589.340s][debug][safepoint     ] Safepoint synchronization initiated. (208 threads)
[2023-12-02T16:31:58.269+0000][3589.340s][info ][safepoint     ] Application time: 1.0004293 seconds
[2023-12-02T16:31:58.269+0000][3589.340s][info ][safepoint     ] Entering safepoint region: Cleanup
[2023-12-02T16:31:58.269+0000][3589.341s][info ][safepoint     ] Leaving safepoint region
[2023-12-02T16:31:58.270+0000][3589.341s][info ][safepoint     ] Total time for which application threads were stopped: 0.0007667 seconds, Stopping threads took: 0.0002256 seconds
[2023-12-02T16:31:59.270+0000][3590.341s][debug][safepoint     ] Safepoint synchronization initiated. (208 threads)
[2023-12-02T16:31:59.270+0000][3590.342s][info ][safepoint     ] Application time: 1.0005627 seconds
[2023-12-02T16:31:59.271+0000][3590.342s][info ][safepoint     ] Entering safepoint region: Cleanup
[2023-12-02T16:31:59.271+0000][3590.343s][info ][safepoint     ] Leaving safepoint region
[2023-12-02T16:31:59.272+0000][3590.343s][info ][safepoint     ] Total time for which application threads were stopped: 0.0010779 seconds, Stopping threads took: 0.0003426 seconds
[2023-12-02T16:32:00.272+0000][3591.344s][debug][safepoint     ] Safepoint synchronization initiated. (208 threads)
[2023-12-02T16:32:00.273+0000][3591.344s][info ][safepoint     ] Application time: 1.0010483 seconds
[2023-12-02T16:32:00.274+0000][3591.345s][info ][safepoint     ] Entering safepoint region: Cleanup
[2023-12-02T16:32:00.275+0000][3591.346s][info ][safepoint     ] Leaving safepoint region
[2023-12-02T16:32:00.275+0000][3591.346s][info ][safepoint     ] Total time for which application threads were stopped: 0.0012669 seconds, Stopping threads took: 0.0004672 seconds
[2023-12-02T16:32:01.276+0000][3592.347s][debug][safepoint     ] Safepoint synchronization initiated. (208 threads)
[2023-12-02T16:32:01.277+0000][3592.348s][info ][safepoint     ] Application time: 1.0011781 seconds
[2023-12-02T16:32:01.278+0000][3592.349s][info ][safepoint     ] Entering safepoint region: Cleanup
[2023-12-02T16:32:01.278+0000][3592.350s][info ][safepoint     ] Leaving safepoint region
[2023-12-02T16:32:01.279+0000][3592.350s][info ][safepoint     ] Total time for which application threads were stopped: 0.0013419 seconds, Stopping threads took: 0.0005046 seconds
[2023-12-02T16:32:02.280+0000][3593.351s][debug][safepoint     ] Safepoint synchronization initiated. (208 threads)
[2023-12-02T16:32:02.281+0000][3593.352s][info ][safepoint     ] Application time: 1.0010952 seconds
[2023-12-02T16:32:02.281+0000][3593.352s][info ][safepoint     ] Entering safepoint region: Cleanup
[2023-12-02T16:32:02.282+0000][3593.353s][info ][safepoint     ] Leaving safepoint region
[2023-12-02T16:32:02.282+0000][3593.354s][info ][safepoint     ] Total time for which application threads were stopped: 0.0013624 seconds, Stopping threads took: 0.0005289 seconds
[2023-12-02T16:32:03.283+0000][3594.355s][debug][safepoint     ] Safepoint synchronization initiated. (208 threads)
[2023-12-02T16:32:03.284+0000][3594.355s][info ][safepoint     ] Application time: 1.0009761 seconds
[2023-12-02T16:32:03.284+0000][3594.356s][info ][safepoint     ] Entering safepoint region: Cleanup
[2023-12-02T16:32:03.285+0000][3594.356s][info ][safepoint     ] Leaving safepoint region
[2023-12-02T16:32:03.285+0000][3594.357s][info ][safepoint     ] Total time for which application threads were stopped: 0.0009810 seconds, Stopping threads took: 0.0004861 seconds
[2023-12-02T16:32:04.286+0000][3595.357s][debug][safepoint     ] Safepoint synchronization initiated. (208 threads)
[2023-12-02T16:32:04.286+0000][3595.358s][info ][safepoint     ] Application time: 1.0007411 seconds
[2023-12-02T16:32:04.287+0000][3595.358s][info ][safepoint     ] Entering safepoint region: Cleanup
[2023-12-02T16:32:04.287+0000][3595.359s][info ][safepoint     ] Leaving safepoint region
[2023-12-02T16:32:04.288+0000][3595.359s][info ][safepoint     ] Total time for which application threads were stopped: 0.0008602 seconds, Stopping threads took: 0.0003076 seconds
[2023-12-02T16:32:05.288+0000][3596.359s][debug][safepoint     ] Safepoint synchronization initiated. (208 threads)
[2023-12-02T16:32:05.288+0000][3596.360s][info ][safepoint     ] Application time: 1.0003990 seconds
[2023-12-02T16:32:05.288+0000][3596.360s][info ][safepoint     ] Entering safepoint region: Cleanup
[2023-12-02T16:32:05.289+0000][3596.360s][info ][safepoint     ] Leaving safepoint region
[2023-12-02T16:32:05.289+0000][3596.360s][info ][safepoint     ] Total time for which application threads were stopped: 0.0005958 seconds, Stopping threads took: 0.0002334 seconds
[2023-12-02T16:32:06.289+0000][3597.361s][debug][safepoint     ] Safepoint synchronization initiated. (208 threads)
[2023-12-02T16:32:06.290+0000][3597.362s][info ][safepoint     ] Application time: 1.0011554 seconds
[2023-12-02T16:32:06.291+0000][3597.362s][info ][safepoint     ] Entering safepoint region: Cleanup
[2023-12-02T16:32:06.292+0000][3597.363s][info ][safepoint     ] Leaving safepoint region
[2023-12-02T16:32:06.292+0000][3597.364s][info ][safepoint     ] Total time for which application threads were stopped: 0.0013719 seconds, Stopping threads took: 0.0006902 seconds
[2023-12-02T16:32:07.293+0000][3598.364s][debug][safepoint     ] Safepoint synchronization initiated. (208 threads)
[2023-12-02T16:32:07.294+0000][3598.365s][info ][safepoint     ] Application time: 1.0010998 seconds
[2023-12-02T16:32:07.295+0000][3598.366s][info ][safepoint     ] Entering safepoint region: Cleanup
[2023-12-02T16:32:07.295+0000][3598.367s][info ][safepoint     ] Leaving safepoint region
[2023-12-02T16:32:07.296+0000][3598.367s][info ][safepoint     ] Total time for which application threads were stopped: 0.0013873 seconds, Stopping threads took: 0.0005822 seconds
[2023-12-02T16:32:08.297+0000][3599.368s][debug][safepoint     ] Safepoint synchronization initiated. (208 threads)
[2023-12-02T16:32:08.298+0000][3599.369s][info ][safepoint     ] Application time: 1.0012381 seconds
[2023-12-02T16:32:08.298+0000][3599.370s][info ][safepoint     ] Entering safepoint region: Cleanup
[2023-12-02T16:32:08.300+0000][3599.371s][info ][safepoint     ] Leaving safepoint region
[2023-12-02T16:32:08.301+0000][3599.372s][info ][safepoint     ] Total time for which application threads were stopped: 0.0022044 seconds, Stopping threads took: 0.0009758 seconds
[2023-12-02T16:32:08.300+0000][3599.371s][debug][safepoint     ] ... found polling page return exception at pc = 0x00007f43fc9de0c4, stub =0x00007f43f4840600
[2023-12-02T16:32:08.300+0000][3599.371s][debug][safepoint     ] ... found polling page return exception at pc = 0x00007f43fc9de0c4, stub =0x00007f43f4840600
[2023-12-02T16:32:09.301+0000][3600.373s][debug][safepoint     ] Safepoint synchronization initiated. (208 threads)
[2023-12-02T16:32:09.302+0000][3600.373s][info ][safepoint     ] Application time: 1.0004760 seconds
[2023-12-02T16:32:09.302+0000][3600.373s][info ][safepoint     ] Entering safepoint region: Cleanup
[2023-12-02T16:32:09.302+0000][3600.374s][info ][safepoint     ] Leaving safepoint region
[2023-12-02T16:32:09.303+0000][3600.374s][info ][safepoint     ] Total time for which application threads were stopped: 0.0010293 seconds, Stopping threads took: 0.0002918 seconds
[2023-12-02T16:32:10.303+0000][3601.375s][debug][safepoint     ] Safepoint synchronization initiated. (208 threads)
[2023-12-02T16:32:10.304+0000][3601.376s][info ][safepoint     ] Application time: 1.0009984 seconds
[2023-12-02T16:32:10.305+0000][3601.377s][info ][safepoint     ] Entering safepoint region: Cleanup
[2023-12-02T16:32:10.306+0000][3601.378s][info ][safepoint     ] Leaving safepoint region
[2023-12-02T16:32:10.307+0000][3601.378s][info ][safepoint     ] Total time for which application threads were stopped: 0.0019117 seconds, Stopping threads took: 0.0008535 seconds
[2023-12-02T16:32:11.308+0000][3602.379s][debug][safepoint     ] Safepoint synchronization initiated. (208 threads)
[2023-12-02T16:32:11.309+0000][3602.380s][info ][safepoint     ] Application time: 1.0011580 seconds
[2023-12-02T16:32:11.310+0000][3602.381s][info ][safepoint     ] Entering safepoint region: Cleanup
[2023-12-02T16:32:11.311+0000][3602.382s][info ][safepoint     ] Leaving safepoint region
[2023-12-02T16:32:11.311+0000][3602.383s][info ][safepoint     ] Total time for which application threads were stopped: 0.0018562 seconds, Stopping threads took: 0.0007679 seconds
[2023-12-02T16:32:12.312+0000][3603.383s][debug][safepoint     ] Safepoint synchronization initiated. (208 threads)
[2023-12-02T16:32:12.313+0000][3603.384s][info ][safepoint     ] Application time: 1.0007373 seconds
[2023-12-02T16:32:12.313+0000][3603.384s][info ][safepoint     ] Entering safepoint region: Cleanup
[2023-12-02T16:32:12.314+0000][3603.385s][info ][safepoint     ] Leaving safepoint region
[2023-12-02T16:32:12.314+0000][3603.385s][info ][safepoint     ] Total time for which application threads were stopped: 0.0009405 seconds, Stopping threads took: 0.0004447 seconds
[2023-12-02T16:32:13.314+0000][3604.386s][debug][safepoint     ] Safepoint synchronization initiated. (208 threads)
[2023-12-02T16:32:13.315+0000][3604.387s][info ][safepoint     ] Application time: 1.0012913 seconds
[2023-12-02T16:32:13.316+0000][3604.388s][info ][safepoint     ] Entering safepoint region: Cleanup
[2023-12-02T16:32:13.318+0000][3604.389s][info ][safepoint     ] Leaving safepoint region
[2023-12-02T16:32:13.318+0000][3604.390s][info ][safepoint     ] Total time for which application threads were stopped: 0.0019534 seconds, Stopping threads took: 0.0007725 seconds
[2023-12-02T16:32:14.319+0000][3605.391s][debug][safepoint     ] Safepoint synchronization initiated. (207 threads)
[2023-12-02T16:32:14.320+0000][3605.392s][info ][safepoint     ] Application time: 1.0011902 seconds
[2023-12-02T16:32:14.321+0000][3605.392s][info ][safepoint     ] Entering safepoint region: Cleanup
[2023-12-02T16:32:14.322+0000][3605.394s][info ][safepoint     ] Leaving safepoint region
[2023-12-02T16:32:14.323+0000][3605.394s][info ][safepoint     ] Total time for which application threads were stopped: 0.0016882 seconds, Stopping threads took: 0.0008199 seconds
[2023-12-02T16:32:15.324+0000][3606.395s][debug][safepoint     ] Safepoint synchronization initiated. (206 threads)
[2023-12-02T16:32:15.325+0000][3606.396s][info ][safepoint     ] Application time: 1.0011727 seconds
[2023-12-02T16:32:15.325+0000][3606.397s][info ][safepoint     ] Entering safepoint region: Cleanup
[2023-12-02T16:32:15.326+0000][3606.398s][info ][safepoint     ] Leaving safepoint region
[2023-12-02T16:32:15.327+0000][3606.399s][info ][safepoint     ] Total time for which application threads were stopped: 0.0018691 seconds, Stopping threads took: 0.0008322 seconds
[2023-12-02T16:32:16.328+0000][3607.399s][debug][safepoint     ] Safepoint synchronization initiated. (208 threads)
[2023-12-02T16:32:16.329+0000][3607.400s][info ][safepoint     ] Application time: 1.0010283 seconds
[2023-12-02T16:32:16.329+0000][3607.401s][info ][safepoint     ] Entering safepoint region: Cleanup
[2023-12-02T16:32:16.330+0000][3607.401s][info ][safepoint     ] Leaving safepoint region
[2023-12-02T16:32:16.330+0000][3607.402s][info ][safepoint     ] Total time for which application threads were stopped: 0.0012463 seconds, Stopping threads took: 0.0005090 seconds
[2023-12-02T16:32:17.331+0000][3608.402s][debug][safepoint     ] Safepoint synchronization initiated. (208 threads)
[2023-12-02T16:32:17.332+0000][3608.403s][info ][safepoint     ] Application time: 1.0011406 seconds
[2023-12-02T16:32:17.332+0000][3608.404s][debug][safepoint     ] ... found polling page return exception at pc = 0x00007f43fc4226bd, stub =0x00007f43f4840600
[2023-12-02T16:32:17.333+0000][3608.404s][debug][safepoint     ] Waiting for 2 thread(s) to block
[2023-12-02T16:32:17.333+0000][3608.404s][info ][safepoint     ] Entering safepoint region: Cleanup
[2023-12-02T16:32:17.333+0000][3608.405s][info ][safepoint     ] Leaving safepoint region
[2023-12-02T16:32:17.333+0000][3608.405s][info ][safepoint     ] Total time for which application threads were stopped: 0.0010309 seconds, Stopping threads took: 0.0006941 seconds
[2023-12-02T16:32:18.334+0000][3609.405s][debug][safepoint     ] Safepoint synchronization initiated. (208 threads)
[2023-12-02T16:32:18.335+0000][3609.406s][info ][safepoint     ] Application time: 1.0008999 seconds
[2023-12-02T16:32:18.335+0000][3609.407s][info ][safepoint     ] Entering safepoint region: Cleanup
[2023-12-02T16:32:18.336+0000][3609.408s][info ][safepoint     ] Leaving safepoint region
[2023-12-02T16:32:18.337+0000][3609.408s][info ][safepoint     ] Total time for which application threads were stopped: 0.0014054 seconds, Stopping threads took: 0.0006446 seconds
[2023-12-02T16:32:19.337+0000][3610.409s][debug][safepoint     ] Safepoint synchronization initiated. (208 threads)
[2023-12-02T16:32:19.338+0000][3610.409s][info ][safepoint     ] Application time: 1.0006677 seconds
[2023-12-02T16:32:19.338+0000][3610.410s][info ][safepoint     ] Entering safepoint region: Cleanup
[2023-12-02T16:32:19.339+0000][3610.410s][info ][safepoint     ] Leaving safepoint region
[2023-12-02T16:32:19.339+0000][3610.410s][info ][safepoint     ] Total time for which application threads were stopped: 0.0008204 seconds, Stopping threads took: 0.0003385 seconds
[2023-12-02T16:32:20.340+0000][3611.411s][debug][safepoint     ] Safepoint synchronization initiated. (208 threads)
[2023-12-02T16:32:20.340+0000][3611.412s][info ][safepoint     ] Application time: 1.0009450 seconds
[2023-12-02T16:32:20.341+0000][3611.412s][info ][safepoint     ] Entering safepoint region: Cleanup
[2023-12-02T16:32:20.342+0000][3611.413s][info ][safepoint     ] Leaving safepoint region
[2023-12-02T16:32:20.342+0000][3611.413s][info ][safepoint     ] Total time for which application threads were stopped: 0.0011703 seconds, Stopping threads took: 0.0005654 seconds
[2023-12-02T16:32:21.342+0000][3612.414s][debug][safepoint     ] Safepoint synchronization initiated. (206 threads)
[2023-12-02T16:32:21.343+0000][3612.414s][info ][safepoint     ] Application time: 1.0005652 seconds
[2023-12-02T16:32:21.343+0000][3612.415s][debug][safepoint     ] ... found polling page loop exception at pc = 0x00007f43fd02ce57, stub =0x00007f43f4843680
[2023-12-02T16:32:21.343+0000][3612.415s][debug][safepoint     ] Waiting for 1 thread(s) to block
[2023-12-02T16:32:21.344+0000][3612.415s][info ][safepoint     ] Entering safepoint region: Cleanup
[2023-12-02T16:32:21.344+0000][3612.416s][info ][safepoint     ] Leaving safepoint region
[2023-12-02T16:32:21.345+0000][3612.416s][info ][safepoint     ] Total time for which application threads were stopped: 0.0015782 seconds, Stopping threads took: 0.0010785 seconds
[2023-12-02T16:32:22.345+0000][3613.417s][debug][safepoint     ] Safepoint synchronization initiated. (206 threads)
[2023-12-02T16:32:22.346+0000][3613.417s][info ][safepoint     ] Application time: 1.0005251 seconds
[2023-12-02T16:32:22.346+0000][3613.417s][info ][safepoint     ] Entering safepoint region: Cleanup
[2023-12-02T16:32:22.346+0000][3613.418s][info ][safepoint     ] Leaving safepoint region
[2023-12-02T16:32:22.347+0000][3613.418s][info ][safepoint     ] Total time for which application threads were stopped: 0.0007393 seconds, Stopping threads took: 0.0002937 seconds
[2023-12-02T16:32:23.347+0000][3614.418s][debug][safepoint     ] Safepoint synchronization initiated. (206 threads)
[2023-12-02T16:32:23.347+0000][3614.419s][info ][safepoint     ] Application time: 1.0005318 seconds
[2023-12-02T16:32:23.348+0000][3614.419s][info ][safepoint     ] Entering safepoint region: Cleanup
[2023-12-02T16:32:23.348+0000][3614.419s][info ][safepoint     ] Leaving safepoint region
[2023-12-02T16:32:23.348+0000][3614.420s][info ][safepoint     ] Total time for which application threads were stopped: 0.0006989 seconds, Stopping threads took: 0.0002258 seconds
[2023-12-02T16:32:24.349+0000][3615.420s][debug][safepoint     ] Safepoint synchronization initiated. (208 threads)
[2023-12-02T16:32:24.350+0000][3615.421s][info ][safepoint     ] Application time: 1.0010446 seconds
[2023-12-02T16:32:24.350+0000][3615.422s][info ][safepoint     ] Entering safepoint region: Cleanup
[2023-12-02T16:32:24.351+0000][3615.423s][info ][safepoint     ] Leaving safepoint region
[2023-12-02T16:32:24.352+0000][3615.423s][info ][safepoint     ] Total time for which application threads were stopped: 0.0018357 seconds, Stopping threads took: 0.0007436 seconds
[2023-12-02T16:32:25.353+0000][3616.424s][debug][safepoint     ] Safepoint synchronization initiated. (208 threads)
[2023-12-02T16:32:25.353+0000][3616.425s][info ][safepoint     ] Application time: 1.0008145 seconds
[2023-12-02T16:32:25.354+0000][3616.426s][info ][safepoint     ] Entering safepoint region: Cleanup
[2023-12-02T16:32:25.355+0000][3616.426s][info ][safepoint     ] Leaving safepoint region
[2023-12-02T16:32:25.356+0000][3616.427s][info ][safepoint     ] Total time for which application threads were stopped: 0.0014543 seconds, Stopping threads took: 0.0006830 seconds
[2023-12-02T16:32:26.356+0000][3617.428s][debug][safepoint     ] Safepoint synchronization initiated. (208 threads)
[2023-12-02T16:32:26.357+0000][3617.428s][info ][safepoint     ] Application time: 1.0007874 seconds
[2023-12-02T16:32:26.357+0000][3617.429s][info ][safepoint     ] Entering safepoint region: Cleanup
[2023-12-02T16:32:26.358+0000][3617.429s][info ][safepoint     ] Leaving safepoint region
[2023-12-02T16:32:26.358+0000][3617.430s][info ][safepoint     ] Total time for which application threads were stopped: 0.0011418 seconds, Stopping threads took: 0.0003879 seconds
[2023-12-02T16:32:27.359+0000][3618.431s][debug][safepoint     ] Safepoint synchronization initiated. (208 threads)
[2023-12-02T16:32:27.360+0000][3618.432s][info ][safepoint     ] Application time: 1.0012858 seconds
[2023-12-02T16:32:27.361+0000][3618.432s][info ][safepoint     ] Entering safepoint region: Cleanup
[2023-12-02T16:32:27.362+0000][3618.434s][info ][safepoint     ] Leaving safepoint region
[2023-12-02T16:32:27.363+0000][3618.434s][info ][safepoint     ] Total time for which application threads were stopped: 0.0016546 seconds, Stopping threads took: 0.0007279 seconds
[2023-12-02T16:32:28.364+0000][3619.435s][debug][safepoint     ] Safepoint synchronization initiated. (208 threads)
[2023-12-02T16:32:28.365+0000][3619.436s][info ][safepoint     ] Application time: 1.0014137 seconds
[2023-12-02T16:32:28.366+0000][3619.437s][info ][safepoint     ] Entering safepoint region: Cleanup
[2023-12-02T16:32:28.367+0000][3619.438s][info ][safepoint     ] Leaving safepoint region
[2023-12-02T16:32:28.368+0000][3619.439s][info ][safepoint     ] Total time for which application threads were stopped: 0.0019505 seconds, Stopping threads took: 0.0008742 seconds
[2023-12-02T16:32:29.368+0000][3620.440s][debug][safepoint     ] Safepoint synchronization initiated. (208 threads)
[2023-12-02T16:32:29.369+0000][3620.440s][info ][safepoint     ] Application time: 1.0008296 seconds
[2023-12-02T16:32:29.369+0000][3620.441s][info ][safepoint     ] Entering safepoint region: Cleanup
[2023-12-02T16:32:29.370+0000][3620.441s][info ][safepoint     ] Leaving safepoint region
[2023-12-02T16:32:29.371+0000][3620.442s][info ][safepoint     ] Total time for which application threads were stopped: 0.0013271 seconds, Stopping threads took: 0.0003146 seconds
[2023-12-02T16:32:30.371+0000][3621.443s][debug][safepoint     ] Safepoint synchronization initiated. (208 threads)
[2023-12-02T16:32:30.372+0000][3621.443s][info ][safepoint     ] Application time: 1.0006696 seconds
[2023-12-02T16:32:30.372+0000][3621.444s][info ][safepoint     ] Entering safepoint region: Cleanup
[2023-12-02T16:32:30.373+0000][3621.444s][info ][safepoint     ] Leaving safepoint region
[2023-12-02T16:32:30.373+0000][3621.445s][info ][safepoint     ] Total time for which application threads were stopped: 0.0008491 seconds, Stopping threads took: 0.0003971 seconds
[2023-12-02T16:32:31.374+0000][3622.445s][debug][safepoint     ] Safepoint synchronization initiated. (206 threads)
[2023-12-02T16:32:31.375+0000][3622.446s][info ][safepoint     ] Application time: 1.0010122 seconds
[2023-12-02T16:32:31.375+0000][3622.447s][info ][safepoint     ] Entering safepoint region: Cleanup
[2023-12-02T16:32:31.376+0000][3622.448s][info ][safepoint     ] Leaving safepoint region
[2023-12-02T16:32:31.377+0000][3622.448s][info ][safepoint     ] Total time for which application threads were stopped: 0.0015880 seconds, Stopping threads took: 0.0007089 seconds
[2023-12-02T16:32:32.378+0000][3623.449s][debug][safepoint     ] Safepoint synchronization initiated. (206 threads)
[2023-12-02T16:32:32.378+0000][3623.450s][info ][safepoint     ] Application time: 1.0008456 seconds
[2023-12-02T16:32:32.379+0000][3623.451s][info ][safepoint     ] Entering safepoint region: Cleanup
[2023-12-02T16:32:32.381+0000][3623.452s][info ][safepoint     ] Leaving safepoint region
[2023-12-02T16:32:32.381+0000][3623.452s][info ][safepoint     ] Total time for which application threads were stopped: 0.0019056 seconds, Stopping threads took: 0.0011737 seconds
[2023-12-02T16:32:33.381+0000][3624.453s][debug][safepoint     ] Safepoint synchronization initiated. (206 threads)
[2023-12-02T16:32:33.383+0000][3624.454s][info ][safepoint     ] Application time: 1.0018033 seconds
[2023-12-02T16:32:33.383+0000][3624.455s][info ][safepoint     ] Entering safepoint region: Cleanup
[2023-12-02T16:32:33.384+0000][3624.455s][info ][safepoint     ] Leaving safepoint region
[2023-12-02T16:32:33.384+0000][3624.456s][info ][safepoint     ] Total time for which application threads were stopped: 0.0009899 seconds, Stopping threads took: 0.0004405 seconds
[2023-12-02T16:32:34.385+0000][3625.456s][debug][safepoint     ] Safepoint synchronization initiated. (206 threads)
[2023-12-02T16:32:34.385+0000][3625.456s][info ][safepoint     ] Application time: 1.0004067 seconds
[2023-12-02T16:32:34.385+0000][3625.457s][info ][safepoint     ] Entering safepoint region: Cleanup
[2023-12-02T16:32:34.386+0000][3625.457s][info ][safepoint     ] Leaving safepoint region
[2023-12-02T16:32:34.386+0000][3625.457s][info ][safepoint     ] Total time for which application threads were stopped: 0.0006910 seconds, Stopping threads took: 0.0002756 seconds
[2023-12-02T16:32:35.387+0000][3626.458s][debug][safepoint     ] Safepoint synchronization initiated. (206 threads)
[2023-12-02T16:32:35.388+0000][3626.459s][info ][safepoint     ] Application time: 1.0018149 seconds
[2023-12-02T16:32:35.388+0000][3626.460s][debug][safepoint     ] ... found polling page loop exception at pc = 0x00007f43fc4ad789, stub =0x00007f43f4843680
[2023-12-02T16:32:35.389+0000][3626.460s][debug][safepoint     ] Waiting for 1 thread(s) to block
[2023-12-02T16:32:35.390+0000][3626.461s][info ][safepoint     ] Entering safepoint region: Cleanup
[2023-12-02T16:32:35.391+0000][3626.463s][info ][safepoint     ] Leaving safepoint region
[2023-12-02T16:32:35.392+0000][3626.463s][info ][safepoint     ] Total time for which application threads were stopped: 0.0032792 seconds, Stopping threads took: 0.0026470 seconds
[2023-12-02T16:32:36.392+0000][3627.464s][debug][safepoint     ] Safepoint synchronization initiated. (206 threads)
[2023-12-02T16:32:36.393+0000][3627.464s][info ][safepoint     ] Application time: 1.0007652 seconds
[2023-12-02T16:32:36.393+0000][3627.465s][info ][safepoint     ] Entering safepoint region: Cleanup
[2023-12-02T16:32:36.394+0000][3627.465s][info ][safepoint     ] Leaving safepoint region
[2023-12-02T16:32:36.394+0000][3627.466s][info ][safepoint     ] Total time for which application threads were stopped: 0.0010367 seconds, Stopping threads took: 0.0004185 seconds
[2023-12-02T16:32:37.395+0000][3628.466s][debug][safepoint     ] Safepoint synchronization initiated. (206 threads)
[2023-12-02T16:32:37.395+0000][3628.466s][info ][safepoint     ] Application time: 1.0005600 seconds
[2023-12-02T16:32:37.395+0000][3628.467s][info ][safepoint     ] Entering safepoint region: Cleanup
[2023-12-02T16:32:37.396+0000][3628.468s][info ][safepoint     ] Leaving safepoint region
[2023-12-02T16:32:37.397+0000][3628.468s][info ][safepoint     ] Total time for which application threads were stopped: 0.0010910 seconds, Stopping threads took: 0.0004920 seconds
[2023-12-02T16:32:38.397+0000][3629.469s][debug][safepoint     ] Safepoint synchronization initiated. (206 threads)
[2023-12-02T16:32:38.398+0000][3629.469s][info ][safepoint     ] Application time: 1.0009326 seconds
[2023-12-02T16:32:38.398+0000][3629.470s][info ][safepoint     ] Entering safepoint region: Cleanup
[2023-12-02T16:32:38.399+0000][3629.471s][info ][safepoint     ] Leaving safepoint region
[2023-12-02T16:32:38.400+0000][3629.471s][info ][safepoint     ] Total time for which application threads were stopped: 0.0013022 seconds, Stopping threads took: 0.0005811 seconds
[2023-12-02T16:32:39.400+0000][3630.472s][debug][safepoint     ] Safepoint synchronization initiated. (206 threads)
[2023-12-02T16:32:39.401+0000][3630.472s][info ][safepoint     ] Application time: 1.0005819 seconds
[2023-12-02T16:32:39.401+0000][3630.473s][info ][safepoint     ] Entering safepoint region: Cleanup
[2023-12-02T16:32:39.402+0000][3630.473s][info ][safepoint     ] Leaving safepoint region
[2023-12-02T16:32:39.402+0000][3630.474s][info ][safepoint     ] Total time for which application threads were stopped: 0.0010075 seconds, Stopping threads took: 0.0005075 seconds
[2023-12-02T16:32:40.402+0000][3631.474s][debug][safepoint     ] Safepoint synchronization initiated. (206 threads)
[2023-12-02T16:32:40.403+0000][3631.474s][info ][safepoint     ] Application time: 1.0005288 seconds
[2023-12-02T16:32:40.403+0000][3631.475s][info ][safepoint     ] Entering safepoint region: Cleanup
[2023-12-02T16:32:40.404+0000][3631.475s][info ][safepoint     ] Leaving safepoint region
[2023-12-02T16:32:40.404+0000][3631.475s][info ][safepoint     ] Total time for which application threads were stopped: 0.0007887 seconds, Stopping threads took: 0.0002580 seconds
[2023-12-02T16:32:41.404+0000][3632.476s][debug][safepoint     ] Safepoint synchronization initiated. (206 threads)
[2023-12-02T16:32:41.405+0000][3632.476s][info ][safepoint     ] Application time: 1.0004033 seconds
[2023-12-02T16:32:41.405+0000][3632.476s][info ][safepoint     ] Entering safepoint region: Cleanup
[2023-12-02T16:32:41.405+0000][3632.477s][info ][safepoint     ] Leaving safepoint region
[2023-12-02T16:32:41.406+0000][3632.477s][info ][safepoint     ] Total time for which application threads were stopped: 0.0006429 seconds, Stopping threads took: 0.0002520 seconds
[2023-12-02T16:32:42.406+0000][3633.477s][debug][safepoint     ] Safepoint synchronization initiated. (206 threads)
[2023-12-02T16:32:42.406+0000][3633.478s][info ][safepoint     ] Application time: 1.0005805 seconds
[2023-12-02T16:32:42.407+0000][3633.478s][info ][safepoint     ] Entering safepoint region: Cleanup
[2023-12-02T16:32:42.407+0000][3633.479s][info ][safepoint     ] Leaving safepoint region
[2023-12-02T16:32:42.408+0000][3633.479s][info ][safepoint     ] Total time for which application threads were stopped: 0.0010059 seconds, Stopping threads took: 0.0004808 seconds
[2023-12-02T16:32:43.408+0000][3634.479s][debug][safepoint     ] Safepoint synchronization initiated. (206 threads)
[2023-12-02T16:32:43.408+0000][3634.480s][info ][safepoint     ] Application time: 1.0005487 seconds
[2023-12-02T16:32:43.409+0000][3634.480s][info ][safepoint     ] Entering safepoint region: Cleanup
[2023-12-02T16:32:43.410+0000][3634.481s][info ][safepoint     ] Leaving safepoint region
[2023-12-02T16:32:43.410+0000][3634.481s][info ][safepoint     ] Total time for which application threads were stopped: 0.0009942 seconds, Stopping threads took: 0.0004756 seconds
[2023-12-02T16:32:44.410+0000][3635.482s][debug][safepoint     ] Safepoint synchronization initiated. (206 threads)
[2023-12-02T16:32:44.411+0000][3635.482s][info ][safepoint     ] Application time: 1.0004976 seconds
[2023-12-02T16:32:44.411+0000][3635.482s][info ][safepoint     ] Entering safepoint region: Cleanup
[2023-12-02T16:32:44.411+0000][3635.483s][info ][safepoint     ] Leaving safepoint region
[2023-12-02T16:32:44.412+0000][3635.483s][info ][safepoint     ] Total time for which application threads were stopped: 0.0006949 seconds, Stopping threads took: 0.0003311 seconds
[2023-12-02T16:32:45.412+0000][3636.483s][debug][safepoint     ] Safepoint synchronization initiated. (206 threads)
[2023-12-02T16:32:45.412+0000][3636.484s][info ][safepoint     ] Application time: 1.0005785 seconds
[2023-12-02T16:32:45.413+0000][3636.484s][info ][safepoint     ] Entering safepoint region: Cleanup
[2023-12-02T16:32:45.413+0000][3636.485s][info ][safepoint     ] Leaving safepoint region
[2023-12-02T16:32:45.413+0000][3636.485s][info ][safepoint     ] Total time for which application threads were stopped: 0.0006261 seconds, Stopping threads took: 0.0002231 seconds
[2023-12-02T16:32:46.414+0000][3637.485s][debug][safepoint     ] Safepoint synchronization initiated. (206 threads)
[2023-12-02T16:32:46.414+0000][3637.486s][info ][safepoint     ] Application time: 1.0007737 seconds
[2023-12-02T16:32:46.415+0000][3637.486s][info ][safepoint     ] Entering safepoint region: Cleanup
[2023-12-02T16:32:46.415+0000][3637.487s][info ][safepoint     ] Leaving safepoint region
[2023-12-02T16:32:46.416+0000][3637.487s][info ][safepoint     ] Total time for which application threads were stopped: 0.0009946 seconds, Stopping threads took: 0.0003992 seconds
[2023-12-02T16:32:47.416+0000][3638.488s][debug][safepoint     ] Safepoint synchronization initiated. (206 threads)
[2023-12-02T16:32:47.417+0000][3638.489s][info ][safepoint     ] Application time: 1.0014561 seconds
[2023-12-02T16:32:47.418+0000][3638.489s][info ][safepoint     ] Entering safepoint region: Cleanup
[2023-12-02T16:32:47.418+0000][3638.490s][info ][safepoint     ] Leaving safepoint region
[2023-12-02T16:32:47.419+0000][3638.490s][info ][safepoint     ] Total time for which application threads were stopped: 0.0011620 seconds, Stopping threads took: 0.0003962 seconds
[2023-12-02T16:32:48.419+0000][3639.491s][debug][safepoint     ] Safepoint synchronization initiated. (206 threads)
[2023-12-02T16:32:48.420+0000][3639.491s][info ][safepoint     ] Application time: 1.0007418 seconds
[2023-12-02T16:32:48.420+0000][3639.492s][info ][safepoint     ] Entering safepoint region: Cleanup
[2023-12-02T16:32:48.421+0000][3639.492s][info ][safepoint     ] Leaving safepoint region
[2023-12-02T16:32:48.421+0000][3639.493s][info ][safepoint     ] Total time for which application threads were stopped: 0.0009589 seconds, Stopping threads took: 0.0003778 seconds
[2023-12-02T16:32:49.422+0000][3640.493s][debug][safepoint     ] Safepoint synchronization initiated. (206 threads)
[2023-12-02T16:32:49.422+0000][3640.494s][info ][safepoint     ] Application time: 1.0008836 seconds
[2023-12-02T16:32:49.423+0000][3640.494s][info ][safepoint     ] Entering safepoint region: Cleanup
[2023-12-02T16:32:49.424+0000][3640.495s][info ][safepoint     ] Leaving safepoint region
[2023-12-02T16:32:49.424+0000][3640.495s][info ][safepoint     ] Total time for which application threads were stopped: 0.0009144 seconds, Stopping threads took: 0.0004731 seconds
[2023-12-02T16:32:50.424+0000][3641.496s][debug][safepoint     ] Safepoint synchronization initiated. (206 threads)
[2023-12-02T16:32:50.425+0000][3641.496s][info ][safepoint     ] Application time: 1.0007049 seconds
[2023-12-02T16:32:50.425+0000][3641.497s][info ][safepoint     ] Entering safepoint region: Cleanup
[2023-12-02T16:32:50.426+0000][3641.497s][info ][safepoint     ] Leaving safepoint region
[2023-12-02T16:32:50.426+0000][3641.498s][info ][safepoint     ] Total time for which application threads were stopped: 0.0008975 seconds, Stopping threads took: 0.0003912 seconds
[2023-12-02T16:32:50.824+0000][3641.895s][debug][safepoint     ] Safepoint synchronization initiated. (206 threads)
[2023-12-02T16:32:50.841+0000][3641.913s][info ][safepoint     ] Application time: 0.4146998 seconds
[2023-12-02T16:32:50.842+0000][3641.913s][info ][safepoint     ] Entering safepoint region: G1CollectForAllocation
[2023-12-02T16:32:50.842+0000][3641.914s][info ][gc,start      ] GC(88) Pause Young (Concurrent Start) (G1 Evacuation Pause)
[2023-12-02T16:32:50.843+0000][3641.914s][info ][gc,task       ] GC(88) Using 8 workers of 8 for evacuation
[2023-12-02T16:32:50.864+0000][3641.936s][info ][gc,phases     ] GC(88)   Pre Evacuate Collection Set: 0.9ms
[2023-12-02T16:32:50.864+0000][3641.936s][info ][gc,phases     ] GC(88)   Evacuate Collection Set: 16.1ms
[2023-12-02T16:32:50.865+0000][3641.936s][info ][gc,phases     ] GC(88)   Post Evacuate Collection Set: 3.8ms
[2023-12-02T16:32:50.865+0000][3641.937s][info ][gc,phases     ] GC(88)   Other: 1.0ms
[2023-12-02T16:32:50.865+0000][3641.937s][info ][gc,heap       ] GC(88) Eden regions: 172->0(172)
[2023-12-02T16:32:50.866+0000][3641.937s][info ][gc,heap       ] GC(88) Survivor regions: 2->2(22)
[2023-12-02T16:32:50.866+0000][3641.937s][info ][gc,heap       ] GC(88) Old regions: 149->149
[2023-12-02T16:32:50.866+0000][3641.938s][info ][gc,heap       ] GC(88) Humongous regions: 55->55
[2023-12-02T16:32:50.866+0000][3641.938s][info ][gc,metaspace  ] GC(88) Metaspace: 174772K(194588K)->174772K(194588K) NonClass: 154879K(170784K)->154879K(170784K) Class: 19893K(23804K)->19893K(23804K)
[2023-12-02T16:32:50.867+0000][3641.938s][info ][gc            ] GC(88) Pause Young (Concurrent Start) (G1 Evacuation Pause) 375M->204M(427M) 24.167ms
[2023-12-02T16:32:50.867+0000][3641.938s][info ][gc,cpu        ] GC(88) User=0.09s Sys=0.01s Real=0.02s
[2023-12-02T16:32:50.867+0000][3641.939s][info ][gc            ] GC(89) Concurrent Cycle
[2023-12-02T16:32:50.868+0000][3641.939s][info ][gc,marking    ] GC(89) Concurrent Clear Claimed Marks
[2023-12-02T16:32:50.867+0000][3641.939s][info ][safepoint     ] Leaving safepoint region
[2023-12-02T16:32:50.868+0000][3641.940s][info ][safepoint     ] Total time for which application threads were stopped: 0.0266780 seconds, Stopping threads took: 0.0005326 seconds
[2023-12-02T16:32:50.869+0000][3641.940s][info ][gc,stringdedup] Concurrent String Deduplication (3641.940s)
[2023-12-02T16:32:50.869+0000][3641.940s][info ][gc,marking    ] GC(89) Concurrent Clear Claimed Marks 1.071ms
[2023-12-02T16:32:50.869+0000][3641.941s][info ][gc,marking    ] GC(89) Concurrent Scan Root Regions
[2023-12-02T16:32:50.869+0000][3641.940s][info ][gc,stringdedup] Concurrent String Deduplication 1256.0B->1032.0B(224.0B) avg 52.7% (3641.940s, 3641.940s) 0.402ms
[2023-12-02T16:32:50.873+0000][3641.944s][info ][gc,marking    ] GC(89) Concurrent Scan Root Regions 3.411ms
[2023-12-02T16:32:50.873+0000][3641.944s][info ][gc,marking    ] GC(89) Concurrent Mark (3641.944s)
[2023-12-02T16:32:50.873+0000][3641.945s][info ][gc,marking    ] GC(89) Concurrent Mark From Roots
[2023-12-02T16:32:50.874+0000][3641.945s][info ][gc,task       ] GC(89) Using 2 workers of 2 for marking
[2023-12-02T16:32:50.995+0000][3642.067s][info ][gc,marking    ] GC(89) Concurrent Mark From Roots 121.966ms
[2023-12-02T16:32:50.996+0000][3642.067s][info ][gc,marking    ] GC(89) Concurrent Preclean
[2023-12-02T16:32:50.996+0000][3642.068s][info ][gc,marking    ] GC(89) Concurrent Preclean 0.738ms
[2023-12-02T16:32:50.997+0000][3642.068s][info ][gc,marking    ] GC(89) Concurrent Mark (3641.944s, 3642.068s) 123.689ms
[2023-12-02T16:32:50.997+0000][3642.068s][debug][safepoint     ] Safepoint synchronization initiated. (206 threads)
[2023-12-02T16:32:50.997+0000][3642.069s][info ][safepoint     ] Application time: 0.1286969 seconds
[2023-12-02T16:32:50.997+0000][3642.069s][info ][safepoint     ] Entering safepoint region: CGC_Operation
[2023-12-02T16:32:50.998+0000][3642.069s][info ][gc,start      ] GC(89) Pause Remark
[2023-12-02T16:32:51.033+0000][3642.104s][info ][gc,stringtable] GC(89) Cleaned string and symbol table, strings: 72965 processed, 0 removed, symbols: 415221 processed, 16 removed
[2023-12-02T16:32:51.034+0000][3642.105s][info ][gc            ] GC(89) Pause Remark 207M->207M(427M) 35.704ms
[2023-12-02T16:32:51.034+0000][3642.105s][info ][gc,cpu        ] GC(89) User=0.23s Sys=0.00s Real=0.04s
[2023-12-02T16:32:51.034+0000][3642.106s][info ][safepoint     ] Leaving safepoint region
[2023-12-02T16:32:51.035+0000][3642.106s][info ][safepoint     ] Total time for which application threads were stopped: 0.0373655 seconds, Stopping threads took: 0.0002984 seconds
[2023-12-02T16:32:51.035+0000][3642.107s][info ][gc,marking    ] GC(89) Concurrent Rebuild Remembered Sets
[2023-12-02T16:32:51.115+0000][3642.187s][info ][gc,marking    ] GC(89) Concurrent Rebuild Remembered Sets 79.908ms
[2023-12-02T16:32:51.116+0000][3642.187s][debug][safepoint     ] Safepoint synchronization initiated. (206 threads)
[2023-12-02T16:32:51.116+0000][3642.188s][info ][safepoint     ] Application time: 0.0808997 seconds
[2023-12-02T16:32:51.116+0000][3642.188s][info ][safepoint     ] Entering safepoint region: CGC_Operation
[2023-12-02T16:32:51.117+0000][3642.188s][info ][gc,start      ] GC(89) Pause Cleanup
[2023-12-02T16:32:51.118+0000][3642.189s][info ][gc            ] GC(89) Pause Cleanup 207M->207M(427M) 0.735ms
[2023-12-02T16:32:51.118+0000][3642.189s][info ][gc,cpu        ] GC(89) User=0.00s Sys=0.00s Real=0.00s
[2023-12-02T16:32:51.118+0000][3642.190s][info ][safepoint     ] Leaving safepoint region
[2023-12-02T16:32:51.119+0000][3642.190s][info ][safepoint     ] Total time for which application threads were stopped: 0.0021533 seconds, Stopping threads took: 0.0003811 seconds
[2023-12-02T16:32:51.119+0000][3642.190s][info ][gc,marking    ] GC(89) Concurrent Cleanup for Next Mark
[2023-12-02T16:32:51.120+0000][3642.191s][info ][gc,marking    ] GC(89) Concurrent Cleanup for Next Mark 1.102ms
[2023-12-02T16:32:51.120+0000][3642.192s][info ][gc            ] GC(89) Concurrent Cycle 253.171ms
[2023-12-02T16:32:52.119+0000][3643.190s][debug][safepoint     ] Safepoint synchronization initiated. (206 threads)
[2023-12-02T16:32:52.119+0000][3643.191s][info ][safepoint     ] Application time: 1.0007101 seconds
[2023-12-02T16:32:52.120+0000][3643.191s][info ][safepoint     ] Entering safepoint region: Cleanup
[2023-12-02T16:32:52.121+0000][3643.192s][info ][safepoint     ] Leaving safepoint region
[2023-12-02T16:32:52.121+0000][3643.192s][info ][safepoint     ] Total time for which application threads were stopped: 0.0008176 seconds, Stopping threads took: 0.0003798 seconds
[2023-12-02T16:32:53.121+0000][3644.193s][debug][safepoint     ] Safepoint synchronization initiated. (206 threads)
[2023-12-02T16:32:53.122+0000][3644.193s][info ][safepoint     ] Application time: 1.0007722 seconds
[2023-12-02T16:32:53.122+0000][3644.194s][info ][safepoint     ] Entering safepoint region: Cleanup
[2023-12-02T16:32:53.123+0000][3644.195s][info ][safepoint     ] Leaving safepoint region
[2023-12-02T16:32:53.123+0000][3644.195s][info ][safepoint     ] Total time for which application threads were stopped: 0.0011737 seconds, Stopping threads took: 0.0006554 seconds
[2023-12-02T16:32:54.123+0000][3645.195s][debug][safepoint     ] Safepoint synchronization initiated. (206 threads)
[2023-12-02T16:32:54.123+0000][3645.196s][info ][safepoint     ] Application time: 1.0006840 seconds
[2023-12-02T16:32:54.124+0000][3645.196s][info ][safepoint     ] Entering safepoint region: Cleanup
[2023-12-02T16:32:54.124+0000][3645.197s][info ][safepoint     ] Leaving safepoint region
[2023-12-02T16:32:54.125+0000][3645.197s][info ][safepoint     ] Total time for which application threads were stopped: 0.0010520 seconds, Stopping threads took: 0.0004418 seconds
[2023-12-02T16:32:55.126+0000][3646.198s][debug][safepoint     ] Safepoint synchronization initiated. (206 threads)
[2023-12-02T16:32:55.126+0000][3646.199s][info ][safepoint     ] Application time: 1.0008366 seconds
[2023-12-02T16:32:55.127+0000][3646.199s][info ][safepoint     ] Entering safepoint region: Cleanup
[2023-12-02T16:32:55.127+0000][3646.200s][info ][safepoint     ] Leaving safepoint region
[2023-12-02T16:32:55.128+0000][3646.200s][info ][safepoint     ] Total time for which application threads were stopped: 0.0012817 seconds, Stopping threads took: 0.0004994 seconds
[2023-12-02T16:32:56.129+0000][3647.201s][debug][safepoint     ] Safepoint synchronization initiated. (206 threads)
[2023-12-02T16:32:56.130+0000][3647.202s][info ][safepoint     ] Application time: 1.0012351 seconds
[2023-12-02T16:32:56.130+0000][3647.203s][info ][safepoint     ] Entering safepoint region: Cleanup
[2023-12-02T16:32:56.132+0000][3647.204s][info ][safepoint     ] Leaving safepoint region
[2023-12-02T16:32:56.132+0000][3647.205s][info ][safepoint     ] Total time for which application threads were stopped: 0.0020298 seconds, Stopping threads took: 0.0008676 seconds
[2023-12-02T16:32:57.133+0000][3648.206s][debug][safepoint     ] Safepoint synchronization initiated. (206 threads)
[2023-12-02T16:32:57.135+0000][3648.207s][info ][safepoint     ] Application time: 1.0017460 seconds
[2023-12-02T16:32:57.135+0000][3648.208s][info ][safepoint     ] Entering safepoint region: Cleanup
[2023-12-02T16:32:57.136+0000][3648.208s][info ][safepoint     ] Leaving safepoint region
[2023-12-02T16:32:57.136+0000][3648.208s][info ][safepoint     ] Total time for which application threads were stopped: 0.0008033 seconds, Stopping threads took: 0.0002718 seconds
[2023-12-02T16:32:58.136+0000][3649.209s][debug][safepoint     ] Safepoint synchronization initiated. (206 threads)
[2023-12-02T16:32:58.137+0000][3649.210s][info ][safepoint     ] Application time: 1.0009434 seconds
[2023-12-02T16:32:58.137+0000][3649.210s][info ][safepoint     ] Entering safepoint region: Cleanup
[2023-12-02T16:32:58.138+0000][3649.211s][info ][safepoint     ] Leaving safepoint region
[2023-12-02T16:32:58.139+0000][3649.211s][info ][safepoint     ] Total time for which application threads were stopped: 0.0010629 seconds, Stopping threads took: 0.0004875 seconds
[2023-12-02T16:32:59.139+0000][3650.212s][debug][safepoint     ] Safepoint synchronization initiated. (206 threads)
[2023-12-02T16:32:59.140+0000][3650.212s][info ][safepoint     ] Application time: 1.0007262 seconds
[2023-12-02T16:32:59.140+0000][3650.213s][info ][safepoint     ] Entering safepoint region: Cleanup
[2023-12-02T16:32:59.140+0000][3650.213s][info ][safepoint     ] Leaving safepoint region
[2023-12-02T16:32:59.141+0000][3650.213s][info ][safepoint     ] Total time for which application threads were stopped: 0.0007146 seconds, Stopping threads took: 0.0003012 seconds
[2023-12-02T16:33:00.141+0000][3651.214s][debug][safepoint     ] Safepoint synchronization initiated. (206 threads)
[2023-12-02T16:33:00.142+0000][3651.214s][info ][safepoint     ] Application time: 1.0005960 seconds
[2023-12-02T16:33:00.142+0000][3651.214s][info ][safepoint     ] Entering safepoint region: Cleanup
[2023-12-02T16:33:00.142+0000][3651.215s][info ][safepoint     ] Leaving safepoint region
[2023-12-02T16:33:00.142+0000][3651.215s][info ][safepoint     ] Total time for which application threads were stopped: 0.0007065 seconds, Stopping threads took: 0.0002047 seconds
[2023-12-02T16:33:01.143+0000][3652.216s][debug][safepoint     ] Safepoint synchronization initiated. (206 threads)
[2023-12-02T16:33:01.144+0000][3652.217s][info ][safepoint     ] Application time: 1.0012791 seconds
[2023-12-02T16:33:01.145+0000][3652.217s][info ][safepoint     ] Entering safepoint region: Cleanup
[2023-12-02T16:33:01.146+0000][3652.219s][info ][safepoint     ] Leaving safepoint region
[2023-12-02T16:33:01.147+0000][3652.219s][info ][safepoint     ] Total time for which application threads were stopped: 0.0020955 seconds, Stopping threads took: 0.0009154 seconds
[2023-12-02T16:33:02.148+0000][3653.220s][debug][safepoint     ] Safepoint synchronization initiated. (206 threads)
[2023-12-02T16:33:02.148+0000][3653.221s][info ][safepoint     ] Application time: 1.0008654 seconds
[2023-12-02T16:33:02.149+0000][3653.222s][info ][safepoint     ] Entering safepoint region: Cleanup
[2023-12-02T16:33:02.150+0000][3653.222s][info ][safepoint     ] Leaving safepoint region
[2023-12-02T16:33:02.150+0000][3653.223s][info ][safepoint     ] Total time for which application threads were stopped: 0.0010846 seconds, Stopping threads took: 0.0004656 seconds
[2023-12-02T16:33:03.151+0000][3654.223s][debug][safepoint     ] Safepoint synchronization initiated. (206 threads)
[2023-12-02T16:33:03.151+0000][3654.224s][info ][safepoint     ] Application time: 1.0009564 seconds
[2023-12-02T16:33:03.152+0000][3654.225s][info ][safepoint     ] Entering safepoint region: Cleanup
[2023-12-02T16:33:03.153+0000][3654.226s][info ][safepoint     ] Leaving safepoint region
[2023-12-02T16:33:03.154+0000][3654.226s][info ][safepoint     ] Total time for which application threads were stopped: 0.0017314 seconds, Stopping threads took: 0.0007198 seconds
[2023-12-02T16:33:04.155+0000][3655.227s][debug][safepoint     ] Safepoint synchronization initiated. (207 threads)
[2023-12-02T16:33:04.155+0000][3655.227s][info ][safepoint     ] Application time: 1.0003816 seconds
[2023-12-02T16:33:04.155+0000][3655.228s][info ][safepoint     ] Entering safepoint region: Cleanup
[2023-12-02T16:33:04.155+0000][3655.228s][info ][safepoint     ] Leaving safepoint region
[2023-12-02T16:33:04.156+0000][3655.228s][info ][safepoint     ] Total time for which application threads were stopped: 0.0005886 seconds, Stopping threads took: 0.0001932 seconds
[2023-12-02T16:33:05.156+0000][3656.229s][debug][safepoint     ] Safepoint synchronization initiated. (207 threads)
[2023-12-02T16:33:05.157+0000][3656.229s][info ][safepoint     ] Application time: 1.0009707 seconds
[2023-12-02T16:33:05.158+0000][3656.230s][info ][safepoint     ] Entering safepoint region: Cleanup
[2023-12-02T16:33:05.158+0000][3656.231s][info ][safepoint     ] Leaving safepoint region
[2023-12-02T16:33:05.159+0000][3656.231s][info ][safepoint     ] Total time for which application threads were stopped: 0.0014356 seconds, Stopping threads took: 0.0006433 seconds
[2023-12-02T16:33:06.159+0000][3657.232s][debug][safepoint     ] Safepoint synchronization initiated. (207 threads)
[2023-12-02T16:33:06.160+0000][3657.232s][info ][safepoint     ] Application time: 1.0006302 seconds
[2023-12-02T16:33:06.160+0000][3657.233s][info ][safepoint     ] Entering safepoint region: Cleanup
[2023-12-02T16:33:06.161+0000][3657.234s][info ][safepoint     ] Leaving safepoint region
[2023-12-02T16:33:06.161+0000][3657.234s][info ][safepoint     ] Total time for which application threads were stopped: 0.0010260 seconds, Stopping threads took: 0.0005646 seconds
[2023-12-02T16:33:07.162+0000][3658.235s][debug][safepoint     ] Safepoint synchronization initiated. (207 threads)
[2023-12-02T16:33:07.163+0000][3658.236s][info ][safepoint     ] Application time: 1.0014614 seconds
[2023-12-02T16:33:07.164+0000][3658.236s][info ][safepoint     ] Entering safepoint region: Cleanup
[2023-12-02T16:33:07.164+0000][3658.237s][info ][safepoint     ] Leaving safepoint region
[2023-12-02T16:33:07.165+0000][3658.237s][info ][safepoint     ] Total time for which application threads were stopped: 0.0013643 seconds, Stopping threads took: 0.0006987 seconds
[2023-12-02T16:33:08.165+0000][3659.238s][debug][safepoint     ] Safepoint synchronization initiated. (207 threads)
[2023-12-02T16:33:08.167+0000][3659.239s][info ][safepoint     ] Application time: 1.0013312 seconds
[2023-12-02T16:33:08.167+0000][3659.240s][info ][safepoint     ] Entering safepoint region: Cleanup
[2023-12-02T16:33:08.169+0000][3659.241s][info ][safepoint     ] Leaving safepoint region
[2023-12-02T16:33:08.169+0000][3659.242s][info ][safepoint     ] Total time for which application threads were stopped: 0.0021844 seconds, Stopping threads took: 0.0009153 seconds
[2023-12-02T16:33:09.170+0000][3660.243s][debug][safepoint     ] Safepoint synchronization initiated. (207 threads)
[2023-12-02T16:33:09.171+0000][3660.244s][info ][safepoint     ] Application time: 1.0010232 seconds
[2023-12-02T16:33:09.172+0000][3660.244s][info ][safepoint     ] Entering safepoint region: Cleanup
[2023-12-02T16:33:09.173+0000][3660.245s][info ][safepoint     ] Leaving safepoint region
[2023-12-02T16:33:09.173+0000][3660.246s][info ][safepoint     ] Total time for which application threads were stopped: 0.0015226 seconds, Stopping threads took: 0.0006450 seconds
[2023-12-02T16:33:10.174+0000][3661.247s][debug][safepoint     ] Safepoint synchronization initiated. (207 threads)
[2023-12-02T16:33:10.175+0000][3661.247s][info ][safepoint     ] Application time: 1.0008735 seconds
[2023-12-02T16:33:10.175+0000][3661.248s][info ][safepoint     ] Entering safepoint region: Cleanup
[2023-12-02T16:33:10.176+0000][3661.248s][info ][safepoint     ] Leaving safepoint region
[2023-12-02T16:33:10.176+0000][3661.249s][info ][safepoint     ] Total time for which application threads were stopped: 0.0010566 seconds, Stopping threads took: 0.0005048 seconds
[2023-12-02T16:33:11.177+0000][3662.249s][debug][safepoint     ] Safepoint synchronization initiated. (207 threads)
[2023-12-02T16:33:11.177+0000][3662.250s][info ][safepoint     ] Application time: 1.0007945 seconds
[2023-12-02T16:33:11.178+0000][3662.251s][info ][safepoint     ] Entering safepoint region: Cleanup
[2023-12-02T16:33:11.179+0000][3662.251s][info ][safepoint     ] Leaving safepoint region
[2023-12-02T16:33:11.179+0000][3662.252s][info ][safepoint     ] Total time for which application threads were stopped: 0.0012990 seconds, Stopping threads took: 0.0005600 seconds
[2023-12-02T16:33:12.180+0000][3663.252s][debug][safepoint     ] Safepoint synchronization initiated. (207 threads)
[2023-12-02T16:33:12.181+0000][3663.253s][info ][safepoint     ] Application time: 1.0010515 seconds
[2023-12-02T16:33:12.181+0000][3663.254s][info ][safepoint     ] Entering safepoint region: Cleanup
[2023-12-02T16:33:12.182+0000][3663.255s][info ][safepoint     ] Leaving safepoint region
[2023-12-02T16:33:12.183+0000][3663.255s][info ][safepoint     ] Total time for which application threads were stopped: 0.0014316 seconds, Stopping threads took: 0.0006562 seconds
[2023-12-02T16:33:13.184+0000][3664.256s][debug][safepoint     ] Safepoint synchronization initiated. (207 threads)
[2023-12-02T16:33:13.185+0000][3664.257s][info ][safepoint     ] Application time: 1.0013716 seconds
[2023-12-02T16:33:13.186+0000][3664.258s][info ][safepoint     ] Entering safepoint region: Cleanup
[2023-12-02T16:33:13.187+0000][3664.260s][info ][safepoint     ] Leaving safepoint region
[2023-12-02T16:33:13.188+0000][3664.260s][info ][safepoint     ] Total time for which application threads were stopped: 0.0021972 seconds, Stopping threads took: 0.0008263 seconds
[2023-12-02T16:33:14.188+0000][3665.261s][debug][safepoint     ] Safepoint synchronization initiated. (207 threads)
[2023-12-02T16:33:14.189+0000][3665.262s][info ][safepoint     ] Application time: 1.0007797 seconds
[2023-12-02T16:33:14.189+0000][3665.262s][info ][safepoint     ] Entering safepoint region: Cleanup
[2023-12-02T16:33:14.190+0000][3665.263s][info ][safepoint     ] Leaving safepoint region
[2023-12-02T16:33:14.190+0000][3665.263s][info ][safepoint     ] Total time for which application threads were stopped: 0.0009528 seconds, Stopping threads took: 0.0003662 seconds
[2023-12-02T16:33:15.191+0000][3666.263s][debug][safepoint     ] Safepoint synchronization initiated. (207 threads)
[2023-12-02T16:33:15.192+0000][3666.264s][info ][safepoint     ] Application time: 1.0012803 seconds
[2023-12-02T16:33:15.193+0000][3666.266s][info ][safepoint     ] Entering safepoint region: Cleanup
[2023-12-02T16:33:15.194+0000][3666.267s][info ][safepoint     ] Leaving safepoint region
[2023-12-02T16:33:15.195+0000][3666.267s][info ][safepoint     ] Total time for which application threads were stopped: 0.0018272 seconds, Stopping threads took: 0.0007029 seconds
[2023-12-02T16:33:16.196+0000][3667.269s][debug][safepoint     ] Safepoint synchronization initiated. (207 threads)
[2023-12-02T16:33:16.197+0000][3667.270s][info ][safepoint     ] Application time: 1.0012387 seconds
[2023-12-02T16:33:16.198+0000][3667.271s][info ][safepoint     ] Entering safepoint region: Cleanup
[2023-12-02T16:33:16.199+0000][3667.272s][info ][safepoint     ] Leaving safepoint region
[2023-12-02T16:33:16.200+0000][3667.273s][info ][safepoint     ] Total time for which application threads were stopped: 0.0021089 seconds, Stopping threads took: 0.0007879 seconds
[2023-12-02T16:33:17.201+0000][3668.274s][debug][safepoint     ] Safepoint synchronization initiated. (207 threads)
[2023-12-02T16:33:17.202+0000][3668.275s][info ][safepoint     ] Application time: 1.0011889 seconds
[2023-12-02T16:33:17.203+0000][3668.275s][info ][safepoint     ] Entering safepoint region: Cleanup
[2023-12-02T16:33:17.204+0000][3668.277s][info ][safepoint     ] Leaving safepoint region
[2023-12-02T16:33:17.205+0000][3668.277s][info ][safepoint     ] Total time for which application threads were stopped: 0.0019322 seconds, Stopping threads took: 0.0007689 seconds
[2023-12-02T16:33:18.205+0000][3669.278s][debug][safepoint     ] Safepoint synchronization initiated. (207 threads)
[2023-12-02T16:33:18.206+0000][3669.279s][info ][safepoint     ] Application time: 1.0007702 seconds
[2023-12-02T16:33:18.207+0000][3669.279s][info ][safepoint     ] Entering safepoint region: Cleanup
[2023-12-02T16:33:18.207+0000][3669.280s][info ][safepoint     ] Leaving safepoint region
[2023-12-02T16:33:18.207+0000][3669.280s][info ][safepoint     ] Total time for which application threads were stopped: 0.0009550 seconds, Stopping threads took: 0.0004080 seconds
[2023-12-02T16:33:19.208+0000][3670.281s][debug][safepoint     ] Safepoint synchronization initiated. (207 threads)
[2023-12-02T16:33:19.209+0000][3670.282s][info ][safepoint     ] Application time: 1.0013112 seconds
[2023-12-02T16:33:19.211+0000][3670.284s][info ][safepoint     ] Entering safepoint region: Cleanup
[2023-12-02T16:33:19.212+0000][3670.285s][info ][safepoint     ] Leaving safepoint region
[2023-12-02T16:33:19.212+0000][3670.285s][info ][safepoint     ] Total time for which application threads were stopped: 0.0011366 seconds, Stopping threads took: 0.0005636 seconds
[2023-12-02T16:33:20.213+0000][3671.285s][debug][safepoint     ] Safepoint synchronization initiated. (207 threads)
[2023-12-02T16:33:20.214+0000][3671.286s][info ][safepoint     ] Application time: 1.0010676 seconds
[2023-12-02T16:33:20.215+0000][3671.287s][info ][safepoint     ] Entering safepoint region: Cleanup
[2023-12-02T16:33:20.216+0000][3671.288s][info ][safepoint     ] Leaving safepoint region
[2023-12-02T16:33:20.217+0000][3671.289s][info ][safepoint     ] Total time for which application threads were stopped: 0.0022577 seconds, Stopping threads took: 0.0009000 seconds
[2023-12-02T16:33:21.218+0000][3672.290s][debug][safepoint     ] Safepoint synchronization initiated. (207 threads)
[2023-12-02T16:33:21.218+0000][3672.291s][info ][safepoint     ] Application time: 1.0010029 seconds
[2023-12-02T16:33:21.219+0000][3672.292s][info ][safepoint     ] Entering safepoint region: Cleanup
[2023-12-02T16:33:21.220+0000][3672.293s][info ][safepoint     ] Leaving safepoint region
[2023-12-02T16:33:21.221+0000][3672.294s][info ][safepoint     ] Total time for which application threads were stopped: 0.0019727 seconds, Stopping threads took: 0.0008229 seconds
[2023-12-02T16:33:22.222+0000][3673.295s][debug][safepoint     ] Safepoint synchronization initiated. (207 threads)
[2023-12-02T16:33:22.223+0000][3673.295s][info ][safepoint     ] Application time: 1.0012000 seconds
[2023-12-02T16:33:22.224+0000][3673.296s][debug][safepoint     ] ... found polling page return exception at pc = 0x00007f43fc50e5e8, stub =0x00007f43f4840600
[2023-12-02T16:33:22.225+0000][3673.297s][debug][safepoint     ] Waiting for 1 thread(s) to block
[2023-12-02T16:33:22.226+0000][3673.299s][info ][safepoint     ] Entering safepoint region: Cleanup
[2023-12-02T16:33:22.227+0000][3673.299s][info ][safepoint     ] Leaving safepoint region
[2023-12-02T16:33:22.227+0000][3673.300s][info ][safepoint     ] Total time for which application threads were stopped: 0.0033671 seconds, Stopping threads took: 0.0027046 seconds
[2023-12-02T16:33:23.228+0000][3674.301s][debug][safepoint     ] Safepoint synchronization initiated. (207 threads)
[2023-12-02T16:33:23.228+0000][3674.301s][info ][safepoint     ] Application time: 1.0006860 seconds
[2023-12-02T16:33:23.229+0000][3674.301s][info ][safepoint     ] Entering safepoint region: Cleanup
[2023-12-02T16:33:23.230+0000][3674.302s][info ][safepoint     ] Leaving safepoint region
[2023-12-02T16:33:23.230+0000][3674.303s][info ][safepoint     ] Total time for which application threads were stopped: 0.0011557 seconds, Stopping threads took: 0.0004821 seconds
[2023-12-02T16:33:24.231+0000][3675.303s][debug][safepoint     ] Safepoint synchronization initiated. (207 threads)
[2023-12-02T16:33:24.232+0000][3675.304s][info ][safepoint     ] Application time: 1.0008870 seconds
[2023-12-02T16:33:24.232+0000][3675.304s][info ][safepoint     ] Entering safepoint region: Cleanup
[2023-12-02T16:33:24.233+0000][3675.305s][info ][safepoint     ] Leaving safepoint region
[2023-12-02T16:33:24.233+0000][3675.305s][info ][safepoint     ] Total time for which application threads were stopped: 0.0010372 seconds, Stopping threads took: 0.0004441 seconds
[2023-12-02T16:33:25.234+0000][3676.306s][debug][safepoint     ] Safepoint synchronization initiated. (207 threads)
[2023-12-02T16:33:25.234+0000][3676.306s][info ][safepoint     ] Application time: 1.0006469 seconds
[2023-12-02T16:33:25.235+0000][3676.307s][info ][safepoint     ] Entering safepoint region: Cleanup
[2023-12-02T16:33:25.235+0000][3676.307s][info ][safepoint     ] Leaving safepoint region
[2023-12-02T16:33:25.235+0000][3676.308s][info ][safepoint     ] Total time for which application threads were stopped: 0.0008926 seconds, Stopping threads took: 0.0003139 seconds
[2023-12-02T16:33:26.236+0000][3677.308s][debug][safepoint     ] Safepoint synchronization initiated. (207 threads)
[2023-12-02T16:33:26.236+0000][3677.308s][info ][safepoint     ] Application time: 1.0004762 seconds
[2023-12-02T16:33:26.237+0000][3677.309s][info ][safepoint     ] Entering safepoint region: Cleanup
[2023-12-02T16:33:26.237+0000][3677.309s][info ][safepoint     ] Leaving safepoint region
[2023-12-02T16:33:26.237+0000][3677.309s][info ][safepoint     ] Total time for which application threads were stopped: 0.0007366 seconds, Stopping threads took: 0.0001870 seconds
[2023-12-02T16:33:27.394+0000][3678.466s][debug][safepoint     ] Safepoint synchronization initiated. (208 threads)
[2023-12-02T16:33:27.394+0000][3678.466s][info ][safepoint     ] Application time: 1.1563660 seconds
[2023-12-02T16:33:27.394+0000][3678.466s][info ][safepoint     ] Entering safepoint region: G1CollectForAllocation
[2023-12-02T16:33:27.395+0000][3678.467s][info ][gc,start      ] GC(90) Pause Young (Concurrent Start) (G1 Humongous Allocation)
[2023-12-02T16:33:27.395+0000][3678.467s][info ][gc,task       ] GC(90) Using 8 workers of 8 for evacuation
[2023-12-02T16:33:27.401+0000][3678.473s][info ][gc,phases     ] GC(90)   Pre Evacuate Collection Set: 0.5ms
[2023-12-02T16:33:27.401+0000][3678.473s][info ][gc,phases     ] GC(90)   Evacuate Collection Set: 3.3ms
[2023-12-02T16:33:27.402+0000][3678.474s][info ][gc,phases     ] GC(90)   Post Evacuate Collection Set: 1.9ms
[2023-12-02T16:33:27.402+0000][3678.474s][info ][gc,phases     ] GC(90)   Other: 0.8ms
[2023-12-02T16:33:27.403+0000][3678.475s][info ][gc,heap       ] GC(90) Eden regions: 36->0(107)
[2023-12-02T16:33:27.403+0000][3678.475s][info ][gc,heap       ] GC(90) Survivor regions: 2->3(22)
[2023-12-02T16:33:27.403+0000][3678.475s][info ][gc,heap       ] GC(90) Old regions: 149->149
[2023-12-02T16:33:27.404+0000][3678.476s][info ][gc,heap       ] GC(90) Humongous regions: 55->55
[2023-12-02T16:33:27.405+0000][3678.477s][info ][gc,metaspace  ] GC(90) Metaspace: 174802K(194588K)->174802K(194588K) NonClass: 154907K(170784K)->154907K(170784K) Class: 19895K(23804K)->19895K(23804K)
[2023-12-02T16:33:27.405+0000][3678.477s][info ][gc            ] GC(90) Pause Young (Concurrent Start) (G1 Humongous Allocation) 239M->204M(427M) 10.714ms
[2023-12-02T16:33:27.406+0000][3678.478s][info ][gc,cpu        ] GC(90) User=0.04s Sys=0.00s Real=0.01s
[2023-12-02T16:33:27.406+0000][3678.478s][info ][gc            ] GC(91) Concurrent Cycle
[2023-12-02T16:33:27.406+0000][3678.478s][info ][gc,marking    ] GC(91) Concurrent Clear Claimed Marks
[2023-12-02T16:33:27.406+0000][3678.478s][info ][safepoint     ] Leaving safepoint region
[2023-12-02T16:33:27.407+0000][3678.479s][info ][safepoint     ] Total time for which application threads were stopped: 0.0123098 seconds, Stopping threads took: 0.0002267 seconds
[2023-12-02T16:33:27.407+0000][3678.479s][info ][gc,marking    ] GC(91) Concurrent Clear Claimed Marks 1.009ms
[2023-12-02T16:33:27.407+0000][3678.479s][info ][gc,marking    ] GC(91) Concurrent Scan Root Regions
[2023-12-02T16:33:27.410+0000][3678.482s][info ][gc,marking    ] GC(91) Concurrent Scan Root Regions 2.664ms
[2023-12-02T16:33:27.410+0000][3678.482s][info ][gc,marking    ] GC(91) Concurrent Mark (3678.482s)
[2023-12-02T16:33:27.411+0000][3678.483s][info ][gc,marking    ] GC(91) Concurrent Mark From Roots
[2023-12-02T16:33:27.411+0000][3678.483s][info ][gc,task       ] GC(91) Using 2 workers of 2 for marking
[2023-12-02T16:33:27.552+0000][3678.624s][info ][gc,marking    ] GC(91) Concurrent Mark From Roots 141.602ms
[2023-12-02T16:33:27.553+0000][3678.625s][info ][gc,marking    ] GC(91) Concurrent Preclean
[2023-12-02T16:33:27.555+0000][3678.627s][info ][gc,marking    ] GC(91) Concurrent Preclean 1.933ms
[2023-12-02T16:33:27.555+0000][3678.627s][info ][gc,marking    ] GC(91) Concurrent Mark (3678.482s, 3678.627s) 145.089ms
[2023-12-02T16:33:27.556+0000][3678.628s][debug][safepoint     ] Safepoint synchronization initiated. (208 threads)
[2023-12-02T16:33:27.556+0000][3678.628s][info ][safepoint     ] Application time: 0.1492092 seconds
[2023-12-02T16:33:27.556+0000][3678.628s][info ][safepoint     ] Entering safepoint region: CGC_Operation
[2023-12-02T16:33:27.557+0000][3678.629s][info ][gc,start      ] GC(91) Pause Remark
[2023-12-02T16:33:27.574+0000][3678.646s][info ][gc,stringtable] GC(91) Cleaned string and symbol table, strings: 72980 processed, 0 removed, symbols: 415213 processed, 0 removed
[2023-12-02T16:33:27.575+0000][3678.647s][info ][gc            ] GC(91) Pause Remark 211M->211M(427M) 17.841ms
[2023-12-02T16:33:27.575+0000][3678.647s][info ][gc,cpu        ] GC(91) User=0.12s Sys=0.00s Real=0.02s
[2023-12-02T16:33:27.575+0000][3678.647s][info ][safepoint     ] Leaving safepoint region
[2023-12-02T16:33:27.576+0000][3678.648s][info ][safepoint     ] Total time for which application threads were stopped: 0.0192934 seconds, Stopping threads took: 0.0004502 seconds
[2023-12-02T16:33:27.576+0000][3678.648s][info ][gc,marking    ] GC(91) Concurrent Rebuild Remembered Sets
[2023-12-02T16:33:27.652+0000][3678.724s][info ][gc,marking    ] GC(91) Concurrent Rebuild Remembered Sets 76.334ms
[2023-12-02T16:33:27.653+0000][3678.725s][debug][safepoint     ] Safepoint synchronization initiated. (208 threads)
[2023-12-02T16:33:27.654+0000][3678.726s][info ][safepoint     ] Application time: 0.0786985 seconds
[2023-12-02T16:33:27.655+0000][3678.727s][info ][safepoint     ] Entering safepoint region: CGC_Operation
[2023-12-02T16:33:27.656+0000][3678.728s][info ][gc,start      ] GC(91) Pause Cleanup
[2023-12-02T16:33:27.657+0000][3678.729s][info ][gc            ] GC(91) Pause Cleanup 211M->211M(427M) 0.749ms
[2023-12-02T16:33:27.657+0000][3678.729s][info ][gc,cpu        ] GC(91) User=0.01s Sys=0.00s Real=0.00s
[2023-12-02T16:33:27.657+0000][3678.729s][info ][safepoint     ] Leaving safepoint region
[2023-12-02T16:33:27.657+0000][3678.729s][info ][safepoint     ] Total time for which application threads were stopped: 0.0022118 seconds, Stopping threads took: 0.0003692 seconds
[2023-12-02T16:33:27.658+0000][3678.730s][info ][gc,marking    ] GC(91) Concurrent Cleanup for Next Mark
[2023-12-02T16:33:27.659+0000][3678.731s][info ][gc,marking    ] GC(91) Concurrent Cleanup for Next Mark 1.367ms
[2023-12-02T16:33:27.660+0000][3678.732s][info ][gc            ] GC(91) Concurrent Cycle 253.698ms
[2023-12-02T16:33:28.658+0000][3679.730s][debug][safepoint     ] Safepoint synchronization initiated. (208 threads)
[2023-12-02T16:33:28.660+0000][3679.732s][info ][safepoint     ] Application time: 1.0022232 seconds
[2023-12-02T16:33:28.666+0000][3679.738s][info ][safepoint     ] Entering safepoint region: Cleanup
[2023-12-02T16:33:28.667+0000][3679.739s][info ][safepoint     ] Leaving safepoint region
[2023-12-02T16:33:28.667+0000][3679.739s][info ][safepoint     ] Total time for which application threads were stopped: 0.0009263 seconds, Stopping threads took: 0.0003855 seconds
[2023-12-02T16:33:29.667+0000][3680.739s][debug][safepoint     ] Safepoint synchronization initiated. (208 threads)
[2023-12-02T16:33:29.668+0000][3680.740s][info ][safepoint     ] Application time: 1.0008742 seconds
[2023-12-02T16:33:29.668+0000][3680.740s][info ][safepoint     ] Entering safepoint region: Cleanup
[2023-12-02T16:33:29.669+0000][3680.741s][info ][safepoint     ] Leaving safepoint region
[2023-12-02T16:33:29.669+0000][3680.741s][info ][safepoint     ] Total time for which application threads were stopped: 0.0010672 seconds, Stopping threads took: 0.0004485 seconds
[2023-12-02T16:33:40.672+0000][3691.744s][debug][safepoint     ] Safepoint synchronization initiated. (208 threads)
[2023-12-02T16:33:40.672+0000][3691.744s][info ][safepoint     ] Application time: 11.0025051 seconds
[2023-12-02T16:33:40.673+0000][3691.745s][info ][safepoint     ] Entering safepoint region: Cleanup
[2023-12-02T16:33:40.673+0000][3691.745s][info ][safepoint     ] Leaving safepoint region
[2023-12-02T16:33:40.673+0000][3691.745s][info ][safepoint     ] Total time for which application threads were stopped: 0.0008533 seconds, Stopping threads took: 0.0003320 seconds
[2023-12-02T16:33:41.674+0000][3692.746s][debug][safepoint     ] Safepoint synchronization initiated. (208 threads)
[2023-12-02T16:33:41.674+0000][3692.746s][info ][safepoint     ] Application time: 1.0005606 seconds
[2023-12-02T16:33:41.674+0000][3692.746s][info ][safepoint     ] Entering safepoint region: Cleanup
[2023-12-02T16:33:41.675+0000][3692.747s][info ][safepoint     ] Leaving safepoint region
[2023-12-02T16:33:41.675+0000][3692.747s][info ][safepoint     ] Total time for which application threads were stopped: 0.0009940 seconds, Stopping threads took: 0.0003431 seconds
[2023-12-02T16:33:47.677+0000][3698.749s][debug][safepoint     ] Safepoint synchronization initiated. (208 threads)
[2023-12-02T16:33:47.677+0000][3698.749s][info ][safepoint     ] Application time: 6.0013105 seconds
[2023-12-02T16:33:47.678+0000][3698.750s][info ][safepoint     ] Entering safepoint region: Cleanup
[2023-12-02T16:33:47.679+0000][3698.751s][info ][safepoint     ] Leaving safepoint region
[2023-12-02T16:33:47.679+0000][3698.751s][info ][safepoint     ] Total time for which application threads were stopped: 0.0021399 seconds, Stopping threads took: 0.0012663 seconds
[2023-12-02T16:33:47.679+0000][3698.751s][debug][safepoint     ] ... found polling page return exception at pc = 0x00007f43fc9de0c4, stub =0x00007f43f4840600
[2023-12-02T16:33:52.680+0000][3703.753s][debug][safepoint     ] Safepoint synchronization initiated. (208 threads)
[2023-12-02T16:33:52.682+0000][3703.755s][info ][safepoint     ] Application time: 5.0029539 seconds
[2023-12-02T16:33:52.685+0000][3703.757s][info ][safepoint     ] Entering safepoint region: Cleanup
[2023-12-02T16:33:52.686+0000][3703.758s][info ][safepoint     ] Leaving safepoint region
[2023-12-02T16:33:52.686+0000][3703.758s][info ][safepoint     ] Total time for which application threads were stopped: 0.0022661 seconds, Stopping threads took: 0.0017698 seconds
[2023-12-02T16:33:53.687+0000][3704.759s][debug][safepoint     ] Safepoint synchronization initiated. (208 threads)
[2023-12-02T16:33:53.687+0000][3704.759s][info ][safepoint     ] Application time: 1.0007845 seconds
[2023-12-02T16:33:53.688+0000][3704.760s][info ][safepoint     ] Entering safepoint region: Cleanup
[2023-12-02T16:33:53.688+0000][3704.760s][info ][safepoint     ] Leaving safepoint region
[2023-12-02T16:33:53.689+0000][3704.760s][info ][safepoint     ] Total time for which application threads were stopped: 0.0009064 seconds, Stopping threads took: 0.0003376 seconds
[2023-12-02T16:34:00.690+0000][3711.762s][debug][safepoint     ] Safepoint synchronization initiated. (208 threads)
[2023-12-02T16:34:00.691+0000][3711.763s][info ][safepoint     ] Application time: 7.0022474 seconds
[2023-12-02T16:34:00.692+0000][3711.764s][info ][safepoint     ] Entering safepoint region: Cleanup
[2023-12-02T16:34:00.693+0000][3711.765s][info ][safepoint     ] Leaving safepoint region
[2023-12-02T16:34:00.693+0000][3711.765s][info ][safepoint     ] Total time for which application threads were stopped: 0.0013839 seconds, Stopping threads took: 0.0005664 seconds
[2023-12-02T16:34:01.694+0000][3712.766s][debug][safepoint     ] Safepoint synchronization initiated. (208 threads)
[2023-12-02T16:34:01.695+0000][3712.767s][info ][safepoint     ] Application time: 1.0008985 seconds
[2023-12-02T16:34:01.696+0000][3712.767s][info ][safepoint     ] Entering safepoint region: Cleanup
[2023-12-02T16:34:01.697+0000][3712.769s][info ][safepoint     ] Leaving safepoint region
[2023-12-02T16:34:01.698+0000][3712.769s][info ][safepoint     ] Total time for which application threads were stopped: 0.0019593 seconds, Stopping threads took: 0.0008068 seconds
[2023-12-02T16:34:02.698+0000][3713.770s][debug][safepoint     ] Safepoint synchronization initiated. (208 threads)
[2023-12-02T16:34:02.699+0000][3713.771s][info ][safepoint     ] Application time: 1.0006345 seconds
[2023-12-02T16:34:02.699+0000][3713.771s][info ][safepoint     ] Entering safepoint region: Cleanup
[2023-12-02T16:34:02.700+0000][3713.772s][info ][safepoint     ] Leaving safepoint region
[2023-12-02T16:34:02.700+0000][3713.772s][info ][safepoint     ] Total time for which application threads were stopped: 0.0013025 seconds, Stopping threads took: 0.0005576 seconds
[2023-12-02T16:34:03.701+0000][3714.773s][debug][safepoint     ] Safepoint synchronization initiated. (208 threads)
[2023-12-02T16:34:03.702+0000][3714.774s][info ][safepoint     ] Application time: 1.0010268 seconds
[2023-12-02T16:34:03.702+0000][3714.774s][info ][safepoint     ] Entering safepoint region: Cleanup
[2023-12-02T16:34:03.703+0000][3714.775s][info ][safepoint     ] Leaving safepoint region
[2023-12-02T16:34:03.704+0000][3714.775s][info ][safepoint     ] Total time for which application threads were stopped: 0.0011857 seconds, Stopping threads took: 0.0005971 seconds
[2023-12-02T16:34:04.704+0000][3715.776s][debug][safepoint     ] Safepoint synchronization initiated. (208 threads)
[2023-12-02T16:34:04.705+0000][3715.777s][info ][safepoint     ] Application time: 1.0010047 seconds
[2023-12-02T16:34:04.706+0000][3715.777s][info ][safepoint     ] Entering safepoint region: Cleanup
[2023-12-02T16:34:04.706+0000][3715.778s][info ][safepoint     ] Leaving safepoint region
[2023-12-02T16:34:04.707+0000][3715.778s][info ][safepoint     ] Total time for which application threads were stopped: 0.0010688 seconds, Stopping threads took: 0.0004800 seconds
[2023-12-02T16:34:05.707+0000][3716.779s][debug][safepoint     ] Safepoint synchronization initiated. (208 threads)
[2023-12-02T16:34:05.708+0000][3716.780s][info ][safepoint     ] Application time: 1.0008303 seconds
[2023-12-02T16:34:05.709+0000][3716.780s][info ][safepoint     ] Entering safepoint region: Cleanup
[2023-12-02T16:34:05.710+0000][3716.781s][info ][safepoint     ] Leaving safepoint region
[2023-12-02T16:34:05.710+0000][3716.782s][info ][safepoint     ] Total time for which application threads were stopped: 0.0014337 seconds, Stopping threads took: 0.0006599 seconds
[2023-12-02T16:34:06.711+0000][3717.783s][debug][safepoint     ] Safepoint synchronization initiated. (208 threads)
[2023-12-02T16:34:06.712+0000][3717.784s][info ][safepoint     ] Application time: 1.0012234 seconds
[2023-12-02T16:34:06.713+0000][3717.784s][info ][safepoint     ] Entering safepoint region: Cleanup
[2023-12-02T16:34:06.714+0000][3717.786s][info ][safepoint     ] Leaving safepoint region
[2023-12-02T16:34:06.714+0000][3717.786s][info ][safepoint     ] Total time for which application threads were stopped: 0.0019699 seconds, Stopping threads took: 0.0007593 seconds
[2023-12-02T16:34:07.716+0000][3718.787s][debug][safepoint     ] Safepoint synchronization initiated. (208 threads)
[2023-12-02T16:34:07.716+0000][3718.788s][info ][safepoint     ] Application time: 1.0011773 seconds
[2023-12-02T16:34:07.717+0000][3718.789s][info ][safepoint     ] Entering safepoint region: Cleanup
[2023-12-02T16:34:07.718+0000][3718.790s][info ][safepoint     ] Leaving safepoint region
[2023-12-02T16:34:07.719+0000][3718.791s][info ][safepoint     ] Total time for which application threads were stopped: 0.0016689 seconds, Stopping threads took: 0.0006369 seconds
[2023-12-02T16:34:08.720+0000][3719.792s][debug][safepoint     ] Safepoint synchronization initiated. (208 threads)
[2023-12-02T16:34:08.721+0000][3719.793s][info ][safepoint     ] Application time: 1.0015143 seconds
[2023-12-02T16:34:08.722+0000][3719.793s][info ][safepoint     ] Entering safepoint region: Cleanup
[2023-12-02T16:34:08.723+0000][3719.795s][info ][safepoint     ] Leaving safepoint region
[2023-12-02T16:34:08.724+0000][3719.796s][info ][safepoint     ] Total time for which application threads were stopped: 0.0021168 seconds, Stopping threads took: 0.0008174 seconds
[2023-12-02T16:34:09.725+0000][3720.797s][debug][safepoint     ] Safepoint synchronization initiated. (208 threads)
[2023-12-02T16:34:09.725+0000][3720.797s][info ][safepoint     ] Application time: 1.0008276 seconds
[2023-12-02T16:34:09.726+0000][3720.797s][info ][safepoint     ] Entering safepoint region: Cleanup
[2023-12-02T16:34:09.726+0000][3720.798s][info ][safepoint     ] Leaving safepoint region
[2023-12-02T16:34:09.727+0000][3720.798s][info ][safepoint     ] Total time for which application threads were stopped: 0.0010124 seconds, Stopping threads took: 0.0004271 seconds
[2023-12-02T16:34:10.727+0000][3721.799s][debug][safepoint     ] Safepoint synchronization initiated. (208 threads)
[2023-12-02T16:34:10.728+0000][3721.800s][info ][safepoint     ] Application time: 1.0008653 seconds
[2023-12-02T16:34:10.728+0000][3721.800s][info ][safepoint     ] Entering safepoint region: Cleanup
[2023-12-02T16:34:10.729+0000][3721.801s][info ][safepoint     ] Leaving safepoint region
[2023-12-02T16:34:10.729+0000][3721.801s][info ][safepoint     ] Total time for which application threads were stopped: 0.0011133 seconds, Stopping threads took: 0.0005346 seconds
[2023-12-02T16:34:11.730+0000][3722.802s][debug][safepoint     ] Safepoint synchronization initiated. (208 threads)
[2023-12-02T16:34:11.731+0000][3722.803s][info ][safepoint     ] Application time: 1.0012826 seconds
[2023-12-02T16:34:11.732+0000][3722.804s][info ][safepoint     ] Entering safepoint region: Cleanup
[2023-12-02T16:34:11.733+0000][3722.805s][info ][safepoint     ] Leaving safepoint region
[2023-12-02T16:34:11.734+0000][3722.806s][info ][safepoint     ] Total time for which application threads were stopped: 0.0018817 seconds, Stopping threads took: 0.0007411 seconds
[2023-12-02T16:34:12.735+0000][3723.807s][debug][safepoint     ] Safepoint synchronization initiated. (208 threads)
[2023-12-02T16:34:12.736+0000][3723.808s][info ][safepoint     ] Application time: 1.0014386 seconds
[2023-12-02T16:34:12.737+0000][3723.808s][info ][safepoint     ] Entering safepoint region: Cleanup
[2023-12-02T16:34:12.738+0000][3723.810s][info ][safepoint     ] Leaving safepoint region
[2023-12-02T16:34:12.738+0000][3723.810s][info ][safepoint     ] Total time for which application threads were stopped: 0.0019175 seconds, Stopping threads took: 0.0009156 seconds
[2023-12-02T16:34:13.739+0000][3724.811s][debug][safepoint     ] Safepoint synchronization initiated. (208 threads)
[2023-12-02T16:34:13.740+0000][3724.812s][info ][safepoint     ] Application time: 1.0012138 seconds
[2023-12-02T16:34:13.741+0000][3724.813s][info ][safepoint     ] Entering safepoint region: Cleanup
[2023-12-02T16:34:13.742+0000][3724.814s][info ][safepoint     ] Leaving safepoint region
[2023-12-02T16:34:13.742+0000][3724.814s][info ][safepoint     ] Total time for which application threads were stopped: 0.0014331 seconds, Stopping threads took: 0.0006762 seconds
[2023-12-02T16:34:14.743+0000][3725.815s][debug][safepoint     ] Safepoint synchronization initiated. (208 threads)
[2023-12-02T16:34:14.743+0000][3725.815s][info ][safepoint     ] Application time: 1.0005478 seconds
[2023-12-02T16:34:14.744+0000][3725.816s][info ][safepoint     ] Entering safepoint region: Cleanup
[2023-12-02T16:34:14.745+0000][3725.817s][info ][safepoint     ] Leaving safepoint region
[2023-12-02T16:34:14.745+0000][3725.817s][info ][safepoint     ] Total time for which application threads were stopped: 0.0020243 seconds, Stopping threads took: 0.0009194 seconds
[2023-12-02T16:34:15.746+0000][3726.818s][debug][safepoint     ] Safepoint synchronization initiated. (208 threads)
[2023-12-02T16:34:15.747+0000][3726.819s][info ][safepoint     ] Application time: 1.0011178 seconds
[2023-12-02T16:34:15.748+0000][3726.819s][debug][safepoint     ] ... found polling page loop exception at pc = 0x00007f43fc4ad789, stub =0x00007f43f4843680
[2023-12-02T16:34:15.748+0000][3726.820s][debug][safepoint     ] Waiting for 1 thread(s) to block
[2023-12-02T16:34:15.749+0000][3726.821s][info ][safepoint     ] Entering safepoint region: Cleanup
[2023-12-02T16:34:15.750+0000][3726.822s][info ][safepoint     ] Leaving safepoint region
[2023-12-02T16:34:15.750+0000][3726.822s][info ][safepoint     ] Total time for which application threads were stopped: 0.0027614 seconds, Stopping threads took: 0.0019214 seconds
[2023-12-02T16:34:16.751+0000][3727.823s][debug][safepoint     ] Safepoint synchronization initiated. (208 threads)
[2023-12-02T16:34:16.752+0000][3727.824s][info ][safepoint     ] Application time: 1.0008583 seconds
[2023-12-02T16:34:16.752+0000][3727.824s][info ][safepoint     ] Entering safepoint region: Cleanup
[2023-12-02T16:34:16.753+0000][3727.825s][info ][safepoint     ] Leaving safepoint region
[2023-12-02T16:34:16.753+0000][3727.825s][info ][safepoint     ] Total time for which application threads were stopped: 0.0010826 seconds, Stopping threads took: 0.0004141 seconds
[2023-12-02T16:34:17.754+0000][3728.826s][debug][safepoint     ] Safepoint synchronization initiated. (208 threads)
[2023-12-02T16:34:17.754+0000][3728.826s][info ][safepoint     ] Application time: 1.0005540 seconds
[2023-12-02T16:34:17.755+0000][3728.827s][info ][safepoint     ] Entering safepoint region: Cleanup
[2023-12-02T16:34:17.757+0000][3728.828s][info ][safepoint     ] Leaving safepoint region
[2023-12-02T16:34:17.757+0000][3728.829s][info ][safepoint     ] Total time for which application threads were stopped: 0.0021360 seconds, Stopping threads took: 0.0014461 seconds
[2023-12-02T16:34:18.758+0000][3729.829s][debug][safepoint     ] Safepoint synchronization initiated. (208 threads)
[2023-12-02T16:34:18.758+0000][3729.830s][info ][safepoint     ] Application time: 1.0007146 seconds
[2023-12-02T16:34:18.759+0000][3729.830s][info ][safepoint     ] Entering safepoint region: Cleanup
[2023-12-02T16:34:18.759+0000][3729.831s][info ][safepoint     ] Leaving safepoint region
[2023-12-02T16:34:18.760+0000][3729.832s][info ][safepoint     ] Total time for which application threads were stopped: 0.0011829 seconds, Stopping threads took: 0.0005047 seconds
[2023-12-02T16:34:19.760+0000][3730.832s][debug][safepoint     ] Safepoint synchronization initiated. (208 threads)
[2023-12-02T16:34:19.761+0000][3730.832s][info ][safepoint     ] Application time: 1.0005938 seconds
[2023-12-02T16:34:19.761+0000][3730.833s][info ][safepoint     ] Entering safepoint region: Cleanup
[2023-12-02T16:34:19.761+0000][3730.833s][info ][safepoint     ] Leaving safepoint region
[2023-12-02T16:34:19.762+0000][3730.834s][info ][safepoint     ] Total time for which application threads were stopped: 0.0008609 seconds, Stopping threads took: 0.0003807 seconds
[2023-12-02T16:34:20.763+0000][3731.834s][debug][safepoint     ] Safepoint synchronization initiated. (208 threads)
[2023-12-02T16:34:20.763+0000][3731.835s][info ][safepoint     ] Application time: 1.0014415 seconds
[2023-12-02T16:34:20.764+0000][3731.836s][info ][safepoint     ] Entering safepoint region: Cleanup
[2023-12-02T16:34:20.764+0000][3731.836s][info ][safepoint     ] Leaving safepoint region
[2023-12-02T16:34:20.765+0000][3731.836s][info ][safepoint     ] Total time for which application threads were stopped: 0.0008394 seconds, Stopping threads took: 0.0002816 seconds
[2023-12-02T16:34:21.765+0000][3732.837s][debug][safepoint     ] Safepoint synchronization initiated. (208 threads)
[2023-12-02T16:34:21.766+0000][3732.837s][info ][safepoint     ] Application time: 1.0008335 seconds
[2023-12-02T16:34:21.767+0000][3732.838s][info ][safepoint     ] Entering safepoint region: Cleanup
[2023-12-02T16:34:21.768+0000][3732.840s][info ][safepoint     ] Leaving safepoint region
[2023-12-02T16:34:21.768+0000][3732.840s][info ][safepoint     ] Total time for which application threads were stopped: 0.0019675 seconds, Stopping threads took: 0.0013871 seconds
[2023-12-02T16:34:22.769+0000][3733.841s][debug][safepoint     ] Safepoint synchronization initiated. (208 threads)
[2023-12-02T16:34:22.770+0000][3733.841s][info ][safepoint     ] Application time: 1.0008691 seconds
[2023-12-02T16:34:22.770+0000][3733.842s][info ][safepoint     ] Entering safepoint region: Cleanup
[2023-12-02T16:34:22.771+0000][3733.842s][info ][safepoint     ] Leaving safepoint region
[2023-12-02T16:34:22.771+0000][3733.843s][info ][safepoint     ] Total time for which application threads were stopped: 0.0009702 seconds, Stopping threads took: 0.0004892 seconds
[2023-12-02T16:34:23.771+0000][3734.843s][debug][safepoint     ] Safepoint synchronization initiated. (208 threads)
[2023-12-02T16:34:23.772+0000][3734.844s][info ][safepoint     ] Application time: 1.0006048 seconds
[2023-12-02T16:34:23.772+0000][3734.844s][info ][safepoint     ] Entering safepoint region: Cleanup
[2023-12-02T16:34:23.772+0000][3734.844s][info ][safepoint     ] Leaving safepoint region
[2023-12-02T16:34:23.773+0000][3734.845s][info ][safepoint     ] Total time for which application threads were stopped: 0.0007486 seconds, Stopping threads took: 0.0003058 seconds
[2023-12-02T16:34:24.773+0000][3735.845s][debug][safepoint     ] Safepoint synchronization initiated. (208 threads)
[2023-12-02T16:34:24.774+0000][3735.846s][info ][safepoint     ] Application time: 1.0006198 seconds
[2023-12-02T16:34:24.774+0000][3735.846s][info ][safepoint     ] Entering safepoint region: Cleanup
[2023-12-02T16:34:24.774+0000][3735.846s][info ][safepoint     ] Leaving safepoint region
[2023-12-02T16:34:24.775+0000][3735.847s][info ][safepoint     ] Total time for which application threads were stopped: 0.0008737 seconds, Stopping threads took: 0.0003474 seconds
[2023-12-02T16:34:25.775+0000][3736.847s][debug][safepoint     ] Safepoint synchronization initiated. (208 threads)
[2023-12-02T16:34:25.776+0000][3736.848s][info ][safepoint     ] Application time: 1.0009162 seconds
[2023-12-02T16:34:25.777+0000][3736.848s][info ][safepoint     ] Entering safepoint region: Cleanup
[2023-12-02T16:34:25.777+0000][3736.849s][info ][safepoint     ] Leaving safepoint region
[2023-12-02T16:34:25.778+0000][3736.850s][info ][safepoint     ] Total time for which application threads were stopped: 0.0011856 seconds, Stopping threads took: 0.0005336 seconds
[2023-12-02T16:34:26.778+0000][3737.850s][debug][safepoint     ] Safepoint synchronization initiated. (208 threads)
[2023-12-02T16:34:26.779+0000][3737.851s][info ][safepoint     ] Application time: 1.0009474 seconds
[2023-12-02T16:34:26.780+0000][3737.852s][info ][safepoint     ] Entering safepoint region: Cleanup
[2023-12-02T16:34:26.780+0000][3737.852s][info ][safepoint     ] Leaving safepoint region
[2023-12-02T16:34:26.781+0000][3737.853s][info ][safepoint     ] Total time for which application threads were stopped: 0.0012879 seconds, Stopping threads took: 0.0005061 seconds
[2023-12-02T16:34:27.782+0000][3738.854s][debug][safepoint     ] Safepoint synchronization initiated. (208 threads)
[2023-12-02T16:34:27.782+0000][3738.854s][info ][safepoint     ] Application time: 1.0010112 seconds
[2023-12-02T16:34:27.783+0000][3738.855s][debug][safepoint     ] ... found polling page return exception at pc = 0x00007f43fcb063cf, stub =0x00007f43f4840600
[2023-12-02T16:34:27.783+0000][3738.855s][debug][safepoint     ] ... found polling page return exception at pc = 0x00007f43fcb063cf, stub =0x00007f43f4840600
[2023-12-02T16:34:27.783+0000][3738.855s][debug][safepoint     ] ... found polling page return exception at pc = 0x00007f43fca39708, stub =0x00007f43f4840600
[2023-12-02T16:34:27.785+0000][3738.857s][debug][safepoint     ] Waiting for 3 thread(s) to block
[2023-12-02T16:34:27.786+0000][3738.858s][info ][safepoint     ] Entering safepoint region: Cleanup
[2023-12-02T16:34:27.786+0000][3738.858s][info ][safepoint     ] Leaving safepoint region
[2023-12-02T16:34:27.787+0000][3738.859s][info ][safepoint     ] Total time for which application threads were stopped: 0.0036095 seconds, Stopping threads took: 0.0029629 seconds
[2023-12-02T16:34:28.787+0000][3739.859s][debug][safepoint     ] Safepoint synchronization initiated. (208 threads)
[2023-12-02T16:34:28.788+0000][3739.860s][info ][safepoint     ] Application time: 1.0011734 seconds
[2023-12-02T16:34:28.789+0000][3739.861s][info ][safepoint     ] Entering safepoint region: Cleanup
[2023-12-02T16:34:28.790+0000][3739.862s][info ][safepoint     ] Leaving safepoint region
[2023-12-02T16:34:28.791+0000][3739.863s][info ][safepoint     ] Total time for which application threads were stopped: 0.0018438 seconds, Stopping threads took: 0.0007529 seconds
[2023-12-02T16:34:29.792+0000][3740.864s][debug][safepoint     ] Safepoint synchronization initiated. (208 threads)
[2023-12-02T16:34:29.792+0000][3740.864s][info ][safepoint     ] Application time: 1.0009165 seconds
[2023-12-02T16:34:29.793+0000][3740.865s][info ][safepoint     ] Entering safepoint region: Cleanup
[2023-12-02T16:34:29.794+0000][3740.866s][info ][safepoint     ] Leaving safepoint region
[2023-12-02T16:34:29.795+0000][3740.867s][info ][safepoint     ] Total time for which application threads were stopped: 0.0016408 seconds, Stopping threads took: 0.0006509 seconds
[2023-12-02T16:34:30.796+0000][3741.868s][debug][safepoint     ] Safepoint synchronization initiated. (208 threads)
[2023-12-02T16:34:30.797+0000][3741.869s][info ][safepoint     ] Application time: 1.0012826 seconds
[2023-12-02T16:34:30.797+0000][3741.869s][info ][safepoint     ] Entering safepoint region: Cleanup
[2023-12-02T16:34:30.798+0000][3741.870s][info ][safepoint     ] Leaving safepoint region
[2023-12-02T16:34:30.799+0000][3741.871s][info ][safepoint     ] Total time for which application threads were stopped: 0.0013955 seconds, Stopping threads took: 0.0004859 seconds
[2023-12-02T16:34:31.800+0000][3742.871s][debug][safepoint     ] Safepoint synchronization initiated. (208 threads)
[2023-12-02T16:34:31.800+0000][3742.872s][info ][safepoint     ] Application time: 1.0011294 seconds
[2023-12-02T16:34:31.801+0000][3742.873s][info ][safepoint     ] Entering safepoint region: Cleanup
[2023-12-02T16:34:31.802+0000][3742.874s][info ][safepoint     ] Leaving safepoint region
[2023-12-02T16:34:31.803+0000][3742.875s][info ][safepoint     ] Total time for which application threads were stopped: 0.0016533 seconds, Stopping threads took: 0.0008218 seconds
[2023-12-02T16:34:32.803+0000][3743.875s][debug][safepoint     ] Safepoint synchronization initiated. (208 threads)
[2023-12-02T16:34:32.804+0000][3743.876s][info ][safepoint     ] Application time: 1.0009308 seconds
[2023-12-02T16:34:32.805+0000][3743.877s][info ][safepoint     ] Entering safepoint region: Cleanup
[2023-12-02T16:34:32.806+0000][3743.878s][info ][safepoint     ] Leaving safepoint region
[2023-12-02T16:34:32.806+0000][3743.878s][info ][safepoint     ] Total time for which application threads were stopped: 0.0011699 seconds, Stopping threads took: 0.0005921 seconds
[2023-12-02T16:34:33.807+0000][3744.879s][debug][safepoint     ] Safepoint synchronization initiated. (208 threads)
[2023-12-02T16:34:33.807+0000][3744.879s][info ][safepoint     ] Application time: 1.0009070 seconds
[2023-12-02T16:34:33.808+0000][3744.880s][info ][safepoint     ] Entering safepoint region: Cleanup
[2023-12-02T16:34:33.809+0000][3744.881s][info ][safepoint     ] Leaving safepoint region
[2023-12-02T16:34:33.809+0000][3744.881s][info ][safepoint     ] Total time for which application threads were stopped: 0.0016121 seconds, Stopping threads took: 0.0006049 seconds
[2023-12-02T16:34:34.810+0000][3745.882s][debug][safepoint     ] Safepoint synchronization initiated. (208 threads)
[2023-12-02T16:34:34.811+0000][3745.883s][info ][safepoint     ] Application time: 1.0011578 seconds
[2023-12-02T16:34:34.812+0000][3745.884s][info ][safepoint     ] Entering safepoint region: Cleanup
[2023-12-02T16:34:34.813+0000][3745.885s][info ][safepoint     ] Leaving safepoint region
[2023-12-02T16:34:34.813+0000][3745.885s][info ][safepoint     ] Total time for which application threads were stopped: 0.0016258 seconds, Stopping threads took: 0.0007612 seconds
[2023-12-02T16:34:35.814+0000][3746.886s][debug][safepoint     ] Safepoint synchronization initiated. (208 threads)
[2023-12-02T16:34:35.815+0000][3746.887s][info ][safepoint     ] Application time: 1.0011847 seconds
[2023-12-02T16:34:35.816+0000][3746.888s][info ][safepoint     ] Entering safepoint region: Cleanup
[2023-12-02T16:34:35.817+0000][3746.889s][info ][safepoint     ] Leaving safepoint region
[2023-12-02T16:34:35.817+0000][3746.889s][info ][safepoint     ] Total time for which application threads were stopped: 0.0017396 seconds, Stopping threads took: 0.0007153 seconds
[2023-12-02T16:34:36.818+0000][3747.890s][debug][safepoint     ] Safepoint synchronization initiated. (208 threads)
[2023-12-02T16:34:36.819+0000][3747.891s][info ][safepoint     ] Application time: 1.0007618 seconds
[2023-12-02T16:34:36.820+0000][3747.892s][info ][safepoint     ] Entering safepoint region: Cleanup
[2023-12-02T16:34:36.821+0000][3747.893s][info ][safepoint     ] Leaving safepoint region
[2023-12-02T16:34:36.822+0000][3747.894s][info ][safepoint     ] Total time for which application threads were stopped: 0.0020484 seconds, Stopping threads took: 0.0011184 seconds
[2023-12-02T16:34:37.822+0000][3748.894s][debug][safepoint     ] Safepoint synchronization initiated. (208 threads)
[2023-12-02T16:34:37.823+0000][3748.895s][info ][safepoint     ] Application time: 1.0006857 seconds
[2023-12-02T16:34:37.823+0000][3748.895s][info ][safepoint     ] Entering safepoint region: Cleanup
[2023-12-02T16:34:37.824+0000][3748.896s][info ][safepoint     ] Leaving safepoint region
[2023-12-02T16:34:37.824+0000][3748.896s][info ][safepoint     ] Total time for which application threads were stopped: 0.0010472 seconds, Stopping threads took: 0.0004059 seconds
[2023-12-02T16:34:38.825+0000][3749.897s][debug][safepoint     ] Safepoint synchronization initiated. (208 threads)
[2023-12-02T16:34:38.825+0000][3749.897s][info ][safepoint     ] Application time: 1.0008674 seconds
[2023-12-02T16:34:38.826+0000][3749.898s][info ][safepoint     ] Entering safepoint region: Cleanup
[2023-12-02T16:34:38.827+0000][3749.899s][info ][safepoint     ] Leaving safepoint region
[2023-12-02T16:34:38.827+0000][3749.899s][info ][safepoint     ] Total time for which application threads were stopped: 0.0012063 seconds, Stopping threads took: 0.0004370 seconds
[2023-12-02T16:34:39.828+0000][3750.900s][debug][safepoint     ] Safepoint synchronization initiated. (208 threads)
[2023-12-02T16:34:39.828+0000][3750.900s][info ][safepoint     ] Application time: 1.0005812 seconds
[2023-12-02T16:34:39.829+0000][3750.900s][info ][safepoint     ] Entering safepoint region: Cleanup
[2023-12-02T16:34:39.829+0000][3750.901s][info ][safepoint     ] Leaving safepoint region
[2023-12-02T16:34:39.830+0000][3750.902s][info ][safepoint     ] Total time for which application threads were stopped: 0.0010643 seconds, Stopping threads took: 0.0005218 seconds
[2023-12-02T16:34:40.830+0000][3751.902s][debug][safepoint     ] Safepoint synchronization initiated. (208 threads)
[2023-12-02T16:34:40.830+0000][3751.902s][info ][safepoint     ] Application time: 1.0003354 seconds
[2023-12-02T16:34:40.830+0000][3751.902s][info ][safepoint     ] Entering safepoint region: Cleanup
[2023-12-02T16:34:40.831+0000][3751.903s][info ][safepoint     ] Leaving safepoint region
[2023-12-02T16:34:40.831+0000][3751.903s][info ][safepoint     ] Total time for which application threads were stopped: 0.0009372 seconds, Stopping threads took: 0.0002419 seconds
[2023-12-02T16:34:41.832+0000][3752.904s][debug][safepoint     ] Safepoint synchronization initiated. (208 threads)
[2023-12-02T16:34:41.832+0000][3752.904s][info ][safepoint     ] Application time: 1.0005923 seconds
[2023-12-02T16:34:41.833+0000][3752.905s][info ][safepoint     ] Entering safepoint region: Cleanup
[2023-12-02T16:34:41.834+0000][3752.906s][info ][safepoint     ] Leaving safepoint region
[2023-12-02T16:34:41.834+0000][3752.906s][info ][safepoint     ] Total time for which application threads were stopped: 0.0010445 seconds, Stopping threads took: 0.0004876 seconds
[2023-12-02T16:34:42.834+0000][3753.906s][debug][safepoint     ] Safepoint synchronization initiated. (208 threads)
[2023-12-02T16:34:42.835+0000][3753.907s][info ][safepoint     ] Application time: 1.0007303 seconds
[2023-12-02T16:34:42.836+0000][3753.907s][info ][safepoint     ] Entering safepoint region: Cleanup
[2023-12-02T16:34:42.837+0000][3753.909s][info ][safepoint     ] Leaving safepoint region
[2023-12-02T16:34:42.837+0000][3753.909s][info ][safepoint     ] Total time for which application threads were stopped: 0.0015380 seconds, Stopping threads took: 0.0006639 seconds
[2023-12-02T16:34:43.838+0000][3754.910s][debug][safepoint     ] Safepoint synchronization initiated. (208 threads)
[2023-12-02T16:34:43.838+0000][3754.910s][info ][safepoint     ] Application time: 1.0009275 seconds
[2023-12-02T16:34:43.839+0000][3754.911s][info ][safepoint     ] Entering safepoint region: Cleanup
[2023-12-02T16:34:43.840+0000][3754.912s][info ][safepoint     ] Leaving safepoint region
[2023-12-02T16:34:43.841+0000][3754.913s][info ][safepoint     ] Total time for which application threads were stopped: 0.0019734 seconds, Stopping threads took: 0.0008294 seconds
[2023-12-02T16:34:44.842+0000][3755.914s][debug][safepoint     ] Safepoint synchronization initiated. (208 threads)
[2023-12-02T16:34:44.842+0000][3755.914s][info ][safepoint     ] Application time: 1.0009150 seconds
[2023-12-02T16:34:44.843+0000][3755.915s][info ][safepoint     ] Entering safepoint region: Cleanup
[2023-12-02T16:34:44.844+0000][3755.916s][info ][safepoint     ] Leaving safepoint region
[2023-12-02T16:34:44.845+0000][3755.917s][info ][safepoint     ] Total time for which application threads were stopped: 0.0016005 seconds, Stopping threads took: 0.0007193 seconds
[2023-12-02T16:34:45.845+0000][3756.917s][debug][safepoint     ] Safepoint synchronization initiated. (208 threads)
[2023-12-02T16:34:45.846+0000][3756.918s][info ][safepoint     ] Application time: 1.0008982 seconds
[2023-12-02T16:34:45.847+0000][3756.919s][info ][safepoint     ] Entering safepoint region: Cleanup
[2023-12-02T16:34:45.848+0000][3756.920s][info ][safepoint     ] Leaving safepoint region
[2023-12-02T16:34:45.848+0000][3756.920s][info ][safepoint     ] Total time for which application threads were stopped: 0.0014358 seconds, Stopping threads took: 0.0005912 seconds
[2023-12-02T16:34:46.849+0000][3757.921s][debug][safepoint     ] Safepoint synchronization initiated. (208 threads)
[2023-12-02T16:34:46.849+0000][3757.921s][info ][safepoint     ] Application time: 1.0005305 seconds
[2023-12-02T16:34:46.849+0000][3757.921s][info ][safepoint     ] Entering safepoint region: Cleanup
[2023-12-02T16:34:46.850+0000][3757.922s][info ][safepoint     ] Leaving safepoint region
[2023-12-02T16:34:46.850+0000][3757.922s][info ][safepoint     ] Total time for which application threads were stopped: 0.0009629 seconds, Stopping threads took: 0.0003110 seconds
[2023-12-02T16:34:47.851+0000][3758.923s][debug][safepoint     ] Safepoint synchronization initiated. (208 threads)
[2023-12-02T16:34:47.851+0000][3758.923s][info ][safepoint     ] Application time: 1.0007392 seconds
[2023-12-02T16:34:47.852+0000][3758.924s][info ][safepoint     ] Entering safepoint region: Cleanup
[2023-12-02T16:34:47.852+0000][3758.924s][info ][safepoint     ] Leaving safepoint region
[2023-12-02T16:34:47.853+0000][3758.925s][info ][safepoint     ] Total time for which application threads were stopped: 0.0010328 seconds, Stopping threads took: 0.0003981 seconds
[2023-12-02T16:34:48.853+0000][3759.925s][debug][safepoint     ] Safepoint synchronization initiated. (208 threads)
[2023-12-02T16:34:48.854+0000][3759.926s][info ][safepoint     ] Application time: 1.0012276 seconds
[2023-12-02T16:34:48.855+0000][3759.927s][info ][safepoint     ] Entering safepoint region: Cleanup
[2023-12-02T16:34:48.857+0000][3759.928s][info ][safepoint     ] Leaving safepoint region
[2023-12-02T16:34:48.857+0000][3759.929s][info ][safepoint     ] Total time for which application threads were stopped: 0.0021031 seconds, Stopping threads took: 0.0009332 seconds
[2023-12-02T16:34:49.858+0000][3760.930s][debug][safepoint     ] Safepoint synchronization initiated. (208 threads)
[2023-12-02T16:34:49.859+0000][3760.931s][info ][safepoint     ] Application time: 1.0007204 seconds
[2023-12-02T16:34:49.859+0000][3760.931s][info ][safepoint     ] Entering safepoint region: Cleanup
[2023-12-02T16:34:49.860+0000][3760.932s][info ][safepoint     ] Leaving safepoint region
[2023-12-02T16:34:49.860+0000][3760.932s][info ][safepoint     ] Total time for which application threads were stopped: 0.0010059 seconds, Stopping threads took: 0.0004794 seconds
[2023-12-02T16:34:50.861+0000][3761.933s][debug][safepoint     ] Safepoint synchronization initiated. (208 threads)
[2023-12-02T16:34:50.861+0000][3761.933s][info ][safepoint     ] Application time: 1.0011094 seconds
[2023-12-02T16:34:50.862+0000][3761.934s][info ][safepoint     ] Entering safepoint region: Cleanup
[2023-12-02T16:34:50.863+0000][3761.935s][info ][safepoint     ] Leaving safepoint region
[2023-12-02T16:34:50.864+0000][3761.936s][info ][safepoint     ] Total time for which application threads were stopped: 0.0018676 seconds, Stopping threads took: 0.0007985 seconds
[2023-12-02T16:34:51.865+0000][3762.937s][debug][safepoint     ] Safepoint synchronization initiated. (208 threads)
[2023-12-02T16:34:51.866+0000][3762.937s][info ][safepoint     ] Application time: 1.0007505 seconds
[2023-12-02T16:34:51.866+0000][3762.938s][info ][safepoint     ] Entering safepoint region: Cleanup
[2023-12-02T16:34:51.867+0000][3762.939s][info ][safepoint     ] Leaving safepoint region
[2023-12-02T16:34:51.867+0000][3762.939s][info ][safepoint     ] Total time for which application threads were stopped: 0.0010817 seconds, Stopping threads took: 0.0005265 seconds
[2023-12-02T16:34:52.868+0000][3763.940s][debug][safepoint     ] Safepoint synchronization initiated. (208 threads)
[2023-12-02T16:34:52.869+0000][3763.941s][info ][safepoint     ] Application time: 1.0012764 seconds
[2023-12-02T16:34:52.869+0000][3763.941s][info ][safepoint     ] Entering safepoint region: Cleanup
[2023-12-02T16:34:52.871+0000][3763.943s][info ][safepoint     ] Leaving safepoint region
[2023-12-02T16:34:52.871+0000][3763.943s][info ][safepoint     ] Total time for which application threads were stopped: 0.0020385 seconds, Stopping threads took: 0.0009077 seconds
[2023-12-02T16:34:53.872+0000][3764.944s][debug][safepoint     ] Safepoint synchronization initiated. (208 threads)
[2023-12-02T16:34:53.873+0000][3764.945s][info ][safepoint     ] Application time: 1.0013364 seconds
[2023-12-02T16:34:53.874+0000][3764.946s][info ][safepoint     ] Entering safepoint region: Cleanup
[2023-12-02T16:34:53.875+0000][3764.947s][info ][safepoint     ] Leaving safepoint region
[2023-12-02T16:34:53.876+0000][3764.948s][info ][safepoint     ] Total time for which application threads were stopped: 0.0016815 seconds, Stopping threads took: 0.0006028 seconds
[2023-12-02T16:34:54.877+0000][3765.949s][debug][safepoint     ] Safepoint synchronization initiated. (208 threads)
[2023-12-02T16:34:54.878+0000][3765.950s][info ][safepoint     ] Application time: 1.0008677 seconds
[2023-12-02T16:34:54.878+0000][3765.950s][info ][safepoint     ] Entering safepoint region: Cleanup
[2023-12-02T16:34:54.879+0000][3765.951s][info ][safepoint     ] Leaving safepoint region
[2023-12-02T16:34:54.879+0000][3765.951s][info ][safepoint     ] Total time for which application threads were stopped: 0.0010659 seconds, Stopping threads took: 0.0003708 seconds
[2023-12-02T16:34:55.880+0000][3766.952s][debug][safepoint     ] Safepoint synchronization initiated. (208 threads)
[2023-12-02T16:34:55.880+0000][3766.952s][info ][safepoint     ] Application time: 1.0004783 seconds
[2023-12-02T16:34:55.880+0000][3766.952s][info ][safepoint     ] Entering safepoint region: Cleanup
[2023-12-02T16:34:55.881+0000][3766.953s][info ][safepoint     ] Leaving safepoint region
[2023-12-02T16:34:55.881+0000][3766.953s][info ][safepoint     ] Total time for which application threads were stopped: 0.0006007 seconds, Stopping threads took: 0.0002166 seconds
[2023-12-02T16:34:56.881+0000][3767.953s][debug][safepoint     ] Safepoint synchronization initiated. (208 threads)
[2023-12-02T16:34:56.882+0000][3767.954s][info ][safepoint     ] Application time: 1.0013241 seconds
[2023-12-02T16:34:56.883+0000][3767.955s][info ][safepoint     ] Entering safepoint region: Cleanup
[2023-12-02T16:34:56.884+0000][3767.956s][info ][safepoint     ] Leaving safepoint region
[2023-12-02T16:34:56.885+0000][3767.957s][info ][safepoint     ] Total time for which application threads were stopped: 0.0020156 seconds, Stopping threads took: 0.0008606 seconds
[2023-12-02T16:34:57.886+0000][3768.958s][debug][safepoint     ] Safepoint synchronization initiated. (208 threads)
[2023-12-02T16:34:57.887+0000][3768.959s][info ][safepoint     ] Application time: 1.0014240 seconds
[2023-12-02T16:34:57.888+0000][3768.960s][info ][safepoint     ] Entering safepoint region: Cleanup
[2023-12-02T16:34:57.889+0000][3768.961s][info ][safepoint     ] Leaving safepoint region
[2023-12-02T16:34:57.890+0000][3768.962s][info ][safepoint     ] Total time for which application threads were stopped: 0.0021796 seconds, Stopping threads took: 0.0008686 seconds
[2023-12-02T16:34:58.891+0000][3769.963s][debug][safepoint     ] Safepoint synchronization initiated. (208 threads)
[2023-12-02T16:34:58.892+0000][3769.964s][info ][safepoint     ] Application time: 1.0012530 seconds
[2023-12-02T16:34:58.893+0000][3769.965s][info ][safepoint     ] Entering safepoint region: Cleanup
[2023-12-02T16:34:58.894+0000][3769.966s][info ][safepoint     ] Leaving safepoint region
[2023-12-02T16:34:58.895+0000][3769.967s][info ][safepoint     ] Total time for which application threads were stopped: 0.0020812 seconds, Stopping threads took: 0.0008661 seconds
[2023-12-02T16:34:59.896+0000][3770.968s][debug][safepoint     ] Safepoint synchronization initiated. (208 threads)
[2023-12-02T16:34:59.897+0000][3770.969s][info ][safepoint     ] Application time: 1.0010575 seconds
[2023-12-02T16:34:59.898+0000][3770.970s][info ][safepoint     ] Entering safepoint region: Cleanup
[2023-12-02T16:34:59.899+0000][3770.971s][info ][safepoint     ] Leaving safepoint region
[2023-12-02T16:34:59.899+0000][3770.971s][info ][safepoint     ] Total time for which application threads were stopped: 0.0016605 seconds, Stopping threads took: 0.0007791 seconds
[2023-12-02T16:35:00.900+0000][3771.972s][debug][safepoint     ] Safepoint synchronization initiated. (208 threads)
[2023-12-02T16:35:00.901+0000][3771.973s][info ][safepoint     ] Application time: 1.0011938 seconds
[2023-12-02T16:35:00.902+0000][3771.974s][info ][safepoint     ] Entering safepoint region: Cleanup
[2023-12-02T16:35:00.903+0000][3771.975s][info ][safepoint     ] Leaving safepoint region
[2023-12-02T16:35:00.904+0000][3771.976s][info ][safepoint     ] Total time for which application threads were stopped: 0.0020109 seconds, Stopping threads took: 0.0007750 seconds
[2023-12-02T16:35:01.905+0000][3772.977s][debug][safepoint     ] Safepoint synchronization initiated. (208 threads)
[2023-12-02T16:35:01.906+0000][3772.978s][info ][safepoint     ] Application time: 1.0012252 seconds
[2023-12-02T16:35:01.907+0000][3772.979s][info ][safepoint     ] Entering safepoint region: Cleanup
[2023-12-02T16:35:01.908+0000][3772.980s][info ][safepoint     ] Leaving safepoint region
[2023-12-02T16:35:01.908+0000][3772.980s][info ][safepoint     ] Total time for which application threads were stopped: 0.0015526 seconds, Stopping threads took: 0.0007467 seconds
[2023-12-02T16:35:02.909+0000][3773.981s][debug][safepoint     ] Safepoint synchronization initiated. (208 threads)
[2023-12-02T16:35:02.910+0000][3773.982s][info ][safepoint     ] Application time: 1.0011198 seconds
[2023-12-02T16:35:02.910+0000][3773.983s][info ][safepoint     ] Entering safepoint region: Cleanup
[2023-12-02T16:35:02.912+0000][3773.984s][info ][safepoint     ] Leaving safepoint region
[2023-12-02T16:35:02.912+0000][3773.984s][info ][safepoint     ] Total time for which application threads were stopped: 0.0019283 seconds, Stopping threads took: 0.0008657 seconds
[2023-12-02T16:35:03.913+0000][3774.985s][debug][safepoint     ] Safepoint synchronization initiated. (208 threads)
[2023-12-02T16:35:03.914+0000][3774.986s][info ][safepoint     ] Application time: 1.0007855 seconds
[2023-12-02T16:35:03.914+0000][3774.986s][info ][safepoint     ] Entering safepoint region: Cleanup
[2023-12-02T16:35:03.915+0000][3774.987s][info ][safepoint     ] Leaving safepoint region
[2023-12-02T16:35:03.915+0000][3774.987s][info ][safepoint     ] Total time for which application threads were stopped: 0.0012131 seconds, Stopping threads took: 0.0005520 seconds
[2023-12-02T16:35:04.916+0000][3775.988s][debug][safepoint     ] Safepoint synchronization initiated. (208 threads)
[2023-12-02T16:35:04.917+0000][3775.989s][info ][safepoint     ] Application time: 1.0010347 seconds
[2023-12-02T16:35:04.918+0000][3775.990s][info ][safepoint     ] Entering safepoint region: Cleanup
[2023-12-02T16:35:04.919+0000][3775.991s][info ][safepoint     ] Leaving safepoint region
[2023-12-02T16:35:04.919+0000][3775.991s][info ][safepoint     ] Total time for which application threads were stopped: 0.0016440 seconds, Stopping threads took: 0.0006652 seconds
[2023-12-02T16:35:05.920+0000][3776.992s][debug][safepoint     ] Safepoint synchronization initiated. (208 threads)
[2023-12-02T16:35:05.920+0000][3776.992s][info ][safepoint     ] Application time: 1.0005313 seconds
[2023-12-02T16:35:05.921+0000][3776.993s][info ][safepoint     ] Entering safepoint region: Cleanup
[2023-12-02T16:35:05.921+0000][3776.993s][info ][safepoint     ] Leaving safepoint region
[2023-12-02T16:35:05.921+0000][3776.994s][info ][safepoint     ] Total time for which application threads were stopped: 0.0008114 seconds, Stopping threads took: 0.0003052 seconds
[2023-12-02T16:35:06.922+0000][3777.994s][debug][safepoint     ] Safepoint synchronization initiated. (208 threads)
[2023-12-02T16:35:06.922+0000][3777.994s][info ][safepoint     ] Application time: 1.0005264 seconds
[2023-12-02T16:35:06.923+0000][3777.995s][info ][safepoint     ] Entering safepoint region: Cleanup
[2023-12-02T16:35:06.923+0000][3777.995s][info ][safepoint     ] Leaving safepoint region
[2023-12-02T16:35:06.924+0000][3777.996s][info ][safepoint     ] Total time for which application threads were stopped: 0.0010215 seconds, Stopping threads took: 0.0004613 seconds
[2023-12-02T16:35:07.924+0000][3778.996s][debug][safepoint     ] Safepoint synchronization initiated. (208 threads)
[2023-12-02T16:35:07.925+0000][3778.997s][info ][safepoint     ] Application time: 1.0005626 seconds
[2023-12-02T16:35:07.925+0000][3778.997s][info ][safepoint     ] Entering safepoint region: Cleanup
[2023-12-02T16:35:07.925+0000][3778.998s][info ][safepoint     ] Leaving safepoint region
[2023-12-02T16:35:07.926+0000][3778.998s][info ][safepoint     ] Total time for which application threads were stopped: 0.0009465 seconds, Stopping threads took: 0.0003913 seconds
[2023-12-02T16:35:08.926+0000][3779.998s][debug][safepoint     ] Safepoint synchronization initiated. (208 threads)
[2023-12-02T16:35:08.927+0000][3779.999s][info ][safepoint     ] Application time: 1.0008004 seconds
[2023-12-02T16:35:08.927+0000][3779.999s][info ][safepoint     ] Entering safepoint region: Cleanup
[2023-12-02T16:35:08.928+0000][3780.000s][info ][safepoint     ] Leaving safepoint region
[2023-12-02T16:35:08.928+0000][3780.000s][info ][safepoint     ] Total time for which application threads were stopped: 0.0011607 seconds, Stopping threads took: 0.0004708 seconds
[2023-12-02T16:35:09.929+0000][3781.001s][debug][safepoint     ] Safepoint synchronization initiated. (208 threads)
[2023-12-02T16:35:09.929+0000][3781.001s][info ][safepoint     ] Application time: 1.0008196 seconds
[2023-12-02T16:35:09.930+0000][3781.002s][info ][safepoint     ] Entering safepoint region: Cleanup
[2023-12-02T16:35:09.930+0000][3781.003s][info ][safepoint     ] Leaving safepoint region
[2023-12-02T16:35:09.931+0000][3781.003s][info ][safepoint     ] Total time for which application threads were stopped: 0.0010010 seconds, Stopping threads took: 0.0004676 seconds
[2023-12-02T16:35:10.931+0000][3782.003s][debug][safepoint     ] Safepoint synchronization initiated. (208 threads)
[2023-12-02T16:35:10.932+0000][3782.004s][info ][safepoint     ] Application time: 1.0007627 seconds
[2023-12-02T16:35:10.932+0000][3782.004s][info ][safepoint     ] Entering safepoint region: Cleanup
[2023-12-02T16:35:10.933+0000][3782.005s][info ][safepoint     ] Leaving safepoint region
[2023-12-02T16:35:10.933+0000][3782.005s][info ][safepoint     ] Total time for which application threads were stopped: 0.0011879 seconds, Stopping threads took: 0.0005396 seconds
[2023-12-02T16:35:11.934+0000][3783.006s][debug][safepoint     ] Safepoint synchronization initiated. (208 threads)
[2023-12-02T16:35:11.934+0000][3783.007s][info ][safepoint     ] Application time: 1.0007529 seconds
[2023-12-02T16:35:11.935+0000][3783.007s][info ][safepoint     ] Entering safepoint region: Cleanup
[2023-12-02T16:35:11.935+0000][3783.008s][info ][safepoint     ] Leaving safepoint region
[2023-12-02T16:35:11.936+0000][3783.008s][info ][safepoint     ] Total time for which application threads were stopped: 0.0009259 seconds, Stopping threads took: 0.0003838 seconds
[2023-12-02T16:35:12.936+0000][3784.008s][debug][safepoint     ] Safepoint synchronization initiated. (208 threads)
[2023-12-02T16:35:12.937+0000][3784.009s][info ][safepoint     ] Application time: 1.0008268 seconds
[2023-12-02T16:35:12.937+0000][3784.009s][info ][safepoint     ] Entering safepoint region: Cleanup
[2023-12-02T16:35:12.938+0000][3784.010s][info ][safepoint     ] Leaving safepoint region
[2023-12-02T16:35:12.938+0000][3784.010s][info ][safepoint     ] Total time for which application threads were stopped: 0.0011511 seconds, Stopping threads took: 0.0004672 seconds
[2023-12-02T16:35:13.939+0000][3785.011s][debug][safepoint     ] Safepoint synchronization initiated. (208 threads)
[2023-12-02T16:35:13.940+0000][3785.012s][info ][safepoint     ] Application time: 1.0008597 seconds
[2023-12-02T16:35:13.940+0000][3785.012s][info ][safepoint     ] Entering safepoint region: Cleanup
[2023-12-02T16:35:13.941+0000][3785.013s][info ][safepoint     ] Leaving safepoint region
[2023-12-02T16:35:13.941+0000][3785.013s][info ][safepoint     ] Total time for which application threads were stopped: 0.0010473 seconds, Stopping threads took: 0.0005191 seconds
[2023-12-02T16:35:14.942+0000][3786.014s][debug][safepoint     ] Safepoint synchronization initiated. (208 threads)
[2023-12-02T16:35:14.943+0000][3786.015s][info ][safepoint     ] Application time: 1.0008791 seconds
[2023-12-02T16:35:14.943+0000][3786.015s][info ][safepoint     ] Entering safepoint region: Cleanup
[2023-12-02T16:35:14.944+0000][3786.016s][info ][safepoint     ] Leaving safepoint region
[2023-12-02T16:35:14.944+0000][3786.016s][info ][safepoint     ] Total time for which application threads were stopped: 0.0011779 seconds, Stopping threads took: 0.0006109 seconds
[2023-12-02T16:35:15.945+0000][3787.017s][debug][safepoint     ] Safepoint synchronization initiated. (208 threads)
[2023-12-02T16:35:15.946+0000][3787.018s][info ][safepoint     ] Application time: 1.0010105 seconds
[2023-12-02T16:35:15.946+0000][3787.018s][info ][safepoint     ] Entering safepoint region: Cleanup
[2023-12-02T16:35:15.947+0000][3787.019s][info ][safepoint     ] Leaving safepoint region
[2023-12-02T16:35:15.947+0000][3787.019s][info ][safepoint     ] Total time for which application threads were stopped: 0.0010649 seconds, Stopping threads took: 0.0005319 seconds
[2023-12-02T16:35:16.948+0000][3788.020s][debug][safepoint     ] Safepoint synchronization initiated. (208 threads)
[2023-12-02T16:35:16.948+0000][3788.020s][info ][safepoint     ] Application time: 1.0008948 seconds
[2023-12-02T16:35:16.949+0000][3788.021s][info ][safepoint     ] Entering safepoint region: Cleanup
[2023-12-02T16:35:16.950+0000][3788.022s][info ][safepoint     ] Leaving safepoint region
[2023-12-02T16:35:16.950+0000][3788.022s][info ][safepoint     ] Total time for which application threads were stopped: 0.0010432 seconds, Stopping threads took: 0.0005110 seconds
[2023-12-02T16:35:17.950+0000][3789.023s][debug][safepoint     ] Safepoint synchronization initiated. (208 threads)
[2023-12-02T16:35:17.951+0000][3789.023s][info ][safepoint     ] Application time: 1.0007476 seconds
[2023-12-02T16:35:17.952+0000][3789.024s][info ][safepoint     ] Entering safepoint region: Cleanup
[2023-12-02T16:35:17.952+0000][3789.024s][info ][safepoint     ] Leaving safepoint region
[2023-12-02T16:35:17.952+0000][3789.024s][info ][safepoint     ] Total time for which application threads were stopped: 0.0008502 seconds, Stopping threads took: 0.0003713 seconds
[2023-12-02T16:35:18.953+0000][3790.025s][debug][safepoint     ] Safepoint synchronization initiated. (208 threads)
[2023-12-02T16:35:18.954+0000][3790.026s][info ][safepoint     ] Application time: 1.0009048 seconds
[2023-12-02T16:35:18.954+0000][3790.026s][info ][safepoint     ] Entering safepoint region: Cleanup
[2023-12-02T16:35:18.955+0000][3790.027s][info ][safepoint     ] Leaving safepoint region
[2023-12-02T16:35:18.956+0000][3790.028s][info ][safepoint     ] Total time for which application threads were stopped: 0.0015018 seconds, Stopping threads took: 0.0004743 seconds
[2023-12-02T16:35:19.956+0000][3791.029s][debug][safepoint     ] Safepoint synchronization initiated. (208 threads)
[2023-12-02T16:35:19.957+0000][3791.029s][info ][safepoint     ] Application time: 1.0007668 seconds
[2023-12-02T16:35:19.958+0000][3791.030s][info ][safepoint     ] Entering safepoint region: Cleanup
[2023-12-02T16:35:19.959+0000][3791.031s][info ][safepoint     ] Leaving safepoint region
[2023-12-02T16:35:19.960+0000][3791.032s][info ][safepoint     ] Total time for which application threads were stopped: 0.0024026 seconds, Stopping threads took: 0.0008398 seconds
[2023-12-02T16:35:20.961+0000][3792.033s][debug][safepoint     ] Safepoint synchronization initiated. (208 threads)
[2023-12-02T16:35:20.962+0000][3792.034s][info ][safepoint     ] Application time: 1.0016748 seconds
[2023-12-02T16:35:20.963+0000][3792.035s][info ][safepoint     ] Entering safepoint region: Cleanup
[2023-12-02T16:35:20.963+0000][3792.035s][info ][safepoint     ] Leaving safepoint region
[2023-12-02T16:35:20.964+0000][3792.036s][info ][safepoint     ] Total time for which application threads were stopped: 0.0008820 seconds, Stopping threads took: 0.0003071 seconds
[2023-12-02T16:35:21.964+0000][3793.036s][debug][safepoint     ] Safepoint synchronization initiated. (208 threads)
[2023-12-02T16:35:21.965+0000][3793.037s][info ][safepoint     ] Application time: 1.0012315 seconds
[2023-12-02T16:35:21.966+0000][3793.038s][info ][safepoint     ] Entering safepoint region: Cleanup
[2023-12-02T16:35:21.967+0000][3793.039s][info ][safepoint     ] Leaving safepoint region
[2023-12-02T16:35:21.968+0000][3793.040s][info ][safepoint     ] Total time for which application threads were stopped: 0.0016370 seconds, Stopping threads took: 0.0006586 seconds
[2023-12-02T16:35:22.969+0000][3794.041s][debug][safepoint     ] Safepoint synchronization initiated. (208 threads)
[2023-12-02T16:35:22.970+0000][3794.042s][info ][safepoint     ] Application time: 1.0013619 seconds
[2023-12-02T16:35:22.970+0000][3794.043s][info ][safepoint     ] Entering safepoint region: Cleanup
[2023-12-02T16:35:22.972+0000][3794.044s][info ][safepoint     ] Leaving safepoint region
[2023-12-02T16:35:22.973+0000][3794.045s][info ][safepoint     ] Total time for which application threads were stopped: 0.0021247 seconds, Stopping threads took: 0.0008686 seconds
[2023-12-02T16:35:23.209+0000][3794.281s][debug][safepoint     ] Safepoint synchronization initiated. (208 threads)
[2023-12-02T16:35:23.210+0000][3794.282s][info ][safepoint     ] Application time: 0.2362911 seconds
[2023-12-02T16:35:23.210+0000][3794.282s][info ][safepoint     ] Entering safepoint region: G1CollectForAllocation
[2023-12-02T16:35:23.212+0000][3794.284s][info ][gc,start      ] GC(92) Pause Young (Prepare Mixed) (G1 Evacuation Pause)
[2023-12-02T16:35:23.212+0000][3794.284s][info ][gc,task       ] GC(92) Using 8 workers of 8 for evacuation
[2023-12-02T16:35:23.221+0000][3794.293s][info ][gc,phases     ] GC(92)   Pre Evacuate Collection Set: 0.1ms
[2023-12-02T16:35:23.221+0000][3794.293s][info ][gc,phases     ] GC(92)   Evacuate Collection Set: 5.0ms
[2023-12-02T16:35:23.222+0000][3794.294s][info ][gc,phases     ] GC(92)   Post Evacuate Collection Set: 2.4ms
[2023-12-02T16:35:23.222+0000][3794.294s][info ][gc,phases     ] GC(92)   Other: 1.6ms
[2023-12-02T16:35:23.223+0000][3794.295s][info ][gc,heap       ] GC(92) Eden regions: 107->0(19)
[2023-12-02T16:35:23.223+0000][3794.295s][info ][gc,heap       ] GC(92) Survivor regions: 3->2(14)
[2023-12-02T16:35:23.223+0000][3794.295s][info ][gc,heap       ] GC(92) Old regions: 149->149
[2023-12-02T16:35:23.224+0000][3794.296s][info ][gc,heap       ] GC(92) Humongous regions: 60->60
[2023-12-02T16:35:23.224+0000][3794.296s][info ][gc,metaspace  ] GC(92) Metaspace: 174826K(194588K)->174826K(194588K) NonClass: 154930K(170784K)->154930K(170784K) Class: 19895K(23804K)->19895K(23804K)
[2023-12-02T16:35:23.224+0000][3794.296s][info ][gc            ] GC(92) Pause Young (Prepare Mixed) (G1 Evacuation Pause) 316M->209M(427M) 12.591ms
[2023-12-02T16:35:23.225+0000][3794.297s][info ][gc,cpu        ] GC(92) User=0.05s Sys=0.00s Real=0.01s
[2023-12-02T16:35:23.225+0000][3794.297s][info ][safepoint     ] Leaving safepoint region
[2023-12-02T16:35:23.225+0000][3794.297s][info ][safepoint     ] Total time for which application threads were stopped: 0.0150024 seconds, Stopping threads took: 0.0008386 seconds
[2023-12-02T16:35:23.226+0000][3794.298s][info ][gc,stringdedup] Concurrent String Deduplication (3794.298s)
[2023-12-02T16:35:23.226+0000][3794.298s][info ][gc,stringdedup] Concurrent String Deduplication 38208.0B->24.0B(38184.0B) avg 52.7% (3794.298s, 3794.298s) 0.456ms
[2023-12-02T16:35:24.226+0000][3795.298s][debug][safepoint     ] Safepoint synchronization initiated. (208 threads)
[2023-12-02T16:35:24.227+0000][3795.299s][info ][safepoint     ] Application time: 1.0011058 seconds
[2023-12-02T16:35:24.227+0000][3795.300s][info ][safepoint     ] Entering safepoint region: Cleanup
[2023-12-02T16:35:24.228+0000][3795.300s][info ][safepoint     ] Leaving safepoint region
[2023-12-02T16:35:24.229+0000][3795.301s][info ][safepoint     ] Total time for which application threads were stopped: 0.0015124 seconds, Stopping threads took: 0.0006394 seconds
[2023-12-02T16:35:25.230+0000][3796.302s][debug][safepoint     ] Safepoint synchronization initiated. (208 threads)
[2023-12-02T16:35:25.230+0000][3796.302s][info ][safepoint     ] Application time: 1.0007278 seconds
[2023-12-02T16:35:25.231+0000][3796.303s][info ][safepoint     ] Entering safepoint region: Cleanup
[2023-12-02T16:35:25.231+0000][3796.303s][info ][safepoint     ] Leaving safepoint region
[2023-12-02T16:35:25.231+0000][3796.304s][info ][safepoint     ] Total time for which application threads were stopped: 0.0008253 seconds, Stopping threads took: 0.0002783 seconds
[2023-12-02T16:35:26.232+0000][3797.304s][debug][safepoint     ] Safepoint synchronization initiated. (208 threads)
[2023-12-02T16:35:26.233+0000][3797.305s][info ][safepoint     ] Application time: 1.0008288 seconds
[2023-12-02T16:35:26.233+0000][3797.305s][info ][safepoint     ] Entering safepoint region: Cleanup
[2023-12-02T16:35:26.233+0000][3797.306s][info ][safepoint     ] Leaving safepoint region
[2023-12-02T16:35:26.234+0000][3797.306s][info ][safepoint     ] Total time for which application threads were stopped: 0.0008767 seconds, Stopping threads took: 0.0003513 seconds
[2023-12-02T16:35:27.234+0000][3798.306s][debug][safepoint     ] Safepoint synchronization initiated. (208 threads)
[2023-12-02T16:35:27.235+0000][3798.307s][info ][safepoint     ] Application time: 1.0007450 seconds
[2023-12-02T16:35:27.235+0000][3798.307s][info ][safepoint     ] Entering safepoint region: Cleanup
[2023-12-02T16:35:27.236+0000][3798.308s][info ][safepoint     ] Leaving safepoint region
[2023-12-02T16:35:27.237+0000][3798.309s][info ][safepoint     ] Total time for which application threads were stopped: 0.0013657 seconds, Stopping threads took: 0.0006013 seconds
[2023-12-02T16:35:27.236+0000][3798.308s][debug][safepoint     ] ... found polling page return exception at pc = 0x00007f43fc9de0c4, stub =0x00007f43f4840600
[2023-12-02T16:35:28.238+0000][3799.310s][debug][safepoint     ] Safepoint synchronization initiated. (208 threads)
[2023-12-02T16:35:28.238+0000][3799.311s][info ][safepoint     ] Application time: 1.0013212 seconds
[2023-12-02T16:35:28.239+0000][3799.311s][info ][safepoint     ] Entering safepoint region: Cleanup
[2023-12-02T16:35:28.240+0000][3799.312s][info ][safepoint     ] Leaving safepoint region
[2023-12-02T16:35:28.241+0000][3799.313s][info ][safepoint     ] Total time for which application threads were stopped: 0.0014470 seconds, Stopping threads took: 0.0005300 seconds
[2023-12-02T16:35:29.241+0000][3800.314s][debug][safepoint     ] Safepoint synchronization initiated. (208 threads)
[2023-12-02T16:35:29.242+0000][3800.314s][info ][safepoint     ] Application time: 1.0009848 seconds
[2023-12-02T16:35:29.243+0000][3800.315s][info ][safepoint     ] Entering safepoint region: Cleanup
[2023-12-02T16:35:29.244+0000][3800.316s][info ][safepoint     ] Leaving safepoint region
[2023-12-02T16:35:29.244+0000][3800.316s][info ][safepoint     ] Total time for which application threads were stopped: 0.0012899 seconds, Stopping threads took: 0.0006275 seconds
[2023-12-02T16:35:30.245+0000][3801.317s][debug][safepoint     ] Safepoint synchronization initiated. (208 threads)
[2023-12-02T16:35:30.246+0000][3801.318s][info ][safepoint     ] Application time: 1.0012206 seconds
[2023-12-02T16:35:30.246+0000][3801.319s][info ][safepoint     ] Entering safepoint region: Cleanup
[2023-12-02T16:35:30.247+0000][3801.320s][info ][safepoint     ] Leaving safepoint region
[2023-12-02T16:35:30.248+0000][3801.320s][info ][safepoint     ] Total time for which application threads were stopped: 0.0014807 seconds, Stopping threads took: 0.0006471 seconds
[2023-12-02T16:35:31.248+0000][3802.321s][debug][safepoint     ] Safepoint synchronization initiated. (208 threads)
[2023-12-02T16:35:31.249+0000][3802.321s][info ][safepoint     ] Application time: 1.0006266 seconds
[2023-12-02T16:35:31.249+0000][3802.322s][info ][safepoint     ] Entering safepoint region: Cleanup
[2023-12-02T16:35:31.250+0000][3802.322s][info ][safepoint     ] Leaving safepoint region
[2023-12-02T16:35:31.251+0000][3802.323s][info ][safepoint     ] Total time for which application threads were stopped: 0.0012243 seconds, Stopping threads took: 0.0005259 seconds
[2023-12-02T16:35:32.251+0000][3803.323s][debug][safepoint     ] Safepoint synchronization initiated. (208 threads)
[2023-12-02T16:35:32.252+0000][3803.324s][info ][safepoint     ] Application time: 1.0007938 seconds
[2023-12-02T16:35:32.252+0000][3803.324s][info ][safepoint     ] Entering safepoint region: Cleanup
[2023-12-02T16:35:32.253+0000][3803.325s][debug][safepoint     ] ... found polling page return exception at pc = 0x00007f43fc9de0c4, stub =0x00007f43f4840600
[2023-12-02T16:35:32.253+0000][3803.325s][info ][safepoint     ] Leaving safepoint region
[2023-12-02T16:35:32.253+0000][3803.326s][info ][safepoint     ] Total time for which application threads were stopped: 0.0011865 seconds, Stopping threads took: 0.0003068 seconds
[2023-12-02T16:35:33.254+0000][3804.326s][debug][safepoint     ] Safepoint synchronization initiated. (208 threads)
[2023-12-02T16:35:33.254+0000][3804.326s][info ][safepoint     ] Application time: 1.0004906 seconds
[2023-12-02T16:35:33.255+0000][3804.327s][info ][safepoint     ] Entering safepoint region: Cleanup
[2023-12-02T16:35:33.255+0000][3804.327s][info ][safepoint     ] Leaving safepoint region
[2023-12-02T16:35:33.255+0000][3804.327s][info ][safepoint     ] Total time for which application threads were stopped: 0.0007247 seconds, Stopping threads took: 0.0002507 seconds
[2023-12-02T16:35:34.256+0000][3805.328s][debug][safepoint     ] Safepoint synchronization initiated. (208 threads)
[2023-12-02T16:35:34.256+0000][3805.328s][info ][safepoint     ] Application time: 1.0005356 seconds
[2023-12-02T16:35:34.257+0000][3805.329s][info ][safepoint     ] Entering safepoint region: Cleanup
[2023-12-02T16:35:34.257+0000][3805.329s][info ][safepoint     ] Leaving safepoint region
[2023-12-02T16:35:34.257+0000][3805.329s][info ][safepoint     ] Total time for which application threads were stopped: 0.0007296 seconds, Stopping threads took: 0.0003265 seconds
[2023-12-02T16:35:35.258+0000][3806.330s][debug][safepoint     ] Safepoint synchronization initiated. (208 threads)
[2023-12-02T16:35:35.259+0000][3806.331s][info ][safepoint     ] Application time: 1.0012008 seconds
[2023-12-02T16:35:35.259+0000][3806.331s][info ][safepoint     ] Entering safepoint region: Cleanup
[2023-12-02T16:35:35.260+0000][3806.332s][info ][safepoint     ] Leaving safepoint region
[2023-12-02T16:35:35.261+0000][3806.333s][info ][safepoint     ] Total time for which application threads were stopped: 0.0014161 seconds, Stopping threads took: 0.0006886 seconds
[2023-12-02T16:35:36.261+0000][3807.334s][debug][safepoint     ] Safepoint synchronization initiated. (208 threads)
[2023-12-02T16:35:36.262+0000][3807.334s][info ][safepoint     ] Application time: 1.0012299 seconds
[2023-12-02T16:35:36.263+0000][3807.335s][info ][safepoint     ] Entering safepoint region: Cleanup
[2023-12-02T16:35:36.264+0000][3807.336s][info ][safepoint     ] Leaving safepoint region
[2023-12-02T16:35:36.264+0000][3807.336s][info ][safepoint     ] Total time for which application threads were stopped: 0.0010342 seconds, Stopping threads took: 0.0004363 seconds
[2023-12-02T16:35:37.265+0000][3808.337s][debug][safepoint     ] Safepoint synchronization initiated. (208 threads)
[2023-12-02T16:35:37.265+0000][3808.338s][info ][safepoint     ] Application time: 1.0012361 seconds
[2023-12-02T16:35:37.266+0000][3808.338s][info ][safepoint     ] Entering safepoint region: Cleanup
[2023-12-02T16:35:37.267+0000][3808.339s][info ][safepoint     ] Leaving safepoint region
[2023-12-02T16:35:37.268+0000][3808.340s][info ][safepoint     ] Total time for which application threads were stopped: 0.0015690 seconds, Stopping threads took: 0.0006226 seconds
[2023-12-02T16:35:38.269+0000][3809.341s][debug][safepoint     ] Safepoint synchronization initiated. (208 threads)
[2023-12-02T16:35:38.269+0000][3809.341s][info ][safepoint     ] Application time: 1.0006169 seconds
[2023-12-02T16:35:38.269+0000][3809.341s][info ][safepoint     ] Entering safepoint region: Cleanup
[2023-12-02T16:35:38.270+0000][3809.342s][info ][safepoint     ] Leaving safepoint region
[2023-12-02T16:35:38.270+0000][3809.342s][info ][safepoint     ] Total time for which application threads were stopped: 0.0006641 seconds, Stopping threads took: 0.0002375 seconds
[2023-12-02T16:35:39.270+0000][3810.343s][debug][safepoint     ] Safepoint synchronization initiated. (208 threads)
[2023-12-02T16:35:39.271+0000][3810.343s][info ][safepoint     ] Application time: 1.0009675 seconds
[2023-12-02T16:35:39.272+0000][3810.344s][info ][safepoint     ] Entering safepoint region: Cleanup
[2023-12-02T16:35:39.273+0000][3810.345s][info ][safepoint     ] Leaving safepoint region
[2023-12-02T16:35:39.274+0000][3810.346s][info ][safepoint     ] Total time for which application threads were stopped: 0.0022028 seconds, Stopping threads took: 0.0008365 seconds
[2023-12-02T16:35:40.275+0000][3811.347s][debug][safepoint     ] Safepoint synchronization initiated. (208 threads)
[2023-12-02T16:35:40.276+0000][3811.348s][info ][safepoint     ] Application time: 1.0018110 seconds
[2023-12-02T16:35:40.277+0000][3811.349s][info ][safepoint     ] Entering safepoint region: Cleanup
[2023-12-02T16:35:40.277+0000][3811.350s][info ][safepoint     ] Leaving safepoint region
[2023-12-02T16:35:40.278+0000][3811.350s][info ][safepoint     ] Total time for which application threads were stopped: 0.0012126 seconds, Stopping threads took: 0.0003758 seconds
[2023-12-02T16:35:41.279+0000][3812.351s][debug][safepoint     ] Safepoint synchronization initiated. (208 threads)
[2023-12-02T16:35:41.279+0000][3812.352s][info ][safepoint     ] Application time: 1.0011883 seconds
[2023-12-02T16:35:41.280+0000][3812.352s][info ][safepoint     ] Entering safepoint region: Cleanup
[2023-12-02T16:35:41.281+0000][3812.354s][info ][safepoint     ] Leaving safepoint region
[2023-12-02T16:35:41.282+0000][3812.354s][info ][safepoint     ] Total time for which application threads were stopped: 0.0018248 seconds, Stopping threads took: 0.0007105 seconds
[2023-12-02T16:35:42.283+0000][3813.355s][debug][safepoint     ] Safepoint synchronization initiated. (208 threads)
[2023-12-02T16:35:42.284+0000][3813.356s][info ][safepoint     ] Application time: 1.0010102 seconds
[2023-12-02T16:35:42.284+0000][3813.357s][info ][safepoint     ] Entering safepoint region: Cleanup
[2023-12-02T16:35:42.285+0000][3813.357s][info ][safepoint     ] Leaving safepoint region
[2023-12-02T16:35:42.286+0000][3813.358s][info ][safepoint     ] Total time for which application threads were stopped: 0.0014633 seconds, Stopping threads took: 0.0006431 seconds
[2023-12-02T16:35:42.398+0000][3813.470s][debug][safepoint     ] Safepoint synchronization initiated. (208 threads)
[2023-12-02T16:35:42.398+0000][3813.471s][info ][safepoint     ] Application time: 0.1119799 seconds
[2023-12-02T16:35:42.399+0000][3813.471s][info ][safepoint     ] Entering safepoint region: G1CollectForAllocation
[2023-12-02T16:35:42.399+0000][3813.472s][info ][gc,start      ] GC(93) Pause Young (Mixed) (G1 Evacuation Pause)
[2023-12-02T16:35:42.400+0000][3813.472s][info ][gc,task       ] GC(93) Using 8 workers of 8 for evacuation
[2023-12-02T16:35:42.407+0000][3813.479s][info ][gc,phases     ] GC(93)   Pre Evacuate Collection Set: 0.0ms
[2023-12-02T16:35:42.407+0000][3813.479s][info ][gc,phases     ] GC(93)   Evacuate Collection Set: 4.6ms
[2023-12-02T16:35:42.408+0000][3813.480s][info ][gc,phases     ] GC(93)   Post Evacuate Collection Set: 1.9ms
[2023-12-02T16:35:42.408+0000][3813.480s][info ][gc,phases     ] GC(93)   Other: 0.7ms
[2023-12-02T16:35:42.408+0000][3813.480s][info ][gc,heap       ] GC(93) Eden regions: 19->0(113)
[2023-12-02T16:35:42.409+0000][3813.481s][info ][gc,heap       ] GC(93) Survivor regions: 2->2(3)
[2023-12-02T16:35:42.409+0000][3813.481s][info ][gc,heap       ] GC(93) Old regions: 149->149
[2023-12-02T16:35:42.409+0000][3813.481s][info ][gc,heap       ] GC(93) Humongous regions: 60->60
[2023-12-02T16:35:42.409+0000][3813.482s][info ][gc,metaspace  ] GC(93) Metaspace: 174848K(194588K)->174848K(194588K) NonClass: 154953K(170784K)->154953K(170784K) Class: 19895K(23804K)->19895K(23804K)
[2023-12-02T16:35:42.410+0000][3813.482s][info ][gc            ] GC(93) Pause Young (Mixed) (G1 Evacuation Pause) 228M->209M(427M) 10.139ms
[2023-12-02T16:35:42.410+0000][3813.482s][info ][gc,cpu        ] GC(93) User=0.03s Sys=0.02s Real=0.02s
[2023-12-02T16:35:42.410+0000][3813.482s][info ][safepoint     ] Leaving safepoint region
[2023-12-02T16:35:42.410+0000][3813.482s][info ][safepoint     ] Total time for which application threads were stopped: 0.0114511 seconds, Stopping threads took: 0.0004946 seconds
[2023-12-02T16:35:42.410+0000][3813.483s][info ][gc,stringdedup] Concurrent String Deduplication (3813.483s)
[2023-12-02T16:35:42.411+0000][3813.483s][info ][gc,stringdedup] Concurrent String Deduplication 3576.0B->2328.0B(1248.0B) avg 52.7% (3813.483s, 3813.483s) 0.226ms
[2023-12-02T16:35:43.411+0000][3814.483s][debug][safepoint     ] Safepoint synchronization initiated. (208 threads)
[2023-12-02T16:35:43.412+0000][3814.484s][info ][safepoint     ] Application time: 1.0010965 seconds
[2023-12-02T16:35:43.412+0000][3814.484s][info ][safepoint     ] Entering safepoint region: Cleanup
[2023-12-02T16:35:43.413+0000][3814.486s][info ][safepoint     ] Leaving safepoint region
[2023-12-02T16:35:43.414+0000][3814.486s][info ][safepoint     ] Total time for which application threads were stopped: 0.0020808 seconds, Stopping threads took: 0.0008947 seconds
[2023-12-02T16:35:44.415+0000][3815.487s][debug][safepoint     ] Safepoint synchronization initiated. (208 threads)
[2023-12-02T16:35:44.416+0000][3815.488s][info ][safepoint     ] Application time: 1.0012539 seconds
[2023-12-02T16:35:44.417+0000][3815.489s][info ][safepoint     ] Entering safepoint region: Cleanup
[2023-12-02T16:35:44.418+0000][3815.490s][info ][safepoint     ] Leaving safepoint region
[2023-12-02T16:35:44.419+0000][3815.491s][info ][safepoint     ] Total time for which application threads were stopped: 0.0017970 seconds, Stopping threads took: 0.0007524 seconds
[2023-12-02T16:35:45.420+0000][3816.492s][debug][safepoint     ] Safepoint synchronization initiated. (208 threads)
[2023-12-02T16:35:45.421+0000][3816.493s][info ][safepoint     ] Application time: 1.0011310 seconds
[2023-12-02T16:35:45.421+0000][3816.494s][info ][safepoint     ] Entering safepoint region: Cleanup
[2023-12-02T16:35:45.422+0000][3816.494s][info ][safepoint     ] Leaving safepoint region
[2023-12-02T16:35:45.423+0000][3816.495s][info ][safepoint     ] Total time for which application threads were stopped: 0.0015218 seconds, Stopping threads took: 0.0007008 seconds
[2023-12-02T16:35:46.424+0000][3817.496s][debug][safepoint     ] Safepoint synchronization initiated. (208 threads)
[2023-12-02T16:35:46.425+0000][3817.497s][info ][safepoint     ] Application time: 1.0011910 seconds
[2023-12-02T16:35:46.425+0000][3817.497s][info ][safepoint     ] Entering safepoint region: Cleanup
[2023-12-02T16:35:46.426+0000][3817.498s][info ][safepoint     ] Leaving safepoint region
[2023-12-02T16:35:46.427+0000][3817.499s][info ][safepoint     ] Total time for which application threads were stopped: 0.0017440 seconds, Stopping threads took: 0.0007640 seconds
[2023-12-02T16:35:47.428+0000][3818.500s][debug][safepoint     ] Safepoint synchronization initiated. (208 threads)
[2023-12-02T16:35:47.429+0000][3818.501s][info ][safepoint     ] Application time: 1.0011039 seconds
[2023-12-02T16:35:47.430+0000][3818.502s][info ][safepoint     ] Entering safepoint region: Cleanup
[2023-12-02T16:35:47.431+0000][3818.503s][info ][safepoint     ] Leaving safepoint region
[2023-12-02T16:35:47.432+0000][3818.504s][info ][safepoint     ] Total time for which application threads were stopped: 0.0022026 seconds, Stopping threads took: 0.0008906 seconds
[2023-12-02T16:35:48.433+0000][3819.505s][debug][safepoint     ] Safepoint synchronization initiated. (208 threads)
[2023-12-02T16:35:48.433+0000][3819.506s][info ][safepoint     ] Application time: 1.0010785 seconds
[2023-12-02T16:35:48.434+0000][3819.506s][info ][safepoint     ] Entering safepoint region: Cleanup
[2023-12-02T16:35:48.435+0000][3819.507s][info ][safepoint     ] Leaving safepoint region
[2023-12-02T16:35:48.436+0000][3819.508s][info ][safepoint     ] Total time for which application threads were stopped: 0.0017636 seconds, Stopping threads took: 0.0007719 seconds
[2023-12-02T16:35:49.437+0000][3820.509s][debug][safepoint     ] Safepoint synchronization initiated. (208 threads)
[2023-12-02T16:35:49.437+0000][3820.510s][info ][safepoint     ] Application time: 1.0009035 seconds
[2023-12-02T16:35:49.438+0000][3820.510s][info ][safepoint     ] Entering safepoint region: Cleanup
[2023-12-02T16:35:49.439+0000][3820.511s][info ][safepoint     ] Leaving safepoint region
[2023-12-02T16:35:49.439+0000][3820.512s][info ][safepoint     ] Total time for which application threads were stopped: 0.0013862 seconds, Stopping threads took: 0.0005914 seconds
[2023-12-02T16:35:50.440+0000][3821.512s][debug][safepoint     ] Safepoint synchronization initiated. (208 threads)
[2023-12-02T16:35:50.441+0000][3821.513s][info ][safepoint     ] Application time: 1.0009459 seconds
[2023-12-02T16:35:50.442+0000][3821.514s][info ][safepoint     ] Entering safepoint region: Cleanup
[2023-12-02T16:35:50.442+0000][3821.514s][info ][safepoint     ] Leaving safepoint region
[2023-12-02T16:35:50.442+0000][3821.515s][info ][safepoint     ] Total time for which application threads were stopped: 0.0009537 seconds, Stopping threads took: 0.0004230 seconds
[2023-12-02T16:35:51.443+0000][3822.515s][debug][safepoint     ] Safepoint synchronization initiated. (208 threads)
[2023-12-02T16:35:51.444+0000][3822.516s][info ][safepoint     ] Application time: 1.0011541 seconds
[2023-12-02T16:35:51.445+0000][3822.517s][info ][safepoint     ] Entering safepoint region: Cleanup
[2023-12-02T16:35:51.445+0000][3822.518s][info ][safepoint     ] Leaving safepoint region
[2023-12-02T16:35:51.446+0000][3822.518s][info ][safepoint     ] Total time for which application threads were stopped: 0.0012848 seconds, Stopping threads took: 0.0005792 seconds
[2023-12-02T16:35:52.447+0000][3823.519s][debug][safepoint     ] Safepoint synchronization initiated. (208 threads)
[2023-12-02T16:35:52.447+0000][3823.519s][info ][safepoint     ] Application time: 1.0008099 seconds
[2023-12-02T16:35:52.448+0000][3823.520s][info ][safepoint     ] Entering safepoint region: Cleanup
[2023-12-02T16:35:52.448+0000][3823.520s][info ][safepoint     ] Leaving safepoint region
[2023-12-02T16:35:52.448+0000][3823.521s][info ][safepoint     ] Total time for which application threads were stopped: 0.0007893 seconds, Stopping threads took: 0.0003634 seconds
[2023-12-02T16:35:53.449+0000][3824.521s][debug][safepoint     ] Safepoint synchronization initiated. (208 threads)
[2023-12-02T16:35:53.449+0000][3824.521s][info ][safepoint     ] Application time: 1.0007238 seconds
[2023-12-02T16:35:53.450+0000][3824.522s][info ][safepoint     ] Entering safepoint region: Cleanup
[2023-12-02T16:35:53.451+0000][3824.523s][info ][safepoint     ] Leaving safepoint region
[2023-12-02T16:35:53.451+0000][3824.523s][info ][safepoint     ] Total time for which application threads were stopped: 0.0014383 seconds, Stopping threads took: 0.0007395 seconds
[2023-12-02T16:35:54.452+0000][3825.524s][debug][safepoint     ] Safepoint synchronization initiated. (208 threads)
[2023-12-02T16:35:54.452+0000][3825.525s][info ][safepoint     ] Application time: 1.0007458 seconds
[2023-12-02T16:35:54.453+0000][3825.525s][info ][safepoint     ] Entering safepoint region: Cleanup
[2023-12-02T16:35:54.453+0000][3825.526s][info ][safepoint     ] Leaving safepoint region
[2023-12-02T16:35:54.454+0000][3825.526s][info ][safepoint     ] Total time for which application threads were stopped: 0.0010675 seconds, Stopping threads took: 0.0005011 seconds
[2023-12-02T16:35:55.454+0000][3826.527s][debug][safepoint     ] Safepoint synchronization initiated. (208 threads)
[2023-12-02T16:35:55.455+0000][3826.527s][info ][safepoint     ] Application time: 1.0009611 seconds
[2023-12-02T16:35:55.456+0000][3826.528s][debug][safepoint     ] ... found polling page return exception at pc = 0x00007f43fcb063cf, stub =0x00007f43f4840600
[2023-12-02T16:35:55.456+0000][3826.528s][debug][safepoint     ] Waiting for 3 thread(s) to block
[2023-12-02T16:35:55.457+0000][3826.529s][info ][safepoint     ] Entering safepoint region: Cleanup
[2023-12-02T16:35:55.458+0000][3826.530s][info ][safepoint     ] Leaving safepoint region
[2023-12-02T16:35:55.459+0000][3826.531s][info ][safepoint     ] Total time for which application threads were stopped: 0.0029766 seconds, Stopping threads took: 0.0019676 seconds
[2023-12-02T16:35:56.460+0000][3827.532s][debug][safepoint     ] Safepoint synchronization initiated. (208 threads)
[2023-12-02T16:35:56.461+0000][3827.534s][info ][safepoint     ] Application time: 1.0022461 seconds
[2023-12-02T16:35:56.462+0000][3827.534s][info ][safepoint     ] Entering safepoint region: Cleanup
[2023-12-02T16:35:56.463+0000][3827.535s][info ][safepoint     ] Leaving safepoint region
[2023-12-02T16:35:56.463+0000][3827.535s][info ][safepoint     ] Total time for which application threads were stopped: 0.0012186 seconds, Stopping threads took: 0.0005542 seconds
[2023-12-02T16:35:57.464+0000][3828.536s][debug][safepoint     ] Safepoint synchronization initiated. (208 threads)
[2023-12-02T16:35:57.465+0000][3828.537s][info ][safepoint     ] Application time: 1.0013275 seconds
[2023-12-02T16:35:57.466+0000][3828.538s][info ][safepoint     ] Entering safepoint region: Cleanup
[2023-12-02T16:35:57.467+0000][3828.539s][info ][safepoint     ] Leaving safepoint region
[2023-12-02T16:35:57.468+0000][3828.540s][info ][safepoint     ] Total time for which application threads were stopped: 0.0018610 seconds, Stopping threads took: 0.0008197 seconds
[2023-12-02T16:35:58.468+0000][3829.541s][debug][safepoint     ] Safepoint synchronization initiated. (208 threads)
[2023-12-02T16:35:58.469+0000][3829.542s][info ][safepoint     ] Application time: 1.0012124 seconds
[2023-12-02T16:35:58.470+0000][3829.542s][info ][safepoint     ] Entering safepoint region: Cleanup
[2023-12-02T16:35:58.471+0000][3829.543s][info ][safepoint     ] Leaving safepoint region
[2023-12-02T16:35:58.472+0000][3829.544s][info ][safepoint     ] Total time for which application threads were stopped: 0.0018536 seconds, Stopping threads took: 0.0007643 seconds
[2023-12-02T16:35:59.473+0000][3830.545s][debug][safepoint     ] Safepoint synchronization initiated. (208 threads)
[2023-12-02T16:35:59.473+0000][3830.546s][info ][safepoint     ] Application time: 1.0008825 seconds
[2023-12-02T16:35:59.474+0000][3830.546s][info ][safepoint     ] Entering safepoint region: Cleanup
[2023-12-02T16:35:59.475+0000][3830.547s][info ][safepoint     ] Leaving safepoint region
[2023-12-02T16:35:59.475+0000][3830.548s][info ][safepoint     ] Total time for which application threads were stopped: 0.0013227 seconds, Stopping threads took: 0.0006890 seconds
[2023-12-02T16:36:00.476+0000][3831.548s][debug][safepoint     ] Safepoint synchronization initiated. (208 threads)
[2023-12-02T16:36:00.477+0000][3831.549s][info ][safepoint     ] Application time: 1.0013692 seconds
[2023-12-02T16:36:00.478+0000][3831.550s][info ][safepoint     ] Entering safepoint region: Cleanup
[2023-12-02T16:36:00.479+0000][3831.551s][info ][safepoint     ] Leaving safepoint region
[2023-12-02T16:36:00.480+0000][3831.552s][info ][safepoint     ] Total time for which application threads were stopped: 0.0021166 seconds, Stopping threads took: 0.0007421 seconds
[2023-12-02T16:36:01.481+0000][3832.553s][debug][safepoint     ] Safepoint synchronization initiated. (208 threads)
[2023-12-02T16:36:01.482+0000][3832.554s][info ][safepoint     ] Application time: 1.0013868 seconds
[2023-12-02T16:36:01.483+0000][3832.555s][info ][safepoint     ] Entering safepoint region: Cleanup
[2023-12-02T16:36:01.484+0000][3832.556s][info ][safepoint     ] Leaving safepoint region
[2023-12-02T16:36:01.485+0000][3832.557s][info ][safepoint     ] Total time for which application threads were stopped: 0.0021871 seconds, Stopping threads took: 0.0008337 seconds
[2023-12-02T16:36:02.486+0000][3833.558s][debug][safepoint     ] Safepoint synchronization initiated. (208 threads)
[2023-12-02T16:36:02.487+0000][3833.559s][info ][safepoint     ] Application time: 1.0012715 seconds
[2023-12-02T16:36:02.488+0000][3833.560s][info ][safepoint     ] Entering safepoint region: Cleanup
[2023-12-02T16:36:02.489+0000][3833.561s][info ][safepoint     ] Leaving safepoint region
[2023-12-02T16:36:02.489+0000][3833.562s][info ][safepoint     ] Total time for which application threads were stopped: 0.0017378 seconds, Stopping threads took: 0.0006720 seconds
[2023-12-02T16:36:03.490+0000][3834.563s][debug][safepoint     ] Safepoint synchronization initiated. (208 threads)
[2023-12-02T16:36:03.492+0000][3834.564s][info ][safepoint     ] Application time: 1.0013801 seconds
[2023-12-02T16:36:03.492+0000][3834.565s][info ][safepoint     ] Entering safepoint region: Cleanup
[2023-12-02T16:36:03.494+0000][3834.566s][info ][safepoint     ] Leaving safepoint region
[2023-12-02T16:36:03.494+0000][3834.567s][info ][safepoint     ] Total time for which application threads were stopped: 0.0019007 seconds, Stopping threads took: 0.0008293 seconds
[2023-12-02T16:36:04.495+0000][3835.567s][debug][safepoint     ] Safepoint synchronization initiated. (208 threads)
[2023-12-02T16:36:04.496+0000][3835.568s][info ][safepoint     ] Application time: 1.0007199 seconds
[2023-12-02T16:36:04.496+0000][3835.568s][info ][safepoint     ] Entering safepoint region: Cleanup
[2023-12-02T16:36:04.497+0000][3835.569s][info ][safepoint     ] Leaving safepoint region
[2023-12-02T16:36:04.497+0000][3835.569s][info ][safepoint     ] Total time for which application threads were stopped: 0.0010303 seconds, Stopping threads took: 0.0005222 seconds
[2023-12-02T16:36:05.498+0000][3836.570s][debug][safepoint     ] Safepoint synchronization initiated. (208 threads)
[2023-12-02T16:36:05.498+0000][3836.571s][info ][safepoint     ] Application time: 1.0012816 seconds
[2023-12-02T16:36:05.499+0000][3836.572s][info ][safepoint     ] Entering safepoint region: Cleanup
[2023-12-02T16:36:05.501+0000][3836.573s][info ][safepoint     ] Leaving safepoint region
[2023-12-02T16:36:05.502+0000][3836.574s][info ][safepoint     ] Total time for which application threads were stopped: 0.0023246 seconds, Stopping threads took: 0.0008822 seconds
[2023-12-02T16:36:06.503+0000][3837.575s][debug][safepoint     ] Safepoint synchronization initiated. (208 threads)
[2023-12-02T16:36:06.503+0000][3837.576s][info ][safepoint     ] Application time: 1.0009180 seconds
[2023-12-02T16:36:06.504+0000][3837.576s][info ][safepoint     ] Entering safepoint region: Cleanup
[2023-12-02T16:36:06.504+0000][3837.577s][info ][safepoint     ] Leaving safepoint region
[2023-12-02T16:36:06.505+0000][3837.577s][info ][safepoint     ] Total time for which application threads were stopped: 0.0010161 seconds, Stopping threads took: 0.0004335 seconds
[2023-12-02T16:36:07.505+0000][3838.578s][debug][safepoint     ] Safepoint synchronization initiated. (208 threads)
[2023-12-02T16:36:07.506+0000][3838.578s][info ][safepoint     ] Application time: 1.0010473 seconds
[2023-12-02T16:36:07.507+0000][3838.579s][debug][safepoint     ] Waiting for 1 thread(s) to block
[2023-12-02T16:36:07.508+0000][3838.580s][info ][safepoint     ] Entering safepoint region: Cleanup
[2023-12-02T16:36:07.509+0000][3838.581s][info ][safepoint     ] Leaving safepoint region
[2023-12-02T16:36:07.510+0000][3838.582s][info ][safepoint     ] Total time for which application threads were stopped: 0.0027324 seconds, Stopping threads took: 0.0015785 seconds
[2023-12-02T16:36:08.511+0000][3839.583s][debug][safepoint     ] Safepoint synchronization initiated. (208 threads)
[2023-12-02T16:36:08.512+0000][3839.584s][info ][safepoint     ] Application time: 1.0013221 seconds
[2023-12-02T16:36:08.512+0000][3839.585s][info ][safepoint     ] Entering safepoint region: Cleanup
[2023-12-02T16:36:08.514+0000][3839.586s][info ][safepoint     ] Leaving safepoint region
[2023-12-02T16:36:08.514+0000][3839.587s][info ][safepoint     ] Total time for which application threads were stopped: 0.0019319 seconds, Stopping threads took: 0.0007929 seconds
[2023-12-02T16:36:09.515+0000][3840.587s][debug][safepoint     ] Safepoint synchronization initiated. (208 threads)
[2023-12-02T16:36:09.516+0000][3840.588s][info ][safepoint     ] Application time: 1.0010675 seconds
[2023-12-02T16:36:09.517+0000][3840.589s][info ][safepoint     ] Entering safepoint region: Cleanup
[2023-12-02T16:36:09.517+0000][3840.590s][info ][safepoint     ] Leaving safepoint region
[2023-12-02T16:36:09.518+0000][3840.590s][info ][safepoint     ] Total time for which application threads were stopped: 0.0012850 seconds, Stopping threads took: 0.0005286 seconds
[2023-12-02T16:36:10.519+0000][3841.591s][debug][safepoint     ] Safepoint synchronization initiated. (208 threads)
[2023-12-02T16:36:10.519+0000][3841.591s][info ][safepoint     ] Application time: 1.0008977 seconds
[2023-12-02T16:36:10.520+0000][3841.592s][info ][safepoint     ] Entering safepoint region: Cleanup
[2023-12-02T16:36:10.520+0000][3841.593s][info ][safepoint     ] Leaving safepoint region
[2023-12-02T16:36:10.521+0000][3841.593s][info ][safepoint     ] Total time for which application threads were stopped: 0.0011405 seconds, Stopping threads took: 0.0005318 seconds
[2023-12-02T16:36:11.521+0000][3842.594s][debug][safepoint     ] Safepoint synchronization initiated. (208 threads)
[2023-12-02T16:36:11.522+0000][3842.594s][info ][safepoint     ] Application time: 1.0009273 seconds
[2023-12-02T16:36:11.523+0000][3842.595s][info ][safepoint     ] Entering safepoint region: Cleanup
[2023-12-02T16:36:11.523+0000][3842.596s][info ][safepoint     ] Leaving safepoint region
[2023-12-02T16:36:11.524+0000][3842.596s][info ][safepoint     ] Total time for which application threads were stopped: 0.0010008 seconds, Stopping threads took: 0.0004564 seconds
[2023-12-02T16:36:12.524+0000][3843.597s][debug][safepoint     ] Safepoint synchronization initiated. (208 threads)
[2023-12-02T16:36:12.525+0000][3843.597s][info ][safepoint     ] Application time: 1.0009144 seconds
[2023-12-02T16:36:12.525+0000][3843.598s][info ][safepoint     ] Entering safepoint region: Cleanup
[2023-12-02T16:36:12.526+0000][3843.598s][info ][safepoint     ] Leaving safepoint region
[2023-12-02T16:36:12.527+0000][3843.599s][info ][safepoint     ] Total time for which application threads were stopped: 0.0011096 seconds, Stopping threads took: 0.0005027 seconds
[2023-12-02T16:36:13.527+0000][3844.599s][debug][safepoint     ] Safepoint synchronization initiated. (208 threads)
[2023-12-02T16:36:13.528+0000][3844.600s][info ][safepoint     ] Application time: 1.0010086 seconds
[2023-12-02T16:36:13.529+0000][3844.601s][info ][safepoint     ] Entering safepoint region: Cleanup
[2023-12-02T16:36:13.529+0000][3844.602s][info ][safepoint     ] Leaving safepoint region
[2023-12-02T16:36:13.530+0000][3844.602s][info ][safepoint     ] Total time for which application threads were stopped: 0.0014837 seconds, Stopping threads took: 0.0006086 seconds
[2023-12-02T16:36:14.531+0000][3845.603s][debug][safepoint     ] Safepoint synchronization initiated. (208 threads)
[2023-12-02T16:36:14.531+0000][3845.603s][info ][safepoint     ] Application time: 1.0006596 seconds
[2023-12-02T16:36:14.532+0000][3845.604s][info ][safepoint     ] Entering safepoint region: Cleanup
[2023-12-02T16:36:14.532+0000][3845.605s][info ][safepoint     ] Leaving safepoint region
[2023-12-02T16:36:14.533+0000][3845.605s][info ][safepoint     ] Total time for which application threads were stopped: 0.0012650 seconds, Stopping threads took: 0.0005729 seconds
[2023-12-02T16:36:15.533+0000][3846.606s][debug][safepoint     ] Safepoint synchronization initiated. (208 threads)
[2023-12-02T16:36:15.534+0000][3846.606s][info ][safepoint     ] Application time: 1.0005222 seconds
[2023-12-02T16:36:15.535+0000][3846.607s][info ][safepoint     ] Entering safepoint region: Cleanup
[2023-12-02T16:36:15.535+0000][3846.607s][info ][safepoint     ] Leaving safepoint region
[2023-12-02T16:36:15.535+0000][3846.607s][info ][safepoint     ] Total time for which application threads were stopped: 0.0006860 seconds, Stopping threads took: 0.0002826 seconds
[2023-12-02T16:36:16.535+0000][3847.608s][debug][safepoint     ] Safepoint synchronization initiated. (208 threads)
[2023-12-02T16:36:16.536+0000][3847.608s][info ][safepoint     ] Application time: 1.0006912 seconds
[2023-12-02T16:36:16.537+0000][3847.609s][info ][safepoint     ] Entering safepoint region: Cleanup
[2023-12-02T16:36:16.537+0000][3847.610s][info ][safepoint     ] Leaving safepoint region
[2023-12-02T16:36:16.538+0000][3847.610s][info ][safepoint     ] Total time for which application threads were stopped: 0.0009442 seconds, Stopping threads took: 0.0002893 seconds
[2023-12-02T16:36:17.538+0000][3848.611s][debug][safepoint     ] Safepoint synchronization initiated. (208 threads)
[2023-12-02T16:36:17.539+0000][3848.611s][info ][safepoint     ] Application time: 1.0010613 seconds
[2023-12-02T16:36:17.540+0000][3848.612s][info ][safepoint     ] Entering safepoint region: Cleanup
[2023-12-02T16:36:17.540+0000][3848.613s][info ][safepoint     ] Leaving safepoint region
[2023-12-02T16:36:17.541+0000][3848.613s][info ][safepoint     ] Total time for which application threads were stopped: 0.0011203 seconds, Stopping threads took: 0.0005454 seconds
[2023-12-02T16:36:18.541+0000][3849.614s][debug][safepoint     ] Safepoint synchronization initiated. (208 threads)
[2023-12-02T16:36:18.542+0000][3849.614s][info ][safepoint     ] Application time: 1.0008168 seconds
[2023-12-02T16:36:18.542+0000][3849.615s][info ][safepoint     ] Entering safepoint region: Cleanup
[2023-12-02T16:36:18.543+0000][3849.615s][info ][safepoint     ] Leaving safepoint region
[2023-12-02T16:36:18.543+0000][3849.616s][info ][safepoint     ] Total time for which application threads were stopped: 0.0011991 seconds, Stopping threads took: 0.0004902 seconds
[2023-12-02T16:36:19.544+0000][3850.616s][debug][safepoint     ] Safepoint synchronization initiated. (208 threads)
[2023-12-02T16:36:19.544+0000][3850.617s][info ][safepoint     ] Application time: 1.0006728 seconds
[2023-12-02T16:36:19.545+0000][3850.617s][info ][safepoint     ] Entering safepoint region: Cleanup
[2023-12-02T16:36:19.546+0000][3850.618s][info ][safepoint     ] Leaving safepoint region
[2023-12-02T16:36:19.546+0000][3850.618s][info ][safepoint     ] Total time for which application threads were stopped: 0.0009286 seconds, Stopping threads took: 0.0004376 seconds
[2023-12-02T16:36:20.546+0000][3851.619s][debug][safepoint     ] Safepoint synchronization initiated. (208 threads)
[2023-12-02T16:36:20.547+0000][3851.619s][info ][safepoint     ] Application time: 1.0006694 seconds
[2023-12-02T16:36:20.547+0000][3851.619s][info ][safepoint     ] Entering safepoint region: Cleanup
[2023-12-02T16:36:20.548+0000][3851.620s][info ][safepoint     ] Leaving safepoint region
[2023-12-02T16:36:20.548+0000][3851.620s][info ][safepoint     ] Total time for which application threads were stopped: 0.0008552 seconds, Stopping threads took: 0.0003835 seconds
[2023-12-02T16:36:21.549+0000][3852.621s][debug][safepoint     ] Safepoint synchronization initiated. (208 threads)
[2023-12-02T16:36:21.549+0000][3852.621s][info ][safepoint     ] Application time: 1.0006130 seconds
[2023-12-02T16:36:21.549+0000][3852.622s][info ][safepoint     ] Entering safepoint region: Cleanup
[2023-12-02T16:36:21.550+0000][3852.622s][info ][safepoint     ] Leaving safepoint region
[2023-12-02T16:36:21.550+0000][3852.623s][info ][safepoint     ] Total time for which application threads were stopped: 0.0009157 seconds, Stopping threads took: 0.0003208 seconds
[2023-12-02T16:36:22.551+0000][3853.623s][debug][safepoint     ] Safepoint synchronization initiated. (208 threads)
[2023-12-02T16:36:22.551+0000][3853.624s][info ][safepoint     ] Application time: 1.0005662 seconds
[2023-12-02T16:36:22.552+0000][3853.624s][info ][safepoint     ] Entering safepoint region: Cleanup
[2023-12-02T16:36:22.552+0000][3853.625s][info ][safepoint     ] Leaving safepoint region
[2023-12-02T16:36:22.553+0000][3853.625s][info ][safepoint     ] Total time for which application threads were stopped: 0.0010075 seconds, Stopping threads took: 0.0003787 seconds
[2023-12-02T16:36:23.553+0000][3854.625s][debug][safepoint     ] Safepoint synchronization initiated. (208 threads)
[2023-12-02T16:36:23.554+0000][3854.626s][info ][safepoint     ] Application time: 1.0006405 seconds
[2023-12-02T16:36:23.554+0000][3854.626s][info ][safepoint     ] Entering safepoint region: Cleanup
[2023-12-02T16:36:23.555+0000][3854.627s][info ][safepoint     ] Leaving safepoint region
[2023-12-02T16:36:23.555+0000][3854.627s][info ][safepoint     ] Total time for which application threads were stopped: 0.0009814 seconds, Stopping threads took: 0.0004061 seconds
[2023-12-02T16:36:24.556+0000][3855.628s][debug][safepoint     ] Safepoint synchronization initiated. (208 threads)
[2023-12-02T16:36:24.556+0000][3855.628s][info ][safepoint     ] Application time: 1.0009168 seconds
[2023-12-02T16:36:24.557+0000][3855.629s][info ][safepoint     ] Entering safepoint region: Cleanup
[2023-12-02T16:36:24.557+0000][3855.630s][info ][safepoint     ] Leaving safepoint region
[2023-12-02T16:36:24.558+0000][3855.630s][info ][safepoint     ] Total time for which application threads were stopped: 0.0010466 seconds, Stopping threads took: 0.0004012 seconds
[2023-12-02T16:36:25.558+0000][3856.630s][debug][safepoint     ] Safepoint synchronization initiated. (208 threads)
[2023-12-02T16:36:25.559+0000][3856.631s][info ][safepoint     ] Application time: 1.0006714 seconds
[2023-12-02T16:36:25.559+0000][3856.631s][info ][safepoint     ] Entering safepoint region: Cleanup
[2023-12-02T16:36:25.560+0000][3856.632s][info ][safepoint     ] Leaving safepoint region
[2023-12-02T16:36:25.560+0000][3856.632s][info ][safepoint     ] Total time for which application threads were stopped: 0.0011717 seconds, Stopping threads took: 0.0004532 seconds
[2023-12-02T16:36:26.561+0000][3857.633s][debug][safepoint     ] Safepoint synchronization initiated. (208 threads)
[2023-12-02T16:36:26.561+0000][3857.633s][info ][safepoint     ] Application time: 1.0005947 seconds
[2023-12-02T16:36:26.562+0000][3857.634s][info ][safepoint     ] Entering safepoint region: Cleanup
[2023-12-02T16:36:26.562+0000][3857.635s][info ][safepoint     ] Leaving safepoint region
[2023-12-02T16:36:26.563+0000][3857.635s][info ][safepoint     ] Total time for which application threads were stopped: 0.0016699 seconds, Stopping threads took: 0.0003166 seconds
[2023-12-02T16:36:27.564+0000][3858.637s][debug][safepoint     ] Safepoint synchronization initiated. (208 threads)
[2023-12-02T16:36:27.565+0000][3858.637s][info ][safepoint     ] Application time: 1.0010917 seconds
[2023-12-02T16:36:27.566+0000][3858.638s][info ][safepoint     ] Entering safepoint region: Cleanup
[2023-12-02T16:36:27.567+0000][3858.639s][info ][safepoint     ] Leaving safepoint region
[2023-12-02T16:36:27.568+0000][3858.640s][info ][safepoint     ] Total time for which application threads were stopped: 0.0017574 seconds, Stopping threads took: 0.0007878 seconds
[2023-12-02T16:36:28.568+0000][3859.641s][debug][safepoint     ] Safepoint synchronization initiated. (208 threads)
[2023-12-02T16:36:28.569+0000][3859.642s][info ][safepoint     ] Application time: 1.0010847 seconds
[2023-12-02T16:36:28.570+0000][3859.643s][info ][safepoint     ] Entering safepoint region: Cleanup
[2023-12-02T16:36:28.571+0000][3859.644s][info ][safepoint     ] Leaving safepoint region
[2023-12-02T16:36:28.572+0000][3859.644s][info ][safepoint     ] Total time for which application threads were stopped: 0.0019093 seconds, Stopping threads took: 0.0008417 seconds
[2023-12-02T16:36:29.573+0000][3860.645s][debug][safepoint     ] Safepoint synchronization initiated. (208 threads)
[2023-12-02T16:36:29.574+0000][3860.646s][info ][safepoint     ] Application time: 1.0013772 seconds
[2023-12-02T16:36:29.575+0000][3860.647s][info ][safepoint     ] Entering safepoint region: Cleanup
[2023-12-02T16:36:29.576+0000][3860.649s][info ][safepoint     ] Leaving safepoint region
[2023-12-02T16:36:29.577+0000][3860.649s][info ][safepoint     ] Total time for which application threads were stopped: 0.0021166 seconds, Stopping threads took: 0.0009721 seconds
[2023-12-02T16:36:30.578+0000][3861.650s][debug][safepoint     ] Safepoint synchronization initiated. (208 threads)
[2023-12-02T16:36:30.579+0000][3861.651s][info ][safepoint     ] Application time: 1.0012249 seconds
[2023-12-02T16:36:30.580+0000][3861.652s][info ][safepoint     ] Entering safepoint region: Cleanup
[2023-12-02T16:36:30.581+0000][3861.653s][info ][safepoint     ] Leaving safepoint region
[2023-12-02T16:36:30.582+0000][3861.654s][info ][safepoint     ] Total time for which application threads were stopped: 0.0019318 seconds, Stopping threads took: 0.0008244 seconds
[2023-12-02T16:36:31.583+0000][3862.655s][debug][safepoint     ] Safepoint synchronization initiated. (208 threads)
[2023-12-02T16:36:31.584+0000][3862.656s][info ][safepoint     ] Application time: 1.0010853 seconds
[2023-12-02T16:36:31.584+0000][3862.656s][info ][safepoint     ] Entering safepoint region: Cleanup
[2023-12-02T16:36:31.585+0000][3862.657s][info ][safepoint     ] Leaving safepoint region
[2023-12-02T16:36:31.585+0000][3862.658s][info ][safepoint     ] Total time for which application threads were stopped: 0.0012645 seconds, Stopping threads took: 0.0005230 seconds
[2023-12-02T16:36:32.586+0000][3863.658s][debug][safepoint     ] Safepoint synchronization initiated. (208 threads)
[2023-12-02T16:36:32.586+0000][3863.658s][info ][safepoint     ] Application time: 1.0005240 seconds
[2023-12-02T16:36:32.587+0000][3863.659s][info ][safepoint     ] Entering safepoint region: Cleanup
[2023-12-02T16:36:32.587+0000][3863.659s][info ][safepoint     ] Leaving safepoint region
[2023-12-02T16:36:32.587+0000][3863.660s][info ][safepoint     ] Total time for which application threads were stopped: 0.0007646 seconds, Stopping threads took: 0.0003553 seconds
[2023-12-02T16:36:33.588+0000][3864.660s][debug][safepoint     ] Safepoint synchronization initiated. (208 threads)
[2023-12-02T16:36:33.588+0000][3864.660s][info ][safepoint     ] Application time: 1.0004451 seconds
[2023-12-02T16:36:33.588+0000][3864.661s][info ][safepoint     ] Entering safepoint region: Cleanup
[2023-12-02T16:36:33.589+0000][3864.661s][info ][safepoint     ] Leaving safepoint region
[2023-12-02T16:36:33.589+0000][3864.661s][info ][safepoint     ] Total time for which application threads were stopped: 0.0006874 seconds, Stopping threads took: 0.0002532 seconds
[2023-12-02T16:36:34.589+0000][3865.662s][debug][safepoint     ] Safepoint synchronization initiated. (208 threads)
[2023-12-02T16:36:34.590+0000][3865.663s][info ][safepoint     ] Application time: 1.0014030 seconds
[2023-12-02T16:36:34.591+0000][3865.664s][info ][safepoint     ] Entering safepoint region: Cleanup
[2023-12-02T16:36:34.593+0000][3865.665s][info ][safepoint     ] Leaving safepoint region
[2023-12-02T16:36:34.593+0000][3865.666s][info ][safepoint     ] Total time for which application threads were stopped: 0.0020695 seconds, Stopping threads took: 0.0009581 seconds
[2023-12-02T16:36:35.594+0000][3866.667s][debug][safepoint     ] Safepoint synchronization initiated. (208 threads)
[2023-12-02T16:36:35.595+0000][3866.667s][info ][safepoint     ] Application time: 1.0005373 seconds
[2023-12-02T16:36:35.595+0000][3866.667s][info ][safepoint     ] Entering safepoint region: Cleanup
[2023-12-02T16:36:35.595+0000][3866.668s][info ][safepoint     ] Leaving safepoint region
[2023-12-02T16:36:35.596+0000][3866.668s][info ][safepoint     ] Total time for which application threads were stopped: 0.0006754 seconds, Stopping threads took: 0.0002713 seconds
[2023-12-02T16:36:36.596+0000][3867.668s][debug][safepoint     ] Safepoint synchronization initiated. (208 threads)
[2023-12-02T16:36:36.597+0000][3867.669s][info ][safepoint     ] Application time: 1.0009032 seconds
[2023-12-02T16:36:36.597+0000][3867.670s][info ][safepoint     ] Entering safepoint region: Cleanup
[2023-12-02T16:36:36.598+0000][3867.670s][info ][safepoint     ] Leaving safepoint region
[2023-12-02T16:36:36.598+0000][3867.671s][info ][safepoint     ] Total time for which application threads were stopped: 0.0011460 seconds, Stopping threads took: 0.0004353 seconds
[2023-12-02T16:36:37.599+0000][3868.671s][debug][safepoint     ] Safepoint synchronization initiated. (208 threads)
[2023-12-02T16:36:37.600+0000][3868.672s][info ][safepoint     ] Application time: 1.0008512 seconds
[2023-12-02T16:36:37.600+0000][3868.673s][info ][safepoint     ] Entering safepoint region: Cleanup
[2023-12-02T16:36:37.601+0000][3868.674s][info ][safepoint     ] Leaving safepoint region
[2023-12-02T16:36:37.602+0000][3868.674s][info ][safepoint     ] Total time for which application threads were stopped: 0.0014029 seconds, Stopping threads took: 0.0005553 seconds
[2023-12-02T16:36:38.602+0000][3869.674s][debug][safepoint     ] Safepoint synchronization initiated. (208 threads)
[2023-12-02T16:36:38.603+0000][3869.675s][info ][safepoint     ] Application time: 1.0010487 seconds
[2023-12-02T16:36:38.604+0000][3869.676s][info ][safepoint     ] Entering safepoint region: Cleanup
[2023-12-02T16:36:38.605+0000][3869.678s][info ][safepoint     ] Leaving safepoint region
[2023-12-02T16:36:38.606+0000][3869.678s][info ][safepoint     ] Total time for which application threads were stopped: 0.0021379 seconds, Stopping threads took: 0.0009183 seconds
[2023-12-02T16:36:39.607+0000][3870.679s][debug][safepoint     ] Safepoint synchronization initiated. (208 threads)
[2023-12-02T16:36:39.608+0000][3870.680s][info ][safepoint     ] Application time: 1.0009285 seconds
[2023-12-02T16:36:39.608+0000][3870.681s][info ][safepoint     ] Entering safepoint region: Cleanup
[2023-12-02T16:36:39.609+0000][3870.681s][info ][safepoint     ] Leaving safepoint region
[2023-12-02T16:36:39.610+0000][3870.682s][info ][safepoint     ] Total time for which application threads were stopped: 0.0014459 seconds, Stopping threads took: 0.0006668 seconds
[2023-12-02T16:36:40.610+0000][3871.682s][debug][safepoint     ] Safepoint synchronization initiated. (208 threads)
[2023-12-02T16:36:40.611+0000][3871.683s][info ][safepoint     ] Application time: 1.0006919 seconds
[2023-12-02T16:36:40.612+0000][3871.684s][info ][safepoint     ] Entering safepoint region: Cleanup
[2023-12-02T16:36:40.613+0000][3871.685s][info ][safepoint     ] Leaving safepoint region
[2023-12-02T16:36:40.613+0000][3871.686s][info ][safepoint     ] Total time for which application threads were stopped: 0.0016858 seconds, Stopping threads took: 0.0010372 seconds
[2023-12-02T16:36:41.614+0000][3872.686s][debug][safepoint     ] Safepoint synchronization initiated. (208 threads)
[2023-12-02T16:36:41.615+0000][3872.687s][info ][safepoint     ] Application time: 1.0010641 seconds
[2023-12-02T16:36:41.615+0000][3872.688s][info ][safepoint     ] Entering safepoint region: Cleanup
[2023-12-02T16:36:41.616+0000][3872.689s][info ][safepoint     ] Leaving safepoint region
[2023-12-02T16:36:41.617+0000][3872.689s][info ][safepoint     ] Total time for which application threads were stopped: 0.0014294 seconds, Stopping threads took: 0.0006233 seconds
[2023-12-02T16:36:42.617+0000][3873.690s][debug][safepoint     ] Safepoint synchronization initiated. (208 threads)
[2023-12-02T16:36:42.618+0000][3873.690s][info ][safepoint     ] Application time: 1.0008326 seconds
[2023-12-02T16:36:42.619+0000][3873.691s][info ][safepoint     ] Entering safepoint region: Cleanup
[2023-12-02T16:36:42.620+0000][3873.692s][info ][safepoint     ] Leaving safepoint region
[2023-12-02T16:36:42.620+0000][3873.692s][info ][safepoint     ] Total time for which application threads were stopped: 0.0012534 seconds, Stopping threads took: 0.0005562 seconds
[2023-12-02T16:36:43.620+0000][3874.693s][debug][safepoint     ] Safepoint synchronization initiated. (208 threads)
[2023-12-02T16:36:43.621+0000][3874.693s][info ][safepoint     ] Application time: 1.0009055 seconds
[2023-12-02T16:36:43.622+0000][3874.694s][info ][safepoint     ] Entering safepoint region: Cleanup
[2023-12-02T16:36:43.623+0000][3874.695s][info ][safepoint     ] Leaving safepoint region
[2023-12-02T16:36:43.623+0000][3874.695s][info ][safepoint     ] Total time for which application threads were stopped: 0.0010481 seconds, Stopping threads took: 0.0004681 seconds
[2023-12-02T16:36:44.624+0000][3875.696s][debug][safepoint     ] Safepoint synchronization initiated. (208 threads)
[2023-12-02T16:36:44.624+0000][3875.697s][info ][safepoint     ] Application time: 1.0009082 seconds
[2023-12-02T16:36:44.625+0000][3875.697s][debug][safepoint     ] ... found polling page return exception at pc = 0x00007f43fd4a4d57, stub =0x00007f43f4840600
[2023-12-02T16:36:44.625+0000][3875.697s][debug][safepoint     ] Waiting for 1 thread(s) to block
[2023-12-02T16:36:44.626+0000][3875.698s][info ][safepoint     ] Entering safepoint region: Cleanup
[2023-12-02T16:36:44.626+0000][3875.698s][info ][safepoint     ] Leaving safepoint region
[2023-12-02T16:36:44.627+0000][3875.699s][info ][safepoint     ] Total time for which application threads were stopped: 0.0019600 seconds, Stopping threads took: 0.0013056 seconds
[2023-12-02T16:36:45.627+0000][3876.700s][debug][safepoint     ] Safepoint synchronization initiated. (208 threads)
[2023-12-02T16:36:45.628+0000][3876.700s][info ][safepoint     ] Application time: 1.0010330 seconds
[2023-12-02T16:36:45.629+0000][3876.701s][info ][safepoint     ] Entering safepoint region: Cleanup
[2023-12-02T16:36:45.630+0000][3876.702s][info ][safepoint     ] Leaving safepoint region
[2023-12-02T16:36:45.630+0000][3876.702s][info ][safepoint     ] Total time for which application threads were stopped: 0.0013904 seconds, Stopping threads took: 0.0006298 seconds
[2023-12-02T16:36:46.631+0000][3877.703s][debug][safepoint     ] Safepoint synchronization initiated. (208 threads)
[2023-12-02T16:36:46.631+0000][3877.704s][info ][safepoint     ] Application time: 1.0006626 seconds
[2023-12-02T16:36:46.632+0000][3877.704s][debug][safepoint     ] ... found polling page return exception at pc = 0x00007f43fd4e60d6, stub =0x00007f43f4840600
[2023-12-02T16:36:46.632+0000][3877.704s][debug][safepoint     ] Waiting for 1 thread(s) to block
[2023-12-02T16:36:46.633+0000][3877.705s][info ][safepoint     ] Entering safepoint region: Cleanup
[2023-12-02T16:36:46.633+0000][3877.706s][info ][safepoint     ] Leaving safepoint region
[2023-12-02T16:36:46.634+0000][3877.706s][info ][safepoint     ] Total time for which application threads were stopped: 0.0019110 seconds, Stopping threads took: 0.0013511 seconds
[2023-12-02T16:36:47.634+0000][3878.707s][debug][safepoint     ] Safepoint synchronization initiated. (208 threads)
[2023-12-02T16:36:47.635+0000][3878.707s][info ][safepoint     ] Application time: 1.0010877 seconds
[2023-12-02T16:36:47.636+0000][3878.708s][info ][safepoint     ] Entering safepoint region: Cleanup
[2023-12-02T16:36:47.637+0000][3878.709s][info ][safepoint     ] Leaving safepoint region
[2023-12-02T16:36:47.637+0000][3878.710s][info ][safepoint     ] Total time for which application threads were stopped: 0.0017752 seconds, Stopping threads took: 0.0007578 seconds
[2023-12-02T16:36:48.638+0000][3879.710s][debug][safepoint     ] Safepoint synchronization initiated. (208 threads)
[2023-12-02T16:36:48.639+0000][3879.711s][info ][safepoint     ] Application time: 1.0007778 seconds
[2023-12-02T16:36:48.639+0000][3879.712s][info ][safepoint     ] Entering safepoint region: Cleanup
[2023-12-02T16:36:48.640+0000][3879.712s][info ][safepoint     ] Leaving safepoint region
[2023-12-02T16:36:48.641+0000][3879.713s][info ][safepoint     ] Total time for which application threads were stopped: 0.0013977 seconds, Stopping threads took: 0.0006092 seconds
[2023-12-02T16:36:49.641+0000][3880.714s][debug][safepoint     ] Safepoint synchronization initiated. (208 threads)
[2023-12-02T16:36:49.642+0000][3880.714s][info ][safepoint     ] Application time: 1.0008396 seconds
[2023-12-02T16:36:49.643+0000][3880.715s][info ][safepoint     ] Entering safepoint region: Cleanup
[2023-12-02T16:36:49.644+0000][3880.716s][info ][safepoint     ] Leaving safepoint region
[2023-12-02T16:36:49.644+0000][3880.717s][info ][safepoint     ] Total time for which application threads were stopped: 0.0016910 seconds, Stopping threads took: 0.0006531 seconds
[2023-12-02T16:36:50.645+0000][3881.718s][debug][safepoint     ] Safepoint synchronization initiated. (208 threads)
[2023-12-02T16:36:50.646+0000][3881.718s][info ][safepoint     ] Application time: 1.0011420 seconds
[2023-12-02T16:36:50.647+0000][3881.719s][info ][safepoint     ] Entering safepoint region: Cleanup
[2023-12-02T16:36:50.648+0000][3881.720s][info ][safepoint     ] Leaving safepoint region
[2023-12-02T16:36:50.648+0000][3881.721s][info ][safepoint     ] Total time for which application threads were stopped: 0.0017676 seconds, Stopping threads took: 0.0008589 seconds
[2023-12-02T16:36:51.649+0000][3882.721s][debug][safepoint     ] Safepoint synchronization initiated. (208 threads)
[2023-12-02T16:36:51.650+0000][3882.722s][info ][safepoint     ] Application time: 1.0010010 seconds
[2023-12-02T16:36:51.651+0000][3882.723s][info ][safepoint     ] Entering safepoint region: Cleanup
[2023-12-02T16:36:51.652+0000][3882.724s][info ][safepoint     ] Leaving safepoint region
[2023-12-02T16:36:51.652+0000][3882.725s][info ][safepoint     ] Total time for which application threads were stopped: 0.0015467 seconds, Stopping threads took: 0.0006887 seconds
[2023-12-02T16:36:52.653+0000][3883.725s][debug][safepoint     ] Safepoint synchronization initiated. (208 threads)
[2023-12-02T16:36:52.654+0000][3883.726s][info ][safepoint     ] Application time: 1.0012213 seconds
[2023-12-02T16:36:52.655+0000][3883.727s][info ][safepoint     ] Entering safepoint region: Cleanup
[2023-12-02T16:36:52.656+0000][3883.728s][info ][safepoint     ] Leaving safepoint region
[2023-12-02T16:36:52.656+0000][3883.729s][info ][safepoint     ] Total time for which application threads were stopped: 0.0016043 seconds, Stopping threads took: 0.0006976 seconds
[2023-12-02T16:36:53.657+0000][3884.730s][debug][safepoint     ] Safepoint synchronization initiated. (208 threads)
[2023-12-02T16:36:53.658+0000][3884.730s][info ][safepoint     ] Application time: 1.0011372 seconds
[2023-12-02T16:36:53.659+0000][3884.731s][info ][safepoint     ] Entering safepoint region: Cleanup
[2023-12-02T16:36:53.660+0000][3884.732s][info ][safepoint     ] Leaving safepoint region
[2023-12-02T16:36:53.661+0000][3884.733s][info ][safepoint     ] Total time for which application threads were stopped: 0.0016950 seconds, Stopping threads took: 0.0007627 seconds
[2023-12-02T16:36:54.661+0000][3885.734s][debug][safepoint     ] Safepoint synchronization initiated. (208 threads)
[2023-12-02T16:36:54.662+0000][3885.735s][info ][safepoint     ] Application time: 1.0010237 seconds
[2023-12-02T16:36:54.663+0000][3885.736s][info ][safepoint     ] Entering safepoint region: Cleanup
[2023-12-02T16:36:54.664+0000][3885.736s][info ][safepoint     ] Leaving safepoint region
[2023-12-02T16:36:54.665+0000][3885.737s][info ][safepoint     ] Total time for which application threads were stopped: 0.0014199 seconds, Stopping threads took: 0.0006582 seconds
[2023-12-02T16:36:55.665+0000][3886.738s][debug][safepoint     ] Safepoint synchronization initiated. (208 threads)
[2023-12-02T16:36:55.666+0000][3886.739s][info ][safepoint     ] Application time: 1.0011602 seconds
[2023-12-02T16:36:55.667+0000][3886.739s][info ][safepoint     ] Entering safepoint region: Cleanup
[2023-12-02T16:36:55.668+0000][3886.741s][info ][safepoint     ] Leaving safepoint region
[2023-12-02T16:36:55.669+0000][3886.741s][info ][safepoint     ] Total time for which application threads were stopped: 0.0018990 seconds, Stopping threads took: 0.0007865 seconds
[2023-12-02T16:36:56.670+0000][3887.742s][debug][safepoint     ] Safepoint synchronization initiated. (208 threads)
[2023-12-02T16:36:56.671+0000][3887.743s][info ][safepoint     ] Application time: 1.0011846 seconds
[2023-12-02T16:36:56.672+0000][3887.744s][info ][safepoint     ] Entering safepoint region: Cleanup
[2023-12-02T16:36:56.673+0000][3887.745s][info ][safepoint     ] Leaving safepoint region
[2023-12-02T16:36:56.673+0000][3887.746s][info ][safepoint     ] Total time for which application threads were stopped: 0.0018335 seconds, Stopping threads took: 0.0008051 seconds
[2023-12-02T16:36:57.674+0000][3888.747s][debug][safepoint     ] Safepoint synchronization initiated. (208 threads)
[2023-12-02T16:36:57.675+0000][3888.747s][info ][safepoint     ] Application time: 1.0009150 seconds
[2023-12-02T16:36:57.676+0000][3888.748s][info ][safepoint     ] Entering safepoint region: Cleanup
[2023-12-02T16:36:57.677+0000][3888.749s][info ][safepoint     ] Leaving safepoint region
[2023-12-02T16:36:57.677+0000][3888.750s][info ][safepoint     ] Total time for which application threads were stopped: 0.0015305 seconds, Stopping threads took: 0.0006574 seconds
[2023-12-02T16:36:58.678+0000][3889.750s][debug][safepoint     ] Safepoint synchronization initiated. (208 threads)
[2023-12-02T16:36:58.678+0000][3889.750s][info ][safepoint     ] Application time: 1.0003739 seconds
[2023-12-02T16:36:58.678+0000][3889.751s][info ][safepoint     ] Entering safepoint region: Cleanup
[2023-12-02T16:36:58.679+0000][3889.751s][info ][safepoint     ] Leaving safepoint region
[2023-12-02T16:36:58.679+0000][3889.751s][info ][safepoint     ] Total time for which application threads were stopped: 0.0005529 seconds, Stopping threads took: 0.0002039 seconds
[2023-12-02T16:36:59.679+0000][3890.751s][debug][safepoint     ] Safepoint synchronization initiated. (208 threads)
[2023-12-02T16:36:59.680+0000][3890.752s][info ][safepoint     ] Application time: 1.0006797 seconds
[2023-12-02T16:36:59.680+0000][3890.752s][info ][safepoint     ] Entering safepoint region: Cleanup
[2023-12-02T16:36:59.681+0000][3890.753s][info ][safepoint     ] Leaving safepoint region
[2023-12-02T16:36:59.681+0000][3890.753s][info ][safepoint     ] Total time for which application threads were stopped: 0.0009080 seconds, Stopping threads took: 0.0003508 seconds
[2023-12-02T16:37:00.682+0000][3891.754s][debug][safepoint     ] Safepoint synchronization initiated. (208 threads)
[2023-12-02T16:37:00.682+0000][3891.755s][info ][safepoint     ] Application time: 1.0012318 seconds
[2023-12-02T16:37:00.683+0000][3891.756s][info ][safepoint     ] Entering safepoint region: Cleanup
[2023-12-02T16:37:00.685+0000][3891.757s][info ][safepoint     ] Leaving safepoint region
[2023-12-02T16:37:00.686+0000][3891.758s][info ][safepoint     ] Total time for which application threads were stopped: 0.0022914 seconds, Stopping threads took: 0.0008814 seconds
[2023-12-02T16:37:01.686+0000][3892.759s][debug][safepoint     ] Safepoint synchronization initiated. (208 threads)
[2023-12-02T16:37:01.687+0000][3892.759s][info ][safepoint     ] Application time: 1.0004546 seconds
[2023-12-02T16:37:01.687+0000][3892.759s][info ][safepoint     ] Entering safepoint region: Cleanup
[2023-12-02T16:37:01.687+0000][3892.760s][info ][safepoint     ] Leaving safepoint region
[2023-12-02T16:37:01.688+0000][3892.760s][info ][safepoint     ] Total time for which application threads were stopped: 0.0007154 seconds, Stopping threads took: 0.0002604 seconds
[2023-12-02T16:37:02.688+0000][3893.760s][debug][safepoint     ] Safepoint synchronization initiated. (208 threads)
[2023-12-02T16:37:02.688+0000][3893.761s][info ][safepoint     ] Application time: 1.0004669 seconds
[2023-12-02T16:37:02.688+0000][3893.761s][info ][safepoint     ] Entering safepoint region: Cleanup
[2023-12-02T16:37:02.689+0000][3893.761s][info ][safepoint     ] Leaving safepoint region
[2023-12-02T16:37:02.689+0000][3893.761s][info ][safepoint     ] Total time for which application threads were stopped: 0.0006594 seconds, Stopping threads took: 0.0002762 seconds
[2023-12-02T16:37:03.690+0000][3894.762s][debug][safepoint     ] Safepoint synchronization initiated. (208 threads)
[2023-12-02T16:37:03.690+0000][3894.763s][info ][safepoint     ] Application time: 1.0010953 seconds
[2023-12-02T16:37:03.691+0000][3894.763s][info ][safepoint     ] Entering safepoint region: Cleanup
[2023-12-02T16:37:03.692+0000][3894.764s][info ][safepoint     ] Leaving safepoint region
[2023-12-02T16:37:03.692+0000][3894.765s][info ][safepoint     ] Total time for which application threads were stopped: 0.0014521 seconds, Stopping threads took: 0.0006293 seconds
[2023-12-02T16:37:04.693+0000][3895.766s][debug][safepoint     ] Safepoint synchronization initiated. (208 threads)
[2023-12-02T16:37:04.694+0000][3895.766s][info ][safepoint     ] Application time: 1.0008157 seconds
[2023-12-02T16:37:04.694+0000][3895.767s][info ][safepoint     ] Entering safepoint region: Cleanup
[2023-12-02T16:37:04.695+0000][3895.767s][info ][safepoint     ] Leaving safepoint region
[2023-12-02T16:37:04.695+0000][3895.768s][info ][safepoint     ] Total time for which application threads were stopped: 0.0010709 seconds, Stopping threads took: 0.0005870 seconds
[2023-12-02T16:37:05.696+0000][3896.768s][debug][safepoint     ] Safepoint synchronization initiated. (208 threads)
[2023-12-02T16:37:05.697+0000][3896.770s][info ][safepoint     ] Application time: 1.0014625 seconds
[2023-12-02T16:37:05.698+0000][3896.770s][info ][safepoint     ] Entering safepoint region: Cleanup
[2023-12-02T16:37:05.699+0000][3896.771s][info ][safepoint     ] Leaving safepoint region
[2023-12-02T16:37:05.700+0000][3896.772s][info ][safepoint     ] Total time for which application threads were stopped: 0.0018955 seconds, Stopping threads took: 0.0007157 seconds
[2023-12-02T16:37:06.701+0000][3897.773s][debug][safepoint     ] Safepoint synchronization initiated. (208 threads)
[2023-12-02T16:37:06.701+0000][3897.774s][info ][safepoint     ] Application time: 1.0010006 seconds
[2023-12-02T16:37:06.702+0000][3897.774s][info ][safepoint     ] Entering safepoint region: Cleanup
[2023-12-02T16:37:06.703+0000][3897.775s][info ][safepoint     ] Leaving safepoint region
[2023-12-02T16:37:06.703+0000][3897.776s][info ][safepoint     ] Total time for which application threads were stopped: 0.0012006 seconds, Stopping threads took: 0.0006281 seconds
[2023-12-02T16:37:07.704+0000][3898.776s][debug][safepoint     ] Safepoint synchronization initiated. (208 threads)
[2023-12-02T16:37:07.705+0000][3898.777s][info ][safepoint     ] Application time: 1.0012802 seconds
[2023-12-02T16:37:07.706+0000][3898.778s][info ][safepoint     ] Entering safepoint region: Cleanup
[2023-12-02T16:37:07.707+0000][3898.779s][info ][safepoint     ] Leaving safepoint region
[2023-12-02T16:37:07.707+0000][3898.780s][info ][safepoint     ] Total time for which application threads were stopped: 0.0019093 seconds, Stopping threads took: 0.0008216 seconds
[2023-12-02T16:37:08.708+0000][3899.781s][debug][safepoint     ] Safepoint synchronization initiated. (208 threads)
[2023-12-02T16:37:08.709+0000][3899.782s][info ][safepoint     ] Application time: 1.0012771 seconds
[2023-12-02T16:37:08.710+0000][3899.783s][info ][safepoint     ] Entering safepoint region: Cleanup
[2023-12-02T16:37:08.711+0000][3899.784s][info ][safepoint     ] Leaving safepoint region
[2023-12-02T16:37:08.712+0000][3899.785s][info ][safepoint     ] Total time for which application threads were stopped: 0.0022867 seconds, Stopping threads took: 0.0008982 seconds
[2023-12-02T16:37:09.713+0000][3900.786s][debug][safepoint     ] Safepoint synchronization initiated. (208 threads)
[2023-12-02T16:37:09.714+0000][3900.786s][info ][safepoint     ] Application time: 1.0009360 seconds
[2023-12-02T16:37:09.715+0000][3900.787s][info ][safepoint     ] Entering safepoint region: Cleanup
[2023-12-02T16:37:09.715+0000][3900.788s][info ][safepoint     ] Leaving safepoint region
[2023-12-02T16:37:09.716+0000][3900.788s][info ][safepoint     ] Total time for which application threads were stopped: 0.0010892 seconds, Stopping threads took: 0.0004626 seconds
[2023-12-02T16:37:10.716+0000][3901.789s][debug][safepoint     ] Safepoint synchronization initiated. (208 threads)
[2023-12-02T16:37:10.716+0000][3901.789s][info ][safepoint     ] Application time: 1.0004393 seconds
[2023-12-02T16:37:10.717+0000][3901.789s][info ][safepoint     ] Entering safepoint region: Cleanup
[2023-12-02T16:37:10.717+0000][3901.790s][info ][safepoint     ] Leaving safepoint region
[2023-12-02T16:37:10.717+0000][3901.790s][info ][safepoint     ] Total time for which application threads were stopped: 0.0008380 seconds, Stopping threads took: 0.0003719 seconds
[2023-12-02T16:37:11.718+0000][3902.790s][debug][safepoint     ] Safepoint synchronization initiated. (208 threads)
[2023-12-02T16:37:11.718+0000][3902.791s][info ][safepoint     ] Application time: 1.0006870 seconds
[2023-12-02T16:37:11.719+0000][3902.791s][info ][safepoint     ] Entering safepoint region: Cleanup
[2023-12-02T16:37:11.719+0000][3902.792s][info ][safepoint     ] Leaving safepoint region
[2023-12-02T16:37:11.720+0000][3902.792s][info ][safepoint     ] Total time for which application threads were stopped: 0.0010420 seconds, Stopping threads took: 0.0004776 seconds
[2023-12-02T16:37:12.721+0000][3903.793s][debug][safepoint     ] Safepoint synchronization initiated. (208 threads)
[2023-12-02T16:37:12.721+0000][3903.794s][info ][safepoint     ] Application time: 1.0009948 seconds
[2023-12-02T16:37:12.722+0000][3903.794s][info ][safepoint     ] Entering safepoint region: Cleanup
[2023-12-02T16:37:12.722+0000][3903.795s][info ][safepoint     ] Leaving safepoint region
[2023-12-02T16:37:12.723+0000][3903.795s][info ][safepoint     ] Total time for which application threads were stopped: 0.0010584 seconds, Stopping threads took: 0.0004822 seconds
[2023-12-02T16:37:13.723+0000][3904.796s][debug][safepoint     ] Safepoint synchronization initiated. (208 threads)
[2023-12-02T16:37:13.724+0000][3904.796s][info ][safepoint     ] Application time: 1.0009290 seconds
[2023-12-02T16:37:13.725+0000][3904.797s][info ][safepoint     ] Entering safepoint region: Cleanup
[2023-12-02T16:37:13.725+0000][3904.798s][info ][safepoint     ] Leaving safepoint region
[2023-12-02T16:37:13.726+0000][3904.798s][info ][safepoint     ] Total time for which application threads were stopped: 0.0011030 seconds, Stopping threads took: 0.0004898 seconds
[2023-12-02T16:37:14.726+0000][3905.799s][debug][safepoint     ] Safepoint synchronization initiated. (208 threads)
[2023-12-02T16:37:14.727+0000][3905.799s][info ][safepoint     ] Application time: 1.0008971 seconds
[2023-12-02T16:37:14.727+0000][3905.800s][info ][safepoint     ] Entering safepoint region: Cleanup
[2023-12-02T16:37:14.728+0000][3905.801s][info ][safepoint     ] Leaving safepoint region
[2023-12-02T16:37:14.729+0000][3905.801s][info ][safepoint     ] Total time for which application threads were stopped: 0.0011753 seconds, Stopping threads took: 0.0005588 seconds
[2023-12-02T16:37:15.729+0000][3906.802s][debug][safepoint     ] Safepoint synchronization initiated. (208 threads)
[2023-12-02T16:37:15.730+0000][3906.802s][info ][safepoint     ] Application time: 1.0008744 seconds
[2023-12-02T16:37:15.730+0000][3906.803s][info ][safepoint     ] Entering safepoint region: Cleanup
[2023-12-02T16:37:15.731+0000][3906.803s][info ][safepoint     ] Leaving safepoint region
[2023-12-02T16:37:15.731+0000][3906.804s][info ][safepoint     ] Total time for which application threads were stopped: 0.0010417 seconds, Stopping threads took: 0.0005008 seconds
[2023-12-02T16:37:16.732+0000][3907.804s][debug][safepoint     ] Safepoint synchronization initiated. (208 threads)
[2023-12-02T16:37:16.732+0000][3907.805s][info ][safepoint     ] Application time: 1.0008455 seconds
[2023-12-02T16:37:16.733+0000][3907.805s][info ][safepoint     ] Entering safepoint region: Cleanup
[2023-12-02T16:37:16.733+0000][3907.806s][info ][safepoint     ] Leaving safepoint region
[2023-12-02T16:37:16.734+0000][3907.806s][info ][safepoint     ] Total time for which application threads were stopped: 0.0009191 seconds, Stopping threads took: 0.0003774 seconds
[2023-12-02T16:37:17.734+0000][3908.807s][debug][safepoint     ] Safepoint synchronization initiated. (208 threads)
[2023-12-02T16:37:17.735+0000][3908.807s][info ][safepoint     ] Application time: 1.0006911 seconds
[2023-12-02T16:37:17.735+0000][3908.808s][info ][safepoint     ] Entering safepoint region: Cleanup
[2023-12-02T16:37:17.736+0000][3908.808s][info ][safepoint     ] Leaving safepoint region
[2023-12-02T16:37:17.736+0000][3908.809s][info ][safepoint     ] Total time for which application threads were stopped: 0.0010995 seconds, Stopping threads took: 0.0004408 seconds
[2023-12-02T16:37:18.737+0000][3909.809s][debug][safepoint     ] Safepoint synchronization initiated. (208 threads)
[2023-12-02T16:37:18.738+0000][3909.810s][info ][safepoint     ] Application time: 1.0009313 seconds
[2023-12-02T16:37:18.738+0000][3909.811s][info ][safepoint     ] Entering safepoint region: Cleanup
[2023-12-02T16:37:18.739+0000][3909.811s][info ][safepoint     ] Leaving safepoint region
[2023-12-02T16:37:18.739+0000][3909.812s][info ][safepoint     ] Total time for which application threads were stopped: 0.0012571 seconds, Stopping threads took: 0.0005386 seconds
[2023-12-02T16:37:19.740+0000][3910.813s][debug][safepoint     ] Safepoint synchronization initiated. (208 threads)
[2023-12-02T16:37:19.741+0000][3910.813s][info ][safepoint     ] Application time: 1.0009084 seconds
[2023-12-02T16:37:19.741+0000][3910.814s][info ][safepoint     ] Entering safepoint region: Cleanup
[2023-12-02T16:37:19.742+0000][3910.815s][info ][safepoint     ] Leaving safepoint region
[2023-12-02T16:37:19.742+0000][3910.815s][info ][safepoint     ] Total time for which application threads were stopped: 0.0011566 seconds, Stopping threads took: 0.0005994 seconds
[2023-12-02T16:37:20.743+0000][3911.815s][debug][safepoint     ] Safepoint synchronization initiated. (208 threads)
[2023-12-02T16:37:20.744+0000][3911.816s][info ][safepoint     ] Application time: 1.0008279 seconds
[2023-12-02T16:37:20.744+0000][3911.817s][info ][safepoint     ] Entering safepoint region: Cleanup
[2023-12-02T16:37:20.745+0000][3911.817s][info ][safepoint     ] Leaving safepoint region
[2023-12-02T16:37:20.745+0000][3911.818s][info ][safepoint     ] Total time for which application threads were stopped: 0.0011898 seconds, Stopping threads took: 0.0005619 seconds
[2023-12-02T16:37:21.746+0000][3912.819s][debug][safepoint     ] Safepoint synchronization initiated. (208 threads)
[2023-12-02T16:37:21.747+0000][3912.819s][info ][safepoint     ] Application time: 1.0010267 seconds
[2023-12-02T16:37:21.747+0000][3912.820s][info ][safepoint     ] Entering safepoint region: Cleanup
[2023-12-02T16:37:21.748+0000][3912.820s][info ][safepoint     ] Leaving safepoint region
[2023-12-02T16:37:21.748+0000][3912.821s][info ][safepoint     ] Total time for which application threads were stopped: 0.0009059 seconds, Stopping threads took: 0.0004258 seconds
[2023-12-02T16:37:22.749+0000][3913.821s][debug][safepoint     ] Safepoint synchronization initiated. (208 threads)
[2023-12-02T16:37:22.749+0000][3913.822s][info ][safepoint     ] Application time: 1.0004289 seconds
[2023-12-02T16:37:22.749+0000][3913.822s][info ][safepoint     ] Entering safepoint region: Cleanup
[2023-12-02T16:37:22.750+0000][3913.822s][info ][safepoint     ] Leaving safepoint region
[2023-12-02T16:37:22.750+0000][3913.822s][info ][safepoint     ] Total time for which application threads were stopped: 0.0005872 seconds, Stopping threads took: 0.0002166 seconds
[2023-12-02T16:37:23.750+0000][3914.823s][debug][safepoint     ] Safepoint synchronization initiated. (208 threads)
[2023-12-02T16:37:23.751+0000][3914.823s][info ][safepoint     ] Application time: 1.0006798 seconds
[2023-12-02T16:37:23.751+0000][3914.824s][info ][safepoint     ] Entering safepoint region: Cleanup
[2023-12-02T16:37:23.752+0000][3914.824s][info ][safepoint     ] Leaving safepoint region
[2023-12-02T16:37:23.752+0000][3914.825s][info ][safepoint     ] Total time for which application threads were stopped: 0.0011355 seconds, Stopping threads took: 0.0005195 seconds
[2023-12-02T16:37:24.753+0000][3915.825s][debug][safepoint     ] Safepoint synchronization initiated. (208 threads)
[2023-12-02T16:37:24.753+0000][3915.826s][info ][safepoint     ] Application time: 1.0009301 seconds
[2023-12-02T16:37:24.754+0000][3915.827s][info ][safepoint     ] Entering safepoint region: Cleanup
[2023-12-02T16:37:24.755+0000][3915.827s][info ][safepoint     ] Leaving safepoint region
[2023-12-02T16:37:24.755+0000][3915.828s][info ][safepoint     ] Total time for which application threads were stopped: 0.0011696 seconds, Stopping threads took: 0.0005453 seconds
[2023-12-02T16:37:25.756+0000][3916.828s][debug][safepoint     ] Safepoint synchronization initiated. (208 threads)
[2023-12-02T16:37:25.757+0000][3916.829s][info ][safepoint     ] Application time: 1.0012455 seconds
[2023-12-02T16:37:25.757+0000][3916.830s][info ][safepoint     ] Entering safepoint region: Cleanup
[2023-12-02T16:37:25.758+0000][3916.831s][info ][safepoint     ] Leaving safepoint region
[2023-12-02T16:37:25.759+0000][3916.832s][info ][safepoint     ] Total time for which application threads were stopped: 0.0016239 seconds, Stopping threads took: 0.0006706 seconds
[2023-12-02T16:37:26.760+0000][3917.833s][debug][safepoint     ] Safepoint synchronization initiated. (208 threads)
[2023-12-02T16:37:26.761+0000][3917.834s][info ][safepoint     ] Application time: 1.0018659 seconds
[2023-12-02T16:37:26.762+0000][3917.834s][info ][safepoint     ] Entering safepoint region: Cleanup
[2023-12-02T16:37:26.762+0000][3917.835s][info ][safepoint     ] Leaving safepoint region
[2023-12-02T16:37:26.763+0000][3917.835s][info ][safepoint     ] Total time for which application threads were stopped: 0.0010474 seconds, Stopping threads took: 0.0003708 seconds
[2023-12-02T16:37:27.763+0000][3918.836s][debug][safepoint     ] Safepoint synchronization initiated. (208 threads)
[2023-12-02T16:37:27.764+0000][3918.836s][info ][safepoint     ] Application time: 1.0006846 seconds
[2023-12-02T16:37:27.764+0000][3918.837s][info ][safepoint     ] Entering safepoint region: Cleanup
[2023-12-02T16:37:27.765+0000][3918.837s][info ][safepoint     ] Leaving safepoint region
[2023-12-02T16:37:27.765+0000][3918.837s][info ][safepoint     ] Total time for which application threads were stopped: 0.0009726 seconds, Stopping threads took: 0.0003968 seconds
[2023-12-02T16:37:28.765+0000][3919.838s][debug][safepoint     ] Safepoint synchronization initiated. (208 threads)
[2023-12-02T16:37:28.766+0000][3919.839s][info ][safepoint     ] Application time: 1.0009150 seconds
[2023-12-02T16:37:28.767+0000][3919.839s][info ][safepoint     ] Entering safepoint region: Cleanup
[2023-12-02T16:37:28.767+0000][3919.840s][info ][safepoint     ] Leaving safepoint region
[2023-12-02T16:37:28.768+0000][3919.840s][info ][safepoint     ] Total time for which application threads were stopped: 0.0010463 seconds, Stopping threads took: 0.0004281 seconds
[2023-12-02T16:37:29.768+0000][3920.841s][debug][safepoint     ] Safepoint synchronization initiated. (208 threads)
[2023-12-02T16:37:29.770+0000][3920.842s][info ][safepoint     ] Application time: 1.0017766 seconds
[2023-12-02T16:37:29.770+0000][3920.843s][info ][safepoint     ] Entering safepoint region: Cleanup
[2023-12-02T16:37:29.771+0000][3920.843s][info ][safepoint     ] Leaving safepoint region
[2023-12-02T16:37:29.771+0000][3920.844s][info ][safepoint     ] Total time for which application threads were stopped: 0.0013377 seconds, Stopping threads took: 0.0005286 seconds
[2023-12-02T16:37:30.772+0000][3921.845s][debug][safepoint     ] Safepoint synchronization initiated. (208 threads)
[2023-12-02T16:37:30.773+0000][3921.845s][info ][safepoint     ] Application time: 1.0008048 seconds
[2023-12-02T16:37:30.773+0000][3921.845s][info ][safepoint     ] Entering safepoint region: Cleanup
[2023-12-02T16:37:30.773+0000][3921.846s][info ][safepoint     ] Leaving safepoint region
[2023-12-02T16:37:30.774+0000][3921.846s][info ][safepoint     ] Total time for which application threads were stopped: 0.0007293 seconds, Stopping threads took: 0.0003510 seconds
[2023-12-02T16:37:31.774+0000][3922.847s][debug][safepoint     ] Safepoint synchronization initiated. (208 threads)
[2023-12-02T16:37:31.774+0000][3922.847s][info ][safepoint     ] Application time: 1.0007193 seconds
[2023-12-02T16:37:31.775+0000][3922.847s][info ][safepoint     ] Entering safepoint region: Cleanup
[2023-12-02T16:37:31.775+0000][3922.848s][info ][safepoint     ] Leaving safepoint region
[2023-12-02T16:37:31.776+0000][3922.848s][info ][safepoint     ] Total time for which application threads were stopped: 0.0009219 seconds, Stopping threads took: 0.0004243 seconds
[2023-12-02T16:37:32.776+0000][3923.849s][debug][safepoint     ] Safepoint synchronization initiated. (208 threads)
[2023-12-02T16:37:32.776+0000][3923.849s][info ][safepoint     ] Application time: 1.0005381 seconds
[2023-12-02T16:37:32.777+0000][3923.849s][info ][safepoint     ] Entering safepoint region: Cleanup
[2023-12-02T16:37:32.777+0000][3923.850s][info ][safepoint     ] Leaving safepoint region
[2023-12-02T16:37:32.778+0000][3923.850s][info ][safepoint     ] Total time for which application threads were stopped: 0.0008411 seconds, Stopping threads took: 0.0002966 seconds
[2023-12-02T16:37:33.778+0000][3924.850s][debug][safepoint     ] Safepoint synchronization initiated. (208 threads)
[2023-12-02T16:37:33.778+0000][3924.851s][info ][safepoint     ] Application time: 1.0005074 seconds
[2023-12-02T16:37:33.779+0000][3924.851s][info ][safepoint     ] Entering safepoint region: Cleanup
[2023-12-02T16:37:33.779+0000][3924.851s][info ][safepoint     ] Leaving safepoint region
[2023-12-02T16:37:33.779+0000][3924.852s][info ][safepoint     ] Total time for which application threads were stopped: 0.0006055 seconds, Stopping threads took: 0.0002205 seconds
[2023-12-02T16:37:34.779+0000][3925.852s][debug][safepoint     ] Safepoint synchronization initiated. (208 threads)
[2023-12-02T16:37:34.780+0000][3925.852s][info ][safepoint     ] Application time: 1.0005447 seconds
[2023-12-02T16:37:34.780+0000][3925.853s][info ][safepoint     ] Entering safepoint region: Cleanup
[2023-12-02T16:37:34.781+0000][3925.853s][info ][safepoint     ] Leaving safepoint region
[2023-12-02T16:37:34.781+0000][3925.854s][info ][safepoint     ] Total time for which application threads were stopped: 0.0009765 seconds, Stopping threads took: 0.0004108 seconds
[2023-12-02T16:37:35.782+0000][3926.854s][debug][safepoint     ] Safepoint synchronization initiated. (208 threads)
[2023-12-02T16:37:35.782+0000][3926.855s][info ][safepoint     ] Application time: 1.0006066 seconds
[2023-12-02T16:37:35.782+0000][3926.855s][info ][safepoint     ] Entering safepoint region: Cleanup
[2023-12-02T16:37:35.783+0000][3926.855s][info ][safepoint     ] Leaving safepoint region
[2023-12-02T16:37:35.783+0000][3926.856s][info ][safepoint     ] Total time for which application threads were stopped: 0.0009645 seconds, Stopping threads took: 0.0004074 seconds
[2023-12-02T16:37:36.784+0000][3927.856s][debug][safepoint     ] Safepoint synchronization initiated. (208 threads)
[2023-12-02T16:37:36.785+0000][3927.858s][info ][safepoint     ] Application time: 1.0014116 seconds
[2023-12-02T16:37:36.786+0000][3927.858s][info ][safepoint     ] Entering safepoint region: Cleanup
[2023-12-02T16:37:36.787+0000][3927.860s][info ][safepoint     ] Leaving safepoint region
[2023-12-02T16:37:36.788+0000][3927.860s][info ][safepoint     ] Total time for which application threads were stopped: 0.0019581 seconds, Stopping threads took: 0.0007130 seconds
[2023-12-02T16:37:36.787+0000][3927.860s][debug][safepoint     ] ... found polling page return exception at pc = 0x00007f43fc9de0c4, stub =0x00007f43f4840600
[2023-12-02T16:37:37.789+0000][3928.861s][debug][safepoint     ] Safepoint synchronization initiated. (208 threads)
[2023-12-02T16:37:37.790+0000][3928.862s][info ][safepoint     ] Application time: 1.0013317 seconds
[2023-12-02T16:37:37.791+0000][3928.863s][info ][safepoint     ] Entering safepoint region: Cleanup
[2023-12-02T16:37:37.792+0000][3928.864s][info ][safepoint     ] Leaving safepoint region
[2023-12-02T16:37:37.792+0000][3928.865s][info ][safepoint     ] Total time for which application threads were stopped: 0.0019274 seconds, Stopping threads took: 0.0009088 seconds
[2023-12-02T16:37:38.793+0000][3929.866s][debug][safepoint     ] Safepoint synchronization initiated. (208 threads)
[2023-12-02T16:37:38.795+0000][3929.867s][info ][safepoint     ] Application time: 1.0014759 seconds
[2023-12-02T16:37:38.795+0000][3929.868s][info ][safepoint     ] Entering safepoint region: Cleanup
[2023-12-02T16:37:38.797+0000][3929.869s][info ][safepoint     ] Leaving safepoint region
[2023-12-02T16:37:38.797+0000][3929.870s][info ][safepoint     ] Total time for which application threads were stopped: 0.0021831 seconds, Stopping threads took: 0.0008924 seconds
[2023-12-02T16:37:39.799+0000][3930.871s][debug][safepoint     ] Safepoint synchronization initiated. (208 threads)
[2023-12-02T16:37:39.799+0000][3930.872s][info ][safepoint     ] Application time: 1.0010243 seconds
[2023-12-02T16:37:39.800+0000][3930.872s][info ][safepoint     ] Entering safepoint region: Cleanup
[2023-12-02T16:37:39.801+0000][3930.873s][info ][safepoint     ] Leaving safepoint region
[2023-12-02T16:37:39.801+0000][3930.874s][info ][safepoint     ] Total time for which application threads were stopped: 0.0013212 seconds, Stopping threads took: 0.0004843 seconds
[2023-12-02T16:37:40.802+0000][3931.874s][debug][safepoint     ] Safepoint synchronization initiated. (208 threads)
[2023-12-02T16:37:40.803+0000][3931.875s][info ][safepoint     ] Application time: 1.0011238 seconds
[2023-12-02T16:37:40.804+0000][3931.876s][info ][safepoint     ] Entering safepoint region: Cleanup
[2023-12-02T16:37:40.805+0000][3931.877s][info ][safepoint     ] Leaving safepoint region
[2023-12-02T16:37:40.806+0000][3931.878s][info ][safepoint     ] Total time for which application threads were stopped: 0.0022440 seconds, Stopping threads took: 0.0007102 seconds
[2023-12-02T16:37:41.807+0000][3932.879s][debug][safepoint     ] Safepoint synchronization initiated. (208 threads)
[2023-12-02T16:37:41.808+0000][3932.880s][info ][safepoint     ] Application time: 1.0012859 seconds
[2023-12-02T16:37:41.808+0000][3932.881s][info ][safepoint     ] Entering safepoint region: Cleanup
[2023-12-02T16:37:41.810+0000][3932.882s][info ][safepoint     ] Leaving safepoint region
[2023-12-02T16:37:41.810+0000][3932.883s][info ][safepoint     ] Total time for which application threads were stopped: 0.0019864 seconds, Stopping threads took: 0.0007731 seconds
[2023-12-02T16:37:42.811+0000][3933.884s][debug][safepoint     ] Safepoint synchronization initiated. (208 threads)
[2023-12-02T16:37:42.812+0000][3933.884s][info ][safepoint     ] Application time: 1.0005123 seconds
[2023-12-02T16:37:42.812+0000][3933.885s][info ][safepoint     ] Entering safepoint region: Cleanup
[2023-12-02T16:37:42.813+0000][3933.885s][info ][safepoint     ] Leaving safepoint region
[2023-12-02T16:37:42.813+0000][3933.885s][info ][safepoint     ] Total time for which application threads were stopped: 0.0008855 seconds, Stopping threads took: 0.0003661 seconds
[2023-12-02T16:37:43.813+0000][3934.886s][debug][safepoint     ] Safepoint synchronization initiated. (208 threads)
[2023-12-02T16:37:43.814+0000][3934.887s][info ][safepoint     ] Application time: 1.0011044 seconds
[2023-12-02T16:37:43.815+0000][3934.888s][info ][safepoint     ] Entering safepoint region: Cleanup
[2023-12-02T16:37:43.816+0000][3934.889s][info ][safepoint     ] Leaving safepoint region
[2023-12-02T16:37:43.817+0000][3934.889s][info ][safepoint     ] Total time for which application threads were stopped: 0.0015847 seconds, Stopping threads took: 0.0006362 seconds
[2023-12-02T16:37:44.818+0000][3935.890s][debug][safepoint     ] Safepoint synchronization initiated. (208 threads)
[2023-12-02T16:37:44.818+0000][3935.891s][info ][safepoint     ] Application time: 1.0010531 seconds
[2023-12-02T16:37:44.819+0000][3935.892s][info ][safepoint     ] Entering safepoint region: Cleanup
[2023-12-02T16:37:44.821+0000][3935.893s][info ][safepoint     ] Leaving safepoint region
[2023-12-02T16:37:44.821+0000][3935.894s][info ][safepoint     ] Total time for which application threads were stopped: 0.0020432 seconds, Stopping threads took: 0.0009096 seconds
[2023-12-02T16:37:45.183+0000][3936.255s][debug][safepoint     ] Safepoint synchronization initiated. (208 threads)
[2023-12-02T16:37:45.184+0000][3936.256s][info ][safepoint     ] Application time: 0.3615849 seconds
[2023-12-02T16:37:45.184+0000][3936.257s][info ][safepoint     ] Entering safepoint region: G1CollectForAllocation
[2023-12-02T16:37:45.185+0000][3936.258s][info ][gc,start      ] GC(94) Pause Young (Concurrent Start) (G1 Evacuation Pause)
[2023-12-02T16:37:45.186+0000][3936.258s][info ][gc,task       ] GC(94) Using 8 workers of 8 for evacuation
[2023-12-02T16:37:45.192+0000][3936.264s][info ][gc,phases     ] GC(94)   Pre Evacuate Collection Set: 0.6ms
[2023-12-02T16:37:45.192+0000][3936.265s][info ][gc,phases     ] GC(94)   Evacuate Collection Set: 2.6ms
[2023-12-02T16:37:45.193+0000][3936.265s][info ][gc,phases     ] GC(94)   Post Evacuate Collection Set: 2.2ms
[2023-12-02T16:37:45.193+0000][3936.265s][info ][gc,phases     ] GC(94)   Other: 1.4ms
[2023-12-02T16:37:45.193+0000][3936.266s][info ][gc,heap       ] GC(94) Eden regions: 113->0(120)
[2023-12-02T16:37:45.194+0000][3936.266s][info ][gc,heap       ] GC(94) Survivor regions: 2->2(15)
[2023-12-02T16:37:45.194+0000][3936.266s][info ][gc,heap       ] GC(94) Old regions: 149->149
[2023-12-02T16:37:45.194+0000][3936.267s][info ][gc,heap       ] GC(94) Humongous regions: 60->60
[2023-12-02T16:37:45.194+0000][3936.267s][info ][gc,metaspace  ] GC(94) Metaspace: 174995K(194588K)->174995K(194588K) NonClass: 155100K(170784K)->155100K(170784K) Class: 19895K(23804K)->19895K(23804K)
[2023-12-02T16:37:45.195+0000][3936.267s][info ][gc            ] GC(94) Pause Young (Concurrent Start) (G1 Evacuation Pause) 322M->209M(427M) 9.513ms
[2023-12-02T16:37:45.195+0000][3936.267s][info ][gc,cpu        ] GC(94) User=0.02s Sys=0.00s Real=0.01s
[2023-12-02T16:37:45.195+0000][3936.268s][info ][safepoint     ] Leaving safepoint region
[2023-12-02T16:37:45.195+0000][3936.268s][info ][safepoint     ] Total time for which application threads were stopped: 0.0112725 seconds, Stopping threads took: 0.0006729 seconds
[2023-12-02T16:37:45.195+0000][3936.268s][info ][gc            ] GC(95) Concurrent Cycle
[2023-12-02T16:37:45.196+0000][3936.268s][info ][gc,marking    ] GC(95) Concurrent Clear Claimed Marks
[2023-12-02T16:37:45.196+0000][3936.268s][info ][gc,stringdedup] Concurrent String Deduplication (3936.268s)
[2023-12-02T16:37:45.196+0000][3936.269s][info ][gc,stringdedup] Concurrent String Deduplication 2680.0B->1408.0B(1272.0B) avg 52.7% (3936.268s, 3936.269s) 0.715ms
[2023-12-02T16:37:45.197+0000][3936.269s][info ][gc,marking    ] GC(95) Concurrent Clear Claimed Marks 0.966ms
[2023-12-02T16:37:45.197+0000][3936.269s][info ][gc,marking    ] GC(95) Concurrent Scan Root Regions
[2023-12-02T16:37:45.199+0000][3936.272s][info ][gc,marking    ] GC(95) Concurrent Scan Root Regions 2.102ms
[2023-12-02T16:37:45.199+0000][3936.272s][info ][gc,marking    ] GC(95) Concurrent Mark (3936.272s)
[2023-12-02T16:37:45.199+0000][3936.272s][info ][gc,marking    ] GC(95) Concurrent Mark From Roots
[2023-12-02T16:37:45.200+0000][3936.272s][info ][gc,task       ] GC(95) Using 2 workers of 2 for marking
[2023-12-02T16:37:45.297+0000][3936.369s][info ][gc,marking    ] GC(95) Concurrent Mark From Roots 97.074ms
[2023-12-02T16:37:45.297+0000][3936.370s][info ][gc,marking    ] GC(95) Concurrent Preclean
[2023-12-02T16:37:45.298+0000][3936.370s][info ][gc,marking    ] GC(95) Concurrent Preclean 0.686ms
[2023-12-02T16:37:45.298+0000][3936.371s][info ][gc,marking    ] GC(95) Concurrent Mark (3936.272s, 3936.371s) 98.871ms
[2023-12-02T16:37:45.299+0000][3936.371s][debug][safepoint     ] Safepoint synchronization initiated. (208 threads)
[2023-12-02T16:37:45.299+0000][3936.371s][info ][safepoint     ] Application time: 0.1032510 seconds
[2023-12-02T16:37:45.299+0000][3936.372s][info ][safepoint     ] Entering safepoint region: CGC_Operation
[2023-12-02T16:37:45.299+0000][3936.372s][info ][gc,start      ] GC(95) Pause Remark
[2023-12-02T16:37:45.314+0000][3936.386s][info ][gc,stringtable] GC(95) Cleaned string and symbol table, strings: 73188 processed, 0 removed, symbols: 415213 processed, 0 removed
[2023-12-02T16:37:45.315+0000][3936.387s][info ][gc            ] GC(95) Pause Remark 211M->211M(427M) 15.178ms
[2023-12-02T16:37:45.315+0000][3936.388s][info ][gc,cpu        ] GC(95) User=0.10s Sys=0.00s Real=0.01s
[2023-12-02T16:37:45.316+0000][3936.388s][info ][safepoint     ] Leaving safepoint region
[2023-12-02T16:37:45.316+0000][3936.389s][info ][safepoint     ] Total time for which application threads were stopped: 0.0169682 seconds, Stopping threads took: 0.0002361 seconds
[2023-12-02T16:37:45.317+0000][3936.389s][info ][gc,marking    ] GC(95) Concurrent Rebuild Remembered Sets
[2023-12-02T16:37:45.391+0000][3936.463s][info ][gc,marking    ] GC(95) Concurrent Rebuild Remembered Sets 74.008ms
[2023-12-02T16:37:45.391+0000][3936.464s][debug][safepoint     ] Safepoint synchronization initiated. (208 threads)
[2023-12-02T16:37:45.392+0000][3936.464s][info ][safepoint     ] Application time: 0.0751731 seconds
[2023-12-02T16:37:45.392+0000][3936.465s][info ][safepoint     ] Entering safepoint region: CGC_Operation
[2023-12-02T16:37:45.393+0000][3936.465s][info ][gc,start      ] GC(95) Pause Cleanup
[2023-12-02T16:37:45.393+0000][3936.466s][info ][gc            ] GC(95) Pause Cleanup 211M->211M(427M) 0.826ms
[2023-12-02T16:37:45.394+0000][3936.466s][info ][gc,cpu        ] GC(95) User=0.00s Sys=0.00s Real=0.00s
[2023-12-02T16:37:45.394+0000][3936.467s][info ][safepoint     ] Leaving safepoint region
[2023-12-02T16:37:45.395+0000][3936.467s][info ][safepoint     ] Total time for which application threads were stopped: 0.0026482 seconds, Stopping threads took: 0.0004611 seconds
[2023-12-02T16:37:45.395+0000][3936.468s][info ][gc,marking    ] GC(95) Concurrent Cleanup for Next Mark
[2023-12-02T16:37:45.396+0000][3936.469s][info ][gc,marking    ] GC(95) Concurrent Cleanup for Next Mark 1.165ms
[2023-12-02T16:37:45.397+0000][3936.469s][info ][gc            ] GC(95) Concurrent Cycle 201.470ms
[2023-12-02T16:37:46.395+0000][3937.468s][debug][safepoint     ] Safepoint synchronization initiated. (208 threads)
[2023-12-02T16:37:46.396+0000][3937.469s][info ][safepoint     ] Application time: 1.0009660 seconds
[2023-12-02T16:37:46.397+0000][3937.469s][info ][safepoint     ] Entering safepoint region: Cleanup
[2023-12-02T16:37:46.397+0000][3937.470s][info ][safepoint     ] Leaving safepoint region
[2023-12-02T16:37:46.398+0000][3937.470s][info ][safepoint     ] Total time for which application threads were stopped: 0.0011655 seconds, Stopping threads took: 0.0004870 seconds
[2023-12-02T16:37:47.398+0000][3938.471s][debug][safepoint     ] Safepoint synchronization initiated. (208 threads)
[2023-12-02T16:37:47.399+0000][3938.472s][info ][safepoint     ] Application time: 1.0010851 seconds
[2023-12-02T16:37:47.400+0000][3938.473s][info ][safepoint     ] Entering safepoint region: Cleanup
[2023-12-02T16:37:47.401+0000][3938.474s][info ][safepoint     ] Leaving safepoint region
[2023-12-02T16:37:47.402+0000][3938.474s][info ][safepoint     ] Total time for which application threads were stopped: 0.0017775 seconds, Stopping threads took: 0.0007988 seconds
[2023-12-02T16:37:48.403+0000][3939.475s][debug][safepoint     ] Safepoint synchronization initiated. (208 threads)
[2023-12-02T16:37:48.404+0000][3939.476s][info ][safepoint     ] Application time: 1.0013620 seconds
[2023-12-02T16:37:48.405+0000][3939.477s][info ][safepoint     ] Entering safepoint region: Cleanup
[2023-12-02T16:37:48.406+0000][3939.478s][info ][safepoint     ] Leaving safepoint region
[2023-12-02T16:37:48.406+0000][3939.479s][info ][safepoint     ] Total time for which application threads were stopped: 0.0018726 seconds, Stopping threads took: 0.0008968 seconds
[2023-12-02T16:37:49.408+0000][3940.480s][debug][safepoint     ] Safepoint synchronization initiated. (208 threads)
[2023-12-02T16:37:49.408+0000][3940.481s][info ][safepoint     ] Application time: 1.0010149 seconds
[2023-12-02T16:37:49.409+0000][3940.482s][info ][safepoint     ] Entering safepoint region: Cleanup
[2023-12-02T16:37:49.410+0000][3940.483s][info ][safepoint     ] Leaving safepoint region
[2023-12-02T16:37:49.411+0000][3940.484s][info ][safepoint     ] Total time for which application threads were stopped: 0.0020261 seconds, Stopping threads took: 0.0008172 seconds
[2023-12-02T16:37:50.412+0000][3941.484s][debug][safepoint     ] Safepoint synchronization initiated. (208 threads)
[2023-12-02T16:37:50.412+0000][3941.485s][info ][safepoint     ] Application time: 1.0009745 seconds
[2023-12-02T16:37:50.413+0000][3941.485s][info ][safepoint     ] Entering safepoint region: Cleanup
[2023-12-02T16:37:50.414+0000][3941.486s][info ][safepoint     ] Leaving safepoint region
[2023-12-02T16:37:50.414+0000][3941.487s][info ][safepoint     ] Total time for which application threads were stopped: 0.0011565 seconds, Stopping threads took: 0.0005220 seconds
[2023-12-02T16:37:51.415+0000][3942.487s][debug][safepoint     ] Safepoint synchronization initiated. (208 threads)
[2023-12-02T16:37:51.416+0000][3942.488s][info ][safepoint     ] Application time: 1.0011692 seconds
[2023-12-02T16:37:51.416+0000][3942.489s][info ][safepoint     ] Entering safepoint region: Cleanup
[2023-12-02T16:37:51.418+0000][3942.490s][info ][safepoint     ] Leaving safepoint region
[2023-12-02T16:37:51.418+0000][3942.491s][info ][safepoint     ] Total time for which application threads were stopped: 0.0017176 seconds, Stopping threads took: 0.0006900 seconds
[2023-12-02T16:37:52.419+0000][3943.492s][debug][safepoint     ] Safepoint synchronization initiated. (208 threads)
[2023-12-02T16:37:52.420+0000][3943.493s][info ][safepoint     ] Application time: 1.0014039 seconds
[2023-12-02T16:37:52.421+0000][3943.493s][info ][safepoint     ] Entering safepoint region: Cleanup
[2023-12-02T16:37:52.422+0000][3943.495s][info ][safepoint     ] Leaving safepoint region
[2023-12-02T16:37:52.423+0000][3943.495s][info ][safepoint     ] Total time for which application threads were stopped: 0.0017919 seconds, Stopping threads took: 0.0007481 seconds
[2023-12-02T16:37:53.423+0000][3944.496s][debug][safepoint     ] Safepoint synchronization initiated. (208 threads)
[2023-12-02T16:37:53.424+0000][3944.497s][info ][safepoint     ] Application time: 1.0010098 seconds
[2023-12-02T16:37:53.425+0000][3944.497s][info ][safepoint     ] Entering safepoint region: Cleanup
[2023-12-02T16:37:53.426+0000][3944.498s][info ][safepoint     ] Leaving safepoint region
[2023-12-02T16:37:53.426+0000][3944.499s][info ][safepoint     ] Total time for which application threads were stopped: 0.0015862 seconds, Stopping threads took: 0.0006798 seconds
[2023-12-02T16:37:54.427+0000][3945.500s][debug][safepoint     ] Safepoint synchronization initiated. (208 threads)
[2023-12-02T16:37:54.428+0000][3945.500s][info ][safepoint     ] Application time: 1.0006236 seconds
[2023-12-02T16:37:54.428+0000][3945.501s][info ][safepoint     ] Entering safepoint region: Cleanup
[2023-12-02T16:37:54.429+0000][3945.501s][info ][safepoint     ] Leaving safepoint region
[2023-12-02T16:37:54.429+0000][3945.502s][info ][safepoint     ] Total time for which application threads were stopped: 0.0009568 seconds, Stopping threads took: 0.0004603 seconds
[2023-12-02T16:37:55.430+0000][3946.502s][debug][safepoint     ] Safepoint synchronization initiated. (208 threads)
[2023-12-02T16:37:55.431+0000][3946.503s][info ][safepoint     ] Application time: 1.0013852 seconds
[2023-12-02T16:37:55.432+0000][3946.504s][info ][safepoint     ] Entering safepoint region: Cleanup
[2023-12-02T16:37:55.433+0000][3946.505s][info ][safepoint     ] Leaving safepoint region
[2023-12-02T16:37:55.433+0000][3946.506s][info ][safepoint     ] Total time for which application threads were stopped: 0.0018880 seconds, Stopping threads took: 0.0007428 seconds
[2023-12-02T16:37:56.434+0000][3947.507s][debug][safepoint     ] Safepoint synchronization initiated. (208 threads)
[2023-12-02T16:37:56.435+0000][3947.508s][info ][safepoint     ] Application time: 1.0010039 seconds
[2023-12-02T16:37:56.436+0000][3947.508s][info ][safepoint     ] Entering safepoint region: Cleanup
[2023-12-02T16:37:56.437+0000][3947.509s][info ][safepoint     ] Leaving safepoint region
[2023-12-02T16:37:56.437+0000][3947.510s][info ][safepoint     ] Total time for which application threads were stopped: 0.0016800 seconds, Stopping threads took: 0.0006366 seconds
[2023-12-02T16:37:57.438+0000][3948.511s][debug][safepoint     ] Safepoint synchronization initiated. (208 threads)
[2023-12-02T16:37:57.439+0000][3948.512s][info ][safepoint     ] Application time: 1.0010417 seconds
[2023-12-02T16:37:57.440+0000][3948.512s][info ][safepoint     ] Entering safepoint region: Cleanup
[2023-12-02T16:37:57.440+0000][3948.513s][info ][safepoint     ] Leaving safepoint region
[2023-12-02T16:37:57.440+0000][3948.513s][info ][safepoint     ] Total time for which application threads were stopped: 0.0009545 seconds, Stopping threads took: 0.0003361 seconds
[2023-12-02T16:37:58.441+0000][3949.514s][debug][safepoint     ] Safepoint synchronization initiated. (208 threads)
[2023-12-02T16:37:58.442+0000][3949.514s][info ][safepoint     ] Application time: 1.0010855 seconds
[2023-12-02T16:37:58.443+0000][3949.515s][info ][safepoint     ] Entering safepoint region: Cleanup
[2023-12-02T16:37:58.444+0000][3949.516s][info ][safepoint     ] Leaving safepoint region
[2023-12-02T16:37:58.445+0000][3949.517s][info ][safepoint     ] Total time for which application threads were stopped: 0.0020201 seconds, Stopping threads took: 0.0007591 seconds
[2023-12-02T16:37:59.446+0000][3950.518s][debug][safepoint     ] Safepoint synchronization initiated. (208 threads)
[2023-12-02T16:37:59.447+0000][3950.519s][info ][safepoint     ] Application time: 1.0012590 seconds
[2023-12-02T16:37:59.448+0000][3950.520s][info ][safepoint     ] Entering safepoint region: Cleanup
[2023-12-02T16:37:59.449+0000][3950.521s][info ][safepoint     ] Leaving safepoint region
[2023-12-02T16:37:59.449+0000][3950.522s][info ][safepoint     ] Total time for which application threads were stopped: 0.0018666 seconds, Stopping threads took: 0.0007021 seconds
[2023-12-02T16:38:00.450+0000][3951.523s][debug][safepoint     ] Safepoint synchronization initiated. (208 threads)
[2023-12-02T16:38:00.451+0000][3951.523s][info ][safepoint     ] Application time: 1.0008273 seconds
[2023-12-02T16:38:00.451+0000][3951.524s][info ][safepoint     ] Entering safepoint region: Cleanup
[2023-12-02T16:38:00.452+0000][3951.525s][info ][safepoint     ] Leaving safepoint region
[2023-12-02T16:38:00.452+0000][3951.525s][info ][safepoint     ] Total time for which application threads were stopped: 0.0011017 seconds, Stopping threads took: 0.0004794 seconds
[2023-12-02T16:38:01.453+0000][3952.526s][debug][safepoint     ] Safepoint synchronization initiated. (208 threads)
[2023-12-02T16:38:01.454+0000][3952.527s][info ][safepoint     ] Application time: 1.0012744 seconds
[2023-12-02T16:38:01.455+0000][3952.527s][info ][safepoint     ] Entering safepoint region: Cleanup
[2023-12-02T16:38:01.456+0000][3952.528s][info ][safepoint     ] Leaving safepoint region
[2023-12-02T16:38:01.456+0000][3952.529s][info ][safepoint     ] Total time for which application threads were stopped: 0.0016453 seconds, Stopping threads took: 0.0006082 seconds
[2023-12-02T16:38:02.457+0000][3953.530s][debug][safepoint     ] Safepoint synchronization initiated. (208 threads)
[2023-12-02T16:38:02.458+0000][3953.530s][info ][safepoint     ] Application time: 1.0008994 seconds
[2023-12-02T16:38:02.458+0000][3953.531s][info ][safepoint     ] Entering safepoint region: Cleanup
[2023-12-02T16:38:02.459+0000][3953.532s][info ][safepoint     ] Leaving safepoint region
[2023-12-02T16:38:02.460+0000][3953.532s][info ][safepoint     ] Total time for which application threads were stopped: 0.0014179 seconds, Stopping threads took: 0.0006948 seconds
[2023-12-02T16:38:02.459+0000][3953.532s][debug][safepoint     ] ... found polling page return exception at pc = 0x00007f43fc9de0c4, stub =0x00007f43f4840600
[2023-12-02T16:38:02.459+0000][3953.532s][debug][safepoint     ] ... found polling page return exception at pc = 0x00007f43fc9de0c4, stub =0x00007f43f4840600
[2023-12-02T16:38:02.459+0000][3953.532s][debug][safepoint     ] ... found polling page return exception at pc = 0x00007f43fc9de0c4, stub =0x00007f43f4840600
[2023-12-02T16:38:02.459+0000][3953.532s][debug][safepoint     ] ... found polling page return exception at pc = 0x00007f43fc9de0c4, stub =0x00007f43f4840600
[2023-12-02T16:38:02.460+0000][3953.532s][debug][safepoint     ] ... found polling page return exception at pc = 0x00007f43fc9de0c4, stub =0x00007f43f4840600
[2023-12-02T16:38:02.459+0000][3953.532s][debug][safepoint     ] ... found polling page return exception at pc = 0x00007f43fc9de0c4, stub =0x00007f43f4840600
[2023-12-02T16:38:03.461+0000][3954.533s][debug][safepoint     ] Safepoint synchronization initiated. (208 threads)
[2023-12-02T16:38:03.461+0000][3954.534s][info ][safepoint     ] Application time: 1.0009754 seconds
[2023-12-02T16:38:03.462+0000][3954.534s][info ][safepoint     ] Entering safepoint region: Cleanup
[2023-12-02T16:38:03.463+0000][3954.535s][info ][safepoint     ] Leaving safepoint region
[2023-12-02T16:38:03.463+0000][3954.536s][info ][safepoint     ] Total time for which application threads were stopped: 0.0013704 seconds, Stopping threads took: 0.0005380 seconds
[2023-12-02T16:38:04.464+0000][3955.537s][debug][safepoint     ] Safepoint synchronization initiated. (208 threads)
[2023-12-02T16:38:04.465+0000][3955.538s][info ][safepoint     ] Application time: 1.0013663 seconds
[2023-12-02T16:38:04.466+0000][3955.539s][info ][safepoint     ] Entering safepoint region: Cleanup
[2023-12-02T16:38:04.467+0000][3955.540s][info ][safepoint     ] Leaving safepoint region
[2023-12-02T16:38:04.468+0000][3955.540s][info ][safepoint     ] Total time for which application threads were stopped: 0.0016342 seconds, Stopping threads took: 0.0007150 seconds
[2023-12-02T16:38:05.468+0000][3956.541s][debug][safepoint     ] Safepoint synchronization initiated. (208 threads)
[2023-12-02T16:38:05.469+0000][3956.541s][info ][safepoint     ] Application time: 1.0006954 seconds
[2023-12-02T16:38:05.470+0000][3956.542s][info ][safepoint     ] Entering safepoint region: Cleanup
[2023-12-02T16:38:05.471+0000][3956.544s][info ][safepoint     ] Leaving safepoint region
[2023-12-02T16:38:05.471+0000][3956.544s][info ][safepoint     ] Total time for which application threads were stopped: 0.0019568 seconds, Stopping threads took: 0.0016315 seconds
[2023-12-02T16:38:06.472+0000][3957.544s][debug][safepoint     ] Safepoint synchronization initiated. (208 threads)
[2023-12-02T16:38:06.472+0000][3957.545s][info ][safepoint     ] Application time: 1.0004484 seconds
[2023-12-02T16:38:06.472+0000][3957.545s][info ][safepoint     ] Entering safepoint region: Cleanup
[2023-12-02T16:38:06.473+0000][3957.545s][info ][safepoint     ] Leaving safepoint region
[2023-12-02T16:38:06.473+0000][3957.545s][info ][safepoint     ] Total time for which application threads were stopped: 0.0005467 seconds, Stopping threads took: 0.0001901 seconds
[2023-12-02T16:38:07.473+0000][3958.546s][debug][safepoint     ] Safepoint synchronization initiated. (208 threads)
[2023-12-02T16:38:07.474+0000][3958.547s][info ][safepoint     ] Application time: 1.0013087 seconds
[2023-12-02T16:38:07.474+0000][3958.547s][info ][safepoint     ] Entering safepoint region: Cleanup
[2023-12-02T16:38:07.475+0000][3958.548s][info ][safepoint     ] Leaving safepoint region
[2023-12-02T16:38:07.475+0000][3958.548s][info ][safepoint     ] Total time for which application threads were stopped: 0.0008297 seconds, Stopping threads took: 0.0003821 seconds
[2023-12-02T16:38:08.476+0000][3959.548s][debug][safepoint     ] Safepoint synchronization initiated. (208 threads)
[2023-12-02T16:38:08.476+0000][3959.549s][info ][safepoint     ] Application time: 1.0007159 seconds
[2023-12-02T16:38:08.477+0000][3959.549s][info ][safepoint     ] Entering safepoint region: Cleanup
[2023-12-02T16:38:08.477+0000][3959.550s][info ][safepoint     ] Leaving safepoint region
[2023-12-02T16:38:08.478+0000][3959.550s][info ][safepoint     ] Total time for which application threads were stopped: 0.0010162 seconds, Stopping threads took: 0.0003819 seconds
[2023-12-02T16:38:09.478+0000][3960.551s][debug][safepoint     ] Safepoint synchronization initiated. (208 threads)
[2023-12-02T16:38:09.479+0000][3960.551s][info ][safepoint     ] Application time: 1.0008738 seconds
[2023-12-02T16:38:09.479+0000][3960.552s][info ][safepoint     ] Entering safepoint region: Cleanup
[2023-12-02T16:38:09.480+0000][3960.553s][info ][safepoint     ] Leaving safepoint region
[2023-12-02T16:38:09.481+0000][3960.553s][info ][safepoint     ] Total time for which application threads were stopped: 0.0011923 seconds, Stopping threads took: 0.0006014 seconds
[2023-12-02T16:38:10.481+0000][3961.554s][debug][safepoint     ] Safepoint synchronization initiated. (208 threads)
[2023-12-02T16:38:10.482+0000][3961.555s][info ][safepoint     ] Application time: 1.0009686 seconds
[2023-12-02T16:38:10.483+0000][3961.555s][info ][safepoint     ] Entering safepoint region: Cleanup
[2023-12-02T16:38:10.484+0000][3961.556s][info ][safepoint     ] Leaving safepoint region
[2023-12-02T16:38:10.484+0000][3961.557s][info ][safepoint     ] Total time for which application threads were stopped: 0.0017640 seconds, Stopping threads took: 0.0006691 seconds
[2023-12-02T16:38:11.485+0000][3962.558s][debug][safepoint     ] Safepoint synchronization initiated. (208 threads)
[2023-12-02T16:38:11.487+0000][3962.559s][info ][safepoint     ] Application time: 1.0013909 seconds
[2023-12-02T16:38:11.487+0000][3962.560s][info ][safepoint     ] Entering safepoint region: Cleanup
[2023-12-02T16:38:11.488+0000][3962.561s][info ][safepoint     ] Leaving safepoint region
[2023-12-02T16:38:11.489+0000][3962.562s][info ][safepoint     ] Total time for which application threads were stopped: 0.0020273 seconds, Stopping threads took: 0.0007036 seconds
[2023-12-02T16:38:12.490+0000][3963.563s][debug][safepoint     ] Safepoint synchronization initiated. (208 threads)
[2023-12-02T16:38:12.491+0000][3963.564s][info ][safepoint     ] Application time: 1.0010192 seconds
[2023-12-02T16:38:12.492+0000][3963.565s][info ][safepoint     ] Entering safepoint region: Cleanup
[2023-12-02T16:38:12.493+0000][3963.566s][info ][safepoint     ] Leaving safepoint region
[2023-12-02T16:38:12.494+0000][3963.566s][info ][safepoint     ] Total time for which application threads were stopped: 0.0019870 seconds, Stopping threads took: 0.0009745 seconds
[2023-12-02T16:38:13.495+0000][3964.567s][debug][safepoint     ] Safepoint synchronization initiated. (208 threads)
[2023-12-02T16:38:13.495+0000][3964.568s][info ][safepoint     ] Application time: 1.0006639 seconds
[2023-12-02T16:38:13.495+0000][3964.568s][info ][safepoint     ] Entering safepoint region: Cleanup
[2023-12-02T16:38:13.496+0000][3964.569s][info ][safepoint     ] Leaving safepoint region
[2023-12-02T16:38:13.496+0000][3964.569s][info ][safepoint     ] Total time for which application threads were stopped: 0.0011250 seconds, Stopping threads took: 0.0003282 seconds
[2023-12-02T16:38:14.497+0000][3965.570s][debug][safepoint     ] Safepoint synchronization initiated. (208 threads)
[2023-12-02T16:38:14.498+0000][3965.570s][info ][safepoint     ] Application time: 1.0010289 seconds
[2023-12-02T16:38:14.499+0000][3965.571s][info ][safepoint     ] Entering safepoint region: Cleanup
[2023-12-02T16:38:14.499+0000][3965.572s][info ][safepoint     ] Leaving safepoint region
[2023-12-02T16:38:14.500+0000][3965.572s][info ][safepoint     ] Total time for which application threads were stopped: 0.0014155 seconds, Stopping threads took: 0.0005358 seconds
[2023-12-02T16:38:15.501+0000][3966.573s][debug][safepoint     ] Safepoint synchronization initiated. (208 threads)
[2023-12-02T16:38:15.501+0000][3966.574s][info ][safepoint     ] Application time: 1.0006831 seconds
[2023-12-02T16:38:15.502+0000][3966.574s][info ][safepoint     ] Entering safepoint region: Cleanup
[2023-12-02T16:38:15.502+0000][3966.575s][info ][safepoint     ] Leaving safepoint region
[2023-12-02T16:38:15.503+0000][3966.575s][info ][safepoint     ] Total time for which application threads were stopped: 0.0008581 seconds, Stopping threads took: 0.0003492 seconds
[2023-12-02T16:38:16.503+0000][3967.576s][debug][safepoint     ] Safepoint synchronization initiated. (208 threads)
[2023-12-02T16:38:16.504+0000][3967.576s][info ][safepoint     ] Application time: 1.0008876 seconds
[2023-12-02T16:38:16.504+0000][3967.577s][info ][safepoint     ] Entering safepoint region: Cleanup
[2023-12-02T16:38:16.505+0000][3967.577s][info ][safepoint     ] Leaving safepoint region
[2023-12-02T16:38:16.505+0000][3967.578s][info ][safepoint     ] Total time for which application threads were stopped: 0.0010523 seconds, Stopping threads took: 0.0005100 seconds
[2023-12-02T16:38:17.506+0000][3968.578s][debug][safepoint     ] Safepoint synchronization initiated. (208 threads)
[2023-12-02T16:38:17.506+0000][3968.579s][info ][safepoint     ] Application time: 1.0008573 seconds
[2023-12-02T16:38:17.507+0000][3968.580s][info ][safepoint     ] Entering safepoint region: Cleanup
[2023-12-02T16:38:17.508+0000][3968.580s][info ][safepoint     ] Leaving safepoint region
[2023-12-02T16:38:17.508+0000][3968.581s][info ][safepoint     ] Total time for which application threads were stopped: 0.0012165 seconds, Stopping threads took: 0.0005639 seconds
[2023-12-02T16:38:18.509+0000][3969.581s][debug][safepoint     ] Safepoint synchronization initiated. (208 threads)
[2023-12-02T16:38:18.510+0000][3969.582s][info ][safepoint     ] Application time: 1.0013758 seconds
[2023-12-02T16:38:18.511+0000][3969.583s][info ][safepoint     ] Entering safepoint region: Cleanup
[2023-12-02T16:38:18.512+0000][3969.585s][info ][safepoint     ] Leaving safepoint region
[2023-12-02T16:38:18.513+0000][3969.586s][info ][safepoint     ] Total time for which application threads were stopped: 0.0021800 seconds, Stopping threads took: 0.0009346 seconds
[2023-12-02T16:38:19.514+0000][3970.587s][debug][safepoint     ] Safepoint synchronization initiated. (208 threads)
[2023-12-02T16:38:19.515+0000][3970.588s][info ][safepoint     ] Application time: 1.0012816 seconds
[2023-12-02T16:38:19.516+0000][3970.588s][info ][safepoint     ] Entering safepoint region: Cleanup
[2023-12-02T16:38:19.517+0000][3970.590s][info ][safepoint     ] Leaving safepoint region
[2023-12-02T16:38:19.518+0000][3970.590s][info ][safepoint     ] Total time for which application threads were stopped: 0.0020662 seconds, Stopping threads took: 0.0008241 seconds
[2023-12-02T16:38:20.519+0000][3971.592s][debug][safepoint     ] Safepoint synchronization initiated. (208 threads)
[2023-12-02T16:38:20.520+0000][3971.593s][info ][safepoint     ] Application time: 1.0015336 seconds
[2023-12-02T16:38:20.521+0000][3971.594s][info ][safepoint     ] Entering safepoint region: Cleanup
[2023-12-02T16:38:20.522+0000][3971.595s][info ][safepoint     ] Leaving safepoint region
[2023-12-02T16:38:20.523+0000][3971.595s][info ][safepoint     ] Total time for which application threads were stopped: 0.0017919 seconds, Stopping threads took: 0.0008042 seconds
[2023-12-02T16:38:21.524+0000][3972.596s][debug][safepoint     ] Safepoint synchronization initiated. (208 threads)
[2023-12-02T16:38:21.524+0000][3972.597s][info ][safepoint     ] Application time: 1.0010144 seconds
[2023-12-02T16:38:21.525+0000][3972.598s][info ][safepoint     ] Entering safepoint region: Cleanup
[2023-12-02T16:38:21.526+0000][3972.599s][info ][safepoint     ] Leaving safepoint region
[2023-12-02T16:38:21.527+0000][3972.599s][info ][safepoint     ] Total time for which application threads were stopped: 0.0015502 seconds, Stopping threads took: 0.0006292 seconds
[2023-12-02T16:38:22.527+0000][3973.600s][debug][safepoint     ] Safepoint synchronization initiated. (208 threads)
[2023-12-02T16:38:22.528+0000][3973.601s][info ][safepoint     ] Application time: 1.0010376 seconds
[2023-12-02T16:38:22.529+0000][3973.602s][info ][safepoint     ] Entering safepoint region: Cleanup
[2023-12-02T16:38:22.530+0000][3973.603s][info ][safepoint     ] Leaving safepoint region
[2023-12-02T16:38:22.531+0000][3973.603s][info ][safepoint     ] Total time for which application threads were stopped: 0.0018700 seconds, Stopping threads took: 0.0007686 seconds
[2023-12-02T16:38:23.532+0000][3974.604s][debug][safepoint     ] Safepoint synchronization initiated. (208 threads)
[2023-12-02T16:38:23.533+0000][3974.605s][info ][safepoint     ] Application time: 1.0012461 seconds
[2023-12-02T16:38:23.534+0000][3974.606s][info ][safepoint     ] Entering safepoint region: Cleanup
[2023-12-02T16:38:23.535+0000][3974.607s][info ][safepoint     ] Leaving safepoint region
[2023-12-02T16:38:23.535+0000][3974.608s][info ][safepoint     ] Total time for which application threads were stopped: 0.0018121 seconds, Stopping threads took: 0.0005989 seconds
[2023-12-02T16:38:24.537+0000][3975.609s][debug][safepoint     ] Safepoint synchronization initiated. (208 threads)
[2023-12-02T16:38:24.537+0000][3975.610s][info ][safepoint     ] Application time: 1.0012035 seconds
[2023-12-02T16:38:24.538+0000][3975.610s][info ][safepoint     ] Entering safepoint region: Cleanup
[2023-12-02T16:38:24.539+0000][3975.611s][info ][safepoint     ] Leaving safepoint region
[2023-12-02T16:38:24.540+0000][3975.612s][info ][safepoint     ] Total time for which application threads were stopped: 0.0017590 seconds, Stopping threads took: 0.0006934 seconds
[2023-12-02T16:38:25.540+0000][3976.613s][debug][safepoint     ] Safepoint synchronization initiated. (208 threads)
[2023-12-02T16:38:25.541+0000][3976.613s][info ][safepoint     ] Application time: 1.0006453 seconds
[2023-12-02T16:38:25.541+0000][3976.614s][info ][safepoint     ] Entering safepoint region: Cleanup
[2023-12-02T16:38:25.542+0000][3976.614s][info ][safepoint     ] Leaving safepoint region
[2023-12-02T16:38:25.542+0000][3976.614s][info ][safepoint     ] Total time for which application threads were stopped: 0.0007163 seconds, Stopping threads took: 0.0002638 seconds
[2023-12-02T16:38:26.542+0000][3977.615s][debug][safepoint     ] Safepoint synchronization initiated. (208 threads)
[2023-12-02T16:38:26.543+0000][3977.616s][info ][safepoint     ] Application time: 1.0011379 seconds
[2023-12-02T16:38:26.544+0000][3977.617s][info ][safepoint     ] Entering safepoint region: Cleanup
[2023-12-02T16:38:26.545+0000][3977.618s][info ][safepoint     ] Leaving safepoint region
[2023-12-02T16:38:26.546+0000][3977.619s][info ][safepoint     ] Total time for which application threads were stopped: 0.0020082 seconds, Stopping threads took: 0.0007970 seconds
[2023-12-02T16:38:27.547+0000][3978.619s][debug][safepoint     ] Safepoint synchronization initiated. (208 threads)
[2023-12-02T16:38:27.548+0000][3978.620s][info ][safepoint     ] Application time: 1.0011071 seconds
[2023-12-02T16:38:27.549+0000][3978.621s][info ][safepoint     ] Entering safepoint region: Cleanup
[2023-12-02T16:38:27.550+0000][3978.622s][info ][safepoint     ] Leaving safepoint region
[2023-12-02T16:38:27.550+0000][3978.623s][info ][safepoint     ] Total time for which application threads were stopped: 0.0018980 seconds, Stopping threads took: 0.0008327 seconds
[2023-12-02T16:38:28.551+0000][3979.624s][debug][safepoint     ] Safepoint synchronization initiated. (208 threads)
[2023-12-02T16:38:28.552+0000][3979.624s][info ][safepoint     ] Application time: 1.0009471 seconds
[2023-12-02T16:38:28.553+0000][3979.625s][info ][safepoint     ] Entering safepoint region: Cleanup
[2023-12-02T16:38:28.554+0000][3979.626s][info ][safepoint     ] Leaving safepoint region
[2023-12-02T16:38:28.554+0000][3979.627s][info ][safepoint     ] Total time for which application threads were stopped: 0.0016500 seconds, Stopping threads took: 0.0006741 seconds
[2023-12-02T16:38:29.555+0000][3980.628s][debug][safepoint     ] Safepoint synchronization initiated. (208 threads)
[2023-12-02T16:38:29.556+0000][3980.628s][info ][safepoint     ] Application time: 1.0007887 seconds
[2023-12-02T16:38:29.556+0000][3980.629s][info ][safepoint     ] Entering safepoint region: Cleanup
[2023-12-02T16:38:29.557+0000][3980.629s][info ][safepoint     ] Leaving safepoint region
[2023-12-02T16:38:29.557+0000][3980.630s][info ][safepoint     ] Total time for which application threads were stopped: 0.0012529 seconds, Stopping threads took: 0.0005542 seconds
[2023-12-02T16:38:30.558+0000][3981.631s][debug][safepoint     ] Safepoint synchronization initiated. (208 threads)
[2023-12-02T16:38:30.559+0000][3981.631s][info ][safepoint     ] Application time: 1.0010262 seconds
[2023-12-02T16:38:30.560+0000][3981.632s][info ][safepoint     ] Entering safepoint region: Cleanup
[2023-12-02T16:38:30.561+0000][3981.633s][info ][safepoint     ] Leaving safepoint region
[2023-12-02T16:38:30.561+0000][3981.634s][info ][safepoint     ] Total time for which application threads were stopped: 0.0015477 seconds, Stopping threads took: 0.0007056 seconds
[2023-12-02T16:38:31.562+0000][3982.634s][debug][safepoint     ] Safepoint synchronization initiated. (208 threads)
[2023-12-02T16:38:31.563+0000][3982.635s][info ][safepoint     ] Application time: 1.0008843 seconds
[2023-12-02T16:38:31.563+0000][3982.636s][info ][safepoint     ] Entering safepoint region: Cleanup
[2023-12-02T16:38:31.564+0000][3982.637s][info ][safepoint     ] Leaving safepoint region
[2023-12-02T16:38:31.565+0000][3982.637s][info ][safepoint     ] Total time for which application threads were stopped: 0.0017229 seconds, Stopping threads took: 0.0005608 seconds
[2023-12-02T16:38:32.566+0000][3983.638s][debug][safepoint     ] Safepoint synchronization initiated. (208 threads)
[2023-12-02T16:38:32.566+0000][3983.639s][info ][safepoint     ] Application time: 1.0005849 seconds
[2023-12-02T16:38:32.567+0000][3983.639s][info ][safepoint     ] Entering safepoint region: Cleanup
[2023-12-02T16:38:32.567+0000][3983.639s][info ][safepoint     ] Leaving safepoint region
[2023-12-02T16:38:32.567+0000][3983.640s][info ][safepoint     ] Total time for which application threads were stopped: 0.0008056 seconds, Stopping threads took: 0.0002980 seconds
[2023-12-02T16:38:33.568+0000][3984.640s][debug][safepoint     ] Safepoint synchronization initiated. (208 threads)
[2023-12-02T16:38:33.569+0000][3984.641s][info ][safepoint     ] Application time: 1.0010339 seconds
[2023-12-02T16:38:33.569+0000][3984.642s][info ][safepoint     ] Entering safepoint region: Cleanup
[2023-12-02T16:38:33.570+0000][3984.642s][info ][safepoint     ] Leaving safepoint region
[2023-12-02T16:38:33.570+0000][3984.643s][info ][safepoint     ] Total time for which application threads were stopped: 0.0012854 seconds, Stopping threads took: 0.0004758 seconds
[2023-12-02T16:38:34.571+0000][3985.644s][debug][safepoint     ] Safepoint synchronization initiated. (208 threads)
[2023-12-02T16:38:34.572+0000][3985.645s][info ][safepoint     ] Application time: 1.0013061 seconds
[2023-12-02T16:38:34.573+0000][3985.646s][info ][safepoint     ] Entering safepoint region: Cleanup
[2023-12-02T16:38:34.574+0000][3985.647s][info ][safepoint     ] Leaving safepoint region
[2023-12-02T16:38:34.575+0000][3985.648s][info ][safepoint     ] Total time for which application threads were stopped: 0.0019545 seconds, Stopping threads took: 0.0007917 seconds
[2023-12-02T16:38:35.576+0000][3986.649s][debug][safepoint     ] Safepoint synchronization initiated. (208 threads)
[2023-12-02T16:38:35.577+0000][3986.650s][info ][safepoint     ] Application time: 1.0013394 seconds
[2023-12-02T16:38:35.578+0000][3986.650s][info ][safepoint     ] Entering safepoint region: Cleanup
[2023-12-02T16:38:35.579+0000][3986.652s][info ][safepoint     ] Leaving safepoint region
[2023-12-02T16:38:35.580+0000][3986.652s][info ][safepoint     ] Total time for which application threads were stopped: 0.0018384 seconds, Stopping threads took: 0.0008869 seconds
[2023-12-02T16:38:36.581+0000][3987.653s][debug][safepoint     ] Safepoint synchronization initiated. (208 threads)
[2023-12-02T16:38:36.582+0000][3987.654s][info ][safepoint     ] Application time: 1.0014329 seconds
[2023-12-02T16:38:36.583+0000][3987.655s][info ][safepoint     ] Entering safepoint region: Cleanup
[2023-12-02T16:38:36.584+0000][3987.656s][info ][safepoint     ] Leaving safepoint region
[2023-12-02T16:38:36.584+0000][3987.657s][info ][safepoint     ] Total time for which application threads were stopped: 0.0018820 seconds, Stopping threads took: 0.0008688 seconds
[2023-12-02T16:38:37.585+0000][3988.658s][debug][safepoint     ] Safepoint synchronization initiated. (208 threads)
[2023-12-02T16:38:37.586+0000][3988.658s][info ][safepoint     ] Application time: 1.0005772 seconds
[2023-12-02T16:38:37.586+0000][3988.658s][info ][safepoint     ] Entering safepoint region: Cleanup
[2023-12-02T16:38:37.586+0000][3988.659s][info ][safepoint     ] Leaving safepoint region
[2023-12-02T16:38:37.586+0000][3988.659s][info ][safepoint     ] Total time for which application threads were stopped: 0.0006624 seconds, Stopping threads took: 0.0002546 seconds
[2023-12-02T16:38:38.587+0000][3989.660s][debug][safepoint     ] Safepoint synchronization initiated. (208 threads)
[2023-12-02T16:38:38.588+0000][3989.660s][info ][safepoint     ] Application time: 1.0011628 seconds
[2023-12-02T16:38:38.589+0000][3989.661s][info ][safepoint     ] Entering safepoint region: Cleanup
[2023-12-02T16:38:38.590+0000][3989.663s][info ][safepoint     ] Leaving safepoint region
[2023-12-02T16:38:38.591+0000][3989.664s][info ][safepoint     ] Total time for which application threads were stopped: 0.0022202 seconds, Stopping threads took: 0.0009195 seconds
[2023-12-02T16:38:39.592+0000][3990.665s][debug][safepoint     ] Safepoint synchronization initiated. (208 threads)
[2023-12-02T16:38:39.593+0000][3990.665s][info ][safepoint     ] Application time: 1.0011553 seconds
[2023-12-02T16:38:39.594+0000][3990.666s][info ][safepoint     ] Entering safepoint region: Cleanup
[2023-12-02T16:38:39.595+0000][3990.667s][info ][safepoint     ] Leaving safepoint region
[2023-12-02T16:38:39.595+0000][3990.668s][info ][safepoint     ] Total time for which application threads were stopped: 0.0016975 seconds, Stopping threads took: 0.0007860 seconds
[2023-12-02T16:38:40.596+0000][3991.669s][debug][safepoint     ] Safepoint synchronization initiated. (208 threads)
[2023-12-02T16:38:40.597+0000][3991.670s][info ][safepoint     ] Application time: 1.0012243 seconds
[2023-12-02T16:38:40.598+0000][3991.670s][info ][safepoint     ] Entering safepoint region: Cleanup
[2023-12-02T16:38:40.599+0000][3991.672s][info ][safepoint     ] Leaving safepoint region
[2023-12-02T16:38:40.600+0000][3991.672s][info ][safepoint     ] Total time for which application threads were stopped: 0.0018262 seconds, Stopping threads took: 0.0007005 seconds
[2023-12-02T16:38:41.601+0000][3992.673s][debug][safepoint     ] Safepoint synchronization initiated. (208 threads)
[2023-12-02T16:38:41.601+0000][3992.674s][info ][safepoint     ] Application time: 1.0009521 seconds
[2023-12-02T16:38:41.602+0000][3992.674s][info ][safepoint     ] Entering safepoint region: Cleanup
[2023-12-02T16:38:41.603+0000][3992.675s][info ][safepoint     ] Leaving safepoint region
[2023-12-02T16:38:41.603+0000][3992.675s][info ][safepoint     ] Total time for which application threads were stopped: 0.0010696 seconds, Stopping threads took: 0.0005521 seconds
[2023-12-02T16:38:42.604+0000][3993.676s][debug][safepoint     ] Safepoint synchronization initiated. (208 threads)
[2023-12-02T16:38:42.604+0000][3993.677s][info ][safepoint     ] Application time: 1.0007743 seconds
[2023-12-02T16:38:42.605+0000][3993.677s][info ][safepoint     ] Entering safepoint region: Cleanup
[2023-12-02T16:38:42.605+0000][3993.678s][info ][safepoint     ] Leaving safepoint region
[2023-12-02T16:38:42.606+0000][3993.678s][info ][safepoint     ] Total time for which application threads were stopped: 0.0010156 seconds, Stopping threads took: 0.0005252 seconds
[2023-12-02T16:38:43.606+0000][3994.679s][debug][safepoint     ] Safepoint synchronization initiated. (208 threads)
[2023-12-02T16:38:43.607+0000][3994.679s][info ][safepoint     ] Application time: 1.0008004 seconds
[2023-12-02T16:38:43.608+0000][3994.680s][info ][safepoint     ] Entering safepoint region: Cleanup
[2023-12-02T16:38:43.609+0000][3994.681s][info ][safepoint     ] Leaving safepoint region
[2023-12-02T16:38:43.609+0000][3994.681s][info ][safepoint     ] Total time for which application threads were stopped: 0.0015090 seconds, Stopping threads took: 0.0010503 seconds
[2023-12-02T16:38:44.609+0000][3995.682s][debug][safepoint     ] Safepoint synchronization initiated. (208 threads)
[2023-12-02T16:38:44.610+0000][3995.683s][info ][safepoint     ] Application time: 1.0010984 seconds
[2023-12-02T16:38:44.611+0000][3995.683s][info ][safepoint     ] Entering safepoint region: Cleanup
[2023-12-02T16:38:44.611+0000][3995.684s][info ][safepoint     ] Leaving safepoint region
[2023-12-02T16:38:44.612+0000][3995.684s][info ][safepoint     ] Total time for which application threads were stopped: 0.0011624 seconds, Stopping threads took: 0.0004979 seconds
[2023-12-02T16:38:45.613+0000][3996.685s][debug][safepoint     ] Safepoint synchronization initiated. (208 threads)
[2023-12-02T16:38:45.613+0000][3996.686s][info ][safepoint     ] Application time: 1.0008476 seconds
[2023-12-02T16:38:45.614+0000][3996.686s][info ][safepoint     ] Entering safepoint region: Cleanup
[2023-12-02T16:38:45.614+0000][3996.687s][info ][safepoint     ] Leaving safepoint region
[2023-12-02T16:38:45.615+0000][3996.687s][info ][safepoint     ] Total time for which application threads were stopped: 0.0011084 seconds, Stopping threads took: 0.0005088 seconds
[2023-12-02T16:38:46.615+0000][3997.688s][debug][safepoint     ] Safepoint synchronization initiated. (208 threads)
[2023-12-02T16:38:46.616+0000][3997.689s][info ][safepoint     ] Application time: 1.0013010 seconds
[2023-12-02T16:38:46.617+0000][3997.690s][info ][safepoint     ] Entering safepoint region: Cleanup
[2023-12-02T16:38:46.618+0000][3997.691s][info ][safepoint     ] Leaving safepoint region
[2023-12-02T16:38:46.619+0000][3997.691s][info ][safepoint     ] Total time for which application threads were stopped: 0.0017810 seconds, Stopping threads took: 0.0007935 seconds
[2023-12-02T16:38:47.620+0000][3998.692s][debug][safepoint     ] Safepoint synchronization initiated. (208 threads)
[2023-12-02T16:38:47.621+0000][3998.693s][info ][safepoint     ] Application time: 1.0008963 seconds
[2023-12-02T16:38:47.621+0000][3998.694s][info ][safepoint     ] Entering safepoint region: Cleanup
[2023-12-02T16:38:47.622+0000][3998.694s][info ][safepoint     ] Leaving safepoint region
[2023-12-02T16:38:47.622+0000][3998.695s][info ][safepoint     ] Total time for which application threads were stopped: 0.0012222 seconds, Stopping threads took: 0.0005481 seconds
[2023-12-02T16:38:48.623+0000][3999.695s][debug][safepoint     ] Safepoint synchronization initiated. (208 threads)
[2023-12-02T16:38:48.624+0000][3999.696s][info ][safepoint     ] Application time: 1.0012909 seconds
[2023-12-02T16:38:48.625+0000][3999.697s][info ][safepoint     ] Entering safepoint region: Cleanup
[2023-12-02T16:38:48.626+0000][3999.699s][info ][safepoint     ] Leaving safepoint region
[2023-12-02T16:38:48.627+0000][3999.699s][info ][safepoint     ] Total time for which application threads were stopped: 0.0021212 seconds, Stopping threads took: 0.0009156 seconds
[2023-12-02T16:38:48.626+0000][3999.699s][debug][safepoint     ] ... found polling page return exception at pc = 0x00007f43fc9de0c4, stub =0x00007f43f4840600
[2023-12-02T16:38:49.628+0000][4000.700s][debug][safepoint     ] Safepoint synchronization initiated. (208 threads)
[2023-12-02T16:38:49.628+0000][4000.700s][info ][safepoint     ] Application time: 1.0004170 seconds
[2023-12-02T16:38:49.628+0000][4000.701s][info ][safepoint     ] Entering safepoint region: Cleanup
[2023-12-02T16:38:49.628+0000][4000.701s][info ][safepoint     ] Leaving safepoint region
[2023-12-02T16:38:49.629+0000][4000.701s][info ][safepoint     ] Total time for which application threads were stopped: 0.0005841 seconds, Stopping threads took: 0.0002184 seconds
[2023-12-02T16:38:50.629+0000][4001.701s][debug][safepoint     ] Safepoint synchronization initiated. (208 threads)
[2023-12-02T16:38:50.629+0000][4001.702s][info ][safepoint     ] Application time: 1.0003557 seconds
[2023-12-02T16:38:50.629+0000][4001.702s][info ][safepoint     ] Entering safepoint region: Cleanup
[2023-12-02T16:38:50.630+0000][4001.702s][info ][safepoint     ] Leaving safepoint region
[2023-12-02T16:38:50.630+0000][4001.702s][info ][safepoint     ] Total time for which application threads were stopped: 0.0005651 seconds, Stopping threads took: 0.0001941 seconds
[2023-12-02T16:38:51.630+0000][4002.703s][debug][safepoint     ] Safepoint synchronization initiated. (208 threads)
[2023-12-02T16:38:51.631+0000][4002.703s][info ][safepoint     ] Application time: 1.0004558 seconds
[2023-12-02T16:38:51.631+0000][4002.703s][info ][safepoint     ] Entering safepoint region: Cleanup
[2023-12-02T16:38:51.631+0000][4002.704s][info ][safepoint     ] Leaving safepoint region
[2023-12-02T16:38:51.631+0000][4002.704s][info ][safepoint     ] Total time for which application threads were stopped: 0.0006351 seconds, Stopping threads took: 0.0002066 seconds
[2023-12-02T16:38:52.632+0000][4003.704s][debug][safepoint     ] Safepoint synchronization initiated. (208 threads)
[2023-12-02T16:38:52.633+0000][4003.705s][info ][safepoint     ] Application time: 1.0010823 seconds
[2023-12-02T16:38:52.633+0000][4003.706s][info ][safepoint     ] Entering safepoint region: Cleanup
[2023-12-02T16:38:52.634+0000][4003.707s][info ][safepoint     ] Leaving safepoint region
[2023-12-02T16:38:52.635+0000][4003.707s][info ][safepoint     ] Total time for which application threads were stopped: 0.0015422 seconds, Stopping threads took: 0.0006011 seconds
[2023-12-02T16:38:53.636+0000][4004.708s][debug][safepoint     ] Safepoint synchronization initiated. (208 threads)
[2023-12-02T16:38:53.637+0000][4004.709s][info ][safepoint     ] Application time: 1.0012988 seconds
[2023-12-02T16:38:53.638+0000][4004.710s][info ][safepoint     ] Entering safepoint region: Cleanup
[2023-12-02T16:38:53.639+0000][4004.711s][info ][safepoint     ] Leaving safepoint region
[2023-12-02T16:38:53.639+0000][4004.712s][info ][safepoint     ] Total time for which application threads were stopped: 0.0018113 seconds, Stopping threads took: 0.0006775 seconds
[2023-12-02T16:38:54.640+0000][4005.713s][debug][safepoint     ] Safepoint synchronization initiated. (208 threads)
[2023-12-02T16:38:54.641+0000][4005.713s][info ][safepoint     ] Application time: 1.0010277 seconds
[2023-12-02T16:38:54.642+0000][4005.714s][info ][safepoint     ] Entering safepoint region: Cleanup
[2023-12-02T16:38:54.642+0000][4005.715s][info ][safepoint     ] Leaving safepoint region
[2023-12-02T16:38:54.643+0000][4005.715s][info ][safepoint     ] Total time for which application threads were stopped: 0.0013424 seconds, Stopping threads took: 0.0006692 seconds
[2023-12-02T16:38:55.644+0000][4006.716s][debug][safepoint     ] Safepoint synchronization initiated. (208 threads)
[2023-12-02T16:38:55.644+0000][4006.717s][info ][safepoint     ] Application time: 1.0008441 seconds
[2023-12-02T16:38:55.645+0000][4006.717s][info ][safepoint     ] Entering safepoint region: Cleanup
[2023-12-02T16:38:55.645+0000][4006.718s][info ][safepoint     ] Leaving safepoint region
[2023-12-02T16:38:55.646+0000][4006.718s][info ][safepoint     ] Total time for which application threads were stopped: 0.0009618 seconds, Stopping threads took: 0.0004344 seconds
[2023-12-02T16:38:56.646+0000][4007.718s][debug][safepoint     ] Safepoint synchronization initiated. (208 threads)
[2023-12-02T16:38:56.646+0000][4007.719s][info ][safepoint     ] Application time: 1.0005119 seconds
[2023-12-02T16:38:56.647+0000][4007.719s][info ][safepoint     ] Entering safepoint region: Cleanup
[2023-12-02T16:38:56.647+0000][4007.720s][info ][safepoint     ] Leaving safepoint region
[2023-12-02T16:38:56.647+0000][4007.720s][info ][safepoint     ] Total time for which application threads were stopped: 0.0008027 seconds, Stopping threads took: 0.0002824 seconds
[2023-12-02T16:38:57.648+0000][4008.720s][debug][safepoint     ] Safepoint synchronization initiated. (208 threads)
[2023-12-02T16:38:57.649+0000][4008.721s][info ][safepoint     ] Application time: 1.0009985 seconds
[2023-12-02T16:38:57.650+0000][4008.722s][info ][safepoint     ] Entering safepoint region: Cleanup
[2023-12-02T16:38:57.651+0000][4008.723s][info ][safepoint     ] Leaving safepoint region
[2023-12-02T16:38:57.651+0000][4008.724s][info ][safepoint     ] Total time for which application threads were stopped: 0.0016901 seconds, Stopping threads took: 0.0007719 seconds
[2023-12-02T16:38:58.652+0000][4009.724s][debug][safepoint     ] Safepoint synchronization initiated. (208 threads)
[2023-12-02T16:38:58.652+0000][4009.725s][info ][safepoint     ] Application time: 1.0003972 seconds
[2023-12-02T16:38:58.652+0000][4009.725s][info ][safepoint     ] Entering safepoint region: Cleanup
[2023-12-02T16:38:58.653+0000][4009.725s][info ][safepoint     ] Leaving safepoint region
[2023-12-02T16:38:58.653+0000][4009.725s][info ][safepoint     ] Total time for which application threads were stopped: 0.0004858 seconds, Stopping threads took: 0.0001755 seconds
[2023-12-02T16:38:59.653+0000][4010.726s][debug][safepoint     ] Safepoint synchronization initiated. (208 threads)
[2023-12-02T16:38:59.654+0000][4010.726s][info ][safepoint     ] Application time: 1.0009080 seconds
[2023-12-02T16:38:59.654+0000][4010.727s][info ][safepoint     ] Entering safepoint region: Cleanup
[2023-12-02T16:38:59.655+0000][4010.727s][info ][safepoint     ] Leaving safepoint region
[2023-12-02T16:38:59.655+0000][4010.728s][info ][safepoint     ] Total time for which application threads were stopped: 0.0010099 seconds, Stopping threads took: 0.0004133 seconds
[2023-12-02T16:39:00.656+0000][4011.728s][debug][safepoint     ] Safepoint synchronization initiated. (208 threads)
[2023-12-02T16:39:00.657+0000][4011.729s][info ][safepoint     ] Application time: 1.0011071 seconds
[2023-12-02T16:39:00.657+0000][4011.730s][info ][safepoint     ] Entering safepoint region: Cleanup
[2023-12-02T16:39:00.658+0000][4011.731s][info ][safepoint     ] Leaving safepoint region
[2023-12-02T16:39:00.659+0000][4011.731s][info ][safepoint     ] Total time for which application threads were stopped: 0.0013132 seconds, Stopping threads took: 0.0004268 seconds
[2023-12-02T16:39:01.660+0000][4012.732s][debug][safepoint     ] Safepoint synchronization initiated. (208 threads)
[2023-12-02T16:39:01.660+0000][4012.732s][info ][safepoint     ] Application time: 1.0006590 seconds
[2023-12-02T16:39:01.660+0000][4012.733s][info ][safepoint     ] Entering safepoint region: Cleanup
[2023-12-02T16:39:01.661+0000][4012.733s][info ][safepoint     ] Leaving safepoint region
[2023-12-02T16:39:01.661+0000][4012.733s][info ][safepoint     ] Total time for which application threads were stopped: 0.0006609 seconds, Stopping threads took: 0.0002381 seconds
[2023-12-02T16:39:02.661+0000][4013.734s][debug][safepoint     ] Safepoint synchronization initiated. (208 threads)
[2023-12-02T16:39:02.662+0000][4013.734s][info ][safepoint     ] Application time: 1.0008721 seconds
[2023-12-02T16:39:02.662+0000][4013.735s][info ][safepoint     ] Entering safepoint region: Cleanup
[2023-12-02T16:39:02.663+0000][4013.735s][info ][safepoint     ] Leaving safepoint region
[2023-12-02T16:39:02.663+0000][4013.736s][info ][safepoint     ] Total time for which application threads were stopped: 0.0010893 seconds, Stopping threads took: 0.0005078 seconds
[2023-12-02T16:39:03.664+0000][4014.737s][debug][safepoint     ] Safepoint synchronization initiated. (208 threads)
[2023-12-02T16:39:03.665+0000][4014.737s][info ][safepoint     ] Application time: 1.0012336 seconds
[2023-12-02T16:39:03.666+0000][4014.738s][info ][safepoint     ] Entering safepoint region: Cleanup
[2023-12-02T16:39:03.667+0000][4014.739s][info ][safepoint     ] Leaving safepoint region
[2023-12-02T16:39:03.668+0000][4014.740s][info ][safepoint     ] Total time for which application threads were stopped: 0.0017902 seconds, Stopping threads took: 0.0007575 seconds
[2023-12-02T16:39:04.668+0000][4015.741s][debug][safepoint     ] Safepoint synchronization initiated. (208 threads)
[2023-12-02T16:39:04.669+0000][4015.742s][info ][safepoint     ] Application time: 1.0012333 seconds
[2023-12-02T16:39:04.670+0000][4015.743s][info ][safepoint     ] Entering safepoint region: Cleanup
[2023-12-02T16:39:04.671+0000][4015.744s][info ][safepoint     ] Leaving safepoint region
[2023-12-02T16:39:04.672+0000][4015.744s][info ][safepoint     ] Total time for which application threads were stopped: 0.0017034 seconds, Stopping threads took: 0.0006550 seconds
[2023-12-02T16:39:05.672+0000][4016.745s][debug][safepoint     ] Safepoint synchronization initiated. (208 threads)
[2023-12-02T16:39:05.673+0000][4016.745s][info ][safepoint     ] Application time: 1.0005440 seconds
[2023-12-02T16:39:05.673+0000][4016.746s][info ][safepoint     ] Entering safepoint region: Cleanup
[2023-12-02T16:39:05.674+0000][4016.746s][info ][safepoint     ] Leaving safepoint region
[2023-12-02T16:39:05.674+0000][4016.746s][info ][safepoint     ] Total time for which application threads were stopped: 0.0006797 seconds, Stopping threads took: 0.0002944 seconds
[2023-12-02T16:39:06.674+0000][4017.747s][debug][safepoint     ] Safepoint synchronization initiated. (208 threads)
[2023-12-02T16:39:06.675+0000][4017.747s][info ][safepoint     ] Application time: 1.0008161 seconds
[2023-12-02T16:39:06.676+0000][4017.748s][info ][safepoint     ] Entering safepoint region: Cleanup
[2023-12-02T16:39:06.677+0000][4017.749s][info ][safepoint     ] Leaving safepoint region
[2023-12-02T16:39:06.677+0000][4017.749s][info ][safepoint     ] Total time for which application threads were stopped: 0.0012687 seconds, Stopping threads took: 0.0006448 seconds
[2023-12-02T16:39:07.678+0000][4018.750s][debug][safepoint     ] Safepoint synchronization initiated. (208 threads)
[2023-12-02T16:39:07.679+0000][4018.751s][info ][safepoint     ] Application time: 1.0013543 seconds
[2023-12-02T16:39:07.679+0000][4018.751s][info ][safepoint     ] Entering safepoint region: Cleanup
[2023-12-02T16:39:07.679+0000][4018.752s][info ][safepoint     ] Leaving safepoint region
[2023-12-02T16:39:07.680+0000][4018.752s][info ][safepoint     ] Total time for which application threads were stopped: 0.0007370 seconds, Stopping threads took: 0.0002544 seconds
[2023-12-02T16:39:08.680+0000][4019.753s][debug][safepoint     ] Safepoint synchronization initiated. (208 threads)
[2023-12-02T16:39:08.681+0000][4019.753s][info ][safepoint     ] Application time: 1.0009631 seconds
[2023-12-02T16:39:08.681+0000][4019.753s][info ][safepoint     ] Entering safepoint region: Cleanup
[2023-12-02T16:39:08.681+0000][4019.754s][info ][safepoint     ] Leaving safepoint region
[2023-12-02T16:39:08.682+0000][4019.754s][info ][safepoint     ] Total time for which application threads were stopped: 0.0006984 seconds, Stopping threads took: 0.0002378 seconds
[2023-12-02T16:39:09.682+0000][4020.755s][debug][safepoint     ] Safepoint synchronization initiated. (208 threads)
[2023-12-02T16:39:09.682+0000][4020.755s][info ][safepoint     ] Application time: 1.0005472 seconds
[2023-12-02T16:39:09.683+0000][4020.755s][info ][safepoint     ] Entering safepoint region: Cleanup
[2023-12-02T16:39:09.683+0000][4020.756s][info ][safepoint     ] Leaving safepoint region
[2023-12-02T16:39:09.683+0000][4020.756s][info ][safepoint     ] Total time for which application threads were stopped: 0.0007017 seconds, Stopping threads took: 0.0002407 seconds
[2023-12-02T16:39:10.684+0000][4021.756s][debug][safepoint     ] Safepoint synchronization initiated. (208 threads)
[2023-12-02T16:39:10.684+0000][4021.757s][info ][safepoint     ] Application time: 1.0005810 seconds
[2023-12-02T16:39:10.685+0000][4021.757s][info ][safepoint     ] Entering safepoint region: Cleanup
[2023-12-02T16:39:10.686+0000][4021.758s][info ][safepoint     ] Leaving safepoint region
[2023-12-02T16:39:10.686+0000][4021.758s][info ][safepoint     ] Total time for which application threads were stopped: 0.0012411 seconds, Stopping threads took: 0.0005651 seconds
[2023-12-02T16:39:11.687+0000][4022.759s][debug][safepoint     ] Safepoint synchronization initiated. (208 threads)
[2023-12-02T16:39:11.688+0000][4022.760s][info ][safepoint     ] Application time: 1.0012319 seconds
[2023-12-02T16:39:11.689+0000][4022.761s][info ][safepoint     ] Entering safepoint region: Cleanup
[2023-12-02T16:39:11.690+0000][4022.762s][info ][safepoint     ] Leaving safepoint region
[2023-12-02T16:39:11.690+0000][4022.763s][info ][safepoint     ] Total time for which application threads were stopped: 0.0016902 seconds, Stopping threads took: 0.0007038 seconds
[2023-12-02T16:39:12.691+0000][4023.764s][debug][safepoint     ] Safepoint synchronization initiated. (208 threads)
[2023-12-02T16:39:12.692+0000][4023.764s][info ][safepoint     ] Application time: 1.0009147 seconds
[2023-12-02T16:39:12.693+0000][4023.765s][info ][safepoint     ] Entering safepoint region: Cleanup
[2023-12-02T16:39:12.693+0000][4023.766s][info ][safepoint     ] Leaving safepoint region
[2023-12-02T16:39:12.694+0000][4023.766s][info ][safepoint     ] Total time for which application threads were stopped: 0.0013697 seconds, Stopping threads took: 0.0005364 seconds
[2023-12-02T16:39:13.695+0000][4024.767s][debug][safepoint     ] Safepoint synchronization initiated. (208 threads)
[2023-12-02T16:39:13.695+0000][4024.768s][info ][safepoint     ] Application time: 1.0007808 seconds
[2023-12-02T16:39:13.696+0000][4024.768s][info ][safepoint     ] Entering safepoint region: Cleanup
[2023-12-02T16:39:13.696+0000][4024.769s][info ][safepoint     ] Leaving safepoint region
[2023-12-02T16:39:13.697+0000][4024.769s][info ][safepoint     ] Total time for which application threads were stopped: 0.0009852 seconds, Stopping threads took: 0.0004036 seconds
[2023-12-02T16:39:14.697+0000][4025.769s][debug][safepoint     ] Safepoint synchronization initiated. (208 threads)
[2023-12-02T16:39:14.698+0000][4025.770s][info ][safepoint     ] Application time: 1.0006864 seconds
[2023-12-02T16:39:14.698+0000][4025.770s][info ][safepoint     ] Entering safepoint region: Cleanup
[2023-12-02T16:39:14.699+0000][4025.771s][info ][safepoint     ] Leaving safepoint region
[2023-12-02T16:39:14.699+0000][4025.771s][info ][safepoint     ] Total time for which application threads were stopped: 0.0010237 seconds, Stopping threads took: 0.0004664 seconds
[2023-12-02T16:39:15.699+0000][4026.772s][debug][safepoint     ] Safepoint synchronization initiated. (208 threads)
[2023-12-02T16:39:15.700+0000][4026.772s][info ][safepoint     ] Application time: 1.0007336 seconds
[2023-12-02T16:39:15.700+0000][4026.773s][info ][safepoint     ] Entering safepoint region: Cleanup
[2023-12-02T16:39:15.701+0000][4026.774s][info ][safepoint     ] Leaving safepoint region
[2023-12-02T16:39:15.702+0000][4026.774s][info ][safepoint     ] Total time for which application threads were stopped: 0.0011617 seconds, Stopping threads took: 0.0004642 seconds
[2023-12-02T16:39:16.702+0000][4027.775s][debug][safepoint     ] Safepoint synchronization initiated. (208 threads)
[2023-12-02T16:39:16.703+0000][4027.775s][info ][safepoint     ] Application time: 1.0007638 seconds
[2023-12-02T16:39:16.703+0000][4027.776s][info ][safepoint     ] Entering safepoint region: Cleanup
[2023-12-02T16:39:16.704+0000][4027.776s][info ][safepoint     ] Leaving safepoint region
[2023-12-02T16:39:16.704+0000][4027.777s][info ][safepoint     ] Total time for which application threads were stopped: 0.0010903 seconds, Stopping threads took: 0.0005458 seconds
[2023-12-02T16:39:17.705+0000][4028.777s][debug][safepoint     ] Safepoint synchronization initiated. (208 threads)
[2023-12-02T16:39:17.705+0000][4028.778s][info ][safepoint     ] Application time: 1.0006304 seconds
[2023-12-02T16:39:17.706+0000][4028.779s][info ][safepoint     ] Entering safepoint region: Cleanup
[2023-12-02T16:39:17.707+0000][4028.780s][info ][safepoint     ] Leaving safepoint region
[2023-12-02T16:39:17.708+0000][4028.780s][info ][safepoint     ] Total time for which application threads were stopped: 0.0019160 seconds, Stopping threads took: 0.0014454 seconds
[2023-12-02T16:39:18.708+0000][4029.781s][debug][safepoint     ] Safepoint synchronization initiated. (208 threads)
[2023-12-02T16:39:18.709+0000][4029.781s][info ][safepoint     ] Application time: 1.0009109 seconds
[2023-12-02T16:39:18.709+0000][4029.782s][info ][safepoint     ] Entering safepoint region: Cleanup
[2023-12-02T16:39:18.710+0000][4029.782s][info ][safepoint     ] Leaving safepoint region
[2023-12-02T16:39:18.710+0000][4029.783s][info ][safepoint     ] Total time for which application threads were stopped: 0.0012298 seconds, Stopping threads took: 0.0004445 seconds
[2023-12-02T16:39:19.711+0000][4030.783s][debug][safepoint     ] Safepoint synchronization initiated. (208 threads)
[2023-12-02T16:39:19.712+0000][4030.784s][info ][safepoint     ] Application time: 1.0007338 seconds
[2023-12-02T16:39:19.713+0000][4030.785s][info ][safepoint     ] Entering safepoint region: Cleanup
[2023-12-02T16:39:19.714+0000][4030.787s][info ][safepoint     ] Leaving safepoint region
[2023-12-02T16:39:19.714+0000][4030.787s][info ][safepoint     ] Total time for which application threads were stopped: 0.0023734 seconds, Stopping threads took: 0.0017020 seconds
[2023-12-02T16:39:20.715+0000][4031.787s][debug][safepoint     ] Safepoint synchronization initiated. (208 threads)
